[2020-12-15T00:01:45.192-0500][gc,task        ] GC(7552) Using 5 workers of 8 for full compaction
[2020-12-15T00:01:45.192-0500][gc,start       ] GC(7552) Pause Full (System.gc())
[2020-12-15T00:01:45.192-0500][gc,heap        ] GC(7552) Heap before GC invocations=7552 (full 1529): garbage-first heap   total 63488K, used 50856K [0x0000000083000000, 0x0000000100000000)
[2020-12-15T00:01:45.192-0500][gc,heap        ] GC(7552)   region size 1024K, 10 young (10240K), 1 survivors (1024K)
[2020-12-15T00:01:45.192-0500][gc,heap        ] GC(7552)  Metaspace       used 48708K, capacity 50558K, committed 52992K, reserved 1093632K
[2020-12-15T00:01:45.192-0500][gc,heap        ] GC(7552)   class space    used 7296K, capacity 7963K, committed 8704K, reserved 1048576K
[2020-12-15T00:01:45.196-0500][gc,phases,start] GC(7552) Phase 1: Mark live objects
[2020-12-15T00:01:45.235-0500][gc,stringtable ] GC(7552) Cleaned string and symbol table, strings: 31790 processed, 0 removed, symbols: 119634 processed, 0 removed
[2020-12-15T00:01:45.235-0500][gc,phases      ] GC(7552) Phase 1: Mark live objects 39.435ms
[2020-12-15T00:01:45.235-0500][gc,phases,start] GC(7552) Phase 2: Prepare for compaction
[2020-12-15T00:01:45.240-0500][gc,phases      ] GC(7552) Phase 2: Prepare for compaction 4.885ms
[2020-12-15T00:01:45.240-0500][gc,phases,start] GC(7552) Phase 3: Adjust pointers
[2020-12-15T00:01:45.252-0500][gc,phases      ] GC(7552) Phase 3: Adjust pointers 11.431ms
[2020-12-15T00:01:45.252-0500][gc,phases,start] GC(7552) Phase 4: Compact heap
[2020-12-15T00:01:45.254-0500][gc,phases      ] GC(7552) Phase 4: Compact heap 2.578ms
[2020-12-15T00:01:45.259-0500][gc,heap        ] GC(7552) Eden regions: 9->0(9)
[2020-12-15T00:01:45.259-0500][gc,heap        ] GC(7552) Survivor regions: 1->0(2)
[2020-12-15T00:01:45.259-0500][gc,heap        ] GC(7552) Old regions: 40->41
[2020-12-15T00:01:45.259-0500][gc,heap        ] GC(7552) Humongous regions: 4->4
[2020-12-15T00:01:45.259-0500][gc,metaspace   ] GC(7552) Metaspace: 48708K->48708K(1093632K)
[2020-12-15T00:01:45.259-0500][gc,heap        ] GC(7552) Heap after GC invocations=7553 (full 1530): garbage-first heap   total 63488K, used 42584K [0x0000000083000000, 0x0000000100000000)
[2020-12-15T00:01:45.259-0500][gc,heap        ] GC(7552)   region size 1024K, 0 young (0K), 0 survivors (0K)
[2020-12-15T00:01:45.259-0500][gc,heap        ] GC(7552)  Metaspace       used 48708K, capacity 50558K, committed 52992K, reserved 1093632K
[2020-12-15T00:01:45.259-0500][gc,heap        ] GC(7552)   class space    used 7296K, capacity 7963K, committed 8704K, reserved 1048576K
[2020-12-15T00:01:45.260-0500][gc             ] GC(7552) Pause Full (System.gc()) 50M->41M(62M) 67.132ms
[2020-12-15T00:01:45.260-0500][gc,cpu         ] GC(7552) User=0.28s Sys=0.00s Real=0.07s
[2020-12-15T00:04:06.020-0500][gc,heap        ] GC(7553) Heap before GC invocations=7553 (full 1530): garbage-first heap   total 63488K, used 50776K [0x0000000083000000, 0x0000000100000000)
[2020-12-15T00:04:06.020-0500][gc,heap        ] GC(7553)   region size 1024K, 9 young (9216K), 0 survivors (0K)
[2020-12-15T00:04:06.021-0500][gc,heap        ] GC(7553)  Metaspace       used 48708K, capacity 50558K, committed 52992K, reserved 1093632K
[2020-12-15T00:04:06.021-0500][gc,heap        ] GC(7553)   class space    used 7296K, capacity 7963K, committed 8704K, reserved 1048576K
[2020-12-15T00:04:06.021-0500][gc,start       ] GC(7553) Pause Young (Normal) (G1 Evacuation Pause)
[2020-12-15T00:04:06.021-0500][gc,task        ] GC(7553) Using 8 workers of 8 for evacuation
[2020-12-15T00:04:06.025-0500][gc,phases      ] GC(7553)   Pre Evacuate Collection Set: 0.0ms
[2020-12-15T00:04:06.025-0500][gc,phases      ] GC(7553)   Evacuate Collection Set: 1.4ms
[2020-12-15T00:04:06.025-0500][gc,phases      ] GC(7553)   Post Evacuate Collection Set: 2.7ms
[2020-12-15T00:04:06.025-0500][gc,phases      ] GC(7553)   Other: 0.8ms
[2020-12-15T00:04:06.025-0500][gc,heap        ] GC(7553) Eden regions: 9->0(8)
[2020-12-15T00:04:06.025-0500][gc,heap        ] GC(7553) Survivor regions: 0->1(2)
[2020-12-15T00:04:06.025-0500][gc,heap        ] GC(7553) Old regions: 41->41
[2020-12-15T00:04:06.025-0500][gc,heap        ] GC(7553) Humongous regions: 4->4
[2020-12-15T00:04:06.025-0500][gc,metaspace   ] GC(7553) Metaspace: 48708K->48708K(1093632K)
[2020-12-15T00:04:06.025-0500][gc,heap        ] GC(7553) Heap after GC invocations=7554 (full 1530): garbage-first heap   total 63488K, used 42648K [0x0000000083000000, 0x0000000100000000)
[2020-12-15T00:04:06.026-0500][gc,heap        ] GC(7553)   region size 1024K, 1 young (1024K), 1 survivors (1024K)
[2020-12-15T00:04:06.026-0500][gc,heap        ] GC(7553)  Metaspace       used 48708K, capacity 50558K, committed 52992K, reserved 1093632K
[2020-12-15T00:04:06.026-0500][gc,heap        ] GC(7553)   class space    used 7296K, capacity 7963K, committed 8704K, reserved 1048576K
[2020-12-15T00:04:06.026-0500][gc             ] GC(7553) Pause Young (Normal) (G1 Evacuation Pause) 50M->41M(62M) 4.813ms
[2020-12-15T00:04:06.026-0500][gc,cpu         ] GC(7553) User=0.02s Sys=0.00s Real=0.00s
[2020-12-15T00:06:16.020-0500][gc,heap        ] GC(7554) Heap before GC invocations=7554 (full 1530): garbage-first heap   total 63488K, used 50840K [0x0000000083000000, 0x0000000100000000)
[2020-12-15T00:06:16.020-0500][gc,heap        ] GC(7554)   region size 1024K, 9 young (9216K), 1 survivors (1024K)
[2020-12-15T00:06:16.020-0500][gc,heap        ] GC(7554)  Metaspace       used 48708K, capacity 50558K, committed 52992K, reserved 1093632K
[2020-12-15T00:06:16.020-0500][gc,heap        ] GC(7554)   class space    used 7296K, capacity 7963K, committed 8704K, reserved 1048576K
[2020-12-15T00:06:16.020-0500][gc,start       ] GC(7554) Pause Young (Normal) (G1 Evacuation Pause)
[2020-12-15T00:06:16.020-0500][gc,task        ] GC(7554) Using 8 workers of 8 for evacuation
[2020-12-15T00:06:16.026-0500][gc,phases      ] GC(7554)   Pre Evacuate Collection Set: 0.1ms
[2020-12-15T00:06:16.026-0500][gc,phases      ] GC(7554)   Evacuate Collection Set: 2.3ms
[2020-12-15T00:06:16.026-0500][gc,phases      ] GC(7554)   Post Evacuate Collection Set: 3.5ms
[2020-12-15T00:06:16.026-0500][gc,phases      ] GC(7554)   Other: 0.5ms
[2020-12-15T00:06:16.026-0500][gc,heap        ] GC(7554) Eden regions: 8->0(8)
[2020-12-15T00:06:16.026-0500][gc,heap        ] GC(7554) Survivor regions: 1->1(2)
[2020-12-15T00:06:16.026-0500][gc,heap        ] GC(7554) Old regions: 41->41
[2020-12-15T00:06:16.026-0500][gc,heap        ] GC(7554) Humongous regions: 4->4
[2020-12-15T00:06:16.026-0500][gc,metaspace   ] GC(7554) Metaspace: 48708K->48708K(1093632K)
[2020-12-15T00:06:16.026-0500][gc,heap        ] GC(7554) Heap after GC invocations=7555 (full 1530): garbage-first heap   total 63488K, used 42647K [0x0000000083000000, 0x0000000100000000)
[2020-12-15T00:06:16.026-0500][gc,heap        ] GC(7554)   region size 1024K, 1 young (1024K), 1 survivors (1024K)
[2020-12-15T00:06:16.026-0500][gc,heap        ] GC(7554)  Metaspace       used 48708K, capacity 50558K, committed 52992K, reserved 1093632K
[2020-12-15T00:06:16.026-0500][gc,heap        ] GC(7554)   class space    used 7296K, capacity 7963K, committed 8704K, reserved 1048576K
[2020-12-15T00:06:16.026-0500][gc             ] GC(7554) Pause Young (Normal) (G1 Evacuation Pause) 49M->41M(62M) 6.614ms
[2020-12-15T00:06:16.027-0500][gc,cpu         ] GC(7554) User=0.02s Sys=0.00s Real=0.00s
[2020-12-15T00:06:45.189-0500][gc,task        ] GC(7555) Using 5 workers of 8 for full compaction
[2020-12-15T00:06:45.190-0500][gc,start       ] GC(7555) Pause Full (System.gc())
[2020-12-15T00:06:45.190-0500][gc,heap        ] GC(7555) Heap before GC invocations=7555 (full 1530): garbage-first heap   total 63488K, used 43671K [0x0000000083000000, 0x0000000100000000)
[2020-12-15T00:06:45.190-0500][gc,heap        ] GC(7555)   region size 1024K, 3 young (3072K), 1 survivors (1024K)
[2020-12-15T00:06:45.190-0500][gc,heap        ] GC(7555)  Metaspace       used 48708K, capacity 50558K, committed 52992K, reserved 1093632K
[2020-12-15T00:06:45.190-0500][gc,heap        ] GC(7555)   class space    used 7296K, capacity 7963K, committed 8704K, reserved 1048576K
[2020-12-15T00:06:45.191-0500][gc,phases,start] GC(7555) Phase 1: Mark live objects
[2020-12-15T00:06:45.232-0500][gc,stringtable ] GC(7555) Cleaned string and symbol table, strings: 31790 processed, 0 removed, symbols: 119634 processed, 0 removed
[2020-12-15T00:06:45.232-0500][gc,phases      ] GC(7555) Phase 1: Mark live objects 41.532ms
[2020-12-15T00:06:45.232-0500][gc,phases,start] GC(7555) Phase 2: Prepare for compaction
[2020-12-15T00:06:45.236-0500][gc,phases      ] GC(7555) Phase 2: Prepare for compaction 3.764ms
[2020-12-15T00:06:45.236-0500][gc,phases,start] GC(7555) Phase 3: Adjust pointers
[2020-12-15T00:06:45.246-0500][gc,phases      ] GC(7555) Phase 3: Adjust pointers 9.767ms
[2020-12-15T00:06:45.246-0500][gc,phases,start] GC(7555) Phase 4: Compact heap
[2020-12-15T00:06:45.248-0500][gc,phases      ] GC(7555) Phase 4: Compact heap 2.559ms
[2020-12-15T00:06:45.254-0500][gc,heap        ] GC(7555) Eden regions: 2->0(9)
[2020-12-15T00:06:45.254-0500][gc,heap        ] GC(7555) Survivor regions: 1->0(2)
[2020-12-15T00:06:45.254-0500][gc,heap        ] GC(7555) Old regions: 41->41
[2020-12-15T00:06:45.254-0500][gc,heap        ] GC(7555) Humongous regions: 4->4
[2020-12-15T00:06:45.254-0500][gc,metaspace   ] GC(7555) Metaspace: 48708K->48708K(1093632K)
[2020-12-15T00:06:45.254-0500][gc,heap        ] GC(7555) Heap after GC invocations=7556 (full 1531): garbage-first heap   total 63488K, used 42550K [0x0000000083000000, 0x0000000100000000)
[2020-12-15T00:06:45.254-0500][gc,heap        ] GC(7555)   region size 1024K, 0 young (0K), 0 survivors (0K)
[2020-12-15T00:06:45.254-0500][gc,heap        ] GC(7555)  Metaspace       used 48708K, capacity 50558K, committed 52992K, reserved 1093632K
[2020-12-15T00:06:45.254-0500][gc,heap        ] GC(7555)   class space    used 7296K, capacity 7963K, committed 8704K, reserved 1048576K
[2020-12-15T00:06:45.254-0500][gc             ] GC(7555) Pause Full (System.gc()) 43M->41M(62M) 64.304ms
[2020-12-15T00:06:45.254-0500][gc,cpu         ] GC(7555) User=0.27s Sys=0.00s Real=0.06s
[2020-12-15T00:08:56.020-0500][gc,heap        ] GC(7556) Heap before GC invocations=7556 (full 1531): garbage-first heap   total 63488K, used 50742K [0x0000000083000000, 0x0000000100000000)
[2020-12-15T00:08:56.020-0500][gc,heap        ] GC(7556)   region size 1024K, 9 young (9216K), 0 survivors (0K)
[2020-12-15T00:08:56.021-0500][gc,heap        ] GC(7556)  Metaspace       used 48713K, capacity 50558K, committed 52992K, reserved 1093632K
[2020-12-15T00:08:56.021-0500][gc,heap        ] GC(7556)   class space    used 7296K, capacity 7963K, committed 8704K, reserved 1048576K
[2020-12-15T00:08:56.021-0500][gc,start       ] GC(7556) Pause Young (Normal) (G1 Evacuation Pause)
[2020-12-15T00:08:56.021-0500][gc,task        ] GC(7556) Using 8 workers of 8 for evacuation
[2020-12-15T00:08:56.025-0500][gc,phases      ] GC(7556)   Pre Evacuate Collection Set: 0.0ms
[2020-12-15T00:08:56.025-0500][gc,phases      ] GC(7556)   Evacuate Collection Set: 1.7ms
[2020-12-15T00:08:56.025-0500][gc,phases      ] GC(7556)   Post Evacuate Collection Set: 2.6ms
[2020-12-15T00:08:56.025-0500][gc,phases      ] GC(7556)   Other: 0.4ms
[2020-12-15T00:08:56.025-0500][gc,heap        ] GC(7556) Eden regions: 9->0(8)
[2020-12-15T00:08:56.025-0500][gc,heap        ] GC(7556) Survivor regions: 0->1(2)
[2020-12-15T00:08:56.025-0500][gc,heap        ] GC(7556) Old regions: 41->41
[2020-12-15T00:08:56.025-0500][gc,heap        ] GC(7556) Humongous regions: 4->4
[2020-12-15T00:08:56.025-0500][gc,metaspace   ] GC(7556) Metaspace: 48713K->48713K(1093632K)
[2020-12-15T00:08:56.025-0500][gc,heap        ] GC(7556) Heap after GC invocations=7557 (full 1531): garbage-first heap   total 63488K, used 42623K [0x0000000083000000, 0x0000000100000000)
[2020-12-15T00:08:56.025-0500][gc,heap        ] GC(7556)   region size 1024K, 1 young (1024K), 1 survivors (1024K)
[2020-12-15T00:08:56.025-0500][gc,heap        ] GC(7556)  Metaspace       used 48713K, capacity 50558K, committed 52992K, reserved 1093632K
[2020-12-15T00:08:56.026-0500][gc,heap        ] GC(7556)   class space    used 7296K, capacity 7963K, committed 8704K, reserved 1048576K
[2020-12-15T00:08:56.026-0500][gc             ] GC(7556) Pause Young (Normal) (G1 Evacuation Pause) 50M->41M(62M) 4.982ms
[2020-12-15T00:08:56.026-0500][gc,cpu         ] GC(7556) User=0.01s Sys=0.01s Real=0.00s
[2020-12-15T00:10:56.019-0500][gc,heap        ] GC(7557) Heap before GC invocations=7557 (full 1531): garbage-first heap   total 63488K, used 49791K [0x0000000083000000, 0x0000000100000000)
[2020-12-15T00:10:56.019-0500][gc,heap        ] GC(7557)   region size 1024K, 9 young (9216K), 1 survivors (1024K)
[2020-12-15T00:10:56.019-0500][gc,heap        ] GC(7557)  Metaspace       used 48714K, capacity 50558K, committed 52992K, reserved 1093632K
[2020-12-15T00:10:56.019-0500][gc,heap        ] GC(7557)   class space    used 7296K, capacity 7963K, committed 8704K, reserved 1048576K
[2020-12-15T00:10:56.019-0500][gc,start       ] GC(7557) Pause Young (Normal) (G1 Evacuation Pause)
[2020-12-15T00:10:56.019-0500][gc,task        ] GC(7557) Using 8 workers of 8 for evacuation
[2020-12-15T00:10:56.024-0500][gc,phases      ] GC(7557)   Pre Evacuate Collection Set: 0.0ms
[2020-12-15T00:10:56.024-0500][gc,phases      ] GC(7557)   Evacuate Collection Set: 1.3ms
[2020-12-15T00:10:56.024-0500][gc,phases      ] GC(7557)   Post Evacuate Collection Set: 2.9ms
[2020-12-15T00:10:56.024-0500][gc,phases      ] GC(7557)   Other: 0.5ms
[2020-12-15T00:10:56.024-0500][gc,heap        ] GC(7557) Eden regions: 8->0(8)
[2020-12-15T00:10:56.024-0500][gc,heap        ] GC(7557) Survivor regions: 1->1(2)
[2020-12-15T00:10:56.024-0500][gc,heap        ] GC(7557) Old regions: 41->41
[2020-12-15T00:10:56.024-0500][gc,heap        ] GC(7557) Humongous regions: 4->4
[2020-12-15T00:10:56.024-0500][gc,metaspace   ] GC(7557) Metaspace: 48714K->48714K(1093632K)
[2020-12-15T00:10:56.024-0500][gc,heap        ] GC(7557) Heap after GC invocations=7558 (full 1531): garbage-first heap   total 63488K, used 42618K [0x0000000083000000, 0x0000000100000000)
[2020-12-15T00:10:56.024-0500][gc,heap        ] GC(7557)   region size 1024K, 1 young (1024K), 1 survivors (1024K)
[2020-12-15T00:10:56.024-0500][gc,heap        ] GC(7557)  Metaspace       used 48714K, capacity 50558K, committed 52992K, reserved 1093632K
[2020-12-15T00:10:56.024-0500][gc,heap        ] GC(7557)   class space    used 7296K, capacity 7963K, committed 8704K, reserved 1048576K
[2020-12-15T00:10:56.024-0500][gc             ] GC(7557) Pause Young (Normal) (G1 Evacuation Pause) 49M->41M(62M) 4.999ms
[2020-12-15T00:10:56.025-0500][gc,cpu         ] GC(7557) User=0.01s Sys=0.01s Real=0.00s
[2020-12-15T00:11:45.192-0500][gc,task        ] GC(7558) Using 5 workers of 8 for full compaction
[2020-12-15T00:11:45.192-0500][gc,start       ] GC(7558) Pause Full (System.gc())
[2020-12-15T00:11:45.193-0500][gc,heap        ] GC(7558) Heap before GC invocations=7558 (full 1531): garbage-first heap   total 63488K, used 44666K [0x0000000083000000, 0x0000000100000000)
[2020-12-15T00:11:45.193-0500][gc,heap        ] GC(7558)   region size 1024K, 4 young (4096K), 1 survivors (1024K)
[2020-12-15T00:11:45.193-0500][gc,heap        ] GC(7558)  Metaspace       used 48714K, capacity 50558K, committed 52992K, reserved 1093632K
[2020-12-15T00:11:45.193-0500][gc,heap        ] GC(7558)   class space    used 7296K, capacity 7963K, committed 8704K, reserved 1048576K
[2020-12-15T00:11:45.193-0500][gc,phases,start] GC(7558) Phase 1: Mark live objects
[2020-12-15T00:11:45.232-0500][gc,stringtable ] GC(7558) Cleaned string and symbol table, strings: 31790 processed, 0 removed, symbols: 119634 processed, 0 removed
[2020-12-15T00:11:45.232-0500][gc,phases      ] GC(7558) Phase 1: Mark live objects 38.849ms
[2020-12-15T00:11:45.232-0500][gc,phases,start] GC(7558) Phase 2: Prepare for compaction
[2020-12-15T00:11:45.235-0500][gc,phases      ] GC(7558) Phase 2: Prepare for compaction 3.168ms
[2020-12-15T00:11:45.235-0500][gc,phases,start] GC(7558) Phase 3: Adjust pointers
[2020-12-15T00:11:45.245-0500][gc,phases      ] GC(7558) Phase 3: Adjust pointers 9.597ms
[2020-12-15T00:11:45.245-0500][gc,phases,start] GC(7558) Phase 4: Compact heap
[2020-12-15T00:11:45.248-0500][gc,phases      ] GC(7558) Phase 4: Compact heap 2.761ms
[2020-12-15T00:11:45.253-0500][gc,heap        ] GC(7558) Eden regions: 3->0(10)
[2020-12-15T00:11:45.253-0500][gc,heap        ] GC(7558) Survivor regions: 1->0(2)
[2020-12-15T00:11:45.253-0500][gc,heap        ] GC(7558) Old regions: 41->40
[2020-12-15T00:11:45.253-0500][gc,heap        ] GC(7558) Humongous regions: 4->4
[2020-12-15T00:11:45.253-0500][gc,metaspace   ] GC(7558) Metaspace: 48714K->48714K(1093632K)
[2020-12-15T00:11:45.253-0500][gc,heap        ] GC(7558) Heap after GC invocations=7559 (full 1532): garbage-first heap   total 63488K, used 42571K [0x0000000083000000, 0x0000000100000000)
[2020-12-15T00:11:45.253-0500][gc,heap        ] GC(7558)   region size 1024K, 0 young (0K), 0 survivors (0K)
[2020-12-15T00:11:45.253-0500][gc,heap        ] GC(7558)  Metaspace       used 48714K, capacity 50558K, committed 52992K, reserved 1093632K
[2020-12-15T00:11:45.253-0500][gc,heap        ] GC(7558)   class space    used 7296K, capacity 7963K, committed 8704K, reserved 1048576K
[2020-12-15T00:11:45.253-0500][gc             ] GC(7558) Pause Full (System.gc()) 44M->41M(62M) 60.892ms
[2020-12-15T00:11:45.253-0500][gc,cpu         ] GC(7558) User=0.25s Sys=0.00s Real=0.06s
[2020-12-15T00:14:26.012-0500][gc,heap        ] GC(7559) Heap before GC invocations=7559 (full 1532): garbage-first heap   total 63488K, used 51787K [0x0000000083000000, 0x0000000100000000)
[2020-12-15T00:14:26.012-0500][gc,heap        ] GC(7559)   region size 1024K, 10 young (10240K), 0 survivors (0K)
[2020-12-15T00:14:26.012-0500][gc,heap        ] GC(7559)  Metaspace       used 48714K, capacity 50558K, committed 52992K, reserved 1093632K
[2020-12-15T00:14:26.012-0500][gc,heap        ] GC(7559)   class space    used 7296K, capacity 7963K, committed 8704K, reserved 1048576K
[2020-12-15T00:14:26.013-0500][gc,start       ] GC(7559) Pause Young (Normal) (G1 Evacuation Pause)
[2020-12-15T00:14:26.013-0500][gc,task        ] GC(7559) Using 8 workers of 8 for evacuation
[2020-12-15T00:14:26.015-0500][gc,phases      ] GC(7559)   Pre Evacuate Collection Set: 0.0ms
[2020-12-15T00:14:26.015-0500][gc,phases      ] GC(7559)   Evacuate Collection Set: 0.7ms
[2020-12-15T00:14:26.015-0500][gc,phases      ] GC(7559)   Post Evacuate Collection Set: 1.3ms
[2020-12-15T00:14:26.015-0500][gc,phases      ] GC(7559)   Other: 1.0ms
[2020-12-15T00:14:26.015-0500][gc,heap        ] GC(7559) Eden regions: 10->0(9)
[2020-12-15T00:14:26.015-0500][gc,heap        ] GC(7559) Survivor regions: 0->1(2)
[2020-12-15T00:14:26.015-0500][gc,heap        ] GC(7559) Old regions: 40->40
[2020-12-15T00:14:26.015-0500][gc,heap        ] GC(7559) Humongous regions: 4->4
[2020-12-15T00:14:26.015-0500][gc,metaspace   ] GC(7559) Metaspace: 48714K->48714K(1093632K)
[2020-12-15T00:14:26.015-0500][gc,heap        ] GC(7559) Heap after GC invocations=7560 (full 1532): garbage-first heap   total 63488K, used 42661K [0x0000000083000000, 0x0000000100000000)
[2020-12-15T00:14:26.015-0500][gc,heap        ] GC(7559)   region size 1024K, 1 young (1024K), 1 survivors (1024K)
[2020-12-15T00:14:26.015-0500][gc,heap        ] GC(7559)  Metaspace       used 48714K, capacity 50558K, committed 52992K, reserved 1093632K
[2020-12-15T00:14:26.015-0500][gc,heap        ] GC(7559)   class space    used 7296K, capacity 7963K, committed 8704K, reserved 1048576K
[2020-12-15T00:14:26.016-0500][gc             ] GC(7559) Pause Young (Normal) (G1 Evacuation Pause) 51M->41M(62M) 2.999ms
[2020-12-15T00:14:26.016-0500][gc,cpu         ] GC(7559) User=0.00s Sys=0.00s Real=0.00s
[2020-12-15T00:16:45.189-0500][gc,task        ] GC(7560) Using 5 workers of 8 for full compaction
[2020-12-15T00:16:45.190-0500][gc,start       ] GC(7560) Pause Full (System.gc())
[2020-12-15T00:16:45.190-0500][gc,heap        ] GC(7560) Heap before GC invocations=7560 (full 1532): garbage-first heap   total 63488K, used 50853K [0x0000000083000000, 0x0000000100000000)
[2020-12-15T00:16:45.190-0500][gc,heap        ] GC(7560)   region size 1024K, 10 young (10240K), 1 survivors (1024K)
[2020-12-15T00:16:45.190-0500][gc,heap        ] GC(7560)  Metaspace       used 48714K, capacity 50558K, committed 52992K, reserved 1093632K
[2020-12-15T00:16:45.190-0500][gc,heap        ] GC(7560)   class space    used 7296K, capacity 7963K, committed 8704K, reserved 1048576K
[2020-12-15T00:16:45.190-0500][gc,phases,start] GC(7560) Phase 1: Mark live objects
[2020-12-15T00:16:45.232-0500][gc,stringtable ] GC(7560) Cleaned string and symbol table, strings: 31790 processed, 0 removed, symbols: 119634 processed, 0 removed
[2020-12-15T00:16:45.232-0500][gc,phases      ] GC(7560) Phase 1: Mark live objects 41.708ms
[2020-12-15T00:16:45.232-0500][gc,phases,start] GC(7560) Phase 2: Prepare for compaction
[2020-12-15T00:16:45.236-0500][gc,phases      ] GC(7560) Phase 2: Prepare for compaction 3.818ms
[2020-12-15T00:16:45.236-0500][gc,phases,start] GC(7560) Phase 3: Adjust pointers
[2020-12-15T00:16:45.246-0500][gc,phases      ] GC(7560) Phase 3: Adjust pointers 10.114ms
[2020-12-15T00:16:45.246-0500][gc,phases,start] GC(7560) Phase 4: Compact heap
[2020-12-15T00:16:45.248-0500][gc,phases      ] GC(7560) Phase 4: Compact heap 2.410ms
[2020-12-15T00:16:45.254-0500][gc,heap        ] GC(7560) Eden regions: 9->0(10)
[2020-12-15T00:16:45.254-0500][gc,heap        ] GC(7560) Survivor regions: 1->0(2)
[2020-12-15T00:16:45.254-0500][gc,heap        ] GC(7560) Old regions: 40->40
[2020-12-15T00:16:45.254-0500][gc,heap        ] GC(7560) Humongous regions: 4->4
[2020-12-15T00:16:45.254-0500][gc,metaspace   ] GC(7560) Metaspace: 48714K->48714K(1093632K)
[2020-12-15T00:16:45.254-0500][gc,heap        ] GC(7560) Heap after GC invocations=7561 (full 1533): garbage-first heap   total 63488K, used 42587K [0x0000000083000000, 0x0000000100000000)
[2020-12-15T00:16:45.254-0500][gc,heap        ] GC(7560)   region size 1024K, 0 young (0K), 0 survivors (0K)
[2020-12-15T00:16:45.254-0500][gc,heap        ] GC(7560)  Metaspace       used 48714K, capacity 50558K, committed 52992K, reserved 1093632K
[2020-12-15T00:16:45.254-0500][gc,heap        ] GC(7560)   class space    used 7296K, capacity 7963K, committed 8704K, reserved 1048576K
[2020-12-15T00:16:45.254-0500][gc             ] GC(7560) Pause Full (System.gc()) 50M->41M(62M) 64.069ms
[2020-12-15T00:16:45.254-0500][gc,cpu         ] GC(7560) User=0.24s Sys=0.04s Real=0.06s
[2020-12-15T00:19:16.018-0500][gc,heap        ] GC(7561) Heap before GC invocations=7561 (full 1533): garbage-first heap   total 63488K, used 52827K [0x0000000083000000, 0x0000000100000000)
[2020-12-15T00:19:16.018-0500][gc,heap        ] GC(7561)   region size 1024K, 10 young (10240K), 0 survivors (0K)
[2020-12-15T00:19:16.018-0500][gc,heap        ] GC(7561)  Metaspace       used 48714K, capacity 50558K, committed 52992K, reserved 1093632K
[2020-12-15T00:19:16.019-0500][gc,heap        ] GC(7561)   class space    used 7296K, capacity 7963K, committed 8704K, reserved 1048576K
[2020-12-15T00:19:16.019-0500][gc,start       ] GC(7561) Pause Young (Normal) (G1 Evacuation Pause)
[2020-12-15T00:19:16.019-0500][gc,task        ] GC(7561) Using 8 workers of 8 for evacuation
[2020-12-15T00:19:16.023-0500][gc,phases      ] GC(7561)   Pre Evacuate Collection Set: 0.0ms
[2020-12-15T00:19:16.023-0500][gc,phases      ] GC(7561)   Evacuate Collection Set: 1.7ms
[2020-12-15T00:19:16.023-0500][gc,phases      ] GC(7561)   Post Evacuate Collection Set: 2.2ms
[2020-12-15T00:19:16.023-0500][gc,phases      ] GC(7561)   Other: 0.6ms
[2020-12-15T00:19:16.023-0500][gc,heap        ] GC(7561) Eden regions: 10->0(9)
[2020-12-15T00:19:16.023-0500][gc,heap        ] GC(7561) Survivor regions: 0->1(2)
[2020-12-15T00:19:16.023-0500][gc,heap        ] GC(7561) Old regions: 40->40
[2020-12-15T00:19:16.023-0500][gc,heap        ] GC(7561) Humongous regions: 4->4
[2020-12-15T00:19:16.023-0500][gc,metaspace   ] GC(7561) Metaspace: 48714K->48714K(1093632K)
[2020-12-15T00:19:16.023-0500][gc,heap        ] GC(7561) Heap after GC invocations=7562 (full 1533): garbage-first heap   total 63488K, used 42656K [0x0000000083000000, 0x0000000100000000)
[2020-12-15T00:19:16.023-0500][gc,heap        ] GC(7561)   region size 1024K, 1 young (1024K), 1 survivors (1024K)
[2020-12-15T00:19:16.023-0500][gc,heap        ] GC(7561)  Metaspace       used 48714K, capacity 50558K, committed 52992K, reserved 1093632K
[2020-12-15T00:19:16.023-0500][gc,heap        ] GC(7561)   class space    used 7296K, capacity 7963K, committed 8704K, reserved 1048576K
[2020-12-15T00:19:16.023-0500][gc             ] GC(7561) Pause Young (Normal) (G1 Evacuation Pause) 51M->41M(62M) 4.517ms
[2020-12-15T00:19:16.023-0500][gc,cpu         ] GC(7561) User=0.01s Sys=0.01s Real=0.00s
[2020-12-15T00:21:45.190-0500][gc,task        ] GC(7562) Using 5 workers of 8 for full compaction
[2020-12-15T00:21:45.190-0500][gc,start       ] GC(7562) Pause Full (System.gc())
[2020-12-15T00:21:45.190-0500][gc,heap        ] GC(7562) Heap before GC invocations=7562 (full 1533): garbage-first heap   total 63488K, used 49824K [0x0000000083000000, 0x0000000100000000)
[2020-12-15T00:21:45.190-0500][gc,heap        ] GC(7562)   region size 1024K, 10 young (10240K), 1 survivors (1024K)
[2020-12-15T00:21:45.190-0500][gc,heap        ] GC(7562)  Metaspace       used 48714K, capacity 50558K, committed 52992K, reserved 1093632K
[2020-12-15T00:21:45.190-0500][gc,heap        ] GC(7562)   class space    used 7296K, capacity 7963K, committed 8704K, reserved 1048576K
[2020-12-15T00:21:45.190-0500][gc,phases,start] GC(7562) Phase 1: Mark live objects
[2020-12-15T00:21:45.235-0500][gc,stringtable ] GC(7562) Cleaned string and symbol table, strings: 31790 processed, 0 removed, symbols: 119634 processed, 0 removed
[2020-12-15T00:21:45.235-0500][gc,phases      ] GC(7562) Phase 1: Mark live objects 44.711ms
[2020-12-15T00:21:45.235-0500][gc,phases,start] GC(7562) Phase 2: Prepare for compaction
[2020-12-15T00:21:45.239-0500][gc,phases      ] GC(7562) Phase 2: Prepare for compaction 3.630ms
[2020-12-15T00:21:45.239-0500][gc,phases,start] GC(7562) Phase 3: Adjust pointers
[2020-12-15T00:21:45.248-0500][gc,phases      ] GC(7562) Phase 3: Adjust pointers 9.174ms
[2020-12-15T00:21:45.248-0500][gc,phases,start] GC(7562) Phase 4: Compact heap
[2020-12-15T00:21:45.251-0500][gc,phases      ] GC(7562) Phase 4: Compact heap 2.522ms
[2020-12-15T00:21:45.256-0500][gc,heap        ] GC(7562) Eden regions: 9->0(10)
[2020-12-15T00:21:45.256-0500][gc,heap        ] GC(7562) Survivor regions: 1->0(2)
[2020-12-15T00:21:45.256-0500][gc,heap        ] GC(7562) Old regions: 40->40
[2020-12-15T00:21:45.256-0500][gc,heap        ] GC(7562) Humongous regions: 4->4
[2020-12-15T00:21:45.256-0500][gc,metaspace   ] GC(7562) Metaspace: 48714K->48714K(1093632K)
[2020-12-15T00:21:45.256-0500][gc,heap        ] GC(7562) Heap after GC invocations=7563 (full 1534): garbage-first heap   total 63488K, used 42584K [0x0000000083000000, 0x0000000100000000)
[2020-12-15T00:21:45.256-0500][gc,heap        ] GC(7562)   region size 1024K, 0 young (0K), 0 survivors (0K)
[2020-12-15T00:21:45.256-0500][gc,heap        ] GC(7562)  Metaspace       used 48714K, capacity 50558K, committed 52992K, reserved 1093632K
[2020-12-15T00:21:45.256-0500][gc,heap        ] GC(7562)   class space    used 7296K, capacity 7963K, committed 8704K, reserved 1048576K
[2020-12-15T00:21:45.256-0500][gc             ] GC(7562) Pause Full (System.gc()) 50M->41M(62M) 66.091ms
[2020-12-15T00:21:45.256-0500][gc,cpu         ] GC(7562) User=0.24s Sys=0.04s Real=0.06s
[2020-12-15T00:24:26.015-0500][gc,heap        ] GC(7563) Heap before GC invocations=7563 (full 1534): garbage-first heap   total 63488K, used 51800K [0x0000000083000000, 0x0000000100000000)
[2020-12-15T00:24:26.015-0500][gc,heap        ] GC(7563)   region size 1024K, 10 young (10240K), 0 survivors (0K)
[2020-12-15T00:24:26.015-0500][gc,heap        ] GC(7563)  Metaspace       used 48714K, capacity 50558K, committed 52992K, reserved 1093632K
[2020-12-15T00:24:26.015-0500][gc,heap        ] GC(7563)   class space    used 7296K, capacity 7963K, committed 8704K, reserved 1048576K
[2020-12-15T00:24:26.016-0500][gc,start       ] GC(7563) Pause Young (Normal) (G1 Evacuation Pause)
[2020-12-15T00:24:26.016-0500][gc,task        ] GC(7563) Using 8 workers of 8 for evacuation
[2020-12-15T00:24:26.020-0500][gc,phases      ] GC(7563)   Pre Evacuate Collection Set: 0.0ms
[2020-12-15T00:24:26.020-0500][gc,phases      ] GC(7563)   Evacuate Collection Set: 1.5ms
[2020-12-15T00:24:26.020-0500][gc,phases      ] GC(7563)   Post Evacuate Collection Set: 2.2ms
[2020-12-15T00:24:26.020-0500][gc,phases      ] GC(7563)   Other: 0.6ms
[2020-12-15T00:24:26.020-0500][gc,heap        ] GC(7563) Eden regions: 10->0(9)
[2020-12-15T00:24:26.020-0500][gc,heap        ] GC(7563) Survivor regions: 0->1(2)
[2020-12-15T00:24:26.020-0500][gc,heap        ] GC(7563) Old regions: 40->40
[2020-12-15T00:24:26.020-0500][gc,heap        ] GC(7563) Humongous regions: 4->4
[2020-12-15T00:24:26.020-0500][gc,metaspace   ] GC(7563) Metaspace: 48714K->48714K(1093632K)
[2020-12-15T00:24:26.020-0500][gc,heap        ] GC(7563) Heap after GC invocations=7564 (full 1534): garbage-first heap   total 63488K, used 42649K [0x0000000083000000, 0x0000000100000000)
[2020-12-15T00:24:26.020-0500][gc,heap        ] GC(7563)   region size 1024K, 1 young (1024K), 1 survivors (1024K)
[2020-12-15T00:24:26.020-0500][gc,heap        ] GC(7563)  Metaspace       used 48714K, capacity 50558K, committed 52992K, reserved 1093632K
[2020-12-15T00:24:26.020-0500][gc,heap        ] GC(7563)   class space    used 7296K, capacity 7963K, committed 8704K, reserved 1048576K
[2020-12-15T00:24:26.020-0500][gc             ] GC(7563) Pause Young (Normal) (G1 Evacuation Pause) 51M->41M(62M) 4.589ms
[2020-12-15T00:24:26.020-0500][gc,cpu         ] GC(7563) User=0.01s Sys=0.00s Real=0.01s
[2020-12-15T00:26:45.192-0500][gc,task        ] GC(7564) Using 5 workers of 8 for full compaction
[2020-12-15T00:26:45.192-0500][gc,start       ] GC(7564) Pause Full (System.gc())
[2020-12-15T00:26:45.192-0500][gc,heap        ] GC(7564) Heap before GC invocations=7564 (full 1534): garbage-first heap   total 63488K, used 49817K [0x0000000083000000, 0x0000000100000000)
[2020-12-15T00:26:45.192-0500][gc,heap        ] GC(7564)   region size 1024K, 10 young (10240K), 1 survivors (1024K)
[2020-12-15T00:26:45.192-0500][gc,heap        ] GC(7564)  Metaspace       used 48714K, capacity 50558K, committed 52992K, reserved 1093632K
[2020-12-15T00:26:45.192-0500][gc,heap        ] GC(7564)   class space    used 7296K, capacity 7963K, committed 8704K, reserved 1048576K
[2020-12-15T00:26:45.193-0500][gc,phases,start] GC(7564) Phase 1: Mark live objects
[2020-12-15T00:26:45.234-0500][gc,stringtable ] GC(7564) Cleaned string and symbol table, strings: 31790 processed, 0 removed, symbols: 119634 processed, 0 removed
[2020-12-15T00:26:45.235-0500][gc,phases      ] GC(7564) Phase 1: Mark live objects 41.638ms
[2020-12-15T00:26:45.235-0500][gc,phases,start] GC(7564) Phase 2: Prepare for compaction
[2020-12-15T00:26:45.238-0500][gc,phases      ] GC(7564) Phase 2: Prepare for compaction 3.378ms
[2020-12-15T00:26:45.238-0500][gc,phases,start] GC(7564) Phase 3: Adjust pointers
[2020-12-15T00:26:45.249-0500][gc,phases      ] GC(7564) Phase 3: Adjust pointers 10.570ms
[2020-12-15T00:26:45.249-0500][gc,phases,start] GC(7564) Phase 4: Compact heap
[2020-12-15T00:26:45.251-0500][gc,phases      ] GC(7564) Phase 4: Compact heap 2.387ms
[2020-12-15T00:26:45.256-0500][gc,heap        ] GC(7564) Eden regions: 9->0(10)
[2020-12-15T00:26:45.256-0500][gc,heap        ] GC(7564) Survivor regions: 1->0(2)
[2020-12-15T00:26:45.256-0500][gc,heap        ] GC(7564) Old regions: 40->40
[2020-12-15T00:26:45.256-0500][gc,heap        ] GC(7564) Humongous regions: 4->4
[2020-12-15T00:26:45.256-0500][gc,metaspace   ] GC(7564) Metaspace: 48714K->48714K(1093632K)
[2020-12-15T00:26:45.256-0500][gc,heap        ] GC(7564) Heap after GC invocations=7565 (full 1535): garbage-first heap   total 63488K, used 42598K [0x0000000083000000, 0x0000000100000000)
[2020-12-15T00:26:45.256-0500][gc,heap        ] GC(7564)   region size 1024K, 0 young (0K), 0 survivors (0K)
[2020-12-15T00:26:45.257-0500][gc,heap        ] GC(7564)  Metaspace       used 48714K, capacity 50558K, committed 52992K, reserved 1093632K
[2020-12-15T00:26:45.257-0500][gc,heap        ] GC(7564)   class space    used 7296K, capacity 7963K, committed 8704K, reserved 1048576K
[2020-12-15T00:26:45.257-0500][gc             ] GC(7564) Pause Full (System.gc()) 50M->41M(62M) 64.193ms
[2020-12-15T00:26:45.257-0500][gc,cpu         ] GC(7564) User=0.28s Sys=0.00s Real=0.06s
[2020-12-15T00:29:17.078-0500][gc,heap        ] GC(7565) Heap before GC invocations=7565 (full 1535): garbage-first heap   total 63488K, used 51814K [0x0000000083000000, 0x0000000100000000)
[2020-12-15T00:29:17.078-0500][gc,heap        ] GC(7565)   region size 1024K, 10 young (10240K), 0 survivors (0K)
[2020-12-15T00:29:17.078-0500][gc,heap        ] GC(7565)  Metaspace       used 48714K, capacity 50558K, committed 52992K, reserved 1093632K
[2020-12-15T00:29:17.078-0500][gc,heap        ] GC(7565)   class space    used 7296K, capacity 7963K, committed 8704K, reserved 1048576K
[2020-12-15T00:29:17.078-0500][gc,start       ] GC(7565) Pause Young (Normal) (G1 Evacuation Pause)
[2020-12-15T00:29:17.078-0500][gc,task        ] GC(7565) Using 8 workers of 8 for evacuation
[2020-12-15T00:29:17.082-0500][gc,phases      ] GC(7565)   Pre Evacuate Collection Set: 0.0ms
[2020-12-15T00:29:17.082-0500][gc,phases      ] GC(7565)   Evacuate Collection Set: 1.2ms
[2020-12-15T00:29:17.082-0500][gc,phases      ] GC(7565)   Post Evacuate Collection Set: 2.4ms
[2020-12-15T00:29:17.082-0500][gc,phases      ] GC(7565)   Other: 0.4ms
[2020-12-15T00:29:17.082-0500][gc,heap        ] GC(7565) Eden regions: 10->0(9)
[2020-12-15T00:29:17.082-0500][gc,heap        ] GC(7565) Survivor regions: 0->1(2)
[2020-12-15T00:29:17.082-0500][gc,heap        ] GC(7565) Old regions: 40->40
[2020-12-15T00:29:17.082-0500][gc,heap        ] GC(7565) Humongous regions: 4->4
[2020-12-15T00:29:17.082-0500][gc,metaspace   ] GC(7565) Metaspace: 48714K->48714K(1093632K)
[2020-12-15T00:29:17.082-0500][gc,heap        ] GC(7565) Heap after GC invocations=7566 (full 1535): garbage-first heap   total 63488K, used 42675K [0x0000000083000000, 0x0000000100000000)
[2020-12-15T00:29:17.082-0500][gc,heap        ] GC(7565)   region size 1024K, 1 young (1024K), 1 survivors (1024K)
[2020-12-15T00:29:17.082-0500][gc,heap        ] GC(7565)  Metaspace       used 48714K, capacity 50558K, committed 52992K, reserved 1093632K
[2020-12-15T00:29:17.082-0500][gc,heap        ] GC(7565)   class space    used 7296K, capacity 7963K, committed 8704K, reserved 1048576K
[2020-12-15T00:29:17.082-0500][gc             ] GC(7565) Pause Young (Normal) (G1 Evacuation Pause) 51M->41M(62M) 4.289ms
[2020-12-15T00:29:17.082-0500][gc,cpu         ] GC(7565) User=0.01s Sys=0.01s Real=0.00s
[2020-12-15T00:31:45.192-0500][gc,task        ] GC(7566) Using 5 workers of 8 for full compaction
[2020-12-15T00:31:45.192-0500][gc,start       ] GC(7566) Pause Full (System.gc())
[2020-12-15T00:31:45.192-0500][gc,heap        ] GC(7566) Heap before GC invocations=7566 (full 1535): garbage-first heap   total 63488K, used 50867K [0x0000000083000000, 0x0000000100000000)
[2020-12-15T00:31:45.192-0500][gc,heap        ] GC(7566)   region size 1024K, 10 young (10240K), 1 survivors (1024K)
[2020-12-15T00:31:45.192-0500][gc,heap        ] GC(7566)  Metaspace       used 48714K, capacity 50558K, committed 52992K, reserved 1093632K
[2020-12-15T00:31:45.192-0500][gc,heap        ] GC(7566)   class space    used 7296K, capacity 7963K, committed 8704K, reserved 1048576K
[2020-12-15T00:31:45.193-0500][gc,phases,start] GC(7566) Phase 1: Mark live objects
[2020-12-15T00:31:45.237-0500][gc,stringtable ] GC(7566) Cleaned string and symbol table, strings: 31790 processed, 0 removed, symbols: 119634 processed, 0 removed
[2020-12-15T00:31:45.237-0500][gc,phases      ] GC(7566) Phase 1: Mark live objects 44.341ms
[2020-12-15T00:31:45.237-0500][gc,phases,start] GC(7566) Phase 2: Prepare for compaction
[2020-12-15T00:31:45.240-0500][gc,phases      ] GC(7566) Phase 2: Prepare for compaction 3.080ms
[2020-12-15T00:31:45.240-0500][gc,phases,start] GC(7566) Phase 3: Adjust pointers
[2020-12-15T00:31:45.250-0500][gc,phases      ] GC(7566) Phase 3: Adjust pointers 9.769ms
[2020-12-15T00:31:45.250-0500][gc,phases,start] GC(7566) Phase 4: Compact heap
[2020-12-15T00:31:45.252-0500][gc,phases      ] GC(7566) Phase 4: Compact heap 2.182ms
[2020-12-15T00:31:45.258-0500][gc,heap        ] GC(7566) Eden regions: 9->0(9)
[2020-12-15T00:31:45.258-0500][gc,heap        ] GC(7566) Survivor regions: 1->0(2)
[2020-12-15T00:31:45.258-0500][gc,heap        ] GC(7566) Old regions: 40->41
[2020-12-15T00:31:45.258-0500][gc,heap        ] GC(7566) Humongous regions: 4->4
[2020-12-15T00:31:45.258-0500][gc,metaspace   ] GC(7566) Metaspace: 48714K->48714K(1093632K)
[2020-12-15T00:31:45.258-0500][gc,heap        ] GC(7566) Heap after GC invocations=7567 (full 1536): garbage-first heap   total 63488K, used 42586K [0x0000000083000000, 0x0000000100000000)
[2020-12-15T00:31:45.258-0500][gc,heap        ] GC(7566)   region size 1024K, 0 young (0K), 0 survivors (0K)
[2020-12-15T00:31:45.258-0500][gc,heap        ] GC(7566)  Metaspace       used 48714K, capacity 50558K, committed 52992K, reserved 1093632K
[2020-12-15T00:31:45.258-0500][gc,heap        ] GC(7566)   class space    used 7296K, capacity 7963K, committed 8704K, reserved 1048576K
[2020-12-15T00:31:45.258-0500][gc             ] GC(7566) Pause Full (System.gc()) 50M->41M(62M) 65.570ms
[2020-12-15T00:31:45.258-0500][gc,cpu         ] GC(7566) User=0.29s Sys=0.00s Real=0.07s
[2020-12-15T00:34:06.016-0500][gc,heap        ] GC(7567) Heap before GC invocations=7567 (full 1536): garbage-first heap   total 63488K, used 50778K [0x0000000083000000, 0x0000000100000000)
[2020-12-15T00:34:06.016-0500][gc,heap        ] GC(7567)   region size 1024K, 9 young (9216K), 0 survivors (0K)
[2020-12-15T00:34:06.016-0500][gc,heap        ] GC(7567)  Metaspace       used 48714K, capacity 50558K, committed 52992K, reserved 1093632K
[2020-12-15T00:34:06.016-0500][gc,heap        ] GC(7567)   class space    used 7296K, capacity 7963K, committed 8704K, reserved 1048576K
[2020-12-15T00:34:06.016-0500][gc,start       ] GC(7567) Pause Young (Normal) (G1 Evacuation Pause)
[2020-12-15T00:34:06.016-0500][gc,task        ] GC(7567) Using 8 workers of 8 for evacuation
[2020-12-15T00:34:06.020-0500][gc,phases      ] GC(7567)   Pre Evacuate Collection Set: 0.0ms
[2020-12-15T00:34:06.020-0500][gc,phases      ] GC(7567)   Evacuate Collection Set: 1.8ms
[2020-12-15T00:34:06.020-0500][gc,phases      ] GC(7567)   Post Evacuate Collection Set: 2.3ms
[2020-12-15T00:34:06.020-0500][gc,phases      ] GC(7567)   Other: 0.4ms
[2020-12-15T00:34:06.020-0500][gc,heap        ] GC(7567) Eden regions: 9->0(8)
[2020-12-15T00:34:06.020-0500][gc,heap        ] GC(7567) Survivor regions: 0->1(2)
[2020-12-15T00:34:06.020-0500][gc,heap        ] GC(7567) Old regions: 41->41
[2020-12-15T00:34:06.020-0500][gc,heap        ] GC(7567) Humongous regions: 4->4
[2020-12-15T00:34:06.020-0500][gc,metaspace   ] GC(7567) Metaspace: 48714K->48714K(1093632K)
[2020-12-15T00:34:06.020-0500][gc,heap        ] GC(7567) Heap after GC invocations=7568 (full 1536): garbage-first heap   total 63488K, used 42673K [0x0000000083000000, 0x0000000100000000)
[2020-12-15T00:34:06.021-0500][gc,heap        ] GC(7567)   region size 1024K, 1 young (1024K), 1 survivors (1024K)
[2020-12-15T00:34:06.021-0500][gc,heap        ] GC(7567)  Metaspace       used 48714K, capacity 50558K, committed 52992K, reserved 1093632K
[2020-12-15T00:34:06.021-0500][gc,heap        ] GC(7567)   class space    used 7296K, capacity 7963K, committed 8704K, reserved 1048576K
[2020-12-15T00:34:06.021-0500][gc             ] GC(7567) Pause Young (Normal) (G1 Evacuation Pause) 50M->41M(62M) 4.804ms
[2020-12-15T00:34:06.021-0500][gc,cpu         ] GC(7567) User=0.00s Sys=0.01s Real=0.01s
[2020-12-15T00:36:16.012-0500][gc,heap        ] GC(7568) Heap before GC invocations=7568 (full 1536): garbage-first heap   total 63488K, used 49841K [0x0000000083000000, 0x0000000100000000)
[2020-12-15T00:36:16.012-0500][gc,heap        ] GC(7568)   region size 1024K, 9 young (9216K), 1 survivors (1024K)
[2020-12-15T00:36:16.012-0500][gc,heap        ] GC(7568)  Metaspace       used 48714K, capacity 50558K, committed 52992K, reserved 1093632K
[2020-12-15T00:36:16.012-0500][gc,heap        ] GC(7568)   class space    used 7296K, capacity 7963K, committed 8704K, reserved 1048576K
[2020-12-15T00:36:16.013-0500][gc,start       ] GC(7568) Pause Young (Normal) (G1 Evacuation Pause)
[2020-12-15T00:36:16.013-0500][gc,task        ] GC(7568) Using 8 workers of 8 for evacuation
[2020-12-15T00:36:16.017-0500][gc,phases      ] GC(7568)   Pre Evacuate Collection Set: 0.2ms
[2020-12-15T00:36:16.017-0500][gc,phases      ] GC(7568)   Evacuate Collection Set: 1.4ms
[2020-12-15T00:36:16.017-0500][gc,phases      ] GC(7568)   Post Evacuate Collection Set: 2.3ms
[2020-12-15T00:36:16.018-0500][gc,phases      ] GC(7568)   Other: 1.7ms
[2020-12-15T00:36:16.018-0500][gc,heap        ] GC(7568) Eden regions: 8->0(8)
[2020-12-15T00:36:16.018-0500][gc,heap        ] GC(7568) Survivor regions: 1->1(2)
[2020-12-15T00:36:16.018-0500][gc,heap        ] GC(7568) Old regions: 41->41
[2020-12-15T00:36:16.018-0500][gc,heap        ] GC(7568) Humongous regions: 4->4
[2020-12-15T00:36:16.018-0500][gc,metaspace   ] GC(7568) Metaspace: 48714K->48714K(1093632K)
[2020-12-15T00:36:16.018-0500][gc,heap        ] GC(7568) Heap after GC invocations=7569 (full 1536): garbage-first heap   total 63488K, used 42650K [0x0000000083000000, 0x0000000100000000)
[2020-12-15T00:36:16.018-0500][gc,heap        ] GC(7568)   region size 1024K, 1 young (1024K), 1 survivors (1024K)
[2020-12-15T00:36:16.018-0500][gc,heap        ] GC(7568)  Metaspace       used 48714K, capacity 50558K, committed 52992K, reserved 1093632K
[2020-12-15T00:36:16.018-0500][gc,heap        ] GC(7568)   class space    used 7296K, capacity 7963K, committed 8704K, reserved 1048576K
[2020-12-15T00:36:16.018-0500][gc             ] GC(7568) Pause Young (Normal) (G1 Evacuation Pause) 49M->41M(62M) 4.490ms
[2020-12-15T00:36:16.018-0500][gc,cpu         ] GC(7568) User=0.01s Sys=0.00s Real=0.01s
[2020-12-15T00:36:45.190-0500][gc,task        ] GC(7569) Using 5 workers of 8 for full compaction
[2020-12-15T00:36:45.190-0500][gc,start       ] GC(7569) Pause Full (System.gc())
[2020-12-15T00:36:45.190-0500][gc,heap        ] GC(7569) Heap before GC invocations=7569 (full 1536): garbage-first heap   total 63488K, used 43674K [0x0000000083000000, 0x0000000100000000)
[2020-12-15T00:36:45.190-0500][gc,heap        ] GC(7569)   region size 1024K, 3 young (3072K), 1 survivors (1024K)
[2020-12-15T00:36:45.190-0500][gc,heap        ] GC(7569)  Metaspace       used 48714K, capacity 50558K, committed 52992K, reserved 1093632K
[2020-12-15T00:36:45.190-0500][gc,heap        ] GC(7569)   class space    used 7296K, capacity 7963K, committed 8704K, reserved 1048576K
[2020-12-15T00:36:45.191-0500][gc,phases,start] GC(7569) Phase 1: Mark live objects
[2020-12-15T00:36:45.236-0500][gc,stringtable ] GC(7569) Cleaned string and symbol table, strings: 31790 processed, 0 removed, symbols: 119634 processed, 0 removed
[2020-12-15T00:36:45.236-0500][gc,phases      ] GC(7569) Phase 1: Mark live objects 45.334ms
[2020-12-15T00:36:45.236-0500][gc,phases,start] GC(7569) Phase 2: Prepare for compaction
[2020-12-15T00:36:45.239-0500][gc,phases      ] GC(7569) Phase 2: Prepare for compaction 3.140ms
[2020-12-15T00:36:45.239-0500][gc,phases,start] GC(7569) Phase 3: Adjust pointers
[2020-12-15T00:36:45.249-0500][gc,phases      ] GC(7569) Phase 3: Adjust pointers 9.413ms
[2020-12-15T00:36:45.249-0500][gc,phases,start] GC(7569) Phase 4: Compact heap
[2020-12-15T00:36:45.251-0500][gc,phases      ] GC(7569) Phase 4: Compact heap 2.568ms
[2020-12-15T00:36:45.257-0500][gc,heap        ] GC(7569) Eden regions: 2->0(10)
[2020-12-15T00:36:45.257-0500][gc,heap        ] GC(7569) Survivor regions: 1->0(2)
[2020-12-15T00:36:45.257-0500][gc,heap        ] GC(7569) Old regions: 41->40
[2020-12-15T00:36:45.257-0500][gc,heap        ] GC(7569) Humongous regions: 4->4
[2020-12-15T00:36:45.257-0500][gc,metaspace   ] GC(7569) Metaspace: 48714K->48714K(1093632K)
[2020-12-15T00:36:45.257-0500][gc,heap        ] GC(7569) Heap after GC invocations=7570 (full 1537): garbage-first heap   total 63488K, used 42552K [0x0000000083000000, 0x0000000100000000)
[2020-12-15T00:36:45.257-0500][gc,heap        ] GC(7569)   region size 1024K, 0 young (0K), 0 survivors (0K)
[2020-12-15T00:36:45.257-0500][gc,heap        ] GC(7569)  Metaspace       used 48714K, capacity 50558K, committed 52992K, reserved 1093632K
[2020-12-15T00:36:45.257-0500][gc,heap        ] GC(7569)   class space    used 7296K, capacity 7963K, committed 8704K, reserved 1048576K
[2020-12-15T00:36:45.257-0500][gc             ] GC(7569) Pause Full (System.gc()) 43M->41M(62M) 66.641ms
[2020-12-15T00:36:45.257-0500][gc,cpu         ] GC(7569) User=0.28s Sys=0.00s Real=0.06s
[2020-12-15T00:39:26.013-0500][gc,heap        ] GC(7570) Heap before GC invocations=7570 (full 1537): garbage-first heap   total 63488K, used 51768K [0x0000000083000000, 0x0000000100000000)
[2020-12-15T00:39:26.013-0500][gc,heap        ] GC(7570)   region size 1024K, 10 young (10240K), 0 survivors (0K)
[2020-12-15T00:39:26.013-0500][gc,heap        ] GC(7570)  Metaspace       used 48714K, capacity 50558K, committed 52992K, reserved 1093632K
[2020-12-15T00:39:26.013-0500][gc,heap        ] GC(7570)   class space    used 7296K, capacity 7963K, committed 8704K, reserved 1048576K
[2020-12-15T00:39:26.013-0500][gc,start       ] GC(7570) Pause Young (Normal) (G1 Evacuation Pause)
[2020-12-15T00:39:26.013-0500][gc,task        ] GC(7570) Using 8 workers of 8 for evacuation
[2020-12-15T00:39:26.018-0500][gc,phases      ] GC(7570)   Pre Evacuate Collection Set: 0.0ms
[2020-12-15T00:39:26.019-0500][gc,phases      ] GC(7570)   Evacuate Collection Set: 2.5ms
[2020-12-15T00:39:26.019-0500][gc,phases      ] GC(7570)   Post Evacuate Collection Set: 2.4ms
[2020-12-15T00:39:26.019-0500][gc,phases      ] GC(7570)   Other: 0.4ms
[2020-12-15T00:39:26.019-0500][gc,heap        ] GC(7570) Eden regions: 10->0(9)
[2020-12-15T00:39:26.019-0500][gc,heap        ] GC(7570) Survivor regions: 0->1(2)
[2020-12-15T00:39:26.019-0500][gc,heap        ] GC(7570) Old regions: 40->40
[2020-12-15T00:39:26.019-0500][gc,heap        ] GC(7570) Humongous regions: 4->4
[2020-12-15T00:39:26.019-0500][gc,metaspace   ] GC(7570) Metaspace: 48714K->48714K(1093632K)
[2020-12-15T00:39:26.019-0500][gc,heap        ] GC(7570) Heap after GC invocations=7571 (full 1537): garbage-first heap   total 63488K, used 42642K [0x0000000083000000, 0x0000000100000000)
[2020-12-15T00:39:26.019-0500][gc,heap        ] GC(7570)   region size 1024K, 1 young (1024K), 1 survivors (1024K)
[2020-12-15T00:39:26.019-0500][gc,heap        ] GC(7570)  Metaspace       used 48714K, capacity 50558K, committed 52992K, reserved 1093632K
[2020-12-15T00:39:26.019-0500][gc,heap        ] GC(7570)   class space    used 7296K, capacity 7963K, committed 8704K, reserved 1048576K
[2020-12-15T00:39:26.019-0500][gc             ] GC(7570) Pause Young (Normal) (G1 Evacuation Pause) 51M->41M(62M) 5.532ms
[2020-12-15T00:39:26.019-0500][gc,cpu         ] GC(7570) User=0.01s Sys=0.00s Real=0.01s
[2020-12-15T00:41:45.192-0500][gc,task        ] GC(7571) Using 5 workers of 8 for full compaction
[2020-12-15T00:41:45.192-0500][gc,start       ] GC(7571) Pause Full (System.gc())
[2020-12-15T00:41:45.192-0500][gc,heap        ] GC(7571) Heap before GC invocations=7571 (full 1537): garbage-first heap   total 63488K, used 49810K [0x0000000083000000, 0x0000000100000000)
[2020-12-15T00:41:45.192-0500][gc,heap        ] GC(7571)   region size 1024K, 10 young (10240K), 1 survivors (1024K)
[2020-12-15T00:41:45.192-0500][gc,heap        ] GC(7571)  Metaspace       used 48714K, capacity 50558K, committed 52992K, reserved 1093632K
[2020-12-15T00:41:45.192-0500][gc,heap        ] GC(7571)   class space    used 7296K, capacity 7963K, committed 8704K, reserved 1048576K
[2020-12-15T00:41:45.193-0500][gc,phases,start] GC(7571) Phase 1: Mark live objects
[2020-12-15T00:41:45.239-0500][gc,stringtable ] GC(7571) Cleaned string and symbol table, strings: 31790 processed, 0 removed, symbols: 119634 processed, 0 removed
[2020-12-15T00:41:45.240-0500][gc,phases      ] GC(7571) Phase 1: Mark live objects 46.979ms
[2020-12-15T00:41:45.240-0500][gc,phases,start] GC(7571) Phase 2: Prepare for compaction
[2020-12-15T00:41:45.243-0500][gc,phases      ] GC(7571) Phase 2: Prepare for compaction 3.068ms
[2020-12-15T00:41:45.243-0500][gc,phases,start] GC(7571) Phase 3: Adjust pointers
[2020-12-15T00:41:45.252-0500][gc,phases      ] GC(7571) Phase 3: Adjust pointers 9.077ms
[2020-12-15T00:41:45.252-0500][gc,phases,start] GC(7571) Phase 4: Compact heap
[2020-12-15T00:41:45.254-0500][gc,phases      ] GC(7571) Phase 4: Compact heap 2.620ms
[2020-12-15T00:41:45.260-0500][gc,heap        ] GC(7571) Eden regions: 9->0(9)
[2020-12-15T00:41:45.260-0500][gc,heap        ] GC(7571) Survivor regions: 1->0(2)
[2020-12-15T00:41:45.260-0500][gc,heap        ] GC(7571) Old regions: 40->41
[2020-12-15T00:41:45.260-0500][gc,heap        ] GC(7571) Humongous regions: 4->4
[2020-12-15T00:41:45.260-0500][gc,metaspace   ] GC(7571) Metaspace: 48714K->48714K(1093632K)
[2020-12-15T00:41:45.260-0500][gc,heap        ] GC(7571) Heap after GC invocations=7572 (full 1538): garbage-first heap   total 63488K, used 42583K [0x0000000083000000, 0x0000000100000000)
[2020-12-15T00:41:45.260-0500][gc,heap        ] GC(7571)   region size 1024K, 0 young (0K), 0 survivors (0K)
[2020-12-15T00:41:45.260-0500][gc,heap        ] GC(7571)  Metaspace       used 48714K, capacity 50558K, committed 52992K, reserved 1093632K
[2020-12-15T00:41:45.260-0500][gc,heap        ] GC(7571)   class space    used 7296K, capacity 7963K, committed 8704K, reserved 1048576K
[2020-12-15T00:41:45.260-0500][gc             ] GC(7571) Pause Full (System.gc()) 50M->41M(62M) 67.930ms
[2020-12-15T00:41:45.260-0500][gc,cpu         ] GC(7571) User=0.29s Sys=0.00s Real=0.07s
[2020-12-15T00:43:56.022-0500][gc,heap        ] GC(7572) Heap before GC invocations=7572 (full 1538): garbage-first heap   total 63488K, used 50775K [0x0000000083000000, 0x0000000100000000)
[2020-12-15T00:43:56.022-0500][gc,heap        ] GC(7572)   region size 1024K, 9 young (9216K), 0 survivors (0K)
[2020-12-15T00:43:56.022-0500][gc,heap        ] GC(7572)  Metaspace       used 48714K, capacity 50558K, committed 52992K, reserved 1093632K
[2020-12-15T00:43:56.022-0500][gc,heap        ] GC(7572)   class space    used 7296K, capacity 7963K, committed 8704K, reserved 1048576K
[2020-12-15T00:43:56.022-0500][gc,start       ] GC(7572) Pause Young (Normal) (G1 Evacuation Pause)
[2020-12-15T00:43:56.022-0500][gc,task        ] GC(7572) Using 8 workers of 8 for evacuation
[2020-12-15T00:43:56.026-0500][gc,phases      ] GC(7572)   Pre Evacuate Collection Set: 0.0ms
[2020-12-15T00:43:56.026-0500][gc,phases      ] GC(7572)   Evacuate Collection Set: 1.6ms
[2020-12-15T00:43:56.026-0500][gc,phases      ] GC(7572)   Post Evacuate Collection Set: 2.0ms
[2020-12-15T00:43:56.026-0500][gc,phases      ] GC(7572)   Other: 0.4ms
[2020-12-15T00:43:56.026-0500][gc,heap        ] GC(7572) Eden regions: 9->0(8)
[2020-12-15T00:43:56.026-0500][gc,heap        ] GC(7572) Survivor regions: 0->1(2)
[2020-12-15T00:43:56.026-0500][gc,heap        ] GC(7572) Old regions: 41->41
[2020-12-15T00:43:56.026-0500][gc,heap        ] GC(7572) Humongous regions: 4->4
[2020-12-15T00:43:56.026-0500][gc,metaspace   ] GC(7572) Metaspace: 48714K->48714K(1093632K)
[2020-12-15T00:43:56.027-0500][gc,heap        ] GC(7572) Heap after GC invocations=7573 (full 1538): garbage-first heap   total 63488K, used 42651K [0x0000000083000000, 0x0000000100000000)
[2020-12-15T00:43:56.027-0500][gc,heap        ] GC(7572)   region size 1024K, 1 young (1024K), 1 survivors (1024K)
[2020-12-15T00:43:56.027-0500][gc,heap        ] GC(7572)  Metaspace       used 48714K, capacity 50558K, committed 52992K, reserved 1093632K
[2020-12-15T00:43:56.027-0500][gc,heap        ] GC(7572)   class space    used 7296K, capacity 7963K, committed 8704K, reserved 1048576K
[2020-12-15T00:43:56.027-0500][gc             ] GC(7572) Pause Young (Normal) (G1 Evacuation Pause) 50M->41M(62M) 4.206ms
[2020-12-15T00:43:56.027-0500][gc,cpu         ] GC(7572) User=0.01s Sys=0.01s Real=0.00s
[2020-12-15T00:46:06.016-0500][gc,heap        ] GC(7573) Heap before GC invocations=7573 (full 1538): garbage-first heap   total 63488K, used 49819K [0x0000000083000000, 0x0000000100000000)
[2020-12-15T00:46:06.016-0500][gc,heap        ] GC(7573)   region size 1024K, 9 young (9216K), 1 survivors (1024K)
[2020-12-15T00:46:06.016-0500][gc,heap        ] GC(7573)  Metaspace       used 48714K, capacity 50558K, committed 52992K, reserved 1093632K
[2020-12-15T00:46:06.016-0500][gc,heap        ] GC(7573)   class space    used 7296K, capacity 7963K, committed 8704K, reserved 1048576K
[2020-12-15T00:46:06.016-0500][gc,start       ] GC(7573) Pause Young (Normal) (G1 Evacuation Pause)
[2020-12-15T00:46:06.016-0500][gc,task        ] GC(7573) Using 8 workers of 8 for evacuation
[2020-12-15T00:46:06.020-0500][gc,phases      ] GC(7573)   Pre Evacuate Collection Set: 0.0ms
[2020-12-15T00:46:06.020-0500][gc,phases      ] GC(7573)   Evacuate Collection Set: 1.6ms
[2020-12-15T00:46:06.020-0500][gc,phases      ] GC(7573)   Post Evacuate Collection Set: 2.1ms
[2020-12-15T00:46:06.020-0500][gc,phases      ] GC(7573)   Other: 0.5ms
[2020-12-15T00:46:06.020-0500][gc,heap        ] GC(7573) Eden regions: 8->0(8)
[2020-12-15T00:46:06.020-0500][gc,heap        ] GC(7573) Survivor regions: 1->1(2)
[2020-12-15T00:46:06.020-0500][gc,heap        ] GC(7573) Old regions: 41->41
[2020-12-15T00:46:06.020-0500][gc,heap        ] GC(7573) Humongous regions: 4->4
[2020-12-15T00:46:06.020-0500][gc,metaspace   ] GC(7573) Metaspace: 48714K->48714K(1093632K)
[2020-12-15T00:46:06.020-0500][gc,heap        ] GC(7573) Heap after GC invocations=7574 (full 1538): garbage-first heap   total 63488K, used 42659K [0x0000000083000000, 0x0000000100000000)
[2020-12-15T00:46:06.020-0500][gc,heap        ] GC(7573)   region size 1024K, 1 young (1024K), 1 survivors (1024K)
[2020-12-15T00:46:06.020-0500][gc,heap        ] GC(7573)  Metaspace       used 48714K, capacity 50558K, committed 52992K, reserved 1093632K
[2020-12-15T00:46:06.020-0500][gc,heap        ] GC(7573)   class space    used 7296K, capacity 7963K, committed 8704K, reserved 1048576K
[2020-12-15T00:46:06.020-0500][gc             ] GC(7573) Pause Young (Normal) (G1 Evacuation Pause) 49M->41M(62M) 4.500ms
[2020-12-15T00:46:06.020-0500][gc,cpu         ] GC(7573) User=0.00s Sys=0.01s Real=0.01s
[2020-12-15T00:46:45.193-0500][gc,task        ] GC(7574) Using 5 workers of 8 for full compaction
[2020-12-15T00:46:45.193-0500][gc,start       ] GC(7574) Pause Full (System.gc())
[2020-12-15T00:46:45.193-0500][gc,heap        ] GC(7574) Heap before GC invocations=7574 (full 1538): garbage-first heap   total 63488K, used 44707K [0x0000000083000000, 0x0000000100000000)
[2020-12-15T00:46:45.193-0500][gc,heap        ] GC(7574)   region size 1024K, 4 young (4096K), 1 survivors (1024K)
[2020-12-15T00:46:45.193-0500][gc,heap        ] GC(7574)  Metaspace       used 48714K, capacity 50558K, committed 52992K, reserved 1093632K
[2020-12-15T00:46:45.193-0500][gc,heap        ] GC(7574)   class space    used 7296K, capacity 7963K, committed 8704K, reserved 1048576K
[2020-12-15T00:46:45.194-0500][gc,phases,start] GC(7574) Phase 1: Mark live objects
[2020-12-15T00:46:45.242-0500][gc,stringtable ] GC(7574) Cleaned string and symbol table, strings: 31790 processed, 0 removed, symbols: 119634 processed, 0 removed
[2020-12-15T00:46:45.242-0500][gc,phases      ] GC(7574) Phase 1: Mark live objects 48.326ms
[2020-12-15T00:46:45.242-0500][gc,phases,start] GC(7574) Phase 2: Prepare for compaction
[2020-12-15T00:46:45.245-0500][gc,phases      ] GC(7574) Phase 2: Prepare for compaction 3.091ms
[2020-12-15T00:46:45.245-0500][gc,phases,start] GC(7574) Phase 3: Adjust pointers
[2020-12-15T00:46:45.255-0500][gc,phases      ] GC(7574) Phase 3: Adjust pointers 9.765ms
[2020-12-15T00:46:45.255-0500][gc,phases,start] GC(7574) Phase 4: Compact heap
[2020-12-15T00:46:45.257-0500][gc,phases      ] GC(7574) Phase 4: Compact heap 1.985ms
[2020-12-15T00:46:45.262-0500][gc,heap        ] GC(7574) Eden regions: 3->0(9)
[2020-12-15T00:46:45.262-0500][gc,heap        ] GC(7574) Survivor regions: 1->0(2)
[2020-12-15T00:46:45.262-0500][gc,heap        ] GC(7574) Old regions: 41->41
[2020-12-15T00:46:45.262-0500][gc,heap        ] GC(7574) Humongous regions: 4->4
[2020-12-15T00:46:45.262-0500][gc,metaspace   ] GC(7574) Metaspace: 48714K->48714K(1093632K)
[2020-12-15T00:46:45.262-0500][gc,heap        ] GC(7574) Heap after GC invocations=7575 (full 1539): garbage-first heap   total 63488K, used 42553K [0x0000000083000000, 0x0000000100000000)
[2020-12-15T00:46:45.262-0500][gc,heap        ] GC(7574)   region size 1024K, 0 young (0K), 0 survivors (0K)
[2020-12-15T00:46:45.262-0500][gc,heap        ] GC(7574)  Metaspace       used 48714K, capacity 50558K, committed 52992K, reserved 1093632K
[2020-12-15T00:46:45.262-0500][gc,heap        ] GC(7574)   class space    used 7296K, capacity 7963K, committed 8704K, reserved 1048576K
[2020-12-15T00:46:45.263-0500][gc             ] GC(7574) Pause Full (System.gc()) 43M->41M(62M) 69.232ms
[2020-12-15T00:46:45.263-0500][gc,cpu         ] GC(7574) User=0.25s Sys=0.06s Real=0.07s
[2020-12-15T00:49:06.019-0500][gc,heap        ] GC(7575) Heap before GC invocations=7575 (full 1539): garbage-first heap   total 63488K, used 50745K [0x0000000083000000, 0x0000000100000000)
[2020-12-15T00:49:06.019-0500][gc,heap        ] GC(7575)   region size 1024K, 9 young (9216K), 0 survivors (0K)
[2020-12-15T00:49:06.019-0500][gc,heap        ] GC(7575)  Metaspace       used 48714K, capacity 50558K, committed 52992K, reserved 1093632K
[2020-12-15T00:49:06.019-0500][gc,heap        ] GC(7575)   class space    used 7296K, capacity 7963K, committed 8704K, reserved 1048576K
[2020-12-15T00:49:06.019-0500][gc,start       ] GC(7575) Pause Young (Normal) (G1 Evacuation Pause)
[2020-12-15T00:49:06.019-0500][gc,task        ] GC(7575) Using 8 workers of 8 for evacuation
[2020-12-15T00:49:06.022-0500][gc,phases      ] GC(7575)   Pre Evacuate Collection Set: 0.0ms
[2020-12-15T00:49:06.022-0500][gc,phases      ] GC(7575)   Evacuate Collection Set: 1.0ms
[2020-12-15T00:49:06.022-0500][gc,phases      ] GC(7575)   Post Evacuate Collection Set: 2.0ms
[2020-12-15T00:49:06.022-0500][gc,phases      ] GC(7575)   Other: 0.6ms
[2020-12-15T00:49:06.022-0500][gc,heap        ] GC(7575) Eden regions: 9->0(8)
[2020-12-15T00:49:06.022-0500][gc,heap        ] GC(7575) Survivor regions: 0->1(2)
[2020-12-15T00:49:06.022-0500][gc,heap        ] GC(7575) Old regions: 41->41
[2020-12-15T00:49:06.022-0500][gc,heap        ] GC(7575) Humongous regions: 4->4
[2020-12-15T00:49:06.022-0500][gc,metaspace   ] GC(7575) Metaspace: 48714K->48714K(1093632K)
[2020-12-15T00:49:06.022-0500][gc,heap        ] GC(7575) Heap after GC invocations=7576 (full 1539): garbage-first heap   total 63488K, used 42617K [0x0000000083000000, 0x0000000100000000)
[2020-12-15T00:49:06.022-0500][gc,heap        ] GC(7575)   region size 1024K, 1 young (1024K), 1 survivors (1024K)
[2020-12-15T00:49:06.022-0500][gc,heap        ] GC(7575)  Metaspace       used 48714K, capacity 50558K, committed 52992K, reserved 1093632K
[2020-12-15T00:49:06.022-0500][gc,heap        ] GC(7575)   class space    used 7296K, capacity 7963K, committed 8704K, reserved 1048576K
[2020-12-15T00:49:06.023-0500][gc             ] GC(7575) Pause Young (Normal) (G1 Evacuation Pause) 50M->41M(62M) 3.620ms
[2020-12-15T00:49:06.023-0500][gc,cpu         ] GC(7575) User=0.00s Sys=0.00s Real=0.00s
[2020-12-15T00:51:16.015-0500][gc,heap        ] GC(7576) Heap before GC invocations=7576 (full 1539): garbage-first heap   total 63488K, used 49785K [0x0000000083000000, 0x0000000100000000)
[2020-12-15T00:51:16.015-0500][gc,heap        ] GC(7576)   region size 1024K, 9 young (9216K), 1 survivors (1024K)
[2020-12-15T00:51:16.015-0500][gc,heap        ] GC(7576)  Metaspace       used 48714K, capacity 50558K, committed 52992K, reserved 1093632K
[2020-12-15T00:51:16.015-0500][gc,heap        ] GC(7576)   class space    used 7296K, capacity 7963K, committed 8704K, reserved 1048576K
[2020-12-15T00:51:16.015-0500][gc,start       ] GC(7576) Pause Young (Normal) (G1 Evacuation Pause)
[2020-12-15T00:51:16.015-0500][gc,task        ] GC(7576) Using 8 workers of 8 for evacuation
[2020-12-15T00:51:16.022-0500][gc,phases      ] GC(7576)   Pre Evacuate Collection Set: 0.0ms
[2020-12-15T00:51:16.022-0500][gc,phases      ] GC(7576)   Evacuate Collection Set: 4.5ms
[2020-12-15T00:51:16.022-0500][gc,phases      ] GC(7576)   Post Evacuate Collection Set: 2.1ms
[2020-12-15T00:51:16.022-0500][gc,phases      ] GC(7576)   Other: 0.5ms
[2020-12-15T00:51:16.022-0500][gc,heap        ] GC(7576) Eden regions: 8->0(8)
[2020-12-15T00:51:16.022-0500][gc,heap        ] GC(7576) Survivor regions: 1->1(2)
[2020-12-15T00:51:16.022-0500][gc,heap        ] GC(7576) Old regions: 41->41
[2020-12-15T00:51:16.022-0500][gc,heap        ] GC(7576) Humongous regions: 4->4
[2020-12-15T00:51:16.022-0500][gc,metaspace   ] GC(7576) Metaspace: 48714K->48714K(1093632K)
[2020-12-15T00:51:16.022-0500][gc,heap        ] GC(7576) Heap after GC invocations=7577 (full 1539): garbage-first heap   total 63488K, used 42631K [0x0000000083000000, 0x0000000100000000)
[2020-12-15T00:51:16.022-0500][gc,heap        ] GC(7576)   region size 1024K, 1 young (1024K), 1 survivors (1024K)
[2020-12-15T00:51:16.022-0500][gc,heap        ] GC(7576)  Metaspace       used 48714K, capacity 50558K, committed 52992K, reserved 1093632K
[2020-12-15T00:51:16.022-0500][gc,heap        ] GC(7576)   class space    used 7296K, capacity 7963K, committed 8704K, reserved 1048576K
[2020-12-15T00:51:16.022-0500][gc             ] GC(7576) Pause Young (Normal) (G1 Evacuation Pause) 49M->41M(62M) 7.153ms
[2020-12-15T00:51:16.022-0500][gc,cpu         ] GC(7576) User=0.04s Sys=0.00s Real=0.01s
[2020-12-15T00:51:45.192-0500][gc,task        ] GC(7577) Using 5 workers of 8 for full compaction
[2020-12-15T00:51:45.192-0500][gc,start       ] GC(7577) Pause Full (System.gc())
[2020-12-15T00:51:45.192-0500][gc,heap        ] GC(7577) Heap before GC invocations=7577 (full 1539): garbage-first heap   total 63488K, used 42631K [0x0000000083000000, 0x0000000100000000)
[2020-12-15T00:51:45.192-0500][gc,heap        ] GC(7577)   region size 1024K, 3 young (3072K), 1 survivors (1024K)
[2020-12-15T00:51:45.192-0500][gc,heap        ] GC(7577)  Metaspace       used 48714K, capacity 50558K, committed 52992K, reserved 1093632K
[2020-12-15T00:51:45.192-0500][gc,heap        ] GC(7577)   class space    used 7296K, capacity 7963K, committed 8704K, reserved 1048576K
[2020-12-15T00:51:45.193-0500][gc,phases,start] GC(7577) Phase 1: Mark live objects
[2020-12-15T00:51:45.242-0500][gc,stringtable ] GC(7577) Cleaned string and symbol table, strings: 31790 processed, 0 removed, symbols: 119634 processed, 0 removed
[2020-12-15T00:51:45.242-0500][gc,phases      ] GC(7577) Phase 1: Mark live objects 48.774ms
[2020-12-15T00:51:45.242-0500][gc,phases,start] GC(7577) Phase 2: Prepare for compaction
[2020-12-15T00:51:45.245-0500][gc,phases      ] GC(7577) Phase 2: Prepare for compaction 3.596ms
[2020-12-15T00:51:45.245-0500][gc,phases,start] GC(7577) Phase 3: Adjust pointers
[2020-12-15T00:51:45.256-0500][gc,phases      ] GC(7577) Phase 3: Adjust pointers 10.635ms
[2020-12-15T00:51:45.256-0500][gc,phases,start] GC(7577) Phase 4: Compact heap
[2020-12-15T00:51:45.259-0500][gc,phases      ] GC(7577) Phase 4: Compact heap 2.979ms
[2020-12-15T00:51:45.265-0500][gc,heap        ] GC(7577) Eden regions: 2->0(10)
[2020-12-15T00:51:45.265-0500][gc,heap        ] GC(7577) Survivor regions: 1->0(2)
[2020-12-15T00:51:45.265-0500][gc,heap        ] GC(7577) Old regions: 41->40
[2020-12-15T00:51:45.265-0500][gc,heap        ] GC(7577) Humongous regions: 4->4
[2020-12-15T00:51:45.265-0500][gc,metaspace   ] GC(7577) Metaspace: 48714K->48714K(1093632K)
[2020-12-15T00:51:45.265-0500][gc,heap        ] GC(7577) Heap after GC invocations=7578 (full 1540): garbage-first heap   total 63488K, used 42551K [0x0000000083000000, 0x0000000100000000)
[2020-12-15T00:51:45.265-0500][gc,heap        ] GC(7577)   region size 1024K, 0 young (0K), 0 survivors (0K)
[2020-12-15T00:51:45.265-0500][gc,heap        ] GC(7577)  Metaspace       used 48714K, capacity 50558K, committed 52992K, reserved 1093632K
[2020-12-15T00:51:45.265-0500][gc,heap        ] GC(7577)   class space    used 7296K, capacity 7963K, committed 8704K, reserved 1048576K
[2020-12-15T00:51:45.265-0500][gc             ] GC(7577) Pause Full (System.gc()) 43M->41M(62M) 72.756ms
[2020-12-15T00:51:45.265-0500][gc,cpu         ] GC(7577) User=0.31s Sys=0.00s Real=0.07s
[2020-12-15T00:54:26.011-0500][gc,heap        ] GC(7578) Heap before GC invocations=7578 (full 1540): garbage-first heap   total 63488K, used 51767K [0x0000000083000000, 0x0000000100000000)
[2020-12-15T00:54:26.011-0500][gc,heap        ] GC(7578)   region size 1024K, 10 young (10240K), 0 survivors (0K)
[2020-12-15T00:54:26.011-0500][gc,heap        ] GC(7578)  Metaspace       used 48714K, capacity 50558K, committed 52992K, reserved 1093632K
[2020-12-15T00:54:26.011-0500][gc,heap        ] GC(7578)   class space    used 7296K, capacity 7963K, committed 8704K, reserved 1048576K
[2020-12-15T00:54:26.011-0500][gc,start       ] GC(7578) Pause Young (Normal) (G1 Evacuation Pause)
[2020-12-15T00:54:26.011-0500][gc,task        ] GC(7578) Using 8 workers of 8 for evacuation
[2020-12-15T00:54:26.013-0500][gc,phases      ] GC(7578)   Pre Evacuate Collection Set: 0.0ms
[2020-12-15T00:54:26.013-0500][gc,phases      ] GC(7578)   Evacuate Collection Set: 0.8ms
[2020-12-15T00:54:26.013-0500][gc,phases      ] GC(7578)   Post Evacuate Collection Set: 1.4ms
[2020-12-15T00:54:26.013-0500][gc,phases      ] GC(7578)   Other: 0.3ms
[2020-12-15T00:54:26.013-0500][gc,heap        ] GC(7578) Eden regions: 10->0(9)
[2020-12-15T00:54:26.013-0500][gc,heap        ] GC(7578) Survivor regions: 0->1(2)
[2020-12-15T00:54:26.013-0500][gc,heap        ] GC(7578) Old regions: 40->40
[2020-12-15T00:54:26.013-0500][gc,heap        ] GC(7578) Humongous regions: 4->4
[2020-12-15T00:54:26.013-0500][gc,metaspace   ] GC(7578) Metaspace: 48714K->48714K(1093632K)
[2020-12-15T00:54:26.013-0500][gc,heap        ] GC(7578) Heap after GC invocations=7579 (full 1540): garbage-first heap   total 63488K, used 42627K [0x0000000083000000, 0x0000000100000000)
[2020-12-15T00:54:26.013-0500][gc,heap        ] GC(7578)   region size 1024K, 1 young (1024K), 1 survivors (1024K)
[2020-12-15T00:54:26.013-0500][gc,heap        ] GC(7578)  Metaspace       used 48714K, capacity 50558K, committed 52992K, reserved 1093632K
[2020-12-15T00:54:26.013-0500][gc,heap        ] GC(7578)   class space    used 7296K, capacity 7963K, committed 8704K, reserved 1048576K
[2020-12-15T00:54:26.013-0500][gc             ] GC(7578) Pause Young (Normal) (G1 Evacuation Pause) 51M->41M(62M) 2.499ms
[2020-12-15T00:54:26.013-0500][gc,cpu         ] GC(7578) User=0.01s Sys=0.00s Real=0.00s
[2020-12-15T00:56:45.190-0500][gc,task        ] GC(7579) Using 5 workers of 8 for full compaction
[2020-12-15T00:56:45.190-0500][gc,start       ] GC(7579) Pause Full (System.gc())
[2020-12-15T00:56:45.190-0500][gc,heap        ] GC(7579) Heap before GC invocations=7579 (full 1540): garbage-first heap   total 63488K, used 49795K [0x0000000083000000, 0x0000000100000000)
[2020-12-15T00:56:45.190-0500][gc,heap        ] GC(7579)   region size 1024K, 10 young (10240K), 1 survivors (1024K)
[2020-12-15T00:56:45.190-0500][gc,heap        ] GC(7579)  Metaspace       used 48714K, capacity 50558K, committed 52992K, reserved 1093632K
[2020-12-15T00:56:45.190-0500][gc,heap        ] GC(7579)   class space    used 7296K, capacity 7963K, committed 8704K, reserved 1048576K
[2020-12-15T00:56:45.191-0500][gc,phases,start] GC(7579) Phase 1: Mark live objects
[2020-12-15T00:56:45.231-0500][gc,stringtable ] GC(7579) Cleaned string and symbol table, strings: 31790 processed, 0 removed, symbols: 119634 processed, 0 removed
[2020-12-15T00:56:45.231-0500][gc,phases      ] GC(7579) Phase 1: Mark live objects 40.080ms
[2020-12-15T00:56:45.231-0500][gc,phases,start] GC(7579) Phase 2: Prepare for compaction
[2020-12-15T00:56:45.236-0500][gc,phases      ] GC(7579) Phase 2: Prepare for compaction 5.684ms
[2020-12-15T00:56:45.237-0500][gc,phases,start] GC(7579) Phase 3: Adjust pointers
[2020-12-15T00:56:45.249-0500][gc,phases      ] GC(7579) Phase 3: Adjust pointers 12.882ms
[2020-12-15T00:56:45.249-0500][gc,phases,start] GC(7579) Phase 4: Compact heap
[2020-12-15T00:56:45.252-0500][gc,phases      ] GC(7579) Phase 4: Compact heap 2.497ms
[2020-12-15T00:56:45.257-0500][gc,heap        ] GC(7579) Eden regions: 9->0(11)
[2020-12-15T00:56:45.257-0500][gc,heap        ] GC(7579) Survivor regions: 1->0(2)
[2020-12-15T00:56:45.257-0500][gc,heap        ] GC(7579) Old regions: 40->39
[2020-12-15T00:56:45.257-0500][gc,heap        ] GC(7579) Humongous regions: 4->4
[2020-12-15T00:56:45.257-0500][gc,metaspace   ] GC(7579) Metaspace: 48714K->48714K(1093632K)
[2020-12-15T00:56:45.257-0500][gc,heap        ] GC(7579) Heap after GC invocations=7580 (full 1541): garbage-first heap   total 63488K, used 42582K [0x0000000083000000, 0x0000000100000000)
[2020-12-15T00:56:45.257-0500][gc,heap        ] GC(7579)   region size 1024K, 0 young (0K), 0 survivors (0K)
[2020-12-15T00:56:45.257-0500][gc,heap        ] GC(7579)  Metaspace       used 48714K, capacity 50558K, committed 52992K, reserved 1093632K
[2020-12-15T00:56:45.257-0500][gc,heap        ] GC(7579)   class space    used 7296K, capacity 7963K, committed 8704K, reserved 1048576K
[2020-12-15T00:56:45.257-0500][gc             ] GC(7579) Pause Full (System.gc()) 50M->41M(62M) 67.283ms
[2020-12-15T00:56:45.257-0500][gc,cpu         ] GC(7579) User=0.24s Sys=0.05s Real=0.06s
[2020-12-15T00:59:46.014-0500][gc,heap        ] GC(7580) Heap before GC invocations=7580 (full 1541): garbage-first heap   total 63488K, used 53846K [0x0000000083000000, 0x0000000100000000)
[2020-12-15T00:59:46.014-0500][gc,heap        ] GC(7580)   region size 1024K, 11 young (11264K), 0 survivors (0K)
[2020-12-15T00:59:46.014-0500][gc,heap        ] GC(7580)  Metaspace       used 48714K, capacity 50558K, committed 52992K, reserved 1093632K
[2020-12-15T00:59:46.014-0500][gc,heap        ] GC(7580)   class space    used 7296K, capacity 7963K, committed 8704K, reserved 1048576K
[2020-12-15T00:59:46.015-0500][gc,start       ] GC(7580) Pause Young (Normal) (G1 Evacuation Pause)
[2020-12-15T00:59:46.015-0500][gc,task        ] GC(7580) Using 8 workers of 8 for evacuation
[2020-12-15T00:59:46.019-0500][gc,phases      ] GC(7580)   Pre Evacuate Collection Set: 0.0ms
[2020-12-15T00:59:46.019-0500][gc,phases      ] GC(7580)   Evacuate Collection Set: 1.4ms
[2020-12-15T00:59:46.019-0500][gc,phases      ] GC(7580)   Post Evacuate Collection Set: 2.5ms
[2020-12-15T00:59:46.019-0500][gc,phases      ] GC(7580)   Other: 0.4ms
[2020-12-15T00:59:46.019-0500][gc,heap        ] GC(7580) Eden regions: 11->0(10)
[2020-12-15T00:59:46.019-0500][gc,heap        ] GC(7580) Survivor regions: 0->1(2)
[2020-12-15T00:59:46.019-0500][gc,heap        ] GC(7580) Old regions: 39->39
[2020-12-15T00:59:46.019-0500][gc,heap        ] GC(7580) Humongous regions: 4->4
[2020-12-15T00:59:46.019-0500][gc,metaspace   ] GC(7580) Metaspace: 48714K->48714K(1093632K)
[2020-12-15T00:59:46.019-0500][gc,heap        ] GC(7580) Heap after GC invocations=7581 (full 1541): garbage-first heap   total 63488K, used 42672K [0x0000000083000000, 0x0000000100000000)
[2020-12-15T00:59:46.019-0500][gc,heap        ] GC(7580)   region size 1024K, 1 young (1024K), 1 survivors (1024K)
[2020-12-15T00:59:46.019-0500][gc,heap        ] GC(7580)  Metaspace       used 48714K, capacity 50558K, committed 52992K, reserved 1093632K
[2020-12-15T00:59:46.019-0500][gc,heap        ] GC(7580)   class space    used 7296K, capacity 7963K, committed 8704K, reserved 1048576K
[2020-12-15T00:59:46.019-0500][gc             ] GC(7580) Pause Young (Normal) (G1 Evacuation Pause) 52M->41M(62M) 4.577ms
[2020-12-15T00:59:46.019-0500][gc,cpu         ] GC(7580) User=0.01s Sys=0.01s Real=0.01s
[2020-12-15T01:01:45.190-0500][gc,task        ] GC(7581) Using 5 workers of 8 for full compaction
[2020-12-15T01:01:45.190-0500][gc,start       ] GC(7581) Pause Full (System.gc())
[2020-12-15T01:01:45.190-0500][gc,heap        ] GC(7581) Heap before GC invocations=7581 (full 1541): garbage-first heap   total 63488K, used 49840K [0x0000000083000000, 0x0000000100000000)
[2020-12-15T01:01:45.190-0500][gc,heap        ] GC(7581)   region size 1024K, 9 young (9216K), 1 survivors (1024K)
[2020-12-15T01:01:45.190-0500][gc,heap        ] GC(7581)  Metaspace       used 48714K, capacity 50558K, committed 52992K, reserved 1093632K
[2020-12-15T01:01:45.190-0500][gc,heap        ] GC(7581)   class space    used 7296K, capacity 7963K, committed 8704K, reserved 1048576K
[2020-12-15T01:01:45.191-0500][gc,phases,start] GC(7581) Phase 1: Mark live objects
[2020-12-15T01:01:45.228-0500][gc,stringtable ] GC(7581) Cleaned string and symbol table, strings: 31790 processed, 0 removed, symbols: 119634 processed, 0 removed
[2020-12-15T01:01:45.228-0500][gc,phases      ] GC(7581) Phase 1: Mark live objects 36.703ms
[2020-12-15T01:01:45.228-0500][gc,phases,start] GC(7581) Phase 2: Prepare for compaction
[2020-12-15T01:01:45.232-0500][gc,phases      ] GC(7581) Phase 2: Prepare for compaction 4.141ms
[2020-12-15T01:01:45.232-0500][gc,phases,start] GC(7581) Phase 3: Adjust pointers
[2020-12-15T01:01:45.246-0500][gc,phases      ] GC(7581) Phase 3: Adjust pointers 14.350ms
[2020-12-15T01:01:45.246-0500][gc,phases,start] GC(7581) Phase 4: Compact heap
[2020-12-15T01:01:45.249-0500][gc,phases      ] GC(7581) Phase 4: Compact heap 2.532ms
[2020-12-15T01:01:45.254-0500][gc,heap        ] GC(7581) Eden regions: 8->0(9)
[2020-12-15T01:01:45.254-0500][gc,heap        ] GC(7581) Survivor regions: 1->0(2)
[2020-12-15T01:01:45.254-0500][gc,heap        ] GC(7581) Old regions: 39->41
[2020-12-15T01:01:45.254-0500][gc,heap        ] GC(7581) Humongous regions: 4->4
[2020-12-15T01:01:45.254-0500][gc,metaspace   ] GC(7581) Metaspace: 48714K->48714K(1093632K)
[2020-12-15T01:01:45.254-0500][gc,heap        ] GC(7581) Heap after GC invocations=7582 (full 1542): garbage-first heap   total 63488K, used 42590K [0x0000000083000000, 0x0000000100000000)
[2020-12-15T01:01:45.254-0500][gc,heap        ] GC(7581)   region size 1024K, 0 young (0K), 0 survivors (0K)
[2020-12-15T01:01:45.254-0500][gc,heap        ] GC(7581)  Metaspace       used 48714K, capacity 50558K, committed 52992K, reserved 1093632K
[2020-12-15T01:01:45.254-0500][gc,heap        ] GC(7581)   class space    used 7296K, capacity 7963K, committed 8704K, reserved 1048576K
[2020-12-15T01:01:45.254-0500][gc             ] GC(7581) Pause Full (System.gc()) 49M->41M(62M) 64.009ms
[2020-12-15T01:01:45.254-0500][gc,cpu         ] GC(7581) User=0.28s Sys=0.00s Real=0.06s
[2020-12-15T01:04:06.011-0500][gc,heap        ] GC(7582) Heap before GC invocations=7582 (full 1542): garbage-first heap   total 63488K, used 50782K [0x0000000083000000, 0x0000000100000000)
[2020-12-15T01:04:06.011-0500][gc,heap        ] GC(7582)   region size 1024K, 9 young (9216K), 0 survivors (0K)
[2020-12-15T01:04:06.011-0500][gc,heap        ] GC(7582)  Metaspace       used 48714K, capacity 50558K, committed 52992K, reserved 1093632K
[2020-12-15T01:04:06.011-0500][gc,heap        ] GC(7582)   class space    used 7296K, capacity 7963K, committed 8704K, reserved 1048576K
[2020-12-15T01:04:06.011-0500][gc,start       ] GC(7582) Pause Young (Normal) (G1 Evacuation Pause)
[2020-12-15T01:04:06.011-0500][gc,task        ] GC(7582) Using 8 workers of 8 for evacuation
[2020-12-15T01:04:06.016-0500][gc,phases      ] GC(7582)   Pre Evacuate Collection Set: 0.0ms
[2020-12-15T01:04:06.016-0500][gc,phases      ] GC(7582)   Evacuate Collection Set: 0.8ms
[2020-12-15T01:04:06.016-0500][gc,phases      ] GC(7582)   Post Evacuate Collection Set: 3.6ms
[2020-12-15T01:04:06.016-0500][gc,phases      ] GC(7582)   Other: 0.3ms
[2020-12-15T01:04:06.016-0500][gc,heap        ] GC(7582) Eden regions: 9->0(8)
[2020-12-15T01:04:06.016-0500][gc,heap        ] GC(7582) Survivor regions: 0->1(2)
[2020-12-15T01:04:06.016-0500][gc,heap        ] GC(7582) Old regions: 41->41
[2020-12-15T01:04:06.016-0500][gc,heap        ] GC(7582) Humongous regions: 4->4
[2020-12-15T01:04:06.016-0500][gc,metaspace   ] GC(7582) Metaspace: 48714K->48714K(1093632K)
[2020-12-15T01:04:06.016-0500][gc,heap        ] GC(7582) Heap after GC invocations=7583 (full 1542): garbage-first heap   total 63488K, used 42671K [0x0000000083000000, 0x0000000100000000)
[2020-12-15T01:04:06.016-0500][gc,heap        ] GC(7582)   region size 1024K, 1 young (1024K), 1 survivors (1024K)
[2020-12-15T01:04:06.016-0500][gc,heap        ] GC(7582)  Metaspace       used 48714K, capacity 50558K, committed 52992K, reserved 1093632K
[2020-12-15T01:04:06.016-0500][gc,heap        ] GC(7582)   class space    used 7296K, capacity 7963K, committed 8704K, reserved 1048576K
[2020-12-15T01:04:06.016-0500][gc             ] GC(7582) Pause Young (Normal) (G1 Evacuation Pause) 50M->41M(62M) 4.794ms
[2020-12-15T01:04:06.016-0500][gc,cpu         ] GC(7582) User=0.02s Sys=0.00s Real=0.00s
[2020-12-15T01:06:16.013-0500][gc,heap        ] GC(7583) Heap before GC invocations=7583 (full 1542): garbage-first heap   total 63488K, used 50863K [0x0000000083000000, 0x0000000100000000)
[2020-12-15T01:06:16.013-0500][gc,heap        ] GC(7583)   region size 1024K, 9 young (9216K), 1 survivors (1024K)
[2020-12-15T01:06:16.013-0500][gc,heap        ] GC(7583)  Metaspace       used 48714K, capacity 50558K, committed 52992K, reserved 1093632K
[2020-12-15T01:06:16.013-0500][gc,heap        ] GC(7583)   class space    used 7296K, capacity 7963K, committed 8704K, reserved 1048576K
[2020-12-15T01:06:16.013-0500][gc,start       ] GC(7583) Pause Young (Normal) (G1 Evacuation Pause)
[2020-12-15T01:06:16.013-0500][gc,task        ] GC(7583) Using 8 workers of 8 for evacuation
[2020-12-15T01:06:16.018-0500][gc,phases      ] GC(7583)   Pre Evacuate Collection Set: 0.0ms
[2020-12-15T01:06:16.018-0500][gc,phases      ] GC(7583)   Evacuate Collection Set: 1.8ms
[2020-12-15T01:06:16.018-0500][gc,phases      ] GC(7583)   Post Evacuate Collection Set: 2.0ms
[2020-12-15T01:06:16.018-0500][gc,phases      ] GC(7583)   Other: 0.7ms
[2020-12-15T01:06:16.018-0500][gc,heap        ] GC(7583) Eden regions: 8->0(8)
[2020-12-15T01:06:16.018-0500][gc,heap        ] GC(7583) Survivor regions: 1->1(2)
[2020-12-15T01:06:16.018-0500][gc,heap        ] GC(7583) Old regions: 41->41
[2020-12-15T01:06:16.018-0500][gc,heap        ] GC(7583) Humongous regions: 4->4
[2020-12-15T01:06:16.018-0500][gc,metaspace   ] GC(7583) Metaspace: 48714K->48714K(1093632K)
[2020-12-15T01:06:16.018-0500][gc,heap        ] GC(7583) Heap after GC invocations=7584 (full 1542): garbage-first heap   total 63488K, used 42649K [0x0000000083000000, 0x0000000100000000)
[2020-12-15T01:06:16.018-0500][gc,heap        ] GC(7583)   region size 1024K, 1 young (1024K), 1 survivors (1024K)
[2020-12-15T01:06:16.018-0500][gc,heap        ] GC(7583)  Metaspace       used 48714K, capacity 50558K, committed 52992K, reserved 1093632K
[2020-12-15T01:06:16.018-0500][gc,heap        ] GC(7583)   class space    used 7296K, capacity 7963K, committed 8704K, reserved 1048576K
[2020-12-15T01:06:16.018-0500][gc             ] GC(7583) Pause Young (Normal) (G1 Evacuation Pause) 49M->41M(62M) 4.654ms
[2020-12-15T01:06:16.018-0500][gc,cpu         ] GC(7583) User=0.01s Sys=0.00s Real=0.01s
[2020-12-15T01:06:45.190-0500][gc,task        ] GC(7584) Using 5 workers of 8 for full compaction
[2020-12-15T01:06:45.190-0500][gc,start       ] GC(7584) Pause Full (System.gc())
[2020-12-15T01:06:45.190-0500][gc,heap        ] GC(7584) Heap before GC invocations=7584 (full 1542): garbage-first heap   total 63488K, used 42649K [0x0000000083000000, 0x0000000100000000)
[2020-12-15T01:06:45.190-0500][gc,heap        ] GC(7584)   region size 1024K, 3 young (3072K), 1 survivors (1024K)
[2020-12-15T01:06:45.190-0500][gc,heap        ] GC(7584)  Metaspace       used 48714K, capacity 50558K, committed 52992K, reserved 1093632K
[2020-12-15T01:06:45.190-0500][gc,heap        ] GC(7584)   class space    used 7296K, capacity 7963K, committed 8704K, reserved 1048576K
[2020-12-15T01:06:45.191-0500][gc,phases,start] GC(7584) Phase 1: Mark live objects
[2020-12-15T01:06:45.210-0500][gc,stringtable ] GC(7584) Cleaned string and symbol table, strings: 31790 processed, 0 removed, symbols: 119634 processed, 0 removed
[2020-12-15T01:06:45.210-0500][gc,phases      ] GC(7584) Phase 1: Mark live objects 19.529ms
[2020-12-15T01:06:45.210-0500][gc,phases,start] GC(7584) Phase 2: Prepare for compaction
[2020-12-15T01:06:45.213-0500][gc,phases      ] GC(7584) Phase 2: Prepare for compaction 3.138ms
[2020-12-15T01:06:45.213-0500][gc,phases,start] GC(7584) Phase 3: Adjust pointers
[2020-12-15T01:06:45.222-0500][gc,phases      ] GC(7584) Phase 3: Adjust pointers 9.191ms
[2020-12-15T01:06:45.223-0500][gc,phases,start] GC(7584) Phase 4: Compact heap
[2020-12-15T01:06:45.225-0500][gc,phases      ] GC(7584) Phase 4: Compact heap 2.654ms
[2020-12-15T01:06:45.231-0500][gc,heap        ] GC(7584) Eden regions: 2->0(8)
[2020-12-15T01:06:45.231-0500][gc,heap        ] GC(7584) Survivor regions: 1->0(2)
[2020-12-15T01:06:45.231-0500][gc,heap        ] GC(7584) Old regions: 41->42
[2020-12-15T01:06:45.231-0500][gc,heap        ] GC(7584) Humongous regions: 4->4
[2020-12-15T01:06:45.231-0500][gc,metaspace   ] GC(7584) Metaspace: 48714K->48714K(1093632K)
[2020-12-15T01:06:45.231-0500][gc,heap        ] GC(7584) Heap after GC invocations=7585 (full 1543): garbage-first heap   total 63488K, used 42551K [0x0000000083000000, 0x0000000100000000)
[2020-12-15T01:06:45.231-0500][gc,heap        ] GC(7584)   region size 1024K, 0 young (0K), 0 survivors (0K)
[2020-12-15T01:06:45.231-0500][gc,heap        ] GC(7584)  Metaspace       used 48714K, capacity 50558K, committed 52992K, reserved 1093632K
[2020-12-15T01:06:45.231-0500][gc,heap        ] GC(7584)   class space    used 7296K, capacity 7963K, committed 8704K, reserved 1048576K
[2020-12-15T01:06:45.231-0500][gc             ] GC(7584) Pause Full (System.gc()) 43M->41M(62M) 40.439ms
[2020-12-15T01:06:45.231-0500][gc,cpu         ] GC(7584) User=0.16s Sys=0.00s Real=0.04s
[2020-12-15T01:08:49.873-0500][gc,heap        ] GC(7585) Heap before GC invocations=7585 (full 1543): garbage-first heap   total 63488K, used 49719K [0x0000000083000000, 0x0000000100000000)
[2020-12-15T01:08:49.873-0500][gc,heap        ] GC(7585)   region size 1024K, 8 young (8192K), 0 survivors (0K)
[2020-12-15T01:08:49.873-0500][gc,heap        ] GC(7585)  Metaspace       used 48714K, capacity 50558K, committed 52992K, reserved 1093632K
[2020-12-15T01:08:49.873-0500][gc,heap        ] GC(7585)   class space    used 7296K, capacity 7963K, committed 8704K, reserved 1048576K
[2020-12-15T01:08:49.873-0500][gc,start       ] GC(7585) Pause Young (Normal) (G1 Evacuation Pause)
[2020-12-15T01:08:49.873-0500][gc,task        ] GC(7585) Using 8 workers of 8 for evacuation
[2020-12-15T01:08:49.879-0500][gc,phases      ] GC(7585)   Pre Evacuate Collection Set: 0.0ms
[2020-12-15T01:08:49.879-0500][gc,phases      ] GC(7585)   Evacuate Collection Set: 1.1ms
[2020-12-15T01:08:49.879-0500][gc,phases      ] GC(7585)   Post Evacuate Collection Set: 4.0ms
[2020-12-15T01:08:49.879-0500][gc,phases      ] GC(7585)   Other: 0.5ms
[2020-12-15T01:08:49.879-0500][gc,heap        ] GC(7585) Eden regions: 8->0(7)
[2020-12-15T01:08:49.879-0500][gc,heap        ] GC(7585) Survivor regions: 0->1(1)
[2020-12-15T01:08:49.879-0500][gc,heap        ] GC(7585) Old regions: 42->42
[2020-12-15T01:08:49.879-0500][gc,heap        ] GC(7585) Humongous regions: 4->4
[2020-12-15T01:08:49.879-0500][gc,metaspace   ] GC(7585) Metaspace: 48714K->48714K(1093632K)
[2020-12-15T01:08:49.879-0500][gc,heap        ] GC(7585) Heap after GC invocations=7586 (full 1543): garbage-first heap   total 63488K, used 42613K [0x0000000083000000, 0x0000000100000000)
[2020-12-15T01:08:49.879-0500][gc,heap        ] GC(7585)   region size 1024K, 1 young (1024K), 1 survivors (1024K)
[2020-12-15T01:08:49.879-0500][gc,heap        ] GC(7585)  Metaspace       used 48714K, capacity 50558K, committed 52992K, reserved 1093632K
[2020-12-15T01:08:49.879-0500][gc,heap        ] GC(7585)   class space    used 7296K, capacity 7963K, committed 8704K, reserved 1048576K
[2020-12-15T01:08:49.879-0500][gc             ] GC(7585) Pause Young (Normal) (G1 Evacuation Pause) 49M->41M(62M) 5.686ms
[2020-12-15T01:08:49.879-0500][gc,cpu         ] GC(7585) User=0.02s Sys=0.00s Real=0.01s
[2020-12-15T01:10:41.118-0500][gc,heap        ] GC(7586) Heap before GC invocations=7586 (full 1543): garbage-first heap   total 63488K, used 48757K [0x0000000083000000, 0x0000000100000000)
[2020-12-15T01:10:41.119-0500][gc,heap        ] GC(7586)   region size 1024K, 8 young (8192K), 1 survivors (1024K)
[2020-12-15T01:10:41.119-0500][gc,heap        ] GC(7586)  Metaspace       used 48714K, capacity 50558K, committed 52992K, reserved 1093632K
[2020-12-15T01:10:41.119-0500][gc,heap        ] GC(7586)   class space    used 7296K, capacity 7963K, committed 8704K, reserved 1048576K
[2020-12-15T01:10:41.119-0500][gc,start       ] GC(7586) Pause Young (Normal) (G1 Evacuation Pause)
[2020-12-15T01:10:41.119-0500][gc,task        ] GC(7586) Using 8 workers of 8 for evacuation
[2020-12-15T01:10:41.123-0500][gc,phases      ] GC(7586)   Pre Evacuate Collection Set: 0.0ms
[2020-12-15T01:10:41.123-0500][gc,phases      ] GC(7586)   Evacuate Collection Set: 1.4ms
[2020-12-15T01:10:41.123-0500][gc,phases      ] GC(7586)   Post Evacuate Collection Set: 2.5ms
[2020-12-15T01:10:41.123-0500][gc,phases      ] GC(7586)   Other: 0.5ms
[2020-12-15T01:10:41.123-0500][gc,heap        ] GC(7586) Eden regions: 7->0(7)
[2020-12-15T01:10:41.123-0500][gc,heap        ] GC(7586) Survivor regions: 1->1(1)
[2020-12-15T01:10:41.123-0500][gc,heap        ] GC(7586) Old regions: 42->42
[2020-12-15T01:10:41.123-0500][gc,heap        ] GC(7586) Humongous regions: 4->4
[2020-12-15T01:10:41.123-0500][gc,metaspace   ] GC(7586) Metaspace: 48714K->48714K(1093632K)
[2020-12-15T01:10:41.123-0500][gc,heap        ] GC(7586) Heap after GC invocations=7587 (full 1543): garbage-first heap   total 63488K, used 42626K [0x0000000083000000, 0x0000000100000000)
[2020-12-15T01:10:41.123-0500][gc,heap        ] GC(7586)   region size 1024K, 1 young (1024K), 1 survivors (1024K)
[2020-12-15T01:10:41.123-0500][gc,heap        ] GC(7586)  Metaspace       used 48714K, capacity 50558K, committed 52992K, reserved 1093632K
[2020-12-15T01:10:41.123-0500][gc,heap        ] GC(7586)   class space    used 7296K, capacity 7963K, committed 8704K, reserved 1048576K
[2020-12-15T01:10:41.123-0500][gc             ] GC(7586) Pause Young (Normal) (G1 Evacuation Pause) 48M->41M(62M) 4.452ms
[2020-12-15T01:10:41.123-0500][gc,cpu         ] GC(7586) User=0.01s Sys=0.01s Real=0.00s
[2020-12-15T01:11:45.191-0500][gc,task        ] GC(7587) Using 5 workers of 8 for full compaction
[2020-12-15T01:11:45.191-0500][gc,start       ] GC(7587) Pause Full (System.gc())
[2020-12-15T01:11:45.191-0500][gc,heap        ] GC(7587) Heap before GC invocations=7587 (full 1543): garbage-first heap   total 63488K, used 46722K [0x0000000083000000, 0x0000000100000000)
[2020-12-15T01:11:45.191-0500][gc,heap        ] GC(7587)   region size 1024K, 6 young (6144K), 1 survivors (1024K)
[2020-12-15T01:11:45.191-0500][gc,heap        ] GC(7587)  Metaspace       used 48714K, capacity 50558K, committed 52992K, reserved 1093632K
[2020-12-15T01:11:45.191-0500][gc,heap        ] GC(7587)   class space    used 7296K, capacity 7963K, committed 8704K, reserved 1048576K
[2020-12-15T01:11:45.192-0500][gc,phases,start] GC(7587) Phase 1: Mark live objects
[2020-12-15T01:11:45.228-0500][gc,stringtable ] GC(7587) Cleaned string and symbol table, strings: 31790 processed, 0 removed, symbols: 119634 processed, 0 removed
[2020-12-15T01:11:45.228-0500][gc,phases      ] GC(7587) Phase 1: Mark live objects 36.540ms
[2020-12-15T01:11:45.228-0500][gc,phases,start] GC(7587) Phase 2: Prepare for compaction
[2020-12-15T01:11:45.232-0500][gc,phases      ] GC(7587) Phase 2: Prepare for compaction 3.701ms
[2020-12-15T01:11:45.232-0500][gc,phases,start] GC(7587) Phase 3: Adjust pointers
[2020-12-15T01:11:45.243-0500][gc,phases      ] GC(7587) Phase 3: Adjust pointers 11.274ms
[2020-12-15T01:11:45.243-0500][gc,phases,start] GC(7587) Phase 4: Compact heap
[2020-12-15T01:11:45.246-0500][gc,phases      ] GC(7587) Phase 4: Compact heap 2.568ms
[2020-12-15T01:11:45.251-0500][gc,heap        ] GC(7587) Eden regions: 5->0(10)
[2020-12-15T01:11:45.251-0500][gc,heap        ] GC(7587) Survivor regions: 1->0(1)
[2020-12-15T01:11:45.251-0500][gc,heap        ] GC(7587) Old regions: 42->40
[2020-12-15T01:11:45.251-0500][gc,heap        ] GC(7587) Humongous regions: 4->4
[2020-12-15T01:11:45.251-0500][gc,metaspace   ] GC(7587) Metaspace: 48714K->48714K(1093632K)
[2020-12-15T01:11:45.251-0500][gc,heap        ] GC(7587) Heap after GC invocations=7588 (full 1544): garbage-first heap   total 63488K, used 42566K [0x0000000083000000, 0x0000000100000000)
[2020-12-15T01:11:45.251-0500][gc,heap        ] GC(7587)   region size 1024K, 0 young (0K), 0 survivors (0K)
[2020-12-15T01:11:45.251-0500][gc,heap        ] GC(7587)  Metaspace       used 48714K, capacity 50558K, committed 52992K, reserved 1093632K
[2020-12-15T01:11:45.251-0500][gc,heap        ] GC(7587)   class space    used 7296K, capacity 7963K, committed 8704K, reserved 1048576K
[2020-12-15T01:11:45.251-0500][gc             ] GC(7587) Pause Full (System.gc()) 45M->41M(62M) 60.182ms
[2020-12-15T01:11:45.252-0500][gc,cpu         ] GC(7587) User=0.25s Sys=0.00s Real=0.06s
[2020-12-15T01:14:26.016-0500][gc,heap        ] GC(7588) Heap before GC invocations=7588 (full 1544): garbage-first heap   total 63488K, used 52806K [0x0000000083000000, 0x0000000100000000)
[2020-12-15T01:14:26.016-0500][gc,heap        ] GC(7588)   region size 1024K, 10 young (10240K), 0 survivors (0K)
[2020-12-15T01:14:26.016-0500][gc,heap        ] GC(7588)  Metaspace       used 48714K, capacity 50558K, committed 52992K, reserved 1093632K
[2020-12-15T01:14:26.016-0500][gc,heap        ] GC(7588)   class space    used 7296K, capacity 7963K, committed 8704K, reserved 1048576K
[2020-12-15T01:14:26.016-0500][gc,start       ] GC(7588) Pause Young (Normal) (G1 Evacuation Pause)
[2020-12-15T01:14:26.016-0500][gc,task        ] GC(7588) Using 8 workers of 8 for evacuation
[2020-12-15T01:14:26.021-0500][gc,phases      ] GC(7588)   Pre Evacuate Collection Set: 0.0ms
[2020-12-15T01:14:26.021-0500][gc,phases      ] GC(7588)   Evacuate Collection Set: 1.3ms
[2020-12-15T01:14:26.021-0500][gc,phases      ] GC(7588)   Post Evacuate Collection Set: 3.1ms
[2020-12-15T01:14:26.021-0500][gc,phases      ] GC(7588)   Other: 0.6ms
[2020-12-15T01:14:26.021-0500][gc,heap        ] GC(7588) Eden regions: 10->0(9)
[2020-12-15T01:14:26.021-0500][gc,heap        ] GC(7588) Survivor regions: 0->1(2)
[2020-12-15T01:14:26.021-0500][gc,heap        ] GC(7588) Old regions: 40->40
[2020-12-15T01:14:26.021-0500][gc,heap        ] GC(7588) Humongous regions: 4->4
[2020-12-15T01:14:26.021-0500][gc,metaspace   ] GC(7588) Metaspace: 48714K->48714K(1093632K)
[2020-12-15T01:14:26.021-0500][gc,heap        ] GC(7588) Heap after GC invocations=7589 (full 1544): garbage-first heap   total 63488K, used 42652K [0x0000000083000000, 0x0000000100000000)
[2020-12-15T01:14:26.021-0500][gc,heap        ] GC(7588)   region size 1024K, 1 young (1024K), 1 survivors (1024K)
[2020-12-15T01:14:26.021-0500][gc,heap        ] GC(7588)  Metaspace       used 48714K, capacity 50558K, committed 52992K, reserved 1093632K
[2020-12-15T01:14:26.021-0500][gc,heap        ] GC(7588)   class space    used 7296K, capacity 7963K, committed 8704K, reserved 1048576K
[2020-12-15T01:14:26.021-0500][gc             ] GC(7588) Pause Young (Normal) (G1 Evacuation Pause) 51M->41M(62M) 5.019ms
[2020-12-15T01:14:26.022-0500][gc,cpu         ] GC(7588) User=0.01s Sys=0.01s Real=0.01s
[2020-12-15T01:16:45.189-0500][gc,task        ] GC(7589) Using 5 workers of 8 for full compaction
[2020-12-15T01:16:45.189-0500][gc,start       ] GC(7589) Pause Full (System.gc())
[2020-12-15T01:16:45.189-0500][gc,heap        ] GC(7589) Heap before GC invocations=7589 (full 1544): garbage-first heap   total 63488K, used 49820K [0x0000000083000000, 0x0000000100000000)
[2020-12-15T01:16:45.189-0500][gc,heap        ] GC(7589)   region size 1024K, 10 young (10240K), 1 survivors (1024K)
[2020-12-15T01:16:45.189-0500][gc,heap        ] GC(7589)  Metaspace       used 48714K, capacity 50558K, committed 52992K, reserved 1093632K
[2020-12-15T01:16:45.189-0500][gc,heap        ] GC(7589)   class space    used 7296K, capacity 7963K, committed 8704K, reserved 1048576K
[2020-12-15T01:16:45.189-0500][gc,phases,start] GC(7589) Phase 1: Mark live objects
[2020-12-15T01:16:45.229-0500][gc,stringtable ] GC(7589) Cleaned string and symbol table, strings: 31790 processed, 0 removed, symbols: 119634 processed, 0 removed
[2020-12-15T01:16:45.229-0500][gc,phases      ] GC(7589) Phase 1: Mark live objects 39.680ms
[2020-12-15T01:16:45.229-0500][gc,phases,start] GC(7589) Phase 2: Prepare for compaction
[2020-12-15T01:16:45.233-0500][gc,phases      ] GC(7589) Phase 2: Prepare for compaction 3.784ms
[2020-12-15T01:16:45.233-0500][gc,phases,start] GC(7589) Phase 3: Adjust pointers
[2020-12-15T01:16:45.243-0500][gc,phases      ] GC(7589) Phase 3: Adjust pointers 10.358ms
[2020-12-15T01:16:45.243-0500][gc,phases,start] GC(7589) Phase 4: Compact heap
[2020-12-15T01:16:45.246-0500][gc,phases      ] GC(7589) Phase 4: Compact heap 2.500ms
[2020-12-15T01:16:45.251-0500][gc,heap        ] GC(7589) Eden regions: 9->0(11)
[2020-12-15T01:16:45.251-0500][gc,heap        ] GC(7589) Survivor regions: 1->0(2)
[2020-12-15T01:16:45.251-0500][gc,heap        ] GC(7589) Old regions: 40->39
[2020-12-15T01:16:45.251-0500][gc,heap        ] GC(7589) Humongous regions: 4->4
[2020-12-15T01:16:45.251-0500][gc,metaspace   ] GC(7589) Metaspace: 48714K->48714K(1093632K)
[2020-12-15T01:16:45.251-0500][gc,heap        ] GC(7589) Heap after GC invocations=7590 (full 1545): garbage-first heap   total 63488K, used 42583K [0x0000000083000000, 0x0000000100000000)
[2020-12-15T01:16:45.251-0500][gc,heap        ] GC(7589)   region size 1024K, 0 young (0K), 0 survivors (0K)
[2020-12-15T01:16:45.251-0500][gc,heap        ] GC(7589)  Metaspace       used 48714K, capacity 50558K, committed 52992K, reserved 1093632K
[2020-12-15T01:16:45.251-0500][gc,heap        ] GC(7589)   class space    used 7296K, capacity 7963K, committed 8704K, reserved 1048576K
[2020-12-15T01:16:45.251-0500][gc             ] GC(7589) Pause Full (System.gc()) 49M->41M(62M) 62.611ms
[2020-12-15T01:16:45.251-0500][gc,cpu         ] GC(7589) User=0.23s Sys=0.04s Real=0.06s
[2020-12-15T01:19:32.340-0500][gc,heap        ] GC(7590) Heap before GC invocations=7590 (full 1545): garbage-first heap   total 63488K, used 53847K [0x0000000083000000, 0x0000000100000000)
[2020-12-15T01:19:32.340-0500][gc,heap        ] GC(7590)   region size 1024K, 11 young (11264K), 0 survivors (0K)
[2020-12-15T01:19:32.340-0500][gc,heap        ] GC(7590)  Metaspace       used 48714K, capacity 50558K, committed 52992K, reserved 1093632K
[2020-12-15T01:19:32.340-0500][gc,heap        ] GC(7590)   class space    used 7296K, capacity 7963K, committed 8704K, reserved 1048576K
[2020-12-15T01:19:32.340-0500][gc,start       ] GC(7590) Pause Young (Normal) (G1 Evacuation Pause)
[2020-12-15T01:19:32.340-0500][gc,task        ] GC(7590) Using 8 workers of 8 for evacuation
[2020-12-15T01:19:32.349-0500][gc,phases      ] GC(7590)   Pre Evacuate Collection Set: 0.0ms
[2020-12-15T01:19:32.349-0500][gc,phases      ] GC(7590)   Evacuate Collection Set: 2.8ms
[2020-12-15T01:19:32.349-0500][gc,phases      ] GC(7590)   Post Evacuate Collection Set: 6.2ms
[2020-12-15T01:19:32.349-0500][gc,phases      ] GC(7590)   Other: 0.5ms
[2020-12-15T01:19:32.349-0500][gc,heap        ] GC(7590) Eden regions: 11->0(10)
[2020-12-15T01:19:32.349-0500][gc,heap        ] GC(7590) Survivor regions: 0->1(2)
[2020-12-15T01:19:32.350-0500][gc,heap        ] GC(7590) Old regions: 39->39
[2020-12-15T01:19:32.350-0500][gc,heap        ] GC(7590) Humongous regions: 4->4
[2020-12-15T01:19:32.350-0500][gc,metaspace   ] GC(7590) Metaspace: 48714K->48714K(1093632K)
[2020-12-15T01:19:32.350-0500][gc,heap        ] GC(7590) Heap after GC invocations=7591 (full 1545): garbage-first heap   total 63488K, used 42673K [0x0000000083000000, 0x0000000100000000)
[2020-12-15T01:19:32.350-0500][gc,heap        ] GC(7590)   region size 1024K, 1 young (1024K), 1 survivors (1024K)
[2020-12-15T01:19:32.350-0500][gc,heap        ] GC(7590)  Metaspace       used 48714K, capacity 50558K, committed 52992K, reserved 1093632K
[2020-12-15T01:19:32.350-0500][gc,heap        ] GC(7590)   class space    used 7296K, capacity 7963K, committed 8704K, reserved 1048576K
[2020-12-15T01:19:32.350-0500][gc             ] GC(7590) Pause Young (Normal) (G1 Evacuation Pause) 52M->41M(62M) 9.976ms
[2020-12-15T01:19:32.350-0500][gc,cpu         ] GC(7590) User=0.03s Sys=0.01s Real=0.01s
[2020-12-15T01:21:45.191-0500][gc,task        ] GC(7591) Using 5 workers of 8 for full compaction
[2020-12-15T01:21:45.191-0500][gc,start       ] GC(7591) Pause Full (System.gc())
[2020-12-15T01:21:45.191-0500][gc,heap        ] GC(7591) Heap before GC invocations=7591 (full 1545): garbage-first heap   total 63488K, used 49841K [0x0000000083000000, 0x0000000100000000)
[2020-12-15T01:21:45.191-0500][gc,heap        ] GC(7591)   region size 1024K, 10 young (10240K), 1 survivors (1024K)
[2020-12-15T01:21:45.191-0500][gc,heap        ] GC(7591)  Metaspace       used 48714K, capacity 50558K, committed 52992K, reserved 1093632K
[2020-12-15T01:21:45.191-0500][gc,heap        ] GC(7591)   class space    used 7296K, capacity 7963K, committed 8704K, reserved 1048576K
[2020-12-15T01:21:45.191-0500][gc,phases,start] GC(7591) Phase 1: Mark live objects
[2020-12-15T01:21:45.219-0500][gc,stringtable ] GC(7591) Cleaned string and symbol table, strings: 31790 processed, 0 removed, symbols: 119634 processed, 0 removed
[2020-12-15T01:21:45.219-0500][gc,phases      ] GC(7591) Phase 1: Mark live objects 27.389ms
[2020-12-15T01:21:45.219-0500][gc,phases,start] GC(7591) Phase 2: Prepare for compaction
[2020-12-15T01:21:45.223-0500][gc,phases      ] GC(7591) Phase 2: Prepare for compaction 4.413ms
[2020-12-15T01:21:45.223-0500][gc,phases,start] GC(7591) Phase 3: Adjust pointers
[2020-12-15T01:21:45.233-0500][gc,phases      ] GC(7591) Phase 3: Adjust pointers 9.940ms
[2020-12-15T01:21:45.233-0500][gc,phases,start] GC(7591) Phase 4: Compact heap
[2020-12-15T01:21:45.236-0500][gc,phases      ] GC(7591) Phase 4: Compact heap 2.633ms
[2020-12-15T01:21:45.241-0500][gc,heap        ] GC(7591) Eden regions: 9->0(10)
[2020-12-15T01:21:45.241-0500][gc,heap        ] GC(7591) Survivor regions: 1->0(2)
[2020-12-15T01:21:45.241-0500][gc,heap        ] GC(7591) Old regions: 39->40
[2020-12-15T01:21:45.241-0500][gc,heap        ] GC(7591) Humongous regions: 4->4
[2020-12-15T01:21:45.241-0500][gc,metaspace   ] GC(7591) Metaspace: 48714K->48714K(1093632K)
[2020-12-15T01:21:45.241-0500][gc,heap        ] GC(7591) Heap after GC invocations=7592 (full 1546): garbage-first heap   total 63488K, used 42589K [0x0000000083000000, 0x0000000100000000)
[2020-12-15T01:21:45.241-0500][gc,heap        ] GC(7591)   region size 1024K, 0 young (0K), 0 survivors (0K)
[2020-12-15T01:21:45.241-0500][gc,heap        ] GC(7591)  Metaspace       used 48714K, capacity 50558K, committed 52992K, reserved 1093632K
[2020-12-15T01:21:45.241-0500][gc,heap        ] GC(7591)   class space    used 7296K, capacity 7963K, committed 8704K, reserved 1048576K
[2020-12-15T01:21:45.241-0500][gc             ] GC(7591) Pause Full (System.gc()) 49M->41M(62M) 50.298ms
[2020-12-15T01:21:45.241-0500][gc,cpu         ] GC(7591) User=0.21s Sys=0.00s Real=0.05s
[2020-12-15T01:24:26.014-0500][gc,heap        ] GC(7592) Heap before GC invocations=7592 (full 1546): garbage-first heap   total 63488K, used 52829K [0x0000000083000000, 0x0000000100000000)
[2020-12-15T01:24:26.014-0500][gc,heap        ] GC(7592)   region size 1024K, 10 young (10240K), 0 survivors (0K)
[2020-12-15T01:24:26.014-0500][gc,heap        ] GC(7592)  Metaspace       used 48714K, capacity 50558K, committed 52992K, reserved 1093632K
[2020-12-15T01:24:26.014-0500][gc,heap        ] GC(7592)   class space    used 7296K, capacity 7963K, committed 8704K, reserved 1048576K
[2020-12-15T01:24:26.014-0500][gc,start       ] GC(7592) Pause Young (Normal) (G1 Evacuation Pause)
[2020-12-15T01:24:26.014-0500][gc,task        ] GC(7592) Using 8 workers of 8 for evacuation
[2020-12-15T01:24:26.019-0500][gc,phases      ] GC(7592)   Pre Evacuate Collection Set: 0.0ms
[2020-12-15T01:24:26.019-0500][gc,phases      ] GC(7592)   Evacuate Collection Set: 1.9ms
[2020-12-15T01:24:26.019-0500][gc,phases      ] GC(7592)   Post Evacuate Collection Set: 2.4ms
[2020-12-15T01:24:26.019-0500][gc,phases      ] GC(7592)   Other: 0.5ms
[2020-12-15T01:24:26.019-0500][gc,heap        ] GC(7592) Eden regions: 10->0(9)
[2020-12-15T01:24:26.019-0500][gc,heap        ] GC(7592) Survivor regions: 0->1(2)
[2020-12-15T01:24:26.019-0500][gc,heap        ] GC(7592) Old regions: 40->40
[2020-12-15T01:24:26.019-0500][gc,heap        ] GC(7592) Humongous regions: 4->4
[2020-12-15T01:24:26.019-0500][gc,metaspace   ] GC(7592) Metaspace: 48714K->48714K(1093632K)
[2020-12-15T01:24:26.019-0500][gc,heap        ] GC(7592) Heap after GC invocations=7593 (full 1546): garbage-first heap   total 63488K, used 42678K [0x0000000083000000, 0x0000000100000000)
[2020-12-15T01:24:26.019-0500][gc,heap        ] GC(7592)   region size 1024K, 1 young (1024K), 1 survivors (1024K)
[2020-12-15T01:24:26.019-0500][gc,heap        ] GC(7592)  Metaspace       used 48714K, capacity 50558K, committed 52992K, reserved 1093632K
[2020-12-15T01:24:26.019-0500][gc,heap        ] GC(7592)   class space    used 7296K, capacity 7963K, committed 8704K, reserved 1048576K
[2020-12-15T01:24:26.019-0500][gc             ] GC(7592) Pause Young (Normal) (G1 Evacuation Pause) 51M->41M(62M) 4.986ms
[2020-12-15T01:24:26.019-0500][gc,cpu         ] GC(7592) User=0.01s Sys=0.00s Real=0.01s
[2020-12-15T01:26:45.190-0500][gc,task        ] GC(7593) Using 5 workers of 8 for full compaction
[2020-12-15T01:26:45.191-0500][gc,start       ] GC(7593) Pause Full (System.gc())
[2020-12-15T01:26:45.191-0500][gc,heap        ] GC(7593) Heap before GC invocations=7593 (full 1546): garbage-first heap   total 63488K, used 50870K [0x0000000083000000, 0x0000000100000000)
[2020-12-15T01:26:45.191-0500][gc,heap        ] GC(7593)   region size 1024K, 10 young (10240K), 1 survivors (1024K)
[2020-12-15T01:26:45.191-0500][gc,heap        ] GC(7593)  Metaspace       used 48714K, capacity 50558K, committed 52992K, reserved 1093632K
[2020-12-15T01:26:45.191-0500][gc,heap        ] GC(7593)   class space    used 7296K, capacity 7963K, committed 8704K, reserved 1048576K
[2020-12-15T01:26:45.191-0500][gc,phases,start] GC(7593) Phase 1: Mark live objects
[2020-12-15T01:26:45.231-0500][gc,stringtable ] GC(7593) Cleaned string and symbol table, strings: 31790 processed, 0 removed, symbols: 119634 processed, 0 removed
[2020-12-15T01:26:45.231-0500][gc,phases      ] GC(7593) Phase 1: Mark live objects 39.749ms
[2020-12-15T01:26:45.231-0500][gc,phases,start] GC(7593) Phase 2: Prepare for compaction
[2020-12-15T01:26:45.234-0500][gc,phases      ] GC(7593) Phase 2: Prepare for compaction 3.347ms
[2020-12-15T01:26:45.234-0500][gc,phases,start] GC(7593) Phase 3: Adjust pointers
[2020-12-15T01:26:45.244-0500][gc,phases      ] GC(7593) Phase 3: Adjust pointers 10.071ms
[2020-12-15T01:26:45.244-0500][gc,phases,start] GC(7593) Phase 4: Compact heap
[2020-12-15T01:26:45.247-0500][gc,phases      ] GC(7593) Phase 4: Compact heap 2.693ms
[2020-12-15T01:26:45.253-0500][gc,heap        ] GC(7593) Eden regions: 9->0(9)
[2020-12-15T01:26:45.253-0500][gc,heap        ] GC(7593) Survivor regions: 1->0(2)
[2020-12-15T01:26:45.253-0500][gc,heap        ] GC(7593) Old regions: 40->41
[2020-12-15T01:26:45.253-0500][gc,heap        ] GC(7593) Humongous regions: 4->4
[2020-12-15T01:26:45.253-0500][gc,metaspace   ] GC(7593) Metaspace: 48714K->48714K(1093632K)
[2020-12-15T01:26:45.253-0500][gc,heap        ] GC(7593) Heap after GC invocations=7594 (full 1547): garbage-first heap   total 63488K, used 42588K [0x0000000083000000, 0x0000000100000000)
[2020-12-15T01:26:45.253-0500][gc,heap        ] GC(7593)   region size 1024K, 0 young (0K), 0 survivors (0K)
[2020-12-15T01:26:45.253-0500][gc,heap        ] GC(7593)  Metaspace       used 48714K, capacity 50558K, committed 52992K, reserved 1093632K
[2020-12-15T01:26:45.253-0500][gc,heap        ] GC(7593)   class space    used 7296K, capacity 7963K, committed 8704K, reserved 1048576K
[2020-12-15T01:26:45.253-0500][gc             ] GC(7593) Pause Full (System.gc()) 50M->41M(62M) 62.350ms
[2020-12-15T01:26:45.253-0500][gc,cpu         ] GC(7593) User=0.27s Sys=0.00s Real=0.06s
[2020-12-15T01:29:06.011-0500][gc,heap        ] GC(7594) Heap before GC invocations=7594 (full 1547): garbage-first heap   total 63488K, used 50780K [0x0000000083000000, 0x0000000100000000)
[2020-12-15T01:29:06.011-0500][gc,heap        ] GC(7594)   region size 1024K, 9 young (9216K), 0 survivors (0K)
[2020-12-15T01:29:06.011-0500][gc,heap        ] GC(7594)  Metaspace       used 48714K, capacity 50558K, committed 52992K, reserved 1093632K
[2020-12-15T01:29:06.011-0500][gc,heap        ] GC(7594)   class space    used 7296K, capacity 7963K, committed 8704K, reserved 1048576K
[2020-12-15T01:29:06.011-0500][gc,start       ] GC(7594) Pause Young (Normal) (G1 Evacuation Pause)
[2020-12-15T01:29:06.011-0500][gc,task        ] GC(7594) Using 8 workers of 8 for evacuation
[2020-12-15T01:29:06.015-0500][gc,phases      ] GC(7594)   Pre Evacuate Collection Set: 0.0ms
[2020-12-15T01:29:06.015-0500][gc,phases      ] GC(7594)   Evacuate Collection Set: 0.7ms
[2020-12-15T01:29:06.015-0500][gc,phases      ] GC(7594)   Post Evacuate Collection Set: 3.6ms
[2020-12-15T01:29:06.015-0500][gc,phases      ] GC(7594)   Other: 0.3ms
[2020-12-15T01:29:06.015-0500][gc,heap        ] GC(7594) Eden regions: 9->0(8)
[2020-12-15T01:29:06.015-0500][gc,heap        ] GC(7594) Survivor regions: 0->1(2)
[2020-12-15T01:29:06.015-0500][gc,heap        ] GC(7594) Old regions: 41->41
[2020-12-15T01:29:06.015-0500][gc,heap        ] GC(7594) Humongous regions: 4->4
[2020-12-15T01:29:06.015-0500][gc,metaspace   ] GC(7594) Metaspace: 48714K->48714K(1093632K)
[2020-12-15T01:29:06.015-0500][gc,heap        ] GC(7594) Heap after GC invocations=7595 (full 1547): garbage-first heap   total 63488K, used 42665K [0x0000000083000000, 0x0000000100000000)
[2020-12-15T01:29:06.015-0500][gc,heap        ] GC(7594)   region size 1024K, 1 young (1024K), 1 survivors (1024K)
[2020-12-15T01:29:06.015-0500][gc,heap        ] GC(7594)  Metaspace       used 48714K, capacity 50558K, committed 52992K, reserved 1093632K
[2020-12-15T01:29:06.015-0500][gc,heap        ] GC(7594)   class space    used 7296K, capacity 7963K, committed 8704K, reserved 1048576K
[2020-12-15T01:29:06.015-0500][gc             ] GC(7594) Pause Young (Normal) (G1 Evacuation Pause) 50M->41M(62M) 4.622ms
[2020-12-15T01:29:06.015-0500][gc,cpu         ] GC(7594) User=0.02s Sys=0.00s Real=0.00s
[2020-12-15T01:31:16.014-0500][gc,heap        ] GC(7595) Heap before GC invocations=7595 (full 1547): garbage-first heap   total 63488K, used 50857K [0x0000000083000000, 0x0000000100000000)
[2020-12-15T01:31:16.014-0500][gc,heap        ] GC(7595)   region size 1024K, 9 young (9216K), 1 survivors (1024K)
[2020-12-15T01:31:16.014-0500][gc,heap        ] GC(7595)  Metaspace       used 48714K, capacity 50558K, committed 52992K, reserved 1093632K
[2020-12-15T01:31:16.014-0500][gc,heap        ] GC(7595)   class space    used 7296K, capacity 7963K, committed 8704K, reserved 1048576K
[2020-12-15T01:31:16.015-0500][gc,start       ] GC(7595) Pause Young (Normal) (G1 Evacuation Pause)
[2020-12-15T01:31:16.015-0500][gc,task        ] GC(7595) Using 8 workers of 8 for evacuation
[2020-12-15T01:31:16.018-0500][gc,phases      ] GC(7595)   Pre Evacuate Collection Set: 0.0ms
[2020-12-15T01:31:16.018-0500][gc,phases      ] GC(7595)   Evacuate Collection Set: 1.5ms
[2020-12-15T01:31:16.018-0500][gc,phases      ] GC(7595)   Post Evacuate Collection Set: 2.0ms
[2020-12-15T01:31:16.018-0500][gc,phases      ] GC(7595)   Other: 0.4ms
[2020-12-15T01:31:16.018-0500][gc,heap        ] GC(7595) Eden regions: 8->0(8)
[2020-12-15T01:31:16.018-0500][gc,heap        ] GC(7595) Survivor regions: 1->1(2)
[2020-12-15T01:31:16.019-0500][gc,heap        ] GC(7595) Old regions: 41->41
[2020-12-15T01:31:16.019-0500][gc,heap        ] GC(7595) Humongous regions: 4->4
[2020-12-15T01:31:16.019-0500][gc,metaspace   ] GC(7595) Metaspace: 48714K->48714K(1093632K)
[2020-12-15T01:31:16.019-0500][gc,heap        ] GC(7595) Heap after GC invocations=7596 (full 1547): garbage-first heap   total 63488K, used 42661K [0x0000000083000000, 0x0000000100000000)
[2020-12-15T01:31:16.019-0500][gc,heap        ] GC(7595)   region size 1024K, 1 young (1024K), 1 survivors (1024K)
[2020-12-15T01:31:16.019-0500][gc,heap        ] GC(7595)  Metaspace       used 48714K, capacity 50558K, committed 52992K, reserved 1093632K
[2020-12-15T01:31:16.019-0500][gc,heap        ] GC(7595)   class space    used 7296K, capacity 7963K, committed 8704K, reserved 1048576K
[2020-12-15T01:31:16.019-0500][gc             ] GC(7595) Pause Young (Normal) (G1 Evacuation Pause) 49M->41M(62M) 4.140ms
[2020-12-15T01:31:16.019-0500][gc,cpu         ] GC(7595) User=0.00s Sys=0.01s Real=0.01s
[2020-12-15T01:31:45.191-0500][gc,task        ] GC(7596) Using 5 workers of 8 for full compaction
[2020-12-15T01:31:45.192-0500][gc,start       ] GC(7596) Pause Full (System.gc())
[2020-12-15T01:31:45.192-0500][gc,heap        ] GC(7596) Heap before GC invocations=7596 (full 1547): garbage-first heap   total 63488K, used 43685K [0x0000000083000000, 0x0000000100000000)
[2020-12-15T01:31:45.192-0500][gc,heap        ] GC(7596)   region size 1024K, 3 young (3072K), 1 survivors (1024K)
[2020-12-15T01:31:45.192-0500][gc,heap        ] GC(7596)  Metaspace       used 48714K, capacity 50558K, committed 52992K, reserved 1093632K
[2020-12-15T01:31:45.192-0500][gc,heap        ] GC(7596)   class space    used 7296K, capacity 7963K, committed 8704K, reserved 1048576K
[2020-12-15T01:31:45.192-0500][gc,phases,start] GC(7596) Phase 1: Mark live objects
[2020-12-15T01:31:45.239-0500][gc,stringtable ] GC(7596) Cleaned string and symbol table, strings: 31790 processed, 0 removed, symbols: 119634 processed, 0 removed
[2020-12-15T01:31:45.239-0500][gc,phases      ] GC(7596) Phase 1: Mark live objects 46.948ms
[2020-12-15T01:31:45.239-0500][gc,phases,start] GC(7596) Phase 2: Prepare for compaction
[2020-12-15T01:31:45.243-0500][gc,phases      ] GC(7596) Phase 2: Prepare for compaction 3.571ms
[2020-12-15T01:31:45.243-0500][gc,phases,start] GC(7596) Phase 3: Adjust pointers
[2020-12-15T01:31:45.254-0500][gc,phases      ] GC(7596) Phase 3: Adjust pointers 10.937ms
[2020-12-15T01:31:45.254-0500][gc,phases,start] GC(7596) Phase 4: Compact heap
[2020-12-15T01:31:45.257-0500][gc,phases      ] GC(7596) Phase 4: Compact heap 2.662ms
[2020-12-15T01:31:45.262-0500][gc,heap        ] GC(7596) Eden regions: 2->0(10)
[2020-12-15T01:31:45.262-0500][gc,heap        ] GC(7596) Survivor regions: 1->0(2)
[2020-12-15T01:31:45.262-0500][gc,heap        ] GC(7596) Old regions: 41->40
[2020-12-15T01:31:45.262-0500][gc,heap        ] GC(7596) Humongous regions: 4->4
[2020-12-15T01:31:45.262-0500][gc,metaspace   ] GC(7596) Metaspace: 48714K->48714K(1093632K)
[2020-12-15T01:31:45.262-0500][gc,heap        ] GC(7596) Heap after GC invocations=7597 (full 1548): garbage-first heap   total 63488K, used 42551K [0x0000000083000000, 0x0000000100000000)
[2020-12-15T01:31:45.262-0500][gc,heap        ] GC(7596)   region size 1024K, 0 young (0K), 0 survivors (0K)
[2020-12-15T01:31:45.262-0500][gc,heap        ] GC(7596)  Metaspace       used 48714K, capacity 50558K, committed 52992K, reserved 1093632K
[2020-12-15T01:31:45.262-0500][gc,heap        ] GC(7596)   class space    used 7296K, capacity 7963K, committed 8704K, reserved 1048576K
[2020-12-15T01:31:45.262-0500][gc             ] GC(7596) Pause Full (System.gc()) 43M->41M(62M) 70.325ms
[2020-12-15T01:31:45.262-0500][gc,cpu         ] GC(7596) User=0.28s Sys=0.00s Real=0.07s
[2020-12-15T01:34:26.014-0500][gc,heap        ] GC(7597) Heap before GC invocations=7597 (full 1548): garbage-first heap   total 63488K, used 51767K [0x0000000083000000, 0x0000000100000000)
[2020-12-15T01:34:26.014-0500][gc,heap        ] GC(7597)   region size 1024K, 10 young (10240K), 0 survivors (0K)
[2020-12-15T01:34:26.014-0500][gc,heap        ] GC(7597)  Metaspace       used 48714K, capacity 50558K, committed 52992K, reserved 1093632K
[2020-12-15T01:34:26.014-0500][gc,heap        ] GC(7597)   class space    used 7296K, capacity 7963K, committed 8704K, reserved 1048576K
[2020-12-15T01:34:26.014-0500][gc,start       ] GC(7597) Pause Young (Normal) (G1 Evacuation Pause)
[2020-12-15T01:34:26.014-0500][gc,task        ] GC(7597) Using 8 workers of 8 for evacuation
[2020-12-15T01:34:26.068-0500][gc,phases      ] GC(7597)   Pre Evacuate Collection Set: 0.0ms
[2020-12-15T01:34:26.068-0500][gc,phases      ] GC(7597)   Evacuate Collection Set: 37.2ms
[2020-12-15T01:34:26.068-0500][gc,phases      ] GC(7597)   Post Evacuate Collection Set: 16.7ms
[2020-12-15T01:34:26.068-0500][gc,phases      ] GC(7597)   Other: 0.3ms
[2020-12-15T01:34:26.068-0500][gc,heap        ] GC(7597) Eden regions: 10->0(9)
[2020-12-15T01:34:26.068-0500][gc,heap        ] GC(7597) Survivor regions: 0->1(2)
[2020-12-15T01:34:26.068-0500][gc,heap        ] GC(7597) Old regions: 40->40
[2020-12-15T01:34:26.068-0500][gc,heap        ] GC(7597) Humongous regions: 4->4
[2020-12-15T01:34:26.068-0500][gc,metaspace   ] GC(7597) Metaspace: 48714K->48714K(1093632K)
[2020-12-15T01:34:26.068-0500][gc,heap        ] GC(7597) Heap after GC invocations=7598 (full 1548): garbage-first heap   total 63488K, used 42616K [0x0000000083000000, 0x0000000100000000)
[2020-12-15T01:34:26.068-0500][gc,heap        ] GC(7597)   region size 1024K, 1 young (1024K), 1 survivors (1024K)
[2020-12-15T01:34:26.068-0500][gc,heap        ] GC(7597)  Metaspace       used 48714K, capacity 50558K, committed 52992K, reserved 1093632K
[2020-12-15T01:34:26.068-0500][gc,heap        ] GC(7597)   class space    used 7296K, capacity 7963K, committed 8704K, reserved 1048576K
[2020-12-15T01:34:26.069-0500][gc             ] GC(7597) Pause Young (Normal) (G1 Evacuation Pause) 51M->41M(62M) 54.505ms
[2020-12-15T01:34:26.069-0500][gc,cpu         ] GC(7597) User=0.30s Sys=0.03s Real=0.06s
[2020-12-15T01:36:45.190-0500][gc,task        ] GC(7598) Using 5 workers of 8 for full compaction
[2020-12-15T01:36:45.190-0500][gc,start       ] GC(7598) Pause Full (System.gc())
[2020-12-15T01:36:45.190-0500][gc,heap        ] GC(7598) Heap before GC invocations=7598 (full 1548): garbage-first heap   total 63488K, used 49784K [0x0000000083000000, 0x0000000100000000)
[2020-12-15T01:36:45.190-0500][gc,heap        ] GC(7598)   region size 1024K, 10 young (10240K), 1 survivors (1024K)
[2020-12-15T01:36:45.190-0500][gc,heap        ] GC(7598)  Metaspace       used 48714K, capacity 50558K, committed 52992K, reserved 1093632K
[2020-12-15T01:36:45.190-0500][gc,heap        ] GC(7598)   class space    used 7296K, capacity 7963K, committed 8704K, reserved 1048576K
[2020-12-15T01:36:45.191-0500][gc,phases,start] GC(7598) Phase 1: Mark live objects
[2020-12-15T01:36:45.227-0500][gc,stringtable ] GC(7598) Cleaned string and symbol table, strings: 31790 processed, 0 removed, symbols: 119634 processed, 0 removed
[2020-12-15T01:36:45.227-0500][gc,phases      ] GC(7598) Phase 1: Mark live objects 36.270ms
[2020-12-15T01:36:45.227-0500][gc,phases,start] GC(7598) Phase 2: Prepare for compaction
[2020-12-15T01:36:45.232-0500][gc,phases      ] GC(7598) Phase 2: Prepare for compaction 4.478ms
[2020-12-15T01:36:45.232-0500][gc,phases,start] GC(7598) Phase 3: Adjust pointers
[2020-12-15T01:36:45.241-0500][gc,phases      ] GC(7598) Phase 3: Adjust pointers 9.523ms
[2020-12-15T01:36:45.241-0500][gc,phases,start] GC(7598) Phase 4: Compact heap
[2020-12-15T01:36:45.244-0500][gc,phases      ] GC(7598) Phase 4: Compact heap 2.481ms
[2020-12-15T01:36:45.249-0500][gc,heap        ] GC(7598) Eden regions: 9->0(10)
[2020-12-15T01:36:45.249-0500][gc,heap        ] GC(7598) Survivor regions: 1->0(2)
[2020-12-15T01:36:45.249-0500][gc,heap        ] GC(7598) Old regions: 40->40
[2020-12-15T01:36:45.249-0500][gc,heap        ] GC(7598) Humongous regions: 4->4
[2020-12-15T01:36:45.250-0500][gc,metaspace   ] GC(7598) Metaspace: 48714K->48714K(1093632K)
[2020-12-15T01:36:45.250-0500][gc,heap        ] GC(7598) Heap after GC invocations=7599 (full 1549): garbage-first heap   total 63488K, used 42593K [0x0000000083000000, 0x0000000100000000)
[2020-12-15T01:36:45.250-0500][gc,heap        ] GC(7598)   region size 1024K, 0 young (0K), 0 survivors (0K)
[2020-12-15T01:36:45.250-0500][gc,heap        ] GC(7598)  Metaspace       used 48714K, capacity 50558K, committed 52992K, reserved 1093632K
[2020-12-15T01:36:45.250-0500][gc,heap        ] GC(7598)   class space    used 7296K, capacity 7963K, committed 8704K, reserved 1048576K
[2020-12-15T01:36:45.250-0500][gc             ] GC(7598) Pause Full (System.gc()) 50M->41M(62M) 59.200ms
[2020-12-15T01:36:45.250-0500][gc,cpu         ] GC(7598) User=0.25s Sys=0.00s Real=0.06s
[2020-12-15T01:39:16.020-0500][gc,heap        ] GC(7599) Heap before GC invocations=7599 (full 1549): garbage-first heap   total 63488K, used 51809K [0x0000000083000000, 0x0000000100000000)
[2020-12-15T01:39:16.020-0500][gc,heap        ] GC(7599)   region size 1024K, 10 young (10240K), 0 survivors (0K)
[2020-12-15T01:39:16.020-0500][gc,heap        ] GC(7599)  Metaspace       used 48714K, capacity 50558K, committed 52992K, reserved 1093632K
[2020-12-15T01:39:16.020-0500][gc,heap        ] GC(7599)   class space    used 7296K, capacity 7963K, committed 8704K, reserved 1048576K
[2020-12-15T01:39:16.020-0500][gc,start       ] GC(7599) Pause Young (Normal) (G1 Evacuation Pause)
[2020-12-15T01:39:16.020-0500][gc,task        ] GC(7599) Using 8 workers of 8 for evacuation
[2020-12-15T01:39:16.025-0500][gc,phases      ] GC(7599)   Pre Evacuate Collection Set: 0.0ms
[2020-12-15T01:39:16.025-0500][gc,phases      ] GC(7599)   Evacuate Collection Set: 1.4ms
[2020-12-15T01:39:16.025-0500][gc,phases      ] GC(7599)   Post Evacuate Collection Set: 3.3ms
[2020-12-15T01:39:16.025-0500][gc,phases      ] GC(7599)   Other: 0.4ms
[2020-12-15T01:39:16.025-0500][gc,heap        ] GC(7599) Eden regions: 10->0(9)
[2020-12-15T01:39:16.025-0500][gc,heap        ] GC(7599) Survivor regions: 0->1(2)
[2020-12-15T01:39:16.025-0500][gc,heap        ] GC(7599) Old regions: 40->40
[2020-12-15T01:39:16.025-0500][gc,heap        ] GC(7599) Humongous regions: 4->4
[2020-12-15T01:39:16.025-0500][gc,metaspace   ] GC(7599) Metaspace: 48714K->48714K(1093632K)
[2020-12-15T01:39:16.025-0500][gc,heap        ] GC(7599) Heap after GC invocations=7600 (full 1549): garbage-first heap   total 63488K, used 42674K [0x0000000083000000, 0x0000000100000000)
[2020-12-15T01:39:16.025-0500][gc,heap        ] GC(7599)   region size 1024K, 1 young (1024K), 1 survivors (1024K)
[2020-12-15T01:39:16.025-0500][gc,heap        ] GC(7599)  Metaspace       used 48714K, capacity 50558K, committed 52992K, reserved 1093632K
[2020-12-15T01:39:16.026-0500][gc,heap        ] GC(7599)   class space    used 7296K, capacity 7963K, committed 8704K, reserved 1048576K
[2020-12-15T01:39:16.026-0500][gc             ] GC(7599) Pause Young (Normal) (G1 Evacuation Pause) 51M->41M(62M) 5.290ms
[2020-12-15T01:39:16.026-0500][gc,cpu         ] GC(7599) User=0.01s Sys=0.00s Real=0.00s
[2020-12-15T01:41:01.980-0500][gc,heap        ] GC(7600) Heap before GC invocations=7600 (full 1549): garbage-first heap   total 63488K, used 50866K [0x0000000083000000, 0x0000000100000000)
[2020-12-15T01:41:01.980-0500][gc,heap        ] GC(7600)   region size 1024K, 10 young (10240K), 1 survivors (1024K)
[2020-12-15T01:41:01.980-0500][gc,heap        ] GC(7600)  Metaspace       used 48714K, capacity 50558K, committed 52992K, reserved 1093632K
[2020-12-15T01:41:01.980-0500][gc,heap        ] GC(7600)   class space    used 7296K, capacity 7963K, committed 8704K, reserved 1048576K
[2020-12-15T01:41:01.980-0500][gc,start       ] GC(7600) Pause Young (Normal) (G1 Evacuation Pause)
[2020-12-15T01:41:01.980-0500][gc,task        ] GC(7600) Using 8 workers of 8 for evacuation
[2020-12-15T01:41:01.982-0500][gc,phases      ] GC(7600)   Pre Evacuate Collection Set: 0.0ms
[2020-12-15T01:41:01.982-0500][gc,phases      ] GC(7600)   Evacuate Collection Set: 0.4ms
[2020-12-15T01:41:01.982-0500][gc,phases      ] GC(7600)   Post Evacuate Collection Set: 1.1ms
[2020-12-15T01:41:01.982-0500][gc,phases      ] GC(7600)   Other: 0.2ms
[2020-12-15T01:41:01.982-0500][gc,heap        ] GC(7600) Eden regions: 9->0(9)
[2020-12-15T01:41:01.982-0500][gc,heap        ] GC(7600) Survivor regions: 1->1(2)
[2020-12-15T01:41:01.982-0500][gc,heap        ] GC(7600) Old regions: 40->40
[2020-12-15T01:41:01.982-0500][gc,heap        ] GC(7600) Humongous regions: 4->4
[2020-12-15T01:41:01.982-0500][gc,metaspace   ] GC(7600) Metaspace: 48714K->48714K(1093632K)
[2020-12-15T01:41:01.982-0500][gc,heap        ] GC(7600) Heap after GC invocations=7601 (full 1549): garbage-first heap   total 63488K, used 42633K [0x0000000083000000, 0x0000000100000000)
[2020-12-15T01:41:01.982-0500][gc,heap        ] GC(7600)   region size 1024K, 1 young (1024K), 1 survivors (1024K)
[2020-12-15T01:41:01.982-0500][gc,heap        ] GC(7600)  Metaspace       used 48714K, capacity 50558K, committed 52992K, reserved 1093632K
[2020-12-15T01:41:01.982-0500][gc,heap        ] GC(7600)   class space    used 7296K, capacity 7963K, committed 8704K, reserved 1048576K
[2020-12-15T01:41:01.982-0500][gc             ] GC(7600) Pause Young (Normal) (G1 Evacuation Pause) 50M->41M(62M) 1.749ms
[2020-12-15T01:41:01.982-0500][gc,cpu         ] GC(7600) User=0.00s Sys=0.00s Real=0.00s
[2020-12-15T01:41:12.684-0500][gc,heap        ] GC(7601) Heap before GC invocations=7601 (full 1549): garbage-first heap   total 63488K, used 50825K [0x0000000083000000, 0x0000000100000000)
[2020-12-15T01:41:12.684-0500][gc,heap        ] GC(7601)   region size 1024K, 10 young (10240K), 1 survivors (1024K)
[2020-12-15T01:41:12.684-0500][gc,heap        ] GC(7601)  Metaspace       used 48749K, capacity 50588K, committed 52992K, reserved 1093632K
[2020-12-15T01:41:12.684-0500][gc,heap        ] GC(7601)   class space    used 7299K, capacity 7968K, committed 8704K, reserved 1048576K
[2020-12-15T01:41:12.684-0500][gc,start       ] GC(7601) Pause Young (Normal) (G1 Evacuation Pause)
[2020-12-15T01:41:12.684-0500][gc,task        ] GC(7601) Using 8 workers of 8 for evacuation
[2020-12-15T01:41:12.688-0500][gc,phases      ] GC(7601)   Pre Evacuate Collection Set: 0.0ms
[2020-12-15T01:41:12.689-0500][gc,phases      ] GC(7601)   Evacuate Collection Set: 3.0ms
[2020-12-15T01:41:12.689-0500][gc,phases      ] GC(7601)   Post Evacuate Collection Set: 1.3ms
[2020-12-15T01:41:12.689-0500][gc,phases      ] GC(7601)   Other: 0.2ms
[2020-12-15T01:41:12.689-0500][gc,heap        ] GC(7601) Eden regions: 9->0(7)
[2020-12-15T01:41:12.689-0500][gc,heap        ] GC(7601) Survivor regions: 1->2(2)
[2020-12-15T01:41:12.689-0500][gc,heap        ] GC(7601) Old regions: 40->40
[2020-12-15T01:41:12.689-0500][gc,heap        ] GC(7601) Humongous regions: 4->4
[2020-12-15T01:41:12.689-0500][gc,metaspace   ] GC(7601) Metaspace: 48749K->48749K(1093632K)
[2020-12-15T01:41:12.689-0500][gc,heap        ] GC(7601) Heap after GC invocations=7602 (full 1549): garbage-first heap   total 63488K, used 43876K [0x0000000083000000, 0x0000000100000000)
[2020-12-15T01:41:12.689-0500][gc,heap        ] GC(7601)   region size 1024K, 2 young (2048K), 2 survivors (2048K)
[2020-12-15T01:41:12.689-0500][gc,heap        ] GC(7601)  Metaspace       used 48749K, capacity 50588K, committed 52992K, reserved 1093632K
[2020-12-15T01:41:12.689-0500][gc,heap        ] GC(7601)   class space    used 7299K, capacity 7968K, committed 8704K, reserved 1048576K
[2020-12-15T01:41:12.689-0500][gc             ] GC(7601) Pause Young (Normal) (G1 Evacuation Pause) 50M->42M(62M) 4.657ms
[2020-12-15T01:41:12.689-0500][gc,cpu         ] GC(7601) User=0.02s Sys=0.00s Real=0.01s
[2020-12-15T01:41:45.192-0500][gc,task        ] GC(7602) Using 5 workers of 8 for full compaction
[2020-12-15T01:41:45.192-0500][gc,start       ] GC(7602) Pause Full (System.gc())
[2020-12-15T01:41:45.192-0500][gc,heap        ] GC(7602) Heap before GC invocations=7602 (full 1549): garbage-first heap   total 63488K, used 45924K [0x0000000083000000, 0x0000000100000000)
[2020-12-15T01:41:45.192-0500][gc,heap        ] GC(7602)   region size 1024K, 6 young (6144K), 2 survivors (2048K)
[2020-12-15T01:41:45.192-0500][gc,heap        ] GC(7602)  Metaspace       used 48754K, capacity 50588K, committed 52992K, reserved 1093632K
[2020-12-15T01:41:45.192-0500][gc,heap        ] GC(7602)   class space    used 7299K, capacity 7968K, committed 8704K, reserved 1048576K
[2020-12-15T01:41:45.193-0500][gc,phases,start] GC(7602) Phase 1: Mark live objects
[2020-12-15T01:41:45.228-0500][gc,stringtable ] GC(7602) Cleaned string and symbol table, strings: 31943 processed, 0 removed, symbols: 119644 processed, 0 removed
[2020-12-15T01:41:45.229-0500][gc,phases      ] GC(7602) Phase 1: Mark live objects 35.731ms
[2020-12-15T01:41:45.229-0500][gc,phases,start] GC(7602) Phase 2: Prepare for compaction
[2020-12-15T01:41:45.233-0500][gc,phases      ] GC(7602) Phase 2: Prepare for compaction 4.419ms
[2020-12-15T01:41:45.233-0500][gc,phases,start] GC(7602) Phase 3: Adjust pointers
[2020-12-15T01:41:45.243-0500][gc,phases      ] GC(7602) Phase 3: Adjust pointers 10.009ms
[2020-12-15T01:41:45.243-0500][gc,phases,start] GC(7602) Phase 4: Compact heap
[2020-12-15T01:41:45.246-0500][gc,phases      ] GC(7602) Phase 4: Compact heap 2.898ms
[2020-12-15T01:41:45.252-0500][gc,heap        ] GC(7602) Eden regions: 4->0(7)
[2020-12-15T01:41:45.252-0500][gc,heap        ] GC(7602) Survivor regions: 2->0(2)
[2020-12-15T01:41:45.252-0500][gc,heap        ] GC(7602) Old regions: 40->42
[2020-12-15T01:41:45.252-0500][gc,heap        ] GC(7602) Humongous regions: 4->4
[2020-12-15T01:41:45.252-0500][gc,metaspace   ] GC(7602) Metaspace: 48754K->48754K(1093632K)
[2020-12-15T01:41:45.252-0500][gc,heap        ] GC(7602) Heap after GC invocations=7603 (full 1550): garbage-first heap   total 63488K, used 43522K [0x0000000083000000, 0x0000000100000000)
[2020-12-15T01:41:45.252-0500][gc,heap        ] GC(7602)   region size 1024K, 0 young (0K), 0 survivors (0K)
[2020-12-15T01:41:45.252-0500][gc,heap        ] GC(7602)  Metaspace       used 48754K, capacity 50588K, committed 52992K, reserved 1093632K
[2020-12-15T01:41:45.252-0500][gc,heap        ] GC(7602)   class space    used 7299K, capacity 7968K, committed 8704K, reserved 1048576K
[2020-12-15T01:41:45.252-0500][gc             ] GC(7602) Pause Full (System.gc()) 46M->42M(62M) 59.783ms
[2020-12-15T01:41:45.252-0500][gc,cpu         ] GC(7602) User=0.26s Sys=0.00s Real=0.06s
[2020-12-15T01:43:36.015-0500][gc,heap        ] GC(7603) Heap before GC invocations=7603 (full 1550): garbage-first heap   total 63488K, used 50690K [0x0000000083000000, 0x0000000100000000)
[2020-12-15T01:43:36.015-0500][gc,heap        ] GC(7603)   region size 1024K, 7 young (7168K), 0 survivors (0K)
[2020-12-15T01:43:36.015-0500][gc,heap        ] GC(7603)  Metaspace       used 48754K, capacity 50588K, committed 52992K, reserved 1093632K
[2020-12-15T01:43:36.015-0500][gc,heap        ] GC(7603)   class space    used 7299K, capacity 7968K, committed 8704K, reserved 1048576K
[2020-12-15T01:43:36.015-0500][gc,start       ] GC(7603) Pause Young (Normal) (G1 Evacuation Pause)
[2020-12-15T01:43:36.015-0500][gc,task        ] GC(7603) Using 8 workers of 8 for evacuation
[2020-12-15T01:43:36.020-0500][gc,phases      ] GC(7603)   Pre Evacuate Collection Set: 0.0ms
[2020-12-15T01:43:36.020-0500][gc,phases      ] GC(7603)   Evacuate Collection Set: 1.7ms
[2020-12-15T01:43:36.020-0500][gc,phases      ] GC(7603)   Post Evacuate Collection Set: 2.7ms
[2020-12-15T01:43:36.020-0500][gc,phases      ] GC(7603)   Other: 0.7ms
[2020-12-15T01:43:36.020-0500][gc,heap        ] GC(7603) Eden regions: 7->0(7)
[2020-12-15T01:43:36.020-0500][gc,heap        ] GC(7603) Survivor regions: 0->1(1)
[2020-12-15T01:43:36.020-0500][gc,heap        ] GC(7603) Old regions: 42->42
[2020-12-15T01:43:36.020-0500][gc,heap        ] GC(7603) Humongous regions: 4->4
[2020-12-15T01:43:36.020-0500][gc,metaspace   ] GC(7603) Metaspace: 48754K->48754K(1093632K)
[2020-12-15T01:43:36.020-0500][gc,heap        ] GC(7603) Heap after GC invocations=7604 (full 1550): garbage-first heap   total 63488K, used 43692K [0x0000000083000000, 0x0000000100000000)
[2020-12-15T01:43:36.021-0500][gc,heap        ] GC(7603)   region size 1024K, 1 young (1024K), 1 survivors (1024K)
[2020-12-15T01:43:36.021-0500][gc,heap        ] GC(7603)  Metaspace       used 48754K, capacity 50588K, committed 52992K, reserved 1093632K
[2020-12-15T01:43:36.021-0500][gc,heap        ] GC(7603)   class space    used 7299K, capacity 7968K, committed 8704K, reserved 1048576K
[2020-12-15T01:43:36.021-0500][gc             ] GC(7603) Pause Young (Normal) (G1 Evacuation Pause) 49M->42M(62M) 5.207ms
[2020-12-15T01:43:36.021-0500][gc,cpu         ] GC(7603) User=0.01s Sys=0.00s Real=0.01s
[2020-12-15T01:45:20.428-0500][gc,heap        ] GC(7604) Heap before GC invocations=7604 (full 1550): garbage-first heap   total 63488K, used 49836K [0x0000000083000000, 0x0000000100000000)
[2020-12-15T01:45:20.428-0500][gc,heap        ] GC(7604)   region size 1024K, 8 young (8192K), 1 survivors (1024K)
[2020-12-15T01:45:20.428-0500][gc,heap        ] GC(7604)  Metaspace       used 48754K, capacity 50588K, committed 52992K, reserved 1093632K
[2020-12-15T01:45:20.428-0500][gc,heap        ] GC(7604)   class space    used 7299K, capacity 7968K, committed 8704K, reserved 1048576K
[2020-12-15T01:45:20.428-0500][gc,start       ] GC(7604) Pause Young (Normal) (G1 Evacuation Pause)
[2020-12-15T01:45:20.428-0500][gc,task        ] GC(7604) Using 8 workers of 8 for evacuation
[2020-12-15T01:45:20.432-0500][gc,phases      ] GC(7604)   Pre Evacuate Collection Set: 0.0ms
[2020-12-15T01:45:20.432-0500][gc,phases      ] GC(7604)   Evacuate Collection Set: 1.1ms
[2020-12-15T01:45:20.432-0500][gc,phases      ] GC(7604)   Post Evacuate Collection Set: 2.1ms
[2020-12-15T01:45:20.432-0500][gc,phases      ] GC(7604)   Other: 0.5ms
[2020-12-15T01:45:20.432-0500][gc,heap        ] GC(7604) Eden regions: 7->0(7)
[2020-12-15T01:45:20.432-0500][gc,heap        ] GC(7604) Survivor regions: 1->1(1)
[2020-12-15T01:45:20.432-0500][gc,heap        ] GC(7604) Old regions: 42->42
[2020-12-15T01:45:20.432-0500][gc,heap        ] GC(7604) Humongous regions: 4->4
[2020-12-15T01:45:20.432-0500][gc,metaspace   ] GC(7604) Metaspace: 48754K->48754K(1093632K)
[2020-12-15T01:45:20.432-0500][gc,heap        ] GC(7604) Heap after GC invocations=7605 (full 1550): garbage-first heap   total 63488K, used 43588K [0x0000000083000000, 0x0000000100000000)
[2020-12-15T01:45:20.432-0500][gc,heap        ] GC(7604)   region size 1024K, 1 young (1024K), 1 survivors (1024K)
[2020-12-15T01:45:20.432-0500][gc,heap        ] GC(7604)  Metaspace       used 48754K, capacity 50588K, committed 52992K, reserved 1093632K
[2020-12-15T01:45:20.432-0500][gc,heap        ] GC(7604)   class space    used 7299K, capacity 7968K, committed 8704K, reserved 1048576K
[2020-12-15T01:45:20.432-0500][gc             ] GC(7604) Pause Young (Normal) (G1 Evacuation Pause) 49M->42M(62M) 3.887ms
[2020-12-15T01:45:20.432-0500][gc,cpu         ] GC(7604) User=0.00s Sys=0.01s Real=0.00s
[2020-12-15T01:46:45.192-0500][gc,task        ] GC(7605) Using 5 workers of 8 for full compaction
[2020-12-15T01:46:45.192-0500][gc,start       ] GC(7605) Pause Full (System.gc())
[2020-12-15T01:46:45.192-0500][gc,heap        ] GC(7605) Heap before GC invocations=7605 (full 1550): garbage-first heap   total 63488K, used 47684K [0x0000000083000000, 0x0000000100000000)
[2020-12-15T01:46:45.192-0500][gc,heap        ] GC(7605)   region size 1024K, 6 young (6144K), 1 survivors (1024K)
[2020-12-15T01:46:45.192-0500][gc,heap        ] GC(7605)  Metaspace       used 48754K, capacity 50588K, committed 52992K, reserved 1093632K
[2020-12-15T01:46:45.192-0500][gc,heap        ] GC(7605)   class space    used 7299K, capacity 7968K, committed 8704K, reserved 1048576K
[2020-12-15T01:46:45.193-0500][gc,phases,start] GC(7605) Phase 1: Mark live objects
[2020-12-15T01:46:45.222-0500][gc,stringtable ] GC(7605) Cleaned string and symbol table, strings: 31943 processed, 0 removed, symbols: 119644 processed, 0 removed
[2020-12-15T01:46:45.222-0500][gc,phases      ] GC(7605) Phase 1: Mark live objects 29.299ms
[2020-12-15T01:46:45.222-0500][gc,phases,start] GC(7605) Phase 2: Prepare for compaction
[2020-12-15T01:46:45.228-0500][gc,phases      ] GC(7605) Phase 2: Prepare for compaction 5.764ms
[2020-12-15T01:46:45.228-0500][gc,phases,start] GC(7605) Phase 3: Adjust pointers
[2020-12-15T01:46:45.240-0500][gc,phases      ] GC(7605) Phase 3: Adjust pointers 11.304ms
[2020-12-15T01:46:45.240-0500][gc,phases,start] GC(7605) Phase 4: Compact heap
[2020-12-15T01:46:45.249-0500][gc,phases      ] GC(7605) Phase 4: Compact heap 9.307ms
[2020-12-15T01:46:45.254-0500][gc,heap        ] GC(7605) Eden regions: 5->0(9)
[2020-12-15T01:46:45.254-0500][gc,heap        ] GC(7605) Survivor regions: 1->0(1)
[2020-12-15T01:46:45.254-0500][gc,heap        ] GC(7605) Old regions: 42->41
[2020-12-15T01:46:45.254-0500][gc,heap        ] GC(7605) Humongous regions: 4->4
[2020-12-15T01:46:45.254-0500][gc,metaspace   ] GC(7605) Metaspace: 48754K->48754K(1093632K)
[2020-12-15T01:46:45.254-0500][gc,heap        ] GC(7605) Heap after GC invocations=7606 (full 1551): garbage-first heap   total 63488K, used 43531K [0x0000000083000000, 0x0000000100000000)
[2020-12-15T01:46:45.254-0500][gc,heap        ] GC(7605)   region size 1024K, 0 young (0K), 0 survivors (0K)
[2020-12-15T01:46:45.254-0500][gc,heap        ] GC(7605)  Metaspace       used 48754K, capacity 50588K, committed 52992K, reserved 1093632K
[2020-12-15T01:46:45.254-0500][gc,heap        ] GC(7605)   class space    used 7299K, capacity 7968K, committed 8704K, reserved 1048576K
[2020-12-15T01:46:45.254-0500][gc             ] GC(7605) Pause Full (System.gc()) 47M->42M(62M) 62.053ms
[2020-12-15T01:46:45.255-0500][gc,cpu         ] GC(7605) User=0.23s Sys=0.02s Real=0.06s
[2020-12-15T01:49:06.020-0500][gc,heap        ] GC(7606) Heap before GC invocations=7606 (full 1551): garbage-first heap   total 63488K, used 51723K [0x0000000083000000, 0x0000000100000000)
[2020-12-15T01:49:06.021-0500][gc,heap        ] GC(7606)   region size 1024K, 9 young (9216K), 0 survivors (0K)
[2020-12-15T01:49:06.021-0500][gc,heap        ] GC(7606)  Metaspace       used 48754K, capacity 50588K, committed 52992K, reserved 1093632K
[2020-12-15T01:49:06.021-0500][gc,heap        ] GC(7606)   class space    used 7299K, capacity 7968K, committed 8704K, reserved 1048576K
[2020-12-15T01:49:06.021-0500][gc,start       ] GC(7606) Pause Young (Normal) (G1 Evacuation Pause)
[2020-12-15T01:49:06.021-0500][gc,task        ] GC(7606) Using 8 workers of 8 for evacuation
[2020-12-15T01:49:06.025-0500][gc,phases      ] GC(7606)   Pre Evacuate Collection Set: 0.0ms
[2020-12-15T01:49:06.025-0500][gc,phases      ] GC(7606)   Evacuate Collection Set: 1.4ms
[2020-12-15T01:49:06.025-0500][gc,phases      ] GC(7606)   Post Evacuate Collection Set: 2.3ms
[2020-12-15T01:49:06.025-0500][gc,phases      ] GC(7606)   Other: 0.7ms
[2020-12-15T01:49:06.025-0500][gc,heap        ] GC(7606) Eden regions: 9->0(8)
[2020-12-15T01:49:06.025-0500][gc,heap        ] GC(7606) Survivor regions: 0->1(2)
[2020-12-15T01:49:06.025-0500][gc,heap        ] GC(7606) Old regions: 41->41
[2020-12-15T01:49:06.025-0500][gc,heap        ] GC(7606) Humongous regions: 4->4
[2020-12-15T01:49:06.025-0500][gc,metaspace   ] GC(7606) Metaspace: 48754K->48754K(1093632K)
[2020-12-15T01:49:06.025-0500][gc,heap        ] GC(7606) Heap after GC invocations=7607 (full 1551): garbage-first heap   total 63488K, used 43595K [0x0000000083000000, 0x0000000100000000)
[2020-12-15T01:49:06.025-0500][gc,heap        ] GC(7606)   region size 1024K, 1 young (1024K), 1 survivors (1024K)
[2020-12-15T01:49:06.025-0500][gc,heap        ] GC(7606)  Metaspace       used 48754K, capacity 50588K, committed 52992K, reserved 1093632K
[2020-12-15T01:49:06.025-0500][gc,heap        ] GC(7606)   class space    used 7299K, capacity 7968K, committed 8704K, reserved 1048576K
[2020-12-15T01:49:06.025-0500][gc             ] GC(7606) Pause Young (Normal) (G1 Evacuation Pause) 51M->42M(62M) 4.558ms
[2020-12-15T01:49:06.025-0500][gc,cpu         ] GC(7606) User=0.01s Sys=0.00s Real=0.00s
[2020-12-15T01:51:16.508-0500][gc,heap        ] GC(7607) Heap before GC invocations=7607 (full 1551): garbage-first heap   total 63488K, used 50763K [0x0000000083000000, 0x0000000100000000)
[2020-12-15T01:51:16.508-0500][gc,heap        ] GC(7607)   region size 1024K, 9 young (9216K), 1 survivors (1024K)
[2020-12-15T01:51:16.508-0500][gc,heap        ] GC(7607)  Metaspace       used 48754K, capacity 50588K, committed 52992K, reserved 1093632K
[2020-12-15T01:51:16.508-0500][gc,heap        ] GC(7607)   class space    used 7299K, capacity 7968K, committed 8704K, reserved 1048576K
[2020-12-15T01:51:16.508-0500][gc,start       ] GC(7607) Pause Young (Normal) (G1 Evacuation Pause)
[2020-12-15T01:51:16.508-0500][gc,task        ] GC(7607) Using 8 workers of 8 for evacuation
[2020-12-15T01:51:16.512-0500][gc,phases      ] GC(7607)   Pre Evacuate Collection Set: 0.0ms
[2020-12-15T01:51:16.512-0500][gc,phases      ] GC(7607)   Evacuate Collection Set: 1.3ms
[2020-12-15T01:51:16.512-0500][gc,phases      ] GC(7607)   Post Evacuate Collection Set: 2.8ms
[2020-12-15T01:51:16.512-0500][gc,phases      ] GC(7607)   Other: 0.7ms
[2020-12-15T01:51:16.512-0500][gc,heap        ] GC(7607) Eden regions: 8->0(8)
[2020-12-15T01:51:16.512-0500][gc,heap        ] GC(7607) Survivor regions: 1->1(2)
[2020-12-15T01:51:16.512-0500][gc,heap        ] GC(7607) Old regions: 41->41
[2020-12-15T01:51:16.513-0500][gc,heap        ] GC(7607) Humongous regions: 4->4
[2020-12-15T01:51:16.513-0500][gc,metaspace   ] GC(7607) Metaspace: 48754K->48754K(1093632K)
[2020-12-15T01:51:16.513-0500][gc,heap        ] GC(7607) Heap after GC invocations=7608 (full 1551): garbage-first heap   total 63488K, used 43586K [0x0000000083000000, 0x0000000100000000)
[2020-12-15T01:51:16.513-0500][gc,heap        ] GC(7607)   region size 1024K, 1 young (1024K), 1 survivors (1024K)
[2020-12-15T01:51:16.513-0500][gc,heap        ] GC(7607)  Metaspace       used 48754K, capacity 50588K, committed 52992K, reserved 1093632K
[2020-12-15T01:51:16.513-0500][gc,heap        ] GC(7607)   class space    used 7299K, capacity 7968K, committed 8704K, reserved 1048576K
[2020-12-15T01:51:16.513-0500][gc             ] GC(7607) Pause Young (Normal) (G1 Evacuation Pause) 50M->42M(62M) 4.844ms
[2020-12-15T01:51:16.513-0500][gc,cpu         ] GC(7607) User=0.01s Sys=0.00s Real=0.00s
[2020-12-15T01:51:45.191-0500][gc,task        ] GC(7608) Using 5 workers of 8 for full compaction
[2020-12-15T01:51:45.191-0500][gc,start       ] GC(7608) Pause Full (System.gc())
[2020-12-15T01:51:45.191-0500][gc,heap        ] GC(7608) Heap before GC invocations=7608 (full 1551): garbage-first heap   total 63488K, used 44610K [0x0000000083000000, 0x0000000100000000)
[2020-12-15T01:51:45.191-0500][gc,heap        ] GC(7608)   region size 1024K, 3 young (3072K), 1 survivors (1024K)
[2020-12-15T01:51:45.191-0500][gc,heap        ] GC(7608)  Metaspace       used 48754K, capacity 50588K, committed 52992K, reserved 1093632K
[2020-12-15T01:51:45.191-0500][gc,heap        ] GC(7608)   class space    used 7299K, capacity 7968K, committed 8704K, reserved 1048576K
[2020-12-15T01:51:45.192-0500][gc,phases,start] GC(7608) Phase 1: Mark live objects
[2020-12-15T01:51:45.230-0500][gc,stringtable ] GC(7608) Cleaned string and symbol table, strings: 31943 processed, 0 removed, symbols: 119644 processed, 0 removed
[2020-12-15T01:51:45.230-0500][gc,phases      ] GC(7608) Phase 1: Mark live objects 37.892ms
[2020-12-15T01:51:45.230-0500][gc,phases,start] GC(7608) Phase 2: Prepare for compaction
[2020-12-15T01:51:45.236-0500][gc,phases      ] GC(7608) Phase 2: Prepare for compaction 5.837ms
[2020-12-15T01:51:45.236-0500][gc,phases,start] GC(7608) Phase 3: Adjust pointers
[2020-12-15T01:51:45.246-0500][gc,phases      ] GC(7608) Phase 3: Adjust pointers 10.291ms
[2020-12-15T01:51:45.246-0500][gc,phases,start] GC(7608) Phase 4: Compact heap
[2020-12-15T01:51:45.254-0500][gc,phases      ] GC(7608) Phase 4: Compact heap 7.927ms
[2020-12-15T01:51:45.260-0500][gc,heap        ] GC(7608) Eden regions: 2->0(9)
[2020-12-15T01:51:45.260-0500][gc,heap        ] GC(7608) Survivor regions: 1->0(2)
[2020-12-15T01:51:45.260-0500][gc,heap        ] GC(7608) Old regions: 41->41
[2020-12-15T01:51:45.260-0500][gc,heap        ] GC(7608) Humongous regions: 4->4
[2020-12-15T01:51:45.260-0500][gc,metaspace   ] GC(7608) Metaspace: 48754K->48754K(1093632K)
[2020-12-15T01:51:45.260-0500][gc,heap        ] GC(7608) Heap after GC invocations=7609 (full 1552): garbage-first heap   total 63488K, used 43513K [0x0000000083000000, 0x0000000100000000)
[2020-12-15T01:51:45.260-0500][gc,heap        ] GC(7608)   region size 1024K, 0 young (0K), 0 survivors (0K)
[2020-12-15T01:51:45.260-0500][gc,heap        ] GC(7608)  Metaspace       used 48754K, capacity 50588K, committed 52992K, reserved 1093632K
[2020-12-15T01:51:45.260-0500][gc,heap        ] GC(7608)   class space    used 7299K, capacity 7968K, committed 8704K, reserved 1048576K
[2020-12-15T01:51:45.260-0500][gc             ] GC(7608) Pause Full (System.gc()) 43M->42M(62M) 69.234ms
[2020-12-15T01:51:45.260-0500][gc,cpu         ] GC(7608) User=0.28s Sys=0.00s Real=0.07s
[2020-12-15T01:54:06.014-0500][gc,heap        ] GC(7609) Heap before GC invocations=7609 (full 1552): garbage-first heap   total 63488K, used 51705K [0x0000000083000000, 0x0000000100000000)
[2020-12-15T01:54:06.014-0500][gc,heap        ] GC(7609)   region size 1024K, 9 young (9216K), 0 survivors (0K)
[2020-12-15T01:54:06.015-0500][gc,heap        ] GC(7609)  Metaspace       used 48754K, capacity 50588K, committed 52992K, reserved 1093632K
[2020-12-15T01:54:06.015-0500][gc,heap        ] GC(7609)   class space    used 7299K, capacity 7968K, committed 8704K, reserved 1048576K
[2020-12-15T01:54:06.015-0500][gc,start       ] GC(7609) Pause Young (Normal) (G1 Evacuation Pause)
[2020-12-15T01:54:06.015-0500][gc,task        ] GC(7609) Using 8 workers of 8 for evacuation
[2020-12-15T01:54:06.020-0500][gc,phases      ] GC(7609)   Pre Evacuate Collection Set: 0.0ms
[2020-12-15T01:54:06.020-0500][gc,phases      ] GC(7609)   Evacuate Collection Set: 2.0ms
[2020-12-15T01:54:06.020-0500][gc,phases      ] GC(7609)   Post Evacuate Collection Set: 2.5ms
[2020-12-15T01:54:06.020-0500][gc,phases      ] GC(7609)   Other: 0.7ms
[2020-12-15T01:54:06.020-0500][gc,heap        ] GC(7609) Eden regions: 9->0(8)
[2020-12-15T01:54:06.020-0500][gc,heap        ] GC(7609) Survivor regions: 0->1(2)
[2020-12-15T01:54:06.020-0500][gc,heap        ] GC(7609) Old regions: 41->41
[2020-12-15T01:54:06.020-0500][gc,heap        ] GC(7609) Humongous regions: 4->4
[2020-12-15T01:54:06.020-0500][gc,metaspace   ] GC(7609) Metaspace: 48754K->48754K(1093632K)
[2020-12-15T01:54:06.020-0500][gc,heap        ] GC(7609) Heap after GC invocations=7610 (full 1552): garbage-first heap   total 63488K, used 43598K [0x0000000083000000, 0x0000000100000000)
[2020-12-15T01:54:06.020-0500][gc,heap        ] GC(7609)   region size 1024K, 1 young (1024K), 1 survivors (1024K)
[2020-12-15T01:54:06.020-0500][gc,heap        ] GC(7609)  Metaspace       used 48754K, capacity 50588K, committed 52992K, reserved 1093632K
[2020-12-15T01:54:06.020-0500][gc,heap        ] GC(7609)   class space    used 7299K, capacity 7968K, committed 8704K, reserved 1048576K
[2020-12-15T01:54:06.020-0500][gc             ] GC(7609) Pause Young (Normal) (G1 Evacuation Pause) 51M->42M(62M) 5.428ms
[2020-12-15T01:54:06.020-0500][gc,cpu         ] GC(7609) User=0.02s Sys=0.00s Real=0.01s
[2020-12-15T01:56:07.350-0500][gc,heap        ] GC(7610) Heap before GC invocations=7610 (full 1552): garbage-first heap   total 63488K, used 50766K [0x0000000083000000, 0x0000000100000000)
[2020-12-15T01:56:07.350-0500][gc,heap        ] GC(7610)   region size 1024K, 9 young (9216K), 1 survivors (1024K)
[2020-12-15T01:56:07.350-0500][gc,heap        ] GC(7610)  Metaspace       used 48754K, capacity 50588K, committed 52992K, reserved 1093632K
[2020-12-15T01:56:07.350-0500][gc,heap        ] GC(7610)   class space    used 7299K, capacity 7968K, committed 8704K, reserved 1048576K
[2020-12-15T01:56:07.350-0500][gc,start       ] GC(7610) Pause Young (Normal) (G1 Evacuation Pause)
[2020-12-15T01:56:07.350-0500][gc,task        ] GC(7610) Using 8 workers of 8 for evacuation
[2020-12-15T01:56:07.360-0500][gc,phases      ] GC(7610)   Pre Evacuate Collection Set: 0.1ms
[2020-12-15T01:56:07.360-0500][gc,phases      ] GC(7610)   Evacuate Collection Set: 6.0ms
[2020-12-15T01:56:07.360-0500][gc,phases      ] GC(7610)   Post Evacuate Collection Set: 3.1ms
[2020-12-15T01:56:07.360-0500][gc,phases      ] GC(7610)   Other: 0.8ms
[2020-12-15T01:56:07.360-0500][gc,heap        ] GC(7610) Eden regions: 8->0(8)
[2020-12-15T01:56:07.360-0500][gc,heap        ] GC(7610) Survivor regions: 1->1(2)
[2020-12-15T01:56:07.360-0500][gc,heap        ] GC(7610) Old regions: 41->41
[2020-12-15T01:56:07.360-0500][gc,heap        ] GC(7610) Humongous regions: 4->4
[2020-12-15T01:56:07.360-0500][gc,metaspace   ] GC(7610) Metaspace: 48754K->48754K(1093632K)
[2020-12-15T01:56:07.360-0500][gc,heap        ] GC(7610) Heap after GC invocations=7611 (full 1552): garbage-first heap   total 63488K, used 43576K [0x0000000083000000, 0x0000000100000000)
[2020-12-15T01:56:07.360-0500][gc,heap        ] GC(7610)   region size 1024K, 1 young (1024K), 1 survivors (1024K)
[2020-12-15T01:56:07.360-0500][gc,heap        ] GC(7610)  Metaspace       used 48754K, capacity 50588K, committed 52992K, reserved 1093632K
[2020-12-15T01:56:07.360-0500][gc,heap        ] GC(7610)   class space    used 7299K, capacity 7968K, committed 8704K, reserved 1048576K
[2020-12-15T01:56:07.360-0500][gc             ] GC(7610) Pause Young (Normal) (G1 Evacuation Pause) 50M->42M(62M) 10.384ms
[2020-12-15T01:56:07.361-0500][gc,cpu         ] GC(7610) User=0.04s Sys=0.00s Real=0.01s
[2020-12-15T01:56:45.191-0500][gc,task        ] GC(7611) Using 5 workers of 8 for full compaction
[2020-12-15T01:56:45.191-0500][gc,start       ] GC(7611) Pause Full (System.gc())
[2020-12-15T01:56:45.191-0500][gc,heap        ] GC(7611) Heap before GC invocations=7611 (full 1552): garbage-first heap   total 63488K, used 45624K [0x0000000083000000, 0x0000000100000000)
[2020-12-15T01:56:45.191-0500][gc,heap        ] GC(7611)   region size 1024K, 4 young (4096K), 1 survivors (1024K)
[2020-12-15T01:56:45.191-0500][gc,heap        ] GC(7611)  Metaspace       used 48754K, capacity 50588K, committed 52992K, reserved 1093632K
[2020-12-15T01:56:45.191-0500][gc,heap        ] GC(7611)   class space    used 7299K, capacity 7968K, committed 8704K, reserved 1048576K
[2020-12-15T01:56:45.192-0500][gc,phases,start] GC(7611) Phase 1: Mark live objects
[2020-12-15T01:56:45.233-0500][gc,stringtable ] GC(7611) Cleaned string and symbol table, strings: 31943 processed, 0 removed, symbols: 119644 processed, 0 removed
[2020-12-15T01:56:45.233-0500][gc,phases      ] GC(7611) Phase 1: Mark live objects 40.486ms
[2020-12-15T01:56:45.233-0500][gc,phases,start] GC(7611) Phase 2: Prepare for compaction
[2020-12-15T01:56:45.238-0500][gc,phases      ] GC(7611) Phase 2: Prepare for compaction 5.036ms
[2020-12-15T01:56:45.238-0500][gc,phases,start] GC(7611) Phase 3: Adjust pointers
[2020-12-15T01:56:45.247-0500][gc,phases      ] GC(7611) Phase 3: Adjust pointers 9.417ms
[2020-12-15T01:56:45.247-0500][gc,phases,start] GC(7611) Phase 4: Compact heap
[2020-12-15T01:56:45.250-0500][gc,phases      ] GC(7611) Phase 4: Compact heap 2.670ms
[2020-12-15T01:56:45.255-0500][gc,heap        ] GC(7611) Eden regions: 3->0(9)
[2020-12-15T01:56:45.256-0500][gc,heap        ] GC(7611) Survivor regions: 1->0(2)
[2020-12-15T01:56:45.256-0500][gc,heap        ] GC(7611) Old regions: 41->41
[2020-12-15T01:56:45.256-0500][gc,heap        ] GC(7611) Humongous regions: 4->4
[2020-12-15T01:56:45.256-0500][gc,metaspace   ] GC(7611) Metaspace: 48754K->48754K(1093632K)
[2020-12-15T01:56:45.256-0500][gc,heap        ] GC(7611) Heap after GC invocations=7612 (full 1553): garbage-first heap   total 63488K, used 43526K [0x0000000083000000, 0x0000000100000000)
[2020-12-15T01:56:45.256-0500][gc,heap        ] GC(7611)   region size 1024K, 0 young (0K), 0 survivors (0K)
[2020-12-15T01:56:45.256-0500][gc,heap        ] GC(7611)  Metaspace       used 48754K, capacity 50588K, committed 52992K, reserved 1093632K
[2020-12-15T01:56:45.256-0500][gc,heap        ] GC(7611)   class space    used 7299K, capacity 7968K, committed 8704K, reserved 1048576K
[2020-12-15T01:56:45.256-0500][gc             ] GC(7611) Pause Full (System.gc()) 44M->42M(62M) 64.748ms
[2020-12-15T01:56:45.256-0500][gc,cpu         ] GC(7611) User=0.27s Sys=0.00s Real=0.06s
[2020-12-15T01:59:06.021-0500][gc,heap        ] GC(7612) Heap before GC invocations=7612 (full 1553): garbage-first heap   total 63488K, used 51718K [0x0000000083000000, 0x0000000100000000)
[2020-12-15T01:59:06.022-0500][gc,heap        ] GC(7612)   region size 1024K, 9 young (9216K), 0 survivors (0K)
[2020-12-15T01:59:06.022-0500][gc,heap        ] GC(7612)  Metaspace       used 48754K, capacity 50588K, committed 52992K, reserved 1093632K
[2020-12-15T01:59:06.022-0500][gc,heap        ] GC(7612)   class space    used 7299K, capacity 7968K, committed 8704K, reserved 1048576K
[2020-12-15T01:59:06.022-0500][gc,start       ] GC(7612) Pause Young (Normal) (G1 Evacuation Pause)
[2020-12-15T01:59:06.022-0500][gc,task        ] GC(7612) Using 8 workers of 8 for evacuation
[2020-12-15T01:59:06.026-0500][gc,phases      ] GC(7612)   Pre Evacuate Collection Set: 0.0ms
[2020-12-15T01:59:06.026-0500][gc,phases      ] GC(7612)   Evacuate Collection Set: 1.7ms
[2020-12-15T01:59:06.026-0500][gc,phases      ] GC(7612)   Post Evacuate Collection Set: 2.5ms
[2020-12-15T01:59:06.027-0500][gc,phases      ] GC(7612)   Other: 0.7ms
[2020-12-15T01:59:06.027-0500][gc,heap        ] GC(7612) Eden regions: 9->0(8)
[2020-12-15T01:59:06.027-0500][gc,heap        ] GC(7612) Survivor regions: 0->1(2)
[2020-12-15T01:59:06.027-0500][gc,heap        ] GC(7612) Old regions: 41->41
[2020-12-15T01:59:06.027-0500][gc,heap        ] GC(7612) Humongous regions: 4->4
[2020-12-15T01:59:06.027-0500][gc,metaspace   ] GC(7612) Metaspace: 48754K->48754K(1093632K)
[2020-12-15T01:59:06.027-0500][gc,heap        ] GC(7612) Heap after GC invocations=7613 (full 1553): garbage-first heap   total 63488K, used 43606K [0x0000000083000000, 0x0000000100000000)
[2020-12-15T01:59:06.027-0500][gc,heap        ] GC(7612)   region size 1024K, 1 young (1024K), 1 survivors (1024K)
[2020-12-15T01:59:06.027-0500][gc,heap        ] GC(7612)  Metaspace       used 48754K, capacity 50588K, committed 52992K, reserved 1093632K
[2020-12-15T01:59:06.027-0500][gc,heap        ] GC(7612)   class space    used 7299K, capacity 7968K, committed 8704K, reserved 1048576K
[2020-12-15T01:59:06.027-0500][gc             ] GC(7612) Pause Young (Normal) (G1 Evacuation Pause) 51M->42M(62M) 5.005ms
[2020-12-15T01:59:06.027-0500][gc,cpu         ] GC(7612) User=0.01s Sys=0.01s Real=0.00s
[2020-12-15T02:01:16.021-0500][gc,heap        ] GC(7613) Heap before GC invocations=7613 (full 1553): garbage-first heap   total 63488K, used 51798K [0x0000000083000000, 0x0000000100000000)
[2020-12-15T02:01:16.021-0500][gc,heap        ] GC(7613)   region size 1024K, 9 young (9216K), 1 survivors (1024K)
[2020-12-15T02:01:16.021-0500][gc,heap        ] GC(7613)  Metaspace       used 48754K, capacity 50588K, committed 52992K, reserved 1093632K
[2020-12-15T02:01:16.021-0500][gc,heap        ] GC(7613)   class space    used 7299K, capacity 7968K, committed 8704K, reserved 1048576K
[2020-12-15T02:01:16.021-0500][gc,start       ] GC(7613) Pause Young (Normal) (G1 Evacuation Pause)
[2020-12-15T02:01:16.021-0500][gc,task        ] GC(7613) Using 8 workers of 8 for evacuation
[2020-12-15T02:01:16.029-0500][gc,phases      ] GC(7613)   Pre Evacuate Collection Set: 0.0ms
[2020-12-15T02:01:16.029-0500][gc,phases      ] GC(7613)   Evacuate Collection Set: 3.7ms
[2020-12-15T02:01:16.029-0500][gc,phases      ] GC(7613)   Post Evacuate Collection Set: 3.4ms
[2020-12-15T02:01:16.029-0500][gc,phases      ] GC(7613)   Other: 0.6ms
[2020-12-15T02:01:16.029-0500][gc,heap        ] GC(7613) Eden regions: 8->0(8)
[2020-12-15T02:01:16.029-0500][gc,heap        ] GC(7613) Survivor regions: 1->1(2)
[2020-12-15T02:01:16.029-0500][gc,heap        ] GC(7613) Old regions: 41->41
[2020-12-15T02:01:16.029-0500][gc,heap        ] GC(7613) Humongous regions: 4->4
[2020-12-15T02:01:16.029-0500][gc,metaspace   ] GC(7613) Metaspace: 48754K->48754K(1093632K)
[2020-12-15T02:01:16.029-0500][gc,heap        ] GC(7613) Heap after GC invocations=7614 (full 1553): garbage-first heap   total 63488K, used 43607K [0x0000000083000000, 0x0000000100000000)
[2020-12-15T02:01:16.029-0500][gc,heap        ] GC(7613)   region size 1024K, 1 young (1024K), 1 survivors (1024K)
[2020-12-15T02:01:16.029-0500][gc,heap        ] GC(7613)  Metaspace       used 48754K, capacity 50588K, committed 52992K, reserved 1093632K
[2020-12-15T02:01:16.029-0500][gc,heap        ] GC(7613)   class space    used 7299K, capacity 7968K, committed 8704K, reserved 1048576K
[2020-12-15T02:01:16.029-0500][gc             ] GC(7613) Pause Young (Normal) (G1 Evacuation Pause) 50M->42M(62M) 8.001ms
[2020-12-15T02:01:16.030-0500][gc,cpu         ] GC(7613) User=0.03s Sys=0.00s Real=0.01s
[2020-12-15T02:01:45.192-0500][gc,task        ] GC(7614) Using 5 workers of 8 for full compaction
[2020-12-15T02:01:45.193-0500][gc,start       ] GC(7614) Pause Full (System.gc())
[2020-12-15T02:01:45.193-0500][gc,heap        ] GC(7614) Heap before GC invocations=7614 (full 1553): garbage-first heap   total 63488K, used 43607K [0x0000000083000000, 0x0000000100000000)
[2020-12-15T02:01:45.193-0500][gc,heap        ] GC(7614)   region size 1024K, 3 young (3072K), 1 survivors (1024K)
[2020-12-15T02:01:45.193-0500][gc,heap        ] GC(7614)  Metaspace       used 48754K, capacity 50588K, committed 52992K, reserved 1093632K
[2020-12-15T02:01:45.193-0500][gc,heap        ] GC(7614)   class space    used 7299K, capacity 7968K, committed 8704K, reserved 1048576K
[2020-12-15T02:01:45.194-0500][gc,phases,start] GC(7614) Phase 1: Mark live objects
[2020-12-15T02:01:45.247-0500][gc,stringtable ] GC(7614) Cleaned string and symbol table, strings: 31943 processed, 0 removed, symbols: 119644 processed, 0 removed
[2020-12-15T02:01:45.247-0500][gc,phases      ] GC(7614) Phase 1: Mark live objects 53.690ms
[2020-12-15T02:01:45.247-0500][gc,phases,start] GC(7614) Phase 2: Prepare for compaction
[2020-12-15T02:01:45.252-0500][gc,phases      ] GC(7614) Phase 2: Prepare for compaction 4.754ms
[2020-12-15T02:01:45.252-0500][gc,phases,start] GC(7614) Phase 3: Adjust pointers
[2020-12-15T02:01:45.264-0500][gc,phases      ] GC(7614) Phase 3: Adjust pointers 11.879ms
[2020-12-15T02:01:45.264-0500][gc,phases,start] GC(7614) Phase 4: Compact heap
[2020-12-15T02:01:45.268-0500][gc,phases      ] GC(7614) Phase 4: Compact heap 3.644ms
[2020-12-15T02:01:45.274-0500][gc,heap        ] GC(7614) Eden regions: 2->0(8)
[2020-12-15T02:01:45.274-0500][gc,heap        ] GC(7614) Survivor regions: 1->0(2)
[2020-12-15T02:01:45.274-0500][gc,heap        ] GC(7614) Old regions: 41->42
[2020-12-15T02:01:45.274-0500][gc,heap        ] GC(7614) Humongous regions: 4->4
[2020-12-15T02:01:45.274-0500][gc,metaspace   ] GC(7614) Metaspace: 48754K->48754K(1093632K)
[2020-12-15T02:01:45.274-0500][gc,heap        ] GC(7614) Heap after GC invocations=7615 (full 1554): garbage-first heap   total 63488K, used 43513K [0x0000000083000000, 0x0000000100000000)
[2020-12-15T02:01:45.274-0500][gc,heap        ] GC(7614)   region size 1024K, 0 young (0K), 0 survivors (0K)
[2020-12-15T02:01:45.274-0500][gc,heap        ] GC(7614)  Metaspace       used 48754K, capacity 50588K, committed 52992K, reserved 1093632K
[2020-12-15T02:01:45.274-0500][gc,heap        ] GC(7614)   class space    used 7299K, capacity 7968K, committed 8704K, reserved 1048576K
[2020-12-15T02:01:45.274-0500][gc             ] GC(7614) Pause Full (System.gc()) 43M->42M(62M) 81.184ms
[2020-12-15T02:01:45.274-0500][gc,cpu         ] GC(7614) User=0.33s Sys=0.00s Real=0.08s
[2020-12-15T02:03:46.013-0500][gc,heap        ] GC(7615) Heap before GC invocations=7615 (full 1554): garbage-first heap   total 63488K, used 51705K [0x0000000083000000, 0x0000000100000000)
[2020-12-15T02:03:46.013-0500][gc,heap        ] GC(7615)   region size 1024K, 8 young (8192K), 0 survivors (0K)
[2020-12-15T02:03:46.013-0500][gc,heap        ] GC(7615)  Metaspace       used 48754K, capacity 50588K, committed 52992K, reserved 1093632K
[2020-12-15T02:03:46.013-0500][gc,heap        ] GC(7615)   class space    used 7299K, capacity 7968K, committed 8704K, reserved 1048576K
[2020-12-15T02:03:46.014-0500][gc,start       ] GC(7615) Pause Young (Normal) (G1 Evacuation Pause)
[2020-12-15T02:03:46.014-0500][gc,task        ] GC(7615) Using 8 workers of 8 for evacuation
[2020-12-15T02:03:46.018-0500][gc,phases      ] GC(7615)   Pre Evacuate Collection Set: 0.0ms
[2020-12-15T02:03:46.018-0500][gc,phases      ] GC(7615)   Evacuate Collection Set: 1.3ms
[2020-12-15T02:03:46.018-0500][gc,phases      ] GC(7615)   Post Evacuate Collection Set: 2.7ms
[2020-12-15T02:03:46.018-0500][gc,phases      ] GC(7615)   Other: 0.7ms
[2020-12-15T02:03:46.018-0500][gc,heap        ] GC(7615) Eden regions: 8->0(7)
[2020-12-15T02:03:46.018-0500][gc,heap        ] GC(7615) Survivor regions: 0->1(1)
[2020-12-15T02:03:46.018-0500][gc,heap        ] GC(7615) Old regions: 42->42
[2020-12-15T02:03:46.018-0500][gc,heap        ] GC(7615) Humongous regions: 4->4
[2020-12-15T02:03:46.018-0500][gc,metaspace   ] GC(7615) Metaspace: 48754K->48754K(1093632K)
[2020-12-15T02:03:46.018-0500][gc,heap        ] GC(7615) Heap after GC invocations=7616 (full 1554): garbage-first heap   total 63488K, used 43594K [0x0000000083000000, 0x0000000100000000)
[2020-12-15T02:03:46.018-0500][gc,heap        ] GC(7615)   region size 1024K, 1 young (1024K), 1 survivors (1024K)
[2020-12-15T02:03:46.018-0500][gc,heap        ] GC(7615)  Metaspace       used 48754K, capacity 50588K, committed 52992K, reserved 1093632K
[2020-12-15T02:03:46.018-0500][gc,heap        ] GC(7615)   class space    used 7299K, capacity 7968K, committed 8704K, reserved 1048576K
[2020-12-15T02:03:46.018-0500][gc             ] GC(7615) Pause Young (Normal) (G1 Evacuation Pause) 50M->42M(62M) 4.747ms
[2020-12-15T02:03:46.019-0500][gc,cpu         ] GC(7615) User=0.01s Sys=0.00s Real=0.01s
[2020-12-15T02:05:36.017-0500][gc,heap        ] GC(7616) Heap before GC invocations=7616 (full 1554): garbage-first heap   total 63488K, used 49738K [0x0000000083000000, 0x0000000100000000)
[2020-12-15T02:05:36.017-0500][gc,heap        ] GC(7616)   region size 1024K, 8 young (8192K), 1 survivors (1024K)
[2020-12-15T02:05:36.017-0500][gc,heap        ] GC(7616)  Metaspace       used 48754K, capacity 50588K, committed 52992K, reserved 1093632K
[2020-12-15T02:05:36.017-0500][gc,heap        ] GC(7616)   class space    used 7299K, capacity 7968K, committed 8704K, reserved 1048576K
[2020-12-15T02:05:36.017-0500][gc,start       ] GC(7616) Pause Young (Normal) (G1 Evacuation Pause)
[2020-12-15T02:05:36.017-0500][gc,task        ] GC(7616) Using 8 workers of 8 for evacuation
[2020-12-15T02:05:36.020-0500][gc,phases      ] GC(7616)   Pre Evacuate Collection Set: 0.1ms
[2020-12-15T02:05:36.020-0500][gc,phases      ] GC(7616)   Evacuate Collection Set: 0.8ms
[2020-12-15T02:05:36.020-0500][gc,phases      ] GC(7616)   Post Evacuate Collection Set: 2.1ms
[2020-12-15T02:05:36.020-0500][gc,phases      ] GC(7616)   Other: 0.3ms
[2020-12-15T02:05:36.020-0500][gc,heap        ] GC(7616) Eden regions: 7->0(7)
[2020-12-15T02:05:36.020-0500][gc,heap        ] GC(7616) Survivor regions: 1->1(1)
[2020-12-15T02:05:36.020-0500][gc,heap        ] GC(7616) Old regions: 42->42
[2020-12-15T02:05:36.020-0500][gc,heap        ] GC(7616) Humongous regions: 4->4
[2020-12-15T02:05:36.020-0500][gc,metaspace   ] GC(7616) Metaspace: 48754K->48754K(1093632K)
[2020-12-15T02:05:36.020-0500][gc,heap        ] GC(7616) Heap after GC invocations=7617 (full 1554): garbage-first heap   total 63488K, used 43586K [0x0000000083000000, 0x0000000100000000)
[2020-12-15T02:05:36.020-0500][gc,heap        ] GC(7616)   region size 1024K, 1 young (1024K), 1 survivors (1024K)
[2020-12-15T02:05:36.020-0500][gc,heap        ] GC(7616)  Metaspace       used 48754K, capacity 50588K, committed 52992K, reserved 1093632K
[2020-12-15T02:05:36.020-0500][gc,heap        ] GC(7616)   class space    used 7299K, capacity 7968K, committed 8704K, reserved 1048576K
[2020-12-15T02:05:36.020-0500][gc             ] GC(7616) Pause Young (Normal) (G1 Evacuation Pause) 49M->42M(62M) 3.298ms
[2020-12-15T02:05:36.021-0500][gc,cpu         ] GC(7616) User=0.01s Sys=0.00s Real=0.01s
[2020-12-15T02:06:45.195-0500][gc,task        ] GC(7617) Using 5 workers of 8 for full compaction
[2020-12-15T02:06:45.195-0500][gc,start       ] GC(7617) Pause Full (System.gc())
[2020-12-15T02:06:45.195-0500][gc,heap        ] GC(7617) Heap before GC invocations=7617 (full 1554): garbage-first heap   total 63488K, used 46658K [0x0000000083000000, 0x0000000100000000)
[2020-12-15T02:06:45.195-0500][gc,heap        ] GC(7617)   region size 1024K, 5 young (5120K), 1 survivors (1024K)
[2020-12-15T02:06:45.195-0500][gc,heap        ] GC(7617)  Metaspace       used 48754K, capacity 50588K, committed 52992K, reserved 1093632K
[2020-12-15T02:06:45.195-0500][gc,heap        ] GC(7617)   class space    used 7299K, capacity 7968K, committed 8704K, reserved 1048576K
[2020-12-15T02:06:45.196-0500][gc,phases,start] GC(7617) Phase 1: Mark live objects
[2020-12-15T02:06:45.240-0500][gc,stringtable ] GC(7617) Cleaned string and symbol table, strings: 31943 processed, 0 removed, symbols: 119644 processed, 0 removed
[2020-12-15T02:06:45.240-0500][gc,phases      ] GC(7617) Phase 1: Mark live objects 43.748ms
[2020-12-15T02:06:45.240-0500][gc,phases,start] GC(7617) Phase 2: Prepare for compaction
[2020-12-15T02:06:45.244-0500][gc,phases      ] GC(7617) Phase 2: Prepare for compaction 4.080ms
[2020-12-15T02:06:45.244-0500][gc,phases,start] GC(7617) Phase 3: Adjust pointers
[2020-12-15T02:06:45.254-0500][gc,phases      ] GC(7617) Phase 3: Adjust pointers 9.956ms
[2020-12-15T02:06:45.254-0500][gc,phases,start] GC(7617) Phase 4: Compact heap
[2020-12-15T02:06:45.257-0500][gc,phases      ] GC(7617) Phase 4: Compact heap 2.732ms
[2020-12-15T02:06:45.262-0500][gc,heap        ] GC(7617) Eden regions: 4->0(8)
[2020-12-15T02:06:45.262-0500][gc,heap        ] GC(7617) Survivor regions: 1->0(1)
[2020-12-15T02:06:45.262-0500][gc,heap        ] GC(7617) Old regions: 42->42
[2020-12-15T02:06:45.262-0500][gc,heap        ] GC(7617) Humongous regions: 4->4
[2020-12-15T02:06:45.262-0500][gc,metaspace   ] GC(7617) Metaspace: 48754K->48754K(1093632K)
[2020-12-15T02:06:45.262-0500][gc,heap        ] GC(7617) Heap after GC invocations=7618 (full 1555): garbage-first heap   total 63488K, used 43527K [0x0000000083000000, 0x0000000100000000)
[2020-12-15T02:06:45.263-0500][gc,heap        ] GC(7617)   region size 1024K, 0 young (0K), 0 survivors (0K)
[2020-12-15T02:06:45.263-0500][gc,heap        ] GC(7617)  Metaspace       used 48754K, capacity 50588K, committed 52992K, reserved 1093632K
[2020-12-15T02:06:45.263-0500][gc,heap        ] GC(7617)   class space    used 7299K, capacity 7968K, committed 8704K, reserved 1048576K
[2020-12-15T02:06:45.263-0500][gc             ] GC(7617) Pause Full (System.gc()) 46M->42M(62M) 67.352ms
[2020-12-15T02:06:45.263-0500][gc,cpu         ] GC(7617) User=0.30s Sys=0.00s Real=0.07s
[2020-12-15T02:08:56.013-0500][gc,heap        ] GC(7618) Heap before GC invocations=7618 (full 1555): garbage-first heap   total 63488K, used 51719K [0x0000000083000000, 0x0000000100000000)
[2020-12-15T02:08:56.013-0500][gc,heap        ] GC(7618)   region size 1024K, 8 young (8192K), 0 survivors (0K)
[2020-12-15T02:08:56.013-0500][gc,heap        ] GC(7618)  Metaspace       used 48754K, capacity 50588K, committed 52992K, reserved 1093632K
[2020-12-15T02:08:56.013-0500][gc,heap        ] GC(7618)   class space    used 7299K, capacity 7968K, committed 8704K, reserved 1048576K
[2020-12-15T02:08:56.013-0500][gc,start       ] GC(7618) Pause Young (Normal) (G1 Evacuation Pause)
[2020-12-15T02:08:56.013-0500][gc,task        ] GC(7618) Using 8 workers of 8 for evacuation
[2020-12-15T02:08:56.016-0500][gc,phases      ] GC(7618)   Pre Evacuate Collection Set: 0.0ms
[2020-12-15T02:08:56.016-0500][gc,phases      ] GC(7618)   Evacuate Collection Set: 1.1ms
[2020-12-15T02:08:56.016-0500][gc,phases      ] GC(7618)   Post Evacuate Collection Set: 1.5ms
[2020-12-15T02:08:56.016-0500][gc,phases      ] GC(7618)   Other: 0.3ms
[2020-12-15T02:08:56.016-0500][gc,heap        ] GC(7618) Eden regions: 8->0(7)
[2020-12-15T02:08:56.016-0500][gc,heap        ] GC(7618) Survivor regions: 0->1(1)
[2020-12-15T02:08:56.016-0500][gc,heap        ] GC(7618) Old regions: 42->42
[2020-12-15T02:08:56.016-0500][gc,heap        ] GC(7618) Humongous regions: 4->4
[2020-12-15T02:08:56.016-0500][gc,metaspace   ] GC(7618) Metaspace: 48754K->48754K(1093632K)
[2020-12-15T02:08:56.016-0500][gc,heap        ] GC(7618) Heap after GC invocations=7619 (full 1555): garbage-first heap   total 63488K, used 43585K [0x0000000083000000, 0x0000000100000000)
[2020-12-15T02:08:56.016-0500][gc,heap        ] GC(7618)   region size 1024K, 1 young (1024K), 1 survivors (1024K)
[2020-12-15T02:08:56.016-0500][gc,heap        ] GC(7618)  Metaspace       used 48754K, capacity 50588K, committed 52992K, reserved 1093632K
[2020-12-15T02:08:56.016-0500][gc,heap        ] GC(7618)   class space    used 7299K, capacity 7968K, committed 8704K, reserved 1048576K
[2020-12-15T02:08:56.016-0500][gc             ] GC(7618) Pause Young (Normal) (G1 Evacuation Pause) 50M->42M(62M) 2.955ms
[2020-12-15T02:08:56.016-0500][gc,cpu         ] GC(7618) User=0.00s Sys=0.01s Real=0.00s
[2020-12-15T02:10:46.016-0500][gc,heap        ] GC(7619) Heap before GC invocations=7619 (full 1555): garbage-first heap   total 63488K, used 50753K [0x0000000083000000, 0x0000000100000000)
[2020-12-15T02:10:46.016-0500][gc,heap        ] GC(7619)   region size 1024K, 8 young (8192K), 1 survivors (1024K)
[2020-12-15T02:10:46.016-0500][gc,heap        ] GC(7619)  Metaspace       used 48754K, capacity 50588K, committed 52992K, reserved 1093632K
[2020-12-15T02:10:46.016-0500][gc,heap        ] GC(7619)   class space    used 7299K, capacity 7968K, committed 8704K, reserved 1048576K
[2020-12-15T02:10:46.017-0500][gc,start       ] GC(7619) Pause Young (Normal) (G1 Evacuation Pause)
[2020-12-15T02:10:46.017-0500][gc,task        ] GC(7619) Using 8 workers of 8 for evacuation
[2020-12-15T02:10:46.020-0500][gc,phases      ] GC(7619)   Pre Evacuate Collection Set: 0.0ms
[2020-12-15T02:10:46.020-0500][gc,phases      ] GC(7619)   Evacuate Collection Set: 1.2ms
[2020-12-15T02:10:46.020-0500][gc,phases      ] GC(7619)   Post Evacuate Collection Set: 2.3ms
[2020-12-15T02:10:46.020-0500][gc,phases      ] GC(7619)   Other: 0.5ms
[2020-12-15T02:10:46.020-0500][gc,heap        ] GC(7619) Eden regions: 7->0(7)
[2020-12-15T02:10:46.021-0500][gc,heap        ] GC(7619) Survivor regions: 1->1(1)
[2020-12-15T02:10:46.021-0500][gc,heap        ] GC(7619) Old regions: 42->42
[2020-12-15T02:10:46.021-0500][gc,heap        ] GC(7619) Humongous regions: 4->4
[2020-12-15T02:10:46.021-0500][gc,metaspace   ] GC(7619) Metaspace: 48754K->48754K(1093632K)
[2020-12-15T02:10:46.021-0500][gc,heap        ] GC(7619) Heap after GC invocations=7620 (full 1555): garbage-first heap   total 63488K, used 43577K [0x0000000083000000, 0x0000000100000000)
[2020-12-15T02:10:46.021-0500][gc,heap        ] GC(7619)   region size 1024K, 1 young (1024K), 1 survivors (1024K)
[2020-12-15T02:10:46.021-0500][gc,heap        ] GC(7619)  Metaspace       used 48754K, capacity 50588K, committed 52992K, reserved 1093632K
[2020-12-15T02:10:46.021-0500][gc,heap        ] GC(7619)   class space    used 7299K, capacity 7968K, committed 8704K, reserved 1048576K
[2020-12-15T02:10:46.021-0500][gc             ] GC(7619) Pause Young (Normal) (G1 Evacuation Pause) 49M->42M(62M) 4.273ms
[2020-12-15T02:10:46.021-0500][gc,cpu         ] GC(7619) User=0.00s Sys=0.01s Real=0.01s
[2020-12-15T02:11:45.189-0500][gc,task        ] GC(7620) Using 5 workers of 8 for full compaction
[2020-12-15T02:11:45.189-0500][gc,start       ] GC(7620) Pause Full (System.gc())
[2020-12-15T02:11:45.190-0500][gc,heap        ] GC(7620) Heap before GC invocations=7620 (full 1555): garbage-first heap   total 63488K, used 46649K [0x0000000083000000, 0x0000000100000000)
[2020-12-15T02:11:45.190-0500][gc,heap        ] GC(7620)   region size 1024K, 5 young (5120K), 1 survivors (1024K)
[2020-12-15T02:11:45.190-0500][gc,heap        ] GC(7620)  Metaspace       used 48754K, capacity 50588K, committed 52992K, reserved 1093632K
[2020-12-15T02:11:45.190-0500][gc,heap        ] GC(7620)   class space    used 7299K, capacity 7968K, committed 8704K, reserved 1048576K
[2020-12-15T02:11:45.192-0500][gc,phases,start] GC(7620) Phase 1: Mark live objects
[2020-12-15T02:11:45.238-0500][gc,stringtable ] GC(7620) Cleaned string and symbol table, strings: 31943 processed, 0 removed, symbols: 119644 processed, 0 removed
[2020-12-15T02:11:45.238-0500][gc,phases      ] GC(7620) Phase 1: Mark live objects 46.379ms
[2020-12-15T02:11:45.238-0500][gc,phases,start] GC(7620) Phase 2: Prepare for compaction
[2020-12-15T02:11:45.243-0500][gc,phases      ] GC(7620) Phase 2: Prepare for compaction 5.020ms
[2020-12-15T02:11:45.243-0500][gc,phases,start] GC(7620) Phase 3: Adjust pointers
[2020-12-15T02:11:45.253-0500][gc,phases      ] GC(7620) Phase 3: Adjust pointers 9.912ms
[2020-12-15T02:11:45.253-0500][gc,phases,start] GC(7620) Phase 4: Compact heap
[2020-12-15T02:11:45.256-0500][gc,phases      ] GC(7620) Phase 4: Compact heap 2.558ms
[2020-12-15T02:11:45.261-0500][gc,heap        ] GC(7620) Eden regions: 4->0(8)
[2020-12-15T02:11:45.261-0500][gc,heap        ] GC(7620) Survivor regions: 1->0(1)
[2020-12-15T02:11:45.261-0500][gc,heap        ] GC(7620) Old regions: 42->42
[2020-12-15T02:11:45.261-0500][gc,heap        ] GC(7620) Humongous regions: 4->4
[2020-12-15T02:11:45.261-0500][gc,metaspace   ] GC(7620) Metaspace: 48754K->48754K(1093632K)
[2020-12-15T02:11:45.261-0500][gc,heap        ] GC(7620) Heap after GC invocations=7621 (full 1556): garbage-first heap   total 63488K, used 43530K [0x0000000083000000, 0x0000000100000000)
[2020-12-15T02:11:45.261-0500][gc,heap        ] GC(7620)   region size 1024K, 0 young (0K), 0 survivors (0K)
[2020-12-15T02:11:45.261-0500][gc,heap        ] GC(7620)  Metaspace       used 48754K, capacity 50588K, committed 52992K, reserved 1093632K
[2020-12-15T02:11:45.261-0500][gc,heap        ] GC(7620)   class space    used 7299K, capacity 7968K, committed 8704K, reserved 1048576K
[2020-12-15T02:11:45.261-0500][gc             ] GC(7620) Pause Full (System.gc()) 46M->42M(62M) 71.766ms
[2020-12-15T02:11:45.261-0500][gc,cpu         ] GC(7620) User=0.31s Sys=0.00s Real=0.07s
[2020-12-15T02:13:49.203-0500][gc,heap        ] GC(7621) Heap before GC invocations=7621 (full 1556): garbage-first heap   total 63488K, used 51722K [0x0000000083000000, 0x0000000100000000)
[2020-12-15T02:13:49.203-0500][gc,heap        ] GC(7621)   region size 1024K, 8 young (8192K), 0 survivors (0K)
[2020-12-15T02:13:49.203-0500][gc,heap        ] GC(7621)  Metaspace       used 48754K, capacity 50588K, committed 52992K, reserved 1093632K
[2020-12-15T02:13:49.203-0500][gc,heap        ] GC(7621)   class space    used 7299K, capacity 7968K, committed 8704K, reserved 1048576K
[2020-12-15T02:13:49.203-0500][gc,start       ] GC(7621) Pause Young (Normal) (G1 Evacuation Pause)
[2020-12-15T02:13:49.203-0500][gc,task        ] GC(7621) Using 8 workers of 8 for evacuation
[2020-12-15T02:13:49.207-0500][gc,phases      ] GC(7621)   Pre Evacuate Collection Set: 0.0ms
[2020-12-15T02:13:49.207-0500][gc,phases      ] GC(7621)   Evacuate Collection Set: 1.4ms
[2020-12-15T02:13:49.207-0500][gc,phases      ] GC(7621)   Post Evacuate Collection Set: 2.5ms
[2020-12-15T02:13:49.208-0500][gc,phases      ] GC(7621)   Other: 0.5ms
[2020-12-15T02:13:49.208-0500][gc,heap        ] GC(7621) Eden regions: 8->0(7)
[2020-12-15T02:13:49.208-0500][gc,heap        ] GC(7621) Survivor regions: 0->1(1)
[2020-12-15T02:13:49.208-0500][gc,heap        ] GC(7621) Old regions: 42->42
[2020-12-15T02:13:49.208-0500][gc,heap        ] GC(7621) Humongous regions: 4->4
[2020-12-15T02:13:49.208-0500][gc,metaspace   ] GC(7621) Metaspace: 48754K->48754K(1093632K)
[2020-12-15T02:13:49.208-0500][gc,heap        ] GC(7621) Heap after GC invocations=7622 (full 1556): garbage-first heap   total 63488K, used 43596K [0x0000000083000000, 0x0000000100000000)
[2020-12-15T02:13:49.208-0500][gc,heap        ] GC(7621)   region size 1024K, 1 young (1024K), 1 survivors (1024K)
[2020-12-15T02:13:49.208-0500][gc,heap        ] GC(7621)  Metaspace       used 48754K, capacity 50588K, committed 52992K, reserved 1093632K
[2020-12-15T02:13:49.208-0500][gc,heap        ] GC(7621)   class space    used 7299K, capacity 7968K, committed 8704K, reserved 1048576K
[2020-12-15T02:13:49.208-0500][gc             ] GC(7621) Pause Young (Normal) (G1 Evacuation Pause) 50M->42M(62M) 4.516ms
[2020-12-15T02:13:49.208-0500][gc,cpu         ] GC(7621) User=0.00s Sys=0.01s Real=0.01s
[2020-12-15T02:15:46.011-0500][gc,heap        ] GC(7622) Heap before GC invocations=7622 (full 1556): garbage-first heap   total 63488K, used 50764K [0x0000000083000000, 0x0000000100000000)
[2020-12-15T02:15:46.011-0500][gc,heap        ] GC(7622)   region size 1024K, 8 young (8192K), 1 survivors (1024K)
[2020-12-15T02:15:46.011-0500][gc,heap        ] GC(7622)  Metaspace       used 48754K, capacity 50588K, committed 52992K, reserved 1093632K
[2020-12-15T02:15:46.012-0500][gc,heap        ] GC(7622)   class space    used 7299K, capacity 7968K, committed 8704K, reserved 1048576K
[2020-12-15T02:15:46.012-0500][gc,start       ] GC(7622) Pause Young (Normal) (G1 Evacuation Pause)
[2020-12-15T02:15:46.012-0500][gc,task        ] GC(7622) Using 8 workers of 8 for evacuation
[2020-12-15T02:15:46.016-0500][gc,phases      ] GC(7622)   Pre Evacuate Collection Set: 0.0ms
[2020-12-15T02:15:46.016-0500][gc,phases      ] GC(7622)   Evacuate Collection Set: 2.0ms
[2020-12-15T02:15:46.016-0500][gc,phases      ] GC(7622)   Post Evacuate Collection Set: 2.0ms
[2020-12-15T02:15:46.016-0500][gc,phases      ] GC(7622)   Other: 0.4ms
[2020-12-15T02:15:46.016-0500][gc,heap        ] GC(7622) Eden regions: 7->0(7)
[2020-12-15T02:15:46.016-0500][gc,heap        ] GC(7622) Survivor regions: 1->1(1)
[2020-12-15T02:15:46.016-0500][gc,heap        ] GC(7622) Old regions: 42->42
[2020-12-15T02:15:46.016-0500][gc,heap        ] GC(7622) Humongous regions: 4->4
[2020-12-15T02:15:46.016-0500][gc,metaspace   ] GC(7622) Metaspace: 48754K->48754K(1093632K)
[2020-12-15T02:15:46.016-0500][gc,heap        ] GC(7622) Heap after GC invocations=7623 (full 1556): garbage-first heap   total 63488K, used 43607K [0x0000000083000000, 0x0000000100000000)
[2020-12-15T02:15:46.016-0500][gc,heap        ] GC(7622)   region size 1024K, 1 young (1024K), 1 survivors (1024K)
[2020-12-15T02:15:46.016-0500][gc,heap        ] GC(7622)  Metaspace       used 48754K, capacity 50588K, committed 52992K, reserved 1093632K
[2020-12-15T02:15:46.016-0500][gc,heap        ] GC(7622)   class space    used 7299K, capacity 7968K, committed 8704K, reserved 1048576K
[2020-12-15T02:15:46.016-0500][gc             ] GC(7622) Pause Young (Normal) (G1 Evacuation Pause) 49M->42M(62M) 4.501ms
[2020-12-15T02:15:46.016-0500][gc,cpu         ] GC(7622) User=0.00s Sys=0.01s Real=0.00s
[2020-12-15T02:16:45.193-0500][gc,task        ] GC(7623) Using 5 workers of 8 for full compaction
[2020-12-15T02:16:45.193-0500][gc,start       ] GC(7623) Pause Full (System.gc())
[2020-12-15T02:16:45.193-0500][gc,heap        ] GC(7623) Heap before GC invocations=7623 (full 1556): garbage-first heap   total 63488K, used 46679K [0x0000000083000000, 0x0000000100000000)
[2020-12-15T02:16:45.193-0500][gc,heap        ] GC(7623)   region size 1024K, 5 young (5120K), 1 survivors (1024K)
[2020-12-15T02:16:45.193-0500][gc,heap        ] GC(7623)  Metaspace       used 48754K, capacity 50588K, committed 52992K, reserved 1093632K
[2020-12-15T02:16:45.193-0500][gc,heap        ] GC(7623)   class space    used 7299K, capacity 7968K, committed 8704K, reserved 1048576K
[2020-12-15T02:16:45.196-0500][gc,phases,start] GC(7623) Phase 1: Mark live objects
[2020-12-15T02:16:45.348-0500][gc,stringtable ] GC(7623) Cleaned string and symbol table, strings: 31943 processed, 141 removed, symbols: 119644 processed, 0 removed
[2020-12-15T02:16:45.349-0500][gc,phases      ] GC(7623) Phase 1: Mark live objects 152.488ms
[2020-12-15T02:16:45.349-0500][gc,phases,start] GC(7623) Phase 2: Prepare for compaction
[2020-12-15T02:16:45.352-0500][gc,phases      ] GC(7623) Phase 2: Prepare for compaction 3.759ms
[2020-12-15T02:16:45.352-0500][gc,phases,start] GC(7623) Phase 3: Adjust pointers
[2020-12-15T02:16:45.362-0500][gc,phases      ] GC(7623) Phase 3: Adjust pointers 9.496ms
[2020-12-15T02:16:45.362-0500][gc,phases,start] GC(7623) Phase 4: Compact heap
[2020-12-15T02:16:45.365-0500][gc,phases      ] GC(7623) Phase 4: Compact heap 2.545ms
[2020-12-15T02:16:45.370-0500][gc,heap        ] GC(7623) Eden regions: 4->0(10)
[2020-12-15T02:16:45.370-0500][gc,heap        ] GC(7623) Survivor regions: 1->0(1)
[2020-12-15T02:16:45.370-0500][gc,heap        ] GC(7623) Old regions: 42->40
[2020-12-15T02:16:45.370-0500][gc,heap        ] GC(7623) Humongous regions: 4->4
[2020-12-15T02:16:45.370-0500][gc,metaspace   ] GC(7623) Metaspace: 48754K->48734K(1093632K)
[2020-12-15T02:16:45.370-0500][gc,heap        ] GC(7623) Heap after GC invocations=7624 (full 1557): garbage-first heap   total 63488K, used 42566K [0x0000000083000000, 0x0000000100000000)
[2020-12-15T02:16:45.370-0500][gc,heap        ] GC(7623)   region size 1024K, 0 young (0K), 0 survivors (0K)
[2020-12-15T02:16:45.370-0500][gc,heap        ] GC(7623)  Metaspace       used 48734K, capacity 50558K, committed 52992K, reserved 1093632K
[2020-12-15T02:16:45.370-0500][gc,heap        ] GC(7623)   class space    used 7296K, capacity 7963K, committed 8704K, reserved 1048576K
[2020-12-15T02:16:45.370-0500][gc             ] GC(7623) Pause Full (System.gc()) 46M->41M(62M) 177.212ms
[2020-12-15T02:16:45.370-0500][gc,cpu         ] GC(7623) User=0.82s Sys=0.00s Real=0.18s
[2020-12-15T02:19:26.019-0500][gc,heap        ] GC(7624) Heap before GC invocations=7624 (full 1557): garbage-first heap   total 63488K, used 52806K [0x0000000083000000, 0x0000000100000000)
[2020-12-15T02:19:26.019-0500][gc,heap        ] GC(7624)   region size 1024K, 10 young (10240K), 0 survivors (0K)
[2020-12-15T02:19:26.019-0500][gc,heap        ] GC(7624)  Metaspace       used 48734K, capacity 50558K, committed 52992K, reserved 1093632K
[2020-12-15T02:19:26.019-0500][gc,heap        ] GC(7624)   class space    used 7296K, capacity 7963K, committed 8704K, reserved 1048576K
[2020-12-15T02:19:26.020-0500][gc,start       ] GC(7624) Pause Young (Normal) (G1 Evacuation Pause)
[2020-12-15T02:19:26.020-0500][gc,task        ] GC(7624) Using 8 workers of 8 for evacuation
[2020-12-15T02:19:26.024-0500][gc,phases      ] GC(7624)   Pre Evacuate Collection Set: 0.0ms
[2020-12-15T02:19:26.024-0500][gc,phases      ] GC(7624)   Evacuate Collection Set: 1.5ms
[2020-12-15T02:19:26.024-0500][gc,phases      ] GC(7624)   Post Evacuate Collection Set: 3.0ms
[2020-12-15T02:19:26.024-0500][gc,phases      ] GC(7624)   Other: 0.5ms
[2020-12-15T02:19:26.024-0500][gc,heap        ] GC(7624) Eden regions: 10->0(9)
[2020-12-15T02:19:26.025-0500][gc,heap        ] GC(7624) Survivor regions: 0->1(2)
[2020-12-15T02:19:26.025-0500][gc,heap        ] GC(7624) Old regions: 40->40
[2020-12-15T02:19:26.025-0500][gc,heap        ] GC(7624) Humongous regions: 4->4
[2020-12-15T02:19:26.025-0500][gc,metaspace   ] GC(7624) Metaspace: 48734K->48734K(1093632K)
[2020-12-15T02:19:26.025-0500][gc,heap        ] GC(7624) Heap after GC invocations=7625 (full 1557): garbage-first heap   total 63488K, used 42633K [0x0000000083000000, 0x0000000100000000)
[2020-12-15T02:19:26.025-0500][gc,heap        ] GC(7624)   region size 1024K, 1 young (1024K), 1 survivors (1024K)
[2020-12-15T02:19:26.025-0500][gc,heap        ] GC(7624)  Metaspace       used 48734K, capacity 50558K, committed 52992K, reserved 1093632K
[2020-12-15T02:19:26.025-0500][gc,heap        ] GC(7624)   class space    used 7296K, capacity 7963K, committed 8704K, reserved 1048576K
[2020-12-15T02:19:26.025-0500][gc             ] GC(7624) Pause Young (Normal) (G1 Evacuation Pause) 51M->41M(62M) 5.191ms
[2020-12-15T02:19:26.025-0500][gc,cpu         ] GC(7624) User=0.00s Sys=0.01s Real=0.00s
[2020-12-15T02:21:45.193-0500][gc,task        ] GC(7625) Using 5 workers of 8 for full compaction
[2020-12-15T02:21:45.193-0500][gc,start       ] GC(7625) Pause Full (System.gc())
[2020-12-15T02:21:45.194-0500][gc,heap        ] GC(7625) Heap before GC invocations=7625 (full 1557): garbage-first heap   total 63488K, used 49801K [0x0000000083000000, 0x0000000100000000)
[2020-12-15T02:21:45.194-0500][gc,heap        ] GC(7625)   region size 1024K, 10 young (10240K), 1 survivors (1024K)
[2020-12-15T02:21:45.194-0500][gc,heap        ] GC(7625)  Metaspace       used 48734K, capacity 50558K, committed 52992K, reserved 1093632K
[2020-12-15T02:21:45.194-0500][gc,heap        ] GC(7625)   class space    used 7296K, capacity 7963K, committed 8704K, reserved 1048576K
[2020-12-15T02:21:45.195-0500][gc,phases,start] GC(7625) Phase 1: Mark live objects
[2020-12-15T02:21:45.237-0500][gc,stringtable ] GC(7625) Cleaned string and symbol table, strings: 31802 processed, 0 removed, symbols: 119644 processed, 10 removed
[2020-12-15T02:21:45.237-0500][gc,phases      ] GC(7625) Phase 1: Mark live objects 42.019ms
[2020-12-15T02:21:45.237-0500][gc,phases,start] GC(7625) Phase 2: Prepare for compaction
[2020-12-15T02:21:45.242-0500][gc,phases      ] GC(7625) Phase 2: Prepare for compaction 5.381ms
[2020-12-15T02:21:45.242-0500][gc,phases,start] GC(7625) Phase 3: Adjust pointers
[2020-12-15T02:21:45.254-0500][gc,phases      ] GC(7625) Phase 3: Adjust pointers 11.671ms
[2020-12-15T02:21:45.254-0500][gc,phases,start] GC(7625) Phase 4: Compact heap
[2020-12-15T02:21:45.256-0500][gc,phases      ] GC(7625) Phase 4: Compact heap 2.384ms
[2020-12-15T02:21:45.261-0500][gc,heap        ] GC(7625) Eden regions: 9->0(9)
[2020-12-15T02:21:45.262-0500][gc,heap        ] GC(7625) Survivor regions: 1->0(2)
[2020-12-15T02:21:45.262-0500][gc,heap        ] GC(7625) Old regions: 40->41
[2020-12-15T02:21:45.262-0500][gc,heap        ] GC(7625) Humongous regions: 4->4
[2020-12-15T02:21:45.262-0500][gc,metaspace   ] GC(7625) Metaspace: 48734K->48734K(1093632K)
[2020-12-15T02:21:45.262-0500][gc,heap        ] GC(7625) Heap after GC invocations=7626 (full 1558): garbage-first heap   total 63488K, used 42597K [0x0000000083000000, 0x0000000100000000)
[2020-12-15T02:21:45.262-0500][gc,heap        ] GC(7625)   region size 1024K, 0 young (0K), 0 survivors (0K)
[2020-12-15T02:21:45.262-0500][gc,heap        ] GC(7625)  Metaspace       used 48734K, capacity 50558K, committed 52992K, reserved 1093632K
[2020-12-15T02:21:45.262-0500][gc,heap        ] GC(7625)   class space    used 7296K, capacity 7963K, committed 8704K, reserved 1048576K
[2020-12-15T02:21:45.262-0500][gc             ] GC(7625) Pause Full (System.gc()) 50M->41M(62M) 68.562ms
[2020-12-15T02:21:45.262-0500][gc,cpu         ] GC(7625) User=0.29s Sys=0.00s Real=0.07s
[2020-12-15T02:24:06.020-0500][gc,heap        ] GC(7626) Heap before GC invocations=7626 (full 1558): garbage-first heap   total 63488K, used 50789K [0x0000000083000000, 0x0000000100000000)
[2020-12-15T02:24:06.020-0500][gc,heap        ] GC(7626)   region size 1024K, 9 young (9216K), 0 survivors (0K)
[2020-12-15T02:24:06.020-0500][gc,heap        ] GC(7626)  Metaspace       used 48734K, capacity 50558K, committed 52992K, reserved 1093632K
[2020-12-15T02:24:06.020-0500][gc,heap        ] GC(7626)   class space    used 7296K, capacity 7963K, committed 8704K, reserved 1048576K
[2020-12-15T02:24:06.020-0500][gc,start       ] GC(7626) Pause Young (Normal) (G1 Evacuation Pause)
[2020-12-15T02:24:06.021-0500][gc,task        ] GC(7626) Using 8 workers of 8 for evacuation
[2020-12-15T02:24:06.024-0500][gc,phases      ] GC(7626)   Pre Evacuate Collection Set: 0.0ms
[2020-12-15T02:24:06.024-0500][gc,phases      ] GC(7626)   Evacuate Collection Set: 1.2ms
[2020-12-15T02:24:06.024-0500][gc,phases      ] GC(7626)   Post Evacuate Collection Set: 1.8ms
[2020-12-15T02:24:06.024-0500][gc,phases      ] GC(7626)   Other: 0.4ms
[2020-12-15T02:24:06.024-0500][gc,heap        ] GC(7626) Eden regions: 9->0(8)
[2020-12-15T02:24:06.024-0500][gc,heap        ] GC(7626) Survivor regions: 0->1(2)
[2020-12-15T02:24:06.024-0500][gc,heap        ] GC(7626) Old regions: 41->41
[2020-12-15T02:24:06.024-0500][gc,heap        ] GC(7626) Humongous regions: 4->4
[2020-12-15T02:24:06.024-0500][gc,metaspace   ] GC(7626) Metaspace: 48734K->48734K(1093632K)
[2020-12-15T02:24:06.024-0500][gc,heap        ] GC(7626) Heap after GC invocations=7627 (full 1558): garbage-first heap   total 63488K, used 42669K [0x0000000083000000, 0x0000000100000000)
[2020-12-15T02:24:06.024-0500][gc,heap        ] GC(7626)   region size 1024K, 1 young (1024K), 1 survivors (1024K)
[2020-12-15T02:24:06.024-0500][gc,heap        ] GC(7626)  Metaspace       used 48734K, capacity 50558K, committed 52992K, reserved 1093632K
[2020-12-15T02:24:06.024-0500][gc,heap        ] GC(7626)   class space    used 7296K, capacity 7963K, committed 8704K, reserved 1048576K
[2020-12-15T02:24:06.024-0500][gc             ] GC(7626) Pause Young (Normal) (G1 Evacuation Pause) 50M->41M(62M) 3.777ms
[2020-12-15T02:24:06.024-0500][gc,cpu         ] GC(7626) User=0.00s Sys=0.01s Real=0.00s
[2020-12-15T02:26:16.757-0500][gc,heap        ] GC(7627) Heap before GC invocations=7627 (full 1558): garbage-first heap   total 63488K, used 49837K [0x0000000083000000, 0x0000000100000000)
[2020-12-15T02:26:16.757-0500][gc,heap        ] GC(7627)   region size 1024K, 9 young (9216K), 1 survivors (1024K)
[2020-12-15T02:26:16.757-0500][gc,heap        ] GC(7627)  Metaspace       used 48734K, capacity 50558K, committed 52992K, reserved 1093632K
[2020-12-15T02:26:16.757-0500][gc,heap        ] GC(7627)   class space    used 7296K, capacity 7963K, committed 8704K, reserved 1048576K
[2020-12-15T02:26:16.757-0500][gc,start       ] GC(7627) Pause Young (Normal) (G1 Evacuation Pause)
[2020-12-15T02:26:16.757-0500][gc,task        ] GC(7627) Using 8 workers of 8 for evacuation
[2020-12-15T02:26:16.761-0500][gc,phases      ] GC(7627)   Pre Evacuate Collection Set: 0.0ms
[2020-12-15T02:26:16.762-0500][gc,phases      ] GC(7627)   Evacuate Collection Set: 1.2ms
[2020-12-15T02:26:16.762-0500][gc,phases      ] GC(7627)   Post Evacuate Collection Set: 2.8ms
[2020-12-15T02:26:16.762-0500][gc,phases      ] GC(7627)   Other: 0.5ms
[2020-12-15T02:26:16.762-0500][gc,heap        ] GC(7627) Eden regions: 8->0(8)
[2020-12-15T02:26:16.762-0500][gc,heap        ] GC(7627) Survivor regions: 1->1(2)
[2020-12-15T02:26:16.762-0500][gc,heap        ] GC(7627) Old regions: 41->41
[2020-12-15T02:26:16.762-0500][gc,heap        ] GC(7627) Humongous regions: 4->4
[2020-12-15T02:26:16.762-0500][gc,metaspace   ] GC(7627) Metaspace: 48734K->48734K(1093632K)
[2020-12-15T02:26:16.762-0500][gc,heap        ] GC(7627) Heap after GC invocations=7628 (full 1558): garbage-first heap   total 63488K, used 42641K [0x0000000083000000, 0x0000000100000000)
[2020-12-15T02:26:16.762-0500][gc,heap        ] GC(7627)   region size 1024K, 1 young (1024K), 1 survivors (1024K)
[2020-12-15T02:26:16.762-0500][gc,heap        ] GC(7627)  Metaspace       used 48734K, capacity 50558K, committed 52992K, reserved 1093632K
[2020-12-15T02:26:16.762-0500][gc,heap        ] GC(7627)   class space    used 7296K, capacity 7963K, committed 8704K, reserved 1048576K
[2020-12-15T02:26:16.762-0500][gc             ] GC(7627) Pause Young (Normal) (G1 Evacuation Pause) 49M->41M(62M) 4.644ms
[2020-12-15T02:26:16.762-0500][gc,cpu         ] GC(7627) User=0.01s Sys=0.01s Real=0.01s
[2020-12-15T02:26:45.191-0500][gc,task        ] GC(7628) Using 5 workers of 8 for full compaction
[2020-12-15T02:26:45.191-0500][gc,start       ] GC(7628) Pause Full (System.gc())
[2020-12-15T02:26:45.191-0500][gc,heap        ] GC(7628) Heap before GC invocations=7628 (full 1558): garbage-first heap   total 63488K, used 43665K [0x0000000083000000, 0x0000000100000000)
[2020-12-15T02:26:45.191-0500][gc,heap        ] GC(7628)   region size 1024K, 3 young (3072K), 1 survivors (1024K)
[2020-12-15T02:26:45.191-0500][gc,heap        ] GC(7628)  Metaspace       used 48734K, capacity 50558K, committed 52992K, reserved 1093632K
[2020-12-15T02:26:45.191-0500][gc,heap        ] GC(7628)   class space    used 7296K, capacity 7963K, committed 8704K, reserved 1048576K
[2020-12-15T02:26:45.192-0500][gc,phases,start] GC(7628) Phase 1: Mark live objects
[2020-12-15T02:26:45.230-0500][gc,stringtable ] GC(7628) Cleaned string and symbol table, strings: 31802 processed, 0 removed, symbols: 119634 processed, 0 removed
[2020-12-15T02:26:45.230-0500][gc,phases      ] GC(7628) Phase 1: Mark live objects 38.187ms
[2020-12-15T02:26:45.230-0500][gc,phases,start] GC(7628) Phase 2: Prepare for compaction
[2020-12-15T02:26:45.233-0500][gc,phases      ] GC(7628) Phase 2: Prepare for compaction 3.046ms
[2020-12-15T02:26:45.233-0500][gc,phases,start] GC(7628) Phase 3: Adjust pointers
[2020-12-15T02:26:45.242-0500][gc,phases      ] GC(7628) Phase 3: Adjust pointers 9.164ms
[2020-12-15T02:26:45.242-0500][gc,phases,start] GC(7628) Phase 4: Compact heap
[2020-12-15T02:26:45.245-0500][gc,phases      ] GC(7628) Phase 4: Compact heap 2.423ms
[2020-12-15T02:26:45.250-0500][gc,heap        ] GC(7628) Eden regions: 2->0(9)
[2020-12-15T02:26:45.250-0500][gc,heap        ] GC(7628) Survivor regions: 1->0(2)
[2020-12-15T02:26:45.250-0500][gc,heap        ] GC(7628) Old regions: 41->41
[2020-12-15T02:26:45.250-0500][gc,heap        ] GC(7628) Humongous regions: 4->4
[2020-12-15T02:26:45.250-0500][gc,metaspace   ] GC(7628) Metaspace: 48734K->48734K(1093632K)
[2020-12-15T02:26:45.250-0500][gc,heap        ] GC(7628) Heap after GC invocations=7629 (full 1559): garbage-first heap   total 63488K, used 42553K [0x0000000083000000, 0x0000000100000000)
[2020-12-15T02:26:45.250-0500][gc,heap        ] GC(7628)   region size 1024K, 0 young (0K), 0 survivors (0K)
[2020-12-15T02:26:45.250-0500][gc,heap        ] GC(7628)  Metaspace       used 48734K, capacity 50558K, committed 52992K, reserved 1093632K
[2020-12-15T02:26:45.250-0500][gc,heap        ] GC(7628)   class space    used 7296K, capacity 7963K, committed 8704K, reserved 1048576K
[2020-12-15T02:26:45.250-0500][gc             ] GC(7628) Pause Full (System.gc()) 43M->41M(62M) 59.049ms
[2020-12-15T02:26:45.251-0500][gc,cpu         ] GC(7628) User=0.26s Sys=0.00s Real=0.06s
[2020-12-15T02:29:00.320-0500][gc,heap        ] GC(7629) Heap before GC invocations=7629 (full 1559): garbage-first heap   total 63488K, used 50745K [0x0000000083000000, 0x0000000100000000)
[2020-12-15T02:29:00.320-0500][gc,heap        ] GC(7629)   region size 1024K, 9 young (9216K), 0 survivors (0K)
[2020-12-15T02:29:00.320-0500][gc,heap        ] GC(7629)  Metaspace       used 48734K, capacity 50558K, committed 52992K, reserved 1093632K
[2020-12-15T02:29:00.320-0500][gc,heap        ] GC(7629)   class space    used 7296K, capacity 7963K, committed 8704K, reserved 1048576K
[2020-12-15T02:29:00.320-0500][gc,start       ] GC(7629) Pause Young (Normal) (G1 Evacuation Pause)
[2020-12-15T02:29:00.320-0500][gc,task        ] GC(7629) Using 8 workers of 8 for evacuation
[2020-12-15T02:29:00.324-0500][gc,phases      ] GC(7629)   Pre Evacuate Collection Set: 0.0ms
[2020-12-15T02:29:00.324-0500][gc,phases      ] GC(7629)   Evacuate Collection Set: 1.0ms
[2020-12-15T02:29:00.324-0500][gc,phases      ] GC(7629)   Post Evacuate Collection Set: 2.6ms
[2020-12-15T02:29:00.324-0500][gc,phases      ] GC(7629)   Other: 0.4ms
[2020-12-15T02:29:00.324-0500][gc,heap        ] GC(7629) Eden regions: 9->0(8)
[2020-12-15T02:29:00.324-0500][gc,heap        ] GC(7629) Survivor regions: 0->1(2)
[2020-12-15T02:29:00.324-0500][gc,heap        ] GC(7629) Old regions: 41->41
[2020-12-15T02:29:00.324-0500][gc,heap        ] GC(7629) Humongous regions: 4->4
[2020-12-15T02:29:00.324-0500][gc,metaspace   ] GC(7629) Metaspace: 48734K->48734K(1093632K)
[2020-12-15T02:29:00.324-0500][gc,heap        ] GC(7629) Heap after GC invocations=7630 (full 1559): garbage-first heap   total 63488K, used 42618K [0x0000000083000000, 0x0000000100000000)
[2020-12-15T02:29:00.324-0500][gc,heap        ] GC(7629)   region size 1024K, 1 young (1024K), 1 survivors (1024K)
[2020-12-15T02:29:00.324-0500][gc,heap        ] GC(7629)  Metaspace       used 48734K, capacity 50558K, committed 52992K, reserved 1093632K
[2020-12-15T02:29:00.324-0500][gc,heap        ] GC(7629)   class space    used 7296K, capacity 7963K, committed 8704K, reserved 1048576K
[2020-12-15T02:29:00.324-0500][gc             ] GC(7629) Pause Young (Normal) (G1 Evacuation Pause) 50M->41M(62M) 4.156ms
[2020-12-15T02:29:00.324-0500][gc,cpu         ] GC(7629) User=0.01s Sys=0.00s Real=0.00s
[2020-12-15T02:31:06.014-0500][gc,heap        ] GC(7630) Heap before GC invocations=7630 (full 1559): garbage-first heap   total 63488K, used 49786K [0x0000000083000000, 0x0000000100000000)
[2020-12-15T02:31:06.014-0500][gc,heap        ] GC(7630)   region size 1024K, 9 young (9216K), 1 survivors (1024K)
[2020-12-15T02:31:06.014-0500][gc,heap        ] GC(7630)  Metaspace       used 48734K, capacity 50558K, committed 52992K, reserved 1093632K
[2020-12-15T02:31:06.014-0500][gc,heap        ] GC(7630)   class space    used 7296K, capacity 7963K, committed 8704K, reserved 1048576K
[2020-12-15T02:31:06.014-0500][gc,start       ] GC(7630) Pause Young (Normal) (G1 Evacuation Pause)
[2020-12-15T02:31:06.015-0500][gc,task        ] GC(7630) Using 8 workers of 8 for evacuation
[2020-12-15T02:31:06.017-0500][gc,phases      ] GC(7630)   Pre Evacuate Collection Set: 0.0ms
[2020-12-15T02:31:06.017-0500][gc,phases      ] GC(7630)   Evacuate Collection Set: 1.0ms
[2020-12-15T02:31:06.017-0500][gc,phases      ] GC(7630)   Post Evacuate Collection Set: 1.5ms
[2020-12-15T02:31:06.017-0500][gc,phases      ] GC(7630)   Other: 0.3ms
[2020-12-15T02:31:06.017-0500][gc,heap        ] GC(7630) Eden regions: 8->0(8)
[2020-12-15T02:31:06.017-0500][gc,heap        ] GC(7630) Survivor regions: 1->1(2)
[2020-12-15T02:31:06.017-0500][gc,heap        ] GC(7630) Old regions: 41->41
[2020-12-15T02:31:06.017-0500][gc,heap        ] GC(7630) Humongous regions: 4->4
[2020-12-15T02:31:06.017-0500][gc,metaspace   ] GC(7630) Metaspace: 48734K->48734K(1093632K)
[2020-12-15T02:31:06.017-0500][gc,heap        ] GC(7630) Heap after GC invocations=7631 (full 1559): garbage-first heap   total 63488K, used 42648K [0x0000000083000000, 0x0000000100000000)
[2020-12-15T02:31:06.017-0500][gc,heap        ] GC(7630)   region size 1024K, 1 young (1024K), 1 survivors (1024K)
[2020-12-15T02:31:06.017-0500][gc,heap        ] GC(7630)  Metaspace       used 48734K, capacity 50558K, committed 52992K, reserved 1093632K
[2020-12-15T02:31:06.017-0500][gc,heap        ] GC(7630)   class space    used 7296K, capacity 7963K, committed 8704K, reserved 1048576K
[2020-12-15T02:31:06.017-0500][gc             ] GC(7630) Pause Young (Normal) (G1 Evacuation Pause) 49M->41M(62M) 2.831ms
[2020-12-15T02:31:06.017-0500][gc,cpu         ] GC(7630) User=0.00s Sys=0.00s Real=0.00s
[2020-12-15T02:31:45.191-0500][gc,task        ] GC(7631) Using 5 workers of 8 for full compaction
[2020-12-15T02:31:45.191-0500][gc,start       ] GC(7631) Pause Full (System.gc())
[2020-12-15T02:31:45.191-0500][gc,heap        ] GC(7631) Heap before GC invocations=7631 (full 1559): garbage-first heap   total 63488K, used 43672K [0x0000000083000000, 0x0000000100000000)
[2020-12-15T02:31:45.191-0500][gc,heap        ] GC(7631)   region size 1024K, 4 young (4096K), 1 survivors (1024K)
[2020-12-15T02:31:45.191-0500][gc,heap        ] GC(7631)  Metaspace       used 48734K, capacity 50558K, committed 52992K, reserved 1093632K
[2020-12-15T02:31:45.191-0500][gc,heap        ] GC(7631)   class space    used 7296K, capacity 7963K, committed 8704K, reserved 1048576K
[2020-12-15T02:31:45.192-0500][gc,phases,start] GC(7631) Phase 1: Mark live objects
[2020-12-15T02:31:45.232-0500][gc,stringtable ] GC(7631) Cleaned string and symbol table, strings: 31802 processed, 0 removed, symbols: 119634 processed, 0 removed
[2020-12-15T02:31:45.232-0500][gc,phases      ] GC(7631) Phase 1: Mark live objects 40.051ms
[2020-12-15T02:31:45.232-0500][gc,phases,start] GC(7631) Phase 2: Prepare for compaction
[2020-12-15T02:31:45.235-0500][gc,phases      ] GC(7631) Phase 2: Prepare for compaction 3.286ms
[2020-12-15T02:31:45.235-0500][gc,phases,start] GC(7631) Phase 3: Adjust pointers
[2020-12-15T02:31:45.244-0500][gc,phases      ] GC(7631) Phase 3: Adjust pointers 9.494ms
[2020-12-15T02:31:45.244-0500][gc,phases,start] GC(7631) Phase 4: Compact heap
[2020-12-15T02:31:45.247-0500][gc,phases      ] GC(7631) Phase 4: Compact heap 2.125ms
[2020-12-15T02:31:45.252-0500][gc,heap        ] GC(7631) Eden regions: 3->0(10)
[2020-12-15T02:31:45.252-0500][gc,heap        ] GC(7631) Survivor regions: 1->0(2)
[2020-12-15T02:31:45.252-0500][gc,heap        ] GC(7631) Old regions: 41->40
[2020-12-15T02:31:45.252-0500][gc,heap        ] GC(7631) Humongous regions: 4->4
[2020-12-15T02:31:45.252-0500][gc,metaspace   ] GC(7631) Metaspace: 48734K->48734K(1093632K)
[2020-12-15T02:31:45.252-0500][gc,heap        ] GC(7631) Heap after GC invocations=7632 (full 1560): garbage-first heap   total 63488K, used 42556K [0x0000000083000000, 0x0000000100000000)
[2020-12-15T02:31:45.252-0500][gc,heap        ] GC(7631)   region size 1024K, 0 young (0K), 0 survivors (0K)
[2020-12-15T02:31:45.252-0500][gc,heap        ] GC(7631)  Metaspace       used 48734K, capacity 50558K, committed 52992K, reserved 1093632K
[2020-12-15T02:31:45.252-0500][gc,heap        ] GC(7631)   class space    used 7296K, capacity 7963K, committed 8704K, reserved 1048576K
[2020-12-15T02:31:45.252-0500][gc             ] GC(7631) Pause Full (System.gc()) 43M->41M(62M) 61.238ms
[2020-12-15T02:31:45.252-0500][gc,cpu         ] GC(7631) User=0.27s Sys=0.00s Real=0.06s
[2020-12-15T02:34:26.016-0500][gc,heap        ] GC(7632) Heap before GC invocations=7632 (full 1560): garbage-first heap   total 63488K, used 52796K [0x0000000083000000, 0x0000000100000000)
[2020-12-15T02:34:26.016-0500][gc,heap        ] GC(7632)   region size 1024K, 10 young (10240K), 0 survivors (0K)
[2020-12-15T02:34:26.016-0500][gc,heap        ] GC(7632)  Metaspace       used 48734K, capacity 50558K, committed 52992K, reserved 1093632K
[2020-12-15T02:34:26.016-0500][gc,heap        ] GC(7632)   class space    used 7296K, capacity 7963K, committed 8704K, reserved 1048576K
[2020-12-15T02:34:26.016-0500][gc,start       ] GC(7632) Pause Young (Normal) (G1 Evacuation Pause)
[2020-12-15T02:34:26.016-0500][gc,task        ] GC(7632) Using 8 workers of 8 for evacuation
[2020-12-15T02:34:26.028-0500][gc,phases      ] GC(7632)   Pre Evacuate Collection Set: 0.0ms
[2020-12-15T02:34:26.028-0500][gc,phases      ] GC(7632)   Evacuate Collection Set: 8.5ms
[2020-12-15T02:34:26.028-0500][gc,phases      ] GC(7632)   Post Evacuate Collection Set: 2.8ms
[2020-12-15T02:34:26.028-0500][gc,phases      ] GC(7632)   Other: 0.4ms
[2020-12-15T02:34:26.028-0500][gc,heap        ] GC(7632) Eden regions: 10->0(9)
[2020-12-15T02:34:26.028-0500][gc,heap        ] GC(7632) Survivor regions: 0->1(2)
[2020-12-15T02:34:26.028-0500][gc,heap        ] GC(7632) Old regions: 40->40
[2020-12-15T02:34:26.028-0500][gc,heap        ] GC(7632) Humongous regions: 4->4
[2020-12-15T02:34:26.028-0500][gc,metaspace   ] GC(7632) Metaspace: 48734K->48734K(1093632K)
[2020-12-15T02:34:26.028-0500][gc,heap        ] GC(7632) Heap after GC invocations=7633 (full 1560): garbage-first heap   total 63488K, used 42618K [0x0000000083000000, 0x0000000100000000)
[2020-12-15T02:34:26.028-0500][gc,heap        ] GC(7632)   region size 1024K, 1 young (1024K), 1 survivors (1024K)
[2020-12-15T02:34:26.028-0500][gc,heap        ] GC(7632)  Metaspace       used 48734K, capacity 50558K, committed 52992K, reserved 1093632K
[2020-12-15T02:34:26.028-0500][gc,heap        ] GC(7632)   class space    used 7296K, capacity 7963K, committed 8704K, reserved 1048576K
[2020-12-15T02:34:26.028-0500][gc             ] GC(7632) Pause Young (Normal) (G1 Evacuation Pause) 51M->41M(62M) 11.945ms
[2020-12-15T02:34:26.028-0500][gc,cpu         ] GC(7632) User=0.07s Sys=0.00s Real=0.02s
[2020-12-15T02:36:45.192-0500][gc,task        ] GC(7633) Using 5 workers of 8 for full compaction
[2020-12-15T02:36:45.193-0500][gc,start       ] GC(7633) Pause Full (System.gc())
[2020-12-15T02:36:45.193-0500][gc,heap        ] GC(7633) Heap before GC invocations=7633 (full 1560): garbage-first heap   total 63488K, used 49786K [0x0000000083000000, 0x0000000100000000)
[2020-12-15T02:36:45.193-0500][gc,heap        ] GC(7633)   region size 1024K, 10 young (10240K), 1 survivors (1024K)
[2020-12-15T02:36:45.193-0500][gc,heap        ] GC(7633)  Metaspace       used 48734K, capacity 50558K, committed 52992K, reserved 1093632K
[2020-12-15T02:36:45.193-0500][gc,heap        ] GC(7633)   class space    used 7296K, capacity 7963K, committed 8704K, reserved 1048576K
[2020-12-15T02:36:45.193-0500][gc,phases,start] GC(7633) Phase 1: Mark live objects
[2020-12-15T02:36:45.233-0500][gc,stringtable ] GC(7633) Cleaned string and symbol table, strings: 31802 processed, 0 removed, symbols: 119634 processed, 0 removed
[2020-12-15T02:36:45.233-0500][gc,phases      ] GC(7633) Phase 1: Mark live objects 39.569ms
[2020-12-15T02:36:45.233-0500][gc,phases,start] GC(7633) Phase 2: Prepare for compaction
[2020-12-15T02:36:45.236-0500][gc,phases      ] GC(7633) Phase 2: Prepare for compaction 3.391ms
[2020-12-15T02:36:45.236-0500][gc,phases,start] GC(7633) Phase 3: Adjust pointers
[2020-12-15T02:36:45.247-0500][gc,phases      ] GC(7633) Phase 3: Adjust pointers 10.438ms
[2020-12-15T02:36:45.247-0500][gc,phases,start] GC(7633) Phase 4: Compact heap
[2020-12-15T02:36:45.249-0500][gc,phases      ] GC(7633) Phase 4: Compact heap 2.547ms
[2020-12-15T02:36:45.255-0500][gc,heap        ] GC(7633) Eden regions: 9->0(10)
[2020-12-15T02:36:45.255-0500][gc,heap        ] GC(7633) Survivor regions: 1->0(2)
[2020-12-15T02:36:45.255-0500][gc,heap        ] GC(7633) Old regions: 40->40
[2020-12-15T02:36:45.255-0500][gc,heap        ] GC(7633) Humongous regions: 4->4
[2020-12-15T02:36:45.255-0500][gc,metaspace   ] GC(7633) Metaspace: 48734K->48734K(1093632K)
[2020-12-15T02:36:45.255-0500][gc,heap        ] GC(7633) Heap after GC invocations=7634 (full 1561): garbage-first heap   total 63488K, used 42584K [0x0000000083000000, 0x0000000100000000)
[2020-12-15T02:36:45.255-0500][gc,heap        ] GC(7633)   region size 1024K, 0 young (0K), 0 survivors (0K)
[2020-12-15T02:36:45.255-0500][gc,heap        ] GC(7633)  Metaspace       used 48734K, capacity 50558K, committed 52992K, reserved 1093632K
[2020-12-15T02:36:45.255-0500][gc,heap        ] GC(7633)   class space    used 7296K, capacity 7963K, committed 8704K, reserved 1048576K
[2020-12-15T02:36:45.255-0500][gc             ] GC(7633) Pause Full (System.gc()) 49M->41M(62M) 62.031ms
[2020-12-15T02:36:45.255-0500][gc,cpu         ] GC(7633) User=0.27s Sys=0.00s Real=0.06s
[2020-12-15T02:39:16.257-0500][gc,heap        ] GC(7634) Heap before GC invocations=7634 (full 1561): garbage-first heap   total 63488K, used 51800K [0x0000000083000000, 0x0000000100000000)
[2020-12-15T02:39:16.257-0500][gc,heap        ] GC(7634)   region size 1024K, 10 young (10240K), 0 survivors (0K)
[2020-12-15T02:39:16.257-0500][gc,heap        ] GC(7634)  Metaspace       used 48734K, capacity 50558K, committed 52992K, reserved 1093632K
[2020-12-15T02:39:16.257-0500][gc,heap        ] GC(7634)   class space    used 7296K, capacity 7963K, committed 8704K, reserved 1048576K
[2020-12-15T02:39:16.257-0500][gc,start       ] GC(7634) Pause Young (Normal) (G1 Evacuation Pause)
[2020-12-15T02:39:16.257-0500][gc,task        ] GC(7634) Using 8 workers of 8 for evacuation
[2020-12-15T02:39:16.292-0500][gc,phases      ] GC(7634)   Pre Evacuate Collection Set: 0.0ms
[2020-12-15T02:39:16.293-0500][gc,phases      ] GC(7634)   Evacuate Collection Set: 3.8ms
[2020-12-15T02:39:16.293-0500][gc,phases      ] GC(7634)   Post Evacuate Collection Set: 31.4ms
[2020-12-15T02:39:16.293-0500][gc,phases      ] GC(7634)   Other: 0.5ms
[2020-12-15T02:39:16.293-0500][gc,heap        ] GC(7634) Eden regions: 10->0(9)
[2020-12-15T02:39:16.293-0500][gc,heap        ] GC(7634) Survivor regions: 0->1(2)
[2020-12-15T02:39:16.293-0500][gc,heap        ] GC(7634) Old regions: 40->40
[2020-12-15T02:39:16.293-0500][gc,heap        ] GC(7634) Humongous regions: 4->4
[2020-12-15T02:39:16.293-0500][gc,metaspace   ] GC(7634) Metaspace: 48734K->48734K(1093632K)
[2020-12-15T02:39:16.293-0500][gc,heap        ] GC(7634) Heap after GC invocations=7635 (full 1561): garbage-first heap   total 63488K, used 42664K [0x0000000083000000, 0x0000000100000000)
[2020-12-15T02:39:16.293-0500][gc,heap        ] GC(7634)   region size 1024K, 1 young (1024K), 1 survivors (1024K)
[2020-12-15T02:39:16.293-0500][gc,heap        ] GC(7634)  Metaspace       used 48734K, capacity 50558K, committed 52992K, reserved 1093632K
[2020-12-15T02:39:16.293-0500][gc,heap        ] GC(7634)   class space    used 7296K, capacity 7963K, committed 8704K, reserved 1048576K
[2020-12-15T02:39:16.293-0500][gc             ] GC(7634) Pause Young (Normal) (G1 Evacuation Pause) 51M->41M(62M) 35.768ms
[2020-12-15T02:39:16.293-0500][gc,cpu         ] GC(7634) User=0.23s Sys=0.00s Real=0.04s
[2020-12-15T02:41:45.189-0500][gc,task        ] GC(7635) Using 5 workers of 8 for full compaction
[2020-12-15T02:41:45.190-0500][gc,start       ] GC(7635) Pause Full (System.gc())
[2020-12-15T02:41:45.190-0500][gc,heap        ] GC(7635) Heap before GC invocations=7635 (full 1561): garbage-first heap   total 63488K, used 50856K [0x0000000083000000, 0x0000000100000000)
[2020-12-15T02:41:45.190-0500][gc,heap        ] GC(7635)   region size 1024K, 10 young (10240K), 1 survivors (1024K)
[2020-12-15T02:41:45.190-0500][gc,heap        ] GC(7635)  Metaspace       used 48734K, capacity 50558K, committed 52992K, reserved 1093632K
[2020-12-15T02:41:45.190-0500][gc,heap        ] GC(7635)   class space    used 7296K, capacity 7963K, committed 8704K, reserved 1048576K
[2020-12-15T02:41:45.190-0500][gc,phases,start] GC(7635) Phase 1: Mark live objects
[2020-12-15T02:41:45.233-0500][gc,stringtable ] GC(7635) Cleaned string and symbol table, strings: 31802 processed, 0 removed, symbols: 119634 processed, 0 removed
[2020-12-15T02:41:45.233-0500][gc,phases      ] GC(7635) Phase 1: Mark live objects 42.881ms
[2020-12-15T02:41:45.233-0500][gc,phases,start] GC(7635) Phase 2: Prepare for compaction
[2020-12-15T02:41:45.236-0500][gc,phases      ] GC(7635) Phase 2: Prepare for compaction 3.225ms
[2020-12-15T02:41:45.236-0500][gc,phases,start] GC(7635) Phase 3: Adjust pointers
[2020-12-15T02:41:45.246-0500][gc,phases      ] GC(7635) Phase 3: Adjust pointers 9.893ms
[2020-12-15T02:41:45.246-0500][gc,phases,start] GC(7635) Phase 4: Compact heap
[2020-12-15T02:41:45.249-0500][gc,phases      ] GC(7635) Phase 4: Compact heap 2.513ms
[2020-12-15T02:41:45.254-0500][gc,heap        ] GC(7635) Eden regions: 9->0(10)
[2020-12-15T02:41:45.254-0500][gc,heap        ] GC(7635) Survivor regions: 1->0(2)
[2020-12-15T02:41:45.254-0500][gc,heap        ] GC(7635) Old regions: 40->40
[2020-12-15T02:41:45.254-0500][gc,heap        ] GC(7635) Humongous regions: 4->4
[2020-12-15T02:41:45.254-0500][gc,metaspace   ] GC(7635) Metaspace: 48734K->48734K(1093632K)
[2020-12-15T02:41:45.254-0500][gc,heap        ] GC(7635) Heap after GC invocations=7636 (full 1562): garbage-first heap   total 63488K, used 42586K [0x0000000083000000, 0x0000000100000000)
[2020-12-15T02:41:45.254-0500][gc,heap        ] GC(7635)   region size 1024K, 0 young (0K), 0 survivors (0K)
[2020-12-15T02:41:45.254-0500][gc,heap        ] GC(7635)  Metaspace       used 48734K, capacity 50558K, committed 52992K, reserved 1093632K
[2020-12-15T02:41:45.254-0500][gc,heap        ] GC(7635)   class space    used 7296K, capacity 7963K, committed 8704K, reserved 1048576K
[2020-12-15T02:41:45.254-0500][gc             ] GC(7635) Pause Full (System.gc()) 50M->41M(62M) 64.752ms
[2020-12-15T02:41:45.254-0500][gc,cpu         ] GC(7635) User=0.28s Sys=0.00s Real=0.06s
[2020-12-15T02:44:26.014-0500][gc,heap        ] GC(7636) Heap before GC invocations=7636 (full 1562): garbage-first heap   total 63488K, used 52826K [0x0000000083000000, 0x0000000100000000)
[2020-12-15T02:44:26.014-0500][gc,heap        ] GC(7636)   region size 1024K, 10 young (10240K), 0 survivors (0K)
[2020-12-15T02:44:26.014-0500][gc,heap        ] GC(7636)  Metaspace       used 48734K, capacity 50558K, committed 52992K, reserved 1093632K
[2020-12-15T02:44:26.014-0500][gc,heap        ] GC(7636)   class space    used 7296K, capacity 7963K, committed 8704K, reserved 1048576K
[2020-12-15T02:44:26.014-0500][gc,start       ] GC(7636) Pause Young (Normal) (G1 Evacuation Pause)
[2020-12-15T02:44:26.014-0500][gc,task        ] GC(7636) Using 8 workers of 8 for evacuation
[2020-12-15T02:44:26.018-0500][gc,phases      ] GC(7636)   Pre Evacuate Collection Set: 0.0ms
[2020-12-15T02:44:26.019-0500][gc,phases      ] GC(7636)   Evacuate Collection Set: 1.7ms
[2020-12-15T02:44:26.019-0500][gc,phases      ] GC(7636)   Post Evacuate Collection Set: 2.4ms
[2020-12-15T02:44:26.019-0500][gc,phases      ] GC(7636)   Other: 0.5ms
[2020-12-15T02:44:26.019-0500][gc,heap        ] GC(7636) Eden regions: 10->0(9)
[2020-12-15T02:44:26.019-0500][gc,heap        ] GC(7636) Survivor regions: 0->1(2)
[2020-12-15T02:44:26.019-0500][gc,heap        ] GC(7636) Old regions: 40->40
[2020-12-15T02:44:26.019-0500][gc,heap        ] GC(7636) Humongous regions: 4->4
[2020-12-15T02:44:26.019-0500][gc,metaspace   ] GC(7636) Metaspace: 48734K->48734K(1093632K)
[2020-12-15T02:44:26.019-0500][gc,heap        ] GC(7636) Heap after GC invocations=7637 (full 1562): garbage-first heap   total 63488K, used 42672K [0x0000000083000000, 0x0000000100000000)
[2020-12-15T02:44:26.019-0500][gc,heap        ] GC(7636)   region size 1024K, 1 young (1024K), 1 survivors (1024K)
[2020-12-15T02:44:26.019-0500][gc,heap        ] GC(7636)  Metaspace       used 48734K, capacity 50558K, committed 52992K, reserved 1093632K
[2020-12-15T02:44:26.019-0500][gc,heap        ] GC(7636)   class space    used 7296K, capacity 7963K, committed 8704K, reserved 1048576K
[2020-12-15T02:44:26.019-0500][gc             ] GC(7636) Pause Young (Normal) (G1 Evacuation Pause) 51M->41M(62M) 4.773ms
[2020-12-15T02:44:26.019-0500][gc,cpu         ] GC(7636) User=0.00s Sys=0.00s Real=0.01s
[2020-12-15T02:46:45.189-0500][gc,task        ] GC(7637) Using 5 workers of 8 for full compaction
[2020-12-15T02:46:45.189-0500][gc,start       ] GC(7637) Pause Full (System.gc())
[2020-12-15T02:46:45.189-0500][gc,heap        ] GC(7637) Heap before GC invocations=7637 (full 1562): garbage-first heap   total 63488K, used 49840K [0x0000000083000000, 0x0000000100000000)
[2020-12-15T02:46:45.189-0500][gc,heap        ] GC(7637)   region size 1024K, 10 young (10240K), 1 survivors (1024K)
[2020-12-15T02:46:45.189-0500][gc,heap        ] GC(7637)  Metaspace       used 48734K, capacity 50558K, committed 52992K, reserved 1093632K
[2020-12-15T02:46:45.189-0500][gc,heap        ] GC(7637)   class space    used 7296K, capacity 7963K, committed 8704K, reserved 1048576K
[2020-12-15T02:46:45.189-0500][gc,phases,start] GC(7637) Phase 1: Mark live objects
[2020-12-15T02:46:45.234-0500][gc,stringtable ] GC(7637) Cleaned string and symbol table, strings: 31802 processed, 0 removed, symbols: 119634 processed, 0 removed
[2020-12-15T02:46:45.235-0500][gc,phases      ] GC(7637) Phase 1: Mark live objects 45.064ms
[2020-12-15T02:46:45.235-0500][gc,phases,start] GC(7637) Phase 2: Prepare for compaction
[2020-12-15T02:46:45.239-0500][gc,phases      ] GC(7637) Phase 2: Prepare for compaction 4.121ms
[2020-12-15T02:46:45.239-0500][gc,phases,start] GC(7637) Phase 3: Adjust pointers
[2020-12-15T02:46:45.251-0500][gc,phases      ] GC(7637) Phase 3: Adjust pointers 12.274ms
[2020-12-15T02:46:45.251-0500][gc,phases,start] GC(7637) Phase 4: Compact heap
[2020-12-15T02:46:45.254-0500][gc,phases      ] GC(7637) Phase 4: Compact heap 3.173ms
[2020-12-15T02:46:45.261-0500][gc,heap        ] GC(7637) Eden regions: 9->0(8)
[2020-12-15T02:46:45.261-0500][gc,heap        ] GC(7637) Survivor regions: 1->0(2)
[2020-12-15T02:46:45.261-0500][gc,heap        ] GC(7637) Old regions: 40->42
[2020-12-15T02:46:45.261-0500][gc,heap        ] GC(7637) Humongous regions: 4->4
[2020-12-15T02:46:45.261-0500][gc,metaspace   ] GC(7637) Metaspace: 48734K->48734K(1093632K)
[2020-12-15T02:46:45.261-0500][gc,heap        ] GC(7637) Heap after GC invocations=7638 (full 1563): garbage-first heap   total 63488K, used 42594K [0x0000000083000000, 0x0000000100000000)
[2020-12-15T02:46:45.261-0500][gc,heap        ] GC(7637)   region size 1024K, 0 young (0K), 0 survivors (0K)
[2020-12-15T02:46:45.261-0500][gc,heap        ] GC(7637)  Metaspace       used 48734K, capacity 50558K, committed 52992K, reserved 1093632K
[2020-12-15T02:46:45.261-0500][gc,heap        ] GC(7637)   class space    used 7296K, capacity 7963K, committed 8704K, reserved 1048576K
[2020-12-15T02:46:45.261-0500][gc             ] GC(7637) Pause Full (System.gc()) 50M->41M(62M) 71.888ms
[2020-12-15T02:46:45.261-0500][gc,cpu         ] GC(7637) User=0.25s Sys=0.06s Real=0.07s
[2020-12-15T02:48:47.603-0500][gc,heap        ] GC(7638) Heap before GC invocations=7638 (full 1563): garbage-first heap   total 63488K, used 50786K [0x0000000083000000, 0x0000000100000000)
[2020-12-15T02:48:47.603-0500][gc,heap        ] GC(7638)   region size 1024K, 8 young (8192K), 0 survivors (0K)
[2020-12-15T02:48:47.603-0500][gc,heap        ] GC(7638)  Metaspace       used 48734K, capacity 50558K, committed 52992K, reserved 1093632K
[2020-12-15T02:48:47.603-0500][gc,heap        ] GC(7638)   class space    used 7296K, capacity 7963K, committed 8704K, reserved 1048576K
[2020-12-15T02:48:47.603-0500][gc,start       ] GC(7638) Pause Young (Normal) (G1 Evacuation Pause)
[2020-12-15T02:48:47.603-0500][gc,task        ] GC(7638) Using 8 workers of 8 for evacuation
[2020-12-15T02:48:47.660-0500][gc,phases      ] GC(7638)   Pre Evacuate Collection Set: 0.1ms
[2020-12-15T02:48:47.660-0500][gc,phases      ] GC(7638)   Evacuate Collection Set: 55.1ms
[2020-12-15T02:48:47.660-0500][gc,phases      ] GC(7638)   Post Evacuate Collection Set: 0.9ms
[2020-12-15T02:48:47.660-0500][gc,phases      ] GC(7638)   Other: 0.5ms
[2020-12-15T02:48:47.660-0500][gc,heap        ] GC(7638) Eden regions: 8->0(7)
[2020-12-15T02:48:47.660-0500][gc,heap        ] GC(7638) Survivor regions: 0->1(1)
[2020-12-15T02:48:47.660-0500][gc,heap        ] GC(7638) Old regions: 42->42
[2020-12-15T02:48:47.660-0500][gc,heap        ] GC(7638) Humongous regions: 4->4
[2020-12-15T02:48:47.660-0500][gc,metaspace   ] GC(7638) Metaspace: 48734K->48734K(1093632K)
[2020-12-15T02:48:47.660-0500][gc,heap        ] GC(7638) Heap after GC invocations=7639 (full 1563): garbage-first heap   total 63488K, used 42649K [0x0000000083000000, 0x0000000100000000)
[2020-12-15T02:48:47.660-0500][gc,heap        ] GC(7638)   region size 1024K, 1 young (1024K), 1 survivors (1024K)
[2020-12-15T02:48:47.660-0500][gc,heap        ] GC(7638)  Metaspace       used 48734K, capacity 50558K, committed 52992K, reserved 1093632K
[2020-12-15T02:48:47.660-0500][gc,heap        ] GC(7638)   class space    used 7296K, capacity 7963K, committed 8704K, reserved 1048576K
[2020-12-15T02:48:47.660-0500][gc             ] GC(7638) Pause Young (Normal) (G1 Evacuation Pause) 49M->41M(62M) 56.320ms
[2020-12-15T02:48:47.660-0500][gc,cpu         ] GC(7638) User=0.37s Sys=0.00s Real=0.06s
[2020-12-15T02:50:46.012-0500][gc,heap        ] GC(7639) Heap before GC invocations=7639 (full 1563): garbage-first heap   total 63488K, used 48793K [0x0000000083000000, 0x0000000100000000)
[2020-12-15T02:50:46.013-0500][gc,heap        ] GC(7639)   region size 1024K, 8 young (8192K), 1 survivors (1024K)
[2020-12-15T02:50:46.013-0500][gc,heap        ] GC(7639)  Metaspace       used 48734K, capacity 50558K, committed 52992K, reserved 1093632K
[2020-12-15T02:50:46.013-0500][gc,heap        ] GC(7639)   class space    used 7296K, capacity 7963K, committed 8704K, reserved 1048576K
[2020-12-15T02:50:46.013-0500][gc,start       ] GC(7639) Pause Young (Normal) (G1 Evacuation Pause)
[2020-12-15T02:50:46.013-0500][gc,task        ] GC(7639) Using 8 workers of 8 for evacuation
[2020-12-15T02:50:46.017-0500][gc,phases      ] GC(7639)   Pre Evacuate Collection Set: 0.0ms
[2020-12-15T02:50:46.017-0500][gc,phases      ] GC(7639)   Evacuate Collection Set: 1.9ms
[2020-12-15T02:50:46.017-0500][gc,phases      ] GC(7639)   Post Evacuate Collection Set: 2.2ms
[2020-12-15T02:50:46.017-0500][gc,phases      ] GC(7639)   Other: 0.4ms
[2020-12-15T02:50:46.017-0500][gc,heap        ] GC(7639) Eden regions: 7->0(7)
[2020-12-15T02:50:46.017-0500][gc,heap        ] GC(7639) Survivor regions: 1->1(1)
[2020-12-15T02:50:46.017-0500][gc,heap        ] GC(7639) Old regions: 42->42
[2020-12-15T02:50:46.017-0500][gc,heap        ] GC(7639) Humongous regions: 4->4
[2020-12-15T02:50:46.017-0500][gc,metaspace   ] GC(7639) Metaspace: 48734K->48734K(1093632K)
[2020-12-15T02:50:46.017-0500][gc,heap        ] GC(7639) Heap after GC invocations=7640 (full 1563): garbage-first heap   total 63488K, used 42668K [0x0000000083000000, 0x0000000100000000)
[2020-12-15T02:50:46.017-0500][gc,heap        ] GC(7639)   region size 1024K, 1 young (1024K), 1 survivors (1024K)
[2020-12-15T02:50:46.017-0500][gc,heap        ] GC(7639)  Metaspace       used 48734K, capacity 50558K, committed 52992K, reserved 1093632K
[2020-12-15T02:50:46.017-0500][gc,heap        ] GC(7639)   class space    used 7296K, capacity 7963K, committed 8704K, reserved 1048576K
[2020-12-15T02:50:46.018-0500][gc             ] GC(7639) Pause Young (Normal) (G1 Evacuation Pause) 48M->41M(62M) 4.826ms
[2020-12-15T02:50:46.018-0500][gc,cpu         ] GC(7639) User=0.01s Sys=0.00s Real=0.00s
[2020-12-15T02:51:45.191-0500][gc,task        ] GC(7640) Using 5 workers of 8 for full compaction
[2020-12-15T02:51:45.191-0500][gc,start       ] GC(7640) Pause Full (System.gc())
[2020-12-15T02:51:45.191-0500][gc,heap        ] GC(7640) Heap before GC invocations=7640 (full 1563): garbage-first heap   total 63488K, used 45740K [0x0000000083000000, 0x0000000100000000)
[2020-12-15T02:51:45.191-0500][gc,heap        ] GC(7640)   region size 1024K, 5 young (5120K), 1 survivors (1024K)
[2020-12-15T02:51:45.191-0500][gc,heap        ] GC(7640)  Metaspace       used 48734K, capacity 50558K, committed 52992K, reserved 1093632K
[2020-12-15T02:51:45.191-0500][gc,heap        ] GC(7640)   class space    used 7296K, capacity 7963K, committed 8704K, reserved 1048576K
[2020-12-15T02:51:45.191-0500][gc,phases,start] GC(7640) Phase 1: Mark live objects
[2020-12-15T02:51:45.236-0500][gc,stringtable ] GC(7640) Cleaned string and symbol table, strings: 31802 processed, 0 removed, symbols: 119634 processed, 0 removed
[2020-12-15T02:51:45.236-0500][gc,phases      ] GC(7640) Phase 1: Mark live objects 44.967ms
[2020-12-15T02:51:45.236-0500][gc,phases,start] GC(7640) Phase 2: Prepare for compaction
[2020-12-15T02:51:45.239-0500][gc,phases      ] GC(7640) Phase 2: Prepare for compaction 3.051ms
[2020-12-15T02:51:45.239-0500][gc,phases,start] GC(7640) Phase 3: Adjust pointers
[2020-12-15T02:51:45.249-0500][gc,phases      ] GC(7640) Phase 3: Adjust pointers 9.711ms
[2020-12-15T02:51:45.249-0500][gc,phases,start] GC(7640) Phase 4: Compact heap
[2020-12-15T02:51:45.252-0500][gc,phases      ] GC(7640) Phase 4: Compact heap 2.513ms
[2020-12-15T02:51:45.257-0500][gc,heap        ] GC(7640) Eden regions: 4->0(9)
[2020-12-15T02:51:45.257-0500][gc,heap        ] GC(7640) Survivor regions: 1->0(1)
[2020-12-15T02:51:45.257-0500][gc,heap        ] GC(7640) Old regions: 42->41
[2020-12-15T02:51:45.257-0500][gc,heap        ] GC(7640) Humongous regions: 4->4
[2020-12-15T02:51:45.257-0500][gc,metaspace   ] GC(7640) Metaspace: 48734K->48734K(1093632K)
[2020-12-15T02:51:45.257-0500][gc,heap        ] GC(7640) Heap after GC invocations=7641 (full 1564): garbage-first heap   total 63488K, used 42565K [0x0000000083000000, 0x0000000100000000)
[2020-12-15T02:51:45.257-0500][gc,heap        ] GC(7640)   region size 1024K, 0 young (0K), 0 survivors (0K)
[2020-12-15T02:51:45.257-0500][gc,heap        ] GC(7640)  Metaspace       used 48734K, capacity 50558K, committed 52992K, reserved 1093632K
[2020-12-15T02:51:45.257-0500][gc,heap        ] GC(7640)   class space    used 7296K, capacity 7963K, committed 8704K, reserved 1048576K
[2020-12-15T02:51:45.257-0500][gc             ] GC(7640) Pause Full (System.gc()) 45M->41M(62M) 66.465ms
[2020-12-15T02:51:45.257-0500][gc,cpu         ] GC(7640) User=0.29s Sys=0.00s Real=0.06s
[2020-12-15T02:54:06.020-0500][gc,heap        ] GC(7641) Heap before GC invocations=7641 (full 1564): garbage-first heap   total 63488K, used 50757K [0x0000000083000000, 0x0000000100000000)
[2020-12-15T02:54:06.020-0500][gc,heap        ] GC(7641)   region size 1024K, 9 young (9216K), 0 survivors (0K)
[2020-12-15T02:54:06.020-0500][gc,heap        ] GC(7641)  Metaspace       used 48734K, capacity 50558K, committed 52992K, reserved 1093632K
[2020-12-15T02:54:06.020-0500][gc,heap        ] GC(7641)   class space    used 7296K, capacity 7963K, committed 8704K, reserved 1048576K
[2020-12-15T02:54:06.020-0500][gc,start       ] GC(7641) Pause Young (Normal) (G1 Evacuation Pause)
[2020-12-15T02:54:06.020-0500][gc,task        ] GC(7641) Using 8 workers of 8 for evacuation
[2020-12-15T02:54:06.024-0500][gc,phases      ] GC(7641)   Pre Evacuate Collection Set: 0.0ms
[2020-12-15T02:54:06.024-0500][gc,phases      ] GC(7641)   Evacuate Collection Set: 1.3ms
[2020-12-15T02:54:06.024-0500][gc,phases      ] GC(7641)   Post Evacuate Collection Set: 2.5ms
[2020-12-15T02:54:06.024-0500][gc,phases      ] GC(7641)   Other: 0.6ms
[2020-12-15T02:54:06.024-0500][gc,heap        ] GC(7641) Eden regions: 9->0(8)
[2020-12-15T02:54:06.024-0500][gc,heap        ] GC(7641) Survivor regions: 0->1(2)
[2020-12-15T02:54:06.024-0500][gc,heap        ] GC(7641) Old regions: 41->41
[2020-12-15T02:54:06.024-0500][gc,heap        ] GC(7641) Humongous regions: 4->4
[2020-12-15T02:54:06.024-0500][gc,metaspace   ] GC(7641) Metaspace: 48734K->48734K(1093632K)
[2020-12-15T02:54:06.025-0500][gc,heap        ] GC(7641) Heap after GC invocations=7642 (full 1564): garbage-first heap   total 63488K, used 42623K [0x0000000083000000, 0x0000000100000000)
[2020-12-15T02:54:06.025-0500][gc,heap        ] GC(7641)   region size 1024K, 1 young (1024K), 1 survivors (1024K)
[2020-12-15T02:54:06.025-0500][gc,heap        ] GC(7641)  Metaspace       used 48734K, capacity 50558K, committed 52992K, reserved 1093632K
[2020-12-15T02:54:06.025-0500][gc,heap        ] GC(7641)   class space    used 7296K, capacity 7963K, committed 8704K, reserved 1048576K
[2020-12-15T02:54:06.025-0500][gc             ] GC(7641) Pause Young (Normal) (G1 Evacuation Pause) 50M->41M(62M) 4.500ms
[2020-12-15T02:54:06.025-0500][gc,cpu         ] GC(7641) User=0.00s Sys=0.01s Real=0.00s
[2020-12-15T02:56:10.198-0500][gc,heap        ] GC(7642) Heap before GC invocations=7642 (full 1564): garbage-first heap   total 63488K, used 50815K [0x0000000083000000, 0x0000000100000000)
[2020-12-15T02:56:10.198-0500][gc,heap        ] GC(7642)   region size 1024K, 9 young (9216K), 1 survivors (1024K)
[2020-12-15T02:56:10.198-0500][gc,heap        ] GC(7642)  Metaspace       used 48734K, capacity 50558K, committed 52992K, reserved 1093632K
[2020-12-15T02:56:10.198-0500][gc,heap        ] GC(7642)   class space    used 7296K, capacity 7963K, committed 8704K, reserved 1048576K
[2020-12-15T02:56:10.198-0500][gc,start       ] GC(7642) Pause Young (Normal) (G1 Evacuation Pause)
[2020-12-15T02:56:10.198-0500][gc,task        ] GC(7642) Using 8 workers of 8 for evacuation
[2020-12-15T02:56:10.202-0500][gc,phases      ] GC(7642)   Pre Evacuate Collection Set: 0.0ms
[2020-12-15T02:56:10.202-0500][gc,phases      ] GC(7642)   Evacuate Collection Set: 0.5ms
[2020-12-15T02:56:10.202-0500][gc,phases      ] GC(7642)   Post Evacuate Collection Set: 3.2ms
[2020-12-15T02:56:10.202-0500][gc,phases      ] GC(7642)   Other: 0.2ms
[2020-12-15T02:56:10.202-0500][gc,heap        ] GC(7642) Eden regions: 8->0(8)
[2020-12-15T02:56:10.202-0500][gc,heap        ] GC(7642) Survivor regions: 1->1(2)
[2020-12-15T02:56:10.202-0500][gc,heap        ] GC(7642) Old regions: 41->41
[2020-12-15T02:56:10.202-0500][gc,heap        ] GC(7642) Humongous regions: 4->4
[2020-12-15T02:56:10.202-0500][gc,metaspace   ] GC(7642) Metaspace: 48734K->48734K(1093632K)
[2020-12-15T02:56:10.202-0500][gc,heap        ] GC(7642) Heap after GC invocations=7643 (full 1564): garbage-first heap   total 63488K, used 42619K [0x0000000083000000, 0x0000000100000000)
[2020-12-15T02:56:10.202-0500][gc,heap        ] GC(7642)   region size 1024K, 1 young (1024K), 1 survivors (1024K)
[2020-12-15T02:56:10.202-0500][gc,heap        ] GC(7642)  Metaspace       used 48734K, capacity 50558K, committed 52992K, reserved 1093632K
[2020-12-15T02:56:10.202-0500][gc,heap        ] GC(7642)   class space    used 7296K, capacity 7963K, committed 8704K, reserved 1048576K
[2020-12-15T02:56:10.202-0500][gc             ] GC(7642) Pause Young (Normal) (G1 Evacuation Pause) 49M->41M(62M) 3.922ms
[2020-12-15T02:56:10.202-0500][gc,cpu         ] GC(7642) User=0.01s Sys=0.00s Real=0.00s
[2020-12-15T02:56:45.192-0500][gc,task        ] GC(7643) Using 5 workers of 8 for full compaction
[2020-12-15T02:56:45.192-0500][gc,start       ] GC(7643) Pause Full (System.gc())
[2020-12-15T02:56:45.192-0500][gc,heap        ] GC(7643) Heap before GC invocations=7643 (full 1564): garbage-first heap   total 63488K, used 43643K [0x0000000083000000, 0x0000000100000000)
[2020-12-15T02:56:45.192-0500][gc,heap        ] GC(7643)   region size 1024K, 3 young (3072K), 1 survivors (1024K)
[2020-12-15T02:56:45.193-0500][gc,heap        ] GC(7643)  Metaspace       used 48734K, capacity 50558K, committed 52992K, reserved 1093632K
[2020-12-15T02:56:45.193-0500][gc,heap        ] GC(7643)   class space    used 7296K, capacity 7963K, committed 8704K, reserved 1048576K
[2020-12-15T02:56:45.193-0500][gc,phases,start] GC(7643) Phase 1: Mark live objects
[2020-12-15T02:56:45.237-0500][gc,stringtable ] GC(7643) Cleaned string and symbol table, strings: 31802 processed, 0 removed, symbols: 119634 processed, 0 removed
[2020-12-15T02:56:45.237-0500][gc,phases      ] GC(7643) Phase 1: Mark live objects 44.167ms
[2020-12-15T02:56:45.237-0500][gc,phases,start] GC(7643) Phase 2: Prepare for compaction
[2020-12-15T02:56:45.241-0500][gc,phases      ] GC(7643) Phase 2: Prepare for compaction 4.007ms
[2020-12-15T02:56:45.241-0500][gc,phases,start] GC(7643) Phase 3: Adjust pointers
[2020-12-15T02:56:45.251-0500][gc,phases      ] GC(7643) Phase 3: Adjust pointers 9.760ms
[2020-12-15T02:56:45.251-0500][gc,phases,start] GC(7643) Phase 4: Compact heap
[2020-12-15T02:56:45.254-0500][gc,phases      ] GC(7643) Phase 4: Compact heap 2.675ms
[2020-12-15T02:56:45.259-0500][gc,heap        ] GC(7643) Eden regions: 2->0(11)
[2020-12-15T02:56:45.259-0500][gc,heap        ] GC(7643) Survivor regions: 1->0(2)
[2020-12-15T02:56:45.259-0500][gc,heap        ] GC(7643) Old regions: 41->39
[2020-12-15T02:56:45.259-0500][gc,heap        ] GC(7643) Humongous regions: 4->4
[2020-12-15T02:56:45.259-0500][gc,metaspace   ] GC(7643) Metaspace: 48734K->48734K(1093632K)
[2020-12-15T02:56:45.259-0500][gc,heap        ] GC(7643) Heap after GC invocations=7644 (full 1565): garbage-first heap   total 63488K, used 42555K [0x0000000083000000, 0x0000000100000000)
[2020-12-15T02:56:45.259-0500][gc,heap        ] GC(7643)   region size 1024K, 0 young (0K), 0 survivors (0K)
[2020-12-15T02:56:45.259-0500][gc,heap        ] GC(7643)  Metaspace       used 48734K, capacity 50558K, committed 52992K, reserved 1093632K
[2020-12-15T02:56:45.259-0500][gc,heap        ] GC(7643)   class space    used 7296K, capacity 7963K, committed 8704K, reserved 1048576K
[2020-12-15T02:56:45.259-0500][gc             ] GC(7643) Pause Full (System.gc()) 43M->41M(62M) 67.027ms
[2020-12-15T02:56:45.260-0500][gc,cpu         ] GC(7643) User=0.28s Sys=0.00s Real=0.07s
[2020-12-15T02:59:43.449-0500][gc,heap        ] GC(7644) Heap before GC invocations=7644 (full 1565): garbage-first heap   total 63488K, used 53819K [0x0000000083000000, 0x0000000100000000)
[2020-12-15T02:59:43.449-0500][gc,heap        ] GC(7644)   region size 1024K, 11 young (11264K), 0 survivors (0K)
[2020-12-15T02:59:43.449-0500][gc,heap        ] GC(7644)  Metaspace       used 48734K, capacity 50558K, committed 52992K, reserved 1093632K
[2020-12-15T02:59:43.449-0500][gc,heap        ] GC(7644)   class space    used 7296K, capacity 7963K, committed 8704K, reserved 1048576K
[2020-12-15T02:59:43.449-0500][gc,start       ] GC(7644) Pause Young (Normal) (G1 Evacuation Pause)
[2020-12-15T02:59:43.449-0500][gc,task        ] GC(7644) Using 8 workers of 8 for evacuation
[2020-12-15T02:59:43.454-0500][gc,phases      ] GC(7644)   Pre Evacuate Collection Set: 0.0ms
[2020-12-15T02:59:43.454-0500][gc,phases      ] GC(7644)   Evacuate Collection Set: 1.0ms
[2020-12-15T02:59:43.454-0500][gc,phases      ] GC(7644)   Post Evacuate Collection Set: 3.5ms
[2020-12-15T02:59:43.454-0500][gc,phases      ] GC(7644)   Other: 0.5ms
[2020-12-15T02:59:43.454-0500][gc,heap        ] GC(7644) Eden regions: 11->0(10)
[2020-12-15T02:59:43.454-0500][gc,heap        ] GC(7644) Survivor regions: 0->1(2)
[2020-12-15T02:59:43.454-0500][gc,heap        ] GC(7644) Old regions: 39->39
[2020-12-15T02:59:43.454-0500][gc,heap        ] GC(7644) Humongous regions: 4->4
[2020-12-15T02:59:43.454-0500][gc,metaspace   ] GC(7644) Metaspace: 48734K->48734K(1093632K)
[2020-12-15T02:59:43.454-0500][gc,heap        ] GC(7644) Heap after GC invocations=7645 (full 1565): garbage-first heap   total 63488K, used 42620K [0x0000000083000000, 0x0000000100000000)
[2020-12-15T02:59:43.454-0500][gc,heap        ] GC(7644)   region size 1024K, 1 young (1024K), 1 survivors (1024K)
[2020-12-15T02:59:43.454-0500][gc,heap        ] GC(7644)  Metaspace       used 48734K, capacity 50558K, committed 52992K, reserved 1093632K
[2020-12-15T02:59:43.454-0500][gc,heap        ] GC(7644)   class space    used 7296K, capacity 7963K, committed 8704K, reserved 1048576K
[2020-12-15T02:59:43.455-0500][gc             ] GC(7644) Pause Young (Normal) (G1 Evacuation Pause) 52M->41M(62M) 5.166ms
[2020-12-15T02:59:43.455-0500][gc,cpu         ] GC(7644) User=0.00s Sys=0.01s Real=0.00s
[2020-12-15T03:01:45.190-0500][gc,task        ] GC(7645) Using 5 workers of 8 for full compaction
[2020-12-15T03:01:45.190-0500][gc,start       ] GC(7645) Pause Full (System.gc())
[2020-12-15T03:01:45.190-0500][gc,heap        ] GC(7645) Heap before GC invocations=7645 (full 1565): garbage-first heap   total 63488K, used 49788K [0x0000000083000000, 0x0000000100000000)
[2020-12-15T03:01:45.190-0500][gc,heap        ] GC(7645)   region size 1024K, 9 young (9216K), 1 survivors (1024K)
[2020-12-15T03:01:45.190-0500][gc,heap        ] GC(7645)  Metaspace       used 48734K, capacity 50558K, committed 52992K, reserved 1093632K
[2020-12-15T03:01:45.190-0500][gc,heap        ] GC(7645)   class space    used 7296K, capacity 7963K, committed 8704K, reserved 1048576K
[2020-12-15T03:01:45.191-0500][gc,phases,start] GC(7645) Phase 1: Mark live objects
[2020-12-15T03:01:45.238-0500][gc,stringtable ] GC(7645) Cleaned string and symbol table, strings: 31802 processed, 0 removed, symbols: 119634 processed, 0 removed
[2020-12-15T03:01:45.238-0500][gc,phases      ] GC(7645) Phase 1: Mark live objects 47.016ms
[2020-12-15T03:01:45.238-0500][gc,phases,start] GC(7645) Phase 2: Prepare for compaction
[2020-12-15T03:01:45.241-0500][gc,phases      ] GC(7645) Phase 2: Prepare for compaction 3.047ms
[2020-12-15T03:01:45.241-0500][gc,phases,start] GC(7645) Phase 3: Adjust pointers
[2020-12-15T03:01:45.251-0500][gc,phases      ] GC(7645) Phase 3: Adjust pointers 10.242ms
[2020-12-15T03:01:45.251-0500][gc,phases,start] GC(7645) Phase 4: Compact heap
[2020-12-15T03:01:45.254-0500][gc,phases      ] GC(7645) Phase 4: Compact heap 2.638ms
[2020-12-15T03:01:45.259-0500][gc,heap        ] GC(7645) Eden regions: 8->0(9)
[2020-12-15T03:01:45.259-0500][gc,heap        ] GC(7645) Survivor regions: 1->0(2)
[2020-12-15T03:01:45.259-0500][gc,heap        ] GC(7645) Old regions: 39->41
[2020-12-15T03:01:45.259-0500][gc,heap        ] GC(7645) Humongous regions: 4->4
[2020-12-15T03:01:45.259-0500][gc,metaspace   ] GC(7645) Metaspace: 48734K->48734K(1093632K)
[2020-12-15T03:01:45.259-0500][gc,heap        ] GC(7645) Heap after GC invocations=7646 (full 1566): garbage-first heap   total 63488K, used 42582K [0x0000000083000000, 0x0000000100000000)
[2020-12-15T03:01:45.259-0500][gc,heap        ] GC(7645)   region size 1024K, 0 young (0K), 0 survivors (0K)
[2020-12-15T03:01:45.259-0500][gc,heap        ] GC(7645)  Metaspace       used 48734K, capacity 50558K, committed 52992K, reserved 1093632K
[2020-12-15T03:01:45.259-0500][gc,heap        ] GC(7645)   class space    used 7296K, capacity 7963K, committed 8704K, reserved 1048576K
[2020-12-15T03:01:45.259-0500][gc             ] GC(7645) Pause Full (System.gc()) 49M->41M(62M) 69.009ms
[2020-12-15T03:01:45.259-0500][gc,cpu         ] GC(7645) User=0.30s Sys=0.00s Real=0.07s
[2020-12-15T03:04:01.451-0500][gc,heap        ] GC(7646) Heap before GC invocations=7646 (full 1566): garbage-first heap   total 63488K, used 51798K [0x0000000083000000, 0x0000000100000000)
[2020-12-15T03:04:01.451-0500][gc,heap        ] GC(7646)   region size 1024K, 9 young (9216K), 0 survivors (0K)
[2020-12-15T03:04:01.452-0500][gc,heap        ] GC(7646)  Metaspace       used 48734K, capacity 50558K, committed 52992K, reserved 1093632K
[2020-12-15T03:04:01.452-0500][gc,heap        ] GC(7646)   class space    used 7296K, capacity 7963K, committed 8704K, reserved 1048576K
[2020-12-15T03:04:01.452-0500][gc,start       ] GC(7646) Pause Young (Normal) (G1 Evacuation Pause)
[2020-12-15T03:04:01.452-0500][gc,task        ] GC(7646) Using 8 workers of 8 for evacuation
[2020-12-15T03:04:01.458-0500][gc,phases      ] GC(7646)   Pre Evacuate Collection Set: 0.0ms
[2020-12-15T03:04:01.458-0500][gc,phases      ] GC(7646)   Evacuate Collection Set: 3.8ms
[2020-12-15T03:04:01.458-0500][gc,phases      ] GC(7646)   Post Evacuate Collection Set: 2.1ms
[2020-12-15T03:04:01.458-0500][gc,phases      ] GC(7646)   Other: 0.5ms
[2020-12-15T03:04:01.458-0500][gc,heap        ] GC(7646) Eden regions: 9->0(8)
[2020-12-15T03:04:01.458-0500][gc,heap        ] GC(7646) Survivor regions: 0->1(2)
[2020-12-15T03:04:01.458-0500][gc,heap        ] GC(7646) Old regions: 41->41
[2020-12-15T03:04:01.458-0500][gc,heap        ] GC(7646) Humongous regions: 4->4
[2020-12-15T03:04:01.458-0500][gc,metaspace   ] GC(7646) Metaspace: 48734K->48734K(1093632K)
[2020-12-15T03:04:01.458-0500][gc,heap        ] GC(7646) Heap after GC invocations=7647 (full 1566): garbage-first heap   total 63488K, used 42643K [0x0000000083000000, 0x0000000100000000)
[2020-12-15T03:04:01.458-0500][gc,heap        ] GC(7646)   region size 1024K, 1 young (1024K), 1 survivors (1024K)
[2020-12-15T03:04:01.458-0500][gc,heap        ] GC(7646)  Metaspace       used 48734K, capacity 50558K, committed 52992K, reserved 1093632K
[2020-12-15T03:04:01.458-0500][gc,heap        ] GC(7646)   class space    used 7296K, capacity 7963K, committed 8704K, reserved 1048576K
[2020-12-15T03:04:01.458-0500][gc             ] GC(7646) Pause Young (Normal) (G1 Evacuation Pause) 50M->41M(62M) 6.548ms
[2020-12-15T03:04:01.458-0500][gc,cpu         ] GC(7646) User=0.03s Sys=0.00s Real=0.01s
[2020-12-15T03:06:06.018-0500][gc,heap        ] GC(7647) Heap before GC invocations=7647 (full 1566): garbage-first heap   total 63488K, used 50835K [0x0000000083000000, 0x0000000100000000)
[2020-12-15T03:06:06.019-0500][gc,heap        ] GC(7647)   region size 1024K, 9 young (9216K), 1 survivors (1024K)
[2020-12-15T03:06:06.019-0500][gc,heap        ] GC(7647)  Metaspace       used 48734K, capacity 50558K, committed 52992K, reserved 1093632K
[2020-12-15T03:06:06.019-0500][gc,heap        ] GC(7647)   class space    used 7296K, capacity 7963K, committed 8704K, reserved 1048576K
[2020-12-15T03:06:06.019-0500][gc,start       ] GC(7647) Pause Young (Normal) (G1 Evacuation Pause)
[2020-12-15T03:06:06.019-0500][gc,task        ] GC(7647) Using 8 workers of 8 for evacuation
[2020-12-15T03:06:06.023-0500][gc,phases      ] GC(7647)   Pre Evacuate Collection Set: 0.0ms
[2020-12-15T03:06:06.023-0500][gc,phases      ] GC(7647)   Evacuate Collection Set: 1.1ms
[2020-12-15T03:06:06.023-0500][gc,phases      ] GC(7647)   Post Evacuate Collection Set: 2.9ms
[2020-12-15T03:06:06.023-0500][gc,phases      ] GC(7647)   Other: 0.5ms
[2020-12-15T03:06:06.023-0500][gc,heap        ] GC(7647) Eden regions: 8->0(8)
[2020-12-15T03:06:06.023-0500][gc,heap        ] GC(7647) Survivor regions: 1->1(2)
[2020-12-15T03:06:06.023-0500][gc,heap        ] GC(7647) Old regions: 41->41
[2020-12-15T03:06:06.023-0500][gc,heap        ] GC(7647) Humongous regions: 4->4
[2020-12-15T03:06:06.023-0500][gc,metaspace   ] GC(7647) Metaspace: 48734K->48734K(1093632K)
[2020-12-15T03:06:06.023-0500][gc,heap        ] GC(7647) Heap after GC invocations=7648 (full 1566): garbage-first heap   total 63488K, used 42669K [0x0000000083000000, 0x0000000100000000)
[2020-12-15T03:06:06.023-0500][gc,heap        ] GC(7647)   region size 1024K, 1 young (1024K), 1 survivors (1024K)
[2020-12-15T03:06:06.023-0500][gc,heap        ] GC(7647)  Metaspace       used 48734K, capacity 50558K, committed 52992K, reserved 1093632K
[2020-12-15T03:06:06.023-0500][gc,heap        ] GC(7647)   class space    used 7296K, capacity 7963K, committed 8704K, reserved 1048576K
[2020-12-15T03:06:06.023-0500][gc             ] GC(7647) Pause Young (Normal) (G1 Evacuation Pause) 49M->41M(62M) 4.571ms
[2020-12-15T03:06:06.023-0500][gc,cpu         ] GC(7647) User=0.00s Sys=0.01s Real=0.00s
[2020-12-15T03:06:45.190-0500][gc,task        ] GC(7648) Using 5 workers of 8 for full compaction
[2020-12-15T03:06:45.190-0500][gc,start       ] GC(7648) Pause Full (System.gc())
[2020-12-15T03:06:45.190-0500][gc,heap        ] GC(7648) Heap before GC invocations=7648 (full 1566): garbage-first heap   total 63488K, used 44717K [0x0000000083000000, 0x0000000100000000)
[2020-12-15T03:06:45.190-0500][gc,heap        ] GC(7648)   region size 1024K, 4 young (4096K), 1 survivors (1024K)
[2020-12-15T03:06:45.190-0500][gc,heap        ] GC(7648)  Metaspace       used 48734K, capacity 50558K, committed 52992K, reserved 1093632K
[2020-12-15T03:06:45.190-0500][gc,heap        ] GC(7648)   class space    used 7296K, capacity 7963K, committed 8704K, reserved 1048576K
[2020-12-15T03:06:45.191-0500][gc,phases,start] GC(7648) Phase 1: Mark live objects
[2020-12-15T03:06:45.240-0500][gc,stringtable ] GC(7648) Cleaned string and symbol table, strings: 31802 processed, 0 removed, symbols: 119634 processed, 0 removed
[2020-12-15T03:06:45.240-0500][gc,phases      ] GC(7648) Phase 1: Mark live objects 49.357ms
[2020-12-15T03:06:45.240-0500][gc,phases,start] GC(7648) Phase 2: Prepare for compaction
[2020-12-15T03:06:45.245-0500][gc,phases      ] GC(7648) Phase 2: Prepare for compaction 4.553ms
[2020-12-15T03:06:45.245-0500][gc,phases,start] GC(7648) Phase 3: Adjust pointers
[2020-12-15T03:06:45.257-0500][gc,phases      ] GC(7648) Phase 3: Adjust pointers 12.478ms
[2020-12-15T03:06:45.257-0500][gc,phases,start] GC(7648) Phase 4: Compact heap
[2020-12-15T03:06:45.261-0500][gc,phases      ] GC(7648) Phase 4: Compact heap 3.622ms
[2020-12-15T03:06:45.267-0500][gc,heap        ] GC(7648) Eden regions: 3->0(10)
[2020-12-15T03:06:45.267-0500][gc,heap        ] GC(7648) Survivor regions: 1->0(2)
[2020-12-15T03:06:45.267-0500][gc,heap        ] GC(7648) Old regions: 41->40
[2020-12-15T03:06:45.267-0500][gc,heap        ] GC(7648) Humongous regions: 4->4
[2020-12-15T03:06:45.267-0500][gc,metaspace   ] GC(7648) Metaspace: 48734K->48734K(1093632K)
[2020-12-15T03:06:45.267-0500][gc,heap        ] GC(7648) Heap after GC invocations=7649 (full 1567): garbage-first heap   total 63488K, used 42559K [0x0000000083000000, 0x0000000100000000)
[2020-12-15T03:06:45.267-0500][gc,heap        ] GC(7648)   region size 1024K, 0 young (0K), 0 survivors (0K)
[2020-12-15T03:06:45.267-0500][gc,heap        ] GC(7648)  Metaspace       used 48734K, capacity 50558K, committed 52992K, reserved 1093632K
[2020-12-15T03:06:45.267-0500][gc,heap        ] GC(7648)   class space    used 7296K, capacity 7963K, committed 8704K, reserved 1048576K
[2020-12-15T03:06:45.267-0500][gc             ] GC(7648) Pause Full (System.gc()) 43M->41M(62M) 77.075ms
[2020-12-15T03:06:45.267-0500][gc,cpu         ] GC(7648) User=0.33s Sys=0.00s Real=0.07s
[2020-12-15T03:09:26.015-0500][gc,heap        ] GC(7649) Heap before GC invocations=7649 (full 1567): garbage-first heap   total 63488K, used 51775K [0x0000000083000000, 0x0000000100000000)
[2020-12-15T03:09:26.015-0500][gc,heap        ] GC(7649)   region size 1024K, 10 young (10240K), 0 survivors (0K)
[2020-12-15T03:09:26.015-0500][gc,heap        ] GC(7649)  Metaspace       used 48734K, capacity 50558K, committed 52992K, reserved 1093632K
[2020-12-15T03:09:26.015-0500][gc,heap        ] GC(7649)   class space    used 7296K, capacity 7963K, committed 8704K, reserved 1048576K
[2020-12-15T03:09:26.015-0500][gc,start       ] GC(7649) Pause Young (Normal) (G1 Evacuation Pause)
[2020-12-15T03:09:26.015-0500][gc,task        ] GC(7649) Using 8 workers of 8 for evacuation
[2020-12-15T03:09:26.020-0500][gc,phases      ] GC(7649)   Pre Evacuate Collection Set: 0.0ms
[2020-12-15T03:09:26.020-0500][gc,phases      ] GC(7649)   Evacuate Collection Set: 1.3ms
[2020-12-15T03:09:26.020-0500][gc,phases      ] GC(7649)   Post Evacuate Collection Set: 3.2ms
[2020-12-15T03:09:26.020-0500][gc,phases      ] GC(7649)   Other: 0.5ms
[2020-12-15T03:09:26.020-0500][gc,heap        ] GC(7649) Eden regions: 10->0(9)
[2020-12-15T03:09:26.020-0500][gc,heap        ] GC(7649) Survivor regions: 0->1(2)
[2020-12-15T03:09:26.020-0500][gc,heap        ] GC(7649) Old regions: 40->40
[2020-12-15T03:09:26.020-0500][gc,heap        ] GC(7649) Humongous regions: 4->4
[2020-12-15T03:09:26.020-0500][gc,metaspace   ] GC(7649) Metaspace: 48734K->48734K(1093632K)
[2020-12-15T03:09:26.020-0500][gc,heap        ] GC(7649) Heap after GC invocations=7650 (full 1567): garbage-first heap   total 63488K, used 42633K [0x0000000083000000, 0x0000000100000000)
[2020-12-15T03:09:26.021-0500][gc,heap        ] GC(7649)   region size 1024K, 1 young (1024K), 1 survivors (1024K)
[2020-12-15T03:09:26.021-0500][gc,heap        ] GC(7649)  Metaspace       used 48734K, capacity 50558K, committed 52992K, reserved 1093632K
[2020-12-15T03:09:26.021-0500][gc,heap        ] GC(7649)   class space    used 7296K, capacity 7963K, committed 8704K, reserved 1048576K
[2020-12-15T03:09:26.021-0500][gc             ] GC(7649) Pause Young (Normal) (G1 Evacuation Pause) 51M->41M(62M) 5.184ms
[2020-12-15T03:09:26.021-0500][gc,cpu         ] GC(7649) User=0.00s Sys=0.01s Real=0.01s
[2020-12-15T03:11:45.189-0500][gc,task        ] GC(7650) Using 5 workers of 8 for full compaction
[2020-12-15T03:11:45.189-0500][gc,start       ] GC(7650) Pause Full (System.gc())
[2020-12-15T03:11:45.189-0500][gc,heap        ] GC(7650) Heap before GC invocations=7650 (full 1567): garbage-first heap   total 63488K, used 49801K [0x0000000083000000, 0x0000000100000000)
[2020-12-15T03:11:45.189-0500][gc,heap        ] GC(7650)   region size 1024K, 10 young (10240K), 1 survivors (1024K)
[2020-12-15T03:11:45.189-0500][gc,heap        ] GC(7650)  Metaspace       used 48734K, capacity 50558K, committed 52992K, reserved 1093632K
[2020-12-15T03:11:45.189-0500][gc,heap        ] GC(7650)   class space    used 7296K, capacity 7963K, committed 8704K, reserved 1048576K
[2020-12-15T03:11:45.190-0500][gc,phases,start] GC(7650) Phase 1: Mark live objects
[2020-12-15T03:11:45.226-0500][gc,stringtable ] GC(7650) Cleaned string and symbol table, strings: 31802 processed, 0 removed, symbols: 119634 processed, 0 removed
[2020-12-15T03:11:45.226-0500][gc,phases      ] GC(7650) Phase 1: Mark live objects 36.206ms
[2020-12-15T03:11:45.226-0500][gc,phases,start] GC(7650) Phase 2: Prepare for compaction
[2020-12-15T03:11:45.231-0500][gc,phases      ] GC(7650) Phase 2: Prepare for compaction 5.141ms
[2020-12-15T03:11:45.231-0500][gc,phases,start] GC(7650) Phase 3: Adjust pointers
[2020-12-15T03:11:45.242-0500][gc,phases      ] GC(7650) Phase 3: Adjust pointers 11.226ms
[2020-12-15T03:11:45.242-0500][gc,phases,start] GC(7650) Phase 4: Compact heap
[2020-12-15T03:11:45.245-0500][gc,phases      ] GC(7650) Phase 4: Compact heap 2.266ms
[2020-12-15T03:11:45.250-0500][gc,heap        ] GC(7650) Eden regions: 9->0(11)
[2020-12-15T03:11:45.250-0500][gc,heap        ] GC(7650) Survivor regions: 1->0(2)
[2020-12-15T03:11:45.250-0500][gc,heap        ] GC(7650) Old regions: 40->39
[2020-12-15T03:11:45.250-0500][gc,heap        ] GC(7650) Humongous regions: 4->4
[2020-12-15T03:11:45.250-0500][gc,metaspace   ] GC(7650) Metaspace: 48734K->48734K(1093632K)
[2020-12-15T03:11:45.250-0500][gc,heap        ] GC(7650) Heap after GC invocations=7651 (full 1568): garbage-first heap   total 63488K, used 42585K [0x0000000083000000, 0x0000000100000000)
[2020-12-15T03:11:45.250-0500][gc,heap        ] GC(7650)   region size 1024K, 0 young (0K), 0 survivors (0K)
[2020-12-15T03:11:45.250-0500][gc,heap        ] GC(7650)  Metaspace       used 48734K, capacity 50558K, committed 52992K, reserved 1093632K
[2020-12-15T03:11:45.250-0500][gc,heap        ] GC(7650)   class space    used 7296K, capacity 7963K, committed 8704K, reserved 1048576K
[2020-12-15T03:11:45.250-0500][gc             ] GC(7650) Pause Full (System.gc()) 49M->41M(62M) 61.109ms
[2020-12-15T03:11:45.250-0500][gc,cpu         ] GC(7650) User=0.27s Sys=0.00s Real=0.06s
[2020-12-15T03:14:36.018-0500][gc,heap        ] GC(7651) Heap before GC invocations=7651 (full 1568): garbage-first heap   total 63488K, used 53849K [0x0000000083000000, 0x0000000100000000)
[2020-12-15T03:14:36.018-0500][gc,heap        ] GC(7651)   region size 1024K, 11 young (11264K), 0 survivors (0K)
[2020-12-15T03:14:36.018-0500][gc,heap        ] GC(7651)  Metaspace       used 48734K, capacity 50558K, committed 52992K, reserved 1093632K
[2020-12-15T03:14:36.018-0500][gc,heap        ] GC(7651)   class space    used 7296K, capacity 7963K, committed 8704K, reserved 1048576K
[2020-12-15T03:14:36.018-0500][gc,start       ] GC(7651) Pause Young (Normal) (G1 Evacuation Pause)
[2020-12-15T03:14:36.018-0500][gc,task        ] GC(7651) Using 8 workers of 8 for evacuation
[2020-12-15T03:14:36.023-0500][gc,phases      ] GC(7651)   Pre Evacuate Collection Set: 0.0ms
[2020-12-15T03:14:36.023-0500][gc,phases      ] GC(7651)   Evacuate Collection Set: 1.6ms
[2020-12-15T03:14:36.023-0500][gc,phases      ] GC(7651)   Post Evacuate Collection Set: 3.1ms
[2020-12-15T03:14:36.023-0500][gc,phases      ] GC(7651)   Other: 0.6ms
[2020-12-15T03:14:36.023-0500][gc,heap        ] GC(7651) Eden regions: 11->0(10)
[2020-12-15T03:14:36.023-0500][gc,heap        ] GC(7651) Survivor regions: 0->1(2)
[2020-12-15T03:14:36.023-0500][gc,heap        ] GC(7651) Old regions: 39->39
[2020-12-15T03:14:36.023-0500][gc,heap        ] GC(7651) Humongous regions: 4->4
[2020-12-15T03:14:36.023-0500][gc,metaspace   ] GC(7651) Metaspace: 48734K->48734K(1093632K)
[2020-12-15T03:14:36.023-0500][gc,heap        ] GC(7651) Heap after GC invocations=7652 (full 1568): garbage-first heap   total 63488K, used 42680K [0x0000000083000000, 0x0000000100000000)
[2020-12-15T03:14:36.023-0500][gc,heap        ] GC(7651)   region size 1024K, 1 young (1024K), 1 survivors (1024K)
[2020-12-15T03:14:36.024-0500][gc,heap        ] GC(7651)  Metaspace       used 48734K, capacity 50558K, committed 52992K, reserved 1093632K
[2020-12-15T03:14:36.024-0500][gc,heap        ] GC(7651)   class space    used 7296K, capacity 7963K, committed 8704K, reserved 1048576K
[2020-12-15T03:14:36.024-0500][gc             ] GC(7651) Pause Young (Normal) (G1 Evacuation Pause) 52M->41M(62M) 5.459ms
[2020-12-15T03:14:36.024-0500][gc,cpu         ] GC(7651) User=0.02s Sys=0.00s Real=0.00s
[2020-12-15T03:16:45.194-0500][gc,task        ] GC(7652) Using 5 workers of 8 for full compaction
[2020-12-15T03:16:45.194-0500][gc,start       ] GC(7652) Pause Full (System.gc())
[2020-12-15T03:16:45.194-0500][gc,heap        ] GC(7652) Heap before GC invocations=7652 (full 1568): garbage-first heap   total 63488K, used 49848K [0x0000000083000000, 0x0000000100000000)
[2020-12-15T03:16:45.194-0500][gc,heap        ] GC(7652)   region size 1024K, 9 young (9216K), 1 survivors (1024K)
[2020-12-15T03:16:45.194-0500][gc,heap        ] GC(7652)  Metaspace       used 48734K, capacity 50558K, committed 52992K, reserved 1093632K
[2020-12-15T03:16:45.194-0500][gc,heap        ] GC(7652)   class space    used 7296K, capacity 7963K, committed 8704K, reserved 1048576K
[2020-12-15T03:16:45.194-0500][gc,phases,start] GC(7652) Phase 1: Mark live objects
[2020-12-15T03:16:45.229-0500][gc,stringtable ] GC(7652) Cleaned string and symbol table, strings: 31802 processed, 0 removed, symbols: 119634 processed, 0 removed
[2020-12-15T03:16:45.229-0500][gc,phases      ] GC(7652) Phase 1: Mark live objects 34.927ms
[2020-12-15T03:16:45.229-0500][gc,phases,start] GC(7652) Phase 2: Prepare for compaction
[2020-12-15T03:16:45.234-0500][gc,phases      ] GC(7652) Phase 2: Prepare for compaction 4.385ms
[2020-12-15T03:16:45.234-0500][gc,phases,start] GC(7652) Phase 3: Adjust pointers
[2020-12-15T03:16:45.246-0500][gc,phases      ] GC(7652) Phase 3: Adjust pointers 12.085ms
[2020-12-15T03:16:45.246-0500][gc,phases,start] GC(7652) Phase 4: Compact heap
[2020-12-15T03:16:45.249-0500][gc,phases      ] GC(7652) Phase 4: Compact heap 2.603ms
[2020-12-15T03:16:45.254-0500][gc,heap        ] GC(7652) Eden regions: 8->0(9)
[2020-12-15T03:16:45.254-0500][gc,heap        ] GC(7652) Survivor regions: 1->0(2)
[2020-12-15T03:16:45.254-0500][gc,heap        ] GC(7652) Old regions: 39->41
[2020-12-15T03:16:45.254-0500][gc,heap        ] GC(7652) Humongous regions: 4->4
[2020-12-15T03:16:45.254-0500][gc,metaspace   ] GC(7652) Metaspace: 48734K->48734K(1093632K)
[2020-12-15T03:16:45.254-0500][gc,heap        ] GC(7652) Heap after GC invocations=7653 (full 1569): garbage-first heap   total 63488K, used 42584K [0x0000000083000000, 0x0000000100000000)
[2020-12-15T03:16:45.254-0500][gc,heap        ] GC(7652)   region size 1024K, 0 young (0K), 0 survivors (0K)
[2020-12-15T03:16:45.254-0500][gc,heap        ] GC(7652)  Metaspace       used 48734K, capacity 50558K, committed 52992K, reserved 1093632K
[2020-12-15T03:16:45.254-0500][gc,heap        ] GC(7652)   class space    used 7296K, capacity 7963K, committed 8704K, reserved 1048576K
[2020-12-15T03:16:45.254-0500][gc             ] GC(7652) Pause Full (System.gc()) 49M->41M(62M) 60.186ms
[2020-12-15T03:16:45.254-0500][gc,cpu         ] GC(7652) User=0.21s Sys=0.04s Real=0.06s
[2020-12-15T03:19:06.019-0500][gc,heap        ] GC(7653) Heap before GC invocations=7653 (full 1569): garbage-first heap   total 63488K, used 50776K [0x0000000083000000, 0x0000000100000000)
[2020-12-15T03:19:06.019-0500][gc,heap        ] GC(7653)   region size 1024K, 9 young (9216K), 0 survivors (0K)
[2020-12-15T03:19:06.019-0500][gc,heap        ] GC(7653)  Metaspace       used 48734K, capacity 50558K, committed 52992K, reserved 1093632K
[2020-12-15T03:19:06.019-0500][gc,heap        ] GC(7653)   class space    used 7296K, capacity 7963K, committed 8704K, reserved 1048576K
[2020-12-15T03:19:06.020-0500][gc,start       ] GC(7653) Pause Young (Normal) (G1 Evacuation Pause)
[2020-12-15T03:19:06.020-0500][gc,task        ] GC(7653) Using 8 workers of 8 for evacuation
[2020-12-15T03:19:06.023-0500][gc,phases      ] GC(7653)   Pre Evacuate Collection Set: 0.0ms
[2020-12-15T03:19:06.023-0500][gc,phases      ] GC(7653)   Evacuate Collection Set: 1.1ms
[2020-12-15T03:19:06.023-0500][gc,phases      ] GC(7653)   Post Evacuate Collection Set: 2.4ms
[2020-12-15T03:19:06.023-0500][gc,phases      ] GC(7653)   Other: 0.4ms
[2020-12-15T03:19:06.023-0500][gc,heap        ] GC(7653) Eden regions: 9->0(8)
[2020-12-15T03:19:06.023-0500][gc,heap        ] GC(7653) Survivor regions: 0->1(2)
[2020-12-15T03:19:06.023-0500][gc,heap        ] GC(7653) Old regions: 41->41
[2020-12-15T03:19:06.023-0500][gc,heap        ] GC(7653) Humongous regions: 4->4
[2020-12-15T03:19:06.023-0500][gc,metaspace   ] GC(7653) Metaspace: 48734K->48734K(1093632K)
[2020-12-15T03:19:06.024-0500][gc,heap        ] GC(7653) Heap after GC invocations=7654 (full 1569): garbage-first heap   total 63488K, used 42665K [0x0000000083000000, 0x0000000100000000)
[2020-12-15T03:19:06.024-0500][gc,heap        ] GC(7653)   region size 1024K, 1 young (1024K), 1 survivors (1024K)
[2020-12-15T03:19:06.024-0500][gc,heap        ] GC(7653)  Metaspace       used 48734K, capacity 50558K, committed 52992K, reserved 1093632K
[2020-12-15T03:19:06.024-0500][gc,heap        ] GC(7653)   class space    used 7296K, capacity 7963K, committed 8704K, reserved 1048576K
[2020-12-15T03:19:06.024-0500][gc             ] GC(7653) Pause Young (Normal) (G1 Evacuation Pause) 50M->41M(62M) 4.129ms
[2020-12-15T03:19:06.024-0500][gc,cpu         ] GC(7653) User=0.00s Sys=0.01s Real=0.00s
[2020-12-15T03:21:09.264-0500][gc,heap        ] GC(7654) Heap before GC invocations=7654 (full 1569): garbage-first heap   total 63488K, used 49833K [0x0000000083000000, 0x0000000100000000)
[2020-12-15T03:21:09.264-0500][gc,heap        ] GC(7654)   region size 1024K, 9 young (9216K), 1 survivors (1024K)
[2020-12-15T03:21:09.264-0500][gc,heap        ] GC(7654)  Metaspace       used 48734K, capacity 50558K, committed 52992K, reserved 1093632K
[2020-12-15T03:21:09.264-0500][gc,heap        ] GC(7654)   class space    used 7296K, capacity 7963K, committed 8704K, reserved 1048576K
[2020-12-15T03:21:09.264-0500][gc,start       ] GC(7654) Pause Young (Normal) (G1 Evacuation Pause)
[2020-12-15T03:21:09.264-0500][gc,task        ] GC(7654) Using 8 workers of 8 for evacuation
[2020-12-15T03:21:09.268-0500][gc,phases      ] GC(7654)   Pre Evacuate Collection Set: 0.0ms
[2020-12-15T03:21:09.268-0500][gc,phases      ] GC(7654)   Evacuate Collection Set: 1.5ms
[2020-12-15T03:21:09.268-0500][gc,phases      ] GC(7654)   Post Evacuate Collection Set: 2.2ms
[2020-12-15T03:21:09.268-0500][gc,phases      ] GC(7654)   Other: 0.4ms
[2020-12-15T03:21:09.268-0500][gc,heap        ] GC(7654) Eden regions: 8->0(8)
[2020-12-15T03:21:09.268-0500][gc,heap        ] GC(7654) Survivor regions: 1->1(2)
[2020-12-15T03:21:09.268-0500][gc,heap        ] GC(7654) Old regions: 41->41
[2020-12-15T03:21:09.268-0500][gc,heap        ] GC(7654) Humongous regions: 4->4
[2020-12-15T03:21:09.268-0500][gc,metaspace   ] GC(7654) Metaspace: 48734K->48734K(1093632K)
[2020-12-15T03:21:09.268-0500][gc,heap        ] GC(7654) Heap after GC invocations=7655 (full 1569): garbage-first heap   total 63488K, used 42646K [0x0000000083000000, 0x0000000100000000)
[2020-12-15T03:21:09.268-0500][gc,heap        ] GC(7654)   region size 1024K, 1 young (1024K), 1 survivors (1024K)
[2020-12-15T03:21:09.268-0500][gc,heap        ] GC(7654)  Metaspace       used 48734K, capacity 50558K, committed 52992K, reserved 1093632K
[2020-12-15T03:21:09.268-0500][gc,heap        ] GC(7654)   class space    used 7296K, capacity 7963K, committed 8704K, reserved 1048576K
[2020-12-15T03:21:09.268-0500][gc             ] GC(7654) Pause Young (Normal) (G1 Evacuation Pause) 49M->41M(62M) 4.322ms
[2020-12-15T03:21:09.269-0500][gc,cpu         ] GC(7654) User=0.00s Sys=0.01s Real=0.01s
[2020-12-15T03:21:45.190-0500][gc,task        ] GC(7655) Using 5 workers of 8 for full compaction
[2020-12-15T03:21:45.190-0500][gc,start       ] GC(7655) Pause Full (System.gc())
[2020-12-15T03:21:45.190-0500][gc,heap        ] GC(7655) Heap before GC invocations=7655 (full 1569): garbage-first heap   total 63488K, used 43670K [0x0000000083000000, 0x0000000100000000)
[2020-12-15T03:21:45.190-0500][gc,heap        ] GC(7655)   region size 1024K, 3 young (3072K), 1 survivors (1024K)
[2020-12-15T03:21:45.190-0500][gc,heap        ] GC(7655)  Metaspace       used 48734K, capacity 50558K, committed 52992K, reserved 1093632K
[2020-12-15T03:21:45.190-0500][gc,heap        ] GC(7655)   class space    used 7296K, capacity 7963K, committed 8704K, reserved 1048576K
[2020-12-15T03:21:45.190-0500][gc,phases,start] GC(7655) Phase 1: Mark live objects
[2020-12-15T03:21:45.228-0500][gc,stringtable ] GC(7655) Cleaned string and symbol table, strings: 31802 processed, 0 removed, symbols: 119634 processed, 0 removed
[2020-12-15T03:21:45.228-0500][gc,phases      ] GC(7655) Phase 1: Mark live objects 38.074ms
[2020-12-15T03:21:45.228-0500][gc,phases,start] GC(7655) Phase 2: Prepare for compaction
[2020-12-15T03:21:45.234-0500][gc,phases      ] GC(7655) Phase 2: Prepare for compaction 5.306ms
[2020-12-15T03:21:45.234-0500][gc,phases,start] GC(7655) Phase 3: Adjust pointers
[2020-12-15T03:21:45.246-0500][gc,phases      ] GC(7655) Phase 3: Adjust pointers 12.581ms
[2020-12-15T03:21:45.246-0500][gc,phases,start] GC(7655) Phase 4: Compact heap
[2020-12-15T03:21:45.249-0500][gc,phases      ] GC(7655) Phase 4: Compact heap 2.306ms
[2020-12-15T03:21:45.254-0500][gc,heap        ] GC(7655) Eden regions: 2->0(10)
[2020-12-15T03:21:45.254-0500][gc,heap        ] GC(7655) Survivor regions: 1->0(2)
[2020-12-15T03:21:45.254-0500][gc,heap        ] GC(7655) Old regions: 41->40
[2020-12-15T03:21:45.254-0500][gc,heap        ] GC(7655) Humongous regions: 4->4
[2020-12-15T03:21:45.254-0500][gc,metaspace   ] GC(7655) Metaspace: 48734K->48734K(1093632K)
[2020-12-15T03:21:45.254-0500][gc,heap        ] GC(7655) Heap after GC invocations=7656 (full 1570): garbage-first heap   total 63488K, used 42556K [0x0000000083000000, 0x0000000100000000)
[2020-12-15T03:21:45.254-0500][gc,heap        ] GC(7655)   region size 1024K, 0 young (0K), 0 survivors (0K)
[2020-12-15T03:21:45.254-0500][gc,heap        ] GC(7655)  Metaspace       used 48734K, capacity 50558K, committed 52992K, reserved 1093632K
[2020-12-15T03:21:45.254-0500][gc,heap        ] GC(7655)   class space    used 7296K, capacity 7963K, committed 8704K, reserved 1048576K
[2020-12-15T03:21:45.254-0500][gc             ] GC(7655) Pause Full (System.gc()) 43M->41M(62M) 64.511ms
[2020-12-15T03:21:45.254-0500][gc,cpu         ] GC(7655) User=0.28s Sys=0.00s Real=0.06s
[2020-12-15T03:24:22.156-0500][gc,heap        ] GC(7656) Heap before GC invocations=7656 (full 1570): garbage-first heap   total 63488K, used 51772K [0x0000000083000000, 0x0000000100000000)
[2020-12-15T03:24:22.156-0500][gc,heap        ] GC(7656)   region size 1024K, 10 young (10240K), 0 survivors (0K)
[2020-12-15T03:24:22.156-0500][gc,heap        ] GC(7656)  Metaspace       used 48734K, capacity 50558K, committed 52992K, reserved 1093632K
[2020-12-15T03:24:22.156-0500][gc,heap        ] GC(7656)   class space    used 7296K, capacity 7963K, committed 8704K, reserved 1048576K
[2020-12-15T03:24:22.156-0500][gc,start       ] GC(7656) Pause Young (Normal) (G1 Evacuation Pause)
[2020-12-15T03:24:22.157-0500][gc,task        ] GC(7656) Using 8 workers of 8 for evacuation
[2020-12-15T03:24:22.161-0500][gc,phases      ] GC(7656)   Pre Evacuate Collection Set: 0.0ms
[2020-12-15T03:24:22.161-0500][gc,phases      ] GC(7656)   Evacuate Collection Set: 1.6ms
[2020-12-15T03:24:22.161-0500][gc,phases      ] GC(7656)   Post Evacuate Collection Set: 2.9ms
[2020-12-15T03:24:22.161-0500][gc,phases      ] GC(7656)   Other: 0.5ms
[2020-12-15T03:24:22.161-0500][gc,heap        ] GC(7656) Eden regions: 10->0(9)
[2020-12-15T03:24:22.161-0500][gc,heap        ] GC(7656) Survivor regions: 0->1(2)
[2020-12-15T03:24:22.161-0500][gc,heap        ] GC(7656) Old regions: 40->40
[2020-12-15T03:24:22.161-0500][gc,heap        ] GC(7656) Humongous regions: 4->4
[2020-12-15T03:24:22.161-0500][gc,metaspace   ] GC(7656) Metaspace: 48734K->48734K(1093632K)
[2020-12-15T03:24:22.161-0500][gc,heap        ] GC(7656) Heap after GC invocations=7657 (full 1570): garbage-first heap   total 63488K, used 42624K [0x0000000083000000, 0x0000000100000000)
[2020-12-15T03:24:22.161-0500][gc,heap        ] GC(7656)   region size 1024K, 1 young (1024K), 1 survivors (1024K)
[2020-12-15T03:24:22.161-0500][gc,heap        ] GC(7656)  Metaspace       used 48734K, capacity 50558K, committed 52992K, reserved 1093632K
[2020-12-15T03:24:22.161-0500][gc,heap        ] GC(7656)   class space    used 7296K, capacity 7963K, committed 8704K, reserved 1048576K
[2020-12-15T03:24:22.161-0500][gc             ] GC(7656) Pause Young (Normal) (G1 Evacuation Pause) 51M->41M(62M) 5.000ms
[2020-12-15T03:24:22.162-0500][gc,cpu         ] GC(7656) User=0.01s Sys=0.00s Real=0.01s
[2020-12-15T03:26:45.190-0500][gc,task        ] GC(7657) Using 5 workers of 8 for full compaction
[2020-12-15T03:26:45.190-0500][gc,start       ] GC(7657) Pause Full (System.gc())
[2020-12-15T03:26:45.190-0500][gc,heap        ] GC(7657) Heap before GC invocations=7657 (full 1570): garbage-first heap   total 63488K, used 50816K [0x0000000083000000, 0x0000000100000000)
[2020-12-15T03:26:45.190-0500][gc,heap        ] GC(7657)   region size 1024K, 10 young (10240K), 1 survivors (1024K)
[2020-12-15T03:26:45.190-0500][gc,heap        ] GC(7657)  Metaspace       used 48734K, capacity 50558K, committed 52992K, reserved 1093632K
[2020-12-15T03:26:45.190-0500][gc,heap        ] GC(7657)   class space    used 7296K, capacity 7963K, committed 8704K, reserved 1048576K
[2020-12-15T03:26:45.191-0500][gc,phases,start] GC(7657) Phase 1: Mark live objects
[2020-12-15T03:26:45.231-0500][gc,stringtable ] GC(7657) Cleaned string and symbol table, strings: 31802 processed, 0 removed, symbols: 119634 processed, 0 removed
[2020-12-15T03:26:45.231-0500][gc,phases      ] GC(7657) Phase 1: Mark live objects 40.043ms
[2020-12-15T03:26:45.231-0500][gc,phases,start] GC(7657) Phase 2: Prepare for compaction
[2020-12-15T03:26:45.235-0500][gc,phases      ] GC(7657) Phase 2: Prepare for compaction 3.979ms
[2020-12-15T03:26:45.235-0500][gc,phases,start] GC(7657) Phase 3: Adjust pointers
[2020-12-15T03:26:45.247-0500][gc,phases      ] GC(7657) Phase 3: Adjust pointers 12.400ms
[2020-12-15T03:26:45.247-0500][gc,phases,start] GC(7657) Phase 4: Compact heap
[2020-12-15T03:26:45.250-0500][gc,phases      ] GC(7657) Phase 4: Compact heap 2.516ms
[2020-12-15T03:26:45.255-0500][gc,heap        ] GC(7657) Eden regions: 9->0(10)
[2020-12-15T03:26:45.255-0500][gc,heap        ] GC(7657) Survivor regions: 1->0(2)
[2020-12-15T03:26:45.255-0500][gc,heap        ] GC(7657) Old regions: 40->40
[2020-12-15T03:26:45.255-0500][gc,heap        ] GC(7657) Humongous regions: 4->4
[2020-12-15T03:26:45.255-0500][gc,metaspace   ] GC(7657) Metaspace: 48734K->48734K(1093632K)
[2020-12-15T03:26:45.255-0500][gc,heap        ] GC(7657) Heap after GC invocations=7658 (full 1571): garbage-first heap   total 63488K, used 42587K [0x0000000083000000, 0x0000000100000000)
[2020-12-15T03:26:45.255-0500][gc,heap        ] GC(7657)   region size 1024K, 0 young (0K), 0 survivors (0K)
[2020-12-15T03:26:45.255-0500][gc,heap        ] GC(7657)  Metaspace       used 48734K, capacity 50558K, committed 52992K, reserved 1093632K
[2020-12-15T03:26:45.255-0500][gc,heap        ] GC(7657)   class space    used 7296K, capacity 7963K, committed 8704K, reserved 1048576K
[2020-12-15T03:26:45.255-0500][gc             ] GC(7657) Pause Full (System.gc()) 50M->41M(62M) 65.101ms
[2020-12-15T03:26:45.255-0500][gc,cpu         ] GC(7657) User=0.29s Sys=0.00s Real=0.06s
[2020-12-15T03:29:26.015-0500][gc,heap        ] GC(7658) Heap before GC invocations=7658 (full 1571): garbage-first heap   total 63488K, used 51803K [0x0000000083000000, 0x0000000100000000)
[2020-12-15T03:29:26.015-0500][gc,heap        ] GC(7658)   region size 1024K, 10 young (10240K), 0 survivors (0K)
[2020-12-15T03:29:26.015-0500][gc,heap        ] GC(7658)  Metaspace       used 48734K, capacity 50558K, committed 52992K, reserved 1093632K
[2020-12-15T03:29:26.015-0500][gc,heap        ] GC(7658)   class space    used 7296K, capacity 7963K, committed 8704K, reserved 1048576K
[2020-12-15T03:29:26.015-0500][gc,start       ] GC(7658) Pause Young (Normal) (G1 Evacuation Pause)
[2020-12-15T03:29:26.015-0500][gc,task        ] GC(7658) Using 8 workers of 8 for evacuation
[2020-12-15T03:29:26.019-0500][gc,phases      ] GC(7658)   Pre Evacuate Collection Set: 0.0ms
[2020-12-15T03:29:26.019-0500][gc,phases      ] GC(7658)   Evacuate Collection Set: 1.9ms
[2020-12-15T03:29:26.020-0500][gc,phases      ] GC(7658)   Post Evacuate Collection Set: 2.0ms
[2020-12-15T03:29:26.020-0500][gc,phases      ] GC(7658)   Other: 0.4ms
[2020-12-15T03:29:26.020-0500][gc,heap        ] GC(7658) Eden regions: 10->0(9)
[2020-12-15T03:29:26.020-0500][gc,heap        ] GC(7658) Survivor regions: 0->1(2)
[2020-12-15T03:29:26.020-0500][gc,heap        ] GC(7658) Old regions: 40->40
[2020-12-15T03:29:26.020-0500][gc,heap        ] GC(7658) Humongous regions: 4->4
[2020-12-15T03:29:26.020-0500][gc,metaspace   ] GC(7658) Metaspace: 48734K->48734K(1093632K)
[2020-12-15T03:29:26.020-0500][gc,heap        ] GC(7658) Heap after GC invocations=7659 (full 1571): garbage-first heap   total 63488K, used 42673K [0x0000000083000000, 0x0000000100000000)
[2020-12-15T03:29:26.020-0500][gc,heap        ] GC(7658)   region size 1024K, 1 young (1024K), 1 survivors (1024K)
[2020-12-15T03:29:26.020-0500][gc,heap        ] GC(7658)  Metaspace       used 48734K, capacity 50558K, committed 52992K, reserved 1093632K
[2020-12-15T03:29:26.020-0500][gc,heap        ] GC(7658)   class space    used 7296K, capacity 7963K, committed 8704K, reserved 1048576K
[2020-12-15T03:29:26.020-0500][gc             ] GC(7658) Pause Young (Normal) (G1 Evacuation Pause) 51M->41M(62M) 4.586ms
[2020-12-15T03:29:26.020-0500][gc,cpu         ] GC(7658) User=0.01s Sys=0.01s Real=0.01s
[2020-12-15T03:31:45.192-0500][gc,task        ] GC(7659) Using 5 workers of 8 for full compaction
[2020-12-15T03:31:45.192-0500][gc,start       ] GC(7659) Pause Full (System.gc())
[2020-12-15T03:31:45.192-0500][gc,heap        ] GC(7659) Heap before GC invocations=7659 (full 1571): garbage-first heap   total 63488K, used 50865K [0x0000000083000000, 0x0000000100000000)
[2020-12-15T03:31:45.192-0500][gc,heap        ] GC(7659)   region size 1024K, 10 young (10240K), 1 survivors (1024K)
[2020-12-15T03:31:45.192-0500][gc,heap        ] GC(7659)  Metaspace       used 48734K, capacity 50558K, committed 52992K, reserved 1093632K
[2020-12-15T03:31:45.192-0500][gc,heap        ] GC(7659)   class space    used 7296K, capacity 7963K, committed 8704K, reserved 1048576K
[2020-12-15T03:31:45.193-0500][gc,phases,start] GC(7659) Phase 1: Mark live objects
[2020-12-15T03:31:45.230-0500][gc,stringtable ] GC(7659) Cleaned string and symbol table, strings: 31802 processed, 0 removed, symbols: 119634 processed, 0 removed
[2020-12-15T03:31:45.230-0500][gc,phases      ] GC(7659) Phase 1: Mark live objects 37.587ms
[2020-12-15T03:31:45.230-0500][gc,phases,start] GC(7659) Phase 2: Prepare for compaction
[2020-12-15T03:31:45.235-0500][gc,phases      ] GC(7659) Phase 2: Prepare for compaction 4.959ms
[2020-12-15T03:31:45.235-0500][gc,phases,start] GC(7659) Phase 3: Adjust pointers
[2020-12-15T03:31:45.247-0500][gc,phases      ] GC(7659) Phase 3: Adjust pointers 11.934ms
[2020-12-15T03:31:45.247-0500][gc,phases,start] GC(7659) Phase 4: Compact heap
[2020-12-15T03:31:45.250-0500][gc,phases      ] GC(7659) Phase 4: Compact heap 2.634ms
[2020-12-15T03:31:45.255-0500][gc,heap        ] GC(7659) Eden regions: 9->0(9)
[2020-12-15T03:31:45.255-0500][gc,heap        ] GC(7659) Survivor regions: 1->0(2)
[2020-12-15T03:31:45.255-0500][gc,heap        ] GC(7659) Old regions: 40->41
[2020-12-15T03:31:45.255-0500][gc,heap        ] GC(7659) Humongous regions: 4->4
[2020-12-15T03:31:45.255-0500][gc,metaspace   ] GC(7659) Metaspace: 48734K->48734K(1093632K)
[2020-12-15T03:31:45.255-0500][gc,heap        ] GC(7659) Heap after GC invocations=7660 (full 1572): garbage-first heap   total 63488K, used 42595K [0x0000000083000000, 0x0000000100000000)
[2020-12-15T03:31:45.255-0500][gc,heap        ] GC(7659)   region size 1024K, 0 young (0K), 0 survivors (0K)
[2020-12-15T03:31:45.255-0500][gc,heap        ] GC(7659)  Metaspace       used 48734K, capacity 50558K, committed 52992K, reserved 1093632K
[2020-12-15T03:31:45.255-0500][gc,heap        ] GC(7659)   class space    used 7296K, capacity 7963K, committed 8704K, reserved 1048576K
[2020-12-15T03:31:45.255-0500][gc             ] GC(7659) Pause Full (System.gc()) 50M->41M(62M) 63.165ms
[2020-12-15T03:31:45.255-0500][gc,cpu         ] GC(7659) User=0.26s Sys=0.00s Real=0.06s
[2020-12-15T03:34:06.017-0500][gc,heap        ] GC(7660) Heap before GC invocations=7660 (full 1572): garbage-first heap   total 63488K, used 50787K [0x0000000083000000, 0x0000000100000000)
[2020-12-15T03:34:06.017-0500][gc,heap        ] GC(7660)   region size 1024K, 9 young (9216K), 0 survivors (0K)
[2020-12-15T03:34:06.017-0500][gc,heap        ] GC(7660)  Metaspace       used 48734K, capacity 50558K, committed 52992K, reserved 1093632K
[2020-12-15T03:34:06.017-0500][gc,heap        ] GC(7660)   class space    used 7296K, capacity 7963K, committed 8704K, reserved 1048576K
[2020-12-15T03:34:06.017-0500][gc,start       ] GC(7660) Pause Young (Normal) (G1 Evacuation Pause)
[2020-12-15T03:34:06.017-0500][gc,task        ] GC(7660) Using 8 workers of 8 for evacuation
[2020-12-15T03:34:06.022-0500][gc,phases      ] GC(7660)   Pre Evacuate Collection Set: 0.0ms
[2020-12-15T03:34:06.022-0500][gc,phases      ] GC(7660)   Evacuate Collection Set: 2.1ms
[2020-12-15T03:34:06.022-0500][gc,phases      ] GC(7660)   Post Evacuate Collection Set: 2.9ms
[2020-12-15T03:34:06.022-0500][gc,phases      ] GC(7660)   Other: 0.6ms
[2020-12-15T03:34:06.022-0500][gc,heap        ] GC(7660) Eden regions: 9->0(8)
[2020-12-15T03:34:06.022-0500][gc,heap        ] GC(7660) Survivor regions: 0->1(2)
[2020-12-15T03:34:06.022-0500][gc,heap        ] GC(7660) Old regions: 41->41
[2020-12-15T03:34:06.022-0500][gc,heap        ] GC(7660) Humongous regions: 4->4
[2020-12-15T03:34:06.022-0500][gc,metaspace   ] GC(7660) Metaspace: 48734K->48734K(1093632K)
[2020-12-15T03:34:06.022-0500][gc,heap        ] GC(7660) Heap after GC invocations=7661 (full 1572): garbage-first heap   total 63488K, used 42678K [0x0000000083000000, 0x0000000100000000)
[2020-12-15T03:34:06.022-0500][gc,heap        ] GC(7660)   region size 1024K, 1 young (1024K), 1 survivors (1024K)
[2020-12-15T03:34:06.022-0500][gc,heap        ] GC(7660)  Metaspace       used 48734K, capacity 50558K, committed 52992K, reserved 1093632K
[2020-12-15T03:34:06.022-0500][gc,heap        ] GC(7660)   class space    used 7296K, capacity 7963K, committed 8704K, reserved 1048576K
[2020-12-15T03:34:06.023-0500][gc             ] GC(7660) Pause Young (Normal) (G1 Evacuation Pause) 50M->41M(62M) 5.659ms
[2020-12-15T03:34:06.023-0500][gc,cpu         ] GC(7660) User=0.02s Sys=0.00s Real=0.01s
[2020-12-15T03:36:16.439-0500][gc,heap        ] GC(7661) Heap before GC invocations=7661 (full 1572): garbage-first heap   total 63488K, used 49846K [0x0000000083000000, 0x0000000100000000)
[2020-12-15T03:36:16.439-0500][gc,heap        ] GC(7661)   region size 1024K, 9 young (9216K), 1 survivors (1024K)
[2020-12-15T03:36:16.439-0500][gc,heap        ] GC(7661)  Metaspace       used 48734K, capacity 50558K, committed 52992K, reserved 1093632K
[2020-12-15T03:36:16.439-0500][gc,heap        ] GC(7661)   class space    used 7296K, capacity 7963K, committed 8704K, reserved 1048576K
[2020-12-15T03:36:16.439-0500][gc,start       ] GC(7661) Pause Young (Normal) (G1 Evacuation Pause)
[2020-12-15T03:36:16.439-0500][gc,task        ] GC(7661) Using 8 workers of 8 for evacuation
[2020-12-15T03:36:16.444-0500][gc,phases      ] GC(7661)   Pre Evacuate Collection Set: 0.0ms
[2020-12-15T03:36:16.444-0500][gc,phases      ] GC(7661)   Evacuate Collection Set: 1.7ms
[2020-12-15T03:36:16.444-0500][gc,phases      ] GC(7661)   Post Evacuate Collection Set: 2.8ms
[2020-12-15T03:36:16.444-0500][gc,phases      ] GC(7661)   Other: 0.5ms
[2020-12-15T03:36:16.444-0500][gc,heap        ] GC(7661) Eden regions: 8->0(8)
[2020-12-15T03:36:16.444-0500][gc,heap        ] GC(7661) Survivor regions: 1->1(2)
[2020-12-15T03:36:16.444-0500][gc,heap        ] GC(7661) Old regions: 41->41
[2020-12-15T03:36:16.444-0500][gc,heap        ] GC(7661) Humongous regions: 4->4
[2020-12-15T03:36:16.444-0500][gc,metaspace   ] GC(7661) Metaspace: 48734K->48734K(1093632K)
[2020-12-15T03:36:16.444-0500][gc,heap        ] GC(7661) Heap after GC invocations=7662 (full 1572): garbage-first heap   total 63488K, used 42642K [0x0000000083000000, 0x0000000100000000)
[2020-12-15T03:36:16.444-0500][gc,heap        ] GC(7661)   region size 1024K, 1 young (1024K), 1 survivors (1024K)
[2020-12-15T03:36:16.444-0500][gc,heap        ] GC(7661)  Metaspace       used 48734K, capacity 50558K, committed 52992K, reserved 1093632K
[2020-12-15T03:36:16.444-0500][gc,heap        ] GC(7661)   class space    used 7296K, capacity 7963K, committed 8704K, reserved 1048576K
[2020-12-15T03:36:16.444-0500][gc             ] GC(7661) Pause Young (Normal) (G1 Evacuation Pause) 49M->41M(62M) 5.045ms
[2020-12-15T03:36:16.444-0500][gc,cpu         ] GC(7661) User=0.01s Sys=0.01s Real=0.00s
[2020-12-15T03:36:45.190-0500][gc,task        ] GC(7662) Using 5 workers of 8 for full compaction
[2020-12-15T03:36:45.190-0500][gc,start       ] GC(7662) Pause Full (System.gc())
[2020-12-15T03:36:45.190-0500][gc,heap        ] GC(7662) Heap before GC invocations=7662 (full 1572): garbage-first heap   total 63488K, used 43666K [0x0000000083000000, 0x0000000100000000)
[2020-12-15T03:36:45.190-0500][gc,heap        ] GC(7662)   region size 1024K, 3 young (3072K), 1 survivors (1024K)
[2020-12-15T03:36:45.190-0500][gc,heap        ] GC(7662)  Metaspace       used 48734K, capacity 50558K, committed 52992K, reserved 1093632K
[2020-12-15T03:36:45.190-0500][gc,heap        ] GC(7662)   class space    used 7296K, capacity 7963K, committed 8704K, reserved 1048576K
[2020-12-15T03:36:45.191-0500][gc,phases,start] GC(7662) Phase 1: Mark live objects
[2020-12-15T03:36:45.229-0500][gc,stringtable ] GC(7662) Cleaned string and symbol table, strings: 31802 processed, 0 removed, symbols: 119634 processed, 0 removed
[2020-12-15T03:36:45.229-0500][gc,phases      ] GC(7662) Phase 1: Mark live objects 38.058ms
[2020-12-15T03:36:45.229-0500][gc,phases,start] GC(7662) Phase 2: Prepare for compaction
[2020-12-15T03:36:45.232-0500][gc,phases      ] GC(7662) Phase 2: Prepare for compaction 3.679ms
[2020-12-15T03:36:45.233-0500][gc,phases,start] GC(7662) Phase 3: Adjust pointers
[2020-12-15T03:36:45.242-0500][gc,phases      ] GC(7662) Phase 3: Adjust pointers 9.300ms
[2020-12-15T03:36:45.242-0500][gc,phases,start] GC(7662) Phase 4: Compact heap
[2020-12-15T03:36:45.244-0500][gc,phases      ] GC(7662) Phase 4: Compact heap 2.487ms
[2020-12-15T03:36:45.250-0500][gc,heap        ] GC(7662) Eden regions: 2->0(11)
[2020-12-15T03:36:45.250-0500][gc,heap        ] GC(7662) Survivor regions: 1->0(2)
[2020-12-15T03:36:45.250-0500][gc,heap        ] GC(7662) Old regions: 41->39
[2020-12-15T03:36:45.250-0500][gc,heap        ] GC(7662) Humongous regions: 4->4
[2020-12-15T03:36:45.250-0500][gc,metaspace   ] GC(7662) Metaspace: 48734K->48734K(1093632K)
[2020-12-15T03:36:45.250-0500][gc,heap        ] GC(7662) Heap after GC invocations=7663 (full 1573): garbage-first heap   total 63488K, used 42553K [0x0000000083000000, 0x0000000100000000)
[2020-12-15T03:36:45.250-0500][gc,heap        ] GC(7662)   region size 1024K, 0 young (0K), 0 survivors (0K)
[2020-12-15T03:36:45.250-0500][gc,heap        ] GC(7662)  Metaspace       used 48734K, capacity 50558K, committed 52992K, reserved 1093632K
[2020-12-15T03:36:45.250-0500][gc,heap        ] GC(7662)   class space    used 7296K, capacity 7963K, committed 8704K, reserved 1048576K
[2020-12-15T03:36:45.250-0500][gc             ] GC(7662) Pause Full (System.gc()) 43M->41M(62M) 59.714ms
[2020-12-15T03:36:45.250-0500][gc,cpu         ] GC(7662) User=0.26s Sys=0.00s Real=0.06s
[2020-12-15T03:39:36.014-0500][gc,heap        ] GC(7663) Heap before GC invocations=7663 (full 1573): garbage-first heap   total 63488K, used 53817K [0x0000000083000000, 0x0000000100000000)
[2020-12-15T03:39:36.014-0500][gc,heap        ] GC(7663)   region size 1024K, 11 young (11264K), 0 survivors (0K)
[2020-12-15T03:39:36.014-0500][gc,heap        ] GC(7663)  Metaspace       used 48734K, capacity 50558K, committed 52992K, reserved 1093632K
[2020-12-15T03:39:36.014-0500][gc,heap        ] GC(7663)   class space    used 7296K, capacity 7963K, committed 8704K, reserved 1048576K
[2020-12-15T03:39:36.014-0500][gc,start       ] GC(7663) Pause Young (Normal) (G1 Evacuation Pause)
[2020-12-15T03:39:36.014-0500][gc,task        ] GC(7663) Using 8 workers of 8 for evacuation
[2020-12-15T03:39:36.018-0500][gc,phases      ] GC(7663)   Pre Evacuate Collection Set: 0.0ms
[2020-12-15T03:39:36.018-0500][gc,phases      ] GC(7663)   Evacuate Collection Set: 1.5ms
[2020-12-15T03:39:36.018-0500][gc,phases      ] GC(7663)   Post Evacuate Collection Set: 2.5ms
[2020-12-15T03:39:36.018-0500][gc,phases      ] GC(7663)   Other: 0.5ms
[2020-12-15T03:39:36.019-0500][gc,heap        ] GC(7663) Eden regions: 11->0(10)
[2020-12-15T03:39:36.019-0500][gc,heap        ] GC(7663) Survivor regions: 0->1(2)
[2020-12-15T03:39:36.019-0500][gc,heap        ] GC(7663) Old regions: 39->39
[2020-12-15T03:39:36.019-0500][gc,heap        ] GC(7663) Humongous regions: 4->4
[2020-12-15T03:39:36.019-0500][gc,metaspace   ] GC(7663) Metaspace: 48734K->48734K(1093632K)
[2020-12-15T03:39:36.019-0500][gc,heap        ] GC(7663) Heap after GC invocations=7664 (full 1573): garbage-first heap   total 63488K, used 42655K [0x0000000083000000, 0x0000000100000000)
[2020-12-15T03:39:36.019-0500][gc,heap        ] GC(7663)   region size 1024K, 1 young (1024K), 1 survivors (1024K)
[2020-12-15T03:39:36.019-0500][gc,heap        ] GC(7663)  Metaspace       used 48734K, capacity 50558K, committed 52992K, reserved 1093632K
[2020-12-15T03:39:36.019-0500][gc,heap        ] GC(7663)   class space    used 7296K, capacity 7963K, committed 8704K, reserved 1048576K
[2020-12-15T03:39:36.019-0500][gc             ] GC(7663) Pause Young (Normal) (G1 Evacuation Pause) 52M->41M(62M) 4.663ms
[2020-12-15T03:39:36.019-0500][gc,cpu         ] GC(7663) User=0.01s Sys=0.00s Real=0.01s
[2020-12-15T03:41:45.190-0500][gc,task        ] GC(7664) Using 5 workers of 8 for full compaction
[2020-12-15T03:41:45.191-0500][gc,start       ] GC(7664) Pause Full (System.gc())
[2020-12-15T03:41:45.191-0500][gc,heap        ] GC(7664) Heap before GC invocations=7664 (full 1573): garbage-first heap   total 63488K, used 48799K [0x0000000083000000, 0x0000000100000000)
[2020-12-15T03:41:45.191-0500][gc,heap        ] GC(7664)   region size 1024K, 9 young (9216K), 1 survivors (1024K)
[2020-12-15T03:41:45.191-0500][gc,heap        ] GC(7664)  Metaspace       used 48734K, capacity 50558K, committed 52992K, reserved 1093632K
[2020-12-15T03:41:45.191-0500][gc,heap        ] GC(7664)   class space    used 7296K, capacity 7963K, committed 8704K, reserved 1048576K
[2020-12-15T03:41:45.191-0500][gc,phases,start] GC(7664) Phase 1: Mark live objects
[2020-12-15T03:41:45.229-0500][gc,stringtable ] GC(7664) Cleaned string and symbol table, strings: 31802 processed, 0 removed, symbols: 119634 processed, 0 removed
[2020-12-15T03:41:45.229-0500][gc,phases      ] GC(7664) Phase 1: Mark live objects 37.667ms
[2020-12-15T03:41:45.229-0500][gc,phases,start] GC(7664) Phase 2: Prepare for compaction
[2020-12-15T03:41:45.232-0500][gc,phases      ] GC(7664) Phase 2: Prepare for compaction 3.136ms
[2020-12-15T03:41:45.232-0500][gc,phases,start] GC(7664) Phase 3: Adjust pointers
[2020-12-15T03:41:45.243-0500][gc,phases      ] GC(7664) Phase 3: Adjust pointers 10.556ms
[2020-12-15T03:41:45.243-0500][gc,phases,start] GC(7664) Phase 4: Compact heap
[2020-12-15T03:41:45.245-0500][gc,phases      ] GC(7664) Phase 4: Compact heap 2.125ms
[2020-12-15T03:41:45.250-0500][gc,heap        ] GC(7664) Eden regions: 8->0(10)
[2020-12-15T03:41:45.250-0500][gc,heap        ] GC(7664) Survivor regions: 1->0(2)
[2020-12-15T03:41:45.250-0500][gc,heap        ] GC(7664) Old regions: 39->40
[2020-12-15T03:41:45.250-0500][gc,heap        ] GC(7664) Humongous regions: 4->4
[2020-12-15T03:41:45.250-0500][gc,metaspace   ] GC(7664) Metaspace: 48734K->48734K(1093632K)
[2020-12-15T03:41:45.250-0500][gc,heap        ] GC(7664) Heap after GC invocations=7665 (full 1574): garbage-first heap   total 63488K, used 42589K [0x0000000083000000, 0x0000000100000000)
[2020-12-15T03:41:45.250-0500][gc,heap        ] GC(7664)   region size 1024K, 0 young (0K), 0 survivors (0K)
[2020-12-15T03:41:45.250-0500][gc,heap        ] GC(7664)  Metaspace       used 48734K, capacity 50558K, committed 52992K, reserved 1093632K
[2020-12-15T03:41:45.250-0500][gc,heap        ] GC(7664)   class space    used 7296K, capacity 7963K, committed 8704K, reserved 1048576K
[2020-12-15T03:41:45.250-0500][gc             ] GC(7664) Pause Full (System.gc()) 49M->41M(62M) 59.812ms
[2020-12-15T03:41:45.250-0500][gc,cpu         ] GC(7664) User=0.25s Sys=0.00s Real=0.06s
[2020-12-15T03:44:26.014-0500][gc,heap        ] GC(7665) Heap before GC invocations=7665 (full 1574): garbage-first heap   total 63488K, used 52829K [0x0000000083000000, 0x0000000100000000)
[2020-12-15T03:44:26.014-0500][gc,heap        ] GC(7665)   region size 1024K, 10 young (10240K), 0 survivors (0K)
[2020-12-15T03:44:26.014-0500][gc,heap        ] GC(7665)  Metaspace       used 48734K, capacity 50558K, committed 52992K, reserved 1093632K
[2020-12-15T03:44:26.014-0500][gc,heap        ] GC(7665)   class space    used 7296K, capacity 7963K, committed 8704K, reserved 1048576K
[2020-12-15T03:44:26.014-0500][gc,start       ] GC(7665) Pause Young (Normal) (G1 Evacuation Pause)
[2020-12-15T03:44:26.014-0500][gc,task        ] GC(7665) Using 8 workers of 8 for evacuation
[2020-12-15T03:44:26.021-0500][gc,phases      ] GC(7665)   Pre Evacuate Collection Set: 0.0ms
[2020-12-15T03:44:26.021-0500][gc,phases      ] GC(7665)   Evacuate Collection Set: 4.0ms
[2020-12-15T03:44:26.021-0500][gc,phases      ] GC(7665)   Post Evacuate Collection Set: 2.3ms
[2020-12-15T03:44:26.021-0500][gc,phases      ] GC(7665)   Other: 0.5ms
[2020-12-15T03:44:26.021-0500][gc,heap        ] GC(7665) Eden regions: 10->0(9)
[2020-12-15T03:44:26.021-0500][gc,heap        ] GC(7665) Survivor regions: 0->1(2)
[2020-12-15T03:44:26.021-0500][gc,heap        ] GC(7665) Old regions: 40->40
[2020-12-15T03:44:26.021-0500][gc,heap        ] GC(7665) Humongous regions: 4->4
[2020-12-15T03:44:26.021-0500][gc,metaspace   ] GC(7665) Metaspace: 48734K->48734K(1093632K)
[2020-12-15T03:44:26.021-0500][gc,heap        ] GC(7665) Heap after GC invocations=7666 (full 1574): garbage-first heap   total 63488K, used 42675K [0x0000000083000000, 0x0000000100000000)
[2020-12-15T03:44:26.021-0500][gc,heap        ] GC(7665)   region size 1024K, 1 young (1024K), 1 survivors (1024K)
[2020-12-15T03:44:26.021-0500][gc,heap        ] GC(7665)  Metaspace       used 48734K, capacity 50558K, committed 52992K, reserved 1093632K
[2020-12-15T03:44:26.021-0500][gc,heap        ] GC(7665)   class space    used 7296K, capacity 7963K, committed 8704K, reserved 1048576K
[2020-12-15T03:44:26.021-0500][gc             ] GC(7665) Pause Young (Normal) (G1 Evacuation Pause) 51M->41M(62M) 6.915ms
[2020-12-15T03:44:26.021-0500][gc,cpu         ] GC(7665) User=0.02s Sys=0.01s Real=0.01s
[2020-12-15T03:46:45.191-0500][gc,task        ] GC(7666) Using 5 workers of 8 for full compaction
[2020-12-15T03:46:45.191-0500][gc,start       ] GC(7666) Pause Full (System.gc())
[2020-12-15T03:46:45.191-0500][gc,heap        ] GC(7666) Heap before GC invocations=7666 (full 1574): garbage-first heap   total 63488K, used 50867K [0x0000000083000000, 0x0000000100000000)
[2020-12-15T03:46:45.191-0500][gc,heap        ] GC(7666)   region size 1024K, 10 young (10240K), 1 survivors (1024K)
[2020-12-15T03:46:45.191-0500][gc,heap        ] GC(7666)  Metaspace       used 48734K, capacity 50558K, committed 52992K, reserved 1093632K
[2020-12-15T03:46:45.191-0500][gc,heap        ] GC(7666)   class space    used 7296K, capacity 7963K, committed 8704K, reserved 1048576K
[2020-12-15T03:46:45.192-0500][gc,phases,start] GC(7666) Phase 1: Mark live objects
[2020-12-15T03:46:45.231-0500][gc,stringtable ] GC(7666) Cleaned string and symbol table, strings: 31802 processed, 0 removed, symbols: 119634 processed, 0 removed
[2020-12-15T03:46:45.231-0500][gc,phases      ] GC(7666) Phase 1: Mark live objects 39.144ms
[2020-12-15T03:46:45.231-0500][gc,phases,start] GC(7666) Phase 2: Prepare for compaction
[2020-12-15T03:46:45.235-0500][gc,phases      ] GC(7666) Phase 2: Prepare for compaction 4.397ms
[2020-12-15T03:46:45.235-0500][gc,phases,start] GC(7666) Phase 3: Adjust pointers
[2020-12-15T03:46:45.248-0500][gc,phases      ] GC(7666) Phase 3: Adjust pointers 12.729ms
[2020-12-15T03:46:45.248-0500][gc,phases,start] GC(7666) Phase 4: Compact heap
[2020-12-15T03:46:45.252-0500][gc,phases      ] GC(7666) Phase 4: Compact heap 3.415ms
[2020-12-15T03:46:45.258-0500][gc,heap        ] GC(7666) Eden regions: 9->0(10)
[2020-12-15T03:46:45.258-0500][gc,heap        ] GC(7666) Survivor regions: 1->0(2)
[2020-12-15T03:46:45.258-0500][gc,heap        ] GC(7666) Old regions: 40->40
[2020-12-15T03:46:45.258-0500][gc,heap        ] GC(7666) Humongous regions: 4->4
[2020-12-15T03:46:45.258-0500][gc,metaspace   ] GC(7666) Metaspace: 48734K->48734K(1093632K)
[2020-12-15T03:46:45.258-0500][gc,heap        ] GC(7666) Heap after GC invocations=7667 (full 1575): garbage-first heap   total 63488K, used 42585K [0x0000000083000000, 0x0000000100000000)
[2020-12-15T03:46:45.258-0500][gc,heap        ] GC(7666)   region size 1024K, 0 young (0K), 0 survivors (0K)
[2020-12-15T03:46:45.258-0500][gc,heap        ] GC(7666)  Metaspace       used 48734K, capacity 50558K, committed 52992K, reserved 1093632K
[2020-12-15T03:46:45.258-0500][gc,heap        ] GC(7666)   class space    used 7296K, capacity 7963K, committed 8704K, reserved 1048576K
[2020-12-15T03:46:45.258-0500][gc             ] GC(7666) Pause Full (System.gc()) 50M->41M(62M) 67.023ms
[2020-12-15T03:46:45.258-0500][gc,cpu         ] GC(7666) User=0.24s Sys=0.04s Real=0.07s
[2020-12-15T03:49:16.020-0500][gc,heap        ] GC(7667) Heap before GC invocations=7667 (full 1575): garbage-first heap   total 63488K, used 52825K [0x0000000083000000, 0x0000000100000000)
[2020-12-15T03:49:16.020-0500][gc,heap        ] GC(7667)   region size 1024K, 10 young (10240K), 0 survivors (0K)
[2020-12-15T03:49:16.020-0500][gc,heap        ] GC(7667)  Metaspace       used 48734K, capacity 50558K, committed 52992K, reserved 1093632K
[2020-12-15T03:49:16.020-0500][gc,heap        ] GC(7667)   class space    used 7296K, capacity 7963K, committed 8704K, reserved 1048576K
[2020-12-15T03:49:16.021-0500][gc,start       ] GC(7667) Pause Young (Normal) (G1 Evacuation Pause)
[2020-12-15T03:49:16.021-0500][gc,task        ] GC(7667) Using 8 workers of 8 for evacuation
[2020-12-15T03:49:16.025-0500][gc,phases      ] GC(7667)   Pre Evacuate Collection Set: 0.0ms
[2020-12-15T03:49:16.025-0500][gc,phases      ] GC(7667)   Evacuate Collection Set: 1.3ms
[2020-12-15T03:49:16.025-0500][gc,phases      ] GC(7667)   Post Evacuate Collection Set: 2.6ms
[2020-12-15T03:49:16.025-0500][gc,phases      ] GC(7667)   Other: 0.4ms
[2020-12-15T03:49:16.025-0500][gc,heap        ] GC(7667) Eden regions: 10->0(9)
[2020-12-15T03:49:16.025-0500][gc,heap        ] GC(7667) Survivor regions: 0->1(2)
[2020-12-15T03:49:16.025-0500][gc,heap        ] GC(7667) Old regions: 40->40
[2020-12-15T03:49:16.025-0500][gc,heap        ] GC(7667) Humongous regions: 4->4
[2020-12-15T03:49:16.025-0500][gc,metaspace   ] GC(7667) Metaspace: 48734K->48734K(1093632K)
[2020-12-15T03:49:16.025-0500][gc,heap        ] GC(7667) Heap after GC invocations=7668 (full 1575): garbage-first heap   total 63488K, used 42686K [0x0000000083000000, 0x0000000100000000)
[2020-12-15T03:49:16.025-0500][gc,heap        ] GC(7667)   region size 1024K, 1 young (1024K), 1 survivors (1024K)
[2020-12-15T03:49:16.025-0500][gc,heap        ] GC(7667)  Metaspace       used 48734K, capacity 50558K, committed 52992K, reserved 1093632K
[2020-12-15T03:49:16.025-0500][gc,heap        ] GC(7667)   class space    used 7296K, capacity 7963K, committed 8704K, reserved 1048576K
[2020-12-15T03:49:16.025-0500][gc             ] GC(7667) Pause Young (Normal) (G1 Evacuation Pause) 51M->41M(62M) 4.540ms
[2020-12-15T03:49:16.025-0500][gc,cpu         ] GC(7667) User=0.00s Sys=0.01s Real=0.00s
[2020-12-15T03:51:45.192-0500][gc,task        ] GC(7668) Using 5 workers of 8 for full compaction
[2020-12-15T03:51:45.192-0500][gc,start       ] GC(7668) Pause Full (System.gc())
[2020-12-15T03:51:45.192-0500][gc,heap        ] GC(7668) Heap before GC invocations=7668 (full 1575): garbage-first heap   total 63488K, used 49854K [0x0000000083000000, 0x0000000100000000)
[2020-12-15T03:51:45.192-0500][gc,heap        ] GC(7668)   region size 1024K, 10 young (10240K), 1 survivors (1024K)
[2020-12-15T03:51:45.192-0500][gc,heap        ] GC(7668)  Metaspace       used 48734K, capacity 50558K, committed 52992K, reserved 1093632K
[2020-12-15T03:51:45.192-0500][gc,heap        ] GC(7668)   class space    used 7296K, capacity 7963K, committed 8704K, reserved 1048576K
[2020-12-15T03:51:45.193-0500][gc,phases,start] GC(7668) Phase 1: Mark live objects
[2020-12-15T03:51:45.233-0500][gc,stringtable ] GC(7668) Cleaned string and symbol table, strings: 31802 processed, 0 removed, symbols: 119634 processed, 0 removed
[2020-12-15T03:51:45.233-0500][gc,phases      ] GC(7668) Phase 1: Mark live objects 39.723ms
[2020-12-15T03:51:45.233-0500][gc,phases,start] GC(7668) Phase 2: Prepare for compaction
[2020-12-15T03:51:45.236-0500][gc,phases      ] GC(7668) Phase 2: Prepare for compaction 3.603ms
[2020-12-15T03:51:45.236-0500][gc,phases,start] GC(7668) Phase 3: Adjust pointers
[2020-12-15T03:51:45.247-0500][gc,phases      ] GC(7668) Phase 3: Adjust pointers 10.327ms
[2020-12-15T03:51:45.247-0500][gc,phases,start] GC(7668) Phase 4: Compact heap
[2020-12-15T03:51:45.249-0500][gc,phases      ] GC(7668) Phase 4: Compact heap 2.266ms
[2020-12-15T03:51:45.254-0500][gc,heap        ] GC(7668) Eden regions: 9->0(9)
[2020-12-15T03:51:45.254-0500][gc,heap        ] GC(7668) Survivor regions: 1->0(2)
[2020-12-15T03:51:45.254-0500][gc,heap        ] GC(7668) Old regions: 40->41
[2020-12-15T03:51:45.255-0500][gc,heap        ] GC(7668) Humongous regions: 4->4
[2020-12-15T03:51:45.255-0500][gc,metaspace   ] GC(7668) Metaspace: 48734K->48734K(1093632K)
[2020-12-15T03:51:45.255-0500][gc,heap        ] GC(7668) Heap after GC invocations=7669 (full 1576): garbage-first heap   total 63488K, used 42586K [0x0000000083000000, 0x0000000100000000)
[2020-12-15T03:51:45.255-0500][gc,heap        ] GC(7668)   region size 1024K, 0 young (0K), 0 survivors (0K)
[2020-12-15T03:51:45.255-0500][gc,heap        ] GC(7668)  Metaspace       used 48734K, capacity 50558K, committed 52992K, reserved 1093632K
[2020-12-15T03:51:45.255-0500][gc,heap        ] GC(7668)   class space    used 7296K, capacity 7963K, committed 8704K, reserved 1048576K
[2020-12-15T03:51:45.255-0500][gc             ] GC(7668) Pause Full (System.gc()) 50M->41M(62M) 62.210ms
[2020-12-15T03:51:45.255-0500][gc,cpu         ] GC(7668) User=0.27s Sys=0.00s Real=0.06s
[2020-12-15T03:54:06.019-0500][gc,heap        ] GC(7669) Heap before GC invocations=7669 (full 1576): garbage-first heap   total 63488K, used 50778K [0x0000000083000000, 0x0000000100000000)
[2020-12-15T03:54:06.019-0500][gc,heap        ] GC(7669)   region size 1024K, 9 young (9216K), 0 survivors (0K)
[2020-12-15T03:54:06.019-0500][gc,heap        ] GC(7669)  Metaspace       used 48734K, capacity 50558K, committed 52992K, reserved 1093632K
[2020-12-15T03:54:06.019-0500][gc,heap        ] GC(7669)   class space    used 7296K, capacity 7963K, committed 8704K, reserved 1048576K
[2020-12-15T03:54:06.019-0500][gc,start       ] GC(7669) Pause Young (Normal) (G1 Evacuation Pause)
[2020-12-15T03:54:06.019-0500][gc,task        ] GC(7669) Using 8 workers of 8 for evacuation
[2020-12-15T03:54:06.027-0500][gc,phases      ] GC(7669)   Pre Evacuate Collection Set: 0.0ms
[2020-12-15T03:54:06.027-0500][gc,phases      ] GC(7669)   Evacuate Collection Set: 1.8ms
[2020-12-15T03:54:06.027-0500][gc,phases      ] GC(7669)   Post Evacuate Collection Set: 5.5ms
[2020-12-15T03:54:06.027-0500][gc,phases      ] GC(7669)   Other: 0.4ms
[2020-12-15T03:54:06.027-0500][gc,heap        ] GC(7669) Eden regions: 9->0(8)
[2020-12-15T03:54:06.027-0500][gc,heap        ] GC(7669) Survivor regions: 0->1(2)
[2020-12-15T03:54:06.027-0500][gc,heap        ] GC(7669) Old regions: 41->41
[2020-12-15T03:54:06.027-0500][gc,heap        ] GC(7669) Humongous regions: 4->4
[2020-12-15T03:54:06.027-0500][gc,metaspace   ] GC(7669) Metaspace: 48734K->48734K(1093632K)
[2020-12-15T03:54:06.027-0500][gc,heap        ] GC(7669) Heap after GC invocations=7670 (full 1576): garbage-first heap   total 63488K, used 42644K [0x0000000083000000, 0x0000000100000000)
[2020-12-15T03:54:06.027-0500][gc,heap        ] GC(7669)   region size 1024K, 1 young (1024K), 1 survivors (1024K)
[2020-12-15T03:54:06.027-0500][gc,heap        ] GC(7669)  Metaspace       used 48734K, capacity 50558K, committed 52992K, reserved 1093632K
[2020-12-15T03:54:06.027-0500][gc,heap        ] GC(7669)   class space    used 7296K, capacity 7963K, committed 8704K, reserved 1048576K
[2020-12-15T03:54:06.027-0500][gc             ] GC(7669) Pause Young (Normal) (G1 Evacuation Pause) 50M->41M(62M) 7.978ms
[2020-12-15T03:54:06.027-0500][gc,cpu         ] GC(7669) User=0.03s Sys=0.01s Real=0.00s
[2020-12-15T03:56:16.015-0500][gc,heap        ] GC(7670) Heap before GC invocations=7670 (full 1576): garbage-first heap   total 63488K, used 50836K [0x0000000083000000, 0x0000000100000000)
[2020-12-15T03:56:16.015-0500][gc,heap        ] GC(7670)   region size 1024K, 9 young (9216K), 1 survivors (1024K)
[2020-12-15T03:56:16.015-0500][gc,heap        ] GC(7670)  Metaspace       used 48734K, capacity 50558K, committed 52992K, reserved 1093632K
[2020-12-15T03:56:16.015-0500][gc,heap        ] GC(7670)   class space    used 7296K, capacity 7963K, committed 8704K, reserved 1048576K
[2020-12-15T03:56:16.015-0500][gc,start       ] GC(7670) Pause Young (Normal) (G1 Evacuation Pause)
[2020-12-15T03:56:16.015-0500][gc,task        ] GC(7670) Using 8 workers of 8 for evacuation
[2020-12-15T03:56:16.020-0500][gc,phases      ] GC(7670)   Pre Evacuate Collection Set: 0.0ms
[2020-12-15T03:56:16.020-0500][gc,phases      ] GC(7670)   Evacuate Collection Set: 2.3ms
[2020-12-15T03:56:16.020-0500][gc,phases      ] GC(7670)   Post Evacuate Collection Set: 2.0ms
[2020-12-15T03:56:16.020-0500][gc,phases      ] GC(7670)   Other: 0.5ms
[2020-12-15T03:56:16.020-0500][gc,heap        ] GC(7670) Eden regions: 8->0(8)
[2020-12-15T03:56:16.020-0500][gc,heap        ] GC(7670) Survivor regions: 1->1(2)
[2020-12-15T03:56:16.020-0500][gc,heap        ] GC(7670) Old regions: 41->41
[2020-12-15T03:56:16.020-0500][gc,heap        ] GC(7670) Humongous regions: 4->4
[2020-12-15T03:56:16.020-0500][gc,metaspace   ] GC(7670) Metaspace: 48734K->48734K(1093632K)
[2020-12-15T03:56:16.020-0500][gc,heap        ] GC(7670) Heap after GC invocations=7671 (full 1576): garbage-first heap   total 63488K, used 42667K [0x0000000083000000, 0x0000000100000000)
[2020-12-15T03:56:16.020-0500][gc,heap        ] GC(7670)   region size 1024K, 1 young (1024K), 1 survivors (1024K)
[2020-12-15T03:56:16.020-0500][gc,heap        ] GC(7670)  Metaspace       used 48734K, capacity 50558K, committed 52992K, reserved 1093632K
[2020-12-15T03:56:16.020-0500][gc,heap        ] GC(7670)   class space    used 7296K, capacity 7963K, committed 8704K, reserved 1048576K
[2020-12-15T03:56:16.020-0500][gc             ] GC(7670) Pause Young (Normal) (G1 Evacuation Pause) 49M->41M(62M) 5.044ms
[2020-12-15T03:56:16.020-0500][gc,cpu         ] GC(7670) User=0.01s Sys=0.01s Real=0.01s
[2020-12-15T03:56:45.191-0500][gc,task        ] GC(7671) Using 5 workers of 8 for full compaction
[2020-12-15T03:56:45.192-0500][gc,start       ] GC(7671) Pause Full (System.gc())
[2020-12-15T03:56:45.192-0500][gc,heap        ] GC(7671) Heap before GC invocations=7671 (full 1576): garbage-first heap   total 63488K, used 43691K [0x0000000083000000, 0x0000000100000000)
[2020-12-15T03:56:45.192-0500][gc,heap        ] GC(7671)   region size 1024K, 3 young (3072K), 1 survivors (1024K)
[2020-12-15T03:56:45.192-0500][gc,heap        ] GC(7671)  Metaspace       used 48734K, capacity 50558K, committed 52992K, reserved 1093632K
[2020-12-15T03:56:45.192-0500][gc,heap        ] GC(7671)   class space    used 7296K, capacity 7963K, committed 8704K, reserved 1048576K
[2020-12-15T03:56:45.192-0500][gc,phases,start] GC(7671) Phase 1: Mark live objects
[2020-12-15T03:56:45.235-0500][gc,stringtable ] GC(7671) Cleaned string and symbol table, strings: 31802 processed, 0 removed, symbols: 119634 processed, 0 removed
[2020-12-15T03:56:45.235-0500][gc,phases      ] GC(7671) Phase 1: Mark live objects 42.680ms
[2020-12-15T03:56:45.235-0500][gc,phases,start] GC(7671) Phase 2: Prepare for compaction
[2020-12-15T03:56:45.239-0500][gc,phases      ] GC(7671) Phase 2: Prepare for compaction 4.044ms
[2020-12-15T03:56:45.239-0500][gc,phases,start] GC(7671) Phase 3: Adjust pointers
[2020-12-15T03:56:45.249-0500][gc,phases      ] GC(7671) Phase 3: Adjust pointers 9.765ms
[2020-12-15T03:56:45.249-0500][gc,phases,start] GC(7671) Phase 4: Compact heap
[2020-12-15T03:56:45.251-0500][gc,phases      ] GC(7671) Phase 4: Compact heap 2.675ms
[2020-12-15T03:56:45.257-0500][gc,heap        ] GC(7671) Eden regions: 2->0(10)
[2020-12-15T03:56:45.257-0500][gc,heap        ] GC(7671) Survivor regions: 1->0(2)
[2020-12-15T03:56:45.257-0500][gc,heap        ] GC(7671) Old regions: 41->40
[2020-12-15T03:56:45.257-0500][gc,heap        ] GC(7671) Humongous regions: 4->4
[2020-12-15T03:56:45.257-0500][gc,metaspace   ] GC(7671) Metaspace: 48734K->48734K(1093632K)
[2020-12-15T03:56:45.257-0500][gc,heap        ] GC(7671) Heap after GC invocations=7672 (full 1577): garbage-first heap   total 63488K, used 42560K [0x0000000083000000, 0x0000000100000000)
[2020-12-15T03:56:45.257-0500][gc,heap        ] GC(7671)   region size 1024K, 0 young (0K), 0 survivors (0K)
[2020-12-15T03:56:45.257-0500][gc,heap        ] GC(7671)  Metaspace       used 48734K, capacity 50558K, committed 52992K, reserved 1093632K
[2020-12-15T03:56:45.257-0500][gc,heap        ] GC(7671)   class space    used 7296K, capacity 7963K, committed 8704K, reserved 1048576K
[2020-12-15T03:56:45.257-0500][gc             ] GC(7671) Pause Full (System.gc()) 43M->41M(62M) 65.420ms
[2020-12-15T03:56:45.257-0500][gc,cpu         ] GC(7671) User=0.29s Sys=0.00s Real=0.06s
[2020-12-15T03:59:26.012-0500][gc,heap        ] GC(7672) Heap before GC invocations=7672 (full 1577): garbage-first heap   total 63488K, used 51776K [0x0000000083000000, 0x0000000100000000)
[2020-12-15T03:59:26.013-0500][gc,heap        ] GC(7672)   region size 1024K, 10 young (10240K), 0 survivors (0K)
[2020-12-15T03:59:26.013-0500][gc,heap        ] GC(7672)  Metaspace       used 48734K, capacity 50558K, committed 52992K, reserved 1093632K
[2020-12-15T03:59:26.013-0500][gc,heap        ] GC(7672)   class space    used 7296K, capacity 7963K, committed 8704K, reserved 1048576K
[2020-12-15T03:59:26.013-0500][gc,start       ] GC(7672) Pause Young (Normal) (G1 Evacuation Pause)
[2020-12-15T03:59:26.013-0500][gc,task        ] GC(7672) Using 8 workers of 8 for evacuation
[2020-12-15T03:59:26.017-0500][gc,phases      ] GC(7672)   Pre Evacuate Collection Set: 0.0ms
[2020-12-15T03:59:26.017-0500][gc,phases      ] GC(7672)   Evacuate Collection Set: 1.7ms
[2020-12-15T03:59:26.017-0500][gc,phases      ] GC(7672)   Post Evacuate Collection Set: 2.3ms
[2020-12-15T03:59:26.017-0500][gc,phases      ] GC(7672)   Other: 0.4ms
[2020-12-15T03:59:26.017-0500][gc,heap        ] GC(7672) Eden regions: 10->0(9)
[2020-12-15T03:59:26.017-0500][gc,heap        ] GC(7672) Survivor regions: 0->1(2)
[2020-12-15T03:59:26.017-0500][gc,heap        ] GC(7672) Old regions: 40->40
[2020-12-15T03:59:26.017-0500][gc,heap        ] GC(7672) Humongous regions: 4->4
[2020-12-15T03:59:26.017-0500][gc,metaspace   ] GC(7672) Metaspace: 48734K->48734K(1093632K)
[2020-12-15T03:59:26.017-0500][gc,heap        ] GC(7672) Heap after GC invocations=7673 (full 1577): garbage-first heap   total 63488K, used 42651K [0x0000000083000000, 0x0000000100000000)
[2020-12-15T03:59:26.017-0500][gc,heap        ] GC(7672)   region size 1024K, 1 young (1024K), 1 survivors (1024K)
[2020-12-15T03:59:26.017-0500][gc,heap        ] GC(7672)  Metaspace       used 48734K, capacity 50558K, committed 52992K, reserved 1093632K
[2020-12-15T03:59:26.017-0500][gc,heap        ] GC(7672)   class space    used 7296K, capacity 7963K, committed 8704K, reserved 1048576K
[2020-12-15T03:59:26.017-0500][gc             ] GC(7672) Pause Young (Normal) (G1 Evacuation Pause) 51M->41M(62M) 4.612ms
[2020-12-15T03:59:26.017-0500][gc,cpu         ] GC(7672) User=0.01s Sys=0.00s Real=0.00s
[2020-12-15T04:01:45.191-0500][gc,task        ] GC(7673) Using 5 workers of 8 for full compaction
[2020-12-15T04:01:45.191-0500][gc,start       ] GC(7673) Pause Full (System.gc())
[2020-12-15T04:01:45.191-0500][gc,heap        ] GC(7673) Heap before GC invocations=7673 (full 1577): garbage-first heap   total 63488K, used 49819K [0x0000000083000000, 0x0000000100000000)
[2020-12-15T04:01:45.191-0500][gc,heap        ] GC(7673)   region size 1024K, 10 young (10240K), 1 survivors (1024K)
[2020-12-15T04:01:45.191-0500][gc,heap        ] GC(7673)  Metaspace       used 48734K, capacity 50558K, committed 52992K, reserved 1093632K
[2020-12-15T04:01:45.191-0500][gc,heap        ] GC(7673)   class space    used 7296K, capacity 7963K, committed 8704K, reserved 1048576K
[2020-12-15T04:01:45.192-0500][gc,phases,start] GC(7673) Phase 1: Mark live objects
[2020-12-15T04:01:45.236-0500][gc,stringtable ] GC(7673) Cleaned string and symbol table, strings: 31802 processed, 0 removed, symbols: 119634 processed, 0 removed
[2020-12-15T04:01:45.236-0500][gc,phases      ] GC(7673) Phase 1: Mark live objects 44.143ms
[2020-12-15T04:01:45.236-0500][gc,phases,start] GC(7673) Phase 2: Prepare for compaction
[2020-12-15T04:01:45.239-0500][gc,phases      ] GC(7673) Phase 2: Prepare for compaction 3.247ms
[2020-12-15T04:01:45.239-0500][gc,phases,start] GC(7673) Phase 3: Adjust pointers
[2020-12-15T04:01:45.250-0500][gc,phases      ] GC(7673) Phase 3: Adjust pointers 10.530ms
[2020-12-15T04:01:45.250-0500][gc,phases,start] GC(7673) Phase 4: Compact heap
[2020-12-15T04:01:45.252-0500][gc,phases      ] GC(7673) Phase 4: Compact heap 2.431ms
[2020-12-15T04:01:45.258-0500][gc,heap        ] GC(7673) Eden regions: 9->0(9)
[2020-12-15T04:01:45.258-0500][gc,heap        ] GC(7673) Survivor regions: 1->0(2)
[2020-12-15T04:01:45.258-0500][gc,heap        ] GC(7673) Old regions: 40->41
[2020-12-15T04:01:45.258-0500][gc,heap        ] GC(7673) Humongous regions: 4->4
[2020-12-15T04:01:45.258-0500][gc,metaspace   ] GC(7673) Metaspace: 48734K->48734K(1093632K)
[2020-12-15T04:01:45.258-0500][gc,heap        ] GC(7673) Heap after GC invocations=7674 (full 1578): garbage-first heap   total 63488K, used 42586K [0x0000000083000000, 0x0000000100000000)
[2020-12-15T04:01:45.258-0500][gc,heap        ] GC(7673)   region size 1024K, 0 young (0K), 0 survivors (0K)
[2020-12-15T04:01:45.258-0500][gc,heap        ] GC(7673)  Metaspace       used 48734K, capacity 50558K, committed 52992K, reserved 1093632K
[2020-12-15T04:01:45.258-0500][gc,heap        ] GC(7673)   class space    used 7296K, capacity 7963K, committed 8704K, reserved 1048576K
[2020-12-15T04:01:45.258-0500][gc             ] GC(7673) Pause Full (System.gc()) 50M->41M(62M) 66.704ms
[2020-12-15T04:01:45.258-0500][gc,cpu         ] GC(7673) User=0.30s Sys=0.00s Real=0.07s
[2020-12-15T04:04:06.019-0500][gc,heap        ] GC(7674) Heap before GC invocations=7674 (full 1578): garbage-first heap   total 63488K, used 50778K [0x0000000083000000, 0x0000000100000000)
[2020-12-15T04:04:06.019-0500][gc,heap        ] GC(7674)   region size 1024K, 9 young (9216K), 0 survivors (0K)
[2020-12-15T04:04:06.019-0500][gc,heap        ] GC(7674)  Metaspace       used 48734K, capacity 50558K, committed 52992K, reserved 1093632K
[2020-12-15T04:04:06.019-0500][gc,heap        ] GC(7674)   class space    used 7296K, capacity 7963K, committed 8704K, reserved 1048576K
[2020-12-15T04:04:06.019-0500][gc,start       ] GC(7674) Pause Young (Normal) (G1 Evacuation Pause)
[2020-12-15T04:04:06.019-0500][gc,task        ] GC(7674) Using 8 workers of 8 for evacuation
[2020-12-15T04:04:06.023-0500][gc,phases      ] GC(7674)   Pre Evacuate Collection Set: 0.0ms
[2020-12-15T04:04:06.023-0500][gc,phases      ] GC(7674)   Evacuate Collection Set: 1.4ms
[2020-12-15T04:04:06.023-0500][gc,phases      ] GC(7674)   Post Evacuate Collection Set: 2.2ms
[2020-12-15T04:04:06.023-0500][gc,phases      ] GC(7674)   Other: 0.7ms
[2020-12-15T04:04:06.023-0500][gc,heap        ] GC(7674) Eden regions: 9->0(8)
[2020-12-15T04:04:06.023-0500][gc,heap        ] GC(7674) Survivor regions: 0->1(2)
[2020-12-15T04:04:06.023-0500][gc,heap        ] GC(7674) Old regions: 41->41
[2020-12-15T04:04:06.023-0500][gc,heap        ] GC(7674) Humongous regions: 4->4
[2020-12-15T04:04:06.023-0500][gc,metaspace   ] GC(7674) Metaspace: 48734K->48734K(1093632K)
[2020-12-15T04:04:06.023-0500][gc,heap        ] GC(7674) Heap after GC invocations=7675 (full 1578): garbage-first heap   total 63488K, used 42670K [0x0000000083000000, 0x0000000100000000)
[2020-12-15T04:04:06.023-0500][gc,heap        ] GC(7674)   region size 1024K, 1 young (1024K), 1 survivors (1024K)
[2020-12-15T04:04:06.023-0500][gc,heap        ] GC(7674)  Metaspace       used 48734K, capacity 50558K, committed 52992K, reserved 1093632K
[2020-12-15T04:04:06.023-0500][gc,heap        ] GC(7674)   class space    used 7296K, capacity 7963K, committed 8704K, reserved 1048576K
[2020-12-15T04:04:06.024-0500][gc             ] GC(7674) Pause Young (Normal) (G1 Evacuation Pause) 50M->41M(62M) 4.287ms
[2020-12-15T04:04:06.024-0500][gc,cpu         ] GC(7674) User=0.00s Sys=0.00s Real=0.00s
[2020-12-15T04:06:16.012-0500][gc,heap        ] GC(7675) Heap before GC invocations=7675 (full 1578): garbage-first heap   total 63488K, used 50862K [0x0000000083000000, 0x0000000100000000)
[2020-12-15T04:06:16.012-0500][gc,heap        ] GC(7675)   region size 1024K, 9 young (9216K), 1 survivors (1024K)
[2020-12-15T04:06:16.012-0500][gc,heap        ] GC(7675)  Metaspace       used 48734K, capacity 50558K, committed 52992K, reserved 1093632K
[2020-12-15T04:06:16.012-0500][gc,heap        ] GC(7675)   class space    used 7296K, capacity 7963K, committed 8704K, reserved 1048576K
[2020-12-15T04:06:16.012-0500][gc,start       ] GC(7675) Pause Young (Normal) (G1 Evacuation Pause)
[2020-12-15T04:06:16.012-0500][gc,task        ] GC(7675) Using 8 workers of 8 for evacuation
[2020-12-15T04:06:16.017-0500][gc,phases      ] GC(7675)   Pre Evacuate Collection Set: 0.0ms
[2020-12-15T04:06:16.017-0500][gc,phases      ] GC(7675)   Evacuate Collection Set: 1.9ms
[2020-12-15T04:06:16.017-0500][gc,phases      ] GC(7675)   Post Evacuate Collection Set: 2.7ms
[2020-12-15T04:06:16.017-0500][gc,phases      ] GC(7675)   Other: 0.5ms
[2020-12-15T04:06:16.017-0500][gc,heap        ] GC(7675) Eden regions: 8->0(8)
[2020-12-15T04:06:16.017-0500][gc,heap        ] GC(7675) Survivor regions: 1->1(2)
[2020-12-15T04:06:16.017-0500][gc,heap        ] GC(7675) Old regions: 41->41
[2020-12-15T04:06:16.017-0500][gc,heap        ] GC(7675) Humongous regions: 4->4
[2020-12-15T04:06:16.017-0500][gc,metaspace   ] GC(7675) Metaspace: 48734K->48734K(1093632K)
[2020-12-15T04:06:16.017-0500][gc,heap        ] GC(7675) Heap after GC invocations=7676 (full 1578): garbage-first heap   total 63488K, used 42667K [0x0000000083000000, 0x0000000100000000)
[2020-12-15T04:06:16.017-0500][gc,heap        ] GC(7675)   region size 1024K, 1 young (1024K), 1 survivors (1024K)
[2020-12-15T04:06:16.017-0500][gc,heap        ] GC(7675)  Metaspace       used 48734K, capacity 50558K, committed 52992K, reserved 1093632K
[2020-12-15T04:06:16.017-0500][gc,heap        ] GC(7675)   class space    used 7296K, capacity 7963K, committed 8704K, reserved 1048576K
[2020-12-15T04:06:16.017-0500][gc             ] GC(7675) Pause Young (Normal) (G1 Evacuation Pause) 49M->41M(62M) 5.225ms
[2020-12-15T04:06:16.017-0500][gc,cpu         ] GC(7675) User=0.00s Sys=0.01s Real=0.00s
[2020-12-15T04:06:45.189-0500][gc,task        ] GC(7676) Using 5 workers of 8 for full compaction
[2020-12-15T04:06:45.189-0500][gc,start       ] GC(7676) Pause Full (System.gc())
[2020-12-15T04:06:45.189-0500][gc,heap        ] GC(7676) Heap before GC invocations=7676 (full 1578): garbage-first heap   total 63488K, used 43691K [0x0000000083000000, 0x0000000100000000)
[2020-12-15T04:06:45.189-0500][gc,heap        ] GC(7676)   region size 1024K, 3 young (3072K), 1 survivors (1024K)
[2020-12-15T04:06:45.189-0500][gc,heap        ] GC(7676)  Metaspace       used 48734K, capacity 50558K, committed 52992K, reserved 1093632K
[2020-12-15T04:06:45.189-0500][gc,heap        ] GC(7676)   class space    used 7296K, capacity 7963K, committed 8704K, reserved 1048576K
[2020-12-15T04:06:45.189-0500][gc,phases,start] GC(7676) Phase 1: Mark live objects
[2020-12-15T04:06:45.208-0500][gc,stringtable ] GC(7676) Cleaned string and symbol table, strings: 31802 processed, 0 removed, symbols: 119634 processed, 0 removed
[2020-12-15T04:06:45.208-0500][gc,phases      ] GC(7676) Phase 1: Mark live objects 18.657ms
[2020-12-15T04:06:45.208-0500][gc,phases,start] GC(7676) Phase 2: Prepare for compaction
[2020-12-15T04:06:45.211-0500][gc,phases      ] GC(7676) Phase 2: Prepare for compaction 3.199ms
[2020-12-15T04:06:45.211-0500][gc,phases,start] GC(7676) Phase 3: Adjust pointers
[2020-12-15T04:06:45.221-0500][gc,phases      ] GC(7676) Phase 3: Adjust pointers 9.794ms
[2020-12-15T04:06:45.221-0500][gc,phases,start] GC(7676) Phase 4: Compact heap
[2020-12-15T04:06:45.224-0500][gc,phases      ] GC(7676) Phase 4: Compact heap 2.447ms
[2020-12-15T04:06:45.229-0500][gc,heap        ] GC(7676) Eden regions: 2->0(9)
[2020-12-15T04:06:45.229-0500][gc,heap        ] GC(7676) Survivor regions: 1->0(2)
[2020-12-15T04:06:45.229-0500][gc,heap        ] GC(7676) Old regions: 41->41
[2020-12-15T04:06:45.229-0500][gc,heap        ] GC(7676) Humongous regions: 4->4
[2020-12-15T04:06:45.229-0500][gc,metaspace   ] GC(7676) Metaspace: 48734K->48734K(1093632K)
[2020-12-15T04:06:45.229-0500][gc,heap        ] GC(7676) Heap after GC invocations=7677 (full 1579): garbage-first heap   total 63488K, used 42555K [0x0000000083000000, 0x0000000100000000)
[2020-12-15T04:06:45.229-0500][gc,heap        ] GC(7676)   region size 1024K, 0 young (0K), 0 survivors (0K)
[2020-12-15T04:06:45.229-0500][gc,heap        ] GC(7676)  Metaspace       used 48734K, capacity 50558K, committed 52992K, reserved 1093632K
[2020-12-15T04:06:45.229-0500][gc,heap        ] GC(7676)   class space    used 7296K, capacity 7963K, committed 8704K, reserved 1048576K
[2020-12-15T04:06:45.229-0500][gc             ] GC(7676) Pause Full (System.gc()) 43M->41M(62M) 39.868ms
[2020-12-15T04:06:45.229-0500][gc,cpu         ] GC(7676) User=0.16s Sys=0.00s Real=0.04s
[2020-12-15T04:09:06.017-0500][gc,heap        ] GC(7677) Heap before GC invocations=7677 (full 1579): garbage-first heap   total 63488K, used 50747K [0x0000000083000000, 0x0000000100000000)
[2020-12-15T04:09:06.017-0500][gc,heap        ] GC(7677)   region size 1024K, 9 young (9216K), 0 survivors (0K)
[2020-12-15T04:09:06.017-0500][gc,heap        ] GC(7677)  Metaspace       used 48734K, capacity 50558K, committed 52992K, reserved 1093632K
[2020-12-15T04:09:06.018-0500][gc,heap        ] GC(7677)   class space    used 7296K, capacity 7963K, committed 8704K, reserved 1048576K
[2020-12-15T04:09:06.018-0500][gc,start       ] GC(7677) Pause Young (Normal) (G1 Evacuation Pause)
[2020-12-15T04:09:06.018-0500][gc,task        ] GC(7677) Using 8 workers of 8 for evacuation
[2020-12-15T04:09:06.021-0500][gc,phases      ] GC(7677)   Pre Evacuate Collection Set: 0.0ms
[2020-12-15T04:09:06.021-0500][gc,phases      ] GC(7677)   Evacuate Collection Set: 1.3ms
[2020-12-15T04:09:06.021-0500][gc,phases      ] GC(7677)   Post Evacuate Collection Set: 1.9ms
[2020-12-15T04:09:06.021-0500][gc,phases      ] GC(7677)   Other: 0.4ms
[2020-12-15T04:09:06.021-0500][gc,heap        ] GC(7677) Eden regions: 9->0(8)
[2020-12-15T04:09:06.021-0500][gc,heap        ] GC(7677) Survivor regions: 0->1(2)
[2020-12-15T04:09:06.021-0500][gc,heap        ] GC(7677) Old regions: 41->41
[2020-12-15T04:09:06.021-0500][gc,heap        ] GC(7677) Humongous regions: 4->4
[2020-12-15T04:09:06.021-0500][gc,metaspace   ] GC(7677) Metaspace: 48734K->48734K(1093632K)
[2020-12-15T04:09:06.021-0500][gc,heap        ] GC(7677) Heap after GC invocations=7678 (full 1579): garbage-first heap   total 63488K, used 42621K [0x0000000083000000, 0x0000000100000000)
[2020-12-15T04:09:06.021-0500][gc,heap        ] GC(7677)   region size 1024K, 1 young (1024K), 1 survivors (1024K)
[2020-12-15T04:09:06.021-0500][gc,heap        ] GC(7677)  Metaspace       used 48734K, capacity 50558K, committed 52992K, reserved 1093632K
[2020-12-15T04:09:06.021-0500][gc,heap        ] GC(7677)   class space    used 7296K, capacity 7963K, committed 8704K, reserved 1048576K
[2020-12-15T04:09:06.021-0500][gc             ] GC(7677) Pause Young (Normal) (G1 Evacuation Pause) 50M->41M(62M) 3.853ms
[2020-12-15T04:09:06.022-0500][gc,cpu         ] GC(7677) User=0.00s Sys=0.01s Real=0.01s
[2020-12-15T04:11:16.745-0500][gc,heap        ] GC(7678) Heap before GC invocations=7678 (full 1579): garbage-first heap   total 63488K, used 50813K [0x0000000083000000, 0x0000000100000000)
[2020-12-15T04:11:16.745-0500][gc,heap        ] GC(7678)   region size 1024K, 9 young (9216K), 1 survivors (1024K)
[2020-12-15T04:11:16.745-0500][gc,heap        ] GC(7678)  Metaspace       used 48734K, capacity 50558K, committed 52992K, reserved 1093632K
[2020-12-15T04:11:16.745-0500][gc,heap        ] GC(7678)   class space    used 7296K, capacity 7963K, committed 8704K, reserved 1048576K
[2020-12-15T04:11:16.746-0500][gc,start       ] GC(7678) Pause Young (Normal) (G1 Evacuation Pause)
[2020-12-15T04:11:16.746-0500][gc,task        ] GC(7678) Using 8 workers of 8 for evacuation
[2020-12-15T04:11:16.748-0500][gc,phases      ] GC(7678)   Pre Evacuate Collection Set: 0.0ms
[2020-12-15T04:11:16.748-0500][gc,phases      ] GC(7678)   Evacuate Collection Set: 1.2ms
[2020-12-15T04:11:16.748-0500][gc,phases      ] GC(7678)   Post Evacuate Collection Set: 1.0ms
[2020-12-15T04:11:16.748-0500][gc,phases      ] GC(7678)   Other: 0.2ms
[2020-12-15T04:11:16.748-0500][gc,heap        ] GC(7678) Eden regions: 8->0(8)
[2020-12-15T04:11:16.748-0500][gc,heap        ] GC(7678) Survivor regions: 1->1(2)
[2020-12-15T04:11:16.748-0500][gc,heap        ] GC(7678) Old regions: 41->41
[2020-12-15T04:11:16.748-0500][gc,heap        ] GC(7678) Humongous regions: 4->4
[2020-12-15T04:11:16.748-0500][gc,metaspace   ] GC(7678) Metaspace: 48734K->48734K(1093632K)
[2020-12-15T04:11:16.748-0500][gc,heap        ] GC(7678) Heap after GC invocations=7679 (full 1579): garbage-first heap   total 63488K, used 42605K [0x0000000083000000, 0x0000000100000000)
[2020-12-15T04:11:16.748-0500][gc,heap        ] GC(7678)   region size 1024K, 1 young (1024K), 1 survivors (1024K)
[2020-12-15T04:11:16.748-0500][gc,heap        ] GC(7678)  Metaspace       used 48734K, capacity 50558K, committed 52992K, reserved 1093632K
[2020-12-15T04:11:16.748-0500][gc,heap        ] GC(7678)   class space    used 7296K, capacity 7963K, committed 8704K, reserved 1048576K
[2020-12-15T04:11:16.748-0500][gc             ] GC(7678) Pause Young (Normal) (G1 Evacuation Pause) 49M->41M(62M) 2.550ms
[2020-12-15T04:11:16.748-0500][gc,cpu         ] GC(7678) User=0.00s Sys=0.00s Real=0.01s
[2020-12-15T04:11:45.192-0500][gc,task        ] GC(7679) Using 5 workers of 8 for full compaction
[2020-12-15T04:11:45.192-0500][gc,start       ] GC(7679) Pause Full (System.gc())
[2020-12-15T04:11:45.192-0500][gc,heap        ] GC(7679) Heap before GC invocations=7679 (full 1579): garbage-first heap   total 63488K, used 43629K [0x0000000083000000, 0x0000000100000000)
[2020-12-15T04:11:45.192-0500][gc,heap        ] GC(7679)   region size 1024K, 3 young (3072K), 1 survivors (1024K)
[2020-12-15T04:11:45.192-0500][gc,heap        ] GC(7679)  Metaspace       used 48734K, capacity 50558K, committed 52992K, reserved 1093632K
[2020-12-15T04:11:45.192-0500][gc,heap        ] GC(7679)   class space    used 7296K, capacity 7963K, committed 8704K, reserved 1048576K
[2020-12-15T04:11:45.192-0500][gc,phases,start] GC(7679) Phase 1: Mark live objects
[2020-12-15T04:11:45.237-0500][gc,stringtable ] GC(7679) Cleaned string and symbol table, strings: 31802 processed, 0 removed, symbols: 119634 processed, 0 removed
[2020-12-15T04:11:45.237-0500][gc,phases      ] GC(7679) Phase 1: Mark live objects 44.641ms
[2020-12-15T04:11:45.237-0500][gc,phases,start] GC(7679) Phase 2: Prepare for compaction
[2020-12-15T04:11:45.240-0500][gc,phases      ] GC(7679) Phase 2: Prepare for compaction 3.176ms
[2020-12-15T04:11:45.240-0500][gc,phases,start] GC(7679) Phase 3: Adjust pointers
[2020-12-15T04:11:45.251-0500][gc,phases      ] GC(7679) Phase 3: Adjust pointers 10.382ms
[2020-12-15T04:11:45.251-0500][gc,phases,start] GC(7679) Phase 4: Compact heap
[2020-12-15T04:11:45.253-0500][gc,phases      ] GC(7679) Phase 4: Compact heap 2.462ms
[2020-12-15T04:11:45.259-0500][gc,heap        ] GC(7679) Eden regions: 2->0(10)
[2020-12-15T04:11:45.259-0500][gc,heap        ] GC(7679) Survivor regions: 1->0(2)
[2020-12-15T04:11:45.259-0500][gc,heap        ] GC(7679) Old regions: 41->40
[2020-12-15T04:11:45.259-0500][gc,heap        ] GC(7679) Humongous regions: 4->4
[2020-12-15T04:11:45.259-0500][gc,metaspace   ] GC(7679) Metaspace: 48734K->48734K(1093632K)
[2020-12-15T04:11:45.259-0500][gc,heap        ] GC(7679) Heap after GC invocations=7680 (full 1580): garbage-first heap   total 63488K, used 42553K [0x0000000083000000, 0x0000000100000000)
[2020-12-15T04:11:45.259-0500][gc,heap        ] GC(7679)   region size 1024K, 0 young (0K), 0 survivors (0K)
[2020-12-15T04:11:45.259-0500][gc,heap        ] GC(7679)  Metaspace       used 48734K, capacity 50558K, committed 52992K, reserved 1093632K
[2020-12-15T04:11:45.259-0500][gc,heap        ] GC(7679)   class space    used 7296K, capacity 7963K, committed 8704K, reserved 1048576K
[2020-12-15T04:11:45.259-0500][gc             ] GC(7679) Pause Full (System.gc()) 43M->41M(62M) 66.763ms
[2020-12-15T04:11:45.259-0500][gc,cpu         ] GC(7679) User=0.29s Sys=0.00s Real=0.07s
[2020-12-15T04:14:16.018-0500][gc,heap        ] GC(7680) Heap before GC invocations=7680 (full 1580): garbage-first heap   total 63488K, used 52793K [0x0000000083000000, 0x0000000100000000)
[2020-12-15T04:14:16.018-0500][gc,heap        ] GC(7680)   region size 1024K, 10 young (10240K), 0 survivors (0K)
[2020-12-15T04:14:16.019-0500][gc,heap        ] GC(7680)  Metaspace       used 48734K, capacity 50558K, committed 52992K, reserved 1093632K
[2020-12-15T04:14:16.019-0500][gc,heap        ] GC(7680)   class space    used 7296K, capacity 7963K, committed 8704K, reserved 1048576K
[2020-12-15T04:14:16.019-0500][gc,start       ] GC(7680) Pause Young (Normal) (G1 Evacuation Pause)
[2020-12-15T04:14:16.019-0500][gc,task        ] GC(7680) Using 8 workers of 8 for evacuation
[2020-12-15T04:14:16.023-0500][gc,phases      ] GC(7680)   Pre Evacuate Collection Set: 0.1ms
[2020-12-15T04:14:16.023-0500][gc,phases      ] GC(7680)   Evacuate Collection Set: 1.4ms
[2020-12-15T04:14:16.023-0500][gc,phases      ] GC(7680)   Post Evacuate Collection Set: 2.6ms
[2020-12-15T04:14:16.023-0500][gc,phases      ] GC(7680)   Other: 0.6ms
[2020-12-15T04:14:16.023-0500][gc,heap        ] GC(7680) Eden regions: 10->0(9)
[2020-12-15T04:14:16.023-0500][gc,heap        ] GC(7680) Survivor regions: 0->1(2)
[2020-12-15T04:14:16.023-0500][gc,heap        ] GC(7680) Old regions: 40->40
[2020-12-15T04:14:16.023-0500][gc,heap        ] GC(7680) Humongous regions: 4->4
[2020-12-15T04:14:16.023-0500][gc,metaspace   ] GC(7680) Metaspace: 48734K->48734K(1093632K)
[2020-12-15T04:14:16.023-0500][gc,heap        ] GC(7680) Heap after GC invocations=7681 (full 1580): garbage-first heap   total 63488K, used 42660K [0x0000000083000000, 0x0000000100000000)
[2020-12-15T04:14:16.023-0500][gc,heap        ] GC(7680)   region size 1024K, 1 young (1024K), 1 survivors (1024K)
[2020-12-15T04:14:16.023-0500][gc,heap        ] GC(7680)  Metaspace       used 48734K, capacity 50558K, committed 52992K, reserved 1093632K
[2020-12-15T04:14:16.023-0500][gc,heap        ] GC(7680)   class space    used 7296K, capacity 7963K, committed 8704K, reserved 1048576K
[2020-12-15T04:14:16.023-0500][gc             ] GC(7680) Pause Young (Normal) (G1 Evacuation Pause) 51M->41M(62M) 4.852ms
[2020-12-15T04:14:16.024-0500][gc,cpu         ] GC(7680) User=0.00s Sys=0.00s Real=0.00s
[2020-12-15T04:16:45.190-0500][gc,task        ] GC(7681) Using 5 workers of 8 for full compaction
[2020-12-15T04:16:45.190-0500][gc,start       ] GC(7681) Pause Full (System.gc())
[2020-12-15T04:16:45.190-0500][gc,heap        ] GC(7681) Heap before GC invocations=7681 (full 1580): garbage-first heap   total 63488K, used 50852K [0x0000000083000000, 0x0000000100000000)
[2020-12-15T04:16:45.190-0500][gc,heap        ] GC(7681)   region size 1024K, 10 young (10240K), 1 survivors (1024K)
[2020-12-15T04:16:45.190-0500][gc,heap        ] GC(7681)  Metaspace       used 48734K, capacity 50558K, committed 52992K, reserved 1093632K
[2020-12-15T04:16:45.190-0500][gc,heap        ] GC(7681)   class space    used 7296K, capacity 7963K, committed 8704K, reserved 1048576K
[2020-12-15T04:16:45.191-0500][gc,phases,start] GC(7681) Phase 1: Mark live objects
[2020-12-15T04:16:45.231-0500][gc,stringtable ] GC(7681) Cleaned string and symbol table, strings: 31802 processed, 0 removed, symbols: 119634 processed, 0 removed
[2020-12-15T04:16:45.231-0500][gc,phases      ] GC(7681) Phase 1: Mark live objects 40.305ms
[2020-12-15T04:16:45.231-0500][gc,phases,start] GC(7681) Phase 2: Prepare for compaction
[2020-12-15T04:16:45.236-0500][gc,phases      ] GC(7681) Phase 2: Prepare for compaction 5.279ms
[2020-12-15T04:16:45.236-0500][gc,phases,start] GC(7681) Phase 3: Adjust pointers
[2020-12-15T04:16:45.246-0500][gc,phases      ] GC(7681) Phase 3: Adjust pointers 9.183ms
[2020-12-15T04:16:45.246-0500][gc,phases,start] GC(7681) Phase 4: Compact heap
[2020-12-15T04:16:45.249-0500][gc,phases      ] GC(7681) Phase 4: Compact heap 3.041ms
[2020-12-15T04:16:45.254-0500][gc,heap        ] GC(7681) Eden regions: 9->0(9)
[2020-12-15T04:16:45.254-0500][gc,heap        ] GC(7681) Survivor regions: 1->0(2)
[2020-12-15T04:16:45.254-0500][gc,heap        ] GC(7681) Old regions: 40->41
[2020-12-15T04:16:45.254-0500][gc,heap        ] GC(7681) Humongous regions: 4->4
[2020-12-15T04:16:45.254-0500][gc,metaspace   ] GC(7681) Metaspace: 48734K->48734K(1093632K)
[2020-12-15T04:16:45.254-0500][gc,heap        ] GC(7681) Heap after GC invocations=7682 (full 1581): garbage-first heap   total 63488K, used 42592K [0x0000000083000000, 0x0000000100000000)
[2020-12-15T04:16:45.254-0500][gc,heap        ] GC(7681)   region size 1024K, 0 young (0K), 0 survivors (0K)
[2020-12-15T04:16:45.254-0500][gc,heap        ] GC(7681)  Metaspace       used 48734K, capacity 50558K, committed 52992K, reserved 1093632K
[2020-12-15T04:16:45.254-0500][gc,heap        ] GC(7681)   class space    used 7296K, capacity 7963K, committed 8704K, reserved 1048576K
[2020-12-15T04:16:45.254-0500][gc             ] GC(7681) Pause Full (System.gc()) 50M->41M(62M) 64.130ms
[2020-12-15T04:16:45.254-0500][gc,cpu         ] GC(7681) User=0.22s Sys=0.05s Real=0.06s
[2020-12-15T04:19:06.018-0500][gc,heap        ] GC(7682) Heap before GC invocations=7682 (full 1581): garbage-first heap   total 63488K, used 51808K [0x0000000083000000, 0x0000000100000000)
[2020-12-15T04:19:06.018-0500][gc,heap        ] GC(7682)   region size 1024K, 9 young (9216K), 0 survivors (0K)
[2020-12-15T04:19:06.018-0500][gc,heap        ] GC(7682)  Metaspace       used 48734K, capacity 50558K, committed 52992K, reserved 1093632K
[2020-12-15T04:19:06.018-0500][gc,heap        ] GC(7682)   class space    used 7296K, capacity 7963K, committed 8704K, reserved 1048576K
[2020-12-15T04:19:06.018-0500][gc,start       ] GC(7682) Pause Young (Normal) (G1 Evacuation Pause)
[2020-12-15T04:19:06.018-0500][gc,task        ] GC(7682) Using 8 workers of 8 for evacuation
[2020-12-15T04:19:06.023-0500][gc,phases      ] GC(7682)   Pre Evacuate Collection Set: 0.0ms
[2020-12-15T04:19:06.023-0500][gc,phases      ] GC(7682)   Evacuate Collection Set: 2.4ms
[2020-12-15T04:19:06.023-0500][gc,phases      ] GC(7682)   Post Evacuate Collection Set: 2.0ms
[2020-12-15T04:19:06.023-0500][gc,phases      ] GC(7682)   Other: 0.4ms
[2020-12-15T04:19:06.023-0500][gc,heap        ] GC(7682) Eden regions: 9->0(8)
[2020-12-15T04:19:06.023-0500][gc,heap        ] GC(7682) Survivor regions: 0->1(2)
[2020-12-15T04:19:06.023-0500][gc,heap        ] GC(7682) Old regions: 41->41
[2020-12-15T04:19:06.023-0500][gc,heap        ] GC(7682) Humongous regions: 4->4
[2020-12-15T04:19:06.023-0500][gc,metaspace   ] GC(7682) Metaspace: 48734K->48734K(1093632K)
[2020-12-15T04:19:06.023-0500][gc,heap        ] GC(7682) Heap after GC invocations=7683 (full 1581): garbage-first heap   total 63488K, used 42675K [0x0000000083000000, 0x0000000100000000)
[2020-12-15T04:19:06.023-0500][gc,heap        ] GC(7682)   region size 1024K, 1 young (1024K), 1 survivors (1024K)
[2020-12-15T04:19:06.023-0500][gc,heap        ] GC(7682)  Metaspace       used 48734K, capacity 50558K, committed 52992K, reserved 1093632K
[2020-12-15T04:19:06.023-0500][gc,heap        ] GC(7682)   class space    used 7296K, capacity 7963K, committed 8704K, reserved 1048576K
[2020-12-15T04:19:06.023-0500][gc             ] GC(7682) Pause Young (Normal) (G1 Evacuation Pause) 50M->41M(62M) 4.945ms
[2020-12-15T04:19:06.023-0500][gc,cpu         ] GC(7682) User=0.01s Sys=0.00s Real=0.00s
[2020-12-15T04:21:16.014-0500][gc,heap        ] GC(7683) Heap before GC invocations=7683 (full 1581): garbage-first heap   total 63488K, used 50867K [0x0000000083000000, 0x0000000100000000)
[2020-12-15T04:21:16.014-0500][gc,heap        ] GC(7683)   region size 1024K, 9 young (9216K), 1 survivors (1024K)
[2020-12-15T04:21:16.014-0500][gc,heap        ] GC(7683)  Metaspace       used 48734K, capacity 50558K, committed 52992K, reserved 1093632K
[2020-12-15T04:21:16.014-0500][gc,heap        ] GC(7683)   class space    used 7296K, capacity 7963K, committed 8704K, reserved 1048576K
[2020-12-15T04:21:16.015-0500][gc,start       ] GC(7683) Pause Young (Normal) (G1 Evacuation Pause)
[2020-12-15T04:21:16.015-0500][gc,task        ] GC(7683) Using 8 workers of 8 for evacuation
[2020-12-15T04:21:16.017-0500][gc,phases      ] GC(7683)   Pre Evacuate Collection Set: 0.0ms
[2020-12-15T04:21:16.017-0500][gc,phases      ] GC(7683)   Evacuate Collection Set: 0.9ms
[2020-12-15T04:21:16.017-0500][gc,phases      ] GC(7683)   Post Evacuate Collection Set: 1.0ms
[2020-12-15T04:21:16.017-0500][gc,phases      ] GC(7683)   Other: 0.3ms
[2020-12-15T04:21:16.017-0500][gc,heap        ] GC(7683) Eden regions: 8->0(8)
[2020-12-15T04:21:16.017-0500][gc,heap        ] GC(7683) Survivor regions: 1->1(2)
[2020-12-15T04:21:16.017-0500][gc,heap        ] GC(7683) Old regions: 41->41
[2020-12-15T04:21:16.017-0500][gc,heap        ] GC(7683) Humongous regions: 4->4
[2020-12-15T04:21:16.017-0500][gc,metaspace   ] GC(7683) Metaspace: 48734K->48734K(1093632K)
[2020-12-15T04:21:16.017-0500][gc,heap        ] GC(7683) Heap after GC invocations=7684 (full 1581): garbage-first heap   total 63488K, used 42649K [0x0000000083000000, 0x0000000100000000)
[2020-12-15T04:21:16.017-0500][gc,heap        ] GC(7683)   region size 1024K, 1 young (1024K), 1 survivors (1024K)
[2020-12-15T04:21:16.017-0500][gc,heap        ] GC(7683)  Metaspace       used 48734K, capacity 50558K, committed 52992K, reserved 1093632K
[2020-12-15T04:21:16.017-0500][gc,heap        ] GC(7683)   class space    used 7296K, capacity 7963K, committed 8704K, reserved 1048576K
[2020-12-15T04:21:16.017-0500][gc             ] GC(7683) Pause Young (Normal) (G1 Evacuation Pause) 49M->41M(62M) 2.377ms
[2020-12-15T04:21:16.017-0500][gc,cpu         ] GC(7683) User=0.00s Sys=0.01s Real=0.00s
[2020-12-15T04:21:45.189-0500][gc,task        ] GC(7684) Using 5 workers of 8 for full compaction
[2020-12-15T04:21:45.189-0500][gc,start       ] GC(7684) Pause Full (System.gc())
[2020-12-15T04:21:45.189-0500][gc,heap        ] GC(7684) Heap before GC invocations=7684 (full 1581): garbage-first heap   total 63488K, used 43673K [0x0000000083000000, 0x0000000100000000)
[2020-12-15T04:21:45.189-0500][gc,heap        ] GC(7684)   region size 1024K, 3 young (3072K), 1 survivors (1024K)
[2020-12-15T04:21:45.189-0500][gc,heap        ] GC(7684)  Metaspace       used 48734K, capacity 50558K, committed 52992K, reserved 1093632K
[2020-12-15T04:21:45.189-0500][gc,heap        ] GC(7684)   class space    used 7296K, capacity 7963K, committed 8704K, reserved 1048576K
[2020-12-15T04:21:45.190-0500][gc,phases,start] GC(7684) Phase 1: Mark live objects
[2020-12-15T04:21:45.219-0500][gc,stringtable ] GC(7684) Cleaned string and symbol table, strings: 31802 processed, 0 removed, symbols: 119634 processed, 0 removed
[2020-12-15T04:21:45.219-0500][gc,phases      ] GC(7684) Phase 1: Mark live objects 29.055ms
[2020-12-15T04:21:45.219-0500][gc,phases,start] GC(7684) Phase 2: Prepare for compaction
[2020-12-15T04:21:45.222-0500][gc,phases      ] GC(7684) Phase 2: Prepare for compaction 3.139ms
[2020-12-15T04:21:45.222-0500][gc,phases,start] GC(7684) Phase 3: Adjust pointers
[2020-12-15T04:21:45.232-0500][gc,phases      ] GC(7684) Phase 3: Adjust pointers 9.945ms
[2020-12-15T04:21:45.232-0500][gc,phases,start] GC(7684) Phase 4: Compact heap
[2020-12-15T04:21:45.235-0500][gc,phases      ] GC(7684) Phase 4: Compact heap 2.529ms
[2020-12-15T04:21:45.240-0500][gc,heap        ] GC(7684) Eden regions: 2->0(10)
[2020-12-15T04:21:45.240-0500][gc,heap        ] GC(7684) Survivor regions: 1->0(2)
[2020-12-15T04:21:45.240-0500][gc,heap        ] GC(7684) Old regions: 41->40
[2020-12-15T04:21:45.240-0500][gc,heap        ] GC(7684) Humongous regions: 4->4
[2020-12-15T04:21:45.240-0500][gc,metaspace   ] GC(7684) Metaspace: 48734K->48734K(1093632K)
[2020-12-15T04:21:45.240-0500][gc,heap        ] GC(7684) Heap after GC invocations=7685 (full 1582): garbage-first heap   total 63488K, used 42561K [0x0000000083000000, 0x0000000100000000)
[2020-12-15T04:21:45.240-0500][gc,heap        ] GC(7684)   region size 1024K, 0 young (0K), 0 survivors (0K)
[2020-12-15T04:21:45.240-0500][gc,heap        ] GC(7684)  Metaspace       used 48734K, capacity 50558K, committed 52992K, reserved 1093632K
[2020-12-15T04:21:45.240-0500][gc,heap        ] GC(7684)   class space    used 7296K, capacity 7963K, committed 8704K, reserved 1048576K
[2020-12-15T04:21:45.240-0500][gc             ] GC(7684) Pause Full (System.gc()) 43M->41M(62M) 50.877ms
[2020-12-15T04:21:45.240-0500][gc,cpu         ] GC(7684) User=0.22s Sys=0.00s Real=0.05s
[2020-12-15T04:24:16.844-0500][gc,heap        ] GC(7685) Heap before GC invocations=7685 (full 1582): garbage-first heap   total 63488K, used 52801K [0x0000000083000000, 0x0000000100000000)
[2020-12-15T04:24:16.844-0500][gc,heap        ] GC(7685)   region size 1024K, 10 young (10240K), 0 survivors (0K)
[2020-12-15T04:24:16.844-0500][gc,heap        ] GC(7685)  Metaspace       used 48734K, capacity 50558K, committed 52992K, reserved 1093632K
[2020-12-15T04:24:16.844-0500][gc,heap        ] GC(7685)   class space    used 7296K, capacity 7963K, committed 8704K, reserved 1048576K
[2020-12-15T04:24:16.844-0500][gc,start       ] GC(7685) Pause Young (Normal) (G1 Evacuation Pause)
[2020-12-15T04:24:16.844-0500][gc,task        ] GC(7685) Using 8 workers of 8 for evacuation
[2020-12-15T04:24:16.878-0500][gc,phases      ] GC(7685)   Pre Evacuate Collection Set: 0.0ms
[2020-12-15T04:24:16.878-0500][gc,phases      ] GC(7685)   Evacuate Collection Set: 1.5ms
[2020-12-15T04:24:16.878-0500][gc,phases      ] GC(7685)   Post Evacuate Collection Set: 32.0ms
[2020-12-15T04:24:16.878-0500][gc,phases      ] GC(7685)   Other: 0.5ms
[2020-12-15T04:24:16.878-0500][gc,heap        ] GC(7685) Eden regions: 10->0(9)
[2020-12-15T04:24:16.878-0500][gc,heap        ] GC(7685) Survivor regions: 0->1(2)
[2020-12-15T04:24:16.878-0500][gc,heap        ] GC(7685) Old regions: 40->40
[2020-12-15T04:24:16.878-0500][gc,heap        ] GC(7685) Humongous regions: 4->4
[2020-12-15T04:24:16.878-0500][gc,metaspace   ] GC(7685) Metaspace: 48734K->48734K(1093632K)
[2020-12-15T04:24:16.878-0500][gc,heap        ] GC(7685) Heap after GC invocations=7686 (full 1582): garbage-first heap   total 63488K, used 42640K [0x0000000083000000, 0x0000000100000000)
[2020-12-15T04:24:16.878-0500][gc,heap        ] GC(7685)   region size 1024K, 1 young (1024K), 1 survivors (1024K)
[2020-12-15T04:24:16.878-0500][gc,heap        ] GC(7685)  Metaspace       used 48734K, capacity 50558K, committed 52992K, reserved 1093632K
[2020-12-15T04:24:16.878-0500][gc,heap        ] GC(7685)   class space    used 7296K, capacity 7963K, committed 8704K, reserved 1048576K
[2020-12-15T04:24:16.878-0500][gc             ] GC(7685) Pause Young (Normal) (G1 Evacuation Pause) 51M->41M(62M) 34.330ms
[2020-12-15T04:24:16.878-0500][gc,cpu         ] GC(7685) User=0.25s Sys=0.00s Real=0.04s
[2020-12-15T04:26:45.190-0500][gc,task        ] GC(7686) Using 5 workers of 8 for full compaction
[2020-12-15T04:26:45.191-0500][gc,start       ] GC(7686) Pause Full (System.gc())
[2020-12-15T04:26:45.191-0500][gc,heap        ] GC(7686) Heap before GC invocations=7686 (full 1582): garbage-first heap   total 63488K, used 49808K [0x0000000083000000, 0x0000000100000000)
[2020-12-15T04:26:45.191-0500][gc,heap        ] GC(7686)   region size 1024K, 10 young (10240K), 1 survivors (1024K)
[2020-12-15T04:26:45.191-0500][gc,heap        ] GC(7686)  Metaspace       used 48734K, capacity 50558K, committed 52992K, reserved 1093632K
[2020-12-15T04:26:45.191-0500][gc,heap        ] GC(7686)   class space    used 7296K, capacity 7963K, committed 8704K, reserved 1048576K
[2020-12-15T04:26:45.191-0500][gc,phases,start] GC(7686) Phase 1: Mark live objects
[2020-12-15T04:26:45.229-0500][gc,stringtable ] GC(7686) Cleaned string and symbol table, strings: 31802 processed, 0 removed, symbols: 119634 processed, 0 removed
[2020-12-15T04:26:45.229-0500][gc,phases      ] GC(7686) Phase 1: Mark live objects 37.477ms
[2020-12-15T04:26:45.229-0500][gc,phases,start] GC(7686) Phase 2: Prepare for compaction
[2020-12-15T04:26:45.235-0500][gc,phases      ] GC(7686) Phase 2: Prepare for compaction 6.683ms
[2020-12-15T04:26:45.236-0500][gc,phases,start] GC(7686) Phase 3: Adjust pointers
[2020-12-15T04:26:45.246-0500][gc,phases      ] GC(7686) Phase 3: Adjust pointers 10.887ms
[2020-12-15T04:26:45.246-0500][gc,phases,start] GC(7686) Phase 4: Compact heap
[2020-12-15T04:26:45.249-0500][gc,phases      ] GC(7686) Phase 4: Compact heap 2.504ms
[2020-12-15T04:26:45.254-0500][gc,heap        ] GC(7686) Eden regions: 9->0(10)
[2020-12-15T04:26:45.254-0500][gc,heap        ] GC(7686) Survivor regions: 1->0(2)
[2020-12-15T04:26:45.254-0500][gc,heap        ] GC(7686) Old regions: 40->40
[2020-12-15T04:26:45.254-0500][gc,heap        ] GC(7686) Humongous regions: 4->4
[2020-12-15T04:26:45.254-0500][gc,metaspace   ] GC(7686) Metaspace: 48734K->48734K(1093632K)
[2020-12-15T04:26:45.254-0500][gc,heap        ] GC(7686) Heap after GC invocations=7687 (full 1583): garbage-first heap   total 63488K, used 42586K [0x0000000083000000, 0x0000000100000000)
[2020-12-15T04:26:45.254-0500][gc,heap        ] GC(7686)   region size 1024K, 0 young (0K), 0 survivors (0K)
[2020-12-15T04:26:45.255-0500][gc,heap        ] GC(7686)  Metaspace       used 48734K, capacity 50558K, committed 52992K, reserved 1093632K
[2020-12-15T04:26:45.255-0500][gc,heap        ] GC(7686)   class space    used 7296K, capacity 7963K, committed 8704K, reserved 1048576K
[2020-12-15T04:26:45.255-0500][gc             ] GC(7686) Pause Full (System.gc()) 50M->41M(62M) 64.025ms
[2020-12-15T04:26:45.255-0500][gc,cpu         ] GC(7686) User=0.26s Sys=0.00s Real=0.06s
[2020-12-15T04:29:26.016-0500][gc,heap        ] GC(7687) Heap before GC invocations=7687 (full 1583): garbage-first heap   total 63488K, used 51802K [0x0000000083000000, 0x0000000100000000)
[2020-12-15T04:29:26.016-0500][gc,heap        ] GC(7687)   region size 1024K, 10 young (10240K), 0 survivors (0K)
[2020-12-15T04:29:26.016-0500][gc,heap        ] GC(7687)  Metaspace       used 48734K, capacity 50558K, committed 52992K, reserved 1093632K
[2020-12-15T04:29:26.017-0500][gc,heap        ] GC(7687)   class space    used 7296K, capacity 7963K, committed 8704K, reserved 1048576K
[2020-12-15T04:29:26.017-0500][gc,start       ] GC(7687) Pause Young (Normal) (G1 Evacuation Pause)
[2020-12-15T04:29:26.017-0500][gc,task        ] GC(7687) Using 8 workers of 8 for evacuation
[2020-12-15T04:29:26.021-0500][gc,phases      ] GC(7687)   Pre Evacuate Collection Set: 0.0ms
[2020-12-15T04:29:26.021-0500][gc,phases      ] GC(7687)   Evacuate Collection Set: 1.4ms
[2020-12-15T04:29:26.021-0500][gc,phases      ] GC(7687)   Post Evacuate Collection Set: 2.3ms
[2020-12-15T04:29:26.021-0500][gc,phases      ] GC(7687)   Other: 0.6ms
[2020-12-15T04:29:26.021-0500][gc,heap        ] GC(7687) Eden regions: 10->0(9)
[2020-12-15T04:29:26.021-0500][gc,heap        ] GC(7687) Survivor regions: 0->1(2)
[2020-12-15T04:29:26.021-0500][gc,heap        ] GC(7687) Old regions: 40->40
[2020-12-15T04:29:26.021-0500][gc,heap        ] GC(7687) Humongous regions: 4->4
[2020-12-15T04:29:26.021-0500][gc,metaspace   ] GC(7687) Metaspace: 48734K->48734K(1093632K)
[2020-12-15T04:29:26.021-0500][gc,heap        ] GC(7687) Heap after GC invocations=7688 (full 1583): garbage-first heap   total 63488K, used 42656K [0x0000000083000000, 0x0000000100000000)
[2020-12-15T04:29:26.021-0500][gc,heap        ] GC(7687)   region size 1024K, 1 young (1024K), 1 survivors (1024K)
[2020-12-15T04:29:26.021-0500][gc,heap        ] GC(7687)  Metaspace       used 48734K, capacity 50558K, committed 52992K, reserved 1093632K
[2020-12-15T04:29:26.021-0500][gc,heap        ] GC(7687)   class space    used 7296K, capacity 7963K, committed 8704K, reserved 1048576K
[2020-12-15T04:29:26.021-0500][gc             ] GC(7687) Pause Young (Normal) (G1 Evacuation Pause) 51M->41M(62M) 4.323ms
[2020-12-15T04:29:26.021-0500][gc,cpu         ] GC(7687) User=0.01s Sys=0.01s Real=0.01s
[2020-12-15T04:31:45.191-0500][gc,task        ] GC(7688) Using 5 workers of 8 for full compaction
[2020-12-15T04:31:45.191-0500][gc,start       ] GC(7688) Pause Full (System.gc())
[2020-12-15T04:31:45.191-0500][gc,heap        ] GC(7688) Heap before GC invocations=7688 (full 1583): garbage-first heap   total 63488K, used 49824K [0x0000000083000000, 0x0000000100000000)
[2020-12-15T04:31:45.191-0500][gc,heap        ] GC(7688)   region size 1024K, 10 young (10240K), 1 survivors (1024K)
[2020-12-15T04:31:45.191-0500][gc,heap        ] GC(7688)  Metaspace       used 48734K, capacity 50558K, committed 52992K, reserved 1093632K
[2020-12-15T04:31:45.191-0500][gc,heap        ] GC(7688)   class space    used 7296K, capacity 7963K, committed 8704K, reserved 1048576K
[2020-12-15T04:31:45.192-0500][gc,phases,start] GC(7688) Phase 1: Mark live objects
[2020-12-15T04:31:45.227-0500][gc,stringtable ] GC(7688) Cleaned string and symbol table, strings: 31802 processed, 0 removed, symbols: 119634 processed, 0 removed
[2020-12-15T04:31:45.227-0500][gc,phases      ] GC(7688) Phase 1: Mark live objects 35.689ms
[2020-12-15T04:31:45.227-0500][gc,phases,start] GC(7688) Phase 2: Prepare for compaction
[2020-12-15T04:31:45.232-0500][gc,phases      ] GC(7688) Phase 2: Prepare for compaction 4.832ms
[2020-12-15T04:31:45.232-0500][gc,phases,start] GC(7688) Phase 3: Adjust pointers
[2020-12-15T04:31:45.245-0500][gc,phases      ] GC(7688) Phase 3: Adjust pointers 12.370ms
[2020-12-15T04:31:45.245-0500][gc,phases,start] GC(7688) Phase 4: Compact heap
[2020-12-15T04:31:45.247-0500][gc,phases      ] GC(7688) Phase 4: Compact heap 2.326ms
[2020-12-15T04:31:45.253-0500][gc,heap        ] GC(7688) Eden regions: 9->0(10)
[2020-12-15T04:31:45.253-0500][gc,heap        ] GC(7688) Survivor regions: 1->0(2)
[2020-12-15T04:31:45.253-0500][gc,heap        ] GC(7688) Old regions: 40->40
[2020-12-15T04:31:45.253-0500][gc,heap        ] GC(7688) Humongous regions: 4->4
[2020-12-15T04:31:45.253-0500][gc,metaspace   ] GC(7688) Metaspace: 48734K->48734K(1093632K)
[2020-12-15T04:31:45.253-0500][gc,heap        ] GC(7688) Heap after GC invocations=7689 (full 1584): garbage-first heap   total 63488K, used 42600K [0x0000000083000000, 0x0000000100000000)
[2020-12-15T04:31:45.253-0500][gc,heap        ] GC(7688)   region size 1024K, 0 young (0K), 0 survivors (0K)
[2020-12-15T04:31:45.253-0500][gc,heap        ] GC(7688)  Metaspace       used 48734K, capacity 50558K, committed 52992K, reserved 1093632K
[2020-12-15T04:31:45.253-0500][gc,heap        ] GC(7688)   class space    used 7296K, capacity 7963K, committed 8704K, reserved 1048576K
[2020-12-15T04:31:45.253-0500][gc             ] GC(7688) Pause Full (System.gc()) 50M->41M(62M) 61.594ms
[2020-12-15T04:31:45.253-0500][gc,cpu         ] GC(7688) User=0.27s Sys=0.00s Real=0.06s
[2020-12-15T04:34:18.219-0500][gc,heap        ] GC(7689) Heap before GC invocations=7689 (full 1584): garbage-first heap   total 63488K, used 51816K [0x0000000083000000, 0x0000000100000000)
[2020-12-15T04:34:18.219-0500][gc,heap        ] GC(7689)   region size 1024K, 10 young (10240K), 0 survivors (0K)
[2020-12-15T04:34:18.219-0500][gc,heap        ] GC(7689)  Metaspace       used 48734K, capacity 50558K, committed 52992K, reserved 1093632K
[2020-12-15T04:34:18.219-0500][gc,heap        ] GC(7689)   class space    used 7296K, capacity 7963K, committed 8704K, reserved 1048576K
[2020-12-15T04:34:18.219-0500][gc,start       ] GC(7689) Pause Young (Normal) (G1 Evacuation Pause)
[2020-12-15T04:34:18.219-0500][gc,task        ] GC(7689) Using 8 workers of 8 for evacuation
[2020-12-15T04:34:18.223-0500][gc,phases      ] GC(7689)   Pre Evacuate Collection Set: 0.0ms
[2020-12-15T04:34:18.223-0500][gc,phases      ] GC(7689)   Evacuate Collection Set: 0.7ms
[2020-12-15T04:34:18.223-0500][gc,phases      ] GC(7689)   Post Evacuate Collection Set: 3.4ms
[2020-12-15T04:34:18.223-0500][gc,phases      ] GC(7689)   Other: 0.3ms
[2020-12-15T04:34:18.223-0500][gc,heap        ] GC(7689) Eden regions: 10->0(9)
[2020-12-15T04:34:18.223-0500][gc,heap        ] GC(7689) Survivor regions: 0->1(2)
[2020-12-15T04:34:18.223-0500][gc,heap        ] GC(7689) Old regions: 40->40
[2020-12-15T04:34:18.223-0500][gc,heap        ] GC(7689) Humongous regions: 4->4
[2020-12-15T04:34:18.223-0500][gc,metaspace   ] GC(7689) Metaspace: 48734K->48734K(1093632K)
[2020-12-15T04:34:18.223-0500][gc,heap        ] GC(7689) Heap after GC invocations=7690 (full 1584): garbage-first heap   total 63488K, used 42676K [0x0000000083000000, 0x0000000100000000)
[2020-12-15T04:34:18.223-0500][gc,heap        ] GC(7689)   region size 1024K, 1 young (1024K), 1 survivors (1024K)
[2020-12-15T04:34:18.223-0500][gc,heap        ] GC(7689)  Metaspace       used 48734K, capacity 50558K, committed 52992K, reserved 1093632K
[2020-12-15T04:34:18.223-0500][gc,heap        ] GC(7689)   class space    used 7296K, capacity 7963K, committed 8704K, reserved 1048576K
[2020-12-15T04:34:18.223-0500][gc             ] GC(7689) Pause Young (Normal) (G1 Evacuation Pause) 51M->41M(62M) 4.366ms
[2020-12-15T04:34:18.223-0500][gc,cpu         ] GC(7689) User=0.01s Sys=0.00s Real=0.00s
[2020-12-15T04:36:45.193-0500][gc,task        ] GC(7690) Using 5 workers of 8 for full compaction
[2020-12-15T04:36:45.193-0500][gc,start       ] GC(7690) Pause Full (System.gc())
[2020-12-15T04:36:45.193-0500][gc,heap        ] GC(7690) Heap before GC invocations=7690 (full 1584): garbage-first heap   total 63488K, used 50868K [0x0000000083000000, 0x0000000100000000)
[2020-12-15T04:36:45.193-0500][gc,heap        ] GC(7690)   region size 1024K, 10 young (10240K), 1 survivors (1024K)
[2020-12-15T04:36:45.193-0500][gc,heap        ] GC(7690)  Metaspace       used 48734K, capacity 50558K, committed 52992K, reserved 1093632K
[2020-12-15T04:36:45.193-0500][gc,heap        ] GC(7690)   class space    used 7296K, capacity 7963K, committed 8704K, reserved 1048576K
[2020-12-15T04:36:45.193-0500][gc,phases,start] GC(7690) Phase 1: Mark live objects
[2020-12-15T04:36:45.230-0500][gc,stringtable ] GC(7690) Cleaned string and symbol table, strings: 31802 processed, 0 removed, symbols: 119634 processed, 0 removed
[2020-12-15T04:36:45.230-0500][gc,phases      ] GC(7690) Phase 1: Mark live objects 36.221ms
[2020-12-15T04:36:45.230-0500][gc,phases,start] GC(7690) Phase 2: Prepare for compaction
[2020-12-15T04:36:45.235-0500][gc,phases      ] GC(7690) Phase 2: Prepare for compaction 4.802ms
[2020-12-15T04:36:45.235-0500][gc,phases,start] GC(7690) Phase 3: Adjust pointers
[2020-12-15T04:36:45.246-0500][gc,phases      ] GC(7690) Phase 3: Adjust pointers 11.871ms
[2020-12-15T04:36:45.246-0500][gc,phases,start] GC(7690) Phase 4: Compact heap
[2020-12-15T04:36:45.249-0500][gc,phases      ] GC(7690) Phase 4: Compact heap 2.595ms
[2020-12-15T04:36:45.255-0500][gc,heap        ] GC(7690) Eden regions: 9->0(10)
[2020-12-15T04:36:45.255-0500][gc,heap        ] GC(7690) Survivor regions: 1->0(2)
[2020-12-15T04:36:45.255-0500][gc,heap        ] GC(7690) Old regions: 40->40
[2020-12-15T04:36:45.255-0500][gc,heap        ] GC(7690) Humongous regions: 4->4
[2020-12-15T04:36:45.255-0500][gc,metaspace   ] GC(7690) Metaspace: 48734K->48734K(1093632K)
[2020-12-15T04:36:45.255-0500][gc,heap        ] GC(7690) Heap after GC invocations=7691 (full 1585): garbage-first heap   total 63488K, used 42587K [0x0000000083000000, 0x0000000100000000)
[2020-12-15T04:36:45.255-0500][gc,heap        ] GC(7690)   region size 1024K, 0 young (0K), 0 survivors (0K)
[2020-12-15T04:36:45.255-0500][gc,heap        ] GC(7690)  Metaspace       used 48734K, capacity 50558K, committed 52992K, reserved 1093632K
[2020-12-15T04:36:45.255-0500][gc,heap        ] GC(7690)   class space    used 7296K, capacity 7963K, committed 8704K, reserved 1048576K
[2020-12-15T04:36:45.255-0500][gc             ] GC(7690) Pause Full (System.gc()) 50M->41M(62M) 61.856ms
[2020-12-15T04:36:45.255-0500][gc,cpu         ] GC(7690) User=0.27s Sys=0.00s Real=0.06s
[2020-12-15T04:39:21.666-0500][gc,heap        ] GC(7691) Heap before GC invocations=7691 (full 1585): garbage-first heap   total 63488K, used 51803K [0x0000000083000000, 0x0000000100000000)
[2020-12-15T04:39:21.666-0500][gc,heap        ] GC(7691)   region size 1024K, 10 young (10240K), 0 survivors (0K)
[2020-12-15T04:39:21.666-0500][gc,heap        ] GC(7691)  Metaspace       used 48734K, capacity 50558K, committed 52992K, reserved 1093632K
[2020-12-15T04:39:21.667-0500][gc,heap        ] GC(7691)   class space    used 7296K, capacity 7963K, committed 8704K, reserved 1048576K
[2020-12-15T04:39:21.667-0500][gc,start       ] GC(7691) Pause Young (Normal) (G1 Evacuation Pause)
[2020-12-15T04:39:21.667-0500][gc,task        ] GC(7691) Using 8 workers of 8 for evacuation
[2020-12-15T04:39:21.671-0500][gc,phases      ] GC(7691)   Pre Evacuate Collection Set: 0.0ms
[2020-12-15T04:39:21.672-0500][gc,phases      ] GC(7691)   Evacuate Collection Set: 1.4ms
[2020-12-15T04:39:21.672-0500][gc,phases      ] GC(7691)   Post Evacuate Collection Set: 3.4ms
[2020-12-15T04:39:21.672-0500][gc,phases      ] GC(7691)   Other: 0.4ms
[2020-12-15T04:39:21.672-0500][gc,heap        ] GC(7691) Eden regions: 10->0(9)
[2020-12-15T04:39:21.672-0500][gc,heap        ] GC(7691) Survivor regions: 0->1(2)
[2020-12-15T04:39:21.672-0500][gc,heap        ] GC(7691) Old regions: 40->40
[2020-12-15T04:39:21.672-0500][gc,heap        ] GC(7691) Humongous regions: 4->4
[2020-12-15T04:39:21.672-0500][gc,metaspace   ] GC(7691) Metaspace: 48734K->48734K(1093632K)
[2020-12-15T04:39:21.672-0500][gc,heap        ] GC(7691) Heap after GC invocations=7692 (full 1585): garbage-first heap   total 63488K, used 42657K [0x0000000083000000, 0x0000000100000000)
[2020-12-15T04:39:21.672-0500][gc,heap        ] GC(7691)   region size 1024K, 1 young (1024K), 1 survivors (1024K)
[2020-12-15T04:39:21.672-0500][gc,heap        ] GC(7691)  Metaspace       used 48734K, capacity 50558K, committed 52992K, reserved 1093632K
[2020-12-15T04:39:21.672-0500][gc,heap        ] GC(7691)   class space    used 7296K, capacity 7963K, committed 8704K, reserved 1048576K
[2020-12-15T04:39:21.672-0500][gc             ] GC(7691) Pause Young (Normal) (G1 Evacuation Pause) 51M->41M(62M) 5.333ms
[2020-12-15T04:39:21.672-0500][gc,cpu         ] GC(7691) User=0.01s Sys=0.01s Real=0.01s
[2020-12-15T04:41:45.189-0500][gc,task        ] GC(7692) Using 5 workers of 8 for full compaction
[2020-12-15T04:41:45.189-0500][gc,start       ] GC(7692) Pause Full (System.gc())
[2020-12-15T04:41:45.189-0500][gc,heap        ] GC(7692) Heap before GC invocations=7692 (full 1585): garbage-first heap   total 63488K, used 50849K [0x0000000083000000, 0x0000000100000000)
[2020-12-15T04:41:45.189-0500][gc,heap        ] GC(7692)   region size 1024K, 10 young (10240K), 1 survivors (1024K)
[2020-12-15T04:41:45.189-0500][gc,heap        ] GC(7692)  Metaspace       used 48734K, capacity 50558K, committed 52992K, reserved 1093632K
[2020-12-15T04:41:45.189-0500][gc,heap        ] GC(7692)   class space    used 7296K, capacity 7963K, committed 8704K, reserved 1048576K
[2020-12-15T04:41:45.189-0500][gc,phases,start] GC(7692) Phase 1: Mark live objects
[2020-12-15T04:41:45.211-0500][gc,stringtable ] GC(7692) Cleaned string and symbol table, strings: 31802 processed, 0 removed, symbols: 119634 processed, 0 removed
[2020-12-15T04:41:45.211-0500][gc,phases      ] GC(7692) Phase 1: Mark live objects 21.603ms
[2020-12-15T04:41:45.211-0500][gc,phases,start] GC(7692) Phase 2: Prepare for compaction
[2020-12-15T04:41:45.215-0500][gc,phases      ] GC(7692) Phase 2: Prepare for compaction 3.682ms
[2020-12-15T04:41:45.215-0500][gc,phases,start] GC(7692) Phase 3: Adjust pointers
[2020-12-15T04:41:45.226-0500][gc,phases      ] GC(7692) Phase 3: Adjust pointers 11.913ms
[2020-12-15T04:41:45.227-0500][gc,phases,start] GC(7692) Phase 4: Compact heap
[2020-12-15T04:41:45.229-0500][gc,phases      ] GC(7692) Phase 4: Compact heap 2.691ms
[2020-12-15T04:41:45.235-0500][gc,heap        ] GC(7692) Eden regions: 9->0(10)
[2020-12-15T04:41:45.235-0500][gc,heap        ] GC(7692) Survivor regions: 1->0(2)
[2020-12-15T04:41:45.235-0500][gc,heap        ] GC(7692) Old regions: 40->40
[2020-12-15T04:41:45.235-0500][gc,heap        ] GC(7692) Humongous regions: 4->4
[2020-12-15T04:41:45.235-0500][gc,metaspace   ] GC(7692) Metaspace: 48734K->48734K(1093632K)
[2020-12-15T04:41:45.235-0500][gc,heap        ] GC(7692) Heap after GC invocations=7693 (full 1586): garbage-first heap   total 63488K, used 42598K [0x0000000083000000, 0x0000000100000000)
[2020-12-15T04:41:45.235-0500][gc,heap        ] GC(7692)   region size 1024K, 0 young (0K), 0 survivors (0K)
[2020-12-15T04:41:45.235-0500][gc,heap        ] GC(7692)  Metaspace       used 48734K, capacity 50558K, committed 52992K, reserved 1093632K
[2020-12-15T04:41:45.235-0500][gc,heap        ] GC(7692)   class space    used 7296K, capacity 7963K, committed 8704K, reserved 1048576K
[2020-12-15T04:41:45.235-0500][gc             ] GC(7692) Pause Full (System.gc()) 50M->41M(62M) 45.731ms
[2020-12-15T04:41:45.235-0500][gc,cpu         ] GC(7692) User=0.19s Sys=0.00s Real=0.04s
[2020-12-15T04:44:26.013-0500][gc,heap        ] GC(7693) Heap before GC invocations=7693 (full 1586): garbage-first heap   total 63488K, used 51814K [0x0000000083000000, 0x0000000100000000)
[2020-12-15T04:44:26.013-0500][gc,heap        ] GC(7693)   region size 1024K, 10 young (10240K), 0 survivors (0K)
[2020-12-15T04:44:26.013-0500][gc,heap        ] GC(7693)  Metaspace       used 48734K, capacity 50558K, committed 52992K, reserved 1093632K
[2020-12-15T04:44:26.013-0500][gc,heap        ] GC(7693)   class space    used 7296K, capacity 7963K, committed 8704K, reserved 1048576K
[2020-12-15T04:44:26.013-0500][gc,start       ] GC(7693) Pause Young (Normal) (G1 Evacuation Pause)
[2020-12-15T04:44:26.013-0500][gc,task        ] GC(7693) Using 8 workers of 8 for evacuation
[2020-12-15T04:44:26.017-0500][gc,phases      ] GC(7693)   Pre Evacuate Collection Set: 0.0ms
[2020-12-15T04:44:26.017-0500][gc,phases      ] GC(7693)   Evacuate Collection Set: 1.2ms
[2020-12-15T04:44:26.017-0500][gc,phases      ] GC(7693)   Post Evacuate Collection Set: 2.5ms
[2020-12-15T04:44:26.017-0500][gc,phases      ] GC(7693)   Other: 0.6ms
[2020-12-15T04:44:26.017-0500][gc,heap        ] GC(7693) Eden regions: 10->0(9)
[2020-12-15T04:44:26.017-0500][gc,heap        ] GC(7693) Survivor regions: 0->1(2)
[2020-12-15T04:44:26.017-0500][gc,heap        ] GC(7693) Old regions: 40->40
[2020-12-15T04:44:26.017-0500][gc,heap        ] GC(7693) Humongous regions: 4->4
[2020-12-15T04:44:26.017-0500][gc,metaspace   ] GC(7693) Metaspace: 48734K->48734K(1093632K)
[2020-12-15T04:44:26.017-0500][gc,heap        ] GC(7693) Heap after GC invocations=7694 (full 1586): garbage-first heap   total 63488K, used 42665K [0x0000000083000000, 0x0000000100000000)
[2020-12-15T04:44:26.017-0500][gc,heap        ] GC(7693)   region size 1024K, 1 young (1024K), 1 survivors (1024K)
[2020-12-15T04:44:26.017-0500][gc,heap        ] GC(7693)  Metaspace       used 48734K, capacity 50558K, committed 52992K, reserved 1093632K
[2020-12-15T04:44:26.018-0500][gc,heap        ] GC(7693)   class space    used 7296K, capacity 7963K, committed 8704K, reserved 1048576K
[2020-12-15T04:44:26.018-0500][gc             ] GC(7693) Pause Young (Normal) (G1 Evacuation Pause) 51M->41M(62M) 4.499ms
[2020-12-15T04:44:26.018-0500][gc,cpu         ] GC(7693) User=0.01s Sys=0.01s Real=0.00s
[2020-12-15T04:46:45.189-0500][gc,task        ] GC(7694) Using 5 workers of 8 for full compaction
[2020-12-15T04:46:45.189-0500][gc,start       ] GC(7694) Pause Full (System.gc())
[2020-12-15T04:46:45.189-0500][gc,heap        ] GC(7694) Heap before GC invocations=7694 (full 1586): garbage-first heap   total 63488K, used 50857K [0x0000000083000000, 0x0000000100000000)
[2020-12-15T04:46:45.189-0500][gc,heap        ] GC(7694)   region size 1024K, 10 young (10240K), 1 survivors (1024K)
[2020-12-15T04:46:45.189-0500][gc,heap        ] GC(7694)  Metaspace       used 48734K, capacity 50558K, committed 52992K, reserved 1093632K
[2020-12-15T04:46:45.189-0500][gc,heap        ] GC(7694)   class space    used 7296K, capacity 7963K, committed 8704K, reserved 1048576K
[2020-12-15T04:46:45.190-0500][gc,phases,start] GC(7694) Phase 1: Mark live objects
[2020-12-15T04:46:45.227-0500][gc,stringtable ] GC(7694) Cleaned string and symbol table, strings: 31802 processed, 0 removed, symbols: 119634 processed, 0 removed
[2020-12-15T04:46:45.227-0500][gc,phases      ] GC(7694) Phase 1: Mark live objects 37.719ms
[2020-12-15T04:46:45.227-0500][gc,phases,start] GC(7694) Phase 2: Prepare for compaction
[2020-12-15T04:46:45.230-0500][gc,phases      ] GC(7694) Phase 2: Prepare for compaction 2.952ms
[2020-12-15T04:46:45.231-0500][gc,phases,start] GC(7694) Phase 3: Adjust pointers
[2020-12-15T04:46:45.240-0500][gc,phases      ] GC(7694) Phase 3: Adjust pointers 9.187ms
[2020-12-15T04:46:45.240-0500][gc,phases,start] GC(7694) Phase 4: Compact heap
[2020-12-15T04:46:45.242-0500][gc,phases      ] GC(7694) Phase 4: Compact heap 2.612ms
[2020-12-15T04:46:45.248-0500][gc,heap        ] GC(7694) Eden regions: 9->0(10)
[2020-12-15T04:46:45.248-0500][gc,heap        ] GC(7694) Survivor regions: 1->0(2)
[2020-12-15T04:46:45.248-0500][gc,heap        ] GC(7694) Old regions: 40->40
[2020-12-15T04:46:45.248-0500][gc,heap        ] GC(7694) Humongous regions: 4->4
[2020-12-15T04:46:45.248-0500][gc,metaspace   ] GC(7694) Metaspace: 48734K->48734K(1093632K)
[2020-12-15T04:46:45.248-0500][gc,heap        ] GC(7694) Heap after GC invocations=7695 (full 1587): garbage-first heap   total 63488K, used 42584K [0x0000000083000000, 0x0000000100000000)
[2020-12-15T04:46:45.248-0500][gc,heap        ] GC(7694)   region size 1024K, 0 young (0K), 0 survivors (0K)
[2020-12-15T04:46:45.248-0500][gc,heap        ] GC(7694)  Metaspace       used 48734K, capacity 50558K, committed 52992K, reserved 1093632K
[2020-12-15T04:46:45.248-0500][gc,heap        ] GC(7694)   class space    used 7296K, capacity 7963K, committed 8704K, reserved 1048576K
[2020-12-15T04:46:45.248-0500][gc             ] GC(7694) Pause Full (System.gc()) 49M->41M(62M) 58.720ms
[2020-12-15T04:46:45.248-0500][gc,cpu         ] GC(7694) User=0.20s Sys=0.05s Real=0.06s
[2020-12-15T04:49:16.018-0500][gc,heap        ] GC(7695) Heap before GC invocations=7695 (full 1587): garbage-first heap   total 63488K, used 52824K [0x0000000083000000, 0x0000000100000000)
[2020-12-15T04:49:16.018-0500][gc,heap        ] GC(7695)   region size 1024K, 10 young (10240K), 0 survivors (0K)
[2020-12-15T04:49:16.018-0500][gc,heap        ] GC(7695)  Metaspace       used 48734K, capacity 50558K, committed 52992K, reserved 1093632K
[2020-12-15T04:49:16.018-0500][gc,heap        ] GC(7695)   class space    used 7296K, capacity 7963K, committed 8704K, reserved 1048576K
[2020-12-15T04:49:16.018-0500][gc,start       ] GC(7695) Pause Young (Normal) (G1 Evacuation Pause)
[2020-12-15T04:49:16.018-0500][gc,task        ] GC(7695) Using 8 workers of 8 for evacuation
[2020-12-15T04:49:16.021-0500][gc,phases      ] GC(7695)   Pre Evacuate Collection Set: 0.0ms
[2020-12-15T04:49:16.021-0500][gc,phases      ] GC(7695)   Evacuate Collection Set: 1.0ms
[2020-12-15T04:49:16.021-0500][gc,phases      ] GC(7695)   Post Evacuate Collection Set: 1.9ms
[2020-12-15T04:49:16.021-0500][gc,phases      ] GC(7695)   Other: 0.3ms
[2020-12-15T04:49:16.021-0500][gc,heap        ] GC(7695) Eden regions: 10->0(9)
[2020-12-15T04:49:16.021-0500][gc,heap        ] GC(7695) Survivor regions: 0->1(2)
[2020-12-15T04:49:16.021-0500][gc,heap        ] GC(7695) Old regions: 40->40
[2020-12-15T04:49:16.021-0500][gc,heap        ] GC(7695) Humongous regions: 4->4
[2020-12-15T04:49:16.021-0500][gc,metaspace   ] GC(7695) Metaspace: 48734K->48734K(1093632K)
[2020-12-15T04:49:16.021-0500][gc,heap        ] GC(7695) Heap after GC invocations=7696 (full 1587): garbage-first heap   total 63488K, used 42665K [0x0000000083000000, 0x0000000100000000)
[2020-12-15T04:49:16.021-0500][gc,heap        ] GC(7695)   region size 1024K, 1 young (1024K), 1 survivors (1024K)
[2020-12-15T04:49:16.021-0500][gc,heap        ] GC(7695)  Metaspace       used 48734K, capacity 50558K, committed 52992K, reserved 1093632K
[2020-12-15T04:49:16.021-0500][gc,heap        ] GC(7695)   class space    used 7296K, capacity 7963K, committed 8704K, reserved 1048576K
[2020-12-15T04:49:16.021-0500][gc             ] GC(7695) Pause Young (Normal) (G1 Evacuation Pause) 51M->41M(62M) 3.245ms
[2020-12-15T04:49:16.021-0500][gc,cpu         ] GC(7695) User=0.00s Sys=0.01s Real=0.00s
[2020-12-15T04:51:45.191-0500][gc,task        ] GC(7696) Using 5 workers of 8 for full compaction
[2020-12-15T04:51:45.191-0500][gc,start       ] GC(7696) Pause Full (System.gc())
[2020-12-15T04:51:45.191-0500][gc,heap        ] GC(7696) Heap before GC invocations=7696 (full 1587): garbage-first heap   total 63488K, used 49833K [0x0000000083000000, 0x0000000100000000)
[2020-12-15T04:51:45.191-0500][gc,heap        ] GC(7696)   region size 1024K, 10 young (10240K), 1 survivors (1024K)
[2020-12-15T04:51:45.191-0500][gc,heap        ] GC(7696)  Metaspace       used 48734K, capacity 50558K, committed 52992K, reserved 1093632K
[2020-12-15T04:51:45.191-0500][gc,heap        ] GC(7696)   class space    used 7296K, capacity 7963K, committed 8704K, reserved 1048576K
[2020-12-15T04:51:45.192-0500][gc,phases,start] GC(7696) Phase 1: Mark live objects
[2020-12-15T04:51:45.229-0500][gc,stringtable ] GC(7696) Cleaned string and symbol table, strings: 31802 processed, 0 removed, symbols: 119634 processed, 0 removed
[2020-12-15T04:51:45.230-0500][gc,phases      ] GC(7696) Phase 1: Mark live objects 37.745ms
[2020-12-15T04:51:45.230-0500][gc,phases,start] GC(7696) Phase 2: Prepare for compaction
[2020-12-15T04:51:45.233-0500][gc,phases      ] GC(7696) Phase 2: Prepare for compaction 3.281ms
[2020-12-15T04:51:45.233-0500][gc,phases,start] GC(7696) Phase 3: Adjust pointers
[2020-12-15T04:51:45.243-0500][gc,phases      ] GC(7696) Phase 3: Adjust pointers 9.800ms
[2020-12-15T04:51:45.243-0500][gc,phases,start] GC(7696) Phase 4: Compact heap
[2020-12-15T04:51:45.245-0500][gc,phases      ] GC(7696) Phase 4: Compact heap 2.570ms
[2020-12-15T04:51:45.251-0500][gc,heap        ] GC(7696) Eden regions: 9->0(9)
[2020-12-15T04:51:45.251-0500][gc,heap        ] GC(7696) Survivor regions: 1->0(2)
[2020-12-15T04:51:45.251-0500][gc,heap        ] GC(7696) Old regions: 40->41
[2020-12-15T04:51:45.251-0500][gc,heap        ] GC(7696) Humongous regions: 4->4
[2020-12-15T04:51:45.251-0500][gc,metaspace   ] GC(7696) Metaspace: 48734K->48734K(1093632K)
[2020-12-15T04:51:45.251-0500][gc,heap        ] GC(7696) Heap after GC invocations=7697 (full 1588): garbage-first heap   total 63488K, used 42597K [0x0000000083000000, 0x0000000100000000)
[2020-12-15T04:51:45.251-0500][gc,heap        ] GC(7696)   region size 1024K, 0 young (0K), 0 survivors (0K)
[2020-12-15T04:51:45.251-0500][gc,heap        ] GC(7696)  Metaspace       used 48734K, capacity 50558K, committed 52992K, reserved 1093632K
[2020-12-15T04:51:45.251-0500][gc,heap        ] GC(7696)   class space    used 7296K, capacity 7963K, committed 8704K, reserved 1048576K
[2020-12-15T04:51:45.251-0500][gc             ] GC(7696) Pause Full (System.gc()) 50M->41M(62M) 59.949ms
[2020-12-15T04:51:45.251-0500][gc,cpu         ] GC(7696) User=0.26s Sys=0.00s Real=0.06s
[2020-12-15T04:54:06.019-0500][gc,heap        ] GC(7697) Heap before GC invocations=7697 (full 1588): garbage-first heap   total 63488K, used 51813K [0x0000000083000000, 0x0000000100000000)
[2020-12-15T04:54:06.019-0500][gc,heap        ] GC(7697)   region size 1024K, 9 young (9216K), 0 survivors (0K)
[2020-12-15T04:54:06.019-0500][gc,heap        ] GC(7697)  Metaspace       used 48734K, capacity 50558K, committed 52992K, reserved 1093632K
[2020-12-15T04:54:06.019-0500][gc,heap        ] GC(7697)   class space    used 7296K, capacity 7963K, committed 8704K, reserved 1048576K
[2020-12-15T04:54:06.019-0500][gc,start       ] GC(7697) Pause Young (Normal) (G1 Evacuation Pause)
[2020-12-15T04:54:06.019-0500][gc,task        ] GC(7697) Using 8 workers of 8 for evacuation
[2020-12-15T04:54:06.023-0500][gc,phases      ] GC(7697)   Pre Evacuate Collection Set: 0.0ms
[2020-12-15T04:54:06.023-0500][gc,phases      ] GC(7697)   Evacuate Collection Set: 1.3ms
[2020-12-15T04:54:06.023-0500][gc,phases      ] GC(7697)   Post Evacuate Collection Set: 2.2ms
[2020-12-15T04:54:06.023-0500][gc,phases      ] GC(7697)   Other: 0.6ms
[2020-12-15T04:54:06.023-0500][gc,heap        ] GC(7697) Eden regions: 9->0(8)
[2020-12-15T04:54:06.023-0500][gc,heap        ] GC(7697) Survivor regions: 0->1(2)
[2020-12-15T04:54:06.023-0500][gc,heap        ] GC(7697) Old regions: 41->41
[2020-12-15T04:54:06.023-0500][gc,heap        ] GC(7697) Humongous regions: 4->4
[2020-12-15T04:54:06.023-0500][gc,metaspace   ] GC(7697) Metaspace: 48734K->48734K(1093632K)
[2020-12-15T04:54:06.023-0500][gc,heap        ] GC(7697) Heap after GC invocations=7698 (full 1588): garbage-first heap   total 63488K, used 42676K [0x0000000083000000, 0x0000000100000000)
[2020-12-15T04:54:06.023-0500][gc,heap        ] GC(7697)   region size 1024K, 1 young (1024K), 1 survivors (1024K)
[2020-12-15T04:54:06.023-0500][gc,heap        ] GC(7697)  Metaspace       used 48734K, capacity 50558K, committed 52992K, reserved 1093632K
[2020-12-15T04:54:06.023-0500][gc,heap        ] GC(7697)   class space    used 7296K, capacity 7963K, committed 8704K, reserved 1048576K
[2020-12-15T04:54:06.023-0500][gc             ] GC(7697) Pause Young (Normal) (G1 Evacuation Pause) 50M->41M(62M) 4.239ms
[2020-12-15T04:54:06.024-0500][gc,cpu         ] GC(7697) User=0.00s Sys=0.01s Real=0.00s
[2020-12-15T04:56:17.043-0500][gc,heap        ] GC(7698) Heap before GC invocations=7698 (full 1588): garbage-first heap   total 63488K, used 49844K [0x0000000083000000, 0x0000000100000000)
[2020-12-15T04:56:17.044-0500][gc,heap        ] GC(7698)   region size 1024K, 9 young (9216K), 1 survivors (1024K)
[2020-12-15T04:56:17.044-0500][gc,heap        ] GC(7698)  Metaspace       used 48734K, capacity 50558K, committed 52992K, reserved 1093632K
[2020-12-15T04:56:17.044-0500][gc,heap        ] GC(7698)   class space    used 7296K, capacity 7963K, committed 8704K, reserved 1048576K
[2020-12-15T04:56:17.044-0500][gc,start       ] GC(7698) Pause Young (Normal) (G1 Evacuation Pause)
[2020-12-15T04:56:17.044-0500][gc,task        ] GC(7698) Using 8 workers of 8 for evacuation
[2020-12-15T04:56:17.048-0500][gc,phases      ] GC(7698)   Pre Evacuate Collection Set: 0.0ms
[2020-12-15T04:56:17.048-0500][gc,phases      ] GC(7698)   Evacuate Collection Set: 1.3ms
[2020-12-15T04:56:17.048-0500][gc,phases      ] GC(7698)   Post Evacuate Collection Set: 3.2ms
[2020-12-15T04:56:17.048-0500][gc,phases      ] GC(7698)   Other: 0.4ms
[2020-12-15T04:56:17.048-0500][gc,heap        ] GC(7698) Eden regions: 8->0(8)
[2020-12-15T04:56:17.049-0500][gc,heap        ] GC(7698) Survivor regions: 1->1(2)
[2020-12-15T04:56:17.049-0500][gc,heap        ] GC(7698) Old regions: 41->41
[2020-12-15T04:56:17.049-0500][gc,heap        ] GC(7698) Humongous regions: 4->4
[2020-12-15T04:56:17.049-0500][gc,metaspace   ] GC(7698) Metaspace: 48734K->48734K(1093632K)
[2020-12-15T04:56:17.049-0500][gc,heap        ] GC(7698) Heap after GC invocations=7699 (full 1588): garbage-first heap   total 63488K, used 42646K [0x0000000083000000, 0x0000000100000000)
[2020-12-15T04:56:17.049-0500][gc,heap        ] GC(7698)   region size 1024K, 1 young (1024K), 1 survivors (1024K)
[2020-12-15T04:56:17.049-0500][gc,heap        ] GC(7698)  Metaspace       used 48734K, capacity 50558K, committed 52992K, reserved 1093632K
[2020-12-15T04:56:17.049-0500][gc,heap        ] GC(7698)   class space    used 7296K, capacity 7963K, committed 8704K, reserved 1048576K
[2020-12-15T04:56:17.049-0500][gc             ] GC(7698) Pause Young (Normal) (G1 Evacuation Pause) 49M->41M(62M) 5.047ms
[2020-12-15T04:56:17.049-0500][gc,cpu         ] GC(7698) User=0.01s Sys=0.01s Real=0.01s
[2020-12-15T04:56:45.192-0500][gc,task        ] GC(7699) Using 5 workers of 8 for full compaction
[2020-12-15T04:56:45.192-0500][gc,start       ] GC(7699) Pause Full (System.gc())
[2020-12-15T04:56:45.192-0500][gc,heap        ] GC(7699) Heap before GC invocations=7699 (full 1588): garbage-first heap   total 63488K, used 43670K [0x0000000083000000, 0x0000000100000000)
[2020-12-15T04:56:45.192-0500][gc,heap        ] GC(7699)   region size 1024K, 3 young (3072K), 1 survivors (1024K)
[2020-12-15T04:56:45.192-0500][gc,heap        ] GC(7699)  Metaspace       used 48734K, capacity 50558K, committed 52992K, reserved 1093632K
[2020-12-15T04:56:45.192-0500][gc,heap        ] GC(7699)   class space    used 7296K, capacity 7963K, committed 8704K, reserved 1048576K
[2020-12-15T04:56:45.192-0500][gc,phases,start] GC(7699) Phase 1: Mark live objects
[2020-12-15T04:56:45.229-0500][gc,stringtable ] GC(7699) Cleaned string and symbol table, strings: 31802 processed, 0 removed, symbols: 119634 processed, 0 removed
[2020-12-15T04:56:45.229-0500][gc,phases      ] GC(7699) Phase 1: Mark live objects 36.514ms
[2020-12-15T04:56:45.229-0500][gc,phases,start] GC(7699) Phase 2: Prepare for compaction
[2020-12-15T04:56:45.232-0500][gc,phases      ] GC(7699) Phase 2: Prepare for compaction 3.468ms
[2020-12-15T04:56:45.232-0500][gc,phases,start] GC(7699) Phase 3: Adjust pointers
[2020-12-15T04:56:45.243-0500][gc,phases      ] GC(7699) Phase 3: Adjust pointers 10.445ms
[2020-12-15T04:56:45.243-0500][gc,phases,start] GC(7699) Phase 4: Compact heap
[2020-12-15T04:56:45.245-0500][gc,phases      ] GC(7699) Phase 4: Compact heap 2.342ms
[2020-12-15T04:56:45.251-0500][gc,heap        ] GC(7699) Eden regions: 2->0(10)
[2020-12-15T04:56:45.251-0500][gc,heap        ] GC(7699) Survivor regions: 1->0(2)
[2020-12-15T04:56:45.251-0500][gc,heap        ] GC(7699) Old regions: 41->40
[2020-12-15T04:56:45.251-0500][gc,heap        ] GC(7699) Humongous regions: 4->4
[2020-12-15T04:56:45.251-0500][gc,metaspace   ] GC(7699) Metaspace: 48734K->48734K(1093632K)
[2020-12-15T04:56:45.251-0500][gc,heap        ] GC(7699) Heap after GC invocations=7700 (full 1589): garbage-first heap   total 63488K, used 42552K [0x0000000083000000, 0x0000000100000000)
[2020-12-15T04:56:45.251-0500][gc,heap        ] GC(7699)   region size 1024K, 0 young (0K), 0 survivors (0K)
[2020-12-15T04:56:45.251-0500][gc,heap        ] GC(7699)  Metaspace       used 48734K, capacity 50558K, committed 52992K, reserved 1093632K
[2020-12-15T04:56:45.251-0500][gc,heap        ] GC(7699)   class space    used 7296K, capacity 7963K, committed 8704K, reserved 1048576K
[2020-12-15T04:56:45.251-0500][gc             ] GC(7699) Pause Full (System.gc()) 43M->41M(62M) 58.977ms
[2020-12-15T04:56:45.251-0500][gc,cpu         ] GC(7699) User=0.20s Sys=0.05s Real=0.06s
[2020-12-15T04:59:20.018-0500][gc,heap        ] GC(7700) Heap before GC invocations=7700 (full 1589): garbage-first heap   total 63488K, used 51768K [0x0000000083000000, 0x0000000100000000)
[2020-12-15T04:59:20.018-0500][gc,heap        ] GC(7700)   region size 1024K, 10 young (10240K), 0 survivors (0K)
[2020-12-15T04:59:20.018-0500][gc,heap        ] GC(7700)  Metaspace       used 48734K, capacity 50558K, committed 52992K, reserved 1093632K
[2020-12-15T04:59:20.018-0500][gc,heap        ] GC(7700)   class space    used 7296K, capacity 7963K, committed 8704K, reserved 1048576K
[2020-12-15T04:59:20.019-0500][gc,start       ] GC(7700) Pause Young (Normal) (G1 Evacuation Pause)
[2020-12-15T04:59:20.019-0500][gc,task        ] GC(7700) Using 8 workers of 8 for evacuation
[2020-12-15T04:59:20.022-0500][gc,phases      ] GC(7700)   Pre Evacuate Collection Set: 0.0ms
[2020-12-15T04:59:20.022-0500][gc,phases      ] GC(7700)   Evacuate Collection Set: 1.1ms
[2020-12-15T04:59:20.023-0500][gc,phases      ] GC(7700)   Post Evacuate Collection Set: 2.5ms
[2020-12-15T04:59:20.023-0500][gc,phases      ] GC(7700)   Other: 0.5ms
[2020-12-15T04:59:20.023-0500][gc,heap        ] GC(7700) Eden regions: 10->0(9)
[2020-12-15T04:59:20.023-0500][gc,heap        ] GC(7700) Survivor regions: 0->1(2)
[2020-12-15T04:59:20.023-0500][gc,heap        ] GC(7700) Old regions: 40->40
[2020-12-15T04:59:20.023-0500][gc,heap        ] GC(7700) Humongous regions: 4->4
[2020-12-15T04:59:20.023-0500][gc,metaspace   ] GC(7700) Metaspace: 48734K->48734K(1093632K)
[2020-12-15T04:59:20.023-0500][gc,heap        ] GC(7700) Heap after GC invocations=7701 (full 1589): garbage-first heap   total 63488K, used 42633K [0x0000000083000000, 0x0000000100000000)
[2020-12-15T04:59:20.023-0500][gc,heap        ] GC(7700)   region size 1024K, 1 young (1024K), 1 survivors (1024K)
[2020-12-15T04:59:20.023-0500][gc,heap        ] GC(7700)  Metaspace       used 48734K, capacity 50558K, committed 52992K, reserved 1093632K
[2020-12-15T04:59:20.023-0500][gc,heap        ] GC(7700)   class space    used 7296K, capacity 7963K, committed 8704K, reserved 1048576K
[2020-12-15T04:59:20.023-0500][gc             ] GC(7700) Pause Young (Normal) (G1 Evacuation Pause) 51M->41M(62M) 4.230ms
[2020-12-15T04:59:20.023-0500][gc,cpu         ] GC(7700) User=0.01s Sys=0.01s Real=0.00s
[2020-12-15T05:01:45.189-0500][gc,task        ] GC(7701) Using 5 workers of 8 for full compaction
[2020-12-15T05:01:45.189-0500][gc,start       ] GC(7701) Pause Full (System.gc())
[2020-12-15T05:01:45.189-0500][gc,heap        ] GC(7701) Heap before GC invocations=7701 (full 1589): garbage-first heap   total 63488K, used 50825K [0x0000000083000000, 0x0000000100000000)
[2020-12-15T05:01:45.189-0500][gc,heap        ] GC(7701)   region size 1024K, 10 young (10240K), 1 survivors (1024K)
[2020-12-15T05:01:45.189-0500][gc,heap        ] GC(7701)  Metaspace       used 48734K, capacity 50558K, committed 52992K, reserved 1093632K
[2020-12-15T05:01:45.189-0500][gc,heap        ] GC(7701)   class space    used 7296K, capacity 7963K, committed 8704K, reserved 1048576K
[2020-12-15T05:01:45.190-0500][gc,phases,start] GC(7701) Phase 1: Mark live objects
[2020-12-15T05:01:45.231-0500][gc,stringtable ] GC(7701) Cleaned string and symbol table, strings: 31802 processed, 0 removed, symbols: 119634 processed, 0 removed
[2020-12-15T05:01:45.231-0500][gc,phases      ] GC(7701) Phase 1: Mark live objects 41.042ms
[2020-12-15T05:01:45.231-0500][gc,phases,start] GC(7701) Phase 2: Prepare for compaction
[2020-12-15T05:01:45.234-0500][gc,phases      ] GC(7701) Phase 2: Prepare for compaction 3.142ms
[2020-12-15T05:01:45.234-0500][gc,phases,start] GC(7701) Phase 3: Adjust pointers
[2020-12-15T05:01:45.244-0500][gc,phases      ] GC(7701) Phase 3: Adjust pointers 9.666ms
[2020-12-15T05:01:45.244-0500][gc,phases,start] GC(7701) Phase 4: Compact heap
[2020-12-15T05:01:45.246-0500][gc,phases      ] GC(7701) Phase 4: Compact heap 2.535ms
[2020-12-15T05:01:45.252-0500][gc,heap        ] GC(7701) Eden regions: 9->0(8)
[2020-12-15T05:01:45.252-0500][gc,heap        ] GC(7701) Survivor regions: 1->0(2)
[2020-12-15T05:01:45.252-0500][gc,heap        ] GC(7701) Old regions: 40->42
[2020-12-15T05:01:45.252-0500][gc,heap        ] GC(7701) Humongous regions: 4->4
[2020-12-15T05:01:45.252-0500][gc,metaspace   ] GC(7701) Metaspace: 48734K->48734K(1093632K)
[2020-12-15T05:01:45.252-0500][gc,heap        ] GC(7701) Heap after GC invocations=7702 (full 1590): garbage-first heap   total 63488K, used 42590K [0x0000000083000000, 0x0000000100000000)
[2020-12-15T05:01:45.252-0500][gc,heap        ] GC(7701)   region size 1024K, 0 young (0K), 0 survivors (0K)
[2020-12-15T05:01:45.252-0500][gc,heap        ] GC(7701)  Metaspace       used 48734K, capacity 50558K, committed 52992K, reserved 1093632K
[2020-12-15T05:01:45.252-0500][gc,heap        ] GC(7701)   class space    used 7296K, capacity 7963K, committed 8704K, reserved 1048576K
[2020-12-15T05:01:45.252-0500][gc             ] GC(7701) Pause Full (System.gc()) 50M->41M(62M) 62.539ms
[2020-12-15T05:01:45.252-0500][gc,cpu         ] GC(7701) User=0.26s Sys=0.00s Real=0.06s
[2020-12-15T05:03:46.012-0500][gc,heap        ] GC(7702) Heap before GC invocations=7702 (full 1590): garbage-first heap   total 63488K, used 49758K [0x0000000083000000, 0x0000000100000000)
[2020-12-15T05:03:46.012-0500][gc,heap        ] GC(7702)   region size 1024K, 8 young (8192K), 0 survivors (0K)
[2020-12-15T05:03:46.012-0500][gc,heap        ] GC(7702)  Metaspace       used 48734K, capacity 50558K, committed 52992K, reserved 1093632K
[2020-12-15T05:03:46.012-0500][gc,heap        ] GC(7702)   class space    used 7296K, capacity 7963K, committed 8704K, reserved 1048576K
[2020-12-15T05:03:46.012-0500][gc,start       ] GC(7702) Pause Young (Normal) (G1 Evacuation Pause)
[2020-12-15T05:03:46.012-0500][gc,task        ] GC(7702) Using 8 workers of 8 for evacuation
[2020-12-15T05:03:46.017-0500][gc,phases      ] GC(7702)   Pre Evacuate Collection Set: 0.0ms
[2020-12-15T05:03:46.017-0500][gc,phases      ] GC(7702)   Evacuate Collection Set: 1.3ms
[2020-12-15T05:03:46.017-0500][gc,phases      ] GC(7702)   Post Evacuate Collection Set: 3.1ms
[2020-12-15T05:03:46.017-0500][gc,phases      ] GC(7702)   Other: 0.4ms
[2020-12-15T05:03:46.017-0500][gc,heap        ] GC(7702) Eden regions: 8->0(7)
[2020-12-15T05:03:46.017-0500][gc,heap        ] GC(7702) Survivor regions: 0->1(1)
[2020-12-15T05:03:46.017-0500][gc,heap        ] GC(7702) Old regions: 42->42
[2020-12-15T05:03:46.017-0500][gc,heap        ] GC(7702) Humongous regions: 4->4
[2020-12-15T05:03:46.017-0500][gc,metaspace   ] GC(7702) Metaspace: 48734K->48734K(1093632K)
[2020-12-15T05:03:46.017-0500][gc,heap        ] GC(7702) Heap after GC invocations=7703 (full 1590): garbage-first heap   total 63488K, used 42649K [0x0000000083000000, 0x0000000100000000)
[2020-12-15T05:03:46.017-0500][gc,heap        ] GC(7702)   region size 1024K, 1 young (1024K), 1 survivors (1024K)
[2020-12-15T05:03:46.017-0500][gc,heap        ] GC(7702)  Metaspace       used 48734K, capacity 50558K, committed 52992K, reserved 1093632K
[2020-12-15T05:03:46.017-0500][gc,heap        ] GC(7702)   class space    used 7296K, capacity 7963K, committed 8704K, reserved 1048576K
[2020-12-15T05:03:46.017-0500][gc             ] GC(7702) Pause Young (Normal) (G1 Evacuation Pause) 49M->41M(62M) 5.087ms
[2020-12-15T05:03:46.017-0500][gc,cpu         ] GC(7702) User=0.01s Sys=0.00s Real=0.00s
[2020-12-15T05:05:36.013-0500][gc,heap        ] GC(7703) Heap before GC invocations=7703 (full 1590): garbage-first heap   total 63488K, used 48793K [0x0000000083000000, 0x0000000100000000)
[2020-12-15T05:05:36.013-0500][gc,heap        ] GC(7703)   region size 1024K, 8 young (8192K), 1 survivors (1024K)
[2020-12-15T05:05:36.013-0500][gc,heap        ] GC(7703)  Metaspace       used 48734K, capacity 50558K, committed 52992K, reserved 1093632K
[2020-12-15T05:05:36.013-0500][gc,heap        ] GC(7703)   class space    used 7296K, capacity 7963K, committed 8704K, reserved 1048576K
[2020-12-15T05:05:36.013-0500][gc,start       ] GC(7703) Pause Young (Normal) (G1 Evacuation Pause)
[2020-12-15T05:05:36.013-0500][gc,task        ] GC(7703) Using 8 workers of 8 for evacuation
[2020-12-15T05:05:36.017-0500][gc,phases      ] GC(7703)   Pre Evacuate Collection Set: 0.0ms
[2020-12-15T05:05:36.017-0500][gc,phases      ] GC(7703)   Evacuate Collection Set: 1.1ms
[2020-12-15T05:05:36.017-0500][gc,phases      ] GC(7703)   Post Evacuate Collection Set: 2.2ms
[2020-12-15T05:05:36.017-0500][gc,phases      ] GC(7703)   Other: 0.5ms
[2020-12-15T05:05:36.017-0500][gc,heap        ] GC(7703) Eden regions: 7->0(7)
[2020-12-15T05:05:36.017-0500][gc,heap        ] GC(7703) Survivor regions: 1->1(1)
[2020-12-15T05:05:36.017-0500][gc,heap        ] GC(7703) Old regions: 42->42
[2020-12-15T05:05:36.017-0500][gc,heap        ] GC(7703) Humongous regions: 4->4
[2020-12-15T05:05:36.017-0500][gc,metaspace   ] GC(7703) Metaspace: 48734K->48734K(1093632K)
[2020-12-15T05:05:36.018-0500][gc,heap        ] GC(7703) Heap after GC invocations=7704 (full 1590): garbage-first heap   total 63488K, used 42669K [0x0000000083000000, 0x0000000100000000)
[2020-12-15T05:05:36.018-0500][gc,heap        ] GC(7703)   region size 1024K, 1 young (1024K), 1 survivors (1024K)
[2020-12-15T05:05:36.018-0500][gc,heap        ] GC(7703)  Metaspace       used 48734K, capacity 50558K, committed 52992K, reserved 1093632K
[2020-12-15T05:05:36.018-0500][gc,heap        ] GC(7703)   class space    used 7296K, capacity 7963K, committed 8704K, reserved 1048576K
[2020-12-15T05:05:36.018-0500][gc             ] GC(7703) Pause Young (Normal) (G1 Evacuation Pause) 48M->41M(62M) 4.356ms
[2020-12-15T05:05:36.018-0500][gc,cpu         ] GC(7703) User=0.01s Sys=0.01s Real=0.01s
[2020-12-15T05:06:45.188-0500][gc,task        ] GC(7704) Using 5 workers of 8 for full compaction
[2020-12-15T05:06:45.188-0500][gc,start       ] GC(7704) Pause Full (System.gc())
[2020-12-15T05:06:45.188-0500][gc,heap        ] GC(7704) Heap before GC invocations=7704 (full 1590): garbage-first heap   total 63488K, used 46765K [0x0000000083000000, 0x0000000100000000)
[2020-12-15T05:06:45.188-0500][gc,heap        ] GC(7704)   region size 1024K, 6 young (6144K), 1 survivors (1024K)
[2020-12-15T05:06:45.188-0500][gc,heap        ] GC(7704)  Metaspace       used 48734K, capacity 50558K, committed 52992K, reserved 1093632K
[2020-12-15T05:06:45.188-0500][gc,heap        ] GC(7704)   class space    used 7296K, capacity 7963K, committed 8704K, reserved 1048576K
[2020-12-15T05:06:45.189-0500][gc,phases,start] GC(7704) Phase 1: Mark live objects
[2020-12-15T05:06:45.229-0500][gc,stringtable ] GC(7704) Cleaned string and symbol table, strings: 31802 processed, 0 removed, symbols: 119634 processed, 0 removed
[2020-12-15T05:06:45.229-0500][gc,phases      ] GC(7704) Phase 1: Mark live objects 40.186ms
[2020-12-15T05:06:45.229-0500][gc,phases,start] GC(7704) Phase 2: Prepare for compaction
[2020-12-15T05:06:45.233-0500][gc,phases      ] GC(7704) Phase 2: Prepare for compaction 3.832ms
[2020-12-15T05:06:45.233-0500][gc,phases,start] GC(7704) Phase 3: Adjust pointers
[2020-12-15T05:06:45.245-0500][gc,phases      ] GC(7704) Phase 3: Adjust pointers 12.186ms
[2020-12-15T05:06:45.245-0500][gc,phases,start] GC(7704) Phase 4: Compact heap
[2020-12-15T05:06:45.248-0500][gc,phases      ] GC(7704) Phase 4: Compact heap 3.433ms
[2020-12-15T05:06:45.255-0500][gc,heap        ] GC(7704) Eden regions: 5->0(9)
[2020-12-15T05:06:45.255-0500][gc,heap        ] GC(7704) Survivor regions: 1->0(1)
[2020-12-15T05:06:45.255-0500][gc,heap        ] GC(7704) Old regions: 42->41
[2020-12-15T05:06:45.255-0500][gc,heap        ] GC(7704) Humongous regions: 4->4
[2020-12-15T05:06:45.255-0500][gc,metaspace   ] GC(7704) Metaspace: 48734K->48734K(1093632K)
[2020-12-15T05:06:45.255-0500][gc,heap        ] GC(7704) Heap after GC invocations=7705 (full 1591): garbage-first heap   total 63488K, used 42571K [0x0000000083000000, 0x0000000100000000)
[2020-12-15T05:06:45.255-0500][gc,heap        ] GC(7704)   region size 1024K, 0 young (0K), 0 survivors (0K)
[2020-12-15T05:06:45.255-0500][gc,heap        ] GC(7704)  Metaspace       used 48734K, capacity 50558K, committed 52992K, reserved 1093632K
[2020-12-15T05:06:45.255-0500][gc,heap        ] GC(7704)   class space    used 7296K, capacity 7963K, committed 8704K, reserved 1048576K
[2020-12-15T05:06:45.255-0500][gc             ] GC(7704) Pause Full (System.gc()) 45M->41M(62M) 66.807ms
[2020-12-15T05:06:45.255-0500][gc,cpu         ] GC(7704) User=0.28s Sys=0.00s Real=0.06s
[2020-12-15T05:09:05.557-0500][gc,heap        ] GC(7705) Heap before GC invocations=7705 (full 1591): garbage-first heap   total 63488K, used 51787K [0x0000000083000000, 0x0000000100000000)
[2020-12-15T05:09:05.557-0500][gc,heap        ] GC(7705)   region size 1024K, 9 young (9216K), 0 survivors (0K)
[2020-12-15T05:09:05.557-0500][gc,heap        ] GC(7705)  Metaspace       used 48734K, capacity 50558K, committed 52992K, reserved 1093632K
[2020-12-15T05:09:05.557-0500][gc,heap        ] GC(7705)   class space    used 7296K, capacity 7963K, committed 8704K, reserved 1048576K
[2020-12-15T05:09:05.557-0500][gc,start       ] GC(7705) Pause Young (Normal) (G1 Evacuation Pause)
[2020-12-15T05:09:05.557-0500][gc,task        ] GC(7705) Using 8 workers of 8 for evacuation
[2020-12-15T05:09:05.561-0500][gc,phases      ] GC(7705)   Pre Evacuate Collection Set: 0.0ms
[2020-12-15T05:09:05.561-0500][gc,phases      ] GC(7705)   Evacuate Collection Set: 1.0ms
[2020-12-15T05:09:05.561-0500][gc,phases      ] GC(7705)   Post Evacuate Collection Set: 2.8ms
[2020-12-15T05:09:05.561-0500][gc,phases      ] GC(7705)   Other: 0.6ms
[2020-12-15T05:09:05.561-0500][gc,heap        ] GC(7705) Eden regions: 9->0(8)
[2020-12-15T05:09:05.561-0500][gc,heap        ] GC(7705) Survivor regions: 0->1(2)
[2020-12-15T05:09:05.561-0500][gc,heap        ] GC(7705) Old regions: 41->41
[2020-12-15T05:09:05.561-0500][gc,heap        ] GC(7705) Humongous regions: 4->4
[2020-12-15T05:09:05.561-0500][gc,metaspace   ] GC(7705) Metaspace: 48734K->48734K(1093632K)
[2020-12-15T05:09:05.561-0500][gc,heap        ] GC(7705) Heap after GC invocations=7706 (full 1591): garbage-first heap   total 63488K, used 42660K [0x0000000083000000, 0x0000000100000000)
[2020-12-15T05:09:05.561-0500][gc,heap        ] GC(7705)   region size 1024K, 1 young (1024K), 1 survivors (1024K)
[2020-12-15T05:09:05.561-0500][gc,heap        ] GC(7705)  Metaspace       used 48734K, capacity 50558K, committed 52992K, reserved 1093632K
[2020-12-15T05:09:05.561-0500][gc,heap        ] GC(7705)   class space    used 7296K, capacity 7963K, committed 8704K, reserved 1048576K
[2020-12-15T05:09:05.561-0500][gc             ] GC(7705) Pause Young (Normal) (G1 Evacuation Pause) 50M->41M(62M) 4.498ms
[2020-12-15T05:09:05.562-0500][gc,cpu         ] GC(7705) User=0.01s Sys=0.01s Real=0.01s
[2020-12-15T05:11:13.039-0500][gc,heap        ] GC(7706) Heap before GC invocations=7706 (full 1591): garbage-first heap   total 63488K, used 49828K [0x0000000083000000, 0x0000000100000000)
[2020-12-15T05:11:13.039-0500][gc,heap        ] GC(7706)   region size 1024K, 9 young (9216K), 1 survivors (1024K)
[2020-12-15T05:11:13.039-0500][gc,heap        ] GC(7706)  Metaspace       used 48734K, capacity 50558K, committed 52992K, reserved 1093632K
[2020-12-15T05:11:13.039-0500][gc,heap        ] GC(7706)   class space    used 7296K, capacity 7963K, committed 8704K, reserved 1048576K
[2020-12-15T05:11:13.039-0500][gc,start       ] GC(7706) Pause Young (Normal) (G1 Evacuation Pause)
[2020-12-15T05:11:13.039-0500][gc,task        ] GC(7706) Using 8 workers of 8 for evacuation
[2020-12-15T05:11:13.044-0500][gc,phases      ] GC(7706)   Pre Evacuate Collection Set: 0.0ms
[2020-12-15T05:11:13.044-0500][gc,phases      ] GC(7706)   Evacuate Collection Set: 1.6ms
[2020-12-15T05:11:13.044-0500][gc,phases      ] GC(7706)   Post Evacuate Collection Set: 3.3ms
[2020-12-15T05:11:13.044-0500][gc,phases      ] GC(7706)   Other: 0.5ms
[2020-12-15T05:11:13.044-0500][gc,heap        ] GC(7706) Eden regions: 8->0(8)
[2020-12-15T05:11:13.044-0500][gc,heap        ] GC(7706) Survivor regions: 1->1(2)
[2020-12-15T05:11:13.045-0500][gc,heap        ] GC(7706) Old regions: 41->41
[2020-12-15T05:11:13.045-0500][gc,heap        ] GC(7706) Humongous regions: 4->4
[2020-12-15T05:11:13.045-0500][gc,metaspace   ] GC(7706) Metaspace: 48734K->48734K(1093632K)
[2020-12-15T05:11:13.045-0500][gc,heap        ] GC(7706) Heap after GC invocations=7707 (full 1591): garbage-first heap   total 63488K, used 42635K [0x0000000083000000, 0x0000000100000000)
[2020-12-15T05:11:13.045-0500][gc,heap        ] GC(7706)   region size 1024K, 1 young (1024K), 1 survivors (1024K)
[2020-12-15T05:11:13.045-0500][gc,heap        ] GC(7706)  Metaspace       used 48734K, capacity 50558K, committed 52992K, reserved 1093632K
[2020-12-15T05:11:13.045-0500][gc,heap        ] GC(7706)   class space    used 7296K, capacity 7963K, committed 8704K, reserved 1048576K
[2020-12-15T05:11:13.045-0500][gc             ] GC(7706) Pause Young (Normal) (G1 Evacuation Pause) 49M->41M(62M) 5.471ms
[2020-12-15T05:11:13.045-0500][gc,cpu         ] GC(7706) User=0.00s Sys=0.01s Real=0.00s
[2020-12-15T05:11:45.191-0500][gc,task        ] GC(7707) Using 5 workers of 8 for full compaction
[2020-12-15T05:11:45.191-0500][gc,start       ] GC(7707) Pause Full (System.gc())
[2020-12-15T05:11:45.191-0500][gc,heap        ] GC(7707) Heap before GC invocations=7707 (full 1591): garbage-first heap   total 63488K, used 43659K [0x0000000083000000, 0x0000000100000000)
[2020-12-15T05:11:45.191-0500][gc,heap        ] GC(7707)   region size 1024K, 3 young (3072K), 1 survivors (1024K)
[2020-12-15T05:11:45.191-0500][gc,heap        ] GC(7707)  Metaspace       used 48734K, capacity 50558K, committed 52992K, reserved 1093632K
[2020-12-15T05:11:45.191-0500][gc,heap        ] GC(7707)   class space    used 7296K, capacity 7963K, committed 8704K, reserved 1048576K
[2020-12-15T05:11:45.192-0500][gc,phases,start] GC(7707) Phase 1: Mark live objects
[2020-12-15T05:11:45.212-0500][gc,stringtable ] GC(7707) Cleaned string and symbol table, strings: 31802 processed, 0 removed, symbols: 119634 processed, 0 removed
[2020-12-15T05:11:45.212-0500][gc,phases      ] GC(7707) Phase 1: Mark live objects 20.526ms
[2020-12-15T05:11:45.212-0500][gc,phases,start] GC(7707) Phase 2: Prepare for compaction
[2020-12-15T05:11:45.215-0500][gc,phases      ] GC(7707) Phase 2: Prepare for compaction 3.139ms
[2020-12-15T05:11:45.215-0500][gc,phases,start] GC(7707) Phase 3: Adjust pointers
[2020-12-15T05:11:45.226-0500][gc,phases      ] GC(7707) Phase 3: Adjust pointers 10.825ms
[2020-12-15T05:11:45.226-0500][gc,phases,start] GC(7707) Phase 4: Compact heap
[2020-12-15T05:11:45.229-0500][gc,phases      ] GC(7707) Phase 4: Compact heap 2.693ms
[2020-12-15T05:11:45.235-0500][gc,heap        ] GC(7707) Eden regions: 2->0(9)
[2020-12-15T05:11:45.235-0500][gc,heap        ] GC(7707) Survivor regions: 1->0(2)
[2020-12-15T05:11:45.235-0500][gc,heap        ] GC(7707) Old regions: 41->41
[2020-12-15T05:11:45.235-0500][gc,heap        ] GC(7707) Humongous regions: 4->4
[2020-12-15T05:11:45.235-0500][gc,metaspace   ] GC(7707) Metaspace: 48734K->48734K(1093632K)
[2020-12-15T05:11:45.235-0500][gc,heap        ] GC(7707) Heap after GC invocations=7708 (full 1592): garbage-first heap   total 63488K, used 42553K [0x0000000083000000, 0x0000000100000000)
[2020-12-15T05:11:45.235-0500][gc,heap        ] GC(7707)   region size 1024K, 0 young (0K), 0 survivors (0K)
[2020-12-15T05:11:45.235-0500][gc,heap        ] GC(7707)  Metaspace       used 48734K, capacity 50558K, committed 52992K, reserved 1093632K
[2020-12-15T05:11:45.235-0500][gc,heap        ] GC(7707)   class space    used 7296K, capacity 7963K, committed 8704K, reserved 1048576K
[2020-12-15T05:11:45.235-0500][gc             ] GC(7707) Pause Full (System.gc()) 43M->41M(62M) 43.248ms
[2020-12-15T05:11:45.235-0500][gc,cpu         ] GC(7707) User=0.18s Sys=0.00s Real=0.04s
[2020-12-15T05:14:06.014-0500][gc,heap        ] GC(7708) Heap before GC invocations=7708 (full 1592): garbage-first heap   total 63488K, used 51769K [0x0000000083000000, 0x0000000100000000)
[2020-12-15T05:14:06.014-0500][gc,heap        ] GC(7708)   region size 1024K, 9 young (9216K), 0 survivors (0K)
[2020-12-15T05:14:06.014-0500][gc,heap        ] GC(7708)  Metaspace       used 48734K, capacity 50558K, committed 52992K, reserved 1093632K
[2020-12-15T05:14:06.014-0500][gc,heap        ] GC(7708)   class space    used 7296K, capacity 7963K, committed 8704K, reserved 1048576K
[2020-12-15T05:14:06.014-0500][gc,start       ] GC(7708) Pause Young (Normal) (G1 Evacuation Pause)
[2020-12-15T05:14:06.014-0500][gc,task        ] GC(7708) Using 8 workers of 8 for evacuation
[2020-12-15T05:14:06.017-0500][gc,phases      ] GC(7708)   Pre Evacuate Collection Set: 0.0ms
[2020-12-15T05:14:06.017-0500][gc,phases      ] GC(7708)   Evacuate Collection Set: 0.8ms
[2020-12-15T05:14:06.017-0500][gc,phases      ] GC(7708)   Post Evacuate Collection Set: 1.3ms
[2020-12-15T05:14:06.017-0500][gc,phases      ] GC(7708)   Other: 0.4ms
[2020-12-15T05:14:06.017-0500][gc,heap        ] GC(7708) Eden regions: 9->0(8)
[2020-12-15T05:14:06.017-0500][gc,heap        ] GC(7708) Survivor regions: 0->1(2)
[2020-12-15T05:14:06.017-0500][gc,heap        ] GC(7708) Old regions: 41->41
[2020-12-15T05:14:06.017-0500][gc,heap        ] GC(7708) Humongous regions: 4->4
[2020-12-15T05:14:06.017-0500][gc,metaspace   ] GC(7708) Metaspace: 48734K->48734K(1093632K)
[2020-12-15T05:14:06.017-0500][gc,heap        ] GC(7708) Heap after GC invocations=7709 (full 1592): garbage-first heap   total 63488K, used 42636K [0x0000000083000000, 0x0000000100000000)
[2020-12-15T05:14:06.017-0500][gc,heap        ] GC(7708)   region size 1024K, 1 young (1024K), 1 survivors (1024K)
[2020-12-15T05:14:06.017-0500][gc,heap        ] GC(7708)  Metaspace       used 48734K, capacity 50558K, committed 52992K, reserved 1093632K
[2020-12-15T05:14:06.017-0500][gc,heap        ] GC(7708)   class space    used 7296K, capacity 7963K, committed 8704K, reserved 1048576K
[2020-12-15T05:14:06.017-0500][gc             ] GC(7708) Pause Young (Normal) (G1 Evacuation Pause) 50M->41M(62M) 2.641ms
[2020-12-15T05:14:06.017-0500][gc,cpu         ] GC(7708) User=0.00s Sys=0.01s Real=0.00s
[2020-12-15T05:16:16.013-0500][gc,heap        ] GC(7709) Heap before GC invocations=7709 (full 1592): garbage-first heap   total 63488K, used 50828K [0x0000000083000000, 0x0000000100000000)
[2020-12-15T05:16:16.013-0500][gc,heap        ] GC(7709)   region size 1024K, 9 young (9216K), 1 survivors (1024K)
[2020-12-15T05:16:16.013-0500][gc,heap        ] GC(7709)  Metaspace       used 48734K, capacity 50558K, committed 52992K, reserved 1093632K
[2020-12-15T05:16:16.013-0500][gc,heap        ] GC(7709)   class space    used 7296K, capacity 7963K, committed 8704K, reserved 1048576K
[2020-12-15T05:16:16.013-0500][gc,start       ] GC(7709) Pause Young (Normal) (G1 Evacuation Pause)
[2020-12-15T05:16:16.013-0500][gc,task        ] GC(7709) Using 8 workers of 8 for evacuation
[2020-12-15T05:16:16.017-0500][gc,phases      ] GC(7709)   Pre Evacuate Collection Set: 0.0ms
[2020-12-15T05:16:16.017-0500][gc,phases      ] GC(7709)   Evacuate Collection Set: 2.3ms
[2020-12-15T05:16:16.017-0500][gc,phases      ] GC(7709)   Post Evacuate Collection Set: 1.9ms
[2020-12-15T05:16:16.017-0500][gc,phases      ] GC(7709)   Other: 0.4ms
[2020-12-15T05:16:16.018-0500][gc,heap        ] GC(7709) Eden regions: 8->0(8)
[2020-12-15T05:16:16.018-0500][gc,heap        ] GC(7709) Survivor regions: 1->1(2)
[2020-12-15T05:16:16.018-0500][gc,heap        ] GC(7709) Old regions: 41->41
[2020-12-15T05:16:16.018-0500][gc,heap        ] GC(7709) Humongous regions: 4->4
[2020-12-15T05:16:16.018-0500][gc,metaspace   ] GC(7709) Metaspace: 48734K->48734K(1093632K)
[2020-12-15T05:16:16.018-0500][gc,heap        ] GC(7709) Heap after GC invocations=7710 (full 1592): garbage-first heap   total 63488K, used 42635K [0x0000000083000000, 0x0000000100000000)
[2020-12-15T05:16:16.018-0500][gc,heap        ] GC(7709)   region size 1024K, 1 young (1024K), 1 survivors (1024K)
[2020-12-15T05:16:16.018-0500][gc,heap        ] GC(7709)  Metaspace       used 48734K, capacity 50558K, committed 52992K, reserved 1093632K
[2020-12-15T05:16:16.018-0500][gc,heap        ] GC(7709)   class space    used 7296K, capacity 7963K, committed 8704K, reserved 1048576K
[2020-12-15T05:16:16.018-0500][gc             ] GC(7709) Pause Young (Normal) (G1 Evacuation Pause) 49M->41M(62M) 4.793ms
[2020-12-15T05:16:16.018-0500][gc,cpu         ] GC(7709) User=0.01s Sys=0.00s Real=0.00s
[2020-12-15T05:16:45.191-0500][gc,task        ] GC(7710) Using 5 workers of 8 for full compaction
[2020-12-15T05:16:45.191-0500][gc,start       ] GC(7710) Pause Full (System.gc())
[2020-12-15T05:16:45.191-0500][gc,heap        ] GC(7710) Heap before GC invocations=7710 (full 1592): garbage-first heap   total 63488K, used 42635K [0x0000000083000000, 0x0000000100000000)
[2020-12-15T05:16:45.191-0500][gc,heap        ] GC(7710)   region size 1024K, 3 young (3072K), 1 survivors (1024K)
[2020-12-15T05:16:45.191-0500][gc,heap        ] GC(7710)  Metaspace       used 48734K, capacity 50558K, committed 52992K, reserved 1093632K
[2020-12-15T05:16:45.191-0500][gc,heap        ] GC(7710)   class space    used 7296K, capacity 7963K, committed 8704K, reserved 1048576K
[2020-12-15T05:16:45.192-0500][gc,phases,start] GC(7710) Phase 1: Mark live objects
[2020-12-15T05:16:45.236-0500][gc,stringtable ] GC(7710) Cleaned string and symbol table, strings: 31802 processed, 0 removed, symbols: 119634 processed, 0 removed
[2020-12-15T05:16:45.236-0500][gc,phases      ] GC(7710) Phase 1: Mark live objects 44.564ms
[2020-12-15T05:16:45.236-0500][gc,phases,start] GC(7710) Phase 2: Prepare for compaction
[2020-12-15T05:16:45.239-0500][gc,phases      ] GC(7710) Phase 2: Prepare for compaction 3.084ms
[2020-12-15T05:16:45.239-0500][gc,phases,start] GC(7710) Phase 3: Adjust pointers
[2020-12-15T05:16:45.248-0500][gc,phases      ] GC(7710) Phase 3: Adjust pointers 8.950ms
[2020-12-15T05:16:45.248-0500][gc,phases,start] GC(7710) Phase 4: Compact heap
[2020-12-15T05:16:45.251-0500][gc,phases      ] GC(7710) Phase 4: Compact heap 2.497ms
[2020-12-15T05:16:45.256-0500][gc,heap        ] GC(7710) Eden regions: 2->0(9)
[2020-12-15T05:16:45.256-0500][gc,heap        ] GC(7710) Survivor regions: 1->0(2)
[2020-12-15T05:16:45.256-0500][gc,heap        ] GC(7710) Old regions: 41->41
[2020-12-15T05:16:45.256-0500][gc,heap        ] GC(7710) Humongous regions: 4->4
[2020-12-15T05:16:45.256-0500][gc,metaspace   ] GC(7710) Metaspace: 48734K->48734K(1093632K)
[2020-12-15T05:16:45.256-0500][gc,heap        ] GC(7710) Heap after GC invocations=7711 (full 1593): garbage-first heap   total 63488K, used 42551K [0x0000000083000000, 0x0000000100000000)
[2020-12-15T05:16:45.256-0500][gc,heap        ] GC(7710)   region size 1024K, 0 young (0K), 0 survivors (0K)
[2020-12-15T05:16:45.256-0500][gc,heap        ] GC(7710)  Metaspace       used 48734K, capacity 50558K, committed 52992K, reserved 1093632K
[2020-12-15T05:16:45.256-0500][gc,heap        ] GC(7710)   class space    used 7296K, capacity 7963K, committed 8704K, reserved 1048576K
[2020-12-15T05:16:45.256-0500][gc             ] GC(7710) Pause Full (System.gc()) 43M->41M(62M) 65.041ms
[2020-12-15T05:16:45.256-0500][gc,cpu         ] GC(7710) User=0.22s Sys=0.06s Real=0.06s
[2020-12-15T05:19:06.016-0500][gc,heap        ] GC(7711) Heap before GC invocations=7711 (full 1593): garbage-first heap   total 63488K, used 50743K [0x0000000083000000, 0x0000000100000000)
[2020-12-15T05:19:06.016-0500][gc,heap        ] GC(7711)   region size 1024K, 9 young (9216K), 0 survivors (0K)
[2020-12-15T05:19:06.016-0500][gc,heap        ] GC(7711)  Metaspace       used 48734K, capacity 50558K, committed 52992K, reserved 1093632K
[2020-12-15T05:19:06.016-0500][gc,heap        ] GC(7711)   class space    used 7296K, capacity 7963K, committed 8704K, reserved 1048576K
[2020-12-15T05:19:06.016-0500][gc,start       ] GC(7711) Pause Young (Normal) (G1 Evacuation Pause)
[2020-12-15T05:19:06.016-0500][gc,task        ] GC(7711) Using 8 workers of 8 for evacuation
[2020-12-15T05:19:06.021-0500][gc,phases      ] GC(7711)   Pre Evacuate Collection Set: 0.0ms
[2020-12-15T05:19:06.021-0500][gc,phases      ] GC(7711)   Evacuate Collection Set: 1.4ms
[2020-12-15T05:19:06.021-0500][gc,phases      ] GC(7711)   Post Evacuate Collection Set: 2.8ms
[2020-12-15T05:19:06.021-0500][gc,phases      ] GC(7711)   Other: 0.4ms
[2020-12-15T05:19:06.021-0500][gc,heap        ] GC(7711) Eden regions: 9->0(8)
[2020-12-15T05:19:06.021-0500][gc,heap        ] GC(7711) Survivor regions: 0->1(2)
[2020-12-15T05:19:06.021-0500][gc,heap        ] GC(7711) Old regions: 41->41
[2020-12-15T05:19:06.021-0500][gc,heap        ] GC(7711) Humongous regions: 4->4
[2020-12-15T05:19:06.021-0500][gc,metaspace   ] GC(7711) Metaspace: 48734K->48734K(1093632K)
[2020-12-15T05:19:06.021-0500][gc,heap        ] GC(7711) Heap after GC invocations=7712 (full 1593): garbage-first heap   total 63488K, used 42645K [0x0000000083000000, 0x0000000100000000)
[2020-12-15T05:19:06.021-0500][gc,heap        ] GC(7711)   region size 1024K, 1 young (1024K), 1 survivors (1024K)
[2020-12-15T05:19:06.021-0500][gc,heap        ] GC(7711)  Metaspace       used 48734K, capacity 50558K, committed 52992K, reserved 1093632K
[2020-12-15T05:19:06.021-0500][gc,heap        ] GC(7711)   class space    used 7296K, capacity 7963K, committed 8704K, reserved 1048576K
[2020-12-15T05:19:06.021-0500][gc             ] GC(7711) Pause Young (Normal) (G1 Evacuation Pause) 50M->41M(62M) 4.978ms
[2020-12-15T05:19:06.021-0500][gc,cpu         ] GC(7711) User=0.01s Sys=0.01s Real=0.01s
[2020-12-15T05:21:16.019-0500][gc,heap        ] GC(7712) Heap before GC invocations=7712 (full 1593): garbage-first heap   total 63488K, used 49813K [0x0000000083000000, 0x0000000100000000)
[2020-12-15T05:21:16.019-0500][gc,heap        ] GC(7712)   region size 1024K, 9 young (9216K), 1 survivors (1024K)
[2020-12-15T05:21:16.019-0500][gc,heap        ] GC(7712)  Metaspace       used 48734K, capacity 50558K, committed 52992K, reserved 1093632K
[2020-12-15T05:21:16.019-0500][gc,heap        ] GC(7712)   class space    used 7296K, capacity 7963K, committed 8704K, reserved 1048576K
[2020-12-15T05:21:16.019-0500][gc,start       ] GC(7712) Pause Young (Normal) (G1 Evacuation Pause)
[2020-12-15T05:21:16.019-0500][gc,task        ] GC(7712) Using 8 workers of 8 for evacuation
[2020-12-15T05:21:16.023-0500][gc,phases      ] GC(7712)   Pre Evacuate Collection Set: 0.0ms
[2020-12-15T05:21:16.023-0500][gc,phases      ] GC(7712)   Evacuate Collection Set: 1.2ms
[2020-12-15T05:21:16.023-0500][gc,phases      ] GC(7712)   Post Evacuate Collection Set: 2.4ms
[2020-12-15T05:21:16.023-0500][gc,phases      ] GC(7712)   Other: 0.5ms
[2020-12-15T05:21:16.023-0500][gc,heap        ] GC(7712) Eden regions: 8->0(8)
[2020-12-15T05:21:16.023-0500][gc,heap        ] GC(7712) Survivor regions: 1->1(2)
[2020-12-15T05:21:16.023-0500][gc,heap        ] GC(7712) Old regions: 41->41
[2020-12-15T05:21:16.023-0500][gc,heap        ] GC(7712) Humongous regions: 4->4
[2020-12-15T05:21:16.023-0500][gc,metaspace   ] GC(7712) Metaspace: 48734K->48734K(1093632K)
[2020-12-15T05:21:16.023-0500][gc,heap        ] GC(7712) Heap after GC invocations=7713 (full 1593): garbage-first heap   total 63488K, used 42611K [0x0000000083000000, 0x0000000100000000)
[2020-12-15T05:21:16.023-0500][gc,heap        ] GC(7712)   region size 1024K, 1 young (1024K), 1 survivors (1024K)
[2020-12-15T05:21:16.023-0500][gc,heap        ] GC(7712)  Metaspace       used 48734K, capacity 50558K, committed 52992K, reserved 1093632K
[2020-12-15T05:21:16.023-0500][gc,heap        ] GC(7712)   class space    used 7296K, capacity 7963K, committed 8704K, reserved 1048576K
[2020-12-15T05:21:16.023-0500][gc             ] GC(7712) Pause Young (Normal) (G1 Evacuation Pause) 49M->41M(62M) 4.298ms
[2020-12-15T05:21:16.023-0500][gc,cpu         ] GC(7712) User=0.01s Sys=0.00s Real=0.00s
[2020-12-15T05:21:45.190-0500][gc,task        ] GC(7713) Using 5 workers of 8 for full compaction
[2020-12-15T05:21:45.190-0500][gc,start       ] GC(7713) Pause Full (System.gc())
[2020-12-15T05:21:45.190-0500][gc,heap        ] GC(7713) Heap before GC invocations=7713 (full 1593): garbage-first heap   total 63488K, used 43635K [0x0000000083000000, 0x0000000100000000)
[2020-12-15T05:21:45.190-0500][gc,heap        ] GC(7713)   region size 1024K, 3 young (3072K), 1 survivors (1024K)
[2020-12-15T05:21:45.190-0500][gc,heap        ] GC(7713)  Metaspace       used 48734K, capacity 50558K, committed 52992K, reserved 1093632K
[2020-12-15T05:21:45.190-0500][gc,heap        ] GC(7713)   class space    used 7296K, capacity 7963K, committed 8704K, reserved 1048576K
[2020-12-15T05:21:45.191-0500][gc,phases,start] GC(7713) Phase 1: Mark live objects
[2020-12-15T05:21:45.211-0500][gc,stringtable ] GC(7713) Cleaned string and symbol table, strings: 31802 processed, 0 removed, symbols: 119634 processed, 0 removed
[2020-12-15T05:21:45.211-0500][gc,phases      ] GC(7713) Phase 1: Mark live objects 20.323ms
[2020-12-15T05:21:45.211-0500][gc,phases,start] GC(7713) Phase 2: Prepare for compaction
[2020-12-15T05:21:45.215-0500][gc,phases      ] GC(7713) Phase 2: Prepare for compaction 3.913ms
[2020-12-15T05:21:45.215-0500][gc,phases,start] GC(7713) Phase 3: Adjust pointers
[2020-12-15T05:21:45.225-0500][gc,phases      ] GC(7713) Phase 3: Adjust pointers 9.963ms
[2020-12-15T05:21:45.225-0500][gc,phases,start] GC(7713) Phase 4: Compact heap
[2020-12-15T05:21:45.227-0500][gc,phases      ] GC(7713) Phase 4: Compact heap 2.572ms
[2020-12-15T05:21:45.233-0500][gc,heap        ] GC(7713) Eden regions: 2->0(11)
[2020-12-15T05:21:45.233-0500][gc,heap        ] GC(7713) Survivor regions: 1->0(2)
[2020-12-15T05:21:45.233-0500][gc,heap        ] GC(7713) Old regions: 41->39
[2020-12-15T05:21:45.233-0500][gc,heap        ] GC(7713) Humongous regions: 4->4
[2020-12-15T05:21:45.233-0500][gc,metaspace   ] GC(7713) Metaspace: 48734K->48734K(1093632K)
[2020-12-15T05:21:45.233-0500][gc,heap        ] GC(7713) Heap after GC invocations=7714 (full 1594): garbage-first heap   total 63488K, used 42551K [0x0000000083000000, 0x0000000100000000)
[2020-12-15T05:21:45.233-0500][gc,heap        ] GC(7713)   region size 1024K, 0 young (0K), 0 survivors (0K)
[2020-12-15T05:21:45.233-0500][gc,heap        ] GC(7713)  Metaspace       used 48734K, capacity 50558K, committed 52992K, reserved 1093632K
[2020-12-15T05:21:45.233-0500][gc,heap        ] GC(7713)   class space    used 7296K, capacity 7963K, committed 8704K, reserved 1048576K
[2020-12-15T05:21:45.233-0500][gc             ] GC(7713) Pause Full (System.gc()) 42M->41M(62M) 42.797ms
[2020-12-15T05:21:45.233-0500][gc,cpu         ] GC(7713) User=0.18s Sys=0.00s Real=0.04s
[2020-12-15T05:24:36.013-0500][gc,heap        ] GC(7714) Heap before GC invocations=7714 (full 1594): garbage-first heap   total 63488K, used 53815K [0x0000000083000000, 0x0000000100000000)
[2020-12-15T05:24:36.013-0500][gc,heap        ] GC(7714)   region size 1024K, 11 young (11264K), 0 survivors (0K)
[2020-12-15T05:24:36.013-0500][gc,heap        ] GC(7714)  Metaspace       used 48734K, capacity 50558K, committed 52992K, reserved 1093632K
[2020-12-15T05:24:36.013-0500][gc,heap        ] GC(7714)   class space    used 7296K, capacity 7963K, committed 8704K, reserved 1048576K
[2020-12-15T05:24:36.014-0500][gc,start       ] GC(7714) Pause Young (Normal) (G1 Evacuation Pause)
[2020-12-15T05:24:36.014-0500][gc,task        ] GC(7714) Using 8 workers of 8 for evacuation
[2020-12-15T05:24:36.018-0500][gc,phases      ] GC(7714)   Pre Evacuate Collection Set: 0.0ms
[2020-12-15T05:24:36.018-0500][gc,phases      ] GC(7714)   Evacuate Collection Set: 1.3ms
[2020-12-15T05:24:36.018-0500][gc,phases      ] GC(7714)   Post Evacuate Collection Set: 3.1ms
[2020-12-15T05:24:36.018-0500][gc,phases      ] GC(7714)   Other: 0.6ms
[2020-12-15T05:24:36.018-0500][gc,heap        ] GC(7714) Eden regions: 11->0(10)
[2020-12-15T05:24:36.018-0500][gc,heap        ] GC(7714) Survivor regions: 0->1(2)
[2020-12-15T05:24:36.018-0500][gc,heap        ] GC(7714) Old regions: 39->39
[2020-12-15T05:24:36.018-0500][gc,heap        ] GC(7714) Humongous regions: 4->4
[2020-12-15T05:24:36.018-0500][gc,metaspace   ] GC(7714) Metaspace: 48734K->48734K(1093632K)
[2020-12-15T05:24:36.018-0500][gc,heap        ] GC(7714) Heap after GC invocations=7715 (full 1594): garbage-first heap   total 63488K, used 42633K [0x0000000083000000, 0x0000000100000000)
[2020-12-15T05:24:36.018-0500][gc,heap        ] GC(7714)   region size 1024K, 1 young (1024K), 1 survivors (1024K)
[2020-12-15T05:24:36.018-0500][gc,heap        ] GC(7714)  Metaspace       used 48734K, capacity 50558K, committed 52992K, reserved 1093632K
[2020-12-15T05:24:36.018-0500][gc,heap        ] GC(7714)   class space    used 7296K, capacity 7963K, committed 8704K, reserved 1048576K
[2020-12-15T05:24:36.018-0500][gc             ] GC(7714) Pause Young (Normal) (G1 Evacuation Pause) 52M->41M(62M) 4.988ms
[2020-12-15T05:24:36.019-0500][gc,cpu         ] GC(7714) User=0.00s Sys=0.01s Real=0.01s
[2020-12-15T05:26:45.190-0500][gc,task        ] GC(7715) Using 5 workers of 8 for full compaction
[2020-12-15T05:26:45.190-0500][gc,start       ] GC(7715) Pause Full (System.gc())
[2020-12-15T05:26:45.190-0500][gc,heap        ] GC(7715) Heap before GC invocations=7715 (full 1594): garbage-first heap   total 63488K, used 49801K [0x0000000083000000, 0x0000000100000000)
[2020-12-15T05:26:45.190-0500][gc,heap        ] GC(7715)   region size 1024K, 9 young (9216K), 1 survivors (1024K)
[2020-12-15T05:26:45.190-0500][gc,heap        ] GC(7715)  Metaspace       used 48734K, capacity 50558K, committed 52992K, reserved 1093632K
[2020-12-15T05:26:45.190-0500][gc,heap        ] GC(7715)   class space    used 7296K, capacity 7963K, committed 8704K, reserved 1048576K
[2020-12-15T05:26:45.191-0500][gc,phases,start] GC(7715) Phase 1: Mark live objects
[2020-12-15T05:26:45.237-0500][gc,stringtable ] GC(7715) Cleaned string and symbol table, strings: 31802 processed, 0 removed, symbols: 119634 processed, 0 removed
[2020-12-15T05:26:45.237-0500][gc,phases      ] GC(7715) Phase 1: Mark live objects 46.564ms
[2020-12-15T05:26:45.237-0500][gc,phases,start] GC(7715) Phase 2: Prepare for compaction
[2020-12-15T05:26:45.241-0500][gc,phases      ] GC(7715) Phase 2: Prepare for compaction 4.201ms
[2020-12-15T05:26:45.242-0500][gc,phases,start] GC(7715) Phase 3: Adjust pointers
[2020-12-15T05:26:45.254-0500][gc,phases      ] GC(7715) Phase 3: Adjust pointers 12.902ms
[2020-12-15T05:26:45.254-0500][gc,phases,start] GC(7715) Phase 4: Compact heap
[2020-12-15T05:26:45.258-0500][gc,phases      ] GC(7715) Phase 4: Compact heap 3.035ms
[2020-12-15T05:26:45.264-0500][gc,heap        ] GC(7715) Eden regions: 8->0(8)
[2020-12-15T05:26:45.264-0500][gc,heap        ] GC(7715) Survivor regions: 1->0(2)
[2020-12-15T05:26:45.264-0500][gc,heap        ] GC(7715) Old regions: 39->42
[2020-12-15T05:26:45.264-0500][gc,heap        ] GC(7715) Humongous regions: 4->4
[2020-12-15T05:26:45.264-0500][gc,metaspace   ] GC(7715) Metaspace: 48734K->48734K(1093632K)
[2020-12-15T05:26:45.265-0500][gc,heap        ] GC(7715) Heap after GC invocations=7716 (full 1595): garbage-first heap   total 63488K, used 42585K [0x0000000083000000, 0x0000000100000000)
[2020-12-15T05:26:45.265-0500][gc,heap        ] GC(7715)   region size 1024K, 0 young (0K), 0 survivors (0K)
[2020-12-15T05:26:45.265-0500][gc,heap        ] GC(7715)  Metaspace       used 48734K, capacity 50558K, committed 52992K, reserved 1093632K
[2020-12-15T05:26:45.265-0500][gc,heap        ] GC(7715)   class space    used 7296K, capacity 7963K, committed 8704K, reserved 1048576K
[2020-12-15T05:26:45.265-0500][gc             ] GC(7715) Pause Full (System.gc()) 49M->41M(62M) 74.444ms
[2020-12-15T05:26:45.265-0500][gc,cpu         ] GC(7715) User=0.31s Sys=0.00s Real=0.07s
[2020-12-15T05:28:46.016-0500][gc,heap        ] GC(7716) Heap before GC invocations=7716 (full 1595): garbage-first heap   total 63488K, used 50777K [0x0000000083000000, 0x0000000100000000)
[2020-12-15T05:28:46.016-0500][gc,heap        ] GC(7716)   region size 1024K, 8 young (8192K), 0 survivors (0K)
[2020-12-15T05:28:46.016-0500][gc,heap        ] GC(7716)  Metaspace       used 48734K, capacity 50558K, committed 52992K, reserved 1093632K
[2020-12-15T05:28:46.016-0500][gc,heap        ] GC(7716)   class space    used 7296K, capacity 7963K, committed 8704K, reserved 1048576K
[2020-12-15T05:28:46.016-0500][gc,start       ] GC(7716) Pause Young (Normal) (G1 Evacuation Pause)
[2020-12-15T05:28:46.016-0500][gc,task        ] GC(7716) Using 8 workers of 8 for evacuation
[2020-12-15T05:28:46.020-0500][gc,phases      ] GC(7716)   Pre Evacuate Collection Set: 0.0ms
[2020-12-15T05:28:46.020-0500][gc,phases      ] GC(7716)   Evacuate Collection Set: 1.1ms
[2020-12-15T05:28:46.020-0500][gc,phases      ] GC(7716)   Post Evacuate Collection Set: 2.4ms
[2020-12-15T05:28:46.020-0500][gc,phases      ] GC(7716)   Other: 0.4ms
[2020-12-15T05:28:46.020-0500][gc,heap        ] GC(7716) Eden regions: 8->0(7)
[2020-12-15T05:28:46.020-0500][gc,heap        ] GC(7716) Survivor regions: 0->1(1)
[2020-12-15T05:28:46.020-0500][gc,heap        ] GC(7716) Old regions: 42->42
[2020-12-15T05:28:46.020-0500][gc,heap        ] GC(7716) Humongous regions: 4->4
[2020-12-15T05:28:46.020-0500][gc,metaspace   ] GC(7716) Metaspace: 48734K->48734K(1093632K)
[2020-12-15T05:28:46.020-0500][gc,heap        ] GC(7716) Heap after GC invocations=7717 (full 1595): garbage-first heap   total 63488K, used 42664K [0x0000000083000000, 0x0000000100000000)
[2020-12-15T05:28:46.020-0500][gc,heap        ] GC(7716)   region size 1024K, 1 young (1024K), 1 survivors (1024K)
[2020-12-15T05:28:46.020-0500][gc,heap        ] GC(7716)  Metaspace       used 48734K, capacity 50558K, committed 52992K, reserved 1093632K
[2020-12-15T05:28:46.020-0500][gc,heap        ] GC(7716)   class space    used 7296K, capacity 7963K, committed 8704K, reserved 1048576K
[2020-12-15T05:28:46.020-0500][gc             ] GC(7716) Pause Young (Normal) (G1 Evacuation Pause) 49M->41M(62M) 4.089ms
[2020-12-15T05:28:46.021-0500][gc,cpu         ] GC(7716) User=0.00s Sys=0.01s Real=0.01s
[2020-12-15T05:30:41.132-0500][gc,heap        ] GC(7717) Heap before GC invocations=7717 (full 1595): garbage-first heap   total 63488K, used 48808K [0x0000000083000000, 0x0000000100000000)
[2020-12-15T05:30:41.133-0500][gc,heap        ] GC(7717)   region size 1024K, 8 young (8192K), 1 survivors (1024K)
[2020-12-15T05:30:41.133-0500][gc,heap        ] GC(7717)  Metaspace       used 48734K, capacity 50558K, committed 52992K, reserved 1093632K
[2020-12-15T05:30:41.133-0500][gc,heap        ] GC(7717)   class space    used 7296K, capacity 7963K, committed 8704K, reserved 1048576K
[2020-12-15T05:30:41.133-0500][gc,start       ] GC(7717) Pause Young (Normal) (G1 Evacuation Pause)
[2020-12-15T05:30:41.133-0500][gc,task        ] GC(7717) Using 8 workers of 8 for evacuation
[2020-12-15T05:30:41.138-0500][gc,phases      ] GC(7717)   Pre Evacuate Collection Set: 0.0ms
[2020-12-15T05:30:41.138-0500][gc,phases      ] GC(7717)   Evacuate Collection Set: 1.1ms
[2020-12-15T05:30:41.138-0500][gc,phases      ] GC(7717)   Post Evacuate Collection Set: 4.3ms
[2020-12-15T05:30:41.139-0500][gc,phases      ] GC(7717)   Other: 0.5ms
[2020-12-15T05:30:41.139-0500][gc,heap        ] GC(7717) Eden regions: 7->0(7)
[2020-12-15T05:30:41.139-0500][gc,heap        ] GC(7717) Survivor regions: 1->1(1)
[2020-12-15T05:30:41.139-0500][gc,heap        ] GC(7717) Old regions: 42->42
[2020-12-15T05:30:41.139-0500][gc,heap        ] GC(7717) Humongous regions: 4->4
[2020-12-15T05:30:41.139-0500][gc,metaspace   ] GC(7717) Metaspace: 48734K->48734K(1093632K)
[2020-12-15T05:30:41.139-0500][gc,heap        ] GC(7717) Heap after GC invocations=7718 (full 1595): garbage-first heap   total 63488K, used 42630K [0x0000000083000000, 0x0000000100000000)
[2020-12-15T05:30:41.139-0500][gc,heap        ] GC(7717)   region size 1024K, 1 young (1024K), 1 survivors (1024K)
[2020-12-15T05:30:41.139-0500][gc,heap        ] GC(7717)  Metaspace       used 48734K, capacity 50558K, committed 52992K, reserved 1093632K
[2020-12-15T05:30:41.139-0500][gc,heap        ] GC(7717)   class space    used 7296K, capacity 7963K, committed 8704K, reserved 1048576K
[2020-12-15T05:30:41.139-0500][gc             ] GC(7717) Pause Young (Normal) (G1 Evacuation Pause) 48M->41M(62M) 6.235ms
[2020-12-15T05:30:41.139-0500][gc,cpu         ] GC(7717) User=0.01s Sys=0.01s Real=0.01s
[2020-12-15T05:31:45.191-0500][gc,task        ] GC(7718) Using 5 workers of 8 for full compaction
[2020-12-15T05:31:45.191-0500][gc,start       ] GC(7718) Pause Full (System.gc())
[2020-12-15T05:31:45.191-0500][gc,heap        ] GC(7718) Heap before GC invocations=7718 (full 1595): garbage-first heap   total 63488K, used 45702K [0x0000000083000000, 0x0000000100000000)
[2020-12-15T05:31:45.191-0500][gc,heap        ] GC(7718)   region size 1024K, 5 young (5120K), 1 survivors (1024K)
[2020-12-15T05:31:45.191-0500][gc,heap        ] GC(7718)  Metaspace       used 48734K, capacity 50558K, committed 52992K, reserved 1093632K
[2020-12-15T05:31:45.191-0500][gc,heap        ] GC(7718)   class space    used 7296K, capacity 7963K, committed 8704K, reserved 1048576K
[2020-12-15T05:31:45.192-0500][gc,phases,start] GC(7718) Phase 1: Mark live objects
[2020-12-15T05:31:45.239-0500][gc,stringtable ] GC(7718) Cleaned string and symbol table, strings: 31802 processed, 0 removed, symbols: 119634 processed, 0 removed
[2020-12-15T05:31:45.239-0500][gc,phases      ] GC(7718) Phase 1: Mark live objects 47.002ms
[2020-12-15T05:31:45.239-0500][gc,phases,start] GC(7718) Phase 2: Prepare for compaction
[2020-12-15T05:31:45.243-0500][gc,phases      ] GC(7718) Phase 2: Prepare for compaction 3.919ms
[2020-12-15T05:31:45.243-0500][gc,phases,start] GC(7718) Phase 3: Adjust pointers
[2020-12-15T05:31:45.253-0500][gc,phases      ] GC(7718) Phase 3: Adjust pointers 10.476ms
[2020-12-15T05:31:45.253-0500][gc,phases,start] GC(7718) Phase 4: Compact heap
[2020-12-15T05:31:45.257-0500][gc,phases      ] GC(7718) Phase 4: Compact heap 3.853ms
[2020-12-15T05:31:45.262-0500][gc,heap        ] GC(7718) Eden regions: 4->0(10)
[2020-12-15T05:31:45.262-0500][gc,heap        ] GC(7718) Survivor regions: 1->0(1)
[2020-12-15T05:31:45.262-0500][gc,heap        ] GC(7718) Old regions: 42->40
[2020-12-15T05:31:45.262-0500][gc,heap        ] GC(7718) Humongous regions: 4->4
[2020-12-15T05:31:45.262-0500][gc,metaspace   ] GC(7718) Metaspace: 48734K->48734K(1093632K)
[2020-12-15T05:31:45.262-0500][gc,heap        ] GC(7718) Heap after GC invocations=7719 (full 1596): garbage-first heap   total 63488K, used 42565K [0x0000000083000000, 0x0000000100000000)
[2020-12-15T05:31:45.262-0500][gc,heap        ] GC(7718)   region size 1024K, 0 young (0K), 0 survivors (0K)
[2020-12-15T05:31:45.262-0500][gc,heap        ] GC(7718)  Metaspace       used 48734K, capacity 50558K, committed 52992K, reserved 1093632K
[2020-12-15T05:31:45.262-0500][gc,heap        ] GC(7718)   class space    used 7296K, capacity 7963K, committed 8704K, reserved 1048576K
[2020-12-15T05:31:45.262-0500][gc             ] GC(7718) Pause Full (System.gc()) 45M->41M(62M) 71.191ms
[2020-12-15T05:31:45.262-0500][gc,cpu         ] GC(7718) User=0.29s Sys=0.00s Real=0.07s
[2020-12-15T05:34:16.021-0500][gc,heap        ] GC(7719) Heap before GC invocations=7719 (full 1596): garbage-first heap   total 63488K, used 51781K [0x0000000083000000, 0x0000000100000000)
[2020-12-15T05:34:16.021-0500][gc,heap        ] GC(7719)   region size 1024K, 10 young (10240K), 0 survivors (0K)
[2020-12-15T05:34:16.021-0500][gc,heap        ] GC(7719)  Metaspace       used 48734K, capacity 50558K, committed 52992K, reserved 1093632K
[2020-12-15T05:34:16.021-0500][gc,heap        ] GC(7719)   class space    used 7296K, capacity 7963K, committed 8704K, reserved 1048576K
[2020-12-15T05:34:16.021-0500][gc,start       ] GC(7719) Pause Young (Normal) (G1 Evacuation Pause)
[2020-12-15T05:34:16.021-0500][gc,task        ] GC(7719) Using 8 workers of 8 for evacuation
[2020-12-15T05:34:16.026-0500][gc,phases      ] GC(7719)   Pre Evacuate Collection Set: 0.0ms
[2020-12-15T05:34:16.026-0500][gc,phases      ] GC(7719)   Evacuate Collection Set: 2.0ms
[2020-12-15T05:34:16.026-0500][gc,phases      ] GC(7719)   Post Evacuate Collection Set: 3.0ms
[2020-12-15T05:34:16.026-0500][gc,phases      ] GC(7719)   Other: 0.4ms
[2020-12-15T05:34:16.026-0500][gc,heap        ] GC(7719) Eden regions: 10->0(9)
[2020-12-15T05:34:16.026-0500][gc,heap        ] GC(7719) Survivor regions: 0->1(2)
[2020-12-15T05:34:16.026-0500][gc,heap        ] GC(7719) Old regions: 40->40
[2020-12-15T05:34:16.026-0500][gc,heap        ] GC(7719) Humongous regions: 4->4
[2020-12-15T05:34:16.026-0500][gc,metaspace   ] GC(7719) Metaspace: 48734K->48734K(1093632K)
[2020-12-15T05:34:16.026-0500][gc,heap        ] GC(7719) Heap after GC invocations=7720 (full 1596): garbage-first heap   total 63488K, used 42648K [0x0000000083000000, 0x0000000100000000)
[2020-12-15T05:34:16.027-0500][gc,heap        ] GC(7719)   region size 1024K, 1 young (1024K), 1 survivors (1024K)
[2020-12-15T05:34:16.027-0500][gc,heap        ] GC(7719)  Metaspace       used 48734K, capacity 50558K, committed 52992K, reserved 1093632K
[2020-12-15T05:34:16.027-0500][gc,heap        ] GC(7719)   class space    used 7296K, capacity 7963K, committed 8704K, reserved 1048576K
[2020-12-15T05:34:16.027-0500][gc             ] GC(7719) Pause Young (Normal) (G1 Evacuation Pause) 51M->41M(62M) 6.004ms
[2020-12-15T05:34:16.027-0500][gc,cpu         ] GC(7719) User=0.01s Sys=0.00s Real=0.00s
[2020-12-15T05:36:45.191-0500][gc,task        ] GC(7720) Using 5 workers of 8 for full compaction
[2020-12-15T05:36:45.192-0500][gc,start       ] GC(7720) Pause Full (System.gc())
[2020-12-15T05:36:45.192-0500][gc,heap        ] GC(7720) Heap before GC invocations=7720 (full 1596): garbage-first heap   total 63488K, used 49816K [0x0000000083000000, 0x0000000100000000)
[2020-12-15T05:36:45.192-0500][gc,heap        ] GC(7720)   region size 1024K, 10 young (10240K), 1 survivors (1024K)
[2020-12-15T05:36:45.192-0500][gc,heap        ] GC(7720)  Metaspace       used 48734K, capacity 50558K, committed 52992K, reserved 1093632K
[2020-12-15T05:36:45.192-0500][gc,heap        ] GC(7720)   class space    used 7296K, capacity 7963K, committed 8704K, reserved 1048576K
[2020-12-15T05:36:45.192-0500][gc,phases,start] GC(7720) Phase 1: Mark live objects
[2020-12-15T05:36:45.229-0500][gc,stringtable ] GC(7720) Cleaned string and symbol table, strings: 31802 processed, 0 removed, symbols: 119634 processed, 0 removed
[2020-12-15T05:36:45.230-0500][gc,phases      ] GC(7720) Phase 1: Mark live objects 37.237ms
[2020-12-15T05:36:45.230-0500][gc,phases,start] GC(7720) Phase 2: Prepare for compaction
[2020-12-15T05:36:45.235-0500][gc,phases      ] GC(7720) Phase 2: Prepare for compaction 5.019ms
[2020-12-15T05:36:45.235-0500][gc,phases,start] GC(7720) Phase 3: Adjust pointers
[2020-12-15T05:36:45.245-0500][gc,phases      ] GC(7720) Phase 3: Adjust pointers 10.469ms
[2020-12-15T05:36:45.245-0500][gc,phases,start] GC(7720) Phase 4: Compact heap
[2020-12-15T05:36:45.248-0500][gc,phases      ] GC(7720) Phase 4: Compact heap 2.534ms
[2020-12-15T05:36:45.253-0500][gc,heap        ] GC(7720) Eden regions: 9->0(8)
[2020-12-15T05:36:45.253-0500][gc,heap        ] GC(7720) Survivor regions: 1->0(2)
[2020-12-15T05:36:45.253-0500][gc,heap        ] GC(7720) Old regions: 40->42
[2020-12-15T05:36:45.253-0500][gc,heap        ] GC(7720) Humongous regions: 4->4
[2020-12-15T05:36:45.253-0500][gc,metaspace   ] GC(7720) Metaspace: 48734K->48734K(1093632K)
[2020-12-15T05:36:45.253-0500][gc,heap        ] GC(7720) Heap after GC invocations=7721 (full 1597): garbage-first heap   total 63488K, used 42586K [0x0000000083000000, 0x0000000100000000)
[2020-12-15T05:36:45.253-0500][gc,heap        ] GC(7720)   region size 1024K, 0 young (0K), 0 survivors (0K)
[2020-12-15T05:36:45.253-0500][gc,heap        ] GC(7720)  Metaspace       used 48734K, capacity 50558K, committed 52992K, reserved 1093632K
[2020-12-15T05:36:45.253-0500][gc,heap        ] GC(7720)   class space    used 7296K, capacity 7963K, committed 8704K, reserved 1048576K
[2020-12-15T05:36:45.253-0500][gc             ] GC(7720) Pause Full (System.gc()) 50M->41M(62M) 61.630ms
[2020-12-15T05:36:45.253-0500][gc,cpu         ] GC(7720) User=0.27s Sys=0.00s Real=0.06s
[2020-12-15T05:38:56.013-0500][gc,heap        ] GC(7721) Heap before GC invocations=7721 (full 1597): garbage-first heap   total 63488K, used 50778K [0x0000000083000000, 0x0000000100000000)
[2020-12-15T05:38:56.013-0500][gc,heap        ] GC(7721)   region size 1024K, 8 young (8192K), 0 survivors (0K)
[2020-12-15T05:38:56.013-0500][gc,heap        ] GC(7721)  Metaspace       used 48734K, capacity 50558K, committed 52992K, reserved 1093632K
[2020-12-15T05:38:56.013-0500][gc,heap        ] GC(7721)   class space    used 7296K, capacity 7963K, committed 8704K, reserved 1048576K
[2020-12-15T05:38:56.013-0500][gc,start       ] GC(7721) Pause Young (Normal) (G1 Evacuation Pause)
[2020-12-15T05:38:56.013-0500][gc,task        ] GC(7721) Using 8 workers of 8 for evacuation
[2020-12-15T05:38:56.021-0500][gc,phases      ] GC(7721)   Pre Evacuate Collection Set: 0.0ms
[2020-12-15T05:38:56.021-0500][gc,phases      ] GC(7721)   Evacuate Collection Set: 2.7ms
[2020-12-15T05:38:56.021-0500][gc,phases      ] GC(7721)   Post Evacuate Collection Set: 4.8ms
[2020-12-15T05:38:56.021-0500][gc,phases      ] GC(7721)   Other: 0.4ms
[2020-12-15T05:38:56.021-0500][gc,heap        ] GC(7721) Eden regions: 8->0(7)
[2020-12-15T05:38:56.021-0500][gc,heap        ] GC(7721) Survivor regions: 0->1(1)
[2020-12-15T05:38:56.021-0500][gc,heap        ] GC(7721) Old regions: 42->42
[2020-12-15T05:38:56.021-0500][gc,heap        ] GC(7721) Humongous regions: 4->4
[2020-12-15T05:38:56.021-0500][gc,metaspace   ] GC(7721) Metaspace: 48734K->48734K(1093632K)
[2020-12-15T05:38:56.021-0500][gc,heap        ] GC(7721) Heap after GC invocations=7722 (full 1597): garbage-first heap   total 63488K, used 42659K [0x0000000083000000, 0x0000000100000000)
[2020-12-15T05:38:56.021-0500][gc,heap        ] GC(7721)   region size 1024K, 1 young (1024K), 1 survivors (1024K)
[2020-12-15T05:38:56.021-0500][gc,heap        ] GC(7721)  Metaspace       used 48734K, capacity 50558K, committed 52992K, reserved 1093632K
[2020-12-15T05:38:56.021-0500][gc,heap        ] GC(7721)   class space    used 7296K, capacity 7963K, committed 8704K, reserved 1048576K
[2020-12-15T05:38:56.021-0500][gc             ] GC(7721) Pause Young (Normal) (G1 Evacuation Pause) 49M->41M(62M) 8.131ms
[2020-12-15T05:38:56.021-0500][gc,cpu         ] GC(7721) User=0.03s Sys=0.01s Real=0.01s
[2020-12-15T05:40:46.014-0500][gc,heap        ] GC(7722) Heap before GC invocations=7722 (full 1597): garbage-first heap   total 63488K, used 48803K [0x0000000083000000, 0x0000000100000000)
[2020-12-15T05:40:46.015-0500][gc,heap        ] GC(7722)   region size 1024K, 8 young (8192K), 1 survivors (1024K)
[2020-12-15T05:40:46.015-0500][gc,heap        ] GC(7722)  Metaspace       used 48734K, capacity 50558K, committed 52992K, reserved 1093632K
[2020-12-15T05:40:46.015-0500][gc,heap        ] GC(7722)   class space    used 7296K, capacity 7963K, committed 8704K, reserved 1048576K
[2020-12-15T05:40:46.015-0500][gc,start       ] GC(7722) Pause Young (Normal) (G1 Evacuation Pause)
[2020-12-15T05:40:46.015-0500][gc,task        ] GC(7722) Using 8 workers of 8 for evacuation
[2020-12-15T05:40:46.020-0500][gc,phases      ] GC(7722)   Pre Evacuate Collection Set: 0.0ms
[2020-12-15T05:40:46.020-0500][gc,phases      ] GC(7722)   Evacuate Collection Set: 1.5ms
[2020-12-15T05:40:46.020-0500][gc,phases      ] GC(7722)   Post Evacuate Collection Set: 2.9ms
[2020-12-15T05:40:46.020-0500][gc,phases      ] GC(7722)   Other: 0.6ms
[2020-12-15T05:40:46.020-0500][gc,heap        ] GC(7722) Eden regions: 7->0(7)
[2020-12-15T05:40:46.020-0500][gc,heap        ] GC(7722) Survivor regions: 1->1(1)
[2020-12-15T05:40:46.020-0500][gc,heap        ] GC(7722) Old regions: 42->42
[2020-12-15T05:40:46.020-0500][gc,heap        ] GC(7722) Humongous regions: 4->4
[2020-12-15T05:40:46.020-0500][gc,metaspace   ] GC(7722) Metaspace: 48734K->48734K(1093632K)
[2020-12-15T05:40:46.020-0500][gc,heap        ] GC(7722) Heap after GC invocations=7723 (full 1597): garbage-first heap   total 63488K, used 42663K [0x0000000083000000, 0x0000000100000000)
[2020-12-15T05:40:46.020-0500][gc,heap        ] GC(7722)   region size 1024K, 1 young (1024K), 1 survivors (1024K)
[2020-12-15T05:40:46.020-0500][gc,heap        ] GC(7722)  Metaspace       used 48734K, capacity 50558K, committed 52992K, reserved 1093632K
[2020-12-15T05:40:46.020-0500][gc,heap        ] GC(7722)   class space    used 7296K, capacity 7963K, committed 8704K, reserved 1048576K
[2020-12-15T05:40:46.020-0500][gc             ] GC(7722) Pause Young (Normal) (G1 Evacuation Pause) 48M->41M(62M) 5.388ms
[2020-12-15T05:40:46.020-0500][gc,cpu         ] GC(7722) User=0.01s Sys=0.00s Real=0.01s
[2020-12-15T05:41:45.191-0500][gc,task        ] GC(7723) Using 5 workers of 8 for full compaction
[2020-12-15T05:41:45.191-0500][gc,start       ] GC(7723) Pause Full (System.gc())
[2020-12-15T05:41:45.191-0500][gc,heap        ] GC(7723) Heap before GC invocations=7723 (full 1597): garbage-first heap   total 63488K, used 45735K [0x0000000083000000, 0x0000000100000000)
[2020-12-15T05:41:45.191-0500][gc,heap        ] GC(7723)   region size 1024K, 5 young (5120K), 1 survivors (1024K)
[2020-12-15T05:41:45.192-0500][gc,heap        ] GC(7723)  Metaspace       used 48734K, capacity 50558K, committed 52992K, reserved 1093632K
[2020-12-15T05:41:45.192-0500][gc,heap        ] GC(7723)   class space    used 7296K, capacity 7963K, committed 8704K, reserved 1048576K
[2020-12-15T05:41:45.192-0500][gc,phases,start] GC(7723) Phase 1: Mark live objects
[2020-12-15T05:41:45.212-0500][gc,stringtable ] GC(7723) Cleaned string and symbol table, strings: 31802 processed, 0 removed, symbols: 119634 processed, 0 removed
[2020-12-15T05:41:45.212-0500][gc,phases      ] GC(7723) Phase 1: Mark live objects 19.916ms
[2020-12-15T05:41:45.212-0500][gc,phases,start] GC(7723) Phase 2: Prepare for compaction
[2020-12-15T05:41:45.215-0500][gc,phases      ] GC(7723) Phase 2: Prepare for compaction 3.641ms
[2020-12-15T05:41:45.215-0500][gc,phases,start] GC(7723) Phase 3: Adjust pointers
[2020-12-15T05:41:45.226-0500][gc,phases      ] GC(7723) Phase 3: Adjust pointers 10.124ms
[2020-12-15T05:41:45.226-0500][gc,phases,start] GC(7723) Phase 4: Compact heap
[2020-12-15T05:41:45.229-0500][gc,phases      ] GC(7723) Phase 4: Compact heap 3.005ms
[2020-12-15T05:41:45.234-0500][gc,heap        ] GC(7723) Eden regions: 4->0(9)
[2020-12-15T05:41:45.234-0500][gc,heap        ] GC(7723) Survivor regions: 1->0(1)
[2020-12-15T05:41:45.234-0500][gc,heap        ] GC(7723) Old regions: 42->41
[2020-12-15T05:41:45.234-0500][gc,heap        ] GC(7723) Humongous regions: 4->4
[2020-12-15T05:41:45.234-0500][gc,metaspace   ] GC(7723) Metaspace: 48734K->48734K(1093632K)
[2020-12-15T05:41:45.234-0500][gc,heap        ] GC(7723) Heap after GC invocations=7724 (full 1598): garbage-first heap   total 63488K, used 42567K [0x0000000083000000, 0x0000000100000000)
[2020-12-15T05:41:45.234-0500][gc,heap        ] GC(7723)   region size 1024K, 0 young (0K), 0 survivors (0K)
[2020-12-15T05:41:45.234-0500][gc,heap        ] GC(7723)  Metaspace       used 48734K, capacity 50558K, committed 52992K, reserved 1093632K
[2020-12-15T05:41:45.234-0500][gc,heap        ] GC(7723)   class space    used 7296K, capacity 7963K, committed 8704K, reserved 1048576K
[2020-12-15T05:41:45.234-0500][gc             ] GC(7723) Pause Full (System.gc()) 45M->41M(62M) 42.647ms
[2020-12-15T05:41:45.234-0500][gc,cpu         ] GC(7723) User=0.17s Sys=0.00s Real=0.04s
[2020-12-15T05:44:06.018-0500][gc,heap        ] GC(7724) Heap before GC invocations=7724 (full 1598): garbage-first heap   total 63488K, used 51783K [0x0000000083000000, 0x0000000100000000)
[2020-12-15T05:44:06.018-0500][gc,heap        ] GC(7724)   region size 1024K, 9 young (9216K), 0 survivors (0K)
[2020-12-15T05:44:06.018-0500][gc,heap        ] GC(7724)  Metaspace       used 48734K, capacity 50558K, committed 52992K, reserved 1093632K
[2020-12-15T05:44:06.018-0500][gc,heap        ] GC(7724)   class space    used 7296K, capacity 7963K, committed 8704K, reserved 1048576K
[2020-12-15T05:44:06.018-0500][gc,start       ] GC(7724) Pause Young (Normal) (G1 Evacuation Pause)
[2020-12-15T05:44:06.018-0500][gc,task        ] GC(7724) Using 8 workers of 8 for evacuation
[2020-12-15T05:44:06.023-0500][gc,phases      ] GC(7724)   Pre Evacuate Collection Set: 0.0ms
[2020-12-15T05:44:06.023-0500][gc,phases      ] GC(7724)   Evacuate Collection Set: 1.9ms
[2020-12-15T05:44:06.023-0500][gc,phases      ] GC(7724)   Post Evacuate Collection Set: 2.6ms
[2020-12-15T05:44:06.023-0500][gc,phases      ] GC(7724)   Other: 0.4ms
[2020-12-15T05:44:06.023-0500][gc,heap        ] GC(7724) Eden regions: 9->0(8)
[2020-12-15T05:44:06.023-0500][gc,heap        ] GC(7724) Survivor regions: 0->1(2)
[2020-12-15T05:44:06.023-0500][gc,heap        ] GC(7724) Old regions: 41->41
[2020-12-15T05:44:06.023-0500][gc,heap        ] GC(7724) Humongous regions: 4->4
[2020-12-15T05:44:06.023-0500][gc,metaspace   ] GC(7724) Metaspace: 48734K->48734K(1093632K)
[2020-12-15T05:44:06.023-0500][gc,heap        ] GC(7724) Heap after GC invocations=7725 (full 1598): garbage-first heap   total 63488K, used 42655K [0x0000000083000000, 0x0000000100000000)
[2020-12-15T05:44:06.023-0500][gc,heap        ] GC(7724)   region size 1024K, 1 young (1024K), 1 survivors (1024K)
[2020-12-15T05:44:06.023-0500][gc,heap        ] GC(7724)  Metaspace       used 48734K, capacity 50558K, committed 52992K, reserved 1093632K
[2020-12-15T05:44:06.023-0500][gc,heap        ] GC(7724)   class space    used 7296K, capacity 7963K, committed 8704K, reserved 1048576K
[2020-12-15T05:44:06.023-0500][gc             ] GC(7724) Pause Young (Normal) (G1 Evacuation Pause) 50M->41M(62M) 5.109ms
[2020-12-15T05:44:06.023-0500][gc,cpu         ] GC(7724) User=0.01s Sys=0.01s Real=0.00s
[2020-12-15T05:46:16.012-0500][gc,heap        ] GC(7725) Heap before GC invocations=7725 (full 1598): garbage-first heap   total 63488K, used 49823K [0x0000000083000000, 0x0000000100000000)
[2020-12-15T05:46:16.013-0500][gc,heap        ] GC(7725)   region size 1024K, 9 young (9216K), 1 survivors (1024K)
[2020-12-15T05:46:16.013-0500][gc,heap        ] GC(7725)  Metaspace       used 48734K, capacity 50558K, committed 52992K, reserved 1093632K
[2020-12-15T05:46:16.013-0500][gc,heap        ] GC(7725)   class space    used 7296K, capacity 7963K, committed 8704K, reserved 1048576K
[2020-12-15T05:46:16.013-0500][gc,start       ] GC(7725) Pause Young (Normal) (G1 Evacuation Pause)
[2020-12-15T05:46:16.013-0500][gc,task        ] GC(7725) Using 8 workers of 8 for evacuation
[2020-12-15T05:46:16.015-0500][gc,phases      ] GC(7725)   Pre Evacuate Collection Set: 0.0ms
[2020-12-15T05:46:16.015-0500][gc,phases      ] GC(7725)   Evacuate Collection Set: 0.9ms
[2020-12-15T05:46:16.015-0500][gc,phases      ] GC(7725)   Post Evacuate Collection Set: 1.6ms
[2020-12-15T05:46:16.015-0500][gc,phases      ] GC(7725)   Other: 0.3ms
[2020-12-15T05:46:16.015-0500][gc,heap        ] GC(7725) Eden regions: 8->0(8)
[2020-12-15T05:46:16.015-0500][gc,heap        ] GC(7725) Survivor regions: 1->1(2)
[2020-12-15T05:46:16.015-0500][gc,heap        ] GC(7725) Old regions: 41->41
[2020-12-15T05:46:16.015-0500][gc,heap        ] GC(7725) Humongous regions: 4->4
[2020-12-15T05:46:16.015-0500][gc,metaspace   ] GC(7725) Metaspace: 48734K->48734K(1093632K)
[2020-12-15T05:46:16.015-0500][gc,heap        ] GC(7725) Heap after GC invocations=7726 (full 1598): garbage-first heap   total 63488K, used 42651K [0x0000000083000000, 0x0000000100000000)
[2020-12-15T05:46:16.015-0500][gc,heap        ] GC(7725)   region size 1024K, 1 young (1024K), 1 survivors (1024K)
[2020-12-15T05:46:16.015-0500][gc,heap        ] GC(7725)  Metaspace       used 48734K, capacity 50558K, committed 52992K, reserved 1093632K
[2020-12-15T05:46:16.015-0500][gc,heap        ] GC(7725)   class space    used 7296K, capacity 7963K, committed 8704K, reserved 1048576K
[2020-12-15T05:46:16.016-0500][gc             ] GC(7725) Pause Young (Normal) (G1 Evacuation Pause) 49M->41M(62M) 2.941ms
[2020-12-15T05:46:16.016-0500][gc,cpu         ] GC(7725) User=0.00s Sys=0.01s Real=0.00s
[2020-12-15T05:46:45.192-0500][gc,task        ] GC(7726) Using 5 workers of 8 for full compaction
[2020-12-15T05:46:45.192-0500][gc,start       ] GC(7726) Pause Full (System.gc())
[2020-12-15T05:46:45.192-0500][gc,heap        ] GC(7726) Heap before GC invocations=7726 (full 1598): garbage-first heap   total 63488K, used 43675K [0x0000000083000000, 0x0000000100000000)
[2020-12-15T05:46:45.192-0500][gc,heap        ] GC(7726)   region size 1024K, 3 young (3072K), 1 survivors (1024K)
[2020-12-15T05:46:45.192-0500][gc,heap        ] GC(7726)  Metaspace       used 48734K, capacity 50558K, committed 52992K, reserved 1093632K
[2020-12-15T05:46:45.192-0500][gc,heap        ] GC(7726)   class space    used 7296K, capacity 7963K, committed 8704K, reserved 1048576K
[2020-12-15T05:46:45.193-0500][gc,phases,start] GC(7726) Phase 1: Mark live objects
[2020-12-15T05:46:45.233-0500][gc,stringtable ] GC(7726) Cleaned string and symbol table, strings: 31802 processed, 0 removed, symbols: 119634 processed, 0 removed
[2020-12-15T05:46:45.233-0500][gc,phases      ] GC(7726) Phase 1: Mark live objects 40.274ms
[2020-12-15T05:46:45.233-0500][gc,phases,start] GC(7726) Phase 2: Prepare for compaction
[2020-12-15T05:46:45.239-0500][gc,phases      ] GC(7726) Phase 2: Prepare for compaction 5.711ms
[2020-12-15T05:46:45.239-0500][gc,phases,start] GC(7726) Phase 3: Adjust pointers
[2020-12-15T05:46:45.251-0500][gc,phases      ] GC(7726) Phase 3: Adjust pointers 11.930ms
[2020-12-15T05:46:45.251-0500][gc,phases,start] GC(7726) Phase 4: Compact heap
[2020-12-15T05:46:45.253-0500][gc,phases      ] GC(7726) Phase 4: Compact heap 2.315ms
[2020-12-15T05:46:45.258-0500][gc,heap        ] GC(7726) Eden regions: 2->0(10)
[2020-12-15T05:46:45.259-0500][gc,heap        ] GC(7726) Survivor regions: 1->0(2)
[2020-12-15T05:46:45.259-0500][gc,heap        ] GC(7726) Old regions: 41->40
[2020-12-15T05:46:45.259-0500][gc,heap        ] GC(7726) Humongous regions: 4->4
[2020-12-15T05:46:45.259-0500][gc,metaspace   ] GC(7726) Metaspace: 48734K->48734K(1093632K)
[2020-12-15T05:46:45.259-0500][gc,heap        ] GC(7726) Heap after GC invocations=7727 (full 1599): garbage-first heap   total 63488K, used 42554K [0x0000000083000000, 0x0000000100000000)
[2020-12-15T05:46:45.259-0500][gc,heap        ] GC(7726)   region size 1024K, 0 young (0K), 0 survivors (0K)
[2020-12-15T05:46:45.259-0500][gc,heap        ] GC(7726)  Metaspace       used 48734K, capacity 50558K, committed 52992K, reserved 1093632K
[2020-12-15T05:46:45.259-0500][gc,heap        ] GC(7726)   class space    used 7296K, capacity 7963K, committed 8704K, reserved 1048576K
[2020-12-15T05:46:45.259-0500][gc             ] GC(7726) Pause Full (System.gc()) 43M->41M(62M) 66.340ms
[2020-12-15T05:46:45.259-0500][gc,cpu         ] GC(7726) User=0.23s Sys=0.05s Real=0.07s
[2020-12-15T05:49:26.016-0500][gc,heap        ] GC(7727) Heap before GC invocations=7727 (full 1599): garbage-first heap   total 63488K, used 52794K [0x0000000083000000, 0x0000000100000000)
[2020-12-15T05:49:26.016-0500][gc,heap        ] GC(7727)   region size 1024K, 10 young (10240K), 0 survivors (0K)
[2020-12-15T05:49:26.016-0500][gc,heap        ] GC(7727)  Metaspace       used 48734K, capacity 50558K, committed 52992K, reserved 1093632K
[2020-12-15T05:49:26.016-0500][gc,heap        ] GC(7727)   class space    used 7296K, capacity 7963K, committed 8704K, reserved 1048576K
[2020-12-15T05:49:26.016-0500][gc,start       ] GC(7727) Pause Young (Normal) (G1 Evacuation Pause)
[2020-12-15T05:49:26.016-0500][gc,task        ] GC(7727) Using 8 workers of 8 for evacuation
[2020-12-15T05:49:26.039-0500][gc,phases      ] GC(7727)   Pre Evacuate Collection Set: 0.0ms
[2020-12-15T05:49:26.039-0500][gc,phases      ] GC(7727)   Evacuate Collection Set: 19.8ms
[2020-12-15T05:49:26.039-0500][gc,phases      ] GC(7727)   Post Evacuate Collection Set: 3.2ms
[2020-12-15T05:49:26.039-0500][gc,phases      ] GC(7727)   Other: 0.5ms
[2020-12-15T05:49:26.039-0500][gc,heap        ] GC(7727) Eden regions: 10->0(9)
[2020-12-15T05:49:26.039-0500][gc,heap        ] GC(7727) Survivor regions: 0->1(2)
[2020-12-15T05:49:26.039-0500][gc,heap        ] GC(7727) Old regions: 40->40
[2020-12-15T05:49:26.039-0500][gc,heap        ] GC(7727) Humongous regions: 4->4
[2020-12-15T05:49:26.039-0500][gc,metaspace   ] GC(7727) Metaspace: 48734K->48734K(1093632K)
[2020-12-15T05:49:26.039-0500][gc,heap        ] GC(7727) Heap after GC invocations=7728 (full 1599): garbage-first heap   total 63488K, used 42615K [0x0000000083000000, 0x0000000100000000)
[2020-12-15T05:49:26.039-0500][gc,heap        ] GC(7727)   region size 1024K, 1 young (1024K), 1 survivors (1024K)
[2020-12-15T05:49:26.040-0500][gc,heap        ] GC(7727)  Metaspace       used 48734K, capacity 50558K, committed 52992K, reserved 1093632K
[2020-12-15T05:49:26.040-0500][gc,heap        ] GC(7727)   class space    used 7296K, capacity 7963K, committed 8704K, reserved 1048576K
[2020-12-15T05:49:26.040-0500][gc             ] GC(7727) Pause Young (Normal) (G1 Evacuation Pause) 51M->41M(62M) 23.886ms
[2020-12-15T05:49:26.040-0500][gc,cpu         ] GC(7727) User=0.10s Sys=0.03s Real=0.03s
[2020-12-15T05:51:45.189-0500][gc,task        ] GC(7728) Using 5 workers of 8 for full compaction
[2020-12-15T05:51:45.190-0500][gc,start       ] GC(7728) Pause Full (System.gc())
[2020-12-15T05:51:45.190-0500][gc,heap        ] GC(7728) Heap before GC invocations=7728 (full 1599): garbage-first heap   total 63488K, used 50807K [0x0000000083000000, 0x0000000100000000)
[2020-12-15T05:51:45.190-0500][gc,heap        ] GC(7728)   region size 1024K, 10 young (10240K), 1 survivors (1024K)
[2020-12-15T05:51:45.190-0500][gc,heap        ] GC(7728)  Metaspace       used 48734K, capacity 50558K, committed 52992K, reserved 1093632K
[2020-12-15T05:51:45.190-0500][gc,heap        ] GC(7728)   class space    used 7296K, capacity 7963K, committed 8704K, reserved 1048576K
[2020-12-15T05:51:45.190-0500][gc,phases,start] GC(7728) Phase 1: Mark live objects
[2020-12-15T05:51:45.228-0500][gc,stringtable ] GC(7728) Cleaned string and symbol table, strings: 31807 processed, 0 removed, symbols: 119634 processed, 0 removed
[2020-12-15T05:51:45.228-0500][gc,phases      ] GC(7728) Phase 1: Mark live objects 37.640ms
[2020-12-15T05:51:45.228-0500][gc,phases,start] GC(7728) Phase 2: Prepare for compaction
[2020-12-15T05:51:45.232-0500][gc,phases      ] GC(7728) Phase 2: Prepare for compaction 3.961ms
[2020-12-15T05:51:45.232-0500][gc,phases,start] GC(7728) Phase 3: Adjust pointers
[2020-12-15T05:51:45.244-0500][gc,phases      ] GC(7728) Phase 3: Adjust pointers 12.346ms
[2020-12-15T05:51:45.244-0500][gc,phases,start] GC(7728) Phase 4: Compact heap
[2020-12-15T05:51:45.247-0500][gc,phases      ] GC(7728) Phase 4: Compact heap 2.219ms
[2020-12-15T05:51:45.252-0500][gc,heap        ] GC(7728) Eden regions: 9->0(10)
[2020-12-15T05:51:45.252-0500][gc,heap        ] GC(7728) Survivor regions: 1->0(2)
[2020-12-15T05:51:45.252-0500][gc,heap        ] GC(7728) Old regions: 40->40
[2020-12-15T05:51:45.252-0500][gc,heap        ] GC(7728) Humongous regions: 4->4
[2020-12-15T05:51:45.252-0500][gc,metaspace   ] GC(7728) Metaspace: 48734K->48734K(1093632K)
[2020-12-15T05:51:45.252-0500][gc,heap        ] GC(7728) Heap after GC invocations=7729 (full 1600): garbage-first heap   total 63488K, used 42593K [0x0000000083000000, 0x0000000100000000)
[2020-12-15T05:51:45.252-0500][gc,heap        ] GC(7728)   region size 1024K, 0 young (0K), 0 survivors (0K)
[2020-12-15T05:51:45.252-0500][gc,heap        ] GC(7728)  Metaspace       used 48734K, capacity 50558K, committed 52992K, reserved 1093632K
[2020-12-15T05:51:45.252-0500][gc,heap        ] GC(7728)   class space    used 7296K, capacity 7963K, committed 8704K, reserved 1048576K
[2020-12-15T05:51:45.252-0500][gc             ] GC(7728) Pause Full (System.gc()) 50M->41M(62M) 62.214ms
[2020-12-15T05:51:45.252-0500][gc,cpu         ] GC(7728) User=0.27s Sys=0.00s Real=0.06s
[2020-12-15T05:54:26.013-0500][gc,heap        ] GC(7729) Heap before GC invocations=7729 (full 1600): garbage-first heap   total 63488K, used 51809K [0x0000000083000000, 0x0000000100000000)
[2020-12-15T05:54:26.013-0500][gc,heap        ] GC(7729)   region size 1024K, 10 young (10240K), 0 survivors (0K)
[2020-12-15T05:54:26.013-0500][gc,heap        ] GC(7729)  Metaspace       used 48734K, capacity 50558K, committed 52992K, reserved 1093632K
[2020-12-15T05:54:26.013-0500][gc,heap        ] GC(7729)   class space    used 7296K, capacity 7963K, committed 8704K, reserved 1048576K
[2020-12-15T05:54:26.013-0500][gc,start       ] GC(7729) Pause Young (Normal) (G1 Evacuation Pause)
[2020-12-15T05:54:26.013-0500][gc,task        ] GC(7729) Using 8 workers of 8 for evacuation
[2020-12-15T05:54:26.016-0500][gc,phases      ] GC(7729)   Pre Evacuate Collection Set: 0.0ms
[2020-12-15T05:54:26.016-0500][gc,phases      ] GC(7729)   Evacuate Collection Set: 1.1ms
[2020-12-15T05:54:26.016-0500][gc,phases      ] GC(7729)   Post Evacuate Collection Set: 1.7ms
[2020-12-15T05:54:26.016-0500][gc,phases      ] GC(7729)   Other: 0.3ms
[2020-12-15T05:54:26.016-0500][gc,heap        ] GC(7729) Eden regions: 10->0(9)
[2020-12-15T05:54:26.016-0500][gc,heap        ] GC(7729) Survivor regions: 0->1(2)
[2020-12-15T05:54:26.016-0500][gc,heap        ] GC(7729) Old regions: 40->40
[2020-12-15T05:54:26.016-0500][gc,heap        ] GC(7729) Humongous regions: 4->4
[2020-12-15T05:54:26.016-0500][gc,metaspace   ] GC(7729) Metaspace: 48734K->48734K(1093632K)
[2020-12-15T05:54:26.016-0500][gc,heap        ] GC(7729) Heap after GC invocations=7730 (full 1600): garbage-first heap   total 63488K, used 42680K [0x0000000083000000, 0x0000000100000000)
[2020-12-15T05:54:26.016-0500][gc,heap        ] GC(7729)   region size 1024K, 1 young (1024K), 1 survivors (1024K)
[2020-12-15T05:54:26.016-0500][gc,heap        ] GC(7729)  Metaspace       used 48734K, capacity 50558K, committed 52992K, reserved 1093632K
[2020-12-15T05:54:26.016-0500][gc,heap        ] GC(7729)   class space    used 7296K, capacity 7963K, committed 8704K, reserved 1048576K
[2020-12-15T05:54:26.017-0500][gc             ] GC(7729) Pause Young (Normal) (G1 Evacuation Pause) 51M->41M(62M) 3.273ms
[2020-12-15T05:54:26.017-0500][gc,cpu         ] GC(7729) User=0.01s Sys=0.01s Real=0.00s
[2020-12-15T05:56:45.190-0500][gc,task        ] GC(7730) Using 5 workers of 8 for full compaction
[2020-12-15T05:56:45.190-0500][gc,start       ] GC(7730) Pause Full (System.gc())
[2020-12-15T05:56:45.190-0500][gc,heap        ] GC(7730) Heap before GC invocations=7730 (full 1600): garbage-first heap   total 63488K, used 49848K [0x0000000083000000, 0x0000000100000000)
[2020-12-15T05:56:45.190-0500][gc,heap        ] GC(7730)   region size 1024K, 10 young (10240K), 1 survivors (1024K)
[2020-12-15T05:56:45.190-0500][gc,heap        ] GC(7730)  Metaspace       used 48734K, capacity 50558K, committed 52992K, reserved 1093632K
[2020-12-15T05:56:45.191-0500][gc,heap        ] GC(7730)   class space    used 7296K, capacity 7963K, committed 8704K, reserved 1048576K
[2020-12-15T05:56:45.191-0500][gc,phases,start] GC(7730) Phase 1: Mark live objects
[2020-12-15T05:56:45.230-0500][gc,stringtable ] GC(7730) Cleaned string and symbol table, strings: 31807 processed, 0 removed, symbols: 119634 processed, 0 removed
[2020-12-15T05:56:45.230-0500][gc,phases      ] GC(7730) Phase 1: Mark live objects 39.492ms
[2020-12-15T05:56:45.230-0500][gc,phases,start] GC(7730) Phase 2: Prepare for compaction
[2020-12-15T05:56:45.235-0500][gc,phases      ] GC(7730) Phase 2: Prepare for compaction 4.302ms
[2020-12-15T05:56:45.235-0500][gc,phases,start] GC(7730) Phase 3: Adjust pointers
[2020-12-15T05:56:45.247-0500][gc,phases      ] GC(7730) Phase 3: Adjust pointers 11.890ms
[2020-12-15T05:56:45.247-0500][gc,phases,start] GC(7730) Phase 4: Compact heap
[2020-12-15T05:56:45.249-0500][gc,phases      ] GC(7730) Phase 4: Compact heap 2.389ms
[2020-12-15T05:56:45.255-0500][gc,heap        ] GC(7730) Eden regions: 9->0(9)
[2020-12-15T05:56:45.255-0500][gc,heap        ] GC(7730) Survivor regions: 1->0(2)
[2020-12-15T05:56:45.255-0500][gc,heap        ] GC(7730) Old regions: 40->41
[2020-12-15T05:56:45.255-0500][gc,heap        ] GC(7730) Humongous regions: 4->4
[2020-12-15T05:56:45.255-0500][gc,metaspace   ] GC(7730) Metaspace: 48734K->48734K(1093632K)
[2020-12-15T05:56:45.255-0500][gc,heap        ] GC(7730) Heap after GC invocations=7731 (full 1601): garbage-first heap   total 63488K, used 42584K [0x0000000083000000, 0x0000000100000000)
[2020-12-15T05:56:45.255-0500][gc,heap        ] GC(7730)   region size 1024K, 0 young (0K), 0 survivors (0K)
[2020-12-15T05:56:45.255-0500][gc,heap        ] GC(7730)  Metaspace       used 48734K, capacity 50558K, committed 52992K, reserved 1093632K
[2020-12-15T05:56:45.255-0500][gc,heap        ] GC(7730)   class space    used 7296K, capacity 7963K, committed 8704K, reserved 1048576K
[2020-12-15T05:56:45.255-0500][gc             ] GC(7730) Pause Full (System.gc()) 49M->41M(62M) 64.447ms
[2020-12-15T05:56:45.255-0500][gc,cpu         ] GC(7730) User=0.28s Sys=0.00s Real=0.06s
[2020-12-15T05:59:06.022-0500][gc,heap        ] GC(7731) Heap before GC invocations=7731 (full 1601): garbage-first heap   total 63488K, used 50776K [0x0000000083000000, 0x0000000100000000)
[2020-12-15T05:59:06.022-0500][gc,heap        ] GC(7731)   region size 1024K, 9 young (9216K), 0 survivors (0K)
[2020-12-15T05:59:06.022-0500][gc,heap        ] GC(7731)  Metaspace       used 48734K, capacity 50558K, committed 52992K, reserved 1093632K
[2020-12-15T05:59:06.022-0500][gc,heap        ] GC(7731)   class space    used 7296K, capacity 7963K, committed 8704K, reserved 1048576K
[2020-12-15T05:59:06.022-0500][gc,start       ] GC(7731) Pause Young (Normal) (G1 Evacuation Pause)
[2020-12-15T05:59:06.022-0500][gc,task        ] GC(7731) Using 8 workers of 8 for evacuation
[2020-12-15T05:59:06.039-0500][gc,phases      ] GC(7731)   Pre Evacuate Collection Set: 0.0ms
[2020-12-15T05:59:06.039-0500][gc,phases      ] GC(7731)   Evacuate Collection Set: 3.6ms
[2020-12-15T05:59:06.039-0500][gc,phases      ] GC(7731)   Post Evacuate Collection Set: 12.7ms
[2020-12-15T05:59:06.039-0500][gc,phases      ] GC(7731)   Other: 0.9ms
[2020-12-15T05:59:06.039-0500][gc,heap        ] GC(7731) Eden regions: 9->0(8)
[2020-12-15T05:59:06.040-0500][gc,heap        ] GC(7731) Survivor regions: 0->1(2)
[2020-12-15T05:59:06.040-0500][gc,heap        ] GC(7731) Old regions: 41->41
[2020-12-15T05:59:06.040-0500][gc,heap        ] GC(7731) Humongous regions: 4->4
[2020-12-15T05:59:06.040-0500][gc,metaspace   ] GC(7731) Metaspace: 48734K->48734K(1093632K)
[2020-12-15T05:59:06.040-0500][gc,heap        ] GC(7731) Heap after GC invocations=7732 (full 1601): garbage-first heap   total 63488K, used 42672K [0x0000000083000000, 0x0000000100000000)
[2020-12-15T05:59:06.040-0500][gc,heap        ] GC(7731)   region size 1024K, 1 young (1024K), 1 survivors (1024K)
[2020-12-15T05:59:06.040-0500][gc,heap        ] GC(7731)  Metaspace       used 48734K, capacity 50558K, committed 52992K, reserved 1093632K
[2020-12-15T05:59:06.040-0500][gc,heap        ] GC(7731)   class space    used 7296K, capacity 7963K, committed 8704K, reserved 1048576K
[2020-12-15T05:59:06.040-0500][gc             ] GC(7731) Pause Young (Normal) (G1 Evacuation Pause) 50M->41M(62M) 17.666ms
[2020-12-15T05:59:06.040-0500][gc,cpu         ] GC(7731) User=0.02s Sys=0.01s Real=0.02s
[2020-12-15T06:01:07.282-0500][gc,heap        ] GC(7732) Heap before GC invocations=7732 (full 1601): garbage-first heap   total 63488K, used 50864K [0x0000000083000000, 0x0000000100000000)
[2020-12-15T06:01:07.283-0500][gc,heap        ] GC(7732)   region size 1024K, 9 young (9216K), 1 survivors (1024K)
[2020-12-15T06:01:07.283-0500][gc,heap        ] GC(7732)  Metaspace       used 48734K, capacity 50558K, committed 52992K, reserved 1093632K
[2020-12-15T06:01:07.283-0500][gc,heap        ] GC(7732)   class space    used 7296K, capacity 7963K, committed 8704K, reserved 1048576K
[2020-12-15T06:01:07.283-0500][gc,start       ] GC(7732) Pause Young (Normal) (G1 Evacuation Pause)
[2020-12-15T06:01:07.283-0500][gc,task        ] GC(7732) Using 8 workers of 8 for evacuation
[2020-12-15T06:01:07.287-0500][gc,phases      ] GC(7732)   Pre Evacuate Collection Set: 0.0ms
[2020-12-15T06:01:07.287-0500][gc,phases      ] GC(7732)   Evacuate Collection Set: 1.3ms
[2020-12-15T06:01:07.287-0500][gc,phases      ] GC(7732)   Post Evacuate Collection Set: 2.7ms
[2020-12-15T06:01:07.287-0500][gc,phases      ] GC(7732)   Other: 0.5ms
[2020-12-15T06:01:07.287-0500][gc,heap        ] GC(7732) Eden regions: 8->0(8)
[2020-12-15T06:01:07.287-0500][gc,heap        ] GC(7732) Survivor regions: 1->1(2)
[2020-12-15T06:01:07.287-0500][gc,heap        ] GC(7732) Old regions: 41->41
[2020-12-15T06:01:07.287-0500][gc,heap        ] GC(7732) Humongous regions: 4->4
[2020-12-15T06:01:07.287-0500][gc,metaspace   ] GC(7732) Metaspace: 48734K->48734K(1093632K)
[2020-12-15T06:01:07.287-0500][gc,heap        ] GC(7732) Heap after GC invocations=7733 (full 1601): garbage-first heap   total 63488K, used 42651K [0x0000000083000000, 0x0000000100000000)
[2020-12-15T06:01:07.287-0500][gc,heap        ] GC(7732)   region size 1024K, 1 young (1024K), 1 survivors (1024K)
[2020-12-15T06:01:07.287-0500][gc,heap        ] GC(7732)  Metaspace       used 48734K, capacity 50558K, committed 52992K, reserved 1093632K
[2020-12-15T06:01:07.287-0500][gc,heap        ] GC(7732)   class space    used 7296K, capacity 7963K, committed 8704K, reserved 1048576K
[2020-12-15T06:01:07.287-0500][gc             ] GC(7732) Pause Young (Normal) (G1 Evacuation Pause) 49M->41M(62M) 4.638ms
[2020-12-15T06:01:07.287-0500][gc,cpu         ] GC(7732) User=0.01s Sys=0.01s Real=0.00s
[2020-12-15T06:01:45.189-0500][gc,task        ] GC(7733) Using 5 workers of 8 for full compaction
[2020-12-15T06:01:45.189-0500][gc,start       ] GC(7733) Pause Full (System.gc())
[2020-12-15T06:01:45.189-0500][gc,heap        ] GC(7733) Heap before GC invocations=7733 (full 1601): garbage-first heap   total 63488K, used 43675K [0x0000000083000000, 0x0000000100000000)
[2020-12-15T06:01:45.189-0500][gc,heap        ] GC(7733)   region size 1024K, 3 young (3072K), 1 survivors (1024K)
[2020-12-15T06:01:45.189-0500][gc,heap        ] GC(7733)  Metaspace       used 48734K, capacity 50558K, committed 52992K, reserved 1093632K
[2020-12-15T06:01:45.189-0500][gc,heap        ] GC(7733)   class space    used 7296K, capacity 7963K, committed 8704K, reserved 1048576K
[2020-12-15T06:01:45.190-0500][gc,phases,start] GC(7733) Phase 1: Mark live objects
[2020-12-15T06:01:45.228-0500][gc,stringtable ] GC(7733) Cleaned string and symbol table, strings: 31807 processed, 0 removed, symbols: 119634 processed, 0 removed
[2020-12-15T06:01:45.229-0500][gc,phases      ] GC(7733) Phase 1: Mark live objects 38.605ms
[2020-12-15T06:01:45.229-0500][gc,phases,start] GC(7733) Phase 2: Prepare for compaction
[2020-12-15T06:01:45.232-0500][gc,phases      ] GC(7733) Phase 2: Prepare for compaction 3.242ms
[2020-12-15T06:01:45.232-0500][gc,phases,start] GC(7733) Phase 3: Adjust pointers
[2020-12-15T06:01:45.241-0500][gc,phases      ] GC(7733) Phase 3: Adjust pointers 9.472ms
[2020-12-15T06:01:45.241-0500][gc,phases,start] GC(7733) Phase 4: Compact heap
[2020-12-15T06:01:45.244-0500][gc,phases      ] GC(7733) Phase 4: Compact heap 2.389ms
[2020-12-15T06:01:45.249-0500][gc,heap        ] GC(7733) Eden regions: 2->0(11)
[2020-12-15T06:01:45.249-0500][gc,heap        ] GC(7733) Survivor regions: 1->0(2)
[2020-12-15T06:01:45.249-0500][gc,heap        ] GC(7733) Old regions: 41->39
[2020-12-15T06:01:45.249-0500][gc,heap        ] GC(7733) Humongous regions: 4->4
[2020-12-15T06:01:45.249-0500][gc,metaspace   ] GC(7733) Metaspace: 48734K->48734K(1093632K)
[2020-12-15T06:01:45.249-0500][gc,heap        ] GC(7733) Heap after GC invocations=7734 (full 1602): garbage-first heap   total 63488K, used 42558K [0x0000000083000000, 0x0000000100000000)
[2020-12-15T06:01:45.249-0500][gc,heap        ] GC(7733)   region size 1024K, 0 young (0K), 0 survivors (0K)
[2020-12-15T06:01:45.249-0500][gc,heap        ] GC(7733)  Metaspace       used 48734K, capacity 50558K, committed 52992K, reserved 1093632K
[2020-12-15T06:01:45.249-0500][gc,heap        ] GC(7733)   class space    used 7296K, capacity 7963K, committed 8704K, reserved 1048576K
[2020-12-15T06:01:45.249-0500][gc             ] GC(7733) Pause Full (System.gc()) 43M->41M(62M) 60.092ms
[2020-12-15T06:01:45.249-0500][gc,cpu         ] GC(7733) User=0.26s Sys=0.00s Real=0.06s
[2020-12-15T06:04:37.409-0500][gc,heap        ] GC(7734) Heap before GC invocations=7734 (full 1602): garbage-first heap   total 63488K, used 53822K [0x0000000083000000, 0x0000000100000000)
[2020-12-15T06:04:37.409-0500][gc,heap        ] GC(7734)   region size 1024K, 11 young (11264K), 0 survivors (0K)
[2020-12-15T06:04:37.409-0500][gc,heap        ] GC(7734)  Metaspace       used 48734K, capacity 50558K, committed 52992K, reserved 1093632K
[2020-12-15T06:04:37.409-0500][gc,heap        ] GC(7734)   class space    used 7296K, capacity 7963K, committed 8704K, reserved 1048576K
[2020-12-15T06:04:37.409-0500][gc,start       ] GC(7734) Pause Young (Normal) (G1 Evacuation Pause)
[2020-12-15T06:04:37.409-0500][gc,task        ] GC(7734) Using 8 workers of 8 for evacuation
[2020-12-15T06:04:37.413-0500][gc,phases      ] GC(7734)   Pre Evacuate Collection Set: 0.0ms
[2020-12-15T06:04:37.413-0500][gc,phases      ] GC(7734)   Evacuate Collection Set: 1.2ms
[2020-12-15T06:04:37.413-0500][gc,phases      ] GC(7734)   Post Evacuate Collection Set: 2.4ms
[2020-12-15T06:04:37.413-0500][gc,phases      ] GC(7734)   Other: 0.4ms
[2020-12-15T06:04:37.413-0500][gc,heap        ] GC(7734) Eden regions: 11->0(10)
[2020-12-15T06:04:37.413-0500][gc,heap        ] GC(7734) Survivor regions: 0->1(2)
[2020-12-15T06:04:37.413-0500][gc,heap        ] GC(7734) Old regions: 39->39
[2020-12-15T06:04:37.413-0500][gc,heap        ] GC(7734) Humongous regions: 4->4
[2020-12-15T06:04:37.413-0500][gc,metaspace   ] GC(7734) Metaspace: 48734K->48734K(1093632K)
[2020-12-15T06:04:37.413-0500][gc,heap        ] GC(7734) Heap after GC invocations=7735 (full 1602): garbage-first heap   total 63488K, used 42623K [0x0000000083000000, 0x0000000100000000)
[2020-12-15T06:04:37.413-0500][gc,heap        ] GC(7734)   region size 1024K, 1 young (1024K), 1 survivors (1024K)
[2020-12-15T06:04:37.413-0500][gc,heap        ] GC(7734)  Metaspace       used 48734K, capacity 50558K, committed 52992K, reserved 1093632K
[2020-12-15T06:04:37.413-0500][gc,heap        ] GC(7734)   class space    used 7296K, capacity 7963K, committed 8704K, reserved 1048576K
[2020-12-15T06:04:37.413-0500][gc             ] GC(7734) Pause Young (Normal) (G1 Evacuation Pause) 52M->41M(62M) 4.236ms
[2020-12-15T06:04:37.413-0500][gc,cpu         ] GC(7734) User=0.00s Sys=0.01s Real=0.00s
[2020-12-15T06:06:45.190-0500][gc,task        ] GC(7735) Using 5 workers of 8 for full compaction
[2020-12-15T06:06:45.190-0500][gc,start       ] GC(7735) Pause Full (System.gc())
[2020-12-15T06:06:45.190-0500][gc,heap        ] GC(7735) Heap before GC invocations=7735 (full 1602): garbage-first heap   total 63488K, used 49791K [0x0000000083000000, 0x0000000100000000)
[2020-12-15T06:06:45.190-0500][gc,heap        ] GC(7735)   region size 1024K, 9 young (9216K), 1 survivors (1024K)
[2020-12-15T06:06:45.190-0500][gc,heap        ] GC(7735)  Metaspace       used 48734K, capacity 50558K, committed 52992K, reserved 1093632K
[2020-12-15T06:06:45.190-0500][gc,heap        ] GC(7735)   class space    used 7296K, capacity 7963K, committed 8704K, reserved 1048576K
[2020-12-15T06:06:45.191-0500][gc,phases,start] GC(7735) Phase 1: Mark live objects
[2020-12-15T06:06:45.229-0500][gc,stringtable ] GC(7735) Cleaned string and symbol table, strings: 31807 processed, 0 removed, symbols: 119634 processed, 0 removed
[2020-12-15T06:06:45.229-0500][gc,phases      ] GC(7735) Phase 1: Mark live objects 37.867ms
[2020-12-15T06:06:45.229-0500][gc,phases,start] GC(7735) Phase 2: Prepare for compaction
[2020-12-15T06:06:45.232-0500][gc,phases      ] GC(7735) Phase 2: Prepare for compaction 3.334ms
[2020-12-15T06:06:45.232-0500][gc,phases,start] GC(7735) Phase 3: Adjust pointers
[2020-12-15T06:06:45.242-0500][gc,phases      ] GC(7735) Phase 3: Adjust pointers 9.645ms
[2020-12-15T06:06:45.242-0500][gc,phases,start] GC(7735) Phase 4: Compact heap
[2020-12-15T06:06:45.244-0500][gc,phases      ] GC(7735) Phase 4: Compact heap 2.195ms
[2020-12-15T06:06:45.250-0500][gc,heap        ] GC(7735) Eden regions: 8->0(9)
[2020-12-15T06:06:45.250-0500][gc,heap        ] GC(7735) Survivor regions: 1->0(2)
[2020-12-15T06:06:45.250-0500][gc,heap        ] GC(7735) Old regions: 39->41
[2020-12-15T06:06:45.250-0500][gc,heap        ] GC(7735) Humongous regions: 4->4
[2020-12-15T06:06:45.250-0500][gc,metaspace   ] GC(7735) Metaspace: 48734K->48734K(1093632K)
[2020-12-15T06:06:45.250-0500][gc,heap        ] GC(7735) Heap after GC invocations=7736 (full 1603): garbage-first heap   total 63488K, used 42583K [0x0000000083000000, 0x0000000100000000)
[2020-12-15T06:06:45.250-0500][gc,heap        ] GC(7735)   region size 1024K, 0 young (0K), 0 survivors (0K)
[2020-12-15T06:06:45.250-0500][gc,heap        ] GC(7735)  Metaspace       used 48734K, capacity 50558K, committed 52992K, reserved 1093632K
[2020-12-15T06:06:45.250-0500][gc,heap        ] GC(7735)   class space    used 7296K, capacity 7963K, committed 8704K, reserved 1048576K
[2020-12-15T06:06:45.250-0500][gc             ] GC(7735) Pause Full (System.gc()) 49M->41M(62M) 59.580ms
[2020-12-15T06:06:45.250-0500][gc,cpu         ] GC(7735) User=0.25s Sys=0.00s Real=0.06s
[2020-12-15T06:09:06.013-0500][gc,heap        ] GC(7736) Heap before GC invocations=7736 (full 1603): garbage-first heap   total 63488K, used 51799K [0x0000000083000000, 0x0000000100000000)
[2020-12-15T06:09:06.013-0500][gc,heap        ] GC(7736)   region size 1024K, 9 young (9216K), 0 survivors (0K)
[2020-12-15T06:09:06.014-0500][gc,heap        ] GC(7736)  Metaspace       used 48734K, capacity 50558K, committed 52992K, reserved 1093632K
[2020-12-15T06:09:06.014-0500][gc,heap        ] GC(7736)   class space    used 7296K, capacity 7963K, committed 8704K, reserved 1048576K
[2020-12-15T06:09:06.014-0500][gc,start       ] GC(7736) Pause Young (Normal) (G1 Evacuation Pause)
[2020-12-15T06:09:06.014-0500][gc,task        ] GC(7736) Using 8 workers of 8 for evacuation
[2020-12-15T06:09:06.018-0500][gc,phases      ] GC(7736)   Pre Evacuate Collection Set: 0.0ms
[2020-12-15T06:09:06.018-0500][gc,phases      ] GC(7736)   Evacuate Collection Set: 1.9ms
[2020-12-15T06:09:06.018-0500][gc,phases      ] GC(7736)   Post Evacuate Collection Set: 2.5ms
[2020-12-15T06:09:06.018-0500][gc,phases      ] GC(7736)   Other: 0.5ms
[2020-12-15T06:09:06.018-0500][gc,heap        ] GC(7736) Eden regions: 9->0(8)
[2020-12-15T06:09:06.018-0500][gc,heap        ] GC(7736) Survivor regions: 0->1(2)
[2020-12-15T06:09:06.018-0500][gc,heap        ] GC(7736) Old regions: 41->41
[2020-12-15T06:09:06.018-0500][gc,heap        ] GC(7736) Humongous regions: 4->4
[2020-12-15T06:09:06.018-0500][gc,metaspace   ] GC(7736) Metaspace: 48734K->48734K(1093632K)
[2020-12-15T06:09:06.019-0500][gc,heap        ] GC(7736) Heap after GC invocations=7737 (full 1603): garbage-first heap   total 63488K, used 42654K [0x0000000083000000, 0x0000000100000000)
[2020-12-15T06:09:06.019-0500][gc,heap        ] GC(7736)   region size 1024K, 1 young (1024K), 1 survivors (1024K)
[2020-12-15T06:09:06.019-0500][gc,heap        ] GC(7736)  Metaspace       used 48734K, capacity 50558K, committed 52992K, reserved 1093632K
[2020-12-15T06:09:06.019-0500][gc,heap        ] GC(7736)   class space    used 7296K, capacity 7963K, committed 8704K, reserved 1048576K
[2020-12-15T06:09:06.019-0500][gc             ] GC(7736) Pause Young (Normal) (G1 Evacuation Pause) 50M->41M(62M) 5.006ms
[2020-12-15T06:09:06.019-0500][gc,cpu         ] GC(7736) User=0.00s Sys=0.00s Real=0.01s
[2020-12-15T06:11:16.013-0500][gc,heap        ] GC(7737) Heap before GC invocations=7737 (full 1603): garbage-first heap   total 63488K, used 49822K [0x0000000083000000, 0x0000000100000000)
[2020-12-15T06:11:16.013-0500][gc,heap        ] GC(7737)   region size 1024K, 9 young (9216K), 1 survivors (1024K)
[2020-12-15T06:11:16.013-0500][gc,heap        ] GC(7737)  Metaspace       used 48734K, capacity 50558K, committed 52992K, reserved 1093632K
[2020-12-15T06:11:16.013-0500][gc,heap        ] GC(7737)   class space    used 7296K, capacity 7963K, committed 8704K, reserved 1048576K
[2020-12-15T06:11:16.013-0500][gc,start       ] GC(7737) Pause Young (Normal) (G1 Evacuation Pause)
[2020-12-15T06:11:16.014-0500][gc,task        ] GC(7737) Using 8 workers of 8 for evacuation
[2020-12-15T06:11:16.017-0500][gc,phases      ] GC(7737)   Pre Evacuate Collection Set: 0.0ms
[2020-12-15T06:11:16.017-0500][gc,phases      ] GC(7737)   Evacuate Collection Set: 1.3ms
[2020-12-15T06:11:16.017-0500][gc,phases      ] GC(7737)   Post Evacuate Collection Set: 2.4ms
[2020-12-15T06:11:16.017-0500][gc,phases      ] GC(7737)   Other: 0.5ms
[2020-12-15T06:11:16.018-0500][gc,heap        ] GC(7737) Eden regions: 8->0(8)
[2020-12-15T06:11:16.018-0500][gc,heap        ] GC(7737) Survivor regions: 1->1(2)
[2020-12-15T06:11:16.018-0500][gc,heap        ] GC(7737) Old regions: 41->41
[2020-12-15T06:11:16.018-0500][gc,heap        ] GC(7737) Humongous regions: 4->4
[2020-12-15T06:11:16.018-0500][gc,metaspace   ] GC(7737) Metaspace: 48734K->48734K(1093632K)
[2020-12-15T06:11:16.018-0500][gc,heap        ] GC(7737) Heap after GC invocations=7738 (full 1603): garbage-first heap   total 63488K, used 42654K [0x0000000083000000, 0x0000000100000000)
[2020-12-15T06:11:16.018-0500][gc,heap        ] GC(7737)   region size 1024K, 1 young (1024K), 1 survivors (1024K)
[2020-12-15T06:11:16.018-0500][gc,heap        ] GC(7737)  Metaspace       used 48734K, capacity 50558K, committed 52992K, reserved 1093632K
[2020-12-15T06:11:16.018-0500][gc,heap        ] GC(7737)   class space    used 7296K, capacity 7963K, committed 8704K, reserved 1048576K
[2020-12-15T06:11:16.018-0500][gc             ] GC(7737) Pause Young (Normal) (G1 Evacuation Pause) 49M->41M(62M) 4.239ms
[2020-12-15T06:11:16.018-0500][gc,cpu         ] GC(7737) User=0.01s Sys=0.01s Real=0.01s
[2020-12-15T06:11:45.192-0500][gc,task        ] GC(7738) Using 5 workers of 8 for full compaction
[2020-12-15T06:11:45.192-0500][gc,start       ] GC(7738) Pause Full (System.gc())
[2020-12-15T06:11:45.192-0500][gc,heap        ] GC(7738) Heap before GC invocations=7738 (full 1603): garbage-first heap   total 63488K, used 43678K [0x0000000083000000, 0x0000000100000000)
[2020-12-15T06:11:45.192-0500][gc,heap        ] GC(7738)   region size 1024K, 3 young (3072K), 1 survivors (1024K)
[2020-12-15T06:11:45.192-0500][gc,heap        ] GC(7738)  Metaspace       used 48734K, capacity 50558K, committed 52992K, reserved 1093632K
[2020-12-15T06:11:45.192-0500][gc,heap        ] GC(7738)   class space    used 7296K, capacity 7963K, committed 8704K, reserved 1048576K
[2020-12-15T06:11:45.192-0500][gc,phases,start] GC(7738) Phase 1: Mark live objects
[2020-12-15T06:11:45.230-0500][gc,stringtable ] GC(7738) Cleaned string and symbol table, strings: 31807 processed, 0 removed, symbols: 119634 processed, 0 removed
[2020-12-15T06:11:45.231-0500][gc,phases      ] GC(7738) Phase 1: Mark live objects 38.178ms
[2020-12-15T06:11:45.231-0500][gc,phases,start] GC(7738) Phase 2: Prepare for compaction
[2020-12-15T06:11:45.235-0500][gc,phases      ] GC(7738) Phase 2: Prepare for compaction 4.008ms
[2020-12-15T06:11:45.235-0500][gc,phases,start] GC(7738) Phase 3: Adjust pointers
[2020-12-15T06:11:45.245-0500][gc,phases      ] GC(7738) Phase 3: Adjust pointers 9.971ms
[2020-12-15T06:11:45.245-0500][gc,phases,start] GC(7738) Phase 4: Compact heap
[2020-12-15T06:11:45.247-0500][gc,phases      ] GC(7738) Phase 4: Compact heap 2.298ms
[2020-12-15T06:11:45.253-0500][gc,heap        ] GC(7738) Eden regions: 2->0(10)
[2020-12-15T06:11:45.253-0500][gc,heap        ] GC(7738) Survivor regions: 1->0(2)
[2020-12-15T06:11:45.253-0500][gc,heap        ] GC(7738) Old regions: 41->40
[2020-12-15T06:11:45.253-0500][gc,heap        ] GC(7738) Humongous regions: 4->4
[2020-12-15T06:11:45.253-0500][gc,metaspace   ] GC(7738) Metaspace: 48734K->48734K(1093632K)
[2020-12-15T06:11:45.253-0500][gc,heap        ] GC(7738) Heap after GC invocations=7739 (full 1604): garbage-first heap   total 63488K, used 42552K [0x0000000083000000, 0x0000000100000000)
[2020-12-15T06:11:45.253-0500][gc,heap        ] GC(7738)   region size 1024K, 0 young (0K), 0 survivors (0K)
[2020-12-15T06:11:45.253-0500][gc,heap        ] GC(7738)  Metaspace       used 48734K, capacity 50558K, committed 52992K, reserved 1093632K
[2020-12-15T06:11:45.253-0500][gc,heap        ] GC(7738)   class space    used 7296K, capacity 7963K, committed 8704K, reserved 1048576K
[2020-12-15T06:11:45.253-0500][gc             ] GC(7738) Pause Full (System.gc()) 43M->41M(62M) 60.952ms
[2020-12-15T06:11:45.253-0500][gc,cpu         ] GC(7738) User=0.26s Sys=0.00s Real=0.06s
[2020-12-15T06:14:26.016-0500][gc,heap        ] GC(7739) Heap before GC invocations=7739 (full 1604): garbage-first heap   total 63488K, used 52792K [0x0000000083000000, 0x0000000100000000)
[2020-12-15T06:14:26.016-0500][gc,heap        ] GC(7739)   region size 1024K, 10 young (10240K), 0 survivors (0K)
[2020-12-15T06:14:26.016-0500][gc,heap        ] GC(7739)  Metaspace       used 48734K, capacity 50558K, committed 52992K, reserved 1093632K
[2020-12-15T06:14:26.016-0500][gc,heap        ] GC(7739)   class space    used 7296K, capacity 7963K, committed 8704K, reserved 1048576K
[2020-12-15T06:14:26.016-0500][gc,start       ] GC(7739) Pause Young (Normal) (G1 Evacuation Pause)
[2020-12-15T06:14:26.016-0500][gc,task        ] GC(7739) Using 8 workers of 8 for evacuation
[2020-12-15T06:14:26.021-0500][gc,phases      ] GC(7739)   Pre Evacuate Collection Set: 0.0ms
[2020-12-15T06:14:26.021-0500][gc,phases      ] GC(7739)   Evacuate Collection Set: 1.7ms
[2020-12-15T06:14:26.021-0500][gc,phases      ] GC(7739)   Post Evacuate Collection Set: 3.1ms
[2020-12-15T06:14:26.021-0500][gc,phases      ] GC(7739)   Other: 0.6ms
[2020-12-15T06:14:26.021-0500][gc,heap        ] GC(7739) Eden regions: 10->0(9)
[2020-12-15T06:14:26.021-0500][gc,heap        ] GC(7739) Survivor regions: 0->1(2)
[2020-12-15T06:14:26.021-0500][gc,heap        ] GC(7739) Old regions: 40->40
[2020-12-15T06:14:26.021-0500][gc,heap        ] GC(7739) Humongous regions: 4->4
[2020-12-15T06:14:26.021-0500][gc,metaspace   ] GC(7739) Metaspace: 48734K->48734K(1093632K)
[2020-12-15T06:14:26.021-0500][gc,heap        ] GC(7739) Heap after GC invocations=7740 (full 1604): garbage-first heap   total 63488K, used 42623K [0x0000000083000000, 0x0000000100000000)
[2020-12-15T06:14:26.021-0500][gc,heap        ] GC(7739)   region size 1024K, 1 young (1024K), 1 survivors (1024K)
[2020-12-15T06:14:26.021-0500][gc,heap        ] GC(7739)  Metaspace       used 48734K, capacity 50558K, committed 52992K, reserved 1093632K
[2020-12-15T06:14:26.021-0500][gc,heap        ] GC(7739)   class space    used 7296K, capacity 7963K, committed 8704K, reserved 1048576K
[2020-12-15T06:14:26.021-0500][gc             ] GC(7739) Pause Young (Normal) (G1 Evacuation Pause) 51M->41M(62M) 5.560ms
[2020-12-15T06:14:26.022-0500][gc,cpu         ] GC(7739) User=0.01s Sys=0.00s Real=0.01s
[2020-12-15T06:16:45.189-0500][gc,task        ] GC(7740) Using 5 workers of 8 for full compaction
[2020-12-15T06:16:45.189-0500][gc,start       ] GC(7740) Pause Full (System.gc())
[2020-12-15T06:16:45.189-0500][gc,heap        ] GC(7740) Heap before GC invocations=7740 (full 1604): garbage-first heap   total 63488K, used 50815K [0x0000000083000000, 0x0000000100000000)
[2020-12-15T06:16:45.189-0500][gc,heap        ] GC(7740)   region size 1024K, 10 young (10240K), 1 survivors (1024K)
[2020-12-15T06:16:45.189-0500][gc,heap        ] GC(7740)  Metaspace       used 48734K, capacity 50558K, committed 52992K, reserved 1093632K
[2020-12-15T06:16:45.189-0500][gc,heap        ] GC(7740)   class space    used 7296K, capacity 7963K, committed 8704K, reserved 1048576K
[2020-12-15T06:16:45.190-0500][gc,phases,start] GC(7740) Phase 1: Mark live objects
[2020-12-15T06:16:45.232-0500][gc,stringtable ] GC(7740) Cleaned string and symbol table, strings: 31807 processed, 0 removed, symbols: 119634 processed, 0 removed
[2020-12-15T06:16:45.232-0500][gc,phases      ] GC(7740) Phase 1: Mark live objects 42.483ms
[2020-12-15T06:16:45.232-0500][gc,phases,start] GC(7740) Phase 2: Prepare for compaction
[2020-12-15T06:16:45.236-0500][gc,phases      ] GC(7740) Phase 2: Prepare for compaction 3.870ms
[2020-12-15T06:16:45.236-0500][gc,phases,start] GC(7740) Phase 3: Adjust pointers
[2020-12-15T06:16:45.246-0500][gc,phases      ] GC(7740) Phase 3: Adjust pointers 9.884ms
[2020-12-15T06:16:45.246-0500][gc,phases,start] GC(7740) Phase 4: Compact heap
[2020-12-15T06:16:45.249-0500][gc,phases      ] GC(7740) Phase 4: Compact heap 3.207ms
[2020-12-15T06:16:45.255-0500][gc,heap        ] GC(7740) Eden regions: 9->0(10)
[2020-12-15T06:16:45.255-0500][gc,heap        ] GC(7740) Survivor regions: 1->0(2)
[2020-12-15T06:16:45.255-0500][gc,heap        ] GC(7740) Old regions: 40->40
[2020-12-15T06:16:45.255-0500][gc,heap        ] GC(7740) Humongous regions: 4->4
[2020-12-15T06:16:45.255-0500][gc,metaspace   ] GC(7740) Metaspace: 48734K->48734K(1093632K)
[2020-12-15T06:16:45.255-0500][gc,heap        ] GC(7740) Heap after GC invocations=7741 (full 1605): garbage-first heap   total 63488K, used 42593K [0x0000000083000000, 0x0000000100000000)
[2020-12-15T06:16:45.255-0500][gc,heap        ] GC(7740)   region size 1024K, 0 young (0K), 0 survivors (0K)
[2020-12-15T06:16:45.255-0500][gc,heap        ] GC(7740)  Metaspace       used 48734K, capacity 50558K, committed 52992K, reserved 1093632K
[2020-12-15T06:16:45.255-0500][gc,heap        ] GC(7740)   class space    used 7296K, capacity 7963K, committed 8704K, reserved 1048576K
[2020-12-15T06:16:45.255-0500][gc             ] GC(7740) Pause Full (System.gc()) 50M->41M(62M) 65.377ms
[2020-12-15T06:16:45.255-0500][gc,cpu         ] GC(7740) User=0.22s Sys=0.06s Real=0.06s
[2020-12-15T06:19:16.017-0500][gc,heap        ] GC(7741) Heap before GC invocations=7741 (full 1605): garbage-first heap   total 63488K, used 52833K [0x0000000083000000, 0x0000000100000000)
[2020-12-15T06:19:16.017-0500][gc,heap        ] GC(7741)   region size 1024K, 10 young (10240K), 0 survivors (0K)
[2020-12-15T06:19:16.017-0500][gc,heap        ] GC(7741)  Metaspace       used 48734K, capacity 50558K, committed 52992K, reserved 1093632K
[2020-12-15T06:19:16.017-0500][gc,heap        ] GC(7741)   class space    used 7296K, capacity 7963K, committed 8704K, reserved 1048576K
[2020-12-15T06:19:16.018-0500][gc,start       ] GC(7741) Pause Young (Normal) (G1 Evacuation Pause)
[2020-12-15T06:19:16.018-0500][gc,task        ] GC(7741) Using 8 workers of 8 for evacuation
[2020-12-15T06:19:16.022-0500][gc,phases      ] GC(7741)   Pre Evacuate Collection Set: 0.0ms
[2020-12-15T06:19:16.022-0500][gc,phases      ] GC(7741)   Evacuate Collection Set: 1.5ms
[2020-12-15T06:19:16.022-0500][gc,phases      ] GC(7741)   Post Evacuate Collection Set: 2.9ms
[2020-12-15T06:19:16.022-0500][gc,phases      ] GC(7741)   Other: 0.5ms
[2020-12-15T06:19:16.022-0500][gc,heap        ] GC(7741) Eden regions: 10->0(9)
[2020-12-15T06:19:16.022-0500][gc,heap        ] GC(7741) Survivor regions: 0->1(2)
[2020-12-15T06:19:16.022-0500][gc,heap        ] GC(7741) Old regions: 40->40
[2020-12-15T06:19:16.022-0500][gc,heap        ] GC(7741) Humongous regions: 4->4
[2020-12-15T06:19:16.022-0500][gc,metaspace   ] GC(7741) Metaspace: 48734K->48734K(1093632K)
[2020-12-15T06:19:16.022-0500][gc,heap        ] GC(7741) Heap after GC invocations=7742 (full 1605): garbage-first heap   total 63488K, used 42670K [0x0000000083000000, 0x0000000100000000)
[2020-12-15T06:19:16.022-0500][gc,heap        ] GC(7741)   region size 1024K, 1 young (1024K), 1 survivors (1024K)
[2020-12-15T06:19:16.022-0500][gc,heap        ] GC(7741)  Metaspace       used 48734K, capacity 50558K, committed 52992K, reserved 1093632K
[2020-12-15T06:19:16.023-0500][gc,heap        ] GC(7741)   class space    used 7296K, capacity 7963K, committed 8704K, reserved 1048576K
[2020-12-15T06:19:16.023-0500][gc             ] GC(7741) Pause Young (Normal) (G1 Evacuation Pause) 51M->41M(62M) 5.032ms
[2020-12-15T06:19:16.023-0500][gc,cpu         ] GC(7741) User=0.01s Sys=0.01s Real=0.01s
[2020-12-15T06:21:45.190-0500][gc,task        ] GC(7742) Using 5 workers of 8 for full compaction
[2020-12-15T06:21:45.190-0500][gc,start       ] GC(7742) Pause Full (System.gc())
[2020-12-15T06:21:45.190-0500][gc,heap        ] GC(7742) Heap before GC invocations=7742 (full 1605): garbage-first heap   total 63488K, used 50862K [0x0000000083000000, 0x0000000100000000)
[2020-12-15T06:21:45.190-0500][gc,heap        ] GC(7742)   region size 1024K, 10 young (10240K), 1 survivors (1024K)
[2020-12-15T06:21:45.190-0500][gc,heap        ] GC(7742)  Metaspace       used 48734K, capacity 50558K, committed 52992K, reserved 1093632K
[2020-12-15T06:21:45.190-0500][gc,heap        ] GC(7742)   class space    used 7296K, capacity 7963K, committed 8704K, reserved 1048576K
[2020-12-15T06:21:45.191-0500][gc,phases,start] GC(7742) Phase 1: Mark live objects
[2020-12-15T06:21:45.233-0500][gc,stringtable ] GC(7742) Cleaned string and symbol table, strings: 31807 processed, 0 removed, symbols: 119634 processed, 0 removed
[2020-12-15T06:21:45.233-0500][gc,phases      ] GC(7742) Phase 1: Mark live objects 42.043ms
[2020-12-15T06:21:45.233-0500][gc,phases,start] GC(7742) Phase 2: Prepare for compaction
[2020-12-15T06:21:45.237-0500][gc,phases      ] GC(7742) Phase 2: Prepare for compaction 4.339ms
[2020-12-15T06:21:45.237-0500][gc,phases,start] GC(7742) Phase 3: Adjust pointers
[2020-12-15T06:21:45.249-0500][gc,phases      ] GC(7742) Phase 3: Adjust pointers 11.935ms
[2020-12-15T06:21:45.249-0500][gc,phases,start] GC(7742) Phase 4: Compact heap
[2020-12-15T06:21:45.252-0500][gc,phases      ] GC(7742) Phase 4: Compact heap 3.238ms
[2020-12-15T06:21:45.258-0500][gc,heap        ] GC(7742) Eden regions: 9->0(10)
[2020-12-15T06:21:45.259-0500][gc,heap        ] GC(7742) Survivor regions: 1->0(2)
[2020-12-15T06:21:45.259-0500][gc,heap        ] GC(7742) Old regions: 40->40
[2020-12-15T06:21:45.259-0500][gc,heap        ] GC(7742) Humongous regions: 4->4
[2020-12-15T06:21:45.259-0500][gc,metaspace   ] GC(7742) Metaspace: 48734K->48734K(1093632K)
[2020-12-15T06:21:45.259-0500][gc,heap        ] GC(7742) Heap after GC invocations=7743 (full 1606): garbage-first heap   total 63488K, used 42591K [0x0000000083000000, 0x0000000100000000)
[2020-12-15T06:21:45.259-0500][gc,heap        ] GC(7742)   region size 1024K, 0 young (0K), 0 survivors (0K)
[2020-12-15T06:21:45.259-0500][gc,heap        ] GC(7742)  Metaspace       used 48734K, capacity 50558K, committed 52992K, reserved 1093632K
[2020-12-15T06:21:45.259-0500][gc,heap        ] GC(7742)   class space    used 7296K, capacity 7963K, committed 8704K, reserved 1048576K
[2020-12-15T06:21:45.259-0500][gc             ] GC(7742) Pause Full (System.gc()) 50M->41M(62M) 68.552ms
[2020-12-15T06:21:45.259-0500][gc,cpu         ] GC(7742) User=0.28s Sys=0.00s Real=0.07s
[2020-12-15T06:24:26.016-0500][gc,heap        ] GC(7743) Heap before GC invocations=7743 (full 1606): garbage-first heap   total 63488K, used 51807K [0x0000000083000000, 0x0000000100000000)
[2020-12-15T06:24:26.016-0500][gc,heap        ] GC(7743)   region size 1024K, 10 young (10240K), 0 survivors (0K)
[2020-12-15T06:24:26.016-0500][gc,heap        ] GC(7743)  Metaspace       used 48734K, capacity 50558K, committed 52992K, reserved 1093632K
[2020-12-15T06:24:26.016-0500][gc,heap        ] GC(7743)   class space    used 7296K, capacity 7963K, committed 8704K, reserved 1048576K
[2020-12-15T06:24:26.016-0500][gc,start       ] GC(7743) Pause Young (Normal) (G1 Evacuation Pause)
[2020-12-15T06:24:26.016-0500][gc,task        ] GC(7743) Using 8 workers of 8 for evacuation
[2020-12-15T06:24:26.021-0500][gc,phases      ] GC(7743)   Pre Evacuate Collection Set: 0.0ms
[2020-12-15T06:24:26.021-0500][gc,phases      ] GC(7743)   Evacuate Collection Set: 1.3ms
[2020-12-15T06:24:26.021-0500][gc,phases      ] GC(7743)   Post Evacuate Collection Set: 2.9ms
[2020-12-15T06:24:26.021-0500][gc,phases      ] GC(7743)   Other: 0.5ms
[2020-12-15T06:24:26.021-0500][gc,heap        ] GC(7743) Eden regions: 10->0(9)
[2020-12-15T06:24:26.021-0500][gc,heap        ] GC(7743) Survivor regions: 0->1(2)
[2020-12-15T06:24:26.021-0500][gc,heap        ] GC(7743) Old regions: 40->40
[2020-12-15T06:24:26.021-0500][gc,heap        ] GC(7743) Humongous regions: 4->4
[2020-12-15T06:24:26.021-0500][gc,metaspace   ] GC(7743) Metaspace: 48734K->48734K(1093632K)
[2020-12-15T06:24:26.021-0500][gc,heap        ] GC(7743) Heap after GC invocations=7744 (full 1606): garbage-first heap   total 63488K, used 42675K [0x0000000083000000, 0x0000000100000000)
[2020-12-15T06:24:26.021-0500][gc,heap        ] GC(7743)   region size 1024K, 1 young (1024K), 1 survivors (1024K)
[2020-12-15T06:24:26.021-0500][gc,heap        ] GC(7743)  Metaspace       used 48734K, capacity 50558K, committed 52992K, reserved 1093632K
[2020-12-15T06:24:26.021-0500][gc,heap        ] GC(7743)   class space    used 7296K, capacity 7963K, committed 8704K, reserved 1048576K
[2020-12-15T06:24:26.021-0500][gc             ] GC(7743) Pause Young (Normal) (G1 Evacuation Pause) 51M->41M(62M) 4.802ms
[2020-12-15T06:24:26.021-0500][gc,cpu         ] GC(7743) User=0.00s Sys=0.01s Real=0.01s
[2020-12-15T06:26:45.191-0500][gc,task        ] GC(7744) Using 5 workers of 8 for full compaction
[2020-12-15T06:26:45.191-0500][gc,start       ] GC(7744) Pause Full (System.gc())
[2020-12-15T06:26:45.191-0500][gc,heap        ] GC(7744) Heap before GC invocations=7744 (full 1606): garbage-first heap   total 63488K, used 50867K [0x0000000083000000, 0x0000000100000000)
[2020-12-15T06:26:45.191-0500][gc,heap        ] GC(7744)   region size 1024K, 10 young (10240K), 1 survivors (1024K)
[2020-12-15T06:26:45.191-0500][gc,heap        ] GC(7744)  Metaspace       used 48734K, capacity 50558K, committed 52992K, reserved 1093632K
[2020-12-15T06:26:45.191-0500][gc,heap        ] GC(7744)   class space    used 7296K, capacity 7963K, committed 8704K, reserved 1048576K
[2020-12-15T06:26:45.192-0500][gc,phases,start] GC(7744) Phase 1: Mark live objects
[2020-12-15T06:26:45.235-0500][gc,stringtable ] GC(7744) Cleaned string and symbol table, strings: 31807 processed, 0 removed, symbols: 119634 processed, 0 removed
[2020-12-15T06:26:45.235-0500][gc,phases      ] GC(7744) Phase 1: Mark live objects 42.956ms
[2020-12-15T06:26:45.235-0500][gc,phases,start] GC(7744) Phase 2: Prepare for compaction
[2020-12-15T06:26:45.238-0500][gc,phases      ] GC(7744) Phase 2: Prepare for compaction 3.433ms
[2020-12-15T06:26:45.238-0500][gc,phases,start] GC(7744) Phase 3: Adjust pointers
[2020-12-15T06:26:45.248-0500][gc,phases      ] GC(7744) Phase 3: Adjust pointers 9.565ms
[2020-12-15T06:26:45.248-0500][gc,phases,start] GC(7744) Phase 4: Compact heap
[2020-12-15T06:26:45.250-0500][gc,phases      ] GC(7744) Phase 4: Compact heap 2.454ms
[2020-12-15T06:26:45.256-0500][gc,heap        ] GC(7744) Eden regions: 9->0(9)
[2020-12-15T06:26:45.256-0500][gc,heap        ] GC(7744) Survivor regions: 1->0(2)
[2020-12-15T06:26:45.256-0500][gc,heap        ] GC(7744) Old regions: 40->41
[2020-12-15T06:26:45.256-0500][gc,heap        ] GC(7744) Humongous regions: 4->4
[2020-12-15T06:26:45.256-0500][gc,metaspace   ] GC(7744) Metaspace: 48734K->48734K(1093632K)
[2020-12-15T06:26:45.256-0500][gc,heap        ] GC(7744) Heap after GC invocations=7745 (full 1607): garbage-first heap   total 63488K, used 42589K [0x0000000083000000, 0x0000000100000000)
[2020-12-15T06:26:45.256-0500][gc,heap        ] GC(7744)   region size 1024K, 0 young (0K), 0 survivors (0K)
[2020-12-15T06:26:45.256-0500][gc,heap        ] GC(7744)  Metaspace       used 48734K, capacity 50558K, committed 52992K, reserved 1093632K
[2020-12-15T06:26:45.256-0500][gc,heap        ] GC(7744)   class space    used 7296K, capacity 7963K, committed 8704K, reserved 1048576K
[2020-12-15T06:26:45.256-0500][gc             ] GC(7744) Pause Full (System.gc()) 50M->41M(62M) 64.740ms
[2020-12-15T06:26:45.256-0500][gc,cpu         ] GC(7744) User=0.28s Sys=0.00s Real=0.06s
[2020-12-15T06:29:06.014-0500][gc,heap        ] GC(7745) Heap before GC invocations=7745 (full 1607): garbage-first heap   total 63488K, used 51805K [0x0000000083000000, 0x0000000100000000)
[2020-12-15T06:29:06.014-0500][gc,heap        ] GC(7745)   region size 1024K, 9 young (9216K), 0 survivors (0K)
[2020-12-15T06:29:06.014-0500][gc,heap        ] GC(7745)  Metaspace       used 48734K, capacity 50558K, committed 52992K, reserved 1093632K
[2020-12-15T06:29:06.014-0500][gc,heap        ] GC(7745)   class space    used 7296K, capacity 7963K, committed 8704K, reserved 1048576K
[2020-12-15T06:29:06.014-0500][gc,start       ] GC(7745) Pause Young (Normal) (G1 Evacuation Pause)
[2020-12-15T06:29:06.014-0500][gc,task        ] GC(7745) Using 8 workers of 8 for evacuation
[2020-12-15T06:29:06.017-0500][gc,phases      ] GC(7745)   Pre Evacuate Collection Set: 0.0ms
[2020-12-15T06:29:06.017-0500][gc,phases      ] GC(7745)   Evacuate Collection Set: 1.1ms
[2020-12-15T06:29:06.017-0500][gc,phases      ] GC(7745)   Post Evacuate Collection Set: 2.2ms
[2020-12-15T06:29:06.017-0500][gc,phases      ] GC(7745)   Other: 0.4ms
[2020-12-15T06:29:06.018-0500][gc,heap        ] GC(7745) Eden regions: 9->0(8)
[2020-12-15T06:29:06.018-0500][gc,heap        ] GC(7745) Survivor regions: 0->1(2)
[2020-12-15T06:29:06.018-0500][gc,heap        ] GC(7745) Old regions: 41->41
[2020-12-15T06:29:06.018-0500][gc,heap        ] GC(7745) Humongous regions: 4->4
[2020-12-15T06:29:06.018-0500][gc,metaspace   ] GC(7745) Metaspace: 48734K->48734K(1093632K)
[2020-12-15T06:29:06.018-0500][gc,heap        ] GC(7745) Heap after GC invocations=7746 (full 1607): garbage-first heap   total 63488K, used 42652K [0x0000000083000000, 0x0000000100000000)
[2020-12-15T06:29:06.018-0500][gc,heap        ] GC(7745)   region size 1024K, 1 young (1024K), 1 survivors (1024K)
[2020-12-15T06:29:06.018-0500][gc,heap        ] GC(7745)  Metaspace       used 48734K, capacity 50558K, committed 52992K, reserved 1093632K
[2020-12-15T06:29:06.018-0500][gc,heap        ] GC(7745)   class space    used 7296K, capacity 7963K, committed 8704K, reserved 1048576K
[2020-12-15T06:29:06.018-0500][gc             ] GC(7745) Pause Young (Normal) (G1 Evacuation Pause) 50M->41M(62M) 3.976ms
[2020-12-15T06:29:06.018-0500][gc,cpu         ] GC(7745) User=0.01s Sys=0.00s Real=0.00s
[2020-12-15T06:31:16.016-0500][gc,heap        ] GC(7746) Heap before GC invocations=7746 (full 1607): garbage-first heap   total 63488K, used 50844K [0x0000000083000000, 0x0000000100000000)
[2020-12-15T06:31:16.016-0500][gc,heap        ] GC(7746)   region size 1024K, 9 young (9216K), 1 survivors (1024K)
[2020-12-15T06:31:16.016-0500][gc,heap        ] GC(7746)  Metaspace       used 48734K, capacity 50558K, committed 52992K, reserved 1093632K
[2020-12-15T06:31:16.016-0500][gc,heap        ] GC(7746)   class space    used 7296K, capacity 7963K, committed 8704K, reserved 1048576K
[2020-12-15T06:31:16.016-0500][gc,start       ] GC(7746) Pause Young (Normal) (G1 Evacuation Pause)
[2020-12-15T06:31:16.016-0500][gc,task        ] GC(7746) Using 8 workers of 8 for evacuation
[2020-12-15T06:31:16.022-0500][gc,phases      ] GC(7746)   Pre Evacuate Collection Set: 0.0ms
[2020-12-15T06:31:16.022-0500][gc,phases      ] GC(7746)   Evacuate Collection Set: 3.7ms
[2020-12-15T06:31:16.022-0500][gc,phases      ] GC(7746)   Post Evacuate Collection Set: 2.2ms
[2020-12-15T06:31:16.022-0500][gc,phases      ] GC(7746)   Other: 0.4ms
[2020-12-15T06:31:16.022-0500][gc,heap        ] GC(7746) Eden regions: 8->0(8)
[2020-12-15T06:31:16.022-0500][gc,heap        ] GC(7746) Survivor regions: 1->1(2)
[2020-12-15T06:31:16.022-0500][gc,heap        ] GC(7746) Old regions: 41->41
[2020-12-15T06:31:16.022-0500][gc,heap        ] GC(7746) Humongous regions: 4->4
[2020-12-15T06:31:16.022-0500][gc,metaspace   ] GC(7746) Metaspace: 48734K->48734K(1093632K)
[2020-12-15T06:31:16.022-0500][gc,heap        ] GC(7746) Heap after GC invocations=7747 (full 1607): garbage-first heap   total 63488K, used 42664K [0x0000000083000000, 0x0000000100000000)
[2020-12-15T06:31:16.022-0500][gc,heap        ] GC(7746)   region size 1024K, 1 young (1024K), 1 survivors (1024K)
[2020-12-15T06:31:16.022-0500][gc,heap        ] GC(7746)  Metaspace       used 48734K, capacity 50558K, committed 52992K, reserved 1093632K
[2020-12-15T06:31:16.023-0500][gc,heap        ] GC(7746)   class space    used 7296K, capacity 7963K, committed 8704K, reserved 1048576K
[2020-12-15T06:31:16.023-0500][gc             ] GC(7746) Pause Young (Normal) (G1 Evacuation Pause) 49M->41M(62M) 6.590ms
[2020-12-15T06:31:16.023-0500][gc,cpu         ] GC(7746) User=0.03s Sys=0.00s Real=0.01s
[2020-12-15T06:31:45.190-0500][gc,task        ] GC(7747) Using 5 workers of 8 for full compaction
[2020-12-15T06:31:45.190-0500][gc,start       ] GC(7747) Pause Full (System.gc())
[2020-12-15T06:31:45.190-0500][gc,heap        ] GC(7747) Heap before GC invocations=7747 (full 1607): garbage-first heap   total 63488K, used 42664K [0x0000000083000000, 0x0000000100000000)
[2020-12-15T06:31:45.190-0500][gc,heap        ] GC(7747)   region size 1024K, 3 young (3072K), 1 survivors (1024K)
[2020-12-15T06:31:45.190-0500][gc,heap        ] GC(7747)  Metaspace       used 48734K, capacity 50558K, committed 52992K, reserved 1093632K
[2020-12-15T06:31:45.190-0500][gc,heap        ] GC(7747)   class space    used 7296K, capacity 7963K, committed 8704K, reserved 1048576K
[2020-12-15T06:31:45.191-0500][gc,phases,start] GC(7747) Phase 1: Mark live objects
[2020-12-15T06:31:45.236-0500][gc,stringtable ] GC(7747) Cleaned string and symbol table, strings: 31807 processed, 0 removed, symbols: 119634 processed, 0 removed
[2020-12-15T06:31:45.236-0500][gc,phases      ] GC(7747) Phase 1: Mark live objects 44.984ms
[2020-12-15T06:31:45.236-0500][gc,phases,start] GC(7747) Phase 2: Prepare for compaction
[2020-12-15T06:31:45.239-0500][gc,phases      ] GC(7747) Phase 2: Prepare for compaction 3.320ms
[2020-12-15T06:31:45.239-0500][gc,phases,start] GC(7747) Phase 3: Adjust pointers
[2020-12-15T06:31:45.248-0500][gc,phases      ] GC(7747) Phase 3: Adjust pointers 9.159ms
[2020-12-15T06:31:45.248-0500][gc,phases,start] GC(7747) Phase 4: Compact heap
[2020-12-15T06:31:45.251-0500][gc,phases      ] GC(7747) Phase 4: Compact heap 2.680ms
[2020-12-15T06:31:45.257-0500][gc,heap        ] GC(7747) Eden regions: 2->0(10)
[2020-12-15T06:31:45.257-0500][gc,heap        ] GC(7747) Survivor regions: 1->0(2)
[2020-12-15T06:31:45.257-0500][gc,heap        ] GC(7747) Old regions: 41->40
[2020-12-15T06:31:45.257-0500][gc,heap        ] GC(7747) Humongous regions: 4->4
[2020-12-15T06:31:45.257-0500][gc,metaspace   ] GC(7747) Metaspace: 48734K->48734K(1093632K)
[2020-12-15T06:31:45.257-0500][gc,heap        ] GC(7747) Heap after GC invocations=7748 (full 1608): garbage-first heap   total 63488K, used 42553K [0x0000000083000000, 0x0000000100000000)
[2020-12-15T06:31:45.257-0500][gc,heap        ] GC(7747)   region size 1024K, 0 young (0K), 0 survivors (0K)
[2020-12-15T06:31:45.257-0500][gc,heap        ] GC(7747)  Metaspace       used 48734K, capacity 50558K, committed 52992K, reserved 1093632K
[2020-12-15T06:31:45.257-0500][gc,heap        ] GC(7747)   class space    used 7296K, capacity 7963K, committed 8704K, reserved 1048576K
[2020-12-15T06:31:45.257-0500][gc             ] GC(7747) Pause Full (System.gc()) 43M->41M(62M) 66.252ms
[2020-12-15T06:31:45.257-0500][gc,cpu         ] GC(7747) User=0.29s Sys=0.00s Real=0.06s
[2020-12-15T06:34:18.418-0500][gc,heap        ] GC(7748) Heap before GC invocations=7748 (full 1608): garbage-first heap   total 63488K, used 52793K [0x0000000083000000, 0x0000000100000000)
[2020-12-15T06:34:18.418-0500][gc,heap        ] GC(7748)   region size 1024K, 10 young (10240K), 0 survivors (0K)
[2020-12-15T06:34:18.418-0500][gc,heap        ] GC(7748)  Metaspace       used 48734K, capacity 50558K, committed 52992K, reserved 1093632K
[2020-12-15T06:34:18.418-0500][gc,heap        ] GC(7748)   class space    used 7296K, capacity 7963K, committed 8704K, reserved 1048576K
[2020-12-15T06:34:18.418-0500][gc,start       ] GC(7748) Pause Young (Normal) (G1 Evacuation Pause)
[2020-12-15T06:34:18.418-0500][gc,task        ] GC(7748) Using 8 workers of 8 for evacuation
[2020-12-15T06:34:18.422-0500][gc,phases      ] GC(7748)   Pre Evacuate Collection Set: 0.0ms
[2020-12-15T06:34:18.422-0500][gc,phases      ] GC(7748)   Evacuate Collection Set: 1.5ms
[2020-12-15T06:34:18.422-0500][gc,phases      ] GC(7748)   Post Evacuate Collection Set: 2.3ms
[2020-12-15T06:34:18.422-0500][gc,phases      ] GC(7748)   Other: 0.4ms
[2020-12-15T06:34:18.422-0500][gc,heap        ] GC(7748) Eden regions: 10->0(9)
[2020-12-15T06:34:18.422-0500][gc,heap        ] GC(7748) Survivor regions: 0->1(2)
[2020-12-15T06:34:18.422-0500][gc,heap        ] GC(7748) Old regions: 40->40
[2020-12-15T06:34:18.422-0500][gc,heap        ] GC(7748) Humongous regions: 4->4
[2020-12-15T06:34:18.422-0500][gc,metaspace   ] GC(7748) Metaspace: 48734K->48734K(1093632K)
[2020-12-15T06:34:18.422-0500][gc,heap        ] GC(7748) Heap after GC invocations=7749 (full 1608): garbage-first heap   total 63488K, used 42624K [0x0000000083000000, 0x0000000100000000)
[2020-12-15T06:34:18.422-0500][gc,heap        ] GC(7748)   region size 1024K, 1 young (1024K), 1 survivors (1024K)
[2020-12-15T06:34:18.422-0500][gc,heap        ] GC(7748)  Metaspace       used 48734K, capacity 50558K, committed 52992K, reserved 1093632K
[2020-12-15T06:34:18.422-0500][gc,heap        ] GC(7748)   class space    used 7296K, capacity 7963K, committed 8704K, reserved 1048576K
[2020-12-15T06:34:18.422-0500][gc             ] GC(7748) Pause Young (Normal) (G1 Evacuation Pause) 51M->41M(62M) 4.491ms
[2020-12-15T06:34:18.423-0500][gc,cpu         ] GC(7748) User=0.01s Sys=0.01s Real=0.00s
[2020-12-15T06:36:45.191-0500][gc,task        ] GC(7749) Using 5 workers of 8 for full compaction
[2020-12-15T06:36:45.191-0500][gc,start       ] GC(7749) Pause Full (System.gc())
[2020-12-15T06:36:45.192-0500][gc,heap        ] GC(7749) Heap before GC invocations=7749 (full 1608): garbage-first heap   total 63488K, used 49792K [0x0000000083000000, 0x0000000100000000)
[2020-12-15T06:36:45.192-0500][gc,heap        ] GC(7749)   region size 1024K, 10 young (10240K), 1 survivors (1024K)
[2020-12-15T06:36:45.192-0500][gc,heap        ] GC(7749)  Metaspace       used 48734K, capacity 50558K, committed 52992K, reserved 1093632K
[2020-12-15T06:36:45.192-0500][gc,heap        ] GC(7749)   class space    used 7296K, capacity 7963K, committed 8704K, reserved 1048576K
[2020-12-15T06:36:45.192-0500][gc,phases,start] GC(7749) Phase 1: Mark live objects
[2020-12-15T06:36:45.237-0500][gc,stringtable ] GC(7749) Cleaned string and symbol table, strings: 31807 processed, 0 removed, symbols: 119634 processed, 0 removed
[2020-12-15T06:36:45.237-0500][gc,phases      ] GC(7749) Phase 1: Mark live objects 45.217ms
[2020-12-15T06:36:45.237-0500][gc,phases,start] GC(7749) Phase 2: Prepare for compaction
[2020-12-15T06:36:45.241-0500][gc,phases      ] GC(7749) Phase 2: Prepare for compaction 4.032ms
[2020-12-15T06:36:45.241-0500][gc,phases,start] GC(7749) Phase 3: Adjust pointers
[2020-12-15T06:36:45.253-0500][gc,phases      ] GC(7749) Phase 3: Adjust pointers 11.475ms
[2020-12-15T06:36:45.253-0500][gc,phases,start] GC(7749) Phase 4: Compact heap
[2020-12-15T06:36:45.256-0500][gc,phases      ] GC(7749) Phase 4: Compact heap 3.413ms
[2020-12-15T06:36:45.263-0500][gc,heap        ] GC(7749) Eden regions: 9->0(9)
[2020-12-15T06:36:45.263-0500][gc,heap        ] GC(7749) Survivor regions: 1->0(2)
[2020-12-15T06:36:45.263-0500][gc,heap        ] GC(7749) Old regions: 40->41
[2020-12-15T06:36:45.263-0500][gc,heap        ] GC(7749) Humongous regions: 4->4
[2020-12-15T06:36:45.263-0500][gc,metaspace   ] GC(7749) Metaspace: 48734K->48734K(1093632K)
[2020-12-15T06:36:45.263-0500][gc,heap        ] GC(7749) Heap after GC invocations=7750 (full 1609): garbage-first heap   total 63488K, used 42593K [0x0000000083000000, 0x0000000100000000)
[2020-12-15T06:36:45.263-0500][gc,heap        ] GC(7749)   region size 1024K, 0 young (0K), 0 survivors (0K)
[2020-12-15T06:36:45.263-0500][gc,heap        ] GC(7749)  Metaspace       used 48734K, capacity 50558K, committed 52992K, reserved 1093632K
[2020-12-15T06:36:45.263-0500][gc,heap        ] GC(7749)   class space    used 7296K, capacity 7963K, committed 8704K, reserved 1048576K
[2020-12-15T06:36:45.263-0500][gc             ] GC(7749) Pause Full (System.gc()) 50M->41M(62M) 71.529ms
[2020-12-15T06:36:45.263-0500][gc,cpu         ] GC(7749) User=0.30s Sys=0.00s Real=0.07s
[2020-12-15T06:39:06.015-0500][gc,heap        ] GC(7750) Heap before GC invocations=7750 (full 1609): garbage-first heap   total 63488K, used 50785K [0x0000000083000000, 0x0000000100000000)
[2020-12-15T06:39:06.016-0500][gc,heap        ] GC(7750)   region size 1024K, 9 young (9216K), 0 survivors (0K)
[2020-12-15T06:39:06.016-0500][gc,heap        ] GC(7750)  Metaspace       used 48734K, capacity 50558K, committed 52992K, reserved 1093632K
[2020-12-15T06:39:06.016-0500][gc,heap        ] GC(7750)   class space    used 7296K, capacity 7963K, committed 8704K, reserved 1048576K
[2020-12-15T06:39:06.016-0500][gc,start       ] GC(7750) Pause Young (Normal) (G1 Evacuation Pause)
[2020-12-15T06:39:06.016-0500][gc,task        ] GC(7750) Using 8 workers of 8 for evacuation
[2020-12-15T06:39:06.019-0500][gc,phases      ] GC(7750)   Pre Evacuate Collection Set: 0.0ms
[2020-12-15T06:39:06.019-0500][gc,phases      ] GC(7750)   Evacuate Collection Set: 1.3ms
[2020-12-15T06:39:06.019-0500][gc,phases      ] GC(7750)   Post Evacuate Collection Set: 2.1ms
[2020-12-15T06:39:06.020-0500][gc,phases      ] GC(7750)   Other: 0.5ms
[2020-12-15T06:39:06.020-0500][gc,heap        ] GC(7750) Eden regions: 9->0(8)
[2020-12-15T06:39:06.020-0500][gc,heap        ] GC(7750) Survivor regions: 0->1(2)
[2020-12-15T06:39:06.020-0500][gc,heap        ] GC(7750) Old regions: 41->41
[2020-12-15T06:39:06.020-0500][gc,heap        ] GC(7750) Humongous regions: 4->4
[2020-12-15T06:39:06.020-0500][gc,metaspace   ] GC(7750) Metaspace: 48734K->48734K(1093632K)
[2020-12-15T06:39:06.020-0500][gc,heap        ] GC(7750) Heap after GC invocations=7751 (full 1609): garbage-first heap   total 63488K, used 42659K [0x0000000083000000, 0x0000000100000000)
[2020-12-15T06:39:06.020-0500][gc,heap        ] GC(7750)   region size 1024K, 1 young (1024K), 1 survivors (1024K)
[2020-12-15T06:39:06.020-0500][gc,heap        ] GC(7750)  Metaspace       used 48734K, capacity 50558K, committed 52992K, reserved 1093632K
[2020-12-15T06:39:06.020-0500][gc,heap        ] GC(7750)   class space    used 7296K, capacity 7963K, committed 8704K, reserved 1048576K
[2020-12-15T06:39:06.020-0500][gc             ] GC(7750) Pause Young (Normal) (G1 Evacuation Pause) 50M->41M(62M) 4.043ms
[2020-12-15T06:39:06.020-0500][gc,cpu         ] GC(7750) User=0.00s Sys=0.01s Real=0.01s
[2020-12-15T06:41:16.013-0500][gc,heap        ] GC(7751) Heap before GC invocations=7751 (full 1609): garbage-first heap   total 63488K, used 49827K [0x0000000083000000, 0x0000000100000000)
[2020-12-15T06:41:16.013-0500][gc,heap        ] GC(7751)   region size 1024K, 9 young (9216K), 1 survivors (1024K)
[2020-12-15T06:41:16.013-0500][gc,heap        ] GC(7751)  Metaspace       used 48734K, capacity 50558K, committed 52992K, reserved 1093632K
[2020-12-15T06:41:16.013-0500][gc,heap        ] GC(7751)   class space    used 7296K, capacity 7963K, committed 8704K, reserved 1048576K
[2020-12-15T06:41:16.013-0500][gc,start       ] GC(7751) Pause Young (Normal) (G1 Evacuation Pause)
[2020-12-15T06:41:16.013-0500][gc,task        ] GC(7751) Using 8 workers of 8 for evacuation
[2020-12-15T06:41:16.017-0500][gc,phases      ] GC(7751)   Pre Evacuate Collection Set: 0.0ms
[2020-12-15T06:41:16.018-0500][gc,phases      ] GC(7751)   Evacuate Collection Set: 1.4ms
[2020-12-15T06:41:16.018-0500][gc,phases      ] GC(7751)   Post Evacuate Collection Set: 2.4ms
[2020-12-15T06:41:16.018-0500][gc,phases      ] GC(7751)   Other: 0.5ms
[2020-12-15T06:41:16.018-0500][gc,heap        ] GC(7751) Eden regions: 8->0(8)
[2020-12-15T06:41:16.018-0500][gc,heap        ] GC(7751) Survivor regions: 1->1(2)
[2020-12-15T06:41:16.018-0500][gc,heap        ] GC(7751) Old regions: 41->41
[2020-12-15T06:41:16.018-0500][gc,heap        ] GC(7751) Humongous regions: 4->4
[2020-12-15T06:41:16.018-0500][gc,metaspace   ] GC(7751) Metaspace: 48734K->48734K(1093632K)
[2020-12-15T06:41:16.018-0500][gc,heap        ] GC(7751) Heap after GC invocations=7752 (full 1609): garbage-first heap   total 63488K, used 42658K [0x0000000083000000, 0x0000000100000000)
[2020-12-15T06:41:16.018-0500][gc,heap        ] GC(7751)   region size 1024K, 1 young (1024K), 1 survivors (1024K)
[2020-12-15T06:41:16.018-0500][gc,heap        ] GC(7751)  Metaspace       used 48734K, capacity 50558K, committed 52992K, reserved 1093632K
[2020-12-15T06:41:16.018-0500][gc,heap        ] GC(7751)   class space    used 7296K, capacity 7963K, committed 8704K, reserved 1048576K
[2020-12-15T06:41:16.018-0500][gc             ] GC(7751) Pause Young (Normal) (G1 Evacuation Pause) 49M->41M(62M) 4.461ms
[2020-12-15T06:41:16.018-0500][gc,cpu         ] GC(7751) User=0.00s Sys=0.01s Real=0.00s
[2020-12-15T06:41:45.190-0500][gc,task        ] GC(7752) Using 5 workers of 8 for full compaction
[2020-12-15T06:41:45.190-0500][gc,start       ] GC(7752) Pause Full (System.gc())
[2020-12-15T06:41:45.190-0500][gc,heap        ] GC(7752) Heap before GC invocations=7752 (full 1609): garbage-first heap   total 63488K, used 43682K [0x0000000083000000, 0x0000000100000000)
[2020-12-15T06:41:45.190-0500][gc,heap        ] GC(7752)   region size 1024K, 3 young (3072K), 1 survivors (1024K)
[2020-12-15T06:41:45.190-0500][gc,heap        ] GC(7752)  Metaspace       used 48734K, capacity 50558K, committed 52992K, reserved 1093632K
[2020-12-15T06:41:45.190-0500][gc,heap        ] GC(7752)   class space    used 7296K, capacity 7963K, committed 8704K, reserved 1048576K
[2020-12-15T06:41:45.191-0500][gc,phases,start] GC(7752) Phase 1: Mark live objects
[2020-12-15T06:41:45.237-0500][gc,stringtable ] GC(7752) Cleaned string and symbol table, strings: 31807 processed, 0 removed, symbols: 119634 processed, 0 removed
[2020-12-15T06:41:45.237-0500][gc,phases      ] GC(7752) Phase 1: Mark live objects 46.687ms
[2020-12-15T06:41:45.237-0500][gc,phases,start] GC(7752) Phase 2: Prepare for compaction
[2020-12-15T06:41:45.242-0500][gc,phases      ] GC(7752) Phase 2: Prepare for compaction 4.343ms
[2020-12-15T06:41:45.242-0500][gc,phases,start] GC(7752) Phase 3: Adjust pointers
[2020-12-15T06:41:45.254-0500][gc,phases      ] GC(7752) Phase 3: Adjust pointers 12.098ms
[2020-12-15T06:41:45.254-0500][gc,phases,start] GC(7752) Phase 4: Compact heap
[2020-12-15T06:41:45.257-0500][gc,phases      ] GC(7752) Phase 4: Compact heap 3.477ms
[2020-12-15T06:41:45.264-0500][gc,heap        ] GC(7752) Eden regions: 2->0(10)
[2020-12-15T06:41:45.264-0500][gc,heap        ] GC(7752) Survivor regions: 1->0(2)
[2020-12-15T06:41:45.264-0500][gc,heap        ] GC(7752) Old regions: 41->40
[2020-12-15T06:41:45.264-0500][gc,heap        ] GC(7752) Humongous regions: 4->4
[2020-12-15T06:41:45.264-0500][gc,metaspace   ] GC(7752) Metaspace: 48734K->48734K(1093632K)
[2020-12-15T06:41:45.264-0500][gc,heap        ] GC(7752) Heap after GC invocations=7753 (full 1610): garbage-first heap   total 63488K, used 42553K [0x0000000083000000, 0x0000000100000000)
[2020-12-15T06:41:45.264-0500][gc,heap        ] GC(7752)   region size 1024K, 0 young (0K), 0 survivors (0K)
[2020-12-15T06:41:45.265-0500][gc,heap        ] GC(7752)  Metaspace       used 48734K, capacity 50558K, committed 52992K, reserved 1093632K
[2020-12-15T06:41:45.265-0500][gc,heap        ] GC(7752)   class space    used 7296K, capacity 7963K, committed 8704K, reserved 1048576K
[2020-12-15T06:41:45.265-0500][gc             ] GC(7752) Pause Full (System.gc()) 43M->41M(62M) 74.418ms
[2020-12-15T06:41:45.265-0500][gc,cpu         ] GC(7752) User=0.32s Sys=0.00s Real=0.07s
[2020-12-15T06:44:16.021-0500][gc,heap        ] GC(7753) Heap before GC invocations=7753 (full 1610): garbage-first heap   total 63488K, used 51769K [0x0000000083000000, 0x0000000100000000)
[2020-12-15T06:44:16.021-0500][gc,heap        ] GC(7753)   region size 1024K, 10 young (10240K), 0 survivors (0K)
[2020-12-15T06:44:16.021-0500][gc,heap        ] GC(7753)  Metaspace       used 48734K, capacity 50558K, committed 52992K, reserved 1093632K
[2020-12-15T06:44:16.021-0500][gc,heap        ] GC(7753)   class space    used 7296K, capacity 7963K, committed 8704K, reserved 1048576K
[2020-12-15T06:44:16.021-0500][gc,start       ] GC(7753) Pause Young (Normal) (G1 Evacuation Pause)
[2020-12-15T06:44:16.021-0500][gc,task        ] GC(7753) Using 8 workers of 8 for evacuation
[2020-12-15T06:44:16.025-0500][gc,phases      ] GC(7753)   Pre Evacuate Collection Set: 0.0ms
[2020-12-15T06:44:16.025-0500][gc,phases      ] GC(7753)   Evacuate Collection Set: 1.4ms
[2020-12-15T06:44:16.026-0500][gc,phases      ] GC(7753)   Post Evacuate Collection Set: 2.4ms
[2020-12-15T06:44:16.026-0500][gc,phases      ] GC(7753)   Other: 0.4ms
[2020-12-15T06:44:16.026-0500][gc,heap        ] GC(7753) Eden regions: 10->0(9)
[2020-12-15T06:44:16.026-0500][gc,heap        ] GC(7753) Survivor regions: 0->1(2)
[2020-12-15T06:44:16.026-0500][gc,heap        ] GC(7753) Old regions: 40->40
[2020-12-15T06:44:16.026-0500][gc,heap        ] GC(7753) Humongous regions: 4->4
[2020-12-15T06:44:16.026-0500][gc,metaspace   ] GC(7753) Metaspace: 48734K->48734K(1093632K)
[2020-12-15T06:44:16.026-0500][gc,heap        ] GC(7753) Heap after GC invocations=7754 (full 1610): garbage-first heap   total 63488K, used 42621K [0x0000000083000000, 0x0000000100000000)
[2020-12-15T06:44:16.026-0500][gc,heap        ] GC(7753)   region size 1024K, 1 young (1024K), 1 survivors (1024K)
[2020-12-15T06:44:16.026-0500][gc,heap        ] GC(7753)  Metaspace       used 48734K, capacity 50558K, committed 52992K, reserved 1093632K
[2020-12-15T06:44:16.026-0500][gc,heap        ] GC(7753)   class space    used 7296K, capacity 7963K, committed 8704K, reserved 1048576K
[2020-12-15T06:44:16.026-0500][gc             ] GC(7753) Pause Young (Normal) (G1 Evacuation Pause) 51M->41M(62M) 4.344ms
[2020-12-15T06:44:16.026-0500][gc,cpu         ] GC(7753) User=0.00s Sys=0.01s Real=0.00s
[2020-12-15T06:46:45.193-0500][gc,task        ] GC(7754) Using 5 workers of 8 for full compaction
[2020-12-15T06:46:45.193-0500][gc,start       ] GC(7754) Pause Full (System.gc())
[2020-12-15T06:46:45.193-0500][gc,heap        ] GC(7754) Heap before GC invocations=7754 (full 1610): garbage-first heap   total 63488K, used 49789K [0x0000000083000000, 0x0000000100000000)
[2020-12-15T06:46:45.193-0500][gc,heap        ] GC(7754)   region size 1024K, 10 young (10240K), 1 survivors (1024K)
[2020-12-15T06:46:45.193-0500][gc,heap        ] GC(7754)  Metaspace       used 48734K, capacity 50558K, committed 52992K, reserved 1093632K
[2020-12-15T06:46:45.193-0500][gc,heap        ] GC(7754)   class space    used 7296K, capacity 7963K, committed 8704K, reserved 1048576K
[2020-12-15T06:46:45.193-0500][gc,phases,start] GC(7754) Phase 1: Mark live objects
[2020-12-15T06:46:45.241-0500][gc,stringtable ] GC(7754) Cleaned string and symbol table, strings: 31807 processed, 0 removed, symbols: 119634 processed, 0 removed
[2020-12-15T06:46:45.241-0500][gc,phases      ] GC(7754) Phase 1: Mark live objects 47.351ms
[2020-12-15T06:46:45.241-0500][gc,phases,start] GC(7754) Phase 2: Prepare for compaction
[2020-12-15T06:46:45.244-0500][gc,phases      ] GC(7754) Phase 2: Prepare for compaction 3.556ms
[2020-12-15T06:46:45.244-0500][gc,phases,start] GC(7754) Phase 3: Adjust pointers
[2020-12-15T06:46:45.253-0500][gc,phases      ] GC(7754) Phase 3: Adjust pointers 9.015ms
[2020-12-15T06:46:45.253-0500][gc,phases,start] GC(7754) Phase 4: Compact heap
[2020-12-15T06:46:45.256-0500][gc,phases      ] GC(7754) Phase 4: Compact heap 2.696ms
[2020-12-15T06:46:45.261-0500][gc,heap        ] GC(7754) Eden regions: 9->0(10)
[2020-12-15T06:46:45.261-0500][gc,heap        ] GC(7754) Survivor regions: 1->0(2)
[2020-12-15T06:46:45.261-0500][gc,heap        ] GC(7754) Old regions: 40->40
[2020-12-15T06:46:45.261-0500][gc,heap        ] GC(7754) Humongous regions: 4->4
[2020-12-15T06:46:45.262-0500][gc,metaspace   ] GC(7754) Metaspace: 48734K->48734K(1093632K)
[2020-12-15T06:46:45.262-0500][gc,heap        ] GC(7754) Heap after GC invocations=7755 (full 1611): garbage-first heap   total 63488K, used 42587K [0x0000000083000000, 0x0000000100000000)
[2020-12-15T06:46:45.262-0500][gc,heap        ] GC(7754)   region size 1024K, 0 young (0K), 0 survivors (0K)
[2020-12-15T06:46:45.262-0500][gc,heap        ] GC(7754)  Metaspace       used 48734K, capacity 50558K, committed 52992K, reserved 1093632K
[2020-12-15T06:46:45.262-0500][gc,heap        ] GC(7754)   class space    used 7296K, capacity 7963K, committed 8704K, reserved 1048576K
[2020-12-15T06:46:45.262-0500][gc             ] GC(7754) Pause Full (System.gc()) 50M->41M(62M) 68.703ms
[2020-12-15T06:46:45.262-0500][gc,cpu         ] GC(7754) User=0.24s Sys=0.06s Real=0.07s
[2020-12-15T06:49:26.012-0500][gc,heap        ] GC(7755) Heap before GC invocations=7755 (full 1611): garbage-first heap   total 63488K, used 52827K [0x0000000083000000, 0x0000000100000000)
[2020-12-15T06:49:26.012-0500][gc,heap        ] GC(7755)   region size 1024K, 10 young (10240K), 0 survivors (0K)
[2020-12-15T06:49:26.012-0500][gc,heap        ] GC(7755)  Metaspace       used 48734K, capacity 50558K, committed 52992K, reserved 1093632K
[2020-12-15T06:49:26.012-0500][gc,heap        ] GC(7755)   class space    used 7296K, capacity 7963K, committed 8704K, reserved 1048576K
[2020-12-15T06:49:26.012-0500][gc,start       ] GC(7755) Pause Young (Normal) (G1 Evacuation Pause)
[2020-12-15T06:49:26.012-0500][gc,task        ] GC(7755) Using 8 workers of 8 for evacuation
[2020-12-15T06:49:26.014-0500][gc,phases      ] GC(7755)   Pre Evacuate Collection Set: 0.0ms
[2020-12-15T06:49:26.014-0500][gc,phases      ] GC(7755)   Evacuate Collection Set: 0.6ms
[2020-12-15T06:49:26.014-0500][gc,phases      ] GC(7755)   Post Evacuate Collection Set: 1.1ms
[2020-12-15T06:49:26.014-0500][gc,phases      ] GC(7755)   Other: 0.2ms
[2020-12-15T06:49:26.014-0500][gc,heap        ] GC(7755) Eden regions: 10->0(9)
[2020-12-15T06:49:26.014-0500][gc,heap        ] GC(7755) Survivor regions: 0->1(2)
[2020-12-15T06:49:26.014-0500][gc,heap        ] GC(7755) Old regions: 40->40
[2020-12-15T06:49:26.014-0500][gc,heap        ] GC(7755) Humongous regions: 4->4
[2020-12-15T06:49:26.014-0500][gc,metaspace   ] GC(7755) Metaspace: 48734K->48734K(1093632K)
[2020-12-15T06:49:26.014-0500][gc,heap        ] GC(7755) Heap after GC invocations=7756 (full 1611): garbage-first heap   total 63488K, used 42668K [0x0000000083000000, 0x0000000100000000)
[2020-12-15T06:49:26.014-0500][gc,heap        ] GC(7755)   region size 1024K, 1 young (1024K), 1 survivors (1024K)
[2020-12-15T06:49:26.014-0500][gc,heap        ] GC(7755)  Metaspace       used 48734K, capacity 50558K, committed 52992K, reserved 1093632K
[2020-12-15T06:49:26.014-0500][gc,heap        ] GC(7755)   class space    used 7296K, capacity 7963K, committed 8704K, reserved 1048576K
[2020-12-15T06:49:26.014-0500][gc             ] GC(7755) Pause Young (Normal) (G1 Evacuation Pause) 51M->41M(62M) 1.932ms
[2020-12-15T06:49:26.014-0500][gc,cpu         ] GC(7755) User=0.00s Sys=0.00s Real=0.00s
[2020-12-15T06:51:45.190-0500][gc,task        ] GC(7756) Using 5 workers of 8 for full compaction
[2020-12-15T06:51:45.191-0500][gc,start       ] GC(7756) Pause Full (System.gc())
[2020-12-15T06:51:45.191-0500][gc,heap        ] GC(7756) Heap before GC invocations=7756 (full 1611): garbage-first heap   total 63488K, used 49836K [0x0000000083000000, 0x0000000100000000)
[2020-12-15T06:51:45.191-0500][gc,heap        ] GC(7756)   region size 1024K, 10 young (10240K), 1 survivors (1024K)
[2020-12-15T06:51:45.191-0500][gc,heap        ] GC(7756)  Metaspace       used 48734K, capacity 50558K, committed 52992K, reserved 1093632K
[2020-12-15T06:51:45.191-0500][gc,heap        ] GC(7756)   class space    used 7296K, capacity 7963K, committed 8704K, reserved 1048576K
[2020-12-15T06:51:45.191-0500][gc,phases,start] GC(7756) Phase 1: Mark live objects
[2020-12-15T06:51:45.226-0500][gc,stringtable ] GC(7756) Cleaned string and symbol table, strings: 31807 processed, 0 removed, symbols: 119634 processed, 0 removed
[2020-12-15T06:51:45.226-0500][gc,phases      ] GC(7756) Phase 1: Mark live objects 34.671ms
[2020-12-15T06:51:45.226-0500][gc,phases,start] GC(7756) Phase 2: Prepare for compaction
[2020-12-15T06:51:45.230-0500][gc,phases      ] GC(7756) Phase 2: Prepare for compaction 3.929ms
[2020-12-15T06:51:45.230-0500][gc,phases,start] GC(7756) Phase 3: Adjust pointers
[2020-12-15T06:51:45.242-0500][gc,phases      ] GC(7756) Phase 3: Adjust pointers 12.332ms
[2020-12-15T06:51:45.242-0500][gc,phases,start] GC(7756) Phase 4: Compact heap
[2020-12-15T06:51:45.245-0500][gc,phases      ] GC(7756) Phase 4: Compact heap 2.820ms
[2020-12-15T06:51:45.250-0500][gc,heap        ] GC(7756) Eden regions: 9->0(10)
[2020-12-15T06:51:45.250-0500][gc,heap        ] GC(7756) Survivor regions: 1->0(2)
[2020-12-15T06:51:45.250-0500][gc,heap        ] GC(7756) Old regions: 40->40
[2020-12-15T06:51:45.250-0500][gc,heap        ] GC(7756) Humongous regions: 4->4
[2020-12-15T06:51:45.250-0500][gc,metaspace   ] GC(7756) Metaspace: 48734K->48734K(1093632K)
[2020-12-15T06:51:45.250-0500][gc,heap        ] GC(7756) Heap after GC invocations=7757 (full 1612): garbage-first heap   total 63488K, used 42588K [0x0000000083000000, 0x0000000100000000)
[2020-12-15T06:51:45.250-0500][gc,heap        ] GC(7756)   region size 1024K, 0 young (0K), 0 survivors (0K)
[2020-12-15T06:51:45.250-0500][gc,heap        ] GC(7756)  Metaspace       used 48734K, capacity 50558K, committed 52992K, reserved 1093632K
[2020-12-15T06:51:45.250-0500][gc,heap        ] GC(7756)   class space    used 7296K, capacity 7963K, committed 8704K, reserved 1048576K
[2020-12-15T06:51:45.250-0500][gc             ] GC(7756) Pause Full (System.gc()) 50M->41M(62M) 59.924ms
[2020-12-15T06:51:45.251-0500][gc,cpu         ] GC(7756) User=0.25s Sys=0.00s Real=0.06s
[2020-12-15T06:54:16.020-0500][gc,heap        ] GC(7757) Heap before GC invocations=7757 (full 1612): garbage-first heap   total 63488K, used 51804K [0x0000000083000000, 0x0000000100000000)
[2020-12-15T06:54:16.020-0500][gc,heap        ] GC(7757)   region size 1024K, 10 young (10240K), 0 survivors (0K)
[2020-12-15T06:54:16.020-0500][gc,heap        ] GC(7757)  Metaspace       used 48734K, capacity 50558K, committed 52992K, reserved 1093632K
[2020-12-15T06:54:16.020-0500][gc,heap        ] GC(7757)   class space    used 7296K, capacity 7963K, committed 8704K, reserved 1048576K
[2020-12-15T06:54:16.020-0500][gc,start       ] GC(7757) Pause Young (Normal) (G1 Evacuation Pause)
[2020-12-15T06:54:16.020-0500][gc,task        ] GC(7757) Using 8 workers of 8 for evacuation
[2020-12-15T06:54:16.025-0500][gc,phases      ] GC(7757)   Pre Evacuate Collection Set: 0.1ms
[2020-12-15T06:54:16.025-0500][gc,phases      ] GC(7757)   Evacuate Collection Set: 0.7ms
[2020-12-15T06:54:16.025-0500][gc,phases      ] GC(7757)   Post Evacuate Collection Set: 3.8ms
[2020-12-15T06:54:16.025-0500][gc,phases      ] GC(7757)   Other: 0.4ms
[2020-12-15T06:54:16.025-0500][gc,heap        ] GC(7757) Eden regions: 10->0(9)
[2020-12-15T06:54:16.025-0500][gc,heap        ] GC(7757) Survivor regions: 0->1(2)
[2020-12-15T06:54:16.025-0500][gc,heap        ] GC(7757) Old regions: 40->40
[2020-12-15T06:54:16.025-0500][gc,heap        ] GC(7757) Humongous regions: 4->4
[2020-12-15T06:54:16.025-0500][gc,metaspace   ] GC(7757) Metaspace: 48734K->48734K(1093632K)
[2020-12-15T06:54:16.025-0500][gc,heap        ] GC(7757) Heap after GC invocations=7758 (full 1612): garbage-first heap   total 63488K, used 42670K [0x0000000083000000, 0x0000000100000000)
[2020-12-15T06:54:16.025-0500][gc,heap        ] GC(7757)   region size 1024K, 1 young (1024K), 1 survivors (1024K)
[2020-12-15T06:54:16.025-0500][gc,heap        ] GC(7757)  Metaspace       used 48734K, capacity 50558K, committed 52992K, reserved 1093632K
[2020-12-15T06:54:16.025-0500][gc,heap        ] GC(7757)   class space    used 7296K, capacity 7963K, committed 8704K, reserved 1048576K
[2020-12-15T06:54:16.025-0500][gc             ] GC(7757) Pause Young (Normal) (G1 Evacuation Pause) 51M->41M(62M) 4.922ms
[2020-12-15T06:54:16.025-0500][gc,cpu         ] GC(7757) User=0.02s Sys=0.00s Real=0.00s
[2020-12-15T06:56:45.190-0500][gc,task        ] GC(7758) Using 5 workers of 8 for full compaction
[2020-12-15T06:56:45.190-0500][gc,start       ] GC(7758) Pause Full (System.gc())
[2020-12-15T06:56:45.190-0500][gc,heap        ] GC(7758) Heap before GC invocations=7758 (full 1612): garbage-first heap   total 63488K, used 50862K [0x0000000083000000, 0x0000000100000000)
[2020-12-15T06:56:45.190-0500][gc,heap        ] GC(7758)   region size 1024K, 10 young (10240K), 1 survivors (1024K)
[2020-12-15T06:56:45.190-0500][gc,heap        ] GC(7758)  Metaspace       used 48734K, capacity 50558K, committed 52992K, reserved 1093632K
[2020-12-15T06:56:45.190-0500][gc,heap        ] GC(7758)   class space    used 7296K, capacity 7963K, committed 8704K, reserved 1048576K
[2020-12-15T06:56:45.191-0500][gc,phases,start] GC(7758) Phase 1: Mark live objects
[2020-12-15T06:56:45.228-0500][gc,stringtable ] GC(7758) Cleaned string and symbol table, strings: 31807 processed, 0 removed, symbols: 119634 processed, 0 removed
[2020-12-15T06:56:45.228-0500][gc,phases      ] GC(7758) Phase 1: Mark live objects 37.636ms
[2020-12-15T06:56:45.228-0500][gc,phases,start] GC(7758) Phase 2: Prepare for compaction
[2020-12-15T06:56:45.233-0500][gc,phases      ] GC(7758) Phase 2: Prepare for compaction 4.788ms
[2020-12-15T06:56:45.233-0500][gc,phases,start] GC(7758) Phase 3: Adjust pointers
[2020-12-15T06:56:45.245-0500][gc,phases      ] GC(7758) Phase 3: Adjust pointers 11.520ms
[2020-12-15T06:56:45.245-0500][gc,phases,start] GC(7758) Phase 4: Compact heap
[2020-12-15T06:56:45.247-0500][gc,phases      ] GC(7758) Phase 4: Compact heap 2.637ms
[2020-12-15T06:56:45.253-0500][gc,heap        ] GC(7758) Eden regions: 9->0(9)
[2020-12-15T06:56:45.253-0500][gc,heap        ] GC(7758) Survivor regions: 1->0(2)
[2020-12-15T06:56:45.253-0500][gc,heap        ] GC(7758) Old regions: 40->41
[2020-12-15T06:56:45.253-0500][gc,heap        ] GC(7758) Humongous regions: 4->4
[2020-12-15T06:56:45.253-0500][gc,metaspace   ] GC(7758) Metaspace: 48734K->48734K(1093632K)
[2020-12-15T06:56:45.253-0500][gc,heap        ] GC(7758) Heap after GC invocations=7759 (full 1613): garbage-first heap   total 63488K, used 42590K [0x0000000083000000, 0x0000000100000000)
[2020-12-15T06:56:45.253-0500][gc,heap        ] GC(7758)   region size 1024K, 0 young (0K), 0 survivors (0K)
[2020-12-15T06:56:45.253-0500][gc,heap        ] GC(7758)  Metaspace       used 48734K, capacity 50558K, committed 52992K, reserved 1093632K
[2020-12-15T06:56:45.253-0500][gc,heap        ] GC(7758)   class space    used 7296K, capacity 7963K, committed 8704K, reserved 1048576K
[2020-12-15T06:56:45.253-0500][gc             ] GC(7758) Pause Full (System.gc()) 50M->41M(62M) 63.038ms
[2020-12-15T06:56:45.253-0500][gc,cpu         ] GC(7758) User=0.27s Sys=0.00s Real=0.06s
[2020-12-15T06:59:06.015-0500][gc,heap        ] GC(7759) Heap before GC invocations=7759 (full 1613): garbage-first heap   total 63488K, used 50782K [0x0000000083000000, 0x0000000100000000)
[2020-12-15T06:59:06.015-0500][gc,heap        ] GC(7759)   region size 1024K, 9 young (9216K), 0 survivors (0K)
[2020-12-15T06:59:06.015-0500][gc,heap        ] GC(7759)  Metaspace       used 48734K, capacity 50558K, committed 52992K, reserved 1093632K
[2020-12-15T06:59:06.015-0500][gc,heap        ] GC(7759)   class space    used 7296K, capacity 7963K, committed 8704K, reserved 1048576K
[2020-12-15T06:59:06.015-0500][gc,start       ] GC(7759) Pause Young (Normal) (G1 Evacuation Pause)
[2020-12-15T06:59:06.015-0500][gc,task        ] GC(7759) Using 8 workers of 8 for evacuation
[2020-12-15T06:59:06.020-0500][gc,phases      ] GC(7759)   Pre Evacuate Collection Set: 0.0ms
[2020-12-15T06:59:06.020-0500][gc,phases      ] GC(7759)   Evacuate Collection Set: 1.8ms
[2020-12-15T06:59:06.020-0500][gc,phases      ] GC(7759)   Post Evacuate Collection Set: 2.9ms
[2020-12-15T06:59:06.020-0500][gc,phases      ] GC(7759)   Other: 0.3ms
[2020-12-15T06:59:06.020-0500][gc,heap        ] GC(7759) Eden regions: 9->0(8)
[2020-12-15T06:59:06.020-0500][gc,heap        ] GC(7759) Survivor regions: 0->1(2)
[2020-12-15T06:59:06.020-0500][gc,heap        ] GC(7759) Old regions: 41->41
[2020-12-15T06:59:06.020-0500][gc,heap        ] GC(7759) Humongous regions: 4->4
[2020-12-15T06:59:06.020-0500][gc,metaspace   ] GC(7759) Metaspace: 48734K->48734K(1093632K)
[2020-12-15T06:59:06.020-0500][gc,heap        ] GC(7759) Heap after GC invocations=7760 (full 1613): garbage-first heap   total 63488K, used 42682K [0x0000000083000000, 0x0000000100000000)
[2020-12-15T06:59:06.020-0500][gc,heap        ] GC(7759)   region size 1024K, 1 young (1024K), 1 survivors (1024K)
[2020-12-15T06:59:06.020-0500][gc,heap        ] GC(7759)  Metaspace       used 48734K, capacity 50558K, committed 52992K, reserved 1093632K
[2020-12-15T06:59:06.020-0500][gc,heap        ] GC(7759)   class space    used 7296K, capacity 7963K, committed 8704K, reserved 1048576K
[2020-12-15T06:59:06.020-0500][gc             ] GC(7759) Pause Young (Normal) (G1 Evacuation Pause) 50M->41M(62M) 5.187ms
[2020-12-15T06:59:06.020-0500][gc,cpu         ] GC(7759) User=0.01s Sys=0.01s Real=0.01s
[2020-12-15T07:01:16.013-0500][gc,heap        ] GC(7760) Heap before GC invocations=7760 (full 1613): garbage-first heap   total 63488K, used 49850K [0x0000000083000000, 0x0000000100000000)
[2020-12-15T07:01:16.013-0500][gc,heap        ] GC(7760)   region size 1024K, 9 young (9216K), 1 survivors (1024K)
[2020-12-15T07:01:16.014-0500][gc,heap        ] GC(7760)  Metaspace       used 48734K, capacity 50558K, committed 52992K, reserved 1093632K
[2020-12-15T07:01:16.014-0500][gc,heap        ] GC(7760)   class space    used 7296K, capacity 7963K, committed 8704K, reserved 1048576K
[2020-12-15T07:01:16.014-0500][gc,start       ] GC(7760) Pause Young (Normal) (G1 Evacuation Pause)
[2020-12-15T07:01:16.014-0500][gc,task        ] GC(7760) Using 8 workers of 8 for evacuation
[2020-12-15T07:01:16.018-0500][gc,phases      ] GC(7760)   Pre Evacuate Collection Set: 0.0ms
[2020-12-15T07:01:16.018-0500][gc,phases      ] GC(7760)   Evacuate Collection Set: 1.4ms
[2020-12-15T07:01:16.018-0500][gc,phases      ] GC(7760)   Post Evacuate Collection Set: 2.6ms
[2020-12-15T07:01:16.018-0500][gc,phases      ] GC(7760)   Other: 0.4ms
[2020-12-15T07:01:16.018-0500][gc,heap        ] GC(7760) Eden regions: 8->0(8)
[2020-12-15T07:01:16.018-0500][gc,heap        ] GC(7760) Survivor regions: 1->1(2)
[2020-12-15T07:01:16.018-0500][gc,heap        ] GC(7760) Old regions: 41->41
[2020-12-15T07:01:16.018-0500][gc,heap        ] GC(7760) Humongous regions: 4->4
[2020-12-15T07:01:16.018-0500][gc,metaspace   ] GC(7760) Metaspace: 48734K->48734K(1093632K)
[2020-12-15T07:01:16.018-0500][gc,heap        ] GC(7760) Heap after GC invocations=7761 (full 1613): garbage-first heap   total 63488K, used 42676K [0x0000000083000000, 0x0000000100000000)
[2020-12-15T07:01:16.018-0500][gc,heap        ] GC(7760)   region size 1024K, 1 young (1024K), 1 survivors (1024K)
[2020-12-15T07:01:16.018-0500][gc,heap        ] GC(7760)  Metaspace       used 48734K, capacity 50558K, committed 52992K, reserved 1093632K
[2020-12-15T07:01:16.018-0500][gc,heap        ] GC(7760)   class space    used 7296K, capacity 7963K, committed 8704K, reserved 1048576K
[2020-12-15T07:01:16.018-0500][gc             ] GC(7760) Pause Young (Normal) (G1 Evacuation Pause) 49M->41M(62M) 4.644ms
[2020-12-15T07:01:16.018-0500][gc,cpu         ] GC(7760) User=0.01s Sys=0.00s Real=0.01s
[2020-12-15T07:01:45.190-0500][gc,task        ] GC(7761) Using 5 workers of 8 for full compaction
[2020-12-15T07:01:45.190-0500][gc,start       ] GC(7761) Pause Full (System.gc())
[2020-12-15T07:01:45.190-0500][gc,heap        ] GC(7761) Heap before GC invocations=7761 (full 1613): garbage-first heap   total 63488K, used 43700K [0x0000000083000000, 0x0000000100000000)
[2020-12-15T07:01:45.190-0500][gc,heap        ] GC(7761)   region size 1024K, 3 young (3072K), 1 survivors (1024K)
[2020-12-15T07:01:45.190-0500][gc,heap        ] GC(7761)  Metaspace       used 48734K, capacity 50558K, committed 52992K, reserved 1093632K
[2020-12-15T07:01:45.190-0500][gc,heap        ] GC(7761)   class space    used 7296K, capacity 7963K, committed 8704K, reserved 1048576K
[2020-12-15T07:01:45.190-0500][gc,phases,start] GC(7761) Phase 1: Mark live objects
[2020-12-15T07:01:45.226-0500][gc,stringtable ] GC(7761) Cleaned string and symbol table, strings: 31807 processed, 0 removed, symbols: 119634 processed, 0 removed
[2020-12-15T07:01:45.226-0500][gc,phases      ] GC(7761) Phase 1: Mark live objects 36.166ms
[2020-12-15T07:01:45.226-0500][gc,phases,start] GC(7761) Phase 2: Prepare for compaction
[2020-12-15T07:01:45.231-0500][gc,phases      ] GC(7761) Phase 2: Prepare for compaction 4.806ms
[2020-12-15T07:01:45.231-0500][gc,phases,start] GC(7761) Phase 3: Adjust pointers
[2020-12-15T07:01:45.244-0500][gc,phases      ] GC(7761) Phase 3: Adjust pointers 12.695ms
[2020-12-15T07:01:45.244-0500][gc,phases,start] GC(7761) Phase 4: Compact heap
[2020-12-15T07:01:45.247-0500][gc,phases      ] GC(7761) Phase 4: Compact heap 2.544ms
[2020-12-15T07:01:45.252-0500][gc,heap        ] GC(7761) Eden regions: 2->0(11)
[2020-12-15T07:01:45.252-0500][gc,heap        ] GC(7761) Survivor regions: 1->0(2)
[2020-12-15T07:01:45.252-0500][gc,heap        ] GC(7761) Old regions: 41->39
[2020-12-15T07:01:45.252-0500][gc,heap        ] GC(7761) Humongous regions: 4->4
[2020-12-15T07:01:45.252-0500][gc,metaspace   ] GC(7761) Metaspace: 48734K->48734K(1093632K)
[2020-12-15T07:01:45.252-0500][gc,heap        ] GC(7761) Heap after GC invocations=7762 (full 1614): garbage-first heap   total 63488K, used 42556K [0x0000000083000000, 0x0000000100000000)
[2020-12-15T07:01:45.252-0500][gc,heap        ] GC(7761)   region size 1024K, 0 young (0K), 0 survivors (0K)
[2020-12-15T07:01:45.252-0500][gc,heap        ] GC(7761)  Metaspace       used 48734K, capacity 50558K, committed 52992K, reserved 1093632K
[2020-12-15T07:01:45.252-0500][gc,heap        ] GC(7761)   class space    used 7296K, capacity 7963K, committed 8704K, reserved 1048576K
[2020-12-15T07:01:45.252-0500][gc             ] GC(7761) Pause Full (System.gc()) 43M->41M(62M) 62.346ms
[2020-12-15T07:01:45.252-0500][gc,cpu         ] GC(7761) User=0.26s Sys=0.00s Real=0.06s
[2020-12-15T07:04:46.015-0500][gc,heap        ] GC(7762) Heap before GC invocations=7762 (full 1614): garbage-first heap   total 63488K, used 52796K [0x0000000083000000, 0x0000000100000000)
[2020-12-15T07:04:46.015-0500][gc,heap        ] GC(7762)   region size 1024K, 11 young (11264K), 0 survivors (0K)
[2020-12-15T07:04:46.015-0500][gc,heap        ] GC(7762)  Metaspace       used 48734K, capacity 50558K, committed 52992K, reserved 1093632K
[2020-12-15T07:04:46.015-0500][gc,heap        ] GC(7762)   class space    used 7296K, capacity 7963K, committed 8704K, reserved 1048576K
[2020-12-15T07:04:46.015-0500][gc,start       ] GC(7762) Pause Young (Normal) (G1 Evacuation Pause)
[2020-12-15T07:04:46.015-0500][gc,task        ] GC(7762) Using 8 workers of 8 for evacuation
[2020-12-15T07:04:46.019-0500][gc,phases      ] GC(7762)   Pre Evacuate Collection Set: 0.0ms
[2020-12-15T07:04:46.019-0500][gc,phases      ] GC(7762)   Evacuate Collection Set: 1.3ms
[2020-12-15T07:04:46.019-0500][gc,phases      ] GC(7762)   Post Evacuate Collection Set: 2.8ms
[2020-12-15T07:04:46.019-0500][gc,phases      ] GC(7762)   Other: 0.4ms
[2020-12-15T07:04:46.019-0500][gc,heap        ] GC(7762) Eden regions: 11->0(10)
[2020-12-15T07:04:46.019-0500][gc,heap        ] GC(7762) Survivor regions: 0->1(2)
[2020-12-15T07:04:46.019-0500][gc,heap        ] GC(7762) Old regions: 39->39
[2020-12-15T07:04:46.019-0500][gc,heap        ] GC(7762) Humongous regions: 4->4
[2020-12-15T07:04:46.019-0500][gc,metaspace   ] GC(7762) Metaspace: 48734K->48734K(1093632K)
[2020-12-15T07:04:46.019-0500][gc,heap        ] GC(7762) Heap after GC invocations=7763 (full 1614): garbage-first heap   total 63488K, used 42646K [0x0000000083000000, 0x0000000100000000)
[2020-12-15T07:04:46.019-0500][gc,heap        ] GC(7762)   region size 1024K, 1 young (1024K), 1 survivors (1024K)
[2020-12-15T07:04:46.019-0500][gc,heap        ] GC(7762)  Metaspace       used 48734K, capacity 50558K, committed 52992K, reserved 1093632K
[2020-12-15T07:04:46.019-0500][gc,heap        ] GC(7762)   class space    used 7296K, capacity 7963K, committed 8704K, reserved 1048576K
[2020-12-15T07:04:46.019-0500][gc             ] GC(7762) Pause Young (Normal) (G1 Evacuation Pause) 52M->41M(62M) 4.733ms
[2020-12-15T07:04:46.020-0500][gc,cpu         ] GC(7762) User=0.01s Sys=0.01s Real=0.01s
[2020-12-15T07:06:45.191-0500][gc,task        ] GC(7763) Using 5 workers of 8 for full compaction
[2020-12-15T07:06:45.191-0500][gc,start       ] GC(7763) Pause Full (System.gc())
[2020-12-15T07:06:45.191-0500][gc,heap        ] GC(7763) Heap before GC invocations=7763 (full 1614): garbage-first heap   total 63488K, used 49814K [0x0000000083000000, 0x0000000100000000)
[2020-12-15T07:06:45.191-0500][gc,heap        ] GC(7763)   region size 1024K, 9 young (9216K), 1 survivors (1024K)
[2020-12-15T07:06:45.191-0500][gc,heap        ] GC(7763)  Metaspace       used 48734K, capacity 50558K, committed 52992K, reserved 1093632K
[2020-12-15T07:06:45.191-0500][gc,heap        ] GC(7763)   class space    used 7296K, capacity 7963K, committed 8704K, reserved 1048576K
[2020-12-15T07:06:45.191-0500][gc,phases,start] GC(7763) Phase 1: Mark live objects
[2020-12-15T07:06:45.220-0500][gc,stringtable ] GC(7763) Cleaned string and symbol table, strings: 31807 processed, 0 removed, symbols: 119634 processed, 0 removed
[2020-12-15T07:06:45.220-0500][gc,phases      ] GC(7763) Phase 1: Mark live objects 28.997ms
[2020-12-15T07:06:45.220-0500][gc,phases,start] GC(7763) Phase 2: Prepare for compaction
[2020-12-15T07:06:45.224-0500][gc,phases      ] GC(7763) Phase 2: Prepare for compaction 3.517ms
[2020-12-15T07:06:45.224-0500][gc,phases,start] GC(7763) Phase 3: Adjust pointers
[2020-12-15T07:06:45.233-0500][gc,phases      ] GC(7763) Phase 3: Adjust pointers 8.984ms
[2020-12-15T07:06:45.233-0500][gc,phases,start] GC(7763) Phase 4: Compact heap
[2020-12-15T07:06:45.236-0500][gc,phases      ] GC(7763) Phase 4: Compact heap 2.466ms
[2020-12-15T07:06:45.241-0500][gc,heap        ] GC(7763) Eden regions: 8->0(10)
[2020-12-15T07:06:45.241-0500][gc,heap        ] GC(7763) Survivor regions: 1->0(2)
[2020-12-15T07:06:45.241-0500][gc,heap        ] GC(7763) Old regions: 39->40
[2020-12-15T07:06:45.241-0500][gc,heap        ] GC(7763) Humongous regions: 4->4
[2020-12-15T07:06:45.241-0500][gc,metaspace   ] GC(7763) Metaspace: 48734K->48734K(1093632K)
[2020-12-15T07:06:45.241-0500][gc,heap        ] GC(7763) Heap after GC invocations=7764 (full 1615): garbage-first heap   total 63488K, used 42581K [0x0000000083000000, 0x0000000100000000)
[2020-12-15T07:06:45.241-0500][gc,heap        ] GC(7763)   region size 1024K, 0 young (0K), 0 survivors (0K)
[2020-12-15T07:06:45.241-0500][gc,heap        ] GC(7763)  Metaspace       used 48734K, capacity 50558K, committed 52992K, reserved 1093632K
[2020-12-15T07:06:45.241-0500][gc,heap        ] GC(7763)   class space    used 7296K, capacity 7963K, committed 8704K, reserved 1048576K
[2020-12-15T07:06:45.241-0500][gc             ] GC(7763) Pause Full (System.gc()) 48M->41M(62M) 49.985ms
[2020-12-15T07:06:45.241-0500][gc,cpu         ] GC(7763) User=0.21s Sys=0.00s Real=0.05s
[2020-12-15T07:09:16.016-0500][gc,heap        ] GC(7764) Heap before GC invocations=7764 (full 1615): garbage-first heap   total 63488K, used 51797K [0x0000000083000000, 0x0000000100000000)
[2020-12-15T07:09:16.016-0500][gc,heap        ] GC(7764)   region size 1024K, 10 young (10240K), 0 survivors (0K)
[2020-12-15T07:09:16.017-0500][gc,heap        ] GC(7764)  Metaspace       used 48734K, capacity 50558K, committed 52992K, reserved 1093632K
[2020-12-15T07:09:16.017-0500][gc,heap        ] GC(7764)   class space    used 7296K, capacity 7963K, committed 8704K, reserved 1048576K
[2020-12-15T07:09:16.017-0500][gc,start       ] GC(7764) Pause Young (Normal) (G1 Evacuation Pause)
[2020-12-15T07:09:16.017-0500][gc,task        ] GC(7764) Using 8 workers of 8 for evacuation
[2020-12-15T07:09:16.024-0500][gc,phases      ] GC(7764)   Pre Evacuate Collection Set: 0.0ms
[2020-12-15T07:09:16.024-0500][gc,phases      ] GC(7764)   Evacuate Collection Set: 1.7ms
[2020-12-15T07:09:16.024-0500][gc,phases      ] GC(7764)   Post Evacuate Collection Set: 4.9ms
[2020-12-15T07:09:16.024-0500][gc,phases      ] GC(7764)   Other: 0.4ms
[2020-12-15T07:09:16.024-0500][gc,heap        ] GC(7764) Eden regions: 10->0(9)
[2020-12-15T07:09:16.024-0500][gc,heap        ] GC(7764) Survivor regions: 0->1(2)
[2020-12-15T07:09:16.024-0500][gc,heap        ] GC(7764) Old regions: 40->40
[2020-12-15T07:09:16.024-0500][gc,heap        ] GC(7764) Humongous regions: 4->4
[2020-12-15T07:09:16.024-0500][gc,metaspace   ] GC(7764) Metaspace: 48734K->48734K(1093632K)
[2020-12-15T07:09:16.024-0500][gc,heap        ] GC(7764) Heap after GC invocations=7765 (full 1615): garbage-first heap   total 63488K, used 42659K [0x0000000083000000, 0x0000000100000000)
[2020-12-15T07:09:16.024-0500][gc,heap        ] GC(7764)   region size 1024K, 1 young (1024K), 1 survivors (1024K)
[2020-12-15T07:09:16.024-0500][gc,heap        ] GC(7764)  Metaspace       used 48734K, capacity 50558K, committed 52992K, reserved 1093632K
[2020-12-15T07:09:16.024-0500][gc,heap        ] GC(7764)   class space    used 7296K, capacity 7963K, committed 8704K, reserved 1048576K
[2020-12-15T07:09:16.024-0500][gc             ] GC(7764) Pause Young (Normal) (G1 Evacuation Pause) 51M->41M(62M) 7.325ms
[2020-12-15T07:09:16.024-0500][gc,cpu         ] GC(7764) User=0.02s Sys=0.01s Real=0.01s
[2020-12-15T07:11:39.650-0500][gc,heap        ] GC(7765) Heap before GC invocations=7765 (full 1615): garbage-first heap   total 63488K, used 51875K [0x0000000083000000, 0x0000000100000000)
[2020-12-15T07:11:39.650-0500][gc,heap        ] GC(7765)   region size 1024K, 10 young (10240K), 1 survivors (1024K)
[2020-12-15T07:11:39.650-0500][gc,heap        ] GC(7765)  Metaspace       used 48734K, capacity 50558K, committed 52992K, reserved 1093632K
[2020-12-15T07:11:39.650-0500][gc,heap        ] GC(7765)   class space    used 7296K, capacity 7963K, committed 8704K, reserved 1048576K
[2020-12-15T07:11:39.650-0500][gc,start       ] GC(7765) Pause Young (Normal) (G1 Evacuation Pause)
[2020-12-15T07:11:39.650-0500][gc,task        ] GC(7765) Using 8 workers of 8 for evacuation
[2020-12-15T07:11:39.654-0500][gc,phases      ] GC(7765)   Pre Evacuate Collection Set: 0.0ms
[2020-12-15T07:11:39.655-0500][gc,phases      ] GC(7765)   Evacuate Collection Set: 1.6ms
[2020-12-15T07:11:39.655-0500][gc,phases      ] GC(7765)   Post Evacuate Collection Set: 2.6ms
[2020-12-15T07:11:39.655-0500][gc,phases      ] GC(7765)   Other: 0.4ms
[2020-12-15T07:11:39.655-0500][gc,heap        ] GC(7765) Eden regions: 9->0(9)
[2020-12-15T07:11:39.655-0500][gc,heap        ] GC(7765) Survivor regions: 1->1(2)
[2020-12-15T07:11:39.655-0500][gc,heap        ] GC(7765) Old regions: 40->40
[2020-12-15T07:11:39.655-0500][gc,heap        ] GC(7765) Humongous regions: 4->4
[2020-12-15T07:11:39.655-0500][gc,metaspace   ] GC(7765) Metaspace: 48734K->48734K(1093632K)
[2020-12-15T07:11:39.655-0500][gc,heap        ] GC(7765) Heap after GC invocations=7766 (full 1615): garbage-first heap   total 63488K, used 42647K [0x0000000083000000, 0x0000000100000000)
[2020-12-15T07:11:39.655-0500][gc,heap        ] GC(7765)   region size 1024K, 1 young (1024K), 1 survivors (1024K)
[2020-12-15T07:11:39.655-0500][gc,heap        ] GC(7765)  Metaspace       used 48734K, capacity 50558K, committed 52992K, reserved 1093632K
[2020-12-15T07:11:39.655-0500][gc,heap        ] GC(7765)   class space    used 7296K, capacity 7963K, committed 8704K, reserved 1048576K
[2020-12-15T07:11:39.655-0500][gc             ] GC(7765) Pause Young (Normal) (G1 Evacuation Pause) 50M->41M(62M) 4.834ms
[2020-12-15T07:11:39.655-0500][gc,cpu         ] GC(7765) User=0.00s Sys=0.00s Real=0.00s
[2020-12-15T07:11:45.193-0500][gc,task        ] GC(7766) Using 5 workers of 8 for full compaction
[2020-12-15T07:11:45.193-0500][gc,start       ] GC(7766) Pause Full (System.gc())
[2020-12-15T07:11:45.193-0500][gc,heap        ] GC(7766) Heap before GC invocations=7766 (full 1615): garbage-first heap   total 63488K, used 42647K [0x0000000083000000, 0x0000000100000000)
[2020-12-15T07:11:45.193-0500][gc,heap        ] GC(7766)   region size 1024K, 2 young (2048K), 1 survivors (1024K)
[2020-12-15T07:11:45.193-0500][gc,heap        ] GC(7766)  Metaspace       used 48734K, capacity 50558K, committed 52992K, reserved 1093632K
[2020-12-15T07:11:45.193-0500][gc,heap        ] GC(7766)   class space    used 7296K, capacity 7963K, committed 8704K, reserved 1048576K
[2020-12-15T07:11:45.194-0500][gc,phases,start] GC(7766) Phase 1: Mark live objects
[2020-12-15T07:11:45.231-0500][gc,stringtable ] GC(7766) Cleaned string and symbol table, strings: 31807 processed, 0 removed, symbols: 119634 processed, 0 removed
[2020-12-15T07:11:45.231-0500][gc,phases      ] GC(7766) Phase 1: Mark live objects 37.553ms
[2020-12-15T07:11:45.231-0500][gc,phases,start] GC(7766) Phase 2: Prepare for compaction
[2020-12-15T07:11:45.236-0500][gc,phases      ] GC(7766) Phase 2: Prepare for compaction 4.454ms
[2020-12-15T07:11:45.236-0500][gc,phases,start] GC(7766) Phase 3: Adjust pointers
[2020-12-15T07:11:45.248-0500][gc,phases      ] GC(7766) Phase 3: Adjust pointers 12.425ms
[2020-12-15T07:11:45.248-0500][gc,phases,start] GC(7766) Phase 4: Compact heap
[2020-12-15T07:11:45.251-0500][gc,phases      ] GC(7766) Phase 4: Compact heap 2.337ms
[2020-12-15T07:11:45.256-0500][gc,heap        ] GC(7766) Eden regions: 1->0(11)
[2020-12-15T07:11:45.256-0500][gc,heap        ] GC(7766) Survivor regions: 1->0(2)
[2020-12-15T07:11:45.256-0500][gc,heap        ] GC(7766) Old regions: 40->39
[2020-12-15T07:11:45.256-0500][gc,heap        ] GC(7766) Humongous regions: 4->4
[2020-12-15T07:11:45.256-0500][gc,metaspace   ] GC(7766) Metaspace: 48734K->48734K(1093632K)
[2020-12-15T07:11:45.256-0500][gc,heap        ] GC(7766) Heap after GC invocations=7767 (full 1616): garbage-first heap   total 63488K, used 42550K [0x0000000083000000, 0x0000000100000000)
[2020-12-15T07:11:45.256-0500][gc,heap        ] GC(7766)   region size 1024K, 0 young (0K), 0 survivors (0K)
[2020-12-15T07:11:45.256-0500][gc,heap        ] GC(7766)  Metaspace       used 48734K, capacity 50558K, committed 52992K, reserved 1093632K
[2020-12-15T07:11:45.256-0500][gc,heap        ] GC(7766)   class space    used 7296K, capacity 7963K, committed 8704K, reserved 1048576K
[2020-12-15T07:11:45.256-0500][gc             ] GC(7766) Pause Full (System.gc()) 41M->41M(62M) 63.107ms
[2020-12-15T07:11:45.256-0500][gc,cpu         ] GC(7766) User=0.28s Sys=0.00s Real=0.06s
[2020-12-15T07:14:41.560-0500][gc,heap        ] GC(7767) Heap before GC invocations=7767 (full 1616): garbage-first heap   total 63488K, used 52790K [0x0000000083000000, 0x0000000100000000)
[2020-12-15T07:14:41.560-0500][gc,heap        ] GC(7767)   region size 1024K, 11 young (11264K), 0 survivors (0K)
[2020-12-15T07:14:41.560-0500][gc,heap        ] GC(7767)  Metaspace       used 48734K, capacity 50558K, committed 52992K, reserved 1093632K
[2020-12-15T07:14:41.560-0500][gc,heap        ] GC(7767)   class space    used 7296K, capacity 7963K, committed 8704K, reserved 1048576K
[2020-12-15T07:14:41.561-0500][gc,start       ] GC(7767) Pause Young (Normal) (G1 Evacuation Pause)
[2020-12-15T07:14:41.561-0500][gc,task        ] GC(7767) Using 8 workers of 8 for evacuation
[2020-12-15T07:14:41.565-0500][gc,phases      ] GC(7767)   Pre Evacuate Collection Set: 0.0ms
[2020-12-15T07:14:41.565-0500][gc,phases      ] GC(7767)   Evacuate Collection Set: 1.3ms
[2020-12-15T07:14:41.565-0500][gc,phases      ] GC(7767)   Post Evacuate Collection Set: 3.2ms
[2020-12-15T07:14:41.565-0500][gc,phases      ] GC(7767)   Other: 0.6ms
[2020-12-15T07:14:41.565-0500][gc,heap        ] GC(7767) Eden regions: 11->0(10)
[2020-12-15T07:14:41.565-0500][gc,heap        ] GC(7767) Survivor regions: 0->1(2)
[2020-12-15T07:14:41.565-0500][gc,heap        ] GC(7767) Old regions: 39->39
[2020-12-15T07:14:41.565-0500][gc,heap        ] GC(7767) Humongous regions: 4->4
[2020-12-15T07:14:41.565-0500][gc,metaspace   ] GC(7767) Metaspace: 48734K->48734K(1093632K)
[2020-12-15T07:14:41.565-0500][gc,heap        ] GC(7767) Heap after GC invocations=7768 (full 1616): garbage-first heap   total 63488K, used 42619K [0x0000000083000000, 0x0000000100000000)
[2020-12-15T07:14:41.565-0500][gc,heap        ] GC(7767)   region size 1024K, 1 young (1024K), 1 survivors (1024K)
[2020-12-15T07:14:41.566-0500][gc,heap        ] GC(7767)  Metaspace       used 48734K, capacity 50558K, committed 52992K, reserved 1093632K
[2020-12-15T07:14:41.566-0500][gc,heap        ] GC(7767)   class space    used 7296K, capacity 7963K, committed 8704K, reserved 1048576K
[2020-12-15T07:14:41.566-0500][gc             ] GC(7767) Pause Young (Normal) (G1 Evacuation Pause) 52M->41M(62M) 5.107ms
[2020-12-15T07:14:41.566-0500][gc,cpu         ] GC(7767) User=0.01s Sys=0.01s Real=0.00s
[2020-12-15T07:16:45.191-0500][gc,task        ] GC(7768) Using 5 workers of 8 for full compaction
[2020-12-15T07:16:45.191-0500][gc,start       ] GC(7768) Pause Full (System.gc())
[2020-12-15T07:16:45.191-0500][gc,heap        ] GC(7768) Heap before GC invocations=7768 (full 1616): garbage-first heap   total 63488K, used 49787K [0x0000000083000000, 0x0000000100000000)
[2020-12-15T07:16:45.191-0500][gc,heap        ] GC(7768)   region size 1024K, 9 young (9216K), 1 survivors (1024K)
[2020-12-15T07:16:45.191-0500][gc,heap        ] GC(7768)  Metaspace       used 48734K, capacity 50558K, committed 52992K, reserved 1093632K
[2020-12-15T07:16:45.191-0500][gc,heap        ] GC(7768)   class space    used 7296K, capacity 7963K, committed 8704K, reserved 1048576K
[2020-12-15T07:16:45.191-0500][gc,phases,start] GC(7768) Phase 1: Mark live objects
[2020-12-15T07:16:45.234-0500][gc,stringtable ] GC(7768) Cleaned string and symbol table, strings: 31807 processed, 0 removed, symbols: 119634 processed, 0 removed
[2020-12-15T07:16:45.234-0500][gc,phases      ] GC(7768) Phase 1: Mark live objects 42.862ms
[2020-12-15T07:16:45.234-0500][gc,phases,start] GC(7768) Phase 2: Prepare for compaction
[2020-12-15T07:16:45.238-0500][gc,phases      ] GC(7768) Phase 2: Prepare for compaction 4.230ms
[2020-12-15T07:16:45.239-0500][gc,phases,start] GC(7768) Phase 3: Adjust pointers
[2020-12-15T07:16:45.250-0500][gc,phases      ] GC(7768) Phase 3: Adjust pointers 11.778ms
[2020-12-15T07:16:45.250-0500][gc,phases,start] GC(7768) Phase 4: Compact heap
[2020-12-15T07:16:45.253-0500][gc,phases      ] GC(7768) Phase 4: Compact heap 2.835ms
[2020-12-15T07:16:45.259-0500][gc,heap        ] GC(7768) Eden regions: 8->0(10)
[2020-12-15T07:16:45.259-0500][gc,heap        ] GC(7768) Survivor regions: 1->0(2)
[2020-12-15T07:16:45.259-0500][gc,heap        ] GC(7768) Old regions: 39->40
[2020-12-15T07:16:45.259-0500][gc,heap        ] GC(7768) Humongous regions: 4->4
[2020-12-15T07:16:45.259-0500][gc,metaspace   ] GC(7768) Metaspace: 48734K->48734K(1093632K)
[2020-12-15T07:16:45.259-0500][gc,heap        ] GC(7768) Heap after GC invocations=7769 (full 1617): garbage-first heap   total 63488K, used 42582K [0x0000000083000000, 0x0000000100000000)
[2020-12-15T07:16:45.259-0500][gc,heap        ] GC(7768)   region size 1024K, 0 young (0K), 0 survivors (0K)
[2020-12-15T07:16:45.259-0500][gc,heap        ] GC(7768)  Metaspace       used 48734K, capacity 50558K, committed 52992K, reserved 1093632K
[2020-12-15T07:16:45.259-0500][gc,heap        ] GC(7768)   class space    used 7296K, capacity 7963K, committed 8704K, reserved 1048576K
[2020-12-15T07:16:45.259-0500][gc             ] GC(7768) Pause Full (System.gc()) 49M->41M(62M) 67.815ms
[2020-12-15T07:16:45.259-0500][gc,cpu         ] GC(7768) User=0.23s Sys=0.05s Real=0.07s
[2020-12-15T07:19:18.911-0500][gc,heap        ] GC(7769) Heap before GC invocations=7769 (full 1617): garbage-first heap   total 63488K, used 52822K [0x0000000083000000, 0x0000000100000000)
[2020-12-15T07:19:18.911-0500][gc,heap        ] GC(7769)   region size 1024K, 10 young (10240K), 0 survivors (0K)
[2020-12-15T07:19:18.911-0500][gc,heap        ] GC(7769)  Metaspace       used 48734K, capacity 50558K, committed 52992K, reserved 1093632K
[2020-12-15T07:19:18.911-0500][gc,heap        ] GC(7769)   class space    used 7296K, capacity 7963K, committed 8704K, reserved 1048576K
[2020-12-15T07:19:18.911-0500][gc,start       ] GC(7769) Pause Young (Normal) (G1 Evacuation Pause)
[2020-12-15T07:19:18.911-0500][gc,task        ] GC(7769) Using 8 workers of 8 for evacuation
[2020-12-15T07:19:18.916-0500][gc,phases      ] GC(7769)   Pre Evacuate Collection Set: 0.0ms
[2020-12-15T07:19:18.916-0500][gc,phases      ] GC(7769)   Evacuate Collection Set: 1.9ms
[2020-12-15T07:19:18.916-0500][gc,phases      ] GC(7769)   Post Evacuate Collection Set: 2.6ms
[2020-12-15T07:19:18.916-0500][gc,phases      ] GC(7769)   Other: 0.5ms
[2020-12-15T07:19:18.916-0500][gc,heap        ] GC(7769) Eden regions: 10->0(9)
[2020-12-15T07:19:18.916-0500][gc,heap        ] GC(7769) Survivor regions: 0->1(2)
[2020-12-15T07:19:18.916-0500][gc,heap        ] GC(7769) Old regions: 40->40
[2020-12-15T07:19:18.916-0500][gc,heap        ] GC(7769) Humongous regions: 4->4
[2020-12-15T07:19:18.916-0500][gc,metaspace   ] GC(7769) Metaspace: 48734K->48734K(1093632K)
[2020-12-15T07:19:18.916-0500][gc,heap        ] GC(7769) Heap after GC invocations=7770 (full 1617): garbage-first heap   total 63488K, used 42647K [0x0000000083000000, 0x0000000100000000)
[2020-12-15T07:19:18.916-0500][gc,heap        ] GC(7769)   region size 1024K, 1 young (1024K), 1 survivors (1024K)
[2020-12-15T07:19:18.916-0500][gc,heap        ] GC(7769)  Metaspace       used 48734K, capacity 50558K, committed 52992K, reserved 1093632K
[2020-12-15T07:19:18.917-0500][gc,heap        ] GC(7769)   class space    used 7296K, capacity 7963K, committed 8704K, reserved 1048576K
[2020-12-15T07:19:18.917-0500][gc             ] GC(7769) Pause Young (Normal) (G1 Evacuation Pause) 51M->41M(62M) 5.193ms
[2020-12-15T07:19:18.917-0500][gc,cpu         ] GC(7769) User=0.01s Sys=0.00s Real=0.00s
[2020-12-15T07:21:45.189-0500][gc,task        ] GC(7770) Using 5 workers of 8 for full compaction
[2020-12-15T07:21:45.190-0500][gc,start       ] GC(7770) Pause Full (System.gc())
[2020-12-15T07:21:45.190-0500][gc,heap        ] GC(7770) Heap before GC invocations=7770 (full 1617): garbage-first heap   total 63488K, used 50839K [0x0000000083000000, 0x0000000100000000)
[2020-12-15T07:21:45.190-0500][gc,heap        ] GC(7770)   region size 1024K, 10 young (10240K), 1 survivors (1024K)
[2020-12-15T07:21:45.190-0500][gc,heap        ] GC(7770)  Metaspace       used 48734K, capacity 50558K, committed 52992K, reserved 1093632K
[2020-12-15T07:21:45.190-0500][gc,heap        ] GC(7770)   class space    used 7296K, capacity 7963K, committed 8704K, reserved 1048576K
[2020-12-15T07:21:45.190-0500][gc,phases,start] GC(7770) Phase 1: Mark live objects
[2020-12-15T07:21:45.231-0500][gc,stringtable ] GC(7770) Cleaned string and symbol table, strings: 31807 processed, 0 removed, symbols: 119634 processed, 0 removed
[2020-12-15T07:21:45.231-0500][gc,phases      ] GC(7770) Phase 1: Mark live objects 40.993ms
[2020-12-15T07:21:45.231-0500][gc,phases,start] GC(7770) Phase 2: Prepare for compaction
[2020-12-15T07:21:45.234-0500][gc,phases      ] GC(7770) Phase 2: Prepare for compaction 2.984ms
[2020-12-15T07:21:45.234-0500][gc,phases,start] GC(7770) Phase 3: Adjust pointers
[2020-12-15T07:21:45.244-0500][gc,phases      ] GC(7770) Phase 3: Adjust pointers 9.459ms
[2020-12-15T07:21:45.244-0500][gc,phases,start] GC(7770) Phase 4: Compact heap
[2020-12-15T07:21:45.247-0500][gc,phases      ] GC(7770) Phase 4: Compact heap 2.964ms
[2020-12-15T07:21:45.252-0500][gc,heap        ] GC(7770) Eden regions: 9->0(8)
[2020-12-15T07:21:45.252-0500][gc,heap        ] GC(7770) Survivor regions: 1->0(2)
[2020-12-15T07:21:45.252-0500][gc,heap        ] GC(7770) Old regions: 40->42
[2020-12-15T07:21:45.252-0500][gc,heap        ] GC(7770) Humongous regions: 4->4
[2020-12-15T07:21:45.252-0500][gc,metaspace   ] GC(7770) Metaspace: 48734K->48734K(1093632K)
[2020-12-15T07:21:45.252-0500][gc,heap        ] GC(7770) Heap after GC invocations=7771 (full 1618): garbage-first heap   total 63488K, used 42591K [0x0000000083000000, 0x0000000100000000)
[2020-12-15T07:21:45.252-0500][gc,heap        ] GC(7770)   region size 1024K, 0 young (0K), 0 survivors (0K)
[2020-12-15T07:21:45.252-0500][gc,heap        ] GC(7770)  Metaspace       used 48734K, capacity 50558K, committed 52992K, reserved 1093632K
[2020-12-15T07:21:45.252-0500][gc,heap        ] GC(7770)   class space    used 7296K, capacity 7963K, committed 8704K, reserved 1048576K
[2020-12-15T07:21:45.252-0500][gc             ] GC(7770) Pause Full (System.gc()) 50M->41M(62M) 62.768ms
[2020-12-15T07:21:45.253-0500][gc,cpu         ] GC(7770) User=0.26s Sys=0.00s Real=0.06s
[2020-12-15T07:23:56.014-0500][gc,heap        ] GC(7771) Heap before GC invocations=7771 (full 1618): garbage-first heap   total 63488K, used 50783K [0x0000000083000000, 0x0000000100000000)
[2020-12-15T07:23:56.014-0500][gc,heap        ] GC(7771)   region size 1024K, 8 young (8192K), 0 survivors (0K)
[2020-12-15T07:23:56.014-0500][gc,heap        ] GC(7771)  Metaspace       used 48734K, capacity 50558K, committed 52992K, reserved 1093632K
[2020-12-15T07:23:56.014-0500][gc,heap        ] GC(7771)   class space    used 7296K, capacity 7963K, committed 8704K, reserved 1048576K
[2020-12-15T07:23:56.014-0500][gc,start       ] GC(7771) Pause Young (Normal) (G1 Evacuation Pause)
[2020-12-15T07:23:56.014-0500][gc,task        ] GC(7771) Using 8 workers of 8 for evacuation
[2020-12-15T07:23:56.037-0500][gc,phases      ] GC(7771)   Pre Evacuate Collection Set: 0.0ms
[2020-12-15T07:23:56.037-0500][gc,phases      ] GC(7771)   Evacuate Collection Set: 1.1ms
[2020-12-15T07:23:56.037-0500][gc,phases      ] GC(7771)   Post Evacuate Collection Set: 21.6ms
[2020-12-15T07:23:56.037-0500][gc,phases      ] GC(7771)   Other: 0.4ms
[2020-12-15T07:23:56.037-0500][gc,heap        ] GC(7771) Eden regions: 8->0(7)
[2020-12-15T07:23:56.037-0500][gc,heap        ] GC(7771) Survivor regions: 0->1(1)
[2020-12-15T07:23:56.037-0500][gc,heap        ] GC(7771) Old regions: 42->42
[2020-12-15T07:23:56.037-0500][gc,heap        ] GC(7771) Humongous regions: 4->4
[2020-12-15T07:23:56.037-0500][gc,metaspace   ] GC(7771) Metaspace: 48734K->48734K(1093632K)
[2020-12-15T07:23:56.037-0500][gc,heap        ] GC(7771) Heap after GC invocations=7772 (full 1618): garbage-first heap   total 63488K, used 42651K [0x0000000083000000, 0x0000000100000000)
[2020-12-15T07:23:56.037-0500][gc,heap        ] GC(7771)   region size 1024K, 1 young (1024K), 1 survivors (1024K)
[2020-12-15T07:23:56.037-0500][gc,heap        ] GC(7771)  Metaspace       used 48734K, capacity 50558K, committed 52992K, reserved 1093632K
[2020-12-15T07:23:56.037-0500][gc,heap        ] GC(7771)   class space    used 7296K, capacity 7963K, committed 8704K, reserved 1048576K
[2020-12-15T07:23:56.037-0500][gc             ] GC(7771) Pause Young (Normal) (G1 Evacuation Pause) 49M->41M(62M) 23.296ms
[2020-12-15T07:23:56.037-0500][gc,cpu         ] GC(7771) User=0.16s Sys=0.00s Real=0.02s
[2020-12-15T07:25:46.017-0500][gc,heap        ] GC(7772) Heap before GC invocations=7772 (full 1618): garbage-first heap   total 63488K, used 48795K [0x0000000083000000, 0x0000000100000000)
[2020-12-15T07:25:46.018-0500][gc,heap        ] GC(7772)   region size 1024K, 8 young (8192K), 1 survivors (1024K)
[2020-12-15T07:25:46.018-0500][gc,heap        ] GC(7772)  Metaspace       used 48734K, capacity 50558K, committed 52992K, reserved 1093632K
[2020-12-15T07:25:46.018-0500][gc,heap        ] GC(7772)   class space    used 7296K, capacity 7963K, committed 8704K, reserved 1048576K
[2020-12-15T07:25:46.018-0500][gc,start       ] GC(7772) Pause Young (Normal) (G1 Evacuation Pause)
[2020-12-15T07:25:46.018-0500][gc,task        ] GC(7772) Using 8 workers of 8 for evacuation
[2020-12-15T07:25:46.021-0500][gc,phases      ] GC(7772)   Pre Evacuate Collection Set: 0.0ms
[2020-12-15T07:25:46.021-0500][gc,phases      ] GC(7772)   Evacuate Collection Set: 1.2ms
[2020-12-15T07:25:46.021-0500][gc,phases      ] GC(7772)   Post Evacuate Collection Set: 2.1ms
[2020-12-15T07:25:46.021-0500][gc,phases      ] GC(7772)   Other: 0.5ms
[2020-12-15T07:25:46.021-0500][gc,heap        ] GC(7772) Eden regions: 7->0(7)
[2020-12-15T07:25:46.022-0500][gc,heap        ] GC(7772) Survivor regions: 1->1(1)
[2020-12-15T07:25:46.022-0500][gc,heap        ] GC(7772) Old regions: 42->42
[2020-12-15T07:25:46.022-0500][gc,heap        ] GC(7772) Humongous regions: 4->4
[2020-12-15T07:25:46.022-0500][gc,metaspace   ] GC(7772) Metaspace: 48734K->48734K(1093632K)
[2020-12-15T07:25:46.022-0500][gc,heap        ] GC(7772) Heap after GC invocations=7773 (full 1618): garbage-first heap   total 63488K, used 42649K [0x0000000083000000, 0x0000000100000000)
[2020-12-15T07:25:46.022-0500][gc,heap        ] GC(7772)   region size 1024K, 1 young (1024K), 1 survivors (1024K)
[2020-12-15T07:25:46.022-0500][gc,heap        ] GC(7772)  Metaspace       used 48734K, capacity 50558K, committed 52992K, reserved 1093632K
[2020-12-15T07:25:46.022-0500][gc,heap        ] GC(7772)   class space    used 7296K, capacity 7963K, committed 8704K, reserved 1048576K
[2020-12-15T07:25:46.022-0500][gc             ] GC(7772) Pause Young (Normal) (G1 Evacuation Pause) 48M->41M(62M) 4.115ms
[2020-12-15T07:25:46.022-0500][gc,cpu         ] GC(7772) User=0.01s Sys=0.01s Real=0.01s
[2020-12-15T07:26:45.190-0500][gc,task        ] GC(7773) Using 5 workers of 8 for full compaction
[2020-12-15T07:26:45.190-0500][gc,start       ] GC(7773) Pause Full (System.gc())
[2020-12-15T07:26:45.190-0500][gc,heap        ] GC(7773) Heap before GC invocations=7773 (full 1618): garbage-first heap   total 63488K, used 45721K [0x0000000083000000, 0x0000000100000000)
[2020-12-15T07:26:45.190-0500][gc,heap        ] GC(7773)   region size 1024K, 5 young (5120K), 1 survivors (1024K)
[2020-12-15T07:26:45.190-0500][gc,heap        ] GC(7773)  Metaspace       used 48734K, capacity 50558K, committed 52992K, reserved 1093632K
[2020-12-15T07:26:45.190-0500][gc,heap        ] GC(7773)   class space    used 7296K, capacity 7963K, committed 8704K, reserved 1048576K
[2020-12-15T07:26:45.191-0500][gc,phases,start] GC(7773) Phase 1: Mark live objects
[2020-12-15T07:26:45.231-0500][gc,stringtable ] GC(7773) Cleaned string and symbol table, strings: 31807 processed, 0 removed, symbols: 119634 processed, 0 removed
[2020-12-15T07:26:45.231-0500][gc,phases      ] GC(7773) Phase 1: Mark live objects 40.391ms
[2020-12-15T07:26:45.231-0500][gc,phases,start] GC(7773) Phase 2: Prepare for compaction
[2020-12-15T07:26:45.234-0500][gc,phases      ] GC(7773) Phase 2: Prepare for compaction 3.229ms
[2020-12-15T07:26:45.234-0500][gc,phases,start] GC(7773) Phase 3: Adjust pointers
[2020-12-15T07:26:45.244-0500][gc,phases      ] GC(7773) Phase 3: Adjust pointers 9.349ms
[2020-12-15T07:26:45.244-0500][gc,phases,start] GC(7773) Phase 4: Compact heap
[2020-12-15T07:26:45.246-0500][gc,phases      ] GC(7773) Phase 4: Compact heap 2.628ms
[2020-12-15T07:26:45.252-0500][gc,heap        ] GC(7773) Eden regions: 4->0(9)
[2020-12-15T07:26:45.252-0500][gc,heap        ] GC(7773) Survivor regions: 1->0(1)
[2020-12-15T07:26:45.252-0500][gc,heap        ] GC(7773) Old regions: 42->41
[2020-12-15T07:26:45.252-0500][gc,heap        ] GC(7773) Humongous regions: 4->4
[2020-12-15T07:26:45.252-0500][gc,metaspace   ] GC(7773) Metaspace: 48734K->48734K(1093632K)
[2020-12-15T07:26:45.252-0500][gc,heap        ] GC(7773) Heap after GC invocations=7774 (full 1619): garbage-first heap   total 63488K, used 42574K [0x0000000083000000, 0x0000000100000000)
[2020-12-15T07:26:45.252-0500][gc,heap        ] GC(7773)   region size 1024K, 0 young (0K), 0 survivors (0K)
[2020-12-15T07:26:45.252-0500][gc,heap        ] GC(7773)  Metaspace       used 48734K, capacity 50558K, committed 52992K, reserved 1093632K
[2020-12-15T07:26:45.252-0500][gc,heap        ] GC(7773)   class space    used 7296K, capacity 7963K, committed 8704K, reserved 1048576K
[2020-12-15T07:26:45.252-0500][gc             ] GC(7773) Pause Full (System.gc()) 45M->41M(62M) 61.980ms
[2020-12-15T07:26:45.252-0500][gc,cpu         ] GC(7773) User=0.27s Sys=0.00s Real=0.06s
[2020-12-15T07:29:06.014-0500][gc,heap        ] GC(7774) Heap before GC invocations=7774 (full 1619): garbage-first heap   total 63488K, used 51790K [0x0000000083000000, 0x0000000100000000)
[2020-12-15T07:29:06.014-0500][gc,heap        ] GC(7774)   region size 1024K, 9 young (9216K), 0 survivors (0K)
[2020-12-15T07:29:06.014-0500][gc,heap        ] GC(7774)  Metaspace       used 48734K, capacity 50558K, committed 52992K, reserved 1093632K
[2020-12-15T07:29:06.014-0500][gc,heap        ] GC(7774)   class space    used 7296K, capacity 7963K, committed 8704K, reserved 1048576K
[2020-12-15T07:29:06.014-0500][gc,start       ] GC(7774) Pause Young (Normal) (G1 Evacuation Pause)
[2020-12-15T07:29:06.014-0500][gc,task        ] GC(7774) Using 8 workers of 8 for evacuation
[2020-12-15T07:29:06.019-0500][gc,phases      ] GC(7774)   Pre Evacuate Collection Set: 0.0ms
[2020-12-15T07:29:06.019-0500][gc,phases      ] GC(7774)   Evacuate Collection Set: 2.5ms
[2020-12-15T07:29:06.019-0500][gc,phases      ] GC(7774)   Post Evacuate Collection Set: 2.3ms
[2020-12-15T07:29:06.019-0500][gc,phases      ] GC(7774)   Other: 0.5ms
[2020-12-15T07:29:06.019-0500][gc,heap        ] GC(7774) Eden regions: 9->0(8)
[2020-12-15T07:29:06.019-0500][gc,heap        ] GC(7774) Survivor regions: 0->1(2)
[2020-12-15T07:29:06.019-0500][gc,heap        ] GC(7774) Old regions: 41->41
[2020-12-15T07:29:06.019-0500][gc,heap        ] GC(7774) Humongous regions: 4->4
[2020-12-15T07:29:06.019-0500][gc,metaspace   ] GC(7774) Metaspace: 48734K->48734K(1093632K)
[2020-12-15T07:29:06.019-0500][gc,heap        ] GC(7774) Heap after GC invocations=7775 (full 1619): garbage-first heap   total 63488K, used 42666K [0x0000000083000000, 0x0000000100000000)
[2020-12-15T07:29:06.019-0500][gc,heap        ] GC(7774)   region size 1024K, 1 young (1024K), 1 survivors (1024K)
[2020-12-15T07:29:06.019-0500][gc,heap        ] GC(7774)  Metaspace       used 48734K, capacity 50558K, committed 52992K, reserved 1093632K
[2020-12-15T07:29:06.019-0500][gc,heap        ] GC(7774)   class space    used 7296K, capacity 7963K, committed 8704K, reserved 1048576K
[2020-12-15T07:29:06.019-0500][gc             ] GC(7774) Pause Young (Normal) (G1 Evacuation Pause) 50M->41M(62M) 5.347ms
[2020-12-15T07:29:06.019-0500][gc,cpu         ] GC(7774) User=0.01s Sys=0.00s Real=0.01s
[2020-12-15T07:31:16.011-0500][gc,heap        ] GC(7775) Heap before GC invocations=7775 (full 1619): garbage-first heap   total 63488K, used 49834K [0x0000000083000000, 0x0000000100000000)
[2020-12-15T07:31:16.012-0500][gc,heap        ] GC(7775)   region size 1024K, 9 young (9216K), 1 survivors (1024K)
[2020-12-15T07:31:16.012-0500][gc,heap        ] GC(7775)  Metaspace       used 48734K, capacity 50558K, committed 52992K, reserved 1093632K
[2020-12-15T07:31:16.012-0500][gc,heap        ] GC(7775)   class space    used 7296K, capacity 7963K, committed 8704K, reserved 1048576K
[2020-12-15T07:31:16.012-0500][gc,start       ] GC(7775) Pause Young (Normal) (G1 Evacuation Pause)
[2020-12-15T07:31:16.012-0500][gc,task        ] GC(7775) Using 8 workers of 8 for evacuation
[2020-12-15T07:31:16.016-0500][gc,phases      ] GC(7775)   Pre Evacuate Collection Set: 0.0ms
[2020-12-15T07:31:16.017-0500][gc,phases      ] GC(7775)   Evacuate Collection Set: 1.8ms
[2020-12-15T07:31:16.017-0500][gc,phases      ] GC(7775)   Post Evacuate Collection Set: 2.8ms
[2020-12-15T07:31:16.017-0500][gc,phases      ] GC(7775)   Other: 0.4ms
[2020-12-15T07:31:16.017-0500][gc,heap        ] GC(7775) Eden regions: 8->0(8)
[2020-12-15T07:31:16.017-0500][gc,heap        ] GC(7775) Survivor regions: 1->1(2)
[2020-12-15T07:31:16.017-0500][gc,heap        ] GC(7775) Old regions: 41->41
[2020-12-15T07:31:16.017-0500][gc,heap        ] GC(7775) Humongous regions: 4->4
[2020-12-15T07:31:16.017-0500][gc,metaspace   ] GC(7775) Metaspace: 48734K->48734K(1093632K)
[2020-12-15T07:31:16.017-0500][gc,heap        ] GC(7775) Heap after GC invocations=7776 (full 1619): garbage-first heap   total 63488K, used 42654K [0x0000000083000000, 0x0000000100000000)
[2020-12-15T07:31:16.017-0500][gc,heap        ] GC(7775)   region size 1024K, 1 young (1024K), 1 survivors (1024K)
[2020-12-15T07:31:16.017-0500][gc,heap        ] GC(7775)  Metaspace       used 48734K, capacity 50558K, committed 52992K, reserved 1093632K
[2020-12-15T07:31:16.017-0500][gc,heap        ] GC(7775)   class space    used 7296K, capacity 7963K, committed 8704K, reserved 1048576K
[2020-12-15T07:31:16.017-0500][gc             ] GC(7775) Pause Young (Normal) (G1 Evacuation Pause) 49M->41M(62M) 5.215ms
[2020-12-15T07:31:16.017-0500][gc,cpu         ] GC(7775) User=0.01s Sys=0.01s Real=0.00s
[2020-12-15T07:31:45.192-0500][gc,task        ] GC(7776) Using 5 workers of 8 for full compaction
[2020-12-15T07:31:45.192-0500][gc,start       ] GC(7776) Pause Full (System.gc())
[2020-12-15T07:31:45.192-0500][gc,heap        ] GC(7776) Heap before GC invocations=7776 (full 1619): garbage-first heap   total 63488K, used 43678K [0x0000000083000000, 0x0000000100000000)
[2020-12-15T07:31:45.192-0500][gc,heap        ] GC(7776)   region size 1024K, 3 young (3072K), 1 survivors (1024K)
[2020-12-15T07:31:45.192-0500][gc,heap        ] GC(7776)  Metaspace       used 48734K, capacity 50558K, committed 52992K, reserved 1093632K
[2020-12-15T07:31:45.192-0500][gc,heap        ] GC(7776)   class space    used 7296K, capacity 7963K, committed 8704K, reserved 1048576K
[2020-12-15T07:31:45.193-0500][gc,phases,start] GC(7776) Phase 1: Mark live objects
[2020-12-15T07:31:45.234-0500][gc,stringtable ] GC(7776) Cleaned string and symbol table, strings: 31807 processed, 0 removed, symbols: 119634 processed, 0 removed
[2020-12-15T07:31:45.234-0500][gc,phases      ] GC(7776) Phase 1: Mark live objects 41.341ms
[2020-12-15T07:31:45.234-0500][gc,phases,start] GC(7776) Phase 2: Prepare for compaction
[2020-12-15T07:31:45.237-0500][gc,phases      ] GC(7776) Phase 2: Prepare for compaction 3.015ms
[2020-12-15T07:31:45.237-0500][gc,phases,start] GC(7776) Phase 3: Adjust pointers
[2020-12-15T07:31:45.248-0500][gc,phases      ] GC(7776) Phase 3: Adjust pointers 10.419ms
[2020-12-15T07:31:45.248-0500][gc,phases,start] GC(7776) Phase 4: Compact heap
[2020-12-15T07:31:45.250-0500][gc,phases      ] GC(7776) Phase 4: Compact heap 2.534ms
[2020-12-15T07:31:45.256-0500][gc,heap        ] GC(7776) Eden regions: 2->0(9)
[2020-12-15T07:31:45.256-0500][gc,heap        ] GC(7776) Survivor regions: 1->0(2)
[2020-12-15T07:31:45.256-0500][gc,heap        ] GC(7776) Old regions: 41->41
[2020-12-15T07:31:45.256-0500][gc,heap        ] GC(7776) Humongous regions: 4->4
[2020-12-15T07:31:45.256-0500][gc,metaspace   ] GC(7776) Metaspace: 48734K->48734K(1093632K)
[2020-12-15T07:31:45.256-0500][gc,heap        ] GC(7776) Heap after GC invocations=7777 (full 1620): garbage-first heap   total 63488K, used 42553K [0x0000000083000000, 0x0000000100000000)
[2020-12-15T07:31:45.256-0500][gc,heap        ] GC(7776)   region size 1024K, 0 young (0K), 0 survivors (0K)
[2020-12-15T07:31:45.256-0500][gc,heap        ] GC(7776)  Metaspace       used 48734K, capacity 50558K, committed 52992K, reserved 1093632K
[2020-12-15T07:31:45.256-0500][gc,heap        ] GC(7776)   class space    used 7296K, capacity 7963K, committed 8704K, reserved 1048576K
[2020-12-15T07:31:45.256-0500][gc             ] GC(7776) Pause Full (System.gc()) 43M->41M(62M) 64.217ms
[2020-12-15T07:31:45.257-0500][gc,cpu         ] GC(7776) User=0.28s Sys=0.00s Real=0.06s
[2020-12-15T07:34:06.019-0500][gc,heap        ] GC(7777) Heap before GC invocations=7777 (full 1620): garbage-first heap   total 63488K, used 50745K [0x0000000083000000, 0x0000000100000000)
[2020-12-15T07:34:06.019-0500][gc,heap        ] GC(7777)   region size 1024K, 9 young (9216K), 0 survivors (0K)
[2020-12-15T07:34:06.019-0500][gc,heap        ] GC(7777)  Metaspace       used 48734K, capacity 50558K, committed 52992K, reserved 1093632K
[2020-12-15T07:34:06.019-0500][gc,heap        ] GC(7777)   class space    used 7296K, capacity 7963K, committed 8704K, reserved 1048576K
[2020-12-15T07:34:06.019-0500][gc,start       ] GC(7777) Pause Young (Normal) (G1 Evacuation Pause)
[2020-12-15T07:34:06.019-0500][gc,task        ] GC(7777) Using 8 workers of 8 for evacuation
[2020-12-15T07:34:06.024-0500][gc,phases      ] GC(7777)   Pre Evacuate Collection Set: 0.0ms
[2020-12-15T07:34:06.024-0500][gc,phases      ] GC(7777)   Evacuate Collection Set: 1.2ms
[2020-12-15T07:34:06.024-0500][gc,phases      ] GC(7777)   Post Evacuate Collection Set: 2.7ms
[2020-12-15T07:34:06.024-0500][gc,phases      ] GC(7777)   Other: 0.5ms
[2020-12-15T07:34:06.024-0500][gc,heap        ] GC(7777) Eden regions: 9->0(8)
[2020-12-15T07:34:06.024-0500][gc,heap        ] GC(7777) Survivor regions: 0->1(2)
[2020-12-15T07:34:06.024-0500][gc,heap        ] GC(7777) Old regions: 41->41
[2020-12-15T07:34:06.024-0500][gc,heap        ] GC(7777) Humongous regions: 4->4
[2020-12-15T07:34:06.024-0500][gc,metaspace   ] GC(7777) Metaspace: 48734K->48734K(1093632K)
[2020-12-15T07:34:06.024-0500][gc,heap        ] GC(7777) Heap after GC invocations=7778 (full 1620): garbage-first heap   total 63488K, used 42613K [0x0000000083000000, 0x0000000100000000)
[2020-12-15T07:34:06.024-0500][gc,heap        ] GC(7777)   region size 1024K, 1 young (1024K), 1 survivors (1024K)
[2020-12-15T07:34:06.024-0500][gc,heap        ] GC(7777)  Metaspace       used 48734K, capacity 50558K, committed 52992K, reserved 1093632K
[2020-12-15T07:34:06.024-0500][gc,heap        ] GC(7777)   class space    used 7296K, capacity 7963K, committed 8704K, reserved 1048576K
[2020-12-15T07:34:06.024-0500][gc             ] GC(7777) Pause Young (Normal) (G1 Evacuation Pause) 50M->41M(62M) 4.475ms
[2020-12-15T07:34:06.024-0500][gc,cpu         ] GC(7777) User=0.00s Sys=0.01s Real=0.00s
[2020-12-15T07:36:16.018-0500][gc,heap        ] GC(7778) Heap before GC invocations=7778 (full 1620): garbage-first heap   total 63488K, used 50805K [0x0000000083000000, 0x0000000100000000)
[2020-12-15T07:36:16.018-0500][gc,heap        ] GC(7778)   region size 1024K, 9 young (9216K), 1 survivors (1024K)
[2020-12-15T07:36:16.018-0500][gc,heap        ] GC(7778)  Metaspace       used 48734K, capacity 50558K, committed 52992K, reserved 1093632K
[2020-12-15T07:36:16.018-0500][gc,heap        ] GC(7778)   class space    used 7296K, capacity 7963K, committed 8704K, reserved 1048576K
[2020-12-15T07:36:16.018-0500][gc,start       ] GC(7778) Pause Young (Normal) (G1 Evacuation Pause)
[2020-12-15T07:36:16.019-0500][gc,task        ] GC(7778) Using 8 workers of 8 for evacuation
[2020-12-15T07:36:16.024-0500][gc,phases      ] GC(7778)   Pre Evacuate Collection Set: 0.0ms
[2020-12-15T07:36:16.024-0500][gc,phases      ] GC(7778)   Evacuate Collection Set: 3.1ms
[2020-12-15T07:36:16.024-0500][gc,phases      ] GC(7778)   Post Evacuate Collection Set: 2.4ms
[2020-12-15T07:36:16.024-0500][gc,phases      ] GC(7778)   Other: 0.4ms
[2020-12-15T07:36:16.024-0500][gc,heap        ] GC(7778) Eden regions: 8->0(8)
[2020-12-15T07:36:16.024-0500][gc,heap        ] GC(7778) Survivor regions: 1->1(2)
[2020-12-15T07:36:16.024-0500][gc,heap        ] GC(7778) Old regions: 41->41
[2020-12-15T07:36:16.024-0500][gc,heap        ] GC(7778) Humongous regions: 4->4
[2020-12-15T07:36:16.025-0500][gc,metaspace   ] GC(7778) Metaspace: 48734K->48734K(1093632K)
[2020-12-15T07:36:16.025-0500][gc,heap        ] GC(7778) Heap after GC invocations=7779 (full 1620): garbage-first heap   total 63488K, used 42631K [0x0000000083000000, 0x0000000100000000)
[2020-12-15T07:36:16.025-0500][gc,heap        ] GC(7778)   region size 1024K, 1 young (1024K), 1 survivors (1024K)
[2020-12-15T07:36:16.025-0500][gc,heap        ] GC(7778)  Metaspace       used 48734K, capacity 50558K, committed 52992K, reserved 1093632K
[2020-12-15T07:36:16.025-0500][gc,heap        ] GC(7778)   class space    used 7296K, capacity 7963K, committed 8704K, reserved 1048576K
[2020-12-15T07:36:16.025-0500][gc             ] GC(7778) Pause Young (Normal) (G1 Evacuation Pause) 49M->41M(62M) 6.253ms
[2020-12-15T07:36:16.025-0500][gc,cpu         ] GC(7778) User=0.02s Sys=0.00s Real=0.00s
[2020-12-15T07:36:45.191-0500][gc,task        ] GC(7779) Using 5 workers of 8 for full compaction
[2020-12-15T07:36:45.191-0500][gc,start       ] GC(7779) Pause Full (System.gc())
[2020-12-15T07:36:45.191-0500][gc,heap        ] GC(7779) Heap before GC invocations=7779 (full 1620): garbage-first heap   total 63488K, used 43655K [0x0000000083000000, 0x0000000100000000)
[2020-12-15T07:36:45.191-0500][gc,heap        ] GC(7779)   region size 1024K, 3 young (3072K), 1 survivors (1024K)
[2020-12-15T07:36:45.191-0500][gc,heap        ] GC(7779)  Metaspace       used 48734K, capacity 50558K, committed 52992K, reserved 1093632K
[2020-12-15T07:36:45.191-0500][gc,heap        ] GC(7779)   class space    used 7296K, capacity 7963K, committed 8704K, reserved 1048576K
[2020-12-15T07:36:45.192-0500][gc,phases,start] GC(7779) Phase 1: Mark live objects
[2020-12-15T07:36:45.233-0500][gc,stringtable ] GC(7779) Cleaned string and symbol table, strings: 31807 processed, 0 removed, symbols: 119634 processed, 0 removed
[2020-12-15T07:36:45.233-0500][gc,phases      ] GC(7779) Phase 1: Mark live objects 41.319ms
[2020-12-15T07:36:45.233-0500][gc,phases,start] GC(7779) Phase 2: Prepare for compaction
[2020-12-15T07:36:45.236-0500][gc,phases      ] GC(7779) Phase 2: Prepare for compaction 3.207ms
[2020-12-15T07:36:45.236-0500][gc,phases,start] GC(7779) Phase 3: Adjust pointers
[2020-12-15T07:36:45.247-0500][gc,phases      ] GC(7779) Phase 3: Adjust pointers 10.036ms
[2020-12-15T07:36:45.247-0500][gc,phases,start] GC(7779) Phase 4: Compact heap
[2020-12-15T07:36:45.250-0500][gc,phases      ] GC(7779) Phase 4: Compact heap 3.037ms
[2020-12-15T07:36:45.255-0500][gc,heap        ] GC(7779) Eden regions: 2->0(10)
[2020-12-15T07:36:45.255-0500][gc,heap        ] GC(7779) Survivor regions: 1->0(2)
[2020-12-15T07:36:45.255-0500][gc,heap        ] GC(7779) Old regions: 41->40
[2020-12-15T07:36:45.255-0500][gc,heap        ] GC(7779) Humongous regions: 4->4
[2020-12-15T07:36:45.255-0500][gc,metaspace   ] GC(7779) Metaspace: 48734K->48734K(1093632K)
[2020-12-15T07:36:45.255-0500][gc,heap        ] GC(7779) Heap after GC invocations=7780 (full 1621): garbage-first heap   total 63488K, used 42554K [0x0000000083000000, 0x0000000100000000)
[2020-12-15T07:36:45.255-0500][gc,heap        ] GC(7779)   region size 1024K, 0 young (0K), 0 survivors (0K)
[2020-12-15T07:36:45.255-0500][gc,heap        ] GC(7779)  Metaspace       used 48734K, capacity 50558K, committed 52992K, reserved 1093632K
[2020-12-15T07:36:45.255-0500][gc,heap        ] GC(7779)   class space    used 7296K, capacity 7963K, committed 8704K, reserved 1048576K
[2020-12-15T07:36:45.255-0500][gc             ] GC(7779) Pause Full (System.gc()) 43M->41M(62M) 63.688ms
[2020-12-15T07:36:45.255-0500][gc,cpu         ] GC(7779) User=0.27s Sys=0.00s Real=0.06s
[2020-12-15T07:39:26.011-0500][gc,heap        ] GC(7780) Heap before GC invocations=7780 (full 1621): garbage-first heap   total 63488K, used 51770K [0x0000000083000000, 0x0000000100000000)
[2020-12-15T07:39:26.011-0500][gc,heap        ] GC(7780)   region size 1024K, 10 young (10240K), 0 survivors (0K)
[2020-12-15T07:39:26.011-0500][gc,heap        ] GC(7780)  Metaspace       used 48734K, capacity 50558K, committed 52992K, reserved 1093632K
[2020-12-15T07:39:26.011-0500][gc,heap        ] GC(7780)   class space    used 7296K, capacity 7963K, committed 8704K, reserved 1048576K
[2020-12-15T07:39:26.011-0500][gc,start       ] GC(7780) Pause Young (Normal) (G1 Evacuation Pause)
[2020-12-15T07:39:26.011-0500][gc,task        ] GC(7780) Using 8 workers of 8 for evacuation
[2020-12-15T07:39:26.017-0500][gc,phases      ] GC(7780)   Pre Evacuate Collection Set: 0.0ms
[2020-12-15T07:39:26.017-0500][gc,phases      ] GC(7780)   Evacuate Collection Set: 1.9ms
[2020-12-15T07:39:26.017-0500][gc,phases      ] GC(7780)   Post Evacuate Collection Set: 3.7ms
[2020-12-15T07:39:26.017-0500][gc,phases      ] GC(7780)   Other: 0.4ms
[2020-12-15T07:39:26.017-0500][gc,heap        ] GC(7780) Eden regions: 10->0(9)
[2020-12-15T07:39:26.017-0500][gc,heap        ] GC(7780) Survivor regions: 0->1(2)
[2020-12-15T07:39:26.017-0500][gc,heap        ] GC(7780) Old regions: 40->40
[2020-12-15T07:39:26.017-0500][gc,heap        ] GC(7780) Humongous regions: 4->4
[2020-12-15T07:39:26.017-0500][gc,metaspace   ] GC(7780) Metaspace: 48734K->48734K(1093632K)
[2020-12-15T07:39:26.017-0500][gc,heap        ] GC(7780) Heap after GC invocations=7781 (full 1621): garbage-first heap   total 63488K, used 42631K [0x0000000083000000, 0x0000000100000000)
[2020-12-15T07:39:26.017-0500][gc,heap        ] GC(7780)   region size 1024K, 1 young (1024K), 1 survivors (1024K)
[2020-12-15T07:39:26.017-0500][gc,heap        ] GC(7780)  Metaspace       used 48734K, capacity 50558K, committed 52992K, reserved 1093632K
[2020-12-15T07:39:26.017-0500][gc,heap        ] GC(7780)   class space    used 7296K, capacity 7963K, committed 8704K, reserved 1048576K
[2020-12-15T07:39:26.017-0500][gc             ] GC(7780) Pause Young (Normal) (G1 Evacuation Pause) 51M->41M(62M) 6.228ms
[2020-12-15T07:39:26.017-0500][gc,cpu         ] GC(7780) User=0.02s Sys=0.00s Real=0.00s
[2020-12-15T07:41:45.190-0500][gc,task        ] GC(7781) Using 5 workers of 8 for full compaction
[2020-12-15T07:41:45.191-0500][gc,start       ] GC(7781) Pause Full (System.gc())
[2020-12-15T07:41:45.191-0500][gc,heap        ] GC(7781) Heap before GC invocations=7781 (full 1621): garbage-first heap   total 63488K, used 49799K [0x0000000083000000, 0x0000000100000000)
[2020-12-15T07:41:45.191-0500][gc,heap        ] GC(7781)   region size 1024K, 10 young (10240K), 1 survivors (1024K)
[2020-12-15T07:41:45.191-0500][gc,heap        ] GC(7781)  Metaspace       used 48734K, capacity 50558K, committed 52992K, reserved 1093632K
[2020-12-15T07:41:45.191-0500][gc,heap        ] GC(7781)   class space    used 7296K, capacity 7963K, committed 8704K, reserved 1048576K
[2020-12-15T07:41:45.191-0500][gc,phases,start] GC(7781) Phase 1: Mark live objects
[2020-12-15T07:41:45.236-0500][gc,stringtable ] GC(7781) Cleaned string and symbol table, strings: 31807 processed, 0 removed, symbols: 119634 processed, 0 removed
[2020-12-15T07:41:45.236-0500][gc,phases      ] GC(7781) Phase 1: Mark live objects 44.387ms
[2020-12-15T07:41:45.236-0500][gc,phases,start] GC(7781) Phase 2: Prepare for compaction
[2020-12-15T07:41:45.240-0500][gc,phases      ] GC(7781) Phase 2: Prepare for compaction 4.056ms
[2020-12-15T07:41:45.240-0500][gc,phases,start] GC(7781) Phase 3: Adjust pointers
[2020-12-15T07:41:45.251-0500][gc,phases      ] GC(7781) Phase 3: Adjust pointers 11.110ms
[2020-12-15T07:41:45.251-0500][gc,phases,start] GC(7781) Phase 4: Compact heap
[2020-12-15T07:41:45.255-0500][gc,phases      ] GC(7781) Phase 4: Compact heap 3.669ms
[2020-12-15T07:41:45.261-0500][gc,heap        ] GC(7781) Eden regions: 9->0(9)
[2020-12-15T07:41:45.261-0500][gc,heap        ] GC(7781) Survivor regions: 1->0(2)
[2020-12-15T07:41:45.261-0500][gc,heap        ] GC(7781) Old regions: 40->41
[2020-12-15T07:41:45.261-0500][gc,heap        ] GC(7781) Humongous regions: 4->4
[2020-12-15T07:41:45.261-0500][gc,metaspace   ] GC(7781) Metaspace: 48734K->48734K(1093632K)
[2020-12-15T07:41:45.261-0500][gc,heap        ] GC(7781) Heap after GC invocations=7782 (full 1622): garbage-first heap   total 63488K, used 42584K [0x0000000083000000, 0x0000000100000000)
[2020-12-15T07:41:45.261-0500][gc,heap        ] GC(7781)   region size 1024K, 0 young (0K), 0 survivors (0K)
[2020-12-15T07:41:45.261-0500][gc,heap        ] GC(7781)  Metaspace       used 48734K, capacity 50558K, committed 52992K, reserved 1093632K
[2020-12-15T07:41:45.261-0500][gc,heap        ] GC(7781)   class space    used 7296K, capacity 7963K, committed 8704K, reserved 1048576K
[2020-12-15T07:41:45.261-0500][gc             ] GC(7781) Pause Full (System.gc()) 50M->41M(62M) 70.271ms
[2020-12-15T07:41:45.261-0500][gc,cpu         ] GC(7781) User=0.30s Sys=0.00s Real=0.07s
[2020-12-15T07:44:01.653-0500][gc,heap        ] GC(7782) Heap before GC invocations=7782 (full 1622): garbage-first heap   total 63488K, used 50776K [0x0000000083000000, 0x0000000100000000)
[2020-12-15T07:44:01.653-0500][gc,heap        ] GC(7782)   region size 1024K, 9 young (9216K), 0 survivors (0K)
[2020-12-15T07:44:01.653-0500][gc,heap        ] GC(7782)  Metaspace       used 48734K, capacity 50558K, committed 52992K, reserved 1093632K
[2020-12-15T07:44:01.653-0500][gc,heap        ] GC(7782)   class space    used 7296K, capacity 7963K, committed 8704K, reserved 1048576K
[2020-12-15T07:44:01.653-0500][gc,start       ] GC(7782) Pause Young (Normal) (G1 Evacuation Pause)
[2020-12-15T07:44:01.653-0500][gc,task        ] GC(7782) Using 8 workers of 8 for evacuation
[2020-12-15T07:44:01.657-0500][gc,phases      ] GC(7782)   Pre Evacuate Collection Set: 0.0ms
[2020-12-15T07:44:01.658-0500][gc,phases      ] GC(7782)   Evacuate Collection Set: 1.4ms
[2020-12-15T07:44:01.658-0500][gc,phases      ] GC(7782)   Post Evacuate Collection Set: 2.8ms
[2020-12-15T07:44:01.658-0500][gc,phases      ] GC(7782)   Other: 0.5ms
[2020-12-15T07:44:01.658-0500][gc,heap        ] GC(7782) Eden regions: 9->0(8)
[2020-12-15T07:44:01.658-0500][gc,heap        ] GC(7782) Survivor regions: 0->1(2)
[2020-12-15T07:44:01.658-0500][gc,heap        ] GC(7782) Old regions: 41->41
[2020-12-15T07:44:01.658-0500][gc,heap        ] GC(7782) Humongous regions: 4->4
[2020-12-15T07:44:01.658-0500][gc,metaspace   ] GC(7782) Metaspace: 48734K->48734K(1093632K)
[2020-12-15T07:44:01.658-0500][gc,heap        ] GC(7782) Heap after GC invocations=7783 (full 1622): garbage-first heap   total 63488K, used 42654K [0x0000000083000000, 0x0000000100000000)
[2020-12-15T07:44:01.658-0500][gc,heap        ] GC(7782)   region size 1024K, 1 young (1024K), 1 survivors (1024K)
[2020-12-15T07:44:01.658-0500][gc,heap        ] GC(7782)  Metaspace       used 48734K, capacity 50558K, committed 52992K, reserved 1093632K
[2020-12-15T07:44:01.658-0500][gc,heap        ] GC(7782)   class space    used 7296K, capacity 7963K, committed 8704K, reserved 1048576K
[2020-12-15T07:44:01.658-0500][gc             ] GC(7782) Pause Young (Normal) (G1 Evacuation Pause) 50M->41M(62M) 5.066ms
[2020-12-15T07:44:01.658-0500][gc,cpu         ] GC(7782) User=0.01s Sys=0.00s Real=0.01s
[2020-12-15T07:46:07.344-0500][gc,heap        ] GC(7783) Heap before GC invocations=7783 (full 1622): garbage-first heap   total 63488K, used 50846K [0x0000000083000000, 0x0000000100000000)
[2020-12-15T07:46:07.344-0500][gc,heap        ] GC(7783)   region size 1024K, 9 young (9216K), 1 survivors (1024K)
[2020-12-15T07:46:07.344-0500][gc,heap        ] GC(7783)  Metaspace       used 48734K, capacity 50558K, committed 52992K, reserved 1093632K
[2020-12-15T07:46:07.344-0500][gc,heap        ] GC(7783)   class space    used 7296K, capacity 7963K, committed 8704K, reserved 1048576K
[2020-12-15T07:46:07.344-0500][gc,start       ] GC(7783) Pause Young (Normal) (G1 Evacuation Pause)
[2020-12-15T07:46:07.344-0500][gc,task        ] GC(7783) Using 8 workers of 8 for evacuation
[2020-12-15T07:46:07.349-0500][gc,phases      ] GC(7783)   Pre Evacuate Collection Set: 0.0ms
[2020-12-15T07:46:07.349-0500][gc,phases      ] GC(7783)   Evacuate Collection Set: 1.2ms
[2020-12-15T07:46:07.349-0500][gc,phases      ] GC(7783)   Post Evacuate Collection Set: 2.9ms
[2020-12-15T07:46:07.349-0500][gc,phases      ] GC(7783)   Other: 0.5ms
[2020-12-15T07:46:07.349-0500][gc,heap        ] GC(7783) Eden regions: 8->0(8)
[2020-12-15T07:46:07.349-0500][gc,heap        ] GC(7783) Survivor regions: 1->1(2)
[2020-12-15T07:46:07.349-0500][gc,heap        ] GC(7783) Old regions: 41->41
[2020-12-15T07:46:07.349-0500][gc,heap        ] GC(7783) Humongous regions: 4->4
[2020-12-15T07:46:07.349-0500][gc,metaspace   ] GC(7783) Metaspace: 48734K->48734K(1093632K)
[2020-12-15T07:46:07.349-0500][gc,heap        ] GC(7783) Heap after GC invocations=7784 (full 1622): garbage-first heap   total 63488K, used 42639K [0x0000000083000000, 0x0000000100000000)
[2020-12-15T07:46:07.349-0500][gc,heap        ] GC(7783)   region size 1024K, 1 young (1024K), 1 survivors (1024K)
[2020-12-15T07:46:07.349-0500][gc,heap        ] GC(7783)  Metaspace       used 48734K, capacity 50558K, committed 52992K, reserved 1093632K
[2020-12-15T07:46:07.349-0500][gc,heap        ] GC(7783)   class space    used 7296K, capacity 7963K, committed 8704K, reserved 1048576K
[2020-12-15T07:46:07.349-0500][gc             ] GC(7783) Pause Young (Normal) (G1 Evacuation Pause) 49M->41M(62M) 4.678ms
[2020-12-15T07:46:07.349-0500][gc,cpu         ] GC(7783) User=0.01s Sys=0.01s Real=0.01s
[2020-12-15T07:46:45.191-0500][gc,task        ] GC(7784) Using 5 workers of 8 for full compaction
[2020-12-15T07:46:45.191-0500][gc,start       ] GC(7784) Pause Full (System.gc())
[2020-12-15T07:46:45.191-0500][gc,heap        ] GC(7784) Heap before GC invocations=7784 (full 1622): garbage-first heap   total 63488K, used 43663K [0x0000000083000000, 0x0000000100000000)
[2020-12-15T07:46:45.191-0500][gc,heap        ] GC(7784)   region size 1024K, 3 young (3072K), 1 survivors (1024K)
[2020-12-15T07:46:45.191-0500][gc,heap        ] GC(7784)  Metaspace       used 48734K, capacity 50558K, committed 52992K, reserved 1093632K
[2020-12-15T07:46:45.191-0500][gc,heap        ] GC(7784)   class space    used 7296K, capacity 7963K, committed 8704K, reserved 1048576K
[2020-12-15T07:46:45.192-0500][gc,phases,start] GC(7784) Phase 1: Mark live objects
[2020-12-15T07:46:45.227-0500][gc,stringtable ] GC(7784) Cleaned string and symbol table, strings: 31807 processed, 0 removed, symbols: 119634 processed, 0 removed
[2020-12-15T07:46:45.227-0500][gc,phases      ] GC(7784) Phase 1: Mark live objects 35.283ms
[2020-12-15T07:46:45.227-0500][gc,phases,start] GC(7784) Phase 2: Prepare for compaction
[2020-12-15T07:46:45.234-0500][gc,phases      ] GC(7784) Phase 2: Prepare for compaction 6.663ms
[2020-12-15T07:46:45.234-0500][gc,phases,start] GC(7784) Phase 3: Adjust pointers
[2020-12-15T07:46:45.244-0500][gc,phases      ] GC(7784) Phase 3: Adjust pointers 10.213ms
[2020-12-15T07:46:45.244-0500][gc,phases,start] GC(7784) Phase 4: Compact heap
[2020-12-15T07:46:45.246-0500][gc,phases      ] GC(7784) Phase 4: Compact heap 2.293ms
[2020-12-15T07:46:45.251-0500][gc,heap        ] GC(7784) Eden regions: 2->0(10)
[2020-12-15T07:46:45.252-0500][gc,heap        ] GC(7784) Survivor regions: 1->0(2)
[2020-12-15T07:46:45.252-0500][gc,heap        ] GC(7784) Old regions: 41->40
[2020-12-15T07:46:45.252-0500][gc,heap        ] GC(7784) Humongous regions: 4->4
[2020-12-15T07:46:45.252-0500][gc,metaspace   ] GC(7784) Metaspace: 48734K->48734K(1093632K)
[2020-12-15T07:46:45.252-0500][gc,heap        ] GC(7784) Heap after GC invocations=7785 (full 1623): garbage-first heap   total 63488K, used 42553K [0x0000000083000000, 0x0000000100000000)
[2020-12-15T07:46:45.252-0500][gc,heap        ] GC(7784)   region size 1024K, 0 young (0K), 0 survivors (0K)
[2020-12-15T07:46:45.252-0500][gc,heap        ] GC(7784)  Metaspace       used 48734K, capacity 50558K, committed 52992K, reserved 1093632K
[2020-12-15T07:46:45.252-0500][gc,heap        ] GC(7784)   class space    used 7296K, capacity 7963K, committed 8704K, reserved 1048576K
[2020-12-15T07:46:45.252-0500][gc             ] GC(7784) Pause Full (System.gc()) 43M->41M(62M) 60.690ms
[2020-12-15T07:46:45.252-0500][gc,cpu         ] GC(7784) User=0.21s Sys=0.05s Real=0.06s
[2020-12-15T07:49:26.012-0500][gc,heap        ] GC(7785) Heap before GC invocations=7785 (full 1623): garbage-first heap   total 63488K, used 51769K [0x0000000083000000, 0x0000000100000000)
[2020-12-15T07:49:26.012-0500][gc,heap        ] GC(7785)   region size 1024K, 10 young (10240K), 0 survivors (0K)
[2020-12-15T07:49:26.012-0500][gc,heap        ] GC(7785)  Metaspace       used 48734K, capacity 50558K, committed 52992K, reserved 1093632K
[2020-12-15T07:49:26.012-0500][gc,heap        ] GC(7785)   class space    used 7296K, capacity 7963K, committed 8704K, reserved 1048576K
[2020-12-15T07:49:26.012-0500][gc,start       ] GC(7785) Pause Young (Normal) (G1 Evacuation Pause)
[2020-12-15T07:49:26.012-0500][gc,task        ] GC(7785) Using 8 workers of 8 for evacuation
[2020-12-15T07:49:26.017-0500][gc,phases      ] GC(7785)   Pre Evacuate Collection Set: 0.0ms
[2020-12-15T07:49:26.017-0500][gc,phases      ] GC(7785)   Evacuate Collection Set: 1.1ms
[2020-12-15T07:49:26.017-0500][gc,phases      ] GC(7785)   Post Evacuate Collection Set: 3.3ms
[2020-12-15T07:49:26.017-0500][gc,phases      ] GC(7785)   Other: 0.4ms
[2020-12-15T07:49:26.017-0500][gc,heap        ] GC(7785) Eden regions: 10->0(9)
[2020-12-15T07:49:26.017-0500][gc,heap        ] GC(7785) Survivor regions: 0->1(2)
[2020-12-15T07:49:26.017-0500][gc,heap        ] GC(7785) Old regions: 40->40
[2020-12-15T07:49:26.017-0500][gc,heap        ] GC(7785) Humongous regions: 4->4
[2020-12-15T07:49:26.017-0500][gc,metaspace   ] GC(7785) Metaspace: 48734K->48734K(1093632K)
[2020-12-15T07:49:26.017-0500][gc,heap        ] GC(7785) Heap after GC invocations=7786 (full 1623): garbage-first heap   total 63488K, used 42628K [0x0000000083000000, 0x0000000100000000)
[2020-12-15T07:49:26.017-0500][gc,heap        ] GC(7785)   region size 1024K, 1 young (1024K), 1 survivors (1024K)
[2020-12-15T07:49:26.017-0500][gc,heap        ] GC(7785)  Metaspace       used 48734K, capacity 50558K, committed 52992K, reserved 1093632K
[2020-12-15T07:49:26.017-0500][gc,heap        ] GC(7785)   class space    used 7296K, capacity 7963K, committed 8704K, reserved 1048576K
[2020-12-15T07:49:26.017-0500][gc             ] GC(7785) Pause Young (Normal) (G1 Evacuation Pause) 51M->41M(62M) 5.078ms
[2020-12-15T07:49:26.017-0500][gc,cpu         ] GC(7785) User=0.01s Sys=0.00s Real=0.00s
[2020-12-15T07:51:45.190-0500][gc,task        ] GC(7786) Using 5 workers of 8 for full compaction
[2020-12-15T07:51:45.191-0500][gc,start       ] GC(7786) Pause Full (System.gc())
[2020-12-15T07:51:45.191-0500][gc,heap        ] GC(7786) Heap before GC invocations=7786 (full 1623): garbage-first heap   total 63488K, used 50820K [0x0000000083000000, 0x0000000100000000)
[2020-12-15T07:51:45.191-0500][gc,heap        ] GC(7786)   region size 1024K, 10 young (10240K), 1 survivors (1024K)
[2020-12-15T07:51:45.191-0500][gc,heap        ] GC(7786)  Metaspace       used 48734K, capacity 50558K, committed 52992K, reserved 1093632K
[2020-12-15T07:51:45.191-0500][gc,heap        ] GC(7786)   class space    used 7296K, capacity 7963K, committed 8704K, reserved 1048576K
[2020-12-15T07:51:45.191-0500][gc,phases,start] GC(7786) Phase 1: Mark live objects
[2020-12-15T07:51:45.224-0500][gc,stringtable ] GC(7786) Cleaned string and symbol table, strings: 31807 processed, 0 removed, symbols: 119634 processed, 0 removed
[2020-12-15T07:51:45.224-0500][gc,phases      ] GC(7786) Phase 1: Mark live objects 33.100ms
[2020-12-15T07:51:45.224-0500][gc,phases,start] GC(7786) Phase 2: Prepare for compaction
[2020-12-15T07:51:45.229-0500][gc,phases      ] GC(7786) Phase 2: Prepare for compaction 5.177ms
[2020-12-15T07:51:45.230-0500][gc,phases,start] GC(7786) Phase 3: Adjust pointers
[2020-12-15T07:51:45.241-0500][gc,phases      ] GC(7786) Phase 3: Adjust pointers 11.762ms
[2020-12-15T07:51:45.241-0500][gc,phases,start] GC(7786) Phase 4: Compact heap
[2020-12-15T07:51:45.244-0500][gc,phases      ] GC(7786) Phase 4: Compact heap 2.429ms
[2020-12-15T07:51:45.249-0500][gc,heap        ] GC(7786) Eden regions: 9->0(10)
[2020-12-15T07:51:45.249-0500][gc,heap        ] GC(7786) Survivor regions: 1->0(2)
[2020-12-15T07:51:45.249-0500][gc,heap        ] GC(7786) Old regions: 40->40
[2020-12-15T07:51:45.249-0500][gc,heap        ] GC(7786) Humongous regions: 4->4
[2020-12-15T07:51:45.249-0500][gc,metaspace   ] GC(7786) Metaspace: 48734K->48734K(1093632K)
[2020-12-15T07:51:45.249-0500][gc,heap        ] GC(7786) Heap after GC invocations=7787 (full 1624): garbage-first heap   total 63488K, used 42585K [0x0000000083000000, 0x0000000100000000)
[2020-12-15T07:51:45.249-0500][gc,heap        ] GC(7786)   region size 1024K, 0 young (0K), 0 survivors (0K)
[2020-12-15T07:51:45.249-0500][gc,heap        ] GC(7786)  Metaspace       used 48734K, capacity 50558K, committed 52992K, reserved 1093632K
[2020-12-15T07:51:45.249-0500][gc,heap        ] GC(7786)   class space    used 7296K, capacity 7963K, committed 8704K, reserved 1048576K
[2020-12-15T07:51:45.249-0500][gc             ] GC(7786) Pause Full (System.gc()) 50M->41M(62M) 58.631ms
[2020-12-15T07:51:45.249-0500][gc,cpu         ] GC(7786) User=0.25s Sys=0.00s Real=0.06s
[2020-12-15T07:54:18.450-0500][gc,heap        ] GC(7787) Heap before GC invocations=7787 (full 1624): garbage-first heap   total 63488K, used 51801K [0x0000000083000000, 0x0000000100000000)
[2020-12-15T07:54:18.450-0500][gc,heap        ] GC(7787)   region size 1024K, 10 young (10240K), 0 survivors (0K)
[2020-12-15T07:54:18.450-0500][gc,heap        ] GC(7787)  Metaspace       used 48734K, capacity 50558K, committed 52992K, reserved 1093632K
[2020-12-15T07:54:18.450-0500][gc,heap        ] GC(7787)   class space    used 7296K, capacity 7963K, committed 8704K, reserved 1048576K
[2020-12-15T07:54:18.450-0500][gc,start       ] GC(7787) Pause Young (Normal) (G1 Evacuation Pause)
[2020-12-15T07:54:18.450-0500][gc,task        ] GC(7787) Using 8 workers of 8 for evacuation
[2020-12-15T07:54:18.466-0500][gc,phases      ] GC(7787)   Pre Evacuate Collection Set: 0.0ms
[2020-12-15T07:54:18.466-0500][gc,phases      ] GC(7787)   Evacuate Collection Set: 1.5ms
[2020-12-15T07:54:18.466-0500][gc,phases      ] GC(7787)   Post Evacuate Collection Set: 13.5ms
[2020-12-15T07:54:18.466-0500][gc,phases      ] GC(7787)   Other: 0.5ms
[2020-12-15T07:54:18.466-0500][gc,heap        ] GC(7787) Eden regions: 10->0(9)
[2020-12-15T07:54:18.466-0500][gc,heap        ] GC(7787) Survivor regions: 0->1(2)
[2020-12-15T07:54:18.466-0500][gc,heap        ] GC(7787) Old regions: 40->40
[2020-12-15T07:54:18.466-0500][gc,heap        ] GC(7787) Humongous regions: 4->4
[2020-12-15T07:54:18.466-0500][gc,metaspace   ] GC(7787) Metaspace: 48734K->48734K(1093632K)
[2020-12-15T07:54:18.466-0500][gc,heap        ] GC(7787) Heap after GC invocations=7788 (full 1624): garbage-first heap   total 63488K, used 42659K [0x0000000083000000, 0x0000000100000000)
[2020-12-15T07:54:18.466-0500][gc,heap        ] GC(7787)   region size 1024K, 1 young (1024K), 1 survivors (1024K)
[2020-12-15T07:54:18.466-0500][gc,heap        ] GC(7787)  Metaspace       used 48734K, capacity 50558K, committed 52992K, reserved 1093632K
[2020-12-15T07:54:18.466-0500][gc,heap        ] GC(7787)   class space    used 7296K, capacity 7963K, committed 8704K, reserved 1048576K
[2020-12-15T07:54:18.466-0500][gc             ] GC(7787) Pause Young (Normal) (G1 Evacuation Pause) 51M->41M(62M) 15.823ms
[2020-12-15T07:54:18.466-0500][gc,cpu         ] GC(7787) User=0.07s Sys=0.00s Real=0.01s
[2020-12-15T07:56:45.191-0500][gc,task        ] GC(7788) Using 5 workers of 8 for full compaction
[2020-12-15T07:56:45.191-0500][gc,start       ] GC(7788) Pause Full (System.gc())
[2020-12-15T07:56:45.191-0500][gc,heap        ] GC(7788) Heap before GC invocations=7788 (full 1624): garbage-first heap   total 63488K, used 49827K [0x0000000083000000, 0x0000000100000000)
[2020-12-15T07:56:45.191-0500][gc,heap        ] GC(7788)   region size 1024K, 10 young (10240K), 1 survivors (1024K)
[2020-12-15T07:56:45.191-0500][gc,heap        ] GC(7788)  Metaspace       used 48734K, capacity 50558K, committed 52992K, reserved 1093632K
[2020-12-15T07:56:45.191-0500][gc,heap        ] GC(7788)   class space    used 7296K, capacity 7963K, committed 8704K, reserved 1048576K
[2020-12-15T07:56:45.192-0500][gc,phases,start] GC(7788) Phase 1: Mark live objects
[2020-12-15T07:56:45.210-0500][gc,stringtable ] GC(7788) Cleaned string and symbol table, strings: 31807 processed, 0 removed, symbols: 119634 processed, 0 removed
[2020-12-15T07:56:45.210-0500][gc,phases      ] GC(7788) Phase 1: Mark live objects 18.836ms
[2020-12-15T07:56:45.210-0500][gc,phases,start] GC(7788) Phase 2: Prepare for compaction
[2020-12-15T07:56:45.213-0500][gc,phases      ] GC(7788) Phase 2: Prepare for compaction 3.011ms
[2020-12-15T07:56:45.214-0500][gc,phases,start] GC(7788) Phase 3: Adjust pointers
[2020-12-15T07:56:45.224-0500][gc,phases      ] GC(7788) Phase 3: Adjust pointers 10.736ms
[2020-12-15T07:56:45.224-0500][gc,phases,start] GC(7788) Phase 4: Compact heap
[2020-12-15T07:56:45.227-0500][gc,phases      ] GC(7788) Phase 4: Compact heap 2.482ms
[2020-12-15T07:56:45.232-0500][gc,heap        ] GC(7788) Eden regions: 9->0(9)
[2020-12-15T07:56:45.232-0500][gc,heap        ] GC(7788) Survivor regions: 1->0(2)
[2020-12-15T07:56:45.232-0500][gc,heap        ] GC(7788) Old regions: 40->41
[2020-12-15T07:56:45.232-0500][gc,heap        ] GC(7788) Humongous regions: 4->4
[2020-12-15T07:56:45.232-0500][gc,metaspace   ] GC(7788) Metaspace: 48734K->48734K(1093632K)
[2020-12-15T07:56:45.232-0500][gc,heap        ] GC(7788) Heap after GC invocations=7789 (full 1625): garbage-first heap   total 63488K, used 42592K [0x0000000083000000, 0x0000000100000000)
[2020-12-15T07:56:45.232-0500][gc,heap        ] GC(7788)   region size 1024K, 0 young (0K), 0 survivors (0K)
[2020-12-15T07:56:45.232-0500][gc,heap        ] GC(7788)  Metaspace       used 48734K, capacity 50558K, committed 52992K, reserved 1093632K
[2020-12-15T07:56:45.232-0500][gc,heap        ] GC(7788)   class space    used 7296K, capacity 7963K, committed 8704K, reserved 1048576K
[2020-12-15T07:56:45.232-0500][gc             ] GC(7788) Pause Full (System.gc()) 50M->41M(62M) 40.938ms
[2020-12-15T07:56:45.232-0500][gc,cpu         ] GC(7788) User=0.16s Sys=0.00s Real=0.04s
[2020-12-15T07:59:06.020-0500][gc,heap        ] GC(7789) Heap before GC invocations=7789 (full 1625): garbage-first heap   total 63488K, used 50784K [0x0000000083000000, 0x0000000100000000)
[2020-12-15T07:59:06.020-0500][gc,heap        ] GC(7789)   region size 1024K, 9 young (9216K), 0 survivors (0K)
[2020-12-15T07:59:06.020-0500][gc,heap        ] GC(7789)  Metaspace       used 48734K, capacity 50558K, committed 52992K, reserved 1093632K
[2020-12-15T07:59:06.020-0500][gc,heap        ] GC(7789)   class space    used 7296K, capacity 7963K, committed 8704K, reserved 1048576K
[2020-12-15T07:59:06.020-0500][gc,start       ] GC(7789) Pause Young (Normal) (G1 Evacuation Pause)
[2020-12-15T07:59:06.020-0500][gc,task        ] GC(7789) Using 8 workers of 8 for evacuation
[2020-12-15T07:59:06.024-0500][gc,phases      ] GC(7789)   Pre Evacuate Collection Set: 0.0ms
[2020-12-15T07:59:06.024-0500][gc,phases      ] GC(7789)   Evacuate Collection Set: 1.3ms
[2020-12-15T07:59:06.024-0500][gc,phases      ] GC(7789)   Post Evacuate Collection Set: 2.4ms
[2020-12-15T07:59:06.024-0500][gc,phases      ] GC(7789)   Other: 0.4ms
[2020-12-15T07:59:06.024-0500][gc,heap        ] GC(7789) Eden regions: 9->0(8)
[2020-12-15T07:59:06.024-0500][gc,heap        ] GC(7789) Survivor regions: 0->1(2)
[2020-12-15T07:59:06.024-0500][gc,heap        ] GC(7789) Old regions: 41->41
[2020-12-15T07:59:06.024-0500][gc,heap        ] GC(7789) Humongous regions: 4->4
[2020-12-15T07:59:06.024-0500][gc,metaspace   ] GC(7789) Metaspace: 48734K->48734K(1093632K)
[2020-12-15T07:59:06.024-0500][gc,heap        ] GC(7789) Heap after GC invocations=7790 (full 1625): garbage-first heap   total 63488K, used 42651K [0x0000000083000000, 0x0000000100000000)
[2020-12-15T07:59:06.024-0500][gc,heap        ] GC(7789)   region size 1024K, 1 young (1024K), 1 survivors (1024K)
[2020-12-15T07:59:06.024-0500][gc,heap        ] GC(7789)  Metaspace       used 48734K, capacity 50558K, committed 52992K, reserved 1093632K
[2020-12-15T07:59:06.024-0500][gc,heap        ] GC(7789)   class space    used 7296K, capacity 7963K, committed 8704K, reserved 1048576K
[2020-12-15T07:59:06.024-0500][gc             ] GC(7789) Pause Young (Normal) (G1 Evacuation Pause) 50M->41M(62M) 4.235ms
[2020-12-15T07:59:06.024-0500][gc,cpu         ] GC(7789) User=0.01s Sys=0.01s Real=0.00s
[2020-12-15T08:01:13.909-0500][gc,heap        ] GC(7790) Heap before GC invocations=7790 (full 1625): garbage-first heap   total 63488K, used 49819K [0x0000000083000000, 0x0000000100000000)
[2020-12-15T08:01:13.909-0500][gc,heap        ] GC(7790)   region size 1024K, 9 young (9216K), 1 survivors (1024K)
[2020-12-15T08:01:13.909-0500][gc,heap        ] GC(7790)  Metaspace       used 48734K, capacity 50558K, committed 52992K, reserved 1093632K
[2020-12-15T08:01:13.909-0500][gc,heap        ] GC(7790)   class space    used 7296K, capacity 7963K, committed 8704K, reserved 1048576K
[2020-12-15T08:01:13.909-0500][gc,start       ] GC(7790) Pause Young (Normal) (G1 Evacuation Pause)
[2020-12-15T08:01:13.909-0500][gc,task        ] GC(7790) Using 8 workers of 8 for evacuation
[2020-12-15T08:01:13.915-0500][gc,phases      ] GC(7790)   Pre Evacuate Collection Set: 0.0ms
[2020-12-15T08:01:13.915-0500][gc,phases      ] GC(7790)   Evacuate Collection Set: 3.0ms
[2020-12-15T08:01:13.915-0500][gc,phases      ] GC(7790)   Post Evacuate Collection Set: 3.0ms
[2020-12-15T08:01:13.915-0500][gc,phases      ] GC(7790)   Other: 0.5ms
[2020-12-15T08:01:13.915-0500][gc,heap        ] GC(7790) Eden regions: 8->0(8)
[2020-12-15T08:01:13.915-0500][gc,heap        ] GC(7790) Survivor regions: 1->1(2)
[2020-12-15T08:01:13.915-0500][gc,heap        ] GC(7790) Old regions: 41->41
[2020-12-15T08:01:13.915-0500][gc,heap        ] GC(7790) Humongous regions: 4->4
[2020-12-15T08:01:13.915-0500][gc,metaspace   ] GC(7790) Metaspace: 48734K->48734K(1093632K)
[2020-12-15T08:01:13.915-0500][gc,heap        ] GC(7790) Heap after GC invocations=7791 (full 1625): garbage-first heap   total 63488K, used 42658K [0x0000000083000000, 0x0000000100000000)
[2020-12-15T08:01:13.915-0500][gc,heap        ] GC(7790)   region size 1024K, 1 young (1024K), 1 survivors (1024K)
[2020-12-15T08:01:13.915-0500][gc,heap        ] GC(7790)  Metaspace       used 48734K, capacity 50558K, committed 52992K, reserved 1093632K
[2020-12-15T08:01:13.915-0500][gc,heap        ] GC(7790)   class space    used 7296K, capacity 7963K, committed 8704K, reserved 1048576K
[2020-12-15T08:01:13.915-0500][gc             ] GC(7790) Pause Young (Normal) (G1 Evacuation Pause) 49M->41M(62M) 6.595ms
[2020-12-15T08:01:13.916-0500][gc,cpu         ] GC(7790) User=0.03s Sys=0.00s Real=0.00s
[2020-12-15T08:01:45.188-0500][gc,task        ] GC(7791) Using 5 workers of 8 for full compaction
[2020-12-15T08:01:45.188-0500][gc,start       ] GC(7791) Pause Full (System.gc())
[2020-12-15T08:01:45.188-0500][gc,heap        ] GC(7791) Heap before GC invocations=7791 (full 1625): garbage-first heap   total 63488K, used 43682K [0x0000000083000000, 0x0000000100000000)
[2020-12-15T08:01:45.188-0500][gc,heap        ] GC(7791)   region size 1024K, 3 young (3072K), 1 survivors (1024K)
[2020-12-15T08:01:45.188-0500][gc,heap        ] GC(7791)  Metaspace       used 48734K, capacity 50558K, committed 52992K, reserved 1093632K
[2020-12-15T08:01:45.188-0500][gc,heap        ] GC(7791)   class space    used 7296K, capacity 7963K, committed 8704K, reserved 1048576K
[2020-12-15T08:01:45.189-0500][gc,phases,start] GC(7791) Phase 1: Mark live objects
[2020-12-15T08:01:45.207-0500][gc,stringtable ] GC(7791) Cleaned string and symbol table, strings: 31807 processed, 0 removed, symbols: 119634 processed, 0 removed
[2020-12-15T08:01:45.207-0500][gc,phases      ] GC(7791) Phase 1: Mark live objects 18.457ms
[2020-12-15T08:01:45.207-0500][gc,phases,start] GC(7791) Phase 2: Prepare for compaction
[2020-12-15T08:01:45.210-0500][gc,phases      ] GC(7791) Phase 2: Prepare for compaction 3.472ms
[2020-12-15T08:01:45.211-0500][gc,phases,start] GC(7791) Phase 3: Adjust pointers
[2020-12-15T08:01:45.220-0500][gc,phases      ] GC(7791) Phase 3: Adjust pointers 9.745ms
[2020-12-15T08:01:45.220-0500][gc,phases,start] GC(7791) Phase 4: Compact heap
[2020-12-15T08:01:45.223-0500][gc,phases      ] GC(7791) Phase 4: Compact heap 2.640ms
[2020-12-15T08:01:45.228-0500][gc,heap        ] GC(7791) Eden regions: 2->0(10)
[2020-12-15T08:01:45.228-0500][gc,heap        ] GC(7791) Survivor regions: 1->0(2)
[2020-12-15T08:01:45.228-0500][gc,heap        ] GC(7791) Old regions: 41->40
[2020-12-15T08:01:45.228-0500][gc,heap        ] GC(7791) Humongous regions: 4->4
[2020-12-15T08:01:45.228-0500][gc,metaspace   ] GC(7791) Metaspace: 48734K->48734K(1093632K)
[2020-12-15T08:01:45.228-0500][gc,heap        ] GC(7791) Heap after GC invocations=7792 (full 1626): garbage-first heap   total 63488K, used 42557K [0x0000000083000000, 0x0000000100000000)
[2020-12-15T08:01:45.228-0500][gc,heap        ] GC(7791)   region size 1024K, 0 young (0K), 0 survivors (0K)
[2020-12-15T08:01:45.228-0500][gc,heap        ] GC(7791)  Metaspace       used 48734K, capacity 50558K, committed 52992K, reserved 1093632K
[2020-12-15T08:01:45.228-0500][gc,heap        ] GC(7791)   class space    used 7296K, capacity 7963K, committed 8704K, reserved 1048576K
[2020-12-15T08:01:45.228-0500][gc             ] GC(7791) Pause Full (System.gc()) 43M->41M(62M) 40.128ms
[2020-12-15T08:01:45.228-0500][gc,cpu         ] GC(7791) User=0.17s Sys=0.00s Real=0.04s
[2020-12-15T08:04:17.610-0500][gc,heap        ] GC(7792) Heap before GC invocations=7792 (full 1626): garbage-first heap   total 63488K, used 52797K [0x0000000083000000, 0x0000000100000000)
[2020-12-15T08:04:17.610-0500][gc,heap        ] GC(7792)   region size 1024K, 10 young (10240K), 0 survivors (0K)
[2020-12-15T08:04:17.610-0500][gc,heap        ] GC(7792)  Metaspace       used 48734K, capacity 50558K, committed 52992K, reserved 1093632K
[2020-12-15T08:04:17.610-0500][gc,heap        ] GC(7792)   class space    used 7296K, capacity 7963K, committed 8704K, reserved 1048576K
[2020-12-15T08:04:17.610-0500][gc,start       ] GC(7792) Pause Young (Normal) (G1 Evacuation Pause)
[2020-12-15T08:04:17.610-0500][gc,task        ] GC(7792) Using 8 workers of 8 for evacuation
[2020-12-15T08:04:17.611-0500][gc,phases      ] GC(7792)   Pre Evacuate Collection Set: 0.0ms
[2020-12-15T08:04:17.611-0500][gc,phases      ] GC(7792)   Evacuate Collection Set: 0.7ms
[2020-12-15T08:04:17.611-0500][gc,phases      ] GC(7792)   Post Evacuate Collection Set: 0.9ms
[2020-12-15T08:04:17.611-0500][gc,phases      ] GC(7792)   Other: 0.2ms
[2020-12-15T08:04:17.611-0500][gc,heap        ] GC(7792) Eden regions: 10->0(9)
[2020-12-15T08:04:17.612-0500][gc,heap        ] GC(7792) Survivor regions: 0->1(2)
[2020-12-15T08:04:17.612-0500][gc,heap        ] GC(7792) Old regions: 40->40
[2020-12-15T08:04:17.612-0500][gc,heap        ] GC(7792) Humongous regions: 4->4
[2020-12-15T08:04:17.612-0500][gc,metaspace   ] GC(7792) Metaspace: 48734K->48734K(1093632K)
[2020-12-15T08:04:17.612-0500][gc,heap        ] GC(7792) Heap after GC invocations=7793 (full 1626): garbage-first heap   total 63488K, used 42621K [0x0000000083000000, 0x0000000100000000)
[2020-12-15T08:04:17.612-0500][gc,heap        ] GC(7792)   region size 1024K, 1 young (1024K), 1 survivors (1024K)
[2020-12-15T08:04:17.612-0500][gc,heap        ] GC(7792)  Metaspace       used 48734K, capacity 50558K, committed 52992K, reserved 1093632K
[2020-12-15T08:04:17.612-0500][gc,heap        ] GC(7792)   class space    used 7296K, capacity 7963K, committed 8704K, reserved 1048576K
[2020-12-15T08:04:17.612-0500][gc             ] GC(7792) Pause Young (Normal) (G1 Evacuation Pause) 51M->41M(62M) 1.836ms
[2020-12-15T08:04:17.612-0500][gc,cpu         ] GC(7792) User=0.00s Sys=0.01s Real=0.00s
[2020-12-15T08:06:45.189-0500][gc,task        ] GC(7793) Using 5 workers of 8 for full compaction
[2020-12-15T08:06:45.189-0500][gc,start       ] GC(7793) Pause Full (System.gc())
[2020-12-15T08:06:45.189-0500][gc,heap        ] GC(7793) Heap before GC invocations=7793 (full 1626): garbage-first heap   total 63488K, used 49789K [0x0000000083000000, 0x0000000100000000)
[2020-12-15T08:06:45.189-0500][gc,heap        ] GC(7793)   region size 1024K, 10 young (10240K), 1 survivors (1024K)
[2020-12-15T08:06:45.189-0500][gc,heap        ] GC(7793)  Metaspace       used 48734K, capacity 50558K, committed 52992K, reserved 1093632K
[2020-12-15T08:06:45.189-0500][gc,heap        ] GC(7793)   class space    used 7296K, capacity 7963K, committed 8704K, reserved 1048576K
[2020-12-15T08:06:45.189-0500][gc,phases,start] GC(7793) Phase 1: Mark live objects
[2020-12-15T08:06:45.226-0500][gc,stringtable ] GC(7793) Cleaned string and symbol table, strings: 31807 processed, 0 removed, symbols: 119634 processed, 0 removed
[2020-12-15T08:06:45.227-0500][gc,phases      ] GC(7793) Phase 1: Mark live objects 37.020ms
[2020-12-15T08:06:45.227-0500][gc,phases,start] GC(7793) Phase 2: Prepare for compaction
[2020-12-15T08:06:45.231-0500][gc,phases      ] GC(7793) Phase 2: Prepare for compaction 4.944ms
[2020-12-15T08:06:45.232-0500][gc,phases,start] GC(7793) Phase 3: Adjust pointers
[2020-12-15T08:06:45.243-0500][gc,phases      ] GC(7793) Phase 3: Adjust pointers 11.930ms
[2020-12-15T08:06:45.244-0500][gc,phases,start] GC(7793) Phase 4: Compact heap
[2020-12-15T08:06:45.246-0500][gc,phases      ] GC(7793) Phase 4: Compact heap 2.484ms
[2020-12-15T08:06:45.252-0500][gc,heap        ] GC(7793) Eden regions: 9->0(10)
[2020-12-15T08:06:45.252-0500][gc,heap        ] GC(7793) Survivor regions: 1->0(2)
[2020-12-15T08:06:45.252-0500][gc,heap        ] GC(7793) Old regions: 40->40
[2020-12-15T08:06:45.252-0500][gc,heap        ] GC(7793) Humongous regions: 4->4
[2020-12-15T08:06:45.252-0500][gc,metaspace   ] GC(7793) Metaspace: 48734K->48734K(1093632K)
[2020-12-15T08:06:45.252-0500][gc,heap        ] GC(7793) Heap after GC invocations=7794 (full 1627): garbage-first heap   total 63488K, used 42590K [0x0000000083000000, 0x0000000100000000)
[2020-12-15T08:06:45.252-0500][gc,heap        ] GC(7793)   region size 1024K, 0 young (0K), 0 survivors (0K)
[2020-12-15T08:06:45.252-0500][gc,heap        ] GC(7793)  Metaspace       used 48734K, capacity 50558K, committed 52992K, reserved 1093632K
[2020-12-15T08:06:45.252-0500][gc,heap        ] GC(7793)   class space    used 7296K, capacity 7963K, committed 8704K, reserved 1048576K
[2020-12-15T08:06:45.252-0500][gc             ] GC(7793) Pause Full (System.gc()) 50M->41M(62M) 62.761ms
[2020-12-15T08:06:45.252-0500][gc,cpu         ] GC(7793) User=0.27s Sys=0.00s Real=0.06s
[2020-12-15T08:09:26.012-0500][gc,heap        ] GC(7794) Heap before GC invocations=7794 (full 1627): garbage-first heap   total 63488K, used 51806K [0x0000000083000000, 0x0000000100000000)
[2020-12-15T08:09:26.012-0500][gc,heap        ] GC(7794)   region size 1024K, 10 young (10240K), 0 survivors (0K)
[2020-12-15T08:09:26.012-0500][gc,heap        ] GC(7794)  Metaspace       used 48734K, capacity 50558K, committed 52992K, reserved 1093632K
[2020-12-15T08:09:26.012-0500][gc,heap        ] GC(7794)   class space    used 7296K, capacity 7963K, committed 8704K, reserved 1048576K
[2020-12-15T08:09:26.013-0500][gc,start       ] GC(7794) Pause Young (Normal) (G1 Evacuation Pause)
[2020-12-15T08:09:26.013-0500][gc,task        ] GC(7794) Using 8 workers of 8 for evacuation
[2020-12-15T08:09:26.015-0500][gc,phases      ] GC(7794)   Pre Evacuate Collection Set: 0.0ms
[2020-12-15T08:09:26.016-0500][gc,phases      ] GC(7794)   Evacuate Collection Set: 0.5ms
[2020-12-15T08:09:26.016-0500][gc,phases      ] GC(7794)   Post Evacuate Collection Set: 2.3ms
[2020-12-15T08:09:26.016-0500][gc,phases      ] GC(7794)   Other: 0.2ms
[2020-12-15T08:09:26.016-0500][gc,heap        ] GC(7794) Eden regions: 10->0(9)
[2020-12-15T08:09:26.016-0500][gc,heap        ] GC(7794) Survivor regions: 0->1(2)
[2020-12-15T08:09:26.016-0500][gc,heap        ] GC(7794) Old regions: 40->40
[2020-12-15T08:09:26.016-0500][gc,heap        ] GC(7794) Humongous regions: 4->4
[2020-12-15T08:09:26.016-0500][gc,metaspace   ] GC(7794) Metaspace: 48734K->48734K(1093632K)
[2020-12-15T08:09:26.016-0500][gc,heap        ] GC(7794) Heap after GC invocations=7795 (full 1627): garbage-first heap   total 63488K, used 42677K [0x0000000083000000, 0x0000000100000000)
[2020-12-15T08:09:26.016-0500][gc,heap        ] GC(7794)   region size 1024K, 1 young (1024K), 1 survivors (1024K)
[2020-12-15T08:09:26.016-0500][gc,heap        ] GC(7794)  Metaspace       used 48734K, capacity 50558K, committed 52992K, reserved 1093632K
[2020-12-15T08:09:26.016-0500][gc,heap        ] GC(7794)   class space    used 7296K, capacity 7963K, committed 8704K, reserved 1048576K
[2020-12-15T08:09:26.016-0500][gc             ] GC(7794) Pause Young (Normal) (G1 Evacuation Pause) 51M->41M(62M) 3.285ms
[2020-12-15T08:09:26.016-0500][gc,cpu         ] GC(7794) User=0.00s Sys=0.00s Real=0.00s
[2020-12-15T08:11:45.191-0500][gc,task        ] GC(7795) Using 5 workers of 8 for full compaction
[2020-12-15T08:11:45.191-0500][gc,start       ] GC(7795) Pause Full (System.gc())
[2020-12-15T08:11:45.191-0500][gc,heap        ] GC(7795) Heap before GC invocations=7795 (full 1627): garbage-first heap   total 63488K, used 50869K [0x0000000083000000, 0x0000000100000000)
[2020-12-15T08:11:45.191-0500][gc,heap        ] GC(7795)   region size 1024K, 10 young (10240K), 1 survivors (1024K)
[2020-12-15T08:11:45.191-0500][gc,heap        ] GC(7795)  Metaspace       used 48734K, capacity 50558K, committed 52992K, reserved 1093632K
[2020-12-15T08:11:45.191-0500][gc,heap        ] GC(7795)   class space    used 7296K, capacity 7963K, committed 8704K, reserved 1048576K
[2020-12-15T08:11:45.191-0500][gc,phases,start] GC(7795) Phase 1: Mark live objects
[2020-12-15T08:11:45.225-0500][gc,stringtable ] GC(7795) Cleaned string and symbol table, strings: 31807 processed, 0 removed, symbols: 119634 processed, 0 removed
[2020-12-15T08:11:45.225-0500][gc,phases      ] GC(7795) Phase 1: Mark live objects 33.911ms
[2020-12-15T08:11:45.225-0500][gc,phases,start] GC(7795) Phase 2: Prepare for compaction
[2020-12-15T08:11:45.229-0500][gc,phases      ] GC(7795) Phase 2: Prepare for compaction 3.221ms
[2020-12-15T08:11:45.229-0500][gc,phases,start] GC(7795) Phase 3: Adjust pointers
[2020-12-15T08:11:45.239-0500][gc,phases      ] GC(7795) Phase 3: Adjust pointers 10.222ms
[2020-12-15T08:11:45.239-0500][gc,phases,start] GC(7795) Phase 4: Compact heap
[2020-12-15T08:11:45.242-0500][gc,phases      ] GC(7795) Phase 4: Compact heap 2.628ms
[2020-12-15T08:11:45.247-0500][gc,heap        ] GC(7795) Eden regions: 9->0(8)
[2020-12-15T08:11:45.247-0500][gc,heap        ] GC(7795) Survivor regions: 1->0(2)
[2020-12-15T08:11:45.247-0500][gc,heap        ] GC(7795) Old regions: 40->42
[2020-12-15T08:11:45.247-0500][gc,heap        ] GC(7795) Humongous regions: 4->4
[2020-12-15T08:11:45.247-0500][gc,metaspace   ] GC(7795) Metaspace: 48734K->48734K(1093632K)
[2020-12-15T08:11:45.247-0500][gc,heap        ] GC(7795) Heap after GC invocations=7796 (full 1628): garbage-first heap   total 63488K, used 42589K [0x0000000083000000, 0x0000000100000000)
[2020-12-15T08:11:45.247-0500][gc,heap        ] GC(7795)   region size 1024K, 0 young (0K), 0 survivors (0K)
[2020-12-15T08:11:45.247-0500][gc,heap        ] GC(7795)  Metaspace       used 48734K, capacity 50558K, committed 52992K, reserved 1093632K
[2020-12-15T08:11:45.247-0500][gc,heap        ] GC(7795)   class space    used 7296K, capacity 7963K, committed 8704K, reserved 1048576K
[2020-12-15T08:11:45.247-0500][gc             ] GC(7795) Pause Full (System.gc()) 50M->41M(62M) 55.987ms
[2020-12-15T08:11:45.247-0500][gc,cpu         ] GC(7795) User=0.21s Sys=0.00s Real=0.05s
[2020-12-15T08:13:46.362-0500][gc,heap        ] GC(7796) Heap before GC invocations=7796 (full 1628): garbage-first heap   total 63488K, used 49757K [0x0000000083000000, 0x0000000100000000)
[2020-12-15T08:13:46.362-0500][gc,heap        ] GC(7796)   region size 1024K, 8 young (8192K), 0 survivors (0K)
[2020-12-15T08:13:46.362-0500][gc,heap        ] GC(7796)  Metaspace       used 48734K, capacity 50558K, committed 52992K, reserved 1093632K
[2020-12-15T08:13:46.362-0500][gc,heap        ] GC(7796)   class space    used 7296K, capacity 7963K, committed 8704K, reserved 1048576K
[2020-12-15T08:13:46.362-0500][gc,start       ] GC(7796) Pause Young (Normal) (G1 Evacuation Pause)
[2020-12-15T08:13:46.362-0500][gc,task        ] GC(7796) Using 8 workers of 8 for evacuation
[2020-12-15T08:13:46.367-0500][gc,phases      ] GC(7796)   Pre Evacuate Collection Set: 0.0ms
[2020-12-15T08:13:46.367-0500][gc,phases      ] GC(7796)   Evacuate Collection Set: 1.2ms
[2020-12-15T08:13:46.367-0500][gc,phases      ] GC(7796)   Post Evacuate Collection Set: 2.9ms
[2020-12-15T08:13:46.367-0500][gc,phases      ] GC(7796)   Other: 0.4ms
[2020-12-15T08:13:46.367-0500][gc,heap        ] GC(7796) Eden regions: 8->0(7)
[2020-12-15T08:13:46.367-0500][gc,heap        ] GC(7796) Survivor regions: 0->1(1)
[2020-12-15T08:13:46.367-0500][gc,heap        ] GC(7796) Old regions: 42->42
[2020-12-15T08:13:46.367-0500][gc,heap        ] GC(7796) Humongous regions: 4->4
[2020-12-15T08:13:46.367-0500][gc,metaspace   ] GC(7796) Metaspace: 48734K->48734K(1093632K)
[2020-12-15T08:13:46.367-0500][gc,heap        ] GC(7796) Heap after GC invocations=7797 (full 1628): garbage-first heap   total 63488K, used 42652K [0x0000000083000000, 0x0000000100000000)
[2020-12-15T08:13:46.367-0500][gc,heap        ] GC(7796)   region size 1024K, 1 young (1024K), 1 survivors (1024K)
[2020-12-15T08:13:46.367-0500][gc,heap        ] GC(7796)  Metaspace       used 48734K, capacity 50558K, committed 52992K, reserved 1093632K
[2020-12-15T08:13:46.367-0500][gc,heap        ] GC(7796)   class space    used 7296K, capacity 7963K, committed 8704K, reserved 1048576K
[2020-12-15T08:13:46.367-0500][gc             ] GC(7796) Pause Young (Normal) (G1 Evacuation Pause) 49M->41M(62M) 4.802ms
[2020-12-15T08:13:46.367-0500][gc,cpu         ] GC(7796) User=0.00s Sys=0.01s Real=0.00s
[2020-12-15T08:15:46.012-0500][gc,heap        ] GC(7797) Heap before GC invocations=7797 (full 1628): garbage-first heap   total 63488K, used 48796K [0x0000000083000000, 0x0000000100000000)
[2020-12-15T08:15:46.012-0500][gc,heap        ] GC(7797)   region size 1024K, 8 young (8192K), 1 survivors (1024K)
[2020-12-15T08:15:46.012-0500][gc,heap        ] GC(7797)  Metaspace       used 48734K, capacity 50558K, committed 52992K, reserved 1093632K
[2020-12-15T08:15:46.012-0500][gc,heap        ] GC(7797)   class space    used 7296K, capacity 7963K, committed 8704K, reserved 1048576K
[2020-12-15T08:15:46.012-0500][gc,start       ] GC(7797) Pause Young (Normal) (G1 Evacuation Pause)
[2020-12-15T08:15:46.012-0500][gc,task        ] GC(7797) Using 8 workers of 8 for evacuation
[2020-12-15T08:15:46.018-0500][gc,phases      ] GC(7797)   Pre Evacuate Collection Set: 0.0ms
[2020-12-15T08:15:46.018-0500][gc,phases      ] GC(7797)   Evacuate Collection Set: 0.4ms
[2020-12-15T08:15:46.018-0500][gc,phases      ] GC(7797)   Post Evacuate Collection Set: 5.4ms
[2020-12-15T08:15:46.018-0500][gc,phases      ] GC(7797)   Other: 0.2ms
[2020-12-15T08:15:46.018-0500][gc,heap        ] GC(7797) Eden regions: 7->0(7)
[2020-12-15T08:15:46.018-0500][gc,heap        ] GC(7797) Survivor regions: 1->1(1)
[2020-12-15T08:15:46.018-0500][gc,heap        ] GC(7797) Old regions: 42->42
[2020-12-15T08:15:46.018-0500][gc,heap        ] GC(7797) Humongous regions: 4->4
[2020-12-15T08:15:46.018-0500][gc,metaspace   ] GC(7797) Metaspace: 48734K->48734K(1093632K)
[2020-12-15T08:15:46.018-0500][gc,heap        ] GC(7797) Heap after GC invocations=7798 (full 1628): garbage-first heap   total 63488K, used 42645K [0x0000000083000000, 0x0000000100000000)
[2020-12-15T08:15:46.018-0500][gc,heap        ] GC(7797)   region size 1024K, 1 young (1024K), 1 survivors (1024K)
[2020-12-15T08:15:46.018-0500][gc,heap        ] GC(7797)  Metaspace       used 48734K, capacity 50558K, committed 52992K, reserved 1093632K
[2020-12-15T08:15:46.018-0500][gc,heap        ] GC(7797)   class space    used 7296K, capacity 7963K, committed 8704K, reserved 1048576K
[2020-12-15T08:15:46.018-0500][gc             ] GC(7797) Pause Young (Normal) (G1 Evacuation Pause) 48M->41M(62M) 6.221ms
[2020-12-15T08:15:46.018-0500][gc,cpu         ] GC(7797) User=0.03s Sys=0.00s Real=0.01s
[2020-12-15T08:16:45.190-0500][gc,task        ] GC(7798) Using 5 workers of 8 for full compaction
[2020-12-15T08:16:45.190-0500][gc,start       ] GC(7798) Pause Full (System.gc())
[2020-12-15T08:16:45.190-0500][gc,heap        ] GC(7798) Heap before GC invocations=7798 (full 1628): garbage-first heap   total 63488K, used 45717K [0x0000000083000000, 0x0000000100000000)
[2020-12-15T08:16:45.190-0500][gc,heap        ] GC(7798)   region size 1024K, 5 young (5120K), 1 survivors (1024K)
[2020-12-15T08:16:45.190-0500][gc,heap        ] GC(7798)  Metaspace       used 48734K, capacity 50558K, committed 52992K, reserved 1093632K
[2020-12-15T08:16:45.190-0500][gc,heap        ] GC(7798)   class space    used 7296K, capacity 7963K, committed 8704K, reserved 1048576K
[2020-12-15T08:16:45.191-0500][gc,phases,start] GC(7798) Phase 1: Mark live objects
[2020-12-15T08:16:45.225-0500][gc,stringtable ] GC(7798) Cleaned string and symbol table, strings: 31807 processed, 0 removed, symbols: 119634 processed, 0 removed
[2020-12-15T08:16:45.225-0500][gc,phases      ] GC(7798) Phase 1: Mark live objects 34.612ms
[2020-12-15T08:16:45.225-0500][gc,phases,start] GC(7798) Phase 2: Prepare for compaction
[2020-12-15T08:16:45.229-0500][gc,phases      ] GC(7798) Phase 2: Prepare for compaction 3.823ms
[2020-12-15T08:16:45.229-0500][gc,phases,start] GC(7798) Phase 3: Adjust pointers
[2020-12-15T08:16:45.238-0500][gc,phases      ] GC(7798) Phase 3: Adjust pointers 8.527ms
[2020-12-15T08:16:45.238-0500][gc,phases,start] GC(7798) Phase 4: Compact heap
[2020-12-15T08:16:45.241-0500][gc,phases      ] GC(7798) Phase 4: Compact heap 2.728ms
[2020-12-15T08:16:45.246-0500][gc,heap        ] GC(7798) Eden regions: 4->0(9)
[2020-12-15T08:16:45.246-0500][gc,heap        ] GC(7798) Survivor regions: 1->0(1)
[2020-12-15T08:16:45.246-0500][gc,heap        ] GC(7798) Old regions: 42->41
[2020-12-15T08:16:45.246-0500][gc,heap        ] GC(7798) Humongous regions: 4->4
[2020-12-15T08:16:45.246-0500][gc,metaspace   ] GC(7798) Metaspace: 48734K->48734K(1093632K)
[2020-12-15T08:16:45.246-0500][gc,heap        ] GC(7798) Heap after GC invocations=7799 (full 1629): garbage-first heap   total 63488K, used 42565K [0x0000000083000000, 0x0000000100000000)
[2020-12-15T08:16:45.246-0500][gc,heap        ] GC(7798)   region size 1024K, 0 young (0K), 0 survivors (0K)
[2020-12-15T08:16:45.246-0500][gc,heap        ] GC(7798)  Metaspace       used 48734K, capacity 50558K, committed 52992K, reserved 1093632K
[2020-12-15T08:16:45.246-0500][gc,heap        ] GC(7798)   class space    used 7296K, capacity 7963K, committed 8704K, reserved 1048576K
[2020-12-15T08:16:45.246-0500][gc             ] GC(7798) Pause Full (System.gc()) 45M->41M(62M) 55.895ms
[2020-12-15T08:16:45.246-0500][gc,cpu         ] GC(7798) User=0.19s Sys=0.04s Real=0.05s
[2020-12-15T08:19:03.070-0500][gc,heap        ] GC(7799) Heap before GC invocations=7799 (full 1629): garbage-first heap   total 63488K, used 50757K [0x0000000083000000, 0x0000000100000000)
[2020-12-15T08:19:03.071-0500][gc,heap        ] GC(7799)   region size 1024K, 9 young (9216K), 0 survivors (0K)
[2020-12-15T08:19:03.071-0500][gc,heap        ] GC(7799)  Metaspace       used 48734K, capacity 50558K, committed 52992K, reserved 1093632K
[2020-12-15T08:19:03.071-0500][gc,heap        ] GC(7799)   class space    used 7296K, capacity 7963K, committed 8704K, reserved 1048576K
[2020-12-15T08:19:03.071-0500][gc,start       ] GC(7799) Pause Young (Normal) (G1 Evacuation Pause)
[2020-12-15T08:19:03.071-0500][gc,task        ] GC(7799) Using 8 workers of 8 for evacuation
[2020-12-15T08:19:03.075-0500][gc,phases      ] GC(7799)   Pre Evacuate Collection Set: 0.0ms
[2020-12-15T08:19:03.075-0500][gc,phases      ] GC(7799)   Evacuate Collection Set: 1.4ms
[2020-12-15T08:19:03.075-0500][gc,phases      ] GC(7799)   Post Evacuate Collection Set: 2.4ms
[2020-12-15T08:19:03.075-0500][gc,phases      ] GC(7799)   Other: 0.4ms
[2020-12-15T08:19:03.075-0500][gc,heap        ] GC(7799) Eden regions: 9->0(8)
[2020-12-15T08:19:03.075-0500][gc,heap        ] GC(7799) Survivor regions: 0->1(2)
[2020-12-15T08:19:03.075-0500][gc,heap        ] GC(7799) Old regions: 41->41
[2020-12-15T08:19:03.075-0500][gc,heap        ] GC(7799) Humongous regions: 4->4
[2020-12-15T08:19:03.075-0500][gc,metaspace   ] GC(7799) Metaspace: 48734K->48734K(1093632K)
[2020-12-15T08:19:03.075-0500][gc,heap        ] GC(7799) Heap after GC invocations=7800 (full 1629): garbage-first heap   total 63488K, used 42631K [0x0000000083000000, 0x0000000100000000)
[2020-12-15T08:19:03.075-0500][gc,heap        ] GC(7799)   region size 1024K, 1 young (1024K), 1 survivors (1024K)
[2020-12-15T08:19:03.075-0500][gc,heap        ] GC(7799)  Metaspace       used 48734K, capacity 50558K, committed 52992K, reserved 1093632K
[2020-12-15T08:19:03.075-0500][gc,heap        ] GC(7799)   class space    used 7296K, capacity 7963K, committed 8704K, reserved 1048576K
[2020-12-15T08:19:03.075-0500][gc             ] GC(7799) Pause Young (Normal) (G1 Evacuation Pause) 50M->41M(62M) 4.418ms
[2020-12-15T08:19:03.075-0500][gc,cpu         ] GC(7799) User=0.01s Sys=0.01s Real=0.00s
[2020-12-15T08:21:06.365-0500][gc,heap        ] GC(7800) Heap before GC invocations=7800 (full 1629): garbage-first heap   total 63488K, used 49799K [0x0000000083000000, 0x0000000100000000)
[2020-12-15T08:21:06.365-0500][gc,heap        ] GC(7800)   region size 1024K, 9 young (9216K), 1 survivors (1024K)
[2020-12-15T08:21:06.365-0500][gc,heap        ] GC(7800)  Metaspace       used 48734K, capacity 50558K, committed 52992K, reserved 1093632K
[2020-12-15T08:21:06.365-0500][gc,heap        ] GC(7800)   class space    used 7296K, capacity 7963K, committed 8704K, reserved 1048576K
[2020-12-15T08:21:06.365-0500][gc,start       ] GC(7800) Pause Young (Normal) (G1 Evacuation Pause)
[2020-12-15T08:21:06.365-0500][gc,task        ] GC(7800) Using 8 workers of 8 for evacuation
[2020-12-15T08:21:06.370-0500][gc,phases      ] GC(7800)   Pre Evacuate Collection Set: 0.0ms
[2020-12-15T08:21:06.370-0500][gc,phases      ] GC(7800)   Evacuate Collection Set: 1.2ms
[2020-12-15T08:21:06.370-0500][gc,phases      ] GC(7800)   Post Evacuate Collection Set: 2.8ms
[2020-12-15T08:21:06.370-0500][gc,phases      ] GC(7800)   Other: 0.5ms
[2020-12-15T08:21:06.370-0500][gc,heap        ] GC(7800) Eden regions: 8->0(8)
[2020-12-15T08:21:06.370-0500][gc,heap        ] GC(7800) Survivor regions: 1->1(2)
[2020-12-15T08:21:06.370-0500][gc,heap        ] GC(7800) Old regions: 41->41
[2020-12-15T08:21:06.370-0500][gc,heap        ] GC(7800) Humongous regions: 4->4
[2020-12-15T08:21:06.370-0500][gc,metaspace   ] GC(7800) Metaspace: 48734K->48734K(1093632K)
[2020-12-15T08:21:06.370-0500][gc,heap        ] GC(7800) Heap after GC invocations=7801 (full 1629): garbage-first heap   total 63488K, used 42632K [0x0000000083000000, 0x0000000100000000)
[2020-12-15T08:21:06.370-0500][gc,heap        ] GC(7800)   region size 1024K, 1 young (1024K), 1 survivors (1024K)
[2020-12-15T08:21:06.370-0500][gc,heap        ] GC(7800)  Metaspace       used 48734K, capacity 50558K, committed 52992K, reserved 1093632K
[2020-12-15T08:21:06.370-0500][gc,heap        ] GC(7800)   class space    used 7296K, capacity 7963K, committed 8704K, reserved 1048576K
[2020-12-15T08:21:06.370-0500][gc             ] GC(7800) Pause Young (Normal) (G1 Evacuation Pause) 49M->41M(62M) 4.668ms
[2020-12-15T08:21:06.370-0500][gc,cpu         ] GC(7800) User=0.01s Sys=0.01s Real=0.01s
[2020-12-15T08:21:45.190-0500][gc,task        ] GC(7801) Using 5 workers of 8 for full compaction
[2020-12-15T08:21:45.190-0500][gc,start       ] GC(7801) Pause Full (System.gc())
[2020-12-15T08:21:45.190-0500][gc,heap        ] GC(7801) Heap before GC invocations=7801 (full 1629): garbage-first heap   total 63488K, used 43656K [0x0000000083000000, 0x0000000100000000)
[2020-12-15T08:21:45.190-0500][gc,heap        ] GC(7801)   region size 1024K, 3 young (3072K), 1 survivors (1024K)
[2020-12-15T08:21:45.190-0500][gc,heap        ] GC(7801)  Metaspace       used 48734K, capacity 50558K, committed 52992K, reserved 1093632K
[2020-12-15T08:21:45.190-0500][gc,heap        ] GC(7801)   class space    used 7296K, capacity 7963K, committed 8704K, reserved 1048576K
[2020-12-15T08:21:45.190-0500][gc,phases,start] GC(7801) Phase 1: Mark live objects
[2020-12-15T08:21:45.221-0500][gc,stringtable ] GC(7801) Cleaned string and symbol table, strings: 31807 processed, 0 removed, symbols: 119634 processed, 0 removed
[2020-12-15T08:21:45.221-0500][gc,phases      ] GC(7801) Phase 1: Mark live objects 30.825ms
[2020-12-15T08:21:45.221-0500][gc,phases,start] GC(7801) Phase 2: Prepare for compaction
[2020-12-15T08:21:45.225-0500][gc,phases      ] GC(7801) Phase 2: Prepare for compaction 3.620ms
[2020-12-15T08:21:45.225-0500][gc,phases,start] GC(7801) Phase 3: Adjust pointers
[2020-12-15T08:21:45.235-0500][gc,phases      ] GC(7801) Phase 3: Adjust pointers 10.226ms
[2020-12-15T08:21:45.235-0500][gc,phases,start] GC(7801) Phase 4: Compact heap
[2020-12-15T08:21:45.238-0500][gc,phases      ] GC(7801) Phase 4: Compact heap 2.418ms
[2020-12-15T08:21:45.243-0500][gc,heap        ] GC(7801) Eden regions: 2->0(10)
[2020-12-15T08:21:45.243-0500][gc,heap        ] GC(7801) Survivor regions: 1->0(2)
[2020-12-15T08:21:45.243-0500][gc,heap        ] GC(7801) Old regions: 41->40
[2020-12-15T08:21:45.243-0500][gc,heap        ] GC(7801) Humongous regions: 4->4
[2020-12-15T08:21:45.243-0500][gc,metaspace   ] GC(7801) Metaspace: 48734K->48734K(1093632K)
[2020-12-15T08:21:45.243-0500][gc,heap        ] GC(7801) Heap after GC invocations=7802 (full 1630): garbage-first heap   total 63488K, used 42554K [0x0000000083000000, 0x0000000100000000)
[2020-12-15T08:21:45.243-0500][gc,heap        ] GC(7801)   region size 1024K, 0 young (0K), 0 survivors (0K)
[2020-12-15T08:21:45.243-0500][gc,heap        ] GC(7801)  Metaspace       used 48734K, capacity 50558K, committed 52992K, reserved 1093632K
[2020-12-15T08:21:45.243-0500][gc,heap        ] GC(7801)   class space    used 7296K, capacity 7963K, committed 8704K, reserved 1048576K
[2020-12-15T08:21:45.243-0500][gc             ] GC(7801) Pause Full (System.gc()) 43M->41M(62M) 53.126ms
[2020-12-15T08:21:45.243-0500][gc,cpu         ] GC(7801) User=0.23s Sys=0.00s Real=0.05s
[2020-12-15T08:24:26.011-0500][gc,heap        ] GC(7802) Heap before GC invocations=7802 (full 1630): garbage-first heap   total 63488K, used 52794K [0x0000000083000000, 0x0000000100000000)
[2020-12-15T08:24:26.012-0500][gc,heap        ] GC(7802)   region size 1024K, 10 young (10240K), 0 survivors (0K)
[2020-12-15T08:24:26.012-0500][gc,heap        ] GC(7802)  Metaspace       used 48734K, capacity 50558K, committed 52992K, reserved 1093632K
[2020-12-15T08:24:26.012-0500][gc,heap        ] GC(7802)   class space    used 7296K, capacity 7963K, committed 8704K, reserved 1048576K
[2020-12-15T08:24:26.012-0500][gc,start       ] GC(7802) Pause Young (Normal) (G1 Evacuation Pause)
[2020-12-15T08:24:26.012-0500][gc,task        ] GC(7802) Using 8 workers of 8 for evacuation
[2020-12-15T08:24:26.017-0500][gc,phases      ] GC(7802)   Pre Evacuate Collection Set: 0.0ms
[2020-12-15T08:24:26.017-0500][gc,phases      ] GC(7802)   Evacuate Collection Set: 1.6ms
[2020-12-15T08:24:26.017-0500][gc,phases      ] GC(7802)   Post Evacuate Collection Set: 2.8ms
[2020-12-15T08:24:26.017-0500][gc,phases      ] GC(7802)   Other: 0.6ms
[2020-12-15T08:24:26.017-0500][gc,heap        ] GC(7802) Eden regions: 10->0(9)
[2020-12-15T08:24:26.017-0500][gc,heap        ] GC(7802) Survivor regions: 0->1(2)
[2020-12-15T08:24:26.017-0500][gc,heap        ] GC(7802) Old regions: 40->40
[2020-12-15T08:24:26.017-0500][gc,heap        ] GC(7802) Humongous regions: 4->4
[2020-12-15T08:24:26.017-0500][gc,metaspace   ] GC(7802) Metaspace: 48734K->48734K(1093632K)
[2020-12-15T08:24:26.017-0500][gc,heap        ] GC(7802) Heap after GC invocations=7803 (full 1630): garbage-first heap   total 63488K, used 42630K [0x0000000083000000, 0x0000000100000000)
[2020-12-15T08:24:26.017-0500][gc,heap        ] GC(7802)   region size 1024K, 1 young (1024K), 1 survivors (1024K)
[2020-12-15T08:24:26.017-0500][gc,heap        ] GC(7802)  Metaspace       used 48734K, capacity 50558K, committed 52992K, reserved 1093632K
[2020-12-15T08:24:26.017-0500][gc,heap        ] GC(7802)   class space    used 7296K, capacity 7963K, committed 8704K, reserved 1048576K
[2020-12-15T08:24:26.017-0500][gc             ] GC(7802) Pause Young (Normal) (G1 Evacuation Pause) 51M->41M(62M) 5.131ms
[2020-12-15T08:24:26.017-0500][gc,cpu         ] GC(7802) User=0.01s Sys=0.00s Real=0.00s
[2020-12-15T08:26:45.190-0500][gc,task        ] GC(7803) Using 5 workers of 8 for full compaction
[2020-12-15T08:26:45.191-0500][gc,start       ] GC(7803) Pause Full (System.gc())
[2020-12-15T08:26:45.191-0500][gc,heap        ] GC(7803) Heap before GC invocations=7803 (full 1630): garbage-first heap   total 63488K, used 49798K [0x0000000083000000, 0x0000000100000000)
[2020-12-15T08:26:45.191-0500][gc,heap        ] GC(7803)   region size 1024K, 10 young (10240K), 1 survivors (1024K)
[2020-12-15T08:26:45.191-0500][gc,heap        ] GC(7803)  Metaspace       used 48734K, capacity 50558K, committed 52992K, reserved 1093632K
[2020-12-15T08:26:45.191-0500][gc,heap        ] GC(7803)   class space    used 7296K, capacity 7963K, committed 8704K, reserved 1048576K
[2020-12-15T08:26:45.191-0500][gc,phases,start] GC(7803) Phase 1: Mark live objects
[2020-12-15T08:26:45.231-0500][gc,stringtable ] GC(7803) Cleaned string and symbol table, strings: 31807 processed, 0 removed, symbols: 119634 processed, 0 removed
[2020-12-15T08:26:45.231-0500][gc,phases      ] GC(7803) Phase 1: Mark live objects 40.131ms
[2020-12-15T08:26:45.231-0500][gc,phases,start] GC(7803) Phase 2: Prepare for compaction
[2020-12-15T08:26:45.235-0500][gc,phases      ] GC(7803) Phase 2: Prepare for compaction 3.693ms
[2020-12-15T08:26:45.235-0500][gc,phases,start] GC(7803) Phase 3: Adjust pointers
[2020-12-15T08:26:45.244-0500][gc,phases      ] GC(7803) Phase 3: Adjust pointers 9.164ms
[2020-12-15T08:26:45.244-0500][gc,phases,start] GC(7803) Phase 4: Compact heap
[2020-12-15T08:26:45.247-0500][gc,phases      ] GC(7803) Phase 4: Compact heap 2.475ms
[2020-12-15T08:26:45.252-0500][gc,heap        ] GC(7803) Eden regions: 9->0(10)
[2020-12-15T08:26:45.252-0500][gc,heap        ] GC(7803) Survivor regions: 1->0(2)
[2020-12-15T08:26:45.252-0500][gc,heap        ] GC(7803) Old regions: 40->40
[2020-12-15T08:26:45.252-0500][gc,heap        ] GC(7803) Humongous regions: 4->4
[2020-12-15T08:26:45.252-0500][gc,metaspace   ] GC(7803) Metaspace: 48734K->48734K(1093632K)
[2020-12-15T08:26:45.252-0500][gc,heap        ] GC(7803) Heap after GC invocations=7804 (full 1631): garbage-first heap   total 63488K, used 42585K [0x0000000083000000, 0x0000000100000000)
[2020-12-15T08:26:45.252-0500][gc,heap        ] GC(7803)   region size 1024K, 0 young (0K), 0 survivors (0K)
[2020-12-15T08:26:45.252-0500][gc,heap        ] GC(7803)  Metaspace       used 48734K, capacity 50558K, committed 52992K, reserved 1093632K
[2020-12-15T08:26:45.252-0500][gc,heap        ] GC(7803)   class space    used 7296K, capacity 7963K, committed 8704K, reserved 1048576K
[2020-12-15T08:26:45.252-0500][gc             ] GC(7803) Pause Full (System.gc()) 50M->41M(62M) 61.633ms
[2020-12-15T08:26:45.252-0500][gc,cpu         ] GC(7803) User=0.26s Sys=0.00s Real=0.06s
[2020-12-15T08:29:17.942-0500][gc,heap        ] GC(7804) Heap before GC invocations=7804 (full 1631): garbage-first heap   total 63488K, used 52825K [0x0000000083000000, 0x0000000100000000)
[2020-12-15T08:29:17.942-0500][gc,heap        ] GC(7804)   region size 1024K, 10 young (10240K), 0 survivors (0K)
[2020-12-15T08:29:17.942-0500][gc,heap        ] GC(7804)  Metaspace       used 48734K, capacity 50558K, committed 52992K, reserved 1093632K
[2020-12-15T08:29:17.942-0500][gc,heap        ] GC(7804)   class space    used 7296K, capacity 7963K, committed 8704K, reserved 1048576K
[2020-12-15T08:29:17.942-0500][gc,start       ] GC(7804) Pause Young (Normal) (G1 Evacuation Pause)
[2020-12-15T08:29:17.942-0500][gc,task        ] GC(7804) Using 8 workers of 8 for evacuation
[2020-12-15T08:29:17.947-0500][gc,phases      ] GC(7804)   Pre Evacuate Collection Set: 0.0ms
[2020-12-15T08:29:17.947-0500][gc,phases      ] GC(7804)   Evacuate Collection Set: 1.1ms
[2020-12-15T08:29:17.947-0500][gc,phases      ] GC(7804)   Post Evacuate Collection Set: 3.0ms
[2020-12-15T08:29:17.947-0500][gc,phases      ] GC(7804)   Other: 0.5ms
[2020-12-15T08:29:17.947-0500][gc,heap        ] GC(7804) Eden regions: 10->0(9)
[2020-12-15T08:29:17.947-0500][gc,heap        ] GC(7804) Survivor regions: 0->1(2)
[2020-12-15T08:29:17.947-0500][gc,heap        ] GC(7804) Old regions: 40->40
[2020-12-15T08:29:17.947-0500][gc,heap        ] GC(7804) Humongous regions: 4->4
[2020-12-15T08:29:17.947-0500][gc,metaspace   ] GC(7804) Metaspace: 48734K->48734K(1093632K)
[2020-12-15T08:29:17.947-0500][gc,heap        ] GC(7804) Heap after GC invocations=7805 (full 1631): garbage-first heap   total 63488K, used 42652K [0x0000000083000000, 0x0000000100000000)
[2020-12-15T08:29:17.947-0500][gc,heap        ] GC(7804)   region size 1024K, 1 young (1024K), 1 survivors (1024K)
[2020-12-15T08:29:17.947-0500][gc,heap        ] GC(7804)  Metaspace       used 48734K, capacity 50558K, committed 52992K, reserved 1093632K
[2020-12-15T08:29:17.947-0500][gc,heap        ] GC(7804)   class space    used 7296K, capacity 7963K, committed 8704K, reserved 1048576K
[2020-12-15T08:29:17.947-0500][gc             ] GC(7804) Pause Young (Normal) (G1 Evacuation Pause) 51M->41M(62M) 4.669ms
[2020-12-15T08:29:17.947-0500][gc,cpu         ] GC(7804) User=0.00s Sys=0.00s Real=0.00s
[2020-12-15T08:31:45.191-0500][gc,task        ] GC(7805) Using 5 workers of 8 for full compaction
[2020-12-15T08:31:45.191-0500][gc,start       ] GC(7805) Pause Full (System.gc())
[2020-12-15T08:31:45.191-0500][gc,heap        ] GC(7805) Heap before GC invocations=7805 (full 1631): garbage-first heap   total 63488K, used 49820K [0x0000000083000000, 0x0000000100000000)
[2020-12-15T08:31:45.191-0500][gc,heap        ] GC(7805)   region size 1024K, 10 young (10240K), 1 survivors (1024K)
[2020-12-15T08:31:45.191-0500][gc,heap        ] GC(7805)  Metaspace       used 48734K, capacity 50558K, committed 52992K, reserved 1093632K
[2020-12-15T08:31:45.191-0500][gc,heap        ] GC(7805)   class space    used 7296K, capacity 7963K, committed 8704K, reserved 1048576K
[2020-12-15T08:31:45.191-0500][gc,phases,start] GC(7805) Phase 1: Mark live objects
[2020-12-15T08:31:45.231-0500][gc,stringtable ] GC(7805) Cleaned string and symbol table, strings: 31807 processed, 0 removed, symbols: 119634 processed, 0 removed
[2020-12-15T08:31:45.231-0500][gc,phases      ] GC(7805) Phase 1: Mark live objects 39.437ms
[2020-12-15T08:31:45.231-0500][gc,phases,start] GC(7805) Phase 2: Prepare for compaction
[2020-12-15T08:31:45.235-0500][gc,phases      ] GC(7805) Phase 2: Prepare for compaction 3.860ms
[2020-12-15T08:31:45.235-0500][gc,phases,start] GC(7805) Phase 3: Adjust pointers
[2020-12-15T08:31:45.245-0500][gc,phases      ] GC(7805) Phase 3: Adjust pointers 10.253ms
[2020-12-15T08:31:45.245-0500][gc,phases,start] GC(7805) Phase 4: Compact heap
[2020-12-15T08:31:45.248-0500][gc,phases      ] GC(7805) Phase 4: Compact heap 2.662ms
[2020-12-15T08:31:45.253-0500][gc,heap        ] GC(7805) Eden regions: 9->0(10)
[2020-12-15T08:31:45.253-0500][gc,heap        ] GC(7805) Survivor regions: 1->0(2)
[2020-12-15T08:31:45.253-0500][gc,heap        ] GC(7805) Old regions: 40->40
[2020-12-15T08:31:45.253-0500][gc,heap        ] GC(7805) Humongous regions: 4->4
[2020-12-15T08:31:45.253-0500][gc,metaspace   ] GC(7805) Metaspace: 48734K->48734K(1093632K)
[2020-12-15T08:31:45.253-0500][gc,heap        ] GC(7805) Heap after GC invocations=7806 (full 1632): garbage-first heap   total 63488K, used 42591K [0x0000000083000000, 0x0000000100000000)
[2020-12-15T08:31:45.253-0500][gc,heap        ] GC(7805)   region size 1024K, 0 young (0K), 0 survivors (0K)
[2020-12-15T08:31:45.253-0500][gc,heap        ] GC(7805)  Metaspace       used 48734K, capacity 50558K, committed 52992K, reserved 1093632K
[2020-12-15T08:31:45.253-0500][gc,heap        ] GC(7805)   class space    used 7296K, capacity 7963K, committed 8704K, reserved 1048576K
[2020-12-15T08:31:45.254-0500][gc             ] GC(7805) Pause Full (System.gc()) 50M->41M(62M) 62.719ms
[2020-12-15T08:31:45.254-0500][gc,cpu         ] GC(7805) User=0.27s Sys=0.00s Real=0.06s
[2020-12-15T08:34:26.015-0500][gc,heap        ] GC(7806) Heap before GC invocations=7806 (full 1632): garbage-first heap   total 63488K, used 51807K [0x0000000083000000, 0x0000000100000000)
[2020-12-15T08:34:26.015-0500][gc,heap        ] GC(7806)   region size 1024K, 10 young (10240K), 0 survivors (0K)
[2020-12-15T08:34:26.015-0500][gc,heap        ] GC(7806)  Metaspace       used 48734K, capacity 50558K, committed 52992K, reserved 1093632K
[2020-12-15T08:34:26.015-0500][gc,heap        ] GC(7806)   class space    used 7296K, capacity 7963K, committed 8704K, reserved 1048576K
[2020-12-15T08:34:26.015-0500][gc,start       ] GC(7806) Pause Young (Normal) (G1 Evacuation Pause)
[2020-12-15T08:34:26.015-0500][gc,task        ] GC(7806) Using 8 workers of 8 for evacuation
[2020-12-15T08:34:26.020-0500][gc,phases      ] GC(7806)   Pre Evacuate Collection Set: 0.0ms
[2020-12-15T08:34:26.020-0500][gc,phases      ] GC(7806)   Evacuate Collection Set: 1.5ms
[2020-12-15T08:34:26.020-0500][gc,phases      ] GC(7806)   Post Evacuate Collection Set: 2.8ms
[2020-12-15T08:34:26.020-0500][gc,phases      ] GC(7806)   Other: 0.5ms
[2020-12-15T08:34:26.020-0500][gc,heap        ] GC(7806) Eden regions: 10->0(9)
[2020-12-15T08:34:26.020-0500][gc,heap        ] GC(7806) Survivor regions: 0->1(2)
[2020-12-15T08:34:26.020-0500][gc,heap        ] GC(7806) Old regions: 40->40
[2020-12-15T08:34:26.020-0500][gc,heap        ] GC(7806) Humongous regions: 4->4
[2020-12-15T08:34:26.020-0500][gc,metaspace   ] GC(7806) Metaspace: 48734K->48734K(1093632K)
[2020-12-15T08:34:26.020-0500][gc,heap        ] GC(7806) Heap after GC invocations=7807 (full 1632): garbage-first heap   total 63488K, used 42680K [0x0000000083000000, 0x0000000100000000)
[2020-12-15T08:34:26.020-0500][gc,heap        ] GC(7806)   region size 1024K, 1 young (1024K), 1 survivors (1024K)
[2020-12-15T08:34:26.020-0500][gc,heap        ] GC(7806)  Metaspace       used 48734K, capacity 50558K, committed 52992K, reserved 1093632K
[2020-12-15T08:34:26.020-0500][gc,heap        ] GC(7806)   class space    used 7296K, capacity 7963K, committed 8704K, reserved 1048576K
[2020-12-15T08:34:26.021-0500][gc             ] GC(7806) Pause Young (Normal) (G1 Evacuation Pause) 51M->41M(62M) 5.043ms
[2020-12-15T08:34:26.021-0500][gc,cpu         ] GC(7806) User=0.01s Sys=0.01s Real=0.01s
[2020-12-15T08:36:45.189-0500][gc,task        ] GC(7807) Using 5 workers of 8 for full compaction
[2020-12-15T08:36:45.189-0500][gc,start       ] GC(7807) Pause Full (System.gc())
[2020-12-15T08:36:45.189-0500][gc,heap        ] GC(7807) Heap before GC invocations=7807 (full 1632): garbage-first heap   total 63488K, used 50872K [0x0000000083000000, 0x0000000100000000)
[2020-12-15T08:36:45.190-0500][gc,heap        ] GC(7807)   region size 1024K, 10 young (10240K), 1 survivors (1024K)
[2020-12-15T08:36:45.190-0500][gc,heap        ] GC(7807)  Metaspace       used 48734K, capacity 50558K, committed 52992K, reserved 1093632K
[2020-12-15T08:36:45.190-0500][gc,heap        ] GC(7807)   class space    used 7296K, capacity 7963K, committed 8704K, reserved 1048576K
[2020-12-15T08:36:45.190-0500][gc,phases,start] GC(7807) Phase 1: Mark live objects
[2020-12-15T08:36:45.232-0500][gc,stringtable ] GC(7807) Cleaned string and symbol table, strings: 31807 processed, 0 removed, symbols: 119634 processed, 0 removed
[2020-12-15T08:36:45.232-0500][gc,phases      ] GC(7807) Phase 1: Mark live objects 42.398ms
[2020-12-15T08:36:45.232-0500][gc,phases,start] GC(7807) Phase 2: Prepare for compaction
[2020-12-15T08:36:45.236-0500][gc,phases      ] GC(7807) Phase 2: Prepare for compaction 3.679ms
[2020-12-15T08:36:45.236-0500][gc,phases,start] GC(7807) Phase 3: Adjust pointers
[2020-12-15T08:36:45.246-0500][gc,phases      ] GC(7807) Phase 3: Adjust pointers 9.810ms
[2020-12-15T08:36:45.246-0500][gc,phases,start] GC(7807) Phase 4: Compact heap
[2020-12-15T08:36:45.249-0500][gc,phases      ] GC(7807) Phase 4: Compact heap 3.042ms
[2020-12-15T08:36:45.255-0500][gc,heap        ] GC(7807) Eden regions: 9->0(10)
[2020-12-15T08:36:45.255-0500][gc,heap        ] GC(7807) Survivor regions: 1->0(2)
[2020-12-15T08:36:45.255-0500][gc,heap        ] GC(7807) Old regions: 40->40
[2020-12-15T08:36:45.255-0500][gc,heap        ] GC(7807) Humongous regions: 4->4
[2020-12-15T08:36:45.255-0500][gc,metaspace   ] GC(7807) Metaspace: 48734K->48734K(1093632K)
[2020-12-15T08:36:45.255-0500][gc,heap        ] GC(7807) Heap after GC invocations=7808 (full 1633): garbage-first heap   total 63488K, used 42588K [0x0000000083000000, 0x0000000100000000)
[2020-12-15T08:36:45.255-0500][gc,heap        ] GC(7807)   region size 1024K, 0 young (0K), 0 survivors (0K)
[2020-12-15T08:36:45.255-0500][gc,heap        ] GC(7807)  Metaspace       used 48734K, capacity 50558K, committed 52992K, reserved 1093632K
[2020-12-15T08:36:45.255-0500][gc,heap        ] GC(7807)   class space    used 7296K, capacity 7963K, committed 8704K, reserved 1048576K
[2020-12-15T08:36:45.255-0500][gc             ] GC(7807) Pause Full (System.gc()) 50M->41M(62M) 65.519ms
[2020-12-15T08:36:45.255-0500][gc,cpu         ] GC(7807) User=0.28s Sys=0.00s Real=0.06s
[2020-12-15T08:39:16.025-0500][gc,heap        ] GC(7808) Heap before GC invocations=7808 (full 1633): garbage-first heap   total 63488K, used 52828K [0x0000000083000000, 0x0000000100000000)
[2020-12-15T08:39:16.025-0500][gc,heap        ] GC(7808)   region size 1024K, 10 young (10240K), 0 survivors (0K)
[2020-12-15T08:39:16.025-0500][gc,heap        ] GC(7808)  Metaspace       used 48734K, capacity 50558K, committed 52992K, reserved 1093632K
[2020-12-15T08:39:16.025-0500][gc,heap        ] GC(7808)   class space    used 7296K, capacity 7963K, committed 8704K, reserved 1048576K
[2020-12-15T08:39:16.026-0500][gc,start       ] GC(7808) Pause Young (Normal) (G1 Evacuation Pause)
[2020-12-15T08:39:16.026-0500][gc,task        ] GC(7808) Using 8 workers of 8 for evacuation
[2020-12-15T08:39:16.031-0500][gc,phases      ] GC(7808)   Pre Evacuate Collection Set: 0.0ms
[2020-12-15T08:39:16.031-0500][gc,phases      ] GC(7808)   Evacuate Collection Set: 1.4ms
[2020-12-15T08:39:16.031-0500][gc,phases      ] GC(7808)   Post Evacuate Collection Set: 3.7ms
[2020-12-15T08:39:16.032-0500][gc,phases      ] GC(7808)   Other: 0.5ms
[2020-12-15T08:39:16.032-0500][gc,heap        ] GC(7808) Eden regions: 10->0(9)
[2020-12-15T08:39:16.032-0500][gc,heap        ] GC(7808) Survivor regions: 0->1(2)
[2020-12-15T08:39:16.032-0500][gc,heap        ] GC(7808) Old regions: 40->40
[2020-12-15T08:39:16.032-0500][gc,heap        ] GC(7808) Humongous regions: 4->4
[2020-12-15T08:39:16.032-0500][gc,metaspace   ] GC(7808) Metaspace: 48734K->48734K(1093632K)
[2020-12-15T08:39:16.032-0500][gc,heap        ] GC(7808) Heap after GC invocations=7809 (full 1633): garbage-first heap   total 63488K, used 42666K [0x0000000083000000, 0x0000000100000000)
[2020-12-15T08:39:16.032-0500][gc,heap        ] GC(7808)   region size 1024K, 1 young (1024K), 1 survivors (1024K)
[2020-12-15T08:39:16.032-0500][gc,heap        ] GC(7808)  Metaspace       used 48734K, capacity 50558K, committed 52992K, reserved 1093632K
[2020-12-15T08:39:16.032-0500][gc,heap        ] GC(7808)   class space    used 7296K, capacity 7963K, committed 8704K, reserved 1048576K
[2020-12-15T08:39:16.032-0500][gc             ] GC(7808) Pause Young (Normal) (G1 Evacuation Pause) 51M->41M(62M) 6.473ms
[2020-12-15T08:39:16.032-0500][gc,cpu         ] GC(7808) User=0.00s Sys=0.02s Real=0.01s
[2020-12-15T08:41:45.190-0500][gc,task        ] GC(7809) Using 5 workers of 8 for full compaction
[2020-12-15T08:41:45.190-0500][gc,start       ] GC(7809) Pause Full (System.gc())
[2020-12-15T08:41:45.190-0500][gc,heap        ] GC(7809) Heap before GC invocations=7809 (full 1633): garbage-first heap   total 63488K, used 49834K [0x0000000083000000, 0x0000000100000000)
[2020-12-15T08:41:45.191-0500][gc,heap        ] GC(7809)   region size 1024K, 10 young (10240K), 1 survivors (1024K)
[2020-12-15T08:41:45.191-0500][gc,heap        ] GC(7809)  Metaspace       used 48734K, capacity 50558K, committed 52992K, reserved 1093632K
[2020-12-15T08:41:45.191-0500][gc,heap        ] GC(7809)   class space    used 7296K, capacity 7963K, committed 8704K, reserved 1048576K
[2020-12-15T08:41:45.191-0500][gc,phases,start] GC(7809) Phase 1: Mark live objects
[2020-12-15T08:41:45.224-0500][gc,stringtable ] GC(7809) Cleaned string and symbol table, strings: 31807 processed, 0 removed, symbols: 119634 processed, 0 removed
[2020-12-15T08:41:45.225-0500][gc,phases      ] GC(7809) Phase 1: Mark live objects 33.650ms
[2020-12-15T08:41:45.225-0500][gc,phases,start] GC(7809) Phase 2: Prepare for compaction
[2020-12-15T08:41:45.229-0500][gc,phases      ] GC(7809) Phase 2: Prepare for compaction 4.405ms
[2020-12-15T08:41:45.229-0500][gc,phases,start] GC(7809) Phase 3: Adjust pointers
[2020-12-15T08:41:45.247-0500][gc,phases      ] GC(7809) Phase 3: Adjust pointers 17.780ms
[2020-12-15T08:41:45.247-0500][gc,phases,start] GC(7809) Phase 4: Compact heap
[2020-12-15T08:41:45.252-0500][gc,phases      ] GC(7809) Phase 4: Compact heap 4.996ms
[2020-12-15T08:41:45.263-0500][gc,heap        ] GC(7809) Eden regions: 9->0(10)
[2020-12-15T08:41:45.263-0500][gc,heap        ] GC(7809) Survivor regions: 1->0(2)
[2020-12-15T08:41:45.263-0500][gc,heap        ] GC(7809) Old regions: 40->40
[2020-12-15T08:41:45.263-0500][gc,heap        ] GC(7809) Humongous regions: 4->4
[2020-12-15T08:41:45.263-0500][gc,metaspace   ] GC(7809) Metaspace: 48734K->48734K(1093632K)
[2020-12-15T08:41:45.263-0500][gc,heap        ] GC(7809) Heap after GC invocations=7810 (full 1634): garbage-first heap   total 63488K, used 42589K [0x0000000083000000, 0x0000000100000000)
[2020-12-15T08:41:45.263-0500][gc,heap        ] GC(7809)   region size 1024K, 0 young (0K), 0 survivors (0K)
[2020-12-15T08:41:45.263-0500][gc,heap        ] GC(7809)  Metaspace       used 48734K, capacity 50558K, committed 52992K, reserved 1093632K
[2020-12-15T08:41:45.263-0500][gc,heap        ] GC(7809)   class space    used 7296K, capacity 7963K, committed 8704K, reserved 1048576K
[2020-12-15T08:41:45.263-0500][gc             ] GC(7809) Pause Full (System.gc()) 50M->41M(62M) 72.703ms
[2020-12-15T08:41:45.263-0500][gc,cpu         ] GC(7809) User=0.31s Sys=0.00s Real=0.07s
[2020-12-15T08:44:26.011-0500][gc,heap        ] GC(7810) Heap before GC invocations=7810 (full 1634): garbage-first heap   total 63488K, used 51805K [0x0000000083000000, 0x0000000100000000)
[2020-12-15T08:44:26.012-0500][gc,heap        ] GC(7810)   region size 1024K, 10 young (10240K), 0 survivors (0K)
[2020-12-15T08:44:26.012-0500][gc,heap        ] GC(7810)  Metaspace       used 48734K, capacity 50558K, committed 52992K, reserved 1093632K
[2020-12-15T08:44:26.012-0500][gc,heap        ] GC(7810)   class space    used 7296K, capacity 7963K, committed 8704K, reserved 1048576K
[2020-12-15T08:44:26.012-0500][gc,start       ] GC(7810) Pause Young (Normal) (G1 Evacuation Pause)
[2020-12-15T08:44:26.012-0500][gc,task        ] GC(7810) Using 8 workers of 8 for evacuation
[2020-12-15T08:44:26.013-0500][gc,phases      ] GC(7810)   Pre Evacuate Collection Set: 0.0ms
[2020-12-15T08:44:26.014-0500][gc,phases      ] GC(7810)   Evacuate Collection Set: 0.7ms
[2020-12-15T08:44:26.014-0500][gc,phases      ] GC(7810)   Post Evacuate Collection Set: 1.2ms
[2020-12-15T08:44:26.014-0500][gc,phases      ] GC(7810)   Other: 0.2ms
[2020-12-15T08:44:26.014-0500][gc,heap        ] GC(7810) Eden regions: 10->0(9)
[2020-12-15T08:44:26.014-0500][gc,heap        ] GC(7810) Survivor regions: 0->1(2)
[2020-12-15T08:44:26.014-0500][gc,heap        ] GC(7810) Old regions: 40->40
[2020-12-15T08:44:26.014-0500][gc,heap        ] GC(7810) Humongous regions: 4->4
[2020-12-15T08:44:26.014-0500][gc,metaspace   ] GC(7810) Metaspace: 48734K->48734K(1093632K)
[2020-12-15T08:44:26.014-0500][gc,heap        ] GC(7810) Heap after GC invocations=7811 (full 1634): garbage-first heap   total 63488K, used 42675K [0x0000000083000000, 0x0000000100000000)
[2020-12-15T08:44:26.014-0500][gc,heap        ] GC(7810)   region size 1024K, 1 young (1024K), 1 survivors (1024K)
[2020-12-15T08:44:26.014-0500][gc,heap        ] GC(7810)  Metaspace       used 48734K, capacity 50558K, committed 52992K, reserved 1093632K
[2020-12-15T08:44:26.014-0500][gc,heap        ] GC(7810)   class space    used 7296K, capacity 7963K, committed 8704K, reserved 1048576K
[2020-12-15T08:44:26.014-0500][gc             ] GC(7810) Pause Young (Normal) (G1 Evacuation Pause) 51M->41M(62M) 2.081ms
[2020-12-15T08:44:26.014-0500][gc,cpu         ] GC(7810) User=0.00s Sys=0.00s Real=0.00s
[2020-12-15T08:46:45.191-0500][gc,task        ] GC(7811) Using 5 workers of 8 for full compaction
[2020-12-15T08:46:45.191-0500][gc,start       ] GC(7811) Pause Full (System.gc())
[2020-12-15T08:46:45.191-0500][gc,heap        ] GC(7811) Heap before GC invocations=7811 (full 1634): garbage-first heap   total 63488K, used 49843K [0x0000000083000000, 0x0000000100000000)
[2020-12-15T08:46:45.191-0500][gc,heap        ] GC(7811)   region size 1024K, 10 young (10240K), 1 survivors (1024K)
[2020-12-15T08:46:45.191-0500][gc,heap        ] GC(7811)  Metaspace       used 48734K, capacity 50558K, committed 52992K, reserved 1093632K
[2020-12-15T08:46:45.191-0500][gc,heap        ] GC(7811)   class space    used 7296K, capacity 7963K, committed 8704K, reserved 1048576K
[2020-12-15T08:46:45.191-0500][gc,phases,start] GC(7811) Phase 1: Mark live objects
[2020-12-15T08:46:45.215-0500][gc,stringtable ] GC(7811) Cleaned string and symbol table, strings: 31807 processed, 0 removed, symbols: 119634 processed, 0 removed
[2020-12-15T08:46:45.215-0500][gc,phases      ] GC(7811) Phase 1: Mark live objects 23.780ms
[2020-12-15T08:46:45.215-0500][gc,phases,start] GC(7811) Phase 2: Prepare for compaction
[2020-12-15T08:46:45.219-0500][gc,phases      ] GC(7811) Phase 2: Prepare for compaction 3.830ms
[2020-12-15T08:46:45.219-0500][gc,phases,start] GC(7811) Phase 3: Adjust pointers
[2020-12-15T08:46:45.231-0500][gc,phases      ] GC(7811) Phase 3: Adjust pointers 12.494ms
[2020-12-15T08:46:45.231-0500][gc,phases,start] GC(7811) Phase 4: Compact heap
[2020-12-15T08:46:45.235-0500][gc,phases      ] GC(7811) Phase 4: Compact heap 3.086ms
[2020-12-15T08:46:45.243-0500][gc,heap        ] GC(7811) Eden regions: 9->0(8)
[2020-12-15T08:46:45.244-0500][gc,heap        ] GC(7811) Survivor regions: 1->0(2)
[2020-12-15T08:46:45.244-0500][gc,heap        ] GC(7811) Old regions: 40->42
[2020-12-15T08:46:45.244-0500][gc,heap        ] GC(7811) Humongous regions: 4->4
[2020-12-15T08:46:45.244-0500][gc,metaspace   ] GC(7811) Metaspace: 48734K->48734K(1093632K)
[2020-12-15T08:46:45.244-0500][gc,heap        ] GC(7811) Heap after GC invocations=7812 (full 1635): garbage-first heap   total 63488K, used 42588K [0x0000000083000000, 0x0000000100000000)
[2020-12-15T08:46:45.244-0500][gc,heap        ] GC(7811)   region size 1024K, 0 young (0K), 0 survivors (0K)
[2020-12-15T08:46:45.244-0500][gc,heap        ] GC(7811)  Metaspace       used 48734K, capacity 50558K, committed 52992K, reserved 1093632K
[2020-12-15T08:46:45.244-0500][gc,heap        ] GC(7811)   class space    used 7296K, capacity 7963K, committed 8704K, reserved 1048576K
[2020-12-15T08:46:45.244-0500][gc             ] GC(7811) Pause Full (System.gc()) 50M->41M(62M) 52.603ms
[2020-12-15T08:46:45.244-0500][gc,cpu         ] GC(7811) User=0.20s Sys=0.00s Real=0.05s
[2020-12-15T08:48:46.958-0500][gc,heap        ] GC(7812) Heap before GC invocations=7812 (full 1635): garbage-first heap   total 63488K, used 49756K [0x0000000083000000, 0x0000000100000000)
[2020-12-15T08:48:46.958-0500][gc,heap        ] GC(7812)   region size 1024K, 8 young (8192K), 0 survivors (0K)
[2020-12-15T08:48:46.958-0500][gc,heap        ] GC(7812)  Metaspace       used 48734K, capacity 50558K, committed 52992K, reserved 1093632K
[2020-12-15T08:48:46.958-0500][gc,heap        ] GC(7812)   class space    used 7296K, capacity 7963K, committed 8704K, reserved 1048576K
[2020-12-15T08:48:46.958-0500][gc,start       ] GC(7812) Pause Young (Normal) (G1 Evacuation Pause)
[2020-12-15T08:48:46.958-0500][gc,task        ] GC(7812) Using 8 workers of 8 for evacuation
[2020-12-15T08:48:46.959-0500][gc,phases      ] GC(7812)   Pre Evacuate Collection Set: 0.0ms
[2020-12-15T08:48:46.959-0500][gc,phases      ] GC(7812)   Evacuate Collection Set: 0.6ms
[2020-12-15T08:48:46.959-0500][gc,phases      ] GC(7812)   Post Evacuate Collection Set: 0.9ms
[2020-12-15T08:48:46.959-0500][gc,phases      ] GC(7812)   Other: 0.2ms
[2020-12-15T08:48:46.960-0500][gc,heap        ] GC(7812) Eden regions: 8->0(7)
[2020-12-15T08:48:46.960-0500][gc,heap        ] GC(7812) Survivor regions: 0->1(1)
[2020-12-15T08:48:46.960-0500][gc,heap        ] GC(7812) Old regions: 42->42
[2020-12-15T08:48:46.960-0500][gc,heap        ] GC(7812) Humongous regions: 4->4
[2020-12-15T08:48:46.960-0500][gc,metaspace   ] GC(7812) Metaspace: 48734K->48734K(1093632K)
[2020-12-15T08:48:46.960-0500][gc,heap        ] GC(7812) Heap after GC invocations=7813 (full 1635): garbage-first heap   total 63488K, used 42652K [0x0000000083000000, 0x0000000100000000)
[2020-12-15T08:48:46.960-0500][gc,heap        ] GC(7812)   region size 1024K, 1 young (1024K), 1 survivors (1024K)
[2020-12-15T08:48:46.960-0500][gc,heap        ] GC(7812)  Metaspace       used 48734K, capacity 50558K, committed 52992K, reserved 1093632K
[2020-12-15T08:48:46.960-0500][gc,heap        ] GC(7812)   class space    used 7296K, capacity 7963K, committed 8704K, reserved 1048576K
[2020-12-15T08:48:46.960-0500][gc             ] GC(7812) Pause Young (Normal) (G1 Evacuation Pause) 49M->41M(62M) 1.649ms
[2020-12-15T08:48:46.960-0500][gc,cpu         ] GC(7812) User=0.00s Sys=0.00s Real=0.00s
[2020-12-15T08:50:37.611-0500][gc,heap        ] GC(7813) Heap before GC invocations=7813 (full 1635): garbage-first heap   total 63488K, used 48796K [0x0000000083000000, 0x0000000100000000)
[2020-12-15T08:50:37.611-0500][gc,heap        ] GC(7813)   region size 1024K, 8 young (8192K), 1 survivors (1024K)
[2020-12-15T08:50:37.611-0500][gc,heap        ] GC(7813)  Metaspace       used 48735K, capacity 50558K, committed 52992K, reserved 1093632K
[2020-12-15T08:50:37.611-0500][gc,heap        ] GC(7813)   class space    used 7296K, capacity 7963K, committed 8704K, reserved 1048576K
[2020-12-15T08:50:37.611-0500][gc,start       ] GC(7813) Pause Young (Normal) (G1 Evacuation Pause)
[2020-12-15T08:50:37.611-0500][gc,task        ] GC(7813) Using 8 workers of 8 for evacuation
[2020-12-15T08:50:37.613-0500][gc,phases      ] GC(7813)   Pre Evacuate Collection Set: 0.0ms
[2020-12-15T08:50:37.613-0500][gc,phases      ] GC(7813)   Evacuate Collection Set: 0.6ms
[2020-12-15T08:50:37.613-0500][gc,phases      ] GC(7813)   Post Evacuate Collection Set: 1.1ms
[2020-12-15T08:50:37.613-0500][gc,phases      ] GC(7813)   Other: 0.3ms
[2020-12-15T08:50:37.613-0500][gc,heap        ] GC(7813) Eden regions: 7->0(7)
[2020-12-15T08:50:37.613-0500][gc,heap        ] GC(7813) Survivor regions: 1->1(1)
[2020-12-15T08:50:37.613-0500][gc,heap        ] GC(7813) Old regions: 42->42
[2020-12-15T08:50:37.613-0500][gc,heap        ] GC(7813) Humongous regions: 4->4
[2020-12-15T08:50:37.613-0500][gc,metaspace   ] GC(7813) Metaspace: 48735K->48735K(1093632K)
[2020-12-15T08:50:37.613-0500][gc,heap        ] GC(7813) Heap after GC invocations=7814 (full 1635): garbage-first heap   total 63488K, used 42636K [0x0000000083000000, 0x0000000100000000)
[2020-12-15T08:50:37.613-0500][gc,heap        ] GC(7813)   region size 1024K, 1 young (1024K), 1 survivors (1024K)
[2020-12-15T08:50:37.613-0500][gc,heap        ] GC(7813)  Metaspace       used 48735K, capacity 50558K, committed 52992K, reserved 1093632K
[2020-12-15T08:50:37.613-0500][gc,heap        ] GC(7813)   class space    used 7296K, capacity 7963K, committed 8704K, reserved 1048576K
[2020-12-15T08:50:37.613-0500][gc             ] GC(7813) Pause Young (Normal) (G1 Evacuation Pause) 48M->41M(62M) 2.087ms
[2020-12-15T08:50:37.613-0500][gc,cpu         ] GC(7813) User=0.00s Sys=0.00s Real=0.00s
[2020-12-15T08:51:45.192-0500][gc,task        ] GC(7814) Using 5 workers of 8 for full compaction
[2020-12-15T08:51:45.192-0500][gc,start       ] GC(7814) Pause Full (System.gc())
[2020-12-15T08:51:45.192-0500][gc,heap        ] GC(7814) Heap before GC invocations=7814 (full 1635): garbage-first heap   total 63488K, used 45708K [0x0000000083000000, 0x0000000100000000)
[2020-12-15T08:51:45.192-0500][gc,heap        ] GC(7814)   region size 1024K, 5 young (5120K), 1 survivors (1024K)
[2020-12-15T08:51:45.192-0500][gc,heap        ] GC(7814)  Metaspace       used 48735K, capacity 50558K, committed 52992K, reserved 1093632K
[2020-12-15T08:51:45.192-0500][gc,heap        ] GC(7814)   class space    used 7296K, capacity 7963K, committed 8704K, reserved 1048576K
[2020-12-15T08:51:45.193-0500][gc,phases,start] GC(7814) Phase 1: Mark live objects
[2020-12-15T08:51:45.217-0500][gc,stringtable ] GC(7814) Cleaned string and symbol table, strings: 31807 processed, 0 removed, symbols: 119634 processed, 0 removed
[2020-12-15T08:51:45.217-0500][gc,phases      ] GC(7814) Phase 1: Mark live objects 24.654ms
[2020-12-15T08:51:45.217-0500][gc,phases,start] GC(7814) Phase 2: Prepare for compaction
[2020-12-15T08:51:45.221-0500][gc,phases      ] GC(7814) Phase 2: Prepare for compaction 4.004ms
[2020-12-15T08:51:45.221-0500][gc,phases,start] GC(7814) Phase 3: Adjust pointers
[2020-12-15T08:51:45.233-0500][gc,phases      ] GC(7814) Phase 3: Adjust pointers 11.888ms
[2020-12-15T08:51:45.233-0500][gc,phases,start] GC(7814) Phase 4: Compact heap
[2020-12-15T08:51:45.236-0500][gc,phases      ] GC(7814) Phase 4: Compact heap 2.896ms
[2020-12-15T08:51:45.242-0500][gc,heap        ] GC(7814) Eden regions: 4->0(10)
[2020-12-15T08:51:45.242-0500][gc,heap        ] GC(7814) Survivor regions: 1->0(1)
[2020-12-15T08:51:45.242-0500][gc,heap        ] GC(7814) Old regions: 42->40
[2020-12-15T08:51:45.242-0500][gc,heap        ] GC(7814) Humongous regions: 4->4
[2020-12-15T08:51:45.242-0500][gc,metaspace   ] GC(7814) Metaspace: 48735K->48735K(1093632K)
[2020-12-15T08:51:45.242-0500][gc,heap        ] GC(7814) Heap after GC invocations=7815 (full 1636): garbage-first heap   total 63488K, used 42566K [0x0000000083000000, 0x0000000100000000)
[2020-12-15T08:51:45.242-0500][gc,heap        ] GC(7814)   region size 1024K, 0 young (0K), 0 survivors (0K)
[2020-12-15T08:51:45.242-0500][gc,heap        ] GC(7814)  Metaspace       used 48735K, capacity 50558K, committed 52992K, reserved 1093632K
[2020-12-15T08:51:45.242-0500][gc,heap        ] GC(7814)   class space    used 7296K, capacity 7963K, committed 8704K, reserved 1048576K
[2020-12-15T08:51:45.242-0500][gc             ] GC(7814) Pause Full (System.gc()) 45M->41M(62M) 50.017ms
[2020-12-15T08:51:45.242-0500][gc,cpu         ] GC(7814) User=0.21s Sys=0.00s Real=0.05s
[2020-12-15T08:54:16.012-0500][gc,heap        ] GC(7815) Heap before GC invocations=7815 (full 1636): garbage-first heap   total 63488K, used 51782K [0x0000000083000000, 0x0000000100000000)
[2020-12-15T08:54:16.012-0500][gc,heap        ] GC(7815)   region size 1024K, 10 young (10240K), 0 survivors (0K)
[2020-12-15T08:54:16.012-0500][gc,heap        ] GC(7815)  Metaspace       used 48735K, capacity 50558K, committed 52992K, reserved 1093632K
[2020-12-15T08:54:16.012-0500][gc,heap        ] GC(7815)   class space    used 7296K, capacity 7963K, committed 8704K, reserved 1048576K
[2020-12-15T08:54:16.012-0500][gc,start       ] GC(7815) Pause Young (Normal) (G1 Evacuation Pause)
[2020-12-15T08:54:16.012-0500][gc,task        ] GC(7815) Using 8 workers of 8 for evacuation
[2020-12-15T08:54:16.014-0500][gc,phases      ] GC(7815)   Pre Evacuate Collection Set: 0.0ms
[2020-12-15T08:54:16.014-0500][gc,phases      ] GC(7815)   Evacuate Collection Set: 0.7ms
[2020-12-15T08:54:16.014-0500][gc,phases      ] GC(7815)   Post Evacuate Collection Set: 0.9ms
[2020-12-15T08:54:16.014-0500][gc,phases      ] GC(7815)   Other: 0.2ms
[2020-12-15T08:54:16.014-0500][gc,heap        ] GC(7815) Eden regions: 10->0(9)
[2020-12-15T08:54:16.014-0500][gc,heap        ] GC(7815) Survivor regions: 0->1(2)
[2020-12-15T08:54:16.014-0500][gc,heap        ] GC(7815) Old regions: 40->40
[2020-12-15T08:54:16.014-0500][gc,heap        ] GC(7815) Humongous regions: 4->4
[2020-12-15T08:54:16.014-0500][gc,metaspace   ] GC(7815) Metaspace: 48735K->48735K(1093632K)
[2020-12-15T08:54:16.014-0500][gc,heap        ] GC(7815) Heap after GC invocations=7816 (full 1636): garbage-first heap   total 63488K, used 42642K [0x0000000083000000, 0x0000000100000000)
[2020-12-15T08:54:16.014-0500][gc,heap        ] GC(7815)   region size 1024K, 1 young (1024K), 1 survivors (1024K)
[2020-12-15T08:54:16.014-0500][gc,heap        ] GC(7815)  Metaspace       used 48735K, capacity 50558K, committed 52992K, reserved 1093632K
[2020-12-15T08:54:16.014-0500][gc,heap        ] GC(7815)   class space    used 7296K, capacity 7963K, committed 8704K, reserved 1048576K
[2020-12-15T08:54:16.014-0500][gc             ] GC(7815) Pause Young (Normal) (G1 Evacuation Pause) 51M->41M(62M) 1.899ms
[2020-12-15T08:54:16.014-0500][gc,cpu         ] GC(7815) User=0.00s Sys=0.00s Real=0.00s
[2020-12-15T08:56:45.189-0500][gc,task        ] GC(7816) Using 5 workers of 8 for full compaction
[2020-12-15T08:56:45.189-0500][gc,start       ] GC(7816) Pause Full (System.gc())
[2020-12-15T08:56:45.189-0500][gc,heap        ] GC(7816) Heap before GC invocations=7816 (full 1636): garbage-first heap   total 63488K, used 49810K [0x0000000083000000, 0x0000000100000000)
[2020-12-15T08:56:45.189-0500][gc,heap        ] GC(7816)   region size 1024K, 10 young (10240K), 1 survivors (1024K)
[2020-12-15T08:56:45.189-0500][gc,heap        ] GC(7816)  Metaspace       used 48735K, capacity 50558K, committed 52992K, reserved 1093632K
[2020-12-15T08:56:45.189-0500][gc,heap        ] GC(7816)   class space    used 7296K, capacity 7963K, committed 8704K, reserved 1048576K
[2020-12-15T08:56:45.190-0500][gc,phases,start] GC(7816) Phase 1: Mark live objects
[2020-12-15T08:56:45.215-0500][gc,stringtable ] GC(7816) Cleaned string and symbol table, strings: 31807 processed, 0 removed, symbols: 119634 processed, 0 removed
[2020-12-15T08:56:45.215-0500][gc,phases      ] GC(7816) Phase 1: Mark live objects 25.259ms
[2020-12-15T08:56:45.215-0500][gc,phases,start] GC(7816) Phase 2: Prepare for compaction
[2020-12-15T08:56:45.220-0500][gc,phases      ] GC(7816) Phase 2: Prepare for compaction 4.588ms
[2020-12-15T08:56:45.220-0500][gc,phases,start] GC(7816) Phase 3: Adjust pointers
[2020-12-15T08:56:45.233-0500][gc,phases      ] GC(7816) Phase 3: Adjust pointers 12.868ms
[2020-12-15T08:56:45.233-0500][gc,phases,start] GC(7816) Phase 4: Compact heap
[2020-12-15T08:56:45.236-0500][gc,phases      ] GC(7816) Phase 4: Compact heap 3.040ms
[2020-12-15T08:56:45.245-0500][gc,heap        ] GC(7816) Eden regions: 9->0(10)
[2020-12-15T08:56:45.245-0500][gc,heap        ] GC(7816) Survivor regions: 1->0(2)
[2020-12-15T08:56:45.245-0500][gc,heap        ] GC(7816) Old regions: 40->40
[2020-12-15T08:56:45.245-0500][gc,heap        ] GC(7816) Humongous regions: 4->4
[2020-12-15T08:56:45.245-0500][gc,metaspace   ] GC(7816) Metaspace: 48735K->48735K(1093632K)
[2020-12-15T08:56:45.245-0500][gc,heap        ] GC(7816) Heap after GC invocations=7817 (full 1637): garbage-first heap   total 63488K, used 42598K [0x0000000083000000, 0x0000000100000000)
[2020-12-15T08:56:45.245-0500][gc,heap        ] GC(7816)   region size 1024K, 0 young (0K), 0 survivors (0K)
[2020-12-15T08:56:45.245-0500][gc,heap        ] GC(7816)  Metaspace       used 48735K, capacity 50558K, committed 52992K, reserved 1093632K
[2020-12-15T08:56:45.245-0500][gc,heap        ] GC(7816)   class space    used 7296K, capacity 7963K, committed 8704K, reserved 1048576K
[2020-12-15T08:56:45.245-0500][gc             ] GC(7816) Pause Full (System.gc()) 50M->41M(62M) 55.913ms
[2020-12-15T08:56:45.245-0500][gc,cpu         ] GC(7816) User=0.22s Sys=0.00s Real=0.05s
[2020-12-15T08:59:18.311-0500][gc,heap        ] GC(7817) Heap before GC invocations=7817 (full 1637): garbage-first heap   total 63488K, used 51814K [0x0000000083000000, 0x0000000100000000)
[2020-12-15T08:59:18.311-0500][gc,heap        ] GC(7817)   region size 1024K, 10 young (10240K), 0 survivors (0K)
[2020-12-15T08:59:18.311-0500][gc,heap        ] GC(7817)  Metaspace       used 48735K, capacity 50558K, committed 52992K, reserved 1093632K
[2020-12-15T08:59:18.311-0500][gc,heap        ] GC(7817)   class space    used 7296K, capacity 7963K, committed 8704K, reserved 1048576K
[2020-12-15T08:59:18.311-0500][gc,start       ] GC(7817) Pause Young (Normal) (G1 Evacuation Pause)
[2020-12-15T08:59:18.311-0500][gc,task        ] GC(7817) Using 8 workers of 8 for evacuation
[2020-12-15T08:59:18.315-0500][gc,phases      ] GC(7817)   Pre Evacuate Collection Set: 0.1ms
[2020-12-15T08:59:18.315-0500][gc,phases      ] GC(7817)   Evacuate Collection Set: 2.3ms
[2020-12-15T08:59:18.315-0500][gc,phases      ] GC(7817)   Post Evacuate Collection Set: 1.4ms
[2020-12-15T08:59:18.315-0500][gc,phases      ] GC(7817)   Other: 0.4ms
[2020-12-15T08:59:18.315-0500][gc,heap        ] GC(7817) Eden regions: 10->0(9)
[2020-12-15T08:59:18.315-0500][gc,heap        ] GC(7817) Survivor regions: 0->1(2)
[2020-12-15T08:59:18.315-0500][gc,heap        ] GC(7817) Old regions: 40->40
[2020-12-15T08:59:18.315-0500][gc,heap        ] GC(7817) Humongous regions: 4->4
[2020-12-15T08:59:18.315-0500][gc,metaspace   ] GC(7817) Metaspace: 48735K->48735K(1093632K)
[2020-12-15T08:59:18.315-0500][gc,heap        ] GC(7817) Heap after GC invocations=7818 (full 1637): garbage-first heap   total 63488K, used 42667K [0x0000000083000000, 0x0000000100000000)
[2020-12-15T08:59:18.315-0500][gc,heap        ] GC(7817)   region size 1024K, 1 young (1024K), 1 survivors (1024K)
[2020-12-15T08:59:18.315-0500][gc,heap        ] GC(7817)  Metaspace       used 48735K, capacity 50558K, committed 52992K, reserved 1093632K
[2020-12-15T08:59:18.315-0500][gc,heap        ] GC(7817)   class space    used 7296K, capacity 7963K, committed 8704K, reserved 1048576K
[2020-12-15T08:59:18.315-0500][gc             ] GC(7817) Pause Young (Normal) (G1 Evacuation Pause) 51M->41M(62M) 4.270ms
[2020-12-15T08:59:18.315-0500][gc,cpu         ] GC(7817) User=0.01s Sys=0.00s Real=0.00s
[2020-12-15T09:01:45.189-0500][gc,task        ] GC(7818) Using 5 workers of 8 for full compaction
[2020-12-15T09:01:45.189-0500][gc,start       ] GC(7818) Pause Full (System.gc())
[2020-12-15T09:01:45.189-0500][gc,heap        ] GC(7818) Heap before GC invocations=7818 (full 1637): garbage-first heap   total 63488K, used 49835K [0x0000000083000000, 0x0000000100000000)
[2020-12-15T09:01:45.189-0500][gc,heap        ] GC(7818)   region size 1024K, 10 young (10240K), 1 survivors (1024K)
[2020-12-15T09:01:45.189-0500][gc,heap        ] GC(7818)  Metaspace       used 48735K, capacity 50558K, committed 52992K, reserved 1093632K
[2020-12-15T09:01:45.189-0500][gc,heap        ] GC(7818)   class space    used 7296K, capacity 7963K, committed 8704K, reserved 1048576K
[2020-12-15T09:01:45.189-0500][gc,phases,start] GC(7818) Phase 1: Mark live objects
[2020-12-15T09:01:45.216-0500][gc,stringtable ] GC(7818) Cleaned string and symbol table, strings: 31807 processed, 0 removed, symbols: 119634 processed, 0 removed
[2020-12-15T09:01:45.216-0500][gc,phases      ] GC(7818) Phase 1: Mark live objects 26.352ms
[2020-12-15T09:01:45.216-0500][gc,phases,start] GC(7818) Phase 2: Prepare for compaction
[2020-12-15T09:01:45.220-0500][gc,phases      ] GC(7818) Phase 2: Prepare for compaction 4.289ms
[2020-12-15T09:01:45.220-0500][gc,phases,start] GC(7818) Phase 3: Adjust pointers
[2020-12-15T09:01:45.233-0500][gc,phases      ] GC(7818) Phase 3: Adjust pointers 12.925ms
[2020-12-15T09:01:45.233-0500][gc,phases,start] GC(7818) Phase 4: Compact heap
[2020-12-15T09:01:45.236-0500][gc,phases      ] GC(7818) Phase 4: Compact heap 2.691ms
[2020-12-15T09:01:45.242-0500][gc,heap        ] GC(7818) Eden regions: 9->0(10)
[2020-12-15T09:01:45.242-0500][gc,heap        ] GC(7818) Survivor regions: 1->0(2)
[2020-12-15T09:01:45.242-0500][gc,heap        ] GC(7818) Old regions: 40->40
[2020-12-15T09:01:45.242-0500][gc,heap        ] GC(7818) Humongous regions: 4->4
[2020-12-15T09:01:45.242-0500][gc,metaspace   ] GC(7818) Metaspace: 48735K->48735K(1093632K)
[2020-12-15T09:01:45.242-0500][gc,heap        ] GC(7818) Heap after GC invocations=7819 (full 1638): garbage-first heap   total 63488K, used 42591K [0x0000000083000000, 0x0000000100000000)
[2020-12-15T09:01:45.242-0500][gc,heap        ] GC(7818)   region size 1024K, 0 young (0K), 0 survivors (0K)
[2020-12-15T09:01:45.242-0500][gc,heap        ] GC(7818)  Metaspace       used 48735K, capacity 50558K, committed 52992K, reserved 1093632K
[2020-12-15T09:01:45.242-0500][gc,heap        ] GC(7818)   class space    used 7296K, capacity 7963K, committed 8704K, reserved 1048576K
[2020-12-15T09:01:45.242-0500][gc             ] GC(7818) Pause Full (System.gc()) 50M->41M(62M) 53.063ms
[2020-12-15T09:01:45.242-0500][gc,cpu         ] GC(7818) User=0.23s Sys=0.00s Real=0.05s
[2020-12-15T09:04:17.518-0500][gc,heap        ] GC(7819) Heap before GC invocations=7819 (full 1638): garbage-first heap   total 63488K, used 51807K [0x0000000083000000, 0x0000000100000000)
[2020-12-15T09:04:17.518-0500][gc,heap        ] GC(7819)   region size 1024K, 10 young (10240K), 0 survivors (0K)
[2020-12-15T09:04:17.518-0500][gc,heap        ] GC(7819)  Metaspace       used 48735K, capacity 50558K, committed 52992K, reserved 1093632K
[2020-12-15T09:04:17.518-0500][gc,heap        ] GC(7819)   class space    used 7296K, capacity 7963K, committed 8704K, reserved 1048576K
[2020-12-15T09:04:17.518-0500][gc,start       ] GC(7819) Pause Young (Normal) (G1 Evacuation Pause)
[2020-12-15T09:04:17.518-0500][gc,task        ] GC(7819) Using 8 workers of 8 for evacuation
[2020-12-15T09:04:17.520-0500][gc,phases      ] GC(7819)   Pre Evacuate Collection Set: 0.0ms
[2020-12-15T09:04:17.520-0500][gc,phases      ] GC(7819)   Evacuate Collection Set: 1.1ms
[2020-12-15T09:04:17.520-0500][gc,phases      ] GC(7819)   Post Evacuate Collection Set: 1.1ms
[2020-12-15T09:04:17.520-0500][gc,phases      ] GC(7819)   Other: 0.3ms
[2020-12-15T09:04:17.520-0500][gc,heap        ] GC(7819) Eden regions: 10->0(9)
[2020-12-15T09:04:17.520-0500][gc,heap        ] GC(7819) Survivor regions: 0->1(2)
[2020-12-15T09:04:17.520-0500][gc,heap        ] GC(7819) Old regions: 40->40
[2020-12-15T09:04:17.520-0500][gc,heap        ] GC(7819) Humongous regions: 4->4
[2020-12-15T09:04:17.520-0500][gc,metaspace   ] GC(7819) Metaspace: 48735K->48735K(1093632K)
[2020-12-15T09:04:17.520-0500][gc,heap        ] GC(7819) Heap after GC invocations=7820 (full 1638): garbage-first heap   total 63488K, used 42665K [0x0000000083000000, 0x0000000100000000)
[2020-12-15T09:04:17.520-0500][gc,heap        ] GC(7819)   region size 1024K, 1 young (1024K), 1 survivors (1024K)
[2020-12-15T09:04:17.520-0500][gc,heap        ] GC(7819)  Metaspace       used 48735K, capacity 50558K, committed 52992K, reserved 1093632K
[2020-12-15T09:04:17.520-0500][gc,heap        ] GC(7819)   class space    used 7296K, capacity 7963K, committed 8704K, reserved 1048576K
[2020-12-15T09:04:17.520-0500][gc             ] GC(7819) Pause Young (Normal) (G1 Evacuation Pause) 51M->41M(62M) 2.491ms
[2020-12-15T09:04:17.520-0500][gc,cpu         ] GC(7819) User=0.00s Sys=0.01s Real=0.00s
[2020-12-15T09:06:45.189-0500][gc,task        ] GC(7820) Using 5 workers of 8 for full compaction
[2020-12-15T09:06:45.189-0500][gc,start       ] GC(7820) Pause Full (System.gc())
[2020-12-15T09:06:45.189-0500][gc,heap        ] GC(7820) Heap before GC invocations=7820 (full 1638): garbage-first heap   total 63488K, used 50857K [0x0000000083000000, 0x0000000100000000)
[2020-12-15T09:06:45.189-0500][gc,heap        ] GC(7820)   region size 1024K, 10 young (10240K), 1 survivors (1024K)
[2020-12-15T09:06:45.189-0500][gc,heap        ] GC(7820)  Metaspace       used 48735K, capacity 50558K, committed 52992K, reserved 1093632K
[2020-12-15T09:06:45.189-0500][gc,heap        ] GC(7820)   class space    used 7296K, capacity 7963K, committed 8704K, reserved 1048576K
[2020-12-15T09:06:45.189-0500][gc,phases,start] GC(7820) Phase 1: Mark live objects
[2020-12-15T09:06:45.215-0500][gc,stringtable ] GC(7820) Cleaned string and symbol table, strings: 31807 processed, 0 removed, symbols: 119634 processed, 0 removed
[2020-12-15T09:06:45.215-0500][gc,phases      ] GC(7820) Phase 1: Mark live objects 25.383ms
[2020-12-15T09:06:45.215-0500][gc,phases,start] GC(7820) Phase 2: Prepare for compaction
[2020-12-15T09:06:45.220-0500][gc,phases      ] GC(7820) Phase 2: Prepare for compaction 5.504ms
[2020-12-15T09:06:45.220-0500][gc,phases,start] GC(7820) Phase 3: Adjust pointers
[2020-12-15T09:06:45.232-0500][gc,phases      ] GC(7820) Phase 3: Adjust pointers 11.728ms
[2020-12-15T09:06:45.232-0500][gc,phases,start] GC(7820) Phase 4: Compact heap
[2020-12-15T09:06:45.236-0500][gc,phases      ] GC(7820) Phase 4: Compact heap 3.933ms
[2020-12-15T09:06:45.242-0500][gc,heap        ] GC(7820) Eden regions: 9->0(9)
[2020-12-15T09:06:45.242-0500][gc,heap        ] GC(7820) Survivor regions: 1->0(2)
[2020-12-15T09:06:45.242-0500][gc,heap        ] GC(7820) Old regions: 40->41
[2020-12-15T09:06:45.242-0500][gc,heap        ] GC(7820) Humongous regions: 4->4
[2020-12-15T09:06:45.242-0500][gc,metaspace   ] GC(7820) Metaspace: 48735K->48735K(1093632K)
[2020-12-15T09:06:45.242-0500][gc,heap        ] GC(7820) Heap after GC invocations=7821 (full 1639): garbage-first heap   total 63488K, used 42594K [0x0000000083000000, 0x0000000100000000)
[2020-12-15T09:06:45.242-0500][gc,heap        ] GC(7820)   region size 1024K, 0 young (0K), 0 survivors (0K)
[2020-12-15T09:06:45.242-0500][gc,heap        ] GC(7820)  Metaspace       used 48735K, capacity 50558K, committed 52992K, reserved 1093632K
[2020-12-15T09:06:45.242-0500][gc,heap        ] GC(7820)   class space    used 7296K, capacity 7963K, committed 8704K, reserved 1048576K
[2020-12-15T09:06:45.242-0500][gc             ] GC(7820) Pause Full (System.gc()) 50M->41M(62M) 53.051ms
[2020-12-15T09:06:45.242-0500][gc,cpu         ] GC(7820) User=0.22s Sys=0.00s Real=0.05s
[2020-12-15T09:09:06.012-0500][gc,heap        ] GC(7821) Heap before GC invocations=7821 (full 1639): garbage-first heap   total 63488K, used 50786K [0x0000000083000000, 0x0000000100000000)
[2020-12-15T09:09:06.012-0500][gc,heap        ] GC(7821)   region size 1024K, 9 young (9216K), 0 survivors (0K)
[2020-12-15T09:09:06.012-0500][gc,heap        ] GC(7821)  Metaspace       used 48735K, capacity 50558K, committed 52992K, reserved 1093632K
[2020-12-15T09:09:06.012-0500][gc,heap        ] GC(7821)   class space    used 7296K, capacity 7963K, committed 8704K, reserved 1048576K
[2020-12-15T09:09:06.012-0500][gc,start       ] GC(7821) Pause Young (Normal) (G1 Evacuation Pause)
[2020-12-15T09:09:06.012-0500][gc,task        ] GC(7821) Using 8 workers of 8 for evacuation
[2020-12-15T09:09:06.016-0500][gc,phases      ] GC(7821)   Pre Evacuate Collection Set: 0.1ms
[2020-12-15T09:09:06.016-0500][gc,phases      ] GC(7821)   Evacuate Collection Set: 1.8ms
[2020-12-15T09:09:06.016-0500][gc,phases      ] GC(7821)   Post Evacuate Collection Set: 2.1ms
[2020-12-15T09:09:06.016-0500][gc,phases      ] GC(7821)   Other: 0.4ms
[2020-12-15T09:09:06.016-0500][gc,heap        ] GC(7821) Eden regions: 9->0(8)
[2020-12-15T09:09:06.017-0500][gc,heap        ] GC(7821) Survivor regions: 0->1(2)
[2020-12-15T09:09:06.017-0500][gc,heap        ] GC(7821) Old regions: 41->41
[2020-12-15T09:09:06.017-0500][gc,heap        ] GC(7821) Humongous regions: 4->4
[2020-12-15T09:09:06.017-0500][gc,metaspace   ] GC(7821) Metaspace: 48735K->48735K(1093632K)
[2020-12-15T09:09:06.017-0500][gc,heap        ] GC(7821) Heap after GC invocations=7822 (full 1639): garbage-first heap   total 63488K, used 42658K [0x0000000083000000, 0x0000000100000000)
[2020-12-15T09:09:06.017-0500][gc,heap        ] GC(7821)   region size 1024K, 1 young (1024K), 1 survivors (1024K)
[2020-12-15T09:09:06.017-0500][gc,heap        ] GC(7821)  Metaspace       used 48735K, capacity 50558K, committed 52992K, reserved 1093632K
[2020-12-15T09:09:06.017-0500][gc,heap        ] GC(7821)   class space    used 7296K, capacity 7963K, committed 8704K, reserved 1048576K
[2020-12-15T09:09:06.017-0500][gc             ] GC(7821) Pause Young (Normal) (G1 Evacuation Pause) 50M->41M(62M) 4.381ms
[2020-12-15T09:09:06.017-0500][gc,cpu         ] GC(7821) User=0.01s Sys=0.00s Real=0.00s
[2020-12-15T09:11:16.013-0500][gc,heap        ] GC(7822) Heap before GC invocations=7822 (full 1639): garbage-first heap   total 63488K, used 50850K [0x0000000083000000, 0x0000000100000000)
[2020-12-15T09:11:16.013-0500][gc,heap        ] GC(7822)   region size 1024K, 9 young (9216K), 1 survivors (1024K)
[2020-12-15T09:11:16.013-0500][gc,heap        ] GC(7822)  Metaspace       used 48735K, capacity 50558K, committed 52992K, reserved 1093632K
[2020-12-15T09:11:16.013-0500][gc,heap        ] GC(7822)   class space    used 7296K, capacity 7963K, committed 8704K, reserved 1048576K
[2020-12-15T09:11:16.013-0500][gc,start       ] GC(7822) Pause Young (Normal) (G1 Evacuation Pause)
[2020-12-15T09:11:16.013-0500][gc,task        ] GC(7822) Using 8 workers of 8 for evacuation
[2020-12-15T09:11:16.014-0500][gc,phases      ] GC(7822)   Pre Evacuate Collection Set: 0.0ms
[2020-12-15T09:11:16.014-0500][gc,phases      ] GC(7822)   Evacuate Collection Set: 0.5ms
[2020-12-15T09:11:16.015-0500][gc,phases      ] GC(7822)   Post Evacuate Collection Set: 0.8ms
[2020-12-15T09:11:16.015-0500][gc,phases      ] GC(7822)   Other: 0.2ms
[2020-12-15T09:11:16.015-0500][gc,heap        ] GC(7822) Eden regions: 8->0(8)
[2020-12-15T09:11:16.015-0500][gc,heap        ] GC(7822) Survivor regions: 1->1(2)
[2020-12-15T09:11:16.015-0500][gc,heap        ] GC(7822) Old regions: 41->41
[2020-12-15T09:11:16.015-0500][gc,heap        ] GC(7822) Humongous regions: 4->4
[2020-12-15T09:11:16.015-0500][gc,metaspace   ] GC(7822) Metaspace: 48735K->48735K(1093632K)
[2020-12-15T09:11:16.015-0500][gc,heap        ] GC(7822) Heap after GC invocations=7823 (full 1639): garbage-first heap   total 63488K, used 42673K [0x0000000083000000, 0x0000000100000000)
[2020-12-15T09:11:16.015-0500][gc,heap        ] GC(7822)   region size 1024K, 1 young (1024K), 1 survivors (1024K)
[2020-12-15T09:11:16.015-0500][gc,heap        ] GC(7822)  Metaspace       used 48735K, capacity 50558K, committed 52992K, reserved 1093632K
[2020-12-15T09:11:16.015-0500][gc,heap        ] GC(7822)   class space    used 7296K, capacity 7963K, committed 8704K, reserved 1048576K
[2020-12-15T09:11:16.015-0500][gc             ] GC(7822) Pause Young (Normal) (G1 Evacuation Pause) 49M->41M(62M) 1.643ms
[2020-12-15T09:11:16.015-0500][gc,cpu         ] GC(7822) User=0.00s Sys=0.01s Real=0.00s
[2020-12-15T09:11:45.192-0500][gc,task        ] GC(7823) Using 5 workers of 8 for full compaction
[2020-12-15T09:11:45.192-0500][gc,start       ] GC(7823) Pause Full (System.gc())
[2020-12-15T09:11:45.192-0500][gc,heap        ] GC(7823) Heap before GC invocations=7823 (full 1639): garbage-first heap   total 63488K, used 43697K [0x0000000083000000, 0x0000000100000000)
[2020-12-15T09:11:45.192-0500][gc,heap        ] GC(7823)   region size 1024K, 3 young (3072K), 1 survivors (1024K)
[2020-12-15T09:11:45.192-0500][gc,heap        ] GC(7823)  Metaspace       used 48735K, capacity 50558K, committed 52992K, reserved 1093632K
[2020-12-15T09:11:45.192-0500][gc,heap        ] GC(7823)   class space    used 7296K, capacity 7963K, committed 8704K, reserved 1048576K
[2020-12-15T09:11:45.192-0500][gc,phases,start] GC(7823) Phase 1: Mark live objects
[2020-12-15T09:11:45.218-0500][gc,stringtable ] GC(7823) Cleaned string and symbol table, strings: 31807 processed, 0 removed, symbols: 119634 processed, 0 removed
[2020-12-15T09:11:45.218-0500][gc,phases      ] GC(7823) Phase 1: Mark live objects 26.143ms
[2020-12-15T09:11:45.218-0500][gc,phases,start] GC(7823) Phase 2: Prepare for compaction
[2020-12-15T09:11:45.223-0500][gc,phases      ] GC(7823) Phase 2: Prepare for compaction 4.435ms
[2020-12-15T09:11:45.223-0500][gc,phases,start] GC(7823) Phase 3: Adjust pointers
[2020-12-15T09:11:45.237-0500][gc,phases      ] GC(7823) Phase 3: Adjust pointers 13.701ms
[2020-12-15T09:11:45.237-0500][gc,phases,start] GC(7823) Phase 4: Compact heap
[2020-12-15T09:11:45.241-0500][gc,phases      ] GC(7823) Phase 4: Compact heap 4.003ms
[2020-12-15T09:11:45.247-0500][gc,heap        ] GC(7823) Eden regions: 2->0(9)
[2020-12-15T09:11:45.247-0500][gc,heap        ] GC(7823) Survivor regions: 1->0(2)
[2020-12-15T09:11:45.247-0500][gc,heap        ] GC(7823) Old regions: 41->41
[2020-12-15T09:11:45.247-0500][gc,heap        ] GC(7823) Humongous regions: 4->4
[2020-12-15T09:11:45.247-0500][gc,metaspace   ] GC(7823) Metaspace: 48735K->48735K(1093632K)
[2020-12-15T09:11:45.247-0500][gc,heap        ] GC(7823) Heap after GC invocations=7824 (full 1640): garbage-first heap   total 63488K, used 42553K [0x0000000083000000, 0x0000000100000000)
[2020-12-15T09:11:45.247-0500][gc,heap        ] GC(7823)   region size 1024K, 0 young (0K), 0 survivors (0K)
[2020-12-15T09:11:45.247-0500][gc,heap        ] GC(7823)  Metaspace       used 48735K, capacity 50558K, committed 52992K, reserved 1093632K
[2020-12-15T09:11:45.247-0500][gc,heap        ] GC(7823)   class space    used 7296K, capacity 7963K, committed 8704K, reserved 1048576K
[2020-12-15T09:11:45.247-0500][gc             ] GC(7823) Pause Full (System.gc()) 43M->41M(62M) 55.629ms
[2020-12-15T09:11:45.248-0500][gc,cpu         ] GC(7823) User=0.24s Sys=0.00s Real=0.05s
[2020-12-15T09:14:03.330-0500][gc,heap        ] GC(7824) Heap before GC invocations=7824 (full 1640): garbage-first heap   total 63488K, used 51769K [0x0000000083000000, 0x0000000100000000)
[2020-12-15T09:14:03.330-0500][gc,heap        ] GC(7824)   region size 1024K, 9 young (9216K), 0 survivors (0K)
[2020-12-15T09:14:03.330-0500][gc,heap        ] GC(7824)  Metaspace       used 48735K, capacity 50558K, committed 52992K, reserved 1093632K
[2020-12-15T09:14:03.330-0500][gc,heap        ] GC(7824)   class space    used 7296K, capacity 7963K, committed 8704K, reserved 1048576K
[2020-12-15T09:14:03.331-0500][gc,start       ] GC(7824) Pause Young (Normal) (G1 Evacuation Pause)
[2020-12-15T09:14:03.331-0500][gc,task        ] GC(7824) Using 8 workers of 8 for evacuation
[2020-12-15T09:14:03.366-0500][gc,phases      ] GC(7824)   Pre Evacuate Collection Set: 0.0ms
[2020-12-15T09:14:03.366-0500][gc,phases      ] GC(7824)   Evacuate Collection Set: 33.6ms
[2020-12-15T09:14:03.366-0500][gc,phases      ] GC(7824)   Post Evacuate Collection Set: 1.4ms
[2020-12-15T09:14:03.366-0500][gc,phases      ] GC(7824)   Other: 0.3ms
[2020-12-15T09:14:03.366-0500][gc,heap        ] GC(7824) Eden regions: 9->0(8)
[2020-12-15T09:14:03.366-0500][gc,heap        ] GC(7824) Survivor regions: 0->1(2)
[2020-12-15T09:14:03.366-0500][gc,heap        ] GC(7824) Old regions: 41->41
[2020-12-15T09:14:03.366-0500][gc,heap        ] GC(7824) Humongous regions: 4->4
[2020-12-15T09:14:03.366-0500][gc,metaspace   ] GC(7824) Metaspace: 48735K->48735K(1093632K)
[2020-12-15T09:14:03.366-0500][gc,heap        ] GC(7824) Heap after GC invocations=7825 (full 1640): garbage-first heap   total 63488K, used 42621K [0x0000000083000000, 0x0000000100000000)
[2020-12-15T09:14:03.366-0500][gc,heap        ] GC(7824)   region size 1024K, 1 young (1024K), 1 survivors (1024K)
[2020-12-15T09:14:03.366-0500][gc,heap        ] GC(7824)  Metaspace       used 48735K, capacity 50558K, committed 52992K, reserved 1093632K
[2020-12-15T09:14:03.366-0500][gc,heap        ] GC(7824)   class space    used 7296K, capacity 7963K, committed 8704K, reserved 1048576K
[2020-12-15T09:14:03.366-0500][gc             ] GC(7824) Pause Young (Normal) (G1 Evacuation Pause) 50M->41M(62M) 35.539ms
[2020-12-15T09:14:03.366-0500][gc,cpu         ] GC(7824) User=0.24s Sys=0.00s Real=0.03s
[2020-12-15T09:16:06.013-0500][gc,heap        ] GC(7825) Heap before GC invocations=7825 (full 1640): garbage-first heap   total 63488K, used 49789K [0x0000000083000000, 0x0000000100000000)
[2020-12-15T09:16:06.013-0500][gc,heap        ] GC(7825)   region size 1024K, 9 young (9216K), 1 survivors (1024K)
[2020-12-15T09:16:06.013-0500][gc,heap        ] GC(7825)  Metaspace       used 48735K, capacity 50558K, committed 52992K, reserved 1093632K
[2020-12-15T09:16:06.013-0500][gc,heap        ] GC(7825)   class space    used 7296K, capacity 7963K, committed 8704K, reserved 1048576K
[2020-12-15T09:16:06.013-0500][gc,start       ] GC(7825) Pause Young (Normal) (G1 Evacuation Pause)
[2020-12-15T09:16:06.013-0500][gc,task        ] GC(7825) Using 8 workers of 8 for evacuation
[2020-12-15T09:16:06.015-0500][gc,phases      ] GC(7825)   Pre Evacuate Collection Set: 0.1ms
[2020-12-15T09:16:06.015-0500][gc,phases      ] GC(7825)   Evacuate Collection Set: 0.8ms
[2020-12-15T09:16:06.015-0500][gc,phases      ] GC(7825)   Post Evacuate Collection Set: 1.2ms
[2020-12-15T09:16:06.015-0500][gc,phases      ] GC(7825)   Other: 0.2ms
[2020-12-15T09:16:06.015-0500][gc,heap        ] GC(7825) Eden regions: 8->0(8)
[2020-12-15T09:16:06.015-0500][gc,heap        ] GC(7825) Survivor regions: 1->1(2)
[2020-12-15T09:16:06.015-0500][gc,heap        ] GC(7825) Old regions: 41->41
[2020-12-15T09:16:06.015-0500][gc,heap        ] GC(7825) Humongous regions: 4->4
[2020-12-15T09:16:06.015-0500][gc,metaspace   ] GC(7825) Metaspace: 48735K->48735K(1093632K)
[2020-12-15T09:16:06.015-0500][gc,heap        ] GC(7825) Heap after GC invocations=7826 (full 1640): garbage-first heap   total 63488K, used 42628K [0x0000000083000000, 0x0000000100000000)
[2020-12-15T09:16:06.015-0500][gc,heap        ] GC(7825)   region size 1024K, 1 young (1024K), 1 survivors (1024K)
[2020-12-15T09:16:06.015-0500][gc,heap        ] GC(7825)  Metaspace       used 48735K, capacity 50558K, committed 52992K, reserved 1093632K
[2020-12-15T09:16:06.015-0500][gc,heap        ] GC(7825)   class space    used 7296K, capacity 7963K, committed 8704K, reserved 1048576K
[2020-12-15T09:16:06.015-0500][gc             ] GC(7825) Pause Young (Normal) (G1 Evacuation Pause) 49M->41M(62M) 2.322ms
[2020-12-15T09:16:06.015-0500][gc,cpu         ] GC(7825) User=0.01s Sys=0.00s Real=0.00s
[2020-12-15T09:16:45.190-0500][gc,task        ] GC(7826) Using 5 workers of 8 for full compaction
[2020-12-15T09:16:45.191-0500][gc,start       ] GC(7826) Pause Full (System.gc())
[2020-12-15T09:16:45.191-0500][gc,heap        ] GC(7826) Heap before GC invocations=7826 (full 1640): garbage-first heap   total 63488K, used 43652K [0x0000000083000000, 0x0000000100000000)
[2020-12-15T09:16:45.191-0500][gc,heap        ] GC(7826)   region size 1024K, 4 young (4096K), 1 survivors (1024K)
[2020-12-15T09:16:45.191-0500][gc,heap        ] GC(7826)  Metaspace       used 48735K, capacity 50558K, committed 52992K, reserved 1093632K
[2020-12-15T09:16:45.191-0500][gc,heap        ] GC(7826)   class space    used 7296K, capacity 7963K, committed 8704K, reserved 1048576K
[2020-12-15T09:16:45.191-0500][gc,phases,start] GC(7826) Phase 1: Mark live objects
[2020-12-15T09:16:45.218-0500][gc,stringtable ] GC(7826) Cleaned string and symbol table, strings: 31807 processed, 0 removed, symbols: 119634 processed, 0 removed
[2020-12-15T09:16:45.219-0500][gc,phases      ] GC(7826) Phase 1: Mark live objects 27.532ms
[2020-12-15T09:16:45.219-0500][gc,phases,start] GC(7826) Phase 2: Prepare for compaction
[2020-12-15T09:16:45.223-0500][gc,phases      ] GC(7826) Phase 2: Prepare for compaction 3.958ms
[2020-12-15T09:16:45.223-0500][gc,phases,start] GC(7826) Phase 3: Adjust pointers
[2020-12-15T09:16:45.236-0500][gc,phases      ] GC(7826) Phase 3: Adjust pointers 12.955ms
[2020-12-15T09:16:45.236-0500][gc,phases,start] GC(7826) Phase 4: Compact heap
[2020-12-15T09:16:45.239-0500][gc,phases      ] GC(7826) Phase 4: Compact heap 3.560ms
[2020-12-15T09:16:45.245-0500][gc,heap        ] GC(7826) Eden regions: 3->0(9)
[2020-12-15T09:16:45.245-0500][gc,heap        ] GC(7826) Survivor regions: 1->0(2)
[2020-12-15T09:16:45.245-0500][gc,heap        ] GC(7826) Old regions: 41->41
[2020-12-15T09:16:45.245-0500][gc,heap        ] GC(7826) Humongous regions: 4->4
[2020-12-15T09:16:45.245-0500][gc,metaspace   ] GC(7826) Metaspace: 48735K->48735K(1093632K)
[2020-12-15T09:16:45.245-0500][gc,heap        ] GC(7826) Heap after GC invocations=7827 (full 1641): garbage-first heap   total 63488K, used 42555K [0x0000000083000000, 0x0000000100000000)
[2020-12-15T09:16:45.245-0500][gc,heap        ] GC(7826)   region size 1024K, 0 young (0K), 0 survivors (0K)
[2020-12-15T09:16:45.245-0500][gc,heap        ] GC(7826)  Metaspace       used 48735K, capacity 50558K, committed 52992K, reserved 1093632K
[2020-12-15T09:16:45.245-0500][gc,heap        ] GC(7826)   class space    used 7296K, capacity 7963K, committed 8704K, reserved 1048576K
[2020-12-15T09:16:45.245-0500][gc             ] GC(7826) Pause Full (System.gc()) 43M->41M(62M) 54.844ms
[2020-12-15T09:16:45.246-0500][gc,cpu         ] GC(7826) User=0.21s Sys=0.00s Real=0.05s
[2020-12-15T09:19:06.012-0500][gc,heap        ] GC(7827) Heap before GC invocations=7827 (full 1641): garbage-first heap   total 63488K, used 51771K [0x0000000083000000, 0x0000000100000000)
[2020-12-15T09:19:06.012-0500][gc,heap        ] GC(7827)   region size 1024K, 9 young (9216K), 0 survivors (0K)
[2020-12-15T09:19:06.012-0500][gc,heap        ] GC(7827)  Metaspace       used 48735K, capacity 50558K, committed 52992K, reserved 1093632K
[2020-12-15T09:19:06.012-0500][gc,heap        ] GC(7827)   class space    used 7296K, capacity 7963K, committed 8704K, reserved 1048576K
[2020-12-15T09:19:06.012-0500][gc,start       ] GC(7827) Pause Young (Normal) (G1 Evacuation Pause)
[2020-12-15T09:19:06.012-0500][gc,task        ] GC(7827) Using 8 workers of 8 for evacuation
[2020-12-15T09:19:06.019-0500][gc,phases      ] GC(7827)   Pre Evacuate Collection Set: 0.0ms
[2020-12-15T09:19:06.019-0500][gc,phases      ] GC(7827)   Evacuate Collection Set: 3.7ms
[2020-12-15T09:19:06.019-0500][gc,phases      ] GC(7827)   Post Evacuate Collection Set: 3.4ms
[2020-12-15T09:19:06.019-0500][gc,phases      ] GC(7827)   Other: 0.2ms
[2020-12-15T09:19:06.019-0500][gc,heap        ] GC(7827) Eden regions: 9->0(8)
[2020-12-15T09:19:06.019-0500][gc,heap        ] GC(7827) Survivor regions: 0->1(2)
[2020-12-15T09:19:06.019-0500][gc,heap        ] GC(7827) Old regions: 41->41
[2020-12-15T09:19:06.019-0500][gc,heap        ] GC(7827) Humongous regions: 4->4
[2020-12-15T09:19:06.019-0500][gc,metaspace   ] GC(7827) Metaspace: 48735K->48735K(1093632K)
[2020-12-15T09:19:06.019-0500][gc,heap        ] GC(7827) Heap after GC invocations=7828 (full 1641): garbage-first heap   total 63488K, used 42648K [0x0000000083000000, 0x0000000100000000)
[2020-12-15T09:19:06.019-0500][gc,heap        ] GC(7827)   region size 1024K, 1 young (1024K), 1 survivors (1024K)
[2020-12-15T09:19:06.019-0500][gc,heap        ] GC(7827)  Metaspace       used 48735K, capacity 50558K, committed 52992K, reserved 1093632K
[2020-12-15T09:19:06.019-0500][gc,heap        ] GC(7827)   class space    used 7296K, capacity 7963K, committed 8704K, reserved 1048576K
[2020-12-15T09:19:06.019-0500][gc             ] GC(7827) Pause Young (Normal) (G1 Evacuation Pause) 50M->41M(62M) 7.312ms
[2020-12-15T09:19:06.019-0500][gc,cpu         ] GC(7827) User=0.04s Sys=0.00s Real=0.01s
[2020-12-15T09:21:16.013-0500][gc,heap        ] GC(7828) Heap before GC invocations=7828 (full 1641): garbage-first heap   total 63488K, used 49816K [0x0000000083000000, 0x0000000100000000)
[2020-12-15T09:21:16.013-0500][gc,heap        ] GC(7828)   region size 1024K, 9 young (9216K), 1 survivors (1024K)
[2020-12-15T09:21:16.013-0500][gc,heap        ] GC(7828)  Metaspace       used 48735K, capacity 50558K, committed 52992K, reserved 1093632K
[2020-12-15T09:21:16.013-0500][gc,heap        ] GC(7828)   class space    used 7296K, capacity 7963K, committed 8704K, reserved 1048576K
[2020-12-15T09:21:16.013-0500][gc,start       ] GC(7828) Pause Young (Normal) (G1 Evacuation Pause)
[2020-12-15T09:21:16.013-0500][gc,task        ] GC(7828) Using 8 workers of 8 for evacuation
[2020-12-15T09:21:16.030-0500][gc,phases      ] GC(7828)   Pre Evacuate Collection Set: 0.0ms
[2020-12-15T09:21:16.030-0500][gc,phases      ] GC(7828)   Evacuate Collection Set: 15.8ms
[2020-12-15T09:21:16.030-0500][gc,phases      ] GC(7828)   Post Evacuate Collection Set: 1.5ms
[2020-12-15T09:21:16.030-0500][gc,phases      ] GC(7828)   Other: 0.3ms
[2020-12-15T09:21:16.031-0500][gc,heap        ] GC(7828) Eden regions: 8->0(8)
[2020-12-15T09:21:16.031-0500][gc,heap        ] GC(7828) Survivor regions: 1->1(2)
[2020-12-15T09:21:16.031-0500][gc,heap        ] GC(7828) Old regions: 41->41
[2020-12-15T09:21:16.031-0500][gc,heap        ] GC(7828) Humongous regions: 4->4
[2020-12-15T09:21:16.031-0500][gc,metaspace   ] GC(7828) Metaspace: 48735K->48735K(1093632K)
[2020-12-15T09:21:16.031-0500][gc,heap        ] GC(7828) Heap after GC invocations=7829 (full 1641): garbage-first heap   total 63488K, used 42636K [0x0000000083000000, 0x0000000100000000)
[2020-12-15T09:21:16.031-0500][gc,heap        ] GC(7828)   region size 1024K, 1 young (1024K), 1 survivors (1024K)
[2020-12-15T09:21:16.031-0500][gc,heap        ] GC(7828)  Metaspace       used 48735K, capacity 50558K, committed 52992K, reserved 1093632K
[2020-12-15T09:21:16.031-0500][gc,heap        ] GC(7828)   class space    used 7296K, capacity 7963K, committed 8704K, reserved 1048576K
[2020-12-15T09:21:16.031-0500][gc             ] GC(7828) Pause Young (Normal) (G1 Evacuation Pause) 49M->41M(62M) 17.620ms
[2020-12-15T09:21:16.031-0500][gc,cpu         ] GC(7828) User=0.09s Sys=0.00s Real=0.02s
[2020-12-15T09:21:45.189-0500][gc,task        ] GC(7829) Using 5 workers of 8 for full compaction
[2020-12-15T09:21:45.189-0500][gc,start       ] GC(7829) Pause Full (System.gc())
[2020-12-15T09:21:45.189-0500][gc,heap        ] GC(7829) Heap before GC invocations=7829 (full 1641): garbage-first heap   total 63488K, used 43660K [0x0000000083000000, 0x0000000100000000)
[2020-12-15T09:21:45.189-0500][gc,heap        ] GC(7829)   region size 1024K, 3 young (3072K), 1 survivors (1024K)
[2020-12-15T09:21:45.189-0500][gc,heap        ] GC(7829)  Metaspace       used 48735K, capacity 50558K, committed 52992K, reserved 1093632K
[2020-12-15T09:21:45.189-0500][gc,heap        ] GC(7829)   class space    used 7296K, capacity 7963K, committed 8704K, reserved 1048576K
[2020-12-15T09:21:45.189-0500][gc,phases,start] GC(7829) Phase 1: Mark live objects
[2020-12-15T09:21:45.214-0500][gc,stringtable ] GC(7829) Cleaned string and symbol table, strings: 31807 processed, 0 removed, symbols: 119634 processed, 0 removed
[2020-12-15T09:21:45.214-0500][gc,phases      ] GC(7829) Phase 1: Mark live objects 24.523ms
[2020-12-15T09:21:45.214-0500][gc,phases,start] GC(7829) Phase 2: Prepare for compaction
[2020-12-15T09:21:45.219-0500][gc,phases      ] GC(7829) Phase 2: Prepare for compaction 4.907ms
[2020-12-15T09:21:45.219-0500][gc,phases,start] GC(7829) Phase 3: Adjust pointers
[2020-12-15T09:21:45.233-0500][gc,phases      ] GC(7829) Phase 3: Adjust pointers 14.314ms
[2020-12-15T09:21:45.233-0500][gc,phases,start] GC(7829) Phase 4: Compact heap
[2020-12-15T09:21:45.236-0500][gc,phases      ] GC(7829) Phase 4: Compact heap 3.236ms
[2020-12-15T09:21:45.243-0500][gc,heap        ] GC(7829) Eden regions: 2->0(9)
[2020-12-15T09:21:45.243-0500][gc,heap        ] GC(7829) Survivor regions: 1->0(2)
[2020-12-15T09:21:45.243-0500][gc,heap        ] GC(7829) Old regions: 41->41
[2020-12-15T09:21:45.243-0500][gc,heap        ] GC(7829) Humongous regions: 4->4
[2020-12-15T09:21:45.243-0500][gc,metaspace   ] GC(7829) Metaspace: 48735K->48735K(1093632K)
[2020-12-15T09:21:45.243-0500][gc,heap        ] GC(7829) Heap after GC invocations=7830 (full 1642): garbage-first heap   total 63488K, used 42554K [0x0000000083000000, 0x0000000100000000)
[2020-12-15T09:21:45.243-0500][gc,heap        ] GC(7829)   region size 1024K, 0 young (0K), 0 survivors (0K)
[2020-12-15T09:21:45.243-0500][gc,heap        ] GC(7829)  Metaspace       used 48735K, capacity 50558K, committed 52992K, reserved 1093632K
[2020-12-15T09:21:45.243-0500][gc,heap        ] GC(7829)   class space    used 7296K, capacity 7963K, committed 8704K, reserved 1048576K
[2020-12-15T09:21:45.243-0500][gc             ] GC(7829) Pause Full (System.gc()) 43M->41M(62M) 54.144ms
[2020-12-15T09:21:45.243-0500][gc,cpu         ] GC(7829) User=0.22s Sys=0.00s Real=0.05s
[2020-12-15T09:24:06.013-0500][gc,heap        ] GC(7830) Heap before GC invocations=7830 (full 1642): garbage-first heap   total 63488K, used 50746K [0x0000000083000000, 0x0000000100000000)
[2020-12-15T09:24:06.013-0500][gc,heap        ] GC(7830)   region size 1024K, 9 young (9216K), 0 survivors (0K)
[2020-12-15T09:24:06.013-0500][gc,heap        ] GC(7830)  Metaspace       used 48735K, capacity 50558K, committed 52992K, reserved 1093632K
[2020-12-15T09:24:06.013-0500][gc,heap        ] GC(7830)   class space    used 7296K, capacity 7963K, committed 8704K, reserved 1048576K
[2020-12-15T09:24:06.013-0500][gc,start       ] GC(7830) Pause Young (Normal) (G1 Evacuation Pause)
[2020-12-15T09:24:06.013-0500][gc,task        ] GC(7830) Using 8 workers of 8 for evacuation
[2020-12-15T09:24:06.025-0500][gc,phases      ] GC(7830)   Pre Evacuate Collection Set: 0.0ms
[2020-12-15T09:24:06.025-0500][gc,phases      ] GC(7830)   Evacuate Collection Set: 1.3ms
[2020-12-15T09:24:06.025-0500][gc,phases      ] GC(7830)   Post Evacuate Collection Set: 10.8ms
[2020-12-15T09:24:06.025-0500][gc,phases      ] GC(7830)   Other: 0.3ms
[2020-12-15T09:24:06.025-0500][gc,heap        ] GC(7830) Eden regions: 9->0(8)
[2020-12-15T09:24:06.025-0500][gc,heap        ] GC(7830) Survivor regions: 0->1(2)
[2020-12-15T09:24:06.025-0500][gc,heap        ] GC(7830) Old regions: 41->41
[2020-12-15T09:24:06.025-0500][gc,heap        ] GC(7830) Humongous regions: 4->4
[2020-12-15T09:24:06.025-0500][gc,metaspace   ] GC(7830) Metaspace: 48735K->48735K(1093632K)
[2020-12-15T09:24:06.025-0500][gc,heap        ] GC(7830) Heap after GC invocations=7831 (full 1642): garbage-first heap   total 63488K, used 42630K [0x0000000083000000, 0x0000000100000000)
[2020-12-15T09:24:06.025-0500][gc,heap        ] GC(7830)   region size 1024K, 1 young (1024K), 1 survivors (1024K)
[2020-12-15T09:24:06.025-0500][gc,heap        ] GC(7830)  Metaspace       used 48735K, capacity 50558K, committed 52992K, reserved 1093632K
[2020-12-15T09:24:06.025-0500][gc,heap        ] GC(7830)   class space    used 7296K, capacity 7963K, committed 8704K, reserved 1048576K
[2020-12-15T09:24:06.025-0500][gc             ] GC(7830) Pause Young (Normal) (G1 Evacuation Pause) 50M->41M(62M) 12.320ms
[2020-12-15T09:24:06.025-0500][gc,cpu         ] GC(7830) User=0.07s Sys=0.00s Real=0.01s
[2020-12-15T09:26:13.627-0500][gc,heap        ] GC(7831) Heap before GC invocations=7831 (full 1642): garbage-first heap   total 63488K, used 49798K [0x0000000083000000, 0x0000000100000000)
[2020-12-15T09:26:13.627-0500][gc,heap        ] GC(7831)   region size 1024K, 9 young (9216K), 1 survivors (1024K)
[2020-12-15T09:26:13.627-0500][gc,heap        ] GC(7831)  Metaspace       used 48735K, capacity 50558K, committed 52992K, reserved 1093632K
[2020-12-15T09:26:13.627-0500][gc,heap        ] GC(7831)   class space    used 7296K, capacity 7963K, committed 8704K, reserved 1048576K
[2020-12-15T09:26:13.627-0500][gc,start       ] GC(7831) Pause Young (Normal) (G1 Evacuation Pause)
[2020-12-15T09:26:13.627-0500][gc,task        ] GC(7831) Using 8 workers of 8 for evacuation
[2020-12-15T09:26:13.630-0500][gc,phases      ] GC(7831)   Pre Evacuate Collection Set: 0.0ms
[2020-12-15T09:26:13.630-0500][gc,phases      ] GC(7831)   Evacuate Collection Set: 0.6ms
[2020-12-15T09:26:13.630-0500][gc,phases      ] GC(7831)   Post Evacuate Collection Set: 1.8ms
[2020-12-15T09:26:13.630-0500][gc,phases      ] GC(7831)   Other: 0.2ms
[2020-12-15T09:26:13.630-0500][gc,heap        ] GC(7831) Eden regions: 8->0(8)
[2020-12-15T09:26:13.630-0500][gc,heap        ] GC(7831) Survivor regions: 1->1(2)
[2020-12-15T09:26:13.630-0500][gc,heap        ] GC(7831) Old regions: 41->41
[2020-12-15T09:26:13.630-0500][gc,heap        ] GC(7831) Humongous regions: 4->4
[2020-12-15T09:26:13.630-0500][gc,metaspace   ] GC(7831) Metaspace: 48735K->48735K(1093632K)
[2020-12-15T09:26:13.630-0500][gc,heap        ] GC(7831) Heap after GC invocations=7832 (full 1642): garbage-first heap   total 63488K, used 42612K [0x0000000083000000, 0x0000000100000000)
[2020-12-15T09:26:13.630-0500][gc,heap        ] GC(7831)   region size 1024K, 1 young (1024K), 1 survivors (1024K)
[2020-12-15T09:26:13.630-0500][gc,heap        ] GC(7831)  Metaspace       used 48735K, capacity 50558K, committed 52992K, reserved 1093632K
[2020-12-15T09:26:13.630-0500][gc,heap        ] GC(7831)   class space    used 7296K, capacity 7963K, committed 8704K, reserved 1048576K
[2020-12-15T09:26:13.630-0500][gc             ] GC(7831) Pause Young (Normal) (G1 Evacuation Pause) 49M->41M(62M) 2.690ms
[2020-12-15T09:26:13.630-0500][gc,cpu         ] GC(7831) User=0.01s Sys=0.00s Real=0.01s
[2020-12-15T09:26:45.190-0500][gc,task        ] GC(7832) Using 5 workers of 8 for full compaction
[2020-12-15T09:26:45.190-0500][gc,start       ] GC(7832) Pause Full (System.gc())
[2020-12-15T09:26:45.190-0500][gc,heap        ] GC(7832) Heap before GC invocations=7832 (full 1642): garbage-first heap   total 63488K, used 43636K [0x0000000083000000, 0x0000000100000000)
[2020-12-15T09:26:45.190-0500][gc,heap        ] GC(7832)   region size 1024K, 3 young (3072K), 1 survivors (1024K)
[2020-12-15T09:26:45.190-0500][gc,heap        ] GC(7832)  Metaspace       used 48735K, capacity 50558K, committed 52992K, reserved 1093632K
[2020-12-15T09:26:45.190-0500][gc,heap        ] GC(7832)   class space    used 7296K, capacity 7963K, committed 8704K, reserved 1048576K
[2020-12-15T09:26:45.190-0500][gc,phases,start] GC(7832) Phase 1: Mark live objects
[2020-12-15T09:26:45.212-0500][gc,stringtable ] GC(7832) Cleaned string and symbol table, strings: 31807 processed, 0 removed, symbols: 119634 processed, 0 removed
[2020-12-15T09:26:45.212-0500][gc,phases      ] GC(7832) Phase 1: Mark live objects 21.947ms
[2020-12-15T09:26:45.212-0500][gc,phases,start] GC(7832) Phase 2: Prepare for compaction
[2020-12-15T09:26:45.216-0500][gc,phases      ] GC(7832) Phase 2: Prepare for compaction 3.805ms
[2020-12-15T09:26:45.216-0500][gc,phases,start] GC(7832) Phase 3: Adjust pointers
[2020-12-15T09:26:45.228-0500][gc,phases      ] GC(7832) Phase 3: Adjust pointers 11.861ms
[2020-12-15T09:26:45.228-0500][gc,phases,start] GC(7832) Phase 4: Compact heap
[2020-12-15T09:26:45.230-0500][gc,phases      ] GC(7832) Phase 4: Compact heap 2.476ms
[2020-12-15T09:26:45.236-0500][gc,heap        ] GC(7832) Eden regions: 2->0(10)
[2020-12-15T09:26:45.236-0500][gc,heap        ] GC(7832) Survivor regions: 1->0(2)
[2020-12-15T09:26:45.236-0500][gc,heap        ] GC(7832) Old regions: 41->40
[2020-12-15T09:26:45.236-0500][gc,heap        ] GC(7832) Humongous regions: 4->4
[2020-12-15T09:26:45.236-0500][gc,metaspace   ] GC(7832) Metaspace: 48735K->48735K(1093632K)
[2020-12-15T09:26:45.236-0500][gc,heap        ] GC(7832) Heap after GC invocations=7833 (full 1643): garbage-first heap   total 63488K, used 42552K [0x0000000083000000, 0x0000000100000000)
[2020-12-15T09:26:45.236-0500][gc,heap        ] GC(7832)   region size 1024K, 0 young (0K), 0 survivors (0K)
[2020-12-15T09:26:45.236-0500][gc,heap        ] GC(7832)  Metaspace       used 48735K, capacity 50558K, committed 52992K, reserved 1093632K
[2020-12-15T09:26:45.236-0500][gc,heap        ] GC(7832)   class space    used 7296K, capacity 7963K, committed 8704K, reserved 1048576K
[2020-12-15T09:26:45.236-0500][gc             ] GC(7832) Pause Full (System.gc()) 43M->41M(62M) 46.684ms
[2020-12-15T09:26:45.237-0500][gc,cpu         ] GC(7832) User=0.19s Sys=0.00s Real=0.04s
[2020-12-15T09:28:45.053-0500][gc,heap        ] GC(7833) Heap before GC invocations=7833 (full 1643): garbage-first heap   total 63488K, used 51768K [0x0000000083000000, 0x0000000100000000)
[2020-12-15T09:28:45.053-0500][gc,heap        ] GC(7833)   region size 1024K, 10 young (10240K), 0 survivors (0K)
[2020-12-15T09:28:45.053-0500][gc,heap        ] GC(7833)  Metaspace       used 48735K, capacity 50558K, committed 52992K, reserved 1093632K
[2020-12-15T09:28:45.053-0500][gc,heap        ] GC(7833)   class space    used 7296K, capacity 7963K, committed 8704K, reserved 1048576K
[2020-12-15T09:28:45.054-0500][gc,start       ] GC(7833) Pause Young (Normal) (G1 Evacuation Pause)
[2020-12-15T09:28:45.054-0500][gc,task        ] GC(7833) Using 8 workers of 8 for evacuation
[2020-12-15T09:28:45.056-0500][gc,phases      ] GC(7833)   Pre Evacuate Collection Set: 0.0ms
[2020-12-15T09:28:45.056-0500][gc,phases      ] GC(7833)   Evacuate Collection Set: 0.7ms
[2020-12-15T09:28:45.056-0500][gc,phases      ] GC(7833)   Post Evacuate Collection Set: 1.3ms
[2020-12-15T09:28:45.056-0500][gc,phases      ] GC(7833)   Other: 0.2ms
[2020-12-15T09:28:45.056-0500][gc,heap        ] GC(7833) Eden regions: 10->0(9)
[2020-12-15T09:28:45.056-0500][gc,heap        ] GC(7833) Survivor regions: 0->1(2)
[2020-12-15T09:28:45.056-0500][gc,heap        ] GC(7833) Old regions: 40->40
[2020-12-15T09:28:45.056-0500][gc,heap        ] GC(7833) Humongous regions: 4->4
[2020-12-15T09:28:45.056-0500][gc,metaspace   ] GC(7833) Metaspace: 48735K->48735K(1093632K)
[2020-12-15T09:28:45.056-0500][gc,heap        ] GC(7833) Heap after GC invocations=7834 (full 1643): garbage-first heap   total 63488K, used 42615K [0x0000000083000000, 0x0000000100000000)
[2020-12-15T09:28:45.056-0500][gc,heap        ] GC(7833)   region size 1024K, 1 young (1024K), 1 survivors (1024K)
[2020-12-15T09:28:45.056-0500][gc,heap        ] GC(7833)  Metaspace       used 48735K, capacity 50558K, committed 52992K, reserved 1093632K
[2020-12-15T09:28:45.056-0500][gc,heap        ] GC(7833)   class space    used 7296K, capacity 7963K, committed 8704K, reserved 1048576K
[2020-12-15T09:28:45.056-0500][gc             ] GC(7833) Pause Young (Normal) (G1 Evacuation Pause) 51M->41M(62M) 2.376ms
[2020-12-15T09:28:45.056-0500][gc,cpu         ] GC(7833) User=0.01s Sys=0.00s Real=0.00s
[2020-12-15T09:30:26.014-0500][gc,heap        ] GC(7834) Heap before GC invocations=7834 (full 1643): garbage-first heap   total 63488K, used 50807K [0x0000000083000000, 0x0000000100000000)
[2020-12-15T09:30:26.014-0500][gc,heap        ] GC(7834)   region size 1024K, 10 young (10240K), 1 survivors (1024K)
[2020-12-15T09:30:26.014-0500][gc,heap        ] GC(7834)  Metaspace       used 48736K, capacity 50558K, committed 52992K, reserved 1093632K
[2020-12-15T09:30:26.014-0500][gc,heap        ] GC(7834)   class space    used 7296K, capacity 7963K, committed 8704K, reserved 1048576K
[2020-12-15T09:30:26.014-0500][gc,start       ] GC(7834) Pause Young (Normal) (G1 Evacuation Pause)
[2020-12-15T09:30:26.014-0500][gc,task        ] GC(7834) Using 8 workers of 8 for evacuation
[2020-12-15T09:30:26.016-0500][gc,phases      ] GC(7834)   Pre Evacuate Collection Set: 0.0ms
[2020-12-15T09:30:26.016-0500][gc,phases      ] GC(7834)   Evacuate Collection Set: 0.8ms
[2020-12-15T09:30:26.016-0500][gc,phases      ] GC(7834)   Post Evacuate Collection Set: 1.2ms
[2020-12-15T09:30:26.016-0500][gc,phases      ] GC(7834)   Other: 0.2ms
[2020-12-15T09:30:26.016-0500][gc,heap        ] GC(7834) Eden regions: 9->0(9)
[2020-12-15T09:30:26.016-0500][gc,heap        ] GC(7834) Survivor regions: 1->1(2)
[2020-12-15T09:30:26.016-0500][gc,heap        ] GC(7834) Old regions: 40->40
[2020-12-15T09:30:26.016-0500][gc,heap        ] GC(7834) Humongous regions: 4->4
[2020-12-15T09:30:26.016-0500][gc,metaspace   ] GC(7834) Metaspace: 48736K->48736K(1093632K)
[2020-12-15T09:30:26.016-0500][gc,heap        ] GC(7834) Heap after GC invocations=7835 (full 1643): garbage-first heap   total 63488K, used 42618K [0x0000000083000000, 0x0000000100000000)
[2020-12-15T09:30:26.016-0500][gc,heap        ] GC(7834)   region size 1024K, 1 young (1024K), 1 survivors (1024K)
[2020-12-15T09:30:26.016-0500][gc,heap        ] GC(7834)  Metaspace       used 48736K, capacity 50558K, committed 52992K, reserved 1093632K
[2020-12-15T09:30:26.017-0500][gc,heap        ] GC(7834)   class space    used 7296K, capacity 7963K, committed 8704K, reserved 1048576K
[2020-12-15T09:30:26.017-0500][gc             ] GC(7834) Pause Young (Normal) (G1 Evacuation Pause) 50M->41M(62M) 2.298ms
[2020-12-15T09:30:26.017-0500][gc,cpu         ] GC(7834) User=0.00s Sys=0.00s Real=0.00s
[2020-12-15T09:31:45.190-0500][gc,task        ] GC(7835) Using 5 workers of 8 for full compaction
[2020-12-15T09:31:45.190-0500][gc,start       ] GC(7835) Pause Full (System.gc())
[2020-12-15T09:31:45.190-0500][gc,heap        ] GC(7835) Heap before GC invocations=7835 (full 1643): garbage-first heap   total 63488K, used 46714K [0x0000000083000000, 0x0000000100000000)
[2020-12-15T09:31:45.190-0500][gc,heap        ] GC(7835)   region size 1024K, 6 young (6144K), 1 survivors (1024K)
[2020-12-15T09:31:45.190-0500][gc,heap        ] GC(7835)  Metaspace       used 48736K, capacity 50558K, committed 52992K, reserved 1093632K
[2020-12-15T09:31:45.190-0500][gc,heap        ] GC(7835)   class space    used 7296K, capacity 7963K, committed 8704K, reserved 1048576K
[2020-12-15T09:31:45.190-0500][gc,phases,start] GC(7835) Phase 1: Mark live objects
[2020-12-15T09:31:45.214-0500][gc,stringtable ] GC(7835) Cleaned string and symbol table, strings: 31807 processed, 0 removed, symbols: 119634 processed, 0 removed
[2020-12-15T09:31:45.214-0500][gc,phases      ] GC(7835) Phase 1: Mark live objects 23.807ms
[2020-12-15T09:31:45.214-0500][gc,phases,start] GC(7835) Phase 2: Prepare for compaction
[2020-12-15T09:31:45.218-0500][gc,phases      ] GC(7835) Phase 2: Prepare for compaction 4.096ms
[2020-12-15T09:31:45.218-0500][gc,phases,start] GC(7835) Phase 3: Adjust pointers
[2020-12-15T09:31:45.230-0500][gc,phases      ] GC(7835) Phase 3: Adjust pointers 12.060ms
[2020-12-15T09:31:45.231-0500][gc,phases,start] GC(7835) Phase 4: Compact heap
[2020-12-15T09:31:45.234-0500][gc,phases      ] GC(7835) Phase 4: Compact heap 3.794ms
[2020-12-15T09:31:45.240-0500][gc,heap        ] GC(7835) Eden regions: 5->0(10)
[2020-12-15T09:31:45.240-0500][gc,heap        ] GC(7835) Survivor regions: 1->0(2)
[2020-12-15T09:31:45.240-0500][gc,heap        ] GC(7835) Old regions: 40->40
[2020-12-15T09:31:45.240-0500][gc,heap        ] GC(7835) Humongous regions: 4->4
[2020-12-15T09:31:45.240-0500][gc,metaspace   ] GC(7835) Metaspace: 48736K->48736K(1093632K)
[2020-12-15T09:31:45.240-0500][gc,heap        ] GC(7835) Heap after GC invocations=7836 (full 1644): garbage-first heap   total 63488K, used 42571K [0x0000000083000000, 0x0000000100000000)
[2020-12-15T09:31:45.240-0500][gc,heap        ] GC(7835)   region size 1024K, 0 young (0K), 0 survivors (0K)
[2020-12-15T09:31:45.240-0500][gc,heap        ] GC(7835)  Metaspace       used 48736K, capacity 50558K, committed 52992K, reserved 1093632K
[2020-12-15T09:31:45.240-0500][gc,heap        ] GC(7835)   class space    used 7296K, capacity 7963K, committed 8704K, reserved 1048576K
[2020-12-15T09:31:45.240-0500][gc             ] GC(7835) Pause Full (System.gc()) 46M->41M(62M) 50.366ms
[2020-12-15T09:31:45.241-0500][gc,cpu         ] GC(7835) User=0.21s Sys=0.00s Real=0.05s
[2020-12-15T09:33:34.551-0500][gc,heap        ] GC(7836) Heap before GC invocations=7836 (full 1644): garbage-first heap   total 63488K, used 51787K [0x0000000083000000, 0x0000000100000000)
[2020-12-15T09:33:34.551-0500][gc,heap        ] GC(7836)   region size 1024K, 10 young (10240K), 0 survivors (0K)
[2020-12-15T09:33:34.551-0500][gc,heap        ] GC(7836)  Metaspace       used 48910K, capacity 50767K, committed 52992K, reserved 1093632K
[2020-12-15T09:33:34.551-0500][gc,heap        ] GC(7836)   class space    used 7326K, capacity 7992K, committed 8704K, reserved 1048576K
[2020-12-15T09:33:34.551-0500][gc,start       ] GC(7836) Pause Young (Normal) (G1 Evacuation Pause)
[2020-12-15T09:33:34.551-0500][gc,task        ] GC(7836) Using 8 workers of 8 for evacuation
[2020-12-15T09:33:34.553-0500][gc,phases      ] GC(7836)   Pre Evacuate Collection Set: 0.0ms
[2020-12-15T09:33:34.553-0500][gc,phases      ] GC(7836)   Evacuate Collection Set: 1.1ms
[2020-12-15T09:33:34.553-0500][gc,phases      ] GC(7836)   Post Evacuate Collection Set: 1.0ms
[2020-12-15T09:33:34.553-0500][gc,phases      ] GC(7836)   Other: 0.3ms
[2020-12-15T09:33:34.553-0500][gc,heap        ] GC(7836) Eden regions: 10->0(9)
[2020-12-15T09:33:34.553-0500][gc,heap        ] GC(7836) Survivor regions: 0->1(2)
[2020-12-15T09:33:34.553-0500][gc,heap        ] GC(7836) Old regions: 40->40
[2020-12-15T09:33:34.553-0500][gc,heap        ] GC(7836) Humongous regions: 4->4
[2020-12-15T09:33:34.553-0500][gc,metaspace   ] GC(7836) Metaspace: 48910K->48910K(1093632K)
[2020-12-15T09:33:34.554-0500][gc,heap        ] GC(7836) Heap after GC invocations=7837 (full 1644): garbage-first heap   total 63488K, used 42907K [0x0000000083000000, 0x0000000100000000)
[2020-12-15T09:33:34.554-0500][gc,heap        ] GC(7836)   region size 1024K, 1 young (1024K), 1 survivors (1024K)
[2020-12-15T09:33:34.554-0500][gc,heap        ] GC(7836)  Metaspace       used 48910K, capacity 50767K, committed 52992K, reserved 1093632K
[2020-12-15T09:33:34.554-0500][gc,heap        ] GC(7836)   class space    used 7326K, capacity 7992K, committed 8704K, reserved 1048576K
[2020-12-15T09:33:34.554-0500][gc             ] GC(7836) Pause Young (Normal) (G1 Evacuation Pause) 51M->41M(62M) 2.340ms
[2020-12-15T09:33:34.554-0500][gc,cpu         ] GC(7836) User=0.01s Sys=0.00s Real=0.00s
[2020-12-15T09:33:34.646-0500][gc,heap        ] GC(7837) Heap before GC invocations=7837 (full 1644): garbage-first heap   total 63488K, used 51099K [0x0000000083000000, 0x0000000100000000)
[2020-12-15T09:33:34.646-0500][gc,heap        ] GC(7837)   region size 1024K, 10 young (10240K), 1 survivors (1024K)
[2020-12-15T09:33:34.646-0500][gc,heap        ] GC(7837)  Metaspace       used 48910K, capacity 50767K, committed 52992K, reserved 1093632K
[2020-12-15T09:33:34.646-0500][gc,heap        ] GC(7837)   class space    used 7326K, capacity 7992K, committed 8704K, reserved 1048576K
[2020-12-15T09:33:34.646-0500][gc,start       ] GC(7837) Pause Young (Normal) (G1 Evacuation Pause)
[2020-12-15T09:33:34.646-0500][gc,task        ] GC(7837) Using 8 workers of 8 for evacuation
[2020-12-15T09:33:34.648-0500][gc,phases      ] GC(7837)   Pre Evacuate Collection Set: 0.0ms
[2020-12-15T09:33:34.648-0500][gc,phases      ] GC(7837)   Evacuate Collection Set: 2.0ms
[2020-12-15T09:33:34.648-0500][gc,phases      ] GC(7837)   Post Evacuate Collection Set: 0.5ms
[2020-12-15T09:33:34.648-0500][gc,phases      ] GC(7837)   Other: 0.2ms
[2020-12-15T09:33:34.648-0500][gc,heap        ] GC(7837) Eden regions: 9->0(9)
[2020-12-15T09:33:34.648-0500][gc,heap        ] GC(7837) Survivor regions: 1->1(2)
[2020-12-15T09:33:34.648-0500][gc,heap        ] GC(7837) Old regions: 40->40
[2020-12-15T09:33:34.648-0500][gc,heap        ] GC(7837) Humongous regions: 4->4
[2020-12-15T09:33:34.648-0500][gc,metaspace   ] GC(7837) Metaspace: 48910K->48910K(1093632K)
[2020-12-15T09:33:34.648-0500][gc,heap        ] GC(7837) Heap after GC invocations=7838 (full 1644): garbage-first heap   total 63488K, used 43237K [0x0000000083000000, 0x0000000100000000)
[2020-12-15T09:33:34.648-0500][gc,heap        ] GC(7837)   region size 1024K, 1 young (1024K), 1 survivors (1024K)
[2020-12-15T09:33:34.648-0500][gc,heap        ] GC(7837)  Metaspace       used 48910K, capacity 50767K, committed 52992K, reserved 1093632K
[2020-12-15T09:33:34.648-0500][gc,heap        ] GC(7837)   class space    used 7326K, capacity 7992K, committed 8704K, reserved 1048576K
[2020-12-15T09:33:34.649-0500][gc             ] GC(7837) Pause Young (Normal) (G1 Evacuation Pause) 50M->42M(62M) 2.872ms
[2020-12-15T09:33:34.649-0500][gc,cpu         ] GC(7837) User=0.00s Sys=0.01s Real=0.01s
[2020-12-15T09:33:36.757-0500][gc,heap        ] GC(7838) Heap before GC invocations=7838 (full 1644): garbage-first heap   total 63488K, used 51429K [0x0000000083000000, 0x0000000100000000)
[2020-12-15T09:33:36.757-0500][gc,heap        ] GC(7838)   region size 1024K, 10 young (10240K), 1 survivors (1024K)
[2020-12-15T09:33:36.757-0500][gc,heap        ] GC(7838)  Metaspace       used 48920K, capacity 50779K, committed 52992K, reserved 1093632K
[2020-12-15T09:33:36.757-0500][gc,heap        ] GC(7838)   class space    used 7328K, capacity 7996K, committed 8704K, reserved 1048576K
[2020-12-15T09:33:36.757-0500][gc,start       ] GC(7838) Pause Young (Normal) (G1 Evacuation Pause)
[2020-12-15T09:33:36.757-0500][gc,task        ] GC(7838) Using 8 workers of 8 for evacuation
[2020-12-15T09:33:36.762-0500][gc,phases      ] GC(7838)   Pre Evacuate Collection Set: 0.0ms
[2020-12-15T09:33:36.762-0500][gc,phases      ] GC(7838)   Evacuate Collection Set: 1.9ms
[2020-12-15T09:33:36.762-0500][gc,phases      ] GC(7838)   Post Evacuate Collection Set: 2.6ms
[2020-12-15T09:33:36.762-0500][gc,phases      ] GC(7838)   Other: 0.2ms
[2020-12-15T09:33:36.762-0500][gc,heap        ] GC(7838) Eden regions: 9->0(8)
[2020-12-15T09:33:36.762-0500][gc,heap        ] GC(7838) Survivor regions: 1->1(2)
[2020-12-15T09:33:36.762-0500][gc,heap        ] GC(7838) Old regions: 40->40
[2020-12-15T09:33:36.762-0500][gc,heap        ] GC(7838) Humongous regions: 4->4
[2020-12-15T09:33:36.762-0500][gc,metaspace   ] GC(7838) Metaspace: 48920K->48920K(1093632K)
[2020-12-15T09:33:36.762-0500][gc,heap        ] GC(7838) Heap after GC invocations=7839 (full 1644): garbage-first heap   total 63488K, used 43582K [0x0000000083000000, 0x0000000100000000)
[2020-12-15T09:33:36.762-0500][gc,heap        ] GC(7838)   region size 1024K, 1 young (1024K), 1 survivors (1024K)
[2020-12-15T09:33:36.762-0500][gc,heap        ] GC(7838)  Metaspace       used 48920K, capacity 50779K, committed 52992K, reserved 1093632K
[2020-12-15T09:33:36.762-0500][gc,heap        ] GC(7838)   class space    used 7328K, capacity 7996K, committed 8704K, reserved 1048576K
[2020-12-15T09:33:36.762-0500][gc             ] GC(7838) Pause Young (Normal) (G1 Evacuation Pause) 51M->42M(62M) 4.766ms
[2020-12-15T09:33:36.762-0500][gc,cpu         ] GC(7838) User=0.01s Sys=0.00s Real=0.01s
[2020-12-15T09:33:36.783-0500][gc,heap        ] GC(7839) Heap before GC invocations=7839 (full 1644): garbage-first heap   total 63488K, used 50750K [0x0000000083000000, 0x0000000100000000)
[2020-12-15T09:33:36.783-0500][gc,heap        ] GC(7839)   region size 1024K, 9 young (9216K), 1 survivors (1024K)
[2020-12-15T09:33:36.783-0500][gc,heap        ] GC(7839)  Metaspace       used 48920K, capacity 50779K, committed 52992K, reserved 1093632K
[2020-12-15T09:33:36.783-0500][gc,heap        ] GC(7839)   class space    used 7328K, capacity 7996K, committed 8704K, reserved 1048576K
[2020-12-15T09:33:36.783-0500][gc,start       ] GC(7839) Pause Young (Normal) (G1 Evacuation Pause)
[2020-12-15T09:33:36.783-0500][gc,task        ] GC(7839) Using 8 workers of 8 for evacuation
[2020-12-15T09:33:36.788-0500][gc,phases      ] GC(7839)   Pre Evacuate Collection Set: 0.0ms
[2020-12-15T09:33:36.788-0500][gc,phases      ] GC(7839)   Evacuate Collection Set: 4.2ms
[2020-12-15T09:33:36.788-0500][gc,phases      ] GC(7839)   Post Evacuate Collection Set: 0.9ms
[2020-12-15T09:33:36.788-0500][gc,phases      ] GC(7839)   Other: 0.3ms
[2020-12-15T09:33:36.788-0500][gc,heap        ] GC(7839) Eden regions: 8->0(7)
[2020-12-15T09:33:36.788-0500][gc,heap        ] GC(7839) Survivor regions: 1->2(2)
[2020-12-15T09:33:36.788-0500][gc,heap        ] GC(7839) Old regions: 40->40
[2020-12-15T09:33:36.788-0500][gc,heap        ] GC(7839) Humongous regions: 4->4
[2020-12-15T09:33:36.788-0500][gc,metaspace   ] GC(7839) Metaspace: 48920K->48920K(1093632K)
[2020-12-15T09:33:36.788-0500][gc,heap        ] GC(7839) Heap after GC invocations=7840 (full 1644): garbage-first heap   total 63488K, used 44583K [0x0000000083000000, 0x0000000100000000)
[2020-12-15T09:33:36.788-0500][gc,heap        ] GC(7839)   region size 1024K, 2 young (2048K), 2 survivors (2048K)
[2020-12-15T09:33:36.788-0500][gc,heap        ] GC(7839)  Metaspace       used 48920K, capacity 50779K, committed 52992K, reserved 1093632K
[2020-12-15T09:33:36.788-0500][gc,heap        ] GC(7839)   class space    used 7328K, capacity 7996K, committed 8704K, reserved 1048576K
[2020-12-15T09:33:36.788-0500][gc             ] GC(7839) Pause Young (Normal) (G1 Evacuation Pause) 50M->43M(62M) 5.431ms
[2020-12-15T09:33:36.788-0500][gc,cpu         ] GC(7839) User=0.02s Sys=0.00s Real=0.01s
[2020-12-15T09:33:36.813-0500][gc,heap        ] GC(7840) Heap before GC invocations=7840 (full 1644): garbage-first heap   total 63488K, used 52775K [0x0000000083000000, 0x0000000100000000)
[2020-12-15T09:33:36.813-0500][gc,heap        ] GC(7840)   region size 1024K, 9 young (9216K), 2 survivors (2048K)
[2020-12-15T09:33:36.813-0500][gc,heap        ] GC(7840)  Metaspace       used 48920K, capacity 50779K, committed 52992K, reserved 1093632K
[2020-12-15T09:33:36.813-0500][gc,heap        ] GC(7840)   class space    used 7328K, capacity 7996K, committed 8704K, reserved 1048576K
[2020-12-15T09:33:36.813-0500][gc,start       ] GC(7840) Pause Young (Normal) (G1 Evacuation Pause)
[2020-12-15T09:33:36.813-0500][gc,task        ] GC(7840) Using 8 workers of 8 for evacuation
[2020-12-15T09:33:36.843-0500][gc,phases      ] GC(7840)   Pre Evacuate Collection Set: 0.0ms
[2020-12-15T09:33:36.844-0500][gc,phases      ] GC(7840)   Evacuate Collection Set: 28.6ms
[2020-12-15T09:33:36.844-0500][gc,phases      ] GC(7840)   Post Evacuate Collection Set: 1.3ms
[2020-12-15T09:33:36.844-0500][gc,phases      ] GC(7840)   Other: 0.3ms
[2020-12-15T09:33:36.844-0500][gc,heap        ] GC(7840) Eden regions: 7->0(5)
[2020-12-15T09:33:36.844-0500][gc,heap        ] GC(7840) Survivor regions: 2->2(2)
[2020-12-15T09:33:36.844-0500][gc,heap        ] GC(7840) Old regions: 40->42
[2020-12-15T09:33:36.844-0500][gc,heap        ] GC(7840) Humongous regions: 6->4
[2020-12-15T09:33:36.844-0500][gc,metaspace   ] GC(7840) Metaspace: 48920K->48920K(1093632K)
[2020-12-15T09:33:36.844-0500][gc,heap        ] GC(7840) Heap after GC invocations=7841 (full 1644): garbage-first heap   total 63488K, used 45042K [0x0000000083000000, 0x0000000100000000)
[2020-12-15T09:33:36.844-0500][gc,heap        ] GC(7840)   region size 1024K, 2 young (2048K), 2 survivors (2048K)
[2020-12-15T09:33:36.844-0500][gc,heap        ] GC(7840)  Metaspace       used 48920K, capacity 50779K, committed 52992K, reserved 1093632K
[2020-12-15T09:33:36.844-0500][gc,heap        ] GC(7840)   class space    used 7328K, capacity 7996K, committed 8704K, reserved 1048576K
[2020-12-15T09:33:36.844-0500][gc             ] GC(7840) Pause Young (Normal) (G1 Evacuation Pause) 52M->43M(62M) 30.351ms
[2020-12-15T09:33:36.844-0500][gc,cpu         ] GC(7840) User=0.18s Sys=0.00s Real=0.03s
[2020-12-15T09:33:37.887-0500][gc,heap        ] GC(7841) Heap before GC invocations=7841 (full 1644): garbage-first heap   total 63488K, used 49138K [0x0000000083000000, 0x0000000100000000)
[2020-12-15T09:33:37.887-0500][gc,heap        ] GC(7841)   region size 1024K, 7 young (7168K), 2 survivors (2048K)
[2020-12-15T09:33:37.887-0500][gc,heap        ] GC(7841)  Metaspace       used 48925K, capacity 50779K, committed 52992K, reserved 1093632K
[2020-12-15T09:33:37.887-0500][gc,heap        ] GC(7841)   class space    used 7328K, capacity 7996K, committed 8704K, reserved 1048576K
[2020-12-15T09:33:37.887-0500][gc,start       ] GC(7841) Pause Young (Normal) (G1 Evacuation Pause)
[2020-12-15T09:33:37.887-0500][gc,task        ] GC(7841) Using 8 workers of 8 for evacuation
[2020-12-15T09:33:37.932-0500][gc,phases      ] GC(7841)   Pre Evacuate Collection Set: 0.0ms
[2020-12-15T09:33:37.932-0500][gc,phases      ] GC(7841)   Evacuate Collection Set: 25.3ms
[2020-12-15T09:33:37.932-0500][gc,phases      ] GC(7841)   Post Evacuate Collection Set: 18.8ms
[2020-12-15T09:33:37.932-0500][gc,phases      ] GC(7841)   Other: 0.4ms
[2020-12-15T09:33:37.932-0500][gc,heap        ] GC(7841) Eden regions: 5->0(6)
[2020-12-15T09:33:37.932-0500][gc,heap        ] GC(7841) Survivor regions: 2->1(1)
[2020-12-15T09:33:37.932-0500][gc,heap        ] GC(7841) Old regions: 42->42
[2020-12-15T09:33:37.932-0500][gc,heap        ] GC(7841) Humongous regions: 4->4
[2020-12-15T09:33:37.932-0500][gc,metaspace   ] GC(7841) Metaspace: 48925K->48925K(1093632K)
[2020-12-15T09:33:37.932-0500][gc,heap        ] GC(7841) Heap after GC invocations=7842 (full 1644): garbage-first heap   total 63488K, used 44364K [0x0000000083000000, 0x0000000100000000)
[2020-12-15T09:33:37.932-0500][gc,heap        ] GC(7841)   region size 1024K, 1 young (1024K), 1 survivors (1024K)
[2020-12-15T09:33:37.932-0500][gc,heap        ] GC(7841)  Metaspace       used 48925K, capacity 50779K, committed 52992K, reserved 1093632K
[2020-12-15T09:33:37.932-0500][gc,heap        ] GC(7841)   class space    used 7328K, capacity 7996K, committed 8704K, reserved 1048576K
[2020-12-15T09:33:37.933-0500][gc             ] GC(7841) Pause Young (Normal) (G1 Evacuation Pause) 48M->43M(62M) 44.979ms
[2020-12-15T09:33:37.933-0500][gc,cpu         ] GC(7841) User=0.22s Sys=0.00s Real=0.05s
[2020-12-15T09:33:37.992-0500][gc,heap        ] GC(7842) Heap before GC invocations=7842 (full 1644): garbage-first heap   total 63488K, used 49484K [0x0000000083000000, 0x0000000100000000)
[2020-12-15T09:33:37.992-0500][gc,heap        ] GC(7842)   region size 1024K, 7 young (7168K), 1 survivors (1024K)
[2020-12-15T09:33:37.992-0500][gc,heap        ] GC(7842)  Metaspace       used 48927K, capacity 50779K, committed 52992K, reserved 1093632K
[2020-12-15T09:33:37.992-0500][gc,heap        ] GC(7842)   class space    used 7328K, capacity 7996K, committed 8704K, reserved 1048576K
[2020-12-15T09:33:37.992-0500][gc,start       ] GC(7842) Pause Young (Concurrent Start) (G1 Evacuation Pause)
[2020-12-15T09:33:37.992-0500][gc,task        ] GC(7842) Using 8 workers of 8 for evacuation
[2020-12-15T09:33:38.061-0500][gc,phases      ] GC(7842)   Pre Evacuate Collection Set: 0.2ms
[2020-12-15T09:33:38.061-0500][gc,phases      ] GC(7842)   Evacuate Collection Set: 38.8ms
[2020-12-15T09:33:38.061-0500][gc,phases      ] GC(7842)   Post Evacuate Collection Set: 26.9ms
[2020-12-15T09:33:38.061-0500][gc,phases      ] GC(7842)   Other: 2.9ms
[2020-12-15T09:33:38.061-0500][gc,heap        ] GC(7842) Eden regions: 6->0(6)
[2020-12-15T09:33:38.061-0500][gc,heap        ] GC(7842) Survivor regions: 1->1(1)
[2020-12-15T09:33:38.061-0500][gc,heap        ] GC(7842) Old regions: 42->42
[2020-12-15T09:33:38.061-0500][gc,heap        ] GC(7842) Humongous regions: 4->4
[2020-12-15T09:33:38.061-0500][gc,metaspace   ] GC(7842) Metaspace: 48927K->48927K(1093632K)
[2020-12-15T09:33:38.061-0500][gc,heap        ] GC(7842) Heap after GC invocations=7843 (full 1644): garbage-first heap   total 63488K, used 44152K [0x0000000083000000, 0x0000000100000000)
[2020-12-15T09:33:38.061-0500][gc,heap        ] GC(7842)   region size 1024K, 1 young (1024K), 1 survivors (1024K)
[2020-12-15T09:33:38.061-0500][gc,heap        ] GC(7842)  Metaspace       used 48927K, capacity 50779K, committed 52992K, reserved 1093632K
[2020-12-15T09:33:38.061-0500][gc,heap        ] GC(7842)   class space    used 7328K, capacity 7996K, committed 8704K, reserved 1048576K
[2020-12-15T09:33:38.061-0500][gc             ] GC(7842) Pause Young (Concurrent Start) (G1 Evacuation Pause) 49M->43M(62M) 68.898ms
[2020-12-15T09:33:38.061-0500][gc,cpu         ] GC(7842) User=0.45s Sys=0.00s Real=0.07s
[2020-12-15T09:33:38.063-0500][gc             ] GC(7843) Concurrent Cycle
[2020-12-15T09:33:38.063-0500][gc,marking     ] GC(7843) Concurrent Clear Claimed Marks
[2020-12-15T09:33:38.063-0500][gc,marking     ] GC(7843) Concurrent Clear Claimed Marks 0.385ms
[2020-12-15T09:33:38.063-0500][gc,marking     ] GC(7843) Concurrent Scan Root Regions
[2020-12-15T09:33:38.065-0500][gc,marking     ] GC(7843) Concurrent Scan Root Regions 1.906ms
[2020-12-15T09:33:38.065-0500][gc,marking     ] GC(7843) Concurrent Mark (493015.452s)
[2020-12-15T09:33:38.065-0500][gc,marking     ] GC(7843) Concurrent Mark From Roots
[2020-12-15T09:33:38.066-0500][gc,task        ] GC(7843) Using 2 workers of 2 for marking
[2020-12-15T09:33:38.150-0500][gc,marking     ] GC(7843) Concurrent Mark From Roots 84.362ms
[2020-12-15T09:33:38.150-0500][gc,marking     ] GC(7843) Concurrent Preclean
[2020-12-15T09:33:38.150-0500][gc,marking     ] GC(7843) Concurrent Preclean 0.320ms
[2020-12-15T09:33:38.150-0500][gc,marking     ] GC(7843) Concurrent Mark (493015.452s, 493015.537s) 84.884ms
[2020-12-15T09:33:38.151-0500][gc,start       ] GC(7843) Pause Remark
[2020-12-15T09:33:38.166-0500][gc,stringtable ] GC(7843) Cleaned string and symbol table, strings: 32445 processed, 1 removed, symbols: 120497 processed, 0 removed
[2020-12-15T09:33:38.166-0500][gc             ] GC(7843) Pause Remark 46M->45M(62M) 15.422ms
[2020-12-15T09:33:38.167-0500][gc,cpu         ] GC(7843) User=0.07s Sys=0.00s Real=0.01s
[2020-12-15T09:33:38.167-0500][gc,marking     ] GC(7843) Concurrent Rebuild Remembered Sets
[2020-12-15T09:33:38.211-0500][gc,marking     ] GC(7843) Concurrent Rebuild Remembered Sets 44.329ms
[2020-12-15T09:33:38.212-0500][gc,start       ] GC(7843) Pause Cleanup
[2020-12-15T09:33:38.212-0500][gc             ] GC(7843) Pause Cleanup 45M->45M(62M) 0.310ms
[2020-12-15T09:33:38.212-0500][gc,cpu         ] GC(7843) User=0.00s Sys=0.00s Real=0.00s
[2020-12-15T09:33:38.212-0500][gc,marking     ] GC(7843) Concurrent Cleanup for Next Mark
[2020-12-15T09:33:38.242-0500][gc,marking     ] GC(7843) Concurrent Cleanup for Next Mark 30.184ms
[2020-12-15T09:33:38.242-0500][gc             ] GC(7843) Concurrent Cycle 179.512ms
[2020-12-15T09:33:38.460-0500][gc,heap        ] GC(7844) Heap before GC invocations=7844 (full 1644): garbage-first heap   total 63488K, used 49892K [0x0000000083000000, 0x0000000100000000)
[2020-12-15T09:33:38.460-0500][gc,heap        ] GC(7844)   region size 1024K, 7 young (7168K), 1 survivors (1024K)
[2020-12-15T09:33:38.460-0500][gc,heap        ] GC(7844)  Metaspace       used 48929K, capacity 50781K, committed 52992K, reserved 1093632K
[2020-12-15T09:33:38.460-0500][gc,heap        ] GC(7844)   class space    used 7328K, capacity 7996K, committed 8704K, reserved 1048576K
[2020-12-15T09:33:38.460-0500][gc,start       ] GC(7844) Pause Young (Normal) (G1 Evacuation Pause)
[2020-12-15T09:33:38.460-0500][gc,task        ] GC(7844) Using 8 workers of 8 for evacuation
[2020-12-15T09:33:38.490-0500][gc,phases      ] GC(7844)   Pre Evacuate Collection Set: 0.0ms
[2020-12-15T09:33:38.490-0500][gc,phases      ] GC(7844)   Evacuate Collection Set: 15.9ms
[2020-12-15T09:33:38.490-0500][gc,phases      ] GC(7844)   Post Evacuate Collection Set: 13.6ms
[2020-12-15T09:33:38.490-0500][gc,phases      ] GC(7844)   Other: 0.4ms
[2020-12-15T09:33:38.490-0500][gc,heap        ] GC(7844) Eden regions: 6->0(7)
[2020-12-15T09:33:38.490-0500][gc,heap        ] GC(7844) Survivor regions: 1->1(1)
[2020-12-15T09:33:38.490-0500][gc,heap        ] GC(7844) Old regions: 41->41
[2020-12-15T09:33:38.490-0500][gc,heap        ] GC(7844) Humongous regions: 4->4
[2020-12-15T09:33:38.490-0500][gc,metaspace   ] GC(7844) Metaspace: 48929K->48929K(1093632K)
[2020-12-15T09:33:38.490-0500][gc,heap        ] GC(7844) Heap after GC invocations=7845 (full 1644): garbage-first heap   total 63488K, used 43707K [0x0000000083000000, 0x0000000100000000)
[2020-12-15T09:33:38.490-0500][gc,heap        ] GC(7844)   region size 1024K, 1 young (1024K), 1 survivors (1024K)
[2020-12-15T09:33:38.490-0500][gc,heap        ] GC(7844)  Metaspace       used 48929K, capacity 50781K, committed 52992K, reserved 1093632K
[2020-12-15T09:33:38.490-0500][gc,heap        ] GC(7844)   class space    used 7328K, capacity 7996K, committed 8704K, reserved 1048576K
[2020-12-15T09:33:38.490-0500][gc             ] GC(7844) Pause Young (Normal) (G1 Evacuation Pause) 48M->42M(62M) 30.092ms
[2020-12-15T09:33:38.490-0500][gc,cpu         ] GC(7844) User=0.17s Sys=0.00s Real=0.03s
[2020-12-15T09:33:38.638-0500][gc,heap        ] GC(7845) Heap before GC invocations=7845 (full 1644): garbage-first heap   total 63488K, used 49851K [0x0000000083000000, 0x0000000100000000)
[2020-12-15T09:33:38.638-0500][gc,heap        ] GC(7845)   region size 1024K, 8 young (8192K), 1 survivors (1024K)
[2020-12-15T09:33:38.638-0500][gc,heap        ] GC(7845)  Metaspace       used 48930K, capacity 50781K, committed 52992K, reserved 1093632K
[2020-12-15T09:33:38.638-0500][gc,heap        ] GC(7845)   class space    used 7328K, capacity 7996K, committed 8704K, reserved 1048576K
[2020-12-15T09:33:38.638-0500][gc,start       ] GC(7845) Pause Young (Concurrent Start) (G1 Evacuation Pause)
[2020-12-15T09:33:38.638-0500][gc,task        ] GC(7845) Using 8 workers of 8 for evacuation
[2020-12-15T09:33:38.699-0500][gc,phases      ] GC(7845)   Pre Evacuate Collection Set: 0.2ms
[2020-12-15T09:33:38.699-0500][gc,phases      ] GC(7845)   Evacuate Collection Set: 58.6ms
[2020-12-15T09:33:38.699-0500][gc,phases      ] GC(7845)   Post Evacuate Collection Set: 1.2ms
[2020-12-15T09:33:38.699-0500][gc,phases      ] GC(7845)   Other: 0.4ms
[2020-12-15T09:33:38.699-0500][gc,heap        ] GC(7845) Eden regions: 7->0(7)
[2020-12-15T09:33:38.699-0500][gc,heap        ] GC(7845) Survivor regions: 1->1(1)
[2020-12-15T09:33:38.699-0500][gc,heap        ] GC(7845) Old regions: 41->41
[2020-12-15T09:33:38.699-0500][gc,heap        ] GC(7845) Humongous regions: 4->4
[2020-12-15T09:33:38.699-0500][gc,metaspace   ] GC(7845) Metaspace: 48930K->48930K(1093632K)
[2020-12-15T09:33:38.699-0500][gc,heap        ] GC(7845) Heap after GC invocations=7846 (full 1644): garbage-first heap   total 63488K, used 43702K [0x0000000083000000, 0x0000000100000000)
[2020-12-15T09:33:38.699-0500][gc,heap        ] GC(7845)   region size 1024K, 1 young (1024K), 1 survivors (1024K)
[2020-12-15T09:33:38.699-0500][gc,heap        ] GC(7845)  Metaspace       used 48930K, capacity 50781K, committed 52992K, reserved 1093632K
[2020-12-15T09:33:38.699-0500][gc,heap        ] GC(7845)   class space    used 7328K, capacity 7996K, committed 8704K, reserved 1048576K
[2020-12-15T09:33:38.699-0500][gc             ] GC(7845) Pause Young (Concurrent Start) (G1 Evacuation Pause) 49M->42M(62M) 60.487ms
[2020-12-15T09:33:38.699-0500][gc,cpu         ] GC(7845) User=0.19s Sys=0.00s Real=0.06s
[2020-12-15T09:33:38.699-0500][gc             ] GC(7846) Concurrent Cycle
[2020-12-15T09:33:38.699-0500][gc,marking     ] GC(7846) Concurrent Clear Claimed Marks
[2020-12-15T09:33:38.699-0500][gc,marking     ] GC(7846) Concurrent Clear Claimed Marks 0.172ms
[2020-12-15T09:33:38.699-0500][gc,marking     ] GC(7846) Concurrent Scan Root Regions
[2020-12-15T09:33:38.700-0500][gc,marking     ] GC(7846) Concurrent Scan Root Regions 0.818ms
[2020-12-15T09:33:38.700-0500][gc,marking     ] GC(7846) Concurrent Mark (493016.087s)
[2020-12-15T09:33:38.700-0500][gc,marking     ] GC(7846) Concurrent Mark From Roots
[2020-12-15T09:33:38.700-0500][gc,task        ] GC(7846) Using 2 workers of 2 for marking
[2020-12-15T09:33:38.768-0500][gc,marking     ] GC(7846) Concurrent Mark From Roots 67.752ms
[2020-12-15T09:33:38.768-0500][gc,marking     ] GC(7846) Concurrent Preclean
[2020-12-15T09:33:38.768-0500][gc,marking     ] GC(7846) Concurrent Preclean 0.311ms
[2020-12-15T09:33:38.768-0500][gc,marking     ] GC(7846) Concurrent Mark (493016.087s, 493016.155s) 68.168ms
[2020-12-15T09:33:38.769-0500][gc,start       ] GC(7846) Pause Remark
[2020-12-15T09:33:38.793-0500][gc,stringtable ] GC(7846) Cleaned string and symbol table, strings: 32444 processed, 0 removed, symbols: 120497 processed, 0 removed
[2020-12-15T09:33:38.794-0500][gc             ] GC(7846) Pause Remark 46M->46M(62M) 24.504ms
[2020-12-15T09:33:38.794-0500][gc,cpu         ] GC(7846) User=0.16s Sys=0.00s Real=0.02s
[2020-12-15T09:33:38.794-0500][gc,marking     ] GC(7846) Concurrent Rebuild Remembered Sets
[2020-12-15T09:33:38.822-0500][gc,marking     ] GC(7846) Concurrent Rebuild Remembered Sets 28.187ms
[2020-12-15T09:33:38.823-0500][gc,start       ] GC(7846) Pause Cleanup
[2020-12-15T09:33:38.823-0500][gc             ] GC(7846) Pause Cleanup 49M->49M(62M) 0.202ms
[2020-12-15T09:33:38.823-0500][gc,cpu         ] GC(7846) User=0.00s Sys=0.00s Real=0.00s
[2020-12-15T09:33:38.823-0500][gc,marking     ] GC(7846) Concurrent Cleanup for Next Mark
[2020-12-15T09:33:38.825-0500][gc,heap        ] GC(7847) Heap before GC invocations=7847 (full 1644): garbage-first heap   total 63488K, used 50870K [0x0000000083000000, 0x0000000100000000)
[2020-12-15T09:33:38.825-0500][gc,heap        ] GC(7847)   region size 1024K, 8 young (8192K), 1 survivors (1024K)
[2020-12-15T09:33:38.825-0500][gc,heap        ] GC(7847)  Metaspace       used 48931K, capacity 50781K, committed 52992K, reserved 1093632K
[2020-12-15T09:33:38.825-0500][gc,heap        ] GC(7847)   class space    used 7328K, capacity 7996K, committed 8704K, reserved 1048576K
[2020-12-15T09:33:38.825-0500][gc,start       ] GC(7847) Pause Young (Normal) (G1 Evacuation Pause)
[2020-12-15T09:33:38.825-0500][gc,task        ] GC(7847) Using 8 workers of 8 for evacuation
[2020-12-15T09:33:38.833-0500][gc,phases      ] GC(7847)   Pre Evacuate Collection Set: 0.0ms
[2020-12-15T09:33:38.833-0500][gc,phases      ] GC(7847)   Evacuate Collection Set: 6.9ms
[2020-12-15T09:33:38.833-0500][gc,phases      ] GC(7847)   Post Evacuate Collection Set: 0.5ms
[2020-12-15T09:33:38.833-0500][gc,phases      ] GC(7847)   Other: 0.2ms
[2020-12-15T09:33:38.833-0500][gc,heap        ] GC(7847) Eden regions: 7->0(7)
[2020-12-15T09:33:38.833-0500][gc,heap        ] GC(7847) Survivor regions: 1->1(1)
[2020-12-15T09:33:38.833-0500][gc,heap        ] GC(7847) Old regions: 41->41
[2020-12-15T09:33:38.833-0500][gc,heap        ] GC(7847) Humongous regions: 4->4
[2020-12-15T09:33:38.833-0500][gc,metaspace   ] GC(7847) Metaspace: 48931K->48931K(1093632K)
[2020-12-15T09:33:38.833-0500][gc,heap        ] GC(7847) Heap after GC invocations=7848 (full 1644): garbage-first heap   total 63488K, used 43913K [0x0000000083000000, 0x0000000100000000)
[2020-12-15T09:33:38.833-0500][gc,heap        ] GC(7847)   region size 1024K, 1 young (1024K), 1 survivors (1024K)
[2020-12-15T09:33:38.833-0500][gc,heap        ] GC(7847)  Metaspace       used 48931K, capacity 50781K, committed 52992K, reserved 1093632K
[2020-12-15T09:33:38.833-0500][gc,heap        ] GC(7847)   class space    used 7328K, capacity 7996K, committed 8704K, reserved 1048576K
[2020-12-15T09:33:38.833-0500][gc             ] GC(7847) Pause Young (Normal) (G1 Evacuation Pause) 49M->42M(62M) 7.769ms
[2020-12-15T09:33:38.833-0500][gc,cpu         ] GC(7847) User=0.05s Sys=0.00s Real=0.01s
[2020-12-15T09:33:38.836-0500][gc,marking     ] GC(7846) Concurrent Cleanup for Next Mark 13.585ms
[2020-12-15T09:33:38.837-0500][gc             ] GC(7846) Concurrent Cycle 137.646ms
[2020-12-15T09:33:40.471-0500][gc,heap        ] GC(7848) Heap before GC invocations=7848 (full 1644): garbage-first heap   total 63488K, used 50057K [0x0000000083000000, 0x0000000100000000)
[2020-12-15T09:33:40.471-0500][gc,heap        ] GC(7848)   region size 1024K, 8 young (8192K), 1 survivors (1024K)
[2020-12-15T09:33:40.471-0500][gc,heap        ] GC(7848)  Metaspace       used 49142K, capacity 51075K, committed 52992K, reserved 1093632K
[2020-12-15T09:33:40.471-0500][gc,heap        ] GC(7848)   class space    used 7378K, capacity 8093K, committed 8704K, reserved 1048576K
[2020-12-15T09:33:40.471-0500][gc,start       ] GC(7848) Pause Young (Normal) (G1 Evacuation Pause)
[2020-12-15T09:33:40.471-0500][gc,task        ] GC(7848) Using 8 workers of 8 for evacuation
[2020-12-15T09:33:40.527-0500][gc,phases      ] GC(7848)   Pre Evacuate Collection Set: 0.0ms
[2020-12-15T09:33:40.527-0500][gc,phases      ] GC(7848)   Evacuate Collection Set: 1.3ms
[2020-12-15T09:33:40.527-0500][gc,phases      ] GC(7848)   Post Evacuate Collection Set: 54.5ms
[2020-12-15T09:33:40.528-0500][gc,phases      ] GC(7848)   Other: 0.4ms
[2020-12-15T09:33:40.528-0500][gc,heap        ] GC(7848) Eden regions: 7->0(7)
[2020-12-15T09:33:40.528-0500][gc,heap        ] GC(7848) Survivor regions: 1->1(1)
[2020-12-15T09:33:40.528-0500][gc,heap        ] GC(7848) Old regions: 41->41
[2020-12-15T09:33:40.528-0500][gc,heap        ] GC(7848) Humongous regions: 4->4
[2020-12-15T09:33:40.528-0500][gc,metaspace   ] GC(7848) Metaspace: 49142K->49142K(1093632K)
[2020-12-15T09:33:40.528-0500][gc,heap        ] GC(7848) Heap after GC invocations=7849 (full 1644): garbage-first heap   total 63488K, used 43978K [0x0000000083000000, 0x0000000100000000)
[2020-12-15T09:33:40.528-0500][gc,heap        ] GC(7848)   region size 1024K, 1 young (1024K), 1 survivors (1024K)
[2020-12-15T09:33:40.528-0500][gc,heap        ] GC(7848)  Metaspace       used 49142K, capacity 51075K, committed 52992K, reserved 1093632K
[2020-12-15T09:33:40.528-0500][gc,heap        ] GC(7848)   class space    used 7378K, capacity 8093K, committed 8704K, reserved 1048576K
[2020-12-15T09:33:40.528-0500][gc             ] GC(7848) Pause Young (Normal) (G1 Evacuation Pause) 49M->42M(62M) 56.488ms
[2020-12-15T09:33:40.528-0500][gc,cpu         ] GC(7848) User=0.31s Sys=0.00s Real=0.06s
[2020-12-15T09:33:46.249-0500][gc,heap        ] GC(7849) Heap before GC invocations=7849 (full 1644): garbage-first heap   total 63488K, used 50122K [0x0000000083000000, 0x0000000100000000)
[2020-12-15T09:33:46.249-0500][gc,heap        ] GC(7849)   region size 1024K, 8 young (8192K), 1 survivors (1024K)
[2020-12-15T09:33:46.249-0500][gc,heap        ] GC(7849)  Metaspace       used 49158K, capacity 51139K, committed 52992K, reserved 1093632K
[2020-12-15T09:33:46.249-0500][gc,heap        ] GC(7849)   class space    used 7378K, capacity 8093K, committed 8704K, reserved 1048576K
[2020-12-15T09:33:46.249-0500][gc,start       ] GC(7849) Pause Young (Concurrent Start) (G1 Evacuation Pause)
[2020-12-15T09:33:46.249-0500][gc,task        ] GC(7849) Using 8 workers of 8 for evacuation
[2020-12-15T09:33:46.277-0500][gc,phases      ] GC(7849)   Pre Evacuate Collection Set: 0.2ms
[2020-12-15T09:33:46.277-0500][gc,phases      ] GC(7849)   Evacuate Collection Set: 25.8ms
[2020-12-15T09:33:46.277-0500][gc,phases      ] GC(7849)   Post Evacuate Collection Set: 2.0ms
[2020-12-15T09:33:46.277-0500][gc,phases      ] GC(7849)   Other: 0.4ms
[2020-12-15T09:33:46.277-0500][gc,heap        ] GC(7849) Eden regions: 7->0(7)
[2020-12-15T09:33:46.277-0500][gc,heap        ] GC(7849) Survivor regions: 1->1(1)
[2020-12-15T09:33:46.277-0500][gc,heap        ] GC(7849) Old regions: 41->41
[2020-12-15T09:33:46.277-0500][gc,heap        ] GC(7849) Humongous regions: 4->4
[2020-12-15T09:33:46.277-0500][gc,metaspace   ] GC(7849) Metaspace: 49158K->49158K(1093632K)
[2020-12-15T09:33:46.277-0500][gc,heap        ] GC(7849) Heap after GC invocations=7850 (full 1644): garbage-first heap   total 63488K, used 43960K [0x0000000083000000, 0x0000000100000000)
[2020-12-15T09:33:46.277-0500][gc,heap        ] GC(7849)   region size 1024K, 1 young (1024K), 1 survivors (1024K)
[2020-12-15T09:33:46.277-0500][gc,heap        ] GC(7849)  Metaspace       used 49158K, capacity 51139K, committed 52992K, reserved 1093632K
[2020-12-15T09:33:46.277-0500][gc,heap        ] GC(7849)   class space    used 7378K, capacity 8093K, committed 8704K, reserved 1048576K
[2020-12-15T09:33:46.277-0500][gc             ] GC(7849) Pause Young (Concurrent Start) (G1 Evacuation Pause) 49M->42M(62M) 28.269ms
[2020-12-15T09:33:46.277-0500][gc,cpu         ] GC(7849) User=0.15s Sys=0.00s Real=0.02s
[2020-12-15T09:33:46.277-0500][gc             ] GC(7850) Concurrent Cycle
[2020-12-15T09:33:46.277-0500][gc,marking     ] GC(7850) Concurrent Clear Claimed Marks
[2020-12-15T09:33:46.278-0500][gc,marking     ] GC(7850) Concurrent Clear Claimed Marks 0.175ms
[2020-12-15T09:33:46.278-0500][gc,marking     ] GC(7850) Concurrent Scan Root Regions
[2020-12-15T09:33:46.279-0500][gc,marking     ] GC(7850) Concurrent Scan Root Regions 1.709ms
[2020-12-15T09:33:46.279-0500][gc,marking     ] GC(7850) Concurrent Mark (493023.666s)
[2020-12-15T09:33:46.279-0500][gc,marking     ] GC(7850) Concurrent Mark From Roots
[2020-12-15T09:33:46.279-0500][gc,task        ] GC(7850) Using 2 workers of 2 for marking
[2020-12-15T09:33:46.340-0500][gc,marking     ] GC(7850) Concurrent Mark From Roots 60.925ms
[2020-12-15T09:33:46.340-0500][gc,marking     ] GC(7850) Concurrent Preclean
[2020-12-15T09:33:46.341-0500][gc,marking     ] GC(7850) Concurrent Preclean 0.302ms
[2020-12-15T09:33:46.341-0500][gc,marking     ] GC(7850) Concurrent Mark (493023.666s, 493023.728s) 61.346ms
[2020-12-15T09:33:46.342-0500][gc,start       ] GC(7850) Pause Remark
[2020-12-15T09:33:46.363-0500][gc,stringtable ] GC(7850) Cleaned string and symbol table, strings: 32503 processed, 0 removed, symbols: 120504 processed, 0 removed
[2020-12-15T09:33:46.364-0500][gc             ] GC(7850) Pause Remark 43M->43M(62M) 22.295ms
[2020-12-15T09:33:46.364-0500][gc,cpu         ] GC(7850) User=0.12s Sys=0.00s Real=0.02s
[2020-12-15T09:33:46.364-0500][gc,marking     ] GC(7850) Concurrent Rebuild Remembered Sets
[2020-12-15T09:33:46.405-0500][gc,marking     ] GC(7850) Concurrent Rebuild Remembered Sets 40.540ms
[2020-12-15T09:33:46.405-0500][gc,start       ] GC(7850) Pause Cleanup
[2020-12-15T09:33:46.407-0500][gc             ] GC(7850) Pause Cleanup 43M->43M(62M) 1.609ms
[2020-12-15T09:33:46.407-0500][gc,cpu         ] GC(7850) User=0.00s Sys=0.00s Real=0.00s
[2020-12-15T09:33:46.407-0500][gc,marking     ] GC(7850) Concurrent Cleanup for Next Mark
[2020-12-15T09:33:46.414-0500][gc,marking     ] GC(7850) Concurrent Cleanup for Next Mark 3.498ms
[2020-12-15T09:33:46.415-0500][gc             ] GC(7850) Concurrent Cycle 137.315ms
[2020-12-15T09:33:47.773-0500][gc,heap        ] GC(7851) Heap before GC invocations=7851 (full 1644): garbage-first heap   total 63488K, used 51128K [0x0000000083000000, 0x0000000100000000)
[2020-12-15T09:33:47.773-0500][gc,heap        ] GC(7851)   region size 1024K, 8 young (8192K), 1 survivors (1024K)
[2020-12-15T09:33:47.773-0500][gc,heap        ] GC(7851)  Metaspace       used 49221K, capacity 51234K, committed 52992K, reserved 1093632K
[2020-12-15T09:33:47.773-0500][gc,heap        ] GC(7851)   class space    used 7395K, capacity 8126K, committed 8704K, reserved 1048576K
[2020-12-15T09:33:47.773-0500][gc,start       ] GC(7851) Pause Young (Normal) (G1 Evacuation Pause)
[2020-12-15T09:33:47.773-0500][gc,task        ] GC(7851) Using 8 workers of 8 for evacuation
[2020-12-15T09:33:47.779-0500][gc,phases      ] GC(7851)   Pre Evacuate Collection Set: 0.0ms
[2020-12-15T09:33:47.779-0500][gc,phases      ] GC(7851)   Evacuate Collection Set: 4.0ms
[2020-12-15T09:33:47.779-0500][gc,phases      ] GC(7851)   Post Evacuate Collection Set: 1.2ms
[2020-12-15T09:33:47.779-0500][gc,phases      ] GC(7851)   Other: 0.2ms
[2020-12-15T09:33:47.779-0500][gc,heap        ] GC(7851) Eden regions: 7->0(7)
[2020-12-15T09:33:47.779-0500][gc,heap        ] GC(7851) Survivor regions: 1->1(1)
[2020-12-15T09:33:47.779-0500][gc,heap        ] GC(7851) Old regions: 41->41
[2020-12-15T09:33:47.779-0500][gc,heap        ] GC(7851) Humongous regions: 4->4
[2020-12-15T09:33:47.779-0500][gc,metaspace   ] GC(7851) Metaspace: 49221K->49221K(1093632K)
[2020-12-15T09:33:47.779-0500][gc,heap        ] GC(7851) Heap after GC invocations=7852 (full 1644): garbage-first heap   total 63488K, used 43999K [0x0000000083000000, 0x0000000100000000)
[2020-12-15T09:33:47.779-0500][gc,heap        ] GC(7851)   region size 1024K, 1 young (1024K), 1 survivors (1024K)
[2020-12-15T09:33:47.779-0500][gc,heap        ] GC(7851)  Metaspace       used 49221K, capacity 51234K, committed 52992K, reserved 1093632K
[2020-12-15T09:33:47.779-0500][gc,heap        ] GC(7851)   class space    used 7395K, capacity 8126K, committed 8704K, reserved 1048576K
[2020-12-15T09:33:47.779-0500][gc             ] GC(7851) Pause Young (Normal) (G1 Evacuation Pause) 49M->42M(62M) 5.555ms
[2020-12-15T09:33:47.779-0500][gc,cpu         ] GC(7851) User=0.03s Sys=0.00s Real=0.01s
[2020-12-15T09:33:47.890-0500][gc,heap        ] GC(7852) Heap before GC invocations=7852 (full 1644): garbage-first heap   total 63488K, used 50143K [0x0000000083000000, 0x0000000100000000)
[2020-12-15T09:33:47.891-0500][gc,heap        ] GC(7852)   region size 1024K, 8 young (8192K), 1 survivors (1024K)
[2020-12-15T09:33:47.891-0500][gc,heap        ] GC(7852)  Metaspace       used 49221K, capacity 51234K, committed 52992K, reserved 1093632K
[2020-12-15T09:33:47.891-0500][gc,heap        ] GC(7852)   class space    used 7395K, capacity 8126K, committed 8704K, reserved 1048576K
[2020-12-15T09:33:47.891-0500][gc,start       ] GC(7852) Pause Young (Concurrent Start) (G1 Evacuation Pause)
[2020-12-15T09:33:47.891-0500][gc,task        ] GC(7852) Using 8 workers of 8 for evacuation
[2020-12-15T09:33:47.909-0500][gc,phases      ] GC(7852)   Pre Evacuate Collection Set: 0.2ms
[2020-12-15T09:33:47.909-0500][gc,phases      ] GC(7852)   Evacuate Collection Set: 4.0ms
[2020-12-15T09:33:47.909-0500][gc,phases      ] GC(7852)   Post Evacuate Collection Set: 14.1ms
[2020-12-15T09:33:47.909-0500][gc,phases      ] GC(7852)   Other: 0.2ms
[2020-12-15T09:33:47.909-0500][gc,heap        ] GC(7852) Eden regions: 7->0(7)
[2020-12-15T09:33:47.909-0500][gc,heap        ] GC(7852) Survivor regions: 1->1(1)
[2020-12-15T09:33:47.909-0500][gc,heap        ] GC(7852) Old regions: 41->41
[2020-12-15T09:33:47.909-0500][gc,heap        ] GC(7852) Humongous regions: 4->4
[2020-12-15T09:33:47.909-0500][gc,metaspace   ] GC(7852) Metaspace: 49221K->49221K(1093632K)
[2020-12-15T09:33:47.909-0500][gc,heap        ] GC(7852) Heap after GC invocations=7853 (full 1644): garbage-first heap   total 63488K, used 44006K [0x0000000083000000, 0x0000000100000000)
[2020-12-15T09:33:47.909-0500][gc,heap        ] GC(7852)   region size 1024K, 1 young (1024K), 1 survivors (1024K)
[2020-12-15T09:33:47.909-0500][gc,heap        ] GC(7852)  Metaspace       used 49221K, capacity 51234K, committed 52992K, reserved 1093632K
[2020-12-15T09:33:47.909-0500][gc,heap        ] GC(7852)   class space    used 7395K, capacity 8126K, committed 8704K, reserved 1048576K
[2020-12-15T09:33:47.909-0500][gc             ] GC(7852) Pause Young (Concurrent Start) (G1 Evacuation Pause) 49M->42M(62M) 18.685ms
[2020-12-15T09:33:47.909-0500][gc,cpu         ] GC(7852) User=0.10s Sys=0.00s Real=0.02s
[2020-12-15T09:33:47.909-0500][gc             ] GC(7853) Concurrent Cycle
[2020-12-15T09:33:47.909-0500][gc,marking     ] GC(7853) Concurrent Clear Claimed Marks
[2020-12-15T09:33:47.910-0500][gc,marking     ] GC(7853) Concurrent Clear Claimed Marks 0.209ms
[2020-12-15T09:33:47.910-0500][gc,marking     ] GC(7853) Concurrent Scan Root Regions
[2020-12-15T09:33:47.911-0500][gc,marking     ] GC(7853) Concurrent Scan Root Regions 1.690ms
[2020-12-15T09:33:47.911-0500][gc,marking     ] GC(7853) Concurrent Mark (493025.299s)
[2020-12-15T09:33:47.912-0500][gc,marking     ] GC(7853) Concurrent Mark From Roots
[2020-12-15T09:33:47.912-0500][gc,task        ] GC(7853) Using 2 workers of 2 for marking
[2020-12-15T09:33:47.964-0500][gc,marking     ] GC(7853) Concurrent Mark From Roots 52.508ms
[2020-12-15T09:33:47.964-0500][gc,marking     ] GC(7853) Concurrent Preclean
[2020-12-15T09:33:47.964-0500][gc,marking     ] GC(7853) Concurrent Preclean 0.218ms
[2020-12-15T09:33:47.964-0500][gc,marking     ] GC(7853) Concurrent Mark (493025.299s, 493025.351s) 52.833ms
[2020-12-15T09:33:47.965-0500][gc,start       ] GC(7853) Pause Remark
[2020-12-15T09:33:47.991-0500][gc,stringtable ] GC(7853) Cleaned string and symbol table, strings: 32511 processed, 0 removed, symbols: 120504 processed, 0 removed
[2020-12-15T09:33:47.991-0500][gc             ] GC(7853) Pause Remark 48M->48M(62M) 26.680ms
[2020-12-15T09:33:47.991-0500][gc,cpu         ] GC(7853) User=0.15s Sys=0.00s Real=0.03s
[2020-12-15T09:33:47.992-0500][gc,marking     ] GC(7853) Concurrent Rebuild Remembered Sets
[2020-12-15T09:33:48.022-0500][gc,marking     ] GC(7853) Concurrent Rebuild Remembered Sets 30.566ms
[2020-12-15T09:33:48.023-0500][gc,start       ] GC(7853) Pause Cleanup
[2020-12-15T09:33:48.023-0500][gc             ] GC(7853) Pause Cleanup 48M->48M(62M) 0.263ms
[2020-12-15T09:33:48.023-0500][gc,cpu         ] GC(7853) User=0.00s Sys=0.00s Real=0.00s
[2020-12-15T09:33:48.023-0500][gc,marking     ] GC(7853) Concurrent Cleanup for Next Mark
[2020-12-15T09:33:48.023-0500][gc,marking     ] GC(7853) Concurrent Cleanup for Next Mark 0.244ms
[2020-12-15T09:33:48.024-0500][gc             ] GC(7853) Concurrent Cycle 114.094ms
[2020-12-15T09:34:00.293-0500][gc,heap        ] GC(7854) Heap before GC invocations=7854 (full 1644): garbage-first heap   total 63488K, used 50150K [0x0000000083000000, 0x0000000100000000)
[2020-12-15T09:34:00.293-0500][gc,heap        ] GC(7854)   region size 1024K, 8 young (8192K), 1 survivors (1024K)
[2020-12-15T09:34:00.293-0500][gc,heap        ] GC(7854)  Metaspace       used 49226K, capacity 51234K, committed 52992K, reserved 1093632K
[2020-12-15T09:34:00.293-0500][gc,heap        ] GC(7854)   class space    used 7396K, capacity 8126K, committed 8704K, reserved 1048576K
[2020-12-15T09:34:00.293-0500][gc,start       ] GC(7854) Pause Young (Normal) (G1 Evacuation Pause)
[2020-12-15T09:34:00.293-0500][gc,task        ] GC(7854) Using 8 workers of 8 for evacuation
[2020-12-15T09:34:00.329-0500][gc,phases      ] GC(7854)   Pre Evacuate Collection Set: 0.0ms
[2020-12-15T09:34:00.329-0500][gc,phases      ] GC(7854)   Evacuate Collection Set: 32.2ms
[2020-12-15T09:34:00.329-0500][gc,phases      ] GC(7854)   Post Evacuate Collection Set: 3.3ms
[2020-12-15T09:34:00.329-0500][gc,phases      ] GC(7854)   Other: 0.3ms
[2020-12-15T09:34:00.329-0500][gc,heap        ] GC(7854) Eden regions: 7->0(7)
[2020-12-15T09:34:00.329-0500][gc,heap        ] GC(7854) Survivor regions: 1->1(1)
[2020-12-15T09:34:00.329-0500][gc,heap        ] GC(7854) Old regions: 41->41
[2020-12-15T09:34:00.329-0500][gc,heap        ] GC(7854) Humongous regions: 4->4
[2020-12-15T09:34:00.329-0500][gc,metaspace   ] GC(7854) Metaspace: 49226K->49226K(1093632K)
[2020-12-15T09:34:00.329-0500][gc,heap        ] GC(7854) Heap after GC invocations=7855 (full 1644): garbage-first heap   total 63488K, used 43990K [0x0000000083000000, 0x0000000100000000)
[2020-12-15T09:34:00.329-0500][gc,heap        ] GC(7854)   region size 1024K, 1 young (1024K), 1 survivors (1024K)
[2020-12-15T09:34:00.329-0500][gc,heap        ] GC(7854)  Metaspace       used 49226K, capacity 51234K, committed 52992K, reserved 1093632K
[2020-12-15T09:34:00.329-0500][gc,heap        ] GC(7854)   class space    used 7396K, capacity 8126K, committed 8704K, reserved 1048576K
[2020-12-15T09:34:00.329-0500][gc             ] GC(7854) Pause Young (Normal) (G1 Evacuation Pause) 49M->42M(62M) 35.834ms
[2020-12-15T09:34:00.329-0500][gc,cpu         ] GC(7854) User=0.24s Sys=0.00s Real=0.04s
[2020-12-15T09:34:12.594-0500][gc,heap        ] GC(7855) Heap before GC invocations=7855 (full 1644): garbage-first heap   total 63488K, used 50134K [0x0000000083000000, 0x0000000100000000)
[2020-12-15T09:34:12.595-0500][gc,heap        ] GC(7855)   region size 1024K, 8 young (8192K), 1 survivors (1024K)
[2020-12-15T09:34:12.595-0500][gc,heap        ] GC(7855)  Metaspace       used 49228K, capacity 51234K, committed 52992K, reserved 1093632K
[2020-12-15T09:34:12.595-0500][gc,heap        ] GC(7855)   class space    used 7396K, capacity 8126K, committed 8704K, reserved 1048576K
[2020-12-15T09:34:12.595-0500][gc,start       ] GC(7855) Pause Young (Concurrent Start) (G1 Evacuation Pause)
[2020-12-15T09:34:12.595-0500][gc,task        ] GC(7855) Using 8 workers of 8 for evacuation
[2020-12-15T09:34:12.600-0500][gc,phases      ] GC(7855)   Pre Evacuate Collection Set: 0.3ms
[2020-12-15T09:34:12.600-0500][gc,phases      ] GC(7855)   Evacuate Collection Set: 1.4ms
[2020-12-15T09:34:12.600-0500][gc,phases      ] GC(7855)   Post Evacuate Collection Set: 4.1ms
[2020-12-15T09:34:12.600-0500][gc,phases      ] GC(7855)   Other: 0.2ms
[2020-12-15T09:34:12.600-0500][gc,heap        ] GC(7855) Eden regions: 7->0(20)
[2020-12-15T09:34:12.600-0500][gc,heap        ] GC(7855) Survivor regions: 1->1(1)
[2020-12-15T09:34:12.601-0500][gc,heap        ] GC(7855) Old regions: 41->41
[2020-12-15T09:34:12.601-0500][gc,heap        ] GC(7855) Humongous regions: 4->4
[2020-12-15T09:34:12.601-0500][gc,metaspace   ] GC(7855) Metaspace: 49228K->49228K(1093632K)
[2020-12-15T09:34:12.601-0500][gc,heap        ] GC(7855) Heap after GC invocations=7856 (full 1644): garbage-first heap   total 87040K, used 44028K [0x0000000083000000, 0x0000000100000000)
[2020-12-15T09:34:12.601-0500][gc,heap        ] GC(7855)   region size 1024K, 1 young (1024K), 1 survivors (1024K)
[2020-12-15T09:34:12.601-0500][gc,heap        ] GC(7855)  Metaspace       used 49228K, capacity 51234K, committed 52992K, reserved 1093632K
[2020-12-15T09:34:12.601-0500][gc,heap        ] GC(7855)   class space    used 7396K, capacity 8126K, committed 8704K, reserved 1048576K
[2020-12-15T09:34:12.601-0500][gc             ] GC(7855) Pause Young (Concurrent Start) (G1 Evacuation Pause) 49M->42M(85M) 5.989ms
[2020-12-15T09:34:12.601-0500][gc,cpu         ] GC(7855) User=0.01s Sys=0.01s Real=0.01s
[2020-12-15T09:34:12.601-0500][gc             ] GC(7856) Concurrent Cycle
[2020-12-15T09:34:12.601-0500][gc,marking     ] GC(7856) Concurrent Clear Claimed Marks
[2020-12-15T09:34:12.601-0500][gc,marking     ] GC(7856) Concurrent Clear Claimed Marks 0.164ms
[2020-12-15T09:34:12.601-0500][gc,marking     ] GC(7856) Concurrent Scan Root Regions
[2020-12-15T09:34:12.602-0500][gc,marking     ] GC(7856) Concurrent Scan Root Regions 1.098ms
[2020-12-15T09:34:12.602-0500][gc,marking     ] GC(7856) Concurrent Mark (493049.989s)
[2020-12-15T09:34:12.602-0500][gc,marking     ] GC(7856) Concurrent Mark From Roots
[2020-12-15T09:34:12.602-0500][gc,task        ] GC(7856) Using 2 workers of 2 for marking
[2020-12-15T09:34:12.652-0500][gc,marking     ] GC(7856) Concurrent Mark From Roots 49.901ms
[2020-12-15T09:34:12.652-0500][gc,marking     ] GC(7856) Concurrent Preclean
[2020-12-15T09:34:12.652-0500][gc,marking     ] GC(7856) Concurrent Preclean 0.177ms
[2020-12-15T09:34:12.652-0500][gc,marking     ] GC(7856) Concurrent Mark (493049.989s, 493050.039s) 50.172ms
[2020-12-15T09:34:12.653-0500][gc,start       ] GC(7856) Pause Remark
[2020-12-15T09:34:12.671-0500][gc,stringtable ] GC(7856) Cleaned string and symbol table, strings: 32541 processed, 0 removed, symbols: 120531 processed, 0 removed
[2020-12-15T09:34:12.672-0500][gc             ] GC(7856) Pause Remark 46M->46M(85M) 18.820ms
[2020-12-15T09:34:12.672-0500][gc,cpu         ] GC(7856) User=0.10s Sys=0.00s Real=0.02s
[2020-12-15T09:34:12.672-0500][gc,marking     ] GC(7856) Concurrent Rebuild Remembered Sets
[2020-12-15T09:34:12.702-0500][gc,marking     ] GC(7856) Concurrent Rebuild Remembered Sets 29.563ms
[2020-12-15T09:34:12.702-0500][gc,start       ] GC(7856) Pause Cleanup
[2020-12-15T09:34:12.702-0500][gc             ] GC(7856) Pause Cleanup 46M->46M(85M) 0.307ms
[2020-12-15T09:34:12.702-0500][gc,cpu         ] GC(7856) User=0.01s Sys=0.00s Real=0.00s
[2020-12-15T09:34:12.703-0500][gc,marking     ] GC(7856) Concurrent Cleanup for Next Mark
[2020-12-15T09:34:12.703-0500][gc,marking     ] GC(7856) Concurrent Cleanup for Next Mark 0.672ms
[2020-12-15T09:34:12.703-0500][gc             ] GC(7856) Concurrent Cycle 102.493ms
[2020-12-15T09:34:14.757-0500][gc,heap        ] GC(7857) Heap before GC invocations=7857 (full 1644): garbage-first heap   total 87040K, used 63484K [0x0000000083000000, 0x0000000100000000)
[2020-12-15T09:34:14.757-0500][gc,heap        ] GC(7857)   region size 1024K, 21 young (21504K), 1 survivors (1024K)
[2020-12-15T09:34:14.757-0500][gc,heap        ] GC(7857)  Metaspace       used 49486K, capacity 51633K, committed 52992K, reserved 1093632K
[2020-12-15T09:34:14.757-0500][gc,heap        ] GC(7857)   class space    used 7452K, capacity 8230K, committed 8704K, reserved 1048576K
[2020-12-15T09:34:14.757-0500][gc,start       ] GC(7857) Pause Young (Normal) (G1 Evacuation Pause)
[2020-12-15T09:34:14.757-0500][gc,task        ] GC(7857) Using 8 workers of 8 for evacuation
[2020-12-15T09:34:14.817-0500][gc,phases      ] GC(7857)   Pre Evacuate Collection Set: 0.0ms
[2020-12-15T09:34:14.817-0500][gc,phases      ] GC(7857)   Evacuate Collection Set: 30.1ms
[2020-12-15T09:34:14.817-0500][gc,phases      ] GC(7857)   Post Evacuate Collection Set: 29.8ms
[2020-12-15T09:34:14.817-0500][gc,phases      ] GC(7857)   Other: 0.2ms
[2020-12-15T09:34:14.817-0500][gc,heap        ] GC(7857) Eden regions: 20->0(19)
[2020-12-15T09:34:14.817-0500][gc,heap        ] GC(7857) Survivor regions: 1->2(3)
[2020-12-15T09:34:14.817-0500][gc,heap        ] GC(7857) Old regions: 41->41
[2020-12-15T09:34:14.817-0500][gc,heap        ] GC(7857) Humongous regions: 4->4
[2020-12-15T09:34:14.817-0500][gc,metaspace   ] GC(7857) Metaspace: 49486K->49486K(1093632K)
[2020-12-15T09:34:14.817-0500][gc,heap        ] GC(7857) Heap after GC invocations=7858 (full 1644): garbage-first heap   total 87040K, used 45603K [0x0000000083000000, 0x0000000100000000)
[2020-12-15T09:34:14.817-0500][gc,heap        ] GC(7857)   region size 1024K, 2 young (2048K), 2 survivors (2048K)
[2020-12-15T09:34:14.817-0500][gc,heap        ] GC(7857)  Metaspace       used 49486K, capacity 51633K, committed 52992K, reserved 1093632K
[2020-12-15T09:34:14.817-0500][gc,heap        ] GC(7857)   class space    used 7452K, capacity 8230K, committed 8704K, reserved 1048576K
[2020-12-15T09:34:14.817-0500][gc             ] GC(7857) Pause Young (Normal) (G1 Evacuation Pause) 62M->44M(85M) 60.255ms
[2020-12-15T09:34:14.817-0500][gc,cpu         ] GC(7857) User=0.32s Sys=0.00s Real=0.06s
[2020-12-15T09:34:14.825-0500][gc,heap        ] GC(7858) Heap before GC invocations=7858 (full 1644): garbage-first heap   total 87040K, used 49699K [0x0000000083000000, 0x0000000100000000)
[2020-12-15T09:34:14.825-0500][gc,heap        ] GC(7858)   region size 1024K, 8 young (8192K), 2 survivors (2048K)
[2020-12-15T09:34:14.825-0500][gc,heap        ] GC(7858)  Metaspace       used 49486K, capacity 51633K, committed 52992K, reserved 1093632K
[2020-12-15T09:34:14.825-0500][gc,heap        ] GC(7858)   class space    used 7452K, capacity 8230K, committed 8704K, reserved 1048576K
[2020-12-15T09:34:14.825-0500][gc,start       ] GC(7858) Pause Young (Concurrent Start) (G1 Humongous Allocation)
[2020-12-15T09:34:14.825-0500][gc,task        ] GC(7858) Using 8 workers of 8 for evacuation
[2020-12-15T09:34:14.833-0500][gc,phases      ] GC(7858)   Pre Evacuate Collection Set: 0.2ms
[2020-12-15T09:34:14.833-0500][gc,phases      ] GC(7858)   Evacuate Collection Set: 7.0ms
[2020-12-15T09:34:14.833-0500][gc,phases      ] GC(7858)   Post Evacuate Collection Set: 0.6ms
[2020-12-15T09:34:14.833-0500][gc,phases      ] GC(7858)   Other: 0.3ms
[2020-12-15T09:34:14.833-0500][gc,heap        ] GC(7858) Eden regions: 6->0(19)
[2020-12-15T09:34:14.833-0500][gc,heap        ] GC(7858) Survivor regions: 2->1(3)
[2020-12-15T09:34:14.833-0500][gc,heap        ] GC(7858) Old regions: 41->43
[2020-12-15T09:34:14.833-0500][gc,heap        ] GC(7858) Humongous regions: 4->4
[2020-12-15T09:34:14.833-0500][gc,metaspace   ] GC(7858) Metaspace: 49486K->49486K(1093632K)
[2020-12-15T09:34:14.833-0500][gc,heap        ] GC(7858) Heap after GC invocations=7859 (full 1644): garbage-first heap   total 87040K, used 45942K [0x0000000083000000, 0x0000000100000000)
[2020-12-15T09:34:14.833-0500][gc,heap        ] GC(7858)   region size 1024K, 1 young (1024K), 1 survivors (1024K)
[2020-12-15T09:34:14.833-0500][gc,heap        ] GC(7858)  Metaspace       used 49486K, capacity 51633K, committed 52992K, reserved 1093632K
[2020-12-15T09:34:14.833-0500][gc,heap        ] GC(7858)   class space    used 7452K, capacity 8230K, committed 8704K, reserved 1048576K
[2020-12-15T09:34:14.833-0500][gc             ] GC(7858) Pause Young (Concurrent Start) (G1 Humongous Allocation) 49M->44M(85M) 8.177ms
[2020-12-15T09:34:14.833-0500][gc,cpu         ] GC(7858) User=0.04s Sys=0.00s Real=0.01s
[2020-12-15T09:34:14.833-0500][gc             ] GC(7859) Concurrent Cycle
[2020-12-15T09:34:14.833-0500][gc,marking     ] GC(7859) Concurrent Clear Claimed Marks
[2020-12-15T09:34:14.834-0500][gc,marking     ] GC(7859) Concurrent Clear Claimed Marks 0.221ms
[2020-12-15T09:34:14.834-0500][gc,marking     ] GC(7859) Concurrent Scan Root Regions
[2020-12-15T09:34:14.834-0500][gc,marking     ] GC(7859) Concurrent Scan Root Regions 0.494ms
[2020-12-15T09:34:14.834-0500][gc,marking     ] GC(7859) Concurrent Mark (493052.221s)
[2020-12-15T09:34:14.834-0500][gc,marking     ] GC(7859) Concurrent Mark From Roots
[2020-12-15T09:34:14.834-0500][gc,task        ] GC(7859) Using 2 workers of 2 for marking
[2020-12-15T09:34:14.935-0500][gc,marking     ] GC(7859) Concurrent Mark From Roots 100.994ms
[2020-12-15T09:34:14.935-0500][gc,marking     ] GC(7859) Concurrent Preclean
[2020-12-15T09:34:14.936-0500][gc,marking     ] GC(7859) Concurrent Preclean 0.295ms
[2020-12-15T09:34:14.936-0500][gc,marking     ] GC(7859) Concurrent Mark (493052.221s, 493052.323s) 101.405ms
[2020-12-15T09:34:14.936-0500][gc,start       ] GC(7859) Pause Remark
[2020-12-15T09:34:14.969-0500][gc,stringtable ] GC(7859) Cleaned string and symbol table, strings: 32633 processed, 0 removed, symbols: 120715 processed, 0 removed
[2020-12-15T09:34:14.969-0500][gc             ] GC(7859) Pause Remark 53M->53M(85M) 33.235ms
[2020-12-15T09:34:14.969-0500][gc,cpu         ] GC(7859) User=0.16s Sys=0.00s Real=0.04s
[2020-12-15T09:34:14.969-0500][gc,marking     ] GC(7859) Concurrent Rebuild Remembered Sets
[2020-12-15T09:34:15.005-0500][gc,marking     ] GC(7859) Concurrent Rebuild Remembered Sets 34.320ms
[2020-12-15T09:34:15.005-0500][gc,start       ] GC(7859) Pause Cleanup
[2020-12-15T09:34:15.005-0500][gc             ] GC(7859) Pause Cleanup 53M->53M(85M) 0.277ms
[2020-12-15T09:34:15.006-0500][gc,cpu         ] GC(7859) User=0.00s Sys=0.00s Real=0.00s
[2020-12-15T09:34:15.006-0500][gc,marking     ] GC(7859) Concurrent Cleanup for Next Mark
[2020-12-15T09:34:15.006-0500][gc,marking     ] GC(7859) Concurrent Cleanup for Next Mark 0.469ms
[2020-12-15T09:34:15.006-0500][gc             ] GC(7859) Concurrent Cycle 172.729ms
[2020-12-15T09:34:16.336-0500][gc,heap        ] GC(7860) Heap before GC invocations=7860 (full 1644): garbage-first heap   total 87040K, used 66422K [0x0000000083000000, 0x0000000100000000)
[2020-12-15T09:34:16.336-0500][gc,heap        ] GC(7860)   region size 1024K, 20 young (20480K), 1 survivors (1024K)
[2020-12-15T09:34:16.336-0500][gc,heap        ] GC(7860)  Metaspace       used 49491K, capacity 51633K, committed 52992K, reserved 1093632K
[2020-12-15T09:34:16.336-0500][gc,heap        ] GC(7860)   class space    used 7452K, capacity 8230K, committed 8704K, reserved 1048576K
[2020-12-15T09:34:16.336-0500][gc,start       ] GC(7860) Pause Young (Normal) (G1 Evacuation Pause)
[2020-12-15T09:34:16.336-0500][gc,task        ] GC(7860) Using 8 workers of 8 for evacuation
[2020-12-15T09:34:16.369-0500][gc,phases      ] GC(7860)   Pre Evacuate Collection Set: 0.0ms
[2020-12-15T09:34:16.369-0500][gc,phases      ] GC(7860)   Evacuate Collection Set: 31.8ms
[2020-12-15T09:34:16.369-0500][gc,phases      ] GC(7860)   Post Evacuate Collection Set: 1.3ms
[2020-12-15T09:34:16.369-0500][gc,phases      ] GC(7860)   Other: 0.3ms
[2020-12-15T09:34:16.369-0500][gc,heap        ] GC(7860) Eden regions: 19->0(18)
[2020-12-15T09:34:16.369-0500][gc,heap        ] GC(7860) Survivor regions: 1->2(3)
[2020-12-15T09:34:16.369-0500][gc,heap        ] GC(7860) Old regions: 43->43
[2020-12-15T09:34:16.369-0500][gc,heap        ] GC(7860) Humongous regions: 6->6
[2020-12-15T09:34:16.369-0500][gc,metaspace   ] GC(7860) Metaspace: 49491K->49491K(1093632K)
[2020-12-15T09:34:16.369-0500][gc,heap        ] GC(7860) Heap after GC invocations=7861 (full 1644): garbage-first heap   total 87040K, used 48446K [0x0000000083000000, 0x0000000100000000)
[2020-12-15T09:34:16.369-0500][gc,heap        ] GC(7860)   region size 1024K, 2 young (2048K), 2 survivors (2048K)
[2020-12-15T09:34:16.369-0500][gc,heap        ] GC(7860)  Metaspace       used 49491K, capacity 51633K, committed 52992K, reserved 1093632K
[2020-12-15T09:34:16.369-0500][gc,heap        ] GC(7860)   class space    used 7452K, capacity 8230K, committed 8704K, reserved 1048576K
[2020-12-15T09:34:16.369-0500][gc             ] GC(7860) Pause Young (Normal) (G1 Evacuation Pause) 65M->47M(85M) 33.488ms
[2020-12-15T09:34:16.369-0500][gc,cpu         ] GC(7860) User=0.19s Sys=0.00s Real=0.04s
[2020-12-15T09:35:26.011-0500][gc,heap        ] GC(7861) Heap before GC invocations=7861 (full 1644): garbage-first heap   total 87040K, used 65854K [0x0000000083000000, 0x0000000100000000)
[2020-12-15T09:35:26.011-0500][gc,heap        ] GC(7861)   region size 1024K, 20 young (20480K), 2 survivors (2048K)
[2020-12-15T09:35:26.011-0500][gc,heap        ] GC(7861)  Metaspace       used 49495K, capacity 51638K, committed 52992K, reserved 1093632K
[2020-12-15T09:35:26.011-0500][gc,heap        ] GC(7861)   class space    used 7452K, capacity 8230K, committed 8704K, reserved 1048576K
[2020-12-15T09:35:26.011-0500][gc,start       ] GC(7861) Pause Young (Concurrent Start) (G1 Evacuation Pause)
[2020-12-15T09:35:26.011-0500][gc,task        ] GC(7861) Using 8 workers of 8 for evacuation
[2020-12-15T09:35:26.051-0500][gc,phases      ] GC(7861)   Pre Evacuate Collection Set: 0.3ms
[2020-12-15T09:35:26.051-0500][gc,phases      ] GC(7861)   Evacuate Collection Set: 32.7ms
[2020-12-15T09:35:26.051-0500][gc,phases      ] GC(7861)   Post Evacuate Collection Set: 6.3ms
[2020-12-15T09:35:26.051-0500][gc,phases      ] GC(7861)   Other: 0.3ms
[2020-12-15T09:35:26.051-0500][gc,heap        ] GC(7861) Eden regions: 18->0(20)
[2020-12-15T09:35:26.051-0500][gc,heap        ] GC(7861) Survivor regions: 2->1(3)
[2020-12-15T09:35:26.051-0500][gc,heap        ] GC(7861) Old regions: 43->43
[2020-12-15T09:35:26.051-0500][gc,heap        ] GC(7861) Humongous regions: 6->6
[2020-12-15T09:35:26.051-0500][gc,metaspace   ] GC(7861) Metaspace: 49495K->49495K(1093632K)
[2020-12-15T09:35:26.051-0500][gc,heap        ] GC(7861) Heap after GC invocations=7862 (full 1644): garbage-first heap   total 87040K, used 48394K [0x0000000083000000, 0x0000000100000000)
[2020-12-15T09:35:26.051-0500][gc,heap        ] GC(7861)   region size 1024K, 1 young (1024K), 1 survivors (1024K)
[2020-12-15T09:35:26.051-0500][gc,heap        ] GC(7861)  Metaspace       used 49495K, capacity 51638K, committed 52992K, reserved 1093632K
[2020-12-15T09:35:26.051-0500][gc,heap        ] GC(7861)   class space    used 7452K, capacity 8230K, committed 8704K, reserved 1048576K
[2020-12-15T09:35:26.051-0500][gc             ] GC(7861) Pause Young (Concurrent Start) (G1 Evacuation Pause) 65M->47M(85M) 39.622ms
[2020-12-15T09:35:26.051-0500][gc,cpu         ] GC(7861) User=0.24s Sys=0.00s Real=0.04s
[2020-12-15T09:35:26.051-0500][gc             ] GC(7862) Concurrent Cycle
[2020-12-15T09:35:26.051-0500][gc,marking     ] GC(7862) Concurrent Clear Claimed Marks
[2020-12-15T09:35:26.051-0500][gc,marking     ] GC(7862) Concurrent Clear Claimed Marks 0.191ms
[2020-12-15T09:35:26.051-0500][gc,marking     ] GC(7862) Concurrent Scan Root Regions
[2020-12-15T09:35:26.052-0500][gc,marking     ] GC(7862) Concurrent Scan Root Regions 0.945ms
[2020-12-15T09:35:26.052-0500][gc,marking     ] GC(7862) Concurrent Mark (493123.439s)
[2020-12-15T09:35:26.052-0500][gc,marking     ] GC(7862) Concurrent Mark From Roots
[2020-12-15T09:35:26.052-0500][gc,task        ] GC(7862) Using 2 workers of 2 for marking
[2020-12-15T09:35:26.107-0500][gc,marking     ] GC(7862) Concurrent Mark From Roots 54.694ms
[2020-12-15T09:35:26.107-0500][gc,marking     ] GC(7862) Concurrent Preclean
[2020-12-15T09:35:26.107-0500][gc,marking     ] GC(7862) Concurrent Preclean 0.158ms
[2020-12-15T09:35:26.107-0500][gc,marking     ] GC(7862) Concurrent Mark (493123.439s, 493123.494s) 54.932ms
[2020-12-15T09:35:26.107-0500][gc,start       ] GC(7862) Pause Remark
[2020-12-15T09:35:26.118-0500][gc,stringtable ] GC(7862) Cleaned string and symbol table, strings: 32634 processed, 6 removed, symbols: 120715 processed, 0 removed
[2020-12-15T09:35:26.118-0500][gc             ] GC(7862) Pause Remark 47M->45M(85M) 10.666ms
[2020-12-15T09:35:26.118-0500][gc,cpu         ] GC(7862) User=0.06s Sys=0.00s Real=0.02s
[2020-12-15T09:35:26.118-0500][gc,marking     ] GC(7862) Concurrent Rebuild Remembered Sets
[2020-12-15T09:35:26.144-0500][gc,marking     ] GC(7862) Concurrent Rebuild Remembered Sets 26.005ms
[2020-12-15T09:35:26.145-0500][gc,start       ] GC(7862) Pause Cleanup
[2020-12-15T09:35:26.145-0500][gc             ] GC(7862) Pause Cleanup 45M->45M(85M) 0.208ms
[2020-12-15T09:35:26.145-0500][gc,cpu         ] GC(7862) User=0.00s Sys=0.00s Real=0.00s
[2020-12-15T09:35:26.145-0500][gc,marking     ] GC(7862) Concurrent Cleanup for Next Mark
[2020-12-15T09:35:26.145-0500][gc,marking     ] GC(7862) Concurrent Cleanup for Next Mark 0.219ms
[2020-12-15T09:35:26.145-0500][gc             ] GC(7862) Concurrent Cycle 94.309ms
[2020-12-15T09:36:45.191-0500][gc,task        ] GC(7863) Using 5 workers of 8 for full compaction
[2020-12-15T09:36:45.191-0500][gc,start       ] GC(7863) Pause Full (System.gc())
[2020-12-15T09:36:45.191-0500][gc,heap        ] GC(7863) Heap before GC invocations=7863 (full 1644): garbage-first heap   total 87040K, used 64778K [0x0000000083000000, 0x0000000100000000)
[2020-12-15T09:36:45.191-0500][gc,heap        ] GC(7863)   region size 1024K, 21 young (21504K), 1 survivors (1024K)
[2020-12-15T09:36:45.191-0500][gc,heap        ] GC(7863)  Metaspace       used 49793K, capacity 52101K, committed 53248K, reserved 1093632K
[2020-12-15T09:36:45.191-0500][gc,heap        ] GC(7863)   class space    used 7520K, capacity 8361K, committed 8704K, reserved 1048576K
[2020-12-15T09:36:45.192-0500][gc,phases,start] GC(7863) Phase 1: Mark live objects
[2020-12-15T09:36:45.216-0500][gc,stringtable ] GC(7863) Cleaned string and symbol table, strings: 32663 processed, 6 removed, symbols: 120741 processed, 0 removed
[2020-12-15T09:36:45.216-0500][gc,phases      ] GC(7863) Phase 1: Mark live objects 24.394ms
[2020-12-15T09:36:45.216-0500][gc,phases,start] GC(7863) Phase 2: Prepare for compaction
[2020-12-15T09:36:45.220-0500][gc,phases      ] GC(7863) Phase 2: Prepare for compaction 4.433ms
[2020-12-15T09:36:45.220-0500][gc,phases,start] GC(7863) Phase 3: Adjust pointers
[2020-12-15T09:36:45.233-0500][gc,phases      ] GC(7863) Phase 3: Adjust pointers 12.732ms
[2020-12-15T09:36:45.233-0500][gc,phases,start] GC(7863) Phase 4: Compact heap
[2020-12-15T09:36:45.246-0500][gc,phases      ] GC(7863) Phase 4: Compact heap 12.208ms
[2020-12-15T09:36:45.253-0500][gc,heap        ] GC(7863) Eden regions: 20->0(10)
[2020-12-15T09:36:45.253-0500][gc,heap        ] GC(7863) Survivor regions: 1->0(3)
[2020-12-15T09:36:45.253-0500][gc,heap        ] GC(7863) Old regions: 43->42
[2020-12-15T09:36:45.253-0500][gc,heap        ] GC(7863) Humongous regions: 4->4
[2020-12-15T09:36:45.253-0500][gc,metaspace   ] GC(7863) Metaspace: 49793K->49793K(1093632K)
[2020-12-15T09:36:45.253-0500][gc,heap        ] GC(7863) Heap after GC invocations=7864 (full 1645): garbage-first heap   total 67584K, used 43515K [0x0000000083000000, 0x0000000100000000)
[2020-12-15T09:36:45.253-0500][gc,heap        ] GC(7863)   region size 1024K, 0 young (0K), 0 survivors (0K)
[2020-12-15T09:36:45.253-0500][gc,heap        ] GC(7863)  Metaspace       used 49793K, capacity 52101K, committed 53248K, reserved 1093632K
[2020-12-15T09:36:45.253-0500][gc,heap        ] GC(7863)   class space    used 7520K, capacity 8361K, committed 8704K, reserved 1048576K
[2020-12-15T09:36:45.253-0500][gc             ] GC(7863) Pause Full (System.gc()) 65M->42M(66M) 61.866ms
[2020-12-15T09:36:45.253-0500][gc,cpu         ] GC(7863) User=0.24s Sys=0.00s Real=0.06s
[2020-12-15T09:37:34.258-0500][gc,heap        ] GC(7864) Heap before GC invocations=7864 (full 1645): garbage-first heap   total 67584K, used 52731K [0x0000000083000000, 0x0000000100000000)
[2020-12-15T09:37:34.258-0500][gc,heap        ] GC(7864)   region size 1024K, 10 young (10240K), 0 survivors (0K)
[2020-12-15T09:37:34.258-0500][gc,heap        ] GC(7864)  Metaspace       used 49793K, capacity 52101K, committed 53248K, reserved 1093632K
[2020-12-15T09:37:34.258-0500][gc,heap        ] GC(7864)   class space    used 7520K, capacity 8361K, committed 8704K, reserved 1048576K
[2020-12-15T09:37:34.258-0500][gc,start       ] GC(7864) Pause Young (Concurrent Start) (G1 Evacuation Pause)
[2020-12-15T09:37:34.258-0500][gc,task        ] GC(7864) Using 8 workers of 8 for evacuation
[2020-12-15T09:37:34.277-0500][gc,phases      ] GC(7864)   Pre Evacuate Collection Set: 1.3ms
[2020-12-15T09:37:34.277-0500][gc,phases      ] GC(7864)   Evacuate Collection Set: 13.8ms
[2020-12-15T09:37:34.277-0500][gc,phases      ] GC(7864)   Post Evacuate Collection Set: 3.3ms
[2020-12-15T09:37:34.277-0500][gc,phases      ] GC(7864)   Other: 0.9ms
[2020-12-15T09:37:34.277-0500][gc,heap        ] GC(7864) Eden regions: 10->0(10)
[2020-12-15T09:37:34.277-0500][gc,heap        ] GC(7864) Survivor regions: 0->1(2)
[2020-12-15T09:37:34.277-0500][gc,heap        ] GC(7864) Old regions: 42->42
[2020-12-15T09:37:34.277-0500][gc,heap        ] GC(7864) Humongous regions: 4->4
[2020-12-15T09:37:34.277-0500][gc,metaspace   ] GC(7864) Metaspace: 49793K->49793K(1093632K)
[2020-12-15T09:37:34.277-0500][gc,heap        ] GC(7864) Heap after GC invocations=7865 (full 1645): garbage-first heap   total 67584K, used 43753K [0x0000000083000000, 0x0000000100000000)
[2020-12-15T09:37:34.277-0500][gc,heap        ] GC(7864)   region size 1024K, 1 young (1024K), 1 survivors (1024K)
[2020-12-15T09:37:34.277-0500][gc,heap        ] GC(7864)  Metaspace       used 49793K, capacity 52101K, committed 53248K, reserved 1093632K
[2020-12-15T09:37:34.277-0500][gc,heap        ] GC(7864)   class space    used 7520K, capacity 8361K, committed 8704K, reserved 1048576K
[2020-12-15T09:37:34.277-0500][gc             ] GC(7864) Pause Young (Concurrent Start) (G1 Evacuation Pause) 52M->42M(66M) 19.077ms
[2020-12-15T09:37:34.277-0500][gc,cpu         ] GC(7864) User=0.12s Sys=0.00s Real=0.01s
[2020-12-15T09:37:34.277-0500][gc             ] GC(7865) Concurrent Cycle
[2020-12-15T09:37:34.277-0500][gc,marking     ] GC(7865) Concurrent Clear Claimed Marks
[2020-12-15T09:37:34.277-0500][gc,marking     ] GC(7865) Concurrent Clear Claimed Marks 0.208ms
[2020-12-15T09:37:34.277-0500][gc,marking     ] GC(7865) Concurrent Scan Root Regions
[2020-12-15T09:37:34.278-0500][gc,marking     ] GC(7865) Concurrent Scan Root Regions 1.141ms
[2020-12-15T09:37:34.278-0500][gc,marking     ] GC(7865) Concurrent Mark (493251.666s)
[2020-12-15T09:37:34.279-0500][gc,marking     ] GC(7865) Concurrent Mark From Roots
[2020-12-15T09:37:34.279-0500][gc,task        ] GC(7865) Using 2 workers of 2 for marking
[2020-12-15T09:37:34.341-0500][gc,marking     ] GC(7865) Concurrent Mark From Roots 62.173ms
[2020-12-15T09:37:34.341-0500][gc,marking     ] GC(7865) Concurrent Preclean
[2020-12-15T09:37:34.341-0500][gc,marking     ] GC(7865) Concurrent Preclean 0.155ms
[2020-12-15T09:37:34.341-0500][gc,marking     ] GC(7865) Concurrent Mark (493251.666s, 493251.728s) 62.413ms
[2020-12-15T09:37:34.341-0500][gc,start       ] GC(7865) Pause Remark
[2020-12-15T09:37:34.347-0500][gc,stringtable ] GC(7865) Cleaned string and symbol table, strings: 32662 processed, 0 removed, symbols: 120741 processed, 0 removed
[2020-12-15T09:37:34.348-0500][gc             ] GC(7865) Pause Remark 43M->43M(66M) 6.640ms
[2020-12-15T09:37:34.348-0500][gc,cpu         ] GC(7865) User=0.03s Sys=0.00s Real=0.01s
[2020-12-15T09:37:34.348-0500][gc,marking     ] GC(7865) Concurrent Rebuild Remembered Sets
[2020-12-15T09:37:34.372-0500][gc,marking     ] GC(7865) Concurrent Rebuild Remembered Sets 24.277ms
[2020-12-15T09:37:34.373-0500][gc,start       ] GC(7865) Pause Cleanup
[2020-12-15T09:37:34.373-0500][gc             ] GC(7865) Pause Cleanup 43M->43M(66M) 0.184ms
[2020-12-15T09:37:34.373-0500][gc,cpu         ] GC(7865) User=0.00s Sys=0.00s Real=0.00s
[2020-12-15T09:37:34.373-0500][gc,marking     ] GC(7865) Concurrent Cleanup for Next Mark
[2020-12-15T09:37:34.373-0500][gc,marking     ] GC(7865) Concurrent Cleanup for Next Mark 0.134ms
[2020-12-15T09:37:34.373-0500][gc             ] GC(7865) Concurrent Cycle 95.975ms
[2020-12-15T09:38:25.459-0500][gc,heap        ] GC(7866) Heap before GC invocations=7866 (full 1645): garbage-first heap   total 67584K, used 52969K [0x0000000083000000, 0x0000000100000000)
[2020-12-15T09:38:25.460-0500][gc,heap        ] GC(7866)   region size 1024K, 11 young (11264K), 1 survivors (1024K)
[2020-12-15T09:38:25.460-0500][gc,heap        ] GC(7866)  Metaspace       used 49803K, capacity 52101K, committed 53248K, reserved 1093632K
[2020-12-15T09:38:25.460-0500][gc,heap        ] GC(7866)   class space    used 7520K, capacity 8361K, committed 8704K, reserved 1048576K
[2020-12-15T09:38:25.460-0500][gc,start       ] GC(7866) Pause Young (Normal) (G1 Evacuation Pause)
[2020-12-15T09:38:25.460-0500][gc,task        ] GC(7866) Using 8 workers of 8 for evacuation
[2020-12-15T09:38:25.462-0500][gc,phases      ] GC(7866)   Pre Evacuate Collection Set: 0.0ms
[2020-12-15T09:38:25.462-0500][gc,phases      ] GC(7866)   Evacuate Collection Set: 0.9ms
[2020-12-15T09:38:25.462-0500][gc,phases      ] GC(7866)   Post Evacuate Collection Set: 1.0ms
[2020-12-15T09:38:25.462-0500][gc,phases      ] GC(7866)   Other: 0.3ms
[2020-12-15T09:38:25.462-0500][gc,heap        ] GC(7866) Eden regions: 10->0(10)
[2020-12-15T09:38:25.462-0500][gc,heap        ] GC(7866) Survivor regions: 1->1(2)
[2020-12-15T09:38:25.462-0500][gc,heap        ] GC(7866) Old regions: 42->42
[2020-12-15T09:38:25.462-0500][gc,heap        ] GC(7866) Humongous regions: 4->4
[2020-12-15T09:38:25.462-0500][gc,metaspace   ] GC(7866) Metaspace: 49803K->49803K(1093632K)
[2020-12-15T09:38:25.462-0500][gc,heap        ] GC(7866) Heap after GC invocations=7867 (full 1645): garbage-first heap   total 67584K, used 43733K [0x0000000083000000, 0x0000000100000000)
[2020-12-15T09:38:25.462-0500][gc,heap        ] GC(7866)   region size 1024K, 1 young (1024K), 1 survivors (1024K)
[2020-12-15T09:38:25.462-0500][gc,heap        ] GC(7866)  Metaspace       used 49803K, capacity 52101K, committed 53248K, reserved 1093632K
[2020-12-15T09:38:25.462-0500][gc,heap        ] GC(7866)   class space    used 7520K, capacity 8361K, committed 8704K, reserved 1048576K
[2020-12-15T09:38:25.462-0500][gc             ] GC(7866) Pause Young (Normal) (G1 Evacuation Pause) 52M->42M(66M) 2.341ms
[2020-12-15T09:38:25.462-0500][gc,cpu         ] GC(7866) User=0.00s Sys=0.00s Real=0.00s
[2020-12-15T09:39:15.461-0500][gc,heap        ] GC(7867) Heap before GC invocations=7867 (full 1645): garbage-first heap   total 67584K, used 52949K [0x0000000083000000, 0x0000000100000000)
[2020-12-15T09:39:15.461-0500][gc,heap        ] GC(7867)   region size 1024K, 11 young (11264K), 1 survivors (1024K)
[2020-12-15T09:39:15.461-0500][gc,heap        ] GC(7867)  Metaspace       used 49804K, capacity 52101K, committed 53248K, reserved 1093632K
[2020-12-15T09:39:15.461-0500][gc,heap        ] GC(7867)   class space    used 7520K, capacity 8361K, committed 8704K, reserved 1048576K
[2020-12-15T09:39:15.461-0500][gc,start       ] GC(7867) Pause Young (Concurrent Start) (G1 Evacuation Pause)
[2020-12-15T09:39:15.461-0500][gc,task        ] GC(7867) Using 8 workers of 8 for evacuation
[2020-12-15T09:39:15.464-0500][gc,phases      ] GC(7867)   Pre Evacuate Collection Set: 0.2ms
[2020-12-15T09:39:15.464-0500][gc,phases      ] GC(7867)   Evacuate Collection Set: 1.7ms
[2020-12-15T09:39:15.464-0500][gc,phases      ] GC(7867)   Post Evacuate Collection Set: 0.8ms
[2020-12-15T09:39:15.464-0500][gc,phases      ] GC(7867)   Other: 0.4ms
[2020-12-15T09:39:15.464-0500][gc,heap        ] GC(7867) Eden regions: 10->0(10)
[2020-12-15T09:39:15.464-0500][gc,heap        ] GC(7867) Survivor regions: 1->1(2)
[2020-12-15T09:39:15.464-0500][gc,heap        ] GC(7867) Old regions: 42->42
[2020-12-15T09:39:15.464-0500][gc,heap        ] GC(7867) Humongous regions: 4->4
[2020-12-15T09:39:15.464-0500][gc,metaspace   ] GC(7867) Metaspace: 49804K->49804K(1093632K)
[2020-12-15T09:39:15.464-0500][gc,heap        ] GC(7867) Heap after GC invocations=7868 (full 1645): garbage-first heap   total 67584K, used 43727K [0x0000000083000000, 0x0000000100000000)
[2020-12-15T09:39:15.464-0500][gc,heap        ] GC(7867)   region size 1024K, 1 young (1024K), 1 survivors (1024K)
[2020-12-15T09:39:15.464-0500][gc,heap        ] GC(7867)  Metaspace       used 49804K, capacity 52101K, committed 53248K, reserved 1093632K
[2020-12-15T09:39:15.464-0500][gc,heap        ] GC(7867)   class space    used 7520K, capacity 8361K, committed 8704K, reserved 1048576K
[2020-12-15T09:39:15.464-0500][gc             ] GC(7867) Pause Young (Concurrent Start) (G1 Evacuation Pause) 52M->42M(66M) 3.207ms
[2020-12-15T09:39:15.464-0500][gc,cpu         ] GC(7867) User=0.01s Sys=0.01s Real=0.00s
[2020-12-15T09:39:15.464-0500][gc             ] GC(7868) Concurrent Cycle
[2020-12-15T09:39:15.464-0500][gc,marking     ] GC(7868) Concurrent Clear Claimed Marks
[2020-12-15T09:39:15.464-0500][gc,marking     ] GC(7868) Concurrent Clear Claimed Marks 0.074ms
[2020-12-15T09:39:15.464-0500][gc,marking     ] GC(7868) Concurrent Scan Root Regions
[2020-12-15T09:39:15.465-0500][gc,marking     ] GC(7868) Concurrent Scan Root Regions 1.124ms
[2020-12-15T09:39:15.465-0500][gc,marking     ] GC(7868) Concurrent Mark (493352.852s)
[2020-12-15T09:39:15.465-0500][gc,marking     ] GC(7868) Concurrent Mark From Roots
[2020-12-15T09:39:15.465-0500][gc,task        ] GC(7868) Using 2 workers of 2 for marking
[2020-12-15T09:39:15.514-0500][gc,marking     ] GC(7868) Concurrent Mark From Roots 48.737ms
[2020-12-15T09:39:15.514-0500][gc,marking     ] GC(7868) Concurrent Preclean
[2020-12-15T09:39:15.514-0500][gc,marking     ] GC(7868) Concurrent Preclean 0.165ms
[2020-12-15T09:39:15.514-0500][gc,marking     ] GC(7868) Concurrent Mark (493352.852s, 493352.901s) 48.990ms
[2020-12-15T09:39:15.515-0500][gc,start       ] GC(7868) Pause Remark
[2020-12-15T09:39:15.520-0500][gc,stringtable ] GC(7868) Cleaned string and symbol table, strings: 32698 processed, 0 removed, symbols: 120741 processed, 0 removed
[2020-12-15T09:39:15.521-0500][gc             ] GC(7868) Pause Remark 43M->43M(66M) 6.112ms
[2020-12-15T09:39:15.521-0500][gc,cpu         ] GC(7868) User=0.04s Sys=0.00s Real=0.01s
[2020-12-15T09:39:15.521-0500][gc,marking     ] GC(7868) Concurrent Rebuild Remembered Sets
[2020-12-15T09:39:15.542-0500][gc,marking     ] GC(7868) Concurrent Rebuild Remembered Sets 21.307ms
[2020-12-15T09:39:15.543-0500][gc,start       ] GC(7868) Pause Cleanup
[2020-12-15T09:39:15.543-0500][gc             ] GC(7868) Pause Cleanup 43M->43M(66M) 0.208ms
[2020-12-15T09:39:15.543-0500][gc,cpu         ] GC(7868) User=0.00s Sys=0.00s Real=0.00s
[2020-12-15T09:39:15.543-0500][gc,marking     ] GC(7868) Concurrent Cleanup for Next Mark
[2020-12-15T09:39:15.543-0500][gc,marking     ] GC(7868) Concurrent Cleanup for Next Mark 0.202ms
[2020-12-15T09:39:15.543-0500][gc             ] GC(7868) Concurrent Cycle 79.192ms
[2020-12-15T09:40:05.462-0500][gc,heap        ] GC(7869) Heap before GC invocations=7869 (full 1645): garbage-first heap   total 67584K, used 52943K [0x0000000083000000, 0x0000000100000000)
[2020-12-15T09:40:05.462-0500][gc,heap        ] GC(7869)   region size 1024K, 11 young (11264K), 1 survivors (1024K)
[2020-12-15T09:40:05.462-0500][gc,heap        ] GC(7869)  Metaspace       used 49804K, capacity 52101K, committed 53248K, reserved 1093632K
[2020-12-15T09:40:05.462-0500][gc,heap        ] GC(7869)   class space    used 7520K, capacity 8361K, committed 8704K, reserved 1048576K
[2020-12-15T09:40:05.462-0500][gc,start       ] GC(7869) Pause Young (Normal) (G1 Evacuation Pause)
[2020-12-15T09:40:05.462-0500][gc,task        ] GC(7869) Using 8 workers of 8 for evacuation
[2020-12-15T09:40:05.464-0500][gc,phases      ] GC(7869)   Pre Evacuate Collection Set: 0.0ms
[2020-12-15T09:40:05.464-0500][gc,phases      ] GC(7869)   Evacuate Collection Set: 1.0ms
[2020-12-15T09:40:05.464-0500][gc,phases      ] GC(7869)   Post Evacuate Collection Set: 1.3ms
[2020-12-15T09:40:05.464-0500][gc,phases      ] GC(7869)   Other: 0.3ms
[2020-12-15T09:40:05.464-0500][gc,heap        ] GC(7869) Eden regions: 10->0(10)
[2020-12-15T09:40:05.464-0500][gc,heap        ] GC(7869) Survivor regions: 1->1(2)
[2020-12-15T09:40:05.464-0500][gc,heap        ] GC(7869) Old regions: 42->42
[2020-12-15T09:40:05.464-0500][gc,heap        ] GC(7869) Humongous regions: 4->4
[2020-12-15T09:40:05.464-0500][gc,metaspace   ] GC(7869) Metaspace: 49804K->49804K(1093632K)
[2020-12-15T09:40:05.464-0500][gc,heap        ] GC(7869) Heap after GC invocations=7870 (full 1645): garbage-first heap   total 67584K, used 43692K [0x0000000083000000, 0x0000000100000000)
[2020-12-15T09:40:05.464-0500][gc,heap        ] GC(7869)   region size 1024K, 1 young (1024K), 1 survivors (1024K)
[2020-12-15T09:40:05.464-0500][gc,heap        ] GC(7869)  Metaspace       used 49804K, capacity 52101K, committed 53248K, reserved 1093632K
[2020-12-15T09:40:05.464-0500][gc,heap        ] GC(7869)   class space    used 7520K, capacity 8361K, committed 8704K, reserved 1048576K
[2020-12-15T09:40:05.464-0500][gc             ] GC(7869) Pause Young (Normal) (G1 Evacuation Pause) 52M->42M(66M) 2.661ms
[2020-12-15T09:40:05.465-0500][gc,cpu         ] GC(7869) User=0.00s Sys=0.00s Real=0.00s
[2020-12-15T09:40:55.461-0500][gc,heap        ] GC(7870) Heap before GC invocations=7870 (full 1645): garbage-first heap   total 67584K, used 52908K [0x0000000083000000, 0x0000000100000000)
[2020-12-15T09:40:55.461-0500][gc,heap        ] GC(7870)   region size 1024K, 11 young (11264K), 1 survivors (1024K)
[2020-12-15T09:40:55.461-0500][gc,heap        ] GC(7870)  Metaspace       used 49805K, capacity 52101K, committed 53248K, reserved 1093632K
[2020-12-15T09:40:55.461-0500][gc,heap        ] GC(7870)   class space    used 7520K, capacity 8361K, committed 8704K, reserved 1048576K
[2020-12-15T09:40:55.461-0500][gc,start       ] GC(7870) Pause Young (Concurrent Start) (G1 Evacuation Pause)
[2020-12-15T09:40:55.461-0500][gc,task        ] GC(7870) Using 8 workers of 8 for evacuation
[2020-12-15T09:40:55.464-0500][gc,phases      ] GC(7870)   Pre Evacuate Collection Set: 0.3ms
[2020-12-15T09:40:55.464-0500][gc,phases      ] GC(7870)   Evacuate Collection Set: 1.3ms
[2020-12-15T09:40:55.464-0500][gc,phases      ] GC(7870)   Post Evacuate Collection Set: 1.0ms
[2020-12-15T09:40:55.464-0500][gc,phases      ] GC(7870)   Other: 0.4ms
[2020-12-15T09:40:55.464-0500][gc,heap        ] GC(7870) Eden regions: 10->0(10)
[2020-12-15T09:40:55.464-0500][gc,heap        ] GC(7870) Survivor regions: 1->1(2)
[2020-12-15T09:40:55.464-0500][gc,heap        ] GC(7870) Old regions: 42->42
[2020-12-15T09:40:55.464-0500][gc,heap        ] GC(7870) Humongous regions: 4->4
[2020-12-15T09:40:55.464-0500][gc,metaspace   ] GC(7870) Metaspace: 49805K->49805K(1093632K)
[2020-12-15T09:40:55.464-0500][gc,heap        ] GC(7870) Heap after GC invocations=7871 (full 1645): garbage-first heap   total 67584K, used 43604K [0x0000000083000000, 0x0000000100000000)
[2020-12-15T09:40:55.464-0500][gc,heap        ] GC(7870)   region size 1024K, 1 young (1024K), 1 survivors (1024K)
[2020-12-15T09:40:55.464-0500][gc,heap        ] GC(7870)  Metaspace       used 49805K, capacity 52101K, committed 53248K, reserved 1093632K
[2020-12-15T09:40:55.464-0500][gc,heap        ] GC(7870)   class space    used 7520K, capacity 8361K, committed 8704K, reserved 1048576K
[2020-12-15T09:40:55.464-0500][gc             ] GC(7870) Pause Young (Concurrent Start) (G1 Evacuation Pause) 52M->42M(66M) 2.967ms
[2020-12-15T09:40:55.464-0500][gc,cpu         ] GC(7870) User=0.00s Sys=0.00s Real=0.00s
[2020-12-15T09:40:55.464-0500][gc             ] GC(7871) Concurrent Cycle
[2020-12-15T09:40:55.464-0500][gc,marking     ] GC(7871) Concurrent Clear Claimed Marks
[2020-12-15T09:40:55.465-0500][gc,marking     ] GC(7871) Concurrent Clear Claimed Marks 0.139ms
[2020-12-15T09:40:55.465-0500][gc,marking     ] GC(7871) Concurrent Scan Root Regions
[2020-12-15T09:40:55.466-0500][gc,marking     ] GC(7871) Concurrent Scan Root Regions 1.088ms
[2020-12-15T09:40:55.466-0500][gc,marking     ] GC(7871) Concurrent Mark (493452.853s)
[2020-12-15T09:40:55.466-0500][gc,marking     ] GC(7871) Concurrent Mark From Roots
[2020-12-15T09:40:55.466-0500][gc,task        ] GC(7871) Using 2 workers of 2 for marking
[2020-12-15T09:40:55.514-0500][gc,marking     ] GC(7871) Concurrent Mark From Roots 48.689ms
[2020-12-15T09:40:55.514-0500][gc,marking     ] GC(7871) Concurrent Preclean
[2020-12-15T09:40:55.515-0500][gc,marking     ] GC(7871) Concurrent Preclean 0.235ms
[2020-12-15T09:40:55.515-0500][gc,marking     ] GC(7871) Concurrent Mark (493452.853s, 493452.902s) 49.041ms
[2020-12-15T09:40:55.516-0500][gc,start       ] GC(7871) Pause Remark
[2020-12-15T09:40:55.523-0500][gc,stringtable ] GC(7871) Cleaned string and symbol table, strings: 32698 processed, 0 removed, symbols: 120741 processed, 0 removed
[2020-12-15T09:40:55.523-0500][gc             ] GC(7871) Pause Remark 43M->43M(66M) 7.364ms
[2020-12-15T09:40:55.523-0500][gc,cpu         ] GC(7871) User=0.03s Sys=0.00s Real=0.01s
[2020-12-15T09:40:55.523-0500][gc,marking     ] GC(7871) Concurrent Rebuild Remembered Sets
[2020-12-15T09:40:55.548-0500][gc,marking     ] GC(7871) Concurrent Rebuild Remembered Sets 25.015ms
[2020-12-15T09:40:55.549-0500][gc,start       ] GC(7871) Pause Cleanup
[2020-12-15T09:40:55.549-0500][gc             ] GC(7871) Pause Cleanup 43M->43M(66M) 0.195ms
[2020-12-15T09:40:55.549-0500][gc,cpu         ] GC(7871) User=0.00s Sys=0.00s Real=0.00s
[2020-12-15T09:40:55.549-0500][gc,marking     ] GC(7871) Concurrent Cleanup for Next Mark
[2020-12-15T09:40:55.549-0500][gc,marking     ] GC(7871) Concurrent Cleanup for Next Mark 0.191ms
[2020-12-15T09:40:55.549-0500][gc             ] GC(7871) Concurrent Cycle 84.806ms
[2020-12-15T09:41:36.040-0500][gc,heap        ] GC(7872) Heap before GC invocations=7872 (full 1645): garbage-first heap   total 67584K, used 52820K [0x0000000083000000, 0x0000000100000000)
[2020-12-15T09:41:36.040-0500][gc,heap        ] GC(7872)   region size 1024K, 11 young (11264K), 1 survivors (1024K)
[2020-12-15T09:41:36.040-0500][gc,heap        ] GC(7872)  Metaspace       used 49805K, capacity 52101K, committed 53248K, reserved 1093632K
[2020-12-15T09:41:36.040-0500][gc,heap        ] GC(7872)   class space    used 7520K, capacity 8361K, committed 8704K, reserved 1048576K
[2020-12-15T09:41:36.040-0500][gc,start       ] GC(7872) Pause Young (Normal) (G1 Evacuation Pause)
[2020-12-15T09:41:36.040-0500][gc,task        ] GC(7872) Using 8 workers of 8 for evacuation
[2020-12-15T09:41:36.045-0500][gc,phases      ] GC(7872)   Pre Evacuate Collection Set: 0.0ms
[2020-12-15T09:41:36.046-0500][gc,phases      ] GC(7872)   Evacuate Collection Set: 3.1ms
[2020-12-15T09:41:36.046-0500][gc,phases      ] GC(7872)   Post Evacuate Collection Set: 2.5ms
[2020-12-15T09:41:36.046-0500][gc,phases      ] GC(7872)   Other: 0.3ms
[2020-12-15T09:41:36.046-0500][gc,heap        ] GC(7872) Eden regions: 10->0(11)
[2020-12-15T09:41:36.046-0500][gc,heap        ] GC(7872) Survivor regions: 1->1(2)
[2020-12-15T09:41:36.046-0500][gc,heap        ] GC(7872) Old regions: 42->42
[2020-12-15T09:41:36.046-0500][gc,heap        ] GC(7872) Humongous regions: 4->4
[2020-12-15T09:41:36.046-0500][gc,metaspace   ] GC(7872) Metaspace: 49805K->49805K(1093632K)
[2020-12-15T09:41:36.046-0500][gc,heap        ] GC(7872) Heap after GC invocations=7873 (full 1645): garbage-first heap   total 67584K, used 43606K [0x0000000083000000, 0x0000000100000000)
[2020-12-15T09:41:36.046-0500][gc,heap        ] GC(7872)   region size 1024K, 1 young (1024K), 1 survivors (1024K)
[2020-12-15T09:41:36.046-0500][gc,heap        ] GC(7872)  Metaspace       used 49805K, capacity 52101K, committed 53248K, reserved 1093632K
[2020-12-15T09:41:36.046-0500][gc,heap        ] GC(7872)   class space    used 7520K, capacity 8361K, committed 8704K, reserved 1048576K
[2020-12-15T09:41:36.046-0500][gc             ] GC(7872) Pause Young (Normal) (G1 Evacuation Pause) 52M->42M(66M) 5.920ms
[2020-12-15T09:41:36.046-0500][gc,cpu         ] GC(7872) User=0.03s Sys=0.00s Real=0.00s
[2020-12-15T09:41:45.191-0500][gc,task        ] GC(7873) Using 5 workers of 8 for full compaction
[2020-12-15T09:41:45.192-0500][gc,start       ] GC(7873) Pause Full (System.gc())
[2020-12-15T09:41:45.192-0500][gc,heap        ] GC(7873) Heap before GC invocations=7873 (full 1645): garbage-first heap   total 67584K, used 43606K [0x0000000083000000, 0x0000000100000000)
[2020-12-15T09:41:45.192-0500][gc,heap        ] GC(7873)   region size 1024K, 2 young (2048K), 1 survivors (1024K)
[2020-12-15T09:41:45.192-0500][gc,heap        ] GC(7873)  Metaspace       used 49805K, capacity 52101K, committed 53248K, reserved 1093632K
[2020-12-15T09:41:45.192-0500][gc,heap        ] GC(7873)   class space    used 7520K, capacity 8361K, committed 8704K, reserved 1048576K
[2020-12-15T09:41:45.192-0500][gc,phases,start] GC(7873) Phase 1: Mark live objects
[2020-12-15T09:41:45.218-0500][gc,stringtable ] GC(7873) Cleaned string and symbol table, strings: 32698 processed, 5 removed, symbols: 120741 processed, 0 removed
[2020-12-15T09:41:45.218-0500][gc,phases      ] GC(7873) Phase 1: Mark live objects 25.674ms
[2020-12-15T09:41:45.218-0500][gc,phases,start] GC(7873) Phase 2: Prepare for compaction
[2020-12-15T09:41:45.222-0500][gc,phases      ] GC(7873) Phase 2: Prepare for compaction 4.104ms
[2020-12-15T09:41:45.222-0500][gc,phases,start] GC(7873) Phase 3: Adjust pointers
[2020-12-15T09:41:45.234-0500][gc,phases      ] GC(7873) Phase 3: Adjust pointers 12.243ms
[2020-12-15T09:41:45.234-0500][gc,phases,start] GC(7873) Phase 4: Compact heap
[2020-12-15T09:41:45.239-0500][gc,phases      ] GC(7873) Phase 4: Compact heap 4.310ms
[2020-12-15T09:41:45.247-0500][gc,heap        ] GC(7873) Eden regions: 1->0(11)
[2020-12-15T09:41:45.247-0500][gc,heap        ] GC(7873) Survivor regions: 1->0(2)
[2020-12-15T09:41:45.247-0500][gc,heap        ] GC(7873) Old regions: 42->42
[2020-12-15T09:41:45.247-0500][gc,heap        ] GC(7873) Humongous regions: 4->4
[2020-12-15T09:41:45.247-0500][gc,metaspace   ] GC(7873) Metaspace: 49805K->49805K(1093632K)
[2020-12-15T09:41:45.247-0500][gc,heap        ] GC(7873) Heap after GC invocations=7874 (full 1646): garbage-first heap   total 67584K, used 43532K [0x0000000083000000, 0x0000000100000000)
[2020-12-15T09:41:45.247-0500][gc,heap        ] GC(7873)   region size 1024K, 0 young (0K), 0 survivors (0K)
[2020-12-15T09:41:45.247-0500][gc,heap        ] GC(7873)  Metaspace       used 49805K, capacity 52101K, committed 53248K, reserved 1093632K
[2020-12-15T09:41:45.247-0500][gc,heap        ] GC(7873)   class space    used 7520K, capacity 8361K, committed 8704K, reserved 1048576K
[2020-12-15T09:41:45.247-0500][gc             ] GC(7873) Pause Full (System.gc()) 42M->42M(66M) 55.377ms
[2020-12-15T09:41:45.247-0500][gc,cpu         ] GC(7873) User=0.22s Sys=0.00s Real=0.05s
[2020-12-15T09:42:35.463-0500][gc,heap        ] GC(7874) Heap before GC invocations=7874 (full 1646): garbage-first heap   total 67584K, used 53772K [0x0000000083000000, 0x0000000100000000)
[2020-12-15T09:42:35.463-0500][gc,heap        ] GC(7874)   region size 1024K, 11 young (11264K), 0 survivors (0K)
[2020-12-15T09:42:35.463-0500][gc,heap        ] GC(7874)  Metaspace       used 49805K, capacity 52101K, committed 53248K, reserved 1093632K
[2020-12-15T09:42:35.463-0500][gc,heap        ] GC(7874)   class space    used 7520K, capacity 8361K, committed 8704K, reserved 1048576K
[2020-12-15T09:42:35.463-0500][gc,start       ] GC(7874) Pause Young (Concurrent Start) (G1 Evacuation Pause)
[2020-12-15T09:42:35.463-0500][gc,task        ] GC(7874) Using 8 workers of 8 for evacuation
[2020-12-15T09:42:35.467-0500][gc,phases      ] GC(7874)   Pre Evacuate Collection Set: 0.2ms
[2020-12-15T09:42:35.467-0500][gc,phases      ] GC(7874)   Evacuate Collection Set: 2.6ms
[2020-12-15T09:42:35.467-0500][gc,phases      ] GC(7874)   Post Evacuate Collection Set: 1.0ms
[2020-12-15T09:42:35.467-0500][gc,phases      ] GC(7874)   Other: 0.2ms
[2020-12-15T09:42:35.467-0500][gc,heap        ] GC(7874) Eden regions: 11->0(11)
[2020-12-15T09:42:35.467-0500][gc,heap        ] GC(7874) Survivor regions: 0->1(2)
[2020-12-15T09:42:35.467-0500][gc,heap        ] GC(7874) Old regions: 42->42
[2020-12-15T09:42:35.467-0500][gc,heap        ] GC(7874) Humongous regions: 4->4
[2020-12-15T09:42:35.467-0500][gc,metaspace   ] GC(7874) Metaspace: 49805K->49805K(1093632K)
[2020-12-15T09:42:35.467-0500][gc,heap        ] GC(7874) Heap after GC invocations=7875 (full 1646): garbage-first heap   total 67584K, used 43746K [0x0000000083000000, 0x0000000100000000)
[2020-12-15T09:42:35.467-0500][gc,heap        ] GC(7874)   region size 1024K, 1 young (1024K), 1 survivors (1024K)
[2020-12-15T09:42:35.467-0500][gc,heap        ] GC(7874)  Metaspace       used 49805K, capacity 52101K, committed 53248K, reserved 1093632K
[2020-12-15T09:42:35.467-0500][gc,heap        ] GC(7874)   class space    used 7520K, capacity 8361K, committed 8704K, reserved 1048576K
[2020-12-15T09:42:35.467-0500][gc             ] GC(7874) Pause Young (Concurrent Start) (G1 Evacuation Pause) 53M->42M(66M) 4.143ms
[2020-12-15T09:42:35.467-0500][gc,cpu         ] GC(7874) User=0.02s Sys=0.00s Real=0.00s
[2020-12-15T09:42:35.467-0500][gc             ] GC(7875) Concurrent Cycle
[2020-12-15T09:42:35.467-0500][gc,marking     ] GC(7875) Concurrent Clear Claimed Marks
[2020-12-15T09:42:35.467-0500][gc,marking     ] GC(7875) Concurrent Clear Claimed Marks 0.116ms
[2020-12-15T09:42:35.467-0500][gc,marking     ] GC(7875) Concurrent Scan Root Regions
[2020-12-15T09:42:35.468-0500][gc,marking     ] GC(7875) Concurrent Scan Root Regions 0.708ms
[2020-12-15T09:42:35.468-0500][gc,marking     ] GC(7875) Concurrent Mark (493552.855s)
[2020-12-15T09:42:35.468-0500][gc,marking     ] GC(7875) Concurrent Mark From Roots
[2020-12-15T09:42:35.468-0500][gc,task        ] GC(7875) Using 2 workers of 2 for marking
[2020-12-15T09:42:35.522-0500][gc,marking     ] GC(7875) Concurrent Mark From Roots 53.777ms
[2020-12-15T09:42:35.522-0500][gc,marking     ] GC(7875) Concurrent Preclean
[2020-12-15T09:42:35.522-0500][gc,marking     ] GC(7875) Concurrent Preclean 0.172ms
[2020-12-15T09:42:35.522-0500][gc,marking     ] GC(7875) Concurrent Mark (493552.855s, 493552.909s) 54.048ms
[2020-12-15T09:42:35.522-0500][gc,start       ] GC(7875) Pause Remark
[2020-12-15T09:42:35.528-0500][gc,stringtable ] GC(7875) Cleaned string and symbol table, strings: 32698 processed, 0 removed, symbols: 120741 processed, 0 removed
[2020-12-15T09:42:35.532-0500][gc             ] GC(7875) Pause Remark 43M->43M(66M) 9.939ms
[2020-12-15T09:42:35.533-0500][gc,cpu         ] GC(7875) User=0.04s Sys=0.00s Real=0.01s
[2020-12-15T09:42:35.533-0500][gc,marking     ] GC(7875) Concurrent Rebuild Remembered Sets
[2020-12-15T09:42:35.554-0500][gc,marking     ] GC(7875) Concurrent Rebuild Remembered Sets 21.288ms
[2020-12-15T09:42:35.554-0500][gc,start       ] GC(7875) Pause Cleanup
[2020-12-15T09:42:35.555-0500][gc             ] GC(7875) Pause Cleanup 43M->43M(66M) 0.254ms
[2020-12-15T09:42:35.555-0500][gc,cpu         ] GC(7875) User=0.00s Sys=0.00s Real=0.00s
[2020-12-15T09:42:35.555-0500][gc,marking     ] GC(7875) Concurrent Cleanup for Next Mark
[2020-12-15T09:42:35.555-0500][gc,marking     ] GC(7875) Concurrent Cleanup for Next Mark 0.200ms
[2020-12-15T09:42:35.555-0500][gc             ] GC(7875) Concurrent Cycle 87.799ms
[2020-12-15T09:43:26.010-0500][gc,heap        ] GC(7876) Heap before GC invocations=7876 (full 1646): garbage-first heap   total 67584K, used 53986K [0x0000000083000000, 0x0000000100000000)
[2020-12-15T09:43:26.010-0500][gc,heap        ] GC(7876)   region size 1024K, 12 young (12288K), 1 survivors (1024K)
[2020-12-15T09:43:26.010-0500][gc,heap        ] GC(7876)  Metaspace       used 49805K, capacity 52101K, committed 53248K, reserved 1093632K
[2020-12-15T09:43:26.010-0500][gc,heap        ] GC(7876)   class space    used 7520K, capacity 8361K, committed 8704K, reserved 1048576K
[2020-12-15T09:43:26.011-0500][gc,start       ] GC(7876) Pause Young (Normal) (G1 Evacuation Pause)
[2020-12-15T09:43:26.011-0500][gc,task        ] GC(7876) Using 8 workers of 8 for evacuation
[2020-12-15T09:43:26.040-0500][gc,phases      ] GC(7876)   Pre Evacuate Collection Set: 0.0ms
[2020-12-15T09:43:26.040-0500][gc,phases      ] GC(7876)   Evacuate Collection Set: 18.1ms
[2020-12-15T09:43:26.040-0500][gc,phases      ] GC(7876)   Post Evacuate Collection Set: 10.9ms
[2020-12-15T09:43:26.040-0500][gc,phases      ] GC(7876)   Other: 0.5ms
[2020-12-15T09:43:26.040-0500][gc,heap        ] GC(7876) Eden regions: 11->0(11)
[2020-12-15T09:43:26.040-0500][gc,heap        ] GC(7876) Survivor regions: 1->1(2)
[2020-12-15T09:43:26.040-0500][gc,heap        ] GC(7876) Old regions: 42->42
[2020-12-15T09:43:26.040-0500][gc,heap        ] GC(7876) Humongous regions: 4->4
[2020-12-15T09:43:26.040-0500][gc,metaspace   ] GC(7876) Metaspace: 49805K->49805K(1093632K)
[2020-12-15T09:43:26.040-0500][gc,heap        ] GC(7876) Heap after GC invocations=7877 (full 1646): garbage-first heap   total 67584K, used 43605K [0x0000000083000000, 0x0000000100000000)
[2020-12-15T09:43:26.040-0500][gc,heap        ] GC(7876)   region size 1024K, 1 young (1024K), 1 survivors (1024K)
[2020-12-15T09:43:26.040-0500][gc,heap        ] GC(7876)  Metaspace       used 49805K, capacity 52101K, committed 53248K, reserved 1093632K
[2020-12-15T09:43:26.040-0500][gc,heap        ] GC(7876)   class space    used 7520K, capacity 8361K, committed 8704K, reserved 1048576K
[2020-12-15T09:43:26.040-0500][gc             ] GC(7876) Pause Young (Normal) (G1 Evacuation Pause) 53M->42M(66M) 29.351ms
[2020-12-15T09:43:26.040-0500][gc,cpu         ] GC(7876) User=0.21s Sys=0.00s Real=0.03s
[2020-12-15T09:44:25.467-0500][gc,heap        ] GC(7877) Heap before GC invocations=7877 (full 1646): garbage-first heap   total 67584K, used 53845K [0x0000000083000000, 0x0000000100000000)
[2020-12-15T09:44:25.467-0500][gc,heap        ] GC(7877)   region size 1024K, 12 young (12288K), 1 survivors (1024K)
[2020-12-15T09:44:25.467-0500][gc,heap        ] GC(7877)  Metaspace       used 49809K, capacity 52101K, committed 53248K, reserved 1093632K
[2020-12-15T09:44:25.467-0500][gc,heap        ] GC(7877)   class space    used 7520K, capacity 8361K, committed 8704K, reserved 1048576K
[2020-12-15T09:44:25.467-0500][gc,start       ] GC(7877) Pause Young (Concurrent Start) (G1 Evacuation Pause)
[2020-12-15T09:44:25.467-0500][gc,task        ] GC(7877) Using 8 workers of 8 for evacuation
[2020-12-15T09:44:25.470-0500][gc,phases      ] GC(7877)   Pre Evacuate Collection Set: 0.2ms
[2020-12-15T09:44:25.470-0500][gc,phases      ] GC(7877)   Evacuate Collection Set: 1.3ms
[2020-12-15T09:44:25.470-0500][gc,phases      ] GC(7877)   Post Evacuate Collection Set: 0.9ms
[2020-12-15T09:44:25.470-0500][gc,phases      ] GC(7877)   Other: 0.3ms
[2020-12-15T09:44:25.470-0500][gc,heap        ] GC(7877) Eden regions: 11->0(11)
[2020-12-15T09:44:25.470-0500][gc,heap        ] GC(7877) Survivor regions: 1->1(2)
[2020-12-15T09:44:25.470-0500][gc,heap        ] GC(7877) Old regions: 42->42
[2020-12-15T09:44:25.470-0500][gc,heap        ] GC(7877) Humongous regions: 4->4
[2020-12-15T09:44:25.470-0500][gc,metaspace   ] GC(7877) Metaspace: 49809K->49809K(1093632K)
[2020-12-15T09:44:25.470-0500][gc,heap        ] GC(7877) Heap after GC invocations=7878 (full 1646): garbage-first heap   total 67584K, used 43734K [0x0000000083000000, 0x0000000100000000)
[2020-12-15T09:44:25.470-0500][gc,heap        ] GC(7877)   region size 1024K, 1 young (1024K), 1 survivors (1024K)
[2020-12-15T09:44:25.470-0500][gc,heap        ] GC(7877)  Metaspace       used 49809K, capacity 52101K, committed 53248K, reserved 1093632K
[2020-12-15T09:44:25.470-0500][gc,heap        ] GC(7877)   class space    used 7520K, capacity 8361K, committed 8704K, reserved 1048576K
[2020-12-15T09:44:25.470-0500][gc             ] GC(7877) Pause Young (Concurrent Start) (G1 Evacuation Pause) 53M->42M(66M) 2.761ms
[2020-12-15T09:44:25.470-0500][gc,cpu         ] GC(7877) User=0.00s Sys=0.00s Real=0.01s
[2020-12-15T09:44:25.470-0500][gc             ] GC(7878) Concurrent Cycle
[2020-12-15T09:44:25.470-0500][gc,marking     ] GC(7878) Concurrent Clear Claimed Marks
[2020-12-15T09:44:25.470-0500][gc,marking     ] GC(7878) Concurrent Clear Claimed Marks 0.054ms
[2020-12-15T09:44:25.470-0500][gc,marking     ] GC(7878) Concurrent Scan Root Regions
[2020-12-15T09:44:25.471-0500][gc,marking     ] GC(7878) Concurrent Scan Root Regions 0.623ms
[2020-12-15T09:44:25.471-0500][gc,marking     ] GC(7878) Concurrent Mark (493662.858s)
[2020-12-15T09:44:25.471-0500][gc,marking     ] GC(7878) Concurrent Mark From Roots
[2020-12-15T09:44:25.471-0500][gc,task        ] GC(7878) Using 2 workers of 2 for marking
[2020-12-15T09:44:25.516-0500][gc,marking     ] GC(7878) Concurrent Mark From Roots 44.932ms
[2020-12-15T09:44:25.516-0500][gc,marking     ] GC(7878) Concurrent Preclean
[2020-12-15T09:44:25.516-0500][gc,marking     ] GC(7878) Concurrent Preclean 0.171ms
[2020-12-15T09:44:25.516-0500][gc,marking     ] GC(7878) Concurrent Mark (493662.858s, 493662.903s) 45.197ms
[2020-12-15T09:44:25.516-0500][gc,start       ] GC(7878) Pause Remark
[2020-12-15T09:44:25.522-0500][gc,stringtable ] GC(7878) Cleaned string and symbol table, strings: 32698 processed, 0 removed, symbols: 120741 processed, 0 removed
[2020-12-15T09:44:25.522-0500][gc             ] GC(7878) Pause Remark 43M->43M(66M) 6.039ms
[2020-12-15T09:44:25.522-0500][gc,cpu         ] GC(7878) User=0.04s Sys=0.00s Real=0.01s
[2020-12-15T09:44:25.522-0500][gc,marking     ] GC(7878) Concurrent Rebuild Remembered Sets
[2020-12-15T09:44:25.545-0500][gc,marking     ] GC(7878) Concurrent Rebuild Remembered Sets 22.250ms
[2020-12-15T09:44:25.545-0500][gc,start       ] GC(7878) Pause Cleanup
[2020-12-15T09:44:25.545-0500][gc             ] GC(7878) Pause Cleanup 43M->43M(66M) 0.257ms
[2020-12-15T09:44:25.545-0500][gc,cpu         ] GC(7878) User=0.01s Sys=0.00s Real=0.00s
[2020-12-15T09:44:25.545-0500][gc,marking     ] GC(7878) Concurrent Cleanup for Next Mark
[2020-12-15T09:44:25.546-0500][gc,marking     ] GC(7878) Concurrent Cleanup for Next Mark 0.248ms
[2020-12-15T09:44:25.546-0500][gc             ] GC(7878) Concurrent Cycle 75.652ms
[2020-12-15T09:45:15.464-0500][gc,heap        ] GC(7879) Heap before GC invocations=7879 (full 1646): garbage-first heap   total 67584K, used 53974K [0x0000000083000000, 0x0000000100000000)
[2020-12-15T09:45:15.464-0500][gc,heap        ] GC(7879)   region size 1024K, 12 young (12288K), 1 survivors (1024K)
[2020-12-15T09:45:15.464-0500][gc,heap        ] GC(7879)  Metaspace       used 49810K, capacity 52101K, committed 53248K, reserved 1093632K
[2020-12-15T09:45:15.464-0500][gc,heap        ] GC(7879)   class space    used 7520K, capacity 8361K, committed 8704K, reserved 1048576K
[2020-12-15T09:45:15.464-0500][gc,start       ] GC(7879) Pause Young (Normal) (G1 Evacuation Pause)
[2020-12-15T09:45:15.464-0500][gc,task        ] GC(7879) Using 8 workers of 8 for evacuation
[2020-12-15T09:45:15.510-0500][gc,phases      ] GC(7879)   Pre Evacuate Collection Set: 0.0ms
[2020-12-15T09:45:15.510-0500][gc,phases      ] GC(7879)   Evacuate Collection Set: 28.3ms
[2020-12-15T09:45:15.510-0500][gc,phases      ] GC(7879)   Post Evacuate Collection Set: 17.6ms
[2020-12-15T09:45:15.510-0500][gc,phases      ] GC(7879)   Other: 0.3ms
[2020-12-15T09:45:15.510-0500][gc,heap        ] GC(7879) Eden regions: 11->0(11)
[2020-12-15T09:45:15.510-0500][gc,heap        ] GC(7879) Survivor regions: 1->1(2)
[2020-12-15T09:45:15.510-0500][gc,heap        ] GC(7879) Old regions: 42->42
[2020-12-15T09:45:15.510-0500][gc,heap        ] GC(7879) Humongous regions: 4->4
[2020-12-15T09:45:15.510-0500][gc,metaspace   ] GC(7879) Metaspace: 49810K->49810K(1093632K)
[2020-12-15T09:45:15.510-0500][gc,heap        ] GC(7879) Heap after GC invocations=7880 (full 1646): garbage-first heap   total 67584K, used 43790K [0x0000000083000000, 0x0000000100000000)
[2020-12-15T09:45:15.511-0500][gc,heap        ] GC(7879)   region size 1024K, 1 young (1024K), 1 survivors (1024K)
[2020-12-15T09:45:15.511-0500][gc,heap        ] GC(7879)  Metaspace       used 49810K, capacity 52101K, committed 53248K, reserved 1093632K
[2020-12-15T09:45:15.511-0500][gc,heap        ] GC(7879)   class space    used 7520K, capacity 8361K, committed 8704K, reserved 1048576K
[2020-12-15T09:45:15.511-0500][gc             ] GC(7879) Pause Young (Normal) (G1 Evacuation Pause) 53M->42M(66M) 46.323ms
[2020-12-15T09:45:15.511-0500][gc,cpu         ] GC(7879) User=0.30s Sys=0.00s Real=0.05s
[2020-12-15T09:46:06.012-0500][gc,heap        ] GC(7880) Heap before GC invocations=7880 (full 1646): garbage-first heap   total 67584K, used 54030K [0x0000000083000000, 0x0000000100000000)
[2020-12-15T09:46:06.013-0500][gc,heap        ] GC(7880)   region size 1024K, 12 young (12288K), 1 survivors (1024K)
[2020-12-15T09:46:06.013-0500][gc,heap        ] GC(7880)  Metaspace       used 49819K, capacity 52101K, committed 53248K, reserved 1093632K
[2020-12-15T09:46:06.013-0500][gc,heap        ] GC(7880)   class space    used 7520K, capacity 8361K, committed 8704K, reserved 1048576K
[2020-12-15T09:46:06.013-0500][gc,start       ] GC(7880) Pause Young (Concurrent Start) (G1 Evacuation Pause)
[2020-12-15T09:46:06.013-0500][gc,task        ] GC(7880) Using 8 workers of 8 for evacuation
[2020-12-15T09:46:06.048-0500][gc,phases      ] GC(7880)   Pre Evacuate Collection Set: 0.2ms
[2020-12-15T09:46:06.048-0500][gc,phases      ] GC(7880)   Evacuate Collection Set: 14.8ms
[2020-12-15T09:46:06.048-0500][gc,phases      ] GC(7880)   Post Evacuate Collection Set: 20.3ms
[2020-12-15T09:46:06.048-0500][gc,phases      ] GC(7880)   Other: 0.3ms
[2020-12-15T09:46:06.048-0500][gc,heap        ] GC(7880) Eden regions: 11->0(11)
[2020-12-15T09:46:06.048-0500][gc,heap        ] GC(7880) Survivor regions: 1->1(2)
[2020-12-15T09:46:06.048-0500][gc,heap        ] GC(7880) Old regions: 42->42
[2020-12-15T09:46:06.048-0500][gc,heap        ] GC(7880) Humongous regions: 4->4
[2020-12-15T09:46:06.048-0500][gc,metaspace   ] GC(7880) Metaspace: 49819K->49819K(1093632K)
[2020-12-15T09:46:06.048-0500][gc,heap        ] GC(7880) Heap after GC invocations=7881 (full 1646): garbage-first heap   total 67584K, used 43653K [0x0000000083000000, 0x0000000100000000)
[2020-12-15T09:46:06.048-0500][gc,heap        ] GC(7880)   region size 1024K, 1 young (1024K), 1 survivors (1024K)
[2020-12-15T09:46:06.048-0500][gc,heap        ] GC(7880)  Metaspace       used 49819K, capacity 52101K, committed 53248K, reserved 1093632K
[2020-12-15T09:46:06.048-0500][gc,heap        ] GC(7880)   class space    used 7520K, capacity 8361K, committed 8704K, reserved 1048576K
[2020-12-15T09:46:06.048-0500][gc             ] GC(7880) Pause Young (Concurrent Start) (G1 Evacuation Pause) 53M->42M(66M) 35.620ms
[2020-12-15T09:46:06.048-0500][gc,cpu         ] GC(7880) User=0.23s Sys=0.00s Real=0.04s
[2020-12-15T09:46:06.048-0500][gc             ] GC(7881) Concurrent Cycle
[2020-12-15T09:46:06.048-0500][gc,marking     ] GC(7881) Concurrent Clear Claimed Marks
[2020-12-15T09:46:06.049-0500][gc,marking     ] GC(7881) Concurrent Clear Claimed Marks 0.200ms
[2020-12-15T09:46:06.049-0500][gc,marking     ] GC(7881) Concurrent Scan Root Regions
[2020-12-15T09:46:06.050-0500][gc,marking     ] GC(7881) Concurrent Scan Root Regions 1.085ms
[2020-12-15T09:46:06.050-0500][gc,marking     ] GC(7881) Concurrent Mark (493763.437s)
[2020-12-15T09:46:06.050-0500][gc,marking     ] GC(7881) Concurrent Mark From Roots
[2020-12-15T09:46:06.050-0500][gc,task        ] GC(7881) Using 2 workers of 2 for marking
[2020-12-15T09:46:06.094-0500][gc,marking     ] GC(7881) Concurrent Mark From Roots 44.046ms
[2020-12-15T09:46:06.094-0500][gc,marking     ] GC(7881) Concurrent Preclean
[2020-12-15T09:46:06.094-0500][gc,marking     ] GC(7881) Concurrent Preclean 0.213ms
[2020-12-15T09:46:06.094-0500][gc,marking     ] GC(7881) Concurrent Mark (493763.437s, 493763.481s) 44.352ms
[2020-12-15T09:46:06.094-0500][gc,start       ] GC(7881) Pause Remark
[2020-12-15T09:46:06.100-0500][gc,stringtable ] GC(7881) Cleaned string and symbol table, strings: 32701 processed, 0 removed, symbols: 120741 processed, 0 removed
[2020-12-15T09:46:06.100-0500][gc             ] GC(7881) Pause Remark 42M->42M(66M) 5.583ms
[2020-12-15T09:46:06.100-0500][gc,cpu         ] GC(7881) User=0.03s Sys=0.00s Real=0.01s
[2020-12-15T09:46:06.100-0500][gc,marking     ] GC(7881) Concurrent Rebuild Remembered Sets
[2020-12-15T09:46:06.121-0500][gc,marking     ] GC(7881) Concurrent Rebuild Remembered Sets 20.980ms
[2020-12-15T09:46:06.121-0500][gc,start       ] GC(7881) Pause Cleanup
[2020-12-15T09:46:06.122-0500][gc             ] GC(7881) Pause Cleanup 42M->42M(66M) 0.243ms
[2020-12-15T09:46:06.122-0500][gc,cpu         ] GC(7881) User=0.00s Sys=0.00s Real=0.00s
[2020-12-15T09:46:06.122-0500][gc,marking     ] GC(7881) Concurrent Cleanup for Next Mark
[2020-12-15T09:46:06.122-0500][gc,marking     ] GC(7881) Concurrent Cleanup for Next Mark 0.207ms
[2020-12-15T09:46:06.122-0500][gc             ] GC(7881) Concurrent Cycle 73.733ms
[2020-12-15T09:46:45.192-0500][gc,task        ] GC(7882) Using 5 workers of 8 for full compaction
[2020-12-15T09:46:45.192-0500][gc,start       ] GC(7882) Pause Full (System.gc())
[2020-12-15T09:46:45.192-0500][gc,heap        ] GC(7882) Heap before GC invocations=7882 (full 1646): garbage-first heap   total 67584K, used 48773K [0x0000000083000000, 0x0000000100000000)
[2020-12-15T09:46:45.192-0500][gc,heap        ] GC(7882)   region size 1024K, 8 young (8192K), 1 survivors (1024K)
[2020-12-15T09:46:45.192-0500][gc,heap        ] GC(7882)  Metaspace       used 49821K, capacity 52101K, committed 53248K, reserved 1093632K
[2020-12-15T09:46:45.192-0500][gc,heap        ] GC(7882)   class space    used 7520K, capacity 8361K, committed 8704K, reserved 1048576K
[2020-12-15T09:46:45.192-0500][gc,phases,start] GC(7882) Phase 1: Mark live objects
[2020-12-15T09:46:45.215-0500][gc,stringtable ] GC(7882) Cleaned string and symbol table, strings: 32701 processed, 5 removed, symbols: 120741 processed, 0 removed
[2020-12-15T09:46:45.215-0500][gc,phases      ] GC(7882) Phase 1: Mark live objects 22.636ms
[2020-12-15T09:46:45.215-0500][gc,phases,start] GC(7882) Phase 2: Prepare for compaction
[2020-12-15T09:46:45.220-0500][gc,phases      ] GC(7882) Phase 2: Prepare for compaction 5.038ms
[2020-12-15T09:46:45.220-0500][gc,phases,start] GC(7882) Phase 3: Adjust pointers
[2020-12-15T09:46:45.234-0500][gc,phases      ] GC(7882) Phase 3: Adjust pointers 14.147ms
[2020-12-15T09:46:45.234-0500][gc,phases,start] GC(7882) Phase 4: Compact heap
[2020-12-15T09:46:45.239-0500][gc,phases      ] GC(7882) Phase 4: Compact heap 4.868ms
[2020-12-15T09:46:45.246-0500][gc,heap        ] GC(7882) Eden regions: 7->0(11)
[2020-12-15T09:46:45.246-0500][gc,heap        ] GC(7882) Survivor regions: 1->0(2)
[2020-12-15T09:46:45.246-0500][gc,heap        ] GC(7882) Old regions: 42->43
[2020-12-15T09:46:45.246-0500][gc,heap        ] GC(7882) Humongous regions: 4->4
[2020-12-15T09:46:45.246-0500][gc,metaspace   ] GC(7882) Metaspace: 49821K->49821K(1093632K)
[2020-12-15T09:46:45.246-0500][gc,heap        ] GC(7882) Heap after GC invocations=7883 (full 1647): garbage-first heap   total 67584K, used 43594K [0x0000000083000000, 0x0000000100000000)
[2020-12-15T09:46:45.246-0500][gc,heap        ] GC(7882)   region size 1024K, 0 young (0K), 0 survivors (0K)
[2020-12-15T09:46:45.246-0500][gc,heap        ] GC(7882)  Metaspace       used 49821K, capacity 52101K, committed 53248K, reserved 1093632K
[2020-12-15T09:46:45.246-0500][gc,heap        ] GC(7882)   class space    used 7520K, capacity 8361K, committed 8704K, reserved 1048576K
[2020-12-15T09:46:45.246-0500][gc             ] GC(7882) Pause Full (System.gc()) 49M->42M(66M) 54.473ms
[2020-12-15T09:46:45.246-0500][gc,cpu         ] GC(7882) User=0.21s Sys=0.00s Real=0.05s
[2020-12-15T09:47:35.466-0500][gc,heap        ] GC(7883) Heap before GC invocations=7883 (full 1647): garbage-first heap   total 67584K, used 53834K [0x0000000083000000, 0x0000000100000000)
[2020-12-15T09:47:35.466-0500][gc,heap        ] GC(7883)   region size 1024K, 11 young (11264K), 0 survivors (0K)
[2020-12-15T09:47:35.466-0500][gc,heap        ] GC(7883)  Metaspace       used 49822K, capacity 52165K, committed 53248K, reserved 1093632K
[2020-12-15T09:47:35.466-0500][gc,heap        ] GC(7883)   class space    used 7520K, capacity 8361K, committed 8704K, reserved 1048576K
[2020-12-15T09:47:35.466-0500][gc,start       ] GC(7883) Pause Young (Concurrent Start) (G1 Evacuation Pause)
[2020-12-15T09:47:35.466-0500][gc,task        ] GC(7883) Using 8 workers of 8 for evacuation
[2020-12-15T09:47:35.498-0500][gc,phases      ] GC(7883)   Pre Evacuate Collection Set: 0.3ms
[2020-12-15T09:47:35.498-0500][gc,phases      ] GC(7883)   Evacuate Collection Set: 30.3ms
[2020-12-15T09:47:35.498-0500][gc,phases      ] GC(7883)   Post Evacuate Collection Set: 1.3ms
[2020-12-15T09:47:35.498-0500][gc,phases      ] GC(7883)   Other: 0.3ms
[2020-12-15T09:47:35.498-0500][gc,heap        ] GC(7883) Eden regions: 11->0(10)
[2020-12-15T09:47:35.498-0500][gc,heap        ] GC(7883) Survivor regions: 0->1(2)
[2020-12-15T09:47:35.498-0500][gc,heap        ] GC(7883) Old regions: 43->43
[2020-12-15T09:47:35.498-0500][gc,heap        ] GC(7883) Humongous regions: 4->4
[2020-12-15T09:47:35.498-0500][gc,metaspace   ] GC(7883) Metaspace: 49822K->49822K(1093632K)
[2020-12-15T09:47:35.498-0500][gc,heap        ] GC(7883) Heap after GC invocations=7884 (full 1647): garbage-first heap   total 67584K, used 43801K [0x0000000083000000, 0x0000000100000000)
[2020-12-15T09:47:35.498-0500][gc,heap        ] GC(7883)   region size 1024K, 1 young (1024K), 1 survivors (1024K)
[2020-12-15T09:47:35.498-0500][gc,heap        ] GC(7883)  Metaspace       used 49822K, capacity 52165K, committed 53248K, reserved 1093632K
[2020-12-15T09:47:35.498-0500][gc,heap        ] GC(7883)   class space    used 7520K, capacity 8361K, committed 8704K, reserved 1048576K
[2020-12-15T09:47:35.498-0500][gc             ] GC(7883) Pause Young (Concurrent Start) (G1 Evacuation Pause) 53M->42M(66M) 32.296ms
[2020-12-15T09:47:35.498-0500][gc,cpu         ] GC(7883) User=0.21s Sys=0.00s Real=0.04s
[2020-12-15T09:47:35.498-0500][gc             ] GC(7884) Concurrent Cycle
[2020-12-15T09:47:35.498-0500][gc,marking     ] GC(7884) Concurrent Clear Claimed Marks
[2020-12-15T09:47:35.498-0500][gc,marking     ] GC(7884) Concurrent Clear Claimed Marks 0.198ms
[2020-12-15T09:47:35.498-0500][gc,marking     ] GC(7884) Concurrent Scan Root Regions
[2020-12-15T09:47:35.499-0500][gc,marking     ] GC(7884) Concurrent Scan Root Regions 0.915ms
[2020-12-15T09:47:35.499-0500][gc,marking     ] GC(7884) Concurrent Mark (493852.886s)
[2020-12-15T09:47:35.499-0500][gc,marking     ] GC(7884) Concurrent Mark From Roots
[2020-12-15T09:47:35.499-0500][gc,task        ] GC(7884) Using 2 workers of 2 for marking
[2020-12-15T09:47:35.552-0500][gc,marking     ] GC(7884) Concurrent Mark From Roots 52.491ms
[2020-12-15T09:47:35.552-0500][gc,marking     ] GC(7884) Concurrent Preclean
[2020-12-15T09:47:35.552-0500][gc,marking     ] GC(7884) Concurrent Preclean 0.235ms
[2020-12-15T09:47:35.552-0500][gc,marking     ] GC(7884) Concurrent Mark (493852.886s, 493852.939s) 52.830ms
[2020-12-15T09:47:35.553-0500][gc,start       ] GC(7884) Pause Remark
[2020-12-15T09:47:35.599-0500][gc,stringtable ] GC(7884) Cleaned string and symbol table, strings: 32701 processed, 0 removed, symbols: 120741 processed, 0 removed
[2020-12-15T09:47:35.599-0500][gc             ] GC(7884) Pause Remark 43M->43M(66M) 46.586ms
[2020-12-15T09:47:35.599-0500][gc,cpu         ] GC(7884) User=0.34s Sys=0.00s Real=0.05s
[2020-12-15T09:47:35.599-0500][gc,marking     ] GC(7884) Concurrent Rebuild Remembered Sets
[2020-12-15T09:47:35.624-0500][gc,marking     ] GC(7884) Concurrent Rebuild Remembered Sets 24.127ms
[2020-12-15T09:47:35.624-0500][gc,start       ] GC(7884) Pause Cleanup
[2020-12-15T09:47:35.624-0500][gc             ] GC(7884) Pause Cleanup 43M->43M(66M) 0.194ms
[2020-12-15T09:47:35.624-0500][gc,cpu         ] GC(7884) User=0.00s Sys=0.00s Real=0.00s
[2020-12-15T09:47:35.624-0500][gc,marking     ] GC(7884) Concurrent Cleanup for Next Mark
[2020-12-15T09:47:35.624-0500][gc,marking     ] GC(7884) Concurrent Cleanup for Next Mark 0.175ms
[2020-12-15T09:47:35.624-0500][gc             ] GC(7884) Concurrent Cycle 126.235ms
[2020-12-15T09:48:25.466-0500][gc,heap        ] GC(7885) Heap before GC invocations=7885 (full 1647): garbage-first heap   total 67584K, used 53017K [0x0000000083000000, 0x0000000100000000)
[2020-12-15T09:48:25.466-0500][gc,heap        ] GC(7885)   region size 1024K, 11 young (11264K), 1 survivors (1024K)
[2020-12-15T09:48:25.466-0500][gc,heap        ] GC(7885)  Metaspace       used 49823K, capacity 52165K, committed 53248K, reserved 1093632K
[2020-12-15T09:48:25.466-0500][gc,heap        ] GC(7885)   class space    used 7520K, capacity 8361K, committed 8704K, reserved 1048576K
[2020-12-15T09:48:25.466-0500][gc,start       ] GC(7885) Pause Young (Normal) (G1 Evacuation Pause)
[2020-12-15T09:48:25.466-0500][gc,task        ] GC(7885) Using 8 workers of 8 for evacuation
[2020-12-15T09:48:25.508-0500][gc,phases      ] GC(7885)   Pre Evacuate Collection Set: 0.0ms
[2020-12-15T09:48:25.508-0500][gc,phases      ] GC(7885)   Evacuate Collection Set: 39.8ms
[2020-12-15T09:48:25.508-0500][gc,phases      ] GC(7885)   Post Evacuate Collection Set: 2.1ms
[2020-12-15T09:48:25.508-0500][gc,phases      ] GC(7885)   Other: 0.4ms
[2020-12-15T09:48:25.508-0500][gc,heap        ] GC(7885) Eden regions: 10->0(10)
[2020-12-15T09:48:25.508-0500][gc,heap        ] GC(7885) Survivor regions: 1->1(2)
[2020-12-15T09:48:25.508-0500][gc,heap        ] GC(7885) Old regions: 43->43
[2020-12-15T09:48:25.508-0500][gc,heap        ] GC(7885) Humongous regions: 4->4
[2020-12-15T09:48:25.508-0500][gc,metaspace   ] GC(7885) Metaspace: 49823K->49823K(1093632K)
[2020-12-15T09:48:25.508-0500][gc,heap        ] GC(7885) Heap after GC invocations=7886 (full 1647): garbage-first heap   total 67584K, used 43801K [0x0000000083000000, 0x0000000100000000)
[2020-12-15T09:48:25.508-0500][gc,heap        ] GC(7885)   region size 1024K, 1 young (1024K), 1 survivors (1024K)
[2020-12-15T09:48:25.508-0500][gc,heap        ] GC(7885)  Metaspace       used 49823K, capacity 52165K, committed 53248K, reserved 1093632K
[2020-12-15T09:48:25.508-0500][gc,heap        ] GC(7885)   class space    used 7520K, capacity 8361K, committed 8704K, reserved 1048576K
[2020-12-15T09:48:25.509-0500][gc             ] GC(7885) Pause Young (Normal) (G1 Evacuation Pause) 52M->42M(66M) 42.462ms
[2020-12-15T09:48:25.509-0500][gc,cpu         ] GC(7885) User=0.30s Sys=0.00s Real=0.05s
[2020-12-15T09:49:15.466-0500][gc,heap        ] GC(7886) Heap before GC invocations=7886 (full 1647): garbage-first heap   total 67584K, used 53017K [0x0000000083000000, 0x0000000100000000)
[2020-12-15T09:49:15.466-0500][gc,heap        ] GC(7886)   region size 1024K, 11 young (11264K), 1 survivors (1024K)
[2020-12-15T09:49:15.466-0500][gc,heap        ] GC(7886)  Metaspace       used 49832K, capacity 52165K, committed 53248K, reserved 1093632K
[2020-12-15T09:49:15.466-0500][gc,heap        ] GC(7886)   class space    used 7520K, capacity 8361K, committed 8704K, reserved 1048576K
[2020-12-15T09:49:15.466-0500][gc,start       ] GC(7886) Pause Young (Concurrent Start) (G1 Evacuation Pause)
[2020-12-15T09:49:15.466-0500][gc,task        ] GC(7886) Using 8 workers of 8 for evacuation
[2020-12-15T09:49:15.469-0500][gc,phases      ] GC(7886)   Pre Evacuate Collection Set: 0.2ms
[2020-12-15T09:49:15.469-0500][gc,phases      ] GC(7886)   Evacuate Collection Set: 1.7ms
[2020-12-15T09:49:15.469-0500][gc,phases      ] GC(7886)   Post Evacuate Collection Set: 1.0ms
[2020-12-15T09:49:15.469-0500][gc,phases      ] GC(7886)   Other: 0.3ms
[2020-12-15T09:49:15.469-0500][gc,heap        ] GC(7886) Eden regions: 10->0(10)
[2020-12-15T09:49:15.469-0500][gc,heap        ] GC(7886) Survivor regions: 1->1(2)
[2020-12-15T09:49:15.469-0500][gc,heap        ] GC(7886) Old regions: 43->43
[2020-12-15T09:49:15.469-0500][gc,heap        ] GC(7886) Humongous regions: 4->4
[2020-12-15T09:49:15.469-0500][gc,metaspace   ] GC(7886) Metaspace: 49832K->49832K(1093632K)
[2020-12-15T09:49:15.469-0500][gc,heap        ] GC(7886) Heap after GC invocations=7887 (full 1647): garbage-first heap   total 67584K, used 43761K [0x0000000083000000, 0x0000000100000000)
[2020-12-15T09:49:15.469-0500][gc,heap        ] GC(7886)   region size 1024K, 1 young (1024K), 1 survivors (1024K)
[2020-12-15T09:49:15.469-0500][gc,heap        ] GC(7886)  Metaspace       used 49832K, capacity 52165K, committed 53248K, reserved 1093632K
[2020-12-15T09:49:15.469-0500][gc,heap        ] GC(7886)   class space    used 7520K, capacity 8361K, committed 8704K, reserved 1048576K
[2020-12-15T09:49:15.469-0500][gc             ] GC(7886) Pause Young (Concurrent Start) (G1 Evacuation Pause) 52M->42M(66M) 3.293ms
[2020-12-15T09:49:15.469-0500][gc,cpu         ] GC(7886) User=0.01s Sys=0.01s Real=0.01s
[2020-12-15T09:49:15.469-0500][gc             ] GC(7887) Concurrent Cycle
[2020-12-15T09:49:15.469-0500][gc,marking     ] GC(7887) Concurrent Clear Claimed Marks
[2020-12-15T09:49:15.469-0500][gc,marking     ] GC(7887) Concurrent Clear Claimed Marks 0.108ms
[2020-12-15T09:49:15.469-0500][gc,marking     ] GC(7887) Concurrent Scan Root Regions
[2020-12-15T09:49:15.470-0500][gc,marking     ] GC(7887) Concurrent Scan Root Regions 0.810ms
[2020-12-15T09:49:15.470-0500][gc,marking     ] GC(7887) Concurrent Mark (493952.857s)
[2020-12-15T09:49:15.470-0500][gc,marking     ] GC(7887) Concurrent Mark From Roots
[2020-12-15T09:49:15.470-0500][gc,task        ] GC(7887) Using 2 workers of 2 for marking
[2020-12-15T09:49:15.521-0500][gc,marking     ] GC(7887) Concurrent Mark From Roots 51.008ms
[2020-12-15T09:49:15.521-0500][gc,marking     ] GC(7887) Concurrent Preclean
[2020-12-15T09:49:15.521-0500][gc,marking     ] GC(7887) Concurrent Preclean 0.155ms
[2020-12-15T09:49:15.521-0500][gc,marking     ] GC(7887) Concurrent Mark (493952.857s, 493952.908s) 51.258ms
[2020-12-15T09:49:15.522-0500][gc,start       ] GC(7887) Pause Remark
[2020-12-15T09:49:15.529-0500][gc,stringtable ] GC(7887) Cleaned string and symbol table, strings: 32704 processed, 0 removed, symbols: 120741 processed, 0 removed
[2020-12-15T09:49:15.530-0500][gc             ] GC(7887) Pause Remark 44M->44M(66M) 8.072ms
[2020-12-15T09:49:15.530-0500][gc,cpu         ] GC(7887) User=0.03s Sys=0.00s Real=0.01s
[2020-12-15T09:49:15.530-0500][gc,marking     ] GC(7887) Concurrent Rebuild Remembered Sets
[2020-12-15T09:49:15.553-0500][gc,marking     ] GC(7887) Concurrent Rebuild Remembered Sets 23.189ms
[2020-12-15T09:49:15.554-0500][gc,start       ] GC(7887) Pause Cleanup
[2020-12-15T09:49:15.554-0500][gc             ] GC(7887) Pause Cleanup 44M->44M(66M) 0.197ms
[2020-12-15T09:49:15.554-0500][gc,cpu         ] GC(7887) User=0.00s Sys=0.00s Real=0.00s
[2020-12-15T09:49:15.554-0500][gc,marking     ] GC(7887) Concurrent Cleanup for Next Mark
[2020-12-15T09:49:15.554-0500][gc,marking     ] GC(7887) Concurrent Cleanup for Next Mark 0.244ms
[2020-12-15T09:49:15.554-0500][gc             ] GC(7887) Concurrent Cycle 85.066ms
[2020-12-15T09:50:00.680-0500][gc,heap        ] GC(7888) Heap before GC invocations=7888 (full 1647): garbage-first heap   total 67584K, used 52977K [0x0000000083000000, 0x0000000100000000)
[2020-12-15T09:50:00.680-0500][gc,heap        ] GC(7888)   region size 1024K, 11 young (11264K), 1 survivors (1024K)
[2020-12-15T09:50:00.680-0500][gc,heap        ] GC(7888)  Metaspace       used 49846K, capacity 52165K, committed 53248K, reserved 1093632K
[2020-12-15T09:50:00.680-0500][gc,heap        ] GC(7888)   class space    used 7520K, capacity 8361K, committed 8704K, reserved 1048576K
[2020-12-15T09:50:00.680-0500][gc,start       ] GC(7888) Pause Young (Normal) (G1 Evacuation Pause)
[2020-12-15T09:50:00.680-0500][gc,task        ] GC(7888) Using 8 workers of 8 for evacuation
[2020-12-15T09:50:00.682-0500][gc,phases      ] GC(7888)   Pre Evacuate Collection Set: 0.0ms
[2020-12-15T09:50:00.682-0500][gc,phases      ] GC(7888)   Evacuate Collection Set: 0.9ms
[2020-12-15T09:50:00.682-0500][gc,phases      ] GC(7888)   Post Evacuate Collection Set: 0.8ms
[2020-12-15T09:50:00.682-0500][gc,phases      ] GC(7888)   Other: 0.2ms
[2020-12-15T09:50:00.682-0500][gc,heap        ] GC(7888) Eden regions: 10->0(10)
[2020-12-15T09:50:00.682-0500][gc,heap        ] GC(7888) Survivor regions: 1->1(2)
[2020-12-15T09:50:00.682-0500][gc,heap        ] GC(7888) Old regions: 43->43
[2020-12-15T09:50:00.682-0500][gc,heap        ] GC(7888) Humongous regions: 4->4
[2020-12-15T09:50:00.682-0500][gc,metaspace   ] GC(7888) Metaspace: 49846K->49846K(1093632K)
[2020-12-15T09:50:00.682-0500][gc,heap        ] GC(7888) Heap after GC invocations=7889 (full 1647): garbage-first heap   total 67584K, used 43671K [0x0000000083000000, 0x0000000100000000)
[2020-12-15T09:50:00.682-0500][gc,heap        ] GC(7888)   region size 1024K, 1 young (1024K), 1 survivors (1024K)
[2020-12-15T09:50:00.682-0500][gc,heap        ] GC(7888)  Metaspace       used 49846K, capacity 52165K, committed 53248K, reserved 1093632K
[2020-12-15T09:50:00.682-0500][gc,heap        ] GC(7888)   class space    used 7520K, capacity 8361K, committed 8704K, reserved 1048576K
[2020-12-15T09:50:00.682-0500][gc             ] GC(7888) Pause Young (Normal) (G1 Evacuation Pause) 52M->42M(66M) 2.012ms
[2020-12-15T09:50:00.682-0500][gc,cpu         ] GC(7888) User=0.01s Sys=0.00s Real=0.00s
[2020-12-15T09:50:51.906-0500][gc,heap        ] GC(7889) Heap before GC invocations=7889 (full 1647): garbage-first heap   total 67584K, used 52887K [0x0000000083000000, 0x0000000100000000)
[2020-12-15T09:50:51.906-0500][gc,heap        ] GC(7889)   region size 1024K, 11 young (11264K), 1 survivors (1024K)
[2020-12-15T09:50:51.906-0500][gc,heap        ] GC(7889)  Metaspace       used 49846K, capacity 52165K, committed 53248K, reserved 1093632K
[2020-12-15T09:50:51.906-0500][gc,heap        ] GC(7889)   class space    used 7520K, capacity 8361K, committed 8704K, reserved 1048576K
[2020-12-15T09:50:51.906-0500][gc,start       ] GC(7889) Pause Young (Concurrent Start) (G1 Evacuation Pause)
[2020-12-15T09:50:51.906-0500][gc,task        ] GC(7889) Using 8 workers of 8 for evacuation
[2020-12-15T09:50:51.909-0500][gc,phases      ] GC(7889)   Pre Evacuate Collection Set: 0.3ms
[2020-12-15T09:50:51.909-0500][gc,phases      ] GC(7889)   Evacuate Collection Set: 1.3ms
[2020-12-15T09:50:51.909-0500][gc,phases      ] GC(7889)   Post Evacuate Collection Set: 1.0ms
[2020-12-15T09:50:51.909-0500][gc,phases      ] GC(7889)   Other: 0.2ms
[2020-12-15T09:50:51.909-0500][gc,heap        ] GC(7889) Eden regions: 10->0(10)
[2020-12-15T09:50:51.909-0500][gc,heap        ] GC(7889) Survivor regions: 1->1(2)
[2020-12-15T09:50:51.909-0500][gc,heap        ] GC(7889) Old regions: 43->43
[2020-12-15T09:50:51.909-0500][gc,heap        ] GC(7889) Humongous regions: 4->4
[2020-12-15T09:50:51.909-0500][gc,metaspace   ] GC(7889) Metaspace: 49846K->49846K(1093632K)
[2020-12-15T09:50:51.909-0500][gc,heap        ] GC(7889) Heap after GC invocations=7890 (full 1647): garbage-first heap   total 67584K, used 43670K [0x0000000083000000, 0x0000000100000000)
[2020-12-15T09:50:51.909-0500][gc,heap        ] GC(7889)   region size 1024K, 1 young (1024K), 1 survivors (1024K)
[2020-12-15T09:50:51.909-0500][gc,heap        ] GC(7889)  Metaspace       used 49846K, capacity 52165K, committed 53248K, reserved 1093632K
[2020-12-15T09:50:51.909-0500][gc,heap        ] GC(7889)   class space    used 7520K, capacity 8361K, committed 8704K, reserved 1048576K
[2020-12-15T09:50:51.909-0500][gc             ] GC(7889) Pause Young (Concurrent Start) (G1 Evacuation Pause) 52M->42M(66M) 3.003ms
[2020-12-15T09:50:51.909-0500][gc,cpu         ] GC(7889) User=0.00s Sys=0.01s Real=0.01s
[2020-12-15T09:50:51.909-0500][gc             ] GC(7890) Concurrent Cycle
[2020-12-15T09:50:51.909-0500][gc,marking     ] GC(7890) Concurrent Clear Claimed Marks
[2020-12-15T09:50:51.909-0500][gc,marking     ] GC(7890) Concurrent Clear Claimed Marks 0.104ms
[2020-12-15T09:50:51.909-0500][gc,marking     ] GC(7890) Concurrent Scan Root Regions
[2020-12-15T09:50:51.911-0500][gc,marking     ] GC(7890) Concurrent Scan Root Regions 1.008ms
[2020-12-15T09:50:51.911-0500][gc,marking     ] GC(7890) Concurrent Mark (494049.298s)
[2020-12-15T09:50:51.911-0500][gc,marking     ] GC(7890) Concurrent Mark From Roots
[2020-12-15T09:50:51.911-0500][gc,task        ] GC(7890) Using 2 workers of 2 for marking
[2020-12-15T09:50:51.957-0500][gc,marking     ] GC(7890) Concurrent Mark From Roots 46.066ms
[2020-12-15T09:50:51.957-0500][gc,marking     ] GC(7890) Concurrent Preclean
[2020-12-15T09:50:51.957-0500][gc,marking     ] GC(7890) Concurrent Preclean 0.154ms
[2020-12-15T09:50:51.957-0500][gc,marking     ] GC(7890) Concurrent Mark (494049.298s, 494049.344s) 46.319ms
[2020-12-15T09:50:51.957-0500][gc,start       ] GC(7890) Pause Remark
[2020-12-15T09:50:51.965-0500][gc,stringtable ] GC(7890) Cleaned string and symbol table, strings: 32708 processed, 0 removed, symbols: 120741 processed, 0 removed
[2020-12-15T09:50:51.965-0500][gc             ] GC(7890) Pause Remark 42M->42M(66M) 7.685ms
[2020-12-15T09:50:51.965-0500][gc,cpu         ] GC(7890) User=0.03s Sys=0.00s Real=0.01s
[2020-12-15T09:50:51.965-0500][gc,marking     ] GC(7890) Concurrent Rebuild Remembered Sets
[2020-12-15T09:50:51.987-0500][gc,marking     ] GC(7890) Concurrent Rebuild Remembered Sets 21.956ms
[2020-12-15T09:50:51.988-0500][gc,start       ] GC(7890) Pause Cleanup
[2020-12-15T09:50:51.988-0500][gc             ] GC(7890) Pause Cleanup 42M->42M(66M) 0.193ms
[2020-12-15T09:50:51.988-0500][gc,cpu         ] GC(7890) User=0.00s Sys=0.00s Real=0.01s
[2020-12-15T09:50:51.988-0500][gc,marking     ] GC(7890) Concurrent Cleanup for Next Mark
[2020-12-15T09:50:51.988-0500][gc,marking     ] GC(7890) Concurrent Cleanup for Next Mark 0.180ms
[2020-12-15T09:50:51.988-0500][gc             ] GC(7890) Concurrent Cycle 78.756ms
[2020-12-15T09:51:36.012-0500][gc,heap        ] GC(7891) Heap before GC invocations=7891 (full 1647): garbage-first heap   total 67584K, used 52886K [0x0000000083000000, 0x0000000100000000)
[2020-12-15T09:51:36.012-0500][gc,heap        ] GC(7891)   region size 1024K, 11 young (11264K), 1 survivors (1024K)
[2020-12-15T09:51:36.012-0500][gc,heap        ] GC(7891)  Metaspace       used 49847K, capacity 52165K, committed 53248K, reserved 1093632K
[2020-12-15T09:51:36.012-0500][gc,heap        ] GC(7891)   class space    used 7520K, capacity 8361K, committed 8704K, reserved 1048576K
[2020-12-15T09:51:36.012-0500][gc,start       ] GC(7891) Pause Young (Normal) (G1 Evacuation Pause)
[2020-12-15T09:51:36.012-0500][gc,task        ] GC(7891) Using 8 workers of 8 for evacuation
[2020-12-15T09:51:36.015-0500][gc,phases      ] GC(7891)   Pre Evacuate Collection Set: 0.0ms
[2020-12-15T09:51:36.015-0500][gc,phases      ] GC(7891)   Evacuate Collection Set: 0.9ms
[2020-12-15T09:51:36.015-0500][gc,phases      ] GC(7891)   Post Evacuate Collection Set: 1.2ms
[2020-12-15T09:51:36.015-0500][gc,phases      ] GC(7891)   Other: 0.2ms
[2020-12-15T09:51:36.015-0500][gc,heap        ] GC(7891) Eden regions: 10->0(10)
[2020-12-15T09:51:36.015-0500][gc,heap        ] GC(7891) Survivor regions: 1->1(2)
[2020-12-15T09:51:36.015-0500][gc,heap        ] GC(7891) Old regions: 43->43
[2020-12-15T09:51:36.015-0500][gc,heap        ] GC(7891) Humongous regions: 4->4
[2020-12-15T09:51:36.015-0500][gc,metaspace   ] GC(7891) Metaspace: 49847K->49847K(1093632K)
[2020-12-15T09:51:36.015-0500][gc,heap        ] GC(7891) Heap after GC invocations=7892 (full 1647): garbage-first heap   total 67584K, used 43702K [0x0000000083000000, 0x0000000100000000)
[2020-12-15T09:51:36.015-0500][gc,heap        ] GC(7891)   region size 1024K, 1 young (1024K), 1 survivors (1024K)
[2020-12-15T09:51:36.015-0500][gc,heap        ] GC(7891)  Metaspace       used 49847K, capacity 52165K, committed 53248K, reserved 1093632K
[2020-12-15T09:51:36.015-0500][gc,heap        ] GC(7891)   class space    used 7520K, capacity 8361K, committed 8704K, reserved 1048576K
[2020-12-15T09:51:36.015-0500][gc             ] GC(7891) Pause Young (Normal) (G1 Evacuation Pause) 52M->42M(66M) 2.354ms
[2020-12-15T09:51:36.015-0500][gc,cpu         ] GC(7891) User=0.00s Sys=0.00s Real=0.00s
[2020-12-15T09:51:45.191-0500][gc,task        ] GC(7892) Using 5 workers of 8 for full compaction
[2020-12-15T09:51:45.191-0500][gc,start       ] GC(7892) Pause Full (System.gc())
[2020-12-15T09:51:45.191-0500][gc,heap        ] GC(7892) Heap before GC invocations=7892 (full 1647): garbage-first heap   total 67584K, used 43702K [0x0000000083000000, 0x0000000100000000)
[2020-12-15T09:51:45.191-0500][gc,heap        ] GC(7892)   region size 1024K, 2 young (2048K), 1 survivors (1024K)
[2020-12-15T09:51:45.191-0500][gc,heap        ] GC(7892)  Metaspace       used 49847K, capacity 52165K, committed 53248K, reserved 1093632K
[2020-12-15T09:51:45.191-0500][gc,heap        ] GC(7892)   class space    used 7520K, capacity 8361K, committed 8704K, reserved 1048576K
[2020-12-15T09:51:45.191-0500][gc,phases,start] GC(7892) Phase 1: Mark live objects
[2020-12-15T09:51:45.216-0500][gc,stringtable ] GC(7892) Cleaned string and symbol table, strings: 32708 processed, 5 removed, symbols: 120741 processed, 0 removed
[2020-12-15T09:51:45.216-0500][gc,phases      ] GC(7892) Phase 1: Mark live objects 24.761ms
[2020-12-15T09:51:45.216-0500][gc,phases,start] GC(7892) Phase 2: Prepare for compaction
[2020-12-15T09:51:45.221-0500][gc,phases      ] GC(7892) Phase 2: Prepare for compaction 5.047ms
[2020-12-15T09:51:45.221-0500][gc,phases,start] GC(7892) Phase 3: Adjust pointers
[2020-12-15T09:51:45.233-0500][gc,phases      ] GC(7892) Phase 3: Adjust pointers 12.010ms
[2020-12-15T09:51:45.233-0500][gc,phases,start] GC(7892) Phase 4: Compact heap
[2020-12-15T09:51:45.238-0500][gc,phases      ] GC(7892) Phase 4: Compact heap 5.074ms
[2020-12-15T09:51:45.245-0500][gc,heap        ] GC(7892) Eden regions: 1->0(12)
[2020-12-15T09:51:45.245-0500][gc,heap        ] GC(7892) Survivor regions: 1->0(2)
[2020-12-15T09:51:45.245-0500][gc,heap        ] GC(7892) Old regions: 43->42
[2020-12-15T09:51:45.245-0500][gc,heap        ] GC(7892) Humongous regions: 4->4
[2020-12-15T09:51:45.245-0500][gc,metaspace   ] GC(7892) Metaspace: 49847K->49847K(1093632K)
[2020-12-15T09:51:45.245-0500][gc,heap        ] GC(7892) Heap after GC invocations=7893 (full 1648): garbage-first heap   total 67584K, used 43634K [0x0000000083000000, 0x0000000100000000)
[2020-12-15T09:51:45.245-0500][gc,heap        ] GC(7892)   region size 1024K, 0 young (0K), 0 survivors (0K)
[2020-12-15T09:51:45.245-0500][gc,heap        ] GC(7892)  Metaspace       used 49847K, capacity 52165K, committed 53248K, reserved 1093632K
[2020-12-15T09:51:45.245-0500][gc,heap        ] GC(7892)   class space    used 7520K, capacity 8361K, committed 8704K, reserved 1048576K
[2020-12-15T09:51:45.245-0500][gc             ] GC(7892) Pause Full (System.gc()) 43M->42M(66M) 53.934ms
[2020-12-15T09:51:45.245-0500][gc,cpu         ] GC(7892) User=0.21s Sys=0.00s Real=0.05s
[2020-12-15T09:52:40.726-0500][gc,heap        ] GC(7893) Heap before GC invocations=7893 (full 1648): garbage-first heap   total 67584K, used 54898K [0x0000000083000000, 0x0000000100000000)
[2020-12-15T09:52:40.726-0500][gc,heap        ] GC(7893)   region size 1024K, 12 young (12288K), 0 survivors (0K)
[2020-12-15T09:52:40.726-0500][gc,heap        ] GC(7893)  Metaspace       used 49847K, capacity 52165K, committed 53248K, reserved 1093632K
[2020-12-15T09:52:40.726-0500][gc,heap        ] GC(7893)   class space    used 7520K, capacity 8361K, committed 8704K, reserved 1048576K
[2020-12-15T09:52:40.727-0500][gc,start       ] GC(7893) Pause Young (Concurrent Start) (G1 Evacuation Pause)
[2020-12-15T09:52:40.727-0500][gc,task        ] GC(7893) Using 8 workers of 8 for evacuation
[2020-12-15T09:52:40.729-0500][gc,phases      ] GC(7893)   Pre Evacuate Collection Set: 0.2ms
[2020-12-15T09:52:40.729-0500][gc,phases      ] GC(7893)   Evacuate Collection Set: 1.4ms
[2020-12-15T09:52:40.729-0500][gc,phases      ] GC(7893)   Post Evacuate Collection Set: 0.9ms
[2020-12-15T09:52:40.729-0500][gc,phases      ] GC(7893)   Other: 0.4ms
[2020-12-15T09:52:40.729-0500][gc,heap        ] GC(7893) Eden regions: 12->0(11)
[2020-12-15T09:52:40.729-0500][gc,heap        ] GC(7893) Survivor regions: 0->1(2)
[2020-12-15T09:52:40.729-0500][gc,heap        ] GC(7893) Old regions: 42->42
[2020-12-15T09:52:40.729-0500][gc,heap        ] GC(7893) Humongous regions: 4->4
[2020-12-15T09:52:40.729-0500][gc,metaspace   ] GC(7893) Metaspace: 49847K->49847K(1093632K)
[2020-12-15T09:52:40.729-0500][gc,heap        ] GC(7893) Heap after GC invocations=7894 (full 1648): garbage-first heap   total 67584K, used 43687K [0x0000000083000000, 0x0000000100000000)
[2020-12-15T09:52:40.729-0500][gc,heap        ] GC(7893)   region size 1024K, 1 young (1024K), 1 survivors (1024K)
[2020-12-15T09:52:40.729-0500][gc,heap        ] GC(7893)  Metaspace       used 49847K, capacity 52165K, committed 53248K, reserved 1093632K
[2020-12-15T09:52:40.729-0500][gc,heap        ] GC(7893)   class space    used 7520K, capacity 8361K, committed 8704K, reserved 1048576K
[2020-12-15T09:52:40.729-0500][gc             ] GC(7893) Pause Young (Concurrent Start) (G1 Evacuation Pause) 54M->42M(66M) 2.975ms
[2020-12-15T09:52:40.730-0500][gc,cpu         ] GC(7893) User=0.00s Sys=0.00s Real=0.01s
[2020-12-15T09:52:40.730-0500][gc             ] GC(7894) Concurrent Cycle
[2020-12-15T09:52:40.730-0500][gc,marking     ] GC(7894) Concurrent Clear Claimed Marks
[2020-12-15T09:52:40.730-0500][gc,marking     ] GC(7894) Concurrent Clear Claimed Marks 0.102ms
[2020-12-15T09:52:40.730-0500][gc,marking     ] GC(7894) Concurrent Scan Root Regions
[2020-12-15T09:52:40.731-0500][gc,marking     ] GC(7894) Concurrent Scan Root Regions 0.736ms
[2020-12-15T09:52:40.731-0500][gc,marking     ] GC(7894) Concurrent Mark (494158.118s)
[2020-12-15T09:52:40.731-0500][gc,marking     ] GC(7894) Concurrent Mark From Roots
[2020-12-15T09:52:40.731-0500][gc,task        ] GC(7894) Using 2 workers of 2 for marking
[2020-12-15T09:52:40.781-0500][gc,marking     ] GC(7894) Concurrent Mark From Roots 50.733ms
[2020-12-15T09:52:40.781-0500][gc,marking     ] GC(7894) Concurrent Preclean
[2020-12-15T09:52:40.782-0500][gc,marking     ] GC(7894) Concurrent Preclean 0.241ms
[2020-12-15T09:52:40.782-0500][gc,marking     ] GC(7894) Concurrent Mark (494158.118s, 494158.169s) 51.074ms
[2020-12-15T09:52:40.782-0500][gc,start       ] GC(7894) Pause Remark
[2020-12-15T09:52:40.791-0500][gc,stringtable ] GC(7894) Cleaned string and symbol table, strings: 32708 processed, 0 removed, symbols: 120741 processed, 0 removed
[2020-12-15T09:52:40.791-0500][gc             ] GC(7894) Pause Remark 42M->42M(66M) 9.068ms
[2020-12-15T09:52:40.791-0500][gc,cpu         ] GC(7894) User=0.04s Sys=0.00s Real=0.01s
[2020-12-15T09:52:40.791-0500][gc,marking     ] GC(7894) Concurrent Rebuild Remembered Sets
[2020-12-15T09:52:40.818-0500][gc,marking     ] GC(7894) Concurrent Rebuild Remembered Sets 26.796ms
[2020-12-15T09:52:40.819-0500][gc,start       ] GC(7894) Pause Cleanup
[2020-12-15T09:52:40.819-0500][gc             ] GC(7894) Pause Cleanup 42M->42M(66M) 0.365ms
[2020-12-15T09:52:40.819-0500][gc,cpu         ] GC(7894) User=0.01s Sys=0.00s Real=0.00s
[2020-12-15T09:52:40.819-0500][gc,marking     ] GC(7894) Concurrent Cleanup for Next Mark
[2020-12-15T09:52:40.819-0500][gc,marking     ] GC(7894) Concurrent Cleanup for Next Mark 0.226ms
[2020-12-15T09:52:40.819-0500][gc             ] GC(7894) Concurrent Cycle 89.809ms
[2020-12-15T09:53:35.471-0500][gc,heap        ] GC(7895) Heap before GC invocations=7895 (full 1648): garbage-first heap   total 67584K, used 53927K [0x0000000083000000, 0x0000000100000000)
[2020-12-15T09:53:35.471-0500][gc,heap        ] GC(7895)   region size 1024K, 12 young (12288K), 1 survivors (1024K)
[2020-12-15T09:53:35.471-0500][gc,heap        ] GC(7895)  Metaspace       used 49870K, capacity 52165K, committed 53248K, reserved 1093632K
[2020-12-15T09:53:35.471-0500][gc,heap        ] GC(7895)   class space    used 7520K, capacity 8361K, committed 8704K, reserved 1048576K
[2020-12-15T09:53:35.471-0500][gc,start       ] GC(7895) Pause Young (Normal) (G1 Evacuation Pause)
[2020-12-15T09:53:35.471-0500][gc,task        ] GC(7895) Using 8 workers of 8 for evacuation
[2020-12-15T09:53:35.484-0500][gc,phases      ] GC(7895)   Pre Evacuate Collection Set: 0.1ms
[2020-12-15T09:53:35.484-0500][gc,phases      ] GC(7895)   Evacuate Collection Set: 10.7ms
[2020-12-15T09:53:35.484-0500][gc,phases      ] GC(7895)   Post Evacuate Collection Set: 1.2ms
[2020-12-15T09:53:35.484-0500][gc,phases      ] GC(7895)   Other: 0.5ms
[2020-12-15T09:53:35.484-0500][gc,heap        ] GC(7895) Eden regions: 11->0(11)
[2020-12-15T09:53:35.484-0500][gc,heap        ] GC(7895) Survivor regions: 1->1(2)
[2020-12-15T09:53:35.484-0500][gc,heap        ] GC(7895) Old regions: 42->42
[2020-12-15T09:53:35.484-0500][gc,heap        ] GC(7895) Humongous regions: 4->4
[2020-12-15T09:53:35.484-0500][gc,metaspace   ] GC(7895) Metaspace: 49870K->49870K(1093632K)
[2020-12-15T09:53:35.484-0500][gc,heap        ] GC(7895) Heap after GC invocations=7896 (full 1648): garbage-first heap   total 67584K, used 43843K [0x0000000083000000, 0x0000000100000000)
[2020-12-15T09:53:35.484-0500][gc,heap        ] GC(7895)   region size 1024K, 1 young (1024K), 1 survivors (1024K)
[2020-12-15T09:53:35.484-0500][gc,heap        ] GC(7895)  Metaspace       used 49870K, capacity 52165K, committed 53248K, reserved 1093632K
[2020-12-15T09:53:35.484-0500][gc,heap        ] GC(7895)   class space    used 7520K, capacity 8361K, committed 8704K, reserved 1048576K
[2020-12-15T09:53:35.484-0500][gc             ] GC(7895) Pause Young (Normal) (G1 Evacuation Pause) 53M->42M(66M) 12.496ms
[2020-12-15T09:53:35.484-0500][gc,cpu         ] GC(7895) User=0.05s Sys=0.00s Real=0.01s
[2020-12-15T09:54:26.012-0500][gc,heap        ] GC(7896) Heap before GC invocations=7896 (full 1648): garbage-first heap   total 67584K, used 54083K [0x0000000083000000, 0x0000000100000000)
[2020-12-15T09:54:26.012-0500][gc,heap        ] GC(7896)   region size 1024K, 12 young (12288K), 1 survivors (1024K)
[2020-12-15T09:54:26.012-0500][gc,heap        ] GC(7896)  Metaspace       used 49870K, capacity 52165K, committed 53248K, reserved 1093632K
[2020-12-15T09:54:26.012-0500][gc,heap        ] GC(7896)   class space    used 7520K, capacity 8361K, committed 8704K, reserved 1048576K
[2020-12-15T09:54:26.012-0500][gc,start       ] GC(7896) Pause Young (Concurrent Start) (G1 Evacuation Pause)
[2020-12-15T09:54:26.012-0500][gc,task        ] GC(7896) Using 8 workers of 8 for evacuation
[2020-12-15T09:54:26.026-0500][gc,phases      ] GC(7896)   Pre Evacuate Collection Set: 0.2ms
[2020-12-15T09:54:26.026-0500][gc,phases      ] GC(7896)   Evacuate Collection Set: 1.4ms
[2020-12-15T09:54:26.026-0500][gc,phases      ] GC(7896)   Post Evacuate Collection Set: 12.2ms
[2020-12-15T09:54:26.026-0500][gc,phases      ] GC(7896)   Other: 0.3ms
[2020-12-15T09:54:26.026-0500][gc,heap        ] GC(7896) Eden regions: 11->0(11)
[2020-12-15T09:54:26.026-0500][gc,heap        ] GC(7896) Survivor regions: 1->1(2)
[2020-12-15T09:54:26.026-0500][gc,heap        ] GC(7896) Old regions: 42->42
[2020-12-15T09:54:26.026-0500][gc,heap        ] GC(7896) Humongous regions: 4->4
[2020-12-15T09:54:26.026-0500][gc,metaspace   ] GC(7896) Metaspace: 49870K->49870K(1093632K)
[2020-12-15T09:54:26.026-0500][gc,heap        ] GC(7896) Heap after GC invocations=7897 (full 1648): garbage-first heap   total 67584K, used 43727K [0x0000000083000000, 0x0000000100000000)
[2020-12-15T09:54:26.026-0500][gc,heap        ] GC(7896)   region size 1024K, 1 young (1024K), 1 survivors (1024K)
[2020-12-15T09:54:26.026-0500][gc,heap        ] GC(7896)  Metaspace       used 49870K, capacity 52165K, committed 53248K, reserved 1093632K
[2020-12-15T09:54:26.026-0500][gc,heap        ] GC(7896)   class space    used 7520K, capacity 8361K, committed 8704K, reserved 1048576K
[2020-12-15T09:54:26.026-0500][gc             ] GC(7896) Pause Young (Concurrent Start) (G1 Evacuation Pause) 53M->42M(66M) 14.177ms
[2020-12-15T09:54:26.026-0500][gc,cpu         ] GC(7896) User=0.07s Sys=0.00s Real=0.01s
[2020-12-15T09:54:26.027-0500][gc             ] GC(7897) Concurrent Cycle
[2020-12-15T09:54:26.027-0500][gc,marking     ] GC(7897) Concurrent Clear Claimed Marks
[2020-12-15T09:54:26.027-0500][gc,marking     ] GC(7897) Concurrent Clear Claimed Marks 0.208ms
[2020-12-15T09:54:26.027-0500][gc,marking     ] GC(7897) Concurrent Scan Root Regions
[2020-12-15T09:54:26.028-0500][gc,marking     ] GC(7897) Concurrent Scan Root Regions 0.828ms
[2020-12-15T09:54:26.028-0500][gc,marking     ] GC(7897) Concurrent Mark (494263.415s)
[2020-12-15T09:54:26.028-0500][gc,marking     ] GC(7897) Concurrent Mark From Roots
[2020-12-15T09:54:26.028-0500][gc,task        ] GC(7897) Using 2 workers of 2 for marking
[2020-12-15T09:54:26.072-0500][gc,marking     ] GC(7897) Concurrent Mark From Roots 44.591ms
[2020-12-15T09:54:26.072-0500][gc,marking     ] GC(7897) Concurrent Preclean
[2020-12-15T09:54:26.073-0500][gc,marking     ] GC(7897) Concurrent Preclean 0.163ms
[2020-12-15T09:54:26.073-0500][gc,marking     ] GC(7897) Concurrent Mark (494263.415s, 494263.460s) 44.855ms
[2020-12-15T09:54:26.073-0500][gc,start       ] GC(7897) Pause Remark
[2020-12-15T09:54:26.079-0500][gc,stringtable ] GC(7897) Cleaned string and symbol table, strings: 32723 processed, 0 removed, symbols: 120741 processed, 0 removed
[2020-12-15T09:54:26.080-0500][gc             ] GC(7897) Pause Remark 43M->43M(66M) 6.940ms
[2020-12-15T09:54:26.080-0500][gc,cpu         ] GC(7897) User=0.03s Sys=0.00s Real=0.01s
[2020-12-15T09:54:26.080-0500][gc,marking     ] GC(7897) Concurrent Rebuild Remembered Sets
[2020-12-15T09:54:26.105-0500][gc,marking     ] GC(7897) Concurrent Rebuild Remembered Sets 25.116ms
[2020-12-15T09:54:26.105-0500][gc,start       ] GC(7897) Pause Cleanup
[2020-12-15T09:54:26.106-0500][gc             ] GC(7897) Pause Cleanup 43M->43M(66M) 0.240ms
[2020-12-15T09:54:26.106-0500][gc,cpu         ] GC(7897) User=0.00s Sys=0.00s Real=0.00s
[2020-12-15T09:54:26.106-0500][gc,marking     ] GC(7897) Concurrent Cleanup for Next Mark
[2020-12-15T09:54:26.106-0500][gc,marking     ] GC(7897) Concurrent Cleanup for Next Mark 0.172ms
[2020-12-15T09:54:26.106-0500][gc             ] GC(7897) Concurrent Cycle 79.454ms
[2020-12-15T09:55:25.474-0500][gc,heap        ] GC(7898) Heap before GC invocations=7898 (full 1648): garbage-first heap   total 67584K, used 53967K [0x0000000083000000, 0x0000000100000000)
[2020-12-15T09:55:25.474-0500][gc,heap        ] GC(7898)   region size 1024K, 12 young (12288K), 1 survivors (1024K)
[2020-12-15T09:55:25.474-0500][gc,heap        ] GC(7898)  Metaspace       used 49890K, capacity 52165K, committed 53248K, reserved 1093632K
[2020-12-15T09:55:25.474-0500][gc,heap        ] GC(7898)   class space    used 7520K, capacity 8361K, committed 8704K, reserved 1048576K
[2020-12-15T09:55:25.474-0500][gc,start       ] GC(7898) Pause Young (Normal) (G1 Evacuation Pause)
[2020-12-15T09:55:25.474-0500][gc,task        ] GC(7898) Using 8 workers of 8 for evacuation
[2020-12-15T09:55:25.476-0500][gc,phases      ] GC(7898)   Pre Evacuate Collection Set: 0.0ms
[2020-12-15T09:55:25.476-0500][gc,phases      ] GC(7898)   Evacuate Collection Set: 0.8ms
[2020-12-15T09:55:25.476-0500][gc,phases      ] GC(7898)   Post Evacuate Collection Set: 1.0ms
[2020-12-15T09:55:25.476-0500][gc,phases      ] GC(7898)   Other: 0.3ms
[2020-12-15T09:55:25.476-0500][gc,heap        ] GC(7898) Eden regions: 11->0(11)
[2020-12-15T09:55:25.476-0500][gc,heap        ] GC(7898) Survivor regions: 1->1(2)
[2020-12-15T09:55:25.476-0500][gc,heap        ] GC(7898) Old regions: 42->42
[2020-12-15T09:55:25.476-0500][gc,heap        ] GC(7898) Humongous regions: 4->4
[2020-12-15T09:55:25.476-0500][gc,metaspace   ] GC(7898) Metaspace: 49890K->49890K(1093632K)
[2020-12-15T09:55:25.476-0500][gc,heap        ] GC(7898) Heap after GC invocations=7899 (full 1648): garbage-first heap   total 67584K, used 43856K [0x0000000083000000, 0x0000000100000000)
[2020-12-15T09:55:25.476-0500][gc,heap        ] GC(7898)   region size 1024K, 1 young (1024K), 1 survivors (1024K)
[2020-12-15T09:55:25.476-0500][gc,heap        ] GC(7898)  Metaspace       used 49890K, capacity 52165K, committed 53248K, reserved 1093632K
[2020-12-15T09:55:25.476-0500][gc,heap        ] GC(7898)   class space    used 7520K, capacity 8361K, committed 8704K, reserved 1048576K
[2020-12-15T09:55:25.476-0500][gc             ] GC(7898) Pause Young (Normal) (G1 Evacuation Pause) 53M->42M(66M) 2.303ms
[2020-12-15T09:55:25.477-0500][gc,cpu         ] GC(7898) User=0.01s Sys=0.00s Real=0.00s
[2020-12-15T09:56:15.470-0500][gc,heap        ] GC(7899) Heap before GC invocations=7899 (full 1648): garbage-first heap   total 67584K, used 54096K [0x0000000083000000, 0x0000000100000000)
[2020-12-15T09:56:15.470-0500][gc,heap        ] GC(7899)   region size 1024K, 12 young (12288K), 1 survivors (1024K)
[2020-12-15T09:56:15.470-0500][gc,heap        ] GC(7899)  Metaspace       used 49890K, capacity 52165K, committed 53248K, reserved 1093632K
[2020-12-15T09:56:15.470-0500][gc,heap        ] GC(7899)   class space    used 7520K, capacity 8361K, committed 8704K, reserved 1048576K
[2020-12-15T09:56:15.470-0500][gc,start       ] GC(7899) Pause Young (Concurrent Start) (G1 Evacuation Pause)
[2020-12-15T09:56:15.470-0500][gc,task        ] GC(7899) Using 8 workers of 8 for evacuation
[2020-12-15T09:56:15.472-0500][gc,phases      ] GC(7899)   Pre Evacuate Collection Set: 0.2ms
[2020-12-15T09:56:15.472-0500][gc,phases      ] GC(7899)   Evacuate Collection Set: 1.4ms
[2020-12-15T09:56:15.472-0500][gc,phases      ] GC(7899)   Post Evacuate Collection Set: 0.8ms
[2020-12-15T09:56:15.473-0500][gc,phases      ] GC(7899)   Other: 0.3ms
[2020-12-15T09:56:15.473-0500][gc,heap        ] GC(7899) Eden regions: 11->0(11)
[2020-12-15T09:56:15.473-0500][gc,heap        ] GC(7899) Survivor regions: 1->1(2)
[2020-12-15T09:56:15.473-0500][gc,heap        ] GC(7899) Old regions: 42->42
[2020-12-15T09:56:15.473-0500][gc,heap        ] GC(7899) Humongous regions: 4->4
[2020-12-15T09:56:15.473-0500][gc,metaspace   ] GC(7899) Metaspace: 49890K->49890K(1093632K)
[2020-12-15T09:56:15.473-0500][gc,heap        ] GC(7899) Heap after GC invocations=7900 (full 1648): garbage-first heap   total 67584K, used 43911K [0x0000000083000000, 0x0000000100000000)
[2020-12-15T09:56:15.473-0500][gc,heap        ] GC(7899)   region size 1024K, 1 young (1024K), 1 survivors (1024K)
[2020-12-15T09:56:15.473-0500][gc,heap        ] GC(7899)  Metaspace       used 49890K, capacity 52165K, committed 53248K, reserved 1093632K
[2020-12-15T09:56:15.473-0500][gc,heap        ] GC(7899)   class space    used 7520K, capacity 8361K, committed 8704K, reserved 1048576K
[2020-12-15T09:56:15.473-0500][gc             ] GC(7899) Pause Young (Concurrent Start) (G1 Evacuation Pause) 53M->42M(66M) 2.743ms
[2020-12-15T09:56:15.473-0500][gc,cpu         ] GC(7899) User=0.00s Sys=0.01s Real=0.00s
[2020-12-15T09:56:15.473-0500][gc             ] GC(7900) Concurrent Cycle
[2020-12-15T09:56:15.473-0500][gc,marking     ] GC(7900) Concurrent Clear Claimed Marks
[2020-12-15T09:56:15.473-0500][gc,marking     ] GC(7900) Concurrent Clear Claimed Marks 0.130ms
[2020-12-15T09:56:15.473-0500][gc,marking     ] GC(7900) Concurrent Scan Root Regions
[2020-12-15T09:56:15.474-0500][gc,marking     ] GC(7900) Concurrent Scan Root Regions 0.699ms
[2020-12-15T09:56:15.474-0500][gc,marking     ] GC(7900) Concurrent Mark (494372.861s)
[2020-12-15T09:56:15.474-0500][gc,marking     ] GC(7900) Concurrent Mark From Roots
[2020-12-15T09:56:15.474-0500][gc,task        ] GC(7900) Using 2 workers of 2 for marking
[2020-12-15T09:56:15.526-0500][gc,marking     ] GC(7900) Concurrent Mark From Roots 52.752ms
[2020-12-15T09:56:15.527-0500][gc,marking     ] GC(7900) Concurrent Preclean
[2020-12-15T09:56:15.527-0500][gc,marking     ] GC(7900) Concurrent Preclean 0.199ms
[2020-12-15T09:56:15.527-0500][gc,marking     ] GC(7900) Concurrent Mark (494372.861s, 494372.914s) 53.070ms
[2020-12-15T09:56:15.527-0500][gc,start       ] GC(7900) Pause Remark
[2020-12-15T09:56:15.534-0500][gc,stringtable ] GC(7900) Cleaned string and symbol table, strings: 32727 processed, 0 removed, symbols: 120741 processed, 0 removed
[2020-12-15T09:56:15.535-0500][gc             ] GC(7900) Pause Remark 43M->43M(66M) 8.028ms
[2020-12-15T09:56:15.535-0500][gc,cpu         ] GC(7900) User=0.04s Sys=0.00s Real=0.01s
[2020-12-15T09:56:15.535-0500][gc,marking     ] GC(7900) Concurrent Rebuild Remembered Sets
[2020-12-15T09:56:15.564-0500][gc,marking     ] GC(7900) Concurrent Rebuild Remembered Sets 28.459ms
[2020-12-15T09:56:15.564-0500][gc,start       ] GC(7900) Pause Cleanup
[2020-12-15T09:56:15.565-0500][gc             ] GC(7900) Pause Cleanup 43M->43M(66M) 0.330ms
[2020-12-15T09:56:15.565-0500][gc,cpu         ] GC(7900) User=0.00s Sys=0.00s Real=0.00s
[2020-12-15T09:56:15.565-0500][gc,marking     ] GC(7900) Concurrent Cleanup for Next Mark
[2020-12-15T09:56:15.565-0500][gc,marking     ] GC(7900) Concurrent Cleanup for Next Mark 0.250ms
[2020-12-15T09:56:15.565-0500][gc             ] GC(7900) Concurrent Cycle 92.418ms
[2020-12-15T09:56:45.191-0500][gc,task        ] GC(7901) Using 5 workers of 8 for full compaction
[2020-12-15T09:56:45.192-0500][gc,start       ] GC(7901) Pause Full (System.gc())
[2020-12-15T09:56:45.192-0500][gc,heap        ] GC(7901) Heap before GC invocations=7901 (full 1648): garbage-first heap   total 67584K, used 49031K [0x0000000083000000, 0x0000000100000000)
[2020-12-15T09:56:45.192-0500][gc,heap        ] GC(7901)   region size 1024K, 7 young (7168K), 1 survivors (1024K)
[2020-12-15T09:56:45.192-0500][gc,heap        ] GC(7901)  Metaspace       used 49890K, capacity 52165K, committed 53248K, reserved 1093632K
[2020-12-15T09:56:45.192-0500][gc,heap        ] GC(7901)   class space    used 7520K, capacity 8361K, committed 8704K, reserved 1048576K
[2020-12-15T09:56:45.192-0500][gc,phases,start] GC(7901) Phase 1: Mark live objects
[2020-12-15T09:56:45.216-0500][gc,stringtable ] GC(7901) Cleaned string and symbol table, strings: 32727 processed, 5 removed, symbols: 120741 processed, 0 removed
[2020-12-15T09:56:45.216-0500][gc,phases      ] GC(7901) Phase 1: Mark live objects 24.011ms
[2020-12-15T09:56:45.216-0500][gc,phases,start] GC(7901) Phase 2: Prepare for compaction
[2020-12-15T09:56:45.220-0500][gc,phases      ] GC(7901) Phase 2: Prepare for compaction 3.883ms
[2020-12-15T09:56:45.220-0500][gc,phases,start] GC(7901) Phase 3: Adjust pointers
[2020-12-15T09:56:45.233-0500][gc,phases      ] GC(7901) Phase 3: Adjust pointers 13.142ms
[2020-12-15T09:56:45.233-0500][gc,phases,start] GC(7901) Phase 4: Compact heap
[2020-12-15T09:56:45.237-0500][gc,phases      ] GC(7901) Phase 4: Compact heap 3.171ms
[2020-12-15T09:56:45.243-0500][gc,heap        ] GC(7901) Eden regions: 6->0(11)
[2020-12-15T09:56:45.243-0500][gc,heap        ] GC(7901) Survivor regions: 1->0(2)
[2020-12-15T09:56:45.243-0500][gc,heap        ] GC(7901) Old regions: 42->43
[2020-12-15T09:56:45.243-0500][gc,heap        ] GC(7901) Humongous regions: 4->4
[2020-12-15T09:56:45.243-0500][gc,metaspace   ] GC(7901) Metaspace: 49890K->49890K(1093632K)
[2020-12-15T09:56:45.243-0500][gc,heap        ] GC(7901) Heap after GC invocations=7902 (full 1649): garbage-first heap   total 67584K, used 43688K [0x0000000083000000, 0x0000000100000000)
[2020-12-15T09:56:45.243-0500][gc,heap        ] GC(7901)   region size 1024K, 0 young (0K), 0 survivors (0K)
[2020-12-15T09:56:45.243-0500][gc,heap        ] GC(7901)  Metaspace       used 49890K, capacity 52165K, committed 53248K, reserved 1093632K
[2020-12-15T09:56:45.243-0500][gc,heap        ] GC(7901)   class space    used 7520K, capacity 8361K, committed 8704K, reserved 1048576K
[2020-12-15T09:56:45.243-0500][gc             ] GC(7901) Pause Full (System.gc()) 47M->42M(66M) 51.855ms
[2020-12-15T09:56:45.244-0500][gc,cpu         ] GC(7901) User=0.22s Sys=0.00s Real=0.05s
[2020-12-15T09:57:35.470-0500][gc,heap        ] GC(7902) Heap before GC invocations=7902 (full 1649): garbage-first heap   total 67584K, used 53928K [0x0000000083000000, 0x0000000100000000)
[2020-12-15T09:57:35.470-0500][gc,heap        ] GC(7902)   region size 1024K, 11 young (11264K), 0 survivors (0K)
[2020-12-15T09:57:35.470-0500][gc,heap        ] GC(7902)  Metaspace       used 49890K, capacity 52165K, committed 53248K, reserved 1093632K
[2020-12-15T09:57:35.470-0500][gc,heap        ] GC(7902)   class space    used 7520K, capacity 8361K, committed 8704K, reserved 1048576K
[2020-12-15T09:57:35.470-0500][gc,start       ] GC(7902) Pause Young (Concurrent Start) (G1 Evacuation Pause)
[2020-12-15T09:57:35.470-0500][gc,task        ] GC(7902) Using 8 workers of 8 for evacuation
[2020-12-15T09:57:35.475-0500][gc,phases      ] GC(7902)   Pre Evacuate Collection Set: 0.2ms
[2020-12-15T09:57:35.475-0500][gc,phases      ] GC(7902)   Evacuate Collection Set: 3.4ms
[2020-12-15T09:57:35.475-0500][gc,phases      ] GC(7902)   Post Evacuate Collection Set: 0.9ms
[2020-12-15T09:57:35.475-0500][gc,phases      ] GC(7902)   Other: 0.2ms
[2020-12-15T09:57:35.475-0500][gc,heap        ] GC(7902) Eden regions: 11->0(10)
[2020-12-15T09:57:35.475-0500][gc,heap        ] GC(7902) Survivor regions: 0->1(2)
[2020-12-15T09:57:35.475-0500][gc,heap        ] GC(7902) Old regions: 43->43
[2020-12-15T09:57:35.475-0500][gc,heap        ] GC(7902) Humongous regions: 4->4
[2020-12-15T09:57:35.475-0500][gc,metaspace   ] GC(7902) Metaspace: 49890K->49890K(1093632K)
[2020-12-15T09:57:35.475-0500][gc,heap        ] GC(7902) Heap after GC invocations=7903 (full 1649): garbage-first heap   total 67584K, used 43916K [0x0000000083000000, 0x0000000100000000)
[2020-12-15T09:57:35.475-0500][gc,heap        ] GC(7902)   region size 1024K, 1 young (1024K), 1 survivors (1024K)
[2020-12-15T09:57:35.475-0500][gc,heap        ] GC(7902)  Metaspace       used 49890K, capacity 52165K, committed 53248K, reserved 1093632K
[2020-12-15T09:57:35.475-0500][gc,heap        ] GC(7902)   class space    used 7520K, capacity 8361K, committed 8704K, reserved 1048576K
[2020-12-15T09:57:35.475-0500][gc             ] GC(7902) Pause Young (Concurrent Start) (G1 Evacuation Pause) 53M->42M(66M) 4.821ms
[2020-12-15T09:57:35.475-0500][gc,cpu         ] GC(7902) User=0.02s Sys=0.00s Real=0.00s
[2020-12-15T09:57:35.475-0500][gc             ] GC(7903) Concurrent Cycle
[2020-12-15T09:57:35.475-0500][gc,marking     ] GC(7903) Concurrent Clear Claimed Marks
[2020-12-15T09:57:35.475-0500][gc,marking     ] GC(7903) Concurrent Clear Claimed Marks 0.089ms
[2020-12-15T09:57:35.475-0500][gc,marking     ] GC(7903) Concurrent Scan Root Regions
[2020-12-15T09:57:35.476-0500][gc,marking     ] GC(7903) Concurrent Scan Root Regions 0.991ms
[2020-12-15T09:57:35.476-0500][gc,marking     ] GC(7903) Concurrent Mark (494452.863s)
[2020-12-15T09:57:35.476-0500][gc,marking     ] GC(7903) Concurrent Mark From Roots
[2020-12-15T09:57:35.476-0500][gc,task        ] GC(7903) Using 2 workers of 2 for marking
[2020-12-15T09:57:35.523-0500][gc,marking     ] GC(7903) Concurrent Mark From Roots 46.998ms
[2020-12-15T09:57:35.523-0500][gc,marking     ] GC(7903) Concurrent Preclean
[2020-12-15T09:57:35.523-0500][gc,marking     ] GC(7903) Concurrent Preclean 0.150ms
[2020-12-15T09:57:35.523-0500][gc,marking     ] GC(7903) Concurrent Mark (494452.863s, 494452.910s) 47.244ms
[2020-12-15T09:57:35.524-0500][gc,start       ] GC(7903) Pause Remark
[2020-12-15T09:57:35.539-0500][gc,stringtable ] GC(7903) Cleaned string and symbol table, strings: 32727 processed, 0 removed, symbols: 120741 processed, 0 removed
[2020-12-15T09:57:35.540-0500][gc             ] GC(7903) Pause Remark 43M->43M(66M) 16.072ms
[2020-12-15T09:57:35.540-0500][gc,cpu         ] GC(7903) User=0.09s Sys=0.00s Real=0.02s
[2020-12-15T09:57:35.540-0500][gc,marking     ] GC(7903) Concurrent Rebuild Remembered Sets
[2020-12-15T09:57:35.563-0500][gc,marking     ] GC(7903) Concurrent Rebuild Remembered Sets 23.574ms
[2020-12-15T09:57:35.564-0500][gc,start       ] GC(7903) Pause Cleanup
[2020-12-15T09:57:35.564-0500][gc             ] GC(7903) Pause Cleanup 43M->43M(66M) 0.199ms
[2020-12-15T09:57:35.564-0500][gc,cpu         ] GC(7903) User=0.00s Sys=0.00s Real=0.00s
[2020-12-15T09:57:35.564-0500][gc,marking     ] GC(7903) Concurrent Cleanup for Next Mark
[2020-12-15T09:57:35.564-0500][gc,marking     ] GC(7903) Concurrent Cleanup for Next Mark 0.156ms
[2020-12-15T09:57:35.565-0500][gc             ] GC(7903) Concurrent Cycle 89.578ms
[2020-12-15T09:58:25.470-0500][gc,heap        ] GC(7904) Heap before GC invocations=7904 (full 1649): garbage-first heap   total 67584K, used 53132K [0x0000000083000000, 0x0000000100000000)
[2020-12-15T09:58:25.470-0500][gc,heap        ] GC(7904)   region size 1024K, 11 young (11264K), 1 survivors (1024K)
[2020-12-15T09:58:25.470-0500][gc,heap        ] GC(7904)  Metaspace       used 49890K, capacity 52165K, committed 53248K, reserved 1093632K
[2020-12-15T09:58:25.470-0500][gc,heap        ] GC(7904)   class space    used 7520K, capacity 8361K, committed 8704K, reserved 1048576K
[2020-12-15T09:58:25.470-0500][gc,start       ] GC(7904) Pause Young (Normal) (G1 Evacuation Pause)
[2020-12-15T09:58:25.470-0500][gc,task        ] GC(7904) Using 8 workers of 8 for evacuation
[2020-12-15T09:58:25.475-0500][gc,phases      ] GC(7904)   Pre Evacuate Collection Set: 0.0ms
[2020-12-15T09:58:25.475-0500][gc,phases      ] GC(7904)   Evacuate Collection Set: 2.6ms
[2020-12-15T09:58:25.475-0500][gc,phases      ] GC(7904)   Post Evacuate Collection Set: 2.0ms
[2020-12-15T09:58:25.475-0500][gc,phases      ] GC(7904)   Other: 0.4ms
[2020-12-15T09:58:25.475-0500][gc,heap        ] GC(7904) Eden regions: 10->0(10)
[2020-12-15T09:58:25.475-0500][gc,heap        ] GC(7904) Survivor regions: 1->1(2)
[2020-12-15T09:58:25.475-0500][gc,heap        ] GC(7904) Old regions: 43->43
[2020-12-15T09:58:25.475-0500][gc,heap        ] GC(7904) Humongous regions: 4->4
[2020-12-15T09:58:25.475-0500][gc,metaspace   ] GC(7904) Metaspace: 49890K->49890K(1093632K)
[2020-12-15T09:58:25.475-0500][gc,heap        ] GC(7904) Heap after GC invocations=7905 (full 1649): garbage-first heap   total 67584K, used 43905K [0x0000000083000000, 0x0000000100000000)
[2020-12-15T09:58:25.475-0500][gc,heap        ] GC(7904)   region size 1024K, 1 young (1024K), 1 survivors (1024K)
[2020-12-15T09:58:25.475-0500][gc,heap        ] GC(7904)  Metaspace       used 49890K, capacity 52165K, committed 53248K, reserved 1093632K
[2020-12-15T09:58:25.475-0500][gc,heap        ] GC(7904)   class space    used 7520K, capacity 8361K, committed 8704K, reserved 1048576K
[2020-12-15T09:58:25.475-0500][gc             ] GC(7904) Pause Young (Normal) (G1 Evacuation Pause) 52M->42M(66M) 4.962ms
[2020-12-15T09:58:25.475-0500][gc,cpu         ] GC(7904) User=0.02s Sys=0.00s Real=0.00s
[2020-12-15T09:59:15.474-0500][gc,heap        ] GC(7905) Heap before GC invocations=7905 (full 1649): garbage-first heap   total 67584K, used 53121K [0x0000000083000000, 0x0000000100000000)
[2020-12-15T09:59:15.474-0500][gc,heap        ] GC(7905)   region size 1024K, 11 young (11264K), 1 survivors (1024K)
[2020-12-15T09:59:15.474-0500][gc,heap        ] GC(7905)  Metaspace       used 49890K, capacity 52165K, committed 53248K, reserved 1093632K
[2020-12-15T09:59:15.474-0500][gc,heap        ] GC(7905)   class space    used 7520K, capacity 8361K, committed 8704K, reserved 1048576K
[2020-12-15T09:59:15.474-0500][gc,start       ] GC(7905) Pause Young (Concurrent Start) (G1 Evacuation Pause)
[2020-12-15T09:59:15.474-0500][gc,task        ] GC(7905) Using 8 workers of 8 for evacuation
[2020-12-15T09:59:15.478-0500][gc,phases      ] GC(7905)   Pre Evacuate Collection Set: 0.2ms
[2020-12-15T09:59:15.478-0500][gc,phases      ] GC(7905)   Evacuate Collection Set: 2.1ms
[2020-12-15T09:59:15.478-0500][gc,phases      ] GC(7905)   Post Evacuate Collection Set: 1.0ms
[2020-12-15T09:59:15.478-0500][gc,phases      ] GC(7905)   Other: 0.3ms
[2020-12-15T09:59:15.478-0500][gc,heap        ] GC(7905) Eden regions: 10->0(10)
[2020-12-15T09:59:15.478-0500][gc,heap        ] GC(7905) Survivor regions: 1->1(2)
[2020-12-15T09:59:15.478-0500][gc,heap        ] GC(7905) Old regions: 43->43
[2020-12-15T09:59:15.478-0500][gc,heap        ] GC(7905) Humongous regions: 4->4
[2020-12-15T09:59:15.478-0500][gc,metaspace   ] GC(7905) Metaspace: 49890K->49890K(1093632K)
[2020-12-15T09:59:15.478-0500][gc,heap        ] GC(7905) Heap after GC invocations=7906 (full 1649): garbage-first heap   total 67584K, used 43891K [0x0000000083000000, 0x0000000100000000)
[2020-12-15T09:59:15.478-0500][gc,heap        ] GC(7905)   region size 1024K, 1 young (1024K), 1 survivors (1024K)
[2020-12-15T09:59:15.478-0500][gc,heap        ] GC(7905)  Metaspace       used 49890K, capacity 52165K, committed 53248K, reserved 1093632K
[2020-12-15T09:59:15.478-0500][gc,heap        ] GC(7905)   class space    used 7520K, capacity 8361K, committed 8704K, reserved 1048576K
[2020-12-15T09:59:15.478-0500][gc             ] GC(7905) Pause Young (Concurrent Start) (G1 Evacuation Pause) 52M->42M(66M) 3.737ms
[2020-12-15T09:59:15.478-0500][gc,cpu         ] GC(7905) User=0.01s Sys=0.00s Real=0.01s
[2020-12-15T09:59:15.478-0500][gc             ] GC(7906) Concurrent Cycle
[2020-12-15T09:59:15.478-0500][gc,marking     ] GC(7906) Concurrent Clear Claimed Marks
[2020-12-15T09:59:15.479-0500][gc,marking     ] GC(7906) Concurrent Clear Claimed Marks 0.253ms
[2020-12-15T09:59:15.479-0500][gc,marking     ] GC(7906) Concurrent Scan Root Regions
[2020-12-15T09:59:15.480-0500][gc,marking     ] GC(7906) Concurrent Scan Root Regions 1.277ms
[2020-12-15T09:59:15.480-0500][gc,marking     ] GC(7906) Concurrent Mark (494552.867s)
[2020-12-15T09:59:15.480-0500][gc,marking     ] GC(7906) Concurrent Mark From Roots
[2020-12-15T09:59:15.480-0500][gc,task        ] GC(7906) Using 2 workers of 2 for marking
[2020-12-15T09:59:15.536-0500][gc,marking     ] GC(7906) Concurrent Mark From Roots 56.009ms
[2020-12-15T09:59:15.536-0500][gc,marking     ] GC(7906) Concurrent Preclean
[2020-12-15T09:59:15.536-0500][gc,marking     ] GC(7906) Concurrent Preclean 0.157ms
[2020-12-15T09:59:15.536-0500][gc,marking     ] GC(7906) Concurrent Mark (494552.867s, 494552.923s) 56.272ms
[2020-12-15T09:59:15.537-0500][gc,start       ] GC(7906) Pause Remark
[2020-12-15T09:59:15.545-0500][gc,stringtable ] GC(7906) Cleaned string and symbol table, strings: 32727 processed, 0 removed, symbols: 120741 processed, 0 removed
[2020-12-15T09:59:15.545-0500][gc             ] GC(7906) Pause Remark 43M->43M(66M) 8.738ms
[2020-12-15T09:59:15.546-0500][gc,cpu         ] GC(7906) User=0.05s Sys=0.00s Real=0.01s
[2020-12-15T09:59:15.546-0500][gc,marking     ] GC(7906) Concurrent Rebuild Remembered Sets
[2020-12-15T09:59:15.580-0500][gc,marking     ] GC(7906) Concurrent Rebuild Remembered Sets 34.629ms
[2020-12-15T09:59:15.581-0500][gc,start       ] GC(7906) Pause Cleanup
[2020-12-15T09:59:15.581-0500][gc             ] GC(7906) Pause Cleanup 43M->43M(66M) 0.250ms
[2020-12-15T09:59:15.581-0500][gc,cpu         ] GC(7906) User=0.00s Sys=0.00s Real=0.00s
[2020-12-15T09:59:15.581-0500][gc,marking     ] GC(7906) Concurrent Cleanup for Next Mark
[2020-12-15T09:59:15.581-0500][gc,marking     ] GC(7906) Concurrent Cleanup for Next Mark 0.245ms
[2020-12-15T09:59:15.581-0500][gc             ] GC(7906) Concurrent Cycle 103.081ms
[2020-12-15T10:00:05.475-0500][gc,heap        ] GC(7907) Heap before GC invocations=7907 (full 1649): garbage-first heap   total 67584K, used 54131K [0x0000000083000000, 0x0000000100000000)
[2020-12-15T10:00:05.475-0500][gc,heap        ] GC(7907)   region size 1024K, 11 young (11264K), 1 survivors (1024K)
[2020-12-15T10:00:05.475-0500][gc,heap        ] GC(7907)  Metaspace       used 49890K, capacity 52165K, committed 53248K, reserved 1093632K
[2020-12-15T10:00:05.475-0500][gc,heap        ] GC(7907)   class space    used 7520K, capacity 8361K, committed 8704K, reserved 1048576K
[2020-12-15T10:00:05.475-0500][gc,start       ] GC(7907) Pause Young (Normal) (G1 Evacuation Pause)
[2020-12-15T10:00:05.475-0500][gc,task        ] GC(7907) Using 8 workers of 8 for evacuation
[2020-12-15T10:00:05.511-0500][gc,phases      ] GC(7907)   Pre Evacuate Collection Set: 0.0ms
[2020-12-15T10:00:05.511-0500][gc,phases      ] GC(7907)   Evacuate Collection Set: 6.2ms
[2020-12-15T10:00:05.511-0500][gc,phases      ] GC(7907)   Post Evacuate Collection Set: 29.2ms
[2020-12-15T10:00:05.511-0500][gc,phases      ] GC(7907)   Other: 0.3ms
[2020-12-15T10:00:05.511-0500][gc,heap        ] GC(7907) Eden regions: 10->0(10)
[2020-12-15T10:00:05.511-0500][gc,heap        ] GC(7907) Survivor regions: 1->1(2)
[2020-12-15T10:00:05.511-0500][gc,heap        ] GC(7907) Old regions: 43->43
[2020-12-15T10:00:05.511-0500][gc,heap        ] GC(7907) Humongous regions: 4->4
[2020-12-15T10:00:05.511-0500][gc,metaspace   ] GC(7907) Metaspace: 49890K->49890K(1093632K)
[2020-12-15T10:00:05.511-0500][gc,heap        ] GC(7907) Heap after GC invocations=7908 (full 1649): garbage-first heap   total 67584K, used 43830K [0x0000000083000000, 0x0000000100000000)
[2020-12-15T10:00:05.511-0500][gc,heap        ] GC(7907)   region size 1024K, 1 young (1024K), 1 survivors (1024K)
[2020-12-15T10:00:05.511-0500][gc,heap        ] GC(7907)  Metaspace       used 49890K, capacity 52165K, committed 53248K, reserved 1093632K
[2020-12-15T10:00:05.511-0500][gc,heap        ] GC(7907)   class space    used 7520K, capacity 8361K, committed 8704K, reserved 1048576K
[2020-12-15T10:00:05.511-0500][gc             ] GC(7907) Pause Young (Normal) (G1 Evacuation Pause) 52M->42M(66M) 35.917ms
[2020-12-15T10:00:05.511-0500][gc,cpu         ] GC(7907) User=0.22s Sys=0.00s Real=0.04s
[2020-12-15T10:00:55.519-0500][gc,heap        ] GC(7908) Heap before GC invocations=7908 (full 1649): garbage-first heap   total 67584K, used 54070K [0x0000000083000000, 0x0000000100000000)
[2020-12-15T10:00:55.519-0500][gc,heap        ] GC(7908)   region size 1024K, 11 young (11264K), 1 survivors (1024K)
[2020-12-15T10:00:55.520-0500][gc,heap        ] GC(7908)  Metaspace       used 49894K, capacity 52165K, committed 53248K, reserved 1093632K
[2020-12-15T10:00:55.520-0500][gc,heap        ] GC(7908)   class space    used 7520K, capacity 8361K, committed 8704K, reserved 1048576K
[2020-12-15T10:00:55.520-0500][gc,start       ] GC(7908) Pause Young (Concurrent Start) (G1 Evacuation Pause)
[2020-12-15T10:00:55.520-0500][gc,task        ] GC(7908) Using 8 workers of 8 for evacuation
[2020-12-15T10:00:55.583-0500][gc,phases      ] GC(7908)   Pre Evacuate Collection Set: 0.4ms
[2020-12-15T10:00:55.583-0500][gc,phases      ] GC(7908)   Evacuate Collection Set: 31.6ms
[2020-12-15T10:00:55.583-0500][gc,phases      ] GC(7908)   Post Evacuate Collection Set: 30.8ms
[2020-12-15T10:00:55.583-0500][gc,phases      ] GC(7908)   Other: 0.7ms
[2020-12-15T10:00:55.583-0500][gc,heap        ] GC(7908) Eden regions: 10->0(10)
[2020-12-15T10:00:55.583-0500][gc,heap        ] GC(7908) Survivor regions: 1->1(2)
[2020-12-15T10:00:55.583-0500][gc,heap        ] GC(7908) Old regions: 43->43
[2020-12-15T10:00:55.583-0500][gc,heap        ] GC(7908) Humongous regions: 4->4
[2020-12-15T10:00:55.583-0500][gc,metaspace   ] GC(7908) Metaspace: 49894K->49894K(1093632K)
[2020-12-15T10:00:55.583-0500][gc,heap        ] GC(7908) Heap after GC invocations=7909 (full 1649): garbage-first heap   total 67584K, used 43850K [0x0000000083000000, 0x0000000100000000)
[2020-12-15T10:00:55.583-0500][gc,heap        ] GC(7908)   region size 1024K, 1 young (1024K), 1 survivors (1024K)
[2020-12-15T10:00:55.583-0500][gc,heap        ] GC(7908)  Metaspace       used 49894K, capacity 52165K, committed 53248K, reserved 1093632K
[2020-12-15T10:00:55.583-0500][gc,heap        ] GC(7908)   class space    used 7520K, capacity 8361K, committed 8704K, reserved 1048576K
[2020-12-15T10:00:55.583-0500][gc             ] GC(7908) Pause Young (Concurrent Start) (G1 Evacuation Pause) 52M->42M(66M) 63.544ms
[2020-12-15T10:00:55.583-0500][gc,cpu         ] GC(7908) User=0.36s Sys=0.00s Real=0.06s
[2020-12-15T10:00:55.583-0500][gc             ] GC(7909) Concurrent Cycle
[2020-12-15T10:00:55.584-0500][gc,marking     ] GC(7909) Concurrent Clear Claimed Marks
[2020-12-15T10:00:55.584-0500][gc,marking     ] GC(7909) Concurrent Clear Claimed Marks 0.238ms
[2020-12-15T10:00:55.584-0500][gc,marking     ] GC(7909) Concurrent Scan Root Regions
[2020-12-15T10:00:55.599-0500][gc,marking     ] GC(7909) Concurrent Scan Root Regions 15.295ms
[2020-12-15T10:00:55.599-0500][gc,marking     ] GC(7909) Concurrent Mark (494652.986s)
[2020-12-15T10:00:55.599-0500][gc,marking     ] GC(7909) Concurrent Mark From Roots
[2020-12-15T10:00:55.599-0500][gc,task        ] GC(7909) Using 2 workers of 2 for marking
[2020-12-15T10:00:55.698-0500][gc,marking     ] GC(7909) Concurrent Mark From Roots 98.457ms
[2020-12-15T10:00:55.698-0500][gc,marking     ] GC(7909) Concurrent Preclean
[2020-12-15T10:00:55.698-0500][gc,marking     ] GC(7909) Concurrent Preclean 0.707ms
[2020-12-15T10:00:55.699-0500][gc,marking     ] GC(7909) Concurrent Mark (494652.986s, 494653.086s) 99.356ms
[2020-12-15T10:00:55.699-0500][gc,start       ] GC(7909) Pause Remark
[2020-12-15T10:00:55.707-0500][gc,stringtable ] GC(7909) Cleaned string and symbol table, strings: 32727 processed, 0 removed, symbols: 120741 processed, 0 removed
[2020-12-15T10:00:55.708-0500][gc             ] GC(7909) Pause Remark 44M->44M(66M) 8.421ms
[2020-12-15T10:00:55.708-0500][gc,cpu         ] GC(7909) User=0.04s Sys=0.00s Real=0.01s
[2020-12-15T10:00:55.708-0500][gc,marking     ] GC(7909) Concurrent Rebuild Remembered Sets
[2020-12-15T10:00:55.743-0500][gc,marking     ] GC(7909) Concurrent Rebuild Remembered Sets 35.297ms
[2020-12-15T10:00:55.744-0500][gc,start       ] GC(7909) Pause Cleanup
[2020-12-15T10:00:55.744-0500][gc             ] GC(7909) Pause Cleanup 44M->44M(66M) 0.399ms
[2020-12-15T10:00:55.744-0500][gc,cpu         ] GC(7909) User=0.00s Sys=0.00s Real=0.00s
[2020-12-15T10:00:55.744-0500][gc,marking     ] GC(7909) Concurrent Cleanup for Next Mark
[2020-12-15T10:00:55.745-0500][gc,marking     ] GC(7909) Concurrent Cleanup for Next Mark 0.524ms
[2020-12-15T10:00:55.745-0500][gc             ] GC(7909) Concurrent Cycle 161.417ms
[2020-12-15T10:01:43.378-0500][gc,heap        ] GC(7910) Heap before GC invocations=7910 (full 1649): garbage-first heap   total 67584K, used 53066K [0x0000000083000000, 0x0000000100000000)
[2020-12-15T10:01:43.378-0500][gc,heap        ] GC(7910)   region size 1024K, 11 young (11264K), 1 survivors (1024K)
[2020-12-15T10:01:43.378-0500][gc,heap        ] GC(7910)  Metaspace       used 49894K, capacity 52165K, committed 53248K, reserved 1093632K
[2020-12-15T10:01:43.378-0500][gc,heap        ] GC(7910)   class space    used 7520K, capacity 8361K, committed 8704K, reserved 1048576K
[2020-12-15T10:01:43.378-0500][gc,start       ] GC(7910) Pause Young (Normal) (G1 Evacuation Pause)
[2020-12-15T10:01:43.378-0500][gc,task        ] GC(7910) Using 8 workers of 8 for evacuation
[2020-12-15T10:01:43.382-0500][gc,phases      ] GC(7910)   Pre Evacuate Collection Set: 0.0ms
[2020-12-15T10:01:43.382-0500][gc,phases      ] GC(7910)   Evacuate Collection Set: 1.3ms
[2020-12-15T10:01:43.382-0500][gc,phases      ] GC(7910)   Post Evacuate Collection Set: 2.5ms
[2020-12-15T10:01:43.382-0500][gc,phases      ] GC(7910)   Other: 0.2ms
[2020-12-15T10:01:43.382-0500][gc,heap        ] GC(7910) Eden regions: 10->0(10)
[2020-12-15T10:01:43.382-0500][gc,heap        ] GC(7910) Survivor regions: 1->1(2)
[2020-12-15T10:01:43.382-0500][gc,heap        ] GC(7910) Old regions: 43->43
[2020-12-15T10:01:43.382-0500][gc,heap        ] GC(7910) Humongous regions: 4->4
[2020-12-15T10:01:43.382-0500][gc,metaspace   ] GC(7910) Metaspace: 49894K->49894K(1093632K)
[2020-12-15T10:01:43.382-0500][gc,heap        ] GC(7910) Heap after GC invocations=7911 (full 1649): garbage-first heap   total 67584K, used 43781K [0x0000000083000000, 0x0000000100000000)
[2020-12-15T10:01:43.382-0500][gc,heap        ] GC(7910)   region size 1024K, 1 young (1024K), 1 survivors (1024K)
[2020-12-15T10:01:43.382-0500][gc,heap        ] GC(7910)  Metaspace       used 49894K, capacity 52165K, committed 53248K, reserved 1093632K
[2020-12-15T10:01:43.382-0500][gc,heap        ] GC(7910)   class space    used 7520K, capacity 8361K, committed 8704K, reserved 1048576K
[2020-12-15T10:01:43.382-0500][gc             ] GC(7910) Pause Young (Normal) (G1 Evacuation Pause) 52M->42M(66M) 4.090ms
[2020-12-15T10:01:43.382-0500][gc,cpu         ] GC(7910) User=0.02s Sys=0.00s Real=0.00s
[2020-12-15T10:01:45.189-0500][gc,task        ] GC(7911) Using 5 workers of 8 for full compaction
[2020-12-15T10:01:45.190-0500][gc,start       ] GC(7911) Pause Full (System.gc())
[2020-12-15T10:01:45.190-0500][gc,heap        ] GC(7911) Heap before GC invocations=7911 (full 1649): garbage-first heap   total 67584K, used 43781K [0x0000000083000000, 0x0000000100000000)
[2020-12-15T10:01:45.190-0500][gc,heap        ] GC(7911)   region size 1024K, 2 young (2048K), 1 survivors (1024K)
[2020-12-15T10:01:45.190-0500][gc,heap        ] GC(7911)  Metaspace       used 49894K, capacity 52165K, committed 53248K, reserved 1093632K
[2020-12-15T10:01:45.190-0500][gc,heap        ] GC(7911)   class space    used 7520K, capacity 8361K, committed 8704K, reserved 1048576K
[2020-12-15T10:01:45.190-0500][gc,phases,start] GC(7911) Phase 1: Mark live objects
[2020-12-15T10:01:45.236-0500][gc,stringtable ] GC(7911) Cleaned string and symbol table, strings: 32727 processed, 5 removed, symbols: 120741 processed, 0 removed
[2020-12-15T10:01:45.236-0500][gc,phases      ] GC(7911) Phase 1: Mark live objects 46.314ms
[2020-12-15T10:01:45.237-0500][gc,phases,start] GC(7911) Phase 2: Prepare for compaction
[2020-12-15T10:01:45.244-0500][gc,phases      ] GC(7911) Phase 2: Prepare for compaction 7.304ms
[2020-12-15T10:01:45.244-0500][gc,phases,start] GC(7911) Phase 3: Adjust pointers
[2020-12-15T10:01:45.267-0500][gc,phases      ] GC(7911) Phase 3: Adjust pointers 22.650ms
[2020-12-15T10:01:45.267-0500][gc,phases,start] GC(7911) Phase 4: Compact heap
[2020-12-15T10:01:45.271-0500][gc,phases      ] GC(7911) Phase 4: Compact heap 4.682ms
[2020-12-15T10:01:45.282-0500][gc,heap        ] GC(7911) Eden regions: 1->0(11)
[2020-12-15T10:01:45.282-0500][gc,heap        ] GC(7911) Survivor regions: 1->0(2)
[2020-12-15T10:01:45.282-0500][gc,heap        ] GC(7911) Old regions: 43->43
[2020-12-15T10:01:45.282-0500][gc,heap        ] GC(7911) Humongous regions: 4->4
[2020-12-15T10:01:45.282-0500][gc,metaspace   ] GC(7911) Metaspace: 49894K->49894K(1093632K)
[2020-12-15T10:01:45.282-0500][gc,heap        ] GC(7911) Heap after GC invocations=7912 (full 1650): garbage-first heap   total 67584K, used 43731K [0x0000000083000000, 0x0000000100000000)
[2020-12-15T10:01:45.282-0500][gc,heap        ] GC(7911)   region size 1024K, 0 young (0K), 0 survivors (0K)
[2020-12-15T10:01:45.282-0500][gc,heap        ] GC(7911)  Metaspace       used 49894K, capacity 52165K, committed 53248K, reserved 1093632K
[2020-12-15T10:01:45.282-0500][gc,heap        ] GC(7911)   class space    used 7520K, capacity 8361K, committed 8704K, reserved 1048576K
[2020-12-15T10:01:45.282-0500][gc             ] GC(7911) Pause Full (System.gc()) 42M->42M(66M) 92.646ms
[2020-12-15T10:01:45.282-0500][gc,cpu         ] GC(7911) User=0.39s Sys=0.00s Real=0.09s
[2020-12-15T10:02:35.481-0500][gc,heap        ] GC(7912) Heap before GC invocations=7912 (full 1650): garbage-first heap   total 67584K, used 53971K [0x0000000083000000, 0x0000000100000000)
[2020-12-15T10:02:35.481-0500][gc,heap        ] GC(7912)   region size 1024K, 11 young (11264K), 0 survivors (0K)
[2020-12-15T10:02:35.481-0500][gc,heap        ] GC(7912)  Metaspace       used 49894K, capacity 52165K, committed 53248K, reserved 1093632K
[2020-12-15T10:02:35.481-0500][gc,heap        ] GC(7912)   class space    used 7520K, capacity 8361K, committed 8704K, reserved 1048576K
[2020-12-15T10:02:35.481-0500][gc,start       ] GC(7912) Pause Young (Concurrent Start) (G1 Evacuation Pause)
[2020-12-15T10:02:35.481-0500][gc,task        ] GC(7912) Using 8 workers of 8 for evacuation
[2020-12-15T10:02:35.550-0500][gc,phases      ] GC(7912)   Pre Evacuate Collection Set: 0.3ms
[2020-12-15T10:02:35.551-0500][gc,phases      ] GC(7912)   Evacuate Collection Set: 32.6ms
[2020-12-15T10:02:35.551-0500][gc,phases      ] GC(7912)   Post Evacuate Collection Set: 36.3ms
[2020-12-15T10:02:35.551-0500][gc,phases      ] GC(7912)   Other: 0.5ms
[2020-12-15T10:02:35.551-0500][gc,heap        ] GC(7912) Eden regions: 11->0(10)
[2020-12-15T10:02:35.551-0500][gc,heap        ] GC(7912) Survivor regions: 0->1(2)
[2020-12-15T10:02:35.551-0500][gc,heap        ] GC(7912) Old regions: 43->43
[2020-12-15T10:02:35.551-0500][gc,heap        ] GC(7912) Humongous regions: 4->4
[2020-12-15T10:02:35.551-0500][gc,metaspace   ] GC(7912) Metaspace: 49894K->49894K(1093632K)
[2020-12-15T10:02:35.551-0500][gc,heap        ] GC(7912) Heap after GC invocations=7913 (full 1650): garbage-first heap   total 67584K, used 43928K [0x0000000083000000, 0x0000000100000000)
[2020-12-15T10:02:35.551-0500][gc,heap        ] GC(7912)   region size 1024K, 1 young (1024K), 1 survivors (1024K)
[2020-12-15T10:02:35.551-0500][gc,heap        ] GC(7912)  Metaspace       used 49894K, capacity 52165K, committed 53248K, reserved 1093632K
[2020-12-15T10:02:35.551-0500][gc,heap        ] GC(7912)   class space    used 7520K, capacity 8361K, committed 8704K, reserved 1048576K
[2020-12-15T10:02:35.551-0500][gc             ] GC(7912) Pause Young (Concurrent Start) (G1 Evacuation Pause) 53M->42M(66M) 70.093ms
[2020-12-15T10:02:35.551-0500][gc,cpu         ] GC(7912) User=0.30s Sys=0.00s Real=0.07s
[2020-12-15T10:02:35.551-0500][gc             ] GC(7913) Concurrent Cycle
[2020-12-15T10:02:35.552-0500][gc,marking     ] GC(7913) Concurrent Clear Claimed Marks
[2020-12-15T10:02:35.553-0500][gc,marking     ] GC(7913) Concurrent Clear Claimed Marks 1.002ms
[2020-12-15T10:02:35.553-0500][gc,marking     ] GC(7913) Concurrent Scan Root Regions
[2020-12-15T10:02:35.555-0500][gc,marking     ] GC(7913) Concurrent Scan Root Regions 2.743ms
[2020-12-15T10:02:35.555-0500][gc,marking     ] GC(7913) Concurrent Mark (494752.943s)
[2020-12-15T10:02:35.556-0500][gc,marking     ] GC(7913) Concurrent Mark From Roots
[2020-12-15T10:02:35.556-0500][gc,task        ] GC(7913) Using 2 workers of 2 for marking
[2020-12-15T10:02:35.642-0500][gc,marking     ] GC(7913) Concurrent Mark From Roots 86.240ms
[2020-12-15T10:02:35.642-0500][gc,marking     ] GC(7913) Concurrent Preclean
[2020-12-15T10:02:35.642-0500][gc,marking     ] GC(7913) Concurrent Preclean 0.221ms
[2020-12-15T10:02:35.642-0500][gc,marking     ] GC(7913) Concurrent Mark (494752.943s, 494753.029s) 86.686ms
[2020-12-15T10:02:35.643-0500][gc,start       ] GC(7913) Pause Remark
[2020-12-15T10:02:35.672-0500][gc,stringtable ] GC(7913) Cleaned string and symbol table, strings: 32727 processed, 0 removed, symbols: 120741 processed, 0 removed
[2020-12-15T10:02:35.673-0500][gc             ] GC(7913) Pause Remark 43M->43M(66M) 30.090ms
[2020-12-15T10:02:35.673-0500][gc,cpu         ] GC(7913) User=0.21s Sys=0.00s Real=0.03s
[2020-12-15T10:02:35.673-0500][gc,marking     ] GC(7913) Concurrent Rebuild Remembered Sets
[2020-12-15T10:02:35.710-0500][gc,marking     ] GC(7913) Concurrent Rebuild Remembered Sets 36.969ms
[2020-12-15T10:02:35.710-0500][gc,start       ] GC(7913) Pause Cleanup
[2020-12-15T10:02:35.711-0500][gc             ] GC(7913) Pause Cleanup 43M->43M(66M) 0.236ms
[2020-12-15T10:02:35.711-0500][gc,cpu         ] GC(7913) User=0.00s Sys=0.00s Real=0.00s
[2020-12-15T10:02:35.711-0500][gc,marking     ] GC(7913) Concurrent Cleanup for Next Mark
[2020-12-15T10:02:35.711-0500][gc,marking     ] GC(7913) Concurrent Cleanup for Next Mark 0.246ms
[2020-12-15T10:02:35.711-0500][gc             ] GC(7913) Concurrent Cycle 159.608ms
[2020-12-15T10:03:25.476-0500][gc,heap        ] GC(7914) Heap before GC invocations=7914 (full 1650): garbage-first heap   total 67584K, used 54168K [0x0000000083000000, 0x0000000100000000)
[2020-12-15T10:03:25.476-0500][gc,heap        ] GC(7914)   region size 1024K, 11 young (11264K), 1 survivors (1024K)
[2020-12-15T10:03:25.476-0500][gc,heap        ] GC(7914)  Metaspace       used 49894K, capacity 52165K, committed 53248K, reserved 1093632K
[2020-12-15T10:03:25.476-0500][gc,heap        ] GC(7914)   class space    used 7520K, capacity 8361K, committed 8704K, reserved 1048576K
[2020-12-15T10:03:25.476-0500][gc,start       ] GC(7914) Pause Young (Normal) (G1 Evacuation Pause)
[2020-12-15T10:03:25.476-0500][gc,task        ] GC(7914) Using 8 workers of 8 for evacuation
[2020-12-15T10:03:25.515-0500][gc,phases      ] GC(7914)   Pre Evacuate Collection Set: 0.0ms
[2020-12-15T10:03:25.515-0500][gc,phases      ] GC(7914)   Evacuate Collection Set: 8.3ms
[2020-12-15T10:03:25.515-0500][gc,phases      ] GC(7914)   Post Evacuate Collection Set: 30.1ms
[2020-12-15T10:03:25.515-0500][gc,phases      ] GC(7914)   Other: 0.3ms
[2020-12-15T10:03:25.515-0500][gc,heap        ] GC(7914) Eden regions: 10->0(11)
[2020-12-15T10:03:25.515-0500][gc,heap        ] GC(7914) Survivor regions: 1->1(2)
[2020-12-15T10:03:25.515-0500][gc,heap        ] GC(7914) Old regions: 42->42
[2020-12-15T10:03:25.515-0500][gc,heap        ] GC(7914) Humongous regions: 4->4
[2020-12-15T10:03:25.515-0500][gc,metaspace   ] GC(7914) Metaspace: 49894K->49894K(1093632K)
[2020-12-15T10:03:25.515-0500][gc,heap        ] GC(7914) Heap after GC invocations=7915 (full 1650): garbage-first heap   total 67584K, used 43935K [0x0000000083000000, 0x0000000100000000)
[2020-12-15T10:03:25.515-0500][gc,heap        ] GC(7914)   region size 1024K, 1 young (1024K), 1 survivors (1024K)
[2020-12-15T10:03:25.515-0500][gc,heap        ] GC(7914)  Metaspace       used 49894K, capacity 52165K, committed 53248K, reserved 1093632K
[2020-12-15T10:03:25.515-0500][gc,heap        ] GC(7914)   class space    used 7520K, capacity 8361K, committed 8704K, reserved 1048576K
[2020-12-15T10:03:25.515-0500][gc             ] GC(7914) Pause Young (Normal) (G1 Evacuation Pause) 52M->42M(66M) 39.063ms
[2020-12-15T10:03:25.515-0500][gc,cpu         ] GC(7914) User=0.21s Sys=0.00s Real=0.04s
[2020-12-15T10:04:15.483-0500][gc,heap        ] GC(7915) Heap before GC invocations=7915 (full 1650): garbage-first heap   total 67584K, used 55199K [0x0000000083000000, 0x0000000100000000)
[2020-12-15T10:04:15.483-0500][gc,heap        ] GC(7915)   region size 1024K, 12 young (12288K), 1 survivors (1024K)
[2020-12-15T10:04:15.483-0500][gc,heap        ] GC(7915)  Metaspace       used 49897K, capacity 52229K, committed 53248K, reserved 1093632K
[2020-12-15T10:04:15.483-0500][gc,heap        ] GC(7915)   class space    used 7520K, capacity 8361K, committed 8704K, reserved 1048576K
[2020-12-15T10:04:15.483-0500][gc,start       ] GC(7915) Pause Young (Concurrent Start) (G1 Evacuation Pause)
[2020-12-15T10:04:15.483-0500][gc,task        ] GC(7915) Using 8 workers of 8 for evacuation
[2020-12-15T10:04:15.498-0500][gc,phases      ] GC(7915)   Pre Evacuate Collection Set: 0.2ms
[2020-12-15T10:04:15.498-0500][gc,phases      ] GC(7915)   Evacuate Collection Set: 9.1ms
[2020-12-15T10:04:15.498-0500][gc,phases      ] GC(7915)   Post Evacuate Collection Set: 5.1ms
[2020-12-15T10:04:15.498-0500][gc,phases      ] GC(7915)   Other: 0.5ms
[2020-12-15T10:04:15.498-0500][gc,heap        ] GC(7915) Eden regions: 11->0(11)
[2020-12-15T10:04:15.498-0500][gc,heap        ] GC(7915) Survivor regions: 1->1(2)
[2020-12-15T10:04:15.498-0500][gc,heap        ] GC(7915) Old regions: 42->42
[2020-12-15T10:04:15.499-0500][gc,heap        ] GC(7915) Humongous regions: 4->4
[2020-12-15T10:04:15.499-0500][gc,metaspace   ] GC(7915) Metaspace: 49897K->49897K(1093632K)
[2020-12-15T10:04:15.499-0500][gc,heap        ] GC(7915) Heap after GC invocations=7916 (full 1650): garbage-first heap   total 67584K, used 43989K [0x0000000083000000, 0x0000000100000000)
[2020-12-15T10:04:15.499-0500][gc,heap        ] GC(7915)   region size 1024K, 1 young (1024K), 1 survivors (1024K)
[2020-12-15T10:04:15.499-0500][gc,heap        ] GC(7915)  Metaspace       used 49897K, capacity 52229K, committed 53248K, reserved 1093632K
[2020-12-15T10:04:15.499-0500][gc,heap        ] GC(7915)   class space    used 7520K, capacity 8361K, committed 8704K, reserved 1048576K
[2020-12-15T10:04:15.499-0500][gc             ] GC(7915) Pause Young (Concurrent Start) (G1 Evacuation Pause) 53M->42M(66M) 15.325ms
[2020-12-15T10:04:15.499-0500][gc,cpu         ] GC(7915) User=0.05s Sys=0.00s Real=0.02s
[2020-12-15T10:04:15.499-0500][gc             ] GC(7916) Concurrent Cycle
[2020-12-15T10:04:15.499-0500][gc,marking     ] GC(7916) Concurrent Clear Claimed Marks
[2020-12-15T10:04:15.500-0500][gc,marking     ] GC(7916) Concurrent Clear Claimed Marks 0.323ms
[2020-12-15T10:04:15.500-0500][gc,marking     ] GC(7916) Concurrent Scan Root Regions
[2020-12-15T10:04:15.511-0500][gc,marking     ] GC(7916) Concurrent Scan Root Regions 10.976ms
[2020-12-15T10:04:15.511-0500][gc,marking     ] GC(7916) Concurrent Mark (494852.898s)
[2020-12-15T10:04:15.511-0500][gc,marking     ] GC(7916) Concurrent Mark From Roots
[2020-12-15T10:04:15.511-0500][gc,task        ] GC(7916) Using 2 workers of 2 for marking
[2020-12-15T10:04:15.642-0500][gc,marking     ] GC(7916) Concurrent Mark From Roots 131.004ms
[2020-12-15T10:04:15.642-0500][gc,marking     ] GC(7916) Concurrent Preclean
[2020-12-15T10:04:15.642-0500][gc,marking     ] GC(7916) Concurrent Preclean 0.340ms
[2020-12-15T10:04:15.642-0500][gc,marking     ] GC(7916) Concurrent Mark (494852.898s, 494853.029s) 131.500ms
[2020-12-15T10:04:15.643-0500][gc,start       ] GC(7916) Pause Remark
[2020-12-15T10:04:15.659-0500][gc,stringtable ] GC(7916) Cleaned string and symbol table, strings: 32727 processed, 0 removed, symbols: 120741 processed, 0 removed
[2020-12-15T10:04:15.661-0500][gc             ] GC(7916) Pause Remark 43M->43M(66M) 17.603ms
[2020-12-15T10:04:15.661-0500][gc,cpu         ] GC(7916) User=0.06s Sys=0.00s Real=0.02s
[2020-12-15T10:04:15.662-0500][gc,marking     ] GC(7916) Concurrent Rebuild Remembered Sets
[2020-12-15T10:04:15.709-0500][gc,marking     ] GC(7916) Concurrent Rebuild Remembered Sets 46.405ms
[2020-12-15T10:04:15.710-0500][gc,start       ] GC(7916) Pause Cleanup
[2020-12-15T10:04:15.710-0500][gc             ] GC(7916) Pause Cleanup 43M->43M(66M) 0.575ms
[2020-12-15T10:04:15.710-0500][gc,cpu         ] GC(7916) User=0.00s Sys=0.00s Real=0.00s
[2020-12-15T10:04:15.710-0500][gc,marking     ] GC(7916) Concurrent Cleanup for Next Mark
[2020-12-15T10:04:15.711-0500][gc,marking     ] GC(7916) Concurrent Cleanup for Next Mark 0.538ms
[2020-12-15T10:04:15.711-0500][gc             ] GC(7916) Concurrent Cycle 211.697ms
[2020-12-15T10:05:06.019-0500][gc,heap        ] GC(7917) Heap before GC invocations=7917 (full 1650): garbage-first heap   total 67584K, used 54229K [0x0000000083000000, 0x0000000100000000)
[2020-12-15T10:05:06.019-0500][gc,heap        ] GC(7917)   region size 1024K, 12 young (12288K), 1 survivors (1024K)
[2020-12-15T10:05:06.019-0500][gc,heap        ] GC(7917)  Metaspace       used 49897K, capacity 52229K, committed 53248K, reserved 1093632K
[2020-12-15T10:05:06.019-0500][gc,heap        ] GC(7917)   class space    used 7520K, capacity 8361K, committed 8704K, reserved 1048576K
[2020-12-15T10:05:06.019-0500][gc,start       ] GC(7917) Pause Young (Normal) (G1 Evacuation Pause)
[2020-12-15T10:05:06.019-0500][gc,task        ] GC(7917) Using 8 workers of 8 for evacuation
[2020-12-15T10:05:06.028-0500][gc,phases      ] GC(7917)   Pre Evacuate Collection Set: 0.0ms
[2020-12-15T10:05:06.028-0500][gc,phases      ] GC(7917)   Evacuate Collection Set: 3.4ms
[2020-12-15T10:05:06.028-0500][gc,phases      ] GC(7917)   Post Evacuate Collection Set: 5.2ms
[2020-12-15T10:05:06.028-0500][gc,phases      ] GC(7917)   Other: 0.7ms
[2020-12-15T10:05:06.028-0500][gc,heap        ] GC(7917) Eden regions: 11->0(11)
[2020-12-15T10:05:06.028-0500][gc,heap        ] GC(7917) Survivor regions: 1->1(2)
[2020-12-15T10:05:06.028-0500][gc,heap        ] GC(7917) Old regions: 42->42
[2020-12-15T10:05:06.028-0500][gc,heap        ] GC(7917) Humongous regions: 4->4
[2020-12-15T10:05:06.028-0500][gc,metaspace   ] GC(7917) Metaspace: 49897K->49897K(1093632K)
[2020-12-15T10:05:06.028-0500][gc,heap        ] GC(7917) Heap after GC invocations=7918 (full 1650): garbage-first heap   total 67584K, used 43835K [0x0000000083000000, 0x0000000100000000)
[2020-12-15T10:05:06.028-0500][gc,heap        ] GC(7917)   region size 1024K, 1 young (1024K), 1 survivors (1024K)
[2020-12-15T10:05:06.028-0500][gc,heap        ] GC(7917)  Metaspace       used 49897K, capacity 52229K, committed 53248K, reserved 1093632K
[2020-12-15T10:05:06.028-0500][gc,heap        ] GC(7917)   class space    used 7520K, capacity 8361K, committed 8704K, reserved 1048576K
[2020-12-15T10:05:06.028-0500][gc             ] GC(7917) Pause Young (Normal) (G1 Evacuation Pause) 53M->42M(66M) 9.195ms
[2020-12-15T10:05:06.029-0500][gc,cpu         ] GC(7917) User=0.04s Sys=0.00s Real=0.01s
[2020-12-15T10:06:05.483-0500][gc,heap        ] GC(7918) Heap before GC invocations=7918 (full 1650): garbage-first heap   total 67584K, used 54075K [0x0000000083000000, 0x0000000100000000)
[2020-12-15T10:06:05.483-0500][gc,heap        ] GC(7918)   region size 1024K, 12 young (12288K), 1 survivors (1024K)
[2020-12-15T10:06:05.483-0500][gc,heap        ] GC(7918)  Metaspace       used 49903K, capacity 52229K, committed 53248K, reserved 1093632K
[2020-12-15T10:06:05.483-0500][gc,heap        ] GC(7918)   class space    used 7520K, capacity 8361K, committed 8704K, reserved 1048576K
[2020-12-15T10:06:05.483-0500][gc,start       ] GC(7918) Pause Young (Concurrent Start) (G1 Evacuation Pause)
[2020-12-15T10:06:05.483-0500][gc,task        ] GC(7918) Using 8 workers of 8 for evacuation
[2020-12-15T10:06:05.504-0500][gc,phases      ] GC(7918)   Pre Evacuate Collection Set: 0.3ms
[2020-12-15T10:06:05.504-0500][gc,phases      ] GC(7918)   Evacuate Collection Set: 16.9ms
[2020-12-15T10:06:05.504-0500][gc,phases      ] GC(7918)   Post Evacuate Collection Set: 3.6ms
[2020-12-15T10:06:05.504-0500][gc,phases      ] GC(7918)   Other: 0.3ms
[2020-12-15T10:06:05.504-0500][gc,heap        ] GC(7918) Eden regions: 11->0(11)
[2020-12-15T10:06:05.504-0500][gc,heap        ] GC(7918) Survivor regions: 1->1(2)
[2020-12-15T10:06:05.504-0500][gc,heap        ] GC(7918) Old regions: 42->42
[2020-12-15T10:06:05.504-0500][gc,heap        ] GC(7918) Humongous regions: 4->4
[2020-12-15T10:06:05.504-0500][gc,metaspace   ] GC(7918) Metaspace: 49903K->49903K(1093632K)
[2020-12-15T10:06:05.504-0500][gc,heap        ] GC(7918) Heap after GC invocations=7919 (full 1650): garbage-first heap   total 67584K, used 43976K [0x0000000083000000, 0x0000000100000000)
[2020-12-15T10:06:05.504-0500][gc,heap        ] GC(7918)   region size 1024K, 1 young (1024K), 1 survivors (1024K)
[2020-12-15T10:06:05.504-0500][gc,heap        ] GC(7918)  Metaspace       used 49903K, capacity 52229K, committed 53248K, reserved 1093632K
[2020-12-15T10:06:05.504-0500][gc,heap        ] GC(7918)   class space    used 7520K, capacity 8361K, committed 8704K, reserved 1048576K
[2020-12-15T10:06:05.504-0500][gc             ] GC(7918) Pause Young (Concurrent Start) (G1 Evacuation Pause) 53M->42M(66M) 21.320ms
[2020-12-15T10:06:05.505-0500][gc,cpu         ] GC(7918) User=0.10s Sys=0.00s Real=0.02s
[2020-12-15T10:06:05.505-0500][gc             ] GC(7919) Concurrent Cycle
[2020-12-15T10:06:05.505-0500][gc,marking     ] GC(7919) Concurrent Clear Claimed Marks
[2020-12-15T10:06:05.506-0500][gc,marking     ] GC(7919) Concurrent Clear Claimed Marks 0.259ms
[2020-12-15T10:06:05.506-0500][gc,marking     ] GC(7919) Concurrent Scan Root Regions
[2020-12-15T10:06:05.508-0500][gc,marking     ] GC(7919) Concurrent Scan Root Regions 2.759ms
[2020-12-15T10:06:05.508-0500][gc,marking     ] GC(7919) Concurrent Mark (494962.895s)
[2020-12-15T10:06:05.508-0500][gc,marking     ] GC(7919) Concurrent Mark From Roots
[2020-12-15T10:06:05.508-0500][gc,task        ] GC(7919) Using 2 workers of 2 for marking
[2020-12-15T10:06:05.644-0500][gc,marking     ] GC(7919) Concurrent Mark From Roots 135.108ms
[2020-12-15T10:06:05.644-0500][gc,marking     ] GC(7919) Concurrent Preclean
[2020-12-15T10:06:05.644-0500][gc,marking     ] GC(7919) Concurrent Preclean 0.355ms
[2020-12-15T10:06:05.644-0500][gc,marking     ] GC(7919) Concurrent Mark (494962.895s, 494963.031s) 135.597ms
[2020-12-15T10:06:05.644-0500][gc,start       ] GC(7919) Pause Remark
[2020-12-15T10:06:05.664-0500][gc,stringtable ] GC(7919) Cleaned string and symbol table, strings: 32731 processed, 3 removed, symbols: 120741 processed, 0 removed
[2020-12-15T10:06:05.664-0500][gc             ] GC(7919) Pause Remark 43M->43M(66M) 19.540ms
[2020-12-15T10:06:05.664-0500][gc,cpu         ] GC(7919) User=0.10s Sys=0.00s Real=0.02s
[2020-12-15T10:06:05.664-0500][gc,marking     ] GC(7919) Concurrent Rebuild Remembered Sets
[2020-12-15T10:06:05.699-0500][gc,marking     ] GC(7919) Concurrent Rebuild Remembered Sets 35.177ms
[2020-12-15T10:06:05.700-0500][gc,start       ] GC(7919) Pause Cleanup
[2020-12-15T10:06:05.700-0500][gc             ] GC(7919) Pause Cleanup 43M->43M(66M) 0.363ms
[2020-12-15T10:06:05.700-0500][gc,cpu         ] GC(7919) User=0.00s Sys=0.00s Real=0.00s
[2020-12-15T10:06:05.700-0500][gc,marking     ] GC(7919) Concurrent Cleanup for Next Mark
[2020-12-15T10:06:05.700-0500][gc,marking     ] GC(7919) Concurrent Cleanup for Next Mark 0.237ms
[2020-12-15T10:06:05.701-0500][gc             ] GC(7919) Concurrent Cycle 195.457ms
[2020-12-15T10:06:45.191-0500][gc,task        ] GC(7920) Using 5 workers of 8 for full compaction
[2020-12-15T10:06:45.191-0500][gc,start       ] GC(7920) Pause Full (System.gc())
[2020-12-15T10:06:45.191-0500][gc,heap        ] GC(7920) Heap before GC invocations=7920 (full 1650): garbage-first heap   total 67584K, used 51144K [0x0000000083000000, 0x0000000100000000)
[2020-12-15T10:06:45.191-0500][gc,heap        ] GC(7920)   region size 1024K, 9 young (9216K), 1 survivors (1024K)
[2020-12-15T10:06:45.191-0500][gc,heap        ] GC(7920)  Metaspace       used 49903K, capacity 52229K, committed 53248K, reserved 1093632K
[2020-12-15T10:06:45.191-0500][gc,heap        ] GC(7920)   class space    used 7520K, capacity 8361K, committed 8704K, reserved 1048576K
[2020-12-15T10:06:45.192-0500][gc,phases,start] GC(7920) Phase 1: Mark live objects
[2020-12-15T10:06:45.242-0500][gc,stringtable ] GC(7920) Cleaned string and symbol table, strings: 32728 processed, 5 removed, symbols: 120741 processed, 0 removed
[2020-12-15T10:06:45.242-0500][gc,phases      ] GC(7920) Phase 1: Mark live objects 50.756ms
[2020-12-15T10:06:45.242-0500][gc,phases,start] GC(7920) Phase 2: Prepare for compaction
[2020-12-15T10:06:45.249-0500][gc,phases      ] GC(7920) Phase 2: Prepare for compaction 6.531ms
[2020-12-15T10:06:45.249-0500][gc,phases,start] GC(7920) Phase 3: Adjust pointers
[2020-12-15T10:06:45.275-0500][gc,phases      ] GC(7920) Phase 3: Adjust pointers 25.961ms
[2020-12-15T10:06:45.275-0500][gc,phases,start] GC(7920) Phase 4: Compact heap
[2020-12-15T10:06:45.282-0500][gc,phases      ] GC(7920) Phase 4: Compact heap 6.801ms
[2020-12-15T10:06:45.298-0500][gc,heap        ] GC(7920) Eden regions: 8->0(12)
[2020-12-15T10:06:45.299-0500][gc,heap        ] GC(7920) Survivor regions: 1->0(2)
[2020-12-15T10:06:45.299-0500][gc,heap        ] GC(7920) Old regions: 42->42
[2020-12-15T10:06:45.299-0500][gc,heap        ] GC(7920) Humongous regions: 4->4
[2020-12-15T10:06:45.299-0500][gc,metaspace   ] GC(7920) Metaspace: 49903K->49903K(1093632K)
[2020-12-15T10:06:45.299-0500][gc,heap        ] GC(7920) Heap after GC invocations=7921 (full 1651): garbage-first heap   total 67584K, used 43680K [0x0000000083000000, 0x0000000100000000)
[2020-12-15T10:06:45.299-0500][gc,heap        ] GC(7920)   region size 1024K, 0 young (0K), 0 survivors (0K)
[2020-12-15T10:06:45.299-0500][gc,heap        ] GC(7920)  Metaspace       used 49903K, capacity 52229K, committed 53248K, reserved 1093632K
[2020-12-15T10:06:45.299-0500][gc,heap        ] GC(7920)   class space    used 7520K, capacity 8361K, committed 8704K, reserved 1048576K
[2020-12-15T10:06:45.299-0500][gc             ] GC(7920) Pause Full (System.gc()) 50M->42M(66M) 107.771ms
[2020-12-15T10:06:45.299-0500][gc,cpu         ] GC(7920) User=0.40s Sys=0.00s Real=0.11s
[2020-12-15T10:07:41.090-0500][gc,heap        ] GC(7921) Heap before GC invocations=7921 (full 1651): garbage-first heap   total 67584K, used 54944K [0x0000000083000000, 0x0000000100000000)
[2020-12-15T10:07:41.091-0500][gc,heap        ] GC(7921)   region size 1024K, 12 young (12288K), 0 survivors (0K)
[2020-12-15T10:07:41.091-0500][gc,heap        ] GC(7921)  Metaspace       used 49903K, capacity 52229K, committed 53248K, reserved 1093632K
[2020-12-15T10:07:41.091-0500][gc,heap        ] GC(7921)   class space    used 7520K, capacity 8361K, committed 8704K, reserved 1048576K
[2020-12-15T10:07:41.091-0500][gc,start       ] GC(7921) Pause Young (Concurrent Start) (G1 Evacuation Pause)
[2020-12-15T10:07:41.091-0500][gc,task        ] GC(7921) Using 8 workers of 8 for evacuation
[2020-12-15T10:07:41.098-0500][gc,phases      ] GC(7921)   Pre Evacuate Collection Set: 0.4ms
[2020-12-15T10:07:41.098-0500][gc,phases      ] GC(7921)   Evacuate Collection Set: 4.3ms
[2020-12-15T10:07:41.098-0500][gc,phases      ] GC(7921)   Post Evacuate Collection Set: 1.2ms
[2020-12-15T10:07:41.098-0500][gc,phases      ] GC(7921)   Other: 1.5ms
[2020-12-15T10:07:41.098-0500][gc,heap        ] GC(7921) Eden regions: 12->0(11)
[2020-12-15T10:07:41.098-0500][gc,heap        ] GC(7921) Survivor regions: 0->1(2)
[2020-12-15T10:07:41.098-0500][gc,heap        ] GC(7921) Old regions: 42->42
[2020-12-15T10:07:41.098-0500][gc,heap        ] GC(7921) Humongous regions: 4->4
[2020-12-15T10:07:41.098-0500][gc,metaspace   ] GC(7921) Metaspace: 49903K->49903K(1093632K)
[2020-12-15T10:07:41.098-0500][gc,heap        ] GC(7921) Heap after GC invocations=7922 (full 1651): garbage-first heap   total 67584K, used 43745K [0x0000000083000000, 0x0000000100000000)
[2020-12-15T10:07:41.098-0500][gc,heap        ] GC(7921)   region size 1024K, 1 young (1024K), 1 survivors (1024K)
[2020-12-15T10:07:41.098-0500][gc,heap        ] GC(7921)  Metaspace       used 49903K, capacity 52229K, committed 53248K, reserved 1093632K
[2020-12-15T10:07:41.098-0500][gc,heap        ] GC(7921)   class space    used 7520K, capacity 8361K, committed 8704K, reserved 1048576K
[2020-12-15T10:07:41.098-0500][gc             ] GC(7921) Pause Young (Concurrent Start) (G1 Evacuation Pause) 54M->42M(66M) 7.261ms
[2020-12-15T10:07:41.098-0500][gc,cpu         ] GC(7921) User=0.02s Sys=0.00s Real=0.01s
[2020-12-15T10:07:41.098-0500][gc             ] GC(7922) Concurrent Cycle
[2020-12-15T10:07:41.098-0500][gc,marking     ] GC(7922) Concurrent Clear Claimed Marks
[2020-12-15T10:07:41.099-0500][gc,marking     ] GC(7922) Concurrent Clear Claimed Marks 0.517ms
[2020-12-15T10:07:41.099-0500][gc,marking     ] GC(7922) Concurrent Scan Root Regions
[2020-12-15T10:07:41.100-0500][gc,marking     ] GC(7922) Concurrent Scan Root Regions 1.169ms
[2020-12-15T10:07:41.100-0500][gc,marking     ] GC(7922) Concurrent Mark (495058.487s)
[2020-12-15T10:07:41.100-0500][gc,marking     ] GC(7922) Concurrent Mark From Roots
[2020-12-15T10:07:41.100-0500][gc,task        ] GC(7922) Using 2 workers of 2 for marking
[2020-12-15T10:07:41.168-0500][gc,marking     ] GC(7922) Concurrent Mark From Roots 67.706ms
[2020-12-15T10:07:41.168-0500][gc,marking     ] GC(7922) Concurrent Preclean
[2020-12-15T10:07:41.168-0500][gc,marking     ] GC(7922) Concurrent Preclean 0.209ms
[2020-12-15T10:07:41.168-0500][gc,marking     ] GC(7922) Concurrent Mark (495058.487s, 495058.555s) 68.011ms
[2020-12-15T10:07:41.168-0500][gc,start       ] GC(7922) Pause Remark
[2020-12-15T10:07:41.231-0500][gc,stringtable ] GC(7922) Cleaned string and symbol table, strings: 32729 processed, 0 removed, symbols: 120741 processed, 0 removed
[2020-12-15T10:07:41.232-0500][gc             ] GC(7922) Pause Remark 42M->42M(66M) 63.973ms
[2020-12-15T10:07:41.232-0500][gc,cpu         ] GC(7922) User=0.45s Sys=0.00s Real=0.06s
[2020-12-15T10:07:41.233-0500][gc,marking     ] GC(7922) Concurrent Rebuild Remembered Sets
[2020-12-15T10:07:41.271-0500][gc,marking     ] GC(7922) Concurrent Rebuild Remembered Sets 38.507ms
[2020-12-15T10:07:41.271-0500][gc,start       ] GC(7922) Pause Cleanup
[2020-12-15T10:07:41.272-0500][gc             ] GC(7922) Pause Cleanup 42M->42M(66M) 0.508ms
[2020-12-15T10:07:41.272-0500][gc,cpu         ] GC(7922) User=0.01s Sys=0.00s Real=0.00s
[2020-12-15T10:07:41.272-0500][gc,marking     ] GC(7922) Concurrent Cleanup for Next Mark
[2020-12-15T10:07:41.273-0500][gc,marking     ] GC(7922) Concurrent Cleanup for Next Mark 0.258ms
[2020-12-15T10:07:41.273-0500][gc             ] GC(7922) Concurrent Cycle 174.420ms
[2020-12-15T10:08:35.479-0500][gc,heap        ] GC(7923) Heap before GC invocations=7923 (full 1651): garbage-first heap   total 67584K, used 53985K [0x0000000083000000, 0x0000000100000000)
[2020-12-15T10:08:35.479-0500][gc,heap        ] GC(7923)   region size 1024K, 12 young (12288K), 1 survivors (1024K)
[2020-12-15T10:08:35.479-0500][gc,heap        ] GC(7923)  Metaspace       used 49801K, capacity 52070K, committed 53248K, reserved 1093632K
[2020-12-15T10:08:35.479-0500][gc,heap        ] GC(7923)   class space    used 7494K, capacity 8311K, committed 8704K, reserved 1048576K
[2020-12-15T10:08:35.479-0500][gc,start       ] GC(7923) Pause Young (Normal) (G1 Evacuation Pause)
[2020-12-15T10:08:35.479-0500][gc,task        ] GC(7923) Using 8 workers of 8 for evacuation
[2020-12-15T10:08:35.516-0500][gc,phases      ] GC(7923)   Pre Evacuate Collection Set: 0.0ms
[2020-12-15T10:08:35.516-0500][gc,phases      ] GC(7923)   Evacuate Collection Set: 17.5ms
[2020-12-15T10:08:35.516-0500][gc,phases      ] GC(7923)   Post Evacuate Collection Set: 19.0ms
[2020-12-15T10:08:35.516-0500][gc,phases      ] GC(7923)   Other: 0.4ms
[2020-12-15T10:08:35.516-0500][gc,heap        ] GC(7923) Eden regions: 11->0(11)
[2020-12-15T10:08:35.516-0500][gc,heap        ] GC(7923) Survivor regions: 1->1(2)
[2020-12-15T10:08:35.516-0500][gc,heap        ] GC(7923) Old regions: 42->42
[2020-12-15T10:08:35.516-0500][gc,heap        ] GC(7923) Humongous regions: 4->4
[2020-12-15T10:08:35.516-0500][gc,metaspace   ] GC(7923) Metaspace: 49801K->49801K(1093632K)
[2020-12-15T10:08:35.516-0500][gc,heap        ] GC(7923) Heap after GC invocations=7924 (full 1651): garbage-first heap   total 67584K, used 43899K [0x0000000083000000, 0x0000000100000000)
[2020-12-15T10:08:35.516-0500][gc,heap        ] GC(7923)   region size 1024K, 1 young (1024K), 1 survivors (1024K)
[2020-12-15T10:08:35.516-0500][gc,heap        ] GC(7923)  Metaspace       used 49801K, capacity 52070K, committed 53248K, reserved 1093632K
[2020-12-15T10:08:35.516-0500][gc,heap        ] GC(7923)   class space    used 7494K, capacity 8311K, committed 8704K, reserved 1048576K
[2020-12-15T10:08:35.516-0500][gc             ] GC(7923) Pause Young (Normal) (G1 Evacuation Pause) 53M->42M(66M) 37.056ms
[2020-12-15T10:08:35.516-0500][gc,cpu         ] GC(7923) User=0.21s Sys=0.00s Real=0.03s
[2020-12-15T10:09:25.526-0500][gc,heap        ] GC(7924) Heap before GC invocations=7924 (full 1651): garbage-first heap   total 67584K, used 54139K [0x0000000083000000, 0x0000000100000000)
[2020-12-15T10:09:25.526-0500][gc,heap        ] GC(7924)   region size 1024K, 12 young (12288K), 1 survivors (1024K)
[2020-12-15T10:09:25.526-0500][gc,heap        ] GC(7924)  Metaspace       used 49801K, capacity 52070K, committed 53248K, reserved 1093632K
[2020-12-15T10:09:25.526-0500][gc,heap        ] GC(7924)   class space    used 7494K, capacity 8311K, committed 8704K, reserved 1048576K
[2020-12-15T10:09:25.526-0500][gc,start       ] GC(7924) Pause Young (Concurrent Start) (G1 Evacuation Pause)
[2020-12-15T10:09:25.526-0500][gc,task        ] GC(7924) Using 8 workers of 8 for evacuation
[2020-12-15T10:09:25.544-0500][gc,phases      ] GC(7924)   Pre Evacuate Collection Set: 0.6ms
[2020-12-15T10:09:25.544-0500][gc,phases      ] GC(7924)   Evacuate Collection Set: 11.7ms
[2020-12-15T10:09:25.544-0500][gc,phases      ] GC(7924)   Post Evacuate Collection Set: 5.4ms
[2020-12-15T10:09:25.544-0500][gc,phases      ] GC(7924)   Other: 0.4ms
[2020-12-15T10:09:25.544-0500][gc,heap        ] GC(7924) Eden regions: 11->0(11)
[2020-12-15T10:09:25.544-0500][gc,heap        ] GC(7924) Survivor regions: 1->1(2)
[2020-12-15T10:09:25.544-0500][gc,heap        ] GC(7924) Old regions: 42->42
[2020-12-15T10:09:25.544-0500][gc,heap        ] GC(7924) Humongous regions: 4->4
[2020-12-15T10:09:25.544-0500][gc,metaspace   ] GC(7924) Metaspace: 49801K->49801K(1093632K)
[2020-12-15T10:09:25.545-0500][gc,heap        ] GC(7924) Heap after GC invocations=7925 (full 1651): garbage-first heap   total 67584K, used 43778K [0x0000000083000000, 0x0000000100000000)
[2020-12-15T10:09:25.545-0500][gc,heap        ] GC(7924)   region size 1024K, 1 young (1024K), 1 survivors (1024K)
[2020-12-15T10:09:25.545-0500][gc,heap        ] GC(7924)  Metaspace       used 49801K, capacity 52070K, committed 53248K, reserved 1093632K
[2020-12-15T10:09:25.545-0500][gc,heap        ] GC(7924)   class space    used 7494K, capacity 8311K, committed 8704K, reserved 1048576K
[2020-12-15T10:09:25.545-0500][gc             ] GC(7924) Pause Young (Concurrent Start) (G1 Evacuation Pause) 53M->42M(66M) 18.651ms
[2020-12-15T10:09:25.545-0500][gc,cpu         ] GC(7924) User=0.05s Sys=0.00s Real=0.02s
[2020-12-15T10:09:25.546-0500][gc             ] GC(7925) Concurrent Cycle
[2020-12-15T10:09:25.546-0500][gc,marking     ] GC(7925) Concurrent Clear Claimed Marks
[2020-12-15T10:09:25.547-0500][gc,marking     ] GC(7925) Concurrent Clear Claimed Marks 0.563ms
[2020-12-15T10:09:25.547-0500][gc,marking     ] GC(7925) Concurrent Scan Root Regions
[2020-12-15T10:09:25.549-0500][gc,marking     ] GC(7925) Concurrent Scan Root Regions 2.129ms
[2020-12-15T10:09:25.549-0500][gc,marking     ] GC(7925) Concurrent Mark (495162.936s)
[2020-12-15T10:09:25.549-0500][gc,marking     ] GC(7925) Concurrent Mark From Roots
[2020-12-15T10:09:25.549-0500][gc,task        ] GC(7925) Using 2 workers of 2 for marking
[2020-12-15T10:09:25.625-0500][gc,marking     ] GC(7925) Concurrent Mark From Roots 75.796ms
[2020-12-15T10:09:25.625-0500][gc,marking     ] GC(7925) Concurrent Preclean
[2020-12-15T10:09:25.625-0500][gc,marking     ] GC(7925) Concurrent Preclean 0.181ms
[2020-12-15T10:09:25.625-0500][gc,marking     ] GC(7925) Concurrent Mark (495162.936s, 495163.012s) 76.094ms
[2020-12-15T10:09:25.625-0500][gc,start       ] GC(7925) Pause Remark
[2020-12-15T10:09:25.641-0500][gc,stringtable ] GC(7925) Cleaned string and symbol table, strings: 32729 processed, 0 removed, symbols: 120741 processed, 2 removed
[2020-12-15T10:09:25.642-0500][gc             ] GC(7925) Pause Remark 42M->42M(66M) 16.580ms
[2020-12-15T10:09:25.642-0500][gc,cpu         ] GC(7925) User=0.06s Sys=0.00s Real=0.02s
[2020-12-15T10:09:25.642-0500][gc,marking     ] GC(7925) Concurrent Rebuild Remembered Sets
[2020-12-15T10:09:25.673-0500][gc,marking     ] GC(7925) Concurrent Rebuild Remembered Sets 31.076ms
[2020-12-15T10:09:25.674-0500][gc,start       ] GC(7925) Pause Cleanup
[2020-12-15T10:09:25.674-0500][gc             ] GC(7925) Pause Cleanup 42M->42M(66M) 0.219ms
[2020-12-15T10:09:25.674-0500][gc,cpu         ] GC(7925) User=0.01s Sys=0.00s Real=0.00s
[2020-12-15T10:09:25.674-0500][gc,marking     ] GC(7925) Concurrent Cleanup for Next Mark
[2020-12-15T10:09:25.674-0500][gc,marking     ] GC(7925) Concurrent Cleanup for Next Mark 0.201ms
[2020-12-15T10:09:25.674-0500][gc             ] GC(7925) Concurrent Cycle 128.594ms
[2020-12-15T10:10:25.480-0500][gc,heap        ] GC(7926) Heap before GC invocations=7926 (full 1651): garbage-first heap   total 67584K, used 55042K [0x0000000083000000, 0x0000000100000000)
[2020-12-15T10:10:25.480-0500][gc,heap        ] GC(7926)   region size 1024K, 12 young (12288K), 1 survivors (1024K)
[2020-12-15T10:10:25.480-0500][gc,heap        ] GC(7926)  Metaspace       used 49397K, capacity 51450K, committed 53248K, reserved 1093632K
[2020-12-15T10:10:25.480-0500][gc,heap        ] GC(7926)   class space    used 7384K, capacity 8097K, committed 8704K, reserved 1048576K
[2020-12-15T10:10:25.480-0500][gc,start       ] GC(7926) Pause Young (Normal) (G1 Evacuation Pause)
[2020-12-15T10:10:25.480-0500][gc,task        ] GC(7926) Using 8 workers of 8 for evacuation
[2020-12-15T10:10:25.483-0500][gc,phases      ] GC(7926)   Pre Evacuate Collection Set: 0.0ms
[2020-12-15T10:10:25.483-0500][gc,phases      ] GC(7926)   Evacuate Collection Set: 1.5ms
[2020-12-15T10:10:25.483-0500][gc,phases      ] GC(7926)   Post Evacuate Collection Set: 1.5ms
[2020-12-15T10:10:25.483-0500][gc,phases      ] GC(7926)   Other: 0.3ms
[2020-12-15T10:10:25.483-0500][gc,heap        ] GC(7926) Eden regions: 11->0(11)
[2020-12-15T10:10:25.483-0500][gc,heap        ] GC(7926) Survivor regions: 1->1(2)
[2020-12-15T10:10:25.483-0500][gc,heap        ] GC(7926) Old regions: 42->42
[2020-12-15T10:10:25.483-0500][gc,heap        ] GC(7926) Humongous regions: 4->4
[2020-12-15T10:10:25.483-0500][gc,metaspace   ] GC(7926) Metaspace: 49397K->49397K(1093632K)
[2020-12-15T10:10:25.483-0500][gc,heap        ] GC(7926) Heap after GC invocations=7927 (full 1651): garbage-first heap   total 67584K, used 43850K [0x0000000083000000, 0x0000000100000000)
[2020-12-15T10:10:25.483-0500][gc,heap        ] GC(7926)   region size 1024K, 1 young (1024K), 1 survivors (1024K)
[2020-12-15T10:10:25.483-0500][gc,heap        ] GC(7926)  Metaspace       used 49397K, capacity 51450K, committed 53248K, reserved 1093632K
[2020-12-15T10:10:25.483-0500][gc,heap        ] GC(7926)   class space    used 7384K, capacity 8097K, committed 8704K, reserved 1048576K
[2020-12-15T10:10:25.483-0500][gc             ] GC(7926) Pause Young (Normal) (G1 Evacuation Pause) 53M->42M(66M) 3.461ms
[2020-12-15T10:10:25.483-0500][gc,cpu         ] GC(7926) User=0.01s Sys=0.01s Real=0.00s
[2020-12-15T10:11:15.486-0500][gc,heap        ] GC(7927) Heap before GC invocations=7927 (full 1651): garbage-first heap   total 67584K, used 54090K [0x0000000083000000, 0x0000000100000000)
[2020-12-15T10:11:15.486-0500][gc,heap        ] GC(7927)   region size 1024K, 12 young (12288K), 1 survivors (1024K)
[2020-12-15T10:11:15.486-0500][gc,heap        ] GC(7927)  Metaspace       used 49397K, capacity 51450K, committed 53248K, reserved 1093632K
[2020-12-15T10:11:15.486-0500][gc,heap        ] GC(7927)   class space    used 7384K, capacity 8097K, committed 8704K, reserved 1048576K
[2020-12-15T10:11:15.486-0500][gc,start       ] GC(7927) Pause Young (Concurrent Start) (G1 Evacuation Pause)
[2020-12-15T10:11:15.486-0500][gc,task        ] GC(7927) Using 8 workers of 8 for evacuation
[2020-12-15T10:11:15.492-0500][gc,phases      ] GC(7927)   Pre Evacuate Collection Set: 0.2ms
[2020-12-15T10:11:15.492-0500][gc,phases      ] GC(7927)   Evacuate Collection Set: 2.6ms
[2020-12-15T10:11:15.492-0500][gc,phases      ] GC(7927)   Post Evacuate Collection Set: 2.4ms
[2020-12-15T10:11:15.492-0500][gc,phases      ] GC(7927)   Other: 0.3ms
[2020-12-15T10:11:15.492-0500][gc,heap        ] GC(7927) Eden regions: 11->0(11)
[2020-12-15T10:11:15.492-0500][gc,heap        ] GC(7927) Survivor regions: 1->1(2)
[2020-12-15T10:11:15.492-0500][gc,heap        ] GC(7927) Old regions: 42->42
[2020-12-15T10:11:15.492-0500][gc,heap        ] GC(7927) Humongous regions: 4->4
[2020-12-15T10:11:15.492-0500][gc,metaspace   ] GC(7927) Metaspace: 49397K->49397K(1093632K)
[2020-12-15T10:11:15.492-0500][gc,heap        ] GC(7927) Heap after GC invocations=7928 (full 1651): garbage-first heap   total 67584K, used 43945K [0x0000000083000000, 0x0000000100000000)
[2020-12-15T10:11:15.492-0500][gc,heap        ] GC(7927)   region size 1024K, 1 young (1024K), 1 survivors (1024K)
[2020-12-15T10:11:15.492-0500][gc,heap        ] GC(7927)  Metaspace       used 49397K, capacity 51450K, committed 53248K, reserved 1093632K
[2020-12-15T10:11:15.492-0500][gc,heap        ] GC(7927)   class space    used 7384K, capacity 8097K, committed 8704K, reserved 1048576K
[2020-12-15T10:11:15.492-0500][gc             ] GC(7927) Pause Young (Concurrent Start) (G1 Evacuation Pause) 53M->42M(66M) 5.540ms
[2020-12-15T10:11:15.492-0500][gc,cpu         ] GC(7927) User=0.01s Sys=0.00s Real=0.01s
[2020-12-15T10:11:15.492-0500][gc             ] GC(7928) Concurrent Cycle
[2020-12-15T10:11:15.492-0500][gc,marking     ] GC(7928) Concurrent Clear Claimed Marks
[2020-12-15T10:11:15.492-0500][gc,marking     ] GC(7928) Concurrent Clear Claimed Marks 0.187ms
[2020-12-15T10:11:15.492-0500][gc,marking     ] GC(7928) Concurrent Scan Root Regions
[2020-12-15T10:11:15.494-0500][gc,marking     ] GC(7928) Concurrent Scan Root Regions 1.535ms
[2020-12-15T10:11:15.494-0500][gc,marking     ] GC(7928) Concurrent Mark (495272.881s)
[2020-12-15T10:11:15.494-0500][gc,marking     ] GC(7928) Concurrent Mark From Roots
[2020-12-15T10:11:15.494-0500][gc,task        ] GC(7928) Using 2 workers of 2 for marking
[2020-12-15T10:11:15.623-0500][gc,marking     ] GC(7928) Concurrent Mark From Roots 129.129ms
[2020-12-15T10:11:15.623-0500][gc,marking     ] GC(7928) Concurrent Preclean
[2020-12-15T10:11:15.624-0500][gc,marking     ] GC(7928) Concurrent Preclean 0.662ms
[2020-12-15T10:11:15.624-0500][gc,marking     ] GC(7928) Concurrent Mark (495272.881s, 495273.011s) 130.003ms
[2020-12-15T10:11:15.624-0500][gc,start       ] GC(7928) Pause Remark
[2020-12-15T10:11:15.636-0500][gc,stringtable ] GC(7928) Cleaned string and symbol table, strings: 32729 processed, 0 removed, symbols: 120739 processed, 21 removed
[2020-12-15T10:11:15.637-0500][gc             ] GC(7928) Pause Remark 43M->43M(66M) 12.931ms
[2020-12-15T10:11:15.637-0500][gc,cpu         ] GC(7928) User=0.06s Sys=0.00s Real=0.01s
[2020-12-15T10:11:15.638-0500][gc,marking     ] GC(7928) Concurrent Rebuild Remembered Sets
[2020-12-15T10:11:15.675-0500][gc,marking     ] GC(7928) Concurrent Rebuild Remembered Sets 36.804ms
[2020-12-15T10:11:15.675-0500][gc,start       ] GC(7928) Pause Cleanup
[2020-12-15T10:11:15.676-0500][gc             ] GC(7928) Pause Cleanup 43M->43M(66M) 0.218ms
[2020-12-15T10:11:15.676-0500][gc,cpu         ] GC(7928) User=0.00s Sys=0.00s Real=0.00s
[2020-12-15T10:11:15.676-0500][gc,marking     ] GC(7928) Concurrent Cleanup for Next Mark
[2020-12-15T10:11:15.676-0500][gc,marking     ] GC(7928) Concurrent Cleanup for Next Mark 0.268ms
[2020-12-15T10:11:15.676-0500][gc             ] GC(7928) Concurrent Cycle 184.142ms
[2020-12-15T10:11:45.190-0500][gc,task        ] GC(7929) Using 5 workers of 8 for full compaction
[2020-12-15T10:11:45.190-0500][gc,start       ] GC(7929) Pause Full (System.gc())
[2020-12-15T10:11:45.190-0500][gc,heap        ] GC(7929) Heap before GC invocations=7929 (full 1651): garbage-first heap   total 67584K, used 48041K [0x0000000083000000, 0x0000000100000000)
[2020-12-15T10:11:45.190-0500][gc,heap        ] GC(7929)   region size 1024K, 7 young (7168K), 1 survivors (1024K)
[2020-12-15T10:11:45.190-0500][gc,heap        ] GC(7929)  Metaspace       used 49397K, capacity 51450K, committed 53248K, reserved 1093632K
[2020-12-15T10:11:45.190-0500][gc,heap        ] GC(7929)   class space    used 7384K, capacity 8097K, committed 8704K, reserved 1048576K
[2020-12-15T10:11:45.190-0500][gc,phases,start] GC(7929) Phase 1: Mark live objects
[2020-12-15T10:11:45.230-0500][gc,stringtable ] GC(7929) Cleaned string and symbol table, strings: 32729 processed, 5 removed, symbols: 120718 processed, 0 removed
[2020-12-15T10:11:45.230-0500][gc,phases      ] GC(7929) Phase 1: Mark live objects 39.985ms
[2020-12-15T10:11:45.230-0500][gc,phases,start] GC(7929) Phase 2: Prepare for compaction
[2020-12-15T10:11:45.238-0500][gc,phases      ] GC(7929) Phase 2: Prepare for compaction 7.532ms
[2020-12-15T10:11:45.238-0500][gc,phases,start] GC(7929) Phase 3: Adjust pointers
[2020-12-15T10:11:45.262-0500][gc,phases      ] GC(7929) Phase 3: Adjust pointers 24.611ms
[2020-12-15T10:11:45.263-0500][gc,phases,start] GC(7929) Phase 4: Compact heap
[2020-12-15T10:11:45.267-0500][gc,phases      ] GC(7929) Phase 4: Compact heap 4.673ms
[2020-12-15T10:11:45.278-0500][gc,heap        ] GC(7929) Eden regions: 6->0(12)
[2020-12-15T10:11:45.278-0500][gc,heap        ] GC(7929) Survivor regions: 1->0(2)
[2020-12-15T10:11:45.278-0500][gc,heap        ] GC(7929) Old regions: 42->41
[2020-12-15T10:11:45.278-0500][gc,heap        ] GC(7929) Humongous regions: 4->4
[2020-12-15T10:11:45.278-0500][gc,metaspace   ] GC(7929) Metaspace: 49397K->49397K(1093632K)
[2020-12-15T10:11:45.278-0500][gc,heap        ] GC(7929) Heap after GC invocations=7930 (full 1652): garbage-first heap   total 66560K, used 43258K [0x0000000083000000, 0x0000000100000000)
[2020-12-15T10:11:45.279-0500][gc,heap        ] GC(7929)   region size 1024K, 0 young (0K), 0 survivors (0K)
[2020-12-15T10:11:45.279-0500][gc,heap        ] GC(7929)  Metaspace       used 49397K, capacity 51450K, committed 53248K, reserved 1093632K
[2020-12-15T10:11:45.279-0500][gc,heap        ] GC(7929)   class space    used 7384K, capacity 8097K, committed 8704K, reserved 1048576K
[2020-12-15T10:11:45.279-0500][gc             ] GC(7929) Pause Full (System.gc()) 47M->42M(65M) 88.661ms
[2020-12-15T10:11:45.279-0500][gc,cpu         ] GC(7929) User=0.36s Sys=0.00s Real=0.09s
[2020-12-15T10:12:41.226-0500][gc,heap        ] GC(7930) Heap before GC invocations=7930 (full 1652): garbage-first heap   total 66560K, used 54522K [0x0000000083000000, 0x0000000100000000)
[2020-12-15T10:12:41.226-0500][gc,heap        ] GC(7930)   region size 1024K, 12 young (12288K), 0 survivors (0K)
[2020-12-15T10:12:41.226-0500][gc,heap        ] GC(7930)  Metaspace       used 49397K, capacity 51450K, committed 53248K, reserved 1093632K
[2020-12-15T10:12:41.226-0500][gc,heap        ] GC(7930)   class space    used 7384K, capacity 8097K, committed 8704K, reserved 1048576K
[2020-12-15T10:12:41.226-0500][gc,start       ] GC(7930) Pause Young (Concurrent Start) (G1 Evacuation Pause)
[2020-12-15T10:12:41.226-0500][gc,task        ] GC(7930) Using 8 workers of 8 for evacuation
[2020-12-15T10:12:41.229-0500][gc,phases      ] GC(7930)   Pre Evacuate Collection Set: 0.2ms
[2020-12-15T10:12:41.229-0500][gc,phases      ] GC(7930)   Evacuate Collection Set: 1.2ms
[2020-12-15T10:12:41.229-0500][gc,phases      ] GC(7930)   Post Evacuate Collection Set: 1.2ms
[2020-12-15T10:12:41.229-0500][gc,phases      ] GC(7930)   Other: 0.3ms
[2020-12-15T10:12:41.229-0500][gc,heap        ] GC(7930) Eden regions: 12->0(11)
[2020-12-15T10:12:41.229-0500][gc,heap        ] GC(7930) Survivor regions: 0->1(2)
[2020-12-15T10:12:41.229-0500][gc,heap        ] GC(7930) Old regions: 41->41
[2020-12-15T10:12:41.229-0500][gc,heap        ] GC(7930) Humongous regions: 4->4
[2020-12-15T10:12:41.229-0500][gc,metaspace   ] GC(7930) Metaspace: 49397K->49397K(1093632K)
[2020-12-15T10:12:41.229-0500][gc,heap        ] GC(7930) Heap after GC invocations=7931 (full 1652): garbage-first heap   total 66560K, used 43312K [0x0000000083000000, 0x0000000100000000)
[2020-12-15T10:12:41.229-0500][gc,heap        ] GC(7930)   region size 1024K, 1 young (1024K), 1 survivors (1024K)
[2020-12-15T10:12:41.229-0500][gc,heap        ] GC(7930)  Metaspace       used 49397K, capacity 51450K, committed 53248K, reserved 1093632K
[2020-12-15T10:12:41.229-0500][gc,heap        ] GC(7930)   class space    used 7384K, capacity 8097K, committed 8704K, reserved 1048576K
[2020-12-15T10:12:41.229-0500][gc             ] GC(7930) Pause Young (Concurrent Start) (G1 Evacuation Pause) 54M->42M(65M) 3.111ms
[2020-12-15T10:12:41.229-0500][gc,cpu         ] GC(7930) User=0.00s Sys=0.01s Real=0.01s
[2020-12-15T10:12:41.229-0500][gc             ] GC(7931) Concurrent Cycle
[2020-12-15T10:12:41.229-0500][gc,marking     ] GC(7931) Concurrent Clear Claimed Marks
[2020-12-15T10:12:41.229-0500][gc,marking     ] GC(7931) Concurrent Clear Claimed Marks 0.190ms
[2020-12-15T10:12:41.229-0500][gc,marking     ] GC(7931) Concurrent Scan Root Regions
[2020-12-15T10:12:41.231-0500][gc,marking     ] GC(7931) Concurrent Scan Root Regions 2.004ms
[2020-12-15T10:12:41.231-0500][gc,marking     ] GC(7931) Concurrent Mark (495358.619s)
[2020-12-15T10:12:41.231-0500][gc,marking     ] GC(7931) Concurrent Mark From Roots
[2020-12-15T10:12:41.232-0500][gc,task        ] GC(7931) Using 2 workers of 2 for marking
[2020-12-15T10:12:41.317-0500][gc,marking     ] GC(7931) Concurrent Mark From Roots 85.942ms
[2020-12-15T10:12:41.318-0500][gc,marking     ] GC(7931) Concurrent Preclean
[2020-12-15T10:12:41.318-0500][gc,marking     ] GC(7931) Concurrent Preclean 0.396ms
[2020-12-15T10:12:41.318-0500][gc,marking     ] GC(7931) Concurrent Mark (495358.619s, 495358.705s) 86.480ms
[2020-12-15T10:12:41.318-0500][gc,start       ] GC(7931) Pause Remark
[2020-12-15T10:12:41.335-0500][gc,stringtable ] GC(7931) Cleaned string and symbol table, strings: 32729 processed, 0 removed, symbols: 120718 processed, 0 removed
[2020-12-15T10:12:41.337-0500][gc             ] GC(7931) Pause Remark 42M->42M(65M) 18.294ms
[2020-12-15T10:12:41.337-0500][gc,cpu         ] GC(7931) User=0.10s Sys=0.00s Real=0.01s
[2020-12-15T10:12:41.337-0500][gc,marking     ] GC(7931) Concurrent Rebuild Remembered Sets
[2020-12-15T10:12:41.384-0500][gc,marking     ] GC(7931) Concurrent Rebuild Remembered Sets 46.437ms
[2020-12-15T10:12:41.402-0500][gc,start       ] GC(7931) Pause Cleanup
[2020-12-15T10:12:41.404-0500][gc             ] GC(7931) Pause Cleanup 42M->42M(65M) 1.868ms
[2020-12-15T10:12:41.404-0500][gc,cpu         ] GC(7931) User=0.02s Sys=0.00s Real=0.00s
[2020-12-15T10:12:41.404-0500][gc,marking     ] GC(7931) Concurrent Cleanup for Next Mark
[2020-12-15T10:12:41.404-0500][gc,marking     ] GC(7931) Concurrent Cleanup for Next Mark 0.332ms
[2020-12-15T10:12:41.405-0500][gc             ] GC(7931) Concurrent Cycle 175.384ms
[2020-12-15T10:13:35.484-0500][gc,heap        ] GC(7932) Heap before GC invocations=7932 (full 1652): garbage-first heap   total 66560K, used 53552K [0x0000000083000000, 0x0000000100000000)
[2020-12-15T10:13:35.485-0500][gc,heap        ] GC(7932)   region size 1024K, 12 young (12288K), 1 survivors (1024K)
[2020-12-15T10:13:35.485-0500][gc,heap        ] GC(7932)  Metaspace       used 49397K, capacity 51450K, committed 53248K, reserved 1093632K
[2020-12-15T10:13:35.485-0500][gc,heap        ] GC(7932)   class space    used 7384K, capacity 8097K, committed 8704K, reserved 1048576K
[2020-12-15T10:13:35.485-0500][gc,start       ] GC(7932) Pause Young (Normal) (G1 Evacuation Pause)
[2020-12-15T10:13:35.485-0500][gc,task        ] GC(7932) Using 8 workers of 8 for evacuation
[2020-12-15T10:13:35.487-0500][gc,phases      ] GC(7932)   Pre Evacuate Collection Set: 0.3ms
[2020-12-15T10:13:35.488-0500][gc,phases      ] GC(7932)   Evacuate Collection Set: 1.1ms
[2020-12-15T10:13:35.488-0500][gc,phases      ] GC(7932)   Post Evacuate Collection Set: 1.2ms
[2020-12-15T10:13:35.488-0500][gc,phases      ] GC(7932)   Other: 0.4ms
[2020-12-15T10:13:35.488-0500][gc,heap        ] GC(7932) Eden regions: 11->0(11)
[2020-12-15T10:13:35.488-0500][gc,heap        ] GC(7932) Survivor regions: 1->1(2)
[2020-12-15T10:13:35.488-0500][gc,heap        ] GC(7932) Old regions: 41->41
[2020-12-15T10:13:35.488-0500][gc,heap        ] GC(7932) Humongous regions: 4->4
[2020-12-15T10:13:35.488-0500][gc,metaspace   ] GC(7932) Metaspace: 49397K->49397K(1093632K)
[2020-12-15T10:13:35.488-0500][gc,heap        ] GC(7932) Heap after GC invocations=7933 (full 1652): garbage-first heap   total 66560K, used 43472K [0x0000000083000000, 0x0000000100000000)
[2020-12-15T10:13:35.488-0500][gc,heap        ] GC(7932)   region size 1024K, 1 young (1024K), 1 survivors (1024K)
[2020-12-15T10:13:35.488-0500][gc,heap        ] GC(7932)  Metaspace       used 49397K, capacity 51450K, committed 53248K, reserved 1093632K
[2020-12-15T10:13:35.488-0500][gc,heap        ] GC(7932)   class space    used 7384K, capacity 8097K, committed 8704K, reserved 1048576K
[2020-12-15T10:13:35.488-0500][gc             ] GC(7932) Pause Young (Normal) (G1 Evacuation Pause) 53M->42M(65M) 3.042ms
[2020-12-15T10:13:35.488-0500][gc,cpu         ] GC(7932) User=0.01s Sys=0.00s Real=0.01s
[2020-12-15T10:14:26.013-0500][gc,heap        ] GC(7933) Heap before GC invocations=7933 (full 1652): garbage-first heap   total 66560K, used 53712K [0x0000000083000000, 0x0000000100000000)
[2020-12-15T10:14:26.013-0500][gc,heap        ] GC(7933)   region size 1024K, 12 young (12288K), 1 survivors (1024K)
[2020-12-15T10:14:26.013-0500][gc,heap        ] GC(7933)  Metaspace       used 49397K, capacity 51450K, committed 53248K, reserved 1093632K
[2020-12-15T10:14:26.013-0500][gc,heap        ] GC(7933)   class space    used 7384K, capacity 8097K, committed 8704K, reserved 1048576K
[2020-12-15T10:14:26.013-0500][gc,start       ] GC(7933) Pause Young (Concurrent Start) (G1 Evacuation Pause)
[2020-12-15T10:14:26.013-0500][gc,task        ] GC(7933) Using 8 workers of 8 for evacuation
[2020-12-15T10:14:26.017-0500][gc,phases      ] GC(7933)   Pre Evacuate Collection Set: 0.3ms
[2020-12-15T10:14:26.017-0500][gc,phases      ] GC(7933)   Evacuate Collection Set: 2.3ms
[2020-12-15T10:14:26.017-0500][gc,phases      ] GC(7933)   Post Evacuate Collection Set: 1.1ms
[2020-12-15T10:14:26.017-0500][gc,phases      ] GC(7933)   Other: 0.3ms
[2020-12-15T10:14:26.017-0500][gc,heap        ] GC(7933) Eden regions: 11->0(11)
[2020-12-15T10:14:26.017-0500][gc,heap        ] GC(7933) Survivor regions: 1->1(2)
[2020-12-15T10:14:26.017-0500][gc,heap        ] GC(7933) Old regions: 41->41
[2020-12-15T10:14:26.017-0500][gc,heap        ] GC(7933) Humongous regions: 4->4
[2020-12-15T10:14:26.017-0500][gc,metaspace   ] GC(7933) Metaspace: 49397K->49397K(1093632K)
[2020-12-15T10:14:26.017-0500][gc,heap        ] GC(7933) Heap after GC invocations=7934 (full 1652): garbage-first heap   total 66560K, used 43357K [0x0000000083000000, 0x0000000100000000)
[2020-12-15T10:14:26.017-0500][gc,heap        ] GC(7933)   region size 1024K, 1 young (1024K), 1 survivors (1024K)
[2020-12-15T10:14:26.017-0500][gc,heap        ] GC(7933)  Metaspace       used 49397K, capacity 51450K, committed 53248K, reserved 1093632K
[2020-12-15T10:14:26.017-0500][gc,heap        ] GC(7933)   class space    used 7384K, capacity 8097K, committed 8704K, reserved 1048576K
[2020-12-15T10:14:26.017-0500][gc             ] GC(7933) Pause Young (Concurrent Start) (G1 Evacuation Pause) 53M->42M(65M) 4.063ms
[2020-12-15T10:14:26.017-0500][gc,cpu         ] GC(7933) User=0.01s Sys=0.01s Real=0.00s
[2020-12-15T10:14:26.017-0500][gc             ] GC(7934) Concurrent Cycle
[2020-12-15T10:14:26.017-0500][gc,marking     ] GC(7934) Concurrent Clear Claimed Marks
[2020-12-15T10:14:26.017-0500][gc,marking     ] GC(7934) Concurrent Clear Claimed Marks 0.146ms
[2020-12-15T10:14:26.017-0500][gc,marking     ] GC(7934) Concurrent Scan Root Regions
[2020-12-15T10:14:26.020-0500][gc,marking     ] GC(7934) Concurrent Scan Root Regions 2.701ms
[2020-12-15T10:14:26.020-0500][gc,marking     ] GC(7934) Concurrent Mark (495463.407s)
[2020-12-15T10:14:26.020-0500][gc,marking     ] GC(7934) Concurrent Mark From Roots
[2020-12-15T10:14:26.020-0500][gc,task        ] GC(7934) Using 2 workers of 2 for marking
[2020-12-15T10:14:26.085-0500][gc,marking     ] GC(7934) Concurrent Mark From Roots 64.758ms
[2020-12-15T10:14:26.085-0500][gc,marking     ] GC(7934) Concurrent Preclean
[2020-12-15T10:14:26.085-0500][gc,marking     ] GC(7934) Concurrent Preclean 0.189ms
[2020-12-15T10:14:26.085-0500][gc,marking     ] GC(7934) Concurrent Mark (495463.407s, 495463.472s) 65.051ms
[2020-12-15T10:14:26.086-0500][gc,start       ] GC(7934) Pause Remark
[2020-12-15T10:14:26.094-0500][gc,stringtable ] GC(7934) Cleaned string and symbol table, strings: 32740 processed, 0 removed, symbols: 120718 processed, 0 removed
[2020-12-15T10:14:26.095-0500][gc             ] GC(7934) Pause Remark 42M->42M(65M) 9.140ms
[2020-12-15T10:14:26.095-0500][gc,cpu         ] GC(7934) User=0.04s Sys=0.00s Real=0.01s
[2020-12-15T10:14:26.095-0500][gc,marking     ] GC(7934) Concurrent Rebuild Remembered Sets
[2020-12-15T10:14:26.129-0500][gc,marking     ] GC(7934) Concurrent Rebuild Remembered Sets 33.704ms
[2020-12-15T10:14:26.129-0500][gc,start       ] GC(7934) Pause Cleanup
[2020-12-15T10:14:26.130-0500][gc             ] GC(7934) Pause Cleanup 42M->42M(65M) 0.346ms
[2020-12-15T10:14:26.130-0500][gc,cpu         ] GC(7934) User=0.00s Sys=0.00s Real=0.00s
[2020-12-15T10:14:26.130-0500][gc,marking     ] GC(7934) Concurrent Cleanup for Next Mark
[2020-12-15T10:14:26.130-0500][gc,marking     ] GC(7934) Concurrent Cleanup for Next Mark 0.237ms
[2020-12-15T10:14:26.130-0500][gc             ] GC(7934) Concurrent Cycle 113.058ms
[2020-12-15T10:15:25.486-0500][gc,heap        ] GC(7935) Heap before GC invocations=7935 (full 1652): garbage-first heap   total 66560K, used 53597K [0x0000000083000000, 0x0000000100000000)
[2020-12-15T10:15:25.486-0500][gc,heap        ] GC(7935)   region size 1024K, 12 young (12288K), 1 survivors (1024K)
[2020-12-15T10:15:25.486-0500][gc,heap        ] GC(7935)  Metaspace       used 49397K, capacity 51450K, committed 53248K, reserved 1093632K
[2020-12-15T10:15:25.486-0500][gc,heap        ] GC(7935)   class space    used 7384K, capacity 8097K, committed 8704K, reserved 1048576K
[2020-12-15T10:15:25.486-0500][gc,start       ] GC(7935) Pause Young (Normal) (G1 Evacuation Pause)
[2020-12-15T10:15:25.486-0500][gc,task        ] GC(7935) Using 8 workers of 8 for evacuation
[2020-12-15T10:15:25.489-0500][gc,phases      ] GC(7935)   Pre Evacuate Collection Set: 0.0ms
[2020-12-15T10:15:25.489-0500][gc,phases      ] GC(7935)   Evacuate Collection Set: 1.7ms
[2020-12-15T10:15:25.490-0500][gc,phases      ] GC(7935)   Post Evacuate Collection Set: 1.4ms
[2020-12-15T10:15:25.490-0500][gc,phases      ] GC(7935)   Other: 0.5ms
[2020-12-15T10:15:25.490-0500][gc,heap        ] GC(7935) Eden regions: 11->0(11)
[2020-12-15T10:15:25.490-0500][gc,heap        ] GC(7935) Survivor regions: 1->1(2)
[2020-12-15T10:15:25.490-0500][gc,heap        ] GC(7935) Old regions: 41->41
[2020-12-15T10:15:25.490-0500][gc,heap        ] GC(7935) Humongous regions: 4->4
[2020-12-15T10:15:25.490-0500][gc,metaspace   ] GC(7935) Metaspace: 49397K->49397K(1093632K)
[2020-12-15T10:15:25.490-0500][gc,heap        ] GC(7935) Heap after GC invocations=7936 (full 1652): garbage-first heap   total 66560K, used 43475K [0x0000000083000000, 0x0000000100000000)
[2020-12-15T10:15:25.490-0500][gc,heap        ] GC(7935)   region size 1024K, 1 young (1024K), 1 survivors (1024K)
[2020-12-15T10:15:25.490-0500][gc,heap        ] GC(7935)  Metaspace       used 49397K, capacity 51450K, committed 53248K, reserved 1093632K
[2020-12-15T10:15:25.490-0500][gc,heap        ] GC(7935)   class space    used 7384K, capacity 8097K, committed 8704K, reserved 1048576K
[2020-12-15T10:15:25.490-0500][gc             ] GC(7935) Pause Young (Normal) (G1 Evacuation Pause) 53M->42M(65M) 3.924ms
[2020-12-15T10:15:25.490-0500][gc,cpu         ] GC(7935) User=0.01s Sys=0.01s Real=0.01s
[2020-12-15T10:16:15.486-0500][gc,heap        ] GC(7936) Heap before GC invocations=7936 (full 1652): garbage-first heap   total 66560K, used 53715K [0x0000000083000000, 0x0000000100000000)
[2020-12-15T10:16:15.486-0500][gc,heap        ] GC(7936)   region size 1024K, 12 young (12288K), 1 survivors (1024K)
[2020-12-15T10:16:15.486-0500][gc,heap        ] GC(7936)  Metaspace       used 49399K, capacity 51450K, committed 53248K, reserved 1093632K
[2020-12-15T10:16:15.486-0500][gc,heap        ] GC(7936)   class space    used 7384K, capacity 8097K, committed 8704K, reserved 1048576K
[2020-12-15T10:16:15.486-0500][gc,start       ] GC(7936) Pause Young (Concurrent Start) (G1 Evacuation Pause)
[2020-12-15T10:16:15.486-0500][gc,task        ] GC(7936) Using 8 workers of 8 for evacuation
[2020-12-15T10:16:15.492-0500][gc,phases      ] GC(7936)   Pre Evacuate Collection Set: 0.2ms
[2020-12-15T10:16:15.492-0500][gc,phases      ] GC(7936)   Evacuate Collection Set: 4.0ms
[2020-12-15T10:16:15.492-0500][gc,phases      ] GC(7936)   Post Evacuate Collection Set: 2.0ms
[2020-12-15T10:16:15.492-0500][gc,phases      ] GC(7936)   Other: 0.3ms
[2020-12-15T10:16:15.492-0500][gc,heap        ] GC(7936) Eden regions: 11->0(11)
[2020-12-15T10:16:15.492-0500][gc,heap        ] GC(7936) Survivor regions: 1->1(2)
[2020-12-15T10:16:15.492-0500][gc,heap        ] GC(7936) Old regions: 41->41
[2020-12-15T10:16:15.492-0500][gc,heap        ] GC(7936) Humongous regions: 4->4
[2020-12-15T10:16:15.492-0500][gc,metaspace   ] GC(7936) Metaspace: 49399K->49399K(1093632K)
[2020-12-15T10:16:15.492-0500][gc,heap        ] GC(7936) Heap after GC invocations=7937 (full 1652): garbage-first heap   total 66560K, used 43528K [0x0000000083000000, 0x0000000100000000)
[2020-12-15T10:16:15.492-0500][gc,heap        ] GC(7936)   region size 1024K, 1 young (1024K), 1 survivors (1024K)
[2020-12-15T10:16:15.492-0500][gc,heap        ] GC(7936)  Metaspace       used 49399K, capacity 51450K, committed 53248K, reserved 1093632K
[2020-12-15T10:16:15.493-0500][gc,heap        ] GC(7936)   class space    used 7384K, capacity 8097K, committed 8704K, reserved 1048576K
[2020-12-15T10:16:15.493-0500][gc             ] GC(7936) Pause Young (Concurrent Start) (G1 Evacuation Pause) 53M->42M(65M) 6.471ms
[2020-12-15T10:16:15.493-0500][gc,cpu         ] GC(7936) User=0.01s Sys=0.00s Real=0.01s
[2020-12-15T10:16:15.493-0500][gc             ] GC(7937) Concurrent Cycle
[2020-12-15T10:16:15.493-0500][gc,marking     ] GC(7937) Concurrent Clear Claimed Marks
[2020-12-15T10:16:15.493-0500][gc,marking     ] GC(7937) Concurrent Clear Claimed Marks 0.166ms
[2020-12-15T10:16:15.493-0500][gc,marking     ] GC(7937) Concurrent Scan Root Regions
[2020-12-15T10:16:15.495-0500][gc,marking     ] GC(7937) Concurrent Scan Root Regions 1.592ms
[2020-12-15T10:16:15.495-0500][gc,marking     ] GC(7937) Concurrent Mark (495572.882s)
[2020-12-15T10:16:15.495-0500][gc,marking     ] GC(7937) Concurrent Mark From Roots
[2020-12-15T10:16:15.495-0500][gc,task        ] GC(7937) Using 2 workers of 2 for marking
[2020-12-15T10:16:15.558-0500][gc,marking     ] GC(7937) Concurrent Mark From Roots 63.188ms
[2020-12-15T10:16:15.558-0500][gc,marking     ] GC(7937) Concurrent Preclean
[2020-12-15T10:16:15.558-0500][gc,marking     ] GC(7937) Concurrent Preclean 0.264ms
[2020-12-15T10:16:15.558-0500][gc,marking     ] GC(7937) Concurrent Mark (495572.882s, 495572.945s) 63.570ms
[2020-12-15T10:16:15.559-0500][gc,start       ] GC(7937) Pause Remark
[2020-12-15T10:16:15.572-0500][gc,stringtable ] GC(7937) Cleaned string and symbol table, strings: 32745 processed, 0 removed, symbols: 120718 processed, 0 removed
[2020-12-15T10:16:15.573-0500][gc             ] GC(7937) Pause Remark 42M->42M(65M) 14.251ms
[2020-12-15T10:16:15.573-0500][gc,cpu         ] GC(7937) User=0.08s Sys=0.00s Real=0.01s
[2020-12-15T10:16:15.573-0500][gc,marking     ] GC(7937) Concurrent Rebuild Remembered Sets
[2020-12-15T10:16:15.606-0500][gc,marking     ] GC(7937) Concurrent Rebuild Remembered Sets 32.383ms
[2020-12-15T10:16:15.606-0500][gc,start       ] GC(7937) Pause Cleanup
[2020-12-15T10:16:15.606-0500][gc             ] GC(7937) Pause Cleanup 42M->42M(65M) 0.223ms
[2020-12-15T10:16:15.606-0500][gc,cpu         ] GC(7937) User=0.00s Sys=0.00s Real=0.00s
[2020-12-15T10:16:15.606-0500][gc,marking     ] GC(7937) Concurrent Cleanup for Next Mark
[2020-12-15T10:16:15.607-0500][gc,marking     ] GC(7937) Concurrent Cleanup for Next Mark 0.435ms
[2020-12-15T10:16:15.607-0500][gc             ] GC(7937) Concurrent Cycle 114.102ms
[2020-12-15T10:16:45.190-0500][gc,task        ] GC(7938) Using 5 workers of 8 for full compaction
[2020-12-15T10:16:45.190-0500][gc,start       ] GC(7938) Pause Full (System.gc())
[2020-12-15T10:16:45.190-0500][gc,heap        ] GC(7938) Heap before GC invocations=7938 (full 1652): garbage-first heap   total 66560K, used 47624K [0x0000000083000000, 0x0000000100000000)
[2020-12-15T10:16:45.190-0500][gc,heap        ] GC(7938)   region size 1024K, 6 young (6144K), 1 survivors (1024K)
[2020-12-15T10:16:45.190-0500][gc,heap        ] GC(7938)  Metaspace       used 49399K, capacity 51450K, committed 53248K, reserved 1093632K
[2020-12-15T10:16:45.190-0500][gc,heap        ] GC(7938)   class space    used 7384K, capacity 8097K, committed 8704K, reserved 1048576K
[2020-12-15T10:16:45.190-0500][gc,phases,start] GC(7938) Phase 1: Mark live objects
[2020-12-15T10:16:45.219-0500][gc,stringtable ] GC(7938) Cleaned string and symbol table, strings: 32745 processed, 5 removed, symbols: 120718 processed, 0 removed
[2020-12-15T10:16:45.219-0500][gc,phases      ] GC(7938) Phase 1: Mark live objects 29.173ms
[2020-12-15T10:16:45.220-0500][gc,phases,start] GC(7938) Phase 2: Prepare for compaction
[2020-12-15T10:16:45.226-0500][gc,phases      ] GC(7938) Phase 2: Prepare for compaction 6.655ms
[2020-12-15T10:16:45.226-0500][gc,phases,start] GC(7938) Phase 3: Adjust pointers
[2020-12-15T10:16:45.244-0500][gc,phases      ] GC(7938) Phase 3: Adjust pointers 17.440ms
[2020-12-15T10:16:45.244-0500][gc,phases,start] GC(7938) Phase 4: Compact heap
[2020-12-15T10:16:45.249-0500][gc,phases      ] GC(7938) Phase 4: Compact heap 4.761ms
[2020-12-15T10:16:45.257-0500][gc,heap        ] GC(7938) Eden regions: 5->0(11)
[2020-12-15T10:16:45.257-0500][gc,heap        ] GC(7938) Survivor regions: 1->0(2)
[2020-12-15T10:16:45.257-0500][gc,heap        ] GC(7938) Old regions: 41->42
[2020-12-15T10:16:45.257-0500][gc,heap        ] GC(7938) Humongous regions: 4->4
[2020-12-15T10:16:45.257-0500][gc,metaspace   ] GC(7938) Metaspace: 49399K->49399K(1093632K)
[2020-12-15T10:16:45.257-0500][gc,heap        ] GC(7938) Heap after GC invocations=7939 (full 1653): garbage-first heap   total 66560K, used 43259K [0x0000000083000000, 0x0000000100000000)
[2020-12-15T10:16:45.257-0500][gc,heap        ] GC(7938)   region size 1024K, 0 young (0K), 0 survivors (0K)
[2020-12-15T10:16:45.257-0500][gc,heap        ] GC(7938)  Metaspace       used 49399K, capacity 51450K, committed 53248K, reserved 1093632K
[2020-12-15T10:16:45.257-0500][gc,heap        ] GC(7938)   class space    used 7384K, capacity 8097K, committed 8704K, reserved 1048576K
[2020-12-15T10:16:45.257-0500][gc             ] GC(7938) Pause Full (System.gc()) 47M->42M(65M) 67.003ms
[2020-12-15T10:16:45.257-0500][gc,cpu         ] GC(7938) User=0.27s Sys=0.00s Real=0.06s
[2020-12-15T10:17:35.485-0500][gc,heap        ] GC(7939) Heap before GC invocations=7939 (full 1653): garbage-first heap   total 66560K, used 53499K [0x0000000083000000, 0x0000000100000000)
[2020-12-15T10:17:35.485-0500][gc,heap        ] GC(7939)   region size 1024K, 11 young (11264K), 0 survivors (0K)
[2020-12-15T10:17:35.485-0500][gc,heap        ] GC(7939)  Metaspace       used 49399K, capacity 51450K, committed 53248K, reserved 1093632K
[2020-12-15T10:17:35.485-0500][gc,heap        ] GC(7939)   class space    used 7384K, capacity 8097K, committed 8704K, reserved 1048576K
[2020-12-15T10:17:35.485-0500][gc,start       ] GC(7939) Pause Young (Concurrent Start) (G1 Evacuation Pause)
[2020-12-15T10:17:35.485-0500][gc,task        ] GC(7939) Using 8 workers of 8 for evacuation
[2020-12-15T10:17:35.488-0500][gc,phases      ] GC(7939)   Pre Evacuate Collection Set: 0.3ms
[2020-12-15T10:17:35.488-0500][gc,phases      ] GC(7939)   Evacuate Collection Set: 1.7ms
[2020-12-15T10:17:35.488-0500][gc,phases      ] GC(7939)   Post Evacuate Collection Set: 1.2ms
[2020-12-15T10:17:35.488-0500][gc,phases      ] GC(7939)   Other: 0.3ms
[2020-12-15T10:17:35.488-0500][gc,heap        ] GC(7939) Eden regions: 11->0(10)
[2020-12-15T10:17:35.489-0500][gc,heap        ] GC(7939) Survivor regions: 0->1(2)
[2020-12-15T10:17:35.489-0500][gc,heap        ] GC(7939) Old regions: 42->42
[2020-12-15T10:17:35.489-0500][gc,heap        ] GC(7939) Humongous regions: 4->4
[2020-12-15T10:17:35.489-0500][gc,metaspace   ] GC(7939) Metaspace: 49399K->49399K(1093632K)
[2020-12-15T10:17:35.489-0500][gc,heap        ] GC(7939) Heap after GC invocations=7940 (full 1653): garbage-first heap   total 66560K, used 43470K [0x0000000083000000, 0x0000000100000000)
[2020-12-15T10:17:35.489-0500][gc,heap        ] GC(7939)   region size 1024K, 1 young (1024K), 1 survivors (1024K)
[2020-12-15T10:17:35.489-0500][gc,heap        ] GC(7939)  Metaspace       used 49399K, capacity 51450K, committed 53248K, reserved 1093632K
[2020-12-15T10:17:35.489-0500][gc,heap        ] GC(7939)   class space    used 7384K, capacity 8097K, committed 8704K, reserved 1048576K
[2020-12-15T10:17:35.489-0500][gc             ] GC(7939) Pause Young (Concurrent Start) (G1 Evacuation Pause) 53M->42M(65M) 3.725ms
[2020-12-15T10:17:35.489-0500][gc,cpu         ] GC(7939) User=0.00s Sys=0.01s Real=0.01s
[2020-12-15T10:17:35.489-0500][gc             ] GC(7940) Concurrent Cycle
[2020-12-15T10:17:35.489-0500][gc,marking     ] GC(7940) Concurrent Clear Claimed Marks
[2020-12-15T10:17:35.489-0500][gc,marking     ] GC(7940) Concurrent Clear Claimed Marks 0.200ms
[2020-12-15T10:17:35.489-0500][gc,marking     ] GC(7940) Concurrent Scan Root Regions
[2020-12-15T10:17:35.492-0500][gc,marking     ] GC(7940) Concurrent Scan Root Regions 2.676ms
[2020-12-15T10:17:35.492-0500][gc,marking     ] GC(7940) Concurrent Mark (495652.879s)
[2020-12-15T10:17:35.492-0500][gc,marking     ] GC(7940) Concurrent Mark From Roots
[2020-12-15T10:17:35.492-0500][gc,task        ] GC(7940) Using 2 workers of 2 for marking
[2020-12-15T10:17:35.564-0500][gc,marking     ] GC(7940) Concurrent Mark From Roots 72.287ms
[2020-12-15T10:17:35.564-0500][gc,marking     ] GC(7940) Concurrent Preclean
[2020-12-15T10:17:35.564-0500][gc,marking     ] GC(7940) Concurrent Preclean 0.233ms
[2020-12-15T10:17:35.565-0500][gc,marking     ] GC(7940) Concurrent Mark (495652.879s, 495652.952s) 72.634ms
[2020-12-15T10:17:35.565-0500][gc,start       ] GC(7940) Pause Remark
[2020-12-15T10:17:35.578-0500][gc,stringtable ] GC(7940) Cleaned string and symbol table, strings: 32745 processed, 0 removed, symbols: 120718 processed, 0 removed
[2020-12-15T10:17:35.578-0500][gc             ] GC(7940) Pause Remark 43M->43M(65M) 13.573ms
[2020-12-15T10:17:35.579-0500][gc,cpu         ] GC(7940) User=0.08s Sys=0.00s Real=0.02s
[2020-12-15T10:17:35.579-0500][gc,marking     ] GC(7940) Concurrent Rebuild Remembered Sets
[2020-12-15T10:17:35.610-0500][gc,marking     ] GC(7940) Concurrent Rebuild Remembered Sets 31.394ms
[2020-12-15T10:17:35.611-0500][gc,start       ] GC(7940) Pause Cleanup
[2020-12-15T10:17:35.611-0500][gc             ] GC(7940) Pause Cleanup 43M->43M(65M) 0.284ms
[2020-12-15T10:17:35.611-0500][gc,cpu         ] GC(7940) User=0.00s Sys=0.00s Real=0.00s
[2020-12-15T10:17:35.611-0500][gc,marking     ] GC(7940) Concurrent Cleanup for Next Mark
[2020-12-15T10:17:35.612-0500][gc,marking     ] GC(7940) Concurrent Cleanup for Next Mark 0.278ms
[2020-12-15T10:17:35.612-0500][gc             ] GC(7940) Concurrent Cycle 122.800ms
[2020-12-15T10:18:25.486-0500][gc,heap        ] GC(7941) Heap before GC invocations=7941 (full 1653): garbage-first heap   total 66560K, used 52686K [0x0000000083000000, 0x0000000100000000)
[2020-12-15T10:18:25.486-0500][gc,heap        ] GC(7941)   region size 1024K, 11 young (11264K), 1 survivors (1024K)
[2020-12-15T10:18:25.486-0500][gc,heap        ] GC(7941)  Metaspace       used 49399K, capacity 51450K, committed 53248K, reserved 1093632K
[2020-12-15T10:18:25.486-0500][gc,heap        ] GC(7941)   class space    used 7384K, capacity 8097K, committed 8704K, reserved 1048576K
[2020-12-15T10:18:25.486-0500][gc,start       ] GC(7941) Pause Young (Normal) (G1 Evacuation Pause)
[2020-12-15T10:18:25.486-0500][gc,task        ] GC(7941) Using 8 workers of 8 for evacuation
[2020-12-15T10:18:25.489-0500][gc,phases      ] GC(7941)   Pre Evacuate Collection Set: 0.0ms
[2020-12-15T10:18:25.489-0500][gc,phases      ] GC(7941)   Evacuate Collection Set: 1.2ms
[2020-12-15T10:18:25.489-0500][gc,phases      ] GC(7941)   Post Evacuate Collection Set: 1.1ms
[2020-12-15T10:18:25.489-0500][gc,phases      ] GC(7941)   Other: 0.5ms
[2020-12-15T10:18:25.489-0500][gc,heap        ] GC(7941) Eden regions: 10->0(10)
[2020-12-15T10:18:25.489-0500][gc,heap        ] GC(7941) Survivor regions: 1->1(2)
[2020-12-15T10:18:25.489-0500][gc,heap        ] GC(7941) Old regions: 42->42
[2020-12-15T10:18:25.489-0500][gc,heap        ] GC(7941) Humongous regions: 4->4
[2020-12-15T10:18:25.489-0500][gc,metaspace   ] GC(7941) Metaspace: 49399K->49399K(1093632K)
[2020-12-15T10:18:25.489-0500][gc,heap        ] GC(7941) Heap after GC invocations=7942 (full 1653): garbage-first heap   total 66560K, used 43478K [0x0000000083000000, 0x0000000100000000)
[2020-12-15T10:18:25.489-0500][gc,heap        ] GC(7941)   region size 1024K, 1 young (1024K), 1 survivors (1024K)
[2020-12-15T10:18:25.489-0500][gc,heap        ] GC(7941)  Metaspace       used 49399K, capacity 51450K, committed 53248K, reserved 1093632K
[2020-12-15T10:18:25.489-0500][gc,heap        ] GC(7941)   class space    used 7384K, capacity 8097K, committed 8704K, reserved 1048576K
[2020-12-15T10:18:25.489-0500][gc             ] GC(7941) Pause Young (Normal) (G1 Evacuation Pause) 52M->42M(65M) 2.856ms
[2020-12-15T10:18:25.489-0500][gc,cpu         ] GC(7941) User=0.00s Sys=0.00s Real=0.01s
[2020-12-15T10:19:15.487-0500][gc,heap        ] GC(7942) Heap before GC invocations=7942 (full 1653): garbage-first heap   total 66560K, used 52694K [0x0000000083000000, 0x0000000100000000)
[2020-12-15T10:19:15.487-0500][gc,heap        ] GC(7942)   region size 1024K, 11 young (11264K), 1 survivors (1024K)
[2020-12-15T10:19:15.487-0500][gc,heap        ] GC(7942)  Metaspace       used 49399K, capacity 51450K, committed 53248K, reserved 1093632K
[2020-12-15T10:19:15.487-0500][gc,heap        ] GC(7942)   class space    used 7384K, capacity 8097K, committed 8704K, reserved 1048576K
[2020-12-15T10:19:15.487-0500][gc,start       ] GC(7942) Pause Young (Concurrent Start) (G1 Evacuation Pause)
[2020-12-15T10:19:15.487-0500][gc,task        ] GC(7942) Using 8 workers of 8 for evacuation
[2020-12-15T10:19:15.490-0500][gc,phases      ] GC(7942)   Pre Evacuate Collection Set: 0.2ms
[2020-12-15T10:19:15.490-0500][gc,phases      ] GC(7942)   Evacuate Collection Set: 1.7ms
[2020-12-15T10:19:15.490-0500][gc,phases      ] GC(7942)   Post Evacuate Collection Set: 0.7ms
[2020-12-15T10:19:15.490-0500][gc,phases      ] GC(7942)   Other: 0.5ms
[2020-12-15T10:19:15.490-0500][gc,heap        ] GC(7942) Eden regions: 10->0(10)
[2020-12-15T10:19:15.490-0500][gc,heap        ] GC(7942) Survivor regions: 1->1(2)
[2020-12-15T10:19:15.490-0500][gc,heap        ] GC(7942) Old regions: 42->42
[2020-12-15T10:19:15.490-0500][gc,heap        ] GC(7942) Humongous regions: 4->4
[2020-12-15T10:19:15.490-0500][gc,metaspace   ] GC(7942) Metaspace: 49399K->49399K(1093632K)
[2020-12-15T10:19:15.490-0500][gc,heap        ] GC(7942) Heap after GC invocations=7943 (full 1653): garbage-first heap   total 66560K, used 43474K [0x0000000083000000, 0x0000000100000000)
[2020-12-15T10:19:15.490-0500][gc,heap        ] GC(7942)   region size 1024K, 1 young (1024K), 1 survivors (1024K)
[2020-12-15T10:19:15.490-0500][gc,heap        ] GC(7942)  Metaspace       used 49399K, capacity 51450K, committed 53248K, reserved 1093632K
[2020-12-15T10:19:15.490-0500][gc,heap        ] GC(7942)   class space    used 7384K, capacity 8097K, committed 8704K, reserved 1048576K
[2020-12-15T10:19:15.490-0500][gc             ] GC(7942) Pause Young (Concurrent Start) (G1 Evacuation Pause) 52M->42M(65M) 3.152ms
[2020-12-15T10:19:15.490-0500][gc,cpu         ] GC(7942) User=0.01s Sys=0.01s Real=0.01s
[2020-12-15T10:19:15.490-0500][gc             ] GC(7943) Concurrent Cycle
[2020-12-15T10:19:15.490-0500][gc,marking     ] GC(7943) Concurrent Clear Claimed Marks
[2020-12-15T10:19:15.490-0500][gc,marking     ] GC(7943) Concurrent Clear Claimed Marks 0.203ms
[2020-12-15T10:19:15.490-0500][gc,marking     ] GC(7943) Concurrent Scan Root Regions
[2020-12-15T10:19:15.491-0500][gc,marking     ] GC(7943) Concurrent Scan Root Regions 0.881ms
[2020-12-15T10:19:15.491-0500][gc,marking     ] GC(7943) Concurrent Mark (495752.878s)
[2020-12-15T10:19:15.491-0500][gc,marking     ] GC(7943) Concurrent Mark From Roots
[2020-12-15T10:19:15.491-0500][gc,task        ] GC(7943) Using 2 workers of 2 for marking
[2020-12-15T10:19:15.575-0500][gc,marking     ] GC(7943) Concurrent Mark From Roots 83.786ms
[2020-12-15T10:19:15.575-0500][gc,marking     ] GC(7943) Concurrent Preclean
[2020-12-15T10:19:15.576-0500][gc,marking     ] GC(7943) Concurrent Preclean 0.379ms
[2020-12-15T10:19:15.576-0500][gc,marking     ] GC(7943) Concurrent Mark (495752.878s, 495752.963s) 84.294ms
[2020-12-15T10:19:15.576-0500][gc,start       ] GC(7943) Pause Remark
[2020-12-15T10:19:15.583-0500][gc,stringtable ] GC(7943) Cleaned string and symbol table, strings: 32745 processed, 0 removed, symbols: 120718 processed, 0 removed
[2020-12-15T10:19:15.583-0500][gc             ] GC(7943) Pause Remark 43M->43M(65M) 7.093ms
[2020-12-15T10:19:15.583-0500][gc,cpu         ] GC(7943) User=0.04s Sys=0.00s Real=0.01s
[2020-12-15T10:19:15.583-0500][gc,marking     ] GC(7943) Concurrent Rebuild Remembered Sets
[2020-12-15T10:19:15.616-0500][gc,marking     ] GC(7943) Concurrent Rebuild Remembered Sets 32.443ms
[2020-12-15T10:19:15.616-0500][gc,start       ] GC(7943) Pause Cleanup
[2020-12-15T10:19:15.616-0500][gc             ] GC(7943) Pause Cleanup 43M->43M(65M) 0.276ms
[2020-12-15T10:19:15.617-0500][gc,cpu         ] GC(7943) User=0.00s Sys=0.00s Real=0.00s
[2020-12-15T10:19:15.617-0500][gc,marking     ] GC(7943) Concurrent Cleanup for Next Mark
[2020-12-15T10:19:15.617-0500][gc,marking     ] GC(7943) Concurrent Cleanup for Next Mark 0.241ms
[2020-12-15T10:19:15.617-0500][gc             ] GC(7943) Concurrent Cycle 126.695ms
[2020-12-15T10:20:05.482-0500][gc,heap        ] GC(7944) Heap before GC invocations=7944 (full 1653): garbage-first heap   total 66560K, used 52690K [0x0000000083000000, 0x0000000100000000)
[2020-12-15T10:20:05.482-0500][gc,heap        ] GC(7944)   region size 1024K, 11 young (11264K), 1 survivors (1024K)
[2020-12-15T10:20:05.482-0500][gc,heap        ] GC(7944)  Metaspace       used 49399K, capacity 51450K, committed 53248K, reserved 1093632K
[2020-12-15T10:20:05.482-0500][gc,heap        ] GC(7944)   class space    used 7384K, capacity 8097K, committed 8704K, reserved 1048576K
[2020-12-15T10:20:05.482-0500][gc,start       ] GC(7944) Pause Young (Normal) (G1 Evacuation Pause)
[2020-12-15T10:20:05.482-0500][gc,task        ] GC(7944) Using 8 workers of 8 for evacuation
[2020-12-15T10:20:05.515-0500][gc,phases      ] GC(7944)   Pre Evacuate Collection Set: 0.0ms
[2020-12-15T10:20:05.515-0500][gc,phases      ] GC(7944)   Evacuate Collection Set: 32.3ms
[2020-12-15T10:20:05.515-0500][gc,phases      ] GC(7944)   Post Evacuate Collection Set: 1.2ms
[2020-12-15T10:20:05.516-0500][gc,phases      ] GC(7944)   Other: 0.3ms
[2020-12-15T10:20:05.516-0500][gc,heap        ] GC(7944) Eden regions: 10->0(10)
[2020-12-15T10:20:05.516-0500][gc,heap        ] GC(7944) Survivor regions: 1->1(2)
[2020-12-15T10:20:05.516-0500][gc,heap        ] GC(7944) Old regions: 42->42
[2020-12-15T10:20:05.516-0500][gc,heap        ] GC(7944) Humongous regions: 4->4
[2020-12-15T10:20:05.516-0500][gc,metaspace   ] GC(7944) Metaspace: 49399K->49399K(1093632K)
[2020-12-15T10:20:05.516-0500][gc,heap        ] GC(7944) Heap after GC invocations=7945 (full 1653): garbage-first heap   total 66560K, used 43438K [0x0000000083000000, 0x0000000100000000)
[2020-12-15T10:20:05.516-0500][gc,heap        ] GC(7944)   region size 1024K, 1 young (1024K), 1 survivors (1024K)
[2020-12-15T10:20:05.516-0500][gc,heap        ] GC(7944)  Metaspace       used 49399K, capacity 51450K, committed 53248K, reserved 1093632K
[2020-12-15T10:20:05.516-0500][gc,heap        ] GC(7944)   class space    used 7384K, capacity 8097K, committed 8704K, reserved 1048576K
[2020-12-15T10:20:05.516-0500][gc             ] GC(7944) Pause Young (Normal) (G1 Evacuation Pause) 52M->42M(65M) 33.982ms
[2020-12-15T10:20:05.516-0500][gc,cpu         ] GC(7944) User=0.03s Sys=0.01s Real=0.03s
[2020-12-15T10:20:55.480-0500][gc,heap        ] GC(7945) Heap before GC invocations=7945 (full 1653): garbage-first heap   total 66560K, used 53678K [0x0000000083000000, 0x0000000100000000)
[2020-12-15T10:20:55.480-0500][gc,heap        ] GC(7945)   region size 1024K, 11 young (11264K), 1 survivors (1024K)
[2020-12-15T10:20:55.480-0500][gc,heap        ] GC(7945)  Metaspace       used 49399K, capacity 51450K, committed 53248K, reserved 1093632K
[2020-12-15T10:20:55.480-0500][gc,heap        ] GC(7945)   class space    used 7384K, capacity 8097K, committed 8704K, reserved 1048576K
[2020-12-15T10:20:55.480-0500][gc,start       ] GC(7945) Pause Young (Concurrent Start) (G1 Evacuation Pause)
[2020-12-15T10:20:55.480-0500][gc,task        ] GC(7945) Using 8 workers of 8 for evacuation
[2020-12-15T10:20:55.483-0500][gc,phases      ] GC(7945)   Pre Evacuate Collection Set: 0.2ms
[2020-12-15T10:20:55.483-0500][gc,phases      ] GC(7945)   Evacuate Collection Set: 1.5ms
[2020-12-15T10:20:55.483-0500][gc,phases      ] GC(7945)   Post Evacuate Collection Set: 1.6ms
[2020-12-15T10:20:55.483-0500][gc,phases      ] GC(7945)   Other: 0.3ms
[2020-12-15T10:20:55.483-0500][gc,heap        ] GC(7945) Eden regions: 10->0(10)
[2020-12-15T10:20:55.483-0500][gc,heap        ] GC(7945) Survivor regions: 1->1(2)
[2020-12-15T10:20:55.483-0500][gc,heap        ] GC(7945) Old regions: 42->42
[2020-12-15T10:20:55.483-0500][gc,heap        ] GC(7945) Humongous regions: 4->4
[2020-12-15T10:20:55.483-0500][gc,metaspace   ] GC(7945) Metaspace: 49399K->49399K(1093632K)
[2020-12-15T10:20:55.483-0500][gc,heap        ] GC(7945) Heap after GC invocations=7946 (full 1653): garbage-first heap   total 66560K, used 43405K [0x0000000083000000, 0x0000000100000000)
[2020-12-15T10:20:55.483-0500][gc,heap        ] GC(7945)   region size 1024K, 1 young (1024K), 1 survivors (1024K)
[2020-12-15T10:20:55.483-0500][gc,heap        ] GC(7945)  Metaspace       used 49399K, capacity 51450K, committed 53248K, reserved 1093632K
[2020-12-15T10:20:55.483-0500][gc,heap        ] GC(7945)   class space    used 7384K, capacity 8097K, committed 8704K, reserved 1048576K
[2020-12-15T10:20:55.483-0500][gc             ] GC(7945) Pause Young (Concurrent Start) (G1 Evacuation Pause) 52M->42M(65M) 3.783ms
[2020-12-15T10:20:55.484-0500][gc,cpu         ] GC(7945) User=0.01s Sys=0.00s Real=0.00s
[2020-12-15T10:20:55.484-0500][gc             ] GC(7946) Concurrent Cycle
[2020-12-15T10:20:55.484-0500][gc,marking     ] GC(7946) Concurrent Clear Claimed Marks
[2020-12-15T10:20:55.484-0500][gc,marking     ] GC(7946) Concurrent Clear Claimed Marks 0.207ms
[2020-12-15T10:20:55.484-0500][gc,marking     ] GC(7946) Concurrent Scan Root Regions
[2020-12-15T10:20:55.486-0500][gc,marking     ] GC(7946) Concurrent Scan Root Regions 1.577ms
[2020-12-15T10:20:55.486-0500][gc,marking     ] GC(7946) Concurrent Mark (495852.873s)
[2020-12-15T10:20:55.486-0500][gc,marking     ] GC(7946) Concurrent Mark From Roots
[2020-12-15T10:20:55.486-0500][gc,task        ] GC(7946) Using 2 workers of 2 for marking
[2020-12-15T10:20:55.538-0500][gc,marking     ] GC(7946) Concurrent Mark From Roots 52.659ms
[2020-12-15T10:20:55.538-0500][gc,marking     ] GC(7946) Concurrent Preclean
[2020-12-15T10:20:55.539-0500][gc,marking     ] GC(7946) Concurrent Preclean 0.266ms
[2020-12-15T10:20:55.539-0500][gc,marking     ] GC(7946) Concurrent Mark (495852.873s, 495852.926s) 53.065ms
[2020-12-15T10:20:55.539-0500][gc,start       ] GC(7946) Pause Remark
[2020-12-15T10:20:55.545-0500][gc,stringtable ] GC(7946) Cleaned string and symbol table, strings: 32745 processed, 0 removed, symbols: 120718 processed, 0 removed
[2020-12-15T10:20:55.545-0500][gc             ] GC(7946) Pause Remark 43M->43M(65M) 6.042ms
[2020-12-15T10:20:55.545-0500][gc,cpu         ] GC(7946) User=0.04s Sys=0.00s Real=0.00s
[2020-12-15T10:20:55.545-0500][gc,marking     ] GC(7946) Concurrent Rebuild Remembered Sets
[2020-12-15T10:20:55.567-0500][gc,marking     ] GC(7946) Concurrent Rebuild Remembered Sets 22.273ms
[2020-12-15T10:20:55.568-0500][gc,start       ] GC(7946) Pause Cleanup
[2020-12-15T10:20:55.568-0500][gc             ] GC(7946) Pause Cleanup 43M->43M(65M) 0.247ms
[2020-12-15T10:20:55.568-0500][gc,cpu         ] GC(7946) User=0.00s Sys=0.00s Real=0.00s
[2020-12-15T10:20:55.568-0500][gc,marking     ] GC(7946) Concurrent Cleanup for Next Mark
[2020-12-15T10:20:55.569-0500][gc,marking     ] GC(7946) Concurrent Cleanup for Next Mark 0.263ms
[2020-12-15T10:20:55.569-0500][gc             ] GC(7946) Concurrent Cycle 85.050ms
[2020-12-15T10:21:37.907-0500][gc,heap        ] GC(7947) Heap before GC invocations=7947 (full 1653): garbage-first heap   total 66560K, used 52621K [0x0000000083000000, 0x0000000100000000)
[2020-12-15T10:21:37.907-0500][gc,heap        ] GC(7947)   region size 1024K, 11 young (11264K), 1 survivors (1024K)
[2020-12-15T10:21:37.907-0500][gc,heap        ] GC(7947)  Metaspace       used 49399K, capacity 51450K, committed 53248K, reserved 1093632K
[2020-12-15T10:21:37.907-0500][gc,heap        ] GC(7947)   class space    used 7384K, capacity 8097K, committed 8704K, reserved 1048576K
[2020-12-15T10:21:37.907-0500][gc,start       ] GC(7947) Pause Young (Normal) (G1 Evacuation Pause)
[2020-12-15T10:21:37.907-0500][gc,task        ] GC(7947) Using 8 workers of 8 for evacuation
[2020-12-15T10:21:37.910-0500][gc,phases      ] GC(7947)   Pre Evacuate Collection Set: 0.0ms
[2020-12-15T10:21:37.911-0500][gc,phases      ] GC(7947)   Evacuate Collection Set: 2.2ms
[2020-12-15T10:21:37.911-0500][gc,phases      ] GC(7947)   Post Evacuate Collection Set: 1.0ms
[2020-12-15T10:21:37.911-0500][gc,phases      ] GC(7947)   Other: 0.2ms
[2020-12-15T10:21:37.911-0500][gc,heap        ] GC(7947) Eden regions: 10->0(10)
[2020-12-15T10:21:37.911-0500][gc,heap        ] GC(7947) Survivor regions: 1->1(2)
[2020-12-15T10:21:37.911-0500][gc,heap        ] GC(7947) Old regions: 42->42
[2020-12-15T10:21:37.911-0500][gc,heap        ] GC(7947) Humongous regions: 4->4
[2020-12-15T10:21:37.911-0500][gc,metaspace   ] GC(7947) Metaspace: 49399K->49399K(1093632K)
[2020-12-15T10:21:37.911-0500][gc,heap        ] GC(7947) Heap after GC invocations=7948 (full 1653): garbage-first heap   total 66560K, used 43359K [0x0000000083000000, 0x0000000100000000)
[2020-12-15T10:21:37.911-0500][gc,heap        ] GC(7947)   region size 1024K, 1 young (1024K), 1 survivors (1024K)
[2020-12-15T10:21:37.911-0500][gc,heap        ] GC(7947)  Metaspace       used 49399K, capacity 51450K, committed 53248K, reserved 1093632K
[2020-12-15T10:21:37.911-0500][gc,heap        ] GC(7947)   class space    used 7384K, capacity 8097K, committed 8704K, reserved 1048576K
[2020-12-15T10:21:37.911-0500][gc             ] GC(7947) Pause Young (Normal) (G1 Evacuation Pause) 52M->42M(65M) 3.427ms
[2020-12-15T10:21:37.911-0500][gc,cpu         ] GC(7947) User=0.02s Sys=0.00s Real=0.01s
[2020-12-15T10:21:45.192-0500][gc,task        ] GC(7948) Using 5 workers of 8 for full compaction
[2020-12-15T10:21:45.192-0500][gc,start       ] GC(7948) Pause Full (System.gc())
[2020-12-15T10:21:45.192-0500][gc,heap        ] GC(7948) Heap before GC invocations=7948 (full 1653): garbage-first heap   total 66560K, used 43359K [0x0000000083000000, 0x0000000100000000)
[2020-12-15T10:21:45.192-0500][gc,heap        ] GC(7948)   region size 1024K, 2 young (2048K), 1 survivors (1024K)
[2020-12-15T10:21:45.192-0500][gc,heap        ] GC(7948)  Metaspace       used 49399K, capacity 51450K, committed 53248K, reserved 1093632K
[2020-12-15T10:21:45.192-0500][gc,heap        ] GC(7948)   class space    used 7384K, capacity 8097K, committed 8704K, reserved 1048576K
[2020-12-15T10:21:45.192-0500][gc,phases,start] GC(7948) Phase 1: Mark live objects
[2020-12-15T10:21:45.219-0500][gc,stringtable ] GC(7948) Cleaned string and symbol table, strings: 32745 processed, 5 removed, symbols: 120718 processed, 0 removed
[2020-12-15T10:21:45.219-0500][gc,phases      ] GC(7948) Phase 1: Mark live objects 26.765ms
[2020-12-15T10:21:45.219-0500][gc,phases,start] GC(7948) Phase 2: Prepare for compaction
[2020-12-15T10:21:45.224-0500][gc,phases      ] GC(7948) Phase 2: Prepare for compaction 5.570ms
[2020-12-15T10:21:45.224-0500][gc,phases,start] GC(7948) Phase 3: Adjust pointers
[2020-12-15T10:21:45.240-0500][gc,phases      ] GC(7948) Phase 3: Adjust pointers 15.771ms
[2020-12-15T10:21:45.240-0500][gc,phases,start] GC(7948) Phase 4: Compact heap
[2020-12-15T10:21:45.245-0500][gc,phases      ] GC(7948) Phase 4: Compact heap 4.911ms
[2020-12-15T10:21:45.252-0500][gc,heap        ] GC(7948) Eden regions: 1->0(11)
[2020-12-15T10:21:45.252-0500][gc,heap        ] GC(7948) Survivor regions: 1->0(2)
[2020-12-15T10:21:45.252-0500][gc,heap        ] GC(7948) Old regions: 42->42
[2020-12-15T10:21:45.252-0500][gc,heap        ] GC(7948) Humongous regions: 4->4
[2020-12-15T10:21:45.252-0500][gc,metaspace   ] GC(7948) Metaspace: 49399K->49399K(1093632K)
[2020-12-15T10:21:45.252-0500][gc,heap        ] GC(7948) Heap after GC invocations=7949 (full 1654): garbage-first heap   total 66560K, used 43260K [0x0000000083000000, 0x0000000100000000)
[2020-12-15T10:21:45.252-0500][gc,heap        ] GC(7948)   region size 1024K, 0 young (0K), 0 survivors (0K)
[2020-12-15T10:21:45.252-0500][gc,heap        ] GC(7948)  Metaspace       used 49399K, capacity 51450K, committed 53248K, reserved 1093632K
[2020-12-15T10:21:45.252-0500][gc,heap        ] GC(7948)   class space    used 7384K, capacity 8097K, committed 8704K, reserved 1048576K
[2020-12-15T10:21:45.252-0500][gc             ] GC(7948) Pause Full (System.gc()) 42M->42M(65M) 60.536ms
[2020-12-15T10:21:45.252-0500][gc,cpu         ] GC(7948) User=0.26s Sys=0.00s Real=0.06s
[2020-12-15T10:22:35.483-0500][gc,heap        ] GC(7949) Heap before GC invocations=7949 (full 1654): garbage-first heap   total 66560K, used 53500K [0x0000000083000000, 0x0000000100000000)
[2020-12-15T10:22:35.483-0500][gc,heap        ] GC(7949)   region size 1024K, 11 young (11264K), 0 survivors (0K)
[2020-12-15T10:22:35.483-0500][gc,heap        ] GC(7949)  Metaspace       used 49399K, capacity 51450K, committed 53248K, reserved 1093632K
[2020-12-15T10:22:35.483-0500][gc,heap        ] GC(7949)   class space    used 7384K, capacity 8097K, committed 8704K, reserved 1048576K
[2020-12-15T10:22:35.483-0500][gc,start       ] GC(7949) Pause Young (Concurrent Start) (G1 Evacuation Pause)
[2020-12-15T10:22:35.483-0500][gc,task        ] GC(7949) Using 8 workers of 8 for evacuation
[2020-12-15T10:22:35.509-0500][gc,phases      ] GC(7949)   Pre Evacuate Collection Set: 0.2ms
[2020-12-15T10:22:35.509-0500][gc,phases      ] GC(7949)   Evacuate Collection Set: 24.5ms
[2020-12-15T10:22:35.509-0500][gc,phases      ] GC(7949)   Post Evacuate Collection Set: 1.0ms
[2020-12-15T10:22:35.509-0500][gc,phases      ] GC(7949)   Other: 0.3ms
[2020-12-15T10:22:35.509-0500][gc,heap        ] GC(7949) Eden regions: 11->0(10)
[2020-12-15T10:22:35.509-0500][gc,heap        ] GC(7949) Survivor regions: 0->1(2)
[2020-12-15T10:22:35.509-0500][gc,heap        ] GC(7949) Old regions: 42->42
[2020-12-15T10:22:35.509-0500][gc,heap        ] GC(7949) Humongous regions: 4->4
[2020-12-15T10:22:35.509-0500][gc,metaspace   ] GC(7949) Metaspace: 49399K->49399K(1093632K)
[2020-12-15T10:22:35.509-0500][gc,heap        ] GC(7949) Heap after GC invocations=7950 (full 1654): garbage-first heap   total 66560K, used 43460K [0x0000000083000000, 0x0000000100000000)
[2020-12-15T10:22:35.509-0500][gc,heap        ] GC(7949)   region size 1024K, 1 young (1024K), 1 survivors (1024K)
[2020-12-15T10:22:35.509-0500][gc,heap        ] GC(7949)  Metaspace       used 49399K, capacity 51450K, committed 53248K, reserved 1093632K
[2020-12-15T10:22:35.509-0500][gc,heap        ] GC(7949)   class space    used 7384K, capacity 8097K, committed 8704K, reserved 1048576K
[2020-12-15T10:22:35.510-0500][gc             ] GC(7949) Pause Young (Concurrent Start) (G1 Evacuation Pause) 53M->42M(65M) 26.113ms
[2020-12-15T10:22:35.510-0500][gc,cpu         ] GC(7949) User=0.17s Sys=0.00s Real=0.03s
[2020-12-15T10:22:35.510-0500][gc             ] GC(7950) Concurrent Cycle
[2020-12-15T10:22:35.510-0500][gc,marking     ] GC(7950) Concurrent Clear Claimed Marks
[2020-12-15T10:22:35.510-0500][gc,marking     ] GC(7950) Concurrent Clear Claimed Marks 0.190ms
[2020-12-15T10:22:35.510-0500][gc,marking     ] GC(7950) Concurrent Scan Root Regions
[2020-12-15T10:22:35.511-0500][gc,marking     ] GC(7950) Concurrent Scan Root Regions 1.303ms
[2020-12-15T10:22:35.511-0500][gc,marking     ] GC(7950) Concurrent Mark (495952.898s)
[2020-12-15T10:22:35.511-0500][gc,marking     ] GC(7950) Concurrent Mark From Roots
[2020-12-15T10:22:35.511-0500][gc,task        ] GC(7950) Using 2 workers of 2 for marking
[2020-12-15T10:22:35.578-0500][gc,marking     ] GC(7950) Concurrent Mark From Roots 66.571ms
[2020-12-15T10:22:35.578-0500][gc,marking     ] GC(7950) Concurrent Preclean
[2020-12-15T10:22:35.578-0500][gc,marking     ] GC(7950) Concurrent Preclean 0.362ms
[2020-12-15T10:22:35.578-0500][gc,marking     ] GC(7950) Concurrent Mark (495952.898s, 495952.965s) 67.043ms
[2020-12-15T10:22:35.580-0500][gc,start       ] GC(7950) Pause Remark
[2020-12-15T10:22:35.587-0500][gc,stringtable ] GC(7950) Cleaned string and symbol table, strings: 32745 processed, 0 removed, symbols: 120718 processed, 0 removed
[2020-12-15T10:22:35.587-0500][gc             ] GC(7950) Pause Remark 43M->43M(65M) 7.596ms
[2020-12-15T10:22:35.587-0500][gc,cpu         ] GC(7950) User=0.05s Sys=0.00s Real=0.00s
[2020-12-15T10:22:35.588-0500][gc,marking     ] GC(7950) Concurrent Rebuild Remembered Sets
[2020-12-15T10:22:35.614-0500][gc,marking     ] GC(7950) Concurrent Rebuild Remembered Sets 26.409ms
[2020-12-15T10:22:35.614-0500][gc,start       ] GC(7950) Pause Cleanup
[2020-12-15T10:22:35.615-0500][gc             ] GC(7950) Pause Cleanup 43M->43M(65M) 0.325ms
[2020-12-15T10:22:35.615-0500][gc,cpu         ] GC(7950) User=0.00s Sys=0.00s Real=0.00s
[2020-12-15T10:22:35.615-0500][gc,marking     ] GC(7950) Concurrent Cleanup for Next Mark
[2020-12-15T10:22:35.615-0500][gc,marking     ] GC(7950) Concurrent Cleanup for Next Mark 0.164ms
[2020-12-15T10:22:35.615-0500][gc             ] GC(7950) Concurrent Cycle 105.252ms
[2020-12-15T10:23:25.483-0500][gc,heap        ] GC(7951) Heap before GC invocations=7951 (full 1654): garbage-first heap   total 66560K, used 53700K [0x0000000083000000, 0x0000000100000000)
[2020-12-15T10:23:25.483-0500][gc,heap        ] GC(7951)   region size 1024K, 11 young (11264K), 1 survivors (1024K)
[2020-12-15T10:23:25.483-0500][gc,heap        ] GC(7951)  Metaspace       used 49399K, capacity 51450K, committed 53248K, reserved 1093632K
[2020-12-15T10:23:25.483-0500][gc,heap        ] GC(7951)   class space    used 7384K, capacity 8097K, committed 8704K, reserved 1048576K
[2020-12-15T10:23:25.483-0500][gc,start       ] GC(7951) Pause Young (Normal) (G1 Evacuation Pause)
[2020-12-15T10:23:25.483-0500][gc,task        ] GC(7951) Using 8 workers of 8 for evacuation
[2020-12-15T10:23:25.517-0500][gc,phases      ] GC(7951)   Pre Evacuate Collection Set: 0.0ms
[2020-12-15T10:23:25.517-0500][gc,phases      ] GC(7951)   Evacuate Collection Set: 32.2ms
[2020-12-15T10:23:25.517-0500][gc,phases      ] GC(7951)   Post Evacuate Collection Set: 2.1ms
[2020-12-15T10:23:25.517-0500][gc,phases      ] GC(7951)   Other: 0.2ms
[2020-12-15T10:23:25.517-0500][gc,heap        ] GC(7951) Eden regions: 10->0(10)
[2020-12-15T10:23:25.517-0500][gc,heap        ] GC(7951) Survivor regions: 1->1(2)
[2020-12-15T10:23:25.517-0500][gc,heap        ] GC(7951) Old regions: 42->42
[2020-12-15T10:23:25.517-0500][gc,heap        ] GC(7951) Humongous regions: 4->4
[2020-12-15T10:23:25.517-0500][gc,metaspace   ] GC(7951) Metaspace: 49399K->49399K(1093632K)
[2020-12-15T10:23:25.517-0500][gc,heap        ] GC(7951) Heap after GC invocations=7952 (full 1654): garbage-first heap   total 66560K, used 43446K [0x0000000083000000, 0x0000000100000000)
[2020-12-15T10:23:25.517-0500][gc,heap        ] GC(7951)   region size 1024K, 1 young (1024K), 1 survivors (1024K)
[2020-12-15T10:23:25.517-0500][gc,heap        ] GC(7951)  Metaspace       used 49399K, capacity 51450K, committed 53248K, reserved 1093632K
[2020-12-15T10:23:25.518-0500][gc,heap        ] GC(7951)   class space    used 7384K, capacity 8097K, committed 8704K, reserved 1048576K
[2020-12-15T10:23:25.518-0500][gc             ] GC(7951) Pause Young (Normal) (G1 Evacuation Pause) 52M->42M(65M) 34.712ms
[2020-12-15T10:23:25.518-0500][gc,cpu         ] GC(7951) User=0.23s Sys=0.00s Real=0.04s
[2020-12-15T10:24:14.959-0500][gc,heap        ] GC(7952) Heap before GC invocations=7952 (full 1654): garbage-first heap   total 66560K, used 52662K [0x0000000083000000, 0x0000000100000000)
[2020-12-15T10:24:14.959-0500][gc,heap        ] GC(7952)   region size 1024K, 11 young (11264K), 1 survivors (1024K)
[2020-12-15T10:24:14.959-0500][gc,heap        ] GC(7952)  Metaspace       used 49399K, capacity 51450K, committed 53248K, reserved 1093632K
[2020-12-15T10:24:14.959-0500][gc,heap        ] GC(7952)   class space    used 7384K, capacity 8097K, committed 8704K, reserved 1048576K
[2020-12-15T10:24:14.959-0500][gc,start       ] GC(7952) Pause Young (Concurrent Start) (G1 Evacuation Pause)
[2020-12-15T10:24:14.959-0500][gc,task        ] GC(7952) Using 8 workers of 8 for evacuation
[2020-12-15T10:24:14.962-0500][gc,phases      ] GC(7952)   Pre Evacuate Collection Set: 0.2ms
[2020-12-15T10:24:14.962-0500][gc,phases      ] GC(7952)   Evacuate Collection Set: 1.5ms
[2020-12-15T10:24:14.962-0500][gc,phases      ] GC(7952)   Post Evacuate Collection Set: 1.0ms
[2020-12-15T10:24:14.962-0500][gc,phases      ] GC(7952)   Other: 0.3ms
[2020-12-15T10:24:14.962-0500][gc,heap        ] GC(7952) Eden regions: 10->0(10)
[2020-12-15T10:24:14.962-0500][gc,heap        ] GC(7952) Survivor regions: 1->1(2)
[2020-12-15T10:24:14.962-0500][gc,heap        ] GC(7952) Old regions: 42->42
[2020-12-15T10:24:14.962-0500][gc,heap        ] GC(7952) Humongous regions: 4->4
[2020-12-15T10:24:14.962-0500][gc,metaspace   ] GC(7952) Metaspace: 49399K->49399K(1093632K)
[2020-12-15T10:24:14.962-0500][gc,heap        ] GC(7952) Heap after GC invocations=7953 (full 1654): garbage-first heap   total 66560K, used 43331K [0x0000000083000000, 0x0000000100000000)
[2020-12-15T10:24:14.962-0500][gc,heap        ] GC(7952)   region size 1024K, 1 young (1024K), 1 survivors (1024K)
[2020-12-15T10:24:14.962-0500][gc,heap        ] GC(7952)  Metaspace       used 49399K, capacity 51450K, committed 53248K, reserved 1093632K
[2020-12-15T10:24:14.962-0500][gc,heap        ] GC(7952)   class space    used 7384K, capacity 8097K, committed 8704K, reserved 1048576K
[2020-12-15T10:24:14.962-0500][gc             ] GC(7952) Pause Young (Concurrent Start) (G1 Evacuation Pause) 52M->42M(65M) 2.965ms
[2020-12-15T10:24:14.962-0500][gc,cpu         ] GC(7952) User=0.00s Sys=0.00s Real=0.00s
[2020-12-15T10:24:14.962-0500][gc             ] GC(7953) Concurrent Cycle
[2020-12-15T10:24:14.962-0500][gc,marking     ] GC(7953) Concurrent Clear Claimed Marks
[2020-12-15T10:24:14.962-0500][gc,marking     ] GC(7953) Concurrent Clear Claimed Marks 0.044ms
[2020-12-15T10:24:14.962-0500][gc,marking     ] GC(7953) Concurrent Scan Root Regions
[2020-12-15T10:24:14.963-0500][gc,marking     ] GC(7953) Concurrent Scan Root Regions 0.638ms
[2020-12-15T10:24:14.963-0500][gc,marking     ] GC(7953) Concurrent Mark (496052.350s)
[2020-12-15T10:24:14.963-0500][gc,marking     ] GC(7953) Concurrent Mark From Roots
[2020-12-15T10:24:14.963-0500][gc,task        ] GC(7953) Using 2 workers of 2 for marking
[2020-12-15T10:24:15.004-0500][gc,marking     ] GC(7953) Concurrent Mark From Roots 41.037ms
[2020-12-15T10:24:15.004-0500][gc,marking     ] GC(7953) Concurrent Preclean
[2020-12-15T10:24:15.004-0500][gc,marking     ] GC(7953) Concurrent Preclean 0.142ms
[2020-12-15T10:24:15.004-0500][gc,marking     ] GC(7953) Concurrent Mark (496052.350s, 496052.391s) 41.263ms
[2020-12-15T10:24:15.004-0500][gc,start       ] GC(7953) Pause Remark
[2020-12-15T10:24:15.010-0500][gc,stringtable ] GC(7953) Cleaned string and symbol table, strings: 32745 processed, 0 removed, symbols: 120718 processed, 0 removed
[2020-12-15T10:24:15.010-0500][gc             ] GC(7953) Pause Remark 42M->42M(65M) 5.832ms
[2020-12-15T10:24:15.010-0500][gc,cpu         ] GC(7953) User=0.03s Sys=0.00s Real=0.01s
[2020-12-15T10:24:15.010-0500][gc,marking     ] GC(7953) Concurrent Rebuild Remembered Sets
[2020-12-15T10:24:15.034-0500][gc,marking     ] GC(7953) Concurrent Rebuild Remembered Sets 23.508ms
[2020-12-15T10:24:15.034-0500][gc,start       ] GC(7953) Pause Cleanup
[2020-12-15T10:24:15.034-0500][gc             ] GC(7953) Pause Cleanup 42M->42M(65M) 0.216ms
[2020-12-15T10:24:15.034-0500][gc,cpu         ] GC(7953) User=0.00s Sys=0.00s Real=0.00s
[2020-12-15T10:24:15.035-0500][gc,marking     ] GC(7953) Concurrent Cleanup for Next Mark
[2020-12-15T10:24:15.035-0500][gc,marking     ] GC(7953) Concurrent Cleanup for Next Mark 0.116ms
[2020-12-15T10:24:15.035-0500][gc             ] GC(7953) Concurrent Cycle 72.606ms
[2020-12-15T10:24:59.526-0500][gc,heap        ] GC(7954) Heap before GC invocations=7954 (full 1654): garbage-first heap   total 66560K, used 52547K [0x0000000083000000, 0x0000000100000000)
[2020-12-15T10:24:59.526-0500][gc,heap        ] GC(7954)   region size 1024K, 11 young (11264K), 1 survivors (1024K)
[2020-12-15T10:24:59.526-0500][gc,heap        ] GC(7954)  Metaspace       used 49399K, capacity 51450K, committed 53248K, reserved 1093632K
[2020-12-15T10:24:59.526-0500][gc,heap        ] GC(7954)   class space    used 7384K, capacity 8097K, committed 8704K, reserved 1048576K
[2020-12-15T10:24:59.526-0500][gc,start       ] GC(7954) Pause Young (Normal) (G1 Evacuation Pause)
[2020-12-15T10:24:59.526-0500][gc,task        ] GC(7954) Using 8 workers of 8 for evacuation
[2020-12-15T10:24:59.528-0500][gc,phases      ] GC(7954)   Pre Evacuate Collection Set: 0.0ms
[2020-12-15T10:24:59.528-0500][gc,phases      ] GC(7954)   Evacuate Collection Set: 1.0ms
[2020-12-15T10:24:59.528-0500][gc,phases      ] GC(7954)   Post Evacuate Collection Set: 0.9ms
[2020-12-15T10:24:59.528-0500][gc,phases      ] GC(7954)   Other: 0.2ms
[2020-12-15T10:24:59.528-0500][gc,heap        ] GC(7954) Eden regions: 10->0(10)
[2020-12-15T10:24:59.528-0500][gc,heap        ] GC(7954) Survivor regions: 1->1(2)
[2020-12-15T10:24:59.528-0500][gc,heap        ] GC(7954) Old regions: 42->42
[2020-12-15T10:24:59.528-0500][gc,heap        ] GC(7954) Humongous regions: 4->4
[2020-12-15T10:24:59.528-0500][gc,metaspace   ] GC(7954) Metaspace: 49399K->49399K(1093632K)
[2020-12-15T10:24:59.528-0500][gc,heap        ] GC(7954) Heap after GC invocations=7955 (full 1654): garbage-first heap   total 66560K, used 43337K [0x0000000083000000, 0x0000000100000000)
[2020-12-15T10:24:59.528-0500][gc,heap        ] GC(7954)   region size 1024K, 1 young (1024K), 1 survivors (1024K)
[2020-12-15T10:24:59.528-0500][gc,heap        ] GC(7954)  Metaspace       used 49399K, capacity 51450K, committed 53248K, reserved 1093632K
[2020-12-15T10:24:59.528-0500][gc,heap        ] GC(7954)   class space    used 7384K, capacity 8097K, committed 8704K, reserved 1048576K
[2020-12-15T10:24:59.528-0500][gc             ] GC(7954) Pause Young (Normal) (G1 Evacuation Pause) 52M->42M(65M) 2.170ms
[2020-12-15T10:24:59.528-0500][gc,cpu         ] GC(7954) User=0.01s Sys=0.01s Real=0.01s
[2020-12-15T10:25:46.013-0500][gc,heap        ] GC(7955) Heap before GC invocations=7955 (full 1654): garbage-first heap   total 66560K, used 52553K [0x0000000083000000, 0x0000000100000000)
[2020-12-15T10:25:46.013-0500][gc,heap        ] GC(7955)   region size 1024K, 11 young (11264K), 1 survivors (1024K)
[2020-12-15T10:25:46.013-0500][gc,heap        ] GC(7955)  Metaspace       used 49399K, capacity 51450K, committed 53248K, reserved 1093632K
[2020-12-15T10:25:46.013-0500][gc,heap        ] GC(7955)   class space    used 7384K, capacity 8097K, committed 8704K, reserved 1048576K
[2020-12-15T10:25:46.013-0500][gc,start       ] GC(7955) Pause Young (Concurrent Start) (G1 Evacuation Pause)
[2020-12-15T10:25:46.013-0500][gc,task        ] GC(7955) Using 8 workers of 8 for evacuation
[2020-12-15T10:25:46.015-0500][gc,phases      ] GC(7955)   Pre Evacuate Collection Set: 0.2ms
[2020-12-15T10:25:46.015-0500][gc,phases      ] GC(7955)   Evacuate Collection Set: 1.0ms
[2020-12-15T10:25:46.015-0500][gc,phases      ] GC(7955)   Post Evacuate Collection Set: 1.1ms
[2020-12-15T10:25:46.015-0500][gc,phases      ] GC(7955)   Other: 0.2ms
[2020-12-15T10:25:46.015-0500][gc,heap        ] GC(7955) Eden regions: 10->0(10)
[2020-12-15T10:25:46.015-0500][gc,heap        ] GC(7955) Survivor regions: 1->1(2)
[2020-12-15T10:25:46.015-0500][gc,heap        ] GC(7955) Old regions: 42->42
[2020-12-15T10:25:46.016-0500][gc,heap        ] GC(7955) Humongous regions: 4->4
[2020-12-15T10:25:46.016-0500][gc,metaspace   ] GC(7955) Metaspace: 49399K->49399K(1093632K)
[2020-12-15T10:25:46.016-0500][gc,heap        ] GC(7955) Heap after GC invocations=7956 (full 1654): garbage-first heap   total 66560K, used 43360K [0x0000000083000000, 0x0000000100000000)
[2020-12-15T10:25:46.016-0500][gc,heap        ] GC(7955)   region size 1024K, 1 young (1024K), 1 survivors (1024K)
[2020-12-15T10:25:46.016-0500][gc,heap        ] GC(7955)  Metaspace       used 49399K, capacity 51450K, committed 53248K, reserved 1093632K
[2020-12-15T10:25:46.016-0500][gc,heap        ] GC(7955)   class space    used 7384K, capacity 8097K, committed 8704K, reserved 1048576K
[2020-12-15T10:25:46.016-0500][gc             ] GC(7955) Pause Young (Concurrent Start) (G1 Evacuation Pause) 52M->42M(65M) 2.479ms
[2020-12-15T10:25:46.016-0500][gc,cpu         ] GC(7955) User=0.00s Sys=0.00s Real=0.00s
[2020-12-15T10:25:46.016-0500][gc             ] GC(7956) Concurrent Cycle
[2020-12-15T10:25:46.016-0500][gc,marking     ] GC(7956) Concurrent Clear Claimed Marks
[2020-12-15T10:25:46.016-0500][gc,marking     ] GC(7956) Concurrent Clear Claimed Marks 0.051ms
[2020-12-15T10:25:46.016-0500][gc,marking     ] GC(7956) Concurrent Scan Root Regions
[2020-12-15T10:25:46.016-0500][gc,marking     ] GC(7956) Concurrent Scan Root Regions 0.600ms
[2020-12-15T10:25:46.016-0500][gc,marking     ] GC(7956) Concurrent Mark (496143.403s)
[2020-12-15T10:25:46.016-0500][gc,marking     ] GC(7956) Concurrent Mark From Roots
[2020-12-15T10:25:46.016-0500][gc,task        ] GC(7956) Using 2 workers of 2 for marking
[2020-12-15T10:25:46.063-0500][gc,marking     ] GC(7956) Concurrent Mark From Roots 46.978ms
[2020-12-15T10:25:46.063-0500][gc,marking     ] GC(7956) Concurrent Preclean
[2020-12-15T10:25:46.064-0500][gc,marking     ] GC(7956) Concurrent Preclean 0.152ms
[2020-12-15T10:25:46.064-0500][gc,marking     ] GC(7956) Concurrent Mark (496143.403s, 496143.451s) 47.208ms
[2020-12-15T10:25:46.064-0500][gc,start       ] GC(7956) Pause Remark
[2020-12-15T10:25:46.070-0500][gc,stringtable ] GC(7956) Cleaned string and symbol table, strings: 32745 processed, 0 removed, symbols: 120718 processed, 0 removed
[2020-12-15T10:25:46.070-0500][gc             ] GC(7956) Pause Remark 42M->42M(65M) 6.347ms
[2020-12-15T10:25:46.070-0500][gc,cpu         ] GC(7956) User=0.04s Sys=0.00s Real=0.01s
[2020-12-15T10:25:46.070-0500][gc,marking     ] GC(7956) Concurrent Rebuild Remembered Sets
[2020-12-15T10:25:46.092-0500][gc,marking     ] GC(7956) Concurrent Rebuild Remembered Sets 21.896ms
[2020-12-15T10:25:46.093-0500][gc,start       ] GC(7956) Pause Cleanup
[2020-12-15T10:25:46.093-0500][gc             ] GC(7956) Pause Cleanup 42M->42M(65M) 0.172ms
[2020-12-15T10:25:46.093-0500][gc,cpu         ] GC(7956) User=0.00s Sys=0.00s Real=0.00s
[2020-12-15T10:25:46.093-0500][gc,marking     ] GC(7956) Concurrent Cleanup for Next Mark
[2020-12-15T10:25:46.093-0500][gc,marking     ] GC(7956) Concurrent Cleanup for Next Mark 0.169ms
[2020-12-15T10:25:46.093-0500][gc             ] GC(7956) Concurrent Cycle 77.593ms
[2020-12-15T10:26:36.010-0500][gc,heap        ] GC(7957) Heap before GC invocations=7957 (full 1654): garbage-first heap   total 66560K, used 52576K [0x0000000083000000, 0x0000000100000000)
[2020-12-15T10:26:36.010-0500][gc,heap        ] GC(7957)   region size 1024K, 11 young (11264K), 1 survivors (1024K)
[2020-12-15T10:26:36.010-0500][gc,heap        ] GC(7957)  Metaspace       used 49399K, capacity 51450K, committed 53248K, reserved 1093632K
[2020-12-15T10:26:36.010-0500][gc,heap        ] GC(7957)   class space    used 7384K, capacity 8097K, committed 8704K, reserved 1048576K
[2020-12-15T10:26:36.010-0500][gc,start       ] GC(7957) Pause Young (Normal) (G1 Evacuation Pause)
[2020-12-15T10:26:36.010-0500][gc,task        ] GC(7957) Using 8 workers of 8 for evacuation
[2020-12-15T10:26:36.012-0500][gc,phases      ] GC(7957)   Pre Evacuate Collection Set: 0.0ms
[2020-12-15T10:26:36.012-0500][gc,phases      ] GC(7957)   Evacuate Collection Set: 0.8ms
[2020-12-15T10:26:36.012-0500][gc,phases      ] GC(7957)   Post Evacuate Collection Set: 0.9ms
[2020-12-15T10:26:36.012-0500][gc,phases      ] GC(7957)   Other: 0.2ms
[2020-12-15T10:26:36.012-0500][gc,heap        ] GC(7957) Eden regions: 10->0(10)
[2020-12-15T10:26:36.012-0500][gc,heap        ] GC(7957) Survivor regions: 1->1(2)
[2020-12-15T10:26:36.012-0500][gc,heap        ] GC(7957) Old regions: 42->42
[2020-12-15T10:26:36.012-0500][gc,heap        ] GC(7957) Humongous regions: 4->4
[2020-12-15T10:26:36.012-0500][gc,metaspace   ] GC(7957) Metaspace: 49399K->49399K(1093632K)
[2020-12-15T10:26:36.012-0500][gc,heap        ] GC(7957) Heap after GC invocations=7958 (full 1654): garbage-first heap   total 66560K, used 43380K [0x0000000083000000, 0x0000000100000000)
[2020-12-15T10:26:36.012-0500][gc,heap        ] GC(7957)   region size 1024K, 1 young (1024K), 1 survivors (1024K)
[2020-12-15T10:26:36.012-0500][gc,heap        ] GC(7957)  Metaspace       used 49399K, capacity 51450K, committed 53248K, reserved 1093632K
[2020-12-15T10:26:36.012-0500][gc,heap        ] GC(7957)   class space    used 7384K, capacity 8097K, committed 8704K, reserved 1048576K
[2020-12-15T10:26:36.012-0500][gc             ] GC(7957) Pause Young (Normal) (G1 Evacuation Pause) 52M->42M(65M) 1.980ms
[2020-12-15T10:26:36.012-0500][gc,cpu         ] GC(7957) User=0.00s Sys=0.00s Real=0.00s
[2020-12-15T10:26:45.191-0500][gc,task        ] GC(7958) Using 5 workers of 8 for full compaction
[2020-12-15T10:26:45.191-0500][gc,start       ] GC(7958) Pause Full (System.gc())
[2020-12-15T10:26:45.192-0500][gc,heap        ] GC(7958) Heap before GC invocations=7958 (full 1654): garbage-first heap   total 66560K, used 43380K [0x0000000083000000, 0x0000000100000000)
[2020-12-15T10:26:45.192-0500][gc,heap        ] GC(7958)   region size 1024K, 2 young (2048K), 1 survivors (1024K)
[2020-12-15T10:26:45.192-0500][gc,heap        ] GC(7958)  Metaspace       used 49399K, capacity 51450K, committed 53248K, reserved 1093632K
[2020-12-15T10:26:45.192-0500][gc,heap        ] GC(7958)   class space    used 7384K, capacity 8097K, committed 8704K, reserved 1048576K
[2020-12-15T10:26:45.192-0500][gc,phases,start] GC(7958) Phase 1: Mark live objects
[2020-12-15T10:26:45.216-0500][gc,stringtable ] GC(7958) Cleaned string and symbol table, strings: 32745 processed, 5 removed, symbols: 120718 processed, 0 removed
[2020-12-15T10:26:45.216-0500][gc,phases      ] GC(7958) Phase 1: Mark live objects 23.875ms
[2020-12-15T10:26:45.216-0500][gc,phases,start] GC(7958) Phase 2: Prepare for compaction
[2020-12-15T10:26:45.220-0500][gc,phases      ] GC(7958) Phase 2: Prepare for compaction 4.185ms
[2020-12-15T10:26:45.220-0500][gc,phases,start] GC(7958) Phase 3: Adjust pointers
[2020-12-15T10:26:45.232-0500][gc,phases      ] GC(7958) Phase 3: Adjust pointers 11.960ms
[2020-12-15T10:26:45.232-0500][gc,phases,start] GC(7958) Phase 4: Compact heap
[2020-12-15T10:26:45.237-0500][gc,phases      ] GC(7958) Phase 4: Compact heap 4.578ms
[2020-12-15T10:26:45.243-0500][gc,heap        ] GC(7958) Eden regions: 1->0(11)
[2020-12-15T10:26:45.243-0500][gc,heap        ] GC(7958) Survivor regions: 1->0(2)
[2020-12-15T10:26:45.243-0500][gc,heap        ] GC(7958) Old regions: 42->42
[2020-12-15T10:26:45.243-0500][gc,heap        ] GC(7958) Humongous regions: 4->4
[2020-12-15T10:26:45.243-0500][gc,metaspace   ] GC(7958) Metaspace: 49399K->49399K(1093632K)
[2020-12-15T10:26:45.243-0500][gc,heap        ] GC(7958) Heap after GC invocations=7959 (full 1655): garbage-first heap   total 66560K, used 43257K [0x0000000083000000, 0x0000000100000000)
[2020-12-15T10:26:45.243-0500][gc,heap        ] GC(7958)   region size 1024K, 0 young (0K), 0 survivors (0K)
[2020-12-15T10:26:45.243-0500][gc,heap        ] GC(7958)  Metaspace       used 49399K, capacity 51450K, committed 53248K, reserved 1093632K
[2020-12-15T10:26:45.243-0500][gc,heap        ] GC(7958)   class space    used 7384K, capacity 8097K, committed 8704K, reserved 1048576K
[2020-12-15T10:26:45.243-0500][gc             ] GC(7958) Pause Full (System.gc()) 43M->42M(65M) 51.700ms
[2020-12-15T10:26:45.243-0500][gc,cpu         ] GC(7958) User=0.21s Sys=0.00s Real=0.05s
[2020-12-15T10:27:35.486-0500][gc,heap        ] GC(7959) Heap before GC invocations=7959 (full 1655): garbage-first heap   total 66560K, used 53497K [0x0000000083000000, 0x0000000100000000)
[2020-12-15T10:27:35.486-0500][gc,heap        ] GC(7959)   region size 1024K, 11 young (11264K), 0 survivors (0K)
[2020-12-15T10:27:35.486-0500][gc,heap        ] GC(7959)  Metaspace       used 49399K, capacity 51450K, committed 53248K, reserved 1093632K
[2020-12-15T10:27:35.486-0500][gc,heap        ] GC(7959)   class space    used 7384K, capacity 8097K, committed 8704K, reserved 1048576K
[2020-12-15T10:27:35.486-0500][gc,start       ] GC(7959) Pause Young (Concurrent Start) (G1 Evacuation Pause)
[2020-12-15T10:27:35.486-0500][gc,task        ] GC(7959) Using 8 workers of 8 for evacuation
[2020-12-15T10:27:35.516-0500][gc,phases      ] GC(7959)   Pre Evacuate Collection Set: 0.2ms
[2020-12-15T10:27:35.516-0500][gc,phases      ] GC(7959)   Evacuate Collection Set: 6.9ms
[2020-12-15T10:27:35.516-0500][gc,phases      ] GC(7959)   Post Evacuate Collection Set: 22.6ms
[2020-12-15T10:27:35.516-0500][gc,phases      ] GC(7959)   Other: 0.4ms
[2020-12-15T10:27:35.516-0500][gc,heap        ] GC(7959) Eden regions: 11->0(10)
[2020-12-15T10:27:35.516-0500][gc,heap        ] GC(7959) Survivor regions: 0->1(2)
[2020-12-15T10:27:35.516-0500][gc,heap        ] GC(7959) Old regions: 42->42
[2020-12-15T10:27:35.516-0500][gc,heap        ] GC(7959) Humongous regions: 4->4
[2020-12-15T10:27:35.516-0500][gc,metaspace   ] GC(7959) Metaspace: 49399K->49399K(1093632K)
[2020-12-15T10:27:35.516-0500][gc,heap        ] GC(7959) Heap after GC invocations=7960 (full 1655): garbage-first heap   total 66560K, used 43455K [0x0000000083000000, 0x0000000100000000)
[2020-12-15T10:27:35.516-0500][gc,heap        ] GC(7959)   region size 1024K, 1 young (1024K), 1 survivors (1024K)
[2020-12-15T10:27:35.516-0500][gc,heap        ] GC(7959)  Metaspace       used 49399K, capacity 51450K, committed 53248K, reserved 1093632K
[2020-12-15T10:27:35.516-0500][gc,heap        ] GC(7959)   class space    used 7384K, capacity 8097K, committed 8704K, reserved 1048576K
[2020-12-15T10:27:35.516-0500][gc             ] GC(7959) Pause Young (Concurrent Start) (G1 Evacuation Pause) 53M->42M(65M) 30.271ms
[2020-12-15T10:27:35.516-0500][gc,cpu         ] GC(7959) User=0.19s Sys=0.00s Real=0.03s
[2020-12-15T10:27:35.516-0500][gc             ] GC(7960) Concurrent Cycle
[2020-12-15T10:27:35.516-0500][gc,marking     ] GC(7960) Concurrent Clear Claimed Marks
[2020-12-15T10:27:35.516-0500][gc,marking     ] GC(7960) Concurrent Clear Claimed Marks 0.214ms
[2020-12-15T10:27:35.516-0500][gc,marking     ] GC(7960) Concurrent Scan Root Regions
[2020-12-15T10:27:35.517-0500][gc,marking     ] GC(7960) Concurrent Scan Root Regions 0.813ms
[2020-12-15T10:27:35.517-0500][gc,marking     ] GC(7960) Concurrent Mark (496252.904s)
[2020-12-15T10:27:35.517-0500][gc,marking     ] GC(7960) Concurrent Mark From Roots
[2020-12-15T10:27:35.517-0500][gc,task        ] GC(7960) Using 2 workers of 2 for marking
[2020-12-15T10:27:35.568-0500][gc,marking     ] GC(7960) Concurrent Mark From Roots 50.397ms
[2020-12-15T10:27:35.568-0500][gc,marking     ] GC(7960) Concurrent Preclean
[2020-12-15T10:27:35.568-0500][gc,marking     ] GC(7960) Concurrent Preclean 0.228ms
[2020-12-15T10:27:35.568-0500][gc,marking     ] GC(7960) Concurrent Mark (496252.904s, 496252.955s) 50.725ms
[2020-12-15T10:27:35.569-0500][gc,start       ] GC(7960) Pause Remark
[2020-12-15T10:27:35.580-0500][gc,stringtable ] GC(7960) Cleaned string and symbol table, strings: 32745 processed, 0 removed, symbols: 120718 processed, 0 removed
[2020-12-15T10:27:35.581-0500][gc             ] GC(7960) Pause Remark 43M->43M(65M) 12.265ms
[2020-12-15T10:27:35.581-0500][gc,cpu         ] GC(7960) User=0.07s Sys=0.00s Real=0.01s
[2020-12-15T10:27:35.581-0500][gc,marking     ] GC(7960) Concurrent Rebuild Remembered Sets
[2020-12-15T10:27:35.604-0500][gc,marking     ] GC(7960) Concurrent Rebuild Remembered Sets 22.534ms
[2020-12-15T10:27:35.604-0500][gc,start       ] GC(7960) Pause Cleanup
[2020-12-15T10:27:35.604-0500][gc             ] GC(7960) Pause Cleanup 43M->43M(65M) 0.280ms
[2020-12-15T10:27:35.604-0500][gc,cpu         ] GC(7960) User=0.00s Sys=0.00s Real=0.00s
[2020-12-15T10:27:35.604-0500][gc,marking     ] GC(7960) Concurrent Cleanup for Next Mark
[2020-12-15T10:27:35.605-0500][gc,marking     ] GC(7960) Concurrent Cleanup for Next Mark 0.369ms
[2020-12-15T10:27:35.605-0500][gc             ] GC(7960) Concurrent Cycle 88.701ms
[2020-12-15T10:28:25.485-0500][gc,heap        ] GC(7961) Heap before GC invocations=7961 (full 1655): garbage-first heap   total 66560K, used 52671K [0x0000000083000000, 0x0000000100000000)
[2020-12-15T10:28:25.485-0500][gc,heap        ] GC(7961)   region size 1024K, 11 young (11264K), 1 survivors (1024K)
[2020-12-15T10:28:25.485-0500][gc,heap        ] GC(7961)  Metaspace       used 49399K, capacity 51450K, committed 53248K, reserved 1093632K
[2020-12-15T10:28:25.485-0500][gc,heap        ] GC(7961)   class space    used 7384K, capacity 8097K, committed 8704K, reserved 1048576K
[2020-12-15T10:28:25.485-0500][gc,start       ] GC(7961) Pause Young (Normal) (G1 Evacuation Pause)
[2020-12-15T10:28:25.485-0500][gc,task        ] GC(7961) Using 8 workers of 8 for evacuation
[2020-12-15T10:28:25.487-0500][gc,phases      ] GC(7961)   Pre Evacuate Collection Set: 0.0ms
[2020-12-15T10:28:25.487-0500][gc,phases      ] GC(7961)   Evacuate Collection Set: 0.7ms
[2020-12-15T10:28:25.487-0500][gc,phases      ] GC(7961)   Post Evacuate Collection Set: 0.7ms
[2020-12-15T10:28:25.487-0500][gc,phases      ] GC(7961)   Other: 0.2ms
[2020-12-15T10:28:25.487-0500][gc,heap        ] GC(7961) Eden regions: 10->0(10)
[2020-12-15T10:28:25.487-0500][gc,heap        ] GC(7961) Survivor regions: 1->1(2)
[2020-12-15T10:28:25.487-0500][gc,heap        ] GC(7961) Old regions: 42->42
[2020-12-15T10:28:25.487-0500][gc,heap        ] GC(7961) Humongous regions: 4->4
[2020-12-15T10:28:25.487-0500][gc,metaspace   ] GC(7961) Metaspace: 49399K->49399K(1093632K)
[2020-12-15T10:28:25.487-0500][gc,heap        ] GC(7961) Heap after GC invocations=7962 (full 1655): garbage-first heap   total 66560K, used 43486K [0x0000000083000000, 0x0000000100000000)
[2020-12-15T10:28:25.487-0500][gc,heap        ] GC(7961)   region size 1024K, 1 young (1024K), 1 survivors (1024K)
[2020-12-15T10:28:25.487-0500][gc,heap        ] GC(7961)  Metaspace       used 49399K, capacity 51450K, committed 53248K, reserved 1093632K
[2020-12-15T10:28:25.487-0500][gc,heap        ] GC(7961)   class space    used 7384K, capacity 8097K, committed 8704K, reserved 1048576K
[2020-12-15T10:28:25.487-0500][gc             ] GC(7961) Pause Young (Normal) (G1 Evacuation Pause) 52M->42M(65M) 1.645ms
[2020-12-15T10:28:25.487-0500][gc,cpu         ] GC(7961) User=0.00s Sys=0.01s Real=0.00s
[2020-12-15T10:29:15.487-0500][gc,heap        ] GC(7962) Heap before GC invocations=7962 (full 1655): garbage-first heap   total 66560K, used 52702K [0x0000000083000000, 0x0000000100000000)
[2020-12-15T10:29:15.487-0500][gc,heap        ] GC(7962)   region size 1024K, 11 young (11264K), 1 survivors (1024K)
[2020-12-15T10:29:15.487-0500][gc,heap        ] GC(7962)  Metaspace       used 49399K, capacity 51450K, committed 53248K, reserved 1093632K
[2020-12-15T10:29:15.487-0500][gc,heap        ] GC(7962)   class space    used 7384K, capacity 8097K, committed 8704K, reserved 1048576K
[2020-12-15T10:29:15.487-0500][gc,start       ] GC(7962) Pause Young (Concurrent Start) (G1 Evacuation Pause)
[2020-12-15T10:29:15.487-0500][gc,task        ] GC(7962) Using 8 workers of 8 for evacuation
[2020-12-15T10:29:15.494-0500][gc,phases      ] GC(7962)   Pre Evacuate Collection Set: 0.2ms
[2020-12-15T10:29:15.494-0500][gc,phases      ] GC(7962)   Evacuate Collection Set: 4.8ms
[2020-12-15T10:29:15.494-0500][gc,phases      ] GC(7962)   Post Evacuate Collection Set: 1.3ms
[2020-12-15T10:29:15.494-0500][gc,phases      ] GC(7962)   Other: 0.3ms
[2020-12-15T10:29:15.494-0500][gc,heap        ] GC(7962) Eden regions: 10->0(10)
[2020-12-15T10:29:15.494-0500][gc,heap        ] GC(7962) Survivor regions: 1->1(2)
[2020-12-15T10:29:15.494-0500][gc,heap        ] GC(7962) Old regions: 42->42
[2020-12-15T10:29:15.494-0500][gc,heap        ] GC(7962) Humongous regions: 4->4
[2020-12-15T10:29:15.494-0500][gc,metaspace   ] GC(7962) Metaspace: 49399K->49399K(1093632K)
[2020-12-15T10:29:15.494-0500][gc,heap        ] GC(7962) Heap after GC invocations=7963 (full 1655): garbage-first heap   total 66560K, used 43480K [0x0000000083000000, 0x0000000100000000)
[2020-12-15T10:29:15.494-0500][gc,heap        ] GC(7962)   region size 1024K, 1 young (1024K), 1 survivors (1024K)
[2020-12-15T10:29:15.494-0500][gc,heap        ] GC(7962)  Metaspace       used 49399K, capacity 51450K, committed 53248K, reserved 1093632K
[2020-12-15T10:29:15.494-0500][gc,heap        ] GC(7962)   class space    used 7384K, capacity 8097K, committed 8704K, reserved 1048576K
[2020-12-15T10:29:15.494-0500][gc             ] GC(7962) Pause Young (Concurrent Start) (G1 Evacuation Pause) 52M->42M(65M) 6.669ms
[2020-12-15T10:29:15.494-0500][gc,cpu         ] GC(7962) User=0.02s Sys=0.01s Real=0.01s
[2020-12-15T10:29:15.494-0500][gc             ] GC(7963) Concurrent Cycle
[2020-12-15T10:29:15.494-0500][gc,marking     ] GC(7963) Concurrent Clear Claimed Marks
[2020-12-15T10:29:15.494-0500][gc,marking     ] GC(7963) Concurrent Clear Claimed Marks 0.166ms
[2020-12-15T10:29:15.494-0500][gc,marking     ] GC(7963) Concurrent Scan Root Regions
[2020-12-15T10:29:15.495-0500][gc,marking     ] GC(7963) Concurrent Scan Root Regions 1.086ms
[2020-12-15T10:29:15.495-0500][gc,marking     ] GC(7963) Concurrent Mark (496352.883s)
[2020-12-15T10:29:15.496-0500][gc,marking     ] GC(7963) Concurrent Mark From Roots
[2020-12-15T10:29:15.496-0500][gc,task        ] GC(7963) Using 2 workers of 2 for marking
[2020-12-15T10:29:15.550-0500][gc,marking     ] GC(7963) Concurrent Mark From Roots 54.182ms
[2020-12-15T10:29:15.550-0500][gc,marking     ] GC(7963) Concurrent Preclean
[2020-12-15T10:29:15.550-0500][gc,marking     ] GC(7963) Concurrent Preclean 0.286ms
[2020-12-15T10:29:15.550-0500][gc,marking     ] GC(7963) Concurrent Mark (496352.883s, 496352.937s) 54.576ms
[2020-12-15T10:29:15.551-0500][gc,start       ] GC(7963) Pause Remark
[2020-12-15T10:29:15.561-0500][gc,stringtable ] GC(7963) Cleaned string and symbol table, strings: 32745 processed, 0 removed, symbols: 120718 processed, 0 removed
[2020-12-15T10:29:15.562-0500][gc             ] GC(7963) Pause Remark 43M->43M(65M) 10.997ms
[2020-12-15T10:29:15.562-0500][gc,cpu         ] GC(7963) User=0.05s Sys=0.00s Real=0.01s
[2020-12-15T10:29:15.562-0500][gc,marking     ] GC(7963) Concurrent Rebuild Remembered Sets
[2020-12-15T10:29:15.588-0500][gc,marking     ] GC(7963) Concurrent Rebuild Remembered Sets 26.013ms
[2020-12-15T10:29:15.588-0500][gc,start       ] GC(7963) Pause Cleanup
[2020-12-15T10:29:15.588-0500][gc             ] GC(7963) Pause Cleanup 43M->43M(65M) 0.192ms
[2020-12-15T10:29:15.588-0500][gc,cpu         ] GC(7963) User=0.00s Sys=0.00s Real=0.00s
[2020-12-15T10:29:15.588-0500][gc,marking     ] GC(7963) Concurrent Cleanup for Next Mark
[2020-12-15T10:29:15.588-0500][gc,marking     ] GC(7963) Concurrent Cleanup for Next Mark 0.144ms
[2020-12-15T10:29:15.588-0500][gc             ] GC(7963) Concurrent Cycle 94.317ms
[2020-12-15T10:30:05.487-0500][gc,heap        ] GC(7964) Heap before GC invocations=7964 (full 1655): garbage-first heap   total 66560K, used 52696K [0x0000000083000000, 0x0000000100000000)
[2020-12-15T10:30:05.487-0500][gc,heap        ] GC(7964)   region size 1024K, 11 young (11264K), 1 survivors (1024K)
[2020-12-15T10:30:05.487-0500][gc,heap        ] GC(7964)  Metaspace       used 49399K, capacity 51450K, committed 53248K, reserved 1093632K
[2020-12-15T10:30:05.487-0500][gc,heap        ] GC(7964)   class space    used 7384K, capacity 8097K, committed 8704K, reserved 1048576K
[2020-12-15T10:30:05.487-0500][gc,start       ] GC(7964) Pause Young (Normal) (G1 Evacuation Pause)
[2020-12-15T10:30:05.487-0500][gc,task        ] GC(7964) Using 8 workers of 8 for evacuation
[2020-12-15T10:30:05.489-0500][gc,phases      ] GC(7964)   Pre Evacuate Collection Set: 0.0ms
[2020-12-15T10:30:05.489-0500][gc,phases      ] GC(7964)   Evacuate Collection Set: 0.6ms
[2020-12-15T10:30:05.489-0500][gc,phases      ] GC(7964)   Post Evacuate Collection Set: 1.2ms
[2020-12-15T10:30:05.489-0500][gc,phases      ] GC(7964)   Other: 0.2ms
[2020-12-15T10:30:05.489-0500][gc,heap        ] GC(7964) Eden regions: 10->0(10)
[2020-12-15T10:30:05.489-0500][gc,heap        ] GC(7964) Survivor regions: 1->1(2)
[2020-12-15T10:30:05.489-0500][gc,heap        ] GC(7964) Old regions: 42->42
[2020-12-15T10:30:05.489-0500][gc,heap        ] GC(7964) Humongous regions: 4->4
[2020-12-15T10:30:05.489-0500][gc,metaspace   ] GC(7964) Metaspace: 49399K->49399K(1093632K)
[2020-12-15T10:30:05.489-0500][gc,heap        ] GC(7964) Heap after GC invocations=7965 (full 1655): garbage-first heap   total 66560K, used 43469K [0x0000000083000000, 0x0000000100000000)
[2020-12-15T10:30:05.489-0500][gc,heap        ] GC(7964)   region size 1024K, 1 young (1024K), 1 survivors (1024K)
[2020-12-15T10:30:05.489-0500][gc,heap        ] GC(7964)  Metaspace       used 49399K, capacity 51450K, committed 53248K, reserved 1093632K
[2020-12-15T10:30:05.489-0500][gc,heap        ] GC(7964)   class space    used 7384K, capacity 8097K, committed 8704K, reserved 1048576K
[2020-12-15T10:30:05.489-0500][gc             ] GC(7964) Pause Young (Normal) (G1 Evacuation Pause) 52M->42M(65M) 2.194ms
[2020-12-15T10:30:05.489-0500][gc,cpu         ] GC(7964) User=0.01s Sys=0.00s Real=0.01s
[2020-12-15T10:30:55.486-0500][gc,heap        ] GC(7965) Heap before GC invocations=7965 (full 1655): garbage-first heap   total 66560K, used 52685K [0x0000000083000000, 0x0000000100000000)
[2020-12-15T10:30:55.486-0500][gc,heap        ] GC(7965)   region size 1024K, 11 young (11264K), 1 survivors (1024K)
[2020-12-15T10:30:55.486-0500][gc,heap        ] GC(7965)  Metaspace       used 49399K, capacity 51450K, committed 53248K, reserved 1093632K
[2020-12-15T10:30:55.486-0500][gc,heap        ] GC(7965)   class space    used 7384K, capacity 8097K, committed 8704K, reserved 1048576K
[2020-12-15T10:30:55.486-0500][gc,start       ] GC(7965) Pause Young (Concurrent Start) (G1 Evacuation Pause)
[2020-12-15T10:30:55.486-0500][gc,task        ] GC(7965) Using 8 workers of 8 for evacuation
[2020-12-15T10:30:55.494-0500][gc,phases      ] GC(7965)   Pre Evacuate Collection Set: 0.2ms
[2020-12-15T10:30:55.494-0500][gc,phases      ] GC(7965)   Evacuate Collection Set: 6.3ms
[2020-12-15T10:30:55.494-0500][gc,phases      ] GC(7965)   Post Evacuate Collection Set: 0.9ms
[2020-12-15T10:30:55.494-0500][gc,phases      ] GC(7965)   Other: 0.2ms
[2020-12-15T10:30:55.494-0500][gc,heap        ] GC(7965) Eden regions: 10->0(10)
[2020-12-15T10:30:55.494-0500][gc,heap        ] GC(7965) Survivor regions: 1->1(2)
[2020-12-15T10:30:55.494-0500][gc,heap        ] GC(7965) Old regions: 42->42
[2020-12-15T10:30:55.494-0500][gc,heap        ] GC(7965) Humongous regions: 4->4
[2020-12-15T10:30:55.494-0500][gc,metaspace   ] GC(7965) Metaspace: 49399K->49399K(1093632K)
[2020-12-15T10:30:55.494-0500][gc,heap        ] GC(7965) Heap after GC invocations=7966 (full 1655): garbage-first heap   total 66560K, used 43390K [0x0000000083000000, 0x0000000100000000)
[2020-12-15T10:30:55.494-0500][gc,heap        ] GC(7965)   region size 1024K, 1 young (1024K), 1 survivors (1024K)
[2020-12-15T10:30:55.494-0500][gc,heap        ] GC(7965)  Metaspace       used 49399K, capacity 51450K, committed 53248K, reserved 1093632K
[2020-12-15T10:30:55.494-0500][gc,heap        ] GC(7965)   class space    used 7384K, capacity 8097K, committed 8704K, reserved 1048576K
[2020-12-15T10:30:55.494-0500][gc             ] GC(7965) Pause Young (Concurrent Start) (G1 Evacuation Pause) 52M->42M(65M) 7.734ms
[2020-12-15T10:30:55.494-0500][gc,cpu         ] GC(7965) User=0.03s Sys=0.00s Real=0.01s
[2020-12-15T10:30:55.494-0500][gc             ] GC(7966) Concurrent Cycle
[2020-12-15T10:30:55.494-0500][gc,marking     ] GC(7966) Concurrent Clear Claimed Marks
[2020-12-15T10:30:55.494-0500][gc,marking     ] GC(7966) Concurrent Clear Claimed Marks 0.175ms
[2020-12-15T10:30:55.495-0500][gc,marking     ] GC(7966) Concurrent Scan Root Regions
[2020-12-15T10:30:55.496-0500][gc,marking     ] GC(7966) Concurrent Scan Root Regions 1.587ms
[2020-12-15T10:30:55.496-0500][gc,marking     ] GC(7966) Concurrent Mark (496452.883s)
[2020-12-15T10:30:55.496-0500][gc,marking     ] GC(7966) Concurrent Mark From Roots
[2020-12-15T10:30:55.496-0500][gc,task        ] GC(7966) Using 2 workers of 2 for marking
[2020-12-15T10:30:55.549-0500][gc,marking     ] GC(7966) Concurrent Mark From Roots 52.846ms
[2020-12-15T10:30:55.549-0500][gc,marking     ] GC(7966) Concurrent Preclean
[2020-12-15T10:30:55.549-0500][gc,marking     ] GC(7966) Concurrent Preclean 0.148ms
[2020-12-15T10:30:55.549-0500][gc,marking     ] GC(7966) Concurrent Mark (496452.883s, 496452.936s) 53.076ms
[2020-12-15T10:30:55.550-0500][gc,start       ] GC(7966) Pause Remark
[2020-12-15T10:30:55.555-0500][gc,stringtable ] GC(7966) Cleaned string and symbol table, strings: 32745 processed, 0 removed, symbols: 120718 processed, 0 removed
[2020-12-15T10:30:55.555-0500][gc             ] GC(7966) Pause Remark 43M->43M(65M) 5.937ms
[2020-12-15T10:30:55.556-0500][gc,cpu         ] GC(7966) User=0.03s Sys=0.00s Real=0.00s
[2020-12-15T10:30:55.556-0500][gc,marking     ] GC(7966) Concurrent Rebuild Remembered Sets
[2020-12-15T10:30:55.576-0500][gc,marking     ] GC(7966) Concurrent Rebuild Remembered Sets 19.961ms
[2020-12-15T10:30:55.576-0500][gc,start       ] GC(7966) Pause Cleanup
[2020-12-15T10:30:55.576-0500][gc             ] GC(7966) Pause Cleanup 43M->43M(65M) 0.162ms
[2020-12-15T10:30:55.576-0500][gc,cpu         ] GC(7966) User=0.00s Sys=0.00s Real=0.00s
[2020-12-15T10:30:55.576-0500][gc,marking     ] GC(7966) Concurrent Cleanup for Next Mark
[2020-12-15T10:30:55.576-0500][gc,marking     ] GC(7966) Concurrent Cleanup for Next Mark 0.154ms
[2020-12-15T10:30:55.576-0500][gc             ] GC(7966) Concurrent Cycle 82.102ms
[2020-12-15T10:31:36.697-0500][gc,heap        ] GC(7967) Heap before GC invocations=7967 (full 1655): garbage-first heap   total 66560K, used 52606K [0x0000000083000000, 0x0000000100000000)
[2020-12-15T10:31:36.697-0500][gc,heap        ] GC(7967)   region size 1024K, 11 young (11264K), 1 survivors (1024K)
[2020-12-15T10:31:36.698-0500][gc,heap        ] GC(7967)  Metaspace       used 49399K, capacity 51450K, committed 53248K, reserved 1093632K
[2020-12-15T10:31:36.698-0500][gc,heap        ] GC(7967)   class space    used 7384K, capacity 8097K, committed 8704K, reserved 1048576K
[2020-12-15T10:31:36.698-0500][gc,start       ] GC(7967) Pause Young (Normal) (G1 Evacuation Pause)
[2020-12-15T10:31:36.698-0500][gc,task        ] GC(7967) Using 8 workers of 8 for evacuation
[2020-12-15T10:31:36.700-0500][gc,phases      ] GC(7967)   Pre Evacuate Collection Set: 0.0ms
[2020-12-15T10:31:36.700-0500][gc,phases      ] GC(7967)   Evacuate Collection Set: 0.9ms
[2020-12-15T10:31:36.700-0500][gc,phases      ] GC(7967)   Post Evacuate Collection Set: 1.0ms
[2020-12-15T10:31:36.700-0500][gc,phases      ] GC(7967)   Other: 0.2ms
[2020-12-15T10:31:36.700-0500][gc,heap        ] GC(7967) Eden regions: 10->0(10)
[2020-12-15T10:31:36.700-0500][gc,heap        ] GC(7967) Survivor regions: 1->1(2)
[2020-12-15T10:31:36.700-0500][gc,heap        ] GC(7967) Old regions: 42->42
[2020-12-15T10:31:36.700-0500][gc,heap        ] GC(7967) Humongous regions: 4->4
[2020-12-15T10:31:36.700-0500][gc,metaspace   ] GC(7967) Metaspace: 49399K->49399K(1093632K)
[2020-12-15T10:31:36.700-0500][gc,heap        ] GC(7967) Heap after GC invocations=7968 (full 1655): garbage-first heap   total 66560K, used 43364K [0x0000000083000000, 0x0000000100000000)
[2020-12-15T10:31:36.700-0500][gc,heap        ] GC(7967)   region size 1024K, 1 young (1024K), 1 survivors (1024K)
[2020-12-15T10:31:36.700-0500][gc,heap        ] GC(7967)  Metaspace       used 49399K, capacity 51450K, committed 53248K, reserved 1093632K
[2020-12-15T10:31:36.700-0500][gc,heap        ] GC(7967)   class space    used 7384K, capacity 8097K, committed 8704K, reserved 1048576K
[2020-12-15T10:31:36.700-0500][gc             ] GC(7967) Pause Young (Normal) (G1 Evacuation Pause) 52M->42M(65M) 2.174ms
[2020-12-15T10:31:36.700-0500][gc,cpu         ] GC(7967) User=0.01s Sys=0.01s Real=0.01s
[2020-12-15T10:31:45.190-0500][gc,task        ] GC(7968) Using 5 workers of 8 for full compaction
[2020-12-15T10:31:45.190-0500][gc,start       ] GC(7968) Pause Full (System.gc())
[2020-12-15T10:31:45.190-0500][gc,heap        ] GC(7968) Heap before GC invocations=7968 (full 1655): garbage-first heap   total 66560K, used 43364K [0x0000000083000000, 0x0000000100000000)
[2020-12-15T10:31:45.190-0500][gc,heap        ] GC(7968)   region size 1024K, 2 young (2048K), 1 survivors (1024K)
[2020-12-15T10:31:45.190-0500][gc,heap        ] GC(7968)  Metaspace       used 49399K, capacity 51450K, committed 53248K, reserved 1093632K
[2020-12-15T10:31:45.190-0500][gc,heap        ] GC(7968)   class space    used 7384K, capacity 8097K, committed 8704K, reserved 1048576K
[2020-12-15T10:31:45.190-0500][gc,phases,start] GC(7968) Phase 1: Mark live objects
[2020-12-15T10:31:45.214-0500][gc,stringtable ] GC(7968) Cleaned string and symbol table, strings: 32745 processed, 5 removed, symbols: 120718 processed, 0 removed
[2020-12-15T10:31:45.214-0500][gc,phases      ] GC(7968) Phase 1: Mark live objects 23.980ms
[2020-12-15T10:31:45.214-0500][gc,phases,start] GC(7968) Phase 2: Prepare for compaction
[2020-12-15T10:31:45.219-0500][gc,phases      ] GC(7968) Phase 2: Prepare for compaction 4.422ms
[2020-12-15T10:31:45.219-0500][gc,phases,start] GC(7968) Phase 3: Adjust pointers
[2020-12-15T10:31:45.231-0500][gc,phases      ] GC(7968) Phase 3: Adjust pointers 11.994ms
[2020-12-15T10:31:45.231-0500][gc,phases,start] GC(7968) Phase 4: Compact heap
[2020-12-15T10:31:45.234-0500][gc,phases      ] GC(7968) Phase 4: Compact heap 2.483ms
[2020-12-15T10:31:45.241-0500][gc,heap        ] GC(7968) Eden regions: 1->0(11)
[2020-12-15T10:31:45.241-0500][gc,heap        ] GC(7968) Survivor regions: 1->0(2)
[2020-12-15T10:31:45.241-0500][gc,heap        ] GC(7968) Old regions: 42->42
[2020-12-15T10:31:45.241-0500][gc,heap        ] GC(7968) Humongous regions: 4->4
[2020-12-15T10:31:45.241-0500][gc,metaspace   ] GC(7968) Metaspace: 49399K->49399K(1093632K)
[2020-12-15T10:31:45.242-0500][gc,heap        ] GC(7968) Heap after GC invocations=7969 (full 1656): garbage-first heap   total 66560K, used 43257K [0x0000000083000000, 0x0000000100000000)
[2020-12-15T10:31:45.242-0500][gc,heap        ] GC(7968)   region size 1024K, 0 young (0K), 0 survivors (0K)
[2020-12-15T10:31:45.242-0500][gc,heap        ] GC(7968)  Metaspace       used 49399K, capacity 51450K, committed 53248K, reserved 1093632K
[2020-12-15T10:31:45.242-0500][gc,heap        ] GC(7968)   class space    used 7384K, capacity 8097K, committed 8704K, reserved 1048576K
[2020-12-15T10:31:45.242-0500][gc             ] GC(7968) Pause Full (System.gc()) 42M->42M(65M) 51.462ms
[2020-12-15T10:31:45.242-0500][gc,cpu         ] GC(7968) User=0.21s Sys=0.00s Real=0.05s
[2020-12-15T10:32:35.487-0500][gc,heap        ] GC(7969) Heap before GC invocations=7969 (full 1656): garbage-first heap   total 66560K, used 53497K [0x0000000083000000, 0x0000000100000000)
[2020-12-15T10:32:35.488-0500][gc,heap        ] GC(7969)   region size 1024K, 11 young (11264K), 0 survivors (0K)
[2020-12-15T10:32:35.488-0500][gc,heap        ] GC(7969)  Metaspace       used 49399K, capacity 51450K, committed 53248K, reserved 1093632K
[2020-12-15T10:32:35.488-0500][gc,heap        ] GC(7969)   class space    used 7384K, capacity 8097K, committed 8704K, reserved 1048576K
[2020-12-15T10:32:35.488-0500][gc,start       ] GC(7969) Pause Young (Concurrent Start) (G1 Evacuation Pause)
[2020-12-15T10:32:35.488-0500][gc,task        ] GC(7969) Using 8 workers of 8 for evacuation
[2020-12-15T10:32:35.490-0500][gc,phases      ] GC(7969)   Pre Evacuate Collection Set: 0.2ms
[2020-12-15T10:32:35.490-0500][gc,phases      ] GC(7969)   Evacuate Collection Set: 1.1ms
[2020-12-15T10:32:35.490-0500][gc,phases      ] GC(7969)   Post Evacuate Collection Set: 0.8ms
[2020-12-15T10:32:35.490-0500][gc,phases      ] GC(7969)   Other: 0.2ms
[2020-12-15T10:32:35.490-0500][gc,heap        ] GC(7969) Eden regions: 11->0(10)
[2020-12-15T10:32:35.490-0500][gc,heap        ] GC(7969) Survivor regions: 0->1(2)
[2020-12-15T10:32:35.490-0500][gc,heap        ] GC(7969) Old regions: 42->42
[2020-12-15T10:32:35.490-0500][gc,heap        ] GC(7969) Humongous regions: 4->4
[2020-12-15T10:32:35.490-0500][gc,metaspace   ] GC(7969) Metaspace: 49399K->49399K(1093632K)
[2020-12-15T10:32:35.490-0500][gc,heap        ] GC(7969) Heap after GC invocations=7970 (full 1656): garbage-first heap   total 66560K, used 43460K [0x0000000083000000, 0x0000000100000000)
[2020-12-15T10:32:35.490-0500][gc,heap        ] GC(7969)   region size 1024K, 1 young (1024K), 1 survivors (1024K)
[2020-12-15T10:32:35.490-0500][gc,heap        ] GC(7969)  Metaspace       used 49399K, capacity 51450K, committed 53248K, reserved 1093632K
[2020-12-15T10:32:35.490-0500][gc,heap        ] GC(7969)   class space    used 7384K, capacity 8097K, committed 8704K, reserved 1048576K
[2020-12-15T10:32:35.490-0500][gc             ] GC(7969) Pause Young (Concurrent Start) (G1 Evacuation Pause) 53M->42M(65M) 2.453ms
[2020-12-15T10:32:35.490-0500][gc,cpu         ] GC(7969) User=0.01s Sys=0.00s Real=0.01s
[2020-12-15T10:32:35.490-0500][gc             ] GC(7970) Concurrent Cycle
[2020-12-15T10:32:35.490-0500][gc,marking     ] GC(7970) Concurrent Clear Claimed Marks
[2020-12-15T10:32:35.490-0500][gc,marking     ] GC(7970) Concurrent Clear Claimed Marks 0.120ms
[2020-12-15T10:32:35.490-0500][gc,marking     ] GC(7970) Concurrent Scan Root Regions
[2020-12-15T10:32:35.491-0500][gc,marking     ] GC(7970) Concurrent Scan Root Regions 1.022ms
[2020-12-15T10:32:35.492-0500][gc,marking     ] GC(7970) Concurrent Mark (496552.879s)
[2020-12-15T10:32:35.492-0500][gc,marking     ] GC(7970) Concurrent Mark From Roots
[2020-12-15T10:32:35.492-0500][gc,task        ] GC(7970) Using 2 workers of 2 for marking
[2020-12-15T10:32:35.546-0500][gc,marking     ] GC(7970) Concurrent Mark From Roots 54.643ms
[2020-12-15T10:32:35.546-0500][gc,marking     ] GC(7970) Concurrent Preclean
[2020-12-15T10:32:35.546-0500][gc,marking     ] GC(7970) Concurrent Preclean 0.173ms
[2020-12-15T10:32:35.546-0500][gc,marking     ] GC(7970) Concurrent Mark (496552.879s, 496552.933s) 54.972ms
[2020-12-15T10:32:35.547-0500][gc,start       ] GC(7970) Pause Remark
[2020-12-15T10:32:35.552-0500][gc,stringtable ] GC(7970) Cleaned string and symbol table, strings: 32745 processed, 0 removed, symbols: 120718 processed, 0 removed
[2020-12-15T10:32:35.552-0500][gc             ] GC(7970) Pause Remark 43M->43M(65M) 5.225ms
[2020-12-15T10:32:35.552-0500][gc,cpu         ] GC(7970) User=0.02s Sys=0.00s Real=0.01s
[2020-12-15T10:32:35.552-0500][gc,marking     ] GC(7970) Concurrent Rebuild Remembered Sets
[2020-12-15T10:32:35.574-0500][gc,marking     ] GC(7970) Concurrent Rebuild Remembered Sets 22.164ms
[2020-12-15T10:32:35.575-0500][gc,start       ] GC(7970) Pause Cleanup
[2020-12-15T10:32:35.575-0500][gc             ] GC(7970) Pause Cleanup 43M->43M(65M) 0.153ms
[2020-12-15T10:32:35.575-0500][gc,cpu         ] GC(7970) User=0.00s Sys=0.00s Real=0.00s
[2020-12-15T10:32:35.575-0500][gc,marking     ] GC(7970) Concurrent Cleanup for Next Mark
[2020-12-15T10:32:35.575-0500][gc,marking     ] GC(7970) Concurrent Cleanup for Next Mark 0.165ms
[2020-12-15T10:32:35.575-0500][gc             ] GC(7970) Concurrent Cycle 85.046ms
[2020-12-15T10:33:25.494-0500][gc,heap        ] GC(7971) Heap before GC invocations=7971 (full 1656): garbage-first heap   total 66560K, used 53700K [0x0000000083000000, 0x0000000100000000)
[2020-12-15T10:33:25.494-0500][gc,heap        ] GC(7971)   region size 1024K, 11 young (11264K), 1 survivors (1024K)
[2020-12-15T10:33:25.494-0500][gc,heap        ] GC(7971)  Metaspace       used 49399K, capacity 51450K, committed 53248K, reserved 1093632K
[2020-12-15T10:33:25.494-0500][gc,heap        ] GC(7971)   class space    used 7384K, capacity 8097K, committed 8704K, reserved 1048576K
[2020-12-15T10:33:25.494-0500][gc,start       ] GC(7971) Pause Young (Normal) (G1 Evacuation Pause)
[2020-12-15T10:33:25.494-0500][gc,task        ] GC(7971) Using 8 workers of 8 for evacuation
[2020-12-15T10:33:25.508-0500][gc,phases      ] GC(7971)   Pre Evacuate Collection Set: 0.0ms
[2020-12-15T10:33:25.508-0500][gc,phases      ] GC(7971)   Evacuate Collection Set: 4.4ms
[2020-12-15T10:33:25.508-0500][gc,phases      ] GC(7971)   Post Evacuate Collection Set: 9.7ms
[2020-12-15T10:33:25.508-0500][gc,phases      ] GC(7971)   Other: 0.2ms
[2020-12-15T10:33:25.508-0500][gc,heap        ] GC(7971) Eden regions: 10->0(10)
[2020-12-15T10:33:25.508-0500][gc,heap        ] GC(7971) Survivor regions: 1->1(2)
[2020-12-15T10:33:25.508-0500][gc,heap        ] GC(7971) Old regions: 42->42
[2020-12-15T10:33:25.508-0500][gc,heap        ] GC(7971) Humongous regions: 4->4
[2020-12-15T10:33:25.508-0500][gc,metaspace   ] GC(7971) Metaspace: 49399K->49399K(1093632K)
[2020-12-15T10:33:25.508-0500][gc,heap        ] GC(7971) Heap after GC invocations=7972 (full 1656): garbage-first heap   total 66560K, used 43457K [0x0000000083000000, 0x0000000100000000)
[2020-12-15T10:33:25.508-0500][gc,heap        ] GC(7971)   region size 1024K, 1 young (1024K), 1 survivors (1024K)
[2020-12-15T10:33:25.508-0500][gc,heap        ] GC(7971)  Metaspace       used 49399K, capacity 51450K, committed 53248K, reserved 1093632K
[2020-12-15T10:33:25.508-0500][gc,heap        ] GC(7971)   class space    used 7384K, capacity 8097K, committed 8704K, reserved 1048576K
[2020-12-15T10:33:25.508-0500][gc             ] GC(7971) Pause Young (Normal) (G1 Evacuation Pause) 52M->42M(65M) 14.430ms
[2020-12-15T10:33:25.508-0500][gc,cpu         ] GC(7971) User=0.08s Sys=0.00s Real=0.02s
[2020-12-15T10:34:15.488-0500][gc,heap        ] GC(7972) Heap before GC invocations=7972 (full 1656): garbage-first heap   total 66560K, used 53697K [0x0000000083000000, 0x0000000100000000)
[2020-12-15T10:34:15.488-0500][gc,heap        ] GC(7972)   region size 1024K, 11 young (11264K), 1 survivors (1024K)
[2020-12-15T10:34:15.488-0500][gc,heap        ] GC(7972)  Metaspace       used 49399K, capacity 51450K, committed 53248K, reserved 1093632K
[2020-12-15T10:34:15.489-0500][gc,heap        ] GC(7972)   class space    used 7384K, capacity 8097K, committed 8704K, reserved 1048576K
[2020-12-15T10:34:15.489-0500][gc,start       ] GC(7972) Pause Young (Concurrent Start) (G1 Evacuation Pause)
[2020-12-15T10:34:15.489-0500][gc,task        ] GC(7972) Using 8 workers of 8 for evacuation
[2020-12-15T10:34:15.495-0500][gc,phases      ] GC(7972)   Pre Evacuate Collection Set: 0.2ms
[2020-12-15T10:34:15.495-0500][gc,phases      ] GC(7972)   Evacuate Collection Set: 4.6ms
[2020-12-15T10:34:15.495-0500][gc,phases      ] GC(7972)   Post Evacuate Collection Set: 1.2ms
[2020-12-15T10:34:15.495-0500][gc,phases      ] GC(7972)   Other: 0.3ms
[2020-12-15T10:34:15.495-0500][gc,heap        ] GC(7972) Eden regions: 10->0(10)
[2020-12-15T10:34:15.495-0500][gc,heap        ] GC(7972) Survivor regions: 1->1(2)
[2020-12-15T10:34:15.495-0500][gc,heap        ] GC(7972) Old regions: 42->42
[2020-12-15T10:34:15.495-0500][gc,heap        ] GC(7972) Humongous regions: 4->4
[2020-12-15T10:34:15.495-0500][gc,metaspace   ] GC(7972) Metaspace: 49399K->49399K(1093632K)
[2020-12-15T10:34:15.495-0500][gc,heap        ] GC(7972) Heap after GC invocations=7973 (full 1656): garbage-first heap   total 66560K, used 43414K [0x0000000083000000, 0x0000000100000000)
[2020-12-15T10:34:15.495-0500][gc,heap        ] GC(7972)   region size 1024K, 1 young (1024K), 1 survivors (1024K)
[2020-12-15T10:34:15.495-0500][gc,heap        ] GC(7972)  Metaspace       used 49399K, capacity 51450K, committed 53248K, reserved 1093632K
[2020-12-15T10:34:15.495-0500][gc,heap        ] GC(7972)   class space    used 7384K, capacity 8097K, committed 8704K, reserved 1048576K
[2020-12-15T10:34:15.495-0500][gc             ] GC(7972) Pause Young (Concurrent Start) (G1 Evacuation Pause) 52M->42M(65M) 6.513ms
[2020-12-15T10:34:15.495-0500][gc,cpu         ] GC(7972) User=0.01s Sys=0.00s Real=0.00s
[2020-12-15T10:34:15.495-0500][gc             ] GC(7973) Concurrent Cycle
[2020-12-15T10:34:15.495-0500][gc,marking     ] GC(7973) Concurrent Clear Claimed Marks
[2020-12-15T10:34:15.495-0500][gc,marking     ] GC(7973) Concurrent Clear Claimed Marks 0.179ms
[2020-12-15T10:34:15.495-0500][gc,marking     ] GC(7973) Concurrent Scan Root Regions
[2020-12-15T10:34:15.497-0500][gc,marking     ] GC(7973) Concurrent Scan Root Regions 1.095ms
[2020-12-15T10:34:15.497-0500][gc,marking     ] GC(7973) Concurrent Mark (496652.884s)
[2020-12-15T10:34:15.497-0500][gc,marking     ] GC(7973) Concurrent Mark From Roots
[2020-12-15T10:34:15.497-0500][gc,task        ] GC(7973) Using 2 workers of 2 for marking
[2020-12-15T10:34:15.544-0500][gc,marking     ] GC(7973) Concurrent Mark From Roots 47.471ms
[2020-12-15T10:34:15.544-0500][gc,marking     ] GC(7973) Concurrent Preclean
[2020-12-15T10:34:15.544-0500][gc,marking     ] GC(7973) Concurrent Preclean 0.147ms
[2020-12-15T10:34:15.544-0500][gc,marking     ] GC(7973) Concurrent Mark (496652.884s, 496652.931s) 47.694ms
[2020-12-15T10:34:15.545-0500][gc,start       ] GC(7973) Pause Remark
[2020-12-15T10:34:15.552-0500][gc,stringtable ] GC(7973) Cleaned string and symbol table, strings: 32745 processed, 0 removed, symbols: 120718 processed, 0 removed
[2020-12-15T10:34:15.552-0500][gc             ] GC(7973) Pause Remark 43M->43M(65M) 7.441ms
[2020-12-15T10:34:15.552-0500][gc,cpu         ] GC(7973) User=0.03s Sys=0.00s Real=0.01s
[2020-12-15T10:34:15.552-0500][gc,marking     ] GC(7973) Concurrent Rebuild Remembered Sets
[2020-12-15T10:34:15.576-0500][gc,marking     ] GC(7973) Concurrent Rebuild Remembered Sets 23.578ms
[2020-12-15T10:34:15.576-0500][gc,start       ] GC(7973) Pause Cleanup
[2020-12-15T10:34:15.576-0500][gc             ] GC(7973) Pause Cleanup 43M->43M(65M) 0.244ms
[2020-12-15T10:34:15.577-0500][gc,cpu         ] GC(7973) User=0.00s Sys=0.00s Real=0.00s
[2020-12-15T10:34:15.577-0500][gc,marking     ] GC(7973) Concurrent Cleanup for Next Mark
[2020-12-15T10:34:15.577-0500][gc,marking     ] GC(7973) Concurrent Cleanup for Next Mark 0.197ms
[2020-12-15T10:34:15.577-0500][gc             ] GC(7973) Concurrent Cycle 81.644ms
[2020-12-15T10:35:00.784-0500][gc,heap        ] GC(7974) Heap before GC invocations=7974 (full 1656): garbage-first heap   total 66560K, used 52630K [0x0000000083000000, 0x0000000100000000)
[2020-12-15T10:35:00.784-0500][gc,heap        ] GC(7974)   region size 1024K, 11 young (11264K), 1 survivors (1024K)
[2020-12-15T10:35:00.784-0500][gc,heap        ] GC(7974)  Metaspace       used 49399K, capacity 51450K, committed 53248K, reserved 1093632K
[2020-12-15T10:35:00.784-0500][gc,heap        ] GC(7974)   class space    used 7384K, capacity 8097K, committed 8704K, reserved 1048576K
[2020-12-15T10:35:00.784-0500][gc,start       ] GC(7974) Pause Young (Normal) (G1 Evacuation Pause)
[2020-12-15T10:35:00.784-0500][gc,task        ] GC(7974) Using 8 workers of 8 for evacuation
[2020-12-15T10:35:00.790-0500][gc,phases      ] GC(7974)   Pre Evacuate Collection Set: 0.0ms
[2020-12-15T10:35:00.790-0500][gc,phases      ] GC(7974)   Evacuate Collection Set: 2.7ms
[2020-12-15T10:35:00.790-0500][gc,phases      ] GC(7974)   Post Evacuate Collection Set: 2.6ms
[2020-12-15T10:35:00.790-0500][gc,phases      ] GC(7974)   Other: 0.3ms
[2020-12-15T10:35:00.790-0500][gc,heap        ] GC(7974) Eden regions: 10->0(10)
[2020-12-15T10:35:00.790-0500][gc,heap        ] GC(7974) Survivor regions: 1->1(2)
[2020-12-15T10:35:00.790-0500][gc,heap        ] GC(7974) Old regions: 42->42
[2020-12-15T10:35:00.790-0500][gc,heap        ] GC(7974) Humongous regions: 4->4
[2020-12-15T10:35:00.790-0500][gc,metaspace   ] GC(7974) Metaspace: 49399K->49399K(1093632K)
[2020-12-15T10:35:00.790-0500][gc,heap        ] GC(7974) Heap after GC invocations=7975 (full 1656): garbage-first heap   total 66560K, used 43339K [0x0000000083000000, 0x0000000100000000)
[2020-12-15T10:35:00.790-0500][gc,heap        ] GC(7974)   region size 1024K, 1 young (1024K), 1 survivors (1024K)
[2020-12-15T10:35:00.790-0500][gc,heap        ] GC(7974)  Metaspace       used 49399K, capacity 51450K, committed 53248K, reserved 1093632K
[2020-12-15T10:35:00.790-0500][gc,heap        ] GC(7974)   class space    used 7384K, capacity 8097K, committed 8704K, reserved 1048576K
[2020-12-15T10:35:00.790-0500][gc             ] GC(7974) Pause Young (Normal) (G1 Evacuation Pause) 52M->42M(65M) 5.769ms
[2020-12-15T10:35:00.790-0500][gc,cpu         ] GC(7974) User=0.02s Sys=0.00s Real=0.01s
[2020-12-15T10:35:46.015-0500][gc,heap        ] GC(7975) Heap before GC invocations=7975 (full 1656): garbage-first heap   total 66560K, used 52555K [0x0000000083000000, 0x0000000100000000)
[2020-12-15T10:35:46.015-0500][gc,heap        ] GC(7975)   region size 1024K, 11 young (11264K), 1 survivors (1024K)
[2020-12-15T10:35:46.015-0500][gc,heap        ] GC(7975)  Metaspace       used 49399K, capacity 51450K, committed 53248K, reserved 1093632K
[2020-12-15T10:35:46.015-0500][gc,heap        ] GC(7975)   class space    used 7384K, capacity 8097K, committed 8704K, reserved 1048576K
[2020-12-15T10:35:46.015-0500][gc,start       ] GC(7975) Pause Young (Concurrent Start) (G1 Evacuation Pause)
[2020-12-15T10:35:46.015-0500][gc,task        ] GC(7975) Using 8 workers of 8 for evacuation
[2020-12-15T10:35:46.024-0500][gc,phases      ] GC(7975)   Pre Evacuate Collection Set: 0.2ms
[2020-12-15T10:35:46.024-0500][gc,phases      ] GC(7975)   Evacuate Collection Set: 4.7ms
[2020-12-15T10:35:46.024-0500][gc,phases      ] GC(7975)   Post Evacuate Collection Set: 3.9ms
[2020-12-15T10:35:46.024-0500][gc,phases      ] GC(7975)   Other: 0.2ms
[2020-12-15T10:35:46.024-0500][gc,heap        ] GC(7975) Eden regions: 10->0(10)
[2020-12-15T10:35:46.024-0500][gc,heap        ] GC(7975) Survivor regions: 1->1(2)
[2020-12-15T10:35:46.024-0500][gc,heap        ] GC(7975) Old regions: 42->42
[2020-12-15T10:35:46.024-0500][gc,heap        ] GC(7975) Humongous regions: 4->4
[2020-12-15T10:35:46.024-0500][gc,metaspace   ] GC(7975) Metaspace: 49399K->49399K(1093632K)
[2020-12-15T10:35:46.024-0500][gc,heap        ] GC(7975) Heap after GC invocations=7976 (full 1656): garbage-first heap   total 66560K, used 43348K [0x0000000083000000, 0x0000000100000000)
[2020-12-15T10:35:46.024-0500][gc,heap        ] GC(7975)   region size 1024K, 1 young (1024K), 1 survivors (1024K)
[2020-12-15T10:35:46.024-0500][gc,heap        ] GC(7975)  Metaspace       used 49399K, capacity 51450K, committed 53248K, reserved 1093632K
[2020-12-15T10:35:46.024-0500][gc,heap        ] GC(7975)   class space    used 7384K, capacity 8097K, committed 8704K, reserved 1048576K
[2020-12-15T10:35:46.024-0500][gc             ] GC(7975) Pause Young (Concurrent Start) (G1 Evacuation Pause) 52M->42M(65M) 9.060ms
[2020-12-15T10:35:46.024-0500][gc,cpu         ] GC(7975) User=0.05s Sys=0.00s Real=0.01s
[2020-12-15T10:35:46.024-0500][gc             ] GC(7976) Concurrent Cycle
[2020-12-15T10:35:46.024-0500][gc,marking     ] GC(7976) Concurrent Clear Claimed Marks
[2020-12-15T10:35:46.025-0500][gc,marking     ] GC(7976) Concurrent Clear Claimed Marks 0.111ms
[2020-12-15T10:35:46.025-0500][gc,marking     ] GC(7976) Concurrent Scan Root Regions
[2020-12-15T10:35:46.025-0500][gc,marking     ] GC(7976) Concurrent Scan Root Regions 0.632ms
[2020-12-15T10:35:46.025-0500][gc,marking     ] GC(7976) Concurrent Mark (496743.412s)
[2020-12-15T10:35:46.025-0500][gc,marking     ] GC(7976) Concurrent Mark From Roots
[2020-12-15T10:35:46.025-0500][gc,task        ] GC(7976) Using 2 workers of 2 for marking
[2020-12-15T10:35:46.071-0500][gc,marking     ] GC(7976) Concurrent Mark From Roots 45.549ms
[2020-12-15T10:35:46.071-0500][gc,marking     ] GC(7976) Concurrent Preclean
[2020-12-15T10:35:46.071-0500][gc,marking     ] GC(7976) Concurrent Preclean 0.147ms
[2020-12-15T10:35:46.071-0500][gc,marking     ] GC(7976) Concurrent Mark (496743.412s, 496743.458s) 45.772ms
[2020-12-15T10:35:46.071-0500][gc,start       ] GC(7976) Pause Remark
[2020-12-15T10:35:46.079-0500][gc,stringtable ] GC(7976) Cleaned string and symbol table, strings: 32745 processed, 0 removed, symbols: 120718 processed, 0 removed
[2020-12-15T10:35:46.079-0500][gc             ] GC(7976) Pause Remark 42M->42M(65M) 8.067ms
[2020-12-15T10:35:46.079-0500][gc,cpu         ] GC(7976) User=0.05s Sys=0.00s Real=0.01s
[2020-12-15T10:35:46.079-0500][gc,marking     ] GC(7976) Concurrent Rebuild Remembered Sets
[2020-12-15T10:35:46.098-0500][gc,marking     ] GC(7976) Concurrent Rebuild Remembered Sets 18.808ms
[2020-12-15T10:35:46.099-0500][gc,start       ] GC(7976) Pause Cleanup
[2020-12-15T10:35:46.099-0500][gc             ] GC(7976) Pause Cleanup 42M->42M(65M) 0.285ms
[2020-12-15T10:35:46.099-0500][gc,cpu         ] GC(7976) User=0.00s Sys=0.00s Real=0.00s
[2020-12-15T10:35:46.099-0500][gc,marking     ] GC(7976) Concurrent Cleanup for Next Mark
[2020-12-15T10:35:46.099-0500][gc,marking     ] GC(7976) Concurrent Cleanup for Next Mark 0.181ms
[2020-12-15T10:35:46.099-0500][gc             ] GC(7976) Concurrent Cycle 74.917ms
[2020-12-15T10:36:36.011-0500][gc,heap        ] GC(7977) Heap before GC invocations=7977 (full 1656): garbage-first heap   total 66560K, used 52564K [0x0000000083000000, 0x0000000100000000)
[2020-12-15T10:36:36.011-0500][gc,heap        ] GC(7977)   region size 1024K, 11 young (11264K), 1 survivors (1024K)
[2020-12-15T10:36:36.011-0500][gc,heap        ] GC(7977)  Metaspace       used 49399K, capacity 51450K, committed 53248K, reserved 1093632K
[2020-12-15T10:36:36.011-0500][gc,heap        ] GC(7977)   class space    used 7384K, capacity 8097K, committed 8704K, reserved 1048576K
[2020-12-15T10:36:36.012-0500][gc,start       ] GC(7977) Pause Young (Normal) (G1 Evacuation Pause)
[2020-12-15T10:36:36.012-0500][gc,task        ] GC(7977) Using 8 workers of 8 for evacuation
[2020-12-15T10:36:36.014-0500][gc,phases      ] GC(7977)   Pre Evacuate Collection Set: 0.0ms
[2020-12-15T10:36:36.014-0500][gc,phases      ] GC(7977)   Evacuate Collection Set: 0.9ms
[2020-12-15T10:36:36.014-0500][gc,phases      ] GC(7977)   Post Evacuate Collection Set: 1.4ms
[2020-12-15T10:36:36.014-0500][gc,phases      ] GC(7977)   Other: 0.2ms
[2020-12-15T10:36:36.014-0500][gc,heap        ] GC(7977) Eden regions: 10->0(10)
[2020-12-15T10:36:36.014-0500][gc,heap        ] GC(7977) Survivor regions: 1->1(2)
[2020-12-15T10:36:36.014-0500][gc,heap        ] GC(7977) Old regions: 42->42
[2020-12-15T10:36:36.014-0500][gc,heap        ] GC(7977) Humongous regions: 4->4
[2020-12-15T10:36:36.014-0500][gc,metaspace   ] GC(7977) Metaspace: 49399K->49399K(1093632K)
[2020-12-15T10:36:36.014-0500][gc,heap        ] GC(7977) Heap after GC invocations=7978 (full 1656): garbage-first heap   total 66560K, used 43385K [0x0000000083000000, 0x0000000100000000)
[2020-12-15T10:36:36.014-0500][gc,heap        ] GC(7977)   region size 1024K, 1 young (1024K), 1 survivors (1024K)
[2020-12-15T10:36:36.014-0500][gc,heap        ] GC(7977)  Metaspace       used 49399K, capacity 51450K, committed 53248K, reserved 1093632K
[2020-12-15T10:36:36.014-0500][gc,heap        ] GC(7977)   class space    used 7384K, capacity 8097K, committed 8704K, reserved 1048576K
[2020-12-15T10:36:36.014-0500][gc             ] GC(7977) Pause Young (Normal) (G1 Evacuation Pause) 52M->42M(65M) 2.544ms
[2020-12-15T10:36:36.014-0500][gc,cpu         ] GC(7977) User=0.00s Sys=0.01s Real=0.00s
[2020-12-15T10:36:45.191-0500][gc,task        ] GC(7978) Using 5 workers of 8 for full compaction
[2020-12-15T10:36:45.191-0500][gc,start       ] GC(7978) Pause Full (System.gc())
[2020-12-15T10:36:45.191-0500][gc,heap        ] GC(7978) Heap before GC invocations=7978 (full 1656): garbage-first heap   total 66560K, used 43385K [0x0000000083000000, 0x0000000100000000)
[2020-12-15T10:36:45.191-0500][gc,heap        ] GC(7978)   region size 1024K, 2 young (2048K), 1 survivors (1024K)
[2020-12-15T10:36:45.191-0500][gc,heap        ] GC(7978)  Metaspace       used 49399K, capacity 51450K, committed 53248K, reserved 1093632K
[2020-12-15T10:36:45.191-0500][gc,heap        ] GC(7978)   class space    used 7384K, capacity 8097K, committed 8704K, reserved 1048576K
[2020-12-15T10:36:45.191-0500][gc,phases,start] GC(7978) Phase 1: Mark live objects
[2020-12-15T10:36:45.219-0500][gc,stringtable ] GC(7978) Cleaned string and symbol table, strings: 32745 processed, 5 removed, symbols: 120718 processed, 0 removed
[2020-12-15T10:36:45.219-0500][gc,phases      ] GC(7978) Phase 1: Mark live objects 27.840ms
[2020-12-15T10:36:45.219-0500][gc,phases,start] GC(7978) Phase 2: Prepare for compaction
[2020-12-15T10:36:45.223-0500][gc,phases      ] GC(7978) Phase 2: Prepare for compaction 3.873ms
[2020-12-15T10:36:45.223-0500][gc,phases,start] GC(7978) Phase 3: Adjust pointers
[2020-12-15T10:36:45.238-0500][gc,phases      ] GC(7978) Phase 3: Adjust pointers 14.817ms
[2020-12-15T10:36:45.238-0500][gc,phases,start] GC(7978) Phase 4: Compact heap
[2020-12-15T10:36:45.240-0500][gc,phases      ] GC(7978) Phase 4: Compact heap 2.621ms
[2020-12-15T10:36:45.249-0500][gc,heap        ] GC(7978) Eden regions: 1->0(11)
[2020-12-15T10:36:45.249-0500][gc,heap        ] GC(7978) Survivor regions: 1->0(2)
[2020-12-15T10:36:45.249-0500][gc,heap        ] GC(7978) Old regions: 42->42
[2020-12-15T10:36:45.249-0500][gc,heap        ] GC(7978) Humongous regions: 4->4
[2020-12-15T10:36:45.249-0500][gc,metaspace   ] GC(7978) Metaspace: 49399K->49399K(1093632K)
[2020-12-15T10:36:45.249-0500][gc,heap        ] GC(7978) Heap after GC invocations=7979 (full 1657): garbage-first heap   total 66560K, used 43257K [0x0000000083000000, 0x0000000100000000)
[2020-12-15T10:36:45.249-0500][gc,heap        ] GC(7978)   region size 1024K, 0 young (0K), 0 survivors (0K)
[2020-12-15T10:36:45.249-0500][gc,heap        ] GC(7978)  Metaspace       used 49399K, capacity 51450K, committed 53248K, reserved 1093632K
[2020-12-15T10:36:45.249-0500][gc,heap        ] GC(7978)   class space    used 7384K, capacity 8097K, committed 8704K, reserved 1048576K
[2020-12-15T10:36:45.249-0500][gc             ] GC(7978) Pause Full (System.gc()) 43M->42M(65M) 58.424ms
[2020-12-15T10:36:45.249-0500][gc,cpu         ] GC(7978) User=0.24s Sys=0.00s Real=0.06s
[2020-12-15T10:37:35.492-0500][gc,heap        ] GC(7979) Heap before GC invocations=7979 (full 1657): garbage-first heap   total 66560K, used 53497K [0x0000000083000000, 0x0000000100000000)
[2020-12-15T10:37:35.492-0500][gc,heap        ] GC(7979)   region size 1024K, 11 young (11264K), 0 survivors (0K)
[2020-12-15T10:37:35.492-0500][gc,heap        ] GC(7979)  Metaspace       used 49399K, capacity 51450K, committed 53248K, reserved 1093632K
[2020-12-15T10:37:35.492-0500][gc,heap        ] GC(7979)   class space    used 7384K, capacity 8097K, committed 8704K, reserved 1048576K
[2020-12-15T10:37:35.492-0500][gc,start       ] GC(7979) Pause Young (Concurrent Start) (G1 Evacuation Pause)
[2020-12-15T10:37:35.492-0500][gc,task        ] GC(7979) Using 8 workers of 8 for evacuation
[2020-12-15T10:37:35.497-0500][gc,phases      ] GC(7979)   Pre Evacuate Collection Set: 0.2ms
[2020-12-15T10:37:35.497-0500][gc,phases      ] GC(7979)   Evacuate Collection Set: 1.4ms
[2020-12-15T10:37:35.497-0500][gc,phases      ] GC(7979)   Post Evacuate Collection Set: 2.6ms
[2020-12-15T10:37:35.497-0500][gc,phases      ] GC(7979)   Other: 0.3ms
[2020-12-15T10:37:35.497-0500][gc,heap        ] GC(7979) Eden regions: 11->0(10)
[2020-12-15T10:37:35.497-0500][gc,heap        ] GC(7979) Survivor regions: 0->1(2)
[2020-12-15T10:37:35.497-0500][gc,heap        ] GC(7979) Old regions: 42->42
[2020-12-15T10:37:35.497-0500][gc,heap        ] GC(7979) Humongous regions: 4->4
[2020-12-15T10:37:35.497-0500][gc,metaspace   ] GC(7979) Metaspace: 49399K->49399K(1093632K)
[2020-12-15T10:37:35.497-0500][gc,heap        ] GC(7979) Heap after GC invocations=7980 (full 1657): garbage-first heap   total 66560K, used 43476K [0x0000000083000000, 0x0000000100000000)
[2020-12-15T10:37:35.497-0500][gc,heap        ] GC(7979)   region size 1024K, 1 young (1024K), 1 survivors (1024K)
[2020-12-15T10:37:35.497-0500][gc,heap        ] GC(7979)  Metaspace       used 49399K, capacity 51450K, committed 53248K, reserved 1093632K
[2020-12-15T10:37:35.497-0500][gc,heap        ] GC(7979)   class space    used 7384K, capacity 8097K, committed 8704K, reserved 1048576K
[2020-12-15T10:37:35.497-0500][gc             ] GC(7979) Pause Young (Concurrent Start) (G1 Evacuation Pause) 53M->42M(65M) 4.532ms
[2020-12-15T10:37:35.497-0500][gc,cpu         ] GC(7979) User=0.02s Sys=0.01s Real=0.00s
[2020-12-15T10:37:35.497-0500][gc             ] GC(7980) Concurrent Cycle
[2020-12-15T10:37:35.497-0500][gc,marking     ] GC(7980) Concurrent Clear Claimed Marks
[2020-12-15T10:37:35.497-0500][gc,marking     ] GC(7980) Concurrent Clear Claimed Marks 0.170ms
[2020-12-15T10:37:35.497-0500][gc,marking     ] GC(7980) Concurrent Scan Root Regions
[2020-12-15T10:37:35.498-0500][gc,marking     ] GC(7980) Concurrent Scan Root Regions 1.147ms
[2020-12-15T10:37:35.499-0500][gc,marking     ] GC(7980) Concurrent Mark (496852.886s)
[2020-12-15T10:37:35.499-0500][gc,marking     ] GC(7980) Concurrent Mark From Roots
[2020-12-15T10:37:35.499-0500][gc,task        ] GC(7980) Using 2 workers of 2 for marking
[2020-12-15T10:37:35.551-0500][gc,marking     ] GC(7980) Concurrent Mark From Roots 52.780ms
[2020-12-15T10:37:35.551-0500][gc,marking     ] GC(7980) Concurrent Preclean
[2020-12-15T10:37:35.552-0500][gc,marking     ] GC(7980) Concurrent Preclean 0.241ms
[2020-12-15T10:37:35.552-0500][gc,marking     ] GC(7980) Concurrent Mark (496852.886s, 496852.939s) 53.164ms
[2020-12-15T10:37:35.552-0500][gc,start       ] GC(7980) Pause Remark
[2020-12-15T10:37:35.559-0500][gc,stringtable ] GC(7980) Cleaned string and symbol table, strings: 32745 processed, 0 removed, symbols: 120718 processed, 0 removed
[2020-12-15T10:37:35.559-0500][gc             ] GC(7980) Pause Remark 43M->43M(65M) 6.884ms
[2020-12-15T10:37:35.559-0500][gc,cpu         ] GC(7980) User=0.04s Sys=0.00s Real=0.01s
[2020-12-15T10:37:35.559-0500][gc,marking     ] GC(7980) Concurrent Rebuild Remembered Sets
[2020-12-15T10:37:35.580-0500][gc,marking     ] GC(7980) Concurrent Rebuild Remembered Sets 20.486ms
[2020-12-15T10:37:35.580-0500][gc,start       ] GC(7980) Pause Cleanup
[2020-12-15T10:37:35.580-0500][gc             ] GC(7980) Pause Cleanup 43M->43M(65M) 0.215ms
[2020-12-15T10:37:35.580-0500][gc,cpu         ] GC(7980) User=0.00s Sys=0.00s Real=0.00s
[2020-12-15T10:37:35.580-0500][gc,marking     ] GC(7980) Concurrent Cleanup for Next Mark
[2020-12-15T10:37:35.580-0500][gc,marking     ] GC(7980) Concurrent Cleanup for Next Mark 0.150ms
[2020-12-15T10:37:35.580-0500][gc             ] GC(7980) Concurrent Cycle 83.403ms
[2020-12-15T10:38:25.495-0500][gc,heap        ] GC(7981) Heap before GC invocations=7981 (full 1657): garbage-first heap   total 66560K, used 52692K [0x0000000083000000, 0x0000000100000000)
[2020-12-15T10:38:25.495-0500][gc,heap        ] GC(7981)   region size 1024K, 11 young (11264K), 1 survivors (1024K)
[2020-12-15T10:38:25.495-0500][gc,heap        ] GC(7981)  Metaspace       used 49399K, capacity 51450K, committed 53248K, reserved 1093632K
[2020-12-15T10:38:25.495-0500][gc,heap        ] GC(7981)   class space    used 7384K, capacity 8097K, committed 8704K, reserved 1048576K
[2020-12-15T10:38:25.495-0500][gc,start       ] GC(7981) Pause Young (Normal) (G1 Evacuation Pause)
[2020-12-15T10:38:25.495-0500][gc,task        ] GC(7981) Using 8 workers of 8 for evacuation
[2020-12-15T10:38:25.502-0500][gc,phases      ] GC(7981)   Pre Evacuate Collection Set: 0.0ms
[2020-12-15T10:38:25.502-0500][gc,phases      ] GC(7981)   Evacuate Collection Set: 5.7ms
[2020-12-15T10:38:25.502-0500][gc,phases      ] GC(7981)   Post Evacuate Collection Set: 1.3ms
[2020-12-15T10:38:25.502-0500][gc,phases      ] GC(7981)   Other: 0.4ms
[2020-12-15T10:38:25.502-0500][gc,heap        ] GC(7981) Eden regions: 10->0(10)
[2020-12-15T10:38:25.502-0500][gc,heap        ] GC(7981) Survivor regions: 1->1(2)
[2020-12-15T10:38:25.502-0500][gc,heap        ] GC(7981) Old regions: 42->42
[2020-12-15T10:38:25.502-0500][gc,heap        ] GC(7981) Humongous regions: 4->4
[2020-12-15T10:38:25.503-0500][gc,metaspace   ] GC(7981) Metaspace: 49399K->49399K(1093632K)
[2020-12-15T10:38:25.503-0500][gc,heap        ] GC(7981) Heap after GC invocations=7982 (full 1657): garbage-first heap   total 66560K, used 43469K [0x0000000083000000, 0x0000000100000000)
[2020-12-15T10:38:25.503-0500][gc,heap        ] GC(7981)   region size 1024K, 1 young (1024K), 1 survivors (1024K)
[2020-12-15T10:38:25.503-0500][gc,heap        ] GC(7981)  Metaspace       used 49399K, capacity 51450K, committed 53248K, reserved 1093632K
[2020-12-15T10:38:25.503-0500][gc,heap        ] GC(7981)   class space    used 7384K, capacity 8097K, committed 8704K, reserved 1048576K
[2020-12-15T10:38:25.503-0500][gc             ] GC(7981) Pause Young (Normal) (G1 Evacuation Pause) 52M->42M(65M) 7.280ms
[2020-12-15T10:38:25.503-0500][gc,cpu         ] GC(7981) User=0.03s Sys=0.01s Real=0.01s
[2020-12-15T10:39:14.907-0500][gc,heap        ] GC(7982) Heap before GC invocations=7982 (full 1657): garbage-first heap   total 66560K, used 52685K [0x0000000083000000, 0x0000000100000000)
[2020-12-15T10:39:14.907-0500][gc,heap        ] GC(7982)   region size 1024K, 11 young (11264K), 1 survivors (1024K)
[2020-12-15T10:39:14.907-0500][gc,heap        ] GC(7982)  Metaspace       used 49399K, capacity 51450K, committed 53248K, reserved 1093632K
[2020-12-15T10:39:14.907-0500][gc,heap        ] GC(7982)   class space    used 7384K, capacity 8097K, committed 8704K, reserved 1048576K
[2020-12-15T10:39:14.907-0500][gc,start       ] GC(7982) Pause Young (Concurrent Start) (G1 Evacuation Pause)
[2020-12-15T10:39:14.907-0500][gc,task        ] GC(7982) Using 8 workers of 8 for evacuation
[2020-12-15T10:39:14.909-0500][gc,phases      ] GC(7982)   Pre Evacuate Collection Set: 0.2ms
[2020-12-15T10:39:14.909-0500][gc,phases      ] GC(7982)   Evacuate Collection Set: 1.2ms
[2020-12-15T10:39:14.909-0500][gc,phases      ] GC(7982)   Post Evacuate Collection Set: 0.9ms
[2020-12-15T10:39:14.909-0500][gc,phases      ] GC(7982)   Other: 0.2ms
[2020-12-15T10:39:14.909-0500][gc,heap        ] GC(7982) Eden regions: 10->0(10)
[2020-12-15T10:39:14.909-0500][gc,heap        ] GC(7982) Survivor regions: 1->1(2)
[2020-12-15T10:39:14.909-0500][gc,heap        ] GC(7982) Old regions: 42->42
[2020-12-15T10:39:14.909-0500][gc,heap        ] GC(7982) Humongous regions: 4->4
[2020-12-15T10:39:14.909-0500][gc,metaspace   ] GC(7982) Metaspace: 49399K->49399K(1093632K)
[2020-12-15T10:39:14.909-0500][gc,heap        ] GC(7982) Heap after GC invocations=7983 (full 1657): garbage-first heap   total 66560K, used 43344K [0x0000000083000000, 0x0000000100000000)
[2020-12-15T10:39:14.909-0500][gc,heap        ] GC(7982)   region size 1024K, 1 young (1024K), 1 survivors (1024K)
[2020-12-15T10:39:14.909-0500][gc,heap        ] GC(7982)  Metaspace       used 49399K, capacity 51450K, committed 53248K, reserved 1093632K
[2020-12-15T10:39:14.909-0500][gc,heap        ] GC(7982)   class space    used 7384K, capacity 8097K, committed 8704K, reserved 1048576K
[2020-12-15T10:39:14.909-0500][gc             ] GC(7982) Pause Young (Concurrent Start) (G1 Evacuation Pause) 52M->42M(65M) 2.486ms
[2020-12-15T10:39:14.909-0500][gc,cpu         ] GC(7982) User=0.00s Sys=0.00s Real=0.01s
[2020-12-15T10:39:14.909-0500][gc             ] GC(7983) Concurrent Cycle
[2020-12-15T10:39:14.910-0500][gc,marking     ] GC(7983) Concurrent Clear Claimed Marks
[2020-12-15T10:39:14.910-0500][gc,marking     ] GC(7983) Concurrent Clear Claimed Marks 0.052ms
[2020-12-15T10:39:14.910-0500][gc,marking     ] GC(7983) Concurrent Scan Root Regions
[2020-12-15T10:39:14.911-0500][gc,marking     ] GC(7983) Concurrent Scan Root Regions 0.997ms
[2020-12-15T10:39:14.911-0500][gc,marking     ] GC(7983) Concurrent Mark (496952.298s)
[2020-12-15T10:39:14.911-0500][gc,marking     ] GC(7983) Concurrent Mark From Roots
[2020-12-15T10:39:14.911-0500][gc,task        ] GC(7983) Using 2 workers of 2 for marking
[2020-12-15T10:39:14.948-0500][gc,marking     ] GC(7983) Concurrent Mark From Roots 36.979ms
[2020-12-15T10:39:14.948-0500][gc,marking     ] GC(7983) Concurrent Preclean
[2020-12-15T10:39:14.948-0500][gc,marking     ] GC(7983) Concurrent Preclean 0.149ms
[2020-12-15T10:39:14.948-0500][gc,marking     ] GC(7983) Concurrent Mark (496952.298s, 496952.335s) 37.208ms
[2020-12-15T10:39:14.948-0500][gc,start       ] GC(7983) Pause Remark
[2020-12-15T10:39:14.954-0500][gc,stringtable ] GC(7983) Cleaned string and symbol table, strings: 32745 processed, 0 removed, symbols: 120718 processed, 0 removed
[2020-12-15T10:39:14.954-0500][gc             ] GC(7983) Pause Remark 42M->42M(65M) 6.005ms
[2020-12-15T10:39:14.954-0500][gc,cpu         ] GC(7983) User=0.03s Sys=0.00s Real=0.00s
[2020-12-15T10:39:14.955-0500][gc,marking     ] GC(7983) Concurrent Rebuild Remembered Sets
[2020-12-15T10:39:14.975-0500][gc,marking     ] GC(7983) Concurrent Rebuild Remembered Sets 20.055ms
[2020-12-15T10:39:14.975-0500][gc,start       ] GC(7983) Pause Cleanup
[2020-12-15T10:39:14.975-0500][gc             ] GC(7983) Pause Cleanup 42M->42M(65M) 0.183ms
[2020-12-15T10:39:14.975-0500][gc,cpu         ] GC(7983) User=0.00s Sys=0.00s Real=0.00s
[2020-12-15T10:39:14.975-0500][gc,marking     ] GC(7983) Concurrent Cleanup for Next Mark
[2020-12-15T10:39:14.976-0500][gc,marking     ] GC(7983) Concurrent Cleanup for Next Mark 0.166ms
[2020-12-15T10:39:14.976-0500][gc             ] GC(7983) Concurrent Cycle 66.167ms
[2020-12-15T10:39:56.013-0500][gc,heap        ] GC(7984) Heap before GC invocations=7984 (full 1657): garbage-first heap   total 66560K, used 52560K [0x0000000083000000, 0x0000000100000000)
[2020-12-15T10:39:56.013-0500][gc,heap        ] GC(7984)   region size 1024K, 11 young (11264K), 1 survivors (1024K)
[2020-12-15T10:39:56.013-0500][gc,heap        ] GC(7984)  Metaspace       used 49399K, capacity 51450K, committed 53248K, reserved 1093632K
[2020-12-15T10:39:56.013-0500][gc,heap        ] GC(7984)   class space    used 7384K, capacity 8097K, committed 8704K, reserved 1048576K
[2020-12-15T10:39:56.013-0500][gc,start       ] GC(7984) Pause Young (Normal) (G1 Evacuation Pause)
[2020-12-15T10:39:56.013-0500][gc,task        ] GC(7984) Using 8 workers of 8 for evacuation
[2020-12-15T10:39:56.020-0500][gc,phases      ] GC(7984)   Pre Evacuate Collection Set: 0.0ms
[2020-12-15T10:39:56.020-0500][gc,phases      ] GC(7984)   Evacuate Collection Set: 5.3ms
[2020-12-15T10:39:56.020-0500][gc,phases      ] GC(7984)   Post Evacuate Collection Set: 1.6ms
[2020-12-15T10:39:56.020-0500][gc,phases      ] GC(7984)   Other: 0.2ms
[2020-12-15T10:39:56.020-0500][gc,heap        ] GC(7984) Eden regions: 10->0(10)
[2020-12-15T10:39:56.020-0500][gc,heap        ] GC(7984) Survivor regions: 1->1(2)
[2020-12-15T10:39:56.020-0500][gc,heap        ] GC(7984) Old regions: 42->42
[2020-12-15T10:39:56.020-0500][gc,heap        ] GC(7984) Humongous regions: 4->4
[2020-12-15T10:39:56.020-0500][gc,metaspace   ] GC(7984) Metaspace: 49399K->49399K(1093632K)
[2020-12-15T10:39:56.020-0500][gc,heap        ] GC(7984) Heap after GC invocations=7985 (full 1657): garbage-first heap   total 66560K, used 43356K [0x0000000083000000, 0x0000000100000000)
[2020-12-15T10:39:56.020-0500][gc,heap        ] GC(7984)   region size 1024K, 1 young (1024K), 1 survivors (1024K)
[2020-12-15T10:39:56.020-0500][gc,heap        ] GC(7984)  Metaspace       used 49399K, capacity 51450K, committed 53248K, reserved 1093632K
[2020-12-15T10:39:56.020-0500][gc,heap        ] GC(7984)   class space    used 7384K, capacity 8097K, committed 8704K, reserved 1048576K
[2020-12-15T10:39:56.020-0500][gc             ] GC(7984) Pause Young (Normal) (G1 Evacuation Pause) 52M->42M(65M) 7.213ms
[2020-12-15T10:39:56.020-0500][gc,cpu         ] GC(7984) User=0.04s Sys=0.00s Real=0.01s
[2020-12-15T10:40:45.687-0500][gc,heap        ] GC(7985) Heap before GC invocations=7985 (full 1657): garbage-first heap   total 66560K, used 53596K [0x0000000083000000, 0x0000000100000000)
[2020-12-15T10:40:45.688-0500][gc,heap        ] GC(7985)   region size 1024K, 11 young (11264K), 1 survivors (1024K)
[2020-12-15T10:40:45.688-0500][gc,heap        ] GC(7985)  Metaspace       used 49399K, capacity 51450K, committed 53248K, reserved 1093632K
[2020-12-15T10:40:45.688-0500][gc,heap        ] GC(7985)   class space    used 7384K, capacity 8097K, committed 8704K, reserved 1048576K
[2020-12-15T10:40:45.688-0500][gc,start       ] GC(7985) Pause Young (Concurrent Start) (G1 Evacuation Pause)
[2020-12-15T10:40:45.688-0500][gc,task        ] GC(7985) Using 8 workers of 8 for evacuation
[2020-12-15T10:40:45.693-0500][gc,phases      ] GC(7985)   Pre Evacuate Collection Set: 0.2ms
[2020-12-15T10:40:45.693-0500][gc,phases      ] GC(7985)   Evacuate Collection Set: 3.5ms
[2020-12-15T10:40:45.693-0500][gc,phases      ] GC(7985)   Post Evacuate Collection Set: 1.6ms
[2020-12-15T10:40:45.693-0500][gc,phases      ] GC(7985)   Other: 0.4ms
[2020-12-15T10:40:45.693-0500][gc,heap        ] GC(7985) Eden regions: 10->0(10)
[2020-12-15T10:40:45.693-0500][gc,heap        ] GC(7985) Survivor regions: 1->1(2)
[2020-12-15T10:40:45.693-0500][gc,heap        ] GC(7985) Old regions: 42->42
[2020-12-15T10:40:45.693-0500][gc,heap        ] GC(7985) Humongous regions: 4->4
[2020-12-15T10:40:45.693-0500][gc,metaspace   ] GC(7985) Metaspace: 49399K->49399K(1093632K)
[2020-12-15T10:40:45.693-0500][gc,heap        ] GC(7985) Heap after GC invocations=7986 (full 1657): garbage-first heap   total 66560K, used 43353K [0x0000000083000000, 0x0000000100000000)
[2020-12-15T10:40:45.693-0500][gc,heap        ] GC(7985)   region size 1024K, 1 young (1024K), 1 survivors (1024K)
[2020-12-15T10:40:45.693-0500][gc,heap        ] GC(7985)  Metaspace       used 49399K, capacity 51450K, committed 53248K, reserved 1093632K
[2020-12-15T10:40:45.693-0500][gc,heap        ] GC(7985)   class space    used 7384K, capacity 8097K, committed 8704K, reserved 1048576K
[2020-12-15T10:40:45.693-0500][gc             ] GC(7985) Pause Young (Concurrent Start) (G1 Evacuation Pause) 52M->42M(65M) 5.655ms
[2020-12-15T10:40:45.693-0500][gc,cpu         ] GC(7985) User=0.01s Sys=0.00s Real=0.00s
[2020-12-15T10:40:45.694-0500][gc             ] GC(7986) Concurrent Cycle
[2020-12-15T10:40:45.694-0500][gc,marking     ] GC(7986) Concurrent Clear Claimed Marks
[2020-12-15T10:40:45.694-0500][gc,marking     ] GC(7986) Concurrent Clear Claimed Marks 0.269ms
[2020-12-15T10:40:45.694-0500][gc,marking     ] GC(7986) Concurrent Scan Root Regions
[2020-12-15T10:40:45.695-0500][gc,marking     ] GC(7986) Concurrent Scan Root Regions 1.377ms
[2020-12-15T10:40:45.695-0500][gc,marking     ] GC(7986) Concurrent Mark (497043.082s)
[2020-12-15T10:40:45.695-0500][gc,marking     ] GC(7986) Concurrent Mark From Roots
[2020-12-15T10:40:45.695-0500][gc,task        ] GC(7986) Using 2 workers of 2 for marking
[2020-12-15T10:40:45.735-0500][gc,marking     ] GC(7986) Concurrent Mark From Roots 40.079ms
[2020-12-15T10:40:45.735-0500][gc,marking     ] GC(7986) Concurrent Preclean
[2020-12-15T10:40:45.736-0500][gc,marking     ] GC(7986) Concurrent Preclean 0.185ms
[2020-12-15T10:40:45.736-0500][gc,marking     ] GC(7986) Concurrent Mark (497043.082s, 497043.123s) 40.348ms
[2020-12-15T10:40:45.736-0500][gc,start       ] GC(7986) Pause Remark
[2020-12-15T10:40:45.743-0500][gc,stringtable ] GC(7986) Cleaned string and symbol table, strings: 32745 processed, 0 removed, symbols: 120718 processed, 0 removed
[2020-12-15T10:40:45.743-0500][gc             ] GC(7986) Pause Remark 42M->42M(65M) 7.250ms
[2020-12-15T10:40:45.743-0500][gc,cpu         ] GC(7986) User=0.04s Sys=0.00s Real=0.01s
[2020-12-15T10:40:45.743-0500][gc,marking     ] GC(7986) Concurrent Rebuild Remembered Sets
[2020-12-15T10:40:45.770-0500][gc,marking     ] GC(7986) Concurrent Rebuild Remembered Sets 26.130ms
[2020-12-15T10:40:45.770-0500][gc,start       ] GC(7986) Pause Cleanup
[2020-12-15T10:40:45.770-0500][gc             ] GC(7986) Pause Cleanup 42M->42M(65M) 0.191ms
[2020-12-15T10:40:45.770-0500][gc,cpu         ] GC(7986) User=0.00s Sys=0.00s Real=0.00s
[2020-12-15T10:40:45.770-0500][gc,marking     ] GC(7986) Concurrent Cleanup for Next Mark
[2020-12-15T10:40:45.770-0500][gc,marking     ] GC(7986) Concurrent Cleanup for Next Mark 0.145ms
[2020-12-15T10:40:45.770-0500][gc             ] GC(7986) Concurrent Cycle 76.747ms
[2020-12-15T10:41:35.508-0500][gc,heap        ] GC(7987) Heap before GC invocations=7987 (full 1657): garbage-first heap   total 66560K, used 52569K [0x0000000083000000, 0x0000000100000000)
[2020-12-15T10:41:35.508-0500][gc,heap        ] GC(7987)   region size 1024K, 11 young (11264K), 1 survivors (1024K)
[2020-12-15T10:41:35.508-0500][gc,heap        ] GC(7987)  Metaspace       used 49399K, capacity 51450K, committed 53248K, reserved 1093632K
[2020-12-15T10:41:35.508-0500][gc,heap        ] GC(7987)   class space    used 7384K, capacity 8097K, committed 8704K, reserved 1048576K
[2020-12-15T10:41:35.508-0500][gc,start       ] GC(7987) Pause Young (Normal) (G1 Evacuation Pause)
[2020-12-15T10:41:35.508-0500][gc,task        ] GC(7987) Using 8 workers of 8 for evacuation
[2020-12-15T10:41:35.511-0500][gc,phases      ] GC(7987)   Pre Evacuate Collection Set: 0.0ms
[2020-12-15T10:41:35.512-0500][gc,phases      ] GC(7987)   Evacuate Collection Set: 1.2ms
[2020-12-15T10:41:35.512-0500][gc,phases      ] GC(7987)   Post Evacuate Collection Set: 2.1ms
[2020-12-15T10:41:35.512-0500][gc,phases      ] GC(7987)   Other: 0.3ms
[2020-12-15T10:41:35.512-0500][gc,heap        ] GC(7987) Eden regions: 10->0(10)
[2020-12-15T10:41:35.512-0500][gc,heap        ] GC(7987) Survivor regions: 1->1(2)
[2020-12-15T10:41:35.512-0500][gc,heap        ] GC(7987) Old regions: 42->42
[2020-12-15T10:41:35.512-0500][gc,heap        ] GC(7987) Humongous regions: 4->4
[2020-12-15T10:41:35.512-0500][gc,metaspace   ] GC(7987) Metaspace: 49399K->49399K(1093632K)
[2020-12-15T10:41:35.512-0500][gc,heap        ] GC(7987) Heap after GC invocations=7988 (full 1657): garbage-first heap   total 66560K, used 43534K [0x0000000083000000, 0x0000000100000000)
[2020-12-15T10:41:35.512-0500][gc,heap        ] GC(7987)   region size 1024K, 1 young (1024K), 1 survivors (1024K)
[2020-12-15T10:41:35.512-0500][gc,heap        ] GC(7987)  Metaspace       used 49399K, capacity 51450K, committed 53248K, reserved 1093632K
[2020-12-15T10:41:35.512-0500][gc,heap        ] GC(7987)   class space    used 7384K, capacity 8097K, committed 8704K, reserved 1048576K
[2020-12-15T10:41:35.512-0500][gc             ] GC(7987) Pause Young (Normal) (G1 Evacuation Pause) 52M->42M(65M) 3.832ms
[2020-12-15T10:41:35.512-0500][gc,cpu         ] GC(7987) User=0.00s Sys=0.01s Real=0.00s
[2020-12-15T10:41:45.189-0500][gc,task        ] GC(7988) Using 5 workers of 8 for full compaction
[2020-12-15T10:41:45.189-0500][gc,start       ] GC(7988) Pause Full (System.gc())
[2020-12-15T10:41:45.189-0500][gc,heap        ] GC(7988) Heap before GC invocations=7988 (full 1657): garbage-first heap   total 66560K, used 43534K [0x0000000083000000, 0x0000000100000000)
[2020-12-15T10:41:45.189-0500][gc,heap        ] GC(7988)   region size 1024K, 2 young (2048K), 1 survivors (1024K)
[2020-12-15T10:41:45.189-0500][gc,heap        ] GC(7988)  Metaspace       used 49399K, capacity 51450K, committed 53248K, reserved 1093632K
[2020-12-15T10:41:45.189-0500][gc,heap        ] GC(7988)   class space    used 7384K, capacity 8097K, committed 8704K, reserved 1048576K
[2020-12-15T10:41:45.189-0500][gc,phases,start] GC(7988) Phase 1: Mark live objects
[2020-12-15T10:41:45.210-0500][gc,stringtable ] GC(7988) Cleaned string and symbol table, strings: 32745 processed, 5 removed, symbols: 120718 processed, 0 removed
[2020-12-15T10:41:45.210-0500][gc,phases      ] GC(7988) Phase 1: Mark live objects 21.041ms
[2020-12-15T10:41:45.210-0500][gc,phases,start] GC(7988) Phase 2: Prepare for compaction
[2020-12-15T10:41:45.214-0500][gc,phases      ] GC(7988) Phase 2: Prepare for compaction 3.311ms
[2020-12-15T10:41:45.214-0500][gc,phases,start] GC(7988) Phase 3: Adjust pointers
[2020-12-15T10:41:45.226-0500][gc,phases      ] GC(7988) Phase 3: Adjust pointers 12.533ms
[2020-12-15T10:41:45.226-0500][gc,phases,start] GC(7988) Phase 4: Compact heap
[2020-12-15T10:41:45.229-0500][gc,phases      ] GC(7988) Phase 4: Compact heap 2.723ms
[2020-12-15T10:41:45.236-0500][gc,heap        ] GC(7988) Eden regions: 1->0(12)
[2020-12-15T10:41:45.236-0500][gc,heap        ] GC(7988) Survivor regions: 1->0(2)
[2020-12-15T10:41:45.236-0500][gc,heap        ] GC(7988) Old regions: 42->41
[2020-12-15T10:41:45.236-0500][gc,heap        ] GC(7988) Humongous regions: 4->4
[2020-12-15T10:41:45.236-0500][gc,metaspace   ] GC(7988) Metaspace: 49399K->49399K(1093632K)
[2020-12-15T10:41:45.236-0500][gc,heap        ] GC(7988) Heap after GC invocations=7989 (full 1658): garbage-first heap   total 66560K, used 43257K [0x0000000083000000, 0x0000000100000000)
[2020-12-15T10:41:45.236-0500][gc,heap        ] GC(7988)   region size 1024K, 0 young (0K), 0 survivors (0K)
[2020-12-15T10:41:45.236-0500][gc,heap        ] GC(7988)  Metaspace       used 49399K, capacity 51450K, committed 53248K, reserved 1093632K
[2020-12-15T10:41:45.236-0500][gc,heap        ] GC(7988)   class space    used 7384K, capacity 8097K, committed 8704K, reserved 1048576K
[2020-12-15T10:41:45.236-0500][gc             ] GC(7988) Pause Full (System.gc()) 43M->42M(65M) 47.165ms
[2020-12-15T10:41:45.236-0500][gc,cpu         ] GC(7988) User=0.20s Sys=0.00s Real=0.04s
[2020-12-15T10:42:40.782-0500][gc,heap        ] GC(7989) Heap before GC invocations=7989 (full 1658): garbage-first heap   total 66560K, used 54521K [0x0000000083000000, 0x0000000100000000)
[2020-12-15T10:42:40.782-0500][gc,heap        ] GC(7989)   region size 1024K, 12 young (12288K), 0 survivors (0K)
[2020-12-15T10:42:40.782-0500][gc,heap        ] GC(7989)  Metaspace       used 49399K, capacity 51450K, committed 53248K, reserved 1093632K
[2020-12-15T10:42:40.782-0500][gc,heap        ] GC(7989)   class space    used 7384K, capacity 8097K, committed 8704K, reserved 1048576K
[2020-12-15T10:42:40.782-0500][gc,start       ] GC(7989) Pause Young (Concurrent Start) (G1 Evacuation Pause)
[2020-12-15T10:42:40.782-0500][gc,task        ] GC(7989) Using 8 workers of 8 for evacuation
[2020-12-15T10:42:40.790-0500][gc,phases      ] GC(7989)   Pre Evacuate Collection Set: 0.4ms
[2020-12-15T10:42:40.790-0500][gc,phases      ] GC(7989)   Evacuate Collection Set: 4.9ms
[2020-12-15T10:42:40.790-0500][gc,phases      ] GC(7989)   Post Evacuate Collection Set: 2.6ms
[2020-12-15T10:42:40.790-0500][gc,phases      ] GC(7989)   Other: 0.4ms
[2020-12-15T10:42:40.790-0500][gc,heap        ] GC(7989) Eden regions: 12->0(11)
[2020-12-15T10:42:40.790-0500][gc,heap        ] GC(7989) Survivor regions: 0->1(2)
[2020-12-15T10:42:40.790-0500][gc,heap        ] GC(7989) Old regions: 41->41
[2020-12-15T10:42:40.790-0500][gc,heap        ] GC(7989) Humongous regions: 4->4
[2020-12-15T10:42:40.790-0500][gc,metaspace   ] GC(7989) Metaspace: 49399K->49399K(1093632K)
[2020-12-15T10:42:40.790-0500][gc,heap        ] GC(7989) Heap after GC invocations=7990 (full 1658): garbage-first heap   total 66560K, used 43319K [0x0000000083000000, 0x0000000100000000)
[2020-12-15T10:42:40.790-0500][gc,heap        ] GC(7989)   region size 1024K, 1 young (1024K), 1 survivors (1024K)
[2020-12-15T10:42:40.790-0500][gc,heap        ] GC(7989)  Metaspace       used 49399K, capacity 51450K, committed 53248K, reserved 1093632K
[2020-12-15T10:42:40.790-0500][gc,heap        ] GC(7989)   class space    used 7384K, capacity 8097K, committed 8704K, reserved 1048576K
[2020-12-15T10:42:40.790-0500][gc             ] GC(7989) Pause Young (Concurrent Start) (G1 Evacuation Pause) 54M->42M(65M) 8.508ms
[2020-12-15T10:42:40.790-0500][gc,cpu         ] GC(7989) User=0.02s Sys=0.01s Real=0.01s
[2020-12-15T10:42:40.791-0500][gc             ] GC(7990) Concurrent Cycle
[2020-12-15T10:42:40.791-0500][gc,marking     ] GC(7990) Concurrent Clear Claimed Marks
[2020-12-15T10:42:40.791-0500][gc,marking     ] GC(7990) Concurrent Clear Claimed Marks 0.179ms
[2020-12-15T10:42:40.791-0500][gc,marking     ] GC(7990) Concurrent Scan Root Regions
[2020-12-15T10:42:40.792-0500][gc,marking     ] GC(7990) Concurrent Scan Root Regions 1.526ms
[2020-12-15T10:42:40.792-0500][gc,marking     ] GC(7990) Concurrent Mark (497158.179s)
[2020-12-15T10:42:40.792-0500][gc,marking     ] GC(7990) Concurrent Mark From Roots
[2020-12-15T10:42:40.792-0500][gc,task        ] GC(7990) Using 2 workers of 2 for marking
[2020-12-15T10:42:40.843-0500][gc,marking     ] GC(7990) Concurrent Mark From Roots 50.957ms
[2020-12-15T10:42:40.843-0500][gc,marking     ] GC(7990) Concurrent Preclean
[2020-12-15T10:42:40.844-0500][gc,marking     ] GC(7990) Concurrent Preclean 0.137ms
[2020-12-15T10:42:40.844-0500][gc,marking     ] GC(7990) Concurrent Mark (497158.179s, 497158.231s) 51.184ms
[2020-12-15T10:42:40.844-0500][gc,start       ] GC(7990) Pause Remark
[2020-12-15T10:42:40.848-0500][gc,stringtable ] GC(7990) Cleaned string and symbol table, strings: 32745 processed, 0 removed, symbols: 120718 processed, 0 removed
[2020-12-15T10:42:40.849-0500][gc             ] GC(7990) Pause Remark 42M->42M(65M) 4.874ms
[2020-12-15T10:42:40.849-0500][gc,cpu         ] GC(7990) User=0.03s Sys=0.00s Real=0.01s
[2020-12-15T10:42:40.849-0500][gc,marking     ] GC(7990) Concurrent Rebuild Remembered Sets
[2020-12-15T10:42:40.868-0500][gc,marking     ] GC(7990) Concurrent Rebuild Remembered Sets 18.922ms
[2020-12-15T10:42:40.868-0500][gc,start       ] GC(7990) Pause Cleanup
[2020-12-15T10:42:40.868-0500][gc             ] GC(7990) Pause Cleanup 42M->42M(65M) 0.195ms
[2020-12-15T10:42:40.869-0500][gc,cpu         ] GC(7990) User=0.00s Sys=0.00s Real=0.00s
[2020-12-15T10:42:40.869-0500][gc,marking     ] GC(7990) Concurrent Cleanup for Next Mark
[2020-12-15T10:42:40.869-0500][gc,marking     ] GC(7990) Concurrent Cleanup for Next Mark 0.276ms
[2020-12-15T10:42:40.869-0500][gc             ] GC(7990) Concurrent Cycle 78.350ms
[2020-12-15T10:43:35.511-0500][gc,heap        ] GC(7991) Heap before GC invocations=7991 (full 1658): garbage-first heap   total 66560K, used 53559K [0x0000000083000000, 0x0000000100000000)
[2020-12-15T10:43:35.511-0500][gc,heap        ] GC(7991)   region size 1024K, 12 young (12288K), 1 survivors (1024K)
[2020-12-15T10:43:35.511-0500][gc,heap        ] GC(7991)  Metaspace       used 49399K, capacity 51450K, committed 53248K, reserved 1093632K
[2020-12-15T10:43:35.511-0500][gc,heap        ] GC(7991)   class space    used 7384K, capacity 8097K, committed 8704K, reserved 1048576K
[2020-12-15T10:43:35.511-0500][gc,start       ] GC(7991) Pause Young (Normal) (G1 Evacuation Pause)
[2020-12-15T10:43:35.511-0500][gc,task        ] GC(7991) Using 8 workers of 8 for evacuation
[2020-12-15T10:43:35.514-0500][gc,phases      ] GC(7991)   Pre Evacuate Collection Set: 0.0ms
[2020-12-15T10:43:35.514-0500][gc,phases      ] GC(7991)   Evacuate Collection Set: 1.1ms
[2020-12-15T10:43:35.514-0500][gc,phases      ] GC(7991)   Post Evacuate Collection Set: 1.2ms
[2020-12-15T10:43:35.514-0500][gc,phases      ] GC(7991)   Other: 0.3ms
[2020-12-15T10:43:35.514-0500][gc,heap        ] GC(7991) Eden regions: 11->0(11)
[2020-12-15T10:43:35.514-0500][gc,heap        ] GC(7991) Survivor regions: 1->1(2)
[2020-12-15T10:43:35.514-0500][gc,heap        ] GC(7991) Old regions: 41->41
[2020-12-15T10:43:35.514-0500][gc,heap        ] GC(7991) Humongous regions: 4->4
[2020-12-15T10:43:35.514-0500][gc,metaspace   ] GC(7991) Metaspace: 49399K->49399K(1093632K)
[2020-12-15T10:43:35.514-0500][gc,heap        ] GC(7991) Heap after GC invocations=7992 (full 1658): garbage-first heap   total 66560K, used 43469K [0x0000000083000000, 0x0000000100000000)
[2020-12-15T10:43:35.514-0500][gc,heap        ] GC(7991)   region size 1024K, 1 young (1024K), 1 survivors (1024K)
[2020-12-15T10:43:35.514-0500][gc,heap        ] GC(7991)  Metaspace       used 49399K, capacity 51450K, committed 53248K, reserved 1093632K
[2020-12-15T10:43:35.514-0500][gc,heap        ] GC(7991)   class space    used 7384K, capacity 8097K, committed 8704K, reserved 1048576K
[2020-12-15T10:43:35.514-0500][gc             ] GC(7991) Pause Young (Normal) (G1 Evacuation Pause) 53M->42M(65M) 2.705ms
[2020-12-15T10:43:35.514-0500][gc,cpu         ] GC(7991) User=0.01s Sys=0.00s Real=0.00s
[2020-12-15T10:44:25.503-0500][gc,heap        ] GC(7992) Heap before GC invocations=7992 (full 1658): garbage-first heap   total 66560K, used 54733K [0x0000000083000000, 0x0000000100000000)
[2020-12-15T10:44:25.503-0500][gc,heap        ] GC(7992)   region size 1024K, 12 young (12288K), 1 survivors (1024K)
[2020-12-15T10:44:25.503-0500][gc,heap        ] GC(7992)  Metaspace       used 49399K, capacity 51450K, committed 53248K, reserved 1093632K
[2020-12-15T10:44:25.503-0500][gc,heap        ] GC(7992)   class space    used 7384K, capacity 8097K, committed 8704K, reserved 1048576K
[2020-12-15T10:44:25.503-0500][gc,start       ] GC(7992) Pause Young (Concurrent Start) (G1 Evacuation Pause)
[2020-12-15T10:44:25.503-0500][gc,task        ] GC(7992) Using 8 workers of 8 for evacuation
[2020-12-15T10:44:25.509-0500][gc,phases      ] GC(7992)   Pre Evacuate Collection Set: 0.2ms
[2020-12-15T10:44:25.509-0500][gc,phases      ] GC(7992)   Evacuate Collection Set: 2.2ms
[2020-12-15T10:44:25.509-0500][gc,phases      ] GC(7992)   Post Evacuate Collection Set: 2.6ms
[2020-12-15T10:44:25.509-0500][gc,phases      ] GC(7992)   Other: 0.3ms
[2020-12-15T10:44:25.509-0500][gc,heap        ] GC(7992) Eden regions: 11->0(11)
[2020-12-15T10:44:25.509-0500][gc,heap        ] GC(7992) Survivor regions: 1->1(2)
[2020-12-15T10:44:25.509-0500][gc,heap        ] GC(7992) Old regions: 41->41
[2020-12-15T10:44:25.509-0500][gc,heap        ] GC(7992) Humongous regions: 4->4
[2020-12-15T10:44:25.509-0500][gc,metaspace   ] GC(7992) Metaspace: 49399K->49399K(1093632K)
[2020-12-15T10:44:25.509-0500][gc,heap        ] GC(7992) Heap after GC invocations=7993 (full 1658): garbage-first heap   total 66560K, used 43515K [0x0000000083000000, 0x0000000100000000)
[2020-12-15T10:44:25.509-0500][gc,heap        ] GC(7992)   region size 1024K, 1 young (1024K), 1 survivors (1024K)
[2020-12-15T10:44:25.509-0500][gc,heap        ] GC(7992)  Metaspace       used 49399K, capacity 51450K, committed 53248K, reserved 1093632K
[2020-12-15T10:44:25.509-0500][gc,heap        ] GC(7992)   class space    used 7384K, capacity 8097K, committed 8704K, reserved 1048576K
[2020-12-15T10:44:25.509-0500][gc             ] GC(7992) Pause Young (Concurrent Start) (G1 Evacuation Pause) 53M->42M(65M) 5.698ms
[2020-12-15T10:44:25.509-0500][gc,cpu         ] GC(7992) User=0.00s Sys=0.01s Real=0.01s
[2020-12-15T10:44:25.509-0500][gc             ] GC(7993) Concurrent Cycle
[2020-12-15T10:44:25.509-0500][gc,marking     ] GC(7993) Concurrent Clear Claimed Marks
[2020-12-15T10:44:25.510-0500][gc,marking     ] GC(7993) Concurrent Clear Claimed Marks 0.438ms
[2020-12-15T10:44:25.510-0500][gc,marking     ] GC(7993) Concurrent Scan Root Regions
[2020-12-15T10:44:25.511-0500][gc,marking     ] GC(7993) Concurrent Scan Root Regions 1.436ms
[2020-12-15T10:44:25.511-0500][gc,marking     ] GC(7993) Concurrent Mark (497262.898s)
[2020-12-15T10:44:25.511-0500][gc,marking     ] GC(7993) Concurrent Mark From Roots
[2020-12-15T10:44:25.511-0500][gc,task        ] GC(7993) Using 2 workers of 2 for marking
[2020-12-15T10:44:25.559-0500][gc,marking     ] GC(7993) Concurrent Mark From Roots 47.781ms
[2020-12-15T10:44:25.559-0500][gc,marking     ] GC(7993) Concurrent Preclean
[2020-12-15T10:44:25.559-0500][gc,marking     ] GC(7993) Concurrent Preclean 0.235ms
[2020-12-15T10:44:25.560-0500][gc,marking     ] GC(7993) Concurrent Mark (497262.898s, 497262.947s) 48.140ms
[2020-12-15T10:44:25.560-0500][gc,start       ] GC(7993) Pause Remark
[2020-12-15T10:44:25.565-0500][gc,stringtable ] GC(7993) Cleaned string and symbol table, strings: 32745 processed, 0 removed, symbols: 120718 processed, 0 removed
[2020-12-15T10:44:25.566-0500][gc             ] GC(7993) Pause Remark 42M->42M(65M) 5.535ms
[2020-12-15T10:44:25.566-0500][gc,cpu         ] GC(7993) User=0.03s Sys=0.00s Real=0.00s
[2020-12-15T10:44:25.566-0500][gc,marking     ] GC(7993) Concurrent Rebuild Remembered Sets
[2020-12-15T10:44:25.586-0500][gc,marking     ] GC(7993) Concurrent Rebuild Remembered Sets 20.305ms
[2020-12-15T10:44:25.586-0500][gc,start       ] GC(7993) Pause Cleanup
[2020-12-15T10:44:25.587-0500][gc             ] GC(7993) Pause Cleanup 42M->42M(65M) 0.254ms
[2020-12-15T10:44:25.587-0500][gc,cpu         ] GC(7993) User=0.00s Sys=0.00s Real=0.00s
[2020-12-15T10:44:25.587-0500][gc,marking     ] GC(7993) Concurrent Cleanup for Next Mark
[2020-12-15T10:44:25.587-0500][gc,marking     ] GC(7993) Concurrent Cleanup for Next Mark 0.161ms
[2020-12-15T10:44:25.587-0500][gc             ] GC(7993) Concurrent Cycle 77.600ms
[2020-12-15T10:45:15.498-0500][gc,heap        ] GC(7994) Heap before GC invocations=7994 (full 1658): garbage-first heap   total 66560K, used 53755K [0x0000000083000000, 0x0000000100000000)
[2020-12-15T10:45:15.498-0500][gc,heap        ] GC(7994)   region size 1024K, 12 young (12288K), 1 survivors (1024K)
[2020-12-15T10:45:15.498-0500][gc,heap        ] GC(7994)  Metaspace       used 49404K, capacity 51450K, committed 53248K, reserved 1093632K
[2020-12-15T10:45:15.498-0500][gc,heap        ] GC(7994)   class space    used 7386K, capacity 8097K, committed 8704K, reserved 1048576K
[2020-12-15T10:45:15.498-0500][gc,start       ] GC(7994) Pause Young (Normal) (G1 Evacuation Pause)
[2020-12-15T10:45:15.498-0500][gc,task        ] GC(7994) Using 8 workers of 8 for evacuation
[2020-12-15T10:45:15.505-0500][gc,phases      ] GC(7994)   Pre Evacuate Collection Set: 0.0ms
[2020-12-15T10:45:15.505-0500][gc,phases      ] GC(7994)   Evacuate Collection Set: 5.0ms
[2020-12-15T10:45:15.505-0500][gc,phases      ] GC(7994)   Post Evacuate Collection Set: 1.3ms
[2020-12-15T10:45:15.505-0500][gc,phases      ] GC(7994)   Other: 0.4ms
[2020-12-15T10:45:15.505-0500][gc,heap        ] GC(7994) Eden regions: 11->0(11)
[2020-12-15T10:45:15.505-0500][gc,heap        ] GC(7994) Survivor regions: 1->1(2)
[2020-12-15T10:45:15.505-0500][gc,heap        ] GC(7994) Old regions: 41->41
[2020-12-15T10:45:15.505-0500][gc,heap        ] GC(7994) Humongous regions: 4->4
[2020-12-15T10:45:15.505-0500][gc,metaspace   ] GC(7994) Metaspace: 49404K->49404K(1093632K)
[2020-12-15T10:45:15.505-0500][gc,heap        ] GC(7994) Heap after GC invocations=7995 (full 1658): garbage-first heap   total 66560K, used 43541K [0x0000000083000000, 0x0000000100000000)
[2020-12-15T10:45:15.505-0500][gc,heap        ] GC(7994)   region size 1024K, 1 young (1024K), 1 survivors (1024K)
[2020-12-15T10:45:15.505-0500][gc,heap        ] GC(7994)  Metaspace       used 49404K, capacity 51450K, committed 53248K, reserved 1093632K
[2020-12-15T10:45:15.505-0500][gc,heap        ] GC(7994)   class space    used 7386K, capacity 8097K, committed 8704K, reserved 1048576K
[2020-12-15T10:45:15.505-0500][gc             ] GC(7994) Pause Young (Normal) (G1 Evacuation Pause) 53M->42M(65M) 6.757ms
[2020-12-15T10:45:15.505-0500][gc,cpu         ] GC(7994) User=0.03s Sys=0.00s Real=0.00s
[2020-12-15T10:46:06.023-0500][gc,heap        ] GC(7995) Heap before GC invocations=7995 (full 1658): garbage-first heap   total 66560K, used 53781K [0x0000000083000000, 0x0000000100000000)
[2020-12-15T10:46:06.023-0500][gc,heap        ] GC(7995)   region size 1024K, 12 young (12288K), 1 survivors (1024K)
[2020-12-15T10:46:06.023-0500][gc,heap        ] GC(7995)  Metaspace       used 49404K, capacity 51450K, committed 53248K, reserved 1093632K
[2020-12-15T10:46:06.023-0500][gc,heap        ] GC(7995)   class space    used 7386K, capacity 8097K, committed 8704K, reserved 1048576K
[2020-12-15T10:46:06.023-0500][gc,start       ] GC(7995) Pause Young (Concurrent Start) (G1 Evacuation Pause)
[2020-12-15T10:46:06.023-0500][gc,task        ] GC(7995) Using 8 workers of 8 for evacuation
[2020-12-15T10:46:06.031-0500][gc,phases      ] GC(7995)   Pre Evacuate Collection Set: 0.3ms
[2020-12-15T10:46:06.031-0500][gc,phases      ] GC(7995)   Evacuate Collection Set: 4.8ms
[2020-12-15T10:46:06.031-0500][gc,phases      ] GC(7995)   Post Evacuate Collection Set: 2.2ms
[2020-12-15T10:46:06.031-0500][gc,phases      ] GC(7995)   Other: 0.9ms
[2020-12-15T10:46:06.031-0500][gc,heap        ] GC(7995) Eden regions: 11->0(11)
[2020-12-15T10:46:06.031-0500][gc,heap        ] GC(7995) Survivor regions: 1->1(2)
[2020-12-15T10:46:06.031-0500][gc,heap        ] GC(7995) Old regions: 41->41
[2020-12-15T10:46:06.031-0500][gc,heap        ] GC(7995) Humongous regions: 4->4
[2020-12-15T10:46:06.031-0500][gc,metaspace   ] GC(7995) Metaspace: 49404K->49404K(1093632K)
[2020-12-15T10:46:06.031-0500][gc,heap        ] GC(7995) Heap after GC invocations=7996 (full 1658): garbage-first heap   total 66560K, used 43388K [0x0000000083000000, 0x0000000100000000)
[2020-12-15T10:46:06.031-0500][gc,heap        ] GC(7995)   region size 1024K, 1 young (1024K), 1 survivors (1024K)
[2020-12-15T10:46:06.031-0500][gc,heap        ] GC(7995)  Metaspace       used 49404K, capacity 51450K, committed 53248K, reserved 1093632K
[2020-12-15T10:46:06.031-0500][gc,heap        ] GC(7995)   class space    used 7386K, capacity 8097K, committed 8704K, reserved 1048576K
[2020-12-15T10:46:06.031-0500][gc             ] GC(7995) Pause Young (Concurrent Start) (G1 Evacuation Pause) 53M->42M(65M) 8.163ms
[2020-12-15T10:46:06.031-0500][gc,cpu         ] GC(7995) User=0.01s Sys=0.01s Real=0.01s
[2020-12-15T10:46:06.031-0500][gc             ] GC(7996) Concurrent Cycle
[2020-12-15T10:46:06.032-0500][gc,marking     ] GC(7996) Concurrent Clear Claimed Marks
[2020-12-15T10:46:06.032-0500][gc,marking     ] GC(7996) Concurrent Clear Claimed Marks 0.219ms
[2020-12-15T10:46:06.032-0500][gc,marking     ] GC(7996) Concurrent Scan Root Regions
[2020-12-15T10:46:06.034-0500][gc,marking     ] GC(7996) Concurrent Scan Root Regions 1.956ms
[2020-12-15T10:46:06.034-0500][gc,marking     ] GC(7996) Concurrent Mark (497363.421s)
[2020-12-15T10:46:06.034-0500][gc,marking     ] GC(7996) Concurrent Mark From Roots
[2020-12-15T10:46:06.034-0500][gc,task        ] GC(7996) Using 2 workers of 2 for marking
[2020-12-15T10:46:06.090-0500][gc,marking     ] GC(7996) Concurrent Mark From Roots 56.403ms
[2020-12-15T10:46:06.090-0500][gc,marking     ] GC(7996) Concurrent Preclean
[2020-12-15T10:46:06.091-0500][gc,marking     ] GC(7996) Concurrent Preclean 0.165ms
[2020-12-15T10:46:06.091-0500][gc,marking     ] GC(7996) Concurrent Mark (497363.421s, 497363.478s) 56.682ms
[2020-12-15T10:46:06.091-0500][gc,start       ] GC(7996) Pause Remark
[2020-12-15T10:46:06.095-0500][gc,stringtable ] GC(7996) Cleaned string and symbol table, strings: 32747 processed, 0 removed, symbols: 120723 processed, 0 removed
[2020-12-15T10:46:06.096-0500][gc             ] GC(7996) Pause Remark 42M->42M(65M) 4.592ms
[2020-12-15T10:46:06.096-0500][gc,cpu         ] GC(7996) User=0.03s Sys=0.00s Real=0.00s
[2020-12-15T10:46:06.096-0500][gc,marking     ] GC(7996) Concurrent Rebuild Remembered Sets
[2020-12-15T10:46:06.115-0500][gc,marking     ] GC(7996) Concurrent Rebuild Remembered Sets 18.987ms
[2020-12-15T10:46:06.115-0500][gc,start       ] GC(7996) Pause Cleanup
[2020-12-15T10:46:06.115-0500][gc             ] GC(7996) Pause Cleanup 42M->42M(65M) 0.247ms
[2020-12-15T10:46:06.115-0500][gc,cpu         ] GC(7996) User=0.00s Sys=0.00s Real=0.00s
[2020-12-15T10:46:06.115-0500][gc,marking     ] GC(7996) Concurrent Cleanup for Next Mark
[2020-12-15T10:46:06.116-0500][gc,marking     ] GC(7996) Concurrent Cleanup for Next Mark 0.222ms
[2020-12-15T10:46:06.116-0500][gc             ] GC(7996) Concurrent Cycle 84.258ms
[2020-12-15T10:46:45.191-0500][gc,task        ] GC(7997) Using 5 workers of 8 for full compaction
[2020-12-15T10:46:45.191-0500][gc,start       ] GC(7997) Pause Full (System.gc())
[2020-12-15T10:46:45.191-0500][gc,heap        ] GC(7997) Heap before GC invocations=7997 (full 1658): garbage-first heap   total 66560K, used 48508K [0x0000000083000000, 0x0000000100000000)
[2020-12-15T10:46:45.191-0500][gc,heap        ] GC(7997)   region size 1024K, 8 young (8192K), 1 survivors (1024K)
[2020-12-15T10:46:45.191-0500][gc,heap        ] GC(7997)  Metaspace       used 49404K, capacity 51450K, committed 53248K, reserved 1093632K
[2020-12-15T10:46:45.191-0500][gc,heap        ] GC(7997)   class space    used 7386K, capacity 8097K, committed 8704K, reserved 1048576K
[2020-12-15T10:46:45.192-0500][gc,phases,start] GC(7997) Phase 1: Mark live objects
[2020-12-15T10:46:45.215-0500][gc,stringtable ] GC(7997) Cleaned string and symbol table, strings: 32747 processed, 5 removed, symbols: 120723 processed, 0 removed
[2020-12-15T10:46:45.215-0500][gc,phases      ] GC(7997) Phase 1: Mark live objects 23.017ms
[2020-12-15T10:46:45.215-0500][gc,phases,start] GC(7997) Phase 2: Prepare for compaction
[2020-12-15T10:46:45.218-0500][gc,phases      ] GC(7997) Phase 2: Prepare for compaction 3.663ms
[2020-12-15T10:46:45.218-0500][gc,phases,start] GC(7997) Phase 3: Adjust pointers
[2020-12-15T10:46:45.232-0500][gc,phases      ] GC(7997) Phase 3: Adjust pointers 13.384ms
[2020-12-15T10:46:45.232-0500][gc,phases,start] GC(7997) Phase 4: Compact heap
[2020-12-15T10:46:45.234-0500][gc,phases      ] GC(7997) Phase 4: Compact heap 2.566ms
[2020-12-15T10:46:45.241-0500][gc,heap        ] GC(7997) Eden regions: 7->0(11)
[2020-12-15T10:46:45.241-0500][gc,heap        ] GC(7997) Survivor regions: 1->0(2)
[2020-12-15T10:46:45.241-0500][gc,heap        ] GC(7997) Old regions: 41->42
[2020-12-15T10:46:45.241-0500][gc,heap        ] GC(7997) Humongous regions: 4->4
[2020-12-15T10:46:45.241-0500][gc,metaspace   ] GC(7997) Metaspace: 49404K->49404K(1093632K)
[2020-12-15T10:46:45.241-0500][gc,heap        ] GC(7997) Heap after GC invocations=7998 (full 1659): garbage-first heap   total 66560K, used 43270K [0x0000000083000000, 0x0000000100000000)
[2020-12-15T10:46:45.241-0500][gc,heap        ] GC(7997)   region size 1024K, 0 young (0K), 0 survivors (0K)
[2020-12-15T10:46:45.241-0500][gc,heap        ] GC(7997)  Metaspace       used 49404K, capacity 51450K, committed 53248K, reserved 1093632K
[2020-12-15T10:46:45.241-0500][gc,heap        ] GC(7997)   class space    used 7386K, capacity 8097K, committed 8704K, reserved 1048576K
[2020-12-15T10:46:45.241-0500][gc             ] GC(7997) Pause Full (System.gc()) 48M->42M(65M) 50.118ms
[2020-12-15T10:46:45.242-0500][gc,cpu         ] GC(7997) User=0.21s Sys=0.00s Real=0.05s
[2020-12-15T10:47:35.511-0500][gc,heap        ] GC(7998) Heap before GC invocations=7998 (full 1659): garbage-first heap   total 66560K, used 53510K [0x0000000083000000, 0x0000000100000000)
[2020-12-15T10:47:35.511-0500][gc,heap        ] GC(7998)   region size 1024K, 11 young (11264K), 0 survivors (0K)
[2020-12-15T10:47:35.511-0500][gc,heap        ] GC(7998)  Metaspace       used 49404K, capacity 51450K, committed 53248K, reserved 1093632K
[2020-12-15T10:47:35.511-0500][gc,heap        ] GC(7998)   class space    used 7386K, capacity 8097K, committed 8704K, reserved 1048576K
[2020-12-15T10:47:35.511-0500][gc,start       ] GC(7998) Pause Young (Concurrent Start) (G1 Evacuation Pause)
[2020-12-15T10:47:35.511-0500][gc,task        ] GC(7998) Using 8 workers of 8 for evacuation
[2020-12-15T10:47:35.517-0500][gc,phases      ] GC(7998)   Pre Evacuate Collection Set: 0.3ms
[2020-12-15T10:47:35.517-0500][gc,phases      ] GC(7998)   Evacuate Collection Set: 3.6ms
[2020-12-15T10:47:35.517-0500][gc,phases      ] GC(7998)   Post Evacuate Collection Set: 1.9ms
[2020-12-15T10:47:35.517-0500][gc,phases      ] GC(7998)   Other: 0.5ms
[2020-12-15T10:47:35.517-0500][gc,heap        ] GC(7998) Eden regions: 11->0(10)
[2020-12-15T10:47:35.517-0500][gc,heap        ] GC(7998) Survivor regions: 0->1(2)
[2020-12-15T10:47:35.517-0500][gc,heap        ] GC(7998) Old regions: 42->42
[2020-12-15T10:47:35.517-0500][gc,heap        ] GC(7998) Humongous regions: 4->4
[2020-12-15T10:47:35.517-0500][gc,metaspace   ] GC(7998) Metaspace: 49404K->49404K(1093632K)
[2020-12-15T10:47:35.517-0500][gc,heap        ] GC(7998) Heap after GC invocations=7999 (full 1659): garbage-first heap   total 66560K, used 43491K [0x0000000083000000, 0x0000000100000000)
[2020-12-15T10:47:35.517-0500][gc,heap        ] GC(7998)   region size 1024K, 1 young (1024K), 1 survivors (1024K)
[2020-12-15T10:47:35.517-0500][gc,heap        ] GC(7998)  Metaspace       used 49404K, capacity 51450K, committed 53248K, reserved 1093632K
[2020-12-15T10:47:35.517-0500][gc,heap        ] GC(7998)   class space    used 7386K, capacity 8097K, committed 8704K, reserved 1048576K
[2020-12-15T10:47:35.517-0500][gc             ] GC(7998) Pause Young (Concurrent Start) (G1 Evacuation Pause) 53M->42M(65M) 6.412ms
[2020-12-15T10:47:35.517-0500][gc,cpu         ] GC(7998) User=0.02s Sys=0.00s Real=0.00s
[2020-12-15T10:47:35.518-0500][gc             ] GC(7999) Concurrent Cycle
[2020-12-15T10:47:35.518-0500][gc,marking     ] GC(7999) Concurrent Clear Claimed Marks
[2020-12-15T10:47:35.518-0500][gc,marking     ] GC(7999) Concurrent Clear Claimed Marks 0.206ms
[2020-12-15T10:47:35.518-0500][gc,marking     ] GC(7999) Concurrent Scan Root Regions
[2020-12-15T10:47:35.519-0500][gc,marking     ] GC(7999) Concurrent Scan Root Regions 0.990ms
[2020-12-15T10:47:35.519-0500][gc,marking     ] GC(7999) Concurrent Mark (497452.906s)
[2020-12-15T10:47:35.519-0500][gc,marking     ] GC(7999) Concurrent Mark From Roots
[2020-12-15T10:47:35.519-0500][gc,task        ] GC(7999) Using 2 workers of 2 for marking
[2020-12-15T10:47:35.568-0500][gc,marking     ] GC(7999) Concurrent Mark From Roots 49.576ms
[2020-12-15T10:47:35.568-0500][gc,marking     ] GC(7999) Concurrent Preclean
[2020-12-15T10:47:35.569-0500][gc,marking     ] GC(7999) Concurrent Preclean 0.148ms
[2020-12-15T10:47:35.569-0500][gc,marking     ] GC(7999) Concurrent Mark (497452.906s, 497452.956s) 49.806ms
[2020-12-15T10:47:35.569-0500][gc,start       ] GC(7999) Pause Remark
[2020-12-15T10:47:35.574-0500][gc,stringtable ] GC(7999) Cleaned string and symbol table, strings: 32747 processed, 0 removed, symbols: 120723 processed, 0 removed
[2020-12-15T10:47:35.575-0500][gc             ] GC(7999) Pause Remark 43M->43M(65M) 5.757ms
[2020-12-15T10:47:35.575-0500][gc,cpu         ] GC(7999) User=0.03s Sys=0.00s Real=0.00s
[2020-12-15T10:47:35.575-0500][gc,marking     ] GC(7999) Concurrent Rebuild Remembered Sets
[2020-12-15T10:47:35.594-0500][gc,marking     ] GC(7999) Concurrent Rebuild Remembered Sets 18.934ms
[2020-12-15T10:47:35.594-0500][gc,start       ] GC(7999) Pause Cleanup
[2020-12-15T10:47:35.594-0500][gc             ] GC(7999) Pause Cleanup 43M->43M(65M) 0.334ms
[2020-12-15T10:47:35.594-0500][gc,cpu         ] GC(7999) User=0.00s Sys=0.00s Real=0.00s
[2020-12-15T10:47:35.594-0500][gc,marking     ] GC(7999) Concurrent Cleanup for Next Mark
[2020-12-15T10:47:35.595-0500][gc,marking     ] GC(7999) Concurrent Cleanup for Next Mark 0.118ms
[2020-12-15T10:47:35.595-0500][gc             ] GC(7999) Concurrent Cycle 77.074ms
[2020-12-15T10:48:23.579-0500][gc,heap        ] GC(8000) Heap before GC invocations=8000 (full 1659): garbage-first heap   total 66560K, used 52707K [0x0000000083000000, 0x0000000100000000)
[2020-12-15T10:48:23.579-0500][gc,heap        ] GC(8000)   region size 1024K, 11 young (11264K), 1 survivors (1024K)
[2020-12-15T10:48:23.579-0500][gc,heap        ] GC(8000)  Metaspace       used 49404K, capacity 51450K, committed 53248K, reserved 1093632K
[2020-12-15T10:48:23.579-0500][gc,heap        ] GC(8000)   class space    used 7386K, capacity 8097K, committed 8704K, reserved 1048576K
[2020-12-15T10:48:23.579-0500][gc,start       ] GC(8000) Pause Young (Normal) (G1 Evacuation Pause)
[2020-12-15T10:48:23.579-0500][gc,task        ] GC(8000) Using 8 workers of 8 for evacuation
[2020-12-15T10:48:23.581-0500][gc,phases      ] GC(8000)   Pre Evacuate Collection Set: 0.0ms
[2020-12-15T10:48:23.581-0500][gc,phases      ] GC(8000)   Evacuate Collection Set: 0.8ms
[2020-12-15T10:48:23.581-0500][gc,phases      ] GC(8000)   Post Evacuate Collection Set: 0.9ms
[2020-12-15T10:48:23.581-0500][gc,phases      ] GC(8000)   Other: 0.2ms
[2020-12-15T10:48:23.581-0500][gc,heap        ] GC(8000) Eden regions: 10->0(10)
[2020-12-15T10:48:23.581-0500][gc,heap        ] GC(8000) Survivor regions: 1->1(2)
[2020-12-15T10:48:23.581-0500][gc,heap        ] GC(8000) Old regions: 42->42
[2020-12-15T10:48:23.581-0500][gc,heap        ] GC(8000) Humongous regions: 4->4
[2020-12-15T10:48:23.581-0500][gc,metaspace   ] GC(8000) Metaspace: 49404K->49404K(1093632K)
[2020-12-15T10:48:23.581-0500][gc,heap        ] GC(8000) Heap after GC invocations=8001 (full 1659): garbage-first heap   total 66560K, used 43374K [0x0000000083000000, 0x0000000100000000)
[2020-12-15T10:48:23.581-0500][gc,heap        ] GC(8000)   region size 1024K, 1 young (1024K), 1 survivors (1024K)
[2020-12-15T10:48:23.581-0500][gc,heap        ] GC(8000)  Metaspace       used 49404K, capacity 51450K, committed 53248K, reserved 1093632K
[2020-12-15T10:48:23.581-0500][gc,heap        ] GC(8000)   class space    used 7386K, capacity 8097K, committed 8704K, reserved 1048576K
[2020-12-15T10:48:23.581-0500][gc             ] GC(8000) Pause Young (Normal) (G1 Evacuation Pause) 52M->42M(65M) 1.924ms
[2020-12-15T10:48:23.581-0500][gc,cpu         ] GC(8000) User=0.01s Sys=0.01s Real=0.00s
[2020-12-15T10:49:06.017-0500][gc,heap        ] GC(8001) Heap before GC invocations=8001 (full 1659): garbage-first heap   total 66560K, used 52590K [0x0000000083000000, 0x0000000100000000)
[2020-12-15T10:49:06.017-0500][gc,heap        ] GC(8001)   region size 1024K, 11 young (11264K), 1 survivors (1024K)
[2020-12-15T10:49:06.017-0500][gc,heap        ] GC(8001)  Metaspace       used 49404K, capacity 51450K, committed 53248K, reserved 1093632K
[2020-12-15T10:49:06.017-0500][gc,heap        ] GC(8001)   class space    used 7386K, capacity 8097K, committed 8704K, reserved 1048576K
[2020-12-15T10:49:06.017-0500][gc,start       ] GC(8001) Pause Young (Concurrent Start) (G1 Evacuation Pause)
[2020-12-15T10:49:06.017-0500][gc,task        ] GC(8001) Using 8 workers of 8 for evacuation
[2020-12-15T10:49:06.029-0500][gc,phases      ] GC(8001)   Pre Evacuate Collection Set: 0.4ms
[2020-12-15T10:49:06.029-0500][gc,phases      ] GC(8001)   Evacuate Collection Set: 4.4ms
[2020-12-15T10:49:06.029-0500][gc,phases      ] GC(8001)   Post Evacuate Collection Set: 6.8ms
[2020-12-15T10:49:06.029-0500][gc,phases      ] GC(8001)   Other: 0.5ms
[2020-12-15T10:49:06.029-0500][gc,heap        ] GC(8001) Eden regions: 10->0(10)
[2020-12-15T10:49:06.029-0500][gc,heap        ] GC(8001) Survivor regions: 1->1(2)
[2020-12-15T10:49:06.029-0500][gc,heap        ] GC(8001) Old regions: 42->42
[2020-12-15T10:49:06.029-0500][gc,heap        ] GC(8001) Humongous regions: 4->4
[2020-12-15T10:49:06.029-0500][gc,metaspace   ] GC(8001) Metaspace: 49404K->49404K(1093632K)
[2020-12-15T10:49:06.029-0500][gc,heap        ] GC(8001) Heap after GC invocations=8002 (full 1659): garbage-first heap   total 66560K, used 43371K [0x0000000083000000, 0x0000000100000000)
[2020-12-15T10:49:06.030-0500][gc,heap        ] GC(8001)   region size 1024K, 1 young (1024K), 1 survivors (1024K)
[2020-12-15T10:49:06.030-0500][gc,heap        ] GC(8001)  Metaspace       used 49404K, capacity 51450K, committed 53248K, reserved 1093632K
[2020-12-15T10:49:06.030-0500][gc,heap        ] GC(8001)   class space    used 7386K, capacity 8097K, committed 8704K, reserved 1048576K
[2020-12-15T10:49:06.030-0500][gc             ] GC(8001) Pause Young (Concurrent Start) (G1 Evacuation Pause) 52M->42M(65M) 12.262ms
[2020-12-15T10:49:06.030-0500][gc,cpu         ] GC(8001) User=0.06s Sys=0.00s Real=0.02s
[2020-12-15T10:49:06.030-0500][gc             ] GC(8002) Concurrent Cycle
[2020-12-15T10:49:06.030-0500][gc,marking     ] GC(8002) Concurrent Clear Claimed Marks
[2020-12-15T10:49:06.031-0500][gc,marking     ] GC(8002) Concurrent Clear Claimed Marks 0.338ms
[2020-12-15T10:49:06.031-0500][gc,marking     ] GC(8002) Concurrent Scan Root Regions
[2020-12-15T10:49:06.032-0500][gc,marking     ] GC(8002) Concurrent Scan Root Regions 1.534ms
[2020-12-15T10:49:06.032-0500][gc,marking     ] GC(8002) Concurrent Mark (497543.419s)
[2020-12-15T10:49:06.032-0500][gc,marking     ] GC(8002) Concurrent Mark From Roots
[2020-12-15T10:49:06.032-0500][gc,task        ] GC(8002) Using 2 workers of 2 for marking
[2020-12-15T10:49:06.094-0500][gc,marking     ] GC(8002) Concurrent Mark From Roots 62.012ms
[2020-12-15T10:49:06.094-0500][gc,marking     ] GC(8002) Concurrent Preclean
[2020-12-15T10:49:06.095-0500][gc,marking     ] GC(8002) Concurrent Preclean 0.151ms
[2020-12-15T10:49:06.095-0500][gc,marking     ] GC(8002) Concurrent Mark (497543.419s, 497543.482s) 62.272ms
[2020-12-15T10:49:06.095-0500][gc,start       ] GC(8002) Pause Remark
[2020-12-15T10:49:06.099-0500][gc,stringtable ] GC(8002) Cleaned string and symbol table, strings: 32747 processed, 0 removed, symbols: 120723 processed, 0 removed
[2020-12-15T10:49:06.099-0500][gc             ] GC(8002) Pause Remark 42M->42M(65M) 4.496ms
[2020-12-15T10:49:06.099-0500][gc,cpu         ] GC(8002) User=0.03s Sys=0.00s Real=0.01s
[2020-12-15T10:49:06.100-0500][gc,marking     ] GC(8002) Concurrent Rebuild Remembered Sets
[2020-12-15T10:49:06.121-0500][gc,marking     ] GC(8002) Concurrent Rebuild Remembered Sets 21.712ms
[2020-12-15T10:49:06.122-0500][gc,start       ] GC(8002) Pause Cleanup
[2020-12-15T10:49:06.122-0500][gc             ] GC(8002) Pause Cleanup 42M->42M(65M) 0.232ms
[2020-12-15T10:49:06.122-0500][gc,cpu         ] GC(8002) User=0.00s Sys=0.00s Real=0.00s
[2020-12-15T10:49:06.122-0500][gc,marking     ] GC(8002) Concurrent Cleanup for Next Mark
[2020-12-15T10:49:06.122-0500][gc,marking     ] GC(8002) Concurrent Cleanup for Next Mark 0.165ms
[2020-12-15T10:49:06.122-0500][gc             ] GC(8002) Concurrent Cycle 92.060ms
[2020-12-15T10:49:55.525-0500][gc,heap        ] GC(8003) Heap before GC invocations=8003 (full 1659): garbage-first heap   total 66560K, used 52587K [0x0000000083000000, 0x0000000100000000)
[2020-12-15T10:49:55.525-0500][gc,heap        ] GC(8003)   region size 1024K, 11 young (11264K), 1 survivors (1024K)
[2020-12-15T10:49:55.525-0500][gc,heap        ] GC(8003)  Metaspace       used 49404K, capacity 51450K, committed 53248K, reserved 1093632K
[2020-12-15T10:49:55.525-0500][gc,heap        ] GC(8003)   class space    used 7386K, capacity 8097K, committed 8704K, reserved 1048576K
[2020-12-15T10:49:55.525-0500][gc,start       ] GC(8003) Pause Young (Normal) (G1 Evacuation Pause)
[2020-12-15T10:49:55.525-0500][gc,task        ] GC(8003) Using 8 workers of 8 for evacuation
[2020-12-15T10:49:55.528-0500][gc,phases      ] GC(8003)   Pre Evacuate Collection Set: 0.0ms
[2020-12-15T10:49:55.528-0500][gc,phases      ] GC(8003)   Evacuate Collection Set: 1.2ms
[2020-12-15T10:49:55.528-0500][gc,phases      ] GC(8003)   Post Evacuate Collection Set: 1.5ms
[2020-12-15T10:49:55.528-0500][gc,phases      ] GC(8003)   Other: 0.3ms
[2020-12-15T10:49:55.528-0500][gc,heap        ] GC(8003) Eden regions: 10->0(10)
[2020-12-15T10:49:55.528-0500][gc,heap        ] GC(8003) Survivor regions: 1->1(2)
[2020-12-15T10:49:55.528-0500][gc,heap        ] GC(8003) Old regions: 42->42
[2020-12-15T10:49:55.528-0500][gc,heap        ] GC(8003) Humongous regions: 4->4
[2020-12-15T10:49:55.528-0500][gc,metaspace   ] GC(8003) Metaspace: 49404K->49404K(1093632K)
[2020-12-15T10:49:55.528-0500][gc,heap        ] GC(8003) Heap after GC invocations=8004 (full 1659): garbage-first heap   total 66560K, used 43387K [0x0000000083000000, 0x0000000100000000)
[2020-12-15T10:49:55.528-0500][gc,heap        ] GC(8003)   region size 1024K, 1 young (1024K), 1 survivors (1024K)
[2020-12-15T10:49:55.528-0500][gc,heap        ] GC(8003)  Metaspace       used 49404K, capacity 51450K, committed 53248K, reserved 1093632K
[2020-12-15T10:49:55.528-0500][gc,heap        ] GC(8003)   class space    used 7386K, capacity 8097K, committed 8704K, reserved 1048576K
[2020-12-15T10:49:55.528-0500][gc             ] GC(8003) Pause Young (Normal) (G1 Evacuation Pause) 52M->42M(65M) 3.285ms
[2020-12-15T10:49:55.528-0500][gc,cpu         ] GC(8003) User=0.01s Sys=0.00s Real=0.01s
[2020-12-15T10:50:45.519-0500][gc,heap        ] GC(8004) Heap before GC invocations=8004 (full 1659): garbage-first heap   total 66560K, used 52603K [0x0000000083000000, 0x0000000100000000)
[2020-12-15T10:50:45.519-0500][gc,heap        ] GC(8004)   region size 1024K, 11 young (11264K), 1 survivors (1024K)
[2020-12-15T10:50:45.520-0500][gc,heap        ] GC(8004)  Metaspace       used 49404K, capacity 51450K, committed 53248K, reserved 1093632K
[2020-12-15T10:50:45.520-0500][gc,heap        ] GC(8004)   class space    used 7386K, capacity 8097K, committed 8704K, reserved 1048576K
[2020-12-15T10:50:45.520-0500][gc,start       ] GC(8004) Pause Young (Concurrent Start) (G1 Evacuation Pause)
[2020-12-15T10:50:45.520-0500][gc,task        ] GC(8004) Using 8 workers of 8 for evacuation
[2020-12-15T10:50:45.531-0500][gc,phases      ] GC(8004)   Pre Evacuate Collection Set: 0.3ms
[2020-12-15T10:50:45.531-0500][gc,phases      ] GC(8004)   Evacuate Collection Set: 8.5ms
[2020-12-15T10:50:45.531-0500][gc,phases      ] GC(8004)   Post Evacuate Collection Set: 2.3ms
[2020-12-15T10:50:45.531-0500][gc,phases      ] GC(8004)   Other: 0.7ms
[2020-12-15T10:50:45.531-0500][gc,heap        ] GC(8004) Eden regions: 10->0(10)
[2020-12-15T10:50:45.531-0500][gc,heap        ] GC(8004) Survivor regions: 1->1(2)
[2020-12-15T10:50:45.531-0500][gc,heap        ] GC(8004) Old regions: 42->42
[2020-12-15T10:50:45.531-0500][gc,heap        ] GC(8004) Humongous regions: 4->4
[2020-12-15T10:50:45.531-0500][gc,metaspace   ] GC(8004) Metaspace: 49404K->49404K(1093632K)
[2020-12-15T10:50:45.532-0500][gc,heap        ] GC(8004) Heap after GC invocations=8005 (full 1659): garbage-first heap   total 66560K, used 43534K [0x0000000083000000, 0x0000000100000000)
[2020-12-15T10:50:45.532-0500][gc,heap        ] GC(8004)   region size 1024K, 1 young (1024K), 1 survivors (1024K)
[2020-12-15T10:50:45.532-0500][gc,heap        ] GC(8004)  Metaspace       used 49404K, capacity 51450K, committed 53248K, reserved 1093632K
[2020-12-15T10:50:45.532-0500][gc,heap        ] GC(8004)   class space    used 7386K, capacity 8097K, committed 8704K, reserved 1048576K
[2020-12-15T10:50:45.532-0500][gc             ] GC(8004) Pause Young (Concurrent Start) (G1 Evacuation Pause) 52M->42M(65M) 11.940ms
[2020-12-15T10:50:45.532-0500][gc,cpu         ] GC(8004) User=0.02s Sys=0.01s Real=0.01s
[2020-12-15T10:50:45.532-0500][gc             ] GC(8005) Concurrent Cycle
[2020-12-15T10:50:45.532-0500][gc,marking     ] GC(8005) Concurrent Clear Claimed Marks
[2020-12-15T10:50:45.532-0500][gc,marking     ] GC(8005) Concurrent Clear Claimed Marks 0.227ms
[2020-12-15T10:50:45.532-0500][gc,marking     ] GC(8005) Concurrent Scan Root Regions
[2020-12-15T10:50:45.534-0500][gc,marking     ] GC(8005) Concurrent Scan Root Regions 1.936ms
[2020-12-15T10:50:45.534-0500][gc,marking     ] GC(8005) Concurrent Mark (497642.921s)
[2020-12-15T10:50:45.534-0500][gc,marking     ] GC(8005) Concurrent Mark From Roots
[2020-12-15T10:50:45.534-0500][gc,task        ] GC(8005) Using 2 workers of 2 for marking
[2020-12-15T10:50:45.596-0500][gc,marking     ] GC(8005) Concurrent Mark From Roots 62.006ms
[2020-12-15T10:50:45.596-0500][gc,marking     ] GC(8005) Concurrent Preclean
[2020-12-15T10:50:45.597-0500][gc,marking     ] GC(8005) Concurrent Preclean 0.151ms
[2020-12-15T10:50:45.597-0500][gc,marking     ] GC(8005) Concurrent Mark (497642.921s, 497642.984s) 62.250ms
[2020-12-15T10:50:45.597-0500][gc,start       ] GC(8005) Pause Remark
[2020-12-15T10:50:45.601-0500][gc,stringtable ] GC(8005) Cleaned string and symbol table, strings: 32747 processed, 0 removed, symbols: 120723 processed, 0 removed
[2020-12-15T10:50:45.602-0500][gc             ] GC(8005) Pause Remark 43M->43M(65M) 4.920ms
[2020-12-15T10:50:45.602-0500][gc,cpu         ] GC(8005) User=0.03s Sys=0.00s Real=0.01s
[2020-12-15T10:50:45.602-0500][gc,marking     ] GC(8005) Concurrent Rebuild Remembered Sets
[2020-12-15T10:50:45.621-0500][gc,marking     ] GC(8005) Concurrent Rebuild Remembered Sets 18.856ms
[2020-12-15T10:50:45.621-0500][gc,start       ] GC(8005) Pause Cleanup
[2020-12-15T10:50:45.621-0500][gc             ] GC(8005) Pause Cleanup 43M->43M(65M) 0.187ms
[2020-12-15T10:50:45.621-0500][gc,cpu         ] GC(8005) User=0.00s Sys=0.00s Real=0.00s
[2020-12-15T10:50:45.621-0500][gc,marking     ] GC(8005) Concurrent Cleanup for Next Mark
[2020-12-15T10:50:45.622-0500][gc,marking     ] GC(8005) Concurrent Cleanup for Next Mark 0.169ms
[2020-12-15T10:50:45.622-0500][gc             ] GC(8005) Concurrent Cycle 89.717ms
[2020-12-15T10:51:35.501-0500][gc,heap        ] GC(8006) Heap before GC invocations=8006 (full 1659): garbage-first heap   total 66560K, used 52750K [0x0000000083000000, 0x0000000100000000)
[2020-12-15T10:51:35.502-0500][gc,heap        ] GC(8006)   region size 1024K, 11 young (11264K), 1 survivors (1024K)
[2020-12-15T10:51:35.502-0500][gc,heap        ] GC(8006)  Metaspace       used 49404K, capacity 51450K, committed 53248K, reserved 1093632K
[2020-12-15T10:51:35.502-0500][gc,heap        ] GC(8006)   class space    used 7386K, capacity 8097K, committed 8704K, reserved 1048576K
[2020-12-15T10:51:35.502-0500][gc,start       ] GC(8006) Pause Young (Normal) (G1 Evacuation Pause)
[2020-12-15T10:51:35.502-0500][gc,task        ] GC(8006) Using 8 workers of 8 for evacuation
[2020-12-15T10:51:35.507-0500][gc,phases      ] GC(8006)   Pre Evacuate Collection Set: 0.0ms
[2020-12-15T10:51:35.507-0500][gc,phases      ] GC(8006)   Evacuate Collection Set: 4.4ms
[2020-12-15T10:51:35.507-0500][gc,phases      ] GC(8006)   Post Evacuate Collection Set: 0.9ms
[2020-12-15T10:51:35.507-0500][gc,phases      ] GC(8006)   Other: 0.2ms
[2020-12-15T10:51:35.507-0500][gc,heap        ] GC(8006) Eden regions: 10->0(10)
[2020-12-15T10:51:35.507-0500][gc,heap        ] GC(8006) Survivor regions: 1->1(2)
[2020-12-15T10:51:35.507-0500][gc,heap        ] GC(8006) Old regions: 42->42
[2020-12-15T10:51:35.507-0500][gc,heap        ] GC(8006) Humongous regions: 4->4
[2020-12-15T10:51:35.507-0500][gc,metaspace   ] GC(8006) Metaspace: 49404K->49404K(1093632K)
[2020-12-15T10:51:35.507-0500][gc,heap        ] GC(8006) Heap after GC invocations=8007 (full 1659): garbage-first heap   total 66560K, used 43456K [0x0000000083000000, 0x0000000100000000)
[2020-12-15T10:51:35.507-0500][gc,heap        ] GC(8006)   region size 1024K, 1 young (1024K), 1 survivors (1024K)
[2020-12-15T10:51:35.507-0500][gc,heap        ] GC(8006)  Metaspace       used 49404K, capacity 51450K, committed 53248K, reserved 1093632K
[2020-12-15T10:51:35.507-0500][gc,heap        ] GC(8006)   class space    used 7386K, capacity 8097K, committed 8704K, reserved 1048576K
[2020-12-15T10:51:35.507-0500][gc             ] GC(8006) Pause Young (Normal) (G1 Evacuation Pause) 52M->42M(65M) 5.620ms
[2020-12-15T10:51:35.507-0500][gc,cpu         ] GC(8006) User=0.03s Sys=0.00s Real=0.00s
[2020-12-15T10:51:45.191-0500][gc,task        ] GC(8007) Using 5 workers of 8 for full compaction
[2020-12-15T10:51:45.191-0500][gc,start       ] GC(8007) Pause Full (System.gc())
[2020-12-15T10:51:45.191-0500][gc,heap        ] GC(8007) Heap before GC invocations=8007 (full 1659): garbage-first heap   total 66560K, used 45504K [0x0000000083000000, 0x0000000100000000)
[2020-12-15T10:51:45.191-0500][gc,heap        ] GC(8007)   region size 1024K, 4 young (4096K), 1 survivors (1024K)
[2020-12-15T10:51:45.191-0500][gc,heap        ] GC(8007)  Metaspace       used 49404K, capacity 51450K, committed 53248K, reserved 1093632K
[2020-12-15T10:51:45.191-0500][gc,heap        ] GC(8007)   class space    used 7386K, capacity 8097K, committed 8704K, reserved 1048576K
[2020-12-15T10:51:45.191-0500][gc,phases,start] GC(8007) Phase 1: Mark live objects
[2020-12-15T10:51:45.215-0500][gc,stringtable ] GC(8007) Cleaned string and symbol table, strings: 32747 processed, 5 removed, symbols: 120723 processed, 0 removed
[2020-12-15T10:51:45.215-0500][gc,phases      ] GC(8007) Phase 1: Mark live objects 23.559ms
[2020-12-15T10:51:45.215-0500][gc,phases,start] GC(8007) Phase 2: Prepare for compaction
[2020-12-15T10:51:45.219-0500][gc,phases      ] GC(8007) Phase 2: Prepare for compaction 4.394ms
[2020-12-15T10:51:45.219-0500][gc,phases,start] GC(8007) Phase 3: Adjust pointers
[2020-12-15T10:51:45.231-0500][gc,phases      ] GC(8007) Phase 3: Adjust pointers 11.467ms
[2020-12-15T10:51:45.231-0500][gc,phases,start] GC(8007) Phase 4: Compact heap
[2020-12-15T10:51:45.235-0500][gc,phases      ] GC(8007) Phase 4: Compact heap 3.681ms
[2020-12-15T10:51:45.241-0500][gc,heap        ] GC(8007) Eden regions: 3->0(10)
[2020-12-15T10:51:45.241-0500][gc,heap        ] GC(8007) Survivor regions: 1->0(2)
[2020-12-15T10:51:45.241-0500][gc,heap        ] GC(8007) Old regions: 42->43
[2020-12-15T10:51:45.241-0500][gc,heap        ] GC(8007) Humongous regions: 4->4
[2020-12-15T10:51:45.241-0500][gc,metaspace   ] GC(8007) Metaspace: 49404K->49404K(1093632K)
[2020-12-15T10:51:45.241-0500][gc,heap        ] GC(8007) Heap after GC invocations=8008 (full 1660): garbage-first heap   total 66560K, used 43260K [0x0000000083000000, 0x0000000100000000)
[2020-12-15T10:51:45.241-0500][gc,heap        ] GC(8007)   region size 1024K, 0 young (0K), 0 survivors (0K)
[2020-12-15T10:51:45.241-0500][gc,heap        ] GC(8007)  Metaspace       used 49404K, capacity 51450K, committed 53248K, reserved 1093632K
[2020-12-15T10:51:45.241-0500][gc,heap        ] GC(8007)   class space    used 7386K, capacity 8097K, committed 8704K, reserved 1048576K
[2020-12-15T10:51:45.241-0500][gc             ] GC(8007) Pause Full (System.gc()) 44M->42M(65M) 49.747ms
[2020-12-15T10:51:45.241-0500][gc,cpu         ] GC(8007) User=0.20s Sys=0.00s Real=0.05s
[2020-12-15T10:52:25.501-0500][gc,heap        ] GC(8008) Heap before GC invocations=8008 (full 1660): garbage-first heap   total 66560K, used 52476K [0x0000000083000000, 0x0000000100000000)
[2020-12-15T10:52:25.501-0500][gc,heap        ] GC(8008)   region size 1024K, 10 young (10240K), 0 survivors (0K)
[2020-12-15T10:52:25.501-0500][gc,heap        ] GC(8008)  Metaspace       used 49404K, capacity 51450K, committed 53248K, reserved 1093632K
[2020-12-15T10:52:25.501-0500][gc,heap        ] GC(8008)   class space    used 7386K, capacity 8097K, committed 8704K, reserved 1048576K
[2020-12-15T10:52:25.501-0500][gc,start       ] GC(8008) Pause Young (Concurrent Start) (G1 Evacuation Pause)
[2020-12-15T10:52:25.502-0500][gc,task        ] GC(8008) Using 8 workers of 8 for evacuation
[2020-12-15T10:52:25.504-0500][gc,phases      ] GC(8008)   Pre Evacuate Collection Set: 0.2ms
[2020-12-15T10:52:25.504-0500][gc,phases      ] GC(8008)   Evacuate Collection Set: 1.5ms
[2020-12-15T10:52:25.504-0500][gc,phases      ] GC(8008)   Post Evacuate Collection Set: 0.9ms
[2020-12-15T10:52:25.504-0500][gc,phases      ] GC(8008)   Other: 0.3ms
[2020-12-15T10:52:25.504-0500][gc,heap        ] GC(8008) Eden regions: 10->0(9)
[2020-12-15T10:52:25.504-0500][gc,heap        ] GC(8008) Survivor regions: 0->1(2)
[2020-12-15T10:52:25.504-0500][gc,heap        ] GC(8008) Old regions: 43->43
[2020-12-15T10:52:25.504-0500][gc,heap        ] GC(8008) Humongous regions: 4->4
[2020-12-15T10:52:25.504-0500][gc,metaspace   ] GC(8008) Metaspace: 49404K->49404K(1093632K)
[2020-12-15T10:52:25.504-0500][gc,heap        ] GC(8008) Heap after GC invocations=8009 (full 1660): garbage-first heap   total 66560K, used 43494K [0x0000000083000000, 0x0000000100000000)
[2020-12-15T10:52:25.504-0500][gc,heap        ] GC(8008)   region size 1024K, 1 young (1024K), 1 survivors (1024K)
[2020-12-15T10:52:25.504-0500][gc,heap        ] GC(8008)  Metaspace       used 49404K, capacity 51450K, committed 53248K, reserved 1093632K
[2020-12-15T10:52:25.504-0500][gc,heap        ] GC(8008)   class space    used 7386K, capacity 8097K, committed 8704K, reserved 1048576K
[2020-12-15T10:52:25.504-0500][gc             ] GC(8008) Pause Young (Concurrent Start) (G1 Evacuation Pause) 52M->42M(65M) 2.958ms
[2020-12-15T10:52:25.505-0500][gc,cpu         ] GC(8008) User=0.01s Sys=0.00s Real=0.00s
[2020-12-15T10:52:25.505-0500][gc             ] GC(8009) Concurrent Cycle
[2020-12-15T10:52:25.505-0500][gc,marking     ] GC(8009) Concurrent Clear Claimed Marks
[2020-12-15T10:52:25.505-0500][gc,marking     ] GC(8009) Concurrent Clear Claimed Marks 0.209ms
[2020-12-15T10:52:25.505-0500][gc,marking     ] GC(8009) Concurrent Scan Root Regions
[2020-12-15T10:52:25.507-0500][gc,marking     ] GC(8009) Concurrent Scan Root Regions 1.749ms
[2020-12-15T10:52:25.507-0500][gc,marking     ] GC(8009) Concurrent Mark (497742.894s)
[2020-12-15T10:52:25.507-0500][gc,marking     ] GC(8009) Concurrent Mark From Roots
[2020-12-15T10:52:25.507-0500][gc,task        ] GC(8009) Using 2 workers of 2 for marking
[2020-12-15T10:52:25.557-0500][gc,marking     ] GC(8009) Concurrent Mark From Roots 50.047ms
[2020-12-15T10:52:25.557-0500][gc,marking     ] GC(8009) Concurrent Preclean
[2020-12-15T10:52:25.557-0500][gc,marking     ] GC(8009) Concurrent Preclean 0.146ms
[2020-12-15T10:52:25.557-0500][gc,marking     ] GC(8009) Concurrent Mark (497742.894s, 497742.944s) 50.271ms
[2020-12-15T10:52:25.557-0500][gc,start       ] GC(8009) Pause Remark
[2020-12-15T10:52:25.563-0500][gc,stringtable ] GC(8009) Cleaned string and symbol table, strings: 32747 processed, 0 removed, symbols: 120723 processed, 0 removed
[2020-12-15T10:52:25.563-0500][gc             ] GC(8009) Pause Remark 42M->42M(65M) 5.962ms
[2020-12-15T10:52:25.563-0500][gc,cpu         ] GC(8009) User=0.03s Sys=0.00s Real=0.01s
[2020-12-15T10:52:25.563-0500][gc,marking     ] GC(8009) Concurrent Rebuild Remembered Sets
[2020-12-15T10:52:25.587-0500][gc,marking     ] GC(8009) Concurrent Rebuild Remembered Sets 24.163ms
[2020-12-15T10:52:25.588-0500][gc,start       ] GC(8009) Pause Cleanup
[2020-12-15T10:52:25.588-0500][gc             ] GC(8009) Pause Cleanup 42M->42M(65M) 0.203ms
[2020-12-15T10:52:25.588-0500][gc,cpu         ] GC(8009) User=0.00s Sys=0.00s Real=0.00s
[2020-12-15T10:52:25.588-0500][gc,marking     ] GC(8009) Concurrent Cleanup for Next Mark
[2020-12-15T10:52:25.588-0500][gc,marking     ] GC(8009) Concurrent Cleanup for Next Mark 0.138ms
[2020-12-15T10:52:25.588-0500][gc             ] GC(8009) Concurrent Cycle 83.625ms
[2020-12-15T10:53:06.015-0500][gc,heap        ] GC(8010) Heap before GC invocations=8010 (full 1660): garbage-first heap   total 66560K, used 51686K [0x0000000083000000, 0x0000000100000000)
[2020-12-15T10:53:06.015-0500][gc,heap        ] GC(8010)   region size 1024K, 10 young (10240K), 1 survivors (1024K)
[2020-12-15T10:53:06.015-0500][gc,heap        ] GC(8010)  Metaspace       used 49404K, capacity 51450K, committed 53248K, reserved 1093632K
[2020-12-15T10:53:06.015-0500][gc,heap        ] GC(8010)   class space    used 7386K, capacity 8097K, committed 8704K, reserved 1048576K
[2020-12-15T10:53:06.015-0500][gc,start       ] GC(8010) Pause Young (Prepare Mixed) (G1 Evacuation Pause)
[2020-12-15T10:53:06.015-0500][gc,task        ] GC(8010) Using 8 workers of 8 for evacuation
[2020-12-15T10:53:06.017-0500][gc,phases      ] GC(8010)   Pre Evacuate Collection Set: 0.0ms
[2020-12-15T10:53:06.017-0500][gc,phases      ] GC(8010)   Evacuate Collection Set: 0.7ms
[2020-12-15T10:53:06.017-0500][gc,phases      ] GC(8010)   Post Evacuate Collection Set: 0.7ms
[2020-12-15T10:53:06.017-0500][gc,phases      ] GC(8010)   Other: 0.2ms
[2020-12-15T10:53:06.017-0500][gc,heap        ] GC(8010) Eden regions: 9->0(2)
[2020-12-15T10:53:06.017-0500][gc,heap        ] GC(8010) Survivor regions: 1->1(2)
[2020-12-15T10:53:06.017-0500][gc,heap        ] GC(8010) Old regions: 43->43
[2020-12-15T10:53:06.017-0500][gc,heap        ] GC(8010) Humongous regions: 4->4
[2020-12-15T10:53:06.017-0500][gc,metaspace   ] GC(8010) Metaspace: 49404K->49404K(1093632K)
[2020-12-15T10:53:06.017-0500][gc,heap        ] GC(8010) Heap after GC invocations=8011 (full 1660): garbage-first heap   total 66560K, used 43354K [0x0000000083000000, 0x0000000100000000)
[2020-12-15T10:53:06.017-0500][gc,heap        ] GC(8010)   region size 1024K, 1 young (1024K), 1 survivors (1024K)
[2020-12-15T10:53:06.017-0500][gc,heap        ] GC(8010)  Metaspace       used 49404K, capacity 51450K, committed 53248K, reserved 1093632K
[2020-12-15T10:53:06.017-0500][gc,heap        ] GC(8010)   class space    used 7386K, capacity 8097K, committed 8704K, reserved 1048576K
[2020-12-15T10:53:06.017-0500][gc             ] GC(8010) Pause Young (Prepare Mixed) (G1 Evacuation Pause) 51M->42M(65M) 1.730ms
[2020-12-15T10:53:06.017-0500][gc,cpu         ] GC(8010) User=0.00s Sys=0.01s Real=0.00s
[2020-12-15T10:53:16.012-0500][gc,heap        ] GC(8011) Heap before GC invocations=8011 (full 1660): garbage-first heap   total 66560K, used 45402K [0x0000000083000000, 0x0000000100000000)
[2020-12-15T10:53:16.012-0500][gc,heap        ] GC(8011)   region size 1024K, 3 young (3072K), 1 survivors (1024K)
[2020-12-15T10:53:16.012-0500][gc,heap        ] GC(8011)  Metaspace       used 49404K, capacity 51450K, committed 53248K, reserved 1093632K
[2020-12-15T10:53:16.012-0500][gc,heap        ] GC(8011)   class space    used 7386K, capacity 8097K, committed 8704K, reserved 1048576K
[2020-12-15T10:53:16.012-0500][gc,start       ] GC(8011) Pause Young (Mixed) (G1 Evacuation Pause)
[2020-12-15T10:53:16.012-0500][gc,task        ] GC(8011) Using 8 workers of 8 for evacuation
[2020-12-15T10:53:16.014-0500][gc,phases      ] GC(8011)   Pre Evacuate Collection Set: 0.0ms
[2020-12-15T10:53:16.014-0500][gc,phases      ] GC(8011)   Evacuate Collection Set: 0.8ms
[2020-12-15T10:53:16.014-0500][gc,phases      ] GC(8011)   Post Evacuate Collection Set: 1.1ms
[2020-12-15T10:53:16.014-0500][gc,phases      ] GC(8011)   Other: 0.2ms
[2020-12-15T10:53:16.014-0500][gc,heap        ] GC(8011) Eden regions: 2->0(9)
[2020-12-15T10:53:16.014-0500][gc,heap        ] GC(8011) Survivor regions: 1->1(1)
[2020-12-15T10:53:16.014-0500][gc,heap        ] GC(8011) Old regions: 43->43
[2020-12-15T10:53:16.014-0500][gc,heap        ] GC(8011) Humongous regions: 4->4
[2020-12-15T10:53:16.014-0500][gc,metaspace   ] GC(8011) Metaspace: 49404K->49404K(1093632K)
[2020-12-15T10:53:16.014-0500][gc,heap        ] GC(8011) Heap after GC invocations=8012 (full 1660): garbage-first heap   total 66560K, used 43308K [0x0000000083000000, 0x0000000100000000)
[2020-12-15T10:53:16.014-0500][gc,heap        ] GC(8011)   region size 1024K, 1 young (1024K), 1 survivors (1024K)
[2020-12-15T10:53:16.015-0500][gc,heap        ] GC(8011)  Metaspace       used 49404K, capacity 51450K, committed 53248K, reserved 1093632K
[2020-12-15T10:53:16.015-0500][gc,heap        ] GC(8011)   class space    used 7386K, capacity 8097K, committed 8704K, reserved 1048576K
[2020-12-15T10:53:16.015-0500][gc             ] GC(8011) Pause Young (Mixed) (G1 Evacuation Pause) 44M->42M(65M) 2.153ms
[2020-12-15T10:53:16.015-0500][gc,cpu         ] GC(8011) User=0.01s Sys=0.00s Real=0.00s
[2020-12-15T10:54:02.318-0500][gc,heap        ] GC(8012) Heap before GC invocations=8012 (full 1660): garbage-first heap   total 66560K, used 52524K [0x0000000083000000, 0x0000000100000000)
[2020-12-15T10:54:02.318-0500][gc,heap        ] GC(8012)   region size 1024K, 10 young (10240K), 1 survivors (1024K)
[2020-12-15T10:54:02.318-0500][gc,heap        ] GC(8012)  Metaspace       used 49404K, capacity 51450K, committed 53248K, reserved 1093632K
[2020-12-15T10:54:02.318-0500][gc,heap        ] GC(8012)   class space    used 7386K, capacity 8097K, committed 8704K, reserved 1048576K
[2020-12-15T10:54:02.318-0500][gc,start       ] GC(8012) Pause Young (Concurrent Start) (G1 Evacuation Pause)
[2020-12-15T10:54:02.318-0500][gc,task        ] GC(8012) Using 8 workers of 8 for evacuation
[2020-12-15T10:54:02.320-0500][gc,phases      ] GC(8012)   Pre Evacuate Collection Set: 0.2ms
[2020-12-15T10:54:02.320-0500][gc,phases      ] GC(8012)   Evacuate Collection Set: 1.0ms
[2020-12-15T10:54:02.320-0500][gc,phases      ] GC(8012)   Post Evacuate Collection Set: 0.9ms
[2020-12-15T10:54:02.320-0500][gc,phases      ] GC(8012)   Other: 0.2ms
[2020-12-15T10:54:02.320-0500][gc,heap        ] GC(8012) Eden regions: 9->0(9)
[2020-12-15T10:54:02.320-0500][gc,heap        ] GC(8012) Survivor regions: 1->1(2)
[2020-12-15T10:54:02.320-0500][gc,heap        ] GC(8012) Old regions: 43->43
[2020-12-15T10:54:02.320-0500][gc,heap        ] GC(8012) Humongous regions: 4->4
[2020-12-15T10:54:02.320-0500][gc,metaspace   ] GC(8012) Metaspace: 49404K->49404K(1093632K)
[2020-12-15T10:54:02.320-0500][gc,heap        ] GC(8012) Heap after GC invocations=8013 (full 1660): garbage-first heap   total 66560K, used 43358K [0x0000000083000000, 0x0000000100000000)
[2020-12-15T10:54:02.320-0500][gc,heap        ] GC(8012)   region size 1024K, 1 young (1024K), 1 survivors (1024K)
[2020-12-15T10:54:02.320-0500][gc,heap        ] GC(8012)  Metaspace       used 49404K, capacity 51450K, committed 53248K, reserved 1093632K
[2020-12-15T10:54:02.320-0500][gc,heap        ] GC(8012)   class space    used 7386K, capacity 8097K, committed 8704K, reserved 1048576K
[2020-12-15T10:54:02.320-0500][gc             ] GC(8012) Pause Young (Concurrent Start) (G1 Evacuation Pause) 51M->42M(65M) 2.361ms
[2020-12-15T10:54:02.320-0500][gc,cpu         ] GC(8012) User=0.01s Sys=0.00s Real=0.00s
[2020-12-15T10:54:02.320-0500][gc             ] GC(8013) Concurrent Cycle
[2020-12-15T10:54:02.320-0500][gc,marking     ] GC(8013) Concurrent Clear Claimed Marks
[2020-12-15T10:54:02.320-0500][gc,marking     ] GC(8013) Concurrent Clear Claimed Marks 0.069ms
[2020-12-15T10:54:02.320-0500][gc,marking     ] GC(8013) Concurrent Scan Root Regions
[2020-12-15T10:54:02.322-0500][gc,marking     ] GC(8013) Concurrent Scan Root Regions 1.176ms
[2020-12-15T10:54:02.322-0500][gc,marking     ] GC(8013) Concurrent Mark (497839.709s)
[2020-12-15T10:54:02.322-0500][gc,marking     ] GC(8013) Concurrent Mark From Roots
[2020-12-15T10:54:02.322-0500][gc,task        ] GC(8013) Using 2 workers of 2 for marking
[2020-12-15T10:54:02.364-0500][gc,marking     ] GC(8013) Concurrent Mark From Roots 41.967ms
[2020-12-15T10:54:02.364-0500][gc,marking     ] GC(8013) Concurrent Preclean
[2020-12-15T10:54:02.364-0500][gc,marking     ] GC(8013) Concurrent Preclean 0.148ms
[2020-12-15T10:54:02.364-0500][gc,marking     ] GC(8013) Concurrent Mark (497839.709s, 497839.751s) 42.200ms
[2020-12-15T10:54:02.364-0500][gc,start       ] GC(8013) Pause Remark
[2020-12-15T10:54:02.370-0500][gc,stringtable ] GC(8013) Cleaned string and symbol table, strings: 32747 processed, 0 removed, symbols: 120723 processed, 0 removed
[2020-12-15T10:54:02.370-0500][gc             ] GC(8013) Pause Remark 42M->42M(65M) 5.748ms
[2020-12-15T10:54:02.370-0500][gc,cpu         ] GC(8013) User=0.03s Sys=0.00s Real=0.01s
[2020-12-15T10:54:02.370-0500][gc,marking     ] GC(8013) Concurrent Rebuild Remembered Sets
[2020-12-15T10:54:02.393-0500][gc,marking     ] GC(8013) Concurrent Rebuild Remembered Sets 22.435ms
[2020-12-15T10:54:02.393-0500][gc,start       ] GC(8013) Pause Cleanup
[2020-12-15T10:54:02.393-0500][gc             ] GC(8013) Pause Cleanup 42M->42M(65M) 0.308ms
[2020-12-15T10:54:02.393-0500][gc,cpu         ] GC(8013) User=0.00s Sys=0.00s Real=0.00s
[2020-12-15T10:54:02.393-0500][gc,marking     ] GC(8013) Concurrent Cleanup for Next Mark
[2020-12-15T10:54:02.394-0500][gc,marking     ] GC(8013) Concurrent Cleanup for Next Mark 0.170ms
[2020-12-15T10:54:02.394-0500][gc             ] GC(8013) Concurrent Cycle 73.316ms
[2020-12-15T10:54:45.504-0500][gc,heap        ] GC(8014) Heap before GC invocations=8014 (full 1660): garbage-first heap   total 66560K, used 51550K [0x0000000083000000, 0x0000000100000000)
[2020-12-15T10:54:45.504-0500][gc,heap        ] GC(8014)   region size 1024K, 10 young (10240K), 1 survivors (1024K)
[2020-12-15T10:54:45.504-0500][gc,heap        ] GC(8014)  Metaspace       used 49404K, capacity 51450K, committed 53248K, reserved 1093632K
[2020-12-15T10:54:45.504-0500][gc,heap        ] GC(8014)   class space    used 7386K, capacity 8097K, committed 8704K, reserved 1048576K
[2020-12-15T10:54:45.504-0500][gc,start       ] GC(8014) Pause Young (Normal) (G1 Evacuation Pause)
[2020-12-15T10:54:45.504-0500][gc,task        ] GC(8014) Using 8 workers of 8 for evacuation
[2020-12-15T10:54:45.506-0500][gc,phases      ] GC(8014)   Pre Evacuate Collection Set: 0.0ms
[2020-12-15T10:54:45.506-0500][gc,phases      ] GC(8014)   Evacuate Collection Set: 0.9ms
[2020-12-15T10:54:45.506-0500][gc,phases      ] GC(8014)   Post Evacuate Collection Set: 0.8ms
[2020-12-15T10:54:45.506-0500][gc,phases      ] GC(8014)   Other: 0.2ms
[2020-12-15T10:54:45.506-0500][gc,heap        ] GC(8014) Eden regions: 9->0(9)
[2020-12-15T10:54:45.506-0500][gc,heap        ] GC(8014) Survivor regions: 1->1(2)
[2020-12-15T10:54:45.506-0500][gc,heap        ] GC(8014) Old regions: 43->43
[2020-12-15T10:54:45.506-0500][gc,heap        ] GC(8014) Humongous regions: 4->4
[2020-12-15T10:54:45.506-0500][gc,metaspace   ] GC(8014) Metaspace: 49404K->49404K(1093632K)
[2020-12-15T10:54:45.506-0500][gc,heap        ] GC(8014) Heap after GC invocations=8015 (full 1660): garbage-first heap   total 66560K, used 43496K [0x0000000083000000, 0x0000000100000000)
[2020-12-15T10:54:45.506-0500][gc,heap        ] GC(8014)   region size 1024K, 1 young (1024K), 1 survivors (1024K)
[2020-12-15T10:54:45.506-0500][gc,heap        ] GC(8014)  Metaspace       used 49404K, capacity 51450K, committed 53248K, reserved 1093632K
[2020-12-15T10:54:45.506-0500][gc,heap        ] GC(8014)   class space    used 7386K, capacity 8097K, committed 8704K, reserved 1048576K
[2020-12-15T10:54:45.506-0500][gc             ] GC(8014) Pause Young (Normal) (G1 Evacuation Pause) 51M->42M(65M) 1.945ms
[2020-12-15T10:54:45.506-0500][gc,cpu         ] GC(8014) User=0.00s Sys=0.01s Real=0.00s
[2020-12-15T10:55:25.541-0500][gc,heap        ] GC(8015) Heap before GC invocations=8015 (full 1660): garbage-first heap   total 66560K, used 51688K [0x0000000083000000, 0x0000000100000000)
[2020-12-15T10:55:25.542-0500][gc,heap        ] GC(8015)   region size 1024K, 10 young (10240K), 1 survivors (1024K)
[2020-12-15T10:55:25.542-0500][gc,heap        ] GC(8015)  Metaspace       used 49404K, capacity 51450K, committed 53248K, reserved 1093632K
[2020-12-15T10:55:25.542-0500][gc,heap        ] GC(8015)   class space    used 7386K, capacity 8097K, committed 8704K, reserved 1048576K
[2020-12-15T10:55:25.542-0500][gc,start       ] GC(8015) Pause Young (Concurrent Start) (G1 Evacuation Pause)
[2020-12-15T10:55:25.542-0500][gc,task        ] GC(8015) Using 8 workers of 8 for evacuation
[2020-12-15T10:55:25.548-0500][gc,phases      ] GC(8015)   Pre Evacuate Collection Set: 0.2ms
[2020-12-15T10:55:25.548-0500][gc,phases      ] GC(8015)   Evacuate Collection Set: 3.7ms
[2020-12-15T10:55:25.548-0500][gc,phases      ] GC(8015)   Post Evacuate Collection Set: 2.7ms
[2020-12-15T10:55:25.548-0500][gc,phases      ] GC(8015)   Other: 0.3ms
[2020-12-15T10:55:25.548-0500][gc,heap        ] GC(8015) Eden regions: 9->0(9)
[2020-12-15T10:55:25.548-0500][gc,heap        ] GC(8015) Survivor regions: 1->1(2)
[2020-12-15T10:55:25.548-0500][gc,heap        ] GC(8015) Old regions: 43->43
[2020-12-15T10:55:25.548-0500][gc,heap        ] GC(8015) Humongous regions: 4->4
[2020-12-15T10:55:25.549-0500][gc,metaspace   ] GC(8015) Metaspace: 49404K->49404K(1093632K)
[2020-12-15T10:55:25.549-0500][gc,heap        ] GC(8015) Heap after GC invocations=8016 (full 1660): garbage-first heap   total 66560K, used 43365K [0x0000000083000000, 0x0000000100000000)
[2020-12-15T10:55:25.549-0500][gc,heap        ] GC(8015)   region size 1024K, 1 young (1024K), 1 survivors (1024K)
[2020-12-15T10:55:25.549-0500][gc,heap        ] GC(8015)  Metaspace       used 49404K, capacity 51450K, committed 53248K, reserved 1093632K
[2020-12-15T10:55:25.549-0500][gc,heap        ] GC(8015)   class space    used 7386K, capacity 8097K, committed 8704K, reserved 1048576K
[2020-12-15T10:55:25.549-0500][gc             ] GC(8015) Pause Young (Concurrent Start) (G1 Evacuation Pause) 51M->42M(65M) 6.986ms
[2020-12-15T10:55:25.549-0500][gc,cpu         ] GC(8015) User=0.02s Sys=0.00s Real=0.01s
[2020-12-15T10:55:25.549-0500][gc             ] GC(8016) Concurrent Cycle
[2020-12-15T10:55:25.549-0500][gc,marking     ] GC(8016) Concurrent Clear Claimed Marks
[2020-12-15T10:55:25.549-0500][gc,marking     ] GC(8016) Concurrent Clear Claimed Marks 0.197ms
[2020-12-15T10:55:25.549-0500][gc,marking     ] GC(8016) Concurrent Scan Root Regions
[2020-12-15T10:55:25.550-0500][gc,marking     ] GC(8016) Concurrent Scan Root Regions 0.976ms
[2020-12-15T10:55:25.550-0500][gc,marking     ] GC(8016) Concurrent Mark (497922.937s)
[2020-12-15T10:55:25.550-0500][gc,marking     ] GC(8016) Concurrent Mark From Roots
[2020-12-15T10:55:25.550-0500][gc,task        ] GC(8016) Using 2 workers of 2 for marking
[2020-12-15T10:55:25.618-0500][gc,marking     ] GC(8016) Concurrent Mark From Roots 68.222ms
[2020-12-15T10:55:25.618-0500][gc,marking     ] GC(8016) Concurrent Preclean
[2020-12-15T10:55:25.619-0500][gc,marking     ] GC(8016) Concurrent Preclean 0.245ms
[2020-12-15T10:55:25.619-0500][gc,marking     ] GC(8016) Concurrent Mark (497922.937s, 497923.006s) 68.681ms
[2020-12-15T10:55:25.619-0500][gc,start       ] GC(8016) Pause Remark
[2020-12-15T10:55:25.629-0500][gc,stringtable ] GC(8016) Cleaned string and symbol table, strings: 32747 processed, 0 removed, symbols: 120723 processed, 0 removed
[2020-12-15T10:55:25.629-0500][gc             ] GC(8016) Pause Remark 42M->42M(65M) 10.345ms
[2020-12-15T10:55:25.629-0500][gc,cpu         ] GC(8016) User=0.06s Sys=0.00s Real=0.01s
[2020-12-15T10:55:25.630-0500][gc,marking     ] GC(8016) Concurrent Rebuild Remembered Sets
[2020-12-15T10:55:25.653-0500][gc,marking     ] GC(8016) Concurrent Rebuild Remembered Sets 23.326ms
[2020-12-15T10:55:25.653-0500][gc,start       ] GC(8016) Pause Cleanup
[2020-12-15T10:55:25.654-0500][gc             ] GC(8016) Pause Cleanup 42M->42M(65M) 0.217ms
[2020-12-15T10:55:25.654-0500][gc,cpu         ] GC(8016) User=0.00s Sys=0.00s Real=0.00s
[2020-12-15T10:55:25.654-0500][gc,marking     ] GC(8016) Concurrent Cleanup for Next Mark
[2020-12-15T10:55:25.654-0500][gc,marking     ] GC(8016) Concurrent Cleanup for Next Mark 0.147ms
[2020-12-15T10:55:25.654-0500][gc             ] GC(8016) Concurrent Cycle 105.087ms
[2020-12-15T10:56:06.012-0500][gc,heap        ] GC(8017) Heap before GC invocations=8017 (full 1660): garbage-first heap   total 66560K, used 51557K [0x0000000083000000, 0x0000000100000000)
[2020-12-15T10:56:06.012-0500][gc,heap        ] GC(8017)   region size 1024K, 10 young (10240K), 1 survivors (1024K)
[2020-12-15T10:56:06.012-0500][gc,heap        ] GC(8017)  Metaspace       used 49404K, capacity 51450K, committed 53248K, reserved 1093632K
[2020-12-15T10:56:06.012-0500][gc,heap        ] GC(8017)   class space    used 7386K, capacity 8097K, committed 8704K, reserved 1048576K
[2020-12-15T10:56:06.012-0500][gc,start       ] GC(8017) Pause Young (Normal) (G1 Evacuation Pause)
[2020-12-15T10:56:06.012-0500][gc,task        ] GC(8017) Using 8 workers of 8 for evacuation
[2020-12-15T10:56:06.014-0500][gc,phases      ] GC(8017)   Pre Evacuate Collection Set: 0.0ms
[2020-12-15T10:56:06.014-0500][gc,phases      ] GC(8017)   Evacuate Collection Set: 0.8ms
[2020-12-15T10:56:06.014-0500][gc,phases      ] GC(8017)   Post Evacuate Collection Set: 1.0ms
[2020-12-15T10:56:06.014-0500][gc,phases      ] GC(8017)   Other: 0.2ms
[2020-12-15T10:56:06.014-0500][gc,heap        ] GC(8017) Eden regions: 9->0(9)
[2020-12-15T10:56:06.014-0500][gc,heap        ] GC(8017) Survivor regions: 1->1(2)
[2020-12-15T10:56:06.014-0500][gc,heap        ] GC(8017) Old regions: 43->43
[2020-12-15T10:56:06.014-0500][gc,heap        ] GC(8017) Humongous regions: 4->4
[2020-12-15T10:56:06.014-0500][gc,metaspace   ] GC(8017) Metaspace: 49404K->49404K(1093632K)
[2020-12-15T10:56:06.014-0500][gc,heap        ] GC(8017) Heap after GC invocations=8018 (full 1660): garbage-first heap   total 66560K, used 43393K [0x0000000083000000, 0x0000000100000000)
[2020-12-15T10:56:06.014-0500][gc,heap        ] GC(8017)   region size 1024K, 1 young (1024K), 1 survivors (1024K)
[2020-12-15T10:56:06.014-0500][gc,heap        ] GC(8017)  Metaspace       used 49404K, capacity 51450K, committed 53248K, reserved 1093632K
[2020-12-15T10:56:06.014-0500][gc,heap        ] GC(8017)   class space    used 7386K, capacity 8097K, committed 8704K, reserved 1048576K
[2020-12-15T10:56:06.014-0500][gc             ] GC(8017) Pause Young (Normal) (G1 Evacuation Pause) 51M->42M(65M) 1.990ms
[2020-12-15T10:56:06.014-0500][gc,cpu         ] GC(8017) User=0.00s Sys=0.01s Real=0.00s
[2020-12-15T10:56:45.189-0500][gc,task        ] GC(8018) Using 5 workers of 8 for full compaction
[2020-12-15T10:56:45.189-0500][gc,start       ] GC(8018) Pause Full (System.gc())
[2020-12-15T10:56:45.189-0500][gc,heap        ] GC(8018) Heap before GC invocations=8018 (full 1660): garbage-first heap   total 66560K, used 49537K [0x0000000083000000, 0x0000000100000000)
[2020-12-15T10:56:45.189-0500][gc,heap        ] GC(8018)   region size 1024K, 8 young (8192K), 1 survivors (1024K)
[2020-12-15T10:56:45.189-0500][gc,heap        ] GC(8018)  Metaspace       used 49404K, capacity 51450K, committed 53248K, reserved 1093632K
[2020-12-15T10:56:45.189-0500][gc,heap        ] GC(8018)   class space    used 7386K, capacity 8097K, committed 8704K, reserved 1048576K
[2020-12-15T10:56:45.189-0500][gc,phases,start] GC(8018) Phase 1: Mark live objects
[2020-12-15T10:56:45.211-0500][gc,stringtable ] GC(8018) Cleaned string and symbol table, strings: 32747 processed, 5 removed, symbols: 120723 processed, 0 removed
[2020-12-15T10:56:45.211-0500][gc,phases      ] GC(8018) Phase 1: Mark live objects 21.908ms
[2020-12-15T10:56:45.211-0500][gc,phases,start] GC(8018) Phase 2: Prepare for compaction
[2020-12-15T10:56:45.215-0500][gc,phases      ] GC(8018) Phase 2: Prepare for compaction 3.635ms
[2020-12-15T10:56:45.215-0500][gc,phases,start] GC(8018) Phase 3: Adjust pointers
[2020-12-15T10:56:45.227-0500][gc,phases      ] GC(8018) Phase 3: Adjust pointers 11.802ms
[2020-12-15T10:56:45.227-0500][gc,phases,start] GC(8018) Phase 4: Compact heap
[2020-12-15T10:56:45.230-0500][gc,phases      ] GC(8018) Phase 4: Compact heap 2.906ms
[2020-12-15T10:56:45.236-0500][gc,heap        ] GC(8018) Eden regions: 7->0(11)
[2020-12-15T10:56:45.236-0500][gc,heap        ] GC(8018) Survivor regions: 1->0(2)
[2020-12-15T10:56:45.236-0500][gc,heap        ] GC(8018) Old regions: 43->42
[2020-12-15T10:56:45.236-0500][gc,heap        ] GC(8018) Humongous regions: 4->4
[2020-12-15T10:56:45.236-0500][gc,metaspace   ] GC(8018) Metaspace: 49404K->49404K(1093632K)
[2020-12-15T10:56:45.236-0500][gc,heap        ] GC(8018) Heap after GC invocations=8019 (full 1661): garbage-first heap   total 66560K, used 43272K [0x0000000083000000, 0x0000000100000000)
[2020-12-15T10:56:45.236-0500][gc,heap        ] GC(8018)   region size 1024K, 0 young (0K), 0 survivors (0K)
[2020-12-15T10:56:45.236-0500][gc,heap        ] GC(8018)  Metaspace       used 49404K, capacity 51450K, committed 53248K, reserved 1093632K
[2020-12-15T10:56:45.236-0500][gc,heap        ] GC(8018)   class space    used 7386K, capacity 8097K, committed 8704K, reserved 1048576K
[2020-12-15T10:56:45.236-0500][gc             ] GC(8018) Pause Full (System.gc()) 49M->42M(65M) 46.842ms
[2020-12-15T10:56:45.236-0500][gc,cpu         ] GC(8018) User=0.19s Sys=0.00s Real=0.04s
[2020-12-15T10:57:35.504-0500][gc,heap        ] GC(8019) Heap before GC invocations=8019 (full 1661): garbage-first heap   total 66560K, used 53512K [0x0000000083000000, 0x0000000100000000)
[2020-12-15T10:57:35.504-0500][gc,heap        ] GC(8019)   region size 1024K, 11 young (11264K), 0 survivors (0K)
[2020-12-15T10:57:35.504-0500][gc,heap        ] GC(8019)  Metaspace       used 49404K, capacity 51450K, committed 53248K, reserved 1093632K
[2020-12-15T10:57:35.504-0500][gc,heap        ] GC(8019)   class space    used 7386K, capacity 8097K, committed 8704K, reserved 1048576K
[2020-12-15T10:57:35.504-0500][gc,start       ] GC(8019) Pause Young (Concurrent Start) (G1 Evacuation Pause)
[2020-12-15T10:57:35.504-0500][gc,task        ] GC(8019) Using 8 workers of 8 for evacuation
[2020-12-15T10:57:35.507-0500][gc,phases      ] GC(8019)   Pre Evacuate Collection Set: 0.2ms
[2020-12-15T10:57:35.507-0500][gc,phases      ] GC(8019)   Evacuate Collection Set: 1.1ms
[2020-12-15T10:57:35.507-0500][gc,phases      ] GC(8019)   Post Evacuate Collection Set: 1.2ms
[2020-12-15T10:57:35.507-0500][gc,phases      ] GC(8019)   Other: 0.2ms
[2020-12-15T10:57:35.507-0500][gc,heap        ] GC(8019) Eden regions: 11->0(10)
[2020-12-15T10:57:35.507-0500][gc,heap        ] GC(8019) Survivor regions: 0->1(2)
[2020-12-15T10:57:35.507-0500][gc,heap        ] GC(8019) Old regions: 42->42
[2020-12-15T10:57:35.507-0500][gc,heap        ] GC(8019) Humongous regions: 4->4
[2020-12-15T10:57:35.507-0500][gc,metaspace   ] GC(8019) Metaspace: 49404K->49404K(1093632K)
[2020-12-15T10:57:35.507-0500][gc,heap        ] GC(8019) Heap after GC invocations=8020 (full 1661): garbage-first heap   total 66560K, used 43478K [0x0000000083000000, 0x0000000100000000)
[2020-12-15T10:57:35.507-0500][gc,heap        ] GC(8019)   region size 1024K, 1 young (1024K), 1 survivors (1024K)
[2020-12-15T10:57:35.507-0500][gc,heap        ] GC(8019)  Metaspace       used 49404K, capacity 51450K, committed 53248K, reserved 1093632K
[2020-12-15T10:57:35.507-0500][gc,heap        ] GC(8019)   class space    used 7386K, capacity 8097K, committed 8704K, reserved 1048576K
[2020-12-15T10:57:35.507-0500][gc             ] GC(8019) Pause Young (Concurrent Start) (G1 Evacuation Pause) 53M->42M(65M) 2.749ms
[2020-12-15T10:57:35.507-0500][gc,cpu         ] GC(8019) User=0.00s Sys=0.00s Real=0.00s
[2020-12-15T10:57:35.507-0500][gc             ] GC(8020) Concurrent Cycle
[2020-12-15T10:57:35.507-0500][gc,marking     ] GC(8020) Concurrent Clear Claimed Marks
[2020-12-15T10:57:35.507-0500][gc,marking     ] GC(8020) Concurrent Clear Claimed Marks 0.154ms
[2020-12-15T10:57:35.507-0500][gc,marking     ] GC(8020) Concurrent Scan Root Regions
[2020-12-15T10:57:35.509-0500][gc,marking     ] GC(8020) Concurrent Scan Root Regions 1.081ms
[2020-12-15T10:57:35.509-0500][gc,marking     ] GC(8020) Concurrent Mark (498052.896s)
[2020-12-15T10:57:35.509-0500][gc,marking     ] GC(8020) Concurrent Mark From Roots
[2020-12-15T10:57:35.509-0500][gc,task        ] GC(8020) Using 2 workers of 2 for marking
[2020-12-15T10:57:35.558-0500][gc,marking     ] GC(8020) Concurrent Mark From Roots 48.934ms
[2020-12-15T10:57:35.558-0500][gc,marking     ] GC(8020) Concurrent Preclean
[2020-12-15T10:57:35.558-0500][gc,marking     ] GC(8020) Concurrent Preclean 0.155ms
[2020-12-15T10:57:35.558-0500][gc,marking     ] GC(8020) Concurrent Mark (498052.896s, 498052.945s) 49.174ms
[2020-12-15T10:57:35.558-0500][gc,start       ] GC(8020) Pause Remark
[2020-12-15T10:57:35.567-0500][gc,stringtable ] GC(8020) Cleaned string and symbol table, strings: 32747 processed, 0 removed, symbols: 120723 processed, 0 removed
[2020-12-15T10:57:35.567-0500][gc             ] GC(8020) Pause Remark 43M->43M(65M) 9.028ms
[2020-12-15T10:57:35.567-0500][gc,cpu         ] GC(8020) User=0.06s Sys=0.00s Real=0.00s
[2020-12-15T10:57:35.567-0500][gc,marking     ] GC(8020) Concurrent Rebuild Remembered Sets
[2020-12-15T10:57:35.592-0500][gc,marking     ] GC(8020) Concurrent Rebuild Remembered Sets 24.996ms
[2020-12-15T10:57:35.593-0500][gc,start       ] GC(8020) Pause Cleanup
[2020-12-15T10:57:35.593-0500][gc             ] GC(8020) Pause Cleanup 43M->43M(65M) 0.182ms
[2020-12-15T10:57:35.593-0500][gc,cpu         ] GC(8020) User=0.00s Sys=0.00s Real=0.00s
[2020-12-15T10:57:35.593-0500][gc,marking     ] GC(8020) Concurrent Cleanup for Next Mark
[2020-12-15T10:57:35.593-0500][gc,marking     ] GC(8020) Concurrent Cleanup for Next Mark 0.168ms
[2020-12-15T10:57:35.593-0500][gc             ] GC(8020) Concurrent Cycle 85.809ms
[2020-12-15T10:58:22.428-0500][gc,heap        ] GC(8021) Heap before GC invocations=8021 (full 1661): garbage-first heap   total 66560K, used 52694K [0x0000000083000000, 0x0000000100000000)
[2020-12-15T10:58:22.428-0500][gc,heap        ] GC(8021)   region size 1024K, 11 young (11264K), 1 survivors (1024K)
[2020-12-15T10:58:22.428-0500][gc,heap        ] GC(8021)  Metaspace       used 49404K, capacity 51450K, committed 53248K, reserved 1093632K
[2020-12-15T10:58:22.428-0500][gc,heap        ] GC(8021)   class space    used 7386K, capacity 8097K, committed 8704K, reserved 1048576K
[2020-12-15T10:58:22.428-0500][gc,start       ] GC(8021) Pause Young (Normal) (G1 Evacuation Pause)
[2020-12-15T10:58:22.428-0500][gc,task        ] GC(8021) Using 8 workers of 8 for evacuation
[2020-12-15T10:58:22.431-0500][gc,phases      ] GC(8021)   Pre Evacuate Collection Set: 0.0ms
[2020-12-15T10:58:22.431-0500][gc,phases      ] GC(8021)   Evacuate Collection Set: 1.4ms
[2020-12-15T10:58:22.431-0500][gc,phases      ] GC(8021)   Post Evacuate Collection Set: 1.4ms
[2020-12-15T10:58:22.431-0500][gc,phases      ] GC(8021)   Other: 0.2ms
[2020-12-15T10:58:22.431-0500][gc,heap        ] GC(8021) Eden regions: 10->0(10)
[2020-12-15T10:58:22.431-0500][gc,heap        ] GC(8021) Survivor regions: 1->1(2)
[2020-12-15T10:58:22.431-0500][gc,heap        ] GC(8021) Old regions: 42->42
[2020-12-15T10:58:22.431-0500][gc,heap        ] GC(8021) Humongous regions: 4->4
[2020-12-15T10:58:22.431-0500][gc,metaspace   ] GC(8021) Metaspace: 49404K->49404K(1093632K)
[2020-12-15T10:58:22.431-0500][gc,heap        ] GC(8021) Heap after GC invocations=8022 (full 1661): garbage-first heap   total 66560K, used 43343K [0x0000000083000000, 0x0000000100000000)
[2020-12-15T10:58:22.431-0500][gc,heap        ] GC(8021)   region size 1024K, 1 young (1024K), 1 survivors (1024K)
[2020-12-15T10:58:22.431-0500][gc,heap        ] GC(8021)  Metaspace       used 49404K, capacity 51450K, committed 53248K, reserved 1093632K
[2020-12-15T10:58:22.431-0500][gc,heap        ] GC(8021)   class space    used 7386K, capacity 8097K, committed 8704K, reserved 1048576K
[2020-12-15T10:58:22.431-0500][gc             ] GC(8021) Pause Young (Normal) (G1 Evacuation Pause) 52M->42M(65M) 3.097ms
[2020-12-15T10:58:22.432-0500][gc,cpu         ] GC(8021) User=0.01s Sys=0.00s Real=0.00s
[2020-12-15T10:59:06.012-0500][gc,heap        ] GC(8022) Heap before GC invocations=8022 (full 1661): garbage-first heap   total 66560K, used 52559K [0x0000000083000000, 0x0000000100000000)
[2020-12-15T10:59:06.012-0500][gc,heap        ] GC(8022)   region size 1024K, 11 young (11264K), 1 survivors (1024K)
[2020-12-15T10:59:06.012-0500][gc,heap        ] GC(8022)  Metaspace       used 49404K, capacity 51450K, committed 53248K, reserved 1093632K
[2020-12-15T10:59:06.012-0500][gc,heap        ] GC(8022)   class space    used 7386K, capacity 8097K, committed 8704K, reserved 1048576K
[2020-12-15T10:59:06.012-0500][gc,start       ] GC(8022) Pause Young (Concurrent Start) (G1 Evacuation Pause)
[2020-12-15T10:59:06.012-0500][gc,task        ] GC(8022) Using 8 workers of 8 for evacuation
[2020-12-15T10:59:06.015-0500][gc,phases      ] GC(8022)   Pre Evacuate Collection Set: 0.2ms
[2020-12-15T10:59:06.015-0500][gc,phases      ] GC(8022)   Evacuate Collection Set: 1.6ms
[2020-12-15T10:59:06.015-0500][gc,phases      ] GC(8022)   Post Evacuate Collection Set: 0.8ms
[2020-12-15T10:59:06.015-0500][gc,phases      ] GC(8022)   Other: 0.3ms
[2020-12-15T10:59:06.015-0500][gc,heap        ] GC(8022) Eden regions: 10->0(10)
[2020-12-15T10:59:06.015-0500][gc,heap        ] GC(8022) Survivor regions: 1->1(2)
[2020-12-15T10:59:06.015-0500][gc,heap        ] GC(8022) Old regions: 42->42
[2020-12-15T10:59:06.015-0500][gc,heap        ] GC(8022) Humongous regions: 4->4
[2020-12-15T10:59:06.015-0500][gc,metaspace   ] GC(8022) Metaspace: 49404K->49404K(1093632K)
[2020-12-15T10:59:06.015-0500][gc,heap        ] GC(8022) Heap after GC invocations=8023 (full 1661): garbage-first heap   total 66560K, used 43357K [0x0000000083000000, 0x0000000100000000)
[2020-12-15T10:59:06.015-0500][gc,heap        ] GC(8022)   region size 1024K, 1 young (1024K), 1 survivors (1024K)
[2020-12-15T10:59:06.015-0500][gc,heap        ] GC(8022)  Metaspace       used 49404K, capacity 51450K, committed 53248K, reserved 1093632K
[2020-12-15T10:59:06.015-0500][gc,heap        ] GC(8022)   class space    used 7386K, capacity 8097K, committed 8704K, reserved 1048576K
[2020-12-15T10:59:06.015-0500][gc             ] GC(8022) Pause Young (Concurrent Start) (G1 Evacuation Pause) 52M->42M(65M) 2.899ms
[2020-12-15T10:59:06.015-0500][gc,cpu         ] GC(8022) User=0.00s Sys=0.00s Real=0.00s
[2020-12-15T10:59:06.015-0500][gc             ] GC(8023) Concurrent Cycle
[2020-12-15T10:59:06.015-0500][gc,marking     ] GC(8023) Concurrent Clear Claimed Marks
[2020-12-15T10:59:06.015-0500][gc,marking     ] GC(8023) Concurrent Clear Claimed Marks 0.065ms
[2020-12-15T10:59:06.015-0500][gc,marking     ] GC(8023) Concurrent Scan Root Regions
[2020-12-15T10:59:06.016-0500][gc,marking     ] GC(8023) Concurrent Scan Root Regions 0.904ms
[2020-12-15T10:59:06.016-0500][gc,marking     ] GC(8023) Concurrent Mark (498143.403s)
[2020-12-15T10:59:06.016-0500][gc,marking     ] GC(8023) Concurrent Mark From Roots
[2020-12-15T10:59:06.016-0500][gc,task        ] GC(8023) Using 2 workers of 2 for marking
[2020-12-15T10:59:06.053-0500][gc,marking     ] GC(8023) Concurrent Mark From Roots 37.021ms
[2020-12-15T10:59:06.053-0500][gc,marking     ] GC(8023) Concurrent Preclean
[2020-12-15T10:59:06.053-0500][gc,marking     ] GC(8023) Concurrent Preclean 0.146ms
[2020-12-15T10:59:06.053-0500][gc,marking     ] GC(8023) Concurrent Mark (498143.403s, 498143.441s) 37.332ms
[2020-12-15T10:59:06.054-0500][gc,start       ] GC(8023) Pause Remark
[2020-12-15T10:59:06.065-0500][gc,stringtable ] GC(8023) Cleaned string and symbol table, strings: 32747 processed, 0 removed, symbols: 120723 processed, 0 removed
[2020-12-15T10:59:06.065-0500][gc             ] GC(8023) Pause Remark 42M->42M(65M) 11.184ms
[2020-12-15T10:59:06.065-0500][gc,cpu         ] GC(8023) User=0.07s Sys=0.00s Real=0.01s
[2020-12-15T10:59:06.065-0500][gc,marking     ] GC(8023) Concurrent Rebuild Remembered Sets
[2020-12-15T10:59:06.089-0500][gc,marking     ] GC(8023) Concurrent Rebuild Remembered Sets 24.343ms
[2020-12-15T10:59:06.090-0500][gc,start       ] GC(8023) Pause Cleanup
[2020-12-15T10:59:06.090-0500][gc             ] GC(8023) Pause Cleanup 42M->42M(65M) 0.169ms
[2020-12-15T10:59:06.090-0500][gc,cpu         ] GC(8023) User=0.00s Sys=0.00s Real=0.00s
[2020-12-15T10:59:06.090-0500][gc,marking     ] GC(8023) Concurrent Cleanup for Next Mark
[2020-12-15T10:59:06.090-0500][gc,marking     ] GC(8023) Concurrent Cleanup for Next Mark 0.243ms
[2020-12-15T10:59:06.090-0500][gc             ] GC(8023) Concurrent Cycle 75.216ms
[2020-12-15T10:59:55.512-0500][gc,heap        ] GC(8024) Heap before GC invocations=8024 (full 1661): garbage-first heap   total 66560K, used 52573K [0x0000000083000000, 0x0000000100000000)
[2020-12-15T10:59:55.512-0500][gc,heap        ] GC(8024)   region size 1024K, 11 young (11264K), 1 survivors (1024K)
[2020-12-15T10:59:55.512-0500][gc,heap        ] GC(8024)  Metaspace       used 49404K, capacity 51450K, committed 53248K, reserved 1093632K
[2020-12-15T10:59:55.512-0500][gc,heap        ] GC(8024)   class space    used 7386K, capacity 8097K, committed 8704K, reserved 1048576K
[2020-12-15T10:59:55.512-0500][gc,start       ] GC(8024) Pause Young (Normal) (G1 Evacuation Pause)
[2020-12-15T10:59:55.512-0500][gc,task        ] GC(8024) Using 8 workers of 8 for evacuation
[2020-12-15T10:59:55.517-0500][gc,phases      ] GC(8024)   Pre Evacuate Collection Set: 0.0ms
[2020-12-15T10:59:55.518-0500][gc,phases      ] GC(8024)   Evacuate Collection Set: 3.6ms
[2020-12-15T10:59:55.518-0500][gc,phases      ] GC(8024)   Post Evacuate Collection Set: 1.7ms
[2020-12-15T10:59:55.518-0500][gc,phases      ] GC(8024)   Other: 0.2ms
[2020-12-15T10:59:55.518-0500][gc,heap        ] GC(8024) Eden regions: 10->0(10)
[2020-12-15T10:59:55.518-0500][gc,heap        ] GC(8024) Survivor regions: 1->1(2)
[2020-12-15T10:59:55.518-0500][gc,heap        ] GC(8024) Old regions: 42->42
[2020-12-15T10:59:55.518-0500][gc,heap        ] GC(8024) Humongous regions: 4->4
[2020-12-15T10:59:55.518-0500][gc,metaspace   ] GC(8024) Metaspace: 49404K->49404K(1093632K)
[2020-12-15T10:59:55.518-0500][gc,heap        ] GC(8024) Heap after GC invocations=8025 (full 1661): garbage-first heap   total 66560K, used 43517K [0x0000000083000000, 0x0000000100000000)
[2020-12-15T10:59:55.518-0500][gc,heap        ] GC(8024)   region size 1024K, 1 young (1024K), 1 survivors (1024K)
[2020-12-15T10:59:55.518-0500][gc,heap        ] GC(8024)  Metaspace       used 49404K, capacity 51450K, committed 53248K, reserved 1093632K
[2020-12-15T10:59:55.518-0500][gc,heap        ] GC(8024)   class space    used 7386K, capacity 8097K, committed 8704K, reserved 1048576K
[2020-12-15T10:59:55.518-0500][gc             ] GC(8024) Pause Young (Normal) (G1 Evacuation Pause) 52M->42M(65M) 5.628ms
[2020-12-15T10:59:55.518-0500][gc,cpu         ] GC(8024) User=0.03s Sys=0.00s Real=0.01s
[2020-12-15T11:00:45.510-0500][gc,heap        ] GC(8025) Heap before GC invocations=8025 (full 1661): garbage-first heap   total 66560K, used 52733K [0x0000000083000000, 0x0000000100000000)
[2020-12-15T11:00:45.510-0500][gc,heap        ] GC(8025)   region size 1024K, 11 young (11264K), 1 survivors (1024K)
[2020-12-15T11:00:45.510-0500][gc,heap        ] GC(8025)  Metaspace       used 49404K, capacity 51450K, committed 53248K, reserved 1093632K
[2020-12-15T11:00:45.510-0500][gc,heap        ] GC(8025)   class space    used 7386K, capacity 8097K, committed 8704K, reserved 1048576K
[2020-12-15T11:00:45.510-0500][gc,start       ] GC(8025) Pause Young (Concurrent Start) (G1 Evacuation Pause)
[2020-12-15T11:00:45.510-0500][gc,task        ] GC(8025) Using 8 workers of 8 for evacuation
[2020-12-15T11:00:45.517-0500][gc,phases      ] GC(8025)   Pre Evacuate Collection Set: 0.2ms
[2020-12-15T11:00:45.517-0500][gc,phases      ] GC(8025)   Evacuate Collection Set: 4.8ms
[2020-12-15T11:00:45.517-0500][gc,phases      ] GC(8025)   Post Evacuate Collection Set: 1.9ms
[2020-12-15T11:00:45.517-0500][gc,phases      ] GC(8025)   Other: 0.2ms
[2020-12-15T11:00:45.517-0500][gc,heap        ] GC(8025) Eden regions: 10->0(10)
[2020-12-15T11:00:45.517-0500][gc,heap        ] GC(8025) Survivor regions: 1->1(2)
[2020-12-15T11:00:45.517-0500][gc,heap        ] GC(8025) Old regions: 42->42
[2020-12-15T11:00:45.517-0500][gc,heap        ] GC(8025) Humongous regions: 4->4
[2020-12-15T11:00:45.517-0500][gc,metaspace   ] GC(8025) Metaspace: 49404K->49404K(1093632K)
[2020-12-15T11:00:45.517-0500][gc,heap        ] GC(8025) Heap after GC invocations=8026 (full 1661): garbage-first heap   total 66560K, used 43524K [0x0000000083000000, 0x0000000100000000)
[2020-12-15T11:00:45.517-0500][gc,heap        ] GC(8025)   region size 1024K, 1 young (1024K), 1 survivors (1024K)
[2020-12-15T11:00:45.517-0500][gc,heap        ] GC(8025)  Metaspace       used 49404K, capacity 51450K, committed 53248K, reserved 1093632K
[2020-12-15T11:00:45.517-0500][gc,heap        ] GC(8025)   class space    used 7386K, capacity 8097K, committed 8704K, reserved 1048576K
[2020-12-15T11:00:45.517-0500][gc             ] GC(8025) Pause Young (Concurrent Start) (G1 Evacuation Pause) 52M->42M(65M) 7.367ms
[2020-12-15T11:00:45.517-0500][gc,cpu         ] GC(8025) User=0.04s Sys=0.00s Real=0.00s
[2020-12-15T11:00:45.517-0500][gc             ] GC(8026) Concurrent Cycle
[2020-12-15T11:00:45.517-0500][gc,marking     ] GC(8026) Concurrent Clear Claimed Marks
[2020-12-15T11:00:45.517-0500][gc,marking     ] GC(8026) Concurrent Clear Claimed Marks 0.176ms
[2020-12-15T11:00:45.517-0500][gc,marking     ] GC(8026) Concurrent Scan Root Regions
[2020-12-15T11:00:45.518-0500][gc,marking     ] GC(8026) Concurrent Scan Root Regions 0.870ms
[2020-12-15T11:00:45.518-0500][gc,marking     ] GC(8026) Concurrent Mark (498242.905s)
[2020-12-15T11:00:45.518-0500][gc,marking     ] GC(8026) Concurrent Mark From Roots
[2020-12-15T11:00:45.518-0500][gc,task        ] GC(8026) Using 2 workers of 2 for marking
[2020-12-15T11:00:45.571-0500][gc,marking     ] GC(8026) Concurrent Mark From Roots 52.374ms
[2020-12-15T11:00:45.571-0500][gc,marking     ] GC(8026) Concurrent Preclean
[2020-12-15T11:00:45.571-0500][gc,marking     ] GC(8026) Concurrent Preclean 0.160ms
[2020-12-15T11:00:45.571-0500][gc,marking     ] GC(8026) Concurrent Mark (498242.905s, 498242.958s) 52.631ms
[2020-12-15T11:00:45.571-0500][gc,start       ] GC(8026) Pause Remark
[2020-12-15T11:00:45.579-0500][gc,stringtable ] GC(8026) Cleaned string and symbol table, strings: 32747 processed, 0 removed, symbols: 120723 processed, 0 removed
[2020-12-15T11:00:45.579-0500][gc             ] GC(8026) Pause Remark 43M->43M(65M) 8.166ms
[2020-12-15T11:00:45.580-0500][gc,cpu         ] GC(8026) User=0.05s Sys=0.00s Real=0.01s
[2020-12-15T11:00:45.580-0500][gc,marking     ] GC(8026) Concurrent Rebuild Remembered Sets
[2020-12-15T11:00:45.606-0500][gc,marking     ] GC(8026) Concurrent Rebuild Remembered Sets 26.750ms
[2020-12-15T11:00:45.607-0500][gc,start       ] GC(8026) Pause Cleanup
[2020-12-15T11:00:45.607-0500][gc             ] GC(8026) Pause Cleanup 43M->43M(65M) 0.207ms
[2020-12-15T11:00:45.607-0500][gc,cpu         ] GC(8026) User=0.00s Sys=0.00s Real=0.00s
[2020-12-15T11:00:45.607-0500][gc,marking     ] GC(8026) Concurrent Cleanup for Next Mark
[2020-12-15T11:00:45.607-0500][gc,marking     ] GC(8026) Concurrent Cleanup for Next Mark 0.178ms
[2020-12-15T11:00:45.607-0500][gc             ] GC(8026) Concurrent Cycle 90.080ms
[2020-12-15T11:01:32.516-0500][gc,heap        ] GC(8027) Heap before GC invocations=8027 (full 1661): garbage-first heap   total 66560K, used 52740K [0x0000000083000000, 0x0000000100000000)
[2020-12-15T11:01:32.516-0500][gc,heap        ] GC(8027)   region size 1024K, 11 young (11264K), 1 survivors (1024K)
[2020-12-15T11:01:32.516-0500][gc,heap        ] GC(8027)  Metaspace       used 49404K, capacity 51450K, committed 53248K, reserved 1093632K
[2020-12-15T11:01:32.516-0500][gc,heap        ] GC(8027)   class space    used 7386K, capacity 8097K, committed 8704K, reserved 1048576K
[2020-12-15T11:01:32.516-0500][gc,start       ] GC(8027) Pause Young (Normal) (G1 Evacuation Pause)
[2020-12-15T11:01:32.516-0500][gc,task        ] GC(8027) Using 8 workers of 8 for evacuation
[2020-12-15T11:01:32.519-0500][gc,phases      ] GC(8027)   Pre Evacuate Collection Set: 0.0ms
[2020-12-15T11:01:32.519-0500][gc,phases      ] GC(8027)   Evacuate Collection Set: 0.9ms
[2020-12-15T11:01:32.519-0500][gc,phases      ] GC(8027)   Post Evacuate Collection Set: 2.2ms
[2020-12-15T11:01:32.519-0500][gc,phases      ] GC(8027)   Other: 0.2ms
[2020-12-15T11:01:32.519-0500][gc,heap        ] GC(8027) Eden regions: 10->0(10)
[2020-12-15T11:01:32.519-0500][gc,heap        ] GC(8027) Survivor regions: 1->1(2)
[2020-12-15T11:01:32.519-0500][gc,heap        ] GC(8027) Old regions: 42->42
[2020-12-15T11:01:32.519-0500][gc,heap        ] GC(8027) Humongous regions: 4->4
[2020-12-15T11:01:32.519-0500][gc,metaspace   ] GC(8027) Metaspace: 49404K->49404K(1093632K)
[2020-12-15T11:01:32.519-0500][gc,heap        ] GC(8027) Heap after GC invocations=8028 (full 1661): garbage-first heap   total 66560K, used 43389K [0x0000000083000000, 0x0000000100000000)
[2020-12-15T11:01:32.519-0500][gc,heap        ] GC(8027)   region size 1024K, 1 young (1024K), 1 survivors (1024K)
[2020-12-15T11:01:32.519-0500][gc,heap        ] GC(8027)  Metaspace       used 49404K, capacity 51450K, committed 53248K, reserved 1093632K
[2020-12-15T11:01:32.519-0500][gc,heap        ] GC(8027)   class space    used 7386K, capacity 8097K, committed 8704K, reserved 1048576K
[2020-12-15T11:01:32.519-0500][gc             ] GC(8027) Pause Young (Normal) (G1 Evacuation Pause) 52M->42M(65M) 3.552ms
[2020-12-15T11:01:32.519-0500][gc,cpu         ] GC(8027) User=0.01s Sys=0.00s Real=0.01s
[2020-12-15T11:01:45.191-0500][gc,task        ] GC(8028) Using 5 workers of 8 for full compaction
[2020-12-15T11:01:45.191-0500][gc,start       ] GC(8028) Pause Full (System.gc())
[2020-12-15T11:01:45.191-0500][gc,heap        ] GC(8028) Heap before GC invocations=8028 (full 1661): garbage-first heap   total 66560K, used 44413K [0x0000000083000000, 0x0000000100000000)
[2020-12-15T11:01:45.191-0500][gc,heap        ] GC(8028)   region size 1024K, 4 young (4096K), 1 survivors (1024K)
[2020-12-15T11:01:45.191-0500][gc,heap        ] GC(8028)  Metaspace       used 49404K, capacity 51450K, committed 53248K, reserved 1093632K
[2020-12-15T11:01:45.191-0500][gc,heap        ] GC(8028)   class space    used 7386K, capacity 8097K, committed 8704K, reserved 1048576K
[2020-12-15T11:01:45.191-0500][gc,phases,start] GC(8028) Phase 1: Mark live objects
[2020-12-15T11:01:45.216-0500][gc,stringtable ] GC(8028) Cleaned string and symbol table, strings: 32748 processed, 5 removed, symbols: 120723 processed, 0 removed
[2020-12-15T11:01:45.217-0500][gc,phases      ] GC(8028) Phase 1: Mark live objects 25.397ms
[2020-12-15T11:01:45.217-0500][gc,phases,start] GC(8028) Phase 2: Prepare for compaction
[2020-12-15T11:01:45.221-0500][gc,phases      ] GC(8028) Phase 2: Prepare for compaction 4.209ms
[2020-12-15T11:01:45.221-0500][gc,phases,start] GC(8028) Phase 3: Adjust pointers
[2020-12-15T11:01:45.235-0500][gc,phases      ] GC(8028) Phase 3: Adjust pointers 13.922ms
[2020-12-15T11:01:45.235-0500][gc,phases,start] GC(8028) Phase 4: Compact heap
[2020-12-15T11:01:45.239-0500][gc,phases      ] GC(8028) Phase 4: Compact heap 4.186ms
[2020-12-15T11:01:45.246-0500][gc,heap        ] GC(8028) Eden regions: 3->0(12)
[2020-12-15T11:01:45.246-0500][gc,heap        ] GC(8028) Survivor regions: 1->0(2)
[2020-12-15T11:01:45.246-0500][gc,heap        ] GC(8028) Old regions: 42->41
[2020-12-15T11:01:45.246-0500][gc,heap        ] GC(8028) Humongous regions: 4->4
[2020-12-15T11:01:45.246-0500][gc,metaspace   ] GC(8028) Metaspace: 49404K->49404K(1093632K)
[2020-12-15T11:01:45.246-0500][gc,heap        ] GC(8028) Heap after GC invocations=8029 (full 1662): garbage-first heap   total 66560K, used 43267K [0x0000000083000000, 0x0000000100000000)
[2020-12-15T11:01:45.246-0500][gc,heap        ] GC(8028)   region size 1024K, 0 young (0K), 0 survivors (0K)
[2020-12-15T11:01:45.246-0500][gc,heap        ] GC(8028)  Metaspace       used 49404K, capacity 51450K, committed 53248K, reserved 1093632K
[2020-12-15T11:01:45.246-0500][gc,heap        ] GC(8028)   class space    used 7386K, capacity 8097K, committed 8704K, reserved 1048576K
[2020-12-15T11:01:45.246-0500][gc             ] GC(8028) Pause Full (System.gc()) 44M->42M(65M) 55.088ms
[2020-12-15T11:01:45.246-0500][gc,cpu         ] GC(8028) User=0.22s Sys=0.00s Real=0.05s
[2020-12-15T11:02:36.013-0500][gc,heap        ] GC(8029) Heap before GC invocations=8029 (full 1662): garbage-first heap   total 66560K, used 54531K [0x0000000083000000, 0x0000000100000000)
[2020-12-15T11:02:36.013-0500][gc,heap        ] GC(8029)   region size 1024K, 12 young (12288K), 0 survivors (0K)
[2020-12-15T11:02:36.013-0500][gc,heap        ] GC(8029)  Metaspace       used 49404K, capacity 51450K, committed 53248K, reserved 1093632K
[2020-12-15T11:02:36.013-0500][gc,heap        ] GC(8029)   class space    used 7386K, capacity 8097K, committed 8704K, reserved 1048576K
[2020-12-15T11:02:36.013-0500][gc,start       ] GC(8029) Pause Young (Concurrent Start) (G1 Evacuation Pause)
[2020-12-15T11:02:36.013-0500][gc,task        ] GC(8029) Using 8 workers of 8 for evacuation
[2020-12-15T11:02:36.016-0500][gc,phases      ] GC(8029)   Pre Evacuate Collection Set: 0.2ms
[2020-12-15T11:02:36.016-0500][gc,phases      ] GC(8029)   Evacuate Collection Set: 1.0ms
[2020-12-15T11:02:36.016-0500][gc,phases      ] GC(8029)   Post Evacuate Collection Set: 1.2ms
[2020-12-15T11:02:36.016-0500][gc,phases      ] GC(8029)   Other: 0.2ms
[2020-12-15T11:02:36.016-0500][gc,heap        ] GC(8029) Eden regions: 12->0(11)
[2020-12-15T11:02:36.016-0500][gc,heap        ] GC(8029) Survivor regions: 0->1(2)
[2020-12-15T11:02:36.016-0500][gc,heap        ] GC(8029) Old regions: 41->41
[2020-12-15T11:02:36.016-0500][gc,heap        ] GC(8029) Humongous regions: 4->4
[2020-12-15T11:02:36.016-0500][gc,metaspace   ] GC(8029) Metaspace: 49404K->49404K(1093632K)
[2020-12-15T11:02:36.016-0500][gc,heap        ] GC(8029) Heap after GC invocations=8030 (full 1662): garbage-first heap   total 66560K, used 43340K [0x0000000083000000, 0x0000000100000000)
[2020-12-15T11:02:36.016-0500][gc,heap        ] GC(8029)   region size 1024K, 1 young (1024K), 1 survivors (1024K)
[2020-12-15T11:02:36.016-0500][gc,heap        ] GC(8029)  Metaspace       used 49404K, capacity 51450K, committed 53248K, reserved 1093632K
[2020-12-15T11:02:36.016-0500][gc,heap        ] GC(8029)   class space    used 7386K, capacity 8097K, committed 8704K, reserved 1048576K
[2020-12-15T11:02:36.016-0500][gc             ] GC(8029) Pause Young (Concurrent Start) (G1 Evacuation Pause) 54M->42M(65M) 2.718ms
[2020-12-15T11:02:36.016-0500][gc,cpu         ] GC(8029) User=0.00s Sys=0.00s Real=0.00s
[2020-12-15T11:02:36.016-0500][gc             ] GC(8030) Concurrent Cycle
[2020-12-15T11:02:36.016-0500][gc,marking     ] GC(8030) Concurrent Clear Claimed Marks
[2020-12-15T11:02:36.016-0500][gc,marking     ] GC(8030) Concurrent Clear Claimed Marks 0.117ms
[2020-12-15T11:02:36.016-0500][gc,marking     ] GC(8030) Concurrent Scan Root Regions
[2020-12-15T11:02:36.017-0500][gc,marking     ] GC(8030) Concurrent Scan Root Regions 0.888ms
[2020-12-15T11:02:36.017-0500][gc,marking     ] GC(8030) Concurrent Mark (498353.404s)
[2020-12-15T11:02:36.017-0500][gc,marking     ] GC(8030) Concurrent Mark From Roots
[2020-12-15T11:02:36.017-0500][gc,task        ] GC(8030) Using 2 workers of 2 for marking
[2020-12-15T11:02:36.061-0500][gc,marking     ] GC(8030) Concurrent Mark From Roots 44.057ms
[2020-12-15T11:02:36.061-0500][gc,marking     ] GC(8030) Concurrent Preclean
[2020-12-15T11:02:36.061-0500][gc,marking     ] GC(8030) Concurrent Preclean 0.232ms
[2020-12-15T11:02:36.061-0500][gc,marking     ] GC(8030) Concurrent Mark (498353.404s, 498353.448s) 44.385ms
[2020-12-15T11:02:36.062-0500][gc,start       ] GC(8030) Pause Remark
[2020-12-15T11:02:36.080-0500][gc,stringtable ] GC(8030) Cleaned string and symbol table, strings: 32748 processed, 0 removed, symbols: 120723 processed, 0 removed
[2020-12-15T11:02:36.081-0500][gc             ] GC(8030) Pause Remark 42M->42M(65M) 18.809ms
[2020-12-15T11:02:36.081-0500][gc,cpu         ] GC(8030) User=0.12s Sys=0.00s Real=0.02s
[2020-12-15T11:02:36.081-0500][gc,marking     ] GC(8030) Concurrent Rebuild Remembered Sets
[2020-12-15T11:02:36.102-0500][gc,marking     ] GC(8030) Concurrent Rebuild Remembered Sets 21.118ms
[2020-12-15T11:02:36.102-0500][gc,start       ] GC(8030) Pause Cleanup
[2020-12-15T11:02:36.102-0500][gc             ] GC(8030) Pause Cleanup 42M->42M(65M) 0.217ms
[2020-12-15T11:02:36.102-0500][gc,cpu         ] GC(8030) User=0.00s Sys=0.00s Real=0.00s
[2020-12-15T11:02:36.102-0500][gc,marking     ] GC(8030) Concurrent Cleanup for Next Mark
[2020-12-15T11:02:36.103-0500][gc,marking     ] GC(8030) Concurrent Cleanup for Next Mark 0.125ms
[2020-12-15T11:02:36.103-0500][gc             ] GC(8030) Concurrent Cycle 86.735ms
[2020-12-15T11:03:32.579-0500][gc,heap        ] GC(8031) Heap before GC invocations=8031 (full 1662): garbage-first heap   total 66560K, used 53580K [0x0000000083000000, 0x0000000100000000)
[2020-12-15T11:03:32.579-0500][gc,heap        ] GC(8031)   region size 1024K, 12 young (12288K), 1 survivors (1024K)
[2020-12-15T11:03:32.579-0500][gc,heap        ] GC(8031)  Metaspace       used 49404K, capacity 51450K, committed 53248K, reserved 1093632K
[2020-12-15T11:03:32.579-0500][gc,heap        ] GC(8031)   class space    used 7386K, capacity 8097K, committed 8704K, reserved 1048576K
[2020-12-15T11:03:32.579-0500][gc,start       ] GC(8031) Pause Young (Normal) (G1 Evacuation Pause)
[2020-12-15T11:03:32.579-0500][gc,task        ] GC(8031) Using 8 workers of 8 for evacuation
[2020-12-15T11:03:32.581-0500][gc,phases      ] GC(8031)   Pre Evacuate Collection Set: 0.0ms
[2020-12-15T11:03:32.581-0500][gc,phases      ] GC(8031)   Evacuate Collection Set: 0.9ms
[2020-12-15T11:03:32.581-0500][gc,phases      ] GC(8031)   Post Evacuate Collection Set: 1.3ms
[2020-12-15T11:03:32.581-0500][gc,phases      ] GC(8031)   Other: 0.3ms
[2020-12-15T11:03:32.581-0500][gc,heap        ] GC(8031) Eden regions: 11->0(11)
[2020-12-15T11:03:32.581-0500][gc,heap        ] GC(8031) Survivor regions: 1->1(2)
[2020-12-15T11:03:32.581-0500][gc,heap        ] GC(8031) Old regions: 41->41
[2020-12-15T11:03:32.581-0500][gc,heap        ] GC(8031) Humongous regions: 4->4
[2020-12-15T11:03:32.581-0500][gc,metaspace   ] GC(8031) Metaspace: 49404K->49404K(1093632K)
[2020-12-15T11:03:32.581-0500][gc,heap        ] GC(8031) Heap after GC invocations=8032 (full 1662): garbage-first heap   total 66560K, used 43335K [0x0000000083000000, 0x0000000100000000)
[2020-12-15T11:03:32.581-0500][gc,heap        ] GC(8031)   region size 1024K, 1 young (1024K), 1 survivors (1024K)
[2020-12-15T11:03:32.581-0500][gc,heap        ] GC(8031)  Metaspace       used 49404K, capacity 51450K, committed 53248K, reserved 1093632K
[2020-12-15T11:03:32.581-0500][gc,heap        ] GC(8031)   class space    used 7386K, capacity 8097K, committed 8704K, reserved 1048576K
[2020-12-15T11:03:32.581-0500][gc             ] GC(8031) Pause Young (Normal) (G1 Evacuation Pause) 53M->42M(65M) 2.553ms
[2020-12-15T11:03:32.582-0500][gc,cpu         ] GC(8031) User=0.00s Sys=0.01s Real=0.00s
[2020-12-15T11:04:25.520-0500][gc,heap        ] GC(8032) Heap before GC invocations=8032 (full 1662): garbage-first heap   total 66560K, used 53575K [0x0000000083000000, 0x0000000100000000)
[2020-12-15T11:04:25.520-0500][gc,heap        ] GC(8032)   region size 1024K, 12 young (12288K), 1 survivors (1024K)
[2020-12-15T11:04:25.520-0500][gc,heap        ] GC(8032)  Metaspace       used 49404K, capacity 51450K, committed 53248K, reserved 1093632K
[2020-12-15T11:04:25.520-0500][gc,heap        ] GC(8032)   class space    used 7386K, capacity 8097K, committed 8704K, reserved 1048576K
[2020-12-15T11:04:25.520-0500][gc,start       ] GC(8032) Pause Young (Concurrent Start) (G1 Evacuation Pause)
[2020-12-15T11:04:25.520-0500][gc,task        ] GC(8032) Using 8 workers of 8 for evacuation
[2020-12-15T11:04:25.549-0500][gc,phases      ] GC(8032)   Pre Evacuate Collection Set: 0.2ms
[2020-12-15T11:04:25.549-0500][gc,phases      ] GC(8032)   Evacuate Collection Set: 8.6ms
[2020-12-15T11:04:25.549-0500][gc,phases      ] GC(8032)   Post Evacuate Collection Set: 19.6ms
[2020-12-15T11:04:25.549-0500][gc,phases      ] GC(8032)   Other: 0.5ms
[2020-12-15T11:04:25.549-0500][gc,heap        ] GC(8032) Eden regions: 11->0(11)
[2020-12-15T11:04:25.549-0500][gc,heap        ] GC(8032) Survivor regions: 1->1(2)
[2020-12-15T11:04:25.549-0500][gc,heap        ] GC(8032) Old regions: 41->41
[2020-12-15T11:04:25.549-0500][gc,heap        ] GC(8032) Humongous regions: 4->4
[2020-12-15T11:04:25.549-0500][gc,metaspace   ] GC(8032) Metaspace: 49404K->49404K(1093632K)
[2020-12-15T11:04:25.549-0500][gc,heap        ] GC(8032) Heap after GC invocations=8033 (full 1662): garbage-first heap   total 66560K, used 43492K [0x0000000083000000, 0x0000000100000000)
[2020-12-15T11:04:25.549-0500][gc,heap        ] GC(8032)   region size 1024K, 1 young (1024K), 1 survivors (1024K)
[2020-12-15T11:04:25.549-0500][gc,heap        ] GC(8032)  Metaspace       used 49404K, capacity 51450K, committed 53248K, reserved 1093632K
[2020-12-15T11:04:25.549-0500][gc,heap        ] GC(8032)   class space    used 7386K, capacity 8097K, committed 8704K, reserved 1048576K
[2020-12-15T11:04:25.549-0500][gc             ] GC(8032) Pause Young (Concurrent Start) (G1 Evacuation Pause) 53M->42M(65M) 28.990ms
[2020-12-15T11:04:25.549-0500][gc,cpu         ] GC(8032) User=0.09s Sys=0.01s Real=0.03s
[2020-12-15T11:04:25.550-0500][gc             ] GC(8033) Concurrent Cycle
[2020-12-15T11:04:25.550-0500][gc,marking     ] GC(8033) Concurrent Clear Claimed Marks
[2020-12-15T11:04:25.550-0500][gc,marking     ] GC(8033) Concurrent Clear Claimed Marks 0.186ms
[2020-12-15T11:04:25.550-0500][gc,marking     ] GC(8033) Concurrent Scan Root Regions
[2020-12-15T11:04:25.551-0500][gc,marking     ] GC(8033) Concurrent Scan Root Regions 0.915ms
[2020-12-15T11:04:25.551-0500][gc,marking     ] GC(8033) Concurrent Mark (498462.938s)
[2020-12-15T11:04:25.551-0500][gc,marking     ] GC(8033) Concurrent Mark From Roots
[2020-12-15T11:04:25.551-0500][gc,task        ] GC(8033) Using 2 workers of 2 for marking
[2020-12-15T11:04:25.626-0500][gc,marking     ] GC(8033) Concurrent Mark From Roots 74.715ms
[2020-12-15T11:04:25.626-0500][gc,marking     ] GC(8033) Concurrent Preclean
[2020-12-15T11:04:25.626-0500][gc,marking     ] GC(8033) Concurrent Preclean 0.241ms
[2020-12-15T11:04:25.626-0500][gc,marking     ] GC(8033) Concurrent Mark (498462.938s, 498463.013s) 75.062ms
[2020-12-15T11:04:25.626-0500][gc,start       ] GC(8033) Pause Remark
[2020-12-15T11:04:25.697-0500][gc,stringtable ] GC(8033) Cleaned string and symbol table, strings: 32748 processed, 0 removed, symbols: 120723 processed, 0 removed
[2020-12-15T11:04:25.697-0500][gc             ] GC(8033) Pause Remark 43M->43M(65M) 71.163ms
[2020-12-15T11:04:25.698-0500][gc,cpu         ] GC(8033) User=0.38s Sys=0.00s Real=0.08s
[2020-12-15T11:04:25.698-0500][gc,marking     ] GC(8033) Concurrent Rebuild Remembered Sets
[2020-12-15T11:04:25.734-0500][gc,marking     ] GC(8033) Concurrent Rebuild Remembered Sets 35.254ms
[2020-12-15T11:04:25.734-0500][gc,start       ] GC(8033) Pause Cleanup
[2020-12-15T11:04:25.734-0500][gc             ] GC(8033) Pause Cleanup 43M->43M(65M) 0.265ms
[2020-12-15T11:04:25.734-0500][gc,cpu         ] GC(8033) User=0.00s Sys=0.00s Real=0.00s
[2020-12-15T11:04:25.734-0500][gc,marking     ] GC(8033) Concurrent Cleanup for Next Mark
[2020-12-15T11:04:25.735-0500][gc,marking     ] GC(8033) Concurrent Cleanup for Next Mark 0.284ms
[2020-12-15T11:04:25.735-0500][gc             ] GC(8033) Concurrent Cycle 185.044ms
[2020-12-15T11:05:15.515-0500][gc,heap        ] GC(8034) Heap before GC invocations=8034 (full 1662): garbage-first heap   total 66560K, used 53732K [0x0000000083000000, 0x0000000100000000)
[2020-12-15T11:05:15.515-0500][gc,heap        ] GC(8034)   region size 1024K, 12 young (12288K), 1 survivors (1024K)
[2020-12-15T11:05:15.515-0500][gc,heap        ] GC(8034)  Metaspace       used 49404K, capacity 51450K, committed 53248K, reserved 1093632K
[2020-12-15T11:05:15.515-0500][gc,heap        ] GC(8034)   class space    used 7386K, capacity 8097K, committed 8704K, reserved 1048576K
[2020-12-15T11:05:15.515-0500][gc,start       ] GC(8034) Pause Young (Normal) (G1 Evacuation Pause)
[2020-12-15T11:05:15.515-0500][gc,task        ] GC(8034) Using 8 workers of 8 for evacuation
[2020-12-15T11:05:15.518-0500][gc,phases      ] GC(8034)   Pre Evacuate Collection Set: 0.0ms
[2020-12-15T11:05:15.518-0500][gc,phases      ] GC(8034)   Evacuate Collection Set: 2.0ms
[2020-12-15T11:05:15.518-0500][gc,phases      ] GC(8034)   Post Evacuate Collection Set: 1.4ms
[2020-12-15T11:05:15.518-0500][gc,phases      ] GC(8034)   Other: 0.2ms
[2020-12-15T11:05:15.518-0500][gc,heap        ] GC(8034) Eden regions: 11->0(11)
[2020-12-15T11:05:15.518-0500][gc,heap        ] GC(8034) Survivor regions: 1->1(2)
[2020-12-15T11:05:15.518-0500][gc,heap        ] GC(8034) Old regions: 41->41
[2020-12-15T11:05:15.518-0500][gc,heap        ] GC(8034) Humongous regions: 4->4
[2020-12-15T11:05:15.518-0500][gc,metaspace   ] GC(8034) Metaspace: 49404K->49404K(1093632K)
[2020-12-15T11:05:15.518-0500][gc,heap        ] GC(8034) Heap after GC invocations=8035 (full 1662): garbage-first heap   total 66560K, used 43514K [0x0000000083000000, 0x0000000100000000)
[2020-12-15T11:05:15.518-0500][gc,heap        ] GC(8034)   region size 1024K, 1 young (1024K), 1 survivors (1024K)
[2020-12-15T11:05:15.518-0500][gc,heap        ] GC(8034)  Metaspace       used 49404K, capacity 51450K, committed 53248K, reserved 1093632K
[2020-12-15T11:05:15.518-0500][gc,heap        ] GC(8034)   class space    used 7386K, capacity 8097K, committed 8704K, reserved 1048576K
[2020-12-15T11:05:15.518-0500][gc             ] GC(8034) Pause Young (Normal) (G1 Evacuation Pause) 53M->42M(65M) 3.716ms
[2020-12-15T11:05:15.519-0500][gc,cpu         ] GC(8034) User=0.01s Sys=0.00s Real=0.01s
[2020-12-15T11:06:05.519-0500][gc,heap        ] GC(8035) Heap before GC invocations=8035 (full 1662): garbage-first heap   total 66560K, used 53754K [0x0000000083000000, 0x0000000100000000)
[2020-12-15T11:06:05.519-0500][gc,heap        ] GC(8035)   region size 1024K, 12 young (12288K), 1 survivors (1024K)
[2020-12-15T11:06:05.519-0500][gc,heap        ] GC(8035)  Metaspace       used 49404K, capacity 51450K, committed 53248K, reserved 1093632K
[2020-12-15T11:06:05.519-0500][gc,heap        ] GC(8035)   class space    used 7386K, capacity 8097K, committed 8704K, reserved 1048576K
[2020-12-15T11:06:05.519-0500][gc,start       ] GC(8035) Pause Young (Concurrent Start) (G1 Evacuation Pause)
[2020-12-15T11:06:05.519-0500][gc,task        ] GC(8035) Using 8 workers of 8 for evacuation
[2020-12-15T11:06:05.522-0500][gc,phases      ] GC(8035)   Pre Evacuate Collection Set: 0.2ms
[2020-12-15T11:06:05.522-0500][gc,phases      ] GC(8035)   Evacuate Collection Set: 1.8ms
[2020-12-15T11:06:05.522-0500][gc,phases      ] GC(8035)   Post Evacuate Collection Set: 1.5ms
[2020-12-15T11:06:05.522-0500][gc,phases      ] GC(8035)   Other: 0.4ms
[2020-12-15T11:06:05.522-0500][gc,heap        ] GC(8035) Eden regions: 11->0(11)
[2020-12-15T11:06:05.522-0500][gc,heap        ] GC(8035) Survivor regions: 1->1(2)
[2020-12-15T11:06:05.522-0500][gc,heap        ] GC(8035) Old regions: 41->41
[2020-12-15T11:06:05.522-0500][gc,heap        ] GC(8035) Humongous regions: 4->4
[2020-12-15T11:06:05.523-0500][gc,metaspace   ] GC(8035) Metaspace: 49404K->49404K(1093632K)
[2020-12-15T11:06:05.523-0500][gc,heap        ] GC(8035) Heap after GC invocations=8036 (full 1662): garbage-first heap   total 66560K, used 43548K [0x0000000083000000, 0x0000000100000000)
[2020-12-15T11:06:05.523-0500][gc,heap        ] GC(8035)   region size 1024K, 1 young (1024K), 1 survivors (1024K)
[2020-12-15T11:06:05.523-0500][gc,heap        ] GC(8035)  Metaspace       used 49404K, capacity 51450K, committed 53248K, reserved 1093632K
[2020-12-15T11:06:05.523-0500][gc,heap        ] GC(8035)   class space    used 7386K, capacity 8097K, committed 8704K, reserved 1048576K
[2020-12-15T11:06:05.523-0500][gc             ] GC(8035) Pause Young (Concurrent Start) (G1 Evacuation Pause) 53M->42M(65M) 3.834ms
[2020-12-15T11:06:05.523-0500][gc,cpu         ] GC(8035) User=0.00s Sys=0.00s Real=0.00s
[2020-12-15T11:06:05.523-0500][gc             ] GC(8036) Concurrent Cycle
[2020-12-15T11:06:05.523-0500][gc,marking     ] GC(8036) Concurrent Clear Claimed Marks
[2020-12-15T11:06:05.523-0500][gc,marking     ] GC(8036) Concurrent Clear Claimed Marks 0.116ms
[2020-12-15T11:06:05.523-0500][gc,marking     ] GC(8036) Concurrent Scan Root Regions
[2020-12-15T11:06:05.524-0500][gc,marking     ] GC(8036) Concurrent Scan Root Regions 1.467ms
[2020-12-15T11:06:05.525-0500][gc,marking     ] GC(8036) Concurrent Mark (498562.912s)
[2020-12-15T11:06:05.525-0500][gc,marking     ] GC(8036) Concurrent Mark From Roots
[2020-12-15T11:06:05.525-0500][gc,task        ] GC(8036) Using 2 workers of 2 for marking
[2020-12-15T11:06:05.632-0500][gc,marking     ] GC(8036) Concurrent Mark From Roots 107.293ms
[2020-12-15T11:06:05.632-0500][gc,marking     ] GC(8036) Concurrent Preclean
[2020-12-15T11:06:05.632-0500][gc,marking     ] GC(8036) Concurrent Preclean 0.185ms
[2020-12-15T11:06:05.632-0500][gc,marking     ] GC(8036) Concurrent Mark (498562.912s, 498563.019s) 107.568ms
[2020-12-15T11:06:05.633-0500][gc,start       ] GC(8036) Pause Remark
[2020-12-15T11:06:05.645-0500][gc,stringtable ] GC(8036) Cleaned string and symbol table, strings: 32748 processed, 0 removed, symbols: 120723 processed, 0 removed
[2020-12-15T11:06:05.646-0500][gc             ] GC(8036) Pause Remark 42M->42M(65M) 13.081ms
[2020-12-15T11:06:05.646-0500][gc,cpu         ] GC(8036) User=0.06s Sys=0.00s Real=0.01s
[2020-12-15T11:06:05.646-0500][gc,marking     ] GC(8036) Concurrent Rebuild Remembered Sets
[2020-12-15T11:06:05.675-0500][gc,marking     ] GC(8036) Concurrent Rebuild Remembered Sets 29.377ms
[2020-12-15T11:06:05.676-0500][gc,start       ] GC(8036) Pause Cleanup
[2020-12-15T11:06:05.676-0500][gc             ] GC(8036) Pause Cleanup 42M->42M(65M) 0.249ms
[2020-12-15T11:06:05.676-0500][gc,cpu         ] GC(8036) User=0.00s Sys=0.00s Real=0.00s
[2020-12-15T11:06:05.676-0500][gc,marking     ] GC(8036) Concurrent Cleanup for Next Mark
[2020-12-15T11:06:05.676-0500][gc,marking     ] GC(8036) Concurrent Cleanup for Next Mark 0.243ms
[2020-12-15T11:06:05.676-0500][gc             ] GC(8036) Concurrent Cycle 153.653ms
[2020-12-15T11:06:45.190-0500][gc,task        ] GC(8037) Using 5 workers of 8 for full compaction
[2020-12-15T11:06:45.190-0500][gc,start       ] GC(8037) Pause Full (System.gc())
[2020-12-15T11:06:45.190-0500][gc,heap        ] GC(8037) Heap before GC invocations=8037 (full 1662): garbage-first heap   total 66560K, used 49692K [0x0000000083000000, 0x0000000100000000)
[2020-12-15T11:06:45.190-0500][gc,heap        ] GC(8037)   region size 1024K, 9 young (9216K), 1 survivors (1024K)
[2020-12-15T11:06:45.190-0500][gc,heap        ] GC(8037)  Metaspace       used 49404K, capacity 51450K, committed 53248K, reserved 1093632K
[2020-12-15T11:06:45.190-0500][gc,heap        ] GC(8037)   class space    used 7386K, capacity 8097K, committed 8704K, reserved 1048576K
[2020-12-15T11:06:45.191-0500][gc,phases,start] GC(8037) Phase 1: Mark live objects
[2020-12-15T11:06:45.217-0500][gc,stringtable ] GC(8037) Cleaned string and symbol table, strings: 32748 processed, 5 removed, symbols: 120723 processed, 0 removed
[2020-12-15T11:06:45.218-0500][gc,phases      ] GC(8037) Phase 1: Mark live objects 26.765ms
[2020-12-15T11:06:45.218-0500][gc,phases,start] GC(8037) Phase 2: Prepare for compaction
[2020-12-15T11:06:45.223-0500][gc,phases      ] GC(8037) Phase 2: Prepare for compaction 5.453ms
[2020-12-15T11:06:45.223-0500][gc,phases,start] GC(8037) Phase 3: Adjust pointers
[2020-12-15T11:06:45.239-0500][gc,phases      ] GC(8037) Phase 3: Adjust pointers 16.324ms
[2020-12-15T11:06:45.239-0500][gc,phases,start] GC(8037) Phase 4: Compact heap
[2020-12-15T11:06:45.244-0500][gc,phases      ] GC(8037) Phase 4: Compact heap 4.146ms
[2020-12-15T11:06:45.254-0500][gc,heap        ] GC(8037) Eden regions: 8->0(11)
[2020-12-15T11:06:45.254-0500][gc,heap        ] GC(8037) Survivor regions: 1->0(2)
[2020-12-15T11:06:45.254-0500][gc,heap        ] GC(8037) Old regions: 41->42
[2020-12-15T11:06:45.254-0500][gc,heap        ] GC(8037) Humongous regions: 4->4
[2020-12-15T11:06:45.254-0500][gc,metaspace   ] GC(8037) Metaspace: 49404K->49404K(1093632K)
[2020-12-15T11:06:45.254-0500][gc,heap        ] GC(8037) Heap after GC invocations=8038 (full 1663): garbage-first heap   total 66560K, used 43275K [0x0000000083000000, 0x0000000100000000)
[2020-12-15T11:06:45.254-0500][gc,heap        ] GC(8037)   region size 1024K, 0 young (0K), 0 survivors (0K)
[2020-12-15T11:06:45.254-0500][gc,heap        ] GC(8037)  Metaspace       used 49404K, capacity 51450K, committed 53248K, reserved 1093632K
[2020-12-15T11:06:45.254-0500][gc,heap        ] GC(8037)   class space    used 7386K, capacity 8097K, committed 8704K, reserved 1048576K
[2020-12-15T11:06:45.254-0500][gc             ] GC(8037) Pause Full (System.gc()) 49M->42M(65M) 63.560ms
[2020-12-15T11:06:45.254-0500][gc,cpu         ] GC(8037) User=0.25s Sys=0.00s Real=0.06s
[2020-12-15T11:07:35.557-0500][gc,heap        ] GC(8038) Heap before GC invocations=8038 (full 1663): garbage-first heap   total 66560K, used 53515K [0x0000000083000000, 0x0000000100000000)
[2020-12-15T11:07:35.558-0500][gc,heap        ] GC(8038)   region size 1024K, 11 young (11264K), 0 survivors (0K)
[2020-12-15T11:07:35.558-0500][gc,heap        ] GC(8038)  Metaspace       used 49404K, capacity 51450K, committed 53248K, reserved 1093632K
[2020-12-15T11:07:35.558-0500][gc,heap        ] GC(8038)   class space    used 7386K, capacity 8097K, committed 8704K, reserved 1048576K
[2020-12-15T11:07:35.558-0500][gc,start       ] GC(8038) Pause Young (Concurrent Start) (G1 Evacuation Pause)
[2020-12-15T11:07:35.558-0500][gc,task        ] GC(8038) Using 8 workers of 8 for evacuation
[2020-12-15T11:07:35.717-0500][gc,phases      ] GC(8038)   Pre Evacuate Collection Set: 0.2ms
[2020-12-15T11:07:35.718-0500][gc,phases      ] GC(8038)   Evacuate Collection Set: 116.2ms
[2020-12-15T11:07:35.718-0500][gc,phases      ] GC(8038)   Post Evacuate Collection Set: 41.3ms
[2020-12-15T11:07:35.718-0500][gc,phases      ] GC(8038)   Other: 2.2ms
[2020-12-15T11:07:35.718-0500][gc,heap        ] GC(8038) Eden regions: 11->0(10)
[2020-12-15T11:07:35.718-0500][gc,heap        ] GC(8038) Survivor regions: 0->1(2)
[2020-12-15T11:07:35.718-0500][gc,heap        ] GC(8038) Old regions: 42->42
[2020-12-15T11:07:35.718-0500][gc,heap        ] GC(8038) Humongous regions: 4->4
[2020-12-15T11:07:35.718-0500][gc,metaspace   ] GC(8038) Metaspace: 49404K->49404K(1093632K)
[2020-12-15T11:07:35.719-0500][gc,heap        ] GC(8038) Heap after GC invocations=8039 (full 1663): garbage-first heap   total 66560K, used 43504K [0x0000000083000000, 0x0000000100000000)
[2020-12-15T11:07:35.719-0500][gc,heap        ] GC(8038)   region size 1024K, 1 young (1024K), 1 survivors (1024K)
[2020-12-15T11:07:35.719-0500][gc,heap        ] GC(8038)  Metaspace       used 49404K, capacity 51450K, committed 53248K, reserved 1093632K
[2020-12-15T11:07:35.719-0500][gc,heap        ] GC(8038)   class space    used 7386K, capacity 8097K, committed 8704K, reserved 1048576K
[2020-12-15T11:07:35.719-0500][gc             ] GC(8038) Pause Young (Concurrent Start) (G1 Evacuation Pause) 53M->42M(65M) 161.119ms
[2020-12-15T11:07:35.719-0500][gc,cpu         ] GC(8038) User=0.33s Sys=0.06s Real=0.17s
[2020-12-15T11:07:35.719-0500][gc             ] GC(8039) Concurrent Cycle
[2020-12-15T11:07:35.719-0500][gc,marking     ] GC(8039) Concurrent Clear Claimed Marks
[2020-12-15T11:07:35.719-0500][gc,marking     ] GC(8039) Concurrent Clear Claimed Marks 0.285ms
[2020-12-15T11:07:35.719-0500][gc,marking     ] GC(8039) Concurrent Scan Root Regions
[2020-12-15T11:07:35.721-0500][gc,marking     ] GC(8039) Concurrent Scan Root Regions 1.908ms
[2020-12-15T11:07:35.721-0500][gc,marking     ] GC(8039) Concurrent Mark (498653.108s)
[2020-12-15T11:07:35.721-0500][gc,marking     ] GC(8039) Concurrent Mark From Roots
[2020-12-15T11:07:35.721-0500][gc,task        ] GC(8039) Using 2 workers of 2 for marking
[2020-12-15T11:07:35.839-0500][gc,marking     ] GC(8039) Concurrent Mark From Roots 117.599ms
[2020-12-15T11:07:35.839-0500][gc,marking     ] GC(8039) Concurrent Preclean
[2020-12-15T11:07:35.839-0500][gc,marking     ] GC(8039) Concurrent Preclean 0.201ms
[2020-12-15T11:07:35.839-0500][gc,marking     ] GC(8039) Concurrent Mark (498653.108s, 498653.226s) 117.905ms
[2020-12-15T11:07:35.840-0500][gc,start       ] GC(8039) Pause Remark
[2020-12-15T11:07:35.852-0500][gc,stringtable ] GC(8039) Cleaned string and symbol table, strings: 32748 processed, 0 removed, symbols: 120723 processed, 0 removed
[2020-12-15T11:07:35.854-0500][gc             ] GC(8039) Pause Remark 43M->43M(65M) 13.882ms
[2020-12-15T11:07:35.854-0500][gc,cpu         ] GC(8039) User=0.06s Sys=0.00s Real=0.01s
[2020-12-15T11:07:35.855-0500][gc,marking     ] GC(8039) Concurrent Rebuild Remembered Sets
[2020-12-15T11:07:35.902-0500][gc,marking     ] GC(8039) Concurrent Rebuild Remembered Sets 46.816ms
[2020-12-15T11:07:35.902-0500][gc,start       ] GC(8039) Pause Cleanup
[2020-12-15T11:07:35.902-0500][gc             ] GC(8039) Pause Cleanup 43M->43M(65M) 0.368ms
[2020-12-15T11:07:35.903-0500][gc,cpu         ] GC(8039) User=0.00s Sys=0.00s Real=0.00s
[2020-12-15T11:07:35.903-0500][gc,marking     ] GC(8039) Concurrent Cleanup for Next Mark
[2020-12-15T11:07:35.903-0500][gc,marking     ] GC(8039) Concurrent Cleanup for Next Mark 0.570ms
[2020-12-15T11:07:35.903-0500][gc             ] GC(8039) Concurrent Cycle 184.228ms
[2020-12-15T11:08:22.770-0500][gc,heap        ] GC(8040) Heap before GC invocations=8040 (full 1663): garbage-first heap   total 66560K, used 53744K [0x0000000083000000, 0x0000000100000000)
[2020-12-15T11:08:22.770-0500][gc,heap        ] GC(8040)   region size 1024K, 11 young (11264K), 1 survivors (1024K)
[2020-12-15T11:08:22.770-0500][gc,heap        ] GC(8040)  Metaspace       used 49404K, capacity 51450K, committed 53248K, reserved 1093632K
[2020-12-15T11:08:22.770-0500][gc,heap        ] GC(8040)   class space    used 7386K, capacity 8097K, committed 8704K, reserved 1048576K
[2020-12-15T11:08:22.771-0500][gc,start       ] GC(8040) Pause Young (Normal) (G1 Evacuation Pause)
[2020-12-15T11:08:22.771-0500][gc,task        ] GC(8040) Using 8 workers of 8 for evacuation
[2020-12-15T11:08:22.775-0500][gc,phases      ] GC(8040)   Pre Evacuate Collection Set: 0.0ms
[2020-12-15T11:08:22.775-0500][gc,phases      ] GC(8040)   Evacuate Collection Set: 2.1ms
[2020-12-15T11:08:22.775-0500][gc,phases      ] GC(8040)   Post Evacuate Collection Set: 1.8ms
[2020-12-15T11:08:22.775-0500][gc,phases      ] GC(8040)   Other: 0.2ms
[2020-12-15T11:08:22.775-0500][gc,heap        ] GC(8040) Eden regions: 10->0(10)
[2020-12-15T11:08:22.775-0500][gc,heap        ] GC(8040) Survivor regions: 1->1(2)
[2020-12-15T11:08:22.775-0500][gc,heap        ] GC(8040) Old regions: 42->42
[2020-12-15T11:08:22.775-0500][gc,heap        ] GC(8040) Humongous regions: 4->4
[2020-12-15T11:08:22.775-0500][gc,metaspace   ] GC(8040) Metaspace: 49404K->49404K(1093632K)
[2020-12-15T11:08:22.775-0500][gc,heap        ] GC(8040) Heap after GC invocations=8041 (full 1663): garbage-first heap   total 66560K, used 43354K [0x0000000083000000, 0x0000000100000000)
[2020-12-15T11:08:22.775-0500][gc,heap        ] GC(8040)   region size 1024K, 1 young (1024K), 1 survivors (1024K)
[2020-12-15T11:08:22.775-0500][gc,heap        ] GC(8040)  Metaspace       used 49404K, capacity 51450K, committed 53248K, reserved 1093632K
[2020-12-15T11:08:22.775-0500][gc,heap        ] GC(8040)   class space    used 7386K, capacity 8097K, committed 8704K, reserved 1048576K
[2020-12-15T11:08:22.775-0500][gc             ] GC(8040) Pause Young (Normal) (G1 Evacuation Pause) 52M->42M(65M) 4.232ms
[2020-12-15T11:08:22.775-0500][gc,cpu         ] GC(8040) User=0.01s Sys=0.01s Real=0.00s
[2020-12-15T11:09:05.546-0500][gc,heap        ] GC(8041) Heap before GC invocations=8041 (full 1663): garbage-first heap   total 66560K, used 52570K [0x0000000083000000, 0x0000000100000000)
[2020-12-15T11:09:05.546-0500][gc,heap        ] GC(8041)   region size 1024K, 11 young (11264K), 1 survivors (1024K)
[2020-12-15T11:09:05.546-0500][gc,heap        ] GC(8041)  Metaspace       used 49404K, capacity 51450K, committed 53248K, reserved 1093632K
[2020-12-15T11:09:05.546-0500][gc,heap        ] GC(8041)   class space    used 7386K, capacity 8097K, committed 8704K, reserved 1048576K
[2020-12-15T11:09:05.546-0500][gc,start       ] GC(8041) Pause Young (Concurrent Start) (G1 Evacuation Pause)
[2020-12-15T11:09:05.546-0500][gc,task        ] GC(8041) Using 8 workers of 8 for evacuation
[2020-12-15T11:09:05.599-0500][gc,phases      ] GC(8041)   Pre Evacuate Collection Set: 0.2ms
[2020-12-15T11:09:05.599-0500][gc,phases      ] GC(8041)   Evacuate Collection Set: 12.2ms
[2020-12-15T11:09:05.599-0500][gc,phases      ] GC(8041)   Post Evacuate Collection Set: 39.6ms
[2020-12-15T11:09:05.599-0500][gc,phases      ] GC(8041)   Other: 0.5ms
[2020-12-15T11:09:05.599-0500][gc,heap        ] GC(8041) Eden regions: 10->0(10)
[2020-12-15T11:09:05.599-0500][gc,heap        ] GC(8041) Survivor regions: 1->1(2)
[2020-12-15T11:09:05.599-0500][gc,heap        ] GC(8041) Old regions: 42->42
[2020-12-15T11:09:05.599-0500][gc,heap        ] GC(8041) Humongous regions: 4->4
[2020-12-15T11:09:05.599-0500][gc,metaspace   ] GC(8041) Metaspace: 49404K->49404K(1093632K)
[2020-12-15T11:09:05.599-0500][gc,heap        ] GC(8041) Heap after GC invocations=8042 (full 1663): garbage-first heap   total 66560K, used 43379K [0x0000000083000000, 0x0000000100000000)
[2020-12-15T11:09:05.599-0500][gc,heap        ] GC(8041)   region size 1024K, 1 young (1024K), 1 survivors (1024K)
[2020-12-15T11:09:05.599-0500][gc,heap        ] GC(8041)  Metaspace       used 49404K, capacity 51450K, committed 53248K, reserved 1093632K
[2020-12-15T11:09:05.599-0500][gc,heap        ] GC(8041)   class space    used 7386K, capacity 8097K, committed 8704K, reserved 1048576K
[2020-12-15T11:09:05.599-0500][gc             ] GC(8041) Pause Young (Concurrent Start) (G1 Evacuation Pause) 52M->42M(65M) 52.854ms
[2020-12-15T11:09:05.599-0500][gc,cpu         ] GC(8041) User=0.22s Sys=0.00s Real=0.06s
[2020-12-15T11:09:05.602-0500][gc             ] GC(8042) Concurrent Cycle
[2020-12-15T11:09:05.602-0500][gc,marking     ] GC(8042) Concurrent Clear Claimed Marks
[2020-12-15T11:09:05.603-0500][gc,marking     ] GC(8042) Concurrent Clear Claimed Marks 0.544ms
[2020-12-15T11:09:05.603-0500][gc,marking     ] GC(8042) Concurrent Scan Root Regions
[2020-12-15T11:09:05.604-0500][gc,marking     ] GC(8042) Concurrent Scan Root Regions 1.518ms
[2020-12-15T11:09:05.604-0500][gc,marking     ] GC(8042) Concurrent Mark (498742.991s)
[2020-12-15T11:09:05.604-0500][gc,marking     ] GC(8042) Concurrent Mark From Roots
[2020-12-15T11:09:05.604-0500][gc,task        ] GC(8042) Using 2 workers of 2 for marking
[2020-12-15T11:09:05.705-0500][gc,marking     ] GC(8042) Concurrent Mark From Roots 100.944ms
[2020-12-15T11:09:05.705-0500][gc,marking     ] GC(8042) Concurrent Preclean
[2020-12-15T11:09:05.706-0500][gc,marking     ] GC(8042) Concurrent Preclean 0.397ms
[2020-12-15T11:09:05.706-0500][gc,marking     ] GC(8042) Concurrent Mark (498742.991s, 498743.093s) 101.515ms
[2020-12-15T11:09:05.706-0500][gc,start       ] GC(8042) Pause Remark
[2020-12-15T11:09:05.715-0500][gc,stringtable ] GC(8042) Cleaned string and symbol table, strings: 32748 processed, 0 removed, symbols: 120723 processed, 0 removed
[2020-12-15T11:09:05.716-0500][gc             ] GC(8042) Pause Remark 42M->42M(65M) 9.506ms
[2020-12-15T11:09:05.716-0500][gc,cpu         ] GC(8042) User=0.05s Sys=0.00s Real=0.01s
[2020-12-15T11:09:05.716-0500][gc,marking     ] GC(8042) Concurrent Rebuild Remembered Sets
[2020-12-15T11:09:05.764-0500][gc,marking     ] GC(8042) Concurrent Rebuild Remembered Sets 48.084ms
[2020-12-15T11:09:05.765-0500][gc,start       ] GC(8042) Pause Cleanup
[2020-12-15T11:09:05.765-0500][gc             ] GC(8042) Pause Cleanup 42M->42M(65M) 0.342ms
[2020-12-15T11:09:05.765-0500][gc,cpu         ] GC(8042) User=0.00s Sys=0.00s Real=0.00s
[2020-12-15T11:09:05.766-0500][gc,marking     ] GC(8042) Concurrent Cleanup for Next Mark
[2020-12-15T11:09:05.766-0500][gc,marking     ] GC(8042) Concurrent Cleanup for Next Mark 0.451ms
[2020-12-15T11:09:05.766-0500][gc             ] GC(8042) Concurrent Cycle 164.113ms
[2020-12-15T11:09:55.521-0500][gc,heap        ] GC(8043) Heap before GC invocations=8043 (full 1663): garbage-first heap   total 66560K, used 52595K [0x0000000083000000, 0x0000000100000000)
[2020-12-15T11:09:55.521-0500][gc,heap        ] GC(8043)   region size 1024K, 11 young (11264K), 1 survivors (1024K)
[2020-12-15T11:09:55.521-0500][gc,heap        ] GC(8043)  Metaspace       used 49404K, capacity 51450K, committed 53248K, reserved 1093632K
[2020-12-15T11:09:55.521-0500][gc,heap        ] GC(8043)   class space    used 7386K, capacity 8097K, committed 8704K, reserved 1048576K
[2020-12-15T11:09:55.521-0500][gc,start       ] GC(8043) Pause Young (Normal) (G1 Evacuation Pause)
[2020-12-15T11:09:55.521-0500][gc,task        ] GC(8043) Using 8 workers of 8 for evacuation
[2020-12-15T11:09:55.539-0500][gc,phases      ] GC(8043)   Pre Evacuate Collection Set: 0.0ms
[2020-12-15T11:09:55.539-0500][gc,phases      ] GC(8043)   Evacuate Collection Set: 7.7ms
[2020-12-15T11:09:55.539-0500][gc,phases      ] GC(8043)   Post Evacuate Collection Set: 9.9ms
[2020-12-15T11:09:55.539-0500][gc,phases      ] GC(8043)   Other: 0.5ms
[2020-12-15T11:09:55.539-0500][gc,heap        ] GC(8043) Eden regions: 10->0(10)
[2020-12-15T11:09:55.539-0500][gc,heap        ] GC(8043) Survivor regions: 1->1(2)
[2020-12-15T11:09:55.539-0500][gc,heap        ] GC(8043) Old regions: 42->42
[2020-12-15T11:09:55.539-0500][gc,heap        ] GC(8043) Humongous regions: 4->4
[2020-12-15T11:09:55.539-0500][gc,metaspace   ] GC(8043) Metaspace: 49404K->49404K(1093632K)
[2020-12-15T11:09:55.540-0500][gc,heap        ] GC(8043) Heap after GC invocations=8044 (full 1663): garbage-first heap   total 66560K, used 43521K [0x0000000083000000, 0x0000000100000000)
[2020-12-15T11:09:55.540-0500][gc,heap        ] GC(8043)   region size 1024K, 1 young (1024K), 1 survivors (1024K)
[2020-12-15T11:09:55.540-0500][gc,heap        ] GC(8043)  Metaspace       used 49404K, capacity 51450K, committed 53248K, reserved 1093632K
[2020-12-15T11:09:55.540-0500][gc,heap        ] GC(8043)   class space    used 7386K, capacity 8097K, committed 8704K, reserved 1048576K
[2020-12-15T11:09:55.540-0500][gc             ] GC(8043) Pause Young (Normal) (G1 Evacuation Pause) 52M->42M(65M) 18.224ms
[2020-12-15T11:09:55.540-0500][gc,cpu         ] GC(8043) User=0.11s Sys=0.00s Real=0.02s
[2020-12-15T11:10:45.521-0500][gc,heap        ] GC(8044) Heap before GC invocations=8044 (full 1663): garbage-first heap   total 66560K, used 53761K [0x0000000083000000, 0x0000000100000000)
[2020-12-15T11:10:45.521-0500][gc,heap        ] GC(8044)   region size 1024K, 11 young (11264K), 1 survivors (1024K)
[2020-12-15T11:10:45.521-0500][gc,heap        ] GC(8044)  Metaspace       used 49404K, capacity 51450K, committed 53248K, reserved 1093632K
[2020-12-15T11:10:45.521-0500][gc,heap        ] GC(8044)   class space    used 7386K, capacity 8097K, committed 8704K, reserved 1048576K
[2020-12-15T11:10:45.521-0500][gc,start       ] GC(8044) Pause Young (Concurrent Start) (G1 Evacuation Pause)
[2020-12-15T11:10:45.521-0500][gc,task        ] GC(8044) Using 8 workers of 8 for evacuation
[2020-12-15T11:10:45.530-0500][gc,phases      ] GC(8044)   Pre Evacuate Collection Set: 0.2ms
[2020-12-15T11:10:45.530-0500][gc,phases      ] GC(8044)   Evacuate Collection Set: 6.6ms
[2020-12-15T11:10:45.530-0500][gc,phases      ] GC(8044)   Post Evacuate Collection Set: 1.6ms
[2020-12-15T11:10:45.530-0500][gc,phases      ] GC(8044)   Other: 0.4ms
[2020-12-15T11:10:45.530-0500][gc,heap        ] GC(8044) Eden regions: 10->0(10)
[2020-12-15T11:10:45.530-0500][gc,heap        ] GC(8044) Survivor regions: 1->1(2)
[2020-12-15T11:10:45.530-0500][gc,heap        ] GC(8044) Old regions: 42->42
[2020-12-15T11:10:45.530-0500][gc,heap        ] GC(8044) Humongous regions: 4->4
[2020-12-15T11:10:45.530-0500][gc,metaspace   ] GC(8044) Metaspace: 49404K->49404K(1093632K)
[2020-12-15T11:10:45.530-0500][gc,heap        ] GC(8044) Heap after GC invocations=8045 (full 1663): garbage-first heap   total 66560K, used 43524K [0x0000000083000000, 0x0000000100000000)
[2020-12-15T11:10:45.530-0500][gc,heap        ] GC(8044)   region size 1024K, 1 young (1024K), 1 survivors (1024K)
[2020-12-15T11:10:45.530-0500][gc,heap        ] GC(8044)  Metaspace       used 49404K, capacity 51450K, committed 53248K, reserved 1093632K
[2020-12-15T11:10:45.530-0500][gc,heap        ] GC(8044)   class space    used 7386K, capacity 8097K, committed 8704K, reserved 1048576K
[2020-12-15T11:10:45.530-0500][gc             ] GC(8044) Pause Young (Concurrent Start) (G1 Evacuation Pause) 52M->42M(65M) 8.828ms
[2020-12-15T11:10:45.530-0500][gc,cpu         ] GC(8044) User=0.04s Sys=0.00s Real=0.01s
[2020-12-15T11:10:45.531-0500][gc             ] GC(8045) Concurrent Cycle
[2020-12-15T11:10:45.531-0500][gc,marking     ] GC(8045) Concurrent Clear Claimed Marks
[2020-12-15T11:10:45.531-0500][gc,marking     ] GC(8045) Concurrent Clear Claimed Marks 0.314ms
[2020-12-15T11:10:45.531-0500][gc,marking     ] GC(8045) Concurrent Scan Root Regions
[2020-12-15T11:10:45.533-0500][gc,marking     ] GC(8045) Concurrent Scan Root Regions 2.466ms
[2020-12-15T11:10:45.534-0500][gc,marking     ] GC(8045) Concurrent Mark (498842.921s)
[2020-12-15T11:10:45.534-0500][gc,marking     ] GC(8045) Concurrent Mark From Roots
[2020-12-15T11:10:45.534-0500][gc,task        ] GC(8045) Using 2 workers of 2 for marking
[2020-12-15T11:10:45.617-0500][gc,marking     ] GC(8045) Concurrent Mark From Roots 83.418ms
[2020-12-15T11:10:45.617-0500][gc,marking     ] GC(8045) Concurrent Preclean
[2020-12-15T11:10:45.617-0500][gc,marking     ] GC(8045) Concurrent Preclean 0.201ms
[2020-12-15T11:10:45.617-0500][gc,marking     ] GC(8045) Concurrent Mark (498842.921s, 498843.004s) 83.736ms
[2020-12-15T11:10:45.618-0500][gc,start       ] GC(8045) Pause Remark
[2020-12-15T11:10:45.625-0500][gc,stringtable ] GC(8045) Cleaned string and symbol table, strings: 32748 processed, 0 removed, symbols: 120723 processed, 0 removed
[2020-12-15T11:10:45.626-0500][gc             ] GC(8045) Pause Remark 43M->43M(65M) 7.773ms
[2020-12-15T11:10:45.626-0500][gc,cpu         ] GC(8045) User=0.04s Sys=0.00s Real=0.00s
[2020-12-15T11:10:45.626-0500][gc,marking     ] GC(8045) Concurrent Rebuild Remembered Sets
[2020-12-15T11:10:45.657-0500][gc,marking     ] GC(8045) Concurrent Rebuild Remembered Sets 31.035ms
[2020-12-15T11:10:45.658-0500][gc,start       ] GC(8045) Pause Cleanup
[2020-12-15T11:10:45.658-0500][gc             ] GC(8045) Pause Cleanup 43M->43M(65M) 0.270ms
[2020-12-15T11:10:45.658-0500][gc,cpu         ] GC(8045) User=0.00s Sys=0.00s Real=0.00s
[2020-12-15T11:10:45.658-0500][gc,marking     ] GC(8045) Concurrent Cleanup for Next Mark
[2020-12-15T11:10:45.658-0500][gc,marking     ] GC(8045) Concurrent Cleanup for Next Mark 0.233ms
[2020-12-15T11:10:45.658-0500][gc             ] GC(8045) Concurrent Cycle 127.744ms
[2020-12-15T11:11:32.213-0500][gc,heap        ] GC(8046) Heap before GC invocations=8046 (full 1663): garbage-first heap   total 66560K, used 52740K [0x0000000083000000, 0x0000000100000000)
[2020-12-15T11:11:32.213-0500][gc,heap        ] GC(8046)   region size 1024K, 11 young (11264K), 1 survivors (1024K)
[2020-12-15T11:11:32.213-0500][gc,heap        ] GC(8046)  Metaspace       used 49404K, capacity 51450K, committed 53248K, reserved 1093632K
[2020-12-15T11:11:32.213-0500][gc,heap        ] GC(8046)   class space    used 7386K, capacity 8097K, committed 8704K, reserved 1048576K
[2020-12-15T11:11:32.213-0500][gc,start       ] GC(8046) Pause Young (Normal) (G1 Evacuation Pause)
[2020-12-15T11:11:32.213-0500][gc,task        ] GC(8046) Using 8 workers of 8 for evacuation
[2020-12-15T11:11:32.292-0500][gc,phases      ] GC(8046)   Pre Evacuate Collection Set: 0.0ms
[2020-12-15T11:11:32.292-0500][gc,phases      ] GC(8046)   Evacuate Collection Set: 29.5ms
[2020-12-15T11:11:32.292-0500][gc,phases      ] GC(8046)   Post Evacuate Collection Set: 48.9ms
[2020-12-15T11:11:32.292-0500][gc,phases      ] GC(8046)   Other: 0.3ms
[2020-12-15T11:11:32.292-0500][gc,heap        ] GC(8046) Eden regions: 10->0(10)
[2020-12-15T11:11:32.292-0500][gc,heap        ] GC(8046) Survivor regions: 1->1(2)
[2020-12-15T11:11:32.292-0500][gc,heap        ] GC(8046) Old regions: 42->42
[2020-12-15T11:11:32.292-0500][gc,heap        ] GC(8046) Humongous regions: 4->4
[2020-12-15T11:11:32.292-0500][gc,metaspace   ] GC(8046) Metaspace: 49404K->49404K(1093632K)
[2020-12-15T11:11:32.292-0500][gc,heap        ] GC(8046) Heap after GC invocations=8047 (full 1663): garbage-first heap   total 66560K, used 43398K [0x0000000083000000, 0x0000000100000000)
[2020-12-15T11:11:32.292-0500][gc,heap        ] GC(8046)   region size 1024K, 1 young (1024K), 1 survivors (1024K)
[2020-12-15T11:11:32.292-0500][gc,heap        ] GC(8046)  Metaspace       used 49404K, capacity 51450K, committed 53248K, reserved 1093632K
[2020-12-15T11:11:32.292-0500][gc,heap        ] GC(8046)   class space    used 7386K, capacity 8097K, committed 8704K, reserved 1048576K
[2020-12-15T11:11:32.292-0500][gc             ] GC(8046) Pause Young (Normal) (G1 Evacuation Pause) 52M->42M(65M) 79.122ms
[2020-12-15T11:11:32.292-0500][gc,cpu         ] GC(8046) User=0.44s Sys=0.00s Real=0.08s
[2020-12-15T11:11:45.189-0500][gc,task        ] GC(8047) Using 5 workers of 8 for full compaction
[2020-12-15T11:11:45.189-0500][gc,start       ] GC(8047) Pause Full (System.gc())
[2020-12-15T11:11:45.189-0500][gc,heap        ] GC(8047) Heap before GC invocations=8047 (full 1663): garbage-first heap   total 66560K, used 44422K [0x0000000083000000, 0x0000000100000000)
[2020-12-15T11:11:45.189-0500][gc,heap        ] GC(8047)   region size 1024K, 4 young (4096K), 1 survivors (1024K)
[2020-12-15T11:11:45.189-0500][gc,heap        ] GC(8047)  Metaspace       used 49404K, capacity 51450K, committed 53248K, reserved 1093632K
[2020-12-15T11:11:45.189-0500][gc,heap        ] GC(8047)   class space    used 7386K, capacity 8097K, committed 8704K, reserved 1048576K
[2020-12-15T11:11:45.190-0500][gc,phases,start] GC(8047) Phase 1: Mark live objects
[2020-12-15T11:11:45.219-0500][gc,stringtable ] GC(8047) Cleaned string and symbol table, strings: 32748 processed, 5 removed, symbols: 120723 processed, 0 removed
[2020-12-15T11:11:45.219-0500][gc,phases      ] GC(8047) Phase 1: Mark live objects 29.607ms
[2020-12-15T11:11:45.219-0500][gc,phases,start] GC(8047) Phase 2: Prepare for compaction
[2020-12-15T11:11:45.225-0500][gc,phases      ] GC(8047) Phase 2: Prepare for compaction 5.909ms
[2020-12-15T11:11:45.226-0500][gc,phases,start] GC(8047) Phase 3: Adjust pointers
[2020-12-15T11:11:45.247-0500][gc,phases      ] GC(8047) Phase 3: Adjust pointers 21.511ms
[2020-12-15T11:11:45.247-0500][gc,phases,start] GC(8047) Phase 4: Compact heap
[2020-12-15T11:11:45.252-0500][gc,phases      ] GC(8047) Phase 4: Compact heap 5.226ms
[2020-12-15T11:11:45.263-0500][gc,heap        ] GC(8047) Eden regions: 3->0(11)
[2020-12-15T11:11:45.263-0500][gc,heap        ] GC(8047) Survivor regions: 1->0(2)
[2020-12-15T11:11:45.263-0500][gc,heap        ] GC(8047) Old regions: 42->42
[2020-12-15T11:11:45.263-0500][gc,heap        ] GC(8047) Humongous regions: 4->4
[2020-12-15T11:11:45.264-0500][gc,metaspace   ] GC(8047) Metaspace: 49404K->49404K(1093632K)
[2020-12-15T11:11:45.264-0500][gc,heap        ] GC(8047) Heap after GC invocations=8048 (full 1664): garbage-first heap   total 66560K, used 43262K [0x0000000083000000, 0x0000000100000000)
[2020-12-15T11:11:45.264-0500][gc,heap        ] GC(8047)   region size 1024K, 0 young (0K), 0 survivors (0K)
[2020-12-15T11:11:45.264-0500][gc,heap        ] GC(8047)  Metaspace       used 49404K, capacity 51450K, committed 53248K, reserved 1093632K
[2020-12-15T11:11:45.264-0500][gc,heap        ] GC(8047)   class space    used 7386K, capacity 8097K, committed 8704K, reserved 1048576K
[2020-12-15T11:11:45.264-0500][gc             ] GC(8047) Pause Full (System.gc()) 44M->42M(65M) 74.333ms
[2020-12-15T11:11:45.264-0500][gc,cpu         ] GC(8047) User=0.29s Sys=0.00s Real=0.07s
[2020-12-15T11:12:35.518-0500][gc,heap        ] GC(8048) Heap before GC invocations=8048 (full 1664): garbage-first heap   total 66560K, used 53502K [0x0000000083000000, 0x0000000100000000)
[2020-12-15T11:12:35.518-0500][gc,heap        ] GC(8048)   region size 1024K, 11 young (11264K), 0 survivors (0K)
[2020-12-15T11:12:35.518-0500][gc,heap        ] GC(8048)  Metaspace       used 49404K, capacity 51450K, committed 53248K, reserved 1093632K
[2020-12-15T11:12:35.518-0500][gc,heap        ] GC(8048)   class space    used 7386K, capacity 8097K, committed 8704K, reserved 1048576K
[2020-12-15T11:12:35.518-0500][gc,start       ] GC(8048) Pause Young (Concurrent Start) (G1 Evacuation Pause)
[2020-12-15T11:12:35.518-0500][gc,task        ] GC(8048) Using 8 workers of 8 for evacuation
[2020-12-15T11:12:35.523-0500][gc,phases      ] GC(8048)   Pre Evacuate Collection Set: 0.2ms
[2020-12-15T11:12:35.523-0500][gc,phases      ] GC(8048)   Evacuate Collection Set: 3.0ms
[2020-12-15T11:12:35.523-0500][gc,phases      ] GC(8048)   Post Evacuate Collection Set: 1.5ms
[2020-12-15T11:12:35.523-0500][gc,phases      ] GC(8048)   Other: 0.3ms
[2020-12-15T11:12:35.523-0500][gc,heap        ] GC(8048) Eden regions: 11->0(10)
[2020-12-15T11:12:35.523-0500][gc,heap        ] GC(8048) Survivor regions: 0->1(2)
[2020-12-15T11:12:35.523-0500][gc,heap        ] GC(8048) Old regions: 42->42
[2020-12-15T11:12:35.523-0500][gc,heap        ] GC(8048) Humongous regions: 4->4
[2020-12-15T11:12:35.523-0500][gc,metaspace   ] GC(8048) Metaspace: 49404K->49404K(1093632K)
[2020-12-15T11:12:35.523-0500][gc,heap        ] GC(8048) Heap after GC invocations=8049 (full 1664): garbage-first heap   total 66560K, used 43478K [0x0000000083000000, 0x0000000100000000)
[2020-12-15T11:12:35.523-0500][gc,heap        ] GC(8048)   region size 1024K, 1 young (1024K), 1 survivors (1024K)
[2020-12-15T11:12:35.523-0500][gc,heap        ] GC(8048)  Metaspace       used 49404K, capacity 51450K, committed 53248K, reserved 1093632K
[2020-12-15T11:12:35.523-0500][gc,heap        ] GC(8048)   class space    used 7386K, capacity 8097K, committed 8704K, reserved 1048576K
[2020-12-15T11:12:35.523-0500][gc             ] GC(8048) Pause Young (Concurrent Start) (G1 Evacuation Pause) 53M->42M(65M) 5.019ms
[2020-12-15T11:12:35.524-0500][gc,cpu         ] GC(8048) User=0.01s Sys=0.00s Real=0.00s
[2020-12-15T11:12:35.524-0500][gc             ] GC(8049) Concurrent Cycle
[2020-12-15T11:12:35.524-0500][gc,marking     ] GC(8049) Concurrent Clear Claimed Marks
[2020-12-15T11:12:35.524-0500][gc,marking     ] GC(8049) Concurrent Clear Claimed Marks 0.198ms
[2020-12-15T11:12:35.524-0500][gc,marking     ] GC(8049) Concurrent Scan Root Regions
[2020-12-15T11:12:35.525-0500][gc,marking     ] GC(8049) Concurrent Scan Root Regions 1.361ms
[2020-12-15T11:12:35.525-0500][gc,marking     ] GC(8049) Concurrent Mark (498952.912s)
[2020-12-15T11:12:35.525-0500][gc,marking     ] GC(8049) Concurrent Mark From Roots
[2020-12-15T11:12:35.525-0500][gc,task        ] GC(8049) Using 2 workers of 2 for marking
[2020-12-15T11:12:35.592-0500][gc,marking     ] GC(8049) Concurrent Mark From Roots 66.435ms
[2020-12-15T11:12:35.592-0500][gc,marking     ] GC(8049) Concurrent Preclean
[2020-12-15T11:12:35.592-0500][gc,marking     ] GC(8049) Concurrent Preclean 0.193ms
[2020-12-15T11:12:35.592-0500][gc,marking     ] GC(8049) Concurrent Mark (498952.912s, 498952.979s) 66.738ms
[2020-12-15T11:12:35.593-0500][gc,start       ] GC(8049) Pause Remark
[2020-12-15T11:12:35.600-0500][gc,stringtable ] GC(8049) Cleaned string and symbol table, strings: 32748 processed, 0 removed, symbols: 120723 processed, 0 removed
[2020-12-15T11:12:35.601-0500][gc             ] GC(8049) Pause Remark 43M->43M(65M) 8.670ms
[2020-12-15T11:12:35.601-0500][gc,cpu         ] GC(8049) User=0.04s Sys=0.00s Real=0.01s
[2020-12-15T11:12:35.601-0500][gc,marking     ] GC(8049) Concurrent Rebuild Remembered Sets
[2020-12-15T11:12:35.631-0500][gc,marking     ] GC(8049) Concurrent Rebuild Remembered Sets 29.404ms
[2020-12-15T11:12:35.631-0500][gc,start       ] GC(8049) Pause Cleanup
[2020-12-15T11:12:35.632-0500][gc             ] GC(8049) Pause Cleanup 43M->43M(65M) 0.306ms
[2020-12-15T11:12:35.632-0500][gc,cpu         ] GC(8049) User=0.00s Sys=0.00s Real=0.00s
[2020-12-15T11:12:35.632-0500][gc,marking     ] GC(8049) Concurrent Cleanup for Next Mark
[2020-12-15T11:12:35.632-0500][gc,marking     ] GC(8049) Concurrent Cleanup for Next Mark 0.356ms
[2020-12-15T11:12:35.632-0500][gc             ] GC(8049) Concurrent Cycle 108.523ms
[2020-12-15T11:13:16.908-0500][gc,heap        ] GC(8050) Heap before GC invocations=8050 (full 1664): garbage-first heap   total 66560K, used 52694K [0x0000000083000000, 0x0000000100000000)
[2020-12-15T11:13:16.909-0500][gc,heap        ] GC(8050)   region size 1024K, 11 young (11264K), 1 survivors (1024K)
[2020-12-15T11:13:16.909-0500][gc,heap        ] GC(8050)  Metaspace       used 49404K, capacity 51450K, committed 53248K, reserved 1093632K
[2020-12-15T11:13:16.909-0500][gc,heap        ] GC(8050)   class space    used 7386K, capacity 8097K, committed 8704K, reserved 1048576K
[2020-12-15T11:13:16.909-0500][gc,start       ] GC(8050) Pause Young (Normal) (G1 Evacuation Pause)
[2020-12-15T11:13:16.909-0500][gc,task        ] GC(8050) Using 8 workers of 8 for evacuation
[2020-12-15T11:13:16.950-0500][gc,phases      ] GC(8050)   Pre Evacuate Collection Set: 0.0ms
[2020-12-15T11:13:16.950-0500][gc,phases      ] GC(8050)   Evacuate Collection Set: 34.6ms
[2020-12-15T11:13:16.950-0500][gc,phases      ] GC(8050)   Post Evacuate Collection Set: 5.5ms
[2020-12-15T11:13:16.950-0500][gc,phases      ] GC(8050)   Other: 1.0ms
[2020-12-15T11:13:16.950-0500][gc,heap        ] GC(8050) Eden regions: 10->0(10)
[2020-12-15T11:13:16.950-0500][gc,heap        ] GC(8050) Survivor regions: 1->1(2)
[2020-12-15T11:13:16.950-0500][gc,heap        ] GC(8050) Old regions: 42->42
[2020-12-15T11:13:16.950-0500][gc,heap        ] GC(8050) Humongous regions: 4->4
[2020-12-15T11:13:16.950-0500][gc,metaspace   ] GC(8050) Metaspace: 49404K->49404K(1093632K)
[2020-12-15T11:13:16.950-0500][gc,heap        ] GC(8050) Heap after GC invocations=8051 (full 1664): garbage-first heap   total 66560K, used 43346K [0x0000000083000000, 0x0000000100000000)
[2020-12-15T11:13:16.950-0500][gc,heap        ] GC(8050)   region size 1024K, 1 young (1024K), 1 survivors (1024K)
[2020-12-15T11:13:16.950-0500][gc,heap        ] GC(8050)  Metaspace       used 49404K, capacity 51450K, committed 53248K, reserved 1093632K
[2020-12-15T11:13:16.950-0500][gc,heap        ] GC(8050)   class space    used 7386K, capacity 8097K, committed 8704K, reserved 1048576K
[2020-12-15T11:13:16.950-0500][gc             ] GC(8050) Pause Young (Normal) (G1 Evacuation Pause) 52M->42M(65M) 40.620ms
[2020-12-15T11:13:16.950-0500][gc,cpu         ] GC(8050) User=0.23s Sys=0.00s Real=0.04s
[2020-12-15T11:14:05.551-0500][gc,heap        ] GC(8051) Heap before GC invocations=8051 (full 1664): garbage-first heap   total 66560K, used 52562K [0x0000000083000000, 0x0000000100000000)
[2020-12-15T11:14:05.551-0500][gc,heap        ] GC(8051)   region size 1024K, 11 young (11264K), 1 survivors (1024K)
[2020-12-15T11:14:05.551-0500][gc,heap        ] GC(8051)  Metaspace       used 49404K, capacity 51450K, committed 53248K, reserved 1093632K
[2020-12-15T11:14:05.551-0500][gc,heap        ] GC(8051)   class space    used 7386K, capacity 8097K, committed 8704K, reserved 1048576K
[2020-12-15T11:14:05.551-0500][gc,start       ] GC(8051) Pause Young (Concurrent Start) (G1 Evacuation Pause)
[2020-12-15T11:14:05.551-0500][gc,task        ] GC(8051) Using 8 workers of 8 for evacuation
[2020-12-15T11:14:05.555-0500][gc,phases      ] GC(8051)   Pre Evacuate Collection Set: 0.2ms
[2020-12-15T11:14:05.555-0500][gc,phases      ] GC(8051)   Evacuate Collection Set: 2.2ms
[2020-12-15T11:14:05.555-0500][gc,phases      ] GC(8051)   Post Evacuate Collection Set: 1.3ms
[2020-12-15T11:14:05.556-0500][gc,phases      ] GC(8051)   Other: 0.4ms
[2020-12-15T11:14:05.556-0500][gc,heap        ] GC(8051) Eden regions: 10->0(10)
[2020-12-15T11:14:05.556-0500][gc,heap        ] GC(8051) Survivor regions: 1->1(2)
[2020-12-15T11:14:05.556-0500][gc,heap        ] GC(8051) Old regions: 42->42
[2020-12-15T11:14:05.556-0500][gc,heap        ] GC(8051) Humongous regions: 4->4
[2020-12-15T11:14:05.556-0500][gc,metaspace   ] GC(8051) Metaspace: 49404K->49404K(1093632K)
[2020-12-15T11:14:05.556-0500][gc,heap        ] GC(8051) Heap after GC invocations=8052 (full 1664): garbage-first heap   total 66560K, used 43376K [0x0000000083000000, 0x0000000100000000)
[2020-12-15T11:14:05.556-0500][gc,heap        ] GC(8051)   region size 1024K, 1 young (1024K), 1 survivors (1024K)
[2020-12-15T11:14:05.556-0500][gc,heap        ] GC(8051)  Metaspace       used 49404K, capacity 51450K, committed 53248K, reserved 1093632K
[2020-12-15T11:14:05.556-0500][gc,heap        ] GC(8051)   class space    used 7386K, capacity 8097K, committed 8704K, reserved 1048576K
[2020-12-15T11:14:05.556-0500][gc             ] GC(8051) Pause Young (Concurrent Start) (G1 Evacuation Pause) 52M->42M(65M) 4.456ms
[2020-12-15T11:14:05.556-0500][gc,cpu         ] GC(8051) User=0.01s Sys=0.01s Real=0.00s
[2020-12-15T11:14:05.556-0500][gc             ] GC(8052) Concurrent Cycle
[2020-12-15T11:14:05.556-0500][gc,marking     ] GC(8052) Concurrent Clear Claimed Marks
[2020-12-15T11:14:05.556-0500][gc,marking     ] GC(8052) Concurrent Clear Claimed Marks 0.202ms
[2020-12-15T11:14:05.556-0500][gc,marking     ] GC(8052) Concurrent Scan Root Regions
[2020-12-15T11:14:05.558-0500][gc,marking     ] GC(8052) Concurrent Scan Root Regions 1.623ms
[2020-12-15T11:14:05.558-0500][gc,marking     ] GC(8052) Concurrent Mark (499042.945s)
[2020-12-15T11:14:05.558-0500][gc,marking     ] GC(8052) Concurrent Mark From Roots
[2020-12-15T11:14:05.558-0500][gc,task        ] GC(8052) Using 2 workers of 2 for marking
[2020-12-15T11:14:05.629-0500][gc,marking     ] GC(8052) Concurrent Mark From Roots 71.238ms
[2020-12-15T11:14:05.629-0500][gc,marking     ] GC(8052) Concurrent Preclean
[2020-12-15T11:14:05.630-0500][gc,marking     ] GC(8052) Concurrent Preclean 0.282ms
[2020-12-15T11:14:05.630-0500][gc,marking     ] GC(8052) Concurrent Mark (499042.945s, 499043.017s) 71.677ms
[2020-12-15T11:14:05.630-0500][gc,start       ] GC(8052) Pause Remark
[2020-12-15T11:14:05.638-0500][gc,stringtable ] GC(8052) Cleaned string and symbol table, strings: 32748 processed, 0 removed, symbols: 120723 processed, 0 removed
[2020-12-15T11:14:05.638-0500][gc             ] GC(8052) Pause Remark 42M->42M(65M) 7.777ms
[2020-12-15T11:14:05.638-0500][gc,cpu         ] GC(8052) User=0.05s Sys=0.00s Real=0.01s
[2020-12-15T11:14:05.638-0500][gc,marking     ] GC(8052) Concurrent Rebuild Remembered Sets
[2020-12-15T11:14:05.669-0500][gc,marking     ] GC(8052) Concurrent Rebuild Remembered Sets 30.658ms
[2020-12-15T11:14:05.669-0500][gc,start       ] GC(8052) Pause Cleanup
[2020-12-15T11:14:05.670-0500][gc             ] GC(8052) Pause Cleanup 42M->42M(65M) 0.333ms
[2020-12-15T11:14:05.670-0500][gc,cpu         ] GC(8052) User=0.00s Sys=0.00s Real=0.00s
[2020-12-15T11:14:05.670-0500][gc,marking     ] GC(8052) Concurrent Cleanup for Next Mark
[2020-12-15T11:14:05.670-0500][gc,marking     ] GC(8052) Concurrent Cleanup for Next Mark 0.338ms
[2020-12-15T11:14:05.670-0500][gc             ] GC(8052) Concurrent Cycle 114.060ms
[2020-12-15T11:14:55.520-0500][gc,heap        ] GC(8053) Heap before GC invocations=8053 (full 1664): garbage-first heap   total 66560K, used 52592K [0x0000000083000000, 0x0000000100000000)
[2020-12-15T11:14:55.520-0500][gc,heap        ] GC(8053)   region size 1024K, 11 young (11264K), 1 survivors (1024K)
[2020-12-15T11:14:55.520-0500][gc,heap        ] GC(8053)  Metaspace       used 49404K, capacity 51450K, committed 53248K, reserved 1093632K
[2020-12-15T11:14:55.520-0500][gc,heap        ] GC(8053)   class space    used 7386K, capacity 8097K, committed 8704K, reserved 1048576K
[2020-12-15T11:14:55.520-0500][gc,start       ] GC(8053) Pause Young (Normal) (G1 Evacuation Pause)
[2020-12-15T11:14:55.520-0500][gc,task        ] GC(8053) Using 8 workers of 8 for evacuation
[2020-12-15T11:14:55.551-0500][gc,phases      ] GC(8053)   Pre Evacuate Collection Set: 0.0ms
[2020-12-15T11:14:55.551-0500][gc,phases      ] GC(8053)   Evacuate Collection Set: 1.9ms
[2020-12-15T11:14:55.551-0500][gc,phases      ] GC(8053)   Post Evacuate Collection Set: 29.1ms
[2020-12-15T11:14:55.551-0500][gc,phases      ] GC(8053)   Other: 0.3ms
[2020-12-15T11:14:55.551-0500][gc,heap        ] GC(8053) Eden regions: 10->0(10)
[2020-12-15T11:14:55.551-0500][gc,heap        ] GC(8053) Survivor regions: 1->1(2)
[2020-12-15T11:14:55.551-0500][gc,heap        ] GC(8053) Old regions: 42->42
[2020-12-15T11:14:55.551-0500][gc,heap        ] GC(8053) Humongous regions: 4->4
[2020-12-15T11:14:55.551-0500][gc,metaspace   ] GC(8053) Metaspace: 49404K->49404K(1093632K)
[2020-12-15T11:14:55.551-0500][gc,heap        ] GC(8053) Heap after GC invocations=8054 (full 1664): garbage-first heap   total 66560K, used 43493K [0x0000000083000000, 0x0000000100000000)
[2020-12-15T11:14:55.551-0500][gc,heap        ] GC(8053)   region size 1024K, 1 young (1024K), 1 survivors (1024K)
[2020-12-15T11:14:55.551-0500][gc,heap        ] GC(8053)  Metaspace       used 49404K, capacity 51450K, committed 53248K, reserved 1093632K
[2020-12-15T11:14:55.551-0500][gc,heap        ] GC(8053)   class space    used 7386K, capacity 8097K, committed 8704K, reserved 1048576K
[2020-12-15T11:14:55.551-0500][gc             ] GC(8053) Pause Young (Normal) (G1 Evacuation Pause) 52M->42M(65M) 31.443ms
[2020-12-15T11:14:55.551-0500][gc,cpu         ] GC(8053) User=0.20s Sys=0.00s Real=0.03s
[2020-12-15T11:15:45.518-0500][gc,heap        ] GC(8054) Heap before GC invocations=8054 (full 1664): garbage-first heap   total 66560K, used 52709K [0x0000000083000000, 0x0000000100000000)
[2020-12-15T11:15:45.519-0500][gc,heap        ] GC(8054)   region size 1024K, 11 young (11264K), 1 survivors (1024K)
[2020-12-15T11:15:45.519-0500][gc,heap        ] GC(8054)  Metaspace       used 49404K, capacity 51450K, committed 53248K, reserved 1093632K
[2020-12-15T11:15:45.519-0500][gc,heap        ] GC(8054)   class space    used 7386K, capacity 8097K, committed 8704K, reserved 1048576K
[2020-12-15T11:15:45.519-0500][gc,start       ] GC(8054) Pause Young (Concurrent Start) (G1 Evacuation Pause)
[2020-12-15T11:15:45.519-0500][gc,task        ] GC(8054) Using 8 workers of 8 for evacuation
[2020-12-15T11:15:45.531-0500][gc,phases      ] GC(8054)   Pre Evacuate Collection Set: 0.2ms
[2020-12-15T11:15:45.531-0500][gc,phases      ] GC(8054)   Evacuate Collection Set: 10.3ms
[2020-12-15T11:15:45.531-0500][gc,phases      ] GC(8054)   Post Evacuate Collection Set: 1.5ms
[2020-12-15T11:15:45.531-0500][gc,phases      ] GC(8054)   Other: 0.4ms
[2020-12-15T11:15:45.531-0500][gc,heap        ] GC(8054) Eden regions: 10->0(10)
[2020-12-15T11:15:45.531-0500][gc,heap        ] GC(8054) Survivor regions: 1->1(2)
[2020-12-15T11:15:45.531-0500][gc,heap        ] GC(8054) Old regions: 42->42
[2020-12-15T11:15:45.531-0500][gc,heap        ] GC(8054) Humongous regions: 4->4
[2020-12-15T11:15:45.531-0500][gc,metaspace   ] GC(8054) Metaspace: 49404K->49404K(1093632K)
[2020-12-15T11:15:45.531-0500][gc,heap        ] GC(8054) Heap after GC invocations=8055 (full 1664): garbage-first heap   total 66560K, used 43469K [0x0000000083000000, 0x0000000100000000)
[2020-12-15T11:15:45.531-0500][gc,heap        ] GC(8054)   region size 1024K, 1 young (1024K), 1 survivors (1024K)
[2020-12-15T11:15:45.531-0500][gc,heap        ] GC(8054)  Metaspace       used 49404K, capacity 51450K, committed 53248K, reserved 1093632K
[2020-12-15T11:15:45.531-0500][gc,heap        ] GC(8054)   class space    used 7386K, capacity 8097K, committed 8704K, reserved 1048576K
[2020-12-15T11:15:45.531-0500][gc             ] GC(8054) Pause Young (Concurrent Start) (G1 Evacuation Pause) 52M->42M(65M) 12.461ms
[2020-12-15T11:15:45.531-0500][gc,cpu         ] GC(8054) User=0.05s Sys=0.00s Real=0.01s
[2020-12-15T11:15:45.531-0500][gc             ] GC(8055) Concurrent Cycle
[2020-12-15T11:15:45.531-0500][gc,marking     ] GC(8055) Concurrent Clear Claimed Marks
[2020-12-15T11:15:45.531-0500][gc,marking     ] GC(8055) Concurrent Clear Claimed Marks 0.172ms
[2020-12-15T11:15:45.531-0500][gc,marking     ] GC(8055) Concurrent Scan Root Regions
[2020-12-15T11:15:45.533-0500][gc,marking     ] GC(8055) Concurrent Scan Root Regions 1.082ms
[2020-12-15T11:15:45.533-0500][gc,marking     ] GC(8055) Concurrent Mark (499142.920s)
[2020-12-15T11:15:45.533-0500][gc,marking     ] GC(8055) Concurrent Mark From Roots
[2020-12-15T11:15:45.533-0500][gc,task        ] GC(8055) Using 2 workers of 2 for marking
[2020-12-15T11:15:45.634-0500][gc,marking     ] GC(8055) Concurrent Mark From Roots 101.744ms
[2020-12-15T11:15:45.634-0500][gc,marking     ] GC(8055) Concurrent Preclean
[2020-12-15T11:15:45.635-0500][gc,marking     ] GC(8055) Concurrent Preclean 0.183ms
[2020-12-15T11:15:45.635-0500][gc,marking     ] GC(8055) Concurrent Mark (499142.920s, 499143.022s) 102.014ms
[2020-12-15T11:15:45.635-0500][gc,start       ] GC(8055) Pause Remark
[2020-12-15T11:15:45.651-0500][gc,stringtable ] GC(8055) Cleaned string and symbol table, strings: 32748 processed, 0 removed, symbols: 120723 processed, 0 removed
[2020-12-15T11:15:45.652-0500][gc             ] GC(8055) Pause Remark 43M->43M(65M) 16.486ms
[2020-12-15T11:15:45.652-0500][gc,cpu         ] GC(8055) User=0.09s Sys=0.00s Real=0.02s
[2020-12-15T11:15:45.652-0500][gc,marking     ] GC(8055) Concurrent Rebuild Remembered Sets
[2020-12-15T11:15:45.685-0500][gc,marking     ] GC(8055) Concurrent Rebuild Remembered Sets 32.820ms
[2020-12-15T11:15:45.685-0500][gc,start       ] GC(8055) Pause Cleanup
[2020-12-15T11:15:45.685-0500][gc             ] GC(8055) Pause Cleanup 43M->43M(65M) 0.247ms
[2020-12-15T11:15:45.685-0500][gc,cpu         ] GC(8055) User=0.00s Sys=0.00s Real=0.00s
[2020-12-15T11:15:45.685-0500][gc,marking     ] GC(8055) Concurrent Cleanup for Next Mark
[2020-12-15T11:15:45.686-0500][gc,marking     ] GC(8055) Concurrent Cleanup for Next Mark 0.235ms
[2020-12-15T11:15:45.686-0500][gc             ] GC(8055) Concurrent Cycle 154.524ms
[2020-12-15T11:16:27.529-0500][gc,heap        ] GC(8056) Heap before GC invocations=8056 (full 1664): garbage-first heap   total 66560K, used 52685K [0x0000000083000000, 0x0000000100000000)
[2020-12-15T11:16:27.529-0500][gc,heap        ] GC(8056)   region size 1024K, 11 young (11264K), 1 survivors (1024K)
[2020-12-15T11:16:27.529-0500][gc,heap        ] GC(8056)  Metaspace       used 49404K, capacity 51450K, committed 53248K, reserved 1093632K
[2020-12-15T11:16:27.529-0500][gc,heap        ] GC(8056)   class space    used 7386K, capacity 8097K, committed 8704K, reserved 1048576K
[2020-12-15T11:16:27.529-0500][gc,start       ] GC(8056) Pause Young (Normal) (G1 Evacuation Pause)
[2020-12-15T11:16:27.529-0500][gc,task        ] GC(8056) Using 8 workers of 8 for evacuation
[2020-12-15T11:16:27.532-0500][gc,phases      ] GC(8056)   Pre Evacuate Collection Set: 0.0ms
[2020-12-15T11:16:27.532-0500][gc,phases      ] GC(8056)   Evacuate Collection Set: 1.0ms
[2020-12-15T11:16:27.532-0500][gc,phases      ] GC(8056)   Post Evacuate Collection Set: 1.5ms
[2020-12-15T11:16:27.532-0500][gc,phases      ] GC(8056)   Other: 0.2ms
[2020-12-15T11:16:27.532-0500][gc,heap        ] GC(8056) Eden regions: 10->0(10)
[2020-12-15T11:16:27.532-0500][gc,heap        ] GC(8056) Survivor regions: 1->1(2)
[2020-12-15T11:16:27.532-0500][gc,heap        ] GC(8056) Old regions: 42->42
[2020-12-15T11:16:27.532-0500][gc,heap        ] GC(8056) Humongous regions: 4->4
[2020-12-15T11:16:27.532-0500][gc,metaspace   ] GC(8056) Metaspace: 49404K->49404K(1093632K)
[2020-12-15T11:16:27.532-0500][gc,heap        ] GC(8056) Heap after GC invocations=8057 (full 1664): garbage-first heap   total 66560K, used 43365K [0x0000000083000000, 0x0000000100000000)
[2020-12-15T11:16:27.532-0500][gc,heap        ] GC(8056)   region size 1024K, 1 young (1024K), 1 survivors (1024K)
[2020-12-15T11:16:27.532-0500][gc,heap        ] GC(8056)  Metaspace       used 49404K, capacity 51450K, committed 53248K, reserved 1093632K
[2020-12-15T11:16:27.532-0500][gc,heap        ] GC(8056)   class space    used 7386K, capacity 8097K, committed 8704K, reserved 1048576K
[2020-12-15T11:16:27.532-0500][gc             ] GC(8056) Pause Young (Normal) (G1 Evacuation Pause) 52M->42M(65M) 2.789ms
[2020-12-15T11:16:27.532-0500][gc,cpu         ] GC(8056) User=0.01s Sys=0.01s Real=0.00s
[2020-12-15T11:16:45.189-0500][gc,task        ] GC(8057) Using 5 workers of 8 for full compaction
[2020-12-15T11:16:45.189-0500][gc,start       ] GC(8057) Pause Full (System.gc())
[2020-12-15T11:16:45.189-0500][gc,heap        ] GC(8057) Heap before GC invocations=8057 (full 1664): garbage-first heap   total 66560K, used 45413K [0x0000000083000000, 0x0000000100000000)
[2020-12-15T11:16:45.189-0500][gc,heap        ] GC(8057)   region size 1024K, 4 young (4096K), 1 survivors (1024K)
[2020-12-15T11:16:45.189-0500][gc,heap        ] GC(8057)  Metaspace       used 49404K, capacity 51450K, committed 53248K, reserved 1093632K
[2020-12-15T11:16:45.189-0500][gc,heap        ] GC(8057)   class space    used 7386K, capacity 8097K, committed 8704K, reserved 1048576K
[2020-12-15T11:16:45.190-0500][gc,phases,start] GC(8057) Phase 1: Mark live objects
[2020-12-15T11:16:45.222-0500][gc,stringtable ] GC(8057) Cleaned string and symbol table, strings: 32748 processed, 5 removed, symbols: 120723 processed, 0 removed
[2020-12-15T11:16:45.222-0500][gc,phases      ] GC(8057) Phase 1: Mark live objects 32.732ms
[2020-12-15T11:16:45.222-0500][gc,phases,start] GC(8057) Phase 2: Prepare for compaction
[2020-12-15T11:16:45.228-0500][gc,phases      ] GC(8057) Phase 2: Prepare for compaction 5.249ms
[2020-12-15T11:16:45.228-0500][gc,phases,start] GC(8057) Phase 3: Adjust pointers
[2020-12-15T11:16:45.243-0500][gc,phases      ] GC(8057) Phase 3: Adjust pointers 14.827ms
[2020-12-15T11:16:45.243-0500][gc,phases,start] GC(8057) Phase 4: Compact heap
[2020-12-15T11:16:45.246-0500][gc,phases      ] GC(8057) Phase 4: Compact heap 3.366ms
[2020-12-15T11:16:45.255-0500][gc,heap        ] GC(8057) Eden regions: 3->0(10)
[2020-12-15T11:16:45.255-0500][gc,heap        ] GC(8057) Survivor regions: 1->0(2)
[2020-12-15T11:16:45.255-0500][gc,heap        ] GC(8057) Old regions: 42->43
[2020-12-15T11:16:45.255-0500][gc,heap        ] GC(8057) Humongous regions: 4->4
[2020-12-15T11:16:45.255-0500][gc,metaspace   ] GC(8057) Metaspace: 49404K->49404K(1093632K)
[2020-12-15T11:16:45.255-0500][gc,heap        ] GC(8057) Heap after GC invocations=8058 (full 1665): garbage-first heap   total 66560K, used 43267K [0x0000000083000000, 0x0000000100000000)
[2020-12-15T11:16:45.255-0500][gc,heap        ] GC(8057)   region size 1024K, 0 young (0K), 0 survivors (0K)
[2020-12-15T11:16:45.255-0500][gc,heap        ] GC(8057)  Metaspace       used 49404K, capacity 51450K, committed 53248K, reserved 1093632K
[2020-12-15T11:16:45.255-0500][gc,heap        ] GC(8057)   class space    used 7386K, capacity 8097K, committed 8704K, reserved 1048576K
[2020-12-15T11:16:45.255-0500][gc             ] GC(8057) Pause Full (System.gc()) 44M->42M(65M) 65.932ms
[2020-12-15T11:16:45.255-0500][gc,cpu         ] GC(8057) User=0.28s Sys=0.00s Real=0.06s
[2020-12-15T11:17:26.011-0500][gc,heap        ] GC(8058) Heap before GC invocations=8058 (full 1665): garbage-first heap   total 66560K, used 52483K [0x0000000083000000, 0x0000000100000000)
[2020-12-15T11:17:26.011-0500][gc,heap        ] GC(8058)   region size 1024K, 10 young (10240K), 0 survivors (0K)
[2020-12-15T11:17:26.011-0500][gc,heap        ] GC(8058)  Metaspace       used 49404K, capacity 51450K, committed 53248K, reserved 1093632K
[2020-12-15T11:17:26.011-0500][gc,heap        ] GC(8058)   class space    used 7386K, capacity 8097K, committed 8704K, reserved 1048576K
[2020-12-15T11:17:26.011-0500][gc,start       ] GC(8058) Pause Young (Concurrent Start) (G1 Evacuation Pause)
[2020-12-15T11:17:26.011-0500][gc,task        ] GC(8058) Using 8 workers of 8 for evacuation
[2020-12-15T11:17:26.022-0500][gc,phases      ] GC(8058)   Pre Evacuate Collection Set: 0.2ms
[2020-12-15T11:17:26.022-0500][gc,phases      ] GC(8058)   Evacuate Collection Set: 6.0ms
[2020-12-15T11:17:26.022-0500][gc,phases      ] GC(8058)   Post Evacuate Collection Set: 4.3ms
[2020-12-15T11:17:26.022-0500][gc,phases      ] GC(8058)   Other: 0.4ms
[2020-12-15T11:17:26.022-0500][gc,heap        ] GC(8058) Eden regions: 10->0(9)
[2020-12-15T11:17:26.022-0500][gc,heap        ] GC(8058) Survivor regions: 0->1(2)
[2020-12-15T11:17:26.022-0500][gc,heap        ] GC(8058) Old regions: 43->43
[2020-12-15T11:17:26.022-0500][gc,heap        ] GC(8058) Humongous regions: 4->4
[2020-12-15T11:17:26.022-0500][gc,metaspace   ] GC(8058) Metaspace: 49404K->49404K(1093632K)
[2020-12-15T11:17:26.022-0500][gc,heap        ] GC(8058) Heap after GC invocations=8059 (full 1665): garbage-first heap   total 66560K, used 43351K [0x0000000083000000, 0x0000000100000000)
[2020-12-15T11:17:26.022-0500][gc,heap        ] GC(8058)   region size 1024K, 1 young (1024K), 1 survivors (1024K)
[2020-12-15T11:17:26.022-0500][gc,heap        ] GC(8058)  Metaspace       used 49404K, capacity 51450K, committed 53248K, reserved 1093632K
[2020-12-15T11:17:26.022-0500][gc,heap        ] GC(8058)   class space    used 7386K, capacity 8097K, committed 8704K, reserved 1048576K
[2020-12-15T11:17:26.022-0500][gc             ] GC(8058) Pause Young (Concurrent Start) (G1 Evacuation Pause) 52M->42M(65M) 10.907ms
[2020-12-15T11:17:26.022-0500][gc,cpu         ] GC(8058) User=0.04s Sys=0.00s Real=0.01s
[2020-12-15T11:17:26.022-0500][gc             ] GC(8059) Concurrent Cycle
[2020-12-15T11:17:26.022-0500][gc,marking     ] GC(8059) Concurrent Clear Claimed Marks
[2020-12-15T11:17:26.022-0500][gc,marking     ] GC(8059) Concurrent Clear Claimed Marks 0.206ms
[2020-12-15T11:17:26.022-0500][gc,marking     ] GC(8059) Concurrent Scan Root Regions
[2020-12-15T11:17:26.023-0500][gc,marking     ] GC(8059) Concurrent Scan Root Regions 0.927ms
[2020-12-15T11:17:26.023-0500][gc,marking     ] GC(8059) Concurrent Mark (499243.411s)
[2020-12-15T11:17:26.023-0500][gc,marking     ] GC(8059) Concurrent Mark From Roots
[2020-12-15T11:17:26.023-0500][gc,task        ] GC(8059) Using 2 workers of 2 for marking
[2020-12-15T11:17:26.077-0500][gc,marking     ] GC(8059) Concurrent Mark From Roots 53.017ms
[2020-12-15T11:17:26.077-0500][gc,marking     ] GC(8059) Concurrent Preclean
[2020-12-15T11:17:26.077-0500][gc,marking     ] GC(8059) Concurrent Preclean 0.226ms
[2020-12-15T11:17:26.077-0500][gc,marking     ] GC(8059) Concurrent Mark (499243.411s, 499243.464s) 53.337ms
[2020-12-15T11:17:26.077-0500][gc,start       ] GC(8059) Pause Remark
[2020-12-15T11:17:26.085-0500][gc,stringtable ] GC(8059) Cleaned string and symbol table, strings: 32748 processed, 0 removed, symbols: 120723 processed, 0 removed
[2020-12-15T11:17:26.086-0500][gc             ] GC(8059) Pause Remark 42M->42M(65M) 9.070ms
[2020-12-15T11:17:26.087-0500][gc,cpu         ] GC(8059) User=0.05s Sys=0.00s Real=0.01s
[2020-12-15T11:17:26.087-0500][gc,marking     ] GC(8059) Concurrent Rebuild Remembered Sets
[2020-12-15T11:17:26.118-0500][gc,marking     ] GC(8059) Concurrent Rebuild Remembered Sets 31.351ms
[2020-12-15T11:17:26.118-0500][gc,start       ] GC(8059) Pause Cleanup
[2020-12-15T11:17:26.119-0500][gc             ] GC(8059) Pause Cleanup 42M->42M(65M) 0.419ms
[2020-12-15T11:17:26.119-0500][gc,cpu         ] GC(8059) User=0.00s Sys=0.00s Real=0.00s
[2020-12-15T11:17:26.119-0500][gc,marking     ] GC(8059) Concurrent Cleanup for Next Mark
[2020-12-15T11:17:26.120-0500][gc,marking     ] GC(8059) Concurrent Cleanup for Next Mark 0.637ms
[2020-12-15T11:17:26.120-0500][gc             ] GC(8059) Concurrent Cycle 97.671ms
[2020-12-15T11:18:07.617-0500][gc,heap        ] GC(8060) Heap before GC invocations=8060 (full 1665): garbage-first heap   total 66560K, used 51543K [0x0000000083000000, 0x0000000100000000)
[2020-12-15T11:18:07.617-0500][gc,heap        ] GC(8060)   region size 1024K, 10 young (10240K), 1 survivors (1024K)
[2020-12-15T11:18:07.617-0500][gc,heap        ] GC(8060)  Metaspace       used 49404K, capacity 51450K, committed 53248K, reserved 1093632K
[2020-12-15T11:18:07.617-0500][gc,heap        ] GC(8060)   class space    used 7386K, capacity 8097K, committed 8704K, reserved 1048576K
[2020-12-15T11:18:07.617-0500][gc,start       ] GC(8060) Pause Young (Prepare Mixed) (G1 Evacuation Pause)
[2020-12-15T11:18:07.617-0500][gc,task        ] GC(8060) Using 8 workers of 8 for evacuation
[2020-12-15T11:18:07.620-0500][gc,phases      ] GC(8060)   Pre Evacuate Collection Set: 0.0ms
[2020-12-15T11:18:07.620-0500][gc,phases      ] GC(8060)   Evacuate Collection Set: 1.1ms
[2020-12-15T11:18:07.620-0500][gc,phases      ] GC(8060)   Post Evacuate Collection Set: 0.9ms
[2020-12-15T11:18:07.620-0500][gc,phases      ] GC(8060)   Other: 0.3ms
[2020-12-15T11:18:07.620-0500][gc,heap        ] GC(8060) Eden regions: 9->0(2)
[2020-12-15T11:18:07.620-0500][gc,heap        ] GC(8060) Survivor regions: 1->1(2)
[2020-12-15T11:18:07.620-0500][gc,heap        ] GC(8060) Old regions: 43->43
[2020-12-15T11:18:07.620-0500][gc,heap        ] GC(8060) Humongous regions: 4->4
[2020-12-15T11:18:07.620-0500][gc,metaspace   ] GC(8060) Metaspace: 49404K->49404K(1093632K)
[2020-12-15T11:18:07.620-0500][gc,heap        ] GC(8060) Heap after GC invocations=8061 (full 1665): garbage-first heap   total 66560K, used 43333K [0x0000000083000000, 0x0000000100000000)
[2020-12-15T11:18:07.620-0500][gc,heap        ] GC(8060)   region size 1024K, 1 young (1024K), 1 survivors (1024K)
[2020-12-15T11:18:07.620-0500][gc,heap        ] GC(8060)  Metaspace       used 49404K, capacity 51450K, committed 53248K, reserved 1093632K
[2020-12-15T11:18:07.620-0500][gc,heap        ] GC(8060)   class space    used 7386K, capacity 8097K, committed 8704K, reserved 1048576K
[2020-12-15T11:18:07.620-0500][gc             ] GC(8060) Pause Young (Prepare Mixed) (G1 Evacuation Pause) 51M->42M(65M) 2.344ms
[2020-12-15T11:18:07.620-0500][gc,cpu         ] GC(8060) User=0.00s Sys=0.01s Real=0.01s
[2020-12-15T11:18:16.019-0500][gc,heap        ] GC(8061) Heap before GC invocations=8061 (full 1665): garbage-first heap   total 66560K, used 45381K [0x0000000083000000, 0x0000000100000000)
[2020-12-15T11:18:16.019-0500][gc,heap        ] GC(8061)   region size 1024K, 3 young (3072K), 1 survivors (1024K)
[2020-12-15T11:18:16.019-0500][gc,heap        ] GC(8061)  Metaspace       used 49404K, capacity 51450K, committed 53248K, reserved 1093632K
[2020-12-15T11:18:16.019-0500][gc,heap        ] GC(8061)   class space    used 7386K, capacity 8097K, committed 8704K, reserved 1048576K
[2020-12-15T11:18:16.019-0500][gc,start       ] GC(8061) Pause Young (Mixed) (G1 Evacuation Pause)
[2020-12-15T11:18:16.019-0500][gc,task        ] GC(8061) Using 8 workers of 8 for evacuation
[2020-12-15T11:18:16.066-0500][gc,phases      ] GC(8061)   Pre Evacuate Collection Set: 0.0ms
[2020-12-15T11:18:16.066-0500][gc,phases      ] GC(8061)   Evacuate Collection Set: 18.8ms
[2020-12-15T11:18:16.066-0500][gc,phases      ] GC(8061)   Post Evacuate Collection Set: 28.6ms
[2020-12-15T11:18:16.067-0500][gc,phases      ] GC(8061)   Other: 0.4ms
[2020-12-15T11:18:16.067-0500][gc,heap        ] GC(8061) Eden regions: 2->0(9)
[2020-12-15T11:18:16.067-0500][gc,heap        ] GC(8061) Survivor regions: 1->1(1)
[2020-12-15T11:18:16.067-0500][gc,heap        ] GC(8061) Old regions: 43->43
[2020-12-15T11:18:16.067-0500][gc,heap        ] GC(8061) Humongous regions: 4->4
[2020-12-15T11:18:16.067-0500][gc,metaspace   ] GC(8061) Metaspace: 49404K->49404K(1093632K)
[2020-12-15T11:18:16.067-0500][gc,heap        ] GC(8061) Heap after GC invocations=8062 (full 1665): garbage-first heap   total 66560K, used 43334K [0x0000000083000000, 0x0000000100000000)
[2020-12-15T11:18:16.067-0500][gc,heap        ] GC(8061)   region size 1024K, 1 young (1024K), 1 survivors (1024K)
[2020-12-15T11:18:16.067-0500][gc,heap        ] GC(8061)  Metaspace       used 49404K, capacity 51450K, committed 53248K, reserved 1093632K
[2020-12-15T11:18:16.067-0500][gc,heap        ] GC(8061)   class space    used 7386K, capacity 8097K, committed 8704K, reserved 1048576K
[2020-12-15T11:18:16.067-0500][gc             ] GC(8061) Pause Young (Mixed) (G1 Evacuation Pause) 44M->42M(65M) 48.038ms
[2020-12-15T11:18:16.067-0500][gc,cpu         ] GC(8061) User=0.19s Sys=0.00s Real=0.04s
[2020-12-15T11:19:05.524-0500][gc,heap        ] GC(8062) Heap before GC invocations=8062 (full 1665): garbage-first heap   total 66560K, used 51526K [0x0000000083000000, 0x0000000100000000)
[2020-12-15T11:19:05.524-0500][gc,heap        ] GC(8062)   region size 1024K, 10 young (10240K), 1 survivors (1024K)
[2020-12-15T11:19:05.524-0500][gc,heap        ] GC(8062)  Metaspace       used 49404K, capacity 51450K, committed 53248K, reserved 1093632K
[2020-12-15T11:19:05.524-0500][gc,heap        ] GC(8062)   class space    used 7386K, capacity 8097K, committed 8704K, reserved 1048576K
[2020-12-15T11:19:05.524-0500][gc,start       ] GC(8062) Pause Young (Concurrent Start) (G1 Evacuation Pause)
[2020-12-15T11:19:05.524-0500][gc,task        ] GC(8062) Using 8 workers of 8 for evacuation
[2020-12-15T11:19:05.564-0500][gc,phases      ] GC(8062)   Pre Evacuate Collection Set: 0.2ms
[2020-12-15T11:19:05.564-0500][gc,phases      ] GC(8062)   Evacuate Collection Set: 2.9ms
[2020-12-15T11:19:05.564-0500][gc,phases      ] GC(8062)   Post Evacuate Collection Set: 36.9ms
[2020-12-15T11:19:05.564-0500][gc,phases      ] GC(8062)   Other: 0.4ms
[2020-12-15T11:19:05.564-0500][gc,heap        ] GC(8062) Eden regions: 9->0(9)
[2020-12-15T11:19:05.564-0500][gc,heap        ] GC(8062) Survivor regions: 1->1(2)
[2020-12-15T11:19:05.565-0500][gc,heap        ] GC(8062) Old regions: 43->43
[2020-12-15T11:19:05.565-0500][gc,heap        ] GC(8062) Humongous regions: 4->4
[2020-12-15T11:19:05.565-0500][gc,metaspace   ] GC(8062) Metaspace: 49404K->49404K(1093632K)
[2020-12-15T11:19:05.565-0500][gc,heap        ] GC(8062) Heap after GC invocations=8063 (full 1665): garbage-first heap   total 66560K, used 43439K [0x0000000083000000, 0x0000000100000000)
[2020-12-15T11:19:05.565-0500][gc,heap        ] GC(8062)   region size 1024K, 1 young (1024K), 1 survivors (1024K)
[2020-12-15T11:19:05.565-0500][gc,heap        ] GC(8062)  Metaspace       used 49404K, capacity 51450K, committed 53248K, reserved 1093632K
[2020-12-15T11:19:05.565-0500][gc,heap        ] GC(8062)   class space    used 7386K, capacity 8097K, committed 8704K, reserved 1048576K
[2020-12-15T11:19:05.565-0500][gc             ] GC(8062) Pause Young (Concurrent Start) (G1 Evacuation Pause) 51M->42M(65M) 40.617ms
[2020-12-15T11:19:05.565-0500][gc,cpu         ] GC(8062) User=0.23s Sys=0.00s Real=0.04s
[2020-12-15T11:19:05.565-0500][gc             ] GC(8063) Concurrent Cycle
[2020-12-15T11:19:05.565-0500][gc,marking     ] GC(8063) Concurrent Clear Claimed Marks
[2020-12-15T11:19:05.565-0500][gc,marking     ] GC(8063) Concurrent Clear Claimed Marks 0.246ms
[2020-12-15T11:19:05.565-0500][gc,marking     ] GC(8063) Concurrent Scan Root Regions
[2020-12-15T11:19:05.567-0500][gc,marking     ] GC(8063) Concurrent Scan Root Regions 1.909ms
[2020-12-15T11:19:05.567-0500][gc,marking     ] GC(8063) Concurrent Mark (499342.954s)
[2020-12-15T11:19:05.567-0500][gc,marking     ] GC(8063) Concurrent Mark From Roots
[2020-12-15T11:19:05.567-0500][gc,task        ] GC(8063) Using 2 workers of 2 for marking
[2020-12-15T11:19:05.642-0500][gc,marking     ] GC(8063) Concurrent Mark From Roots 74.676ms
[2020-12-15T11:19:05.642-0500][gc,marking     ] GC(8063) Concurrent Preclean
[2020-12-15T11:19:05.642-0500][gc,marking     ] GC(8063) Concurrent Preclean 0.213ms
[2020-12-15T11:19:05.642-0500][gc,marking     ] GC(8063) Concurrent Mark (499342.954s, 499343.029s) 74.992ms
[2020-12-15T11:19:05.643-0500][gc,start       ] GC(8063) Pause Remark
[2020-12-15T11:19:05.673-0500][gc,stringtable ] GC(8063) Cleaned string and symbol table, strings: 32748 processed, 0 removed, symbols: 120723 processed, 0 removed
[2020-12-15T11:19:05.674-0500][gc             ] GC(8063) Pause Remark 43M->43M(65M) 31.038ms
[2020-12-15T11:19:05.674-0500][gc,cpu         ] GC(8063) User=0.19s Sys=0.00s Real=0.03s
[2020-12-15T11:19:05.674-0500][gc,marking     ] GC(8063) Concurrent Rebuild Remembered Sets
[2020-12-15T11:19:05.710-0500][gc,marking     ] GC(8063) Concurrent Rebuild Remembered Sets 36.339ms
[2020-12-15T11:19:05.711-0500][gc,start       ] GC(8063) Pause Cleanup
[2020-12-15T11:19:05.711-0500][gc             ] GC(8063) Pause Cleanup 43M->43M(65M) 0.478ms
[2020-12-15T11:19:05.712-0500][gc,cpu         ] GC(8063) User=0.00s Sys=0.00s Real=0.00s
[2020-12-15T11:19:05.712-0500][gc,marking     ] GC(8063) Concurrent Cleanup for Next Mark
[2020-12-15T11:19:05.712-0500][gc,marking     ] GC(8063) Concurrent Cleanup for Next Mark 0.244ms
[2020-12-15T11:19:05.712-0500][gc             ] GC(8063) Concurrent Cycle 146.950ms
[2020-12-15T11:19:45.526-0500][gc,heap        ] GC(8064) Heap before GC invocations=8064 (full 1665): garbage-first heap   total 66560K, used 51631K [0x0000000083000000, 0x0000000100000000)
[2020-12-15T11:19:45.526-0500][gc,heap        ] GC(8064)   region size 1024K, 10 young (10240K), 1 survivors (1024K)
[2020-12-15T11:19:45.527-0500][gc,heap        ] GC(8064)  Metaspace       used 49404K, capacity 51450K, committed 53248K, reserved 1093632K
[2020-12-15T11:19:45.527-0500][gc,heap        ] GC(8064)   class space    used 7386K, capacity 8097K, committed 8704K, reserved 1048576K
[2020-12-15T11:19:45.527-0500][gc,start       ] GC(8064) Pause Young (Normal) (G1 Evacuation Pause)
[2020-12-15T11:19:45.527-0500][gc,task        ] GC(8064) Using 8 workers of 8 for evacuation
[2020-12-15T11:19:45.610-0500][gc,phases      ] GC(8064)   Pre Evacuate Collection Set: 0.0ms
[2020-12-15T11:19:45.611-0500][gc,phases      ] GC(8064)   Evacuate Collection Set: 34.4ms
[2020-12-15T11:19:45.611-0500][gc,phases      ] GC(8064)   Post Evacuate Collection Set: 49.1ms
[2020-12-15T11:19:45.611-0500][gc,phases      ] GC(8064)   Other: 0.5ms
[2020-12-15T11:19:45.611-0500][gc,heap        ] GC(8064) Eden regions: 9->0(9)
[2020-12-15T11:19:45.611-0500][gc,heap        ] GC(8064) Survivor regions: 1->1(2)
[2020-12-15T11:19:45.611-0500][gc,heap        ] GC(8064) Old regions: 43->43
[2020-12-15T11:19:45.611-0500][gc,heap        ] GC(8064) Humongous regions: 4->4
[2020-12-15T11:19:45.611-0500][gc,metaspace   ] GC(8064) Metaspace: 49404K->49404K(1093632K)
[2020-12-15T11:19:45.611-0500][gc,heap        ] GC(8064) Heap after GC invocations=8065 (full 1665): garbage-first heap   total 66560K, used 43510K [0x0000000083000000, 0x0000000100000000)
[2020-12-15T11:19:45.611-0500][gc,heap        ] GC(8064)   region size 1024K, 1 young (1024K), 1 survivors (1024K)
[2020-12-15T11:19:45.611-0500][gc,heap        ] GC(8064)  Metaspace       used 49404K, capacity 51450K, committed 53248K, reserved 1093632K
[2020-12-15T11:19:45.611-0500][gc,heap        ] GC(8064)   class space    used 7386K, capacity 8097K, committed 8704K, reserved 1048576K
[2020-12-15T11:19:45.611-0500][gc             ] GC(8064) Pause Young (Normal) (G1 Evacuation Pause) 51M->42M(65M) 84.051ms
[2020-12-15T11:19:45.611-0500][gc,cpu         ] GC(8064) User=0.37s Sys=0.00s Real=0.09s
[2020-12-15T11:20:25.543-0500][gc,heap        ] GC(8065) Heap before GC invocations=8065 (full 1665): garbage-first heap   total 66560K, used 51702K [0x0000000083000000, 0x0000000100000000)
[2020-12-15T11:20:25.543-0500][gc,heap        ] GC(8065)   region size 1024K, 10 young (10240K), 1 survivors (1024K)
[2020-12-15T11:20:25.543-0500][gc,heap        ] GC(8065)  Metaspace       used 49404K, capacity 51450K, committed 53248K, reserved 1093632K
[2020-12-15T11:20:25.543-0500][gc,heap        ] GC(8065)   class space    used 7386K, capacity 8097K, committed 8704K, reserved 1048576K
[2020-12-15T11:20:25.543-0500][gc,start       ] GC(8065) Pause Young (Concurrent Start) (G1 Evacuation Pause)
[2020-12-15T11:20:25.543-0500][gc,task        ] GC(8065) Using 8 workers of 8 for evacuation
[2020-12-15T11:20:25.577-0500][gc,phases      ] GC(8065)   Pre Evacuate Collection Set: 0.2ms
[2020-12-15T11:20:25.577-0500][gc,phases      ] GC(8065)   Evacuate Collection Set: 1.5ms
[2020-12-15T11:20:25.577-0500][gc,phases      ] GC(8065)   Post Evacuate Collection Set: 31.8ms
[2020-12-15T11:20:25.577-0500][gc,phases      ] GC(8065)   Other: 0.3ms
[2020-12-15T11:20:25.577-0500][gc,heap        ] GC(8065) Eden regions: 9->0(9)
[2020-12-15T11:20:25.577-0500][gc,heap        ] GC(8065) Survivor regions: 1->1(2)
[2020-12-15T11:20:25.577-0500][gc,heap        ] GC(8065) Old regions: 43->43
[2020-12-15T11:20:25.577-0500][gc,heap        ] GC(8065) Humongous regions: 4->4
[2020-12-15T11:20:25.577-0500][gc,metaspace   ] GC(8065) Metaspace: 49404K->49404K(1093632K)
[2020-12-15T11:20:25.577-0500][gc,heap        ] GC(8065) Heap after GC invocations=8066 (full 1665): garbage-first heap   total 66560K, used 43424K [0x0000000083000000, 0x0000000100000000)
[2020-12-15T11:20:25.577-0500][gc,heap        ] GC(8065)   region size 1024K, 1 young (1024K), 1 survivors (1024K)
[2020-12-15T11:20:25.577-0500][gc,heap        ] GC(8065)  Metaspace       used 49404K, capacity 51450K, committed 53248K, reserved 1093632K
[2020-12-15T11:20:25.577-0500][gc,heap        ] GC(8065)   class space    used 7386K, capacity 8097K, committed 8704K, reserved 1048576K
[2020-12-15T11:20:25.577-0500][gc             ] GC(8065) Pause Young (Concurrent Start) (G1 Evacuation Pause) 51M->42M(65M) 34.273ms
[2020-12-15T11:20:25.577-0500][gc,cpu         ] GC(8065) User=0.21s Sys=0.00s Real=0.03s
[2020-12-15T11:20:25.578-0500][gc             ] GC(8066) Concurrent Cycle
[2020-12-15T11:20:25.578-0500][gc,marking     ] GC(8066) Concurrent Clear Claimed Marks
[2020-12-15T11:20:25.578-0500][gc,marking     ] GC(8066) Concurrent Clear Claimed Marks 0.199ms
[2020-12-15T11:20:25.578-0500][gc,marking     ] GC(8066) Concurrent Scan Root Regions
[2020-12-15T11:20:25.581-0500][gc,marking     ] GC(8066) Concurrent Scan Root Regions 2.968ms
[2020-12-15T11:20:25.581-0500][gc,marking     ] GC(8066) Concurrent Mark (499422.968s)
[2020-12-15T11:20:25.581-0500][gc,marking     ] GC(8066) Concurrent Mark From Roots
[2020-12-15T11:20:25.581-0500][gc,task        ] GC(8066) Using 2 workers of 2 for marking
[2020-12-15T11:20:25.649-0500][gc,marking     ] GC(8066) Concurrent Mark From Roots 68.634ms
[2020-12-15T11:20:25.650-0500][gc,marking     ] GC(8066) Concurrent Preclean
[2020-12-15T11:20:25.650-0500][gc,marking     ] GC(8066) Concurrent Preclean 0.222ms
[2020-12-15T11:20:25.650-0500][gc,marking     ] GC(8066) Concurrent Mark (499422.968s, 499423.037s) 68.955ms
[2020-12-15T11:20:25.650-0500][gc,start       ] GC(8066) Pause Remark
[2020-12-15T11:20:25.663-0500][gc,stringtable ] GC(8066) Cleaned string and symbol table, strings: 32748 processed, 0 removed, symbols: 120723 processed, 0 removed
[2020-12-15T11:20:25.663-0500][gc             ] GC(8066) Pause Remark 42M->42M(65M) 13.232ms
[2020-12-15T11:20:25.663-0500][gc,cpu         ] GC(8066) User=0.08s Sys=0.00s Real=0.01s
[2020-12-15T11:20:25.663-0500][gc,marking     ] GC(8066) Concurrent Rebuild Remembered Sets
[2020-12-15T11:20:25.693-0500][gc,marking     ] GC(8066) Concurrent Rebuild Remembered Sets 29.735ms
[2020-12-15T11:20:25.694-0500][gc,start       ] GC(8066) Pause Cleanup
[2020-12-15T11:20:25.694-0500][gc             ] GC(8066) Pause Cleanup 42M->42M(65M) 0.452ms
[2020-12-15T11:20:25.695-0500][gc,cpu         ] GC(8066) User=0.00s Sys=0.00s Real=0.00s
[2020-12-15T11:20:25.695-0500][gc,marking     ] GC(8066) Concurrent Cleanup for Next Mark
[2020-12-15T11:20:25.695-0500][gc,marking     ] GC(8066) Concurrent Cleanup for Next Mark 0.274ms
[2020-12-15T11:20:25.695-0500][gc             ] GC(8066) Concurrent Cycle 117.578ms
[2020-12-15T11:21:06.013-0500][gc,heap        ] GC(8067) Heap before GC invocations=8067 (full 1665): garbage-first heap   total 66560K, used 51616K [0x0000000083000000, 0x0000000100000000)
[2020-12-15T11:21:06.013-0500][gc,heap        ] GC(8067)   region size 1024K, 10 young (10240K), 1 survivors (1024K)
[2020-12-15T11:21:06.013-0500][gc,heap        ] GC(8067)  Metaspace       used 49404K, capacity 51450K, committed 53248K, reserved 1093632K
[2020-12-15T11:21:06.013-0500][gc,heap        ] GC(8067)   class space    used 7386K, capacity 8097K, committed 8704K, reserved 1048576K
[2020-12-15T11:21:06.013-0500][gc,start       ] GC(8067) Pause Young (Normal) (G1 Evacuation Pause)
[2020-12-15T11:21:06.013-0500][gc,task        ] GC(8067) Using 8 workers of 8 for evacuation
[2020-12-15T11:21:06.015-0500][gc,phases      ] GC(8067)   Pre Evacuate Collection Set: 0.0ms
[2020-12-15T11:21:06.015-0500][gc,phases      ] GC(8067)   Evacuate Collection Set: 0.9ms
[2020-12-15T11:21:06.015-0500][gc,phases      ] GC(8067)   Post Evacuate Collection Set: 1.1ms
[2020-12-15T11:21:06.016-0500][gc,phases      ] GC(8067)   Other: 0.2ms
[2020-12-15T11:21:06.016-0500][gc,heap        ] GC(8067) Eden regions: 9->0(9)
[2020-12-15T11:21:06.016-0500][gc,heap        ] GC(8067) Survivor regions: 1->1(2)
[2020-12-15T11:21:06.016-0500][gc,heap        ] GC(8067) Old regions: 43->43
[2020-12-15T11:21:06.016-0500][gc,heap        ] GC(8067) Humongous regions: 4->4
[2020-12-15T11:21:06.016-0500][gc,metaspace   ] GC(8067) Metaspace: 49404K->49404K(1093632K)
[2020-12-15T11:21:06.016-0500][gc,heap        ] GC(8067) Heap after GC invocations=8068 (full 1665): garbage-first heap   total 66560K, used 43394K [0x0000000083000000, 0x0000000100000000)
[2020-12-15T11:21:06.016-0500][gc,heap        ] GC(8067)   region size 1024K, 1 young (1024K), 1 survivors (1024K)
[2020-12-15T11:21:06.016-0500][gc,heap        ] GC(8067)  Metaspace       used 49404K, capacity 51450K, committed 53248K, reserved 1093632K
[2020-12-15T11:21:06.016-0500][gc,heap        ] GC(8067)   class space    used 7386K, capacity 8097K, committed 8704K, reserved 1048576K
[2020-12-15T11:21:06.016-0500][gc             ] GC(8067) Pause Young (Normal) (G1 Evacuation Pause) 51M->42M(65M) 2.226ms
[2020-12-15T11:21:06.016-0500][gc,cpu         ] GC(8067) User=0.01s Sys=0.01s Real=0.00s
[2020-12-15T11:21:45.190-0500][gc,task        ] GC(8068) Using 5 workers of 8 for full compaction
[2020-12-15T11:21:45.190-0500][gc,start       ] GC(8068) Pause Full (System.gc())
[2020-12-15T11:21:45.190-0500][gc,heap        ] GC(8068) Heap before GC invocations=8068 (full 1665): garbage-first heap   total 66560K, used 48514K [0x0000000083000000, 0x0000000100000000)
[2020-12-15T11:21:45.190-0500][gc,heap        ] GC(8068)   region size 1024K, 8 young (8192K), 1 survivors (1024K)
[2020-12-15T11:21:45.190-0500][gc,heap        ] GC(8068)  Metaspace       used 49404K, capacity 51450K, committed 53248K, reserved 1093632K
[2020-12-15T11:21:45.190-0500][gc,heap        ] GC(8068)   class space    used 7386K, capacity 8097K, committed 8704K, reserved 1048576K
[2020-12-15T11:21:45.190-0500][gc,phases,start] GC(8068) Phase 1: Mark live objects
[2020-12-15T11:21:45.220-0500][gc,stringtable ] GC(8068) Cleaned string and symbol table, strings: 32748 processed, 5 removed, symbols: 120723 processed, 0 removed
[2020-12-15T11:21:45.221-0500][gc,phases      ] GC(8068) Phase 1: Mark live objects 30.657ms
[2020-12-15T11:21:45.221-0500][gc,phases,start] GC(8068) Phase 2: Prepare for compaction
[2020-12-15T11:21:45.227-0500][gc,phases      ] GC(8068) Phase 2: Prepare for compaction 5.964ms
[2020-12-15T11:21:45.227-0500][gc,phases,start] GC(8068) Phase 3: Adjust pointers
[2020-12-15T11:21:45.246-0500][gc,phases      ] GC(8068) Phase 3: Adjust pointers 19.258ms
[2020-12-15T11:21:45.246-0500][gc,phases,start] GC(8068) Phase 4: Compact heap
[2020-12-15T11:21:45.252-0500][gc,phases      ] GC(8068) Phase 4: Compact heap 6.148ms
[2020-12-15T11:21:45.261-0500][gc,heap        ] GC(8068) Eden regions: 7->0(12)
[2020-12-15T11:21:45.261-0500][gc,heap        ] GC(8068) Survivor regions: 1->0(2)
[2020-12-15T11:21:45.261-0500][gc,heap        ] GC(8068) Old regions: 43->41
[2020-12-15T11:21:45.261-0500][gc,heap        ] GC(8068) Humongous regions: 4->4
[2020-12-15T11:21:45.261-0500][gc,metaspace   ] GC(8068) Metaspace: 49404K->49404K(1093632K)
[2020-12-15T11:21:45.261-0500][gc,heap        ] GC(8068) Heap after GC invocations=8069 (full 1666): garbage-first heap   total 66560K, used 43275K [0x0000000083000000, 0x0000000100000000)
[2020-12-15T11:21:45.261-0500][gc,heap        ] GC(8068)   region size 1024K, 0 young (0K), 0 survivors (0K)
[2020-12-15T11:21:45.261-0500][gc,heap        ] GC(8068)  Metaspace       used 49404K, capacity 51450K, committed 53248K, reserved 1093632K
[2020-12-15T11:21:45.261-0500][gc,heap        ] GC(8068)   class space    used 7386K, capacity 8097K, committed 8704K, reserved 1048576K
[2020-12-15T11:21:45.261-0500][gc             ] GC(8068) Pause Full (System.gc()) 49M->42M(65M) 71.473ms
[2020-12-15T11:21:45.261-0500][gc,cpu         ] GC(8068) User=0.30s Sys=0.00s Real=0.07s
[2020-12-15T11:22:36.015-0500][gc,heap        ] GC(8069) Heap before GC invocations=8069 (full 1666): garbage-first heap   total 66560K, used 54539K [0x0000000083000000, 0x0000000100000000)
[2020-12-15T11:22:36.015-0500][gc,heap        ] GC(8069)   region size 1024K, 12 young (12288K), 0 survivors (0K)
[2020-12-15T11:22:36.015-0500][gc,heap        ] GC(8069)  Metaspace       used 49404K, capacity 51450K, committed 53248K, reserved 1093632K
[2020-12-15T11:22:36.015-0500][gc,heap        ] GC(8069)   class space    used 7386K, capacity 8097K, committed 8704K, reserved 1048576K
[2020-12-15T11:22:36.015-0500][gc,start       ] GC(8069) Pause Young (Concurrent Start) (G1 Evacuation Pause)
[2020-12-15T11:22:36.015-0500][gc,task        ] GC(8069) Using 8 workers of 8 for evacuation
[2020-12-15T11:22:36.019-0500][gc,phases      ] GC(8069)   Pre Evacuate Collection Set: 0.2ms
[2020-12-15T11:22:36.019-0500][gc,phases      ] GC(8069)   Evacuate Collection Set: 2.9ms
[2020-12-15T11:22:36.019-0500][gc,phases      ] GC(8069)   Post Evacuate Collection Set: 1.0ms
[2020-12-15T11:22:36.019-0500][gc,phases      ] GC(8069)   Other: 0.3ms
[2020-12-15T11:22:36.019-0500][gc,heap        ] GC(8069) Eden regions: 12->0(11)
[2020-12-15T11:22:36.019-0500][gc,heap        ] GC(8069) Survivor regions: 0->1(2)
[2020-12-15T11:22:36.019-0500][gc,heap        ] GC(8069) Old regions: 41->41
[2020-12-15T11:22:36.019-0500][gc,heap        ] GC(8069) Humongous regions: 4->4
[2020-12-15T11:22:36.019-0500][gc,metaspace   ] GC(8069) Metaspace: 49404K->49404K(1093632K)
[2020-12-15T11:22:36.019-0500][gc,heap        ] GC(8069) Heap after GC invocations=8070 (full 1666): garbage-first heap   total 66560K, used 43368K [0x0000000083000000, 0x0000000100000000)
[2020-12-15T11:22:36.019-0500][gc,heap        ] GC(8069)   region size 1024K, 1 young (1024K), 1 survivors (1024K)
[2020-12-15T11:22:36.019-0500][gc,heap        ] GC(8069)  Metaspace       used 49404K, capacity 51450K, committed 53248K, reserved 1093632K
[2020-12-15T11:22:36.019-0500][gc,heap        ] GC(8069)   class space    used 7386K, capacity 8097K, committed 8704K, reserved 1048576K
[2020-12-15T11:22:36.019-0500][gc             ] GC(8069) Pause Young (Concurrent Start) (G1 Evacuation Pause) 54M->42M(65M) 4.388ms
[2020-12-15T11:22:36.019-0500][gc,cpu         ] GC(8069) User=0.00s Sys=0.00s Real=0.01s
[2020-12-15T11:22:36.019-0500][gc             ] GC(8070) Concurrent Cycle
[2020-12-15T11:22:36.019-0500][gc,marking     ] GC(8070) Concurrent Clear Claimed Marks
[2020-12-15T11:22:36.020-0500][gc,marking     ] GC(8070) Concurrent Clear Claimed Marks 0.165ms
[2020-12-15T11:22:36.020-0500][gc,marking     ] GC(8070) Concurrent Scan Root Regions
[2020-12-15T11:22:36.020-0500][gc,marking     ] GC(8070) Concurrent Scan Root Regions 0.885ms
[2020-12-15T11:22:36.020-0500][gc,marking     ] GC(8070) Concurrent Mark (499553.408s)
[2020-12-15T11:22:36.020-0500][gc,marking     ] GC(8070) Concurrent Mark From Roots
[2020-12-15T11:22:36.021-0500][gc,task        ] GC(8070) Using 2 workers of 2 for marking
[2020-12-15T11:22:36.072-0500][gc,marking     ] GC(8070) Concurrent Mark From Roots 50.999ms
[2020-12-15T11:22:36.072-0500][gc,marking     ] GC(8070) Concurrent Preclean
[2020-12-15T11:22:36.072-0500][gc,marking     ] GC(8070) Concurrent Preclean 0.178ms
[2020-12-15T11:22:36.072-0500][gc,marking     ] GC(8070) Concurrent Mark (499553.408s, 499553.459s) 51.264ms
[2020-12-15T11:22:36.072-0500][gc,start       ] GC(8070) Pause Remark
[2020-12-15T11:22:36.080-0500][gc,stringtable ] GC(8070) Cleaned string and symbol table, strings: 32748 processed, 0 removed, symbols: 120723 processed, 0 removed
[2020-12-15T11:22:36.081-0500][gc             ] GC(8070) Pause Remark 42M->42M(65M) 8.631ms
[2020-12-15T11:22:36.081-0500][gc,cpu         ] GC(8070) User=0.05s Sys=0.00s Real=0.01s
[2020-12-15T11:22:36.081-0500][gc,marking     ] GC(8070) Concurrent Rebuild Remembered Sets
[2020-12-15T11:22:36.108-0500][gc,marking     ] GC(8070) Concurrent Rebuild Remembered Sets 27.600ms
[2020-12-15T11:22:36.109-0500][gc,start       ] GC(8070) Pause Cleanup
[2020-12-15T11:22:36.109-0500][gc             ] GC(8070) Pause Cleanup 42M->42M(65M) 0.193ms
[2020-12-15T11:22:36.109-0500][gc,cpu         ] GC(8070) User=0.00s Sys=0.00s Real=0.00s
[2020-12-15T11:22:36.109-0500][gc,marking     ] GC(8070) Concurrent Cleanup for Next Mark
[2020-12-15T11:22:36.109-0500][gc,marking     ] GC(8070) Concurrent Cleanup for Next Mark 0.194ms
[2020-12-15T11:22:36.109-0500][gc             ] GC(8070) Concurrent Cycle 90.124ms
[2020-12-15T11:23:32.883-0500][gc,heap        ] GC(8071) Heap before GC invocations=8071 (full 1666): garbage-first heap   total 66560K, used 53608K [0x0000000083000000, 0x0000000100000000)
[2020-12-15T11:23:32.883-0500][gc,heap        ] GC(8071)   region size 1024K, 12 young (12288K), 1 survivors (1024K)
[2020-12-15T11:23:32.883-0500][gc,heap        ] GC(8071)  Metaspace       used 49404K, capacity 51450K, committed 53248K, reserved 1093632K
[2020-12-15T11:23:32.883-0500][gc,heap        ] GC(8071)   class space    used 7386K, capacity 8097K, committed 8704K, reserved 1048576K
[2020-12-15T11:23:32.883-0500][gc,start       ] GC(8071) Pause Young (Normal) (G1 Evacuation Pause)
[2020-12-15T11:23:32.883-0500][gc,task        ] GC(8071) Using 8 workers of 8 for evacuation
[2020-12-15T11:23:32.886-0500][gc,phases      ] GC(8071)   Pre Evacuate Collection Set: 0.0ms
[2020-12-15T11:23:32.886-0500][gc,phases      ] GC(8071)   Evacuate Collection Set: 1.3ms
[2020-12-15T11:23:32.886-0500][gc,phases      ] GC(8071)   Post Evacuate Collection Set: 1.1ms
[2020-12-15T11:23:32.886-0500][gc,phases      ] GC(8071)   Other: 0.3ms
[2020-12-15T11:23:32.886-0500][gc,heap        ] GC(8071) Eden regions: 11->0(11)
[2020-12-15T11:23:32.886-0500][gc,heap        ] GC(8071) Survivor regions: 1->1(2)
[2020-12-15T11:23:32.886-0500][gc,heap        ] GC(8071) Old regions: 41->41
[2020-12-15T11:23:32.886-0500][gc,heap        ] GC(8071) Humongous regions: 4->4
[2020-12-15T11:23:32.886-0500][gc,metaspace   ] GC(8071) Metaspace: 49404K->49404K(1093632K)
[2020-12-15T11:23:32.886-0500][gc,heap        ] GC(8071) Heap after GC invocations=8072 (full 1666): garbage-first heap   total 66560K, used 43349K [0x0000000083000000, 0x0000000100000000)
[2020-12-15T11:23:32.886-0500][gc,heap        ] GC(8071)   region size 1024K, 1 young (1024K), 1 survivors (1024K)
[2020-12-15T11:23:32.886-0500][gc,heap        ] GC(8071)  Metaspace       used 49404K, capacity 51450K, committed 53248K, reserved 1093632K
[2020-12-15T11:23:32.886-0500][gc,heap        ] GC(8071)   class space    used 7386K, capacity 8097K, committed 8704K, reserved 1048576K
[2020-12-15T11:23:32.886-0500][gc             ] GC(8071) Pause Young (Normal) (G1 Evacuation Pause) 53M->42M(65M) 2.842ms
[2020-12-15T11:23:32.886-0500][gc,cpu         ] GC(8071) User=0.01s Sys=0.00s Real=0.00s
[2020-12-15T11:24:25.524-0500][gc,heap        ] GC(8072) Heap before GC invocations=8072 (full 1666): garbage-first heap   total 66560K, used 53589K [0x0000000083000000, 0x0000000100000000)
[2020-12-15T11:24:25.524-0500][gc,heap        ] GC(8072)   region size 1024K, 12 young (12288K), 1 survivors (1024K)
[2020-12-15T11:24:25.524-0500][gc,heap        ] GC(8072)  Metaspace       used 49404K, capacity 51450K, committed 53248K, reserved 1093632K
[2020-12-15T11:24:25.524-0500][gc,heap        ] GC(8072)   class space    used 7386K, capacity 8097K, committed 8704K, reserved 1048576K
[2020-12-15T11:24:25.524-0500][gc,start       ] GC(8072) Pause Young (Concurrent Start) (G1 Evacuation Pause)
[2020-12-15T11:24:25.524-0500][gc,task        ] GC(8072) Using 8 workers of 8 for evacuation
[2020-12-15T11:24:25.541-0500][gc,phases      ] GC(8072)   Pre Evacuate Collection Set: 0.2ms
[2020-12-15T11:24:25.542-0500][gc,phases      ] GC(8072)   Evacuate Collection Set: 8.4ms
[2020-12-15T11:24:25.542-0500][gc,phases      ] GC(8072)   Post Evacuate Collection Set: 8.7ms
[2020-12-15T11:24:25.542-0500][gc,phases      ] GC(8072)   Other: 0.3ms
[2020-12-15T11:24:25.542-0500][gc,heap        ] GC(8072) Eden regions: 11->0(11)
[2020-12-15T11:24:25.542-0500][gc,heap        ] GC(8072) Survivor regions: 1->1(2)
[2020-12-15T11:24:25.542-0500][gc,heap        ] GC(8072) Old regions: 41->41
[2020-12-15T11:24:25.542-0500][gc,heap        ] GC(8072) Humongous regions: 4->4
[2020-12-15T11:24:25.542-0500][gc,metaspace   ] GC(8072) Metaspace: 49404K->49404K(1093632K)
[2020-12-15T11:24:25.542-0500][gc,heap        ] GC(8072) Heap after GC invocations=8073 (full 1666): garbage-first heap   total 66560K, used 43473K [0x0000000083000000, 0x0000000100000000)
[2020-12-15T11:24:25.542-0500][gc,heap        ] GC(8072)   region size 1024K, 1 young (1024K), 1 survivors (1024K)
[2020-12-15T11:24:25.542-0500][gc,heap        ] GC(8072)  Metaspace       used 49404K, capacity 51450K, committed 53248K, reserved 1093632K
[2020-12-15T11:24:25.542-0500][gc,heap        ] GC(8072)   class space    used 7386K, capacity 8097K, committed 8704K, reserved 1048576K
[2020-12-15T11:24:25.542-0500][gc             ] GC(8072) Pause Young (Concurrent Start) (G1 Evacuation Pause) 53M->42M(65M) 17.623ms
[2020-12-15T11:24:25.542-0500][gc,cpu         ] GC(8072) User=0.11s Sys=0.00s Real=0.02s
[2020-12-15T11:24:25.542-0500][gc             ] GC(8073) Concurrent Cycle
[2020-12-15T11:24:25.542-0500][gc,marking     ] GC(8073) Concurrent Clear Claimed Marks
[2020-12-15T11:24:25.542-0500][gc,marking     ] GC(8073) Concurrent Clear Claimed Marks 0.191ms
[2020-12-15T11:24:25.542-0500][gc,marking     ] GC(8073) Concurrent Scan Root Regions
[2020-12-15T11:24:25.543-0500][gc,marking     ] GC(8073) Concurrent Scan Root Regions 1.064ms
[2020-12-15T11:24:25.543-0500][gc,marking     ] GC(8073) Concurrent Mark (499662.930s)
[2020-12-15T11:24:25.543-0500][gc,marking     ] GC(8073) Concurrent Mark From Roots
[2020-12-15T11:24:25.543-0500][gc,task        ] GC(8073) Using 2 workers of 2 for marking
[2020-12-15T11:24:25.624-0500][gc,marking     ] GC(8073) Concurrent Mark From Roots 80.489ms
[2020-12-15T11:24:25.624-0500][gc,marking     ] GC(8073) Concurrent Preclean
[2020-12-15T11:24:25.624-0500][gc,marking     ] GC(8073) Concurrent Preclean 0.276ms
[2020-12-15T11:24:25.624-0500][gc,marking     ] GC(8073) Concurrent Mark (499662.930s, 499663.011s) 80.876ms
[2020-12-15T11:24:25.625-0500][gc,start       ] GC(8073) Pause Remark
[2020-12-15T11:24:25.643-0500][gc,stringtable ] GC(8073) Cleaned string and symbol table, strings: 32748 processed, 0 removed, symbols: 120723 processed, 0 removed
[2020-12-15T11:24:25.643-0500][gc             ] GC(8073) Pause Remark 43M->43M(65M) 18.755ms
[2020-12-15T11:24:25.643-0500][gc,cpu         ] GC(8073) User=0.10s Sys=0.00s Real=0.02s
[2020-12-15T11:24:25.644-0500][gc,marking     ] GC(8073) Concurrent Rebuild Remembered Sets
[2020-12-15T11:24:25.676-0500][gc,marking     ] GC(8073) Concurrent Rebuild Remembered Sets 31.997ms
[2020-12-15T11:24:25.676-0500][gc,start       ] GC(8073) Pause Cleanup
[2020-12-15T11:24:25.676-0500][gc             ] GC(8073) Pause Cleanup 43M->43M(65M) 0.253ms
[2020-12-15T11:24:25.676-0500][gc,cpu         ] GC(8073) User=0.00s Sys=0.00s Real=0.00s
[2020-12-15T11:24:25.676-0500][gc,marking     ] GC(8073) Concurrent Cleanup for Next Mark
[2020-12-15T11:24:25.677-0500][gc,marking     ] GC(8073) Concurrent Cleanup for Next Mark 0.194ms
[2020-12-15T11:24:25.677-0500][gc             ] GC(8073) Concurrent Cycle 134.636ms
[2020-12-15T11:25:15.521-0500][gc,heap        ] GC(8074) Heap before GC invocations=8074 (full 1666): garbage-first heap   total 66560K, used 53713K [0x0000000083000000, 0x0000000100000000)
[2020-12-15T11:25:15.521-0500][gc,heap        ] GC(8074)   region size 1024K, 12 young (12288K), 1 survivors (1024K)
[2020-12-15T11:25:15.522-0500][gc,heap        ] GC(8074)  Metaspace       used 49404K, capacity 51450K, committed 53248K, reserved 1093632K
[2020-12-15T11:25:15.522-0500][gc,heap        ] GC(8074)   class space    used 7386K, capacity 8097K, committed 8704K, reserved 1048576K
[2020-12-15T11:25:15.522-0500][gc,start       ] GC(8074) Pause Young (Normal) (G1 Evacuation Pause)
[2020-12-15T11:25:15.522-0500][gc,task        ] GC(8074) Using 8 workers of 8 for evacuation
[2020-12-15T11:25:15.570-0500][gc,phases      ] GC(8074)   Pre Evacuate Collection Set: 0.0ms
[2020-12-15T11:25:15.570-0500][gc,phases      ] GC(8074)   Evacuate Collection Set: 33.3ms
[2020-12-15T11:25:15.570-0500][gc,phases      ] GC(8074)   Post Evacuate Collection Set: 14.9ms
[2020-12-15T11:25:15.570-0500][gc,phases      ] GC(8074)   Other: 0.4ms
[2020-12-15T11:25:15.570-0500][gc,heap        ] GC(8074) Eden regions: 11->0(11)
[2020-12-15T11:25:15.570-0500][gc,heap        ] GC(8074) Survivor regions: 1->1(2)
[2020-12-15T11:25:15.570-0500][gc,heap        ] GC(8074) Old regions: 41->41
[2020-12-15T11:25:15.570-0500][gc,heap        ] GC(8074) Humongous regions: 4->4
[2020-12-15T11:25:15.570-0500][gc,metaspace   ] GC(8074) Metaspace: 49404K->49404K(1093632K)
[2020-12-15T11:25:15.570-0500][gc,heap        ] GC(8074) Heap after GC invocations=8075 (full 1666): garbage-first heap   total 66560K, used 43516K [0x0000000083000000, 0x0000000100000000)
[2020-12-15T11:25:15.570-0500][gc,heap        ] GC(8074)   region size 1024K, 1 young (1024K), 1 survivors (1024K)
[2020-12-15T11:25:15.570-0500][gc,heap        ] GC(8074)  Metaspace       used 49404K, capacity 51450K, committed 53248K, reserved 1093632K
[2020-12-15T11:25:15.570-0500][gc,heap        ] GC(8074)   class space    used 7386K, capacity 8097K, committed 8704K, reserved 1048576K
[2020-12-15T11:25:15.571-0500][gc             ] GC(8074) Pause Young (Normal) (G1 Evacuation Pause) 53M->42M(65M) 48.975ms
[2020-12-15T11:25:15.571-0500][gc,cpu         ] GC(8074) User=0.30s Sys=0.00s Real=0.05s
[2020-12-15T11:26:05.522-0500][gc,heap        ] GC(8075) Heap before GC invocations=8075 (full 1666): garbage-first heap   total 66560K, used 53756K [0x0000000083000000, 0x0000000100000000)
[2020-12-15T11:26:05.522-0500][gc,heap        ] GC(8075)   region size 1024K, 12 young (12288K), 1 survivors (1024K)
[2020-12-15T11:26:05.523-0500][gc,heap        ] GC(8075)  Metaspace       used 49404K, capacity 51450K, committed 53248K, reserved 1093632K
[2020-12-15T11:26:05.523-0500][gc,heap        ] GC(8075)   class space    used 7386K, capacity 8097K, committed 8704K, reserved 1048576K
[2020-12-15T11:26:05.523-0500][gc,start       ] GC(8075) Pause Young (Concurrent Start) (G1 Evacuation Pause)
[2020-12-15T11:26:05.523-0500][gc,task        ] GC(8075) Using 8 workers of 8 for evacuation
[2020-12-15T11:26:05.530-0500][gc,phases      ] GC(8075)   Pre Evacuate Collection Set: 0.2ms
[2020-12-15T11:26:05.530-0500][gc,phases      ] GC(8075)   Evacuate Collection Set: 5.6ms
[2020-12-15T11:26:05.530-0500][gc,phases      ] GC(8075)   Post Evacuate Collection Set: 1.2ms
[2020-12-15T11:26:05.530-0500][gc,phases      ] GC(8075)   Other: 0.3ms
[2020-12-15T11:26:05.530-0500][gc,heap        ] GC(8075) Eden regions: 11->0(11)
[2020-12-15T11:26:05.530-0500][gc,heap        ] GC(8075) Survivor regions: 1->1(2)
[2020-12-15T11:26:05.530-0500][gc,heap        ] GC(8075) Old regions: 41->41
[2020-12-15T11:26:05.530-0500][gc,heap        ] GC(8075) Humongous regions: 4->4
[2020-12-15T11:26:05.530-0500][gc,metaspace   ] GC(8075) Metaspace: 49404K->49404K(1093632K)
[2020-12-15T11:26:05.530-0500][gc,heap        ] GC(8075) Heap after GC invocations=8076 (full 1666): garbage-first heap   total 66560K, used 43554K [0x0000000083000000, 0x0000000100000000)
[2020-12-15T11:26:05.530-0500][gc,heap        ] GC(8075)   region size 1024K, 1 young (1024K), 1 survivors (1024K)
[2020-12-15T11:26:05.530-0500][gc,heap        ] GC(8075)  Metaspace       used 49404K, capacity 51450K, committed 53248K, reserved 1093632K
[2020-12-15T11:26:05.530-0500][gc,heap        ] GC(8075)   class space    used 7386K, capacity 8097K, committed 8704K, reserved 1048576K
[2020-12-15T11:26:05.530-0500][gc             ] GC(8075) Pause Young (Concurrent Start) (G1 Evacuation Pause) 53M->42M(65M) 7.381ms
[2020-12-15T11:26:05.530-0500][gc,cpu         ] GC(8075) User=0.03s Sys=0.01s Real=0.01s
[2020-12-15T11:26:05.530-0500][gc             ] GC(8076) Concurrent Cycle
[2020-12-15T11:26:05.530-0500][gc,marking     ] GC(8076) Concurrent Clear Claimed Marks
[2020-12-15T11:26:05.530-0500][gc,marking     ] GC(8076) Concurrent Clear Claimed Marks 0.199ms
[2020-12-15T11:26:05.530-0500][gc,marking     ] GC(8076) Concurrent Scan Root Regions
[2020-12-15T11:26:05.532-0500][gc,marking     ] GC(8076) Concurrent Scan Root Regions 1.182ms
[2020-12-15T11:26:05.532-0500][gc,marking     ] GC(8076) Concurrent Mark (499762.919s)
[2020-12-15T11:26:05.532-0500][gc,marking     ] GC(8076) Concurrent Mark From Roots
[2020-12-15T11:26:05.532-0500][gc,task        ] GC(8076) Using 2 workers of 2 for marking
[2020-12-15T11:26:05.597-0500][gc,marking     ] GC(8076) Concurrent Mark From Roots 65.688ms
[2020-12-15T11:26:05.597-0500][gc,marking     ] GC(8076) Concurrent Preclean
[2020-12-15T11:26:05.598-0500][gc,marking     ] GC(8076) Concurrent Preclean 0.178ms
[2020-12-15T11:26:05.598-0500][gc,marking     ] GC(8076) Concurrent Mark (499762.919s, 499762.985s) 65.956ms
[2020-12-15T11:26:05.598-0500][gc,start       ] GC(8076) Pause Remark
[2020-12-15T11:26:05.608-0500][gc,stringtable ] GC(8076) Cleaned string and symbol table, strings: 32748 processed, 0 removed, symbols: 120723 processed, 0 removed
[2020-12-15T11:26:05.608-0500][gc             ] GC(8076) Pause Remark 42M->42M(65M) 10.056ms
[2020-12-15T11:26:05.608-0500][gc,cpu         ] GC(8076) User=0.05s Sys=0.00s Real=0.01s
[2020-12-15T11:26:05.608-0500][gc,marking     ] GC(8076) Concurrent Rebuild Remembered Sets
[2020-12-15T11:26:05.641-0500][gc,marking     ] GC(8076) Concurrent Rebuild Remembered Sets 33.259ms
[2020-12-15T11:26:05.642-0500][gc,start       ] GC(8076) Pause Cleanup
[2020-12-15T11:26:05.642-0500][gc             ] GC(8076) Pause Cleanup 42M->42M(65M) 0.315ms
[2020-12-15T11:26:05.642-0500][gc,cpu         ] GC(8076) User=0.00s Sys=0.00s Real=0.00s
[2020-12-15T11:26:05.642-0500][gc,marking     ] GC(8076) Concurrent Cleanup for Next Mark
[2020-12-15T11:26:05.643-0500][gc,marking     ] GC(8076) Concurrent Cleanup for Next Mark 0.219ms
[2020-12-15T11:26:05.643-0500][gc             ] GC(8076) Concurrent Cycle 112.589ms
[2020-12-15T11:26:45.192-0500][gc,task        ] GC(8077) Using 5 workers of 8 for full compaction
[2020-12-15T11:26:45.192-0500][gc,start       ] GC(8077) Pause Full (System.gc())
[2020-12-15T11:26:45.192-0500][gc,heap        ] GC(8077) Heap before GC invocations=8077 (full 1666): garbage-first heap   total 66560K, used 49698K [0x0000000083000000, 0x0000000100000000)
[2020-12-15T11:26:45.192-0500][gc,heap        ] GC(8077)   region size 1024K, 9 young (9216K), 1 survivors (1024K)
[2020-12-15T11:26:45.192-0500][gc,heap        ] GC(8077)  Metaspace       used 49404K, capacity 51450K, committed 53248K, reserved 1093632K
[2020-12-15T11:26:45.192-0500][gc,heap        ] GC(8077)   class space    used 7386K, capacity 8097K, committed 8704K, reserved 1048576K
[2020-12-15T11:26:45.192-0500][gc,phases,start] GC(8077) Phase 1: Mark live objects
[2020-12-15T11:26:45.237-0500][gc,stringtable ] GC(8077) Cleaned string and symbol table, strings: 32748 processed, 5 removed, symbols: 120723 processed, 0 removed
[2020-12-15T11:26:45.237-0500][gc,phases      ] GC(8077) Phase 1: Mark live objects 44.830ms
[2020-12-15T11:26:45.237-0500][gc,phases,start] GC(8077) Phase 2: Prepare for compaction
[2020-12-15T11:26:45.242-0500][gc,phases      ] GC(8077) Phase 2: Prepare for compaction 5.313ms
[2020-12-15T11:26:45.243-0500][gc,phases,start] GC(8077) Phase 3: Adjust pointers
[2020-12-15T11:26:45.264-0500][gc,phases      ] GC(8077) Phase 3: Adjust pointers 21.705ms
[2020-12-15T11:26:45.264-0500][gc,phases,start] GC(8077) Phase 4: Compact heap
[2020-12-15T11:26:45.270-0500][gc,phases      ] GC(8077) Phase 4: Compact heap 5.777ms
[2020-12-15T11:26:45.280-0500][gc,heap        ] GC(8077) Eden regions: 8->0(10)
[2020-12-15T11:26:45.280-0500][gc,heap        ] GC(8077) Survivor regions: 1->0(2)
[2020-12-15T11:26:45.280-0500][gc,heap        ] GC(8077) Old regions: 41->43
[2020-12-15T11:26:45.280-0500][gc,heap        ] GC(8077) Humongous regions: 4->4
[2020-12-15T11:26:45.280-0500][gc,metaspace   ] GC(8077) Metaspace: 49404K->49404K(1093632K)
[2020-12-15T11:26:45.280-0500][gc,heap        ] GC(8077) Heap after GC invocations=8078 (full 1667): garbage-first heap   total 66560K, used 43279K [0x0000000083000000, 0x0000000100000000)
[2020-12-15T11:26:45.280-0500][gc,heap        ] GC(8077)   region size 1024K, 0 young (0K), 0 survivors (0K)
[2020-12-15T11:26:45.280-0500][gc,heap        ] GC(8077)  Metaspace       used 49404K, capacity 51450K, committed 53248K, reserved 1093632K
[2020-12-15T11:26:45.280-0500][gc,heap        ] GC(8077)   class space    used 7386K, capacity 8097K, committed 8704K, reserved 1048576K
[2020-12-15T11:26:45.280-0500][gc             ] GC(8077) Pause Full (System.gc()) 49M->42M(65M) 88.378ms
[2020-12-15T11:26:45.280-0500][gc,cpu         ] GC(8077) User=0.35s Sys=0.00s Real=0.09s
[2020-12-15T11:27:26.013-0500][gc,heap        ] GC(8078) Heap before GC invocations=8078 (full 1667): garbage-first heap   total 66560K, used 52495K [0x0000000083000000, 0x0000000100000000)
[2020-12-15T11:27:26.013-0500][gc,heap        ] GC(8078)   region size 1024K, 10 young (10240K), 0 survivors (0K)
[2020-12-15T11:27:26.013-0500][gc,heap        ] GC(8078)  Metaspace       used 49404K, capacity 51450K, committed 53248K, reserved 1093632K
[2020-12-15T11:27:26.013-0500][gc,heap        ] GC(8078)   class space    used 7386K, capacity 8097K, committed 8704K, reserved 1048576K
[2020-12-15T11:27:26.013-0500][gc,start       ] GC(8078) Pause Young (Concurrent Start) (G1 Evacuation Pause)
[2020-12-15T11:27:26.013-0500][gc,task        ] GC(8078) Using 8 workers of 8 for evacuation
[2020-12-15T11:27:26.088-0500][gc,phases      ] GC(8078)   Pre Evacuate Collection Set: 0.2ms
[2020-12-15T11:27:26.088-0500][gc,phases      ] GC(8078)   Evacuate Collection Set: 50.1ms
[2020-12-15T11:27:26.088-0500][gc,phases      ] GC(8078)   Post Evacuate Collection Set: 24.4ms
[2020-12-15T11:27:26.088-0500][gc,phases      ] GC(8078)   Other: 0.2ms
[2020-12-15T11:27:26.088-0500][gc,heap        ] GC(8078) Eden regions: 10->0(9)
[2020-12-15T11:27:26.088-0500][gc,heap        ] GC(8078) Survivor regions: 0->1(2)
[2020-12-15T11:27:26.088-0500][gc,heap        ] GC(8078) Old regions: 43->43
[2020-12-15T11:27:26.088-0500][gc,heap        ] GC(8078) Humongous regions: 4->4
[2020-12-15T11:27:26.088-0500][gc,metaspace   ] GC(8078) Metaspace: 49404K->49404K(1093632K)
[2020-12-15T11:27:26.088-0500][gc,heap        ] GC(8078) Heap after GC invocations=8079 (full 1667): garbage-first heap   total 66560K, used 43362K [0x0000000083000000, 0x0000000100000000)
[2020-12-15T11:27:26.088-0500][gc,heap        ] GC(8078)   region size 1024K, 1 young (1024K), 1 survivors (1024K)
[2020-12-15T11:27:26.088-0500][gc,heap        ] GC(8078)  Metaspace       used 49404K, capacity 51450K, committed 53248K, reserved 1093632K
[2020-12-15T11:27:26.088-0500][gc,heap        ] GC(8078)   class space    used 7386K, capacity 8097K, committed 8704K, reserved 1048576K
[2020-12-15T11:27:26.088-0500][gc             ] GC(8078) Pause Young (Concurrent Start) (G1 Evacuation Pause) 52M->42M(65M) 75.235ms
[2020-12-15T11:27:26.088-0500][gc,cpu         ] GC(8078) User=0.43s Sys=0.00s Real=0.08s
[2020-12-15T11:27:26.088-0500][gc             ] GC(8079) Concurrent Cycle
[2020-12-15T11:27:26.089-0500][gc,marking     ] GC(8079) Concurrent Clear Claimed Marks
[2020-12-15T11:27:26.089-0500][gc,marking     ] GC(8079) Concurrent Clear Claimed Marks 0.234ms
[2020-12-15T11:27:26.089-0500][gc,marking     ] GC(8079) Concurrent Scan Root Regions
[2020-12-15T11:27:26.092-0500][gc,marking     ] GC(8079) Concurrent Scan Root Regions 2.683ms
[2020-12-15T11:27:26.092-0500][gc,marking     ] GC(8079) Concurrent Mark (499843.479s)
[2020-12-15T11:27:26.092-0500][gc,marking     ] GC(8079) Concurrent Mark From Roots
[2020-12-15T11:27:26.092-0500][gc,task        ] GC(8079) Using 2 workers of 2 for marking
[2020-12-15T11:27:26.174-0500][gc,marking     ] GC(8079) Concurrent Mark From Roots 82.043ms
[2020-12-15T11:27:26.174-0500][gc,marking     ] GC(8079) Concurrent Preclean
[2020-12-15T11:27:26.174-0500][gc,marking     ] GC(8079) Concurrent Preclean 0.183ms
[2020-12-15T11:27:26.174-0500][gc,marking     ] GC(8079) Concurrent Mark (499843.479s, 499843.561s) 82.322ms
[2020-12-15T11:27:26.175-0500][gc,start       ] GC(8079) Pause Remark
[2020-12-15T11:27:26.205-0500][gc,stringtable ] GC(8079) Cleaned string and symbol table, strings: 32748 processed, 0 removed, symbols: 120723 processed, 0 removed
[2020-12-15T11:27:26.206-0500][gc             ] GC(8079) Pause Remark 42M->42M(65M) 31.608ms
[2020-12-15T11:27:26.206-0500][gc,cpu         ] GC(8079) User=0.17s Sys=0.00s Real=0.03s
[2020-12-15T11:27:26.206-0500][gc,marking     ] GC(8079) Concurrent Rebuild Remembered Sets
[2020-12-15T11:27:26.243-0500][gc,marking     ] GC(8079) Concurrent Rebuild Remembered Sets 36.365ms
[2020-12-15T11:27:26.243-0500][gc,start       ] GC(8079) Pause Cleanup
[2020-12-15T11:27:26.244-0500][gc             ] GC(8079) Pause Cleanup 42M->42M(65M) 0.409ms
[2020-12-15T11:27:26.244-0500][gc,cpu         ] GC(8079) User=0.00s Sys=0.00s Real=0.00s
[2020-12-15T11:27:26.244-0500][gc,marking     ] GC(8079) Concurrent Cleanup for Next Mark
[2020-12-15T11:27:26.244-0500][gc,marking     ] GC(8079) Concurrent Cleanup for Next Mark 0.161ms
[2020-12-15T11:27:26.244-0500][gc             ] GC(8079) Concurrent Cycle 155.579ms
[2020-12-15T11:28:08.079-0500][gc,heap        ] GC(8080) Heap before GC invocations=8080 (full 1667): garbage-first heap   total 66560K, used 51554K [0x0000000083000000, 0x0000000100000000)
[2020-12-15T11:28:08.079-0500][gc,heap        ] GC(8080)   region size 1024K, 10 young (10240K), 1 survivors (1024K)
[2020-12-15T11:28:08.079-0500][gc,heap        ] GC(8080)  Metaspace       used 49404K, capacity 51450K, committed 53248K, reserved 1093632K
[2020-12-15T11:28:08.079-0500][gc,heap        ] GC(8080)   class space    used 7386K, capacity 8097K, committed 8704K, reserved 1048576K
[2020-12-15T11:28:08.079-0500][gc,start       ] GC(8080) Pause Young (Prepare Mixed) (G1 Evacuation Pause)
[2020-12-15T11:28:08.079-0500][gc,task        ] GC(8080) Using 8 workers of 8 for evacuation
[2020-12-15T11:28:08.085-0500][gc,phases      ] GC(8080)   Pre Evacuate Collection Set: 0.0ms
[2020-12-15T11:28:08.085-0500][gc,phases      ] GC(8080)   Evacuate Collection Set: 5.0ms
[2020-12-15T11:28:08.085-0500][gc,phases      ] GC(8080)   Post Evacuate Collection Set: 0.8ms
[2020-12-15T11:28:08.085-0500][gc,phases      ] GC(8080)   Other: 0.2ms
[2020-12-15T11:28:08.085-0500][gc,heap        ] GC(8080) Eden regions: 9->0(2)
[2020-12-15T11:28:08.085-0500][gc,heap        ] GC(8080) Survivor regions: 1->1(2)
[2020-12-15T11:28:08.085-0500][gc,heap        ] GC(8080) Old regions: 43->43
[2020-12-15T11:28:08.085-0500][gc,heap        ] GC(8080) Humongous regions: 4->4
[2020-12-15T11:28:08.085-0500][gc,metaspace   ] GC(8080) Metaspace: 49404K->49404K(1093632K)
[2020-12-15T11:28:08.085-0500][gc,heap        ] GC(8080) Heap after GC invocations=8081 (full 1667): garbage-first heap   total 66560K, used 43349K [0x0000000083000000, 0x0000000100000000)
[2020-12-15T11:28:08.085-0500][gc,heap        ] GC(8080)   region size 1024K, 1 young (1024K), 1 survivors (1024K)
[2020-12-15T11:28:08.085-0500][gc,heap        ] GC(8080)  Metaspace       used 49404K, capacity 51450K, committed 53248K, reserved 1093632K
[2020-12-15T11:28:08.085-0500][gc,heap        ] GC(8080)   class space    used 7386K, capacity 8097K, committed 8704K, reserved 1048576K
[2020-12-15T11:28:08.085-0500][gc             ] GC(8080) Pause Young (Prepare Mixed) (G1 Evacuation Pause) 51M->42M(65M) 6.167ms
[2020-12-15T11:28:08.085-0500][gc,cpu         ] GC(8080) User=0.03s Sys=0.00s Real=0.00s
[2020-12-15T11:28:16.013-0500][gc,heap        ] GC(8081) Heap before GC invocations=8081 (full 1667): garbage-first heap   total 66560K, used 44373K [0x0000000083000000, 0x0000000100000000)
[2020-12-15T11:28:16.013-0500][gc,heap        ] GC(8081)   region size 1024K, 3 young (3072K), 1 survivors (1024K)
[2020-12-15T11:28:16.013-0500][gc,heap        ] GC(8081)  Metaspace       used 49404K, capacity 51450K, committed 53248K, reserved 1093632K
[2020-12-15T11:28:16.013-0500][gc,heap        ] GC(8081)   class space    used 7386K, capacity 8097K, committed 8704K, reserved 1048576K
[2020-12-15T11:28:16.013-0500][gc,start       ] GC(8081) Pause Young (Mixed) (G1 Evacuation Pause)
[2020-12-15T11:28:16.013-0500][gc,task        ] GC(8081) Using 8 workers of 8 for evacuation
[2020-12-15T11:28:16.015-0500][gc,phases      ] GC(8081)   Pre Evacuate Collection Set: 0.0ms
[2020-12-15T11:28:16.015-0500][gc,phases      ] GC(8081)   Evacuate Collection Set: 0.7ms
[2020-12-15T11:28:16.015-0500][gc,phases      ] GC(8081)   Post Evacuate Collection Set: 1.2ms
[2020-12-15T11:28:16.015-0500][gc,phases      ] GC(8081)   Other: 0.2ms
[2020-12-15T11:28:16.015-0500][gc,heap        ] GC(8081) Eden regions: 2->0(9)
[2020-12-15T11:28:16.015-0500][gc,heap        ] GC(8081) Survivor regions: 1->1(1)
[2020-12-15T11:28:16.015-0500][gc,heap        ] GC(8081) Old regions: 43->43
[2020-12-15T11:28:16.015-0500][gc,heap        ] GC(8081) Humongous regions: 4->4
[2020-12-15T11:28:16.015-0500][gc,metaspace   ] GC(8081) Metaspace: 49404K->49404K(1093632K)
[2020-12-15T11:28:16.015-0500][gc,heap        ] GC(8081) Heap after GC invocations=8082 (full 1667): garbage-first heap   total 66560K, used 43330K [0x0000000083000000, 0x0000000100000000)
[2020-12-15T11:28:16.015-0500][gc,heap        ] GC(8081)   region size 1024K, 1 young (1024K), 1 survivors (1024K)
[2020-12-15T11:28:16.015-0500][gc,heap        ] GC(8081)  Metaspace       used 49404K, capacity 51450K, committed 53248K, reserved 1093632K
[2020-12-15T11:28:16.015-0500][gc,heap        ] GC(8081)   class space    used 7386K, capacity 8097K, committed 8704K, reserved 1048576K
[2020-12-15T11:28:16.015-0500][gc             ] GC(8081) Pause Young (Mixed) (G1 Evacuation Pause) 44M->42M(65M) 2.138ms
[2020-12-15T11:28:16.015-0500][gc,cpu         ] GC(8081) User=0.00s Sys=0.00s Real=0.00s
[2020-12-15T11:29:05.537-0500][gc,heap        ] GC(8082) Heap before GC invocations=8082 (full 1667): garbage-first heap   total 66560K, used 51522K [0x0000000083000000, 0x0000000100000000)
[2020-12-15T11:29:05.537-0500][gc,heap        ] GC(8082)   region size 1024K, 10 young (10240K), 1 survivors (1024K)
[2020-12-15T11:29:05.537-0500][gc,heap        ] GC(8082)  Metaspace       used 49404K, capacity 51450K, committed 53248K, reserved 1093632K
[2020-12-15T11:29:05.537-0500][gc,heap        ] GC(8082)   class space    used 7386K, capacity 8097K, committed 8704K, reserved 1048576K
[2020-12-15T11:29:05.537-0500][gc,start       ] GC(8082) Pause Young (Concurrent Start) (G1 Evacuation Pause)
[2020-12-15T11:29:05.537-0500][gc,task        ] GC(8082) Using 8 workers of 8 for evacuation
[2020-12-15T11:29:05.544-0500][gc,phases      ] GC(8082)   Pre Evacuate Collection Set: 0.3ms
[2020-12-15T11:29:05.544-0500][gc,phases      ] GC(8082)   Evacuate Collection Set: 3.3ms
[2020-12-15T11:29:05.544-0500][gc,phases      ] GC(8082)   Post Evacuate Collection Set: 2.9ms
[2020-12-15T11:29:05.544-0500][gc,phases      ] GC(8082)   Other: 0.5ms
[2020-12-15T11:29:05.544-0500][gc,heap        ] GC(8082) Eden regions: 9->0(9)
[2020-12-15T11:29:05.544-0500][gc,heap        ] GC(8082) Survivor regions: 1->1(2)
[2020-12-15T11:29:05.544-0500][gc,heap        ] GC(8082) Old regions: 43->43
[2020-12-15T11:29:05.544-0500][gc,heap        ] GC(8082) Humongous regions: 4->4
[2020-12-15T11:29:05.544-0500][gc,metaspace   ] GC(8082) Metaspace: 49404K->49404K(1093632K)
[2020-12-15T11:29:05.544-0500][gc,heap        ] GC(8082) Heap after GC invocations=8083 (full 1667): garbage-first heap   total 66560K, used 43403K [0x0000000083000000, 0x0000000100000000)
[2020-12-15T11:29:05.544-0500][gc,heap        ] GC(8082)   region size 1024K, 1 young (1024K), 1 survivors (1024K)
[2020-12-15T11:29:05.545-0500][gc,heap        ] GC(8082)  Metaspace       used 49404K, capacity 51450K, committed 53248K, reserved 1093632K
[2020-12-15T11:29:05.545-0500][gc,heap        ] GC(8082)   class space    used 7386K, capacity 8097K, committed 8704K, reserved 1048576K
[2020-12-15T11:29:05.545-0500][gc             ] GC(8082) Pause Young (Concurrent Start) (G1 Evacuation Pause) 51M->42M(65M) 7.244ms
[2020-12-15T11:29:05.545-0500][gc,cpu         ] GC(8082) User=0.01s Sys=0.00s Real=0.01s
[2020-12-15T11:29:05.545-0500][gc             ] GC(8083) Concurrent Cycle
[2020-12-15T11:29:05.545-0500][gc,marking     ] GC(8083) Concurrent Clear Claimed Marks
[2020-12-15T11:29:05.545-0500][gc,marking     ] GC(8083) Concurrent Clear Claimed Marks 0.220ms
[2020-12-15T11:29:05.545-0500][gc,marking     ] GC(8083) Concurrent Scan Root Regions
[2020-12-15T11:29:05.547-0500][gc,marking     ] GC(8083) Concurrent Scan Root Regions 1.684ms
[2020-12-15T11:29:05.547-0500][gc,marking     ] GC(8083) Concurrent Mark (499942.934s)
[2020-12-15T11:29:05.547-0500][gc,marking     ] GC(8083) Concurrent Mark From Roots
[2020-12-15T11:29:05.547-0500][gc,task        ] GC(8083) Using 2 workers of 2 for marking
[2020-12-15T11:29:05.654-0500][gc,marking     ] GC(8083) Concurrent Mark From Roots 107.311ms
[2020-12-15T11:29:05.654-0500][gc,marking     ] GC(8083) Concurrent Preclean
[2020-12-15T11:29:05.655-0500][gc,marking     ] GC(8083) Concurrent Preclean 0.365ms
[2020-12-15T11:29:05.655-0500][gc,marking     ] GC(8083) Concurrent Mark (499942.934s, 499943.042s) 107.865ms
[2020-12-15T11:29:05.656-0500][gc,start       ] GC(8083) Pause Remark
[2020-12-15T11:29:05.664-0500][gc,stringtable ] GC(8083) Cleaned string and symbol table, strings: 32749 processed, 0 removed, symbols: 120723 processed, 0 removed
[2020-12-15T11:29:05.664-0500][gc             ] GC(8083) Pause Remark 43M->43M(65M) 8.584ms
[2020-12-15T11:29:05.664-0500][gc,cpu         ] GC(8083) User=0.05s Sys=0.00s Real=0.01s
[2020-12-15T11:29:05.665-0500][gc,marking     ] GC(8083) Concurrent Rebuild Remembered Sets
[2020-12-15T11:29:05.707-0500][gc,marking     ] GC(8083) Concurrent Rebuild Remembered Sets 42.350ms
[2020-12-15T11:29:05.708-0500][gc,start       ] GC(8083) Pause Cleanup
[2020-12-15T11:29:05.708-0500][gc             ] GC(8083) Pause Cleanup 43M->43M(65M) 0.288ms
[2020-12-15T11:29:05.708-0500][gc,cpu         ] GC(8083) User=0.00s Sys=0.00s Real=0.00s
[2020-12-15T11:29:05.708-0500][gc,marking     ] GC(8083) Concurrent Cleanup for Next Mark
[2020-12-15T11:29:05.709-0500][gc,marking     ] GC(8083) Concurrent Cleanup for Next Mark 0.264ms
[2020-12-15T11:29:05.709-0500][gc             ] GC(8083) Concurrent Cycle 163.819ms
[2020-12-15T11:29:45.530-0500][gc,heap        ] GC(8084) Heap before GC invocations=8084 (full 1667): garbage-first heap   total 66560K, used 52619K [0x0000000083000000, 0x0000000100000000)
[2020-12-15T11:29:45.530-0500][gc,heap        ] GC(8084)   region size 1024K, 10 young (10240K), 1 survivors (1024K)
[2020-12-15T11:29:45.531-0500][gc,heap        ] GC(8084)  Metaspace       used 49404K, capacity 51450K, committed 53248K, reserved 1093632K
[2020-12-15T11:29:45.531-0500][gc,heap        ] GC(8084)   class space    used 7386K, capacity 8097K, committed 8704K, reserved 1048576K
[2020-12-15T11:29:45.531-0500][gc,start       ] GC(8084) Pause Young (Normal) (G1 Evacuation Pause)
[2020-12-15T11:29:45.531-0500][gc,task        ] GC(8084) Using 8 workers of 8 for evacuation
[2020-12-15T11:29:45.602-0500][gc,phases      ] GC(8084)   Pre Evacuate Collection Set: 0.0ms
[2020-12-15T11:29:45.602-0500][gc,phases      ] GC(8084)   Evacuate Collection Set: 5.8ms
[2020-12-15T11:29:45.602-0500][gc,phases      ] GC(8084)   Post Evacuate Collection Set: 65.7ms
[2020-12-15T11:29:45.602-0500][gc,phases      ] GC(8084)   Other: 0.3ms
[2020-12-15T11:29:45.602-0500][gc,heap        ] GC(8084) Eden regions: 9->0(9)
[2020-12-15T11:29:45.602-0500][gc,heap        ] GC(8084) Survivor regions: 1->1(2)
[2020-12-15T11:29:45.602-0500][gc,heap        ] GC(8084) Old regions: 43->43
[2020-12-15T11:29:45.602-0500][gc,heap        ] GC(8084) Humongous regions: 4->4
[2020-12-15T11:29:45.602-0500][gc,metaspace   ] GC(8084) Metaspace: 49404K->49404K(1093632K)
[2020-12-15T11:29:45.602-0500][gc,heap        ] GC(8084) Heap after GC invocations=8085 (full 1667): garbage-first heap   total 66560K, used 43519K [0x0000000083000000, 0x0000000100000000)
[2020-12-15T11:29:45.602-0500][gc,heap        ] GC(8084)   region size 1024K, 1 young (1024K), 1 survivors (1024K)
[2020-12-15T11:29:45.602-0500][gc,heap        ] GC(8084)  Metaspace       used 49404K, capacity 51450K, committed 53248K, reserved 1093632K
[2020-12-15T11:29:45.602-0500][gc,heap        ] GC(8084)   class space    used 7386K, capacity 8097K, committed 8704K, reserved 1048576K
[2020-12-15T11:29:45.603-0500][gc             ] GC(8084) Pause Young (Normal) (G1 Evacuation Pause) 51M->42M(65M) 71.945ms
[2020-12-15T11:29:45.603-0500][gc,cpu         ] GC(8084) User=0.43s Sys=0.00s Real=0.07s
[2020-12-15T11:30:25.550-0500][gc,heap        ] GC(8085) Heap before GC invocations=8085 (full 1667): garbage-first heap   total 66560K, used 51711K [0x0000000083000000, 0x0000000100000000)
[2020-12-15T11:30:25.550-0500][gc,heap        ] GC(8085)   region size 1024K, 10 young (10240K), 1 survivors (1024K)
[2020-12-15T11:30:25.550-0500][gc,heap        ] GC(8085)  Metaspace       used 49404K, capacity 51450K, committed 53248K, reserved 1093632K
[2020-12-15T11:30:25.550-0500][gc,heap        ] GC(8085)   class space    used 7386K, capacity 8097K, committed 8704K, reserved 1048576K
[2020-12-15T11:30:25.550-0500][gc,start       ] GC(8085) Pause Young (Concurrent Start) (G1 Evacuation Pause)
[2020-12-15T11:30:25.550-0500][gc,task        ] GC(8085) Using 8 workers of 8 for evacuation
[2020-12-15T11:30:25.569-0500][gc,phases      ] GC(8085)   Pre Evacuate Collection Set: 0.2ms
[2020-12-15T11:30:25.569-0500][gc,phases      ] GC(8085)   Evacuate Collection Set: 10.6ms
[2020-12-15T11:30:25.569-0500][gc,phases      ] GC(8085)   Post Evacuate Collection Set: 7.6ms
[2020-12-15T11:30:25.569-0500][gc,phases      ] GC(8085)   Other: 0.4ms
[2020-12-15T11:30:25.569-0500][gc,heap        ] GC(8085) Eden regions: 9->0(9)
[2020-12-15T11:30:25.569-0500][gc,heap        ] GC(8085) Survivor regions: 1->1(2)
[2020-12-15T11:30:25.569-0500][gc,heap        ] GC(8085) Old regions: 43->43
[2020-12-15T11:30:25.569-0500][gc,heap        ] GC(8085) Humongous regions: 4->4
[2020-12-15T11:30:25.569-0500][gc,metaspace   ] GC(8085) Metaspace: 49404K->49404K(1093632K)
[2020-12-15T11:30:25.569-0500][gc,heap        ] GC(8085) Heap after GC invocations=8086 (full 1667): garbage-first heap   total 66560K, used 43416K [0x0000000083000000, 0x0000000100000000)
[2020-12-15T11:30:25.569-0500][gc,heap        ] GC(8085)   region size 1024K, 1 young (1024K), 1 survivors (1024K)
[2020-12-15T11:30:25.569-0500][gc,heap        ] GC(8085)  Metaspace       used 49404K, capacity 51450K, committed 53248K, reserved 1093632K
[2020-12-15T11:30:25.569-0500][gc,heap        ] GC(8085)   class space    used 7386K, capacity 8097K, committed 8704K, reserved 1048576K
[2020-12-15T11:30:25.569-0500][gc             ] GC(8085) Pause Young (Concurrent Start) (G1 Evacuation Pause) 51M->42M(65M) 19.013ms
[2020-12-15T11:30:25.569-0500][gc,cpu         ] GC(8085) User=0.08s Sys=0.00s Real=0.02s
[2020-12-15T11:30:25.569-0500][gc             ] GC(8086) Concurrent Cycle
[2020-12-15T11:30:25.569-0500][gc,marking     ] GC(8086) Concurrent Clear Claimed Marks
[2020-12-15T11:30:25.569-0500][gc,marking     ] GC(8086) Concurrent Clear Claimed Marks 0.204ms
[2020-12-15T11:30:25.569-0500][gc,marking     ] GC(8086) Concurrent Scan Root Regions
[2020-12-15T11:30:25.571-0500][gc,marking     ] GC(8086) Concurrent Scan Root Regions 1.333ms
[2020-12-15T11:30:25.571-0500][gc,marking     ] GC(8086) Concurrent Mark (500022.958s)
[2020-12-15T11:30:25.571-0500][gc,marking     ] GC(8086) Concurrent Mark From Roots
[2020-12-15T11:30:25.571-0500][gc,task        ] GC(8086) Using 2 workers of 2 for marking
[2020-12-15T11:30:25.639-0500][gc,marking     ] GC(8086) Concurrent Mark From Roots 68.396ms
[2020-12-15T11:30:25.639-0500][gc,marking     ] GC(8086) Concurrent Preclean
[2020-12-15T11:30:25.639-0500][gc,marking     ] GC(8086) Concurrent Preclean 0.173ms
[2020-12-15T11:30:25.639-0500][gc,marking     ] GC(8086) Concurrent Mark (500022.958s, 500023.027s) 68.658ms
[2020-12-15T11:30:25.640-0500][gc,start       ] GC(8086) Pause Remark
[2020-12-15T11:30:25.654-0500][gc,stringtable ] GC(8086) Cleaned string and symbol table, strings: 32749 processed, 0 removed, symbols: 120723 processed, 0 removed
[2020-12-15T11:30:25.654-0500][gc             ] GC(8086) Pause Remark 42M->42M(65M) 14.434ms
[2020-12-15T11:30:25.654-0500][gc,cpu         ] GC(8086) User=0.06s Sys=0.00s Real=0.01s
[2020-12-15T11:30:25.655-0500][gc,marking     ] GC(8086) Concurrent Rebuild Remembered Sets
[2020-12-15T11:30:25.687-0500][gc,marking     ] GC(8086) Concurrent Rebuild Remembered Sets 32.003ms
[2020-12-15T11:30:25.687-0500][gc,start       ] GC(8086) Pause Cleanup
[2020-12-15T11:30:25.687-0500][gc             ] GC(8086) Pause Cleanup 42M->42M(65M) 0.345ms
[2020-12-15T11:30:25.688-0500][gc,cpu         ] GC(8086) User=0.00s Sys=0.00s Real=0.01s
[2020-12-15T11:30:25.688-0500][gc,marking     ] GC(8086) Concurrent Cleanup for Next Mark
[2020-12-15T11:30:25.688-0500][gc,marking     ] GC(8086) Concurrent Cleanup for Next Mark 0.214ms
[2020-12-15T11:30:25.688-0500][gc             ] GC(8086) Concurrent Cycle 118.845ms
[2020-12-15T11:31:06.013-0500][gc,heap        ] GC(8087) Heap before GC invocations=8087 (full 1667): garbage-first heap   total 66560K, used 51608K [0x0000000083000000, 0x0000000100000000)
[2020-12-15T11:31:06.013-0500][gc,heap        ] GC(8087)   region size 1024K, 10 young (10240K), 1 survivors (1024K)
[2020-12-15T11:31:06.013-0500][gc,heap        ] GC(8087)  Metaspace       used 49404K, capacity 51450K, committed 53248K, reserved 1093632K
[2020-12-15T11:31:06.013-0500][gc,heap        ] GC(8087)   class space    used 7386K, capacity 8097K, committed 8704K, reserved 1048576K
[2020-12-15T11:31:06.013-0500][gc,start       ] GC(8087) Pause Young (Normal) (G1 Evacuation Pause)
[2020-12-15T11:31:06.013-0500][gc,task        ] GC(8087) Using 8 workers of 8 for evacuation
[2020-12-15T11:31:06.028-0500][gc,phases      ] GC(8087)   Pre Evacuate Collection Set: 0.0ms
[2020-12-15T11:31:06.028-0500][gc,phases      ] GC(8087)   Evacuate Collection Set: 6.3ms
[2020-12-15T11:31:06.028-0500][gc,phases      ] GC(8087)   Post Evacuate Collection Set: 8.1ms
[2020-12-15T11:31:06.028-0500][gc,phases      ] GC(8087)   Other: 0.4ms
[2020-12-15T11:31:06.028-0500][gc,heap        ] GC(8087) Eden regions: 9->0(9)
[2020-12-15T11:31:06.028-0500][gc,heap        ] GC(8087) Survivor regions: 1->1(2)
[2020-12-15T11:31:06.028-0500][gc,heap        ] GC(8087) Old regions: 43->43
[2020-12-15T11:31:06.028-0500][gc,heap        ] GC(8087) Humongous regions: 4->4
[2020-12-15T11:31:06.028-0500][gc,metaspace   ] GC(8087) Metaspace: 49404K->49404K(1093632K)
[2020-12-15T11:31:06.028-0500][gc,heap        ] GC(8087) Heap after GC invocations=8088 (full 1667): garbage-first heap   total 66560K, used 43399K [0x0000000083000000, 0x0000000100000000)
[2020-12-15T11:31:06.028-0500][gc,heap        ] GC(8087)   region size 1024K, 1 young (1024K), 1 survivors (1024K)
[2020-12-15T11:31:06.028-0500][gc,heap        ] GC(8087)  Metaspace       used 49404K, capacity 51450K, committed 53248K, reserved 1093632K
[2020-12-15T11:31:06.028-0500][gc,heap        ] GC(8087)   class space    used 7386K, capacity 8097K, committed 8704K, reserved 1048576K
[2020-12-15T11:31:06.028-0500][gc             ] GC(8087) Pause Young (Normal) (G1 Evacuation Pause) 51M->42M(65M) 14.833ms
[2020-12-15T11:31:06.028-0500][gc,cpu         ] GC(8087) User=0.08s Sys=0.00s Real=0.02s
[2020-12-15T11:31:45.208-0500][gc,task        ] GC(8088) Using 5 workers of 8 for full compaction
[2020-12-15T11:31:45.208-0500][gc,start       ] GC(8088) Pause Full (System.gc())
[2020-12-15T11:31:45.208-0500][gc,heap        ] GC(8088) Heap before GC invocations=8088 (full 1667): garbage-first heap   total 66560K, used 48519K [0x0000000083000000, 0x0000000100000000)
[2020-12-15T11:31:45.208-0500][gc,heap        ] GC(8088)   region size 1024K, 8 young (8192K), 1 survivors (1024K)
[2020-12-15T11:31:45.208-0500][gc,heap        ] GC(8088)  Metaspace       used 49404K, capacity 51450K, committed 53248K, reserved 1093632K
[2020-12-15T11:31:45.208-0500][gc,heap        ] GC(8088)   class space    used 7386K, capacity 8097K, committed 8704K, reserved 1048576K
[2020-12-15T11:31:45.210-0500][gc,phases,start] GC(8088) Phase 1: Mark live objects
[2020-12-15T11:31:45.293-0500][gc,stringtable ] GC(8088) Cleaned string and symbol table, strings: 32749 processed, 5 removed, symbols: 120723 processed, 0 removed
[2020-12-15T11:31:45.293-0500][gc,phases      ] GC(8088) Phase 1: Mark live objects 83.324ms
[2020-12-15T11:31:45.293-0500][gc,phases,start] GC(8088) Phase 2: Prepare for compaction
[2020-12-15T11:31:45.303-0500][gc,phases      ] GC(8088) Phase 2: Prepare for compaction 9.902ms
[2020-12-15T11:31:45.303-0500][gc,phases,start] GC(8088) Phase 3: Adjust pointers
[2020-12-15T11:31:45.330-0500][gc,phases      ] GC(8088) Phase 3: Adjust pointers 27.239ms
[2020-12-15T11:31:45.330-0500][gc,phases,start] GC(8088) Phase 4: Compact heap
[2020-12-15T11:31:45.343-0500][gc,phases      ] GC(8088) Phase 4: Compact heap 12.876ms
[2020-12-15T11:31:45.362-0500][gc,heap        ] GC(8088) Eden regions: 7->0(12)
[2020-12-15T11:31:45.362-0500][gc,heap        ] GC(8088) Survivor regions: 1->0(2)
[2020-12-15T11:31:45.362-0500][gc,heap        ] GC(8088) Old regions: 43->41
[2020-12-15T11:31:45.362-0500][gc,heap        ] GC(8088) Humongous regions: 4->4
[2020-12-15T11:31:45.362-0500][gc,metaspace   ] GC(8088) Metaspace: 49404K->49404K(1093632K)
[2020-12-15T11:31:45.363-0500][gc,heap        ] GC(8088) Heap after GC invocations=8089 (full 1668): garbage-first heap   total 66560K, used 43267K [0x0000000083000000, 0x0000000100000000)
[2020-12-15T11:31:45.363-0500][gc,heap        ] GC(8088)   region size 1024K, 0 young (0K), 0 survivors (0K)
[2020-12-15T11:31:45.363-0500][gc,heap        ] GC(8088)  Metaspace       used 49404K, capacity 51450K, committed 53248K, reserved 1093632K
[2020-12-15T11:31:45.363-0500][gc,heap        ] GC(8088)   class space    used 7386K, capacity 8097K, committed 8704K, reserved 1048576K
[2020-12-15T11:31:45.363-0500][gc             ] GC(8088) Pause Full (System.gc()) 48M->42M(65M) 154.403ms
[2020-12-15T11:31:45.363-0500][gc,cpu         ] GC(8088) User=0.52s Sys=0.00s Real=0.15s
[2020-12-15T11:32:35.803-0500][gc,heap        ] GC(8089) Heap before GC invocations=8089 (full 1668): garbage-first heap   total 66560K, used 54531K [0x0000000083000000, 0x0000000100000000)
[2020-12-15T11:32:35.803-0500][gc,heap        ] GC(8089)   region size 1024K, 12 young (12288K), 0 survivors (0K)
[2020-12-15T11:32:35.803-0500][gc,heap        ] GC(8089)  Metaspace       used 49404K, capacity 51450K, committed 53248K, reserved 1093632K
[2020-12-15T11:32:35.803-0500][gc,heap        ] GC(8089)   class space    used 7386K, capacity 8097K, committed 8704K, reserved 1048576K
[2020-12-15T11:32:35.803-0500][gc,start       ] GC(8089) Pause Young (Concurrent Start) (G1 Evacuation Pause)
[2020-12-15T11:32:35.803-0500][gc,task        ] GC(8089) Using 8 workers of 8 for evacuation
[2020-12-15T11:32:35.849-0500][gc,phases      ] GC(8089)   Pre Evacuate Collection Set: 0.2ms
[2020-12-15T11:32:35.849-0500][gc,phases      ] GC(8089)   Evacuate Collection Set: 26.8ms
[2020-12-15T11:32:35.849-0500][gc,phases      ] GC(8089)   Post Evacuate Collection Set: 18.6ms
[2020-12-15T11:32:35.849-0500][gc,phases      ] GC(8089)   Other: 0.7ms
[2020-12-15T11:32:35.849-0500][gc,heap        ] GC(8089) Eden regions: 12->0(11)
[2020-12-15T11:32:35.849-0500][gc,heap        ] GC(8089) Survivor regions: 0->1(2)
[2020-12-15T11:32:35.849-0500][gc,heap        ] GC(8089) Old regions: 41->41
[2020-12-15T11:32:35.849-0500][gc,heap        ] GC(8089) Humongous regions: 4->4
[2020-12-15T11:32:35.849-0500][gc,metaspace   ] GC(8089) Metaspace: 49404K->49404K(1093632K)
[2020-12-15T11:32:35.849-0500][gc,heap        ] GC(8089) Heap after GC invocations=8090 (full 1668): garbage-first heap   total 66560K, used 43370K [0x0000000083000000, 0x0000000100000000)
[2020-12-15T11:32:35.849-0500][gc,heap        ] GC(8089)   region size 1024K, 1 young (1024K), 1 survivors (1024K)
[2020-12-15T11:32:35.849-0500][gc,heap        ] GC(8089)  Metaspace       used 49404K, capacity 51450K, committed 53248K, reserved 1093632K
[2020-12-15T11:32:35.849-0500][gc,heap        ] GC(8089)   class space    used 7386K, capacity 8097K, committed 8704K, reserved 1048576K
[2020-12-15T11:32:35.849-0500][gc             ] GC(8089) Pause Young (Concurrent Start) (G1 Evacuation Pause) 54M->42M(65M) 46.243ms
[2020-12-15T11:32:35.849-0500][gc,cpu         ] GC(8089) User=0.24s Sys=0.00s Real=0.05s
[2020-12-15T11:32:35.850-0500][gc             ] GC(8090) Concurrent Cycle
[2020-12-15T11:32:35.850-0500][gc,marking     ] GC(8090) Concurrent Clear Claimed Marks
[2020-12-15T11:32:35.850-0500][gc,marking     ] GC(8090) Concurrent Clear Claimed Marks 0.192ms
[2020-12-15T11:32:35.850-0500][gc,marking     ] GC(8090) Concurrent Scan Root Regions
[2020-12-15T11:32:35.851-0500][gc,marking     ] GC(8090) Concurrent Scan Root Regions 1.193ms
[2020-12-15T11:32:35.851-0500][gc,marking     ] GC(8090) Concurrent Mark (500153.238s)
[2020-12-15T11:32:35.851-0500][gc,marking     ] GC(8090) Concurrent Mark From Roots
[2020-12-15T11:32:35.851-0500][gc,task        ] GC(8090) Using 2 workers of 2 for marking
[2020-12-15T11:32:35.939-0500][gc,marking     ] GC(8090) Concurrent Mark From Roots 87.131ms
[2020-12-15T11:32:35.939-0500][gc,marking     ] GC(8090) Concurrent Preclean
[2020-12-15T11:32:35.939-0500][gc,marking     ] GC(8090) Concurrent Preclean 0.193ms
[2020-12-15T11:32:35.939-0500][gc,marking     ] GC(8090) Concurrent Mark (500153.238s, 500153.326s) 87.423ms
[2020-12-15T11:32:35.939-0500][gc,start       ] GC(8090) Pause Remark
[2020-12-15T11:32:35.945-0500][gc,stringtable ] GC(8090) Cleaned string and symbol table, strings: 32749 processed, 0 removed, symbols: 120723 processed, 0 removed
[2020-12-15T11:32:35.945-0500][gc             ] GC(8090) Pause Remark 42M->42M(65M) 6.210ms
[2020-12-15T11:32:35.945-0500][gc,cpu         ] GC(8090) User=0.03s Sys=0.00s Real=0.00s
[2020-12-15T11:32:35.946-0500][gc,marking     ] GC(8090) Concurrent Rebuild Remembered Sets
[2020-12-15T11:32:35.974-0500][gc,marking     ] GC(8090) Concurrent Rebuild Remembered Sets 28.578ms
[2020-12-15T11:32:35.975-0500][gc,start       ] GC(8090) Pause Cleanup
[2020-12-15T11:32:35.975-0500][gc             ] GC(8090) Pause Cleanup 42M->42M(65M) 0.314ms
[2020-12-15T11:32:35.976-0500][gc,cpu         ] GC(8090) User=0.00s Sys=0.00s Real=0.00s
[2020-12-15T11:32:35.976-0500][gc,marking     ] GC(8090) Concurrent Cleanup for Next Mark
[2020-12-15T11:32:35.976-0500][gc,marking     ] GC(8090) Concurrent Cleanup for Next Mark 0.256ms
[2020-12-15T11:32:35.976-0500][gc             ] GC(8090) Concurrent Cycle 126.444ms
[2020-12-15T11:33:26.013-0500][gc,heap        ] GC(8091) Heap before GC invocations=8091 (full 1668): garbage-first heap   total 66560K, used 53610K [0x0000000083000000, 0x0000000100000000)
[2020-12-15T11:33:26.013-0500][gc,heap        ] GC(8091)   region size 1024K, 12 young (12288K), 1 survivors (1024K)
[2020-12-15T11:33:26.013-0500][gc,heap        ] GC(8091)  Metaspace       used 49404K, capacity 51450K, committed 53248K, reserved 1093632K
[2020-12-15T11:33:26.013-0500][gc,heap        ] GC(8091)   class space    used 7386K, capacity 8097K, committed 8704K, reserved 1048576K
[2020-12-15T11:33:26.013-0500][gc,start       ] GC(8091) Pause Young (Normal) (G1 Evacuation Pause)
[2020-12-15T11:33:26.013-0500][gc,task        ] GC(8091) Using 8 workers of 8 for evacuation
[2020-12-15T11:33:26.091-0500][gc,phases      ] GC(8091)   Pre Evacuate Collection Set: 0.0ms
[2020-12-15T11:33:26.091-0500][gc,phases      ] GC(8091)   Evacuate Collection Set: 57.3ms
[2020-12-15T11:33:26.091-0500][gc,phases      ] GC(8091)   Post Evacuate Collection Set: 20.3ms
[2020-12-15T11:33:26.091-0500][gc,phases      ] GC(8091)   Other: 0.4ms
[2020-12-15T11:33:26.091-0500][gc,heap        ] GC(8091) Eden regions: 11->0(11)
[2020-12-15T11:33:26.091-0500][gc,heap        ] GC(8091) Survivor regions: 1->1(2)
[2020-12-15T11:33:26.091-0500][gc,heap        ] GC(8091) Old regions: 41->41
[2020-12-15T11:33:26.091-0500][gc,heap        ] GC(8091) Humongous regions: 4->4
[2020-12-15T11:33:26.091-0500][gc,metaspace   ] GC(8091) Metaspace: 49404K->49404K(1093632K)
[2020-12-15T11:33:26.091-0500][gc,heap        ] GC(8091) Heap after GC invocations=8092 (full 1668): garbage-first heap   total 66560K, used 43351K [0x0000000083000000, 0x0000000100000000)
[2020-12-15T11:33:26.091-0500][gc,heap        ] GC(8091)   region size 1024K, 1 young (1024K), 1 survivors (1024K)
[2020-12-15T11:33:26.091-0500][gc,heap        ] GC(8091)  Metaspace       used 49404K, capacity 51450K, committed 53248K, reserved 1093632K
[2020-12-15T11:33:26.091-0500][gc,heap        ] GC(8091)   class space    used 7386K, capacity 8097K, committed 8704K, reserved 1048576K
[2020-12-15T11:33:26.091-0500][gc             ] GC(8091) Pause Young (Normal) (G1 Evacuation Pause) 53M->42M(65M) 78.109ms
[2020-12-15T11:33:26.091-0500][gc,cpu         ] GC(8091) User=0.50s Sys=0.00s Real=0.08s
[2020-12-15T11:34:25.525-0500][gc,heap        ] GC(8092) Heap before GC invocations=8092 (full 1668): garbage-first heap   total 66560K, used 53591K [0x0000000083000000, 0x0000000100000000)
[2020-12-15T11:34:25.525-0500][gc,heap        ] GC(8092)   region size 1024K, 12 young (12288K), 1 survivors (1024K)
[2020-12-15T11:34:25.525-0500][gc,heap        ] GC(8092)  Metaspace       used 49404K, capacity 51450K, committed 53248K, reserved 1093632K
[2020-12-15T11:34:25.525-0500][gc,heap        ] GC(8092)   class space    used 7386K, capacity 8097K, committed 8704K, reserved 1048576K
[2020-12-15T11:34:25.525-0500][gc,start       ] GC(8092) Pause Young (Concurrent Start) (G1 Evacuation Pause)
[2020-12-15T11:34:25.525-0500][gc,task        ] GC(8092) Using 8 workers of 8 for evacuation
[2020-12-15T11:34:25.573-0500][gc,phases      ] GC(8092)   Pre Evacuate Collection Set: 0.2ms
[2020-12-15T11:34:25.573-0500][gc,phases      ] GC(8092)   Evacuate Collection Set: 20.2ms
[2020-12-15T11:34:25.573-0500][gc,phases      ] GC(8092)   Post Evacuate Collection Set: 26.9ms
[2020-12-15T11:34:25.573-0500][gc,phases      ] GC(8092)   Other: 0.4ms
[2020-12-15T11:34:25.573-0500][gc,heap        ] GC(8092) Eden regions: 11->0(11)
[2020-12-15T11:34:25.573-0500][gc,heap        ] GC(8092) Survivor regions: 1->1(2)
[2020-12-15T11:34:25.573-0500][gc,heap        ] GC(8092) Old regions: 41->41
[2020-12-15T11:34:25.573-0500][gc,heap        ] GC(8092) Humongous regions: 4->4
[2020-12-15T11:34:25.573-0500][gc,metaspace   ] GC(8092) Metaspace: 49404K->49404K(1093632K)
[2020-12-15T11:34:25.573-0500][gc,heap        ] GC(8092) Heap after GC invocations=8093 (full 1668): garbage-first heap   total 66560K, used 43413K [0x0000000083000000, 0x0000000100000000)
[2020-12-15T11:34:25.573-0500][gc,heap        ] GC(8092)   region size 1024K, 1 young (1024K), 1 survivors (1024K)
[2020-12-15T11:34:25.573-0500][gc,heap        ] GC(8092)  Metaspace       used 49404K, capacity 51450K, committed 53248K, reserved 1093632K
[2020-12-15T11:34:25.573-0500][gc,heap        ] GC(8092)   class space    used 7386K, capacity 8097K, committed 8704K, reserved 1048576K
[2020-12-15T11:34:25.573-0500][gc             ] GC(8092) Pause Young (Concurrent Start) (G1 Evacuation Pause) 53M->42M(65M) 47.779ms
[2020-12-15T11:34:25.573-0500][gc,cpu         ] GC(8092) User=0.28s Sys=0.00s Real=0.05s
[2020-12-15T11:34:25.573-0500][gc             ] GC(8093) Concurrent Cycle
[2020-12-15T11:34:25.573-0500][gc,marking     ] GC(8093) Concurrent Clear Claimed Marks
[2020-12-15T11:34:25.573-0500][gc,marking     ] GC(8093) Concurrent Clear Claimed Marks 0.205ms
[2020-12-15T11:34:25.573-0500][gc,marking     ] GC(8093) Concurrent Scan Root Regions
[2020-12-15T11:34:25.575-0500][gc,marking     ] GC(8093) Concurrent Scan Root Regions 1.504ms
[2020-12-15T11:34:25.575-0500][gc,marking     ] GC(8093) Concurrent Mark (500262.962s)
[2020-12-15T11:34:25.575-0500][gc,marking     ] GC(8093) Concurrent Mark From Roots
[2020-12-15T11:34:25.575-0500][gc,task        ] GC(8093) Using 2 workers of 2 for marking
[2020-12-15T11:34:25.663-0500][gc,marking     ] GC(8093) Concurrent Mark From Roots 88.212ms
[2020-12-15T11:34:25.663-0500][gc,marking     ] GC(8093) Concurrent Preclean
[2020-12-15T11:34:25.664-0500][gc,marking     ] GC(8093) Concurrent Preclean 0.371ms
[2020-12-15T11:34:25.664-0500][gc,marking     ] GC(8093) Concurrent Mark (500262.962s, 500263.051s) 88.812ms
[2020-12-15T11:34:25.665-0500][gc,start       ] GC(8093) Pause Remark
[2020-12-15T11:34:25.680-0500][gc,stringtable ] GC(8093) Cleaned string and symbol table, strings: 32749 processed, 0 removed, symbols: 120723 processed, 0 removed
[2020-12-15T11:34:25.680-0500][gc             ] GC(8093) Pause Remark 43M->43M(65M) 15.591ms
[2020-12-15T11:34:25.680-0500][gc,cpu         ] GC(8093) User=0.09s Sys=0.00s Real=0.02s
[2020-12-15T11:34:25.681-0500][gc,marking     ] GC(8093) Concurrent Rebuild Remembered Sets
[2020-12-15T11:34:25.733-0500][gc,marking     ] GC(8093) Concurrent Rebuild Remembered Sets 52.393ms
[2020-12-15T11:34:25.733-0500][gc,start       ] GC(8093) Pause Cleanup
[2020-12-15T11:34:25.734-0500][gc             ] GC(8093) Pause Cleanup 43M->43M(65M) 0.873ms
[2020-12-15T11:34:25.734-0500][gc,cpu         ] GC(8093) User=0.00s Sys=0.00s Real=0.00s
[2020-12-15T11:34:25.735-0500][gc,marking     ] GC(8093) Concurrent Cleanup for Next Mark
[2020-12-15T11:34:25.735-0500][gc,marking     ] GC(8093) Concurrent Cleanup for Next Mark 0.627ms
[2020-12-15T11:34:25.735-0500][gc             ] GC(8093) Concurrent Cycle 162.193ms
[2020-12-15T11:35:15.528-0500][gc,heap        ] GC(8094) Heap before GC invocations=8094 (full 1668): garbage-first heap   total 66560K, used 53653K [0x0000000083000000, 0x0000000100000000)
[2020-12-15T11:35:15.528-0500][gc,heap        ] GC(8094)   region size 1024K, 12 young (12288K), 1 survivors (1024K)
[2020-12-15T11:35:15.528-0500][gc,heap        ] GC(8094)  Metaspace       used 49404K, capacity 51450K, committed 53248K, reserved 1093632K
[2020-12-15T11:35:15.528-0500][gc,heap        ] GC(8094)   class space    used 7386K, capacity 8097K, committed 8704K, reserved 1048576K
[2020-12-15T11:35:15.528-0500][gc,start       ] GC(8094) Pause Young (Normal) (G1 Evacuation Pause)
[2020-12-15T11:35:15.528-0500][gc,task        ] GC(8094) Using 8 workers of 8 for evacuation
[2020-12-15T11:35:15.551-0500][gc,phases      ] GC(8094)   Pre Evacuate Collection Set: 0.0ms
[2020-12-15T11:35:15.551-0500][gc,phases      ] GC(8094)   Evacuate Collection Set: 2.8ms
[2020-12-15T11:35:15.551-0500][gc,phases      ] GC(8094)   Post Evacuate Collection Set: 20.0ms
[2020-12-15T11:35:15.551-0500][gc,phases      ] GC(8094)   Other: 0.3ms
[2020-12-15T11:35:15.551-0500][gc,heap        ] GC(8094) Eden regions: 11->0(11)
[2020-12-15T11:35:15.551-0500][gc,heap        ] GC(8094) Survivor regions: 1->1(2)
[2020-12-15T11:35:15.551-0500][gc,heap        ] GC(8094) Old regions: 41->41
[2020-12-15T11:35:15.551-0500][gc,heap        ] GC(8094) Humongous regions: 4->4
[2020-12-15T11:35:15.551-0500][gc,metaspace   ] GC(8094) Metaspace: 49404K->49404K(1093632K)
[2020-12-15T11:35:15.551-0500][gc,heap        ] GC(8094) Heap after GC invocations=8095 (full 1668): garbage-first heap   total 66560K, used 43496K [0x0000000083000000, 0x0000000100000000)
[2020-12-15T11:35:15.551-0500][gc,heap        ] GC(8094)   region size 1024K, 1 young (1024K), 1 survivors (1024K)
[2020-12-15T11:35:15.551-0500][gc,heap        ] GC(8094)  Metaspace       used 49404K, capacity 51450K, committed 53248K, reserved 1093632K
[2020-12-15T11:35:15.551-0500][gc,heap        ] GC(8094)   class space    used 7386K, capacity 8097K, committed 8704K, reserved 1048576K
[2020-12-15T11:35:15.551-0500][gc             ] GC(8094) Pause Young (Normal) (G1 Evacuation Pause) 53M->42M(65M) 23.200ms
[2020-12-15T11:35:15.551-0500][gc,cpu         ] GC(8094) User=0.12s Sys=0.00s Real=0.02s
[2020-12-15T11:36:05.533-0500][gc,heap        ] GC(8095) Heap before GC invocations=8095 (full 1668): garbage-first heap   total 66560K, used 53736K [0x0000000083000000, 0x0000000100000000)
[2020-12-15T11:36:05.533-0500][gc,heap        ] GC(8095)   region size 1024K, 12 young (12288K), 1 survivors (1024K)
[2020-12-15T11:36:05.533-0500][gc,heap        ] GC(8095)  Metaspace       used 49404K, capacity 51450K, committed 53248K, reserved 1093632K
[2020-12-15T11:36:05.533-0500][gc,heap        ] GC(8095)   class space    used 7386K, capacity 8097K, committed 8704K, reserved 1048576K
[2020-12-15T11:36:05.533-0500][gc,start       ] GC(8095) Pause Young (Concurrent Start) (G1 Evacuation Pause)
[2020-12-15T11:36:05.533-0500][gc,task        ] GC(8095) Using 8 workers of 8 for evacuation
[2020-12-15T11:36:05.542-0500][gc,phases      ] GC(8095)   Pre Evacuate Collection Set: 0.2ms
[2020-12-15T11:36:05.542-0500][gc,phases      ] GC(8095)   Evacuate Collection Set: 5.9ms
[2020-12-15T11:36:05.542-0500][gc,phases      ] GC(8095)   Post Evacuate Collection Set: 2.9ms
[2020-12-15T11:36:05.542-0500][gc,phases      ] GC(8095)   Other: 0.4ms
[2020-12-15T11:36:05.542-0500][gc,heap        ] GC(8095) Eden regions: 11->0(11)
[2020-12-15T11:36:05.542-0500][gc,heap        ] GC(8095) Survivor regions: 1->1(2)
[2020-12-15T11:36:05.542-0500][gc,heap        ] GC(8095) Old regions: 41->41
[2020-12-15T11:36:05.542-0500][gc,heap        ] GC(8095) Humongous regions: 4->4
[2020-12-15T11:36:05.542-0500][gc,metaspace   ] GC(8095) Metaspace: 49404K->49404K(1093632K)
[2020-12-15T11:36:05.542-0500][gc,heap        ] GC(8095) Heap after GC invocations=8096 (full 1668): garbage-first heap   total 66560K, used 43552K [0x0000000083000000, 0x0000000100000000)
[2020-12-15T11:36:05.542-0500][gc,heap        ] GC(8095)   region size 1024K, 1 young (1024K), 1 survivors (1024K)
[2020-12-15T11:36:05.542-0500][gc,heap        ] GC(8095)  Metaspace       used 49404K, capacity 51450K, committed 53248K, reserved 1093632K
[2020-12-15T11:36:05.542-0500][gc,heap        ] GC(8095)   class space    used 7386K, capacity 8097K, committed 8704K, reserved 1048576K
[2020-12-15T11:36:05.542-0500][gc             ] GC(8095) Pause Young (Concurrent Start) (G1 Evacuation Pause) 53M->42M(65M) 9.517ms
[2020-12-15T11:36:05.542-0500][gc,cpu         ] GC(8095) User=0.03s Sys=0.00s Real=0.01s
[2020-12-15T11:36:05.543-0500][gc             ] GC(8096) Concurrent Cycle
[2020-12-15T11:36:05.543-0500][gc,marking     ] GC(8096) Concurrent Clear Claimed Marks
[2020-12-15T11:36:05.543-0500][gc,marking     ] GC(8096) Concurrent Clear Claimed Marks 0.186ms
[2020-12-15T11:36:05.543-0500][gc,marking     ] GC(8096) Concurrent Scan Root Regions
[2020-12-15T11:36:05.544-0500][gc,marking     ] GC(8096) Concurrent Scan Root Regions 1.073ms
[2020-12-15T11:36:05.544-0500][gc,marking     ] GC(8096) Concurrent Mark (500362.931s)
[2020-12-15T11:36:05.544-0500][gc,marking     ] GC(8096) Concurrent Mark From Roots
[2020-12-15T11:36:05.544-0500][gc,task        ] GC(8096) Using 2 workers of 2 for marking
[2020-12-15T11:36:05.613-0500][gc,marking     ] GC(8096) Concurrent Mark From Roots 69.087ms
[2020-12-15T11:36:05.613-0500][gc,marking     ] GC(8096) Concurrent Preclean
[2020-12-15T11:36:05.613-0500][gc,marking     ] GC(8096) Concurrent Preclean 0.190ms
[2020-12-15T11:36:05.613-0500][gc,marking     ] GC(8096) Concurrent Mark (500362.931s, 500363.000s) 69.391ms
[2020-12-15T11:36:05.614-0500][gc,start       ] GC(8096) Pause Remark
[2020-12-15T11:36:05.631-0500][gc,stringtable ] GC(8096) Cleaned string and symbol table, strings: 32749 processed, 0 removed, symbols: 120723 processed, 0 removed
[2020-12-15T11:36:05.631-0500][gc             ] GC(8096) Pause Remark 42M->42M(65M) 17.668ms
[2020-12-15T11:36:05.632-0500][gc,cpu         ] GC(8096) User=0.08s Sys=0.00s Real=0.02s
[2020-12-15T11:36:05.632-0500][gc,marking     ] GC(8096) Concurrent Rebuild Remembered Sets
[2020-12-15T11:36:05.663-0500][gc,marking     ] GC(8096) Concurrent Rebuild Remembered Sets 31.578ms
[2020-12-15T11:36:05.664-0500][gc,start       ] GC(8096) Pause Cleanup
[2020-12-15T11:36:05.664-0500][gc             ] GC(8096) Pause Cleanup 42M->42M(65M) 0.371ms
[2020-12-15T11:36:05.664-0500][gc,cpu         ] GC(8096) User=0.00s Sys=0.00s Real=0.00s
[2020-12-15T11:36:05.664-0500][gc,marking     ] GC(8096) Concurrent Cleanup for Next Mark
[2020-12-15T11:36:05.665-0500][gc,marking     ] GC(8096) Concurrent Cleanup for Next Mark 0.401ms
[2020-12-15T11:36:05.665-0500][gc             ] GC(8096) Concurrent Cycle 122.273ms
[2020-12-15T11:36:45.191-0500][gc,task        ] GC(8097) Using 5 workers of 8 for full compaction
[2020-12-15T11:36:45.191-0500][gc,start       ] GC(8097) Pause Full (System.gc())
[2020-12-15T11:36:45.191-0500][gc,heap        ] GC(8097) Heap before GC invocations=8097 (full 1668): garbage-first heap   total 66560K, used 49696K [0x0000000083000000, 0x0000000100000000)
[2020-12-15T11:36:45.191-0500][gc,heap        ] GC(8097)   region size 1024K, 9 young (9216K), 1 survivors (1024K)
[2020-12-15T11:36:45.191-0500][gc,heap        ] GC(8097)  Metaspace       used 49404K, capacity 51450K, committed 53248K, reserved 1093632K
[2020-12-15T11:36:45.191-0500][gc,heap        ] GC(8097)   class space    used 7386K, capacity 8097K, committed 8704K, reserved 1048576K
[2020-12-15T11:36:45.192-0500][gc,phases,start] GC(8097) Phase 1: Mark live objects
[2020-12-15T11:36:45.218-0500][gc,stringtable ] GC(8097) Cleaned string and symbol table, strings: 32749 processed, 5 removed, symbols: 120723 processed, 0 removed
[2020-12-15T11:36:45.218-0500][gc,phases      ] GC(8097) Phase 1: Mark live objects 26.295ms
[2020-12-15T11:36:45.218-0500][gc,phases,start] GC(8097) Phase 2: Prepare for compaction
[2020-12-15T11:36:45.223-0500][gc,phases      ] GC(8097) Phase 2: Prepare for compaction 4.812ms
[2020-12-15T11:36:45.223-0500][gc,phases,start] GC(8097) Phase 3: Adjust pointers
[2020-12-15T11:36:45.242-0500][gc,phases      ] GC(8097) Phase 3: Adjust pointers 19.352ms
[2020-12-15T11:36:45.242-0500][gc,phases,start] GC(8097) Phase 4: Compact heap
[2020-12-15T11:36:45.248-0500][gc,phases      ] GC(8097) Phase 4: Compact heap 5.746ms
[2020-12-15T11:36:45.256-0500][gc,heap        ] GC(8097) Eden regions: 8->0(11)
[2020-12-15T11:36:45.256-0500][gc,heap        ] GC(8097) Survivor regions: 1->0(2)
[2020-12-15T11:36:45.256-0500][gc,heap        ] GC(8097) Old regions: 41->42
[2020-12-15T11:36:45.256-0500][gc,heap        ] GC(8097) Humongous regions: 4->4
[2020-12-15T11:36:45.256-0500][gc,metaspace   ] GC(8097) Metaspace: 49404K->49404K(1093632K)
[2020-12-15T11:36:45.256-0500][gc,heap        ] GC(8097) Heap after GC invocations=8098 (full 1669): garbage-first heap   total 66560K, used 43278K [0x0000000083000000, 0x0000000100000000)
[2020-12-15T11:36:45.256-0500][gc,heap        ] GC(8097)   region size 1024K, 0 young (0K), 0 survivors (0K)
[2020-12-15T11:36:45.256-0500][gc,heap        ] GC(8097)  Metaspace       used 49404K, capacity 51450K, committed 53248K, reserved 1093632K
[2020-12-15T11:36:45.256-0500][gc,heap        ] GC(8097)   class space    used 7386K, capacity 8097K, committed 8704K, reserved 1048576K
[2020-12-15T11:36:45.256-0500][gc             ] GC(8097) Pause Full (System.gc()) 49M->42M(65M) 64.690ms
[2020-12-15T11:36:45.256-0500][gc,cpu         ] GC(8097) User=0.27s Sys=0.00s Real=0.06s
[2020-12-15T11:37:35.530-0500][gc,heap        ] GC(8098) Heap before GC invocations=8098 (full 1669): garbage-first heap   total 66560K, used 53518K [0x0000000083000000, 0x0000000100000000)
[2020-12-15T11:37:35.530-0500][gc,heap        ] GC(8098)   region size 1024K, 11 young (11264K), 0 survivors (0K)
[2020-12-15T11:37:35.530-0500][gc,heap        ] GC(8098)  Metaspace       used 49404K, capacity 51450K, committed 53248K, reserved 1093632K
[2020-12-15T11:37:35.530-0500][gc,heap        ] GC(8098)   class space    used 7386K, capacity 8097K, committed 8704K, reserved 1048576K
[2020-12-15T11:37:35.530-0500][gc,start       ] GC(8098) Pause Young (Concurrent Start) (G1 Evacuation Pause)
[2020-12-15T11:37:35.530-0500][gc,task        ] GC(8098) Using 8 workers of 8 for evacuation
[2020-12-15T11:37:35.609-0500][gc,phases      ] GC(8098)   Pre Evacuate Collection Set: 3.1ms
[2020-12-15T11:37:35.609-0500][gc,phases      ] GC(8098)   Evacuate Collection Set: 39.7ms
[2020-12-15T11:37:35.609-0500][gc,phases      ] GC(8098)   Post Evacuate Collection Set: 36.0ms
[2020-12-15T11:37:35.609-0500][gc,phases      ] GC(8098)   Other: 0.4ms
[2020-12-15T11:37:35.609-0500][gc,heap        ] GC(8098) Eden regions: 11->0(10)
[2020-12-15T11:37:35.609-0500][gc,heap        ] GC(8098) Survivor regions: 0->1(2)
[2020-12-15T11:37:35.609-0500][gc,heap        ] GC(8098) Old regions: 42->42
[2020-12-15T11:37:35.609-0500][gc,heap        ] GC(8098) Humongous regions: 4->4
[2020-12-15T11:37:35.609-0500][gc,metaspace   ] GC(8098) Metaspace: 49404K->49404K(1093632K)
[2020-12-15T11:37:35.609-0500][gc,heap        ] GC(8098) Heap after GC invocations=8099 (full 1669): garbage-first heap   total 66560K, used 43488K [0x0000000083000000, 0x0000000100000000)
[2020-12-15T11:37:35.609-0500][gc,heap        ] GC(8098)   region size 1024K, 1 young (1024K), 1 survivors (1024K)
[2020-12-15T11:37:35.609-0500][gc,heap        ] GC(8098)  Metaspace       used 49404K, capacity 51450K, committed 53248K, reserved 1093632K
[2020-12-15T11:37:35.609-0500][gc,heap        ] GC(8098)   class space    used 7386K, capacity 8097K, committed 8704K, reserved 1048576K
[2020-12-15T11:37:35.609-0500][gc             ] GC(8098) Pause Young (Concurrent Start) (G1 Evacuation Pause) 53M->42M(65M) 79.243ms
[2020-12-15T11:37:35.610-0500][gc,cpu         ] GC(8098) User=0.49s Sys=0.00s Real=0.08s
[2020-12-15T11:37:35.610-0500][gc             ] GC(8099) Concurrent Cycle
[2020-12-15T11:37:35.610-0500][gc,marking     ] GC(8099) Concurrent Clear Claimed Marks
[2020-12-15T11:37:35.610-0500][gc,marking     ] GC(8099) Concurrent Clear Claimed Marks 0.232ms
[2020-12-15T11:37:35.610-0500][gc,marking     ] GC(8099) Concurrent Scan Root Regions
[2020-12-15T11:37:35.611-0500][gc,marking     ] GC(8099) Concurrent Scan Root Regions 1.186ms
[2020-12-15T11:37:35.611-0500][gc,marking     ] GC(8099) Concurrent Mark (500452.998s)
[2020-12-15T11:37:35.611-0500][gc,marking     ] GC(8099) Concurrent Mark From Roots
[2020-12-15T11:37:35.611-0500][gc,task        ] GC(8099) Using 2 workers of 2 for marking
[2020-12-15T11:37:35.689-0500][gc,marking     ] GC(8099) Concurrent Mark From Roots 77.831ms
[2020-12-15T11:37:35.689-0500][gc,marking     ] GC(8099) Concurrent Preclean
[2020-12-15T11:37:35.689-0500][gc,marking     ] GC(8099) Concurrent Preclean 0.262ms
[2020-12-15T11:37:35.689-0500][gc,marking     ] GC(8099) Concurrent Mark (500452.998s, 500453.076s) 78.194ms
[2020-12-15T11:37:35.690-0500][gc,start       ] GC(8099) Pause Remark
[2020-12-15T11:37:35.723-0500][gc,stringtable ] GC(8099) Cleaned string and symbol table, strings: 32749 processed, 0 removed, symbols: 120723 processed, 0 removed
[2020-12-15T11:37:35.724-0500][gc             ] GC(8099) Pause Remark 43M->43M(65M) 34.524ms
[2020-12-15T11:37:35.725-0500][gc,cpu         ] GC(8099) User=0.17s Sys=0.00s Real=0.03s
[2020-12-15T11:37:35.725-0500][gc,marking     ] GC(8099) Concurrent Rebuild Remembered Sets
[2020-12-15T11:37:35.769-0500][gc,marking     ] GC(8099) Concurrent Rebuild Remembered Sets 44.174ms
[2020-12-15T11:37:35.769-0500][gc,start       ] GC(8099) Pause Cleanup
[2020-12-15T11:37:35.770-0500][gc             ] GC(8099) Pause Cleanup 43M->43M(65M) 0.304ms
[2020-12-15T11:37:35.770-0500][gc,cpu         ] GC(8099) User=0.00s Sys=0.00s Real=0.00s
[2020-12-15T11:37:35.770-0500][gc,marking     ] GC(8099) Concurrent Cleanup for Next Mark
[2020-12-15T11:37:35.771-0500][gc,marking     ] GC(8099) Concurrent Cleanup for Next Mark 0.505ms
[2020-12-15T11:37:35.771-0500][gc             ] GC(8099) Concurrent Cycle 160.879ms
[2020-12-15T11:38:24.907-0500][gc,heap        ] GC(8100) Heap before GC invocations=8100 (full 1669): garbage-first heap   total 66560K, used 52704K [0x0000000083000000, 0x0000000100000000)
[2020-12-15T11:38:24.907-0500][gc,heap        ] GC(8100)   region size 1024K, 11 young (11264K), 1 survivors (1024K)
[2020-12-15T11:38:24.907-0500][gc,heap        ] GC(8100)  Metaspace       used 49404K, capacity 51450K, committed 53248K, reserved 1093632K
[2020-12-15T11:38:24.907-0500][gc,heap        ] GC(8100)   class space    used 7386K, capacity 8097K, committed 8704K, reserved 1048576K
[2020-12-15T11:38:24.907-0500][gc,start       ] GC(8100) Pause Young (Normal) (G1 Evacuation Pause)
[2020-12-15T11:38:24.907-0500][gc,task        ] GC(8100) Using 8 workers of 8 for evacuation
[2020-12-15T11:38:24.919-0500][gc,phases      ] GC(8100)   Pre Evacuate Collection Set: 0.0ms
[2020-12-15T11:38:24.919-0500][gc,phases      ] GC(8100)   Evacuate Collection Set: 0.9ms
[2020-12-15T11:38:24.919-0500][gc,phases      ] GC(8100)   Post Evacuate Collection Set: 10.5ms
[2020-12-15T11:38:24.919-0500][gc,phases      ] GC(8100)   Other: 0.2ms
[2020-12-15T11:38:24.919-0500][gc,heap        ] GC(8100) Eden regions: 10->0(10)
[2020-12-15T11:38:24.919-0500][gc,heap        ] GC(8100) Survivor regions: 1->1(2)
[2020-12-15T11:38:24.919-0500][gc,heap        ] GC(8100) Old regions: 42->42
[2020-12-15T11:38:24.919-0500][gc,heap        ] GC(8100) Humongous regions: 4->4
[2020-12-15T11:38:24.919-0500][gc,metaspace   ] GC(8100) Metaspace: 49404K->49404K(1093632K)
[2020-12-15T11:38:24.919-0500][gc,heap        ] GC(8100) Heap after GC invocations=8101 (full 1669): garbage-first heap   total 66560K, used 43351K [0x0000000083000000, 0x0000000100000000)
[2020-12-15T11:38:24.919-0500][gc,heap        ] GC(8100)   region size 1024K, 1 young (1024K), 1 survivors (1024K)
[2020-12-15T11:38:24.919-0500][gc,heap        ] GC(8100)  Metaspace       used 49404K, capacity 51450K, committed 53248K, reserved 1093632K
[2020-12-15T11:38:24.919-0500][gc,heap        ] GC(8100)   class space    used 7386K, capacity 8097K, committed 8704K, reserved 1048576K
[2020-12-15T11:38:24.919-0500][gc             ] GC(8100) Pause Young (Normal) (G1 Evacuation Pause) 52M->42M(65M) 11.797ms
[2020-12-15T11:38:24.919-0500][gc,cpu         ] GC(8100) User=0.06s Sys=0.00s Real=0.02s
[2020-12-15T11:39:06.013-0500][gc,heap        ] GC(8101) Heap before GC invocations=8101 (full 1669): garbage-first heap   total 66560K, used 52567K [0x0000000083000000, 0x0000000100000000)
[2020-12-15T11:39:06.013-0500][gc,heap        ] GC(8101)   region size 1024K, 11 young (11264K), 1 survivors (1024K)
[2020-12-15T11:39:06.013-0500][gc,heap        ] GC(8101)  Metaspace       used 49404K, capacity 51450K, committed 53248K, reserved 1093632K
[2020-12-15T11:39:06.013-0500][gc,heap        ] GC(8101)   class space    used 7386K, capacity 8097K, committed 8704K, reserved 1048576K
[2020-12-15T11:39:06.013-0500][gc,start       ] GC(8101) Pause Young (Concurrent Start) (G1 Evacuation Pause)
[2020-12-15T11:39:06.013-0500][gc,task        ] GC(8101) Using 8 workers of 8 for evacuation
[2020-12-15T11:39:06.015-0500][gc,phases      ] GC(8101)   Pre Evacuate Collection Set: 0.2ms
[2020-12-15T11:39:06.015-0500][gc,phases      ] GC(8101)   Evacuate Collection Set: 1.1ms
[2020-12-15T11:39:06.015-0500][gc,phases      ] GC(8101)   Post Evacuate Collection Set: 0.8ms
[2020-12-15T11:39:06.015-0500][gc,phases      ] GC(8101)   Other: 0.2ms
[2020-12-15T11:39:06.015-0500][gc,heap        ] GC(8101) Eden regions: 10->0(10)
[2020-12-15T11:39:06.015-0500][gc,heap        ] GC(8101) Survivor regions: 1->1(2)
[2020-12-15T11:39:06.015-0500][gc,heap        ] GC(8101) Old regions: 42->42
[2020-12-15T11:39:06.015-0500][gc,heap        ] GC(8101) Humongous regions: 4->4
[2020-12-15T11:39:06.015-0500][gc,metaspace   ] GC(8101) Metaspace: 49404K->49404K(1093632K)
[2020-12-15T11:39:06.015-0500][gc,heap        ] GC(8101) Heap after GC invocations=8102 (full 1669): garbage-first heap   total 66560K, used 43353K [0x0000000083000000, 0x0000000100000000)
[2020-12-15T11:39:06.015-0500][gc,heap        ] GC(8101)   region size 1024K, 1 young (1024K), 1 survivors (1024K)
[2020-12-15T11:39:06.015-0500][gc,heap        ] GC(8101)  Metaspace       used 49404K, capacity 51450K, committed 53248K, reserved 1093632K
[2020-12-15T11:39:06.015-0500][gc,heap        ] GC(8101)   class space    used 7386K, capacity 8097K, committed 8704K, reserved 1048576K
[2020-12-15T11:39:06.015-0500][gc             ] GC(8101) Pause Young (Concurrent Start) (G1 Evacuation Pause) 52M->42M(65M) 2.540ms
[2020-12-15T11:39:06.015-0500][gc,cpu         ] GC(8101) User=0.01s Sys=0.01s Real=0.00s
[2020-12-15T11:39:06.015-0500][gc             ] GC(8102) Concurrent Cycle
[2020-12-15T11:39:06.015-0500][gc,marking     ] GC(8102) Concurrent Clear Claimed Marks
[2020-12-15T11:39:06.016-0500][gc,marking     ] GC(8102) Concurrent Clear Claimed Marks 0.086ms
[2020-12-15T11:39:06.016-0500][gc,marking     ] GC(8102) Concurrent Scan Root Regions
[2020-12-15T11:39:06.016-0500][gc,marking     ] GC(8102) Concurrent Scan Root Regions 0.888ms
[2020-12-15T11:39:06.016-0500][gc,marking     ] GC(8102) Concurrent Mark (500543.403s)
[2020-12-15T11:39:06.016-0500][gc,marking     ] GC(8102) Concurrent Mark From Roots
[2020-12-15T11:39:06.016-0500][gc,task        ] GC(8102) Using 2 workers of 2 for marking
[2020-12-15T11:39:06.071-0500][gc,marking     ] GC(8102) Concurrent Mark From Roots 54.646ms
[2020-12-15T11:39:06.071-0500][gc,marking     ] GC(8102) Concurrent Preclean
[2020-12-15T11:39:06.071-0500][gc,marking     ] GC(8102) Concurrent Preclean 0.203ms
[2020-12-15T11:39:06.071-0500][gc,marking     ] GC(8102) Concurrent Mark (500543.403s, 500543.458s) 54.947ms
[2020-12-15T11:39:06.072-0500][gc,start       ] GC(8102) Pause Remark
[2020-12-15T11:39:06.082-0500][gc,stringtable ] GC(8102) Cleaned string and symbol table, strings: 32749 processed, 0 removed, symbols: 120723 processed, 0 removed
[2020-12-15T11:39:06.082-0500][gc             ] GC(8102) Pause Remark 42M->42M(65M) 10.279ms
[2020-12-15T11:39:06.082-0500][gc,cpu         ] GC(8102) User=0.05s Sys=0.00s Real=0.01s
[2020-12-15T11:39:06.082-0500][gc,marking     ] GC(8102) Concurrent Rebuild Remembered Sets
[2020-12-15T11:39:06.111-0500][gc,marking     ] GC(8102) Concurrent Rebuild Remembered Sets 28.873ms
[2020-12-15T11:39:06.112-0500][gc,start       ] GC(8102) Pause Cleanup
[2020-12-15T11:39:06.113-0500][gc             ] GC(8102) Pause Cleanup 42M->42M(65M) 0.821ms
[2020-12-15T11:39:06.113-0500][gc,cpu         ] GC(8102) User=0.00s Sys=0.00s Real=0.00s
[2020-12-15T11:39:06.113-0500][gc,marking     ] GC(8102) Concurrent Cleanup for Next Mark
[2020-12-15T11:39:06.114-0500][gc,marking     ] GC(8102) Concurrent Cleanup for Next Mark 0.637ms
[2020-12-15T11:39:06.114-0500][gc             ] GC(8102) Concurrent Cycle 98.529ms
[2020-12-15T11:39:55.533-0500][gc,heap        ] GC(8103) Heap before GC invocations=8103 (full 1669): garbage-first heap   total 66560K, used 52569K [0x0000000083000000, 0x0000000100000000)
[2020-12-15T11:39:55.533-0500][gc,heap        ] GC(8103)   region size 1024K, 11 young (11264K), 1 survivors (1024K)
[2020-12-15T11:39:55.533-0500][gc,heap        ] GC(8103)  Metaspace       used 49404K, capacity 51450K, committed 53248K, reserved 1093632K
[2020-12-15T11:39:55.533-0500][gc,heap        ] GC(8103)   class space    used 7386K, capacity 8097K, committed 8704K, reserved 1048576K
[2020-12-15T11:39:55.533-0500][gc,start       ] GC(8103) Pause Young (Normal) (G1 Evacuation Pause)
[2020-12-15T11:39:55.533-0500][gc,task        ] GC(8103) Using 8 workers of 8 for evacuation
[2020-12-15T11:39:55.540-0500][gc,phases      ] GC(8103)   Pre Evacuate Collection Set: 0.0ms
[2020-12-15T11:39:55.540-0500][gc,phases      ] GC(8103)   Evacuate Collection Set: 5.2ms
[2020-12-15T11:39:55.540-0500][gc,phases      ] GC(8103)   Post Evacuate Collection Set: 1.9ms
[2020-12-15T11:39:55.540-0500][gc,phases      ] GC(8103)   Other: 0.4ms
[2020-12-15T11:39:55.540-0500][gc,heap        ] GC(8103) Eden regions: 10->0(10)
[2020-12-15T11:39:55.540-0500][gc,heap        ] GC(8103) Survivor regions: 1->1(2)
[2020-12-15T11:39:55.540-0500][gc,heap        ] GC(8103) Old regions: 42->42
[2020-12-15T11:39:55.540-0500][gc,heap        ] GC(8103) Humongous regions: 4->4
[2020-12-15T11:39:55.540-0500][gc,metaspace   ] GC(8103) Metaspace: 49404K->49404K(1093632K)
[2020-12-15T11:39:55.540-0500][gc,heap        ] GC(8103) Heap after GC invocations=8104 (full 1669): garbage-first heap   total 66560K, used 43531K [0x0000000083000000, 0x0000000100000000)
[2020-12-15T11:39:55.540-0500][gc,heap        ] GC(8103)   region size 1024K, 1 young (1024K), 1 survivors (1024K)
[2020-12-15T11:39:55.540-0500][gc,heap        ] GC(8103)  Metaspace       used 49404K, capacity 51450K, committed 53248K, reserved 1093632K
[2020-12-15T11:39:55.540-0500][gc,heap        ] GC(8103)   class space    used 7386K, capacity 8097K, committed 8704K, reserved 1048576K
[2020-12-15T11:39:55.540-0500][gc             ] GC(8103) Pause Young (Normal) (G1 Evacuation Pause) 52M->42M(65M) 7.460ms
[2020-12-15T11:39:55.540-0500][gc,cpu         ] GC(8103) User=0.03s Sys=0.00s Real=0.01s
[2020-12-15T11:40:45.549-0500][gc,heap        ] GC(8104) Heap before GC invocations=8104 (full 1669): garbage-first heap   total 66560K, used 52747K [0x0000000083000000, 0x0000000100000000)
[2020-12-15T11:40:45.549-0500][gc,heap        ] GC(8104)   region size 1024K, 11 young (11264K), 1 survivors (1024K)
[2020-12-15T11:40:45.549-0500][gc,heap        ] GC(8104)  Metaspace       used 49404K, capacity 51450K, committed 53248K, reserved 1093632K
[2020-12-15T11:40:45.549-0500][gc,heap        ] GC(8104)   class space    used 7386K, capacity 8097K, committed 8704K, reserved 1048576K
[2020-12-15T11:40:45.549-0500][gc,start       ] GC(8104) Pause Young (Concurrent Start) (G1 Evacuation Pause)
[2020-12-15T11:40:45.549-0500][gc,task        ] GC(8104) Using 8 workers of 8 for evacuation
[2020-12-15T11:40:45.571-0500][gc,phases      ] GC(8104)   Pre Evacuate Collection Set: 0.2ms
[2020-12-15T11:40:45.571-0500][gc,phases      ] GC(8104)   Evacuate Collection Set: 12.3ms
[2020-12-15T11:40:45.571-0500][gc,phases      ] GC(8104)   Post Evacuate Collection Set: 9.1ms
[2020-12-15T11:40:45.571-0500][gc,phases      ] GC(8104)   Other: 0.3ms
[2020-12-15T11:40:45.571-0500][gc,heap        ] GC(8104) Eden regions: 10->0(10)
[2020-12-15T11:40:45.571-0500][gc,heap        ] GC(8104) Survivor regions: 1->1(2)
[2020-12-15T11:40:45.571-0500][gc,heap        ] GC(8104) Old regions: 42->42
[2020-12-15T11:40:45.571-0500][gc,heap        ] GC(8104) Humongous regions: 4->4
[2020-12-15T11:40:45.571-0500][gc,metaspace   ] GC(8104) Metaspace: 49404K->49404K(1093632K)
[2020-12-15T11:40:45.571-0500][gc,heap        ] GC(8104) Heap after GC invocations=8105 (full 1669): garbage-first heap   total 66560K, used 43535K [0x0000000083000000, 0x0000000100000000)
[2020-12-15T11:40:45.571-0500][gc,heap        ] GC(8104)   region size 1024K, 1 young (1024K), 1 survivors (1024K)
[2020-12-15T11:40:45.571-0500][gc,heap        ] GC(8104)  Metaspace       used 49404K, capacity 51450K, committed 53248K, reserved 1093632K
[2020-12-15T11:40:45.571-0500][gc,heap        ] GC(8104)   class space    used 7386K, capacity 8097K, committed 8704K, reserved 1048576K
[2020-12-15T11:40:45.571-0500][gc             ] GC(8104) Pause Young (Concurrent Start) (G1 Evacuation Pause) 52M->42M(65M) 21.997ms
[2020-12-15T11:40:45.571-0500][gc,cpu         ] GC(8104) User=0.12s Sys=0.00s Real=0.02s
[2020-12-15T11:40:45.572-0500][gc             ] GC(8105) Concurrent Cycle
[2020-12-15T11:40:45.572-0500][gc,marking     ] GC(8105) Concurrent Clear Claimed Marks
[2020-12-15T11:40:45.572-0500][gc,marking     ] GC(8105) Concurrent Clear Claimed Marks 0.200ms
[2020-12-15T11:40:45.572-0500][gc,marking     ] GC(8105) Concurrent Scan Root Regions
[2020-12-15T11:40:45.573-0500][gc,marking     ] GC(8105) Concurrent Scan Root Regions 1.540ms
[2020-12-15T11:40:45.573-0500][gc,marking     ] GC(8105) Concurrent Mark (500642.960s)
[2020-12-15T11:40:45.573-0500][gc,marking     ] GC(8105) Concurrent Mark From Roots
[2020-12-15T11:40:45.573-0500][gc,task        ] GC(8105) Using 2 workers of 2 for marking
[2020-12-15T11:40:45.668-0500][gc,marking     ] GC(8105) Concurrent Mark From Roots 94.408ms
[2020-12-15T11:40:45.668-0500][gc,marking     ] GC(8105) Concurrent Preclean
[2020-12-15T11:40:45.668-0500][gc,marking     ] GC(8105) Concurrent Preclean 0.362ms
[2020-12-15T11:40:45.668-0500][gc,marking     ] GC(8105) Concurrent Mark (500642.960s, 500643.055s) 94.902ms
[2020-12-15T11:40:45.669-0500][gc,start       ] GC(8105) Pause Remark
[2020-12-15T11:40:45.699-0500][gc,stringtable ] GC(8105) Cleaned string and symbol table, strings: 32749 processed, 0 removed, symbols: 120723 processed, 0 removed
[2020-12-15T11:40:45.701-0500][gc             ] GC(8105) Pause Remark 43M->43M(65M) 31.823ms
[2020-12-15T11:40:45.701-0500][gc,cpu         ] GC(8105) User=0.16s Sys=0.00s Real=0.03s
[2020-12-15T11:40:45.701-0500][gc,marking     ] GC(8105) Concurrent Rebuild Remembered Sets
[2020-12-15T11:40:45.742-0500][gc,marking     ] GC(8105) Concurrent Rebuild Remembered Sets 41.488ms
[2020-12-15T11:40:45.743-0500][gc,start       ] GC(8105) Pause Cleanup
[2020-12-15T11:40:45.743-0500][gc             ] GC(8105) Pause Cleanup 43M->43M(65M) 0.344ms
[2020-12-15T11:40:45.743-0500][gc,cpu         ] GC(8105) User=0.00s Sys=0.00s Real=0.00s
[2020-12-15T11:40:45.743-0500][gc,marking     ] GC(8105) Concurrent Cleanup for Next Mark
[2020-12-15T11:40:45.744-0500][gc,marking     ] GC(8105) Concurrent Cleanup for Next Mark 0.320ms
[2020-12-15T11:40:45.744-0500][gc             ] GC(8105) Concurrent Cycle 172.295ms
[2020-12-15T11:41:33.794-0500][gc,heap        ] GC(8106) Heap before GC invocations=8106 (full 1669): garbage-first heap   total 66560K, used 52751K [0x0000000083000000, 0x0000000100000000)
[2020-12-15T11:41:33.794-0500][gc,heap        ] GC(8106)   region size 1024K, 11 young (11264K), 1 survivors (1024K)
[2020-12-15T11:41:33.794-0500][gc,heap        ] GC(8106)  Metaspace       used 49404K, capacity 51450K, committed 53248K, reserved 1093632K
[2020-12-15T11:41:33.794-0500][gc,heap        ] GC(8106)   class space    used 7386K, capacity 8097K, committed 8704K, reserved 1048576K
[2020-12-15T11:41:33.794-0500][gc,start       ] GC(8106) Pause Young (Normal) (G1 Evacuation Pause)
[2020-12-15T11:41:33.794-0500][gc,task        ] GC(8106) Using 8 workers of 8 for evacuation
[2020-12-15T11:41:33.806-0500][gc,phases      ] GC(8106)   Pre Evacuate Collection Set: 0.0ms
[2020-12-15T11:41:33.806-0500][gc,phases      ] GC(8106)   Evacuate Collection Set: 4.7ms
[2020-12-15T11:41:33.806-0500][gc,phases      ] GC(8106)   Post Evacuate Collection Set: 6.9ms
[2020-12-15T11:41:33.806-0500][gc,phases      ] GC(8106)   Other: 0.3ms
[2020-12-15T11:41:33.806-0500][gc,heap        ] GC(8106) Eden regions: 10->0(10)
[2020-12-15T11:41:33.806-0500][gc,heap        ] GC(8106) Survivor regions: 1->1(2)
[2020-12-15T11:41:33.806-0500][gc,heap        ] GC(8106) Old regions: 42->42
[2020-12-15T11:41:33.806-0500][gc,heap        ] GC(8106) Humongous regions: 4->4
[2020-12-15T11:41:33.806-0500][gc,metaspace   ] GC(8106) Metaspace: 49404K->49404K(1093632K)
[2020-12-15T11:41:33.806-0500][gc,heap        ] GC(8106) Heap after GC invocations=8107 (full 1669): garbage-first heap   total 66560K, used 43403K [0x0000000083000000, 0x0000000100000000)
[2020-12-15T11:41:33.806-0500][gc,heap        ] GC(8106)   region size 1024K, 1 young (1024K), 1 survivors (1024K)
[2020-12-15T11:41:33.806-0500][gc,heap        ] GC(8106)  Metaspace       used 49404K, capacity 51450K, committed 53248K, reserved 1093632K
[2020-12-15T11:41:33.806-0500][gc,heap        ] GC(8106)   class space    used 7386K, capacity 8097K, committed 8704K, reserved 1048576K
[2020-12-15T11:41:33.808-0500][gc             ] GC(8106) Pause Young (Normal) (G1 Evacuation Pause) 52M->42M(65M) 14.147ms
[2020-12-15T11:41:33.809-0500][gc,cpu         ] GC(8106) User=0.06s Sys=0.01s Real=0.02s
[2020-12-15T11:41:45.191-0500][gc,task        ] GC(8107) Using 5 workers of 8 for full compaction
[2020-12-15T11:41:45.191-0500][gc,start       ] GC(8107) Pause Full (System.gc())
[2020-12-15T11:41:45.191-0500][gc,heap        ] GC(8107) Heap before GC invocations=8107 (full 1669): garbage-first heap   total 66560K, used 44427K [0x0000000083000000, 0x0000000100000000)
[2020-12-15T11:41:45.191-0500][gc,heap        ] GC(8107)   region size 1024K, 4 young (4096K), 1 survivors (1024K)
[2020-12-15T11:41:45.191-0500][gc,heap        ] GC(8107)  Metaspace       used 49404K, capacity 51450K, committed 53248K, reserved 1093632K
[2020-12-15T11:41:45.191-0500][gc,heap        ] GC(8107)   class space    used 7386K, capacity 8097K, committed 8704K, reserved 1048576K
[2020-12-15T11:41:45.191-0500][gc,phases,start] GC(8107) Phase 1: Mark live objects
[2020-12-15T11:41:45.233-0500][gc,stringtable ] GC(8107) Cleaned string and symbol table, strings: 32749 processed, 5 removed, symbols: 120723 processed, 0 removed
[2020-12-15T11:41:45.233-0500][gc,phases      ] GC(8107) Phase 1: Mark live objects 41.705ms
[2020-12-15T11:41:45.233-0500][gc,phases,start] GC(8107) Phase 2: Prepare for compaction
[2020-12-15T11:41:45.241-0500][gc,phases      ] GC(8107) Phase 2: Prepare for compaction 8.176ms
[2020-12-15T11:41:45.241-0500][gc,phases,start] GC(8107) Phase 3: Adjust pointers
[2020-12-15T11:41:45.267-0500][gc,phases      ] GC(8107) Phase 3: Adjust pointers 26.180ms
[2020-12-15T11:41:45.267-0500][gc,phases,start] GC(8107) Phase 4: Compact heap
[2020-12-15T11:41:45.274-0500][gc,phases      ] GC(8107) Phase 4: Compact heap 6.537ms
[2020-12-15T11:41:45.290-0500][gc,heap        ] GC(8107) Eden regions: 3->0(11)
[2020-12-15T11:41:45.290-0500][gc,heap        ] GC(8107) Survivor regions: 1->0(2)
[2020-12-15T11:41:45.290-0500][gc,heap        ] GC(8107) Old regions: 42->42
[2020-12-15T11:41:45.290-0500][gc,heap        ] GC(8107) Humongous regions: 4->4
[2020-12-15T11:41:45.290-0500][gc,metaspace   ] GC(8107) Metaspace: 49404K->49404K(1093632K)
[2020-12-15T11:41:45.290-0500][gc,heap        ] GC(8107) Heap after GC invocations=8108 (full 1670): garbage-first heap   total 66560K, used 43271K [0x0000000083000000, 0x0000000100000000)
[2020-12-15T11:41:45.290-0500][gc,heap        ] GC(8107)   region size 1024K, 0 young (0K), 0 survivors (0K)
[2020-12-15T11:41:45.290-0500][gc,heap        ] GC(8107)  Metaspace       used 49404K, capacity 51450K, committed 53248K, reserved 1093632K
[2020-12-15T11:41:45.290-0500][gc,heap        ] GC(8107)   class space    used 7386K, capacity 8097K, committed 8704K, reserved 1048576K
[2020-12-15T11:41:45.290-0500][gc             ] GC(8107) Pause Full (System.gc()) 44M->42M(65M) 99.107ms
[2020-12-15T11:41:45.290-0500][gc,cpu         ] GC(8107) User=0.37s Sys=0.00s Real=0.10s
[2020-12-15T11:42:35.533-0500][gc,heap        ] GC(8108) Heap before GC invocations=8108 (full 1670): garbage-first heap   total 66560K, used 53511K [0x0000000083000000, 0x0000000100000000)
[2020-12-15T11:42:35.533-0500][gc,heap        ] GC(8108)   region size 1024K, 11 young (11264K), 0 survivors (0K)
[2020-12-15T11:42:35.533-0500][gc,heap        ] GC(8108)  Metaspace       used 49404K, capacity 51450K, committed 53248K, reserved 1093632K
[2020-12-15T11:42:35.533-0500][gc,heap        ] GC(8108)   class space    used 7386K, capacity 8097K, committed 8704K, reserved 1048576K
[2020-12-15T11:42:35.533-0500][gc,start       ] GC(8108) Pause Young (Concurrent Start) (G1 Evacuation Pause)
[2020-12-15T11:42:35.533-0500][gc,task        ] GC(8108) Using 8 workers of 8 for evacuation
[2020-12-15T11:42:35.539-0500][gc,phases      ] GC(8108)   Pre Evacuate Collection Set: 0.2ms
[2020-12-15T11:42:35.539-0500][gc,phases      ] GC(8108)   Evacuate Collection Set: 3.8ms
[2020-12-15T11:42:35.539-0500][gc,phases      ] GC(8108)   Post Evacuate Collection Set: 1.7ms
[2020-12-15T11:42:35.539-0500][gc,phases      ] GC(8108)   Other: 0.4ms
[2020-12-15T11:42:35.539-0500][gc,heap        ] GC(8108) Eden regions: 11->0(10)
[2020-12-15T11:42:35.539-0500][gc,heap        ] GC(8108) Survivor regions: 0->1(2)
[2020-12-15T11:42:35.539-0500][gc,heap        ] GC(8108) Old regions: 42->42
[2020-12-15T11:42:35.539-0500][gc,heap        ] GC(8108) Humongous regions: 4->4
[2020-12-15T11:42:35.539-0500][gc,metaspace   ] GC(8108) Metaspace: 49404K->49404K(1093632K)
[2020-12-15T11:42:35.539-0500][gc,heap        ] GC(8108) Heap after GC invocations=8109 (full 1670): garbage-first heap   total 66560K, used 43495K [0x0000000083000000, 0x0000000100000000)
[2020-12-15T11:42:35.539-0500][gc,heap        ] GC(8108)   region size 1024K, 1 young (1024K), 1 survivors (1024K)
[2020-12-15T11:42:35.539-0500][gc,heap        ] GC(8108)  Metaspace       used 49404K, capacity 51450K, committed 53248K, reserved 1093632K
[2020-12-15T11:42:35.539-0500][gc,heap        ] GC(8108)   class space    used 7386K, capacity 8097K, committed 8704K, reserved 1048576K
[2020-12-15T11:42:35.539-0500][gc             ] GC(8108) Pause Young (Concurrent Start) (G1 Evacuation Pause) 53M->42M(65M) 6.052ms
[2020-12-15T11:42:35.539-0500][gc,cpu         ] GC(8108) User=0.01s Sys=0.00s Real=0.01s
[2020-12-15T11:42:35.540-0500][gc             ] GC(8109) Concurrent Cycle
[2020-12-15T11:42:35.540-0500][gc,marking     ] GC(8109) Concurrent Clear Claimed Marks
[2020-12-15T11:42:35.540-0500][gc,marking     ] GC(8109) Concurrent Clear Claimed Marks 0.199ms
[2020-12-15T11:42:35.540-0500][gc,marking     ] GC(8109) Concurrent Scan Root Regions
[2020-12-15T11:42:35.545-0500][gc,marking     ] GC(8109) Concurrent Scan Root Regions 5.270ms
[2020-12-15T11:42:35.545-0500][gc,marking     ] GC(8109) Concurrent Mark (500752.932s)
[2020-12-15T11:42:35.545-0500][gc,marking     ] GC(8109) Concurrent Mark From Roots
[2020-12-15T11:42:35.545-0500][gc,task        ] GC(8109) Using 2 workers of 2 for marking
[2020-12-15T11:42:35.630-0500][gc,marking     ] GC(8109) Concurrent Mark From Roots 84.563ms
[2020-12-15T11:42:35.630-0500][gc,marking     ] GC(8109) Concurrent Preclean
[2020-12-15T11:42:35.630-0500][gc,marking     ] GC(8109) Concurrent Preclean 0.277ms
[2020-12-15T11:42:35.630-0500][gc,marking     ] GC(8109) Concurrent Mark (500752.932s, 500753.017s) 84.956ms
[2020-12-15T11:42:35.631-0500][gc,start       ] GC(8109) Pause Remark
[2020-12-15T11:42:35.645-0500][gc,stringtable ] GC(8109) Cleaned string and symbol table, strings: 32749 processed, 0 removed, symbols: 120723 processed, 0 removed
[2020-12-15T11:42:35.646-0500][gc             ] GC(8109) Pause Remark 43M->43M(65M) 15.134ms
[2020-12-15T11:42:35.646-0500][gc,cpu         ] GC(8109) User=0.07s Sys=0.00s Real=0.01s
[2020-12-15T11:42:35.646-0500][gc,marking     ] GC(8109) Concurrent Rebuild Remembered Sets
[2020-12-15T11:42:35.695-0500][gc,marking     ] GC(8109) Concurrent Rebuild Remembered Sets 48.346ms
[2020-12-15T11:42:35.696-0500][gc,start       ] GC(8109) Pause Cleanup
[2020-12-15T11:42:35.696-0500][gc             ] GC(8109) Pause Cleanup 43M->43M(65M) 0.466ms
[2020-12-15T11:42:35.696-0500][gc,cpu         ] GC(8109) User=0.00s Sys=0.00s Real=0.00s
[2020-12-15T11:42:35.696-0500][gc,marking     ] GC(8109) Concurrent Cleanup for Next Mark
[2020-12-15T11:42:35.697-0500][gc,marking     ] GC(8109) Concurrent Cleanup for Next Mark 0.388ms
[2020-12-15T11:42:35.697-0500][gc             ] GC(8109) Concurrent Cycle 157.345ms
[2020-12-15T11:43:25.542-0500][gc,heap        ] GC(8110) Heap before GC invocations=8110 (full 1670): garbage-first heap   total 66560K, used 52711K [0x0000000083000000, 0x0000000100000000)
[2020-12-15T11:43:25.542-0500][gc,heap        ] GC(8110)   region size 1024K, 11 young (11264K), 1 survivors (1024K)
[2020-12-15T11:43:25.542-0500][gc,heap        ] GC(8110)  Metaspace       used 49404K, capacity 51450K, committed 53248K, reserved 1093632K
[2020-12-15T11:43:25.542-0500][gc,heap        ] GC(8110)   class space    used 7386K, capacity 8097K, committed 8704K, reserved 1048576K
[2020-12-15T11:43:25.542-0500][gc,start       ] GC(8110) Pause Young (Normal) (G1 Evacuation Pause)
[2020-12-15T11:43:25.542-0500][gc,task        ] GC(8110) Using 8 workers of 8 for evacuation
[2020-12-15T11:43:25.683-0500][gc,phases      ] GC(8110)   Pre Evacuate Collection Set: 0.0ms
[2020-12-15T11:43:25.683-0500][gc,phases      ] GC(8110)   Evacuate Collection Set: 106.5ms
[2020-12-15T11:43:25.683-0500][gc,phases      ] GC(8110)   Post Evacuate Collection Set: 34.5ms
[2020-12-15T11:43:25.683-0500][gc,phases      ] GC(8110)   Other: 0.4ms
[2020-12-15T11:43:25.683-0500][gc,heap        ] GC(8110) Eden regions: 10->0(10)
[2020-12-15T11:43:25.683-0500][gc,heap        ] GC(8110) Survivor regions: 1->1(2)
[2020-12-15T11:43:25.683-0500][gc,heap        ] GC(8110) Old regions: 42->42
[2020-12-15T11:43:25.683-0500][gc,heap        ] GC(8110) Humongous regions: 4->4
[2020-12-15T11:43:25.683-0500][gc,metaspace   ] GC(8110) Metaspace: 49404K->49404K(1093632K)
[2020-12-15T11:43:25.683-0500][gc,heap        ] GC(8110) Heap after GC invocations=8111 (full 1670): garbage-first heap   total 66560K, used 43423K [0x0000000083000000, 0x0000000100000000)
[2020-12-15T11:43:25.683-0500][gc,heap        ] GC(8110)   region size 1024K, 1 young (1024K), 1 survivors (1024K)
[2020-12-15T11:43:25.683-0500][gc,heap        ] GC(8110)  Metaspace       used 49404K, capacity 51450K, committed 53248K, reserved 1093632K
[2020-12-15T11:43:25.683-0500][gc,heap        ] GC(8110)   class space    used 7386K, capacity 8097K, committed 8704K, reserved 1048576K
[2020-12-15T11:43:25.683-0500][gc             ] GC(8110) Pause Young (Normal) (G1 Evacuation Pause) 52M->42M(65M) 141.538ms
[2020-12-15T11:43:25.684-0500][gc,cpu         ] GC(8110) User=0.40s Sys=0.04s Real=0.14s
[2020-12-15T11:44:06.013-0500][gc,heap        ] GC(8111) Heap before GC invocations=8111 (full 1670): garbage-first heap   total 66560K, used 53663K [0x0000000083000000, 0x0000000100000000)
[2020-12-15T11:44:06.013-0500][gc,heap        ] GC(8111)   region size 1024K, 11 young (11264K), 1 survivors (1024K)
[2020-12-15T11:44:06.013-0500][gc,heap        ] GC(8111)  Metaspace       used 49404K, capacity 51450K, committed 53248K, reserved 1093632K
[2020-12-15T11:44:06.013-0500][gc,heap        ] GC(8111)   class space    used 7386K, capacity 8097K, committed 8704K, reserved 1048576K
[2020-12-15T11:44:06.013-0500][gc,start       ] GC(8111) Pause Young (Concurrent Start) (G1 Evacuation Pause)
[2020-12-15T11:44:06.013-0500][gc,task        ] GC(8111) Using 8 workers of 8 for evacuation
[2020-12-15T11:44:06.017-0500][gc,phases      ] GC(8111)   Pre Evacuate Collection Set: 0.4ms
[2020-12-15T11:44:06.017-0500][gc,phases      ] GC(8111)   Evacuate Collection Set: 2.4ms
[2020-12-15T11:44:06.017-0500][gc,phases      ] GC(8111)   Post Evacuate Collection Set: 1.0ms
[2020-12-15T11:44:06.017-0500][gc,phases      ] GC(8111)   Other: 0.3ms
[2020-12-15T11:44:06.017-0500][gc,heap        ] GC(8111) Eden regions: 10->0(10)
[2020-12-15T11:44:06.017-0500][gc,heap        ] GC(8111) Survivor regions: 1->1(2)
[2020-12-15T11:44:06.017-0500][gc,heap        ] GC(8111) Old regions: 42->42
[2020-12-15T11:44:06.017-0500][gc,heap        ] GC(8111) Humongous regions: 4->4
[2020-12-15T11:44:06.018-0500][gc,metaspace   ] GC(8111) Metaspace: 49404K->49404K(1093632K)
[2020-12-15T11:44:06.018-0500][gc,heap        ] GC(8111) Heap after GC invocations=8112 (full 1670): garbage-first heap   total 66560K, used 43379K [0x0000000083000000, 0x0000000100000000)
[2020-12-15T11:44:06.018-0500][gc,heap        ] GC(8111)   region size 1024K, 1 young (1024K), 1 survivors (1024K)
[2020-12-15T11:44:06.018-0500][gc,heap        ] GC(8111)  Metaspace       used 49404K, capacity 51450K, committed 53248K, reserved 1093632K
[2020-12-15T11:44:06.018-0500][gc,heap        ] GC(8111)   class space    used 7386K, capacity 8097K, committed 8704K, reserved 1048576K
[2020-12-15T11:44:06.018-0500][gc             ] GC(8111) Pause Young (Concurrent Start) (G1 Evacuation Pause) 52M->42M(65M) 4.287ms
[2020-12-15T11:44:06.018-0500][gc,cpu         ] GC(8111) User=0.01s Sys=0.00s Real=0.01s
[2020-12-15T11:44:06.018-0500][gc             ] GC(8112) Concurrent Cycle
[2020-12-15T11:44:06.018-0500][gc,marking     ] GC(8112) Concurrent Clear Claimed Marks
[2020-12-15T11:44:06.018-0500][gc,marking     ] GC(8112) Concurrent Clear Claimed Marks 0.082ms
[2020-12-15T11:44:06.018-0500][gc,marking     ] GC(8112) Concurrent Scan Root Regions
[2020-12-15T11:44:06.019-0500][gc,marking     ] GC(8112) Concurrent Scan Root Regions 0.801ms
[2020-12-15T11:44:06.019-0500][gc,marking     ] GC(8112) Concurrent Mark (500843.406s)
[2020-12-15T11:44:06.019-0500][gc,marking     ] GC(8112) Concurrent Mark From Roots
[2020-12-15T11:44:06.019-0500][gc,task        ] GC(8112) Using 2 workers of 2 for marking
[2020-12-15T11:44:06.103-0500][gc,marking     ] GC(8112) Concurrent Mark From Roots 84.434ms
[2020-12-15T11:44:06.103-0500][gc,marking     ] GC(8112) Concurrent Preclean
[2020-12-15T11:44:06.104-0500][gc,marking     ] GC(8112) Concurrent Preclean 0.385ms
[2020-12-15T11:44:06.104-0500][gc,marking     ] GC(8112) Concurrent Mark (500843.406s, 500843.491s) 84.985ms
[2020-12-15T11:44:06.104-0500][gc,start       ] GC(8112) Pause Remark
[2020-12-15T11:44:06.126-0500][gc,stringtable ] GC(8112) Cleaned string and symbol table, strings: 32749 processed, 0 removed, symbols: 120723 processed, 0 removed
[2020-12-15T11:44:06.127-0500][gc             ] GC(8112) Pause Remark 42M->42M(65M) 22.318ms
[2020-12-15T11:44:06.127-0500][gc,cpu         ] GC(8112) User=0.12s Sys=0.00s Real=0.02s
[2020-12-15T11:44:06.127-0500][gc,marking     ] GC(8112) Concurrent Rebuild Remembered Sets
[2020-12-15T11:44:06.191-0500][gc,marking     ] GC(8112) Concurrent Rebuild Remembered Sets 64.108ms
[2020-12-15T11:44:06.207-0500][gc,start       ] GC(8112) Pause Cleanup
[2020-12-15T11:44:06.208-0500][gc             ] GC(8112) Pause Cleanup 42M->42M(65M) 0.660ms
[2020-12-15T11:44:06.208-0500][gc,cpu         ] GC(8112) User=0.00s Sys=0.00s Real=0.01s
[2020-12-15T11:44:06.208-0500][gc,marking     ] GC(8112) Concurrent Cleanup for Next Mark
[2020-12-15T11:44:06.211-0500][gc,marking     ] GC(8112) Concurrent Cleanup for Next Mark 2.728ms
[2020-12-15T11:44:06.211-0500][gc             ] GC(8112) Concurrent Cycle 192.941ms
[2020-12-15T11:44:55.564-0500][gc,heap        ] GC(8113) Heap before GC invocations=8113 (full 1670): garbage-first heap   total 66560K, used 53619K [0x0000000083000000, 0x0000000100000000)
[2020-12-15T11:44:55.564-0500][gc,heap        ] GC(8113)   region size 1024K, 11 young (11264K), 1 survivors (1024K)
[2020-12-15T11:44:55.564-0500][gc,heap        ] GC(8113)  Metaspace       used 49404K, capacity 51450K, committed 53248K, reserved 1093632K
[2020-12-15T11:44:55.564-0500][gc,heap        ] GC(8113)   class space    used 7386K, capacity 8097K, committed 8704K, reserved 1048576K
[2020-12-15T11:44:55.564-0500][gc,start       ] GC(8113) Pause Young (Normal) (G1 Evacuation Pause)
[2020-12-15T11:44:55.564-0500][gc,task        ] GC(8113) Using 8 workers of 8 for evacuation
[2020-12-15T11:44:55.577-0500][gc,phases      ] GC(8113)   Pre Evacuate Collection Set: 0.0ms
[2020-12-15T11:44:55.577-0500][gc,phases      ] GC(8113)   Evacuate Collection Set: 10.4ms
[2020-12-15T11:44:55.577-0500][gc,phases      ] GC(8113)   Post Evacuate Collection Set: 2.7ms
[2020-12-15T11:44:55.577-0500][gc,phases      ] GC(8113)   Other: 0.3ms
[2020-12-15T11:44:55.577-0500][gc,heap        ] GC(8113) Eden regions: 10->0(10)
[2020-12-15T11:44:55.577-0500][gc,heap        ] GC(8113) Survivor regions: 1->1(2)
[2020-12-15T11:44:55.577-0500][gc,heap        ] GC(8113) Old regions: 42->42
[2020-12-15T11:44:55.577-0500][gc,heap        ] GC(8113) Humongous regions: 4->4
[2020-12-15T11:44:55.577-0500][gc,metaspace   ] GC(8113) Metaspace: 49404K->49404K(1093632K)
[2020-12-15T11:44:55.577-0500][gc,heap        ] GC(8113) Heap after GC invocations=8114 (full 1670): garbage-first heap   total 66560K, used 43420K [0x0000000083000000, 0x0000000100000000)
[2020-12-15T11:44:55.577-0500][gc,heap        ] GC(8113)   region size 1024K, 1 young (1024K), 1 survivors (1024K)
[2020-12-15T11:44:55.577-0500][gc,heap        ] GC(8113)  Metaspace       used 49404K, capacity 51450K, committed 53248K, reserved 1093632K
[2020-12-15T11:44:55.577-0500][gc,heap        ] GC(8113)   class space    used 7386K, capacity 8097K, committed 8704K, reserved 1048576K
[2020-12-15T11:44:55.577-0500][gc             ] GC(8113) Pause Young (Normal) (G1 Evacuation Pause) 52M->42M(65M) 13.470ms
[2020-12-15T11:44:55.577-0500][gc,cpu         ] GC(8113) User=0.08s Sys=0.00s Real=0.01s
[2020-12-15T11:45:45.541-0500][gc,heap        ] GC(8114) Heap before GC invocations=8114 (full 1670): garbage-first heap   total 66560K, used 52636K [0x0000000083000000, 0x0000000100000000)
[2020-12-15T11:45:45.541-0500][gc,heap        ] GC(8114)   region size 1024K, 11 young (11264K), 1 survivors (1024K)
[2020-12-15T11:45:45.541-0500][gc,heap        ] GC(8114)  Metaspace       used 49404K, capacity 51450K, committed 53248K, reserved 1093632K
[2020-12-15T11:45:45.541-0500][gc,heap        ] GC(8114)   class space    used 7386K, capacity 8097K, committed 8704K, reserved 1048576K
[2020-12-15T11:45:45.541-0500][gc,start       ] GC(8114) Pause Young (Concurrent Start) (G1 Evacuation Pause)
[2020-12-15T11:45:45.541-0500][gc,task        ] GC(8114) Using 8 workers of 8 for evacuation
[2020-12-15T11:45:45.561-0500][gc,phases      ] GC(8114)   Pre Evacuate Collection Set: 0.2ms
[2020-12-15T11:45:45.561-0500][gc,phases      ] GC(8114)   Evacuate Collection Set: 2.6ms
[2020-12-15T11:45:45.561-0500][gc,phases      ] GC(8114)   Post Evacuate Collection Set: 16.6ms
[2020-12-15T11:45:45.561-0500][gc,phases      ] GC(8114)   Other: 0.4ms
[2020-12-15T11:45:45.561-0500][gc,heap        ] GC(8114) Eden regions: 10->0(10)
[2020-12-15T11:45:45.561-0500][gc,heap        ] GC(8114) Survivor regions: 1->1(2)
[2020-12-15T11:45:45.561-0500][gc,heap        ] GC(8114) Old regions: 42->42
[2020-12-15T11:45:45.561-0500][gc,heap        ] GC(8114) Humongous regions: 4->4
[2020-12-15T11:45:45.561-0500][gc,metaspace   ] GC(8114) Metaspace: 49404K->49404K(1093632K)
[2020-12-15T11:45:45.561-0500][gc,heap        ] GC(8114) Heap after GC invocations=8115 (full 1670): garbage-first heap   total 66560K, used 43517K [0x0000000083000000, 0x0000000100000000)
[2020-12-15T11:45:45.561-0500][gc,heap        ] GC(8114)   region size 1024K, 1 young (1024K), 1 survivors (1024K)
[2020-12-15T11:45:45.561-0500][gc,heap        ] GC(8114)  Metaspace       used 49404K, capacity 51450K, committed 53248K, reserved 1093632K
[2020-12-15T11:45:45.561-0500][gc,heap        ] GC(8114)   class space    used 7386K, capacity 8097K, committed 8704K, reserved 1048576K
[2020-12-15T11:45:45.561-0500][gc             ] GC(8114) Pause Young (Concurrent Start) (G1 Evacuation Pause) 52M->42M(65M) 19.845ms
[2020-12-15T11:45:45.561-0500][gc,cpu         ] GC(8114) User=0.10s Sys=0.00s Real=0.02s
[2020-12-15T11:45:45.561-0500][gc             ] GC(8115) Concurrent Cycle
[2020-12-15T11:45:45.561-0500][gc,marking     ] GC(8115) Concurrent Clear Claimed Marks
[2020-12-15T11:45:45.562-0500][gc,marking     ] GC(8115) Concurrent Clear Claimed Marks 0.280ms
[2020-12-15T11:45:45.562-0500][gc,marking     ] GC(8115) Concurrent Scan Root Regions
[2020-12-15T11:45:45.564-0500][gc,marking     ] GC(8115) Concurrent Scan Root Regions 2.143ms
[2020-12-15T11:45:45.564-0500][gc,marking     ] GC(8115) Concurrent Mark (500942.951s)
[2020-12-15T11:45:45.564-0500][gc,marking     ] GC(8115) Concurrent Mark From Roots
[2020-12-15T11:45:45.564-0500][gc,task        ] GC(8115) Using 2 workers of 2 for marking
[2020-12-15T11:45:45.645-0500][gc,marking     ] GC(8115) Concurrent Mark From Roots 81.536ms
[2020-12-15T11:45:45.645-0500][gc,marking     ] GC(8115) Concurrent Preclean
[2020-12-15T11:45:45.646-0500][gc,marking     ] GC(8115) Concurrent Preclean 0.270ms
[2020-12-15T11:45:45.646-0500][gc,marking     ] GC(8115) Concurrent Mark (500942.951s, 500943.033s) 81.918ms
[2020-12-15T11:45:45.646-0500][gc,start       ] GC(8115) Pause Remark
[2020-12-15T11:45:45.662-0500][gc,stringtable ] GC(8115) Cleaned string and symbol table, strings: 32749 processed, 0 removed, symbols: 120723 processed, 0 removed
[2020-12-15T11:45:45.663-0500][gc             ] GC(8115) Pause Remark 43M->43M(65M) 16.324ms
[2020-12-15T11:45:45.663-0500][gc,cpu         ] GC(8115) User=0.08s Sys=0.00s Real=0.02s
[2020-12-15T11:45:45.663-0500][gc,marking     ] GC(8115) Concurrent Rebuild Remembered Sets
[2020-12-15T11:45:45.699-0500][gc,marking     ] GC(8115) Concurrent Rebuild Remembered Sets 36.378ms
[2020-12-15T11:45:45.702-0500][gc,start       ] GC(8115) Pause Cleanup
[2020-12-15T11:45:45.706-0500][gc             ] GC(8115) Pause Cleanup 43M->43M(65M) 3.898ms
[2020-12-15T11:45:45.706-0500][gc,cpu         ] GC(8115) User=0.00s Sys=0.00s Real=0.00s
[2020-12-15T11:45:45.709-0500][gc,marking     ] GC(8115) Concurrent Cleanup for Next Mark
[2020-12-15T11:45:45.711-0500][gc,marking     ] GC(8115) Concurrent Cleanup for Next Mark 1.620ms
[2020-12-15T11:45:45.711-0500][gc             ] GC(8115) Concurrent Cycle 149.385ms
[2020-12-15T11:46:35.540-0500][gc,heap        ] GC(8116) Heap before GC invocations=8116 (full 1670): garbage-first heap   total 66560K, used 52733K [0x0000000083000000, 0x0000000100000000)
[2020-12-15T11:46:35.540-0500][gc,heap        ] GC(8116)   region size 1024K, 11 young (11264K), 1 survivors (1024K)
[2020-12-15T11:46:35.540-0500][gc,heap        ] GC(8116)  Metaspace       used 49404K, capacity 51450K, committed 53248K, reserved 1093632K
[2020-12-15T11:46:35.540-0500][gc,heap        ] GC(8116)   class space    used 7386K, capacity 8097K, committed 8704K, reserved 1048576K
[2020-12-15T11:46:35.540-0500][gc,start       ] GC(8116) Pause Young (Normal) (G1 Evacuation Pause)
[2020-12-15T11:46:35.540-0500][gc,task        ] GC(8116) Using 8 workers of 8 for evacuation
[2020-12-15T11:46:35.576-0500][gc,phases      ] GC(8116)   Pre Evacuate Collection Set: 0.0ms
[2020-12-15T11:46:35.576-0500][gc,phases      ] GC(8116)   Evacuate Collection Set: 1.9ms
[2020-12-15T11:46:35.576-0500][gc,phases      ] GC(8116)   Post Evacuate Collection Set: 33.3ms
[2020-12-15T11:46:35.576-0500][gc,phases      ] GC(8116)   Other: 0.3ms
[2020-12-15T11:46:35.576-0500][gc,heap        ] GC(8116) Eden regions: 10->0(10)
[2020-12-15T11:46:35.576-0500][gc,heap        ] GC(8116) Survivor regions: 1->1(2)
[2020-12-15T11:46:35.576-0500][gc,heap        ] GC(8116) Old regions: 42->42
[2020-12-15T11:46:35.576-0500][gc,heap        ] GC(8116) Humongous regions: 4->4
[2020-12-15T11:46:35.576-0500][gc,metaspace   ] GC(8116) Metaspace: 49404K->49404K(1093632K)
[2020-12-15T11:46:35.576-0500][gc,heap        ] GC(8116) Heap after GC invocations=8117 (full 1670): garbage-first heap   total 66560K, used 43522K [0x0000000083000000, 0x0000000100000000)
[2020-12-15T11:46:35.576-0500][gc,heap        ] GC(8116)   region size 1024K, 1 young (1024K), 1 survivors (1024K)
[2020-12-15T11:46:35.576-0500][gc,heap        ] GC(8116)  Metaspace       used 49404K, capacity 51450K, committed 53248K, reserved 1093632K
[2020-12-15T11:46:35.576-0500][gc,heap        ] GC(8116)   class space    used 7386K, capacity 8097K, committed 8704K, reserved 1048576K
[2020-12-15T11:46:35.576-0500][gc             ] GC(8116) Pause Young (Normal) (G1 Evacuation Pause) 52M->42M(65M) 35.691ms
[2020-12-15T11:46:35.576-0500][gc,cpu         ] GC(8116) User=0.19s Sys=0.00s Real=0.03s
[2020-12-15T11:46:45.190-0500][gc,task        ] GC(8117) Using 5 workers of 8 for full compaction
[2020-12-15T11:46:45.190-0500][gc,start       ] GC(8117) Pause Full (System.gc())
[2020-12-15T11:46:45.190-0500][gc,heap        ] GC(8117) Heap before GC invocations=8117 (full 1670): garbage-first heap   total 66560K, used 44546K [0x0000000083000000, 0x0000000100000000)
[2020-12-15T11:46:45.190-0500][gc,heap        ] GC(8117)   region size 1024K, 3 young (3072K), 1 survivors (1024K)
[2020-12-15T11:46:45.190-0500][gc,heap        ] GC(8117)  Metaspace       used 49404K, capacity 51450K, committed 53248K, reserved 1093632K
[2020-12-15T11:46:45.190-0500][gc,heap        ] GC(8117)   class space    used 7386K, capacity 8097K, committed 8704K, reserved 1048576K
[2020-12-15T11:46:45.191-0500][gc,phases,start] GC(8117) Phase 1: Mark live objects
[2020-12-15T11:46:45.229-0500][gc,stringtable ] GC(8117) Cleaned string and symbol table, strings: 32749 processed, 5 removed, symbols: 120723 processed, 0 removed
[2020-12-15T11:46:45.229-0500][gc,phases      ] GC(8117) Phase 1: Mark live objects 38.100ms
[2020-12-15T11:46:45.229-0500][gc,phases,start] GC(8117) Phase 2: Prepare for compaction
[2020-12-15T11:46:45.240-0500][gc,phases      ] GC(8117) Phase 2: Prepare for compaction 10.455ms
[2020-12-15T11:46:45.240-0500][gc,phases,start] GC(8117) Phase 3: Adjust pointers
[2020-12-15T11:46:45.264-0500][gc,phases      ] GC(8117) Phase 3: Adjust pointers 24.676ms
[2020-12-15T11:46:45.264-0500][gc,phases,start] GC(8117) Phase 4: Compact heap
[2020-12-15T11:46:45.268-0500][gc,phases      ] GC(8117) Phase 4: Compact heap 3.538ms
[2020-12-15T11:46:45.281-0500][gc,heap        ] GC(8117) Eden regions: 2->0(11)
[2020-12-15T11:46:45.281-0500][gc,heap        ] GC(8117) Survivor regions: 1->0(2)
[2020-12-15T11:46:45.281-0500][gc,heap        ] GC(8117) Old regions: 42->42
[2020-12-15T11:46:45.281-0500][gc,heap        ] GC(8117) Humongous regions: 4->4
[2020-12-15T11:46:45.281-0500][gc,metaspace   ] GC(8117) Metaspace: 49404K->49404K(1093632K)
[2020-12-15T11:46:45.282-0500][gc,heap        ] GC(8117) Heap after GC invocations=8118 (full 1671): garbage-first heap   total 66560K, used 43259K [0x0000000083000000, 0x0000000100000000)
[2020-12-15T11:46:45.282-0500][gc,heap        ] GC(8117)   region size 1024K, 0 young (0K), 0 survivors (0K)
[2020-12-15T11:46:45.282-0500][gc,heap        ] GC(8117)  Metaspace       used 49404K, capacity 51450K, committed 53248K, reserved 1093632K
[2020-12-15T11:46:45.282-0500][gc,heap        ] GC(8117)   class space    used 7386K, capacity 8097K, committed 8704K, reserved 1048576K
[2020-12-15T11:46:45.282-0500][gc             ] GC(8117) Pause Full (System.gc()) 43M->42M(65M) 91.243ms
[2020-12-15T11:46:45.282-0500][gc,cpu         ] GC(8117) User=0.35s Sys=0.00s Real=0.09s
[2020-12-15T11:47:35.537-0500][gc,heap        ] GC(8118) Heap before GC invocations=8118 (full 1671): garbage-first heap   total 66560K, used 53499K [0x0000000083000000, 0x0000000100000000)
[2020-12-15T11:47:35.537-0500][gc,heap        ] GC(8118)   region size 1024K, 11 young (11264K), 0 survivors (0K)
[2020-12-15T11:47:35.537-0500][gc,heap        ] GC(8118)  Metaspace       used 49404K, capacity 51450K, committed 53248K, reserved 1093632K
[2020-12-15T11:47:35.537-0500][gc,heap        ] GC(8118)   class space    used 7386K, capacity 8097K, committed 8704K, reserved 1048576K
[2020-12-15T11:47:35.537-0500][gc,start       ] GC(8118) Pause Young (Concurrent Start) (G1 Evacuation Pause)
[2020-12-15T11:47:35.537-0500][gc,task        ] GC(8118) Using 8 workers of 8 for evacuation
[2020-12-15T11:47:35.542-0500][gc,phases      ] GC(8118)   Pre Evacuate Collection Set: 0.2ms
[2020-12-15T11:47:35.542-0500][gc,phases      ] GC(8118)   Evacuate Collection Set: 1.6ms
[2020-12-15T11:47:35.542-0500][gc,phases      ] GC(8118)   Post Evacuate Collection Set: 2.2ms
[2020-12-15T11:47:35.542-0500][gc,phases      ] GC(8118)   Other: 0.4ms
[2020-12-15T11:47:35.542-0500][gc,heap        ] GC(8118) Eden regions: 11->0(10)
[2020-12-15T11:47:35.542-0500][gc,heap        ] GC(8118) Survivor regions: 0->1(2)
[2020-12-15T11:47:35.542-0500][gc,heap        ] GC(8118) Old regions: 42->42
[2020-12-15T11:47:35.542-0500][gc,heap        ] GC(8118) Humongous regions: 4->4
[2020-12-15T11:47:35.542-0500][gc,metaspace   ] GC(8118) Metaspace: 49404K->49404K(1093632K)
[2020-12-15T11:47:35.542-0500][gc,heap        ] GC(8118) Heap after GC invocations=8119 (full 1671): garbage-first heap   total 66560K, used 43488K [0x0000000083000000, 0x0000000100000000)
[2020-12-15T11:47:35.542-0500][gc,heap        ] GC(8118)   region size 1024K, 1 young (1024K), 1 survivors (1024K)
[2020-12-15T11:47:35.542-0500][gc,heap        ] GC(8118)  Metaspace       used 49404K, capacity 51450K, committed 53248K, reserved 1093632K
[2020-12-15T11:47:35.542-0500][gc,heap        ] GC(8118)   class space    used 7386K, capacity 8097K, committed 8704K, reserved 1048576K
[2020-12-15T11:47:35.542-0500][gc             ] GC(8118) Pause Young (Concurrent Start) (G1 Evacuation Pause) 53M->42M(65M) 4.417ms
[2020-12-15T11:47:35.542-0500][gc,cpu         ] GC(8118) User=0.01s Sys=0.00s Real=0.01s
[2020-12-15T11:47:35.542-0500][gc             ] GC(8119) Concurrent Cycle
[2020-12-15T11:47:35.542-0500][gc,marking     ] GC(8119) Concurrent Clear Claimed Marks
[2020-12-15T11:47:35.542-0500][gc,marking     ] GC(8119) Concurrent Clear Claimed Marks 0.179ms
[2020-12-15T11:47:35.542-0500][gc,marking     ] GC(8119) Concurrent Scan Root Regions
[2020-12-15T11:47:35.543-0500][gc,marking     ] GC(8119) Concurrent Scan Root Regions 1.161ms
[2020-12-15T11:47:35.543-0500][gc,marking     ] GC(8119) Concurrent Mark (501052.931s)
[2020-12-15T11:47:35.543-0500][gc,marking     ] GC(8119) Concurrent Mark From Roots
[2020-12-15T11:47:35.543-0500][gc,task        ] GC(8119) Using 2 workers of 2 for marking
[2020-12-15T11:47:35.637-0500][gc,marking     ] GC(8119) Concurrent Mark From Roots 93.927ms
[2020-12-15T11:47:35.637-0500][gc,marking     ] GC(8119) Concurrent Preclean
[2020-12-15T11:47:35.638-0500][gc,marking     ] GC(8119) Concurrent Preclean 0.182ms
[2020-12-15T11:47:35.638-0500][gc,marking     ] GC(8119) Concurrent Mark (501052.931s, 501053.025s) 94.202ms
[2020-12-15T11:47:35.638-0500][gc,start       ] GC(8119) Pause Remark
[2020-12-15T11:47:35.651-0500][gc,stringtable ] GC(8119) Cleaned string and symbol table, strings: 32749 processed, 0 removed, symbols: 120723 processed, 0 removed
[2020-12-15T11:47:35.652-0500][gc             ] GC(8119) Pause Remark 43M->43M(65M) 14.006ms
[2020-12-15T11:47:35.652-0500][gc,cpu         ] GC(8119) User=0.09s Sys=0.00s Real=0.01s
[2020-12-15T11:47:35.652-0500][gc,marking     ] GC(8119) Concurrent Rebuild Remembered Sets
[2020-12-15T11:47:35.681-0500][gc,marking     ] GC(8119) Concurrent Rebuild Remembered Sets 28.370ms
[2020-12-15T11:47:35.681-0500][gc,start       ] GC(8119) Pause Cleanup
[2020-12-15T11:47:35.681-0500][gc             ] GC(8119) Pause Cleanup 43M->43M(65M) 0.255ms
[2020-12-15T11:47:35.681-0500][gc,cpu         ] GC(8119) User=0.00s Sys=0.00s Real=0.00s
[2020-12-15T11:47:35.681-0500][gc,marking     ] GC(8119) Concurrent Cleanup for Next Mark
[2020-12-15T11:47:35.682-0500][gc,marking     ] GC(8119) Concurrent Cleanup for Next Mark 0.253ms
[2020-12-15T11:47:35.682-0500][gc             ] GC(8119) Concurrent Cycle 139.760ms
[2020-12-15T11:48:25.538-0500][gc,heap        ] GC(8120) Heap before GC invocations=8120 (full 1671): garbage-first heap   total 66560K, used 53728K [0x0000000083000000, 0x0000000100000000)
[2020-12-15T11:48:25.538-0500][gc,heap        ] GC(8120)   region size 1024K, 11 young (11264K), 1 survivors (1024K)
[2020-12-15T11:48:25.538-0500][gc,heap        ] GC(8120)  Metaspace       used 49404K, capacity 51450K, committed 53248K, reserved 1093632K
[2020-12-15T11:48:25.538-0500][gc,heap        ] GC(8120)   class space    used 7386K, capacity 8097K, committed 8704K, reserved 1048576K
[2020-12-15T11:48:25.538-0500][gc,start       ] GC(8120) Pause Young (Normal) (G1 Evacuation Pause)
[2020-12-15T11:48:25.538-0500][gc,task        ] GC(8120) Using 8 workers of 8 for evacuation
[2020-12-15T11:48:25.547-0500][gc,phases      ] GC(8120)   Pre Evacuate Collection Set: 0.0ms
[2020-12-15T11:48:25.547-0500][gc,phases      ] GC(8120)   Evacuate Collection Set: 7.8ms
[2020-12-15T11:48:25.547-0500][gc,phases      ] GC(8120)   Post Evacuate Collection Set: 1.5ms
[2020-12-15T11:48:25.547-0500][gc,phases      ] GC(8120)   Other: 0.3ms
[2020-12-15T11:48:25.547-0500][gc,heap        ] GC(8120) Eden regions: 10->0(10)
[2020-12-15T11:48:25.547-0500][gc,heap        ] GC(8120) Survivor regions: 1->1(2)
[2020-12-15T11:48:25.547-0500][gc,heap        ] GC(8120) Old regions: 42->42
[2020-12-15T11:48:25.547-0500][gc,heap        ] GC(8120) Humongous regions: 4->4
[2020-12-15T11:48:25.547-0500][gc,metaspace   ] GC(8120) Metaspace: 49404K->49404K(1093632K)
[2020-12-15T11:48:25.547-0500][gc,heap        ] GC(8120) Heap after GC invocations=8121 (full 1671): garbage-first heap   total 66560K, used 43471K [0x0000000083000000, 0x0000000100000000)
[2020-12-15T11:48:25.547-0500][gc,heap        ] GC(8120)   region size 1024K, 1 young (1024K), 1 survivors (1024K)
[2020-12-15T11:48:25.547-0500][gc,heap        ] GC(8120)  Metaspace       used 49404K, capacity 51450K, committed 53248K, reserved 1093632K
[2020-12-15T11:48:25.547-0500][gc,heap        ] GC(8120)   class space    used 7386K, capacity 8097K, committed 8704K, reserved 1048576K
[2020-12-15T11:48:25.547-0500][gc             ] GC(8120) Pause Young (Normal) (G1 Evacuation Pause) 52M->42M(65M) 9.697ms
[2020-12-15T11:48:25.548-0500][gc,cpu         ] GC(8120) User=0.05s Sys=0.00s Real=0.00s
[2020-12-15T11:49:14.108-0500][gc,heap        ] GC(8121) Heap before GC invocations=8121 (full 1671): garbage-first heap   total 66560K, used 52687K [0x0000000083000000, 0x0000000100000000)
[2020-12-15T11:49:14.108-0500][gc,heap        ] GC(8121)   region size 1024K, 11 young (11264K), 1 survivors (1024K)
[2020-12-15T11:49:14.108-0500][gc,heap        ] GC(8121)  Metaspace       used 49404K, capacity 51450K, committed 53248K, reserved 1093632K
[2020-12-15T11:49:14.108-0500][gc,heap        ] GC(8121)   class space    used 7386K, capacity 8097K, committed 8704K, reserved 1048576K
[2020-12-15T11:49:14.108-0500][gc,start       ] GC(8121) Pause Young (Concurrent Start) (G1 Evacuation Pause)
[2020-12-15T11:49:14.109-0500][gc,task        ] GC(8121) Using 8 workers of 8 for evacuation
[2020-12-15T11:49:14.140-0500][gc,phases      ] GC(8121)   Pre Evacuate Collection Set: 0.2ms
[2020-12-15T11:49:14.140-0500][gc,phases      ] GC(8121)   Evacuate Collection Set: 14.6ms
[2020-12-15T11:49:14.140-0500][gc,phases      ] GC(8121)   Post Evacuate Collection Set: 16.6ms
[2020-12-15T11:49:14.140-0500][gc,phases      ] GC(8121)   Other: 0.5ms
[2020-12-15T11:49:14.140-0500][gc,heap        ] GC(8121) Eden regions: 10->0(10)
[2020-12-15T11:49:14.140-0500][gc,heap        ] GC(8121) Survivor regions: 1->1(2)
[2020-12-15T11:49:14.140-0500][gc,heap        ] GC(8121) Old regions: 42->42
[2020-12-15T11:49:14.140-0500][gc,heap        ] GC(8121) Humongous regions: 4->4
[2020-12-15T11:49:14.140-0500][gc,metaspace   ] GC(8121) Metaspace: 49404K->49404K(1093632K)
[2020-12-15T11:49:14.140-0500][gc,heap        ] GC(8121) Heap after GC invocations=8122 (full 1671): garbage-first heap   total 66560K, used 43344K [0x0000000083000000, 0x0000000100000000)
[2020-12-15T11:49:14.140-0500][gc,heap        ] GC(8121)   region size 1024K, 1 young (1024K), 1 survivors (1024K)
[2020-12-15T11:49:14.141-0500][gc,heap        ] GC(8121)  Metaspace       used 49404K, capacity 51450K, committed 53248K, reserved 1093632K
[2020-12-15T11:49:14.141-0500][gc,heap        ] GC(8121)   class space    used 7386K, capacity 8097K, committed 8704K, reserved 1048576K
[2020-12-15T11:49:14.141-0500][gc             ] GC(8121) Pause Young (Concurrent Start) (G1 Evacuation Pause) 52M->42M(65M) 32.076ms
[2020-12-15T11:49:14.141-0500][gc,cpu         ] GC(8121) User=0.19s Sys=0.00s Real=0.03s
[2020-12-15T11:49:14.141-0500][gc             ] GC(8122) Concurrent Cycle
[2020-12-15T11:49:14.141-0500][gc,marking     ] GC(8122) Concurrent Clear Claimed Marks
[2020-12-15T11:49:14.141-0500][gc,marking     ] GC(8122) Concurrent Clear Claimed Marks 0.200ms
[2020-12-15T11:49:14.141-0500][gc,marking     ] GC(8122) Concurrent Scan Root Regions
[2020-12-15T11:49:14.142-0500][gc,marking     ] GC(8122) Concurrent Scan Root Regions 1.137ms
[2020-12-15T11:49:14.142-0500][gc,marking     ] GC(8122) Concurrent Mark (501151.529s)
[2020-12-15T11:49:14.142-0500][gc,marking     ] GC(8122) Concurrent Mark From Roots
[2020-12-15T11:49:14.142-0500][gc,task        ] GC(8122) Using 2 workers of 2 for marking
[2020-12-15T11:49:14.242-0500][gc,marking     ] GC(8122) Concurrent Mark From Roots 99.903ms
[2020-12-15T11:49:14.242-0500][gc,marking     ] GC(8122) Concurrent Preclean
[2020-12-15T11:49:14.243-0500][gc,marking     ] GC(8122) Concurrent Preclean 0.498ms
[2020-12-15T11:49:14.243-0500][gc,marking     ] GC(8122) Concurrent Mark (501151.529s, 501151.630s) 100.638ms
[2020-12-15T11:49:14.244-0500][gc,start       ] GC(8122) Pause Remark
[2020-12-15T11:49:14.292-0500][gc,stringtable ] GC(8122) Cleaned string and symbol table, strings: 32749 processed, 0 removed, symbols: 120723 processed, 0 removed
[2020-12-15T11:49:14.312-0500][gc             ] GC(8122) Pause Remark 42M->42M(65M) 67.547ms
[2020-12-15T11:49:14.312-0500][gc,cpu         ] GC(8122) User=0.32s Sys=0.00s Real=0.07s
[2020-12-15T11:49:14.312-0500][gc,marking     ] GC(8122) Concurrent Rebuild Remembered Sets
[2020-12-15T11:49:14.356-0500][gc,marking     ] GC(8122) Concurrent Rebuild Remembered Sets 44.111ms
[2020-12-15T11:49:14.358-0500][gc,start       ] GC(8122) Pause Cleanup
[2020-12-15T11:49:14.359-0500][gc             ] GC(8122) Pause Cleanup 42M->42M(65M) 1.228ms
[2020-12-15T11:49:14.360-0500][gc,cpu         ] GC(8122) User=0.00s Sys=0.00s Real=0.00s
[2020-12-15T11:49:14.360-0500][gc,marking     ] GC(8122) Concurrent Cleanup for Next Mark
[2020-12-15T11:49:14.360-0500][gc,marking     ] GC(8122) Concurrent Cleanup for Next Mark 0.282ms
[2020-12-15T11:49:14.360-0500][gc             ] GC(8122) Concurrent Cycle 219.073ms
[2020-12-15T11:49:56.012-0500][gc,heap        ] GC(8123) Heap before GC invocations=8123 (full 1671): garbage-first heap   total 66560K, used 52560K [0x0000000083000000, 0x0000000100000000)
[2020-12-15T11:49:56.012-0500][gc,heap        ] GC(8123)   region size 1024K, 11 young (11264K), 1 survivors (1024K)
[2020-12-15T11:49:56.012-0500][gc,heap        ] GC(8123)  Metaspace       used 49404K, capacity 51450K, committed 53248K, reserved 1093632K
[2020-12-15T11:49:56.012-0500][gc,heap        ] GC(8123)   class space    used 7386K, capacity 8097K, committed 8704K, reserved 1048576K
[2020-12-15T11:49:56.013-0500][gc,start       ] GC(8123) Pause Young (Normal) (G1 Evacuation Pause)
[2020-12-15T11:49:56.013-0500][gc,task        ] GC(8123) Using 8 workers of 8 for evacuation
[2020-12-15T11:49:56.042-0500][gc,phases      ] GC(8123)   Pre Evacuate Collection Set: 0.0ms
[2020-12-15T11:49:56.042-0500][gc,phases      ] GC(8123)   Evacuate Collection Set: 11.2ms
[2020-12-15T11:49:56.042-0500][gc,phases      ] GC(8123)   Post Evacuate Collection Set: 18.3ms
[2020-12-15T11:49:56.042-0500][gc,phases      ] GC(8123)   Other: 0.5ms
[2020-12-15T11:49:56.042-0500][gc,heap        ] GC(8123) Eden regions: 10->0(10)
[2020-12-15T11:49:56.042-0500][gc,heap        ] GC(8123) Survivor regions: 1->1(2)
[2020-12-15T11:49:56.042-0500][gc,heap        ] GC(8123) Old regions: 42->42
[2020-12-15T11:49:56.042-0500][gc,heap        ] GC(8123) Humongous regions: 4->4
[2020-12-15T11:49:56.043-0500][gc,metaspace   ] GC(8123) Metaspace: 49404K->49404K(1093632K)
[2020-12-15T11:49:56.043-0500][gc,heap        ] GC(8123) Heap after GC invocations=8124 (full 1671): garbage-first heap   total 66560K, used 43353K [0x0000000083000000, 0x0000000100000000)
[2020-12-15T11:49:56.043-0500][gc,heap        ] GC(8123)   region size 1024K, 1 young (1024K), 1 survivors (1024K)
[2020-12-15T11:49:56.043-0500][gc,heap        ] GC(8123)  Metaspace       used 49404K, capacity 51450K, committed 53248K, reserved 1093632K
[2020-12-15T11:49:56.043-0500][gc,heap        ] GC(8123)   class space    used 7386K, capacity 8097K, committed 8704K, reserved 1048576K
[2020-12-15T11:49:56.043-0500][gc             ] GC(8123) Pause Young (Normal) (G1 Evacuation Pause) 52M->42M(65M) 30.067ms
[2020-12-15T11:49:56.043-0500][gc,cpu         ] GC(8123) User=0.17s Sys=0.00s Real=0.03s
[2020-12-15T11:50:46.011-0500][gc,heap        ] GC(8124) Heap before GC invocations=8124 (full 1671): garbage-first heap   total 66560K, used 53593K [0x0000000083000000, 0x0000000100000000)
[2020-12-15T11:50:46.011-0500][gc,heap        ] GC(8124)   region size 1024K, 11 young (11264K), 1 survivors (1024K)
[2020-12-15T11:50:46.011-0500][gc,heap        ] GC(8124)  Metaspace       used 49404K, capacity 51450K, committed 53248K, reserved 1093632K
[2020-12-15T11:50:46.011-0500][gc,heap        ] GC(8124)   class space    used 7386K, capacity 8097K, committed 8704K, reserved 1048576K
[2020-12-15T11:50:46.011-0500][gc,start       ] GC(8124) Pause Young (Concurrent Start) (G1 Evacuation Pause)
[2020-12-15T11:50:46.011-0500][gc,task        ] GC(8124) Using 8 workers of 8 for evacuation
[2020-12-15T11:50:46.048-0500][gc,phases      ] GC(8124)   Pre Evacuate Collection Set: 0.2ms
[2020-12-15T11:50:46.048-0500][gc,phases      ] GC(8124)   Evacuate Collection Set: 33.5ms
[2020-12-15T11:50:46.048-0500][gc,phases      ] GC(8124)   Post Evacuate Collection Set: 3.1ms
[2020-12-15T11:50:46.048-0500][gc,phases      ] GC(8124)   Other: 0.4ms
[2020-12-15T11:50:46.048-0500][gc,heap        ] GC(8124) Eden regions: 10->0(10)
[2020-12-15T11:50:46.048-0500][gc,heap        ] GC(8124) Survivor regions: 1->1(2)
[2020-12-15T11:50:46.048-0500][gc,heap        ] GC(8124) Old regions: 42->42
[2020-12-15T11:50:46.048-0500][gc,heap        ] GC(8124) Humongous regions: 4->4
[2020-12-15T11:50:46.048-0500][gc,metaspace   ] GC(8124) Metaspace: 49404K->49404K(1093632K)
[2020-12-15T11:50:46.048-0500][gc,heap        ] GC(8124) Heap after GC invocations=8125 (full 1671): garbage-first heap   total 66560K, used 43376K [0x0000000083000000, 0x0000000100000000)
[2020-12-15T11:50:46.048-0500][gc,heap        ] GC(8124)   region size 1024K, 1 young (1024K), 1 survivors (1024K)
[2020-12-15T11:50:46.048-0500][gc,heap        ] GC(8124)  Metaspace       used 49404K, capacity 51450K, committed 53248K, reserved 1093632K
[2020-12-15T11:50:46.048-0500][gc,heap        ] GC(8124)   class space    used 7386K, capacity 8097K, committed 8704K, reserved 1048576K
[2020-12-15T11:50:46.048-0500][gc             ] GC(8124) Pause Young (Concurrent Start) (G1 Evacuation Pause) 52M->42M(65M) 37.158ms
[2020-12-15T11:50:46.048-0500][gc,cpu         ] GC(8124) User=0.25s Sys=0.00s Real=0.04s
[2020-12-15T11:50:46.048-0500][gc             ] GC(8125) Concurrent Cycle
[2020-12-15T11:50:46.048-0500][gc,marking     ] GC(8125) Concurrent Clear Claimed Marks
[2020-12-15T11:50:46.049-0500][gc,marking     ] GC(8125) Concurrent Clear Claimed Marks 0.246ms
[2020-12-15T11:50:46.049-0500][gc,marking     ] GC(8125) Concurrent Scan Root Regions
[2020-12-15T11:50:46.052-0500][gc,marking     ] GC(8125) Concurrent Scan Root Regions 3.648ms
[2020-12-15T11:50:46.053-0500][gc,marking     ] GC(8125) Concurrent Mark (501243.440s)
[2020-12-15T11:50:46.053-0500][gc,marking     ] GC(8125) Concurrent Mark From Roots
[2020-12-15T11:50:46.053-0500][gc,task        ] GC(8125) Using 2 workers of 2 for marking
[2020-12-15T11:50:46.126-0500][gc,marking     ] GC(8125) Concurrent Mark From Roots 73.344ms
[2020-12-15T11:50:46.126-0500][gc,marking     ] GC(8125) Concurrent Preclean
[2020-12-15T11:50:46.126-0500][gc,marking     ] GC(8125) Concurrent Preclean 0.184ms
[2020-12-15T11:50:46.126-0500][gc,marking     ] GC(8125) Concurrent Mark (501243.440s, 501243.513s) 73.631ms
[2020-12-15T11:50:46.126-0500][gc,start       ] GC(8125) Pause Remark
[2020-12-15T11:50:46.133-0500][gc,stringtable ] GC(8125) Cleaned string and symbol table, strings: 32749 processed, 0 removed, symbols: 120723 processed, 0 removed
[2020-12-15T11:50:46.133-0500][gc             ] GC(8125) Pause Remark 42M->42M(65M) 6.878ms
[2020-12-15T11:50:46.133-0500][gc,cpu         ] GC(8125) User=0.04s Sys=0.00s Real=0.01s
[2020-12-15T11:50:46.133-0500][gc,marking     ] GC(8125) Concurrent Rebuild Remembered Sets
[2020-12-15T11:50:46.175-0500][gc,marking     ] GC(8125) Concurrent Rebuild Remembered Sets 41.316ms
[2020-12-15T11:50:46.175-0500][gc,start       ] GC(8125) Pause Cleanup
[2020-12-15T11:50:46.176-0500][gc             ] GC(8125) Pause Cleanup 42M->42M(65M) 0.265ms
[2020-12-15T11:50:46.176-0500][gc,cpu         ] GC(8125) User=0.01s Sys=0.00s Real=0.00s
[2020-12-15T11:50:46.176-0500][gc,marking     ] GC(8125) Concurrent Cleanup for Next Mark
[2020-12-15T11:50:46.176-0500][gc,marking     ] GC(8125) Concurrent Cleanup for Next Mark 0.214ms
[2020-12-15T11:50:46.176-0500][gc             ] GC(8125) Concurrent Cycle 127.741ms
[2020-12-15T11:51:35.539-0500][gc,heap        ] GC(8126) Heap before GC invocations=8126 (full 1671): garbage-first heap   total 66560K, used 52592K [0x0000000083000000, 0x0000000100000000)
[2020-12-15T11:51:35.540-0500][gc,heap        ] GC(8126)   region size 1024K, 11 young (11264K), 1 survivors (1024K)
[2020-12-15T11:51:35.540-0500][gc,heap        ] GC(8126)  Metaspace       used 49404K, capacity 51450K, committed 53248K, reserved 1093632K
[2020-12-15T11:51:35.540-0500][gc,heap        ] GC(8126)   class space    used 7386K, capacity 8097K, committed 8704K, reserved 1048576K
[2020-12-15T11:51:35.540-0500][gc,start       ] GC(8126) Pause Young (Normal) (G1 Evacuation Pause)
[2020-12-15T11:51:35.540-0500][gc,task        ] GC(8126) Using 8 workers of 8 for evacuation
[2020-12-15T11:51:35.543-0500][gc,phases      ] GC(8126)   Pre Evacuate Collection Set: 0.0ms
[2020-12-15T11:51:35.543-0500][gc,phases      ] GC(8126)   Evacuate Collection Set: 1.8ms
[2020-12-15T11:51:35.543-0500][gc,phases      ] GC(8126)   Post Evacuate Collection Set: 1.2ms
[2020-12-15T11:51:35.543-0500][gc,phases      ] GC(8126)   Other: 0.5ms
[2020-12-15T11:51:35.543-0500][gc,heap        ] GC(8126) Eden regions: 10->0(10)
[2020-12-15T11:51:35.543-0500][gc,heap        ] GC(8126) Survivor regions: 1->1(2)
[2020-12-15T11:51:35.543-0500][gc,heap        ] GC(8126) Old regions: 42->42
[2020-12-15T11:51:35.543-0500][gc,heap        ] GC(8126) Humongous regions: 4->4
[2020-12-15T11:51:35.543-0500][gc,metaspace   ] GC(8126) Metaspace: 49404K->49404K(1093632K)
[2020-12-15T11:51:35.543-0500][gc,heap        ] GC(8126) Heap after GC invocations=8127 (full 1671): garbage-first heap   total 66560K, used 43543K [0x0000000083000000, 0x0000000100000000)
[2020-12-15T11:51:35.543-0500][gc,heap        ] GC(8126)   region size 1024K, 1 young (1024K), 1 survivors (1024K)
[2020-12-15T11:51:35.543-0500][gc,heap        ] GC(8126)  Metaspace       used 49404K, capacity 51450K, committed 53248K, reserved 1093632K
[2020-12-15T11:51:35.543-0500][gc,heap        ] GC(8126)   class space    used 7386K, capacity 8097K, committed 8704K, reserved 1048576K
[2020-12-15T11:51:35.543-0500][gc             ] GC(8126) Pause Young (Normal) (G1 Evacuation Pause) 52M->42M(65M) 3.339ms
[2020-12-15T11:51:35.543-0500][gc,cpu         ] GC(8126) User=0.00s Sys=0.01s Real=0.00s
[2020-12-15T11:51:45.190-0500][gc,task        ] GC(8127) Using 5 workers of 8 for full compaction
[2020-12-15T11:51:45.190-0500][gc,start       ] GC(8127) Pause Full (System.gc())
[2020-12-15T11:51:45.190-0500][gc,heap        ] GC(8127) Heap before GC invocations=8127 (full 1671): garbage-first heap   total 66560K, used 44567K [0x0000000083000000, 0x0000000100000000)
[2020-12-15T11:51:45.190-0500][gc,heap        ] GC(8127)   region size 1024K, 3 young (3072K), 1 survivors (1024K)
[2020-12-15T11:51:45.190-0500][gc,heap        ] GC(8127)  Metaspace       used 49404K, capacity 51450K, committed 53248K, reserved 1093632K
[2020-12-15T11:51:45.190-0500][gc,heap        ] GC(8127)   class space    used 7386K, capacity 8097K, committed 8704K, reserved 1048576K
[2020-12-15T11:51:45.191-0500][gc,phases,start] GC(8127) Phase 1: Mark live objects
[2020-12-15T11:51:45.217-0500][gc,stringtable ] GC(8127) Cleaned string and symbol table, strings: 32749 processed, 5 removed, symbols: 120723 processed, 0 removed
[2020-12-15T11:51:45.217-0500][gc,phases      ] GC(8127) Phase 1: Mark live objects 26.751ms
[2020-12-15T11:51:45.217-0500][gc,phases,start] GC(8127) Phase 2: Prepare for compaction
[2020-12-15T11:51:45.223-0500][gc,phases      ] GC(8127) Phase 2: Prepare for compaction 5.287ms
[2020-12-15T11:51:45.223-0500][gc,phases,start] GC(8127) Phase 3: Adjust pointers
[2020-12-15T11:51:45.240-0500][gc,phases      ] GC(8127) Phase 3: Adjust pointers 17.578ms
[2020-12-15T11:51:45.240-0500][gc,phases,start] GC(8127) Phase 4: Compact heap
[2020-12-15T11:51:45.245-0500][gc,phases      ] GC(8127) Phase 4: Compact heap 5.008ms
[2020-12-15T11:51:45.254-0500][gc,heap        ] GC(8127) Eden regions: 2->0(12)
[2020-12-15T11:51:45.254-0500][gc,heap        ] GC(8127) Survivor regions: 1->0(2)
[2020-12-15T11:51:45.254-0500][gc,heap        ] GC(8127) Old regions: 42->41
[2020-12-15T11:51:45.254-0500][gc,heap        ] GC(8127) Humongous regions: 4->4
[2020-12-15T11:51:45.254-0500][gc,metaspace   ] GC(8127) Metaspace: 49404K->49404K(1093632K)
[2020-12-15T11:51:45.254-0500][gc,heap        ] GC(8127) Heap after GC invocations=8128 (full 1672): garbage-first heap   total 66560K, used 43259K [0x0000000083000000, 0x0000000100000000)
[2020-12-15T11:51:45.254-0500][gc,heap        ] GC(8127)   region size 1024K, 0 young (0K), 0 survivors (0K)
[2020-12-15T11:51:45.254-0500][gc,heap        ] GC(8127)  Metaspace       used 49404K, capacity 51450K, committed 53248K, reserved 1093632K
[2020-12-15T11:51:45.254-0500][gc,heap        ] GC(8127)   class space    used 7386K, capacity 8097K, committed 8704K, reserved 1048576K
[2020-12-15T11:51:45.254-0500][gc             ] GC(8127) Pause Full (System.gc()) 43M->42M(65M) 64.023ms
[2020-12-15T11:51:45.254-0500][gc,cpu         ] GC(8127) User=0.26s Sys=0.00s Real=0.06s
[2020-12-15T11:52:36.019-0500][gc,heap        ] GC(8128) Heap before GC invocations=8128 (full 1672): garbage-first heap   total 66560K, used 54523K [0x0000000083000000, 0x0000000100000000)
[2020-12-15T11:52:36.019-0500][gc,heap        ] GC(8128)   region size 1024K, 12 young (12288K), 0 survivors (0K)
[2020-12-15T11:52:36.019-0500][gc,heap        ] GC(8128)  Metaspace       used 49404K, capacity 51450K, committed 53248K, reserved 1093632K
[2020-12-15T11:52:36.019-0500][gc,heap        ] GC(8128)   class space    used 7386K, capacity 8097K, committed 8704K, reserved 1048576K
[2020-12-15T11:52:36.019-0500][gc,start       ] GC(8128) Pause Young (Concurrent Start) (G1 Evacuation Pause)
[2020-12-15T11:52:36.019-0500][gc,task        ] GC(8128) Using 8 workers of 8 for evacuation
[2020-12-15T11:52:36.024-0500][gc,phases      ] GC(8128)   Pre Evacuate Collection Set: 0.7ms
[2020-12-15T11:52:36.024-0500][gc,phases      ] GC(8128)   Evacuate Collection Set: 2.4ms
[2020-12-15T11:52:36.024-0500][gc,phases      ] GC(8128)   Post Evacuate Collection Set: 1.2ms
[2020-12-15T11:52:36.024-0500][gc,phases      ] GC(8128)   Other: 0.7ms
[2020-12-15T11:52:36.024-0500][gc,heap        ] GC(8128) Eden regions: 12->0(11)
[2020-12-15T11:52:36.024-0500][gc,heap        ] GC(8128) Survivor regions: 0->1(2)
[2020-12-15T11:52:36.024-0500][gc,heap        ] GC(8128) Old regions: 41->41
[2020-12-15T11:52:36.024-0500][gc,heap        ] GC(8128) Humongous regions: 4->4
[2020-12-15T11:52:36.024-0500][gc,metaspace   ] GC(8128) Metaspace: 49404K->49404K(1093632K)
[2020-12-15T11:52:36.024-0500][gc,heap        ] GC(8128) Heap after GC invocations=8129 (full 1672): garbage-first heap   total 66560K, used 43327K [0x0000000083000000, 0x0000000100000000)
[2020-12-15T11:52:36.024-0500][gc,heap        ] GC(8128)   region size 1024K, 1 young (1024K), 1 survivors (1024K)
[2020-12-15T11:52:36.024-0500][gc,heap        ] GC(8128)  Metaspace       used 49404K, capacity 51450K, committed 53248K, reserved 1093632K
[2020-12-15T11:52:36.024-0500][gc,heap        ] GC(8128)   class space    used 7386K, capacity 8097K, committed 8704K, reserved 1048576K
[2020-12-15T11:52:36.024-0500][gc             ] GC(8128) Pause Young (Concurrent Start) (G1 Evacuation Pause) 54M->42M(65M) 4.977ms
[2020-12-15T11:52:36.024-0500][gc,cpu         ] GC(8128) User=0.02s Sys=0.00s Real=0.00s
[2020-12-15T11:52:36.024-0500][gc             ] GC(8129) Concurrent Cycle
[2020-12-15T11:52:36.024-0500][gc,marking     ] GC(8129) Concurrent Clear Claimed Marks
[2020-12-15T11:52:36.024-0500][gc,marking     ] GC(8129) Concurrent Clear Claimed Marks 0.137ms
[2020-12-15T11:52:36.024-0500][gc,marking     ] GC(8129) Concurrent Scan Root Regions
[2020-12-15T11:52:36.025-0500][gc,marking     ] GC(8129) Concurrent Scan Root Regions 1.056ms
[2020-12-15T11:52:36.025-0500][gc,marking     ] GC(8129) Concurrent Mark (501353.412s)
[2020-12-15T11:52:36.025-0500][gc,marking     ] GC(8129) Concurrent Mark From Roots
[2020-12-15T11:52:36.025-0500][gc,task        ] GC(8129) Using 2 workers of 2 for marking
[2020-12-15T11:52:36.087-0500][gc,marking     ] GC(8129) Concurrent Mark From Roots 61.623ms
[2020-12-15T11:52:36.087-0500][gc,marking     ] GC(8129) Concurrent Preclean
[2020-12-15T11:52:36.087-0500][gc,marking     ] GC(8129) Concurrent Preclean 0.235ms
[2020-12-15T11:52:36.087-0500][gc,marking     ] GC(8129) Concurrent Mark (501353.412s, 501353.474s) 61.991ms
[2020-12-15T11:52:36.088-0500][gc,start       ] GC(8129) Pause Remark
[2020-12-15T11:52:36.096-0500][gc,stringtable ] GC(8129) Cleaned string and symbol table, strings: 32749 processed, 0 removed, symbols: 120723 processed, 0 removed
[2020-12-15T11:52:36.097-0500][gc             ] GC(8129) Pause Remark 42M->42M(65M) 9.027ms
[2020-12-15T11:52:36.097-0500][gc,cpu         ] GC(8129) User=0.04s Sys=0.00s Real=0.00s
[2020-12-15T11:52:36.097-0500][gc,marking     ] GC(8129) Concurrent Rebuild Remembered Sets
[2020-12-15T11:52:36.132-0500][gc,marking     ] GC(8129) Concurrent Rebuild Remembered Sets 35.126ms
[2020-12-15T11:52:36.133-0500][gc,start       ] GC(8129) Pause Cleanup
[2020-12-15T11:52:36.133-0500][gc             ] GC(8129) Pause Cleanup 42M->42M(65M) 0.277ms
[2020-12-15T11:52:36.133-0500][gc,cpu         ] GC(8129) User=0.00s Sys=0.00s Real=0.00s
[2020-12-15T11:52:36.133-0500][gc,marking     ] GC(8129) Concurrent Cleanup for Next Mark
[2020-12-15T11:52:36.133-0500][gc,marking     ] GC(8129) Concurrent Cleanup for Next Mark 0.216ms
[2020-12-15T11:52:36.133-0500][gc             ] GC(8129) Concurrent Cycle 109.185ms
[2020-12-15T11:53:35.542-0500][gc,heap        ] GC(8130) Heap before GC invocations=8130 (full 1672): garbage-first heap   total 66560K, used 53567K [0x0000000083000000, 0x0000000100000000)
[2020-12-15T11:53:35.542-0500][gc,heap        ] GC(8130)   region size 1024K, 12 young (12288K), 1 survivors (1024K)
[2020-12-15T11:53:35.542-0500][gc,heap        ] GC(8130)  Metaspace       used 49404K, capacity 51450K, committed 53248K, reserved 1093632K
[2020-12-15T11:53:35.542-0500][gc,heap        ] GC(8130)   class space    used 7386K, capacity 8097K, committed 8704K, reserved 1048576K
[2020-12-15T11:53:35.542-0500][gc,start       ] GC(8130) Pause Young (Normal) (G1 Evacuation Pause)
[2020-12-15T11:53:35.542-0500][gc,task        ] GC(8130) Using 8 workers of 8 for evacuation
[2020-12-15T11:53:35.587-0500][gc,phases      ] GC(8130)   Pre Evacuate Collection Set: 0.0ms
[2020-12-15T11:53:35.587-0500][gc,phases      ] GC(8130)   Evacuate Collection Set: 17.0ms
[2020-12-15T11:53:35.587-0500][gc,phases      ] GC(8130)   Post Evacuate Collection Set: 28.0ms
[2020-12-15T11:53:35.587-0500][gc,phases      ] GC(8130)   Other: 0.4ms
[2020-12-15T11:53:35.587-0500][gc,heap        ] GC(8130) Eden regions: 11->0(11)
[2020-12-15T11:53:35.587-0500][gc,heap        ] GC(8130) Survivor regions: 1->1(2)
[2020-12-15T11:53:35.587-0500][gc,heap        ] GC(8130) Old regions: 41->41
[2020-12-15T11:53:35.587-0500][gc,heap        ] GC(8130) Humongous regions: 4->4
[2020-12-15T11:53:35.587-0500][gc,metaspace   ] GC(8130) Metaspace: 49404K->49404K(1093632K)
[2020-12-15T11:53:35.587-0500][gc,heap        ] GC(8130) Heap after GC invocations=8131 (full 1672): garbage-first heap   total 66560K, used 43452K [0x0000000083000000, 0x0000000100000000)
[2020-12-15T11:53:35.587-0500][gc,heap        ] GC(8130)   region size 1024K, 1 young (1024K), 1 survivors (1024K)
[2020-12-15T11:53:35.587-0500][gc,heap        ] GC(8130)  Metaspace       used 49404K, capacity 51450K, committed 53248K, reserved 1093632K
[2020-12-15T11:53:35.587-0500][gc,heap        ] GC(8130)   class space    used 7386K, capacity 8097K, committed 8704K, reserved 1048576K
[2020-12-15T11:53:35.587-0500][gc             ] GC(8130) Pause Young (Normal) (G1 Evacuation Pause) 53M->42M(65M) 45.488ms
[2020-12-15T11:53:35.588-0500][gc,cpu         ] GC(8130) User=0.27s Sys=0.00s Real=0.05s
[2020-12-15T11:54:25.548-0500][gc,heap        ] GC(8131) Heap before GC invocations=8131 (full 1672): garbage-first heap   total 66560K, used 53692K [0x0000000083000000, 0x0000000100000000)
[2020-12-15T11:54:25.548-0500][gc,heap        ] GC(8131)   region size 1024K, 12 young (12288K), 1 survivors (1024K)
[2020-12-15T11:54:25.548-0500][gc,heap        ] GC(8131)  Metaspace       used 49404K, capacity 51450K, committed 53248K, reserved 1093632K
[2020-12-15T11:54:25.548-0500][gc,heap        ] GC(8131)   class space    used 7386K, capacity 8097K, committed 8704K, reserved 1048576K
[2020-12-15T11:54:25.548-0500][gc,start       ] GC(8131) Pause Young (Concurrent Start) (G1 Evacuation Pause)
[2020-12-15T11:54:25.548-0500][gc,task        ] GC(8131) Using 8 workers of 8 for evacuation
[2020-12-15T11:54:25.556-0500][gc,phases      ] GC(8131)   Pre Evacuate Collection Set: 0.2ms
[2020-12-15T11:54:25.556-0500][gc,phases      ] GC(8131)   Evacuate Collection Set: 5.0ms
[2020-12-15T11:54:25.556-0500][gc,phases      ] GC(8131)   Post Evacuate Collection Set: 2.1ms
[2020-12-15T11:54:25.556-0500][gc,phases      ] GC(8131)   Other: 0.4ms
[2020-12-15T11:54:25.556-0500][gc,heap        ] GC(8131) Eden regions: 11->0(11)
[2020-12-15T11:54:25.556-0500][gc,heap        ] GC(8131) Survivor regions: 1->1(2)
[2020-12-15T11:54:25.556-0500][gc,heap        ] GC(8131) Old regions: 41->41
[2020-12-15T11:54:25.556-0500][gc,heap        ] GC(8131) Humongous regions: 4->4
[2020-12-15T11:54:25.556-0500][gc,metaspace   ] GC(8131) Metaspace: 49404K->49404K(1093632K)
[2020-12-15T11:54:25.556-0500][gc,heap        ] GC(8131) Heap after GC invocations=8132 (full 1672): garbage-first heap   total 66560K, used 43497K [0x0000000083000000, 0x0000000100000000)
[2020-12-15T11:54:25.556-0500][gc,heap        ] GC(8131)   region size 1024K, 1 young (1024K), 1 survivors (1024K)
[2020-12-15T11:54:25.556-0500][gc,heap        ] GC(8131)  Metaspace       used 49404K, capacity 51450K, committed 53248K, reserved 1093632K
[2020-12-15T11:54:25.556-0500][gc,heap        ] GC(8131)   class space    used 7386K, capacity 8097K, committed 8704K, reserved 1048576K
[2020-12-15T11:54:25.556-0500][gc             ] GC(8131) Pause Young (Concurrent Start) (G1 Evacuation Pause) 53M->42M(65M) 7.909ms
[2020-12-15T11:54:25.556-0500][gc,cpu         ] GC(8131) User=0.02s Sys=0.00s Real=0.00s
[2020-12-15T11:54:25.557-0500][gc             ] GC(8132) Concurrent Cycle
[2020-12-15T11:54:25.557-0500][gc,marking     ] GC(8132) Concurrent Clear Claimed Marks
[2020-12-15T11:54:25.557-0500][gc,marking     ] GC(8132) Concurrent Clear Claimed Marks 0.387ms
[2020-12-15T11:54:25.557-0500][gc,marking     ] GC(8132) Concurrent Scan Root Regions
[2020-12-15T11:54:25.559-0500][gc,marking     ] GC(8132) Concurrent Scan Root Regions 2.052ms
[2020-12-15T11:54:25.559-0500][gc,marking     ] GC(8132) Concurrent Mark (501462.946s)
[2020-12-15T11:54:25.559-0500][gc,marking     ] GC(8132) Concurrent Mark From Roots
[2020-12-15T11:54:25.559-0500][gc,task        ] GC(8132) Using 2 workers of 2 for marking
[2020-12-15T11:54:25.641-0500][gc,marking     ] GC(8132) Concurrent Mark From Roots 81.868ms
[2020-12-15T11:54:25.641-0500][gc,marking     ] GC(8132) Concurrent Preclean
[2020-12-15T11:54:25.641-0500][gc,marking     ] GC(8132) Concurrent Preclean 0.178ms
[2020-12-15T11:54:25.641-0500][gc,marking     ] GC(8132) Concurrent Mark (501462.946s, 501463.028s) 82.171ms
[2020-12-15T11:54:25.642-0500][gc,start       ] GC(8132) Pause Remark
[2020-12-15T11:54:25.648-0500][gc,stringtable ] GC(8132) Cleaned string and symbol table, strings: 32749 processed, 0 removed, symbols: 120723 processed, 0 removed
[2020-12-15T11:54:25.650-0500][gc             ] GC(8132) Pause Remark 43M->43M(65M) 7.929ms
[2020-12-15T11:54:25.650-0500][gc,cpu         ] GC(8132) User=0.04s Sys=0.00s Real=0.01s
[2020-12-15T11:54:25.650-0500][gc,marking     ] GC(8132) Concurrent Rebuild Remembered Sets
[2020-12-15T11:54:25.683-0500][gc,marking     ] GC(8132) Concurrent Rebuild Remembered Sets 33.416ms
[2020-12-15T11:54:25.684-0500][gc,start       ] GC(8132) Pause Cleanup
[2020-12-15T11:54:25.684-0500][gc             ] GC(8132) Pause Cleanup 43M->43M(65M) 0.375ms
[2020-12-15T11:54:25.684-0500][gc,cpu         ] GC(8132) User=0.00s Sys=0.00s Real=0.00s
[2020-12-15T11:54:25.684-0500][gc,marking     ] GC(8132) Concurrent Cleanup for Next Mark
[2020-12-15T11:54:25.685-0500][gc,marking     ] GC(8132) Concurrent Cleanup for Next Mark 0.393ms
[2020-12-15T11:54:25.685-0500][gc             ] GC(8132) Concurrent Cycle 128.281ms
[2020-12-15T11:55:16.013-0500][gc,heap        ] GC(8133) Heap before GC invocations=8133 (full 1672): garbage-first heap   total 66560K, used 53737K [0x0000000083000000, 0x0000000100000000)
[2020-12-15T11:55:16.013-0500][gc,heap        ] GC(8133)   region size 1024K, 12 young (12288K), 1 survivors (1024K)
[2020-12-15T11:55:16.013-0500][gc,heap        ] GC(8133)  Metaspace       used 49404K, capacity 51450K, committed 53248K, reserved 1093632K
[2020-12-15T11:55:16.013-0500][gc,heap        ] GC(8133)   class space    used 7386K, capacity 8097K, committed 8704K, reserved 1048576K
[2020-12-15T11:55:16.013-0500][gc,start       ] GC(8133) Pause Young (Normal) (G1 Evacuation Pause)
[2020-12-15T11:55:16.013-0500][gc,task        ] GC(8133) Using 8 workers of 8 for evacuation
[2020-12-15T11:55:16.024-0500][gc,phases      ] GC(8133)   Pre Evacuate Collection Set: 0.0ms
[2020-12-15T11:55:16.024-0500][gc,phases      ] GC(8133)   Evacuate Collection Set: 3.5ms
[2020-12-15T11:55:16.024-0500][gc,phases      ] GC(8133)   Post Evacuate Collection Set: 7.3ms
[2020-12-15T11:55:16.024-0500][gc,phases      ] GC(8133)   Other: 0.3ms
[2020-12-15T11:55:16.024-0500][gc,heap        ] GC(8133) Eden regions: 11->0(11)
[2020-12-15T11:55:16.024-0500][gc,heap        ] GC(8133) Survivor regions: 1->1(2)
[2020-12-15T11:55:16.024-0500][gc,heap        ] GC(8133) Old regions: 41->41
[2020-12-15T11:55:16.024-0500][gc,heap        ] GC(8133) Humongous regions: 4->4
[2020-12-15T11:55:16.024-0500][gc,metaspace   ] GC(8133) Metaspace: 49404K->49404K(1093632K)
[2020-12-15T11:55:16.024-0500][gc,heap        ] GC(8133) Heap after GC invocations=8134 (full 1672): garbage-first heap   total 66560K, used 43379K [0x0000000083000000, 0x0000000100000000)
[2020-12-15T11:55:16.024-0500][gc,heap        ] GC(8133)   region size 1024K, 1 young (1024K), 1 survivors (1024K)
[2020-12-15T11:55:16.024-0500][gc,heap        ] GC(8133)  Metaspace       used 49404K, capacity 51450K, committed 53248K, reserved 1093632K
[2020-12-15T11:55:16.024-0500][gc,heap        ] GC(8133)   class space    used 7386K, capacity 8097K, committed 8704K, reserved 1048576K
[2020-12-15T11:55:16.024-0500][gc             ] GC(8133) Pause Young (Normal) (G1 Evacuation Pause) 53M->42M(65M) 11.102ms
[2020-12-15T11:55:16.024-0500][gc,cpu         ] GC(8133) User=0.06s Sys=0.00s Real=0.01s
[2020-12-15T11:56:15.541-0500][gc,heap        ] GC(8134) Heap before GC invocations=8134 (full 1672): garbage-first heap   total 66560K, used 53619K [0x0000000083000000, 0x0000000100000000)
[2020-12-15T11:56:15.541-0500][gc,heap        ] GC(8134)   region size 1024K, 12 young (12288K), 1 survivors (1024K)
[2020-12-15T11:56:15.541-0500][gc,heap        ] GC(8134)  Metaspace       used 49404K, capacity 51450K, committed 53248K, reserved 1093632K
[2020-12-15T11:56:15.541-0500][gc,heap        ] GC(8134)   class space    used 7386K, capacity 8097K, committed 8704K, reserved 1048576K
[2020-12-15T11:56:15.541-0500][gc,start       ] GC(8134) Pause Young (Concurrent Start) (G1 Evacuation Pause)
[2020-12-15T11:56:15.541-0500][gc,task        ] GC(8134) Using 8 workers of 8 for evacuation
[2020-12-15T11:56:15.546-0500][gc,phases      ] GC(8134)   Pre Evacuate Collection Set: 0.2ms
[2020-12-15T11:56:15.546-0500][gc,phases      ] GC(8134)   Evacuate Collection Set: 2.4ms
[2020-12-15T11:56:15.546-0500][gc,phases      ] GC(8134)   Post Evacuate Collection Set: 1.8ms
[2020-12-15T11:56:15.546-0500][gc,phases      ] GC(8134)   Other: 0.5ms
[2020-12-15T11:56:15.546-0500][gc,heap        ] GC(8134) Eden regions: 11->0(11)
[2020-12-15T11:56:15.546-0500][gc,heap        ] GC(8134) Survivor regions: 1->1(2)
[2020-12-15T11:56:15.546-0500][gc,heap        ] GC(8134) Old regions: 41->41
[2020-12-15T11:56:15.546-0500][gc,heap        ] GC(8134) Humongous regions: 4->4
[2020-12-15T11:56:15.546-0500][gc,metaspace   ] GC(8134) Metaspace: 49404K->49404K(1093632K)
[2020-12-15T11:56:15.546-0500][gc,heap        ] GC(8134) Heap after GC invocations=8135 (full 1672): garbage-first heap   total 66560K, used 43461K [0x0000000083000000, 0x0000000100000000)
[2020-12-15T11:56:15.546-0500][gc,heap        ] GC(8134)   region size 1024K, 1 young (1024K), 1 survivors (1024K)
[2020-12-15T11:56:15.546-0500][gc,heap        ] GC(8134)  Metaspace       used 49404K, capacity 51450K, committed 53248K, reserved 1093632K
[2020-12-15T11:56:15.546-0500][gc,heap        ] GC(8134)   class space    used 7386K, capacity 8097K, committed 8704K, reserved 1048576K
[2020-12-15T11:56:15.546-0500][gc             ] GC(8134) Pause Young (Concurrent Start) (G1 Evacuation Pause) 53M->42M(65M) 5.050ms
[2020-12-15T11:56:15.547-0500][gc,cpu         ] GC(8134) User=0.01s Sys=0.01s Real=0.00s
[2020-12-15T11:56:15.547-0500][gc             ] GC(8135) Concurrent Cycle
[2020-12-15T11:56:15.547-0500][gc,marking     ] GC(8135) Concurrent Clear Claimed Marks
[2020-12-15T11:56:15.547-0500][gc,marking     ] GC(8135) Concurrent Clear Claimed Marks 0.248ms
[2020-12-15T11:56:15.547-0500][gc,marking     ] GC(8135) Concurrent Scan Root Regions
[2020-12-15T11:56:15.549-0500][gc,marking     ] GC(8135) Concurrent Scan Root Regions 1.796ms
[2020-12-15T11:56:15.549-0500][gc,marking     ] GC(8135) Concurrent Mark (501572.936s)
[2020-12-15T11:56:15.549-0500][gc,marking     ] GC(8135) Concurrent Mark From Roots
[2020-12-15T11:56:15.549-0500][gc,task        ] GC(8135) Using 2 workers of 2 for marking
[2020-12-15T11:56:15.633-0500][gc,marking     ] GC(8135) Concurrent Mark From Roots 83.781ms
[2020-12-15T11:56:15.633-0500][gc,marking     ] GC(8135) Concurrent Preclean
[2020-12-15T11:56:15.633-0500][gc,marking     ] GC(8135) Concurrent Preclean 0.317ms
[2020-12-15T11:56:15.633-0500][gc,marking     ] GC(8135) Concurrent Mark (501572.936s, 501573.020s) 84.214ms
[2020-12-15T11:56:15.634-0500][gc,start       ] GC(8135) Pause Remark
[2020-12-15T11:56:15.652-0500][gc,stringtable ] GC(8135) Cleaned string and symbol table, strings: 32749 processed, 0 removed, symbols: 120723 processed, 0 removed
[2020-12-15T11:56:15.653-0500][gc             ] GC(8135) Pause Remark 43M->43M(65M) 19.491ms
[2020-12-15T11:56:15.653-0500][gc,cpu         ] GC(8135) User=0.10s Sys=0.00s Real=0.02s
[2020-12-15T11:56:15.653-0500][gc,marking     ] GC(8135) Concurrent Rebuild Remembered Sets
[2020-12-15T11:56:15.694-0500][gc,marking     ] GC(8135) Concurrent Rebuild Remembered Sets 40.816ms
[2020-12-15T11:56:15.695-0500][gc,start       ] GC(8135) Pause Cleanup
[2020-12-15T11:56:15.695-0500][gc             ] GC(8135) Pause Cleanup 43M->43M(65M) 0.235ms
[2020-12-15T11:56:15.695-0500][gc,cpu         ] GC(8135) User=0.00s Sys=0.00s Real=0.00s
[2020-12-15T11:56:15.695-0500][gc,marking     ] GC(8135) Concurrent Cleanup for Next Mark
[2020-12-15T11:56:15.695-0500][gc,marking     ] GC(8135) Concurrent Cleanup for Next Mark 0.204ms
[2020-12-15T11:56:15.695-0500][gc             ] GC(8135) Concurrent Cycle 148.614ms
[2020-12-15T11:56:45.193-0500][gc,task        ] GC(8136) Using 5 workers of 8 for full compaction
[2020-12-15T11:56:45.193-0500][gc,start       ] GC(8136) Pause Full (System.gc())
[2020-12-15T11:56:45.193-0500][gc,heap        ] GC(8136) Heap before GC invocations=8136 (full 1672): garbage-first heap   total 66560K, used 47557K [0x0000000083000000, 0x0000000100000000)
[2020-12-15T11:56:45.193-0500][gc,heap        ] GC(8136)   region size 1024K, 7 young (7168K), 1 survivors (1024K)
[2020-12-15T11:56:45.193-0500][gc,heap        ] GC(8136)  Metaspace       used 49404K, capacity 51450K, committed 53248K, reserved 1093632K
[2020-12-15T11:56:45.193-0500][gc,heap        ] GC(8136)   class space    used 7386K, capacity 8097K, committed 8704K, reserved 1048576K
[2020-12-15T11:56:45.193-0500][gc,phases,start] GC(8136) Phase 1: Mark live objects
[2020-12-15T11:56:45.226-0500][gc,stringtable ] GC(8136) Cleaned string and symbol table, strings: 32749 processed, 5 removed, symbols: 120723 processed, 0 removed
[2020-12-15T11:56:45.226-0500][gc,phases      ] GC(8136) Phase 1: Mark live objects 32.982ms
[2020-12-15T11:56:45.226-0500][gc,phases,start] GC(8136) Phase 2: Prepare for compaction
[2020-12-15T11:56:45.232-0500][gc,phases      ] GC(8136) Phase 2: Prepare for compaction 5.953ms
[2020-12-15T11:56:45.232-0500][gc,phases,start] GC(8136) Phase 3: Adjust pointers
[2020-12-15T11:56:45.253-0500][gc,phases      ] GC(8136) Phase 3: Adjust pointers 20.907ms
[2020-12-15T11:56:45.253-0500][gc,phases,start] GC(8136) Phase 4: Compact heap
[2020-12-15T11:56:45.257-0500][gc,phases      ] GC(8136) Phase 4: Compact heap 3.795ms
[2020-12-15T11:56:45.267-0500][gc,heap        ] GC(8136) Eden regions: 6->0(11)
[2020-12-15T11:56:45.267-0500][gc,heap        ] GC(8136) Survivor regions: 1->0(2)
[2020-12-15T11:56:45.267-0500][gc,heap        ] GC(8136) Old regions: 41->42
[2020-12-15T11:56:45.267-0500][gc,heap        ] GC(8136) Humongous regions: 4->4
[2020-12-15T11:56:45.267-0500][gc,metaspace   ] GC(8136) Metaspace: 49404K->49404K(1093632K)
[2020-12-15T11:56:45.267-0500][gc,heap        ] GC(8136) Heap after GC invocations=8137 (full 1673): garbage-first heap   total 66560K, used 43263K [0x0000000083000000, 0x0000000100000000)
[2020-12-15T11:56:45.267-0500][gc,heap        ] GC(8136)   region size 1024K, 0 young (0K), 0 survivors (0K)
[2020-12-15T11:56:45.267-0500][gc,heap        ] GC(8136)  Metaspace       used 49404K, capacity 51450K, committed 53248K, reserved 1093632K
[2020-12-15T11:56:45.267-0500][gc,heap        ] GC(8136)   class space    used 7386K, capacity 8097K, committed 8704K, reserved 1048576K
[2020-12-15T11:56:45.267-0500][gc             ] GC(8136) Pause Full (System.gc()) 48M->42M(65M) 74.432ms
[2020-12-15T11:56:45.268-0500][gc,cpu         ] GC(8136) User=0.30s Sys=0.00s Real=0.07s
[2020-12-15T11:57:35.542-0500][gc,heap        ] GC(8137) Heap before GC invocations=8137 (full 1673): garbage-first heap   total 66560K, used 54527K [0x0000000083000000, 0x0000000100000000)
[2020-12-15T11:57:35.542-0500][gc,heap        ] GC(8137)   region size 1024K, 11 young (11264K), 0 survivors (0K)
[2020-12-15T11:57:35.542-0500][gc,heap        ] GC(8137)  Metaspace       used 49404K, capacity 51450K, committed 53248K, reserved 1093632K
[2020-12-15T11:57:35.542-0500][gc,heap        ] GC(8137)   class space    used 7386K, capacity 8097K, committed 8704K, reserved 1048576K
[2020-12-15T11:57:35.542-0500][gc,start       ] GC(8137) Pause Young (Concurrent Start) (G1 Evacuation Pause)
[2020-12-15T11:57:35.542-0500][gc,task        ] GC(8137) Using 8 workers of 8 for evacuation
[2020-12-15T11:57:35.546-0500][gc,phases      ] GC(8137)   Pre Evacuate Collection Set: 0.2ms
[2020-12-15T11:57:35.546-0500][gc,phases      ] GC(8137)   Evacuate Collection Set: 2.7ms
[2020-12-15T11:57:35.546-0500][gc,phases      ] GC(8137)   Post Evacuate Collection Set: 1.2ms
[2020-12-15T11:57:35.546-0500][gc,phases      ] GC(8137)   Other: 0.3ms
[2020-12-15T11:57:35.546-0500][gc,heap        ] GC(8137) Eden regions: 11->0(10)
[2020-12-15T11:57:35.546-0500][gc,heap        ] GC(8137) Survivor regions: 0->1(2)
[2020-12-15T11:57:35.546-0500][gc,heap        ] GC(8137) Old regions: 42->42
[2020-12-15T11:57:35.546-0500][gc,heap        ] GC(8137) Humongous regions: 4->4
[2020-12-15T11:57:35.546-0500][gc,metaspace   ] GC(8137) Metaspace: 49404K->49404K(1093632K)
[2020-12-15T11:57:35.546-0500][gc,heap        ] GC(8137) Heap after GC invocations=8138 (full 1673): garbage-first heap   total 66560K, used 43471K [0x0000000083000000, 0x0000000100000000)
[2020-12-15T11:57:35.546-0500][gc,heap        ] GC(8137)   region size 1024K, 1 young (1024K), 1 survivors (1024K)
[2020-12-15T11:57:35.546-0500][gc,heap        ] GC(8137)  Metaspace       used 49404K, capacity 51450K, committed 53248K, reserved 1093632K
[2020-12-15T11:57:35.546-0500][gc,heap        ] GC(8137)   class space    used 7386K, capacity 8097K, committed 8704K, reserved 1048576K
[2020-12-15T11:57:35.546-0500][gc             ] GC(8137) Pause Young (Concurrent Start) (G1 Evacuation Pause) 53M->42M(65M) 4.361ms
[2020-12-15T11:57:35.546-0500][gc,cpu         ] GC(8137) User=0.00s Sys=0.00s Real=0.00s
[2020-12-15T11:57:35.546-0500][gc             ] GC(8138) Concurrent Cycle
[2020-12-15T11:57:35.546-0500][gc,marking     ] GC(8138) Concurrent Clear Claimed Marks
[2020-12-15T11:57:35.547-0500][gc,marking     ] GC(8138) Concurrent Clear Claimed Marks 0.170ms
[2020-12-15T11:57:35.547-0500][gc,marking     ] GC(8138) Concurrent Scan Root Regions
[2020-12-15T11:57:35.548-0500][gc,marking     ] GC(8138) Concurrent Scan Root Regions 1.074ms
[2020-12-15T11:57:35.548-0500][gc,marking     ] GC(8138) Concurrent Mark (501652.935s)
[2020-12-15T11:57:35.548-0500][gc,marking     ] GC(8138) Concurrent Mark From Roots
[2020-12-15T11:57:35.548-0500][gc,task        ] GC(8138) Using 2 workers of 2 for marking
[2020-12-15T11:57:35.626-0500][gc,marking     ] GC(8138) Concurrent Mark From Roots 78.367ms
[2020-12-15T11:57:35.626-0500][gc,marking     ] GC(8138) Concurrent Preclean
[2020-12-15T11:57:35.626-0500][gc,marking     ] GC(8138) Concurrent Preclean 0.209ms
[2020-12-15T11:57:35.626-0500][gc,marking     ] GC(8138) Concurrent Mark (501652.935s, 501653.013s) 78.689ms
[2020-12-15T11:57:35.627-0500][gc,start       ] GC(8138) Pause Remark
[2020-12-15T11:57:35.634-0500][gc,stringtable ] GC(8138) Cleaned string and symbol table, strings: 32749 processed, 0 removed, symbols: 120723 processed, 0 removed
[2020-12-15T11:57:35.635-0500][gc             ] GC(8138) Pause Remark 43M->43M(65M) 7.999ms
[2020-12-15T11:57:35.635-0500][gc,cpu         ] GC(8138) User=0.04s Sys=0.00s Real=0.01s
[2020-12-15T11:57:35.635-0500][gc,marking     ] GC(8138) Concurrent Rebuild Remembered Sets
[2020-12-15T11:57:35.667-0500][gc,marking     ] GC(8138) Concurrent Rebuild Remembered Sets 32.242ms
[2020-12-15T11:57:35.668-0500][gc,start       ] GC(8138) Pause Cleanup
[2020-12-15T11:57:35.668-0500][gc             ] GC(8138) Pause Cleanup 43M->43M(65M) 0.255ms
[2020-12-15T11:57:35.668-0500][gc,cpu         ] GC(8138) User=0.00s Sys=0.00s Real=0.00s
[2020-12-15T11:57:35.668-0500][gc,marking     ] GC(8138) Concurrent Cleanup for Next Mark
[2020-12-15T11:57:35.668-0500][gc,marking     ] GC(8138) Concurrent Cleanup for Next Mark 0.262ms
[2020-12-15T11:57:35.668-0500][gc             ] GC(8138) Concurrent Cycle 122.119ms
[2020-12-15T11:58:20.907-0500][gc,heap        ] GC(8139) Heap before GC invocations=8139 (full 1673): garbage-first heap   total 66560K, used 52687K [0x0000000083000000, 0x0000000100000000)
[2020-12-15T11:58:20.907-0500][gc,heap        ] GC(8139)   region size 1024K, 11 young (11264K), 1 survivors (1024K)
[2020-12-15T11:58:20.907-0500][gc,heap        ] GC(8139)  Metaspace       used 49404K, capacity 51450K, committed 53248K, reserved 1093632K
[2020-12-15T11:58:20.907-0500][gc,heap        ] GC(8139)   class space    used 7386K, capacity 8097K, committed 8704K, reserved 1048576K
[2020-12-15T11:58:20.907-0500][gc,start       ] GC(8139) Pause Young (Normal) (G1 Evacuation Pause)
[2020-12-15T11:58:20.907-0500][gc,task        ] GC(8139) Using 8 workers of 8 for evacuation
[2020-12-15T11:58:20.911-0500][gc,phases      ] GC(8139)   Pre Evacuate Collection Set: 0.0ms
[2020-12-15T11:58:20.911-0500][gc,phases      ] GC(8139)   Evacuate Collection Set: 1.4ms
[2020-12-15T11:58:20.911-0500][gc,phases      ] GC(8139)   Post Evacuate Collection Set: 2.5ms
[2020-12-15T11:58:20.911-0500][gc,phases      ] GC(8139)   Other: 0.5ms
[2020-12-15T11:58:20.911-0500][gc,heap        ] GC(8139) Eden regions: 10->0(10)
[2020-12-15T11:58:20.911-0500][gc,heap        ] GC(8139) Survivor regions: 1->1(2)
[2020-12-15T11:58:20.911-0500][gc,heap        ] GC(8139) Old regions: 42->42
[2020-12-15T11:58:20.911-0500][gc,heap        ] GC(8139) Humongous regions: 4->4
[2020-12-15T11:58:20.911-0500][gc,metaspace   ] GC(8139) Metaspace: 49404K->49404K(1093632K)
[2020-12-15T11:58:20.911-0500][gc,heap        ] GC(8139) Heap after GC invocations=8140 (full 1673): garbage-first heap   total 66560K, used 43343K [0x0000000083000000, 0x0000000100000000)
[2020-12-15T11:58:20.911-0500][gc,heap        ] GC(8139)   region size 1024K, 1 young (1024K), 1 survivors (1024K)
[2020-12-15T11:58:20.911-0500][gc,heap        ] GC(8139)  Metaspace       used 49404K, capacity 51450K, committed 53248K, reserved 1093632K
[2020-12-15T11:58:20.911-0500][gc,heap        ] GC(8139)   class space    used 7386K, capacity 8097K, committed 8704K, reserved 1048576K
[2020-12-15T11:58:20.911-0500][gc             ] GC(8139) Pause Young (Normal) (G1 Evacuation Pause) 52M->42M(65M) 4.478ms
[2020-12-15T11:58:20.911-0500][gc,cpu         ] GC(8139) User=0.01s Sys=0.00s Real=0.01s
[2020-12-15T11:59:06.012-0500][gc,heap        ] GC(8140) Heap before GC invocations=8140 (full 1673): garbage-first heap   total 66560K, used 52559K [0x0000000083000000, 0x0000000100000000)
[2020-12-15T11:59:06.012-0500][gc,heap        ] GC(8140)   region size 1024K, 11 young (11264K), 1 survivors (1024K)
[2020-12-15T11:59:06.012-0500][gc,heap        ] GC(8140)  Metaspace       used 49404K, capacity 51450K, committed 53248K, reserved 1093632K
[2020-12-15T11:59:06.012-0500][gc,heap        ] GC(8140)   class space    used 7386K, capacity 8097K, committed 8704K, reserved 1048576K
[2020-12-15T11:59:06.012-0500][gc,start       ] GC(8140) Pause Young (Concurrent Start) (G1 Evacuation Pause)
[2020-12-15T11:59:06.012-0500][gc,task        ] GC(8140) Using 8 workers of 8 for evacuation
[2020-12-15T11:59:06.016-0500][gc,phases      ] GC(8140)   Pre Evacuate Collection Set: 0.2ms
[2020-12-15T11:59:06.016-0500][gc,phases      ] GC(8140)   Evacuate Collection Set: 1.5ms
[2020-12-15T11:59:06.016-0500][gc,phases      ] GC(8140)   Post Evacuate Collection Set: 2.0ms
[2020-12-15T11:59:06.016-0500][gc,phases      ] GC(8140)   Other: 0.3ms
[2020-12-15T11:59:06.016-0500][gc,heap        ] GC(8140) Eden regions: 10->0(10)
[2020-12-15T11:59:06.016-0500][gc,heap        ] GC(8140) Survivor regions: 1->1(2)
[2020-12-15T11:59:06.016-0500][gc,heap        ] GC(8140) Old regions: 42->42
[2020-12-15T11:59:06.016-0500][gc,heap        ] GC(8140) Humongous regions: 4->4
[2020-12-15T11:59:06.016-0500][gc,metaspace   ] GC(8140) Metaspace: 49404K->49404K(1093632K)
[2020-12-15T11:59:06.016-0500][gc,heap        ] GC(8140) Heap after GC invocations=8141 (full 1673): garbage-first heap   total 66560K, used 43362K [0x0000000083000000, 0x0000000100000000)
[2020-12-15T11:59:06.016-0500][gc,heap        ] GC(8140)   region size 1024K, 1 young (1024K), 1 survivors (1024K)
[2020-12-15T11:59:06.016-0500][gc,heap        ] GC(8140)  Metaspace       used 49404K, capacity 51450K, committed 53248K, reserved 1093632K
[2020-12-15T11:59:06.016-0500][gc,heap        ] GC(8140)   class space    used 7386K, capacity 8097K, committed 8704K, reserved 1048576K
[2020-12-15T11:59:06.016-0500][gc             ] GC(8140) Pause Young (Concurrent Start) (G1 Evacuation Pause) 52M->42M(65M) 4.106ms
[2020-12-15T11:59:06.016-0500][gc,cpu         ] GC(8140) User=0.00s Sys=0.01s Real=0.00s
[2020-12-15T11:59:06.016-0500][gc             ] GC(8141) Concurrent Cycle
[2020-12-15T11:59:06.016-0500][gc,marking     ] GC(8141) Concurrent Clear Claimed Marks
[2020-12-15T11:59:06.016-0500][gc,marking     ] GC(8141) Concurrent Clear Claimed Marks 0.197ms
[2020-12-15T11:59:06.016-0500][gc,marking     ] GC(8141) Concurrent Scan Root Regions
[2020-12-15T11:59:06.018-0500][gc,marking     ] GC(8141) Concurrent Scan Root Regions 1.283ms
[2020-12-15T11:59:06.018-0500][gc,marking     ] GC(8141) Concurrent Mark (501743.405s)
[2020-12-15T11:59:06.018-0500][gc,marking     ] GC(8141) Concurrent Mark From Roots
[2020-12-15T11:59:06.018-0500][gc,task        ] GC(8141) Using 2 workers of 2 for marking
[2020-12-15T11:59:06.107-0500][gc,marking     ] GC(8141) Concurrent Mark From Roots 89.151ms
[2020-12-15T11:59:06.107-0500][gc,marking     ] GC(8141) Concurrent Preclean
[2020-12-15T11:59:06.107-0500][gc,marking     ] GC(8141) Concurrent Preclean 0.426ms
[2020-12-15T11:59:06.108-0500][gc,marking     ] GC(8141) Concurrent Mark (501743.405s, 501743.495s) 89.765ms
[2020-12-15T11:59:06.108-0500][gc,start       ] GC(8141) Pause Remark
[2020-12-15T11:59:06.145-0500][gc,stringtable ] GC(8141) Cleaned string and symbol table, strings: 32749 processed, 0 removed, symbols: 120723 processed, 0 removed
[2020-12-15T11:59:06.145-0500][gc             ] GC(8141) Pause Remark 42M->42M(65M) 36.640ms
[2020-12-15T11:59:06.145-0500][gc,cpu         ] GC(8141) User=0.21s Sys=0.00s Real=0.03s
[2020-12-15T11:59:06.145-0500][gc,marking     ] GC(8141) Concurrent Rebuild Remembered Sets
[2020-12-15T11:59:06.188-0500][gc,marking     ] GC(8141) Concurrent Rebuild Remembered Sets 42.921ms
[2020-12-15T11:59:06.189-0500][gc,start       ] GC(8141) Pause Cleanup
[2020-12-15T11:59:06.191-0500][gc             ] GC(8141) Pause Cleanup 42M->42M(65M) 2.426ms
[2020-12-15T11:59:06.192-0500][gc,cpu         ] GC(8141) User=0.01s Sys=0.00s Real=0.00s
[2020-12-15T11:59:06.192-0500][gc,marking     ] GC(8141) Concurrent Cleanup for Next Mark
[2020-12-15T11:59:06.192-0500][gc,marking     ] GC(8141) Concurrent Cleanup for Next Mark 0.231ms
[2020-12-15T11:59:06.192-0500][gc             ] GC(8141) Concurrent Cycle 175.829ms
[2020-12-15T11:59:56.015-0500][gc,heap        ] GC(8142) Heap before GC invocations=8142 (full 1673): garbage-first heap   total 66560K, used 52578K [0x0000000083000000, 0x0000000100000000)
[2020-12-15T11:59:56.015-0500][gc,heap        ] GC(8142)   region size 1024K, 11 young (11264K), 1 survivors (1024K)
[2020-12-15T11:59:56.015-0500][gc,heap        ] GC(8142)  Metaspace       used 49404K, capacity 51450K, committed 53248K, reserved 1093632K
[2020-12-15T11:59:56.015-0500][gc,heap        ] GC(8142)   class space    used 7386K, capacity 8097K, committed 8704K, reserved 1048576K
[2020-12-15T11:59:56.015-0500][gc,start       ] GC(8142) Pause Young (Normal) (G1 Evacuation Pause)
[2020-12-15T11:59:56.015-0500][gc,task        ] GC(8142) Using 8 workers of 8 for evacuation
[2020-12-15T11:59:56.062-0500][gc,phases      ] GC(8142)   Pre Evacuate Collection Set: 0.0ms
[2020-12-15T11:59:56.062-0500][gc,phases      ] GC(8142)   Evacuate Collection Set: 33.0ms
[2020-12-15T11:59:56.062-0500][gc,phases      ] GC(8142)   Post Evacuate Collection Set: 13.8ms
[2020-12-15T11:59:56.062-0500][gc,phases      ] GC(8142)   Other: 0.4ms
[2020-12-15T11:59:56.062-0500][gc,heap        ] GC(8142) Eden regions: 10->0(10)
[2020-12-15T11:59:56.062-0500][gc,heap        ] GC(8142) Survivor regions: 1->1(2)
[2020-12-15T11:59:56.062-0500][gc,heap        ] GC(8142) Old regions: 42->42
[2020-12-15T11:59:56.062-0500][gc,heap        ] GC(8142) Humongous regions: 4->4
[2020-12-15T11:59:56.062-0500][gc,metaspace   ] GC(8142) Metaspace: 49404K->49404K(1093632K)
[2020-12-15T11:59:56.062-0500][gc,heap        ] GC(8142) Heap after GC invocations=8143 (full 1673): garbage-first heap   total 66560K, used 43340K [0x0000000083000000, 0x0000000100000000)
[2020-12-15T11:59:56.062-0500][gc,heap        ] GC(8142)   region size 1024K, 1 young (1024K), 1 survivors (1024K)
[2020-12-15T11:59:56.062-0500][gc,heap        ] GC(8142)  Metaspace       used 49404K, capacity 51450K, committed 53248K, reserved 1093632K
[2020-12-15T11:59:56.062-0500][gc,heap        ] GC(8142)   class space    used 7386K, capacity 8097K, committed 8704K, reserved 1048576K
[2020-12-15T11:59:56.062-0500][gc             ] GC(8142) Pause Young (Normal) (G1 Evacuation Pause) 52M->42M(65M) 47.298ms
[2020-12-15T11:59:56.062-0500][gc,cpu         ] GC(8142) User=0.27s Sys=0.00s Real=0.05s
[2020-12-15T12:00:45.565-0500][gc,heap        ] GC(8143) Heap before GC invocations=8143 (full 1673): garbage-first heap   total 66560K, used 52556K [0x0000000083000000, 0x0000000100000000)
[2020-12-15T12:00:45.565-0500][gc,heap        ] GC(8143)   region size 1024K, 11 young (11264K), 1 survivors (1024K)
[2020-12-15T12:00:45.565-0500][gc,heap        ] GC(8143)  Metaspace       used 49404K, capacity 51450K, committed 53248K, reserved 1093632K
[2020-12-15T12:00:45.565-0500][gc,heap        ] GC(8143)   class space    used 7386K, capacity 8097K, committed 8704K, reserved 1048576K
[2020-12-15T12:00:45.565-0500][gc,start       ] GC(8143) Pause Young (Concurrent Start) (G1 Evacuation Pause)
[2020-12-15T12:00:45.565-0500][gc,task        ] GC(8143) Using 8 workers of 8 for evacuation
[2020-12-15T12:00:45.573-0500][gc,phases      ] GC(8143)   Pre Evacuate Collection Set: 0.3ms
[2020-12-15T12:00:45.573-0500][gc,phases      ] GC(8143)   Evacuate Collection Set: 2.0ms
[2020-12-15T12:00:45.573-0500][gc,phases      ] GC(8143)   Post Evacuate Collection Set: 5.5ms
[2020-12-15T12:00:45.573-0500][gc,phases      ] GC(8143)   Other: 0.3ms
[2020-12-15T12:00:45.573-0500][gc,heap        ] GC(8143) Eden regions: 10->0(10)
[2020-12-15T12:00:45.573-0500][gc,heap        ] GC(8143) Survivor regions: 1->1(2)
[2020-12-15T12:00:45.573-0500][gc,heap        ] GC(8143) Old regions: 42->42
[2020-12-15T12:00:45.573-0500][gc,heap        ] GC(8143) Humongous regions: 4->4
[2020-12-15T12:00:45.573-0500][gc,metaspace   ] GC(8143) Metaspace: 49404K->49404K(1093632K)
[2020-12-15T12:00:45.573-0500][gc,heap        ] GC(8143) Heap after GC invocations=8144 (full 1673): garbage-first heap   total 66560K, used 43424K [0x0000000083000000, 0x0000000100000000)
[2020-12-15T12:00:45.573-0500][gc,heap        ] GC(8143)   region size 1024K, 1 young (1024K), 1 survivors (1024K)
[2020-12-15T12:00:45.573-0500][gc,heap        ] GC(8143)  Metaspace       used 49404K, capacity 51450K, committed 53248K, reserved 1093632K
[2020-12-15T12:00:45.573-0500][gc,heap        ] GC(8143)   class space    used 7386K, capacity 8097K, committed 8704K, reserved 1048576K
[2020-12-15T12:00:45.573-0500][gc             ] GC(8143) Pause Young (Concurrent Start) (G1 Evacuation Pause) 52M->42M(65M) 8.344ms
[2020-12-15T12:00:45.573-0500][gc,cpu         ] GC(8143) User=0.04s Sys=0.00s Real=0.01s
[2020-12-15T12:00:45.573-0500][gc             ] GC(8144) Concurrent Cycle
[2020-12-15T12:00:45.573-0500][gc,marking     ] GC(8144) Concurrent Clear Claimed Marks
[2020-12-15T12:00:45.574-0500][gc,marking     ] GC(8144) Concurrent Clear Claimed Marks 0.277ms
[2020-12-15T12:00:45.574-0500][gc,marking     ] GC(8144) Concurrent Scan Root Regions
[2020-12-15T12:00:45.575-0500][gc,marking     ] GC(8144) Concurrent Scan Root Regions 1.232ms
[2020-12-15T12:00:45.575-0500][gc,marking     ] GC(8144) Concurrent Mark (501842.962s)
[2020-12-15T12:00:45.575-0500][gc,marking     ] GC(8144) Concurrent Mark From Roots
[2020-12-15T12:00:45.575-0500][gc,task        ] GC(8144) Using 2 workers of 2 for marking
[2020-12-15T12:00:45.652-0500][gc,marking     ] GC(8144) Concurrent Mark From Roots 77.047ms
[2020-12-15T12:00:45.652-0500][gc,marking     ] GC(8144) Concurrent Preclean
[2020-12-15T12:00:45.652-0500][gc,marking     ] GC(8144) Concurrent Preclean 0.310ms
[2020-12-15T12:00:45.652-0500][gc,marking     ] GC(8144) Concurrent Mark (501842.962s, 501843.040s) 77.518ms
[2020-12-15T12:00:45.653-0500][gc,start       ] GC(8144) Pause Remark
[2020-12-15T12:00:45.690-0500][gc,stringtable ] GC(8144) Cleaned string and symbol table, strings: 32749 processed, 0 removed, symbols: 120723 processed, 0 removed
[2020-12-15T12:00:45.691-0500][gc             ] GC(8144) Pause Remark 42M->42M(65M) 38.295ms
[2020-12-15T12:00:45.691-0500][gc,cpu         ] GC(8144) User=0.16s Sys=0.00s Real=0.04s
[2020-12-15T12:00:45.692-0500][gc,marking     ] GC(8144) Concurrent Rebuild Remembered Sets
[2020-12-15T12:00:45.732-0500][gc,marking     ] GC(8144) Concurrent Rebuild Remembered Sets 40.514ms
[2020-12-15T12:00:45.733-0500][gc,start       ] GC(8144) Pause Cleanup
[2020-12-15T12:00:45.733-0500][gc             ] GC(8144) Pause Cleanup 42M->42M(65M) 0.257ms
[2020-12-15T12:00:45.733-0500][gc,cpu         ] GC(8144) User=0.00s Sys=0.00s Real=0.00s
[2020-12-15T12:00:45.733-0500][gc,marking     ] GC(8144) Concurrent Cleanup for Next Mark
[2020-12-15T12:00:45.733-0500][gc,marking     ] GC(8144) Concurrent Cleanup for Next Mark 0.315ms
[2020-12-15T12:00:45.734-0500][gc             ] GC(8144) Concurrent Cycle 160.210ms
[2020-12-15T12:01:35.544-0500][gc,heap        ] GC(8145) Heap before GC invocations=8145 (full 1673): garbage-first heap   total 66560K, used 52640K [0x0000000083000000, 0x0000000100000000)
[2020-12-15T12:01:35.545-0500][gc,heap        ] GC(8145)   region size 1024K, 11 young (11264K), 1 survivors (1024K)
[2020-12-15T12:01:35.545-0500][gc,heap        ] GC(8145)  Metaspace       used 49404K, capacity 51450K, committed 53248K, reserved 1093632K
[2020-12-15T12:01:35.545-0500][gc,heap        ] GC(8145)   class space    used 7386K, capacity 8097K, committed 8704K, reserved 1048576K
[2020-12-15T12:01:35.545-0500][gc,start       ] GC(8145) Pause Young (Normal) (G1 Evacuation Pause)
[2020-12-15T12:01:35.545-0500][gc,task        ] GC(8145) Using 8 workers of 8 for evacuation
[2020-12-15T12:01:35.551-0500][gc,phases      ] GC(8145)   Pre Evacuate Collection Set: 0.0ms
[2020-12-15T12:01:35.551-0500][gc,phases      ] GC(8145)   Evacuate Collection Set: 3.7ms
[2020-12-15T12:01:35.551-0500][gc,phases      ] GC(8145)   Post Evacuate Collection Set: 1.9ms
[2020-12-15T12:01:35.551-0500][gc,phases      ] GC(8145)   Other: 0.6ms
[2020-12-15T12:01:35.551-0500][gc,heap        ] GC(8145) Eden regions: 10->0(10)
[2020-12-15T12:01:35.551-0500][gc,heap        ] GC(8145) Survivor regions: 1->1(2)
[2020-12-15T12:01:35.551-0500][gc,heap        ] GC(8145) Old regions: 42->42
[2020-12-15T12:01:35.551-0500][gc,heap        ] GC(8145) Humongous regions: 4->4
[2020-12-15T12:01:35.551-0500][gc,metaspace   ] GC(8145) Metaspace: 49404K->49404K(1093632K)
[2020-12-15T12:01:35.551-0500][gc,heap        ] GC(8145) Heap after GC invocations=8146 (full 1673): garbage-first heap   total 66560K, used 43529K [0x0000000083000000, 0x0000000100000000)
[2020-12-15T12:01:35.551-0500][gc,heap        ] GC(8145)   region size 1024K, 1 young (1024K), 1 survivors (1024K)
[2020-12-15T12:01:35.551-0500][gc,heap        ] GC(8145)  Metaspace       used 49404K, capacity 51450K, committed 53248K, reserved 1093632K
[2020-12-15T12:01:35.551-0500][gc,heap        ] GC(8145)   class space    used 7386K, capacity 8097K, committed 8704K, reserved 1048576K
[2020-12-15T12:01:35.551-0500][gc             ] GC(8145) Pause Young (Normal) (G1 Evacuation Pause) 52M->42M(65M) 6.805ms
[2020-12-15T12:01:35.552-0500][gc,cpu         ] GC(8145) User=0.02s Sys=0.00s Real=0.01s
[2020-12-15T12:01:45.189-0500][gc,task        ] GC(8146) Using 5 workers of 8 for full compaction
[2020-12-15T12:01:45.189-0500][gc,start       ] GC(8146) Pause Full (System.gc())
[2020-12-15T12:01:45.189-0500][gc,heap        ] GC(8146) Heap before GC invocations=8146 (full 1673): garbage-first heap   total 66560K, used 44553K [0x0000000083000000, 0x0000000100000000)
[2020-12-15T12:01:45.189-0500][gc,heap        ] GC(8146)   region size 1024K, 3 young (3072K), 1 survivors (1024K)
[2020-12-15T12:01:45.189-0500][gc,heap        ] GC(8146)  Metaspace       used 49404K, capacity 51450K, committed 53248K, reserved 1093632K
[2020-12-15T12:01:45.189-0500][gc,heap        ] GC(8146)   class space    used 7386K, capacity 8097K, committed 8704K, reserved 1048576K
[2020-12-15T12:01:45.190-0500][gc,phases,start] GC(8146) Phase 1: Mark live objects
[2020-12-15T12:01:45.223-0500][gc,stringtable ] GC(8146) Cleaned string and symbol table, strings: 32749 processed, 5 removed, symbols: 120723 processed, 0 removed
[2020-12-15T12:01:45.223-0500][gc,phases      ] GC(8146) Phase 1: Mark live objects 33.416ms
[2020-12-15T12:01:45.223-0500][gc,phases,start] GC(8146) Phase 2: Prepare for compaction
[2020-12-15T12:01:45.229-0500][gc,phases      ] GC(8146) Phase 2: Prepare for compaction 5.472ms
[2020-12-15T12:01:45.229-0500][gc,phases,start] GC(8146) Phase 3: Adjust pointers
[2020-12-15T12:01:45.246-0500][gc,phases      ] GC(8146) Phase 3: Adjust pointers 17.358ms
[2020-12-15T12:01:45.246-0500][gc,phases,start] GC(8146) Phase 4: Compact heap
[2020-12-15T12:01:45.251-0500][gc,phases      ] GC(8146) Phase 4: Compact heap 4.902ms
[2020-12-15T12:01:45.261-0500][gc,heap        ] GC(8146) Eden regions: 2->0(11)
[2020-12-15T12:01:45.261-0500][gc,heap        ] GC(8146) Survivor regions: 1->0(2)
[2020-12-15T12:01:45.261-0500][gc,heap        ] GC(8146) Old regions: 42->42
[2020-12-15T12:01:45.261-0500][gc,heap        ] GC(8146) Humongous regions: 4->4
[2020-12-15T12:01:45.261-0500][gc,metaspace   ] GC(8146) Metaspace: 49404K->49404K(1093632K)
[2020-12-15T12:01:45.261-0500][gc,heap        ] GC(8146) Heap after GC invocations=8147 (full 1674): garbage-first heap   total 66560K, used 43264K [0x0000000083000000, 0x0000000100000000)
[2020-12-15T12:01:45.261-0500][gc,heap        ] GC(8146)   region size 1024K, 0 young (0K), 0 survivors (0K)
[2020-12-15T12:01:45.261-0500][gc,heap        ] GC(8146)  Metaspace       used 49404K, capacity 51450K, committed 53248K, reserved 1093632K
[2020-12-15T12:01:45.261-0500][gc,heap        ] GC(8146)   class space    used 7386K, capacity 8097K, committed 8704K, reserved 1048576K
[2020-12-15T12:01:45.261-0500][gc             ] GC(8146) Pause Full (System.gc()) 43M->42M(65M) 72.043ms
[2020-12-15T12:01:45.261-0500][gc,cpu         ] GC(8146) User=0.29s Sys=0.00s Real=0.07s
[2020-12-15T12:02:35.543-0500][gc,heap        ] GC(8147) Heap before GC invocations=8147 (full 1674): garbage-first heap   total 66560K, used 53504K [0x0000000083000000, 0x0000000100000000)
[2020-12-15T12:02:35.543-0500][gc,heap        ] GC(8147)   region size 1024K, 11 young (11264K), 0 survivors (0K)
[2020-12-15T12:02:35.543-0500][gc,heap        ] GC(8147)  Metaspace       used 49404K, capacity 51450K, committed 53248K, reserved 1093632K
[2020-12-15T12:02:35.543-0500][gc,heap        ] GC(8147)   class space    used 7386K, capacity 8097K, committed 8704K, reserved 1048576K
[2020-12-15T12:02:35.543-0500][gc,start       ] GC(8147) Pause Young (Concurrent Start) (G1 Evacuation Pause)
[2020-12-15T12:02:35.543-0500][gc,task        ] GC(8147) Using 8 workers of 8 for evacuation
[2020-12-15T12:02:35.554-0500][gc,phases      ] GC(8147)   Pre Evacuate Collection Set: 0.2ms
[2020-12-15T12:02:35.554-0500][gc,phases      ] GC(8147)   Evacuate Collection Set: 8.9ms
[2020-12-15T12:02:35.554-0500][gc,phases      ] GC(8147)   Post Evacuate Collection Set: 1.5ms
[2020-12-15T12:02:35.554-0500][gc,phases      ] GC(8147)   Other: 0.2ms
[2020-12-15T12:02:35.554-0500][gc,heap        ] GC(8147) Eden regions: 11->0(10)
[2020-12-15T12:02:35.554-0500][gc,heap        ] GC(8147) Survivor regions: 0->1(2)
[2020-12-15T12:02:35.554-0500][gc,heap        ] GC(8147) Old regions: 42->42
[2020-12-15T12:02:35.554-0500][gc,heap        ] GC(8147) Humongous regions: 4->4
[2020-12-15T12:02:35.554-0500][gc,metaspace   ] GC(8147) Metaspace: 49404K->49404K(1093632K)
[2020-12-15T12:02:35.554-0500][gc,heap        ] GC(8147) Heap after GC invocations=8148 (full 1674): garbage-first heap   total 66560K, used 43477K [0x0000000083000000, 0x0000000100000000)
[2020-12-15T12:02:35.554-0500][gc,heap        ] GC(8147)   region size 1024K, 1 young (1024K), 1 survivors (1024K)
[2020-12-15T12:02:35.554-0500][gc,heap        ] GC(8147)  Metaspace       used 49404K, capacity 51450K, committed 53248K, reserved 1093632K
[2020-12-15T12:02:35.554-0500][gc,heap        ] GC(8147)   class space    used 7386K, capacity 8097K, committed 8704K, reserved 1048576K
[2020-12-15T12:02:35.554-0500][gc             ] GC(8147) Pause Young (Concurrent Start) (G1 Evacuation Pause) 53M->42M(65M) 10.888ms
[2020-12-15T12:02:35.554-0500][gc,cpu         ] GC(8147) User=0.05s Sys=0.00s Real=0.01s
[2020-12-15T12:02:35.554-0500][gc             ] GC(8148) Concurrent Cycle
[2020-12-15T12:02:35.554-0500][gc,marking     ] GC(8148) Concurrent Clear Claimed Marks
[2020-12-15T12:02:35.554-0500][gc,marking     ] GC(8148) Concurrent Clear Claimed Marks 0.267ms
[2020-12-15T12:02:35.555-0500][gc,marking     ] GC(8148) Concurrent Scan Root Regions
[2020-12-15T12:02:35.556-0500][gc,marking     ] GC(8148) Concurrent Scan Root Regions 1.230ms
[2020-12-15T12:02:35.556-0500][gc,marking     ] GC(8148) Concurrent Mark (501952.943s)
[2020-12-15T12:02:35.556-0500][gc,marking     ] GC(8148) Concurrent Mark From Roots
[2020-12-15T12:02:35.556-0500][gc,task        ] GC(8148) Using 2 workers of 2 for marking
[2020-12-15T12:02:35.637-0500][gc,marking     ] GC(8148) Concurrent Mark From Roots 80.696ms
[2020-12-15T12:02:35.637-0500][gc,marking     ] GC(8148) Concurrent Preclean
[2020-12-15T12:02:35.637-0500][gc,marking     ] GC(8148) Concurrent Preclean 0.262ms
[2020-12-15T12:02:35.637-0500][gc,marking     ] GC(8148) Concurrent Mark (501952.943s, 501953.024s) 81.081ms
[2020-12-15T12:02:35.637-0500][gc,start       ] GC(8148) Pause Remark
[2020-12-15T12:02:35.646-0500][gc,stringtable ] GC(8148) Cleaned string and symbol table, strings: 32762 processed, 0 removed, symbols: 120723 processed, 0 removed
[2020-12-15T12:02:35.646-0500][gc             ] GC(8148) Pause Remark 43M->43M(65M) 9.003ms
[2020-12-15T12:02:35.646-0500][gc,cpu         ] GC(8148) User=0.05s Sys=0.00s Real=0.01s
[2020-12-15T12:02:35.646-0500][gc,marking     ] GC(8148) Concurrent Rebuild Remembered Sets
[2020-12-15T12:02:35.691-0500][gc,marking     ] GC(8148) Concurrent Rebuild Remembered Sets 44.873ms
[2020-12-15T12:02:35.692-0500][gc,start       ] GC(8148) Pause Cleanup
[2020-12-15T12:02:35.692-0500][gc             ] GC(8148) Pause Cleanup 43M->43M(65M) 0.443ms
[2020-12-15T12:02:35.692-0500][gc,cpu         ] GC(8148) User=0.00s Sys=0.00s Real=0.00s
[2020-12-15T12:02:35.693-0500][gc,marking     ] GC(8148) Concurrent Cleanup for Next Mark
[2020-12-15T12:02:35.693-0500][gc,marking     ] GC(8148) Concurrent Cleanup for Next Mark 0.283ms
[2020-12-15T12:02:35.693-0500][gc             ] GC(8148) Concurrent Cycle 138.785ms
[2020-12-15T12:03:25.546-0500][gc,heap        ] GC(8149) Heap before GC invocations=8149 (full 1674): garbage-first heap   total 66560K, used 52693K [0x0000000083000000, 0x0000000100000000)
[2020-12-15T12:03:25.546-0500][gc,heap        ] GC(8149)   region size 1024K, 11 young (11264K), 1 survivors (1024K)
[2020-12-15T12:03:25.546-0500][gc,heap        ] GC(8149)  Metaspace       used 49404K, capacity 51450K, committed 53248K, reserved 1093632K
[2020-12-15T12:03:25.546-0500][gc,heap        ] GC(8149)   class space    used 7386K, capacity 8097K, committed 8704K, reserved 1048576K
[2020-12-15T12:03:25.546-0500][gc,start       ] GC(8149) Pause Young (Normal) (G1 Evacuation Pause)
[2020-12-15T12:03:25.546-0500][gc,task        ] GC(8149) Using 8 workers of 8 for evacuation
[2020-12-15T12:03:25.551-0500][gc,phases      ] GC(8149)   Pre Evacuate Collection Set: 0.0ms
[2020-12-15T12:03:25.551-0500][gc,phases      ] GC(8149)   Evacuate Collection Set: 2.7ms
[2020-12-15T12:03:25.551-0500][gc,phases      ] GC(8149)   Post Evacuate Collection Set: 2.8ms
[2020-12-15T12:03:25.551-0500][gc,phases      ] GC(8149)   Other: 0.3ms
[2020-12-15T12:03:25.551-0500][gc,heap        ] GC(8149) Eden regions: 10->0(10)
[2020-12-15T12:03:25.551-0500][gc,heap        ] GC(8149) Survivor regions: 1->1(2)
[2020-12-15T12:03:25.551-0500][gc,heap        ] GC(8149) Old regions: 42->42
[2020-12-15T12:03:25.551-0500][gc,heap        ] GC(8149) Humongous regions: 4->4
[2020-12-15T12:03:25.551-0500][gc,metaspace   ] GC(8149) Metaspace: 49404K->49404K(1093632K)
[2020-12-15T12:03:25.552-0500][gc,heap        ] GC(8149) Heap after GC invocations=8150 (full 1674): garbage-first heap   total 66560K, used 43392K [0x0000000083000000, 0x0000000100000000)
[2020-12-15T12:03:25.552-0500][gc,heap        ] GC(8149)   region size 1024K, 1 young (1024K), 1 survivors (1024K)
[2020-12-15T12:03:25.552-0500][gc,heap        ] GC(8149)  Metaspace       used 49404K, capacity 51450K, committed 53248K, reserved 1093632K
[2020-12-15T12:03:25.552-0500][gc,heap        ] GC(8149)   class space    used 7386K, capacity 8097K, committed 8704K, reserved 1048576K
[2020-12-15T12:03:25.552-0500][gc             ] GC(8149) Pause Young (Normal) (G1 Evacuation Pause) 52M->42M(65M) 5.799ms
[2020-12-15T12:03:25.552-0500][gc,cpu         ] GC(8149) User=0.02s Sys=0.00s Real=0.01s
[2020-12-15T12:04:07.812-0500][gc,heap        ] GC(8150) Heap before GC invocations=8150 (full 1674): garbage-first heap   total 66560K, used 52608K [0x0000000083000000, 0x0000000100000000)
[2020-12-15T12:04:07.812-0500][gc,heap        ] GC(8150)   region size 1024K, 11 young (11264K), 1 survivors (1024K)
[2020-12-15T12:04:07.812-0500][gc,heap        ] GC(8150)  Metaspace       used 49404K, capacity 51450K, committed 53248K, reserved 1093632K
[2020-12-15T12:04:07.812-0500][gc,heap        ] GC(8150)   class space    used 7386K, capacity 8097K, committed 8704K, reserved 1048576K
[2020-12-15T12:04:07.812-0500][gc,start       ] GC(8150) Pause Young (Concurrent Start) (G1 Evacuation Pause)
[2020-12-15T12:04:07.812-0500][gc,task        ] GC(8150) Using 8 workers of 8 for evacuation
[2020-12-15T12:04:07.843-0500][gc,phases      ] GC(8150)   Pre Evacuate Collection Set: 0.2ms
[2020-12-15T12:04:07.844-0500][gc,phases      ] GC(8150)   Evacuate Collection Set: 27.8ms
[2020-12-15T12:04:07.844-0500][gc,phases      ] GC(8150)   Post Evacuate Collection Set: 2.9ms
[2020-12-15T12:04:07.844-0500][gc,phases      ] GC(8150)   Other: 0.7ms
[2020-12-15T12:04:07.844-0500][gc,heap        ] GC(8150) Eden regions: 10->0(10)
[2020-12-15T12:04:07.844-0500][gc,heap        ] GC(8150) Survivor regions: 1->1(2)
[2020-12-15T12:04:07.844-0500][gc,heap        ] GC(8150) Old regions: 42->42
[2020-12-15T12:04:07.844-0500][gc,heap        ] GC(8150) Humongous regions: 4->4
[2020-12-15T12:04:07.844-0500][gc,metaspace   ] GC(8150) Metaspace: 49404K->49404K(1093632K)
[2020-12-15T12:04:07.844-0500][gc,heap        ] GC(8150) Heap after GC invocations=8151 (full 1674): garbage-first heap   total 66560K, used 43338K [0x0000000083000000, 0x0000000100000000)
[2020-12-15T12:04:07.844-0500][gc,heap        ] GC(8150)   region size 1024K, 1 young (1024K), 1 survivors (1024K)
[2020-12-15T12:04:07.844-0500][gc,heap        ] GC(8150)  Metaspace       used 49404K, capacity 51450K, committed 53248K, reserved 1093632K
[2020-12-15T12:04:07.844-0500][gc,heap        ] GC(8150)   class space    used 7386K, capacity 8097K, committed 8704K, reserved 1048576K
[2020-12-15T12:04:07.844-0500][gc             ] GC(8150) Pause Young (Concurrent Start) (G1 Evacuation Pause) 52M->42M(65M) 31.647ms
[2020-12-15T12:04:07.844-0500][gc,cpu         ] GC(8150) User=0.19s Sys=0.00s Real=0.03s
[2020-12-15T12:04:07.844-0500][gc             ] GC(8151) Concurrent Cycle
[2020-12-15T12:04:07.844-0500][gc,marking     ] GC(8151) Concurrent Clear Claimed Marks
[2020-12-15T12:04:07.844-0500][gc,marking     ] GC(8151) Concurrent Clear Claimed Marks 0.239ms
[2020-12-15T12:04:07.844-0500][gc,marking     ] GC(8151) Concurrent Scan Root Regions
[2020-12-15T12:04:07.846-0500][gc,marking     ] GC(8151) Concurrent Scan Root Regions 1.509ms
[2020-12-15T12:04:07.846-0500][gc,marking     ] GC(8151) Concurrent Mark (502045.233s)
[2020-12-15T12:04:07.846-0500][gc,marking     ] GC(8151) Concurrent Mark From Roots
[2020-12-15T12:04:07.846-0500][gc,task        ] GC(8151) Using 2 workers of 2 for marking
[2020-12-15T12:04:07.917-0500][gc,marking     ] GC(8151) Concurrent Mark From Roots 71.413ms
[2020-12-15T12:04:07.918-0500][gc,marking     ] GC(8151) Concurrent Preclean
[2020-12-15T12:04:07.918-0500][gc,marking     ] GC(8151) Concurrent Preclean 0.271ms
[2020-12-15T12:04:07.918-0500][gc,marking     ] GC(8151) Concurrent Mark (502045.233s, 502045.305s) 71.790ms
[2020-12-15T12:04:07.919-0500][gc,start       ] GC(8151) Pause Remark
[2020-12-15T12:04:07.928-0500][gc,stringtable ] GC(8151) Cleaned string and symbol table, strings: 32762 processed, 0 removed, symbols: 120723 processed, 0 removed
[2020-12-15T12:04:07.928-0500][gc             ] GC(8151) Pause Remark 42M->42M(65M) 9.840ms
[2020-12-15T12:04:07.928-0500][gc,cpu         ] GC(8151) User=0.05s Sys=0.00s Real=0.01s
[2020-12-15T12:04:07.929-0500][gc,marking     ] GC(8151) Concurrent Rebuild Remembered Sets
[2020-12-15T12:04:07.959-0500][gc,marking     ] GC(8151) Concurrent Rebuild Remembered Sets 30.498ms
[2020-12-15T12:04:07.960-0500][gc,start       ] GC(8151) Pause Cleanup
[2020-12-15T12:04:07.960-0500][gc             ] GC(8151) Pause Cleanup 42M->42M(65M) 0.243ms
[2020-12-15T12:04:07.960-0500][gc,cpu         ] GC(8151) User=0.00s Sys=0.00s Real=0.00s
[2020-12-15T12:04:07.960-0500][gc,marking     ] GC(8151) Concurrent Cleanup for Next Mark
[2020-12-15T12:04:07.961-0500][gc,marking     ] GC(8151) Concurrent Cleanup for Next Mark 0.212ms
[2020-12-15T12:04:07.961-0500][gc             ] GC(8151) Concurrent Cycle 116.482ms
[2020-12-15T12:04:56.015-0500][gc,heap        ] GC(8152) Heap before GC invocations=8152 (full 1674): garbage-first heap   total 66560K, used 52554K [0x0000000083000000, 0x0000000100000000)
[2020-12-15T12:04:56.015-0500][gc,heap        ] GC(8152)   region size 1024K, 11 young (11264K), 1 survivors (1024K)
[2020-12-15T12:04:56.015-0500][gc,heap        ] GC(8152)  Metaspace       used 49404K, capacity 51450K, committed 53248K, reserved 1093632K
[2020-12-15T12:04:56.016-0500][gc,heap        ] GC(8152)   class space    used 7386K, capacity 8097K, committed 8704K, reserved 1048576K
[2020-12-15T12:04:56.016-0500][gc,start       ] GC(8152) Pause Young (Normal) (G1 Evacuation Pause)
[2020-12-15T12:04:56.016-0500][gc,task        ] GC(8152) Using 8 workers of 8 for evacuation
[2020-12-15T12:04:56.049-0500][gc,phases      ] GC(8152)   Pre Evacuate Collection Set: 0.0ms
[2020-12-15T12:04:56.049-0500][gc,phases      ] GC(8152)   Evacuate Collection Set: 3.8ms
[2020-12-15T12:04:56.049-0500][gc,phases      ] GC(8152)   Post Evacuate Collection Set: 29.2ms
[2020-12-15T12:04:56.049-0500][gc,phases      ] GC(8152)   Other: 0.4ms
[2020-12-15T12:04:56.049-0500][gc,heap        ] GC(8152) Eden regions: 10->0(10)
[2020-12-15T12:04:56.049-0500][gc,heap        ] GC(8152) Survivor regions: 1->1(2)
[2020-12-15T12:04:56.049-0500][gc,heap        ] GC(8152) Old regions: 42->42
[2020-12-15T12:04:56.049-0500][gc,heap        ] GC(8152) Humongous regions: 4->4
[2020-12-15T12:04:56.049-0500][gc,metaspace   ] GC(8152) Metaspace: 49404K->49404K(1093632K)
[2020-12-15T12:04:56.049-0500][gc,heap        ] GC(8152) Heap after GC invocations=8153 (full 1674): garbage-first heap   total 66560K, used 43363K [0x0000000083000000, 0x0000000100000000)
[2020-12-15T12:04:56.049-0500][gc,heap        ] GC(8152)   region size 1024K, 1 young (1024K), 1 survivors (1024K)
[2020-12-15T12:04:56.049-0500][gc,heap        ] GC(8152)  Metaspace       used 49404K, capacity 51450K, committed 53248K, reserved 1093632K
[2020-12-15T12:04:56.049-0500][gc,heap        ] GC(8152)   class space    used 7386K, capacity 8097K, committed 8704K, reserved 1048576K
[2020-12-15T12:04:56.049-0500][gc             ] GC(8152) Pause Young (Normal) (G1 Evacuation Pause) 52M->42M(65M) 33.551ms
[2020-12-15T12:04:56.049-0500][gc,cpu         ] GC(8152) User=0.19s Sys=0.00s Real=0.04s
[2020-12-15T12:05:46.012-0500][gc,heap        ] GC(8153) Heap before GC invocations=8153 (full 1674): garbage-first heap   total 66560K, used 52579K [0x0000000083000000, 0x0000000100000000)
[2020-12-15T12:05:46.012-0500][gc,heap        ] GC(8153)   region size 1024K, 11 young (11264K), 1 survivors (1024K)
[2020-12-15T12:05:46.012-0500][gc,heap        ] GC(8153)  Metaspace       used 49404K, capacity 51450K, committed 53248K, reserved 1093632K
[2020-12-15T12:05:46.012-0500][gc,heap        ] GC(8153)   class space    used 7386K, capacity 8097K, committed 8704K, reserved 1048576K
[2020-12-15T12:05:46.012-0500][gc,start       ] GC(8153) Pause Young (Concurrent Start) (G1 Evacuation Pause)
[2020-12-15T12:05:46.012-0500][gc,task        ] GC(8153) Using 8 workers of 8 for evacuation
[2020-12-15T12:05:46.014-0500][gc,phases      ] GC(8153)   Pre Evacuate Collection Set: 0.2ms
[2020-12-15T12:05:46.015-0500][gc,phases      ] GC(8153)   Evacuate Collection Set: 1.4ms
[2020-12-15T12:05:46.015-0500][gc,phases      ] GC(8153)   Post Evacuate Collection Set: 0.9ms
[2020-12-15T12:05:46.015-0500][gc,phases      ] GC(8153)   Other: 0.3ms
[2020-12-15T12:05:46.015-0500][gc,heap        ] GC(8153) Eden regions: 10->0(10)
[2020-12-15T12:05:46.015-0500][gc,heap        ] GC(8153) Survivor regions: 1->1(2)
[2020-12-15T12:05:46.015-0500][gc,heap        ] GC(8153) Old regions: 42->42
[2020-12-15T12:05:46.015-0500][gc,heap        ] GC(8153) Humongous regions: 4->4
[2020-12-15T12:05:46.015-0500][gc,metaspace   ] GC(8153) Metaspace: 49404K->49404K(1093632K)
[2020-12-15T12:05:46.015-0500][gc,heap        ] GC(8153) Heap after GC invocations=8154 (full 1674): garbage-first heap   total 66560K, used 43358K [0x0000000083000000, 0x0000000100000000)
[2020-12-15T12:05:46.015-0500][gc,heap        ] GC(8153)   region size 1024K, 1 young (1024K), 1 survivors (1024K)
[2020-12-15T12:05:46.015-0500][gc,heap        ] GC(8153)  Metaspace       used 49404K, capacity 51450K, committed 53248K, reserved 1093632K
[2020-12-15T12:05:46.015-0500][gc,heap        ] GC(8153)   class space    used 7386K, capacity 8097K, committed 8704K, reserved 1048576K
[2020-12-15T12:05:46.015-0500][gc             ] GC(8153) Pause Young (Concurrent Start) (G1 Evacuation Pause) 52M->42M(65M) 2.937ms
[2020-12-15T12:05:46.015-0500][gc,cpu         ] GC(8153) User=0.01s Sys=0.00s Real=0.00s
[2020-12-15T12:05:46.015-0500][gc             ] GC(8154) Concurrent Cycle
[2020-12-15T12:05:46.015-0500][gc,marking     ] GC(8154) Concurrent Clear Claimed Marks
[2020-12-15T12:05:46.015-0500][gc,marking     ] GC(8154) Concurrent Clear Claimed Marks 0.102ms
[2020-12-15T12:05:46.015-0500][gc,marking     ] GC(8154) Concurrent Scan Root Regions
[2020-12-15T12:05:46.016-0500][gc,marking     ] GC(8154) Concurrent Scan Root Regions 1.013ms
[2020-12-15T12:05:46.016-0500][gc,marking     ] GC(8154) Concurrent Mark (502143.403s)
[2020-12-15T12:05:46.016-0500][gc,marking     ] GC(8154) Concurrent Mark From Roots
[2020-12-15T12:05:46.016-0500][gc,task        ] GC(8154) Using 2 workers of 2 for marking
[2020-12-15T12:05:46.077-0500][gc,marking     ] GC(8154) Concurrent Mark From Roots 60.707ms
[2020-12-15T12:05:46.077-0500][gc,marking     ] GC(8154) Concurrent Preclean
[2020-12-15T12:05:46.077-0500][gc,marking     ] GC(8154) Concurrent Preclean 0.314ms
[2020-12-15T12:05:46.077-0500][gc,marking     ] GC(8154) Concurrent Mark (502143.403s, 502143.464s) 61.135ms
[2020-12-15T12:05:46.078-0500][gc,start       ] GC(8154) Pause Remark
[2020-12-15T12:05:46.089-0500][gc,stringtable ] GC(8154) Cleaned string and symbol table, strings: 32765 processed, 0 removed, symbols: 120723 processed, 0 removed
[2020-12-15T12:05:46.090-0500][gc             ] GC(8154) Pause Remark 42M->42M(65M) 12.001ms
[2020-12-15T12:05:46.090-0500][gc,cpu         ] GC(8154) User=0.07s Sys=0.00s Real=0.01s
[2020-12-15T12:05:46.090-0500][gc,marking     ] GC(8154) Concurrent Rebuild Remembered Sets
[2020-12-15T12:05:46.128-0500][gc,marking     ] GC(8154) Concurrent Rebuild Remembered Sets 37.528ms
[2020-12-15T12:05:46.128-0500][gc,start       ] GC(8154) Pause Cleanup
[2020-12-15T12:05:46.128-0500][gc             ] GC(8154) Pause Cleanup 42M->42M(65M) 0.264ms
[2020-12-15T12:05:46.128-0500][gc,cpu         ] GC(8154) User=0.00s Sys=0.00s Real=0.00s
[2020-12-15T12:05:46.128-0500][gc,marking     ] GC(8154) Concurrent Cleanup for Next Mark
[2020-12-15T12:05:46.129-0500][gc,marking     ] GC(8154) Concurrent Cleanup for Next Mark 0.288ms
[2020-12-15T12:05:46.129-0500][gc             ] GC(8154) Concurrent Cycle 113.867ms
[2020-12-15T12:06:35.542-0500][gc,heap        ] GC(8155) Heap before GC invocations=8155 (full 1674): garbage-first heap   total 66560K, used 52574K [0x0000000083000000, 0x0000000100000000)
[2020-12-15T12:06:35.543-0500][gc,heap        ] GC(8155)   region size 1024K, 11 young (11264K), 1 survivors (1024K)
[2020-12-15T12:06:35.543-0500][gc,heap        ] GC(8155)  Metaspace       used 49404K, capacity 51450K, committed 53248K, reserved 1093632K
[2020-12-15T12:06:35.543-0500][gc,heap        ] GC(8155)   class space    used 7386K, capacity 8097K, committed 8704K, reserved 1048576K
[2020-12-15T12:06:35.543-0500][gc,start       ] GC(8155) Pause Young (Normal) (G1 Evacuation Pause)
[2020-12-15T12:06:35.543-0500][gc,task        ] GC(8155) Using 8 workers of 8 for evacuation
[2020-12-15T12:06:35.569-0500][gc,phases      ] GC(8155)   Pre Evacuate Collection Set: 0.0ms
[2020-12-15T12:06:35.569-0500][gc,phases      ] GC(8155)   Evacuate Collection Set: 1.6ms
[2020-12-15T12:06:35.569-0500][gc,phases      ] GC(8155)   Post Evacuate Collection Set: 24.7ms
[2020-12-15T12:06:35.569-0500][gc,phases      ] GC(8155)   Other: 0.5ms
[2020-12-15T12:06:35.569-0500][gc,heap        ] GC(8155) Eden regions: 10->0(10)
[2020-12-15T12:06:35.569-0500][gc,heap        ] GC(8155) Survivor regions: 1->1(2)
[2020-12-15T12:06:35.569-0500][gc,heap        ] GC(8155) Old regions: 42->42
[2020-12-15T12:06:35.569-0500][gc,heap        ] GC(8155) Humongous regions: 4->4
[2020-12-15T12:06:35.569-0500][gc,metaspace   ] GC(8155) Metaspace: 49404K->49404K(1093632K)
[2020-12-15T12:06:35.569-0500][gc,heap        ] GC(8155) Heap after GC invocations=8156 (full 1674): garbage-first heap   total 66560K, used 43522K [0x0000000083000000, 0x0000000100000000)
[2020-12-15T12:06:35.570-0500][gc,heap        ] GC(8155)   region size 1024K, 1 young (1024K), 1 survivors (1024K)
[2020-12-15T12:06:35.570-0500][gc,heap        ] GC(8155)  Metaspace       used 49404K, capacity 51450K, committed 53248K, reserved 1093632K
[2020-12-15T12:06:35.570-0500][gc,heap        ] GC(8155)   class space    used 7386K, capacity 8097K, committed 8704K, reserved 1048576K
[2020-12-15T12:06:35.570-0500][gc             ] GC(8155) Pause Young (Normal) (G1 Evacuation Pause) 52M->42M(65M) 26.952ms
[2020-12-15T12:06:35.570-0500][gc,cpu         ] GC(8155) User=0.16s Sys=0.00s Real=0.03s
[2020-12-15T12:06:45.190-0500][gc,task        ] GC(8156) Using 5 workers of 8 for full compaction
[2020-12-15T12:06:45.190-0500][gc,start       ] GC(8156) Pause Full (System.gc())
[2020-12-15T12:06:45.190-0500][gc,heap        ] GC(8156) Heap before GC invocations=8156 (full 1674): garbage-first heap   total 66560K, used 44546K [0x0000000083000000, 0x0000000100000000)
[2020-12-15T12:06:45.190-0500][gc,heap        ] GC(8156)   region size 1024K, 3 young (3072K), 1 survivors (1024K)
[2020-12-15T12:06:45.190-0500][gc,heap        ] GC(8156)  Metaspace       used 49404K, capacity 51450K, committed 53248K, reserved 1093632K
[2020-12-15T12:06:45.190-0500][gc,heap        ] GC(8156)   class space    used 7386K, capacity 8097K, committed 8704K, reserved 1048576K
[2020-12-15T12:06:45.190-0500][gc,phases,start] GC(8156) Phase 1: Mark live objects
[2020-12-15T12:06:45.220-0500][gc,stringtable ] GC(8156) Cleaned string and symbol table, strings: 32765 processed, 5 removed, symbols: 120723 processed, 0 removed
[2020-12-15T12:06:45.220-0500][gc,phases      ] GC(8156) Phase 1: Mark live objects 29.285ms
[2020-12-15T12:06:45.220-0500][gc,phases,start] GC(8156) Phase 2: Prepare for compaction
[2020-12-15T12:06:45.225-0500][gc,phases      ] GC(8156) Phase 2: Prepare for compaction 4.766ms
[2020-12-15T12:06:45.225-0500][gc,phases,start] GC(8156) Phase 3: Adjust pointers
[2020-12-15T12:06:45.243-0500][gc,phases      ] GC(8156) Phase 3: Adjust pointers 18.727ms
[2020-12-15T12:06:45.243-0500][gc,phases,start] GC(8156) Phase 4: Compact heap
[2020-12-15T12:06:45.248-0500][gc,phases      ] GC(8156) Phase 4: Compact heap 4.209ms
[2020-12-15T12:06:45.255-0500][gc,heap        ] GC(8156) Eden regions: 2->0(11)
[2020-12-15T12:06:45.255-0500][gc,heap        ] GC(8156) Survivor regions: 1->0(2)
[2020-12-15T12:06:45.255-0500][gc,heap        ] GC(8156) Old regions: 42->42
[2020-12-15T12:06:45.255-0500][gc,heap        ] GC(8156) Humongous regions: 4->4
[2020-12-15T12:06:45.255-0500][gc,metaspace   ] GC(8156) Metaspace: 49404K->49404K(1093632K)
[2020-12-15T12:06:45.255-0500][gc,heap        ] GC(8156) Heap after GC invocations=8157 (full 1675): garbage-first heap   total 66560K, used 43265K [0x0000000083000000, 0x0000000100000000)
[2020-12-15T12:06:45.255-0500][gc,heap        ] GC(8156)   region size 1024K, 0 young (0K), 0 survivors (0K)
[2020-12-15T12:06:45.255-0500][gc,heap        ] GC(8156)  Metaspace       used 49404K, capacity 51450K, committed 53248K, reserved 1093632K
[2020-12-15T12:06:45.255-0500][gc,heap        ] GC(8156)   class space    used 7386K, capacity 8097K, committed 8704K, reserved 1048576K
[2020-12-15T12:06:45.255-0500][gc             ] GC(8156) Pause Full (System.gc()) 43M->42M(65M) 64.822ms
[2020-12-15T12:06:45.255-0500][gc,cpu         ] GC(8156) User=0.28s Sys=0.00s Real=0.06s
[2020-12-15T12:07:35.554-0500][gc,heap        ] GC(8157) Heap before GC invocations=8157 (full 1675): garbage-first heap   total 66560K, used 53505K [0x0000000083000000, 0x0000000100000000)
[2020-12-15T12:07:35.554-0500][gc,heap        ] GC(8157)   region size 1024K, 11 young (11264K), 0 survivors (0K)
[2020-12-15T12:07:35.554-0500][gc,heap        ] GC(8157)  Metaspace       used 49404K, capacity 51450K, committed 53248K, reserved 1093632K
[2020-12-15T12:07:35.554-0500][gc,heap        ] GC(8157)   class space    used 7386K, capacity 8097K, committed 8704K, reserved 1048576K
[2020-12-15T12:07:35.555-0500][gc,start       ] GC(8157) Pause Young (Concurrent Start) (G1 Evacuation Pause)
[2020-12-15T12:07:35.555-0500][gc,task        ] GC(8157) Using 8 workers of 8 for evacuation
[2020-12-15T12:07:35.565-0500][gc,phases      ] GC(8157)   Pre Evacuate Collection Set: 0.2ms
[2020-12-15T12:07:35.565-0500][gc,phases      ] GC(8157)   Evacuate Collection Set: 3.2ms
[2020-12-15T12:07:35.565-0500][gc,phases      ] GC(8157)   Post Evacuate Collection Set: 6.3ms
[2020-12-15T12:07:35.565-0500][gc,phases      ] GC(8157)   Other: 0.6ms
[2020-12-15T12:07:35.565-0500][gc,heap        ] GC(8157) Eden regions: 11->0(10)
[2020-12-15T12:07:35.565-0500][gc,heap        ] GC(8157) Survivor regions: 0->1(2)
[2020-12-15T12:07:35.565-0500][gc,heap        ] GC(8157) Old regions: 42->42
[2020-12-15T12:07:35.565-0500][gc,heap        ] GC(8157) Humongous regions: 4->4
[2020-12-15T12:07:35.565-0500][gc,metaspace   ] GC(8157) Metaspace: 49404K->49404K(1093632K)
[2020-12-15T12:07:35.565-0500][gc,heap        ] GC(8157) Heap after GC invocations=8158 (full 1675): garbage-first heap   total 66560K, used 43486K [0x0000000083000000, 0x0000000100000000)
[2020-12-15T12:07:35.565-0500][gc,heap        ] GC(8157)   region size 1024K, 1 young (1024K), 1 survivors (1024K)
[2020-12-15T12:07:35.565-0500][gc,heap        ] GC(8157)  Metaspace       used 49404K, capacity 51450K, committed 53248K, reserved 1093632K
[2020-12-15T12:07:35.565-0500][gc,heap        ] GC(8157)   class space    used 7386K, capacity 8097K, committed 8704K, reserved 1048576K
[2020-12-15T12:07:35.565-0500][gc             ] GC(8157) Pause Young (Concurrent Start) (G1 Evacuation Pause) 53M->42M(65M) 10.300ms
[2020-12-15T12:07:35.565-0500][gc,cpu         ] GC(8157) User=0.04s Sys=0.01s Real=0.01s
[2020-12-15T12:07:35.565-0500][gc             ] GC(8158) Concurrent Cycle
[2020-12-15T12:07:35.565-0500][gc,marking     ] GC(8158) Concurrent Clear Claimed Marks
[2020-12-15T12:07:35.565-0500][gc,marking     ] GC(8158) Concurrent Clear Claimed Marks 0.227ms
[2020-12-15T12:07:35.565-0500][gc,marking     ] GC(8158) Concurrent Scan Root Regions
[2020-12-15T12:07:35.567-0500][gc,marking     ] GC(8158) Concurrent Scan Root Regions 1.425ms
[2020-12-15T12:07:35.567-0500][gc,marking     ] GC(8158) Concurrent Mark (502252.954s)
[2020-12-15T12:07:35.567-0500][gc,marking     ] GC(8158) Concurrent Mark From Roots
[2020-12-15T12:07:35.567-0500][gc,task        ] GC(8158) Using 2 workers of 2 for marking
[2020-12-15T12:07:35.665-0500][gc,marking     ] GC(8158) Concurrent Mark From Roots 98.528ms
[2020-12-15T12:07:35.666-0500][gc,marking     ] GC(8158) Concurrent Preclean
[2020-12-15T12:07:35.666-0500][gc,marking     ] GC(8158) Concurrent Preclean 0.324ms
[2020-12-15T12:07:35.666-0500][gc,marking     ] GC(8158) Concurrent Mark (502252.954s, 502253.053s) 98.969ms
[2020-12-15T12:07:35.667-0500][gc,start       ] GC(8158) Pause Remark
[2020-12-15T12:07:35.677-0500][gc,stringtable ] GC(8158) Cleaned string and symbol table, strings: 32765 processed, 0 removed, symbols: 120723 processed, 0 removed
[2020-12-15T12:07:35.678-0500][gc             ] GC(8158) Pause Remark 43M->43M(65M) 10.603ms
[2020-12-15T12:07:35.678-0500][gc,cpu         ] GC(8158) User=0.05s Sys=0.00s Real=0.02s
[2020-12-15T12:07:35.678-0500][gc,marking     ] GC(8158) Concurrent Rebuild Remembered Sets
[2020-12-15T12:07:35.725-0500][gc,marking     ] GC(8158) Concurrent Rebuild Remembered Sets 47.238ms
[2020-12-15T12:07:35.726-0500][gc,start       ] GC(8158) Pause Cleanup
[2020-12-15T12:07:35.726-0500][gc             ] GC(8158) Pause Cleanup 43M->43M(65M) 0.542ms
[2020-12-15T12:07:35.726-0500][gc,cpu         ] GC(8158) User=0.00s Sys=0.00s Real=0.00s
[2020-12-15T12:07:35.727-0500][gc,marking     ] GC(8158) Concurrent Cleanup for Next Mark
[2020-12-15T12:07:35.728-0500][gc,marking     ] GC(8158) Concurrent Cleanup for Next Mark 0.432ms
[2020-12-15T12:07:35.728-0500][gc             ] GC(8158) Concurrent Cycle 162.648ms
[2020-12-15T12:08:25.546-0500][gc,heap        ] GC(8159) Heap before GC invocations=8159 (full 1675): garbage-first heap   total 66560K, used 52702K [0x0000000083000000, 0x0000000100000000)
[2020-12-15T12:08:25.546-0500][gc,heap        ] GC(8159)   region size 1024K, 11 young (11264K), 1 survivors (1024K)
[2020-12-15T12:08:25.546-0500][gc,heap        ] GC(8159)  Metaspace       used 49404K, capacity 51450K, committed 53248K, reserved 1093632K
[2020-12-15T12:08:25.546-0500][gc,heap        ] GC(8159)   class space    used 7386K, capacity 8097K, committed 8704K, reserved 1048576K
[2020-12-15T12:08:25.546-0500][gc,start       ] GC(8159) Pause Young (Normal) (G1 Evacuation Pause)
[2020-12-15T12:08:25.546-0500][gc,task        ] GC(8159) Using 8 workers of 8 for evacuation
[2020-12-15T12:08:25.554-0500][gc,phases      ] GC(8159)   Pre Evacuate Collection Set: 0.0ms
[2020-12-15T12:08:25.554-0500][gc,phases      ] GC(8159)   Evacuate Collection Set: 6.0ms
[2020-12-15T12:08:25.554-0500][gc,phases      ] GC(8159)   Post Evacuate Collection Set: 1.9ms
[2020-12-15T12:08:25.554-0500][gc,phases      ] GC(8159)   Other: 0.3ms
[2020-12-15T12:08:25.554-0500][gc,heap        ] GC(8159) Eden regions: 10->0(10)
[2020-12-15T12:08:25.554-0500][gc,heap        ] GC(8159) Survivor regions: 1->1(2)
[2020-12-15T12:08:25.554-0500][gc,heap        ] GC(8159) Old regions: 42->42
[2020-12-15T12:08:25.554-0500][gc,heap        ] GC(8159) Humongous regions: 4->4
[2020-12-15T12:08:25.554-0500][gc,metaspace   ] GC(8159) Metaspace: 49404K->49404K(1093632K)
[2020-12-15T12:08:25.554-0500][gc,heap        ] GC(8159) Heap after GC invocations=8160 (full 1675): garbage-first heap   total 66560K, used 43468K [0x0000000083000000, 0x0000000100000000)
[2020-12-15T12:08:25.554-0500][gc,heap        ] GC(8159)   region size 1024K, 1 young (1024K), 1 survivors (1024K)
[2020-12-15T12:08:25.554-0500][gc,heap        ] GC(8159)  Metaspace       used 49404K, capacity 51450K, committed 53248K, reserved 1093632K
[2020-12-15T12:08:25.554-0500][gc,heap        ] GC(8159)   class space    used 7386K, capacity 8097K, committed 8704K, reserved 1048576K
[2020-12-15T12:08:25.554-0500][gc             ] GC(8159) Pause Young (Normal) (G1 Evacuation Pause) 52M->42M(65M) 8.318ms
[2020-12-15T12:08:25.554-0500][gc,cpu         ] GC(8159) User=0.04s Sys=0.00s Real=0.01s
[2020-12-15T12:09:15.353-0500][gc,heap        ] GC(8160) Heap before GC invocations=8160 (full 1675): garbage-first heap   total 66560K, used 52684K [0x0000000083000000, 0x0000000100000000)
[2020-12-15T12:09:15.353-0500][gc,heap        ] GC(8160)   region size 1024K, 11 young (11264K), 1 survivors (1024K)
[2020-12-15T12:09:15.353-0500][gc,heap        ] GC(8160)  Metaspace       used 49404K, capacity 51450K, committed 53248K, reserved 1093632K
[2020-12-15T12:09:15.353-0500][gc,heap        ] GC(8160)   class space    used 7386K, capacity 8097K, committed 8704K, reserved 1048576K
[2020-12-15T12:09:15.353-0500][gc,start       ] GC(8160) Pause Young (Concurrent Start) (G1 Evacuation Pause)
[2020-12-15T12:09:15.353-0500][gc,task        ] GC(8160) Using 8 workers of 8 for evacuation
[2020-12-15T12:09:15.357-0500][gc,phases      ] GC(8160)   Pre Evacuate Collection Set: 0.2ms
[2020-12-15T12:09:15.357-0500][gc,phases      ] GC(8160)   Evacuate Collection Set: 1.9ms
[2020-12-15T12:09:15.357-0500][gc,phases      ] GC(8160)   Post Evacuate Collection Set: 1.2ms
[2020-12-15T12:09:15.357-0500][gc,phases      ] GC(8160)   Other: 0.3ms
[2020-12-15T12:09:15.357-0500][gc,heap        ] GC(8160) Eden regions: 10->0(10)
[2020-12-15T12:09:15.357-0500][gc,heap        ] GC(8160) Survivor regions: 1->1(2)
[2020-12-15T12:09:15.357-0500][gc,heap        ] GC(8160) Old regions: 42->42
[2020-12-15T12:09:15.357-0500][gc,heap        ] GC(8160) Humongous regions: 4->4
[2020-12-15T12:09:15.357-0500][gc,metaspace   ] GC(8160) Metaspace: 49404K->49404K(1093632K)
[2020-12-15T12:09:15.357-0500][gc,heap        ] GC(8160) Heap after GC invocations=8161 (full 1675): garbage-first heap   total 66560K, used 43341K [0x0000000083000000, 0x0000000100000000)
[2020-12-15T12:09:15.357-0500][gc,heap        ] GC(8160)   region size 1024K, 1 young (1024K), 1 survivors (1024K)
[2020-12-15T12:09:15.357-0500][gc,heap        ] GC(8160)  Metaspace       used 49404K, capacity 51450K, committed 53248K, reserved 1093632K
[2020-12-15T12:09:15.357-0500][gc,heap        ] GC(8160)   class space    used 7386K, capacity 8097K, committed 8704K, reserved 1048576K
[2020-12-15T12:09:15.357-0500][gc             ] GC(8160) Pause Young (Concurrent Start) (G1 Evacuation Pause) 52M->42M(65M) 3.713ms
[2020-12-15T12:09:15.357-0500][gc,cpu         ] GC(8160) User=0.01s Sys=0.00s Real=0.00s
[2020-12-15T12:09:15.357-0500][gc             ] GC(8161) Concurrent Cycle
[2020-12-15T12:09:15.357-0500][gc,marking     ] GC(8161) Concurrent Clear Claimed Marks
[2020-12-15T12:09:15.357-0500][gc,marking     ] GC(8161) Concurrent Clear Claimed Marks 0.119ms
[2020-12-15T12:09:15.357-0500][gc,marking     ] GC(8161) Concurrent Scan Root Regions
[2020-12-15T12:09:15.358-0500][gc,marking     ] GC(8161) Concurrent Scan Root Regions 0.988ms
[2020-12-15T12:09:15.358-0500][gc,marking     ] GC(8161) Concurrent Mark (502352.746s)
[2020-12-15T12:09:15.358-0500][gc,marking     ] GC(8161) Concurrent Mark From Roots
[2020-12-15T12:09:15.358-0500][gc,task        ] GC(8161) Using 2 workers of 2 for marking
[2020-12-15T12:09:15.422-0500][gc,marking     ] GC(8161) Concurrent Mark From Roots 63.405ms
[2020-12-15T12:09:15.422-0500][gc,marking     ] GC(8161) Concurrent Preclean
[2020-12-15T12:09:15.422-0500][gc,marking     ] GC(8161) Concurrent Preclean 0.184ms
[2020-12-15T12:09:15.422-0500][gc,marking     ] GC(8161) Concurrent Mark (502352.746s, 502352.809s) 63.678ms
[2020-12-15T12:09:15.422-0500][gc,start       ] GC(8161) Pause Remark
[2020-12-15T12:09:15.429-0500][gc,stringtable ] GC(8161) Cleaned string and symbol table, strings: 32765 processed, 0 removed, symbols: 120723 processed, 0 removed
[2020-12-15T12:09:15.430-0500][gc             ] GC(8161) Pause Remark 42M->42M(65M) 7.223ms
[2020-12-15T12:09:15.430-0500][gc,cpu         ] GC(8161) User=0.04s Sys=0.00s Real=0.01s
[2020-12-15T12:09:15.430-0500][gc,marking     ] GC(8161) Concurrent Rebuild Remembered Sets
[2020-12-15T12:09:15.463-0500][gc,marking     ] GC(8161) Concurrent Rebuild Remembered Sets 33.501ms
[2020-12-15T12:09:15.464-0500][gc,start       ] GC(8161) Pause Cleanup
[2020-12-15T12:09:15.464-0500][gc             ] GC(8161) Pause Cleanup 42M->42M(65M) 0.271ms
[2020-12-15T12:09:15.464-0500][gc,cpu         ] GC(8161) User=0.00s Sys=0.00s Real=0.00s
[2020-12-15T12:09:15.464-0500][gc,marking     ] GC(8161) Concurrent Cleanup for Next Mark
[2020-12-15T12:09:15.465-0500][gc,marking     ] GC(8161) Concurrent Cleanup for Next Mark 0.278ms
[2020-12-15T12:09:15.465-0500][gc             ] GC(8161) Concurrent Cycle 107.404ms
[2020-12-15T12:10:00.153-0500][gc,heap        ] GC(8162) Heap before GC invocations=8162 (full 1675): garbage-first heap   total 66560K, used 52557K [0x0000000083000000, 0x0000000100000000)
[2020-12-15T12:10:00.153-0500][gc,heap        ] GC(8162)   region size 1024K, 11 young (11264K), 1 survivors (1024K)
[2020-12-15T12:10:00.153-0500][gc,heap        ] GC(8162)  Metaspace       used 49404K, capacity 51450K, committed 53248K, reserved 1093632K
[2020-12-15T12:10:00.153-0500][gc,heap        ] GC(8162)   class space    used 7386K, capacity 8097K, committed 8704K, reserved 1048576K
[2020-12-15T12:10:00.153-0500][gc,start       ] GC(8162) Pause Young (Normal) (G1 Evacuation Pause)
[2020-12-15T12:10:00.153-0500][gc,task        ] GC(8162) Using 8 workers of 8 for evacuation
[2020-12-15T12:10:00.159-0500][gc,phases      ] GC(8162)   Pre Evacuate Collection Set: 0.0ms
[2020-12-15T12:10:00.159-0500][gc,phases      ] GC(8162)   Evacuate Collection Set: 1.1ms
[2020-12-15T12:10:00.159-0500][gc,phases      ] GC(8162)   Post Evacuate Collection Set: 4.5ms
[2020-12-15T12:10:00.159-0500][gc,phases      ] GC(8162)   Other: 0.3ms
[2020-12-15T12:10:00.159-0500][gc,heap        ] GC(8162) Eden regions: 10->0(10)
[2020-12-15T12:10:00.159-0500][gc,heap        ] GC(8162) Survivor regions: 1->1(2)
[2020-12-15T12:10:00.159-0500][gc,heap        ] GC(8162) Old regions: 42->42
[2020-12-15T12:10:00.159-0500][gc,heap        ] GC(8162) Humongous regions: 4->4
[2020-12-15T12:10:00.159-0500][gc,metaspace   ] GC(8162) Metaspace: 49404K->49404K(1093632K)
[2020-12-15T12:10:00.159-0500][gc,heap        ] GC(8162) Heap after GC invocations=8163 (full 1675): garbage-first heap   total 66560K, used 43332K [0x0000000083000000, 0x0000000100000000)
[2020-12-15T12:10:00.159-0500][gc,heap        ] GC(8162)   region size 1024K, 1 young (1024K), 1 survivors (1024K)
[2020-12-15T12:10:00.159-0500][gc,heap        ] GC(8162)  Metaspace       used 49404K, capacity 51450K, committed 53248K, reserved 1093632K
[2020-12-15T12:10:00.159-0500][gc,heap        ] GC(8162)   class space    used 7386K, capacity 8097K, committed 8704K, reserved 1048576K
[2020-12-15T12:10:00.159-0500][gc             ] GC(8162) Pause Young (Normal) (G1 Evacuation Pause) 52M->42M(65M) 5.997ms
[2020-12-15T12:10:00.159-0500][gc,cpu         ] GC(8162) User=0.03s Sys=0.00s Real=0.01s
[2020-12-15T12:10:46.012-0500][gc,heap        ] GC(8163) Heap before GC invocations=8163 (full 1675): garbage-first heap   total 66560K, used 52548K [0x0000000083000000, 0x0000000100000000)
[2020-12-15T12:10:46.013-0500][gc,heap        ] GC(8163)   region size 1024K, 11 young (11264K), 1 survivors (1024K)
[2020-12-15T12:10:46.013-0500][gc,heap        ] GC(8163)  Metaspace       used 49404K, capacity 51450K, committed 53248K, reserved 1093632K
[2020-12-15T12:10:46.013-0500][gc,heap        ] GC(8163)   class space    used 7386K, capacity 8097K, committed 8704K, reserved 1048576K
[2020-12-15T12:10:46.013-0500][gc,start       ] GC(8163) Pause Young (Concurrent Start) (G1 Evacuation Pause)
[2020-12-15T12:10:46.013-0500][gc,task        ] GC(8163) Using 8 workers of 8 for evacuation
[2020-12-15T12:10:46.057-0500][gc,phases      ] GC(8163)   Pre Evacuate Collection Set: 0.2ms
[2020-12-15T12:10:46.057-0500][gc,phases      ] GC(8163)   Evacuate Collection Set: 24.5ms
[2020-12-15T12:10:46.057-0500][gc,phases      ] GC(8163)   Post Evacuate Collection Set: 19.5ms
[2020-12-15T12:10:46.057-0500][gc,phases      ] GC(8163)   Other: 0.4ms
[2020-12-15T12:10:46.057-0500][gc,heap        ] GC(8163) Eden regions: 10->0(10)
[2020-12-15T12:10:46.057-0500][gc,heap        ] GC(8163) Survivor regions: 1->1(2)
[2020-12-15T12:10:46.057-0500][gc,heap        ] GC(8163) Old regions: 42->42
[2020-12-15T12:10:46.057-0500][gc,heap        ] GC(8163) Humongous regions: 4->4
[2020-12-15T12:10:46.057-0500][gc,metaspace   ] GC(8163) Metaspace: 49404K->49404K(1093632K)
[2020-12-15T12:10:46.057-0500][gc,heap        ] GC(8163) Heap after GC invocations=8164 (full 1675): garbage-first heap   total 66560K, used 43361K [0x0000000083000000, 0x0000000100000000)
[2020-12-15T12:10:46.057-0500][gc,heap        ] GC(8163)   region size 1024K, 1 young (1024K), 1 survivors (1024K)
[2020-12-15T12:10:46.057-0500][gc,heap        ] GC(8163)  Metaspace       used 49404K, capacity 51450K, committed 53248K, reserved 1093632K
[2020-12-15T12:10:46.057-0500][gc,heap        ] GC(8163)   class space    used 7386K, capacity 8097K, committed 8704K, reserved 1048576K
[2020-12-15T12:10:46.057-0500][gc             ] GC(8163) Pause Young (Concurrent Start) (G1 Evacuation Pause) 52M->42M(65M) 44.700ms
[2020-12-15T12:10:46.057-0500][gc,cpu         ] GC(8163) User=0.30s Sys=0.00s Real=0.04s
[2020-12-15T12:10:46.059-0500][gc             ] GC(8164) Concurrent Cycle
[2020-12-15T12:10:46.059-0500][gc,marking     ] GC(8164) Concurrent Clear Claimed Marks
[2020-12-15T12:10:46.059-0500][gc,marking     ] GC(8164) Concurrent Clear Claimed Marks 0.319ms
[2020-12-15T12:10:46.059-0500][gc,marking     ] GC(8164) Concurrent Scan Root Regions
[2020-12-15T12:10:46.061-0500][gc,marking     ] GC(8164) Concurrent Scan Root Regions 1.307ms
[2020-12-15T12:10:46.061-0500][gc,marking     ] GC(8164) Concurrent Mark (502443.448s)
[2020-12-15T12:10:46.061-0500][gc,marking     ] GC(8164) Concurrent Mark From Roots
[2020-12-15T12:10:46.061-0500][gc,task        ] GC(8164) Using 2 workers of 2 for marking
[2020-12-15T12:10:46.150-0500][gc,marking     ] GC(8164) Concurrent Mark From Roots 89.006ms
[2020-12-15T12:10:46.150-0500][gc,marking     ] GC(8164) Concurrent Preclean
[2020-12-15T12:10:46.150-0500][gc,marking     ] GC(8164) Concurrent Preclean 0.241ms
[2020-12-15T12:10:46.150-0500][gc,marking     ] GC(8164) Concurrent Mark (502443.448s, 502443.537s) 89.376ms
[2020-12-15T12:10:46.151-0500][gc,start       ] GC(8164) Pause Remark
[2020-12-15T12:10:46.161-0500][gc,stringtable ] GC(8164) Cleaned string and symbol table, strings: 32765 processed, 0 removed, symbols: 120723 processed, 0 removed
[2020-12-15T12:10:46.162-0500][gc             ] GC(8164) Pause Remark 42M->42M(65M) 11.038ms
[2020-12-15T12:10:46.162-0500][gc,cpu         ] GC(8164) User=0.06s Sys=0.00s Real=0.01s
[2020-12-15T12:10:46.162-0500][gc,marking     ] GC(8164) Concurrent Rebuild Remembered Sets
[2020-12-15T12:10:46.197-0500][gc,marking     ] GC(8164) Concurrent Rebuild Remembered Sets 34.811ms
[2020-12-15T12:10:46.197-0500][gc,start       ] GC(8164) Pause Cleanup
[2020-12-15T12:10:46.198-0500][gc             ] GC(8164) Pause Cleanup 42M->42M(65M) 0.268ms
[2020-12-15T12:10:46.198-0500][gc,cpu         ] GC(8164) User=0.00s Sys=0.00s Real=0.01s
[2020-12-15T12:10:46.198-0500][gc,marking     ] GC(8164) Concurrent Cleanup for Next Mark
[2020-12-15T12:10:46.198-0500][gc,marking     ] GC(8164) Concurrent Cleanup for Next Mark 0.145ms
[2020-12-15T12:10:46.198-0500][gc             ] GC(8164) Concurrent Cycle 139.533ms
[2020-12-15T12:11:35.549-0500][gc,heap        ] GC(8165) Heap before GC invocations=8165 (full 1675): garbage-first heap   total 66560K, used 52577K [0x0000000083000000, 0x0000000100000000)
[2020-12-15T12:11:35.550-0500][gc,heap        ] GC(8165)   region size 1024K, 11 young (11264K), 1 survivors (1024K)
[2020-12-15T12:11:35.550-0500][gc,heap        ] GC(8165)  Metaspace       used 49404K, capacity 51450K, committed 53248K, reserved 1093632K
[2020-12-15T12:11:35.550-0500][gc,heap        ] GC(8165)   class space    used 7386K, capacity 8097K, committed 8704K, reserved 1048576K
[2020-12-15T12:11:35.550-0500][gc,start       ] GC(8165) Pause Young (Normal) (G1 Evacuation Pause)
[2020-12-15T12:11:35.550-0500][gc,task        ] GC(8165) Using 8 workers of 8 for evacuation
[2020-12-15T12:11:35.560-0500][gc,phases      ] GC(8165)   Pre Evacuate Collection Set: 0.0ms
[2020-12-15T12:11:35.560-0500][gc,phases      ] GC(8165)   Evacuate Collection Set: 5.4ms
[2020-12-15T12:11:35.560-0500][gc,phases      ] GC(8165)   Post Evacuate Collection Set: 4.4ms
[2020-12-15T12:11:35.560-0500][gc,phases      ] GC(8165)   Other: 0.4ms
[2020-12-15T12:11:35.560-0500][gc,heap        ] GC(8165) Eden regions: 10->0(10)
[2020-12-15T12:11:35.560-0500][gc,heap        ] GC(8165) Survivor regions: 1->1(2)
[2020-12-15T12:11:35.560-0500][gc,heap        ] GC(8165) Old regions: 42->42
[2020-12-15T12:11:35.560-0500][gc,heap        ] GC(8165) Humongous regions: 4->4
[2020-12-15T12:11:35.560-0500][gc,metaspace   ] GC(8165) Metaspace: 49404K->49404K(1093632K)
[2020-12-15T12:11:35.560-0500][gc,heap        ] GC(8165) Heap after GC invocations=8166 (full 1675): garbage-first heap   total 66560K, used 43520K [0x0000000083000000, 0x0000000100000000)
[2020-12-15T12:11:35.560-0500][gc,heap        ] GC(8165)   region size 1024K, 1 young (1024K), 1 survivors (1024K)
[2020-12-15T12:11:35.560-0500][gc,heap        ] GC(8165)  Metaspace       used 49404K, capacity 51450K, committed 53248K, reserved 1093632K
[2020-12-15T12:11:35.560-0500][gc,heap        ] GC(8165)   class space    used 7386K, capacity 8097K, committed 8704K, reserved 1048576K
[2020-12-15T12:11:35.560-0500][gc             ] GC(8165) Pause Young (Normal) (G1 Evacuation Pause) 52M->42M(65M) 10.281ms
[2020-12-15T12:11:35.560-0500][gc,cpu         ] GC(8165) User=0.07s Sys=0.00s Real=0.01s
[2020-12-15T12:11:45.190-0500][gc,task        ] GC(8166) Using 5 workers of 8 for full compaction
[2020-12-15T12:11:45.190-0500][gc,start       ] GC(8166) Pause Full (System.gc())
[2020-12-15T12:11:45.190-0500][gc,heap        ] GC(8166) Heap before GC invocations=8166 (full 1675): garbage-first heap   total 66560K, used 44544K [0x0000000083000000, 0x0000000100000000)
[2020-12-15T12:11:45.190-0500][gc,heap        ] GC(8166)   region size 1024K, 3 young (3072K), 1 survivors (1024K)
[2020-12-15T12:11:45.190-0500][gc,heap        ] GC(8166)  Metaspace       used 49404K, capacity 51450K, committed 53248K, reserved 1093632K
[2020-12-15T12:11:45.190-0500][gc,heap        ] GC(8166)   class space    used 7386K, capacity 8097K, committed 8704K, reserved 1048576K
[2020-12-15T12:11:45.191-0500][gc,phases,start] GC(8166) Phase 1: Mark live objects
[2020-12-15T12:11:45.224-0500][gc,stringtable ] GC(8166) Cleaned string and symbol table, strings: 32765 processed, 5 removed, symbols: 120723 processed, 0 removed
[2020-12-15T12:11:45.224-0500][gc,phases      ] GC(8166) Phase 1: Mark live objects 33.075ms
[2020-12-15T12:11:45.224-0500][gc,phases,start] GC(8166) Phase 2: Prepare for compaction
[2020-12-15T12:11:45.231-0500][gc,phases      ] GC(8166) Phase 2: Prepare for compaction 7.233ms
[2020-12-15T12:11:45.231-0500][gc,phases,start] GC(8166) Phase 3: Adjust pointers
[2020-12-15T12:11:45.249-0500][gc,phases      ] GC(8166) Phase 3: Adjust pointers 17.764ms
[2020-12-15T12:11:45.249-0500][gc,phases,start] GC(8166) Phase 4: Compact heap
[2020-12-15T12:11:45.254-0500][gc,phases      ] GC(8166) Phase 4: Compact heap 4.719ms
[2020-12-15T12:11:45.265-0500][gc,heap        ] GC(8166) Eden regions: 2->0(10)
[2020-12-15T12:11:45.265-0500][gc,heap        ] GC(8166) Survivor regions: 1->0(2)
[2020-12-15T12:11:45.265-0500][gc,heap        ] GC(8166) Old regions: 42->43
[2020-12-15T12:11:45.265-0500][gc,heap        ] GC(8166) Humongous regions: 4->4
[2020-12-15T12:11:45.265-0500][gc,metaspace   ] GC(8166) Metaspace: 49404K->49404K(1093632K)
[2020-12-15T12:11:45.265-0500][gc,heap        ] GC(8166) Heap after GC invocations=8167 (full 1676): garbage-first heap   total 66560K, used 43261K [0x0000000083000000, 0x0000000100000000)
[2020-12-15T12:11:45.265-0500][gc,heap        ] GC(8166)   region size 1024K, 0 young (0K), 0 survivors (0K)
[2020-12-15T12:11:45.265-0500][gc,heap        ] GC(8166)  Metaspace       used 49404K, capacity 51450K, committed 53248K, reserved 1093632K
[2020-12-15T12:11:45.265-0500][gc,heap        ] GC(8166)   class space    used 7386K, capacity 8097K, committed 8704K, reserved 1048576K
[2020-12-15T12:11:45.265-0500][gc             ] GC(8166) Pause Full (System.gc()) 43M->42M(65M) 74.351ms
[2020-12-15T12:11:45.265-0500][gc,cpu         ] GC(8166) User=0.31s Sys=0.00s Real=0.07s
[2020-12-15T12:12:26.016-0500][gc,heap        ] GC(8167) Heap before GC invocations=8167 (full 1676): garbage-first heap   total 66560K, used 52477K [0x0000000083000000, 0x0000000100000000)
[2020-12-15T12:12:26.016-0500][gc,heap        ] GC(8167)   region size 1024K, 10 young (10240K), 0 survivors (0K)
[2020-12-15T12:12:26.016-0500][gc,heap        ] GC(8167)  Metaspace       used 49404K, capacity 51450K, committed 53248K, reserved 1093632K
[2020-12-15T12:12:26.016-0500][gc,heap        ] GC(8167)   class space    used 7386K, capacity 8097K, committed 8704K, reserved 1048576K
[2020-12-15T12:12:26.016-0500][gc,start       ] GC(8167) Pause Young (Concurrent Start) (G1 Evacuation Pause)
[2020-12-15T12:12:26.016-0500][gc,task        ] GC(8167) Using 8 workers of 8 for evacuation
[2020-12-15T12:12:26.050-0500][gc,phases      ] GC(8167)   Pre Evacuate Collection Set: 0.2ms
[2020-12-15T12:12:26.050-0500][gc,phases      ] GC(8167)   Evacuate Collection Set: 1.3ms
[2020-12-15T12:12:26.050-0500][gc,phases      ] GC(8167)   Post Evacuate Collection Set: 32.2ms
[2020-12-15T12:12:26.050-0500][gc,phases      ] GC(8167)   Other: 0.3ms
[2020-12-15T12:12:26.050-0500][gc,heap        ] GC(8167) Eden regions: 10->0(9)
[2020-12-15T12:12:26.050-0500][gc,heap        ] GC(8167) Survivor regions: 0->1(2)
[2020-12-15T12:12:26.050-0500][gc,heap        ] GC(8167) Old regions: 43->43
[2020-12-15T12:12:26.050-0500][gc,heap        ] GC(8167) Humongous regions: 4->4
[2020-12-15T12:12:26.050-0500][gc,metaspace   ] GC(8167) Metaspace: 49404K->49404K(1093632K)
[2020-12-15T12:12:26.050-0500][gc,heap        ] GC(8167) Heap after GC invocations=8168 (full 1676): garbage-first heap   total 66560K, used 43338K [0x0000000083000000, 0x0000000100000000)
[2020-12-15T12:12:26.050-0500][gc,heap        ] GC(8167)   region size 1024K, 1 young (1024K), 1 survivors (1024K)
[2020-12-15T12:12:26.050-0500][gc,heap        ] GC(8167)  Metaspace       used 49404K, capacity 51450K, committed 53248K, reserved 1093632K
[2020-12-15T12:12:26.050-0500][gc,heap        ] GC(8167)   class space    used 7386K, capacity 8097K, committed 8704K, reserved 1048576K
[2020-12-15T12:12:26.050-0500][gc             ] GC(8167) Pause Young (Concurrent Start) (G1 Evacuation Pause) 52M->42M(65M) 34.133ms
[2020-12-15T12:12:26.051-0500][gc,cpu         ] GC(8167) User=0.22s Sys=0.00s Real=0.04s
[2020-12-15T12:12:26.051-0500][gc             ] GC(8168) Concurrent Cycle
[2020-12-15T12:12:26.051-0500][gc,marking     ] GC(8168) Concurrent Clear Claimed Marks
[2020-12-15T12:12:26.051-0500][gc,marking     ] GC(8168) Concurrent Clear Claimed Marks 0.212ms
[2020-12-15T12:12:26.051-0500][gc,marking     ] GC(8168) Concurrent Scan Root Regions
[2020-12-15T12:12:26.053-0500][gc,marking     ] GC(8168) Concurrent Scan Root Regions 1.379ms
[2020-12-15T12:12:26.053-0500][gc,marking     ] GC(8168) Concurrent Mark (502543.440s)
[2020-12-15T12:12:26.053-0500][gc,marking     ] GC(8168) Concurrent Mark From Roots
[2020-12-15T12:12:26.053-0500][gc,task        ] GC(8168) Using 2 workers of 2 for marking
[2020-12-15T12:12:26.135-0500][gc,marking     ] GC(8168) Concurrent Mark From Roots 81.969ms
[2020-12-15T12:12:26.135-0500][gc,marking     ] GC(8168) Concurrent Preclean
[2020-12-15T12:12:26.135-0500][gc,marking     ] GC(8168) Concurrent Preclean 0.230ms
[2020-12-15T12:12:26.135-0500][gc,marking     ] GC(8168) Concurrent Mark (502543.440s, 502543.522s) 82.310ms
[2020-12-15T12:12:26.137-0500][gc,start       ] GC(8168) Pause Remark
[2020-12-15T12:12:26.163-0500][gc,stringtable ] GC(8168) Cleaned string and symbol table, strings: 32765 processed, 0 removed, symbols: 120723 processed, 0 removed
[2020-12-15T12:12:26.164-0500][gc             ] GC(8168) Pause Remark 42M->42M(65M) 26.873ms
[2020-12-15T12:12:26.164-0500][gc,cpu         ] GC(8168) User=0.12s Sys=0.00s Real=0.03s
[2020-12-15T12:12:26.165-0500][gc,marking     ] GC(8168) Concurrent Rebuild Remembered Sets
[2020-12-15T12:12:26.220-0500][gc,marking     ] GC(8168) Concurrent Rebuild Remembered Sets 55.572ms
[2020-12-15T12:12:26.221-0500][gc,start       ] GC(8168) Pause Cleanup
[2020-12-15T12:12:26.222-0500][gc             ] GC(8168) Pause Cleanup 42M->42M(65M) 0.745ms
[2020-12-15T12:12:26.222-0500][gc,cpu         ] GC(8168) User=0.00s Sys=0.00s Real=0.00s
[2020-12-15T12:12:26.222-0500][gc,marking     ] GC(8168) Concurrent Cleanup for Next Mark
[2020-12-15T12:12:26.224-0500][gc,marking     ] GC(8168) Concurrent Cleanup for Next Mark 1.688ms
[2020-12-15T12:12:26.224-0500][gc             ] GC(8168) Concurrent Cycle 172.470ms
[2020-12-15T12:13:15.586-0500][gc,heap        ] GC(8169) Heap before GC invocations=8169 (full 1676): garbage-first heap   total 66560K, used 51530K [0x0000000083000000, 0x0000000100000000)
[2020-12-15T12:13:15.586-0500][gc,heap        ] GC(8169)   region size 1024K, 10 young (10240K), 1 survivors (1024K)
[2020-12-15T12:13:15.586-0500][gc,heap        ] GC(8169)  Metaspace       used 49404K, capacity 51450K, committed 53248K, reserved 1093632K
[2020-12-15T12:13:15.586-0500][gc,heap        ] GC(8169)   class space    used 7386K, capacity 8097K, committed 8704K, reserved 1048576K
[2020-12-15T12:13:15.587-0500][gc,start       ] GC(8169) Pause Young (Prepare Mixed) (G1 Evacuation Pause)
[2020-12-15T12:13:15.587-0500][gc,task        ] GC(8169) Using 8 workers of 8 for evacuation
[2020-12-15T12:13:15.716-0500][gc,phases      ] GC(8169)   Pre Evacuate Collection Set: 0.0ms
[2020-12-15T12:13:15.717-0500][gc,phases      ] GC(8169)   Evacuate Collection Set: 47.4ms
[2020-12-15T12:13:15.717-0500][gc,phases      ] GC(8169)   Post Evacuate Collection Set: 82.3ms
[2020-12-15T12:13:15.717-0500][gc,phases      ] GC(8169)   Other: 0.5ms
[2020-12-15T12:13:15.717-0500][gc,heap        ] GC(8169) Eden regions: 9->0(2)
[2020-12-15T12:13:15.717-0500][gc,heap        ] GC(8169) Survivor regions: 1->1(2)
[2020-12-15T12:13:15.717-0500][gc,heap        ] GC(8169) Old regions: 43->43
[2020-12-15T12:13:15.717-0500][gc,heap        ] GC(8169) Humongous regions: 4->4
[2020-12-15T12:13:15.717-0500][gc,metaspace   ] GC(8169) Metaspace: 49404K->49404K(1093632K)
[2020-12-15T12:13:15.717-0500][gc,heap        ] GC(8169) Heap after GC invocations=8170 (full 1676): garbage-first heap   total 66560K, used 43460K [0x0000000083000000, 0x0000000100000000)
[2020-12-15T12:13:15.717-0500][gc,heap        ] GC(8169)   region size 1024K, 1 young (1024K), 1 survivors (1024K)
[2020-12-15T12:13:15.717-0500][gc,heap        ] GC(8169)  Metaspace       used 49404K, capacity 51450K, committed 53248K, reserved 1093632K
[2020-12-15T12:13:15.717-0500][gc,heap        ] GC(8169)   class space    used 7386K, capacity 8097K, committed 8704K, reserved 1048576K
[2020-12-15T12:13:15.717-0500][gc             ] GC(8169) Pause Young (Prepare Mixed) (G1 Evacuation Pause) 51M->42M(65M) 130.688ms
[2020-12-15T12:13:15.717-0500][gc,cpu         ] GC(8169) User=0.67s Sys=0.00s Real=0.13s
[2020-12-15T12:13:25.561-0500][gc,heap        ] GC(8170) Heap before GC invocations=8170 (full 1676): garbage-first heap   total 66560K, used 45508K [0x0000000083000000, 0x0000000100000000)
[2020-12-15T12:13:25.561-0500][gc,heap        ] GC(8170)   region size 1024K, 3 young (3072K), 1 survivors (1024K)
[2020-12-15T12:13:25.561-0500][gc,heap        ] GC(8170)  Metaspace       used 49404K, capacity 51450K, committed 53248K, reserved 1093632K
[2020-12-15T12:13:25.561-0500][gc,heap        ] GC(8170)   class space    used 7386K, capacity 8097K, committed 8704K, reserved 1048576K
[2020-12-15T12:13:25.561-0500][gc,start       ] GC(8170) Pause Young (Mixed) (G1 Evacuation Pause)
[2020-12-15T12:13:25.561-0500][gc,task        ] GC(8170) Using 8 workers of 8 for evacuation
[2020-12-15T12:13:25.587-0500][gc,phases      ] GC(8170)   Pre Evacuate Collection Set: 0.0ms
[2020-12-15T12:13:25.587-0500][gc,phases      ] GC(8170)   Evacuate Collection Set: 9.5ms
[2020-12-15T12:13:25.587-0500][gc,phases      ] GC(8170)   Post Evacuate Collection Set: 16.6ms
[2020-12-15T12:13:25.587-0500][gc,phases      ] GC(8170)   Other: 0.4ms
[2020-12-15T12:13:25.587-0500][gc,heap        ] GC(8170) Eden regions: 2->0(9)
[2020-12-15T12:13:25.588-0500][gc,heap        ] GC(8170) Survivor regions: 1->1(1)
[2020-12-15T12:13:25.588-0500][gc,heap        ] GC(8170) Old regions: 43->43
[2020-12-15T12:13:25.588-0500][gc,heap        ] GC(8170) Humongous regions: 4->4
[2020-12-15T12:13:25.588-0500][gc,metaspace   ] GC(8170) Metaspace: 49404K->49404K(1093632K)
[2020-12-15T12:13:25.588-0500][gc,heap        ] GC(8170) Heap after GC invocations=8171 (full 1676): garbage-first heap   total 66560K, used 43414K [0x0000000083000000, 0x0000000100000000)
[2020-12-15T12:13:25.588-0500][gc,heap        ] GC(8170)   region size 1024K, 1 young (1024K), 1 survivors (1024K)
[2020-12-15T12:13:25.588-0500][gc,heap        ] GC(8170)  Metaspace       used 49404K, capacity 51450K, committed 53248K, reserved 1093632K
[2020-12-15T12:13:25.588-0500][gc,heap        ] GC(8170)   class space    used 7386K, capacity 8097K, committed 8704K, reserved 1048576K
[2020-12-15T12:13:25.588-0500][gc             ] GC(8170) Pause Young (Mixed) (G1 Evacuation Pause) 44M->42M(65M) 26.735ms
[2020-12-15T12:13:25.588-0500][gc,cpu         ] GC(8170) User=0.14s Sys=0.00s Real=0.03s
[2020-12-15T12:14:05.556-0500][gc,heap        ] GC(8171) Heap before GC invocations=8171 (full 1676): garbage-first heap   total 66560K, used 51606K [0x0000000083000000, 0x0000000100000000)
[2020-12-15T12:14:05.556-0500][gc,heap        ] GC(8171)   region size 1024K, 10 young (10240K), 1 survivors (1024K)
[2020-12-15T12:14:05.556-0500][gc,heap        ] GC(8171)  Metaspace       used 49404K, capacity 51450K, committed 53248K, reserved 1093632K
[2020-12-15T12:14:05.556-0500][gc,heap        ] GC(8171)   class space    used 7386K, capacity 8097K, committed 8704K, reserved 1048576K
[2020-12-15T12:14:05.556-0500][gc,start       ] GC(8171) Pause Young (Normal) (G1 Evacuation Pause)
[2020-12-15T12:14:05.556-0500][gc,task        ] GC(8171) Using 8 workers of 8 for evacuation
[2020-12-15T12:14:05.627-0500][gc,phases      ] GC(8171)   Pre Evacuate Collection Set: 0.0ms
[2020-12-15T12:14:05.628-0500][gc,phases      ] GC(8171)   Evacuate Collection Set: 19.2ms
[2020-12-15T12:14:05.628-0500][gc,phases      ] GC(8171)   Post Evacuate Collection Set: 51.6ms
[2020-12-15T12:14:05.628-0500][gc,phases      ] GC(8171)   Other: 0.3ms
[2020-12-15T12:14:05.628-0500][gc,heap        ] GC(8171) Eden regions: 9->0(9)
[2020-12-15T12:14:05.628-0500][gc,heap        ] GC(8171) Survivor regions: 1->1(2)
[2020-12-15T12:14:05.628-0500][gc,heap        ] GC(8171) Old regions: 43->43
[2020-12-15T12:14:05.628-0500][gc,heap        ] GC(8171) Humongous regions: 4->4
[2020-12-15T12:14:05.628-0500][gc,metaspace   ] GC(8171) Metaspace: 49404K->49404K(1093632K)
[2020-12-15T12:14:05.628-0500][gc,heap        ] GC(8171) Heap after GC invocations=8172 (full 1676): garbage-first heap   total 66560K, used 43497K [0x0000000083000000, 0x0000000100000000)
[2020-12-15T12:14:05.628-0500][gc,heap        ] GC(8171)   region size 1024K, 1 young (1024K), 1 survivors (1024K)
[2020-12-15T12:14:05.628-0500][gc,heap        ] GC(8171)  Metaspace       used 49404K, capacity 51450K, committed 53248K, reserved 1093632K
[2020-12-15T12:14:05.628-0500][gc,heap        ] GC(8171)   class space    used 7386K, capacity 8097K, committed 8704K, reserved 1048576K
[2020-12-15T12:14:05.628-0500][gc             ] GC(8171) Pause Young (Normal) (G1 Evacuation Pause) 51M->42M(65M) 71.443ms
[2020-12-15T12:14:05.628-0500][gc,cpu         ] GC(8171) User=0.34s Sys=0.00s Real=0.07s
[2020-12-15T12:14:48.486-0500][gc,heap        ] GC(8172) Heap before GC invocations=8172 (full 1676): garbage-first heap   total 66560K, used 51689K [0x0000000083000000, 0x0000000100000000)
[2020-12-15T12:14:48.486-0500][gc,heap        ] GC(8172)   region size 1024K, 10 young (10240K), 1 survivors (1024K)
[2020-12-15T12:14:48.486-0500][gc,heap        ] GC(8172)  Metaspace       used 49404K, capacity 51450K, committed 53248K, reserved 1093632K
[2020-12-15T12:14:48.486-0500][gc,heap        ] GC(8172)   class space    used 7386K, capacity 8097K, committed 8704K, reserved 1048576K
[2020-12-15T12:14:48.486-0500][gc,start       ] GC(8172) Pause Young (Normal) (G1 Evacuation Pause)
[2020-12-15T12:14:48.486-0500][gc,task        ] GC(8172) Using 8 workers of 8 for evacuation
[2020-12-15T12:14:48.491-0500][gc,phases      ] GC(8172)   Pre Evacuate Collection Set: 0.0ms
[2020-12-15T12:14:48.491-0500][gc,phases      ] GC(8172)   Evacuate Collection Set: 3.1ms
[2020-12-15T12:14:48.491-0500][gc,phases      ] GC(8172)   Post Evacuate Collection Set: 0.9ms
[2020-12-15T12:14:48.491-0500][gc,phases      ] GC(8172)   Other: 0.2ms
[2020-12-15T12:14:48.491-0500][gc,heap        ] GC(8172) Eden regions: 9->0(9)
[2020-12-15T12:14:48.491-0500][gc,heap        ] GC(8172) Survivor regions: 1->1(2)
[2020-12-15T12:14:48.491-0500][gc,heap        ] GC(8172) Old regions: 43->43
[2020-12-15T12:14:48.491-0500][gc,heap        ] GC(8172) Humongous regions: 4->4
[2020-12-15T12:14:48.491-0500][gc,metaspace   ] GC(8172) Metaspace: 49404K->49404K(1093632K)
[2020-12-15T12:14:48.491-0500][gc,heap        ] GC(8172) Heap after GC invocations=8173 (full 1676): garbage-first heap   total 66560K, used 43340K [0x0000000083000000, 0x0000000100000000)
[2020-12-15T12:14:48.491-0500][gc,heap        ] GC(8172)   region size 1024K, 1 young (1024K), 1 survivors (1024K)
[2020-12-15T12:14:48.491-0500][gc,heap        ] GC(8172)  Metaspace       used 49404K, capacity 51450K, committed 53248K, reserved 1093632K
[2020-12-15T12:14:48.491-0500][gc,heap        ] GC(8172)   class space    used 7386K, capacity 8097K, committed 8704K, reserved 1048576K
[2020-12-15T12:14:48.491-0500][gc             ] GC(8172) Pause Young (Normal) (G1 Evacuation Pause) 51M->42M(65M) 4.233ms
[2020-12-15T12:14:48.491-0500][gc,cpu         ] GC(8172) User=0.01s Sys=0.00s Real=0.01s
[2020-12-15T12:15:35.550-0500][gc,heap        ] GC(8173) Heap before GC invocations=8173 (full 1676): garbage-first heap   total 66560K, used 51532K [0x0000000083000000, 0x0000000100000000)
[2020-12-15T12:15:35.550-0500][gc,heap        ] GC(8173)   region size 1024K, 10 young (10240K), 1 survivors (1024K)
[2020-12-15T12:15:35.550-0500][gc,heap        ] GC(8173)  Metaspace       used 49404K, capacity 51450K, committed 53248K, reserved 1093632K
[2020-12-15T12:15:35.550-0500][gc,heap        ] GC(8173)   class space    used 7386K, capacity 8097K, committed 8704K, reserved 1048576K
[2020-12-15T12:15:35.550-0500][gc,start       ] GC(8173) Pause Young (Concurrent Start) (G1 Evacuation Pause)
[2020-12-15T12:15:35.550-0500][gc,task        ] GC(8173) Using 8 workers of 8 for evacuation
[2020-12-15T12:15:35.556-0500][gc,phases      ] GC(8173)   Pre Evacuate Collection Set: 0.2ms
[2020-12-15T12:15:35.557-0500][gc,phases      ] GC(8173)   Evacuate Collection Set: 3.9ms
[2020-12-15T12:15:35.557-0500][gc,phases      ] GC(8173)   Post Evacuate Collection Set: 1.9ms
[2020-12-15T12:15:35.557-0500][gc,phases      ] GC(8173)   Other: 0.4ms
[2020-12-15T12:15:35.557-0500][gc,heap        ] GC(8173) Eden regions: 9->0(9)
[2020-12-15T12:15:35.557-0500][gc,heap        ] GC(8173) Survivor regions: 1->1(2)
[2020-12-15T12:15:35.557-0500][gc,heap        ] GC(8173) Old regions: 43->43
[2020-12-15T12:15:35.557-0500][gc,heap        ] GC(8173) Humongous regions: 4->4
[2020-12-15T12:15:35.557-0500][gc,metaspace   ] GC(8173) Metaspace: 49404K->49404K(1093632K)
[2020-12-15T12:15:35.557-0500][gc,heap        ] GC(8173) Heap after GC invocations=8174 (full 1676): garbage-first heap   total 66560K, used 43388K [0x0000000083000000, 0x0000000100000000)
[2020-12-15T12:15:35.557-0500][gc,heap        ] GC(8173)   region size 1024K, 1 young (1024K), 1 survivors (1024K)
[2020-12-15T12:15:35.557-0500][gc,heap        ] GC(8173)  Metaspace       used 49404K, capacity 51450K, committed 53248K, reserved 1093632K
[2020-12-15T12:15:35.557-0500][gc,heap        ] GC(8173)   class space    used 7386K, capacity 8097K, committed 8704K, reserved 1048576K
[2020-12-15T12:15:35.557-0500][gc             ] GC(8173) Pause Young (Concurrent Start) (G1 Evacuation Pause) 51M->42M(65M) 6.573ms
[2020-12-15T12:15:35.557-0500][gc,cpu         ] GC(8173) User=0.01s Sys=0.01s Real=0.00s
[2020-12-15T12:15:35.557-0500][gc             ] GC(8174) Concurrent Cycle
[2020-12-15T12:15:35.557-0500][gc,marking     ] GC(8174) Concurrent Clear Claimed Marks
[2020-12-15T12:15:35.557-0500][gc,marking     ] GC(8174) Concurrent Clear Claimed Marks 0.184ms
[2020-12-15T12:15:35.557-0500][gc,marking     ] GC(8174) Concurrent Scan Root Regions
[2020-12-15T12:15:35.560-0500][gc,marking     ] GC(8174) Concurrent Scan Root Regions 2.365ms
[2020-12-15T12:15:35.560-0500][gc,marking     ] GC(8174) Concurrent Mark (502732.947s)
[2020-12-15T12:15:35.560-0500][gc,marking     ] GC(8174) Concurrent Mark From Roots
[2020-12-15T12:15:35.560-0500][gc,task        ] GC(8174) Using 2 workers of 2 for marking
[2020-12-15T12:15:35.650-0500][gc,marking     ] GC(8174) Concurrent Mark From Roots 89.832ms
[2020-12-15T12:15:35.650-0500][gc,marking     ] GC(8174) Concurrent Preclean
[2020-12-15T12:15:35.650-0500][gc,marking     ] GC(8174) Concurrent Preclean 0.185ms
[2020-12-15T12:15:35.650-0500][gc,marking     ] GC(8174) Concurrent Mark (502732.947s, 502733.037s) 90.137ms
[2020-12-15T12:15:35.650-0500][gc,start       ] GC(8174) Pause Remark
[2020-12-15T12:15:35.661-0500][gc,stringtable ] GC(8174) Cleaned string and symbol table, strings: 32765 processed, 0 removed, symbols: 120723 processed, 0 removed
[2020-12-15T12:15:35.662-0500][gc             ] GC(8174) Pause Remark 43M->43M(65M) 11.147ms
[2020-12-15T12:15:35.662-0500][gc,cpu         ] GC(8174) User=0.06s Sys=0.00s Real=0.01s
[2020-12-15T12:15:35.662-0500][gc,marking     ] GC(8174) Concurrent Rebuild Remembered Sets
[2020-12-15T12:15:35.697-0500][gc,marking     ] GC(8174) Concurrent Rebuild Remembered Sets 35.279ms
[2020-12-15T12:15:35.698-0500][gc,start       ] GC(8174) Pause Cleanup
[2020-12-15T12:15:35.698-0500][gc             ] GC(8174) Pause Cleanup 43M->43M(65M) 0.204ms
[2020-12-15T12:15:35.698-0500][gc,cpu         ] GC(8174) User=0.00s Sys=0.00s Real=0.00s
[2020-12-15T12:15:35.698-0500][gc,marking     ] GC(8174) Concurrent Cleanup for Next Mark
[2020-12-15T12:15:35.698-0500][gc,marking     ] GC(8174) Concurrent Cleanup for Next Mark 0.200ms
[2020-12-15T12:15:35.698-0500][gc             ] GC(8174) Concurrent Cycle 141.060ms
[2020-12-15T12:16:15.550-0500][gc,heap        ] GC(8175) Heap before GC invocations=8175 (full 1676): garbage-first heap   total 66560K, used 51580K [0x0000000083000000, 0x0000000100000000)
[2020-12-15T12:16:15.550-0500][gc,heap        ] GC(8175)   region size 1024K, 10 young (10240K), 1 survivors (1024K)
[2020-12-15T12:16:15.550-0500][gc,heap        ] GC(8175)  Metaspace       used 49404K, capacity 51450K, committed 53248K, reserved 1093632K
[2020-12-15T12:16:15.550-0500][gc,heap        ] GC(8175)   class space    used 7386K, capacity 8097K, committed 8704K, reserved 1048576K
[2020-12-15T12:16:15.550-0500][gc,start       ] GC(8175) Pause Young (Normal) (G1 Evacuation Pause)
[2020-12-15T12:16:15.550-0500][gc,task        ] GC(8175) Using 8 workers of 8 for evacuation
[2020-12-15T12:16:15.560-0500][gc,phases      ] GC(8175)   Pre Evacuate Collection Set: 0.0ms
[2020-12-15T12:16:15.560-0500][gc,phases      ] GC(8175)   Evacuate Collection Set: 7.5ms
[2020-12-15T12:16:15.560-0500][gc,phases      ] GC(8175)   Post Evacuate Collection Set: 2.3ms
[2020-12-15T12:16:15.560-0500][gc,phases      ] GC(8175)   Other: 0.5ms
[2020-12-15T12:16:15.560-0500][gc,heap        ] GC(8175) Eden regions: 9->0(9)
[2020-12-15T12:16:15.560-0500][gc,heap        ] GC(8175) Survivor regions: 1->1(2)
[2020-12-15T12:16:15.560-0500][gc,heap        ] GC(8175) Old regions: 43->43
[2020-12-15T12:16:15.560-0500][gc,heap        ] GC(8175) Humongous regions: 4->4
[2020-12-15T12:16:15.560-0500][gc,metaspace   ] GC(8175) Metaspace: 49404K->49404K(1093632K)
[2020-12-15T12:16:15.560-0500][gc,heap        ] GC(8175) Heap after GC invocations=8176 (full 1676): garbage-first heap   total 66560K, used 43503K [0x0000000083000000, 0x0000000100000000)
[2020-12-15T12:16:15.560-0500][gc,heap        ] GC(8175)   region size 1024K, 1 young (1024K), 1 survivors (1024K)
[2020-12-15T12:16:15.560-0500][gc,heap        ] GC(8175)  Metaspace       used 49404K, capacity 51450K, committed 53248K, reserved 1093632K
[2020-12-15T12:16:15.560-0500][gc,heap        ] GC(8175)   class space    used 7386K, capacity 8097K, committed 8704K, reserved 1048576K
[2020-12-15T12:16:15.560-0500][gc             ] GC(8175) Pause Young (Normal) (G1 Evacuation Pause) 51M->42M(65M) 10.351ms
[2020-12-15T12:16:15.561-0500][gc,cpu         ] GC(8175) User=0.05s Sys=0.00s Real=0.01s
[2020-12-15T12:16:45.191-0500][gc,task        ] GC(8176) Using 5 workers of 8 for full compaction
[2020-12-15T12:16:45.191-0500][gc,start       ] GC(8176) Pause Full (System.gc())
[2020-12-15T12:16:45.191-0500][gc,heap        ] GC(8176) Heap before GC invocations=8176 (full 1676): garbage-first heap   total 66560K, used 48623K [0x0000000083000000, 0x0000000100000000)
[2020-12-15T12:16:45.191-0500][gc,heap        ] GC(8176)   region size 1024K, 7 young (7168K), 1 survivors (1024K)
[2020-12-15T12:16:45.191-0500][gc,heap        ] GC(8176)  Metaspace       used 49404K, capacity 51450K, committed 53248K, reserved 1093632K
[2020-12-15T12:16:45.191-0500][gc,heap        ] GC(8176)   class space    used 7386K, capacity 8097K, committed 8704K, reserved 1048576K
[2020-12-15T12:16:45.191-0500][gc,phases,start] GC(8176) Phase 1: Mark live objects
[2020-12-15T12:16:45.222-0500][gc,stringtable ] GC(8176) Cleaned string and symbol table, strings: 32765 processed, 5 removed, symbols: 120723 processed, 0 removed
[2020-12-15T12:16:45.222-0500][gc,phases      ] GC(8176) Phase 1: Mark live objects 30.966ms
[2020-12-15T12:16:45.222-0500][gc,phases,start] GC(8176) Phase 2: Prepare for compaction
[2020-12-15T12:16:45.228-0500][gc,phases      ] GC(8176) Phase 2: Prepare for compaction 5.410ms
[2020-12-15T12:16:45.228-0500][gc,phases,start] GC(8176) Phase 3: Adjust pointers
[2020-12-15T12:16:45.251-0500][gc,phases      ] GC(8176) Phase 3: Adjust pointers 22.850ms
[2020-12-15T12:16:45.251-0500][gc,phases,start] GC(8176) Phase 4: Compact heap
[2020-12-15T12:16:45.256-0500][gc,phases      ] GC(8176) Phase 4: Compact heap 5.757ms
[2020-12-15T12:16:45.268-0500][gc,heap        ] GC(8176) Eden regions: 6->0(10)
[2020-12-15T12:16:45.268-0500][gc,heap        ] GC(8176) Survivor regions: 1->0(2)
[2020-12-15T12:16:45.268-0500][gc,heap        ] GC(8176) Old regions: 43->43
[2020-12-15T12:16:45.268-0500][gc,heap        ] GC(8176) Humongous regions: 4->4
[2020-12-15T12:16:45.268-0500][gc,metaspace   ] GC(8176) Metaspace: 49404K->49404K(1093632K)
[2020-12-15T12:16:45.268-0500][gc,heap        ] GC(8176) Heap after GC invocations=8177 (full 1677): garbage-first heap   total 66560K, used 43265K [0x0000000083000000, 0x0000000100000000)
[2020-12-15T12:16:45.268-0500][gc,heap        ] GC(8176)   region size 1024K, 0 young (0K), 0 survivors (0K)
[2020-12-15T12:16:45.268-0500][gc,heap        ] GC(8176)  Metaspace       used 49404K, capacity 51450K, committed 53248K, reserved 1093632K
[2020-12-15T12:16:45.268-0500][gc,heap        ] GC(8176)   class space    used 7386K, capacity 8097K, committed 8704K, reserved 1048576K
[2020-12-15T12:16:45.268-0500][gc             ] GC(8176) Pause Full (System.gc()) 47M->42M(65M) 77.068ms
[2020-12-15T12:16:45.268-0500][gc,cpu         ] GC(8176) User=0.32s Sys=0.00s Real=0.08s
[2020-12-15T12:17:29.861-0500][gc,heap        ] GC(8177) Heap before GC invocations=8177 (full 1677): garbage-first heap   total 66560K, used 52481K [0x0000000083000000, 0x0000000100000000)
[2020-12-15T12:17:29.861-0500][gc,heap        ] GC(8177)   region size 1024K, 10 young (10240K), 0 survivors (0K)
[2020-12-15T12:17:29.861-0500][gc,heap        ] GC(8177)  Metaspace       used 49404K, capacity 51450K, committed 53248K, reserved 1093632K
[2020-12-15T12:17:29.861-0500][gc,heap        ] GC(8177)   class space    used 7386K, capacity 8097K, committed 8704K, reserved 1048576K
[2020-12-15T12:17:29.861-0500][gc,start       ] GC(8177) Pause Young (Concurrent Start) (G1 Evacuation Pause)
[2020-12-15T12:17:29.861-0500][gc,task        ] GC(8177) Using 8 workers of 8 for evacuation
[2020-12-15T12:17:29.880-0500][gc,phases      ] GC(8177)   Pre Evacuate Collection Set: 0.2ms
[2020-12-15T12:17:29.880-0500][gc,phases      ] GC(8177)   Evacuate Collection Set: 17.5ms
[2020-12-15T12:17:29.880-0500][gc,phases      ] GC(8177)   Post Evacuate Collection Set: 1.3ms
[2020-12-15T12:17:29.880-0500][gc,phases      ] GC(8177)   Other: 0.3ms
[2020-12-15T12:17:29.880-0500][gc,heap        ] GC(8177) Eden regions: 10->0(9)
[2020-12-15T12:17:29.880-0500][gc,heap        ] GC(8177) Survivor regions: 0->1(2)
[2020-12-15T12:17:29.880-0500][gc,heap        ] GC(8177) Old regions: 43->43
[2020-12-15T12:17:29.880-0500][gc,heap        ] GC(8177) Humongous regions: 4->4
[2020-12-15T12:17:29.880-0500][gc,metaspace   ] GC(8177) Metaspace: 49404K->49404K(1093632K)
[2020-12-15T12:17:29.880-0500][gc,heap        ] GC(8177) Heap after GC invocations=8178 (full 1677): garbage-first heap   total 66560K, used 43321K [0x0000000083000000, 0x0000000100000000)
[2020-12-15T12:17:29.880-0500][gc,heap        ] GC(8177)   region size 1024K, 1 young (1024K), 1 survivors (1024K)
[2020-12-15T12:17:29.880-0500][gc,heap        ] GC(8177)  Metaspace       used 49404K, capacity 51450K, committed 53248K, reserved 1093632K
[2020-12-15T12:17:29.880-0500][gc,heap        ] GC(8177)   class space    used 7386K, capacity 8097K, committed 8704K, reserved 1048576K
[2020-12-15T12:17:29.881-0500][gc             ] GC(8177) Pause Young (Concurrent Start) (G1 Evacuation Pause) 52M->42M(65M) 19.341ms
[2020-12-15T12:17:29.881-0500][gc,cpu         ] GC(8177) User=0.10s Sys=0.00s Real=0.02s
[2020-12-15T12:17:29.881-0500][gc             ] GC(8178) Concurrent Cycle
[2020-12-15T12:17:29.881-0500][gc,marking     ] GC(8178) Concurrent Clear Claimed Marks
[2020-12-15T12:17:29.881-0500][gc,marking     ] GC(8178) Concurrent Clear Claimed Marks 0.187ms
[2020-12-15T12:17:29.881-0500][gc,marking     ] GC(8178) Concurrent Scan Root Regions
[2020-12-15T12:17:29.882-0500][gc,marking     ] GC(8178) Concurrent Scan Root Regions 1.064ms
[2020-12-15T12:17:29.882-0500][gc,marking     ] GC(8178) Concurrent Mark (502847.269s)
[2020-12-15T12:17:29.882-0500][gc,marking     ] GC(8178) Concurrent Mark From Roots
[2020-12-15T12:17:29.882-0500][gc,task        ] GC(8178) Using 2 workers of 2 for marking
[2020-12-15T12:17:29.942-0500][gc,marking     ] GC(8178) Concurrent Mark From Roots 59.819ms
[2020-12-15T12:17:29.942-0500][gc,marking     ] GC(8178) Concurrent Preclean
[2020-12-15T12:17:29.942-0500][gc,marking     ] GC(8178) Concurrent Preclean 0.194ms
[2020-12-15T12:17:29.942-0500][gc,marking     ] GC(8178) Concurrent Mark (502847.269s, 502847.329s) 60.105ms
[2020-12-15T12:17:29.943-0500][gc,start       ] GC(8178) Pause Remark
[2020-12-15T12:17:29.949-0500][gc,stringtable ] GC(8178) Cleaned string and symbol table, strings: 32765 processed, 0 removed, symbols: 120723 processed, 0 removed
[2020-12-15T12:17:29.949-0500][gc             ] GC(8178) Pause Remark 42M->42M(65M) 6.554ms
[2020-12-15T12:17:29.949-0500][gc,cpu         ] GC(8178) User=0.04s Sys=0.00s Real=0.01s
[2020-12-15T12:17:29.949-0500][gc,marking     ] GC(8178) Concurrent Rebuild Remembered Sets
[2020-12-15T12:17:29.983-0500][gc,marking     ] GC(8178) Concurrent Rebuild Remembered Sets 33.852ms
[2020-12-15T12:17:29.984-0500][gc,start       ] GC(8178) Pause Cleanup
[2020-12-15T12:17:29.984-0500][gc             ] GC(8178) Pause Cleanup 42M->42M(65M) 0.388ms
[2020-12-15T12:17:29.984-0500][gc,cpu         ] GC(8178) User=0.00s Sys=0.00s Real=0.00s
[2020-12-15T12:17:29.984-0500][gc,marking     ] GC(8178) Concurrent Cleanup for Next Mark
[2020-12-15T12:17:29.984-0500][gc,marking     ] GC(8178) Concurrent Cleanup for Next Mark 0.198ms
[2020-12-15T12:17:29.984-0500][gc             ] GC(8178) Concurrent Cycle 103.705ms
[2020-12-15T12:18:15.553-0500][gc,heap        ] GC(8179) Heap before GC invocations=8179 (full 1677): garbage-first heap   total 66560K, used 51513K [0x0000000083000000, 0x0000000100000000)
[2020-12-15T12:18:15.554-0500][gc,heap        ] GC(8179)   region size 1024K, 10 young (10240K), 1 survivors (1024K)
[2020-12-15T12:18:15.554-0500][gc,heap        ] GC(8179)  Metaspace       used 49404K, capacity 51450K, committed 53248K, reserved 1093632K
[2020-12-15T12:18:15.554-0500][gc,heap        ] GC(8179)   class space    used 7386K, capacity 8097K, committed 8704K, reserved 1048576K
[2020-12-15T12:18:15.554-0500][gc,start       ] GC(8179) Pause Young (Prepare Mixed) (G1 Evacuation Pause)
[2020-12-15T12:18:15.554-0500][gc,task        ] GC(8179) Using 8 workers of 8 for evacuation
[2020-12-15T12:18:15.590-0500][gc,phases      ] GC(8179)   Pre Evacuate Collection Set: 0.0ms
[2020-12-15T12:18:15.590-0500][gc,phases      ] GC(8179)   Evacuate Collection Set: 3.0ms
[2020-12-15T12:18:15.590-0500][gc,phases      ] GC(8179)   Post Evacuate Collection Set: 32.9ms
[2020-12-15T12:18:15.590-0500][gc,phases      ] GC(8179)   Other: 0.5ms
[2020-12-15T12:18:15.590-0500][gc,heap        ] GC(8179) Eden regions: 9->0(2)
[2020-12-15T12:18:15.590-0500][gc,heap        ] GC(8179) Survivor regions: 1->1(2)
[2020-12-15T12:18:15.590-0500][gc,heap        ] GC(8179) Old regions: 43->43
[2020-12-15T12:18:15.590-0500][gc,heap        ] GC(8179) Humongous regions: 4->4
[2020-12-15T12:18:15.590-0500][gc,metaspace   ] GC(8179) Metaspace: 49404K->49404K(1093632K)
[2020-12-15T12:18:15.590-0500][gc,heap        ] GC(8179) Heap after GC invocations=8180 (full 1677): garbage-first heap   total 66560K, used 43466K [0x0000000083000000, 0x0000000100000000)
[2020-12-15T12:18:15.590-0500][gc,heap        ] GC(8179)   region size 1024K, 1 young (1024K), 1 survivors (1024K)
[2020-12-15T12:18:15.590-0500][gc,heap        ] GC(8179)  Metaspace       used 49404K, capacity 51450K, committed 53248K, reserved 1093632K
[2020-12-15T12:18:15.590-0500][gc,heap        ] GC(8179)   class space    used 7386K, capacity 8097K, committed 8704K, reserved 1048576K
[2020-12-15T12:18:15.590-0500][gc             ] GC(8179) Pause Young (Prepare Mixed) (G1 Evacuation Pause) 51M->42M(65M) 36.528ms
[2020-12-15T12:18:15.590-0500][gc,cpu         ] GC(8179) User=0.23s Sys=0.00s Real=0.04s
[2020-12-15T12:18:25.551-0500][gc,heap        ] GC(8180) Heap before GC invocations=8180 (full 1677): garbage-first heap   total 66560K, used 45514K [0x0000000083000000, 0x0000000100000000)
[2020-12-15T12:18:25.551-0500][gc,heap        ] GC(8180)   region size 1024K, 3 young (3072K), 1 survivors (1024K)
[2020-12-15T12:18:25.551-0500][gc,heap        ] GC(8180)  Metaspace       used 49404K, capacity 51450K, committed 53248K, reserved 1093632K
[2020-12-15T12:18:25.551-0500][gc,heap        ] GC(8180)   class space    used 7386K, capacity 8097K, committed 8704K, reserved 1048576K
[2020-12-15T12:18:25.551-0500][gc,start       ] GC(8180) Pause Young (Mixed) (G1 Evacuation Pause)
[2020-12-15T12:18:25.551-0500][gc,task        ] GC(8180) Using 8 workers of 8 for evacuation
[2020-12-15T12:18:25.587-0500][gc,phases      ] GC(8180)   Pre Evacuate Collection Set: 0.0ms
[2020-12-15T12:18:25.587-0500][gc,phases      ] GC(8180)   Evacuate Collection Set: 12.5ms
[2020-12-15T12:18:25.587-0500][gc,phases      ] GC(8180)   Post Evacuate Collection Set: 23.0ms
[2020-12-15T12:18:25.587-0500][gc,phases      ] GC(8180)   Other: 0.3ms
[2020-12-15T12:18:25.587-0500][gc,heap        ] GC(8180) Eden regions: 2->0(9)
[2020-12-15T12:18:25.587-0500][gc,heap        ] GC(8180) Survivor regions: 1->1(1)
[2020-12-15T12:18:25.587-0500][gc,heap        ] GC(8180) Old regions: 43->43
[2020-12-15T12:18:25.587-0500][gc,heap        ] GC(8180) Humongous regions: 4->4
[2020-12-15T12:18:25.587-0500][gc,metaspace   ] GC(8180) Metaspace: 49404K->49404K(1093632K)
[2020-12-15T12:18:25.587-0500][gc,heap        ] GC(8180) Heap after GC invocations=8181 (full 1677): garbage-first heap   total 66560K, used 43439K [0x0000000083000000, 0x0000000100000000)
[2020-12-15T12:18:25.587-0500][gc,heap        ] GC(8180)   region size 1024K, 1 young (1024K), 1 survivors (1024K)
[2020-12-15T12:18:25.587-0500][gc,heap        ] GC(8180)  Metaspace       used 49404K, capacity 51450K, committed 53248K, reserved 1093632K
[2020-12-15T12:18:25.587-0500][gc,heap        ] GC(8180)   class space    used 7386K, capacity 8097K, committed 8704K, reserved 1048576K
[2020-12-15T12:18:25.587-0500][gc             ] GC(8180) Pause Young (Mixed) (G1 Evacuation Pause) 44M->42M(65M) 36.027ms
[2020-12-15T12:18:25.588-0500][gc,cpu         ] GC(8180) User=0.20s Sys=0.00s Real=0.04s
[2020-12-15T12:19:05.556-0500][gc,heap        ] GC(8181) Heap before GC invocations=8181 (full 1677): garbage-first heap   total 66560K, used 51631K [0x0000000083000000, 0x0000000100000000)
[2020-12-15T12:19:05.556-0500][gc,heap        ] GC(8181)   region size 1024K, 10 young (10240K), 1 survivors (1024K)
[2020-12-15T12:19:05.556-0500][gc,heap        ] GC(8181)  Metaspace       used 49404K, capacity 51450K, committed 53248K, reserved 1093632K
[2020-12-15T12:19:05.556-0500][gc,heap        ] GC(8181)   class space    used 7386K, capacity 8097K, committed 8704K, reserved 1048576K
[2020-12-15T12:19:05.557-0500][gc,start       ] GC(8181) Pause Young (Normal) (G1 Evacuation Pause)
[2020-12-15T12:19:05.557-0500][gc,task        ] GC(8181) Using 8 workers of 8 for evacuation
[2020-12-15T12:19:05.571-0500][gc,phases      ] GC(8181)   Pre Evacuate Collection Set: 0.0ms
[2020-12-15T12:19:05.571-0500][gc,phases      ] GC(8181)   Evacuate Collection Set: 13.0ms
[2020-12-15T12:19:05.571-0500][gc,phases      ] GC(8181)   Post Evacuate Collection Set: 1.3ms
[2020-12-15T12:19:05.571-0500][gc,phases      ] GC(8181)   Other: 0.3ms
[2020-12-15T12:19:05.571-0500][gc,heap        ] GC(8181) Eden regions: 9->0(9)
[2020-12-15T12:19:05.571-0500][gc,heap        ] GC(8181) Survivor regions: 1->1(2)
[2020-12-15T12:19:05.571-0500][gc,heap        ] GC(8181) Old regions: 43->43
[2020-12-15T12:19:05.571-0500][gc,heap        ] GC(8181) Humongous regions: 4->4
[2020-12-15T12:19:05.571-0500][gc,metaspace   ] GC(8181) Metaspace: 49404K->49404K(1093632K)
[2020-12-15T12:19:05.571-0500][gc,heap        ] GC(8181) Heap after GC invocations=8182 (full 1677): garbage-first heap   total 66560K, used 43508K [0x0000000083000000, 0x0000000100000000)
[2020-12-15T12:19:05.571-0500][gc,heap        ] GC(8181)   region size 1024K, 1 young (1024K), 1 survivors (1024K)
[2020-12-15T12:19:05.571-0500][gc,heap        ] GC(8181)  Metaspace       used 49404K, capacity 51450K, committed 53248K, reserved 1093632K
[2020-12-15T12:19:05.571-0500][gc,heap        ] GC(8181)   class space    used 7386K, capacity 8097K, committed 8704K, reserved 1048576K
[2020-12-15T12:19:05.571-0500][gc             ] GC(8181) Pause Young (Normal) (G1 Evacuation Pause) 51M->42M(65M) 14.707ms
[2020-12-15T12:19:05.571-0500][gc,cpu         ] GC(8181) User=0.08s Sys=0.00s Real=0.02s
[2020-12-15T12:19:45.590-0500][gc,heap        ] GC(8182) Heap before GC invocations=8182 (full 1677): garbage-first heap   total 66560K, used 51700K [0x0000000083000000, 0x0000000100000000)
[2020-12-15T12:19:45.590-0500][gc,heap        ] GC(8182)   region size 1024K, 10 young (10240K), 1 survivors (1024K)
[2020-12-15T12:19:45.590-0500][gc,heap        ] GC(8182)  Metaspace       used 49404K, capacity 51450K, committed 53248K, reserved 1093632K
[2020-12-15T12:19:45.591-0500][gc,heap        ] GC(8182)   class space    used 7386K, capacity 8097K, committed 8704K, reserved 1048576K
[2020-12-15T12:19:45.591-0500][gc,start       ] GC(8182) Pause Young (Normal) (G1 Evacuation Pause)
[2020-12-15T12:19:45.591-0500][gc,task        ] GC(8182) Using 8 workers of 8 for evacuation
[2020-12-15T12:19:45.629-0500][gc,phases      ] GC(8182)   Pre Evacuate Collection Set: 0.0ms
[2020-12-15T12:19:45.629-0500][gc,phases      ] GC(8182)   Evacuate Collection Set: 14.6ms
[2020-12-15T12:19:45.629-0500][gc,phases      ] GC(8182)   Post Evacuate Collection Set: 23.1ms
[2020-12-15T12:19:45.629-0500][gc,phases      ] GC(8182)   Other: 0.5ms
[2020-12-15T12:19:45.629-0500][gc,heap        ] GC(8182) Eden regions: 9->0(9)
[2020-12-15T12:19:45.629-0500][gc,heap        ] GC(8182) Survivor regions: 1->1(2)
[2020-12-15T12:19:45.629-0500][gc,heap        ] GC(8182) Old regions: 43->43
[2020-12-15T12:19:45.629-0500][gc,heap        ] GC(8182) Humongous regions: 4->4
[2020-12-15T12:19:45.629-0500][gc,metaspace   ] GC(8182) Metaspace: 49404K->49404K(1093632K)
[2020-12-15T12:19:45.629-0500][gc,heap        ] GC(8182) Heap after GC invocations=8183 (full 1677): garbage-first heap   total 66560K, used 43379K [0x0000000083000000, 0x0000000100000000)
[2020-12-15T12:19:45.629-0500][gc,heap        ] GC(8182)   region size 1024K, 1 young (1024K), 1 survivors (1024K)
[2020-12-15T12:19:45.629-0500][gc,heap        ] GC(8182)  Metaspace       used 49404K, capacity 51450K, committed 53248K, reserved 1093632K
[2020-12-15T12:19:45.629-0500][gc,heap        ] GC(8182)   class space    used 7386K, capacity 8097K, committed 8704K, reserved 1048576K
[2020-12-15T12:19:45.629-0500][gc             ] GC(8182) Pause Young (Normal) (G1 Evacuation Pause) 51M->42M(65M) 38.409ms
[2020-12-15T12:19:45.629-0500][gc,cpu         ] GC(8182) User=0.19s Sys=0.00s Real=0.04s
[2020-12-15T12:20:26.352-0500][gc,heap        ] GC(8183) Heap before GC invocations=8183 (full 1677): garbage-first heap   total 66560K, used 51571K [0x0000000083000000, 0x0000000100000000)
[2020-12-15T12:20:26.352-0500][gc,heap        ] GC(8183)   region size 1024K, 10 young (10240K), 1 survivors (1024K)
[2020-12-15T12:20:26.352-0500][gc,heap        ] GC(8183)  Metaspace       used 49404K, capacity 51450K, committed 53248K, reserved 1093632K
[2020-12-15T12:20:26.352-0500][gc,heap        ] GC(8183)   class space    used 7386K, capacity 8097K, committed 8704K, reserved 1048576K
[2020-12-15T12:20:26.352-0500][gc,start       ] GC(8183) Pause Young (Concurrent Start) (G1 Evacuation Pause)
[2020-12-15T12:20:26.352-0500][gc,task        ] GC(8183) Using 8 workers of 8 for evacuation
[2020-12-15T12:20:26.382-0500][gc,phases      ] GC(8183)   Pre Evacuate Collection Set: 0.3ms
[2020-12-15T12:20:26.382-0500][gc,phases      ] GC(8183)   Evacuate Collection Set: 8.1ms
[2020-12-15T12:20:26.382-0500][gc,phases      ] GC(8183)   Post Evacuate Collection Set: 20.7ms
[2020-12-15T12:20:26.382-0500][gc,phases      ] GC(8183)   Other: 0.6ms
[2020-12-15T12:20:26.382-0500][gc,heap        ] GC(8183) Eden regions: 9->0(9)
[2020-12-15T12:20:26.382-0500][gc,heap        ] GC(8183) Survivor regions: 1->1(2)
[2020-12-15T12:20:26.382-0500][gc,heap        ] GC(8183) Old regions: 43->43
[2020-12-15T12:20:26.382-0500][gc,heap        ] GC(8183) Humongous regions: 4->4
[2020-12-15T12:20:26.382-0500][gc,metaspace   ] GC(8183) Metaspace: 49404K->49404K(1093632K)
[2020-12-15T12:20:26.382-0500][gc,heap        ] GC(8183) Heap after GC invocations=8184 (full 1677): garbage-first heap   total 66560K, used 43363K [0x0000000083000000, 0x0000000100000000)
[2020-12-15T12:20:26.382-0500][gc,heap        ] GC(8183)   region size 1024K, 1 young (1024K), 1 survivors (1024K)
[2020-12-15T12:20:26.382-0500][gc,heap        ] GC(8183)  Metaspace       used 49404K, capacity 51450K, committed 53248K, reserved 1093632K
[2020-12-15T12:20:26.382-0500][gc,heap        ] GC(8183)   class space    used 7386K, capacity 8097K, committed 8704K, reserved 1048576K
[2020-12-15T12:20:26.382-0500][gc             ] GC(8183) Pause Young (Concurrent Start) (G1 Evacuation Pause) 51M->42M(65M) 30.011ms
[2020-12-15T12:20:26.382-0500][gc,cpu         ] GC(8183) User=0.17s Sys=0.00s Real=0.03s
[2020-12-15T12:20:26.382-0500][gc             ] GC(8184) Concurrent Cycle
[2020-12-15T12:20:26.382-0500][gc,marking     ] GC(8184) Concurrent Clear Claimed Marks
[2020-12-15T12:20:26.383-0500][gc,marking     ] GC(8184) Concurrent Clear Claimed Marks 0.201ms
[2020-12-15T12:20:26.383-0500][gc,marking     ] GC(8184) Concurrent Scan Root Regions
[2020-12-15T12:20:26.384-0500][gc,marking     ] GC(8184) Concurrent Scan Root Regions 1.118ms
[2020-12-15T12:20:26.384-0500][gc,marking     ] GC(8184) Concurrent Mark (503023.771s)
[2020-12-15T12:20:26.384-0500][gc,marking     ] GC(8184) Concurrent Mark From Roots
[2020-12-15T12:20:26.384-0500][gc,task        ] GC(8184) Using 2 workers of 2 for marking
[2020-12-15T12:20:26.450-0500][gc,marking     ] GC(8184) Concurrent Mark From Roots 66.365ms
[2020-12-15T12:20:26.450-0500][gc,marking     ] GC(8184) Concurrent Preclean
[2020-12-15T12:20:26.450-0500][gc,marking     ] GC(8184) Concurrent Preclean 0.170ms
[2020-12-15T12:20:26.450-0500][gc,marking     ] GC(8184) Concurrent Mark (503023.771s, 503023.838s) 66.631ms
[2020-12-15T12:20:26.451-0500][gc,start       ] GC(8184) Pause Remark
[2020-12-15T12:20:26.486-0500][gc,stringtable ] GC(8184) Cleaned string and symbol table, strings: 32765 processed, 0 removed, symbols: 120723 processed, 0 removed
[2020-12-15T12:20:26.486-0500][gc             ] GC(8184) Pause Remark 42M->42M(65M) 35.489ms
[2020-12-15T12:20:26.486-0500][gc,cpu         ] GC(8184) User=0.19s Sys=0.00s Real=0.03s
[2020-12-15T12:20:26.487-0500][gc,marking     ] GC(8184) Concurrent Rebuild Remembered Sets
[2020-12-15T12:20:26.529-0500][gc,marking     ] GC(8184) Concurrent Rebuild Remembered Sets 42.247ms
[2020-12-15T12:20:26.530-0500][gc,start       ] GC(8184) Pause Cleanup
[2020-12-15T12:20:26.530-0500][gc             ] GC(8184) Pause Cleanup 42M->42M(65M) 0.489ms
[2020-12-15T12:20:26.530-0500][gc,cpu         ] GC(8184) User=0.00s Sys=0.00s Real=0.00s
[2020-12-15T12:20:26.531-0500][gc,marking     ] GC(8184) Concurrent Cleanup for Next Mark
[2020-12-15T12:20:26.531-0500][gc,marking     ] GC(8184) Concurrent Cleanup for Next Mark 0.294ms
[2020-12-15T12:20:26.531-0500][gc             ] GC(8184) Concurrent Cycle 148.599ms
[2020-12-15T12:21:15.560-0500][gc,heap        ] GC(8185) Heap before GC invocations=8185 (full 1677): garbage-first heap   total 66560K, used 51555K [0x0000000083000000, 0x0000000100000000)
[2020-12-15T12:21:15.560-0500][gc,heap        ] GC(8185)   region size 1024K, 10 young (10240K), 1 survivors (1024K)
[2020-12-15T12:21:15.560-0500][gc,heap        ] GC(8185)  Metaspace       used 49404K, capacity 51450K, committed 53248K, reserved 1093632K
[2020-12-15T12:21:15.560-0500][gc,heap        ] GC(8185)   class space    used 7386K, capacity 8097K, committed 8704K, reserved 1048576K
[2020-12-15T12:21:15.560-0500][gc,start       ] GC(8185) Pause Young (Normal) (G1 Evacuation Pause)
[2020-12-15T12:21:15.560-0500][gc,task        ] GC(8185) Using 8 workers of 8 for evacuation
[2020-12-15T12:21:15.582-0500][gc,phases      ] GC(8185)   Pre Evacuate Collection Set: 0.0ms
[2020-12-15T12:21:15.582-0500][gc,phases      ] GC(8185)   Evacuate Collection Set: 1.1ms
[2020-12-15T12:21:15.582-0500][gc,phases      ] GC(8185)   Post Evacuate Collection Set: 20.2ms
[2020-12-15T12:21:15.582-0500][gc,phases      ] GC(8185)   Other: 0.4ms
[2020-12-15T12:21:15.582-0500][gc,heap        ] GC(8185) Eden regions: 9->0(9)
[2020-12-15T12:21:15.582-0500][gc,heap        ] GC(8185) Survivor regions: 1->1(2)
[2020-12-15T12:21:15.582-0500][gc,heap        ] GC(8185) Old regions: 43->43
[2020-12-15T12:21:15.582-0500][gc,heap        ] GC(8185) Humongous regions: 4->4
[2020-12-15T12:21:15.582-0500][gc,metaspace   ] GC(8185) Metaspace: 49404K->49404K(1093632K)
[2020-12-15T12:21:15.582-0500][gc,heap        ] GC(8185) Heap after GC invocations=8186 (full 1677): garbage-first heap   total 66560K, used 43512K [0x0000000083000000, 0x0000000100000000)
[2020-12-15T12:21:15.582-0500][gc,heap        ] GC(8185)   region size 1024K, 1 young (1024K), 1 survivors (1024K)
[2020-12-15T12:21:15.582-0500][gc,heap        ] GC(8185)  Metaspace       used 49404K, capacity 51450K, committed 53248K, reserved 1093632K
[2020-12-15T12:21:15.582-0500][gc,heap        ] GC(8185)   class space    used 7386K, capacity 8097K, committed 8704K, reserved 1048576K
[2020-12-15T12:21:15.582-0500][gc             ] GC(8185) Pause Young (Normal) (G1 Evacuation Pause) 51M->42M(65M) 21.810ms
[2020-12-15T12:21:15.582-0500][gc,cpu         ] GC(8185) User=0.12s Sys=0.00s Real=0.02s
[2020-12-15T12:21:45.191-0500][gc,task        ] GC(8186) Using 5 workers of 8 for full compaction
[2020-12-15T12:21:45.191-0500][gc,start       ] GC(8186) Pause Full (System.gc())
[2020-12-15T12:21:45.191-0500][gc,heap        ] GC(8186) Heap before GC invocations=8186 (full 1677): garbage-first heap   total 66560K, used 47608K [0x0000000083000000, 0x0000000100000000)
[2020-12-15T12:21:45.191-0500][gc,heap        ] GC(8186)   region size 1024K, 7 young (7168K), 1 survivors (1024K)
[2020-12-15T12:21:45.191-0500][gc,heap        ] GC(8186)  Metaspace       used 49404K, capacity 51450K, committed 53248K, reserved 1093632K
[2020-12-15T12:21:45.192-0500][gc,heap        ] GC(8186)   class space    used 7386K, capacity 8097K, committed 8704K, reserved 1048576K
[2020-12-15T12:21:45.192-0500][gc,phases,start] GC(8186) Phase 1: Mark live objects
[2020-12-15T12:21:45.239-0500][gc,stringtable ] GC(8186) Cleaned string and symbol table, strings: 32765 processed, 5 removed, symbols: 120723 processed, 0 removed
[2020-12-15T12:21:45.239-0500][gc,phases      ] GC(8186) Phase 1: Mark live objects 46.944ms
[2020-12-15T12:21:45.239-0500][gc,phases,start] GC(8186) Phase 2: Prepare for compaction
[2020-12-15T12:21:45.249-0500][gc,phases      ] GC(8186) Phase 2: Prepare for compaction 10.581ms
[2020-12-15T12:21:45.250-0500][gc,phases,start] GC(8186) Phase 3: Adjust pointers
[2020-12-15T12:21:45.278-0500][gc,phases      ] GC(8186) Phase 3: Adjust pointers 28.520ms
[2020-12-15T12:21:45.278-0500][gc,phases,start] GC(8186) Phase 4: Compact heap
[2020-12-15T12:21:45.291-0500][gc,phases      ] GC(8186) Phase 4: Compact heap 12.641ms
[2020-12-15T12:21:45.310-0500][gc,heap        ] GC(8186) Eden regions: 6->0(11)
[2020-12-15T12:21:45.310-0500][gc,heap        ] GC(8186) Survivor regions: 1->0(2)
[2020-12-15T12:21:45.310-0500][gc,heap        ] GC(8186) Old regions: 43->42
[2020-12-15T12:21:45.310-0500][gc,heap        ] GC(8186) Humongous regions: 4->4
[2020-12-15T12:21:45.310-0500][gc,metaspace   ] GC(8186) Metaspace: 49404K->49404K(1093632K)
[2020-12-15T12:21:45.310-0500][gc,heap        ] GC(8186) Heap after GC invocations=8187 (full 1678): garbage-first heap   total 66560K, used 43265K [0x0000000083000000, 0x0000000100000000)
[2020-12-15T12:21:45.310-0500][gc,heap        ] GC(8186)   region size 1024K, 0 young (0K), 0 survivors (0K)
[2020-12-15T12:21:45.310-0500][gc,heap        ] GC(8186)  Metaspace       used 49404K, capacity 51450K, committed 53248K, reserved 1093632K
[2020-12-15T12:21:45.310-0500][gc,heap        ] GC(8186)   class space    used 7386K, capacity 8097K, committed 8704K, reserved 1048576K
[2020-12-15T12:21:45.310-0500][gc             ] GC(8186) Pause Full (System.gc()) 47M->42M(65M) 118.957ms
[2020-12-15T12:21:45.311-0500][gc,cpu         ] GC(8186) User=0.45s Sys=0.00s Real=0.12s
[2020-12-15T12:22:35.561-0500][gc,heap        ] GC(8187) Heap before GC invocations=8187 (full 1678): garbage-first heap   total 66560K, used 53505K [0x0000000083000000, 0x0000000100000000)
[2020-12-15T12:22:35.561-0500][gc,heap        ] GC(8187)   region size 1024K, 11 young (11264K), 0 survivors (0K)
[2020-12-15T12:22:35.561-0500][gc,heap        ] GC(8187)  Metaspace       used 49404K, capacity 51450K, committed 53248K, reserved 1093632K
[2020-12-15T12:22:35.561-0500][gc,heap        ] GC(8187)   class space    used 7386K, capacity 8097K, committed 8704K, reserved 1048576K
[2020-12-15T12:22:35.561-0500][gc,start       ] GC(8187) Pause Young (Concurrent Start) (G1 Evacuation Pause)
[2020-12-15T12:22:35.561-0500][gc,task        ] GC(8187) Using 8 workers of 8 for evacuation
[2020-12-15T12:22:35.567-0500][gc,phases      ] GC(8187)   Pre Evacuate Collection Set: 0.2ms
[2020-12-15T12:22:35.567-0500][gc,phases      ] GC(8187)   Evacuate Collection Set: 3.8ms
[2020-12-15T12:22:35.567-0500][gc,phases      ] GC(8187)   Post Evacuate Collection Set: 1.7ms
[2020-12-15T12:22:35.567-0500][gc,phases      ] GC(8187)   Other: 0.3ms
[2020-12-15T12:22:35.567-0500][gc,heap        ] GC(8187) Eden regions: 11->0(10)
[2020-12-15T12:22:35.567-0500][gc,heap        ] GC(8187) Survivor regions: 0->1(2)
[2020-12-15T12:22:35.567-0500][gc,heap        ] GC(8187) Old regions: 42->42
[2020-12-15T12:22:35.567-0500][gc,heap        ] GC(8187) Humongous regions: 4->4
[2020-12-15T12:22:35.567-0500][gc,metaspace   ] GC(8187) Metaspace: 49404K->49404K(1093632K)
[2020-12-15T12:22:35.567-0500][gc,heap        ] GC(8187) Heap after GC invocations=8188 (full 1678): garbage-first heap   total 66560K, used 43486K [0x0000000083000000, 0x0000000100000000)
[2020-12-15T12:22:35.567-0500][gc,heap        ] GC(8187)   region size 1024K, 1 young (1024K), 1 survivors (1024K)
[2020-12-15T12:22:35.567-0500][gc,heap        ] GC(8187)  Metaspace       used 49404K, capacity 51450K, committed 53248K, reserved 1093632K
[2020-12-15T12:22:35.567-0500][gc,heap        ] GC(8187)   class space    used 7386K, capacity 8097K, committed 8704K, reserved 1048576K
[2020-12-15T12:22:35.567-0500][gc             ] GC(8187) Pause Young (Concurrent Start) (G1 Evacuation Pause) 53M->42M(65M) 6.169ms
[2020-12-15T12:22:35.567-0500][gc,cpu         ] GC(8187) User=0.01s Sys=0.01s Real=0.00s
[2020-12-15T12:22:35.567-0500][gc             ] GC(8188) Concurrent Cycle
[2020-12-15T12:22:35.567-0500][gc,marking     ] GC(8188) Concurrent Clear Claimed Marks
[2020-12-15T12:22:35.568-0500][gc,marking     ] GC(8188) Concurrent Clear Claimed Marks 0.217ms
[2020-12-15T12:22:35.568-0500][gc,marking     ] GC(8188) Concurrent Scan Root Regions
[2020-12-15T12:22:35.569-0500][gc,marking     ] GC(8188) Concurrent Scan Root Regions 1.160ms
[2020-12-15T12:22:35.569-0500][gc,marking     ] GC(8188) Concurrent Mark (503152.956s)
[2020-12-15T12:22:35.569-0500][gc,marking     ] GC(8188) Concurrent Mark From Roots
[2020-12-15T12:22:35.569-0500][gc,task        ] GC(8188) Using 2 workers of 2 for marking
[2020-12-15T12:22:35.651-0500][gc,marking     ] GC(8188) Concurrent Mark From Roots 82.118ms
[2020-12-15T12:22:35.651-0500][gc,marking     ] GC(8188) Concurrent Preclean
[2020-12-15T12:22:35.651-0500][gc,marking     ] GC(8188) Concurrent Preclean 0.375ms
[2020-12-15T12:22:35.652-0500][gc,marking     ] GC(8188) Concurrent Mark (503152.956s, 503153.039s) 82.664ms
[2020-12-15T12:22:35.652-0500][gc,start       ] GC(8188) Pause Remark
[2020-12-15T12:22:35.663-0500][gc,stringtable ] GC(8188) Cleaned string and symbol table, strings: 32765 processed, 0 removed, symbols: 120723 processed, 0 removed
[2020-12-15T12:22:35.664-0500][gc             ] GC(8188) Pause Remark 43M->43M(65M) 11.348ms
[2020-12-15T12:22:35.664-0500][gc,cpu         ] GC(8188) User=0.07s Sys=0.00s Real=0.01s
[2020-12-15T12:22:35.664-0500][gc,marking     ] GC(8188) Concurrent Rebuild Remembered Sets
[2020-12-15T12:22:35.701-0500][gc,marking     ] GC(8188) Concurrent Rebuild Remembered Sets 36.794ms
[2020-12-15T12:22:35.702-0500][gc,start       ] GC(8188) Pause Cleanup
[2020-12-15T12:22:35.702-0500][gc             ] GC(8188) Pause Cleanup 43M->43M(65M) 0.264ms
[2020-12-15T12:22:35.702-0500][gc,cpu         ] GC(8188) User=0.00s Sys=0.00s Real=0.00s
[2020-12-15T12:22:35.702-0500][gc,marking     ] GC(8188) Concurrent Cleanup for Next Mark
[2020-12-15T12:22:35.702-0500][gc,marking     ] GC(8188) Concurrent Cleanup for Next Mark 0.305ms
[2020-12-15T12:22:35.702-0500][gc             ] GC(8188) Concurrent Cycle 134.984ms
[2020-12-15T12:23:25.556-0500][gc,heap        ] GC(8189) Heap before GC invocations=8189 (full 1678): garbage-first heap   total 66560K, used 52702K [0x0000000083000000, 0x0000000100000000)
[2020-12-15T12:23:25.556-0500][gc,heap        ] GC(8189)   region size 1024K, 11 young (11264K), 1 survivors (1024K)
[2020-12-15T12:23:25.556-0500][gc,heap        ] GC(8189)  Metaspace       used 49404K, capacity 51450K, committed 53248K, reserved 1093632K
[2020-12-15T12:23:25.556-0500][gc,heap        ] GC(8189)   class space    used 7386K, capacity 8097K, committed 8704K, reserved 1048576K
[2020-12-15T12:23:25.556-0500][gc,start       ] GC(8189) Pause Young (Normal) (G1 Evacuation Pause)
[2020-12-15T12:23:25.556-0500][gc,task        ] GC(8189) Using 8 workers of 8 for evacuation
[2020-12-15T12:23:25.560-0500][gc,phases      ] GC(8189)   Pre Evacuate Collection Set: 0.0ms
[2020-12-15T12:23:25.560-0500][gc,phases      ] GC(8189)   Evacuate Collection Set: 3.2ms
[2020-12-15T12:23:25.560-0500][gc,phases      ] GC(8189)   Post Evacuate Collection Set: 1.2ms
[2020-12-15T12:23:25.560-0500][gc,phases      ] GC(8189)   Other: 0.3ms
[2020-12-15T12:23:25.560-0500][gc,heap        ] GC(8189) Eden regions: 10->0(10)
[2020-12-15T12:23:25.561-0500][gc,heap        ] GC(8189) Survivor regions: 1->1(2)
[2020-12-15T12:23:25.561-0500][gc,heap        ] GC(8189) Old regions: 42->42
[2020-12-15T12:23:25.561-0500][gc,heap        ] GC(8189) Humongous regions: 4->4
[2020-12-15T12:23:25.561-0500][gc,metaspace   ] GC(8189) Metaspace: 49404K->49404K(1093632K)
[2020-12-15T12:23:25.561-0500][gc,heap        ] GC(8189) Heap after GC invocations=8190 (full 1678): garbage-first heap   total 66560K, used 43468K [0x0000000083000000, 0x0000000100000000)
[2020-12-15T12:23:25.561-0500][gc,heap        ] GC(8189)   region size 1024K, 1 young (1024K), 1 survivors (1024K)
[2020-12-15T12:23:25.561-0500][gc,heap        ] GC(8189)  Metaspace       used 49404K, capacity 51450K, committed 53248K, reserved 1093632K
[2020-12-15T12:23:25.561-0500][gc,heap        ] GC(8189)   class space    used 7386K, capacity 8097K, committed 8704K, reserved 1048576K
[2020-12-15T12:23:25.561-0500][gc             ] GC(8189) Pause Young (Normal) (G1 Evacuation Pause) 52M->42M(65M) 4.921ms
[2020-12-15T12:23:25.561-0500][gc,cpu         ] GC(8189) User=0.01s Sys=0.00s Real=0.01s
[2020-12-15T12:24:06.013-0500][gc,heap        ] GC(8190) Heap before GC invocations=8190 (full 1678): garbage-first heap   total 66560K, used 52684K [0x0000000083000000, 0x0000000100000000)
[2020-12-15T12:24:06.013-0500][gc,heap        ] GC(8190)   region size 1024K, 11 young (11264K), 1 survivors (1024K)
[2020-12-15T12:24:06.013-0500][gc,heap        ] GC(8190)  Metaspace       used 49404K, capacity 51450K, committed 53248K, reserved 1093632K
[2020-12-15T12:24:06.013-0500][gc,heap        ] GC(8190)   class space    used 7386K, capacity 8097K, committed 8704K, reserved 1048576K
[2020-12-15T12:24:06.014-0500][gc,start       ] GC(8190) Pause Young (Concurrent Start) (G1 Evacuation Pause)
[2020-12-15T12:24:06.014-0500][gc,task        ] GC(8190) Using 8 workers of 8 for evacuation
[2020-12-15T12:24:06.022-0500][gc,phases      ] GC(8190)   Pre Evacuate Collection Set: 0.2ms
[2020-12-15T12:24:06.022-0500][gc,phases      ] GC(8190)   Evacuate Collection Set: 6.9ms
[2020-12-15T12:24:06.022-0500][gc,phases      ] GC(8190)   Post Evacuate Collection Set: 1.4ms
[2020-12-15T12:24:06.022-0500][gc,phases      ] GC(8190)   Other: 0.3ms
[2020-12-15T12:24:06.022-0500][gc,heap        ] GC(8190) Eden regions: 10->0(10)
[2020-12-15T12:24:06.022-0500][gc,heap        ] GC(8190) Survivor regions: 1->1(2)
[2020-12-15T12:24:06.023-0500][gc,heap        ] GC(8190) Old regions: 42->42
[2020-12-15T12:24:06.023-0500][gc,heap        ] GC(8190) Humongous regions: 4->4
[2020-12-15T12:24:06.023-0500][gc,metaspace   ] GC(8190) Metaspace: 49404K->49404K(1093632K)
[2020-12-15T12:24:06.023-0500][gc,heap        ] GC(8190) Heap after GC invocations=8191 (full 1678): garbage-first heap   total 66560K, used 43354K [0x0000000083000000, 0x0000000100000000)
[2020-12-15T12:24:06.023-0500][gc,heap        ] GC(8190)   region size 1024K, 1 young (1024K), 1 survivors (1024K)
[2020-12-15T12:24:06.023-0500][gc,heap        ] GC(8190)  Metaspace       used 49404K, capacity 51450K, committed 53248K, reserved 1093632K
[2020-12-15T12:24:06.023-0500][gc,heap        ] GC(8190)   class space    used 7386K, capacity 8097K, committed 8704K, reserved 1048576K
[2020-12-15T12:24:06.023-0500][gc             ] GC(8190) Pause Young (Concurrent Start) (G1 Evacuation Pause) 52M->42M(65M) 9.123ms
[2020-12-15T12:24:06.023-0500][gc,cpu         ] GC(8190) User=0.03s Sys=0.00s Real=0.01s
[2020-12-15T12:24:06.023-0500][gc             ] GC(8191) Concurrent Cycle
[2020-12-15T12:24:06.023-0500][gc,marking     ] GC(8191) Concurrent Clear Claimed Marks
[2020-12-15T12:24:06.023-0500][gc,marking     ] GC(8191) Concurrent Clear Claimed Marks 0.219ms
[2020-12-15T12:24:06.023-0500][gc,marking     ] GC(8191) Concurrent Scan Root Regions
[2020-12-15T12:24:06.024-0500][gc,marking     ] GC(8191) Concurrent Scan Root Regions 0.768ms
[2020-12-15T12:24:06.024-0500][gc,marking     ] GC(8191) Concurrent Mark (503243.411s)
[2020-12-15T12:24:06.024-0500][gc,marking     ] GC(8191) Concurrent Mark From Roots
[2020-12-15T12:24:06.024-0500][gc,task        ] GC(8191) Using 2 workers of 2 for marking
[2020-12-15T12:24:06.095-0500][gc,marking     ] GC(8191) Concurrent Mark From Roots 71.104ms
[2020-12-15T12:24:06.095-0500][gc,marking     ] GC(8191) Concurrent Preclean
[2020-12-15T12:24:06.095-0500][gc,marking     ] GC(8191) Concurrent Preclean 0.179ms
[2020-12-15T12:24:06.095-0500][gc,marking     ] GC(8191) Concurrent Mark (503243.411s, 503243.482s) 71.381ms
[2020-12-15T12:24:06.096-0500][gc,start       ] GC(8191) Pause Remark
[2020-12-15T12:24:06.104-0500][gc,stringtable ] GC(8191) Cleaned string and symbol table, strings: 32765 processed, 0 removed, symbols: 120723 processed, 0 removed
[2020-12-15T12:24:06.105-0500][gc             ] GC(8191) Pause Remark 42M->42M(65M) 8.863ms
[2020-12-15T12:24:06.105-0500][gc,cpu         ] GC(8191) User=0.04s Sys=0.00s Real=0.01s
[2020-12-15T12:24:06.105-0500][gc,marking     ] GC(8191) Concurrent Rebuild Remembered Sets
[2020-12-15T12:24:06.139-0500][gc,marking     ] GC(8191) Concurrent Rebuild Remembered Sets 34.319ms
[2020-12-15T12:24:06.140-0500][gc,start       ] GC(8191) Pause Cleanup
[2020-12-15T12:24:06.140-0500][gc             ] GC(8191) Pause Cleanup 42M->42M(65M) 0.232ms
[2020-12-15T12:24:06.140-0500][gc,cpu         ] GC(8191) User=0.00s Sys=0.00s Real=0.00s
[2020-12-15T12:24:06.140-0500][gc,marking     ] GC(8191) Concurrent Cleanup for Next Mark
[2020-12-15T12:24:06.140-0500][gc,marking     ] GC(8191) Concurrent Cleanup for Next Mark 0.199ms
[2020-12-15T12:24:06.140-0500][gc             ] GC(8191) Concurrent Cycle 117.494ms
[2020-12-15T12:24:56.014-0500][gc,heap        ] GC(8192) Heap before GC invocations=8192 (full 1678): garbage-first heap   total 66560K, used 52570K [0x0000000083000000, 0x0000000100000000)
[2020-12-15T12:24:56.014-0500][gc,heap        ] GC(8192)   region size 1024K, 11 young (11264K), 1 survivors (1024K)
[2020-12-15T12:24:56.014-0500][gc,heap        ] GC(8192)  Metaspace       used 49404K, capacity 51450K, committed 53248K, reserved 1093632K
[2020-12-15T12:24:56.014-0500][gc,heap        ] GC(8192)   class space    used 7386K, capacity 8097K, committed 8704K, reserved 1048576K
[2020-12-15T12:24:56.014-0500][gc,start       ] GC(8192) Pause Young (Normal) (G1 Evacuation Pause)
[2020-12-15T12:24:56.014-0500][gc,task        ] GC(8192) Using 8 workers of 8 for evacuation
[2020-12-15T12:24:56.016-0500][gc,phases      ] GC(8192)   Pre Evacuate Collection Set: 0.0ms
[2020-12-15T12:24:56.016-0500][gc,phases      ] GC(8192)   Evacuate Collection Set: 1.1ms
[2020-12-15T12:24:56.016-0500][gc,phases      ] GC(8192)   Post Evacuate Collection Set: 0.9ms
[2020-12-15T12:24:56.016-0500][gc,phases      ] GC(8192)   Other: 0.3ms
[2020-12-15T12:24:56.016-0500][gc,heap        ] GC(8192) Eden regions: 10->0(10)
[2020-12-15T12:24:56.016-0500][gc,heap        ] GC(8192) Survivor regions: 1->1(2)
[2020-12-15T12:24:56.016-0500][gc,heap        ] GC(8192) Old regions: 42->42
[2020-12-15T12:24:56.016-0500][gc,heap        ] GC(8192) Humongous regions: 4->4
[2020-12-15T12:24:56.016-0500][gc,metaspace   ] GC(8192) Metaspace: 49404K->49404K(1093632K)
[2020-12-15T12:24:56.016-0500][gc,heap        ] GC(8192) Heap after GC invocations=8193 (full 1678): garbage-first heap   total 66560K, used 43366K [0x0000000083000000, 0x0000000100000000)
[2020-12-15T12:24:56.016-0500][gc,heap        ] GC(8192)   region size 1024K, 1 young (1024K), 1 survivors (1024K)
[2020-12-15T12:24:56.017-0500][gc,heap        ] GC(8192)  Metaspace       used 49404K, capacity 51450K, committed 53248K, reserved 1093632K
[2020-12-15T12:24:56.017-0500][gc,heap        ] GC(8192)   class space    used 7386K, capacity 8097K, committed 8704K, reserved 1048576K
[2020-12-15T12:24:56.017-0500][gc             ] GC(8192) Pause Young (Normal) (G1 Evacuation Pause) 52M->42M(65M) 2.473ms
[2020-12-15T12:24:56.017-0500][gc,cpu         ] GC(8192) User=0.01s Sys=0.00s Real=0.00s
[2020-12-15T12:25:45.586-0500][gc,heap        ] GC(8193) Heap before GC invocations=8193 (full 1678): garbage-first heap   total 66560K, used 52582K [0x0000000083000000, 0x0000000100000000)
[2020-12-15T12:25:45.586-0500][gc,heap        ] GC(8193)   region size 1024K, 11 young (11264K), 1 survivors (1024K)
[2020-12-15T12:25:45.586-0500][gc,heap        ] GC(8193)  Metaspace       used 49404K, capacity 51450K, committed 53248K, reserved 1093632K
[2020-12-15T12:25:45.586-0500][gc,heap        ] GC(8193)   class space    used 7386K, capacity 8097K, committed 8704K, reserved 1048576K
[2020-12-15T12:25:45.586-0500][gc,start       ] GC(8193) Pause Young (Concurrent Start) (G1 Evacuation Pause)
[2020-12-15T12:25:45.586-0500][gc,task        ] GC(8193) Using 8 workers of 8 for evacuation
[2020-12-15T12:25:45.590-0500][gc,phases      ] GC(8193)   Pre Evacuate Collection Set: 0.3ms
[2020-12-15T12:25:45.590-0500][gc,phases      ] GC(8193)   Evacuate Collection Set: 2.0ms
[2020-12-15T12:25:45.590-0500][gc,phases      ] GC(8193)   Post Evacuate Collection Set: 1.6ms
[2020-12-15T12:25:45.590-0500][gc,phases      ] GC(8193)   Other: 0.4ms
[2020-12-15T12:25:45.590-0500][gc,heap        ] GC(8193) Eden regions: 10->0(10)
[2020-12-15T12:25:45.590-0500][gc,heap        ] GC(8193) Survivor regions: 1->1(2)
[2020-12-15T12:25:45.590-0500][gc,heap        ] GC(8193) Old regions: 42->42
[2020-12-15T12:25:45.590-0500][gc,heap        ] GC(8193) Humongous regions: 4->4
[2020-12-15T12:25:45.590-0500][gc,metaspace   ] GC(8193) Metaspace: 49404K->49404K(1093632K)
[2020-12-15T12:25:45.590-0500][gc,heap        ] GC(8193) Heap after GC invocations=8194 (full 1678): garbage-first heap   total 66560K, used 43403K [0x0000000083000000, 0x0000000100000000)
[2020-12-15T12:25:45.590-0500][gc,heap        ] GC(8193)   region size 1024K, 1 young (1024K), 1 survivors (1024K)
[2020-12-15T12:25:45.590-0500][gc,heap        ] GC(8193)  Metaspace       used 49404K, capacity 51450K, committed 53248K, reserved 1093632K
[2020-12-15T12:25:45.590-0500][gc,heap        ] GC(8193)   class space    used 7386K, capacity 8097K, committed 8704K, reserved 1048576K
[2020-12-15T12:25:45.590-0500][gc             ] GC(8193) Pause Young (Concurrent Start) (G1 Evacuation Pause) 52M->42M(65M) 4.296ms
[2020-12-15T12:25:45.590-0500][gc,cpu         ] GC(8193) User=0.01s Sys=0.00s Real=0.01s
[2020-12-15T12:25:45.590-0500][gc             ] GC(8194) Concurrent Cycle
[2020-12-15T12:25:45.590-0500][gc,marking     ] GC(8194) Concurrent Clear Claimed Marks
[2020-12-15T12:25:45.590-0500][gc,marking     ] GC(8194) Concurrent Clear Claimed Marks 0.171ms
[2020-12-15T12:25:45.591-0500][gc,marking     ] GC(8194) Concurrent Scan Root Regions
[2020-12-15T12:25:45.596-0500][gc,marking     ] GC(8194) Concurrent Scan Root Regions 5.439ms
[2020-12-15T12:25:45.596-0500][gc,marking     ] GC(8194) Concurrent Mark (503342.983s)
[2020-12-15T12:25:45.596-0500][gc,marking     ] GC(8194) Concurrent Mark From Roots
[2020-12-15T12:25:45.596-0500][gc,task        ] GC(8194) Using 2 workers of 2 for marking
[2020-12-15T12:25:45.671-0500][gc,marking     ] GC(8194) Concurrent Mark From Roots 74.473ms
[2020-12-15T12:25:45.671-0500][gc,marking     ] GC(8194) Concurrent Preclean
[2020-12-15T12:25:45.671-0500][gc,marking     ] GC(8194) Concurrent Preclean 0.194ms
[2020-12-15T12:25:45.671-0500][gc,marking     ] GC(8194) Concurrent Mark (503342.983s, 503343.058s) 74.771ms
[2020-12-15T12:25:45.671-0500][gc,start       ] GC(8194) Pause Remark
[2020-12-15T12:25:45.681-0500][gc,stringtable ] GC(8194) Cleaned string and symbol table, strings: 32765 processed, 0 removed, symbols: 120723 processed, 0 removed
[2020-12-15T12:25:45.681-0500][gc             ] GC(8194) Pause Remark 42M->42M(65M) 10.186ms
[2020-12-15T12:25:45.681-0500][gc,cpu         ] GC(8194) User=0.05s Sys=0.00s Real=0.01s
[2020-12-15T12:25:45.682-0500][gc,marking     ] GC(8194) Concurrent Rebuild Remembered Sets
[2020-12-15T12:25:45.711-0500][gc,marking     ] GC(8194) Concurrent Rebuild Remembered Sets 29.819ms
[2020-12-15T12:25:45.712-0500][gc,start       ] GC(8194) Pause Cleanup
[2020-12-15T12:25:45.712-0500][gc             ] GC(8194) Pause Cleanup 42M->42M(65M) 0.233ms
[2020-12-15T12:25:45.712-0500][gc,cpu         ] GC(8194) User=0.00s Sys=0.00s Real=0.00s
[2020-12-15T12:25:45.712-0500][gc,marking     ] GC(8194) Concurrent Cleanup for Next Mark
[2020-12-15T12:25:45.713-0500][gc,marking     ] GC(8194) Concurrent Cleanup for Next Mark 0.202ms
[2020-12-15T12:25:45.713-0500][gc             ] GC(8194) Concurrent Cycle 122.314ms
[2020-12-15T12:26:35.557-0500][gc,heap        ] GC(8195) Heap before GC invocations=8195 (full 1678): garbage-first heap   total 66560K, used 52619K [0x0000000083000000, 0x0000000100000000)
[2020-12-15T12:26:35.557-0500][gc,heap        ] GC(8195)   region size 1024K, 11 young (11264K), 1 survivors (1024K)
[2020-12-15T12:26:35.557-0500][gc,heap        ] GC(8195)  Metaspace       used 49404K, capacity 51450K, committed 53248K, reserved 1093632K
[2020-12-15T12:26:35.557-0500][gc,heap        ] GC(8195)   class space    used 7386K, capacity 8097K, committed 8704K, reserved 1048576K
[2020-12-15T12:26:35.557-0500][gc,start       ] GC(8195) Pause Young (Normal) (G1 Evacuation Pause)
[2020-12-15T12:26:35.557-0500][gc,task        ] GC(8195) Using 8 workers of 8 for evacuation
[2020-12-15T12:26:35.597-0500][gc,phases      ] GC(8195)   Pre Evacuate Collection Set: 0.0ms
[2020-12-15T12:26:35.597-0500][gc,phases      ] GC(8195)   Evacuate Collection Set: 4.6ms
[2020-12-15T12:26:35.597-0500][gc,phases      ] GC(8195)   Post Evacuate Collection Set: 34.8ms
[2020-12-15T12:26:35.597-0500][gc,phases      ] GC(8195)   Other: 0.3ms
[2020-12-15T12:26:35.597-0500][gc,heap        ] GC(8195) Eden regions: 10->0(10)
[2020-12-15T12:26:35.597-0500][gc,heap        ] GC(8195) Survivor regions: 1->1(2)
[2020-12-15T12:26:35.597-0500][gc,heap        ] GC(8195) Old regions: 42->42
[2020-12-15T12:26:35.597-0500][gc,heap        ] GC(8195) Humongous regions: 4->4
[2020-12-15T12:26:35.597-0500][gc,metaspace   ] GC(8195) Metaspace: 49404K->49404K(1093632K)
[2020-12-15T12:26:35.597-0500][gc,heap        ] GC(8195) Heap after GC invocations=8196 (full 1678): garbage-first heap   total 66560K, used 43540K [0x0000000083000000, 0x0000000100000000)
[2020-12-15T12:26:35.597-0500][gc,heap        ] GC(8195)   region size 1024K, 1 young (1024K), 1 survivors (1024K)
[2020-12-15T12:26:35.597-0500][gc,heap        ] GC(8195)  Metaspace       used 49404K, capacity 51450K, committed 53248K, reserved 1093632K
[2020-12-15T12:26:35.597-0500][gc,heap        ] GC(8195)   class space    used 7386K, capacity 8097K, committed 8704K, reserved 1048576K
[2020-12-15T12:26:35.597-0500][gc             ] GC(8195) Pause Young (Normal) (G1 Evacuation Pause) 52M->42M(65M) 39.824ms
[2020-12-15T12:26:35.597-0500][gc,cpu         ] GC(8195) User=0.23s Sys=0.00s Real=0.04s
[2020-12-15T12:26:45.191-0500][gc,task        ] GC(8196) Using 5 workers of 8 for full compaction
[2020-12-15T12:26:45.192-0500][gc,start       ] GC(8196) Pause Full (System.gc())
[2020-12-15T12:26:45.192-0500][gc,heap        ] GC(8196) Heap before GC invocations=8196 (full 1678): garbage-first heap   total 66560K, used 44564K [0x0000000083000000, 0x0000000100000000)
[2020-12-15T12:26:45.192-0500][gc,heap        ] GC(8196)   region size 1024K, 3 young (3072K), 1 survivors (1024K)
[2020-12-15T12:26:45.192-0500][gc,heap        ] GC(8196)  Metaspace       used 49404K, capacity 51450K, committed 53248K, reserved 1093632K
[2020-12-15T12:26:45.192-0500][gc,heap        ] GC(8196)   class space    used 7386K, capacity 8097K, committed 8704K, reserved 1048576K
[2020-12-15T12:26:45.192-0500][gc,phases,start] GC(8196) Phase 1: Mark live objects
[2020-12-15T12:26:45.231-0500][gc,stringtable ] GC(8196) Cleaned string and symbol table, strings: 32765 processed, 5 removed, symbols: 120723 processed, 0 removed
[2020-12-15T12:26:45.231-0500][gc,phases      ] GC(8196) Phase 1: Mark live objects 39.225ms
[2020-12-15T12:26:45.231-0500][gc,phases,start] GC(8196) Phase 2: Prepare for compaction
[2020-12-15T12:26:45.239-0500][gc,phases      ] GC(8196) Phase 2: Prepare for compaction 8.130ms
[2020-12-15T12:26:45.239-0500][gc,phases,start] GC(8196) Phase 3: Adjust pointers
[2020-12-15T12:26:45.258-0500][gc,phases      ] GC(8196) Phase 3: Adjust pointers 18.349ms
[2020-12-15T12:26:45.258-0500][gc,phases,start] GC(8196) Phase 4: Compact heap
[2020-12-15T12:26:45.262-0500][gc,phases      ] GC(8196) Phase 4: Compact heap 4.503ms
[2020-12-15T12:26:45.275-0500][gc,heap        ] GC(8196) Eden regions: 2->0(12)
[2020-12-15T12:26:45.276-0500][gc,heap        ] GC(8196) Survivor regions: 1->0(2)
[2020-12-15T12:26:45.276-0500][gc,heap        ] GC(8196) Old regions: 42->41
[2020-12-15T12:26:45.276-0500][gc,heap        ] GC(8196) Humongous regions: 4->4
[2020-12-15T12:26:45.276-0500][gc,metaspace   ] GC(8196) Metaspace: 49404K->49404K(1093632K)
[2020-12-15T12:26:45.276-0500][gc,heap        ] GC(8196) Heap after GC invocations=8197 (full 1679): garbage-first heap   total 66560K, used 43259K [0x0000000083000000, 0x0000000100000000)
[2020-12-15T12:26:45.276-0500][gc,heap        ] GC(8196)   region size 1024K, 0 young (0K), 0 survivors (0K)
[2020-12-15T12:26:45.276-0500][gc,heap        ] GC(8196)  Metaspace       used 49404K, capacity 51450K, committed 53248K, reserved 1093632K
[2020-12-15T12:26:45.276-0500][gc,heap        ] GC(8196)   class space    used 7386K, capacity 8097K, committed 8704K, reserved 1048576K
[2020-12-15T12:26:45.276-0500][gc             ] GC(8196) Pause Full (System.gc()) 43M->42M(65M) 84.136ms
[2020-12-15T12:26:45.276-0500][gc,cpu         ] GC(8196) User=0.33s Sys=0.00s Real=0.08s
[2020-12-15T12:27:36.016-0500][gc,heap        ] GC(8197) Heap before GC invocations=8197 (full 1679): garbage-first heap   total 66560K, used 54523K [0x0000000083000000, 0x0000000100000000)
[2020-12-15T12:27:36.016-0500][gc,heap        ] GC(8197)   region size 1024K, 12 young (12288K), 0 survivors (0K)
[2020-12-15T12:27:36.016-0500][gc,heap        ] GC(8197)  Metaspace       used 49404K, capacity 51450K, committed 53248K, reserved 1093632K
[2020-12-15T12:27:36.016-0500][gc,heap        ] GC(8197)   class space    used 7386K, capacity 8097K, committed 8704K, reserved 1048576K
[2020-12-15T12:27:36.016-0500][gc,start       ] GC(8197) Pause Young (Normal) (G1 Evacuation Pause)
[2020-12-15T12:27:36.016-0500][gc,task        ] GC(8197) Using 8 workers of 8 for evacuation
[2020-12-15T12:27:36.034-0500][gc,phases      ] GC(8197)   Pre Evacuate Collection Set: 0.0ms
[2020-12-15T12:27:36.034-0500][gc,phases      ] GC(8197)   Evacuate Collection Set: 7.5ms
[2020-12-15T12:27:36.034-0500][gc,phases      ] GC(8197)   Post Evacuate Collection Set: 10.6ms
[2020-12-15T12:27:36.034-0500][gc,phases      ] GC(8197)   Other: 0.2ms
[2020-12-15T12:27:36.034-0500][gc,heap        ] GC(8197) Eden regions: 12->0(11)
[2020-12-15T12:27:36.034-0500][gc,heap        ] GC(8197) Survivor regions: 0->1(2)
[2020-12-15T12:27:36.034-0500][gc,heap        ] GC(8197) Old regions: 41->41
[2020-12-15T12:27:36.034-0500][gc,heap        ] GC(8197) Humongous regions: 4->4
[2020-12-15T12:27:36.034-0500][gc,metaspace   ] GC(8197) Metaspace: 49404K->49404K(1093632K)
[2020-12-15T12:27:36.034-0500][gc,heap        ] GC(8197) Heap after GC invocations=8198 (full 1679): garbage-first heap   total 66560K, used 43323K [0x0000000083000000, 0x0000000100000000)
[2020-12-15T12:27:36.034-0500][gc,heap        ] GC(8197)   region size 1024K, 1 young (1024K), 1 survivors (1024K)
[2020-12-15T12:27:36.034-0500][gc,heap        ] GC(8197)  Metaspace       used 49404K, capacity 51450K, committed 53248K, reserved 1093632K
[2020-12-15T12:27:36.034-0500][gc,heap        ] GC(8197)   class space    used 7386K, capacity 8097K, committed 8704K, reserved 1048576K
[2020-12-15T12:27:36.034-0500][gc             ] GC(8197) Pause Young (Normal) (G1 Evacuation Pause) 54M->42M(65M) 18.410ms
[2020-12-15T12:27:36.035-0500][gc,cpu         ] GC(8197) User=0.12s Sys=0.00s Real=0.02s
[2020-12-15T12:28:35.565-0500][gc,heap        ] GC(8198) Heap before GC invocations=8198 (full 1679): garbage-first heap   total 66560K, used 53563K [0x0000000083000000, 0x0000000100000000)
[2020-12-15T12:28:35.565-0500][gc,heap        ] GC(8198)   region size 1024K, 12 young (12288K), 1 survivors (1024K)
[2020-12-15T12:28:35.565-0500][gc,heap        ] GC(8198)  Metaspace       used 49404K, capacity 51450K, committed 53248K, reserved 1093632K
[2020-12-15T12:28:35.565-0500][gc,heap        ] GC(8198)   class space    used 7386K, capacity 8097K, committed 8704K, reserved 1048576K
[2020-12-15T12:28:35.565-0500][gc,start       ] GC(8198) Pause Young (Normal) (G1 Evacuation Pause)
[2020-12-15T12:28:35.565-0500][gc,task        ] GC(8198) Using 8 workers of 8 for evacuation
[2020-12-15T12:28:35.597-0500][gc,phases      ] GC(8198)   Pre Evacuate Collection Set: 0.0ms
[2020-12-15T12:28:35.597-0500][gc,phases      ] GC(8198)   Evacuate Collection Set: 6.5ms
[2020-12-15T12:28:35.597-0500][gc,phases      ] GC(8198)   Post Evacuate Collection Set: 24.8ms
[2020-12-15T12:28:35.597-0500][gc,phases      ] GC(8198)   Other: 0.5ms
[2020-12-15T12:28:35.597-0500][gc,heap        ] GC(8198) Eden regions: 11->0(11)
[2020-12-15T12:28:35.597-0500][gc,heap        ] GC(8198) Survivor regions: 1->1(2)
[2020-12-15T12:28:35.597-0500][gc,heap        ] GC(8198) Old regions: 41->41
[2020-12-15T12:28:35.597-0500][gc,heap        ] GC(8198) Humongous regions: 4->4
[2020-12-15T12:28:35.597-0500][gc,metaspace   ] GC(8198) Metaspace: 49404K->49404K(1093632K)
[2020-12-15T12:28:35.597-0500][gc,heap        ] GC(8198) Heap after GC invocations=8199 (full 1679): garbage-first heap   total 66560K, used 43394K [0x0000000083000000, 0x0000000100000000)
[2020-12-15T12:28:35.597-0500][gc,heap        ] GC(8198)   region size 1024K, 1 young (1024K), 1 survivors (1024K)
[2020-12-15T12:28:35.597-0500][gc,heap        ] GC(8198)  Metaspace       used 49404K, capacity 51450K, committed 53248K, reserved 1093632K
[2020-12-15T12:28:35.597-0500][gc,heap        ] GC(8198)   class space    used 7386K, capacity 8097K, committed 8704K, reserved 1048576K
[2020-12-15T12:28:35.597-0500][gc             ] GC(8198) Pause Young (Normal) (G1 Evacuation Pause) 53M->42M(65M) 31.928ms
[2020-12-15T12:28:35.597-0500][gc,cpu         ] GC(8198) User=0.17s Sys=0.00s Real=0.03s
[2020-12-15T12:29:25.562-0500][gc,heap        ] GC(8199) Heap before GC invocations=8199 (full 1679): garbage-first heap   total 66560K, used 53634K [0x0000000083000000, 0x0000000100000000)
[2020-12-15T12:29:25.562-0500][gc,heap        ] GC(8199)   region size 1024K, 12 young (12288K), 1 survivors (1024K)
[2020-12-15T12:29:25.562-0500][gc,heap        ] GC(8199)  Metaspace       used 49404K, capacity 51450K, committed 53248K, reserved 1093632K
[2020-12-15T12:29:25.562-0500][gc,heap        ] GC(8199)   class space    used 7386K, capacity 8097K, committed 8704K, reserved 1048576K
[2020-12-15T12:29:25.562-0500][gc,start       ] GC(8199) Pause Young (Concurrent Start) (G1 Evacuation Pause)
[2020-12-15T12:29:25.562-0500][gc,task        ] GC(8199) Using 8 workers of 8 for evacuation
[2020-12-15T12:29:25.642-0500][gc,phases      ] GC(8199)   Pre Evacuate Collection Set: 0.2ms
[2020-12-15T12:29:25.642-0500][gc,phases      ] GC(8199)   Evacuate Collection Set: 57.0ms
[2020-12-15T12:29:25.642-0500][gc,phases      ] GC(8199)   Post Evacuate Collection Set: 22.3ms
[2020-12-15T12:29:25.642-0500][gc,phases      ] GC(8199)   Other: 0.5ms
[2020-12-15T12:29:25.642-0500][gc,heap        ] GC(8199) Eden regions: 11->0(11)
[2020-12-15T12:29:25.642-0500][gc,heap        ] GC(8199) Survivor regions: 1->1(2)
[2020-12-15T12:29:25.642-0500][gc,heap        ] GC(8199) Old regions: 41->41
[2020-12-15T12:29:25.642-0500][gc,heap        ] GC(8199) Humongous regions: 4->4
[2020-12-15T12:29:25.642-0500][gc,metaspace   ] GC(8199) Metaspace: 49404K->49404K(1093632K)
[2020-12-15T12:29:25.642-0500][gc,heap        ] GC(8199) Heap after GC invocations=8200 (full 1679): garbage-first heap   total 66560K, used 43489K [0x0000000083000000, 0x0000000100000000)
[2020-12-15T12:29:25.642-0500][gc,heap        ] GC(8199)   region size 1024K, 1 young (1024K), 1 survivors (1024K)
[2020-12-15T12:29:25.642-0500][gc,heap        ] GC(8199)  Metaspace       used 49404K, capacity 51450K, committed 53248K, reserved 1093632K
[2020-12-15T12:29:25.642-0500][gc,heap        ] GC(8199)   class space    used 7386K, capacity 8097K, committed 8704K, reserved 1048576K
[2020-12-15T12:29:25.642-0500][gc             ] GC(8199) Pause Young (Concurrent Start) (G1 Evacuation Pause) 53M->42M(65M) 80.111ms
[2020-12-15T12:29:25.642-0500][gc,cpu         ] GC(8199) User=0.55s Sys=0.00s Real=0.08s
[2020-12-15T12:29:25.642-0500][gc             ] GC(8200) Concurrent Cycle
[2020-12-15T12:29:25.642-0500][gc,marking     ] GC(8200) Concurrent Clear Claimed Marks
[2020-12-15T12:29:25.643-0500][gc,marking     ] GC(8200) Concurrent Clear Claimed Marks 0.195ms
[2020-12-15T12:29:25.643-0500][gc,marking     ] GC(8200) Concurrent Scan Root Regions
[2020-12-15T12:29:25.644-0500][gc,marking     ] GC(8200) Concurrent Scan Root Regions 1.552ms
[2020-12-15T12:29:25.644-0500][gc,marking     ] GC(8200) Concurrent Mark (503563.031s)
[2020-12-15T12:29:25.644-0500][gc,marking     ] GC(8200) Concurrent Mark From Roots
[2020-12-15T12:29:25.644-0500][gc,task        ] GC(8200) Using 2 workers of 2 for marking
[2020-12-15T12:29:25.717-0500][gc,marking     ] GC(8200) Concurrent Mark From Roots 72.564ms
[2020-12-15T12:29:25.717-0500][gc,marking     ] GC(8200) Concurrent Preclean
[2020-12-15T12:29:25.717-0500][gc,marking     ] GC(8200) Concurrent Preclean 0.233ms
[2020-12-15T12:29:25.717-0500][gc,marking     ] GC(8200) Concurrent Mark (503563.031s, 503563.104s) 72.937ms
[2020-12-15T12:29:25.718-0500][gc,start       ] GC(8200) Pause Remark
[2020-12-15T12:29:25.744-0500][gc,stringtable ] GC(8200) Cleaned string and symbol table, strings: 32765 processed, 0 removed, symbols: 120723 processed, 0 removed
[2020-12-15T12:29:25.744-0500][gc             ] GC(8200) Pause Remark 43M->43M(65M) 26.789ms
[2020-12-15T12:29:25.745-0500][gc,cpu         ] GC(8200) User=0.15s Sys=0.00s Real=0.02s
[2020-12-15T12:29:25.745-0500][gc,marking     ] GC(8200) Concurrent Rebuild Remembered Sets
[2020-12-15T12:29:25.782-0500][gc,marking     ] GC(8200) Concurrent Rebuild Remembered Sets 37.272ms
[2020-12-15T12:29:25.782-0500][gc,start       ] GC(8200) Pause Cleanup
[2020-12-15T12:29:25.783-0500][gc             ] GC(8200) Pause Cleanup 43M->43M(65M) 0.336ms
[2020-12-15T12:29:25.783-0500][gc,cpu         ] GC(8200) User=0.00s Sys=0.00s Real=0.00s
[2020-12-15T12:29:25.783-0500][gc,marking     ] GC(8200) Concurrent Cleanup for Next Mark
[2020-12-15T12:29:25.783-0500][gc,marking     ] GC(8200) Concurrent Cleanup for Next Mark 0.324ms
[2020-12-15T12:29:25.783-0500][gc             ] GC(8200) Concurrent Cycle 141.228ms
[2020-12-15T12:30:16.012-0500][gc,heap        ] GC(8201) Heap before GC invocations=8201 (full 1679): garbage-first heap   total 66560K, used 53729K [0x0000000083000000, 0x0000000100000000)
[2020-12-15T12:30:16.012-0500][gc,heap        ] GC(8201)   region size 1024K, 12 young (12288K), 1 survivors (1024K)
[2020-12-15T12:30:16.012-0500][gc,heap        ] GC(8201)  Metaspace       used 49404K, capacity 51450K, committed 53248K, reserved 1093632K
[2020-12-15T12:30:16.012-0500][gc,heap        ] GC(8201)   class space    used 7386K, capacity 8097K, committed 8704K, reserved 1048576K
[2020-12-15T12:30:16.012-0500][gc,start       ] GC(8201) Pause Young (Normal) (G1 Evacuation Pause)
[2020-12-15T12:30:16.012-0500][gc,task        ] GC(8201) Using 8 workers of 8 for evacuation
[2020-12-15T12:30:16.017-0500][gc,phases      ] GC(8201)   Pre Evacuate Collection Set: 0.0ms
[2020-12-15T12:30:16.018-0500][gc,phases      ] GC(8201)   Evacuate Collection Set: 3.7ms
[2020-12-15T12:30:16.018-0500][gc,phases      ] GC(8201)   Post Evacuate Collection Set: 1.6ms
[2020-12-15T12:30:16.018-0500][gc,phases      ] GC(8201)   Other: 0.2ms
[2020-12-15T12:30:16.018-0500][gc,heap        ] GC(8201) Eden regions: 11->0(11)
[2020-12-15T12:30:16.018-0500][gc,heap        ] GC(8201) Survivor regions: 1->1(2)
[2020-12-15T12:30:16.018-0500][gc,heap        ] GC(8201) Old regions: 41->41
[2020-12-15T12:30:16.018-0500][gc,heap        ] GC(8201) Humongous regions: 4->4
[2020-12-15T12:30:16.018-0500][gc,metaspace   ] GC(8201) Metaspace: 49404K->49404K(1093632K)
[2020-12-15T12:30:16.018-0500][gc,heap        ] GC(8201) Heap after GC invocations=8202 (full 1679): garbage-first heap   total 66560K, used 43360K [0x0000000083000000, 0x0000000100000000)
[2020-12-15T12:30:16.018-0500][gc,heap        ] GC(8201)   region size 1024K, 1 young (1024K), 1 survivors (1024K)
[2020-12-15T12:30:16.018-0500][gc,heap        ] GC(8201)  Metaspace       used 49404K, capacity 51450K, committed 53248K, reserved 1093632K
[2020-12-15T12:30:16.018-0500][gc,heap        ] GC(8201)   class space    used 7386K, capacity 8097K, committed 8704K, reserved 1048576K
[2020-12-15T12:30:16.018-0500][gc             ] GC(8201) Pause Young (Normal) (G1 Evacuation Pause) 53M->42M(65M) 5.632ms
[2020-12-15T12:30:16.018-0500][gc,cpu         ] GC(8201) User=0.02s Sys=0.00s Real=0.01s
[2020-12-15T12:31:15.557-0500][gc,heap        ] GC(8202) Heap before GC invocations=8202 (full 1679): garbage-first heap   total 66560K, used 53600K [0x0000000083000000, 0x0000000100000000)
[2020-12-15T12:31:15.557-0500][gc,heap        ] GC(8202)   region size 1024K, 12 young (12288K), 1 survivors (1024K)
[2020-12-15T12:31:15.557-0500][gc,heap        ] GC(8202)  Metaspace       used 49404K, capacity 51450K, committed 53248K, reserved 1093632K
[2020-12-15T12:31:15.557-0500][gc,heap        ] GC(8202)   class space    used 7386K, capacity 8097K, committed 8704K, reserved 1048576K
[2020-12-15T12:31:15.557-0500][gc,start       ] GC(8202) Pause Young (Concurrent Start) (G1 Evacuation Pause)
[2020-12-15T12:31:15.557-0500][gc,task        ] GC(8202) Using 8 workers of 8 for evacuation
[2020-12-15T12:31:15.600-0500][gc,phases      ] GC(8202)   Pre Evacuate Collection Set: 0.3ms
[2020-12-15T12:31:15.600-0500][gc,phases      ] GC(8202)   Evacuate Collection Set: 6.4ms
[2020-12-15T12:31:15.600-0500][gc,phases      ] GC(8202)   Post Evacuate Collection Set: 35.7ms
[2020-12-15T12:31:15.600-0500][gc,phases      ] GC(8202)   Other: 0.5ms
[2020-12-15T12:31:15.600-0500][gc,heap        ] GC(8202) Eden regions: 11->0(11)
[2020-12-15T12:31:15.600-0500][gc,heap        ] GC(8202) Survivor regions: 1->1(2)
[2020-12-15T12:31:15.600-0500][gc,heap        ] GC(8202) Old regions: 41->41
[2020-12-15T12:31:15.600-0500][gc,heap        ] GC(8202) Humongous regions: 4->4
[2020-12-15T12:31:15.600-0500][gc,metaspace   ] GC(8202) Metaspace: 49404K->49404K(1093632K)
[2020-12-15T12:31:15.600-0500][gc,heap        ] GC(8202) Heap after GC invocations=8203 (full 1679): garbage-first heap   total 66560K, used 43493K [0x0000000083000000, 0x0000000100000000)
[2020-12-15T12:31:15.600-0500][gc,heap        ] GC(8202)   region size 1024K, 1 young (1024K), 1 survivors (1024K)
[2020-12-15T12:31:15.600-0500][gc,heap        ] GC(8202)  Metaspace       used 49404K, capacity 51450K, committed 53248K, reserved 1093632K
[2020-12-15T12:31:15.600-0500][gc,heap        ] GC(8202)   class space    used 7386K, capacity 8097K, committed 8704K, reserved 1048576K
[2020-12-15T12:31:15.600-0500][gc             ] GC(8202) Pause Young (Concurrent Start) (G1 Evacuation Pause) 53M->42M(65M) 42.928ms
[2020-12-15T12:31:15.600-0500][gc,cpu         ] GC(8202) User=0.22s Sys=0.00s Real=0.05s
[2020-12-15T12:31:15.600-0500][gc             ] GC(8203) Concurrent Cycle
[2020-12-15T12:31:15.601-0500][gc,marking     ] GC(8203) Concurrent Clear Claimed Marks
[2020-12-15T12:31:15.601-0500][gc,marking     ] GC(8203) Concurrent Clear Claimed Marks 0.194ms
[2020-12-15T12:31:15.601-0500][gc,marking     ] GC(8203) Concurrent Scan Root Regions
[2020-12-15T12:31:15.605-0500][gc,marking     ] GC(8203) Concurrent Scan Root Regions 4.757ms
[2020-12-15T12:31:15.606-0500][gc,marking     ] GC(8203) Concurrent Mark (503672.993s)
[2020-12-15T12:31:15.606-0500][gc,marking     ] GC(8203) Concurrent Mark From Roots
[2020-12-15T12:31:15.606-0500][gc,task        ] GC(8203) Using 2 workers of 2 for marking
[2020-12-15T12:31:15.687-0500][gc,marking     ] GC(8203) Concurrent Mark From Roots 81.361ms
[2020-12-15T12:31:15.687-0500][gc,marking     ] GC(8203) Concurrent Preclean
[2020-12-15T12:31:15.687-0500][gc,marking     ] GC(8203) Concurrent Preclean 0.266ms
[2020-12-15T12:31:15.687-0500][gc,marking     ] GC(8203) Concurrent Mark (503672.993s, 503673.074s) 81.742ms
[2020-12-15T12:31:15.688-0500][gc,start       ] GC(8203) Pause Remark
[2020-12-15T12:31:15.713-0500][gc,stringtable ] GC(8203) Cleaned string and symbol table, strings: 32765 processed, 0 removed, symbols: 120723 processed, 0 removed
[2020-12-15T12:31:15.716-0500][gc             ] GC(8203) Pause Remark 43M->43M(65M) 27.792ms
[2020-12-15T12:31:15.716-0500][gc,cpu         ] GC(8203) User=0.14s Sys=0.00s Real=0.02s
[2020-12-15T12:31:15.716-0500][gc,marking     ] GC(8203) Concurrent Rebuild Remembered Sets
[2020-12-15T12:31:15.756-0500][gc,marking     ] GC(8203) Concurrent Rebuild Remembered Sets 40.677ms
[2020-12-15T12:31:15.757-0500][gc,start       ] GC(8203) Pause Cleanup
[2020-12-15T12:31:15.757-0500][gc             ] GC(8203) Pause Cleanup 43M->43M(65M) 0.405ms
[2020-12-15T12:31:15.758-0500][gc,cpu         ] GC(8203) User=0.01s Sys=0.00s Real=0.01s
[2020-12-15T12:31:15.758-0500][gc,marking     ] GC(8203) Concurrent Cleanup for Next Mark
[2020-12-15T12:31:15.758-0500][gc,marking     ] GC(8203) Concurrent Cleanup for Next Mark 0.390ms
[2020-12-15T12:31:15.758-0500][gc             ] GC(8203) Concurrent Cycle 157.665ms
[2020-12-15T12:31:45.189-0500][gc,task        ] GC(8204) Using 5 workers of 8 for full compaction
[2020-12-15T12:31:45.189-0500][gc,start       ] GC(8204) Pause Full (System.gc())
[2020-12-15T12:31:45.189-0500][gc,heap        ] GC(8204) Heap before GC invocations=8204 (full 1679): garbage-first heap   total 66560K, used 48613K [0x0000000083000000, 0x0000000100000000)
[2020-12-15T12:31:45.189-0500][gc,heap        ] GC(8204)   region size 1024K, 7 young (7168K), 1 survivors (1024K)
[2020-12-15T12:31:45.189-0500][gc,heap        ] GC(8204)  Metaspace       used 49404K, capacity 51450K, committed 53248K, reserved 1093632K
[2020-12-15T12:31:45.189-0500][gc,heap        ] GC(8204)   class space    used 7386K, capacity 8097K, committed 8704K, reserved 1048576K
[2020-12-15T12:31:45.190-0500][gc,phases,start] GC(8204) Phase 1: Mark live objects
[2020-12-15T12:31:45.219-0500][gc,stringtable ] GC(8204) Cleaned string and symbol table, strings: 32765 processed, 5 removed, symbols: 120723 processed, 0 removed
[2020-12-15T12:31:45.219-0500][gc,phases      ] GC(8204) Phase 1: Mark live objects 29.894ms
[2020-12-15T12:31:45.219-0500][gc,phases,start] GC(8204) Phase 2: Prepare for compaction
[2020-12-15T12:31:45.225-0500][gc,phases      ] GC(8204) Phase 2: Prepare for compaction 5.646ms
[2020-12-15T12:31:45.225-0500][gc,phases,start] GC(8204) Phase 3: Adjust pointers
[2020-12-15T12:31:45.247-0500][gc,phases      ] GC(8204) Phase 3: Adjust pointers 21.709ms
[2020-12-15T12:31:45.247-0500][gc,phases,start] GC(8204) Phase 4: Compact heap
[2020-12-15T12:31:45.251-0500][gc,phases      ] GC(8204) Phase 4: Compact heap 3.933ms
[2020-12-15T12:31:45.263-0500][gc,heap        ] GC(8204) Eden regions: 6->0(10)
[2020-12-15T12:31:45.263-0500][gc,heap        ] GC(8204) Survivor regions: 1->0(2)
[2020-12-15T12:31:45.263-0500][gc,heap        ] GC(8204) Old regions: 41->43
[2020-12-15T12:31:45.263-0500][gc,heap        ] GC(8204) Humongous regions: 4->4
[2020-12-15T12:31:45.263-0500][gc,metaspace   ] GC(8204) Metaspace: 49404K->49404K(1093632K)
[2020-12-15T12:31:45.263-0500][gc,heap        ] GC(8204) Heap after GC invocations=8205 (full 1680): garbage-first heap   total 66560K, used 43268K [0x0000000083000000, 0x0000000100000000)
[2020-12-15T12:31:45.263-0500][gc,heap        ] GC(8204)   region size 1024K, 0 young (0K), 0 survivors (0K)
[2020-12-15T12:31:45.263-0500][gc,heap        ] GC(8204)  Metaspace       used 49404K, capacity 51450K, committed 53248K, reserved 1093632K
[2020-12-15T12:31:45.263-0500][gc,heap        ] GC(8204)   class space    used 7386K, capacity 8097K, committed 8704K, reserved 1048576K
[2020-12-15T12:31:45.263-0500][gc             ] GC(8204) Pause Full (System.gc()) 48M->42M(65M) 73.592ms
[2020-12-15T12:31:45.263-0500][gc,cpu         ] GC(8204) User=0.30s Sys=0.00s Real=0.07s
[2020-12-15T12:32:26.012-0500][gc,heap        ] GC(8205) Heap before GC invocations=8205 (full 1680): garbage-first heap   total 66560K, used 52484K [0x0000000083000000, 0x0000000100000000)
[2020-12-15T12:32:26.012-0500][gc,heap        ] GC(8205)   region size 1024K, 10 young (10240K), 0 survivors (0K)
[2020-12-15T12:32:26.012-0500][gc,heap        ] GC(8205)  Metaspace       used 49404K, capacity 51450K, committed 53248K, reserved 1093632K
[2020-12-15T12:32:26.012-0500][gc,heap        ] GC(8205)   class space    used 7386K, capacity 8097K, committed 8704K, reserved 1048576K
[2020-12-15T12:32:26.012-0500][gc,start       ] GC(8205) Pause Young (Concurrent Start) (G1 Evacuation Pause)
[2020-12-15T12:32:26.012-0500][gc,task        ] GC(8205) Using 8 workers of 8 for evacuation
[2020-12-15T12:32:26.029-0500][gc,phases      ] GC(8205)   Pre Evacuate Collection Set: 0.2ms
[2020-12-15T12:32:26.029-0500][gc,phases      ] GC(8205)   Evacuate Collection Set: 15.0ms
[2020-12-15T12:32:26.030-0500][gc,phases      ] GC(8205)   Post Evacuate Collection Set: 1.9ms
[2020-12-15T12:32:26.030-0500][gc,phases      ] GC(8205)   Other: 0.3ms
[2020-12-15T12:32:26.030-0500][gc,heap        ] GC(8205) Eden regions: 10->0(9)
[2020-12-15T12:32:26.030-0500][gc,heap        ] GC(8205) Survivor regions: 0->1(2)
[2020-12-15T12:32:26.030-0500][gc,heap        ] GC(8205) Old regions: 43->43
[2020-12-15T12:32:26.030-0500][gc,heap        ] GC(8205) Humongous regions: 4->4
[2020-12-15T12:32:26.030-0500][gc,metaspace   ] GC(8205) Metaspace: 49404K->49404K(1093632K)
[2020-12-15T12:32:26.030-0500][gc,heap        ] GC(8205) Heap after GC invocations=8206 (full 1680): garbage-first heap   total 66560K, used 43332K [0x0000000083000000, 0x0000000100000000)
[2020-12-15T12:32:26.030-0500][gc,heap        ] GC(8205)   region size 1024K, 1 young (1024K), 1 survivors (1024K)
[2020-12-15T12:32:26.030-0500][gc,heap        ] GC(8205)  Metaspace       used 49404K, capacity 51450K, committed 53248K, reserved 1093632K
[2020-12-15T12:32:26.030-0500][gc,heap        ] GC(8205)   class space    used 7386K, capacity 8097K, committed 8704K, reserved 1048576K
[2020-12-15T12:32:26.030-0500][gc             ] GC(8205) Pause Young (Concurrent Start) (G1 Evacuation Pause) 52M->42M(65M) 17.355ms
[2020-12-15T12:32:26.030-0500][gc,cpu         ] GC(8205) User=0.11s Sys=0.00s Real=0.02s
[2020-12-15T12:32:26.030-0500][gc             ] GC(8206) Concurrent Cycle
[2020-12-15T12:32:26.030-0500][gc,marking     ] GC(8206) Concurrent Clear Claimed Marks
[2020-12-15T12:32:26.030-0500][gc,marking     ] GC(8206) Concurrent Clear Claimed Marks 0.203ms
[2020-12-15T12:32:26.030-0500][gc,marking     ] GC(8206) Concurrent Scan Root Regions
[2020-12-15T12:32:26.031-0500][gc,marking     ] GC(8206) Concurrent Scan Root Regions 0.841ms
[2020-12-15T12:32:26.031-0500][gc,marking     ] GC(8206) Concurrent Mark (503743.418s)
[2020-12-15T12:32:26.031-0500][gc,marking     ] GC(8206) Concurrent Mark From Roots
[2020-12-15T12:32:26.031-0500][gc,task        ] GC(8206) Using 2 workers of 2 for marking
[2020-12-15T12:32:26.070-0500][gc,marking     ] GC(8206) Concurrent Mark From Roots 39.019ms
[2020-12-15T12:32:26.070-0500][gc,marking     ] GC(8206) Concurrent Preclean
[2020-12-15T12:32:26.070-0500][gc,marking     ] GC(8206) Concurrent Preclean 0.149ms
[2020-12-15T12:32:26.070-0500][gc,marking     ] GC(8206) Concurrent Mark (503743.418s, 503743.457s) 39.264ms
[2020-12-15T12:32:26.071-0500][gc,start       ] GC(8206) Pause Remark
[2020-12-15T12:32:26.076-0500][gc,stringtable ] GC(8206) Cleaned string and symbol table, strings: 32765 processed, 0 removed, symbols: 120723 processed, 0 removed
[2020-12-15T12:32:26.076-0500][gc             ] GC(8206) Pause Remark 42M->42M(65M) 5.828ms
[2020-12-15T12:32:26.076-0500][gc,cpu         ] GC(8206) User=0.03s Sys=0.00s Real=0.00s
[2020-12-15T12:32:26.076-0500][gc,marking     ] GC(8206) Concurrent Rebuild Remembered Sets
[2020-12-15T12:32:26.099-0500][gc,marking     ] GC(8206) Concurrent Rebuild Remembered Sets 22.436ms
[2020-12-15T12:32:26.099-0500][gc,start       ] GC(8206) Pause Cleanup
[2020-12-15T12:32:26.100-0500][gc             ] GC(8206) Pause Cleanup 42M->42M(65M) 0.227ms
[2020-12-15T12:32:26.100-0500][gc,cpu         ] GC(8206) User=0.00s Sys=0.00s Real=0.00s
[2020-12-15T12:32:26.100-0500][gc,marking     ] GC(8206) Concurrent Cleanup for Next Mark
[2020-12-15T12:32:26.100-0500][gc,marking     ] GC(8206) Concurrent Cleanup for Next Mark 0.166ms
[2020-12-15T12:32:26.100-0500][gc             ] GC(8206) Concurrent Cycle 70.162ms
[2020-12-15T12:33:15.438-0500][gc,heap        ] GC(8207) Heap before GC invocations=8207 (full 1680): garbage-first heap   total 66560K, used 51524K [0x0000000083000000, 0x0000000100000000)
[2020-12-15T12:33:15.438-0500][gc,heap        ] GC(8207)   region size 1024K, 10 young (10240K), 1 survivors (1024K)
[2020-12-15T12:33:15.438-0500][gc,heap        ] GC(8207)  Metaspace       used 49404K, capacity 51450K, committed 53248K, reserved 1093632K
[2020-12-15T12:33:15.438-0500][gc,heap        ] GC(8207)   class space    used 7386K, capacity 8097K, committed 8704K, reserved 1048576K
[2020-12-15T12:33:15.438-0500][gc,start       ] GC(8207) Pause Young (Prepare Mixed) (G1 Evacuation Pause)
[2020-12-15T12:33:15.438-0500][gc,task        ] GC(8207) Using 8 workers of 8 for evacuation
[2020-12-15T12:33:15.465-0500][gc,phases      ] GC(8207)   Pre Evacuate Collection Set: 0.0ms
[2020-12-15T12:33:15.465-0500][gc,phases      ] GC(8207)   Evacuate Collection Set: 18.7ms
[2020-12-15T12:33:15.465-0500][gc,phases      ] GC(8207)   Post Evacuate Collection Set: 8.2ms
[2020-12-15T12:33:15.465-0500][gc,phases      ] GC(8207)   Other: 0.2ms
[2020-12-15T12:33:15.465-0500][gc,heap        ] GC(8207) Eden regions: 9->0(2)
[2020-12-15T12:33:15.465-0500][gc,heap        ] GC(8207) Survivor regions: 1->1(2)
[2020-12-15T12:33:15.465-0500][gc,heap        ] GC(8207) Old regions: 43->43
[2020-12-15T12:33:15.465-0500][gc,heap        ] GC(8207) Humongous regions: 4->4
[2020-12-15T12:33:15.465-0500][gc,metaspace   ] GC(8207) Metaspace: 49404K->49404K(1093632K)
[2020-12-15T12:33:15.465-0500][gc,heap        ] GC(8207) Heap after GC invocations=8208 (full 1680): garbage-first heap   total 66560K, used 43338K [0x0000000083000000, 0x0000000100000000)
[2020-12-15T12:33:15.465-0500][gc,heap        ] GC(8207)   region size 1024K, 1 young (1024K), 1 survivors (1024K)
[2020-12-15T12:33:15.465-0500][gc,heap        ] GC(8207)  Metaspace       used 49404K, capacity 51450K, committed 53248K, reserved 1093632K
[2020-12-15T12:33:15.465-0500][gc,heap        ] GC(8207)   class space    used 7386K, capacity 8097K, committed 8704K, reserved 1048576K
[2020-12-15T12:33:15.465-0500][gc             ] GC(8207) Pause Young (Prepare Mixed) (G1 Evacuation Pause) 51M->42M(65M) 27.286ms
[2020-12-15T12:33:15.465-0500][gc,cpu         ] GC(8207) User=0.16s Sys=0.00s Real=0.02s
[2020-12-15T12:33:17.463-0500][gc,heap        ] GC(8208) Heap before GC invocations=8208 (full 1680): garbage-first heap   total 66560K, used 44362K [0x0000000083000000, 0x0000000100000000)
[2020-12-15T12:33:17.463-0500][gc,heap        ] GC(8208)   region size 1024K, 3 young (3072K), 1 survivors (1024K)
[2020-12-15T12:33:17.463-0500][gc,heap        ] GC(8208)  Metaspace       used 49404K, capacity 51450K, committed 53248K, reserved 1093632K
[2020-12-15T12:33:17.463-0500][gc,heap        ] GC(8208)   class space    used 7386K, capacity 8097K, committed 8704K, reserved 1048576K
[2020-12-15T12:33:17.463-0500][gc,start       ] GC(8208) Pause Young (Mixed) (G1 Evacuation Pause)
[2020-12-15T12:33:17.463-0500][gc,task        ] GC(8208) Using 8 workers of 8 for evacuation
[2020-12-15T12:33:17.465-0500][gc,phases      ] GC(8208)   Pre Evacuate Collection Set: 0.0ms
[2020-12-15T12:33:17.465-0500][gc,phases      ] GC(8208)   Evacuate Collection Set: 0.7ms
[2020-12-15T12:33:17.465-0500][gc,phases      ] GC(8208)   Post Evacuate Collection Set: 0.9ms
[2020-12-15T12:33:17.465-0500][gc,phases      ] GC(8208)   Other: 0.2ms
[2020-12-15T12:33:17.465-0500][gc,heap        ] GC(8208) Eden regions: 2->0(9)
[2020-12-15T12:33:17.465-0500][gc,heap        ] GC(8208) Survivor regions: 1->1(1)
[2020-12-15T12:33:17.465-0500][gc,heap        ] GC(8208) Old regions: 43->43
[2020-12-15T12:33:17.465-0500][gc,heap        ] GC(8208) Humongous regions: 4->4
[2020-12-15T12:33:17.465-0500][gc,metaspace   ] GC(8208) Metaspace: 49404K->49404K(1093632K)
[2020-12-15T12:33:17.465-0500][gc,heap        ] GC(8208) Heap after GC invocations=8209 (full 1680): garbage-first heap   total 66560K, used 43311K [0x0000000083000000, 0x0000000100000000)
[2020-12-15T12:33:17.465-0500][gc,heap        ] GC(8208)   region size 1024K, 1 young (1024K), 1 survivors (1024K)
[2020-12-15T12:33:17.465-0500][gc,heap        ] GC(8208)  Metaspace       used 49404K, capacity 51450K, committed 53248K, reserved 1093632K
[2020-12-15T12:33:17.465-0500][gc,heap        ] GC(8208)   class space    used 7386K, capacity 8097K, committed 8704K, reserved 1048576K
[2020-12-15T12:33:17.465-0500][gc             ] GC(8208) Pause Young (Mixed) (G1 Evacuation Pause) 44M->42M(65M) 1.809ms
[2020-12-15T12:33:17.465-0500][gc,cpu         ] GC(8208) User=0.01s Sys=0.00s Real=0.00s
[2020-12-15T12:34:05.557-0500][gc,heap        ] GC(8209) Heap before GC invocations=8209 (full 1680): garbage-first heap   total 66560K, used 51503K [0x0000000083000000, 0x0000000100000000)
[2020-12-15T12:34:05.557-0500][gc,heap        ] GC(8209)   region size 1024K, 10 young (10240K), 1 survivors (1024K)
[2020-12-15T12:34:05.558-0500][gc,heap        ] GC(8209)  Metaspace       used 49404K, capacity 51450K, committed 53248K, reserved 1093632K
[2020-12-15T12:34:05.558-0500][gc,heap        ] GC(8209)   class space    used 7386K, capacity 8097K, committed 8704K, reserved 1048576K
[2020-12-15T12:34:05.558-0500][gc,start       ] GC(8209) Pause Young (Normal) (G1 Evacuation Pause)
[2020-12-15T12:34:05.558-0500][gc,task        ] GC(8209) Using 8 workers of 8 for evacuation
[2020-12-15T12:34:05.567-0500][gc,phases      ] GC(8209)   Pre Evacuate Collection Set: 0.0ms
[2020-12-15T12:34:05.567-0500][gc,phases      ] GC(8209)   Evacuate Collection Set: 6.6ms
[2020-12-15T12:34:05.567-0500][gc,phases      ] GC(8209)   Post Evacuate Collection Set: 2.9ms
[2020-12-15T12:34:05.567-0500][gc,phases      ] GC(8209)   Other: 0.4ms
[2020-12-15T12:34:05.567-0500][gc,heap        ] GC(8209) Eden regions: 9->0(9)
[2020-12-15T12:34:05.567-0500][gc,heap        ] GC(8209) Survivor regions: 1->1(2)
[2020-12-15T12:34:05.567-0500][gc,heap        ] GC(8209) Old regions: 43->43
[2020-12-15T12:34:05.567-0500][gc,heap        ] GC(8209) Humongous regions: 4->4
[2020-12-15T12:34:05.567-0500][gc,metaspace   ] GC(8209) Metaspace: 49404K->49404K(1093632K)
[2020-12-15T12:34:05.567-0500][gc,heap        ] GC(8209) Heap after GC invocations=8210 (full 1680): garbage-first heap   total 66560K, used 43487K [0x0000000083000000, 0x0000000100000000)
[2020-12-15T12:34:05.567-0500][gc,heap        ] GC(8209)   region size 1024K, 1 young (1024K), 1 survivors (1024K)
[2020-12-15T12:34:05.567-0500][gc,heap        ] GC(8209)  Metaspace       used 49404K, capacity 51450K, committed 53248K, reserved 1093632K
[2020-12-15T12:34:05.567-0500][gc,heap        ] GC(8209)   class space    used 7386K, capacity 8097K, committed 8704K, reserved 1048576K
[2020-12-15T12:34:05.567-0500][gc             ] GC(8209) Pause Young (Normal) (G1 Evacuation Pause) 51M->42M(65M) 9.839ms
[2020-12-15T12:34:05.568-0500][gc,cpu         ] GC(8209) User=0.05s Sys=0.00s Real=0.00s
[2020-12-15T12:34:46.012-0500][gc,heap        ] GC(8210) Heap before GC invocations=8210 (full 1680): garbage-first heap   total 66560K, used 51679K [0x0000000083000000, 0x0000000100000000)
[2020-12-15T12:34:46.012-0500][gc,heap        ] GC(8210)   region size 1024K, 10 young (10240K), 1 survivors (1024K)
[2020-12-15T12:34:46.012-0500][gc,heap        ] GC(8210)  Metaspace       used 49404K, capacity 51450K, committed 53248K, reserved 1093632K
[2020-12-15T12:34:46.012-0500][gc,heap        ] GC(8210)   class space    used 7386K, capacity 8097K, committed 8704K, reserved 1048576K
[2020-12-15T12:34:46.012-0500][gc,start       ] GC(8210) Pause Young (Normal) (G1 Evacuation Pause)
[2020-12-15T12:34:46.012-0500][gc,task        ] GC(8210) Using 8 workers of 8 for evacuation
[2020-12-15T12:34:46.021-0500][gc,phases      ] GC(8210)   Pre Evacuate Collection Set: 0.0ms
[2020-12-15T12:34:46.021-0500][gc,phases      ] GC(8210)   Evacuate Collection Set: 0.8ms
[2020-12-15T12:34:46.021-0500][gc,phases      ] GC(8210)   Post Evacuate Collection Set: 7.2ms
[2020-12-15T12:34:46.021-0500][gc,phases      ] GC(8210)   Other: 0.2ms
[2020-12-15T12:34:46.021-0500][gc,heap        ] GC(8210) Eden regions: 9->0(9)
[2020-12-15T12:34:46.021-0500][gc,heap        ] GC(8210) Survivor regions: 1->1(2)
[2020-12-15T12:34:46.021-0500][gc,heap        ] GC(8210) Old regions: 43->43
[2020-12-15T12:34:46.021-0500][gc,heap        ] GC(8210) Humongous regions: 4->4
[2020-12-15T12:34:46.021-0500][gc,metaspace   ] GC(8210) Metaspace: 49404K->49404K(1093632K)
[2020-12-15T12:34:46.021-0500][gc,heap        ] GC(8210) Heap after GC invocations=8211 (full 1680): garbage-first heap   total 66560K, used 43368K [0x0000000083000000, 0x0000000100000000)
[2020-12-15T12:34:46.021-0500][gc,heap        ] GC(8210)   region size 1024K, 1 young (1024K), 1 survivors (1024K)
[2020-12-15T12:34:46.021-0500][gc,heap        ] GC(8210)  Metaspace       used 49404K, capacity 51450K, committed 53248K, reserved 1093632K
[2020-12-15T12:34:46.021-0500][gc,heap        ] GC(8210)   class space    used 7386K, capacity 8097K, committed 8704K, reserved 1048576K
[2020-12-15T12:34:46.021-0500][gc             ] GC(8210) Pause Young (Normal) (G1 Evacuation Pause) 51M->42M(65M) 8.295ms
[2020-12-15T12:34:46.021-0500][gc,cpu         ] GC(8210) User=0.04s Sys=0.00s Real=0.01s
[2020-12-15T12:35:35.558-0500][gc,heap        ] GC(8211) Heap before GC invocations=8211 (full 1680): garbage-first heap   total 66560K, used 51560K [0x0000000083000000, 0x0000000100000000)
[2020-12-15T12:35:35.558-0500][gc,heap        ] GC(8211)   region size 1024K, 10 young (10240K), 1 survivors (1024K)
[2020-12-15T12:35:35.558-0500][gc,heap        ] GC(8211)  Metaspace       used 49404K, capacity 51450K, committed 53248K, reserved 1093632K
[2020-12-15T12:35:35.558-0500][gc,heap        ] GC(8211)   class space    used 7386K, capacity 8097K, committed 8704K, reserved 1048576K
[2020-12-15T12:35:35.558-0500][gc,start       ] GC(8211) Pause Young (Normal) (G1 Evacuation Pause)
[2020-12-15T12:35:35.558-0500][gc,task        ] GC(8211) Using 8 workers of 8 for evacuation
[2020-12-15T12:35:35.561-0500][gc,phases      ] GC(8211)   Pre Evacuate Collection Set: 0.0ms
[2020-12-15T12:35:35.561-0500][gc,phases      ] GC(8211)   Evacuate Collection Set: 1.2ms
[2020-12-15T12:35:35.561-0500][gc,phases      ] GC(8211)   Post Evacuate Collection Set: 1.5ms
[2020-12-15T12:35:35.561-0500][gc,phases      ] GC(8211)   Other: 0.3ms
[2020-12-15T12:35:35.561-0500][gc,heap        ] GC(8211) Eden regions: 9->0(9)
[2020-12-15T12:35:35.561-0500][gc,heap        ] GC(8211) Survivor regions: 1->1(2)
[2020-12-15T12:35:35.561-0500][gc,heap        ] GC(8211) Old regions: 43->43
[2020-12-15T12:35:35.561-0500][gc,heap        ] GC(8211) Humongous regions: 4->4
[2020-12-15T12:35:35.561-0500][gc,metaspace   ] GC(8211) Metaspace: 49404K->49404K(1093632K)
[2020-12-15T12:35:35.561-0500][gc,heap        ] GC(8211) Heap after GC invocations=8212 (full 1680): garbage-first heap   total 66560K, used 43420K [0x0000000083000000, 0x0000000100000000)
[2020-12-15T12:35:35.561-0500][gc,heap        ] GC(8211)   region size 1024K, 1 young (1024K), 1 survivors (1024K)
[2020-12-15T12:35:35.561-0500][gc,heap        ] GC(8211)  Metaspace       used 49404K, capacity 51450K, committed 53248K, reserved 1093632K
[2020-12-15T12:35:35.561-0500][gc,heap        ] GC(8211)   class space    used 7386K, capacity 8097K, committed 8704K, reserved 1048576K
[2020-12-15T12:35:35.561-0500][gc             ] GC(8211) Pause Young (Normal) (G1 Evacuation Pause) 51M->42M(65M) 3.213ms
[2020-12-15T12:35:35.561-0500][gc,cpu         ] GC(8211) User=0.02s Sys=0.00s Real=0.00s
[2020-12-15T12:36:15.559-0500][gc,heap        ] GC(8212) Heap before GC invocations=8212 (full 1680): garbage-first heap   total 66560K, used 51612K [0x0000000083000000, 0x0000000100000000)
[2020-12-15T12:36:15.559-0500][gc,heap        ] GC(8212)   region size 1024K, 10 young (10240K), 1 survivors (1024K)
[2020-12-15T12:36:15.559-0500][gc,heap        ] GC(8212)  Metaspace       used 49404K, capacity 51450K, committed 53248K, reserved 1093632K
[2020-12-15T12:36:15.559-0500][gc,heap        ] GC(8212)   class space    used 7386K, capacity 8097K, committed 8704K, reserved 1048576K
[2020-12-15T12:36:15.559-0500][gc,start       ] GC(8212) Pause Young (Normal) (G1 Evacuation Pause)
[2020-12-15T12:36:15.559-0500][gc,task        ] GC(8212) Using 8 workers of 8 for evacuation
[2020-12-15T12:36:15.561-0500][gc,phases      ] GC(8212)   Pre Evacuate Collection Set: 0.0ms
[2020-12-15T12:36:15.562-0500][gc,phases      ] GC(8212)   Evacuate Collection Set: 0.9ms
[2020-12-15T12:36:15.562-0500][gc,phases      ] GC(8212)   Post Evacuate Collection Set: 1.2ms
[2020-12-15T12:36:15.562-0500][gc,phases      ] GC(8212)   Other: 0.3ms
[2020-12-15T12:36:15.562-0500][gc,heap        ] GC(8212) Eden regions: 9->0(9)
[2020-12-15T12:36:15.562-0500][gc,heap        ] GC(8212) Survivor regions: 1->1(2)
[2020-12-15T12:36:15.562-0500][gc,heap        ] GC(8212) Old regions: 43->43
[2020-12-15T12:36:15.562-0500][gc,heap        ] GC(8212) Humongous regions: 4->4
[2020-12-15T12:36:15.562-0500][gc,metaspace   ] GC(8212) Metaspace: 49404K->49404K(1093632K)
[2020-12-15T12:36:15.562-0500][gc,heap        ] GC(8212) Heap after GC invocations=8213 (full 1680): garbage-first heap   total 66560K, used 43521K [0x0000000083000000, 0x0000000100000000)
[2020-12-15T12:36:15.562-0500][gc,heap        ] GC(8212)   region size 1024K, 1 young (1024K), 1 survivors (1024K)
[2020-12-15T12:36:15.562-0500][gc,heap        ] GC(8212)  Metaspace       used 49404K, capacity 51450K, committed 53248K, reserved 1093632K
[2020-12-15T12:36:15.562-0500][gc,heap        ] GC(8212)   class space    used 7386K, capacity 8097K, committed 8704K, reserved 1048576K
[2020-12-15T12:36:15.562-0500][gc             ] GC(8212) Pause Young (Normal) (G1 Evacuation Pause) 51M->42M(65M) 2.826ms
[2020-12-15T12:36:15.562-0500][gc,cpu         ] GC(8212) User=0.00s Sys=0.01s Real=0.00s
[2020-12-15T12:36:45.189-0500][gc,task        ] GC(8213) Using 5 workers of 8 for full compaction
[2020-12-15T12:36:45.189-0500][gc,start       ] GC(8213) Pause Full (System.gc())
[2020-12-15T12:36:45.189-0500][gc,heap        ] GC(8213) Heap before GC invocations=8213 (full 1680): garbage-first heap   total 66560K, used 47617K [0x0000000083000000, 0x0000000100000000)
[2020-12-15T12:36:45.189-0500][gc,heap        ] GC(8213)   region size 1024K, 7 young (7168K), 1 survivors (1024K)
[2020-12-15T12:36:45.189-0500][gc,heap        ] GC(8213)  Metaspace       used 49404K, capacity 51450K, committed 53248K, reserved 1093632K
[2020-12-15T12:36:45.189-0500][gc,heap        ] GC(8213)   class space    used 7386K, capacity 8097K, committed 8704K, reserved 1048576K
[2020-12-15T12:36:45.189-0500][gc,phases,start] GC(8213) Phase 1: Mark live objects
[2020-12-15T12:36:45.216-0500][gc,stringtable ] GC(8213) Cleaned string and symbol table, strings: 32765 processed, 5 removed, symbols: 120723 processed, 0 removed
[2020-12-15T12:36:45.216-0500][gc,phases      ] GC(8213) Phase 1: Mark live objects 26.894ms
[2020-12-15T12:36:45.216-0500][gc,phases,start] GC(8213) Phase 2: Prepare for compaction
[2020-12-15T12:36:45.221-0500][gc,phases      ] GC(8213) Phase 2: Prepare for compaction 5.060ms
[2020-12-15T12:36:45.221-0500][gc,phases,start] GC(8213) Phase 3: Adjust pointers
[2020-12-15T12:36:45.237-0500][gc,phases      ] GC(8213) Phase 3: Adjust pointers 15.134ms
[2020-12-15T12:36:45.237-0500][gc,phases,start] GC(8213) Phase 4: Compact heap
[2020-12-15T12:36:45.240-0500][gc,phases      ] GC(8213) Phase 4: Compact heap 3.200ms
[2020-12-15T12:36:45.248-0500][gc,heap        ] GC(8213) Eden regions: 6->0(12)
[2020-12-15T12:36:45.248-0500][gc,heap        ] GC(8213) Survivor regions: 1->0(2)
[2020-12-15T12:36:45.248-0500][gc,heap        ] GC(8213) Old regions: 43->41
[2020-12-15T12:36:45.248-0500][gc,heap        ] GC(8213) Humongous regions: 4->4
[2020-12-15T12:36:45.248-0500][gc,metaspace   ] GC(8213) Metaspace: 49404K->49404K(1093632K)
[2020-12-15T12:36:45.248-0500][gc,heap        ] GC(8213) Heap after GC invocations=8214 (full 1681): garbage-first heap   total 66560K, used 43264K [0x0000000083000000, 0x0000000100000000)
[2020-12-15T12:36:45.248-0500][gc,heap        ] GC(8213)   region size 1024K, 0 young (0K), 0 survivors (0K)
[2020-12-15T12:36:45.248-0500][gc,heap        ] GC(8213)  Metaspace       used 49404K, capacity 51450K, committed 53248K, reserved 1093632K
[2020-12-15T12:36:45.248-0500][gc,heap        ] GC(8213)   class space    used 7386K, capacity 8097K, committed 8704K, reserved 1048576K
[2020-12-15T12:36:45.248-0500][gc             ] GC(8213) Pause Full (System.gc()) 47M->42M(65M) 59.311ms
[2020-12-15T12:36:45.249-0500][gc,cpu         ] GC(8213) User=0.25s Sys=0.00s Real=0.06s
[2020-12-15T12:37:35.576-0500][gc,heap        ] GC(8214) Heap before GC invocations=8214 (full 1681): garbage-first heap   total 66560K, used 54528K [0x0000000083000000, 0x0000000100000000)
[2020-12-15T12:37:35.576-0500][gc,heap        ] GC(8214)   region size 1024K, 12 young (12288K), 0 survivors (0K)
[2020-12-15T12:37:35.576-0500][gc,heap        ] GC(8214)  Metaspace       used 49404K, capacity 51450K, committed 53248K, reserved 1093632K
[2020-12-15T12:37:35.576-0500][gc,heap        ] GC(8214)   class space    used 7386K, capacity 8097K, committed 8704K, reserved 1048576K
[2020-12-15T12:37:35.576-0500][gc,start       ] GC(8214) Pause Young (Normal) (G1 Evacuation Pause)
[2020-12-15T12:37:35.576-0500][gc,task        ] GC(8214) Using 8 workers of 8 for evacuation
[2020-12-15T12:37:35.579-0500][gc,phases      ] GC(8214)   Pre Evacuate Collection Set: 0.0ms
[2020-12-15T12:37:35.579-0500][gc,phases      ] GC(8214)   Evacuate Collection Set: 0.7ms
[2020-12-15T12:37:35.579-0500][gc,phases      ] GC(8214)   Post Evacuate Collection Set: 2.2ms
[2020-12-15T12:37:35.579-0500][gc,phases      ] GC(8214)   Other: 0.3ms
[2020-12-15T12:37:35.579-0500][gc,heap        ] GC(8214) Eden regions: 12->0(11)
[2020-12-15T12:37:35.579-0500][gc,heap        ] GC(8214) Survivor regions: 0->1(2)
[2020-12-15T12:37:35.579-0500][gc,heap        ] GC(8214) Old regions: 41->41
[2020-12-15T12:37:35.579-0500][gc,heap        ] GC(8214) Humongous regions: 4->4
[2020-12-15T12:37:35.579-0500][gc,metaspace   ] GC(8214) Metaspace: 49404K->49404K(1093632K)
[2020-12-15T12:37:35.580-0500][gc,heap        ] GC(8214) Heap after GC invocations=8215 (full 1681): garbage-first heap   total 66560K, used 43374K [0x0000000083000000, 0x0000000100000000)
[2020-12-15T12:37:35.580-0500][gc,heap        ] GC(8214)   region size 1024K, 1 young (1024K), 1 survivors (1024K)
[2020-12-15T12:37:35.580-0500][gc,heap        ] GC(8214)  Metaspace       used 49404K, capacity 51450K, committed 53248K, reserved 1093632K
[2020-12-15T12:37:35.580-0500][gc,heap        ] GC(8214)   class space    used 7386K, capacity 8097K, committed 8704K, reserved 1048576K
[2020-12-15T12:37:35.580-0500][gc             ] GC(8214) Pause Young (Normal) (G1 Evacuation Pause) 54M->42M(65M) 3.286ms
[2020-12-15T12:37:35.580-0500][gc,cpu         ] GC(8214) User=0.01s Sys=0.00s Real=0.01s
[2020-12-15T12:38:35.558-0500][gc,heap        ] GC(8215) Heap before GC invocations=8215 (full 1681): garbage-first heap   total 66560K, used 53614K [0x0000000083000000, 0x0000000100000000)
[2020-12-15T12:38:35.558-0500][gc,heap        ] GC(8215)   region size 1024K, 12 young (12288K), 1 survivors (1024K)
[2020-12-15T12:38:35.558-0500][gc,heap        ] GC(8215)  Metaspace       used 49404K, capacity 51450K, committed 53248K, reserved 1093632K
[2020-12-15T12:38:35.558-0500][gc,heap        ] GC(8215)   class space    used 7386K, capacity 8097K, committed 8704K, reserved 1048576K
[2020-12-15T12:38:35.558-0500][gc,start       ] GC(8215) Pause Young (Normal) (G1 Evacuation Pause)
[2020-12-15T12:38:35.558-0500][gc,task        ] GC(8215) Using 8 workers of 8 for evacuation
[2020-12-15T12:38:35.560-0500][gc,phases      ] GC(8215)   Pre Evacuate Collection Set: 0.0ms
[2020-12-15T12:38:35.560-0500][gc,phases      ] GC(8215)   Evacuate Collection Set: 0.6ms
[2020-12-15T12:38:35.560-0500][gc,phases      ] GC(8215)   Post Evacuate Collection Set: 1.3ms
[2020-12-15T12:38:35.561-0500][gc,phases      ] GC(8215)   Other: 0.2ms
[2020-12-15T12:38:35.561-0500][gc,heap        ] GC(8215) Eden regions: 11->0(11)
[2020-12-15T12:38:35.561-0500][gc,heap        ] GC(8215) Survivor regions: 1->1(2)
[2020-12-15T12:38:35.561-0500][gc,heap        ] GC(8215) Old regions: 41->41
[2020-12-15T12:38:35.561-0500][gc,heap        ] GC(8215) Humongous regions: 4->4
[2020-12-15T12:38:35.561-0500][gc,metaspace   ] GC(8215) Metaspace: 49404K->49404K(1093632K)
[2020-12-15T12:38:35.561-0500][gc,heap        ] GC(8215) Heap after GC invocations=8216 (full 1681): garbage-first heap   total 66560K, used 43353K [0x0000000083000000, 0x0000000100000000)
[2020-12-15T12:38:35.561-0500][gc,heap        ] GC(8215)   region size 1024K, 1 young (1024K), 1 survivors (1024K)
[2020-12-15T12:38:35.561-0500][gc,heap        ] GC(8215)  Metaspace       used 49404K, capacity 51450K, committed 53248K, reserved 1093632K
[2020-12-15T12:38:35.561-0500][gc,heap        ] GC(8215)   class space    used 7386K, capacity 8097K, committed 8704K, reserved 1048576K
[2020-12-15T12:38:35.561-0500][gc             ] GC(8215) Pause Young (Normal) (G1 Evacuation Pause) 53M->42M(65M) 2.202ms
[2020-12-15T12:38:35.561-0500][gc,cpu         ] GC(8215) User=0.01s Sys=0.01s Real=0.00s
[2020-12-15T12:39:25.560-0500][gc,heap        ] GC(8216) Heap before GC invocations=8216 (full 1681): garbage-first heap   total 66560K, used 53593K [0x0000000083000000, 0x0000000100000000)
[2020-12-15T12:39:25.561-0500][gc,heap        ] GC(8216)   region size 1024K, 12 young (12288K), 1 survivors (1024K)
[2020-12-15T12:39:25.561-0500][gc,heap        ] GC(8216)  Metaspace       used 49404K, capacity 51450K, committed 53248K, reserved 1093632K
[2020-12-15T12:39:25.561-0500][gc,heap        ] GC(8216)   class space    used 7386K, capacity 8097K, committed 8704K, reserved 1048576K
[2020-12-15T12:39:25.561-0500][gc,start       ] GC(8216) Pause Young (Normal) (G1 Evacuation Pause)
[2020-12-15T12:39:25.561-0500][gc,task        ] GC(8216) Using 8 workers of 8 for evacuation
[2020-12-15T12:39:25.566-0500][gc,phases      ] GC(8216)   Pre Evacuate Collection Set: 0.0ms
[2020-12-15T12:39:25.567-0500][gc,phases      ] GC(8216)   Evacuate Collection Set: 4.2ms
[2020-12-15T12:39:25.567-0500][gc,phases      ] GC(8216)   Post Evacuate Collection Set: 1.5ms
[2020-12-15T12:39:25.567-0500][gc,phases      ] GC(8216)   Other: 0.4ms
[2020-12-15T12:39:25.567-0500][gc,heap        ] GC(8216) Eden regions: 11->0(11)
[2020-12-15T12:39:25.567-0500][gc,heap        ] GC(8216) Survivor regions: 1->1(2)
[2020-12-15T12:39:25.567-0500][gc,heap        ] GC(8216) Old regions: 41->41
[2020-12-15T12:39:25.567-0500][gc,heap        ] GC(8216) Humongous regions: 4->4
[2020-12-15T12:39:25.567-0500][gc,metaspace   ] GC(8216) Metaspace: 49404K->49404K(1093632K)
[2020-12-15T12:39:25.567-0500][gc,heap        ] GC(8216) Heap after GC invocations=8217 (full 1681): garbage-first heap   total 66560K, used 43487K [0x0000000083000000, 0x0000000100000000)
[2020-12-15T12:39:25.567-0500][gc,heap        ] GC(8216)   region size 1024K, 1 young (1024K), 1 survivors (1024K)
[2020-12-15T12:39:25.567-0500][gc,heap        ] GC(8216)  Metaspace       used 49404K, capacity 51450K, committed 53248K, reserved 1093632K
[2020-12-15T12:39:25.567-0500][gc,heap        ] GC(8216)   class space    used 7386K, capacity 8097K, committed 8704K, reserved 1048576K
[2020-12-15T12:39:25.567-0500][gc             ] GC(8216) Pause Young (Normal) (G1 Evacuation Pause) 53M->42M(65M) 6.115ms
[2020-12-15T12:39:25.567-0500][gc,cpu         ] GC(8216) User=0.02s Sys=0.00s Real=0.00s
[2020-12-15T12:40:16.011-0500][gc,heap        ] GC(8217) Heap before GC invocations=8217 (full 1681): garbage-first heap   total 66560K, used 53727K [0x0000000083000000, 0x0000000100000000)
[2020-12-15T12:40:16.012-0500][gc,heap        ] GC(8217)   region size 1024K, 12 young (12288K), 1 survivors (1024K)
[2020-12-15T12:40:16.012-0500][gc,heap        ] GC(8217)  Metaspace       used 49404K, capacity 51450K, committed 53248K, reserved 1093632K
[2020-12-15T12:40:16.012-0500][gc,heap        ] GC(8217)   class space    used 7386K, capacity 8097K, committed 8704K, reserved 1048576K
[2020-12-15T12:40:16.012-0500][gc,start       ] GC(8217) Pause Young (Normal) (G1 Evacuation Pause)
[2020-12-15T12:40:16.012-0500][gc,task        ] GC(8217) Using 8 workers of 8 for evacuation
[2020-12-15T12:40:16.044-0500][gc,phases      ] GC(8217)   Pre Evacuate Collection Set: 0.0ms
[2020-12-15T12:40:16.044-0500][gc,phases      ] GC(8217)   Evacuate Collection Set: 0.6ms
[2020-12-15T12:40:16.044-0500][gc,phases      ] GC(8217)   Post Evacuate Collection Set: 32.0ms
[2020-12-15T12:40:16.044-0500][gc,phases      ] GC(8217)   Other: 0.2ms
[2020-12-15T12:40:16.044-0500][gc,heap        ] GC(8217) Eden regions: 11->0(11)
[2020-12-15T12:40:16.044-0500][gc,heap        ] GC(8217) Survivor regions: 1->1(2)
[2020-12-15T12:40:16.044-0500][gc,heap        ] GC(8217) Old regions: 41->41
[2020-12-15T12:40:16.044-0500][gc,heap        ] GC(8217) Humongous regions: 4->4
[2020-12-15T12:40:16.044-0500][gc,metaspace   ] GC(8217) Metaspace: 49404K->49404K(1093632K)
[2020-12-15T12:40:16.044-0500][gc,heap        ] GC(8217) Heap after GC invocations=8218 (full 1681): garbage-first heap   total 66560K, used 43373K [0x0000000083000000, 0x0000000100000000)
[2020-12-15T12:40:16.044-0500][gc,heap        ] GC(8217)   region size 1024K, 1 young (1024K), 1 survivors (1024K)
[2020-12-15T12:40:16.044-0500][gc,heap        ] GC(8217)  Metaspace       used 49404K, capacity 51450K, committed 53248K, reserved 1093632K
[2020-12-15T12:40:16.044-0500][gc,heap        ] GC(8217)   class space    used 7386K, capacity 8097K, committed 8704K, reserved 1048576K
[2020-12-15T12:40:16.044-0500][gc             ] GC(8217) Pause Young (Normal) (G1 Evacuation Pause) 53M->42M(65M) 32.879ms
[2020-12-15T12:40:16.045-0500][gc,cpu         ] GC(8217) User=0.22s Sys=0.00s Real=0.03s
[2020-12-15T12:41:15.563-0500][gc,heap        ] GC(8218) Heap before GC invocations=8218 (full 1681): garbage-first heap   total 66560K, used 53613K [0x0000000083000000, 0x0000000100000000)
[2020-12-15T12:41:15.563-0500][gc,heap        ] GC(8218)   region size 1024K, 12 young (12288K), 1 survivors (1024K)
[2020-12-15T12:41:15.563-0500][gc,heap        ] GC(8218)  Metaspace       used 49404K, capacity 51450K, committed 53248K, reserved 1093632K
[2020-12-15T12:41:15.563-0500][gc,heap        ] GC(8218)   class space    used 7386K, capacity 8097K, committed 8704K, reserved 1048576K
[2020-12-15T12:41:15.563-0500][gc,start       ] GC(8218) Pause Young (Normal) (G1 Evacuation Pause)
[2020-12-15T12:41:15.563-0500][gc,task        ] GC(8218) Using 8 workers of 8 for evacuation
[2020-12-15T12:41:15.567-0500][gc,phases      ] GC(8218)   Pre Evacuate Collection Set: 0.2ms
[2020-12-15T12:41:15.568-0500][gc,phases      ] GC(8218)   Evacuate Collection Set: 1.7ms
[2020-12-15T12:41:15.568-0500][gc,phases      ] GC(8218)   Post Evacuate Collection Set: 2.3ms
[2020-12-15T12:41:15.568-0500][gc,phases      ] GC(8218)   Other: 0.3ms
[2020-12-15T12:41:15.568-0500][gc,heap        ] GC(8218) Eden regions: 11->0(11)
[2020-12-15T12:41:15.568-0500][gc,heap        ] GC(8218) Survivor regions: 1->1(2)
[2020-12-15T12:41:15.568-0500][gc,heap        ] GC(8218) Old regions: 41->41
[2020-12-15T12:41:15.568-0500][gc,heap        ] GC(8218) Humongous regions: 4->4
[2020-12-15T12:41:15.568-0500][gc,metaspace   ] GC(8218) Metaspace: 49404K->49404K(1093632K)
[2020-12-15T12:41:15.568-0500][gc,heap        ] GC(8218) Heap after GC invocations=8219 (full 1681): garbage-first heap   total 66560K, used 43512K [0x0000000083000000, 0x0000000100000000)
[2020-12-15T12:41:15.568-0500][gc,heap        ] GC(8218)   region size 1024K, 1 young (1024K), 1 survivors (1024K)
[2020-12-15T12:41:15.568-0500][gc,heap        ] GC(8218)  Metaspace       used 49404K, capacity 51450K, committed 53248K, reserved 1093632K
[2020-12-15T12:41:15.568-0500][gc,heap        ] GC(8218)   class space    used 7386K, capacity 8097K, committed 8704K, reserved 1048576K
[2020-12-15T12:41:15.568-0500][gc             ] GC(8218) Pause Young (Normal) (G1 Evacuation Pause) 53M->42M(65M) 4.404ms
[2020-12-15T12:41:15.568-0500][gc,cpu         ] GC(8218) User=0.01s Sys=0.00s Real=0.01s
[2020-12-15T12:41:45.190-0500][gc,task        ] GC(8219) Using 5 workers of 8 for full compaction
[2020-12-15T12:41:45.190-0500][gc,start       ] GC(8219) Pause Full (System.gc())
[2020-12-15T12:41:45.190-0500][gc,heap        ] GC(8219) Heap before GC invocations=8219 (full 1681): garbage-first heap   total 66560K, used 48632K [0x0000000083000000, 0x0000000100000000)
[2020-12-15T12:41:45.190-0500][gc,heap        ] GC(8219)   region size 1024K, 7 young (7168K), 1 survivors (1024K)
[2020-12-15T12:41:45.190-0500][gc,heap        ] GC(8219)  Metaspace       used 49404K, capacity 51450K, committed 53248K, reserved 1093632K
[2020-12-15T12:41:45.190-0500][gc,heap        ] GC(8219)   class space    used 7386K, capacity 8097K, committed 8704K, reserved 1048576K
[2020-12-15T12:41:45.190-0500][gc,phases,start] GC(8219) Phase 1: Mark live objects
[2020-12-15T12:41:45.216-0500][gc,stringtable ] GC(8219) Cleaned string and symbol table, strings: 32765 processed, 5 removed, symbols: 120723 processed, 0 removed
[2020-12-15T12:41:45.216-0500][gc,phases      ] GC(8219) Phase 1: Mark live objects 25.389ms
[2020-12-15T12:41:45.216-0500][gc,phases,start] GC(8219) Phase 2: Prepare for compaction
[2020-12-15T12:41:45.220-0500][gc,phases      ] GC(8219) Phase 2: Prepare for compaction 4.265ms
[2020-12-15T12:41:45.220-0500][gc,phases,start] GC(8219) Phase 3: Adjust pointers
[2020-12-15T12:41:45.235-0500][gc,phases      ] GC(8219) Phase 3: Adjust pointers 15.357ms
[2020-12-15T12:41:45.236-0500][gc,phases,start] GC(8219) Phase 4: Compact heap
[2020-12-15T12:41:45.239-0500][gc,phases      ] GC(8219) Phase 4: Compact heap 3.760ms
[2020-12-15T12:41:45.249-0500][gc,heap        ] GC(8219) Eden regions: 6->0(12)
[2020-12-15T12:41:45.249-0500][gc,heap        ] GC(8219) Survivor regions: 1->0(2)
[2020-12-15T12:41:45.249-0500][gc,heap        ] GC(8219) Old regions: 41->41
[2020-12-15T12:41:45.249-0500][gc,heap        ] GC(8219) Humongous regions: 4->4
[2020-12-15T12:41:45.249-0500][gc,metaspace   ] GC(8219) Metaspace: 49404K->49404K(1093632K)
[2020-12-15T12:41:45.249-0500][gc,heap        ] GC(8219) Heap after GC invocations=8220 (full 1682): garbage-first heap   total 66560K, used 43263K [0x0000000083000000, 0x0000000100000000)
[2020-12-15T12:41:45.249-0500][gc,heap        ] GC(8219)   region size 1024K, 0 young (0K), 0 survivors (0K)
[2020-12-15T12:41:45.249-0500][gc,heap        ] GC(8219)  Metaspace       used 49404K, capacity 51450K, committed 53248K, reserved 1093632K
[2020-12-15T12:41:45.249-0500][gc,heap        ] GC(8219)   class space    used 7386K, capacity 8097K, committed 8704K, reserved 1048576K
[2020-12-15T12:41:45.249-0500][gc             ] GC(8219) Pause Full (System.gc()) 47M->42M(65M) 59.076ms
[2020-12-15T12:41:45.249-0500][gc,cpu         ] GC(8219) User=0.24s Sys=0.00s Real=0.06s
[2020-12-15T12:42:36.811-0500][gc,heap        ] GC(8220) Heap before GC invocations=8220 (full 1682): garbage-first heap   total 66560K, used 54527K [0x0000000083000000, 0x0000000100000000)
[2020-12-15T12:42:36.811-0500][gc,heap        ] GC(8220)   region size 1024K, 12 young (12288K), 0 survivors (0K)
[2020-12-15T12:42:36.811-0500][gc,heap        ] GC(8220)  Metaspace       used 49404K, capacity 51450K, committed 53248K, reserved 1093632K
[2020-12-15T12:42:36.811-0500][gc,heap        ] GC(8220)   class space    used 7386K, capacity 8097K, committed 8704K, reserved 1048576K
[2020-12-15T12:42:36.811-0500][gc,start       ] GC(8220) Pause Young (Normal) (G1 Evacuation Pause)
[2020-12-15T12:42:36.811-0500][gc,task        ] GC(8220) Using 8 workers of 8 for evacuation
[2020-12-15T12:42:36.813-0500][gc,phases      ] GC(8220)   Pre Evacuate Collection Set: 0.0ms
[2020-12-15T12:42:36.813-0500][gc,phases      ] GC(8220)   Evacuate Collection Set: 0.9ms
[2020-12-15T12:42:36.813-0500][gc,phases      ] GC(8220)   Post Evacuate Collection Set: 1.1ms
[2020-12-15T12:42:36.813-0500][gc,phases      ] GC(8220)   Other: 0.3ms
[2020-12-15T12:42:36.813-0500][gc,heap        ] GC(8220) Eden regions: 12->0(11)
[2020-12-15T12:42:36.813-0500][gc,heap        ] GC(8220) Survivor regions: 0->1(2)
[2020-12-15T12:42:36.813-0500][gc,heap        ] GC(8220) Old regions: 41->41
[2020-12-15T12:42:36.813-0500][gc,heap        ] GC(8220) Humongous regions: 4->4
[2020-12-15T12:42:36.813-0500][gc,metaspace   ] GC(8220) Metaspace: 49404K->49404K(1093632K)
[2020-12-15T12:42:36.813-0500][gc,heap        ] GC(8220) Heap after GC invocations=8221 (full 1682): garbage-first heap   total 66560K, used 43322K [0x0000000083000000, 0x0000000100000000)
[2020-12-15T12:42:36.813-0500][gc,heap        ] GC(8220)   region size 1024K, 1 young (1024K), 1 survivors (1024K)
[2020-12-15T12:42:36.813-0500][gc,heap        ] GC(8220)  Metaspace       used 49404K, capacity 51450K, committed 53248K, reserved 1093632K
[2020-12-15T12:42:36.813-0500][gc,heap        ] GC(8220)   class space    used 7386K, capacity 8097K, committed 8704K, reserved 1048576K
[2020-12-15T12:42:36.813-0500][gc             ] GC(8220) Pause Young (Normal) (G1 Evacuation Pause) 54M->42M(65M) 2.219ms
[2020-12-15T12:42:36.813-0500][gc,cpu         ] GC(8220) User=0.00s Sys=0.00s Real=0.00s
[2020-12-15T12:43:35.562-0500][gc,heap        ] GC(8221) Heap before GC invocations=8221 (full 1682): garbage-first heap   total 66560K, used 53562K [0x0000000083000000, 0x0000000100000000)
[2020-12-15T12:43:35.562-0500][gc,heap        ] GC(8221)   region size 1024K, 12 young (12288K), 1 survivors (1024K)
[2020-12-15T12:43:35.562-0500][gc,heap        ] GC(8221)  Metaspace       used 49404K, capacity 51450K, committed 53248K, reserved 1093632K
[2020-12-15T12:43:35.562-0500][gc,heap        ] GC(8221)   class space    used 7386K, capacity 8097K, committed 8704K, reserved 1048576K
[2020-12-15T12:43:35.562-0500][gc,start       ] GC(8221) Pause Young (Normal) (G1 Evacuation Pause)
[2020-12-15T12:43:35.562-0500][gc,task        ] GC(8221) Using 8 workers of 8 for evacuation
[2020-12-15T12:43:35.564-0500][gc,phases      ] GC(8221)   Pre Evacuate Collection Set: 0.0ms
[2020-12-15T12:43:35.564-0500][gc,phases      ] GC(8221)   Evacuate Collection Set: 0.9ms
[2020-12-15T12:43:35.564-0500][gc,phases      ] GC(8221)   Post Evacuate Collection Set: 1.0ms
[2020-12-15T12:43:35.564-0500][gc,phases      ] GC(8221)   Other: 0.2ms
[2020-12-15T12:43:35.564-0500][gc,heap        ] GC(8221) Eden regions: 11->0(11)
[2020-12-15T12:43:35.564-0500][gc,heap        ] GC(8221) Survivor regions: 1->1(2)
[2020-12-15T12:43:35.564-0500][gc,heap        ] GC(8221) Old regions: 41->41
[2020-12-15T12:43:35.564-0500][gc,heap        ] GC(8221) Humongous regions: 4->4
[2020-12-15T12:43:35.564-0500][gc,metaspace   ] GC(8221) Metaspace: 49404K->49404K(1093632K)
[2020-12-15T12:43:35.564-0500][gc,heap        ] GC(8221) Heap after GC invocations=8222 (full 1682): garbage-first heap   total 66560K, used 43472K [0x0000000083000000, 0x0000000100000000)
[2020-12-15T12:43:35.564-0500][gc,heap        ] GC(8221)   region size 1024K, 1 young (1024K), 1 survivors (1024K)
[2020-12-15T12:43:35.564-0500][gc,heap        ] GC(8221)  Metaspace       used 49404K, capacity 51450K, committed 53248K, reserved 1093632K
[2020-12-15T12:43:35.564-0500][gc,heap        ] GC(8221)   class space    used 7386K, capacity 8097K, committed 8704K, reserved 1048576K
[2020-12-15T12:43:35.564-0500][gc             ] GC(8221) Pause Young (Normal) (G1 Evacuation Pause) 53M->42M(65M) 2.188ms
[2020-12-15T12:43:35.564-0500][gc,cpu         ] GC(8221) User=0.00s Sys=0.00s Real=0.00s
[2020-12-15T12:44:25.721-0500][gc,heap        ] GC(8222) Heap before GC invocations=8222 (full 1682): garbage-first heap   total 66560K, used 53712K [0x0000000083000000, 0x0000000100000000)
[2020-12-15T12:44:25.721-0500][gc,heap        ] GC(8222)   region size 1024K, 12 young (12288K), 1 survivors (1024K)
[2020-12-15T12:44:25.721-0500][gc,heap        ] GC(8222)  Metaspace       used 49404K, capacity 51450K, committed 53248K, reserved 1093632K
[2020-12-15T12:44:25.721-0500][gc,heap        ] GC(8222)   class space    used 7386K, capacity 8097K, committed 8704K, reserved 1048576K
[2020-12-15T12:44:25.721-0500][gc,start       ] GC(8222) Pause Young (Normal) (G1 Evacuation Pause)
[2020-12-15T12:44:25.721-0500][gc,task        ] GC(8222) Using 8 workers of 8 for evacuation
[2020-12-15T12:44:25.723-0500][gc,phases      ] GC(8222)   Pre Evacuate Collection Set: 0.0ms
[2020-12-15T12:44:25.723-0500][gc,phases      ] GC(8222)   Evacuate Collection Set: 0.6ms
[2020-12-15T12:44:25.723-0500][gc,phases      ] GC(8222)   Post Evacuate Collection Set: 0.8ms
[2020-12-15T12:44:25.723-0500][gc,phases      ] GC(8222)   Other: 0.2ms
[2020-12-15T12:44:25.723-0500][gc,heap        ] GC(8222) Eden regions: 11->0(11)
[2020-12-15T12:44:25.723-0500][gc,heap        ] GC(8222) Survivor regions: 1->1(2)
[2020-12-15T12:44:25.723-0500][gc,heap        ] GC(8222) Old regions: 41->41
[2020-12-15T12:44:25.723-0500][gc,heap        ] GC(8222) Humongous regions: 4->4
[2020-12-15T12:44:25.723-0500][gc,metaspace   ] GC(8222) Metaspace: 49404K->49404K(1093632K)
[2020-12-15T12:44:25.723-0500][gc,heap        ] GC(8222) Heap after GC invocations=8223 (full 1682): garbage-first heap   total 66560K, used 43340K [0x0000000083000000, 0x0000000100000000)
[2020-12-15T12:44:25.723-0500][gc,heap        ] GC(8222)   region size 1024K, 1 young (1024K), 1 survivors (1024K)
[2020-12-15T12:44:25.723-0500][gc,heap        ] GC(8222)  Metaspace       used 49404K, capacity 51450K, committed 53248K, reserved 1093632K
[2020-12-15T12:44:25.723-0500][gc,heap        ] GC(8222)   class space    used 7386K, capacity 8097K, committed 8704K, reserved 1048576K
[2020-12-15T12:44:25.723-0500][gc             ] GC(8222) Pause Young (Normal) (G1 Evacuation Pause) 53M->42M(65M) 1.637ms
[2020-12-15T12:44:25.723-0500][gc,cpu         ] GC(8222) User=0.01s Sys=0.00s Real=0.00s
[2020-12-15T12:45:25.574-0500][gc,heap        ] GC(8223) Heap before GC invocations=8223 (full 1682): garbage-first heap   total 66560K, used 53580K [0x0000000083000000, 0x0000000100000000)
[2020-12-15T12:45:25.574-0500][gc,heap        ] GC(8223)   region size 1024K, 12 young (12288K), 1 survivors (1024K)
[2020-12-15T12:45:25.574-0500][gc,heap        ] GC(8223)  Metaspace       used 49404K, capacity 51450K, committed 53248K, reserved 1093632K
[2020-12-15T12:45:25.574-0500][gc,heap        ] GC(8223)   class space    used 7386K, capacity 8097K, committed 8704K, reserved 1048576K
[2020-12-15T12:45:25.574-0500][gc,start       ] GC(8223) Pause Young (Normal) (G1 Evacuation Pause)
[2020-12-15T12:45:25.574-0500][gc,task        ] GC(8223) Using 8 workers of 8 for evacuation
[2020-12-15T12:45:25.581-0500][gc,phases      ] GC(8223)   Pre Evacuate Collection Set: 0.0ms
[2020-12-15T12:45:25.581-0500][gc,phases      ] GC(8223)   Evacuate Collection Set: 3.8ms
[2020-12-15T12:45:25.581-0500][gc,phases      ] GC(8223)   Post Evacuate Collection Set: 2.4ms
[2020-12-15T12:45:25.581-0500][gc,phases      ] GC(8223)   Other: 0.3ms
[2020-12-15T12:45:25.581-0500][gc,heap        ] GC(8223) Eden regions: 11->0(11)
[2020-12-15T12:45:25.581-0500][gc,heap        ] GC(8223) Survivor regions: 1->1(2)
[2020-12-15T12:45:25.581-0500][gc,heap        ] GC(8223) Old regions: 41->41
[2020-12-15T12:45:25.581-0500][gc,heap        ] GC(8223) Humongous regions: 4->4
[2020-12-15T12:45:25.581-0500][gc,metaspace   ] GC(8223) Metaspace: 49404K->49404K(1093632K)
[2020-12-15T12:45:25.581-0500][gc,heap        ] GC(8223) Heap after GC invocations=8224 (full 1682): garbage-first heap   total 66560K, used 43386K [0x0000000083000000, 0x0000000100000000)
[2020-12-15T12:45:25.581-0500][gc,heap        ] GC(8223)   region size 1024K, 1 young (1024K), 1 survivors (1024K)
[2020-12-15T12:45:25.581-0500][gc,heap        ] GC(8223)  Metaspace       used 49404K, capacity 51450K, committed 53248K, reserved 1093632K
[2020-12-15T12:45:25.581-0500][gc,heap        ] GC(8223)   class space    used 7386K, capacity 8097K, committed 8704K, reserved 1048576K
[2020-12-15T12:45:25.581-0500][gc             ] GC(8223) Pause Young (Normal) (G1 Evacuation Pause) 53M->42M(65M) 6.707ms
[2020-12-15T12:45:25.581-0500][gc,cpu         ] GC(8223) User=0.03s Sys=0.00s Real=0.01s
[2020-12-15T12:46:15.576-0500][gc,heap        ] GC(8224) Heap before GC invocations=8224 (full 1682): garbage-first heap   total 66560K, used 53626K [0x0000000083000000, 0x0000000100000000)
[2020-12-15T12:46:15.576-0500][gc,heap        ] GC(8224)   region size 1024K, 12 young (12288K), 1 survivors (1024K)
[2020-12-15T12:46:15.576-0500][gc,heap        ] GC(8224)  Metaspace       used 49404K, capacity 51450K, committed 53248K, reserved 1093632K
[2020-12-15T12:46:15.576-0500][gc,heap        ] GC(8224)   class space    used 7386K, capacity 8097K, committed 8704K, reserved 1048576K
[2020-12-15T12:46:15.576-0500][gc,start       ] GC(8224) Pause Young (Normal) (G1 Evacuation Pause)
[2020-12-15T12:46:15.576-0500][gc,task        ] GC(8224) Using 8 workers of 8 for evacuation
[2020-12-15T12:46:15.607-0500][gc,phases      ] GC(8224)   Pre Evacuate Collection Set: 0.0ms
[2020-12-15T12:46:15.607-0500][gc,phases      ] GC(8224)   Evacuate Collection Set: 28.9ms
[2020-12-15T12:46:15.607-0500][gc,phases      ] GC(8224)   Post Evacuate Collection Set: 1.5ms
[2020-12-15T12:46:15.607-0500][gc,phases      ] GC(8224)   Other: 0.5ms
[2020-12-15T12:46:15.607-0500][gc,heap        ] GC(8224) Eden regions: 11->0(11)
[2020-12-15T12:46:15.607-0500][gc,heap        ] GC(8224) Survivor regions: 1->1(2)
[2020-12-15T12:46:15.607-0500][gc,heap        ] GC(8224) Old regions: 41->41
[2020-12-15T12:46:15.607-0500][gc,heap        ] GC(8224) Humongous regions: 4->4
[2020-12-15T12:46:15.607-0500][gc,metaspace   ] GC(8224) Metaspace: 49404K->49404K(1093632K)
[2020-12-15T12:46:15.607-0500][gc,heap        ] GC(8224) Heap after GC invocations=8225 (full 1682): garbage-first heap   total 66560K, used 43507K [0x0000000083000000, 0x0000000100000000)
[2020-12-15T12:46:15.607-0500][gc,heap        ] GC(8224)   region size 1024K, 1 young (1024K), 1 survivors (1024K)
[2020-12-15T12:46:15.607-0500][gc,heap        ] GC(8224)  Metaspace       used 49404K, capacity 51450K, committed 53248K, reserved 1093632K
[2020-12-15T12:46:15.607-0500][gc,heap        ] GC(8224)   class space    used 7386K, capacity 8097K, committed 8704K, reserved 1048576K
[2020-12-15T12:46:15.607-0500][gc             ] GC(8224) Pause Young (Normal) (G1 Evacuation Pause) 53M->42M(65M) 30.758ms
[2020-12-15T12:46:15.607-0500][gc,cpu         ] GC(8224) User=0.23s Sys=0.00s Real=0.03s
[2020-12-15T12:46:45.191-0500][gc,task        ] GC(8225) Using 5 workers of 8 for full compaction
[2020-12-15T12:46:45.191-0500][gc,start       ] GC(8225) Pause Full (System.gc())
[2020-12-15T12:46:45.191-0500][gc,heap        ] GC(8225) Heap before GC invocations=8225 (full 1682): garbage-first heap   total 66560K, used 48627K [0x0000000083000000, 0x0000000100000000)
[2020-12-15T12:46:45.191-0500][gc,heap        ] GC(8225)   region size 1024K, 7 young (7168K), 1 survivors (1024K)
[2020-12-15T12:46:45.191-0500][gc,heap        ] GC(8225)  Metaspace       used 49404K, capacity 51450K, committed 53248K, reserved 1093632K
[2020-12-15T12:46:45.191-0500][gc,heap        ] GC(8225)   class space    used 7386K, capacity 8097K, committed 8704K, reserved 1048576K
[2020-12-15T12:46:45.192-0500][gc,phases,start] GC(8225) Phase 1: Mark live objects
[2020-12-15T12:46:45.242-0500][gc,stringtable ] GC(8225) Cleaned string and symbol table, strings: 32765 processed, 5 removed, symbols: 120723 processed, 0 removed
[2020-12-15T12:46:45.242-0500][gc,phases      ] GC(8225) Phase 1: Mark live objects 50.184ms
[2020-12-15T12:46:45.242-0500][gc,phases,start] GC(8225) Phase 2: Prepare for compaction
[2020-12-15T12:46:45.246-0500][gc,phases      ] GC(8225) Phase 2: Prepare for compaction 3.603ms
[2020-12-15T12:46:45.246-0500][gc,phases,start] GC(8225) Phase 3: Adjust pointers
[2020-12-15T12:46:45.257-0500][gc,phases      ] GC(8225) Phase 3: Adjust pointers 10.908ms
[2020-12-15T12:46:45.257-0500][gc,phases,start] GC(8225) Phase 4: Compact heap
[2020-12-15T12:46:45.260-0500][gc,phases      ] GC(8225) Phase 4: Compact heap 2.682ms
[2020-12-15T12:46:45.266-0500][gc,heap        ] GC(8225) Eden regions: 6->0(12)
[2020-12-15T12:46:45.266-0500][gc,heap        ] GC(8225) Survivor regions: 1->0(2)
[2020-12-15T12:46:45.266-0500][gc,heap        ] GC(8225) Old regions: 41->41
[2020-12-15T12:46:45.266-0500][gc,heap        ] GC(8225) Humongous regions: 4->4
[2020-12-15T12:46:45.266-0500][gc,metaspace   ] GC(8225) Metaspace: 49404K->49404K(1093632K)
[2020-12-15T12:46:45.266-0500][gc,heap        ] GC(8225) Heap after GC invocations=8226 (full 1683): garbage-first heap   total 66560K, used 43265K [0x0000000083000000, 0x0000000100000000)
[2020-12-15T12:46:45.266-0500][gc,heap        ] GC(8225)   region size 1024K, 0 young (0K), 0 survivors (0K)
[2020-12-15T12:46:45.266-0500][gc,heap        ] GC(8225)  Metaspace       used 49404K, capacity 51450K, committed 53248K, reserved 1093632K
[2020-12-15T12:46:45.266-0500][gc,heap        ] GC(8225)   class space    used 7386K, capacity 8097K, committed 8704K, reserved 1048576K
[2020-12-15T12:46:45.266-0500][gc             ] GC(8225) Pause Full (System.gc()) 48M->42M(65M) 74.571ms
[2020-12-15T12:46:45.266-0500][gc,cpu         ] GC(8225) User=0.32s Sys=0.00s Real=0.07s
[2020-12-15T12:47:36.017-0500][gc,heap        ] GC(8226) Heap before GC invocations=8226 (full 1683): garbage-first heap   total 66560K, used 54529K [0x0000000083000000, 0x0000000100000000)
[2020-12-15T12:47:36.017-0500][gc,heap        ] GC(8226)   region size 1024K, 12 young (12288K), 0 survivors (0K)
[2020-12-15T12:47:36.017-0500][gc,heap        ] GC(8226)  Metaspace       used 49404K, capacity 51450K, committed 53248K, reserved 1093632K
[2020-12-15T12:47:36.017-0500][gc,heap        ] GC(8226)   class space    used 7386K, capacity 8097K, committed 8704K, reserved 1048576K
[2020-12-15T12:47:36.017-0500][gc,start       ] GC(8226) Pause Young (Normal) (G1 Evacuation Pause)
[2020-12-15T12:47:36.017-0500][gc,task        ] GC(8226) Using 8 workers of 8 for evacuation
[2020-12-15T12:47:36.020-0500][gc,phases      ] GC(8226)   Pre Evacuate Collection Set: 0.0ms
[2020-12-15T12:47:36.020-0500][gc,phases      ] GC(8226)   Evacuate Collection Set: 1.1ms
[2020-12-15T12:47:36.020-0500][gc,phases      ] GC(8226)   Post Evacuate Collection Set: 1.6ms
[2020-12-15T12:47:36.020-0500][gc,phases      ] GC(8226)   Other: 0.3ms
[2020-12-15T12:47:36.020-0500][gc,heap        ] GC(8226) Eden regions: 12->0(11)
[2020-12-15T12:47:36.020-0500][gc,heap        ] GC(8226) Survivor regions: 0->1(2)
[2020-12-15T12:47:36.020-0500][gc,heap        ] GC(8226) Old regions: 41->41
[2020-12-15T12:47:36.020-0500][gc,heap        ] GC(8226) Humongous regions: 4->4
[2020-12-15T12:47:36.020-0500][gc,metaspace   ] GC(8226) Metaspace: 49404K->49404K(1093632K)
[2020-12-15T12:47:36.020-0500][gc,heap        ] GC(8226) Heap after GC invocations=8227 (full 1683): garbage-first heap   total 66560K, used 43336K [0x0000000083000000, 0x0000000100000000)
[2020-12-15T12:47:36.020-0500][gc,heap        ] GC(8226)   region size 1024K, 1 young (1024K), 1 survivors (1024K)
[2020-12-15T12:47:36.020-0500][gc,heap        ] GC(8226)  Metaspace       used 49404K, capacity 51450K, committed 53248K, reserved 1093632K
[2020-12-15T12:47:36.020-0500][gc,heap        ] GC(8226)   class space    used 7386K, capacity 8097K, committed 8704K, reserved 1048576K
[2020-12-15T12:47:36.020-0500][gc             ] GC(8226) Pause Young (Normal) (G1 Evacuation Pause) 54M->42M(65M) 3.141ms
[2020-12-15T12:47:36.020-0500][gc,cpu         ] GC(8226) User=0.01s Sys=0.01s Real=0.01s
[2020-12-15T12:48:35.573-0500][gc,heap        ] GC(8227) Heap before GC invocations=8227 (full 1683): garbage-first heap   total 66560K, used 53576K [0x0000000083000000, 0x0000000100000000)
[2020-12-15T12:48:35.573-0500][gc,heap        ] GC(8227)   region size 1024K, 12 young (12288K), 1 survivors (1024K)
[2020-12-15T12:48:35.573-0500][gc,heap        ] GC(8227)  Metaspace       used 49404K, capacity 51450K, committed 53248K, reserved 1093632K
[2020-12-15T12:48:35.573-0500][gc,heap        ] GC(8227)   class space    used 7386K, capacity 8097K, committed 8704K, reserved 1048576K
[2020-12-15T12:48:35.573-0500][gc,start       ] GC(8227) Pause Young (Normal) (G1 Evacuation Pause)
[2020-12-15T12:48:35.573-0500][gc,task        ] GC(8227) Using 8 workers of 8 for evacuation
[2020-12-15T12:48:35.576-0500][gc,phases      ] GC(8227)   Pre Evacuate Collection Set: 0.0ms
[2020-12-15T12:48:35.576-0500][gc,phases      ] GC(8227)   Evacuate Collection Set: 0.9ms
[2020-12-15T12:48:35.576-0500][gc,phases      ] GC(8227)   Post Evacuate Collection Set: 1.8ms
[2020-12-15T12:48:35.576-0500][gc,phases      ] GC(8227)   Other: 0.4ms
[2020-12-15T12:48:35.576-0500][gc,heap        ] GC(8227) Eden regions: 11->0(11)
[2020-12-15T12:48:35.576-0500][gc,heap        ] GC(8227) Survivor regions: 1->1(2)
[2020-12-15T12:48:35.576-0500][gc,heap        ] GC(8227) Old regions: 41->41
[2020-12-15T12:48:35.576-0500][gc,heap        ] GC(8227) Humongous regions: 4->4
[2020-12-15T12:48:35.576-0500][gc,metaspace   ] GC(8227) Metaspace: 49404K->49404K(1093632K)
[2020-12-15T12:48:35.576-0500][gc,heap        ] GC(8227) Heap after GC invocations=8228 (full 1683): garbage-first heap   total 66560K, used 43483K [0x0000000083000000, 0x0000000100000000)
[2020-12-15T12:48:35.576-0500][gc,heap        ] GC(8227)   region size 1024K, 1 young (1024K), 1 survivors (1024K)
[2020-12-15T12:48:35.576-0500][gc,heap        ] GC(8227)  Metaspace       used 49404K, capacity 51450K, committed 53248K, reserved 1093632K
[2020-12-15T12:48:35.576-0500][gc,heap        ] GC(8227)   class space    used 7386K, capacity 8097K, committed 8704K, reserved 1048576K
[2020-12-15T12:48:35.576-0500][gc             ] GC(8227) Pause Young (Normal) (G1 Evacuation Pause) 53M->42M(65M) 3.233ms
[2020-12-15T12:48:35.576-0500][gc,cpu         ] GC(8227) User=0.01s Sys=0.01s Real=0.00s
[2020-12-15T12:49:26.010-0500][gc,heap        ] GC(8228) Heap before GC invocations=8228 (full 1683): garbage-first heap   total 66560K, used 53723K [0x0000000083000000, 0x0000000100000000)
[2020-12-15T12:49:26.010-0500][gc,heap        ] GC(8228)   region size 1024K, 12 young (12288K), 1 survivors (1024K)
[2020-12-15T12:49:26.010-0500][gc,heap        ] GC(8228)  Metaspace       used 49404K, capacity 51450K, committed 53248K, reserved 1093632K
[2020-12-15T12:49:26.010-0500][gc,heap        ] GC(8228)   class space    used 7386K, capacity 8097K, committed 8704K, reserved 1048576K
[2020-12-15T12:49:26.010-0500][gc,start       ] GC(8228) Pause Young (Normal) (G1 Evacuation Pause)
[2020-12-15T12:49:26.010-0500][gc,task        ] GC(8228) Using 8 workers of 8 for evacuation
[2020-12-15T12:49:26.012-0500][gc,phases      ] GC(8228)   Pre Evacuate Collection Set: 0.0ms
[2020-12-15T12:49:26.012-0500][gc,phases      ] GC(8228)   Evacuate Collection Set: 0.7ms
[2020-12-15T12:49:26.012-0500][gc,phases      ] GC(8228)   Post Evacuate Collection Set: 0.8ms
[2020-12-15T12:49:26.012-0500][gc,phases      ] GC(8228)   Other: 0.2ms
[2020-12-15T12:49:26.012-0500][gc,heap        ] GC(8228) Eden regions: 11->0(11)
[2020-12-15T12:49:26.012-0500][gc,heap        ] GC(8228) Survivor regions: 1->1(2)
[2020-12-15T12:49:26.012-0500][gc,heap        ] GC(8228) Old regions: 41->41
[2020-12-15T12:49:26.012-0500][gc,heap        ] GC(8228) Humongous regions: 4->4
[2020-12-15T12:49:26.012-0500][gc,metaspace   ] GC(8228) Metaspace: 49404K->49404K(1093632K)
[2020-12-15T12:49:26.012-0500][gc,heap        ] GC(8228) Heap after GC invocations=8229 (full 1683): garbage-first heap   total 66560K, used 43354K [0x0000000083000000, 0x0000000100000000)
[2020-12-15T12:49:26.012-0500][gc,heap        ] GC(8228)   region size 1024K, 1 young (1024K), 1 survivors (1024K)
[2020-12-15T12:49:26.012-0500][gc,heap        ] GC(8228)  Metaspace       used 49404K, capacity 51450K, committed 53248K, reserved 1093632K
[2020-12-15T12:49:26.012-0500][gc,heap        ] GC(8228)   class space    used 7386K, capacity 8097K, committed 8704K, reserved 1048576K
[2020-12-15T12:49:26.012-0500][gc             ] GC(8228) Pause Young (Normal) (G1 Evacuation Pause) 53M->42M(65M) 1.693ms
[2020-12-15T12:49:26.012-0500][gc,cpu         ] GC(8228) User=0.00s Sys=0.01s Real=0.00s
[2020-12-15T12:50:16.018-0500][gc,heap        ] GC(8229) Heap before GC invocations=8229 (full 1683): garbage-first heap   total 66560K, used 53594K [0x0000000083000000, 0x0000000100000000)
[2020-12-15T12:50:16.018-0500][gc,heap        ] GC(8229)   region size 1024K, 12 young (12288K), 1 survivors (1024K)
[2020-12-15T12:50:16.018-0500][gc,heap        ] GC(8229)  Metaspace       used 49404K, capacity 51450K, committed 53248K, reserved 1093632K
[2020-12-15T12:50:16.018-0500][gc,heap        ] GC(8229)   class space    used 7386K, capacity 8097K, committed 8704K, reserved 1048576K
[2020-12-15T12:50:16.018-0500][gc,start       ] GC(8229) Pause Young (Normal) (G1 Evacuation Pause)
[2020-12-15T12:50:16.019-0500][gc,task        ] GC(8229) Using 8 workers of 8 for evacuation
[2020-12-15T12:50:16.024-0500][gc,phases      ] GC(8229)   Pre Evacuate Collection Set: 0.0ms
[2020-12-15T12:50:16.024-0500][gc,phases      ] GC(8229)   Evacuate Collection Set: 2.2ms
[2020-12-15T12:50:16.024-0500][gc,phases      ] GC(8229)   Post Evacuate Collection Set: 3.4ms
[2020-12-15T12:50:16.025-0500][gc,phases      ] GC(8229)   Other: 0.4ms
[2020-12-15T12:50:16.025-0500][gc,heap        ] GC(8229) Eden regions: 11->0(11)
[2020-12-15T12:50:16.025-0500][gc,heap        ] GC(8229) Survivor regions: 1->1(2)
[2020-12-15T12:50:16.025-0500][gc,heap        ] GC(8229) Old regions: 41->41
[2020-12-15T12:50:16.025-0500][gc,heap        ] GC(8229) Humongous regions: 4->4
[2020-12-15T12:50:16.025-0500][gc,metaspace   ] GC(8229) Metaspace: 49404K->49404K(1093632K)
[2020-12-15T12:50:16.025-0500][gc,heap        ] GC(8229) Heap after GC invocations=8230 (full 1683): garbage-first heap   total 66560K, used 43377K [0x0000000083000000, 0x0000000100000000)
[2020-12-15T12:50:16.025-0500][gc,heap        ] GC(8229)   region size 1024K, 1 young (1024K), 1 survivors (1024K)
[2020-12-15T12:50:16.025-0500][gc,heap        ] GC(8229)  Metaspace       used 49404K, capacity 51450K, committed 53248K, reserved 1093632K
[2020-12-15T12:50:16.025-0500][gc,heap        ] GC(8229)   class space    used 7386K, capacity 8097K, committed 8704K, reserved 1048576K
[2020-12-15T12:50:16.025-0500][gc             ] GC(8229) Pause Young (Normal) (G1 Evacuation Pause) 53M->42M(65M) 6.285ms
[2020-12-15T12:50:16.025-0500][gc,cpu         ] GC(8229) User=0.01s Sys=0.01s Real=0.00s
[2020-12-15T12:51:15.578-0500][gc,heap        ] GC(8230) Heap before GC invocations=8230 (full 1683): garbage-first heap   total 66560K, used 54641K [0x0000000083000000, 0x0000000100000000)
[2020-12-15T12:51:15.578-0500][gc,heap        ] GC(8230)   region size 1024K, 12 young (12288K), 1 survivors (1024K)
[2020-12-15T12:51:15.578-0500][gc,heap        ] GC(8230)  Metaspace       used 49404K, capacity 51450K, committed 53248K, reserved 1093632K
[2020-12-15T12:51:15.578-0500][gc,heap        ] GC(8230)   class space    used 7386K, capacity 8097K, committed 8704K, reserved 1048576K
[2020-12-15T12:51:15.578-0500][gc,start       ] GC(8230) Pause Young (Normal) (G1 Evacuation Pause)
[2020-12-15T12:51:15.578-0500][gc,task        ] GC(8230) Using 8 workers of 8 for evacuation
[2020-12-15T12:51:15.587-0500][gc,phases      ] GC(8230)   Pre Evacuate Collection Set: 0.1ms
[2020-12-15T12:51:15.587-0500][gc,phases      ] GC(8230)   Evacuate Collection Set: 2.8ms
[2020-12-15T12:51:15.587-0500][gc,phases      ] GC(8230)   Post Evacuate Collection Set: 5.5ms
[2020-12-15T12:51:15.587-0500][gc,phases      ] GC(8230)   Other: 0.5ms
[2020-12-15T12:51:15.587-0500][gc,heap        ] GC(8230) Eden regions: 11->0(11)
[2020-12-15T12:51:15.587-0500][gc,heap        ] GC(8230) Survivor regions: 1->1(2)
[2020-12-15T12:51:15.587-0500][gc,heap        ] GC(8230) Old regions: 41->41
[2020-12-15T12:51:15.587-0500][gc,heap        ] GC(8230) Humongous regions: 4->4
[2020-12-15T12:51:15.587-0500][gc,metaspace   ] GC(8230) Metaspace: 49404K->49404K(1093632K)
[2020-12-15T12:51:15.587-0500][gc,heap        ] GC(8230) Heap after GC invocations=8231 (full 1683): garbage-first heap   total 66560K, used 43511K [0x0000000083000000, 0x0000000100000000)
[2020-12-15T12:51:15.587-0500][gc,heap        ] GC(8230)   region size 1024K, 1 young (1024K), 1 survivors (1024K)
[2020-12-15T12:51:15.587-0500][gc,heap        ] GC(8230)  Metaspace       used 49404K, capacity 51450K, committed 53248K, reserved 1093632K
[2020-12-15T12:51:15.587-0500][gc,heap        ] GC(8230)   class space    used 7386K, capacity 8097K, committed 8704K, reserved 1048576K
[2020-12-15T12:51:15.587-0500][gc             ] GC(8230) Pause Young (Normal) (G1 Evacuation Pause) 53M->42M(65M) 9.058ms
[2020-12-15T12:51:15.587-0500][gc,cpu         ] GC(8230) User=0.02s Sys=0.01s Real=0.00s
[2020-12-15T12:51:45.191-0500][gc,task        ] GC(8231) Using 5 workers of 8 for full compaction
[2020-12-15T12:51:45.191-0500][gc,start       ] GC(8231) Pause Full (System.gc())
[2020-12-15T12:51:45.191-0500][gc,heap        ] GC(8231) Heap before GC invocations=8231 (full 1683): garbage-first heap   total 66560K, used 48631K [0x0000000083000000, 0x0000000100000000)
[2020-12-15T12:51:45.191-0500][gc,heap        ] GC(8231)   region size 1024K, 7 young (7168K), 1 survivors (1024K)
[2020-12-15T12:51:45.191-0500][gc,heap        ] GC(8231)  Metaspace       used 49404K, capacity 51450K, committed 53248K, reserved 1093632K
[2020-12-15T12:51:45.191-0500][gc,heap        ] GC(8231)   class space    used 7386K, capacity 8097K, committed 8704K, reserved 1048576K
[2020-12-15T12:51:45.192-0500][gc,phases,start] GC(8231) Phase 1: Mark live objects
[2020-12-15T12:51:45.219-0500][gc,stringtable ] GC(8231) Cleaned string and symbol table, strings: 32765 processed, 5 removed, symbols: 120723 processed, 0 removed
[2020-12-15T12:51:45.219-0500][gc,phases      ] GC(8231) Phase 1: Mark live objects 27.324ms
[2020-12-15T12:51:45.219-0500][gc,phases,start] GC(8231) Phase 2: Prepare for compaction
[2020-12-15T12:51:45.223-0500][gc,phases      ] GC(8231) Phase 2: Prepare for compaction 3.623ms
[2020-12-15T12:51:45.223-0500][gc,phases,start] GC(8231) Phase 3: Adjust pointers
[2020-12-15T12:51:45.233-0500][gc,phases      ] GC(8231) Phase 3: Adjust pointers 10.312ms
[2020-12-15T12:51:45.233-0500][gc,phases,start] GC(8231) Phase 4: Compact heap
[2020-12-15T12:51:45.236-0500][gc,phases      ] GC(8231) Phase 4: Compact heap 2.808ms
[2020-12-15T12:51:45.242-0500][gc,heap        ] GC(8231) Eden regions: 6->0(12)
[2020-12-15T12:51:45.242-0500][gc,heap        ] GC(8231) Survivor regions: 1->0(2)
[2020-12-15T12:51:45.242-0500][gc,heap        ] GC(8231) Old regions: 41->41
[2020-12-15T12:51:45.242-0500][gc,heap        ] GC(8231) Humongous regions: 4->4
[2020-12-15T12:51:45.242-0500][gc,metaspace   ] GC(8231) Metaspace: 49404K->49404K(1093632K)
[2020-12-15T12:51:45.242-0500][gc,heap        ] GC(8231) Heap after GC invocations=8232 (full 1684): garbage-first heap   total 66560K, used 43263K [0x0000000083000000, 0x0000000100000000)
[2020-12-15T12:51:45.242-0500][gc,heap        ] GC(8231)   region size 1024K, 0 young (0K), 0 survivors (0K)
[2020-12-15T12:51:45.242-0500][gc,heap        ] GC(8231)  Metaspace       used 49404K, capacity 51450K, committed 53248K, reserved 1093632K
[2020-12-15T12:51:45.242-0500][gc,heap        ] GC(8231)   class space    used 7386K, capacity 8097K, committed 8704K, reserved 1048576K
[2020-12-15T12:51:45.242-0500][gc             ] GC(8231) Pause Full (System.gc()) 48M->42M(65M) 50.865ms
[2020-12-15T12:51:45.242-0500][gc,cpu         ] GC(8231) User=0.21s Sys=0.00s Real=0.05s
[2020-12-15T12:52:45.578-0500][gc,heap        ] GC(8232) Heap before GC invocations=8232 (full 1684): garbage-first heap   total 66560K, used 54527K [0x0000000083000000, 0x0000000100000000)
[2020-12-15T12:52:45.578-0500][gc,heap        ] GC(8232)   region size 1024K, 12 young (12288K), 0 survivors (0K)
[2020-12-15T12:52:45.578-0500][gc,heap        ] GC(8232)  Metaspace       used 49404K, capacity 51450K, committed 53248K, reserved 1093632K
[2020-12-15T12:52:45.578-0500][gc,heap        ] GC(8232)   class space    used 7386K, capacity 8097K, committed 8704K, reserved 1048576K
[2020-12-15T12:52:45.578-0500][gc,start       ] GC(8232) Pause Young (Normal) (G1 Evacuation Pause)
[2020-12-15T12:52:45.578-0500][gc,task        ] GC(8232) Using 8 workers of 8 for evacuation
[2020-12-15T12:52:45.584-0500][gc,phases      ] GC(8232)   Pre Evacuate Collection Set: 0.0ms
[2020-12-15T12:52:45.584-0500][gc,phases      ] GC(8232)   Evacuate Collection Set: 2.3ms
[2020-12-15T12:52:45.584-0500][gc,phases      ] GC(8232)   Post Evacuate Collection Set: 3.9ms
[2020-12-15T12:52:45.584-0500][gc,phases      ] GC(8232)   Other: 0.5ms
[2020-12-15T12:52:45.585-0500][gc,heap        ] GC(8232) Eden regions: 12->0(11)
[2020-12-15T12:52:45.585-0500][gc,heap        ] GC(8232) Survivor regions: 0->1(2)
[2020-12-15T12:52:45.585-0500][gc,heap        ] GC(8232) Old regions: 41->41
[2020-12-15T12:52:45.585-0500][gc,heap        ] GC(8232) Humongous regions: 4->4
[2020-12-15T12:52:45.585-0500][gc,metaspace   ] GC(8232) Metaspace: 49404K->49404K(1093632K)
[2020-12-15T12:52:45.585-0500][gc,heap        ] GC(8232) Heap after GC invocations=8233 (full 1684): garbage-first heap   total 66560K, used 43326K [0x0000000083000000, 0x0000000100000000)
[2020-12-15T12:52:45.585-0500][gc,heap        ] GC(8232)   region size 1024K, 1 young (1024K), 1 survivors (1024K)
[2020-12-15T12:52:45.585-0500][gc,heap        ] GC(8232)  Metaspace       used 49404K, capacity 51450K, committed 53248K, reserved 1093632K
[2020-12-15T12:52:45.585-0500][gc,heap        ] GC(8232)   class space    used 7386K, capacity 8097K, committed 8704K, reserved 1048576K
[2020-12-15T12:52:45.585-0500][gc             ] GC(8232) Pause Young (Normal) (G1 Evacuation Pause) 54M->42M(65M) 6.955ms
[2020-12-15T12:52:45.585-0500][gc,cpu         ] GC(8232) User=0.02s Sys=0.00s Real=0.01s
[2020-12-15T12:53:35.579-0500][gc,heap        ] GC(8233) Heap before GC invocations=8233 (full 1684): garbage-first heap   total 66560K, used 54590K [0x0000000083000000, 0x0000000100000000)
[2020-12-15T12:53:35.580-0500][gc,heap        ] GC(8233)   region size 1024K, 12 young (12288K), 1 survivors (1024K)
[2020-12-15T12:53:35.580-0500][gc,heap        ] GC(8233)  Metaspace       used 49404K, capacity 51450K, committed 53248K, reserved 1093632K
[2020-12-15T12:53:35.580-0500][gc,heap        ] GC(8233)   class space    used 7386K, capacity 8097K, committed 8704K, reserved 1048576K
[2020-12-15T12:53:35.580-0500][gc,start       ] GC(8233) Pause Young (Normal) (G1 Evacuation Pause)
[2020-12-15T12:53:35.580-0500][gc,task        ] GC(8233) Using 8 workers of 8 for evacuation
[2020-12-15T12:53:35.585-0500][gc,phases      ] GC(8233)   Pre Evacuate Collection Set: 0.1ms
[2020-12-15T12:53:35.585-0500][gc,phases      ] GC(8233)   Evacuate Collection Set: 3.6ms
[2020-12-15T12:53:35.585-0500][gc,phases      ] GC(8233)   Post Evacuate Collection Set: 1.4ms
[2020-12-15T12:53:35.585-0500][gc,phases      ] GC(8233)   Other: 0.7ms
[2020-12-15T12:53:35.585-0500][gc,heap        ] GC(8233) Eden regions: 11->0(11)
[2020-12-15T12:53:35.585-0500][gc,heap        ] GC(8233) Survivor regions: 1->1(2)
[2020-12-15T12:53:35.585-0500][gc,heap        ] GC(8233) Old regions: 41->41
[2020-12-15T12:53:35.585-0500][gc,heap        ] GC(8233) Humongous regions: 4->4
[2020-12-15T12:53:35.585-0500][gc,metaspace   ] GC(8233) Metaspace: 49404K->49404K(1093632K)
[2020-12-15T12:53:35.585-0500][gc,heap        ] GC(8233) Heap after GC invocations=8234 (full 1684): garbage-first heap   total 66560K, used 43480K [0x0000000083000000, 0x0000000100000000)
[2020-12-15T12:53:35.585-0500][gc,heap        ] GC(8233)   region size 1024K, 1 young (1024K), 1 survivors (1024K)
[2020-12-15T12:53:35.585-0500][gc,heap        ] GC(8233)  Metaspace       used 49404K, capacity 51450K, committed 53248K, reserved 1093632K
[2020-12-15T12:53:35.585-0500][gc,heap        ] GC(8233)   class space    used 7386K, capacity 8097K, committed 8704K, reserved 1048576K
[2020-12-15T12:53:35.585-0500][gc             ] GC(8233) Pause Young (Normal) (G1 Evacuation Pause) 53M->42M(65M) 5.505ms
[2020-12-15T12:53:35.585-0500][gc,cpu         ] GC(8233) User=0.03s Sys=0.01s Real=0.00s
[2020-12-15T12:54:25.572-0500][gc,heap        ] GC(8234) Heap before GC invocations=8234 (full 1684): garbage-first heap   total 66560K, used 53720K [0x0000000083000000, 0x0000000100000000)
[2020-12-15T12:54:25.572-0500][gc,heap        ] GC(8234)   region size 1024K, 12 young (12288K), 1 survivors (1024K)
[2020-12-15T12:54:25.572-0500][gc,heap        ] GC(8234)  Metaspace       used 49404K, capacity 51450K, committed 53248K, reserved 1093632K
[2020-12-15T12:54:25.572-0500][gc,heap        ] GC(8234)   class space    used 7386K, capacity 8097K, committed 8704K, reserved 1048576K
[2020-12-15T12:54:25.572-0500][gc,start       ] GC(8234) Pause Young (Normal) (G1 Evacuation Pause)
[2020-12-15T12:54:25.572-0500][gc,task        ] GC(8234) Using 8 workers of 8 for evacuation
[2020-12-15T12:54:25.578-0500][gc,phases      ] GC(8234)   Pre Evacuate Collection Set: 0.0ms
[2020-12-15T12:54:25.578-0500][gc,phases      ] GC(8234)   Evacuate Collection Set: 3.9ms
[2020-12-15T12:54:25.578-0500][gc,phases      ] GC(8234)   Post Evacuate Collection Set: 1.8ms
[2020-12-15T12:54:25.578-0500][gc,phases      ] GC(8234)   Other: 0.3ms
[2020-12-15T12:54:25.578-0500][gc,heap        ] GC(8234) Eden regions: 11->0(11)
[2020-12-15T12:54:25.578-0500][gc,heap        ] GC(8234) Survivor regions: 1->1(2)
[2020-12-15T12:54:25.578-0500][gc,heap        ] GC(8234) Old regions: 41->41
[2020-12-15T12:54:25.578-0500][gc,heap        ] GC(8234) Humongous regions: 4->4
[2020-12-15T12:54:25.578-0500][gc,metaspace   ] GC(8234) Metaspace: 49404K->49404K(1093632K)
[2020-12-15T12:54:25.578-0500][gc,heap        ] GC(8234) Heap after GC invocations=8235 (full 1684): garbage-first heap   total 66560K, used 43475K [0x0000000083000000, 0x0000000100000000)
[2020-12-15T12:54:25.578-0500][gc,heap        ] GC(8234)   region size 1024K, 1 young (1024K), 1 survivors (1024K)
[2020-12-15T12:54:25.578-0500][gc,heap        ] GC(8234)  Metaspace       used 49404K, capacity 51450K, committed 53248K, reserved 1093632K
[2020-12-15T12:54:25.578-0500][gc,heap        ] GC(8234)   class space    used 7386K, capacity 8097K, committed 8704K, reserved 1048576K
[2020-12-15T12:54:25.578-0500][gc             ] GC(8234) Pause Young (Normal) (G1 Evacuation Pause) 53M->42M(65M) 6.010ms
[2020-12-15T12:54:25.578-0500][gc,cpu         ] GC(8234) User=0.02s Sys=0.00s Real=0.01s
[2020-12-15T12:55:16.013-0500][gc,heap        ] GC(8235) Heap before GC invocations=8235 (full 1684): garbage-first heap   total 66560K, used 53715K [0x0000000083000000, 0x0000000100000000)
[2020-12-15T12:55:16.014-0500][gc,heap        ] GC(8235)   region size 1024K, 12 young (12288K), 1 survivors (1024K)
[2020-12-15T12:55:16.014-0500][gc,heap        ] GC(8235)  Metaspace       used 49404K, capacity 51450K, committed 53248K, reserved 1093632K
[2020-12-15T12:55:16.014-0500][gc,heap        ] GC(8235)   class space    used 7386K, capacity 8097K, committed 8704K, reserved 1048576K
[2020-12-15T12:55:16.014-0500][gc,start       ] GC(8235) Pause Young (Normal) (G1 Evacuation Pause)
[2020-12-15T12:55:16.014-0500][gc,task        ] GC(8235) Using 8 workers of 8 for evacuation
[2020-12-15T12:55:16.017-0500][gc,phases      ] GC(8235)   Pre Evacuate Collection Set: 0.0ms
[2020-12-15T12:55:16.017-0500][gc,phases      ] GC(8235)   Evacuate Collection Set: 1.6ms
[2020-12-15T12:55:16.017-0500][gc,phases      ] GC(8235)   Post Evacuate Collection Set: 1.7ms
[2020-12-15T12:55:16.017-0500][gc,phases      ] GC(8235)   Other: 0.4ms
[2020-12-15T12:55:16.017-0500][gc,heap        ] GC(8235) Eden regions: 11->0(11)
[2020-12-15T12:55:16.017-0500][gc,heap        ] GC(8235) Survivor regions: 1->1(2)
[2020-12-15T12:55:16.017-0500][gc,heap        ] GC(8235) Old regions: 41->41
[2020-12-15T12:55:16.017-0500][gc,heap        ] GC(8235) Humongous regions: 4->4
[2020-12-15T12:55:16.018-0500][gc,metaspace   ] GC(8235) Metaspace: 49404K->49404K(1093632K)
[2020-12-15T12:55:16.018-0500][gc,heap        ] GC(8235) Heap after GC invocations=8236 (full 1684): garbage-first heap   total 66560K, used 43361K [0x0000000083000000, 0x0000000100000000)
[2020-12-15T12:55:16.018-0500][gc,heap        ] GC(8235)   region size 1024K, 1 young (1024K), 1 survivors (1024K)
[2020-12-15T12:55:16.018-0500][gc,heap        ] GC(8235)  Metaspace       used 49404K, capacity 51450K, committed 53248K, reserved 1093632K
[2020-12-15T12:55:16.018-0500][gc,heap        ] GC(8235)   class space    used 7386K, capacity 8097K, committed 8704K, reserved 1048576K
[2020-12-15T12:55:16.018-0500][gc             ] GC(8235) Pause Young (Normal) (G1 Evacuation Pause) 53M->42M(65M) 3.917ms
[2020-12-15T12:55:16.018-0500][gc,cpu         ] GC(8235) User=0.01s Sys=0.00s Real=0.01s
[2020-12-15T12:56:15.584-0500][gc,heap        ] GC(8236) Heap before GC invocations=8236 (full 1684): garbage-first heap   total 66560K, used 53601K [0x0000000083000000, 0x0000000100000000)
[2020-12-15T12:56:15.584-0500][gc,heap        ] GC(8236)   region size 1024K, 12 young (12288K), 1 survivors (1024K)
[2020-12-15T12:56:15.584-0500][gc,heap        ] GC(8236)  Metaspace       used 49404K, capacity 51450K, committed 53248K, reserved 1093632K
[2020-12-15T12:56:15.584-0500][gc,heap        ] GC(8236)   class space    used 7386K, capacity 8097K, committed 8704K, reserved 1048576K
[2020-12-15T12:56:15.584-0500][gc,start       ] GC(8236) Pause Young (Normal) (G1 Evacuation Pause)
[2020-12-15T12:56:15.584-0500][gc,task        ] GC(8236) Using 8 workers of 8 for evacuation
[2020-12-15T12:56:15.588-0500][gc,phases      ] GC(8236)   Pre Evacuate Collection Set: 0.0ms
[2020-12-15T12:56:15.588-0500][gc,phases      ] GC(8236)   Evacuate Collection Set: 1.5ms
[2020-12-15T12:56:15.588-0500][gc,phases      ] GC(8236)   Post Evacuate Collection Set: 2.2ms
[2020-12-15T12:56:15.588-0500][gc,phases      ] GC(8236)   Other: 0.5ms
[2020-12-15T12:56:15.588-0500][gc,heap        ] GC(8236) Eden regions: 11->0(11)
[2020-12-15T12:56:15.588-0500][gc,heap        ] GC(8236) Survivor regions: 1->1(2)
[2020-12-15T12:56:15.588-0500][gc,heap        ] GC(8236) Old regions: 41->41
[2020-12-15T12:56:15.588-0500][gc,heap        ] GC(8236) Humongous regions: 4->4
[2020-12-15T12:56:15.588-0500][gc,metaspace   ] GC(8236) Metaspace: 49404K->49404K(1093632K)
[2020-12-15T12:56:15.588-0500][gc,heap        ] GC(8236) Heap after GC invocations=8237 (full 1684): garbage-first heap   total 66560K, used 43499K [0x0000000083000000, 0x0000000100000000)
[2020-12-15T12:56:15.588-0500][gc,heap        ] GC(8236)   region size 1024K, 1 young (1024K), 1 survivors (1024K)
[2020-12-15T12:56:15.588-0500][gc,heap        ] GC(8236)  Metaspace       used 49404K, capacity 51450K, committed 53248K, reserved 1093632K
[2020-12-15T12:56:15.588-0500][gc,heap        ] GC(8236)   class space    used 7386K, capacity 8097K, committed 8704K, reserved 1048576K
[2020-12-15T12:56:15.588-0500][gc             ] GC(8236) Pause Young (Normal) (G1 Evacuation Pause) 53M->42M(65M) 4.354ms
[2020-12-15T12:56:15.589-0500][gc,cpu         ] GC(8236) User=0.00s Sys=0.01s Real=0.01s
[2020-12-15T12:56:45.191-0500][gc,task        ] GC(8237) Using 5 workers of 8 for full compaction
[2020-12-15T12:56:45.191-0500][gc,start       ] GC(8237) Pause Full (System.gc())
[2020-12-15T12:56:45.191-0500][gc,heap        ] GC(8237) Heap before GC invocations=8237 (full 1684): garbage-first heap   total 66560K, used 48619K [0x0000000083000000, 0x0000000100000000)
[2020-12-15T12:56:45.191-0500][gc,heap        ] GC(8237)   region size 1024K, 7 young (7168K), 1 survivors (1024K)
[2020-12-15T12:56:45.191-0500][gc,heap        ] GC(8237)  Metaspace       used 49404K, capacity 51450K, committed 53248K, reserved 1093632K
[2020-12-15T12:56:45.191-0500][gc,heap        ] GC(8237)   class space    used 7386K, capacity 8097K, committed 8704K, reserved 1048576K
[2020-12-15T12:56:45.192-0500][gc,phases,start] GC(8237) Phase 1: Mark live objects
[2020-12-15T12:56:45.228-0500][gc,stringtable ] GC(8237) Cleaned string and symbol table, strings: 32767 processed, 5 removed, symbols: 120723 processed, 0 removed
[2020-12-15T12:56:45.228-0500][gc,phases      ] GC(8237) Phase 1: Mark live objects 36.256ms
[2020-12-15T12:56:45.228-0500][gc,phases,start] GC(8237) Phase 2: Prepare for compaction
[2020-12-15T12:56:45.233-0500][gc,phases      ] GC(8237) Phase 2: Prepare for compaction 5.022ms
[2020-12-15T12:56:45.233-0500][gc,phases,start] GC(8237) Phase 3: Adjust pointers
[2020-12-15T12:56:45.246-0500][gc,phases      ] GC(8237) Phase 3: Adjust pointers 12.894ms
[2020-12-15T12:56:45.246-0500][gc,phases,start] GC(8237) Phase 4: Compact heap
[2020-12-15T12:56:45.250-0500][gc,phases      ] GC(8237) Phase 4: Compact heap 4.021ms
[2020-12-15T12:56:45.256-0500][gc,heap        ] GC(8237) Eden regions: 6->0(11)
[2020-12-15T12:56:45.256-0500][gc,heap        ] GC(8237) Survivor regions: 1->0(2)
[2020-12-15T12:56:45.256-0500][gc,heap        ] GC(8237) Old regions: 41->42
[2020-12-15T12:56:45.256-0500][gc,heap        ] GC(8237) Humongous regions: 4->4
[2020-12-15T12:56:45.256-0500][gc,metaspace   ] GC(8237) Metaspace: 49404K->49404K(1093632K)
[2020-12-15T12:56:45.256-0500][gc,heap        ] GC(8237) Heap after GC invocations=8238 (full 1685): garbage-first heap   total 66560K, used 43263K [0x0000000083000000, 0x0000000100000000)
[2020-12-15T12:56:45.256-0500][gc,heap        ] GC(8237)   region size 1024K, 0 young (0K), 0 survivors (0K)
[2020-12-15T12:56:45.256-0500][gc,heap        ] GC(8237)  Metaspace       used 49404K, capacity 51450K, committed 53248K, reserved 1093632K
[2020-12-15T12:56:45.256-0500][gc,heap        ] GC(8237)   class space    used 7386K, capacity 8097K, committed 8704K, reserved 1048576K
[2020-12-15T12:56:45.256-0500][gc             ] GC(8237) Pause Full (System.gc()) 48M->42M(65M) 64.853ms
[2020-12-15T12:56:45.256-0500][gc,cpu         ] GC(8237) User=0.27s Sys=0.00s Real=0.06s
[2020-12-15T12:57:35.576-0500][gc,heap        ] GC(8238) Heap before GC invocations=8238 (full 1685): garbage-first heap   total 66560K, used 53503K [0x0000000083000000, 0x0000000100000000)
[2020-12-15T12:57:35.576-0500][gc,heap        ] GC(8238)   region size 1024K, 11 young (11264K), 0 survivors (0K)
[2020-12-15T12:57:35.576-0500][gc,heap        ] GC(8238)  Metaspace       used 49404K, capacity 51450K, committed 53248K, reserved 1093632K
[2020-12-15T12:57:35.577-0500][gc,heap        ] GC(8238)   class space    used 7386K, capacity 8097K, committed 8704K, reserved 1048576K
[2020-12-15T12:57:35.577-0500][gc,start       ] GC(8238) Pause Young (Normal) (G1 Evacuation Pause)
[2020-12-15T12:57:35.577-0500][gc,task        ] GC(8238) Using 8 workers of 8 for evacuation
[2020-12-15T12:57:35.580-0500][gc,phases      ] GC(8238)   Pre Evacuate Collection Set: 0.0ms
[2020-12-15T12:57:35.580-0500][gc,phases      ] GC(8238)   Evacuate Collection Set: 1.5ms
[2020-12-15T12:57:35.580-0500][gc,phases      ] GC(8238)   Post Evacuate Collection Set: 1.7ms
[2020-12-15T12:57:35.580-0500][gc,phases      ] GC(8238)   Other: 0.4ms
[2020-12-15T12:57:35.580-0500][gc,heap        ] GC(8238) Eden regions: 11->0(10)
[2020-12-15T12:57:35.580-0500][gc,heap        ] GC(8238) Survivor regions: 0->1(2)
[2020-12-15T12:57:35.580-0500][gc,heap        ] GC(8238) Old regions: 42->42
[2020-12-15T12:57:35.580-0500][gc,heap        ] GC(8238) Humongous regions: 4->4
[2020-12-15T12:57:35.580-0500][gc,metaspace   ] GC(8238) Metaspace: 49404K->49404K(1093632K)
[2020-12-15T12:57:35.580-0500][gc,heap        ] GC(8238) Heap after GC invocations=8239 (full 1685): garbage-first heap   total 66560K, used 43474K [0x0000000083000000, 0x0000000100000000)
[2020-12-15T12:57:35.580-0500][gc,heap        ] GC(8238)   region size 1024K, 1 young (1024K), 1 survivors (1024K)
[2020-12-15T12:57:35.580-0500][gc,heap        ] GC(8238)  Metaspace       used 49404K, capacity 51450K, committed 53248K, reserved 1093632K
[2020-12-15T12:57:35.580-0500][gc,heap        ] GC(8238)   class space    used 7386K, capacity 8097K, committed 8704K, reserved 1048576K
[2020-12-15T12:57:35.580-0500][gc             ] GC(8238) Pause Young (Normal) (G1 Evacuation Pause) 53M->42M(65M) 3.847ms
[2020-12-15T12:57:35.581-0500][gc,cpu         ] GC(8238) User=0.01s Sys=0.00s Real=0.01s
[2020-12-15T12:58:25.583-0500][gc,heap        ] GC(8239) Heap before GC invocations=8239 (full 1685): garbage-first heap   total 66560K, used 52690K [0x0000000083000000, 0x0000000100000000)
[2020-12-15T12:58:25.583-0500][gc,heap        ] GC(8239)   region size 1024K, 11 young (11264K), 1 survivors (1024K)
[2020-12-15T12:58:25.583-0500][gc,heap        ] GC(8239)  Metaspace       used 49404K, capacity 51450K, committed 53248K, reserved 1093632K
[2020-12-15T12:58:25.583-0500][gc,heap        ] GC(8239)   class space    used 7386K, capacity 8097K, committed 8704K, reserved 1048576K
[2020-12-15T12:58:25.583-0500][gc,start       ] GC(8239) Pause Young (Normal) (G1 Evacuation Pause)
[2020-12-15T12:58:25.583-0500][gc,task        ] GC(8239) Using 8 workers of 8 for evacuation
[2020-12-15T12:58:25.599-0500][gc,phases      ] GC(8239)   Pre Evacuate Collection Set: 0.0ms
[2020-12-15T12:58:25.599-0500][gc,phases      ] GC(8239)   Evacuate Collection Set: 13.0ms
[2020-12-15T12:58:25.599-0500][gc,phases      ] GC(8239)   Post Evacuate Collection Set: 2.1ms
[2020-12-15T12:58:25.599-0500][gc,phases      ] GC(8239)   Other: 0.6ms
[2020-12-15T12:58:25.599-0500][gc,heap        ] GC(8239) Eden regions: 10->0(10)
[2020-12-15T12:58:25.599-0500][gc,heap        ] GC(8239) Survivor regions: 1->1(2)
[2020-12-15T12:58:25.599-0500][gc,heap        ] GC(8239) Old regions: 42->42
[2020-12-15T12:58:25.599-0500][gc,heap        ] GC(8239) Humongous regions: 4->4
[2020-12-15T12:58:25.599-0500][gc,metaspace   ] GC(8239) Metaspace: 49404K->49404K(1093632K)
[2020-12-15T12:58:25.599-0500][gc,heap        ] GC(8239) Heap after GC invocations=8240 (full 1685): garbage-first heap   total 66560K, used 43471K [0x0000000083000000, 0x0000000100000000)
[2020-12-15T12:58:25.599-0500][gc,heap        ] GC(8239)   region size 1024K, 1 young (1024K), 1 survivors (1024K)
[2020-12-15T12:58:25.599-0500][gc,heap        ] GC(8239)  Metaspace       used 49404K, capacity 51450K, committed 53248K, reserved 1093632K
[2020-12-15T12:58:25.599-0500][gc,heap        ] GC(8239)   class space    used 7386K, capacity 8097K, committed 8704K, reserved 1048576K
[2020-12-15T12:58:25.599-0500][gc             ] GC(8239) Pause Young (Normal) (G1 Evacuation Pause) 52M->42M(65M) 15.499ms
[2020-12-15T12:58:25.599-0500][gc,cpu         ] GC(8239) User=0.09s Sys=0.00s Real=0.02s
[2020-12-15T12:59:15.574-0500][gc,heap        ] GC(8240) Heap before GC invocations=8240 (full 1685): garbage-first heap   total 66560K, used 52687K [0x0000000083000000, 0x0000000100000000)
[2020-12-15T12:59:15.574-0500][gc,heap        ] GC(8240)   region size 1024K, 11 young (11264K), 1 survivors (1024K)
[2020-12-15T12:59:15.574-0500][gc,heap        ] GC(8240)  Metaspace       used 49404K, capacity 51450K, committed 53248K, reserved 1093632K
[2020-12-15T12:59:15.574-0500][gc,heap        ] GC(8240)   class space    used 7386K, capacity 8097K, committed 8704K, reserved 1048576K
[2020-12-15T12:59:15.575-0500][gc,start       ] GC(8240) Pause Young (Normal) (G1 Evacuation Pause)
[2020-12-15T12:59:15.575-0500][gc,task        ] GC(8240) Using 8 workers of 8 for evacuation
[2020-12-15T12:59:15.581-0500][gc,phases      ] GC(8240)   Pre Evacuate Collection Set: 0.0ms
[2020-12-15T12:59:15.581-0500][gc,phases      ] GC(8240)   Evacuate Collection Set: 3.2ms
[2020-12-15T12:59:15.581-0500][gc,phases      ] GC(8240)   Post Evacuate Collection Set: 3.2ms
[2020-12-15T12:59:15.581-0500][gc,phases      ] GC(8240)   Other: 0.4ms
[2020-12-15T12:59:15.581-0500][gc,heap        ] GC(8240) Eden regions: 10->0(10)
[2020-12-15T12:59:15.581-0500][gc,heap        ] GC(8240) Survivor regions: 1->1(2)
[2020-12-15T12:59:15.581-0500][gc,heap        ] GC(8240) Old regions: 42->42
[2020-12-15T12:59:15.581-0500][gc,heap        ] GC(8240) Humongous regions: 4->4
[2020-12-15T12:59:15.581-0500][gc,metaspace   ] GC(8240) Metaspace: 49404K->49404K(1093632K)
[2020-12-15T12:59:15.581-0500][gc,heap        ] GC(8240) Heap after GC invocations=8241 (full 1685): garbage-first heap   total 66560K, used 43488K [0x0000000083000000, 0x0000000100000000)
[2020-12-15T12:59:15.581-0500][gc,heap        ] GC(8240)   region size 1024K, 1 young (1024K), 1 survivors (1024K)
[2020-12-15T12:59:15.581-0500][gc,heap        ] GC(8240)  Metaspace       used 49404K, capacity 51450K, committed 53248K, reserved 1093632K
[2020-12-15T12:59:15.581-0500][gc,heap        ] GC(8240)   class space    used 7386K, capacity 8097K, committed 8704K, reserved 1048576K
[2020-12-15T12:59:15.581-0500][gc             ] GC(8240) Pause Young (Normal) (G1 Evacuation Pause) 52M->42M(65M) 6.773ms
[2020-12-15T12:59:15.581-0500][gc,cpu         ] GC(8240) User=0.03s Sys=0.00s Real=0.01s
[2020-12-15T13:00:05.571-0500][gc,heap        ] GC(8241) Heap before GC invocations=8241 (full 1685): garbage-first heap   total 66560K, used 52704K [0x0000000083000000, 0x0000000100000000)
[2020-12-15T13:00:05.571-0500][gc,heap        ] GC(8241)   region size 1024K, 11 young (11264K), 1 survivors (1024K)
[2020-12-15T13:00:05.571-0500][gc,heap        ] GC(8241)  Metaspace       used 49404K, capacity 51450K, committed 53248K, reserved 1093632K
[2020-12-15T13:00:05.571-0500][gc,heap        ] GC(8241)   class space    used 7386K, capacity 8097K, committed 8704K, reserved 1048576K
[2020-12-15T13:00:05.571-0500][gc,start       ] GC(8241) Pause Young (Normal) (G1 Evacuation Pause)
[2020-12-15T13:00:05.571-0500][gc,task        ] GC(8241) Using 8 workers of 8 for evacuation
[2020-12-15T13:00:05.574-0500][gc,phases      ] GC(8241)   Pre Evacuate Collection Set: 0.0ms
[2020-12-15T13:00:05.574-0500][gc,phases      ] GC(8241)   Evacuate Collection Set: 1.4ms
[2020-12-15T13:00:05.574-0500][gc,phases      ] GC(8241)   Post Evacuate Collection Set: 0.9ms
[2020-12-15T13:00:05.574-0500][gc,phases      ] GC(8241)   Other: 0.3ms
[2020-12-15T13:00:05.574-0500][gc,heap        ] GC(8241) Eden regions: 10->0(10)
[2020-12-15T13:00:05.574-0500][gc,heap        ] GC(8241) Survivor regions: 1->1(2)
[2020-12-15T13:00:05.574-0500][gc,heap        ] GC(8241) Old regions: 42->42
[2020-12-15T13:00:05.574-0500][gc,heap        ] GC(8241) Humongous regions: 4->4
[2020-12-15T13:00:05.574-0500][gc,metaspace   ] GC(8241) Metaspace: 49404K->49404K(1093632K)
[2020-12-15T13:00:05.574-0500][gc,heap        ] GC(8241) Heap after GC invocations=8242 (full 1685): garbage-first heap   total 66560K, used 43482K [0x0000000083000000, 0x0000000100000000)
[2020-12-15T13:00:05.574-0500][gc,heap        ] GC(8241)   region size 1024K, 1 young (1024K), 1 survivors (1024K)
[2020-12-15T13:00:05.574-0500][gc,heap        ] GC(8241)  Metaspace       used 49404K, capacity 51450K, committed 53248K, reserved 1093632K
[2020-12-15T13:00:05.574-0500][gc,heap        ] GC(8241)   class space    used 7386K, capacity 8097K, committed 8704K, reserved 1048576K
[2020-12-15T13:00:05.574-0500][gc             ] GC(8241) Pause Young (Normal) (G1 Evacuation Pause) 52M->42M(65M) 2.572ms
[2020-12-15T13:00:05.574-0500][gc,cpu         ] GC(8241) User=0.00s Sys=0.01s Real=0.00s
[2020-12-15T13:00:55.579-0500][gc,heap        ] GC(8242) Heap before GC invocations=8242 (full 1685): garbage-first heap   total 66560K, used 52698K [0x0000000083000000, 0x0000000100000000)
[2020-12-15T13:00:55.579-0500][gc,heap        ] GC(8242)   region size 1024K, 11 young (11264K), 1 survivors (1024K)
[2020-12-15T13:00:55.579-0500][gc,heap        ] GC(8242)  Metaspace       used 49404K, capacity 51450K, committed 53248K, reserved 1093632K
[2020-12-15T13:00:55.579-0500][gc,heap        ] GC(8242)   class space    used 7386K, capacity 8097K, committed 8704K, reserved 1048576K
[2020-12-15T13:00:55.579-0500][gc,start       ] GC(8242) Pause Young (Normal) (G1 Evacuation Pause)
[2020-12-15T13:00:55.579-0500][gc,task        ] GC(8242) Using 8 workers of 8 for evacuation
[2020-12-15T13:00:55.584-0500][gc,phases      ] GC(8242)   Pre Evacuate Collection Set: 0.0ms
[2020-12-15T13:00:55.584-0500][gc,phases      ] GC(8242)   Evacuate Collection Set: 1.6ms
[2020-12-15T13:00:55.584-0500][gc,phases      ] GC(8242)   Post Evacuate Collection Set: 3.1ms
[2020-12-15T13:00:55.584-0500][gc,phases      ] GC(8242)   Other: 0.4ms
[2020-12-15T13:00:55.584-0500][gc,heap        ] GC(8242) Eden regions: 10->0(10)
[2020-12-15T13:00:55.584-0500][gc,heap        ] GC(8242) Survivor regions: 1->1(2)
[2020-12-15T13:00:55.584-0500][gc,heap        ] GC(8242) Old regions: 42->42
[2020-12-15T13:00:55.584-0500][gc,heap        ] GC(8242) Humongous regions: 4->4
[2020-12-15T13:00:55.584-0500][gc,metaspace   ] GC(8242) Metaspace: 49404K->49404K(1093632K)
[2020-12-15T13:00:55.584-0500][gc,heap        ] GC(8242) Heap after GC invocations=8243 (full 1685): garbage-first heap   total 66560K, used 43497K [0x0000000083000000, 0x0000000100000000)
[2020-12-15T13:00:55.584-0500][gc,heap        ] GC(8242)   region size 1024K, 1 young (1024K), 1 survivors (1024K)
[2020-12-15T13:00:55.584-0500][gc,heap        ] GC(8242)  Metaspace       used 49404K, capacity 51450K, committed 53248K, reserved 1093632K
[2020-12-15T13:00:55.584-0500][gc,heap        ] GC(8242)   class space    used 7386K, capacity 8097K, committed 8704K, reserved 1048576K
[2020-12-15T13:00:55.584-0500][gc             ] GC(8242) Pause Young (Normal) (G1 Evacuation Pause) 52M->42M(65M) 5.210ms
[2020-12-15T13:00:55.584-0500][gc,cpu         ] GC(8242) User=0.02s Sys=0.00s Real=0.00s
[2020-12-15T13:01:45.192-0500][gc,task        ] GC(8243) Using 5 workers of 8 for full compaction
[2020-12-15T13:01:45.192-0500][gc,start       ] GC(8243) Pause Full (System.gc())
[2020-12-15T13:01:45.192-0500][gc,heap        ] GC(8243) Heap before GC invocations=8243 (full 1685): garbage-first heap   total 66560K, used 52713K [0x0000000083000000, 0x0000000100000000)
[2020-12-15T13:01:45.192-0500][gc,heap        ] GC(8243)   region size 1024K, 11 young (11264K), 1 survivors (1024K)
[2020-12-15T13:01:45.192-0500][gc,heap        ] GC(8243)  Metaspace       used 49404K, capacity 51450K, committed 53248K, reserved 1093632K
[2020-12-15T13:01:45.192-0500][gc,heap        ] GC(8243)   class space    used 7386K, capacity 8097K, committed 8704K, reserved 1048576K
[2020-12-15T13:01:45.193-0500][gc,phases,start] GC(8243) Phase 1: Mark live objects
[2020-12-15T13:01:45.230-0500][gc,stringtable ] GC(8243) Cleaned string and symbol table, strings: 32767 processed, 5 removed, symbols: 120723 processed, 0 removed
[2020-12-15T13:01:45.230-0500][gc,phases      ] GC(8243) Phase 1: Mark live objects 37.885ms
[2020-12-15T13:01:45.230-0500][gc,phases,start] GC(8243) Phase 2: Prepare for compaction
[2020-12-15T13:01:45.235-0500][gc,phases      ] GC(8243) Phase 2: Prepare for compaction 4.758ms
[2020-12-15T13:01:45.235-0500][gc,phases,start] GC(8243) Phase 3: Adjust pointers
[2020-12-15T13:01:45.250-0500][gc,phases      ] GC(8243) Phase 3: Adjust pointers 14.273ms
[2020-12-15T13:01:45.250-0500][gc,phases,start] GC(8243) Phase 4: Compact heap
[2020-12-15T13:01:45.253-0500][gc,phases      ] GC(8243) Phase 4: Compact heap 3.240ms
[2020-12-15T13:01:45.261-0500][gc,heap        ] GC(8243) Eden regions: 10->0(11)
[2020-12-15T13:01:45.261-0500][gc,heap        ] GC(8243) Survivor regions: 1->0(2)
[2020-12-15T13:01:45.261-0500][gc,heap        ] GC(8243) Old regions: 42->42
[2020-12-15T13:01:45.261-0500][gc,heap        ] GC(8243) Humongous regions: 4->4
[2020-12-15T13:01:45.261-0500][gc,metaspace   ] GC(8243) Metaspace: 49404K->49404K(1093632K)
[2020-12-15T13:01:45.261-0500][gc,heap        ] GC(8243) Heap after GC invocations=8244 (full 1686): garbage-first heap   total 66560K, used 43277K [0x0000000083000000, 0x0000000100000000)
[2020-12-15T13:01:45.261-0500][gc,heap        ] GC(8243)   region size 1024K, 0 young (0K), 0 survivors (0K)
[2020-12-15T13:01:45.261-0500][gc,heap        ] GC(8243)  Metaspace       used 49404K, capacity 51450K, committed 53248K, reserved 1093632K
[2020-12-15T13:01:45.261-0500][gc,heap        ] GC(8243)   class space    used 7386K, capacity 8097K, committed 8704K, reserved 1048576K
[2020-12-15T13:01:45.261-0500][gc             ] GC(8243) Pause Full (System.gc()) 52M->42M(65M) 68.718ms
[2020-12-15T13:01:45.261-0500][gc,cpu         ] GC(8243) User=0.29s Sys=0.00s Real=0.07s
[2020-12-15T13:02:35.585-0500][gc,heap        ] GC(8244) Heap before GC invocations=8244 (full 1686): garbage-first heap   total 66560K, used 53517K [0x0000000083000000, 0x0000000100000000)
[2020-12-15T13:02:35.585-0500][gc,heap        ] GC(8244)   region size 1024K, 11 young (11264K), 0 survivors (0K)
[2020-12-15T13:02:35.585-0500][gc,heap        ] GC(8244)  Metaspace       used 49404K, capacity 51450K, committed 53248K, reserved 1093632K
[2020-12-15T13:02:35.585-0500][gc,heap        ] GC(8244)   class space    used 7386K, capacity 8097K, committed 8704K, reserved 1048576K
[2020-12-15T13:02:35.585-0500][gc,start       ] GC(8244) Pause Young (Normal) (G1 Evacuation Pause)
[2020-12-15T13:02:35.585-0500][gc,task        ] GC(8244) Using 8 workers of 8 for evacuation
[2020-12-15T13:02:35.588-0500][gc,phases      ] GC(8244)   Pre Evacuate Collection Set: 0.0ms
[2020-12-15T13:02:35.588-0500][gc,phases      ] GC(8244)   Evacuate Collection Set: 0.7ms
[2020-12-15T13:02:35.588-0500][gc,phases      ] GC(8244)   Post Evacuate Collection Set: 1.8ms
[2020-12-15T13:02:35.588-0500][gc,phases      ] GC(8244)   Other: 0.2ms
[2020-12-15T13:02:35.588-0500][gc,heap        ] GC(8244) Eden regions: 11->0(10)
[2020-12-15T13:02:35.588-0500][gc,heap        ] GC(8244) Survivor regions: 0->1(2)
[2020-12-15T13:02:35.588-0500][gc,heap        ] GC(8244) Old regions: 42->42
[2020-12-15T13:02:35.588-0500][gc,heap        ] GC(8244) Humongous regions: 4->4
[2020-12-15T13:02:35.588-0500][gc,metaspace   ] GC(8244) Metaspace: 49404K->49404K(1093632K)
[2020-12-15T13:02:35.588-0500][gc,heap        ] GC(8244) Heap after GC invocations=8245 (full 1686): garbage-first heap   total 66560K, used 43502K [0x0000000083000000, 0x0000000100000000)
[2020-12-15T13:02:35.588-0500][gc,heap        ] GC(8244)   region size 1024K, 1 young (1024K), 1 survivors (1024K)
[2020-12-15T13:02:35.588-0500][gc,heap        ] GC(8244)  Metaspace       used 49404K, capacity 51450K, committed 53248K, reserved 1093632K
[2020-12-15T13:02:35.588-0500][gc,heap        ] GC(8244)   class space    used 7386K, capacity 8097K, committed 8704K, reserved 1048576K
[2020-12-15T13:02:35.588-0500][gc             ] GC(8244) Pause Young (Normal) (G1 Evacuation Pause) 53M->42M(65M) 2.848ms
[2020-12-15T13:02:35.588-0500][gc,cpu         ] GC(8244) User=0.01s Sys=0.01s Real=0.01s
[2020-12-15T13:03:20.915-0500][gc,heap        ] GC(8245) Heap before GC invocations=8245 (full 1686): garbage-first heap   total 66560K, used 53742K [0x0000000083000000, 0x0000000100000000)
[2020-12-15T13:03:20.915-0500][gc,heap        ] GC(8245)   region size 1024K, 11 young (11264K), 1 survivors (1024K)
[2020-12-15T13:03:20.915-0500][gc,heap        ] GC(8245)  Metaspace       used 49404K, capacity 51450K, committed 53248K, reserved 1093632K
[2020-12-15T13:03:20.915-0500][gc,heap        ] GC(8245)   class space    used 7386K, capacity 8097K, committed 8704K, reserved 1048576K
[2020-12-15T13:03:20.915-0500][gc,start       ] GC(8245) Pause Young (Normal) (G1 Evacuation Pause)
[2020-12-15T13:03:20.915-0500][gc,task        ] GC(8245) Using 8 workers of 8 for evacuation
[2020-12-15T13:03:20.917-0500][gc,phases      ] GC(8245)   Pre Evacuate Collection Set: 0.0ms
[2020-12-15T13:03:20.917-0500][gc,phases      ] GC(8245)   Evacuate Collection Set: 0.8ms
[2020-12-15T13:03:20.917-0500][gc,phases      ] GC(8245)   Post Evacuate Collection Set: 1.0ms
[2020-12-15T13:03:20.917-0500][gc,phases      ] GC(8245)   Other: 0.2ms
[2020-12-15T13:03:20.917-0500][gc,heap        ] GC(8245) Eden regions: 10->0(10)
[2020-12-15T13:03:20.917-0500][gc,heap        ] GC(8245) Survivor regions: 1->1(2)
[2020-12-15T13:03:20.917-0500][gc,heap        ] GC(8245) Old regions: 42->42
[2020-12-15T13:03:20.917-0500][gc,heap        ] GC(8245) Humongous regions: 4->4
[2020-12-15T13:03:20.917-0500][gc,metaspace   ] GC(8245) Metaspace: 49404K->49404K(1093632K)
[2020-12-15T13:03:20.917-0500][gc,heap        ] GC(8245) Heap after GC invocations=8246 (full 1686): garbage-first heap   total 66560K, used 43358K [0x0000000083000000, 0x0000000100000000)
[2020-12-15T13:03:20.917-0500][gc,heap        ] GC(8245)   region size 1024K, 1 young (1024K), 1 survivors (1024K)
[2020-12-15T13:03:20.917-0500][gc,heap        ] GC(8245)  Metaspace       used 49404K, capacity 51450K, committed 53248K, reserved 1093632K
[2020-12-15T13:03:20.917-0500][gc,heap        ] GC(8245)   class space    used 7386K, capacity 8097K, committed 8704K, reserved 1048576K
[2020-12-15T13:03:20.917-0500][gc             ] GC(8245) Pause Young (Normal) (G1 Evacuation Pause) 52M->42M(65M) 2.087ms
[2020-12-15T13:03:20.917-0500][gc,cpu         ] GC(8245) User=0.01s Sys=0.00s Real=0.00s
[2020-12-15T13:04:06.223-0500][gc,heap        ] GC(8246) Heap before GC invocations=8246 (full 1686): garbage-first heap   total 66560K, used 52574K [0x0000000083000000, 0x0000000100000000)
[2020-12-15T13:04:06.223-0500][gc,heap        ] GC(8246)   region size 1024K, 11 young (11264K), 1 survivors (1024K)
[2020-12-15T13:04:06.223-0500][gc,heap        ] GC(8246)  Metaspace       used 49404K, capacity 51450K, committed 53248K, reserved 1093632K
[2020-12-15T13:04:06.223-0500][gc,heap        ] GC(8246)   class space    used 7386K, capacity 8097K, committed 8704K, reserved 1048576K
[2020-12-15T13:04:06.223-0500][gc,start       ] GC(8246) Pause Young (Normal) (G1 Evacuation Pause)
[2020-12-15T13:04:06.223-0500][gc,task        ] GC(8246) Using 8 workers of 8 for evacuation
[2020-12-15T13:04:06.224-0500][gc,phases      ] GC(8246)   Pre Evacuate Collection Set: 0.0ms
[2020-12-15T13:04:06.224-0500][gc,phases      ] GC(8246)   Evacuate Collection Set: 0.6ms
[2020-12-15T13:04:06.224-0500][gc,phases      ] GC(8246)   Post Evacuate Collection Set: 0.8ms
[2020-12-15T13:04:06.224-0500][gc,phases      ] GC(8246)   Other: 0.2ms
[2020-12-15T13:04:06.224-0500][gc,heap        ] GC(8246) Eden regions: 10->0(10)
[2020-12-15T13:04:06.224-0500][gc,heap        ] GC(8246) Survivor regions: 1->1(2)
[2020-12-15T13:04:06.224-0500][gc,heap        ] GC(8246) Old regions: 42->42
[2020-12-15T13:04:06.224-0500][gc,heap        ] GC(8246) Humongous regions: 4->4
[2020-12-15T13:04:06.224-0500][gc,metaspace   ] GC(8246) Metaspace: 49404K->49404K(1093632K)
[2020-12-15T13:04:06.224-0500][gc,heap        ] GC(8246) Heap after GC invocations=8247 (full 1686): garbage-first heap   total 66560K, used 43342K [0x0000000083000000, 0x0000000100000000)
[2020-12-15T13:04:06.224-0500][gc,heap        ] GC(8246)   region size 1024K, 1 young (1024K), 1 survivors (1024K)
[2020-12-15T13:04:06.224-0500][gc,heap        ] GC(8246)  Metaspace       used 49404K, capacity 51450K, committed 53248K, reserved 1093632K
[2020-12-15T13:04:06.224-0500][gc,heap        ] GC(8246)   class space    used 7386K, capacity 8097K, committed 8704K, reserved 1048576K
[2020-12-15T13:04:06.224-0500][gc             ] GC(8246) Pause Young (Normal) (G1 Evacuation Pause) 52M->42M(65M) 1.662ms
[2020-12-15T13:04:06.224-0500][gc,cpu         ] GC(8246) User=0.01s Sys=0.01s Real=0.00s
[2020-12-15T13:04:56.012-0500][gc,heap        ] GC(8247) Heap before GC invocations=8247 (full 1686): garbage-first heap   total 66560K, used 52558K [0x0000000083000000, 0x0000000100000000)
[2020-12-15T13:04:56.012-0500][gc,heap        ] GC(8247)   region size 1024K, 11 young (11264K), 1 survivors (1024K)
[2020-12-15T13:04:56.012-0500][gc,heap        ] GC(8247)  Metaspace       used 49404K, capacity 51450K, committed 53248K, reserved 1093632K
[2020-12-15T13:04:56.012-0500][gc,heap        ] GC(8247)   class space    used 7386K, capacity 8097K, committed 8704K, reserved 1048576K
[2020-12-15T13:04:56.012-0500][gc,start       ] GC(8247) Pause Young (Normal) (G1 Evacuation Pause)
[2020-12-15T13:04:56.012-0500][gc,task        ] GC(8247) Using 8 workers of 8 for evacuation
[2020-12-15T13:04:56.014-0500][gc,phases      ] GC(8247)   Pre Evacuate Collection Set: 0.0ms
[2020-12-15T13:04:56.014-0500][gc,phases      ] GC(8247)   Evacuate Collection Set: 1.1ms
[2020-12-15T13:04:56.014-0500][gc,phases      ] GC(8247)   Post Evacuate Collection Set: 1.2ms
[2020-12-15T13:04:56.014-0500][gc,phases      ] GC(8247)   Other: 0.2ms
[2020-12-15T13:04:56.014-0500][gc,heap        ] GC(8247) Eden regions: 10->0(10)
[2020-12-15T13:04:56.014-0500][gc,heap        ] GC(8247) Survivor regions: 1->1(2)
[2020-12-15T13:04:56.014-0500][gc,heap        ] GC(8247) Old regions: 42->42
[2020-12-15T13:04:56.014-0500][gc,heap        ] GC(8247) Humongous regions: 4->4
[2020-12-15T13:04:56.014-0500][gc,metaspace   ] GC(8247) Metaspace: 49404K->49404K(1093632K)
[2020-12-15T13:04:56.014-0500][gc,heap        ] GC(8247) Heap after GC invocations=8248 (full 1686): garbage-first heap   total 66560K, used 43385K [0x0000000083000000, 0x0000000100000000)
[2020-12-15T13:04:56.014-0500][gc,heap        ] GC(8247)   region size 1024K, 1 young (1024K), 1 survivors (1024K)
[2020-12-15T13:04:56.014-0500][gc,heap        ] GC(8247)  Metaspace       used 49404K, capacity 51450K, committed 53248K, reserved 1093632K
[2020-12-15T13:04:56.014-0500][gc,heap        ] GC(8247)   class space    used 7386K, capacity 8097K, committed 8704K, reserved 1048576K
[2020-12-15T13:04:56.014-0500][gc             ] GC(8247) Pause Young (Normal) (G1 Evacuation Pause) 52M->42M(65M) 2.566ms
[2020-12-15T13:04:56.014-0500][gc,cpu         ] GC(8247) User=0.00s Sys=0.01s Real=0.00s
[2020-12-15T13:05:45.609-0500][gc,heap        ] GC(8248) Heap before GC invocations=8248 (full 1686): garbage-first heap   total 66560K, used 52601K [0x0000000083000000, 0x0000000100000000)
[2020-12-15T13:05:45.610-0500][gc,heap        ] GC(8248)   region size 1024K, 11 young (11264K), 1 survivors (1024K)
[2020-12-15T13:05:45.610-0500][gc,heap        ] GC(8248)  Metaspace       used 49404K, capacity 51450K, committed 53248K, reserved 1093632K
[2020-12-15T13:05:45.610-0500][gc,heap        ] GC(8248)   class space    used 7386K, capacity 8097K, committed 8704K, reserved 1048576K
[2020-12-15T13:05:45.610-0500][gc,start       ] GC(8248) Pause Young (Normal) (G1 Evacuation Pause)
[2020-12-15T13:05:45.610-0500][gc,task        ] GC(8248) Using 8 workers of 8 for evacuation
[2020-12-15T13:05:45.613-0500][gc,phases      ] GC(8248)   Pre Evacuate Collection Set: 0.0ms
[2020-12-15T13:05:45.614-0500][gc,phases      ] GC(8248)   Evacuate Collection Set: 1.6ms
[2020-12-15T13:05:45.614-0500][gc,phases      ] GC(8248)   Post Evacuate Collection Set: 1.8ms
[2020-12-15T13:05:45.614-0500][gc,phases      ] GC(8248)   Other: 0.7ms
[2020-12-15T13:05:45.614-0500][gc,heap        ] GC(8248) Eden regions: 10->0(10)
[2020-12-15T13:05:45.614-0500][gc,heap        ] GC(8248) Survivor regions: 1->1(2)
[2020-12-15T13:05:45.614-0500][gc,heap        ] GC(8248) Old regions: 42->42
[2020-12-15T13:05:45.614-0500][gc,heap        ] GC(8248) Humongous regions: 4->4
[2020-12-15T13:05:45.614-0500][gc,metaspace   ] GC(8248) Metaspace: 49404K->49404K(1093632K)
[2020-12-15T13:05:45.614-0500][gc,heap        ] GC(8248) Heap after GC invocations=8249 (full 1686): garbage-first heap   total 66560K, used 43399K [0x0000000083000000, 0x0000000100000000)
[2020-12-15T13:05:45.614-0500][gc,heap        ] GC(8248)   region size 1024K, 1 young (1024K), 1 survivors (1024K)
[2020-12-15T13:05:45.614-0500][gc,heap        ] GC(8248)  Metaspace       used 49404K, capacity 51450K, committed 53248K, reserved 1093632K
[2020-12-15T13:05:45.614-0500][gc,heap        ] GC(8248)   class space    used 7386K, capacity 8097K, committed 8704K, reserved 1048576K
[2020-12-15T13:05:45.614-0500][gc             ] GC(8248) Pause Young (Normal) (G1 Evacuation Pause) 52M->42M(65M) 3.912ms
[2020-12-15T13:05:45.614-0500][gc,cpu         ] GC(8248) User=0.01s Sys=0.01s Real=0.00s
[2020-12-15T13:06:35.575-0500][gc,heap        ] GC(8249) Heap before GC invocations=8249 (full 1686): garbage-first heap   total 66560K, used 52615K [0x0000000083000000, 0x0000000100000000)
[2020-12-15T13:06:35.575-0500][gc,heap        ] GC(8249)   region size 1024K, 11 young (11264K), 1 survivors (1024K)
[2020-12-15T13:06:35.575-0500][gc,heap        ] GC(8249)  Metaspace       used 49404K, capacity 51450K, committed 53248K, reserved 1093632K
[2020-12-15T13:06:35.575-0500][gc,heap        ] GC(8249)   class space    used 7386K, capacity 8097K, committed 8704K, reserved 1048576K
[2020-12-15T13:06:35.575-0500][gc,start       ] GC(8249) Pause Young (Normal) (G1 Evacuation Pause)
[2020-12-15T13:06:35.575-0500][gc,task        ] GC(8249) Using 8 workers of 8 for evacuation
[2020-12-15T13:06:35.578-0500][gc,phases      ] GC(8249)   Pre Evacuate Collection Set: 0.0ms
[2020-12-15T13:06:35.578-0500][gc,phases      ] GC(8249)   Evacuate Collection Set: 1.7ms
[2020-12-15T13:06:35.578-0500][gc,phases      ] GC(8249)   Post Evacuate Collection Set: 1.1ms
[2020-12-15T13:06:35.578-0500][gc,phases      ] GC(8249)   Other: 0.3ms
[2020-12-15T13:06:35.578-0500][gc,heap        ] GC(8249) Eden regions: 10->0(10)
[2020-12-15T13:06:35.578-0500][gc,heap        ] GC(8249) Survivor regions: 1->1(2)
[2020-12-15T13:06:35.578-0500][gc,heap        ] GC(8249) Old regions: 42->42
[2020-12-15T13:06:35.578-0500][gc,heap        ] GC(8249) Humongous regions: 4->4
[2020-12-15T13:06:35.579-0500][gc,metaspace   ] GC(8249) Metaspace: 49404K->49404K(1093632K)
[2020-12-15T13:06:35.579-0500][gc,heap        ] GC(8249) Heap after GC invocations=8250 (full 1686): garbage-first heap   total 66560K, used 43552K [0x0000000083000000, 0x0000000100000000)
[2020-12-15T13:06:35.579-0500][gc,heap        ] GC(8249)   region size 1024K, 1 young (1024K), 1 survivors (1024K)
[2020-12-15T13:06:35.579-0500][gc,heap        ] GC(8249)  Metaspace       used 49404K, capacity 51450K, committed 53248K, reserved 1093632K
[2020-12-15T13:06:35.579-0500][gc,heap        ] GC(8249)   class space    used 7386K, capacity 8097K, committed 8704K, reserved 1048576K
[2020-12-15T13:06:35.579-0500][gc             ] GC(8249) Pause Young (Normal) (G1 Evacuation Pause) 52M->42M(65M) 3.125ms
[2020-12-15T13:06:35.579-0500][gc,cpu         ] GC(8249) User=0.00s Sys=0.01s Real=0.01s
[2020-12-15T13:06:45.190-0500][gc,task        ] GC(8250) Using 5 workers of 8 for full compaction
[2020-12-15T13:06:45.190-0500][gc,start       ] GC(8250) Pause Full (System.gc())
[2020-12-15T13:06:45.191-0500][gc,heap        ] GC(8250) Heap before GC invocations=8250 (full 1686): garbage-first heap   total 66560K, used 43552K [0x0000000083000000, 0x0000000100000000)
[2020-12-15T13:06:45.191-0500][gc,heap        ] GC(8250)   region size 1024K, 2 young (2048K), 1 survivors (1024K)
[2020-12-15T13:06:45.191-0500][gc,heap        ] GC(8250)  Metaspace       used 49404K, capacity 51450K, committed 53248K, reserved 1093632K
[2020-12-15T13:06:45.191-0500][gc,heap        ] GC(8250)   class space    used 7386K, capacity 8097K, committed 8704K, reserved 1048576K
[2020-12-15T13:06:45.191-0500][gc,phases,start] GC(8250) Phase 1: Mark live objects
[2020-12-15T13:06:45.229-0500][gc,stringtable ] GC(8250) Cleaned string and symbol table, strings: 32767 processed, 5 removed, symbols: 120723 processed, 0 removed
[2020-12-15T13:06:45.229-0500][gc,phases      ] GC(8250) Phase 1: Mark live objects 38.341ms
[2020-12-15T13:06:45.229-0500][gc,phases,start] GC(8250) Phase 2: Prepare for compaction
[2020-12-15T13:06:45.234-0500][gc,phases      ] GC(8250) Phase 2: Prepare for compaction 4.359ms
[2020-12-15T13:06:45.234-0500][gc,phases,start] GC(8250) Phase 3: Adjust pointers
[2020-12-15T13:06:45.247-0500][gc,phases      ] GC(8250) Phase 3: Adjust pointers 13.174ms
[2020-12-15T13:06:45.247-0500][gc,phases,start] GC(8250) Phase 4: Compact heap
[2020-12-15T13:06:45.250-0500][gc,phases      ] GC(8250) Phase 4: Compact heap 2.596ms
[2020-12-15T13:06:45.256-0500][gc,heap        ] GC(8250) Eden regions: 1->0(12)
[2020-12-15T13:06:45.256-0500][gc,heap        ] GC(8250) Survivor regions: 1->0(2)
[2020-12-15T13:06:45.256-0500][gc,heap        ] GC(8250) Old regions: 42->41
[2020-12-15T13:06:45.256-0500][gc,heap        ] GC(8250) Humongous regions: 4->4
[2020-12-15T13:06:45.256-0500][gc,metaspace   ] GC(8250) Metaspace: 49404K->49404K(1093632K)
[2020-12-15T13:06:45.256-0500][gc,heap        ] GC(8250) Heap after GC invocations=8251 (full 1687): garbage-first heap   total 66560K, used 43260K [0x0000000083000000, 0x0000000100000000)
[2020-12-15T13:06:45.256-0500][gc,heap        ] GC(8250)   region size 1024K, 0 young (0K), 0 survivors (0K)
[2020-12-15T13:06:45.256-0500][gc,heap        ] GC(8250)  Metaspace       used 49404K, capacity 51450K, committed 53248K, reserved 1093632K
[2020-12-15T13:06:45.256-0500][gc,heap        ] GC(8250)   class space    used 7386K, capacity 8097K, committed 8704K, reserved 1048576K
[2020-12-15T13:06:45.256-0500][gc             ] GC(8250) Pause Full (System.gc()) 43M->42M(65M) 65.288ms
[2020-12-15T13:06:45.256-0500][gc,cpu         ] GC(8250) User=0.29s Sys=0.00s Real=0.06s
[2020-12-15T13:07:42.998-0500][gc,heap        ] GC(8251) Heap before GC invocations=8251 (full 1687): garbage-first heap   total 66560K, used 54524K [0x0000000083000000, 0x0000000100000000)
[2020-12-15T13:07:42.998-0500][gc,heap        ] GC(8251)   region size 1024K, 12 young (12288K), 0 survivors (0K)
[2020-12-15T13:07:42.998-0500][gc,heap        ] GC(8251)  Metaspace       used 49404K, capacity 51450K, committed 53248K, reserved 1093632K
[2020-12-15T13:07:42.998-0500][gc,heap        ] GC(8251)   class space    used 7386K, capacity 8097K, committed 8704K, reserved 1048576K
[2020-12-15T13:07:42.998-0500][gc,start       ] GC(8251) Pause Young (Normal) (G1 Evacuation Pause)
[2020-12-15T13:07:42.998-0500][gc,task        ] GC(8251) Using 8 workers of 8 for evacuation
[2020-12-15T13:07:43.002-0500][gc,phases      ] GC(8251)   Pre Evacuate Collection Set: 0.0ms
[2020-12-15T13:07:43.002-0500][gc,phases      ] GC(8251)   Evacuate Collection Set: 1.3ms
[2020-12-15T13:07:43.002-0500][gc,phases      ] GC(8251)   Post Evacuate Collection Set: 3.0ms
[2020-12-15T13:07:43.003-0500][gc,phases      ] GC(8251)   Other: 0.4ms
[2020-12-15T13:07:43.003-0500][gc,heap        ] GC(8251) Eden regions: 12->0(11)
[2020-12-15T13:07:43.003-0500][gc,heap        ] GC(8251) Survivor regions: 0->1(2)
[2020-12-15T13:07:43.003-0500][gc,heap        ] GC(8251) Old regions: 41->41
[2020-12-15T13:07:43.003-0500][gc,heap        ] GC(8251) Humongous regions: 4->4
[2020-12-15T13:07:43.003-0500][gc,metaspace   ] GC(8251) Metaspace: 49404K->49404K(1093632K)
[2020-12-15T13:07:43.003-0500][gc,heap        ] GC(8251) Heap after GC invocations=8252 (full 1687): garbage-first heap   total 66560K, used 43314K [0x0000000083000000, 0x0000000100000000)
[2020-12-15T13:07:43.003-0500][gc,heap        ] GC(8251)   region size 1024K, 1 young (1024K), 1 survivors (1024K)
[2020-12-15T13:07:43.003-0500][gc,heap        ] GC(8251)  Metaspace       used 49404K, capacity 51450K, committed 53248K, reserved 1093632K
[2020-12-15T13:07:43.003-0500][gc,heap        ] GC(8251)   class space    used 7386K, capacity 8097K, committed 8704K, reserved 1048576K
[2020-12-15T13:07:43.003-0500][gc             ] GC(8251) Pause Young (Normal) (G1 Evacuation Pause) 54M->42M(65M) 4.876ms
[2020-12-15T13:07:43.003-0500][gc,cpu         ] GC(8251) User=0.01s Sys=0.01s Real=0.00s
[2020-12-15T13:08:35.591-0500][gc,heap        ] GC(8252) Heap before GC invocations=8252 (full 1687): garbage-first heap   total 66560K, used 53554K [0x0000000083000000, 0x0000000100000000)
[2020-12-15T13:08:35.591-0500][gc,heap        ] GC(8252)   region size 1024K, 12 young (12288K), 1 survivors (1024K)
[2020-12-15T13:08:35.591-0500][gc,heap        ] GC(8252)  Metaspace       used 49404K, capacity 51450K, committed 53248K, reserved 1093632K
[2020-12-15T13:08:35.591-0500][gc,heap        ] GC(8252)   class space    used 7386K, capacity 8097K, committed 8704K, reserved 1048576K
[2020-12-15T13:08:35.591-0500][gc,start       ] GC(8252) Pause Young (Normal) (G1 Evacuation Pause)
[2020-12-15T13:08:35.591-0500][gc,task        ] GC(8252) Using 8 workers of 8 for evacuation
[2020-12-15T13:08:35.596-0500][gc,phases      ] GC(8252)   Pre Evacuate Collection Set: 0.0ms
[2020-12-15T13:08:35.596-0500][gc,phases      ] GC(8252)   Evacuate Collection Set: 3.7ms
[2020-12-15T13:08:35.596-0500][gc,phases      ] GC(8252)   Post Evacuate Collection Set: 1.1ms
[2020-12-15T13:08:35.596-0500][gc,phases      ] GC(8252)   Other: 0.4ms
[2020-12-15T13:08:35.596-0500][gc,heap        ] GC(8252) Eden regions: 11->0(11)
[2020-12-15T13:08:35.596-0500][gc,heap        ] GC(8252) Survivor regions: 1->1(2)
[2020-12-15T13:08:35.596-0500][gc,heap        ] GC(8252) Old regions: 41->41
[2020-12-15T13:08:35.596-0500][gc,heap        ] GC(8252) Humongous regions: 4->4
[2020-12-15T13:08:35.596-0500][gc,metaspace   ] GC(8252) Metaspace: 49404K->49404K(1093632K)
[2020-12-15T13:08:35.596-0500][gc,heap        ] GC(8252) Heap after GC invocations=8253 (full 1687): garbage-first heap   total 66560K, used 43468K [0x0000000083000000, 0x0000000100000000)
[2020-12-15T13:08:35.596-0500][gc,heap        ] GC(8252)   region size 1024K, 1 young (1024K), 1 survivors (1024K)
[2020-12-15T13:08:35.596-0500][gc,heap        ] GC(8252)  Metaspace       used 49404K, capacity 51450K, committed 53248K, reserved 1093632K
[2020-12-15T13:08:35.596-0500][gc,heap        ] GC(8252)   class space    used 7386K, capacity 8097K, committed 8704K, reserved 1048576K
[2020-12-15T13:08:35.596-0500][gc             ] GC(8252) Pause Young (Normal) (G1 Evacuation Pause) 53M->42M(65M) 5.287ms
[2020-12-15T13:08:35.596-0500][gc,cpu         ] GC(8252) User=0.03s Sys=0.00s Real=0.00s
[2020-12-15T13:09:26.014-0500][gc,heap        ] GC(8253) Heap before GC invocations=8253 (full 1687): garbage-first heap   total 66560K, used 53708K [0x0000000083000000, 0x0000000100000000)
[2020-12-15T13:09:26.014-0500][gc,heap        ] GC(8253)   region size 1024K, 12 young (12288K), 1 survivors (1024K)
[2020-12-15T13:09:26.014-0500][gc,heap        ] GC(8253)  Metaspace       used 49404K, capacity 51450K, committed 53248K, reserved 1093632K
[2020-12-15T13:09:26.014-0500][gc,heap        ] GC(8253)   class space    used 7386K, capacity 8097K, committed 8704K, reserved 1048576K
[2020-12-15T13:09:26.014-0500][gc,start       ] GC(8253) Pause Young (Normal) (G1 Evacuation Pause)
[2020-12-15T13:09:26.014-0500][gc,task        ] GC(8253) Using 8 workers of 8 for evacuation
[2020-12-15T13:09:26.015-0500][gc,phases      ] GC(8253)   Pre Evacuate Collection Set: 0.0ms
[2020-12-15T13:09:26.015-0500][gc,phases      ] GC(8253)   Evacuate Collection Set: 0.4ms
[2020-12-15T13:09:26.015-0500][gc,phases      ] GC(8253)   Post Evacuate Collection Set: 0.9ms
[2020-12-15T13:09:26.015-0500][gc,phases      ] GC(8253)   Other: 0.2ms
[2020-12-15T13:09:26.015-0500][gc,heap        ] GC(8253) Eden regions: 11->0(11)
[2020-12-15T13:09:26.015-0500][gc,heap        ] GC(8253) Survivor regions: 1->1(2)
[2020-12-15T13:09:26.015-0500][gc,heap        ] GC(8253) Old regions: 41->41
[2020-12-15T13:09:26.015-0500][gc,heap        ] GC(8253) Humongous regions: 4->4
[2020-12-15T13:09:26.015-0500][gc,metaspace   ] GC(8253) Metaspace: 49404K->49404K(1093632K)
[2020-12-15T13:09:26.015-0500][gc,heap        ] GC(8253) Heap after GC invocations=8254 (full 1687): garbage-first heap   total 66560K, used 43362K [0x0000000083000000, 0x0000000100000000)
[2020-12-15T13:09:26.015-0500][gc,heap        ] GC(8253)   region size 1024K, 1 young (1024K), 1 survivors (1024K)
[2020-12-15T13:09:26.015-0500][gc,heap        ] GC(8253)  Metaspace       used 49404K, capacity 51450K, committed 53248K, reserved 1093632K
[2020-12-15T13:09:26.015-0500][gc,heap        ] GC(8253)   class space    used 7386K, capacity 8097K, committed 8704K, reserved 1048576K
[2020-12-15T13:09:26.015-0500][gc             ] GC(8253) Pause Young (Normal) (G1 Evacuation Pause) 53M->42M(65M) 1.551ms
[2020-12-15T13:09:26.015-0500][gc,cpu         ] GC(8253) User=0.00s Sys=0.00s Real=0.00s
[2020-12-15T13:10:25.588-0500][gc,heap        ] GC(8254) Heap before GC invocations=8254 (full 1687): garbage-first heap   total 66560K, used 53602K [0x0000000083000000, 0x0000000100000000)
[2020-12-15T13:10:25.589-0500][gc,heap        ] GC(8254)   region size 1024K, 12 young (12288K), 1 survivors (1024K)
[2020-12-15T13:10:25.589-0500][gc,heap        ] GC(8254)  Metaspace       used 49404K, capacity 51450K, committed 53248K, reserved 1093632K
[2020-12-15T13:10:25.589-0500][gc,heap        ] GC(8254)   class space    used 7386K, capacity 8097K, committed 8704K, reserved 1048576K
[2020-12-15T13:10:25.589-0500][gc,start       ] GC(8254) Pause Young (Normal) (G1 Evacuation Pause)
[2020-12-15T13:10:25.589-0500][gc,task        ] GC(8254) Using 8 workers of 8 for evacuation
[2020-12-15T13:10:25.600-0500][gc,phases      ] GC(8254)   Pre Evacuate Collection Set: 0.0ms
[2020-12-15T13:10:25.600-0500][gc,phases      ] GC(8254)   Evacuate Collection Set: 10.1ms
[2020-12-15T13:10:25.600-0500][gc,phases      ] GC(8254)   Post Evacuate Collection Set: 1.0ms
[2020-12-15T13:10:25.600-0500][gc,phases      ] GC(8254)   Other: 0.5ms
[2020-12-15T13:10:25.600-0500][gc,heap        ] GC(8254) Eden regions: 11->0(11)
[2020-12-15T13:10:25.600-0500][gc,heap        ] GC(8254) Survivor regions: 1->1(2)
[2020-12-15T13:10:25.600-0500][gc,heap        ] GC(8254) Old regions: 41->41
[2020-12-15T13:10:25.600-0500][gc,heap        ] GC(8254) Humongous regions: 4->4
[2020-12-15T13:10:25.600-0500][gc,metaspace   ] GC(8254) Metaspace: 49404K->49404K(1093632K)
[2020-12-15T13:10:25.600-0500][gc,heap        ] GC(8254) Heap after GC invocations=8255 (full 1687): garbage-first heap   total 66560K, used 43487K [0x0000000083000000, 0x0000000100000000)
[2020-12-15T13:10:25.600-0500][gc,heap        ] GC(8254)   region size 1024K, 1 young (1024K), 1 survivors (1024K)
[2020-12-15T13:10:25.600-0500][gc,heap        ] GC(8254)  Metaspace       used 49404K, capacity 51450K, committed 53248K, reserved 1093632K
[2020-12-15T13:10:25.600-0500][gc,heap        ] GC(8254)   class space    used 7386K, capacity 8097K, committed 8704K, reserved 1048576K
[2020-12-15T13:10:25.600-0500][gc             ] GC(8254) Pause Young (Normal) (G1 Evacuation Pause) 53M->42M(65M) 11.416ms
[2020-12-15T13:10:25.600-0500][gc,cpu         ] GC(8254) User=0.06s Sys=0.01s Real=0.01s
[2020-12-15T13:11:15.591-0500][gc,heap        ] GC(8255) Heap before GC invocations=8255 (full 1687): garbage-first heap   total 66560K, used 54751K [0x0000000083000000, 0x0000000100000000)
[2020-12-15T13:11:15.591-0500][gc,heap        ] GC(8255)   region size 1024K, 12 young (12288K), 1 survivors (1024K)
[2020-12-15T13:11:15.591-0500][gc,heap        ] GC(8255)  Metaspace       used 49404K, capacity 51450K, committed 53248K, reserved 1093632K
[2020-12-15T13:11:15.591-0500][gc,heap        ] GC(8255)   class space    used 7386K, capacity 8097K, committed 8704K, reserved 1048576K
[2020-12-15T13:11:15.591-0500][gc,start       ] GC(8255) Pause Young (Normal) (G1 Evacuation Pause)
[2020-12-15T13:11:15.591-0500][gc,task        ] GC(8255) Using 8 workers of 8 for evacuation
[2020-12-15T13:11:15.624-0500][gc,phases      ] GC(8255)   Pre Evacuate Collection Set: 0.0ms
[2020-12-15T13:11:15.624-0500][gc,phases      ] GC(8255)   Evacuate Collection Set: 32.5ms
[2020-12-15T13:11:15.624-0500][gc,phases      ] GC(8255)   Post Evacuate Collection Set: 0.9ms
[2020-12-15T13:11:15.624-0500][gc,phases      ] GC(8255)   Other: 0.4ms
[2020-12-15T13:11:15.624-0500][gc,heap        ] GC(8255) Eden regions: 11->0(11)
[2020-12-15T13:11:15.624-0500][gc,heap        ] GC(8255) Survivor regions: 1->1(2)
[2020-12-15T13:11:15.624-0500][gc,heap        ] GC(8255) Old regions: 41->41
[2020-12-15T13:11:15.624-0500][gc,heap        ] GC(8255) Humongous regions: 4->4
[2020-12-15T13:11:15.624-0500][gc,metaspace   ] GC(8255) Metaspace: 49404K->49404K(1093632K)
[2020-12-15T13:11:15.624-0500][gc,heap        ] GC(8255) Heap after GC invocations=8256 (full 1687): garbage-first heap   total 66560K, used 43545K [0x0000000083000000, 0x0000000100000000)
[2020-12-15T13:11:15.624-0500][gc,heap        ] GC(8255)   region size 1024K, 1 young (1024K), 1 survivors (1024K)
[2020-12-15T13:11:15.624-0500][gc,heap        ] GC(8255)  Metaspace       used 49404K, capacity 51450K, committed 53248K, reserved 1093632K
[2020-12-15T13:11:15.624-0500][gc,heap        ] GC(8255)   class space    used 7386K, capacity 8097K, committed 8704K, reserved 1048576K
[2020-12-15T13:11:15.625-0500][gc             ] GC(8255) Pause Young (Normal) (G1 Evacuation Pause) 53M->42M(65M) 33.724ms
[2020-12-15T13:11:15.625-0500][gc,cpu         ] GC(8255) User=0.22s Sys=0.04s Real=0.03s
[2020-12-15T13:11:45.191-0500][gc,task        ] GC(8256) Using 5 workers of 8 for full compaction
[2020-12-15T13:11:45.191-0500][gc,start       ] GC(8256) Pause Full (System.gc())
[2020-12-15T13:11:45.191-0500][gc,heap        ] GC(8256) Heap before GC invocations=8256 (full 1687): garbage-first heap   total 66560K, used 47641K [0x0000000083000000, 0x0000000100000000)
[2020-12-15T13:11:45.191-0500][gc,heap        ] GC(8256)   region size 1024K, 7 young (7168K), 1 survivors (1024K)
[2020-12-15T13:11:45.191-0500][gc,heap        ] GC(8256)  Metaspace       used 49404K, capacity 51450K, committed 53248K, reserved 1093632K
[2020-12-15T13:11:45.191-0500][gc,heap        ] GC(8256)   class space    used 7386K, capacity 8097K, committed 8704K, reserved 1048576K
[2020-12-15T13:11:45.192-0500][gc,phases,start] GC(8256) Phase 1: Mark live objects
[2020-12-15T13:11:45.225-0500][gc,stringtable ] GC(8256) Cleaned string and symbol table, strings: 32767 processed, 5 removed, symbols: 120723 processed, 0 removed
[2020-12-15T13:11:45.225-0500][gc,phases      ] GC(8256) Phase 1: Mark live objects 33.391ms
[2020-12-15T13:11:45.225-0500][gc,phases,start] GC(8256) Phase 2: Prepare for compaction
[2020-12-15T13:11:45.229-0500][gc,phases      ] GC(8256) Phase 2: Prepare for compaction 3.870ms
[2020-12-15T13:11:45.229-0500][gc,phases,start] GC(8256) Phase 3: Adjust pointers
[2020-12-15T13:11:45.239-0500][gc,phases      ] GC(8256) Phase 3: Adjust pointers 9.582ms
[2020-12-15T13:11:45.239-0500][gc,phases,start] GC(8256) Phase 4: Compact heap
[2020-12-15T13:11:45.242-0500][gc,phases      ] GC(8256) Phase 4: Compact heap 2.733ms
[2020-12-15T13:11:45.248-0500][gc,heap        ] GC(8256) Eden regions: 6->0(11)
[2020-12-15T13:11:45.248-0500][gc,heap        ] GC(8256) Survivor regions: 1->0(2)
[2020-12-15T13:11:45.248-0500][gc,heap        ] GC(8256) Old regions: 41->42
[2020-12-15T13:11:45.248-0500][gc,heap        ] GC(8256) Humongous regions: 4->4
[2020-12-15T13:11:45.248-0500][gc,metaspace   ] GC(8256) Metaspace: 49404K->49404K(1093632K)
[2020-12-15T13:11:45.248-0500][gc,heap        ] GC(8256) Heap after GC invocations=8257 (full 1688): garbage-first heap   total 66560K, used 43269K [0x0000000083000000, 0x0000000100000000)
[2020-12-15T13:11:45.248-0500][gc,heap        ] GC(8256)   region size 1024K, 0 young (0K), 0 survivors (0K)
[2020-12-15T13:11:45.248-0500][gc,heap        ] GC(8256)  Metaspace       used 49404K, capacity 51450K, committed 53248K, reserved 1093632K
[2020-12-15T13:11:45.248-0500][gc,heap        ] GC(8256)   class space    used 7386K, capacity 8097K, committed 8704K, reserved 1048576K
[2020-12-15T13:11:45.248-0500][gc             ] GC(8256) Pause Full (System.gc()) 47M->42M(65M) 56.490ms
[2020-12-15T13:11:45.248-0500][gc,cpu         ] GC(8256) User=0.24s Sys=0.00s Real=0.05s
[2020-12-15T13:12:35.590-0500][gc,heap        ] GC(8257) Heap before GC invocations=8257 (full 1688): garbage-first heap   total 66560K, used 53509K [0x0000000083000000, 0x0000000100000000)
[2020-12-15T13:12:35.590-0500][gc,heap        ] GC(8257)   region size 1024K, 11 young (11264K), 0 survivors (0K)
[2020-12-15T13:12:35.590-0500][gc,heap        ] GC(8257)  Metaspace       used 49404K, capacity 51450K, committed 53248K, reserved 1093632K
[2020-12-15T13:12:35.590-0500][gc,heap        ] GC(8257)   class space    used 7386K, capacity 8097K, committed 8704K, reserved 1048576K
[2020-12-15T13:12:35.590-0500][gc,start       ] GC(8257) Pause Young (Normal) (G1 Evacuation Pause)
[2020-12-15T13:12:35.590-0500][gc,task        ] GC(8257) Using 8 workers of 8 for evacuation
[2020-12-15T13:12:35.595-0500][gc,phases      ] GC(8257)   Pre Evacuate Collection Set: 0.0ms
[2020-12-15T13:12:35.595-0500][gc,phases      ] GC(8257)   Evacuate Collection Set: 1.6ms
[2020-12-15T13:12:35.595-0500][gc,phases      ] GC(8257)   Post Evacuate Collection Set: 3.2ms
[2020-12-15T13:12:35.595-0500][gc,phases      ] GC(8257)   Other: 0.5ms
[2020-12-15T13:12:35.595-0500][gc,heap        ] GC(8257) Eden regions: 11->0(10)
[2020-12-15T13:12:35.595-0500][gc,heap        ] GC(8257) Survivor regions: 0->1(2)
[2020-12-15T13:12:35.595-0500][gc,heap        ] GC(8257) Old regions: 42->42
[2020-12-15T13:12:35.595-0500][gc,heap        ] GC(8257) Humongous regions: 4->4
[2020-12-15T13:12:35.595-0500][gc,metaspace   ] GC(8257) Metaspace: 49404K->49404K(1093632K)
[2020-12-15T13:12:35.595-0500][gc,heap        ] GC(8257) Heap after GC invocations=8258 (full 1688): garbage-first heap   total 66560K, used 43500K [0x0000000083000000, 0x0000000100000000)
[2020-12-15T13:12:35.595-0500][gc,heap        ] GC(8257)   region size 1024K, 1 young (1024K), 1 survivors (1024K)
[2020-12-15T13:12:35.595-0500][gc,heap        ] GC(8257)  Metaspace       used 49404K, capacity 51450K, committed 53248K, reserved 1093632K
[2020-12-15T13:12:35.595-0500][gc,heap        ] GC(8257)   class space    used 7386K, capacity 8097K, committed 8704K, reserved 1048576K
[2020-12-15T13:12:35.595-0500][gc             ] GC(8257) Pause Young (Normal) (G1 Evacuation Pause) 53M->42M(65M) 5.430ms
[2020-12-15T13:12:35.595-0500][gc,cpu         ] GC(8257) User=0.01s Sys=0.01s Real=0.00s
[2020-12-15T13:13:25.586-0500][gc,heap        ] GC(8258) Heap before GC invocations=8258 (full 1688): garbage-first heap   total 66560K, used 52716K [0x0000000083000000, 0x0000000100000000)
[2020-12-15T13:13:25.586-0500][gc,heap        ] GC(8258)   region size 1024K, 11 young (11264K), 1 survivors (1024K)
[2020-12-15T13:13:25.586-0500][gc,heap        ] GC(8258)  Metaspace       used 49404K, capacity 51450K, committed 53248K, reserved 1093632K
[2020-12-15T13:13:25.586-0500][gc,heap        ] GC(8258)   class space    used 7386K, capacity 8097K, committed 8704K, reserved 1048576K
[2020-12-15T13:13:25.586-0500][gc,start       ] GC(8258) Pause Young (Normal) (G1 Evacuation Pause)
[2020-12-15T13:13:25.586-0500][gc,task        ] GC(8258) Using 8 workers of 8 for evacuation
[2020-12-15T13:13:25.591-0500][gc,phases      ] GC(8258)   Pre Evacuate Collection Set: 0.0ms
[2020-12-15T13:13:25.591-0500][gc,phases      ] GC(8258)   Evacuate Collection Set: 2.1ms
[2020-12-15T13:13:25.591-0500][gc,phases      ] GC(8258)   Post Evacuate Collection Set: 2.2ms
[2020-12-15T13:13:25.591-0500][gc,phases      ] GC(8258)   Other: 0.4ms
[2020-12-15T13:13:25.591-0500][gc,heap        ] GC(8258) Eden regions: 10->0(10)
[2020-12-15T13:13:25.591-0500][gc,heap        ] GC(8258) Survivor regions: 1->1(2)
[2020-12-15T13:13:25.591-0500][gc,heap        ] GC(8258) Old regions: 42->42
[2020-12-15T13:13:25.591-0500][gc,heap        ] GC(8258) Humongous regions: 4->4
[2020-12-15T13:13:25.591-0500][gc,metaspace   ] GC(8258) Metaspace: 49404K->49404K(1093632K)
[2020-12-15T13:13:25.591-0500][gc,heap        ] GC(8258) Heap after GC invocations=8259 (full 1688): garbage-first heap   total 66560K, used 43476K [0x0000000083000000, 0x0000000100000000)
[2020-12-15T13:13:25.591-0500][gc,heap        ] GC(8258)   region size 1024K, 1 young (1024K), 1 survivors (1024K)
[2020-12-15T13:13:25.591-0500][gc,heap        ] GC(8258)  Metaspace       used 49404K, capacity 51450K, committed 53248K, reserved 1093632K
[2020-12-15T13:13:25.591-0500][gc,heap        ] GC(8258)   class space    used 7386K, capacity 8097K, committed 8704K, reserved 1048576K
[2020-12-15T13:13:25.591-0500][gc             ] GC(8258) Pause Young (Normal) (G1 Evacuation Pause) 52M->42M(65M) 4.893ms
[2020-12-15T13:13:25.591-0500][gc,cpu         ] GC(8258) User=0.01s Sys=0.01s Real=0.01s
[2020-12-15T13:14:15.589-0500][gc,heap        ] GC(8259) Heap before GC invocations=8259 (full 1688): garbage-first heap   total 66560K, used 52692K [0x0000000083000000, 0x0000000100000000)
[2020-12-15T13:14:15.589-0500][gc,heap        ] GC(8259)   region size 1024K, 11 young (11264K), 1 survivors (1024K)
[2020-12-15T13:14:15.589-0500][gc,heap        ] GC(8259)  Metaspace       used 49404K, capacity 51450K, committed 53248K, reserved 1093632K
[2020-12-15T13:14:15.589-0500][gc,heap        ] GC(8259)   class space    used 7386K, capacity 8097K, committed 8704K, reserved 1048576K
[2020-12-15T13:14:15.589-0500][gc,start       ] GC(8259) Pause Young (Normal) (G1 Evacuation Pause)
[2020-12-15T13:14:15.589-0500][gc,task        ] GC(8259) Using 8 workers of 8 for evacuation
[2020-12-15T13:14:15.604-0500][gc,phases      ] GC(8259)   Pre Evacuate Collection Set: 0.0ms
[2020-12-15T13:14:15.604-0500][gc,phases      ] GC(8259)   Evacuate Collection Set: 6.8ms
[2020-12-15T13:14:15.604-0500][gc,phases      ] GC(8259)   Post Evacuate Collection Set: 8.2ms
[2020-12-15T13:14:15.604-0500][gc,phases      ] GC(8259)   Other: 0.7ms
[2020-12-15T13:14:15.604-0500][gc,heap        ] GC(8259) Eden regions: 10->0(10)
[2020-12-15T13:14:15.604-0500][gc,heap        ] GC(8259) Survivor regions: 1->1(2)
[2020-12-15T13:14:15.604-0500][gc,heap        ] GC(8259) Old regions: 42->42
[2020-12-15T13:14:15.605-0500][gc,heap        ] GC(8259) Humongous regions: 4->4
[2020-12-15T13:14:15.605-0500][gc,metaspace   ] GC(8259) Metaspace: 49404K->49404K(1093632K)
[2020-12-15T13:14:15.605-0500][gc,heap        ] GC(8259) Heap after GC invocations=8260 (full 1688): garbage-first heap   total 66560K, used 43426K [0x0000000083000000, 0x0000000100000000)
[2020-12-15T13:14:15.605-0500][gc,heap        ] GC(8259)   region size 1024K, 1 young (1024K), 1 survivors (1024K)
[2020-12-15T13:14:15.605-0500][gc,heap        ] GC(8259)  Metaspace       used 49404K, capacity 51450K, committed 53248K, reserved 1093632K
[2020-12-15T13:14:15.605-0500][gc,heap        ] GC(8259)   class space    used 7386K, capacity 8097K, committed 8704K, reserved 1048576K
[2020-12-15T13:14:15.605-0500][gc             ] GC(8259) Pause Young (Normal) (G1 Evacuation Pause) 52M->42M(65M) 15.848ms
[2020-12-15T13:14:15.605-0500][gc,cpu         ] GC(8259) User=0.06s Sys=0.00s Real=0.01s
[2020-12-15T13:15:05.580-0500][gc,heap        ] GC(8260) Heap before GC invocations=8260 (full 1688): garbage-first heap   total 66560K, used 53666K [0x0000000083000000, 0x0000000100000000)
[2020-12-15T13:15:05.580-0500][gc,heap        ] GC(8260)   region size 1024K, 11 young (11264K), 1 survivors (1024K)
[2020-12-15T13:15:05.580-0500][gc,heap        ] GC(8260)  Metaspace       used 49404K, capacity 51450K, committed 53248K, reserved 1093632K
[2020-12-15T13:15:05.580-0500][gc,heap        ] GC(8260)   class space    used 7386K, capacity 8097K, committed 8704K, reserved 1048576K
[2020-12-15T13:15:05.580-0500][gc,start       ] GC(8260) Pause Young (Normal) (G1 Evacuation Pause)
[2020-12-15T13:15:05.580-0500][gc,task        ] GC(8260) Using 8 workers of 8 for evacuation
[2020-12-15T13:15:05.582-0500][gc,phases      ] GC(8260)   Pre Evacuate Collection Set: 0.0ms
[2020-12-15T13:15:05.582-0500][gc,phases      ] GC(8260)   Evacuate Collection Set: 0.8ms
[2020-12-15T13:15:05.582-0500][gc,phases      ] GC(8260)   Post Evacuate Collection Set: 0.9ms
[2020-12-15T13:15:05.582-0500][gc,phases      ] GC(8260)   Other: 0.3ms
[2020-12-15T13:15:05.582-0500][gc,heap        ] GC(8260) Eden regions: 10->0(10)
[2020-12-15T13:15:05.582-0500][gc,heap        ] GC(8260) Survivor regions: 1->1(2)
[2020-12-15T13:15:05.582-0500][gc,heap        ] GC(8260) Old regions: 42->42
[2020-12-15T13:15:05.582-0500][gc,heap        ] GC(8260) Humongous regions: 4->4
[2020-12-15T13:15:05.582-0500][gc,metaspace   ] GC(8260) Metaspace: 49404K->49404K(1093632K)
[2020-12-15T13:15:05.582-0500][gc,heap        ] GC(8260) Heap after GC invocations=8261 (full 1688): garbage-first heap   total 66560K, used 43393K [0x0000000083000000, 0x0000000100000000)
[2020-12-15T13:15:05.582-0500][gc,heap        ] GC(8260)   region size 1024K, 1 young (1024K), 1 survivors (1024K)
[2020-12-15T13:15:05.583-0500][gc,heap        ] GC(8260)  Metaspace       used 49404K, capacity 51450K, committed 53248K, reserved 1093632K
[2020-12-15T13:15:05.583-0500][gc,heap        ] GC(8260)   class space    used 7386K, capacity 8097K, committed 8704K, reserved 1048576K
[2020-12-15T13:15:05.583-0500][gc             ] GC(8260) Pause Young (Normal) (G1 Evacuation Pause) 52M->42M(65M) 2.289ms
[2020-12-15T13:15:05.583-0500][gc,cpu         ] GC(8260) User=0.00s Sys=0.01s Real=0.00s
[2020-12-15T13:15:55.580-0500][gc,heap        ] GC(8261) Heap before GC invocations=8261 (full 1688): garbage-first heap   total 66560K, used 52609K [0x0000000083000000, 0x0000000100000000)
[2020-12-15T13:15:55.581-0500][gc,heap        ] GC(8261)   region size 1024K, 11 young (11264K), 1 survivors (1024K)
[2020-12-15T13:15:55.581-0500][gc,heap        ] GC(8261)  Metaspace       used 49404K, capacity 51450K, committed 53248K, reserved 1093632K
[2020-12-15T13:15:55.581-0500][gc,heap        ] GC(8261)   class space    used 7386K, capacity 8097K, committed 8704K, reserved 1048576K
[2020-12-15T13:15:55.581-0500][gc,start       ] GC(8261) Pause Young (Normal) (G1 Evacuation Pause)
[2020-12-15T13:15:55.581-0500][gc,task        ] GC(8261) Using 8 workers of 8 for evacuation
[2020-12-15T13:15:55.584-0500][gc,phases      ] GC(8261)   Pre Evacuate Collection Set: 0.0ms
[2020-12-15T13:15:55.584-0500][gc,phases      ] GC(8261)   Evacuate Collection Set: 0.9ms
[2020-12-15T13:15:55.584-0500][gc,phases      ] GC(8261)   Post Evacuate Collection Set: 1.8ms
[2020-12-15T13:15:55.584-0500][gc,phases      ] GC(8261)   Other: 0.5ms
[2020-12-15T13:15:55.584-0500][gc,heap        ] GC(8261) Eden regions: 10->0(10)
[2020-12-15T13:15:55.584-0500][gc,heap        ] GC(8261) Survivor regions: 1->1(2)
[2020-12-15T13:15:55.584-0500][gc,heap        ] GC(8261) Old regions: 42->42
[2020-12-15T13:15:55.584-0500][gc,heap        ] GC(8261) Humongous regions: 4->4
[2020-12-15T13:15:55.584-0500][gc,metaspace   ] GC(8261) Metaspace: 49404K->49404K(1093632K)
[2020-12-15T13:15:55.584-0500][gc,heap        ] GC(8261) Heap after GC invocations=8262 (full 1688): garbage-first heap   total 66560K, used 43377K [0x0000000083000000, 0x0000000100000000)
[2020-12-15T13:15:55.584-0500][gc,heap        ] GC(8261)   region size 1024K, 1 young (1024K), 1 survivors (1024K)
[2020-12-15T13:15:55.584-0500][gc,heap        ] GC(8261)  Metaspace       used 49404K, capacity 51450K, committed 53248K, reserved 1093632K
[2020-12-15T13:15:55.584-0500][gc,heap        ] GC(8261)   class space    used 7386K, capacity 8097K, committed 8704K, reserved 1048576K
[2020-12-15T13:15:55.584-0500][gc             ] GC(8261) Pause Young (Normal) (G1 Evacuation Pause) 52M->42M(65M) 3.259ms
[2020-12-15T13:15:55.584-0500][gc,cpu         ] GC(8261) User=0.00s Sys=0.01s Real=0.00s
[2020-12-15T13:16:37.286-0500][gc,heap        ] GC(8262) Heap before GC invocations=8262 (full 1688): garbage-first heap   total 66560K, used 52593K [0x0000000083000000, 0x0000000100000000)
[2020-12-15T13:16:37.286-0500][gc,heap        ] GC(8262)   region size 1024K, 11 young (11264K), 1 survivors (1024K)
[2020-12-15T13:16:37.286-0500][gc,heap        ] GC(8262)  Metaspace       used 49404K, capacity 51450K, committed 53248K, reserved 1093632K
[2020-12-15T13:16:37.286-0500][gc,heap        ] GC(8262)   class space    used 7386K, capacity 8097K, committed 8704K, reserved 1048576K
[2020-12-15T13:16:37.286-0500][gc,start       ] GC(8262) Pause Young (Normal) (G1 Evacuation Pause)
[2020-12-15T13:16:37.286-0500][gc,task        ] GC(8262) Using 8 workers of 8 for evacuation
[2020-12-15T13:16:37.288-0500][gc,phases      ] GC(8262)   Pre Evacuate Collection Set: 0.0ms
[2020-12-15T13:16:37.288-0500][gc,phases      ] GC(8262)   Evacuate Collection Set: 1.1ms
[2020-12-15T13:16:37.288-0500][gc,phases      ] GC(8262)   Post Evacuate Collection Set: 1.1ms
[2020-12-15T13:16:37.288-0500][gc,phases      ] GC(8262)   Other: 0.3ms
[2020-12-15T13:16:37.288-0500][gc,heap        ] GC(8262) Eden regions: 10->0(10)
[2020-12-15T13:16:37.288-0500][gc,heap        ] GC(8262) Survivor regions: 1->1(2)
[2020-12-15T13:16:37.288-0500][gc,heap        ] GC(8262) Old regions: 42->42
[2020-12-15T13:16:37.288-0500][gc,heap        ] GC(8262) Humongous regions: 4->4
[2020-12-15T13:16:37.288-0500][gc,metaspace   ] GC(8262) Metaspace: 49404K->49404K(1093632K)
[2020-12-15T13:16:37.288-0500][gc,heap        ] GC(8262) Heap after GC invocations=8263 (full 1688): garbage-first heap   total 66560K, used 43392K [0x0000000083000000, 0x0000000100000000)
[2020-12-15T13:16:37.288-0500][gc,heap        ] GC(8262)   region size 1024K, 1 young (1024K), 1 survivors (1024K)
[2020-12-15T13:16:37.288-0500][gc,heap        ] GC(8262)  Metaspace       used 49404K, capacity 51450K, committed 53248K, reserved 1093632K
[2020-12-15T13:16:37.288-0500][gc,heap        ] GC(8262)   class space    used 7386K, capacity 8097K, committed 8704K, reserved 1048576K
[2020-12-15T13:16:37.288-0500][gc             ] GC(8262) Pause Young (Normal) (G1 Evacuation Pause) 52M->42M(65M) 2.453ms
[2020-12-15T13:16:37.288-0500][gc,cpu         ] GC(8262) User=0.01s Sys=0.00s Real=0.01s
[2020-12-15T13:16:45.189-0500][gc,task        ] GC(8263) Using 5 workers of 8 for full compaction
[2020-12-15T13:16:45.189-0500][gc,start       ] GC(8263) Pause Full (System.gc())
[2020-12-15T13:16:45.189-0500][gc,heap        ] GC(8263) Heap before GC invocations=8263 (full 1688): garbage-first heap   total 66560K, used 43392K [0x0000000083000000, 0x0000000100000000)
[2020-12-15T13:16:45.189-0500][gc,heap        ] GC(8263)   region size 1024K, 2 young (2048K), 1 survivors (1024K)
[2020-12-15T13:16:45.189-0500][gc,heap        ] GC(8263)  Metaspace       used 49404K, capacity 51450K, committed 53248K, reserved 1093632K
[2020-12-15T13:16:45.189-0500][gc,heap        ] GC(8263)   class space    used 7386K, capacity 8097K, committed 8704K, reserved 1048576K
[2020-12-15T13:16:45.190-0500][gc,phases,start] GC(8263) Phase 1: Mark live objects
[2020-12-15T13:16:45.222-0500][gc,stringtable ] GC(8263) Cleaned string and symbol table, strings: 32767 processed, 5 removed, symbols: 120723 processed, 0 removed
[2020-12-15T13:16:45.222-0500][gc,phases      ] GC(8263) Phase 1: Mark live objects 32.114ms
[2020-12-15T13:16:45.222-0500][gc,phases,start] GC(8263) Phase 2: Prepare for compaction
[2020-12-15T13:16:45.226-0500][gc,phases      ] GC(8263) Phase 2: Prepare for compaction 4.159ms
[2020-12-15T13:16:45.226-0500][gc,phases,start] GC(8263) Phase 3: Adjust pointers
[2020-12-15T13:16:45.238-0500][gc,phases      ] GC(8263) Phase 3: Adjust pointers 11.608ms
[2020-12-15T13:16:45.238-0500][gc,phases,start] GC(8263) Phase 4: Compact heap
[2020-12-15T13:16:45.241-0500][gc,phases      ] GC(8263) Phase 4: Compact heap 3.053ms
[2020-12-15T13:16:45.248-0500][gc,heap        ] GC(8263) Eden regions: 1->0(11)
[2020-12-15T13:16:45.248-0500][gc,heap        ] GC(8263) Survivor regions: 1->0(2)
[2020-12-15T13:16:45.248-0500][gc,heap        ] GC(8263) Old regions: 42->40
[2020-12-15T13:16:45.248-0500][gc,heap        ] GC(8263) Humongous regions: 4->4
[2020-12-15T13:16:45.248-0500][gc,metaspace   ] GC(8263) Metaspace: 49404K->49404K(1093632K)
[2020-12-15T13:16:45.248-0500][gc,heap        ] GC(8263) Heap after GC invocations=8264 (full 1689): garbage-first heap   total 64512K, used 43258K [0x0000000083000000, 0x0000000100000000)
[2020-12-15T13:16:45.248-0500][gc,heap        ] GC(8263)   region size 1024K, 0 young (0K), 0 survivors (0K)
[2020-12-15T13:16:45.248-0500][gc,heap        ] GC(8263)  Metaspace       used 49404K, capacity 51450K, committed 53248K, reserved 1093632K
[2020-12-15T13:16:45.248-0500][gc,heap        ] GC(8263)   class space    used 7386K, capacity 8097K, committed 8704K, reserved 1048576K
[2020-12-15T13:16:45.248-0500][gc             ] GC(8263) Pause Full (System.gc()) 42M->42M(63M) 58.752ms
[2020-12-15T13:16:45.248-0500][gc,cpu         ] GC(8263) User=0.25s Sys=0.00s Real=0.06s
[2020-12-15T13:17:35.589-0500][gc,heap        ] GC(8264) Heap before GC invocations=8264 (full 1689): garbage-first heap   total 64512K, used 53498K [0x0000000083000000, 0x0000000100000000)
[2020-12-15T13:17:35.589-0500][gc,heap        ] GC(8264)   region size 1024K, 11 young (11264K), 0 survivors (0K)
[2020-12-15T13:17:35.590-0500][gc,heap        ] GC(8264)  Metaspace       used 49404K, capacity 51450K, committed 53248K, reserved 1093632K
[2020-12-15T13:17:35.590-0500][gc,heap        ] GC(8264)   class space    used 7386K, capacity 8097K, committed 8704K, reserved 1048576K
[2020-12-15T13:17:35.590-0500][gc,start       ] GC(8264) Pause Young (Normal) (G1 Evacuation Pause)
[2020-12-15T13:17:35.590-0500][gc,task        ] GC(8264) Using 8 workers of 8 for evacuation
[2020-12-15T13:17:35.601-0500][gc,phases      ] GC(8264)   Pre Evacuate Collection Set: 0.0ms
[2020-12-15T13:17:35.601-0500][gc,phases      ] GC(8264)   Evacuate Collection Set: 2.6ms
[2020-12-15T13:17:35.601-0500][gc,phases      ] GC(8264)   Post Evacuate Collection Set: 8.1ms
[2020-12-15T13:17:35.601-0500][gc,phases      ] GC(8264)   Other: 0.5ms
[2020-12-15T13:17:35.601-0500][gc,heap        ] GC(8264) Eden regions: 11->0(10)
[2020-12-15T13:17:35.601-0500][gc,heap        ] GC(8264) Survivor regions: 0->1(2)
[2020-12-15T13:17:35.601-0500][gc,heap        ] GC(8264) Old regions: 40->40
[2020-12-15T13:17:35.601-0500][gc,heap        ] GC(8264) Humongous regions: 4->4
[2020-12-15T13:17:35.601-0500][gc,metaspace   ] GC(8264) Metaspace: 49404K->49404K(1093632K)
[2020-12-15T13:17:35.601-0500][gc,heap        ] GC(8264) Heap after GC invocations=8265 (full 1689): garbage-first heap   total 64512K, used 43457K [0x0000000083000000, 0x0000000100000000)
[2020-12-15T13:17:35.601-0500][gc,heap        ] GC(8264)   region size 1024K, 1 young (1024K), 1 survivors (1024K)
[2020-12-15T13:17:35.601-0500][gc,heap        ] GC(8264)  Metaspace       used 49404K, capacity 51450K, committed 53248K, reserved 1093632K
[2020-12-15T13:17:35.601-0500][gc,heap        ] GC(8264)   class space    used 7386K, capacity 8097K, committed 8704K, reserved 1048576K
[2020-12-15T13:17:35.601-0500][gc             ] GC(8264) Pause Young (Normal) (G1 Evacuation Pause) 53M->42M(63M) 11.574ms
[2020-12-15T13:17:35.601-0500][gc,cpu         ] GC(8264) User=0.05s Sys=0.00s Real=0.01s
[2020-12-15T13:18:25.583-0500][gc,heap        ] GC(8265) Heap before GC invocations=8265 (full 1689): garbage-first heap   total 64512K, used 52673K [0x0000000083000000, 0x0000000100000000)
[2020-12-15T13:18:25.583-0500][gc,heap        ] GC(8265)   region size 1024K, 11 young (11264K), 1 survivors (1024K)
[2020-12-15T13:18:25.583-0500][gc,heap        ] GC(8265)  Metaspace       used 49404K, capacity 51450K, committed 53248K, reserved 1093632K
[2020-12-15T13:18:25.583-0500][gc,heap        ] GC(8265)   class space    used 7386K, capacity 8097K, committed 8704K, reserved 1048576K
[2020-12-15T13:18:25.583-0500][gc,start       ] GC(8265) Pause Young (Normal) (G1 Evacuation Pause)
[2020-12-15T13:18:25.583-0500][gc,task        ] GC(8265) Using 8 workers of 8 for evacuation
[2020-12-15T13:18:25.588-0500][gc,phases      ] GC(8265)   Pre Evacuate Collection Set: 0.0ms
[2020-12-15T13:18:25.588-0500][gc,phases      ] GC(8265)   Evacuate Collection Set: 1.0ms
[2020-12-15T13:18:25.588-0500][gc,phases      ] GC(8265)   Post Evacuate Collection Set: 3.7ms
[2020-12-15T13:18:25.588-0500][gc,phases      ] GC(8265)   Other: 0.3ms
[2020-12-15T13:18:25.588-0500][gc,heap        ] GC(8265) Eden regions: 10->0(10)
[2020-12-15T13:18:25.588-0500][gc,heap        ] GC(8265) Survivor regions: 1->1(2)
[2020-12-15T13:18:25.588-0500][gc,heap        ] GC(8265) Old regions: 40->40
[2020-12-15T13:18:25.588-0500][gc,heap        ] GC(8265) Humongous regions: 4->4
[2020-12-15T13:18:25.588-0500][gc,metaspace   ] GC(8265) Metaspace: 49404K->49404K(1093632K)
[2020-12-15T13:18:25.588-0500][gc,heap        ] GC(8265) Heap after GC invocations=8266 (full 1689): garbage-first heap   total 64512K, used 43472K [0x0000000083000000, 0x0000000100000000)
[2020-12-15T13:18:25.588-0500][gc,heap        ] GC(8265)   region size 1024K, 1 young (1024K), 1 survivors (1024K)
[2020-12-15T13:18:25.588-0500][gc,heap        ] GC(8265)  Metaspace       used 49404K, capacity 51450K, committed 53248K, reserved 1093632K
[2020-12-15T13:18:25.588-0500][gc,heap        ] GC(8265)   class space    used 7386K, capacity 8097K, committed 8704K, reserved 1048576K
[2020-12-15T13:18:25.588-0500][gc             ] GC(8265) Pause Young (Normal) (G1 Evacuation Pause) 52M->42M(63M) 5.043ms
[2020-12-15T13:18:25.588-0500][gc,cpu         ] GC(8265) User=0.02s Sys=0.01s Real=0.01s
[2020-12-15T13:19:15.600-0500][gc,heap        ] GC(8266) Heap before GC invocations=8266 (full 1689): garbage-first heap   total 64512K, used 52688K [0x0000000083000000, 0x0000000100000000)
[2020-12-15T13:19:15.600-0500][gc,heap        ] GC(8266)   region size 1024K, 11 young (11264K), 1 survivors (1024K)
[2020-12-15T13:19:15.601-0500][gc,heap        ] GC(8266)  Metaspace       used 49404K, capacity 51450K, committed 53248K, reserved 1093632K
[2020-12-15T13:19:15.601-0500][gc,heap        ] GC(8266)   class space    used 7386K, capacity 8097K, committed 8704K, reserved 1048576K
[2020-12-15T13:19:15.601-0500][gc,start       ] GC(8266) Pause Young (Normal) (G1 Evacuation Pause)
[2020-12-15T13:19:15.601-0500][gc,task        ] GC(8266) Using 8 workers of 8 for evacuation
[2020-12-15T13:19:15.628-0500][gc,phases      ] GC(8266)   Pre Evacuate Collection Set: 0.0ms
[2020-12-15T13:19:15.628-0500][gc,phases      ] GC(8266)   Evacuate Collection Set: 17.3ms
[2020-12-15T13:19:15.628-0500][gc,phases      ] GC(8266)   Post Evacuate Collection Set: 9.9ms
[2020-12-15T13:19:15.628-0500][gc,phases      ] GC(8266)   Other: 0.7ms
[2020-12-15T13:19:15.628-0500][gc,heap        ] GC(8266) Eden regions: 10->0(10)
[2020-12-15T13:19:15.628-0500][gc,heap        ] GC(8266) Survivor regions: 1->1(2)
[2020-12-15T13:19:15.628-0500][gc,heap        ] GC(8266) Old regions: 40->40
[2020-12-15T13:19:15.628-0500][gc,heap        ] GC(8266) Humongous regions: 4->4
[2020-12-15T13:19:15.628-0500][gc,metaspace   ] GC(8266) Metaspace: 49404K->49404K(1093632K)
[2020-12-15T13:19:15.628-0500][gc,heap        ] GC(8266) Heap after GC invocations=8267 (full 1689): garbage-first heap   total 64512K, used 43483K [0x0000000083000000, 0x0000000100000000)
[2020-12-15T13:19:15.628-0500][gc,heap        ] GC(8266)   region size 1024K, 1 young (1024K), 1 survivors (1024K)
[2020-12-15T13:19:15.628-0500][gc,heap        ] GC(8266)  Metaspace       used 49404K, capacity 51450K, committed 53248K, reserved 1093632K
[2020-12-15T13:19:15.628-0500][gc,heap        ] GC(8266)   class space    used 7386K, capacity 8097K, committed 8704K, reserved 1048576K
[2020-12-15T13:19:15.629-0500][gc             ] GC(8266) Pause Young (Normal) (G1 Evacuation Pause) 52M->42M(63M) 27.885ms
[2020-12-15T13:19:15.629-0500][gc,cpu         ] GC(8266) User=0.16s Sys=0.00s Real=0.03s
[2020-12-15T13:20:03.988-0500][gc,heap        ] GC(8267) Heap before GC invocations=8267 (full 1689): garbage-first heap   total 64512K, used 53723K [0x0000000083000000, 0x0000000100000000)
[2020-12-15T13:20:03.988-0500][gc,heap        ] GC(8267)   region size 1024K, 11 young (11264K), 1 survivors (1024K)
[2020-12-15T13:20:03.988-0500][gc,heap        ] GC(8267)  Metaspace       used 49404K, capacity 51450K, committed 53248K, reserved 1093632K
[2020-12-15T13:20:03.988-0500][gc,heap        ] GC(8267)   class space    used 7386K, capacity 8097K, committed 8704K, reserved 1048576K
[2020-12-15T13:20:03.988-0500][gc,start       ] GC(8267) Pause Young (Normal) (G1 Evacuation Pause)
[2020-12-15T13:20:03.988-0500][gc,task        ] GC(8267) Using 8 workers of 8 for evacuation
[2020-12-15T13:20:03.990-0500][gc,phases      ] GC(8267)   Pre Evacuate Collection Set: 0.0ms
[2020-12-15T13:20:03.990-0500][gc,phases      ] GC(8267)   Evacuate Collection Set: 0.9ms
[2020-12-15T13:20:03.990-0500][gc,phases      ] GC(8267)   Post Evacuate Collection Set: 1.3ms
[2020-12-15T13:20:03.991-0500][gc,phases      ] GC(8267)   Other: 0.2ms
[2020-12-15T13:20:03.991-0500][gc,heap        ] GC(8267) Eden regions: 10->0(10)
[2020-12-15T13:20:03.991-0500][gc,heap        ] GC(8267) Survivor regions: 1->1(2)
[2020-12-15T13:20:03.991-0500][gc,heap        ] GC(8267) Old regions: 40->40
[2020-12-15T13:20:03.991-0500][gc,heap        ] GC(8267) Humongous regions: 4->4
[2020-12-15T13:20:03.991-0500][gc,metaspace   ] GC(8267) Metaspace: 49404K->49404K(1093632K)
[2020-12-15T13:20:03.991-0500][gc,heap        ] GC(8267) Heap after GC invocations=8268 (full 1689): garbage-first heap   total 64512K, used 43372K [0x0000000083000000, 0x0000000100000000)
[2020-12-15T13:20:03.991-0500][gc,heap        ] GC(8267)   region size 1024K, 1 young (1024K), 1 survivors (1024K)
[2020-12-15T13:20:03.991-0500][gc,heap        ] GC(8267)  Metaspace       used 49404K, capacity 51450K, committed 53248K, reserved 1093632K
[2020-12-15T13:20:03.991-0500][gc,heap        ] GC(8267)   class space    used 7386K, capacity 8097K, committed 8704K, reserved 1048576K
[2020-12-15T13:20:03.991-0500][gc             ] GC(8267) Pause Young (Normal) (G1 Evacuation Pause) 52M->42M(63M) 2.441ms
[2020-12-15T13:20:03.991-0500][gc,cpu         ] GC(8267) User=0.00s Sys=0.00s Real=0.00s
[2020-12-15T13:20:46.011-0500][gc,heap        ] GC(8268) Heap before GC invocations=8268 (full 1689): garbage-first heap   total 64512K, used 52588K [0x0000000083000000, 0x0000000100000000)
[2020-12-15T13:20:46.011-0500][gc,heap        ] GC(8268)   region size 1024K, 11 young (11264K), 1 survivors (1024K)
[2020-12-15T13:20:46.011-0500][gc,heap        ] GC(8268)  Metaspace       used 49404K, capacity 51450K, committed 53248K, reserved 1093632K
[2020-12-15T13:20:46.011-0500][gc,heap        ] GC(8268)   class space    used 7386K, capacity 8097K, committed 8704K, reserved 1048576K
[2020-12-15T13:20:46.011-0500][gc,start       ] GC(8268) Pause Young (Normal) (G1 Evacuation Pause)
[2020-12-15T13:20:46.011-0500][gc,task        ] GC(8268) Using 8 workers of 8 for evacuation
[2020-12-15T13:20:46.017-0500][gc,phases      ] GC(8268)   Pre Evacuate Collection Set: 0.0ms
[2020-12-15T13:20:46.017-0500][gc,phases      ] GC(8268)   Evacuate Collection Set: 1.0ms
[2020-12-15T13:20:46.017-0500][gc,phases      ] GC(8268)   Post Evacuate Collection Set: 4.4ms
[2020-12-15T13:20:46.017-0500][gc,phases      ] GC(8268)   Other: 0.3ms
[2020-12-15T13:20:46.017-0500][gc,heap        ] GC(8268) Eden regions: 10->0(10)
[2020-12-15T13:20:46.017-0500][gc,heap        ] GC(8268) Survivor regions: 1->1(2)
[2020-12-15T13:20:46.017-0500][gc,heap        ] GC(8268) Old regions: 40->40
[2020-12-15T13:20:46.017-0500][gc,heap        ] GC(8268) Humongous regions: 4->4
[2020-12-15T13:20:46.017-0500][gc,metaspace   ] GC(8268) Metaspace: 49404K->49404K(1093632K)
[2020-12-15T13:20:46.017-0500][gc,heap        ] GC(8268) Heap after GC invocations=8269 (full 1689): garbage-first heap   total 64512K, used 43360K [0x0000000083000000, 0x0000000100000000)
[2020-12-15T13:20:46.017-0500][gc,heap        ] GC(8268)   region size 1024K, 1 young (1024K), 1 survivors (1024K)
[2020-12-15T13:20:46.017-0500][gc,heap        ] GC(8268)  Metaspace       used 49404K, capacity 51450K, committed 53248K, reserved 1093632K
[2020-12-15T13:20:46.017-0500][gc,heap        ] GC(8268)   class space    used 7386K, capacity 8097K, committed 8704K, reserved 1048576K
[2020-12-15T13:20:46.017-0500][gc             ] GC(8268) Pause Young (Normal) (G1 Evacuation Pause) 52M->42M(63M) 5.858ms
[2020-12-15T13:20:46.017-0500][gc,cpu         ] GC(8268) User=0.03s Sys=0.00s Real=0.00s
[2020-12-15T13:21:35.588-0500][gc,heap        ] GC(8269) Heap before GC invocations=8269 (full 1689): garbage-first heap   total 64512K, used 52576K [0x0000000083000000, 0x0000000100000000)
[2020-12-15T13:21:35.588-0500][gc,heap        ] GC(8269)   region size 1024K, 11 young (11264K), 1 survivors (1024K)
[2020-12-15T13:21:35.588-0500][gc,heap        ] GC(8269)  Metaspace       used 49404K, capacity 51450K, committed 53248K, reserved 1093632K
[2020-12-15T13:21:35.589-0500][gc,heap        ] GC(8269)   class space    used 7386K, capacity 8097K, committed 8704K, reserved 1048576K
[2020-12-15T13:21:35.589-0500][gc,start       ] GC(8269) Pause Young (Normal) (G1 Evacuation Pause)
[2020-12-15T13:21:35.589-0500][gc,task        ] GC(8269) Using 8 workers of 8 for evacuation
[2020-12-15T13:21:35.593-0500][gc,phases      ] GC(8269)   Pre Evacuate Collection Set: 0.0ms
[2020-12-15T13:21:35.594-0500][gc,phases      ] GC(8269)   Evacuate Collection Set: 1.1ms
[2020-12-15T13:21:35.594-0500][gc,phases      ] GC(8269)   Post Evacuate Collection Set: 3.7ms
[2020-12-15T13:21:35.594-0500][gc,phases      ] GC(8269)   Other: 0.4ms
[2020-12-15T13:21:35.594-0500][gc,heap        ] GC(8269) Eden regions: 10->0(10)
[2020-12-15T13:21:35.594-0500][gc,heap        ] GC(8269) Survivor regions: 1->1(2)
[2020-12-15T13:21:35.594-0500][gc,heap        ] GC(8269) Old regions: 40->40
[2020-12-15T13:21:35.594-0500][gc,heap        ] GC(8269) Humongous regions: 4->4
[2020-12-15T13:21:35.594-0500][gc,metaspace   ] GC(8269) Metaspace: 49404K->49404K(1093632K)
[2020-12-15T13:21:35.594-0500][gc,heap        ] GC(8269) Heap after GC invocations=8270 (full 1689): garbage-first heap   total 64512K, used 43537K [0x0000000083000000, 0x0000000100000000)
[2020-12-15T13:21:35.594-0500][gc,heap        ] GC(8269)   region size 1024K, 1 young (1024K), 1 survivors (1024K)
[2020-12-15T13:21:35.594-0500][gc,heap        ] GC(8269)  Metaspace       used 49404K, capacity 51450K, committed 53248K, reserved 1093632K
[2020-12-15T13:21:35.594-0500][gc,heap        ] GC(8269)   class space    used 7386K, capacity 8097K, committed 8704K, reserved 1048576K
[2020-12-15T13:21:35.594-0500][gc             ] GC(8269) Pause Young (Normal) (G1 Evacuation Pause) 52M->42M(63M) 5.146ms
[2020-12-15T13:21:35.594-0500][gc,cpu         ] GC(8269) User=0.02s Sys=0.00s Real=0.00s
[2020-12-15T13:21:45.190-0500][gc,task        ] GC(8270) Using 5 workers of 8 for full compaction
[2020-12-15T13:21:45.190-0500][gc,start       ] GC(8270) Pause Full (System.gc())
[2020-12-15T13:21:45.191-0500][gc,heap        ] GC(8270) Heap before GC invocations=8270 (full 1689): garbage-first heap   total 64512K, used 43537K [0x0000000083000000, 0x0000000100000000)
[2020-12-15T13:21:45.191-0500][gc,heap        ] GC(8270)   region size 1024K, 2 young (2048K), 1 survivors (1024K)
[2020-12-15T13:21:45.191-0500][gc,heap        ] GC(8270)  Metaspace       used 49404K, capacity 51450K, committed 53248K, reserved 1093632K
[2020-12-15T13:21:45.191-0500][gc,heap        ] GC(8270)   class space    used 7386K, capacity 8097K, committed 8704K, reserved 1048576K
[2020-12-15T13:21:45.191-0500][gc,phases,start] GC(8270) Phase 1: Mark live objects
[2020-12-15T13:21:45.214-0500][gc,stringtable ] GC(8270) Cleaned string and symbol table, strings: 32767 processed, 5 removed, symbols: 120723 processed, 0 removed
[2020-12-15T13:21:45.214-0500][gc,phases      ] GC(8270) Phase 1: Mark live objects 23.069ms
[2020-12-15T13:21:45.214-0500][gc,phases,start] GC(8270) Phase 2: Prepare for compaction
[2020-12-15T13:21:45.218-0500][gc,phases      ] GC(8270) Phase 2: Prepare for compaction 3.841ms
[2020-12-15T13:21:45.218-0500][gc,phases,start] GC(8270) Phase 3: Adjust pointers
[2020-12-15T13:21:45.230-0500][gc,phases      ] GC(8270) Phase 3: Adjust pointers 12.442ms
[2020-12-15T13:21:45.230-0500][gc,phases,start] GC(8270) Phase 4: Compact heap
[2020-12-15T13:21:45.234-0500][gc,phases      ] GC(8270) Phase 4: Compact heap 3.530ms
[2020-12-15T13:21:45.240-0500][gc,heap        ] GC(8270) Eden regions: 1->0(10)
[2020-12-15T13:21:45.240-0500][gc,heap        ] GC(8270) Survivor regions: 1->0(2)
[2020-12-15T13:21:45.240-0500][gc,heap        ] GC(8270) Old regions: 40->41
[2020-12-15T13:21:45.240-0500][gc,heap        ] GC(8270) Humongous regions: 4->4
[2020-12-15T13:21:45.240-0500][gc,metaspace   ] GC(8270) Metaspace: 49404K->49404K(1093632K)
[2020-12-15T13:21:45.240-0500][gc,heap        ] GC(8270) Heap after GC invocations=8271 (full 1690): garbage-first heap   total 64512K, used 43260K [0x0000000083000000, 0x0000000100000000)
[2020-12-15T13:21:45.240-0500][gc,heap        ] GC(8270)   region size 1024K, 0 young (0K), 0 survivors (0K)
[2020-12-15T13:21:45.240-0500][gc,heap        ] GC(8270)  Metaspace       used 49404K, capacity 51450K, committed 53248K, reserved 1093632K
[2020-12-15T13:21:45.240-0500][gc,heap        ] GC(8270)   class space    used 7386K, capacity 8097K, committed 8704K, reserved 1048576K
[2020-12-15T13:21:45.240-0500][gc             ] GC(8270) Pause Full (System.gc()) 43M->42M(63M) 50.005ms
[2020-12-15T13:21:45.241-0500][gc,cpu         ] GC(8270) User=0.21s Sys=0.00s Real=0.05s
[2020-12-15T13:22:26.014-0500][gc,heap        ] GC(8271) Heap before GC invocations=8271 (full 1690): garbage-first heap   total 64512K, used 52476K [0x0000000083000000, 0x0000000100000000)
[2020-12-15T13:22:26.014-0500][gc,heap        ] GC(8271)   region size 1024K, 10 young (10240K), 0 survivors (0K)
[2020-12-15T13:22:26.014-0500][gc,heap        ] GC(8271)  Metaspace       used 49404K, capacity 51450K, committed 53248K, reserved 1093632K
[2020-12-15T13:22:26.014-0500][gc,heap        ] GC(8271)   class space    used 7386K, capacity 8097K, committed 8704K, reserved 1048576K
[2020-12-15T13:22:26.014-0500][gc,start       ] GC(8271) Pause Young (Normal) (G1 Evacuation Pause)
[2020-12-15T13:22:26.014-0500][gc,task        ] GC(8271) Using 8 workers of 8 for evacuation
[2020-12-15T13:22:26.016-0500][gc,phases      ] GC(8271)   Pre Evacuate Collection Set: 0.0ms
[2020-12-15T13:22:26.016-0500][gc,phases      ] GC(8271)   Evacuate Collection Set: 0.8ms
[2020-12-15T13:22:26.016-0500][gc,phases      ] GC(8271)   Post Evacuate Collection Set: 0.9ms
[2020-12-15T13:22:26.016-0500][gc,phases      ] GC(8271)   Other: 0.2ms
[2020-12-15T13:22:26.016-0500][gc,heap        ] GC(8271) Eden regions: 10->0(9)
[2020-12-15T13:22:26.016-0500][gc,heap        ] GC(8271) Survivor regions: 0->1(2)
[2020-12-15T13:22:26.016-0500][gc,heap        ] GC(8271) Old regions: 41->41
[2020-12-15T13:22:26.016-0500][gc,heap        ] GC(8271) Humongous regions: 4->4
[2020-12-15T13:22:26.016-0500][gc,metaspace   ] GC(8271) Metaspace: 49404K->49404K(1093632K)
[2020-12-15T13:22:26.016-0500][gc,heap        ] GC(8271) Heap after GC invocations=8272 (full 1690): garbage-first heap   total 64512K, used 43337K [0x0000000083000000, 0x0000000100000000)
[2020-12-15T13:22:26.016-0500][gc,heap        ] GC(8271)   region size 1024K, 1 young (1024K), 1 survivors (1024K)
[2020-12-15T13:22:26.016-0500][gc,heap        ] GC(8271)  Metaspace       used 49404K, capacity 51450K, committed 53248K, reserved 1093632K
[2020-12-15T13:22:26.016-0500][gc,heap        ] GC(8271)   class space    used 7386K, capacity 8097K, committed 8704K, reserved 1048576K
[2020-12-15T13:22:26.016-0500][gc             ] GC(8271) Pause Young (Normal) (G1 Evacuation Pause) 52M->42M(63M) 2.021ms
[2020-12-15T13:22:26.017-0500][gc,cpu         ] GC(8271) User=0.00s Sys=0.00s Real=0.00s
[2020-12-15T13:23:15.586-0500][gc,heap        ] GC(8272) Heap before GC invocations=8272 (full 1690): garbage-first heap   total 64512K, used 51529K [0x0000000083000000, 0x0000000100000000)
[2020-12-15T13:23:15.586-0500][gc,heap        ] GC(8272)   region size 1024K, 10 young (10240K), 1 survivors (1024K)
[2020-12-15T13:23:15.586-0500][gc,heap        ] GC(8272)  Metaspace       used 49404K, capacity 51450K, committed 53248K, reserved 1093632K
[2020-12-15T13:23:15.586-0500][gc,heap        ] GC(8272)   class space    used 7386K, capacity 8097K, committed 8704K, reserved 1048576K
[2020-12-15T13:23:15.586-0500][gc,start       ] GC(8272) Pause Young (Normal) (G1 Evacuation Pause)
[2020-12-15T13:23:15.586-0500][gc,task        ] GC(8272) Using 8 workers of 8 for evacuation
[2020-12-15T13:23:15.588-0500][gc,phases      ] GC(8272)   Pre Evacuate Collection Set: 0.0ms
[2020-12-15T13:23:15.588-0500][gc,phases      ] GC(8272)   Evacuate Collection Set: 1.3ms
[2020-12-15T13:23:15.589-0500][gc,phases      ] GC(8272)   Post Evacuate Collection Set: 1.1ms
[2020-12-15T13:23:15.589-0500][gc,phases      ] GC(8272)   Other: 0.4ms
[2020-12-15T13:23:15.589-0500][gc,heap        ] GC(8272) Eden regions: 9->0(9)
[2020-12-15T13:23:15.589-0500][gc,heap        ] GC(8272) Survivor regions: 1->1(2)
[2020-12-15T13:23:15.589-0500][gc,heap        ] GC(8272) Old regions: 41->41
[2020-12-15T13:23:15.589-0500][gc,heap        ] GC(8272) Humongous regions: 4->4
[2020-12-15T13:23:15.589-0500][gc,metaspace   ] GC(8272) Metaspace: 49404K->49404K(1093632K)
[2020-12-15T13:23:15.589-0500][gc,heap        ] GC(8272) Heap after GC invocations=8273 (full 1690): garbage-first heap   total 64512K, used 43457K [0x0000000083000000, 0x0000000100000000)
[2020-12-15T13:23:15.589-0500][gc,heap        ] GC(8272)   region size 1024K, 1 young (1024K), 1 survivors (1024K)
[2020-12-15T13:23:15.589-0500][gc,heap        ] GC(8272)  Metaspace       used 49404K, capacity 51450K, committed 53248K, reserved 1093632K
[2020-12-15T13:23:15.589-0500][gc,heap        ] GC(8272)   class space    used 7386K, capacity 8097K, committed 8704K, reserved 1048576K
[2020-12-15T13:23:15.589-0500][gc             ] GC(8272) Pause Young (Normal) (G1 Evacuation Pause) 51M->42M(63M) 2.744ms
[2020-12-15T13:23:15.589-0500][gc,cpu         ] GC(8272) User=0.00s Sys=0.00s Real=0.01s
[2020-12-15T13:23:56.013-0500][gc,heap        ] GC(8273) Heap before GC invocations=8273 (full 1690): garbage-first heap   total 64512K, used 51649K [0x0000000083000000, 0x0000000100000000)
[2020-12-15T13:23:56.013-0500][gc,heap        ] GC(8273)   region size 1024K, 10 young (10240K), 1 survivors (1024K)
[2020-12-15T13:23:56.013-0500][gc,heap        ] GC(8273)  Metaspace       used 49404K, capacity 51450K, committed 53248K, reserved 1093632K
[2020-12-15T13:23:56.013-0500][gc,heap        ] GC(8273)   class space    used 7386K, capacity 8097K, committed 8704K, reserved 1048576K
[2020-12-15T13:23:56.013-0500][gc,start       ] GC(8273) Pause Young (Normal) (G1 Evacuation Pause)
[2020-12-15T13:23:56.013-0500][gc,task        ] GC(8273) Using 8 workers of 8 for evacuation
[2020-12-15T13:23:56.026-0500][gc,phases      ] GC(8273)   Pre Evacuate Collection Set: 0.0ms
[2020-12-15T13:23:56.026-0500][gc,phases      ] GC(8273)   Evacuate Collection Set: 1.1ms
[2020-12-15T13:23:56.026-0500][gc,phases      ] GC(8273)   Post Evacuate Collection Set: 11.6ms
[2020-12-15T13:23:56.026-0500][gc,phases      ] GC(8273)   Other: 0.3ms
[2020-12-15T13:23:56.026-0500][gc,heap        ] GC(8273) Eden regions: 9->0(9)
[2020-12-15T13:23:56.026-0500][gc,heap        ] GC(8273) Survivor regions: 1->1(2)
[2020-12-15T13:23:56.026-0500][gc,heap        ] GC(8273) Old regions: 41->41
[2020-12-15T13:23:56.026-0500][gc,heap        ] GC(8273) Humongous regions: 4->4
[2020-12-15T13:23:56.026-0500][gc,metaspace   ] GC(8273) Metaspace: 49404K->49404K(1093632K)
[2020-12-15T13:23:56.026-0500][gc,heap        ] GC(8273) Heap after GC invocations=8274 (full 1690): garbage-first heap   total 64512K, used 43329K [0x0000000083000000, 0x0000000100000000)
[2020-12-15T13:23:56.026-0500][gc,heap        ] GC(8273)   region size 1024K, 1 young (1024K), 1 survivors (1024K)
[2020-12-15T13:23:56.026-0500][gc,heap        ] GC(8273)  Metaspace       used 49404K, capacity 51450K, committed 53248K, reserved 1093632K
[2020-12-15T13:23:56.026-0500][gc,heap        ] GC(8273)   class space    used 7386K, capacity 8097K, committed 8704K, reserved 1048576K
[2020-12-15T13:23:56.026-0500][gc             ] GC(8273) Pause Young (Normal) (G1 Evacuation Pause) 51M->42M(63M) 12.998ms
[2020-12-15T13:23:56.026-0500][gc,cpu         ] GC(8273) User=0.01s Sys=0.00s Real=0.01s
[2020-12-15T13:24:45.598-0500][gc,heap        ] GC(8274) Heap before GC invocations=8274 (full 1690): garbage-first heap   total 64512K, used 51521K [0x0000000083000000, 0x0000000100000000)
[2020-12-15T13:24:45.598-0500][gc,heap        ] GC(8274)   region size 1024K, 10 young (10240K), 1 survivors (1024K)
[2020-12-15T13:24:45.598-0500][gc,heap        ] GC(8274)  Metaspace       used 49404K, capacity 51450K, committed 53248K, reserved 1093632K
[2020-12-15T13:24:45.598-0500][gc,heap        ] GC(8274)   class space    used 7386K, capacity 8097K, committed 8704K, reserved 1048576K
[2020-12-15T13:24:45.598-0500][gc,start       ] GC(8274) Pause Young (Normal) (G1 Evacuation Pause)
[2020-12-15T13:24:45.598-0500][gc,task        ] GC(8274) Using 8 workers of 8 for evacuation
[2020-12-15T13:24:45.620-0500][gc,phases      ] GC(8274)   Pre Evacuate Collection Set: 0.0ms
[2020-12-15T13:24:45.620-0500][gc,phases      ] GC(8274)   Evacuate Collection Set: 4.7ms
[2020-12-15T13:24:45.620-0500][gc,phases      ] GC(8274)   Post Evacuate Collection Set: 16.6ms
[2020-12-15T13:24:45.620-0500][gc,phases      ] GC(8274)   Other: 0.5ms
[2020-12-15T13:24:45.620-0500][gc,heap        ] GC(8274) Eden regions: 9->0(9)
[2020-12-15T13:24:45.620-0500][gc,heap        ] GC(8274) Survivor regions: 1->1(2)
[2020-12-15T13:24:45.620-0500][gc,heap        ] GC(8274) Old regions: 41->41
[2020-12-15T13:24:45.620-0500][gc,heap        ] GC(8274) Humongous regions: 4->4
[2020-12-15T13:24:45.620-0500][gc,metaspace   ] GC(8274) Metaspace: 49404K->49404K(1093632K)
[2020-12-15T13:24:45.620-0500][gc,heap        ] GC(8274) Heap after GC invocations=8275 (full 1690): garbage-first heap   total 64512K, used 43470K [0x0000000083000000, 0x0000000100000000)
[2020-12-15T13:24:45.620-0500][gc,heap        ] GC(8274)   region size 1024K, 1 young (1024K), 1 survivors (1024K)
[2020-12-15T13:24:45.620-0500][gc,heap        ] GC(8274)  Metaspace       used 49404K, capacity 51450K, committed 53248K, reserved 1093632K
[2020-12-15T13:24:45.620-0500][gc,heap        ] GC(8274)   class space    used 7386K, capacity 8097K, committed 8704K, reserved 1048576K
[2020-12-15T13:24:45.620-0500][gc             ] GC(8274) Pause Young (Normal) (G1 Evacuation Pause) 51M->42M(63M) 21.809ms
[2020-12-15T13:24:45.620-0500][gc,cpu         ] GC(8274) User=0.09s Sys=0.00s Real=0.03s
[2020-12-15T13:25:25.597-0500][gc,heap        ] GC(8275) Heap before GC invocations=8275 (full 1690): garbage-first heap   total 64512K, used 51662K [0x0000000083000000, 0x0000000100000000)
[2020-12-15T13:25:25.597-0500][gc,heap        ] GC(8275)   region size 1024K, 10 young (10240K), 1 survivors (1024K)
[2020-12-15T13:25:25.597-0500][gc,heap        ] GC(8275)  Metaspace       used 49404K, capacity 51450K, committed 53248K, reserved 1093632K
[2020-12-15T13:25:25.597-0500][gc,heap        ] GC(8275)   class space    used 7386K, capacity 8097K, committed 8704K, reserved 1048576K
[2020-12-15T13:25:25.597-0500][gc,start       ] GC(8275) Pause Young (Normal) (G1 Evacuation Pause)
[2020-12-15T13:25:25.597-0500][gc,task        ] GC(8275) Using 8 workers of 8 for evacuation
[2020-12-15T13:25:25.603-0500][gc,phases      ] GC(8275)   Pre Evacuate Collection Set: 0.0ms
[2020-12-15T13:25:25.603-0500][gc,phases      ] GC(8275)   Evacuate Collection Set: 2.3ms
[2020-12-15T13:25:25.603-0500][gc,phases      ] GC(8275)   Post Evacuate Collection Set: 2.8ms
[2020-12-15T13:25:25.603-0500][gc,phases      ] GC(8275)   Other: 0.4ms
[2020-12-15T13:25:25.603-0500][gc,heap        ] GC(8275) Eden regions: 9->0(9)
[2020-12-15T13:25:25.603-0500][gc,heap        ] GC(8275) Survivor regions: 1->1(2)
[2020-12-15T13:25:25.603-0500][gc,heap        ] GC(8275) Old regions: 41->41
[2020-12-15T13:25:25.603-0500][gc,heap        ] GC(8275) Humongous regions: 4->4
[2020-12-15T13:25:25.603-0500][gc,metaspace   ] GC(8275) Metaspace: 49404K->49404K(1093632K)
[2020-12-15T13:25:25.603-0500][gc,heap        ] GC(8275) Heap after GC invocations=8276 (full 1690): garbage-first heap   total 64512K, used 43529K [0x0000000083000000, 0x0000000100000000)
[2020-12-15T13:25:25.603-0500][gc,heap        ] GC(8275)   region size 1024K, 1 young (1024K), 1 survivors (1024K)
[2020-12-15T13:25:25.603-0500][gc,heap        ] GC(8275)  Metaspace       used 49404K, capacity 51450K, committed 53248K, reserved 1093632K
[2020-12-15T13:25:25.603-0500][gc,heap        ] GC(8275)   class space    used 7386K, capacity 8097K, committed 8704K, reserved 1048576K
[2020-12-15T13:25:25.603-0500][gc             ] GC(8275) Pause Young (Normal) (G1 Evacuation Pause) 51M->42M(63M) 5.786ms
[2020-12-15T13:25:25.603-0500][gc,cpu         ] GC(8275) User=0.01s Sys=0.01s Real=0.01s
[2020-12-15T13:26:06.850-0500][gc,heap        ] GC(8276) Heap before GC invocations=8276 (full 1690): garbage-first heap   total 64512K, used 51721K [0x0000000083000000, 0x0000000100000000)
[2020-12-15T13:26:06.850-0500][gc,heap        ] GC(8276)   region size 1024K, 10 young (10240K), 1 survivors (1024K)
[2020-12-15T13:26:06.850-0500][gc,heap        ] GC(8276)  Metaspace       used 49404K, capacity 51450K, committed 53248K, reserved 1093632K
[2020-12-15T13:26:06.850-0500][gc,heap        ] GC(8276)   class space    used 7386K, capacity 8097K, committed 8704K, reserved 1048576K
[2020-12-15T13:26:06.850-0500][gc,start       ] GC(8276) Pause Young (Normal) (G1 Evacuation Pause)
[2020-12-15T13:26:06.850-0500][gc,task        ] GC(8276) Using 8 workers of 8 for evacuation
[2020-12-15T13:26:06.853-0500][gc,phases      ] GC(8276)   Pre Evacuate Collection Set: 0.0ms
[2020-12-15T13:26:06.853-0500][gc,phases      ] GC(8276)   Evacuate Collection Set: 1.3ms
[2020-12-15T13:26:06.853-0500][gc,phases      ] GC(8276)   Post Evacuate Collection Set: 1.5ms
[2020-12-15T13:26:06.853-0500][gc,phases      ] GC(8276)   Other: 0.4ms
[2020-12-15T13:26:06.853-0500][gc,heap        ] GC(8276) Eden regions: 9->0(9)
[2020-12-15T13:26:06.853-0500][gc,heap        ] GC(8276) Survivor regions: 1->1(2)
[2020-12-15T13:26:06.853-0500][gc,heap        ] GC(8276) Old regions: 41->41
[2020-12-15T13:26:06.853-0500][gc,heap        ] GC(8276) Humongous regions: 4->4
[2020-12-15T13:26:06.854-0500][gc,metaspace   ] GC(8276) Metaspace: 49404K->49404K(1093632K)
[2020-12-15T13:26:06.854-0500][gc,heap        ] GC(8276) Heap after GC invocations=8277 (full 1690): garbage-first heap   total 64512K, used 43374K [0x0000000083000000, 0x0000000100000000)
[2020-12-15T13:26:06.854-0500][gc,heap        ] GC(8276)   region size 1024K, 1 young (1024K), 1 survivors (1024K)
[2020-12-15T13:26:06.854-0500][gc,heap        ] GC(8276)  Metaspace       used 49404K, capacity 51450K, committed 53248K, reserved 1093632K
[2020-12-15T13:26:06.854-0500][gc,heap        ] GC(8276)   class space    used 7386K, capacity 8097K, committed 8704K, reserved 1048576K
[2020-12-15T13:26:06.854-0500][gc             ] GC(8276) Pause Young (Normal) (G1 Evacuation Pause) 51M->42M(63M) 3.210ms
[2020-12-15T13:26:06.854-0500][gc,cpu         ] GC(8276) User=0.00s Sys=0.01s Real=0.00s
[2020-12-15T13:26:45.191-0500][gc,task        ] GC(8277) Using 5 workers of 8 for full compaction
[2020-12-15T13:26:45.191-0500][gc,start       ] GC(8277) Pause Full (System.gc())
[2020-12-15T13:26:45.191-0500][gc,heap        ] GC(8277) Heap before GC invocations=8277 (full 1690): garbage-first heap   total 64512K, used 49518K [0x0000000083000000, 0x0000000100000000)
[2020-12-15T13:26:45.191-0500][gc,heap        ] GC(8277)   region size 1024K, 8 young (8192K), 1 survivors (1024K)
[2020-12-15T13:26:45.191-0500][gc,heap        ] GC(8277)  Metaspace       used 49404K, capacity 51450K, committed 53248K, reserved 1093632K
[2020-12-15T13:26:45.191-0500][gc,heap        ] GC(8277)   class space    used 7386K, capacity 8097K, committed 8704K, reserved 1048576K
[2020-12-15T13:26:45.192-0500][gc,phases,start] GC(8277) Phase 1: Mark live objects
[2020-12-15T13:26:45.221-0500][gc,stringtable ] GC(8277) Cleaned string and symbol table, strings: 32767 processed, 5 removed, symbols: 120723 processed, 0 removed
[2020-12-15T13:26:45.221-0500][gc,phases      ] GC(8277) Phase 1: Mark live objects 29.597ms
[2020-12-15T13:26:45.221-0500][gc,phases,start] GC(8277) Phase 2: Prepare for compaction
[2020-12-15T13:26:45.226-0500][gc,phases      ] GC(8277) Phase 2: Prepare for compaction 4.799ms
[2020-12-15T13:26:45.226-0500][gc,phases,start] GC(8277) Phase 3: Adjust pointers
[2020-12-15T13:26:45.238-0500][gc,phases      ] GC(8277) Phase 3: Adjust pointers 11.656ms
[2020-12-15T13:26:45.238-0500][gc,phases,start] GC(8277) Phase 4: Compact heap
[2020-12-15T13:26:45.240-0500][gc,phases      ] GC(8277) Phase 4: Compact heap 2.527ms
[2020-12-15T13:26:45.246-0500][gc,heap        ] GC(8277) Eden regions: 7->0(8)
[2020-12-15T13:26:45.246-0500][gc,heap        ] GC(8277) Survivor regions: 1->0(2)
[2020-12-15T13:26:45.246-0500][gc,heap        ] GC(8277) Old regions: 41->43
[2020-12-15T13:26:45.246-0500][gc,heap        ] GC(8277) Humongous regions: 4->4
[2020-12-15T13:26:45.246-0500][gc,metaspace   ] GC(8277) Metaspace: 49404K->49404K(1093632K)
[2020-12-15T13:26:45.246-0500][gc,heap        ] GC(8277) Heap after GC invocations=8278 (full 1691): garbage-first heap   total 64512K, used 43270K [0x0000000083000000, 0x0000000100000000)
[2020-12-15T13:26:45.247-0500][gc,heap        ] GC(8277)   region size 1024K, 0 young (0K), 0 survivors (0K)
[2020-12-15T13:26:45.247-0500][gc,heap        ] GC(8277)  Metaspace       used 49404K, capacity 51450K, committed 53248K, reserved 1093632K
[2020-12-15T13:26:45.247-0500][gc,heap        ] GC(8277)   class space    used 7386K, capacity 8097K, committed 8704K, reserved 1048576K
[2020-12-15T13:26:45.247-0500][gc             ] GC(8277) Pause Full (System.gc()) 48M->42M(63M) 55.316ms
[2020-12-15T13:26:45.247-0500][gc,cpu         ] GC(8277) User=0.22s Sys=0.00s Real=0.05s
[2020-12-15T13:27:16.013-0500][gc,heap        ] GC(8278) Heap before GC invocations=8278 (full 1691): garbage-first heap   total 64512K, used 50438K [0x0000000083000000, 0x0000000100000000)
[2020-12-15T13:27:16.013-0500][gc,heap        ] GC(8278)   region size 1024K, 8 young (8192K), 0 survivors (0K)
[2020-12-15T13:27:16.013-0500][gc,heap        ] GC(8278)  Metaspace       used 49404K, capacity 51450K, committed 53248K, reserved 1093632K
[2020-12-15T13:27:16.013-0500][gc,heap        ] GC(8278)   class space    used 7386K, capacity 8097K, committed 8704K, reserved 1048576K
[2020-12-15T13:27:16.014-0500][gc,start       ] GC(8278) Pause Young (Normal) (G1 Evacuation Pause)
[2020-12-15T13:27:16.014-0500][gc,task        ] GC(8278) Using 8 workers of 8 for evacuation
[2020-12-15T13:27:16.018-0500][gc,phases      ] GC(8278)   Pre Evacuate Collection Set: 0.0ms
[2020-12-15T13:27:16.018-0500][gc,phases      ] GC(8278)   Evacuate Collection Set: 1.2ms
[2020-12-15T13:27:16.018-0500][gc,phases      ] GC(8278)   Post Evacuate Collection Set: 3.1ms
[2020-12-15T13:27:16.018-0500][gc,phases      ] GC(8278)   Other: 0.2ms
[2020-12-15T13:27:16.018-0500][gc,heap        ] GC(8278) Eden regions: 8->0(7)
[2020-12-15T13:27:16.018-0500][gc,heap        ] GC(8278) Survivor regions: 0->1(1)
[2020-12-15T13:27:16.018-0500][gc,heap        ] GC(8278) Old regions: 43->43
[2020-12-15T13:27:16.018-0500][gc,heap        ] GC(8278) Humongous regions: 4->4
[2020-12-15T13:27:16.018-0500][gc,metaspace   ] GC(8278) Metaspace: 49404K->49404K(1093632K)
[2020-12-15T13:27:16.018-0500][gc,heap        ] GC(8278) Heap after GC invocations=8279 (full 1691): garbage-first heap   total 64512K, used 43319K [0x0000000083000000, 0x0000000100000000)
[2020-12-15T13:27:16.018-0500][gc,heap        ] GC(8278)   region size 1024K, 1 young (1024K), 1 survivors (1024K)
[2020-12-15T13:27:16.018-0500][gc,heap        ] GC(8278)  Metaspace       used 49404K, capacity 51450K, committed 53248K, reserved 1093632K
[2020-12-15T13:27:16.018-0500][gc,heap        ] GC(8278)   class space    used 7386K, capacity 8097K, committed 8704K, reserved 1048576K
[2020-12-15T13:27:16.018-0500][gc             ] GC(8278) Pause Young (Normal) (G1 Evacuation Pause) 50M->42M(63M) 4.598ms
[2020-12-15T13:27:16.018-0500][gc,cpu         ] GC(8278) User=0.02s Sys=0.00s Real=0.01s
[2020-12-15T13:27:55.587-0500][gc,heap        ] GC(8279) Heap before GC invocations=8279 (full 1691): garbage-first heap   total 64512K, used 50487K [0x0000000083000000, 0x0000000100000000)
[2020-12-15T13:27:55.587-0500][gc,heap        ] GC(8279)   region size 1024K, 8 young (8192K), 1 survivors (1024K)
[2020-12-15T13:27:55.587-0500][gc,heap        ] GC(8279)  Metaspace       used 49404K, capacity 51450K, committed 53248K, reserved 1093632K
[2020-12-15T13:27:55.587-0500][gc,heap        ] GC(8279)   class space    used 7386K, capacity 8097K, committed 8704K, reserved 1048576K
[2020-12-15T13:27:55.588-0500][gc,start       ] GC(8279) Pause Young (Normal) (G1 Evacuation Pause)
[2020-12-15T13:27:55.588-0500][gc,task        ] GC(8279) Using 8 workers of 8 for evacuation
[2020-12-15T13:27:55.590-0500][gc,phases      ] GC(8279)   Pre Evacuate Collection Set: 0.0ms
[2020-12-15T13:27:55.590-0500][gc,phases      ] GC(8279)   Evacuate Collection Set: 1.2ms
[2020-12-15T13:27:55.590-0500][gc,phases      ] GC(8279)   Post Evacuate Collection Set: 1.3ms
[2020-12-15T13:27:55.590-0500][gc,phases      ] GC(8279)   Other: 0.3ms
[2020-12-15T13:27:55.590-0500][gc,heap        ] GC(8279) Eden regions: 7->0(7)
[2020-12-15T13:27:55.590-0500][gc,heap        ] GC(8279) Survivor regions: 1->1(1)
[2020-12-15T13:27:55.590-0500][gc,heap        ] GC(8279) Old regions: 43->43
[2020-12-15T13:27:55.590-0500][gc,heap        ] GC(8279) Humongous regions: 4->4
[2020-12-15T13:27:55.590-0500][gc,metaspace   ] GC(8279) Metaspace: 49404K->49404K(1093632K)
[2020-12-15T13:27:55.590-0500][gc,heap        ] GC(8279) Heap after GC invocations=8280 (full 1691): garbage-first heap   total 64512K, used 43479K [0x0000000083000000, 0x0000000100000000)
[2020-12-15T13:27:55.590-0500][gc,heap        ] GC(8279)   region size 1024K, 1 young (1024K), 1 survivors (1024K)
[2020-12-15T13:27:55.590-0500][gc,heap        ] GC(8279)  Metaspace       used 49404K, capacity 51450K, committed 53248K, reserved 1093632K
[2020-12-15T13:27:55.590-0500][gc,heap        ] GC(8279)   class space    used 7386K, capacity 8097K, committed 8704K, reserved 1048576K
[2020-12-15T13:27:55.590-0500][gc             ] GC(8279) Pause Young (Normal) (G1 Evacuation Pause) 49M->42M(63M) 2.841ms
[2020-12-15T13:27:55.590-0500][gc,cpu         ] GC(8279) User=0.00s Sys=0.00s Real=0.01s
[2020-12-15T13:28:25.630-0500][gc,heap        ] GC(8280) Heap before GC invocations=8280 (full 1691): garbage-first heap   total 64512K, used 49623K [0x0000000083000000, 0x0000000100000000)
[2020-12-15T13:28:25.630-0500][gc,heap        ] GC(8280)   region size 1024K, 8 young (8192K), 1 survivors (1024K)
[2020-12-15T13:28:25.630-0500][gc,heap        ] GC(8280)  Metaspace       used 49404K, capacity 51450K, committed 53248K, reserved 1093632K
[2020-12-15T13:28:25.630-0500][gc,heap        ] GC(8280)   class space    used 7386K, capacity 8097K, committed 8704K, reserved 1048576K
[2020-12-15T13:28:25.630-0500][gc,start       ] GC(8280) Pause Young (Normal) (G1 Evacuation Pause)
[2020-12-15T13:28:25.630-0500][gc,task        ] GC(8280) Using 8 workers of 8 for evacuation
[2020-12-15T13:28:25.634-0500][gc,phases      ] GC(8280)   Pre Evacuate Collection Set: 0.0ms
[2020-12-15T13:28:25.634-0500][gc,phases      ] GC(8280)   Evacuate Collection Set: 2.0ms
[2020-12-15T13:28:25.635-0500][gc,phases      ] GC(8280)   Post Evacuate Collection Set: 1.8ms
[2020-12-15T13:28:25.635-0500][gc,phases      ] GC(8280)   Other: 0.5ms
[2020-12-15T13:28:25.635-0500][gc,heap        ] GC(8280) Eden regions: 7->0(7)
[2020-12-15T13:28:25.635-0500][gc,heap        ] GC(8280) Survivor regions: 1->1(1)
[2020-12-15T13:28:25.635-0500][gc,heap        ] GC(8280) Old regions: 43->43
[2020-12-15T13:28:25.635-0500][gc,heap        ] GC(8280) Humongous regions: 4->4
[2020-12-15T13:28:25.635-0500][gc,metaspace   ] GC(8280) Metaspace: 49404K->49404K(1093632K)
[2020-12-15T13:28:25.635-0500][gc,heap        ] GC(8280) Heap after GC invocations=8281 (full 1691): garbage-first heap   total 64512K, used 43407K [0x0000000083000000, 0x0000000100000000)
[2020-12-15T13:28:25.635-0500][gc,heap        ] GC(8280)   region size 1024K, 1 young (1024K), 1 survivors (1024K)
[2020-12-15T13:28:25.635-0500][gc,heap        ] GC(8280)  Metaspace       used 49404K, capacity 51450K, committed 53248K, reserved 1093632K
[2020-12-15T13:28:25.635-0500][gc,heap        ] GC(8280)   class space    used 7386K, capacity 8097K, committed 8704K, reserved 1048576K
[2020-12-15T13:28:25.635-0500][gc             ] GC(8280) Pause Young (Normal) (G1 Evacuation Pause) 49M->42M(63M) 4.427ms
[2020-12-15T13:28:25.635-0500][gc,cpu         ] GC(8280) User=0.01s Sys=0.01s Real=0.00s
[2020-12-15T13:29:02.910-0500][gc,heap        ] GC(8281) Heap before GC invocations=8281 (full 1691): garbage-first heap   total 64512K, used 50575K [0x0000000083000000, 0x0000000100000000)
[2020-12-15T13:29:02.911-0500][gc,heap        ] GC(8281)   region size 1024K, 8 young (8192K), 1 survivors (1024K)
[2020-12-15T13:29:02.911-0500][gc,heap        ] GC(8281)  Metaspace       used 49404K, capacity 51450K, committed 53248K, reserved 1093632K
[2020-12-15T13:29:02.911-0500][gc,heap        ] GC(8281)   class space    used 7386K, capacity 8097K, committed 8704K, reserved 1048576K
[2020-12-15T13:29:02.911-0500][gc,start       ] GC(8281) Pause Young (Normal) (G1 Evacuation Pause)
[2020-12-15T13:29:02.911-0500][gc,task        ] GC(8281) Using 8 workers of 8 for evacuation
[2020-12-15T13:29:02.912-0500][gc,phases      ] GC(8281)   Pre Evacuate Collection Set: 0.0ms
[2020-12-15T13:29:02.912-0500][gc,phases      ] GC(8281)   Evacuate Collection Set: 0.7ms
[2020-12-15T13:29:02.912-0500][gc,phases      ] GC(8281)   Post Evacuate Collection Set: 0.9ms
[2020-12-15T13:29:02.912-0500][gc,phases      ] GC(8281)   Other: 0.2ms
[2020-12-15T13:29:02.912-0500][gc,heap        ] GC(8281) Eden regions: 7->0(7)
[2020-12-15T13:29:02.912-0500][gc,heap        ] GC(8281) Survivor regions: 1->1(1)
[2020-12-15T13:29:02.912-0500][gc,heap        ] GC(8281) Old regions: 43->43
[2020-12-15T13:29:02.912-0500][gc,heap        ] GC(8281) Humongous regions: 4->4
[2020-12-15T13:29:02.912-0500][gc,metaspace   ] GC(8281) Metaspace: 49404K->49404K(1093632K)
[2020-12-15T13:29:02.912-0500][gc,heap        ] GC(8281) Heap after GC invocations=8282 (full 1691): garbage-first heap   total 64512K, used 43333K [0x0000000083000000, 0x0000000100000000)
[2020-12-15T13:29:02.912-0500][gc,heap        ] GC(8281)   region size 1024K, 1 young (1024K), 1 survivors (1024K)
[2020-12-15T13:29:02.912-0500][gc,heap        ] GC(8281)  Metaspace       used 49404K, capacity 51450K, committed 53248K, reserved 1093632K
[2020-12-15T13:29:02.912-0500][gc,heap        ] GC(8281)   class space    used 7386K, capacity 8097K, committed 8704K, reserved 1048576K
[2020-12-15T13:29:02.912-0500][gc             ] GC(8281) Pause Young (Normal) (G1 Evacuation Pause) 49M->42M(63M) 1.828ms
[2020-12-15T13:29:02.912-0500][gc,cpu         ] GC(8281) User=0.00s Sys=0.01s Real=0.00s
[2020-12-15T13:29:35.600-0500][gc,heap        ] GC(8282) Heap before GC invocations=8282 (full 1691): garbage-first heap   total 64512K, used 50501K [0x0000000083000000, 0x0000000100000000)
[2020-12-15T13:29:35.600-0500][gc,heap        ] GC(8282)   region size 1024K, 8 young (8192K), 1 survivors (1024K)
[2020-12-15T13:29:35.600-0500][gc,heap        ] GC(8282)  Metaspace       used 49404K, capacity 51450K, committed 53248K, reserved 1093632K
[2020-12-15T13:29:35.600-0500][gc,heap        ] GC(8282)   class space    used 7386K, capacity 8097K, committed 8704K, reserved 1048576K
[2020-12-15T13:29:35.600-0500][gc,start       ] GC(8282) Pause Young (Normal) (G1 Evacuation Pause)
[2020-12-15T13:29:35.600-0500][gc,task        ] GC(8282) Using 8 workers of 8 for evacuation
[2020-12-15T13:29:35.603-0500][gc,phases      ] GC(8282)   Pre Evacuate Collection Set: 0.0ms
[2020-12-15T13:29:35.603-0500][gc,phases      ] GC(8282)   Evacuate Collection Set: 1.1ms
[2020-12-15T13:29:35.603-0500][gc,phases      ] GC(8282)   Post Evacuate Collection Set: 1.5ms
[2020-12-15T13:29:35.603-0500][gc,phases      ] GC(8282)   Other: 0.3ms
[2020-12-15T13:29:35.603-0500][gc,heap        ] GC(8282) Eden regions: 7->0(7)
[2020-12-15T13:29:35.603-0500][gc,heap        ] GC(8282) Survivor regions: 1->1(1)
[2020-12-15T13:29:35.603-0500][gc,heap        ] GC(8282) Old regions: 43->43
[2020-12-15T13:29:35.603-0500][gc,heap        ] GC(8282) Humongous regions: 4->4
[2020-12-15T13:29:35.603-0500][gc,metaspace   ] GC(8282) Metaspace: 49404K->49404K(1093632K)
[2020-12-15T13:29:35.603-0500][gc,heap        ] GC(8282) Heap after GC invocations=8283 (full 1691): garbage-first heap   total 64512K, used 43489K [0x0000000083000000, 0x0000000100000000)
[2020-12-15T13:29:35.603-0500][gc,heap        ] GC(8282)   region size 1024K, 1 young (1024K), 1 survivors (1024K)
[2020-12-15T13:29:35.603-0500][gc,heap        ] GC(8282)  Metaspace       used 49404K, capacity 51450K, committed 53248K, reserved 1093632K
[2020-12-15T13:29:35.603-0500][gc,heap        ] GC(8282)   class space    used 7386K, capacity 8097K, committed 8704K, reserved 1048576K
[2020-12-15T13:29:35.603-0500][gc             ] GC(8282) Pause Young (Normal) (G1 Evacuation Pause) 49M->42M(63M) 3.035ms
[2020-12-15T13:29:35.603-0500][gc,cpu         ] GC(8282) User=0.01s Sys=0.01s Real=0.00s
[2020-12-15T13:30:05.622-0500][gc,heap        ] GC(8283) Heap before GC invocations=8283 (full 1691): garbage-first heap   total 64512K, used 50657K [0x0000000083000000, 0x0000000100000000)
[2020-12-15T13:30:05.622-0500][gc,heap        ] GC(8283)   region size 1024K, 8 young (8192K), 1 survivors (1024K)
[2020-12-15T13:30:05.622-0500][gc,heap        ] GC(8283)  Metaspace       used 49404K, capacity 51450K, committed 53248K, reserved 1093632K
[2020-12-15T13:30:05.622-0500][gc,heap        ] GC(8283)   class space    used 7386K, capacity 8097K, committed 8704K, reserved 1048576K
[2020-12-15T13:30:05.622-0500][gc,start       ] GC(8283) Pause Young (Normal) (G1 Evacuation Pause)
[2020-12-15T13:30:05.622-0500][gc,task        ] GC(8283) Using 8 workers of 8 for evacuation
[2020-12-15T13:30:05.630-0500][gc,phases      ] GC(8283)   Pre Evacuate Collection Set: 0.0ms
[2020-12-15T13:30:05.630-0500][gc,phases      ] GC(8283)   Evacuate Collection Set: 6.4ms
[2020-12-15T13:30:05.630-0500][gc,phases      ] GC(8283)   Post Evacuate Collection Set: 1.4ms
[2020-12-15T13:30:05.630-0500][gc,phases      ] GC(8283)   Other: 0.3ms
[2020-12-15T13:30:05.630-0500][gc,heap        ] GC(8283) Eden regions: 7->0(7)
[2020-12-15T13:30:05.630-0500][gc,heap        ] GC(8283) Survivor regions: 1->1(1)
[2020-12-15T13:30:05.630-0500][gc,heap        ] GC(8283) Old regions: 43->43
[2020-12-15T13:30:05.630-0500][gc,heap        ] GC(8283) Humongous regions: 4->4
[2020-12-15T13:30:05.630-0500][gc,metaspace   ] GC(8283) Metaspace: 49404K->49404K(1093632K)
[2020-12-15T13:30:05.630-0500][gc,heap        ] GC(8283) Heap after GC invocations=8284 (full 1691): garbage-first heap   total 64512K, used 43423K [0x0000000083000000, 0x0000000100000000)
[2020-12-15T13:30:05.630-0500][gc,heap        ] GC(8283)   region size 1024K, 1 young (1024K), 1 survivors (1024K)
[2020-12-15T13:30:05.630-0500][gc,heap        ] GC(8283)  Metaspace       used 49404K, capacity 51450K, committed 53248K, reserved 1093632K
[2020-12-15T13:30:05.630-0500][gc,heap        ] GC(8283)   class space    used 7386K, capacity 8097K, committed 8704K, reserved 1048576K
[2020-12-15T13:30:05.630-0500][gc             ] GC(8283) Pause Young (Normal) (G1 Evacuation Pause) 49M->42M(63M) 8.154ms
[2020-12-15T13:30:05.630-0500][gc,cpu         ] GC(8283) User=0.05s Sys=0.00s Real=0.01s
[2020-12-15T13:30:45.587-0500][gc,heap        ] GC(8284) Heap before GC invocations=8284 (full 1691): garbage-first heap   total 64512K, used 49567K [0x0000000083000000, 0x0000000100000000)
[2020-12-15T13:30:45.587-0500][gc,heap        ] GC(8284)   region size 1024K, 8 young (8192K), 1 survivors (1024K)
[2020-12-15T13:30:45.587-0500][gc,heap        ] GC(8284)  Metaspace       used 49404K, capacity 51450K, committed 53248K, reserved 1093632K
[2020-12-15T13:30:45.587-0500][gc,heap        ] GC(8284)   class space    used 7386K, capacity 8097K, committed 8704K, reserved 1048576K
[2020-12-15T13:30:45.587-0500][gc,start       ] GC(8284) Pause Young (Normal) (G1 Evacuation Pause)
[2020-12-15T13:30:45.587-0500][gc,task        ] GC(8284) Using 8 workers of 8 for evacuation
[2020-12-15T13:30:45.589-0500][gc,phases      ] GC(8284)   Pre Evacuate Collection Set: 0.0ms
[2020-12-15T13:30:45.589-0500][gc,phases      ] GC(8284)   Evacuate Collection Set: 0.8ms
[2020-12-15T13:30:45.589-0500][gc,phases      ] GC(8284)   Post Evacuate Collection Set: 0.9ms
[2020-12-15T13:30:45.589-0500][gc,phases      ] GC(8284)   Other: 0.2ms
[2020-12-15T13:30:45.589-0500][gc,heap        ] GC(8284) Eden regions: 7->0(7)
[2020-12-15T13:30:45.589-0500][gc,heap        ] GC(8284) Survivor regions: 1->1(1)
[2020-12-15T13:30:45.589-0500][gc,heap        ] GC(8284) Old regions: 43->43
[2020-12-15T13:30:45.589-0500][gc,heap        ] GC(8284) Humongous regions: 4->4
[2020-12-15T13:30:45.589-0500][gc,metaspace   ] GC(8284) Metaspace: 49404K->49404K(1093632K)
[2020-12-15T13:30:45.589-0500][gc,heap        ] GC(8284) Heap after GC invocations=8285 (full 1691): garbage-first heap   total 64512K, used 43461K [0x0000000083000000, 0x0000000100000000)
[2020-12-15T13:30:45.589-0500][gc,heap        ] GC(8284)   region size 1024K, 1 young (1024K), 1 survivors (1024K)
[2020-12-15T13:30:45.589-0500][gc,heap        ] GC(8284)  Metaspace       used 49404K, capacity 51450K, committed 53248K, reserved 1093632K
[2020-12-15T13:30:45.589-0500][gc,heap        ] GC(8284)   class space    used 7386K, capacity 8097K, committed 8704K, reserved 1048576K
[2020-12-15T13:30:45.589-0500][gc             ] GC(8284) Pause Young (Normal) (G1 Evacuation Pause) 49M->42M(63M) 2.051ms
[2020-12-15T13:30:45.589-0500][gc,cpu         ] GC(8284) User=0.01s Sys=0.00s Real=0.01s
[2020-12-15T13:31:15.598-0500][gc,heap        ] GC(8285) Heap before GC invocations=8285 (full 1691): garbage-first heap   total 64512K, used 49605K [0x0000000083000000, 0x0000000100000000)
[2020-12-15T13:31:15.598-0500][gc,heap        ] GC(8285)   region size 1024K, 8 young (8192K), 1 survivors (1024K)
[2020-12-15T13:31:15.598-0500][gc,heap        ] GC(8285)  Metaspace       used 49404K, capacity 51450K, committed 53248K, reserved 1093632K
[2020-12-15T13:31:15.598-0500][gc,heap        ] GC(8285)   class space    used 7386K, capacity 8097K, committed 8704K, reserved 1048576K
[2020-12-15T13:31:15.598-0500][gc,start       ] GC(8285) Pause Young (Normal) (G1 Evacuation Pause)
[2020-12-15T13:31:15.598-0500][gc,task        ] GC(8285) Using 8 workers of 8 for evacuation
[2020-12-15T13:31:15.601-0500][gc,phases      ] GC(8285)   Pre Evacuate Collection Set: 0.0ms
[2020-12-15T13:31:15.601-0500][gc,phases      ] GC(8285)   Evacuate Collection Set: 1.2ms
[2020-12-15T13:31:15.601-0500][gc,phases      ] GC(8285)   Post Evacuate Collection Set: 1.8ms
[2020-12-15T13:31:15.601-0500][gc,phases      ] GC(8285)   Other: 0.4ms
[2020-12-15T13:31:15.601-0500][gc,heap        ] GC(8285) Eden regions: 7->0(7)
[2020-12-15T13:31:15.601-0500][gc,heap        ] GC(8285) Survivor regions: 1->1(1)
[2020-12-15T13:31:15.601-0500][gc,heap        ] GC(8285) Old regions: 43->43
[2020-12-15T13:31:15.601-0500][gc,heap        ] GC(8285) Humongous regions: 4->4
[2020-12-15T13:31:15.601-0500][gc,metaspace   ] GC(8285) Metaspace: 49404K->49404K(1093632K)
[2020-12-15T13:31:15.601-0500][gc,heap        ] GC(8285) Heap after GC invocations=8286 (full 1691): garbage-first heap   total 64512K, used 43535K [0x0000000083000000, 0x0000000100000000)
[2020-12-15T13:31:15.601-0500][gc,heap        ] GC(8285)   region size 1024K, 1 young (1024K), 1 survivors (1024K)
[2020-12-15T13:31:15.601-0500][gc,heap        ] GC(8285)  Metaspace       used 49404K, capacity 51450K, committed 53248K, reserved 1093632K
[2020-12-15T13:31:15.601-0500][gc,heap        ] GC(8285)   class space    used 7386K, capacity 8097K, committed 8704K, reserved 1048576K
[2020-12-15T13:31:15.601-0500][gc             ] GC(8285) Pause Young (Normal) (G1 Evacuation Pause) 49M->42M(63M) 3.340ms
[2020-12-15T13:31:15.602-0500][gc,cpu         ] GC(8285) User=0.01s Sys=0.00s Real=0.00s
[2020-12-15T13:31:45.190-0500][gc,task        ] GC(8286) Using 5 workers of 8 for full compaction
[2020-12-15T13:31:45.191-0500][gc,start       ] GC(8286) Pause Full (System.gc())
[2020-12-15T13:31:45.191-0500][gc,heap        ] GC(8286) Heap before GC invocations=8286 (full 1691): garbage-first heap   total 64512K, used 47631K [0x0000000083000000, 0x0000000100000000)
[2020-12-15T13:31:45.191-0500][gc,heap        ] GC(8286)   region size 1024K, 7 young (7168K), 1 survivors (1024K)
[2020-12-15T13:31:45.191-0500][gc,heap        ] GC(8286)  Metaspace       used 49404K, capacity 51450K, committed 53248K, reserved 1093632K
[2020-12-15T13:31:45.191-0500][gc,heap        ] GC(8286)   class space    used 7386K, capacity 8097K, committed 8704K, reserved 1048576K
[2020-12-15T13:31:45.191-0500][gc,phases,start] GC(8286) Phase 1: Mark live objects
[2020-12-15T13:31:45.217-0500][gc,stringtable ] GC(8286) Cleaned string and symbol table, strings: 32767 processed, 5 removed, symbols: 120723 processed, 0 removed
[2020-12-15T13:31:45.218-0500][gc,phases      ] GC(8286) Phase 1: Mark live objects 26.546ms
[2020-12-15T13:31:45.218-0500][gc,phases,start] GC(8286) Phase 2: Prepare for compaction
[2020-12-15T13:31:45.223-0500][gc,phases      ] GC(8286) Phase 2: Prepare for compaction 5.482ms
[2020-12-15T13:31:45.223-0500][gc,phases,start] GC(8286) Phase 3: Adjust pointers
[2020-12-15T13:31:45.237-0500][gc,phases      ] GC(8286) Phase 3: Adjust pointers 14.354ms
[2020-12-15T13:31:45.237-0500][gc,phases,start] GC(8286) Phase 4: Compact heap
[2020-12-15T13:31:45.240-0500][gc,phases      ] GC(8286) Phase 4: Compact heap 2.832ms
[2020-12-15T13:31:45.246-0500][gc,heap        ] GC(8286) Eden regions: 6->0(10)
[2020-12-15T13:31:45.247-0500][gc,heap        ] GC(8286) Survivor regions: 1->0(1)
[2020-12-15T13:31:45.247-0500][gc,heap        ] GC(8286) Old regions: 43->41
[2020-12-15T13:31:45.247-0500][gc,heap        ] GC(8286) Humongous regions: 4->4
[2020-12-15T13:31:45.247-0500][gc,metaspace   ] GC(8286) Metaspace: 49404K->49404K(1093632K)
[2020-12-15T13:31:45.247-0500][gc,heap        ] GC(8286) Heap after GC invocations=8287 (full 1692): garbage-first heap   total 64512K, used 43263K [0x0000000083000000, 0x0000000100000000)
[2020-12-15T13:31:45.247-0500][gc,heap        ] GC(8286)   region size 1024K, 0 young (0K), 0 survivors (0K)
[2020-12-15T13:31:45.247-0500][gc,heap        ] GC(8286)  Metaspace       used 49404K, capacity 51450K, committed 53248K, reserved 1093632K
[2020-12-15T13:31:45.247-0500][gc,heap        ] GC(8286)   class space    used 7386K, capacity 8097K, committed 8704K, reserved 1048576K
[2020-12-15T13:31:45.247-0500][gc             ] GC(8286) Pause Full (System.gc()) 47M->42M(63M) 56.048ms
[2020-12-15T13:31:45.247-0500][gc,cpu         ] GC(8286) User=0.24s Sys=0.00s Real=0.05s
[2020-12-15T13:32:26.014-0500][gc,heap        ] GC(8287) Heap before GC invocations=8287 (full 1692): garbage-first heap   total 64512K, used 53503K [0x0000000083000000, 0x0000000100000000)
[2020-12-15T13:32:26.014-0500][gc,heap        ] GC(8287)   region size 1024K, 10 young (10240K), 0 survivors (0K)
[2020-12-15T13:32:26.014-0500][gc,heap        ] GC(8287)  Metaspace       used 49404K, capacity 51450K, committed 53248K, reserved 1093632K
[2020-12-15T13:32:26.015-0500][gc,heap        ] GC(8287)   class space    used 7386K, capacity 8097K, committed 8704K, reserved 1048576K
[2020-12-15T13:32:26.015-0500][gc,start       ] GC(8287) Pause Young (Normal) (G1 Evacuation Pause)
[2020-12-15T13:32:26.015-0500][gc,task        ] GC(8287) Using 8 workers of 8 for evacuation
[2020-12-15T13:32:26.018-0500][gc,phases      ] GC(8287)   Pre Evacuate Collection Set: 0.0ms
[2020-12-15T13:32:26.018-0500][gc,phases      ] GC(8287)   Evacuate Collection Set: 1.2ms
[2020-12-15T13:32:26.018-0500][gc,phases      ] GC(8287)   Post Evacuate Collection Set: 2.2ms
[2020-12-15T13:32:26.018-0500][gc,phases      ] GC(8287)   Other: 0.6ms
[2020-12-15T13:32:26.018-0500][gc,heap        ] GC(8287) Eden regions: 10->0(9)
[2020-12-15T13:32:26.019-0500][gc,heap        ] GC(8287) Survivor regions: 0->1(2)
[2020-12-15T13:32:26.019-0500][gc,heap        ] GC(8287) Old regions: 41->41
[2020-12-15T13:32:26.019-0500][gc,heap        ] GC(8287) Humongous regions: 4->4
[2020-12-15T13:32:26.019-0500][gc,metaspace   ] GC(8287) Metaspace: 49404K->49404K(1093632K)
[2020-12-15T13:32:26.019-0500][gc,heap        ] GC(8287) Heap after GC invocations=8288 (full 1692): garbage-first heap   total 64512K, used 43312K [0x0000000083000000, 0x0000000100000000)
[2020-12-15T13:32:26.019-0500][gc,heap        ] GC(8287)   region size 1024K, 1 young (1024K), 1 survivors (1024K)
[2020-12-15T13:32:26.019-0500][gc,heap        ] GC(8287)  Metaspace       used 49404K, capacity 51450K, committed 53248K, reserved 1093632K
[2020-12-15T13:32:26.019-0500][gc,heap        ] GC(8287)   class space    used 7386K, capacity 8097K, committed 8704K, reserved 1048576K
[2020-12-15T13:32:26.019-0500][gc             ] GC(8287) Pause Young (Normal) (G1 Evacuation Pause) 52M->42M(63M) 4.108ms
[2020-12-15T13:32:26.019-0500][gc,cpu         ] GC(8287) User=0.01s Sys=0.00s Real=0.01s
[2020-12-15T13:33:15.593-0500][gc,heap        ] GC(8288) Heap before GC invocations=8288 (full 1692): garbage-first heap   total 64512K, used 52528K [0x0000000083000000, 0x0000000100000000)
[2020-12-15T13:33:15.593-0500][gc,heap        ] GC(8288)   region size 1024K, 10 young (10240K), 1 survivors (1024K)
[2020-12-15T13:33:15.593-0500][gc,heap        ] GC(8288)  Metaspace       used 49404K, capacity 51450K, committed 53248K, reserved 1093632K
[2020-12-15T13:33:15.593-0500][gc,heap        ] GC(8288)   class space    used 7386K, capacity 8097K, committed 8704K, reserved 1048576K
[2020-12-15T13:33:15.593-0500][gc,start       ] GC(8288) Pause Young (Normal) (G1 Evacuation Pause)
[2020-12-15T13:33:15.593-0500][gc,task        ] GC(8288) Using 8 workers of 8 for evacuation
[2020-12-15T13:33:15.631-0500][gc,phases      ] GC(8288)   Pre Evacuate Collection Set: 0.0ms
[2020-12-15T13:33:15.631-0500][gc,phases      ] GC(8288)   Evacuate Collection Set: 31.6ms
[2020-12-15T13:33:15.631-0500][gc,phases      ] GC(8288)   Post Evacuate Collection Set: 6.0ms
[2020-12-15T13:33:15.631-0500][gc,phases      ] GC(8288)   Other: 0.3ms
[2020-12-15T13:33:15.631-0500][gc,heap        ] GC(8288) Eden regions: 9->0(9)
[2020-12-15T13:33:15.631-0500][gc,heap        ] GC(8288) Survivor regions: 1->1(2)
[2020-12-15T13:33:15.631-0500][gc,heap        ] GC(8288) Old regions: 41->41
[2020-12-15T13:33:15.631-0500][gc,heap        ] GC(8288) Humongous regions: 4->4
[2020-12-15T13:33:15.631-0500][gc,metaspace   ] GC(8288) Metaspace: 49404K->49404K(1093632K)
[2020-12-15T13:33:15.631-0500][gc,heap        ] GC(8288) Heap after GC invocations=8289 (full 1692): garbage-first heap   total 64512K, used 43457K [0x0000000083000000, 0x0000000100000000)
[2020-12-15T13:33:15.631-0500][gc,heap        ] GC(8288)   region size 1024K, 1 young (1024K), 1 survivors (1024K)
[2020-12-15T13:33:15.631-0500][gc,heap        ] GC(8288)  Metaspace       used 49404K, capacity 51450K, committed 53248K, reserved 1093632K
[2020-12-15T13:33:15.631-0500][gc,heap        ] GC(8288)   class space    used 7386K, capacity 8097K, committed 8704K, reserved 1048576K
[2020-12-15T13:33:15.631-0500][gc             ] GC(8288) Pause Young (Normal) (G1 Evacuation Pause) 51M->42M(63M) 38.093ms
[2020-12-15T13:33:15.631-0500][gc,cpu         ] GC(8288) User=0.26s Sys=0.00s Real=0.04s
[2020-12-15T13:33:56.014-0500][gc,heap        ] GC(8289) Heap before GC invocations=8289 (full 1692): garbage-first heap   total 64512K, used 52673K [0x0000000083000000, 0x0000000100000000)
[2020-12-15T13:33:56.014-0500][gc,heap        ] GC(8289)   region size 1024K, 10 young (10240K), 1 survivors (1024K)
[2020-12-15T13:33:56.014-0500][gc,heap        ] GC(8289)  Metaspace       used 49404K, capacity 51450K, committed 53248K, reserved 1093632K
[2020-12-15T13:33:56.014-0500][gc,heap        ] GC(8289)   class space    used 7386K, capacity 8097K, committed 8704K, reserved 1048576K
[2020-12-15T13:33:56.014-0500][gc,start       ] GC(8289) Pause Young (Normal) (G1 Evacuation Pause)
[2020-12-15T13:33:56.014-0500][gc,task        ] GC(8289) Using 8 workers of 8 for evacuation
[2020-12-15T13:33:56.019-0500][gc,phases      ] GC(8289)   Pre Evacuate Collection Set: 0.0ms
[2020-12-15T13:33:56.019-0500][gc,phases      ] GC(8289)   Evacuate Collection Set: 1.1ms
[2020-12-15T13:33:56.019-0500][gc,phases      ] GC(8289)   Post Evacuate Collection Set: 3.6ms
[2020-12-15T13:33:56.019-0500][gc,phases      ] GC(8289)   Other: 0.3ms
[2020-12-15T13:33:56.019-0500][gc,heap        ] GC(8289) Eden regions: 9->0(9)
[2020-12-15T13:33:56.019-0500][gc,heap        ] GC(8289) Survivor regions: 1->1(2)
[2020-12-15T13:33:56.019-0500][gc,heap        ] GC(8289) Old regions: 41->41
[2020-12-15T13:33:56.019-0500][gc,heap        ] GC(8289) Humongous regions: 4->4
[2020-12-15T13:33:56.019-0500][gc,metaspace   ] GC(8289) Metaspace: 49404K->49404K(1093632K)
[2020-12-15T13:33:56.019-0500][gc,heap        ] GC(8289) Heap after GC invocations=8290 (full 1692): garbage-first heap   total 64512K, used 43347K [0x0000000083000000, 0x0000000100000000)
[2020-12-15T13:33:56.019-0500][gc,heap        ] GC(8289)   region size 1024K, 1 young (1024K), 1 survivors (1024K)
[2020-12-15T13:33:56.019-0500][gc,heap        ] GC(8289)  Metaspace       used 49404K, capacity 51450K, committed 53248K, reserved 1093632K
[2020-12-15T13:33:56.019-0500][gc,heap        ] GC(8289)   class space    used 7386K, capacity 8097K, committed 8704K, reserved 1048576K
[2020-12-15T13:33:56.019-0500][gc             ] GC(8289) Pause Young (Normal) (G1 Evacuation Pause) 51M->42M(63M) 5.037ms
[2020-12-15T13:33:56.019-0500][gc,cpu         ] GC(8289) User=0.02s Sys=0.00s Real=0.01s
[2020-12-15T13:34:45.599-0500][gc,heap        ] GC(8290) Heap before GC invocations=8290 (full 1692): garbage-first heap   total 64512K, used 51539K [0x0000000083000000, 0x0000000100000000)
[2020-12-15T13:34:45.599-0500][gc,heap        ] GC(8290)   region size 1024K, 10 young (10240K), 1 survivors (1024K)
[2020-12-15T13:34:45.599-0500][gc,heap        ] GC(8290)  Metaspace       used 49404K, capacity 51450K, committed 53248K, reserved 1093632K
[2020-12-15T13:34:45.599-0500][gc,heap        ] GC(8290)   class space    used 7386K, capacity 8097K, committed 8704K, reserved 1048576K
[2020-12-15T13:34:45.599-0500][gc,start       ] GC(8290) Pause Young (Normal) (G1 Evacuation Pause)
[2020-12-15T13:34:45.599-0500][gc,task        ] GC(8290) Using 8 workers of 8 for evacuation
[2020-12-15T13:34:45.606-0500][gc,phases      ] GC(8290)   Pre Evacuate Collection Set: 0.0ms
[2020-12-15T13:34:45.606-0500][gc,phases      ] GC(8290)   Evacuate Collection Set: 0.8ms
[2020-12-15T13:34:45.606-0500][gc,phases      ] GC(8290)   Post Evacuate Collection Set: 6.1ms
[2020-12-15T13:34:45.606-0500][gc,phases      ] GC(8290)   Other: 0.3ms
[2020-12-15T13:34:45.607-0500][gc,heap        ] GC(8290) Eden regions: 9->0(9)
[2020-12-15T13:34:45.607-0500][gc,heap        ] GC(8290) Survivor regions: 1->1(2)
[2020-12-15T13:34:45.607-0500][gc,heap        ] GC(8290) Old regions: 41->41
[2020-12-15T13:34:45.607-0500][gc,heap        ] GC(8290) Humongous regions: 4->4
[2020-12-15T13:34:45.607-0500][gc,metaspace   ] GC(8290) Metaspace: 49404K->49404K(1093632K)
[2020-12-15T13:34:45.607-0500][gc,heap        ] GC(8290) Heap after GC invocations=8291 (full 1692): garbage-first heap   total 64512K, used 43461K [0x0000000083000000, 0x0000000100000000)
[2020-12-15T13:34:45.607-0500][gc,heap        ] GC(8290)   region size 1024K, 1 young (1024K), 1 survivors (1024K)
[2020-12-15T13:34:45.607-0500][gc,heap        ] GC(8290)  Metaspace       used 49404K, capacity 51450K, committed 53248K, reserved 1093632K
[2020-12-15T13:34:45.607-0500][gc,heap        ] GC(8290)   class space    used 7386K, capacity 8097K, committed 8704K, reserved 1048576K
[2020-12-15T13:34:45.607-0500][gc             ] GC(8290) Pause Young (Normal) (G1 Evacuation Pause) 51M->42M(63M) 7.497ms
[2020-12-15T13:34:45.607-0500][gc,cpu         ] GC(8290) User=0.04s Sys=0.00s Real=0.00s
[2020-12-15T13:35:25.588-0500][gc,heap        ] GC(8291) Heap before GC invocations=8291 (full 1692): garbage-first heap   total 64512K, used 52677K [0x0000000083000000, 0x0000000100000000)
[2020-12-15T13:35:25.588-0500][gc,heap        ] GC(8291)   region size 1024K, 10 young (10240K), 1 survivors (1024K)
[2020-12-15T13:35:25.588-0500][gc,heap        ] GC(8291)  Metaspace       used 49404K, capacity 51450K, committed 53248K, reserved 1093632K
[2020-12-15T13:35:25.588-0500][gc,heap        ] GC(8291)   class space    used 7386K, capacity 8097K, committed 8704K, reserved 1048576K
[2020-12-15T13:35:25.588-0500][gc,start       ] GC(8291) Pause Young (Normal) (G1 Evacuation Pause)
[2020-12-15T13:35:25.588-0500][gc,task        ] GC(8291) Using 8 workers of 8 for evacuation
[2020-12-15T13:35:25.590-0500][gc,phases      ] GC(8291)   Pre Evacuate Collection Set: 0.0ms
[2020-12-15T13:35:25.590-0500][gc,phases      ] GC(8291)   Evacuate Collection Set: 0.7ms
[2020-12-15T13:35:25.590-0500][gc,phases      ] GC(8291)   Post Evacuate Collection Set: 0.7ms
[2020-12-15T13:35:25.590-0500][gc,phases      ] GC(8291)   Other: 0.2ms
[2020-12-15T13:35:25.590-0500][gc,heap        ] GC(8291) Eden regions: 9->0(9)
[2020-12-15T13:35:25.590-0500][gc,heap        ] GC(8291) Survivor regions: 1->1(2)
[2020-12-15T13:35:25.590-0500][gc,heap        ] GC(8291) Old regions: 41->41
[2020-12-15T13:35:25.590-0500][gc,heap        ] GC(8291) Humongous regions: 4->4
[2020-12-15T13:35:25.590-0500][gc,metaspace   ] GC(8291) Metaspace: 49404K->49404K(1093632K)
[2020-12-15T13:35:25.590-0500][gc,heap        ] GC(8291) Heap after GC invocations=8292 (full 1692): garbage-first heap   total 64512K, used 43522K [0x0000000083000000, 0x0000000100000000)
[2020-12-15T13:35:25.590-0500][gc,heap        ] GC(8291)   region size 1024K, 1 young (1024K), 1 survivors (1024K)
[2020-12-15T13:35:25.590-0500][gc,heap        ] GC(8291)  Metaspace       used 49404K, capacity 51450K, committed 53248K, reserved 1093632K
[2020-12-15T13:35:25.590-0500][gc,heap        ] GC(8291)   class space    used 7386K, capacity 8097K, committed 8704K, reserved 1048576K
[2020-12-15T13:35:25.590-0500][gc             ] GC(8291) Pause Young (Normal) (G1 Evacuation Pause) 51M->42M(63M) 1.662ms
[2020-12-15T13:35:25.590-0500][gc,cpu         ] GC(8291) User=0.00s Sys=0.00s Real=0.00s
[2020-12-15T13:36:07.106-0500][gc,heap        ] GC(8292) Heap before GC invocations=8292 (full 1692): garbage-first heap   total 64512K, used 51714K [0x0000000083000000, 0x0000000100000000)
[2020-12-15T13:36:07.106-0500][gc,heap        ] GC(8292)   region size 1024K, 10 young (10240K), 1 survivors (1024K)
[2020-12-15T13:36:07.106-0500][gc,heap        ] GC(8292)  Metaspace       used 49404K, capacity 51450K, committed 53248K, reserved 1093632K
[2020-12-15T13:36:07.106-0500][gc,heap        ] GC(8292)   class space    used 7386K, capacity 8097K, committed 8704K, reserved 1048576K
[2020-12-15T13:36:07.106-0500][gc,start       ] GC(8292) Pause Young (Normal) (G1 Evacuation Pause)
[2020-12-15T13:36:07.106-0500][gc,task        ] GC(8292) Using 8 workers of 8 for evacuation
[2020-12-15T13:36:07.111-0500][gc,phases      ] GC(8292)   Pre Evacuate Collection Set: 0.0ms
[2020-12-15T13:36:07.111-0500][gc,phases      ] GC(8292)   Evacuate Collection Set: 1.7ms
[2020-12-15T13:36:07.111-0500][gc,phases      ] GC(8292)   Post Evacuate Collection Set: 2.9ms
[2020-12-15T13:36:07.111-0500][gc,phases      ] GC(8292)   Other: 0.5ms
[2020-12-15T13:36:07.111-0500][gc,heap        ] GC(8292) Eden regions: 9->0(9)
[2020-12-15T13:36:07.111-0500][gc,heap        ] GC(8292) Survivor regions: 1->1(2)
[2020-12-15T13:36:07.111-0500][gc,heap        ] GC(8292) Old regions: 41->41
[2020-12-15T13:36:07.111-0500][gc,heap        ] GC(8292) Humongous regions: 4->4
[2020-12-15T13:36:07.111-0500][gc,metaspace   ] GC(8292) Metaspace: 49404K->49404K(1093632K)
[2020-12-15T13:36:07.111-0500][gc,heap        ] GC(8292) Heap after GC invocations=8293 (full 1692): garbage-first heap   total 64512K, used 43372K [0x0000000083000000, 0x0000000100000000)
[2020-12-15T13:36:07.111-0500][gc,heap        ] GC(8292)   region size 1024K, 1 young (1024K), 1 survivors (1024K)
[2020-12-15T13:36:07.111-0500][gc,heap        ] GC(8292)  Metaspace       used 49404K, capacity 51450K, committed 53248K, reserved 1093632K
[2020-12-15T13:36:07.111-0500][gc,heap        ] GC(8292)   class space    used 7386K, capacity 8097K, committed 8704K, reserved 1048576K
[2020-12-15T13:36:07.112-0500][gc             ] GC(8292) Pause Young (Normal) (G1 Evacuation Pause) 51M->42M(63M) 5.740ms
[2020-12-15T13:36:07.112-0500][gc,cpu         ] GC(8292) User=0.01s Sys=0.01s Real=0.01s
[2020-12-15T13:36:45.191-0500][gc,task        ] GC(8293) Using 5 workers of 8 for full compaction
[2020-12-15T13:36:45.192-0500][gc,start       ] GC(8293) Pause Full (System.gc())
[2020-12-15T13:36:45.192-0500][gc,heap        ] GC(8293) Heap before GC invocations=8293 (full 1692): garbage-first heap   total 64512K, used 48492K [0x0000000083000000, 0x0000000100000000)
[2020-12-15T13:36:45.192-0500][gc,heap        ] GC(8293)   region size 1024K, 8 young (8192K), 1 survivors (1024K)
[2020-12-15T13:36:45.192-0500][gc,heap        ] GC(8293)  Metaspace       used 49404K, capacity 51450K, committed 53248K, reserved 1093632K
[2020-12-15T13:36:45.192-0500][gc,heap        ] GC(8293)   class space    used 7386K, capacity 8097K, committed 8704K, reserved 1048576K
[2020-12-15T13:36:45.192-0500][gc,phases,start] GC(8293) Phase 1: Mark live objects
[2020-12-15T13:36:45.216-0500][gc,stringtable ] GC(8293) Cleaned string and symbol table, strings: 32767 processed, 5 removed, symbols: 120723 processed, 0 removed
[2020-12-15T13:36:45.217-0500][gc,phases      ] GC(8293) Phase 1: Mark live objects 24.499ms
[2020-12-15T13:36:45.217-0500][gc,phases,start] GC(8293) Phase 2: Prepare for compaction
[2020-12-15T13:36:45.221-0500][gc,phases      ] GC(8293) Phase 2: Prepare for compaction 4.082ms
[2020-12-15T13:36:45.221-0500][gc,phases,start] GC(8293) Phase 3: Adjust pointers
[2020-12-15T13:36:45.234-0500][gc,phases      ] GC(8293) Phase 3: Adjust pointers 13.330ms
[2020-12-15T13:36:45.234-0500][gc,phases,start] GC(8293) Phase 4: Compact heap
[2020-12-15T13:36:45.237-0500][gc,phases      ] GC(8293) Phase 4: Compact heap 2.887ms
[2020-12-15T13:36:45.243-0500][gc,heap        ] GC(8293) Eden regions: 7->0(10)
[2020-12-15T13:36:45.244-0500][gc,heap        ] GC(8293) Survivor regions: 1->0(2)
[2020-12-15T13:36:45.244-0500][gc,heap        ] GC(8293) Old regions: 41->41
[2020-12-15T13:36:45.244-0500][gc,heap        ] GC(8293) Humongous regions: 4->4
[2020-12-15T13:36:45.244-0500][gc,metaspace   ] GC(8293) Metaspace: 49404K->49404K(1093632K)
[2020-12-15T13:36:45.244-0500][gc,heap        ] GC(8293) Heap after GC invocations=8294 (full 1693): garbage-first heap   total 64512K, used 43271K [0x0000000083000000, 0x0000000100000000)
[2020-12-15T13:36:45.244-0500][gc,heap        ] GC(8293)   region size 1024K, 0 young (0K), 0 survivors (0K)
[2020-12-15T13:36:45.244-0500][gc,heap        ] GC(8293)  Metaspace       used 49404K, capacity 51450K, committed 53248K, reserved 1093632K
[2020-12-15T13:36:45.244-0500][gc,heap        ] GC(8293)   class space    used 7386K, capacity 8097K, committed 8704K, reserved 1048576K
[2020-12-15T13:36:45.244-0500][gc             ] GC(8293) Pause Full (System.gc()) 48M->42M(63M) 52.132ms
[2020-12-15T13:36:45.244-0500][gc,cpu         ] GC(8293) User=0.21s Sys=0.00s Real=0.05s
[2020-12-15T13:37:26.017-0500][gc,heap        ] GC(8294) Heap before GC invocations=8294 (full 1693): garbage-first heap   total 64512K, used 52487K [0x0000000083000000, 0x0000000100000000)
[2020-12-15T13:37:26.017-0500][gc,heap        ] GC(8294)   region size 1024K, 10 young (10240K), 0 survivors (0K)
[2020-12-15T13:37:26.017-0500][gc,heap        ] GC(8294)  Metaspace       used 49404K, capacity 51450K, committed 53248K, reserved 1093632K
[2020-12-15T13:37:26.017-0500][gc,heap        ] GC(8294)   class space    used 7386K, capacity 8097K, committed 8704K, reserved 1048576K
[2020-12-15T13:37:26.017-0500][gc,start       ] GC(8294) Pause Young (Normal) (G1 Evacuation Pause)
[2020-12-15T13:37:26.017-0500][gc,task        ] GC(8294) Using 8 workers of 8 for evacuation
[2020-12-15T13:37:26.019-0500][gc,phases      ] GC(8294)   Pre Evacuate Collection Set: 0.0ms
[2020-12-15T13:37:26.019-0500][gc,phases      ] GC(8294)   Evacuate Collection Set: 0.9ms
[2020-12-15T13:37:26.019-0500][gc,phases      ] GC(8294)   Post Evacuate Collection Set: 1.3ms
[2020-12-15T13:37:26.019-0500][gc,phases      ] GC(8294)   Other: 0.3ms
[2020-12-15T13:37:26.019-0500][gc,heap        ] GC(8294) Eden regions: 10->0(9)
[2020-12-15T13:37:26.019-0500][gc,heap        ] GC(8294) Survivor regions: 0->1(2)
[2020-12-15T13:37:26.019-0500][gc,heap        ] GC(8294) Old regions: 41->41
[2020-12-15T13:37:26.019-0500][gc,heap        ] GC(8294) Humongous regions: 4->4
[2020-12-15T13:37:26.019-0500][gc,metaspace   ] GC(8294) Metaspace: 49404K->49404K(1093632K)
[2020-12-15T13:37:26.019-0500][gc,heap        ] GC(8294) Heap after GC invocations=8295 (full 1693): garbage-first heap   total 64512K, used 43320K [0x0000000083000000, 0x0000000100000000)
[2020-12-15T13:37:26.019-0500][gc,heap        ] GC(8294)   region size 1024K, 1 young (1024K), 1 survivors (1024K)
[2020-12-15T13:37:26.019-0500][gc,heap        ] GC(8294)  Metaspace       used 49404K, capacity 51450K, committed 53248K, reserved 1093632K
[2020-12-15T13:37:26.019-0500][gc,heap        ] GC(8294)   class space    used 7386K, capacity 8097K, committed 8704K, reserved 1048576K
[2020-12-15T13:37:26.019-0500][gc             ] GC(8294) Pause Young (Normal) (G1 Evacuation Pause) 52M->42M(63M) 2.635ms
[2020-12-15T13:37:26.019-0500][gc,cpu         ] GC(8294) User=0.00s Sys=0.00s Real=0.01s
[2020-12-15T13:38:15.602-0500][gc,heap        ] GC(8295) Heap before GC invocations=8295 (full 1693): garbage-first heap   total 64512K, used 51512K [0x0000000083000000, 0x0000000100000000)
[2020-12-15T13:38:15.602-0500][gc,heap        ] GC(8295)   region size 1024K, 10 young (10240K), 1 survivors (1024K)
[2020-12-15T13:38:15.602-0500][gc,heap        ] GC(8295)  Metaspace       used 49404K, capacity 51450K, committed 53248K, reserved 1093632K
[2020-12-15T13:38:15.602-0500][gc,heap        ] GC(8295)   class space    used 7386K, capacity 8097K, committed 8704K, reserved 1048576K
[2020-12-15T13:38:15.602-0500][gc,start       ] GC(8295) Pause Young (Normal) (G1 Evacuation Pause)
[2020-12-15T13:38:15.602-0500][gc,task        ] GC(8295) Using 8 workers of 8 for evacuation
[2020-12-15T13:38:15.608-0500][gc,phases      ] GC(8295)   Pre Evacuate Collection Set: 0.0ms
[2020-12-15T13:38:15.608-0500][gc,phases      ] GC(8295)   Evacuate Collection Set: 2.2ms
[2020-12-15T13:38:15.608-0500][gc,phases      ] GC(8295)   Post Evacuate Collection Set: 3.2ms
[2020-12-15T13:38:15.608-0500][gc,phases      ] GC(8295)   Other: 0.7ms
[2020-12-15T13:38:15.608-0500][gc,heap        ] GC(8295) Eden regions: 9->0(9)
[2020-12-15T13:38:15.608-0500][gc,heap        ] GC(8295) Survivor regions: 1->1(2)
[2020-12-15T13:38:15.608-0500][gc,heap        ] GC(8295) Old regions: 41->41
[2020-12-15T13:38:15.608-0500][gc,heap        ] GC(8295) Humongous regions: 4->4
[2020-12-15T13:38:15.608-0500][gc,metaspace   ] GC(8295) Metaspace: 49404K->49404K(1093632K)
[2020-12-15T13:38:15.608-0500][gc,heap        ] GC(8295) Heap after GC invocations=8296 (full 1693): garbage-first heap   total 64512K, used 43466K [0x0000000083000000, 0x0000000100000000)
[2020-12-15T13:38:15.608-0500][gc,heap        ] GC(8295)   region size 1024K, 1 young (1024K), 1 survivors (1024K)
[2020-12-15T13:38:15.608-0500][gc,heap        ] GC(8295)  Metaspace       used 49404K, capacity 51450K, committed 53248K, reserved 1093632K
[2020-12-15T13:38:15.608-0500][gc,heap        ] GC(8295)   class space    used 7386K, capacity 8097K, committed 8704K, reserved 1048576K
[2020-12-15T13:38:15.609-0500][gc             ] GC(8295) Pause Young (Normal) (G1 Evacuation Pause) 51M->42M(63M) 6.550ms
[2020-12-15T13:38:15.609-0500][gc,cpu         ] GC(8295) User=0.02s Sys=0.00s Real=0.01s
[2020-12-15T13:38:56.012-0500][gc,heap        ] GC(8296) Heap before GC invocations=8296 (full 1693): garbage-first heap   total 64512K, used 51658K [0x0000000083000000, 0x0000000100000000)
[2020-12-15T13:38:56.013-0500][gc,heap        ] GC(8296)   region size 1024K, 10 young (10240K), 1 survivors (1024K)
[2020-12-15T13:38:56.013-0500][gc,heap        ] GC(8296)  Metaspace       used 49404K, capacity 51450K, committed 53248K, reserved 1093632K
[2020-12-15T13:38:56.013-0500][gc,heap        ] GC(8296)   class space    used 7386K, capacity 8097K, committed 8704K, reserved 1048576K
[2020-12-15T13:38:56.013-0500][gc,start       ] GC(8296) Pause Young (Normal) (G1 Evacuation Pause)
[2020-12-15T13:38:56.013-0500][gc,task        ] GC(8296) Using 8 workers of 8 for evacuation
[2020-12-15T13:38:56.014-0500][gc,phases      ] GC(8296)   Pre Evacuate Collection Set: 0.0ms
[2020-12-15T13:38:56.014-0500][gc,phases      ] GC(8296)   Evacuate Collection Set: 0.6ms
[2020-12-15T13:38:56.014-0500][gc,phases      ] GC(8296)   Post Evacuate Collection Set: 1.0ms
[2020-12-15T13:38:56.015-0500][gc,phases      ] GC(8296)   Other: 0.3ms
[2020-12-15T13:38:56.015-0500][gc,heap        ] GC(8296) Eden regions: 9->0(9)
[2020-12-15T13:38:56.015-0500][gc,heap        ] GC(8296) Survivor regions: 1->1(2)
[2020-12-15T13:38:56.015-0500][gc,heap        ] GC(8296) Old regions: 41->41
[2020-12-15T13:38:56.015-0500][gc,heap        ] GC(8296) Humongous regions: 4->4
[2020-12-15T13:38:56.015-0500][gc,metaspace   ] GC(8296) Metaspace: 49404K->49404K(1093632K)
[2020-12-15T13:38:56.015-0500][gc,heap        ] GC(8296) Heap after GC invocations=8297 (full 1693): garbage-first heap   total 64512K, used 43339K [0x0000000083000000, 0x0000000100000000)
[2020-12-15T13:38:56.015-0500][gc,heap        ] GC(8296)   region size 1024K, 1 young (1024K), 1 survivors (1024K)
[2020-12-15T13:38:56.015-0500][gc,heap        ] GC(8296)  Metaspace       used 49404K, capacity 51450K, committed 53248K, reserved 1093632K
[2020-12-15T13:38:56.015-0500][gc,heap        ] GC(8296)   class space    used 7386K, capacity 8097K, committed 8704K, reserved 1048576K
[2020-12-15T13:38:56.015-0500][gc             ] GC(8296) Pause Young (Normal) (G1 Evacuation Pause) 51M->42M(63M) 1.947ms
[2020-12-15T13:38:56.015-0500][gc,cpu         ] GC(8296) User=0.00s Sys=0.00s Real=0.00s
[2020-12-15T13:39:45.592-0500][gc,heap        ] GC(8297) Heap before GC invocations=8297 (full 1693): garbage-first heap   total 64512K, used 51531K [0x0000000083000000, 0x0000000100000000)
[2020-12-15T13:39:45.592-0500][gc,heap        ] GC(8297)   region size 1024K, 10 young (10240K), 1 survivors (1024K)
[2020-12-15T13:39:45.592-0500][gc,heap        ] GC(8297)  Metaspace       used 49404K, capacity 51450K, committed 53248K, reserved 1093632K
[2020-12-15T13:39:45.592-0500][gc,heap        ] GC(8297)   class space    used 7386K, capacity 8097K, committed 8704K, reserved 1048576K
[2020-12-15T13:39:45.592-0500][gc,start       ] GC(8297) Pause Young (Normal) (G1 Evacuation Pause)
[2020-12-15T13:39:45.592-0500][gc,task        ] GC(8297) Using 8 workers of 8 for evacuation
[2020-12-15T13:39:45.596-0500][gc,phases      ] GC(8297)   Pre Evacuate Collection Set: 0.0ms
[2020-12-15T13:39:45.596-0500][gc,phases      ] GC(8297)   Evacuate Collection Set: 0.9ms
[2020-12-15T13:39:45.596-0500][gc,phases      ] GC(8297)   Post Evacuate Collection Set: 3.2ms
[2020-12-15T13:39:45.596-0500][gc,phases      ] GC(8297)   Other: 0.2ms
[2020-12-15T13:39:45.596-0500][gc,heap        ] GC(8297) Eden regions: 9->0(9)
[2020-12-15T13:39:45.596-0500][gc,heap        ] GC(8297) Survivor regions: 1->1(2)
[2020-12-15T13:39:45.596-0500][gc,heap        ] GC(8297) Old regions: 41->41
[2020-12-15T13:39:45.596-0500][gc,heap        ] GC(8297) Humongous regions: 4->4
[2020-12-15T13:39:45.596-0500][gc,metaspace   ] GC(8297) Metaspace: 49404K->49404K(1093632K)
[2020-12-15T13:39:45.596-0500][gc,heap        ] GC(8297) Heap after GC invocations=8298 (full 1693): garbage-first heap   total 64512K, used 43357K [0x0000000083000000, 0x0000000100000000)
[2020-12-15T13:39:45.597-0500][gc,heap        ] GC(8297)   region size 1024K, 1 young (1024K), 1 survivors (1024K)
[2020-12-15T13:39:45.597-0500][gc,heap        ] GC(8297)  Metaspace       used 49404K, capacity 51450K, committed 53248K, reserved 1093632K
[2020-12-15T13:39:45.597-0500][gc,heap        ] GC(8297)   class space    used 7386K, capacity 8097K, committed 8704K, reserved 1048576K
[2020-12-15T13:39:45.597-0500][gc             ] GC(8297) Pause Young (Normal) (G1 Evacuation Pause) 51M->42M(63M) 4.531ms
[2020-12-15T13:39:45.597-0500][gc,cpu         ] GC(8297) User=0.01s Sys=0.00s Real=0.00s
[2020-12-15T13:40:25.605-0500][gc,heap        ] GC(8298) Heap before GC invocations=8298 (full 1693): garbage-first heap   total 64512K, used 51549K [0x0000000083000000, 0x0000000100000000)
[2020-12-15T13:40:25.605-0500][gc,heap        ] GC(8298)   region size 1024K, 10 young (10240K), 1 survivors (1024K)
[2020-12-15T13:40:25.605-0500][gc,heap        ] GC(8298)  Metaspace       used 49404K, capacity 51450K, committed 53248K, reserved 1093632K
[2020-12-15T13:40:25.605-0500][gc,heap        ] GC(8298)   class space    used 7386K, capacity 8097K, committed 8704K, reserved 1048576K
[2020-12-15T13:40:25.605-0500][gc,start       ] GC(8298) Pause Young (Normal) (G1 Evacuation Pause)
[2020-12-15T13:40:25.605-0500][gc,task        ] GC(8298) Using 8 workers of 8 for evacuation
[2020-12-15T13:40:25.611-0500][gc,phases      ] GC(8298)   Pre Evacuate Collection Set: 0.0ms
[2020-12-15T13:40:25.611-0500][gc,phases      ] GC(8298)   Evacuate Collection Set: 2.7ms
[2020-12-15T13:40:25.611-0500][gc,phases      ] GC(8298)   Post Evacuate Collection Set: 2.3ms
[2020-12-15T13:40:25.611-0500][gc,phases      ] GC(8298)   Other: 0.5ms
[2020-12-15T13:40:25.611-0500][gc,heap        ] GC(8298) Eden regions: 9->0(9)
[2020-12-15T13:40:25.611-0500][gc,heap        ] GC(8298) Survivor regions: 1->1(2)
[2020-12-15T13:40:25.611-0500][gc,heap        ] GC(8298) Old regions: 41->41
[2020-12-15T13:40:25.611-0500][gc,heap        ] GC(8298) Humongous regions: 4->4
[2020-12-15T13:40:25.611-0500][gc,metaspace   ] GC(8298) Metaspace: 49404K->49404K(1093632K)
[2020-12-15T13:40:25.611-0500][gc,heap        ] GC(8298) Heap after GC invocations=8299 (full 1693): garbage-first heap   total 64512K, used 43517K [0x0000000083000000, 0x0000000100000000)
[2020-12-15T13:40:25.611-0500][gc,heap        ] GC(8298)   region size 1024K, 1 young (1024K), 1 survivors (1024K)
[2020-12-15T13:40:25.611-0500][gc,heap        ] GC(8298)  Metaspace       used 49404K, capacity 51450K, committed 53248K, reserved 1093632K
[2020-12-15T13:40:25.611-0500][gc,heap        ] GC(8298)   class space    used 7386K, capacity 8097K, committed 8704K, reserved 1048576K
[2020-12-15T13:40:25.611-0500][gc             ] GC(8298) Pause Young (Normal) (G1 Evacuation Pause) 51M->42M(63M) 5.767ms
[2020-12-15T13:40:25.611-0500][gc,cpu         ] GC(8298) User=0.02s Sys=0.00s Real=0.01s
[2020-12-15T13:41:06.017-0500][gc,heap        ] GC(8299) Heap before GC invocations=8299 (full 1693): garbage-first heap   total 64512K, used 51709K [0x0000000083000000, 0x0000000100000000)
[2020-12-15T13:41:06.017-0500][gc,heap        ] GC(8299)   region size 1024K, 10 young (10240K), 1 survivors (1024K)
[2020-12-15T13:41:06.017-0500][gc,heap        ] GC(8299)  Metaspace       used 49404K, capacity 51450K, committed 53248K, reserved 1093632K
[2020-12-15T13:41:06.017-0500][gc,heap        ] GC(8299)   class space    used 7386K, capacity 8097K, committed 8704K, reserved 1048576K
[2020-12-15T13:41:06.017-0500][gc,start       ] GC(8299) Pause Young (Normal) (G1 Evacuation Pause)
[2020-12-15T13:41:06.017-0500][gc,task        ] GC(8299) Using 8 workers of 8 for evacuation
[2020-12-15T13:41:06.021-0500][gc,phases      ] GC(8299)   Pre Evacuate Collection Set: 0.0ms
[2020-12-15T13:41:06.021-0500][gc,phases      ] GC(8299)   Evacuate Collection Set: 1.7ms
[2020-12-15T13:41:06.021-0500][gc,phases      ] GC(8299)   Post Evacuate Collection Set: 2.4ms
[2020-12-15T13:41:06.021-0500][gc,phases      ] GC(8299)   Other: 0.5ms
[2020-12-15T13:41:06.021-0500][gc,heap        ] GC(8299) Eden regions: 9->0(9)
[2020-12-15T13:41:06.021-0500][gc,heap        ] GC(8299) Survivor regions: 1->1(2)
[2020-12-15T13:41:06.021-0500][gc,heap        ] GC(8299) Old regions: 41->41
[2020-12-15T13:41:06.022-0500][gc,heap        ] GC(8299) Humongous regions: 4->4
[2020-12-15T13:41:06.022-0500][gc,metaspace   ] GC(8299) Metaspace: 49404K->49404K(1093632K)
[2020-12-15T13:41:06.022-0500][gc,heap        ] GC(8299) Heap after GC invocations=8300 (full 1693): garbage-first heap   total 64512K, used 43366K [0x0000000083000000, 0x0000000100000000)
[2020-12-15T13:41:06.022-0500][gc,heap        ] GC(8299)   region size 1024K, 1 young (1024K), 1 survivors (1024K)
[2020-12-15T13:41:06.022-0500][gc,heap        ] GC(8299)  Metaspace       used 49404K, capacity 51450K, committed 53248K, reserved 1093632K
[2020-12-15T13:41:06.022-0500][gc,heap        ] GC(8299)   class space    used 7386K, capacity 8097K, committed 8704K, reserved 1048576K
[2020-12-15T13:41:06.022-0500][gc             ] GC(8299) Pause Young (Normal) (G1 Evacuation Pause) 51M->42M(63M) 4.813ms
[2020-12-15T13:41:06.022-0500][gc,cpu         ] GC(8299) User=0.01s Sys=0.01s Real=0.01s
[2020-12-15T13:41:45.192-0500][gc,task        ] GC(8300) Using 5 workers of 8 for full compaction
[2020-12-15T13:41:45.192-0500][gc,start       ] GC(8300) Pause Full (System.gc())
[2020-12-15T13:41:45.192-0500][gc,heap        ] GC(8300) Heap before GC invocations=8300 (full 1693): garbage-first heap   total 64512K, used 49510K [0x0000000083000000, 0x0000000100000000)
[2020-12-15T13:41:45.192-0500][gc,heap        ] GC(8300)   region size 1024K, 8 young (8192K), 1 survivors (1024K)
[2020-12-15T13:41:45.192-0500][gc,heap        ] GC(8300)  Metaspace       used 49404K, capacity 51450K, committed 53248K, reserved 1093632K
[2020-12-15T13:41:45.192-0500][gc,heap        ] GC(8300)   class space    used 7386K, capacity 8097K, committed 8704K, reserved 1048576K
[2020-12-15T13:41:45.193-0500][gc,phases,start] GC(8300) Phase 1: Mark live objects
[2020-12-15T13:41:45.234-0500][gc,stringtable ] GC(8300) Cleaned string and symbol table, strings: 32767 processed, 5 removed, symbols: 120723 processed, 0 removed
[2020-12-15T13:41:45.234-0500][gc,phases      ] GC(8300) Phase 1: Mark live objects 41.544ms
[2020-12-15T13:41:45.234-0500][gc,phases,start] GC(8300) Phase 2: Prepare for compaction
[2020-12-15T13:41:45.238-0500][gc,phases      ] GC(8300) Phase 2: Prepare for compaction 3.836ms
[2020-12-15T13:41:45.238-0500][gc,phases,start] GC(8300) Phase 3: Adjust pointers
[2020-12-15T13:41:45.248-0500][gc,phases      ] GC(8300) Phase 3: Adjust pointers 9.723ms
[2020-12-15T13:41:45.248-0500][gc,phases,start] GC(8300) Phase 4: Compact heap
[2020-12-15T13:41:45.251-0500][gc,phases      ] GC(8300) Phase 4: Compact heap 3.070ms
[2020-12-15T13:41:45.257-0500][gc,heap        ] GC(8300) Eden regions: 7->0(9)
[2020-12-15T13:41:45.257-0500][gc,heap        ] GC(8300) Survivor regions: 1->0(2)
[2020-12-15T13:41:45.257-0500][gc,heap        ] GC(8300) Old regions: 41->42
[2020-12-15T13:41:45.257-0500][gc,heap        ] GC(8300) Humongous regions: 4->4
[2020-12-15T13:41:45.257-0500][gc,metaspace   ] GC(8300) Metaspace: 49404K->49404K(1093632K)
[2020-12-15T13:41:45.257-0500][gc,heap        ] GC(8300) Heap after GC invocations=8301 (full 1694): garbage-first heap   total 64512K, used 43271K [0x0000000083000000, 0x0000000100000000)
[2020-12-15T13:41:45.257-0500][gc,heap        ] GC(8300)   region size 1024K, 0 young (0K), 0 survivors (0K)
[2020-12-15T13:41:45.257-0500][gc,heap        ] GC(8300)  Metaspace       used 49404K, capacity 51450K, committed 53248K, reserved 1093632K
[2020-12-15T13:41:45.257-0500][gc,heap        ] GC(8300)   class space    used 7386K, capacity 8097K, committed 8704K, reserved 1048576K
[2020-12-15T13:41:45.257-0500][gc             ] GC(8300) Pause Full (System.gc()) 48M->42M(63M) 65.045ms
[2020-12-15T13:41:45.257-0500][gc,cpu         ] GC(8300) User=0.25s Sys=0.00s Real=0.06s
[2020-12-15T13:42:25.596-0500][gc,heap        ] GC(8301) Heap before GC invocations=8301 (full 1694): garbage-first heap   total 64512K, used 51463K [0x0000000083000000, 0x0000000100000000)
[2020-12-15T13:42:25.596-0500][gc,heap        ] GC(8301)   region size 1024K, 9 young (9216K), 0 survivors (0K)
[2020-12-15T13:42:25.596-0500][gc,heap        ] GC(8301)  Metaspace       used 49404K, capacity 51450K, committed 53248K, reserved 1093632K
[2020-12-15T13:42:25.596-0500][gc,heap        ] GC(8301)   class space    used 7386K, capacity 8097K, committed 8704K, reserved 1048576K
[2020-12-15T13:42:25.596-0500][gc,start       ] GC(8301) Pause Young (Normal) (G1 Evacuation Pause)
[2020-12-15T13:42:25.596-0500][gc,task        ] GC(8301) Using 8 workers of 8 for evacuation
[2020-12-15T13:42:25.598-0500][gc,phases      ] GC(8301)   Pre Evacuate Collection Set: 0.0ms
[2020-12-15T13:42:25.599-0500][gc,phases      ] GC(8301)   Evacuate Collection Set: 1.0ms
[2020-12-15T13:42:25.599-0500][gc,phases      ] GC(8301)   Post Evacuate Collection Set: 1.3ms
[2020-12-15T13:42:25.599-0500][gc,phases      ] GC(8301)   Other: 0.3ms
[2020-12-15T13:42:25.599-0500][gc,heap        ] GC(8301) Eden regions: 9->0(8)
[2020-12-15T13:42:25.599-0500][gc,heap        ] GC(8301) Survivor regions: 0->1(2)
[2020-12-15T13:42:25.599-0500][gc,heap        ] GC(8301) Old regions: 42->42
[2020-12-15T13:42:25.599-0500][gc,heap        ] GC(8301) Humongous regions: 4->4
[2020-12-15T13:42:25.599-0500][gc,metaspace   ] GC(8301) Metaspace: 49404K->49404K(1093632K)
[2020-12-15T13:42:25.599-0500][gc,heap        ] GC(8301) Heap after GC invocations=8302 (full 1694): garbage-first heap   total 64512K, used 43481K [0x0000000083000000, 0x0000000100000000)
[2020-12-15T13:42:25.599-0500][gc,heap        ] GC(8301)   region size 1024K, 1 young (1024K), 1 survivors (1024K)
[2020-12-15T13:42:25.599-0500][gc,heap        ] GC(8301)  Metaspace       used 49404K, capacity 51450K, committed 53248K, reserved 1093632K
[2020-12-15T13:42:25.599-0500][gc,heap        ] GC(8301)   class space    used 7386K, capacity 8097K, committed 8704K, reserved 1048576K
[2020-12-15T13:42:25.599-0500][gc             ] GC(8301) Pause Young (Normal) (G1 Evacuation Pause) 51M->42M(63M) 2.597ms
[2020-12-15T13:42:25.599-0500][gc,cpu         ] GC(8301) User=0.01s Sys=0.00s Real=0.01s
[2020-12-15T13:43:05.603-0500][gc,heap        ] GC(8302) Heap before GC invocations=8302 (full 1694): garbage-first heap   total 64512K, used 50649K [0x0000000083000000, 0x0000000100000000)
[2020-12-15T13:43:05.603-0500][gc,heap        ] GC(8302)   region size 1024K, 9 young (9216K), 1 survivors (1024K)
[2020-12-15T13:43:05.603-0500][gc,heap        ] GC(8302)  Metaspace       used 49404K, capacity 51450K, committed 53248K, reserved 1093632K
[2020-12-15T13:43:05.603-0500][gc,heap        ] GC(8302)   class space    used 7386K, capacity 8097K, committed 8704K, reserved 1048576K
[2020-12-15T13:43:05.604-0500][gc,start       ] GC(8302) Pause Young (Normal) (G1 Evacuation Pause)
[2020-12-15T13:43:05.604-0500][gc,task        ] GC(8302) Using 8 workers of 8 for evacuation
[2020-12-15T13:43:05.607-0500][gc,phases      ] GC(8302)   Pre Evacuate Collection Set: 0.0ms
[2020-12-15T13:43:05.607-0500][gc,phases      ] GC(8302)   Evacuate Collection Set: 2.2ms
[2020-12-15T13:43:05.607-0500][gc,phases      ] GC(8302)   Post Evacuate Collection Set: 1.4ms
[2020-12-15T13:43:05.607-0500][gc,phases      ] GC(8302)   Other: 0.8ms
[2020-12-15T13:43:05.607-0500][gc,heap        ] GC(8302) Eden regions: 8->0(8)
[2020-12-15T13:43:05.608-0500][gc,heap        ] GC(8302) Survivor regions: 1->1(2)
[2020-12-15T13:43:05.608-0500][gc,heap        ] GC(8302) Old regions: 42->42
[2020-12-15T13:43:05.608-0500][gc,heap        ] GC(8302) Humongous regions: 4->4
[2020-12-15T13:43:05.608-0500][gc,metaspace   ] GC(8302) Metaspace: 49404K->49404K(1093632K)
[2020-12-15T13:43:05.608-0500][gc,heap        ] GC(8302) Heap after GC invocations=8303 (full 1694): garbage-first heap   total 64512K, used 43473K [0x0000000083000000, 0x0000000100000000)
[2020-12-15T13:43:05.608-0500][gc,heap        ] GC(8302)   region size 1024K, 1 young (1024K), 1 survivors (1024K)
[2020-12-15T13:43:05.608-0500][gc,heap        ] GC(8302)  Metaspace       used 49404K, capacity 51450K, committed 53248K, reserved 1093632K
[2020-12-15T13:43:05.608-0500][gc,heap        ] GC(8302)   class space    used 7386K, capacity 8097K, committed 8704K, reserved 1048576K
[2020-12-15T13:43:05.608-0500][gc             ] GC(8302) Pause Young (Normal) (G1 Evacuation Pause) 50M->42M(63M) 4.119ms
[2020-12-15T13:43:05.608-0500][gc,cpu         ] GC(8302) User=0.01s Sys=0.01s Real=0.00s
[2020-12-15T13:43:45.608-0500][gc,heap        ] GC(8303) Heap before GC invocations=8303 (full 1694): garbage-first heap   total 64512K, used 50641K [0x0000000083000000, 0x0000000100000000)
[2020-12-15T13:43:45.608-0500][gc,heap        ] GC(8303)   region size 1024K, 9 young (9216K), 1 survivors (1024K)
[2020-12-15T13:43:45.608-0500][gc,heap        ] GC(8303)  Metaspace       used 49404K, capacity 51450K, committed 53248K, reserved 1093632K
[2020-12-15T13:43:45.608-0500][gc,heap        ] GC(8303)   class space    used 7386K, capacity 8097K, committed 8704K, reserved 1048576K
[2020-12-15T13:43:45.608-0500][gc,start       ] GC(8303) Pause Young (Normal) (G1 Evacuation Pause)
[2020-12-15T13:43:45.608-0500][gc,task        ] GC(8303) Using 8 workers of 8 for evacuation
[2020-12-15T13:43:45.613-0500][gc,phases      ] GC(8303)   Pre Evacuate Collection Set: 0.0ms
[2020-12-15T13:43:45.613-0500][gc,phases      ] GC(8303)   Evacuate Collection Set: 2.4ms
[2020-12-15T13:43:45.613-0500][gc,phases      ] GC(8303)   Post Evacuate Collection Set: 2.0ms
[2020-12-15T13:43:45.613-0500][gc,phases      ] GC(8303)   Other: 0.5ms
[2020-12-15T13:43:45.613-0500][gc,heap        ] GC(8303) Eden regions: 8->0(8)
[2020-12-15T13:43:45.613-0500][gc,heap        ] GC(8303) Survivor regions: 1->1(2)
[2020-12-15T13:43:45.613-0500][gc,heap        ] GC(8303) Old regions: 42->42
[2020-12-15T13:43:45.613-0500][gc,heap        ] GC(8303) Humongous regions: 4->4
[2020-12-15T13:43:45.613-0500][gc,metaspace   ] GC(8303) Metaspace: 49404K->49404K(1093632K)
[2020-12-15T13:43:45.613-0500][gc,heap        ] GC(8303) Heap after GC invocations=8304 (full 1694): garbage-first heap   total 64512K, used 43479K [0x0000000083000000, 0x0000000100000000)
[2020-12-15T13:43:45.613-0500][gc,heap        ] GC(8303)   region size 1024K, 1 young (1024K), 1 survivors (1024K)
[2020-12-15T13:43:45.613-0500][gc,heap        ] GC(8303)  Metaspace       used 49404K, capacity 51450K, committed 53248K, reserved 1093632K
[2020-12-15T13:43:45.613-0500][gc,heap        ] GC(8303)   class space    used 7386K, capacity 8097K, committed 8704K, reserved 1048576K
[2020-12-15T13:43:45.613-0500][gc             ] GC(8303) Pause Young (Normal) (G1 Evacuation Pause) 50M->42M(63M) 5.046ms
[2020-12-15T13:43:45.613-0500][gc,cpu         ] GC(8303) User=0.01s Sys=0.00s Real=0.00s
[2020-12-15T13:44:25.595-0500][gc,heap        ] GC(8304) Heap before GC invocations=8304 (full 1694): garbage-first heap   total 64512K, used 50647K [0x0000000083000000, 0x0000000100000000)
[2020-12-15T13:44:25.595-0500][gc,heap        ] GC(8304)   region size 1024K, 9 young (9216K), 1 survivors (1024K)
[2020-12-15T13:44:25.595-0500][gc,heap        ] GC(8304)  Metaspace       used 49404K, capacity 51450K, committed 53248K, reserved 1093632K
[2020-12-15T13:44:25.595-0500][gc,heap        ] GC(8304)   class space    used 7386K, capacity 8097K, committed 8704K, reserved 1048576K
[2020-12-15T13:44:25.595-0500][gc,start       ] GC(8304) Pause Young (Normal) (G1 Evacuation Pause)
[2020-12-15T13:44:25.595-0500][gc,task        ] GC(8304) Using 8 workers of 8 for evacuation
[2020-12-15T13:44:25.600-0500][gc,phases      ] GC(8304)   Pre Evacuate Collection Set: 0.0ms
[2020-12-15T13:44:25.600-0500][gc,phases      ] GC(8304)   Evacuate Collection Set: 3.7ms
[2020-12-15T13:44:25.600-0500][gc,phases      ] GC(8304)   Post Evacuate Collection Set: 1.1ms
[2020-12-15T13:44:25.600-0500][gc,phases      ] GC(8304)   Other: 0.3ms
[2020-12-15T13:44:25.600-0500][gc,heap        ] GC(8304) Eden regions: 8->0(8)
[2020-12-15T13:44:25.600-0500][gc,heap        ] GC(8304) Survivor regions: 1->1(2)
[2020-12-15T13:44:25.600-0500][gc,heap        ] GC(8304) Old regions: 42->42
[2020-12-15T13:44:25.600-0500][gc,heap        ] GC(8304) Humongous regions: 4->4
[2020-12-15T13:44:25.600-0500][gc,metaspace   ] GC(8304) Metaspace: 49404K->49404K(1093632K)
[2020-12-15T13:44:25.600-0500][gc,heap        ] GC(8304) Heap after GC invocations=8305 (full 1694): garbage-first heap   total 64512K, used 43476K [0x0000000083000000, 0x0000000100000000)
[2020-12-15T13:44:25.600-0500][gc,heap        ] GC(8304)   region size 1024K, 1 young (1024K), 1 survivors (1024K)
[2020-12-15T13:44:25.600-0500][gc,heap        ] GC(8304)  Metaspace       used 49404K, capacity 51450K, committed 53248K, reserved 1093632K
[2020-12-15T13:44:25.600-0500][gc,heap        ] GC(8304)   class space    used 7386K, capacity 8097K, committed 8704K, reserved 1048576K
[2020-12-15T13:44:25.600-0500][gc             ] GC(8304) Pause Young (Normal) (G1 Evacuation Pause) 50M->42M(63M) 5.062ms
[2020-12-15T13:44:25.600-0500][gc,cpu         ] GC(8304) User=0.02s Sys=0.00s Real=0.01s
[2020-12-15T13:45:05.602-0500][gc,heap        ] GC(8305) Heap before GC invocations=8305 (full 1694): garbage-first heap   total 64512K, used 50644K [0x0000000083000000, 0x0000000100000000)
[2020-12-15T13:45:05.602-0500][gc,heap        ] GC(8305)   region size 1024K, 9 young (9216K), 1 survivors (1024K)
[2020-12-15T13:45:05.602-0500][gc,heap        ] GC(8305)  Metaspace       used 49404K, capacity 51450K, committed 53248K, reserved 1093632K
[2020-12-15T13:45:05.602-0500][gc,heap        ] GC(8305)   class space    used 7386K, capacity 8097K, committed 8704K, reserved 1048576K
[2020-12-15T13:45:05.603-0500][gc,start       ] GC(8305) Pause Young (Normal) (G1 Evacuation Pause)
[2020-12-15T13:45:05.603-0500][gc,task        ] GC(8305) Using 8 workers of 8 for evacuation
[2020-12-15T13:45:05.607-0500][gc,phases      ] GC(8305)   Pre Evacuate Collection Set: 0.0ms
[2020-12-15T13:45:05.607-0500][gc,phases      ] GC(8305)   Evacuate Collection Set: 1.7ms
[2020-12-15T13:45:05.607-0500][gc,phases      ] GC(8305)   Post Evacuate Collection Set: 2.1ms
[2020-12-15T13:45:05.607-0500][gc,phases      ] GC(8305)   Other: 0.5ms
[2020-12-15T13:45:05.607-0500][gc,heap        ] GC(8305) Eden regions: 8->0(8)
[2020-12-15T13:45:05.607-0500][gc,heap        ] GC(8305) Survivor regions: 1->1(2)
[2020-12-15T13:45:05.607-0500][gc,heap        ] GC(8305) Old regions: 42->42
[2020-12-15T13:45:05.607-0500][gc,heap        ] GC(8305) Humongous regions: 4->4
[2020-12-15T13:45:05.607-0500][gc,metaspace   ] GC(8305) Metaspace: 49404K->49404K(1093632K)
[2020-12-15T13:45:05.607-0500][gc,heap        ] GC(8305) Heap after GC invocations=8306 (full 1694): garbage-first heap   total 64512K, used 43415K [0x0000000083000000, 0x0000000100000000)
[2020-12-15T13:45:05.607-0500][gc,heap        ] GC(8305)   region size 1024K, 1 young (1024K), 1 survivors (1024K)
[2020-12-15T13:45:05.607-0500][gc,heap        ] GC(8305)  Metaspace       used 49404K, capacity 51450K, committed 53248K, reserved 1093632K
[2020-12-15T13:45:05.607-0500][gc,heap        ] GC(8305)   class space    used 7386K, capacity 8097K, committed 8704K, reserved 1048576K
[2020-12-15T13:45:05.607-0500][gc             ] GC(8305) Pause Young (Normal) (G1 Evacuation Pause) 50M->42M(63M) 4.408ms
[2020-12-15T13:45:05.607-0500][gc,cpu         ] GC(8305) User=0.01s Sys=0.01s Real=0.00s
[2020-12-15T13:45:45.605-0500][gc,heap        ] GC(8306) Heap before GC invocations=8306 (full 1694): garbage-first heap   total 64512K, used 50583K [0x0000000083000000, 0x0000000100000000)
[2020-12-15T13:45:45.605-0500][gc,heap        ] GC(8306)   region size 1024K, 9 young (9216K), 1 survivors (1024K)
[2020-12-15T13:45:45.605-0500][gc,heap        ] GC(8306)  Metaspace       used 49404K, capacity 51450K, committed 53248K, reserved 1093632K
[2020-12-15T13:45:45.605-0500][gc,heap        ] GC(8306)   class space    used 7386K, capacity 8097K, committed 8704K, reserved 1048576K
[2020-12-15T13:45:45.605-0500][gc,start       ] GC(8306) Pause Young (Normal) (G1 Evacuation Pause)
[2020-12-15T13:45:45.605-0500][gc,task        ] GC(8306) Using 8 workers of 8 for evacuation
[2020-12-15T13:45:45.611-0500][gc,phases      ] GC(8306)   Pre Evacuate Collection Set: 0.0ms
[2020-12-15T13:45:45.611-0500][gc,phases      ] GC(8306)   Evacuate Collection Set: 2.9ms
[2020-12-15T13:45:45.611-0500][gc,phases      ] GC(8306)   Post Evacuate Collection Set: 2.4ms
[2020-12-15T13:45:45.611-0500][gc,phases      ] GC(8306)   Other: 0.6ms
[2020-12-15T13:45:45.611-0500][gc,heap        ] GC(8306) Eden regions: 8->0(8)
[2020-12-15T13:45:45.611-0500][gc,heap        ] GC(8306) Survivor regions: 1->1(2)
[2020-12-15T13:45:45.611-0500][gc,heap        ] GC(8306) Old regions: 42->42
[2020-12-15T13:45:45.611-0500][gc,heap        ] GC(8306) Humongous regions: 4->4
[2020-12-15T13:45:45.611-0500][gc,metaspace   ] GC(8306) Metaspace: 49404K->49404K(1093632K)
[2020-12-15T13:45:45.611-0500][gc,heap        ] GC(8306) Heap after GC invocations=8307 (full 1694): garbage-first heap   total 64512K, used 43389K [0x0000000083000000, 0x0000000100000000)
[2020-12-15T13:45:45.611-0500][gc,heap        ] GC(8306)   region size 1024K, 1 young (1024K), 1 survivors (1024K)
[2020-12-15T13:45:45.611-0500][gc,heap        ] GC(8306)  Metaspace       used 49404K, capacity 51450K, committed 53248K, reserved 1093632K
[2020-12-15T13:45:45.611-0500][gc,heap        ] GC(8306)   class space    used 7386K, capacity 8097K, committed 8704K, reserved 1048576K
[2020-12-15T13:45:45.611-0500][gc             ] GC(8306) Pause Young (Normal) (G1 Evacuation Pause) 50M->42M(63M) 6.293ms
[2020-12-15T13:45:45.611-0500][gc,cpu         ] GC(8306) User=0.02s Sys=0.00s Real=0.01s
[2020-12-15T13:46:16.010-0500][gc,heap        ] GC(8307) Heap before GC invocations=8307 (full 1694): garbage-first heap   total 64512K, used 50557K [0x0000000083000000, 0x0000000100000000)
[2020-12-15T13:46:16.011-0500][gc,heap        ] GC(8307)   region size 1024K, 9 young (9216K), 1 survivors (1024K)
[2020-12-15T13:46:16.011-0500][gc,heap        ] GC(8307)  Metaspace       used 49404K, capacity 51450K, committed 53248K, reserved 1093632K
[2020-12-15T13:46:16.011-0500][gc,heap        ] GC(8307)   class space    used 7386K, capacity 8097K, committed 8704K, reserved 1048576K
[2020-12-15T13:46:16.011-0500][gc,start       ] GC(8307) Pause Young (Normal) (G1 Evacuation Pause)
[2020-12-15T13:46:16.011-0500][gc,task        ] GC(8307) Using 8 workers of 8 for evacuation
[2020-12-15T13:46:16.013-0500][gc,phases      ] GC(8307)   Pre Evacuate Collection Set: 0.0ms
[2020-12-15T13:46:16.013-0500][gc,phases      ] GC(8307)   Evacuate Collection Set: 0.7ms
[2020-12-15T13:46:16.013-0500][gc,phases      ] GC(8307)   Post Evacuate Collection Set: 1.3ms
[2020-12-15T13:46:16.013-0500][gc,phases      ] GC(8307)   Other: 0.2ms
[2020-12-15T13:46:16.013-0500][gc,heap        ] GC(8307) Eden regions: 8->0(8)
[2020-12-15T13:46:16.013-0500][gc,heap        ] GC(8307) Survivor regions: 1->1(2)
[2020-12-15T13:46:16.013-0500][gc,heap        ] GC(8307) Old regions: 42->42
[2020-12-15T13:46:16.013-0500][gc,heap        ] GC(8307) Humongous regions: 4->4
[2020-12-15T13:46:16.013-0500][gc,metaspace   ] GC(8307) Metaspace: 49404K->49404K(1093632K)
[2020-12-15T13:46:16.013-0500][gc,heap        ] GC(8307) Heap after GC invocations=8308 (full 1694): garbage-first heap   total 64512K, used 43396K [0x0000000083000000, 0x0000000100000000)
[2020-12-15T13:46:16.013-0500][gc,heap        ] GC(8307)   region size 1024K, 1 young (1024K), 1 survivors (1024K)
[2020-12-15T13:46:16.013-0500][gc,heap        ] GC(8307)  Metaspace       used 49404K, capacity 51450K, committed 53248K, reserved 1093632K
[2020-12-15T13:46:16.013-0500][gc,heap        ] GC(8307)   class space    used 7386K, capacity 8097K, committed 8704K, reserved 1048576K
[2020-12-15T13:46:16.013-0500][gc             ] GC(8307) Pause Young (Normal) (G1 Evacuation Pause) 50M->42M(63M) 2.155ms
[2020-12-15T13:46:16.013-0500][gc,cpu         ] GC(8307) User=0.00s Sys=0.00s Real=0.00s
[2020-12-15T13:46:45.191-0500][gc,task        ] GC(8308) Using 5 workers of 8 for full compaction
[2020-12-15T13:46:45.191-0500][gc,start       ] GC(8308) Pause Full (System.gc())
[2020-12-15T13:46:45.191-0500][gc,heap        ] GC(8308) Heap before GC invocations=8308 (full 1694): garbage-first heap   total 64512K, used 46468K [0x0000000083000000, 0x0000000100000000)
[2020-12-15T13:46:45.191-0500][gc,heap        ] GC(8308)   region size 1024K, 6 young (6144K), 1 survivors (1024K)
[2020-12-15T13:46:45.191-0500][gc,heap        ] GC(8308)  Metaspace       used 49404K, capacity 51450K, committed 53248K, reserved 1093632K
[2020-12-15T13:46:45.191-0500][gc,heap        ] GC(8308)   class space    used 7386K, capacity 8097K, committed 8704K, reserved 1048576K
[2020-12-15T13:46:45.192-0500][gc,phases,start] GC(8308) Phase 1: Mark live objects
[2020-12-15T13:46:45.232-0500][gc,stringtable ] GC(8308) Cleaned string and symbol table, strings: 32767 processed, 5 removed, symbols: 120723 processed, 0 removed
[2020-12-15T13:46:45.232-0500][gc,phases      ] GC(8308) Phase 1: Mark live objects 40.179ms
[2020-12-15T13:46:45.232-0500][gc,phases,start] GC(8308) Phase 2: Prepare for compaction
[2020-12-15T13:46:45.238-0500][gc,phases      ] GC(8308) Phase 2: Prepare for compaction 5.875ms
[2020-12-15T13:46:45.238-0500][gc,phases,start] GC(8308) Phase 3: Adjust pointers
[2020-12-15T13:46:45.250-0500][gc,phases      ] GC(8308) Phase 3: Adjust pointers 11.858ms
[2020-12-15T13:46:45.250-0500][gc,phases,start] GC(8308) Phase 4: Compact heap
[2020-12-15T13:46:45.252-0500][gc,phases      ] GC(8308) Phase 4: Compact heap 2.510ms
[2020-12-15T13:46:45.258-0500][gc,heap        ] GC(8308) Eden regions: 5->0(9)
[2020-12-15T13:46:45.258-0500][gc,heap        ] GC(8308) Survivor regions: 1->0(2)
[2020-12-15T13:46:45.258-0500][gc,heap        ] GC(8308) Old regions: 42->42
[2020-12-15T13:46:45.258-0500][gc,heap        ] GC(8308) Humongous regions: 4->4
[2020-12-15T13:46:45.258-0500][gc,metaspace   ] GC(8308) Metaspace: 49404K->49404K(1093632K)
[2020-12-15T13:46:45.258-0500][gc,heap        ] GC(8308) Heap after GC invocations=8309 (full 1695): garbage-first heap   total 64512K, used 43265K [0x0000000083000000, 0x0000000100000000)
[2020-12-15T13:46:45.258-0500][gc,heap        ] GC(8308)   region size 1024K, 0 young (0K), 0 survivors (0K)
[2020-12-15T13:46:45.258-0500][gc,heap        ] GC(8308)  Metaspace       used 49404K, capacity 51450K, committed 53248K, reserved 1093632K
[2020-12-15T13:46:45.258-0500][gc,heap        ] GC(8308)   class space    used 7386K, capacity 8097K, committed 8704K, reserved 1048576K
[2020-12-15T13:46:45.258-0500][gc             ] GC(8308) Pause Full (System.gc()) 47M->42M(63M) 67.322ms
[2020-12-15T13:46:45.258-0500][gc,cpu         ] GC(8308) User=0.28s Sys=0.00s Real=0.07s
[2020-12-15T13:47:25.606-0500][gc,heap        ] GC(8309) Heap before GC invocations=8309 (full 1695): garbage-first heap   total 64512K, used 51457K [0x0000000083000000, 0x0000000100000000)
[2020-12-15T13:47:25.606-0500][gc,heap        ] GC(8309)   region size 1024K, 9 young (9216K), 0 survivors (0K)
[2020-12-15T13:47:25.606-0500][gc,heap        ] GC(8309)  Metaspace       used 49404K, capacity 51450K, committed 53248K, reserved 1093632K
[2020-12-15T13:47:25.606-0500][gc,heap        ] GC(8309)   class space    used 7386K, capacity 8097K, committed 8704K, reserved 1048576K
[2020-12-15T13:47:25.606-0500][gc,start       ] GC(8309) Pause Young (Normal) (G1 Evacuation Pause)
[2020-12-15T13:47:25.606-0500][gc,task        ] GC(8309) Using 8 workers of 8 for evacuation
[2020-12-15T13:47:25.611-0500][gc,phases      ] GC(8309)   Pre Evacuate Collection Set: 0.0ms
[2020-12-15T13:47:25.611-0500][gc,phases      ] GC(8309)   Evacuate Collection Set: 2.2ms
[2020-12-15T13:47:25.611-0500][gc,phases      ] GC(8309)   Post Evacuate Collection Set: 3.0ms
[2020-12-15T13:47:25.611-0500][gc,phases      ] GC(8309)   Other: 0.5ms
[2020-12-15T13:47:25.611-0500][gc,heap        ] GC(8309) Eden regions: 9->0(8)
[2020-12-15T13:47:25.612-0500][gc,heap        ] GC(8309) Survivor regions: 0->1(2)
[2020-12-15T13:47:25.612-0500][gc,heap        ] GC(8309) Old regions: 42->42
[2020-12-15T13:47:25.612-0500][gc,heap        ] GC(8309) Humongous regions: 4->4
[2020-12-15T13:47:25.612-0500][gc,metaspace   ] GC(8309) Metaspace: 49404K->49404K(1093632K)
[2020-12-15T13:47:25.612-0500][gc,heap        ] GC(8309) Heap after GC invocations=8310 (full 1695): garbage-first heap   total 64512K, used 43465K [0x0000000083000000, 0x0000000100000000)
[2020-12-15T13:47:25.612-0500][gc,heap        ] GC(8309)   region size 1024K, 1 young (1024K), 1 survivors (1024K)
[2020-12-15T13:47:25.612-0500][gc,heap        ] GC(8309)  Metaspace       used 49404K, capacity 51450K, committed 53248K, reserved 1093632K
[2020-12-15T13:47:25.612-0500][gc,heap        ] GC(8309)   class space    used 7386K, capacity 8097K, committed 8704K, reserved 1048576K
[2020-12-15T13:47:25.612-0500][gc             ] GC(8309) Pause Young (Normal) (G1 Evacuation Pause) 51M->42M(63M) 5.809ms
[2020-12-15T13:47:25.612-0500][gc,cpu         ] GC(8309) User=0.01s Sys=0.00s Real=0.01s
[2020-12-15T13:48:05.605-0500][gc,heap        ] GC(8310) Heap before GC invocations=8310 (full 1695): garbage-first heap   total 64512K, used 51657K [0x0000000083000000, 0x0000000100000000)
[2020-12-15T13:48:05.605-0500][gc,heap        ] GC(8310)   region size 1024K, 9 young (9216K), 1 survivors (1024K)
[2020-12-15T13:48:05.605-0500][gc,heap        ] GC(8310)  Metaspace       used 49404K, capacity 51450K, committed 53248K, reserved 1093632K
[2020-12-15T13:48:05.605-0500][gc,heap        ] GC(8310)   class space    used 7386K, capacity 8097K, committed 8704K, reserved 1048576K
[2020-12-15T13:48:05.605-0500][gc,start       ] GC(8310) Pause Young (Normal) (G1 Evacuation Pause)
[2020-12-15T13:48:05.605-0500][gc,task        ] GC(8310) Using 8 workers of 8 for evacuation
[2020-12-15T13:48:05.608-0500][gc,phases      ] GC(8310)   Pre Evacuate Collection Set: 0.0ms
[2020-12-15T13:48:05.608-0500][gc,phases      ] GC(8310)   Evacuate Collection Set: 1.6ms
[2020-12-15T13:48:05.608-0500][gc,phases      ] GC(8310)   Post Evacuate Collection Set: 1.6ms
[2020-12-15T13:48:05.608-0500][gc,phases      ] GC(8310)   Other: 0.5ms
[2020-12-15T13:48:05.608-0500][gc,heap        ] GC(8310) Eden regions: 8->0(8)
[2020-12-15T13:48:05.608-0500][gc,heap        ] GC(8310) Survivor regions: 1->1(2)
[2020-12-15T13:48:05.608-0500][gc,heap        ] GC(8310) Old regions: 42->42
[2020-12-15T13:48:05.608-0500][gc,heap        ] GC(8310) Humongous regions: 4->4
[2020-12-15T13:48:05.608-0500][gc,metaspace   ] GC(8310) Metaspace: 49404K->49404K(1093632K)
[2020-12-15T13:48:05.608-0500][gc,heap        ] GC(8310) Heap after GC invocations=8311 (full 1695): garbage-first heap   total 64512K, used 43456K [0x0000000083000000, 0x0000000100000000)
[2020-12-15T13:48:05.608-0500][gc,heap        ] GC(8310)   region size 1024K, 1 young (1024K), 1 survivors (1024K)
[2020-12-15T13:48:05.609-0500][gc,heap        ] GC(8310)  Metaspace       used 49404K, capacity 51450K, committed 53248K, reserved 1093632K
[2020-12-15T13:48:05.609-0500][gc,heap        ] GC(8310)   class space    used 7386K, capacity 8097K, committed 8704K, reserved 1048576K
[2020-12-15T13:48:05.609-0500][gc             ] GC(8310) Pause Young (Normal) (G1 Evacuation Pause) 50M->42M(63M) 3.770ms
[2020-12-15T13:48:05.609-0500][gc,cpu         ] GC(8310) User=0.01s Sys=0.00s Real=0.01s
[2020-12-15T13:48:45.611-0500][gc,heap        ] GC(8311) Heap before GC invocations=8311 (full 1695): garbage-first heap   total 64512K, used 50624K [0x0000000083000000, 0x0000000100000000)
[2020-12-15T13:48:45.611-0500][gc,heap        ] GC(8311)   region size 1024K, 9 young (9216K), 1 survivors (1024K)
[2020-12-15T13:48:45.611-0500][gc,heap        ] GC(8311)  Metaspace       used 49404K, capacity 51450K, committed 53248K, reserved 1093632K
[2020-12-15T13:48:45.611-0500][gc,heap        ] GC(8311)   class space    used 7386K, capacity 8097K, committed 8704K, reserved 1048576K
[2020-12-15T13:48:45.611-0500][gc,start       ] GC(8311) Pause Young (Normal) (G1 Evacuation Pause)
[2020-12-15T13:48:45.611-0500][gc,task        ] GC(8311) Using 8 workers of 8 for evacuation
[2020-12-15T13:48:45.618-0500][gc,phases      ] GC(8311)   Pre Evacuate Collection Set: 0.0ms
[2020-12-15T13:48:45.618-0500][gc,phases      ] GC(8311)   Evacuate Collection Set: 2.2ms
[2020-12-15T13:48:45.618-0500][gc,phases      ] GC(8311)   Post Evacuate Collection Set: 4.1ms
[2020-12-15T13:48:45.618-0500][gc,phases      ] GC(8311)   Other: 0.7ms
[2020-12-15T13:48:45.618-0500][gc,heap        ] GC(8311) Eden regions: 8->0(8)
[2020-12-15T13:48:45.618-0500][gc,heap        ] GC(8311) Survivor regions: 1->1(2)
[2020-12-15T13:48:45.618-0500][gc,heap        ] GC(8311) Old regions: 42->42
[2020-12-15T13:48:45.618-0500][gc,heap        ] GC(8311) Humongous regions: 4->4
[2020-12-15T13:48:45.618-0500][gc,metaspace   ] GC(8311) Metaspace: 49404K->49404K(1093632K)
[2020-12-15T13:48:45.618-0500][gc,heap        ] GC(8311) Heap after GC invocations=8312 (full 1695): garbage-first heap   total 64512K, used 43437K [0x0000000083000000, 0x0000000100000000)
[2020-12-15T13:48:45.618-0500][gc,heap        ] GC(8311)   region size 1024K, 1 young (1024K), 1 survivors (1024K)
[2020-12-15T13:48:45.618-0500][gc,heap        ] GC(8311)  Metaspace       used 49404K, capacity 51450K, committed 53248K, reserved 1093632K
[2020-12-15T13:48:45.619-0500][gc,heap        ] GC(8311)   class space    used 7386K, capacity 8097K, committed 8704K, reserved 1048576K
[2020-12-15T13:48:45.619-0500][gc             ] GC(8311) Pause Young (Normal) (G1 Evacuation Pause) 50M->42M(63M) 7.261ms
[2020-12-15T13:48:45.619-0500][gc,cpu         ] GC(8311) User=0.01s Sys=0.01s Real=0.01s
[2020-12-15T13:49:25.443-0500][gc,heap        ] GC(8312) Heap before GC invocations=8312 (full 1695): garbage-first heap   total 64512K, used 50605K [0x0000000083000000, 0x0000000100000000)
[2020-12-15T13:49:25.444-0500][gc,heap        ] GC(8312)   region size 1024K, 9 young (9216K), 1 survivors (1024K)
[2020-12-15T13:49:25.444-0500][gc,heap        ] GC(8312)  Metaspace       used 49404K, capacity 51450K, committed 53248K, reserved 1093632K
[2020-12-15T13:49:25.444-0500][gc,heap        ] GC(8312)   class space    used 7386K, capacity 8097K, committed 8704K, reserved 1048576K
[2020-12-15T13:49:25.444-0500][gc,start       ] GC(8312) Pause Young (Normal) (G1 Evacuation Pause)
[2020-12-15T13:49:25.444-0500][gc,task        ] GC(8312) Using 8 workers of 8 for evacuation
[2020-12-15T13:49:25.448-0500][gc,phases      ] GC(8312)   Pre Evacuate Collection Set: 0.0ms
[2020-12-15T13:49:25.448-0500][gc,phases      ] GC(8312)   Evacuate Collection Set: 1.6ms
[2020-12-15T13:49:25.448-0500][gc,phases      ] GC(8312)   Post Evacuate Collection Set: 2.7ms
[2020-12-15T13:49:25.448-0500][gc,phases      ] GC(8312)   Other: 0.5ms
[2020-12-15T13:49:25.448-0500][gc,heap        ] GC(8312) Eden regions: 8->0(8)
[2020-12-15T13:49:25.448-0500][gc,heap        ] GC(8312) Survivor regions: 1->1(2)
[2020-12-15T13:49:25.448-0500][gc,heap        ] GC(8312) Old regions: 42->42
[2020-12-15T13:49:25.449-0500][gc,heap        ] GC(8312) Humongous regions: 4->4
[2020-12-15T13:49:25.449-0500][gc,metaspace   ] GC(8312) Metaspace: 49404K->49404K(1093632K)
[2020-12-15T13:49:25.449-0500][gc,heap        ] GC(8312) Heap after GC invocations=8313 (full 1695): garbage-first heap   total 64512K, used 43359K [0x0000000083000000, 0x0000000100000000)
[2020-12-15T13:49:25.449-0500][gc,heap        ] GC(8312)   region size 1024K, 1 young (1024K), 1 survivors (1024K)
[2020-12-15T13:49:25.449-0500][gc,heap        ] GC(8312)  Metaspace       used 49404K, capacity 51450K, committed 53248K, reserved 1093632K
[2020-12-15T13:49:25.449-0500][gc,heap        ] GC(8312)   class space    used 7386K, capacity 8097K, committed 8704K, reserved 1048576K
[2020-12-15T13:49:25.449-0500][gc             ] GC(8312) Pause Young (Normal) (G1 Evacuation Pause) 50M->42M(63M) 4.948ms
[2020-12-15T13:49:25.449-0500][gc,cpu         ] GC(8312) User=0.01s Sys=0.00s Real=0.01s
[2020-12-15T13:49:56.016-0500][gc,heap        ] GC(8313) Heap before GC invocations=8313 (full 1695): garbage-first heap   total 64512K, used 50527K [0x0000000083000000, 0x0000000100000000)
[2020-12-15T13:49:56.016-0500][gc,heap        ] GC(8313)   region size 1024K, 9 young (9216K), 1 survivors (1024K)
[2020-12-15T13:49:56.016-0500][gc,heap        ] GC(8313)  Metaspace       used 49404K, capacity 51450K, committed 53248K, reserved 1093632K
[2020-12-15T13:49:56.016-0500][gc,heap        ] GC(8313)   class space    used 7386K, capacity 8097K, committed 8704K, reserved 1048576K
[2020-12-15T13:49:56.016-0500][gc,start       ] GC(8313) Pause Young (Normal) (G1 Evacuation Pause)
[2020-12-15T13:49:56.016-0500][gc,task        ] GC(8313) Using 8 workers of 8 for evacuation
[2020-12-15T13:49:56.018-0500][gc,phases      ] GC(8313)   Pre Evacuate Collection Set: 0.0ms
[2020-12-15T13:49:56.018-0500][gc,phases      ] GC(8313)   Evacuate Collection Set: 0.6ms
[2020-12-15T13:49:56.018-0500][gc,phases      ] GC(8313)   Post Evacuate Collection Set: 1.1ms
[2020-12-15T13:49:56.018-0500][gc,phases      ] GC(8313)   Other: 0.2ms
[2020-12-15T13:49:56.018-0500][gc,heap        ] GC(8313) Eden regions: 8->0(8)
[2020-12-15T13:49:56.018-0500][gc,heap        ] GC(8313) Survivor regions: 1->1(2)
[2020-12-15T13:49:56.018-0500][gc,heap        ] GC(8313) Old regions: 42->42
[2020-12-15T13:49:56.018-0500][gc,heap        ] GC(8313) Humongous regions: 4->4
[2020-12-15T13:49:56.018-0500][gc,metaspace   ] GC(8313) Metaspace: 49404K->49404K(1093632K)
[2020-12-15T13:49:56.018-0500][gc,heap        ] GC(8313) Heap after GC invocations=8314 (full 1695): garbage-first heap   total 64512K, used 43335K [0x0000000083000000, 0x0000000100000000)
[2020-12-15T13:49:56.018-0500][gc,heap        ] GC(8313)   region size 1024K, 1 young (1024K), 1 survivors (1024K)
[2020-12-15T13:49:56.018-0500][gc,heap        ] GC(8313)  Metaspace       used 49404K, capacity 51450K, committed 53248K, reserved 1093632K
[2020-12-15T13:49:56.018-0500][gc,heap        ] GC(8313)   class space    used 7386K, capacity 8097K, committed 8704K, reserved 1048576K
[2020-12-15T13:49:56.018-0500][gc             ] GC(8313) Pause Young (Normal) (G1 Evacuation Pause) 50M->42M(63M) 1.864ms
[2020-12-15T13:49:56.018-0500][gc,cpu         ] GC(8313) User=0.00s Sys=0.01s Real=0.01s
[2020-12-15T13:50:36.021-0500][gc,heap        ] GC(8314) Heap before GC invocations=8314 (full 1695): garbage-first heap   total 64512K, used 50503K [0x0000000083000000, 0x0000000100000000)
[2020-12-15T13:50:36.021-0500][gc,heap        ] GC(8314)   region size 1024K, 9 young (9216K), 1 survivors (1024K)
[2020-12-15T13:50:36.021-0500][gc,heap        ] GC(8314)  Metaspace       used 49404K, capacity 51450K, committed 53248K, reserved 1093632K
[2020-12-15T13:50:36.021-0500][gc,heap        ] GC(8314)   class space    used 7386K, capacity 8097K, committed 8704K, reserved 1048576K
[2020-12-15T13:50:36.021-0500][gc,start       ] GC(8314) Pause Young (Normal) (G1 Evacuation Pause)
[2020-12-15T13:50:36.021-0500][gc,task        ] GC(8314) Using 8 workers of 8 for evacuation
[2020-12-15T13:50:36.025-0500][gc,phases      ] GC(8314)   Pre Evacuate Collection Set: 0.0ms
[2020-12-15T13:50:36.025-0500][gc,phases      ] GC(8314)   Evacuate Collection Set: 1.4ms
[2020-12-15T13:50:36.025-0500][gc,phases      ] GC(8314)   Post Evacuate Collection Set: 2.4ms
[2020-12-15T13:50:36.025-0500][gc,phases      ] GC(8314)   Other: 0.4ms
[2020-12-15T13:50:36.025-0500][gc,heap        ] GC(8314) Eden regions: 8->0(8)
[2020-12-15T13:50:36.025-0500][gc,heap        ] GC(8314) Survivor regions: 1->1(2)
[2020-12-15T13:50:36.025-0500][gc,heap        ] GC(8314) Old regions: 42->42
[2020-12-15T13:50:36.026-0500][gc,heap        ] GC(8314) Humongous regions: 4->4
[2020-12-15T13:50:36.026-0500][gc,metaspace   ] GC(8314) Metaspace: 49404K->49404K(1093632K)
[2020-12-15T13:50:36.026-0500][gc,heap        ] GC(8314) Heap after GC invocations=8315 (full 1695): garbage-first heap   total 64512K, used 43359K [0x0000000083000000, 0x0000000100000000)
[2020-12-15T13:50:36.026-0500][gc,heap        ] GC(8314)   region size 1024K, 1 young (1024K), 1 survivors (1024K)
[2020-12-15T13:50:36.026-0500][gc,heap        ] GC(8314)  Metaspace       used 49404K, capacity 51450K, committed 53248K, reserved 1093632K
[2020-12-15T13:50:36.026-0500][gc,heap        ] GC(8314)   class space    used 7386K, capacity 8097K, committed 8704K, reserved 1048576K
[2020-12-15T13:50:36.026-0500][gc             ] GC(8314) Pause Young (Normal) (G1 Evacuation Pause) 50M->42M(63M) 4.281ms
[2020-12-15T13:50:36.026-0500][gc,cpu         ] GC(8314) User=0.00s Sys=0.01s Real=0.00s
[2020-12-15T13:51:16.012-0500][gc,heap        ] GC(8315) Heap before GC invocations=8315 (full 1695): garbage-first heap   total 64512K, used 50527K [0x0000000083000000, 0x0000000100000000)
[2020-12-15T13:51:16.012-0500][gc,heap        ] GC(8315)   region size 1024K, 9 young (9216K), 1 survivors (1024K)
[2020-12-15T13:51:16.012-0500][gc,heap        ] GC(8315)  Metaspace       used 49404K, capacity 51450K, committed 53248K, reserved 1093632K
[2020-12-15T13:51:16.012-0500][gc,heap        ] GC(8315)   class space    used 7386K, capacity 8097K, committed 8704K, reserved 1048576K
[2020-12-15T13:51:16.012-0500][gc,start       ] GC(8315) Pause Young (Normal) (G1 Evacuation Pause)
[2020-12-15T13:51:16.012-0500][gc,task        ] GC(8315) Using 8 workers of 8 for evacuation
[2020-12-15T13:51:16.015-0500][gc,phases      ] GC(8315)   Pre Evacuate Collection Set: 0.0ms
[2020-12-15T13:51:16.015-0500][gc,phases      ] GC(8315)   Evacuate Collection Set: 1.0ms
[2020-12-15T13:51:16.015-0500][gc,phases      ] GC(8315)   Post Evacuate Collection Set: 1.5ms
[2020-12-15T13:51:16.015-0500][gc,phases      ] GC(8315)   Other: 0.3ms
[2020-12-15T13:51:16.015-0500][gc,heap        ] GC(8315) Eden regions: 8->0(8)
[2020-12-15T13:51:16.015-0500][gc,heap        ] GC(8315) Survivor regions: 1->1(2)
[2020-12-15T13:51:16.015-0500][gc,heap        ] GC(8315) Old regions: 42->42
[2020-12-15T13:51:16.015-0500][gc,heap        ] GC(8315) Humongous regions: 4->4
[2020-12-15T13:51:16.015-0500][gc,metaspace   ] GC(8315) Metaspace: 49404K->49404K(1093632K)
[2020-12-15T13:51:16.015-0500][gc,heap        ] GC(8315) Heap after GC invocations=8316 (full 1695): garbage-first heap   total 64512K, used 43358K [0x0000000083000000, 0x0000000100000000)
[2020-12-15T13:51:16.015-0500][gc,heap        ] GC(8315)   region size 1024K, 1 young (1024K), 1 survivors (1024K)
[2020-12-15T13:51:16.015-0500][gc,heap        ] GC(8315)  Metaspace       used 49404K, capacity 51450K, committed 53248K, reserved 1093632K
[2020-12-15T13:51:16.015-0500][gc,heap        ] GC(8315)   class space    used 7386K, capacity 8097K, committed 8704K, reserved 1048576K
[2020-12-15T13:51:16.015-0500][gc             ] GC(8315) Pause Young (Normal) (G1 Evacuation Pause) 50M->42M(63M) 2.893ms
[2020-12-15T13:51:16.015-0500][gc,cpu         ] GC(8315) User=0.01s Sys=0.00s Real=0.00s
[2020-12-15T13:51:45.190-0500][gc,task        ] GC(8316) Using 5 workers of 8 for full compaction
[2020-12-15T13:51:45.190-0500][gc,start       ] GC(8316) Pause Full (System.gc())
[2020-12-15T13:51:45.190-0500][gc,heap        ] GC(8316) Heap before GC invocations=8316 (full 1695): garbage-first heap   total 64512K, used 46430K [0x0000000083000000, 0x0000000100000000)
[2020-12-15T13:51:45.190-0500][gc,heap        ] GC(8316)   region size 1024K, 6 young (6144K), 1 survivors (1024K)
[2020-12-15T13:51:45.190-0500][gc,heap        ] GC(8316)  Metaspace       used 49404K, capacity 51450K, committed 53248K, reserved 1093632K
[2020-12-15T13:51:45.190-0500][gc,heap        ] GC(8316)   class space    used 7386K, capacity 8097K, committed 8704K, reserved 1048576K
[2020-12-15T13:51:45.190-0500][gc,phases,start] GC(8316) Phase 1: Mark live objects
[2020-12-15T13:51:45.215-0500][gc,stringtable ] GC(8316) Cleaned string and symbol table, strings: 32767 processed, 5 removed, symbols: 120723 processed, 0 removed
[2020-12-15T13:51:45.215-0500][gc,phases      ] GC(8316) Phase 1: Mark live objects 24.503ms
[2020-12-15T13:51:45.215-0500][gc,phases,start] GC(8316) Phase 2: Prepare for compaction
[2020-12-15T13:51:45.218-0500][gc,phases      ] GC(8316) Phase 2: Prepare for compaction 3.536ms
[2020-12-15T13:51:45.218-0500][gc,phases,start] GC(8316) Phase 3: Adjust pointers
[2020-12-15T13:51:45.230-0500][gc,phases      ] GC(8316) Phase 3: Adjust pointers 12.080ms
[2020-12-15T13:51:45.230-0500][gc,phases,start] GC(8316) Phase 4: Compact heap
[2020-12-15T13:51:45.234-0500][gc,phases      ] GC(8316) Phase 4: Compact heap 3.772ms
[2020-12-15T13:51:45.241-0500][gc,heap        ] GC(8316) Eden regions: 5->0(9)
[2020-12-15T13:51:45.241-0500][gc,heap        ] GC(8316) Survivor regions: 1->0(2)
[2020-12-15T13:51:45.241-0500][gc,heap        ] GC(8316) Old regions: 42->42
[2020-12-15T13:51:45.241-0500][gc,heap        ] GC(8316) Humongous regions: 4->4
[2020-12-15T13:51:45.241-0500][gc,metaspace   ] GC(8316) Metaspace: 49404K->49404K(1093632K)
[2020-12-15T13:51:45.241-0500][gc,heap        ] GC(8316) Heap after GC invocations=8317 (full 1696): garbage-first heap   total 64512K, used 43263K [0x0000000083000000, 0x0000000100000000)
[2020-12-15T13:51:45.241-0500][gc,heap        ] GC(8316)   region size 1024K, 0 young (0K), 0 survivors (0K)
[2020-12-15T13:51:45.241-0500][gc,heap        ] GC(8316)  Metaspace       used 49404K, capacity 51450K, committed 53248K, reserved 1093632K
[2020-12-15T13:51:45.241-0500][gc,heap        ] GC(8316)   class space    used 7386K, capacity 8097K, committed 8704K, reserved 1048576K
[2020-12-15T13:51:45.241-0500][gc             ] GC(8316) Pause Full (System.gc()) 46M->42M(63M) 51.032ms
[2020-12-15T13:51:45.241-0500][gc,cpu         ] GC(8316) User=0.21s Sys=0.00s Real=0.05s
[2020-12-15T13:52:25.597-0500][gc,heap        ] GC(8317) Heap before GC invocations=8317 (full 1696): garbage-first heap   total 64512K, used 51455K [0x0000000083000000, 0x0000000100000000)
[2020-12-15T13:52:25.597-0500][gc,heap        ] GC(8317)   region size 1024K, 9 young (9216K), 0 survivors (0K)
[2020-12-15T13:52:25.597-0500][gc,heap        ] GC(8317)  Metaspace       used 49404K, capacity 51450K, committed 53248K, reserved 1093632K
[2020-12-15T13:52:25.597-0500][gc,heap        ] GC(8317)   class space    used 7386K, capacity 8097K, committed 8704K, reserved 1048576K
[2020-12-15T13:52:25.597-0500][gc,start       ] GC(8317) Pause Young (Normal) (G1 Evacuation Pause)
[2020-12-15T13:52:25.597-0500][gc,task        ] GC(8317) Using 8 workers of 8 for evacuation
[2020-12-15T13:52:25.600-0500][gc,phases      ] GC(8317)   Pre Evacuate Collection Set: 0.0ms
[2020-12-15T13:52:25.600-0500][gc,phases      ] GC(8317)   Evacuate Collection Set: 1.1ms
[2020-12-15T13:52:25.600-0500][gc,phases      ] GC(8317)   Post Evacuate Collection Set: 1.4ms
[2020-12-15T13:52:25.600-0500][gc,phases      ] GC(8317)   Other: 0.3ms
[2020-12-15T13:52:25.600-0500][gc,heap        ] GC(8317) Eden regions: 9->0(8)
[2020-12-15T13:52:25.600-0500][gc,heap        ] GC(8317) Survivor regions: 0->1(2)
[2020-12-15T13:52:25.600-0500][gc,heap        ] GC(8317) Old regions: 42->42
[2020-12-15T13:52:25.600-0500][gc,heap        ] GC(8317) Humongous regions: 4->4
[2020-12-15T13:52:25.600-0500][gc,metaspace   ] GC(8317) Metaspace: 49404K->49404K(1093632K)
[2020-12-15T13:52:25.600-0500][gc,heap        ] GC(8317) Heap after GC invocations=8318 (full 1696): garbage-first heap   total 64512K, used 43472K [0x0000000083000000, 0x0000000100000000)
[2020-12-15T13:52:25.600-0500][gc,heap        ] GC(8317)   region size 1024K, 1 young (1024K), 1 survivors (1024K)
[2020-12-15T13:52:25.600-0500][gc,heap        ] GC(8317)  Metaspace       used 49404K, capacity 51450K, committed 53248K, reserved 1093632K
[2020-12-15T13:52:25.600-0500][gc,heap        ] GC(8317)   class space    used 7386K, capacity 8097K, committed 8704K, reserved 1048576K
[2020-12-15T13:52:25.600-0500][gc             ] GC(8317) Pause Young (Normal) (G1 Evacuation Pause) 51M->42M(63M) 2.887ms
[2020-12-15T13:52:25.600-0500][gc,cpu         ] GC(8317) User=0.01s Sys=0.00s Real=0.01s
[2020-12-15T13:53:05.597-0500][gc,heap        ] GC(8318) Heap before GC invocations=8318 (full 1696): garbage-first heap   total 64512K, used 50640K [0x0000000083000000, 0x0000000100000000)
[2020-12-15T13:53:05.597-0500][gc,heap        ] GC(8318)   region size 1024K, 9 young (9216K), 1 survivors (1024K)
[2020-12-15T13:53:05.597-0500][gc,heap        ] GC(8318)  Metaspace       used 49404K, capacity 51450K, committed 53248K, reserved 1093632K
[2020-12-15T13:53:05.597-0500][gc,heap        ] GC(8318)   class space    used 7386K, capacity 8097K, committed 8704K, reserved 1048576K
[2020-12-15T13:53:05.597-0500][gc,start       ] GC(8318) Pause Young (Normal) (G1 Evacuation Pause)
[2020-12-15T13:53:05.597-0500][gc,task        ] GC(8318) Using 8 workers of 8 for evacuation
[2020-12-15T13:53:05.600-0500][gc,phases      ] GC(8318)   Pre Evacuate Collection Set: 0.0ms
[2020-12-15T13:53:05.600-0500][gc,phases      ] GC(8318)   Evacuate Collection Set: 2.6ms
[2020-12-15T13:53:05.600-0500][gc,phases      ] GC(8318)   Post Evacuate Collection Set: 0.9ms
[2020-12-15T13:53:05.600-0500][gc,phases      ] GC(8318)   Other: 0.2ms
[2020-12-15T13:53:05.600-0500][gc,heap        ] GC(8318) Eden regions: 8->0(8)
[2020-12-15T13:53:05.600-0500][gc,heap        ] GC(8318) Survivor regions: 1->1(2)
[2020-12-15T13:53:05.600-0500][gc,heap        ] GC(8318) Old regions: 42->42
[2020-12-15T13:53:05.600-0500][gc,heap        ] GC(8318) Humongous regions: 4->4
[2020-12-15T13:53:05.600-0500][gc,metaspace   ] GC(8318) Metaspace: 49404K->49404K(1093632K)
[2020-12-15T13:53:05.600-0500][gc,heap        ] GC(8318) Heap after GC invocations=8319 (full 1696): garbage-first heap   total 64512K, used 43459K [0x0000000083000000, 0x0000000100000000)
[2020-12-15T13:53:05.600-0500][gc,heap        ] GC(8318)   region size 1024K, 1 young (1024K), 1 survivors (1024K)
[2020-12-15T13:53:05.600-0500][gc,heap        ] GC(8318)  Metaspace       used 49404K, capacity 51450K, committed 53248K, reserved 1093632K
[2020-12-15T13:53:05.600-0500][gc,heap        ] GC(8318)   class space    used 7386K, capacity 8097K, committed 8704K, reserved 1048576K
[2020-12-15T13:53:05.600-0500][gc             ] GC(8318) Pause Young (Normal) (G1 Evacuation Pause) 50M->42M(63M) 3.808ms
[2020-12-15T13:53:05.601-0500][gc,cpu         ] GC(8318) User=0.02s Sys=0.00s Real=0.01s
[2020-12-15T13:53:45.599-0500][gc,heap        ] GC(8319) Heap before GC invocations=8319 (full 1696): garbage-first heap   total 64512K, used 50627K [0x0000000083000000, 0x0000000100000000)
[2020-12-15T13:53:45.599-0500][gc,heap        ] GC(8319)   region size 1024K, 9 young (9216K), 1 survivors (1024K)
[2020-12-15T13:53:45.599-0500][gc,heap        ] GC(8319)  Metaspace       used 49404K, capacity 51450K, committed 53248K, reserved 1093632K
[2020-12-15T13:53:45.599-0500][gc,heap        ] GC(8319)   class space    used 7386K, capacity 8097K, committed 8704K, reserved 1048576K
[2020-12-15T13:53:45.599-0500][gc,start       ] GC(8319) Pause Young (Normal) (G1 Evacuation Pause)
[2020-12-15T13:53:45.599-0500][gc,task        ] GC(8319) Using 8 workers of 8 for evacuation
[2020-12-15T13:53:45.602-0500][gc,phases      ] GC(8319)   Pre Evacuate Collection Set: 0.0ms
[2020-12-15T13:53:45.602-0500][gc,phases      ] GC(8319)   Evacuate Collection Set: 1.0ms
[2020-12-15T13:53:45.602-0500][gc,phases      ] GC(8319)   Post Evacuate Collection Set: 2.0ms
[2020-12-15T13:53:45.602-0500][gc,phases      ] GC(8319)   Other: 0.4ms
[2020-12-15T13:53:45.602-0500][gc,heap        ] GC(8319) Eden regions: 8->0(8)
[2020-12-15T13:53:45.602-0500][gc,heap        ] GC(8319) Survivor regions: 1->1(2)
[2020-12-15T13:53:45.602-0500][gc,heap        ] GC(8319) Old regions: 42->42
[2020-12-15T13:53:45.602-0500][gc,heap        ] GC(8319) Humongous regions: 4->4
[2020-12-15T13:53:45.602-0500][gc,metaspace   ] GC(8319) Metaspace: 49404K->49404K(1093632K)
[2020-12-15T13:53:45.602-0500][gc,heap        ] GC(8319) Heap after GC invocations=8320 (full 1696): garbage-first heap   total 64512K, used 43476K [0x0000000083000000, 0x0000000100000000)
[2020-12-15T13:53:45.602-0500][gc,heap        ] GC(8319)   region size 1024K, 1 young (1024K), 1 survivors (1024K)
[2020-12-15T13:53:45.602-0500][gc,heap        ] GC(8319)  Metaspace       used 49404K, capacity 51450K, committed 53248K, reserved 1093632K
[2020-12-15T13:53:45.602-0500][gc,heap        ] GC(8319)   class space    used 7386K, capacity 8097K, committed 8704K, reserved 1048576K
[2020-12-15T13:53:45.602-0500][gc             ] GC(8319) Pause Young (Normal) (G1 Evacuation Pause) 50M->42M(63M) 3.305ms
[2020-12-15T13:53:45.602-0500][gc,cpu         ] GC(8319) User=0.00s Sys=0.00s Real=0.00s
[2020-12-15T13:54:25.598-0500][gc,heap        ] GC(8320) Heap before GC invocations=8320 (full 1696): garbage-first heap   total 64512K, used 51668K [0x0000000083000000, 0x0000000100000000)
[2020-12-15T13:54:25.598-0500][gc,heap        ] GC(8320)   region size 1024K, 9 young (9216K), 1 survivors (1024K)
[2020-12-15T13:54:25.598-0500][gc,heap        ] GC(8320)  Metaspace       used 49404K, capacity 51450K, committed 53248K, reserved 1093632K
[2020-12-15T13:54:25.598-0500][gc,heap        ] GC(8320)   class space    used 7386K, capacity 8097K, committed 8704K, reserved 1048576K
[2020-12-15T13:54:25.598-0500][gc,start       ] GC(8320) Pause Young (Normal) (G1 Evacuation Pause)
[2020-12-15T13:54:25.598-0500][gc,task        ] GC(8320) Using 8 workers of 8 for evacuation
[2020-12-15T13:54:25.600-0500][gc,phases      ] GC(8320)   Pre Evacuate Collection Set: 0.0ms
[2020-12-15T13:54:25.600-0500][gc,phases      ] GC(8320)   Evacuate Collection Set: 0.7ms
[2020-12-15T13:54:25.600-0500][gc,phases      ] GC(8320)   Post Evacuate Collection Set: 1.7ms
[2020-12-15T13:54:25.600-0500][gc,phases      ] GC(8320)   Other: 0.2ms
[2020-12-15T13:54:25.600-0500][gc,heap        ] GC(8320) Eden regions: 8->0(8)
[2020-12-15T13:54:25.600-0500][gc,heap        ] GC(8320) Survivor regions: 1->1(2)
[2020-12-15T13:54:25.600-0500][gc,heap        ] GC(8320) Old regions: 42->42
[2020-12-15T13:54:25.600-0500][gc,heap        ] GC(8320) Humongous regions: 4->4
[2020-12-15T13:54:25.600-0500][gc,metaspace   ] GC(8320) Metaspace: 49404K->49404K(1093632K)
[2020-12-15T13:54:25.600-0500][gc,heap        ] GC(8320) Heap after GC invocations=8321 (full 1696): garbage-first heap   total 64512K, used 43472K [0x0000000083000000, 0x0000000100000000)
[2020-12-15T13:54:25.600-0500][gc,heap        ] GC(8320)   region size 1024K, 1 young (1024K), 1 survivors (1024K)
[2020-12-15T13:54:25.600-0500][gc,heap        ] GC(8320)  Metaspace       used 49404K, capacity 51450K, committed 53248K, reserved 1093632K
[2020-12-15T13:54:25.600-0500][gc,heap        ] GC(8320)   class space    used 7386K, capacity 8097K, committed 8704K, reserved 1048576K
[2020-12-15T13:54:25.600-0500][gc             ] GC(8320) Pause Young (Normal) (G1 Evacuation Pause) 50M->42M(63M) 2.577ms
[2020-12-15T13:54:25.600-0500][gc,cpu         ] GC(8320) User=0.01s Sys=0.00s Real=0.00s
[2020-12-15T13:55:05.612-0500][gc,heap        ] GC(8321) Heap before GC invocations=8321 (full 1696): garbage-first heap   total 64512K, used 51664K [0x0000000083000000, 0x0000000100000000)
[2020-12-15T13:55:05.612-0500][gc,heap        ] GC(8321)   region size 1024K, 9 young (9216K), 1 survivors (1024K)
[2020-12-15T13:55:05.612-0500][gc,heap        ] GC(8321)  Metaspace       used 49404K, capacity 51450K, committed 53248K, reserved 1093632K
[2020-12-15T13:55:05.612-0500][gc,heap        ] GC(8321)   class space    used 7386K, capacity 8097K, committed 8704K, reserved 1048576K
[2020-12-15T13:55:05.613-0500][gc,start       ] GC(8321) Pause Young (Normal) (G1 Evacuation Pause)
[2020-12-15T13:55:05.613-0500][gc,task        ] GC(8321) Using 8 workers of 8 for evacuation
[2020-12-15T13:55:05.617-0500][gc,phases      ] GC(8321)   Pre Evacuate Collection Set: 0.0ms
[2020-12-15T13:55:05.617-0500][gc,phases      ] GC(8321)   Evacuate Collection Set: 3.5ms
[2020-12-15T13:55:05.617-0500][gc,phases      ] GC(8321)   Post Evacuate Collection Set: 1.2ms
[2020-12-15T13:55:05.618-0500][gc,phases      ] GC(8321)   Other: 0.6ms
[2020-12-15T13:55:05.618-0500][gc,heap        ] GC(8321) Eden regions: 8->0(8)
[2020-12-15T13:55:05.618-0500][gc,heap        ] GC(8321) Survivor regions: 1->1(2)
[2020-12-15T13:55:05.618-0500][gc,heap        ] GC(8321) Old regions: 42->42
[2020-12-15T13:55:05.618-0500][gc,heap        ] GC(8321) Humongous regions: 4->4
[2020-12-15T13:55:05.618-0500][gc,metaspace   ] GC(8321) Metaspace: 49404K->49404K(1093632K)
[2020-12-15T13:55:05.618-0500][gc,heap        ] GC(8321) Heap after GC invocations=8322 (full 1696): garbage-first heap   total 64512K, used 43433K [0x0000000083000000, 0x0000000100000000)
[2020-12-15T13:55:05.618-0500][gc,heap        ] GC(8321)   region size 1024K, 1 young (1024K), 1 survivors (1024K)
[2020-12-15T13:55:05.618-0500][gc,heap        ] GC(8321)  Metaspace       used 49404K, capacity 51450K, committed 53248K, reserved 1093632K
[2020-12-15T13:55:05.618-0500][gc,heap        ] GC(8321)   class space    used 7386K, capacity 8097K, committed 8704K, reserved 1048576K
[2020-12-15T13:55:05.618-0500][gc             ] GC(8321) Pause Young (Normal) (G1 Evacuation Pause) 50M->42M(63M) 5.118ms
[2020-12-15T13:55:05.618-0500][gc,cpu         ] GC(8321) User=0.01s Sys=0.00s Real=0.00s
[2020-12-15T13:55:38.530-0500][gc,heap        ] GC(8322) Heap before GC invocations=8322 (full 1696): garbage-first heap   total 64512K, used 50601K [0x0000000083000000, 0x0000000100000000)
[2020-12-15T13:55:38.530-0500][gc,heap        ] GC(8322)   region size 1024K, 9 young (9216K), 1 survivors (1024K)
[2020-12-15T13:55:38.530-0500][gc,heap        ] GC(8322)  Metaspace       used 49404K, capacity 51450K, committed 53248K, reserved 1093632K
[2020-12-15T13:55:38.530-0500][gc,heap        ] GC(8322)   class space    used 7386K, capacity 8097K, committed 8704K, reserved 1048576K
[2020-12-15T13:55:38.530-0500][gc,start       ] GC(8322) Pause Young (Normal) (G1 Evacuation Pause)
[2020-12-15T13:55:38.530-0500][gc,task        ] GC(8322) Using 8 workers of 8 for evacuation
[2020-12-15T13:55:38.532-0500][gc,phases      ] GC(8322)   Pre Evacuate Collection Set: 0.0ms
[2020-12-15T13:55:38.532-0500][gc,phases      ] GC(8322)   Evacuate Collection Set: 0.7ms
[2020-12-15T13:55:38.532-0500][gc,phases      ] GC(8322)   Post Evacuate Collection Set: 1.1ms
[2020-12-15T13:55:38.532-0500][gc,phases      ] GC(8322)   Other: 0.3ms
[2020-12-15T13:55:38.532-0500][gc,heap        ] GC(8322) Eden regions: 8->0(8)
[2020-12-15T13:55:38.532-0500][gc,heap        ] GC(8322) Survivor regions: 1->1(2)
[2020-12-15T13:55:38.532-0500][gc,heap        ] GC(8322) Old regions: 42->42
[2020-12-15T13:55:38.532-0500][gc,heap        ] GC(8322) Humongous regions: 4->4
[2020-12-15T13:55:38.532-0500][gc,metaspace   ] GC(8322) Metaspace: 49404K->49404K(1093632K)
[2020-12-15T13:55:38.532-0500][gc,heap        ] GC(8322) Heap after GC invocations=8323 (full 1696): garbage-first heap   total 64512K, used 43371K [0x0000000083000000, 0x0000000100000000)
[2020-12-15T13:55:38.532-0500][gc,heap        ] GC(8322)   region size 1024K, 1 young (1024K), 1 survivors (1024K)
[2020-12-15T13:55:38.532-0500][gc,heap        ] GC(8322)  Metaspace       used 49404K, capacity 51450K, committed 53248K, reserved 1093632K
[2020-12-15T13:55:38.532-0500][gc,heap        ] GC(8322)   class space    used 7386K, capacity 8097K, committed 8704K, reserved 1048576K
[2020-12-15T13:55:38.532-0500][gc             ] GC(8322) Pause Young (Normal) (G1 Evacuation Pause) 50M->42M(63M) 2.018ms
[2020-12-15T13:55:38.532-0500][gc,cpu         ] GC(8322) User=0.00s Sys=0.01s Real=0.00s
[2020-12-15T13:56:16.015-0500][gc,heap        ] GC(8323) Heap before GC invocations=8323 (full 1696): garbage-first heap   total 64512K, used 50539K [0x0000000083000000, 0x0000000100000000)
[2020-12-15T13:56:16.015-0500][gc,heap        ] GC(8323)   region size 1024K, 9 young (9216K), 1 survivors (1024K)
[2020-12-15T13:56:16.015-0500][gc,heap        ] GC(8323)  Metaspace       used 49404K, capacity 51450K, committed 53248K, reserved 1093632K
[2020-12-15T13:56:16.015-0500][gc,heap        ] GC(8323)   class space    used 7386K, capacity 8097K, committed 8704K, reserved 1048576K
[2020-12-15T13:56:16.015-0500][gc,start       ] GC(8323) Pause Young (Normal) (G1 Evacuation Pause)
[2020-12-15T13:56:16.015-0500][gc,task        ] GC(8323) Using 8 workers of 8 for evacuation
[2020-12-15T13:56:16.019-0500][gc,phases      ] GC(8323)   Pre Evacuate Collection Set: 0.0ms
[2020-12-15T13:56:16.019-0500][gc,phases      ] GC(8323)   Evacuate Collection Set: 1.6ms
[2020-12-15T13:56:16.019-0500][gc,phases      ] GC(8323)   Post Evacuate Collection Set: 1.9ms
[2020-12-15T13:56:16.019-0500][gc,phases      ] GC(8323)   Other: 0.3ms
[2020-12-15T13:56:16.019-0500][gc,heap        ] GC(8323) Eden regions: 8->0(8)
[2020-12-15T13:56:16.019-0500][gc,heap        ] GC(8323) Survivor regions: 1->1(2)
[2020-12-15T13:56:16.019-0500][gc,heap        ] GC(8323) Old regions: 42->42
[2020-12-15T13:56:16.019-0500][gc,heap        ] GC(8323) Humongous regions: 4->4
[2020-12-15T13:56:16.019-0500][gc,metaspace   ] GC(8323) Metaspace: 49404K->49404K(1093632K)
[2020-12-15T13:56:16.019-0500][gc,heap        ] GC(8323) Heap after GC invocations=8324 (full 1696): garbage-first heap   total 64512K, used 43386K [0x0000000083000000, 0x0000000100000000)
[2020-12-15T13:56:16.019-0500][gc,heap        ] GC(8323)   region size 1024K, 1 young (1024K), 1 survivors (1024K)
[2020-12-15T13:56:16.019-0500][gc,heap        ] GC(8323)  Metaspace       used 49404K, capacity 51450K, committed 53248K, reserved 1093632K
[2020-12-15T13:56:16.019-0500][gc,heap        ] GC(8323)   class space    used 7386K, capacity 8097K, committed 8704K, reserved 1048576K
[2020-12-15T13:56:16.019-0500][gc             ] GC(8323) Pause Young (Normal) (G1 Evacuation Pause) 50M->42M(63M) 3.976ms
[2020-12-15T13:56:16.019-0500][gc,cpu         ] GC(8323) User=0.00s Sys=0.01s Real=0.01s
[2020-12-15T13:56:45.191-0500][gc,task        ] GC(8324) Using 5 workers of 8 for full compaction
[2020-12-15T13:56:45.191-0500][gc,start       ] GC(8324) Pause Full (System.gc())
[2020-12-15T13:56:45.191-0500][gc,heap        ] GC(8324) Heap before GC invocations=8324 (full 1696): garbage-first heap   total 64512K, used 47482K [0x0000000083000000, 0x0000000100000000)
[2020-12-15T13:56:45.191-0500][gc,heap        ] GC(8324)   region size 1024K, 6 young (6144K), 1 survivors (1024K)
[2020-12-15T13:56:45.191-0500][gc,heap        ] GC(8324)  Metaspace       used 49404K, capacity 51450K, committed 53248K, reserved 1093632K
[2020-12-15T13:56:45.191-0500][gc,heap        ] GC(8324)   class space    used 7386K, capacity 8097K, committed 8704K, reserved 1048576K
[2020-12-15T13:56:45.191-0500][gc,phases,start] GC(8324) Phase 1: Mark live objects
[2020-12-15T13:56:45.215-0500][gc,stringtable ] GC(8324) Cleaned string and symbol table, strings: 32767 processed, 5 removed, symbols: 120723 processed, 0 removed
[2020-12-15T13:56:45.215-0500][gc,phases      ] GC(8324) Phase 1: Mark live objects 23.689ms
[2020-12-15T13:56:45.215-0500][gc,phases,start] GC(8324) Phase 2: Prepare for compaction
[2020-12-15T13:56:45.219-0500][gc,phases      ] GC(8324) Phase 2: Prepare for compaction 4.287ms
[2020-12-15T13:56:45.219-0500][gc,phases,start] GC(8324) Phase 3: Adjust pointers
[2020-12-15T13:56:45.230-0500][gc,phases      ] GC(8324) Phase 3: Adjust pointers 11.337ms
[2020-12-15T13:56:45.230-0500][gc,phases,start] GC(8324) Phase 4: Compact heap
[2020-12-15T13:56:45.234-0500][gc,phases      ] GC(8324) Phase 4: Compact heap 3.063ms
[2020-12-15T13:56:45.240-0500][gc,heap        ] GC(8324) Eden regions: 5->0(9)
[2020-12-15T13:56:45.240-0500][gc,heap        ] GC(8324) Survivor regions: 1->0(2)
[2020-12-15T13:56:45.240-0500][gc,heap        ] GC(8324) Old regions: 42->42
[2020-12-15T13:56:45.240-0500][gc,heap        ] GC(8324) Humongous regions: 4->4
[2020-12-15T13:56:45.240-0500][gc,metaspace   ] GC(8324) Metaspace: 49404K->49404K(1093632K)
[2020-12-15T13:56:45.240-0500][gc,heap        ] GC(8324) Heap after GC invocations=8325 (full 1697): garbage-first heap   total 64512K, used 43264K [0x0000000083000000, 0x0000000100000000)
[2020-12-15T13:56:45.240-0500][gc,heap        ] GC(8324)   region size 1024K, 0 young (0K), 0 survivors (0K)
[2020-12-15T13:56:45.240-0500][gc,heap        ] GC(8324)  Metaspace       used 49404K, capacity 51450K, committed 53248K, reserved 1093632K
[2020-12-15T13:56:45.240-0500][gc,heap        ] GC(8324)   class space    used 7386K, capacity 8097K, committed 8704K, reserved 1048576K
[2020-12-15T13:56:45.240-0500][gc             ] GC(8324) Pause Full (System.gc()) 46M->42M(63M) 49.517ms
[2020-12-15T13:56:45.240-0500][gc,cpu         ] GC(8324) User=0.21s Sys=0.00s Real=0.05s
[2020-12-15T13:57:25.600-0500][gc,heap        ] GC(8325) Heap before GC invocations=8325 (full 1697): garbage-first heap   total 64512K, used 51456K [0x0000000083000000, 0x0000000100000000)
[2020-12-15T13:57:25.600-0500][gc,heap        ] GC(8325)   region size 1024K, 9 young (9216K), 0 survivors (0K)
[2020-12-15T13:57:25.600-0500][gc,heap        ] GC(8325)  Metaspace       used 49404K, capacity 51450K, committed 53248K, reserved 1093632K
[2020-12-15T13:57:25.600-0500][gc,heap        ] GC(8325)   class space    used 7386K, capacity 8097K, committed 8704K, reserved 1048576K
[2020-12-15T13:57:25.600-0500][gc,start       ] GC(8325) Pause Young (Normal) (G1 Evacuation Pause)
[2020-12-15T13:57:25.600-0500][gc,task        ] GC(8325) Using 8 workers of 8 for evacuation
[2020-12-15T13:57:25.602-0500][gc,phases      ] GC(8325)   Pre Evacuate Collection Set: 0.0ms
[2020-12-15T13:57:25.602-0500][gc,phases      ] GC(8325)   Evacuate Collection Set: 0.7ms
[2020-12-15T13:57:25.602-0500][gc,phases      ] GC(8325)   Post Evacuate Collection Set: 0.9ms
[2020-12-15T13:57:25.602-0500][gc,phases      ] GC(8325)   Other: 0.2ms
[2020-12-15T13:57:25.602-0500][gc,heap        ] GC(8325) Eden regions: 9->0(8)
[2020-12-15T13:57:25.602-0500][gc,heap        ] GC(8325) Survivor regions: 0->1(2)
[2020-12-15T13:57:25.602-0500][gc,heap        ] GC(8325) Old regions: 42->42
[2020-12-15T13:57:25.602-0500][gc,heap        ] GC(8325) Humongous regions: 4->4
[2020-12-15T13:57:25.602-0500][gc,metaspace   ] GC(8325) Metaspace: 49404K->49404K(1093632K)
[2020-12-15T13:57:25.602-0500][gc,heap        ] GC(8325) Heap after GC invocations=8326 (full 1697): garbage-first heap   total 64512K, used 43461K [0x0000000083000000, 0x0000000100000000)
[2020-12-15T13:57:25.602-0500][gc,heap        ] GC(8325)   region size 1024K, 1 young (1024K), 1 survivors (1024K)
[2020-12-15T13:57:25.602-0500][gc,heap        ] GC(8325)  Metaspace       used 49404K, capacity 51450K, committed 53248K, reserved 1093632K
[2020-12-15T13:57:25.602-0500][gc,heap        ] GC(8325)   class space    used 7386K, capacity 8097K, committed 8704K, reserved 1048576K
[2020-12-15T13:57:25.602-0500][gc             ] GC(8325) Pause Young (Normal) (G1 Evacuation Pause) 51M->42M(63M) 1.807ms
[2020-12-15T13:57:25.602-0500][gc,cpu         ] GC(8325) User=0.00s Sys=0.01s Real=0.00s
[2020-12-15T13:58:05.601-0500][gc,heap        ] GC(8326) Heap before GC invocations=8326 (full 1697): garbage-first heap   total 64512K, used 50629K [0x0000000083000000, 0x0000000100000000)
[2020-12-15T13:58:05.601-0500][gc,heap        ] GC(8326)   region size 1024K, 9 young (9216K), 1 survivors (1024K)
[2020-12-15T13:58:05.601-0500][gc,heap        ] GC(8326)  Metaspace       used 49404K, capacity 51450K, committed 53248K, reserved 1093632K
[2020-12-15T13:58:05.601-0500][gc,heap        ] GC(8326)   class space    used 7386K, capacity 8097K, committed 8704K, reserved 1048576K
[2020-12-15T13:58:05.602-0500][gc,start       ] GC(8326) Pause Young (Normal) (G1 Evacuation Pause)
[2020-12-15T13:58:05.602-0500][gc,task        ] GC(8326) Using 8 workers of 8 for evacuation
[2020-12-15T13:58:05.609-0500][gc,phases      ] GC(8326)   Pre Evacuate Collection Set: 0.0ms
[2020-12-15T13:58:05.609-0500][gc,phases      ] GC(8326)   Evacuate Collection Set: 5.9ms
[2020-12-15T13:58:05.609-0500][gc,phases      ] GC(8326)   Post Evacuate Collection Set: 1.6ms
[2020-12-15T13:58:05.609-0500][gc,phases      ] GC(8326)   Other: 0.3ms
[2020-12-15T13:58:05.609-0500][gc,heap        ] GC(8326) Eden regions: 8->0(8)
[2020-12-15T13:58:05.609-0500][gc,heap        ] GC(8326) Survivor regions: 1->1(2)
[2020-12-15T13:58:05.609-0500][gc,heap        ] GC(8326) Old regions: 42->42
[2020-12-15T13:58:05.609-0500][gc,heap        ] GC(8326) Humongous regions: 4->4
[2020-12-15T13:58:05.609-0500][gc,metaspace   ] GC(8326) Metaspace: 49404K->49404K(1093632K)
[2020-12-15T13:58:05.609-0500][gc,heap        ] GC(8326) Heap after GC invocations=8327 (full 1697): garbage-first heap   total 64512K, used 43462K [0x0000000083000000, 0x0000000100000000)
[2020-12-15T13:58:05.609-0500][gc,heap        ] GC(8326)   region size 1024K, 1 young (1024K), 1 survivors (1024K)
[2020-12-15T13:58:05.609-0500][gc,heap        ] GC(8326)  Metaspace       used 49404K, capacity 51450K, committed 53248K, reserved 1093632K
[2020-12-15T13:58:05.609-0500][gc,heap        ] GC(8326)   class space    used 7386K, capacity 8097K, committed 8704K, reserved 1048576K
[2020-12-15T13:58:05.609-0500][gc             ] GC(8326) Pause Young (Normal) (G1 Evacuation Pause) 50M->42M(63M) 7.722ms
[2020-12-15T13:58:05.609-0500][gc,cpu         ] GC(8326) User=0.03s Sys=0.00s Real=0.01s
[2020-12-15T13:58:45.622-0500][gc,heap        ] GC(8327) Heap before GC invocations=8327 (full 1697): garbage-first heap   total 64512K, used 50630K [0x0000000083000000, 0x0000000100000000)
[2020-12-15T13:58:45.622-0500][gc,heap        ] GC(8327)   region size 1024K, 9 young (9216K), 1 survivors (1024K)
[2020-12-15T13:58:45.623-0500][gc,heap        ] GC(8327)  Metaspace       used 49404K, capacity 51450K, committed 53248K, reserved 1093632K
[2020-12-15T13:58:45.623-0500][gc,heap        ] GC(8327)   class space    used 7386K, capacity 8097K, committed 8704K, reserved 1048576K
[2020-12-15T13:58:45.623-0500][gc,start       ] GC(8327) Pause Young (Normal) (G1 Evacuation Pause)
[2020-12-15T13:58:45.623-0500][gc,task        ] GC(8327) Using 8 workers of 8 for evacuation
[2020-12-15T13:58:45.630-0500][gc,phases      ] GC(8327)   Pre Evacuate Collection Set: 0.0ms
[2020-12-15T13:58:45.631-0500][gc,phases      ] GC(8327)   Evacuate Collection Set: 4.8ms
[2020-12-15T13:58:45.631-0500][gc,phases      ] GC(8327)   Post Evacuate Collection Set: 2.6ms
[2020-12-15T13:58:45.631-0500][gc,phases      ] GC(8327)   Other: 0.7ms
[2020-12-15T13:58:45.631-0500][gc,heap        ] GC(8327) Eden regions: 8->0(8)
[2020-12-15T13:58:45.631-0500][gc,heap        ] GC(8327) Survivor regions: 1->1(2)
[2020-12-15T13:58:45.631-0500][gc,heap        ] GC(8327) Old regions: 42->42
[2020-12-15T13:58:45.631-0500][gc,heap        ] GC(8327) Humongous regions: 4->4
[2020-12-15T13:58:45.631-0500][gc,metaspace   ] GC(8327) Metaspace: 49404K->49404K(1093632K)
[2020-12-15T13:58:45.631-0500][gc,heap        ] GC(8327) Heap after GC invocations=8328 (full 1697): garbage-first heap   total 64512K, used 43455K [0x0000000083000000, 0x0000000100000000)
[2020-12-15T13:58:45.631-0500][gc,heap        ] GC(8327)   region size 1024K, 1 young (1024K), 1 survivors (1024K)
[2020-12-15T13:58:45.631-0500][gc,heap        ] GC(8327)  Metaspace       used 49404K, capacity 51450K, committed 53248K, reserved 1093632K
[2020-12-15T13:58:45.631-0500][gc,heap        ] GC(8327)   class space    used 7386K, capacity 8097K, committed 8704K, reserved 1048576K
[2020-12-15T13:58:45.631-0500][gc             ] GC(8327) Pause Young (Normal) (G1 Evacuation Pause) 50M->42M(63M) 8.155ms
[2020-12-15T13:58:45.631-0500][gc,cpu         ] GC(8327) User=0.03s Sys=0.00s Real=0.01s
[2020-12-15T13:59:25.600-0500][gc,heap        ] GC(8328) Heap before GC invocations=8328 (full 1697): garbage-first heap   total 64512K, used 50623K [0x0000000083000000, 0x0000000100000000)
[2020-12-15T13:59:25.600-0500][gc,heap        ] GC(8328)   region size 1024K, 9 young (9216K), 1 survivors (1024K)
[2020-12-15T13:59:25.600-0500][gc,heap        ] GC(8328)  Metaspace       used 49404K, capacity 51450K, committed 53248K, reserved 1093632K
[2020-12-15T13:59:25.600-0500][gc,heap        ] GC(8328)   class space    used 7386K, capacity 8097K, committed 8704K, reserved 1048576K
[2020-12-15T13:59:25.600-0500][gc,start       ] GC(8328) Pause Young (Normal) (G1 Evacuation Pause)
[2020-12-15T13:59:25.600-0500][gc,task        ] GC(8328) Using 8 workers of 8 for evacuation
[2020-12-15T13:59:25.603-0500][gc,phases      ] GC(8328)   Pre Evacuate Collection Set: 0.0ms
[2020-12-15T13:59:25.603-0500][gc,phases      ] GC(8328)   Evacuate Collection Set: 1.4ms
[2020-12-15T13:59:25.603-0500][gc,phases      ] GC(8328)   Post Evacuate Collection Set: 1.8ms
[2020-12-15T13:59:25.603-0500][gc,phases      ] GC(8328)   Other: 0.3ms
[2020-12-15T13:59:25.603-0500][gc,heap        ] GC(8328) Eden regions: 8->0(8)
[2020-12-15T13:59:25.603-0500][gc,heap        ] GC(8328) Survivor regions: 1->1(2)
[2020-12-15T13:59:25.603-0500][gc,heap        ] GC(8328) Old regions: 42->42
[2020-12-15T13:59:25.603-0500][gc,heap        ] GC(8328) Humongous regions: 4->4
[2020-12-15T13:59:25.603-0500][gc,metaspace   ] GC(8328) Metaspace: 49404K->49404K(1093632K)
[2020-12-15T13:59:25.603-0500][gc,heap        ] GC(8328) Heap after GC invocations=8329 (full 1697): garbage-first heap   total 64512K, used 43372K [0x0000000083000000, 0x0000000100000000)
[2020-12-15T13:59:25.603-0500][gc,heap        ] GC(8328)   region size 1024K, 1 young (1024K), 1 survivors (1024K)
[2020-12-15T13:59:25.603-0500][gc,heap        ] GC(8328)  Metaspace       used 49404K, capacity 51450K, committed 53248K, reserved 1093632K
[2020-12-15T13:59:25.603-0500][gc,heap        ] GC(8328)   class space    used 7386K, capacity 8097K, committed 8704K, reserved 1048576K
[2020-12-15T13:59:25.603-0500][gc             ] GC(8328) Pause Young (Normal) (G1 Evacuation Pause) 50M->42M(63M) 3.456ms
[2020-12-15T13:59:25.603-0500][gc,cpu         ] GC(8328) User=0.01s Sys=0.01s Real=0.00s
[2020-12-15T14:00:00.788-0500][gc,heap        ] GC(8329) Heap before GC invocations=8329 (full 1697): garbage-first heap   total 64512K, used 50540K [0x0000000083000000, 0x0000000100000000)
[2020-12-15T14:00:00.788-0500][gc,heap        ] GC(8329)   region size 1024K, 9 young (9216K), 1 survivors (1024K)
[2020-12-15T14:00:00.788-0500][gc,heap        ] GC(8329)  Metaspace       used 49404K, capacity 51450K, committed 53248K, reserved 1093632K
[2020-12-15T14:00:00.788-0500][gc,heap        ] GC(8329)   class space    used 7386K, capacity 8097K, committed 8704K, reserved 1048576K
[2020-12-15T14:00:00.789-0500][gc,start       ] GC(8329) Pause Young (Normal) (G1 Evacuation Pause)
[2020-12-15T14:00:00.789-0500][gc,task        ] GC(8329) Using 8 workers of 8 for evacuation
[2020-12-15T14:00:00.791-0500][gc,phases      ] GC(8329)   Pre Evacuate Collection Set: 0.0ms
[2020-12-15T14:00:00.791-0500][gc,phases      ] GC(8329)   Evacuate Collection Set: 0.7ms
[2020-12-15T14:00:00.791-0500][gc,phases      ] GC(8329)   Post Evacuate Collection Set: 1.2ms
[2020-12-15T14:00:00.791-0500][gc,phases      ] GC(8329)   Other: 0.3ms
[2020-12-15T14:00:00.791-0500][gc,heap        ] GC(8329) Eden regions: 8->0(8)
[2020-12-15T14:00:00.791-0500][gc,heap        ] GC(8329) Survivor regions: 1->1(2)
[2020-12-15T14:00:00.791-0500][gc,heap        ] GC(8329) Old regions: 42->42
[2020-12-15T14:00:00.791-0500][gc,heap        ] GC(8329) Humongous regions: 4->4
[2020-12-15T14:00:00.791-0500][gc,metaspace   ] GC(8329) Metaspace: 49404K->49404K(1093632K)
[2020-12-15T14:00:00.791-0500][gc,heap        ] GC(8329) Heap after GC invocations=8330 (full 1697): garbage-first heap   total 64512K, used 43334K [0x0000000083000000, 0x0000000100000000)
[2020-12-15T14:00:00.791-0500][gc,heap        ] GC(8329)   region size 1024K, 1 young (1024K), 1 survivors (1024K)
[2020-12-15T14:00:00.791-0500][gc,heap        ] GC(8329)  Metaspace       used 49404K, capacity 51450K, committed 53248K, reserved 1093632K
[2020-12-15T14:00:00.791-0500][gc,heap        ] GC(8329)   class space    used 7386K, capacity 8097K, committed 8704K, reserved 1048576K
[2020-12-15T14:00:00.791-0500][gc             ] GC(8329) Pause Young (Normal) (G1 Evacuation Pause) 50M->42M(63M) 2.235ms
[2020-12-15T14:00:00.791-0500][gc,cpu         ] GC(8329) User=0.00s Sys=0.00s Real=0.00s
[2020-12-15T14:00:36.097-0500][gc,heap        ] GC(8330) Heap before GC invocations=8330 (full 1697): garbage-first heap   total 64512K, used 50502K [0x0000000083000000, 0x0000000100000000)
[2020-12-15T14:00:36.097-0500][gc,heap        ] GC(8330)   region size 1024K, 9 young (9216K), 1 survivors (1024K)
[2020-12-15T14:00:36.097-0500][gc,heap        ] GC(8330)  Metaspace       used 49404K, capacity 51450K, committed 53248K, reserved 1093632K
[2020-12-15T14:00:36.097-0500][gc,heap        ] GC(8330)   class space    used 7386K, capacity 8097K, committed 8704K, reserved 1048576K
[2020-12-15T14:00:36.097-0500][gc,start       ] GC(8330) Pause Young (Normal) (G1 Evacuation Pause)
[2020-12-15T14:00:36.097-0500][gc,task        ] GC(8330) Using 8 workers of 8 for evacuation
[2020-12-15T14:00:36.100-0500][gc,phases      ] GC(8330)   Pre Evacuate Collection Set: 0.0ms
[2020-12-15T14:00:36.100-0500][gc,phases      ] GC(8330)   Evacuate Collection Set: 1.7ms
[2020-12-15T14:00:36.100-0500][gc,phases      ] GC(8330)   Post Evacuate Collection Set: 1.1ms
[2020-12-15T14:00:36.100-0500][gc,phases      ] GC(8330)   Other: 0.2ms
[2020-12-15T14:00:36.100-0500][gc,heap        ] GC(8330) Eden regions: 8->0(8)
[2020-12-15T14:00:36.100-0500][gc,heap        ] GC(8330) Survivor regions: 1->1(2)
[2020-12-15T14:00:36.100-0500][gc,heap        ] GC(8330) Old regions: 42->42
[2020-12-15T14:00:36.100-0500][gc,heap        ] GC(8330) Humongous regions: 4->4
[2020-12-15T14:00:36.100-0500][gc,metaspace   ] GC(8330) Metaspace: 49404K->49404K(1093632K)
[2020-12-15T14:00:36.100-0500][gc,heap        ] GC(8330) Heap after GC invocations=8331 (full 1697): garbage-first heap   total 64512K, used 43338K [0x0000000083000000, 0x0000000100000000)
[2020-12-15T14:00:36.100-0500][gc,heap        ] GC(8330)   region size 1024K, 1 young (1024K), 1 survivors (1024K)
[2020-12-15T14:00:36.100-0500][gc,heap        ] GC(8330)  Metaspace       used 49404K, capacity 51450K, committed 53248K, reserved 1093632K
[2020-12-15T14:00:36.100-0500][gc,heap        ] GC(8330)   class space    used 7386K, capacity 8097K, committed 8704K, reserved 1048576K
[2020-12-15T14:00:36.101-0500][gc             ] GC(8330) Pause Young (Normal) (G1 Evacuation Pause) 50M->42M(63M) 3.051ms
[2020-12-15T14:00:36.101-0500][gc,cpu         ] GC(8330) User=0.00s Sys=0.00s Real=0.01s
[2020-12-15T14:01:16.013-0500][gc,heap        ] GC(8331) Heap before GC invocations=8331 (full 1697): garbage-first heap   total 64512K, used 50506K [0x0000000083000000, 0x0000000100000000)
[2020-12-15T14:01:16.014-0500][gc,heap        ] GC(8331)   region size 1024K, 9 young (9216K), 1 survivors (1024K)
[2020-12-15T14:01:16.014-0500][gc,heap        ] GC(8331)  Metaspace       used 49404K, capacity 51450K, committed 53248K, reserved 1093632K
[2020-12-15T14:01:16.014-0500][gc,heap        ] GC(8331)   class space    used 7386K, capacity 8097K, committed 8704K, reserved 1048576K
[2020-12-15T14:01:16.014-0500][gc,start       ] GC(8331) Pause Young (Normal) (G1 Evacuation Pause)
[2020-12-15T14:01:16.014-0500][gc,task        ] GC(8331) Using 8 workers of 8 for evacuation
[2020-12-15T14:01:16.015-0500][gc,phases      ] GC(8331)   Pre Evacuate Collection Set: 0.0ms
[2020-12-15T14:01:16.015-0500][gc,phases      ] GC(8331)   Evacuate Collection Set: 0.7ms
[2020-12-15T14:01:16.015-0500][gc,phases      ] GC(8331)   Post Evacuate Collection Set: 0.9ms
[2020-12-15T14:01:16.015-0500][gc,phases      ] GC(8331)   Other: 0.3ms
[2020-12-15T14:01:16.015-0500][gc,heap        ] GC(8331) Eden regions: 8->0(8)
[2020-12-15T14:01:16.015-0500][gc,heap        ] GC(8331) Survivor regions: 1->1(2)
[2020-12-15T14:01:16.015-0500][gc,heap        ] GC(8331) Old regions: 42->42
[2020-12-15T14:01:16.015-0500][gc,heap        ] GC(8331) Humongous regions: 4->4
[2020-12-15T14:01:16.015-0500][gc,metaspace   ] GC(8331) Metaspace: 49404K->49404K(1093632K)
[2020-12-15T14:01:16.015-0500][gc,heap        ] GC(8331) Heap after GC invocations=8332 (full 1697): garbage-first heap   total 64512K, used 43364K [0x0000000083000000, 0x0000000100000000)
[2020-12-15T14:01:16.015-0500][gc,heap        ] GC(8331)   region size 1024K, 1 young (1024K), 1 survivors (1024K)
[2020-12-15T14:01:16.015-0500][gc,heap        ] GC(8331)  Metaspace       used 49404K, capacity 51450K, committed 53248K, reserved 1093632K
[2020-12-15T14:01:16.015-0500][gc,heap        ] GC(8331)   class space    used 7386K, capacity 8097K, committed 8704K, reserved 1048576K
[2020-12-15T14:01:16.015-0500][gc             ] GC(8331) Pause Young (Normal) (G1 Evacuation Pause) 50M->42M(63M) 1.911ms
[2020-12-15T14:01:16.016-0500][gc,cpu         ] GC(8331) User=0.00s Sys=0.00s Real=0.00s
[2020-12-15T14:01:45.191-0500][gc,task        ] GC(8332) Using 5 workers of 8 for full compaction
[2020-12-15T14:01:45.191-0500][gc,start       ] GC(8332) Pause Full (System.gc())
[2020-12-15T14:01:45.191-0500][gc,heap        ] GC(8332) Heap before GC invocations=8332 (full 1697): garbage-first heap   total 64512K, used 47460K [0x0000000083000000, 0x0000000100000000)
[2020-12-15T14:01:45.191-0500][gc,heap        ] GC(8332)   region size 1024K, 6 young (6144K), 1 survivors (1024K)
[2020-12-15T14:01:45.191-0500][gc,heap        ] GC(8332)  Metaspace       used 49404K, capacity 51450K, committed 53248K, reserved 1093632K
[2020-12-15T14:01:45.191-0500][gc,heap        ] GC(8332)   class space    used 7386K, capacity 8097K, committed 8704K, reserved 1048576K
[2020-12-15T14:01:45.191-0500][gc,phases,start] GC(8332) Phase 1: Mark live objects
[2020-12-15T14:01:45.214-0500][gc,stringtable ] GC(8332) Cleaned string and symbol table, strings: 32780 processed, 5 removed, symbols: 120723 processed, 0 removed
[2020-12-15T14:01:45.214-0500][gc,phases      ] GC(8332) Phase 1: Mark live objects 22.561ms
[2020-12-15T14:01:45.214-0500][gc,phases,start] GC(8332) Phase 2: Prepare for compaction
[2020-12-15T14:01:45.217-0500][gc,phases      ] GC(8332) Phase 2: Prepare for compaction 3.610ms
[2020-12-15T14:01:45.218-0500][gc,phases,start] GC(8332) Phase 3: Adjust pointers
[2020-12-15T14:01:45.230-0500][gc,phases      ] GC(8332) Phase 3: Adjust pointers 12.628ms
[2020-12-15T14:01:45.230-0500][gc,phases,start] GC(8332) Phase 4: Compact heap
[2020-12-15T14:01:45.233-0500][gc,phases      ] GC(8332) Phase 4: Compact heap 2.845ms
[2020-12-15T14:01:45.239-0500][gc,heap        ] GC(8332) Eden regions: 5->0(9)
[2020-12-15T14:01:45.239-0500][gc,heap        ] GC(8332) Survivor regions: 1->0(2)
[2020-12-15T14:01:45.239-0500][gc,heap        ] GC(8332) Old regions: 42->42
[2020-12-15T14:01:45.239-0500][gc,heap        ] GC(8332) Humongous regions: 4->4
[2020-12-15T14:01:45.239-0500][gc,metaspace   ] GC(8332) Metaspace: 49404K->49404K(1093632K)
[2020-12-15T14:01:45.239-0500][gc,heap        ] GC(8332) Heap after GC invocations=8333 (full 1698): garbage-first heap   total 64512K, used 43264K [0x0000000083000000, 0x0000000100000000)
[2020-12-15T14:01:45.239-0500][gc,heap        ] GC(8332)   region size 1024K, 0 young (0K), 0 survivors (0K)
[2020-12-15T14:01:45.239-0500][gc,heap        ] GC(8332)  Metaspace       used 49404K, capacity 51450K, committed 53248K, reserved 1093632K
[2020-12-15T14:01:45.239-0500][gc,heap        ] GC(8332)   class space    used 7386K, capacity 8097K, committed 8704K, reserved 1048576K
[2020-12-15T14:01:45.239-0500][gc             ] GC(8332) Pause Full (System.gc()) 46M->42M(63M) 48.130ms
[2020-12-15T14:01:45.239-0500][gc,cpu         ] GC(8332) User=0.20s Sys=0.00s Real=0.04s
[2020-12-15T14:02:25.621-0500][gc,heap        ] GC(8333) Heap before GC invocations=8333 (full 1698): garbage-first heap   total 64512K, used 51456K [0x0000000083000000, 0x0000000100000000)
[2020-12-15T14:02:25.621-0500][gc,heap        ] GC(8333)   region size 1024K, 9 young (9216K), 0 survivors (0K)
[2020-12-15T14:02:25.622-0500][gc,heap        ] GC(8333)  Metaspace       used 49404K, capacity 51450K, committed 53248K, reserved 1093632K
[2020-12-15T14:02:25.622-0500][gc,heap        ] GC(8333)   class space    used 7386K, capacity 8097K, committed 8704K, reserved 1048576K
[2020-12-15T14:02:25.622-0500][gc,start       ] GC(8333) Pause Young (Normal) (G1 Evacuation Pause)
[2020-12-15T14:02:25.622-0500][gc,task        ] GC(8333) Using 8 workers of 8 for evacuation
[2020-12-15T14:02:25.626-0500][gc,phases      ] GC(8333)   Pre Evacuate Collection Set: 0.0ms
[2020-12-15T14:02:25.626-0500][gc,phases      ] GC(8333)   Evacuate Collection Set: 1.6ms
[2020-12-15T14:02:25.626-0500][gc,phases      ] GC(8333)   Post Evacuate Collection Set: 2.4ms
[2020-12-15T14:02:25.626-0500][gc,phases      ] GC(8333)   Other: 0.6ms
[2020-12-15T14:02:25.626-0500][gc,heap        ] GC(8333) Eden regions: 9->0(8)
[2020-12-15T14:02:25.626-0500][gc,heap        ] GC(8333) Survivor regions: 0->1(2)
[2020-12-15T14:02:25.626-0500][gc,heap        ] GC(8333) Old regions: 42->42
[2020-12-15T14:02:25.626-0500][gc,heap        ] GC(8333) Humongous regions: 4->4
[2020-12-15T14:02:25.626-0500][gc,metaspace   ] GC(8333) Metaspace: 49404K->49404K(1093632K)
[2020-12-15T14:02:25.626-0500][gc,heap        ] GC(8333) Heap after GC invocations=8334 (full 1698): garbage-first heap   total 64512K, used 43475K [0x0000000083000000, 0x0000000100000000)
[2020-12-15T14:02:25.626-0500][gc,heap        ] GC(8333)   region size 1024K, 1 young (1024K), 1 survivors (1024K)
[2020-12-15T14:02:25.626-0500][gc,heap        ] GC(8333)  Metaspace       used 49404K, capacity 51450K, committed 53248K, reserved 1093632K
[2020-12-15T14:02:25.626-0500][gc,heap        ] GC(8333)   class space    used 7386K, capacity 8097K, committed 8704K, reserved 1048576K
[2020-12-15T14:02:25.626-0500][gc             ] GC(8333) Pause Young (Normal) (G1 Evacuation Pause) 51M->42M(63M) 4.666ms
[2020-12-15T14:02:25.626-0500][gc,cpu         ] GC(8333) User=0.01s Sys=0.01s Real=0.00s
[2020-12-15T14:03:05.603-0500][gc,heap        ] GC(8334) Heap before GC invocations=8334 (full 1698): garbage-first heap   total 64512K, used 50643K [0x0000000083000000, 0x0000000100000000)
[2020-12-15T14:03:05.603-0500][gc,heap        ] GC(8334)   region size 1024K, 9 young (9216K), 1 survivors (1024K)
[2020-12-15T14:03:05.603-0500][gc,heap        ] GC(8334)  Metaspace       used 49404K, capacity 51450K, committed 53248K, reserved 1093632K
[2020-12-15T14:03:05.603-0500][gc,heap        ] GC(8334)   class space    used 7386K, capacity 8097K, committed 8704K, reserved 1048576K
[2020-12-15T14:03:05.603-0500][gc,start       ] GC(8334) Pause Young (Normal) (G1 Evacuation Pause)
[2020-12-15T14:03:05.603-0500][gc,task        ] GC(8334) Using 8 workers of 8 for evacuation
[2020-12-15T14:03:05.606-0500][gc,phases      ] GC(8334)   Pre Evacuate Collection Set: 0.0ms
[2020-12-15T14:03:05.606-0500][gc,phases      ] GC(8334)   Evacuate Collection Set: 1.3ms
[2020-12-15T14:03:05.606-0500][gc,phases      ] GC(8334)   Post Evacuate Collection Set: 0.9ms
[2020-12-15T14:03:05.606-0500][gc,phases      ] GC(8334)   Other: 0.3ms
[2020-12-15T14:03:05.606-0500][gc,heap        ] GC(8334) Eden regions: 8->0(8)
[2020-12-15T14:03:05.606-0500][gc,heap        ] GC(8334) Survivor regions: 1->1(2)
[2020-12-15T14:03:05.606-0500][gc,heap        ] GC(8334) Old regions: 42->42
[2020-12-15T14:03:05.606-0500][gc,heap        ] GC(8334) Humongous regions: 4->4
[2020-12-15T14:03:05.606-0500][gc,metaspace   ] GC(8334) Metaspace: 49404K->49404K(1093632K)
[2020-12-15T14:03:05.606-0500][gc,heap        ] GC(8334) Heap after GC invocations=8335 (full 1698): garbage-first heap   total 64512K, used 43454K [0x0000000083000000, 0x0000000100000000)
[2020-12-15T14:03:05.606-0500][gc,heap        ] GC(8334)   region size 1024K, 1 young (1024K), 1 survivors (1024K)
[2020-12-15T14:03:05.606-0500][gc,heap        ] GC(8334)  Metaspace       used 49404K, capacity 51450K, committed 53248K, reserved 1093632K
[2020-12-15T14:03:05.606-0500][gc,heap        ] GC(8334)   class space    used 7386K, capacity 8097K, committed 8704K, reserved 1048576K
[2020-12-15T14:03:05.606-0500][gc             ] GC(8334) Pause Young (Normal) (G1 Evacuation Pause) 50M->42M(63M) 2.454ms
[2020-12-15T14:03:05.606-0500][gc,cpu         ] GC(8334) User=0.01s Sys=0.00s Real=0.00s
[2020-12-15T14:03:45.620-0500][gc,heap        ] GC(8335) Heap before GC invocations=8335 (full 1698): garbage-first heap   total 64512K, used 50622K [0x0000000083000000, 0x0000000100000000)
[2020-12-15T14:03:45.620-0500][gc,heap        ] GC(8335)   region size 1024K, 9 young (9216K), 1 survivors (1024K)
[2020-12-15T14:03:45.620-0500][gc,heap        ] GC(8335)  Metaspace       used 49404K, capacity 51450K, committed 53248K, reserved 1093632K
[2020-12-15T14:03:45.620-0500][gc,heap        ] GC(8335)   class space    used 7386K, capacity 8097K, committed 8704K, reserved 1048576K
[2020-12-15T14:03:45.620-0500][gc,start       ] GC(8335) Pause Young (Normal) (G1 Evacuation Pause)
[2020-12-15T14:03:45.620-0500][gc,task        ] GC(8335) Using 8 workers of 8 for evacuation
[2020-12-15T14:03:45.626-0500][gc,phases      ] GC(8335)   Pre Evacuate Collection Set: 0.0ms
[2020-12-15T14:03:45.627-0500][gc,phases      ] GC(8335)   Evacuate Collection Set: 3.1ms
[2020-12-15T14:03:45.627-0500][gc,phases      ] GC(8335)   Post Evacuate Collection Set: 2.6ms
[2020-12-15T14:03:45.627-0500][gc,phases      ] GC(8335)   Other: 0.6ms
[2020-12-15T14:03:45.627-0500][gc,heap        ] GC(8335) Eden regions: 8->0(8)
[2020-12-15T14:03:45.627-0500][gc,heap        ] GC(8335) Survivor regions: 1->1(2)
[2020-12-15T14:03:45.627-0500][gc,heap        ] GC(8335) Old regions: 42->42
[2020-12-15T14:03:45.627-0500][gc,heap        ] GC(8335) Humongous regions: 4->4
[2020-12-15T14:03:45.627-0500][gc,metaspace   ] GC(8335) Metaspace: 49404K->49404K(1093632K)
[2020-12-15T14:03:45.627-0500][gc,heap        ] GC(8335) Heap after GC invocations=8336 (full 1698): garbage-first heap   total 64512K, used 43464K [0x0000000083000000, 0x0000000100000000)
[2020-12-15T14:03:45.627-0500][gc,heap        ] GC(8335)   region size 1024K, 1 young (1024K), 1 survivors (1024K)
[2020-12-15T14:03:45.627-0500][gc,heap        ] GC(8335)  Metaspace       used 49404K, capacity 51450K, committed 53248K, reserved 1093632K
[2020-12-15T14:03:45.627-0500][gc,heap        ] GC(8335)   class space    used 7386K, capacity 8097K, committed 8704K, reserved 1048576K
[2020-12-15T14:03:45.627-0500][gc             ] GC(8335) Pause Young (Normal) (G1 Evacuation Pause) 50M->42M(63M) 6.512ms
[2020-12-15T14:03:45.627-0500][gc,cpu         ] GC(8335) User=0.02s Sys=0.01s Real=0.00s
[2020-12-15T14:04:17.938-0500][gc,heap        ] GC(8336) Heap before GC invocations=8336 (full 1698): garbage-first heap   total 64512K, used 50632K [0x0000000083000000, 0x0000000100000000)
[2020-12-15T14:04:17.938-0500][gc,heap        ] GC(8336)   region size 1024K, 9 young (9216K), 1 survivors (1024K)
[2020-12-15T14:04:17.938-0500][gc,heap        ] GC(8336)  Metaspace       used 49404K, capacity 51450K, committed 53248K, reserved 1093632K
[2020-12-15T14:04:17.938-0500][gc,heap        ] GC(8336)   class space    used 7386K, capacity 8097K, committed 8704K, reserved 1048576K
[2020-12-15T14:04:17.938-0500][gc,start       ] GC(8336) Pause Young (Normal) (G1 Evacuation Pause)
[2020-12-15T14:04:17.938-0500][gc,task        ] GC(8336) Using 8 workers of 8 for evacuation
[2020-12-15T14:04:17.941-0500][gc,phases      ] GC(8336)   Pre Evacuate Collection Set: 0.0ms
[2020-12-15T14:04:17.941-0500][gc,phases      ] GC(8336)   Evacuate Collection Set: 1.0ms
[2020-12-15T14:04:17.941-0500][gc,phases      ] GC(8336)   Post Evacuate Collection Set: 1.5ms
[2020-12-15T14:04:17.941-0500][gc,phases      ] GC(8336)   Other: 0.4ms
[2020-12-15T14:04:17.941-0500][gc,heap        ] GC(8336) Eden regions: 8->0(8)
[2020-12-15T14:04:17.941-0500][gc,heap        ] GC(8336) Survivor regions: 1->1(2)
[2020-12-15T14:04:17.941-0500][gc,heap        ] GC(8336) Old regions: 42->42
[2020-12-15T14:04:17.941-0500][gc,heap        ] GC(8336) Humongous regions: 4->4
[2020-12-15T14:04:17.941-0500][gc,metaspace   ] GC(8336) Metaspace: 49404K->49404K(1093632K)
[2020-12-15T14:04:17.941-0500][gc,heap        ] GC(8336) Heap after GC invocations=8337 (full 1698): garbage-first heap   total 64512K, used 43353K [0x0000000083000000, 0x0000000100000000)
[2020-12-15T14:04:17.941-0500][gc,heap        ] GC(8336)   region size 1024K, 1 young (1024K), 1 survivors (1024K)
[2020-12-15T14:04:17.941-0500][gc,heap        ] GC(8336)  Metaspace       used 49404K, capacity 51450K, committed 53248K, reserved 1093632K
[2020-12-15T14:04:17.941-0500][gc,heap        ] GC(8336)   class space    used 7386K, capacity 8097K, committed 8704K, reserved 1048576K
[2020-12-15T14:04:17.941-0500][gc             ] GC(8336) Pause Young (Normal) (G1 Evacuation Pause) 50M->42M(63M) 3.207ms
[2020-12-15T14:04:17.941-0500][gc,cpu         ] GC(8336) User=0.00s Sys=0.01s Real=0.01s
[2020-12-15T14:04:56.014-0500][gc,heap        ] GC(8337) Heap before GC invocations=8337 (full 1698): garbage-first heap   total 64512K, used 50521K [0x0000000083000000, 0x0000000100000000)
[2020-12-15T14:04:56.014-0500][gc,heap        ] GC(8337)   region size 1024K, 9 young (9216K), 1 survivors (1024K)
[2020-12-15T14:04:56.014-0500][gc,heap        ] GC(8337)  Metaspace       used 49404K, capacity 51450K, committed 53248K, reserved 1093632K
[2020-12-15T14:04:56.014-0500][gc,heap        ] GC(8337)   class space    used 7386K, capacity 8097K, committed 8704K, reserved 1048576K
[2020-12-15T14:04:56.014-0500][gc,start       ] GC(8337) Pause Young (Normal) (G1 Evacuation Pause)
[2020-12-15T14:04:56.014-0500][gc,task        ] GC(8337) Using 8 workers of 8 for evacuation
[2020-12-15T14:04:56.016-0500][gc,phases      ] GC(8337)   Pre Evacuate Collection Set: 0.0ms
[2020-12-15T14:04:56.016-0500][gc,phases      ] GC(8337)   Evacuate Collection Set: 0.7ms
[2020-12-15T14:04:56.016-0500][gc,phases      ] GC(8337)   Post Evacuate Collection Set: 1.1ms
[2020-12-15T14:04:56.016-0500][gc,phases      ] GC(8337)   Other: 0.3ms
[2020-12-15T14:04:56.016-0500][gc,heap        ] GC(8337) Eden regions: 8->0(8)
[2020-12-15T14:04:56.016-0500][gc,heap        ] GC(8337) Survivor regions: 1->1(2)
[2020-12-15T14:04:56.016-0500][gc,heap        ] GC(8337) Old regions: 42->42
[2020-12-15T14:04:56.016-0500][gc,heap        ] GC(8337) Humongous regions: 4->4
[2020-12-15T14:04:56.016-0500][gc,metaspace   ] GC(8337) Metaspace: 49404K->49404K(1093632K)
[2020-12-15T14:04:56.016-0500][gc,heap        ] GC(8337) Heap after GC invocations=8338 (full 1698): garbage-first heap   total 64512K, used 43363K [0x0000000083000000, 0x0000000100000000)
[2020-12-15T14:04:56.016-0500][gc,heap        ] GC(8337)   region size 1024K, 1 young (1024K), 1 survivors (1024K)
[2020-12-15T14:04:56.016-0500][gc,heap        ] GC(8337)  Metaspace       used 49404K, capacity 51450K, committed 53248K, reserved 1093632K
[2020-12-15T14:04:56.016-0500][gc,heap        ] GC(8337)   class space    used 7386K, capacity 8097K, committed 8704K, reserved 1048576K
[2020-12-15T14:04:56.016-0500][gc             ] GC(8337) Pause Young (Normal) (G1 Evacuation Pause) 50M->42M(63M) 2.130ms
[2020-12-15T14:04:56.016-0500][gc,cpu         ] GC(8337) User=0.00s Sys=0.00s Real=0.00s
[2020-12-15T14:05:36.012-0500][gc,heap        ] GC(8338) Heap before GC invocations=8338 (full 1698): garbage-first heap   total 64512K, used 50531K [0x0000000083000000, 0x0000000100000000)
[2020-12-15T14:05:36.012-0500][gc,heap        ] GC(8338)   region size 1024K, 9 young (9216K), 1 survivors (1024K)
[2020-12-15T14:05:36.012-0500][gc,heap        ] GC(8338)  Metaspace       used 49404K, capacity 51450K, committed 53248K, reserved 1093632K
[2020-12-15T14:05:36.012-0500][gc,heap        ] GC(8338)   class space    used 7386K, capacity 8097K, committed 8704K, reserved 1048576K
[2020-12-15T14:05:36.012-0500][gc,start       ] GC(8338) Pause Young (Normal) (G1 Evacuation Pause)
[2020-12-15T14:05:36.012-0500][gc,task        ] GC(8338) Using 8 workers of 8 for evacuation
[2020-12-15T14:05:36.016-0500][gc,phases      ] GC(8338)   Pre Evacuate Collection Set: 0.0ms
[2020-12-15T14:05:36.016-0500][gc,phases      ] GC(8338)   Evacuate Collection Set: 0.5ms
[2020-12-15T14:05:36.016-0500][gc,phases      ] GC(8338)   Post Evacuate Collection Set: 3.1ms
[2020-12-15T14:05:36.016-0500][gc,phases      ] GC(8338)   Other: 0.2ms
[2020-12-15T14:05:36.016-0500][gc,heap        ] GC(8338) Eden regions: 8->0(8)
[2020-12-15T14:05:36.016-0500][gc,heap        ] GC(8338) Survivor regions: 1->1(2)
[2020-12-15T14:05:36.016-0500][gc,heap        ] GC(8338) Old regions: 42->42
[2020-12-15T14:05:36.016-0500][gc,heap        ] GC(8338) Humongous regions: 4->4
[2020-12-15T14:05:36.016-0500][gc,metaspace   ] GC(8338) Metaspace: 49404K->49404K(1093632K)
[2020-12-15T14:05:36.016-0500][gc,heap        ] GC(8338) Heap after GC invocations=8339 (full 1698): garbage-first heap   total 64512K, used 43374K [0x0000000083000000, 0x0000000100000000)
[2020-12-15T14:05:36.016-0500][gc,heap        ] GC(8338)   region size 1024K, 1 young (1024K), 1 survivors (1024K)
[2020-12-15T14:05:36.016-0500][gc,heap        ] GC(8338)  Metaspace       used 49404K, capacity 51450K, committed 53248K, reserved 1093632K
[2020-12-15T14:05:36.016-0500][gc,heap        ] GC(8338)   class space    used 7386K, capacity 8097K, committed 8704K, reserved 1048576K
[2020-12-15T14:05:36.016-0500][gc             ] GC(8338) Pause Young (Normal) (G1 Evacuation Pause) 50M->42M(63M) 3.825ms
[2020-12-15T14:05:36.016-0500][gc,cpu         ] GC(8338) User=0.02s Sys=0.01s Real=0.00s
[2020-12-15T14:06:15.607-0500][gc,heap        ] GC(8339) Heap before GC invocations=8339 (full 1698): garbage-first heap   total 64512K, used 50542K [0x0000000083000000, 0x0000000100000000)
[2020-12-15T14:06:15.608-0500][gc,heap        ] GC(8339)   region size 1024K, 9 young (9216K), 1 survivors (1024K)
[2020-12-15T14:06:15.608-0500][gc,heap        ] GC(8339)  Metaspace       used 49404K, capacity 51450K, committed 53248K, reserved 1093632K
[2020-12-15T14:06:15.608-0500][gc,heap        ] GC(8339)   class space    used 7386K, capacity 8097K, committed 8704K, reserved 1048576K
[2020-12-15T14:06:15.608-0500][gc,start       ] GC(8339) Pause Young (Normal) (G1 Evacuation Pause)
[2020-12-15T14:06:15.608-0500][gc,task        ] GC(8339) Using 8 workers of 8 for evacuation
[2020-12-15T14:06:15.645-0500][gc,phases      ] GC(8339)   Pre Evacuate Collection Set: 0.0ms
[2020-12-15T14:06:15.645-0500][gc,phases      ] GC(8339)   Evacuate Collection Set: 34.1ms
[2020-12-15T14:06:15.645-0500][gc,phases      ] GC(8339)   Post Evacuate Collection Set: 2.7ms
[2020-12-15T14:06:15.645-0500][gc,phases      ] GC(8339)   Other: 0.3ms
[2020-12-15T14:06:15.645-0500][gc,heap        ] GC(8339) Eden regions: 8->0(8)
[2020-12-15T14:06:15.645-0500][gc,heap        ] GC(8339) Survivor regions: 1->1(2)
[2020-12-15T14:06:15.645-0500][gc,heap        ] GC(8339) Old regions: 42->42
[2020-12-15T14:06:15.645-0500][gc,heap        ] GC(8339) Humongous regions: 4->4
[2020-12-15T14:06:15.645-0500][gc,metaspace   ] GC(8339) Metaspace: 49404K->49404K(1093632K)
[2020-12-15T14:06:15.645-0500][gc,heap        ] GC(8339) Heap after GC invocations=8340 (full 1698): garbage-first heap   total 64512K, used 43538K [0x0000000083000000, 0x0000000100000000)
[2020-12-15T14:06:15.645-0500][gc,heap        ] GC(8339)   region size 1024K, 1 young (1024K), 1 survivors (1024K)
[2020-12-15T14:06:15.645-0500][gc,heap        ] GC(8339)  Metaspace       used 49404K, capacity 51450K, committed 53248K, reserved 1093632K
[2020-12-15T14:06:15.645-0500][gc,heap        ] GC(8339)   class space    used 7386K, capacity 8097K, committed 8704K, reserved 1048576K
[2020-12-15T14:06:15.645-0500][gc             ] GC(8339) Pause Young (Normal) (G1 Evacuation Pause) 50M->42M(63M) 37.086ms
[2020-12-15T14:06:15.645-0500][gc,cpu         ] GC(8339) User=0.28s Sys=0.00s Real=0.04s
[2020-12-15T14:06:45.191-0500][gc,task        ] GC(8340) Using 5 workers of 8 for full compaction
[2020-12-15T14:06:45.192-0500][gc,start       ] GC(8340) Pause Full (System.gc())
[2020-12-15T14:06:45.192-0500][gc,heap        ] GC(8340) Heap before GC invocations=8340 (full 1698): garbage-first heap   total 64512K, used 46610K [0x0000000083000000, 0x0000000100000000)
[2020-12-15T14:06:45.192-0500][gc,heap        ] GC(8340)   region size 1024K, 6 young (6144K), 1 survivors (1024K)
[2020-12-15T14:06:45.192-0500][gc,heap        ] GC(8340)  Metaspace       used 49404K, capacity 51450K, committed 53248K, reserved 1093632K
[2020-12-15T14:06:45.192-0500][gc,heap        ] GC(8340)   class space    used 7386K, capacity 8097K, committed 8704K, reserved 1048576K
[2020-12-15T14:06:45.192-0500][gc,phases,start] GC(8340) Phase 1: Mark live objects
[2020-12-15T14:06:45.214-0500][gc,stringtable ] GC(8340) Cleaned string and symbol table, strings: 32780 processed, 5 removed, symbols: 120723 processed, 0 removed
[2020-12-15T14:06:45.215-0500][gc,phases      ] GC(8340) Phase 1: Mark live objects 22.695ms
[2020-12-15T14:06:45.215-0500][gc,phases,start] GC(8340) Phase 2: Prepare for compaction
[2020-12-15T14:06:45.220-0500][gc,phases      ] GC(8340) Phase 2: Prepare for compaction 5.437ms
[2020-12-15T14:06:45.220-0500][gc,phases,start] GC(8340) Phase 3: Adjust pointers
[2020-12-15T14:06:45.232-0500][gc,phases      ] GC(8340) Phase 3: Adjust pointers 11.377ms
[2020-12-15T14:06:45.232-0500][gc,phases,start] GC(8340) Phase 4: Compact heap
[2020-12-15T14:06:45.236-0500][gc,phases      ] GC(8340) Phase 4: Compact heap 4.726ms
[2020-12-15T14:06:45.243-0500][gc,heap        ] GC(8340) Eden regions: 5->0(9)
[2020-12-15T14:06:45.243-0500][gc,heap        ] GC(8340) Survivor regions: 1->0(2)
[2020-12-15T14:06:45.243-0500][gc,heap        ] GC(8340) Old regions: 42->42
[2020-12-15T14:06:45.243-0500][gc,heap        ] GC(8340) Humongous regions: 4->4
[2020-12-15T14:06:45.243-0500][gc,metaspace   ] GC(8340) Metaspace: 49404K->49404K(1093632K)
[2020-12-15T14:06:45.243-0500][gc,heap        ] GC(8340) Heap after GC invocations=8341 (full 1699): garbage-first heap   total 64512K, used 43264K [0x0000000083000000, 0x0000000100000000)
[2020-12-15T14:06:45.243-0500][gc,heap        ] GC(8340)   region size 1024K, 0 young (0K), 0 survivors (0K)
[2020-12-15T14:06:45.243-0500][gc,heap        ] GC(8340)  Metaspace       used 49404K, capacity 51450K, committed 53248K, reserved 1093632K
[2020-12-15T14:06:45.243-0500][gc,heap        ] GC(8340)   class space    used 7386K, capacity 8097K, committed 8704K, reserved 1048576K
[2020-12-15T14:06:45.243-0500][gc             ] GC(8340) Pause Full (System.gc()) 47M->42M(63M) 51.581ms
[2020-12-15T14:06:45.243-0500][gc,cpu         ] GC(8340) User=0.22s Sys=0.00s Real=0.05s
[2020-12-15T14:07:25.614-0500][gc,heap        ] GC(8341) Heap before GC invocations=8341 (full 1699): garbage-first heap   total 64512K, used 51456K [0x0000000083000000, 0x0000000100000000)
[2020-12-15T14:07:25.614-0500][gc,heap        ] GC(8341)   region size 1024K, 9 young (9216K), 0 survivors (0K)
[2020-12-15T14:07:25.614-0500][gc,heap        ] GC(8341)  Metaspace       used 49404K, capacity 51450K, committed 53248K, reserved 1093632K
[2020-12-15T14:07:25.614-0500][gc,heap        ] GC(8341)   class space    used 7386K, capacity 8097K, committed 8704K, reserved 1048576K
[2020-12-15T14:07:25.614-0500][gc,start       ] GC(8341) Pause Young (Normal) (G1 Evacuation Pause)
[2020-12-15T14:07:25.614-0500][gc,task        ] GC(8341) Using 8 workers of 8 for evacuation
[2020-12-15T14:07:25.621-0500][gc,phases      ] GC(8341)   Pre Evacuate Collection Set: 0.0ms
[2020-12-15T14:07:25.621-0500][gc,phases      ] GC(8341)   Evacuate Collection Set: 2.1ms
[2020-12-15T14:07:25.621-0500][gc,phases      ] GC(8341)   Post Evacuate Collection Set: 4.7ms
[2020-12-15T14:07:25.621-0500][gc,phases      ] GC(8341)   Other: 0.5ms
[2020-12-15T14:07:25.621-0500][gc,heap        ] GC(8341) Eden regions: 9->0(8)
[2020-12-15T14:07:25.621-0500][gc,heap        ] GC(8341) Survivor regions: 0->1(2)
[2020-12-15T14:07:25.621-0500][gc,heap        ] GC(8341) Old regions: 42->42
[2020-12-15T14:07:25.621-0500][gc,heap        ] GC(8341) Humongous regions: 4->4
[2020-12-15T14:07:25.621-0500][gc,metaspace   ] GC(8341) Metaspace: 49404K->49404K(1093632K)
[2020-12-15T14:07:25.621-0500][gc,heap        ] GC(8341) Heap after GC invocations=8342 (full 1699): garbage-first heap   total 64512K, used 43486K [0x0000000083000000, 0x0000000100000000)
[2020-12-15T14:07:25.621-0500][gc,heap        ] GC(8341)   region size 1024K, 1 young (1024K), 1 survivors (1024K)
[2020-12-15T14:07:25.621-0500][gc,heap        ] GC(8341)  Metaspace       used 49404K, capacity 51450K, committed 53248K, reserved 1093632K
[2020-12-15T14:07:25.622-0500][gc,heap        ] GC(8341)   class space    used 7386K, capacity 8097K, committed 8704K, reserved 1048576K
[2020-12-15T14:07:25.622-0500][gc             ] GC(8341) Pause Young (Normal) (G1 Evacuation Pause) 51M->42M(63M) 7.486ms
[2020-12-15T14:07:25.622-0500][gc,cpu         ] GC(8341) User=0.02s Sys=0.00s Real=0.01s
[2020-12-15T14:08:05.609-0500][gc,heap        ] GC(8342) Heap before GC invocations=8342 (full 1699): garbage-first heap   total 64512K, used 50654K [0x0000000083000000, 0x0000000100000000)
[2020-12-15T14:08:05.609-0500][gc,heap        ] GC(8342)   region size 1024K, 9 young (9216K), 1 survivors (1024K)
[2020-12-15T14:08:05.609-0500][gc,heap        ] GC(8342)  Metaspace       used 49404K, capacity 51450K, committed 53248K, reserved 1093632K
[2020-12-15T14:08:05.609-0500][gc,heap        ] GC(8342)   class space    used 7386K, capacity 8097K, committed 8704K, reserved 1048576K
[2020-12-15T14:08:05.609-0500][gc,start       ] GC(8342) Pause Young (Normal) (G1 Evacuation Pause)
[2020-12-15T14:08:05.609-0500][gc,task        ] GC(8342) Using 8 workers of 8 for evacuation
[2020-12-15T14:08:05.612-0500][gc,phases      ] GC(8342)   Pre Evacuate Collection Set: 0.0ms
[2020-12-15T14:08:05.612-0500][gc,phases      ] GC(8342)   Evacuate Collection Set: 1.1ms
[2020-12-15T14:08:05.612-0500][gc,phases      ] GC(8342)   Post Evacuate Collection Set: 1.3ms
[2020-12-15T14:08:05.612-0500][gc,phases      ] GC(8342)   Other: 0.3ms
[2020-12-15T14:08:05.612-0500][gc,heap        ] GC(8342) Eden regions: 8->0(8)
[2020-12-15T14:08:05.612-0500][gc,heap        ] GC(8342) Survivor regions: 1->1(2)
[2020-12-15T14:08:05.612-0500][gc,heap        ] GC(8342) Old regions: 42->42
[2020-12-15T14:08:05.612-0500][gc,heap        ] GC(8342) Humongous regions: 4->4
[2020-12-15T14:08:05.612-0500][gc,metaspace   ] GC(8342) Metaspace: 49404K->49404K(1093632K)
[2020-12-15T14:08:05.612-0500][gc,heap        ] GC(8342) Heap after GC invocations=8343 (full 1699): garbage-first heap   total 64512K, used 43469K [0x0000000083000000, 0x0000000100000000)
[2020-12-15T14:08:05.612-0500][gc,heap        ] GC(8342)   region size 1024K, 1 young (1024K), 1 survivors (1024K)
[2020-12-15T14:08:05.612-0500][gc,heap        ] GC(8342)  Metaspace       used 49404K, capacity 51450K, committed 53248K, reserved 1093632K
[2020-12-15T14:08:05.612-0500][gc,heap        ] GC(8342)   class space    used 7386K, capacity 8097K, committed 8704K, reserved 1048576K
[2020-12-15T14:08:05.612-0500][gc             ] GC(8342) Pause Young (Normal) (G1 Evacuation Pause) 50M->42M(63M) 2.730ms
[2020-12-15T14:08:05.612-0500][gc,cpu         ] GC(8342) User=0.00s Sys=0.00s Real=0.00s
[2020-12-15T14:08:45.609-0500][gc,heap        ] GC(8343) Heap before GC invocations=8343 (full 1699): garbage-first heap   total 64512K, used 50637K [0x0000000083000000, 0x0000000100000000)
[2020-12-15T14:08:45.609-0500][gc,heap        ] GC(8343)   region size 1024K, 9 young (9216K), 1 survivors (1024K)
[2020-12-15T14:08:45.609-0500][gc,heap        ] GC(8343)  Metaspace       used 49404K, capacity 51450K, committed 53248K, reserved 1093632K
[2020-12-15T14:08:45.609-0500][gc,heap        ] GC(8343)   class space    used 7386K, capacity 8097K, committed 8704K, reserved 1048576K
[2020-12-15T14:08:45.609-0500][gc,start       ] GC(8343) Pause Young (Normal) (G1 Evacuation Pause)
[2020-12-15T14:08:45.609-0500][gc,task        ] GC(8343) Using 8 workers of 8 for evacuation
[2020-12-15T14:08:45.625-0500][gc,phases      ] GC(8343)   Pre Evacuate Collection Set: 0.0ms
[2020-12-15T14:08:45.625-0500][gc,phases      ] GC(8343)   Evacuate Collection Set: 6.3ms
[2020-12-15T14:08:45.625-0500][gc,phases      ] GC(8343)   Post Evacuate Collection Set: 9.0ms
[2020-12-15T14:08:45.625-0500][gc,phases      ] GC(8343)   Other: 0.2ms
[2020-12-15T14:08:45.625-0500][gc,heap        ] GC(8343) Eden regions: 8->0(8)
[2020-12-15T14:08:45.625-0500][gc,heap        ] GC(8343) Survivor regions: 1->1(2)
[2020-12-15T14:08:45.625-0500][gc,heap        ] GC(8343) Old regions: 42->42
[2020-12-15T14:08:45.625-0500][gc,heap        ] GC(8343) Humongous regions: 4->4
[2020-12-15T14:08:45.625-0500][gc,metaspace   ] GC(8343) Metaspace: 49404K->49404K(1093632K)
[2020-12-15T14:08:45.625-0500][gc,heap        ] GC(8343) Heap after GC invocations=8344 (full 1699): garbage-first heap   total 64512K, used 43472K [0x0000000083000000, 0x0000000100000000)
[2020-12-15T14:08:45.625-0500][gc,heap        ] GC(8343)   region size 1024K, 1 young (1024K), 1 survivors (1024K)
[2020-12-15T14:08:45.625-0500][gc,heap        ] GC(8343)  Metaspace       used 49404K, capacity 51450K, committed 53248K, reserved 1093632K
[2020-12-15T14:08:45.625-0500][gc,heap        ] GC(8343)   class space    used 7386K, capacity 8097K, committed 8704K, reserved 1048576K
[2020-12-15T14:08:45.625-0500][gc             ] GC(8343) Pause Young (Normal) (G1 Evacuation Pause) 50M->42M(63M) 15.593ms
[2020-12-15T14:08:45.625-0500][gc,cpu         ] GC(8343) User=0.09s Sys=0.00s Real=0.01s
[2020-12-15T14:09:25.606-0500][gc,heap        ] GC(8344) Heap before GC invocations=8344 (full 1699): garbage-first heap   total 64512K, used 50640K [0x0000000083000000, 0x0000000100000000)
[2020-12-15T14:09:25.606-0500][gc,heap        ] GC(8344)   region size 1024K, 9 young (9216K), 1 survivors (1024K)
[2020-12-15T14:09:25.606-0500][gc,heap        ] GC(8344)  Metaspace       used 49404K, capacity 51450K, committed 53248K, reserved 1093632K
[2020-12-15T14:09:25.606-0500][gc,heap        ] GC(8344)   class space    used 7386K, capacity 8097K, committed 8704K, reserved 1048576K
[2020-12-15T14:09:25.606-0500][gc,start       ] GC(8344) Pause Young (Normal) (G1 Evacuation Pause)
[2020-12-15T14:09:25.606-0500][gc,task        ] GC(8344) Using 8 workers of 8 for evacuation
[2020-12-15T14:09:25.610-0500][gc,phases      ] GC(8344)   Pre Evacuate Collection Set: 0.0ms
[2020-12-15T14:09:25.610-0500][gc,phases      ] GC(8344)   Evacuate Collection Set: 2.2ms
[2020-12-15T14:09:25.610-0500][gc,phases      ] GC(8344)   Post Evacuate Collection Set: 1.5ms
[2020-12-15T14:09:25.610-0500][gc,phases      ] GC(8344)   Other: 0.3ms
[2020-12-15T14:09:25.610-0500][gc,heap        ] GC(8344) Eden regions: 8->0(8)
[2020-12-15T14:09:25.610-0500][gc,heap        ] GC(8344) Survivor regions: 1->1(2)
[2020-12-15T14:09:25.610-0500][gc,heap        ] GC(8344) Old regions: 42->42
[2020-12-15T14:09:25.610-0500][gc,heap        ] GC(8344) Humongous regions: 4->4
[2020-12-15T14:09:25.610-0500][gc,metaspace   ] GC(8344) Metaspace: 49404K->49404K(1093632K)
[2020-12-15T14:09:25.610-0500][gc,heap        ] GC(8344) Heap after GC invocations=8345 (full 1699): garbage-first heap   total 64512K, used 43469K [0x0000000083000000, 0x0000000100000000)
[2020-12-15T14:09:25.610-0500][gc,heap        ] GC(8344)   region size 1024K, 1 young (1024K), 1 survivors (1024K)
[2020-12-15T14:09:25.610-0500][gc,heap        ] GC(8344)  Metaspace       used 49404K, capacity 51450K, committed 53248K, reserved 1093632K
[2020-12-15T14:09:25.610-0500][gc,heap        ] GC(8344)   class space    used 7386K, capacity 8097K, committed 8704K, reserved 1048576K
[2020-12-15T14:09:25.610-0500][gc             ] GC(8344) Pause Young (Normal) (G1 Evacuation Pause) 50M->42M(63M) 4.069ms
[2020-12-15T14:09:25.610-0500][gc,cpu         ] GC(8344) User=0.01s Sys=0.00s Real=0.01s
[2020-12-15T14:10:05.606-0500][gc,heap        ] GC(8345) Heap before GC invocations=8345 (full 1699): garbage-first heap   total 64512K, used 51661K [0x0000000083000000, 0x0000000100000000)
[2020-12-15T14:10:05.606-0500][gc,heap        ] GC(8345)   region size 1024K, 9 young (9216K), 1 survivors (1024K)
[2020-12-15T14:10:05.606-0500][gc,heap        ] GC(8345)  Metaspace       used 49404K, capacity 51450K, committed 53248K, reserved 1093632K
[2020-12-15T14:10:05.606-0500][gc,heap        ] GC(8345)   class space    used 7386K, capacity 8097K, committed 8704K, reserved 1048576K
[2020-12-15T14:10:05.606-0500][gc,start       ] GC(8345) Pause Young (Normal) (G1 Evacuation Pause)
[2020-12-15T14:10:05.606-0500][gc,task        ] GC(8345) Using 8 workers of 8 for evacuation
[2020-12-15T14:10:05.612-0500][gc,phases      ] GC(8345)   Pre Evacuate Collection Set: 0.0ms
[2020-12-15T14:10:05.612-0500][gc,phases      ] GC(8345)   Evacuate Collection Set: 0.7ms
[2020-12-15T14:10:05.612-0500][gc,phases      ] GC(8345)   Post Evacuate Collection Set: 4.8ms
[2020-12-15T14:10:05.612-0500][gc,phases      ] GC(8345)   Other: 0.2ms
[2020-12-15T14:10:05.612-0500][gc,heap        ] GC(8345) Eden regions: 8->0(8)
[2020-12-15T14:10:05.612-0500][gc,heap        ] GC(8345) Survivor regions: 1->1(2)
[2020-12-15T14:10:05.612-0500][gc,heap        ] GC(8345) Old regions: 42->42
[2020-12-15T14:10:05.612-0500][gc,heap        ] GC(8345) Humongous regions: 4->4
[2020-12-15T14:10:05.612-0500][gc,metaspace   ] GC(8345) Metaspace: 49404K->49404K(1093632K)
[2020-12-15T14:10:05.612-0500][gc,heap        ] GC(8345) Heap after GC invocations=8346 (full 1699): garbage-first heap   total 64512K, used 43442K [0x0000000083000000, 0x0000000100000000)
[2020-12-15T14:10:05.612-0500][gc,heap        ] GC(8345)   region size 1024K, 1 young (1024K), 1 survivors (1024K)
[2020-12-15T14:10:05.612-0500][gc,heap        ] GC(8345)  Metaspace       used 49404K, capacity 51450K, committed 53248K, reserved 1093632K
[2020-12-15T14:10:05.612-0500][gc,heap        ] GC(8345)   class space    used 7386K, capacity 8097K, committed 8704K, reserved 1048576K
[2020-12-15T14:10:05.612-0500][gc             ] GC(8345) Pause Young (Normal) (G1 Evacuation Pause) 50M->42M(63M) 5.871ms
[2020-12-15T14:10:05.612-0500][gc,cpu         ] GC(8345) User=0.03s Sys=0.00s Real=0.01s
[2020-12-15T14:10:45.627-0500][gc,heap        ] GC(8346) Heap before GC invocations=8346 (full 1699): garbage-first heap   total 64512K, used 50610K [0x0000000083000000, 0x0000000100000000)
[2020-12-15T14:10:45.627-0500][gc,heap        ] GC(8346)   region size 1024K, 9 young (9216K), 1 survivors (1024K)
[2020-12-15T14:10:45.628-0500][gc,heap        ] GC(8346)  Metaspace       used 49404K, capacity 51450K, committed 53248K, reserved 1093632K
[2020-12-15T14:10:45.628-0500][gc,heap        ] GC(8346)   class space    used 7386K, capacity 8097K, committed 8704K, reserved 1048576K
[2020-12-15T14:10:45.628-0500][gc,start       ] GC(8346) Pause Young (Normal) (G1 Evacuation Pause)
[2020-12-15T14:10:45.628-0500][gc,task        ] GC(8346) Using 8 workers of 8 for evacuation
[2020-12-15T14:10:45.640-0500][gc,phases      ] GC(8346)   Pre Evacuate Collection Set: 0.0ms
[2020-12-15T14:10:45.640-0500][gc,phases      ] GC(8346)   Evacuate Collection Set: 5.4ms
[2020-12-15T14:10:45.640-0500][gc,phases      ] GC(8346)   Post Evacuate Collection Set: 6.2ms
[2020-12-15T14:10:45.640-0500][gc,phases      ] GC(8346)   Other: 1.7ms
[2020-12-15T14:10:45.640-0500][gc,heap        ] GC(8346) Eden regions: 8->0(8)
[2020-12-15T14:10:45.640-0500][gc,heap        ] GC(8346) Survivor regions: 1->1(2)
[2020-12-15T14:10:45.640-0500][gc,heap        ] GC(8346) Old regions: 42->42
[2020-12-15T14:10:45.640-0500][gc,heap        ] GC(8346) Humongous regions: 4->4
[2020-12-15T14:10:45.640-0500][gc,metaspace   ] GC(8346) Metaspace: 49404K->49404K(1093632K)
[2020-12-15T14:10:45.640-0500][gc,heap        ] GC(8346) Heap after GC invocations=8347 (full 1699): garbage-first heap   total 64512K, used 43409K [0x0000000083000000, 0x0000000100000000)
[2020-12-15T14:10:45.640-0500][gc,heap        ] GC(8346)   region size 1024K, 1 young (1024K), 1 survivors (1024K)
[2020-12-15T14:10:45.640-0500][gc,heap        ] GC(8346)  Metaspace       used 49404K, capacity 51450K, committed 53248K, reserved 1093632K
[2020-12-15T14:10:45.640-0500][gc,heap        ] GC(8346)   class space    used 7386K, capacity 8097K, committed 8704K, reserved 1048576K
[2020-12-15T14:10:45.641-0500][gc             ] GC(8346) Pause Young (Normal) (G1 Evacuation Pause) 50M->42M(63M) 12.126ms
[2020-12-15T14:10:45.641-0500][gc,cpu         ] GC(8346) User=0.02s Sys=0.01s Real=0.01s
[2020-12-15T14:11:16.017-0500][gc,heap        ] GC(8347) Heap before GC invocations=8347 (full 1699): garbage-first heap   total 64512K, used 50577K [0x0000000083000000, 0x0000000100000000)
[2020-12-15T14:11:16.017-0500][gc,heap        ] GC(8347)   region size 1024K, 9 young (9216K), 1 survivors (1024K)
[2020-12-15T14:11:16.017-0500][gc,heap        ] GC(8347)  Metaspace       used 49404K, capacity 51450K, committed 53248K, reserved 1093632K
[2020-12-15T14:11:16.017-0500][gc,heap        ] GC(8347)   class space    used 7386K, capacity 8097K, committed 8704K, reserved 1048576K
[2020-12-15T14:11:16.017-0500][gc,start       ] GC(8347) Pause Young (Normal) (G1 Evacuation Pause)
[2020-12-15T14:11:16.017-0500][gc,task        ] GC(8347) Using 8 workers of 8 for evacuation
[2020-12-15T14:11:16.022-0500][gc,phases      ] GC(8347)   Pre Evacuate Collection Set: 0.0ms
[2020-12-15T14:11:16.022-0500][gc,phases      ] GC(8347)   Evacuate Collection Set: 2.7ms
[2020-12-15T14:11:16.022-0500][gc,phases      ] GC(8347)   Post Evacuate Collection Set: 2.0ms
[2020-12-15T14:11:16.022-0500][gc,phases      ] GC(8347)   Other: 0.4ms
[2020-12-15T14:11:16.022-0500][gc,heap        ] GC(8347) Eden regions: 8->0(8)
[2020-12-15T14:11:16.022-0500][gc,heap        ] GC(8347) Survivor regions: 1->1(2)
[2020-12-15T14:11:16.022-0500][gc,heap        ] GC(8347) Old regions: 42->42
[2020-12-15T14:11:16.022-0500][gc,heap        ] GC(8347) Humongous regions: 4->4
[2020-12-15T14:11:16.022-0500][gc,metaspace   ] GC(8347) Metaspace: 49404K->49404K(1093632K)
[2020-12-15T14:11:16.022-0500][gc,heap        ] GC(8347) Heap after GC invocations=8348 (full 1699): garbage-first heap   total 64512K, used 43393K [0x0000000083000000, 0x0000000100000000)
[2020-12-15T14:11:16.022-0500][gc,heap        ] GC(8347)   region size 1024K, 1 young (1024K), 1 survivors (1024K)
[2020-12-15T14:11:16.023-0500][gc,heap        ] GC(8347)  Metaspace       used 49404K, capacity 51450K, committed 53248K, reserved 1093632K
[2020-12-15T14:11:16.023-0500][gc,heap        ] GC(8347)   class space    used 7386K, capacity 8097K, committed 8704K, reserved 1048576K
[2020-12-15T14:11:16.023-0500][gc             ] GC(8347) Pause Young (Normal) (G1 Evacuation Pause) 50M->42M(63M) 5.403ms
[2020-12-15T14:11:16.023-0500][gc,cpu         ] GC(8347) User=0.00s Sys=0.00s Real=0.01s
[2020-12-15T14:11:45.189-0500][gc,task        ] GC(8348) Using 5 workers of 8 for full compaction
[2020-12-15T14:11:45.189-0500][gc,start       ] GC(8348) Pause Full (System.gc())
[2020-12-15T14:11:45.189-0500][gc,heap        ] GC(8348) Heap before GC invocations=8348 (full 1699): garbage-first heap   total 64512K, used 46465K [0x0000000083000000, 0x0000000100000000)
[2020-12-15T14:11:45.189-0500][gc,heap        ] GC(8348)   region size 1024K, 6 young (6144K), 1 survivors (1024K)
[2020-12-15T14:11:45.189-0500][gc,heap        ] GC(8348)  Metaspace       used 49404K, capacity 51450K, committed 53248K, reserved 1093632K
[2020-12-15T14:11:45.189-0500][gc,heap        ] GC(8348)   class space    used 7386K, capacity 8097K, committed 8704K, reserved 1048576K
[2020-12-15T14:11:45.190-0500][gc,phases,start] GC(8348) Phase 1: Mark live objects
[2020-12-15T14:11:45.215-0500][gc,stringtable ] GC(8348) Cleaned string and symbol table, strings: 32786 processed, 5 removed, symbols: 120723 processed, 0 removed
[2020-12-15T14:11:45.215-0500][gc,phases      ] GC(8348) Phase 1: Mark live objects 25.491ms
[2020-12-15T14:11:45.215-0500][gc,phases,start] GC(8348) Phase 2: Prepare for compaction
[2020-12-15T14:11:45.219-0500][gc,phases      ] GC(8348) Phase 2: Prepare for compaction 3.642ms
[2020-12-15T14:11:45.219-0500][gc,phases,start] GC(8348) Phase 3: Adjust pointers
[2020-12-15T14:11:45.231-0500][gc,phases      ] GC(8348) Phase 3: Adjust pointers 12.084ms
[2020-12-15T14:11:45.231-0500][gc,phases,start] GC(8348) Phase 4: Compact heap
[2020-12-15T14:11:45.234-0500][gc,phases      ] GC(8348) Phase 4: Compact heap 3.022ms
[2020-12-15T14:11:45.241-0500][gc,heap        ] GC(8348) Eden regions: 5->0(8)
[2020-12-15T14:11:45.241-0500][gc,heap        ] GC(8348) Survivor regions: 1->0(2)
[2020-12-15T14:11:45.241-0500][gc,heap        ] GC(8348) Old regions: 42->43
[2020-12-15T14:11:45.241-0500][gc,heap        ] GC(8348) Humongous regions: 4->4
[2020-12-15T14:11:45.241-0500][gc,metaspace   ] GC(8348) Metaspace: 49404K->49404K(1093632K)
[2020-12-15T14:11:45.242-0500][gc,heap        ] GC(8348) Heap after GC invocations=8349 (full 1700): garbage-first heap   total 64512K, used 43264K [0x0000000083000000, 0x0000000100000000)
[2020-12-15T14:11:45.242-0500][gc,heap        ] GC(8348)   region size 1024K, 0 young (0K), 0 survivors (0K)
[2020-12-15T14:11:45.242-0500][gc,heap        ] GC(8348)  Metaspace       used 49404K, capacity 51450K, committed 53248K, reserved 1093632K
[2020-12-15T14:11:45.242-0500][gc,heap        ] GC(8348)   class space    used 7386K, capacity 8097K, committed 8704K, reserved 1048576K
[2020-12-15T14:11:45.242-0500][gc             ] GC(8348) Pause Full (System.gc()) 46M->42M(63M) 52.224ms
[2020-12-15T14:11:45.242-0500][gc,cpu         ] GC(8348) User=0.22s Sys=0.00s Real=0.05s
[2020-12-15T14:12:16.016-0500][gc,heap        ] GC(8349) Heap before GC invocations=8349 (full 1700): garbage-first heap   total 64512K, used 50432K [0x0000000083000000, 0x0000000100000000)
[2020-12-15T14:12:16.016-0500][gc,heap        ] GC(8349)   region size 1024K, 8 young (8192K), 0 survivors (0K)
[2020-12-15T14:12:16.016-0500][gc,heap        ] GC(8349)  Metaspace       used 49404K, capacity 51450K, committed 53248K, reserved 1093632K
[2020-12-15T14:12:16.016-0500][gc,heap        ] GC(8349)   class space    used 7386K, capacity 8097K, committed 8704K, reserved 1048576K
[2020-12-15T14:12:16.017-0500][gc,start       ] GC(8349) Pause Young (Normal) (G1 Evacuation Pause)
[2020-12-15T14:12:16.017-0500][gc,task        ] GC(8349) Using 8 workers of 8 for evacuation
[2020-12-15T14:12:16.021-0500][gc,phases      ] GC(8349)   Pre Evacuate Collection Set: 0.0ms
[2020-12-15T14:12:16.021-0500][gc,phases      ] GC(8349)   Evacuate Collection Set: 0.7ms
[2020-12-15T14:12:16.021-0500][gc,phases      ] GC(8349)   Post Evacuate Collection Set: 3.2ms
[2020-12-15T14:12:16.021-0500][gc,phases      ] GC(8349)   Other: 0.3ms
[2020-12-15T14:12:16.021-0500][gc,heap        ] GC(8349) Eden regions: 8->0(7)
[2020-12-15T14:12:16.021-0500][gc,heap        ] GC(8349) Survivor regions: 0->1(1)
[2020-12-15T14:12:16.021-0500][gc,heap        ] GC(8349) Old regions: 43->43
[2020-12-15T14:12:16.021-0500][gc,heap        ] GC(8349) Humongous regions: 4->4
[2020-12-15T14:12:16.021-0500][gc,metaspace   ] GC(8349) Metaspace: 49404K->49404K(1093632K)
[2020-12-15T14:12:16.021-0500][gc,heap        ] GC(8349) Heap after GC invocations=8350 (full 1700): garbage-first heap   total 64512K, used 43332K [0x0000000083000000, 0x0000000100000000)
[2020-12-15T14:12:16.021-0500][gc,heap        ] GC(8349)   region size 1024K, 1 young (1024K), 1 survivors (1024K)
[2020-12-15T14:12:16.021-0500][gc,heap        ] GC(8349)  Metaspace       used 49404K, capacity 51450K, committed 53248K, reserved 1093632K
[2020-12-15T14:12:16.021-0500][gc,heap        ] GC(8349)   class space    used 7386K, capacity 8097K, committed 8704K, reserved 1048576K
[2020-12-15T14:12:16.021-0500][gc             ] GC(8349) Pause Young (Normal) (G1 Evacuation Pause) 50M->42M(63M) 4.230ms
[2020-12-15T14:12:16.021-0500][gc,cpu         ] GC(8349) User=0.02s Sys=0.00s Real=0.01s
[2020-12-15T14:12:55.611-0500][gc,heap        ] GC(8350) Heap before GC invocations=8350 (full 1700): garbage-first heap   total 64512K, used 49476K [0x0000000083000000, 0x0000000100000000)
[2020-12-15T14:12:55.611-0500][gc,heap        ] GC(8350)   region size 1024K, 8 young (8192K), 1 survivors (1024K)
[2020-12-15T14:12:55.611-0500][gc,heap        ] GC(8350)  Metaspace       used 49404K, capacity 51450K, committed 53248K, reserved 1093632K
[2020-12-15T14:12:55.611-0500][gc,heap        ] GC(8350)   class space    used 7386K, capacity 8097K, committed 8704K, reserved 1048576K
[2020-12-15T14:12:55.611-0500][gc,start       ] GC(8350) Pause Young (Normal) (G1 Evacuation Pause)
[2020-12-15T14:12:55.611-0500][gc,task        ] GC(8350) Using 8 workers of 8 for evacuation
[2020-12-15T14:12:55.613-0500][gc,phases      ] GC(8350)   Pre Evacuate Collection Set: 0.0ms
[2020-12-15T14:12:55.613-0500][gc,phases      ] GC(8350)   Evacuate Collection Set: 0.8ms
[2020-12-15T14:12:55.613-0500][gc,phases      ] GC(8350)   Post Evacuate Collection Set: 1.0ms
[2020-12-15T14:12:55.613-0500][gc,phases      ] GC(8350)   Other: 0.3ms
[2020-12-15T14:12:55.613-0500][gc,heap        ] GC(8350) Eden regions: 7->0(7)
[2020-12-15T14:12:55.613-0500][gc,heap        ] GC(8350) Survivor regions: 1->1(1)
[2020-12-15T14:12:55.613-0500][gc,heap        ] GC(8350) Old regions: 43->43
[2020-12-15T14:12:55.613-0500][gc,heap        ] GC(8350) Humongous regions: 4->4
[2020-12-15T14:12:55.613-0500][gc,metaspace   ] GC(8350) Metaspace: 49404K->49404K(1093632K)
[2020-12-15T14:12:55.613-0500][gc,heap        ] GC(8350) Heap after GC invocations=8351 (full 1700): garbage-first heap   total 64512K, used 43454K [0x0000000083000000, 0x0000000100000000)
[2020-12-15T14:12:55.613-0500][gc,heap        ] GC(8350)   region size 1024K, 1 young (1024K), 1 survivors (1024K)
[2020-12-15T14:12:55.613-0500][gc,heap        ] GC(8350)  Metaspace       used 49404K, capacity 51450K, committed 53248K, reserved 1093632K
[2020-12-15T14:12:55.613-0500][gc,heap        ] GC(8350)   class space    used 7386K, capacity 8097K, committed 8704K, reserved 1048576K
[2020-12-15T14:12:55.613-0500][gc             ] GC(8350) Pause Young (Normal) (G1 Evacuation Pause) 49M->42M(63M) 2.289ms
[2020-12-15T14:12:55.613-0500][gc,cpu         ] GC(8350) User=0.00s Sys=0.01s Real=0.00s
[2020-12-15T14:13:25.660-0500][gc,heap        ] GC(8351) Heap before GC invocations=8351 (full 1700): garbage-first heap   total 64512K, used 50622K [0x0000000083000000, 0x0000000100000000)
[2020-12-15T14:13:25.660-0500][gc,heap        ] GC(8351)   region size 1024K, 8 young (8192K), 1 survivors (1024K)
[2020-12-15T14:13:25.660-0500][gc,heap        ] GC(8351)  Metaspace       used 49404K, capacity 51450K, committed 53248K, reserved 1093632K
[2020-12-15T14:13:25.660-0500][gc,heap        ] GC(8351)   class space    used 7386K, capacity 8097K, committed 8704K, reserved 1048576K
[2020-12-15T14:13:25.660-0500][gc,start       ] GC(8351) Pause Young (Normal) (G1 Evacuation Pause)
[2020-12-15T14:13:25.660-0500][gc,task        ] GC(8351) Using 8 workers of 8 for evacuation
[2020-12-15T14:13:25.663-0500][gc,phases      ] GC(8351)   Pre Evacuate Collection Set: 0.0ms
[2020-12-15T14:13:25.663-0500][gc,phases      ] GC(8351)   Evacuate Collection Set: 1.5ms
[2020-12-15T14:13:25.663-0500][gc,phases      ] GC(8351)   Post Evacuate Collection Set: 1.0ms
[2020-12-15T14:13:25.663-0500][gc,phases      ] GC(8351)   Other: 0.4ms
[2020-12-15T14:13:25.663-0500][gc,heap        ] GC(8351) Eden regions: 7->0(7)
[2020-12-15T14:13:25.663-0500][gc,heap        ] GC(8351) Survivor regions: 1->1(1)
[2020-12-15T14:13:25.663-0500][gc,heap        ] GC(8351) Old regions: 43->43
[2020-12-15T14:13:25.663-0500][gc,heap        ] GC(8351) Humongous regions: 4->4
[2020-12-15T14:13:25.663-0500][gc,metaspace   ] GC(8351) Metaspace: 49404K->49404K(1093632K)
[2020-12-15T14:13:25.663-0500][gc,heap        ] GC(8351) Heap after GC invocations=8352 (full 1700): garbage-first heap   total 64512K, used 43397K [0x0000000083000000, 0x0000000100000000)
[2020-12-15T14:13:25.663-0500][gc,heap        ] GC(8351)   region size 1024K, 1 young (1024K), 1 survivors (1024K)
[2020-12-15T14:13:25.663-0500][gc,heap        ] GC(8351)  Metaspace       used 49404K, capacity 51450K, committed 53248K, reserved 1093632K
[2020-12-15T14:13:25.663-0500][gc,heap        ] GC(8351)   class space    used 7386K, capacity 8097K, committed 8704K, reserved 1048576K
[2020-12-15T14:13:25.663-0500][gc             ] GC(8351) Pause Young (Normal) (G1 Evacuation Pause) 49M->42M(63M) 2.913ms
[2020-12-15T14:13:25.663-0500][gc,cpu         ] GC(8351) User=0.01s Sys=0.00s Real=0.00s
[2020-12-15T14:14:05.622-0500][gc,heap        ] GC(8352) Heap before GC invocations=8352 (full 1700): garbage-first heap   total 64512K, used 49541K [0x0000000083000000, 0x0000000100000000)
[2020-12-15T14:14:05.622-0500][gc,heap        ] GC(8352)   region size 1024K, 8 young (8192K), 1 survivors (1024K)
[2020-12-15T14:14:05.622-0500][gc,heap        ] GC(8352)  Metaspace       used 49404K, capacity 51450K, committed 53248K, reserved 1093632K
[2020-12-15T14:14:05.622-0500][gc,heap        ] GC(8352)   class space    used 7386K, capacity 8097K, committed 8704K, reserved 1048576K
[2020-12-15T14:14:05.622-0500][gc,start       ] GC(8352) Pause Young (Normal) (G1 Evacuation Pause)
[2020-12-15T14:14:05.622-0500][gc,task        ] GC(8352) Using 8 workers of 8 for evacuation
[2020-12-15T14:14:05.624-0500][gc,phases      ] GC(8352)   Pre Evacuate Collection Set: 0.0ms
[2020-12-15T14:14:05.624-0500][gc,phases      ] GC(8352)   Evacuate Collection Set: 0.9ms
[2020-12-15T14:14:05.624-0500][gc,phases      ] GC(8352)   Post Evacuate Collection Set: 1.1ms
[2020-12-15T14:14:05.624-0500][gc,phases      ] GC(8352)   Other: 0.3ms
[2020-12-15T14:14:05.624-0500][gc,heap        ] GC(8352) Eden regions: 7->0(7)
[2020-12-15T14:14:05.624-0500][gc,heap        ] GC(8352) Survivor regions: 1->1(1)
[2020-12-15T14:14:05.624-0500][gc,heap        ] GC(8352) Old regions: 43->43
[2020-12-15T14:14:05.624-0500][gc,heap        ] GC(8352) Humongous regions: 4->4
[2020-12-15T14:14:05.624-0500][gc,metaspace   ] GC(8352) Metaspace: 49404K->49404K(1093632K)
[2020-12-15T14:14:05.625-0500][gc,heap        ] GC(8352) Heap after GC invocations=8353 (full 1700): garbage-first heap   total 64512K, used 43405K [0x0000000083000000, 0x0000000100000000)
[2020-12-15T14:14:05.625-0500][gc,heap        ] GC(8352)   region size 1024K, 1 young (1024K), 1 survivors (1024K)
[2020-12-15T14:14:05.625-0500][gc,heap        ] GC(8352)  Metaspace       used 49404K, capacity 51450K, committed 53248K, reserved 1093632K
[2020-12-15T14:14:05.625-0500][gc,heap        ] GC(8352)   class space    used 7386K, capacity 8097K, committed 8704K, reserved 1048576K
[2020-12-15T14:14:05.625-0500][gc             ] GC(8352) Pause Young (Normal) (G1 Evacuation Pause) 49M->42M(63M) 2.361ms
[2020-12-15T14:14:05.625-0500][gc,cpu         ] GC(8352) User=0.00s Sys=0.00s Real=0.00s
[2020-12-15T14:14:35.619-0500][gc,heap        ] GC(8353) Heap before GC invocations=8353 (full 1700): garbage-first heap   total 64512K, used 49549K [0x0000000083000000, 0x0000000100000000)
[2020-12-15T14:14:35.620-0500][gc,heap        ] GC(8353)   region size 1024K, 8 young (8192K), 1 survivors (1024K)
[2020-12-15T14:14:35.620-0500][gc,heap        ] GC(8353)  Metaspace       used 49404K, capacity 51450K, committed 53248K, reserved 1093632K
[2020-12-15T14:14:35.620-0500][gc,heap        ] GC(8353)   class space    used 7386K, capacity 8097K, committed 8704K, reserved 1048576K
[2020-12-15T14:14:35.620-0500][gc,start       ] GC(8353) Pause Young (Normal) (G1 Evacuation Pause)
[2020-12-15T14:14:35.620-0500][gc,task        ] GC(8353) Using 8 workers of 8 for evacuation
[2020-12-15T14:14:35.623-0500][gc,phases      ] GC(8353)   Pre Evacuate Collection Set: 0.0ms
[2020-12-15T14:14:35.623-0500][gc,phases      ] GC(8353)   Evacuate Collection Set: 1.6ms
[2020-12-15T14:14:35.623-0500][gc,phases      ] GC(8353)   Post Evacuate Collection Set: 1.4ms
[2020-12-15T14:14:35.623-0500][gc,phases      ] GC(8353)   Other: 0.4ms
[2020-12-15T14:14:35.623-0500][gc,heap        ] GC(8353) Eden regions: 7->0(7)
[2020-12-15T14:14:35.623-0500][gc,heap        ] GC(8353) Survivor regions: 1->1(1)
[2020-12-15T14:14:35.623-0500][gc,heap        ] GC(8353) Old regions: 43->43
[2020-12-15T14:14:35.623-0500][gc,heap        ] GC(8353) Humongous regions: 4->4
[2020-12-15T14:14:35.623-0500][gc,metaspace   ] GC(8353) Metaspace: 49404K->49404K(1093632K)
[2020-12-15T14:14:35.623-0500][gc,heap        ] GC(8353) Heap after GC invocations=8354 (full 1700): garbage-first heap   total 64512K, used 43502K [0x0000000083000000, 0x0000000100000000)
[2020-12-15T14:14:35.623-0500][gc,heap        ] GC(8353)   region size 1024K, 1 young (1024K), 1 survivors (1024K)
[2020-12-15T14:14:35.623-0500][gc,heap        ] GC(8353)  Metaspace       used 49404K, capacity 51450K, committed 53248K, reserved 1093632K
[2020-12-15T14:14:35.623-0500][gc,heap        ] GC(8353)   class space    used 7386K, capacity 8097K, committed 8704K, reserved 1048576K
[2020-12-15T14:14:35.623-0500][gc             ] GC(8353) Pause Young (Normal) (G1 Evacuation Pause) 49M->42M(63M) 3.438ms
[2020-12-15T14:14:35.623-0500][gc,cpu         ] GC(8353) User=0.01s Sys=0.01s Real=0.00s
[2020-12-15T14:15:06.018-0500][gc,heap        ] GC(8354) Heap before GC invocations=8354 (full 1700): garbage-first heap   total 64512K, used 49646K [0x0000000083000000, 0x0000000100000000)
[2020-12-15T14:15:06.018-0500][gc,heap        ] GC(8354)   region size 1024K, 8 young (8192K), 1 survivors (1024K)
[2020-12-15T14:15:06.018-0500][gc,heap        ] GC(8354)  Metaspace       used 49404K, capacity 51450K, committed 53248K, reserved 1093632K
[2020-12-15T14:15:06.018-0500][gc,heap        ] GC(8354)   class space    used 7386K, capacity 8097K, committed 8704K, reserved 1048576K
[2020-12-15T14:15:06.018-0500][gc,start       ] GC(8354) Pause Young (Normal) (G1 Evacuation Pause)
[2020-12-15T14:15:06.018-0500][gc,task        ] GC(8354) Using 8 workers of 8 for evacuation
[2020-12-15T14:15:06.022-0500][gc,phases      ] GC(8354)   Pre Evacuate Collection Set: 0.0ms
[2020-12-15T14:15:06.022-0500][gc,phases      ] GC(8354)   Evacuate Collection Set: 2.0ms
[2020-12-15T14:15:06.022-0500][gc,phases      ] GC(8354)   Post Evacuate Collection Set: 1.9ms
[2020-12-15T14:15:06.023-0500][gc,phases      ] GC(8354)   Other: 0.5ms
[2020-12-15T14:15:06.023-0500][gc,heap        ] GC(8354) Eden regions: 7->0(7)
[2020-12-15T14:15:06.023-0500][gc,heap        ] GC(8354) Survivor regions: 1->1(1)
[2020-12-15T14:15:06.023-0500][gc,heap        ] GC(8354) Old regions: 43->43
[2020-12-15T14:15:06.023-0500][gc,heap        ] GC(8354) Humongous regions: 4->4
[2020-12-15T14:15:06.023-0500][gc,metaspace   ] GC(8354) Metaspace: 49404K->49404K(1093632K)
[2020-12-15T14:15:06.023-0500][gc,heap        ] GC(8354) Heap after GC invocations=8355 (full 1700): garbage-first heap   total 64512K, used 43374K [0x0000000083000000, 0x0000000100000000)
[2020-12-15T14:15:06.023-0500][gc,heap        ] GC(8354)   region size 1024K, 1 young (1024K), 1 survivors (1024K)
[2020-12-15T14:15:06.023-0500][gc,heap        ] GC(8354)  Metaspace       used 49404K, capacity 51450K, committed 53248K, reserved 1093632K
[2020-12-15T14:15:06.023-0500][gc,heap        ] GC(8354)   class space    used 7386K, capacity 8097K, committed 8704K, reserved 1048576K
[2020-12-15T14:15:06.023-0500][gc             ] GC(8354) Pause Young (Normal) (G1 Evacuation Pause) 49M->42M(63M) 4.676ms
[2020-12-15T14:15:06.023-0500][gc,cpu         ] GC(8354) User=0.00s Sys=0.01s Real=0.00s
[2020-12-15T14:15:45.619-0500][gc,heap        ] GC(8355) Heap before GC invocations=8355 (full 1700): garbage-first heap   total 64512K, used 50542K [0x0000000083000000, 0x0000000100000000)
[2020-12-15T14:15:45.619-0500][gc,heap        ] GC(8355)   region size 1024K, 8 young (8192K), 1 survivors (1024K)
[2020-12-15T14:15:45.619-0500][gc,heap        ] GC(8355)  Metaspace       used 49404K, capacity 51450K, committed 53248K, reserved 1093632K
[2020-12-15T14:15:45.619-0500][gc,heap        ] GC(8355)   class space    used 7386K, capacity 8097K, committed 8704K, reserved 1048576K
[2020-12-15T14:15:45.619-0500][gc,start       ] GC(8355) Pause Young (Normal) (G1 Evacuation Pause)
[2020-12-15T14:15:45.619-0500][gc,task        ] GC(8355) Using 8 workers of 8 for evacuation
[2020-12-15T14:15:45.624-0500][gc,phases      ] GC(8355)   Pre Evacuate Collection Set: 0.0ms
[2020-12-15T14:15:45.624-0500][gc,phases      ] GC(8355)   Evacuate Collection Set: 2.5ms
[2020-12-15T14:15:45.624-0500][gc,phases      ] GC(8355)   Post Evacuate Collection Set: 2.0ms
[2020-12-15T14:15:45.624-0500][gc,phases      ] GC(8355)   Other: 0.4ms
[2020-12-15T14:15:45.624-0500][gc,heap        ] GC(8355) Eden regions: 7->0(7)
[2020-12-15T14:15:45.624-0500][gc,heap        ] GC(8355) Survivor regions: 1->1(1)
[2020-12-15T14:15:45.624-0500][gc,heap        ] GC(8355) Old regions: 43->43
[2020-12-15T14:15:45.624-0500][gc,heap        ] GC(8355) Humongous regions: 4->4
[2020-12-15T14:15:45.624-0500][gc,metaspace   ] GC(8355) Metaspace: 49404K->49404K(1093632K)
[2020-12-15T14:15:45.624-0500][gc,heap        ] GC(8355) Heap after GC invocations=8356 (full 1700): garbage-first heap   total 64512K, used 43497K [0x0000000083000000, 0x0000000100000000)
[2020-12-15T14:15:45.624-0500][gc,heap        ] GC(8355)   region size 1024K, 1 young (1024K), 1 survivors (1024K)
[2020-12-15T14:15:45.624-0500][gc,heap        ] GC(8355)  Metaspace       used 49404K, capacity 51450K, committed 53248K, reserved 1093632K
[2020-12-15T14:15:45.624-0500][gc,heap        ] GC(8355)   class space    used 7386K, capacity 8097K, committed 8704K, reserved 1048576K
[2020-12-15T14:15:45.624-0500][gc             ] GC(8355) Pause Young (Normal) (G1 Evacuation Pause) 49M->42M(63M) 4.941ms
[2020-12-15T14:15:45.624-0500][gc,cpu         ] GC(8355) User=0.02s Sys=0.00s Real=0.00s
[2020-12-15T14:16:15.644-0500][gc,heap        ] GC(8356) Heap before GC invocations=8356 (full 1700): garbage-first heap   total 64512K, used 50665K [0x0000000083000000, 0x0000000100000000)
[2020-12-15T14:16:15.644-0500][gc,heap        ] GC(8356)   region size 1024K, 8 young (8192K), 1 survivors (1024K)
[2020-12-15T14:16:15.644-0500][gc,heap        ] GC(8356)  Metaspace       used 49404K, capacity 51450K, committed 53248K, reserved 1093632K
[2020-12-15T14:16:15.644-0500][gc,heap        ] GC(8356)   class space    used 7386K, capacity 8097K, committed 8704K, reserved 1048576K
[2020-12-15T14:16:15.644-0500][gc,start       ] GC(8356) Pause Young (Normal) (G1 Evacuation Pause)
[2020-12-15T14:16:15.644-0500][gc,task        ] GC(8356) Using 8 workers of 8 for evacuation
[2020-12-15T14:16:15.645-0500][gc,phases      ] GC(8356)   Pre Evacuate Collection Set: 0.0ms
[2020-12-15T14:16:15.645-0500][gc,phases      ] GC(8356)   Evacuate Collection Set: 0.6ms
[2020-12-15T14:16:15.645-0500][gc,phases      ] GC(8356)   Post Evacuate Collection Set: 0.7ms
[2020-12-15T14:16:15.645-0500][gc,phases      ] GC(8356)   Other: 0.2ms
[2020-12-15T14:16:15.645-0500][gc,heap        ] GC(8356) Eden regions: 7->0(7)
[2020-12-15T14:16:15.645-0500][gc,heap        ] GC(8356) Survivor regions: 1->1(1)
[2020-12-15T14:16:15.645-0500][gc,heap        ] GC(8356) Old regions: 43->43
[2020-12-15T14:16:15.645-0500][gc,heap        ] GC(8356) Humongous regions: 4->4
[2020-12-15T14:16:15.645-0500][gc,metaspace   ] GC(8356) Metaspace: 49404K->49404K(1093632K)
[2020-12-15T14:16:15.645-0500][gc,heap        ] GC(8356) Heap after GC invocations=8357 (full 1700): garbage-first heap   total 64512K, used 43431K [0x0000000083000000, 0x0000000100000000)
[2020-12-15T14:16:15.645-0500][gc,heap        ] GC(8356)   region size 1024K, 1 young (1024K), 1 survivors (1024K)
[2020-12-15T14:16:15.645-0500][gc,heap        ] GC(8356)  Metaspace       used 49404K, capacity 51450K, committed 53248K, reserved 1093632K
[2020-12-15T14:16:15.645-0500][gc,heap        ] GC(8356)   class space    used 7386K, capacity 8097K, committed 8704K, reserved 1048576K
[2020-12-15T14:16:15.645-0500][gc             ] GC(8356) Pause Young (Normal) (G1 Evacuation Pause) 49M->42M(63M) 1.515ms
[2020-12-15T14:16:15.646-0500][gc,cpu         ] GC(8356) User=0.00s Sys=0.01s Real=0.00s
[2020-12-15T14:16:45.189-0500][gc,task        ] GC(8357) Using 5 workers of 8 for full compaction
[2020-12-15T14:16:45.189-0500][gc,start       ] GC(8357) Pause Full (System.gc())
[2020-12-15T14:16:45.189-0500][gc,heap        ] GC(8357) Heap before GC invocations=8357 (full 1700): garbage-first heap   total 64512K, used 46503K [0x0000000083000000, 0x0000000100000000)
[2020-12-15T14:16:45.189-0500][gc,heap        ] GC(8357)   region size 1024K, 6 young (6144K), 1 survivors (1024K)
[2020-12-15T14:16:45.189-0500][gc,heap        ] GC(8357)  Metaspace       used 49404K, capacity 51450K, committed 53248K, reserved 1093632K
[2020-12-15T14:16:45.189-0500][gc,heap        ] GC(8357)   class space    used 7386K, capacity 8097K, committed 8704K, reserved 1048576K
[2020-12-15T14:16:45.189-0500][gc,phases,start] GC(8357) Phase 1: Mark live objects
[2020-12-15T14:16:45.219-0500][gc,stringtable ] GC(8357) Cleaned string and symbol table, strings: 32786 processed, 5 removed, symbols: 120723 processed, 0 removed
[2020-12-15T14:16:45.219-0500][gc,phases      ] GC(8357) Phase 1: Mark live objects 29.560ms
[2020-12-15T14:16:45.219-0500][gc,phases,start] GC(8357) Phase 2: Prepare for compaction
[2020-12-15T14:16:45.223-0500][gc,phases      ] GC(8357) Phase 2: Prepare for compaction 4.724ms
[2020-12-15T14:16:45.224-0500][gc,phases,start] GC(8357) Phase 3: Adjust pointers
[2020-12-15T14:16:45.236-0500][gc,phases      ] GC(8357) Phase 3: Adjust pointers 12.470ms
[2020-12-15T14:16:45.236-0500][gc,phases,start] GC(8357) Phase 4: Compact heap
[2020-12-15T14:16:45.239-0500][gc,phases      ] GC(8357) Phase 4: Compact heap 2.872ms
[2020-12-15T14:16:45.246-0500][gc,heap        ] GC(8357) Eden regions: 5->0(10)
[2020-12-15T14:16:45.246-0500][gc,heap        ] GC(8357) Survivor regions: 1->0(1)
[2020-12-15T14:16:45.246-0500][gc,heap        ] GC(8357) Old regions: 43->41
[2020-12-15T14:16:45.246-0500][gc,heap        ] GC(8357) Humongous regions: 4->4
[2020-12-15T14:16:45.246-0500][gc,metaspace   ] GC(8357) Metaspace: 49404K->49404K(1093632K)
[2020-12-15T14:16:45.246-0500][gc,heap        ] GC(8357) Heap after GC invocations=8358 (full 1701): garbage-first heap   total 64512K, used 43264K [0x0000000083000000, 0x0000000100000000)
[2020-12-15T14:16:45.246-0500][gc,heap        ] GC(8357)   region size 1024K, 0 young (0K), 0 survivors (0K)
[2020-12-15T14:16:45.246-0500][gc,heap        ] GC(8357)  Metaspace       used 49404K, capacity 51450K, committed 53248K, reserved 1093632K
[2020-12-15T14:16:45.246-0500][gc,heap        ] GC(8357)   class space    used 7386K, capacity 8097K, committed 8704K, reserved 1048576K
[2020-12-15T14:16:45.246-0500][gc             ] GC(8357) Pause Full (System.gc()) 47M->42M(63M) 57.148ms
[2020-12-15T14:16:45.246-0500][gc,cpu         ] GC(8357) User=0.23s Sys=0.00s Real=0.05s
[2020-12-15T14:17:28.344-0500][gc,heap        ] GC(8358) Heap before GC invocations=8358 (full 1701): garbage-first heap   total 64512K, used 52480K [0x0000000083000000, 0x0000000100000000)
[2020-12-15T14:17:28.344-0500][gc,heap        ] GC(8358)   region size 1024K, 10 young (10240K), 0 survivors (0K)
[2020-12-15T14:17:28.344-0500][gc,heap        ] GC(8358)  Metaspace       used 49404K, capacity 51450K, committed 53248K, reserved 1093632K
[2020-12-15T14:17:28.344-0500][gc,heap        ] GC(8358)   class space    used 7386K, capacity 8097K, committed 8704K, reserved 1048576K
[2020-12-15T14:17:28.344-0500][gc,start       ] GC(8358) Pause Young (Normal) (G1 Evacuation Pause)
[2020-12-15T14:17:28.344-0500][gc,task        ] GC(8358) Using 8 workers of 8 for evacuation
[2020-12-15T14:17:28.347-0500][gc,phases      ] GC(8358)   Pre Evacuate Collection Set: 0.0ms
[2020-12-15T14:17:28.347-0500][gc,phases      ] GC(8358)   Evacuate Collection Set: 1.1ms
[2020-12-15T14:17:28.347-0500][gc,phases      ] GC(8358)   Post Evacuate Collection Set: 1.4ms
[2020-12-15T14:17:28.347-0500][gc,phases      ] GC(8358)   Other: 0.4ms
[2020-12-15T14:17:28.347-0500][gc,heap        ] GC(8358) Eden regions: 10->0(9)
[2020-12-15T14:17:28.347-0500][gc,heap        ] GC(8358) Survivor regions: 0->1(2)
[2020-12-15T14:17:28.347-0500][gc,heap        ] GC(8358) Old regions: 41->41
[2020-12-15T14:17:28.347-0500][gc,heap        ] GC(8358) Humongous regions: 4->4
[2020-12-15T14:17:28.347-0500][gc,metaspace   ] GC(8358) Metaspace: 49404K->49404K(1093632K)
[2020-12-15T14:17:28.347-0500][gc,heap        ] GC(8358) Heap after GC invocations=8359 (full 1701): garbage-first heap   total 64512K, used 43313K [0x0000000083000000, 0x0000000100000000)
[2020-12-15T14:17:28.347-0500][gc,heap        ] GC(8358)   region size 1024K, 1 young (1024K), 1 survivors (1024K)
[2020-12-15T14:17:28.347-0500][gc,heap        ] GC(8358)  Metaspace       used 49404K, capacity 51450K, committed 53248K, reserved 1093632K
[2020-12-15T14:17:28.347-0500][gc,heap        ] GC(8358)   class space    used 7386K, capacity 8097K, committed 8704K, reserved 1048576K
[2020-12-15T14:17:28.347-0500][gc             ] GC(8358) Pause Young (Normal) (G1 Evacuation Pause) 52M->42M(63M) 2.833ms
[2020-12-15T14:17:28.347-0500][gc,cpu         ] GC(8358) User=0.00s Sys=0.00s Real=0.00s
[2020-12-15T14:18:15.625-0500][gc,heap        ] GC(8359) Heap before GC invocations=8359 (full 1701): garbage-first heap   total 64512K, used 51505K [0x0000000083000000, 0x0000000100000000)
[2020-12-15T14:18:15.626-0500][gc,heap        ] GC(8359)   region size 1024K, 10 young (10240K), 1 survivors (1024K)
[2020-12-15T14:18:15.626-0500][gc,heap        ] GC(8359)  Metaspace       used 49404K, capacity 51450K, committed 53248K, reserved 1093632K
[2020-12-15T14:18:15.626-0500][gc,heap        ] GC(8359)   class space    used 7386K, capacity 8097K, committed 8704K, reserved 1048576K
[2020-12-15T14:18:15.626-0500][gc,start       ] GC(8359) Pause Young (Normal) (G1 Evacuation Pause)
[2020-12-15T14:18:15.626-0500][gc,task        ] GC(8359) Using 8 workers of 8 for evacuation
[2020-12-15T14:18:15.658-0500][gc,phases      ] GC(8359)   Pre Evacuate Collection Set: 0.0ms
[2020-12-15T14:18:15.658-0500][gc,phases      ] GC(8359)   Evacuate Collection Set: 30.7ms
[2020-12-15T14:18:15.658-0500][gc,phases      ] GC(8359)   Post Evacuate Collection Set: 1.3ms
[2020-12-15T14:18:15.658-0500][gc,phases      ] GC(8359)   Other: 0.6ms
[2020-12-15T14:18:15.658-0500][gc,heap        ] GC(8359) Eden regions: 9->0(9)
[2020-12-15T14:18:15.658-0500][gc,heap        ] GC(8359) Survivor regions: 1->1(2)
[2020-12-15T14:18:15.658-0500][gc,heap        ] GC(8359) Old regions: 41->41
[2020-12-15T14:18:15.658-0500][gc,heap        ] GC(8359) Humongous regions: 4->4
[2020-12-15T14:18:15.658-0500][gc,metaspace   ] GC(8359) Metaspace: 49404K->49404K(1093632K)
[2020-12-15T14:18:15.658-0500][gc,heap        ] GC(8359) Heap after GC invocations=8360 (full 1701): garbage-first heap   total 64512K, used 43471K [0x0000000083000000, 0x0000000100000000)
[2020-12-15T14:18:15.658-0500][gc,heap        ] GC(8359)   region size 1024K, 1 young (1024K), 1 survivors (1024K)
[2020-12-15T14:18:15.658-0500][gc,heap        ] GC(8359)  Metaspace       used 49404K, capacity 51450K, committed 53248K, reserved 1093632K
[2020-12-15T14:18:15.658-0500][gc,heap        ] GC(8359)   class space    used 7386K, capacity 8097K, committed 8704K, reserved 1048576K
[2020-12-15T14:18:15.658-0500][gc             ] GC(8359) Pause Young (Normal) (G1 Evacuation Pause) 51M->42M(63M) 32.390ms
[2020-12-15T14:18:15.658-0500][gc,cpu         ] GC(8359) User=0.21s Sys=0.00s Real=0.04s
[2020-12-15T14:18:56.017-0500][gc,heap        ] GC(8360) Heap before GC invocations=8360 (full 1701): garbage-first heap   total 64512K, used 52687K [0x0000000083000000, 0x0000000100000000)
[2020-12-15T14:18:56.017-0500][gc,heap        ] GC(8360)   region size 1024K, 10 young (10240K), 1 survivors (1024K)
[2020-12-15T14:18:56.017-0500][gc,heap        ] GC(8360)  Metaspace       used 49404K, capacity 51450K, committed 53248K, reserved 1093632K
[2020-12-15T14:18:56.017-0500][gc,heap        ] GC(8360)   class space    used 7386K, capacity 8097K, committed 8704K, reserved 1048576K
[2020-12-15T14:18:56.017-0500][gc,start       ] GC(8360) Pause Young (Normal) (G1 Evacuation Pause)
[2020-12-15T14:18:56.017-0500][gc,task        ] GC(8360) Using 8 workers of 8 for evacuation
[2020-12-15T14:18:56.021-0500][gc,phases      ] GC(8360)   Pre Evacuate Collection Set: 0.0ms
[2020-12-15T14:18:56.021-0500][gc,phases      ] GC(8360)   Evacuate Collection Set: 1.3ms
[2020-12-15T14:18:56.021-0500][gc,phases      ] GC(8360)   Post Evacuate Collection Set: 2.1ms
[2020-12-15T14:18:56.021-0500][gc,phases      ] GC(8360)   Other: 0.7ms
[2020-12-15T14:18:56.021-0500][gc,heap        ] GC(8360) Eden regions: 9->0(9)
[2020-12-15T14:18:56.021-0500][gc,heap        ] GC(8360) Survivor regions: 1->1(2)
[2020-12-15T14:18:56.021-0500][gc,heap        ] GC(8360) Old regions: 41->41
[2020-12-15T14:18:56.021-0500][gc,heap        ] GC(8360) Humongous regions: 4->4
[2020-12-15T14:18:56.021-0500][gc,metaspace   ] GC(8360) Metaspace: 49404K->49404K(1093632K)
[2020-12-15T14:18:56.021-0500][gc,heap        ] GC(8360) Heap after GC invocations=8361 (full 1701): garbage-first heap   total 64512K, used 43351K [0x0000000083000000, 0x0000000100000000)
[2020-12-15T14:18:56.021-0500][gc,heap        ] GC(8360)   region size 1024K, 1 young (1024K), 1 survivors (1024K)
[2020-12-15T14:18:56.021-0500][gc,heap        ] GC(8360)  Metaspace       used 49404K, capacity 51450K, committed 53248K, reserved 1093632K
[2020-12-15T14:18:56.021-0500][gc,heap        ] GC(8360)   class space    used 7386K, capacity 8097K, committed 8704K, reserved 1048576K
[2020-12-15T14:18:56.021-0500][gc             ] GC(8360) Pause Young (Normal) (G1 Evacuation Pause) 51M->42M(63M) 4.109ms
[2020-12-15T14:18:56.022-0500][gc,cpu         ] GC(8360) User=0.00s Sys=0.01s Real=0.01s
[2020-12-15T14:19:45.631-0500][gc,heap        ] GC(8361) Heap before GC invocations=8361 (full 1701): garbage-first heap   total 64512K, used 51543K [0x0000000083000000, 0x0000000100000000)
[2020-12-15T14:19:45.631-0500][gc,heap        ] GC(8361)   region size 1024K, 10 young (10240K), 1 survivors (1024K)
[2020-12-15T14:19:45.631-0500][gc,heap        ] GC(8361)  Metaspace       used 49404K, capacity 51450K, committed 53248K, reserved 1093632K
[2020-12-15T14:19:45.631-0500][gc,heap        ] GC(8361)   class space    used 7386K, capacity 8097K, committed 8704K, reserved 1048576K
[2020-12-15T14:19:45.631-0500][gc,start       ] GC(8361) Pause Young (Normal) (G1 Evacuation Pause)
[2020-12-15T14:19:45.632-0500][gc,task        ] GC(8361) Using 8 workers of 8 for evacuation
[2020-12-15T14:19:45.638-0500][gc,phases      ] GC(8361)   Pre Evacuate Collection Set: 0.0ms
[2020-12-15T14:19:45.638-0500][gc,phases      ] GC(8361)   Evacuate Collection Set: 3.1ms
[2020-12-15T14:19:45.638-0500][gc,phases      ] GC(8361)   Post Evacuate Collection Set: 3.1ms
[2020-12-15T14:19:45.638-0500][gc,phases      ] GC(8361)   Other: 0.7ms
[2020-12-15T14:19:45.638-0500][gc,heap        ] GC(8361) Eden regions: 9->0(9)
[2020-12-15T14:19:45.638-0500][gc,heap        ] GC(8361) Survivor regions: 1->1(2)
[2020-12-15T14:19:45.638-0500][gc,heap        ] GC(8361) Old regions: 41->41
[2020-12-15T14:19:45.638-0500][gc,heap        ] GC(8361) Humongous regions: 4->4
[2020-12-15T14:19:45.638-0500][gc,metaspace   ] GC(8361) Metaspace: 49404K->49404K(1093632K)
[2020-12-15T14:19:45.638-0500][gc,heap        ] GC(8361) Heap after GC invocations=8362 (full 1701): garbage-first heap   total 64512K, used 43487K [0x0000000083000000, 0x0000000100000000)
[2020-12-15T14:19:45.638-0500][gc,heap        ] GC(8361)   region size 1024K, 1 young (1024K), 1 survivors (1024K)
[2020-12-15T14:19:45.638-0500][gc,heap        ] GC(8361)  Metaspace       used 49404K, capacity 51450K, committed 53248K, reserved 1093632K
[2020-12-15T14:19:45.638-0500][gc,heap        ] GC(8361)   class space    used 7386K, capacity 8097K, committed 8704K, reserved 1048576K
[2020-12-15T14:19:45.638-0500][gc             ] GC(8361) Pause Young (Normal) (G1 Evacuation Pause) 51M->42M(63M) 6.927ms
[2020-12-15T14:19:45.639-0500][gc,cpu         ] GC(8361) User=0.02s Sys=0.01s Real=0.01s
[2020-12-15T14:20:25.622-0500][gc,heap        ] GC(8362) Heap before GC invocations=8362 (full 1701): garbage-first heap   total 64512K, used 51679K [0x0000000083000000, 0x0000000100000000)
[2020-12-15T14:20:25.622-0500][gc,heap        ] GC(8362)   region size 1024K, 10 young (10240K), 1 survivors (1024K)
[2020-12-15T14:20:25.622-0500][gc,heap        ] GC(8362)  Metaspace       used 49404K, capacity 51450K, committed 53248K, reserved 1093632K
[2020-12-15T14:20:25.622-0500][gc,heap        ] GC(8362)   class space    used 7386K, capacity 8097K, committed 8704K, reserved 1048576K
[2020-12-15T14:20:25.622-0500][gc,start       ] GC(8362) Pause Young (Normal) (G1 Evacuation Pause)
[2020-12-15T14:20:25.622-0500][gc,task        ] GC(8362) Using 8 workers of 8 for evacuation
[2020-12-15T14:20:25.630-0500][gc,phases      ] GC(8362)   Pre Evacuate Collection Set: 0.0ms
[2020-12-15T14:20:25.630-0500][gc,phases      ] GC(8362)   Evacuate Collection Set: 5.5ms
[2020-12-15T14:20:25.630-0500][gc,phases      ] GC(8362)   Post Evacuate Collection Set: 2.4ms
[2020-12-15T14:20:25.631-0500][gc,phases      ] GC(8362)   Other: 0.3ms
[2020-12-15T14:20:25.631-0500][gc,heap        ] GC(8362) Eden regions: 9->0(9)
[2020-12-15T14:20:25.631-0500][gc,heap        ] GC(8362) Survivor regions: 1->1(2)
[2020-12-15T14:20:25.631-0500][gc,heap        ] GC(8362) Old regions: 41->41
[2020-12-15T14:20:25.631-0500][gc,heap        ] GC(8362) Humongous regions: 4->4
[2020-12-15T14:20:25.631-0500][gc,metaspace   ] GC(8362) Metaspace: 49404K->49404K(1093632K)
[2020-12-15T14:20:25.631-0500][gc,heap        ] GC(8362) Heap after GC invocations=8363 (full 1701): garbage-first heap   total 64512K, used 43527K [0x0000000083000000, 0x0000000100000000)
[2020-12-15T14:20:25.631-0500][gc,heap        ] GC(8362)   region size 1024K, 1 young (1024K), 1 survivors (1024K)
[2020-12-15T14:20:25.631-0500][gc,heap        ] GC(8362)  Metaspace       used 49404K, capacity 51450K, committed 53248K, reserved 1093632K
[2020-12-15T14:20:25.631-0500][gc,heap        ] GC(8362)   class space    used 7386K, capacity 8097K, committed 8704K, reserved 1048576K
[2020-12-15T14:20:25.631-0500][gc             ] GC(8362) Pause Young (Normal) (G1 Evacuation Pause) 51M->42M(63M) 8.532ms
[2020-12-15T14:20:25.631-0500][gc,cpu         ] GC(8362) User=0.01s Sys=0.01s Real=0.01s
[2020-12-15T14:21:08.446-0500][gc,heap        ] GC(8363) Heap before GC invocations=8363 (full 1701): garbage-first heap   total 64512K, used 51719K [0x0000000083000000, 0x0000000100000000)
[2020-12-15T14:21:08.446-0500][gc,heap        ] GC(8363)   region size 1024K, 10 young (10240K), 1 survivors (1024K)
[2020-12-15T14:21:08.446-0500][gc,heap        ] GC(8363)  Metaspace       used 49404K, capacity 51450K, committed 53248K, reserved 1093632K
[2020-12-15T14:21:08.446-0500][gc,heap        ] GC(8363)   class space    used 7386K, capacity 8097K, committed 8704K, reserved 1048576K
[2020-12-15T14:21:08.446-0500][gc,start       ] GC(8363) Pause Young (Normal) (G1 Evacuation Pause)
[2020-12-15T14:21:08.446-0500][gc,task        ] GC(8363) Using 8 workers of 8 for evacuation
[2020-12-15T14:21:08.451-0500][gc,phases      ] GC(8363)   Pre Evacuate Collection Set: 0.0ms
[2020-12-15T14:21:08.451-0500][gc,phases      ] GC(8363)   Evacuate Collection Set: 1.8ms
[2020-12-15T14:21:08.451-0500][gc,phases      ] GC(8363)   Post Evacuate Collection Set: 2.5ms
[2020-12-15T14:21:08.451-0500][gc,phases      ] GC(8363)   Other: 0.6ms
[2020-12-15T14:21:08.451-0500][gc,heap        ] GC(8363) Eden regions: 9->0(9)
[2020-12-15T14:21:08.451-0500][gc,heap        ] GC(8363) Survivor regions: 1->1(2)
[2020-12-15T14:21:08.451-0500][gc,heap        ] GC(8363) Old regions: 41->41
[2020-12-15T14:21:08.451-0500][gc,heap        ] GC(8363) Humongous regions: 4->4
[2020-12-15T14:21:08.451-0500][gc,metaspace   ] GC(8363) Metaspace: 49404K->49404K(1093632K)
[2020-12-15T14:21:08.451-0500][gc,heap        ] GC(8363) Heap after GC invocations=8364 (full 1701): garbage-first heap   total 64512K, used 43361K [0x0000000083000000, 0x0000000100000000)
[2020-12-15T14:21:08.451-0500][gc,heap        ] GC(8363)   region size 1024K, 1 young (1024K), 1 survivors (1024K)
[2020-12-15T14:21:08.451-0500][gc,heap        ] GC(8363)  Metaspace       used 49404K, capacity 51450K, committed 53248K, reserved 1093632K
[2020-12-15T14:21:08.451-0500][gc,heap        ] GC(8363)   class space    used 7386K, capacity 8097K, committed 8704K, reserved 1048576K
[2020-12-15T14:21:08.451-0500][gc             ] GC(8363) Pause Young (Normal) (G1 Evacuation Pause) 51M->42M(63M) 4.917ms
[2020-12-15T14:21:08.451-0500][gc,cpu         ] GC(8363) User=0.01s Sys=0.01s Real=0.01s
[2020-12-15T14:21:45.191-0500][gc,task        ] GC(8364) Using 5 workers of 8 for full compaction
[2020-12-15T14:21:45.191-0500][gc,start       ] GC(8364) Pause Full (System.gc())
[2020-12-15T14:21:45.191-0500][gc,heap        ] GC(8364) Heap before GC invocations=8364 (full 1701): garbage-first heap   total 64512K, used 48481K [0x0000000083000000, 0x0000000100000000)
[2020-12-15T14:21:45.191-0500][gc,heap        ] GC(8364)   region size 1024K, 8 young (8192K), 1 survivors (1024K)
[2020-12-15T14:21:45.191-0500][gc,heap        ] GC(8364)  Metaspace       used 49404K, capacity 51450K, committed 53248K, reserved 1093632K
[2020-12-15T14:21:45.191-0500][gc,heap        ] GC(8364)   class space    used 7386K, capacity 8097K, committed 8704K, reserved 1048576K
[2020-12-15T14:21:45.191-0500][gc,phases,start] GC(8364) Phase 1: Mark live objects
[2020-12-15T14:21:45.214-0500][gc,stringtable ] GC(8364) Cleaned string and symbol table, strings: 32786 processed, 5 removed, symbols: 120723 processed, 0 removed
[2020-12-15T14:21:45.214-0500][gc,phases      ] GC(8364) Phase 1: Mark live objects 22.867ms
[2020-12-15T14:21:45.214-0500][gc,phases,start] GC(8364) Phase 2: Prepare for compaction
[2020-12-15T14:21:45.220-0500][gc,phases      ] GC(8364) Phase 2: Prepare for compaction 5.482ms
[2020-12-15T14:21:45.220-0500][gc,phases,start] GC(8364) Phase 3: Adjust pointers
[2020-12-15T14:21:45.232-0500][gc,phases      ] GC(8364) Phase 3: Adjust pointers 11.879ms
[2020-12-15T14:21:45.232-0500][gc,phases,start] GC(8364) Phase 4: Compact heap
[2020-12-15T14:21:45.236-0500][gc,phases      ] GC(8364) Phase 4: Compact heap 4.279ms
[2020-12-15T14:21:45.245-0500][gc,heap        ] GC(8364) Eden regions: 7->0(9)
[2020-12-15T14:21:45.245-0500][gc,heap        ] GC(8364) Survivor regions: 1->0(2)
[2020-12-15T14:21:45.245-0500][gc,heap        ] GC(8364) Old regions: 41->42
[2020-12-15T14:21:45.245-0500][gc,heap        ] GC(8364) Humongous regions: 4->4
[2020-12-15T14:21:45.245-0500][gc,metaspace   ] GC(8364) Metaspace: 49404K->49404K(1093632K)
[2020-12-15T14:21:45.245-0500][gc,heap        ] GC(8364) Heap after GC invocations=8365 (full 1702): garbage-first heap   total 64512K, used 43277K [0x0000000083000000, 0x0000000100000000)
[2020-12-15T14:21:45.245-0500][gc,heap        ] GC(8364)   region size 1024K, 0 young (0K), 0 survivors (0K)
[2020-12-15T14:21:45.245-0500][gc,heap        ] GC(8364)  Metaspace       used 49404K, capacity 51450K, committed 53248K, reserved 1093632K
[2020-12-15T14:21:45.245-0500][gc,heap        ] GC(8364)   class space    used 7386K, capacity 8097K, committed 8704K, reserved 1048576K
[2020-12-15T14:21:45.245-0500][gc             ] GC(8364) Pause Full (System.gc()) 48M->42M(63M) 54.099ms
[2020-12-15T14:21:45.245-0500][gc,cpu         ] GC(8364) User=0.21s Sys=0.00s Real=0.05s
[2020-12-15T14:22:25.623-0500][gc,heap        ] GC(8365) Heap before GC invocations=8365 (full 1702): garbage-first heap   total 64512K, used 52493K [0x0000000083000000, 0x0000000100000000)
[2020-12-15T14:22:25.623-0500][gc,heap        ] GC(8365)   region size 1024K, 9 young (9216K), 0 survivors (0K)
[2020-12-15T14:22:25.623-0500][gc,heap        ] GC(8365)  Metaspace       used 49404K, capacity 51450K, committed 53248K, reserved 1093632K
[2020-12-15T14:22:25.623-0500][gc,heap        ] GC(8365)   class space    used 7386K, capacity 8097K, committed 8704K, reserved 1048576K
[2020-12-15T14:22:25.623-0500][gc,start       ] GC(8365) Pause Young (Normal) (G1 Evacuation Pause)
[2020-12-15T14:22:25.623-0500][gc,task        ] GC(8365) Using 8 workers of 8 for evacuation
[2020-12-15T14:22:25.642-0500][gc,phases      ] GC(8365)   Pre Evacuate Collection Set: 0.0ms
[2020-12-15T14:22:25.643-0500][gc,phases      ] GC(8365)   Evacuate Collection Set: 17.2ms
[2020-12-15T14:22:25.643-0500][gc,phases      ] GC(8365)   Post Evacuate Collection Set: 2.2ms
[2020-12-15T14:22:25.643-0500][gc,phases      ] GC(8365)   Other: 0.4ms
[2020-12-15T14:22:25.643-0500][gc,heap        ] GC(8365) Eden regions: 9->0(8)
[2020-12-15T14:22:25.643-0500][gc,heap        ] GC(8365) Survivor regions: 0->1(2)
[2020-12-15T14:22:25.643-0500][gc,heap        ] GC(8365) Old regions: 42->42
[2020-12-15T14:22:25.643-0500][gc,heap        ] GC(8365) Humongous regions: 4->4
[2020-12-15T14:22:25.643-0500][gc,metaspace   ] GC(8365) Metaspace: 49404K->49404K(1093632K)
[2020-12-15T14:22:25.643-0500][gc,heap        ] GC(8365) Heap after GC invocations=8366 (full 1702): garbage-first heap   total 64512K, used 43470K [0x0000000083000000, 0x0000000100000000)
[2020-12-15T14:22:25.643-0500][gc,heap        ] GC(8365)   region size 1024K, 1 young (1024K), 1 survivors (1024K)
[2020-12-15T14:22:25.643-0500][gc,heap        ] GC(8365)  Metaspace       used 49404K, capacity 51450K, committed 53248K, reserved 1093632K
[2020-12-15T14:22:25.643-0500][gc,heap        ] GC(8365)   class space    used 7386K, capacity 8097K, committed 8704K, reserved 1048576K
[2020-12-15T14:22:25.643-0500][gc             ] GC(8365) Pause Young (Normal) (G1 Evacuation Pause) 51M->42M(63M) 19.765ms
[2020-12-15T14:22:25.643-0500][gc,cpu         ] GC(8365) User=0.12s Sys=0.00s Real=0.02s
[2020-12-15T14:23:05.626-0500][gc,heap        ] GC(8366) Heap before GC invocations=8366 (full 1702): garbage-first heap   total 64512K, used 50638K [0x0000000083000000, 0x0000000100000000)
[2020-12-15T14:23:05.626-0500][gc,heap        ] GC(8366)   region size 1024K, 9 young (9216K), 1 survivors (1024K)
[2020-12-15T14:23:05.626-0500][gc,heap        ] GC(8366)  Metaspace       used 49404K, capacity 51450K, committed 53248K, reserved 1093632K
[2020-12-15T14:23:05.627-0500][gc,heap        ] GC(8366)   class space    used 7386K, capacity 8097K, committed 8704K, reserved 1048576K
[2020-12-15T14:23:05.627-0500][gc,start       ] GC(8366) Pause Young (Normal) (G1 Evacuation Pause)
[2020-12-15T14:23:05.627-0500][gc,task        ] GC(8366) Using 8 workers of 8 for evacuation
[2020-12-15T14:23:05.631-0500][gc,phases      ] GC(8366)   Pre Evacuate Collection Set: 0.2ms
[2020-12-15T14:23:05.631-0500][gc,phases      ] GC(8366)   Evacuate Collection Set: 3.0ms
[2020-12-15T14:23:05.631-0500][gc,phases      ] GC(8366)   Post Evacuate Collection Set: 1.1ms
[2020-12-15T14:23:05.631-0500][gc,phases      ] GC(8366)   Other: 0.4ms
[2020-12-15T14:23:05.631-0500][gc,heap        ] GC(8366) Eden regions: 8->0(8)
[2020-12-15T14:23:05.631-0500][gc,heap        ] GC(8366) Survivor regions: 1->1(2)
[2020-12-15T14:23:05.631-0500][gc,heap        ] GC(8366) Old regions: 42->42
[2020-12-15T14:23:05.631-0500][gc,heap        ] GC(8366) Humongous regions: 4->4
[2020-12-15T14:23:05.631-0500][gc,metaspace   ] GC(8366) Metaspace: 49404K->49404K(1093632K)
[2020-12-15T14:23:05.631-0500][gc,heap        ] GC(8366) Heap after GC invocations=8367 (full 1702): garbage-first heap   total 64512K, used 43440K [0x0000000083000000, 0x0000000100000000)
[2020-12-15T14:23:05.631-0500][gc,heap        ] GC(8366)   region size 1024K, 1 young (1024K), 1 survivors (1024K)
[2020-12-15T14:23:05.631-0500][gc,heap        ] GC(8366)  Metaspace       used 49404K, capacity 51450K, committed 53248K, reserved 1093632K
[2020-12-15T14:23:05.631-0500][gc,heap        ] GC(8366)   class space    used 7386K, capacity 8097K, committed 8704K, reserved 1048576K
[2020-12-15T14:23:05.631-0500][gc             ] GC(8366) Pause Young (Normal) (G1 Evacuation Pause) 50M->42M(63M) 4.666ms
[2020-12-15T14:23:05.631-0500][gc,cpu         ] GC(8366) User=0.02s Sys=0.00s Real=0.01s
[2020-12-15T14:23:43.025-0500][gc,heap        ] GC(8367) Heap before GC invocations=8367 (full 1702): garbage-first heap   total 64512K, used 51632K [0x0000000083000000, 0x0000000100000000)
[2020-12-15T14:23:43.025-0500][gc,heap        ] GC(8367)   region size 1024K, 9 young (9216K), 1 survivors (1024K)
[2020-12-15T14:23:43.025-0500][gc,heap        ] GC(8367)  Metaspace       used 49404K, capacity 51450K, committed 53248K, reserved 1093632K
[2020-12-15T14:23:43.025-0500][gc,heap        ] GC(8367)   class space    used 7386K, capacity 8097K, committed 8704K, reserved 1048576K
[2020-12-15T14:23:43.025-0500][gc,start       ] GC(8367) Pause Young (Normal) (G1 Evacuation Pause)
[2020-12-15T14:23:43.025-0500][gc,task        ] GC(8367) Using 8 workers of 8 for evacuation
[2020-12-15T14:23:43.029-0500][gc,phases      ] GC(8367)   Pre Evacuate Collection Set: 0.0ms
[2020-12-15T14:23:43.030-0500][gc,phases      ] GC(8367)   Evacuate Collection Set: 1.5ms
[2020-12-15T14:23:43.030-0500][gc,phases      ] GC(8367)   Post Evacuate Collection Set: 2.3ms
[2020-12-15T14:23:43.030-0500][gc,phases      ] GC(8367)   Other: 0.6ms
[2020-12-15T14:23:43.030-0500][gc,heap        ] GC(8367) Eden regions: 8->0(8)
[2020-12-15T14:23:43.030-0500][gc,heap        ] GC(8367) Survivor regions: 1->1(2)
[2020-12-15T14:23:43.030-0500][gc,heap        ] GC(8367) Old regions: 42->42
[2020-12-15T14:23:43.030-0500][gc,heap        ] GC(8367) Humongous regions: 4->4
[2020-12-15T14:23:43.030-0500][gc,metaspace   ] GC(8367) Metaspace: 49404K->49404K(1093632K)
[2020-12-15T14:23:43.030-0500][gc,heap        ] GC(8367) Heap after GC invocations=8368 (full 1702): garbage-first heap   total 64512K, used 43364K [0x0000000083000000, 0x0000000100000000)
[2020-12-15T14:23:43.030-0500][gc,heap        ] GC(8367)   region size 1024K, 1 young (1024K), 1 survivors (1024K)
[2020-12-15T14:23:43.030-0500][gc,heap        ] GC(8367)  Metaspace       used 49404K, capacity 51450K, committed 53248K, reserved 1093632K
[2020-12-15T14:23:43.030-0500][gc,heap        ] GC(8367)   class space    used 7386K, capacity 8097K, committed 8704K, reserved 1048576K
[2020-12-15T14:23:43.030-0500][gc             ] GC(8367) Pause Young (Normal) (G1 Evacuation Pause) 50M->42M(63M) 4.534ms
[2020-12-15T14:23:43.030-0500][gc,cpu         ] GC(8367) User=0.00s Sys=0.01s Real=0.01s
[2020-12-15T14:24:16.020-0500][gc,heap        ] GC(8368) Heap before GC invocations=8368 (full 1702): garbage-first heap   total 64512K, used 50532K [0x0000000083000000, 0x0000000100000000)
[2020-12-15T14:24:16.020-0500][gc,heap        ] GC(8368)   region size 1024K, 9 young (9216K), 1 survivors (1024K)
[2020-12-15T14:24:16.020-0500][gc,heap        ] GC(8368)  Metaspace       used 49404K, capacity 51450K, committed 53248K, reserved 1093632K
[2020-12-15T14:24:16.020-0500][gc,heap        ] GC(8368)   class space    used 7386K, capacity 8097K, committed 8704K, reserved 1048576K
[2020-12-15T14:24:16.020-0500][gc,start       ] GC(8368) Pause Young (Normal) (G1 Evacuation Pause)
[2020-12-15T14:24:16.020-0500][gc,task        ] GC(8368) Using 8 workers of 8 for evacuation
[2020-12-15T14:24:16.025-0500][gc,phases      ] GC(8368)   Pre Evacuate Collection Set: 0.0ms
[2020-12-15T14:24:16.025-0500][gc,phases      ] GC(8368)   Evacuate Collection Set: 1.6ms
[2020-12-15T14:24:16.025-0500][gc,phases      ] GC(8368)   Post Evacuate Collection Set: 2.3ms
[2020-12-15T14:24:16.025-0500][gc,phases      ] GC(8368)   Other: 0.7ms
[2020-12-15T14:24:16.025-0500][gc,heap        ] GC(8368) Eden regions: 8->0(8)
[2020-12-15T14:24:16.025-0500][gc,heap        ] GC(8368) Survivor regions: 1->1(2)
[2020-12-15T14:24:16.025-0500][gc,heap        ] GC(8368) Old regions: 42->42
[2020-12-15T14:24:16.025-0500][gc,heap        ] GC(8368) Humongous regions: 4->4
[2020-12-15T14:24:16.025-0500][gc,metaspace   ] GC(8368) Metaspace: 49404K->49404K(1093632K)
[2020-12-15T14:24:16.025-0500][gc,heap        ] GC(8368) Heap after GC invocations=8369 (full 1702): garbage-first heap   total 64512K, used 43351K [0x0000000083000000, 0x0000000100000000)
[2020-12-15T14:24:16.025-0500][gc,heap        ] GC(8368)   region size 1024K, 1 young (1024K), 1 survivors (1024K)
[2020-12-15T14:24:16.025-0500][gc,heap        ] GC(8368)  Metaspace       used 49404K, capacity 51450K, committed 53248K, reserved 1093632K
[2020-12-15T14:24:16.025-0500][gc,heap        ] GC(8368)   class space    used 7386K, capacity 8097K, committed 8704K, reserved 1048576K
[2020-12-15T14:24:16.025-0500][gc             ] GC(8368) Pause Young (Normal) (G1 Evacuation Pause) 50M->42M(63M) 4.670ms
[2020-12-15T14:24:16.025-0500][gc,cpu         ] GC(8368) User=0.01s Sys=0.01s Real=0.00s
[2020-12-15T14:24:56.019-0500][gc,heap        ] GC(8369) Heap before GC invocations=8369 (full 1702): garbage-first heap   total 64512K, used 50519K [0x0000000083000000, 0x0000000100000000)
[2020-12-15T14:24:56.019-0500][gc,heap        ] GC(8369)   region size 1024K, 9 young (9216K), 1 survivors (1024K)
[2020-12-15T14:24:56.020-0500][gc,heap        ] GC(8369)  Metaspace       used 49404K, capacity 51450K, committed 53248K, reserved 1093632K
[2020-12-15T14:24:56.020-0500][gc,heap        ] GC(8369)   class space    used 7386K, capacity 8097K, committed 8704K, reserved 1048576K
[2020-12-15T14:24:56.020-0500][gc,start       ] GC(8369) Pause Young (Normal) (G1 Evacuation Pause)
[2020-12-15T14:24:56.020-0500][gc,task        ] GC(8369) Using 8 workers of 8 for evacuation
[2020-12-15T14:24:56.025-0500][gc,phases      ] GC(8369)   Pre Evacuate Collection Set: 0.0ms
[2020-12-15T14:24:56.025-0500][gc,phases      ] GC(8369)   Evacuate Collection Set: 1.6ms
[2020-12-15T14:24:56.025-0500][gc,phases      ] GC(8369)   Post Evacuate Collection Set: 3.3ms
[2020-12-15T14:24:56.025-0500][gc,phases      ] GC(8369)   Other: 0.5ms
[2020-12-15T14:24:56.025-0500][gc,heap        ] GC(8369) Eden regions: 8->0(8)
[2020-12-15T14:24:56.025-0500][gc,heap        ] GC(8369) Survivor regions: 1->1(2)
[2020-12-15T14:24:56.025-0500][gc,heap        ] GC(8369) Old regions: 42->42
[2020-12-15T14:24:56.025-0500][gc,heap        ] GC(8369) Humongous regions: 4->4
[2020-12-15T14:24:56.025-0500][gc,metaspace   ] GC(8369) Metaspace: 49404K->49404K(1093632K)
[2020-12-15T14:24:56.025-0500][gc,heap        ] GC(8369) Heap after GC invocations=8370 (full 1702): garbage-first heap   total 64512K, used 43372K [0x0000000083000000, 0x0000000100000000)
[2020-12-15T14:24:56.025-0500][gc,heap        ] GC(8369)   region size 1024K, 1 young (1024K), 1 survivors (1024K)
[2020-12-15T14:24:56.025-0500][gc,heap        ] GC(8369)  Metaspace       used 49404K, capacity 51450K, committed 53248K, reserved 1093632K
[2020-12-15T14:24:56.025-0500][gc,heap        ] GC(8369)   class space    used 7386K, capacity 8097K, committed 8704K, reserved 1048576K
[2020-12-15T14:24:56.025-0500][gc             ] GC(8369) Pause Young (Normal) (G1 Evacuation Pause) 50M->42M(63M) 5.488ms
[2020-12-15T14:24:56.025-0500][gc,cpu         ] GC(8369) User=0.00s Sys=0.01s Real=0.00s
[2020-12-15T14:25:36.010-0500][gc,heap        ] GC(8370) Heap before GC invocations=8370 (full 1702): garbage-first heap   total 64512K, used 50540K [0x0000000083000000, 0x0000000100000000)
[2020-12-15T14:25:36.010-0500][gc,heap        ] GC(8370)   region size 1024K, 9 young (9216K), 1 survivors (1024K)
[2020-12-15T14:25:36.010-0500][gc,heap        ] GC(8370)  Metaspace       used 49404K, capacity 51450K, committed 53248K, reserved 1093632K
[2020-12-15T14:25:36.010-0500][gc,heap        ] GC(8370)   class space    used 7386K, capacity 8097K, committed 8704K, reserved 1048576K
[2020-12-15T14:25:36.010-0500][gc,start       ] GC(8370) Pause Young (Normal) (G1 Evacuation Pause)
[2020-12-15T14:25:36.010-0500][gc,task        ] GC(8370) Using 8 workers of 8 for evacuation
[2020-12-15T14:25:36.014-0500][gc,phases      ] GC(8370)   Pre Evacuate Collection Set: 0.0ms
[2020-12-15T14:25:36.014-0500][gc,phases      ] GC(8370)   Evacuate Collection Set: 0.7ms
[2020-12-15T14:25:36.014-0500][gc,phases      ] GC(8370)   Post Evacuate Collection Set: 3.3ms
[2020-12-15T14:25:36.014-0500][gc,phases      ] GC(8370)   Other: 0.2ms
[2020-12-15T14:25:36.014-0500][gc,heap        ] GC(8370) Eden regions: 8->0(8)
[2020-12-15T14:25:36.014-0500][gc,heap        ] GC(8370) Survivor regions: 1->1(2)
[2020-12-15T14:25:36.014-0500][gc,heap        ] GC(8370) Old regions: 42->42
[2020-12-15T14:25:36.014-0500][gc,heap        ] GC(8370) Humongous regions: 4->4
[2020-12-15T14:25:36.014-0500][gc,metaspace   ] GC(8370) Metaspace: 49404K->49404K(1093632K)
[2020-12-15T14:25:36.014-0500][gc,heap        ] GC(8370) Heap after GC invocations=8371 (full 1702): garbage-first heap   total 64512K, used 43385K [0x0000000083000000, 0x0000000100000000)
[2020-12-15T14:25:36.014-0500][gc,heap        ] GC(8370)   region size 1024K, 1 young (1024K), 1 survivors (1024K)
[2020-12-15T14:25:36.014-0500][gc,heap        ] GC(8370)  Metaspace       used 49404K, capacity 51450K, committed 53248K, reserved 1093632K
[2020-12-15T14:25:36.014-0500][gc,heap        ] GC(8370)   class space    used 7386K, capacity 8097K, committed 8704K, reserved 1048576K
[2020-12-15T14:25:36.015-0500][gc             ] GC(8370) Pause Young (Normal) (G1 Evacuation Pause) 50M->42M(63M) 4.307ms
[2020-12-15T14:25:36.015-0500][gc,cpu         ] GC(8370) User=0.02s Sys=0.00s Real=0.00s
[2020-12-15T14:26:15.668-0500][gc,heap        ] GC(8371) Heap before GC invocations=8371 (full 1702): garbage-first heap   total 64512K, used 50553K [0x0000000083000000, 0x0000000100000000)
[2020-12-15T14:26:15.668-0500][gc,heap        ] GC(8371)   region size 1024K, 9 young (9216K), 1 survivors (1024K)
[2020-12-15T14:26:15.668-0500][gc,heap        ] GC(8371)  Metaspace       used 49404K, capacity 51450K, committed 53248K, reserved 1093632K
[2020-12-15T14:26:15.668-0500][gc,heap        ] GC(8371)   class space    used 7386K, capacity 8097K, committed 8704K, reserved 1048576K
[2020-12-15T14:26:15.668-0500][gc,start       ] GC(8371) Pause Young (Normal) (G1 Evacuation Pause)
[2020-12-15T14:26:15.668-0500][gc,task        ] GC(8371) Using 8 workers of 8 for evacuation
[2020-12-15T14:26:15.672-0500][gc,phases      ] GC(8371)   Pre Evacuate Collection Set: 0.0ms
[2020-12-15T14:26:15.672-0500][gc,phases      ] GC(8371)   Evacuate Collection Set: 1.3ms
[2020-12-15T14:26:15.672-0500][gc,phases      ] GC(8371)   Post Evacuate Collection Set: 1.9ms
[2020-12-15T14:26:15.672-0500][gc,phases      ] GC(8371)   Other: 0.5ms
[2020-12-15T14:26:15.672-0500][gc,heap        ] GC(8371) Eden regions: 8->0(8)
[2020-12-15T14:26:15.672-0500][gc,heap        ] GC(8371) Survivor regions: 1->1(2)
[2020-12-15T14:26:15.672-0500][gc,heap        ] GC(8371) Old regions: 42->42
[2020-12-15T14:26:15.672-0500][gc,heap        ] GC(8371) Humongous regions: 4->4
[2020-12-15T14:26:15.672-0500][gc,metaspace   ] GC(8371) Metaspace: 49404K->49404K(1093632K)
[2020-12-15T14:26:15.672-0500][gc,heap        ] GC(8371) Heap after GC invocations=8372 (full 1702): garbage-first heap   total 64512K, used 43432K [0x0000000083000000, 0x0000000100000000)
[2020-12-15T14:26:15.672-0500][gc,heap        ] GC(8371)   region size 1024K, 1 young (1024K), 1 survivors (1024K)
[2020-12-15T14:26:15.672-0500][gc,heap        ] GC(8371)  Metaspace       used 49404K, capacity 51450K, committed 53248K, reserved 1093632K
[2020-12-15T14:26:15.672-0500][gc,heap        ] GC(8371)   class space    used 7386K, capacity 8097K, committed 8704K, reserved 1048576K
[2020-12-15T14:26:15.672-0500][gc             ] GC(8371) Pause Young (Normal) (G1 Evacuation Pause) 50M->42M(63M) 3.997ms
[2020-12-15T14:26:15.673-0500][gc,cpu         ] GC(8371) User=0.00s Sys=0.01s Real=0.00s
[2020-12-15T14:26:45.189-0500][gc,task        ] GC(8372) Using 5 workers of 8 for full compaction
[2020-12-15T14:26:45.189-0500][gc,start       ] GC(8372) Pause Full (System.gc())
[2020-12-15T14:26:45.190-0500][gc,heap        ] GC(8372) Heap before GC invocations=8372 (full 1702): garbage-first heap   total 64512K, used 47528K [0x0000000083000000, 0x0000000100000000)
[2020-12-15T14:26:45.190-0500][gc,heap        ] GC(8372)   region size 1024K, 6 young (6144K), 1 survivors (1024K)
[2020-12-15T14:26:45.190-0500][gc,heap        ] GC(8372)  Metaspace       used 49404K, capacity 51450K, committed 53248K, reserved 1093632K
[2020-12-15T14:26:45.190-0500][gc,heap        ] GC(8372)   class space    used 7386K, capacity 8097K, committed 8704K, reserved 1048576K
[2020-12-15T14:26:45.190-0500][gc,phases,start] GC(8372) Phase 1: Mark live objects
[2020-12-15T14:26:45.224-0500][gc,stringtable ] GC(8372) Cleaned string and symbol table, strings: 32786 processed, 5 removed, symbols: 120723 processed, 0 removed
[2020-12-15T14:26:45.224-0500][gc,phases      ] GC(8372) Phase 1: Mark live objects 34.196ms
[2020-12-15T14:26:45.224-0500][gc,phases,start] GC(8372) Phase 2: Prepare for compaction
[2020-12-15T14:26:45.230-0500][gc,phases      ] GC(8372) Phase 2: Prepare for compaction 5.580ms
[2020-12-15T14:26:45.230-0500][gc,phases,start] GC(8372) Phase 3: Adjust pointers
[2020-12-15T14:26:45.242-0500][gc,phases      ] GC(8372) Phase 3: Adjust pointers 11.735ms
[2020-12-15T14:26:45.242-0500][gc,phases,start] GC(8372) Phase 4: Compact heap
[2020-12-15T14:26:45.245-0500][gc,phases      ] GC(8372) Phase 4: Compact heap 3.676ms
[2020-12-15T14:26:45.252-0500][gc,heap        ] GC(8372) Eden regions: 5->0(10)
[2020-12-15T14:26:45.252-0500][gc,heap        ] GC(8372) Survivor regions: 1->0(2)
[2020-12-15T14:26:45.252-0500][gc,heap        ] GC(8372) Old regions: 42->41
[2020-12-15T14:26:45.252-0500][gc,heap        ] GC(8372) Humongous regions: 4->4
[2020-12-15T14:26:45.252-0500][gc,metaspace   ] GC(8372) Metaspace: 49404K->49404K(1093632K)
[2020-12-15T14:26:45.252-0500][gc,heap        ] GC(8372) Heap after GC invocations=8373 (full 1703): garbage-first heap   total 64512K, used 43264K [0x0000000083000000, 0x0000000100000000)
[2020-12-15T14:26:45.252-0500][gc,heap        ] GC(8372)   region size 1024K, 0 young (0K), 0 survivors (0K)
[2020-12-15T14:26:45.252-0500][gc,heap        ] GC(8372)  Metaspace       used 49404K, capacity 51450K, committed 53248K, reserved 1093632K
[2020-12-15T14:26:45.252-0500][gc,heap        ] GC(8372)   class space    used 7386K, capacity 8097K, committed 8704K, reserved 1048576K
[2020-12-15T14:26:45.252-0500][gc             ] GC(8372) Pause Full (System.gc()) 47M->42M(63M) 62.613ms
[2020-12-15T14:26:45.252-0500][gc,cpu         ] GC(8372) User=0.26s Sys=0.00s Real=0.06s
[2020-12-15T14:27:27.587-0500][gc,heap        ] GC(8373) Heap before GC invocations=8373 (full 1703): garbage-first heap   total 64512K, used 52480K [0x0000000083000000, 0x0000000100000000)
[2020-12-15T14:27:27.587-0500][gc,heap        ] GC(8373)   region size 1024K, 10 young (10240K), 0 survivors (0K)
[2020-12-15T14:27:27.587-0500][gc,heap        ] GC(8373)  Metaspace       used 49404K, capacity 51450K, committed 53248K, reserved 1093632K
[2020-12-15T14:27:27.587-0500][gc,heap        ] GC(8373)   class space    used 7386K, capacity 8097K, committed 8704K, reserved 1048576K
[2020-12-15T14:27:27.587-0500][gc,start       ] GC(8373) Pause Young (Normal) (G1 Evacuation Pause)
[2020-12-15T14:27:27.587-0500][gc,task        ] GC(8373) Using 8 workers of 8 for evacuation
[2020-12-15T14:27:27.622-0500][gc,phases      ] GC(8373)   Pre Evacuate Collection Set: 0.0ms
[2020-12-15T14:27:27.622-0500][gc,phases      ] GC(8373)   Evacuate Collection Set: 31.6ms
[2020-12-15T14:27:27.622-0500][gc,phases      ] GC(8373)   Post Evacuate Collection Set: 3.8ms
[2020-12-15T14:27:27.622-0500][gc,phases      ] GC(8373)   Other: 0.3ms
[2020-12-15T14:27:27.622-0500][gc,heap        ] GC(8373) Eden regions: 10->0(9)
[2020-12-15T14:27:27.623-0500][gc,heap        ] GC(8373) Survivor regions: 0->1(2)
[2020-12-15T14:27:27.623-0500][gc,heap        ] GC(8373) Old regions: 41->41
[2020-12-15T14:27:27.623-0500][gc,heap        ] GC(8373) Humongous regions: 4->4
[2020-12-15T14:27:27.623-0500][gc,metaspace   ] GC(8373) Metaspace: 49404K->49404K(1093632K)
[2020-12-15T14:27:27.623-0500][gc,heap        ] GC(8373) Heap after GC invocations=8374 (full 1703): garbage-first heap   total 64512K, used 43309K [0x0000000083000000, 0x0000000100000000)
[2020-12-15T14:27:27.623-0500][gc,heap        ] GC(8373)   region size 1024K, 1 young (1024K), 1 survivors (1024K)
[2020-12-15T14:27:27.623-0500][gc,heap        ] GC(8373)  Metaspace       used 49404K, capacity 51450K, committed 53248K, reserved 1093632K
[2020-12-15T14:27:27.623-0500][gc,heap        ] GC(8373)   class space    used 7386K, capacity 8097K, committed 8704K, reserved 1048576K
[2020-12-15T14:27:27.623-0500][gc             ] GC(8373) Pause Young (Normal) (G1 Evacuation Pause) 52M->42M(63M) 35.852ms
[2020-12-15T14:27:27.623-0500][gc,cpu         ] GC(8373) User=0.27s Sys=0.00s Real=0.04s
[2020-12-15T14:28:15.622-0500][gc,heap        ] GC(8374) Heap before GC invocations=8374 (full 1703): garbage-first heap   total 64512K, used 51501K [0x0000000083000000, 0x0000000100000000)
[2020-12-15T14:28:15.622-0500][gc,heap        ] GC(8374)   region size 1024K, 10 young (10240K), 1 survivors (1024K)
[2020-12-15T14:28:15.622-0500][gc,heap        ] GC(8374)  Metaspace       used 49404K, capacity 51450K, committed 53248K, reserved 1093632K
[2020-12-15T14:28:15.622-0500][gc,heap        ] GC(8374)   class space    used 7386K, capacity 8097K, committed 8704K, reserved 1048576K
[2020-12-15T14:28:15.622-0500][gc,start       ] GC(8374) Pause Young (Normal) (G1 Evacuation Pause)
[2020-12-15T14:28:15.622-0500][gc,task        ] GC(8374) Using 8 workers of 8 for evacuation
[2020-12-15T14:28:15.627-0500][gc,phases      ] GC(8374)   Pre Evacuate Collection Set: 0.0ms
[2020-12-15T14:28:15.627-0500][gc,phases      ] GC(8374)   Evacuate Collection Set: 1.3ms
[2020-12-15T14:28:15.627-0500][gc,phases      ] GC(8374)   Post Evacuate Collection Set: 3.6ms
[2020-12-15T14:28:15.627-0500][gc,phases      ] GC(8374)   Other: 0.3ms
[2020-12-15T14:28:15.627-0500][gc,heap        ] GC(8374) Eden regions: 9->0(9)
[2020-12-15T14:28:15.627-0500][gc,heap        ] GC(8374) Survivor regions: 1->1(2)
[2020-12-15T14:28:15.627-0500][gc,heap        ] GC(8374) Old regions: 41->41
[2020-12-15T14:28:15.627-0500][gc,heap        ] GC(8374) Humongous regions: 4->4
[2020-12-15T14:28:15.627-0500][gc,metaspace   ] GC(8374) Metaspace: 49404K->49404K(1093632K)
[2020-12-15T14:28:15.627-0500][gc,heap        ] GC(8374) Heap after GC invocations=8375 (full 1703): garbage-first heap   total 64512K, used 43472K [0x0000000083000000, 0x0000000100000000)
[2020-12-15T14:28:15.627-0500][gc,heap        ] GC(8374)   region size 1024K, 1 young (1024K), 1 survivors (1024K)
[2020-12-15T14:28:15.627-0500][gc,heap        ] GC(8374)  Metaspace       used 49404K, capacity 51450K, committed 53248K, reserved 1093632K
[2020-12-15T14:28:15.627-0500][gc,heap        ] GC(8374)   class space    used 7386K, capacity 8097K, committed 8704K, reserved 1048576K
[2020-12-15T14:28:15.627-0500][gc             ] GC(8374) Pause Young (Normal) (G1 Evacuation Pause) 51M->42M(63M) 5.241ms
[2020-12-15T14:28:15.627-0500][gc,cpu         ] GC(8374) User=0.02s Sys=0.00s Real=0.00s
[2020-12-15T14:28:56.013-0500][gc,heap        ] GC(8375) Heap before GC invocations=8375 (full 1703): garbage-first heap   total 64512K, used 51664K [0x0000000083000000, 0x0000000100000000)
[2020-12-15T14:28:56.013-0500][gc,heap        ] GC(8375)   region size 1024K, 10 young (10240K), 1 survivors (1024K)
[2020-12-15T14:28:56.013-0500][gc,heap        ] GC(8375)  Metaspace       used 49404K, capacity 51450K, committed 53248K, reserved 1093632K
[2020-12-15T14:28:56.013-0500][gc,heap        ] GC(8375)   class space    used 7386K, capacity 8097K, committed 8704K, reserved 1048576K
[2020-12-15T14:28:56.013-0500][gc,start       ] GC(8375) Pause Young (Normal) (G1 Evacuation Pause)
[2020-12-15T14:28:56.013-0500][gc,task        ] GC(8375) Using 8 workers of 8 for evacuation
[2020-12-15T14:28:56.014-0500][gc,phases      ] GC(8375)   Pre Evacuate Collection Set: 0.0ms
[2020-12-15T14:28:56.014-0500][gc,phases      ] GC(8375)   Evacuate Collection Set: 0.6ms
[2020-12-15T14:28:56.014-0500][gc,phases      ] GC(8375)   Post Evacuate Collection Set: 0.5ms
[2020-12-15T14:28:56.014-0500][gc,phases      ] GC(8375)   Other: 0.2ms
[2020-12-15T14:28:56.014-0500][gc,heap        ] GC(8375) Eden regions: 9->0(9)
[2020-12-15T14:28:56.014-0500][gc,heap        ] GC(8375) Survivor regions: 1->1(2)
[2020-12-15T14:28:56.014-0500][gc,heap        ] GC(8375) Old regions: 41->41
[2020-12-15T14:28:56.014-0500][gc,heap        ] GC(8375) Humongous regions: 4->4
[2020-12-15T14:28:56.014-0500][gc,metaspace   ] GC(8375) Metaspace: 49404K->49404K(1093632K)
[2020-12-15T14:28:56.014-0500][gc,heap        ] GC(8375) Heap after GC invocations=8376 (full 1703): garbage-first heap   total 64512K, used 43348K [0x0000000083000000, 0x0000000100000000)
[2020-12-15T14:28:56.014-0500][gc,heap        ] GC(8375)   region size 1024K, 1 young (1024K), 1 survivors (1024K)
[2020-12-15T14:28:56.014-0500][gc,heap        ] GC(8375)  Metaspace       used 49404K, capacity 51450K, committed 53248K, reserved 1093632K
[2020-12-15T14:28:56.014-0500][gc,heap        ] GC(8375)   class space    used 7386K, capacity 8097K, committed 8704K, reserved 1048576K
[2020-12-15T14:28:56.014-0500][gc             ] GC(8375) Pause Young (Normal) (G1 Evacuation Pause) 51M->42M(63M) 1.407ms
[2020-12-15T14:28:56.015-0500][gc,cpu         ] GC(8375) User=0.00s Sys=0.00s Real=0.00s
[2020-12-15T14:29:45.621-0500][gc,heap        ] GC(8376) Heap before GC invocations=8376 (full 1703): garbage-first heap   total 64512K, used 51540K [0x0000000083000000, 0x0000000100000000)
[2020-12-15T14:29:45.621-0500][gc,heap        ] GC(8376)   region size 1024K, 10 young (10240K), 1 survivors (1024K)
[2020-12-15T14:29:45.621-0500][gc,heap        ] GC(8376)  Metaspace       used 49404K, capacity 51450K, committed 53248K, reserved 1093632K
[2020-12-15T14:29:45.621-0500][gc,heap        ] GC(8376)   class space    used 7386K, capacity 8097K, committed 8704K, reserved 1048576K
[2020-12-15T14:29:45.621-0500][gc,start       ] GC(8376) Pause Young (Normal) (G1 Evacuation Pause)
[2020-12-15T14:29:45.621-0500][gc,task        ] GC(8376) Using 8 workers of 8 for evacuation
[2020-12-15T14:29:45.631-0500][gc,phases      ] GC(8376)   Pre Evacuate Collection Set: 0.0ms
[2020-12-15T14:29:45.631-0500][gc,phases      ] GC(8376)   Evacuate Collection Set: 7.0ms
[2020-12-15T14:29:45.631-0500][gc,phases      ] GC(8376)   Post Evacuate Collection Set: 2.2ms
[2020-12-15T14:29:45.631-0500][gc,phases      ] GC(8376)   Other: 0.4ms
[2020-12-15T14:29:45.631-0500][gc,heap        ] GC(8376) Eden regions: 9->0(9)
[2020-12-15T14:29:45.631-0500][gc,heap        ] GC(8376) Survivor regions: 1->1(2)
[2020-12-15T14:29:45.631-0500][gc,heap        ] GC(8376) Old regions: 41->41
[2020-12-15T14:29:45.631-0500][gc,heap        ] GC(8376) Humongous regions: 4->4
[2020-12-15T14:29:45.631-0500][gc,metaspace   ] GC(8376) Metaspace: 49404K->49404K(1093632K)
[2020-12-15T14:29:45.631-0500][gc,heap        ] GC(8376) Heap after GC invocations=8377 (full 1703): garbage-first heap   total 64512K, used 43475K [0x0000000083000000, 0x0000000100000000)
[2020-12-15T14:29:45.631-0500][gc,heap        ] GC(8376)   region size 1024K, 1 young (1024K), 1 survivors (1024K)
[2020-12-15T14:29:45.631-0500][gc,heap        ] GC(8376)  Metaspace       used 49404K, capacity 51450K, committed 53248K, reserved 1093632K
[2020-12-15T14:29:45.631-0500][gc,heap        ] GC(8376)   class space    used 7386K, capacity 8097K, committed 8704K, reserved 1048576K
[2020-12-15T14:29:45.631-0500][gc             ] GC(8376) Pause Young (Normal) (G1 Evacuation Pause) 51M->42M(63M) 9.559ms
[2020-12-15T14:29:45.631-0500][gc,cpu         ] GC(8376) User=0.04s Sys=0.00s Real=0.01s
[2020-12-15T14:30:25.618-0500][gc,heap        ] GC(8377) Heap before GC invocations=8377 (full 1703): garbage-first heap   total 64512K, used 51667K [0x0000000083000000, 0x0000000100000000)
[2020-12-15T14:30:25.618-0500][gc,heap        ] GC(8377)   region size 1024K, 10 young (10240K), 1 survivors (1024K)
[2020-12-15T14:30:25.618-0500][gc,heap        ] GC(8377)  Metaspace       used 49404K, capacity 51450K, committed 53248K, reserved 1093632K
[2020-12-15T14:30:25.618-0500][gc,heap        ] GC(8377)   class space    used 7386K, capacity 8097K, committed 8704K, reserved 1048576K
[2020-12-15T14:30:25.618-0500][gc,start       ] GC(8377) Pause Young (Normal) (G1 Evacuation Pause)
[2020-12-15T14:30:25.618-0500][gc,task        ] GC(8377) Using 8 workers of 8 for evacuation
[2020-12-15T14:30:25.620-0500][gc,phases      ] GC(8377)   Pre Evacuate Collection Set: 0.0ms
[2020-12-15T14:30:25.620-0500][gc,phases      ] GC(8377)   Evacuate Collection Set: 0.6ms
[2020-12-15T14:30:25.620-0500][gc,phases      ] GC(8377)   Post Evacuate Collection Set: 1.0ms
[2020-12-15T14:30:25.620-0500][gc,phases      ] GC(8377)   Other: 0.2ms
[2020-12-15T14:30:25.620-0500][gc,heap        ] GC(8377) Eden regions: 9->0(9)
[2020-12-15T14:30:25.620-0500][gc,heap        ] GC(8377) Survivor regions: 1->1(2)
[2020-12-15T14:30:25.620-0500][gc,heap        ] GC(8377) Old regions: 41->41
[2020-12-15T14:30:25.620-0500][gc,heap        ] GC(8377) Humongous regions: 4->4
[2020-12-15T14:30:25.620-0500][gc,metaspace   ] GC(8377) Metaspace: 49404K->49404K(1093632K)
[2020-12-15T14:30:25.620-0500][gc,heap        ] GC(8377) Heap after GC invocations=8378 (full 1703): garbage-first heap   total 64512K, used 43526K [0x0000000083000000, 0x0000000100000000)
[2020-12-15T14:30:25.620-0500][gc,heap        ] GC(8377)   region size 1024K, 1 young (1024K), 1 survivors (1024K)
[2020-12-15T14:30:25.620-0500][gc,heap        ] GC(8377)  Metaspace       used 49404K, capacity 51450K, committed 53248K, reserved 1093632K
[2020-12-15T14:30:25.620-0500][gc,heap        ] GC(8377)   class space    used 7386K, capacity 8097K, committed 8704K, reserved 1048576K
[2020-12-15T14:30:25.620-0500][gc             ] GC(8377) Pause Young (Normal) (G1 Evacuation Pause) 51M->42M(63M) 1.943ms
[2020-12-15T14:30:25.620-0500][gc,cpu         ] GC(8377) User=0.01s Sys=0.00s Real=0.00s
[2020-12-15T14:31:08.741-0500][gc,heap        ] GC(8378) Heap before GC invocations=8378 (full 1703): garbage-first heap   total 64512K, used 51718K [0x0000000083000000, 0x0000000100000000)
[2020-12-15T14:31:08.741-0500][gc,heap        ] GC(8378)   region size 1024K, 10 young (10240K), 1 survivors (1024K)
[2020-12-15T14:31:08.741-0500][gc,heap        ] GC(8378)  Metaspace       used 49404K, capacity 51450K, committed 53248K, reserved 1093632K
[2020-12-15T14:31:08.741-0500][gc,heap        ] GC(8378)   class space    used 7386K, capacity 8097K, committed 8704K, reserved 1048576K
[2020-12-15T14:31:08.741-0500][gc,start       ] GC(8378) Pause Young (Normal) (G1 Evacuation Pause)
[2020-12-15T14:31:08.741-0500][gc,task        ] GC(8378) Using 8 workers of 8 for evacuation
[2020-12-15T14:31:08.745-0500][gc,phases      ] GC(8378)   Pre Evacuate Collection Set: 0.0ms
[2020-12-15T14:31:08.745-0500][gc,phases      ] GC(8378)   Evacuate Collection Set: 1.2ms
[2020-12-15T14:31:08.745-0500][gc,phases      ] GC(8378)   Post Evacuate Collection Set: 2.5ms
[2020-12-15T14:31:08.745-0500][gc,phases      ] GC(8378)   Other: 0.5ms
[2020-12-15T14:31:08.745-0500][gc,heap        ] GC(8378) Eden regions: 9->0(9)
[2020-12-15T14:31:08.745-0500][gc,heap        ] GC(8378) Survivor regions: 1->1(2)
[2020-12-15T14:31:08.745-0500][gc,heap        ] GC(8378) Old regions: 41->41
[2020-12-15T14:31:08.745-0500][gc,heap        ] GC(8378) Humongous regions: 4->4
[2020-12-15T14:31:08.745-0500][gc,metaspace   ] GC(8378) Metaspace: 49404K->49404K(1093632K)
[2020-12-15T14:31:08.745-0500][gc,heap        ] GC(8378) Heap after GC invocations=8379 (full 1703): garbage-first heap   total 64512K, used 43359K [0x0000000083000000, 0x0000000100000000)
[2020-12-15T14:31:08.745-0500][gc,heap        ] GC(8378)   region size 1024K, 1 young (1024K), 1 survivors (1024K)
[2020-12-15T14:31:08.745-0500][gc,heap        ] GC(8378)  Metaspace       used 49404K, capacity 51450K, committed 53248K, reserved 1093632K
[2020-12-15T14:31:08.746-0500][gc,heap        ] GC(8378)   class space    used 7386K, capacity 8097K, committed 8704K, reserved 1048576K
[2020-12-15T14:31:08.746-0500][gc             ] GC(8378) Pause Young (Normal) (G1 Evacuation Pause) 51M->42M(63M) 4.344ms
[2020-12-15T14:31:08.746-0500][gc,cpu         ] GC(8378) User=0.00s Sys=0.01s Real=0.00s
[2020-12-15T14:31:45.192-0500][gc,task        ] GC(8379) Using 5 workers of 8 for full compaction
[2020-12-15T14:31:45.192-0500][gc,start       ] GC(8379) Pause Full (System.gc())
