[2020-12-09T10:53:50.434-0500][gc,heap] Heap region size: 1M
[2020-12-09T10:53:50.435-0500][gc,heap] Minimum heap 33554432  Initial heap 33554432  Maximum heap 2097152000
[2020-12-09T10:53:50.437-0500][gc     ] Using G1
[2020-12-09T10:53:50.437-0500][gc,heap,coops] Heap address: 0x0000000083000000, size: 2000 MB, Compressed Oops mode: 32-bit
[2020-12-09T10:53:50.437-0500][gc,cds       ] Mark closed archive regions in map: [0x00000000fff00000, 0x00000000fff69ff8]
[2020-12-09T10:53:50.437-0500][gc,cds       ] Mark open archive regions in map: [0x00000000ffe00000, 0x00000000ffe46ff8]
[2020-12-09T10:53:50.899-0500][gc,heap      ] GC(0) Heap before GC invocations=0 (full 0): garbage-first heap   total 34816K, used 16068K [0x0000000083000000, 0x0000000100000000)
[2020-12-09T10:53:50.899-0500][gc,heap      ] GC(0)   region size 1024K, 14 young (14336K), 0 survivors (0K)
[2020-12-09T10:53:50.899-0500][gc,heap      ] GC(0)  Metaspace       used 4555K, capacity 5333K, committed 5504K, reserved 1056768K
[2020-12-09T10:53:50.899-0500][gc,heap      ] GC(0)   class space    used 510K, capacity 570K, committed 640K, reserved 1048576K
[2020-12-09T10:53:50.899-0500][gc,start     ] GC(0) Pause Young (Normal) (G1 Evacuation Pause)
[2020-12-09T10:53:50.900-0500][gc,task      ] GC(0) Using 2 workers of 8 for evacuation
[2020-12-09T10:53:50.910-0500][gc,phases    ] GC(0)   Pre Evacuate Collection Set: 0.0ms
[2020-12-09T10:53:50.910-0500][gc,phases    ] GC(0)   Evacuate Collection Set: 9.2ms
[2020-12-09T10:53:50.910-0500][gc,phases    ] GC(0)   Post Evacuate Collection Set: 0.7ms
[2020-12-09T10:53:50.910-0500][gc,phases    ] GC(0)   Other: 0.5ms
[2020-12-09T10:53:50.910-0500][gc,heap      ] GC(0) Eden regions: 14->0(11)
[2020-12-09T10:53:50.910-0500][gc,heap      ] GC(0) Survivor regions: 0->2(2)
[2020-12-09T10:53:50.910-0500][gc,heap      ] GC(0) Old regions: 2->4
[2020-12-09T10:53:50.910-0500][gc,heap      ] GC(0) Humongous regions: 1->1
[2020-12-09T10:53:50.910-0500][gc,metaspace ] GC(0) Metaspace: 4555K->4555K(1056768K)
[2020-12-09T10:53:50.910-0500][gc,heap      ] GC(0) Heap after GC invocations=1 (full 0): garbage-first heap   total 34816K, used 5198K [0x0000000083000000, 0x0000000100000000)
[2020-12-09T10:53:50.910-0500][gc,heap      ] GC(0)   region size 1024K, 2 young (2048K), 2 survivors (2048K)
[2020-12-09T10:53:50.910-0500][gc,heap      ] GC(0)  Metaspace       used 4555K, capacity 5333K, committed 5504K, reserved 1056768K
[2020-12-09T10:53:50.910-0500][gc,heap      ] GC(0)   class space    used 510K, capacity 570K, committed 640K, reserved 1048576K
[2020-12-09T10:53:50.910-0500][gc           ] GC(0) Pause Young (Normal) (G1 Evacuation Pause) 15M->5M(34M) 10.396ms
[2020-12-09T10:53:50.910-0500][gc,cpu       ] GC(0) User=0.04s Sys=0.00s Real=0.01s
[2020-12-09T10:53:51.134-0500][gc,heap      ] GC(1) Heap before GC invocations=1 (full 0): garbage-first heap   total 34816K, used 19534K [0x0000000083000000, 0x0000000100000000)
[2020-12-09T10:53:51.134-0500][gc,heap      ] GC(1)   region size 1024K, 13 young (13312K), 2 survivors (2048K)
[2020-12-09T10:53:51.134-0500][gc,heap      ] GC(1)  Metaspace       used 6258K, capacity 6638K, committed 6784K, reserved 1056768K
[2020-12-09T10:53:51.134-0500][gc,heap      ] GC(1)   class space    used 691K, capacity 817K, committed 896K, reserved 1048576K
[2020-12-09T10:53:51.134-0500][gc,start     ] GC(1) Pause Young (Normal) (G1 Evacuation Pause)
[2020-12-09T10:53:51.134-0500][gc,task      ] GC(1) Using 4 workers of 8 for evacuation
[2020-12-09T10:53:51.140-0500][gc,phases    ] GC(1)   Pre Evacuate Collection Set: 0.0ms
[2020-12-09T10:53:51.140-0500][gc,phases    ] GC(1)   Evacuate Collection Set: 5.4ms
[2020-12-09T10:53:51.140-0500][gc,phases    ] GC(1)   Post Evacuate Collection Set: 0.3ms
[2020-12-09T10:53:51.140-0500][gc,phases    ] GC(1)   Other: 0.4ms
[2020-12-09T10:53:51.140-0500][gc,heap      ] GC(1) Eden regions: 11->0(10)
[2020-12-09T10:53:51.140-0500][gc,heap      ] GC(1) Survivor regions: 2->1(2)
[2020-12-09T10:53:51.140-0500][gc,heap      ] GC(1) Old regions: 4->6
[2020-12-09T10:53:51.140-0500][gc,heap      ] GC(1) Humongous regions: 4->4
[2020-12-09T10:53:51.140-0500][gc,metaspace ] GC(1) Metaspace: 6258K->6258K(1056768K)
[2020-12-09T10:53:51.140-0500][gc,heap      ] GC(1) Heap after GC invocations=2 (full 0): garbage-first heap   total 34816K, used 9217K [0x0000000083000000, 0x0000000100000000)
[2020-12-09T10:53:51.140-0500][gc,heap      ] GC(1)   region size 1024K, 1 young (1024K), 1 survivors (1024K)
[2020-12-09T10:53:51.140-0500][gc,heap      ] GC(1)  Metaspace       used 6258K, capacity 6638K, committed 6784K, reserved 1056768K
[2020-12-09T10:53:51.140-0500][gc,heap      ] GC(1)   class space    used 691K, capacity 817K, committed 896K, reserved 1048576K
[2020-12-09T10:53:51.140-0500][gc           ] GC(1) Pause Young (Normal) (G1 Evacuation Pause) 19M->9M(34M) 6.213ms
[2020-12-09T10:53:51.140-0500][gc,cpu       ] GC(1) User=0.02s Sys=0.00s Real=0.01s
[2020-12-09T10:53:51.159-0500][gc,heap      ] GC(2) Heap before GC invocations=2 (full 0): garbage-first heap   total 34816K, used 9217K [0x0000000083000000, 0x0000000100000000)
[2020-12-09T10:53:51.159-0500][gc,heap      ] GC(2)   region size 1024K, 2 young (2048K), 1 survivors (1024K)
[2020-12-09T10:53:51.159-0500][gc,heap      ] GC(2)  Metaspace       used 6279K, capacity 6670K, committed 6784K, reserved 1056768K
[2020-12-09T10:53:51.159-0500][gc,heap      ] GC(2)   class space    used 693K, capacity 849K, committed 896K, reserved 1048576K
[2020-12-09T10:53:51.159-0500][gc,start     ] GC(2) Pause Young (Concurrent Start) (G1 Humongous Allocation)
[2020-12-09T10:53:51.159-0500][gc,task      ] GC(2) Using 4 workers of 8 for evacuation
[2020-12-09T10:53:51.161-0500][gc,phases    ] GC(2)   Pre Evacuate Collection Set: 0.0ms
[2020-12-09T10:53:51.161-0500][gc,phases    ] GC(2)   Evacuate Collection Set: 1.3ms
[2020-12-09T10:53:51.161-0500][gc,phases    ] GC(2)   Post Evacuate Collection Set: 0.4ms
[2020-12-09T10:53:51.161-0500][gc,phases    ] GC(2)   Other: 0.2ms
[2020-12-09T10:53:51.161-0500][gc,heap      ] GC(2) Eden regions: 1->0(10)
[2020-12-09T10:53:51.161-0500][gc,heap      ] GC(2) Survivor regions: 1->1(2)
[2020-12-09T10:53:51.161-0500][gc,heap      ] GC(2) Old regions: 6->6
[2020-12-09T10:53:51.161-0500][gc,heap      ] GC(2) Humongous regions: 4->4
[2020-12-09T10:53:51.161-0500][gc,metaspace ] GC(2) Metaspace: 6279K->6279K(1056768K)
[2020-12-09T10:53:51.161-0500][gc,heap      ] GC(2) Heap after GC invocations=3 (full 0): garbage-first heap   total 34816K, used 9513K [0x0000000083000000, 0x0000000100000000)
[2020-12-09T10:53:51.161-0500][gc,heap      ] GC(2)   region size 1024K, 1 young (1024K), 1 survivors (1024K)
[2020-12-09T10:53:51.161-0500][gc,heap      ] GC(2)  Metaspace       used 6279K, capacity 6670K, committed 6784K, reserved 1056768K
[2020-12-09T10:53:51.161-0500][gc,heap      ] GC(2)   class space    used 693K, capacity 849K, committed 896K, reserved 1048576K
[2020-12-09T10:53:51.161-0500][gc           ] GC(2) Pause Young (Concurrent Start) (G1 Humongous Allocation) 9M->9M(34M) 2.001ms
[2020-12-09T10:53:51.161-0500][gc,cpu       ] GC(2) User=0.00s Sys=0.00s Real=0.00s
[2020-12-09T10:53:51.161-0500][gc           ] GC(3) Concurrent Cycle
[2020-12-09T10:53:51.161-0500][gc,marking   ] GC(3) Concurrent Clear Claimed Marks
[2020-12-09T10:53:51.161-0500][gc,marking   ] GC(3) Concurrent Clear Claimed Marks 0.023ms
[2020-12-09T10:53:51.161-0500][gc,marking   ] GC(3) Concurrent Scan Root Regions
[2020-12-09T10:53:51.162-0500][gc,marking   ] GC(3) Concurrent Scan Root Regions 1.110ms
[2020-12-09T10:53:51.162-0500][gc,marking   ] GC(3) Concurrent Mark (0.731s)
[2020-12-09T10:53:51.162-0500][gc,marking   ] GC(3) Concurrent Mark From Roots
[2020-12-09T10:53:51.162-0500][gc,task      ] GC(3) Using 2 workers of 2 for marking
[2020-12-09T10:53:51.166-0500][gc,marking   ] GC(3) Concurrent Mark From Roots 3.302ms
[2020-12-09T10:53:51.166-0500][gc,marking   ] GC(3) Concurrent Preclean
[2020-12-09T10:53:51.166-0500][gc,marking   ] GC(3) Concurrent Preclean 0.119ms
[2020-12-09T10:53:51.166-0500][gc,marking   ] GC(3) Concurrent Mark (0.731s, 0.735s) 3.507ms
[2020-12-09T10:53:51.166-0500][gc,start     ] GC(3) Pause Remark
[2020-12-09T10:53:51.170-0500][gc,stringtable] GC(3) Cleaned string and symbol table, strings: 1952 processed, 29 removed, symbols: 15623 processed, 21 removed
[2020-12-09T10:53:51.170-0500][gc            ] GC(3) Pause Remark 12M->12M(34M) 3.946ms
[2020-12-09T10:53:51.170-0500][gc,cpu        ] GC(3) User=0.01s Sys=0.00s Real=0.01s
[2020-12-09T10:53:51.170-0500][gc,marking    ] GC(3) Concurrent Rebuild Remembered Sets
[2020-12-09T10:53:51.172-0500][gc,marking    ] GC(3) Concurrent Rebuild Remembered Sets 1.554ms
[2020-12-09T10:53:51.172-0500][gc,start      ] GC(3) Pause Cleanup
[2020-12-09T10:53:51.172-0500][gc            ] GC(3) Pause Cleanup 18M->18M(34M) 0.144ms
[2020-12-09T10:53:51.172-0500][gc,cpu        ] GC(3) User=0.00s Sys=0.00s Real=0.00s
[2020-12-09T10:53:51.172-0500][gc,marking    ] GC(3) Concurrent Cleanup for Next Mark
[2020-12-09T10:53:51.172-0500][gc,marking    ] GC(3) Concurrent Cleanup for Next Mark 0.368ms
[2020-12-09T10:53:51.172-0500][gc            ] GC(3) Concurrent Cycle 11.533ms
[2020-12-09T10:53:51.325-0500][gc,heap       ] GC(4) Heap before GC invocations=4 (full 0): garbage-first heap   total 34816K, used 28969K [0x0000000083000000, 0x0000000100000000)
[2020-12-09T10:53:51.325-0500][gc,heap       ] GC(4)   region size 1024K, 11 young (11264K), 1 survivors (1024K)
[2020-12-09T10:53:51.325-0500][gc,heap       ] GC(4)  Metaspace       used 6604K, capacity 7015K, committed 7296K, reserved 1056768K
[2020-12-09T10:53:51.325-0500][gc,heap       ] GC(4)   class space    used 707K, capacity 865K, committed 896K, reserved 1048576K
[2020-12-09T10:53:51.325-0500][gc,start      ] GC(4) Pause Young (Normal) (G1 Evacuation Pause)
[2020-12-09T10:53:51.325-0500][gc,task       ] GC(4) Using 4 workers of 8 for evacuation
[2020-12-09T10:53:51.330-0500][gc,phases     ] GC(4)   Pre Evacuate Collection Set: 0.0ms
[2020-12-09T10:53:51.330-0500][gc,phases     ] GC(4)   Evacuate Collection Set: 4.0ms
[2020-12-09T10:53:51.330-0500][gc,phases     ] GC(4)   Post Evacuate Collection Set: 1.0ms
[2020-12-09T10:53:51.330-0500][gc,phases     ] GC(4)   Other: 0.2ms
[2020-12-09T10:53:51.330-0500][gc,heap       ] GC(4) Eden regions: 10->0(7)
[2020-12-09T10:53:51.330-0500][gc,heap       ] GC(4) Survivor regions: 1->2(2)
[2020-12-09T10:53:51.330-0500][gc,heap       ] GC(4) Old regions: 6->8
[2020-12-09T10:53:51.330-0500][gc,heap       ] GC(4) Humongous regions: 13->6
[2020-12-09T10:53:51.330-0500][gc,metaspace  ] GC(4) Metaspace: 6604K->6604K(1056768K)
[2020-12-09T10:53:51.330-0500][gc,heap       ] GC(4) Heap after GC invocations=5 (full 0): garbage-first heap   total 34816K, used 14657K [0x0000000083000000, 0x0000000100000000)
[2020-12-09T10:53:51.330-0500][gc,heap       ] GC(4)   region size 1024K, 2 young (2048K), 2 survivors (2048K)
[2020-12-09T10:53:51.330-0500][gc,heap       ] GC(4)  Metaspace       used 6604K, capacity 7015K, committed 7296K, reserved 1056768K
[2020-12-09T10:53:51.330-0500][gc,heap       ] GC(4)   class space    used 707K, capacity 865K, committed 896K, reserved 1048576K
[2020-12-09T10:53:51.330-0500][gc            ] GC(4) Pause Young (Normal) (G1 Evacuation Pause) 28M->14M(34M) 5.316ms
[2020-12-09T10:53:51.330-0500][gc,cpu        ] GC(4) User=0.02s Sys=0.00s Real=0.01s
[2020-12-09T10:53:51.453-0500][gc,heap       ] GC(5) Heap before GC invocations=5 (full 0): garbage-first heap   total 34816K, used 21825K [0x0000000083000000, 0x0000000100000000)
[2020-12-09T10:53:51.453-0500][gc,heap       ] GC(5)   region size 1024K, 9 young (9216K), 2 survivors (2048K)
[2020-12-09T10:53:51.453-0500][gc,heap       ] GC(5)  Metaspace       used 7142K, capacity 7644K, committed 7936K, reserved 1056768K
[2020-12-09T10:53:51.453-0500][gc,heap       ] GC(5)   class space    used 770K, capacity 947K, committed 1024K, reserved 1048576K
[2020-12-09T10:53:51.453-0500][gc,start      ] GC(5) Pause Young (Concurrent Start) (G1 Evacuation Pause)
[2020-12-09T10:53:51.454-0500][gc,task       ] GC(5) Using 8 workers of 8 for evacuation
[2020-12-09T10:53:51.463-0500][gc,phases     ] GC(5)   Pre Evacuate Collection Set: 0.0ms
[2020-12-09T10:53:51.463-0500][gc,phases     ] GC(5)   Evacuate Collection Set: 8.6ms
[2020-12-09T10:53:51.463-0500][gc,phases     ] GC(5)   Post Evacuate Collection Set: 0.8ms
[2020-12-09T10:53:51.463-0500][gc,phases     ] GC(5)   Other: 1.3ms
[2020-12-09T10:53:51.463-0500][gc,heap       ] GC(5) Eden regions: 7->0(11)
[2020-12-09T10:53:51.463-0500][gc,heap       ] GC(5) Survivor regions: 2->1(2)
[2020-12-09T10:53:51.463-0500][gc,heap       ] GC(5) Old regions: 8->10
[2020-12-09T10:53:51.463-0500][gc,heap       ] GC(5) Humongous regions: 6->4
[2020-12-09T10:53:51.463-0500][gc,metaspace  ] GC(5) Metaspace: 7142K->7142K(1056768K)
[2020-12-09T10:53:51.463-0500][gc,heap       ] GC(5) Heap after GC invocations=6 (full 0): garbage-first heap   total 43008K, used 12760K [0x0000000083000000, 0x0000000100000000)
[2020-12-09T10:53:51.463-0500][gc,heap       ] GC(5)   region size 1024K, 1 young (1024K), 1 survivors (1024K)
[2020-12-09T10:53:51.463-0500][gc,heap       ] GC(5)  Metaspace       used 7142K, capacity 7644K, committed 7936K, reserved 1056768K
[2020-12-09T10:53:51.463-0500][gc,heap       ] GC(5)   class space    used 770K, capacity 947K, committed 1024K, reserved 1048576K
[2020-12-09T10:53:51.464-0500][gc            ] GC(5) Pause Young (Concurrent Start) (G1 Evacuation Pause) 21M->12M(42M) 10.760ms
[2020-12-09T10:53:51.464-0500][gc,cpu        ] GC(5) User=0.06s Sys=0.00s Real=0.01s
[2020-12-09T10:53:51.464-0500][gc            ] GC(6) Concurrent Cycle
[2020-12-09T10:53:51.464-0500][gc,marking    ] GC(6) Concurrent Clear Claimed Marks
[2020-12-09T10:53:51.464-0500][gc,marking    ] GC(6) Concurrent Clear Claimed Marks 0.045ms
[2020-12-09T10:53:51.464-0500][gc,marking    ] GC(6) Concurrent Scan Root Regions
[2020-12-09T10:53:51.465-0500][gc,marking    ] GC(6) Concurrent Scan Root Regions 1.193ms
[2020-12-09T10:53:51.465-0500][gc,marking    ] GC(6) Concurrent Mark (1.034s)
[2020-12-09T10:53:51.465-0500][gc,marking    ] GC(6) Concurrent Mark From Roots
[2020-12-09T10:53:51.465-0500][gc,task       ] GC(6) Using 2 workers of 2 for marking
[2020-12-09T10:53:51.476-0500][gc,marking    ] GC(6) Concurrent Mark From Roots 10.640ms
[2020-12-09T10:53:51.476-0500][gc,marking    ] GC(6) Concurrent Preclean
[2020-12-09T10:53:51.476-0500][gc,marking    ] GC(6) Concurrent Preclean 0.112ms
[2020-12-09T10:53:51.476-0500][gc,marking    ] GC(6) Concurrent Mark (1.034s, 1.045s) 10.833ms
[2020-12-09T10:53:51.476-0500][gc,start      ] GC(6) Pause Remark
[2020-12-09T10:53:51.480-0500][gc,stringtable] GC(6) Cleaned string and symbol table, strings: 2293 processed, 0 removed, symbols: 16741 processed, 9 removed
[2020-12-09T10:53:51.481-0500][gc            ] GC(6) Pause Remark 12M->12M(42M) 4.364ms
[2020-12-09T10:53:51.481-0500][gc,cpu        ] GC(6) User=0.02s Sys=0.00s Real=0.01s
[2020-12-09T10:53:51.481-0500][gc,marking    ] GC(6) Concurrent Rebuild Remembered Sets
[2020-12-09T10:53:51.485-0500][gc,marking    ] GC(6) Concurrent Rebuild Remembered Sets 3.763ms
[2020-12-09T10:53:51.485-0500][gc,start      ] GC(6) Pause Cleanup
[2020-12-09T10:53:51.485-0500][gc            ] GC(6) Pause Cleanup 12M->12M(42M) 0.215ms
[2020-12-09T10:53:51.485-0500][gc,cpu        ] GC(6) User=0.00s Sys=0.00s Real=0.00s
[2020-12-09T10:53:51.485-0500][gc,marking    ] GC(6) Concurrent Cleanup for Next Mark
[2020-12-09T10:53:51.487-0500][gc,marking    ] GC(6) Concurrent Cleanup for Next Mark 1.355ms
[2020-12-09T10:53:51.487-0500][gc            ] GC(6) Concurrent Cycle 23.184ms
[2020-12-09T10:53:51.733-0500][gc,heap       ] GC(7) Heap before GC invocations=7 (full 0): garbage-first heap   total 43008K, used 24024K [0x0000000083000000, 0x0000000100000000)
[2020-12-09T10:53:51.733-0500][gc,heap       ] GC(7)   region size 1024K, 12 young (12288K), 1 survivors (1024K)
[2020-12-09T10:53:51.733-0500][gc,heap       ] GC(7)  Metaspace       used 9921K, capacity 10447K, committed 10752K, reserved 1058816K
[2020-12-09T10:53:51.733-0500][gc,heap       ] GC(7)   class space    used 1062K, capacity 1266K, committed 1280K, reserved 1048576K
[2020-12-09T10:53:51.733-0500][gc,start      ] GC(7) Pause Young (Normal) (G1 Evacuation Pause)
[2020-12-09T10:53:51.733-0500][gc,task       ] GC(7) Using 8 workers of 8 for evacuation
[2020-12-09T10:53:51.736-0500][gc,phases     ] GC(7)   Pre Evacuate Collection Set: 0.0ms
[2020-12-09T10:53:51.736-0500][gc,phases     ] GC(7)   Evacuate Collection Set: 2.5ms
[2020-12-09T10:53:51.736-0500][gc,phases     ] GC(7)   Post Evacuate Collection Set: 0.4ms
[2020-12-09T10:53:51.736-0500][gc,phases     ] GC(7)   Other: 0.2ms
[2020-12-09T10:53:51.736-0500][gc,heap       ] GC(7) Eden regions: 11->0(11)
[2020-12-09T10:53:51.736-0500][gc,heap       ] GC(7) Survivor regions: 1->2(2)
[2020-12-09T10:53:51.736-0500][gc,heap       ] GC(7) Old regions: 10->10
[2020-12-09T10:53:51.736-0500][gc,heap       ] GC(7) Humongous regions: 4->4
[2020-12-09T10:53:51.736-0500][gc,metaspace  ] GC(7) Metaspace: 9921K->9921K(1058816K)
[2020-12-09T10:53:51.736-0500][gc,heap       ] GC(7) Heap after GC invocations=8 (full 0): garbage-first heap   total 43008K, used 13784K [0x0000000083000000, 0x0000000100000000)
[2020-12-09T10:53:51.736-0500][gc,heap       ] GC(7)   region size 1024K, 2 young (2048K), 2 survivors (2048K)
[2020-12-09T10:53:51.736-0500][gc,heap       ] GC(7)  Metaspace       used 9921K, capacity 10447K, committed 10752K, reserved 1058816K
[2020-12-09T10:53:51.736-0500][gc,heap       ] GC(7)   class space    used 1062K, capacity 1266K, committed 1280K, reserved 1048576K
[2020-12-09T10:53:51.736-0500][gc            ] GC(7) Pause Young (Normal) (G1 Evacuation Pause) 23M->13M(42M) 3.141ms
[2020-12-09T10:53:51.736-0500][gc,cpu        ] GC(7) User=0.01s Sys=0.00s Real=0.00s
[2020-12-09T10:53:51.890-0500][gc,heap       ] GC(8) Heap before GC invocations=8 (full 0): garbage-first heap   total 43008K, used 25048K [0x0000000083000000, 0x0000000100000000)
[2020-12-09T10:53:51.891-0500][gc,heap       ] GC(8)   region size 1024K, 13 young (13312K), 2 survivors (2048K)
[2020-12-09T10:53:51.891-0500][gc,heap       ] GC(8)  Metaspace       used 10482K, capacity 11069K, committed 11392K, reserved 1058816K
[2020-12-09T10:53:51.891-0500][gc,heap       ] GC(8)   class space    used 1120K, capacity 1371K, committed 1408K, reserved 1048576K
[2020-12-09T10:53:51.891-0500][gc,start      ] GC(8) Pause Young (Concurrent Start) (G1 Evacuation Pause)
[2020-12-09T10:53:51.891-0500][gc,task       ] GC(8) Using 8 workers of 8 for evacuation
[2020-12-09T10:53:51.893-0500][gc,phases     ] GC(8)   Pre Evacuate Collection Set: 0.0ms
[2020-12-09T10:53:51.893-0500][gc,phases     ] GC(8)   Evacuate Collection Set: 2.2ms
[2020-12-09T10:53:51.894-0500][gc,phases     ] GC(8)   Post Evacuate Collection Set: 0.5ms
[2020-12-09T10:53:51.894-0500][gc,phases     ] GC(8)   Other: 0.2ms
[2020-12-09T10:53:51.894-0500][gc,heap       ] GC(8) Eden regions: 11->0(11)
[2020-12-09T10:53:51.894-0500][gc,heap       ] GC(8) Survivor regions: 2->2(2)
[2020-12-09T10:53:51.894-0500][gc,heap       ] GC(8) Old regions: 10->11
[2020-12-09T10:53:51.894-0500][gc,heap       ] GC(8) Humongous regions: 4->4
[2020-12-09T10:53:51.894-0500][gc,metaspace  ] GC(8) Metaspace: 10482K->10482K(1058816K)
[2020-12-09T10:53:51.894-0500][gc,heap       ] GC(8) Heap after GC invocations=9 (full 0): garbage-first heap   total 43008K, used 14784K [0x0000000083000000, 0x0000000100000000)
[2020-12-09T10:53:51.894-0500][gc,heap       ] GC(8)   region size 1024K, 2 young (2048K), 2 survivors (2048K)
[2020-12-09T10:53:51.894-0500][gc,heap       ] GC(8)  Metaspace       used 10482K, capacity 11069K, committed 11392K, reserved 1058816K
[2020-12-09T10:53:51.894-0500][gc,heap       ] GC(8)   class space    used 1120K, capacity 1371K, committed 1408K, reserved 1048576K
[2020-12-09T10:53:51.894-0500][gc            ] GC(8) Pause Young (Concurrent Start) (G1 Evacuation Pause) 24M->14M(42M) 3.041ms
[2020-12-09T10:53:51.894-0500][gc,cpu        ] GC(8) User=0.01s Sys=0.00s Real=0.00s
[2020-12-09T10:53:51.894-0500][gc            ] GC(9) Concurrent Cycle
[2020-12-09T10:53:51.894-0500][gc,marking    ] GC(9) Concurrent Clear Claimed Marks
[2020-12-09T10:53:51.894-0500][gc,marking    ] GC(9) Concurrent Clear Claimed Marks 0.033ms
[2020-12-09T10:53:51.894-0500][gc,marking    ] GC(9) Concurrent Scan Root Regions
[2020-12-09T10:53:51.895-0500][gc,marking    ] GC(9) Concurrent Scan Root Regions 0.763ms
[2020-12-09T10:53:51.895-0500][gc,marking    ] GC(9) Concurrent Mark (1.464s)
[2020-12-09T10:53:51.895-0500][gc,marking    ] GC(9) Concurrent Mark From Roots
[2020-12-09T10:53:51.895-0500][gc,task       ] GC(9) Using 2 workers of 2 for marking
[2020-12-09T10:53:51.900-0500][gc,marking    ] GC(9) Concurrent Mark From Roots 5.478ms
[2020-12-09T10:53:51.900-0500][gc,marking    ] GC(9) Concurrent Preclean
[2020-12-09T10:53:51.900-0500][gc,marking    ] GC(9) Concurrent Preclean 0.160ms
[2020-12-09T10:53:51.900-0500][gc,marking    ] GC(9) Concurrent Mark (1.464s, 1.469s) 5.725ms
[2020-12-09T10:53:51.901-0500][gc,start      ] GC(9) Pause Remark
[2020-12-09T10:53:51.903-0500][gc,stringtable] GC(9) Cleaned string and symbol table, strings: 3863 processed, 1 removed, symbols: 26932 processed, 56 removed
[2020-12-09T10:53:51.903-0500][gc            ] GC(9) Pause Remark 15M->15M(42M) 2.397ms
[2020-12-09T10:53:51.903-0500][gc,cpu        ] GC(9) User=0.01s Sys=0.00s Real=0.00s
[2020-12-09T10:53:51.903-0500][gc,marking    ] GC(9) Concurrent Rebuild Remembered Sets
[2020-12-09T10:53:51.906-0500][gc,marking    ] GC(9) Concurrent Rebuild Remembered Sets 2.829ms
[2020-12-09T10:53:51.906-0500][gc,start      ] GC(9) Pause Cleanup
[2020-12-09T10:53:51.906-0500][gc            ] GC(9) Pause Cleanup 15M->15M(42M) 0.130ms
[2020-12-09T10:53:51.906-0500][gc,cpu        ] GC(9) User=0.00s Sys=0.00s Real=0.00s
[2020-12-09T10:53:51.906-0500][gc,marking    ] GC(9) Concurrent Cleanup for Next Mark
[2020-12-09T10:53:51.907-0500][gc,marking    ] GC(9) Concurrent Cleanup for Next Mark 0.250ms
[2020-12-09T10:53:51.907-0500][gc            ] GC(9) Concurrent Cycle 12.979ms
[2020-12-09T10:53:51.998-0500][gc,heap       ] GC(10) Heap before GC invocations=10 (full 0): garbage-first heap   total 43008K, used 26048K [0x0000000083000000, 0x0000000100000000)
[2020-12-09T10:53:51.998-0500][gc,heap       ] GC(10)   region size 1024K, 13 young (13312K), 2 survivors (2048K)
[2020-12-09T10:53:51.998-0500][gc,heap       ] GC(10)  Metaspace       used 10763K, capacity 11439K, committed 11776K, reserved 1058816K
[2020-12-09T10:53:51.998-0500][gc,heap       ] GC(10)   class space    used 1152K, capacity 1413K, committed 1536K, reserved 1048576K
[2020-12-09T10:53:51.998-0500][gc,start      ] GC(10) Pause Young (Prepare Mixed) (G1 Evacuation Pause)
[2020-12-09T10:53:51.998-0500][gc,task       ] GC(10) Using 8 workers of 8 for evacuation
[2020-12-09T10:53:52.000-0500][gc,phases     ] GC(10)   Pre Evacuate Collection Set: 0.0ms
[2020-12-09T10:53:52.000-0500][gc,phases     ] GC(10)   Evacuate Collection Set: 1.1ms
[2020-12-09T10:53:52.000-0500][gc,phases     ] GC(10)   Post Evacuate Collection Set: 0.5ms
[2020-12-09T10:53:52.000-0500][gc,phases     ] GC(10)   Other: 0.2ms
[2020-12-09T10:53:52.000-0500][gc,heap       ] GC(10) Eden regions: 11->0(1)
[2020-12-09T10:53:52.000-0500][gc,heap       ] GC(10) Survivor regions: 2->2(2)
[2020-12-09T10:53:52.000-0500][gc,heap       ] GC(10) Old regions: 11->11
[2020-12-09T10:53:52.000-0500][gc,heap       ] GC(10) Humongous regions: 4->4
[2020-12-09T10:53:52.000-0500][gc,metaspace  ] GC(10) Metaspace: 10763K->10763K(1058816K)
[2020-12-09T10:53:52.000-0500][gc,heap       ] GC(10) Heap after GC invocations=11 (full 0): garbage-first heap   total 43008K, used 14837K [0x0000000083000000, 0x0000000100000000)
[2020-12-09T10:53:52.000-0500][gc,heap       ] GC(10)   region size 1024K, 2 young (2048K), 2 survivors (2048K)
[2020-12-09T10:53:52.000-0500][gc,heap       ] GC(10)  Metaspace       used 10763K, capacity 11439K, committed 11776K, reserved 1058816K
[2020-12-09T10:53:52.000-0500][gc,heap       ] GC(10)   class space    used 1152K, capacity 1413K, committed 1536K, reserved 1048576K
[2020-12-09T10:53:52.000-0500][gc            ] GC(10) Pause Young (Prepare Mixed) (G1 Evacuation Pause) 25M->14M(42M) 1.891ms
[2020-12-09T10:53:52.000-0500][gc,cpu        ] GC(10) User=0.01s Sys=0.00s Real=0.00s
[2020-12-09T10:53:52.025-0500][gc,heap       ] GC(11) Heap before GC invocations=11 (full 0): garbage-first heap   total 43008K, used 15861K [0x0000000083000000, 0x0000000100000000)
[2020-12-09T10:53:52.025-0500][gc,heap       ] GC(11)   region size 1024K, 3 young (3072K), 2 survivors (2048K)
[2020-12-09T10:53:52.025-0500][gc,heap       ] GC(11)  Metaspace       used 11063K, capacity 11730K, committed 12032K, reserved 1060864K
[2020-12-09T10:53:52.025-0500][gc,heap       ] GC(11)   class space    used 1173K, capacity 1446K, committed 1536K, reserved 1048576K
[2020-12-09T10:53:52.025-0500][gc,start      ] GC(11) Pause Young (Mixed) (G1 Evacuation Pause)
[2020-12-09T10:53:52.025-0500][gc,task       ] GC(11) Using 8 workers of 8 for evacuation
[2020-12-09T10:53:52.028-0500][gc,phases     ] GC(11)   Pre Evacuate Collection Set: 0.0ms
[2020-12-09T10:53:52.028-0500][gc,phases     ] GC(11)   Evacuate Collection Set: 2.5ms
[2020-12-09T10:53:52.028-0500][gc,phases     ] GC(11)   Post Evacuate Collection Set: 0.3ms
[2020-12-09T10:53:52.028-0500][gc,phases     ] GC(11)   Other: 0.2ms
[2020-12-09T10:53:52.028-0500][gc,heap       ] GC(11) Eden regions: 1->0(13)
[2020-12-09T10:53:52.028-0500][gc,heap       ] GC(11) Survivor regions: 2->1(1)
[2020-12-09T10:53:52.028-0500][gc,heap       ] GC(11) Old regions: 11->11
[2020-12-09T10:53:52.028-0500][gc,heap       ] GC(11) Humongous regions: 4->4
[2020-12-09T10:53:52.028-0500][gc,metaspace  ] GC(11) Metaspace: 11063K->11063K(1060864K)
[2020-12-09T10:53:52.028-0500][gc,heap       ] GC(11) Heap after GC invocations=12 (full 0): garbage-first heap   total 43008K, used 14222K [0x0000000083000000, 0x0000000100000000)
[2020-12-09T10:53:52.028-0500][gc,heap       ] GC(11)   region size 1024K, 1 young (1024K), 1 survivors (1024K)
[2020-12-09T10:53:52.028-0500][gc,heap       ] GC(11)  Metaspace       used 11063K, capacity 11730K, committed 12032K, reserved 1060864K
[2020-12-09T10:53:52.028-0500][gc,heap       ] GC(11)   class space    used 1173K, capacity 1446K, committed 1536K, reserved 1048576K
[2020-12-09T10:53:52.028-0500][gc            ] GC(11) Pause Young (Mixed) (G1 Evacuation Pause) 15M->13M(42M) 3.091ms
[2020-12-09T10:53:52.028-0500][gc,cpu        ] GC(11) User=0.02s Sys=0.00s Real=0.01s
[2020-12-09T10:53:52.205-0500][gc,heap       ] GC(12) Heap before GC invocations=12 (full 0): garbage-first heap   total 43008K, used 26510K [0x0000000083000000, 0x0000000100000000)
[2020-12-09T10:53:52.205-0500][gc,heap       ] GC(12)   region size 1024K, 14 young (14336K), 1 survivors (1024K)
[2020-12-09T10:53:52.205-0500][gc,heap       ] GC(12)  Metaspace       used 12651K, capacity 13466K, committed 13696K, reserved 1060864K
[2020-12-09T10:53:52.205-0500][gc,heap       ] GC(12)   class space    used 1343K, capacity 1634K, committed 1664K, reserved 1048576K
[2020-12-09T10:53:52.205-0500][gc,start      ] GC(12) Pause Young (Concurrent Start) (G1 Evacuation Pause)
[2020-12-09T10:53:52.205-0500][gc,task       ] GC(12) Using 8 workers of 8 for evacuation
[2020-12-09T10:53:52.207-0500][gc,phases     ] GC(12)   Pre Evacuate Collection Set: 0.1ms
[2020-12-09T10:53:52.207-0500][gc,phases     ] GC(12)   Evacuate Collection Set: 1.9ms
[2020-12-09T10:53:52.207-0500][gc,phases     ] GC(12)   Post Evacuate Collection Set: 0.6ms
[2020-12-09T10:53:52.207-0500][gc,phases     ] GC(12)   Other: 0.2ms
[2020-12-09T10:53:52.207-0500][gc,heap       ] GC(12) Eden regions: 13->0(16)
[2020-12-09T10:53:52.207-0500][gc,heap       ] GC(12) Survivor regions: 1->2(2)
[2020-12-09T10:53:52.207-0500][gc,heap       ] GC(12) Old regions: 11->11
[2020-12-09T10:53:52.207-0500][gc,heap       ] GC(12) Humongous regions: 4->4
[2020-12-09T10:53:52.207-0500][gc,metaspace  ] GC(12) Metaspace: 12651K->12651K(1060864K)
[2020-12-09T10:53:52.207-0500][gc,heap       ] GC(12) Heap after GC invocations=13 (full 0): garbage-first heap   total 52224K, used 14584K [0x0000000083000000, 0x0000000100000000)
[2020-12-09T10:53:52.207-0500][gc,heap       ] GC(12)   region size 1024K, 2 young (2048K), 2 survivors (2048K)
[2020-12-09T10:53:52.207-0500][gc,heap       ] GC(12)  Metaspace       used 12651K, capacity 13466K, committed 13696K, reserved 1060864K
[2020-12-09T10:53:52.207-0500][gc,heap       ] GC(12)   class space    used 1343K, capacity 1634K, committed 1664K, reserved 1048576K
[2020-12-09T10:53:52.207-0500][gc            ] GC(12) Pause Young (Concurrent Start) (G1 Evacuation Pause) 26M->14M(51M) 2.753ms
[2020-12-09T10:53:52.207-0500][gc,cpu        ] GC(12) User=0.01s Sys=0.01s Real=0.01s
[2020-12-09T10:53:52.207-0500][gc            ] GC(13) Concurrent Cycle
[2020-12-09T10:53:52.208-0500][gc,marking    ] GC(13) Concurrent Clear Claimed Marks
[2020-12-09T10:53:52.208-0500][gc,marking    ] GC(13) Concurrent Clear Claimed Marks 0.020ms
[2020-12-09T10:53:52.208-0500][gc,marking    ] GC(13) Concurrent Scan Root Regions
[2020-12-09T10:53:52.209-0500][gc,marking    ] GC(13) Concurrent Scan Root Regions 1.287ms
[2020-12-09T10:53:52.209-0500][gc,marking    ] GC(13) Concurrent Mark (1.778s)
[2020-12-09T10:53:52.209-0500][gc,marking    ] GC(13) Concurrent Mark From Roots
[2020-12-09T10:53:52.209-0500][gc,task       ] GC(13) Using 2 workers of 2 for marking
[2020-12-09T10:53:52.230-0500][gc,marking    ] GC(13) Concurrent Mark From Roots 21.389ms
[2020-12-09T10:53:52.230-0500][gc,marking    ] GC(13) Concurrent Preclean
[2020-12-09T10:53:52.230-0500][gc,marking    ] GC(13) Concurrent Preclean 0.134ms
[2020-12-09T10:53:52.230-0500][gc,marking    ] GC(13) Concurrent Mark (1.778s, 1.799s) 21.590ms
[2020-12-09T10:53:52.231-0500][gc,start      ] GC(13) Pause Remark
[2020-12-09T10:53:52.234-0500][gc,stringtable] GC(13) Cleaned string and symbol table, strings: 4649 processed, 4 removed, symbols: 33120 processed, 43 removed
[2020-12-09T10:53:52.234-0500][gc            ] GC(13) Pause Remark 15M->15M(51M) 2.774ms
[2020-12-09T10:53:52.234-0500][gc,cpu        ] GC(13) User=0.01s Sys=0.00s Real=0.00s
[2020-12-09T10:53:52.234-0500][gc,marking    ] GC(13) Concurrent Rebuild Remembered Sets
[2020-12-09T10:53:52.240-0500][gc,marking    ] GC(13) Concurrent Rebuild Remembered Sets 5.340ms
[2020-12-09T10:53:52.240-0500][gc,start      ] GC(13) Pause Cleanup
[2020-12-09T10:53:52.240-0500][gc            ] GC(13) Pause Cleanup 15M->15M(51M) 0.231ms
[2020-12-09T10:53:52.241-0500][gc,cpu        ] GC(13) User=0.00s Sys=0.00s Real=0.00s
[2020-12-09T10:53:52.241-0500][gc,marking    ] GC(13) Concurrent Cleanup for Next Mark
[2020-12-09T10:53:52.241-0500][gc,marking    ] GC(13) Concurrent Cleanup for Next Mark 0.290ms
[2020-12-09T10:53:52.241-0500][gc            ] GC(13) Concurrent Cycle 33.610ms
[2020-12-09T10:53:52.588-0500][gc,heap       ] GC(14) Heap before GC invocations=14 (full 0): garbage-first heap   total 52224K, used 29944K [0x0000000083000000, 0x0000000100000000)
[2020-12-09T10:53:52.588-0500][gc,heap       ] GC(14)   region size 1024K, 18 young (18432K), 2 survivors (2048K)
[2020-12-09T10:53:52.588-0500][gc,heap       ] GC(14)  Metaspace       used 16007K, capacity 16743K, committed 17152K, reserved 1064960K
[2020-12-09T10:53:52.588-0500][gc,heap       ] GC(14)   class space    used 1704K, capacity 1999K, committed 2048K, reserved 1048576K
[2020-12-09T10:53:52.588-0500][gc,start      ] GC(14) Pause Young (Normal) (G1 Evacuation Pause)
[2020-12-09T10:53:52.588-0500][gc,task       ] GC(14) Using 8 workers of 8 for evacuation
[2020-12-09T10:53:52.591-0500][gc,phases     ] GC(14)   Pre Evacuate Collection Set: 0.0ms
[2020-12-09T10:53:52.591-0500][gc,phases     ] GC(14)   Evacuate Collection Set: 1.7ms
[2020-12-09T10:53:52.591-0500][gc,phases     ] GC(14)   Post Evacuate Collection Set: 0.5ms
[2020-12-09T10:53:52.591-0500][gc,phases     ] GC(14)   Other: 0.2ms
[2020-12-09T10:53:52.591-0500][gc,heap       ] GC(14) Eden regions: 16->0(19)
[2020-12-09T10:53:52.591-0500][gc,heap       ] GC(14) Survivor regions: 2->2(3)
[2020-12-09T10:53:52.591-0500][gc,heap       ] GC(14) Old regions: 11->11
[2020-12-09T10:53:52.591-0500][gc,heap       ] GC(14) Humongous regions: 4->4
[2020-12-09T10:53:52.591-0500][gc,metaspace  ] GC(14) Metaspace: 16007K->16007K(1064960K)
[2020-12-09T10:53:52.591-0500][gc,heap       ] GC(14) Heap after GC invocations=15 (full 0): garbage-first heap   total 52224K, used 15452K [0x0000000083000000, 0x0000000100000000)
[2020-12-09T10:53:52.591-0500][gc,heap       ] GC(14)   region size 1024K, 2 young (2048K), 2 survivors (2048K)
[2020-12-09T10:53:52.591-0500][gc,heap       ] GC(14)  Metaspace       used 16007K, capacity 16743K, committed 17152K, reserved 1064960K
[2020-12-09T10:53:52.591-0500][gc,heap       ] GC(14)   class space    used 1704K, capacity 1999K, committed 2048K, reserved 1048576K
[2020-12-09T10:53:52.591-0500][gc            ] GC(14) Pause Young (Normal) (G1 Evacuation Pause) 30M->15M(51M) 2.433ms
[2020-12-09T10:53:52.591-0500][gc,cpu        ] GC(14) User=0.01s Sys=0.01s Real=0.00s
[2020-12-09T10:53:52.875-0500][gc,heap       ] GC(15) Heap before GC invocations=15 (full 0): garbage-first heap   total 52224K, used 34908K [0x0000000083000000, 0x0000000100000000)
[2020-12-09T10:53:52.875-0500][gc,heap       ] GC(15)   region size 1024K, 21 young (21504K), 2 survivors (2048K)
[2020-12-09T10:53:52.875-0500][gc,heap       ] GC(15)  Metaspace       used 17124K, capacity 18181K, committed 18432K, reserved 1064960K
[2020-12-09T10:53:52.875-0500][gc,heap       ] GC(15)   class space    used 1843K, capacity 2260K, committed 2304K, reserved 1048576K
[2020-12-09T10:53:52.875-0500][gc,start      ] GC(15) Pause Young (Normal) (G1 Evacuation Pause)
[2020-12-09T10:53:52.875-0500][gc,task       ] GC(15) Using 8 workers of 8 for evacuation
[2020-12-09T10:53:52.878-0500][gc,phases     ] GC(15)   Pre Evacuate Collection Set: 0.0ms
[2020-12-09T10:53:52.878-0500][gc,phases     ] GC(15)   Evacuate Collection Set: 2.9ms
[2020-12-09T10:53:52.878-0500][gc,phases     ] GC(15)   Post Evacuate Collection Set: 0.6ms
[2020-12-09T10:53:52.878-0500][gc,phases     ] GC(15)   Other: 0.3ms
[2020-12-09T10:53:52.878-0500][gc,heap       ] GC(15) Eden regions: 19->0(18)
[2020-12-09T10:53:52.878-0500][gc,heap       ] GC(15) Survivor regions: 2->3(3)
[2020-12-09T10:53:52.878-0500][gc,heap       ] GC(15) Old regions: 11->11
[2020-12-09T10:53:52.878-0500][gc,heap       ] GC(15) Humongous regions: 4->4
[2020-12-09T10:53:52.878-0500][gc,metaspace  ] GC(15) Metaspace: 17124K->17124K(1064960K)
[2020-12-09T10:53:52.878-0500][gc,heap       ] GC(15) Heap after GC invocations=16 (full 0): garbage-first heap   total 52224K, used 16219K [0x0000000083000000, 0x0000000100000000)
[2020-12-09T10:53:52.878-0500][gc,heap       ] GC(15)   region size 1024K, 3 young (3072K), 3 survivors (3072K)
[2020-12-09T10:53:52.878-0500][gc,heap       ] GC(15)  Metaspace       used 17124K, capacity 18181K, committed 18432K, reserved 1064960K
[2020-12-09T10:53:52.878-0500][gc,heap       ] GC(15)   class space    used 1843K, capacity 2260K, committed 2304K, reserved 1048576K
[2020-12-09T10:53:52.879-0500][gc            ] GC(15) Pause Young (Normal) (G1 Evacuation Pause) 34M->15M(51M) 3.814ms
[2020-12-09T10:53:52.879-0500][gc,cpu        ] GC(15) User=0.02s Sys=0.00s Real=0.01s
[2020-12-09T10:53:53.052-0500][gc,heap       ] GC(16) Heap before GC invocations=16 (full 0): garbage-first heap   total 52224K, used 34651K [0x0000000083000000, 0x0000000100000000)
[2020-12-09T10:53:53.052-0500][gc,heap       ] GC(16)   region size 1024K, 21 young (21504K), 3 survivors (3072K)
[2020-12-09T10:53:53.052-0500][gc,heap       ] GC(16)  Metaspace       used 18177K, capacity 19174K, committed 19328K, reserved 1067008K
[2020-12-09T10:53:53.052-0500][gc,heap       ] GC(16)   class space    used 1941K, capacity 2378K, committed 2432K, reserved 1048576K
[2020-12-09T10:53:53.052-0500][gc,start      ] GC(16) Pause Young (Normal) (G1 Evacuation Pause)
[2020-12-09T10:53:53.052-0500][gc,task       ] GC(16) Using 8 workers of 8 for evacuation
[2020-12-09T10:53:53.055-0500][gc,phases     ] GC(16)   Pre Evacuate Collection Set: 0.0ms
[2020-12-09T10:53:53.055-0500][gc,phases     ] GC(16)   Evacuate Collection Set: 2.8ms
[2020-12-09T10:53:53.055-0500][gc,phases     ] GC(16)   Post Evacuate Collection Set: 0.5ms
[2020-12-09T10:53:53.055-0500][gc,phases     ] GC(16)   Other: 0.2ms
[2020-12-09T10:53:53.055-0500][gc,heap       ] GC(16) Eden regions: 18->0(18)
[2020-12-09T10:53:53.055-0500][gc,heap       ] GC(16) Survivor regions: 3->2(3)
[2020-12-09T10:53:53.055-0500][gc,heap       ] GC(16) Old regions: 11->13
[2020-12-09T10:53:53.056-0500][gc,heap       ] GC(16) Humongous regions: 4->4
[2020-12-09T10:53:53.056-0500][gc,metaspace  ] GC(16) Metaspace: 18177K->18177K(1067008K)
[2020-12-09T10:53:53.056-0500][gc,heap       ] GC(16) Heap after GC invocations=17 (full 0): garbage-first heap   total 52224K, used 16989K [0x0000000083000000, 0x0000000100000000)
[2020-12-09T10:53:53.056-0500][gc,heap       ] GC(16)   region size 1024K, 2 young (2048K), 2 survivors (2048K)
[2020-12-09T10:53:53.056-0500][gc,heap       ] GC(16)  Metaspace       used 18177K, capacity 19174K, committed 19328K, reserved 1067008K
[2020-12-09T10:53:53.056-0500][gc,heap       ] GC(16)   class space    used 1941K, capacity 2378K, committed 2432K, reserved 1048576K
[2020-12-09T10:53:53.056-0500][gc            ] GC(16) Pause Young (Normal) (G1 Evacuation Pause) 33M->16M(51M) 3.807ms
[2020-12-09T10:53:53.056-0500][gc,cpu        ] GC(16) User=0.02s Sys=0.00s Real=0.00s
[2020-12-09T10:53:53.208-0500][gc,heap       ] GC(17) Heap before GC invocations=17 (full 0): garbage-first heap   total 52224K, used 34397K [0x0000000083000000, 0x0000000100000000)
[2020-12-09T10:53:53.208-0500][gc,heap       ] GC(17)   region size 1024K, 20 young (20480K), 2 survivors (2048K)
[2020-12-09T10:53:53.208-0500][gc,heap       ] GC(17)  Metaspace       used 19110K, capacity 20251K, committed 20608K, reserved 1067008K
[2020-12-09T10:53:53.208-0500][gc,heap       ] GC(17)   class space    used 2066K, capacity 2571K, committed 2688K, reserved 1048576K
[2020-12-09T10:53:53.208-0500][gc,start      ] GC(17) Pause Young (Concurrent Start) (G1 Evacuation Pause)
[2020-12-09T10:53:53.208-0500][gc,task       ] GC(17) Using 8 workers of 8 for evacuation
[2020-12-09T10:53:53.214-0500][gc,phases     ] GC(17)   Pre Evacuate Collection Set: 0.1ms
[2020-12-09T10:53:53.214-0500][gc,phases     ] GC(17)   Evacuate Collection Set: 4.6ms
[2020-12-09T10:53:53.214-0500][gc,phases     ] GC(17)   Post Evacuate Collection Set: 0.7ms
[2020-12-09T10:53:53.214-0500][gc,phases     ] GC(17)   Other: 0.2ms
[2020-12-09T10:53:53.214-0500][gc,heap       ] GC(17) Eden regions: 18->0(21)
[2020-12-09T10:53:53.214-0500][gc,heap       ] GC(17) Survivor regions: 2->3(3)
[2020-12-09T10:53:53.214-0500][gc,heap       ] GC(17) Old regions: 13->14
[2020-12-09T10:53:53.214-0500][gc,heap       ] GC(17) Humongous regions: 4->4
[2020-12-09T10:53:53.214-0500][gc,metaspace  ] GC(17) Metaspace: 19110K->19110K(1067008K)
[2020-12-09T10:53:53.214-0500][gc,heap       ] GC(17) Heap after GC invocations=18 (full 0): garbage-first heap   total 63488K, used 19767K [0x0000000083000000, 0x0000000100000000)
[2020-12-09T10:53:53.214-0500][gc,heap       ] GC(17)   region size 1024K, 3 young (3072K), 3 survivors (3072K)
[2020-12-09T10:53:53.214-0500][gc,heap       ] GC(17)  Metaspace       used 19110K, capacity 20251K, committed 20608K, reserved 1067008K
[2020-12-09T10:53:53.214-0500][gc,heap       ] GC(17)   class space    used 2066K, capacity 2571K, committed 2688K, reserved 1048576K
[2020-12-09T10:53:53.214-0500][gc            ] GC(17) Pause Young (Concurrent Start) (G1 Evacuation Pause) 34M->19M(62M) 5.661ms
[2020-12-09T10:53:53.214-0500][gc,cpu        ] GC(17) User=0.03s Sys=0.00s Real=0.00s
[2020-12-09T10:53:53.214-0500][gc            ] GC(18) Concurrent Cycle
[2020-12-09T10:53:53.214-0500][gc,marking    ] GC(18) Concurrent Clear Claimed Marks
[2020-12-09T10:53:53.214-0500][gc,marking    ] GC(18) Concurrent Clear Claimed Marks 0.110ms
[2020-12-09T10:53:53.214-0500][gc,marking    ] GC(18) Concurrent Scan Root Regions
[2020-12-09T10:53:53.216-0500][gc,marking    ] GC(18) Concurrent Scan Root Regions 1.706ms
[2020-12-09T10:53:53.216-0500][gc,marking    ] GC(18) Concurrent Mark (2.785s)
[2020-12-09T10:53:53.216-0500][gc,marking    ] GC(18) Concurrent Mark From Roots
[2020-12-09T10:53:53.216-0500][gc,task       ] GC(18) Using 2 workers of 2 for marking
[2020-12-09T10:53:53.230-0500][gc,marking    ] GC(18) Concurrent Mark From Roots 14.162ms
[2020-12-09T10:53:53.230-0500][gc,marking    ] GC(18) Concurrent Preclean
[2020-12-09T10:53:53.230-0500][gc,marking    ] GC(18) Concurrent Preclean 0.173ms
[2020-12-09T10:53:53.230-0500][gc,marking    ] GC(18) Concurrent Mark (2.785s, 2.799s) 14.427ms
[2020-12-09T10:53:53.232-0500][gc,start      ] GC(18) Pause Remark
[2020-12-09T10:53:53.234-0500][gc,stringtable] GC(18) Cleaned string and symbol table, strings: 8360 processed, 4 removed, symbols: 52857 processed, 93 removed
[2020-12-09T10:53:53.235-0500][gc            ] GC(18) Pause Remark 20M->20M(62M) 2.786ms
[2020-12-09T10:53:53.235-0500][gc,cpu        ] GC(18) User=0.01s Sys=0.01s Real=0.00s
[2020-12-09T10:53:53.235-0500][gc,marking    ] GC(18) Concurrent Rebuild Remembered Sets
[2020-12-09T10:53:53.248-0500][gc,marking    ] GC(18) Concurrent Rebuild Remembered Sets 12.988ms
[2020-12-09T10:53:53.248-0500][gc,start      ] GC(18) Pause Cleanup
[2020-12-09T10:53:53.249-0500][gc            ] GC(18) Pause Cleanup 21M->21M(62M) 0.209ms
[2020-12-09T10:53:53.249-0500][gc,cpu        ] GC(18) User=0.00s Sys=0.00s Real=0.00s
[2020-12-09T10:53:53.249-0500][gc,marking    ] GC(18) Concurrent Cleanup for Next Mark
[2020-12-09T10:53:53.252-0500][gc,marking    ] GC(18) Concurrent Cleanup for Next Mark 3.247ms
[2020-12-09T10:53:53.252-0500][gc            ] GC(18) Concurrent Cycle 38.035ms
[2020-12-09T10:53:53.426-0500][gc,heap       ] GC(19) Heap before GC invocations=19 (full 0): garbage-first heap   total 63488K, used 40247K [0x0000000083000000, 0x0000000100000000)
[2020-12-09T10:53:53.426-0500][gc,heap       ] GC(19)   region size 1024K, 24 young (24576K), 3 survivors (3072K)
[2020-12-09T10:53:53.426-0500][gc,heap       ] GC(19)  Metaspace       used 20027K, capacity 21182K, committed 21376K, reserved 1069056K
[2020-12-09T10:53:53.426-0500][gc,heap       ] GC(19)   class space    used 2156K, capacity 2635K, committed 2688K, reserved 1048576K
[2020-12-09T10:53:53.426-0500][gc,start      ] GC(19) Pause Young (Normal) (G1 Evacuation Pause)
[2020-12-09T10:53:53.426-0500][gc,task       ] GC(19) Using 8 workers of 8 for evacuation
[2020-12-09T10:53:53.430-0500][gc,phases     ] GC(19)   Pre Evacuate Collection Set: 0.1ms
[2020-12-09T10:53:53.430-0500][gc,phases     ] GC(19)   Evacuate Collection Set: 3.3ms
[2020-12-09T10:53:53.430-0500][gc,phases     ] GC(19)   Post Evacuate Collection Set: 0.4ms
[2020-12-09T10:53:53.430-0500][gc,phases     ] GC(19)   Other: 0.2ms
[2020-12-09T10:53:53.430-0500][gc,heap       ] GC(19) Eden regions: 21->0(21)
[2020-12-09T10:53:53.430-0500][gc,heap       ] GC(19) Survivor regions: 3->2(3)
[2020-12-09T10:53:53.430-0500][gc,heap       ] GC(19) Old regions: 14->17
[2020-12-09T10:53:53.430-0500][gc,heap       ] GC(19) Humongous regions: 4->4
[2020-12-09T10:53:53.430-0500][gc,metaspace  ] GC(19) Metaspace: 20027K->20027K(1069056K)
[2020-12-09T10:53:53.430-0500][gc,heap       ] GC(19) Heap after GC invocations=20 (full 0): garbage-first heap   total 63488K, used 20832K [0x0000000083000000, 0x0000000100000000)
[2020-12-09T10:53:53.430-0500][gc,heap       ] GC(19)   region size 1024K, 2 young (2048K), 2 survivors (2048K)
[2020-12-09T10:53:53.430-0500][gc,heap       ] GC(19)  Metaspace       used 20027K, capacity 21182K, committed 21376K, reserved 1069056K
[2020-12-09T10:53:53.430-0500][gc,heap       ] GC(19)   class space    used 2156K, capacity 2635K, committed 2688K, reserved 1048576K
[2020-12-09T10:53:53.430-0500][gc            ] GC(19) Pause Young (Normal) (G1 Evacuation Pause) 40M->20M(62M) 4.020ms
[2020-12-09T10:53:53.430-0500][gc,cpu        ] GC(19) User=0.02s Sys=0.01s Real=0.01s
[2020-12-09T10:53:53.625-0500][gc,heap       ] GC(20) Heap before GC invocations=20 (full 0): garbage-first heap   total 63488K, used 41312K [0x0000000083000000, 0x0000000100000000)
[2020-12-09T10:53:53.625-0500][gc,heap       ] GC(20)   region size 1024K, 23 young (23552K), 2 survivors (2048K)
[2020-12-09T10:53:53.625-0500][gc,heap       ] GC(20)  Metaspace       used 20741K, capacity 21881K, committed 22016K, reserved 1069056K
[2020-12-09T10:53:53.625-0500][gc,heap       ] GC(20)   class space    used 2236K, capacity 2731K, committed 2816K, reserved 1048576K
[2020-12-09T10:53:53.625-0500][gc,start      ] GC(20) Pause Young (Concurrent Start) (G1 Evacuation Pause)
[2020-12-09T10:53:53.625-0500][gc,task       ] GC(20) Using 8 workers of 8 for evacuation
[2020-12-09T10:53:53.629-0500][gc,phases     ] GC(20)   Pre Evacuate Collection Set: 0.1ms
[2020-12-09T10:53:53.629-0500][gc,phases     ] GC(20)   Evacuate Collection Set: 3.3ms
[2020-12-09T10:53:53.629-0500][gc,phases     ] GC(20)   Post Evacuate Collection Set: 0.6ms
[2020-12-09T10:53:53.629-0500][gc,phases     ] GC(20)   Other: 0.3ms
[2020-12-09T10:53:53.629-0500][gc,heap       ] GC(20) Eden regions: 21->0(21)
[2020-12-09T10:53:53.629-0500][gc,heap       ] GC(20) Survivor regions: 2->2(3)
[2020-12-09T10:53:53.629-0500][gc,heap       ] GC(20) Old regions: 17->17
[2020-12-09T10:53:53.629-0500][gc,heap       ] GC(20) Humongous regions: 4->4
[2020-12-09T10:53:53.629-0500][gc,metaspace  ] GC(20) Metaspace: 20741K->20741K(1069056K)
[2020-12-09T10:53:53.629-0500][gc,heap       ] GC(20) Heap after GC invocations=21 (full 0): garbage-first heap   total 63488K, used 21717K [0x0000000083000000, 0x0000000100000000)
[2020-12-09T10:53:53.629-0500][gc,heap       ] GC(20)   region size 1024K, 2 young (2048K), 2 survivors (2048K)
[2020-12-09T10:53:53.629-0500][gc,heap       ] GC(20)  Metaspace       used 20741K, capacity 21881K, committed 22016K, reserved 1069056K
[2020-12-09T10:53:53.629-0500][gc,heap       ] GC(20)   class space    used 2236K, capacity 2731K, committed 2816K, reserved 1048576K
[2020-12-09T10:53:53.629-0500][gc            ] GC(20) Pause Young (Concurrent Start) (G1 Evacuation Pause) 41M->21M(62M) 4.280ms
[2020-12-09T10:53:53.629-0500][gc,cpu        ] GC(20) User=0.02s Sys=0.01s Real=0.01s
[2020-12-09T10:53:53.629-0500][gc            ] GC(21) Concurrent Cycle
[2020-12-09T10:53:53.629-0500][gc,marking    ] GC(21) Concurrent Clear Claimed Marks
[2020-12-09T10:53:53.629-0500][gc,marking    ] GC(21) Concurrent Clear Claimed Marks 0.037ms
[2020-12-09T10:53:53.629-0500][gc,marking    ] GC(21) Concurrent Scan Root Regions
[2020-12-09T10:53:53.631-0500][gc,marking    ] GC(21) Concurrent Scan Root Regions 1.825ms
[2020-12-09T10:53:53.631-0500][gc,marking    ] GC(21) Concurrent Mark (3.200s)
[2020-12-09T10:53:53.631-0500][gc,marking    ] GC(21) Concurrent Mark From Roots
[2020-12-09T10:53:53.631-0500][gc,task       ] GC(21) Using 2 workers of 2 for marking
[2020-12-09T10:53:53.654-0500][gc,marking    ] GC(21) Concurrent Mark From Roots 22.636ms
[2020-12-09T10:53:53.654-0500][gc,marking    ] GC(21) Concurrent Preclean
[2020-12-09T10:53:53.654-0500][gc,marking    ] GC(21) Concurrent Preclean 0.170ms
[2020-12-09T10:53:53.654-0500][gc,marking    ] GC(21) Concurrent Mark (3.200s, 3.223s) 22.931ms
[2020-12-09T10:53:53.655-0500][gc,start      ] GC(21) Pause Remark
[2020-12-09T10:53:53.661-0500][gc,stringtable] GC(21) Cleaned string and symbol table, strings: 9496 processed, 22 removed, symbols: 58922 processed, 8 removed
[2020-12-09T10:53:53.662-0500][gc            ] GC(21) Pause Remark 23M->23M(62M) 6.686ms
[2020-12-09T10:53:53.662-0500][gc,cpu        ] GC(21) User=0.04s Sys=0.00s Real=0.01s
[2020-12-09T10:53:53.663-0500][gc,marking    ] GC(21) Concurrent Rebuild Remembered Sets
[2020-12-09T10:53:53.680-0500][gc,marking    ] GC(21) Concurrent Rebuild Remembered Sets 17.660ms
[2020-12-09T10:53:53.681-0500][gc,start      ] GC(21) Pause Cleanup
[2020-12-09T10:53:53.681-0500][gc            ] GC(21) Pause Cleanup 25M->25M(62M) 0.205ms
[2020-12-09T10:53:53.681-0500][gc,cpu        ] GC(21) User=0.00s Sys=0.00s Real=0.00s
[2020-12-09T10:53:53.681-0500][gc,marking    ] GC(21) Concurrent Cleanup for Next Mark
[2020-12-09T10:53:53.681-0500][gc,marking    ] GC(21) Concurrent Cleanup for Next Mark 0.277ms
[2020-12-09T10:53:53.681-0500][gc            ] GC(21) Concurrent Cycle 52.284ms
[2020-12-09T10:53:53.886-0500][gc,heap       ] GC(22) Heap before GC invocations=22 (full 0): garbage-first heap   total 63488K, used 42197K [0x0000000083000000, 0x0000000100000000)
[2020-12-09T10:53:53.886-0500][gc,heap       ] GC(22)   region size 1024K, 23 young (23552K), 2 survivors (2048K)
[2020-12-09T10:53:53.886-0500][gc,heap       ] GC(22)  Metaspace       used 22355K, capacity 23697K, committed 24064K, reserved 1071104K
[2020-12-09T10:53:53.886-0500][gc,heap       ] GC(22)   class space    used 2423K, capacity 2956K, committed 3072K, reserved 1048576K
[2020-12-09T10:53:53.886-0500][gc,start      ] GC(22) Pause Young (Normal) (G1 Evacuation Pause)
[2020-12-09T10:53:53.886-0500][gc,task       ] GC(22) Using 8 workers of 8 for evacuation
[2020-12-09T10:53:53.891-0500][gc,phases     ] GC(22)   Pre Evacuate Collection Set: 0.0ms
[2020-12-09T10:53:53.891-0500][gc,phases     ] GC(22)   Evacuate Collection Set: 3.7ms
[2020-12-09T10:53:53.891-0500][gc,phases     ] GC(22)   Post Evacuate Collection Set: 1.5ms
[2020-12-09T10:53:53.891-0500][gc,phases     ] GC(22)   Other: 0.4ms
[2020-12-09T10:53:53.891-0500][gc,heap       ] GC(22) Eden regions: 21->0(21)
[2020-12-09T10:53:53.891-0500][gc,heap       ] GC(22) Survivor regions: 2->3(3)
[2020-12-09T10:53:53.891-0500][gc,heap       ] GC(22) Old regions: 17->18
[2020-12-09T10:53:53.891-0500][gc,heap       ] GC(22) Humongous regions: 4->4
[2020-12-09T10:53:53.891-0500][gc,metaspace  ] GC(22) Metaspace: 22355K->22355K(1071104K)
[2020-12-09T10:53:53.891-0500][gc,heap       ] GC(22) Heap after GC invocations=23 (full 0): garbage-first heap   total 63488K, used 23211K [0x0000000083000000, 0x0000000100000000)
[2020-12-09T10:53:53.891-0500][gc,heap       ] GC(22)   region size 1024K, 3 young (3072K), 3 survivors (3072K)
[2020-12-09T10:53:53.891-0500][gc,heap       ] GC(22)  Metaspace       used 22355K, capacity 23697K, committed 24064K, reserved 1071104K
[2020-12-09T10:53:53.891-0500][gc,heap       ] GC(22)   class space    used 2423K, capacity 2956K, committed 3072K, reserved 1048576K
[2020-12-09T10:53:53.891-0500][gc            ] GC(22) Pause Young (Normal) (G1 Evacuation Pause) 42M->22M(62M) 5.625ms
[2020-12-09T10:53:53.891-0500][gc,cpu        ] GC(22) User=0.02s Sys=0.00s Real=0.01s
[2020-12-09T10:53:53.897-0500][gc,heap       ] GC(23) Heap before GC invocations=23 (full 0): garbage-first heap   total 63488K, used 23211K [0x0000000083000000, 0x0000000100000000)
[2020-12-09T10:53:53.897-0500][gc,heap       ] GC(23)   region size 1024K, 5 young (5120K), 3 survivors (3072K)
[2020-12-09T10:53:53.897-0500][gc,heap       ] GC(23)  Metaspace       used 22363K, capacity 23697K, committed 24064K, reserved 1071104K
[2020-12-09T10:53:53.897-0500][gc,heap       ] GC(23)   class space    used 2424K, capacity 2956K, committed 3072K, reserved 1048576K
[2020-12-09T10:53:53.897-0500][gc,start      ] GC(23) Pause Young (Concurrent Start) (G1 Humongous Allocation)
[2020-12-09T10:53:53.897-0500][gc,task       ] GC(23) Using 8 workers of 8 for evacuation
[2020-12-09T10:53:53.902-0500][gc,phases     ] GC(23)   Pre Evacuate Collection Set: 0.1ms
[2020-12-09T10:53:53.902-0500][gc,phases     ] GC(23)   Evacuate Collection Set: 3.9ms
[2020-12-09T10:53:53.902-0500][gc,phases     ] GC(23)   Post Evacuate Collection Set: 0.9ms
[2020-12-09T10:53:53.902-0500][gc,phases     ] GC(23)   Other: 0.2ms
[2020-12-09T10:53:53.902-0500][gc,heap       ] GC(23) Eden regions: 2->0(23)
[2020-12-09T10:53:53.902-0500][gc,heap       ] GC(23) Survivor regions: 3->1(3)
[2020-12-09T10:53:53.902-0500][gc,heap       ] GC(23) Old regions: 18->20
[2020-12-09T10:53:53.902-0500][gc,heap       ] GC(23) Humongous regions: 4->4
[2020-12-09T10:53:53.902-0500][gc,metaspace  ] GC(23) Metaspace: 22363K->22363K(1071104K)
[2020-12-09T10:53:53.902-0500][gc,heap       ] GC(23) Heap after GC invocations=24 (full 0): garbage-first heap   total 76800K, used 23658K [0x0000000083000000, 0x0000000100000000)
[2020-12-09T10:53:53.902-0500][gc,heap       ] GC(23)   region size 1024K, 1 young (1024K), 1 survivors (1024K)
[2020-12-09T10:53:53.902-0500][gc,heap       ] GC(23)  Metaspace       used 22363K, capacity 23697K, committed 24064K, reserved 1071104K
[2020-12-09T10:53:53.902-0500][gc,heap       ] GC(23)   class space    used 2424K, capacity 2956K, committed 3072K, reserved 1048576K
[2020-12-09T10:53:53.902-0500][gc            ] GC(23) Pause Young (Concurrent Start) (G1 Humongous Allocation) 23M->23M(75M) 5.216ms
[2020-12-09T10:53:53.902-0500][gc,cpu        ] GC(23) User=0.02s Sys=0.00s Real=0.00s
[2020-12-09T10:53:53.902-0500][gc            ] GC(24) Concurrent Cycle
[2020-12-09T10:53:53.902-0500][gc,marking    ] GC(24) Concurrent Clear Claimed Marks
[2020-12-09T10:53:53.902-0500][gc,marking    ] GC(24) Concurrent Clear Claimed Marks 0.107ms
[2020-12-09T10:53:53.902-0500][gc,marking    ] GC(24) Concurrent Scan Root Regions
[2020-12-09T10:53:53.903-0500][gc,marking    ] GC(24) Concurrent Scan Root Regions 0.272ms
[2020-12-09T10:53:53.903-0500][gc,marking    ] GC(24) Concurrent Mark (3.472s)
[2020-12-09T10:53:53.903-0500][gc,marking    ] GC(24) Concurrent Mark From Roots
[2020-12-09T10:53:53.903-0500][gc,task       ] GC(24) Using 2 workers of 2 for marking
[2020-12-09T10:53:53.934-0500][gc,marking    ] GC(24) Concurrent Mark From Roots 31.597ms
[2020-12-09T10:53:53.934-0500][gc,marking    ] GC(24) Concurrent Preclean
[2020-12-09T10:53:53.935-0500][gc,marking    ] GC(24) Concurrent Preclean 0.183ms
[2020-12-09T10:53:53.935-0500][gc,marking    ] GC(24) Concurrent Mark (3.472s, 3.503s) 31.873ms
[2020-12-09T10:53:53.935-0500][gc,start      ] GC(24) Pause Remark
[2020-12-09T10:53:53.942-0500][gc,stringtable] GC(24) Cleaned string and symbol table, strings: 10948 processed, 1 removed, symbols: 62207 processed, 21 removed
[2020-12-09T10:53:53.942-0500][gc            ] GC(24) Pause Remark 35M->35M(75M) 6.713ms
[2020-12-09T10:53:53.942-0500][gc,cpu        ] GC(24) User=0.03s Sys=0.01s Real=0.01s
[2020-12-09T10:53:53.942-0500][gc,marking    ] GC(24) Concurrent Rebuild Remembered Sets
[2020-12-09T10:53:53.956-0500][gc,marking    ] GC(24) Concurrent Rebuild Remembered Sets 14.122ms
[2020-12-09T10:53:53.958-0500][gc,start      ] GC(24) Pause Cleanup
[2020-12-09T10:53:53.958-0500][gc            ] GC(24) Pause Cleanup 44M->44M(75M) 0.177ms
[2020-12-09T10:53:53.958-0500][gc,cpu        ] GC(24) User=0.00s Sys=0.00s Real=0.00s
[2020-12-09T10:53:53.959-0500][gc,marking    ] GC(24) Concurrent Cleanup for Next Mark
[2020-12-09T10:53:53.959-0500][gc,marking    ] GC(24) Concurrent Cleanup for Next Mark 0.542ms
[2020-12-09T10:53:53.959-0500][gc            ] GC(24) Concurrent Cycle 57.271ms
[2020-12-09T10:53:53.971-0500][gc,heap       ] GC(25) Heap before GC invocations=25 (full 0): garbage-first heap   total 76800K, used 45162K [0x0000000083000000, 0x0000000100000000)
[2020-12-09T10:53:53.971-0500][gc,heap       ] GC(25)   region size 1024K, 3 young (3072K), 1 survivors (1024K)
[2020-12-09T10:53:53.971-0500][gc,heap       ] GC(25)  Metaspace       used 22448K, capacity 23755K, committed 24064K, reserved 1071104K
[2020-12-09T10:53:53.971-0500][gc,heap       ] GC(25)   class space    used 2432K, capacity 2955K, committed 3072K, reserved 1048576K
[2020-12-09T10:53:53.971-0500][gc,start      ] GC(25) Pause Young (Concurrent Start) (G1 Humongous Allocation)
[2020-12-09T10:53:53.971-0500][gc,task       ] GC(25) Using 8 workers of 8 for evacuation
[2020-12-09T10:53:53.974-0500][gc,phases     ] GC(25)   Pre Evacuate Collection Set: 0.2ms
[2020-12-09T10:53:53.974-0500][gc,phases     ] GC(25)   Evacuate Collection Set: 2.1ms
[2020-12-09T10:53:53.974-0500][gc,phases     ] GC(25)   Post Evacuate Collection Set: 0.5ms
[2020-12-09T10:53:53.974-0500][gc,phases     ] GC(25)   Other: 0.3ms
[2020-12-09T10:53:53.974-0500][gc,heap       ] GC(25) Eden regions: 2->0(21)
[2020-12-09T10:53:53.974-0500][gc,heap       ] GC(25) Survivor regions: 1->1(3)
[2020-12-09T10:53:53.974-0500][gc,heap       ] GC(25) Old regions: 20->20
[2020-12-09T10:53:53.974-0500][gc,heap       ] GC(25) Humongous regions: 24->13
[2020-12-09T10:53:53.974-0500][gc,metaspace  ] GC(25) Metaspace: 22448K->22448K(1071104K)
[2020-12-09T10:53:53.974-0500][gc,heap       ] GC(25) Heap after GC invocations=26 (full 0): garbage-first heap   total 76800K, used 32942K [0x0000000083000000, 0x0000000100000000)
[2020-12-09T10:53:53.974-0500][gc,heap       ] GC(25)   region size 1024K, 1 young (1024K), 1 survivors (1024K)
[2020-12-09T10:53:53.974-0500][gc,heap       ] GC(25)  Metaspace       used 22448K, capacity 23755K, committed 24064K, reserved 1071104K
[2020-12-09T10:53:53.974-0500][gc,heap       ] GC(25)   class space    used 2432K, capacity 2955K, committed 3072K, reserved 1048576K
[2020-12-09T10:53:53.974-0500][gc            ] GC(25) Pause Young (Concurrent Start) (G1 Humongous Allocation) 44M->32M(75M) 3.130ms
[2020-12-09T10:53:53.974-0500][gc,cpu        ] GC(25) User=0.01s Sys=0.01s Real=0.00s
[2020-12-09T10:53:53.974-0500][gc            ] GC(26) Concurrent Cycle
[2020-12-09T10:53:53.974-0500][gc,marking    ] GC(26) Concurrent Clear Claimed Marks
[2020-12-09T10:53:53.975-0500][gc,marking    ] GC(26) Concurrent Clear Claimed Marks 0.069ms
[2020-12-09T10:53:53.975-0500][gc,marking    ] GC(26) Concurrent Scan Root Regions
[2020-12-09T10:53:53.975-0500][gc,marking    ] GC(26) Concurrent Scan Root Regions 0.573ms
[2020-12-09T10:53:53.975-0500][gc,marking    ] GC(26) Concurrent Mark (3.544s)
[2020-12-09T10:53:53.975-0500][gc,marking    ] GC(26) Concurrent Mark From Roots
[2020-12-09T10:53:53.975-0500][gc,task       ] GC(26) Using 2 workers of 2 for marking
[2020-12-09T10:53:54.013-0500][gc,marking    ] GC(26) Concurrent Mark From Roots 37.883ms
[2020-12-09T10:53:54.013-0500][gc,marking    ] GC(26) Concurrent Preclean
[2020-12-09T10:53:54.013-0500][gc,marking    ] GC(26) Concurrent Preclean 0.213ms
[2020-12-09T10:53:54.013-0500][gc,marking    ] GC(26) Concurrent Mark (3.544s, 3.582s) 38.195ms
[2020-12-09T10:53:54.019-0500][gc,start      ] GC(26) Pause Remark
[2020-12-09T10:53:54.030-0500][gc,stringtable] GC(26) Cleaned string and symbol table, strings: 10964 processed, 14 removed, symbols: 62517 processed, 4 removed
[2020-12-09T10:53:54.031-0500][gc            ] GC(26) Pause Remark 85M->85M(93M) 12.040ms
[2020-12-09T10:53:54.031-0500][gc,cpu        ] GC(26) User=0.05s Sys=0.01s Real=0.01s
[2020-12-09T10:53:54.031-0500][gc,marking    ] GC(26) Concurrent Rebuild Remembered Sets
[2020-12-09T10:53:54.043-0500][gc,heap       ] GC(27) Heap before GC invocations=26 (full 0): garbage-first heap   total 95232K, used 92334K [0x0000000083000000, 0x0000000100000000)
[2020-12-09T10:53:54.043-0500][gc,heap       ] GC(27)   region size 1024K, 6 young (6144K), 1 survivors (1024K)
[2020-12-09T10:53:54.043-0500][gc,heap       ] GC(27)  Metaspace       used 22461K, capacity 23797K, committed 24320K, reserved 1071104K
[2020-12-09T10:53:54.043-0500][gc,heap       ] GC(27)   class space    used 2427K, capacity 2931K, committed 3072K, reserved 1048576K
[2020-12-09T10:53:54.043-0500][gc,start      ] GC(27) Pause Young (Normal) (G1 Evacuation Pause)
[2020-12-09T10:53:54.043-0500][gc,task       ] GC(27) Using 8 workers of 8 for evacuation
[2020-12-09T10:53:54.049-0500][gc,phases     ] GC(27)   Pre Evacuate Collection Set: 0.0ms
[2020-12-09T10:53:54.049-0500][gc,phases     ] GC(27)   Evacuate Collection Set: 4.4ms
[2020-12-09T10:53:54.049-0500][gc,phases     ] GC(27)   Post Evacuate Collection Set: 1.1ms
[2020-12-09T10:53:54.049-0500][gc,phases     ] GC(27)   Other: 0.3ms
[2020-12-09T10:53:54.049-0500][gc,heap       ] GC(27) Eden regions: 5->0(24)
[2020-12-09T10:53:54.049-0500][gc,heap       ] GC(27) Survivor regions: 1->2(3)
[2020-12-09T10:53:54.049-0500][gc,heap       ] GC(27) Old regions: 20->20
[2020-12-09T10:53:54.049-0500][gc,heap       ] GC(27) Humongous regions: 67->23
[2020-12-09T10:53:54.049-0500][gc,metaspace  ] GC(27) Metaspace: 22461K->22461K(1071104K)
[2020-12-09T10:53:54.049-0500][gc,heap       ] GC(27) Heap after GC invocations=27 (full 0): garbage-first heap   total 97280K, used 43852K [0x0000000083000000, 0x0000000100000000)
[2020-12-09T10:53:54.049-0500][gc,heap       ] GC(27)   region size 1024K, 2 young (2048K), 2 survivors (2048K)
[2020-12-09T10:53:54.049-0500][gc,heap       ] GC(27)  Metaspace       used 22461K, capacity 23797K, committed 24320K, reserved 1071104K
[2020-12-09T10:53:54.049-0500][gc,heap       ] GC(27)   class space    used 2427K, capacity 2931K, committed 3072K, reserved 1048576K
[2020-12-09T10:53:54.049-0500][gc            ] GC(27) Pause Young (Normal) (G1 Evacuation Pause) 91M->42M(95M) 6.021ms
[2020-12-09T10:53:54.049-0500][gc,cpu        ] GC(27) User=0.03s Sys=0.01s Real=0.01s
[2020-12-09T10:53:54.079-0500][gc,marking    ] GC(26) Concurrent Rebuild Remembered Sets 47.651ms
[2020-12-09T10:53:54.080-0500][gc,start      ] GC(26) Pause Cleanup
[2020-12-09T10:53:54.080-0500][gc            ] GC(26) Pause Cleanup 52M->52M(95M) 0.301ms
[2020-12-09T10:53:54.081-0500][gc,cpu        ] GC(26) User=0.00s Sys=0.00s Real=0.00s
[2020-12-09T10:53:54.081-0500][gc,marking    ] GC(26) Concurrent Cleanup for Next Mark
[2020-12-09T10:53:54.081-0500][gc,marking    ] GC(26) Concurrent Cleanup for Next Mark 0.371ms
[2020-12-09T10:53:54.081-0500][gc            ] GC(26) Concurrent Cycle 106.733ms
[2020-12-09T10:53:54.168-0500][gc,heap       ] GC(28) Heap before GC invocations=28 (full 0): garbage-first heap   total 97280K, used 67404K [0x0000000083000000, 0x0000000100000000)
[2020-12-09T10:53:54.168-0500][gc,heap       ] GC(28)   region size 1024K, 26 young (26624K), 2 survivors (2048K)
[2020-12-09T10:53:54.168-0500][gc,heap       ] GC(28)  Metaspace       used 22995K, capacity 24313K, committed 24576K, reserved 1071104K
[2020-12-09T10:53:54.168-0500][gc,heap       ] GC(28)   class space    used 2509K, capacity 3033K, committed 3072K, reserved 1048576K
[2020-12-09T10:53:54.168-0500][gc,start      ] GC(28) Pause Young (Normal) (G1 Evacuation Pause)
[2020-12-09T10:53:54.168-0500][gc,task       ] GC(28) Using 8 workers of 8 for evacuation
[2020-12-09T10:53:54.189-0500][gc,phases     ] GC(28)   Pre Evacuate Collection Set: 0.0ms
[2020-12-09T10:53:54.189-0500][gc,phases     ] GC(28)   Evacuate Collection Set: 20.3ms
[2020-12-09T10:53:54.189-0500][gc,phases     ] GC(28)   Post Evacuate Collection Set: 0.4ms
[2020-12-09T10:53:54.189-0500][gc,phases     ] GC(28)   Other: 0.3ms
[2020-12-09T10:53:54.189-0500][gc,heap       ] GC(28) Eden regions: 24->0(20)
[2020-12-09T10:53:54.189-0500][gc,heap       ] GC(28) Survivor regions: 2->4(4)
[2020-12-09T10:53:54.189-0500][gc,heap       ] GC(28) Old regions: 20->26
[2020-12-09T10:53:54.189-0500][gc,heap       ] GC(28) Humongous regions: 23->22
[2020-12-09T10:53:54.189-0500][gc,metaspace  ] GC(28) Metaspace: 22995K->22995K(1071104K)
[2020-12-09T10:53:54.189-0500][gc,heap       ] GC(28) Heap after GC invocations=29 (full 0): garbage-first heap   total 97280K, used 51408K [0x0000000083000000, 0x0000000100000000)
[2020-12-09T10:53:54.189-0500][gc,heap       ] GC(28)   region size 1024K, 4 young (4096K), 4 survivors (4096K)
[2020-12-09T10:53:54.189-0500][gc,heap       ] GC(28)  Metaspace       used 22995K, capacity 24313K, committed 24576K, reserved 1071104K
[2020-12-09T10:53:54.189-0500][gc,heap       ] GC(28)   class space    used 2509K, capacity 3033K, committed 3072K, reserved 1048576K
[2020-12-09T10:53:54.189-0500][gc            ] GC(28) Pause Young (Normal) (G1 Evacuation Pause) 66M->50M(95M) 21.096ms
[2020-12-09T10:53:54.189-0500][gc,cpu        ] GC(28) User=0.11s Sys=0.00s Real=0.02s
[2020-12-09T10:53:54.288-0500][gc,heap       ] GC(29) Heap before GC invocations=29 (full 0): garbage-first heap   total 97280K, used 71888K [0x0000000083000000, 0x0000000100000000)
[2020-12-09T10:53:54.288-0500][gc,heap       ] GC(29)   region size 1024K, 24 young (24576K), 4 survivors (4096K)
[2020-12-09T10:53:54.288-0500][gc,heap       ] GC(29)  Metaspace       used 23455K, capacity 24761K, committed 25216K, reserved 1071104K
[2020-12-09T10:53:54.289-0500][gc,heap       ] GC(29)   class space    used 2574K, capacity 3097K, committed 3200K, reserved 1048576K
[2020-12-09T10:53:54.289-0500][gc,start      ] GC(29) Pause Young (Concurrent Start) (G1 Evacuation Pause)
[2020-12-09T10:53:54.289-0500][gc,task       ] GC(29) Using 8 workers of 8 for evacuation
[2020-12-09T10:53:54.301-0500][gc,phases     ] GC(29)   Pre Evacuate Collection Set: 0.1ms
[2020-12-09T10:53:54.301-0500][gc,phases     ] GC(29)   Evacuate Collection Set: 10.5ms
[2020-12-09T10:53:54.301-0500][gc,phases     ] GC(29)   Post Evacuate Collection Set: 1.8ms
[2020-12-09T10:53:54.301-0500][gc,phases     ] GC(29)   Other: 0.4ms
[2020-12-09T10:53:54.301-0500][gc,heap       ] GC(29) Eden regions: 20->0(31)
[2020-12-09T10:53:54.301-0500][gc,heap       ] GC(29) Survivor regions: 4->3(3)
[2020-12-09T10:53:54.301-0500][gc,heap       ] GC(29) Old regions: 26->34
[2020-12-09T10:53:54.301-0500][gc,heap       ] GC(29) Humongous regions: 22->22
[2020-12-09T10:53:54.301-0500][gc,metaspace  ] GC(29) Metaspace: 23455K->23455K(1071104K)
[2020-12-09T10:53:54.301-0500][gc,heap       ] GC(29) Heap after GC invocations=30 (full 0): garbage-first heap   total 148480K, used 59074K [0x0000000083000000, 0x0000000100000000)
[2020-12-09T10:53:54.301-0500][gc,heap       ] GC(29)   region size 1024K, 3 young (3072K), 3 survivors (3072K)
[2020-12-09T10:53:54.301-0500][gc,heap       ] GC(29)  Metaspace       used 23455K, capacity 24761K, committed 25216K, reserved 1071104K
[2020-12-09T10:53:54.301-0500][gc,heap       ] GC(29)   class space    used 2574K, capacity 3097K, committed 3200K, reserved 1048576K
[2020-12-09T10:53:54.301-0500][gc            ] GC(29) Pause Young (Concurrent Start) (G1 Evacuation Pause) 70M->57M(145M) 12.940ms
[2020-12-09T10:53:54.302-0500][gc,cpu        ] GC(29) User=0.05s Sys=0.01s Real=0.01s
[2020-12-09T10:53:54.302-0500][gc            ] GC(30) Concurrent Cycle
[2020-12-09T10:53:54.302-0500][gc,marking    ] GC(30) Concurrent Clear Claimed Marks
[2020-12-09T10:53:54.302-0500][gc,marking    ] GC(30) Concurrent Clear Claimed Marks 0.258ms
[2020-12-09T10:53:54.302-0500][gc,marking    ] GC(30) Concurrent Scan Root Regions
[2020-12-09T10:53:54.304-0500][gc,marking    ] GC(30) Concurrent Scan Root Regions 2.221ms
[2020-12-09T10:53:54.304-0500][gc,marking    ] GC(30) Concurrent Mark (3.873s)
[2020-12-09T10:53:54.304-0500][gc,marking    ] GC(30) Concurrent Mark From Roots
[2020-12-09T10:53:54.304-0500][gc,task       ] GC(30) Using 2 workers of 2 for marking
[2020-12-09T10:53:54.387-0500][gc,marking    ] GC(30) Concurrent Mark From Roots 82.455ms
[2020-12-09T10:53:54.387-0500][gc,marking    ] GC(30) Concurrent Preclean
[2020-12-09T10:53:54.387-0500][gc,marking    ] GC(30) Concurrent Preclean 0.194ms
[2020-12-09T10:53:54.387-0500][gc,marking    ] GC(30) Concurrent Mark (3.873s, 3.956s) 82.722ms
[2020-12-09T10:53:54.388-0500][gc,start      ] GC(30) Pause Remark
[2020-12-09T10:53:54.392-0500][gc,stringtable] GC(30) Cleaned string and symbol table, strings: 11626 processed, 1 removed, symbols: 65626 processed, 34 removed
[2020-12-09T10:53:54.393-0500][gc            ] GC(30) Pause Remark 70M->70M(145M) 4.833ms
[2020-12-09T10:53:54.393-0500][gc,cpu        ] GC(30) User=0.02s Sys=0.00s Real=0.00s
[2020-12-09T10:53:54.394-0500][gc,marking    ] GC(30) Concurrent Rebuild Remembered Sets
[2020-12-09T10:53:54.428-0500][gc,marking    ] GC(30) Concurrent Rebuild Remembered Sets 34.569ms
[2020-12-09T10:53:54.430-0500][gc,start      ] GC(30) Pause Cleanup
[2020-12-09T10:53:54.430-0500][gc            ] GC(30) Pause Cleanup 79M->79M(145M) 0.239ms
[2020-12-09T10:53:54.430-0500][gc,cpu        ] GC(30) User=0.00s Sys=0.00s Real=0.00s
[2020-12-09T10:53:54.430-0500][gc,marking    ] GC(30) Concurrent Cleanup for Next Mark
[2020-12-09T10:53:54.440-0500][gc,marking    ] GC(30) Concurrent Cleanup for Next Mark 9.837ms
[2020-12-09T10:53:54.440-0500][gc            ] GC(30) Concurrent Cycle 138.309ms
[2020-12-09T10:53:54.472-0500][gc,heap       ] GC(31) Heap before GC invocations=31 (full 0): garbage-first heap   total 148480K, used 89794K [0x0000000083000000, 0x0000000100000000)
[2020-12-09T10:53:54.472-0500][gc,heap       ] GC(31)   region size 1024K, 34 young (34816K), 3 survivors (3072K)
[2020-12-09T10:53:54.472-0500][gc,heap       ] GC(31)  Metaspace       used 23954K, capacity 25430K, committed 25600K, reserved 1071104K
[2020-12-09T10:53:54.472-0500][gc,heap       ] GC(31)   class space    used 2644K, capacity 3224K, committed 3328K, reserved 1048576K
[2020-12-09T10:53:54.472-0500][gc,start      ] GC(31) Pause Young (Normal) (G1 Evacuation Pause)
[2020-12-09T10:53:54.472-0500][gc,task       ] GC(31) Using 8 workers of 8 for evacuation
[2020-12-09T10:53:54.554-0500][gc,phases     ] GC(31)   Pre Evacuate Collection Set: 0.1ms
[2020-12-09T10:53:54.554-0500][gc,phases     ] GC(31)   Evacuate Collection Set: 28.9ms
[2020-12-09T10:53:54.554-0500][gc,phases     ] GC(31)   Post Evacuate Collection Set: 52.6ms
[2020-12-09T10:53:54.554-0500][gc,phases     ] GC(31)   Other: 0.5ms
[2020-12-09T10:53:54.554-0500][gc,heap       ] GC(31) Eden regions: 31->0(28)
[2020-12-09T10:53:54.554-0500][gc,heap       ] GC(31) Survivor regions: 3->5(5)
[2020-12-09T10:53:54.554-0500][gc,heap       ] GC(31) Old regions: 34->45
[2020-12-09T10:53:54.554-0500][gc,heap       ] GC(31) Humongous regions: 22->22
[2020-12-09T10:53:54.555-0500][gc,metaspace  ] GC(31) Metaspace: 23954K->23954K(1071104K)
[2020-12-09T10:53:54.555-0500][gc,heap       ] GC(31) Heap after GC invocations=32 (full 0): garbage-first heap   total 148480K, used 71543K [0x0000000083000000, 0x0000000100000000)
[2020-12-09T10:53:54.555-0500][gc,heap       ] GC(31)   region size 1024K, 5 young (5120K), 5 survivors (5120K)
[2020-12-09T10:53:54.555-0500][gc,heap       ] GC(31)  Metaspace       used 23954K, capacity 25430K, committed 25600K, reserved 1071104K
[2020-12-09T10:53:54.555-0500][gc,heap       ] GC(31)   class space    used 2644K, capacity 3224K, committed 3328K, reserved 1048576K
[2020-12-09T10:53:54.555-0500][gc            ] GC(31) Pause Young (Normal) (G1 Evacuation Pause) 88M->69M(145M) 82.239ms
[2020-12-09T10:53:54.555-0500][gc,cpu        ] GC(31) User=0.31s Sys=0.05s Real=0.08s
[2020-12-09T10:53:54.733-0500][gc,heap       ] GC(32) Heap before GC invocations=32 (full 0): garbage-first heap   total 148480K, used 100215K [0x0000000083000000, 0x0000000100000000)
[2020-12-09T10:53:54.733-0500][gc,heap       ] GC(32)   region size 1024K, 33 young (33792K), 5 survivors (5120K)
[2020-12-09T10:53:54.733-0500][gc,heap       ] GC(32)  Metaspace       used 24865K, capacity 26392K, committed 26624K, reserved 1073152K
[2020-12-09T10:53:54.733-0500][gc,heap       ] GC(32)   class space    used 2742K, capacity 3315K, committed 3328K, reserved 1048576K
[2020-12-09T10:53:54.733-0500][gc,start      ] GC(32) Pause Young (Concurrent Start) (G1 Evacuation Pause)
[2020-12-09T10:53:54.733-0500][gc,task       ] GC(32) Using 8 workers of 8 for evacuation
[2020-12-09T10:53:54.767-0500][gc,phases     ] GC(32)   Pre Evacuate Collection Set: 0.2ms
[2020-12-09T10:53:54.768-0500][gc,phases     ] GC(32)   Evacuate Collection Set: 34.1ms
[2020-12-09T10:53:54.768-0500][gc,phases     ] GC(32)   Post Evacuate Collection Set: 0.3ms
[2020-12-09T10:53:54.768-0500][gc,phases     ] GC(32)   Other: 0.4ms
[2020-12-09T10:53:54.768-0500][gc,heap       ] GC(32) Eden regions: 28->0(24)
[2020-12-09T10:53:54.768-0500][gc,heap       ] GC(32) Survivor regions: 5->5(5)
[2020-12-09T10:53:54.768-0500][gc,heap       ] GC(32) Old regions: 45->56
[2020-12-09T10:53:54.768-0500][gc,heap       ] GC(32) Humongous regions: 22->22
[2020-12-09T10:53:54.768-0500][gc,metaspace  ] GC(32) Metaspace: 24865K->24865K(1073152K)
[2020-12-09T10:53:54.768-0500][gc,heap       ] GC(32) Heap after GC invocations=33 (full 0): garbage-first heap   total 148480K, used 83080K [0x0000000083000000, 0x0000000100000000)
[2020-12-09T10:53:54.768-0500][gc,heap       ] GC(32)   region size 1024K, 5 young (5120K), 5 survivors (5120K)
[2020-12-09T10:53:54.768-0500][gc,heap       ] GC(32)  Metaspace       used 24865K, capacity 26392K, committed 26624K, reserved 1073152K
[2020-12-09T10:53:54.768-0500][gc,heap       ] GC(32)   class space    used 2742K, capacity 3315K, committed 3328K, reserved 1048576K
[2020-12-09T10:53:54.768-0500][gc            ] GC(32) Pause Young (Concurrent Start) (G1 Evacuation Pause) 97M->81M(145M) 35.059ms
[2020-12-09T10:53:54.768-0500][gc,cpu        ] GC(32) User=0.16s Sys=0.01s Real=0.04s
[2020-12-09T10:53:54.769-0500][gc            ] GC(33) Concurrent Cycle
[2020-12-09T10:53:54.769-0500][gc,marking    ] GC(33) Concurrent Clear Claimed Marks
[2020-12-09T10:53:54.769-0500][gc,marking    ] GC(33) Concurrent Clear Claimed Marks 0.147ms
[2020-12-09T10:53:54.769-0500][gc,marking    ] GC(33) Concurrent Scan Root Regions
[2020-12-09T10:53:54.785-0500][gc,marking    ] GC(33) Concurrent Scan Root Regions 15.273ms
[2020-12-09T10:53:54.787-0500][gc,marking    ] GC(33) Concurrent Mark (4.356s)
[2020-12-09T10:53:54.787-0500][gc,marking    ] GC(33) Concurrent Mark From Roots
[2020-12-09T10:53:54.787-0500][gc,task       ] GC(33) Using 2 workers of 2 for marking
[2020-12-09T10:53:54.940-0500][gc,marking    ] GC(33) Concurrent Mark From Roots 153.369ms
[2020-12-09T10:53:54.940-0500][gc,marking    ] GC(33) Concurrent Preclean
[2020-12-09T10:53:54.940-0500][gc,marking    ] GC(33) Concurrent Preclean 0.255ms
[2020-12-09T10:53:54.940-0500][gc,marking    ] GC(33) Concurrent Mark (4.356s, 4.509s) 153.740ms
[2020-12-09T10:53:54.941-0500][gc,start      ] GC(33) Pause Remark
[2020-12-09T10:53:54.948-0500][gc,stringtable] GC(33) Cleaned string and symbol table, strings: 12121 processed, 3 removed, symbols: 70142 processed, 6 removed
[2020-12-09T10:53:54.949-0500][gc            ] GC(33) Pause Remark 99M->99M(145M) 7.681ms
[2020-12-09T10:53:54.949-0500][gc,cpu        ] GC(33) User=0.03s Sys=0.01s Real=0.01s
[2020-12-09T10:53:54.949-0500][gc,marking    ] GC(33) Concurrent Rebuild Remembered Sets
[2020-12-09T10:53:54.991-0500][gc,marking    ] GC(33) Concurrent Rebuild Remembered Sets 41.885ms
[2020-12-09T10:53:54.991-0500][gc,start      ] GC(33) Pause Cleanup
[2020-12-09T10:53:54.992-0500][gc            ] GC(33) Pause Cleanup 101M->101M(145M) 0.254ms
[2020-12-09T10:53:54.992-0500][gc,cpu        ] GC(33) User=0.00s Sys=0.00s Real=0.00s
[2020-12-09T10:53:54.992-0500][gc,marking    ] GC(33) Concurrent Cleanup for Next Mark
[2020-12-09T10:53:54.992-0500][gc,marking    ] GC(33) Concurrent Cleanup for Next Mark 0.640ms
[2020-12-09T10:53:54.992-0500][gc            ] GC(33) Concurrent Cycle 223.415ms
[2020-12-09T10:53:55.036-0500][gc,heap       ] GC(34) Heap before GC invocations=34 (full 0): garbage-first heap   total 148480K, used 106632K [0x0000000083000000, 0x0000000100000000)
[2020-12-09T10:53:55.036-0500][gc,heap       ] GC(34)   region size 1024K, 29 young (29696K), 5 survivors (5120K)
[2020-12-09T10:53:55.036-0500][gc,heap       ] GC(34)  Metaspace       used 25757K, capacity 27293K, committed 27648K, reserved 1073152K
[2020-12-09T10:53:55.036-0500][gc,heap       ] GC(34)   class space    used 2873K, capacity 3464K, committed 3584K, reserved 1048576K
[2020-12-09T10:53:55.036-0500][gc,start      ] GC(34) Pause Young (Normal) (G1 Evacuation Pause)
[2020-12-09T10:53:55.036-0500][gc,task       ] GC(34) Using 8 workers of 8 for evacuation
[2020-12-09T10:53:55.076-0500][gc,phases     ] GC(34)   Pre Evacuate Collection Set: 0.1ms
[2020-12-09T10:53:55.077-0500][gc,phases     ] GC(34)   Evacuate Collection Set: 40.1ms
[2020-12-09T10:53:55.077-0500][gc,phases     ] GC(34)   Post Evacuate Collection Set: 0.4ms
[2020-12-09T10:53:55.077-0500][gc,phases     ] GC(34)   Other: 0.3ms
[2020-12-09T10:53:55.077-0500][gc,heap       ] GC(34) Eden regions: 24->0(24)
[2020-12-09T10:53:55.077-0500][gc,heap       ] GC(34) Survivor regions: 5->2(4)
[2020-12-09T10:53:55.077-0500][gc,heap       ] GC(34) Old regions: 56->62
[2020-12-09T10:53:55.077-0500][gc,heap       ] GC(34) Humongous regions: 22->22
[2020-12-09T10:53:55.077-0500][gc,metaspace  ] GC(34) Metaspace: 25757K->25757K(1073152K)
[2020-12-09T10:53:55.077-0500][gc,heap       ] GC(34) Heap after GC invocations=35 (full 0): garbage-first heap   total 148480K, used 85776K [0x0000000083000000, 0x0000000100000000)
[2020-12-09T10:53:55.077-0500][gc,heap       ] GC(34)   region size 1024K, 2 young (2048K), 2 survivors (2048K)
[2020-12-09T10:53:55.077-0500][gc,heap       ] GC(34)  Metaspace       used 25757K, capacity 27293K, committed 27648K, reserved 1073152K
[2020-12-09T10:53:55.077-0500][gc,heap       ] GC(34)   class space    used 2873K, capacity 3464K, committed 3584K, reserved 1048576K
[2020-12-09T10:53:55.077-0500][gc            ] GC(34) Pause Young (Normal) (G1 Evacuation Pause) 105M->83M(145M) 40.976ms
[2020-12-09T10:53:55.077-0500][gc,cpu        ] GC(34) User=0.21s Sys=0.02s Real=0.05s
[2020-12-09T10:53:55.092-0500][gc,heap       ] GC(35) Heap before GC invocations=35 (full 0): garbage-first heap   total 148480K, used 85776K [0x0000000083000000, 0x0000000100000000)
[2020-12-09T10:53:55.092-0500][gc,heap       ] GC(35)   region size 1024K, 3 young (3072K), 2 survivors (2048K)
[2020-12-09T10:53:55.092-0500][gc,heap       ] GC(35)  Metaspace       used 25793K, capacity 27293K, committed 27648K, reserved 1073152K
[2020-12-09T10:53:55.092-0500][gc,heap       ] GC(35)   class space    used 2878K, capacity 3464K, committed 3584K, reserved 1048576K
[2020-12-09T10:53:55.092-0500][gc,start      ] GC(35) Pause Young (Concurrent Start) (G1 Humongous Allocation)
[2020-12-09T10:53:55.093-0500][gc,task       ] GC(35) Using 8 workers of 8 for evacuation
[2020-12-09T10:53:55.112-0500][gc,phases     ] GC(35)   Pre Evacuate Collection Set: 0.2ms
[2020-12-09T10:53:55.112-0500][gc,phases     ] GC(35)   Evacuate Collection Set: 15.4ms
[2020-12-09T10:53:55.112-0500][gc,phases     ] GC(35)   Post Evacuate Collection Set: 3.9ms
[2020-12-09T10:53:55.112-0500][gc,phases     ] GC(35)   Other: 0.4ms
[2020-12-09T10:53:55.112-0500][gc,heap       ] GC(35) Eden regions: 1->0(109)
[2020-12-09T10:53:55.112-0500][gc,heap       ] GC(35) Survivor regions: 2->3(4)
[2020-12-09T10:53:55.112-0500][gc,heap       ] GC(35) Old regions: 62->62
[2020-12-09T10:53:55.112-0500][gc,heap       ] GC(35) Humongous regions: 22->22
[2020-12-09T10:53:55.112-0500][gc,metaspace  ] GC(35) Metaspace: 25793K->25793K(1073152K)
[2020-12-09T10:53:55.112-0500][gc,heap       ] GC(35) Heap after GC invocations=36 (full 0): garbage-first heap   total 441344K, used 86234K [0x0000000083000000, 0x0000000100000000)
[2020-12-09T10:53:55.112-0500][gc,heap       ] GC(35)   region size 1024K, 3 young (3072K), 3 survivors (3072K)
[2020-12-09T10:53:55.112-0500][gc,heap       ] GC(35)  Metaspace       used 25793K, capacity 27293K, committed 27648K, reserved 1073152K
[2020-12-09T10:53:55.112-0500][gc,heap       ] GC(35)   class space    used 2878K, capacity 3464K, committed 3584K, reserved 1048576K
[2020-12-09T10:53:55.112-0500][gc            ] GC(35) Pause Young (Concurrent Start) (G1 Humongous Allocation) 84M->84M(431M) 19.812ms
[2020-12-09T10:53:55.112-0500][gc,cpu        ] GC(35) User=0.07s Sys=0.01s Real=0.02s
[2020-12-09T10:53:55.112-0500][gc            ] GC(36) Concurrent Cycle
[2020-12-09T10:53:55.113-0500][gc,marking    ] GC(36) Concurrent Clear Claimed Marks
[2020-12-09T10:53:55.113-0500][gc,marking    ] GC(36) Concurrent Clear Claimed Marks 0.216ms
[2020-12-09T10:53:55.113-0500][gc,marking    ] GC(36) Concurrent Scan Root Regions
[2020-12-09T10:53:55.116-0500][gc,marking    ] GC(36) Concurrent Scan Root Regions 2.989ms
[2020-12-09T10:53:55.116-0500][gc,marking    ] GC(36) Concurrent Mark (4.685s)
[2020-12-09T10:53:55.116-0500][gc,marking    ] GC(36) Concurrent Mark From Roots
[2020-12-09T10:53:55.116-0500][gc,task       ] GC(36) Using 2 workers of 2 for marking
[2020-12-09T10:53:55.197-0500][gc,marking    ] GC(36) Concurrent Mark From Roots 80.785ms
[2020-12-09T10:53:55.197-0500][gc,marking    ] GC(36) Concurrent Preclean
[2020-12-09T10:53:55.197-0500][gc,marking    ] GC(36) Concurrent Preclean 0.189ms
[2020-12-09T10:53:55.197-0500][gc,marking    ] GC(36) Concurrent Mark (4.685s, 4.766s) 81.058ms
[2020-12-09T10:53:55.214-0500][gc,start      ] GC(36) Pause Remark
[2020-12-09T10:53:55.226-0500][gc,stringtable] GC(36) Cleaned string and symbol table, strings: 12246 processed, 0 removed, symbols: 71054 processed, 4 removed
[2020-12-09T10:53:55.227-0500][gc            ] GC(36) Pause Remark 92M->92M(431M) 12.504ms
[2020-12-09T10:53:55.228-0500][gc,cpu        ] GC(36) User=0.02s Sys=0.01s Real=0.02s
[2020-12-09T10:53:55.228-0500][gc,marking    ] GC(36) Concurrent Rebuild Remembered Sets
[2020-12-09T10:53:55.285-0500][gc,marking    ] GC(36) Concurrent Rebuild Remembered Sets 56.935ms
[2020-12-09T10:53:55.287-0500][gc,start      ] GC(36) Pause Cleanup
[2020-12-09T10:53:55.287-0500][gc            ] GC(36) Pause Cleanup 92M->92M(431M) 0.397ms
[2020-12-09T10:53:55.287-0500][gc,cpu        ] GC(36) User=0.00s Sys=0.00s Real=0.01s
[2020-12-09T10:53:55.287-0500][gc,marking    ] GC(36) Concurrent Cleanup for Next Mark
[2020-12-09T10:53:55.392-0500][gc,marking    ] GC(36) Concurrent Cleanup for Next Mark 105.030ms
[2020-12-09T10:53:55.392-0500][gc            ] GC(36) Concurrent Cycle 279.965ms
[2020-12-09T10:53:56.268-0500][gc,heap       ] GC(37) Heap before GC invocations=37 (full 0): garbage-first heap   total 441344K, used 110810K [0x0000000083000000, 0x0000000100000000)
[2020-12-09T10:53:56.268-0500][gc,heap       ] GC(37)   region size 1024K, 21 young (21504K), 3 survivors (3072K)
[2020-12-09T10:53:56.268-0500][gc,heap       ] GC(37)  Metaspace       used 26966K, capacity 28501K, committed 28800K, reserved 1075200K
[2020-12-09T10:53:56.268-0500][gc,heap       ] GC(37)   class space    used 2996K, capacity 3603K, committed 3712K, reserved 1048576K
[2020-12-09T10:53:56.268-0500][gc,start      ] GC(37) Pause Young (Normal) (G1 Evacuation Pause)
[2020-12-09T10:53:56.268-0500][gc,task       ] GC(37) Using 8 workers of 8 for evacuation
[2020-12-09T10:53:56.667-0500][gc,mmu        ] GC(37) MMU target violated: 201.0ms (200.0ms/201.0ms)
[2020-12-09T10:53:56.667-0500][gc,phases     ] GC(37)   Pre Evacuate Collection Set: 0.0ms
[2020-12-09T10:53:56.667-0500][gc,phases     ] GC(37)   Evacuate Collection Set: 398.3ms
[2020-12-09T10:53:56.667-0500][gc,phases     ] GC(37)   Post Evacuate Collection Set: 0.4ms
[2020-12-09T10:53:56.667-0500][gc,phases     ] GC(37)   Other: 0.4ms
[2020-12-09T10:53:56.667-0500][gc,heap       ] GC(37) Eden regions: 18->0(18)
[2020-12-09T10:53:56.667-0500][gc,heap       ] GC(37) Survivor regions: 3->3(3)
[2020-12-09T10:53:56.667-0500][gc,heap       ] GC(37) Old regions: 62->66
[2020-12-09T10:53:56.667-0500][gc,heap       ] GC(37) Humongous regions: 29->29
[2020-12-09T10:53:56.667-0500][gc,metaspace  ] GC(37) Metaspace: 26966K->26966K(1075200K)
[2020-12-09T10:53:56.667-0500][gc,heap       ] GC(37) Heap after GC invocations=38 (full 0): garbage-first heap   total 441344K, used 98489K [0x0000000083000000, 0x0000000100000000)
[2020-12-09T10:53:56.668-0500][gc,heap       ] GC(37)   region size 1024K, 3 young (3072K), 3 survivors (3072K)
[2020-12-09T10:53:56.668-0500][gc,heap       ] GC(37)  Metaspace       used 26966K, capacity 28501K, committed 28800K, reserved 1075200K
[2020-12-09T10:53:56.668-0500][gc,heap       ] GC(37)   class space    used 2996K, capacity 3603K, committed 3712K, reserved 1048576K
[2020-12-09T10:53:56.668-0500][gc            ] GC(37) Pause Young (Normal) (G1 Evacuation Pause) 109M->96M(431M) 399.140ms
[2020-12-09T10:53:56.668-0500][gc,cpu        ] GC(37) User=0.63s Sys=1.68s Real=0.40s
[2020-12-09T10:53:56.998-0500][gc,heap       ] GC(38) Heap before GC invocations=38 (full 0): garbage-first heap   total 441344K, used 121017K [0x0000000083000000, 0x0000000100000000)
[2020-12-09T10:53:56.998-0500][gc,heap       ] GC(38)   region size 1024K, 21 young (21504K), 3 survivors (3072K)
[2020-12-09T10:53:56.998-0500][gc,heap       ] GC(38)  Metaspace       used 27391K, capacity 28880K, committed 29056K, reserved 1075200K
[2020-12-09T10:53:56.998-0500][gc,heap       ] GC(38)   class space    used 3043K, capacity 3640K, committed 3712K, reserved 1048576K
[2020-12-09T10:53:56.998-0500][gc,start      ] GC(38) Pause Young (Normal) (G1 Evacuation Pause)
[2020-12-09T10:53:56.998-0500][gc,task       ] GC(38) Using 8 workers of 8 for evacuation
[2020-12-09T10:53:57.524-0500][gc,mmu        ] GC(38) MMU target violated: 201.0ms (200.0ms/201.0ms)
[2020-12-09T10:53:57.524-0500][gc,phases     ] GC(38)   Pre Evacuate Collection Set: 0.0ms
[2020-12-09T10:53:57.524-0500][gc,phases     ] GC(38)   Evacuate Collection Set: 524.3ms
[2020-12-09T10:53:57.524-0500][gc,phases     ] GC(38)   Post Evacuate Collection Set: 0.9ms
[2020-12-09T10:53:57.524-0500][gc,phases     ] GC(38)   Other: 0.4ms
[2020-12-09T10:53:57.524-0500][gc,heap       ] GC(38) Eden regions: 18->0(18)
[2020-12-09T10:53:57.524-0500][gc,heap       ] GC(38) Survivor regions: 3->3(3)
[2020-12-09T10:53:57.524-0500][gc,heap       ] GC(38) Old regions: 66->76
[2020-12-09T10:53:57.524-0500][gc,heap       ] GC(38) Humongous regions: 34->34
[2020-12-09T10:53:57.524-0500][gc,metaspace  ] GC(38) Metaspace: 27391K->27391K(1075200K)
[2020-12-09T10:53:57.524-0500][gc,heap       ] GC(38) Heap after GC invocations=39 (full 0): garbage-first heap   total 441344K, used 113726K [0x0000000083000000, 0x0000000100000000)
[2020-12-09T10:53:57.524-0500][gc,heap       ] GC(38)   region size 1024K, 3 young (3072K), 3 survivors (3072K)
[2020-12-09T10:53:57.524-0500][gc,heap       ] GC(38)  Metaspace       used 27391K, capacity 28880K, committed 29056K, reserved 1075200K
[2020-12-09T10:53:57.524-0500][gc,heap       ] GC(38)   class space    used 3043K, capacity 3640K, committed 3712K, reserved 1048576K
[2020-12-09T10:53:57.524-0500][gc            ] GC(38) Pause Young (Normal) (G1 Evacuation Pause) 119M->111M(431M) 525.993ms
[2020-12-09T10:53:57.524-0500][gc,cpu        ] GC(38) User=0.48s Sys=2.55s Real=0.52s
[2020-12-09T10:53:57.841-0500][gc,heap       ] GC(39) Heap before GC invocations=39 (full 0): garbage-first heap   total 441344K, used 131134K [0x0000000083000000, 0x0000000100000000)
[2020-12-09T10:53:57.841-0500][gc,heap       ] GC(39)   region size 1024K, 21 young (21504K), 3 survivors (3072K)
[2020-12-09T10:53:57.841-0500][gc,heap       ] GC(39)  Metaspace       used 27614K, capacity 29097K, committed 29312K, reserved 1075200K
[2020-12-09T10:53:57.841-0500][gc,heap       ] GC(39)   class space    used 3061K, capacity 3640K, committed 3712K, reserved 1048576K
[2020-12-09T10:53:57.841-0500][gc,start      ] GC(39) Pause Young (Normal) (G1 Evacuation Pause)
[2020-12-09T10:53:57.841-0500][gc,task       ] GC(39) Using 8 workers of 8 for evacuation
[2020-12-09T10:53:57.906-0500][gc,phases     ] GC(39)   Pre Evacuate Collection Set: 0.0ms
[2020-12-09T10:53:57.906-0500][gc,phases     ] GC(39)   Evacuate Collection Set: 41.6ms
[2020-12-09T10:53:57.906-0500][gc,phases     ] GC(39)   Post Evacuate Collection Set: 23.1ms
[2020-12-09T10:53:57.906-0500][gc,phases     ] GC(39)   Other: 0.3ms
[2020-12-09T10:53:57.906-0500][gc,heap       ] GC(39) Eden regions: 18->0(18)
[2020-12-09T10:53:57.906-0500][gc,heap       ] GC(39) Survivor regions: 3->3(3)
[2020-12-09T10:53:57.906-0500][gc,heap       ] GC(39) Old regions: 76->80
[2020-12-09T10:53:57.906-0500][gc,heap       ] GC(39) Humongous regions: 34->34
[2020-12-09T10:53:57.906-0500][gc,metaspace  ] GC(39) Metaspace: 27614K->27614K(1075200K)
[2020-12-09T10:53:57.906-0500][gc,heap       ] GC(39) Heap after GC invocations=40 (full 0): garbage-first heap   total 441344K, used 118071K [0x0000000083000000, 0x0000000100000000)
[2020-12-09T10:53:57.906-0500][gc,heap       ] GC(39)   region size 1024K, 3 young (3072K), 3 survivors (3072K)
[2020-12-09T10:53:57.906-0500][gc,heap       ] GC(39)  Metaspace       used 27614K, capacity 29097K, committed 29312K, reserved 1075200K
[2020-12-09T10:53:57.906-0500][gc,heap       ] GC(39)   class space    used 3061K, capacity 3640K, committed 3712K, reserved 1048576K
[2020-12-09T10:53:57.907-0500][gc            ] GC(39) Pause Young (Normal) (G1 Evacuation Pause) 129M->115M(431M) 65.164ms
[2020-12-09T10:53:57.907-0500][gc,cpu        ] GC(39) User=0.24s Sys=0.05s Real=0.06s
[2020-12-09T10:53:58.406-0500][gc,heap       ] GC(40) Heap before GC invocations=40 (full 0): garbage-first heap   total 441344K, used 135479K [0x0000000083000000, 0x0000000100000000)
[2020-12-09T10:53:58.406-0500][gc,heap       ] GC(40)   region size 1024K, 21 young (21504K), 3 survivors (3072K)
[2020-12-09T10:53:58.406-0500][gc,heap       ] GC(40)  Metaspace       used 27684K, capacity 29167K, committed 29312K, reserved 1075200K
[2020-12-09T10:53:58.406-0500][gc,heap       ] GC(40)   class space    used 3062K, capacity 3641K, committed 3712K, reserved 1048576K
[2020-12-09T10:53:58.406-0500][gc,start      ] GC(40) Pause Young (Normal) (G1 Evacuation Pause)
[2020-12-09T10:53:58.407-0500][gc,task       ] GC(40) Using 8 workers of 8 for evacuation
[2020-12-09T10:53:58.730-0500][gc,mmu        ] GC(40) MMU target violated: 201.0ms (200.0ms/201.0ms)
[2020-12-09T10:53:58.730-0500][gc,phases     ] GC(40)   Pre Evacuate Collection Set: 0.0ms
[2020-12-09T10:53:58.730-0500][gc,phases     ] GC(40)   Evacuate Collection Set: 15.3ms
[2020-12-09T10:53:58.730-0500][gc,phases     ] GC(40)   Post Evacuate Collection Set: 308.1ms
[2020-12-09T10:53:58.730-0500][gc,phases     ] GC(40)   Other: 0.6ms
[2020-12-09T10:53:58.730-0500][gc,heap       ] GC(40) Eden regions: 18->0(51)
[2020-12-09T10:53:58.730-0500][gc,heap       ] GC(40) Survivor regions: 3->1(3)
[2020-12-09T10:53:58.730-0500][gc,heap       ] GC(40) Old regions: 80->83
[2020-12-09T10:53:58.730-0500][gc,heap       ] GC(40) Humongous regions: 34->34
[2020-12-09T10:53:58.730-0500][gc,metaspace  ] GC(40) Metaspace: 27684K->27684K(1075200K)
[2020-12-09T10:53:58.730-0500][gc,heap       ] GC(40) Heap after GC invocations=41 (full 0): garbage-first heap   total 1084416K, used 118804K [0x0000000083000000, 0x0000000100000000)
[2020-12-09T10:53:58.730-0500][gc,heap       ] GC(40)   region size 1024K, 1 young (1024K), 1 survivors (1024K)
[2020-12-09T10:53:58.730-0500][gc,heap       ] GC(40)  Metaspace       used 27684K, capacity 29167K, committed 29312K, reserved 1075200K
[2020-12-09T10:53:58.730-0500][gc,heap       ] GC(40)   class space    used 3062K, capacity 3641K, committed 3712K, reserved 1048576K
[2020-12-09T10:53:58.730-0500][gc            ] GC(40) Pause Young (Normal) (G1 Evacuation Pause) 133M->116M(1059M) 323.938ms
[2020-12-09T10:53:58.730-0500][gc,cpu        ] GC(40) User=0.47s Sys=0.26s Real=0.33s
[2020-12-09T10:54:04.030-0500][gc,heap       ] GC(41) Heap before GC invocations=41 (full 0): garbage-first heap   total 1084416K, used 170004K [0x0000000083000000, 0x0000000100000000)
[2020-12-09T10:54:04.030-0500][gc,heap       ] GC(41)   region size 1024K, 52 young (53248K), 1 survivors (1024K)
[2020-12-09T10:54:04.030-0500][gc,heap       ] GC(41)  Metaspace       used 27975K, capacity 29452K, committed 29568K, reserved 1075200K
[2020-12-09T10:54:04.030-0500][gc,heap       ] GC(41)   class space    used 3088K, capacity 3685K, committed 3712K, reserved 1048576K
[2020-12-09T10:54:04.030-0500][gc,start      ] GC(41) Pause Young (Normal) (G1 Evacuation Pause)
[2020-12-09T10:54:04.030-0500][gc,task       ] GC(41) Using 8 workers of 8 for evacuation
[2020-12-09T10:54:04.054-0500][gc,phases     ] GC(41)   Pre Evacuate Collection Set: 0.1ms
[2020-12-09T10:54:04.054-0500][gc,phases     ] GC(41)   Evacuate Collection Set: 15.7ms
[2020-12-09T10:54:04.054-0500][gc,phases     ] GC(41)   Post Evacuate Collection Set: 7.4ms
[2020-12-09T10:54:04.054-0500][gc,phases     ] GC(41)   Other: 0.6ms
[2020-12-09T10:54:04.054-0500][gc,heap       ] GC(41) Eden regions: 51->0(50)
[2020-12-09T10:54:04.054-0500][gc,heap       ] GC(41) Survivor regions: 1->2(7)
[2020-12-09T10:54:04.054-0500][gc,heap       ] GC(41) Old regions: 83->83
[2020-12-09T10:54:04.054-0500][gc,heap       ] GC(41) Humongous regions: 34->34
[2020-12-09T10:54:04.054-0500][gc,metaspace  ] GC(41) Metaspace: 27975K->27975K(1075200K)
[2020-12-09T10:54:04.054-0500][gc,heap       ] GC(41) Heap after GC invocations=42 (full 0): garbage-first heap   total 1084416K, used 120184K [0x0000000083000000, 0x0000000100000000)
[2020-12-09T10:54:04.054-0500][gc,heap       ] GC(41)   region size 1024K, 2 young (2048K), 2 survivors (2048K)
[2020-12-09T10:54:04.054-0500][gc,heap       ] GC(41)  Metaspace       used 27975K, capacity 29452K, committed 29568K, reserved 1075200K
[2020-12-09T10:54:04.054-0500][gc,heap       ] GC(41)   class space    used 3088K, capacity 3685K, committed 3712K, reserved 1048576K
[2020-12-09T10:54:04.054-0500][gc            ] GC(41) Pause Young (Normal) (G1 Evacuation Pause) 167M->117M(1059M) 23.938ms
[2020-12-09T10:54:04.054-0500][gc,cpu        ] GC(41) User=0.08s Sys=0.02s Real=0.02s
[2020-12-09T10:54:24.356-0500][gc,heap       ] GC(42) Heap before GC invocations=42 (full 0): garbage-first heap   total 1084416K, used 170360K [0x0000000083000000, 0x0000000100000000)
[2020-12-09T10:54:24.356-0500][gc,heap       ] GC(42)   region size 1024K, 52 young (53248K), 2 survivors (2048K)
[2020-12-09T10:54:24.356-0500][gc,heap       ] GC(42)  Metaspace       used 29244K, capacity 30867K, committed 31104K, reserved 1077248K
[2020-12-09T10:54:24.356-0500][gc,heap       ] GC(42)   class space    used 3203K, capacity 3858K, committed 3968K, reserved 1048576K
[2020-12-09T10:54:24.356-0500][gc,start      ] GC(42) Pause Young (Normal) (G1 Evacuation Pause)
[2020-12-09T10:54:24.356-0500][gc,task       ] GC(42) Using 8 workers of 8 for evacuation
[2020-12-09T10:54:24.374-0500][gc,phases     ] GC(42)   Pre Evacuate Collection Set: 0.1ms
[2020-12-09T10:54:24.374-0500][gc,phases     ] GC(42)   Evacuate Collection Set: 10.2ms
[2020-12-09T10:54:24.374-0500][gc,phases     ] GC(42)   Post Evacuate Collection Set: 6.6ms
[2020-12-09T10:54:24.374-0500][gc,phases     ] GC(42)   Other: 0.5ms
[2020-12-09T10:54:24.374-0500][gc,heap       ] GC(42) Eden regions: 50->0(48)
[2020-12-09T10:54:24.374-0500][gc,heap       ] GC(42) Survivor regions: 2->4(7)
[2020-12-09T10:54:24.374-0500][gc,heap       ] GC(42) Old regions: 83->83
[2020-12-09T10:54:24.374-0500][gc,heap       ] GC(42) Humongous regions: 34->34
[2020-12-09T10:54:24.374-0500][gc,metaspace  ] GC(42) Metaspace: 29244K->29244K(1077248K)
[2020-12-09T10:54:24.374-0500][gc,heap       ] GC(42) Heap after GC invocations=43 (full 0): garbage-first heap   total 1084416K, used 122354K [0x0000000083000000, 0x0000000100000000)
[2020-12-09T10:54:24.374-0500][gc,heap       ] GC(42)   region size 1024K, 4 young (4096K), 4 survivors (4096K)
[2020-12-09T10:54:24.374-0500][gc,heap       ] GC(42)  Metaspace       used 29244K, capacity 30867K, committed 31104K, reserved 1077248K
[2020-12-09T10:54:24.374-0500][gc,heap       ] GC(42)   class space    used 3203K, capacity 3858K, committed 3968K, reserved 1048576K
[2020-12-09T10:54:24.374-0500][gc            ] GC(42) Pause Young (Normal) (G1 Evacuation Pause) 167M->119M(1059M) 17.515ms
[2020-12-09T10:54:24.374-0500][gc,cpu        ] GC(42) User=0.04s Sys=0.00s Real=0.02s
[2020-12-09T10:54:30.195-0500][gc,heap       ] GC(43) Heap before GC invocations=43 (full 0): garbage-first heap   total 1084416K, used 179698K [0x0000000083000000, 0x0000000100000000)
[2020-12-09T10:54:30.196-0500][gc,heap       ] GC(43)   region size 1024K, 52 young (53248K), 4 survivors (4096K)
[2020-12-09T10:54:30.196-0500][gc,heap       ] GC(43)  Metaspace       used 29575K, capacity 31299K, committed 31616K, reserved 1077248K
[2020-12-09T10:54:30.196-0500][gc,heap       ] GC(43)   class space    used 3234K, capacity 3890K, committed 3968K, reserved 1048576K
[2020-12-09T10:54:30.196-0500][gc,start      ] GC(43) Pause Young (Normal) (G1 Evacuation Pause)
[2020-12-09T10:54:30.196-0500][gc,task       ] GC(43) Using 8 workers of 8 for evacuation
[2020-12-09T10:54:30.212-0500][gc,phases     ] GC(43)   Pre Evacuate Collection Set: 0.1ms
[2020-12-09T10:54:30.212-0500][gc,phases     ] GC(43)   Evacuate Collection Set: 11.7ms
[2020-12-09T10:54:30.212-0500][gc,phases     ] GC(43)   Post Evacuate Collection Set: 4.0ms
[2020-12-09T10:54:30.212-0500][gc,phases     ] GC(43)   Other: 1.3ms
[2020-12-09T10:54:30.212-0500][gc,heap       ] GC(43) Eden regions: 48->0(59)
[2020-12-09T10:54:30.212-0500][gc,heap       ] GC(43) Survivor regions: 4->7(7)
[2020-12-09T10:54:30.212-0500][gc,heap       ] GC(43) Old regions: 83->84
[2020-12-09T10:54:30.212-0500][gc,heap       ] GC(43) Humongous regions: 43->34
[2020-12-09T10:54:30.212-0500][gc,metaspace  ] GC(43) Metaspace: 29575K->29575K(1077248K)
[2020-12-09T10:54:30.212-0500][gc,heap       ] GC(43) Heap after GC invocations=44 (full 0): garbage-first heap   total 1084416K, used 126054K [0x0000000083000000, 0x0000000100000000)
[2020-12-09T10:54:30.212-0500][gc,heap       ] GC(43)   region size 1024K, 7 young (7168K), 7 survivors (7168K)
[2020-12-09T10:54:30.212-0500][gc,heap       ] GC(43)  Metaspace       used 29575K, capacity 31299K, committed 31616K, reserved 1077248K
[2020-12-09T10:54:30.212-0500][gc,heap       ] GC(43)   class space    used 3234K, capacity 3890K, committed 3968K, reserved 1048576K
[2020-12-09T10:54:30.212-0500][gc            ] GC(43) Pause Young (Normal) (G1 Evacuation Pause) 176M->123M(1059M) 16.413ms
[2020-12-09T10:54:30.212-0500][gc,cpu        ] GC(43) User=0.04s Sys=0.00s Real=0.02s
[2020-12-09T10:54:35.541-0500][gc,heap       ] GC(44) Heap before GC invocations=44 (full 0): garbage-first heap   total 1084416K, used 206950K [0x0000000083000000, 0x0000000100000000)
[2020-12-09T10:54:35.541-0500][gc,heap       ] GC(44)   region size 1024K, 66 young (67584K), 7 survivors (7168K)
[2020-12-09T10:54:35.541-0500][gc,heap       ] GC(44)  Metaspace       used 29982K, capacity 31728K, committed 31872K, reserved 1077248K
[2020-12-09T10:54:35.541-0500][gc,heap       ] GC(44)   class space    used 3272K, capacity 3958K, committed 3968K, reserved 1048576K
[2020-12-09T10:54:35.541-0500][gc,start      ] GC(44) Pause Young (Normal) (G1 Evacuation Pause)
[2020-12-09T10:54:35.541-0500][gc,task       ] GC(44) Using 8 workers of 8 for evacuation
[2020-12-09T10:54:35.565-0500][gc,phases     ] GC(44)   Pre Evacuate Collection Set: 0.1ms
[2020-12-09T10:54:35.565-0500][gc,phases     ] GC(44)   Evacuate Collection Set: 13.5ms
[2020-12-09T10:54:35.565-0500][gc,phases     ] GC(44)   Post Evacuate Collection Set: 9.0ms
[2020-12-09T10:54:35.565-0500][gc,phases     ] GC(44)   Other: 1.0ms
[2020-12-09T10:54:35.565-0500][gc,heap       ] GC(44) Eden regions: 59->0(630)
[2020-12-09T10:54:35.565-0500][gc,heap       ] GC(44) Survivor regions: 7->5(9)
[2020-12-09T10:54:35.565-0500][gc,heap       ] GC(44) Old regions: 84->85
[2020-12-09T10:54:35.565-0500][gc,heap       ] GC(44) Humongous regions: 55->44
[2020-12-09T10:54:35.565-0500][gc,metaspace  ] GC(44) Metaspace: 29982K->29982K(1077248K)
[2020-12-09T10:54:35.565-0500][gc,heap       ] GC(44) Heap after GC invocations=45 (full 0): garbage-first heap   total 1084416K, used 134870K [0x0000000083000000, 0x0000000100000000)
[2020-12-09T10:54:35.565-0500][gc,heap       ] GC(44)   region size 1024K, 5 young (5120K), 5 survivors (5120K)
[2020-12-09T10:54:35.565-0500][gc,heap       ] GC(44)  Metaspace       used 29982K, capacity 31728K, committed 31872K, reserved 1077248K
[2020-12-09T10:54:35.565-0500][gc,heap       ] GC(44)   class space    used 3272K, capacity 3958K, committed 3968K, reserved 1048576K
[2020-12-09T10:54:35.565-0500][gc            ] GC(44) Pause Young (Normal) (G1 Evacuation Pause) 203M->131M(1059M) 23.861ms
[2020-12-09T10:54:35.565-0500][gc,cpu        ] GC(44) User=0.06s Sys=0.02s Real=0.02s
[2020-12-09T10:54:44.372-0500][gc,heap       ] GC(45) Heap before GC invocations=45 (full 0): garbage-first heap   total 1084416K, used 349910K [0x0000000083000000, 0x0000000100000000)
[2020-12-09T10:54:44.372-0500][gc,heap       ] GC(45)   region size 1024K, 192 young (196608K), 5 survivors (5120K)
[2020-12-09T10:54:44.372-0500][gc,heap       ] GC(45)  Metaspace       used 44389K, capacity 46251K, committed 46464K, reserved 1087488K
[2020-12-09T10:54:44.372-0500][gc,heap       ] GC(45)   class space    used 7065K, capacity 7784K, committed 7808K, reserved 1048576K
[2020-12-09T10:54:44.373-0500][gc,start      ] GC(45) Pause Young (Concurrent Start) (Metadata GC Threshold)
[2020-12-09T10:54:44.373-0500][gc,task       ] GC(45) Using 8 workers of 8 for evacuation
[2020-12-09T10:54:44.415-0500][gc,phases     ] GC(45)   Pre Evacuate Collection Set: 0.4ms
[2020-12-09T10:54:44.415-0500][gc,phases     ] GC(45)   Evacuate Collection Set: 32.2ms
[2020-12-09T10:54:44.415-0500][gc,phases     ] GC(45)   Post Evacuate Collection Set: 4.6ms
[2020-12-09T10:54:44.415-0500][gc,phases     ] GC(45)   Other: 5.4ms
[2020-12-09T10:54:44.415-0500][gc,heap       ] GC(45) Eden regions: 187->0(619)
[2020-12-09T10:54:44.415-0500][gc,heap       ] GC(45) Survivor regions: 5->16(80)
[2020-12-09T10:54:44.415-0500][gc,heap       ] GC(45) Old regions: 85->85
[2020-12-09T10:54:44.415-0500][gc,heap       ] GC(45) Humongous regions: 69->34
[2020-12-09T10:54:44.415-0500][gc,metaspace  ] GC(45) Metaspace: 44389K->44389K(1087488K)
[2020-12-09T10:54:44.415-0500][gc,heap       ] GC(45) Heap after GC invocations=46 (full 0): garbage-first heap   total 1084416K, used 136390K [0x0000000083000000, 0x0000000100000000)
[2020-12-09T10:54:44.415-0500][gc,heap       ] GC(45)   region size 1024K, 16 young (16384K), 16 survivors (16384K)
[2020-12-09T10:54:44.415-0500][gc,heap       ] GC(45)  Metaspace       used 44389K, capacity 46251K, committed 46464K, reserved 1087488K
[2020-12-09T10:54:44.415-0500][gc,heap       ] GC(45)   class space    used 7065K, capacity 7784K, committed 7808K, reserved 1048576K
[2020-12-09T10:54:44.416-0500][gc            ] GC(45) Pause Young (Concurrent Start) (Metadata GC Threshold) 343M->133M(1059M) 42.042ms
[2020-12-09T10:54:44.416-0500][gc,cpu        ] GC(45) User=0.16s Sys=0.03s Real=0.04s
[2020-12-09T10:54:44.417-0500][gc            ] GC(46) Concurrent Cycle
[2020-12-09T10:54:44.417-0500][gc,marking    ] GC(46) Concurrent Clear Claimed Marks
[2020-12-09T10:54:44.418-0500][gc,marking    ] GC(46) Concurrent Clear Claimed Marks 0.532ms
[2020-12-09T10:54:44.418-0500][gc,marking    ] GC(46) Concurrent Scan Root Regions
[2020-12-09T10:54:44.430-0500][gc,marking    ] GC(46) Concurrent Scan Root Regions 12.212ms
[2020-12-09T10:54:44.430-0500][gc,marking    ] GC(46) Concurrent Mark (53.999s)
[2020-12-09T10:54:44.430-0500][gc,marking    ] GC(46) Concurrent Mark From Roots
[2020-12-09T10:54:44.430-0500][gc,task       ] GC(46) Using 2 workers of 2 for marking
[2020-12-09T10:54:45.348-0500][gc,marking    ] GC(46) Concurrent Mark From Roots 918.166ms
[2020-12-09T10:54:45.348-0500][gc,marking    ] GC(46) Concurrent Preclean
[2020-12-09T10:54:45.349-0500][gc,marking    ] GC(46) Concurrent Preclean 1.218ms
[2020-12-09T10:54:45.349-0500][gc,marking    ] GC(46) Concurrent Mark (53.999s, 54.918s) 919.510ms
[2020-12-09T10:54:45.354-0500][gc,start      ] GC(46) Pause Remark
[2020-12-09T10:54:45.459-0500][gc,stringtable] GC(46) Cleaned string and symbol table, strings: 29125 processed, 9 removed, symbols: 112647 processed, 96 removed
[2020-12-09T10:54:45.464-0500][gc            ] GC(46) Pause Remark 252M->222M(1059M) 109.587ms
[2020-12-09T10:54:45.464-0500][gc,cpu        ] GC(46) User=0.14s Sys=0.16s Real=0.11s
[2020-12-09T10:54:45.464-0500][gc,marking    ] GC(46) Concurrent Rebuild Remembered Sets
[2020-12-09T10:54:45.573-0500][gc,marking    ] GC(46) Concurrent Rebuild Remembered Sets 109.428ms
[2020-12-09T10:54:45.574-0500][gc,start      ] GC(46) Pause Cleanup
[2020-12-09T10:54:45.575-0500][gc            ] GC(46) Pause Cleanup 236M->236M(1059M) 1.346ms
[2020-12-09T10:54:45.576-0500][gc,cpu        ] GC(46) User=0.00s Sys=0.00s Real=0.00s
[2020-12-09T10:54:45.576-0500][gc,marking    ] GC(46) Concurrent Cleanup for Next Mark
[2020-12-09T10:54:45.703-0500][gc,marking    ] GC(46) Concurrent Cleanup for Next Mark 126.914ms
[2020-12-09T10:54:45.703-0500][gc            ] GC(46) Concurrent Cycle 1285.948ms
[2020-12-09T10:54:46.455-0500][gc,task       ] GC(47) Using 8 workers of 8 for full compaction
[2020-12-09T10:54:46.455-0500][gc,start      ] GC(47) Pause Full (System.gc())
[2020-12-09T10:54:46.455-0500][gc,heap       ] GC(47) Heap before GC invocations=47 (full 0): garbage-first heap   total 1084416K, used 339142K [0x0000000083000000, 0x0000000100000000)
[2020-12-09T10:54:46.455-0500][gc,heap       ] GC(47)   region size 1024K, 246 young (251904K), 16 survivors (16384K)
[2020-12-09T10:54:46.455-0500][gc,heap       ] GC(47)  Metaspace       used 45911K, capacity 47912K, committed 47992K, reserved 1089536K
[2020-12-09T10:54:46.455-0500][gc,heap       ] GC(47)   class space    used 7203K, capacity 7990K, committed 8064K, reserved 1048576K
[2020-12-09T10:54:46.456-0500][gc,phases,start] GC(47) Phase 1: Mark live objects
[2020-12-09T10:54:46.525-0500][gc,stringtable ] GC(47) Cleaned string and symbol table, strings: 29435 processed, 385 removed, symbols: 114065 processed, 15 removed
[2020-12-09T10:54:46.525-0500][gc,phases      ] GC(47) Phase 1: Mark live objects 69.743ms
[2020-12-09T10:54:46.525-0500][gc,phases,start] GC(47) Phase 2: Prepare for compaction
[2020-12-09T10:54:46.541-0500][gc,phases      ] GC(47) Phase 2: Prepare for compaction 15.966ms
[2020-12-09T10:54:46.541-0500][gc,phases,start] GC(47) Phase 3: Adjust pointers
[2020-12-09T10:54:46.563-0500][gc,phases      ] GC(47) Phase 3: Adjust pointers 21.109ms
[2020-12-09T10:54:46.563-0500][gc,phases,start] GC(47) Phase 4: Compact heap
[2020-12-09T10:54:46.576-0500][gc,phases      ] GC(47) Phase 4: Compact heap 13.287ms
[2020-12-09T10:54:46.605-0500][gc,heap        ] GC(47) Eden regions: 230->0(9)
[2020-12-09T10:54:46.605-0500][gc,heap        ] GC(47) Survivor regions: 16->0(80)
[2020-12-09T10:54:46.605-0500][gc,heap        ] GC(47) Old regions: 85->47
[2020-12-09T10:54:46.605-0500][gc,heap        ] GC(47) Humongous regions: 4->4
[2020-12-09T10:54:46.605-0500][gc,metaspace   ] GC(47) Metaspace: 45911K->45793K(1089536K)
[2020-12-09T10:54:46.605-0500][gc,heap        ] GC(47) Heap after GC invocations=48 (full 1): garbage-first heap   total 74752K, used 47827K [0x0000000083000000, 0x0000000100000000)
[2020-12-09T10:54:46.605-0500][gc,heap        ] GC(47)   region size 1024K, 0 young (0K), 0 survivors (0K)
[2020-12-09T10:54:46.605-0500][gc,heap        ] GC(47)  Metaspace       used 45793K, capacity 47741K, committed 47992K, reserved 1089536K
[2020-12-09T10:54:46.605-0500][gc,heap        ] GC(47)   class space    used 7188K, capacity 7961K, committed 8064K, reserved 1048576K
[2020-12-09T10:54:46.605-0500][gc             ] GC(47) Pause Full (System.gc()) 333M->46M(73M) 150.247ms
[2020-12-09T10:54:46.605-0500][gc,cpu         ] GC(47) User=0.50s Sys=0.09s Real=0.15s
[2020-12-09T10:54:53.676-0500][gc,heap        ] GC(48) Heap before GC invocations=48 (full 1): garbage-first heap   total 74752K, used 56019K [0x0000000083000000, 0x0000000100000000)
[2020-12-09T10:54:53.677-0500][gc,heap        ] GC(48)   region size 1024K, 9 young (9216K), 0 survivors (0K)
[2020-12-09T10:54:53.677-0500][gc,heap        ] GC(48)  Metaspace       used 46825K, capacity 48975K, committed 49144K, reserved 1089536K
[2020-12-09T10:54:53.677-0500][gc,heap        ] GC(48)   class space    used 7322K, capacity 8095K, committed 8192K, reserved 1048576K
[2020-12-09T10:54:53.677-0500][gc,start       ] GC(48) Pause Young (Concurrent Start) (G1 Evacuation Pause)
[2020-12-09T10:54:53.677-0500][gc,task        ] GC(48) Using 8 workers of 8 for evacuation
[2020-12-09T10:54:53.679-0500][gc,phases      ] GC(48)   Pre Evacuate Collection Set: 0.2ms
[2020-12-09T10:54:53.679-0500][gc,phases      ] GC(48)   Evacuate Collection Set: 1.5ms
[2020-12-09T10:54:53.679-0500][gc,phases      ] GC(48)   Post Evacuate Collection Set: 1.0ms
[2020-12-09T10:54:53.679-0500][gc,phases      ] GC(48)   Other: 0.2ms
[2020-12-09T10:54:53.679-0500][gc,heap        ] GC(48) Eden regions: 9->0(8)
[2020-12-09T10:54:53.679-0500][gc,heap        ] GC(48) Survivor regions: 0->2(2)
[2020-12-09T10:54:53.679-0500][gc,heap        ] GC(48) Old regions: 47->47
[2020-12-09T10:54:53.679-0500][gc,heap        ] GC(48) Humongous regions: 4->4
[2020-12-09T10:54:53.679-0500][gc,metaspace   ] GC(48) Metaspace: 46825K->46825K(1089536K)
[2020-12-09T10:54:53.679-0500][gc,heap        ] GC(48) Heap after GC invocations=49 (full 1): garbage-first heap   total 74752K, used 49520K [0x0000000083000000, 0x0000000100000000)
[2020-12-09T10:54:53.679-0500][gc,heap        ] GC(48)   region size 1024K, 2 young (2048K), 2 survivors (2048K)
[2020-12-09T10:54:53.679-0500][gc,heap        ] GC(48)  Metaspace       used 46825K, capacity 48975K, committed 49144K, reserved 1089536K
[2020-12-09T10:54:53.679-0500][gc,heap        ] GC(48)   class space    used 7322K, capacity 8095K, committed 8192K, reserved 1048576K
[2020-12-09T10:54:53.679-0500][gc             ] GC(48) Pause Young (Concurrent Start) (G1 Evacuation Pause) 55M->48M(73M) 2.921ms
[2020-12-09T10:54:53.680-0500][gc,cpu         ] GC(48) User=0.00s Sys=0.01s Real=0.01s
[2020-12-09T10:54:53.680-0500][gc             ] GC(49) Concurrent Cycle
[2020-12-09T10:54:53.680-0500][gc,marking     ] GC(49) Concurrent Clear Claimed Marks
[2020-12-09T10:54:53.680-0500][gc,marking     ] GC(49) Concurrent Clear Claimed Marks 0.086ms
[2020-12-09T10:54:53.680-0500][gc,marking     ] GC(49) Concurrent Scan Root Regions
[2020-12-09T10:54:53.681-0500][gc,marking     ] GC(49) Concurrent Scan Root Regions 1.256ms
[2020-12-09T10:54:53.681-0500][gc,marking     ] GC(49) Concurrent Mark (63.250s)
[2020-12-09T10:54:53.681-0500][gc,marking     ] GC(49) Concurrent Mark From Roots
[2020-12-09T10:54:53.681-0500][gc,task        ] GC(49) Using 2 workers of 2 for marking
[2020-12-09T10:54:53.733-0500][gc,marking     ] GC(49) Concurrent Mark From Roots 51.587ms
[2020-12-09T10:54:53.733-0500][gc,marking     ] GC(49) Concurrent Preclean
[2020-12-09T10:54:53.733-0500][gc,marking     ] GC(49) Concurrent Preclean 0.134ms
[2020-12-09T10:54:53.733-0500][gc,marking     ] GC(49) Concurrent Mark (63.250s, 63.302s) 51.796ms
[2020-12-09T10:54:53.733-0500][gc,start       ] GC(49) Pause Remark
[2020-12-09T10:54:53.739-0500][gc,stringtable ] GC(49) Cleaned string and symbol table, strings: 29349 processed, 0 removed, symbols: 116052 processed, 62 removed
[2020-12-09T10:54:53.740-0500][gc             ] GC(49) Pause Remark 50M->50M(73M) 6.400ms
[2020-12-09T10:54:53.740-0500][gc,cpu         ] GC(49) User=0.03s Sys=0.00s Real=0.01s
[2020-12-09T10:54:53.740-0500][gc,marking     ] GC(49) Concurrent Rebuild Remembered Sets
[2020-12-09T10:54:53.764-0500][gc,marking     ] GC(49) Concurrent Rebuild Remembered Sets 23.926ms
[2020-12-09T10:54:53.764-0500][gc,start       ] GC(49) Pause Cleanup
[2020-12-09T10:54:53.764-0500][gc             ] GC(49) Pause Cleanup 50M->50M(73M) 0.205ms
[2020-12-09T10:54:53.764-0500][gc,cpu         ] GC(49) User=0.00s Sys=0.00s Real=0.00s
[2020-12-09T10:54:53.764-0500][gc,marking     ] GC(49) Concurrent Cleanup for Next Mark
[2020-12-09T10:54:53.765-0500][gc,marking     ] GC(49) Concurrent Cleanup for Next Mark 1.057ms
[2020-12-09T10:54:53.765-0500][gc             ] GC(49) Concurrent Cycle 85.779ms
[2020-12-09T10:55:29.867-0500][gc,heap        ] GC(50) Heap before GC invocations=50 (full 1): garbage-first heap   total 74752K, used 56688K [0x0000000083000000, 0x0000000100000000)
[2020-12-09T10:55:29.867-0500][gc,heap        ] GC(50)   region size 1024K, 10 young (10240K), 2 survivors (2048K)
[2020-12-09T10:55:29.867-0500][gc,heap        ] GC(50)  Metaspace       used 47190K, capacity 49486K, committed 49784K, reserved 1091584K
[2020-12-09T10:55:29.867-0500][gc,heap        ] GC(50)   class space    used 7405K, capacity 8246K, committed 8320K, reserved 1048576K
[2020-12-09T10:55:29.867-0500][gc,start       ] GC(50) Pause Young (Normal) (G1 Evacuation Pause)
[2020-12-09T10:55:29.867-0500][gc,task        ] GC(50) Using 8 workers of 8 for evacuation
[2020-12-09T10:55:29.871-0500][gc,phases      ] GC(50)   Pre Evacuate Collection Set: 0.0ms
[2020-12-09T10:55:29.871-0500][gc,phases      ] GC(50)   Evacuate Collection Set: 1.5ms
[2020-12-09T10:55:29.871-0500][gc,phases      ] GC(50)   Post Evacuate Collection Set: 3.0ms
[2020-12-09T10:55:29.872-0500][gc,phases      ] GC(50)   Other: 0.2ms
[2020-12-09T10:55:29.872-0500][gc,heap        ] GC(50) Eden regions: 8->0(9)
[2020-12-09T10:55:29.872-0500][gc,heap        ] GC(50) Survivor regions: 2->1(2)
[2020-12-09T10:55:29.872-0500][gc,heap        ] GC(50) Old regions: 47->47
[2020-12-09T10:55:29.872-0500][gc,heap        ] GC(50) Humongous regions: 4->4
[2020-12-09T10:55:29.872-0500][gc,metaspace   ] GC(50) Metaspace: 47190K->47190K(1091584K)
[2020-12-09T10:55:29.872-0500][gc,heap        ] GC(50) Heap after GC invocations=51 (full 1): garbage-first heap   total 74752K, used 48749K [0x0000000083000000, 0x0000000100000000)
[2020-12-09T10:55:29.872-0500][gc,heap        ] GC(50)   region size 1024K, 1 young (1024K), 1 survivors (1024K)
[2020-12-09T10:55:29.872-0500][gc,heap        ] GC(50)  Metaspace       used 47190K, capacity 49486K, committed 49784K, reserved 1091584K
[2020-12-09T10:55:29.872-0500][gc,heap        ] GC(50)   class space    used 7405K, capacity 8246K, committed 8320K, reserved 1048576K
[2020-12-09T10:55:29.872-0500][gc             ] GC(50) Pause Young (Normal) (G1 Evacuation Pause) 56M->47M(73M) 5.155ms
[2020-12-09T10:55:29.872-0500][gc,cpu         ] GC(50) User=0.02s Sys=0.01s Real=0.00s
[2020-12-09T10:56:40.381-0500][gc,heap        ] GC(51) Heap before GC invocations=51 (full 1): garbage-first heap   total 74752K, used 56941K [0x0000000083000000, 0x0000000100000000)
[2020-12-09T10:56:40.381-0500][gc,heap        ] GC(51)   region size 1024K, 10 young (10240K), 1 survivors (1024K)
[2020-12-09T10:56:40.381-0500][gc,heap        ] GC(51)  Metaspace       used 47438K, capacity 49798K, committed 50040K, reserved 1091584K
[2020-12-09T10:56:40.381-0500][gc,heap        ] GC(51)   class space    used 7439K, capacity 8308K, committed 8320K, reserved 1048576K
[2020-12-09T10:56:40.381-0500][gc,start       ] GC(51) Pause Young (Concurrent Start) (G1 Evacuation Pause)
[2020-12-09T10:56:40.381-0500][gc,task        ] GC(51) Using 8 workers of 8 for evacuation
[2020-12-09T10:56:40.386-0500][gc,phases      ] GC(51)   Pre Evacuate Collection Set: 0.2ms
[2020-12-09T10:56:40.386-0500][gc,phases      ] GC(51)   Evacuate Collection Set: 1.8ms
[2020-12-09T10:56:40.386-0500][gc,phases      ] GC(51)   Post Evacuate Collection Set: 2.7ms
[2020-12-09T10:56:40.386-0500][gc,phases      ] GC(51)   Other: 0.3ms
[2020-12-09T10:56:40.386-0500][gc,heap        ] GC(51) Eden regions: 9->0(9)
[2020-12-09T10:56:40.386-0500][gc,heap        ] GC(51) Survivor regions: 1->1(2)
[2020-12-09T10:56:40.386-0500][gc,heap        ] GC(51) Old regions: 47->47
[2020-12-09T10:56:40.386-0500][gc,heap        ] GC(51) Humongous regions: 4->4
[2020-12-09T10:56:40.386-0500][gc,metaspace   ] GC(51) Metaspace: 47438K->47438K(1091584K)
[2020-12-09T10:56:40.386-0500][gc,heap        ] GC(51) Heap after GC invocations=52 (full 1): garbage-first heap   total 74752K, used 48636K [0x0000000083000000, 0x0000000100000000)
[2020-12-09T10:56:40.386-0500][gc,heap        ] GC(51)   region size 1024K, 1 young (1024K), 1 survivors (1024K)
[2020-12-09T10:56:40.386-0500][gc,heap        ] GC(51)  Metaspace       used 47438K, capacity 49798K, committed 50040K, reserved 1091584K
[2020-12-09T10:56:40.386-0500][gc,heap        ] GC(51)   class space    used 7439K, capacity 8308K, committed 8320K, reserved 1048576K
[2020-12-09T10:56:40.386-0500][gc             ] GC(51) Pause Young (Concurrent Start) (G1 Evacuation Pause) 56M->47M(73M) 5.070ms
[2020-12-09T10:56:40.386-0500][gc,cpu         ] GC(51) User=0.01s Sys=0.00s Real=0.00s
[2020-12-09T10:56:40.386-0500][gc             ] GC(52) Concurrent Cycle
[2020-12-09T10:56:40.386-0500][gc,marking     ] GC(52) Concurrent Clear Claimed Marks
[2020-12-09T10:56:40.386-0500][gc,marking     ] GC(52) Concurrent Clear Claimed Marks 0.102ms
[2020-12-09T10:56:40.386-0500][gc,marking     ] GC(52) Concurrent Scan Root Regions
[2020-12-09T10:56:40.388-0500][gc,marking     ] GC(52) Concurrent Scan Root Regions 1.485ms
[2020-12-09T10:56:40.388-0500][gc,marking     ] GC(52) Concurrent Mark (169.957s)
[2020-12-09T10:56:40.388-0500][gc,marking     ] GC(52) Concurrent Mark From Roots
[2020-12-09T10:56:40.388-0500][gc,task        ] GC(52) Using 2 workers of 2 for marking
[2020-12-09T10:56:40.429-0500][gc,marking     ] GC(52) Concurrent Mark From Roots 41.211ms
[2020-12-09T10:56:40.429-0500][gc,marking     ] GC(52) Concurrent Preclean
[2020-12-09T10:56:40.429-0500][gc,marking     ] GC(52) Concurrent Preclean 0.125ms
[2020-12-09T10:56:40.429-0500][gc,marking     ] GC(52) Concurrent Mark (169.957s, 169.998s) 41.415ms
[2020-12-09T10:56:40.430-0500][gc,start       ] GC(52) Pause Remark
[2020-12-09T10:56:40.437-0500][gc,stringtable ] GC(52) Cleaned string and symbol table, strings: 29389 processed, 0 removed, symbols: 116057 processed, 0 removed
[2020-12-09T10:56:40.437-0500][gc             ] GC(52) Pause Remark 47M->47M(73M) 7.548ms
[2020-12-09T10:56:40.437-0500][gc,cpu         ] GC(52) User=0.03s Sys=0.00s Real=0.01s
[2020-12-09T10:56:40.437-0500][gc,marking     ] GC(52) Concurrent Rebuild Remembered Sets
[2020-12-09T10:56:40.457-0500][gc,marking     ] GC(52) Concurrent Rebuild Remembered Sets 19.517ms
[2020-12-09T10:56:40.457-0500][gc,start       ] GC(52) Pause Cleanup
[2020-12-09T10:56:40.457-0500][gc             ] GC(52) Pause Cleanup 47M->47M(73M) 0.216ms
[2020-12-09T10:56:40.457-0500][gc,cpu         ] GC(52) User=0.00s Sys=0.00s Real=0.00s
[2020-12-09T10:56:40.458-0500][gc,marking     ] GC(52) Concurrent Cleanup for Next Mark
[2020-12-09T10:56:40.458-0500][gc,marking     ] GC(52) Concurrent Cleanup for Next Mark 0.159ms
[2020-12-09T10:56:40.458-0500][gc             ] GC(52) Concurrent Cycle 71.548ms
[2020-12-09T10:58:10.903-0500][gc,heap        ] GC(53) Heap before GC invocations=53 (full 1): garbage-first heap   total 74752K, used 57852K [0x0000000083000000, 0x0000000100000000)
[2020-12-09T10:58:10.903-0500][gc,heap        ] GC(53)   region size 1024K, 10 young (10240K), 1 survivors (1024K)
[2020-12-09T10:58:10.903-0500][gc,heap        ] GC(53)  Metaspace       used 47496K, capacity 49862K, committed 50040K, reserved 1091584K
[2020-12-09T10:58:10.903-0500][gc,heap        ] GC(53)   class space    used 7439K, capacity 8308K, committed 8320K, reserved 1048576K
[2020-12-09T10:58:10.903-0500][gc,start       ] GC(53) Pause Young (Normal) (G1 Evacuation Pause)
[2020-12-09T10:58:10.903-0500][gc,task        ] GC(53) Using 8 workers of 8 for evacuation
[2020-12-09T10:58:10.905-0500][gc,phases      ] GC(53)   Pre Evacuate Collection Set: 0.0ms
[2020-12-09T10:58:10.905-0500][gc,phases      ] GC(53)   Evacuate Collection Set: 1.2ms
[2020-12-09T10:58:10.905-0500][gc,phases      ] GC(53)   Post Evacuate Collection Set: 0.9ms
[2020-12-09T10:58:10.905-0500][gc,phases      ] GC(53)   Other: 0.2ms
[2020-12-09T10:58:10.905-0500][gc,heap        ] GC(53) Eden regions: 9->0(9)
[2020-12-09T10:58:10.905-0500][gc,heap        ] GC(53) Survivor regions: 1->1(2)
[2020-12-09T10:58:10.905-0500][gc,heap        ] GC(53) Old regions: 47->47
[2020-12-09T10:58:10.905-0500][gc,heap        ] GC(53) Humongous regions: 4->4
[2020-12-09T10:58:10.905-0500][gc,metaspace   ] GC(53) Metaspace: 47496K->47496K(1091584K)
[2020-12-09T10:58:10.905-0500][gc,heap        ] GC(53) Heap after GC invocations=54 (full 1): garbage-first heap   total 74752K, used 48602K [0x0000000083000000, 0x0000000100000000)
[2020-12-09T10:58:10.905-0500][gc,heap        ] GC(53)   region size 1024K, 1 young (1024K), 1 survivors (1024K)
[2020-12-09T10:58:10.905-0500][gc,heap        ] GC(53)  Metaspace       used 47496K, capacity 49862K, committed 50040K, reserved 1091584K
[2020-12-09T10:58:10.906-0500][gc,heap        ] GC(53)   class space    used 7439K, capacity 8308K, committed 8320K, reserved 1048576K
[2020-12-09T10:58:10.906-0500][gc             ] GC(53) Pause Young (Normal) (G1 Evacuation Pause) 56M->47M(73M) 2.405ms
[2020-12-09T10:58:10.906-0500][gc,cpu         ] GC(53) User=0.00s Sys=0.00s Real=0.00s
[2020-12-09T10:58:52.014-0500][gc,task        ] GC(54) Using 5 workers of 8 for full compaction
[2020-12-09T10:58:52.014-0500][gc,start       ] GC(54) Pause Full (System.gc())
[2020-12-09T10:58:52.014-0500][gc,heap        ] GC(54) Heap before GC invocations=54 (full 1): garbage-first heap   total 74752K, used 51674K [0x0000000083000000, 0x0000000100000000)
[2020-12-09T10:58:52.014-0500][gc,heap        ] GC(54)   region size 1024K, 5 young (5120K), 1 survivors (1024K)
[2020-12-09T10:58:52.014-0500][gc,heap        ] GC(54)  Metaspace       used 47506K, capacity 49866K, committed 50040K, reserved 1091584K
[2020-12-09T10:58:52.014-0500][gc,heap        ] GC(54)   class space    used 7439K, capacity 8308K, committed 8320K, reserved 1048576K
[2020-12-09T10:58:52.014-0500][gc,phases,start] GC(54) Phase 1: Mark live objects
[2020-12-09T10:58:52.059-0500][gc,stringtable ] GC(54) Cleaned string and symbol table, strings: 29411 processed, 5 removed, symbols: 116057 processed, 0 removed
[2020-12-09T10:58:52.059-0500][gc,phases      ] GC(54) Phase 1: Mark live objects 44.817ms
[2020-12-09T10:58:52.059-0500][gc,phases,start] GC(54) Phase 2: Prepare for compaction
[2020-12-09T10:58:52.064-0500][gc,phases      ] GC(54) Phase 2: Prepare for compaction 4.530ms
[2020-12-09T10:58:52.064-0500][gc,phases,start] GC(54) Phase 3: Adjust pointers
[2020-12-09T10:58:52.077-0500][gc,phases      ] GC(54) Phase 3: Adjust pointers 13.286ms
[2020-12-09T10:58:52.077-0500][gc,phases,start] GC(54) Phase 4: Compact heap
[2020-12-09T10:58:52.083-0500][gc,phases      ] GC(54) Phase 4: Compact heap 5.911ms
[2020-12-09T10:58:52.089-0500][gc,heap        ] GC(54) Eden regions: 4->0(10)
[2020-12-09T10:58:52.089-0500][gc,heap        ] GC(54) Survivor regions: 1->0(2)
[2020-12-09T10:58:52.089-0500][gc,heap        ] GC(54) Old regions: 47->47
[2020-12-09T10:58:52.089-0500][gc,heap        ] GC(54) Humongous regions: 4->4
[2020-12-09T10:58:52.089-0500][gc,metaspace   ] GC(54) Metaspace: 47506K->47506K(1091584K)
[2020-12-09T10:58:52.089-0500][gc,heap        ] GC(54) Heap after GC invocations=55 (full 2): garbage-first heap   total 74752K, used 48218K [0x0000000083000000, 0x0000000100000000)
[2020-12-09T10:58:52.089-0500][gc,heap        ] GC(54)   region size 1024K, 0 young (0K), 0 survivors (0K)
[2020-12-09T10:58:52.089-0500][gc,heap        ] GC(54)  Metaspace       used 47506K, capacity 49866K, committed 50040K, reserved 1091584K
[2020-12-09T10:58:52.089-0500][gc,heap        ] GC(54)   class space    used 7439K, capacity 8308K, committed 8320K, reserved 1048576K
[2020-12-09T10:58:52.089-0500][gc             ] GC(54) Pause Full (System.gc()) 51M->47M(73M) 75.304ms
[2020-12-09T10:58:52.089-0500][gc,cpu         ] GC(54) User=0.28s Sys=0.03s Real=0.08s
[2020-12-09T11:00:32.098-0500][gc,heap        ] GC(55) Heap before GC invocations=55 (full 2): garbage-first heap   total 74752K, used 57434K [0x0000000083000000, 0x0000000100000000)
[2020-12-09T11:00:32.098-0500][gc,heap        ] GC(55)   region size 1024K, 10 young (10240K), 0 survivors (0K)
[2020-12-09T11:00:32.098-0500][gc,heap        ] GC(55)  Metaspace       used 47602K, capacity 49974K, committed 50040K, reserved 1091584K
[2020-12-09T11:00:32.098-0500][gc,heap        ] GC(55)   class space    used 7446K, capacity 8320K, committed 8320K, reserved 1048576K
[2020-12-09T11:00:32.098-0500][gc,start       ] GC(55) Pause Young (Concurrent Start) (G1 Evacuation Pause)
[2020-12-09T11:00:32.098-0500][gc,task        ] GC(55) Using 8 workers of 8 for evacuation
[2020-12-09T11:00:32.100-0500][gc,phases      ] GC(55)   Pre Evacuate Collection Set: 0.3ms
[2020-12-09T11:00:32.101-0500][gc,phases      ] GC(55)   Evacuate Collection Set: 1.2ms
[2020-12-09T11:00:32.101-0500][gc,phases      ] GC(55)   Post Evacuate Collection Set: 1.1ms
[2020-12-09T11:00:32.101-0500][gc,phases      ] GC(55)   Other: 0.3ms
[2020-12-09T11:00:32.101-0500][gc,heap        ] GC(55) Eden regions: 10->0(10)
[2020-12-09T11:00:32.101-0500][gc,heap        ] GC(55) Survivor regions: 0->1(2)
[2020-12-09T11:00:32.101-0500][gc,heap        ] GC(55) Old regions: 47->47
[2020-12-09T11:00:32.101-0500][gc,heap        ] GC(55) Humongous regions: 4->4
[2020-12-09T11:00:32.101-0500][gc,metaspace   ] GC(55) Metaspace: 47602K->47602K(1091584K)
[2020-12-09T11:00:32.101-0500][gc,heap        ] GC(55) Heap after GC invocations=56 (full 2): garbage-first heap   total 74752K, used 48468K [0x0000000083000000, 0x0000000100000000)
[2020-12-09T11:00:32.101-0500][gc,heap        ] GC(55)   region size 1024K, 1 young (1024K), 1 survivors (1024K)
[2020-12-09T11:00:32.101-0500][gc,heap        ] GC(55)  Metaspace       used 47602K, capacity 49974K, committed 50040K, reserved 1091584K
[2020-12-09T11:00:32.101-0500][gc,heap        ] GC(55)   class space    used 7446K, capacity 8320K, committed 8320K, reserved 1048576K
[2020-12-09T11:00:32.101-0500][gc             ] GC(55) Pause Young (Concurrent Start) (G1 Evacuation Pause) 57M->47M(73M) 3.007ms
[2020-12-09T11:00:32.101-0500][gc,cpu         ] GC(55) User=0.00s Sys=0.00s Real=0.00s
[2020-12-09T11:00:32.101-0500][gc             ] GC(56) Concurrent Cycle
[2020-12-09T11:00:32.101-0500][gc,marking     ] GC(56) Concurrent Clear Claimed Marks
[2020-12-09T11:00:32.101-0500][gc,marking     ] GC(56) Concurrent Clear Claimed Marks 0.149ms
[2020-12-09T11:00:32.101-0500][gc,marking     ] GC(56) Concurrent Scan Root Regions
[2020-12-09T11:00:32.102-0500][gc,marking     ] GC(56) Concurrent Scan Root Regions 0.726ms
[2020-12-09T11:00:32.102-0500][gc,marking     ] GC(56) Concurrent Mark (401.671s)
[2020-12-09T11:00:32.102-0500][gc,marking     ] GC(56) Concurrent Mark From Roots
[2020-12-09T11:00:32.102-0500][gc,task        ] GC(56) Using 2 workers of 2 for marking
[2020-12-09T11:00:32.146-0500][gc,marking     ] GC(56) Concurrent Mark From Roots 44.467ms
[2020-12-09T11:00:32.146-0500][gc,marking     ] GC(56) Concurrent Preclean
[2020-12-09T11:00:32.146-0500][gc,marking     ] GC(56) Concurrent Preclean 0.157ms
[2020-12-09T11:00:32.146-0500][gc,marking     ] GC(56) Concurrent Mark (401.671s, 401.715s) 44.709ms
[2020-12-09T11:00:32.147-0500][gc,start       ] GC(56) Pause Remark
[2020-12-09T11:00:32.153-0500][gc,stringtable ] GC(56) Cleaned string and symbol table, strings: 29438 processed, 0 removed, symbols: 116057 processed, 0 removed
[2020-12-09T11:00:32.153-0500][gc             ] GC(56) Pause Remark 47M->47M(73M) 6.355ms
[2020-12-09T11:00:32.153-0500][gc,cpu         ] GC(56) User=0.03s Sys=0.01s Real=0.00s
[2020-12-09T11:00:32.153-0500][gc,marking     ] GC(56) Concurrent Rebuild Remembered Sets
[2020-12-09T11:00:32.176-0500][gc,marking     ] GC(56) Concurrent Rebuild Remembered Sets 22.484ms
[2020-12-09T11:00:32.176-0500][gc,start       ] GC(56) Pause Cleanup
[2020-12-09T11:00:32.176-0500][gc             ] GC(56) Pause Cleanup 47M->47M(73M) 0.267ms
[2020-12-09T11:00:32.177-0500][gc,cpu         ] GC(56) User=0.00s Sys=0.00s Real=0.00s
[2020-12-09T11:00:32.177-0500][gc,marking     ] GC(56) Concurrent Cleanup for Next Mark
[2020-12-09T11:00:32.177-0500][gc,marking     ] GC(56) Concurrent Cleanup for Next Mark 0.203ms
[2020-12-09T11:00:32.177-0500][gc             ] GC(56) Concurrent Cycle 76.039ms
[2020-12-09T11:02:12.646-0500][gc,heap        ] GC(57) Heap before GC invocations=57 (full 2): garbage-first heap   total 74752K, used 57684K [0x0000000083000000, 0x0000000100000000)
[2020-12-09T11:02:12.646-0500][gc,heap        ] GC(57)   region size 1024K, 11 young (11264K), 1 survivors (1024K)
[2020-12-09T11:02:12.646-0500][gc,heap        ] GC(57)  Metaspace       used 47720K, capacity 50112K, committed 50424K, reserved 1091584K
[2020-12-09T11:02:12.646-0500][gc,heap        ] GC(57)   class space    used 7458K, capacity 8343K, committed 8448K, reserved 1048576K
[2020-12-09T11:02:12.646-0500][gc,start       ] GC(57) Pause Young (Normal) (G1 Evacuation Pause)
[2020-12-09T11:02:12.646-0500][gc,task        ] GC(57) Using 8 workers of 8 for evacuation
[2020-12-09T11:02:12.649-0500][gc,phases      ] GC(57)   Pre Evacuate Collection Set: 0.0ms
[2020-12-09T11:02:12.649-0500][gc,phases      ] GC(57)   Evacuate Collection Set: 1.3ms
[2020-12-09T11:02:12.649-0500][gc,phases      ] GC(57)   Post Evacuate Collection Set: 1.3ms
[2020-12-09T11:02:12.649-0500][gc,phases      ] GC(57)   Other: 0.3ms
[2020-12-09T11:02:12.649-0500][gc,heap        ] GC(57) Eden regions: 10->0(10)
[2020-12-09T11:02:12.649-0500][gc,heap        ] GC(57) Survivor regions: 1->1(2)
[2020-12-09T11:02:12.649-0500][gc,heap        ] GC(57) Old regions: 47->47
[2020-12-09T11:02:12.649-0500][gc,heap        ] GC(57) Humongous regions: 4->4
[2020-12-09T11:02:12.649-0500][gc,metaspace   ] GC(57) Metaspace: 47720K->47720K(1091584K)
[2020-12-09T11:02:12.649-0500][gc,heap        ] GC(57) Heap after GC invocations=58 (full 2): garbage-first heap   total 74752K, used 48376K [0x0000000083000000, 0x0000000100000000)
[2020-12-09T11:02:12.649-0500][gc,heap        ] GC(57)   region size 1024K, 1 young (1024K), 1 survivors (1024K)
[2020-12-09T11:02:12.649-0500][gc,heap        ] GC(57)  Metaspace       used 47720K, capacity 50112K, committed 50424K, reserved 1091584K
[2020-12-09T11:02:12.649-0500][gc,heap        ] GC(57)   class space    used 7458K, capacity 8343K, committed 8448K, reserved 1048576K
[2020-12-09T11:02:12.649-0500][gc             ] GC(57) Pause Young (Normal) (G1 Evacuation Pause) 57M->47M(73M) 3.176ms
[2020-12-09T11:02:12.650-0500][gc,cpu         ] GC(57) User=0.01s Sys=0.01s Real=0.01s
[2020-12-09T11:03:52.011-0500][gc,task        ] GC(58) Using 5 workers of 8 for full compaction
[2020-12-09T11:03:52.011-0500][gc,start       ] GC(58) Pause Full (System.gc())
[2020-12-09T11:03:52.011-0500][gc,heap        ] GC(58) Heap before GC invocations=58 (full 2): garbage-first heap   total 74752K, used 56568K [0x0000000083000000, 0x0000000100000000)
[2020-12-09T11:03:52.011-0500][gc,heap        ] GC(58)   region size 1024K, 11 young (11264K), 1 survivors (1024K)
[2020-12-09T11:03:52.011-0500][gc,heap        ] GC(58)  Metaspace       used 47744K, capacity 50112K, committed 50424K, reserved 1091584K
[2020-12-09T11:03:52.011-0500][gc,heap        ] GC(58)   class space    used 7458K, capacity 8343K, committed 8448K, reserved 1048576K
[2020-12-09T11:03:52.011-0500][gc,phases,start] GC(58) Phase 1: Mark live objects
[2020-12-09T11:03:52.040-0500][gc,stringtable ] GC(58) Cleaned string and symbol table, strings: 29467 processed, 5 removed, symbols: 116103 processed, 0 removed
[2020-12-09T11:03:52.041-0500][gc,phases      ] GC(58) Phase 1: Mark live objects 29.389ms
[2020-12-09T11:03:52.041-0500][gc,phases,start] GC(58) Phase 2: Prepare for compaction
[2020-12-09T11:03:52.046-0500][gc,phases      ] GC(58) Phase 2: Prepare for compaction 5.404ms
[2020-12-09T11:03:52.046-0500][gc,phases,start] GC(58) Phase 3: Adjust pointers
[2020-12-09T11:03:52.063-0500][gc,phases      ] GC(58) Phase 3: Adjust pointers 16.596ms
[2020-12-09T11:03:52.063-0500][gc,phases,start] GC(58) Phase 4: Compact heap
[2020-12-09T11:03:52.069-0500][gc,phases      ] GC(58) Phase 4: Compact heap 6.697ms
[2020-12-09T11:03:52.076-0500][gc,heap        ] GC(58) Eden regions: 10->0(10)
[2020-12-09T11:03:52.076-0500][gc,heap        ] GC(58) Survivor regions: 1->0(2)
[2020-12-09T11:03:52.076-0500][gc,heap        ] GC(58) Old regions: 47->48
[2020-12-09T11:03:52.076-0500][gc,heap        ] GC(58) Humongous regions: 4->4
[2020-12-09T11:03:52.076-0500][gc,metaspace   ] GC(58) Metaspace: 47744K->47744K(1091584K)
[2020-12-09T11:03:52.076-0500][gc,heap        ] GC(58) Heap after GC invocations=59 (full 3): garbage-first heap   total 74752K, used 48256K [0x0000000083000000, 0x0000000100000000)
[2020-12-09T11:03:52.076-0500][gc,heap        ] GC(58)   region size 1024K, 0 young (0K), 0 survivors (0K)
[2020-12-09T11:03:52.076-0500][gc,heap        ] GC(58)  Metaspace       used 47744K, capacity 50112K, committed 50424K, reserved 1091584K
[2020-12-09T11:03:52.076-0500][gc,heap        ] GC(58)   class space    used 7458K, capacity 8343K, committed 8448K, reserved 1048576K
[2020-12-09T11:03:52.076-0500][gc             ] GC(58) Pause Full (System.gc()) 56M->47M(73M) 64.969ms
[2020-12-09T11:03:52.076-0500][gc,cpu         ] GC(58) User=0.26s Sys=0.01s Real=0.06s
[2020-12-09T11:05:32.675-0500][gc,heap        ] GC(59) Heap before GC invocations=59 (full 3): garbage-first heap   total 74752K, used 57472K [0x0000000083000000, 0x0000000100000000)
[2020-12-09T11:05:32.675-0500][gc,heap        ] GC(59)   region size 1024K, 10 young (10240K), 0 survivors (0K)
[2020-12-09T11:05:32.675-0500][gc,heap        ] GC(59)  Metaspace       used 47792K, capacity 50240K, committed 50424K, reserved 1091584K
[2020-12-09T11:05:32.675-0500][gc,heap        ] GC(59)   class space    used 7458K, capacity 8343K, committed 8448K, reserved 1048576K
[2020-12-09T11:05:32.675-0500][gc,start       ] GC(59) Pause Young (Concurrent Start) (G1 Evacuation Pause)
[2020-12-09T11:05:32.675-0500][gc,task        ] GC(59) Using 8 workers of 8 for evacuation
[2020-12-09T11:05:32.678-0500][gc,phases      ] GC(59)   Pre Evacuate Collection Set: 0.3ms
[2020-12-09T11:05:32.678-0500][gc,phases      ] GC(59)   Evacuate Collection Set: 1.2ms
[2020-12-09T11:05:32.678-0500][gc,phases      ] GC(59)   Post Evacuate Collection Set: 1.1ms
[2020-12-09T11:05:32.678-0500][gc,phases      ] GC(59)   Other: 0.2ms
[2020-12-09T11:05:32.678-0500][gc,heap        ] GC(59) Eden regions: 10->0(10)
[2020-12-09T11:05:32.678-0500][gc,heap        ] GC(59) Survivor regions: 0->1(2)
[2020-12-09T11:05:32.678-0500][gc,heap        ] GC(59) Old regions: 48->48
[2020-12-09T11:05:32.678-0500][gc,heap        ] GC(59) Humongous regions: 4->4
[2020-12-09T11:05:32.678-0500][gc,metaspace   ] GC(59) Metaspace: 47792K->47792K(1091584K)
[2020-12-09T11:05:32.678-0500][gc,heap        ] GC(59) Heap after GC invocations=60 (full 3): garbage-first heap   total 74752K, used 48376K [0x0000000083000000, 0x0000000100000000)
[2020-12-09T11:05:32.678-0500][gc,heap        ] GC(59)   region size 1024K, 1 young (1024K), 1 survivors (1024K)
[2020-12-09T11:05:32.678-0500][gc,heap        ] GC(59)  Metaspace       used 47792K, capacity 50240K, committed 50424K, reserved 1091584K
[2020-12-09T11:05:32.678-0500][gc,heap        ] GC(59)   class space    used 7458K, capacity 8343K, committed 8448K, reserved 1048576K
[2020-12-09T11:05:32.678-0500][gc             ] GC(59) Pause Young (Concurrent Start) (G1 Evacuation Pause) 57M->47M(73M) 2.891ms
[2020-12-09T11:05:32.678-0500][gc,cpu         ] GC(59) User=0.00s Sys=0.00s Real=0.01s
[2020-12-09T11:05:32.678-0500][gc             ] GC(60) Concurrent Cycle
[2020-12-09T11:05:32.678-0500][gc,marking     ] GC(60) Concurrent Clear Claimed Marks
[2020-12-09T11:05:32.678-0500][gc,marking     ] GC(60) Concurrent Clear Claimed Marks 0.253ms
[2020-12-09T11:05:32.678-0500][gc,marking     ] GC(60) Concurrent Scan Root Regions
[2020-12-09T11:05:32.680-0500][gc,marking     ] GC(60) Concurrent Scan Root Regions 1.164ms
[2020-12-09T11:05:32.680-0500][gc,marking     ] GC(60) Concurrent Mark (702.249s)
[2020-12-09T11:05:32.680-0500][gc,marking     ] GC(60) Concurrent Mark From Roots
[2020-12-09T11:05:32.680-0500][gc,task        ] GC(60) Using 2 workers of 2 for marking
[2020-12-09T11:05:32.734-0500][gc,marking     ] GC(60) Concurrent Mark From Roots 54.745ms
[2020-12-09T11:05:32.734-0500][gc,marking     ] GC(60) Concurrent Preclean
[2020-12-09T11:05:32.735-0500][gc,marking     ] GC(60) Concurrent Preclean 0.132ms
[2020-12-09T11:05:32.735-0500][gc,marking     ] GC(60) Concurrent Mark (702.249s, 702.304s) 54.951ms
[2020-12-09T11:05:32.735-0500][gc,start       ] GC(60) Pause Remark
[2020-12-09T11:05:32.741-0500][gc,stringtable ] GC(60) Cleaned string and symbol table, strings: 29491 processed, 0 removed, symbols: 116103 processed, 0 removed
[2020-12-09T11:05:32.742-0500][gc             ] GC(60) Pause Remark 47M->47M(73M) 6.651ms
[2020-12-09T11:05:32.742-0500][gc,cpu         ] GC(60) User=0.03s Sys=0.00s Real=0.01s
[2020-12-09T11:05:32.742-0500][gc,marking     ] GC(60) Concurrent Rebuild Remembered Sets
[2020-12-09T11:05:32.765-0500][gc,marking     ] GC(60) Concurrent Rebuild Remembered Sets 23.131ms
[2020-12-09T11:05:32.765-0500][gc,start       ] GC(60) Pause Cleanup
[2020-12-09T11:05:32.766-0500][gc             ] GC(60) Pause Cleanup 47M->47M(73M) 0.198ms
[2020-12-09T11:05:32.766-0500][gc,cpu         ] GC(60) User=0.00s Sys=0.00s Real=0.00s
[2020-12-09T11:05:32.766-0500][gc,marking     ] GC(60) Concurrent Cleanup for Next Mark
[2020-12-09T11:05:32.766-0500][gc,marking     ] GC(60) Concurrent Cleanup for Next Mark 0.164ms
[2020-12-09T11:05:32.766-0500][gc             ] GC(60) Concurrent Cycle 87.836ms
[2020-12-09T11:07:19.750-0500][gc,heap        ] GC(61) Heap before GC invocations=61 (full 3): garbage-first heap   total 74752K, used 58594K [0x0000000083000000, 0x0000000100000000)
[2020-12-09T11:07:19.750-0500][gc,heap        ] GC(61)   region size 1024K, 11 young (11264K), 1 survivors (1024K)
[2020-12-09T11:07:19.750-0500][gc,heap        ] GC(61)  Metaspace       used 47809K, capacity 50304K, committed 50680K, reserved 1091584K
[2020-12-09T11:07:19.750-0500][gc,heap        ] GC(61)   class space    used 7458K, capacity 8343K, committed 8448K, reserved 1048576K
[2020-12-09T11:07:19.750-0500][gc,start       ] GC(61) Pause Young (Normal) (G1 Evacuation Pause)
[2020-12-09T11:07:19.750-0500][gc,task        ] GC(61) Using 8 workers of 8 for evacuation
[2020-12-09T11:07:19.753-0500][gc,phases      ] GC(61)   Pre Evacuate Collection Set: 0.0ms
[2020-12-09T11:07:19.753-0500][gc,phases      ] GC(61)   Evacuate Collection Set: 0.8ms
[2020-12-09T11:07:19.753-0500][gc,phases      ] GC(61)   Post Evacuate Collection Set: 2.0ms
[2020-12-09T11:07:19.753-0500][gc,phases      ] GC(61)   Other: 0.2ms
[2020-12-09T11:07:19.753-0500][gc,heap        ] GC(61) Eden regions: 10->0(11)
[2020-12-09T11:07:19.753-0500][gc,heap        ] GC(61) Survivor regions: 1->1(2)
[2020-12-09T11:07:19.753-0500][gc,heap        ] GC(61) Old regions: 47->47
[2020-12-09T11:07:19.753-0500][gc,heap        ] GC(61) Humongous regions: 4->4
[2020-12-09T11:07:19.753-0500][gc,metaspace   ] GC(61) Metaspace: 47809K->47809K(1091584K)
[2020-12-09T11:07:19.753-0500][gc,heap        ] GC(61) Heap after GC invocations=62 (full 3): garbage-first heap   total 74752K, used 48333K [0x0000000083000000, 0x0000000100000000)
[2020-12-09T11:07:19.753-0500][gc,heap        ] GC(61)   region size 1024K, 1 young (1024K), 1 survivors (1024K)
[2020-12-09T11:07:19.753-0500][gc,heap        ] GC(61)  Metaspace       used 47809K, capacity 50304K, committed 50680K, reserved 1091584K
[2020-12-09T11:07:19.753-0500][gc,heap        ] GC(61)   class space    used 7458K, capacity 8343K, committed 8448K, reserved 1048576K
[2020-12-09T11:07:19.753-0500][gc             ] GC(61) Pause Young (Normal) (G1 Evacuation Pause) 57M->47M(73M) 3.287ms
[2020-12-09T11:07:19.753-0500][gc,cpu         ] GC(61) User=0.01s Sys=0.00s Real=0.00s
[2020-12-09T11:08:52.013-0500][gc,task        ] GC(62) Using 5 workers of 8 for full compaction
[2020-12-09T11:08:52.013-0500][gc,start       ] GC(62) Pause Full (System.gc())
[2020-12-09T11:08:52.013-0500][gc,heap        ] GC(62) Heap before GC invocations=62 (full 3): garbage-first heap   total 74752K, used 55501K [0x0000000083000000, 0x0000000100000000)
[2020-12-09T11:08:52.013-0500][gc,heap        ] GC(62)   region size 1024K, 10 young (10240K), 1 survivors (1024K)
[2020-12-09T11:08:52.013-0500][gc,heap        ] GC(62)  Metaspace       used 47813K, capacity 50305K, committed 50680K, reserved 1091584K
[2020-12-09T11:08:52.013-0500][gc,heap        ] GC(62)   class space    used 7458K, capacity 8343K, committed 8448K, reserved 1048576K
[2020-12-09T11:08:52.013-0500][gc,phases,start] GC(62) Phase 1: Mark live objects
[2020-12-09T11:08:52.040-0500][gc,stringtable ] GC(62) Cleaned string and symbol table, strings: 29539 processed, 4 removed, symbols: 116103 processed, 0 removed
[2020-12-09T11:08:52.040-0500][gc,phases      ] GC(62) Phase 1: Mark live objects 26.245ms
[2020-12-09T11:08:52.040-0500][gc,phases,start] GC(62) Phase 2: Prepare for compaction
[2020-12-09T11:08:52.044-0500][gc,phases      ] GC(62) Phase 2: Prepare for compaction 4.678ms
[2020-12-09T11:08:52.044-0500][gc,phases,start] GC(62) Phase 3: Adjust pointers
[2020-12-09T11:08:52.064-0500][gc,phases      ] GC(62) Phase 3: Adjust pointers 19.209ms
[2020-12-09T11:08:52.064-0500][gc,phases,start] GC(62) Phase 4: Compact heap
[2020-12-09T11:08:52.068-0500][gc,phases      ] GC(62) Phase 4: Compact heap 4.738ms
[2020-12-09T11:08:52.075-0500][gc,heap        ] GC(62) Eden regions: 9->0(11)
[2020-12-09T11:08:52.075-0500][gc,heap        ] GC(62) Survivor regions: 1->0(2)
[2020-12-09T11:08:52.075-0500][gc,heap        ] GC(62) Old regions: 47->48
[2020-12-09T11:08:52.075-0500][gc,heap        ] GC(62) Humongous regions: 4->4
[2020-12-09T11:08:52.075-0500][gc,metaspace   ] GC(62) Metaspace: 47813K->47813K(1091584K)
[2020-12-09T11:08:52.075-0500][gc,heap        ] GC(62) Heap after GC invocations=63 (full 4): garbage-first heap   total 74752K, used 48259K [0x0000000083000000, 0x0000000100000000)
[2020-12-09T11:08:52.075-0500][gc,heap        ] GC(62)   region size 1024K, 0 young (0K), 0 survivors (0K)
[2020-12-09T11:08:52.075-0500][gc,heap        ] GC(62)  Metaspace       used 47813K, capacity 50305K, committed 50680K, reserved 1091584K
[2020-12-09T11:08:52.075-0500][gc,heap        ] GC(62)   class space    used 7458K, capacity 8343K, committed 8448K, reserved 1048576K
[2020-12-09T11:08:52.075-0500][gc             ] GC(62) Pause Full (System.gc()) 55M->47M(73M) 61.879ms
[2020-12-09T11:08:52.075-0500][gc,cpu         ] GC(62) User=0.25s Sys=0.01s Real=0.06s
[2020-12-09T11:10:42.646-0500][gc,heap        ] GC(63) Heap before GC invocations=63 (full 4): garbage-first heap   total 74752K, used 58499K [0x0000000083000000, 0x0000000100000000)
[2020-12-09T11:10:42.646-0500][gc,heap        ] GC(63)   region size 1024K, 11 young (11264K), 0 survivors (0K)
[2020-12-09T11:10:42.646-0500][gc,heap        ] GC(63)  Metaspace       used 47840K, capacity 50305K, committed 50680K, reserved 1091584K
[2020-12-09T11:10:42.646-0500][gc,heap        ] GC(63)   class space    used 7458K, capacity 8343K, committed 8448K, reserved 1048576K
[2020-12-09T11:10:42.646-0500][gc,start       ] GC(63) Pause Young (Concurrent Start) (G1 Evacuation Pause)
[2020-12-09T11:10:42.646-0500][gc,task        ] GC(63) Using 8 workers of 8 for evacuation
[2020-12-09T11:10:42.648-0500][gc,phases      ] GC(63)   Pre Evacuate Collection Set: 0.2ms
[2020-12-09T11:10:42.648-0500][gc,phases      ] GC(63)   Evacuate Collection Set: 1.2ms
[2020-12-09T11:10:42.648-0500][gc,phases      ] GC(63)   Post Evacuate Collection Set: 0.8ms
[2020-12-09T11:10:42.648-0500][gc,phases      ] GC(63)   Other: 0.3ms
[2020-12-09T11:10:42.648-0500][gc,heap        ] GC(63) Eden regions: 11->0(10)
[2020-12-09T11:10:42.648-0500][gc,heap        ] GC(63) Survivor regions: 0->1(2)
[2020-12-09T11:10:42.648-0500][gc,heap        ] GC(63) Old regions: 48->48
[2020-12-09T11:10:42.648-0500][gc,heap        ] GC(63) Humongous regions: 4->4
[2020-12-09T11:10:42.648-0500][gc,metaspace   ] GC(63) Metaspace: 47840K->47840K(1091584K)
[2020-12-09T11:10:42.649-0500][gc,heap        ] GC(63) Heap after GC invocations=64 (full 4): garbage-first heap   total 74752K, used 48342K [0x0000000083000000, 0x0000000100000000)
[2020-12-09T11:10:42.649-0500][gc,heap        ] GC(63)   region size 1024K, 1 young (1024K), 1 survivors (1024K)
[2020-12-09T11:10:42.649-0500][gc,heap        ] GC(63)  Metaspace       used 47840K, capacity 50305K, committed 50680K, reserved 1091584K
[2020-12-09T11:10:42.649-0500][gc,heap        ] GC(63)   class space    used 7458K, capacity 8343K, committed 8448K, reserved 1048576K
[2020-12-09T11:10:42.649-0500][gc             ] GC(63) Pause Young (Concurrent Start) (G1 Evacuation Pause) 58M->47M(73M) 2.565ms
[2020-12-09T11:10:42.649-0500][gc,cpu         ] GC(63) User=0.01s Sys=0.00s Real=0.01s
[2020-12-09T11:10:42.649-0500][gc             ] GC(64) Concurrent Cycle
[2020-12-09T11:10:42.649-0500][gc,marking     ] GC(64) Concurrent Clear Claimed Marks
[2020-12-09T11:10:42.649-0500][gc,marking     ] GC(64) Concurrent Clear Claimed Marks 0.051ms
[2020-12-09T11:10:42.649-0500][gc,marking     ] GC(64) Concurrent Scan Root Regions
[2020-12-09T11:10:42.649-0500][gc,marking     ] GC(64) Concurrent Scan Root Regions 0.533ms
[2020-12-09T11:10:42.649-0500][gc,marking     ] GC(64) Concurrent Mark (1012.218s)
[2020-12-09T11:10:42.649-0500][gc,marking     ] GC(64) Concurrent Mark From Roots
[2020-12-09T11:10:42.649-0500][gc,task        ] GC(64) Using 2 workers of 2 for marking
[2020-12-09T11:10:42.690-0500][gc,marking     ] GC(64) Concurrent Mark From Roots 40.271ms
[2020-12-09T11:10:42.690-0500][gc,marking     ] GC(64) Concurrent Preclean
[2020-12-09T11:10:42.690-0500][gc,marking     ] GC(64) Concurrent Preclean 0.136ms
[2020-12-09T11:10:42.690-0500][gc,marking     ] GC(64) Concurrent Mark (1012.218s, 1012.259s) 40.485ms
[2020-12-09T11:10:42.690-0500][gc,start       ] GC(64) Pause Remark
[2020-12-09T11:10:42.696-0500][gc,stringtable ] GC(64) Cleaned string and symbol table, strings: 29544 processed, 0 removed, symbols: 116103 processed, 0 removed
[2020-12-09T11:10:42.696-0500][gc             ] GC(64) Pause Remark 47M->47M(73M) 6.145ms
[2020-12-09T11:10:42.696-0500][gc,cpu         ] GC(64) User=0.03s Sys=0.00s Real=0.00s
[2020-12-09T11:10:42.697-0500][gc,marking     ] GC(64) Concurrent Rebuild Remembered Sets
[2020-12-09T11:10:42.720-0500][gc,marking     ] GC(64) Concurrent Rebuild Remembered Sets 23.107ms
[2020-12-09T11:10:42.720-0500][gc,start       ] GC(64) Pause Cleanup
[2020-12-09T11:10:42.721-0500][gc             ] GC(64) Pause Cleanup 47M->47M(73M) 0.332ms
[2020-12-09T11:10:42.721-0500][gc,cpu         ] GC(64) User=0.00s Sys=0.00s Real=0.00s
[2020-12-09T11:10:42.721-0500][gc,marking     ] GC(64) Concurrent Cleanup for Next Mark
[2020-12-09T11:10:42.721-0500][gc,marking     ] GC(64) Concurrent Cleanup for Next Mark 0.229ms
[2020-12-09T11:10:42.721-0500][gc             ] GC(64) Concurrent Cycle 72.279ms
[2020-12-09T11:12:32.646-0500][gc,heap        ] GC(65) Heap before GC invocations=65 (full 4): garbage-first heap   total 74752K, used 57544K [0x0000000083000000, 0x0000000100000000)
[2020-12-09T11:12:32.646-0500][gc,heap        ] GC(65)   region size 1024K, 11 young (11264K), 1 survivors (1024K)
[2020-12-09T11:12:32.646-0500][gc,heap        ] GC(65)  Metaspace       used 47884K, capacity 50323K, committed 50680K, reserved 1091584K
[2020-12-09T11:12:32.646-0500][gc,heap        ] GC(65)   class space    used 7458K, capacity 8343K, committed 8448K, reserved 1048576K
[2020-12-09T11:12:32.646-0500][gc,start       ] GC(65) Pause Young (Normal) (G1 Evacuation Pause)
[2020-12-09T11:12:32.646-0500][gc,task        ] GC(65) Using 8 workers of 8 for evacuation
[2020-12-09T11:12:32.661-0500][gc,phases      ] GC(65)   Pre Evacuate Collection Set: 0.0ms
[2020-12-09T11:12:32.661-0500][gc,phases      ] GC(65)   Evacuate Collection Set: 1.3ms
[2020-12-09T11:12:32.661-0500][gc,phases      ] GC(65)   Post Evacuate Collection Set: 13.2ms
[2020-12-09T11:12:32.661-0500][gc,phases      ] GC(65)   Other: 0.2ms
[2020-12-09T11:12:32.661-0500][gc,heap        ] GC(65) Eden regions: 10->0(12)
[2020-12-09T11:12:32.661-0500][gc,heap        ] GC(65) Survivor regions: 1->1(2)
[2020-12-09T11:12:32.661-0500][gc,heap        ] GC(65) Old regions: 46->46
[2020-12-09T11:12:32.661-0500][gc,heap        ] GC(65) Humongous regions: 4->4
[2020-12-09T11:12:32.661-0500][gc,metaspace   ] GC(65) Metaspace: 47884K->47884K(1091584K)
[2020-12-09T11:12:32.661-0500][gc,heap        ] GC(65) Heap after GC invocations=66 (full 4): garbage-first heap   total 74752K, used 48351K [0x0000000083000000, 0x0000000100000000)
[2020-12-09T11:12:32.661-0500][gc,heap        ] GC(65)   region size 1024K, 1 young (1024K), 1 survivors (1024K)
[2020-12-09T11:12:32.661-0500][gc,heap        ] GC(65)  Metaspace       used 47884K, capacity 50323K, committed 50680K, reserved 1091584K
[2020-12-09T11:12:32.661-0500][gc,heap        ] GC(65)   class space    used 7458K, capacity 8343K, committed 8448K, reserved 1048576K
[2020-12-09T11:12:32.661-0500][gc             ] GC(65) Pause Young (Normal) (G1 Evacuation Pause) 57M->47M(73M) 14.801ms
[2020-12-09T11:12:32.661-0500][gc,cpu         ] GC(65) User=0.09s Sys=0.00s Real=0.02s
[2020-12-09T11:13:52.013-0500][gc,task        ] GC(66) Using 5 workers of 8 for full compaction
[2020-12-09T11:13:52.014-0500][gc,start       ] GC(66) Pause Full (System.gc())
[2020-12-09T11:13:52.014-0500][gc,heap        ] GC(66) Heap before GC invocations=66 (full 4): garbage-first heap   total 74752K, used 55519K [0x0000000083000000, 0x0000000100000000)
[2020-12-09T11:13:52.014-0500][gc,heap        ] GC(66)   region size 1024K, 9 young (9216K), 1 survivors (1024K)
[2020-12-09T11:13:52.014-0500][gc,heap        ] GC(66)  Metaspace       used 47898K, capacity 50325K, committed 50680K, reserved 1091584K
[2020-12-09T11:13:52.014-0500][gc,heap        ] GC(66)   class space    used 7458K, capacity 8343K, committed 8448K, reserved 1048576K
[2020-12-09T11:13:52.014-0500][gc,phases,start] GC(66) Phase 1: Mark live objects
[2020-12-09T11:13:52.058-0500][gc,stringtable ] GC(66) Cleaned string and symbol table, strings: 29682 processed, 4 removed, symbols: 116103 processed, 0 removed
[2020-12-09T11:13:52.058-0500][gc,phases      ] GC(66) Phase 1: Mark live objects 43.291ms
[2020-12-09T11:13:52.058-0500][gc,phases,start] GC(66) Phase 2: Prepare for compaction
[2020-12-09T11:13:52.063-0500][gc,phases      ] GC(66) Phase 2: Prepare for compaction 5.620ms
[2020-12-09T11:13:52.063-0500][gc,phases,start] GC(66) Phase 3: Adjust pointers
[2020-12-09T11:13:52.076-0500][gc,phases      ] GC(66) Phase 3: Adjust pointers 13.113ms
[2020-12-09T11:13:52.076-0500][gc,phases,start] GC(66) Phase 4: Compact heap
[2020-12-09T11:13:52.079-0500][gc,phases      ] GC(66) Phase 4: Compact heap 2.879ms
[2020-12-09T11:13:52.085-0500][gc,heap        ] GC(66) Eden regions: 8->0(12)
[2020-12-09T11:13:52.086-0500][gc,heap        ] GC(66) Survivor regions: 1->0(2)
[2020-12-09T11:13:52.086-0500][gc,heap        ] GC(66) Old regions: 46->46
[2020-12-09T11:13:52.086-0500][gc,heap        ] GC(66) Humongous regions: 4->4
[2020-12-09T11:13:52.086-0500][gc,metaspace   ] GC(66) Metaspace: 47898K->47898K(1091584K)
[2020-12-09T11:13:52.086-0500][gc,heap        ] GC(66) Heap after GC invocations=67 (full 5): garbage-first heap   total 73728K, used 48273K [0x0000000083000000, 0x0000000100000000)
[2020-12-09T11:13:52.086-0500][gc,heap        ] GC(66)   region size 1024K, 0 young (0K), 0 survivors (0K)
[2020-12-09T11:13:52.086-0500][gc,heap        ] GC(66)  Metaspace       used 47898K, capacity 50325K, committed 50680K, reserved 1091584K
[2020-12-09T11:13:52.086-0500][gc,heap        ] GC(66)   class space    used 7458K, capacity 8343K, committed 8448K, reserved 1048576K
[2020-12-09T11:13:52.086-0500][gc             ] GC(66) Pause Full (System.gc()) 54M->47M(72M) 71.959ms
[2020-12-09T11:13:52.086-0500][gc,cpu         ] GC(66) User=0.30s Sys=0.00s Real=0.07s
[2020-12-09T11:15:18.658-0500][gc,heap        ] GC(67) Heap before GC invocations=67 (full 5): garbage-first heap   total 73728K, used 59537K [0x0000000083000000, 0x0000000100000000)
[2020-12-09T11:15:18.658-0500][gc,heap        ] GC(67)   region size 1024K, 12 young (12288K), 0 survivors (0K)
[2020-12-09T11:15:18.658-0500][gc,heap        ] GC(67)  Metaspace       used 48752K, capacity 51116K, committed 51192K, reserved 1091584K
[2020-12-09T11:15:18.658-0500][gc,heap        ] GC(67)   class space    used 7541K, capacity 8412K, committed 8448K, reserved 1048576K
[2020-12-09T11:15:18.658-0500][gc,start       ] GC(67) Pause Young (Concurrent Start) (G1 Evacuation Pause)
[2020-12-09T11:15:18.658-0500][gc,task        ] GC(67) Using 8 workers of 8 for evacuation
[2020-12-09T11:15:18.666-0500][gc,phases      ] GC(67)   Pre Evacuate Collection Set: 0.2ms
[2020-12-09T11:15:18.666-0500][gc,phases      ] GC(67)   Evacuate Collection Set: 5.8ms
[2020-12-09T11:15:18.666-0500][gc,phases      ] GC(67)   Post Evacuate Collection Set: 1.7ms
[2020-12-09T11:15:18.666-0500][gc,phases      ] GC(67)   Other: 0.3ms
[2020-12-09T11:15:18.666-0500][gc,heap        ] GC(67) Eden regions: 12->0(11)
[2020-12-09T11:15:18.666-0500][gc,heap        ] GC(67) Survivor regions: 0->1(2)
[2020-12-09T11:15:18.666-0500][gc,heap        ] GC(67) Old regions: 46->46
[2020-12-09T11:15:18.666-0500][gc,heap        ] GC(67) Humongous regions: 4->4
[2020-12-09T11:15:18.666-0500][gc,metaspace   ] GC(67) Metaspace: 48752K->48752K(1091584K)
[2020-12-09T11:15:18.666-0500][gc,heap        ] GC(67) Heap after GC invocations=68 (full 5): garbage-first heap   total 73728K, used 48619K [0x0000000083000000, 0x0000000100000000)
[2020-12-09T11:15:18.666-0500][gc,heap        ] GC(67)   region size 1024K, 1 young (1024K), 1 survivors (1024K)
[2020-12-09T11:15:18.666-0500][gc,heap        ] GC(67)  Metaspace       used 48752K, capacity 51116K, committed 51192K, reserved 1091584K
[2020-12-09T11:15:18.666-0500][gc,heap        ] GC(67)   class space    used 7541K, capacity 8412K, committed 8448K, reserved 1048576K
[2020-12-09T11:15:18.666-0500][gc             ] GC(67) Pause Young (Concurrent Start) (G1 Evacuation Pause) 59M->47M(72M) 8.152ms
[2020-12-09T11:15:18.667-0500][gc,cpu         ] GC(67) User=0.03s Sys=0.00s Real=0.00s
[2020-12-09T11:15:18.667-0500][gc             ] GC(68) Concurrent Cycle
[2020-12-09T11:15:18.667-0500][gc,marking     ] GC(68) Concurrent Clear Claimed Marks
[2020-12-09T11:15:18.667-0500][gc,marking     ] GC(68) Concurrent Clear Claimed Marks 0.290ms
[2020-12-09T11:15:18.667-0500][gc,marking     ] GC(68) Concurrent Scan Root Regions
[2020-12-09T11:15:18.668-0500][gc,marking     ] GC(68) Concurrent Scan Root Regions 1.400ms
[2020-12-09T11:15:18.668-0500][gc,marking     ] GC(68) Concurrent Mark (1288.237s)
[2020-12-09T11:15:18.669-0500][gc,marking     ] GC(68) Concurrent Mark From Roots
[2020-12-09T11:15:18.669-0500][gc,task        ] GC(68) Using 2 workers of 2 for marking
[2020-12-09T11:15:18.733-0500][gc,marking     ] GC(68) Concurrent Mark From Roots 64.629ms
[2020-12-09T11:15:18.733-0500][gc,marking     ] GC(68) Concurrent Preclean
[2020-12-09T11:15:18.733-0500][gc,marking     ] GC(68) Concurrent Preclean 0.132ms
[2020-12-09T11:15:18.733-0500][gc,marking     ] GC(68) Concurrent Mark (1288.237s, 1288.302s) 64.842ms
[2020-12-09T11:15:18.734-0500][gc,start       ] GC(68) Pause Remark
[2020-12-09T11:15:18.740-0500][gc,stringtable ] GC(68) Cleaned string and symbol table, strings: 30024 processed, 0 removed, symbols: 117697 processed, 6 removed
[2020-12-09T11:15:18.740-0500][gc             ] GC(68) Pause Remark 47M->47M(72M) 6.638ms
[2020-12-09T11:15:18.740-0500][gc,cpu         ] GC(68) User=0.03s Sys=0.00s Real=0.01s
[2020-12-09T11:15:18.740-0500][gc,marking     ] GC(68) Concurrent Rebuild Remembered Sets
[2020-12-09T11:15:18.764-0500][gc,marking     ] GC(68) Concurrent Rebuild Remembered Sets 23.747ms
[2020-12-09T11:15:18.764-0500][gc,start       ] GC(68) Pause Cleanup
[2020-12-09T11:15:18.765-0500][gc             ] GC(68) Pause Cleanup 47M->47M(72M) 0.211ms
[2020-12-09T11:15:18.765-0500][gc,cpu         ] GC(68) User=0.00s Sys=0.00s Real=0.00s
[2020-12-09T11:15:18.765-0500][gc,marking     ] GC(68) Concurrent Cleanup for Next Mark
[2020-12-09T11:15:18.765-0500][gc,marking     ] GC(68) Concurrent Cleanup for Next Mark 0.276ms
[2020-12-09T11:15:18.765-0500][gc             ] GC(68) Concurrent Cycle 98.463ms
[2020-12-09T11:17:04.152-0500][gc,heap        ] GC(69) Heap before GC invocations=69 (full 5): garbage-first heap   total 73728K, used 58859K [0x0000000083000000, 0x0000000100000000)
[2020-12-09T11:17:04.152-0500][gc,heap        ] GC(69)   region size 1024K, 12 young (12288K), 1 survivors (1024K)
[2020-12-09T11:17:04.152-0500][gc,heap        ] GC(69)  Metaspace       used 48903K, capacity 51305K, committed 51448K, reserved 1091584K
[2020-12-09T11:17:04.152-0500][gc,heap        ] GC(69)   class space    used 7552K, capacity 8444K, committed 8448K, reserved 1048576K
[2020-12-09T11:17:04.152-0500][gc,start       ] GC(69) Pause Young (Normal) (G1 Evacuation Pause)
[2020-12-09T11:17:04.152-0500][gc,task        ] GC(69) Using 8 workers of 8 for evacuation
[2020-12-09T11:17:04.156-0500][gc,phases      ] GC(69)   Pre Evacuate Collection Set: 0.0ms
[2020-12-09T11:17:04.156-0500][gc,phases      ] GC(69)   Evacuate Collection Set: 1.2ms
[2020-12-09T11:17:04.156-0500][gc,phases      ] GC(69)   Post Evacuate Collection Set: 2.9ms
[2020-12-09T11:17:04.156-0500][gc,phases      ] GC(69)   Other: 0.3ms
[2020-12-09T11:17:04.156-0500][gc,heap        ] GC(69) Eden regions: 11->0(11)
[2020-12-09T11:17:04.156-0500][gc,heap        ] GC(69) Survivor regions: 1->1(2)
[2020-12-09T11:17:04.156-0500][gc,heap        ] GC(69) Old regions: 46->46
[2020-12-09T11:17:04.156-0500][gc,heap        ] GC(69) Humongous regions: 4->4
[2020-12-09T11:17:04.156-0500][gc,metaspace   ] GC(69) Metaspace: 48903K->48903K(1091584K)
[2020-12-09T11:17:04.156-0500][gc,heap        ] GC(69) Heap after GC invocations=70 (full 5): garbage-first heap   total 73728K, used 48673K [0x0000000083000000, 0x0000000100000000)
[2020-12-09T11:17:04.156-0500][gc,heap        ] GC(69)   region size 1024K, 1 young (1024K), 1 survivors (1024K)
[2020-12-09T11:17:04.156-0500][gc,heap        ] GC(69)  Metaspace       used 48903K, capacity 51305K, committed 51448K, reserved 1091584K
[2020-12-09T11:17:04.156-0500][gc,heap        ] GC(69)   class space    used 7552K, capacity 8444K, committed 8448K, reserved 1048576K
[2020-12-09T11:17:04.156-0500][gc             ] GC(69) Pause Young (Normal) (G1 Evacuation Pause) 58M->47M(72M) 4.382ms
[2020-12-09T11:17:04.156-0500][gc,cpu         ] GC(69) User=0.02s Sys=0.00s Real=0.00s
[2020-12-09T11:18:52.012-0500][gc,task        ] GC(70) Using 5 workers of 8 for full compaction
[2020-12-09T11:18:52.012-0500][gc,start       ] GC(70) Pause Full (System.gc())
[2020-12-09T11:18:52.013-0500][gc,heap        ] GC(70) Heap before GC invocations=70 (full 5): garbage-first heap   total 73728K, used 56865K [0x0000000083000000, 0x0000000100000000)
[2020-12-09T11:18:52.013-0500][gc,heap        ] GC(70)   region size 1024K, 11 young (11264K), 1 survivors (1024K)
[2020-12-09T11:18:52.013-0500][gc,heap        ] GC(70)  Metaspace       used 48920K, capacity 51305K, committed 51448K, reserved 1091584K
[2020-12-09T11:18:52.013-0500][gc,heap        ] GC(70)   class space    used 7553K, capacity 8444K, committed 8448K, reserved 1048576K
[2020-12-09T11:18:52.013-0500][gc,phases,start] GC(70) Phase 1: Mark live objects
[2020-12-09T11:18:52.051-0500][gc,stringtable ] GC(70) Cleaned string and symbol table, strings: 30103 processed, 5 removed, symbols: 117796 processed, 0 removed
[2020-12-09T11:18:52.051-0500][gc,phases      ] GC(70) Phase 1: Mark live objects 38.187ms
[2020-12-09T11:18:52.051-0500][gc,phases,start] GC(70) Phase 2: Prepare for compaction
[2020-12-09T11:18:52.056-0500][gc,phases      ] GC(70) Phase 2: Prepare for compaction 4.815ms
[2020-12-09T11:18:52.056-0500][gc,phases,start] GC(70) Phase 3: Adjust pointers
[2020-12-09T11:18:52.073-0500][gc,phases      ] GC(70) Phase 3: Adjust pointers 17.189ms
[2020-12-09T11:18:52.073-0500][gc,phases,start] GC(70) Phase 4: Compact heap
[2020-12-09T11:18:52.079-0500][gc,phases      ] GC(70) Phase 4: Compact heap 5.730ms
[2020-12-09T11:18:52.087-0500][gc,heap        ] GC(70) Eden regions: 10->0(10)
[2020-12-09T11:18:52.087-0500][gc,heap        ] GC(70) Survivor regions: 1->0(2)
[2020-12-09T11:18:52.088-0500][gc,heap        ] GC(70) Old regions: 46->48
[2020-12-09T11:18:52.088-0500][gc,heap        ] GC(70) Humongous regions: 4->4
[2020-12-09T11:18:52.088-0500][gc,metaspace   ] GC(70) Metaspace: 48920K->48920K(1091584K)
[2020-12-09T11:18:52.088-0500][gc,heap        ] GC(70) Heap after GC invocations=71 (full 6): garbage-first heap   total 73728K, used 48572K [0x0000000083000000, 0x0000000100000000)
[2020-12-09T11:18:52.088-0500][gc,heap        ] GC(70)   region size 1024K, 0 young (0K), 0 survivors (0K)
[2020-12-09T11:18:52.088-0500][gc,heap        ] GC(70)  Metaspace       used 48920K, capacity 51305K, committed 51448K, reserved 1091584K
[2020-12-09T11:18:52.088-0500][gc,heap        ] GC(70)   class space    used 7553K, capacity 8444K, committed 8448K, reserved 1048576K
[2020-12-09T11:18:52.088-0500][gc             ] GC(70) Pause Full (System.gc()) 57M->47M(72M) 75.144ms
[2020-12-09T11:18:52.088-0500][gc,cpu         ] GC(70) User=0.28s Sys=0.00s Real=0.08s
[2020-12-09T11:20:34.582-0500][gc,heap        ] GC(71) Heap before GC invocations=71 (full 6): garbage-first heap   total 73728K, used 57788K [0x0000000083000000, 0x0000000100000000)
[2020-12-09T11:20:34.582-0500][gc,heap        ] GC(71)   region size 1024K, 10 young (10240K), 0 survivors (0K)
[2020-12-09T11:20:34.582-0500][gc,heap        ] GC(71)  Metaspace       used 48922K, capacity 51305K, committed 51448K, reserved 1091584K
[2020-12-09T11:20:34.582-0500][gc,heap        ] GC(71)   class space    used 7553K, capacity 8444K, committed 8448K, reserved 1048576K
[2020-12-09T11:20:34.582-0500][gc,start       ] GC(71) Pause Young (Concurrent Start) (G1 Evacuation Pause)
[2020-12-09T11:20:34.582-0500][gc,task        ] GC(71) Using 8 workers of 8 for evacuation
[2020-12-09T11:20:34.593-0500][gc,phases      ] GC(71)   Pre Evacuate Collection Set: 0.3ms
[2020-12-09T11:20:34.593-0500][gc,phases      ] GC(71)   Evacuate Collection Set: 8.1ms
[2020-12-09T11:20:34.593-0500][gc,phases      ] GC(71)   Post Evacuate Collection Set: 2.1ms
[2020-12-09T11:20:34.593-0500][gc,phases      ] GC(71)   Other: 0.4ms
[2020-12-09T11:20:34.593-0500][gc,heap        ] GC(71) Eden regions: 10->0(10)
[2020-12-09T11:20:34.593-0500][gc,heap        ] GC(71) Survivor regions: 0->1(2)
[2020-12-09T11:20:34.593-0500][gc,heap        ] GC(71) Old regions: 48->48
[2020-12-09T11:20:34.593-0500][gc,heap        ] GC(71) Humongous regions: 4->4
[2020-12-09T11:20:34.593-0500][gc,metaspace   ] GC(71) Metaspace: 48922K->48922K(1091584K)
[2020-12-09T11:20:34.593-0500][gc,heap        ] GC(71) Heap after GC invocations=72 (full 6): garbage-first heap   total 73728K, used 48724K [0x0000000083000000, 0x0000000100000000)
[2020-12-09T11:20:34.593-0500][gc,heap        ] GC(71)   region size 1024K, 1 young (1024K), 1 survivors (1024K)
[2020-12-09T11:20:34.593-0500][gc,heap        ] GC(71)  Metaspace       used 48922K, capacity 51305K, committed 51448K, reserved 1091584K
[2020-12-09T11:20:34.593-0500][gc,heap        ] GC(71)   class space    used 7553K, capacity 8444K, committed 8448K, reserved 1048576K
[2020-12-09T11:20:34.593-0500][gc             ] GC(71) Pause Young (Concurrent Start) (G1 Evacuation Pause) 57M->47M(72M) 10.960ms
[2020-12-09T11:20:34.593-0500][gc,cpu         ] GC(71) User=0.04s Sys=0.01s Real=0.01s
[2020-12-09T11:20:34.593-0500][gc             ] GC(72) Concurrent Cycle
[2020-12-09T11:20:34.593-0500][gc,marking     ] GC(72) Concurrent Clear Claimed Marks
[2020-12-09T11:20:34.594-0500][gc,marking     ] GC(72) Concurrent Clear Claimed Marks 0.231ms
[2020-12-09T11:20:34.594-0500][gc,marking     ] GC(72) Concurrent Scan Root Regions
[2020-12-09T11:20:34.595-0500][gc,marking     ] GC(72) Concurrent Scan Root Regions 0.986ms
[2020-12-09T11:20:34.595-0500][gc,marking     ] GC(72) Concurrent Mark (1604.164s)
[2020-12-09T11:20:34.595-0500][gc,marking     ] GC(72) Concurrent Mark From Roots
[2020-12-09T11:20:34.595-0500][gc,task        ] GC(72) Using 2 workers of 2 for marking
[2020-12-09T11:20:34.643-0500][gc,marking     ] GC(72) Concurrent Mark From Roots 48.460ms
[2020-12-09T11:20:34.643-0500][gc,marking     ] GC(72) Concurrent Preclean
[2020-12-09T11:20:34.643-0500][gc,marking     ] GC(72) Concurrent Preclean 0.135ms
[2020-12-09T11:20:34.643-0500][gc,marking     ] GC(72) Concurrent Mark (1604.164s, 1604.212s) 48.667ms
[2020-12-09T11:20:34.644-0500][gc,start       ] GC(72) Pause Remark
[2020-12-09T11:20:34.655-0500][gc,stringtable ] GC(72) Cleaned string and symbol table, strings: 30103 processed, 0 removed, symbols: 117796 processed, 0 removed
[2020-12-09T11:20:34.656-0500][gc             ] GC(72) Pause Remark 47M->47M(72M) 11.942ms
[2020-12-09T11:20:34.656-0500][gc,cpu         ] GC(72) User=0.05s Sys=0.01s Real=0.01s
[2020-12-09T11:20:34.656-0500][gc,marking     ] GC(72) Concurrent Rebuild Remembered Sets
[2020-12-09T11:20:34.681-0500][gc,marking     ] GC(72) Concurrent Rebuild Remembered Sets 25.289ms
[2020-12-09T11:20:34.682-0500][gc,start       ] GC(72) Pause Cleanup
[2020-12-09T11:20:34.682-0500][gc             ] GC(72) Pause Cleanup 47M->47M(72M) 0.291ms
[2020-12-09T11:20:34.682-0500][gc,cpu         ] GC(72) User=0.00s Sys=0.00s Real=0.00s
[2020-12-09T11:20:34.682-0500][gc,marking     ] GC(72) Concurrent Cleanup for Next Mark
[2020-12-09T11:20:34.682-0500][gc,marking     ] GC(72) Concurrent Cleanup for Next Mark 0.246ms
[2020-12-09T11:20:34.682-0500][gc             ] GC(72) Concurrent Cycle 88.815ms
[2020-12-09T11:22:22.649-0500][gc,heap        ] GC(73) Heap before GC invocations=73 (full 6): garbage-first heap   total 73728K, used 57940K [0x0000000083000000, 0x0000000100000000)
[2020-12-09T11:22:22.649-0500][gc,heap        ] GC(73)   region size 1024K, 11 young (11264K), 1 survivors (1024K)
[2020-12-09T11:22:22.649-0500][gc,heap        ] GC(73)  Metaspace       used 48935K, capacity 51310K, committed 51448K, reserved 1091584K
[2020-12-09T11:22:22.649-0500][gc,heap        ] GC(73)   class space    used 7553K, capacity 8444K, committed 8448K, reserved 1048576K
[2020-12-09T11:22:22.649-0500][gc,start       ] GC(73) Pause Young (Normal) (G1 Evacuation Pause)
[2020-12-09T11:22:22.649-0500][gc,task        ] GC(73) Using 8 workers of 8 for evacuation
[2020-12-09T11:22:22.652-0500][gc,phases      ] GC(73)   Pre Evacuate Collection Set: 0.0ms
[2020-12-09T11:22:22.652-0500][gc,phases      ] GC(73)   Evacuate Collection Set: 1.2ms
[2020-12-09T11:22:22.652-0500][gc,phases      ] GC(73)   Post Evacuate Collection Set: 1.4ms
[2020-12-09T11:22:22.652-0500][gc,phases      ] GC(73)   Other: 0.3ms
[2020-12-09T11:22:22.652-0500][gc,heap        ] GC(73) Eden regions: 10->0(10)
[2020-12-09T11:22:22.652-0500][gc,heap        ] GC(73) Survivor regions: 1->1(2)
[2020-12-09T11:22:22.652-0500][gc,heap        ] GC(73) Old regions: 48->48
[2020-12-09T11:22:22.652-0500][gc,heap        ] GC(73) Humongous regions: 4->4
[2020-12-09T11:22:22.652-0500][gc,metaspace   ] GC(73) Metaspace: 48935K->48935K(1091584K)
[2020-12-09T11:22:22.652-0500][gc,heap        ] GC(73) Heap after GC invocations=74 (full 6): garbage-first heap   total 73728K, used 48663K [0x0000000083000000, 0x0000000100000000)
[2020-12-09T11:22:22.652-0500][gc,heap        ] GC(73)   region size 1024K, 1 young (1024K), 1 survivors (1024K)
[2020-12-09T11:22:22.652-0500][gc,heap        ] GC(73)  Metaspace       used 48935K, capacity 51310K, committed 51448K, reserved 1091584K
[2020-12-09T11:22:22.652-0500][gc,heap        ] GC(73)   class space    used 7553K, capacity 8444K, committed 8448K, reserved 1048576K
[2020-12-09T11:22:22.652-0500][gc             ] GC(73) Pause Young (Normal) (G1 Evacuation Pause) 57M->47M(72M) 3.049ms
[2020-12-09T11:22:22.652-0500][gc,cpu         ] GC(73) User=0.00s Sys=0.00s Real=0.00s
[2020-12-09T11:23:52.011-0500][gc,task        ] GC(74) Using 5 workers of 8 for full compaction
[2020-12-09T11:23:52.011-0500][gc,start       ] GC(74) Pause Full (System.gc())
[2020-12-09T11:23:52.011-0500][gc,heap        ] GC(74) Heap before GC invocations=74 (full 6): garbage-first heap   total 73728K, used 55831K [0x0000000083000000, 0x0000000100000000)
[2020-12-09T11:23:52.011-0500][gc,heap        ] GC(74)   region size 1024K, 10 young (10240K), 1 survivors (1024K)
[2020-12-09T11:23:52.011-0500][gc,heap        ] GC(74)  Metaspace       used 48939K, capacity 51310K, committed 51448K, reserved 1091584K
[2020-12-09T11:23:52.011-0500][gc,heap        ] GC(74)   class space    used 7553K, capacity 8444K, committed 8448K, reserved 1048576K
[2020-12-09T11:23:52.012-0500][gc,phases,start] GC(74) Phase 1: Mark live objects
[2020-12-09T11:23:52.040-0500][gc,stringtable ] GC(74) Cleaned string and symbol table, strings: 30169 processed, 4 removed, symbols: 117796 processed, 0 removed
[2020-12-09T11:23:52.040-0500][gc,phases      ] GC(74) Phase 1: Mark live objects 28.395ms
[2020-12-09T11:23:52.040-0500][gc,phases,start] GC(74) Phase 2: Prepare for compaction
[2020-12-09T11:23:52.046-0500][gc,phases      ] GC(74) Phase 2: Prepare for compaction 5.644ms
[2020-12-09T11:23:52.046-0500][gc,phases,start] GC(74) Phase 3: Adjust pointers
[2020-12-09T11:23:52.060-0500][gc,phases      ] GC(74) Phase 3: Adjust pointers 13.770ms
[2020-12-09T11:23:52.060-0500][gc,phases,start] GC(74) Phase 4: Compact heap
[2020-12-09T11:23:52.063-0500][gc,phases      ] GC(74) Phase 4: Compact heap 3.657ms
[2020-12-09T11:23:52.069-0500][gc,heap        ] GC(74) Eden regions: 9->0(11)
[2020-12-09T11:23:52.069-0500][gc,heap        ] GC(74) Survivor regions: 1->0(2)
[2020-12-09T11:23:52.069-0500][gc,heap        ] GC(74) Old regions: 48->48
[2020-12-09T11:23:52.069-0500][gc,heap        ] GC(74) Humongous regions: 4->4
[2020-12-09T11:23:52.069-0500][gc,metaspace   ] GC(74) Metaspace: 48939K->48939K(1091584K)
[2020-12-09T11:23:52.069-0500][gc,heap        ] GC(74) Heap after GC invocations=75 (full 7): garbage-first heap   total 73728K, used 48570K [0x0000000083000000, 0x0000000100000000)
[2020-12-09T11:23:52.069-0500][gc,heap        ] GC(74)   region size 1024K, 0 young (0K), 0 survivors (0K)
[2020-12-09T11:23:52.069-0500][gc,heap        ] GC(74)  Metaspace       used 48939K, capacity 51310K, committed 51448K, reserved 1091584K
[2020-12-09T11:23:52.069-0500][gc,heap        ] GC(74)   class space    used 7553K, capacity 8444K, committed 8448K, reserved 1048576K
[2020-12-09T11:23:52.069-0500][gc             ] GC(74) Pause Full (System.gc()) 55M->47M(72M) 57.878ms
[2020-12-09T11:23:52.069-0500][gc,cpu         ] GC(74) User=0.22s Sys=0.01s Real=0.06s
[2020-12-09T11:25:43.658-0500][gc,heap        ] GC(75) Heap before GC invocations=75 (full 7): garbage-first heap   total 73728K, used 58810K [0x0000000083000000, 0x0000000100000000)
[2020-12-09T11:25:43.658-0500][gc,heap        ] GC(75)   region size 1024K, 11 young (11264K), 0 survivors (0K)
[2020-12-09T11:25:43.658-0500][gc,heap        ] GC(75)  Metaspace       used 48949K, capacity 51374K, committed 51448K, reserved 1091584K
[2020-12-09T11:25:43.658-0500][gc,heap        ] GC(75)   class space    used 7553K, capacity 8444K, committed 8448K, reserved 1048576K
[2020-12-09T11:25:43.658-0500][gc,start       ] GC(75) Pause Young (Concurrent Start) (G1 Evacuation Pause)
[2020-12-09T11:25:43.658-0500][gc,task        ] GC(75) Using 8 workers of 8 for evacuation
[2020-12-09T11:25:43.665-0500][gc,phases      ] GC(75)   Pre Evacuate Collection Set: 0.8ms
[2020-12-09T11:25:43.665-0500][gc,phases      ] GC(75)   Evacuate Collection Set: 2.9ms
[2020-12-09T11:25:43.665-0500][gc,phases      ] GC(75)   Post Evacuate Collection Set: 2.2ms
[2020-12-09T11:25:43.665-0500][gc,phases      ] GC(75)   Other: 0.9ms
[2020-12-09T11:25:43.665-0500][gc,heap        ] GC(75) Eden regions: 11->0(10)
[2020-12-09T11:25:43.665-0500][gc,heap        ] GC(75) Survivor regions: 0->1(2)
[2020-12-09T11:25:43.665-0500][gc,heap        ] GC(75) Old regions: 48->48
[2020-12-09T11:25:43.665-0500][gc,heap        ] GC(75) Humongous regions: 4->4
[2020-12-09T11:25:43.665-0500][gc,metaspace   ] GC(75) Metaspace: 48949K->48949K(1091584K)
[2020-12-09T11:25:43.665-0500][gc,heap        ] GC(75) Heap after GC invocations=76 (full 7): garbage-first heap   total 73728K, used 48632K [0x0000000083000000, 0x0000000100000000)
[2020-12-09T11:25:43.665-0500][gc,heap        ] GC(75)   region size 1024K, 1 young (1024K), 1 survivors (1024K)
[2020-12-09T11:25:43.665-0500][gc,heap        ] GC(75)  Metaspace       used 48949K, capacity 51374K, committed 51448K, reserved 1091584K
[2020-12-09T11:25:43.665-0500][gc,heap        ] GC(75)   class space    used 7553K, capacity 8444K, committed 8448K, reserved 1048576K
[2020-12-09T11:25:43.665-0500][gc             ] GC(75) Pause Young (Concurrent Start) (G1 Evacuation Pause) 58M->47M(72M) 6.575ms
[2020-12-09T11:25:43.665-0500][gc,cpu         ] GC(75) User=0.00s Sys=0.01s Real=0.00s
[2020-12-09T11:25:43.665-0500][gc             ] GC(76) Concurrent Cycle
[2020-12-09T11:25:43.665-0500][gc,marking     ] GC(76) Concurrent Clear Claimed Marks
[2020-12-09T11:25:43.666-0500][gc,marking     ] GC(76) Concurrent Clear Claimed Marks 0.137ms
[2020-12-09T11:25:43.666-0500][gc,marking     ] GC(76) Concurrent Scan Root Regions
[2020-12-09T11:25:43.668-0500][gc,marking     ] GC(76) Concurrent Scan Root Regions 2.000ms
[2020-12-09T11:25:43.668-0500][gc,marking     ] GC(76) Concurrent Mark (1913.237s)
[2020-12-09T11:25:43.668-0500][gc,marking     ] GC(76) Concurrent Mark From Roots
[2020-12-09T11:25:43.668-0500][gc,task        ] GC(76) Using 2 workers of 2 for marking
[2020-12-09T11:25:43.738-0500][gc,marking     ] GC(76) Concurrent Mark From Roots 70.556ms
[2020-12-09T11:25:43.738-0500][gc,marking     ] GC(76) Concurrent Preclean
[2020-12-09T11:25:43.738-0500][gc,marking     ] GC(76) Concurrent Preclean 0.144ms
[2020-12-09T11:25:43.738-0500][gc,marking     ] GC(76) Concurrent Mark (1913.237s, 1913.307s) 70.788ms
[2020-12-09T11:25:43.739-0500][gc,start       ] GC(76) Pause Remark
[2020-12-09T11:25:43.744-0500][gc,stringtable ] GC(76) Cleaned string and symbol table, strings: 30175 processed, 0 removed, symbols: 117796 processed, 0 removed
[2020-12-09T11:25:43.744-0500][gc             ] GC(76) Pause Remark 47M->47M(72M) 5.227ms
[2020-12-09T11:25:43.744-0500][gc,cpu         ] GC(76) User=0.03s Sys=0.01s Real=0.00s
[2020-12-09T11:25:43.744-0500][gc,marking     ] GC(76) Concurrent Rebuild Remembered Sets
[2020-12-09T11:25:43.766-0500][gc,marking     ] GC(76) Concurrent Rebuild Remembered Sets 21.280ms
[2020-12-09T11:25:43.766-0500][gc,start       ] GC(76) Pause Cleanup
[2020-12-09T11:25:43.766-0500][gc             ] GC(76) Pause Cleanup 47M->47M(72M) 0.251ms
[2020-12-09T11:25:43.766-0500][gc,cpu         ] GC(76) User=0.00s Sys=0.00s Real=0.00s
[2020-12-09T11:25:43.766-0500][gc,marking     ] GC(76) Concurrent Cleanup for Next Mark
[2020-12-09T11:25:43.766-0500][gc,marking     ] GC(76) Concurrent Cleanup for Next Mark 0.228ms
[2020-12-09T11:25:43.766-0500][gc             ] GC(76) Concurrent Cycle 101.088ms
[2020-12-09T11:27:35.756-0500][gc,heap        ] GC(77) Heap before GC invocations=77 (full 7): garbage-first heap   total 73728K, used 57848K [0x0000000083000000, 0x0000000100000000)
[2020-12-09T11:27:35.757-0500][gc,heap        ] GC(77)   region size 1024K, 11 young (11264K), 1 survivors (1024K)
[2020-12-09T11:27:35.757-0500][gc,heap        ] GC(77)  Metaspace       used 48981K, capacity 51510K, committed 51704K, reserved 1093632K
[2020-12-09T11:27:35.757-0500][gc,heap        ] GC(77)   class space    used 7553K, capacity 8444K, committed 8448K, reserved 1048576K
[2020-12-09T11:27:35.757-0500][gc,start       ] GC(77) Pause Young (Normal) (G1 Evacuation Pause)
[2020-12-09T11:27:35.757-0500][gc,task        ] GC(77) Using 8 workers of 8 for evacuation
[2020-12-09T11:27:35.758-0500][gc,phases      ] GC(77)   Pre Evacuate Collection Set: 0.0ms
[2020-12-09T11:27:35.759-0500][gc,phases      ] GC(77)   Evacuate Collection Set: 1.0ms
[2020-12-09T11:27:35.759-0500][gc,phases      ] GC(77)   Post Evacuate Collection Set: 0.8ms
[2020-12-09T11:27:35.759-0500][gc,phases      ] GC(77)   Other: 0.2ms
[2020-12-09T11:27:35.759-0500][gc,heap        ] GC(77) Eden regions: 10->0(10)
[2020-12-09T11:27:35.759-0500][gc,heap        ] GC(77) Survivor regions: 1->1(2)
[2020-12-09T11:27:35.759-0500][gc,heap        ] GC(77) Old regions: 48->48
[2020-12-09T11:27:35.759-0500][gc,heap        ] GC(77) Humongous regions: 4->4
[2020-12-09T11:27:35.759-0500][gc,metaspace   ] GC(77) Metaspace: 48981K->48981K(1093632K)
[2020-12-09T11:27:35.759-0500][gc,heap        ] GC(77) Heap after GC invocations=78 (full 7): garbage-first heap   total 73728K, used 48673K [0x0000000083000000, 0x0000000100000000)
[2020-12-09T11:27:35.759-0500][gc,heap        ] GC(77)   region size 1024K, 1 young (1024K), 1 survivors (1024K)
[2020-12-09T11:27:35.759-0500][gc,heap        ] GC(77)  Metaspace       used 48981K, capacity 51510K, committed 51704K, reserved 1093632K
[2020-12-09T11:27:35.759-0500][gc,heap        ] GC(77)   class space    used 7553K, capacity 8444K, committed 8448K, reserved 1048576K
[2020-12-09T11:27:35.759-0500][gc             ] GC(77) Pause Young (Normal) (G1 Evacuation Pause) 57M->47M(72M) 2.031ms
[2020-12-09T11:27:35.759-0500][gc,cpu         ] GC(77) User=0.01s Sys=0.01s Real=0.01s
[2020-12-09T11:28:52.014-0500][gc,task        ] GC(78) Using 5 workers of 8 for full compaction
[2020-12-09T11:28:52.014-0500][gc,start       ] GC(78) Pause Full (System.gc())
[2020-12-09T11:28:52.014-0500][gc,heap        ] GC(78) Heap before GC invocations=78 (full 7): garbage-first heap   total 73728K, used 55841K [0x0000000083000000, 0x0000000100000000)
[2020-12-09T11:28:52.014-0500][gc,heap        ] GC(78)   region size 1024K, 9 young (9216K), 1 survivors (1024K)
[2020-12-09T11:28:52.014-0500][gc,heap        ] GC(78)  Metaspace       used 48985K, capacity 51510K, committed 51704K, reserved 1093632K
[2020-12-09T11:28:52.014-0500][gc,heap        ] GC(78)   class space    used 7553K, capacity 8444K, committed 8448K, reserved 1048576K
[2020-12-09T11:28:52.015-0500][gc,phases,start] GC(78) Phase 1: Mark live objects
[2020-12-09T11:28:52.066-0500][gc,stringtable ] GC(78) Cleaned string and symbol table, strings: 30185 processed, 467 removed, symbols: 117796 processed, 0 removed
[2020-12-09T11:28:52.066-0500][gc,phases      ] GC(78) Phase 1: Mark live objects 51.119ms
[2020-12-09T11:28:52.066-0500][gc,phases,start] GC(78) Phase 2: Prepare for compaction
[2020-12-09T11:28:52.070-0500][gc,phases      ] GC(78) Phase 2: Prepare for compaction 4.712ms
[2020-12-09T11:28:52.071-0500][gc,phases,start] GC(78) Phase 3: Adjust pointers
[2020-12-09T11:28:52.082-0500][gc,phases      ] GC(78) Phase 3: Adjust pointers 11.736ms
[2020-12-09T11:28:52.082-0500][gc,phases,start] GC(78) Phase 4: Compact heap
[2020-12-09T11:28:52.088-0500][gc,phases      ] GC(78) Phase 4: Compact heap 5.976ms
[2020-12-09T11:28:52.096-0500][gc,heap        ] GC(78) Eden regions: 8->0(13)
[2020-12-09T11:28:52.096-0500][gc,heap        ] GC(78) Survivor regions: 1->0(2)
[2020-12-09T11:28:52.097-0500][gc,heap        ] GC(78) Old regions: 48->46
[2020-12-09T11:28:52.097-0500][gc,heap        ] GC(78) Humongous regions: 4->4
[2020-12-09T11:28:52.097-0500][gc,metaspace   ] GC(78) Metaspace: 48985K->47340K(1093632K)
[2020-12-09T11:28:52.097-0500][gc,heap        ] GC(78) Heap after GC invocations=79 (full 8): garbage-first heap   total 73728K, used 46539K [0x0000000083000000, 0x0000000100000000)
[2020-12-09T11:28:52.097-0500][gc,heap        ] GC(78)   region size 1024K, 0 young (0K), 0 survivors (0K)
[2020-12-09T11:28:52.097-0500][gc,heap        ] GC(78)  Metaspace       used 47340K, capacity 48999K, committed 51704K, reserved 1093632K
[2020-12-09T11:28:52.097-0500][gc,heap        ] GC(78)   class space    used 7130K, capacity 7625K, committed 8448K, reserved 1048576K
[2020-12-09T11:28:52.097-0500][gc             ] GC(78) Pause Full (System.gc()) 54M->45M(72M) 82.839ms
[2020-12-09T11:28:52.097-0500][gc,cpu         ] GC(78) User=0.34s Sys=0.01s Real=0.09s
[2020-12-09T11:31:06.273-0500][gc,heap        ] GC(79) Heap before GC invocations=79 (full 8): garbage-first heap   total 73728K, used 59851K [0x0000000083000000, 0x0000000100000000)
[2020-12-09T11:31:06.273-0500][gc,heap        ] GC(79)   region size 1024K, 13 young (13312K), 0 survivors (0K)
[2020-12-09T11:31:06.273-0500][gc,heap        ] GC(79)  Metaspace       used 47371K, capacity 48999K, committed 51704K, reserved 1093632K
[2020-12-09T11:31:06.273-0500][gc,heap        ] GC(79)   class space    used 7130K, capacity 7625K, committed 8448K, reserved 1048576K
[2020-12-09T11:31:06.273-0500][gc,start       ] GC(79) Pause Young (Concurrent Start) (G1 Evacuation Pause)
[2020-12-09T11:31:06.273-0500][gc,task        ] GC(79) Using 8 workers of 8 for evacuation
[2020-12-09T11:31:06.276-0500][gc,phases      ] GC(79)   Pre Evacuate Collection Set: 0.1ms
[2020-12-09T11:31:06.276-0500][gc,phases      ] GC(79)   Evacuate Collection Set: 1.5ms
[2020-12-09T11:31:06.276-0500][gc,phases      ] GC(79)   Post Evacuate Collection Set: 0.8ms
[2020-12-09T11:31:06.276-0500][gc,phases      ] GC(79)   Other: 0.3ms
[2020-12-09T11:31:06.276-0500][gc,heap        ] GC(79) Eden regions: 13->0(12)
[2020-12-09T11:31:06.276-0500][gc,heap        ] GC(79) Survivor regions: 0->1(2)
[2020-12-09T11:31:06.276-0500][gc,heap        ] GC(79) Old regions: 46->46
[2020-12-09T11:31:06.276-0500][gc,heap        ] GC(79) Humongous regions: 4->4
[2020-12-09T11:31:06.276-0500][gc,metaspace   ] GC(79) Metaspace: 47371K->47371K(1093632K)
[2020-12-09T11:31:06.276-0500][gc,heap        ] GC(79) Heap after GC invocations=80 (full 8): garbage-first heap   total 73728K, used 46808K [0x0000000083000000, 0x0000000100000000)
[2020-12-09T11:31:06.276-0500][gc,heap        ] GC(79)   region size 1024K, 1 young (1024K), 1 survivors (1024K)
[2020-12-09T11:31:06.276-0500][gc,heap        ] GC(79)  Metaspace       used 47371K, capacity 48999K, committed 51704K, reserved 1093632K
[2020-12-09T11:31:06.276-0500][gc,heap        ] GC(79)   class space    used 7130K, capacity 7625K, committed 8448K, reserved 1048576K
[2020-12-09T11:31:06.276-0500][gc             ] GC(79) Pause Young (Concurrent Start) (G1 Evacuation Pause) 58M->45M(72M) 2.903ms
[2020-12-09T11:31:06.276-0500][gc,cpu         ] GC(79) User=0.01s Sys=0.00s Real=0.00s
[2020-12-09T11:31:06.276-0500][gc             ] GC(80) Concurrent Cycle
[2020-12-09T11:31:06.276-0500][gc,marking     ] GC(80) Concurrent Clear Claimed Marks
[2020-12-09T11:31:06.276-0500][gc,marking     ] GC(80) Concurrent Clear Claimed Marks 0.095ms
[2020-12-09T11:31:06.276-0500][gc,marking     ] GC(80) Concurrent Scan Root Regions
[2020-12-09T11:31:06.277-0500][gc,marking     ] GC(80) Concurrent Scan Root Regions 1.050ms
[2020-12-09T11:31:06.277-0500][gc,marking     ] GC(80) Concurrent Mark (2235.846s)
[2020-12-09T11:31:06.277-0500][gc,marking     ] GC(80) Concurrent Mark From Roots
[2020-12-09T11:31:06.277-0500][gc,task        ] GC(80) Using 2 workers of 2 for marking
[2020-12-09T11:31:06.313-0500][gc,marking     ] GC(80) Concurrent Mark From Roots 35.320ms
[2020-12-09T11:31:06.313-0500][gc,marking     ] GC(80) Concurrent Preclean
[2020-12-09T11:31:06.313-0500][gc,marking     ] GC(80) Concurrent Preclean 0.395ms
[2020-12-09T11:31:06.313-0500][gc,marking     ] GC(80) Concurrent Mark (2235.846s, 2235.882s) 35.799ms
[2020-12-09T11:31:06.313-0500][gc,start       ] GC(80) Pause Remark
[2020-12-09T11:31:06.322-0500][gc,stringtable ] GC(80) Cleaned string and symbol table, strings: 29909 processed, 0 removed, symbols: 117796 processed, 125 removed
[2020-12-09T11:31:06.323-0500][gc             ] GC(80) Pause Remark 45M->45M(72M) 9.505ms
[2020-12-09T11:31:06.323-0500][gc,cpu         ] GC(80) User=0.04s Sys=0.00s Real=0.01s
[2020-12-09T11:31:06.323-0500][gc,marking     ] GC(80) Concurrent Rebuild Remembered Sets
[2020-12-09T11:31:06.342-0500][gc,marking     ] GC(80) Concurrent Rebuild Remembered Sets 19.195ms
[2020-12-09T11:31:06.343-0500][gc,start       ] GC(80) Pause Cleanup
[2020-12-09T11:31:06.343-0500][gc             ] GC(80) Pause Cleanup 45M->45M(72M) 0.210ms
[2020-12-09T11:31:06.343-0500][gc,cpu         ] GC(80) User=0.00s Sys=0.00s Real=0.00s
[2020-12-09T11:31:06.343-0500][gc,marking     ] GC(80) Concurrent Cleanup for Next Mark
[2020-12-09T11:31:06.343-0500][gc,marking     ] GC(80) Concurrent Cleanup for Next Mark 0.230ms
[2020-12-09T11:31:06.343-0500][gc             ] GC(80) Concurrent Cycle 67.296ms
[2020-12-09T11:33:22.647-0500][gc,heap        ] GC(81) Heap before GC invocations=81 (full 8): garbage-first heap   total 73728K, used 58072K [0x0000000083000000, 0x0000000100000000)
[2020-12-09T11:33:22.647-0500][gc,heap        ] GC(81)   region size 1024K, 13 young (13312K), 1 survivors (1024K)
[2020-12-09T11:33:22.647-0500][gc,heap        ] GC(81)  Metaspace       used 47347K, capacity 48961K, committed 51704K, reserved 1093632K
[2020-12-09T11:33:22.647-0500][gc,heap        ] GC(81)   class space    used 7123K, capacity 7611K, committed 8448K, reserved 1048576K
[2020-12-09T11:33:22.647-0500][gc,start       ] GC(81) Pause Young (Normal) (G1 Evacuation Pause)
[2020-12-09T11:33:22.647-0500][gc,task        ] GC(81) Using 8 workers of 8 for evacuation
[2020-12-09T11:33:22.649-0500][gc,phases      ] GC(81)   Pre Evacuate Collection Set: 0.0ms
[2020-12-09T11:33:22.649-0500][gc,phases      ] GC(81)   Evacuate Collection Set: 0.8ms
[2020-12-09T11:33:22.649-0500][gc,phases      ] GC(81)   Post Evacuate Collection Set: 0.8ms
[2020-12-09T11:33:22.649-0500][gc,phases      ] GC(81)   Other: 0.2ms
[2020-12-09T11:33:22.649-0500][gc,heap        ] GC(81) Eden regions: 12->0(12)
[2020-12-09T11:33:22.649-0500][gc,heap        ] GC(81) Survivor regions: 1->1(2)
[2020-12-09T11:33:22.649-0500][gc,heap        ] GC(81) Old regions: 46->46
[2020-12-09T11:33:22.649-0500][gc,heap        ] GC(81) Humongous regions: 4->4
[2020-12-09T11:33:22.649-0500][gc,metaspace   ] GC(81) Metaspace: 47347K->47347K(1093632K)
[2020-12-09T11:33:22.649-0500][gc,heap        ] GC(81) Heap after GC invocations=82 (full 8): garbage-first heap   total 73728K, used 46642K [0x0000000083000000, 0x0000000100000000)
[2020-12-09T11:33:22.649-0500][gc,heap        ] GC(81)   region size 1024K, 1 young (1024K), 1 survivors (1024K)
[2020-12-09T11:33:22.649-0500][gc,heap        ] GC(81)  Metaspace       used 47347K, capacity 48961K, committed 51704K, reserved 1093632K
[2020-12-09T11:33:22.649-0500][gc,heap        ] GC(81)   class space    used 7123K, capacity 7611K, committed 8448K, reserved 1048576K
[2020-12-09T11:33:22.649-0500][gc             ] GC(81) Pause Young (Normal) (G1 Evacuation Pause) 57M->45M(72M) 1.907ms
[2020-12-09T11:33:22.649-0500][gc,cpu         ] GC(81) User=0.01s Sys=0.00s Real=0.00s
[2020-12-09T11:33:52.011-0500][gc,task        ] GC(82) Using 5 workers of 8 for full compaction
[2020-12-09T11:33:52.011-0500][gc,start       ] GC(82) Pause Full (System.gc())
[2020-12-09T11:33:52.011-0500][gc,heap        ] GC(82) Heap before GC invocations=82 (full 8): garbage-first heap   total 73728K, used 47666K [0x0000000083000000, 0x0000000100000000)
[2020-12-09T11:33:52.011-0500][gc,heap        ] GC(82)   region size 1024K, 4 young (4096K), 1 survivors (1024K)
[2020-12-09T11:33:52.011-0500][gc,heap        ] GC(82)  Metaspace       used 47349K, capacity 48961K, committed 51704K, reserved 1093632K
[2020-12-09T11:33:52.011-0500][gc,heap        ] GC(82)   class space    used 7123K, capacity 7611K, committed 8448K, reserved 1048576K
[2020-12-09T11:33:52.012-0500][gc,phases,start] GC(82) Phase 1: Mark live objects
[2020-12-09T11:33:52.035-0500][gc,stringtable ] GC(82) Cleaned string and symbol table, strings: 29923 processed, 5 removed, symbols: 117671 processed, 4 removed
[2020-12-09T11:33:52.036-0500][gc,phases      ] GC(82) Phase 1: Mark live objects 24.038ms
[2020-12-09T11:33:52.036-0500][gc,phases,start] GC(82) Phase 2: Prepare for compaction
[2020-12-09T11:33:52.040-0500][gc,phases      ] GC(82) Phase 2: Prepare for compaction 3.962ms
[2020-12-09T11:33:52.040-0500][gc,phases,start] GC(82) Phase 3: Adjust pointers
[2020-12-09T11:33:52.051-0500][gc,phases      ] GC(82) Phase 3: Adjust pointers 11.679ms
[2020-12-09T11:33:52.051-0500][gc,phases,start] GC(82) Phase 4: Compact heap
[2020-12-09T11:33:52.056-0500][gc,phases      ] GC(82) Phase 4: Compact heap 4.352ms
[2020-12-09T11:33:52.062-0500][gc,heap        ] GC(82) Eden regions: 3->0(13)
[2020-12-09T11:33:52.062-0500][gc,heap        ] GC(82) Survivor regions: 1->0(2)
[2020-12-09T11:33:52.062-0500][gc,heap        ] GC(82) Old regions: 46->45
[2020-12-09T11:33:52.062-0500][gc,heap        ] GC(82) Humongous regions: 4->4
[2020-12-09T11:33:52.062-0500][gc,metaspace   ] GC(82) Metaspace: 47349K->47310K(1093632K)
[2020-12-09T11:33:52.062-0500][gc,heap        ] GC(82) Heap after GC invocations=83 (full 9): garbage-first heap   total 71680K, used 46475K [0x0000000083000000, 0x0000000100000000)
[2020-12-09T11:33:52.062-0500][gc,heap        ] GC(82)   region size 1024K, 0 young (0K), 0 survivors (0K)
[2020-12-09T11:33:52.062-0500][gc,heap        ] GC(82)  Metaspace       used 47310K, capacity 48902K, committed 51704K, reserved 1093632K
[2020-12-09T11:33:52.062-0500][gc,heap        ] GC(82)   class space    used 7113K, capacity 7591K, committed 8448K, reserved 1048576K
[2020-12-09T11:33:52.062-0500][gc             ] GC(82) Pause Full (System.gc()) 47M->45M(70M) 50.674ms
[2020-12-09T11:33:52.062-0500][gc,cpu         ] GC(82) User=0.19s Sys=0.01s Real=0.05s
[2020-12-09T11:36:12.647-0500][gc,heap        ] GC(83) Heap before GC invocations=83 (full 9): garbage-first heap   total 71680K, used 58763K [0x0000000083000000, 0x0000000100000000)
[2020-12-09T11:36:12.647-0500][gc,heap        ] GC(83)   region size 1024K, 13 young (13312K), 0 survivors (0K)
[2020-12-09T11:36:12.647-0500][gc,heap        ] GC(83)  Metaspace       used 47311K, capacity 48902K, committed 51704K, reserved 1093632K
[2020-12-09T11:36:12.647-0500][gc,heap        ] GC(83)   class space    used 7113K, capacity 7591K, committed 8448K, reserved 1048576K
[2020-12-09T11:36:12.647-0500][gc,start       ] GC(83) Pause Young (Concurrent Start) (G1 Evacuation Pause)
[2020-12-09T11:36:12.647-0500][gc,task        ] GC(83) Using 8 workers of 8 for evacuation
[2020-12-09T11:36:12.650-0500][gc,phases      ] GC(83)   Pre Evacuate Collection Set: 0.2ms
[2020-12-09T11:36:12.650-0500][gc,phases      ] GC(83)   Evacuate Collection Set: 1.3ms
[2020-12-09T11:36:12.650-0500][gc,phases      ] GC(83)   Post Evacuate Collection Set: 1.6ms
[2020-12-09T11:36:12.650-0500][gc,phases      ] GC(83)   Other: 0.3ms
[2020-12-09T11:36:12.650-0500][gc,heap        ] GC(83) Eden regions: 13->0(12)
[2020-12-09T11:36:12.650-0500][gc,heap        ] GC(83) Survivor regions: 0->1(2)
[2020-12-09T11:36:12.650-0500][gc,heap        ] GC(83) Old regions: 45->45
[2020-12-09T11:36:12.650-0500][gc,heap        ] GC(83) Humongous regions: 4->4
[2020-12-09T11:36:12.650-0500][gc,metaspace   ] GC(83) Metaspace: 47311K->47311K(1093632K)
[2020-12-09T11:36:12.650-0500][gc,heap        ] GC(83) Heap after GC invocations=84 (full 9): garbage-first heap   total 71680K, used 46576K [0x0000000083000000, 0x0000000100000000)
[2020-12-09T11:36:12.650-0500][gc,heap        ] GC(83)   region size 1024K, 1 young (1024K), 1 survivors (1024K)
[2020-12-09T11:36:12.650-0500][gc,heap        ] GC(83)  Metaspace       used 47311K, capacity 48902K, committed 51704K, reserved 1093632K
[2020-12-09T11:36:12.650-0500][gc,heap        ] GC(83)   class space    used 7113K, capacity 7591K, committed 8448K, reserved 1048576K
[2020-12-09T11:36:12.650-0500][gc             ] GC(83) Pause Young (Concurrent Start) (G1 Evacuation Pause) 58M->45M(70M) 3.500ms
[2020-12-09T11:36:12.650-0500][gc,cpu         ] GC(83) User=0.01s Sys=0.01s Real=0.00s
[2020-12-09T11:36:12.650-0500][gc             ] GC(84) Concurrent Cycle
[2020-12-09T11:36:12.651-0500][gc,marking     ] GC(84) Concurrent Clear Claimed Marks
[2020-12-09T11:36:12.651-0500][gc,marking     ] GC(84) Concurrent Clear Claimed Marks 0.086ms
[2020-12-09T11:36:12.651-0500][gc,marking     ] GC(84) Concurrent Scan Root Regions
[2020-12-09T11:36:12.652-0500][gc,marking     ] GC(84) Concurrent Scan Root Regions 1.021ms
[2020-12-09T11:36:12.652-0500][gc,marking     ] GC(84) Concurrent Mark (2542.221s)
[2020-12-09T11:36:12.652-0500][gc,marking     ] GC(84) Concurrent Mark From Roots
[2020-12-09T11:36:12.652-0500][gc,task        ] GC(84) Using 2 workers of 2 for marking
[2020-12-09T11:36:12.697-0500][gc,marking     ] GC(84) Concurrent Mark From Roots 45.203ms
[2020-12-09T11:36:12.697-0500][gc,marking     ] GC(84) Concurrent Preclean
[2020-12-09T11:36:12.697-0500][gc,marking     ] GC(84) Concurrent Preclean 0.298ms
[2020-12-09T11:36:12.697-0500][gc,marking     ] GC(84) Concurrent Mark (2542.221s, 2542.266s) 45.583ms
[2020-12-09T11:36:12.698-0500][gc,start       ] GC(84) Pause Remark
[2020-12-09T11:36:12.702-0500][gc,stringtable ] GC(84) Cleaned string and symbol table, strings: 29938 processed, 0 removed, symbols: 117667 processed, 1 removed
[2020-12-09T11:36:12.702-0500][gc             ] GC(84) Pause Remark 45M->45M(70M) 4.883ms
[2020-12-09T11:36:12.703-0500][gc,cpu         ] GC(84) User=0.03s Sys=0.00s Real=0.00s
[2020-12-09T11:36:12.703-0500][gc,marking     ] GC(84) Concurrent Rebuild Remembered Sets
[2020-12-09T11:36:12.723-0500][gc,marking     ] GC(84) Concurrent Rebuild Remembered Sets 19.867ms
[2020-12-09T11:36:12.723-0500][gc,start       ] GC(84) Pause Cleanup
[2020-12-09T11:36:12.723-0500][gc             ] GC(84) Pause Cleanup 45M->45M(70M) 0.291ms
[2020-12-09T11:36:12.723-0500][gc,cpu         ] GC(84) User=0.00s Sys=0.00s Real=0.00s
[2020-12-09T11:36:12.723-0500][gc,marking     ] GC(84) Concurrent Cleanup for Next Mark
[2020-12-09T11:36:12.724-0500][gc,marking     ] GC(84) Concurrent Cleanup for Next Mark 0.270ms
[2020-12-09T11:36:12.724-0500][gc             ] GC(84) Concurrent Cycle 73.159ms
[2020-12-09T11:38:23.227-0500][gc,heap        ] GC(85) Heap before GC invocations=85 (full 9): garbage-first heap   total 71680K, used 57840K [0x0000000083000000, 0x0000000100000000)
[2020-12-09T11:38:23.227-0500][gc,heap        ] GC(85)   region size 1024K, 13 young (13312K), 1 survivors (1024K)
[2020-12-09T11:38:23.227-0500][gc,heap        ] GC(85)  Metaspace       used 47343K, capacity 48902K, committed 51704K, reserved 1093632K
[2020-12-09T11:38:23.227-0500][gc,heap        ] GC(85)   class space    used 7113K, capacity 7591K, committed 8448K, reserved 1048576K
[2020-12-09T11:38:23.227-0500][gc,start       ] GC(85) Pause Young (Normal) (G1 Evacuation Pause)
[2020-12-09T11:38:23.227-0500][gc,task        ] GC(85) Using 8 workers of 8 for evacuation
[2020-12-09T11:38:23.233-0500][gc,phases      ] GC(85)   Pre Evacuate Collection Set: 0.2ms
[2020-12-09T11:38:23.233-0500][gc,phases      ] GC(85)   Evacuate Collection Set: 2.3ms
[2020-12-09T11:38:23.233-0500][gc,phases      ] GC(85)   Post Evacuate Collection Set: 2.6ms
[2020-12-09T11:38:23.233-0500][gc,phases      ] GC(85)   Other: 0.5ms
[2020-12-09T11:38:23.233-0500][gc,heap        ] GC(85) Eden regions: 12->0(12)
[2020-12-09T11:38:23.233-0500][gc,heap        ] GC(85) Survivor regions: 1->1(2)
[2020-12-09T11:38:23.233-0500][gc,heap        ] GC(85) Old regions: 45->45
[2020-12-09T11:38:23.233-0500][gc,heap        ] GC(85) Humongous regions: 4->4
[2020-12-09T11:38:23.233-0500][gc,metaspace   ] GC(85) Metaspace: 47343K->47343K(1093632K)
[2020-12-09T11:38:23.233-0500][gc,heap        ] GC(85) Heap after GC invocations=86 (full 9): garbage-first heap   total 71680K, used 46554K [0x0000000083000000, 0x0000000100000000)
[2020-12-09T11:38:23.233-0500][gc,heap        ] GC(85)   region size 1024K, 1 young (1024K), 1 survivors (1024K)
[2020-12-09T11:38:23.233-0500][gc,heap        ] GC(85)  Metaspace       used 47343K, capacity 48902K, committed 51704K, reserved 1093632K
[2020-12-09T11:38:23.233-0500][gc,heap        ] GC(85)   class space    used 7113K, capacity 7591K, committed 8448K, reserved 1048576K
[2020-12-09T11:38:23.233-0500][gc             ] GC(85) Pause Young (Normal) (G1 Evacuation Pause) 57M->45M(70M) 5.683ms
[2020-12-09T11:38:23.233-0500][gc,cpu         ] GC(85) User=0.02s Sys=0.01s Real=0.00s
[2020-12-09T11:38:52.011-0500][gc,task        ] GC(86) Using 5 workers of 8 for full compaction
[2020-12-09T11:38:52.011-0500][gc,start       ] GC(86) Pause Full (System.gc())
[2020-12-09T11:38:52.011-0500][gc,heap        ] GC(86) Heap before GC invocations=86 (full 9): garbage-first heap   total 71680K, used 47578K [0x0000000083000000, 0x0000000100000000)
[2020-12-09T11:38:52.011-0500][gc,heap        ] GC(86)   region size 1024K, 4 young (4096K), 1 survivors (1024K)
[2020-12-09T11:38:52.011-0500][gc,heap        ] GC(86)  Metaspace       used 47343K, capacity 48902K, committed 51704K, reserved 1093632K
[2020-12-09T11:38:52.011-0500][gc,heap        ] GC(86)   class space    used 7113K, capacity 7591K, committed 8448K, reserved 1048576K
[2020-12-09T11:38:52.011-0500][gc,phases,start] GC(86) Phase 1: Mark live objects
[2020-12-09T11:38:52.046-0500][gc,stringtable ] GC(86) Cleaned string and symbol table, strings: 29941 processed, 5 removed, symbols: 117666 processed, 0 removed
[2020-12-09T11:38:52.046-0500][gc,phases      ] GC(86) Phase 1: Mark live objects 35.157ms
[2020-12-09T11:38:52.046-0500][gc,phases,start] GC(86) Phase 2: Prepare for compaction
[2020-12-09T11:38:52.050-0500][gc,phases      ] GC(86) Phase 2: Prepare for compaction 4.023ms
[2020-12-09T11:38:52.051-0500][gc,phases,start] GC(86) Phase 3: Adjust pointers
[2020-12-09T11:38:52.061-0500][gc,phases      ] GC(86) Phase 3: Adjust pointers 10.728ms
[2020-12-09T11:38:52.061-0500][gc,phases,start] GC(86) Phase 4: Compact heap
[2020-12-09T11:38:52.065-0500][gc,phases      ] GC(86) Phase 4: Compact heap 3.234ms
[2020-12-09T11:38:52.070-0500][gc,heap        ] GC(86) Eden regions: 3->0(13)
[2020-12-09T11:38:52.070-0500][gc,heap        ] GC(86) Survivor regions: 1->0(2)
[2020-12-09T11:38:52.070-0500][gc,heap        ] GC(86) Old regions: 45->45
[2020-12-09T11:38:52.070-0500][gc,heap        ] GC(86) Humongous regions: 4->4
[2020-12-09T11:38:52.070-0500][gc,metaspace   ] GC(86) Metaspace: 47343K->47343K(1093632K)
[2020-12-09T11:38:52.070-0500][gc,heap        ] GC(86) Heap after GC invocations=87 (full 10): garbage-first heap   total 71680K, used 46478K [0x0000000083000000, 0x0000000100000000)
[2020-12-09T11:38:52.070-0500][gc,heap        ] GC(86)   region size 1024K, 0 young (0K), 0 survivors (0K)
[2020-12-09T11:38:52.070-0500][gc,heap        ] GC(86)  Metaspace       used 47343K, capacity 48902K, committed 51704K, reserved 1093632K
[2020-12-09T11:38:52.070-0500][gc,heap        ] GC(86)   class space    used 7113K, capacity 7591K, committed 8448K, reserved 1048576K
[2020-12-09T11:38:52.070-0500][gc             ] GC(86) Pause Full (System.gc()) 47M->45M(70M) 59.325ms
[2020-12-09T11:38:52.070-0500][gc,cpu         ] GC(86) User=0.25s Sys=0.00s Real=0.06s
[2020-12-09T11:41:07.715-0500][gc,heap        ] GC(87) Heap before GC invocations=87 (full 10): garbage-first heap   total 71680K, used 58766K [0x0000000083000000, 0x0000000100000000)
[2020-12-09T11:41:07.716-0500][gc,heap        ] GC(87)   region size 1024K, 13 young (13312K), 0 survivors (0K)
[2020-12-09T11:41:07.716-0500][gc,heap        ] GC(87)  Metaspace       used 47344K, capacity 48902K, committed 51704K, reserved 1093632K
[2020-12-09T11:41:07.716-0500][gc,heap        ] GC(87)   class space    used 7113K, capacity 7591K, committed 8448K, reserved 1048576K
[2020-12-09T11:41:07.716-0500][gc,start       ] GC(87) Pause Young (Concurrent Start) (G1 Evacuation Pause)
[2020-12-09T11:41:07.716-0500][gc,task        ] GC(87) Using 8 workers of 8 for evacuation
[2020-12-09T11:41:07.720-0500][gc,phases      ] GC(87)   Pre Evacuate Collection Set: 0.2ms
[2020-12-09T11:41:07.720-0500][gc,phases      ] GC(87)   Evacuate Collection Set: 2.1ms
[2020-12-09T11:41:07.720-0500][gc,phases      ] GC(87)   Post Evacuate Collection Set: 1.6ms
[2020-12-09T11:41:07.720-0500][gc,phases      ] GC(87)   Other: 0.6ms
[2020-12-09T11:41:07.720-0500][gc,heap        ] GC(87) Eden regions: 13->0(12)
[2020-12-09T11:41:07.720-0500][gc,heap        ] GC(87) Survivor regions: 0->1(2)
[2020-12-09T11:41:07.720-0500][gc,heap        ] GC(87) Old regions: 45->45
[2020-12-09T11:41:07.720-0500][gc,heap        ] GC(87) Humongous regions: 4->4
[2020-12-09T11:41:07.720-0500][gc,metaspace   ] GC(87) Metaspace: 47344K->47344K(1093632K)
[2020-12-09T11:41:07.720-0500][gc,heap        ] GC(87) Heap after GC invocations=88 (full 10): garbage-first heap   total 71680K, used 46660K [0x0000000083000000, 0x0000000100000000)
[2020-12-09T11:41:07.720-0500][gc,heap        ] GC(87)   region size 1024K, 1 young (1024K), 1 survivors (1024K)
[2020-12-09T11:41:07.720-0500][gc,heap        ] GC(87)  Metaspace       used 47344K, capacity 48902K, committed 51704K, reserved 1093632K
[2020-12-09T11:41:07.720-0500][gc,heap        ] GC(87)   class space    used 7113K, capacity 7591K, committed 8448K, reserved 1048576K
[2020-12-09T11:41:07.720-0500][gc             ] GC(87) Pause Young (Concurrent Start) (G1 Evacuation Pause) 58M->45M(70M) 4.686ms
[2020-12-09T11:41:07.720-0500][gc,cpu         ] GC(87) User=0.01s Sys=0.00s Real=0.01s
[2020-12-09T11:41:07.721-0500][gc             ] GC(88) Concurrent Cycle
[2020-12-09T11:41:07.721-0500][gc,marking     ] GC(88) Concurrent Clear Claimed Marks
[2020-12-09T11:41:07.721-0500][gc,marking     ] GC(88) Concurrent Clear Claimed Marks 0.081ms
[2020-12-09T11:41:07.721-0500][gc,marking     ] GC(88) Concurrent Scan Root Regions
[2020-12-09T11:41:07.723-0500][gc,marking     ] GC(88) Concurrent Scan Root Regions 2.018ms
[2020-12-09T11:41:07.723-0500][gc,marking     ] GC(88) Concurrent Mark (2837.292s)
[2020-12-09T11:41:07.723-0500][gc,marking     ] GC(88) Concurrent Mark From Roots
[2020-12-09T11:41:07.723-0500][gc,task        ] GC(88) Using 2 workers of 2 for marking
[2020-12-09T11:41:07.777-0500][gc,marking     ] GC(88) Concurrent Mark From Roots 54.639ms
[2020-12-09T11:41:07.778-0500][gc,marking     ] GC(88) Concurrent Preclean
[2020-12-09T11:41:07.778-0500][gc,marking     ] GC(88) Concurrent Preclean 0.285ms
[2020-12-09T11:41:07.778-0500][gc,marking     ] GC(88) Concurrent Mark (2837.292s, 2837.347s) 55.018ms
[2020-12-09T11:41:07.778-0500][gc,start       ] GC(88) Pause Remark
[2020-12-09T11:41:07.783-0500][gc,stringtable ] GC(88) Cleaned string and symbol table, strings: 29942 processed, 0 removed, symbols: 117666 processed, 0 removed
[2020-12-09T11:41:07.783-0500][gc             ] GC(88) Pause Remark 45M->45M(70M) 4.993ms
[2020-12-09T11:41:07.783-0500][gc,cpu         ] GC(88) User=0.03s Sys=0.01s Real=0.00s
[2020-12-09T11:41:07.783-0500][gc,marking     ] GC(88) Concurrent Rebuild Remembered Sets
[2020-12-09T11:41:07.802-0500][gc,marking     ] GC(88) Concurrent Rebuild Remembered Sets 18.761ms
[2020-12-09T11:41:07.802-0500][gc,start       ] GC(88) Pause Cleanup
[2020-12-09T11:41:07.803-0500][gc             ] GC(88) Pause Cleanup 45M->45M(70M) 0.226ms
[2020-12-09T11:41:07.803-0500][gc,cpu         ] GC(88) User=0.01s Sys=0.00s Real=0.00s
[2020-12-09T11:41:07.803-0500][gc,marking     ] GC(88) Concurrent Cleanup for Next Mark
[2020-12-09T11:41:07.803-0500][gc,marking     ] GC(88) Concurrent Cleanup for Next Mark 0.207ms
[2020-12-09T11:41:07.803-0500][gc             ] GC(88) Concurrent Cycle 82.360ms
[2020-12-09T11:43:22.652-0500][gc,heap        ] GC(89) Heap before GC invocations=89 (full 10): garbage-first heap   total 71680K, used 57919K [0x0000000083000000, 0x0000000100000000)
[2020-12-09T11:43:22.652-0500][gc,heap        ] GC(89)   region size 1024K, 13 young (13312K), 1 survivors (1024K)
[2020-12-09T11:43:22.652-0500][gc,heap        ] GC(89)  Metaspace       used 47345K, capacity 48902K, committed 51704K, reserved 1093632K
[2020-12-09T11:43:22.652-0500][gc,heap        ] GC(89)   class space    used 7113K, capacity 7591K, committed 8448K, reserved 1048576K
[2020-12-09T11:43:22.652-0500][gc,start       ] GC(89) Pause Young (Normal) (G1 Evacuation Pause)
[2020-12-09T11:43:22.652-0500][gc,task        ] GC(89) Using 8 workers of 8 for evacuation
[2020-12-09T11:43:22.657-0500][gc,phases      ] GC(89)   Pre Evacuate Collection Set: 0.0ms
[2020-12-09T11:43:22.657-0500][gc,phases      ] GC(89)   Evacuate Collection Set: 2.2ms
[2020-12-09T11:43:22.657-0500][gc,phases      ] GC(89)   Post Evacuate Collection Set: 2.3ms
[2020-12-09T11:43:22.657-0500][gc,phases      ] GC(89)   Other: 0.6ms
[2020-12-09T11:43:22.657-0500][gc,heap        ] GC(89) Eden regions: 12->0(13)
[2020-12-09T11:43:22.657-0500][gc,heap        ] GC(89) Survivor regions: 1->1(2)
[2020-12-09T11:43:22.657-0500][gc,heap        ] GC(89) Old regions: 44->44
[2020-12-09T11:43:22.657-0500][gc,heap        ] GC(89) Humongous regions: 4->4
[2020-12-09T11:43:22.657-0500][gc,metaspace   ] GC(89) Metaspace: 47345K->47345K(1093632K)
[2020-12-09T11:43:22.657-0500][gc,heap        ] GC(89) Heap after GC invocations=90 (full 10): garbage-first heap   total 71680K, used 46566K [0x0000000083000000, 0x0000000100000000)
[2020-12-09T11:43:22.657-0500][gc,heap        ] GC(89)   region size 1024K, 1 young (1024K), 1 survivors (1024K)
[2020-12-09T11:43:22.657-0500][gc,heap        ] GC(89)  Metaspace       used 47345K, capacity 48902K, committed 51704K, reserved 1093632K
[2020-12-09T11:43:22.657-0500][gc,heap        ] GC(89)   class space    used 7113K, capacity 7591K, committed 8448K, reserved 1048576K
[2020-12-09T11:43:22.657-0500][gc             ] GC(89) Pause Young (Normal) (G1 Evacuation Pause) 57M->45M(70M) 5.209ms
[2020-12-09T11:43:22.657-0500][gc,cpu         ] GC(89) User=0.01s Sys=0.00s Real=0.01s
[2020-12-09T11:43:52.013-0500][gc,task        ] GC(90) Using 5 workers of 8 for full compaction
[2020-12-09T11:43:52.013-0500][gc,start       ] GC(90) Pause Full (System.gc())
[2020-12-09T11:43:52.013-0500][gc,heap        ] GC(90) Heap before GC invocations=90 (full 10): garbage-first heap   total 71680K, used 48614K [0x0000000083000000, 0x0000000100000000)
[2020-12-09T11:43:52.013-0500][gc,heap        ] GC(90)   region size 1024K, 4 young (4096K), 1 survivors (1024K)
[2020-12-09T11:43:52.013-0500][gc,heap        ] GC(90)  Metaspace       used 47350K, capacity 48902K, committed 51704K, reserved 1093632K
[2020-12-09T11:43:52.013-0500][gc,heap        ] GC(90)   class space    used 7113K, capacity 7591K, committed 8448K, reserved 1048576K
[2020-12-09T11:43:52.014-0500][gc,phases,start] GC(90) Phase 1: Mark live objects
[2020-12-09T11:43:52.058-0500][gc,stringtable ] GC(90) Cleaned string and symbol table, strings: 29942 processed, 5 removed, symbols: 117666 processed, 0 removed
[2020-12-09T11:43:52.058-0500][gc,phases      ] GC(90) Phase 1: Mark live objects 44.395ms
[2020-12-09T11:43:52.058-0500][gc,phases,start] GC(90) Phase 2: Prepare for compaction
[2020-12-09T11:43:52.062-0500][gc,phases      ] GC(90) Phase 2: Prepare for compaction 4.010ms
[2020-12-09T11:43:52.062-0500][gc,phases,start] GC(90) Phase 3: Adjust pointers
[2020-12-09T11:43:52.074-0500][gc,phases      ] GC(90) Phase 3: Adjust pointers 11.915ms
[2020-12-09T11:43:52.074-0500][gc,phases,start] GC(90) Phase 4: Compact heap
[2020-12-09T11:43:52.077-0500][gc,phases      ] GC(90) Phase 4: Compact heap 3.447ms
[2020-12-09T11:43:52.083-0500][gc,heap        ] GC(90) Eden regions: 3->0(13)
[2020-12-09T11:43:52.083-0500][gc,heap        ] GC(90) Survivor regions: 1->0(2)
[2020-12-09T11:43:52.083-0500][gc,heap        ] GC(90) Old regions: 44->44
[2020-12-09T11:43:52.083-0500][gc,heap        ] GC(90) Humongous regions: 4->4
[2020-12-09T11:43:52.083-0500][gc,metaspace   ] GC(90) Metaspace: 47350K->47350K(1093632K)
[2020-12-09T11:43:52.083-0500][gc,heap        ] GC(90) Heap after GC invocations=91 (full 11): garbage-first heap   total 70656K, used 46477K [0x0000000083000000, 0x0000000100000000)
[2020-12-09T11:43:52.083-0500][gc,heap        ] GC(90)   region size 1024K, 0 young (0K), 0 survivors (0K)
[2020-12-09T11:43:52.083-0500][gc,heap        ] GC(90)  Metaspace       used 47350K, capacity 48902K, committed 51704K, reserved 1093632K
[2020-12-09T11:43:52.083-0500][gc,heap        ] GC(90)   class space    used 7113K, capacity 7591K, committed 8448K, reserved 1048576K
[2020-12-09T11:43:52.083-0500][gc             ] GC(90) Pause Full (System.gc()) 47M->45M(69M) 70.664ms
[2020-12-09T11:43:52.083-0500][gc,cpu         ] GC(90) User=0.31s Sys=0.00s Real=0.07s
[2020-12-09T11:46:12.647-0500][gc,heap        ] GC(91) Heap before GC invocations=91 (full 11): garbage-first heap   total 70656K, used 58765K [0x0000000083000000, 0x0000000100000000)
[2020-12-09T11:46:12.647-0500][gc,heap        ] GC(91)   region size 1024K, 13 young (13312K), 0 survivors (0K)
[2020-12-09T11:46:12.647-0500][gc,heap        ] GC(91)  Metaspace       used 47360K, capacity 48902K, committed 51704K, reserved 1093632K
[2020-12-09T11:46:12.647-0500][gc,heap        ] GC(91)   class space    used 7113K, capacity 7591K, committed 8448K, reserved 1048576K
[2020-12-09T11:46:12.647-0500][gc,start       ] GC(91) Pause Young (Concurrent Start) (G1 Evacuation Pause)
[2020-12-09T11:46:12.647-0500][gc,task        ] GC(91) Using 8 workers of 8 for evacuation
[2020-12-09T11:46:12.656-0500][gc,phases      ] GC(91)   Pre Evacuate Collection Set: 0.2ms
[2020-12-09T11:46:12.656-0500][gc,phases      ] GC(91)   Evacuate Collection Set: 5.3ms
[2020-12-09T11:46:12.656-0500][gc,phases      ] GC(91)   Post Evacuate Collection Set: 2.1ms
[2020-12-09T11:46:12.656-0500][gc,phases      ] GC(91)   Other: 0.7ms
[2020-12-09T11:46:12.656-0500][gc,heap        ] GC(91) Eden regions: 13->0(12)
[2020-12-09T11:46:12.656-0500][gc,heap        ] GC(91) Survivor regions: 0->1(2)
[2020-12-09T11:46:12.656-0500][gc,heap        ] GC(91) Old regions: 44->44
[2020-12-09T11:46:12.656-0500][gc,heap        ] GC(91) Humongous regions: 4->4
[2020-12-09T11:46:12.656-0500][gc,metaspace   ] GC(91) Metaspace: 47360K->47360K(1093632K)
[2020-12-09T11:46:12.656-0500][gc,heap        ] GC(91) Heap after GC invocations=92 (full 11): garbage-first heap   total 70656K, used 46571K [0x0000000083000000, 0x0000000100000000)
[2020-12-09T11:46:12.656-0500][gc,heap        ] GC(91)   region size 1024K, 1 young (1024K), 1 survivors (1024K)
[2020-12-09T11:46:12.656-0500][gc,heap        ] GC(91)  Metaspace       used 47360K, capacity 48902K, committed 51704K, reserved 1093632K
[2020-12-09T11:46:12.656-0500][gc,heap        ] GC(91)   class space    used 7113K, capacity 7591K, committed 8448K, reserved 1048576K
[2020-12-09T11:46:12.656-0500][gc             ] GC(91) Pause Young (Concurrent Start) (G1 Evacuation Pause) 58M->45M(69M) 8.748ms
[2020-12-09T11:46:12.656-0500][gc,cpu         ] GC(91) User=0.03s Sys=0.01s Real=0.00s
[2020-12-09T11:46:12.656-0500][gc             ] GC(92) Concurrent Cycle
[2020-12-09T11:46:12.656-0500][gc,marking     ] GC(92) Concurrent Clear Claimed Marks
[2020-12-09T11:46:12.657-0500][gc,marking     ] GC(92) Concurrent Clear Claimed Marks 0.219ms
[2020-12-09T11:46:12.657-0500][gc,marking     ] GC(92) Concurrent Scan Root Regions
[2020-12-09T11:46:12.659-0500][gc,marking     ] GC(92) Concurrent Scan Root Regions 2.481ms
[2020-12-09T11:46:12.659-0500][gc,marking     ] GC(92) Concurrent Mark (3142.228s)
[2020-12-09T11:46:12.659-0500][gc,marking     ] GC(92) Concurrent Mark From Roots
[2020-12-09T11:46:12.659-0500][gc,task        ] GC(92) Using 2 workers of 2 for marking
[2020-12-09T11:46:12.721-0500][gc,marking     ] GC(92) Concurrent Mark From Roots 61.955ms
[2020-12-09T11:46:12.721-0500][gc,marking     ] GC(92) Concurrent Preclean
[2020-12-09T11:46:12.722-0500][gc,marking     ] GC(92) Concurrent Preclean 0.306ms
[2020-12-09T11:46:12.722-0500][gc,marking     ] GC(92) Concurrent Mark (3142.228s, 3142.291s) 62.357ms
[2020-12-09T11:46:12.722-0500][gc,start       ] GC(92) Pause Remark
[2020-12-09T11:46:12.727-0500][gc,stringtable ] GC(92) Cleaned string and symbol table, strings: 29943 processed, 0 removed, symbols: 117666 processed, 0 removed
[2020-12-09T11:46:12.727-0500][gc             ] GC(92) Pause Remark 46M->46M(69M) 5.341ms
[2020-12-09T11:46:12.727-0500][gc,cpu         ] GC(92) User=0.03s Sys=0.00s Real=0.01s
[2020-12-09T11:46:12.727-0500][gc,marking     ] GC(92) Concurrent Rebuild Remembered Sets
[2020-12-09T11:46:12.746-0500][gc,marking     ] GC(92) Concurrent Rebuild Remembered Sets 18.865ms
[2020-12-09T11:46:12.747-0500][gc,start       ] GC(92) Pause Cleanup
[2020-12-09T11:46:12.747-0500][gc             ] GC(92) Pause Cleanup 46M->46M(69M) 0.263ms
[2020-12-09T11:46:12.747-0500][gc,cpu         ] GC(92) User=0.00s Sys=0.00s Real=0.00s
[2020-12-09T11:46:12.747-0500][gc,marking     ] GC(92) Concurrent Cleanup for Next Mark
[2020-12-09T11:46:12.747-0500][gc,marking     ] GC(92) Concurrent Cleanup for Next Mark 0.242ms
[2020-12-09T11:46:12.747-0500][gc             ] GC(92) Concurrent Cycle 90.935ms
[2020-12-09T11:48:22.653-0500][gc,heap        ] GC(93) Heap before GC invocations=93 (full 11): garbage-first heap   total 70656K, used 57835K [0x0000000083000000, 0x0000000100000000)
[2020-12-09T11:48:22.653-0500][gc,heap        ] GC(93)   region size 1024K, 13 young (13312K), 1 survivors (1024K)
[2020-12-09T11:48:22.653-0500][gc,heap        ] GC(93)  Metaspace       used 47360K, capacity 48902K, committed 51704K, reserved 1093632K
[2020-12-09T11:48:22.654-0500][gc,heap        ] GC(93)   class space    used 7113K, capacity 7591K, committed 8448K, reserved 1048576K
[2020-12-09T11:48:22.654-0500][gc,start       ] GC(93) Pause Young (Normal) (G1 Evacuation Pause)
[2020-12-09T11:48:22.654-0500][gc,task        ] GC(93) Using 8 workers of 8 for evacuation
[2020-12-09T11:48:22.658-0500][gc,phases      ] GC(93)   Pre Evacuate Collection Set: 0.0ms
[2020-12-09T11:48:22.658-0500][gc,phases      ] GC(93)   Evacuate Collection Set: 2.0ms
[2020-12-09T11:48:22.658-0500][gc,phases      ] GC(93)   Post Evacuate Collection Set: 1.7ms
[2020-12-09T11:48:22.658-0500][gc,phases      ] GC(93)   Other: 0.4ms
[2020-12-09T11:48:22.658-0500][gc,heap        ] GC(93) Eden regions: 12->0(12)
[2020-12-09T11:48:22.658-0500][gc,heap        ] GC(93) Survivor regions: 1->1(2)
[2020-12-09T11:48:22.658-0500][gc,heap        ] GC(93) Old regions: 44->44
[2020-12-09T11:48:22.658-0500][gc,heap        ] GC(93) Humongous regions: 4->4
[2020-12-09T11:48:22.658-0500][gc,metaspace   ] GC(93) Metaspace: 47360K->47360K(1093632K)
[2020-12-09T11:48:22.658-0500][gc,heap        ] GC(93) Heap after GC invocations=94 (full 11): garbage-first heap   total 70656K, used 46560K [0x0000000083000000, 0x0000000100000000)
[2020-12-09T11:48:22.658-0500][gc,heap        ] GC(93)   region size 1024K, 1 young (1024K), 1 survivors (1024K)
[2020-12-09T11:48:22.658-0500][gc,heap        ] GC(93)  Metaspace       used 47360K, capacity 48902K, committed 51704K, reserved 1093632K
[2020-12-09T11:48:22.658-0500][gc,heap        ] GC(93)   class space    used 7113K, capacity 7591K, committed 8448K, reserved 1048576K
[2020-12-09T11:48:22.658-0500][gc             ] GC(93) Pause Young (Normal) (G1 Evacuation Pause) 57M->45M(69M) 4.311ms
[2020-12-09T11:48:22.658-0500][gc,cpu         ] GC(93) User=0.02s Sys=0.01s Real=0.01s
[2020-12-09T11:48:52.012-0500][gc,task        ] GC(94) Using 5 workers of 8 for full compaction
[2020-12-09T11:48:52.012-0500][gc,start       ] GC(94) Pause Full (System.gc())
[2020-12-09T11:48:52.012-0500][gc,heap        ] GC(94) Heap before GC invocations=94 (full 11): garbage-first heap   total 70656K, used 48608K [0x0000000083000000, 0x0000000100000000)
[2020-12-09T11:48:52.012-0500][gc,heap        ] GC(94)   region size 1024K, 4 young (4096K), 1 survivors (1024K)
[2020-12-09T11:48:52.012-0500][gc,heap        ] GC(94)  Metaspace       used 47360K, capacity 48902K, committed 51704K, reserved 1093632K
[2020-12-09T11:48:52.012-0500][gc,heap        ] GC(94)   class space    used 7113K, capacity 7591K, committed 8448K, reserved 1048576K
[2020-12-09T11:48:52.012-0500][gc,phases,start] GC(94) Phase 1: Mark live objects
[2020-12-09T11:48:52.055-0500][gc,stringtable ] GC(94) Cleaned string and symbol table, strings: 29943 processed, 8 removed, symbols: 117666 processed, 0 removed
[2020-12-09T11:48:52.055-0500][gc,phases      ] GC(94) Phase 1: Mark live objects 43.074ms
[2020-12-09T11:48:52.055-0500][gc,phases,start] GC(94) Phase 2: Prepare for compaction
[2020-12-09T11:48:52.060-0500][gc,phases      ] GC(94) Phase 2: Prepare for compaction 4.600ms
[2020-12-09T11:48:52.060-0500][gc,phases,start] GC(94) Phase 3: Adjust pointers
[2020-12-09T11:48:52.074-0500][gc,phases      ] GC(94) Phase 3: Adjust pointers 13.817ms
[2020-12-09T11:48:52.074-0500][gc,phases,start] GC(94) Phase 4: Compact heap
[2020-12-09T11:48:52.079-0500][gc,phases      ] GC(94) Phase 4: Compact heap 5.316ms
[2020-12-09T11:48:52.086-0500][gc,heap        ] GC(94) Eden regions: 3->0(13)
[2020-12-09T11:48:52.086-0500][gc,heap        ] GC(94) Survivor regions: 1->0(2)
[2020-12-09T11:48:52.086-0500][gc,heap        ] GC(94) Old regions: 44->43
[2020-12-09T11:48:52.086-0500][gc,heap        ] GC(94) Humongous regions: 4->4
[2020-12-09T11:48:52.086-0500][gc,metaspace   ] GC(94) Metaspace: 47360K->47193K(1093632K)
[2020-12-09T11:48:52.086-0500][gc,heap        ] GC(94) Heap after GC invocations=95 (full 12): garbage-first heap   total 69632K, used 46326K [0x0000000083000000, 0x0000000100000000)
[2020-12-09T11:48:52.086-0500][gc,heap        ] GC(94)   region size 1024K, 0 young (0K), 0 survivors (0K)
[2020-12-09T11:48:52.086-0500][gc,heap        ] GC(94)  Metaspace       used 47193K, capacity 48642K, committed 51704K, reserved 1093632K
[2020-12-09T11:48:52.086-0500][gc,heap        ] GC(94)   class space    used 7067K, capacity 7502K, committed 8448K, reserved 1048576K
[2020-12-09T11:48:52.086-0500][gc             ] GC(94) Pause Full (System.gc()) 47M->45M(68M) 73.940ms
[2020-12-09T11:48:52.086-0500][gc,cpu         ] GC(94) User=0.31s Sys=0.00s Real=0.07s
[2020-12-09T11:51:12.648-0500][gc,heap        ] GC(95) Heap before GC invocations=95 (full 12): garbage-first heap   total 69632K, used 58614K [0x0000000083000000, 0x0000000100000000)
[2020-12-09T11:51:12.648-0500][gc,heap        ] GC(95)   region size 1024K, 13 young (13312K), 0 survivors (0K)
[2020-12-09T11:51:12.648-0500][gc,heap        ] GC(95)  Metaspace       used 47196K, capacity 48642K, committed 51704K, reserved 1093632K
[2020-12-09T11:51:12.648-0500][gc,heap        ] GC(95)   class space    used 7067K, capacity 7502K, committed 8448K, reserved 1048576K
[2020-12-09T11:51:12.649-0500][gc,start       ] GC(95) Pause Young (Concurrent Start) (G1 Evacuation Pause)
[2020-12-09T11:51:12.649-0500][gc,task        ] GC(95) Using 8 workers of 8 for evacuation
[2020-12-09T11:51:12.656-0500][gc,phases      ] GC(95)   Pre Evacuate Collection Set: 0.4ms
[2020-12-09T11:51:12.656-0500][gc,phases      ] GC(95)   Evacuate Collection Set: 4.1ms
[2020-12-09T11:51:12.656-0500][gc,phases      ] GC(95)   Post Evacuate Collection Set: 2.5ms
[2020-12-09T11:51:12.656-0500][gc,phases      ] GC(95)   Other: 0.7ms
[2020-12-09T11:51:12.656-0500][gc,heap        ] GC(95) Eden regions: 13->0(12)
[2020-12-09T11:51:12.656-0500][gc,heap        ] GC(95) Survivor regions: 0->1(2)
[2020-12-09T11:51:12.656-0500][gc,heap        ] GC(95) Old regions: 43->43
[2020-12-09T11:51:12.656-0500][gc,heap        ] GC(95) Humongous regions: 4->4
[2020-12-09T11:51:12.656-0500][gc,metaspace   ] GC(95) Metaspace: 47196K->47196K(1093632K)
[2020-12-09T11:51:12.656-0500][gc,heap        ] GC(95) Heap after GC invocations=96 (full 12): garbage-first heap   total 69632K, used 46422K [0x0000000083000000, 0x0000000100000000)
[2020-12-09T11:51:12.656-0500][gc,heap        ] GC(95)   region size 1024K, 1 young (1024K), 1 survivors (1024K)
[2020-12-09T11:51:12.656-0500][gc,heap        ] GC(95)  Metaspace       used 47196K, capacity 48642K, committed 51704K, reserved 1093632K
[2020-12-09T11:51:12.656-0500][gc,heap        ] GC(95)   class space    used 7067K, capacity 7502K, committed 8448K, reserved 1048576K
[2020-12-09T11:51:12.656-0500][gc             ] GC(95) Pause Young (Concurrent Start) (G1 Evacuation Pause) 58M->45M(68M) 7.890ms
[2020-12-09T11:51:12.657-0500][gc,cpu         ] GC(95) User=0.01s Sys=0.00s Real=0.00s
[2020-12-09T11:51:12.657-0500][gc             ] GC(96) Concurrent Cycle
[2020-12-09T11:51:12.657-0500][gc,marking     ] GC(96) Concurrent Clear Claimed Marks
[2020-12-09T11:51:12.657-0500][gc,marking     ] GC(96) Concurrent Clear Claimed Marks 0.246ms
[2020-12-09T11:51:12.657-0500][gc,marking     ] GC(96) Concurrent Scan Root Regions
[2020-12-09T11:51:12.660-0500][gc,marking     ] GC(96) Concurrent Scan Root Regions 2.402ms
[2020-12-09T11:51:12.660-0500][gc,marking     ] GC(96) Concurrent Mark (3442.229s)
[2020-12-09T11:51:12.660-0500][gc,marking     ] GC(96) Concurrent Mark From Roots
[2020-12-09T11:51:12.660-0500][gc,task        ] GC(96) Using 2 workers of 2 for marking
[2020-12-09T11:51:12.726-0500][gc,marking     ] GC(96) Concurrent Mark From Roots 66.421ms
[2020-12-09T11:51:12.726-0500][gc,marking     ] GC(96) Concurrent Preclean
[2020-12-09T11:51:12.727-0500][gc,marking     ] GC(96) Concurrent Preclean 0.292ms
[2020-12-09T11:51:12.727-0500][gc,marking     ] GC(96) Concurrent Mark (3442.229s, 3442.295s) 66.804ms
[2020-12-09T11:51:12.727-0500][gc,start       ] GC(96) Pause Remark
[2020-12-09T11:51:12.732-0500][gc,stringtable ] GC(96) Cleaned string and symbol table, strings: 29941 processed, 0 removed, symbols: 117666 processed, 15 removed
[2020-12-09T11:51:12.732-0500][gc             ] GC(96) Pause Remark 45M->45M(68M) 5.289ms
[2020-12-09T11:51:12.732-0500][gc,cpu         ] GC(96) User=0.03s Sys=0.00s Real=0.00s
[2020-12-09T11:51:12.732-0500][gc,marking     ] GC(96) Concurrent Rebuild Remembered Sets
[2020-12-09T11:51:12.758-0500][gc,marking     ] GC(96) Concurrent Rebuild Remembered Sets 25.237ms
[2020-12-09T11:51:12.758-0500][gc,start       ] GC(96) Pause Cleanup
[2020-12-09T11:51:12.758-0500][gc             ] GC(96) Pause Cleanup 45M->45M(68M) 0.243ms
[2020-12-09T11:51:12.758-0500][gc,cpu         ] GC(96) User=0.00s Sys=0.00s Real=0.00s
[2020-12-09T11:51:12.758-0500][gc,marking     ] GC(96) Concurrent Cleanup for Next Mark
[2020-12-09T11:51:12.758-0500][gc,marking     ] GC(96) Concurrent Cleanup for Next Mark 0.200ms
[2020-12-09T11:51:12.759-0500][gc             ] GC(96) Concurrent Cycle 101.766ms
[2020-12-09T11:53:32.650-0500][gc,heap        ] GC(97) Heap before GC invocations=97 (full 12): garbage-first heap   total 69632K, used 57686K [0x0000000083000000, 0x0000000100000000)
[2020-12-09T11:53:32.651-0500][gc,heap        ] GC(97)   region size 1024K, 13 young (13312K), 1 survivors (1024K)
[2020-12-09T11:53:32.651-0500][gc,heap        ] GC(97)  Metaspace       used 47198K, capacity 48642K, committed 51704K, reserved 1093632K
[2020-12-09T11:53:32.651-0500][gc,heap        ] GC(97)   class space    used 7067K, capacity 7502K, committed 8448K, reserved 1048576K
[2020-12-09T11:53:32.651-0500][gc,start       ] GC(97) Pause Young (Normal) (G1 Evacuation Pause)
[2020-12-09T11:53:32.651-0500][gc,task        ] GC(97) Using 8 workers of 8 for evacuation
[2020-12-09T11:53:32.655-0500][gc,phases      ] GC(97)   Pre Evacuate Collection Set: 0.0ms
[2020-12-09T11:53:32.655-0500][gc,phases      ] GC(97)   Evacuate Collection Set: 2.0ms
[2020-12-09T11:53:32.655-0500][gc,phases      ] GC(97)   Post Evacuate Collection Set: 2.3ms
[2020-12-09T11:53:32.655-0500][gc,phases      ] GC(97)   Other: 0.5ms
[2020-12-09T11:53:32.655-0500][gc,heap        ] GC(97) Eden regions: 12->0(12)
[2020-12-09T11:53:32.655-0500][gc,heap        ] GC(97) Survivor regions: 1->1(2)
[2020-12-09T11:53:32.655-0500][gc,heap        ] GC(97) Old regions: 43->43
[2020-12-09T11:53:32.656-0500][gc,heap        ] GC(97) Humongous regions: 4->4
[2020-12-09T11:53:32.656-0500][gc,metaspace   ] GC(97) Metaspace: 47198K->47198K(1093632K)
[2020-12-09T11:53:32.656-0500][gc,heap        ] GC(97) Heap after GC invocations=98 (full 12): garbage-first heap   total 69632K, used 46406K [0x0000000083000000, 0x0000000100000000)
[2020-12-09T11:53:32.656-0500][gc,heap        ] GC(97)   region size 1024K, 1 young (1024K), 1 survivors (1024K)
[2020-12-09T11:53:32.656-0500][gc,heap        ] GC(97)  Metaspace       used 47198K, capacity 48642K, committed 51704K, reserved 1093632K
[2020-12-09T11:53:32.656-0500][gc,heap        ] GC(97)   class space    used 7067K, capacity 7502K, committed 8448K, reserved 1048576K
[2020-12-09T11:53:32.656-0500][gc             ] GC(97) Pause Young (Normal) (G1 Evacuation Pause) 57M->45M(68M) 5.138ms
[2020-12-09T11:53:32.656-0500][gc,cpu         ] GC(97) User=0.01s Sys=0.01s Real=0.00s
[2020-12-09T11:53:52.012-0500][gc,task        ] GC(98) Using 5 workers of 8 for full compaction
[2020-12-09T11:53:52.012-0500][gc,start       ] GC(98) Pause Full (System.gc())
[2020-12-09T11:53:52.012-0500][gc,heap        ] GC(98) Heap before GC invocations=98 (full 12): garbage-first heap   total 69632K, used 47430K [0x0000000083000000, 0x0000000100000000)
[2020-12-09T11:53:52.013-0500][gc,heap        ] GC(98)   region size 1024K, 3 young (3072K), 1 survivors (1024K)
[2020-12-09T11:53:52.013-0500][gc,heap        ] GC(98)  Metaspace       used 47199K, capacity 48642K, committed 51704K, reserved 1093632K
[2020-12-09T11:53:52.013-0500][gc,heap        ] GC(98)   class space    used 7067K, capacity 7502K, committed 8448K, reserved 1048576K
[2020-12-09T11:53:52.013-0500][gc,phases,start] GC(98) Phase 1: Mark live objects
[2020-12-09T11:53:52.054-0500][gc,stringtable ] GC(98) Cleaned string and symbol table, strings: 29941 processed, 5 removed, symbols: 117651 processed, 0 removed
[2020-12-09T11:53:52.054-0500][gc,phases      ] GC(98) Phase 1: Mark live objects 40.532ms
[2020-12-09T11:53:52.054-0500][gc,phases,start] GC(98) Phase 2: Prepare for compaction
[2020-12-09T11:53:52.058-0500][gc,phases      ] GC(98) Phase 2: Prepare for compaction 3.938ms
[2020-12-09T11:53:52.058-0500][gc,phases,start] GC(98) Phase 3: Adjust pointers
[2020-12-09T11:53:52.070-0500][gc,phases      ] GC(98) Phase 3: Adjust pointers 12.050ms
[2020-12-09T11:53:52.070-0500][gc,phases,start] GC(98) Phase 4: Compact heap
[2020-12-09T11:53:52.073-0500][gc,phases      ] GC(98) Phase 4: Compact heap 3.329ms
[2020-12-09T11:53:52.079-0500][gc,heap        ] GC(98) Eden regions: 2->0(12)
[2020-12-09T11:53:52.079-0500][gc,heap        ] GC(98) Survivor regions: 1->0(2)
[2020-12-09T11:53:52.079-0500][gc,heap        ] GC(98) Old regions: 43->44
[2020-12-09T11:53:52.079-0500][gc,heap        ] GC(98) Humongous regions: 4->4
[2020-12-09T11:53:52.079-0500][gc,metaspace   ] GC(98) Metaspace: 47199K->47199K(1093632K)
[2020-12-09T11:53:52.079-0500][gc,heap        ] GC(98) Heap after GC invocations=99 (full 13): garbage-first heap   total 69632K, used 46324K [0x0000000083000000, 0x0000000100000000)
[2020-12-09T11:53:52.079-0500][gc,heap        ] GC(98)   region size 1024K, 0 young (0K), 0 survivors (0K)
[2020-12-09T11:53:52.079-0500][gc,heap        ] GC(98)  Metaspace       used 47199K, capacity 48642K, committed 51704K, reserved 1093632K
[2020-12-09T11:53:52.079-0500][gc,heap        ] GC(98)   class space    used 7067K, capacity 7502K, committed 8448K, reserved 1048576K
[2020-12-09T11:53:52.079-0500][gc             ] GC(98) Pause Full (System.gc()) 47M->45M(68M) 66.471ms
[2020-12-09T11:53:52.079-0500][gc,cpu         ] GC(98) User=0.29s Sys=0.01s Real=0.07s
[2020-12-09T11:55:03.664-0500][gc,heap        ] GC(99) Heap before GC invocations=99 (full 13): garbage-first heap   total 69632K, used 57588K [0x0000000083000000, 0x0000000100000000)
[2020-12-09T11:55:03.664-0500][gc,heap        ] GC(99)   region size 1024K, 12 young (12288K), 0 survivors (0K)
[2020-12-09T11:55:03.664-0500][gc,heap        ] GC(99)  Metaspace       used 47536K, capacity 49072K, committed 52088K, reserved 1093632K
[2020-12-09T11:55:03.664-0500][gc,heap        ] GC(99)   class space    used 7120K, capacity 7598K, committed 8576K, reserved 1048576K
[2020-12-09T11:55:03.664-0500][gc,start       ] GC(99) Pause Young (Concurrent Start) (G1 Evacuation Pause)
[2020-12-09T11:55:03.664-0500][gc,task        ] GC(99) Using 8 workers of 8 for evacuation
[2020-12-09T11:55:03.667-0500][gc,phases      ] GC(99)   Pre Evacuate Collection Set: 0.1ms
[2020-12-09T11:55:03.667-0500][gc,phases      ] GC(99)   Evacuate Collection Set: 1.5ms
[2020-12-09T11:55:03.667-0500][gc,phases      ] GC(99)   Post Evacuate Collection Set: 1.1ms
[2020-12-09T11:55:03.667-0500][gc,phases      ] GC(99)   Other: 0.3ms
[2020-12-09T11:55:03.667-0500][gc,heap        ] GC(99) Eden regions: 12->0(11)
[2020-12-09T11:55:03.667-0500][gc,heap        ] GC(99) Survivor regions: 0->1(2)
[2020-12-09T11:55:03.667-0500][gc,heap        ] GC(99) Old regions: 44->44
[2020-12-09T11:55:03.667-0500][gc,heap        ] GC(99) Humongous regions: 4->4
[2020-12-09T11:55:03.667-0500][gc,metaspace   ] GC(99) Metaspace: 47536K->47536K(1093632K)
[2020-12-09T11:55:03.667-0500][gc,heap        ] GC(99) Heap after GC invocations=100 (full 13): garbage-first heap   total 69632K, used 46921K [0x0000000083000000, 0x0000000100000000)
[2020-12-09T11:55:03.667-0500][gc,heap        ] GC(99)   region size 1024K, 1 young (1024K), 1 survivors (1024K)
[2020-12-09T11:55:03.667-0500][gc,heap        ] GC(99)  Metaspace       used 47536K, capacity 49072K, committed 52088K, reserved 1093632K
[2020-12-09T11:55:03.667-0500][gc,heap        ] GC(99)   class space    used 7120K, capacity 7598K, committed 8576K, reserved 1048576K
[2020-12-09T11:55:03.667-0500][gc             ] GC(99) Pause Young (Concurrent Start) (G1 Evacuation Pause) 57M->45M(68M) 2.963ms
[2020-12-09T11:55:03.667-0500][gc,cpu         ] GC(99) User=0.01s Sys=0.00s Real=0.01s
[2020-12-09T11:55:03.668-0500][gc             ] GC(100) Concurrent Cycle
[2020-12-09T11:55:03.668-0500][gc,marking     ] GC(100) Concurrent Clear Claimed Marks
[2020-12-09T11:55:03.668-0500][gc,marking     ] GC(100) Concurrent Clear Claimed Marks 0.148ms
[2020-12-09T11:55:03.668-0500][gc,marking     ] GC(100) Concurrent Scan Root Regions
[2020-12-09T11:55:03.670-0500][gc,marking     ] GC(100) Concurrent Scan Root Regions 1.496ms
[2020-12-09T11:55:03.670-0500][gc,marking     ] GC(100) Concurrent Mark (3673.239s)
[2020-12-09T11:55:03.670-0500][gc,marking     ] GC(100) Concurrent Mark From Roots
[2020-12-09T11:55:03.670-0500][gc,task        ] GC(100) Using 2 workers of 2 for marking
[2020-12-09T11:55:03.717-0500][gc,marking     ] GC(100) Concurrent Mark From Roots 47.397ms
[2020-12-09T11:55:03.717-0500][gc,marking     ] GC(100) Concurrent Preclean
[2020-12-09T11:55:03.718-0500][gc,marking     ] GC(100) Concurrent Preclean 0.316ms
[2020-12-09T11:55:03.718-0500][gc,marking     ] GC(100) Concurrent Mark (3673.239s, 3673.287s) 47.807ms
[2020-12-09T11:55:03.718-0500][gc,start       ] GC(100) Pause Remark
[2020-12-09T11:55:03.724-0500][gc,stringtable ] GC(100) Cleaned string and symbol table, strings: 30027 processed, 281 removed, symbols: 117882 processed, 0 removed
[2020-12-09T11:55:03.724-0500][gc             ] GC(100) Pause Remark 45M->45M(68M) 6.235ms
[2020-12-09T11:55:03.724-0500][gc,cpu         ] GC(100) User=0.03s Sys=0.00s Real=0.00s
[2020-12-09T11:55:03.725-0500][gc,marking     ] GC(100) Concurrent Rebuild Remembered Sets
[2020-12-09T11:55:03.746-0500][gc,marking     ] GC(100) Concurrent Rebuild Remembered Sets 21.972ms
[2020-12-09T11:55:03.747-0500][gc,start       ] GC(100) Pause Cleanup
[2020-12-09T11:55:03.747-0500][gc             ] GC(100) Pause Cleanup 45M->45M(68M) 0.157ms
[2020-12-09T11:55:03.747-0500][gc,cpu         ] GC(100) User=0.00s Sys=0.00s Real=0.00s
[2020-12-09T11:55:03.747-0500][gc,marking     ] GC(100) Concurrent Cleanup for Next Mark
[2020-12-09T11:55:03.747-0500][gc,marking     ] GC(100) Concurrent Cleanup for Next Mark 0.217ms
[2020-12-09T11:55:03.747-0500][gc             ] GC(100) Concurrent Cycle 79.133ms
[2020-12-09T11:57:04.682-0500][gc,heap        ] GC(101) Heap before GC invocations=101 (full 13): garbage-first heap   total 69632K, used 57157K [0x0000000083000000, 0x0000000100000000)
[2020-12-09T11:57:04.682-0500][gc,heap        ] GC(101)   region size 1024K, 12 young (12288K), 1 survivors (1024K)
[2020-12-09T11:57:04.682-0500][gc,heap        ] GC(101)  Metaspace       used 47544K, capacity 49072K, committed 52088K, reserved 1093632K
[2020-12-09T11:57:04.682-0500][gc,heap        ] GC(101)   class space    used 7120K, capacity 7598K, committed 8576K, reserved 1048576K
[2020-12-09T11:57:04.682-0500][gc,start       ] GC(101) Pause Young (Normal) (G1 Evacuation Pause)
[2020-12-09T11:57:04.682-0500][gc,task        ] GC(101) Using 8 workers of 8 for evacuation
[2020-12-09T11:57:04.688-0500][gc,phases      ] GC(101)   Pre Evacuate Collection Set: 0.0ms
[2020-12-09T11:57:04.688-0500][gc,phases      ] GC(101)   Evacuate Collection Set: 2.9ms
[2020-12-09T11:57:04.688-0500][gc,phases      ] GC(101)   Post Evacuate Collection Set: 2.3ms
[2020-12-09T11:57:04.688-0500][gc,phases      ] GC(101)   Other: 0.7ms
[2020-12-09T11:57:04.688-0500][gc,heap        ] GC(101) Eden regions: 11->0(12)
[2020-12-09T11:57:04.688-0500][gc,heap        ] GC(101) Survivor regions: 1->1(2)
[2020-12-09T11:57:04.688-0500][gc,heap        ] GC(101) Old regions: 43->43
[2020-12-09T11:57:04.688-0500][gc,heap        ] GC(101) Humongous regions: 4->4
[2020-12-09T11:57:04.688-0500][gc,metaspace   ] GC(101) Metaspace: 47544K->47544K(1093632K)
[2020-12-09T11:57:04.688-0500][gc,heap        ] GC(101) Heap after GC invocations=102 (full 13): garbage-first heap   total 69632K, used 46597K [0x0000000083000000, 0x0000000100000000)
[2020-12-09T11:57:04.688-0500][gc,heap        ] GC(101)   region size 1024K, 1 young (1024K), 1 survivors (1024K)
[2020-12-09T11:57:04.688-0500][gc,heap        ] GC(101)  Metaspace       used 47544K, capacity 49072K, committed 52088K, reserved 1093632K
[2020-12-09T11:57:04.688-0500][gc,heap        ] GC(101)   class space    used 7120K, capacity 7598K, committed 8576K, reserved 1048576K
[2020-12-09T11:57:04.688-0500][gc             ] GC(101) Pause Young (Normal) (G1 Evacuation Pause) 56M->45M(68M) 5.939ms
[2020-12-09T11:57:04.688-0500][gc,cpu         ] GC(101) User=0.01s Sys=0.00s Real=0.01s
[2020-12-09T11:58:52.014-0500][gc,task        ] GC(102) Using 5 workers of 8 for full compaction
[2020-12-09T11:58:52.014-0500][gc,start       ] GC(102) Pause Full (System.gc())
[2020-12-09T11:58:52.014-0500][gc,heap        ] GC(102) Heap before GC invocations=102 (full 13): garbage-first heap   total 69632K, used 55813K [0x0000000083000000, 0x0000000100000000)
[2020-12-09T11:58:52.014-0500][gc,heap        ] GC(102)   region size 1024K, 11 young (11264K), 1 survivors (1024K)
[2020-12-09T11:58:52.014-0500][gc,heap        ] GC(102)  Metaspace       used 47545K, capacity 49072K, committed 52088K, reserved 1093632K
[2020-12-09T11:58:52.014-0500][gc,heap        ] GC(102)   class space    used 7120K, capacity 7598K, committed 8576K, reserved 1048576K
[2020-12-09T11:58:52.015-0500][gc,phases,start] GC(102) Phase 1: Mark live objects
[2020-12-09T11:58:52.061-0500][gc,stringtable ] GC(102) Cleaned string and symbol table, strings: 29746 processed, 6 removed, symbols: 117882 processed, 0 removed
[2020-12-09T11:58:52.061-0500][gc,phases      ] GC(102) Phase 1: Mark live objects 45.757ms
[2020-12-09T11:58:52.061-0500][gc,phases,start] GC(102) Phase 2: Prepare for compaction
[2020-12-09T11:58:52.065-0500][gc,phases      ] GC(102) Phase 2: Prepare for compaction 4.440ms
[2020-12-09T11:58:52.066-0500][gc,phases,start] GC(102) Phase 3: Adjust pointers
[2020-12-09T11:58:52.077-0500][gc,phases      ] GC(102) Phase 3: Adjust pointers 11.105ms
[2020-12-09T11:58:52.077-0500][gc,phases,start] GC(102) Phase 4: Compact heap
[2020-12-09T11:58:52.083-0500][gc,phases      ] GC(102) Phase 4: Compact heap 6.006ms
[2020-12-09T11:58:52.088-0500][gc,heap        ] GC(102) Eden regions: 10->0(12)
[2020-12-09T11:58:52.088-0500][gc,heap        ] GC(102) Survivor regions: 1->0(2)
[2020-12-09T11:58:52.088-0500][gc,heap        ] GC(102) Old regions: 43->44
[2020-12-09T11:58:52.088-0500][gc,heap        ] GC(102) Humongous regions: 4->4
[2020-12-09T11:58:52.088-0500][gc,metaspace   ] GC(102) Metaspace: 47545K->47545K(1093632K)
[2020-12-09T11:58:52.089-0500][gc,heap        ] GC(102) Heap after GC invocations=103 (full 14): garbage-first heap   total 69632K, used 46439K [0x0000000083000000, 0x0000000100000000)
[2020-12-09T11:58:52.089-0500][gc,heap        ] GC(102)   region size 1024K, 0 young (0K), 0 survivors (0K)
[2020-12-09T11:58:52.089-0500][gc,heap        ] GC(102)  Metaspace       used 47545K, capacity 49072K, committed 52088K, reserved 1093632K
[2020-12-09T11:58:52.089-0500][gc,heap        ] GC(102)   class space    used 7120K, capacity 7598K, committed 8576K, reserved 1048576K
[2020-12-09T11:58:52.089-0500][gc             ] GC(102) Pause Full (System.gc()) 54M->45M(68M) 74.229ms
[2020-12-09T11:58:52.089-0500][gc,cpu         ] GC(102) User=0.33s Sys=0.00s Real=0.08s
[2020-12-09T12:01:10.570-0500][gc,heap        ] GC(103) Heap before GC invocations=103 (full 14): garbage-first heap   total 69632K, used 57703K [0x0000000083000000, 0x0000000100000000)
[2020-12-09T12:01:10.570-0500][gc,heap        ] GC(103)   region size 1024K, 12 young (12288K), 0 survivors (0K)
[2020-12-09T12:01:10.570-0500][gc,heap        ] GC(103)  Metaspace       used 47546K, capacity 49072K, committed 52088K, reserved 1093632K
[2020-12-09T12:01:10.570-0500][gc,heap        ] GC(103)   class space    used 7120K, capacity 7598K, committed 8576K, reserved 1048576K
[2020-12-09T12:01:10.570-0500][gc,start       ] GC(103) Pause Young (Concurrent Start) (G1 Evacuation Pause)
[2020-12-09T12:01:10.570-0500][gc,task        ] GC(103) Using 8 workers of 8 for evacuation
[2020-12-09T12:01:10.572-0500][gc,phases      ] GC(103)   Pre Evacuate Collection Set: 0.2ms
[2020-12-09T12:01:10.572-0500][gc,phases      ] GC(103)   Evacuate Collection Set: 1.0ms
[2020-12-09T12:01:10.572-0500][gc,phases      ] GC(103)   Post Evacuate Collection Set: 1.0ms
[2020-12-09T12:01:10.572-0500][gc,phases      ] GC(103)   Other: 0.2ms
[2020-12-09T12:01:10.572-0500][gc,heap        ] GC(103) Eden regions: 12->0(11)
[2020-12-09T12:01:10.572-0500][gc,heap        ] GC(103) Survivor regions: 0->1(2)
[2020-12-09T12:01:10.572-0500][gc,heap        ] GC(103) Old regions: 44->44
[2020-12-09T12:01:10.572-0500][gc,heap        ] GC(103) Humongous regions: 4->4
[2020-12-09T12:01:10.572-0500][gc,metaspace   ] GC(103) Metaspace: 47546K->47546K(1093632K)
[2020-12-09T12:01:10.572-0500][gc,heap        ] GC(103) Heap after GC invocations=104 (full 14): garbage-first heap   total 69632K, used 46569K [0x0000000083000000, 0x0000000100000000)
[2020-12-09T12:01:10.572-0500][gc,heap        ] GC(103)   region size 1024K, 1 young (1024K), 1 survivors (1024K)
[2020-12-09T12:01:10.572-0500][gc,heap        ] GC(103)  Metaspace       used 47546K, capacity 49072K, committed 52088K, reserved 1093632K
[2020-12-09T12:01:10.572-0500][gc,heap        ] GC(103)   class space    used 7120K, capacity 7598K, committed 8576K, reserved 1048576K
[2020-12-09T12:01:10.572-0500][gc             ] GC(103) Pause Young (Concurrent Start) (G1 Evacuation Pause) 57M->45M(68M) 2.456ms
[2020-12-09T12:01:10.572-0500][gc,cpu         ] GC(103) User=0.01s Sys=0.00s Real=0.00s
[2020-12-09T12:01:10.572-0500][gc             ] GC(104) Concurrent Cycle
[2020-12-09T12:01:10.572-0500][gc,marking     ] GC(104) Concurrent Clear Claimed Marks
[2020-12-09T12:01:10.572-0500][gc,marking     ] GC(104) Concurrent Clear Claimed Marks 0.034ms
[2020-12-09T12:01:10.572-0500][gc,marking     ] GC(104) Concurrent Scan Root Regions
[2020-12-09T12:01:10.573-0500][gc,marking     ] GC(104) Concurrent Scan Root Regions 0.658ms
[2020-12-09T12:01:10.573-0500][gc,marking     ] GC(104) Concurrent Mark (4040.142s)
[2020-12-09T12:01:10.573-0500][gc,marking     ] GC(104) Concurrent Mark From Roots
[2020-12-09T12:01:10.573-0500][gc,task        ] GC(104) Using 2 workers of 2 for marking
[2020-12-09T12:01:10.610-0500][gc,marking     ] GC(104) Concurrent Mark From Roots 37.170ms
[2020-12-09T12:01:10.610-0500][gc,marking     ] GC(104) Concurrent Preclean
[2020-12-09T12:01:10.611-0500][gc,marking     ] GC(104) Concurrent Preclean 0.224ms
[2020-12-09T12:01:10.611-0500][gc,marking     ] GC(104) Concurrent Mark (4040.142s, 4040.180s) 37.479ms
[2020-12-09T12:01:10.611-0500][gc,start       ] GC(104) Pause Remark
[2020-12-09T12:01:10.615-0500][gc,stringtable ] GC(104) Cleaned string and symbol table, strings: 29745 processed, 0 removed, symbols: 117882 processed, 0 removed
[2020-12-09T12:01:10.616-0500][gc             ] GC(104) Pause Remark 45M->45M(68M) 4.980ms
[2020-12-09T12:01:10.616-0500][gc,cpu         ] GC(104) User=0.03s Sys=0.00s Real=0.00s
[2020-12-09T12:01:10.616-0500][gc,marking     ] GC(104) Concurrent Rebuild Remembered Sets
[2020-12-09T12:01:10.635-0500][gc,marking     ] GC(104) Concurrent Rebuild Remembered Sets 18.844ms
[2020-12-09T12:01:10.635-0500][gc,start       ] GC(104) Pause Cleanup
[2020-12-09T12:01:10.636-0500][gc             ] GC(104) Pause Cleanup 45M->45M(68M) 0.180ms
[2020-12-09T12:01:10.636-0500][gc,cpu         ] GC(104) User=0.00s Sys=0.00s Real=0.00s
[2020-12-09T12:01:10.636-0500][gc,marking     ] GC(104) Concurrent Cleanup for Next Mark
[2020-12-09T12:01:10.636-0500][gc,marking     ] GC(104) Concurrent Cleanup for Next Mark 0.213ms
[2020-12-09T12:01:10.636-0500][gc             ] GC(104) Concurrent Cycle 63.544ms
[2020-12-09T12:03:12.646-0500][gc,heap        ] GC(105) Heap before GC invocations=105 (full 14): garbage-first heap   total 69632K, used 56809K [0x0000000083000000, 0x0000000100000000)
[2020-12-09T12:03:12.646-0500][gc,heap        ] GC(105)   region size 1024K, 12 young (12288K), 1 survivors (1024K)
[2020-12-09T12:03:12.646-0500][gc,heap        ] GC(105)  Metaspace       used 47547K, capacity 49072K, committed 52088K, reserved 1093632K
[2020-12-09T12:03:12.646-0500][gc,heap        ] GC(105)   class space    used 7120K, capacity 7598K, committed 8576K, reserved 1048576K
[2020-12-09T12:03:12.646-0500][gc,start       ] GC(105) Pause Young (Normal) (G1 Evacuation Pause)
[2020-12-09T12:03:12.646-0500][gc,task        ] GC(105) Using 8 workers of 8 for evacuation
[2020-12-09T12:03:12.652-0500][gc,phases      ] GC(105)   Pre Evacuate Collection Set: 0.0ms
[2020-12-09T12:03:12.652-0500][gc,phases      ] GC(105)   Evacuate Collection Set: 2.6ms
[2020-12-09T12:03:12.652-0500][gc,phases      ] GC(105)   Post Evacuate Collection Set: 2.5ms
[2020-12-09T12:03:12.652-0500][gc,phases      ] GC(105)   Other: 0.6ms
[2020-12-09T12:03:12.652-0500][gc,heap        ] GC(105) Eden regions: 11->0(11)
[2020-12-09T12:03:12.652-0500][gc,heap        ] GC(105) Survivor regions: 1->1(2)
[2020-12-09T12:03:12.652-0500][gc,heap        ] GC(105) Old regions: 44->44
[2020-12-09T12:03:12.652-0500][gc,heap        ] GC(105) Humongous regions: 4->4
[2020-12-09T12:03:12.652-0500][gc,metaspace   ] GC(105) Metaspace: 47547K->47547K(1093632K)
[2020-12-09T12:03:12.652-0500][gc,heap        ] GC(105) Heap after GC invocations=106 (full 14): garbage-first heap   total 69632K, used 46500K [0x0000000083000000, 0x0000000100000000)
[2020-12-09T12:03:12.652-0500][gc,heap        ] GC(105)   region size 1024K, 1 young (1024K), 1 survivors (1024K)
[2020-12-09T12:03:12.652-0500][gc,heap        ] GC(105)  Metaspace       used 47547K, capacity 49072K, committed 52088K, reserved 1093632K
[2020-12-09T12:03:12.652-0500][gc,heap        ] GC(105)   class space    used 7120K, capacity 7598K, committed 8576K, reserved 1048576K
[2020-12-09T12:03:12.652-0500][gc             ] GC(105) Pause Young (Normal) (G1 Evacuation Pause) 56M->45M(68M) 5.771ms
[2020-12-09T12:03:12.652-0500][gc,cpu         ] GC(105) User=0.02s Sys=0.00s Real=0.01s
[2020-12-09T12:03:52.012-0500][gc,task        ] GC(106) Using 5 workers of 8 for full compaction
[2020-12-09T12:03:52.012-0500][gc,start       ] GC(106) Pause Full (System.gc())
[2020-12-09T12:03:52.012-0500][gc,heap        ] GC(106) Heap before GC invocations=106 (full 14): garbage-first heap   total 69632K, used 48548K [0x0000000083000000, 0x0000000100000000)
[2020-12-09T12:03:52.012-0500][gc,heap        ] GC(106)   region size 1024K, 5 young (5120K), 1 survivors (1024K)
[2020-12-09T12:03:52.012-0500][gc,heap        ] GC(106)  Metaspace       used 47547K, capacity 49072K, committed 52088K, reserved 1093632K
[2020-12-09T12:03:52.012-0500][gc,heap        ] GC(106)   class space    used 7120K, capacity 7598K, committed 8576K, reserved 1048576K
[2020-12-09T12:03:52.013-0500][gc,phases,start] GC(106) Phase 1: Mark live objects
[2020-12-09T12:03:52.063-0500][gc,stringtable ] GC(106) Cleaned string and symbol table, strings: 29745 processed, 5 removed, symbols: 117882 processed, 0 removed
[2020-12-09T12:03:52.063-0500][gc,phases      ] GC(106) Phase 1: Mark live objects 50.030ms
[2020-12-09T12:03:52.063-0500][gc,phases,start] GC(106) Phase 2: Prepare for compaction
[2020-12-09T12:03:52.068-0500][gc,phases      ] GC(106) Phase 2: Prepare for compaction 5.249ms
[2020-12-09T12:03:52.068-0500][gc,phases,start] GC(106) Phase 3: Adjust pointers
[2020-12-09T12:03:52.082-0500][gc,phases      ] GC(106) Phase 3: Adjust pointers 13.971ms
[2020-12-09T12:03:52.082-0500][gc,phases,start] GC(106) Phase 4: Compact heap
[2020-12-09T12:03:52.086-0500][gc,phases      ] GC(106) Phase 4: Compact heap 4.001ms
[2020-12-09T12:03:52.092-0500][gc,heap        ] GC(106) Eden regions: 4->0(11)
[2020-12-09T12:03:52.092-0500][gc,heap        ] GC(106) Survivor regions: 1->0(2)
[2020-12-09T12:03:52.092-0500][gc,heap        ] GC(106) Old regions: 44->45
[2020-12-09T12:03:52.092-0500][gc,heap        ] GC(106) Humongous regions: 4->4
[2020-12-09T12:03:52.092-0500][gc,metaspace   ] GC(106) Metaspace: 47547K->47547K(1093632K)
[2020-12-09T12:03:52.092-0500][gc,heap        ] GC(106) Heap after GC invocations=107 (full 15): garbage-first heap   total 69632K, used 46413K [0x0000000083000000, 0x0000000100000000)
[2020-12-09T12:03:52.092-0500][gc,heap        ] GC(106)   region size 1024K, 0 young (0K), 0 survivors (0K)
[2020-12-09T12:03:52.092-0500][gc,heap        ] GC(106)  Metaspace       used 47547K, capacity 49072K, committed 52088K, reserved 1093632K
[2020-12-09T12:03:52.092-0500][gc,heap        ] GC(106)   class space    used 7120K, capacity 7598K, committed 8576K, reserved 1048576K
[2020-12-09T12:03:52.092-0500][gc             ] GC(106) Pause Full (System.gc()) 48M->45M(68M) 80.029ms
[2020-12-09T12:03:52.092-0500][gc,cpu         ] GC(106) User=0.33s Sys=0.01s Real=0.08s
[2020-12-09T12:05:52.650-0500][gc,heap        ] GC(107) Heap before GC invocations=107 (full 15): garbage-first heap   total 69632K, used 57677K [0x0000000083000000, 0x0000000100000000)
[2020-12-09T12:05:52.650-0500][gc,heap        ] GC(107)   region size 1024K, 11 young (11264K), 0 survivors (0K)
[2020-12-09T12:05:52.650-0500][gc,heap        ] GC(107)  Metaspace       used 47548K, capacity 49072K, committed 52088K, reserved 1093632K
[2020-12-09T12:05:52.650-0500][gc,heap        ] GC(107)   class space    used 7120K, capacity 7598K, committed 8576K, reserved 1048576K
[2020-12-09T12:05:52.651-0500][gc,start       ] GC(107) Pause Young (Concurrent Start) (G1 Evacuation Pause)
[2020-12-09T12:05:52.651-0500][gc,task        ] GC(107) Using 8 workers of 8 for evacuation
[2020-12-09T12:05:52.656-0500][gc,phases      ] GC(107)   Pre Evacuate Collection Set: 0.3ms
[2020-12-09T12:05:52.656-0500][gc,phases      ] GC(107)   Evacuate Collection Set: 2.6ms
[2020-12-09T12:05:52.656-0500][gc,phases      ] GC(107)   Post Evacuate Collection Set: 2.2ms
[2020-12-09T12:05:52.656-0500][gc,phases      ] GC(107)   Other: 0.8ms
[2020-12-09T12:05:52.656-0500][gc,heap        ] GC(107) Eden regions: 11->0(10)
[2020-12-09T12:05:52.656-0500][gc,heap        ] GC(107) Survivor regions: 0->1(2)
[2020-12-09T12:05:52.656-0500][gc,heap        ] GC(107) Old regions: 45->45
[2020-12-09T12:05:52.656-0500][gc,heap        ] GC(107) Humongous regions: 4->4
[2020-12-09T12:05:52.656-0500][gc,metaspace   ] GC(107) Metaspace: 47548K->47548K(1093632K)
[2020-12-09T12:05:52.656-0500][gc,heap        ] GC(107) Heap after GC invocations=108 (full 15): garbage-first heap   total 69632K, used 46495K [0x0000000083000000, 0x0000000100000000)
[2020-12-09T12:05:52.657-0500][gc,heap        ] GC(107)   region size 1024K, 1 young (1024K), 1 survivors (1024K)
[2020-12-09T12:05:52.657-0500][gc,heap        ] GC(107)  Metaspace       used 47548K, capacity 49072K, committed 52088K, reserved 1093632K
[2020-12-09T12:05:52.657-0500][gc,heap        ] GC(107)   class space    used 7120K, capacity 7598K, committed 8576K, reserved 1048576K
[2020-12-09T12:05:52.657-0500][gc             ] GC(107) Pause Young (Concurrent Start) (G1 Evacuation Pause) 56M->45M(68M) 6.065ms
[2020-12-09T12:05:52.657-0500][gc,cpu         ] GC(107) User=0.01s Sys=0.01s Real=0.01s
[2020-12-09T12:05:52.657-0500][gc             ] GC(108) Concurrent Cycle
[2020-12-09T12:05:52.657-0500][gc,marking     ] GC(108) Concurrent Clear Claimed Marks
[2020-12-09T12:05:52.657-0500][gc,marking     ] GC(108) Concurrent Clear Claimed Marks 0.128ms
[2020-12-09T12:05:52.657-0500][gc,marking     ] GC(108) Concurrent Scan Root Regions
[2020-12-09T12:05:52.659-0500][gc,marking     ] GC(108) Concurrent Scan Root Regions 1.978ms
[2020-12-09T12:05:52.659-0500][gc,marking     ] GC(108) Concurrent Mark (4322.228s)
[2020-12-09T12:05:52.659-0500][gc,marking     ] GC(108) Concurrent Mark From Roots
[2020-12-09T12:05:52.659-0500][gc,task        ] GC(108) Using 2 workers of 2 for marking
[2020-12-09T12:05:52.712-0500][gc,marking     ] GC(108) Concurrent Mark From Roots 52.211ms
[2020-12-09T12:05:52.712-0500][gc,marking     ] GC(108) Concurrent Preclean
[2020-12-09T12:05:52.712-0500][gc,marking     ] GC(108) Concurrent Preclean 0.231ms
[2020-12-09T12:05:52.712-0500][gc,marking     ] GC(108) Concurrent Mark (4322.228s, 4322.281s) 52.541ms
[2020-12-09T12:05:52.712-0500][gc,start       ] GC(108) Pause Remark
[2020-12-09T12:05:52.717-0500][gc,stringtable ] GC(108) Cleaned string and symbol table, strings: 29745 processed, 0 removed, symbols: 117882 processed, 0 removed
[2020-12-09T12:05:52.717-0500][gc             ] GC(108) Pause Remark 45M->45M(68M) 5.006ms
[2020-12-09T12:05:52.717-0500][gc,cpu         ] GC(108) User=0.03s Sys=0.00s Real=0.01s
[2020-12-09T12:05:52.717-0500][gc,marking     ] GC(108) Concurrent Rebuild Remembered Sets
[2020-12-09T12:05:52.737-0500][gc,marking     ] GC(108) Concurrent Rebuild Remembered Sets 19.959ms
[2020-12-09T12:05:52.738-0500][gc,start       ] GC(108) Pause Cleanup
[2020-12-09T12:05:52.738-0500][gc             ] GC(108) Pause Cleanup 45M->45M(68M) 0.193ms
[2020-12-09T12:05:52.738-0500][gc,cpu         ] GC(108) User=0.00s Sys=0.00s Real=0.00s
[2020-12-09T12:05:52.738-0500][gc,marking     ] GC(108) Concurrent Cleanup for Next Mark
[2020-12-09T12:05:52.739-0500][gc,marking     ] GC(108) Concurrent Cleanup for Next Mark 0.531ms
[2020-12-09T12:05:52.739-0500][gc             ] GC(108) Concurrent Cycle 81.828ms
[2020-12-09T12:07:42.651-0500][gc,heap        ] GC(109) Heap before GC invocations=109 (full 15): garbage-first heap   total 69632K, used 55711K [0x0000000083000000, 0x0000000100000000)
[2020-12-09T12:07:42.651-0500][gc,heap        ] GC(109)   region size 1024K, 11 young (11264K), 1 survivors (1024K)
[2020-12-09T12:07:42.651-0500][gc,heap        ] GC(109)  Metaspace       used 47549K, capacity 49072K, committed 52088K, reserved 1093632K
[2020-12-09T12:07:42.651-0500][gc,heap        ] GC(109)   class space    used 7120K, capacity 7598K, committed 8576K, reserved 1048576K
[2020-12-09T12:07:42.652-0500][gc,start       ] GC(109) Pause Young (Normal) (G1 Evacuation Pause)
[2020-12-09T12:07:42.652-0500][gc,task        ] GC(109) Using 8 workers of 8 for evacuation
[2020-12-09T12:07:42.656-0500][gc,phases      ] GC(109)   Pre Evacuate Collection Set: 0.0ms
[2020-12-09T12:07:42.656-0500][gc,phases      ] GC(109)   Evacuate Collection Set: 1.9ms
[2020-12-09T12:07:42.656-0500][gc,phases      ] GC(109)   Post Evacuate Collection Set: 2.2ms
[2020-12-09T12:07:42.656-0500][gc,phases      ] GC(109)   Other: 0.7ms
[2020-12-09T12:07:42.656-0500][gc,heap        ] GC(109) Eden regions: 10->0(10)
[2020-12-09T12:07:42.656-0500][gc,heap        ] GC(109) Survivor regions: 1->1(2)
[2020-12-09T12:07:42.656-0500][gc,heap        ] GC(109) Old regions: 45->45
[2020-12-09T12:07:42.656-0500][gc,heap        ] GC(109) Humongous regions: 4->4
[2020-12-09T12:07:42.656-0500][gc,metaspace   ] GC(109) Metaspace: 47549K->47549K(1093632K)
[2020-12-09T12:07:42.656-0500][gc,heap        ] GC(109) Heap after GC invocations=110 (full 15): garbage-first heap   total 69632K, used 46501K [0x0000000083000000, 0x0000000100000000)
[2020-12-09T12:07:42.656-0500][gc,heap        ] GC(109)   region size 1024K, 1 young (1024K), 1 survivors (1024K)
[2020-12-09T12:07:42.656-0500][gc,heap        ] GC(109)  Metaspace       used 47549K, capacity 49072K, committed 52088K, reserved 1093632K
[2020-12-09T12:07:42.656-0500][gc,heap        ] GC(109)   class space    used 7120K, capacity 7598K, committed 8576K, reserved 1048576K
[2020-12-09T12:07:42.656-0500][gc             ] GC(109) Pause Young (Normal) (G1 Evacuation Pause) 55M->45M(68M) 4.924ms
[2020-12-09T12:07:42.657-0500][gc,cpu         ] GC(109) User=0.01s Sys=0.01s Real=0.00s
[2020-12-09T12:08:52.012-0500][gc,task        ] GC(110) Using 5 workers of 8 for full compaction
[2020-12-09T12:08:52.012-0500][gc,start       ] GC(110) Pause Full (System.gc())
[2020-12-09T12:08:52.012-0500][gc,heap        ] GC(110) Heap before GC invocations=110 (full 15): garbage-first heap   total 69632K, used 50597K [0x0000000083000000, 0x0000000100000000)
[2020-12-09T12:08:52.012-0500][gc,heap        ] GC(110)   region size 1024K, 7 young (7168K), 1 survivors (1024K)
[2020-12-09T12:08:52.012-0500][gc,heap        ] GC(110)  Metaspace       used 47549K, capacity 49072K, committed 52088K, reserved 1093632K
[2020-12-09T12:08:52.012-0500][gc,heap        ] GC(110)   class space    used 7120K, capacity 7598K, committed 8576K, reserved 1048576K
[2020-12-09T12:08:52.013-0500][gc,phases,start] GC(110) Phase 1: Mark live objects
[2020-12-09T12:08:52.065-0500][gc,stringtable ] GC(110) Cleaned string and symbol table, strings: 29745 processed, 5 removed, symbols: 117882 processed, 0 removed
[2020-12-09T12:08:52.066-0500][gc,phases      ] GC(110) Phase 1: Mark live objects 52.202ms
[2020-12-09T12:08:52.066-0500][gc,phases,start] GC(110) Phase 2: Prepare for compaction
[2020-12-09T12:08:52.069-0500][gc,phases      ] GC(110) Phase 2: Prepare for compaction 3.820ms
[2020-12-09T12:08:52.069-0500][gc,phases,start] GC(110) Phase 3: Adjust pointers
[2020-12-09T12:08:52.081-0500][gc,phases      ] GC(110) Phase 3: Adjust pointers 11.856ms
[2020-12-09T12:08:52.081-0500][gc,phases,start] GC(110) Phase 4: Compact heap
[2020-12-09T12:08:52.085-0500][gc,phases      ] GC(110) Phase 4: Compact heap 3.474ms
[2020-12-09T12:08:52.091-0500][gc,heap        ] GC(110) Eden regions: 6->0(11)
[2020-12-09T12:08:52.091-0500][gc,heap        ] GC(110) Survivor regions: 1->0(2)
[2020-12-09T12:08:52.091-0500][gc,heap        ] GC(110) Old regions: 45->45
[2020-12-09T12:08:52.091-0500][gc,heap        ] GC(110) Humongous regions: 4->4
[2020-12-09T12:08:52.091-0500][gc,metaspace   ] GC(110) Metaspace: 47549K->47549K(1093632K)
[2020-12-09T12:08:52.091-0500][gc,heap        ] GC(110) Heap after GC invocations=111 (full 16): garbage-first heap   total 69632K, used 46433K [0x0000000083000000, 0x0000000100000000)
[2020-12-09T12:08:52.091-0500][gc,heap        ] GC(110)   region size 1024K, 0 young (0K), 0 survivors (0K)
[2020-12-09T12:08:52.091-0500][gc,heap        ] GC(110)  Metaspace       used 47549K, capacity 49072K, committed 52088K, reserved 1093632K
[2020-12-09T12:08:52.091-0500][gc,heap        ] GC(110)   class space    used 7120K, capacity 7598K, committed 8576K, reserved 1048576K
[2020-12-09T12:08:52.091-0500][gc             ] GC(110) Pause Full (System.gc()) 51M->45M(68M) 78.290ms
[2020-12-09T12:08:52.091-0500][gc,cpu         ] GC(110) User=0.34s Sys=0.00s Real=0.08s
[2020-12-09T12:10:52.650-0500][gc,heap        ] GC(111) Heap before GC invocations=111 (full 16): garbage-first heap   total 69632K, used 56673K [0x0000000083000000, 0x0000000100000000)
[2020-12-09T12:10:52.650-0500][gc,heap        ] GC(111)   region size 1024K, 11 young (11264K), 0 survivors (0K)
[2020-12-09T12:10:52.650-0500][gc,heap        ] GC(111)  Metaspace       used 47550K, capacity 49072K, committed 52088K, reserved 1093632K
[2020-12-09T12:10:52.650-0500][gc,heap        ] GC(111)   class space    used 7120K, capacity 7598K, committed 8576K, reserved 1048576K
[2020-12-09T12:10:52.650-0500][gc,start       ] GC(111) Pause Young (Concurrent Start) (G1 Evacuation Pause)
[2020-12-09T12:10:52.650-0500][gc,task        ] GC(111) Using 8 workers of 8 for evacuation
[2020-12-09T12:10:52.657-0500][gc,phases      ] GC(111)   Pre Evacuate Collection Set: 0.4ms
[2020-12-09T12:10:52.657-0500][gc,phases      ] GC(111)   Evacuate Collection Set: 3.1ms
[2020-12-09T12:10:52.657-0500][gc,phases      ] GC(111)   Post Evacuate Collection Set: 3.1ms
[2020-12-09T12:10:52.657-0500][gc,phases      ] GC(111)   Other: 0.5ms
[2020-12-09T12:10:52.657-0500][gc,heap        ] GC(111) Eden regions: 11->0(10)
[2020-12-09T12:10:52.657-0500][gc,heap        ] GC(111) Survivor regions: 0->1(2)
[2020-12-09T12:10:52.657-0500][gc,heap        ] GC(111) Old regions: 45->45
[2020-12-09T12:10:52.657-0500][gc,heap        ] GC(111) Humongous regions: 4->4
[2020-12-09T12:10:52.657-0500][gc,metaspace   ] GC(111) Metaspace: 47550K->47550K(1093632K)
[2020-12-09T12:10:52.657-0500][gc,heap        ] GC(111) Heap after GC invocations=112 (full 16): garbage-first heap   total 69632K, used 46486K [0x0000000083000000, 0x0000000100000000)
[2020-12-09T12:10:52.657-0500][gc,heap        ] GC(111)   region size 1024K, 1 young (1024K), 1 survivors (1024K)
[2020-12-09T12:10:52.657-0500][gc,heap        ] GC(111)  Metaspace       used 47550K, capacity 49072K, committed 52088K, reserved 1093632K
[2020-12-09T12:10:52.657-0500][gc,heap        ] GC(111)   class space    used 7120K, capacity 7598K, committed 8576K, reserved 1048576K
[2020-12-09T12:10:52.657-0500][gc             ] GC(111) Pause Young (Concurrent Start) (G1 Evacuation Pause) 56M->45M(68M) 7.280ms
[2020-12-09T12:10:52.658-0500][gc,cpu         ] GC(111) User=0.02s Sys=0.00s Real=0.01s
[2020-12-09T12:10:52.658-0500][gc             ] GC(112) Concurrent Cycle
[2020-12-09T12:10:52.658-0500][gc,marking     ] GC(112) Concurrent Clear Claimed Marks
[2020-12-09T12:10:52.658-0500][gc,marking     ] GC(112) Concurrent Clear Claimed Marks 0.314ms
[2020-12-09T12:10:52.658-0500][gc,marking     ] GC(112) Concurrent Scan Root Regions
[2020-12-09T12:10:52.659-0500][gc,marking     ] GC(112) Concurrent Scan Root Regions 1.132ms
[2020-12-09T12:10:52.659-0500][gc,marking     ] GC(112) Concurrent Mark (4622.228s)
[2020-12-09T12:10:52.659-0500][gc,marking     ] GC(112) Concurrent Mark From Roots
[2020-12-09T12:10:52.659-0500][gc,task        ] GC(112) Using 2 workers of 2 for marking
[2020-12-09T12:10:52.726-0500][gc,marking     ] GC(112) Concurrent Mark From Roots 66.915ms
[2020-12-09T12:10:52.726-0500][gc,marking     ] GC(112) Concurrent Preclean
[2020-12-09T12:10:52.727-0500][gc,marking     ] GC(112) Concurrent Preclean 0.228ms
[2020-12-09T12:10:52.727-0500][gc,marking     ] GC(112) Concurrent Mark (4622.228s, 4622.296s) 67.245ms
[2020-12-09T12:10:52.727-0500][gc,start       ] GC(112) Pause Remark
[2020-12-09T12:10:52.732-0500][gc,stringtable ] GC(112) Cleaned string and symbol table, strings: 29745 processed, 0 removed, symbols: 117882 processed, 0 removed
[2020-12-09T12:10:52.732-0500][gc             ] GC(112) Pause Remark 45M->45M(68M) 5.575ms
[2020-12-09T12:10:52.733-0500][gc,cpu         ] GC(112) User=0.02s Sys=0.01s Real=0.00s
[2020-12-09T12:10:52.733-0500][gc,marking     ] GC(112) Concurrent Rebuild Remembered Sets
[2020-12-09T12:10:52.753-0500][gc,marking     ] GC(112) Concurrent Rebuild Remembered Sets 19.946ms
[2020-12-09T12:10:52.753-0500][gc,start       ] GC(112) Pause Cleanup
[2020-12-09T12:10:52.753-0500][gc             ] GC(112) Pause Cleanup 45M->45M(68M) 0.228ms
[2020-12-09T12:10:52.753-0500][gc,cpu         ] GC(112) User=0.00s Sys=0.00s Real=0.00s
[2020-12-09T12:10:52.753-0500][gc,marking     ] GC(112) Concurrent Cleanup for Next Mark
[2020-12-09T12:10:52.754-0500][gc,marking     ] GC(112) Concurrent Cleanup for Next Mark 0.232ms
[2020-12-09T12:10:52.754-0500][gc             ] GC(112) Concurrent Cycle 95.972ms
[2020-12-09T12:12:42.651-0500][gc,heap        ] GC(113) Heap before GC invocations=113 (full 16): garbage-first heap   total 69632K, used 56726K [0x0000000083000000, 0x0000000100000000)
[2020-12-09T12:12:42.651-0500][gc,heap        ] GC(113)   region size 1024K, 11 young (11264K), 1 survivors (1024K)
[2020-12-09T12:12:42.651-0500][gc,heap        ] GC(113)  Metaspace       used 47553K, capacity 49072K, committed 52088K, reserved 1093632K
[2020-12-09T12:12:42.651-0500][gc,heap        ] GC(113)   class space    used 7120K, capacity 7598K, committed 8576K, reserved 1048576K
[2020-12-09T12:12:42.651-0500][gc,start       ] GC(113) Pause Young (Normal) (G1 Evacuation Pause)
[2020-12-09T12:12:42.651-0500][gc,task        ] GC(113) Using 8 workers of 8 for evacuation
[2020-12-09T12:12:42.657-0500][gc,phases      ] GC(113)   Pre Evacuate Collection Set: 0.1ms
[2020-12-09T12:12:42.658-0500][gc,phases      ] GC(113)   Evacuate Collection Set: 2.3ms
[2020-12-09T12:12:42.658-0500][gc,phases      ] GC(113)   Post Evacuate Collection Set: 3.5ms
[2020-12-09T12:12:42.658-0500][gc,phases      ] GC(113)   Other: 0.5ms
[2020-12-09T12:12:42.658-0500][gc,heap        ] GC(113) Eden regions: 10->0(10)
[2020-12-09T12:12:42.658-0500][gc,heap        ] GC(113) Survivor regions: 1->1(2)
[2020-12-09T12:12:42.658-0500][gc,heap        ] GC(113) Old regions: 45->45
[2020-12-09T12:12:42.658-0500][gc,heap        ] GC(113) Humongous regions: 4->4
[2020-12-09T12:12:42.658-0500][gc,metaspace   ] GC(113) Metaspace: 47553K->47553K(1093632K)
[2020-12-09T12:12:42.658-0500][gc,heap        ] GC(113) Heap after GC invocations=114 (full 16): garbage-first heap   total 69632K, used 46499K [0x0000000083000000, 0x0000000100000000)
[2020-12-09T12:12:42.658-0500][gc,heap        ] GC(113)   region size 1024K, 1 young (1024K), 1 survivors (1024K)
[2020-12-09T12:12:42.658-0500][gc,heap        ] GC(113)  Metaspace       used 47553K, capacity 49072K, committed 52088K, reserved 1093632K
[2020-12-09T12:12:42.658-0500][gc,heap        ] GC(113)   class space    used 7120K, capacity 7598K, committed 8576K, reserved 1048576K
[2020-12-09T12:12:42.658-0500][gc             ] GC(113) Pause Young (Normal) (G1 Evacuation Pause) 55M->45M(68M) 6.554ms
[2020-12-09T12:12:42.658-0500][gc,cpu         ] GC(113) User=0.02s Sys=0.01s Real=0.01s
[2020-12-09T12:13:52.013-0500][gc,task        ] GC(114) Using 5 workers of 8 for full compaction
[2020-12-09T12:13:52.013-0500][gc,start       ] GC(114) Pause Full (System.gc())
[2020-12-09T12:13:52.013-0500][gc,heap        ] GC(114) Heap before GC invocations=114 (full 16): garbage-first heap   total 69632K, used 50595K [0x0000000083000000, 0x0000000100000000)
[2020-12-09T12:13:52.013-0500][gc,heap        ] GC(114)   region size 1024K, 7 young (7168K), 1 survivors (1024K)
[2020-12-09T12:13:52.013-0500][gc,heap        ] GC(114)  Metaspace       used 47554K, capacity 49072K, committed 52088K, reserved 1093632K
[2020-12-09T12:13:52.013-0500][gc,heap        ] GC(114)   class space    used 7120K, capacity 7598K, committed 8576K, reserved 1048576K
[2020-12-09T12:13:52.014-0500][gc,phases,start] GC(114) Phase 1: Mark live objects
[2020-12-09T12:13:52.066-0500][gc,stringtable ] GC(114) Cleaned string and symbol table, strings: 29746 processed, 5 removed, symbols: 117882 processed, 0 removed
[2020-12-09T12:13:52.066-0500][gc,phases      ] GC(114) Phase 1: Mark live objects 52.416ms
[2020-12-09T12:13:52.066-0500][gc,phases,start] GC(114) Phase 2: Prepare for compaction
[2020-12-09T12:13:52.071-0500][gc,phases      ] GC(114) Phase 2: Prepare for compaction 4.885ms
[2020-12-09T12:13:52.071-0500][gc,phases,start] GC(114) Phase 3: Adjust pointers
[2020-12-09T12:13:52.086-0500][gc,phases      ] GC(114) Phase 3: Adjust pointers 14.355ms
[2020-12-09T12:13:52.086-0500][gc,phases,start] GC(114) Phase 4: Compact heap
[2020-12-09T12:13:52.090-0500][gc,phases      ] GC(114) Phase 4: Compact heap 4.627ms
[2020-12-09T12:13:52.096-0500][gc,heap        ] GC(114) Eden regions: 6->0(11)
[2020-12-09T12:13:52.096-0500][gc,heap        ] GC(114) Survivor regions: 1->0(2)
[2020-12-09T12:13:52.096-0500][gc,heap        ] GC(114) Old regions: 45->45
[2020-12-09T12:13:52.096-0500][gc,heap        ] GC(114) Humongous regions: 4->4
[2020-12-09T12:13:52.096-0500][gc,metaspace   ] GC(114) Metaspace: 47554K->47554K(1093632K)
[2020-12-09T12:13:52.096-0500][gc,heap        ] GC(114) Heap after GC invocations=115 (full 17): garbage-first heap   total 69632K, used 46445K [0x0000000083000000, 0x0000000100000000)
[2020-12-09T12:13:52.096-0500][gc,heap        ] GC(114)   region size 1024K, 0 young (0K), 0 survivors (0K)
[2020-12-09T12:13:52.096-0500][gc,heap        ] GC(114)  Metaspace       used 47554K, capacity 49072K, committed 52088K, reserved 1093632K
[2020-12-09T12:13:52.096-0500][gc,heap        ] GC(114)   class space    used 7120K, capacity 7598K, committed 8576K, reserved 1048576K
[2020-12-09T12:13:52.096-0500][gc             ] GC(114) Pause Full (System.gc()) 51M->45M(68M) 83.050ms
[2020-12-09T12:13:52.096-0500][gc,cpu         ] GC(114) User=0.36s Sys=0.00s Real=0.08s
[2020-12-09T12:15:52.649-0500][gc,heap        ] GC(115) Heap before GC invocations=115 (full 17): garbage-first heap   total 69632K, used 56685K [0x0000000083000000, 0x0000000100000000)
[2020-12-09T12:15:52.649-0500][gc,heap        ] GC(115)   region size 1024K, 11 young (11264K), 0 survivors (0K)
[2020-12-09T12:15:52.649-0500][gc,heap        ] GC(115)  Metaspace       used 47554K, capacity 49072K, committed 52088K, reserved 1093632K
[2020-12-09T12:15:52.649-0500][gc,heap        ] GC(115)   class space    used 7120K, capacity 7598K, committed 8576K, reserved 1048576K
[2020-12-09T12:15:52.650-0500][gc,start       ] GC(115) Pause Young (Concurrent Start) (G1 Evacuation Pause)
[2020-12-09T12:15:52.650-0500][gc,task        ] GC(115) Using 8 workers of 8 for evacuation
[2020-12-09T12:15:52.656-0500][gc,phases      ] GC(115)   Pre Evacuate Collection Set: 0.4ms
[2020-12-09T12:15:52.656-0500][gc,phases      ] GC(115)   Evacuate Collection Set: 3.5ms
[2020-12-09T12:15:52.656-0500][gc,phases      ] GC(115)   Post Evacuate Collection Set: 2.2ms
[2020-12-09T12:15:52.656-0500][gc,phases      ] GC(115)   Other: 0.5ms
[2020-12-09T12:15:52.656-0500][gc,heap        ] GC(115) Eden regions: 11->0(10)
[2020-12-09T12:15:52.656-0500][gc,heap        ] GC(115) Survivor regions: 0->1(2)
[2020-12-09T12:15:52.656-0500][gc,heap        ] GC(115) Old regions: 45->45
[2020-12-09T12:15:52.656-0500][gc,heap        ] GC(115) Humongous regions: 4->4
[2020-12-09T12:15:52.656-0500][gc,metaspace   ] GC(115) Metaspace: 47554K->47554K(1093632K)
[2020-12-09T12:15:52.656-0500][gc,heap        ] GC(115) Heap after GC invocations=116 (full 17): garbage-first heap   total 69632K, used 46524K [0x0000000083000000, 0x0000000100000000)
[2020-12-09T12:15:52.656-0500][gc,heap        ] GC(115)   region size 1024K, 1 young (1024K), 1 survivors (1024K)
[2020-12-09T12:15:52.656-0500][gc,heap        ] GC(115)  Metaspace       used 47554K, capacity 49072K, committed 52088K, reserved 1093632K
[2020-12-09T12:15:52.656-0500][gc,heap        ] GC(115)   class space    used 7120K, capacity 7598K, committed 8576K, reserved 1048576K
[2020-12-09T12:15:52.656-0500][gc             ] GC(115) Pause Young (Concurrent Start) (G1 Evacuation Pause) 56M->45M(68M) 6.732ms
[2020-12-09T12:15:52.656-0500][gc,cpu         ] GC(115) User=0.01s Sys=0.00s Real=0.00s
[2020-12-09T12:15:52.657-0500][gc             ] GC(116) Concurrent Cycle
[2020-12-09T12:15:52.657-0500][gc,marking     ] GC(116) Concurrent Clear Claimed Marks
[2020-12-09T12:15:52.657-0500][gc,marking     ] GC(116) Concurrent Clear Claimed Marks 0.100ms
[2020-12-09T12:15:52.657-0500][gc,marking     ] GC(116) Concurrent Scan Root Regions
[2020-12-09T12:15:52.658-0500][gc,marking     ] GC(116) Concurrent Scan Root Regions 1.404ms
[2020-12-09T12:15:52.658-0500][gc,marking     ] GC(116) Concurrent Mark (4922.227s)
[2020-12-09T12:15:52.658-0500][gc,marking     ] GC(116) Concurrent Mark From Roots
[2020-12-09T12:15:52.658-0500][gc,task        ] GC(116) Using 2 workers of 2 for marking
[2020-12-09T12:15:52.725-0500][gc,marking     ] GC(116) Concurrent Mark From Roots 66.968ms
[2020-12-09T12:15:52.725-0500][gc,marking     ] GC(116) Concurrent Preclean
[2020-12-09T12:15:52.726-0500][gc,marking     ] GC(116) Concurrent Preclean 0.212ms
[2020-12-09T12:15:52.726-0500][gc,marking     ] GC(116) Concurrent Mark (4922.227s, 4922.295s) 67.304ms
[2020-12-09T12:15:52.726-0500][gc,start       ] GC(116) Pause Remark
[2020-12-09T12:15:52.731-0500][gc,stringtable ] GC(116) Cleaned string and symbol table, strings: 29746 processed, 0 removed, symbols: 117882 processed, 0 removed
[2020-12-09T12:15:52.731-0500][gc             ] GC(116) Pause Remark 45M->45M(68M) 5.117ms
[2020-12-09T12:15:52.731-0500][gc,cpu         ] GC(116) User=0.03s Sys=0.00s Real=0.01s
[2020-12-09T12:15:52.731-0500][gc,marking     ] GC(116) Concurrent Rebuild Remembered Sets
[2020-12-09T12:15:52.750-0500][gc,marking     ] GC(116) Concurrent Rebuild Remembered Sets 18.762ms
[2020-12-09T12:15:52.750-0500][gc,start       ] GC(116) Pause Cleanup
[2020-12-09T12:15:52.751-0500][gc             ] GC(116) Pause Cleanup 45M->45M(68M) 0.216ms
[2020-12-09T12:15:52.751-0500][gc,cpu         ] GC(116) User=0.00s Sys=0.00s Real=0.00s
[2020-12-09T12:15:52.751-0500][gc,marking     ] GC(116) Concurrent Cleanup for Next Mark
[2020-12-09T12:15:52.751-0500][gc,marking     ] GC(116) Concurrent Cleanup for Next Mark 0.236ms
[2020-12-09T12:15:52.751-0500][gc             ] GC(116) Concurrent Cycle 94.263ms
[2020-12-09T12:17:46.784-0500][gc,heap        ] GC(117) Heap before GC invocations=117 (full 17): garbage-first heap   total 69632K, used 55740K [0x0000000083000000, 0x0000000100000000)
[2020-12-09T12:17:46.784-0500][gc,heap        ] GC(117)   region size 1024K, 11 young (11264K), 1 survivors (1024K)
[2020-12-09T12:17:46.784-0500][gc,heap        ] GC(117)  Metaspace       used 47555K, capacity 49072K, committed 52088K, reserved 1093632K
[2020-12-09T12:17:46.784-0500][gc,heap        ] GC(117)   class space    used 7120K, capacity 7598K, committed 8576K, reserved 1048576K
[2020-12-09T12:17:46.784-0500][gc,start       ] GC(117) Pause Young (Normal) (G1 Evacuation Pause)
[2020-12-09T12:17:46.784-0500][gc,task        ] GC(117) Using 8 workers of 8 for evacuation
[2020-12-09T12:17:46.790-0500][gc,phases      ] GC(117)   Pre Evacuate Collection Set: 0.0ms
[2020-12-09T12:17:46.790-0500][gc,phases      ] GC(117)   Evacuate Collection Set: 2.7ms
[2020-12-09T12:17:46.790-0500][gc,phases      ] GC(117)   Post Evacuate Collection Set: 2.5ms
[2020-12-09T12:17:46.790-0500][gc,phases      ] GC(117)   Other: 0.7ms
[2020-12-09T12:17:46.790-0500][gc,heap        ] GC(117) Eden regions: 10->0(10)
[2020-12-09T12:17:46.790-0500][gc,heap        ] GC(117) Survivor regions: 1->1(2)
[2020-12-09T12:17:46.790-0500][gc,heap        ] GC(117) Old regions: 45->45
[2020-12-09T12:17:46.790-0500][gc,heap        ] GC(117) Humongous regions: 4->4
[2020-12-09T12:17:46.790-0500][gc,metaspace   ] GC(117) Metaspace: 47555K->47555K(1093632K)
[2020-12-09T12:17:46.790-0500][gc,heap        ] GC(117) Heap after GC invocations=118 (full 17): garbage-first heap   total 69632K, used 46493K [0x0000000083000000, 0x0000000100000000)
[2020-12-09T12:17:46.790-0500][gc,heap        ] GC(117)   region size 1024K, 1 young (1024K), 1 survivors (1024K)
[2020-12-09T12:17:46.790-0500][gc,heap        ] GC(117)  Metaspace       used 47555K, capacity 49072K, committed 52088K, reserved 1093632K
[2020-12-09T12:17:46.790-0500][gc,heap        ] GC(117)   class space    used 7120K, capacity 7598K, committed 8576K, reserved 1048576K
[2020-12-09T12:17:46.790-0500][gc             ] GC(117) Pause Young (Normal) (G1 Evacuation Pause) 55M->45M(68M) 5.988ms
[2020-12-09T12:17:46.790-0500][gc,cpu         ] GC(117) User=0.01s Sys=0.00s Real=0.01s
[2020-12-09T12:18:52.012-0500][gc,task        ] GC(118) Using 5 workers of 8 for full compaction
[2020-12-09T12:18:52.012-0500][gc,start       ] GC(118) Pause Full (System.gc())
[2020-12-09T12:18:52.012-0500][gc,heap        ] GC(118) Heap before GC invocations=118 (full 17): garbage-first heap   total 69632K, used 51613K [0x0000000083000000, 0x0000000100000000)
[2020-12-09T12:18:52.012-0500][gc,heap        ] GC(118)   region size 1024K, 7 young (7168K), 1 survivors (1024K)
[2020-12-09T12:18:52.012-0500][gc,heap        ] GC(118)  Metaspace       used 47556K, capacity 49072K, committed 52088K, reserved 1093632K
[2020-12-09T12:18:52.012-0500][gc,heap        ] GC(118)   class space    used 7120K, capacity 7598K, committed 8576K, reserved 1048576K
[2020-12-09T12:18:52.013-0500][gc,phases,start] GC(118) Phase 1: Mark live objects
[2020-12-09T12:18:52.052-0500][gc,stringtable ] GC(118) Cleaned string and symbol table, strings: 29746 processed, 5 removed, symbols: 117882 processed, 0 removed
[2020-12-09T12:18:52.053-0500][gc,phases      ] GC(118) Phase 1: Mark live objects 39.382ms
[2020-12-09T12:18:52.053-0500][gc,phases,start] GC(118) Phase 2: Prepare for compaction
[2020-12-09T12:18:52.058-0500][gc,phases      ] GC(118) Phase 2: Prepare for compaction 5.715ms
[2020-12-09T12:18:52.058-0500][gc,phases,start] GC(118) Phase 3: Adjust pointers
[2020-12-09T12:18:52.071-0500][gc,phases      ] GC(118) Phase 3: Adjust pointers 12.426ms
[2020-12-09T12:18:52.071-0500][gc,phases,start] GC(118) Phase 4: Compact heap
[2020-12-09T12:18:52.074-0500][gc,phases      ] GC(118) Phase 4: Compact heap 3.142ms
[2020-12-09T12:18:52.080-0500][gc,heap        ] GC(118) Eden regions: 6->0(12)
[2020-12-09T12:18:52.080-0500][gc,heap        ] GC(118) Survivor regions: 1->0(2)
[2020-12-09T12:18:52.080-0500][gc,heap        ] GC(118) Old regions: 45->44
[2020-12-09T12:18:52.080-0500][gc,heap        ] GC(118) Humongous regions: 4->4
[2020-12-09T12:18:52.080-0500][gc,metaspace   ] GC(118) Metaspace: 47556K->47556K(1093632K)
[2020-12-09T12:18:52.080-0500][gc,heap        ] GC(118) Heap after GC invocations=119 (full 18): garbage-first heap   total 69632K, used 46433K [0x0000000083000000, 0x0000000100000000)
[2020-12-09T12:18:52.080-0500][gc,heap        ] GC(118)   region size 1024K, 0 young (0K), 0 survivors (0K)
[2020-12-09T12:18:52.080-0500][gc,heap        ] GC(118)  Metaspace       used 47556K, capacity 49072K, committed 52088K, reserved 1093632K
[2020-12-09T12:18:52.080-0500][gc,heap        ] GC(118)   class space    used 7120K, capacity 7598K, committed 8576K, reserved 1048576K
[2020-12-09T12:18:52.080-0500][gc             ] GC(118) Pause Full (System.gc()) 50M->45M(68M) 67.280ms
[2020-12-09T12:18:52.080-0500][gc,cpu         ] GC(118) User=0.29s Sys=0.00s Real=0.07s
[2020-12-09T12:21:06.946-0500][gc,heap        ] GC(119) Heap before GC invocations=119 (full 18): garbage-first heap   total 69632K, used 57697K [0x0000000083000000, 0x0000000100000000)
[2020-12-09T12:21:06.946-0500][gc,heap        ] GC(119)   region size 1024K, 12 young (12288K), 0 survivors (0K)
[2020-12-09T12:21:06.946-0500][gc,heap        ] GC(119)  Metaspace       used 47559K, capacity 49072K, committed 52088K, reserved 1093632K
[2020-12-09T12:21:06.946-0500][gc,heap        ] GC(119)   class space    used 7120K, capacity 7598K, committed 8576K, reserved 1048576K
[2020-12-09T12:21:06.946-0500][gc,start       ] GC(119) Pause Young (Concurrent Start) (G1 Evacuation Pause)
[2020-12-09T12:21:06.946-0500][gc,task        ] GC(119) Using 8 workers of 8 for evacuation
[2020-12-09T12:21:06.952-0500][gc,phases      ] GC(119)   Pre Evacuate Collection Set: 0.3ms
[2020-12-09T12:21:06.953-0500][gc,phases      ] GC(119)   Evacuate Collection Set: 2.9ms
[2020-12-09T12:21:06.953-0500][gc,phases      ] GC(119)   Post Evacuate Collection Set: 2.7ms
[2020-12-09T12:21:06.953-0500][gc,phases      ] GC(119)   Other: 0.7ms
[2020-12-09T12:21:06.953-0500][gc,heap        ] GC(119) Eden regions: 12->0(11)
[2020-12-09T12:21:06.953-0500][gc,heap        ] GC(119) Survivor regions: 0->1(2)
[2020-12-09T12:21:06.953-0500][gc,heap        ] GC(119) Old regions: 44->44
[2020-12-09T12:21:06.953-0500][gc,heap        ] GC(119) Humongous regions: 4->4
[2020-12-09T12:21:06.953-0500][gc,metaspace   ] GC(119) Metaspace: 47559K->47559K(1093632K)
[2020-12-09T12:21:06.953-0500][gc,heap        ] GC(119) Heap after GC invocations=120 (full 18): garbage-first heap   total 69632K, used 46488K [0x0000000083000000, 0x0000000100000000)
[2020-12-09T12:21:06.953-0500][gc,heap        ] GC(119)   region size 1024K, 1 young (1024K), 1 survivors (1024K)
[2020-12-09T12:21:06.953-0500][gc,heap        ] GC(119)  Metaspace       used 47559K, capacity 49072K, committed 52088K, reserved 1093632K
[2020-12-09T12:21:06.953-0500][gc,heap        ] GC(119)   class space    used 7120K, capacity 7598K, committed 8576K, reserved 1048576K
[2020-12-09T12:21:06.953-0500][gc             ] GC(119) Pause Young (Concurrent Start) (G1 Evacuation Pause) 57M->45M(68M) 6.655ms
[2020-12-09T12:21:06.953-0500][gc,cpu         ] GC(119) User=0.01s Sys=0.01s Real=0.01s
[2020-12-09T12:21:06.953-0500][gc             ] GC(120) Concurrent Cycle
[2020-12-09T12:21:06.953-0500][gc,marking     ] GC(120) Concurrent Clear Claimed Marks
[2020-12-09T12:21:06.953-0500][gc,marking     ] GC(120) Concurrent Clear Claimed Marks 0.098ms
[2020-12-09T12:21:06.954-0500][gc,marking     ] GC(120) Concurrent Scan Root Regions
[2020-12-09T12:21:06.955-0500][gc,marking     ] GC(120) Concurrent Scan Root Regions 1.371ms
[2020-12-09T12:21:06.955-0500][gc,marking     ] GC(120) Concurrent Mark (5236.524s)
[2020-12-09T12:21:06.955-0500][gc,marking     ] GC(120) Concurrent Mark From Roots
[2020-12-09T12:21:06.955-0500][gc,task        ] GC(120) Using 2 workers of 2 for marking
[2020-12-09T12:21:07.015-0500][gc,marking     ] GC(120) Concurrent Mark From Roots 59.635ms
[2020-12-09T12:21:07.015-0500][gc,marking     ] GC(120) Concurrent Preclean
[2020-12-09T12:21:07.015-0500][gc,marking     ] GC(120) Concurrent Preclean 0.223ms
[2020-12-09T12:21:07.015-0500][gc,marking     ] GC(120) Concurrent Mark (5236.524s, 5236.584s) 59.947ms
[2020-12-09T12:21:07.015-0500][gc,start       ] GC(120) Pause Remark
[2020-12-09T12:21:07.020-0500][gc,stringtable ] GC(120) Cleaned string and symbol table, strings: 29746 processed, 0 removed, symbols: 117882 processed, 0 removed
[2020-12-09T12:21:07.020-0500][gc             ] GC(120) Pause Remark 45M->45M(68M) 4.977ms
[2020-12-09T12:21:07.020-0500][gc,cpu         ] GC(120) User=0.02s Sys=0.00s Real=0.01s
[2020-12-09T12:21:07.020-0500][gc,marking     ] GC(120) Concurrent Rebuild Remembered Sets
[2020-12-09T12:21:07.039-0500][gc,marking     ] GC(120) Concurrent Rebuild Remembered Sets 18.768ms
[2020-12-09T12:21:07.039-0500][gc,start       ] GC(120) Pause Cleanup
[2020-12-09T12:21:07.040-0500][gc             ] GC(120) Pause Cleanup 45M->45M(68M) 0.185ms
[2020-12-09T12:21:07.040-0500][gc,cpu         ] GC(120) User=0.00s Sys=0.00s Real=0.00s
[2020-12-09T12:21:07.040-0500][gc,marking     ] GC(120) Concurrent Cleanup for Next Mark
[2020-12-09T12:21:07.040-0500][gc,marking     ] GC(120) Concurrent Cleanup for Next Mark 0.220ms
[2020-12-09T12:21:07.040-0500][gc             ] GC(120) Concurrent Cycle 86.669ms
[2020-12-09T12:23:12.647-0500][gc,heap        ] GC(121) Heap before GC invocations=121 (full 18): garbage-first heap   total 69632K, used 56728K [0x0000000083000000, 0x0000000100000000)
[2020-12-09T12:23:12.647-0500][gc,heap        ] GC(121)   region size 1024K, 12 young (12288K), 1 survivors (1024K)
[2020-12-09T12:23:12.648-0500][gc,heap        ] GC(121)  Metaspace       used 47559K, capacity 49072K, committed 52088K, reserved 1093632K
[2020-12-09T12:23:12.648-0500][gc,heap        ] GC(121)   class space    used 7120K, capacity 7598K, committed 8576K, reserved 1048576K
[2020-12-09T12:23:12.648-0500][gc,start       ] GC(121) Pause Young (Normal) (G1 Evacuation Pause)
[2020-12-09T12:23:12.648-0500][gc,task        ] GC(121) Using 8 workers of 8 for evacuation
[2020-12-09T12:23:12.653-0500][gc,phases      ] GC(121)   Pre Evacuate Collection Set: 0.0ms
[2020-12-09T12:23:12.653-0500][gc,phases      ] GC(121)   Evacuate Collection Set: 2.4ms
[2020-12-09T12:23:12.653-0500][gc,phases      ] GC(121)   Post Evacuate Collection Set: 2.3ms
[2020-12-09T12:23:12.653-0500][gc,phases      ] GC(121)   Other: 0.6ms
[2020-12-09T12:23:12.653-0500][gc,heap        ] GC(121) Eden regions: 11->0(11)
[2020-12-09T12:23:12.653-0500][gc,heap        ] GC(121) Survivor regions: 1->1(2)
[2020-12-09T12:23:12.653-0500][gc,heap        ] GC(121) Old regions: 44->44
[2020-12-09T12:23:12.653-0500][gc,heap        ] GC(121) Humongous regions: 4->4
[2020-12-09T12:23:12.653-0500][gc,metaspace   ] GC(121) Metaspace: 47559K->47559K(1093632K)
[2020-12-09T12:23:12.653-0500][gc,heap        ] GC(121) Heap after GC invocations=122 (full 18): garbage-first heap   total 69632K, used 46505K [0x0000000083000000, 0x0000000100000000)
[2020-12-09T12:23:12.653-0500][gc,heap        ] GC(121)   region size 1024K, 1 young (1024K), 1 survivors (1024K)
[2020-12-09T12:23:12.653-0500][gc,heap        ] GC(121)  Metaspace       used 47559K, capacity 49072K, committed 52088K, reserved 1093632K
[2020-12-09T12:23:12.653-0500][gc,heap        ] GC(121)   class space    used 7120K, capacity 7598K, committed 8576K, reserved 1048576K
[2020-12-09T12:23:12.653-0500][gc             ] GC(121) Pause Young (Normal) (G1 Evacuation Pause) 56M->45M(68M) 5.257ms
[2020-12-09T12:23:12.653-0500][gc,cpu         ] GC(121) User=0.01s Sys=0.01s Real=0.00s
[2020-12-09T12:23:52.012-0500][gc,task        ] GC(122) Using 5 workers of 8 for full compaction
[2020-12-09T12:23:52.012-0500][gc,start       ] GC(122) Pause Full (System.gc())
[2020-12-09T12:23:52.012-0500][gc,heap        ] GC(122) Heap before GC invocations=122 (full 18): garbage-first heap   total 69632K, used 49577K [0x0000000083000000, 0x0000000100000000)
[2020-12-09T12:23:52.012-0500][gc,heap        ] GC(122)   region size 1024K, 5 young (5120K), 1 survivors (1024K)
[2020-12-09T12:23:52.012-0500][gc,heap        ] GC(122)  Metaspace       used 47559K, capacity 49072K, committed 52088K, reserved 1093632K
[2020-12-09T12:23:52.013-0500][gc,heap        ] GC(122)   class space    used 7120K, capacity 7598K, committed 8576K, reserved 1048576K
[2020-12-09T12:23:52.013-0500][gc,phases,start] GC(122) Phase 1: Mark live objects
[2020-12-09T12:23:52.056-0500][gc,stringtable ] GC(122) Cleaned string and symbol table, strings: 29825 processed, 5 removed, symbols: 117882 processed, 0 removed
[2020-12-09T12:23:52.056-0500][gc,phases      ] GC(122) Phase 1: Mark live objects 43.168ms
[2020-12-09T12:23:52.056-0500][gc,phases,start] GC(122) Phase 2: Prepare for compaction
[2020-12-09T12:23:52.062-0500][gc,phases      ] GC(122) Phase 2: Prepare for compaction 5.325ms
[2020-12-09T12:23:52.062-0500][gc,phases,start] GC(122) Phase 3: Adjust pointers
[2020-12-09T12:23:52.074-0500][gc,phases      ] GC(122) Phase 3: Adjust pointers 12.616ms
[2020-12-09T12:23:52.074-0500][gc,phases,start] GC(122) Phase 4: Compact heap
[2020-12-09T12:23:52.078-0500][gc,phases      ] GC(122) Phase 4: Compact heap 3.570ms
[2020-12-09T12:23:52.084-0500][gc,heap        ] GC(122) Eden regions: 4->0(11)
[2020-12-09T12:23:52.084-0500][gc,heap        ] GC(122) Survivor regions: 1->0(2)
[2020-12-09T12:23:52.084-0500][gc,heap        ] GC(122) Old regions: 44->45
[2020-12-09T12:23:52.084-0500][gc,heap        ] GC(122) Humongous regions: 4->4
[2020-12-09T12:23:52.084-0500][gc,metaspace   ] GC(122) Metaspace: 47559K->47559K(1093632K)
[2020-12-09T12:23:52.084-0500][gc,heap        ] GC(122) Heap after GC invocations=123 (full 19): garbage-first heap   total 69632K, used 46432K [0x0000000083000000, 0x0000000100000000)
[2020-12-09T12:23:52.084-0500][gc,heap        ] GC(122)   region size 1024K, 0 young (0K), 0 survivors (0K)
[2020-12-09T12:23:52.084-0500][gc,heap        ] GC(122)  Metaspace       used 47559K, capacity 49072K, committed 52088K, reserved 1093632K
[2020-12-09T12:23:52.084-0500][gc,heap        ] GC(122)   class space    used 7120K, capacity 7598K, committed 8576K, reserved 1048576K
[2020-12-09T12:23:52.084-0500][gc             ] GC(122) Pause Full (System.gc()) 49M->45M(68M) 71.313ms
[2020-12-09T12:23:52.084-0500][gc,cpu         ] GC(122) User=0.31s Sys=0.00s Real=0.07s
[2020-12-09T12:25:52.653-0500][gc,heap        ] GC(123) Heap before GC invocations=123 (full 19): garbage-first heap   total 69632K, used 56672K [0x0000000083000000, 0x0000000100000000)
[2020-12-09T12:25:52.653-0500][gc,heap        ] GC(123)   region size 1024K, 11 young (11264K), 0 survivors (0K)
[2020-12-09T12:25:52.653-0500][gc,heap        ] GC(123)  Metaspace       used 47559K, capacity 49072K, committed 52088K, reserved 1093632K
[2020-12-09T12:25:52.653-0500][gc,heap        ] GC(123)   class space    used 7120K, capacity 7598K, committed 8576K, reserved 1048576K
[2020-12-09T12:25:52.653-0500][gc,start       ] GC(123) Pause Young (Concurrent Start) (G1 Evacuation Pause)
[2020-12-09T12:25:52.653-0500][gc,task        ] GC(123) Using 8 workers of 8 for evacuation
[2020-12-09T12:25:52.659-0500][gc,phases      ] GC(123)   Pre Evacuate Collection Set: 0.4ms
[2020-12-09T12:25:52.659-0500][gc,phases      ] GC(123)   Evacuate Collection Set: 2.7ms
[2020-12-09T12:25:52.659-0500][gc,phases      ] GC(123)   Post Evacuate Collection Set: 2.5ms
[2020-12-09T12:25:52.659-0500][gc,phases      ] GC(123)   Other: 0.5ms
[2020-12-09T12:25:52.659-0500][gc,heap        ] GC(123) Eden regions: 11->0(10)
[2020-12-09T12:25:52.659-0500][gc,heap        ] GC(123) Survivor regions: 0->1(2)
[2020-12-09T12:25:52.659-0500][gc,heap        ] GC(123) Old regions: 45->45
[2020-12-09T12:25:52.659-0500][gc,heap        ] GC(123) Humongous regions: 4->4
[2020-12-09T12:25:52.659-0500][gc,metaspace   ] GC(123) Metaspace: 47559K->47559K(1093632K)
[2020-12-09T12:25:52.659-0500][gc,heap        ] GC(123) Heap after GC invocations=124 (full 19): garbage-first heap   total 69632K, used 46481K [0x0000000083000000, 0x0000000100000000)
[2020-12-09T12:25:52.659-0500][gc,heap        ] GC(123)   region size 1024K, 1 young (1024K), 1 survivors (1024K)
[2020-12-09T12:25:52.659-0500][gc,heap        ] GC(123)  Metaspace       used 47559K, capacity 49072K, committed 52088K, reserved 1093632K
[2020-12-09T12:25:52.659-0500][gc,heap        ] GC(123)   class space    used 7120K, capacity 7598K, committed 8576K, reserved 1048576K
[2020-12-09T12:25:52.659-0500][gc             ] GC(123) Pause Young (Concurrent Start) (G1 Evacuation Pause) 56M->45M(68M) 6.302ms
[2020-12-09T12:25:52.660-0500][gc,cpu         ] GC(123) User=0.01s Sys=0.01s Real=0.01s
[2020-12-09T12:25:52.660-0500][gc             ] GC(124) Concurrent Cycle
[2020-12-09T12:25:52.660-0500][gc,marking     ] GC(124) Concurrent Clear Claimed Marks
[2020-12-09T12:25:52.660-0500][gc,marking     ] GC(124) Concurrent Clear Claimed Marks 0.088ms
[2020-12-09T12:25:52.660-0500][gc,marking     ] GC(124) Concurrent Scan Root Regions
[2020-12-09T12:25:52.661-0500][gc,marking     ] GC(124) Concurrent Scan Root Regions 1.367ms
[2020-12-09T12:25:52.661-0500][gc,marking     ] GC(124) Concurrent Mark (5522.230s)
[2020-12-09T12:25:52.661-0500][gc,marking     ] GC(124) Concurrent Mark From Roots
[2020-12-09T12:25:52.661-0500][gc,task        ] GC(124) Using 2 workers of 2 for marking
[2020-12-09T12:25:52.726-0500][gc,marking     ] GC(124) Concurrent Mark From Roots 64.795ms
[2020-12-09T12:25:52.726-0500][gc,marking     ] GC(124) Concurrent Preclean
[2020-12-09T12:25:52.727-0500][gc,marking     ] GC(124) Concurrent Preclean 0.286ms
[2020-12-09T12:25:52.727-0500][gc,marking     ] GC(124) Concurrent Mark (5522.230s, 5522.296s) 65.259ms
[2020-12-09T12:25:52.727-0500][gc,start       ] GC(124) Pause Remark
[2020-12-09T12:25:52.732-0500][gc,stringtable ] GC(124) Cleaned string and symbol table, strings: 29825 processed, 12 removed, symbols: 117882 processed, 0 removed
[2020-12-09T12:25:52.733-0500][gc             ] GC(124) Pause Remark 45M->45M(68M) 5.577ms
[2020-12-09T12:25:52.733-0500][gc,cpu         ] GC(124) User=0.03s Sys=0.01s Real=0.00s
[2020-12-09T12:25:52.733-0500][gc,marking     ] GC(124) Concurrent Rebuild Remembered Sets
[2020-12-09T12:25:52.755-0500][gc,marking     ] GC(124) Concurrent Rebuild Remembered Sets 21.934ms
[2020-12-09T12:25:52.755-0500][gc,start       ] GC(124) Pause Cleanup
[2020-12-09T12:25:52.755-0500][gc             ] GC(124) Pause Cleanup 45M->45M(68M) 0.316ms
[2020-12-09T12:25:52.756-0500][gc,cpu         ] GC(124) User=0.00s Sys=0.00s Real=0.00s
[2020-12-09T12:25:52.756-0500][gc,marking     ] GC(124) Concurrent Cleanup for Next Mark
[2020-12-09T12:25:52.756-0500][gc,marking     ] GC(124) Concurrent Cleanup for Next Mark 0.203ms
[2020-12-09T12:25:52.756-0500][gc             ] GC(124) Concurrent Cycle 96.136ms
[2020-12-09T12:27:51.597-0500][gc,heap        ] GC(125) Heap before GC invocations=125 (full 19): garbage-first heap   total 69632K, used 56721K [0x0000000083000000, 0x0000000100000000)
[2020-12-09T12:27:51.597-0500][gc,heap        ] GC(125)   region size 1024K, 11 young (11264K), 1 survivors (1024K)
[2020-12-09T12:27:51.597-0500][gc,heap        ] GC(125)  Metaspace       used 47560K, capacity 49072K, committed 52088K, reserved 1093632K
[2020-12-09T12:27:51.597-0500][gc,heap        ] GC(125)   class space    used 7121K, capacity 7598K, committed 8576K, reserved 1048576K
[2020-12-09T12:27:51.598-0500][gc,start       ] GC(125) Pause Young (Normal) (G1 Evacuation Pause)
[2020-12-09T12:27:51.598-0500][gc,task        ] GC(125) Using 8 workers of 8 for evacuation
[2020-12-09T12:27:51.601-0500][gc,phases      ] GC(125)   Pre Evacuate Collection Set: 0.1ms
[2020-12-09T12:27:51.601-0500][gc,phases      ] GC(125)   Evacuate Collection Set: 1.4ms
[2020-12-09T12:27:51.601-0500][gc,phases      ] GC(125)   Post Evacuate Collection Set: 1.8ms
[2020-12-09T12:27:51.601-0500][gc,phases      ] GC(125)   Other: 0.6ms
[2020-12-09T12:27:51.601-0500][gc,heap        ] GC(125) Eden regions: 10->0(10)
[2020-12-09T12:27:51.601-0500][gc,heap        ] GC(125) Survivor regions: 1->1(2)
[2020-12-09T12:27:51.601-0500][gc,heap        ] GC(125) Old regions: 45->45
[2020-12-09T12:27:51.601-0500][gc,heap        ] GC(125) Humongous regions: 4->4
[2020-12-09T12:27:51.601-0500][gc,metaspace   ] GC(125) Metaspace: 47560K->47560K(1093632K)
[2020-12-09T12:27:51.601-0500][gc,heap        ] GC(125) Heap after GC invocations=126 (full 19): garbage-first heap   total 69632K, used 46483K [0x0000000083000000, 0x0000000100000000)
[2020-12-09T12:27:51.601-0500][gc,heap        ] GC(125)   region size 1024K, 1 young (1024K), 1 survivors (1024K)
[2020-12-09T12:27:51.601-0500][gc,heap        ] GC(125)  Metaspace       used 47560K, capacity 49072K, committed 52088K, reserved 1093632K
[2020-12-09T12:27:51.601-0500][gc,heap        ] GC(125)   class space    used 7121K, capacity 7598K, committed 8576K, reserved 1048576K
[2020-12-09T12:27:51.601-0500][gc             ] GC(125) Pause Young (Normal) (G1 Evacuation Pause) 55M->45M(68M) 3.868ms
[2020-12-09T12:27:51.601-0500][gc,cpu         ] GC(125) User=0.01s Sys=0.00s Real=0.00s
[2020-12-09T12:28:52.011-0500][gc,task        ] GC(126) Using 5 workers of 8 for full compaction
[2020-12-09T12:28:52.011-0500][gc,start       ] GC(126) Pause Full (System.gc())
[2020-12-09T12:28:52.011-0500][gc,heap        ] GC(126) Heap before GC invocations=126 (full 19): garbage-first heap   total 69632K, used 51603K [0x0000000083000000, 0x0000000100000000)
[2020-12-09T12:28:52.012-0500][gc,heap        ] GC(126)   region size 1024K, 7 young (7168K), 1 survivors (1024K)
[2020-12-09T12:28:52.012-0500][gc,heap        ] GC(126)  Metaspace       used 47563K, capacity 49072K, committed 52088K, reserved 1093632K
[2020-12-09T12:28:52.012-0500][gc,heap        ] GC(126)   class space    used 7121K, capacity 7598K, committed 8576K, reserved 1048576K
[2020-12-09T12:28:52.012-0500][gc,phases,start] GC(126) Phase 1: Mark live objects
[2020-12-09T12:28:52.065-0500][gc,stringtable ] GC(126) Cleaned string and symbol table, strings: 29814 processed, 8 removed, symbols: 117882 processed, 0 removed
[2020-12-09T12:28:52.065-0500][gc,phases      ] GC(126) Phase 1: Mark live objects 52.335ms
[2020-12-09T12:28:52.065-0500][gc,phases,start] GC(126) Phase 2: Prepare for compaction
[2020-12-09T12:28:52.069-0500][gc,phases      ] GC(126) Phase 2: Prepare for compaction 4.334ms
[2020-12-09T12:28:52.069-0500][gc,phases,start] GC(126) Phase 3: Adjust pointers
[2020-12-09T12:28:52.080-0500][gc,phases      ] GC(126) Phase 3: Adjust pointers 11.070ms
[2020-12-09T12:28:52.080-0500][gc,phases,start] GC(126) Phase 4: Compact heap
[2020-12-09T12:28:52.083-0500][gc,phases      ] GC(126) Phase 4: Compact heap 3.222ms
[2020-12-09T12:28:52.089-0500][gc,heap        ] GC(126) Eden regions: 6->0(12)
[2020-12-09T12:28:52.089-0500][gc,heap        ] GC(126) Survivor regions: 1->0(2)
[2020-12-09T12:28:52.089-0500][gc,heap        ] GC(126) Old regions: 45->44
[2020-12-09T12:28:52.089-0500][gc,heap        ] GC(126) Humongous regions: 4->4
[2020-12-09T12:28:52.089-0500][gc,metaspace   ] GC(126) Metaspace: 47563K->47459K(1093632K)
[2020-12-09T12:28:52.089-0500][gc,heap        ] GC(126) Heap after GC invocations=127 (full 20): garbage-first heap   total 69632K, used 46302K [0x0000000083000000, 0x0000000100000000)
[2020-12-09T12:28:52.089-0500][gc,heap        ] GC(126)   region size 1024K, 0 young (0K), 0 survivors (0K)
[2020-12-09T12:28:52.089-0500][gc,heap        ] GC(126)  Metaspace       used 47459K, capacity 48911K, committed 52088K, reserved 1093632K
[2020-12-09T12:28:52.089-0500][gc,heap        ] GC(126)   class space    used 7092K, capacity 7542K, committed 8576K, reserved 1048576K
[2020-12-09T12:28:52.089-0500][gc             ] GC(126) Pause Full (System.gc()) 50M->45M(68M) 77.884ms
[2020-12-09T12:28:52.089-0500][gc,cpu         ] GC(126) User=0.33s Sys=0.00s Real=0.08s
[2020-12-09T12:31:02.776-0500][gc,heap        ] GC(127) Heap before GC invocations=127 (full 20): garbage-first heap   total 69632K, used 57566K [0x0000000083000000, 0x0000000100000000)
[2020-12-09T12:31:02.776-0500][gc,heap        ] GC(127)   region size 1024K, 12 young (12288K), 0 survivors (0K)
[2020-12-09T12:31:02.776-0500][gc,heap        ] GC(127)  Metaspace       used 47461K, capacity 48911K, committed 52088K, reserved 1093632K
[2020-12-09T12:31:02.776-0500][gc,heap        ] GC(127)   class space    used 7092K, capacity 7542K, committed 8576K, reserved 1048576K
[2020-12-09T12:31:02.776-0500][gc,start       ] GC(127) Pause Young (Concurrent Start) (G1 Evacuation Pause)
[2020-12-09T12:31:02.776-0500][gc,task        ] GC(127) Using 8 workers of 8 for evacuation
[2020-12-09T12:31:02.782-0500][gc,phases      ] GC(127)   Pre Evacuate Collection Set: 0.5ms
[2020-12-09T12:31:02.782-0500][gc,phases      ] GC(127)   Evacuate Collection Set: 2.8ms
[2020-12-09T12:31:02.783-0500][gc,phases      ] GC(127)   Post Evacuate Collection Set: 2.8ms
[2020-12-09T12:31:02.783-0500][gc,phases      ] GC(127)   Other: 0.5ms
[2020-12-09T12:31:02.783-0500][gc,heap        ] GC(127) Eden regions: 12->0(11)
[2020-12-09T12:31:02.783-0500][gc,heap        ] GC(127) Survivor regions: 0->1(2)
[2020-12-09T12:31:02.783-0500][gc,heap        ] GC(127) Old regions: 44->44
[2020-12-09T12:31:02.783-0500][gc,heap        ] GC(127) Humongous regions: 4->4
[2020-12-09T12:31:02.783-0500][gc,metaspace   ] GC(127) Metaspace: 47461K->47461K(1093632K)
[2020-12-09T12:31:02.783-0500][gc,heap        ] GC(127) Heap after GC invocations=128 (full 20): garbage-first heap   total 69632K, used 46369K [0x0000000083000000, 0x0000000100000000)
[2020-12-09T12:31:02.783-0500][gc,heap        ] GC(127)   region size 1024K, 1 young (1024K), 1 survivors (1024K)
[2020-12-09T12:31:02.783-0500][gc,heap        ] GC(127)  Metaspace       used 47461K, capacity 48911K, committed 52088K, reserved 1093632K
[2020-12-09T12:31:02.783-0500][gc,heap        ] GC(127)   class space    used 7092K, capacity 7542K, committed 8576K, reserved 1048576K
[2020-12-09T12:31:02.783-0500][gc             ] GC(127) Pause Young (Concurrent Start) (G1 Evacuation Pause) 57M->45M(68M) 6.670ms
[2020-12-09T12:31:02.783-0500][gc,cpu         ] GC(127) User=0.01s Sys=0.00s Real=0.01s
[2020-12-09T12:31:02.783-0500][gc             ] GC(128) Concurrent Cycle
[2020-12-09T12:31:02.783-0500][gc,marking     ] GC(128) Concurrent Clear Claimed Marks
[2020-12-09T12:31:02.783-0500][gc,marking     ] GC(128) Concurrent Clear Claimed Marks 0.142ms
[2020-12-09T12:31:02.783-0500][gc,marking     ] GC(128) Concurrent Scan Root Regions
[2020-12-09T12:31:02.785-0500][gc,marking     ] GC(128) Concurrent Scan Root Regions 1.748ms
[2020-12-09T12:31:02.785-0500][gc,marking     ] GC(128) Concurrent Mark (5832.354s)
[2020-12-09T12:31:02.785-0500][gc,marking     ] GC(128) Concurrent Mark From Roots
[2020-12-09T12:31:02.785-0500][gc,task        ] GC(128) Using 2 workers of 2 for marking
[2020-12-09T12:31:02.850-0500][gc,marking     ] GC(128) Concurrent Mark From Roots 64.348ms
[2020-12-09T12:31:02.850-0500][gc,marking     ] GC(128) Concurrent Preclean
[2020-12-09T12:31:02.850-0500][gc,marking     ] GC(128) Concurrent Preclean 0.240ms
[2020-12-09T12:31:02.850-0500][gc,marking     ] GC(128) Concurrent Mark (5832.354s, 5832.419s) 64.683ms
[2020-12-09T12:31:02.850-0500][gc,start       ] GC(128) Pause Remark
[2020-12-09T12:31:02.855-0500][gc,stringtable ] GC(128) Cleaned string and symbol table, strings: 29811 processed, 0 removed, symbols: 117882 processed, 12 removed
[2020-12-09T12:31:02.855-0500][gc             ] GC(128) Pause Remark 45M->45M(68M) 4.771ms
[2020-12-09T12:31:02.855-0500][gc,cpu         ] GC(128) User=0.03s Sys=0.00s Real=0.00s
[2020-12-09T12:31:02.855-0500][gc,marking     ] GC(128) Concurrent Rebuild Remembered Sets
[2020-12-09T12:31:02.879-0500][gc,marking     ] GC(128) Concurrent Rebuild Remembered Sets 23.719ms
[2020-12-09T12:31:02.879-0500][gc,start       ] GC(128) Pause Cleanup
[2020-12-09T12:31:02.880-0500][gc             ] GC(128) Pause Cleanup 45M->45M(68M) 0.232ms
[2020-12-09T12:31:02.880-0500][gc,cpu         ] GC(128) User=0.00s Sys=0.00s Real=0.00s
[2020-12-09T12:31:02.880-0500][gc,marking     ] GC(128) Concurrent Cleanup for Next Mark
[2020-12-09T12:31:02.880-0500][gc,marking     ] GC(128) Concurrent Cleanup for Next Mark 0.233ms
[2020-12-09T12:31:02.880-0500][gc             ] GC(128) Concurrent Cycle 96.878ms
[2020-12-09T12:33:12.647-0500][gc,heap        ] GC(129) Heap before GC invocations=129 (full 20): garbage-first heap   total 69632K, used 56609K [0x0000000083000000, 0x0000000100000000)
[2020-12-09T12:33:12.648-0500][gc,heap        ] GC(129)   region size 1024K, 12 young (12288K), 1 survivors (1024K)
[2020-12-09T12:33:12.648-0500][gc,heap        ] GC(129)  Metaspace       used 47462K, capacity 48911K, committed 52088K, reserved 1093632K
[2020-12-09T12:33:12.648-0500][gc,heap        ] GC(129)   class space    used 7092K, capacity 7542K, committed 8576K, reserved 1048576K
[2020-12-09T12:33:12.648-0500][gc,start       ] GC(129) Pause Young (Normal) (G1 Evacuation Pause)
[2020-12-09T12:33:12.648-0500][gc,task        ] GC(129) Using 8 workers of 8 for evacuation
[2020-12-09T12:33:12.654-0500][gc,phases      ] GC(129)   Pre Evacuate Collection Set: 0.0ms
[2020-12-09T12:33:12.655-0500][gc,phases      ] GC(129)   Evacuate Collection Set: 2.3ms
[2020-12-09T12:33:12.655-0500][gc,phases      ] GC(129)   Post Evacuate Collection Set: 4.1ms
[2020-12-09T12:33:12.655-0500][gc,phases      ] GC(129)   Other: 0.5ms
[2020-12-09T12:33:12.655-0500][gc,heap        ] GC(129) Eden regions: 11->0(11)
[2020-12-09T12:33:12.655-0500][gc,heap        ] GC(129) Survivor regions: 1->1(2)
[2020-12-09T12:33:12.655-0500][gc,heap        ] GC(129) Old regions: 44->44
[2020-12-09T12:33:12.655-0500][gc,heap        ] GC(129) Humongous regions: 4->4
[2020-12-09T12:33:12.655-0500][gc,metaspace   ] GC(129) Metaspace: 47462K->47462K(1093632K)
[2020-12-09T12:33:12.655-0500][gc,heap        ] GC(129) Heap after GC invocations=130 (full 20): garbage-first heap   total 69632K, used 46369K [0x0000000083000000, 0x0000000100000000)
[2020-12-09T12:33:12.655-0500][gc,heap        ] GC(129)   region size 1024K, 1 young (1024K), 1 survivors (1024K)
[2020-12-09T12:33:12.655-0500][gc,heap        ] GC(129)  Metaspace       used 47462K, capacity 48911K, committed 52088K, reserved 1093632K
[2020-12-09T12:33:12.655-0500][gc,heap        ] GC(129)   class space    used 7092K, capacity 7542K, committed 8576K, reserved 1048576K
[2020-12-09T12:33:12.655-0500][gc             ] GC(129) Pause Young (Normal) (G1 Evacuation Pause) 56M->45M(68M) 7.186ms
[2020-12-09T12:33:12.655-0500][gc,cpu         ] GC(129) User=0.02s Sys=0.00s Real=0.00s
[2020-12-09T12:33:52.013-0500][gc,task        ] GC(130) Using 5 workers of 8 for full compaction
[2020-12-09T12:33:52.013-0500][gc,start       ] GC(130) Pause Full (System.gc())
[2020-12-09T12:33:52.013-0500][gc,heap        ] GC(130) Heap before GC invocations=130 (full 20): garbage-first heap   total 69632K, used 48417K [0x0000000083000000, 0x0000000100000000)
[2020-12-09T12:33:52.013-0500][gc,heap        ] GC(130)   region size 1024K, 5 young (5120K), 1 survivors (1024K)
[2020-12-09T12:33:52.013-0500][gc,heap        ] GC(130)  Metaspace       used 47462K, capacity 48911K, committed 52088K, reserved 1093632K
[2020-12-09T12:33:52.013-0500][gc,heap        ] GC(130)   class space    used 7092K, capacity 7542K, committed 8576K, reserved 1048576K
[2020-12-09T12:33:52.014-0500][gc,phases,start] GC(130) Phase 1: Mark live objects
[2020-12-09T12:33:52.052-0500][gc,stringtable ] GC(130) Cleaned string and symbol table, strings: 29811 processed, 5 removed, symbols: 117870 processed, 0 removed
[2020-12-09T12:33:52.052-0500][gc,phases      ] GC(130) Phase 1: Mark live objects 37.754ms
[2020-12-09T12:33:52.052-0500][gc,phases,start] GC(130) Phase 2: Prepare for compaction
[2020-12-09T12:33:52.055-0500][gc,phases      ] GC(130) Phase 2: Prepare for compaction 3.286ms
[2020-12-09T12:33:52.055-0500][gc,phases,start] GC(130) Phase 3: Adjust pointers
[2020-12-09T12:33:52.066-0500][gc,phases      ] GC(130) Phase 3: Adjust pointers 10.493ms
[2020-12-09T12:33:52.066-0500][gc,phases,start] GC(130) Phase 4: Compact heap
[2020-12-09T12:33:52.069-0500][gc,phases      ] GC(130) Phase 4: Compact heap 2.751ms
[2020-12-09T12:33:52.074-0500][gc,heap        ] GC(130) Eden regions: 4->0(12)
[2020-12-09T12:33:52.074-0500][gc,heap        ] GC(130) Survivor regions: 1->0(2)
[2020-12-09T12:33:52.074-0500][gc,heap        ] GC(130) Old regions: 44->44
[2020-12-09T12:33:52.074-0500][gc,heap        ] GC(130) Humongous regions: 4->4
[2020-12-09T12:33:52.074-0500][gc,metaspace   ] GC(130) Metaspace: 47462K->47462K(1093632K)
[2020-12-09T12:33:52.074-0500][gc,heap        ] GC(130) Heap after GC invocations=131 (full 21): garbage-first heap   total 69632K, used 46298K [0x0000000083000000, 0x0000000100000000)
[2020-12-09T12:33:52.074-0500][gc,heap        ] GC(130)   region size 1024K, 0 young (0K), 0 survivors (0K)
[2020-12-09T12:33:52.074-0500][gc,heap        ] GC(130)  Metaspace       used 47462K, capacity 48911K, committed 52088K, reserved 1093632K
[2020-12-09T12:33:52.074-0500][gc,heap        ] GC(130)   class space    used 7092K, capacity 7542K, committed 8576K, reserved 1048576K
[2020-12-09T12:33:52.074-0500][gc             ] GC(130) Pause Full (System.gc()) 49M->45M(68M) 60.832ms
[2020-12-09T12:33:52.074-0500][gc,cpu         ] GC(130) User=0.26s Sys=0.00s Real=0.06s
[2020-12-09T12:36:12.650-0500][gc,heap        ] GC(131) Heap before GC invocations=131 (full 21): garbage-first heap   total 69632K, used 58586K [0x0000000083000000, 0x0000000100000000)
[2020-12-09T12:36:12.650-0500][gc,heap        ] GC(131)   region size 1024K, 12 young (12288K), 0 survivors (0K)
[2020-12-09T12:36:12.650-0500][gc,heap        ] GC(131)  Metaspace       used 47463K, capacity 48911K, committed 52088K, reserved 1093632K
[2020-12-09T12:36:12.650-0500][gc,heap        ] GC(131)   class space    used 7092K, capacity 7542K, committed 8576K, reserved 1048576K
[2020-12-09T12:36:12.650-0500][gc,start       ] GC(131) Pause Young (Concurrent Start) (G1 Evacuation Pause)
[2020-12-09T12:36:12.650-0500][gc,task        ] GC(131) Using 8 workers of 8 for evacuation
[2020-12-09T12:36:12.656-0500][gc,phases      ] GC(131)   Pre Evacuate Collection Set: 0.3ms
[2020-12-09T12:36:12.656-0500][gc,phases      ] GC(131)   Evacuate Collection Set: 3.4ms
[2020-12-09T12:36:12.656-0500][gc,phases      ] GC(131)   Post Evacuate Collection Set: 1.7ms
[2020-12-09T12:36:12.656-0500][gc,phases      ] GC(131)   Other: 0.8ms
[2020-12-09T12:36:12.656-0500][gc,heap        ] GC(131) Eden regions: 12->0(11)
[2020-12-09T12:36:12.656-0500][gc,heap        ] GC(131) Survivor regions: 0->1(2)
[2020-12-09T12:36:12.657-0500][gc,heap        ] GC(131) Old regions: 44->44
[2020-12-09T12:36:12.657-0500][gc,heap        ] GC(131) Humongous regions: 4->4
[2020-12-09T12:36:12.657-0500][gc,metaspace   ] GC(131) Metaspace: 47463K->47463K(1093632K)
[2020-12-09T12:36:12.657-0500][gc,heap        ] GC(131) Heap after GC invocations=132 (full 21): garbage-first heap   total 69632K, used 46371K [0x0000000083000000, 0x0000000100000000)
[2020-12-09T12:36:12.657-0500][gc,heap        ] GC(131)   region size 1024K, 1 young (1024K), 1 survivors (1024K)
[2020-12-09T12:36:12.657-0500][gc,heap        ] GC(131)  Metaspace       used 47463K, capacity 48911K, committed 52088K, reserved 1093632K
[2020-12-09T12:36:12.657-0500][gc,heap        ] GC(131)   class space    used 7092K, capacity 7542K, committed 8576K, reserved 1048576K
[2020-12-09T12:36:12.657-0500][gc             ] GC(131) Pause Young (Concurrent Start) (G1 Evacuation Pause) 57M->45M(68M) 6.302ms
[2020-12-09T12:36:12.657-0500][gc,cpu         ] GC(131) User=0.01s Sys=0.01s Real=0.01s
[2020-12-09T12:36:12.657-0500][gc             ] GC(132) Concurrent Cycle
[2020-12-09T12:36:12.657-0500][gc,marking     ] GC(132) Concurrent Clear Claimed Marks
[2020-12-09T12:36:12.657-0500][gc,marking     ] GC(132) Concurrent Clear Claimed Marks 0.081ms
[2020-12-09T12:36:12.657-0500][gc,marking     ] GC(132) Concurrent Scan Root Regions
[2020-12-09T12:36:12.659-0500][gc,marking     ] GC(132) Concurrent Scan Root Regions 1.433ms
[2020-12-09T12:36:12.659-0500][gc,marking     ] GC(132) Concurrent Mark (6142.228s)
[2020-12-09T12:36:12.659-0500][gc,marking     ] GC(132) Concurrent Mark From Roots
[2020-12-09T12:36:12.659-0500][gc,task        ] GC(132) Using 2 workers of 2 for marking
[2020-12-09T12:36:12.725-0500][gc,marking     ] GC(132) Concurrent Mark From Roots 65.917ms
[2020-12-09T12:36:12.725-0500][gc,marking     ] GC(132) Concurrent Preclean
[2020-12-09T12:36:12.725-0500][gc,marking     ] GC(132) Concurrent Preclean 0.223ms
[2020-12-09T12:36:12.725-0500][gc,marking     ] GC(132) Concurrent Mark (6142.228s, 6142.294s) 66.235ms
[2020-12-09T12:36:12.725-0500][gc,start       ] GC(132) Pause Remark
[2020-12-09T12:36:12.730-0500][gc,stringtable ] GC(132) Cleaned string and symbol table, strings: 29829 processed, 0 removed, symbols: 117870 processed, 0 removed
[2020-12-09T12:36:12.731-0500][gc             ] GC(132) Pause Remark 45M->45M(68M) 5.423ms
[2020-12-09T12:36:12.731-0500][gc,cpu         ] GC(132) User=0.03s Sys=0.00s Real=0.01s
[2020-12-09T12:36:12.731-0500][gc,marking     ] GC(132) Concurrent Rebuild Remembered Sets
[2020-12-09T12:36:12.749-0500][gc,marking     ] GC(132) Concurrent Rebuild Remembered Sets 18.598ms
[2020-12-09T12:36:12.750-0500][gc,start       ] GC(132) Pause Cleanup
[2020-12-09T12:36:12.750-0500][gc             ] GC(132) Pause Cleanup 45M->45M(68M) 0.194ms
[2020-12-09T12:36:12.750-0500][gc,cpu         ] GC(132) User=0.00s Sys=0.00s Real=0.00s
[2020-12-09T12:36:12.750-0500][gc,marking     ] GC(132) Concurrent Cleanup for Next Mark
[2020-12-09T12:36:12.750-0500][gc,marking     ] GC(132) Concurrent Cleanup for Next Mark 0.229ms
[2020-12-09T12:36:12.750-0500][gc             ] GC(132) Concurrent Cycle 93.288ms
[2020-12-09T12:38:17.300-0500][gc,heap        ] GC(133) Heap before GC invocations=133 (full 21): garbage-first heap   total 69632K, used 56611K [0x0000000083000000, 0x0000000100000000)
[2020-12-09T12:38:17.300-0500][gc,heap        ] GC(133)   region size 1024K, 12 young (12288K), 1 survivors (1024K)
[2020-12-09T12:38:17.300-0500][gc,heap        ] GC(133)  Metaspace       used 47463K, capacity 48911K, committed 52088K, reserved 1093632K
[2020-12-09T12:38:17.300-0500][gc,heap        ] GC(133)   class space    used 7092K, capacity 7542K, committed 8576K, reserved 1048576K
[2020-12-09T12:38:17.300-0500][gc,start       ] GC(133) Pause Young (Normal) (G1 Evacuation Pause)
[2020-12-09T12:38:17.300-0500][gc,task        ] GC(133) Using 8 workers of 8 for evacuation
[2020-12-09T12:38:17.302-0500][gc,phases      ] GC(133)   Pre Evacuate Collection Set: 0.0ms
[2020-12-09T12:38:17.302-0500][gc,phases      ] GC(133)   Evacuate Collection Set: 1.2ms
[2020-12-09T12:38:17.302-0500][gc,phases      ] GC(133)   Post Evacuate Collection Set: 0.9ms
[2020-12-09T12:38:17.302-0500][gc,phases      ] GC(133)   Other: 0.2ms
[2020-12-09T12:38:17.302-0500][gc,heap        ] GC(133) Eden regions: 11->0(11)
[2020-12-09T12:38:17.302-0500][gc,heap        ] GC(133) Survivor regions: 1->1(2)
[2020-12-09T12:38:17.302-0500][gc,heap        ] GC(133) Old regions: 44->44
[2020-12-09T12:38:17.302-0500][gc,heap        ] GC(133) Humongous regions: 4->4
[2020-12-09T12:38:17.302-0500][gc,metaspace   ] GC(133) Metaspace: 47463K->47463K(1093632K)
[2020-12-09T12:38:17.302-0500][gc,heap        ] GC(133) Heap after GC invocations=134 (full 21): garbage-first heap   total 69632K, used 46464K [0x0000000083000000, 0x0000000100000000)
[2020-12-09T12:38:17.302-0500][gc,heap        ] GC(133)   region size 1024K, 1 young (1024K), 1 survivors (1024K)
[2020-12-09T12:38:17.302-0500][gc,heap        ] GC(133)  Metaspace       used 47463K, capacity 48911K, committed 52088K, reserved 1093632K
[2020-12-09T12:38:17.303-0500][gc,heap        ] GC(133)   class space    used 7092K, capacity 7542K, committed 8576K, reserved 1048576K
[2020-12-09T12:38:17.303-0500][gc             ] GC(133) Pause Young (Normal) (G1 Evacuation Pause) 56M->45M(68M) 2.425ms
[2020-12-09T12:38:17.303-0500][gc,cpu         ] GC(133) User=0.01s Sys=0.00s Real=0.00s
[2020-12-09T12:38:52.012-0500][gc,task        ] GC(134) Using 5 workers of 8 for full compaction
[2020-12-09T12:38:52.012-0500][gc,start       ] GC(134) Pause Full (System.gc())
[2020-12-09T12:38:52.012-0500][gc,heap        ] GC(134) Heap before GC invocations=134 (full 21): garbage-first heap   total 69632K, used 49536K [0x0000000083000000, 0x0000000100000000)
[2020-12-09T12:38:52.012-0500][gc,heap        ] GC(134)   region size 1024K, 5 young (5120K), 1 survivors (1024K)
[2020-12-09T12:38:52.012-0500][gc,heap        ] GC(134)  Metaspace       used 47465K, capacity 48911K, committed 52088K, reserved 1093632K
[2020-12-09T12:38:52.012-0500][gc,heap        ] GC(134)   class space    used 7092K, capacity 7542K, committed 8576K, reserved 1048576K
[2020-12-09T12:38:52.013-0500][gc,phases,start] GC(134) Phase 1: Mark live objects
[2020-12-09T12:38:52.042-0500][gc,stringtable ] GC(134) Cleaned string and symbol table, strings: 29829 processed, 5 removed, symbols: 117870 processed, 0 removed
[2020-12-09T12:38:52.042-0500][gc,phases      ] GC(134) Phase 1: Mark live objects 29.142ms
[2020-12-09T12:38:52.042-0500][gc,phases,start] GC(134) Phase 2: Prepare for compaction
[2020-12-09T12:38:52.047-0500][gc,phases      ] GC(134) Phase 2: Prepare for compaction 4.301ms
[2020-12-09T12:38:52.047-0500][gc,phases,start] GC(134) Phase 3: Adjust pointers
[2020-12-09T12:38:52.058-0500][gc,phases      ] GC(134) Phase 3: Adjust pointers 11.660ms
[2020-12-09T12:38:52.058-0500][gc,phases,start] GC(134) Phase 4: Compact heap
[2020-12-09T12:38:52.061-0500][gc,phases      ] GC(134) Phase 4: Compact heap 2.936ms
[2020-12-09T12:38:52.067-0500][gc,heap        ] GC(134) Eden regions: 4->0(11)
[2020-12-09T12:38:52.067-0500][gc,heap        ] GC(134) Survivor regions: 1->0(2)
[2020-12-09T12:38:52.067-0500][gc,heap        ] GC(134) Old regions: 44->45
[2020-12-09T12:38:52.067-0500][gc,heap        ] GC(134) Humongous regions: 4->4
[2020-12-09T12:38:52.067-0500][gc,metaspace   ] GC(134) Metaspace: 47465K->47465K(1093632K)
[2020-12-09T12:38:52.067-0500][gc,heap        ] GC(134) Heap after GC invocations=135 (full 22): garbage-first heap   total 69632K, used 46310K [0x0000000083000000, 0x0000000100000000)
[2020-12-09T12:38:52.067-0500][gc,heap        ] GC(134)   region size 1024K, 0 young (0K), 0 survivors (0K)
[2020-12-09T12:38:52.067-0500][gc,heap        ] GC(134)  Metaspace       used 47465K, capacity 48911K, committed 52088K, reserved 1093632K
[2020-12-09T12:38:52.067-0500][gc,heap        ] GC(134)   class space    used 7092K, capacity 7542K, committed 8576K, reserved 1048576K
[2020-12-09T12:38:52.067-0500][gc             ] GC(134) Pause Full (System.gc()) 48M->45M(68M) 54.726ms
[2020-12-09T12:38:52.067-0500][gc,cpu         ] GC(134) User=0.23s Sys=0.00s Real=0.06s
[2020-12-09T12:40:52.647-0500][gc,heap        ] GC(135) Heap before GC invocations=135 (full 22): garbage-first heap   total 69632K, used 56550K [0x0000000083000000, 0x0000000100000000)
[2020-12-09T12:40:52.647-0500][gc,heap        ] GC(135)   region size 1024K, 11 young (11264K), 0 survivors (0K)
[2020-12-09T12:40:52.647-0500][gc,heap        ] GC(135)  Metaspace       used 47469K, capacity 48915K, committed 52088K, reserved 1093632K
[2020-12-09T12:40:52.647-0500][gc,heap        ] GC(135)   class space    used 7092K, capacity 7542K, committed 8576K, reserved 1048576K
[2020-12-09T12:40:52.647-0500][gc,start       ] GC(135) Pause Young (Concurrent Start) (G1 Evacuation Pause)
[2020-12-09T12:40:52.647-0500][gc,task        ] GC(135) Using 8 workers of 8 for evacuation
[2020-12-09T12:40:52.648-0500][gc,phases      ] GC(135)   Pre Evacuate Collection Set: 0.1ms
[2020-12-09T12:40:52.648-0500][gc,phases      ] GC(135)   Evacuate Collection Set: 0.8ms
[2020-12-09T12:40:52.648-0500][gc,phases      ] GC(135)   Post Evacuate Collection Set: 0.6ms
[2020-12-09T12:40:52.648-0500][gc,phases      ] GC(135)   Other: 0.3ms
[2020-12-09T12:40:52.648-0500][gc,heap        ] GC(135) Eden regions: 11->0(10)
[2020-12-09T12:40:52.648-0500][gc,heap        ] GC(135) Survivor regions: 0->1(2)
[2020-12-09T12:40:52.648-0500][gc,heap        ] GC(135) Old regions: 45->45
[2020-12-09T12:40:52.648-0500][gc,heap        ] GC(135) Humongous regions: 4->4
[2020-12-09T12:40:52.648-0500][gc,metaspace   ] GC(135) Metaspace: 47469K->47469K(1093632K)
[2020-12-09T12:40:52.648-0500][gc,heap        ] GC(135) Heap after GC invocations=136 (full 22): garbage-first heap   total 69632K, used 46400K [0x0000000083000000, 0x0000000100000000)
[2020-12-09T12:40:52.649-0500][gc,heap        ] GC(135)   region size 1024K, 1 young (1024K), 1 survivors (1024K)
[2020-12-09T12:40:52.649-0500][gc,heap        ] GC(135)  Metaspace       used 47469K, capacity 48915K, committed 52088K, reserved 1093632K
[2020-12-09T12:40:52.649-0500][gc,heap        ] GC(135)   class space    used 7092K, capacity 7542K, committed 8576K, reserved 1048576K
[2020-12-09T12:40:52.649-0500][gc             ] GC(135) Pause Young (Concurrent Start) (G1 Evacuation Pause) 56M->45M(68M) 1.816ms
[2020-12-09T12:40:52.649-0500][gc,cpu         ] GC(135) User=0.00s Sys=0.00s Real=0.00s
[2020-12-09T12:40:52.649-0500][gc             ] GC(136) Concurrent Cycle
[2020-12-09T12:40:52.649-0500][gc,marking     ] GC(136) Concurrent Clear Claimed Marks
[2020-12-09T12:40:52.649-0500][gc,marking     ] GC(136) Concurrent Clear Claimed Marks 0.028ms
[2020-12-09T12:40:52.649-0500][gc,marking     ] GC(136) Concurrent Scan Root Regions
[2020-12-09T12:40:52.649-0500][gc,marking     ] GC(136) Concurrent Scan Root Regions 0.535ms
[2020-12-09T12:40:52.649-0500][gc,marking     ] GC(136) Concurrent Mark (6422.218s)
[2020-12-09T12:40:52.649-0500][gc,marking     ] GC(136) Concurrent Mark From Roots
[2020-12-09T12:40:52.649-0500][gc,task        ] GC(136) Using 2 workers of 2 for marking
[2020-12-09T12:40:52.683-0500][gc,marking     ] GC(136) Concurrent Mark From Roots 33.882ms
[2020-12-09T12:40:52.683-0500][gc,marking     ] GC(136) Concurrent Preclean
[2020-12-09T12:40:52.683-0500][gc,marking     ] GC(136) Concurrent Preclean 0.225ms
[2020-12-09T12:40:52.683-0500][gc,marking     ] GC(136) Concurrent Mark (6422.218s, 6422.252s) 34.182ms
[2020-12-09T12:40:52.684-0500][gc,start       ] GC(136) Pause Remark
[2020-12-09T12:40:52.689-0500][gc,stringtable ] GC(136) Cleaned string and symbol table, strings: 29830 processed, 0 removed, symbols: 117870 processed, 0 removed
[2020-12-09T12:40:52.690-0500][gc             ] GC(136) Pause Remark 45M->45M(68M) 5.743ms
[2020-12-09T12:40:52.690-0500][gc,cpu         ] GC(136) User=0.03s Sys=0.01s Real=0.01s
[2020-12-09T12:40:52.690-0500][gc,marking     ] GC(136) Concurrent Rebuild Remembered Sets
[2020-12-09T12:40:52.708-0500][gc,marking     ] GC(136) Concurrent Rebuild Remembered Sets 18.514ms
[2020-12-09T12:40:52.709-0500][gc,start       ] GC(136) Pause Cleanup
[2020-12-09T12:40:52.709-0500][gc             ] GC(136) Pause Cleanup 45M->45M(68M) 0.174ms
[2020-12-09T12:40:52.709-0500][gc,cpu         ] GC(136) User=0.00s Sys=0.00s Real=0.00s
[2020-12-09T12:40:52.709-0500][gc,marking     ] GC(136) Concurrent Cleanup for Next Mark
[2020-12-09T12:40:52.709-0500][gc,marking     ] GC(136) Concurrent Cleanup for Next Mark 0.344ms
[2020-12-09T12:40:52.709-0500][gc             ] GC(136) Concurrent Cycle 60.736ms
[2020-12-09T12:42:48.271-0500][gc,heap        ] GC(137) Heap before GC invocations=137 (full 22): garbage-first heap   total 69632K, used 56638K [0x0000000083000000, 0x0000000100000000)
[2020-12-09T12:42:48.271-0500][gc,heap        ] GC(137)   region size 1024K, 11 young (11264K), 1 survivors (1024K)
[2020-12-09T12:42:48.271-0500][gc,heap        ] GC(137)  Metaspace       used 47469K, capacity 48915K, committed 52088K, reserved 1093632K
[2020-12-09T12:42:48.271-0500][gc,heap        ] GC(137)   class space    used 7092K, capacity 7542K, committed 8576K, reserved 1048576K
[2020-12-09T12:42:48.271-0500][gc,start       ] GC(137) Pause Young (Normal) (G1 Evacuation Pause)
[2020-12-09T12:42:48.271-0500][gc,task        ] GC(137) Using 8 workers of 8 for evacuation
[2020-12-09T12:42:48.272-0500][gc,phases      ] GC(137)   Pre Evacuate Collection Set: 0.0ms
[2020-12-09T12:42:48.272-0500][gc,phases      ] GC(137)   Evacuate Collection Set: 0.7ms
[2020-12-09T12:42:48.272-0500][gc,phases      ] GC(137)   Post Evacuate Collection Set: 0.6ms
[2020-12-09T12:42:48.272-0500][gc,phases      ] GC(137)   Other: 0.2ms
[2020-12-09T12:42:48.272-0500][gc,heap        ] GC(137) Eden regions: 10->0(11)
[2020-12-09T12:42:48.272-0500][gc,heap        ] GC(137) Survivor regions: 1->1(2)
[2020-12-09T12:42:48.272-0500][gc,heap        ] GC(137) Old regions: 44->44
[2020-12-09T12:42:48.272-0500][gc,heap        ] GC(137) Humongous regions: 4->4
[2020-12-09T12:42:48.272-0500][gc,metaspace   ] GC(137) Metaspace: 47469K->47469K(1093632K)
[2020-12-09T12:42:48.272-0500][gc,heap        ] GC(137) Heap after GC invocations=138 (full 22): garbage-first heap   total 69632K, used 46494K [0x0000000083000000, 0x0000000100000000)
[2020-12-09T12:42:48.272-0500][gc,heap        ] GC(137)   region size 1024K, 1 young (1024K), 1 survivors (1024K)
[2020-12-09T12:42:48.272-0500][gc,heap        ] GC(137)  Metaspace       used 47469K, capacity 48915K, committed 52088K, reserved 1093632K
[2020-12-09T12:42:48.272-0500][gc,heap        ] GC(137)   class space    used 7092K, capacity 7542K, committed 8576K, reserved 1048576K
[2020-12-09T12:42:48.273-0500][gc             ] GC(137) Pause Young (Normal) (G1 Evacuation Pause) 55M->45M(68M) 1.513ms
[2020-12-09T12:42:48.273-0500][gc,cpu         ] GC(137) User=0.00s Sys=0.01s Real=0.00s
[2020-12-09T12:43:52.012-0500][gc,task        ] GC(138) Using 5 workers of 8 for full compaction
[2020-12-09T12:43:52.012-0500][gc,start       ] GC(138) Pause Full (System.gc())
[2020-12-09T12:43:52.012-0500][gc,heap        ] GC(138) Heap before GC invocations=138 (full 22): garbage-first heap   total 69632K, used 51614K [0x0000000083000000, 0x0000000100000000)
[2020-12-09T12:43:52.012-0500][gc,heap        ] GC(138)   region size 1024K, 7 young (7168K), 1 survivors (1024K)
[2020-12-09T12:43:52.012-0500][gc,heap        ] GC(138)  Metaspace       used 47470K, capacity 48915K, committed 52088K, reserved 1093632K
[2020-12-09T12:43:52.012-0500][gc,heap        ] GC(138)   class space    used 7092K, capacity 7542K, committed 8576K, reserved 1048576K
[2020-12-09T12:43:52.013-0500][gc,phases,start] GC(138) Phase 1: Mark live objects
[2020-12-09T12:43:52.055-0500][gc,stringtable ] GC(138) Cleaned string and symbol table, strings: 29838 processed, 5 removed, symbols: 117870 processed, 0 removed
[2020-12-09T12:43:52.055-0500][gc,phases      ] GC(138) Phase 1: Mark live objects 42.357ms
[2020-12-09T12:43:52.055-0500][gc,phases,start] GC(138) Phase 2: Prepare for compaction
[2020-12-09T12:43:52.059-0500][gc,phases      ] GC(138) Phase 2: Prepare for compaction 3.703ms
[2020-12-09T12:43:52.059-0500][gc,phases,start] GC(138) Phase 3: Adjust pointers
[2020-12-09T12:43:52.070-0500][gc,phases      ] GC(138) Phase 3: Adjust pointers 10.565ms
[2020-12-09T12:43:52.070-0500][gc,phases,start] GC(138) Phase 4: Compact heap
[2020-12-09T12:43:52.073-0500][gc,phases      ] GC(138) Phase 4: Compact heap 3.363ms
[2020-12-09T12:43:52.079-0500][gc,heap        ] GC(138) Eden regions: 6->0(11)
[2020-12-09T12:43:52.079-0500][gc,heap        ] GC(138) Survivor regions: 1->0(2)
[2020-12-09T12:43:52.079-0500][gc,heap        ] GC(138) Old regions: 44->45
[2020-12-09T12:43:52.079-0500][gc,heap        ] GC(138) Humongous regions: 4->4
[2020-12-09T12:43:52.079-0500][gc,metaspace   ] GC(138) Metaspace: 47470K->47470K(1093632K)
[2020-12-09T12:43:52.079-0500][gc,heap        ] GC(138) Heap after GC invocations=139 (full 23): garbage-first heap   total 69632K, used 46303K [0x0000000083000000, 0x0000000100000000)
[2020-12-09T12:43:52.079-0500][gc,heap        ] GC(138)   region size 1024K, 0 young (0K), 0 survivors (0K)
[2020-12-09T12:43:52.079-0500][gc,heap        ] GC(138)  Metaspace       used 47470K, capacity 48915K, committed 52088K, reserved 1093632K
[2020-12-09T12:43:52.079-0500][gc,heap        ] GC(138)   class space    used 7092K, capacity 7542K, committed 8576K, reserved 1048576K
[2020-12-09T12:43:52.079-0500][gc             ] GC(138) Pause Full (System.gc()) 50M->45M(68M) 66.542ms
[2020-12-09T12:43:52.079-0500][gc,cpu         ] GC(138) User=0.29s Sys=0.00s Real=0.07s
[2020-12-09T12:46:02.646-0500][gc,heap        ] GC(139) Heap before GC invocations=139 (full 23): garbage-first heap   total 69632K, used 56543K [0x0000000083000000, 0x0000000100000000)
[2020-12-09T12:46:02.646-0500][gc,heap        ] GC(139)   region size 1024K, 11 young (11264K), 0 survivors (0K)
[2020-12-09T12:46:02.646-0500][gc,heap        ] GC(139)  Metaspace       used 47472K, capacity 48915K, committed 52088K, reserved 1093632K
[2020-12-09T12:46:02.646-0500][gc,heap        ] GC(139)   class space    used 7092K, capacity 7542K, committed 8576K, reserved 1048576K
[2020-12-09T12:46:02.646-0500][gc,start       ] GC(139) Pause Young (Concurrent Start) (G1 Evacuation Pause)
[2020-12-09T12:46:02.646-0500][gc,task        ] GC(139) Using 8 workers of 8 for evacuation
[2020-12-09T12:46:02.653-0500][gc,phases      ] GC(139)   Pre Evacuate Collection Set: 0.2ms
[2020-12-09T12:46:02.653-0500][gc,phases      ] GC(139)   Evacuate Collection Set: 2.0ms
[2020-12-09T12:46:02.653-0500][gc,phases      ] GC(139)   Post Evacuate Collection Set: 4.4ms
[2020-12-09T12:46:02.653-0500][gc,phases      ] GC(139)   Other: 0.3ms
[2020-12-09T12:46:02.653-0500][gc,heap        ] GC(139) Eden regions: 11->0(10)
[2020-12-09T12:46:02.653-0500][gc,heap        ] GC(139) Survivor regions: 0->1(2)
[2020-12-09T12:46:02.653-0500][gc,heap        ] GC(139) Old regions: 45->45
[2020-12-09T12:46:02.653-0500][gc,heap        ] GC(139) Humongous regions: 4->4
[2020-12-09T12:46:02.653-0500][gc,metaspace   ] GC(139) Metaspace: 47472K->47472K(1093632K)
[2020-12-09T12:46:02.653-0500][gc,heap        ] GC(139) Heap after GC invocations=140 (full 23): garbage-first heap   total 69632K, used 46377K [0x0000000083000000, 0x0000000100000000)
[2020-12-09T12:46:02.653-0500][gc,heap        ] GC(139)   region size 1024K, 1 young (1024K), 1 survivors (1024K)
[2020-12-09T12:46:02.653-0500][gc,heap        ] GC(139)  Metaspace       used 47472K, capacity 48915K, committed 52088K, reserved 1093632K
[2020-12-09T12:46:02.653-0500][gc,heap        ] GC(139)   class space    used 7092K, capacity 7542K, committed 8576K, reserved 1048576K
[2020-12-09T12:46:02.653-0500][gc             ] GC(139) Pause Young (Concurrent Start) (G1 Evacuation Pause) 56M->45M(68M) 7.098ms
[2020-12-09T12:46:02.654-0500][gc,cpu         ] GC(139) User=0.04s Sys=0.00s Real=0.01s
[2020-12-09T12:46:02.654-0500][gc             ] GC(140) Concurrent Cycle
[2020-12-09T12:46:02.654-0500][gc,marking     ] GC(140) Concurrent Clear Claimed Marks
[2020-12-09T12:46:02.654-0500][gc,marking     ] GC(140) Concurrent Clear Claimed Marks 0.171ms
[2020-12-09T12:46:02.654-0500][gc,marking     ] GC(140) Concurrent Scan Root Regions
[2020-12-09T12:46:02.655-0500][gc,marking     ] GC(140) Concurrent Scan Root Regions 0.754ms
[2020-12-09T12:46:02.655-0500][gc,marking     ] GC(140) Concurrent Mark (6732.224s)
[2020-12-09T12:46:02.655-0500][gc,marking     ] GC(140) Concurrent Mark From Roots
[2020-12-09T12:46:02.655-0500][gc,task        ] GC(140) Using 2 workers of 2 for marking
[2020-12-09T12:46:02.695-0500][gc,marking     ] GC(140) Concurrent Mark From Roots 39.931ms
[2020-12-09T12:46:02.695-0500][gc,marking     ] GC(140) Concurrent Preclean
[2020-12-09T12:46:02.695-0500][gc,marking     ] GC(140) Concurrent Preclean 0.227ms
[2020-12-09T12:46:02.695-0500][gc,marking     ] GC(140) Concurrent Mark (6732.224s, 6732.264s) 40.232ms
[2020-12-09T12:46:02.695-0500][gc,start       ] GC(140) Pause Remark
[2020-12-09T12:46:02.714-0500][gc,stringtable ] GC(140) Cleaned string and symbol table, strings: 29838 processed, 0 removed, symbols: 117870 processed, 0 removed
[2020-12-09T12:46:02.714-0500][gc             ] GC(140) Pause Remark 45M->45M(68M) 18.867ms
[2020-12-09T12:46:02.714-0500][gc,cpu         ] GC(140) User=0.13s Sys=0.00s Real=0.02s
[2020-12-09T12:46:02.714-0500][gc,marking     ] GC(140) Concurrent Rebuild Remembered Sets
[2020-12-09T12:46:02.736-0500][gc,marking     ] GC(140) Concurrent Rebuild Remembered Sets 21.426ms
[2020-12-09T12:46:02.736-0500][gc,start       ] GC(140) Pause Cleanup
[2020-12-09T12:46:02.736-0500][gc             ] GC(140) Pause Cleanup 45M->45M(68M) 0.224ms
[2020-12-09T12:46:02.736-0500][gc,cpu         ] GC(140) User=0.00s Sys=0.00s Real=0.00s
[2020-12-09T12:46:02.736-0500][gc,marking     ] GC(140) Concurrent Cleanup for Next Mark
[2020-12-09T12:46:02.737-0500][gc,marking     ] GC(140) Concurrent Cleanup for Next Mark 0.179ms
[2020-12-09T12:46:02.737-0500][gc             ] GC(140) Concurrent Cycle 82.988ms
[2020-12-09T12:47:52.648-0500][gc,heap        ] GC(141) Heap before GC invocations=141 (full 23): garbage-first heap   total 69632K, used 56611K [0x0000000083000000, 0x0000000100000000)
[2020-12-09T12:47:52.648-0500][gc,heap        ] GC(141)   region size 1024K, 11 young (11264K), 1 survivors (1024K)
[2020-12-09T12:47:52.648-0500][gc,heap        ] GC(141)  Metaspace       used 47472K, capacity 48915K, committed 52088K, reserved 1093632K
[2020-12-09T12:47:52.648-0500][gc,heap        ] GC(141)   class space    used 7092K, capacity 7542K, committed 8576K, reserved 1048576K
[2020-12-09T12:47:52.648-0500][gc,start       ] GC(141) Pause Young (Normal) (G1 Evacuation Pause)
[2020-12-09T12:47:52.648-0500][gc,task        ] GC(141) Using 8 workers of 8 for evacuation
[2020-12-09T12:47:52.652-0500][gc,phases      ] GC(141)   Pre Evacuate Collection Set: 0.0ms
[2020-12-09T12:47:52.652-0500][gc,phases      ] GC(141)   Evacuate Collection Set: 1.3ms
[2020-12-09T12:47:52.652-0500][gc,phases      ] GC(141)   Post Evacuate Collection Set: 1.7ms
[2020-12-09T12:47:52.652-0500][gc,phases      ] GC(141)   Other: 0.4ms
[2020-12-09T12:47:52.652-0500][gc,heap        ] GC(141) Eden regions: 10->0(12)
[2020-12-09T12:47:52.652-0500][gc,heap        ] GC(141) Survivor regions: 1->1(2)
[2020-12-09T12:47:52.652-0500][gc,heap        ] GC(141) Old regions: 43->43
[2020-12-09T12:47:52.652-0500][gc,heap        ] GC(141) Humongous regions: 4->4
[2020-12-09T12:47:52.652-0500][gc,metaspace   ] GC(141) Metaspace: 47472K->47472K(1093632K)
[2020-12-09T12:47:52.652-0500][gc,heap        ] GC(141) Heap after GC invocations=142 (full 23): garbage-first heap   total 69632K, used 46371K [0x0000000083000000, 0x0000000100000000)
[2020-12-09T12:47:52.652-0500][gc,heap        ] GC(141)   region size 1024K, 1 young (1024K), 1 survivors (1024K)
[2020-12-09T12:47:52.652-0500][gc,heap        ] GC(141)  Metaspace       used 47472K, capacity 48915K, committed 52088K, reserved 1093632K
[2020-12-09T12:47:52.652-0500][gc,heap        ] GC(141)   class space    used 7092K, capacity 7542K, committed 8576K, reserved 1048576K
[2020-12-09T12:47:52.652-0500][gc             ] GC(141) Pause Young (Normal) (G1 Evacuation Pause) 55M->45M(68M) 3.540ms
[2020-12-09T12:47:52.652-0500][gc,cpu         ] GC(141) User=0.00s Sys=0.01s Real=0.00s
[2020-12-09T12:48:52.011-0500][gc,task        ] GC(142) Using 5 workers of 8 for full compaction
[2020-12-09T12:48:52.011-0500][gc,start       ] GC(142) Pause Full (System.gc())
[2020-12-09T12:48:52.011-0500][gc,heap        ] GC(142) Heap before GC invocations=142 (full 23): garbage-first heap   total 69632K, used 51491K [0x0000000083000000, 0x0000000100000000)
[2020-12-09T12:48:52.011-0500][gc,heap        ] GC(142)   region size 1024K, 7 young (7168K), 1 survivors (1024K)
[2020-12-09T12:48:52.011-0500][gc,heap        ] GC(142)  Metaspace       used 47480K, capacity 48979K, committed 52088K, reserved 1093632K
[2020-12-09T12:48:52.011-0500][gc,heap        ] GC(142)   class space    used 7092K, capacity 7542K, committed 8576K, reserved 1048576K
[2020-12-09T12:48:52.011-0500][gc,phases,start] GC(142) Phase 1: Mark live objects
[2020-12-09T12:48:52.032-0500][gc,stringtable ] GC(142) Cleaned string and symbol table, strings: 29848 processed, 5 removed, symbols: 117870 processed, 0 removed
[2020-12-09T12:48:52.032-0500][gc,phases      ] GC(142) Phase 1: Mark live objects 20.710ms
[2020-12-09T12:48:52.032-0500][gc,phases,start] GC(142) Phase 2: Prepare for compaction
[2020-12-09T12:48:52.035-0500][gc,phases      ] GC(142) Phase 2: Prepare for compaction 3.654ms
[2020-12-09T12:48:52.035-0500][gc,phases,start] GC(142) Phase 3: Adjust pointers
[2020-12-09T12:48:52.046-0500][gc,phases      ] GC(142) Phase 3: Adjust pointers 10.447ms
[2020-12-09T12:48:52.046-0500][gc,phases,start] GC(142) Phase 4: Compact heap
[2020-12-09T12:48:52.049-0500][gc,phases      ] GC(142) Phase 4: Compact heap 3.060ms
[2020-12-09T12:48:52.055-0500][gc,heap        ] GC(142) Eden regions: 6->0(11)
[2020-12-09T12:48:52.055-0500][gc,heap        ] GC(142) Survivor regions: 1->0(2)
[2020-12-09T12:48:52.055-0500][gc,heap        ] GC(142) Old regions: 43->45
[2020-12-09T12:48:52.055-0500][gc,heap        ] GC(142) Humongous regions: 4->4
[2020-12-09T12:48:52.055-0500][gc,metaspace   ] GC(142) Metaspace: 47480K->47480K(1093632K)
[2020-12-09T12:48:52.055-0500][gc,heap        ] GC(142) Heap after GC invocations=143 (full 24): garbage-first heap   total 69632K, used 46314K [0x0000000083000000, 0x0000000100000000)
[2020-12-09T12:48:52.055-0500][gc,heap        ] GC(142)   region size 1024K, 0 young (0K), 0 survivors (0K)
[2020-12-09T12:48:52.055-0500][gc,heap        ] GC(142)  Metaspace       used 47480K, capacity 48979K, committed 52088K, reserved 1093632K
[2020-12-09T12:48:52.055-0500][gc,heap        ] GC(142)   class space    used 7092K, capacity 7542K, committed 8576K, reserved 1048576K
[2020-12-09T12:48:52.055-0500][gc             ] GC(142) Pause Full (System.gc()) 50M->45M(68M) 44.138ms
[2020-12-09T12:48:52.055-0500][gc,cpu         ] GC(142) User=0.17s Sys=0.00s Real=0.04s
[2020-12-09T12:50:52.650-0500][gc,heap        ] GC(143) Heap before GC invocations=143 (full 24): garbage-first heap   total 69632K, used 56554K [0x0000000083000000, 0x0000000100000000)
[2020-12-09T12:50:52.650-0500][gc,heap        ] GC(143)   region size 1024K, 11 young (11264K), 0 survivors (0K)
[2020-12-09T12:50:52.650-0500][gc,heap        ] GC(143)  Metaspace       used 47485K, capacity 49043K, committed 52088K, reserved 1093632K
[2020-12-09T12:50:52.650-0500][gc,heap        ] GC(143)   class space    used 7092K, capacity 7542K, committed 8576K, reserved 1048576K
[2020-12-09T12:50:52.650-0500][gc,start       ] GC(143) Pause Young (Concurrent Start) (G1 Evacuation Pause)
[2020-12-09T12:50:52.650-0500][gc,task        ] GC(143) Using 8 workers of 8 for evacuation
[2020-12-09T12:50:52.657-0500][gc,phases      ] GC(143)   Pre Evacuate Collection Set: 0.5ms
[2020-12-09T12:50:52.657-0500][gc,phases      ] GC(143)   Evacuate Collection Set: 3.1ms
[2020-12-09T12:50:52.657-0500][gc,phases      ] GC(143)   Post Evacuate Collection Set: 2.3ms
[2020-12-09T12:50:52.657-0500][gc,phases      ] GC(143)   Other: 0.6ms
[2020-12-09T12:50:52.657-0500][gc,heap        ] GC(143) Eden regions: 11->0(10)
[2020-12-09T12:50:52.657-0500][gc,heap        ] GC(143) Survivor regions: 0->1(2)
[2020-12-09T12:50:52.657-0500][gc,heap        ] GC(143) Old regions: 45->45
[2020-12-09T12:50:52.657-0500][gc,heap        ] GC(143) Humongous regions: 4->4
[2020-12-09T12:50:52.657-0500][gc,metaspace   ] GC(143) Metaspace: 47485K->47485K(1093632K)
[2020-12-09T12:50:52.657-0500][gc,heap        ] GC(143) Heap after GC invocations=144 (full 24): garbage-first heap   total 69632K, used 46382K [0x0000000083000000, 0x0000000100000000)
[2020-12-09T12:50:52.657-0500][gc,heap        ] GC(143)   region size 1024K, 1 young (1024K), 1 survivors (1024K)
[2020-12-09T12:50:52.657-0500][gc,heap        ] GC(143)  Metaspace       used 47485K, capacity 49043K, committed 52088K, reserved 1093632K
[2020-12-09T12:50:52.657-0500][gc,heap        ] GC(143)   class space    used 7092K, capacity 7542K, committed 8576K, reserved 1048576K
[2020-12-09T12:50:52.657-0500][gc             ] GC(143) Pause Young (Concurrent Start) (G1 Evacuation Pause) 56M->45M(68M) 6.728ms
[2020-12-09T12:50:52.657-0500][gc,cpu         ] GC(143) User=0.02s Sys=0.00s Real=0.01s
[2020-12-09T12:50:52.657-0500][gc             ] GC(144) Concurrent Cycle
[2020-12-09T12:50:52.658-0500][gc,marking     ] GC(144) Concurrent Clear Claimed Marks
[2020-12-09T12:50:52.658-0500][gc,marking     ] GC(144) Concurrent Clear Claimed Marks 0.173ms
[2020-12-09T12:50:52.658-0500][gc,marking     ] GC(144) Concurrent Scan Root Regions
[2020-12-09T12:50:52.659-0500][gc,marking     ] GC(144) Concurrent Scan Root Regions 1.674ms
[2020-12-09T12:50:52.659-0500][gc,marking     ] GC(144) Concurrent Mark (7022.228s)
[2020-12-09T12:50:52.660-0500][gc,marking     ] GC(144) Concurrent Mark From Roots
[2020-12-09T12:50:52.660-0500][gc,task        ] GC(144) Using 2 workers of 2 for marking
[2020-12-09T12:50:52.718-0500][gc,marking     ] GC(144) Concurrent Mark From Roots 58.158ms
[2020-12-09T12:50:52.718-0500][gc,marking     ] GC(144) Concurrent Preclean
[2020-12-09T12:50:52.718-0500][gc,marking     ] GC(144) Concurrent Preclean 0.229ms
[2020-12-09T12:50:52.718-0500][gc,marking     ] GC(144) Concurrent Mark (7022.228s, 7022.287s) 58.477ms
[2020-12-09T12:50:52.718-0500][gc,start       ] GC(144) Pause Remark
[2020-12-09T12:50:52.729-0500][gc,stringtable ] GC(144) Cleaned string and symbol table, strings: 29848 processed, 0 removed, symbols: 117870 processed, 0 removed
[2020-12-09T12:50:52.730-0500][gc             ] GC(144) Pause Remark 45M->45M(68M) 11.294ms
[2020-12-09T12:50:52.730-0500][gc,cpu         ] GC(144) User=0.05s Sys=0.00s Real=0.01s
[2020-12-09T12:50:52.730-0500][gc,marking     ] GC(144) Concurrent Rebuild Remembered Sets
[2020-12-09T12:50:52.750-0500][gc,marking     ] GC(144) Concurrent Rebuild Remembered Sets 20.010ms
[2020-12-09T12:50:52.750-0500][gc,start       ] GC(144) Pause Cleanup
[2020-12-09T12:50:52.750-0500][gc             ] GC(144) Pause Cleanup 45M->45M(68M) 0.199ms
[2020-12-09T12:50:52.750-0500][gc,cpu         ] GC(144) User=0.00s Sys=0.00s Real=0.00s
[2020-12-09T12:50:52.750-0500][gc,marking     ] GC(144) Concurrent Cleanup for Next Mark
[2020-12-09T12:50:52.751-0500][gc,marking     ] GC(144) Concurrent Cleanup for Next Mark 0.199ms
[2020-12-09T12:50:52.751-0500][gc             ] GC(144) Concurrent Cycle 93.231ms
[2020-12-09T12:52:52.649-0500][gc,heap        ] GC(145) Heap before GC invocations=145 (full 24): garbage-first heap   total 69632K, used 56611K [0x0000000083000000, 0x0000000100000000)
[2020-12-09T12:52:52.649-0500][gc,heap        ] GC(145)   region size 1024K, 11 young (11264K), 1 survivors (1024K)
[2020-12-09T12:52:52.649-0500][gc,heap        ] GC(145)  Metaspace       used 47485K, capacity 49043K, committed 52088K, reserved 1093632K
[2020-12-09T12:52:52.649-0500][gc,heap        ] GC(145)   class space    used 7092K, capacity 7542K, committed 8576K, reserved 1048576K
[2020-12-09T12:52:52.649-0500][gc,start       ] GC(145) Pause Young (Normal) (G1 Evacuation Pause)
[2020-12-09T12:52:52.649-0500][gc,task        ] GC(145) Using 8 workers of 8 for evacuation
[2020-12-09T12:52:52.654-0500][gc,phases      ] GC(145)   Pre Evacuate Collection Set: 0.1ms
[2020-12-09T12:52:52.654-0500][gc,phases      ] GC(145)   Evacuate Collection Set: 2.2ms
[2020-12-09T12:52:52.654-0500][gc,phases      ] GC(145)   Post Evacuate Collection Set: 1.9ms
[2020-12-09T12:52:52.654-0500][gc,phases      ] GC(145)   Other: 0.6ms
[2020-12-09T12:52:52.654-0500][gc,heap        ] GC(145) Eden regions: 10->0(11)
[2020-12-09T12:52:52.654-0500][gc,heap        ] GC(145) Survivor regions: 1->1(2)
[2020-12-09T12:52:52.654-0500][gc,heap        ] GC(145) Old regions: 44->44
[2020-12-09T12:52:52.654-0500][gc,heap        ] GC(145) Humongous regions: 4->4
[2020-12-09T12:52:52.654-0500][gc,metaspace   ] GC(145) Metaspace: 47485K->47485K(1093632K)
[2020-12-09T12:52:52.654-0500][gc,heap        ] GC(145) Heap after GC invocations=146 (full 24): garbage-first heap   total 69632K, used 46371K [0x0000000083000000, 0x0000000100000000)
[2020-12-09T12:52:52.654-0500][gc,heap        ] GC(145)   region size 1024K, 1 young (1024K), 1 survivors (1024K)
[2020-12-09T12:52:52.654-0500][gc,heap        ] GC(145)  Metaspace       used 47485K, capacity 49043K, committed 52088K, reserved 1093632K
[2020-12-09T12:52:52.654-0500][gc,heap        ] GC(145)   class space    used 7092K, capacity 7542K, committed 8576K, reserved 1048576K
[2020-12-09T12:52:52.654-0500][gc             ] GC(145) Pause Young (Normal) (G1 Evacuation Pause) 55M->45M(68M) 4.995ms
[2020-12-09T12:52:52.654-0500][gc,cpu         ] GC(145) User=0.01s Sys=0.01s Real=0.00s
[2020-12-09T12:53:52.011-0500][gc,task        ] GC(146) Using 5 workers of 8 for full compaction
[2020-12-09T12:53:52.011-0500][gc,start       ] GC(146) Pause Full (System.gc())
[2020-12-09T12:53:52.011-0500][gc,heap        ] GC(146) Heap before GC invocations=146 (full 24): garbage-first heap   total 69632K, used 50467K [0x0000000083000000, 0x0000000100000000)
[2020-12-09T12:53:52.011-0500][gc,heap        ] GC(146)   region size 1024K, 7 young (7168K), 1 survivors (1024K)
[2020-12-09T12:53:52.011-0500][gc,heap        ] GC(146)  Metaspace       used 47485K, capacity 49043K, committed 52088K, reserved 1093632K
[2020-12-09T12:53:52.012-0500][gc,heap        ] GC(146)   class space    used 7092K, capacity 7542K, committed 8576K, reserved 1048576K
[2020-12-09T12:53:52.012-0500][gc,phases,start] GC(146) Phase 1: Mark live objects
[2020-12-09T12:53:52.054-0500][gc,stringtable ] GC(146) Cleaned string and symbol table, strings: 29848 processed, 5 removed, symbols: 117870 processed, 0 removed
[2020-12-09T12:53:52.054-0500][gc,phases      ] GC(146) Phase 1: Mark live objects 42.422ms
[2020-12-09T12:53:52.054-0500][gc,phases,start] GC(146) Phase 2: Prepare for compaction
[2020-12-09T12:53:52.058-0500][gc,phases      ] GC(146) Phase 2: Prepare for compaction 3.491ms
[2020-12-09T12:53:52.058-0500][gc,phases,start] GC(146) Phase 3: Adjust pointers
[2020-12-09T12:53:52.068-0500][gc,phases      ] GC(146) Phase 3: Adjust pointers 10.553ms
[2020-12-09T12:53:52.068-0500][gc,phases,start] GC(146) Phase 4: Compact heap
[2020-12-09T12:53:52.071-0500][gc,phases      ] GC(146) Phase 4: Compact heap 2.994ms
[2020-12-09T12:53:52.077-0500][gc,heap        ] GC(146) Eden regions: 6->0(12)
[2020-12-09T12:53:52.077-0500][gc,heap        ] GC(146) Survivor regions: 1->0(2)
[2020-12-09T12:53:52.077-0500][gc,heap        ] GC(146) Old regions: 44->44
[2020-12-09T12:53:52.077-0500][gc,heap        ] GC(146) Humongous regions: 4->4
[2020-12-09T12:53:52.077-0500][gc,metaspace   ] GC(146) Metaspace: 47485K->47485K(1093632K)
[2020-12-09T12:53:52.077-0500][gc,heap        ] GC(146) Heap after GC invocations=147 (full 25): garbage-first heap   total 69632K, used 46304K [0x0000000083000000, 0x0000000100000000)
[2020-12-09T12:53:52.077-0500][gc,heap        ] GC(146)   region size 1024K, 0 young (0K), 0 survivors (0K)
[2020-12-09T12:53:52.077-0500][gc,heap        ] GC(146)  Metaspace       used 47485K, capacity 49043K, committed 52088K, reserved 1093632K
[2020-12-09T12:53:52.077-0500][gc,heap        ] GC(146)   class space    used 7092K, capacity 7542K, committed 8576K, reserved 1048576K
[2020-12-09T12:53:52.077-0500][gc             ] GC(146) Pause Full (System.gc()) 50M->45M(68M) 65.927ms
[2020-12-09T12:53:52.077-0500][gc,cpu         ] GC(146) User=0.28s Sys=0.01s Real=0.07s
[2020-12-09T12:54:14.123-0500][gc,heap        ] GC(147) Heap before GC invocations=147 (full 25): garbage-first heap   total 69632K, used 57568K [0x0000000083000000, 0x0000000100000000)
[2020-12-09T12:54:14.123-0500][gc,heap        ] GC(147)   region size 1024K, 12 young (12288K), 0 survivors (0K)
[2020-12-09T12:54:14.123-0500][gc,heap        ] GC(147)  Metaspace       used 47668K, capacity 49216K, committed 52088K, reserved 1093632K
[2020-12-09T12:54:14.123-0500][gc,heap        ] GC(147)   class space    used 7124K, capacity 7598K, committed 8576K, reserved 1048576K
[2020-12-09T12:54:14.123-0500][gc,start       ] GC(147) Pause Young (Concurrent Start) (G1 Evacuation Pause)
[2020-12-09T12:54:14.123-0500][gc,task        ] GC(147) Using 8 workers of 8 for evacuation
[2020-12-09T12:54:14.128-0500][gc,phases      ] GC(147)   Pre Evacuate Collection Set: 0.1ms
[2020-12-09T12:54:14.128-0500][gc,phases      ] GC(147)   Evacuate Collection Set: 3.4ms
[2020-12-09T12:54:14.128-0500][gc,phases      ] GC(147)   Post Evacuate Collection Set: 1.3ms
[2020-12-09T12:54:14.128-0500][gc,phases      ] GC(147)   Other: 0.3ms
[2020-12-09T12:54:14.128-0500][gc,heap        ] GC(147) Eden regions: 12->0(7)
[2020-12-09T12:54:14.128-0500][gc,heap        ] GC(147) Survivor regions: 0->2(2)
[2020-12-09T12:54:14.128-0500][gc,heap        ] GC(147) Old regions: 44->45
[2020-12-09T12:54:14.128-0500][gc,heap        ] GC(147) Humongous regions: 4->4
[2020-12-09T12:54:14.128-0500][gc,metaspace   ] GC(147) Metaspace: 47668K->47668K(1093632K)
[2020-12-09T12:54:14.128-0500][gc,heap        ] GC(147) Heap after GC invocations=148 (full 25): garbage-first heap   total 69632K, used 48854K [0x0000000083000000, 0x0000000100000000)
[2020-12-09T12:54:14.128-0500][gc,heap        ] GC(147)   region size 1024K, 2 young (2048K), 2 survivors (2048K)
[2020-12-09T12:54:14.128-0500][gc,heap        ] GC(147)  Metaspace       used 47668K, capacity 49216K, committed 52088K, reserved 1093632K
[2020-12-09T12:54:14.128-0500][gc,heap        ] GC(147)   class space    used 7124K, capacity 7598K, committed 8576K, reserved 1048576K
[2020-12-09T12:54:14.128-0500][gc             ] GC(147) Pause Young (Concurrent Start) (G1 Evacuation Pause) 57M->47M(68M) 5.130ms
[2020-12-09T12:54:14.128-0500][gc,cpu         ] GC(147) User=0.02s Sys=0.00s Real=0.01s
[2020-12-09T12:54:14.128-0500][gc             ] GC(148) Concurrent Cycle
[2020-12-09T12:54:14.128-0500][gc,marking     ] GC(148) Concurrent Clear Claimed Marks
[2020-12-09T12:54:14.128-0500][gc,marking     ] GC(148) Concurrent Clear Claimed Marks 0.112ms
[2020-12-09T12:54:14.128-0500][gc,marking     ] GC(148) Concurrent Scan Root Regions
[2020-12-09T12:54:14.131-0500][gc,marking     ] GC(148) Concurrent Scan Root Regions 2.084ms
[2020-12-09T12:54:14.131-0500][gc,marking     ] GC(148) Concurrent Mark (7223.699s)
[2020-12-09T12:54:14.131-0500][gc,marking     ] GC(148) Concurrent Mark From Roots
[2020-12-09T12:54:14.131-0500][gc,task        ] GC(148) Using 2 workers of 2 for marking
[2020-12-09T12:54:14.175-0500][gc,marking     ] GC(148) Concurrent Mark From Roots 43.907ms
[2020-12-09T12:54:14.175-0500][gc,marking     ] GC(148) Concurrent Preclean
[2020-12-09T12:54:14.175-0500][gc,marking     ] GC(148) Concurrent Preclean 0.231ms
[2020-12-09T12:54:14.175-0500][gc,marking     ] GC(148) Concurrent Mark (7223.699s, 7223.744s) 44.231ms
[2020-12-09T12:54:14.175-0500][gc,start       ] GC(148) Pause Remark
[2020-12-09T12:54:14.180-0500][gc,stringtable ] GC(148) Cleaned string and symbol table, strings: 29951 processed, 0 removed, symbols: 118000 processed, 4 removed
[2020-12-09T12:54:14.181-0500][gc             ] GC(148) Pause Remark 61M->61M(68M) 5.575ms
[2020-12-09T12:54:14.181-0500][gc,cpu         ] GC(148) User=0.02s Sys=0.01s Real=0.01s
[2020-12-09T12:54:14.181-0500][gc,marking     ] GC(148) Concurrent Rebuild Remembered Sets
[2020-12-09T12:54:14.201-0500][gc,marking     ] GC(148) Concurrent Rebuild Remembered Sets 20.551ms
[2020-12-09T12:54:14.202-0500][gc,start       ] GC(148) Pause Cleanup
[2020-12-09T12:54:14.202-0500][gc             ] GC(148) Pause Cleanup 61M->61M(68M) 0.217ms
[2020-12-09T12:54:14.202-0500][gc,cpu         ] GC(148) User=0.00s Sys=0.00s Real=0.00s
[2020-12-09T12:54:14.202-0500][gc,marking     ] GC(148) Concurrent Cleanup for Next Mark
[2020-12-09T12:54:14.202-0500][gc,marking     ] GC(148) Concurrent Cleanup for Next Mark 0.181ms
[2020-12-09T12:54:14.202-0500][gc             ] GC(148) Concurrent Cycle 73.855ms
[2020-12-09T12:54:14.462-0500][gc,heap        ] GC(149) Heap before GC invocations=149 (full 25): garbage-first heap   total 69632K, used 66261K [0x0000000083000000, 0x0000000100000000)
[2020-12-09T12:54:14.463-0500][gc,heap        ] GC(149)   region size 1024K, 9 young (9216K), 2 survivors (2048K)
[2020-12-09T12:54:14.463-0500][gc,heap        ] GC(149)  Metaspace       used 47878K, capacity 49517K, committed 52088K, reserved 1093632K
[2020-12-09T12:54:14.463-0500][gc,heap        ] GC(149)   class space    used 7179K, capacity 7701K, committed 8576K, reserved 1048576K
[2020-12-09T12:54:14.463-0500][gc,start       ] GC(149) Pause Young (Normal) (G1 Evacuation Pause)
[2020-12-09T12:54:14.463-0500][gc,task        ] GC(149) Using 8 workers of 8 for evacuation
[2020-12-09T12:54:14.467-0500][gc,phases      ] GC(149)   Pre Evacuate Collection Set: 0.0ms
[2020-12-09T12:54:14.467-0500][gc,phases      ] GC(149)   Evacuate Collection Set: 3.8ms
[2020-12-09T12:54:14.467-0500][gc,phases      ] GC(149)   Post Evacuate Collection Set: 0.6ms
[2020-12-09T12:54:14.467-0500][gc,phases      ] GC(149)   Other: 0.2ms
[2020-12-09T12:54:14.467-0500][gc,heap        ] GC(149) Eden regions: 7->0(8)
[2020-12-09T12:54:14.467-0500][gc,heap        ] GC(149) Survivor regions: 2->1(2)
[2020-12-09T12:54:14.467-0500][gc,heap        ] GC(149) Old regions: 44->45
[2020-12-09T12:54:14.467-0500][gc,heap        ] GC(149) Humongous regions: 14->4
[2020-12-09T12:54:14.467-0500][gc,metaspace   ] GC(149) Metaspace: 47878K->47878K(1093632K)
[2020-12-09T12:54:14.467-0500][gc,heap        ] GC(149) Heap after GC invocations=150 (full 25): garbage-first heap   total 70656K, used 48536K [0x0000000083000000, 0x0000000100000000)
[2020-12-09T12:54:14.467-0500][gc,heap        ] GC(149)   region size 1024K, 1 young (1024K), 1 survivors (1024K)
[2020-12-09T12:54:14.467-0500][gc,heap        ] GC(149)  Metaspace       used 47878K, capacity 49517K, committed 52088K, reserved 1093632K
[2020-12-09T12:54:14.467-0500][gc,heap        ] GC(149)   class space    used 7179K, capacity 7701K, committed 8576K, reserved 1048576K
[2020-12-09T12:54:14.467-0500][gc             ] GC(149) Pause Young (Normal) (G1 Evacuation Pause) 64M->47M(69M) 4.704ms
[2020-12-09T12:54:14.467-0500][gc,cpu         ] GC(149) User=0.01s Sys=0.00s Real=0.01s
[2020-12-09T12:54:14.887-0500][gc,heap,exit   ] Heap
[2020-12-09T12:54:14.887-0500][gc,heap,exit   ]  garbage-first heap   total 70656K, used 52632K [0x0000000083000000, 0x0000000100000000)
[2020-12-09T12:54:14.887-0500][gc,heap,exit   ]   region size 1024K, 6 young (6144K), 1 survivors (1024K)
[2020-12-09T12:54:14.887-0500][gc,heap,exit   ]  Metaspace       used 48305K, capacity 50326K, committed 52600K, reserved 1093632K
[2020-12-09T12:54:14.887-0500][gc,heap,exit   ]   class space    used 7258K, capacity 7833K, committed 8576K, reserved 1048576K
