[2020-12-21T00:00:56.022-0500][gc,heap        ] GC(16264) Heap before GC invocations=16264 (full 3257): garbage-first heap   total 64512K, used 49393K [0x0000000083000000, 0x0000000100000000)
[2020-12-21T00:00:56.022-0500][gc,heap        ] GC(16264)   region size 1024K, 8 young (8192K), 1 survivors (1024K)
[2020-12-21T00:00:56.022-0500][gc,heap        ] GC(16264)  Metaspace       used 49932K, capacity 52039K, committed 53632K, reserved 1093632K
[2020-12-21T00:00:56.022-0500][gc,heap        ] GC(16264)   class space    used 7422K, capacity 8193K, committed 8832K, reserved 1048576K
[2020-12-21T00:00:56.022-0500][gc,start       ] GC(16264) Pause Young (Normal) (G1 Evacuation Pause)
[2020-12-21T00:00:56.022-0500][gc,task        ] GC(16264) Using 8 workers of 8 for evacuation
[2020-12-21T00:00:56.028-0500][gc,phases      ] GC(16264)   Pre Evacuate Collection Set: 0.0ms
[2020-12-21T00:00:56.028-0500][gc,phases      ] GC(16264)   Evacuate Collection Set: 3.5ms
[2020-12-21T00:00:56.028-0500][gc,phases      ] GC(16264)   Post Evacuate Collection Set: 2.1ms
[2020-12-21T00:00:56.028-0500][gc,phases      ] GC(16264)   Other: 0.6ms
[2020-12-21T00:00:56.028-0500][gc,heap        ] GC(16264) Eden regions: 7->0(7)
[2020-12-21T00:00:56.028-0500][gc,heap        ] GC(16264) Survivor regions: 1->1(1)
[2020-12-21T00:00:56.028-0500][gc,heap        ] GC(16264) Old regions: 43->43
[2020-12-21T00:00:56.028-0500][gc,heap        ] GC(16264) Humongous regions: 4->4
[2020-12-21T00:00:56.028-0500][gc,metaspace   ] GC(16264) Metaspace: 49932K->49932K(1093632K)
[2020-12-21T00:00:56.028-0500][gc,heap        ] GC(16264) Heap after GC invocations=16265 (full 3257): garbage-first heap   total 64512K, used 43250K [0x0000000083000000, 0x0000000100000000)
[2020-12-21T00:00:56.028-0500][gc,heap        ] GC(16264)   region size 1024K, 1 young (1024K), 1 survivors (1024K)
[2020-12-21T00:00:56.028-0500][gc,heap        ] GC(16264)  Metaspace       used 49932K, capacity 52039K, committed 53632K, reserved 1093632K
[2020-12-21T00:00:56.028-0500][gc,heap        ] GC(16264)   class space    used 7422K, capacity 8193K, committed 8832K, reserved 1048576K
[2020-12-21T00:00:56.029-0500][gc             ] GC(16264) Pause Young (Normal) (G1 Evacuation Pause) 49M->42M(63M) 6.413ms
[2020-12-21T00:00:56.029-0500][gc,cpu         ] GC(16264) User=0.03s Sys=0.00s Real=0.01s
[2020-12-21T00:01:45.190-0500][gc,task        ] GC(16265) Using 5 workers of 8 for full compaction
[2020-12-21T00:01:45.190-0500][gc,start       ] GC(16265) Pause Full (System.gc())
[2020-12-21T00:01:45.190-0500][gc,heap        ] GC(16265) Heap before GC invocations=16265 (full 3257): garbage-first heap   total 64512K, used 47346K [0x0000000083000000, 0x0000000100000000)
[2020-12-21T00:01:45.190-0500][gc,heap        ] GC(16265)   region size 1024K, 6 young (6144K), 1 survivors (1024K)
[2020-12-21T00:01:45.190-0500][gc,heap        ] GC(16265)  Metaspace       used 49932K, capacity 52039K, committed 53632K, reserved 1093632K
[2020-12-21T00:01:45.190-0500][gc,heap        ] GC(16265)   class space    used 7422K, capacity 8193K, committed 8832K, reserved 1048576K
[2020-12-21T00:01:45.190-0500][gc,phases,start] GC(16265) Phase 1: Mark live objects
[2020-12-21T00:01:45.221-0500][gc,stringtable ] GC(16265) Cleaned string and symbol table, strings: 33099 processed, 4 removed, symbols: 120816 processed, 0 removed
[2020-12-21T00:01:45.221-0500][gc,phases      ] GC(16265) Phase 1: Mark live objects 30.824ms
[2020-12-21T00:01:45.221-0500][gc,phases,start] GC(16265) Phase 2: Prepare for compaction
[2020-12-21T00:01:45.225-0500][gc,phases      ] GC(16265) Phase 2: Prepare for compaction 3.848ms
[2020-12-21T00:01:45.225-0500][gc,phases,start] GC(16265) Phase 3: Adjust pointers
[2020-12-21T00:01:45.236-0500][gc,phases      ] GC(16265) Phase 3: Adjust pointers 11.281ms
[2020-12-21T00:01:45.237-0500][gc,phases,start] GC(16265) Phase 4: Compact heap
[2020-12-21T00:01:45.240-0500][gc,phases      ] GC(16265) Phase 4: Compact heap 3.039ms
[2020-12-21T00:01:45.246-0500][gc,heap        ] GC(16265) Eden regions: 5->0(9)
[2020-12-21T00:01:45.246-0500][gc,heap        ] GC(16265) Survivor regions: 1->0(1)
[2020-12-21T00:01:45.246-0500][gc,heap        ] GC(16265) Old regions: 43->42
[2020-12-21T00:01:45.246-0500][gc,heap        ] GC(16265) Humongous regions: 4->4
[2020-12-21T00:01:45.246-0500][gc,metaspace   ] GC(16265) Metaspace: 49932K->49932K(1093632K)
[2020-12-21T00:01:45.246-0500][gc,heap        ] GC(16265) Heap after GC invocations=16266 (full 3258): garbage-first heap   total 64512K, used 43209K [0x0000000083000000, 0x0000000100000000)
[2020-12-21T00:01:45.246-0500][gc,heap        ] GC(16265)   region size 1024K, 0 young (0K), 0 survivors (0K)
[2020-12-21T00:01:45.246-0500][gc,heap        ] GC(16265)  Metaspace       used 49932K, capacity 52039K, committed 53632K, reserved 1093632K
[2020-12-21T00:01:45.246-0500][gc,heap        ] GC(16265)   class space    used 7422K, capacity 8193K, committed 8832K, reserved 1048576K
[2020-12-21T00:01:45.246-0500][gc             ] GC(16265) Pause Full (System.gc()) 46M->42M(63M) 56.036ms
[2020-12-21T00:01:45.246-0500][gc,cpu         ] GC(16265) User=0.23s Sys=0.00s Real=0.05s
[2020-12-21T00:03:28.472-0500][gc,heap        ] GC(16266) Heap before GC invocations=16266 (full 3258): garbage-first heap   total 64512K, used 51401K [0x0000000083000000, 0x0000000100000000)
[2020-12-21T00:03:28.472-0500][gc,heap        ] GC(16266)   region size 1024K, 9 young (9216K), 0 survivors (0K)
[2020-12-21T00:03:28.472-0500][gc,heap        ] GC(16266)  Metaspace       used 49932K, capacity 52039K, committed 53632K, reserved 1093632K
[2020-12-21T00:03:28.472-0500][gc,heap        ] GC(16266)   class space    used 7422K, capacity 8193K, committed 8832K, reserved 1048576K
[2020-12-21T00:03:28.472-0500][gc,start       ] GC(16266) Pause Young (Normal) (G1 Evacuation Pause)
[2020-12-21T00:03:28.472-0500][gc,task        ] GC(16266) Using 8 workers of 8 for evacuation
[2020-12-21T00:03:28.474-0500][gc,phases      ] GC(16266)   Pre Evacuate Collection Set: 0.0ms
[2020-12-21T00:03:28.474-0500][gc,phases      ] GC(16266)   Evacuate Collection Set: 0.8ms
[2020-12-21T00:03:28.474-0500][gc,phases      ] GC(16266)   Post Evacuate Collection Set: 1.4ms
[2020-12-21T00:03:28.474-0500][gc,phases      ] GC(16266)   Other: 0.3ms
[2020-12-21T00:03:28.474-0500][gc,heap        ] GC(16266) Eden regions: 9->0(8)
[2020-12-21T00:03:28.474-0500][gc,heap        ] GC(16266) Survivor regions: 0->1(2)
[2020-12-21T00:03:28.474-0500][gc,heap        ] GC(16266) Old regions: 42->42
[2020-12-21T00:03:28.474-0500][gc,heap        ] GC(16266) Humongous regions: 4->4
[2020-12-21T00:03:28.474-0500][gc,metaspace   ] GC(16266) Metaspace: 49932K->49932K(1093632K)
[2020-12-21T00:03:28.474-0500][gc,heap        ] GC(16266) Heap after GC invocations=16267 (full 3258): garbage-first heap   total 64512K, used 43272K [0x0000000083000000, 0x0000000100000000)
[2020-12-21T00:03:28.475-0500][gc,heap        ] GC(16266)   region size 1024K, 1 young (1024K), 1 survivors (1024K)
[2020-12-21T00:03:28.475-0500][gc,heap        ] GC(16266)  Metaspace       used 49932K, capacity 52039K, committed 53632K, reserved 1093632K
[2020-12-21T00:03:28.475-0500][gc,heap        ] GC(16266)   class space    used 7422K, capacity 8193K, committed 8832K, reserved 1048576K
[2020-12-21T00:03:28.475-0500][gc             ] GC(16266) Pause Young (Normal) (G1 Evacuation Pause) 51M->42M(63M) 2.732ms
[2020-12-21T00:03:28.475-0500][gc,cpu         ] GC(16266) User=0.01s Sys=0.01s Real=0.00s
[2020-12-21T00:04:56.021-0500][gc,heap        ] GC(16267) Heap before GC invocations=16267 (full 3258): garbage-first heap   total 64512K, used 50440K [0x0000000083000000, 0x0000000100000000)
[2020-12-21T00:04:56.022-0500][gc,heap        ] GC(16267)   region size 1024K, 9 young (9216K), 1 survivors (1024K)
[2020-12-21T00:04:56.022-0500][gc,heap        ] GC(16267)  Metaspace       used 49932K, capacity 52039K, committed 53632K, reserved 1093632K
[2020-12-21T00:04:56.022-0500][gc,heap        ] GC(16267)   class space    used 7422K, capacity 8193K, committed 8832K, reserved 1048576K
[2020-12-21T00:04:56.022-0500][gc,start       ] GC(16267) Pause Young (Normal) (G1 Evacuation Pause)
[2020-12-21T00:04:56.022-0500][gc,task        ] GC(16267) Using 8 workers of 8 for evacuation
[2020-12-21T00:04:56.028-0500][gc,phases      ] GC(16267)   Pre Evacuate Collection Set: 0.0ms
[2020-12-21T00:04:56.028-0500][gc,phases      ] GC(16267)   Evacuate Collection Set: 1.2ms
[2020-12-21T00:04:56.028-0500][gc,phases      ] GC(16267)   Post Evacuate Collection Set: 4.5ms
[2020-12-21T00:04:56.028-0500][gc,phases      ] GC(16267)   Other: 0.7ms
[2020-12-21T00:04:56.028-0500][gc,heap        ] GC(16267) Eden regions: 8->0(8)
[2020-12-21T00:04:56.028-0500][gc,heap        ] GC(16267) Survivor regions: 1->1(2)
[2020-12-21T00:04:56.028-0500][gc,heap        ] GC(16267) Old regions: 42->42
[2020-12-21T00:04:56.028-0500][gc,heap        ] GC(16267) Humongous regions: 4->4
[2020-12-21T00:04:56.028-0500][gc,metaspace   ] GC(16267) Metaspace: 49932K->49932K(1093632K)
[2020-12-21T00:04:56.028-0500][gc,heap        ] GC(16267) Heap after GC invocations=16268 (full 3258): garbage-first heap   total 64512K, used 43256K [0x0000000083000000, 0x0000000100000000)
[2020-12-21T00:04:56.028-0500][gc,heap        ] GC(16267)   region size 1024K, 1 young (1024K), 1 survivors (1024K)
[2020-12-21T00:04:56.028-0500][gc,heap        ] GC(16267)  Metaspace       used 49932K, capacity 52039K, committed 53632K, reserved 1093632K
[2020-12-21T00:04:56.028-0500][gc,heap        ] GC(16267)   class space    used 7422K, capacity 8193K, committed 8832K, reserved 1048576K
[2020-12-21T00:04:56.028-0500][gc             ] GC(16267) Pause Young (Normal) (G1 Evacuation Pause) 50M->42M(63M) 6.568ms
[2020-12-21T00:04:56.028-0500][gc,cpu         ] GC(16267) User=0.02s Sys=0.00s Real=0.01s
[2020-12-21T00:06:26.955-0500][gc,heap        ] GC(16268) Heap before GC invocations=16268 (full 3258): garbage-first heap   total 64512K, used 50424K [0x0000000083000000, 0x0000000100000000)
[2020-12-21T00:06:26.955-0500][gc,heap        ] GC(16268)   region size 1024K, 9 young (9216K), 1 survivors (1024K)
[2020-12-21T00:06:26.955-0500][gc,heap        ] GC(16268)  Metaspace       used 49932K, capacity 52039K, committed 53632K, reserved 1093632K
[2020-12-21T00:06:26.955-0500][gc,heap        ] GC(16268)   class space    used 7422K, capacity 8193K, committed 8832K, reserved 1048576K
[2020-12-21T00:06:26.955-0500][gc,start       ] GC(16268) Pause Young (Normal) (G1 Evacuation Pause)
[2020-12-21T00:06:26.955-0500][gc,task        ] GC(16268) Using 8 workers of 8 for evacuation
[2020-12-21T00:06:26.957-0500][gc,phases      ] GC(16268)   Pre Evacuate Collection Set: 0.0ms
[2020-12-21T00:06:26.957-0500][gc,phases      ] GC(16268)   Evacuate Collection Set: 0.9ms
[2020-12-21T00:06:26.957-0500][gc,phases      ] GC(16268)   Post Evacuate Collection Set: 1.0ms
[2020-12-21T00:06:26.957-0500][gc,phases      ] GC(16268)   Other: 0.3ms
[2020-12-21T00:06:26.957-0500][gc,heap        ] GC(16268) Eden regions: 8->0(8)
[2020-12-21T00:06:26.957-0500][gc,heap        ] GC(16268) Survivor regions: 1->1(2)
[2020-12-21T00:06:26.957-0500][gc,heap        ] GC(16268) Old regions: 42->42
[2020-12-21T00:06:26.957-0500][gc,heap        ] GC(16268) Humongous regions: 4->4
[2020-12-21T00:06:26.957-0500][gc,metaspace   ] GC(16268) Metaspace: 49932K->49932K(1093632K)
[2020-12-21T00:06:26.957-0500][gc,heap        ] GC(16268) Heap after GC invocations=16269 (full 3258): garbage-first heap   total 64512K, used 43270K [0x0000000083000000, 0x0000000100000000)
[2020-12-21T00:06:26.957-0500][gc,heap        ] GC(16268)   region size 1024K, 1 young (1024K), 1 survivors (1024K)
[2020-12-21T00:06:26.958-0500][gc,heap        ] GC(16268)  Metaspace       used 49932K, capacity 52039K, committed 53632K, reserved 1093632K
[2020-12-21T00:06:26.958-0500][gc,heap        ] GC(16268)   class space    used 7422K, capacity 8193K, committed 8832K, reserved 1048576K
[2020-12-21T00:06:26.958-0500][gc             ] GC(16268) Pause Young (Normal) (G1 Evacuation Pause) 50M->42M(63M) 2.269ms
[2020-12-21T00:06:26.958-0500][gc,cpu         ] GC(16268) User=0.00s Sys=0.00s Real=0.00s
[2020-12-21T00:06:45.191-0500][gc,task        ] GC(16269) Using 5 workers of 8 for full compaction
[2020-12-21T00:06:45.191-0500][gc,start       ] GC(16269) Pause Full (System.gc())
[2020-12-21T00:06:45.191-0500][gc,heap        ] GC(16269) Heap before GC invocations=16269 (full 3258): garbage-first heap   total 64512K, used 44294K [0x0000000083000000, 0x0000000100000000)
[2020-12-21T00:06:45.191-0500][gc,heap        ] GC(16269)   region size 1024K, 3 young (3072K), 1 survivors (1024K)
[2020-12-21T00:06:45.191-0500][gc,heap        ] GC(16269)  Metaspace       used 49932K, capacity 52039K, committed 53632K, reserved 1093632K
[2020-12-21T00:06:45.191-0500][gc,heap        ] GC(16269)   class space    used 7422K, capacity 8193K, committed 8832K, reserved 1048576K
[2020-12-21T00:06:45.192-0500][gc,phases,start] GC(16269) Phase 1: Mark live objects
[2020-12-21T00:06:45.232-0500][gc,stringtable ] GC(16269) Cleaned string and symbol table, strings: 33099 processed, 4 removed, symbols: 120816 processed, 0 removed
[2020-12-21T00:06:45.232-0500][gc,phases      ] GC(16269) Phase 1: Mark live objects 40.431ms
[2020-12-21T00:06:45.232-0500][gc,phases,start] GC(16269) Phase 2: Prepare for compaction
[2020-12-21T00:06:45.237-0500][gc,phases      ] GC(16269) Phase 2: Prepare for compaction 4.906ms
[2020-12-21T00:06:45.237-0500][gc,phases,start] GC(16269) Phase 3: Adjust pointers
[2020-12-21T00:06:45.250-0500][gc,phases      ] GC(16269) Phase 3: Adjust pointers 12.379ms
[2020-12-21T00:06:45.250-0500][gc,phases,start] GC(16269) Phase 4: Compact heap
[2020-12-21T00:06:45.252-0500][gc,phases      ] GC(16269) Phase 4: Compact heap 2.442ms
[2020-12-21T00:06:45.258-0500][gc,heap        ] GC(16269) Eden regions: 2->0(10)
[2020-12-21T00:06:45.258-0500][gc,heap        ] GC(16269) Survivor regions: 1->0(2)
[2020-12-21T00:06:45.258-0500][gc,heap        ] GC(16269) Old regions: 42->41
[2020-12-21T00:06:45.258-0500][gc,heap        ] GC(16269) Humongous regions: 4->4
[2020-12-21T00:06:45.258-0500][gc,metaspace   ] GC(16269) Metaspace: 49932K->49932K(1093632K)
[2020-12-21T00:06:45.258-0500][gc,heap        ] GC(16269) Heap after GC invocations=16270 (full 3259): garbage-first heap   total 64512K, used 43197K [0x0000000083000000, 0x0000000100000000)
[2020-12-21T00:06:45.258-0500][gc,heap        ] GC(16269)   region size 1024K, 0 young (0K), 0 survivors (0K)
[2020-12-21T00:06:45.258-0500][gc,heap        ] GC(16269)  Metaspace       used 49932K, capacity 52039K, committed 53632K, reserved 1093632K
[2020-12-21T00:06:45.258-0500][gc,heap        ] GC(16269)   class space    used 7422K, capacity 8193K, committed 8832K, reserved 1048576K
[2020-12-21T00:06:45.258-0500][gc             ] GC(16269) Pause Full (System.gc()) 43M->42M(63M) 66.921ms
[2020-12-21T00:06:45.258-0500][gc,cpu         ] GC(16269) User=0.29s Sys=0.00s Real=0.07s
[2020-12-21T00:08:36.012-0500][gc,heap        ] GC(16270) Heap before GC invocations=16270 (full 3259): garbage-first heap   total 64512K, used 52413K [0x0000000083000000, 0x0000000100000000)
[2020-12-21T00:08:36.013-0500][gc,heap        ] GC(16270)   region size 1024K, 10 young (10240K), 0 survivors (0K)
[2020-12-21T00:08:36.013-0500][gc,heap        ] GC(16270)  Metaspace       used 49932K, capacity 52039K, committed 53632K, reserved 1093632K
[2020-12-21T00:08:36.013-0500][gc,heap        ] GC(16270)   class space    used 7422K, capacity 8193K, committed 8832K, reserved 1048576K
[2020-12-21T00:08:36.013-0500][gc,start       ] GC(16270) Pause Young (Normal) (G1 Evacuation Pause)
[2020-12-21T00:08:36.013-0500][gc,task        ] GC(16270) Using 8 workers of 8 for evacuation
[2020-12-21T00:08:36.017-0500][gc,phases      ] GC(16270)   Pre Evacuate Collection Set: 0.0ms
[2020-12-21T00:08:36.017-0500][gc,phases      ] GC(16270)   Evacuate Collection Set: 1.7ms
[2020-12-21T00:08:36.017-0500][gc,phases      ] GC(16270)   Post Evacuate Collection Set: 2.6ms
[2020-12-21T00:08:36.018-0500][gc,phases      ] GC(16270)   Other: 0.7ms
[2020-12-21T00:08:36.018-0500][gc,heap        ] GC(16270) Eden regions: 10->0(9)
[2020-12-21T00:08:36.018-0500][gc,heap        ] GC(16270) Survivor regions: 0->1(2)
[2020-12-21T00:08:36.018-0500][gc,heap        ] GC(16270) Old regions: 41->41
[2020-12-21T00:08:36.018-0500][gc,heap        ] GC(16270) Humongous regions: 4->4
[2020-12-21T00:08:36.018-0500][gc,metaspace   ] GC(16270) Metaspace: 49932K->49932K(1093632K)
[2020-12-21T00:08:36.018-0500][gc,heap        ] GC(16270) Heap after GC invocations=16271 (full 3259): garbage-first heap   total 64512K, used 43277K [0x0000000083000000, 0x0000000100000000)
[2020-12-21T00:08:36.018-0500][gc,heap        ] GC(16270)   region size 1024K, 1 young (1024K), 1 survivors (1024K)
[2020-12-21T00:08:36.018-0500][gc,heap        ] GC(16270)  Metaspace       used 49932K, capacity 52039K, committed 53632K, reserved 1093632K
[2020-12-21T00:08:36.018-0500][gc,heap        ] GC(16270)   class space    used 7422K, capacity 8193K, committed 8832K, reserved 1048576K
[2020-12-21T00:08:36.018-0500][gc             ] GC(16270) Pause Young (Normal) (G1 Evacuation Pause) 52M->42M(63M) 5.089ms
[2020-12-21T00:08:36.018-0500][gc,cpu         ] GC(16270) User=0.01s Sys=0.01s Real=0.01s
[2020-12-21T00:10:16.012-0500][gc,heap        ] GC(16271) Heap before GC invocations=16271 (full 3259): garbage-first heap   total 64512K, used 51469K [0x0000000083000000, 0x0000000100000000)
[2020-12-21T00:10:16.013-0500][gc,heap        ] GC(16271)   region size 1024K, 10 young (10240K), 1 survivors (1024K)
[2020-12-21T00:10:16.013-0500][gc,heap        ] GC(16271)  Metaspace       used 49932K, capacity 52039K, committed 53632K, reserved 1093632K
[2020-12-21T00:10:16.013-0500][gc,heap        ] GC(16271)   class space    used 7422K, capacity 8193K, committed 8832K, reserved 1048576K
[2020-12-21T00:10:16.013-0500][gc,start       ] GC(16271) Pause Young (Normal) (G1 Evacuation Pause)
[2020-12-21T00:10:16.013-0500][gc,task        ] GC(16271) Using 8 workers of 8 for evacuation
[2020-12-21T00:10:16.020-0500][gc,phases      ] GC(16271)   Pre Evacuate Collection Set: 0.0ms
[2020-12-21T00:10:16.020-0500][gc,phases      ] GC(16271)   Evacuate Collection Set: 2.0ms
[2020-12-21T00:10:16.020-0500][gc,phases      ] GC(16271)   Post Evacuate Collection Set: 4.8ms
[2020-12-21T00:10:16.020-0500][gc,phases      ] GC(16271)   Other: 0.4ms
[2020-12-21T00:10:16.020-0500][gc,heap        ] GC(16271) Eden regions: 9->0(9)
[2020-12-21T00:10:16.020-0500][gc,heap        ] GC(16271) Survivor regions: 1->1(2)
[2020-12-21T00:10:16.020-0500][gc,heap        ] GC(16271) Old regions: 41->41
[2020-12-21T00:10:16.020-0500][gc,heap        ] GC(16271) Humongous regions: 4->4
[2020-12-21T00:10:16.020-0500][gc,metaspace   ] GC(16271) Metaspace: 49932K->49932K(1093632K)
[2020-12-21T00:10:16.020-0500][gc,heap        ] GC(16271) Heap after GC invocations=16272 (full 3259): garbage-first heap   total 64512K, used 43275K [0x0000000083000000, 0x0000000100000000)
[2020-12-21T00:10:16.020-0500][gc,heap        ] GC(16271)   region size 1024K, 1 young (1024K), 1 survivors (1024K)
[2020-12-21T00:10:16.020-0500][gc,heap        ] GC(16271)  Metaspace       used 49932K, capacity 52039K, committed 53632K, reserved 1093632K
[2020-12-21T00:10:16.020-0500][gc,heap        ] GC(16271)   class space    used 7422K, capacity 8193K, committed 8832K, reserved 1048576K
[2020-12-21T00:10:16.020-0500][gc             ] GC(16271) Pause Young (Normal) (G1 Evacuation Pause) 51M->42M(63M) 7.403ms
[2020-12-21T00:10:16.020-0500][gc,cpu         ] GC(16271) User=0.03s Sys=0.01s Real=0.01s
[2020-12-21T00:11:45.189-0500][gc,task        ] GC(16272) Using 5 workers of 8 for full compaction
[2020-12-21T00:11:45.190-0500][gc,start       ] GC(16272) Pause Full (System.gc())
[2020-12-21T00:11:45.190-0500][gc,heap        ] GC(16272) Heap before GC invocations=16272 (full 3259): garbage-first heap   total 64512K, used 50443K [0x0000000083000000, 0x0000000100000000)
[2020-12-21T00:11:45.190-0500][gc,heap        ] GC(16272)   region size 1024K, 10 young (10240K), 1 survivors (1024K)
[2020-12-21T00:11:45.190-0500][gc,heap        ] GC(16272)  Metaspace       used 49932K, capacity 52039K, committed 53632K, reserved 1093632K
[2020-12-21T00:11:45.190-0500][gc,heap        ] GC(16272)   class space    used 7422K, capacity 8193K, committed 8832K, reserved 1048576K
[2020-12-21T00:11:45.190-0500][gc,phases,start] GC(16272) Phase 1: Mark live objects
[2020-12-21T00:11:45.233-0500][gc,stringtable ] GC(16272) Cleaned string and symbol table, strings: 33099 processed, 4 removed, symbols: 120816 processed, 0 removed
[2020-12-21T00:11:45.233-0500][gc,phases      ] GC(16272) Phase 1: Mark live objects 42.756ms
[2020-12-21T00:11:45.233-0500][gc,phases,start] GC(16272) Phase 2: Prepare for compaction
[2020-12-21T00:11:45.238-0500][gc,phases      ] GC(16272) Phase 2: Prepare for compaction 4.832ms
[2020-12-21T00:11:45.238-0500][gc,phases,start] GC(16272) Phase 3: Adjust pointers
[2020-12-21T00:11:45.250-0500][gc,phases      ] GC(16272) Phase 3: Adjust pointers 12.604ms
[2020-12-21T00:11:45.250-0500][gc,phases,start] GC(16272) Phase 4: Compact heap
[2020-12-21T00:11:45.253-0500][gc,phases      ] GC(16272) Phase 4: Compact heap 2.292ms
[2020-12-21T00:11:45.259-0500][gc,heap        ] GC(16272) Eden regions: 9->0(9)
[2020-12-21T00:11:45.259-0500][gc,heap        ] GC(16272) Survivor regions: 1->0(2)
[2020-12-21T00:11:45.259-0500][gc,heap        ] GC(16272) Old regions: 41->42
[2020-12-21T00:11:45.259-0500][gc,heap        ] GC(16272) Humongous regions: 4->4
[2020-12-21T00:11:45.259-0500][gc,metaspace   ] GC(16272) Metaspace: 49932K->49932K(1093632K)
[2020-12-21T00:11:45.259-0500][gc,heap        ] GC(16272) Heap after GC invocations=16273 (full 3260): garbage-first heap   total 64512K, used 43225K [0x0000000083000000, 0x0000000100000000)
[2020-12-21T00:11:45.259-0500][gc,heap        ] GC(16272)   region size 1024K, 0 young (0K), 0 survivors (0K)
[2020-12-21T00:11:45.259-0500][gc,heap        ] GC(16272)  Metaspace       used 49932K, capacity 52039K, committed 53632K, reserved 1093632K
[2020-12-21T00:11:45.259-0500][gc,heap        ] GC(16272)   class space    used 7422K, capacity 8193K, committed 8832K, reserved 1048576K
[2020-12-21T00:11:45.259-0500][gc             ] GC(16272) Pause Full (System.gc()) 50M->42M(63M) 69.328ms
[2020-12-21T00:11:45.259-0500][gc,cpu         ] GC(16272) User=0.29s Sys=0.00s Real=0.07s
[2020-12-21T00:13:26.020-0500][gc,heap        ] GC(16273) Heap before GC invocations=16273 (full 3260): garbage-first heap   total 64512K, used 51417K [0x0000000083000000, 0x0000000100000000)
[2020-12-21T00:13:26.020-0500][gc,heap        ] GC(16273)   region size 1024K, 9 young (9216K), 0 survivors (0K)
[2020-12-21T00:13:26.020-0500][gc,heap        ] GC(16273)  Metaspace       used 49932K, capacity 52039K, committed 53632K, reserved 1093632K
[2020-12-21T00:13:26.020-0500][gc,heap        ] GC(16273)   class space    used 7422K, capacity 8193K, committed 8832K, reserved 1048576K
[2020-12-21T00:13:26.020-0500][gc,start       ] GC(16273) Pause Young (Normal) (G1 Evacuation Pause)
[2020-12-21T00:13:26.020-0500][gc,task        ] GC(16273) Using 8 workers of 8 for evacuation
[2020-12-21T00:13:26.025-0500][gc,phases      ] GC(16273)   Pre Evacuate Collection Set: 0.0ms
[2020-12-21T00:13:26.025-0500][gc,phases      ] GC(16273)   Evacuate Collection Set: 2.2ms
[2020-12-21T00:13:26.025-0500][gc,phases      ] GC(16273)   Post Evacuate Collection Set: 2.4ms
[2020-12-21T00:13:26.025-0500][gc,phases      ] GC(16273)   Other: 0.6ms
[2020-12-21T00:13:26.025-0500][gc,heap        ] GC(16273) Eden regions: 9->0(8)
[2020-12-21T00:13:26.025-0500][gc,heap        ] GC(16273) Survivor regions: 0->1(2)
[2020-12-21T00:13:26.025-0500][gc,heap        ] GC(16273) Old regions: 42->42
[2020-12-21T00:13:26.025-0500][gc,heap        ] GC(16273) Humongous regions: 4->4
[2020-12-21T00:13:26.025-0500][gc,metaspace   ] GC(16273) Metaspace: 49932K->49932K(1093632K)
[2020-12-21T00:13:26.025-0500][gc,heap        ] GC(16273) Heap after GC invocations=16274 (full 3260): garbage-first heap   total 64512K, used 43302K [0x0000000083000000, 0x0000000100000000)
[2020-12-21T00:13:26.025-0500][gc,heap        ] GC(16273)   region size 1024K, 1 young (1024K), 1 survivors (1024K)
[2020-12-21T00:13:26.025-0500][gc,heap        ] GC(16273)  Metaspace       used 49932K, capacity 52039K, committed 53632K, reserved 1093632K
[2020-12-21T00:13:26.025-0500][gc,heap        ] GC(16273)   class space    used 7422K, capacity 8193K, committed 8832K, reserved 1048576K
[2020-12-21T00:13:26.025-0500][gc             ] GC(16273) Pause Young (Normal) (G1 Evacuation Pause) 51M->42M(63M) 5.354ms
[2020-12-21T00:13:26.025-0500][gc,cpu         ] GC(16273) User=0.01s Sys=0.01s Real=0.00s
[2020-12-21T00:14:56.021-0500][gc,heap        ] GC(16274) Heap before GC invocations=16274 (full 3260): garbage-first heap   total 64512K, used 50470K [0x0000000083000000, 0x0000000100000000)
[2020-12-21T00:14:56.021-0500][gc,heap        ] GC(16274)   region size 1024K, 9 young (9216K), 1 survivors (1024K)
[2020-12-21T00:14:56.021-0500][gc,heap        ] GC(16274)  Metaspace       used 49932K, capacity 52039K, committed 53632K, reserved 1093632K
[2020-12-21T00:14:56.021-0500][gc,heap        ] GC(16274)   class space    used 7422K, capacity 8193K, committed 8832K, reserved 1048576K
[2020-12-21T00:14:56.021-0500][gc,start       ] GC(16274) Pause Young (Normal) (G1 Evacuation Pause)
[2020-12-21T00:14:56.021-0500][gc,task        ] GC(16274) Using 8 workers of 8 for evacuation
[2020-12-21T00:14:56.025-0500][gc,phases      ] GC(16274)   Pre Evacuate Collection Set: 0.0ms
[2020-12-21T00:14:56.025-0500][gc,phases      ] GC(16274)   Evacuate Collection Set: 1.4ms
[2020-12-21T00:14:56.025-0500][gc,phases      ] GC(16274)   Post Evacuate Collection Set: 2.3ms
[2020-12-21T00:14:56.025-0500][gc,phases      ] GC(16274)   Other: 0.4ms
[2020-12-21T00:14:56.025-0500][gc,heap        ] GC(16274) Eden regions: 8->0(8)
[2020-12-21T00:14:56.025-0500][gc,heap        ] GC(16274) Survivor regions: 1->1(2)
[2020-12-21T00:14:56.025-0500][gc,heap        ] GC(16274) Old regions: 42->42
[2020-12-21T00:14:56.025-0500][gc,heap        ] GC(16274) Humongous regions: 4->4
[2020-12-21T00:14:56.025-0500][gc,metaspace   ] GC(16274) Metaspace: 49932K->49932K(1093632K)
[2020-12-21T00:14:56.025-0500][gc,heap        ] GC(16274) Heap after GC invocations=16275 (full 3260): garbage-first heap   total 64512K, used 43269K [0x0000000083000000, 0x0000000100000000)
[2020-12-21T00:14:56.025-0500][gc,heap        ] GC(16274)   region size 1024K, 1 young (1024K), 1 survivors (1024K)
[2020-12-21T00:14:56.025-0500][gc,heap        ] GC(16274)  Metaspace       used 49932K, capacity 52039K, committed 53632K, reserved 1093632K
[2020-12-21T00:14:56.025-0500][gc,heap        ] GC(16274)   class space    used 7422K, capacity 8193K, committed 8832K, reserved 1048576K
[2020-12-21T00:14:56.025-0500][gc             ] GC(16274) Pause Young (Normal) (G1 Evacuation Pause) 50M->42M(63M) 4.293ms
[2020-12-21T00:14:56.025-0500][gc,cpu         ] GC(16274) User=0.00s Sys=0.01s Real=0.00s
[2020-12-21T00:16:31.041-0500][gc,heap        ] GC(16275) Heap before GC invocations=16275 (full 3260): garbage-first heap   total 64512K, used 50437K [0x0000000083000000, 0x0000000100000000)
[2020-12-21T00:16:31.041-0500][gc,heap        ] GC(16275)   region size 1024K, 9 young (9216K), 1 survivors (1024K)
[2020-12-21T00:16:31.041-0500][gc,heap        ] GC(16275)  Metaspace       used 49932K, capacity 52039K, committed 53632K, reserved 1093632K
[2020-12-21T00:16:31.041-0500][gc,heap        ] GC(16275)   class space    used 7422K, capacity 8193K, committed 8832K, reserved 1048576K
[2020-12-21T00:16:31.041-0500][gc,start       ] GC(16275) Pause Young (Normal) (G1 Evacuation Pause)
[2020-12-21T00:16:31.041-0500][gc,task        ] GC(16275) Using 8 workers of 8 for evacuation
[2020-12-21T00:16:31.043-0500][gc,phases      ] GC(16275)   Pre Evacuate Collection Set: 0.0ms
[2020-12-21T00:16:31.043-0500][gc,phases      ] GC(16275)   Evacuate Collection Set: 0.9ms
[2020-12-21T00:16:31.043-0500][gc,phases      ] GC(16275)   Post Evacuate Collection Set: 1.3ms
[2020-12-21T00:16:31.043-0500][gc,phases      ] GC(16275)   Other: 0.3ms
[2020-12-21T00:16:31.043-0500][gc,heap        ] GC(16275) Eden regions: 8->0(8)
[2020-12-21T00:16:31.043-0500][gc,heap        ] GC(16275) Survivor regions: 1->1(2)
[2020-12-21T00:16:31.043-0500][gc,heap        ] GC(16275) Old regions: 42->42
[2020-12-21T00:16:31.043-0500][gc,heap        ] GC(16275) Humongous regions: 4->4
[2020-12-21T00:16:31.043-0500][gc,metaspace   ] GC(16275) Metaspace: 49932K->49932K(1093632K)
[2020-12-21T00:16:31.043-0500][gc,heap        ] GC(16275) Heap after GC invocations=16276 (full 3260): garbage-first heap   total 64512K, used 43289K [0x0000000083000000, 0x0000000100000000)
[2020-12-21T00:16:31.043-0500][gc,heap        ] GC(16275)   region size 1024K, 1 young (1024K), 1 survivors (1024K)
[2020-12-21T00:16:31.043-0500][gc,heap        ] GC(16275)  Metaspace       used 49932K, capacity 52039K, committed 53632K, reserved 1093632K
[2020-12-21T00:16:31.043-0500][gc,heap        ] GC(16275)   class space    used 7422K, capacity 8193K, committed 8832K, reserved 1048576K
[2020-12-21T00:16:31.044-0500][gc             ] GC(16275) Pause Young (Normal) (G1 Evacuation Pause) 50M->42M(63M) 2.515ms
[2020-12-21T00:16:31.044-0500][gc,cpu         ] GC(16275) User=0.00s Sys=0.00s Real=0.00s
[2020-12-21T00:16:45.191-0500][gc,task        ] GC(16276) Using 5 workers of 8 for full compaction
[2020-12-21T00:16:45.191-0500][gc,start       ] GC(16276) Pause Full (System.gc())
[2020-12-21T00:16:45.192-0500][gc,heap        ] GC(16276) Heap before GC invocations=16276 (full 3260): garbage-first heap   total 64512K, used 44313K [0x0000000083000000, 0x0000000100000000)
[2020-12-21T00:16:45.192-0500][gc,heap        ] GC(16276)   region size 1024K, 3 young (3072K), 1 survivors (1024K)
[2020-12-21T00:16:45.192-0500][gc,heap        ] GC(16276)  Metaspace       used 49932K, capacity 52039K, committed 53632K, reserved 1093632K
[2020-12-21T00:16:45.192-0500][gc,heap        ] GC(16276)   class space    used 7422K, capacity 8193K, committed 8832K, reserved 1048576K
[2020-12-21T00:16:45.192-0500][gc,phases,start] GC(16276) Phase 1: Mark live objects
[2020-12-21T00:16:45.230-0500][gc,stringtable ] GC(16276) Cleaned string and symbol table, strings: 33099 processed, 4 removed, symbols: 120816 processed, 0 removed
[2020-12-21T00:16:45.230-0500][gc,phases      ] GC(16276) Phase 1: Mark live objects 38.422ms
[2020-12-21T00:16:45.230-0500][gc,phases,start] GC(16276) Phase 2: Prepare for compaction
[2020-12-21T00:16:45.234-0500][gc,phases      ] GC(16276) Phase 2: Prepare for compaction 3.401ms
[2020-12-21T00:16:45.234-0500][gc,phases,start] GC(16276) Phase 3: Adjust pointers
[2020-12-21T00:16:45.245-0500][gc,phases      ] GC(16276) Phase 3: Adjust pointers 10.786ms
[2020-12-21T00:16:45.245-0500][gc,phases,start] GC(16276) Phase 4: Compact heap
[2020-12-21T00:16:45.247-0500][gc,phases      ] GC(16276) Phase 4: Compact heap 2.680ms
[2020-12-21T00:16:45.253-0500][gc,heap        ] GC(16276) Eden regions: 2->0(8)
[2020-12-21T00:16:45.253-0500][gc,heap        ] GC(16276) Survivor regions: 1->0(2)
[2020-12-21T00:16:45.254-0500][gc,heap        ] GC(16276) Old regions: 42->43
[2020-12-21T00:16:45.254-0500][gc,heap        ] GC(16276) Humongous regions: 4->4
[2020-12-21T00:16:45.254-0500][gc,metaspace   ] GC(16276) Metaspace: 49932K->49932K(1093632K)
[2020-12-21T00:16:45.254-0500][gc,heap        ] GC(16276) Heap after GC invocations=16277 (full 3261): garbage-first heap   total 64512K, used 43196K [0x0000000083000000, 0x0000000100000000)
[2020-12-21T00:16:45.254-0500][gc,heap        ] GC(16276)   region size 1024K, 0 young (0K), 0 survivors (0K)
[2020-12-21T00:16:45.254-0500][gc,heap        ] GC(16276)  Metaspace       used 49932K, capacity 52039K, committed 53632K, reserved 1093632K
[2020-12-21T00:16:45.254-0500][gc,heap        ] GC(16276)   class space    used 7422K, capacity 8193K, committed 8832K, reserved 1048576K
[2020-12-21T00:16:45.254-0500][gc             ] GC(16276) Pause Full (System.gc()) 43M->42M(63M) 62.082ms
[2020-12-21T00:16:45.254-0500][gc,cpu         ] GC(16276) User=0.26s Sys=0.00s Real=0.06s
[2020-12-21T00:18:07.840-0500][gc,heap        ] GC(16277) Heap before GC invocations=16277 (full 3261): garbage-first heap   total 64512K, used 50364K [0x0000000083000000, 0x0000000100000000)
[2020-12-21T00:18:07.840-0500][gc,heap        ] GC(16277)   region size 1024K, 8 young (8192K), 0 survivors (0K)
[2020-12-21T00:18:07.840-0500][gc,heap        ] GC(16277)  Metaspace       used 49932K, capacity 52039K, committed 53632K, reserved 1093632K
[2020-12-21T00:18:07.840-0500][gc,heap        ] GC(16277)   class space    used 7422K, capacity 8193K, committed 8832K, reserved 1048576K
[2020-12-21T00:18:07.840-0500][gc,start       ] GC(16277) Pause Young (Normal) (G1 Evacuation Pause)
[2020-12-21T00:18:07.841-0500][gc,task        ] GC(16277) Using 8 workers of 8 for evacuation
[2020-12-21T00:18:07.845-0500][gc,phases      ] GC(16277)   Pre Evacuate Collection Set: 0.0ms
[2020-12-21T00:18:07.845-0500][gc,phases      ] GC(16277)   Evacuate Collection Set: 2.1ms
[2020-12-21T00:18:07.845-0500][gc,phases      ] GC(16277)   Post Evacuate Collection Set: 2.4ms
[2020-12-21T00:18:07.845-0500][gc,phases      ] GC(16277)   Other: 0.5ms
[2020-12-21T00:18:07.845-0500][gc,heap        ] GC(16277) Eden regions: 8->0(7)
[2020-12-21T00:18:07.845-0500][gc,heap        ] GC(16277) Survivor regions: 0->1(1)
[2020-12-21T00:18:07.845-0500][gc,heap        ] GC(16277) Old regions: 43->43
[2020-12-21T00:18:07.845-0500][gc,heap        ] GC(16277) Humongous regions: 4->4
[2020-12-21T00:18:07.846-0500][gc,metaspace   ] GC(16277) Metaspace: 49932K->49932K(1093632K)
[2020-12-21T00:18:07.846-0500][gc,heap        ] GC(16277) Heap after GC invocations=16278 (full 3261): garbage-first heap   total 64512K, used 43243K [0x0000000083000000, 0x0000000100000000)
[2020-12-21T00:18:07.846-0500][gc,heap        ] GC(16277)   region size 1024K, 1 young (1024K), 1 survivors (1024K)
[2020-12-21T00:18:07.846-0500][gc,heap        ] GC(16277)  Metaspace       used 49932K, capacity 52039K, committed 53632K, reserved 1093632K
[2020-12-21T00:18:07.846-0500][gc,heap        ] GC(16277)   class space    used 7422K, capacity 8193K, committed 8832K, reserved 1048576K
[2020-12-21T00:18:07.846-0500][gc             ] GC(16277) Pause Young (Normal) (G1 Evacuation Pause) 50M->42M(63M) 5.165ms
[2020-12-21T00:18:07.846-0500][gc,cpu         ] GC(16277) User=0.01s Sys=0.00s Real=0.00s
[2020-12-21T00:19:31.561-0500][gc,heap        ] GC(16278) Heap before GC invocations=16278 (full 3261): garbage-first heap   total 64512K, used 50411K [0x0000000083000000, 0x0000000100000000)
[2020-12-21T00:19:31.561-0500][gc,heap        ] GC(16278)   region size 1024K, 8 young (8192K), 1 survivors (1024K)
[2020-12-21T00:19:31.561-0500][gc,heap        ] GC(16278)  Metaspace       used 49932K, capacity 52039K, committed 53632K, reserved 1093632K
[2020-12-21T00:19:31.561-0500][gc,heap        ] GC(16278)   class space    used 7422K, capacity 8193K, committed 8832K, reserved 1048576K
[2020-12-21T00:19:31.561-0500][gc,start       ] GC(16278) Pause Young (Normal) (G1 Evacuation Pause)
[2020-12-21T00:19:31.561-0500][gc,task        ] GC(16278) Using 8 workers of 8 for evacuation
[2020-12-21T00:19:31.564-0500][gc,phases      ] GC(16278)   Pre Evacuate Collection Set: 0.0ms
[2020-12-21T00:19:31.564-0500][gc,phases      ] GC(16278)   Evacuate Collection Set: 2.4ms
[2020-12-21T00:19:31.564-0500][gc,phases      ] GC(16278)   Post Evacuate Collection Set: 0.7ms
[2020-12-21T00:19:31.564-0500][gc,phases      ] GC(16278)   Other: 0.2ms
[2020-12-21T00:19:31.564-0500][gc,heap        ] GC(16278) Eden regions: 7->0(7)
[2020-12-21T00:19:31.564-0500][gc,heap        ] GC(16278) Survivor regions: 1->1(1)
[2020-12-21T00:19:31.564-0500][gc,heap        ] GC(16278) Old regions: 43->43
[2020-12-21T00:19:31.564-0500][gc,heap        ] GC(16278) Humongous regions: 4->4
[2020-12-21T00:19:31.564-0500][gc,metaspace   ] GC(16278) Metaspace: 49932K->49932K(1093632K)
[2020-12-21T00:19:31.564-0500][gc,heap        ] GC(16278) Heap after GC invocations=16279 (full 3261): garbage-first heap   total 64512K, used 43365K [0x0000000083000000, 0x0000000100000000)
[2020-12-21T00:19:31.564-0500][gc,heap        ] GC(16278)   region size 1024K, 1 young (1024K), 1 survivors (1024K)
[2020-12-21T00:19:31.564-0500][gc,heap        ] GC(16278)  Metaspace       used 49932K, capacity 52039K, committed 53632K, reserved 1093632K
[2020-12-21T00:19:31.564-0500][gc,heap        ] GC(16278)   class space    used 7422K, capacity 8193K, committed 8832K, reserved 1048576K
[2020-12-21T00:19:31.565-0500][gc             ] GC(16278) Pause Young (Normal) (G1 Evacuation Pause) 49M->42M(63M) 3.427ms
[2020-12-21T00:19:31.565-0500][gc,cpu         ] GC(16278) User=0.02s Sys=0.00s Real=0.00s
[2020-12-21T00:20:56.013-0500][gc,heap        ] GC(16279) Heap before GC invocations=16279 (full 3261): garbage-first heap   total 64512K, used 49509K [0x0000000083000000, 0x0000000100000000)
[2020-12-21T00:20:56.013-0500][gc,heap        ] GC(16279)   region size 1024K, 8 young (8192K), 1 survivors (1024K)
[2020-12-21T00:20:56.013-0500][gc,heap        ] GC(16279)  Metaspace       used 49932K, capacity 52039K, committed 53632K, reserved 1093632K
[2020-12-21T00:20:56.013-0500][gc,heap        ] GC(16279)   class space    used 7422K, capacity 8193K, committed 8832K, reserved 1048576K
[2020-12-21T00:20:56.013-0500][gc,start       ] GC(16279) Pause Young (Normal) (G1 Evacuation Pause)
[2020-12-21T00:20:56.013-0500][gc,task        ] GC(16279) Using 8 workers of 8 for evacuation
[2020-12-21T00:20:56.016-0500][gc,phases      ] GC(16279)   Pre Evacuate Collection Set: 0.0ms
[2020-12-21T00:20:56.017-0500][gc,phases      ] GC(16279)   Evacuate Collection Set: 1.2ms
[2020-12-21T00:20:56.017-0500][gc,phases      ] GC(16279)   Post Evacuate Collection Set: 2.4ms
[2020-12-21T00:20:56.017-0500][gc,phases      ] GC(16279)   Other: 0.3ms
[2020-12-21T00:20:56.017-0500][gc,heap        ] GC(16279) Eden regions: 7->0(7)
[2020-12-21T00:20:56.017-0500][gc,heap        ] GC(16279) Survivor regions: 1->1(1)
[2020-12-21T00:20:56.017-0500][gc,heap        ] GC(16279) Old regions: 43->43
[2020-12-21T00:20:56.017-0500][gc,heap        ] GC(16279) Humongous regions: 4->4
[2020-12-21T00:20:56.017-0500][gc,metaspace   ] GC(16279) Metaspace: 49932K->49932K(1093632K)
[2020-12-21T00:20:56.017-0500][gc,heap        ] GC(16279) Heap after GC invocations=16280 (full 3261): garbage-first heap   total 64512K, used 43261K [0x0000000083000000, 0x0000000100000000)
[2020-12-21T00:20:56.017-0500][gc,heap        ] GC(16279)   region size 1024K, 1 young (1024K), 1 survivors (1024K)
[2020-12-21T00:20:56.017-0500][gc,heap        ] GC(16279)  Metaspace       used 49932K, capacity 52039K, committed 53632K, reserved 1093632K
[2020-12-21T00:20:56.017-0500][gc,heap        ] GC(16279)   class space    used 7422K, capacity 8193K, committed 8832K, reserved 1048576K
[2020-12-21T00:20:56.017-0500][gc             ] GC(16279) Pause Young (Normal) (G1 Evacuation Pause) 49M->42M(63M) 3.947ms
[2020-12-21T00:20:56.017-0500][gc,cpu         ] GC(16279) User=0.01s Sys=0.01s Real=0.00s
[2020-12-21T00:21:45.190-0500][gc,task        ] GC(16280) Using 5 workers of 8 for full compaction
[2020-12-21T00:21:45.190-0500][gc,start       ] GC(16280) Pause Full (System.gc())
[2020-12-21T00:21:45.190-0500][gc,heap        ] GC(16280) Heap before GC invocations=16280 (full 3261): garbage-first heap   total 64512K, used 47357K [0x0000000083000000, 0x0000000100000000)
[2020-12-21T00:21:45.190-0500][gc,heap        ] GC(16280)   region size 1024K, 6 young (6144K), 1 survivors (1024K)
[2020-12-21T00:21:45.190-0500][gc,heap        ] GC(16280)  Metaspace       used 49932K, capacity 52039K, committed 53632K, reserved 1093632K
[2020-12-21T00:21:45.191-0500][gc,heap        ] GC(16280)   class space    used 7422K, capacity 8193K, committed 8832K, reserved 1048576K
[2020-12-21T00:21:45.191-0500][gc,phases,start] GC(16280) Phase 1: Mark live objects
[2020-12-21T00:21:45.232-0500][gc,stringtable ] GC(16280) Cleaned string and symbol table, strings: 33099 processed, 4 removed, symbols: 120816 processed, 0 removed
[2020-12-21T00:21:45.232-0500][gc,phases      ] GC(16280) Phase 1: Mark live objects 41.536ms
[2020-12-21T00:21:45.233-0500][gc,phases,start] GC(16280) Phase 2: Prepare for compaction
[2020-12-21T00:21:45.236-0500][gc,phases      ] GC(16280) Phase 2: Prepare for compaction 3.608ms
[2020-12-21T00:21:45.236-0500][gc,phases,start] GC(16280) Phase 3: Adjust pointers
[2020-12-21T00:21:45.248-0500][gc,phases      ] GC(16280) Phase 3: Adjust pointers 11.920ms
[2020-12-21T00:21:45.248-0500][gc,phases,start] GC(16280) Phase 4: Compact heap
[2020-12-21T00:21:45.251-0500][gc,phases      ] GC(16280) Phase 4: Compact heap 2.697ms
[2020-12-21T00:21:45.257-0500][gc,heap        ] GC(16280) Eden regions: 5->0(9)
[2020-12-21T00:21:45.257-0500][gc,heap        ] GC(16280) Survivor regions: 1->0(1)
[2020-12-21T00:21:45.257-0500][gc,heap        ] GC(16280) Old regions: 43->42
[2020-12-21T00:21:45.257-0500][gc,heap        ] GC(16280) Humongous regions: 4->4
[2020-12-21T00:21:45.257-0500][gc,metaspace   ] GC(16280) Metaspace: 49932K->49932K(1093632K)
[2020-12-21T00:21:45.257-0500][gc,heap        ] GC(16280) Heap after GC invocations=16281 (full 3262): garbage-first heap   total 64512K, used 43210K [0x0000000083000000, 0x0000000100000000)
[2020-12-21T00:21:45.257-0500][gc,heap        ] GC(16280)   region size 1024K, 0 young (0K), 0 survivors (0K)
[2020-12-21T00:21:45.257-0500][gc,heap        ] GC(16280)  Metaspace       used 49932K, capacity 52039K, committed 53632K, reserved 1093632K
[2020-12-21T00:21:45.257-0500][gc,heap        ] GC(16280)   class space    used 7422K, capacity 8193K, committed 8832K, reserved 1048576K
[2020-12-21T00:21:45.257-0500][gc             ] GC(16280) Pause Full (System.gc()) 46M->42M(63M) 66.337ms
[2020-12-21T00:21:45.257-0500][gc,cpu         ] GC(16280) User=0.29s Sys=0.00s Real=0.06s
[2020-12-21T00:23:26.012-0500][gc,heap        ] GC(16281) Heap before GC invocations=16281 (full 3262): garbage-first heap   total 64512K, used 51402K [0x0000000083000000, 0x0000000100000000)
[2020-12-21T00:23:26.013-0500][gc,heap        ] GC(16281)   region size 1024K, 9 young (9216K), 0 survivors (0K)
[2020-12-21T00:23:26.013-0500][gc,heap        ] GC(16281)  Metaspace       used 49932K, capacity 52039K, committed 53632K, reserved 1093632K
[2020-12-21T00:23:26.013-0500][gc,heap        ] GC(16281)   class space    used 7422K, capacity 8193K, committed 8832K, reserved 1048576K
[2020-12-21T00:23:26.013-0500][gc,start       ] GC(16281) Pause Young (Normal) (G1 Evacuation Pause)
[2020-12-21T00:23:26.013-0500][gc,task        ] GC(16281) Using 8 workers of 8 for evacuation
[2020-12-21T00:23:26.019-0500][gc,phases      ] GC(16281)   Pre Evacuate Collection Set: 0.0ms
[2020-12-21T00:23:26.019-0500][gc,phases      ] GC(16281)   Evacuate Collection Set: 3.5ms
[2020-12-21T00:23:26.019-0500][gc,phases      ] GC(16281)   Post Evacuate Collection Set: 2.7ms
[2020-12-21T00:23:26.019-0500][gc,phases      ] GC(16281)   Other: 0.4ms
[2020-12-21T00:23:26.019-0500][gc,heap        ] GC(16281) Eden regions: 9->0(8)
[2020-12-21T00:23:26.019-0500][gc,heap        ] GC(16281) Survivor regions: 0->1(2)
[2020-12-21T00:23:26.019-0500][gc,heap        ] GC(16281) Old regions: 42->42
[2020-12-21T00:23:26.019-0500][gc,heap        ] GC(16281) Humongous regions: 4->4
[2020-12-21T00:23:26.019-0500][gc,metaspace   ] GC(16281) Metaspace: 49932K->49932K(1093632K)
[2020-12-21T00:23:26.019-0500][gc,heap        ] GC(16281) Heap after GC invocations=16282 (full 3262): garbage-first heap   total 64512K, used 43266K [0x0000000083000000, 0x0000000100000000)
[2020-12-21T00:23:26.019-0500][gc,heap        ] GC(16281)   region size 1024K, 1 young (1024K), 1 survivors (1024K)
[2020-12-21T00:23:26.019-0500][gc,heap        ] GC(16281)  Metaspace       used 49932K, capacity 52039K, committed 53632K, reserved 1093632K
[2020-12-21T00:23:26.020-0500][gc,heap        ] GC(16281)   class space    used 7422K, capacity 8193K, committed 8832K, reserved 1048576K
[2020-12-21T00:23:26.020-0500][gc             ] GC(16281) Pause Young (Normal) (G1 Evacuation Pause) 51M->42M(63M) 6.844ms
[2020-12-21T00:23:26.020-0500][gc,cpu         ] GC(16281) User=0.02s Sys=0.01s Real=0.01s
[2020-12-21T00:24:56.020-0500][gc,heap        ] GC(16282) Heap before GC invocations=16282 (full 3262): garbage-first heap   total 64512K, used 50434K [0x0000000083000000, 0x0000000100000000)
[2020-12-21T00:24:56.020-0500][gc,heap        ] GC(16282)   region size 1024K, 9 young (9216K), 1 survivors (1024K)
[2020-12-21T00:24:56.020-0500][gc,heap        ] GC(16282)  Metaspace       used 49932K, capacity 52039K, committed 53632K, reserved 1093632K
[2020-12-21T00:24:56.020-0500][gc,heap        ] GC(16282)   class space    used 7422K, capacity 8193K, committed 8832K, reserved 1048576K
[2020-12-21T00:24:56.020-0500][gc,start       ] GC(16282) Pause Young (Normal) (G1 Evacuation Pause)
[2020-12-21T00:24:56.020-0500][gc,task        ] GC(16282) Using 8 workers of 8 for evacuation
[2020-12-21T00:24:56.025-0500][gc,phases      ] GC(16282)   Pre Evacuate Collection Set: 0.0ms
[2020-12-21T00:24:56.025-0500][gc,phases      ] GC(16282)   Evacuate Collection Set: 1.7ms
[2020-12-21T00:24:56.025-0500][gc,phases      ] GC(16282)   Post Evacuate Collection Set: 2.6ms
[2020-12-21T00:24:56.025-0500][gc,phases      ] GC(16282)   Other: 0.5ms
[2020-12-21T00:24:56.025-0500][gc,heap        ] GC(16282) Eden regions: 8->0(8)
[2020-12-21T00:24:56.025-0500][gc,heap        ] GC(16282) Survivor regions: 1->1(2)
[2020-12-21T00:24:56.025-0500][gc,heap        ] GC(16282) Old regions: 42->42
[2020-12-21T00:24:56.025-0500][gc,heap        ] GC(16282) Humongous regions: 4->4
[2020-12-21T00:24:56.025-0500][gc,metaspace   ] GC(16282) Metaspace: 49932K->49932K(1093632K)
[2020-12-21T00:24:56.025-0500][gc,heap        ] GC(16282) Heap after GC invocations=16283 (full 3262): garbage-first heap   total 64512K, used 43275K [0x0000000083000000, 0x0000000100000000)
[2020-12-21T00:24:56.025-0500][gc,heap        ] GC(16282)   region size 1024K, 1 young (1024K), 1 survivors (1024K)
[2020-12-21T00:24:56.025-0500][gc,heap        ] GC(16282)  Metaspace       used 49932K, capacity 52039K, committed 53632K, reserved 1093632K
[2020-12-21T00:24:56.025-0500][gc,heap        ] GC(16282)   class space    used 7422K, capacity 8193K, committed 8832K, reserved 1048576K
[2020-12-21T00:24:56.025-0500][gc             ] GC(16282) Pause Young (Normal) (G1 Evacuation Pause) 50M->42M(63M) 4.919ms
[2020-12-21T00:24:56.025-0500][gc,cpu         ] GC(16282) User=0.01s Sys=0.00s Real=0.00s
[2020-12-21T00:26:26.020-0500][gc,heap        ] GC(16283) Heap before GC invocations=16283 (full 3262): garbage-first heap   total 64512K, used 50443K [0x0000000083000000, 0x0000000100000000)
[2020-12-21T00:26:26.021-0500][gc,heap        ] GC(16283)   region size 1024K, 9 young (9216K), 1 survivors (1024K)
[2020-12-21T00:26:26.021-0500][gc,heap        ] GC(16283)  Metaspace       used 49932K, capacity 52039K, committed 53632K, reserved 1093632K
[2020-12-21T00:26:26.021-0500][gc,heap        ] GC(16283)   class space    used 7422K, capacity 8193K, committed 8832K, reserved 1048576K
[2020-12-21T00:26:26.021-0500][gc,start       ] GC(16283) Pause Young (Normal) (G1 Evacuation Pause)
[2020-12-21T00:26:26.021-0500][gc,task        ] GC(16283) Using 8 workers of 8 for evacuation
[2020-12-21T00:26:26.025-0500][gc,phases      ] GC(16283)   Pre Evacuate Collection Set: 0.0ms
[2020-12-21T00:26:26.025-0500][gc,phases      ] GC(16283)   Evacuate Collection Set: 2.2ms
[2020-12-21T00:26:26.025-0500][gc,phases      ] GC(16283)   Post Evacuate Collection Set: 1.7ms
[2020-12-21T00:26:26.025-0500][gc,phases      ] GC(16283)   Other: 0.4ms
[2020-12-21T00:26:26.025-0500][gc,heap        ] GC(16283) Eden regions: 8->0(8)
[2020-12-21T00:26:26.025-0500][gc,heap        ] GC(16283) Survivor regions: 1->1(2)
[2020-12-21T00:26:26.025-0500][gc,heap        ] GC(16283) Old regions: 42->42
[2020-12-21T00:26:26.025-0500][gc,heap        ] GC(16283) Humongous regions: 4->4
[2020-12-21T00:26:26.025-0500][gc,metaspace   ] GC(16283) Metaspace: 49932K->49932K(1093632K)
[2020-12-21T00:26:26.025-0500][gc,heap        ] GC(16283) Heap after GC invocations=16284 (full 3262): garbage-first heap   total 64512K, used 43281K [0x0000000083000000, 0x0000000100000000)
[2020-12-21T00:26:26.025-0500][gc,heap        ] GC(16283)   region size 1024K, 1 young (1024K), 1 survivors (1024K)
[2020-12-21T00:26:26.025-0500][gc,heap        ] GC(16283)  Metaspace       used 49932K, capacity 52039K, committed 53632K, reserved 1093632K
[2020-12-21T00:26:26.025-0500][gc,heap        ] GC(16283)   class space    used 7422K, capacity 8193K, committed 8832K, reserved 1048576K
[2020-12-21T00:26:26.025-0500][gc             ] GC(16283) Pause Young (Normal) (G1 Evacuation Pause) 50M->42M(63M) 4.388ms
[2020-12-21T00:26:26.025-0500][gc,cpu         ] GC(16283) User=0.01s Sys=0.00s Real=0.00s
[2020-12-21T00:26:45.190-0500][gc,task        ] GC(16284) Using 5 workers of 8 for full compaction
[2020-12-21T00:26:45.190-0500][gc,start       ] GC(16284) Pause Full (System.gc())
[2020-12-21T00:26:45.190-0500][gc,heap        ] GC(16284) Heap before GC invocations=16284 (full 3262): garbage-first heap   total 64512K, used 44305K [0x0000000083000000, 0x0000000100000000)
[2020-12-21T00:26:45.190-0500][gc,heap        ] GC(16284)   region size 1024K, 3 young (3072K), 1 survivors (1024K)
[2020-12-21T00:26:45.190-0500][gc,heap        ] GC(16284)  Metaspace       used 49932K, capacity 52039K, committed 53632K, reserved 1093632K
[2020-12-21T00:26:45.190-0500][gc,heap        ] GC(16284)   class space    used 7422K, capacity 8193K, committed 8832K, reserved 1048576K
[2020-12-21T00:26:45.191-0500][gc,phases,start] GC(16284) Phase 1: Mark live objects
[2020-12-21T00:26:45.234-0500][gc,stringtable ] GC(16284) Cleaned string and symbol table, strings: 33099 processed, 4 removed, symbols: 120816 processed, 0 removed
[2020-12-21T00:26:45.234-0500][gc,phases      ] GC(16284) Phase 1: Mark live objects 42.781ms
[2020-12-21T00:26:45.234-0500][gc,phases,start] GC(16284) Phase 2: Prepare for compaction
[2020-12-21T00:26:45.237-0500][gc,phases      ] GC(16284) Phase 2: Prepare for compaction 3.078ms
[2020-12-21T00:26:45.237-0500][gc,phases,start] GC(16284) Phase 3: Adjust pointers
[2020-12-21T00:26:45.248-0500][gc,phases      ] GC(16284) Phase 3: Adjust pointers 10.944ms
[2020-12-21T00:26:45.248-0500][gc,phases,start] GC(16284) Phase 4: Compact heap
[2020-12-21T00:26:45.251-0500][gc,phases      ] GC(16284) Phase 4: Compact heap 2.799ms
[2020-12-21T00:26:45.256-0500][gc,heap        ] GC(16284) Eden regions: 2->0(10)
[2020-12-21T00:26:45.256-0500][gc,heap        ] GC(16284) Survivor regions: 1->0(2)
[2020-12-21T00:26:45.256-0500][gc,heap        ] GC(16284) Old regions: 42->41
[2020-12-21T00:26:45.256-0500][gc,heap        ] GC(16284) Humongous regions: 4->4
[2020-12-21T00:26:45.256-0500][gc,metaspace   ] GC(16284) Metaspace: 49932K->49932K(1093632K)
[2020-12-21T00:26:45.256-0500][gc,heap        ] GC(16284) Heap after GC invocations=16285 (full 3263): garbage-first heap   total 64512K, used 43203K [0x0000000083000000, 0x0000000100000000)
[2020-12-21T00:26:45.256-0500][gc,heap        ] GC(16284)   region size 1024K, 0 young (0K), 0 survivors (0K)
[2020-12-21T00:26:45.257-0500][gc,heap        ] GC(16284)  Metaspace       used 49932K, capacity 52039K, committed 53632K, reserved 1093632K
[2020-12-21T00:26:45.257-0500][gc,heap        ] GC(16284)   class space    used 7422K, capacity 8193K, committed 8832K, reserved 1048576K
[2020-12-21T00:26:45.257-0500][gc             ] GC(16284) Pause Full (System.gc()) 44M->42M(63M) 66.187ms
[2020-12-21T00:26:45.257-0500][gc,cpu         ] GC(16284) User=0.29s Sys=0.00s Real=0.06s
[2020-12-21T00:28:35.530-0500][gc,heap        ] GC(16285) Heap before GC invocations=16285 (full 3263): garbage-first heap   total 64512K, used 52419K [0x0000000083000000, 0x0000000100000000)
[2020-12-21T00:28:35.530-0500][gc,heap        ] GC(16285)   region size 1024K, 10 young (10240K), 0 survivors (0K)
[2020-12-21T00:28:35.530-0500][gc,heap        ] GC(16285)  Metaspace       used 49932K, capacity 52039K, committed 53632K, reserved 1093632K
[2020-12-21T00:28:35.530-0500][gc,heap        ] GC(16285)   class space    used 7422K, capacity 8193K, committed 8832K, reserved 1048576K
[2020-12-21T00:28:35.530-0500][gc,start       ] GC(16285) Pause Young (Normal) (G1 Evacuation Pause)
[2020-12-21T00:28:35.530-0500][gc,task        ] GC(16285) Using 8 workers of 8 for evacuation
[2020-12-21T00:28:35.534-0500][gc,phases      ] GC(16285)   Pre Evacuate Collection Set: 0.0ms
[2020-12-21T00:28:35.534-0500][gc,phases      ] GC(16285)   Evacuate Collection Set: 1.2ms
[2020-12-21T00:28:35.534-0500][gc,phases      ] GC(16285)   Post Evacuate Collection Set: 2.9ms
[2020-12-21T00:28:35.534-0500][gc,phases      ] GC(16285)   Other: 0.4ms
[2020-12-21T00:28:35.534-0500][gc,heap        ] GC(16285) Eden regions: 10->0(9)
[2020-12-21T00:28:35.534-0500][gc,heap        ] GC(16285) Survivor regions: 0->1(2)
[2020-12-21T00:28:35.534-0500][gc,heap        ] GC(16285) Old regions: 41->41
[2020-12-21T00:28:35.534-0500][gc,heap        ] GC(16285) Humongous regions: 4->4
[2020-12-21T00:28:35.534-0500][gc,metaspace   ] GC(16285) Metaspace: 49932K->49932K(1093632K)
[2020-12-21T00:28:35.534-0500][gc,heap        ] GC(16285) Heap after GC invocations=16286 (full 3263): garbage-first heap   total 64512K, used 43255K [0x0000000083000000, 0x0000000100000000)
[2020-12-21T00:28:35.534-0500][gc,heap        ] GC(16285)   region size 1024K, 1 young (1024K), 1 survivors (1024K)
[2020-12-21T00:28:35.534-0500][gc,heap        ] GC(16285)  Metaspace       used 49932K, capacity 52039K, committed 53632K, reserved 1093632K
[2020-12-21T00:28:35.535-0500][gc,heap        ] GC(16285)   class space    used 7422K, capacity 8193K, committed 8832K, reserved 1048576K
[2020-12-21T00:28:35.535-0500][gc             ] GC(16285) Pause Young (Normal) (G1 Evacuation Pause) 52M->42M(63M) 4.650ms
[2020-12-21T00:28:35.535-0500][gc,cpu         ] GC(16285) User=0.01s Sys=0.00s Real=0.00s
[2020-12-21T00:30:16.017-0500][gc,heap        ] GC(16286) Heap before GC invocations=16286 (full 3263): garbage-first heap   total 64512K, used 51447K [0x0000000083000000, 0x0000000100000000)
[2020-12-21T00:30:16.017-0500][gc,heap        ] GC(16286)   region size 1024K, 10 young (10240K), 1 survivors (1024K)
[2020-12-21T00:30:16.017-0500][gc,heap        ] GC(16286)  Metaspace       used 49932K, capacity 52039K, committed 53632K, reserved 1093632K
[2020-12-21T00:30:16.017-0500][gc,heap        ] GC(16286)   class space    used 7422K, capacity 8193K, committed 8832K, reserved 1048576K
[2020-12-21T00:30:16.017-0500][gc,start       ] GC(16286) Pause Young (Normal) (G1 Evacuation Pause)
[2020-12-21T00:30:16.017-0500][gc,task        ] GC(16286) Using 8 workers of 8 for evacuation
[2020-12-21T00:30:16.020-0500][gc,phases      ] GC(16286)   Pre Evacuate Collection Set: 0.0ms
[2020-12-21T00:30:16.020-0500][gc,phases      ] GC(16286)   Evacuate Collection Set: 1.0ms
[2020-12-21T00:30:16.020-0500][gc,phases      ] GC(16286)   Post Evacuate Collection Set: 2.0ms
[2020-12-21T00:30:16.020-0500][gc,phases      ] GC(16286)   Other: 0.4ms
[2020-12-21T00:30:16.020-0500][gc,heap        ] GC(16286) Eden regions: 9->0(9)
[2020-12-21T00:30:16.020-0500][gc,heap        ] GC(16286) Survivor regions: 1->1(2)
[2020-12-21T00:30:16.020-0500][gc,heap        ] GC(16286) Old regions: 41->41
[2020-12-21T00:30:16.020-0500][gc,heap        ] GC(16286) Humongous regions: 4->4
[2020-12-21T00:30:16.020-0500][gc,metaspace   ] GC(16286) Metaspace: 49932K->49932K(1093632K)
[2020-12-21T00:30:16.020-0500][gc,heap        ] GC(16286) Heap after GC invocations=16287 (full 3263): garbage-first heap   total 64512K, used 43255K [0x0000000083000000, 0x0000000100000000)
[2020-12-21T00:30:16.020-0500][gc,heap        ] GC(16286)   region size 1024K, 1 young (1024K), 1 survivors (1024K)
[2020-12-21T00:30:16.020-0500][gc,heap        ] GC(16286)  Metaspace       used 49932K, capacity 52039K, committed 53632K, reserved 1093632K
[2020-12-21T00:30:16.020-0500][gc,heap        ] GC(16286)   class space    used 7422K, capacity 8193K, committed 8832K, reserved 1048576K
[2020-12-21T00:30:16.020-0500][gc             ] GC(16286) Pause Young (Normal) (G1 Evacuation Pause) 51M->42M(63M) 3.399ms
[2020-12-21T00:30:16.020-0500][gc,cpu         ] GC(16286) User=0.01s Sys=0.01s Real=0.01s
[2020-12-21T00:31:45.189-0500][gc,task        ] GC(16287) Using 5 workers of 8 for full compaction
[2020-12-21T00:31:45.190-0500][gc,start       ] GC(16287) Pause Full (System.gc())
[2020-12-21T00:31:45.190-0500][gc,heap        ] GC(16287) Heap before GC invocations=16287 (full 3263): garbage-first heap   total 64512K, used 50423K [0x0000000083000000, 0x0000000100000000)
[2020-12-21T00:31:45.190-0500][gc,heap        ] GC(16287)   region size 1024K, 9 young (9216K), 1 survivors (1024K)
[2020-12-21T00:31:45.190-0500][gc,heap        ] GC(16287)  Metaspace       used 49932K, capacity 52039K, committed 53632K, reserved 1093632K
[2020-12-21T00:31:45.190-0500][gc,heap        ] GC(16287)   class space    used 7422K, capacity 8193K, committed 8832K, reserved 1048576K
[2020-12-21T00:31:45.190-0500][gc,phases,start] GC(16287) Phase 1: Mark live objects
[2020-12-21T00:31:45.233-0500][gc,stringtable ] GC(16287) Cleaned string and symbol table, strings: 33099 processed, 4 removed, symbols: 120816 processed, 0 removed
[2020-12-21T00:31:45.233-0500][gc,phases      ] GC(16287) Phase 1: Mark live objects 43.347ms
[2020-12-21T00:31:45.233-0500][gc,phases,start] GC(16287) Phase 2: Prepare for compaction
[2020-12-21T00:31:45.237-0500][gc,phases      ] GC(16287) Phase 2: Prepare for compaction 3.117ms
[2020-12-21T00:31:45.237-0500][gc,phases,start] GC(16287) Phase 3: Adjust pointers
[2020-12-21T00:31:45.247-0500][gc,phases      ] GC(16287) Phase 3: Adjust pointers 10.249ms
[2020-12-21T00:31:45.247-0500][gc,phases,start] GC(16287) Phase 4: Compact heap
[2020-12-21T00:31:45.250-0500][gc,phases      ] GC(16287) Phase 4: Compact heap 2.523ms
[2020-12-21T00:31:45.255-0500][gc,heap        ] GC(16287) Eden regions: 8->0(10)
[2020-12-21T00:31:45.255-0500][gc,heap        ] GC(16287) Survivor regions: 1->0(2)
[2020-12-21T00:31:45.255-0500][gc,heap        ] GC(16287) Old regions: 41->41
[2020-12-21T00:31:45.255-0500][gc,heap        ] GC(16287) Humongous regions: 4->4
[2020-12-21T00:31:45.255-0500][gc,metaspace   ] GC(16287) Metaspace: 49932K->49932K(1093632K)
[2020-12-21T00:31:45.255-0500][gc,heap        ] GC(16287) Heap after GC invocations=16288 (full 3264): garbage-first heap   total 64512K, used 43217K [0x0000000083000000, 0x0000000100000000)
[2020-12-21T00:31:45.255-0500][gc,heap        ] GC(16287)   region size 1024K, 0 young (0K), 0 survivors (0K)
[2020-12-21T00:31:45.255-0500][gc,heap        ] GC(16287)  Metaspace       used 49932K, capacity 52039K, committed 53632K, reserved 1093632K
[2020-12-21T00:31:45.255-0500][gc,heap        ] GC(16287)   class space    used 7422K, capacity 8193K, committed 8832K, reserved 1048576K
[2020-12-21T00:31:45.255-0500][gc             ] GC(16287) Pause Full (System.gc()) 49M->42M(63M) 65.853ms
[2020-12-21T00:31:45.256-0500][gc,cpu         ] GC(16287) User=0.29s Sys=0.00s Real=0.06s
[2020-12-21T00:33:36.017-0500][gc,heap        ] GC(16288) Heap before GC invocations=16288 (full 3264): garbage-first heap   total 64512K, used 52433K [0x0000000083000000, 0x0000000100000000)
[2020-12-21T00:33:36.017-0500][gc,heap        ] GC(16288)   region size 1024K, 10 young (10240K), 0 survivors (0K)
[2020-12-21T00:33:36.017-0500][gc,heap        ] GC(16288)  Metaspace       used 49932K, capacity 52039K, committed 53632K, reserved 1093632K
[2020-12-21T00:33:36.017-0500][gc,heap        ] GC(16288)   class space    used 7422K, capacity 8193K, committed 8832K, reserved 1048576K
[2020-12-21T00:33:36.017-0500][gc,start       ] GC(16288) Pause Young (Normal) (G1 Evacuation Pause)
[2020-12-21T00:33:36.017-0500][gc,task        ] GC(16288) Using 8 workers of 8 for evacuation
[2020-12-21T00:33:36.021-0500][gc,phases      ] GC(16288)   Pre Evacuate Collection Set: 0.0ms
[2020-12-21T00:33:36.022-0500][gc,phases      ] GC(16288)   Evacuate Collection Set: 1.3ms
[2020-12-21T00:33:36.022-0500][gc,phases      ] GC(16288)   Post Evacuate Collection Set: 2.6ms
[2020-12-21T00:33:36.022-0500][gc,phases      ] GC(16288)   Other: 0.4ms
[2020-12-21T00:33:36.022-0500][gc,heap        ] GC(16288) Eden regions: 10->0(9)
[2020-12-21T00:33:36.022-0500][gc,heap        ] GC(16288) Survivor regions: 0->1(2)
[2020-12-21T00:33:36.022-0500][gc,heap        ] GC(16288) Old regions: 41->41
[2020-12-21T00:33:36.022-0500][gc,heap        ] GC(16288) Humongous regions: 4->4
[2020-12-21T00:33:36.022-0500][gc,metaspace   ] GC(16288) Metaspace: 49932K->49932K(1093632K)
[2020-12-21T00:33:36.022-0500][gc,heap        ] GC(16288) Heap after GC invocations=16289 (full 3264): garbage-first heap   total 64512K, used 43268K [0x0000000083000000, 0x0000000100000000)
[2020-12-21T00:33:36.022-0500][gc,heap        ] GC(16288)   region size 1024K, 1 young (1024K), 1 survivors (1024K)
[2020-12-21T00:33:36.022-0500][gc,heap        ] GC(16288)  Metaspace       used 49932K, capacity 52039K, committed 53632K, reserved 1093632K
[2020-12-21T00:33:36.022-0500][gc,heap        ] GC(16288)   class space    used 7422K, capacity 8193K, committed 8832K, reserved 1048576K
[2020-12-21T00:33:36.022-0500][gc             ] GC(16288) Pause Young (Normal) (G1 Evacuation Pause) 52M->42M(63M) 4.558ms
[2020-12-21T00:33:36.022-0500][gc,cpu         ] GC(16288) User=0.00s Sys=0.01s Real=0.01s
[2020-12-21T00:35:26.012-0500][gc,heap        ] GC(16289) Heap before GC invocations=16289 (full 3264): garbage-first heap   total 64512K, used 51460K [0x0000000083000000, 0x0000000100000000)
[2020-12-21T00:35:26.012-0500][gc,heap        ] GC(16289)   region size 1024K, 10 young (10240K), 1 survivors (1024K)
[2020-12-21T00:35:26.012-0500][gc,heap        ] GC(16289)  Metaspace       used 49932K, capacity 52039K, committed 53632K, reserved 1093632K
[2020-12-21T00:35:26.012-0500][gc,heap        ] GC(16289)   class space    used 7422K, capacity 8193K, committed 8832K, reserved 1048576K
[2020-12-21T00:35:26.012-0500][gc,start       ] GC(16289) Pause Young (Normal) (G1 Evacuation Pause)
[2020-12-21T00:35:26.012-0500][gc,task        ] GC(16289) Using 8 workers of 8 for evacuation
[2020-12-21T00:35:26.013-0500][gc,phases      ] GC(16289)   Pre Evacuate Collection Set: 0.0ms
[2020-12-21T00:35:26.013-0500][gc,phases      ] GC(16289)   Evacuate Collection Set: 0.6ms
[2020-12-21T00:35:26.013-0500][gc,phases      ] GC(16289)   Post Evacuate Collection Set: 0.8ms
[2020-12-21T00:35:26.013-0500][gc,phases      ] GC(16289)   Other: 0.2ms
[2020-12-21T00:35:26.013-0500][gc,heap        ] GC(16289) Eden regions: 9->0(9)
[2020-12-21T00:35:26.013-0500][gc,heap        ] GC(16289) Survivor regions: 1->1(2)
[2020-12-21T00:35:26.013-0500][gc,heap        ] GC(16289) Old regions: 41->41
[2020-12-21T00:35:26.013-0500][gc,heap        ] GC(16289) Humongous regions: 4->4
[2020-12-21T00:35:26.013-0500][gc,metaspace   ] GC(16289) Metaspace: 49932K->49932K(1093632K)
[2020-12-21T00:35:26.013-0500][gc,heap        ] GC(16289) Heap after GC invocations=16290 (full 3264): garbage-first heap   total 64512K, used 43292K [0x0000000083000000, 0x0000000100000000)
[2020-12-21T00:35:26.013-0500][gc,heap        ] GC(16289)   region size 1024K, 1 young (1024K), 1 survivors (1024K)
[2020-12-21T00:35:26.013-0500][gc,heap        ] GC(16289)  Metaspace       used 49932K, capacity 52039K, committed 53632K, reserved 1093632K
[2020-12-21T00:35:26.013-0500][gc,heap        ] GC(16289)   class space    used 7422K, capacity 8193K, committed 8832K, reserved 1048576K
[2020-12-21T00:35:26.013-0500][gc             ] GC(16289) Pause Young (Normal) (G1 Evacuation Pause) 51M->42M(63M) 1.678ms
[2020-12-21T00:35:26.014-0500][gc,cpu         ] GC(16289) User=0.01s Sys=0.00s Real=0.00s
[2020-12-21T00:36:45.189-0500][gc,task        ] GC(16290) Using 5 workers of 8 for full compaction
[2020-12-21T00:36:45.189-0500][gc,start       ] GC(16290) Pause Full (System.gc())
[2020-12-21T00:36:45.189-0500][gc,heap        ] GC(16290) Heap before GC invocations=16290 (full 3264): garbage-first heap   total 64512K, used 49436K [0x0000000083000000, 0x0000000100000000)
[2020-12-21T00:36:45.189-0500][gc,heap        ] GC(16290)   region size 1024K, 8 young (8192K), 1 survivors (1024K)
[2020-12-21T00:36:45.189-0500][gc,heap        ] GC(16290)  Metaspace       used 49932K, capacity 52039K, committed 53632K, reserved 1093632K
[2020-12-21T00:36:45.189-0500][gc,heap        ] GC(16290)   class space    used 7422K, capacity 8193K, committed 8832K, reserved 1048576K
[2020-12-21T00:36:45.190-0500][gc,phases,start] GC(16290) Phase 1: Mark live objects
[2020-12-21T00:36:45.235-0500][gc,stringtable ] GC(16290) Cleaned string and symbol table, strings: 33099 processed, 4 removed, symbols: 120816 processed, 0 removed
[2020-12-21T00:36:45.235-0500][gc,phases      ] GC(16290) Phase 1: Mark live objects 45.816ms
[2020-12-21T00:36:45.235-0500][gc,phases,start] GC(16290) Phase 2: Prepare for compaction
[2020-12-21T00:36:45.239-0500][gc,phases      ] GC(16290) Phase 2: Prepare for compaction 3.238ms
[2020-12-21T00:36:45.239-0500][gc,phases,start] GC(16290) Phase 3: Adjust pointers
[2020-12-21T00:36:45.249-0500][gc,phases      ] GC(16290) Phase 3: Adjust pointers 10.100ms
[2020-12-21T00:36:45.249-0500][gc,phases,start] GC(16290) Phase 4: Compact heap
[2020-12-21T00:36:45.252-0500][gc,phases      ] GC(16290) Phase 4: Compact heap 2.589ms
[2020-12-21T00:36:45.257-0500][gc,heap        ] GC(16290) Eden regions: 7->0(9)
[2020-12-21T00:36:45.257-0500][gc,heap        ] GC(16290) Survivor regions: 1->0(2)
[2020-12-21T00:36:45.257-0500][gc,heap        ] GC(16290) Old regions: 41->42
[2020-12-21T00:36:45.257-0500][gc,heap        ] GC(16290) Humongous regions: 4->4
[2020-12-21T00:36:45.257-0500][gc,metaspace   ] GC(16290) Metaspace: 49932K->49932K(1093632K)
[2020-12-21T00:36:45.257-0500][gc,heap        ] GC(16290) Heap after GC invocations=16291 (full 3265): garbage-first heap   total 64512K, used 43214K [0x0000000083000000, 0x0000000100000000)
[2020-12-21T00:36:45.257-0500][gc,heap        ] GC(16290)   region size 1024K, 0 young (0K), 0 survivors (0K)
[2020-12-21T00:36:45.257-0500][gc,heap        ] GC(16290)  Metaspace       used 49932K, capacity 52039K, committed 53632K, reserved 1093632K
[2020-12-21T00:36:45.257-0500][gc,heap        ] GC(16290)   class space    used 7422K, capacity 8193K, committed 8832K, reserved 1048576K
[2020-12-21T00:36:45.257-0500][gc             ] GC(16290) Pause Full (System.gc()) 49M->42M(63M) 68.421ms
[2020-12-21T00:36:45.257-0500][gc,cpu         ] GC(16290) User=0.30s Sys=0.00s Real=0.06s
[2020-12-21T00:38:26.018-0500][gc,heap        ] GC(16291) Heap before GC invocations=16291 (full 3265): garbage-first heap   total 64512K, used 51406K [0x0000000083000000, 0x0000000100000000)
[2020-12-21T00:38:26.018-0500][gc,heap        ] GC(16291)   region size 1024K, 9 young (9216K), 0 survivors (0K)
[2020-12-21T00:38:26.018-0500][gc,heap        ] GC(16291)  Metaspace       used 49932K, capacity 52039K, committed 53632K, reserved 1093632K
[2020-12-21T00:38:26.018-0500][gc,heap        ] GC(16291)   class space    used 7422K, capacity 8193K, committed 8832K, reserved 1048576K
[2020-12-21T00:38:26.018-0500][gc,start       ] GC(16291) Pause Young (Normal) (G1 Evacuation Pause)
[2020-12-21T00:38:26.018-0500][gc,task        ] GC(16291) Using 8 workers of 8 for evacuation
[2020-12-21T00:38:26.022-0500][gc,phases      ] GC(16291)   Pre Evacuate Collection Set: 0.0ms
[2020-12-21T00:38:26.022-0500][gc,phases      ] GC(16291)   Evacuate Collection Set: 2.7ms
[2020-12-21T00:38:26.022-0500][gc,phases      ] GC(16291)   Post Evacuate Collection Set: 1.5ms
[2020-12-21T00:38:26.022-0500][gc,phases      ] GC(16291)   Other: 0.3ms
[2020-12-21T00:38:26.022-0500][gc,heap        ] GC(16291) Eden regions: 9->0(8)
[2020-12-21T00:38:26.022-0500][gc,heap        ] GC(16291) Survivor regions: 0->1(2)
[2020-12-21T00:38:26.022-0500][gc,heap        ] GC(16291) Old regions: 42->42
[2020-12-21T00:38:26.022-0500][gc,heap        ] GC(16291) Humongous regions: 4->4
[2020-12-21T00:38:26.022-0500][gc,metaspace   ] GC(16291) Metaspace: 49932K->49932K(1093632K)
[2020-12-21T00:38:26.022-0500][gc,heap        ] GC(16291) Heap after GC invocations=16292 (full 3265): garbage-first heap   total 64512K, used 43274K [0x0000000083000000, 0x0000000100000000)
[2020-12-21T00:38:26.022-0500][gc,heap        ] GC(16291)   region size 1024K, 1 young (1024K), 1 survivors (1024K)
[2020-12-21T00:38:26.023-0500][gc,heap        ] GC(16291)  Metaspace       used 49932K, capacity 52039K, committed 53632K, reserved 1093632K
[2020-12-21T00:38:26.023-0500][gc,heap        ] GC(16291)   class space    used 7422K, capacity 8193K, committed 8832K, reserved 1048576K
[2020-12-21T00:38:26.023-0500][gc             ] GC(16291) Pause Young (Normal) (G1 Evacuation Pause) 51M->42M(63M) 4.561ms
[2020-12-21T00:38:26.023-0500][gc,cpu         ] GC(16291) User=0.02s Sys=0.01s Real=0.00s
[2020-12-21T00:39:56.018-0500][gc,heap        ] GC(16292) Heap before GC invocations=16292 (full 3265): garbage-first heap   total 64512K, used 50442K [0x0000000083000000, 0x0000000100000000)
[2020-12-21T00:39:56.018-0500][gc,heap        ] GC(16292)   region size 1024K, 9 young (9216K), 1 survivors (1024K)
[2020-12-21T00:39:56.018-0500][gc,heap        ] GC(16292)  Metaspace       used 49932K, capacity 52039K, committed 53632K, reserved 1093632K
[2020-12-21T00:39:56.018-0500][gc,heap        ] GC(16292)   class space    used 7422K, capacity 8193K, committed 8832K, reserved 1048576K
[2020-12-21T00:39:56.018-0500][gc,start       ] GC(16292) Pause Young (Normal) (G1 Evacuation Pause)
[2020-12-21T00:39:56.018-0500][gc,task        ] GC(16292) Using 8 workers of 8 for evacuation
[2020-12-21T00:39:56.023-0500][gc,phases      ] GC(16292)   Pre Evacuate Collection Set: 0.0ms
[2020-12-21T00:39:56.023-0500][gc,phases      ] GC(16292)   Evacuate Collection Set: 1.1ms
[2020-12-21T00:39:56.023-0500][gc,phases      ] GC(16292)   Post Evacuate Collection Set: 4.0ms
[2020-12-21T00:39:56.023-0500][gc,phases      ] GC(16292)   Other: 0.3ms
[2020-12-21T00:39:56.023-0500][gc,heap        ] GC(16292) Eden regions: 8->0(8)
[2020-12-21T00:39:56.023-0500][gc,heap        ] GC(16292) Survivor regions: 1->1(2)
[2020-12-21T00:39:56.023-0500][gc,heap        ] GC(16292) Old regions: 42->42
[2020-12-21T00:39:56.023-0500][gc,heap        ] GC(16292) Humongous regions: 4->4
[2020-12-21T00:39:56.023-0500][gc,metaspace   ] GC(16292) Metaspace: 49932K->49932K(1093632K)
[2020-12-21T00:39:56.023-0500][gc,heap        ] GC(16292) Heap after GC invocations=16293 (full 3265): garbage-first heap   total 64512K, used 43258K [0x0000000083000000, 0x0000000100000000)
[2020-12-21T00:39:56.023-0500][gc,heap        ] GC(16292)   region size 1024K, 1 young (1024K), 1 survivors (1024K)
[2020-12-21T00:39:56.023-0500][gc,heap        ] GC(16292)  Metaspace       used 49932K, capacity 52039K, committed 53632K, reserved 1093632K
[2020-12-21T00:39:56.023-0500][gc,heap        ] GC(16292)   class space    used 7422K, capacity 8193K, committed 8832K, reserved 1048576K
[2020-12-21T00:39:56.023-0500][gc             ] GC(16292) Pause Young (Normal) (G1 Evacuation Pause) 50M->42M(63M) 5.406ms
[2020-12-21T00:39:56.023-0500][gc,cpu         ] GC(16292) User=0.03s Sys=0.00s Real=0.00s
[2020-12-21T00:41:26.012-0500][gc,heap        ] GC(16293) Heap before GC invocations=16293 (full 3265): garbage-first heap   total 64512K, used 50426K [0x0000000083000000, 0x0000000100000000)
[2020-12-21T00:41:26.012-0500][gc,heap        ] GC(16293)   region size 1024K, 9 young (9216K), 1 survivors (1024K)
[2020-12-21T00:41:26.012-0500][gc,heap        ] GC(16293)  Metaspace       used 49932K, capacity 52039K, committed 53632K, reserved 1093632K
[2020-12-21T00:41:26.012-0500][gc,heap        ] GC(16293)   class space    used 7422K, capacity 8193K, committed 8832K, reserved 1048576K
[2020-12-21T00:41:26.012-0500][gc,start       ] GC(16293) Pause Young (Normal) (G1 Evacuation Pause)
[2020-12-21T00:41:26.012-0500][gc,task        ] GC(16293) Using 8 workers of 8 for evacuation
[2020-12-21T00:41:26.017-0500][gc,phases      ] GC(16293)   Pre Evacuate Collection Set: 0.0ms
[2020-12-21T00:41:26.017-0500][gc,phases      ] GC(16293)   Evacuate Collection Set: 1.1ms
[2020-12-21T00:41:26.017-0500][gc,phases      ] GC(16293)   Post Evacuate Collection Set: 3.2ms
[2020-12-21T00:41:26.017-0500][gc,phases      ] GC(16293)   Other: 0.2ms
[2020-12-21T00:41:26.017-0500][gc,heap        ] GC(16293) Eden regions: 8->0(8)
[2020-12-21T00:41:26.017-0500][gc,heap        ] GC(16293) Survivor regions: 1->1(2)
[2020-12-21T00:41:26.017-0500][gc,heap        ] GC(16293) Old regions: 42->42
[2020-12-21T00:41:26.017-0500][gc,heap        ] GC(16293) Humongous regions: 4->4
[2020-12-21T00:41:26.017-0500][gc,metaspace   ] GC(16293) Metaspace: 49932K->49932K(1093632K)
[2020-12-21T00:41:26.017-0500][gc,heap        ] GC(16293) Heap after GC invocations=16294 (full 3265): garbage-first heap   total 64512K, used 43289K [0x0000000083000000, 0x0000000100000000)
[2020-12-21T00:41:26.017-0500][gc,heap        ] GC(16293)   region size 1024K, 1 young (1024K), 1 survivors (1024K)
[2020-12-21T00:41:26.017-0500][gc,heap        ] GC(16293)  Metaspace       used 49932K, capacity 52039K, committed 53632K, reserved 1093632K
[2020-12-21T00:41:26.017-0500][gc,heap        ] GC(16293)   class space    used 7422K, capacity 8193K, committed 8832K, reserved 1048576K
[2020-12-21T00:41:26.017-0500][gc             ] GC(16293) Pause Young (Normal) (G1 Evacuation Pause) 50M->42M(63M) 4.717ms
[2020-12-21T00:41:26.017-0500][gc,cpu         ] GC(16293) User=0.02s Sys=0.00s Real=0.00s
[2020-12-21T00:41:45.191-0500][gc,task        ] GC(16294) Using 5 workers of 8 for full compaction
[2020-12-21T00:41:45.192-0500][gc,start       ] GC(16294) Pause Full (System.gc())
[2020-12-21T00:41:45.192-0500][gc,heap        ] GC(16294) Heap before GC invocations=16294 (full 3265): garbage-first heap   total 64512K, used 44313K [0x0000000083000000, 0x0000000100000000)
[2020-12-21T00:41:45.192-0500][gc,heap        ] GC(16294)   region size 1024K, 3 young (3072K), 1 survivors (1024K)
[2020-12-21T00:41:45.192-0500][gc,heap        ] GC(16294)  Metaspace       used 49932K, capacity 52039K, committed 53632K, reserved 1093632K
[2020-12-21T00:41:45.192-0500][gc,heap        ] GC(16294)   class space    used 7422K, capacity 8193K, committed 8832K, reserved 1048576K
[2020-12-21T00:41:45.192-0500][gc,phases,start] GC(16294) Phase 1: Mark live objects
[2020-12-21T00:41:45.238-0500][gc,stringtable ] GC(16294) Cleaned string and symbol table, strings: 33099 processed, 4 removed, symbols: 120816 processed, 0 removed
[2020-12-21T00:41:45.238-0500][gc,phases      ] GC(16294) Phase 1: Mark live objects 45.587ms
[2020-12-21T00:41:45.238-0500][gc,phases,start] GC(16294) Phase 2: Prepare for compaction
[2020-12-21T00:41:45.241-0500][gc,phases      ] GC(16294) Phase 2: Prepare for compaction 3.080ms
[2020-12-21T00:41:45.241-0500][gc,phases,start] GC(16294) Phase 3: Adjust pointers
[2020-12-21T00:41:45.252-0500][gc,phases      ] GC(16294) Phase 3: Adjust pointers 11.165ms
[2020-12-21T00:41:45.252-0500][gc,phases,start] GC(16294) Phase 4: Compact heap
[2020-12-21T00:41:45.255-0500][gc,phases      ] GC(16294) Phase 4: Compact heap 2.466ms
[2020-12-21T00:41:45.260-0500][gc,heap        ] GC(16294) Eden regions: 2->0(10)
[2020-12-21T00:41:45.260-0500][gc,heap        ] GC(16294) Survivor regions: 1->0(2)
[2020-12-21T00:41:45.260-0500][gc,heap        ] GC(16294) Old regions: 42->41
[2020-12-21T00:41:45.260-0500][gc,heap        ] GC(16294) Humongous regions: 4->4
[2020-12-21T00:41:45.260-0500][gc,metaspace   ] GC(16294) Metaspace: 49932K->49932K(1093632K)
[2020-12-21T00:41:45.260-0500][gc,heap        ] GC(16294) Heap after GC invocations=16295 (full 3266): garbage-first heap   total 64512K, used 43198K [0x0000000083000000, 0x0000000100000000)
[2020-12-21T00:41:45.260-0500][gc,heap        ] GC(16294)   region size 1024K, 0 young (0K), 0 survivors (0K)
[2020-12-21T00:41:45.260-0500][gc,heap        ] GC(16294)  Metaspace       used 49932K, capacity 52039K, committed 53632K, reserved 1093632K
[2020-12-21T00:41:45.260-0500][gc,heap        ] GC(16294)   class space    used 7422K, capacity 8193K, committed 8832K, reserved 1048576K
[2020-12-21T00:41:45.260-0500][gc             ] GC(16294) Pause Full (System.gc()) 43M->42M(63M) 68.766ms
[2020-12-21T00:41:45.260-0500][gc,cpu         ] GC(16294) User=0.30s Sys=0.00s Real=0.07s
[2020-12-21T00:43:36.014-0500][gc,heap        ] GC(16295) Heap before GC invocations=16295 (full 3266): garbage-first heap   total 64512K, used 52414K [0x0000000083000000, 0x0000000100000000)
[2020-12-21T00:43:36.015-0500][gc,heap        ] GC(16295)   region size 1024K, 10 young (10240K), 0 survivors (0K)
[2020-12-21T00:43:36.015-0500][gc,heap        ] GC(16295)  Metaspace       used 49932K, capacity 52039K, committed 53632K, reserved 1093632K
[2020-12-21T00:43:36.015-0500][gc,heap        ] GC(16295)   class space    used 7422K, capacity 8193K, committed 8832K, reserved 1048576K
[2020-12-21T00:43:36.015-0500][gc,start       ] GC(16295) Pause Young (Normal) (G1 Evacuation Pause)
[2020-12-21T00:43:36.015-0500][gc,task        ] GC(16295) Using 8 workers of 8 for evacuation
[2020-12-21T00:43:36.019-0500][gc,phases      ] GC(16295)   Pre Evacuate Collection Set: 0.0ms
[2020-12-21T00:43:36.019-0500][gc,phases      ] GC(16295)   Evacuate Collection Set: 1.4ms
[2020-12-21T00:43:36.019-0500][gc,phases      ] GC(16295)   Post Evacuate Collection Set: 2.5ms
[2020-12-21T00:43:36.019-0500][gc,phases      ] GC(16295)   Other: 0.6ms
[2020-12-21T00:43:36.019-0500][gc,heap        ] GC(16295) Eden regions: 10->0(9)
[2020-12-21T00:43:36.019-0500][gc,heap        ] GC(16295) Survivor regions: 0->1(2)
[2020-12-21T00:43:36.019-0500][gc,heap        ] GC(16295) Old regions: 41->41
[2020-12-21T00:43:36.019-0500][gc,heap        ] GC(16295) Humongous regions: 4->4
[2020-12-21T00:43:36.019-0500][gc,metaspace   ] GC(16295) Metaspace: 49932K->49932K(1093632K)
[2020-12-21T00:43:36.019-0500][gc,heap        ] GC(16295) Heap after GC invocations=16296 (full 3266): garbage-first heap   total 64512K, used 43277K [0x0000000083000000, 0x0000000100000000)
[2020-12-21T00:43:36.019-0500][gc,heap        ] GC(16295)   region size 1024K, 1 young (1024K), 1 survivors (1024K)
[2020-12-21T00:43:36.019-0500][gc,heap        ] GC(16295)  Metaspace       used 49932K, capacity 52039K, committed 53632K, reserved 1093632K
[2020-12-21T00:43:36.019-0500][gc,heap        ] GC(16295)   class space    used 7422K, capacity 8193K, committed 8832K, reserved 1048576K
[2020-12-21T00:43:36.019-0500][gc             ] GC(16295) Pause Young (Normal) (G1 Evacuation Pause) 52M->42M(63M) 4.572ms
[2020-12-21T00:43:36.020-0500][gc,cpu         ] GC(16295) User=0.01s Sys=0.00s Real=0.01s
[2020-12-21T00:45:16.015-0500][gc,heap        ] GC(16296) Heap before GC invocations=16296 (full 3266): garbage-first heap   total 64512K, used 51469K [0x0000000083000000, 0x0000000100000000)
[2020-12-21T00:45:16.015-0500][gc,heap        ] GC(16296)   region size 1024K, 10 young (10240K), 1 survivors (1024K)
[2020-12-21T00:45:16.015-0500][gc,heap        ] GC(16296)  Metaspace       used 49932K, capacity 52039K, committed 53632K, reserved 1093632K
[2020-12-21T00:45:16.015-0500][gc,heap        ] GC(16296)   class space    used 7422K, capacity 8193K, committed 8832K, reserved 1048576K
[2020-12-21T00:45:16.016-0500][gc,start       ] GC(16296) Pause Young (Normal) (G1 Evacuation Pause)
[2020-12-21T00:45:16.016-0500][gc,task        ] GC(16296) Using 8 workers of 8 for evacuation
[2020-12-21T00:45:16.020-0500][gc,phases      ] GC(16296)   Pre Evacuate Collection Set: 0.0ms
[2020-12-21T00:45:16.020-0500][gc,phases      ] GC(16296)   Evacuate Collection Set: 2.2ms
[2020-12-21T00:45:16.020-0500][gc,phases      ] GC(16296)   Post Evacuate Collection Set: 2.3ms
[2020-12-21T00:45:16.020-0500][gc,phases      ] GC(16296)   Other: 0.5ms
[2020-12-21T00:45:16.020-0500][gc,heap        ] GC(16296) Eden regions: 9->0(9)
[2020-12-21T00:45:16.020-0500][gc,heap        ] GC(16296) Survivor regions: 1->1(2)
[2020-12-21T00:45:16.021-0500][gc,heap        ] GC(16296) Old regions: 41->41
[2020-12-21T00:45:16.021-0500][gc,heap        ] GC(16296) Humongous regions: 4->4
[2020-12-21T00:45:16.021-0500][gc,metaspace   ] GC(16296) Metaspace: 49932K->49932K(1093632K)
[2020-12-21T00:45:16.021-0500][gc,heap        ] GC(16296) Heap after GC invocations=16297 (full 3266): garbage-first heap   total 64512K, used 43269K [0x0000000083000000, 0x0000000100000000)
[2020-12-21T00:45:16.021-0500][gc,heap        ] GC(16296)   region size 1024K, 1 young (1024K), 1 survivors (1024K)
[2020-12-21T00:45:16.021-0500][gc,heap        ] GC(16296)  Metaspace       used 49932K, capacity 52039K, committed 53632K, reserved 1093632K
[2020-12-21T00:45:16.021-0500][gc,heap        ] GC(16296)   class space    used 7422K, capacity 8193K, committed 8832K, reserved 1048576K
[2020-12-21T00:45:16.021-0500][gc             ] GC(16296) Pause Young (Normal) (G1 Evacuation Pause) 51M->42M(63M) 5.137ms
[2020-12-21T00:45:16.021-0500][gc,cpu         ] GC(16296) User=0.01s Sys=0.01s Real=0.01s
[2020-12-21T00:46:45.192-0500][gc,task        ] GC(16297) Using 5 workers of 8 for full compaction
[2020-12-21T00:46:45.192-0500][gc,start       ] GC(16297) Pause Full (System.gc())
[2020-12-21T00:46:45.192-0500][gc,heap        ] GC(16297) Heap before GC invocations=16297 (full 3266): garbage-first heap   total 64512K, used 49413K [0x0000000083000000, 0x0000000100000000)
[2020-12-21T00:46:45.192-0500][gc,heap        ] GC(16297)   region size 1024K, 9 young (9216K), 1 survivors (1024K)
[2020-12-21T00:46:45.193-0500][gc,heap        ] GC(16297)  Metaspace       used 49932K, capacity 52039K, committed 53632K, reserved 1093632K
[2020-12-21T00:46:45.193-0500][gc,heap        ] GC(16297)   class space    used 7422K, capacity 8193K, committed 8832K, reserved 1048576K
[2020-12-21T00:46:45.193-0500][gc,phases,start] GC(16297) Phase 1: Mark live objects
[2020-12-21T00:46:45.240-0500][gc,stringtable ] GC(16297) Cleaned string and symbol table, strings: 33099 processed, 4 removed, symbols: 120816 processed, 0 removed
[2020-12-21T00:46:45.240-0500][gc,phases      ] GC(16297) Phase 1: Mark live objects 47.104ms
[2020-12-21T00:46:45.240-0500][gc,phases,start] GC(16297) Phase 2: Prepare for compaction
[2020-12-21T00:46:45.244-0500][gc,phases      ] GC(16297) Phase 2: Prepare for compaction 4.159ms
[2020-12-21T00:46:45.244-0500][gc,phases,start] GC(16297) Phase 3: Adjust pointers
[2020-12-21T00:46:45.255-0500][gc,phases      ] GC(16297) Phase 3: Adjust pointers 10.666ms
[2020-12-21T00:46:45.255-0500][gc,phases,start] GC(16297) Phase 4: Compact heap
[2020-12-21T00:46:45.258-0500][gc,phases      ] GC(16297) Phase 4: Compact heap 3.095ms
[2020-12-21T00:46:45.264-0500][gc,heap        ] GC(16297) Eden regions: 8->0(9)
[2020-12-21T00:46:45.264-0500][gc,heap        ] GC(16297) Survivor regions: 1->0(2)
[2020-12-21T00:46:45.264-0500][gc,heap        ] GC(16297) Old regions: 41->42
[2020-12-21T00:46:45.264-0500][gc,heap        ] GC(16297) Humongous regions: 4->4
[2020-12-21T00:46:45.264-0500][gc,metaspace   ] GC(16297) Metaspace: 49932K->49932K(1093632K)
[2020-12-21T00:46:45.264-0500][gc,heap        ] GC(16297) Heap after GC invocations=16298 (full 3267): garbage-first heap   total 64512K, used 43218K [0x0000000083000000, 0x0000000100000000)
[2020-12-21T00:46:45.264-0500][gc,heap        ] GC(16297)   region size 1024K, 0 young (0K), 0 survivors (0K)
[2020-12-21T00:46:45.264-0500][gc,heap        ] GC(16297)  Metaspace       used 49932K, capacity 52039K, committed 53632K, reserved 1093632K
[2020-12-21T00:46:45.264-0500][gc,heap        ] GC(16297)   class space    used 7422K, capacity 8193K, committed 8832K, reserved 1048576K
[2020-12-21T00:46:45.264-0500][gc             ] GC(16297) Pause Full (System.gc()) 49M->42M(63M) 71.511ms
[2020-12-21T00:46:45.264-0500][gc,cpu         ] GC(16297) User=0.30s Sys=0.00s Real=0.07s
[2020-12-21T00:48:26.018-0500][gc,heap        ] GC(16298) Heap before GC invocations=16298 (full 3267): garbage-first heap   total 64512K, used 51410K [0x0000000083000000, 0x0000000100000000)
[2020-12-21T00:48:26.018-0500][gc,heap        ] GC(16298)   region size 1024K, 9 young (9216K), 0 survivors (0K)
[2020-12-21T00:48:26.018-0500][gc,heap        ] GC(16298)  Metaspace       used 49932K, capacity 52039K, committed 53632K, reserved 1093632K
[2020-12-21T00:48:26.018-0500][gc,heap        ] GC(16298)   class space    used 7422K, capacity 8193K, committed 8832K, reserved 1048576K
[2020-12-21T00:48:26.018-0500][gc,start       ] GC(16298) Pause Young (Normal) (G1 Evacuation Pause)
[2020-12-21T00:48:26.018-0500][gc,task        ] GC(16298) Using 8 workers of 8 for evacuation
[2020-12-21T00:48:26.023-0500][gc,phases      ] GC(16298)   Pre Evacuate Collection Set: 0.0ms
[2020-12-21T00:48:26.023-0500][gc,phases      ] GC(16298)   Evacuate Collection Set: 2.4ms
[2020-12-21T00:48:26.023-0500][gc,phases      ] GC(16298)   Post Evacuate Collection Set: 2.0ms
[2020-12-21T00:48:26.023-0500][gc,phases      ] GC(16298)   Other: 0.5ms
[2020-12-21T00:48:26.023-0500][gc,heap        ] GC(16298) Eden regions: 9->0(8)
[2020-12-21T00:48:26.023-0500][gc,heap        ] GC(16298) Survivor regions: 0->1(2)
[2020-12-21T00:48:26.023-0500][gc,heap        ] GC(16298) Old regions: 42->42
[2020-12-21T00:48:26.023-0500][gc,heap        ] GC(16298) Humongous regions: 4->4
[2020-12-21T00:48:26.023-0500][gc,metaspace   ] GC(16298) Metaspace: 49932K->49932K(1093632K)
[2020-12-21T00:48:26.023-0500][gc,heap        ] GC(16298) Heap after GC invocations=16299 (full 3267): garbage-first heap   total 64512K, used 43296K [0x0000000083000000, 0x0000000100000000)
[2020-12-21T00:48:26.023-0500][gc,heap        ] GC(16298)   region size 1024K, 1 young (1024K), 1 survivors (1024K)
[2020-12-21T00:48:26.023-0500][gc,heap        ] GC(16298)  Metaspace       used 49932K, capacity 52039K, committed 53632K, reserved 1093632K
[2020-12-21T00:48:26.023-0500][gc,heap        ] GC(16298)   class space    used 7422K, capacity 8193K, committed 8832K, reserved 1048576K
[2020-12-21T00:48:26.023-0500][gc             ] GC(16298) Pause Young (Normal) (G1 Evacuation Pause) 51M->42M(63M) 5.233ms
[2020-12-21T00:48:26.023-0500][gc,cpu         ] GC(16298) User=0.02s Sys=0.00s Real=0.00s
[2020-12-21T00:50:01.108-0500][gc,heap        ] GC(16299) Heap before GC invocations=16299 (full 3267): garbage-first heap   total 64512K, used 50464K [0x0000000083000000, 0x0000000100000000)
[2020-12-21T00:50:01.108-0500][gc,heap        ] GC(16299)   region size 1024K, 9 young (9216K), 1 survivors (1024K)
[2020-12-21T00:50:01.108-0500][gc,heap        ] GC(16299)  Metaspace       used 49932K, capacity 52039K, committed 53632K, reserved 1093632K
[2020-12-21T00:50:01.108-0500][gc,heap        ] GC(16299)   class space    used 7422K, capacity 8193K, committed 8832K, reserved 1048576K
[2020-12-21T00:50:01.108-0500][gc,start       ] GC(16299) Pause Young (Normal) (G1 Evacuation Pause)
[2020-12-21T00:50:01.108-0500][gc,task        ] GC(16299) Using 8 workers of 8 for evacuation
[2020-12-21T00:50:01.111-0500][gc,phases      ] GC(16299)   Pre Evacuate Collection Set: 0.0ms
[2020-12-21T00:50:01.111-0500][gc,phases      ] GC(16299)   Evacuate Collection Set: 0.9ms
[2020-12-21T00:50:01.111-0500][gc,phases      ] GC(16299)   Post Evacuate Collection Set: 1.4ms
[2020-12-21T00:50:01.111-0500][gc,phases      ] GC(16299)   Other: 0.3ms
[2020-12-21T00:50:01.111-0500][gc,heap        ] GC(16299) Eden regions: 8->0(8)
[2020-12-21T00:50:01.111-0500][gc,heap        ] GC(16299) Survivor regions: 1->1(2)
[2020-12-21T00:50:01.111-0500][gc,heap        ] GC(16299) Old regions: 42->42
[2020-12-21T00:50:01.111-0500][gc,heap        ] GC(16299) Humongous regions: 4->4
[2020-12-21T00:50:01.111-0500][gc,metaspace   ] GC(16299) Metaspace: 49932K->49932K(1093632K)
[2020-12-21T00:50:01.111-0500][gc,heap        ] GC(16299) Heap after GC invocations=16300 (full 3267): garbage-first heap   total 64512K, used 43263K [0x0000000083000000, 0x0000000100000000)
[2020-12-21T00:50:01.111-0500][gc,heap        ] GC(16299)   region size 1024K, 1 young (1024K), 1 survivors (1024K)
[2020-12-21T00:50:01.111-0500][gc,heap        ] GC(16299)  Metaspace       used 49932K, capacity 52039K, committed 53632K, reserved 1093632K
[2020-12-21T00:50:01.111-0500][gc,heap        ] GC(16299)   class space    used 7422K, capacity 8193K, committed 8832K, reserved 1048576K
[2020-12-21T00:50:01.111-0500][gc             ] GC(16299) Pause Young (Normal) (G1 Evacuation Pause) 50M->42M(63M) 2.648ms
[2020-12-21T00:50:01.111-0500][gc,cpu         ] GC(16299) User=0.00s Sys=0.01s Real=0.00s
[2020-12-21T00:51:36.014-0500][gc,heap        ] GC(16300) Heap before GC invocations=16300 (full 3267): garbage-first heap   total 64512K, used 50431K [0x0000000083000000, 0x0000000100000000)
[2020-12-21T00:51:36.014-0500][gc,heap        ] GC(16300)   region size 1024K, 9 young (9216K), 1 survivors (1024K)
[2020-12-21T00:51:36.014-0500][gc,heap        ] GC(16300)  Metaspace       used 49932K, capacity 52039K, committed 53632K, reserved 1093632K
[2020-12-21T00:51:36.014-0500][gc,heap        ] GC(16300)   class space    used 7422K, capacity 8193K, committed 8832K, reserved 1048576K
[2020-12-21T00:51:36.014-0500][gc,start       ] GC(16300) Pause Young (Normal) (G1 Evacuation Pause)
[2020-12-21T00:51:36.014-0500][gc,task        ] GC(16300) Using 8 workers of 8 for evacuation
[2020-12-21T00:51:36.019-0500][gc,phases      ] GC(16300)   Pre Evacuate Collection Set: 0.0ms
[2020-12-21T00:51:36.019-0500][gc,phases      ] GC(16300)   Evacuate Collection Set: 2.1ms
[2020-12-21T00:51:36.019-0500][gc,phases      ] GC(16300)   Post Evacuate Collection Set: 2.3ms
[2020-12-21T00:51:36.019-0500][gc,phases      ] GC(16300)   Other: 0.5ms
[2020-12-21T00:51:36.019-0500][gc,heap        ] GC(16300) Eden regions: 8->0(8)
[2020-12-21T00:51:36.019-0500][gc,heap        ] GC(16300) Survivor regions: 1->1(2)
[2020-12-21T00:51:36.019-0500][gc,heap        ] GC(16300) Old regions: 42->42
[2020-12-21T00:51:36.019-0500][gc,heap        ] GC(16300) Humongous regions: 4->4
[2020-12-21T00:51:36.019-0500][gc,metaspace   ] GC(16300) Metaspace: 49932K->49932K(1093632K)
[2020-12-21T00:51:36.019-0500][gc,heap        ] GC(16300) Heap after GC invocations=16301 (full 3267): garbage-first heap   total 64512K, used 43263K [0x0000000083000000, 0x0000000100000000)
[2020-12-21T00:51:36.019-0500][gc,heap        ] GC(16300)   region size 1024K, 1 young (1024K), 1 survivors (1024K)
[2020-12-21T00:51:36.019-0500][gc,heap        ] GC(16300)  Metaspace       used 49932K, capacity 52039K, committed 53632K, reserved 1093632K
[2020-12-21T00:51:36.019-0500][gc,heap        ] GC(16300)   class space    used 7422K, capacity 8193K, committed 8832K, reserved 1048576K
[2020-12-21T00:51:36.019-0500][gc             ] GC(16300) Pause Young (Normal) (G1 Evacuation Pause) 50M->42M(63M) 5.047ms
[2020-12-21T00:51:36.020-0500][gc,cpu         ] GC(16300) User=0.01s Sys=0.01s Real=0.01s
[2020-12-21T00:51:45.190-0500][gc,task        ] GC(16301) Using 5 workers of 8 for full compaction
[2020-12-21T00:51:45.190-0500][gc,start       ] GC(16301) Pause Full (System.gc())
[2020-12-21T00:51:45.190-0500][gc,heap        ] GC(16301) Heap before GC invocations=16301 (full 3267): garbage-first heap   total 64512K, used 44287K [0x0000000083000000, 0x0000000100000000)
[2020-12-21T00:51:45.190-0500][gc,heap        ] GC(16301)   region size 1024K, 3 young (3072K), 1 survivors (1024K)
[2020-12-21T00:51:45.190-0500][gc,heap        ] GC(16301)  Metaspace       used 49932K, capacity 52039K, committed 53632K, reserved 1093632K
[2020-12-21T00:51:45.190-0500][gc,heap        ] GC(16301)   class space    used 7422K, capacity 8193K, committed 8832K, reserved 1048576K
[2020-12-21T00:51:45.191-0500][gc,phases,start] GC(16301) Phase 1: Mark live objects
[2020-12-21T00:51:45.239-0500][gc,stringtable ] GC(16301) Cleaned string and symbol table, strings: 33099 processed, 4 removed, symbols: 120816 processed, 0 removed
[2020-12-21T00:51:45.239-0500][gc,phases      ] GC(16301) Phase 1: Mark live objects 48.109ms
[2020-12-21T00:51:45.239-0500][gc,phases,start] GC(16301) Phase 2: Prepare for compaction
[2020-12-21T00:51:45.242-0500][gc,phases      ] GC(16301) Phase 2: Prepare for compaction 3.474ms
[2020-12-21T00:51:45.243-0500][gc,phases,start] GC(16301) Phase 3: Adjust pointers
[2020-12-21T00:51:45.253-0500][gc,phases      ] GC(16301) Phase 3: Adjust pointers 10.143ms
[2020-12-21T00:51:45.253-0500][gc,phases,start] GC(16301) Phase 4: Compact heap
[2020-12-21T00:51:45.256-0500][gc,phases      ] GC(16301) Phase 4: Compact heap 2.974ms
[2020-12-21T00:51:45.261-0500][gc,heap        ] GC(16301) Eden regions: 2->0(10)
[2020-12-21T00:51:45.261-0500][gc,heap        ] GC(16301) Survivor regions: 1->0(2)
[2020-12-21T00:51:45.262-0500][gc,heap        ] GC(16301) Old regions: 42->41
[2020-12-21T00:51:45.262-0500][gc,heap        ] GC(16301) Humongous regions: 4->4
[2020-12-21T00:51:45.262-0500][gc,metaspace   ] GC(16301) Metaspace: 49932K->49932K(1093632K)
[2020-12-21T00:51:45.262-0500][gc,heap        ] GC(16301) Heap after GC invocations=16302 (full 3268): garbage-first heap   total 64512K, used 43196K [0x0000000083000000, 0x0000000100000000)
[2020-12-21T00:51:45.262-0500][gc,heap        ] GC(16301)   region size 1024K, 0 young (0K), 0 survivors (0K)
[2020-12-21T00:51:45.262-0500][gc,heap        ] GC(16301)  Metaspace       used 49932K, capacity 52039K, committed 53632K, reserved 1093632K
[2020-12-21T00:51:45.262-0500][gc,heap        ] GC(16301)   class space    used 7422K, capacity 8193K, committed 8832K, reserved 1048576K
[2020-12-21T00:51:45.262-0500][gc             ] GC(16301) Pause Full (System.gc()) 43M->42M(63M) 71.258ms
[2020-12-21T00:51:45.262-0500][gc,cpu         ] GC(16301) User=0.29s Sys=0.00s Real=0.07s
[2020-12-21T00:53:37.606-0500][gc,heap        ] GC(16302) Heap before GC invocations=16302 (full 3268): garbage-first heap   total 64512K, used 52412K [0x0000000083000000, 0x0000000100000000)
[2020-12-21T00:53:37.606-0500][gc,heap        ] GC(16302)   region size 1024K, 10 young (10240K), 0 survivors (0K)
[2020-12-21T00:53:37.606-0500][gc,heap        ] GC(16302)  Metaspace       used 49932K, capacity 52039K, committed 53632K, reserved 1093632K
[2020-12-21T00:53:37.606-0500][gc,heap        ] GC(16302)   class space    used 7422K, capacity 8193K, committed 8832K, reserved 1048576K
[2020-12-21T00:53:37.606-0500][gc,start       ] GC(16302) Pause Young (Normal) (G1 Evacuation Pause)
[2020-12-21T00:53:37.606-0500][gc,task        ] GC(16302) Using 8 workers of 8 for evacuation
[2020-12-21T00:53:37.608-0500][gc,phases      ] GC(16302)   Pre Evacuate Collection Set: 0.0ms
[2020-12-21T00:53:37.608-0500][gc,phases      ] GC(16302)   Evacuate Collection Set: 0.6ms
[2020-12-21T00:53:37.608-0500][gc,phases      ] GC(16302)   Post Evacuate Collection Set: 0.8ms
[2020-12-21T00:53:37.608-0500][gc,phases      ] GC(16302)   Other: 0.2ms
[2020-12-21T00:53:37.608-0500][gc,heap        ] GC(16302) Eden regions: 10->0(9)
[2020-12-21T00:53:37.608-0500][gc,heap        ] GC(16302) Survivor regions: 0->1(2)
[2020-12-21T00:53:37.608-0500][gc,heap        ] GC(16302) Old regions: 41->41
[2020-12-21T00:53:37.608-0500][gc,heap        ] GC(16302) Humongous regions: 4->4
[2020-12-21T00:53:37.608-0500][gc,metaspace   ] GC(16302) Metaspace: 49932K->49932K(1093632K)
[2020-12-21T00:53:37.608-0500][gc,heap        ] GC(16302) Heap after GC invocations=16303 (full 3268): garbage-first heap   total 64512K, used 43361K [0x0000000083000000, 0x0000000100000000)
[2020-12-21T00:53:37.608-0500][gc,heap        ] GC(16302)   region size 1024K, 1 young (1024K), 1 survivors (1024K)
[2020-12-21T00:53:37.608-0500][gc,heap        ] GC(16302)  Metaspace       used 49932K, capacity 52039K, committed 53632K, reserved 1093632K
[2020-12-21T00:53:37.608-0500][gc,heap        ] GC(16302)   class space    used 7422K, capacity 8193K, committed 8832K, reserved 1048576K
[2020-12-21T00:53:37.608-0500][gc             ] GC(16302) Pause Young (Normal) (G1 Evacuation Pause) 52M->42M(63M) 1.647ms
[2020-12-21T00:53:37.608-0500][gc,cpu         ] GC(16302) User=0.00s Sys=0.01s Real=0.01s
[2020-12-21T00:55:26.013-0500][gc,heap        ] GC(16303) Heap before GC invocations=16303 (full 3268): garbage-first heap   total 64512K, used 51553K [0x0000000083000000, 0x0000000100000000)
[2020-12-21T00:55:26.013-0500][gc,heap        ] GC(16303)   region size 1024K, 10 young (10240K), 1 survivors (1024K)
[2020-12-21T00:55:26.013-0500][gc,heap        ] GC(16303)  Metaspace       used 49932K, capacity 52039K, committed 53632K, reserved 1093632K
[2020-12-21T00:55:26.013-0500][gc,heap        ] GC(16303)   class space    used 7422K, capacity 8193K, committed 8832K, reserved 1048576K
[2020-12-21T00:55:26.013-0500][gc,start       ] GC(16303) Pause Young (Normal) (G1 Evacuation Pause)
[2020-12-21T00:55:26.013-0500][gc,task        ] GC(16303) Using 8 workers of 8 for evacuation
[2020-12-21T00:55:26.016-0500][gc,phases      ] GC(16303)   Pre Evacuate Collection Set: 0.0ms
[2020-12-21T00:55:26.016-0500][gc,phases      ] GC(16303)   Evacuate Collection Set: 1.8ms
[2020-12-21T00:55:26.016-0500][gc,phases      ] GC(16303)   Post Evacuate Collection Set: 1.5ms
[2020-12-21T00:55:26.016-0500][gc,phases      ] GC(16303)   Other: 0.3ms
[2020-12-21T00:55:26.016-0500][gc,heap        ] GC(16303) Eden regions: 9->0(9)
[2020-12-21T00:55:26.016-0500][gc,heap        ] GC(16303) Survivor regions: 1->1(2)
[2020-12-21T00:55:26.017-0500][gc,heap        ] GC(16303) Old regions: 41->41
[2020-12-21T00:55:26.017-0500][gc,heap        ] GC(16303) Humongous regions: 4->4
[2020-12-21T00:55:26.017-0500][gc,metaspace   ] GC(16303) Metaspace: 49932K->49932K(1093632K)
[2020-12-21T00:55:26.017-0500][gc,heap        ] GC(16303) Heap after GC invocations=16304 (full 3268): garbage-first heap   total 64512K, used 43245K [0x0000000083000000, 0x0000000100000000)
[2020-12-21T00:55:26.017-0500][gc,heap        ] GC(16303)   region size 1024K, 1 young (1024K), 1 survivors (1024K)
[2020-12-21T00:55:26.017-0500][gc,heap        ] GC(16303)  Metaspace       used 49932K, capacity 52039K, committed 53632K, reserved 1093632K
[2020-12-21T00:55:26.017-0500][gc,heap        ] GC(16303)   class space    used 7422K, capacity 8193K, committed 8832K, reserved 1048576K
[2020-12-21T00:55:26.017-0500][gc             ] GC(16303) Pause Young (Normal) (G1 Evacuation Pause) 51M->42M(63M) 3.949ms
[2020-12-21T00:55:26.017-0500][gc,cpu         ] GC(16303) User=0.01s Sys=0.00s Real=0.00s
[2020-12-21T00:56:45.190-0500][gc,task        ] GC(16304) Using 5 workers of 8 for full compaction
[2020-12-21T00:56:45.191-0500][gc,start       ] GC(16304) Pause Full (System.gc())
[2020-12-21T00:56:45.191-0500][gc,heap        ] GC(16304) Heap before GC invocations=16304 (full 3268): garbage-first heap   total 64512K, used 48365K [0x0000000083000000, 0x0000000100000000)
[2020-12-21T00:56:45.191-0500][gc,heap        ] GC(16304)   region size 1024K, 8 young (8192K), 1 survivors (1024K)
[2020-12-21T00:56:45.191-0500][gc,heap        ] GC(16304)  Metaspace       used 49932K, capacity 52039K, committed 53632K, reserved 1093632K
[2020-12-21T00:56:45.191-0500][gc,heap        ] GC(16304)   class space    used 7422K, capacity 8193K, committed 8832K, reserved 1048576K
[2020-12-21T00:56:45.191-0500][gc,phases,start] GC(16304) Phase 1: Mark live objects
[2020-12-21T00:56:45.240-0500][gc,stringtable ] GC(16304) Cleaned string and symbol table, strings: 33099 processed, 4 removed, symbols: 120816 processed, 0 removed
[2020-12-21T00:56:45.240-0500][gc,phases      ] GC(16304) Phase 1: Mark live objects 49.242ms
[2020-12-21T00:56:45.240-0500][gc,phases,start] GC(16304) Phase 2: Prepare for compaction
[2020-12-21T00:56:45.244-0500][gc,phases      ] GC(16304) Phase 2: Prepare for compaction 3.875ms
[2020-12-21T00:56:45.244-0500][gc,phases,start] GC(16304) Phase 3: Adjust pointers
[2020-12-21T00:56:45.254-0500][gc,phases      ] GC(16304) Phase 3: Adjust pointers 10.057ms
[2020-12-21T00:56:45.254-0500][gc,phases,start] GC(16304) Phase 4: Compact heap
[2020-12-21T00:56:45.257-0500][gc,phases      ] GC(16304) Phase 4: Compact heap 2.605ms
[2020-12-21T00:56:45.263-0500][gc,heap        ] GC(16304) Eden regions: 7->0(10)
[2020-12-21T00:56:45.263-0500][gc,heap        ] GC(16304) Survivor regions: 1->0(2)
[2020-12-21T00:56:45.263-0500][gc,heap        ] GC(16304) Old regions: 41->41
[2020-12-21T00:56:45.263-0500][gc,heap        ] GC(16304) Humongous regions: 4->4
[2020-12-21T00:56:45.263-0500][gc,metaspace   ] GC(16304) Metaspace: 49932K->49932K(1093632K)
[2020-12-21T00:56:45.263-0500][gc,heap        ] GC(16304) Heap after GC invocations=16305 (full 3269): garbage-first heap   total 64512K, used 43214K [0x0000000083000000, 0x0000000100000000)
[2020-12-21T00:56:45.263-0500][gc,heap        ] GC(16304)   region size 1024K, 0 young (0K), 0 survivors (0K)
[2020-12-21T00:56:45.263-0500][gc,heap        ] GC(16304)  Metaspace       used 49932K, capacity 52039K, committed 53632K, reserved 1093632K
[2020-12-21T00:56:45.263-0500][gc,heap        ] GC(16304)   class space    used 7422K, capacity 8193K, committed 8832K, reserved 1048576K
[2020-12-21T00:56:45.263-0500][gc             ] GC(16304) Pause Full (System.gc()) 49M->42M(63M) 72.530ms
[2020-12-21T00:56:45.263-0500][gc,cpu         ] GC(16304) User=0.31s Sys=0.00s Real=0.07s
[2020-12-21T00:58:38.511-0500][gc,heap        ] GC(16305) Heap before GC invocations=16305 (full 3269): garbage-first heap   total 64512K, used 52430K [0x0000000083000000, 0x0000000100000000)
[2020-12-21T00:58:38.511-0500][gc,heap        ] GC(16305)   region size 1024K, 10 young (10240K), 0 survivors (0K)
[2020-12-21T00:58:38.511-0500][gc,heap        ] GC(16305)  Metaspace       used 49932K, capacity 52039K, committed 53632K, reserved 1093632K
[2020-12-21T00:58:38.511-0500][gc,heap        ] GC(16305)   class space    used 7422K, capacity 8193K, committed 8832K, reserved 1048576K
[2020-12-21T00:58:38.511-0500][gc,start       ] GC(16305) Pause Young (Normal) (G1 Evacuation Pause)
[2020-12-21T00:58:38.511-0500][gc,task        ] GC(16305) Using 8 workers of 8 for evacuation
[2020-12-21T00:58:38.515-0500][gc,phases      ] GC(16305)   Pre Evacuate Collection Set: 0.0ms
[2020-12-21T00:58:38.515-0500][gc,phases      ] GC(16305)   Evacuate Collection Set: 1.4ms
[2020-12-21T00:58:38.515-0500][gc,phases      ] GC(16305)   Post Evacuate Collection Set: 2.0ms
[2020-12-21T00:58:38.515-0500][gc,phases      ] GC(16305)   Other: 0.5ms
[2020-12-21T00:58:38.515-0500][gc,heap        ] GC(16305) Eden regions: 10->0(9)
[2020-12-21T00:58:38.515-0500][gc,heap        ] GC(16305) Survivor regions: 0->1(2)
[2020-12-21T00:58:38.515-0500][gc,heap        ] GC(16305) Old regions: 41->41
[2020-12-21T00:58:38.515-0500][gc,heap        ] GC(16305) Humongous regions: 4->4
[2020-12-21T00:58:38.515-0500][gc,metaspace   ] GC(16305) Metaspace: 49932K->49932K(1093632K)
[2020-12-21T00:58:38.515-0500][gc,heap        ] GC(16305) Heap after GC invocations=16306 (full 3269): garbage-first heap   total 64512K, used 43288K [0x0000000083000000, 0x0000000100000000)
[2020-12-21T00:58:38.515-0500][gc,heap        ] GC(16305)   region size 1024K, 1 young (1024K), 1 survivors (1024K)
[2020-12-21T00:58:38.515-0500][gc,heap        ] GC(16305)  Metaspace       used 49932K, capacity 52039K, committed 53632K, reserved 1093632K
[2020-12-21T00:58:38.515-0500][gc,heap        ] GC(16305)   class space    used 7422K, capacity 8193K, committed 8832K, reserved 1048576K
[2020-12-21T00:58:38.515-0500][gc             ] GC(16305) Pause Young (Normal) (G1 Evacuation Pause) 52M->42M(63M) 4.029ms
[2020-12-21T00:58:38.515-0500][gc,cpu         ] GC(16305) User=0.01s Sys=0.01s Real=0.00s
[2020-12-21T01:00:16.017-0500][gc,heap        ] GC(16306) Heap before GC invocations=16306 (full 3269): garbage-first heap   total 64512K, used 51480K [0x0000000083000000, 0x0000000100000000)
[2020-12-21T01:00:16.017-0500][gc,heap        ] GC(16306)   region size 1024K, 10 young (10240K), 1 survivors (1024K)
[2020-12-21T01:00:16.017-0500][gc,heap        ] GC(16306)  Metaspace       used 49932K, capacity 52039K, committed 53632K, reserved 1093632K
[2020-12-21T01:00:16.017-0500][gc,heap        ] GC(16306)   class space    used 7422K, capacity 8193K, committed 8832K, reserved 1048576K
[2020-12-21T01:00:16.017-0500][gc,start       ] GC(16306) Pause Young (Normal) (G1 Evacuation Pause)
[2020-12-21T01:00:16.017-0500][gc,task        ] GC(16306) Using 8 workers of 8 for evacuation
[2020-12-21T01:00:16.020-0500][gc,phases      ] GC(16306)   Pre Evacuate Collection Set: 0.0ms
[2020-12-21T01:00:16.020-0500][gc,phases      ] GC(16306)   Evacuate Collection Set: 1.1ms
[2020-12-21T01:00:16.020-0500][gc,phases      ] GC(16306)   Post Evacuate Collection Set: 1.8ms
[2020-12-21T01:00:16.020-0500][gc,phases      ] GC(16306)   Other: 0.3ms
[2020-12-21T01:00:16.020-0500][gc,heap        ] GC(16306) Eden regions: 9->0(9)
[2020-12-21T01:00:16.020-0500][gc,heap        ] GC(16306) Survivor regions: 1->1(2)
[2020-12-21T01:00:16.020-0500][gc,heap        ] GC(16306) Old regions: 41->41
[2020-12-21T01:00:16.020-0500][gc,heap        ] GC(16306) Humongous regions: 4->4
[2020-12-21T01:00:16.020-0500][gc,metaspace   ] GC(16306) Metaspace: 49932K->49932K(1093632K)
[2020-12-21T01:00:16.020-0500][gc,heap        ] GC(16306) Heap after GC invocations=16307 (full 3269): garbage-first heap   total 64512K, used 43271K [0x0000000083000000, 0x0000000100000000)
[2020-12-21T01:00:16.020-0500][gc,heap        ] GC(16306)   region size 1024K, 1 young (1024K), 1 survivors (1024K)
[2020-12-21T01:00:16.020-0500][gc,heap        ] GC(16306)  Metaspace       used 49932K, capacity 52039K, committed 53632K, reserved 1093632K
[2020-12-21T01:00:16.020-0500][gc,heap        ] GC(16306)   class space    used 7422K, capacity 8193K, committed 8832K, reserved 1048576K
[2020-12-21T01:00:16.020-0500][gc             ] GC(16306) Pause Young (Normal) (G1 Evacuation Pause) 51M->42M(63M) 3.237ms
[2020-12-21T01:00:16.020-0500][gc,cpu         ] GC(16306) User=0.01s Sys=0.00s Real=0.01s
[2020-12-21T01:01:45.190-0500][gc,task        ] GC(16307) Using 5 workers of 8 for full compaction
[2020-12-21T01:01:45.190-0500][gc,start       ] GC(16307) Pause Full (System.gc())
[2020-12-21T01:01:45.190-0500][gc,heap        ] GC(16307) Heap before GC invocations=16307 (full 3269): garbage-first heap   total 64512K, used 50439K [0x0000000083000000, 0x0000000100000000)
[2020-12-21T01:01:45.190-0500][gc,heap        ] GC(16307)   region size 1024K, 9 young (9216K), 1 survivors (1024K)
[2020-12-21T01:01:45.190-0500][gc,heap        ] GC(16307)  Metaspace       used 49932K, capacity 52039K, committed 53632K, reserved 1093632K
[2020-12-21T01:01:45.190-0500][gc,heap        ] GC(16307)   class space    used 7422K, capacity 8193K, committed 8832K, reserved 1048576K
[2020-12-21T01:01:45.191-0500][gc,phases,start] GC(16307) Phase 1: Mark live objects
[2020-12-21T01:01:45.231-0500][gc,stringtable ] GC(16307) Cleaned string and symbol table, strings: 33099 processed, 4 removed, symbols: 120816 processed, 0 removed
[2020-12-21T01:01:45.231-0500][gc,phases      ] GC(16307) Phase 1: Mark live objects 40.366ms
[2020-12-21T01:01:45.231-0500][gc,phases,start] GC(16307) Phase 2: Prepare for compaction
[2020-12-21T01:01:45.236-0500][gc,phases      ] GC(16307) Phase 2: Prepare for compaction 5.293ms
[2020-12-21T01:01:45.236-0500][gc,phases,start] GC(16307) Phase 3: Adjust pointers
[2020-12-21T01:01:45.248-0500][gc,phases      ] GC(16307) Phase 3: Adjust pointers 11.487ms
[2020-12-21T01:01:45.248-0500][gc,phases,start] GC(16307) Phase 4: Compact heap
[2020-12-21T01:01:45.250-0500][gc,phases      ] GC(16307) Phase 4: Compact heap 2.425ms
[2020-12-21T01:01:45.256-0500][gc,heap        ] GC(16307) Eden regions: 8->0(10)
[2020-12-21T01:01:45.256-0500][gc,heap        ] GC(16307) Survivor regions: 1->0(2)
[2020-12-21T01:01:45.256-0500][gc,heap        ] GC(16307) Old regions: 41->41
[2020-12-21T01:01:45.256-0500][gc,heap        ] GC(16307) Humongous regions: 4->4
[2020-12-21T01:01:45.256-0500][gc,metaspace   ] GC(16307) Metaspace: 49932K->49932K(1093632K)
[2020-12-21T01:01:45.256-0500][gc,heap        ] GC(16307) Heap after GC invocations=16308 (full 3270): garbage-first heap   total 64512K, used 43220K [0x0000000083000000, 0x0000000100000000)
[2020-12-21T01:01:45.256-0500][gc,heap        ] GC(16307)   region size 1024K, 0 young (0K), 0 survivors (0K)
[2020-12-21T01:01:45.256-0500][gc,heap        ] GC(16307)  Metaspace       used 49932K, capacity 52039K, committed 53632K, reserved 1093632K
[2020-12-21T01:01:45.256-0500][gc,heap        ] GC(16307)   class space    used 7422K, capacity 8193K, committed 8832K, reserved 1048576K
[2020-12-21T01:01:45.256-0500][gc             ] GC(16307) Pause Full (System.gc()) 49M->42M(63M) 66.176ms
[2020-12-21T01:01:45.256-0500][gc,cpu         ] GC(16307) User=0.28s Sys=0.00s Real=0.06s
[2020-12-21T01:03:37.123-0500][gc,heap        ] GC(16308) Heap before GC invocations=16308 (full 3270): garbage-first heap   total 64512K, used 53460K [0x0000000083000000, 0x0000000100000000)
[2020-12-21T01:03:37.123-0500][gc,heap        ] GC(16308)   region size 1024K, 10 young (10240K), 0 survivors (0K)
[2020-12-21T01:03:37.124-0500][gc,heap        ] GC(16308)  Metaspace       used 49932K, capacity 52039K, committed 53632K, reserved 1093632K
[2020-12-21T01:03:37.124-0500][gc,heap        ] GC(16308)   class space    used 7422K, capacity 8193K, committed 8832K, reserved 1048576K
[2020-12-21T01:03:37.124-0500][gc,start       ] GC(16308) Pause Young (Normal) (G1 Evacuation Pause)
[2020-12-21T01:03:37.124-0500][gc,task        ] GC(16308) Using 8 workers of 8 for evacuation
[2020-12-21T01:03:37.128-0500][gc,phases      ] GC(16308)   Pre Evacuate Collection Set: 0.0ms
[2020-12-21T01:03:37.128-0500][gc,phases      ] GC(16308)   Evacuate Collection Set: 1.3ms
[2020-12-21T01:03:37.128-0500][gc,phases      ] GC(16308)   Post Evacuate Collection Set: 2.3ms
[2020-12-21T01:03:37.128-0500][gc,phases      ] GC(16308)   Other: 0.5ms
[2020-12-21T01:03:37.128-0500][gc,heap        ] GC(16308) Eden regions: 10->0(9)
[2020-12-21T01:03:37.128-0500][gc,heap        ] GC(16308) Survivor regions: 0->1(2)
[2020-12-21T01:03:37.128-0500][gc,heap        ] GC(16308) Old regions: 41->41
[2020-12-21T01:03:37.128-0500][gc,heap        ] GC(16308) Humongous regions: 4->4
[2020-12-21T01:03:37.128-0500][gc,metaspace   ] GC(16308) Metaspace: 49932K->49932K(1093632K)
[2020-12-21T01:03:37.128-0500][gc,heap        ] GC(16308) Heap after GC invocations=16309 (full 3270): garbage-first heap   total 64512K, used 43282K [0x0000000083000000, 0x0000000100000000)
[2020-12-21T01:03:37.128-0500][gc,heap        ] GC(16308)   region size 1024K, 1 young (1024K), 1 survivors (1024K)
[2020-12-21T01:03:37.128-0500][gc,heap        ] GC(16308)  Metaspace       used 49932K, capacity 52039K, committed 53632K, reserved 1093632K
[2020-12-21T01:03:37.128-0500][gc,heap        ] GC(16308)   class space    used 7422K, capacity 8193K, committed 8832K, reserved 1048576K
[2020-12-21T01:03:37.128-0500][gc             ] GC(16308) Pause Young (Normal) (G1 Evacuation Pause) 52M->42M(63M) 4.265ms
[2020-12-21T01:03:37.128-0500][gc,cpu         ] GC(16308) User=0.00s Sys=0.01s Real=0.01s
[2020-12-21T01:05:16.020-0500][gc,heap        ] GC(16309) Heap before GC invocations=16309 (full 3270): garbage-first heap   total 64512K, used 51474K [0x0000000083000000, 0x0000000100000000)
[2020-12-21T01:05:16.020-0500][gc,heap        ] GC(16309)   region size 1024K, 10 young (10240K), 1 survivors (1024K)
[2020-12-21T01:05:16.020-0500][gc,heap        ] GC(16309)  Metaspace       used 49932K, capacity 52039K, committed 53632K, reserved 1093632K
[2020-12-21T01:05:16.020-0500][gc,heap        ] GC(16309)   class space    used 7422K, capacity 8193K, committed 8832K, reserved 1048576K
[2020-12-21T01:05:16.020-0500][gc,start       ] GC(16309) Pause Young (Normal) (G1 Evacuation Pause)
[2020-12-21T01:05:16.020-0500][gc,task        ] GC(16309) Using 8 workers of 8 for evacuation
[2020-12-21T01:05:16.034-0500][gc,phases      ] GC(16309)   Pre Evacuate Collection Set: 0.0ms
[2020-12-21T01:05:16.034-0500][gc,phases      ] GC(16309)   Evacuate Collection Set: 11.2ms
[2020-12-21T01:05:16.034-0500][gc,phases      ] GC(16309)   Post Evacuate Collection Set: 2.1ms
[2020-12-21T01:05:16.034-0500][gc,phases      ] GC(16309)   Other: 0.7ms
[2020-12-21T01:05:16.034-0500][gc,heap        ] GC(16309) Eden regions: 9->0(9)
[2020-12-21T01:05:16.034-0500][gc,heap        ] GC(16309) Survivor regions: 1->1(2)
[2020-12-21T01:05:16.034-0500][gc,heap        ] GC(16309) Old regions: 41->41
[2020-12-21T01:05:16.034-0500][gc,heap        ] GC(16309) Humongous regions: 4->4
[2020-12-21T01:05:16.034-0500][gc,metaspace   ] GC(16309) Metaspace: 49932K->49932K(1093632K)
[2020-12-21T01:05:16.034-0500][gc,heap        ] GC(16309) Heap after GC invocations=16310 (full 3270): garbage-first heap   total 64512K, used 43268K [0x0000000083000000, 0x0000000100000000)
[2020-12-21T01:05:16.034-0500][gc,heap        ] GC(16309)   region size 1024K, 1 young (1024K), 1 survivors (1024K)
[2020-12-21T01:05:16.034-0500][gc,heap        ] GC(16309)  Metaspace       used 49932K, capacity 52039K, committed 53632K, reserved 1093632K
[2020-12-21T01:05:16.034-0500][gc,heap        ] GC(16309)   class space    used 7422K, capacity 8193K, committed 8832K, reserved 1048576K
[2020-12-21T01:05:16.034-0500][gc             ] GC(16309) Pause Young (Normal) (G1 Evacuation Pause) 51M->42M(63M) 14.340ms
[2020-12-21T01:05:16.034-0500][gc,cpu         ] GC(16309) User=0.07s Sys=0.00s Real=0.01s
[2020-12-21T01:06:45.191-0500][gc,task        ] GC(16310) Using 5 workers of 8 for full compaction
[2020-12-21T01:06:45.191-0500][gc,start       ] GC(16310) Pause Full (System.gc())
[2020-12-21T01:06:45.191-0500][gc,heap        ] GC(16310) Heap before GC invocations=16310 (full 3270): garbage-first heap   total 64512K, used 49412K [0x0000000083000000, 0x0000000100000000)
[2020-12-21T01:06:45.191-0500][gc,heap        ] GC(16310)   region size 1024K, 9 young (9216K), 1 survivors (1024K)
[2020-12-21T01:06:45.191-0500][gc,heap        ] GC(16310)  Metaspace       used 49932K, capacity 52039K, committed 53632K, reserved 1093632K
[2020-12-21T01:06:45.191-0500][gc,heap        ] GC(16310)   class space    used 7422K, capacity 8193K, committed 8832K, reserved 1048576K
[2020-12-21T01:06:45.192-0500][gc,phases,start] GC(16310) Phase 1: Mark live objects
[2020-12-21T01:06:45.231-0500][gc,stringtable ] GC(16310) Cleaned string and symbol table, strings: 33099 processed, 4 removed, symbols: 120816 processed, 0 removed
[2020-12-21T01:06:45.231-0500][gc,phases      ] GC(16310) Phase 1: Mark live objects 39.105ms
[2020-12-21T01:06:45.231-0500][gc,phases,start] GC(16310) Phase 2: Prepare for compaction
[2020-12-21T01:06:45.236-0500][gc,phases      ] GC(16310) Phase 2: Prepare for compaction 4.810ms
[2020-12-21T01:06:45.236-0500][gc,phases,start] GC(16310) Phase 3: Adjust pointers
[2020-12-21T01:06:45.248-0500][gc,phases      ] GC(16310) Phase 3: Adjust pointers 12.319ms
[2020-12-21T01:06:45.248-0500][gc,phases,start] GC(16310) Phase 4: Compact heap
[2020-12-21T01:06:45.251-0500][gc,phases      ] GC(16310) Phase 4: Compact heap 2.897ms
[2020-12-21T01:06:45.257-0500][gc,heap        ] GC(16310) Eden regions: 8->0(10)
[2020-12-21T01:06:45.257-0500][gc,heap        ] GC(16310) Survivor regions: 1->0(2)
[2020-12-21T01:06:45.257-0500][gc,heap        ] GC(16310) Old regions: 41->41
[2020-12-21T01:06:45.257-0500][gc,heap        ] GC(16310) Humongous regions: 4->4
[2020-12-21T01:06:45.257-0500][gc,metaspace   ] GC(16310) Metaspace: 49932K->49932K(1093632K)
[2020-12-21T01:06:45.257-0500][gc,heap        ] GC(16310) Heap after GC invocations=16311 (full 3271): garbage-first heap   total 64512K, used 43220K [0x0000000083000000, 0x0000000100000000)
[2020-12-21T01:06:45.257-0500][gc,heap        ] GC(16310)   region size 1024K, 0 young (0K), 0 survivors (0K)
[2020-12-21T01:06:45.257-0500][gc,heap        ] GC(16310)  Metaspace       used 49932K, capacity 52039K, committed 53632K, reserved 1093632K
[2020-12-21T01:06:45.257-0500][gc,heap        ] GC(16310)   class space    used 7422K, capacity 8193K, committed 8832K, reserved 1048576K
[2020-12-21T01:06:45.257-0500][gc             ] GC(16310) Pause Full (System.gc()) 49M->42M(63M) 65.933ms
[2020-12-21T01:06:45.257-0500][gc,cpu         ] GC(16310) User=0.28s Sys=0.00s Real=0.06s
[2020-12-21T01:08:40.358-0500][gc,heap        ] GC(16311) Heap before GC invocations=16311 (full 3271): garbage-first heap   total 64512K, used 53460K [0x0000000083000000, 0x0000000100000000)
[2020-12-21T01:08:40.358-0500][gc,heap        ] GC(16311)   region size 1024K, 10 young (10240K), 0 survivors (0K)
[2020-12-21T01:08:40.358-0500][gc,heap        ] GC(16311)  Metaspace       used 49932K, capacity 52039K, committed 53632K, reserved 1093632K
[2020-12-21T01:08:40.358-0500][gc,heap        ] GC(16311)   class space    used 7422K, capacity 8193K, committed 8832K, reserved 1048576K
[2020-12-21T01:08:40.358-0500][gc,start       ] GC(16311) Pause Young (Normal) (G1 Evacuation Pause)
[2020-12-21T01:08:40.359-0500][gc,task        ] GC(16311) Using 8 workers of 8 for evacuation
[2020-12-21T01:08:40.361-0500][gc,phases      ] GC(16311)   Pre Evacuate Collection Set: 0.0ms
[2020-12-21T01:08:40.361-0500][gc,phases      ] GC(16311)   Evacuate Collection Set: 0.9ms
[2020-12-21T01:08:40.361-0500][gc,phases      ] GC(16311)   Post Evacuate Collection Set: 1.4ms
[2020-12-21T01:08:40.361-0500][gc,phases      ] GC(16311)   Other: 0.3ms
[2020-12-21T01:08:40.361-0500][gc,heap        ] GC(16311) Eden regions: 10->0(9)
[2020-12-21T01:08:40.361-0500][gc,heap        ] GC(16311) Survivor regions: 0->1(2)
[2020-12-21T01:08:40.361-0500][gc,heap        ] GC(16311) Old regions: 41->41
[2020-12-21T01:08:40.361-0500][gc,heap        ] GC(16311) Humongous regions: 4->4
[2020-12-21T01:08:40.361-0500][gc,metaspace   ] GC(16311) Metaspace: 49932K->49932K(1093632K)
[2020-12-21T01:08:40.361-0500][gc,heap        ] GC(16311) Heap after GC invocations=16312 (full 3271): garbage-first heap   total 64512K, used 43381K [0x0000000083000000, 0x0000000100000000)
[2020-12-21T01:08:40.361-0500][gc,heap        ] GC(16311)   region size 1024K, 1 young (1024K), 1 survivors (1024K)
[2020-12-21T01:08:40.361-0500][gc,heap        ] GC(16311)  Metaspace       used 49932K, capacity 52039K, committed 53632K, reserved 1093632K
[2020-12-21T01:08:40.361-0500][gc,heap        ] GC(16311)   class space    used 7422K, capacity 8193K, committed 8832K, reserved 1048576K
[2020-12-21T01:08:40.361-0500][gc             ] GC(16311) Pause Young (Normal) (G1 Evacuation Pause) 52M->42M(63M) 2.687ms
[2020-12-21T01:08:40.361-0500][gc,cpu         ] GC(16311) User=0.01s Sys=0.00s Real=0.00s
[2020-12-21T01:10:26.015-0500][gc,heap        ] GC(16312) Heap before GC invocations=16312 (full 3271): garbage-first heap   total 64512K, used 52597K [0x0000000083000000, 0x0000000100000000)
[2020-12-21T01:10:26.015-0500][gc,heap        ] GC(16312)   region size 1024K, 10 young (10240K), 1 survivors (1024K)
[2020-12-21T01:10:26.015-0500][gc,heap        ] GC(16312)  Metaspace       used 49932K, capacity 52039K, committed 53632K, reserved 1093632K
[2020-12-21T01:10:26.015-0500][gc,heap        ] GC(16312)   class space    used 7422K, capacity 8193K, committed 8832K, reserved 1048576K
[2020-12-21T01:10:26.015-0500][gc,start       ] GC(16312) Pause Young (Normal) (G1 Evacuation Pause)
[2020-12-21T01:10:26.015-0500][gc,task        ] GC(16312) Using 8 workers of 8 for evacuation
[2020-12-21T01:10:26.021-0500][gc,phases      ] GC(16312)   Pre Evacuate Collection Set: 0.0ms
[2020-12-21T01:10:26.022-0500][gc,phases      ] GC(16312)   Evacuate Collection Set: 3.8ms
[2020-12-21T01:10:26.022-0500][gc,phases      ] GC(16312)   Post Evacuate Collection Set: 2.4ms
[2020-12-21T01:10:26.022-0500][gc,phases      ] GC(16312)   Other: 0.5ms
[2020-12-21T01:10:26.022-0500][gc,heap        ] GC(16312) Eden regions: 9->0(9)
[2020-12-21T01:10:26.022-0500][gc,heap        ] GC(16312) Survivor regions: 1->1(2)
[2020-12-21T01:10:26.022-0500][gc,heap        ] GC(16312) Old regions: 41->41
[2020-12-21T01:10:26.022-0500][gc,heap        ] GC(16312) Humongous regions: 4->4
[2020-12-21T01:10:26.022-0500][gc,metaspace   ] GC(16312) Metaspace: 49932K->49932K(1093632K)
[2020-12-21T01:10:26.022-0500][gc,heap        ] GC(16312) Heap after GC invocations=16313 (full 3271): garbage-first heap   total 64512K, used 43296K [0x0000000083000000, 0x0000000100000000)
[2020-12-21T01:10:26.022-0500][gc,heap        ] GC(16312)   region size 1024K, 1 young (1024K), 1 survivors (1024K)
[2020-12-21T01:10:26.022-0500][gc,heap        ] GC(16312)  Metaspace       used 49932K, capacity 52039K, committed 53632K, reserved 1093632K
[2020-12-21T01:10:26.022-0500][gc,heap        ] GC(16312)   class space    used 7422K, capacity 8193K, committed 8832K, reserved 1048576K
[2020-12-21T01:10:26.022-0500][gc             ] GC(16312) Pause Young (Normal) (G1 Evacuation Pause) 51M->42M(63M) 6.769ms
[2020-12-21T01:10:26.022-0500][gc,cpu         ] GC(16312) User=0.02s Sys=0.01s Real=0.01s
[2020-12-21T01:11:45.193-0500][gc,task        ] GC(16313) Using 5 workers of 8 for full compaction
[2020-12-21T01:11:45.193-0500][gc,start       ] GC(16313) Pause Full (System.gc())
[2020-12-21T01:11:45.193-0500][gc,heap        ] GC(16313) Heap before GC invocations=16313 (full 3271): garbage-first heap   total 64512K, used 49440K [0x0000000083000000, 0x0000000100000000)
[2020-12-21T01:11:45.193-0500][gc,heap        ] GC(16313)   region size 1024K, 8 young (8192K), 1 survivors (1024K)
[2020-12-21T01:11:45.193-0500][gc,heap        ] GC(16313)  Metaspace       used 49932K, capacity 52039K, committed 53632K, reserved 1093632K
[2020-12-21T01:11:45.193-0500][gc,heap        ] GC(16313)   class space    used 7422K, capacity 8193K, committed 8832K, reserved 1048576K
[2020-12-21T01:11:45.193-0500][gc,phases,start] GC(16313) Phase 1: Mark live objects
[2020-12-21T01:11:45.235-0500][gc,stringtable ] GC(16313) Cleaned string and symbol table, strings: 33099 processed, 4 removed, symbols: 120816 processed, 0 removed
[2020-12-21T01:11:45.235-0500][gc,phases      ] GC(16313) Phase 1: Mark live objects 41.385ms
[2020-12-21T01:11:45.235-0500][gc,phases,start] GC(16313) Phase 2: Prepare for compaction
[2020-12-21T01:11:45.240-0500][gc,phases      ] GC(16313) Phase 2: Prepare for compaction 4.787ms
[2020-12-21T01:11:45.240-0500][gc,phases,start] GC(16313) Phase 3: Adjust pointers
[2020-12-21T01:11:45.252-0500][gc,phases      ] GC(16313) Phase 3: Adjust pointers 12.279ms
[2020-12-21T01:11:45.252-0500][gc,phases,start] GC(16313) Phase 4: Compact heap
[2020-12-21T01:11:45.256-0500][gc,phases      ] GC(16313) Phase 4: Compact heap 3.528ms
[2020-12-21T01:11:45.261-0500][gc,heap        ] GC(16313) Eden regions: 7->0(9)
[2020-12-21T01:11:45.261-0500][gc,heap        ] GC(16313) Survivor regions: 1->0(2)
[2020-12-21T01:11:45.262-0500][gc,heap        ] GC(16313) Old regions: 41->42
[2020-12-21T01:11:45.262-0500][gc,heap        ] GC(16313) Humongous regions: 4->4
[2020-12-21T01:11:45.262-0500][gc,metaspace   ] GC(16313) Metaspace: 49932K->49932K(1093632K)
[2020-12-21T01:11:45.262-0500][gc,heap        ] GC(16313) Heap after GC invocations=16314 (full 3272): garbage-first heap   total 64512K, used 43214K [0x0000000083000000, 0x0000000100000000)
[2020-12-21T01:11:45.262-0500][gc,heap        ] GC(16313)   region size 1024K, 0 young (0K), 0 survivors (0K)
[2020-12-21T01:11:45.262-0500][gc,heap        ] GC(16313)  Metaspace       used 49932K, capacity 52039K, committed 53632K, reserved 1093632K
[2020-12-21T01:11:45.262-0500][gc,heap        ] GC(16313)   class space    used 7422K, capacity 8193K, committed 8832K, reserved 1048576K
[2020-12-21T01:11:45.262-0500][gc             ] GC(16313) Pause Full (System.gc()) 49M->42M(63M) 68.716ms
[2020-12-21T01:11:45.262-0500][gc,cpu         ] GC(16313) User=0.29s Sys=0.00s Real=0.07s
[2020-12-21T01:13:26.088-0500][gc,heap        ] GC(16314) Heap before GC invocations=16314 (full 3272): garbage-first heap   total 64512K, used 52430K [0x0000000083000000, 0x0000000100000000)
[2020-12-21T01:13:26.088-0500][gc,heap        ] GC(16314)   region size 1024K, 9 young (9216K), 0 survivors (0K)
[2020-12-21T01:13:26.088-0500][gc,heap        ] GC(16314)  Metaspace       used 49932K, capacity 52039K, committed 53632K, reserved 1093632K
[2020-12-21T01:13:26.088-0500][gc,heap        ] GC(16314)   class space    used 7422K, capacity 8193K, committed 8832K, reserved 1048576K
[2020-12-21T01:13:26.088-0500][gc,start       ] GC(16314) Pause Young (Normal) (G1 Evacuation Pause)
[2020-12-21T01:13:26.088-0500][gc,task        ] GC(16314) Using 8 workers of 8 for evacuation
[2020-12-21T01:13:26.092-0500][gc,phases      ] GC(16314)   Pre Evacuate Collection Set: 0.0ms
[2020-12-21T01:13:26.092-0500][gc,phases      ] GC(16314)   Evacuate Collection Set: 1.5ms
[2020-12-21T01:13:26.092-0500][gc,phases      ] GC(16314)   Post Evacuate Collection Set: 2.4ms
[2020-12-21T01:13:26.092-0500][gc,phases      ] GC(16314)   Other: 0.6ms
[2020-12-21T01:13:26.092-0500][gc,heap        ] GC(16314) Eden regions: 9->0(8)
[2020-12-21T01:13:26.092-0500][gc,heap        ] GC(16314) Survivor regions: 0->1(2)
[2020-12-21T01:13:26.092-0500][gc,heap        ] GC(16314) Old regions: 42->42
[2020-12-21T01:13:26.092-0500][gc,heap        ] GC(16314) Humongous regions: 4->4
[2020-12-21T01:13:26.093-0500][gc,metaspace   ] GC(16314) Metaspace: 49932K->49932K(1093632K)
[2020-12-21T01:13:26.093-0500][gc,heap        ] GC(16314) Heap after GC invocations=16315 (full 3272): garbage-first heap   total 64512K, used 43261K [0x0000000083000000, 0x0000000100000000)
[2020-12-21T01:13:26.093-0500][gc,heap        ] GC(16314)   region size 1024K, 1 young (1024K), 1 survivors (1024K)
[2020-12-21T01:13:26.093-0500][gc,heap        ] GC(16314)  Metaspace       used 49932K, capacity 52039K, committed 53632K, reserved 1093632K
[2020-12-21T01:13:26.093-0500][gc,heap        ] GC(16314)   class space    used 7422K, capacity 8193K, committed 8832K, reserved 1048576K
[2020-12-21T01:13:26.093-0500][gc             ] GC(16314) Pause Young (Normal) (G1 Evacuation Pause) 51M->42M(63M) 4.550ms
[2020-12-21T01:13:26.093-0500][gc,cpu         ] GC(16314) User=0.01s Sys=0.00s Real=0.00s
[2020-12-21T01:15:02.642-0500][gc,heap        ] GC(16315) Heap before GC invocations=16315 (full 3272): garbage-first heap   total 64512K, used 50429K [0x0000000083000000, 0x0000000100000000)
[2020-12-21T01:15:02.642-0500][gc,heap        ] GC(16315)   region size 1024K, 9 young (9216K), 1 survivors (1024K)
[2020-12-21T01:15:02.642-0500][gc,heap        ] GC(16315)  Metaspace       used 49932K, capacity 52039K, committed 53632K, reserved 1093632K
[2020-12-21T01:15:02.642-0500][gc,heap        ] GC(16315)   class space    used 7422K, capacity 8193K, committed 8832K, reserved 1048576K
[2020-12-21T01:15:02.642-0500][gc,start       ] GC(16315) Pause Young (Normal) (G1 Evacuation Pause)
[2020-12-21T01:15:02.642-0500][gc,task        ] GC(16315) Using 8 workers of 8 for evacuation
[2020-12-21T01:15:02.649-0500][gc,phases      ] GC(16315)   Pre Evacuate Collection Set: 0.0ms
[2020-12-21T01:15:02.649-0500][gc,phases      ] GC(16315)   Evacuate Collection Set: 3.5ms
[2020-12-21T01:15:02.649-0500][gc,phases      ] GC(16315)   Post Evacuate Collection Set: 2.8ms
[2020-12-21T01:15:02.649-0500][gc,phases      ] GC(16315)   Other: 0.4ms
[2020-12-21T01:15:02.649-0500][gc,heap        ] GC(16315) Eden regions: 8->0(8)
[2020-12-21T01:15:02.649-0500][gc,heap        ] GC(16315) Survivor regions: 1->1(2)
[2020-12-21T01:15:02.649-0500][gc,heap        ] GC(16315) Old regions: 42->42
[2020-12-21T01:15:02.649-0500][gc,heap        ] GC(16315) Humongous regions: 4->4
[2020-12-21T01:15:02.649-0500][gc,metaspace   ] GC(16315) Metaspace: 49932K->49932K(1093632K)
[2020-12-21T01:15:02.649-0500][gc,heap        ] GC(16315) Heap after GC invocations=16316 (full 3272): garbage-first heap   total 64512K, used 43265K [0x0000000083000000, 0x0000000100000000)
[2020-12-21T01:15:02.649-0500][gc,heap        ] GC(16315)   region size 1024K, 1 young (1024K), 1 survivors (1024K)
[2020-12-21T01:15:02.649-0500][gc,heap        ] GC(16315)  Metaspace       used 49932K, capacity 52039K, committed 53632K, reserved 1093632K
[2020-12-21T01:15:02.649-0500][gc,heap        ] GC(16315)   class space    used 7422K, capacity 8193K, committed 8832K, reserved 1048576K
[2020-12-21T01:15:02.649-0500][gc             ] GC(16315) Pause Young (Normal) (G1 Evacuation Pause) 50M->42M(63M) 6.680ms
[2020-12-21T01:15:02.649-0500][gc,cpu         ] GC(16315) User=0.03s Sys=0.00s Real=0.01s
[2020-12-21T01:16:26.150-0500][gc,heap        ] GC(16316) Heap before GC invocations=16316 (full 3272): garbage-first heap   total 64512K, used 50433K [0x0000000083000000, 0x0000000100000000)
[2020-12-21T01:16:26.150-0500][gc,heap        ] GC(16316)   region size 1024K, 9 young (9216K), 1 survivors (1024K)
[2020-12-21T01:16:26.150-0500][gc,heap        ] GC(16316)  Metaspace       used 49932K, capacity 52039K, committed 53632K, reserved 1093632K
[2020-12-21T01:16:26.151-0500][gc,heap        ] GC(16316)   class space    used 7422K, capacity 8193K, committed 8832K, reserved 1048576K
[2020-12-21T01:16:26.151-0500][gc,start       ] GC(16316) Pause Young (Normal) (G1 Evacuation Pause)
[2020-12-21T01:16:26.151-0500][gc,task        ] GC(16316) Using 8 workers of 8 for evacuation
[2020-12-21T01:16:26.154-0500][gc,phases      ] GC(16316)   Pre Evacuate Collection Set: 0.0ms
[2020-12-21T01:16:26.154-0500][gc,phases      ] GC(16316)   Evacuate Collection Set: 1.3ms
[2020-12-21T01:16:26.154-0500][gc,phases      ] GC(16316)   Post Evacuate Collection Set: 1.6ms
[2020-12-21T01:16:26.154-0500][gc,phases      ] GC(16316)   Other: 0.6ms
[2020-12-21T01:16:26.154-0500][gc,heap        ] GC(16316) Eden regions: 8->0(8)
[2020-12-21T01:16:26.154-0500][gc,heap        ] GC(16316) Survivor regions: 1->1(2)
[2020-12-21T01:16:26.154-0500][gc,heap        ] GC(16316) Old regions: 42->42
[2020-12-21T01:16:26.154-0500][gc,heap        ] GC(16316) Humongous regions: 4->4
[2020-12-21T01:16:26.154-0500][gc,metaspace   ] GC(16316) Metaspace: 49932K->49932K(1093632K)
[2020-12-21T01:16:26.154-0500][gc,heap        ] GC(16316) Heap after GC invocations=16317 (full 3272): garbage-first heap   total 64512K, used 43267K [0x0000000083000000, 0x0000000100000000)
[2020-12-21T01:16:26.154-0500][gc,heap        ] GC(16316)   region size 1024K, 1 young (1024K), 1 survivors (1024K)
[2020-12-21T01:16:26.154-0500][gc,heap        ] GC(16316)  Metaspace       used 49932K, capacity 52039K, committed 53632K, reserved 1093632K
[2020-12-21T01:16:26.154-0500][gc,heap        ] GC(16316)   class space    used 7422K, capacity 8193K, committed 8832K, reserved 1048576K
[2020-12-21T01:16:26.154-0500][gc             ] GC(16316) Pause Young (Normal) (G1 Evacuation Pause) 50M->42M(63M) 3.482ms
[2020-12-21T01:16:26.154-0500][gc,cpu         ] GC(16316) User=0.00s Sys=0.00s Real=0.00s
[2020-12-21T01:16:45.189-0500][gc,task        ] GC(16317) Using 5 workers of 8 for full compaction
[2020-12-21T01:16:45.189-0500][gc,start       ] GC(16317) Pause Full (System.gc())
[2020-12-21T01:16:45.189-0500][gc,heap        ] GC(16317) Heap before GC invocations=16317 (full 3272): garbage-first heap   total 64512K, used 44291K [0x0000000083000000, 0x0000000100000000)
[2020-12-21T01:16:45.189-0500][gc,heap        ] GC(16317)   region size 1024K, 3 young (3072K), 1 survivors (1024K)
[2020-12-21T01:16:45.190-0500][gc,heap        ] GC(16317)  Metaspace       used 49932K, capacity 52039K, committed 53632K, reserved 1093632K
[2020-12-21T01:16:45.190-0500][gc,heap        ] GC(16317)   class space    used 7422K, capacity 8193K, committed 8832K, reserved 1048576K
[2020-12-21T01:16:45.190-0500][gc,phases,start] GC(16317) Phase 1: Mark live objects
[2020-12-21T01:16:45.230-0500][gc,stringtable ] GC(16317) Cleaned string and symbol table, strings: 33099 processed, 4 removed, symbols: 120816 processed, 0 removed
[2020-12-21T01:16:45.230-0500][gc,phases      ] GC(16317) Phase 1: Mark live objects 39.851ms
[2020-12-21T01:16:45.230-0500][gc,phases,start] GC(16317) Phase 2: Prepare for compaction
[2020-12-21T01:16:45.234-0500][gc,phases      ] GC(16317) Phase 2: Prepare for compaction 4.274ms
[2020-12-21T01:16:45.234-0500][gc,phases,start] GC(16317) Phase 3: Adjust pointers
[2020-12-21T01:16:45.247-0500][gc,phases      ] GC(16317) Phase 3: Adjust pointers 12.624ms
[2020-12-21T01:16:45.247-0500][gc,phases,start] GC(16317) Phase 4: Compact heap
[2020-12-21T01:16:45.250-0500][gc,phases      ] GC(16317) Phase 4: Compact heap 2.655ms
[2020-12-21T01:16:45.255-0500][gc,heap        ] GC(16317) Eden regions: 2->0(10)
[2020-12-21T01:16:45.255-0500][gc,heap        ] GC(16317) Survivor regions: 1->0(2)
[2020-12-21T01:16:45.255-0500][gc,heap        ] GC(16317) Old regions: 42->41
[2020-12-21T01:16:45.255-0500][gc,heap        ] GC(16317) Humongous regions: 4->4
[2020-12-21T01:16:45.255-0500][gc,metaspace   ] GC(16317) Metaspace: 49932K->49932K(1093632K)
[2020-12-21T01:16:45.255-0500][gc,heap        ] GC(16317) Heap after GC invocations=16318 (full 3273): garbage-first heap   total 64512K, used 43199K [0x0000000083000000, 0x0000000100000000)
[2020-12-21T01:16:45.255-0500][gc,heap        ] GC(16317)   region size 1024K, 0 young (0K), 0 survivors (0K)
[2020-12-21T01:16:45.255-0500][gc,heap        ] GC(16317)  Metaspace       used 49932K, capacity 52039K, committed 53632K, reserved 1093632K
[2020-12-21T01:16:45.255-0500][gc,heap        ] GC(16317)   class space    used 7422K, capacity 8193K, committed 8832K, reserved 1048576K
[2020-12-21T01:16:45.255-0500][gc             ] GC(16317) Pause Full (System.gc()) 43M->42M(63M) 66.058ms
[2020-12-21T01:16:45.256-0500][gc,cpu         ] GC(16317) User=0.27s Sys=0.00s Real=0.06s
[2020-12-21T01:18:42.260-0500][gc,heap        ] GC(16318) Heap before GC invocations=16318 (full 3273): garbage-first heap   total 64512K, used 53439K [0x0000000083000000, 0x0000000100000000)
[2020-12-21T01:18:42.260-0500][gc,heap        ] GC(16318)   region size 1024K, 10 young (10240K), 0 survivors (0K)
[2020-12-21T01:18:42.260-0500][gc,heap        ] GC(16318)  Metaspace       used 49932K, capacity 52039K, committed 53632K, reserved 1093632K
[2020-12-21T01:18:42.260-0500][gc,heap        ] GC(16318)   class space    used 7422K, capacity 8193K, committed 8832K, reserved 1048576K
[2020-12-21T01:18:42.260-0500][gc,start       ] GC(16318) Pause Young (Normal) (G1 Evacuation Pause)
[2020-12-21T01:18:42.260-0500][gc,task        ] GC(16318) Using 8 workers of 8 for evacuation
[2020-12-21T01:18:42.262-0500][gc,phases      ] GC(16318)   Pre Evacuate Collection Set: 0.0ms
[2020-12-21T01:18:42.262-0500][gc,phases      ] GC(16318)   Evacuate Collection Set: 0.8ms
[2020-12-21T01:18:42.262-0500][gc,phases      ] GC(16318)   Post Evacuate Collection Set: 1.1ms
[2020-12-21T01:18:42.262-0500][gc,phases      ] GC(16318)   Other: 0.2ms
[2020-12-21T01:18:42.262-0500][gc,heap        ] GC(16318) Eden regions: 10->0(9)
[2020-12-21T01:18:42.262-0500][gc,heap        ] GC(16318) Survivor regions: 0->1(2)
[2020-12-21T01:18:42.262-0500][gc,heap        ] GC(16318) Old regions: 41->41
[2020-12-21T01:18:42.262-0500][gc,heap        ] GC(16318) Humongous regions: 4->4
[2020-12-21T01:18:42.262-0500][gc,metaspace   ] GC(16318) Metaspace: 49932K->49932K(1093632K)
[2020-12-21T01:18:42.262-0500][gc,heap        ] GC(16318) Heap after GC invocations=16319 (full 3273): garbage-first heap   total 64512K, used 43325K [0x0000000083000000, 0x0000000100000000)
[2020-12-21T01:18:42.262-0500][gc,heap        ] GC(16318)   region size 1024K, 1 young (1024K), 1 survivors (1024K)
[2020-12-21T01:18:42.262-0500][gc,heap        ] GC(16318)  Metaspace       used 49932K, capacity 52039K, committed 53632K, reserved 1093632K
[2020-12-21T01:18:42.262-0500][gc,heap        ] GC(16318)   class space    used 7422K, capacity 8193K, committed 8832K, reserved 1048576K
[2020-12-21T01:18:42.262-0500][gc             ] GC(16318) Pause Young (Normal) (G1 Evacuation Pause) 52M->42M(63M) 2.109ms
[2020-12-21T01:18:42.262-0500][gc,cpu         ] GC(16318) User=0.01s Sys=0.00s Real=0.00s
[2020-12-21T01:20:16.015-0500][gc,heap        ] GC(16319) Heap before GC invocations=16319 (full 3273): garbage-first heap   total 64512K, used 51517K [0x0000000083000000, 0x0000000100000000)
[2020-12-21T01:20:16.015-0500][gc,heap        ] GC(16319)   region size 1024K, 10 young (10240K), 1 survivors (1024K)
[2020-12-21T01:20:16.015-0500][gc,heap        ] GC(16319)  Metaspace       used 49932K, capacity 52039K, committed 53632K, reserved 1093632K
[2020-12-21T01:20:16.015-0500][gc,heap        ] GC(16319)   class space    used 7422K, capacity 8193K, committed 8832K, reserved 1048576K
[2020-12-21T01:20:16.015-0500][gc,start       ] GC(16319) Pause Young (Normal) (G1 Evacuation Pause)
[2020-12-21T01:20:16.015-0500][gc,task        ] GC(16319) Using 8 workers of 8 for evacuation
[2020-12-21T01:20:16.020-0500][gc,phases      ] GC(16319)   Pre Evacuate Collection Set: 0.0ms
[2020-12-21T01:20:16.020-0500][gc,phases      ] GC(16319)   Evacuate Collection Set: 1.4ms
[2020-12-21T01:20:16.020-0500][gc,phases      ] GC(16319)   Post Evacuate Collection Set: 2.8ms
[2020-12-21T01:20:16.020-0500][gc,phases      ] GC(16319)   Other: 0.4ms
[2020-12-21T01:20:16.020-0500][gc,heap        ] GC(16319) Eden regions: 9->0(9)
[2020-12-21T01:20:16.020-0500][gc,heap        ] GC(16319) Survivor regions: 1->1(2)
[2020-12-21T01:20:16.020-0500][gc,heap        ] GC(16319) Old regions: 41->41
[2020-12-21T01:20:16.020-0500][gc,heap        ] GC(16319) Humongous regions: 4->4
[2020-12-21T01:20:16.020-0500][gc,metaspace   ] GC(16319) Metaspace: 49932K->49932K(1093632K)
[2020-12-21T01:20:16.020-0500][gc,heap        ] GC(16319) Heap after GC invocations=16320 (full 3273): garbage-first heap   total 64512K, used 43288K [0x0000000083000000, 0x0000000100000000)
[2020-12-21T01:20:16.020-0500][gc,heap        ] GC(16319)   region size 1024K, 1 young (1024K), 1 survivors (1024K)
[2020-12-21T01:20:16.020-0500][gc,heap        ] GC(16319)  Metaspace       used 49932K, capacity 52039K, committed 53632K, reserved 1093632K
[2020-12-21T01:20:16.020-0500][gc,heap        ] GC(16319)   class space    used 7422K, capacity 8193K, committed 8832K, reserved 1048576K
[2020-12-21T01:20:16.020-0500][gc             ] GC(16319) Pause Young (Normal) (G1 Evacuation Pause) 51M->42M(63M) 5.360ms
[2020-12-21T01:20:16.021-0500][gc,cpu         ] GC(16319) User=0.02s Sys=0.00s Real=0.01s
[2020-12-21T01:21:45.192-0500][gc,task        ] GC(16320) Using 5 workers of 8 for full compaction
[2020-12-21T01:21:45.192-0500][gc,start       ] GC(16320) Pause Full (System.gc())
[2020-12-21T01:21:45.192-0500][gc,heap        ] GC(16320) Heap before GC invocations=16320 (full 3273): garbage-first heap   total 64512K, used 49432K [0x0000000083000000, 0x0000000100000000)
[2020-12-21T01:21:45.192-0500][gc,heap        ] GC(16320)   region size 1024K, 9 young (9216K), 1 survivors (1024K)
[2020-12-21T01:21:45.192-0500][gc,heap        ] GC(16320)  Metaspace       used 49932K, capacity 52039K, committed 53632K, reserved 1093632K
[2020-12-21T01:21:45.192-0500][gc,heap        ] GC(16320)   class space    used 7422K, capacity 8193K, committed 8832K, reserved 1048576K
[2020-12-21T01:21:45.193-0500][gc,phases,start] GC(16320) Phase 1: Mark live objects
[2020-12-21T01:21:45.229-0500][gc,stringtable ] GC(16320) Cleaned string and symbol table, strings: 33099 processed, 4 removed, symbols: 120816 processed, 0 removed
[2020-12-21T01:21:45.229-0500][gc,phases      ] GC(16320) Phase 1: Mark live objects 36.453ms
[2020-12-21T01:21:45.229-0500][gc,phases,start] GC(16320) Phase 2: Prepare for compaction
[2020-12-21T01:21:45.233-0500][gc,phases      ] GC(16320) Phase 2: Prepare for compaction 3.610ms
[2020-12-21T01:21:45.233-0500][gc,phases,start] GC(16320) Phase 3: Adjust pointers
[2020-12-21T01:21:45.244-0500][gc,phases      ] GC(16320) Phase 3: Adjust pointers 10.843ms
[2020-12-21T01:21:45.244-0500][gc,phases,start] GC(16320) Phase 4: Compact heap
[2020-12-21T01:21:45.247-0500][gc,phases      ] GC(16320) Phase 4: Compact heap 2.727ms
[2020-12-21T01:21:45.253-0500][gc,heap        ] GC(16320) Eden regions: 8->0(10)
[2020-12-21T01:21:45.253-0500][gc,heap        ] GC(16320) Survivor regions: 1->0(2)
[2020-12-21T01:21:45.253-0500][gc,heap        ] GC(16320) Old regions: 41->41
[2020-12-21T01:21:45.253-0500][gc,heap        ] GC(16320) Humongous regions: 4->4
[2020-12-21T01:21:45.253-0500][gc,metaspace   ] GC(16320) Metaspace: 49932K->49932K(1093632K)
[2020-12-21T01:21:45.253-0500][gc,heap        ] GC(16320) Heap after GC invocations=16321 (full 3274): garbage-first heap   total 64512K, used 43221K [0x0000000083000000, 0x0000000100000000)
[2020-12-21T01:21:45.253-0500][gc,heap        ] GC(16320)   region size 1024K, 0 young (0K), 0 survivors (0K)
[2020-12-21T01:21:45.253-0500][gc,heap        ] GC(16320)  Metaspace       used 49932K, capacity 52039K, committed 53632K, reserved 1093632K
[2020-12-21T01:21:45.253-0500][gc,heap        ] GC(16320)   class space    used 7422K, capacity 8193K, committed 8832K, reserved 1048576K
[2020-12-21T01:21:45.253-0500][gc             ] GC(16320) Pause Full (System.gc()) 49M->42M(63M) 60.536ms
[2020-12-21T01:21:45.253-0500][gc,cpu         ] GC(16320) User=0.25s Sys=0.00s Real=0.06s
[2020-12-21T01:23:43.239-0500][gc,heap        ] GC(16321) Heap before GC invocations=16321 (full 3274): garbage-first heap   total 64512K, used 52437K [0x0000000083000000, 0x0000000100000000)
[2020-12-21T01:23:43.239-0500][gc,heap        ] GC(16321)   region size 1024K, 10 young (10240K), 0 survivors (0K)
[2020-12-21T01:23:43.239-0500][gc,heap        ] GC(16321)  Metaspace       used 49932K, capacity 52039K, committed 53632K, reserved 1093632K
[2020-12-21T01:23:43.239-0500][gc,heap        ] GC(16321)   class space    used 7422K, capacity 8193K, committed 8832K, reserved 1048576K
[2020-12-21T01:23:43.239-0500][gc,start       ] GC(16321) Pause Young (Normal) (G1 Evacuation Pause)
[2020-12-21T01:23:43.239-0500][gc,task        ] GC(16321) Using 8 workers of 8 for evacuation
[2020-12-21T01:23:43.241-0500][gc,phases      ] GC(16321)   Pre Evacuate Collection Set: 0.0ms
[2020-12-21T01:23:43.241-0500][gc,phases      ] GC(16321)   Evacuate Collection Set: 0.6ms
[2020-12-21T01:23:43.241-0500][gc,phases      ] GC(16321)   Post Evacuate Collection Set: 1.1ms
[2020-12-21T01:23:43.241-0500][gc,phases      ] GC(16321)   Other: 0.2ms
[2020-12-21T01:23:43.241-0500][gc,heap        ] GC(16321) Eden regions: 10->0(9)
[2020-12-21T01:23:43.241-0500][gc,heap        ] GC(16321) Survivor regions: 0->1(2)
[2020-12-21T01:23:43.241-0500][gc,heap        ] GC(16321) Old regions: 41->41
[2020-12-21T01:23:43.241-0500][gc,heap        ] GC(16321) Humongous regions: 4->4
[2020-12-21T01:23:43.241-0500][gc,metaspace   ] GC(16321) Metaspace: 49932K->49932K(1093632K)
[2020-12-21T01:23:43.241-0500][gc,heap        ] GC(16321) Heap after GC invocations=16322 (full 3274): garbage-first heap   total 64512K, used 43315K [0x0000000083000000, 0x0000000100000000)
[2020-12-21T01:23:43.241-0500][gc,heap        ] GC(16321)   region size 1024K, 1 young (1024K), 1 survivors (1024K)
[2020-12-21T01:23:43.241-0500][gc,heap        ] GC(16321)  Metaspace       used 49932K, capacity 52039K, committed 53632K, reserved 1093632K
[2020-12-21T01:23:43.241-0500][gc,heap        ] GC(16321)   class space    used 7422K, capacity 8193K, committed 8832K, reserved 1048576K
[2020-12-21T01:23:43.241-0500][gc             ] GC(16321) Pause Young (Normal) (G1 Evacuation Pause) 52M->42M(63M) 2.098ms
[2020-12-21T01:23:43.241-0500][gc,cpu         ] GC(16321) User=0.00s Sys=0.00s Real=0.00s
[2020-12-21T01:25:16.269-0500][gc,heap        ] GC(16322) Heap before GC invocations=16322 (full 3274): garbage-first heap   total 64512K, used 51507K [0x0000000083000000, 0x0000000100000000)
[2020-12-21T01:25:16.269-0500][gc,heap        ] GC(16322)   region size 1024K, 10 young (10240K), 1 survivors (1024K)
[2020-12-21T01:25:16.269-0500][gc,heap        ] GC(16322)  Metaspace       used 49932K, capacity 52039K, committed 53632K, reserved 1093632K
[2020-12-21T01:25:16.269-0500][gc,heap        ] GC(16322)   class space    used 7422K, capacity 8193K, committed 8832K, reserved 1048576K
[2020-12-21T01:25:16.269-0500][gc,start       ] GC(16322) Pause Young (Normal) (G1 Evacuation Pause)
[2020-12-21T01:25:16.269-0500][gc,task        ] GC(16322) Using 8 workers of 8 for evacuation
[2020-12-21T01:25:16.272-0500][gc,phases      ] GC(16322)   Pre Evacuate Collection Set: 0.0ms
[2020-12-21T01:25:16.272-0500][gc,phases      ] GC(16322)   Evacuate Collection Set: 0.7ms
[2020-12-21T01:25:16.272-0500][gc,phases      ] GC(16322)   Post Evacuate Collection Set: 1.8ms
[2020-12-21T01:25:16.272-0500][gc,phases      ] GC(16322)   Other: 0.3ms
[2020-12-21T01:25:16.272-0500][gc,heap        ] GC(16322) Eden regions: 9->0(9)
[2020-12-21T01:25:16.272-0500][gc,heap        ] GC(16322) Survivor regions: 1->1(2)
[2020-12-21T01:25:16.272-0500][gc,heap        ] GC(16322) Old regions: 41->41
[2020-12-21T01:25:16.272-0500][gc,heap        ] GC(16322) Humongous regions: 4->4
[2020-12-21T01:25:16.272-0500][gc,metaspace   ] GC(16322) Metaspace: 49932K->49932K(1093632K)
[2020-12-21T01:25:16.272-0500][gc,heap        ] GC(16322) Heap after GC invocations=16323 (full 3274): garbage-first heap   total 64512K, used 43265K [0x0000000083000000, 0x0000000100000000)
[2020-12-21T01:25:16.272-0500][gc,heap        ] GC(16322)   region size 1024K, 1 young (1024K), 1 survivors (1024K)
[2020-12-21T01:25:16.272-0500][gc,heap        ] GC(16322)  Metaspace       used 49932K, capacity 52039K, committed 53632K, reserved 1093632K
[2020-12-21T01:25:16.272-0500][gc,heap        ] GC(16322)   class space    used 7422K, capacity 8193K, committed 8832K, reserved 1048576K
[2020-12-21T01:25:16.272-0500][gc             ] GC(16322) Pause Young (Normal) (G1 Evacuation Pause) 51M->42M(63M) 3.260ms
[2020-12-21T01:25:16.272-0500][gc,cpu         ] GC(16322) User=0.00s Sys=0.01s Real=0.00s
[2020-12-21T01:26:45.199-0500][gc,task        ] GC(16323) Using 5 workers of 8 for full compaction
[2020-12-21T01:26:45.199-0500][gc,start       ] GC(16323) Pause Full (System.gc())
[2020-12-21T01:26:45.199-0500][gc,heap        ] GC(16323) Heap before GC invocations=16323 (full 3274): garbage-first heap   total 64512K, used 50433K [0x0000000083000000, 0x0000000100000000)
[2020-12-21T01:26:45.199-0500][gc,heap        ] GC(16323)   region size 1024K, 9 young (9216K), 1 survivors (1024K)
[2020-12-21T01:26:45.199-0500][gc,heap        ] GC(16323)  Metaspace       used 49932K, capacity 52039K, committed 53632K, reserved 1093632K
[2020-12-21T01:26:45.199-0500][gc,heap        ] GC(16323)   class space    used 7422K, capacity 8193K, committed 8832K, reserved 1048576K
[2020-12-21T01:26:45.200-0500][gc,phases,start] GC(16323) Phase 1: Mark live objects
[2020-12-21T01:26:45.238-0500][gc,stringtable ] GC(16323) Cleaned string and symbol table, strings: 33099 processed, 4 removed, symbols: 120816 processed, 0 removed
[2020-12-21T01:26:45.238-0500][gc,phases      ] GC(16323) Phase 1: Mark live objects 38.868ms
[2020-12-21T01:26:45.238-0500][gc,phases,start] GC(16323) Phase 2: Prepare for compaction
[2020-12-21T01:26:45.243-0500][gc,phases      ] GC(16323) Phase 2: Prepare for compaction 4.357ms
[2020-12-21T01:26:45.243-0500][gc,phases,start] GC(16323) Phase 3: Adjust pointers
[2020-12-21T01:26:45.256-0500][gc,phases      ] GC(16323) Phase 3: Adjust pointers 12.962ms
[2020-12-21T01:26:45.256-0500][gc,phases,start] GC(16323) Phase 4: Compact heap
[2020-12-21T01:26:45.259-0500][gc,phases      ] GC(16323) Phase 4: Compact heap 2.723ms
[2020-12-21T01:26:45.264-0500][gc,heap        ] GC(16323) Eden regions: 8->0(10)
[2020-12-21T01:26:45.264-0500][gc,heap        ] GC(16323) Survivor regions: 1->0(2)
[2020-12-21T01:26:45.265-0500][gc,heap        ] GC(16323) Old regions: 41->41
[2020-12-21T01:26:45.265-0500][gc,heap        ] GC(16323) Humongous regions: 4->4
[2020-12-21T01:26:45.265-0500][gc,metaspace   ] GC(16323) Metaspace: 49932K->49932K(1093632K)
[2020-12-21T01:26:45.265-0500][gc,heap        ] GC(16323) Heap after GC invocations=16324 (full 3275): garbage-first heap   total 64512K, used 43215K [0x0000000083000000, 0x0000000100000000)
[2020-12-21T01:26:45.265-0500][gc,heap        ] GC(16323)   region size 1024K, 0 young (0K), 0 survivors (0K)
[2020-12-21T01:26:45.265-0500][gc,heap        ] GC(16323)  Metaspace       used 49932K, capacity 52039K, committed 53632K, reserved 1093632K
[2020-12-21T01:26:45.265-0500][gc,heap        ] GC(16323)   class space    used 7422K, capacity 8193K, committed 8832K, reserved 1048576K
[2020-12-21T01:26:45.265-0500][gc             ] GC(16323) Pause Full (System.gc()) 49M->42M(63M) 65.728ms
[2020-12-21T01:26:45.265-0500][gc,cpu         ] GC(16323) User=0.28s Sys=0.00s Real=0.06s
[2020-12-21T01:28:44.230-0500][gc,heap        ] GC(16324) Heap before GC invocations=16324 (full 3275): garbage-first heap   total 64512K, used 53455K [0x0000000083000000, 0x0000000100000000)
[2020-12-21T01:28:44.230-0500][gc,heap        ] GC(16324)   region size 1024K, 10 young (10240K), 0 survivors (0K)
[2020-12-21T01:28:44.230-0500][gc,heap        ] GC(16324)  Metaspace       used 49932K, capacity 52039K, committed 53632K, reserved 1093632K
[2020-12-21T01:28:44.230-0500][gc,heap        ] GC(16324)   class space    used 7422K, capacity 8193K, committed 8832K, reserved 1048576K
[2020-12-21T01:28:44.230-0500][gc,start       ] GC(16324) Pause Young (Normal) (G1 Evacuation Pause)
[2020-12-21T01:28:44.230-0500][gc,task        ] GC(16324) Using 8 workers of 8 for evacuation
[2020-12-21T01:28:44.235-0500][gc,phases      ] GC(16324)   Pre Evacuate Collection Set: 0.0ms
[2020-12-21T01:28:44.235-0500][gc,phases      ] GC(16324)   Evacuate Collection Set: 0.7ms
[2020-12-21T01:28:44.235-0500][gc,phases      ] GC(16324)   Post Evacuate Collection Set: 4.3ms
[2020-12-21T01:28:44.235-0500][gc,phases      ] GC(16324)   Other: 0.4ms
[2020-12-21T01:28:44.235-0500][gc,heap        ] GC(16324) Eden regions: 10->0(9)
[2020-12-21T01:28:44.235-0500][gc,heap        ] GC(16324) Survivor regions: 0->1(2)
[2020-12-21T01:28:44.235-0500][gc,heap        ] GC(16324) Old regions: 41->41
[2020-12-21T01:28:44.235-0500][gc,heap        ] GC(16324) Humongous regions: 4->4
[2020-12-21T01:28:44.235-0500][gc,metaspace   ] GC(16324) Metaspace: 49932K->49932K(1093632K)
[2020-12-21T01:28:44.235-0500][gc,heap        ] GC(16324) Heap after GC invocations=16325 (full 3275): garbage-first heap   total 64512K, used 43306K [0x0000000083000000, 0x0000000100000000)
[2020-12-21T01:28:44.235-0500][gc,heap        ] GC(16324)   region size 1024K, 1 young (1024K), 1 survivors (1024K)
[2020-12-21T01:28:44.235-0500][gc,heap        ] GC(16324)  Metaspace       used 49932K, capacity 52039K, committed 53632K, reserved 1093632K
[2020-12-21T01:28:44.235-0500][gc,heap        ] GC(16324)   class space    used 7422K, capacity 8193K, committed 8832K, reserved 1048576K
[2020-12-21T01:28:44.235-0500][gc             ] GC(16324) Pause Young (Normal) (G1 Evacuation Pause) 52M->42M(63M) 5.555ms
[2020-12-21T01:28:44.235-0500][gc,cpu         ] GC(16324) User=0.02s Sys=0.00s Real=0.00s
[2020-12-21T01:30:26.011-0500][gc,heap        ] GC(16325) Heap before GC invocations=16325 (full 3275): garbage-first heap   total 64512K, used 51498K [0x0000000083000000, 0x0000000100000000)
[2020-12-21T01:30:26.011-0500][gc,heap        ] GC(16325)   region size 1024K, 10 young (10240K), 1 survivors (1024K)
[2020-12-21T01:30:26.011-0500][gc,heap        ] GC(16325)  Metaspace       used 49932K, capacity 52039K, committed 53632K, reserved 1093632K
[2020-12-21T01:30:26.011-0500][gc,heap        ] GC(16325)   class space    used 7422K, capacity 8193K, committed 8832K, reserved 1048576K
[2020-12-21T01:30:26.011-0500][gc,start       ] GC(16325) Pause Young (Normal) (G1 Evacuation Pause)
[2020-12-21T01:30:26.011-0500][gc,task        ] GC(16325) Using 8 workers of 8 for evacuation
[2020-12-21T01:30:26.013-0500][gc,phases      ] GC(16325)   Pre Evacuate Collection Set: 0.0ms
[2020-12-21T01:30:26.013-0500][gc,phases      ] GC(16325)   Evacuate Collection Set: 0.6ms
[2020-12-21T01:30:26.013-0500][gc,phases      ] GC(16325)   Post Evacuate Collection Set: 0.7ms
[2020-12-21T01:30:26.013-0500][gc,phases      ] GC(16325)   Other: 0.2ms
[2020-12-21T01:30:26.013-0500][gc,heap        ] GC(16325) Eden regions: 9->0(9)
[2020-12-21T01:30:26.013-0500][gc,heap        ] GC(16325) Survivor regions: 1->1(2)
[2020-12-21T01:30:26.013-0500][gc,heap        ] GC(16325) Old regions: 41->41
[2020-12-21T01:30:26.013-0500][gc,heap        ] GC(16325) Humongous regions: 4->4
[2020-12-21T01:30:26.013-0500][gc,metaspace   ] GC(16325) Metaspace: 49932K->49932K(1093632K)
[2020-12-21T01:30:26.013-0500][gc,heap        ] GC(16325) Heap after GC invocations=16326 (full 3275): garbage-first heap   total 64512K, used 43288K [0x0000000083000000, 0x0000000100000000)
[2020-12-21T01:30:26.013-0500][gc,heap        ] GC(16325)   region size 1024K, 1 young (1024K), 1 survivors (1024K)
[2020-12-21T01:30:26.013-0500][gc,heap        ] GC(16325)  Metaspace       used 49932K, capacity 52039K, committed 53632K, reserved 1093632K
[2020-12-21T01:30:26.013-0500][gc,heap        ] GC(16325)   class space    used 7422K, capacity 8193K, committed 8832K, reserved 1048576K
[2020-12-21T01:30:26.013-0500][gc             ] GC(16325) Pause Young (Normal) (G1 Evacuation Pause) 51M->42M(63M) 1.640ms
[2020-12-21T01:30:26.013-0500][gc,cpu         ] GC(16325) User=0.00s Sys=0.01s Real=0.00s
[2020-12-21T01:31:45.191-0500][gc,task        ] GC(16326) Using 5 workers of 8 for full compaction
[2020-12-21T01:31:45.191-0500][gc,start       ] GC(16326) Pause Full (System.gc())
[2020-12-21T01:31:45.191-0500][gc,heap        ] GC(16326) Heap before GC invocations=16326 (full 3275): garbage-first heap   total 64512K, used 49432K [0x0000000083000000, 0x0000000100000000)
[2020-12-21T01:31:45.191-0500][gc,heap        ] GC(16326)   region size 1024K, 8 young (8192K), 1 survivors (1024K)
[2020-12-21T01:31:45.191-0500][gc,heap        ] GC(16326)  Metaspace       used 49932K, capacity 52039K, committed 53632K, reserved 1093632K
[2020-12-21T01:31:45.191-0500][gc,heap        ] GC(16326)   class space    used 7422K, capacity 8193K, committed 8832K, reserved 1048576K
[2020-12-21T01:31:45.192-0500][gc,phases,start] GC(16326) Phase 1: Mark live objects
[2020-12-21T01:31:45.213-0500][gc,stringtable ] GC(16326) Cleaned string and symbol table, strings: 33099 processed, 4 removed, symbols: 120816 processed, 0 removed
[2020-12-21T01:31:45.213-0500][gc,phases      ] GC(16326) Phase 1: Mark live objects 21.024ms
[2020-12-21T01:31:45.213-0500][gc,phases,start] GC(16326) Phase 2: Prepare for compaction
[2020-12-21T01:31:45.216-0500][gc,phases      ] GC(16326) Phase 2: Prepare for compaction 3.404ms
[2020-12-21T01:31:45.216-0500][gc,phases,start] GC(16326) Phase 3: Adjust pointers
[2020-12-21T01:31:45.227-0500][gc,phases      ] GC(16326) Phase 3: Adjust pointers 11.128ms
[2020-12-21T01:31:45.227-0500][gc,phases,start] GC(16326) Phase 4: Compact heap
[2020-12-21T01:31:45.230-0500][gc,phases      ] GC(16326) Phase 4: Compact heap 2.791ms
[2020-12-21T01:31:45.238-0500][gc,heap        ] GC(16326) Eden regions: 7->0(8)
[2020-12-21T01:31:45.238-0500][gc,heap        ] GC(16326) Survivor regions: 1->0(2)
[2020-12-21T01:31:45.238-0500][gc,heap        ] GC(16326) Old regions: 41->43
[2020-12-21T01:31:45.238-0500][gc,heap        ] GC(16326) Humongous regions: 4->4
[2020-12-21T01:31:45.238-0500][gc,metaspace   ] GC(16326) Metaspace: 49932K->49932K(1093632K)
[2020-12-21T01:31:45.238-0500][gc,heap        ] GC(16326) Heap after GC invocations=16327 (full 3276): garbage-first heap   total 64512K, used 43214K [0x0000000083000000, 0x0000000100000000)
[2020-12-21T01:31:45.238-0500][gc,heap        ] GC(16326)   region size 1024K, 0 young (0K), 0 survivors (0K)
[2020-12-21T01:31:45.238-0500][gc,heap        ] GC(16326)  Metaspace       used 49932K, capacity 52039K, committed 53632K, reserved 1093632K
[2020-12-21T01:31:45.238-0500][gc,heap        ] GC(16326)   class space    used 7422K, capacity 8193K, committed 8832K, reserved 1048576K
[2020-12-21T01:31:45.238-0500][gc             ] GC(16326) Pause Full (System.gc()) 49M->42M(63M) 46.241ms
[2020-12-21T01:31:45.238-0500][gc,cpu         ] GC(16326) User=0.18s Sys=0.00s Real=0.05s
[2020-12-21T01:33:14.871-0500][gc,heap        ] GC(16327) Heap before GC invocations=16327 (full 3276): garbage-first heap   total 64512K, used 50382K [0x0000000083000000, 0x0000000100000000)
[2020-12-21T01:33:14.871-0500][gc,heap        ] GC(16327)   region size 1024K, 8 young (8192K), 0 survivors (0K)
[2020-12-21T01:33:14.871-0500][gc,heap        ] GC(16327)  Metaspace       used 49932K, capacity 52039K, committed 53632K, reserved 1093632K
[2020-12-21T01:33:14.871-0500][gc,heap        ] GC(16327)   class space    used 7422K, capacity 8193K, committed 8832K, reserved 1048576K
[2020-12-21T01:33:14.871-0500][gc,start       ] GC(16327) Pause Young (Normal) (G1 Evacuation Pause)
[2020-12-21T01:33:14.871-0500][gc,task        ] GC(16327) Using 8 workers of 8 for evacuation
[2020-12-21T01:33:14.873-0500][gc,phases      ] GC(16327)   Pre Evacuate Collection Set: 0.0ms
[2020-12-21T01:33:14.873-0500][gc,phases      ] GC(16327)   Evacuate Collection Set: 0.6ms
[2020-12-21T01:33:14.873-0500][gc,phases      ] GC(16327)   Post Evacuate Collection Set: 0.9ms
[2020-12-21T01:33:14.873-0500][gc,phases      ] GC(16327)   Other: 0.2ms
[2020-12-21T01:33:14.873-0500][gc,heap        ] GC(16327) Eden regions: 8->0(7)
[2020-12-21T01:33:14.873-0500][gc,heap        ] GC(16327) Survivor regions: 0->1(1)
[2020-12-21T01:33:14.873-0500][gc,heap        ] GC(16327) Old regions: 43->43
[2020-12-21T01:33:14.873-0500][gc,heap        ] GC(16327) Humongous regions: 4->4
[2020-12-21T01:33:14.873-0500][gc,metaspace   ] GC(16327) Metaspace: 49932K->49932K(1093632K)
[2020-12-21T01:33:14.873-0500][gc,heap        ] GC(16327) Heap after GC invocations=16328 (full 3276): garbage-first heap   total 64512K, used 43412K [0x0000000083000000, 0x0000000100000000)
[2020-12-21T01:33:14.873-0500][gc,heap        ] GC(16327)   region size 1024K, 1 young (1024K), 1 survivors (1024K)
[2020-12-21T01:33:14.873-0500][gc,heap        ] GC(16327)  Metaspace       used 49932K, capacity 52039K, committed 53632K, reserved 1093632K
[2020-12-21T01:33:14.873-0500][gc,heap        ] GC(16327)   class space    used 7422K, capacity 8193K, committed 8832K, reserved 1048576K
[2020-12-21T01:33:14.873-0500][gc             ] GC(16327) Pause Young (Normal) (G1 Evacuation Pause) 50M->42M(63M) 1.709ms
[2020-12-21T01:33:14.873-0500][gc,cpu         ] GC(16327) User=0.00s Sys=0.00s Real=0.00s
[2020-12-21T01:34:36.012-0500][gc,heap        ] GC(16328) Heap before GC invocations=16328 (full 3276): garbage-first heap   total 64512K, used 49556K [0x0000000083000000, 0x0000000100000000)
[2020-12-21T01:34:36.012-0500][gc,heap        ] GC(16328)   region size 1024K, 8 young (8192K), 1 survivors (1024K)
[2020-12-21T01:34:36.012-0500][gc,heap        ] GC(16328)  Metaspace       used 49932K, capacity 52039K, committed 53632K, reserved 1093632K
[2020-12-21T01:34:36.012-0500][gc,heap        ] GC(16328)   class space    used 7422K, capacity 8193K, committed 8832K, reserved 1048576K
[2020-12-21T01:34:36.012-0500][gc,start       ] GC(16328) Pause Young (Normal) (G1 Evacuation Pause)
[2020-12-21T01:34:36.012-0500][gc,task        ] GC(16328) Using 8 workers of 8 for evacuation
[2020-12-21T01:34:36.016-0500][gc,phases      ] GC(16328)   Pre Evacuate Collection Set: 0.0ms
[2020-12-21T01:34:36.016-0500][gc,phases      ] GC(16328)   Evacuate Collection Set: 0.7ms
[2020-12-21T01:34:36.016-0500][gc,phases      ] GC(16328)   Post Evacuate Collection Set: 2.9ms
[2020-12-21T01:34:36.016-0500][gc,phases      ] GC(16328)   Other: 0.2ms
[2020-12-21T01:34:36.016-0500][gc,heap        ] GC(16328) Eden regions: 7->0(7)
[2020-12-21T01:34:36.016-0500][gc,heap        ] GC(16328) Survivor regions: 1->1(1)
[2020-12-21T01:34:36.016-0500][gc,heap        ] GC(16328) Old regions: 43->43
[2020-12-21T01:34:36.016-0500][gc,heap        ] GC(16328) Humongous regions: 4->4
[2020-12-21T01:34:36.016-0500][gc,metaspace   ] GC(16328) Metaspace: 49932K->49932K(1093632K)
[2020-12-21T01:34:36.016-0500][gc,heap        ] GC(16328) Heap after GC invocations=16329 (full 3276): garbage-first heap   total 64512K, used 43264K [0x0000000083000000, 0x0000000100000000)
[2020-12-21T01:34:36.016-0500][gc,heap        ] GC(16328)   region size 1024K, 1 young (1024K), 1 survivors (1024K)
[2020-12-21T01:34:36.016-0500][gc,heap        ] GC(16328)  Metaspace       used 49932K, capacity 52039K, committed 53632K, reserved 1093632K
[2020-12-21T01:34:36.016-0500][gc,heap        ] GC(16328)   class space    used 7422K, capacity 8193K, committed 8832K, reserved 1048576K
[2020-12-21T01:34:36.016-0500][gc             ] GC(16328) Pause Young (Normal) (G1 Evacuation Pause) 49M->42M(63M) 3.834ms
[2020-12-21T01:34:36.016-0500][gc,cpu         ] GC(16328) User=0.02s Sys=0.00s Real=0.00s
[2020-12-21T01:35:56.011-0500][gc,heap        ] GC(16329) Heap before GC invocations=16329 (full 3276): garbage-first heap   total 64512K, used 50432K [0x0000000083000000, 0x0000000100000000)
[2020-12-21T01:35:56.011-0500][gc,heap        ] GC(16329)   region size 1024K, 8 young (8192K), 1 survivors (1024K)
[2020-12-21T01:35:56.011-0500][gc,heap        ] GC(16329)  Metaspace       used 49932K, capacity 52039K, committed 53632K, reserved 1093632K
[2020-12-21T01:35:56.011-0500][gc,heap        ] GC(16329)   class space    used 7422K, capacity 8193K, committed 8832K, reserved 1048576K
[2020-12-21T01:35:56.011-0500][gc,start       ] GC(16329) Pause Young (Normal) (G1 Evacuation Pause)
[2020-12-21T01:35:56.011-0500][gc,task        ] GC(16329) Using 8 workers of 8 for evacuation
[2020-12-21T01:35:56.013-0500][gc,phases      ] GC(16329)   Pre Evacuate Collection Set: 0.0ms
[2020-12-21T01:35:56.013-0500][gc,phases      ] GC(16329)   Evacuate Collection Set: 0.6ms
[2020-12-21T01:35:56.013-0500][gc,phases      ] GC(16329)   Post Evacuate Collection Set: 0.8ms
[2020-12-21T01:35:56.013-0500][gc,phases      ] GC(16329)   Other: 0.2ms
[2020-12-21T01:35:56.013-0500][gc,heap        ] GC(16329) Eden regions: 7->0(7)
[2020-12-21T01:35:56.013-0500][gc,heap        ] GC(16329) Survivor regions: 1->1(1)
[2020-12-21T01:35:56.013-0500][gc,heap        ] GC(16329) Old regions: 43->43
[2020-12-21T01:35:56.013-0500][gc,heap        ] GC(16329) Humongous regions: 4->4
[2020-12-21T01:35:56.013-0500][gc,metaspace   ] GC(16329) Metaspace: 49932K->49932K(1093632K)
[2020-12-21T01:35:56.013-0500][gc,heap        ] GC(16329) Heap after GC invocations=16330 (full 3276): garbage-first heap   total 64512K, used 43271K [0x0000000083000000, 0x0000000100000000)
[2020-12-21T01:35:56.013-0500][gc,heap        ] GC(16329)   region size 1024K, 1 young (1024K), 1 survivors (1024K)
[2020-12-21T01:35:56.013-0500][gc,heap        ] GC(16329)  Metaspace       used 49932K, capacity 52039K, committed 53632K, reserved 1093632K
[2020-12-21T01:35:56.013-0500][gc,heap        ] GC(16329)   class space    used 7422K, capacity 8193K, committed 8832K, reserved 1048576K
[2020-12-21T01:35:56.013-0500][gc             ] GC(16329) Pause Young (Normal) (G1 Evacuation Pause) 49M->42M(63M) 1.634ms
[2020-12-21T01:35:56.013-0500][gc,cpu         ] GC(16329) User=0.00s Sys=0.01s Real=0.00s
[2020-12-21T01:36:45.192-0500][gc,task        ] GC(16330) Using 5 workers of 8 for full compaction
[2020-12-21T01:36:45.192-0500][gc,start       ] GC(16330) Pause Full (System.gc())
[2020-12-21T01:36:45.192-0500][gc,heap        ] GC(16330) Heap before GC invocations=16330 (full 3276): garbage-first heap   total 64512K, used 47367K [0x0000000083000000, 0x0000000100000000)
[2020-12-21T01:36:45.192-0500][gc,heap        ] GC(16330)   region size 1024K, 6 young (6144K), 1 survivors (1024K)
[2020-12-21T01:36:45.192-0500][gc,heap        ] GC(16330)  Metaspace       used 49932K, capacity 52039K, committed 53632K, reserved 1093632K
[2020-12-21T01:36:45.192-0500][gc,heap        ] GC(16330)   class space    used 7422K, capacity 8193K, committed 8832K, reserved 1048576K
[2020-12-21T01:36:45.192-0500][gc,phases,start] GC(16330) Phase 1: Mark live objects
[2020-12-21T01:36:45.214-0500][gc,stringtable ] GC(16330) Cleaned string and symbol table, strings: 33099 processed, 4 removed, symbols: 120816 processed, 0 removed
[2020-12-21T01:36:45.214-0500][gc,phases      ] GC(16330) Phase 1: Mark live objects 22.339ms
[2020-12-21T01:36:45.214-0500][gc,phases,start] GC(16330) Phase 2: Prepare for compaction
[2020-12-21T01:36:45.218-0500][gc,phases      ] GC(16330) Phase 2: Prepare for compaction 3.656ms
[2020-12-21T01:36:45.218-0500][gc,phases,start] GC(16330) Phase 3: Adjust pointers
[2020-12-21T01:36:45.231-0500][gc,phases      ] GC(16330) Phase 3: Adjust pointers 12.613ms
[2020-12-21T01:36:45.231-0500][gc,phases,start] GC(16330) Phase 4: Compact heap
[2020-12-21T01:36:45.234-0500][gc,phases      ] GC(16330) Phase 4: Compact heap 3.065ms
[2020-12-21T01:36:45.243-0500][gc,heap        ] GC(16330) Eden regions: 5->0(9)
[2020-12-21T01:36:45.243-0500][gc,heap        ] GC(16330) Survivor regions: 1->0(1)
[2020-12-21T01:36:45.243-0500][gc,heap        ] GC(16330) Old regions: 43->42
[2020-12-21T01:36:45.243-0500][gc,heap        ] GC(16330) Humongous regions: 4->4
[2020-12-21T01:36:45.243-0500][gc,metaspace   ] GC(16330) Metaspace: 49932K->49932K(1093632K)
[2020-12-21T01:36:45.243-0500][gc,heap        ] GC(16330) Heap after GC invocations=16331 (full 3277): garbage-first heap   total 64512K, used 43215K [0x0000000083000000, 0x0000000100000000)
[2020-12-21T01:36:45.243-0500][gc,heap        ] GC(16330)   region size 1024K, 0 young (0K), 0 survivors (0K)
[2020-12-21T01:36:45.243-0500][gc,heap        ] GC(16330)  Metaspace       used 49932K, capacity 52039K, committed 53632K, reserved 1093632K
[2020-12-21T01:36:45.243-0500][gc,heap        ] GC(16330)   class space    used 7422K, capacity 8193K, committed 8832K, reserved 1048576K
[2020-12-21T01:36:45.243-0500][gc             ] GC(16330) Pause Full (System.gc()) 46M->42M(63M) 51.309ms
[2020-12-21T01:36:45.243-0500][gc,cpu         ] GC(16330) User=0.20s Sys=0.00s Real=0.05s
[2020-12-21T01:38:16.013-0500][gc,heap        ] GC(16331) Heap before GC invocations=16331 (full 3277): garbage-first heap   total 64512K, used 51407K [0x0000000083000000, 0x0000000100000000)
[2020-12-21T01:38:16.013-0500][gc,heap        ] GC(16331)   region size 1024K, 9 young (9216K), 0 survivors (0K)
[2020-12-21T01:38:16.013-0500][gc,heap        ] GC(16331)  Metaspace       used 49932K, capacity 52039K, committed 53632K, reserved 1093632K
[2020-12-21T01:38:16.013-0500][gc,heap        ] GC(16331)   class space    used 7422K, capacity 8193K, committed 8832K, reserved 1048576K
[2020-12-21T01:38:16.013-0500][gc,start       ] GC(16331) Pause Young (Normal) (G1 Evacuation Pause)
[2020-12-21T01:38:16.013-0500][gc,task        ] GC(16331) Using 8 workers of 8 for evacuation
[2020-12-21T01:38:16.014-0500][gc,phases      ] GC(16331)   Pre Evacuate Collection Set: 0.0ms
[2020-12-21T01:38:16.014-0500][gc,phases      ] GC(16331)   Evacuate Collection Set: 0.6ms
[2020-12-21T01:38:16.014-0500][gc,phases      ] GC(16331)   Post Evacuate Collection Set: 0.9ms
[2020-12-21T01:38:16.014-0500][gc,phases      ] GC(16331)   Other: 0.2ms
[2020-12-21T01:38:16.014-0500][gc,heap        ] GC(16331) Eden regions: 9->0(8)
[2020-12-21T01:38:16.014-0500][gc,heap        ] GC(16331) Survivor regions: 0->1(2)
[2020-12-21T01:38:16.014-0500][gc,heap        ] GC(16331) Old regions: 42->42
[2020-12-21T01:38:16.014-0500][gc,heap        ] GC(16331) Humongous regions: 4->4
[2020-12-21T01:38:16.014-0500][gc,metaspace   ] GC(16331) Metaspace: 49932K->49932K(1093632K)
[2020-12-21T01:38:16.014-0500][gc,heap        ] GC(16331) Heap after GC invocations=16332 (full 3277): garbage-first heap   total 64512K, used 43291K [0x0000000083000000, 0x0000000100000000)
[2020-12-21T01:38:16.014-0500][gc,heap        ] GC(16331)   region size 1024K, 1 young (1024K), 1 survivors (1024K)
[2020-12-21T01:38:16.014-0500][gc,heap        ] GC(16331)  Metaspace       used 49932K, capacity 52039K, committed 53632K, reserved 1093632K
[2020-12-21T01:38:16.014-0500][gc,heap        ] GC(16331)   class space    used 7422K, capacity 8193K, committed 8832K, reserved 1048576K
[2020-12-21T01:38:16.014-0500][gc             ] GC(16331) Pause Young (Normal) (G1 Evacuation Pause) 51M->42M(63M) 1.680ms
[2020-12-21T01:38:16.014-0500][gc,cpu         ] GC(16331) User=0.00s Sys=0.01s Real=0.00s
[2020-12-21T01:39:46.015-0500][gc,heap        ] GC(16332) Heap before GC invocations=16332 (full 3277): garbage-first heap   total 64512K, used 50459K [0x0000000083000000, 0x0000000100000000)
[2020-12-21T01:39:46.015-0500][gc,heap        ] GC(16332)   region size 1024K, 9 young (9216K), 1 survivors (1024K)
[2020-12-21T01:39:46.015-0500][gc,heap        ] GC(16332)  Metaspace       used 49932K, capacity 52039K, committed 53632K, reserved 1093632K
[2020-12-21T01:39:46.015-0500][gc,heap        ] GC(16332)   class space    used 7422K, capacity 8193K, committed 8832K, reserved 1048576K
[2020-12-21T01:39:46.015-0500][gc,start       ] GC(16332) Pause Young (Normal) (G1 Evacuation Pause)
[2020-12-21T01:39:46.015-0500][gc,task        ] GC(16332) Using 8 workers of 8 for evacuation
[2020-12-21T01:39:46.017-0500][gc,phases      ] GC(16332)   Pre Evacuate Collection Set: 0.0ms
[2020-12-21T01:39:46.017-0500][gc,phases      ] GC(16332)   Evacuate Collection Set: 1.5ms
[2020-12-21T01:39:46.017-0500][gc,phases      ] GC(16332)   Post Evacuate Collection Set: 0.9ms
[2020-12-21T01:39:46.018-0500][gc,phases      ] GC(16332)   Other: 0.2ms
[2020-12-21T01:39:46.018-0500][gc,heap        ] GC(16332) Eden regions: 8->0(8)
[2020-12-21T01:39:46.018-0500][gc,heap        ] GC(16332) Survivor regions: 1->1(2)
[2020-12-21T01:39:46.018-0500][gc,heap        ] GC(16332) Old regions: 42->42
[2020-12-21T01:39:46.018-0500][gc,heap        ] GC(16332) Humongous regions: 4->4
[2020-12-21T01:39:46.018-0500][gc,metaspace   ] GC(16332) Metaspace: 49932K->49932K(1093632K)
[2020-12-21T01:39:46.018-0500][gc,heap        ] GC(16332) Heap after GC invocations=16333 (full 3277): garbage-first heap   total 64512K, used 43262K [0x0000000083000000, 0x0000000100000000)
[2020-12-21T01:39:46.018-0500][gc,heap        ] GC(16332)   region size 1024K, 1 young (1024K), 1 survivors (1024K)
[2020-12-21T01:39:46.018-0500][gc,heap        ] GC(16332)  Metaspace       used 49932K, capacity 52039K, committed 53632K, reserved 1093632K
[2020-12-21T01:39:46.018-0500][gc,heap        ] GC(16332)   class space    used 7422K, capacity 8193K, committed 8832K, reserved 1048576K
[2020-12-21T01:39:46.018-0500][gc             ] GC(16332) Pause Young (Normal) (G1 Evacuation Pause) 50M->42M(63M) 2.704ms
[2020-12-21T01:39:46.018-0500][gc,cpu         ] GC(16332) User=0.01s Sys=0.00s Real=0.00s
[2020-12-21T01:41:03.035-0500][gc,heap        ] GC(16333) Heap before GC invocations=16333 (full 3277): garbage-first heap   total 64512K, used 50430K [0x0000000083000000, 0x0000000100000000)
[2020-12-21T01:41:03.035-0500][gc,heap        ] GC(16333)   region size 1024K, 9 young (9216K), 1 survivors (1024K)
[2020-12-21T01:41:03.035-0500][gc,heap        ] GC(16333)  Metaspace       used 49932K, capacity 52039K, committed 53632K, reserved 1093632K
[2020-12-21T01:41:03.035-0500][gc,heap        ] GC(16333)   class space    used 7422K, capacity 8193K, committed 8832K, reserved 1048576K
[2020-12-21T01:41:03.036-0500][gc,start       ] GC(16333) Pause Young (Normal) (G1 Evacuation Pause)
[2020-12-21T01:41:03.036-0500][gc,task        ] GC(16333) Using 8 workers of 8 for evacuation
[2020-12-21T01:41:03.037-0500][gc,phases      ] GC(16333)   Pre Evacuate Collection Set: 0.0ms
[2020-12-21T01:41:03.037-0500][gc,phases      ] GC(16333)   Evacuate Collection Set: 0.6ms
[2020-12-21T01:41:03.037-0500][gc,phases      ] GC(16333)   Post Evacuate Collection Set: 0.8ms
[2020-12-21T01:41:03.037-0500][gc,phases      ] GC(16333)   Other: 0.2ms
[2020-12-21T01:41:03.037-0500][gc,heap        ] GC(16333) Eden regions: 8->0(8)
[2020-12-21T01:41:03.037-0500][gc,heap        ] GC(16333) Survivor regions: 1->1(2)
[2020-12-21T01:41:03.037-0500][gc,heap        ] GC(16333) Old regions: 42->42
[2020-12-21T01:41:03.037-0500][gc,heap        ] GC(16333) Humongous regions: 4->4
[2020-12-21T01:41:03.037-0500][gc,metaspace   ] GC(16333) Metaspace: 49932K->49932K(1093632K)
[2020-12-21T01:41:03.037-0500][gc,heap        ] GC(16333) Heap after GC invocations=16334 (full 3277): garbage-first heap   total 64512K, used 43278K [0x0000000083000000, 0x0000000100000000)
[2020-12-21T01:41:03.037-0500][gc,heap        ] GC(16333)   region size 1024K, 1 young (1024K), 1 survivors (1024K)
[2020-12-21T01:41:03.037-0500][gc,heap        ] GC(16333)  Metaspace       used 49932K, capacity 52039K, committed 53632K, reserved 1093632K
[2020-12-21T01:41:03.037-0500][gc,heap        ] GC(16333)   class space    used 7422K, capacity 8193K, committed 8832K, reserved 1048576K
[2020-12-21T01:41:03.037-0500][gc             ] GC(16333) Pause Young (Normal) (G1 Evacuation Pause) 50M->42M(63M) 1.627ms
[2020-12-21T01:41:03.037-0500][gc,cpu         ] GC(16333) User=0.00s Sys=0.00s Real=0.00s
[2020-12-21T01:41:19.630-0500][gc,heap        ] GC(16334) Heap before GC invocations=16334 (full 3277): garbage-first heap   total 64512K, used 50446K [0x0000000083000000, 0x0000000100000000)
[2020-12-21T01:41:19.630-0500][gc,heap        ] GC(16334)   region size 1024K, 9 young (9216K), 1 survivors (1024K)
[2020-12-21T01:41:19.630-0500][gc,heap        ] GC(16334)  Metaspace       used 49953K, capacity 52069K, committed 53632K, reserved 1093632K
[2020-12-21T01:41:19.630-0500][gc,heap        ] GC(16334)   class space    used 7425K, capacity 8198K, committed 8832K, reserved 1048576K
[2020-12-21T01:41:19.630-0500][gc,start       ] GC(16334) Pause Young (Normal) (G1 Evacuation Pause)
[2020-12-21T01:41:19.630-0500][gc,task        ] GC(16334) Using 8 workers of 8 for evacuation
[2020-12-21T01:41:19.635-0500][gc,phases      ] GC(16334)   Pre Evacuate Collection Set: 0.0ms
[2020-12-21T01:41:19.635-0500][gc,phases      ] GC(16334)   Evacuate Collection Set: 2.0ms
[2020-12-21T01:41:19.635-0500][gc,phases      ] GC(16334)   Post Evacuate Collection Set: 3.5ms
[2020-12-21T01:41:19.635-0500][gc,phases      ] GC(16334)   Other: 0.2ms
[2020-12-21T01:41:19.635-0500][gc,heap        ] GC(16334) Eden regions: 8->0(8)
[2020-12-21T01:41:19.635-0500][gc,heap        ] GC(16334) Survivor regions: 1->1(2)
[2020-12-21T01:41:19.635-0500][gc,heap        ] GC(16334) Old regions: 42->42
[2020-12-21T01:41:19.635-0500][gc,heap        ] GC(16334) Humongous regions: 4->4
[2020-12-21T01:41:19.635-0500][gc,metaspace   ] GC(16334) Metaspace: 49953K->49953K(1093632K)
[2020-12-21T01:41:19.635-0500][gc,heap        ] GC(16334) Heap after GC invocations=16335 (full 3277): garbage-first heap   total 64512K, used 44075K [0x0000000083000000, 0x0000000100000000)
[2020-12-21T01:41:19.635-0500][gc,heap        ] GC(16334)   region size 1024K, 1 young (1024K), 1 survivors (1024K)
[2020-12-21T01:41:19.635-0500][gc,heap        ] GC(16334)  Metaspace       used 49953K, capacity 52069K, committed 53632K, reserved 1093632K
[2020-12-21T01:41:19.635-0500][gc,heap        ] GC(16334)   class space    used 7425K, capacity 8198K, committed 8832K, reserved 1048576K
[2020-12-21T01:41:19.635-0500][gc             ] GC(16334) Pause Young (Normal) (G1 Evacuation Pause) 50M->43M(63M) 5.784ms
[2020-12-21T01:41:19.635-0500][gc,cpu         ] GC(16334) User=0.02s Sys=0.00s Real=0.00s
[2020-12-21T01:41:45.191-0500][gc,task        ] GC(16335) Using 5 workers of 8 for full compaction
[2020-12-21T01:41:45.191-0500][gc,start       ] GC(16335) Pause Full (System.gc())
[2020-12-21T01:41:45.191-0500][gc,heap        ] GC(16335) Heap before GC invocations=16335 (full 3277): garbage-first heap   total 64512K, used 49195K [0x0000000083000000, 0x0000000100000000)
[2020-12-21T01:41:45.191-0500][gc,heap        ] GC(16335)   region size 1024K, 8 young (8192K), 1 survivors (1024K)
[2020-12-21T01:41:45.191-0500][gc,heap        ] GC(16335)  Metaspace       used 49966K, capacity 52134K, committed 53632K, reserved 1093632K
[2020-12-21T01:41:45.191-0500][gc,heap        ] GC(16335)   class space    used 7425K, capacity 8198K, committed 8832K, reserved 1048576K
[2020-12-21T01:41:45.191-0500][gc,phases,start] GC(16335) Phase 1: Mark live objects
[2020-12-21T01:41:45.215-0500][gc,stringtable ] GC(16335) Cleaned string and symbol table, strings: 33247 processed, 4 removed, symbols: 120826 processed, 0 removed
[2020-12-21T01:41:45.215-0500][gc,phases      ] GC(16335) Phase 1: Mark live objects 23.932ms
[2020-12-21T01:41:45.215-0500][gc,phases,start] GC(16335) Phase 2: Prepare for compaction
[2020-12-21T01:41:45.219-0500][gc,phases      ] GC(16335) Phase 2: Prepare for compaction 3.980ms
[2020-12-21T01:41:45.219-0500][gc,phases,start] GC(16335) Phase 3: Adjust pointers
[2020-12-21T01:41:45.231-0500][gc,phases      ] GC(16335) Phase 3: Adjust pointers 12.133ms
[2020-12-21T01:41:45.231-0500][gc,phases,start] GC(16335) Phase 4: Compact heap
[2020-12-21T01:41:45.236-0500][gc,phases      ] GC(16335) Phase 4: Compact heap 4.542ms
[2020-12-21T01:41:45.243-0500][gc,heap        ] GC(16335) Eden regions: 7->0(8)
[2020-12-21T01:41:45.243-0500][gc,heap        ] GC(16335) Survivor regions: 1->0(2)
[2020-12-21T01:41:45.243-0500][gc,heap        ] GC(16335) Old regions: 42->43
[2020-12-21T01:41:45.243-0500][gc,heap        ] GC(16335) Humongous regions: 4->4
[2020-12-21T01:41:45.243-0500][gc,metaspace   ] GC(16335) Metaspace: 49966K->49966K(1093632K)
[2020-12-21T01:41:45.243-0500][gc,heap        ] GC(16335) Heap after GC invocations=16336 (full 3278): garbage-first heap   total 64512K, used 44170K [0x0000000083000000, 0x0000000100000000)
[2020-12-21T01:41:45.243-0500][gc,heap        ] GC(16335)   region size 1024K, 0 young (0K), 0 survivors (0K)
[2020-12-21T01:41:45.243-0500][gc,heap        ] GC(16335)  Metaspace       used 49966K, capacity 52134K, committed 53632K, reserved 1093632K
[2020-12-21T01:41:45.243-0500][gc,heap        ] GC(16335)   class space    used 7425K, capacity 8198K, committed 8832K, reserved 1048576K
[2020-12-21T01:41:45.243-0500][gc             ] GC(16335) Pause Full (System.gc()) 49M->43M(63M) 52.317ms
[2020-12-21T01:41:45.243-0500][gc,cpu         ] GC(16335) User=0.21s Sys=0.00s Real=0.05s
[2020-12-21T01:43:06.714-0500][gc,heap        ] GC(16336) Heap before GC invocations=16336 (full 3278): garbage-first heap   total 64512K, used 51338K [0x0000000083000000, 0x0000000100000000)
[2020-12-21T01:43:06.714-0500][gc,heap        ] GC(16336)   region size 1024K, 8 young (8192K), 0 survivors (0K)
[2020-12-21T01:43:06.714-0500][gc,heap        ] GC(16336)  Metaspace       used 49966K, capacity 52134K, committed 53632K, reserved 1093632K
[2020-12-21T01:43:06.714-0500][gc,heap        ] GC(16336)   class space    used 7425K, capacity 8198K, committed 8832K, reserved 1048576K
[2020-12-21T01:43:06.714-0500][gc,start       ] GC(16336) Pause Young (Normal) (G1 Evacuation Pause)
[2020-12-21T01:43:06.714-0500][gc,task        ] GC(16336) Using 8 workers of 8 for evacuation
[2020-12-21T01:43:06.720-0500][gc,phases      ] GC(16336)   Pre Evacuate Collection Set: 0.0ms
[2020-12-21T01:43:06.720-0500][gc,phases      ] GC(16336)   Evacuate Collection Set: 2.2ms
[2020-12-21T01:43:06.720-0500][gc,phases      ] GC(16336)   Post Evacuate Collection Set: 3.1ms
[2020-12-21T01:43:06.720-0500][gc,phases      ] GC(16336)   Other: 0.7ms
[2020-12-21T01:43:06.720-0500][gc,heap        ] GC(16336) Eden regions: 8->0(7)
[2020-12-21T01:43:06.720-0500][gc,heap        ] GC(16336) Survivor regions: 0->1(1)
[2020-12-21T01:43:06.720-0500][gc,heap        ] GC(16336) Old regions: 43->43
[2020-12-21T01:43:06.720-0500][gc,heap        ] GC(16336) Humongous regions: 4->4
[2020-12-21T01:43:06.720-0500][gc,metaspace   ] GC(16336) Metaspace: 49966K->49966K(1093632K)
[2020-12-21T01:43:06.720-0500][gc,heap        ] GC(16336) Heap after GC invocations=16337 (full 3278): garbage-first heap   total 64512K, used 44260K [0x0000000083000000, 0x0000000100000000)
[2020-12-21T01:43:06.720-0500][gc,heap        ] GC(16336)   region size 1024K, 1 young (1024K), 1 survivors (1024K)
[2020-12-21T01:43:06.720-0500][gc,heap        ] GC(16336)  Metaspace       used 49966K, capacity 52134K, committed 53632K, reserved 1093632K
[2020-12-21T01:43:06.720-0500][gc,heap        ] GC(16336)   class space    used 7425K, capacity 8198K, committed 8832K, reserved 1048576K
[2020-12-21T01:43:06.720-0500][gc             ] GC(16336) Pause Young (Normal) (G1 Evacuation Pause) 51M->43M(63M) 6.233ms
[2020-12-21T01:43:06.721-0500][gc,cpu         ] GC(16336) User=0.01s Sys=0.00s Real=0.01s
[2020-12-21T01:44:26.015-0500][gc,heap        ] GC(16337) Heap before GC invocations=16337 (full 3278): garbage-first heap   total 64512K, used 51428K [0x0000000083000000, 0x0000000100000000)
[2020-12-21T01:44:26.015-0500][gc,heap        ] GC(16337)   region size 1024K, 8 young (8192K), 1 survivors (1024K)
[2020-12-21T01:44:26.015-0500][gc,heap        ] GC(16337)  Metaspace       used 49966K, capacity 52134K, committed 53632K, reserved 1093632K
[2020-12-21T01:44:26.015-0500][gc,heap        ] GC(16337)   class space    used 7425K, capacity 8198K, committed 8832K, reserved 1048576K
[2020-12-21T01:44:26.015-0500][gc,start       ] GC(16337) Pause Young (Normal) (G1 Evacuation Pause)
[2020-12-21T01:44:26.015-0500][gc,task        ] GC(16337) Using 8 workers of 8 for evacuation
[2020-12-21T01:44:26.020-0500][gc,phases      ] GC(16337)   Pre Evacuate Collection Set: 0.0ms
[2020-12-21T01:44:26.020-0500][gc,phases      ] GC(16337)   Evacuate Collection Set: 1.3ms
[2020-12-21T01:44:26.020-0500][gc,phases      ] GC(16337)   Post Evacuate Collection Set: 3.8ms
[2020-12-21T01:44:26.021-0500][gc,phases      ] GC(16337)   Other: 0.5ms
[2020-12-21T01:44:26.021-0500][gc,heap        ] GC(16337) Eden regions: 7->0(7)
[2020-12-21T01:44:26.021-0500][gc,heap        ] GC(16337) Survivor regions: 1->1(1)
[2020-12-21T01:44:26.021-0500][gc,heap        ] GC(16337) Old regions: 43->43
[2020-12-21T01:44:26.021-0500][gc,heap        ] GC(16337) Humongous regions: 4->4
[2020-12-21T01:44:26.021-0500][gc,metaspace   ] GC(16337) Metaspace: 49966K->49966K(1093632K)
[2020-12-21T01:44:26.021-0500][gc,heap        ] GC(16337) Heap after GC invocations=16338 (full 3278): garbage-first heap   total 64512K, used 44240K [0x0000000083000000, 0x0000000100000000)
[2020-12-21T01:44:26.021-0500][gc,heap        ] GC(16337)   region size 1024K, 1 young (1024K), 1 survivors (1024K)
[2020-12-21T01:44:26.021-0500][gc,heap        ] GC(16337)  Metaspace       used 49966K, capacity 52134K, committed 53632K, reserved 1093632K
[2020-12-21T01:44:26.021-0500][gc,heap        ] GC(16337)   class space    used 7425K, capacity 8198K, committed 8832K, reserved 1048576K
[2020-12-21T01:44:26.021-0500][gc             ] GC(16337) Pause Young (Normal) (G1 Evacuation Pause) 50M->43M(63M) 5.685ms
[2020-12-21T01:44:26.021-0500][gc,cpu         ] GC(16337) User=0.02s Sys=0.00s Real=0.01s
[2020-12-21T01:45:46.515-0500][gc,heap        ] GC(16338) Heap before GC invocations=16338 (full 3278): garbage-first heap   total 64512K, used 51408K [0x0000000083000000, 0x0000000100000000)
[2020-12-21T01:45:46.515-0500][gc,heap        ] GC(16338)   region size 1024K, 8 young (8192K), 1 survivors (1024K)
[2020-12-21T01:45:46.515-0500][gc,heap        ] GC(16338)  Metaspace       used 49966K, capacity 52134K, committed 53632K, reserved 1093632K
[2020-12-21T01:45:46.515-0500][gc,heap        ] GC(16338)   class space    used 7425K, capacity 8198K, committed 8832K, reserved 1048576K
[2020-12-21T01:45:46.515-0500][gc,start       ] GC(16338) Pause Young (Normal) (G1 Evacuation Pause)
[2020-12-21T01:45:46.515-0500][gc,task        ] GC(16338) Using 8 workers of 8 for evacuation
[2020-12-21T01:45:46.518-0500][gc,phases      ] GC(16338)   Pre Evacuate Collection Set: 0.0ms
[2020-12-21T01:45:46.518-0500][gc,phases      ] GC(16338)   Evacuate Collection Set: 0.7ms
[2020-12-21T01:45:46.518-0500][gc,phases      ] GC(16338)   Post Evacuate Collection Set: 1.5ms
[2020-12-21T01:45:46.518-0500][gc,phases      ] GC(16338)   Other: 0.2ms
[2020-12-21T01:45:46.518-0500][gc,heap        ] GC(16338) Eden regions: 7->0(7)
[2020-12-21T01:45:46.518-0500][gc,heap        ] GC(16338) Survivor regions: 1->1(1)
[2020-12-21T01:45:46.518-0500][gc,heap        ] GC(16338) Old regions: 43->43
[2020-12-21T01:45:46.518-0500][gc,heap        ] GC(16338) Humongous regions: 4->4
[2020-12-21T01:45:46.518-0500][gc,metaspace   ] GC(16338) Metaspace: 49966K->49966K(1093632K)
[2020-12-21T01:45:46.518-0500][gc,heap        ] GC(16338) Heap after GC invocations=16339 (full 3278): garbage-first heap   total 64512K, used 44309K [0x0000000083000000, 0x0000000100000000)
[2020-12-21T01:45:46.518-0500][gc,heap        ] GC(16338)   region size 1024K, 1 young (1024K), 1 survivors (1024K)
[2020-12-21T01:45:46.518-0500][gc,heap        ] GC(16338)  Metaspace       used 49966K, capacity 52134K, committed 53632K, reserved 1093632K
[2020-12-21T01:45:46.518-0500][gc,heap        ] GC(16338)   class space    used 7425K, capacity 8198K, committed 8832K, reserved 1048576K
[2020-12-21T01:45:46.518-0500][gc             ] GC(16338) Pause Young (Normal) (G1 Evacuation Pause) 50M->43M(63M) 2.463ms
[2020-12-21T01:45:46.518-0500][gc,cpu         ] GC(16338) User=0.01s Sys=0.00s Real=0.01s
[2020-12-21T01:46:45.191-0500][gc,task        ] GC(16339) Using 5 workers of 8 for full compaction
[2020-12-21T01:46:45.191-0500][gc,start       ] GC(16339) Pause Full (System.gc())
[2020-12-21T01:46:45.191-0500][gc,heap        ] GC(16339) Heap before GC invocations=16339 (full 3278): garbage-first heap   total 64512K, used 48405K [0x0000000083000000, 0x0000000100000000)
[2020-12-21T01:46:45.191-0500][gc,heap        ] GC(16339)   region size 1024K, 6 young (6144K), 1 survivors (1024K)
[2020-12-21T01:46:45.191-0500][gc,heap        ] GC(16339)  Metaspace       used 49966K, capacity 52134K, committed 53632K, reserved 1093632K
[2020-12-21T01:46:45.191-0500][gc,heap        ] GC(16339)   class space    used 7425K, capacity 8198K, committed 8832K, reserved 1048576K
[2020-12-21T01:46:45.192-0500][gc,phases,start] GC(16339) Phase 1: Mark live objects
[2020-12-21T01:46:45.216-0500][gc,stringtable ] GC(16339) Cleaned string and symbol table, strings: 33247 processed, 4 removed, symbols: 120826 processed, 0 removed
[2020-12-21T01:46:45.216-0500][gc,phases      ] GC(16339) Phase 1: Mark live objects 24.441ms
[2020-12-21T01:46:45.216-0500][gc,phases,start] GC(16339) Phase 2: Prepare for compaction
[2020-12-21T01:46:45.221-0500][gc,phases      ] GC(16339) Phase 2: Prepare for compaction 4.317ms
[2020-12-21T01:46:45.221-0500][gc,phases,start] GC(16339) Phase 3: Adjust pointers
[2020-12-21T01:46:45.231-0500][gc,phases      ] GC(16339) Phase 3: Adjust pointers 10.568ms
[2020-12-21T01:46:45.231-0500][gc,phases,start] GC(16339) Phase 4: Compact heap
[2020-12-21T01:46:45.247-0500][gc,phases      ] GC(16339) Phase 4: Compact heap 15.630ms
[2020-12-21T01:46:45.253-0500][gc,heap        ] GC(16339) Eden regions: 5->0(7)
[2020-12-21T01:46:45.253-0500][gc,heap        ] GC(16339) Survivor regions: 1->0(1)
[2020-12-21T01:46:45.253-0500][gc,heap        ] GC(16339) Old regions: 43->44
[2020-12-21T01:46:45.253-0500][gc,heap        ] GC(16339) Humongous regions: 4->4
[2020-12-21T01:46:45.253-0500][gc,metaspace   ] GC(16339) Metaspace: 49966K->49966K(1093632K)
[2020-12-21T01:46:45.253-0500][gc,heap        ] GC(16339) Heap after GC invocations=16340 (full 3279): garbage-first heap   total 64512K, used 44174K [0x0000000083000000, 0x0000000100000000)
[2020-12-21T01:46:45.253-0500][gc,heap        ] GC(16339)   region size 1024K, 0 young (0K), 0 survivors (0K)
[2020-12-21T01:46:45.253-0500][gc,heap        ] GC(16339)  Metaspace       used 49966K, capacity 52134K, committed 53632K, reserved 1093632K
[2020-12-21T01:46:45.253-0500][gc,heap        ] GC(16339)   class space    used 7425K, capacity 8198K, committed 8832K, reserved 1048576K
[2020-12-21T01:46:45.253-0500][gc             ] GC(16339) Pause Full (System.gc()) 47M->43M(63M) 61.717ms
[2020-12-21T01:46:45.253-0500][gc,cpu         ] GC(16339) User=0.21s Sys=0.00s Real=0.06s
[2020-12-21T01:47:56.016-0500][gc,heap        ] GC(16340) Heap before GC invocations=16340 (full 3279): garbage-first heap   total 64512K, used 51342K [0x0000000083000000, 0x0000000100000000)
[2020-12-21T01:47:56.016-0500][gc,heap        ] GC(16340)   region size 1024K, 7 young (7168K), 0 survivors (0K)
[2020-12-21T01:47:56.017-0500][gc,heap        ] GC(16340)  Metaspace       used 49966K, capacity 52134K, committed 53632K, reserved 1093632K
[2020-12-21T01:47:56.017-0500][gc,heap        ] GC(16340)   class space    used 7425K, capacity 8198K, committed 8832K, reserved 1048576K
[2020-12-21T01:47:56.017-0500][gc,start       ] GC(16340) Pause Young (Normal) (G1 Evacuation Pause)
[2020-12-21T01:47:56.017-0500][gc,task        ] GC(16340) Using 8 workers of 8 for evacuation
[2020-12-21T01:47:56.019-0500][gc,phases      ] GC(16340)   Pre Evacuate Collection Set: 0.0ms
[2020-12-21T01:47:56.019-0500][gc,phases      ] GC(16340)   Evacuate Collection Set: 0.8ms
[2020-12-21T01:47:56.019-0500][gc,phases      ] GC(16340)   Post Evacuate Collection Set: 1.2ms
[2020-12-21T01:47:56.019-0500][gc,phases      ] GC(16340)   Other: 0.3ms
[2020-12-21T01:47:56.019-0500][gc,heap        ] GC(16340) Eden regions: 7->0(6)
[2020-12-21T01:47:56.019-0500][gc,heap        ] GC(16340) Survivor regions: 0->1(1)
[2020-12-21T01:47:56.019-0500][gc,heap        ] GC(16340) Old regions: 44->44
[2020-12-21T01:47:56.019-0500][gc,heap        ] GC(16340) Humongous regions: 4->4
[2020-12-21T01:47:56.019-0500][gc,metaspace   ] GC(16340) Metaspace: 49966K->49966K(1093632K)
[2020-12-21T01:47:56.019-0500][gc,heap        ] GC(16340) Heap after GC invocations=16341 (full 3279): garbage-first heap   total 64512K, used 44210K [0x0000000083000000, 0x0000000100000000)
[2020-12-21T01:47:56.019-0500][gc,heap        ] GC(16340)   region size 1024K, 1 young (1024K), 1 survivors (1024K)
[2020-12-21T01:47:56.019-0500][gc,heap        ] GC(16340)  Metaspace       used 49966K, capacity 52134K, committed 53632K, reserved 1093632K
[2020-12-21T01:47:56.019-0500][gc,heap        ] GC(16340)   class space    used 7425K, capacity 8198K, committed 8832K, reserved 1048576K
[2020-12-21T01:47:56.019-0500][gc             ] GC(16340) Pause Young (Normal) (G1 Evacuation Pause) 50M->43M(63M) 2.399ms
[2020-12-21T01:47:56.019-0500][gc,cpu         ] GC(16340) User=0.00s Sys=0.00s Real=0.01s
[2020-12-21T01:49:06.882-0500][gc,heap        ] GC(16341) Heap before GC invocations=16341 (full 3279): garbage-first heap   total 64512K, used 49330K [0x0000000083000000, 0x0000000100000000)
[2020-12-21T01:49:06.882-0500][gc,heap        ] GC(16341)   region size 1024K, 7 young (7168K), 1 survivors (1024K)
[2020-12-21T01:49:06.882-0500][gc,heap        ] GC(16341)  Metaspace       used 49966K, capacity 52134K, committed 53632K, reserved 1093632K
[2020-12-21T01:49:06.882-0500][gc,heap        ] GC(16341)   class space    used 7425K, capacity 8198K, committed 8832K, reserved 1048576K
[2020-12-21T01:49:06.882-0500][gc,start       ] GC(16341) Pause Young (Normal) (G1 Evacuation Pause)
[2020-12-21T01:49:06.882-0500][gc,task        ] GC(16341) Using 8 workers of 8 for evacuation
[2020-12-21T01:49:06.889-0500][gc,phases      ] GC(16341)   Pre Evacuate Collection Set: 0.0ms
[2020-12-21T01:49:06.890-0500][gc,phases      ] GC(16341)   Evacuate Collection Set: 4.9ms
[2020-12-21T01:49:06.890-0500][gc,phases      ] GC(16341)   Post Evacuate Collection Set: 2.1ms
[2020-12-21T01:49:06.890-0500][gc,phases      ] GC(16341)   Other: 0.5ms
[2020-12-21T01:49:06.890-0500][gc,heap        ] GC(16341) Eden regions: 6->0(6)
[2020-12-21T01:49:06.890-0500][gc,heap        ] GC(16341) Survivor regions: 1->1(1)
[2020-12-21T01:49:06.890-0500][gc,heap        ] GC(16341) Old regions: 44->44
[2020-12-21T01:49:06.890-0500][gc,heap        ] GC(16341) Humongous regions: 4->4
[2020-12-21T01:49:06.890-0500][gc,metaspace   ] GC(16341) Metaspace: 49966K->49966K(1093632K)
[2020-12-21T01:49:06.890-0500][gc,heap        ] GC(16341) Heap after GC invocations=16342 (full 3279): garbage-first heap   total 64512K, used 44222K [0x0000000083000000, 0x0000000100000000)
[2020-12-21T01:49:06.890-0500][gc,heap        ] GC(16341)   region size 1024K, 1 young (1024K), 1 survivors (1024K)
[2020-12-21T01:49:06.890-0500][gc,heap        ] GC(16341)  Metaspace       used 49966K, capacity 52134K, committed 53632K, reserved 1093632K
[2020-12-21T01:49:06.890-0500][gc,heap        ] GC(16341)   class space    used 7425K, capacity 8198K, committed 8832K, reserved 1048576K
[2020-12-21T01:49:06.890-0500][gc             ] GC(16341) Pause Young (Normal) (G1 Evacuation Pause) 49M->43M(63M) 7.890ms
[2020-12-21T01:49:06.890-0500][gc,cpu         ] GC(16341) User=0.04s Sys=0.00s Real=0.01s
[2020-12-21T01:50:16.020-0500][gc,heap        ] GC(16342) Heap before GC invocations=16342 (full 3279): garbage-first heap   total 64512K, used 50366K [0x0000000083000000, 0x0000000100000000)
[2020-12-21T01:50:16.020-0500][gc,heap        ] GC(16342)   region size 1024K, 7 young (7168K), 1 survivors (1024K)
[2020-12-21T01:50:16.020-0500][gc,heap        ] GC(16342)  Metaspace       used 49966K, capacity 52134K, committed 53632K, reserved 1093632K
[2020-12-21T01:50:16.020-0500][gc,heap        ] GC(16342)   class space    used 7425K, capacity 8198K, committed 8832K, reserved 1048576K
[2020-12-21T01:50:16.020-0500][gc,start       ] GC(16342) Pause Young (Normal) (G1 Evacuation Pause)
[2020-12-21T01:50:16.020-0500][gc,task        ] GC(16342) Using 8 workers of 8 for evacuation
[2020-12-21T01:50:16.025-0500][gc,phases      ] GC(16342)   Pre Evacuate Collection Set: 0.0ms
[2020-12-21T01:50:16.025-0500][gc,phases      ] GC(16342)   Evacuate Collection Set: 1.9ms
[2020-12-21T01:50:16.025-0500][gc,phases      ] GC(16342)   Post Evacuate Collection Set: 2.7ms
[2020-12-21T01:50:16.025-0500][gc,phases      ] GC(16342)   Other: 0.5ms
[2020-12-21T01:50:16.025-0500][gc,heap        ] GC(16342) Eden regions: 6->0(6)
[2020-12-21T01:50:16.025-0500][gc,heap        ] GC(16342) Survivor regions: 1->1(1)
[2020-12-21T01:50:16.025-0500][gc,heap        ] GC(16342) Old regions: 44->44
[2020-12-21T01:50:16.025-0500][gc,heap        ] GC(16342) Humongous regions: 4->4
[2020-12-21T01:50:16.025-0500][gc,metaspace   ] GC(16342) Metaspace: 49966K->49966K(1093632K)
[2020-12-21T01:50:16.025-0500][gc,heap        ] GC(16342) Heap after GC invocations=16343 (full 3279): garbage-first heap   total 64512K, used 44243K [0x0000000083000000, 0x0000000100000000)
[2020-12-21T01:50:16.025-0500][gc,heap        ] GC(16342)   region size 1024K, 1 young (1024K), 1 survivors (1024K)
[2020-12-21T01:50:16.025-0500][gc,heap        ] GC(16342)  Metaspace       used 49966K, capacity 52134K, committed 53632K, reserved 1093632K
[2020-12-21T01:50:16.025-0500][gc,heap        ] GC(16342)   class space    used 7425K, capacity 8198K, committed 8832K, reserved 1048576K
[2020-12-21T01:50:16.026-0500][gc             ] GC(16342) Pause Young (Normal) (G1 Evacuation Pause) 49M->43M(63M) 5.197ms
[2020-12-21T01:50:16.026-0500][gc,cpu         ] GC(16342) User=0.01s Sys=0.00s Real=0.00s
[2020-12-21T01:51:18.691-0500][gc,heap        ] GC(16343) Heap before GC invocations=16343 (full 3279): garbage-first heap   total 64512K, used 50387K [0x0000000083000000, 0x0000000100000000)
[2020-12-21T01:51:18.691-0500][gc,heap        ] GC(16343)   region size 1024K, 7 young (7168K), 1 survivors (1024K)
[2020-12-21T01:51:18.691-0500][gc,heap        ] GC(16343)  Metaspace       used 49966K, capacity 52134K, committed 53632K, reserved 1093632K
[2020-12-21T01:51:18.691-0500][gc,heap        ] GC(16343)   class space    used 7425K, capacity 8198K, committed 8832K, reserved 1048576K
[2020-12-21T01:51:18.691-0500][gc,start       ] GC(16343) Pause Young (Normal) (G1 Evacuation Pause)
[2020-12-21T01:51:18.691-0500][gc,task        ] GC(16343) Using 8 workers of 8 for evacuation
[2020-12-21T01:51:18.696-0500][gc,phases      ] GC(16343)   Pre Evacuate Collection Set: 0.0ms
[2020-12-21T01:51:18.696-0500][gc,phases      ] GC(16343)   Evacuate Collection Set: 1.4ms
[2020-12-21T01:51:18.696-0500][gc,phases      ] GC(16343)   Post Evacuate Collection Set: 3.3ms
[2020-12-21T01:51:18.696-0500][gc,phases      ] GC(16343)   Other: 0.5ms
[2020-12-21T01:51:18.696-0500][gc,heap        ] GC(16343) Eden regions: 6->0(6)
[2020-12-21T01:51:18.696-0500][gc,heap        ] GC(16343) Survivor regions: 1->1(1)
[2020-12-21T01:51:18.696-0500][gc,heap        ] GC(16343) Old regions: 44->44
[2020-12-21T01:51:18.696-0500][gc,heap        ] GC(16343) Humongous regions: 4->4
[2020-12-21T01:51:18.696-0500][gc,metaspace   ] GC(16343) Metaspace: 49966K->49966K(1093632K)
[2020-12-21T01:51:18.696-0500][gc,heap        ] GC(16343) Heap after GC invocations=16344 (full 3279): garbage-first heap   total 64512K, used 44213K [0x0000000083000000, 0x0000000100000000)
[2020-12-21T01:51:18.696-0500][gc,heap        ] GC(16343)   region size 1024K, 1 young (1024K), 1 survivors (1024K)
[2020-12-21T01:51:18.696-0500][gc,heap        ] GC(16343)  Metaspace       used 49966K, capacity 52134K, committed 53632K, reserved 1093632K
[2020-12-21T01:51:18.696-0500][gc,heap        ] GC(16343)   class space    used 7425K, capacity 8198K, committed 8832K, reserved 1048576K
[2020-12-21T01:51:18.697-0500][gc             ] GC(16343) Pause Young (Normal) (G1 Evacuation Pause) 49M->43M(63M) 5.249ms
[2020-12-21T01:51:18.697-0500][gc,cpu         ] GC(16343) User=0.01s Sys=0.01s Real=0.00s
[2020-12-21T01:51:45.190-0500][gc,task        ] GC(16344) Using 5 workers of 8 for full compaction
[2020-12-21T01:51:45.190-0500][gc,start       ] GC(16344) Pause Full (System.gc())
[2020-12-21T01:51:45.190-0500][gc,heap        ] GC(16344) Heap before GC invocations=16344 (full 3279): garbage-first heap   total 64512K, used 45237K [0x0000000083000000, 0x0000000100000000)
[2020-12-21T01:51:45.190-0500][gc,heap        ] GC(16344)   region size 1024K, 3 young (3072K), 1 survivors (1024K)
[2020-12-21T01:51:45.190-0500][gc,heap        ] GC(16344)  Metaspace       used 49966K, capacity 52134K, committed 53632K, reserved 1093632K
[2020-12-21T01:51:45.190-0500][gc,heap        ] GC(16344)   class space    used 7425K, capacity 8198K, committed 8832K, reserved 1048576K
[2020-12-21T01:51:45.191-0500][gc,phases,start] GC(16344) Phase 1: Mark live objects
[2020-12-21T01:51:45.242-0500][gc,stringtable ] GC(16344) Cleaned string and symbol table, strings: 33247 processed, 4 removed, symbols: 120826 processed, 0 removed
[2020-12-21T01:51:45.242-0500][gc,phases      ] GC(16344) Phase 1: Mark live objects 50.856ms
[2020-12-21T01:51:45.242-0500][gc,phases,start] GC(16344) Phase 2: Prepare for compaction
[2020-12-21T01:51:45.246-0500][gc,phases      ] GC(16344) Phase 2: Prepare for compaction 4.016ms
[2020-12-21T01:51:45.246-0500][gc,phases,start] GC(16344) Phase 3: Adjust pointers
[2020-12-21T01:51:45.256-0500][gc,phases      ] GC(16344) Phase 3: Adjust pointers 10.271ms
[2020-12-21T01:51:45.256-0500][gc,phases,start] GC(16344) Phase 4: Compact heap
[2020-12-21T01:51:45.262-0500][gc,phases      ] GC(16344) Phase 4: Compact heap 5.394ms
[2020-12-21T01:51:45.268-0500][gc,heap        ] GC(16344) Eden regions: 2->0(9)
[2020-12-21T01:51:45.268-0500][gc,heap        ] GC(16344) Survivor regions: 1->0(1)
[2020-12-21T01:51:45.268-0500][gc,heap        ] GC(16344) Old regions: 44->42
[2020-12-21T01:51:45.268-0500][gc,heap        ] GC(16344) Humongous regions: 4->4
[2020-12-21T01:51:45.268-0500][gc,metaspace   ] GC(16344) Metaspace: 49966K->49966K(1093632K)
[2020-12-21T01:51:45.268-0500][gc,heap        ] GC(16344) Heap after GC invocations=16345 (full 3280): garbage-first heap   total 64512K, used 44165K [0x0000000083000000, 0x0000000100000000)
[2020-12-21T01:51:45.268-0500][gc,heap        ] GC(16344)   region size 1024K, 0 young (0K), 0 survivors (0K)
[2020-12-21T01:51:45.268-0500][gc,heap        ] GC(16344)  Metaspace       used 49966K, capacity 52134K, committed 53632K, reserved 1093632K
[2020-12-21T01:51:45.268-0500][gc,heap        ] GC(16344)   class space    used 7425K, capacity 8198K, committed 8832K, reserved 1048576K
[2020-12-21T01:51:45.268-0500][gc             ] GC(16344) Pause Full (System.gc()) 44M->43M(63M) 77.577ms
[2020-12-21T01:51:45.268-0500][gc,cpu         ] GC(16344) User=0.32s Sys=0.00s Real=0.08s
[2020-12-21T01:53:17.819-0500][gc,heap        ] GC(16345) Heap before GC invocations=16345 (full 3280): garbage-first heap   total 64512K, used 52357K [0x0000000083000000, 0x0000000100000000)
[2020-12-21T01:53:17.819-0500][gc,heap        ] GC(16345)   region size 1024K, 9 young (9216K), 0 survivors (0K)
[2020-12-21T01:53:17.819-0500][gc,heap        ] GC(16345)  Metaspace       used 49966K, capacity 52134K, committed 53632K, reserved 1093632K
[2020-12-21T01:53:17.819-0500][gc,heap        ] GC(16345)   class space    used 7425K, capacity 8198K, committed 8832K, reserved 1048576K
[2020-12-21T01:53:17.819-0500][gc,start       ] GC(16345) Pause Young (Normal) (G1 Evacuation Pause)
[2020-12-21T01:53:17.819-0500][gc,task        ] GC(16345) Using 8 workers of 8 for evacuation
[2020-12-21T01:53:17.821-0500][gc,phases      ] GC(16345)   Pre Evacuate Collection Set: 0.0ms
[2020-12-21T01:53:17.821-0500][gc,phases      ] GC(16345)   Evacuate Collection Set: 1.1ms
[2020-12-21T01:53:17.821-0500][gc,phases      ] GC(16345)   Post Evacuate Collection Set: 1.2ms
[2020-12-21T01:53:17.821-0500][gc,phases      ] GC(16345)   Other: 0.3ms
[2020-12-21T01:53:17.821-0500][gc,heap        ] GC(16345) Eden regions: 9->0(8)
[2020-12-21T01:53:17.821-0500][gc,heap        ] GC(16345) Survivor regions: 0->1(2)
[2020-12-21T01:53:17.821-0500][gc,heap        ] GC(16345) Old regions: 42->42
[2020-12-21T01:53:17.821-0500][gc,heap        ] GC(16345) Humongous regions: 4->4
[2020-12-21T01:53:17.821-0500][gc,metaspace   ] GC(16345) Metaspace: 49966K->49966K(1093632K)
[2020-12-21T01:53:17.821-0500][gc,heap        ] GC(16345) Heap after GC invocations=16346 (full 3280): garbage-first heap   total 64512K, used 44363K [0x0000000083000000, 0x0000000100000000)
[2020-12-21T01:53:17.821-0500][gc,heap        ] GC(16345)   region size 1024K, 1 young (1024K), 1 survivors (1024K)
[2020-12-21T01:53:17.821-0500][gc,heap        ] GC(16345)  Metaspace       used 49966K, capacity 52134K, committed 53632K, reserved 1093632K
[2020-12-21T01:53:17.821-0500][gc,heap        ] GC(16345)   class space    used 7425K, capacity 8198K, committed 8832K, reserved 1048576K
[2020-12-21T01:53:17.821-0500][gc             ] GC(16345) Pause Young (Normal) (G1 Evacuation Pause) 52M->43M(63M) 2.506ms
[2020-12-21T01:53:17.821-0500][gc,cpu         ] GC(16345) User=0.01s Sys=0.00s Real=0.00s
[2020-12-21T01:54:48.308-0500][gc,heap        ] GC(16346) Heap before GC invocations=16346 (full 3280): garbage-first heap   total 64512K, used 51531K [0x0000000083000000, 0x0000000100000000)
[2020-12-21T01:54:48.308-0500][gc,heap        ] GC(16346)   region size 1024K, 9 young (9216K), 1 survivors (1024K)
[2020-12-21T01:54:48.308-0500][gc,heap        ] GC(16346)  Metaspace       used 49966K, capacity 52134K, committed 53632K, reserved 1093632K
[2020-12-21T01:54:48.308-0500][gc,heap        ] GC(16346)   class space    used 7425K, capacity 8198K, committed 8832K, reserved 1048576K
[2020-12-21T01:54:48.308-0500][gc,start       ] GC(16346) Pause Young (Normal) (G1 Evacuation Pause)
[2020-12-21T01:54:48.308-0500][gc,task        ] GC(16346) Using 8 workers of 8 for evacuation
[2020-12-21T01:54:48.314-0500][gc,phases      ] GC(16346)   Pre Evacuate Collection Set: 0.0ms
[2020-12-21T01:54:48.314-0500][gc,phases      ] GC(16346)   Evacuate Collection Set: 3.4ms
[2020-12-21T01:54:48.314-0500][gc,phases      ] GC(16346)   Post Evacuate Collection Set: 2.5ms
[2020-12-21T01:54:48.314-0500][gc,phases      ] GC(16346)   Other: 0.5ms
[2020-12-21T01:54:48.314-0500][gc,heap        ] GC(16346) Eden regions: 8->0(8)
[2020-12-21T01:54:48.314-0500][gc,heap        ] GC(16346) Survivor regions: 1->1(2)
[2020-12-21T01:54:48.314-0500][gc,heap        ] GC(16346) Old regions: 42->42
[2020-12-21T01:54:48.314-0500][gc,heap        ] GC(16346) Humongous regions: 4->4
[2020-12-21T01:54:48.314-0500][gc,metaspace   ] GC(16346) Metaspace: 49966K->49966K(1093632K)
[2020-12-21T01:54:48.315-0500][gc,heap        ] GC(16346) Heap after GC invocations=16347 (full 3280): garbage-first heap   total 64512K, used 44217K [0x0000000083000000, 0x0000000100000000)
[2020-12-21T01:54:48.315-0500][gc,heap        ] GC(16346)   region size 1024K, 1 young (1024K), 1 survivors (1024K)
[2020-12-21T01:54:48.315-0500][gc,heap        ] GC(16346)  Metaspace       used 49966K, capacity 52134K, committed 53632K, reserved 1093632K
[2020-12-21T01:54:48.315-0500][gc,heap        ] GC(16346)   class space    used 7425K, capacity 8198K, committed 8832K, reserved 1048576K
[2020-12-21T01:54:48.315-0500][gc             ] GC(16346) Pause Young (Normal) (G1 Evacuation Pause) 51M->43M(63M) 6.574ms
[2020-12-21T01:54:48.315-0500][gc,cpu         ] GC(16346) User=0.02s Sys=0.00s Real=0.00s
[2020-12-21T01:56:18.409-0500][gc,heap        ] GC(16347) Heap before GC invocations=16347 (full 3280): garbage-first heap   total 64512K, used 52409K [0x0000000083000000, 0x0000000100000000)
[2020-12-21T01:56:18.409-0500][gc,heap        ] GC(16347)   region size 1024K, 9 young (9216K), 1 survivors (1024K)
[2020-12-21T01:56:18.409-0500][gc,heap        ] GC(16347)  Metaspace       used 49966K, capacity 52134K, committed 53632K, reserved 1093632K
[2020-12-21T01:56:18.409-0500][gc,heap        ] GC(16347)   class space    used 7425K, capacity 8198K, committed 8832K, reserved 1048576K
[2020-12-21T01:56:18.409-0500][gc,start       ] GC(16347) Pause Young (Normal) (G1 Evacuation Pause)
[2020-12-21T01:56:18.409-0500][gc,task        ] GC(16347) Using 8 workers of 8 for evacuation
[2020-12-21T01:56:18.411-0500][gc,phases      ] GC(16347)   Pre Evacuate Collection Set: 0.0ms
[2020-12-21T01:56:18.411-0500][gc,phases      ] GC(16347)   Evacuate Collection Set: 0.9ms
[2020-12-21T01:56:18.411-0500][gc,phases      ] GC(16347)   Post Evacuate Collection Set: 1.0ms
[2020-12-21T01:56:18.411-0500][gc,phases      ] GC(16347)   Other: 0.3ms
[2020-12-21T01:56:18.411-0500][gc,heap        ] GC(16347) Eden regions: 8->0(8)
[2020-12-21T01:56:18.411-0500][gc,heap        ] GC(16347) Survivor regions: 1->1(2)
[2020-12-21T01:56:18.411-0500][gc,heap        ] GC(16347) Old regions: 42->42
[2020-12-21T01:56:18.411-0500][gc,heap        ] GC(16347) Humongous regions: 4->4
[2020-12-21T01:56:18.411-0500][gc,metaspace   ] GC(16347) Metaspace: 49966K->49966K(1093632K)
[2020-12-21T01:56:18.411-0500][gc,heap        ] GC(16347) Heap after GC invocations=16348 (full 3280): garbage-first heap   total 64512K, used 44316K [0x0000000083000000, 0x0000000100000000)
[2020-12-21T01:56:18.411-0500][gc,heap        ] GC(16347)   region size 1024K, 1 young (1024K), 1 survivors (1024K)
[2020-12-21T01:56:18.411-0500][gc,heap        ] GC(16347)  Metaspace       used 49966K, capacity 52134K, committed 53632K, reserved 1093632K
[2020-12-21T01:56:18.411-0500][gc,heap        ] GC(16347)   class space    used 7425K, capacity 8198K, committed 8832K, reserved 1048576K
[2020-12-21T01:56:18.411-0500][gc             ] GC(16347) Pause Young (Normal) (G1 Evacuation Pause) 51M->43M(63M) 2.095ms
[2020-12-21T01:56:18.411-0500][gc,cpu         ] GC(16347) User=0.01s Sys=0.01s Real=0.00s
[2020-12-21T01:56:45.190-0500][gc,task        ] GC(16348) Using 5 workers of 8 for full compaction
[2020-12-21T01:56:45.191-0500][gc,start       ] GC(16348) Pause Full (System.gc())
[2020-12-21T01:56:45.191-0500][gc,heap        ] GC(16348) Heap before GC invocations=16348 (full 3280): garbage-first heap   total 64512K, used 45340K [0x0000000083000000, 0x0000000100000000)
[2020-12-21T01:56:45.191-0500][gc,heap        ] GC(16348)   region size 1024K, 3 young (3072K), 1 survivors (1024K)
[2020-12-21T01:56:45.191-0500][gc,heap        ] GC(16348)  Metaspace       used 49966K, capacity 52134K, committed 53632K, reserved 1093632K
[2020-12-21T01:56:45.191-0500][gc,heap        ] GC(16348)   class space    used 7425K, capacity 8198K, committed 8832K, reserved 1048576K
[2020-12-21T01:56:45.191-0500][gc,phases,start] GC(16348) Phase 1: Mark live objects
[2020-12-21T01:56:45.241-0500][gc,stringtable ] GC(16348) Cleaned string and symbol table, strings: 33247 processed, 4 removed, symbols: 120826 processed, 0 removed
[2020-12-21T01:56:45.241-0500][gc,phases      ] GC(16348) Phase 1: Mark live objects 49.717ms
[2020-12-21T01:56:45.241-0500][gc,phases,start] GC(16348) Phase 2: Prepare for compaction
[2020-12-21T01:56:45.245-0500][gc,phases      ] GC(16348) Phase 2: Prepare for compaction 3.702ms
[2020-12-21T01:56:45.245-0500][gc,phases,start] GC(16348) Phase 3: Adjust pointers
[2020-12-21T01:56:45.257-0500][gc,phases      ] GC(16348) Phase 3: Adjust pointers 11.833ms
[2020-12-21T01:56:45.257-0500][gc,phases,start] GC(16348) Phase 4: Compact heap
[2020-12-21T01:56:45.259-0500][gc,phases      ] GC(16348) Phase 4: Compact heap 2.345ms
[2020-12-21T01:56:45.265-0500][gc,heap        ] GC(16348) Eden regions: 2->0(9)
[2020-12-21T01:56:45.265-0500][gc,heap        ] GC(16348) Survivor regions: 1->0(2)
[2020-12-21T01:56:45.265-0500][gc,heap        ] GC(16348) Old regions: 42->42
[2020-12-21T01:56:45.265-0500][gc,heap        ] GC(16348) Humongous regions: 4->4
[2020-12-21T01:56:45.265-0500][gc,metaspace   ] GC(16348) Metaspace: 49966K->49966K(1093632K)
[2020-12-21T01:56:45.265-0500][gc,heap        ] GC(16348) Heap after GC invocations=16349 (full 3281): garbage-first heap   total 64512K, used 44161K [0x0000000083000000, 0x0000000100000000)
[2020-12-21T01:56:45.265-0500][gc,heap        ] GC(16348)   region size 1024K, 0 young (0K), 0 survivors (0K)
[2020-12-21T01:56:45.265-0500][gc,heap        ] GC(16348)  Metaspace       used 49966K, capacity 52134K, committed 53632K, reserved 1093632K
[2020-12-21T01:56:45.265-0500][gc,heap        ] GC(16348)   class space    used 7425K, capacity 8198K, committed 8832K, reserved 1048576K
[2020-12-21T01:56:45.265-0500][gc             ] GC(16348) Pause Full (System.gc()) 45M->43M(63M) 74.245ms
[2020-12-21T01:56:45.265-0500][gc,cpu         ] GC(16348) User=0.32s Sys=0.00s Real=0.07s
[2020-12-21T01:58:18.825-0500][gc,heap        ] GC(16349) Heap before GC invocations=16349 (full 3281): garbage-first heap   total 64512K, used 52353K [0x0000000083000000, 0x0000000100000000)
[2020-12-21T01:58:18.826-0500][gc,heap        ] GC(16349)   region size 1024K, 9 young (9216K), 0 survivors (0K)
[2020-12-21T01:58:18.826-0500][gc,heap        ] GC(16349)  Metaspace       used 49966K, capacity 52134K, committed 53632K, reserved 1093632K
[2020-12-21T01:58:18.826-0500][gc,heap        ] GC(16349)   class space    used 7425K, capacity 8198K, committed 8832K, reserved 1048576K
[2020-12-21T01:58:18.826-0500][gc,start       ] GC(16349) Pause Young (Normal) (G1 Evacuation Pause)
[2020-12-21T01:58:18.826-0500][gc,task        ] GC(16349) Using 8 workers of 8 for evacuation
[2020-12-21T01:58:18.846-0500][gc,phases      ] GC(16349)   Pre Evacuate Collection Set: 0.1ms
[2020-12-21T01:58:18.847-0500][gc,phases      ] GC(16349)   Evacuate Collection Set: 3.7ms
[2020-12-21T01:58:18.847-0500][gc,phases      ] GC(16349)   Post Evacuate Collection Set: 16.7ms
[2020-12-21T01:58:18.847-0500][gc,phases      ] GC(16349)   Other: 0.6ms
[2020-12-21T01:58:18.847-0500][gc,heap        ] GC(16349) Eden regions: 9->0(8)
[2020-12-21T01:58:18.847-0500][gc,heap        ] GC(16349) Survivor regions: 0->1(2)
[2020-12-21T01:58:18.847-0500][gc,heap        ] GC(16349) Old regions: 42->42
[2020-12-21T01:58:18.847-0500][gc,heap        ] GC(16349) Humongous regions: 4->4
[2020-12-21T01:58:18.847-0500][gc,metaspace   ] GC(16349) Metaspace: 49966K->49966K(1093632K)
[2020-12-21T01:58:18.847-0500][gc,heap        ] GC(16349) Heap after GC invocations=16350 (full 3281): garbage-first heap   total 64512K, used 44392K [0x0000000083000000, 0x0000000100000000)
[2020-12-21T01:58:18.847-0500][gc,heap        ] GC(16349)   region size 1024K, 1 young (1024K), 1 survivors (1024K)
[2020-12-21T01:58:18.847-0500][gc,heap        ] GC(16349)  Metaspace       used 49966K, capacity 52134K, committed 53632K, reserved 1093632K
[2020-12-21T01:58:18.847-0500][gc,heap        ] GC(16349)   class space    used 7425K, capacity 8198K, committed 8832K, reserved 1048576K
[2020-12-21T01:58:18.847-0500][gc             ] GC(16349) Pause Young (Normal) (G1 Evacuation Pause) 52M->43M(63M) 20.906ms
[2020-12-21T01:58:18.847-0500][gc,cpu         ] GC(16349) User=0.13s Sys=0.00s Real=0.02s
[2020-12-21T01:59:50.519-0500][gc,heap        ] GC(16350) Heap before GC invocations=16350 (full 3281): garbage-first heap   total 64512K, used 51560K [0x0000000083000000, 0x0000000100000000)
[2020-12-21T01:59:50.519-0500][gc,heap        ] GC(16350)   region size 1024K, 9 young (9216K), 1 survivors (1024K)
[2020-12-21T01:59:50.520-0500][gc,heap        ] GC(16350)  Metaspace       used 49966K, capacity 52134K, committed 53632K, reserved 1093632K
[2020-12-21T01:59:50.520-0500][gc,heap        ] GC(16350)   class space    used 7425K, capacity 8198K, committed 8832K, reserved 1048576K
[2020-12-21T01:59:50.520-0500][gc,start       ] GC(16350) Pause Young (Normal) (G1 Evacuation Pause)
[2020-12-21T01:59:50.520-0500][gc,task        ] GC(16350) Using 8 workers of 8 for evacuation
[2020-12-21T01:59:50.522-0500][gc,phases      ] GC(16350)   Pre Evacuate Collection Set: 0.0ms
[2020-12-21T01:59:50.522-0500][gc,phases      ] GC(16350)   Evacuate Collection Set: 1.0ms
[2020-12-21T01:59:50.522-0500][gc,phases      ] GC(16350)   Post Evacuate Collection Set: 1.5ms
[2020-12-21T01:59:50.522-0500][gc,phases      ] GC(16350)   Other: 0.4ms
[2020-12-21T01:59:50.523-0500][gc,heap        ] GC(16350) Eden regions: 8->0(8)
[2020-12-21T01:59:50.523-0500][gc,heap        ] GC(16350) Survivor regions: 1->1(2)
[2020-12-21T01:59:50.523-0500][gc,heap        ] GC(16350) Old regions: 42->42
[2020-12-21T01:59:50.523-0500][gc,heap        ] GC(16350) Humongous regions: 4->4
[2020-12-21T01:59:50.523-0500][gc,metaspace   ] GC(16350) Metaspace: 49966K->49966K(1093632K)
[2020-12-21T01:59:50.523-0500][gc,heap        ] GC(16350) Heap after GC invocations=16351 (full 3281): garbage-first heap   total 64512K, used 44208K [0x0000000083000000, 0x0000000100000000)
[2020-12-21T01:59:50.523-0500][gc,heap        ] GC(16350)   region size 1024K, 1 young (1024K), 1 survivors (1024K)
[2020-12-21T01:59:50.523-0500][gc,heap        ] GC(16350)  Metaspace       used 49966K, capacity 52134K, committed 53632K, reserved 1093632K
[2020-12-21T01:59:50.523-0500][gc,heap        ] GC(16350)   class space    used 7425K, capacity 8198K, committed 8832K, reserved 1048576K
[2020-12-21T01:59:50.523-0500][gc             ] GC(16350) Pause Young (Normal) (G1 Evacuation Pause) 51M->43M(63M) 3.066ms
[2020-12-21T01:59:50.523-0500][gc,cpu         ] GC(16350) User=0.01s Sys=0.00s Real=0.00s
[2020-12-21T02:01:26.012-0500][gc,heap        ] GC(16351) Heap before GC invocations=16351 (full 3281): garbage-first heap   total 64512K, used 51376K [0x0000000083000000, 0x0000000100000000)
[2020-12-21T02:01:26.012-0500][gc,heap        ] GC(16351)   region size 1024K, 9 young (9216K), 1 survivors (1024K)
[2020-12-21T02:01:26.012-0500][gc,heap        ] GC(16351)  Metaspace       used 49966K, capacity 52134K, committed 53632K, reserved 1093632K
[2020-12-21T02:01:26.012-0500][gc,heap        ] GC(16351)   class space    used 7425K, capacity 8198K, committed 8832K, reserved 1048576K
[2020-12-21T02:01:26.012-0500][gc,start       ] GC(16351) Pause Young (Normal) (G1 Evacuation Pause)
[2020-12-21T02:01:26.012-0500][gc,task        ] GC(16351) Using 8 workers of 8 for evacuation
[2020-12-21T02:01:26.017-0500][gc,phases      ] GC(16351)   Pre Evacuate Collection Set: 0.0ms
[2020-12-21T02:01:26.017-0500][gc,phases      ] GC(16351)   Evacuate Collection Set: 1.6ms
[2020-12-21T02:01:26.017-0500][gc,phases      ] GC(16351)   Post Evacuate Collection Set: 2.6ms
[2020-12-21T02:01:26.017-0500][gc,phases      ] GC(16351)   Other: 0.5ms
[2020-12-21T02:01:26.017-0500][gc,heap        ] GC(16351) Eden regions: 8->0(8)
[2020-12-21T02:01:26.017-0500][gc,heap        ] GC(16351) Survivor regions: 1->1(2)
[2020-12-21T02:01:26.017-0500][gc,heap        ] GC(16351) Old regions: 42->42
[2020-12-21T02:01:26.017-0500][gc,heap        ] GC(16351) Humongous regions: 4->4
[2020-12-21T02:01:26.017-0500][gc,metaspace   ] GC(16351) Metaspace: 49966K->49966K(1093632K)
[2020-12-21T02:01:26.017-0500][gc,heap        ] GC(16351) Heap after GC invocations=16352 (full 3281): garbage-first heap   total 64512K, used 44216K [0x0000000083000000, 0x0000000100000000)
[2020-12-21T02:01:26.017-0500][gc,heap        ] GC(16351)   region size 1024K, 1 young (1024K), 1 survivors (1024K)
[2020-12-21T02:01:26.017-0500][gc,heap        ] GC(16351)  Metaspace       used 49966K, capacity 52134K, committed 53632K, reserved 1093632K
[2020-12-21T02:01:26.017-0500][gc,heap        ] GC(16351)   class space    used 7425K, capacity 8198K, committed 8832K, reserved 1048576K
[2020-12-21T02:01:26.017-0500][gc             ] GC(16351) Pause Young (Normal) (G1 Evacuation Pause) 51M->43M(63M) 4.856ms
[2020-12-21T02:01:26.017-0500][gc,cpu         ] GC(16351) User=0.01s Sys=0.00s Real=0.00s
[2020-12-21T02:01:45.190-0500][gc,task        ] GC(16352) Using 5 workers of 8 for full compaction
[2020-12-21T02:01:45.191-0500][gc,start       ] GC(16352) Pause Full (System.gc())
[2020-12-21T02:01:45.191-0500][gc,heap        ] GC(16352) Heap before GC invocations=16352 (full 3281): garbage-first heap   total 64512K, used 45240K [0x0000000083000000, 0x0000000100000000)
[2020-12-21T02:01:45.191-0500][gc,heap        ] GC(16352)   region size 1024K, 3 young (3072K), 1 survivors (1024K)
[2020-12-21T02:01:45.191-0500][gc,heap        ] GC(16352)  Metaspace       used 49966K, capacity 52134K, committed 53632K, reserved 1093632K
[2020-12-21T02:01:45.191-0500][gc,heap        ] GC(16352)   class space    used 7425K, capacity 8198K, committed 8832K, reserved 1048576K
[2020-12-21T02:01:45.191-0500][gc,phases,start] GC(16352) Phase 1: Mark live objects
[2020-12-21T02:01:45.243-0500][gc,stringtable ] GC(16352) Cleaned string and symbol table, strings: 33247 processed, 4 removed, symbols: 120826 processed, 0 removed
[2020-12-21T02:01:45.243-0500][gc,phases      ] GC(16352) Phase 1: Mark live objects 51.751ms
[2020-12-21T02:01:45.243-0500][gc,phases,start] GC(16352) Phase 2: Prepare for compaction
[2020-12-21T02:01:45.247-0500][gc,phases      ] GC(16352) Phase 2: Prepare for compaction 4.175ms
[2020-12-21T02:01:45.247-0500][gc,phases,start] GC(16352) Phase 3: Adjust pointers
[2020-12-21T02:01:45.259-0500][gc,phases      ] GC(16352) Phase 3: Adjust pointers 11.708ms
[2020-12-21T02:01:45.259-0500][gc,phases,start] GC(16352) Phase 4: Compact heap
[2020-12-21T02:01:45.262-0500][gc,phases      ] GC(16352) Phase 4: Compact heap 2.836ms
[2020-12-21T02:01:45.268-0500][gc,heap        ] GC(16352) Eden regions: 2->0(8)
[2020-12-21T02:01:45.268-0500][gc,heap        ] GC(16352) Survivor regions: 1->0(2)
[2020-12-21T02:01:45.268-0500][gc,heap        ] GC(16352) Old regions: 42->43
[2020-12-21T02:01:45.268-0500][gc,heap        ] GC(16352) Humongous regions: 4->4
[2020-12-21T02:01:45.268-0500][gc,metaspace   ] GC(16352) Metaspace: 49966K->49966K(1093632K)
[2020-12-21T02:01:45.268-0500][gc,heap        ] GC(16352) Heap after GC invocations=16353 (full 3282): garbage-first heap   total 64512K, used 44159K [0x0000000083000000, 0x0000000100000000)
[2020-12-21T02:01:45.268-0500][gc,heap        ] GC(16352)   region size 1024K, 0 young (0K), 0 survivors (0K)
[2020-12-21T02:01:45.268-0500][gc,heap        ] GC(16352)  Metaspace       used 49966K, capacity 52134K, committed 53632K, reserved 1093632K
[2020-12-21T02:01:45.268-0500][gc,heap        ] GC(16352)   class space    used 7425K, capacity 8198K, committed 8832K, reserved 1048576K
[2020-12-21T02:01:45.268-0500][gc             ] GC(16352) Pause Full (System.gc()) 44M->43M(63M) 77.055ms
[2020-12-21T02:01:45.268-0500][gc,cpu         ] GC(16352) User=0.34s Sys=0.00s Real=0.08s
[2020-12-21T02:03:16.013-0500][gc,heap        ] GC(16353) Heap before GC invocations=16353 (full 3282): garbage-first heap   total 64512K, used 51327K [0x0000000083000000, 0x0000000100000000)
[2020-12-21T02:03:16.013-0500][gc,heap        ] GC(16353)   region size 1024K, 8 young (8192K), 0 survivors (0K)
[2020-12-21T02:03:16.013-0500][gc,heap        ] GC(16353)  Metaspace       used 49966K, capacity 52134K, committed 53632K, reserved 1093632K
[2020-12-21T02:03:16.013-0500][gc,heap        ] GC(16353)   class space    used 7425K, capacity 8198K, committed 8832K, reserved 1048576K
[2020-12-21T02:03:16.013-0500][gc,start       ] GC(16353) Pause Young (Normal) (G1 Evacuation Pause)
[2020-12-21T02:03:16.013-0500][gc,task        ] GC(16353) Using 8 workers of 8 for evacuation
[2020-12-21T02:03:16.020-0500][gc,phases      ] GC(16353)   Pre Evacuate Collection Set: 0.0ms
[2020-12-21T02:03:16.020-0500][gc,phases      ] GC(16353)   Evacuate Collection Set: 1.4ms
[2020-12-21T02:03:16.020-0500][gc,phases      ] GC(16353)   Post Evacuate Collection Set: 4.7ms
[2020-12-21T02:03:16.020-0500][gc,phases      ] GC(16353)   Other: 0.5ms
[2020-12-21T02:03:16.020-0500][gc,heap        ] GC(16353) Eden regions: 8->0(7)
[2020-12-21T02:03:16.020-0500][gc,heap        ] GC(16353) Survivor regions: 0->1(1)
[2020-12-21T02:03:16.020-0500][gc,heap        ] GC(16353) Old regions: 43->43
[2020-12-21T02:03:16.020-0500][gc,heap        ] GC(16353) Humongous regions: 4->4
[2020-12-21T02:03:16.020-0500][gc,metaspace   ] GC(16353) Metaspace: 49966K->49966K(1093632K)
[2020-12-21T02:03:16.020-0500][gc,heap        ] GC(16353) Heap after GC invocations=16354 (full 3282): garbage-first heap   total 64512K, used 44227K [0x0000000083000000, 0x0000000100000000)
[2020-12-21T02:03:16.020-0500][gc,heap        ] GC(16353)   region size 1024K, 1 young (1024K), 1 survivors (1024K)
[2020-12-21T02:03:16.020-0500][gc,heap        ] GC(16353)  Metaspace       used 49966K, capacity 52134K, committed 53632K, reserved 1093632K
[2020-12-21T02:03:16.020-0500][gc,heap        ] GC(16353)   class space    used 7425K, capacity 8198K, committed 8832K, reserved 1048576K
[2020-12-21T02:03:16.020-0500][gc             ] GC(16353) Pause Young (Normal) (G1 Evacuation Pause) 51M->43M(63M) 7.086ms
[2020-12-21T02:03:16.020-0500][gc,cpu         ] GC(16353) User=0.03s Sys=0.01s Real=0.01s
[2020-12-21T02:04:35.217-0500][gc,heap        ] GC(16354) Heap before GC invocations=16354 (full 3282): garbage-first heap   total 64512K, used 50371K [0x0000000083000000, 0x0000000100000000)
[2020-12-21T02:04:35.217-0500][gc,heap        ] GC(16354)   region size 1024K, 8 young (8192K), 1 survivors (1024K)
[2020-12-21T02:04:35.217-0500][gc,heap        ] GC(16354)  Metaspace       used 49966K, capacity 52134K, committed 53632K, reserved 1093632K
[2020-12-21T02:04:35.217-0500][gc,heap        ] GC(16354)   class space    used 7425K, capacity 8198K, committed 8832K, reserved 1048576K
[2020-12-21T02:04:35.217-0500][gc,start       ] GC(16354) Pause Young (Normal) (G1 Evacuation Pause)
[2020-12-21T02:04:35.217-0500][gc,task        ] GC(16354) Using 8 workers of 8 for evacuation
[2020-12-21T02:04:35.222-0500][gc,phases      ] GC(16354)   Pre Evacuate Collection Set: 0.0ms
[2020-12-21T02:04:35.222-0500][gc,phases      ] GC(16354)   Evacuate Collection Set: 1.6ms
[2020-12-21T02:04:35.222-0500][gc,phases      ] GC(16354)   Post Evacuate Collection Set: 2.5ms
[2020-12-21T02:04:35.222-0500][gc,phases      ] GC(16354)   Other: 0.6ms
[2020-12-21T02:04:35.222-0500][gc,heap        ] GC(16354) Eden regions: 7->0(7)
[2020-12-21T02:04:35.222-0500][gc,heap        ] GC(16354) Survivor regions: 1->1(1)
[2020-12-21T02:04:35.222-0500][gc,heap        ] GC(16354) Old regions: 43->43
[2020-12-21T02:04:35.222-0500][gc,heap        ] GC(16354) Humongous regions: 4->4
[2020-12-21T02:04:35.222-0500][gc,metaspace   ] GC(16354) Metaspace: 49966K->49966K(1093632K)
[2020-12-21T02:04:35.222-0500][gc,heap        ] GC(16354) Heap after GC invocations=16355 (full 3282): garbage-first heap   total 64512K, used 44203K [0x0000000083000000, 0x0000000100000000)
[2020-12-21T02:04:35.222-0500][gc,heap        ] GC(16354)   region size 1024K, 1 young (1024K), 1 survivors (1024K)
[2020-12-21T02:04:35.222-0500][gc,heap        ] GC(16354)  Metaspace       used 49966K, capacity 52134K, committed 53632K, reserved 1093632K
[2020-12-21T02:04:35.222-0500][gc,heap        ] GC(16354)   class space    used 7425K, capacity 8198K, committed 8832K, reserved 1048576K
[2020-12-21T02:04:35.222-0500][gc             ] GC(16354) Pause Young (Normal) (G1 Evacuation Pause) 50M->43M(63M) 4.859ms
[2020-12-21T02:04:35.222-0500][gc,cpu         ] GC(16354) User=0.01s Sys=0.01s Real=0.01s
[2020-12-21T02:05:50.210-0500][gc,heap        ] GC(16355) Heap before GC invocations=16355 (full 3282): garbage-first heap   total 64512K, used 50347K [0x0000000083000000, 0x0000000100000000)
[2020-12-21T02:05:50.210-0500][gc,heap        ] GC(16355)   region size 1024K, 8 young (8192K), 1 survivors (1024K)
[2020-12-21T02:05:50.210-0500][gc,heap        ] GC(16355)  Metaspace       used 49966K, capacity 52134K, committed 53632K, reserved 1093632K
[2020-12-21T02:05:50.210-0500][gc,heap        ] GC(16355)   class space    used 7425K, capacity 8198K, committed 8832K, reserved 1048576K
[2020-12-21T02:05:50.210-0500][gc,start       ] GC(16355) Pause Young (Normal) (G1 Evacuation Pause)
[2020-12-21T02:05:50.210-0500][gc,task        ] GC(16355) Using 8 workers of 8 for evacuation
[2020-12-21T02:05:50.215-0500][gc,phases      ] GC(16355)   Pre Evacuate Collection Set: 0.0ms
[2020-12-21T02:05:50.215-0500][gc,phases      ] GC(16355)   Evacuate Collection Set: 2.1ms
[2020-12-21T02:05:50.215-0500][gc,phases      ] GC(16355)   Post Evacuate Collection Set: 2.4ms
[2020-12-21T02:05:50.215-0500][gc,phases      ] GC(16355)   Other: 0.5ms
[2020-12-21T02:05:50.215-0500][gc,heap        ] GC(16355) Eden regions: 7->0(7)
[2020-12-21T02:05:50.215-0500][gc,heap        ] GC(16355) Survivor regions: 1->1(1)
[2020-12-21T02:05:50.215-0500][gc,heap        ] GC(16355) Old regions: 43->43
[2020-12-21T02:05:50.215-0500][gc,heap        ] GC(16355) Humongous regions: 4->4
[2020-12-21T02:05:50.215-0500][gc,metaspace   ] GC(16355) Metaspace: 49966K->49966K(1093632K)
[2020-12-21T02:05:50.215-0500][gc,heap        ] GC(16355) Heap after GC invocations=16356 (full 3282): garbage-first heap   total 64512K, used 44379K [0x0000000083000000, 0x0000000100000000)
[2020-12-21T02:05:50.215-0500][gc,heap        ] GC(16355)   region size 1024K, 1 young (1024K), 1 survivors (1024K)
[2020-12-21T02:05:50.215-0500][gc,heap        ] GC(16355)  Metaspace       used 49966K, capacity 52134K, committed 53632K, reserved 1093632K
[2020-12-21T02:05:50.215-0500][gc,heap        ] GC(16355)   class space    used 7425K, capacity 8198K, committed 8832K, reserved 1048576K
[2020-12-21T02:05:50.215-0500][gc             ] GC(16355) Pause Young (Normal) (G1 Evacuation Pause) 50M->43M(63M) 5.188ms
[2020-12-21T02:05:50.215-0500][gc,cpu         ] GC(16355) User=0.02s Sys=0.00s Real=0.00s
[2020-12-21T02:06:45.192-0500][gc,task        ] GC(16356) Using 5 workers of 8 for full compaction
[2020-12-21T02:06:45.192-0500][gc,start       ] GC(16356) Pause Full (System.gc())
[2020-12-21T02:06:45.192-0500][gc,heap        ] GC(16356) Heap before GC invocations=16356 (full 3282): garbage-first heap   total 64512K, used 48475K [0x0000000083000000, 0x0000000100000000)
[2020-12-21T02:06:45.192-0500][gc,heap        ] GC(16356)   region size 1024K, 6 young (6144K), 1 survivors (1024K)
[2020-12-21T02:06:45.192-0500][gc,heap        ] GC(16356)  Metaspace       used 49966K, capacity 52134K, committed 53632K, reserved 1093632K
[2020-12-21T02:06:45.192-0500][gc,heap        ] GC(16356)   class space    used 7425K, capacity 8198K, committed 8832K, reserved 1048576K
[2020-12-21T02:06:45.193-0500][gc,phases,start] GC(16356) Phase 1: Mark live objects
[2020-12-21T02:06:45.239-0500][gc,stringtable ] GC(16356) Cleaned string and symbol table, strings: 33247 processed, 4 removed, symbols: 120826 processed, 0 removed
[2020-12-21T02:06:45.239-0500][gc,phases      ] GC(16356) Phase 1: Mark live objects 45.874ms
[2020-12-21T02:06:45.239-0500][gc,phases,start] GC(16356) Phase 2: Prepare for compaction
[2020-12-21T02:06:45.242-0500][gc,phases      ] GC(16356) Phase 2: Prepare for compaction 3.299ms
[2020-12-21T02:06:45.242-0500][gc,phases,start] GC(16356) Phase 3: Adjust pointers
[2020-12-21T02:06:45.253-0500][gc,phases      ] GC(16356) Phase 3: Adjust pointers 10.918ms
[2020-12-21T02:06:45.253-0500][gc,phases,start] GC(16356) Phase 4: Compact heap
[2020-12-21T02:06:45.256-0500][gc,phases      ] GC(16356) Phase 4: Compact heap 2.981ms
[2020-12-21T02:06:45.262-0500][gc,heap        ] GC(16356) Eden regions: 5->0(7)
[2020-12-21T02:06:45.262-0500][gc,heap        ] GC(16356) Survivor regions: 1->0(1)
[2020-12-21T02:06:45.262-0500][gc,heap        ] GC(16356) Old regions: 43->44
[2020-12-21T02:06:45.262-0500][gc,heap        ] GC(16356) Humongous regions: 4->4
[2020-12-21T02:06:45.262-0500][gc,metaspace   ] GC(16356) Metaspace: 49966K->49966K(1093632K)
[2020-12-21T02:06:45.262-0500][gc,heap        ] GC(16356) Heap after GC invocations=16357 (full 3283): garbage-first heap   total 64512K, used 44171K [0x0000000083000000, 0x0000000100000000)
[2020-12-21T02:06:45.262-0500][gc,heap        ] GC(16356)   region size 1024K, 0 young (0K), 0 survivors (0K)
[2020-12-21T02:06:45.262-0500][gc,heap        ] GC(16356)  Metaspace       used 49966K, capacity 52134K, committed 53632K, reserved 1093632K
[2020-12-21T02:06:45.262-0500][gc,heap        ] GC(16356)   class space    used 7425K, capacity 8198K, committed 8832K, reserved 1048576K
[2020-12-21T02:06:45.262-0500][gc             ] GC(16356) Pause Full (System.gc()) 47M->43M(63M) 70.222ms
[2020-12-21T02:06:45.262-0500][gc,cpu         ] GC(16356) User=0.29s Sys=0.00s Real=0.07s
[2020-12-21T02:07:56.013-0500][gc,heap        ] GC(16357) Heap before GC invocations=16357 (full 3283): garbage-first heap   total 64512K, used 50315K [0x0000000083000000, 0x0000000100000000)
[2020-12-21T02:07:56.013-0500][gc,heap        ] GC(16357)   region size 1024K, 7 young (7168K), 0 survivors (0K)
[2020-12-21T02:07:56.013-0500][gc,heap        ] GC(16357)  Metaspace       used 49966K, capacity 52134K, committed 53632K, reserved 1093632K
[2020-12-21T02:07:56.013-0500][gc,heap        ] GC(16357)   class space    used 7425K, capacity 8198K, committed 8832K, reserved 1048576K
[2020-12-21T02:07:56.013-0500][gc,start       ] GC(16357) Pause Young (Normal) (G1 Evacuation Pause)
[2020-12-21T02:07:56.013-0500][gc,task        ] GC(16357) Using 8 workers of 8 for evacuation
[2020-12-21T02:07:56.017-0500][gc,phases      ] GC(16357)   Pre Evacuate Collection Set: 0.0ms
[2020-12-21T02:07:56.017-0500][gc,phases      ] GC(16357)   Evacuate Collection Set: 1.4ms
[2020-12-21T02:07:56.017-0500][gc,phases      ] GC(16357)   Post Evacuate Collection Set: 2.1ms
[2020-12-21T02:07:56.017-0500][gc,phases      ] GC(16357)   Other: 0.4ms
[2020-12-21T02:07:56.017-0500][gc,heap        ] GC(16357) Eden regions: 7->0(6)
[2020-12-21T02:07:56.017-0500][gc,heap        ] GC(16357) Survivor regions: 0->1(1)
[2020-12-21T02:07:56.017-0500][gc,heap        ] GC(16357) Old regions: 44->44
[2020-12-21T02:07:56.017-0500][gc,heap        ] GC(16357) Humongous regions: 4->4
[2020-12-21T02:07:56.017-0500][gc,metaspace   ] GC(16357) Metaspace: 49966K->49966K(1093632K)
[2020-12-21T02:07:56.017-0500][gc,heap        ] GC(16357) Heap after GC invocations=16358 (full 3283): garbage-first heap   total 64512K, used 44239K [0x0000000083000000, 0x0000000100000000)
[2020-12-21T02:07:56.017-0500][gc,heap        ] GC(16357)   region size 1024K, 1 young (1024K), 1 survivors (1024K)
[2020-12-21T02:07:56.017-0500][gc,heap        ] GC(16357)  Metaspace       used 49966K, capacity 52134K, committed 53632K, reserved 1093632K
[2020-12-21T02:07:56.017-0500][gc,heap        ] GC(16357)   class space    used 7425K, capacity 8198K, committed 8832K, reserved 1048576K
[2020-12-21T02:07:56.017-0500][gc             ] GC(16357) Pause Young (Normal) (G1 Evacuation Pause) 50M->43M(63M) 3.880ms
[2020-12-21T02:07:56.017-0500][gc,cpu         ] GC(16357) User=0.01s Sys=0.00s Real=0.00s
[2020-12-21T02:09:06.017-0500][gc,heap        ] GC(16358) Heap before GC invocations=16358 (full 3283): garbage-first heap   total 64512K, used 50383K [0x0000000083000000, 0x0000000100000000)
[2020-12-21T02:09:06.017-0500][gc,heap        ] GC(16358)   region size 1024K, 7 young (7168K), 1 survivors (1024K)
[2020-12-21T02:09:06.017-0500][gc,heap        ] GC(16358)  Metaspace       used 49966K, capacity 52134K, committed 53632K, reserved 1093632K
[2020-12-21T02:09:06.017-0500][gc,heap        ] GC(16358)   class space    used 7425K, capacity 8198K, committed 8832K, reserved 1048576K
[2020-12-21T02:09:06.017-0500][gc,start       ] GC(16358) Pause Young (Normal) (G1 Evacuation Pause)
[2020-12-21T02:09:06.017-0500][gc,task        ] GC(16358) Using 8 workers of 8 for evacuation
[2020-12-21T02:09:06.021-0500][gc,phases      ] GC(16358)   Pre Evacuate Collection Set: 0.0ms
[2020-12-21T02:09:06.021-0500][gc,phases      ] GC(16358)   Evacuate Collection Set: 1.7ms
[2020-12-21T02:09:06.021-0500][gc,phases      ] GC(16358)   Post Evacuate Collection Set: 2.6ms
[2020-12-21T02:09:06.022-0500][gc,phases      ] GC(16358)   Other: 0.4ms
[2020-12-21T02:09:06.022-0500][gc,heap        ] GC(16358) Eden regions: 6->0(6)
[2020-12-21T02:09:06.022-0500][gc,heap        ] GC(16358) Survivor regions: 1->1(1)
[2020-12-21T02:09:06.022-0500][gc,heap        ] GC(16358) Old regions: 44->44
[2020-12-21T02:09:06.022-0500][gc,heap        ] GC(16358) Humongous regions: 4->4
[2020-12-21T02:09:06.022-0500][gc,metaspace   ] GC(16358) Metaspace: 49966K->49966K(1093632K)
[2020-12-21T02:09:06.022-0500][gc,heap        ] GC(16358) Heap after GC invocations=16359 (full 3283): garbage-first heap   total 64512K, used 44246K [0x0000000083000000, 0x0000000100000000)
[2020-12-21T02:09:06.022-0500][gc,heap        ] GC(16358)   region size 1024K, 1 young (1024K), 1 survivors (1024K)
[2020-12-21T02:09:06.022-0500][gc,heap        ] GC(16358)  Metaspace       used 49966K, capacity 52134K, committed 53632K, reserved 1093632K
[2020-12-21T02:09:06.022-0500][gc,heap        ] GC(16358)   class space    used 7425K, capacity 8198K, committed 8832K, reserved 1048576K
[2020-12-21T02:09:06.022-0500][gc             ] GC(16358) Pause Young (Normal) (G1 Evacuation Pause) 49M->43M(63M) 4.839ms
[2020-12-21T02:09:06.022-0500][gc,cpu         ] GC(16358) User=0.01s Sys=0.01s Real=0.01s
[2020-12-21T02:10:16.012-0500][gc,heap        ] GC(16359) Heap before GC invocations=16359 (full 3283): garbage-first heap   total 64512K, used 50390K [0x0000000083000000, 0x0000000100000000)
[2020-12-21T02:10:16.012-0500][gc,heap        ] GC(16359)   region size 1024K, 7 young (7168K), 1 survivors (1024K)
[2020-12-21T02:10:16.012-0500][gc,heap        ] GC(16359)  Metaspace       used 49966K, capacity 52134K, committed 53632K, reserved 1093632K
[2020-12-21T02:10:16.012-0500][gc,heap        ] GC(16359)   class space    used 7425K, capacity 8198K, committed 8832K, reserved 1048576K
[2020-12-21T02:10:16.012-0500][gc,start       ] GC(16359) Pause Young (Normal) (G1 Evacuation Pause)
[2020-12-21T02:10:16.012-0500][gc,task        ] GC(16359) Using 8 workers of 8 for evacuation
[2020-12-21T02:10:16.017-0500][gc,phases      ] GC(16359)   Pre Evacuate Collection Set: 0.0ms
[2020-12-21T02:10:16.017-0500][gc,phases      ] GC(16359)   Evacuate Collection Set: 1.8ms
[2020-12-21T02:10:16.017-0500][gc,phases      ] GC(16359)   Post Evacuate Collection Set: 2.4ms
[2020-12-21T02:10:16.017-0500][gc,phases      ] GC(16359)   Other: 0.5ms
[2020-12-21T02:10:16.017-0500][gc,heap        ] GC(16359) Eden regions: 6->0(6)
[2020-12-21T02:10:16.017-0500][gc,heap        ] GC(16359) Survivor regions: 1->1(1)
[2020-12-21T02:10:16.017-0500][gc,heap        ] GC(16359) Old regions: 44->44
[2020-12-21T02:10:16.017-0500][gc,heap        ] GC(16359) Humongous regions: 4->4
[2020-12-21T02:10:16.017-0500][gc,metaspace   ] GC(16359) Metaspace: 49966K->49966K(1093632K)
[2020-12-21T02:10:16.017-0500][gc,heap        ] GC(16359) Heap after GC invocations=16360 (full 3283): garbage-first heap   total 64512K, used 44240K [0x0000000083000000, 0x0000000100000000)
[2020-12-21T02:10:16.017-0500][gc,heap        ] GC(16359)   region size 1024K, 1 young (1024K), 1 survivors (1024K)
[2020-12-21T02:10:16.017-0500][gc,heap        ] GC(16359)  Metaspace       used 49966K, capacity 52134K, committed 53632K, reserved 1093632K
[2020-12-21T02:10:16.017-0500][gc,heap        ] GC(16359)   class space    used 7425K, capacity 8198K, committed 8832K, reserved 1048576K
[2020-12-21T02:10:16.017-0500][gc             ] GC(16359) Pause Young (Normal) (G1 Evacuation Pause) 49M->43M(63M) 4.895ms
[2020-12-21T02:10:16.017-0500][gc,cpu         ] GC(16359) User=0.01s Sys=0.00s Real=0.00s
[2020-12-21T02:11:21.300-0500][gc,heap        ] GC(16360) Heap before GC invocations=16360 (full 3283): garbage-first heap   total 64512K, used 49360K [0x0000000083000000, 0x0000000100000000)
[2020-12-21T02:11:21.300-0500][gc,heap        ] GC(16360)   region size 1024K, 7 young (7168K), 1 survivors (1024K)
[2020-12-21T02:11:21.300-0500][gc,heap        ] GC(16360)  Metaspace       used 49966K, capacity 52134K, committed 53632K, reserved 1093632K
[2020-12-21T02:11:21.300-0500][gc,heap        ] GC(16360)   class space    used 7425K, capacity 8198K, committed 8832K, reserved 1048576K
[2020-12-21T02:11:21.300-0500][gc,start       ] GC(16360) Pause Young (Normal) (G1 Evacuation Pause)
[2020-12-21T02:11:21.300-0500][gc,task        ] GC(16360) Using 8 workers of 8 for evacuation
[2020-12-21T02:11:21.306-0500][gc,phases      ] GC(16360)   Pre Evacuate Collection Set: 0.1ms
[2020-12-21T02:11:21.306-0500][gc,phases      ] GC(16360)   Evacuate Collection Set: 1.7ms
[2020-12-21T02:11:21.306-0500][gc,phases      ] GC(16360)   Post Evacuate Collection Set: 3.3ms
[2020-12-21T02:11:21.306-0500][gc,phases      ] GC(16360)   Other: 0.5ms
[2020-12-21T02:11:21.306-0500][gc,heap        ] GC(16360) Eden regions: 6->0(6)
[2020-12-21T02:11:21.306-0500][gc,heap        ] GC(16360) Survivor regions: 1->1(1)
[2020-12-21T02:11:21.306-0500][gc,heap        ] GC(16360) Old regions: 44->44
[2020-12-21T02:11:21.306-0500][gc,heap        ] GC(16360) Humongous regions: 4->4
[2020-12-21T02:11:21.306-0500][gc,metaspace   ] GC(16360) Metaspace: 49966K->49966K(1093632K)
[2020-12-21T02:11:21.306-0500][gc,heap        ] GC(16360) Heap after GC invocations=16361 (full 3283): garbage-first heap   total 64512K, used 44234K [0x0000000083000000, 0x0000000100000000)
[2020-12-21T02:11:21.306-0500][gc,heap        ] GC(16360)   region size 1024K, 1 young (1024K), 1 survivors (1024K)
[2020-12-21T02:11:21.306-0500][gc,heap        ] GC(16360)  Metaspace       used 49966K, capacity 52134K, committed 53632K, reserved 1093632K
[2020-12-21T02:11:21.306-0500][gc,heap        ] GC(16360)   class space    used 7425K, capacity 8198K, committed 8832K, reserved 1048576K
[2020-12-21T02:11:21.306-0500][gc             ] GC(16360) Pause Young (Normal) (G1 Evacuation Pause) 49M->43M(63M) 5.722ms
[2020-12-21T02:11:21.306-0500][gc,cpu         ] GC(16360) User=0.02s Sys=0.00s Real=0.00s
[2020-12-21T02:11:45.192-0500][gc,task        ] GC(16361) Using 5 workers of 8 for full compaction
[2020-12-21T02:11:45.192-0500][gc,start       ] GC(16361) Pause Full (System.gc())
[2020-12-21T02:11:45.192-0500][gc,heap        ] GC(16361) Heap before GC invocations=16361 (full 3283): garbage-first heap   total 64512K, used 45258K [0x0000000083000000, 0x0000000100000000)
[2020-12-21T02:11:45.192-0500][gc,heap        ] GC(16361)   region size 1024K, 3 young (3072K), 1 survivors (1024K)
[2020-12-21T02:11:45.192-0500][gc,heap        ] GC(16361)  Metaspace       used 49966K, capacity 52134K, committed 53632K, reserved 1093632K
[2020-12-21T02:11:45.192-0500][gc,heap        ] GC(16361)   class space    used 7425K, capacity 8198K, committed 8832K, reserved 1048576K
[2020-12-21T02:11:45.193-0500][gc,phases,start] GC(16361) Phase 1: Mark live objects
[2020-12-21T02:11:45.247-0500][gc,stringtable ] GC(16361) Cleaned string and symbol table, strings: 33247 processed, 4 removed, symbols: 120826 processed, 0 removed
[2020-12-21T02:11:45.247-0500][gc,phases      ] GC(16361) Phase 1: Mark live objects 53.928ms
[2020-12-21T02:11:45.247-0500][gc,phases,start] GC(16361) Phase 2: Prepare for compaction
[2020-12-21T02:11:45.253-0500][gc,phases      ] GC(16361) Phase 2: Prepare for compaction 5.764ms
[2020-12-21T02:11:45.253-0500][gc,phases,start] GC(16361) Phase 3: Adjust pointers
[2020-12-21T02:11:45.269-0500][gc,phases      ] GC(16361) Phase 3: Adjust pointers 16.271ms
[2020-12-21T02:11:45.269-0500][gc,phases,start] GC(16361) Phase 4: Compact heap
[2020-12-21T02:11:45.273-0500][gc,phases      ] GC(16361) Phase 4: Compact heap 3.822ms
[2020-12-21T02:11:45.279-0500][gc,heap        ] GC(16361) Eden regions: 2->0(10)
[2020-12-21T02:11:45.279-0500][gc,heap        ] GC(16361) Survivor regions: 1->0(1)
[2020-12-21T02:11:45.279-0500][gc,heap        ] GC(16361) Old regions: 44->41
[2020-12-21T02:11:45.279-0500][gc,heap        ] GC(16361) Humongous regions: 4->4
[2020-12-21T02:11:45.279-0500][gc,metaspace   ] GC(16361) Metaspace: 49966K->49966K(1093632K)
[2020-12-21T02:11:45.279-0500][gc,heap        ] GC(16361) Heap after GC invocations=16362 (full 3284): garbage-first heap   total 64512K, used 44158K [0x0000000083000000, 0x0000000100000000)
[2020-12-21T02:11:45.279-0500][gc,heap        ] GC(16361)   region size 1024K, 0 young (0K), 0 survivors (0K)
[2020-12-21T02:11:45.279-0500][gc,heap        ] GC(16361)  Metaspace       used 49966K, capacity 52134K, committed 53632K, reserved 1093632K
[2020-12-21T02:11:45.279-0500][gc,heap        ] GC(16361)   class space    used 7425K, capacity 8198K, committed 8832K, reserved 1048576K
[2020-12-21T02:11:45.279-0500][gc             ] GC(16361) Pause Full (System.gc()) 44M->43M(63M) 87.028ms
[2020-12-21T02:11:45.279-0500][gc,cpu         ] GC(16361) User=0.38s Sys=0.00s Real=0.09s
[2020-12-21T02:13:36.014-0500][gc,heap        ] GC(16362) Heap before GC invocations=16362 (full 3284): garbage-first heap   total 64512K, used 53374K [0x0000000083000000, 0x0000000100000000)
[2020-12-21T02:13:36.014-0500][gc,heap        ] GC(16362)   region size 1024K, 10 young (10240K), 0 survivors (0K)
[2020-12-21T02:13:36.014-0500][gc,heap        ] GC(16362)  Metaspace       used 49966K, capacity 52134K, committed 53632K, reserved 1093632K
[2020-12-21T02:13:36.014-0500][gc,heap        ] GC(16362)   class space    used 7425K, capacity 8198K, committed 8832K, reserved 1048576K
[2020-12-21T02:13:36.014-0500][gc,start       ] GC(16362) Pause Young (Normal) (G1 Evacuation Pause)
[2020-12-21T02:13:36.014-0500][gc,task        ] GC(16362) Using 8 workers of 8 for evacuation
[2020-12-21T02:13:36.019-0500][gc,phases      ] GC(16362)   Pre Evacuate Collection Set: 0.2ms
[2020-12-21T02:13:36.019-0500][gc,phases      ] GC(16362)   Evacuate Collection Set: 2.0ms
[2020-12-21T02:13:36.019-0500][gc,phases      ] GC(16362)   Post Evacuate Collection Set: 3.0ms
[2020-12-21T02:13:36.020-0500][gc,phases      ] GC(16362)   Other: 0.4ms
[2020-12-21T02:13:36.020-0500][gc,heap        ] GC(16362) Eden regions: 10->0(9)
[2020-12-21T02:13:36.020-0500][gc,heap        ] GC(16362) Survivor regions: 0->1(2)
[2020-12-21T02:13:36.020-0500][gc,heap        ] GC(16362) Old regions: 41->41
[2020-12-21T02:13:36.020-0500][gc,heap        ] GC(16362) Humongous regions: 4->4
[2020-12-21T02:13:36.020-0500][gc,metaspace   ] GC(16362) Metaspace: 49966K->49966K(1093632K)
[2020-12-21T02:13:36.020-0500][gc,heap        ] GC(16362) Heap after GC invocations=16363 (full 3284): garbage-first heap   total 64512K, used 44219K [0x0000000083000000, 0x0000000100000000)
[2020-12-21T02:13:36.020-0500][gc,heap        ] GC(16362)   region size 1024K, 1 young (1024K), 1 survivors (1024K)
[2020-12-21T02:13:36.020-0500][gc,heap        ] GC(16362)  Metaspace       used 49966K, capacity 52134K, committed 53632K, reserved 1093632K
[2020-12-21T02:13:36.020-0500][gc,heap        ] GC(16362)   class space    used 7425K, capacity 8198K, committed 8832K, reserved 1048576K
[2020-12-21T02:13:36.020-0500][gc             ] GC(16362) Pause Young (Normal) (G1 Evacuation Pause) 53M->43M(63M) 5.888ms
[2020-12-21T02:13:36.020-0500][gc,cpu         ] GC(16362) User=0.02s Sys=0.00s Real=0.01s
[2020-12-21T02:15:16.021-0500][gc,heap        ] GC(16363) Heap before GC invocations=16363 (full 3284): garbage-first heap   total 64512K, used 52411K [0x0000000083000000, 0x0000000100000000)
[2020-12-21T02:15:16.021-0500][gc,heap        ] GC(16363)   region size 1024K, 10 young (10240K), 1 survivors (1024K)
[2020-12-21T02:15:16.021-0500][gc,heap        ] GC(16363)  Metaspace       used 49966K, capacity 52134K, committed 53632K, reserved 1093632K
[2020-12-21T02:15:16.021-0500][gc,heap        ] GC(16363)   class space    used 7425K, capacity 8198K, committed 8832K, reserved 1048576K
[2020-12-21T02:15:16.021-0500][gc,start       ] GC(16363) Pause Young (Normal) (G1 Evacuation Pause)
[2020-12-21T02:15:16.021-0500][gc,task        ] GC(16363) Using 8 workers of 8 for evacuation
[2020-12-21T02:15:16.026-0500][gc,phases      ] GC(16363)   Pre Evacuate Collection Set: 0.0ms
[2020-12-21T02:15:16.026-0500][gc,phases      ] GC(16363)   Evacuate Collection Set: 1.7ms
[2020-12-21T02:15:16.026-0500][gc,phases      ] GC(16363)   Post Evacuate Collection Set: 2.8ms
[2020-12-21T02:15:16.026-0500][gc,phases      ] GC(16363)   Other: 0.5ms
[2020-12-21T02:15:16.026-0500][gc,heap        ] GC(16363) Eden regions: 9->0(9)
[2020-12-21T02:15:16.026-0500][gc,heap        ] GC(16363) Survivor regions: 1->1(2)
[2020-12-21T02:15:16.026-0500][gc,heap        ] GC(16363) Old regions: 41->41
[2020-12-21T02:15:16.026-0500][gc,heap        ] GC(16363) Humongous regions: 4->4
[2020-12-21T02:15:16.026-0500][gc,metaspace   ] GC(16363) Metaspace: 49966K->49966K(1093632K)
[2020-12-21T02:15:16.026-0500][gc,heap        ] GC(16363) Heap after GC invocations=16364 (full 3284): garbage-first heap   total 64512K, used 44235K [0x0000000083000000, 0x0000000100000000)
[2020-12-21T02:15:16.026-0500][gc,heap        ] GC(16363)   region size 1024K, 1 young (1024K), 1 survivors (1024K)
[2020-12-21T02:15:16.026-0500][gc,heap        ] GC(16363)  Metaspace       used 49966K, capacity 52134K, committed 53632K, reserved 1093632K
[2020-12-21T02:15:16.026-0500][gc,heap        ] GC(16363)   class space    used 7425K, capacity 8198K, committed 8832K, reserved 1048576K
[2020-12-21T02:15:16.027-0500][gc             ] GC(16363) Pause Young (Normal) (G1 Evacuation Pause) 52M->43M(63M) 5.247ms
[2020-12-21T02:15:16.027-0500][gc,cpu         ] GC(16363) User=0.01s Sys=0.01s Real=0.00s
[2020-12-21T02:16:45.193-0500][gc,task        ] GC(16364) Using 5 workers of 8 for full compaction
[2020-12-21T02:16:45.193-0500][gc,start       ] GC(16364) Pause Full (System.gc())
[2020-12-21T02:16:45.193-0500][gc,heap        ] GC(16364) Heap before GC invocations=16364 (full 3284): garbage-first heap   total 64512K, used 51403K [0x0000000083000000, 0x0000000100000000)
[2020-12-21T02:16:45.193-0500][gc,heap        ] GC(16364)   region size 1024K, 9 young (9216K), 1 survivors (1024K)
[2020-12-21T02:16:45.193-0500][gc,heap        ] GC(16364)  Metaspace       used 49966K, capacity 52134K, committed 53632K, reserved 1093632K
[2020-12-21T02:16:45.193-0500][gc,heap        ] GC(16364)   class space    used 7425K, capacity 8198K, committed 8832K, reserved 1048576K
[2020-12-21T02:16:45.194-0500][gc,phases,start] GC(16364) Phase 1: Mark live objects
[2020-12-21T02:16:45.514-0500][gc,stringtable ] GC(16364) Cleaned string and symbol table, strings: 33247 processed, 145 removed, symbols: 120826 processed, 0 removed
[2020-12-21T02:16:45.514-0500][gc,phases      ] GC(16364) Phase 1: Mark live objects 320.338ms
[2020-12-21T02:16:45.514-0500][gc,phases,start] GC(16364) Phase 2: Prepare for compaction
[2020-12-21T02:16:45.517-0500][gc,phases      ] GC(16364) Phase 2: Prepare for compaction 3.326ms
[2020-12-21T02:16:45.517-0500][gc,phases,start] GC(16364) Phase 3: Adjust pointers
[2020-12-21T02:16:45.529-0500][gc,phases      ] GC(16364) Phase 3: Adjust pointers 11.230ms
[2020-12-21T02:16:45.529-0500][gc,phases,start] GC(16364) Phase 4: Compact heap
[2020-12-21T02:16:45.531-0500][gc,phases      ] GC(16364) Phase 4: Compact heap 2.399ms
[2020-12-21T02:16:45.538-0500][gc,heap        ] GC(16364) Eden regions: 8->0(9)
[2020-12-21T02:16:45.538-0500][gc,heap        ] GC(16364) Survivor regions: 1->0(2)
[2020-12-21T02:16:45.538-0500][gc,heap        ] GC(16364) Old regions: 41->42
[2020-12-21T02:16:45.538-0500][gc,heap        ] GC(16364) Humongous regions: 4->4
[2020-12-21T02:16:45.538-0500][gc,metaspace   ] GC(16364) Metaspace: 49966K->49946K(1093632K)
[2020-12-21T02:16:45.538-0500][gc,heap        ] GC(16364) Heap after GC invocations=16365 (full 3285): garbage-first heap   total 64512K, used 43222K [0x0000000083000000, 0x0000000100000000)
[2020-12-21T02:16:45.538-0500][gc,heap        ] GC(16364)   region size 1024K, 0 young (0K), 0 survivors (0K)
[2020-12-21T02:16:45.538-0500][gc,heap        ] GC(16364)  Metaspace       used 49946K, capacity 52104K, committed 53632K, reserved 1093632K
[2020-12-21T02:16:45.538-0500][gc,heap        ] GC(16364)   class space    used 7422K, capacity 8193K, committed 8832K, reserved 1048576K
[2020-12-21T02:16:45.538-0500][gc             ] GC(16364) Pause Full (System.gc()) 50M->42M(63M) 344.972ms
[2020-12-21T02:16:45.538-0500][gc,cpu         ] GC(16364) User=1.64s Sys=0.00s Real=0.35s
[2020-12-21T02:18:22.642-0500][gc,heap        ] GC(16365) Heap before GC invocations=16365 (full 3285): garbage-first heap   total 64512K, used 51414K [0x0000000083000000, 0x0000000100000000)
[2020-12-21T02:18:22.642-0500][gc,heap        ] GC(16365)   region size 1024K, 9 young (9216K), 0 survivors (0K)
[2020-12-21T02:18:22.642-0500][gc,heap        ] GC(16365)  Metaspace       used 49946K, capacity 52104K, committed 53632K, reserved 1093632K
[2020-12-21T02:18:22.642-0500][gc,heap        ] GC(16365)   class space    used 7422K, capacity 8193K, committed 8832K, reserved 1048576K
[2020-12-21T02:18:22.642-0500][gc,start       ] GC(16365) Pause Young (Normal) (G1 Evacuation Pause)
[2020-12-21T02:18:22.642-0500][gc,task        ] GC(16365) Using 8 workers of 8 for evacuation
[2020-12-21T02:18:22.645-0500][gc,phases      ] GC(16365)   Pre Evacuate Collection Set: 0.0ms
[2020-12-21T02:18:22.645-0500][gc,phases      ] GC(16365)   Evacuate Collection Set: 1.3ms
[2020-12-21T02:18:22.645-0500][gc,phases      ] GC(16365)   Post Evacuate Collection Set: 1.2ms
[2020-12-21T02:18:22.645-0500][gc,phases      ] GC(16365)   Other: 0.2ms
[2020-12-21T02:18:22.645-0500][gc,heap        ] GC(16365) Eden regions: 9->0(8)
[2020-12-21T02:18:22.645-0500][gc,heap        ] GC(16365) Survivor regions: 0->1(2)
[2020-12-21T02:18:22.645-0500][gc,heap        ] GC(16365) Old regions: 42->42
[2020-12-21T02:18:22.645-0500][gc,heap        ] GC(16365) Humongous regions: 4->4
[2020-12-21T02:18:22.645-0500][gc,metaspace   ] GC(16365) Metaspace: 49946K->49946K(1093632K)
[2020-12-21T02:18:22.645-0500][gc,heap        ] GC(16365) Heap after GC invocations=16366 (full 3285): garbage-first heap   total 64512K, used 43445K [0x0000000083000000, 0x0000000100000000)
[2020-12-21T02:18:22.645-0500][gc,heap        ] GC(16365)   region size 1024K, 1 young (1024K), 1 survivors (1024K)
[2020-12-21T02:18:22.645-0500][gc,heap        ] GC(16365)  Metaspace       used 49946K, capacity 52104K, committed 53632K, reserved 1093632K
[2020-12-21T02:18:22.645-0500][gc,heap        ] GC(16365)   class space    used 7422K, capacity 8193K, committed 8832K, reserved 1048576K
[2020-12-21T02:18:22.645-0500][gc             ] GC(16365) Pause Young (Normal) (G1 Evacuation Pause) 51M->42M(63M) 2.757ms
[2020-12-21T02:18:22.645-0500][gc,cpu         ] GC(16365) User=0.01s Sys=0.00s Real=0.00s
[2020-12-21T02:19:56.014-0500][gc,heap        ] GC(16366) Heap before GC invocations=16366 (full 3285): garbage-first heap   total 64512K, used 51637K [0x0000000083000000, 0x0000000100000000)
[2020-12-21T02:19:56.014-0500][gc,heap        ] GC(16366)   region size 1024K, 9 young (9216K), 1 survivors (1024K)
[2020-12-21T02:19:56.014-0500][gc,heap        ] GC(16366)  Metaspace       used 49946K, capacity 52104K, committed 53632K, reserved 1093632K
[2020-12-21T02:19:56.014-0500][gc,heap        ] GC(16366)   class space    used 7422K, capacity 8193K, committed 8832K, reserved 1048576K
[2020-12-21T02:19:56.015-0500][gc,start       ] GC(16366) Pause Young (Normal) (G1 Evacuation Pause)
[2020-12-21T02:19:56.015-0500][gc,task        ] GC(16366) Using 8 workers of 8 for evacuation
[2020-12-21T02:19:56.018-0500][gc,phases      ] GC(16366)   Pre Evacuate Collection Set: 0.1ms
[2020-12-21T02:19:56.018-0500][gc,phases      ] GC(16366)   Evacuate Collection Set: 1.5ms
[2020-12-21T02:19:56.018-0500][gc,phases      ] GC(16366)   Post Evacuate Collection Set: 1.4ms
[2020-12-21T02:19:56.018-0500][gc,phases      ] GC(16366)   Other: 0.5ms
[2020-12-21T02:19:56.018-0500][gc,heap        ] GC(16366) Eden regions: 8->0(8)
[2020-12-21T02:19:56.018-0500][gc,heap        ] GC(16366) Survivor regions: 1->1(2)
[2020-12-21T02:19:56.018-0500][gc,heap        ] GC(16366) Old regions: 42->42
[2020-12-21T02:19:56.018-0500][gc,heap        ] GC(16366) Humongous regions: 4->4
[2020-12-21T02:19:56.018-0500][gc,metaspace   ] GC(16366) Metaspace: 49946K->49946K(1093632K)
[2020-12-21T02:19:56.018-0500][gc,heap        ] GC(16366) Heap after GC invocations=16367 (full 3285): garbage-first heap   total 64512K, used 43279K [0x0000000083000000, 0x0000000100000000)
[2020-12-21T02:19:56.018-0500][gc,heap        ] GC(16366)   region size 1024K, 1 young (1024K), 1 survivors (1024K)
[2020-12-21T02:19:56.018-0500][gc,heap        ] GC(16366)  Metaspace       used 49946K, capacity 52104K, committed 53632K, reserved 1093632K
[2020-12-21T02:19:56.018-0500][gc,heap        ] GC(16366)   class space    used 7422K, capacity 8193K, committed 8832K, reserved 1048576K
[2020-12-21T02:19:56.018-0500][gc             ] GC(16366) Pause Young (Normal) (G1 Evacuation Pause) 50M->42M(63M) 3.444ms
[2020-12-21T02:19:56.018-0500][gc,cpu         ] GC(16366) User=0.01s Sys=0.00s Real=0.01s
[2020-12-21T02:21:26.018-0500][gc,heap        ] GC(16367) Heap before GC invocations=16367 (full 3285): garbage-first heap   total 64512K, used 50447K [0x0000000083000000, 0x0000000100000000)
[2020-12-21T02:21:26.018-0500][gc,heap        ] GC(16367)   region size 1024K, 9 young (9216K), 1 survivors (1024K)
[2020-12-21T02:21:26.018-0500][gc,heap        ] GC(16367)  Metaspace       used 49946K, capacity 52104K, committed 53632K, reserved 1093632K
[2020-12-21T02:21:26.018-0500][gc,heap        ] GC(16367)   class space    used 7422K, capacity 8193K, committed 8832K, reserved 1048576K
[2020-12-21T02:21:26.018-0500][gc,start       ] GC(16367) Pause Young (Normal) (G1 Evacuation Pause)
[2020-12-21T02:21:26.018-0500][gc,task        ] GC(16367) Using 8 workers of 8 for evacuation
[2020-12-21T02:21:26.022-0500][gc,phases      ] GC(16367)   Pre Evacuate Collection Set: 0.0ms
[2020-12-21T02:21:26.022-0500][gc,phases      ] GC(16367)   Evacuate Collection Set: 1.4ms
[2020-12-21T02:21:26.022-0500][gc,phases      ] GC(16367)   Post Evacuate Collection Set: 2.3ms
[2020-12-21T02:21:26.022-0500][gc,phases      ] GC(16367)   Other: 0.5ms
[2020-12-21T02:21:26.022-0500][gc,heap        ] GC(16367) Eden regions: 8->0(8)
[2020-12-21T02:21:26.022-0500][gc,heap        ] GC(16367) Survivor regions: 1->1(2)
[2020-12-21T02:21:26.022-0500][gc,heap        ] GC(16367) Old regions: 42->42
[2020-12-21T02:21:26.022-0500][gc,heap        ] GC(16367) Humongous regions: 4->4
[2020-12-21T02:21:26.022-0500][gc,metaspace   ] GC(16367) Metaspace: 49946K->49946K(1093632K)
[2020-12-21T02:21:26.022-0500][gc,heap        ] GC(16367) Heap after GC invocations=16368 (full 3285): garbage-first heap   total 64512K, used 43289K [0x0000000083000000, 0x0000000100000000)
[2020-12-21T02:21:26.023-0500][gc,heap        ] GC(16367)   region size 1024K, 1 young (1024K), 1 survivors (1024K)
[2020-12-21T02:21:26.023-0500][gc,heap        ] GC(16367)  Metaspace       used 49946K, capacity 52104K, committed 53632K, reserved 1093632K
[2020-12-21T02:21:26.023-0500][gc,heap        ] GC(16367)   class space    used 7422K, capacity 8193K, committed 8832K, reserved 1048576K
[2020-12-21T02:21:26.023-0500][gc             ] GC(16367) Pause Young (Normal) (G1 Evacuation Pause) 50M->42M(63M) 4.377ms
[2020-12-21T02:21:26.023-0500][gc,cpu         ] GC(16367) User=0.00s Sys=0.01s Real=0.00s
[2020-12-21T02:21:45.191-0500][gc,task        ] GC(16368) Using 5 workers of 8 for full compaction
[2020-12-21T02:21:45.192-0500][gc,start       ] GC(16368) Pause Full (System.gc())
[2020-12-21T02:21:45.192-0500][gc,heap        ] GC(16368) Heap before GC invocations=16368 (full 3285): garbage-first heap   total 64512K, used 43289K [0x0000000083000000, 0x0000000100000000)
[2020-12-21T02:21:45.192-0500][gc,heap        ] GC(16368)   region size 1024K, 2 young (2048K), 1 survivors (1024K)
[2020-12-21T02:21:45.192-0500][gc,heap        ] GC(16368)  Metaspace       used 49946K, capacity 52104K, committed 53632K, reserved 1093632K
[2020-12-21T02:21:45.192-0500][gc,heap        ] GC(16368)   class space    used 7422K, capacity 8193K, committed 8832K, reserved 1048576K
[2020-12-21T02:21:45.193-0500][gc,phases,start] GC(16368) Phase 1: Mark live objects
[2020-12-21T02:21:45.234-0500][gc,stringtable ] GC(16368) Cleaned string and symbol table, strings: 33106 processed, 4 removed, symbols: 120826 processed, 10 removed
[2020-12-21T02:21:45.234-0500][gc,phases      ] GC(16368) Phase 1: Mark live objects 41.258ms
[2020-12-21T02:21:45.234-0500][gc,phases,start] GC(16368) Phase 2: Prepare for compaction
[2020-12-21T02:21:45.238-0500][gc,phases      ] GC(16368) Phase 2: Prepare for compaction 4.450ms
[2020-12-21T02:21:45.239-0500][gc,phases,start] GC(16368) Phase 3: Adjust pointers
[2020-12-21T02:21:45.250-0500][gc,phases      ] GC(16368) Phase 3: Adjust pointers 11.617ms
[2020-12-21T02:21:45.250-0500][gc,phases,start] GC(16368) Phase 4: Compact heap
[2020-12-21T02:21:45.253-0500][gc,phases      ] GC(16368) Phase 4: Compact heap 2.766ms
[2020-12-21T02:21:45.259-0500][gc,heap        ] GC(16368) Eden regions: 1->0(10)
[2020-12-21T02:21:45.259-0500][gc,heap        ] GC(16368) Survivor regions: 1->0(2)
[2020-12-21T02:21:45.259-0500][gc,heap        ] GC(16368) Old regions: 42->41
[2020-12-21T02:21:45.259-0500][gc,heap        ] GC(16368) Humongous regions: 4->4
[2020-12-21T02:21:45.259-0500][gc,metaspace   ] GC(16368) Metaspace: 49946K->49946K(1093632K)
[2020-12-21T02:21:45.259-0500][gc,heap        ] GC(16368) Heap after GC invocations=16369 (full 3286): garbage-first heap   total 64512K, used 43199K [0x0000000083000000, 0x0000000100000000)
[2020-12-21T02:21:45.259-0500][gc,heap        ] GC(16368)   region size 1024K, 0 young (0K), 0 survivors (0K)
[2020-12-21T02:21:45.259-0500][gc,heap        ] GC(16368)  Metaspace       used 49946K, capacity 52104K, committed 53632K, reserved 1093632K
[2020-12-21T02:21:45.259-0500][gc,heap        ] GC(16368)   class space    used 7422K, capacity 8193K, committed 8832K, reserved 1048576K
[2020-12-21T02:21:45.259-0500][gc             ] GC(16368) Pause Full (System.gc()) 43M->42M(63M) 67.693ms
[2020-12-21T02:21:45.260-0500][gc,cpu         ] GC(16368) User=0.29s Sys=0.00s Real=0.07s
[2020-12-21T02:23:36.015-0500][gc,heap        ] GC(16369) Heap before GC invocations=16369 (full 3286): garbage-first heap   total 64512K, used 53439K [0x0000000083000000, 0x0000000100000000)
[2020-12-21T02:23:36.015-0500][gc,heap        ] GC(16369)   region size 1024K, 10 young (10240K), 0 survivors (0K)
[2020-12-21T02:23:36.015-0500][gc,heap        ] GC(16369)  Metaspace       used 49946K, capacity 52104K, committed 53632K, reserved 1093632K
[2020-12-21T02:23:36.015-0500][gc,heap        ] GC(16369)   class space    used 7422K, capacity 8193K, committed 8832K, reserved 1048576K
[2020-12-21T02:23:36.015-0500][gc,start       ] GC(16369) Pause Young (Normal) (G1 Evacuation Pause)
[2020-12-21T02:23:36.015-0500][gc,task        ] GC(16369) Using 8 workers of 8 for evacuation
[2020-12-21T02:23:36.019-0500][gc,phases      ] GC(16369)   Pre Evacuate Collection Set: 0.0ms
[2020-12-21T02:23:36.019-0500][gc,phases      ] GC(16369)   Evacuate Collection Set: 1.2ms
[2020-12-21T02:23:36.019-0500][gc,phases      ] GC(16369)   Post Evacuate Collection Set: 2.4ms
[2020-12-21T02:23:36.019-0500][gc,phases      ] GC(16369)   Other: 0.4ms
[2020-12-21T02:23:36.019-0500][gc,heap        ] GC(16369) Eden regions: 10->0(9)
[2020-12-21T02:23:36.019-0500][gc,heap        ] GC(16369) Survivor regions: 0->1(2)
[2020-12-21T02:23:36.019-0500][gc,heap        ] GC(16369) Old regions: 41->41
[2020-12-21T02:23:36.019-0500][gc,heap        ] GC(16369) Humongous regions: 4->4
[2020-12-21T02:23:36.019-0500][gc,metaspace   ] GC(16369) Metaspace: 49946K->49946K(1093632K)
[2020-12-21T02:23:36.019-0500][gc,heap        ] GC(16369) Heap after GC invocations=16370 (full 3286): garbage-first heap   total 64512K, used 43261K [0x0000000083000000, 0x0000000100000000)
[2020-12-21T02:23:36.019-0500][gc,heap        ] GC(16369)   region size 1024K, 1 young (1024K), 1 survivors (1024K)
[2020-12-21T02:23:36.019-0500][gc,heap        ] GC(16369)  Metaspace       used 49946K, capacity 52104K, committed 53632K, reserved 1093632K
[2020-12-21T02:23:36.019-0500][gc,heap        ] GC(16369)   class space    used 7422K, capacity 8193K, committed 8832K, reserved 1048576K
[2020-12-21T02:23:36.019-0500][gc             ] GC(16369) Pause Young (Normal) (G1 Evacuation Pause) 52M->42M(63M) 4.229ms
[2020-12-21T02:23:36.019-0500][gc,cpu         ] GC(16369) User=0.01s Sys=0.00s Real=0.01s
[2020-12-21T02:25:22.037-0500][gc,heap        ] GC(16370) Heap before GC invocations=16370 (full 3286): garbage-first heap   total 64512K, used 51453K [0x0000000083000000, 0x0000000100000000)
[2020-12-21T02:25:22.037-0500][gc,heap        ] GC(16370)   region size 1024K, 10 young (10240K), 1 survivors (1024K)
[2020-12-21T02:25:22.037-0500][gc,heap        ] GC(16370)  Metaspace       used 49946K, capacity 52104K, committed 53632K, reserved 1093632K
[2020-12-21T02:25:22.037-0500][gc,heap        ] GC(16370)   class space    used 7422K, capacity 8193K, committed 8832K, reserved 1048576K
[2020-12-21T02:25:22.037-0500][gc,start       ] GC(16370) Pause Young (Normal) (G1 Evacuation Pause)
[2020-12-21T02:25:22.037-0500][gc,task        ] GC(16370) Using 8 workers of 8 for evacuation
[2020-12-21T02:25:22.041-0500][gc,phases      ] GC(16370)   Pre Evacuate Collection Set: 0.0ms
[2020-12-21T02:25:22.041-0500][gc,phases      ] GC(16370)   Evacuate Collection Set: 1.3ms
[2020-12-21T02:25:22.041-0500][gc,phases      ] GC(16370)   Post Evacuate Collection Set: 1.8ms
[2020-12-21T02:25:22.041-0500][gc,phases      ] GC(16370)   Other: 0.6ms
[2020-12-21T02:25:22.041-0500][gc,heap        ] GC(16370) Eden regions: 9->0(9)
[2020-12-21T02:25:22.041-0500][gc,heap        ] GC(16370) Survivor regions: 1->1(2)
[2020-12-21T02:25:22.041-0500][gc,heap        ] GC(16370) Old regions: 41->41
[2020-12-21T02:25:22.041-0500][gc,heap        ] GC(16370) Humongous regions: 4->4
[2020-12-21T02:25:22.041-0500][gc,metaspace   ] GC(16370) Metaspace: 49946K->49946K(1093632K)
[2020-12-21T02:25:22.041-0500][gc,heap        ] GC(16370) Heap after GC invocations=16371 (full 3286): garbage-first heap   total 64512K, used 43255K [0x0000000083000000, 0x0000000100000000)
[2020-12-21T02:25:22.041-0500][gc,heap        ] GC(16370)   region size 1024K, 1 young (1024K), 1 survivors (1024K)
[2020-12-21T02:25:22.041-0500][gc,heap        ] GC(16370)  Metaspace       used 49946K, capacity 52104K, committed 53632K, reserved 1093632K
[2020-12-21T02:25:22.041-0500][gc,heap        ] GC(16370)   class space    used 7422K, capacity 8193K, committed 8832K, reserved 1048576K
[2020-12-21T02:25:22.041-0500][gc             ] GC(16370) Pause Young (Normal) (G1 Evacuation Pause) 51M->42M(63M) 3.849ms
[2020-12-21T02:25:22.041-0500][gc,cpu         ] GC(16370) User=0.01s Sys=0.00s Real=0.01s
[2020-12-21T02:26:45.192-0500][gc,task        ] GC(16371) Using 5 workers of 8 for full compaction
[2020-12-21T02:26:45.192-0500][gc,start       ] GC(16371) Pause Full (System.gc())
[2020-12-21T02:26:45.192-0500][gc,heap        ] GC(16371) Heap before GC invocations=16371 (full 3286): garbage-first heap   total 64512K, used 49399K [0x0000000083000000, 0x0000000100000000)
[2020-12-21T02:26:45.192-0500][gc,heap        ] GC(16371)   region size 1024K, 9 young (9216K), 1 survivors (1024K)
[2020-12-21T02:26:45.192-0500][gc,heap        ] GC(16371)  Metaspace       used 49946K, capacity 52104K, committed 53632K, reserved 1093632K
[2020-12-21T02:26:45.193-0500][gc,heap        ] GC(16371)   class space    used 7422K, capacity 8193K, committed 8832K, reserved 1048576K
[2020-12-21T02:26:45.193-0500][gc,phases,start] GC(16371) Phase 1: Mark live objects
[2020-12-21T02:26:45.232-0500][gc,stringtable ] GC(16371) Cleaned string and symbol table, strings: 33106 processed, 4 removed, symbols: 120816 processed, 0 removed
[2020-12-21T02:26:45.232-0500][gc,phases      ] GC(16371) Phase 1: Mark live objects 39.342ms
[2020-12-21T02:26:45.232-0500][gc,phases,start] GC(16371) Phase 2: Prepare for compaction
[2020-12-21T02:26:45.237-0500][gc,phases      ] GC(16371) Phase 2: Prepare for compaction 4.229ms
[2020-12-21T02:26:45.237-0500][gc,phases,start] GC(16371) Phase 3: Adjust pointers
[2020-12-21T02:26:45.249-0500][gc,phases      ] GC(16371) Phase 3: Adjust pointers 12.638ms
[2020-12-21T02:26:45.249-0500][gc,phases,start] GC(16371) Phase 4: Compact heap
[2020-12-21T02:26:45.252-0500][gc,phases      ] GC(16371) Phase 4: Compact heap 2.618ms
[2020-12-21T02:26:45.258-0500][gc,heap        ] GC(16371) Eden regions: 8->0(9)
[2020-12-21T02:26:45.258-0500][gc,heap        ] GC(16371) Survivor regions: 1->0(2)
[2020-12-21T02:26:45.258-0500][gc,heap        ] GC(16371) Old regions: 41->42
[2020-12-21T02:26:45.258-0500][gc,heap        ] GC(16371) Humongous regions: 4->4
[2020-12-21T02:26:45.258-0500][gc,metaspace   ] GC(16371) Metaspace: 49946K->49946K(1093632K)
[2020-12-21T02:26:45.258-0500][gc,heap        ] GC(16371) Heap after GC invocations=16372 (full 3287): garbage-first heap   total 64512K, used 43221K [0x0000000083000000, 0x0000000100000000)
[2020-12-21T02:26:45.258-0500][gc,heap        ] GC(16371)   region size 1024K, 0 young (0K), 0 survivors (0K)
[2020-12-21T02:26:45.258-0500][gc,heap        ] GC(16371)  Metaspace       used 49946K, capacity 52104K, committed 53632K, reserved 1093632K
[2020-12-21T02:26:45.258-0500][gc,heap        ] GC(16371)   class space    used 7422K, capacity 8193K, committed 8832K, reserved 1048576K
[2020-12-21T02:26:45.258-0500][gc             ] GC(16371) Pause Full (System.gc()) 49M->42M(63M) 65.967ms
[2020-12-21T02:26:45.258-0500][gc,cpu         ] GC(16371) User=0.28s Sys=0.00s Real=0.07s
[2020-12-21T02:28:24.628-0500][gc,heap        ] GC(16372) Heap before GC invocations=16372 (full 3287): garbage-first heap   total 64512K, used 51413K [0x0000000083000000, 0x0000000100000000)
[2020-12-21T02:28:24.628-0500][gc,heap        ] GC(16372)   region size 1024K, 9 young (9216K), 0 survivors (0K)
[2020-12-21T02:28:24.628-0500][gc,heap        ] GC(16372)  Metaspace       used 49946K, capacity 52104K, committed 53632K, reserved 1093632K
[2020-12-21T02:28:24.628-0500][gc,heap        ] GC(16372)   class space    used 7422K, capacity 8193K, committed 8832K, reserved 1048576K
[2020-12-21T02:28:24.628-0500][gc,start       ] GC(16372) Pause Young (Normal) (G1 Evacuation Pause)
[2020-12-21T02:28:24.628-0500][gc,task        ] GC(16372) Using 8 workers of 8 for evacuation
[2020-12-21T02:28:24.632-0500][gc,phases      ] GC(16372)   Pre Evacuate Collection Set: 0.0ms
[2020-12-21T02:28:24.632-0500][gc,phases      ] GC(16372)   Evacuate Collection Set: 1.7ms
[2020-12-21T02:28:24.632-0500][gc,phases      ] GC(16372)   Post Evacuate Collection Set: 2.2ms
[2020-12-21T02:28:24.632-0500][gc,phases      ] GC(16372)   Other: 0.5ms
[2020-12-21T02:28:24.632-0500][gc,heap        ] GC(16372) Eden regions: 9->0(8)
[2020-12-21T02:28:24.632-0500][gc,heap        ] GC(16372) Survivor regions: 0->1(2)
[2020-12-21T02:28:24.632-0500][gc,heap        ] GC(16372) Old regions: 42->42
[2020-12-21T02:28:24.632-0500][gc,heap        ] GC(16372) Humongous regions: 4->4
[2020-12-21T02:28:24.632-0500][gc,metaspace   ] GC(16372) Metaspace: 49946K->49946K(1093632K)
[2020-12-21T02:28:24.632-0500][gc,heap        ] GC(16372) Heap after GC invocations=16373 (full 3287): garbage-first heap   total 64512K, used 43355K [0x0000000083000000, 0x0000000100000000)
[2020-12-21T02:28:24.632-0500][gc,heap        ] GC(16372)   region size 1024K, 1 young (1024K), 1 survivors (1024K)
[2020-12-21T02:28:24.632-0500][gc,heap        ] GC(16372)  Metaspace       used 49946K, capacity 52104K, committed 53632K, reserved 1093632K
[2020-12-21T02:28:24.632-0500][gc,heap        ] GC(16372)   class space    used 7422K, capacity 8193K, committed 8832K, reserved 1048576K
[2020-12-21T02:28:24.633-0500][gc             ] GC(16372) Pause Young (Normal) (G1 Evacuation Pause) 51M->42M(63M) 4.515ms
[2020-12-21T02:28:24.633-0500][gc,cpu         ] GC(16372) User=0.01s Sys=0.00s Real=0.00s
[2020-12-21T02:29:54.837-0500][gc,heap        ] GC(16373) Heap before GC invocations=16373 (full 3287): garbage-first heap   total 64512K, used 50523K [0x0000000083000000, 0x0000000100000000)
[2020-12-21T02:29:54.837-0500][gc,heap        ] GC(16373)   region size 1024K, 9 young (9216K), 1 survivors (1024K)
[2020-12-21T02:29:54.837-0500][gc,heap        ] GC(16373)  Metaspace       used 49946K, capacity 52104K, committed 53632K, reserved 1093632K
[2020-12-21T02:29:54.837-0500][gc,heap        ] GC(16373)   class space    used 7422K, capacity 8193K, committed 8832K, reserved 1048576K
[2020-12-21T02:29:54.837-0500][gc,start       ] GC(16373) Pause Young (Normal) (G1 Evacuation Pause)
[2020-12-21T02:29:54.837-0500][gc,task        ] GC(16373) Using 8 workers of 8 for evacuation
[2020-12-21T02:29:54.839-0500][gc,phases      ] GC(16373)   Pre Evacuate Collection Set: 0.0ms
[2020-12-21T02:29:54.839-0500][gc,phases      ] GC(16373)   Evacuate Collection Set: 0.7ms
[2020-12-21T02:29:54.839-0500][gc,phases      ] GC(16373)   Post Evacuate Collection Set: 1.5ms
[2020-12-21T02:29:54.839-0500][gc,phases      ] GC(16373)   Other: 0.2ms
[2020-12-21T02:29:54.839-0500][gc,heap        ] GC(16373) Eden regions: 8->0(8)
[2020-12-21T02:29:54.839-0500][gc,heap        ] GC(16373) Survivor regions: 1->1(2)
[2020-12-21T02:29:54.839-0500][gc,heap        ] GC(16373) Old regions: 42->42
[2020-12-21T02:29:54.839-0500][gc,heap        ] GC(16373) Humongous regions: 4->4
[2020-12-21T02:29:54.839-0500][gc,metaspace   ] GC(16373) Metaspace: 49946K->49946K(1093632K)
[2020-12-21T02:29:54.839-0500][gc,heap        ] GC(16373) Heap after GC invocations=16374 (full 3287): garbage-first heap   total 64512K, used 43441K [0x0000000083000000, 0x0000000100000000)
[2020-12-21T02:29:54.839-0500][gc,heap        ] GC(16373)   region size 1024K, 1 young (1024K), 1 survivors (1024K)
[2020-12-21T02:29:54.839-0500][gc,heap        ] GC(16373)  Metaspace       used 49946K, capacity 52104K, committed 53632K, reserved 1093632K
[2020-12-21T02:29:54.839-0500][gc,heap        ] GC(16373)   class space    used 7422K, capacity 8193K, committed 8832K, reserved 1048576K
[2020-12-21T02:29:54.839-0500][gc             ] GC(16373) Pause Young (Normal) (G1 Evacuation Pause) 50M->42M(63M) 2.443ms
[2020-12-21T02:29:54.839-0500][gc,cpu         ] GC(16373) User=0.01s Sys=0.01s Real=0.01s
[2020-12-21T02:31:25.056-0500][gc,heap        ] GC(16374) Heap before GC invocations=16374 (full 3287): garbage-first heap   total 64512K, used 51633K [0x0000000083000000, 0x0000000100000000)
[2020-12-21T02:31:25.056-0500][gc,heap        ] GC(16374)   region size 1024K, 9 young (9216K), 1 survivors (1024K)
[2020-12-21T02:31:25.056-0500][gc,heap        ] GC(16374)  Metaspace       used 49946K, capacity 52104K, committed 53632K, reserved 1093632K
[2020-12-21T02:31:25.056-0500][gc,heap        ] GC(16374)   class space    used 7422K, capacity 8193K, committed 8832K, reserved 1048576K
[2020-12-21T02:31:25.056-0500][gc,start       ] GC(16374) Pause Young (Normal) (G1 Evacuation Pause)
[2020-12-21T02:31:25.056-0500][gc,task        ] GC(16374) Using 8 workers of 8 for evacuation
[2020-12-21T02:31:25.059-0500][gc,phases      ] GC(16374)   Pre Evacuate Collection Set: 0.0ms
[2020-12-21T02:31:25.059-0500][gc,phases      ] GC(16374)   Evacuate Collection Set: 1.2ms
[2020-12-21T02:31:25.059-0500][gc,phases      ] GC(16374)   Post Evacuate Collection Set: 2.0ms
[2020-12-21T02:31:25.059-0500][gc,phases      ] GC(16374)   Other: 0.2ms
[2020-12-21T02:31:25.059-0500][gc,heap        ] GC(16374) Eden regions: 8->0(8)
[2020-12-21T02:31:25.059-0500][gc,heap        ] GC(16374) Survivor regions: 1->1(2)
[2020-12-21T02:31:25.059-0500][gc,heap        ] GC(16374) Old regions: 42->42
[2020-12-21T02:31:25.059-0500][gc,heap        ] GC(16374) Humongous regions: 4->4
[2020-12-21T02:31:25.059-0500][gc,metaspace   ] GC(16374) Metaspace: 49946K->49946K(1093632K)
[2020-12-21T02:31:25.059-0500][gc,heap        ] GC(16374) Heap after GC invocations=16375 (full 3287): garbage-first heap   total 64512K, used 43416K [0x0000000083000000, 0x0000000100000000)
[2020-12-21T02:31:25.059-0500][gc,heap        ] GC(16374)   region size 1024K, 1 young (1024K), 1 survivors (1024K)
[2020-12-21T02:31:25.059-0500][gc,heap        ] GC(16374)  Metaspace       used 49946K, capacity 52104K, committed 53632K, reserved 1093632K
[2020-12-21T02:31:25.059-0500][gc,heap        ] GC(16374)   class space    used 7422K, capacity 8193K, committed 8832K, reserved 1048576K
[2020-12-21T02:31:25.059-0500][gc             ] GC(16374) Pause Young (Normal) (G1 Evacuation Pause) 50M->42M(63M) 3.631ms
[2020-12-21T02:31:25.060-0500][gc,cpu         ] GC(16374) User=0.00s Sys=0.01s Real=0.01s
[2020-12-21T02:31:45.189-0500][gc,task        ] GC(16375) Using 5 workers of 8 for full compaction
[2020-12-21T02:31:45.189-0500][gc,start       ] GC(16375) Pause Full (System.gc())
[2020-12-21T02:31:45.189-0500][gc,heap        ] GC(16375) Heap before GC invocations=16375 (full 3287): garbage-first heap   total 64512K, used 44440K [0x0000000083000000, 0x0000000100000000)
[2020-12-21T02:31:45.189-0500][gc,heap        ] GC(16375)   region size 1024K, 3 young (3072K), 1 survivors (1024K)
[2020-12-21T02:31:45.189-0500][gc,heap        ] GC(16375)  Metaspace       used 49946K, capacity 52104K, committed 53632K, reserved 1093632K
[2020-12-21T02:31:45.189-0500][gc,heap        ] GC(16375)   class space    used 7422K, capacity 8193K, committed 8832K, reserved 1048576K
[2020-12-21T02:31:45.190-0500][gc,phases,start] GC(16375) Phase 1: Mark live objects
[2020-12-21T02:31:45.229-0500][gc,stringtable ] GC(16375) Cleaned string and symbol table, strings: 33106 processed, 4 removed, symbols: 120816 processed, 0 removed
[2020-12-21T02:31:45.230-0500][gc,phases      ] GC(16375) Phase 1: Mark live objects 39.912ms
[2020-12-21T02:31:45.230-0500][gc,phases,start] GC(16375) Phase 2: Prepare for compaction
[2020-12-21T02:31:45.233-0500][gc,phases      ] GC(16375) Phase 2: Prepare for compaction 3.093ms
[2020-12-21T02:31:45.233-0500][gc,phases,start] GC(16375) Phase 3: Adjust pointers
[2020-12-21T02:31:45.243-0500][gc,phases      ] GC(16375) Phase 3: Adjust pointers 9.904ms
[2020-12-21T02:31:45.243-0500][gc,phases,start] GC(16375) Phase 4: Compact heap
[2020-12-21T02:31:45.245-0500][gc,phases      ] GC(16375) Phase 4: Compact heap 2.237ms
[2020-12-21T02:31:45.251-0500][gc,heap        ] GC(16375) Eden regions: 2->0(10)
[2020-12-21T02:31:45.251-0500][gc,heap        ] GC(16375) Survivor regions: 1->0(2)
[2020-12-21T02:31:45.251-0500][gc,heap        ] GC(16375) Old regions: 42->41
[2020-12-21T02:31:45.251-0500][gc,heap        ] GC(16375) Humongous regions: 4->4
[2020-12-21T02:31:45.251-0500][gc,metaspace   ] GC(16375) Metaspace: 49946K->49946K(1093632K)
[2020-12-21T02:31:45.251-0500][gc,heap        ] GC(16375) Heap after GC invocations=16376 (full 3288): garbage-first heap   total 64512K, used 43200K [0x0000000083000000, 0x0000000100000000)
[2020-12-21T02:31:45.251-0500][gc,heap        ] GC(16375)   region size 1024K, 0 young (0K), 0 survivors (0K)
[2020-12-21T02:31:45.251-0500][gc,heap        ] GC(16375)  Metaspace       used 49946K, capacity 52104K, committed 53632K, reserved 1093632K
[2020-12-21T02:31:45.251-0500][gc,heap        ] GC(16375)   class space    used 7422K, capacity 8193K, committed 8832K, reserved 1048576K
[2020-12-21T02:31:45.251-0500][gc             ] GC(16375) Pause Full (System.gc()) 43M->42M(63M) 61.910ms
[2020-12-21T02:31:45.251-0500][gc,cpu         ] GC(16375) User=0.26s Sys=0.00s Real=0.06s
[2020-12-21T02:33:36.013-0500][gc,heap        ] GC(16376) Heap before GC invocations=16376 (full 3288): garbage-first heap   total 64512K, used 52416K [0x0000000083000000, 0x0000000100000000)
[2020-12-21T02:33:36.013-0500][gc,heap        ] GC(16376)   region size 1024K, 10 young (10240K), 0 survivors (0K)
[2020-12-21T02:33:36.013-0500][gc,heap        ] GC(16376)  Metaspace       used 49946K, capacity 52104K, committed 53632K, reserved 1093632K
[2020-12-21T02:33:36.013-0500][gc,heap        ] GC(16376)   class space    used 7422K, capacity 8193K, committed 8832K, reserved 1048576K
[2020-12-21T02:33:36.013-0500][gc,start       ] GC(16376) Pause Young (Normal) (G1 Evacuation Pause)
[2020-12-21T02:33:36.013-0500][gc,task        ] GC(16376) Using 8 workers of 8 for evacuation
[2020-12-21T02:33:36.026-0500][gc,phases      ] GC(16376)   Pre Evacuate Collection Set: 0.0ms
[2020-12-21T02:33:36.026-0500][gc,phases      ] GC(16376)   Evacuate Collection Set: 1.9ms
[2020-12-21T02:33:36.026-0500][gc,phases      ] GC(16376)   Post Evacuate Collection Set: 10.6ms
[2020-12-21T02:33:36.026-0500][gc,phases      ] GC(16376)   Other: 0.4ms
[2020-12-21T02:33:36.026-0500][gc,heap        ] GC(16376) Eden regions: 10->0(9)
[2020-12-21T02:33:36.026-0500][gc,heap        ] GC(16376) Survivor regions: 0->1(2)
[2020-12-21T02:33:36.026-0500][gc,heap        ] GC(16376) Old regions: 41->41
[2020-12-21T02:33:36.026-0500][gc,heap        ] GC(16376) Humongous regions: 4->4
[2020-12-21T02:33:36.026-0500][gc,metaspace   ] GC(16376) Metaspace: 49946K->49946K(1093632K)
[2020-12-21T02:33:36.026-0500][gc,heap        ] GC(16376) Heap after GC invocations=16377 (full 3288): garbage-first heap   total 64512K, used 43264K [0x0000000083000000, 0x0000000100000000)
[2020-12-21T02:33:36.026-0500][gc,heap        ] GC(16376)   region size 1024K, 1 young (1024K), 1 survivors (1024K)
[2020-12-21T02:33:36.026-0500][gc,heap        ] GC(16376)  Metaspace       used 49946K, capacity 52104K, committed 53632K, reserved 1093632K
[2020-12-21T02:33:36.026-0500][gc,heap        ] GC(16376)   class space    used 7422K, capacity 8193K, committed 8832K, reserved 1048576K
[2020-12-21T02:33:36.027-0500][gc             ] GC(16376) Pause Young (Normal) (G1 Evacuation Pause) 52M->42M(63M) 13.073ms
[2020-12-21T02:33:36.027-0500][gc,cpu         ] GC(16376) User=0.07s Sys=0.00s Real=0.01s
[2020-12-21T02:35:16.013-0500][gc,heap        ] GC(16377) Heap before GC invocations=16377 (full 3288): garbage-first heap   total 64512K, used 51456K [0x0000000083000000, 0x0000000100000000)
[2020-12-21T02:35:16.013-0500][gc,heap        ] GC(16377)   region size 1024K, 10 young (10240K), 1 survivors (1024K)
[2020-12-21T02:35:16.014-0500][gc,heap        ] GC(16377)  Metaspace       used 49946K, capacity 52104K, committed 53632K, reserved 1093632K
[2020-12-21T02:35:16.014-0500][gc,heap        ] GC(16377)   class space    used 7422K, capacity 8193K, committed 8832K, reserved 1048576K
[2020-12-21T02:35:16.014-0500][gc,start       ] GC(16377) Pause Young (Normal) (G1 Evacuation Pause)
[2020-12-21T02:35:16.014-0500][gc,task        ] GC(16377) Using 8 workers of 8 for evacuation
[2020-12-21T02:35:16.020-0500][gc,phases      ] GC(16377)   Pre Evacuate Collection Set: 0.0ms
[2020-12-21T02:35:16.020-0500][gc,phases      ] GC(16377)   Evacuate Collection Set: 1.1ms
[2020-12-21T02:35:16.020-0500][gc,phases      ] GC(16377)   Post Evacuate Collection Set: 4.8ms
[2020-12-21T02:35:16.020-0500][gc,phases      ] GC(16377)   Other: 0.7ms
[2020-12-21T02:35:16.020-0500][gc,heap        ] GC(16377) Eden regions: 9->0(9)
[2020-12-21T02:35:16.020-0500][gc,heap        ] GC(16377) Survivor regions: 1->1(2)
[2020-12-21T02:35:16.020-0500][gc,heap        ] GC(16377) Old regions: 41->41
[2020-12-21T02:35:16.020-0500][gc,heap        ] GC(16377) Humongous regions: 4->4
[2020-12-21T02:35:16.020-0500][gc,metaspace   ] GC(16377) Metaspace: 49946K->49946K(1093632K)
[2020-12-21T02:35:16.020-0500][gc,heap        ] GC(16377) Heap after GC invocations=16378 (full 3288): garbage-first heap   total 64512K, used 43261K [0x0000000083000000, 0x0000000100000000)
[2020-12-21T02:35:16.020-0500][gc,heap        ] GC(16377)   region size 1024K, 1 young (1024K), 1 survivors (1024K)
[2020-12-21T02:35:16.020-0500][gc,heap        ] GC(16377)  Metaspace       used 49946K, capacity 52104K, committed 53632K, reserved 1093632K
[2020-12-21T02:35:16.020-0500][gc,heap        ] GC(16377)   class space    used 7422K, capacity 8193K, committed 8832K, reserved 1048576K
[2020-12-21T02:35:16.020-0500][gc             ] GC(16377) Pause Young (Normal) (G1 Evacuation Pause) 51M->42M(63M) 6.804ms
[2020-12-21T02:35:16.021-0500][gc,cpu         ] GC(16377) User=0.03s Sys=0.01s Real=0.01s
[2020-12-21T02:36:45.190-0500][gc,task        ] GC(16378) Using 5 workers of 8 for full compaction
[2020-12-21T02:36:45.190-0500][gc,start       ] GC(16378) Pause Full (System.gc())
[2020-12-21T02:36:45.190-0500][gc,heap        ] GC(16378) Heap before GC invocations=16378 (full 3288): garbage-first heap   total 64512K, used 49405K [0x0000000083000000, 0x0000000100000000)
[2020-12-21T02:36:45.190-0500][gc,heap        ] GC(16378)   region size 1024K, 9 young (9216K), 1 survivors (1024K)
[2020-12-21T02:36:45.190-0500][gc,heap        ] GC(16378)  Metaspace       used 49946K, capacity 52104K, committed 53632K, reserved 1093632K
[2020-12-21T02:36:45.190-0500][gc,heap        ] GC(16378)   class space    used 7422K, capacity 8193K, committed 8832K, reserved 1048576K
[2020-12-21T02:36:45.191-0500][gc,phases,start] GC(16378) Phase 1: Mark live objects
[2020-12-21T02:36:45.210-0500][gc,stringtable ] GC(16378) Cleaned string and symbol table, strings: 33106 processed, 4 removed, symbols: 120816 processed, 0 removed
[2020-12-21T02:36:45.210-0500][gc,phases      ] GC(16378) Phase 1: Mark live objects 19.909ms
[2020-12-21T02:36:45.210-0500][gc,phases,start] GC(16378) Phase 2: Prepare for compaction
[2020-12-21T02:36:45.214-0500][gc,phases      ] GC(16378) Phase 2: Prepare for compaction 3.682ms
[2020-12-21T02:36:45.214-0500][gc,phases,start] GC(16378) Phase 3: Adjust pointers
[2020-12-21T02:36:45.226-0500][gc,phases      ] GC(16378) Phase 3: Adjust pointers 12.068ms
[2020-12-21T02:36:45.226-0500][gc,phases,start] GC(16378) Phase 4: Compact heap
[2020-12-21T02:36:45.229-0500][gc,phases      ] GC(16378) Phase 4: Compact heap 2.794ms
[2020-12-21T02:36:45.235-0500][gc,heap        ] GC(16378) Eden regions: 8->0(9)
[2020-12-21T02:36:45.235-0500][gc,heap        ] GC(16378) Survivor regions: 1->0(2)
[2020-12-21T02:36:45.235-0500][gc,heap        ] GC(16378) Old regions: 41->42
[2020-12-21T02:36:45.235-0500][gc,heap        ] GC(16378) Humongous regions: 4->4
[2020-12-21T02:36:45.235-0500][gc,metaspace   ] GC(16378) Metaspace: 49946K->49946K(1093632K)
[2020-12-21T02:36:45.236-0500][gc,heap        ] GC(16378) Heap after GC invocations=16379 (full 3289): garbage-first heap   total 64512K, used 43218K [0x0000000083000000, 0x0000000100000000)
[2020-12-21T02:36:45.236-0500][gc,heap        ] GC(16378)   region size 1024K, 0 young (0K), 0 survivors (0K)
[2020-12-21T02:36:45.236-0500][gc,heap        ] GC(16378)  Metaspace       used 49946K, capacity 52104K, committed 53632K, reserved 1093632K
[2020-12-21T02:36:45.236-0500][gc,heap        ] GC(16378)   class space    used 7422K, capacity 8193K, committed 8832K, reserved 1048576K
[2020-12-21T02:36:45.236-0500][gc             ] GC(16378) Pause Full (System.gc()) 49M->42M(63M) 45.428ms
[2020-12-21T02:36:45.236-0500][gc,cpu         ] GC(16378) User=0.19s Sys=0.00s Real=0.04s
[2020-12-21T02:38:26.417-0500][gc,heap        ] GC(16379) Heap before GC invocations=16379 (full 3289): garbage-first heap   total 64512K, used 52434K [0x0000000083000000, 0x0000000100000000)
[2020-12-21T02:38:26.417-0500][gc,heap        ] GC(16379)   region size 1024K, 9 young (9216K), 0 survivors (0K)
[2020-12-21T02:38:26.417-0500][gc,heap        ] GC(16379)  Metaspace       used 49946K, capacity 52104K, committed 53632K, reserved 1093632K
[2020-12-21T02:38:26.417-0500][gc,heap        ] GC(16379)   class space    used 7422K, capacity 8193K, committed 8832K, reserved 1048576K
[2020-12-21T02:38:26.417-0500][gc,start       ] GC(16379) Pause Young (Normal) (G1 Evacuation Pause)
[2020-12-21T02:38:26.417-0500][gc,task        ] GC(16379) Using 8 workers of 8 for evacuation
[2020-12-21T02:38:26.419-0500][gc,phases      ] GC(16379)   Pre Evacuate Collection Set: 0.0ms
[2020-12-21T02:38:26.419-0500][gc,phases      ] GC(16379)   Evacuate Collection Set: 0.5ms
[2020-12-21T02:38:26.419-0500][gc,phases      ] GC(16379)   Post Evacuate Collection Set: 0.9ms
[2020-12-21T02:38:26.419-0500][gc,phases      ] GC(16379)   Other: 0.2ms
[2020-12-21T02:38:26.419-0500][gc,heap        ] GC(16379) Eden regions: 9->0(8)
[2020-12-21T02:38:26.419-0500][gc,heap        ] GC(16379) Survivor regions: 0->1(2)
[2020-12-21T02:38:26.419-0500][gc,heap        ] GC(16379) Old regions: 42->42
[2020-12-21T02:38:26.419-0500][gc,heap        ] GC(16379) Humongous regions: 4->4
[2020-12-21T02:38:26.419-0500][gc,metaspace   ] GC(16379) Metaspace: 49946K->49946K(1093632K)
[2020-12-21T02:38:26.419-0500][gc,heap        ] GC(16379) Heap after GC invocations=16380 (full 3289): garbage-first heap   total 64512K, used 43264K [0x0000000083000000, 0x0000000100000000)
[2020-12-21T02:38:26.419-0500][gc,heap        ] GC(16379)   region size 1024K, 1 young (1024K), 1 survivors (1024K)
[2020-12-21T02:38:26.419-0500][gc,heap        ] GC(16379)  Metaspace       used 49946K, capacity 52104K, committed 53632K, reserved 1093632K
[2020-12-21T02:38:26.419-0500][gc,heap        ] GC(16379)   class space    used 7422K, capacity 8193K, committed 8832K, reserved 1048576K
[2020-12-21T02:38:26.419-0500][gc             ] GC(16379) Pause Young (Normal) (G1 Evacuation Pause) 51M->42M(63M) 1.619ms
[2020-12-21T02:38:26.419-0500][gc,cpu         ] GC(16379) User=0.00s Sys=0.00s Real=0.01s
[2020-12-21T02:39:56.782-0500][gc,heap        ] GC(16380) Heap before GC invocations=16380 (full 3289): garbage-first heap   total 64512K, used 50432K [0x0000000083000000, 0x0000000100000000)
[2020-12-21T02:39:56.782-0500][gc,heap        ] GC(16380)   region size 1024K, 9 young (9216K), 1 survivors (1024K)
[2020-12-21T02:39:56.782-0500][gc,heap        ] GC(16380)  Metaspace       used 49946K, capacity 52104K, committed 53632K, reserved 1093632K
[2020-12-21T02:39:56.782-0500][gc,heap        ] GC(16380)   class space    used 7422K, capacity 8193K, committed 8832K, reserved 1048576K
[2020-12-21T02:39:56.782-0500][gc,start       ] GC(16380) Pause Young (Normal) (G1 Evacuation Pause)
[2020-12-21T02:39:56.782-0500][gc,task        ] GC(16380) Using 8 workers of 8 for evacuation
[2020-12-21T02:39:56.787-0500][gc,phases      ] GC(16380)   Pre Evacuate Collection Set: 0.0ms
[2020-12-21T02:39:56.787-0500][gc,phases      ] GC(16380)   Evacuate Collection Set: 2.6ms
[2020-12-21T02:39:56.787-0500][gc,phases      ] GC(16380)   Post Evacuate Collection Set: 2.3ms
[2020-12-21T02:39:56.787-0500][gc,phases      ] GC(16380)   Other: 0.5ms
[2020-12-21T02:39:56.787-0500][gc,heap        ] GC(16380) Eden regions: 8->0(8)
[2020-12-21T02:39:56.787-0500][gc,heap        ] GC(16380) Survivor regions: 1->1(2)
[2020-12-21T02:39:56.787-0500][gc,heap        ] GC(16380) Old regions: 42->42
[2020-12-21T02:39:56.787-0500][gc,heap        ] GC(16380) Humongous regions: 4->4
[2020-12-21T02:39:56.787-0500][gc,metaspace   ] GC(16380) Metaspace: 49946K->49946K(1093632K)
[2020-12-21T02:39:56.787-0500][gc,heap        ] GC(16380) Heap after GC invocations=16381 (full 3289): garbage-first heap   total 64512K, used 43289K [0x0000000083000000, 0x0000000100000000)
[2020-12-21T02:39:56.787-0500][gc,heap        ] GC(16380)   region size 1024K, 1 young (1024K), 1 survivors (1024K)
[2020-12-21T02:39:56.787-0500][gc,heap        ] GC(16380)  Metaspace       used 49946K, capacity 52104K, committed 53632K, reserved 1093632K
[2020-12-21T02:39:56.787-0500][gc,heap        ] GC(16380)   class space    used 7422K, capacity 8193K, committed 8832K, reserved 1048576K
[2020-12-21T02:39:56.788-0500][gc             ] GC(16380) Pause Young (Normal) (G1 Evacuation Pause) 50M->42M(63M) 5.730ms
[2020-12-21T02:39:56.788-0500][gc,cpu         ] GC(16380) User=0.01s Sys=0.00s Real=0.01s
[2020-12-21T02:41:27.114-0500][gc,heap        ] GC(16381) Heap before GC invocations=16381 (full 3289): garbage-first heap   total 64512K, used 51481K [0x0000000083000000, 0x0000000100000000)
[2020-12-21T02:41:27.114-0500][gc,heap        ] GC(16381)   region size 1024K, 9 young (9216K), 1 survivors (1024K)
[2020-12-21T02:41:27.114-0500][gc,heap        ] GC(16381)  Metaspace       used 49946K, capacity 52104K, committed 53632K, reserved 1093632K
[2020-12-21T02:41:27.114-0500][gc,heap        ] GC(16381)   class space    used 7422K, capacity 8193K, committed 8832K, reserved 1048576K
[2020-12-21T02:41:27.114-0500][gc,start       ] GC(16381) Pause Young (Normal) (G1 Evacuation Pause)
[2020-12-21T02:41:27.114-0500][gc,task        ] GC(16381) Using 8 workers of 8 for evacuation
[2020-12-21T02:41:27.121-0500][gc,phases      ] GC(16381)   Pre Evacuate Collection Set: 0.0ms
[2020-12-21T02:41:27.121-0500][gc,phases      ] GC(16381)   Evacuate Collection Set: 4.9ms
[2020-12-21T02:41:27.121-0500][gc,phases      ] GC(16381)   Post Evacuate Collection Set: 2.0ms
[2020-12-21T02:41:27.121-0500][gc,phases      ] GC(16381)   Other: 0.6ms
[2020-12-21T02:41:27.121-0500][gc,heap        ] GC(16381) Eden regions: 8->0(8)
[2020-12-21T02:41:27.121-0500][gc,heap        ] GC(16381) Survivor regions: 1->1(2)
[2020-12-21T02:41:27.121-0500][gc,heap        ] GC(16381) Old regions: 42->42
[2020-12-21T02:41:27.121-0500][gc,heap        ] GC(16381) Humongous regions: 4->4
[2020-12-21T02:41:27.121-0500][gc,metaspace   ] GC(16381) Metaspace: 49946K->49946K(1093632K)
[2020-12-21T02:41:27.121-0500][gc,heap        ] GC(16381) Heap after GC invocations=16382 (full 3289): garbage-first heap   total 64512K, used 43373K [0x0000000083000000, 0x0000000100000000)
[2020-12-21T02:41:27.121-0500][gc,heap        ] GC(16381)   region size 1024K, 1 young (1024K), 1 survivors (1024K)
[2020-12-21T02:41:27.122-0500][gc,heap        ] GC(16381)  Metaspace       used 49946K, capacity 52104K, committed 53632K, reserved 1093632K
[2020-12-21T02:41:27.122-0500][gc,heap        ] GC(16381)   class space    used 7422K, capacity 8193K, committed 8832K, reserved 1048576K
[2020-12-21T02:41:27.122-0500][gc             ] GC(16381) Pause Young (Normal) (G1 Evacuation Pause) 50M->42M(63M) 7.563ms
[2020-12-21T02:41:27.122-0500][gc,cpu         ] GC(16381) User=0.04s Sys=0.00s Real=0.01s
[2020-12-21T02:41:45.190-0500][gc,task        ] GC(16382) Using 5 workers of 8 for full compaction
[2020-12-21T02:41:45.190-0500][gc,start       ] GC(16382) Pause Full (System.gc())
[2020-12-21T02:41:45.190-0500][gc,heap        ] GC(16382) Heap before GC invocations=16382 (full 3289): garbage-first heap   total 64512K, used 44397K [0x0000000083000000, 0x0000000100000000)
[2020-12-21T02:41:45.190-0500][gc,heap        ] GC(16382)   region size 1024K, 3 young (3072K), 1 survivors (1024K)
[2020-12-21T02:41:45.190-0500][gc,heap        ] GC(16382)  Metaspace       used 49946K, capacity 52104K, committed 53632K, reserved 1093632K
[2020-12-21T02:41:45.190-0500][gc,heap        ] GC(16382)   class space    used 7422K, capacity 8193K, committed 8832K, reserved 1048576K
[2020-12-21T02:41:45.190-0500][gc,phases,start] GC(16382) Phase 1: Mark live objects
[2020-12-21T02:41:45.230-0500][gc,stringtable ] GC(16382) Cleaned string and symbol table, strings: 33106 processed, 4 removed, symbols: 120816 processed, 0 removed
[2020-12-21T02:41:45.230-0500][gc,phases      ] GC(16382) Phase 1: Mark live objects 40.246ms
[2020-12-21T02:41:45.230-0500][gc,phases,start] GC(16382) Phase 2: Prepare for compaction
[2020-12-21T02:41:45.233-0500][gc,phases      ] GC(16382) Phase 2: Prepare for compaction 3.135ms
[2020-12-21T02:41:45.234-0500][gc,phases,start] GC(16382) Phase 3: Adjust pointers
[2020-12-21T02:41:45.244-0500][gc,phases      ] GC(16382) Phase 3: Adjust pointers 10.281ms
[2020-12-21T02:41:45.244-0500][gc,phases,start] GC(16382) Phase 4: Compact heap
[2020-12-21T02:41:45.247-0500][gc,phases      ] GC(16382) Phase 4: Compact heap 2.713ms
[2020-12-21T02:41:45.252-0500][gc,heap        ] GC(16382) Eden regions: 2->0(11)
[2020-12-21T02:41:45.252-0500][gc,heap        ] GC(16382) Survivor regions: 1->0(2)
[2020-12-21T02:41:45.253-0500][gc,heap        ] GC(16382) Old regions: 42->40
[2020-12-21T02:41:45.253-0500][gc,heap        ] GC(16382) Humongous regions: 4->4
[2020-12-21T02:41:45.253-0500][gc,metaspace   ] GC(16382) Metaspace: 49946K->49946K(1093632K)
[2020-12-21T02:41:45.253-0500][gc,heap        ] GC(16382) Heap after GC invocations=16383 (full 3290): garbage-first heap   total 64512K, used 43199K [0x0000000083000000, 0x0000000100000000)
[2020-12-21T02:41:45.253-0500][gc,heap        ] GC(16382)   region size 1024K, 0 young (0K), 0 survivors (0K)
[2020-12-21T02:41:45.253-0500][gc,heap        ] GC(16382)  Metaspace       used 49946K, capacity 52104K, committed 53632K, reserved 1093632K
[2020-12-21T02:41:45.253-0500][gc,heap        ] GC(16382)   class space    used 7422K, capacity 8193K, committed 8832K, reserved 1048576K
[2020-12-21T02:41:45.253-0500][gc             ] GC(16382) Pause Full (System.gc()) 43M->42M(63M) 62.844ms
[2020-12-21T02:41:45.253-0500][gc,cpu         ] GC(16382) User=0.26s Sys=0.00s Real=0.06s
[2020-12-21T02:43:46.782-0500][gc,heap        ] GC(16383) Heap before GC invocations=16383 (full 3290): garbage-first heap   total 64512K, used 53439K [0x0000000083000000, 0x0000000100000000)
[2020-12-21T02:43:46.782-0500][gc,heap        ] GC(16383)   region size 1024K, 11 young (11264K), 0 survivors (0K)
[2020-12-21T02:43:46.782-0500][gc,heap        ] GC(16383)  Metaspace       used 49946K, capacity 52104K, committed 53632K, reserved 1093632K
[2020-12-21T02:43:46.782-0500][gc,heap        ] GC(16383)   class space    used 7422K, capacity 8193K, committed 8832K, reserved 1048576K
[2020-12-21T02:43:46.782-0500][gc,start       ] GC(16383) Pause Young (Normal) (G1 Evacuation Pause)
[2020-12-21T02:43:46.782-0500][gc,task        ] GC(16383) Using 8 workers of 8 for evacuation
[2020-12-21T02:43:46.786-0500][gc,phases      ] GC(16383)   Pre Evacuate Collection Set: 0.0ms
[2020-12-21T02:43:46.786-0500][gc,phases      ] GC(16383)   Evacuate Collection Set: 1.3ms
[2020-12-21T02:43:46.787-0500][gc,phases      ] GC(16383)   Post Evacuate Collection Set: 2.6ms
[2020-12-21T02:43:46.787-0500][gc,phases      ] GC(16383)   Other: 0.5ms
[2020-12-21T02:43:46.787-0500][gc,heap        ] GC(16383) Eden regions: 11->0(10)
[2020-12-21T02:43:46.787-0500][gc,heap        ] GC(16383) Survivor regions: 0->1(2)
[2020-12-21T02:43:46.787-0500][gc,heap        ] GC(16383) Old regions: 40->40
[2020-12-21T02:43:46.787-0500][gc,heap        ] GC(16383) Humongous regions: 4->4
[2020-12-21T02:43:46.787-0500][gc,metaspace   ] GC(16383) Metaspace: 49946K->49946K(1093632K)
[2020-12-21T02:43:46.787-0500][gc,heap        ] GC(16383) Heap after GC invocations=16384 (full 3290): garbage-first heap   total 64512K, used 43255K [0x0000000083000000, 0x0000000100000000)
[2020-12-21T02:43:46.787-0500][gc,heap        ] GC(16383)   region size 1024K, 1 young (1024K), 1 survivors (1024K)
[2020-12-21T02:43:46.787-0500][gc,heap        ] GC(16383)  Metaspace       used 49946K, capacity 52104K, committed 53632K, reserved 1093632K
[2020-12-21T02:43:46.787-0500][gc,heap        ] GC(16383)   class space    used 7422K, capacity 8193K, committed 8832K, reserved 1048576K
[2020-12-21T02:43:46.787-0500][gc             ] GC(16383) Pause Young (Normal) (G1 Evacuation Pause) 53M->42M(63M) 4.540ms
[2020-12-21T02:43:46.787-0500][gc,cpu         ] GC(16383) User=0.00s Sys=0.01s Real=0.00s
[2020-12-21T02:45:37.252-0500][gc,heap        ] GC(16384) Heap before GC invocations=16384 (full 3290): garbage-first heap   total 64512K, used 52471K [0x0000000083000000, 0x0000000100000000)
[2020-12-21T02:45:37.252-0500][gc,heap        ] GC(16384)   region size 1024K, 11 young (11264K), 1 survivors (1024K)
[2020-12-21T02:45:37.253-0500][gc,heap        ] GC(16384)  Metaspace       used 49946K, capacity 52104K, committed 53632K, reserved 1093632K
[2020-12-21T02:45:37.253-0500][gc,heap        ] GC(16384)   class space    used 7422K, capacity 8193K, committed 8832K, reserved 1048576K
[2020-12-21T02:45:37.253-0500][gc,start       ] GC(16384) Pause Young (Normal) (G1 Evacuation Pause)
[2020-12-21T02:45:37.253-0500][gc,task        ] GC(16384) Using 8 workers of 8 for evacuation
[2020-12-21T02:45:37.257-0500][gc,phases      ] GC(16384)   Pre Evacuate Collection Set: 0.0ms
[2020-12-21T02:45:37.257-0500][gc,phases      ] GC(16384)   Evacuate Collection Set: 1.6ms
[2020-12-21T02:45:37.257-0500][gc,phases      ] GC(16384)   Post Evacuate Collection Set: 2.5ms
[2020-12-21T02:45:37.257-0500][gc,phases      ] GC(16384)   Other: 0.5ms
[2020-12-21T02:45:37.257-0500][gc,heap        ] GC(16384) Eden regions: 10->0(10)
[2020-12-21T02:45:37.257-0500][gc,heap        ] GC(16384) Survivor regions: 1->1(2)
[2020-12-21T02:45:37.257-0500][gc,heap        ] GC(16384) Old regions: 40->40
[2020-12-21T02:45:37.257-0500][gc,heap        ] GC(16384) Humongous regions: 4->4
[2020-12-21T02:45:37.257-0500][gc,metaspace   ] GC(16384) Metaspace: 49946K->49946K(1093632K)
[2020-12-21T02:45:37.257-0500][gc,heap        ] GC(16384) Heap after GC invocations=16385 (full 3290): garbage-first heap   total 64512K, used 43249K [0x0000000083000000, 0x0000000100000000)
[2020-12-21T02:45:37.257-0500][gc,heap        ] GC(16384)   region size 1024K, 1 young (1024K), 1 survivors (1024K)
[2020-12-21T02:45:37.257-0500][gc,heap        ] GC(16384)  Metaspace       used 49946K, capacity 52104K, committed 53632K, reserved 1093632K
[2020-12-21T02:45:37.257-0500][gc,heap        ] GC(16384)   class space    used 7422K, capacity 8193K, committed 8832K, reserved 1048576K
[2020-12-21T02:45:37.257-0500][gc             ] GC(16384) Pause Young (Normal) (G1 Evacuation Pause) 52M->42M(63M) 4.702ms
[2020-12-21T02:45:37.257-0500][gc,cpu         ] GC(16384) User=0.01s Sys=0.01s Real=0.00s
[2020-12-21T02:46:45.190-0500][gc,task        ] GC(16385) Using 5 workers of 8 for full compaction
[2020-12-21T02:46:45.191-0500][gc,start       ] GC(16385) Pause Full (System.gc())
[2020-12-21T02:46:45.191-0500][gc,heap        ] GC(16385) Heap before GC invocations=16385 (full 3290): garbage-first heap   total 64512K, used 47345K [0x0000000083000000, 0x0000000100000000)
[2020-12-21T02:46:45.191-0500][gc,heap        ] GC(16385)   region size 1024K, 7 young (7168K), 1 survivors (1024K)
[2020-12-21T02:46:45.191-0500][gc,heap        ] GC(16385)  Metaspace       used 49946K, capacity 52104K, committed 53632K, reserved 1093632K
[2020-12-21T02:46:45.191-0500][gc,heap        ] GC(16385)   class space    used 7422K, capacity 8193K, committed 8832K, reserved 1048576K
[2020-12-21T02:46:45.191-0500][gc,phases,start] GC(16385) Phase 1: Mark live objects
[2020-12-21T02:46:45.233-0500][gc,stringtable ] GC(16385) Cleaned string and symbol table, strings: 33106 processed, 4 removed, symbols: 120816 processed, 0 removed
[2020-12-21T02:46:45.233-0500][gc,phases      ] GC(16385) Phase 1: Mark live objects 41.410ms
[2020-12-21T02:46:45.233-0500][gc,phases,start] GC(16385) Phase 2: Prepare for compaction
[2020-12-21T02:46:45.236-0500][gc,phases      ] GC(16385) Phase 2: Prepare for compaction 3.565ms
[2020-12-21T02:46:45.236-0500][gc,phases,start] GC(16385) Phase 3: Adjust pointers
[2020-12-21T02:46:45.246-0500][gc,phases      ] GC(16385) Phase 3: Adjust pointers 9.861ms
[2020-12-21T02:46:45.246-0500][gc,phases,start] GC(16385) Phase 4: Compact heap
[2020-12-21T02:46:45.249-0500][gc,phases      ] GC(16385) Phase 4: Compact heap 2.849ms
[2020-12-21T02:46:45.255-0500][gc,heap        ] GC(16385) Eden regions: 6->0(9)
[2020-12-21T02:46:45.255-0500][gc,heap        ] GC(16385) Survivor regions: 1->0(2)
[2020-12-21T02:46:45.255-0500][gc,heap        ] GC(16385) Old regions: 40->42
[2020-12-21T02:46:45.255-0500][gc,heap        ] GC(16385) Humongous regions: 4->4
[2020-12-21T02:46:45.255-0500][gc,metaspace   ] GC(16385) Metaspace: 49946K->49946K(1093632K)
[2020-12-21T02:46:45.255-0500][gc,heap        ] GC(16385) Heap after GC invocations=16386 (full 3291): garbage-first heap   total 64512K, used 43219K [0x0000000083000000, 0x0000000100000000)
[2020-12-21T02:46:45.255-0500][gc,heap        ] GC(16385)   region size 1024K, 0 young (0K), 0 survivors (0K)
[2020-12-21T02:46:45.255-0500][gc,heap        ] GC(16385)  Metaspace       used 49946K, capacity 52104K, committed 53632K, reserved 1093632K
[2020-12-21T02:46:45.255-0500][gc,heap        ] GC(16385)   class space    used 7422K, capacity 8193K, committed 8832K, reserved 1048576K
[2020-12-21T02:46:45.255-0500][gc             ] GC(16385) Pause Full (System.gc()) 47M->42M(63M) 64.520ms
[2020-12-21T02:46:45.255-0500][gc,cpu         ] GC(16385) User=0.28s Sys=0.00s Real=0.06s
[2020-12-21T02:48:26.018-0500][gc,heap        ] GC(16386) Heap before GC invocations=16386 (full 3291): garbage-first heap   total 64512K, used 51411K [0x0000000083000000, 0x0000000100000000)
[2020-12-21T02:48:26.018-0500][gc,heap        ] GC(16386)   region size 1024K, 9 young (9216K), 0 survivors (0K)
[2020-12-21T02:48:26.018-0500][gc,heap        ] GC(16386)  Metaspace       used 49946K, capacity 52104K, committed 53632K, reserved 1093632K
[2020-12-21T02:48:26.018-0500][gc,heap        ] GC(16386)   class space    used 7422K, capacity 8193K, committed 8832K, reserved 1048576K
[2020-12-21T02:48:26.018-0500][gc,start       ] GC(16386) Pause Young (Normal) (G1 Evacuation Pause)
[2020-12-21T02:48:26.018-0500][gc,task        ] GC(16386) Using 8 workers of 8 for evacuation
[2020-12-21T02:48:26.025-0500][gc,phases      ] GC(16386)   Pre Evacuate Collection Set: 0.0ms
[2020-12-21T02:48:26.025-0500][gc,phases      ] GC(16386)   Evacuate Collection Set: 3.1ms
[2020-12-21T02:48:26.025-0500][gc,phases      ] GC(16386)   Post Evacuate Collection Set: 3.7ms
[2020-12-21T02:48:26.025-0500][gc,phases      ] GC(16386)   Other: 0.5ms
[2020-12-21T02:48:26.025-0500][gc,heap        ] GC(16386) Eden regions: 9->0(8)
[2020-12-21T02:48:26.025-0500][gc,heap        ] GC(16386) Survivor regions: 0->1(2)
[2020-12-21T02:48:26.025-0500][gc,heap        ] GC(16386) Old regions: 42->42
[2020-12-21T02:48:26.025-0500][gc,heap        ] GC(16386) Humongous regions: 4->4
[2020-12-21T02:48:26.025-0500][gc,metaspace   ] GC(16386) Metaspace: 49946K->49946K(1093632K)
[2020-12-21T02:48:26.025-0500][gc,heap        ] GC(16386) Heap after GC invocations=16387 (full 3291): garbage-first heap   total 64512K, used 43295K [0x0000000083000000, 0x0000000100000000)
[2020-12-21T02:48:26.025-0500][gc,heap        ] GC(16386)   region size 1024K, 1 young (1024K), 1 survivors (1024K)
[2020-12-21T02:48:26.025-0500][gc,heap        ] GC(16386)  Metaspace       used 49946K, capacity 52104K, committed 53632K, reserved 1093632K
[2020-12-21T02:48:26.025-0500][gc,heap        ] GC(16386)   class space    used 7422K, capacity 8193K, committed 8832K, reserved 1048576K
[2020-12-21T02:48:26.026-0500][gc             ] GC(16386) Pause Young (Normal) (G1 Evacuation Pause) 51M->42M(63M) 7.589ms
[2020-12-21T02:48:26.026-0500][gc,cpu         ] GC(16386) User=0.02s Sys=0.00s Real=0.00s
[2020-12-21T02:49:56.018-0500][gc,heap        ] GC(16387) Heap before GC invocations=16387 (full 3291): garbage-first heap   total 64512K, used 50463K [0x0000000083000000, 0x0000000100000000)
[2020-12-21T02:49:56.018-0500][gc,heap        ] GC(16387)   region size 1024K, 9 young (9216K), 1 survivors (1024K)
[2020-12-21T02:49:56.018-0500][gc,heap        ] GC(16387)  Metaspace       used 49946K, capacity 52104K, committed 53632K, reserved 1093632K
[2020-12-21T02:49:56.018-0500][gc,heap        ] GC(16387)   class space    used 7422K, capacity 8193K, committed 8832K, reserved 1048576K
[2020-12-21T02:49:56.018-0500][gc,start       ] GC(16387) Pause Young (Normal) (G1 Evacuation Pause)
[2020-12-21T02:49:56.018-0500][gc,task        ] GC(16387) Using 8 workers of 8 for evacuation
[2020-12-21T02:49:56.023-0500][gc,phases      ] GC(16387)   Pre Evacuate Collection Set: 0.0ms
[2020-12-21T02:49:56.023-0500][gc,phases      ] GC(16387)   Evacuate Collection Set: 2.9ms
[2020-12-21T02:49:56.023-0500][gc,phases      ] GC(16387)   Post Evacuate Collection Set: 1.6ms
[2020-12-21T02:49:56.023-0500][gc,phases      ] GC(16387)   Other: 0.3ms
[2020-12-21T02:49:56.023-0500][gc,heap        ] GC(16387) Eden regions: 8->0(8)
[2020-12-21T02:49:56.023-0500][gc,heap        ] GC(16387) Survivor regions: 1->1(2)
[2020-12-21T02:49:56.023-0500][gc,heap        ] GC(16387) Old regions: 42->42
[2020-12-21T02:49:56.023-0500][gc,heap        ] GC(16387) Humongous regions: 4->4
[2020-12-21T02:49:56.023-0500][gc,metaspace   ] GC(16387) Metaspace: 49946K->49946K(1093632K)
[2020-12-21T02:49:56.023-0500][gc,heap        ] GC(16387) Heap after GC invocations=16388 (full 3291): garbage-first heap   total 64512K, used 43260K [0x0000000083000000, 0x0000000100000000)
[2020-12-21T02:49:56.023-0500][gc,heap        ] GC(16387)   region size 1024K, 1 young (1024K), 1 survivors (1024K)
[2020-12-21T02:49:56.023-0500][gc,heap        ] GC(16387)  Metaspace       used 49946K, capacity 52104K, committed 53632K, reserved 1093632K
[2020-12-21T02:49:56.023-0500][gc,heap        ] GC(16387)   class space    used 7422K, capacity 8193K, committed 8832K, reserved 1048576K
[2020-12-21T02:49:56.023-0500][gc             ] GC(16387) Pause Young (Normal) (G1 Evacuation Pause) 50M->42M(63M) 4.802ms
[2020-12-21T02:49:56.023-0500][gc,cpu         ] GC(16387) User=0.02s Sys=0.00s Real=0.00s
[2020-12-21T02:51:26.017-0500][gc,heap        ] GC(16388) Heap before GC invocations=16388 (full 3291): garbage-first heap   total 64512K, used 50428K [0x0000000083000000, 0x0000000100000000)
[2020-12-21T02:51:26.017-0500][gc,heap        ] GC(16388)   region size 1024K, 9 young (9216K), 1 survivors (1024K)
[2020-12-21T02:51:26.017-0500][gc,heap        ] GC(16388)  Metaspace       used 49946K, capacity 52104K, committed 53632K, reserved 1093632K
[2020-12-21T02:51:26.017-0500][gc,heap        ] GC(16388)   class space    used 7422K, capacity 8193K, committed 8832K, reserved 1048576K
[2020-12-21T02:51:26.017-0500][gc,start       ] GC(16388) Pause Young (Normal) (G1 Evacuation Pause)
[2020-12-21T02:51:26.017-0500][gc,task        ] GC(16388) Using 8 workers of 8 for evacuation
[2020-12-21T02:51:26.022-0500][gc,phases      ] GC(16388)   Pre Evacuate Collection Set: 0.0ms
[2020-12-21T02:51:26.022-0500][gc,phases      ] GC(16388)   Evacuate Collection Set: 1.6ms
[2020-12-21T02:51:26.022-0500][gc,phases      ] GC(16388)   Post Evacuate Collection Set: 2.4ms
[2020-12-21T02:51:26.022-0500][gc,phases      ] GC(16388)   Other: 0.5ms
[2020-12-21T02:51:26.022-0500][gc,heap        ] GC(16388) Eden regions: 8->0(8)
[2020-12-21T02:51:26.022-0500][gc,heap        ] GC(16388) Survivor regions: 1->1(2)
[2020-12-21T02:51:26.022-0500][gc,heap        ] GC(16388) Old regions: 42->42
[2020-12-21T02:51:26.022-0500][gc,heap        ] GC(16388) Humongous regions: 4->4
[2020-12-21T02:51:26.022-0500][gc,metaspace   ] GC(16388) Metaspace: 49946K->49946K(1093632K)
[2020-12-21T02:51:26.022-0500][gc,heap        ] GC(16388) Heap after GC invocations=16389 (full 3291): garbage-first heap   total 64512K, used 43289K [0x0000000083000000, 0x0000000100000000)
[2020-12-21T02:51:26.022-0500][gc,heap        ] GC(16388)   region size 1024K, 1 young (1024K), 1 survivors (1024K)
[2020-12-21T02:51:26.022-0500][gc,heap        ] GC(16388)  Metaspace       used 49946K, capacity 52104K, committed 53632K, reserved 1093632K
[2020-12-21T02:51:26.022-0500][gc,heap        ] GC(16388)   class space    used 7422K, capacity 8193K, committed 8832K, reserved 1048576K
[2020-12-21T02:51:26.022-0500][gc             ] GC(16388) Pause Young (Normal) (G1 Evacuation Pause) 50M->42M(63M) 4.643ms
[2020-12-21T02:51:26.022-0500][gc,cpu         ] GC(16388) User=0.01s Sys=0.01s Real=0.01s
[2020-12-21T02:51:45.190-0500][gc,task        ] GC(16389) Using 5 workers of 8 for full compaction
[2020-12-21T02:51:45.190-0500][gc,start       ] GC(16389) Pause Full (System.gc())
[2020-12-21T02:51:45.190-0500][gc,heap        ] GC(16389) Heap before GC invocations=16389 (full 3291): garbage-first heap   total 64512K, used 43289K [0x0000000083000000, 0x0000000100000000)
[2020-12-21T02:51:45.191-0500][gc,heap        ] GC(16389)   region size 1024K, 3 young (3072K), 1 survivors (1024K)
[2020-12-21T02:51:45.191-0500][gc,heap        ] GC(16389)  Metaspace       used 49946K, capacity 52104K, committed 53632K, reserved 1093632K
[2020-12-21T02:51:45.191-0500][gc,heap        ] GC(16389)   class space    used 7422K, capacity 8193K, committed 8832K, reserved 1048576K
[2020-12-21T02:51:45.191-0500][gc,phases,start] GC(16389) Phase 1: Mark live objects
[2020-12-21T02:51:45.234-0500][gc,stringtable ] GC(16389) Cleaned string and symbol table, strings: 33106 processed, 4 removed, symbols: 120816 processed, 0 removed
[2020-12-21T02:51:45.234-0500][gc,phases      ] GC(16389) Phase 1: Mark live objects 42.732ms
[2020-12-21T02:51:45.234-0500][gc,phases,start] GC(16389) Phase 2: Prepare for compaction
[2020-12-21T02:51:45.237-0500][gc,phases      ] GC(16389) Phase 2: Prepare for compaction 3.087ms
[2020-12-21T02:51:45.237-0500][gc,phases,start] GC(16389) Phase 3: Adjust pointers
[2020-12-21T02:51:45.247-0500][gc,phases      ] GC(16389) Phase 3: Adjust pointers 10.108ms
[2020-12-21T02:51:45.247-0500][gc,phases,start] GC(16389) Phase 4: Compact heap
[2020-12-21T02:51:45.250-0500][gc,phases      ] GC(16389) Phase 4: Compact heap 2.781ms
[2020-12-21T02:51:45.256-0500][gc,heap        ] GC(16389) Eden regions: 2->0(9)
[2020-12-21T02:51:45.256-0500][gc,heap        ] GC(16389) Survivor regions: 1->0(2)
[2020-12-21T02:51:45.256-0500][gc,heap        ] GC(16389) Old regions: 42->42
[2020-12-21T02:51:45.256-0500][gc,heap        ] GC(16389) Humongous regions: 4->4
[2020-12-21T02:51:45.256-0500][gc,metaspace   ] GC(16389) Metaspace: 49946K->49946K(1093632K)
[2020-12-21T02:51:45.256-0500][gc,heap        ] GC(16389) Heap after GC invocations=16390 (full 3292): garbage-first heap   total 64512K, used 43200K [0x0000000083000000, 0x0000000100000000)
[2020-12-21T02:51:45.256-0500][gc,heap        ] GC(16389)   region size 1024K, 0 young (0K), 0 survivors (0K)
[2020-12-21T02:51:45.256-0500][gc,heap        ] GC(16389)  Metaspace       used 49946K, capacity 52104K, committed 53632K, reserved 1093632K
[2020-12-21T02:51:45.256-0500][gc,heap        ] GC(16389)   class space    used 7422K, capacity 8193K, committed 8832K, reserved 1048576K
[2020-12-21T02:51:45.256-0500][gc             ] GC(16389) Pause Full (System.gc()) 43M->42M(63M) 65.383ms
[2020-12-21T02:51:45.256-0500][gc,cpu         ] GC(16389) User=0.28s Sys=0.00s Real=0.06s
[2020-12-21T02:53:28.521-0500][gc,heap        ] GC(16390) Heap before GC invocations=16390 (full 3292): garbage-first heap   total 64512K, used 51392K [0x0000000083000000, 0x0000000100000000)
[2020-12-21T02:53:28.522-0500][gc,heap        ] GC(16390)   region size 1024K, 9 young (9216K), 0 survivors (0K)
[2020-12-21T02:53:28.522-0500][gc,heap        ] GC(16390)  Metaspace       used 49946K, capacity 52104K, committed 53632K, reserved 1093632K
[2020-12-21T02:53:28.522-0500][gc,heap        ] GC(16390)   class space    used 7422K, capacity 8193K, committed 8832K, reserved 1048576K
[2020-12-21T02:53:28.522-0500][gc,start       ] GC(16390) Pause Young (Normal) (G1 Evacuation Pause)
[2020-12-21T02:53:28.522-0500][gc,task        ] GC(16390) Using 8 workers of 8 for evacuation
[2020-12-21T02:53:28.526-0500][gc,phases      ] GC(16390)   Pre Evacuate Collection Set: 0.0ms
[2020-12-21T02:53:28.526-0500][gc,phases      ] GC(16390)   Evacuate Collection Set: 1.4ms
[2020-12-21T02:53:28.526-0500][gc,phases      ] GC(16390)   Post Evacuate Collection Set: 2.2ms
[2020-12-21T02:53:28.526-0500][gc,phases      ] GC(16390)   Other: 0.5ms
[2020-12-21T02:53:28.526-0500][gc,heap        ] GC(16390) Eden regions: 9->0(8)
[2020-12-21T02:53:28.526-0500][gc,heap        ] GC(16390) Survivor regions: 0->1(2)
[2020-12-21T02:53:28.526-0500][gc,heap        ] GC(16390) Old regions: 42->42
[2020-12-21T02:53:28.526-0500][gc,heap        ] GC(16390) Humongous regions: 4->4
[2020-12-21T02:53:28.526-0500][gc,metaspace   ] GC(16390) Metaspace: 49946K->49946K(1093632K)
[2020-12-21T02:53:28.526-0500][gc,heap        ] GC(16390) Heap after GC invocations=16391 (full 3292): garbage-first heap   total 64512K, used 43256K [0x0000000083000000, 0x0000000100000000)
[2020-12-21T02:53:28.526-0500][gc,heap        ] GC(16390)   region size 1024K, 1 young (1024K), 1 survivors (1024K)
[2020-12-21T02:53:28.526-0500][gc,heap        ] GC(16390)  Metaspace       used 49946K, capacity 52104K, committed 53632K, reserved 1093632K
[2020-12-21T02:53:28.526-0500][gc,heap        ] GC(16390)   class space    used 7422K, capacity 8193K, committed 8832K, reserved 1048576K
[2020-12-21T02:53:28.526-0500][gc             ] GC(16390) Pause Young (Normal) (G1 Evacuation Pause) 51M->42M(63M) 4.274ms
[2020-12-21T02:53:28.526-0500][gc,cpu         ] GC(16390) User=0.01s Sys=0.00s Real=0.00s
[2020-12-21T02:54:59.850-0500][gc,heap        ] GC(16391) Heap before GC invocations=16391 (full 3292): garbage-first heap   total 64512K, used 50424K [0x0000000083000000, 0x0000000100000000)
[2020-12-21T02:54:59.850-0500][gc,heap        ] GC(16391)   region size 1024K, 9 young (9216K), 1 survivors (1024K)
[2020-12-21T02:54:59.850-0500][gc,heap        ] GC(16391)  Metaspace       used 49946K, capacity 52104K, committed 53632K, reserved 1093632K
[2020-12-21T02:54:59.850-0500][gc,heap        ] GC(16391)   class space    used 7422K, capacity 8193K, committed 8832K, reserved 1048576K
[2020-12-21T02:54:59.850-0500][gc,start       ] GC(16391) Pause Young (Normal) (G1 Evacuation Pause)
[2020-12-21T02:54:59.850-0500][gc,task        ] GC(16391) Using 8 workers of 8 for evacuation
[2020-12-21T02:54:59.852-0500][gc,phases      ] GC(16391)   Pre Evacuate Collection Set: 0.0ms
[2020-12-21T02:54:59.852-0500][gc,phases      ] GC(16391)   Evacuate Collection Set: 1.1ms
[2020-12-21T02:54:59.852-0500][gc,phases      ] GC(16391)   Post Evacuate Collection Set: 1.0ms
[2020-12-21T02:54:59.852-0500][gc,phases      ] GC(16391)   Other: 0.3ms
[2020-12-21T02:54:59.852-0500][gc,heap        ] GC(16391) Eden regions: 8->0(8)
[2020-12-21T02:54:59.852-0500][gc,heap        ] GC(16391) Survivor regions: 1->1(2)
[2020-12-21T02:54:59.852-0500][gc,heap        ] GC(16391) Old regions: 42->42
[2020-12-21T02:54:59.852-0500][gc,heap        ] GC(16391) Humongous regions: 4->4
[2020-12-21T02:54:59.852-0500][gc,metaspace   ] GC(16391) Metaspace: 49946K->49946K(1093632K)
[2020-12-21T02:54:59.852-0500][gc,heap        ] GC(16391) Heap after GC invocations=16392 (full 3292): garbage-first heap   total 64512K, used 43259K [0x0000000083000000, 0x0000000100000000)
[2020-12-21T02:54:59.852-0500][gc,heap        ] GC(16391)   region size 1024K, 1 young (1024K), 1 survivors (1024K)
[2020-12-21T02:54:59.852-0500][gc,heap        ] GC(16391)  Metaspace       used 49946K, capacity 52104K, committed 53632K, reserved 1093632K
[2020-12-21T02:54:59.852-0500][gc,heap        ] GC(16391)   class space    used 7422K, capacity 8193K, committed 8832K, reserved 1048576K
[2020-12-21T02:54:59.852-0500][gc             ] GC(16391) Pause Young (Normal) (G1 Evacuation Pause) 50M->42M(63M) 2.488ms
[2020-12-21T02:54:59.852-0500][gc,cpu         ] GC(16391) User=0.00s Sys=0.00s Real=0.00s
[2020-12-21T02:56:30.260-0500][gc,heap        ] GC(16392) Heap before GC invocations=16392 (full 3292): garbage-first heap   total 64512K, used 51451K [0x0000000083000000, 0x0000000100000000)
[2020-12-21T02:56:30.260-0500][gc,heap        ] GC(16392)   region size 1024K, 9 young (9216K), 1 survivors (1024K)
[2020-12-21T02:56:30.260-0500][gc,heap        ] GC(16392)  Metaspace       used 49946K, capacity 52104K, committed 53632K, reserved 1093632K
[2020-12-21T02:56:30.260-0500][gc,heap        ] GC(16392)   class space    used 7422K, capacity 8193K, committed 8832K, reserved 1048576K
[2020-12-21T02:56:30.260-0500][gc,start       ] GC(16392) Pause Young (Normal) (G1 Evacuation Pause)
[2020-12-21T02:56:30.260-0500][gc,task        ] GC(16392) Using 8 workers of 8 for evacuation
[2020-12-21T02:56:30.262-0500][gc,phases      ] GC(16392)   Pre Evacuate Collection Set: 0.0ms
[2020-12-21T02:56:30.262-0500][gc,phases      ] GC(16392)   Evacuate Collection Set: 0.5ms
[2020-12-21T02:56:30.262-0500][gc,phases      ] GC(16392)   Post Evacuate Collection Set: 0.8ms
[2020-12-21T02:56:30.262-0500][gc,phases      ] GC(16392)   Other: 0.2ms
[2020-12-21T02:56:30.262-0500][gc,heap        ] GC(16392) Eden regions: 8->0(8)
[2020-12-21T02:56:30.262-0500][gc,heap        ] GC(16392) Survivor regions: 1->1(2)
[2020-12-21T02:56:30.262-0500][gc,heap        ] GC(16392) Old regions: 42->42
[2020-12-21T02:56:30.262-0500][gc,heap        ] GC(16392) Humongous regions: 4->4
[2020-12-21T02:56:30.262-0500][gc,metaspace   ] GC(16392) Metaspace: 49946K->49946K(1093632K)
[2020-12-21T02:56:30.262-0500][gc,heap        ] GC(16392) Heap after GC invocations=16393 (full 3292): garbage-first heap   total 64512K, used 43317K [0x0000000083000000, 0x0000000100000000)
[2020-12-21T02:56:30.262-0500][gc,heap        ] GC(16392)   region size 1024K, 1 young (1024K), 1 survivors (1024K)
[2020-12-21T02:56:30.262-0500][gc,heap        ] GC(16392)  Metaspace       used 49946K, capacity 52104K, committed 53632K, reserved 1093632K
[2020-12-21T02:56:30.262-0500][gc,heap        ] GC(16392)   class space    used 7422K, capacity 8193K, committed 8832K, reserved 1048576K
[2020-12-21T02:56:30.262-0500][gc             ] GC(16392) Pause Young (Normal) (G1 Evacuation Pause) 50M->42M(63M) 1.587ms
[2020-12-21T02:56:30.262-0500][gc,cpu         ] GC(16392) User=0.01s Sys=0.00s Real=0.00s
[2020-12-21T02:56:45.190-0500][gc,task        ] GC(16393) Using 5 workers of 8 for full compaction
[2020-12-21T02:56:45.190-0500][gc,start       ] GC(16393) Pause Full (System.gc())
[2020-12-21T02:56:45.190-0500][gc,heap        ] GC(16393) Heap before GC invocations=16393 (full 3292): garbage-first heap   total 64512K, used 44341K [0x0000000083000000, 0x0000000100000000)
[2020-12-21T02:56:45.190-0500][gc,heap        ] GC(16393)   region size 1024K, 3 young (3072K), 1 survivors (1024K)
[2020-12-21T02:56:45.190-0500][gc,heap        ] GC(16393)  Metaspace       used 49946K, capacity 52104K, committed 53632K, reserved 1093632K
[2020-12-21T02:56:45.190-0500][gc,heap        ] GC(16393)   class space    used 7422K, capacity 8193K, committed 8832K, reserved 1048576K
[2020-12-21T02:56:45.191-0500][gc,phases,start] GC(16393) Phase 1: Mark live objects
[2020-12-21T02:56:45.235-0500][gc,stringtable ] GC(16393) Cleaned string and symbol table, strings: 33106 processed, 4 removed, symbols: 120816 processed, 0 removed
[2020-12-21T02:56:45.235-0500][gc,phases      ] GC(16393) Phase 1: Mark live objects 44.684ms
[2020-12-21T02:56:45.235-0500][gc,phases,start] GC(16393) Phase 2: Prepare for compaction
[2020-12-21T02:56:45.238-0500][gc,phases      ] GC(16393) Phase 2: Prepare for compaction 3.052ms
[2020-12-21T02:56:45.238-0500][gc,phases,start] GC(16393) Phase 3: Adjust pointers
[2020-12-21T02:56:45.248-0500][gc,phases      ] GC(16393) Phase 3: Adjust pointers 10.028ms
[2020-12-21T02:56:45.248-0500][gc,phases,start] GC(16393) Phase 4: Compact heap
[2020-12-21T02:56:45.251-0500][gc,phases      ] GC(16393) Phase 4: Compact heap 2.211ms
[2020-12-21T02:56:45.256-0500][gc,heap        ] GC(16393) Eden regions: 2->0(10)
[2020-12-21T02:56:45.256-0500][gc,heap        ] GC(16393) Survivor regions: 1->0(2)
[2020-12-21T02:56:45.256-0500][gc,heap        ] GC(16393) Old regions: 42->41
[2020-12-21T02:56:45.256-0500][gc,heap        ] GC(16393) Humongous regions: 4->4
[2020-12-21T02:56:45.256-0500][gc,metaspace   ] GC(16393) Metaspace: 49946K->49946K(1093632K)
[2020-12-21T02:56:45.256-0500][gc,heap        ] GC(16393) Heap after GC invocations=16394 (full 3293): garbage-first heap   total 64512K, used 43198K [0x0000000083000000, 0x0000000100000000)
[2020-12-21T02:56:45.256-0500][gc,heap        ] GC(16393)   region size 1024K, 0 young (0K), 0 survivors (0K)
[2020-12-21T02:56:45.256-0500][gc,heap        ] GC(16393)  Metaspace       used 49946K, capacity 52104K, committed 53632K, reserved 1093632K
[2020-12-21T02:56:45.256-0500][gc,heap        ] GC(16393)   class space    used 7422K, capacity 8193K, committed 8832K, reserved 1048576K
[2020-12-21T02:56:45.257-0500][gc             ] GC(16393) Pause Full (System.gc()) 43M->42M(63M) 66.523ms
[2020-12-21T02:56:45.257-0500][gc,cpu         ] GC(16393) User=0.28s Sys=0.00s Real=0.06s
[2020-12-21T02:58:36.018-0500][gc,heap        ] GC(16394) Heap before GC invocations=16394 (full 3293): garbage-first heap   total 64512K, used 52414K [0x0000000083000000, 0x0000000100000000)
[2020-12-21T02:58:36.018-0500][gc,heap        ] GC(16394)   region size 1024K, 10 young (10240K), 0 survivors (0K)
[2020-12-21T02:58:36.018-0500][gc,heap        ] GC(16394)  Metaspace       used 49946K, capacity 52104K, committed 53632K, reserved 1093632K
[2020-12-21T02:58:36.018-0500][gc,heap        ] GC(16394)   class space    used 7422K, capacity 8193K, committed 8832K, reserved 1048576K
[2020-12-21T02:58:36.018-0500][gc,start       ] GC(16394) Pause Young (Normal) (G1 Evacuation Pause)
[2020-12-21T02:58:36.018-0500][gc,task        ] GC(16394) Using 8 workers of 8 for evacuation
[2020-12-21T02:58:36.024-0500][gc,phases      ] GC(16394)   Pre Evacuate Collection Set: 0.0ms
[2020-12-21T02:58:36.024-0500][gc,phases      ] GC(16394)   Evacuate Collection Set: 3.4ms
[2020-12-21T02:58:36.024-0500][gc,phases      ] GC(16394)   Post Evacuate Collection Set: 2.5ms
[2020-12-21T02:58:36.024-0500][gc,phases      ] GC(16394)   Other: 0.5ms
[2020-12-21T02:58:36.024-0500][gc,heap        ] GC(16394) Eden regions: 10->0(9)
[2020-12-21T02:58:36.024-0500][gc,heap        ] GC(16394) Survivor regions: 0->1(2)
[2020-12-21T02:58:36.024-0500][gc,heap        ] GC(16394) Old regions: 41->41
[2020-12-21T02:58:36.024-0500][gc,heap        ] GC(16394) Humongous regions: 4->4
[2020-12-21T02:58:36.024-0500][gc,metaspace   ] GC(16394) Metaspace: 49946K->49946K(1093632K)
[2020-12-21T02:58:36.024-0500][gc,heap        ] GC(16394) Heap after GC invocations=16395 (full 3293): garbage-first heap   total 64512K, used 43263K [0x0000000083000000, 0x0000000100000000)
[2020-12-21T02:58:36.024-0500][gc,heap        ] GC(16394)   region size 1024K, 1 young (1024K), 1 survivors (1024K)
[2020-12-21T02:58:36.024-0500][gc,heap        ] GC(16394)  Metaspace       used 49946K, capacity 52104K, committed 53632K, reserved 1093632K
[2020-12-21T02:58:36.024-0500][gc,heap        ] GC(16394)   class space    used 7422K, capacity 8193K, committed 8832K, reserved 1048576K
[2020-12-21T02:58:36.025-0500][gc             ] GC(16394) Pause Young (Normal) (G1 Evacuation Pause) 52M->42M(63M) 6.533ms
[2020-12-21T02:58:36.025-0500][gc,cpu         ] GC(16394) User=0.02s Sys=0.00s Real=0.00s
[2020-12-21T03:00:20.342-0500][gc,heap        ] GC(16395) Heap before GC invocations=16395 (full 3293): garbage-first heap   total 64512K, used 51455K [0x0000000083000000, 0x0000000100000000)
[2020-12-21T03:00:20.342-0500][gc,heap        ] GC(16395)   region size 1024K, 10 young (10240K), 1 survivors (1024K)
[2020-12-21T03:00:20.342-0500][gc,heap        ] GC(16395)  Metaspace       used 49946K, capacity 52104K, committed 53632K, reserved 1093632K
[2020-12-21T03:00:20.342-0500][gc,heap        ] GC(16395)   class space    used 7422K, capacity 8193K, committed 8832K, reserved 1048576K
[2020-12-21T03:00:20.342-0500][gc,start       ] GC(16395) Pause Young (Normal) (G1 Evacuation Pause)
[2020-12-21T03:00:20.342-0500][gc,task        ] GC(16395) Using 8 workers of 8 for evacuation
[2020-12-21T03:00:20.349-0500][gc,phases      ] GC(16395)   Pre Evacuate Collection Set: 0.0ms
[2020-12-21T03:00:20.349-0500][gc,phases      ] GC(16395)   Evacuate Collection Set: 1.3ms
[2020-12-21T03:00:20.349-0500][gc,phases      ] GC(16395)   Post Evacuate Collection Set: 5.5ms
[2020-12-21T03:00:20.350-0500][gc,phases      ] GC(16395)   Other: 0.5ms
[2020-12-21T03:00:20.350-0500][gc,heap        ] GC(16395) Eden regions: 9->0(9)
[2020-12-21T03:00:20.350-0500][gc,heap        ] GC(16395) Survivor regions: 1->1(2)
[2020-12-21T03:00:20.350-0500][gc,heap        ] GC(16395) Old regions: 41->41
[2020-12-21T03:00:20.350-0500][gc,heap        ] GC(16395) Humongous regions: 4->4
[2020-12-21T03:00:20.350-0500][gc,metaspace   ] GC(16395) Metaspace: 49946K->49946K(1093632K)
[2020-12-21T03:00:20.350-0500][gc,heap        ] GC(16395) Heap after GC invocations=16396 (full 3293): garbage-first heap   total 64512K, used 43251K [0x0000000083000000, 0x0000000100000000)
[2020-12-21T03:00:20.350-0500][gc,heap        ] GC(16395)   region size 1024K, 1 young (1024K), 1 survivors (1024K)
[2020-12-21T03:00:20.350-0500][gc,heap        ] GC(16395)  Metaspace       used 49946K, capacity 52104K, committed 53632K, reserved 1093632K
[2020-12-21T03:00:20.350-0500][gc,heap        ] GC(16395)   class space    used 7422K, capacity 8193K, committed 8832K, reserved 1048576K
[2020-12-21T03:00:20.350-0500][gc             ] GC(16395) Pause Young (Normal) (G1 Evacuation Pause) 51M->42M(63M) 7.533ms
[2020-12-21T03:00:20.350-0500][gc,cpu         ] GC(16395) User=0.03s Sys=0.00s Real=0.01s
[2020-12-21T03:01:45.190-0500][gc,task        ] GC(16396) Using 5 workers of 8 for full compaction
[2020-12-21T03:01:45.190-0500][gc,start       ] GC(16396) Pause Full (System.gc())
[2020-12-21T03:01:45.190-0500][gc,heap        ] GC(16396) Heap before GC invocations=16396 (full 3293): garbage-first heap   total 64512K, used 49395K [0x0000000083000000, 0x0000000100000000)
[2020-12-21T03:01:45.190-0500][gc,heap        ] GC(16396)   region size 1024K, 9 young (9216K), 1 survivors (1024K)
[2020-12-21T03:01:45.190-0500][gc,heap        ] GC(16396)  Metaspace       used 49946K, capacity 52104K, committed 53632K, reserved 1093632K
[2020-12-21T03:01:45.190-0500][gc,heap        ] GC(16396)   class space    used 7422K, capacity 8193K, committed 8832K, reserved 1048576K
[2020-12-21T03:01:45.191-0500][gc,phases,start] GC(16396) Phase 1: Mark live objects
[2020-12-21T03:01:45.212-0500][gc,stringtable ] GC(16396) Cleaned string and symbol table, strings: 33106 processed, 4 removed, symbols: 120816 processed, 0 removed
[2020-12-21T03:01:45.212-0500][gc,phases      ] GC(16396) Phase 1: Mark live objects 21.071ms
[2020-12-21T03:01:45.212-0500][gc,phases,start] GC(16396) Phase 2: Prepare for compaction
[2020-12-21T03:01:45.215-0500][gc,phases      ] GC(16396) Phase 2: Prepare for compaction 3.298ms
[2020-12-21T03:01:45.215-0500][gc,phases,start] GC(16396) Phase 3: Adjust pointers
[2020-12-21T03:01:45.227-0500][gc,phases      ] GC(16396) Phase 3: Adjust pointers 11.823ms
[2020-12-21T03:01:45.227-0500][gc,phases,start] GC(16396) Phase 4: Compact heap
[2020-12-21T03:01:45.230-0500][gc,phases      ] GC(16396) Phase 4: Compact heap 2.726ms
[2020-12-21T03:01:45.236-0500][gc,heap        ] GC(16396) Eden regions: 8->0(9)
[2020-12-21T03:01:45.236-0500][gc,heap        ] GC(16396) Survivor regions: 1->0(2)
[2020-12-21T03:01:45.236-0500][gc,heap        ] GC(16396) Old regions: 41->42
[2020-12-21T03:01:45.236-0500][gc,heap        ] GC(16396) Humongous regions: 4->4
[2020-12-21T03:01:45.236-0500][gc,metaspace   ] GC(16396) Metaspace: 49946K->49946K(1093632K)
[2020-12-21T03:01:45.236-0500][gc,heap        ] GC(16396) Heap after GC invocations=16397 (full 3294): garbage-first heap   total 64512K, used 43218K [0x0000000083000000, 0x0000000100000000)
[2020-12-21T03:01:45.236-0500][gc,heap        ] GC(16396)   region size 1024K, 0 young (0K), 0 survivors (0K)
[2020-12-21T03:01:45.236-0500][gc,heap        ] GC(16396)  Metaspace       used 49946K, capacity 52104K, committed 53632K, reserved 1093632K
[2020-12-21T03:01:45.236-0500][gc,heap        ] GC(16396)   class space    used 7422K, capacity 8193K, committed 8832K, reserved 1048576K
[2020-12-21T03:01:45.236-0500][gc             ] GC(16396) Pause Full (System.gc()) 49M->42M(63M) 45.493ms
[2020-12-21T03:01:45.236-0500][gc,cpu         ] GC(16396) User=0.18s Sys=0.00s Real=0.04s
[2020-12-21T03:03:26.015-0500][gc,heap        ] GC(16397) Heap before GC invocations=16397 (full 3294): garbage-first heap   total 64512K, used 51410K [0x0000000083000000, 0x0000000100000000)
[2020-12-21T03:03:26.015-0500][gc,heap        ] GC(16397)   region size 1024K, 9 young (9216K), 0 survivors (0K)
[2020-12-21T03:03:26.015-0500][gc,heap        ] GC(16397)  Metaspace       used 49946K, capacity 52104K, committed 53632K, reserved 1093632K
[2020-12-21T03:03:26.015-0500][gc,heap        ] GC(16397)   class space    used 7422K, capacity 8193K, committed 8832K, reserved 1048576K
[2020-12-21T03:03:26.015-0500][gc,start       ] GC(16397) Pause Young (Normal) (G1 Evacuation Pause)
[2020-12-21T03:03:26.015-0500][gc,task        ] GC(16397) Using 8 workers of 8 for evacuation
[2020-12-21T03:03:26.020-0500][gc,phases      ] GC(16397)   Pre Evacuate Collection Set: 0.0ms
[2020-12-21T03:03:26.020-0500][gc,phases      ] GC(16397)   Evacuate Collection Set: 2.1ms
[2020-12-21T03:03:26.020-0500][gc,phases      ] GC(16397)   Post Evacuate Collection Set: 2.5ms
[2020-12-21T03:03:26.020-0500][gc,phases      ] GC(16397)   Other: 0.5ms
[2020-12-21T03:03:26.020-0500][gc,heap        ] GC(16397) Eden regions: 9->0(8)
[2020-12-21T03:03:26.020-0500][gc,heap        ] GC(16397) Survivor regions: 0->1(2)
[2020-12-21T03:03:26.020-0500][gc,heap        ] GC(16397) Old regions: 42->42
[2020-12-21T03:03:26.020-0500][gc,heap        ] GC(16397) Humongous regions: 4->4
[2020-12-21T03:03:26.020-0500][gc,metaspace   ] GC(16397) Metaspace: 49946K->49946K(1093632K)
[2020-12-21T03:03:26.020-0500][gc,heap        ] GC(16397) Heap after GC invocations=16398 (full 3294): garbage-first heap   total 64512K, used 43303K [0x0000000083000000, 0x0000000100000000)
[2020-12-21T03:03:26.020-0500][gc,heap        ] GC(16397)   region size 1024K, 1 young (1024K), 1 survivors (1024K)
[2020-12-21T03:03:26.020-0500][gc,heap        ] GC(16397)  Metaspace       used 49946K, capacity 52104K, committed 53632K, reserved 1093632K
[2020-12-21T03:03:26.020-0500][gc,heap        ] GC(16397)   class space    used 7422K, capacity 8193K, committed 8832K, reserved 1048576K
[2020-12-21T03:03:26.020-0500][gc             ] GC(16397) Pause Young (Normal) (G1 Evacuation Pause) 51M->42M(63M) 5.171ms
[2020-12-21T03:03:26.020-0500][gc,cpu         ] GC(16397) User=0.01s Sys=0.01s Real=0.01s
[2020-12-21T03:04:56.023-0500][gc,heap        ] GC(16398) Heap before GC invocations=16398 (full 3294): garbage-first heap   total 64512K, used 50471K [0x0000000083000000, 0x0000000100000000)
[2020-12-21T03:04:56.023-0500][gc,heap        ] GC(16398)   region size 1024K, 9 young (9216K), 1 survivors (1024K)
[2020-12-21T03:04:56.023-0500][gc,heap        ] GC(16398)  Metaspace       used 49946K, capacity 52104K, committed 53632K, reserved 1093632K
[2020-12-21T03:04:56.023-0500][gc,heap        ] GC(16398)   class space    used 7422K, capacity 8193K, committed 8832K, reserved 1048576K
[2020-12-21T03:04:56.024-0500][gc,start       ] GC(16398) Pause Young (Normal) (G1 Evacuation Pause)
[2020-12-21T03:04:56.024-0500][gc,task        ] GC(16398) Using 8 workers of 8 for evacuation
[2020-12-21T03:04:56.029-0500][gc,phases      ] GC(16398)   Pre Evacuate Collection Set: 0.0ms
[2020-12-21T03:04:56.029-0500][gc,phases      ] GC(16398)   Evacuate Collection Set: 2.3ms
[2020-12-21T03:04:56.029-0500][gc,phases      ] GC(16398)   Post Evacuate Collection Set: 2.5ms
[2020-12-21T03:04:56.029-0500][gc,phases      ] GC(16398)   Other: 0.8ms
[2020-12-21T03:04:56.029-0500][gc,heap        ] GC(16398) Eden regions: 8->0(8)
[2020-12-21T03:04:56.029-0500][gc,heap        ] GC(16398) Survivor regions: 1->1(2)
[2020-12-21T03:04:56.029-0500][gc,heap        ] GC(16398) Old regions: 42->42
[2020-12-21T03:04:56.029-0500][gc,heap        ] GC(16398) Humongous regions: 4->4
[2020-12-21T03:04:56.029-0500][gc,metaspace   ] GC(16398) Metaspace: 49946K->49946K(1093632K)
[2020-12-21T03:04:56.029-0500][gc,heap        ] GC(16398) Heap after GC invocations=16399 (full 3294): garbage-first heap   total 64512K, used 43264K [0x0000000083000000, 0x0000000100000000)
[2020-12-21T03:04:56.029-0500][gc,heap        ] GC(16398)   region size 1024K, 1 young (1024K), 1 survivors (1024K)
[2020-12-21T03:04:56.029-0500][gc,heap        ] GC(16398)  Metaspace       used 49946K, capacity 52104K, committed 53632K, reserved 1093632K
[2020-12-21T03:04:56.029-0500][gc,heap        ] GC(16398)   class space    used 7422K, capacity 8193K, committed 8832K, reserved 1048576K
[2020-12-21T03:04:56.029-0500][gc             ] GC(16398) Pause Young (Normal) (G1 Evacuation Pause) 50M->42M(63M) 5.771ms
[2020-12-21T03:04:56.029-0500][gc,cpu         ] GC(16398) User=0.02s Sys=0.00s Real=0.01s
[2020-12-21T03:06:27.256-0500][gc,heap        ] GC(16399) Heap before GC invocations=16399 (full 3294): garbage-first heap   total 64512K, used 51456K [0x0000000083000000, 0x0000000100000000)
[2020-12-21T03:06:27.256-0500][gc,heap        ] GC(16399)   region size 1024K, 9 young (9216K), 1 survivors (1024K)
[2020-12-21T03:06:27.256-0500][gc,heap        ] GC(16399)  Metaspace       used 49946K, capacity 52104K, committed 53632K, reserved 1093632K
[2020-12-21T03:06:27.256-0500][gc,heap        ] GC(16399)   class space    used 7422K, capacity 8193K, committed 8832K, reserved 1048576K
[2020-12-21T03:06:27.256-0500][gc,start       ] GC(16399) Pause Young (Normal) (G1 Evacuation Pause)
[2020-12-21T03:06:27.256-0500][gc,task        ] GC(16399) Using 8 workers of 8 for evacuation
[2020-12-21T03:06:27.261-0500][gc,phases      ] GC(16399)   Pre Evacuate Collection Set: 0.0ms
[2020-12-21T03:06:27.261-0500][gc,phases      ] GC(16399)   Evacuate Collection Set: 2.2ms
[2020-12-21T03:06:27.261-0500][gc,phases      ] GC(16399)   Post Evacuate Collection Set: 2.2ms
[2020-12-21T03:06:27.261-0500][gc,phases      ] GC(16399)   Other: 0.5ms
[2020-12-21T03:06:27.261-0500][gc,heap        ] GC(16399) Eden regions: 8->0(8)
[2020-12-21T03:06:27.261-0500][gc,heap        ] GC(16399) Survivor regions: 1->1(2)
[2020-12-21T03:06:27.261-0500][gc,heap        ] GC(16399) Old regions: 42->42
[2020-12-21T03:06:27.261-0500][gc,heap        ] GC(16399) Humongous regions: 4->4
[2020-12-21T03:06:27.261-0500][gc,metaspace   ] GC(16399) Metaspace: 49946K->49946K(1093632K)
[2020-12-21T03:06:27.261-0500][gc,heap        ] GC(16399) Heap after GC invocations=16400 (full 3294): garbage-first heap   total 64512K, used 43266K [0x0000000083000000, 0x0000000100000000)
[2020-12-21T03:06:27.261-0500][gc,heap        ] GC(16399)   region size 1024K, 1 young (1024K), 1 survivors (1024K)
[2020-12-21T03:06:27.261-0500][gc,heap        ] GC(16399)  Metaspace       used 49946K, capacity 52104K, committed 53632K, reserved 1093632K
[2020-12-21T03:06:27.261-0500][gc,heap        ] GC(16399)   class space    used 7422K, capacity 8193K, committed 8832K, reserved 1048576K
[2020-12-21T03:06:27.261-0500][gc             ] GC(16399) Pause Young (Normal) (G1 Evacuation Pause) 50M->42M(63M) 4.966ms
[2020-12-21T03:06:27.261-0500][gc,cpu         ] GC(16399) User=0.01s Sys=0.00s Real=0.01s
[2020-12-21T03:06:45.189-0500][gc,task        ] GC(16400) Using 5 workers of 8 for full compaction
[2020-12-21T03:06:45.189-0500][gc,start       ] GC(16400) Pause Full (System.gc())
[2020-12-21T03:06:45.190-0500][gc,heap        ] GC(16400) Heap before GC invocations=16400 (full 3294): garbage-first heap   total 64512K, used 44290K [0x0000000083000000, 0x0000000100000000)
[2020-12-21T03:06:45.190-0500][gc,heap        ] GC(16400)   region size 1024K, 3 young (3072K), 1 survivors (1024K)
[2020-12-21T03:06:45.190-0500][gc,heap        ] GC(16400)  Metaspace       used 49946K, capacity 52104K, committed 53632K, reserved 1093632K
[2020-12-21T03:06:45.190-0500][gc,heap        ] GC(16400)   class space    used 7422K, capacity 8193K, committed 8832K, reserved 1048576K
[2020-12-21T03:06:45.190-0500][gc,phases,start] GC(16400) Phase 1: Mark live objects
[2020-12-21T03:06:45.237-0500][gc,stringtable ] GC(16400) Cleaned string and symbol table, strings: 33106 processed, 4 removed, symbols: 120816 processed, 0 removed
[2020-12-21T03:06:45.237-0500][gc,phases      ] GC(16400) Phase 1: Mark live objects 47.357ms
[2020-12-21T03:06:45.237-0500][gc,phases,start] GC(16400) Phase 2: Prepare for compaction
[2020-12-21T03:06:45.241-0500][gc,phases      ] GC(16400) Phase 2: Prepare for compaction 3.510ms
[2020-12-21T03:06:45.241-0500][gc,phases,start] GC(16400) Phase 3: Adjust pointers
[2020-12-21T03:06:45.252-0500][gc,phases      ] GC(16400) Phase 3: Adjust pointers 10.927ms
[2020-12-21T03:06:45.252-0500][gc,phases,start] GC(16400) Phase 4: Compact heap
[2020-12-21T03:06:45.254-0500][gc,phases      ] GC(16400) Phase 4: Compact heap 2.540ms
[2020-12-21T03:06:45.260-0500][gc,heap        ] GC(16400) Eden regions: 2->0(9)
[2020-12-21T03:06:45.260-0500][gc,heap        ] GC(16400) Survivor regions: 1->0(2)
[2020-12-21T03:06:45.260-0500][gc,heap        ] GC(16400) Old regions: 42->42
[2020-12-21T03:06:45.260-0500][gc,heap        ] GC(16400) Humongous regions: 4->4
[2020-12-21T03:06:45.260-0500][gc,metaspace   ] GC(16400) Metaspace: 49946K->49946K(1093632K)
[2020-12-21T03:06:45.260-0500][gc,heap        ] GC(16400) Heap after GC invocations=16401 (full 3295): garbage-first heap   total 64512K, used 43200K [0x0000000083000000, 0x0000000100000000)
[2020-12-21T03:06:45.260-0500][gc,heap        ] GC(16400)   region size 1024K, 0 young (0K), 0 survivors (0K)
[2020-12-21T03:06:45.260-0500][gc,heap        ] GC(16400)  Metaspace       used 49946K, capacity 52104K, committed 53632K, reserved 1093632K
[2020-12-21T03:06:45.260-0500][gc,heap        ] GC(16400)   class space    used 7422K, capacity 8193K, committed 8832K, reserved 1048576K
[2020-12-21T03:06:45.260-0500][gc             ] GC(16400) Pause Full (System.gc()) 43M->42M(63M) 71.016ms
[2020-12-21T03:06:45.261-0500][gc,cpu         ] GC(16400) User=0.30s Sys=0.00s Real=0.07s
[2020-12-21T03:08:26.020-0500][gc,heap        ] GC(16401) Heap before GC invocations=16401 (full 3295): garbage-first heap   total 64512K, used 51392K [0x0000000083000000, 0x0000000100000000)
[2020-12-21T03:08:26.020-0500][gc,heap        ] GC(16401)   region size 1024K, 9 young (9216K), 0 survivors (0K)
[2020-12-21T03:08:26.020-0500][gc,heap        ] GC(16401)  Metaspace       used 49946K, capacity 52104K, committed 53632K, reserved 1093632K
[2020-12-21T03:08:26.020-0500][gc,heap        ] GC(16401)   class space    used 7422K, capacity 8193K, committed 8832K, reserved 1048576K
[2020-12-21T03:08:26.020-0500][gc,start       ] GC(16401) Pause Young (Normal) (G1 Evacuation Pause)
[2020-12-21T03:08:26.020-0500][gc,task        ] GC(16401) Using 8 workers of 8 for evacuation
[2020-12-21T03:08:26.024-0500][gc,phases      ] GC(16401)   Pre Evacuate Collection Set: 0.0ms
[2020-12-21T03:08:26.024-0500][gc,phases      ] GC(16401)   Evacuate Collection Set: 1.3ms
[2020-12-21T03:08:26.024-0500][gc,phases      ] GC(16401)   Post Evacuate Collection Set: 2.0ms
[2020-12-21T03:08:26.024-0500][gc,phases      ] GC(16401)   Other: 0.5ms
[2020-12-21T03:08:26.024-0500][gc,heap        ] GC(16401) Eden regions: 9->0(8)
[2020-12-21T03:08:26.024-0500][gc,heap        ] GC(16401) Survivor regions: 0->1(2)
[2020-12-21T03:08:26.024-0500][gc,heap        ] GC(16401) Old regions: 42->42
[2020-12-21T03:08:26.024-0500][gc,heap        ] GC(16401) Humongous regions: 4->4
[2020-12-21T03:08:26.024-0500][gc,metaspace   ] GC(16401) Metaspace: 49946K->49946K(1093632K)
[2020-12-21T03:08:26.024-0500][gc,heap        ] GC(16401) Heap after GC invocations=16402 (full 3295): garbage-first heap   total 64512K, used 43278K [0x0000000083000000, 0x0000000100000000)
[2020-12-21T03:08:26.024-0500][gc,heap        ] GC(16401)   region size 1024K, 1 young (1024K), 1 survivors (1024K)
[2020-12-21T03:08:26.024-0500][gc,heap        ] GC(16401)  Metaspace       used 49946K, capacity 52104K, committed 53632K, reserved 1093632K
[2020-12-21T03:08:26.024-0500][gc,heap        ] GC(16401)   class space    used 7422K, capacity 8193K, committed 8832K, reserved 1048576K
[2020-12-21T03:08:26.024-0500][gc             ] GC(16401) Pause Young (Normal) (G1 Evacuation Pause) 51M->42M(63M) 4.015ms
[2020-12-21T03:08:26.024-0500][gc,cpu         ] GC(16401) User=0.00s Sys=0.01s Real=0.00s
[2020-12-21T03:09:56.021-0500][gc,heap        ] GC(16402) Heap before GC invocations=16402 (full 3295): garbage-first heap   total 64512K, used 50446K [0x0000000083000000, 0x0000000100000000)
[2020-12-21T03:09:56.021-0500][gc,heap        ] GC(16402)   region size 1024K, 9 young (9216K), 1 survivors (1024K)
[2020-12-21T03:09:56.021-0500][gc,heap        ] GC(16402)  Metaspace       used 49946K, capacity 52104K, committed 53632K, reserved 1093632K
[2020-12-21T03:09:56.021-0500][gc,heap        ] GC(16402)   class space    used 7422K, capacity 8193K, committed 8832K, reserved 1048576K
[2020-12-21T03:09:56.021-0500][gc,start       ] GC(16402) Pause Young (Normal) (G1 Evacuation Pause)
[2020-12-21T03:09:56.021-0500][gc,task        ] GC(16402) Using 8 workers of 8 for evacuation
[2020-12-21T03:09:56.026-0500][gc,phases      ] GC(16402)   Pre Evacuate Collection Set: 0.0ms
[2020-12-21T03:09:56.026-0500][gc,phases      ] GC(16402)   Evacuate Collection Set: 1.5ms
[2020-12-21T03:09:56.026-0500][gc,phases      ] GC(16402)   Post Evacuate Collection Set: 2.9ms
[2020-12-21T03:09:56.026-0500][gc,phases      ] GC(16402)   Other: 0.4ms
[2020-12-21T03:09:56.026-0500][gc,heap        ] GC(16402) Eden regions: 8->0(8)
[2020-12-21T03:09:56.026-0500][gc,heap        ] GC(16402) Survivor regions: 1->1(2)
[2020-12-21T03:09:56.026-0500][gc,heap        ] GC(16402) Old regions: 42->42
[2020-12-21T03:09:56.026-0500][gc,heap        ] GC(16402) Humongous regions: 4->4
[2020-12-21T03:09:56.026-0500][gc,metaspace   ] GC(16402) Metaspace: 49946K->49946K(1093632K)
[2020-12-21T03:09:56.026-0500][gc,heap        ] GC(16402) Heap after GC invocations=16403 (full 3295): garbage-first heap   total 64512K, used 43241K [0x0000000083000000, 0x0000000100000000)
[2020-12-21T03:09:56.026-0500][gc,heap        ] GC(16402)   region size 1024K, 1 young (1024K), 1 survivors (1024K)
[2020-12-21T03:09:56.026-0500][gc,heap        ] GC(16402)  Metaspace       used 49946K, capacity 52104K, committed 53632K, reserved 1093632K
[2020-12-21T03:09:56.026-0500][gc,heap        ] GC(16402)   class space    used 7422K, capacity 8193K, committed 8832K, reserved 1048576K
[2020-12-21T03:09:56.026-0500][gc             ] GC(16402) Pause Young (Normal) (G1 Evacuation Pause) 50M->42M(63M) 5.055ms
[2020-12-21T03:09:56.027-0500][gc,cpu         ] GC(16402) User=0.00s Sys=0.01s Real=0.00s
[2020-12-21T03:11:27.589-0500][gc,heap        ] GC(16403) Heap before GC invocations=16403 (full 3295): garbage-first heap   total 64512K, used 50409K [0x0000000083000000, 0x0000000100000000)
[2020-12-21T03:11:27.589-0500][gc,heap        ] GC(16403)   region size 1024K, 9 young (9216K), 1 survivors (1024K)
[2020-12-21T03:11:27.589-0500][gc,heap        ] GC(16403)  Metaspace       used 49946K, capacity 52104K, committed 53632K, reserved 1093632K
[2020-12-21T03:11:27.589-0500][gc,heap        ] GC(16403)   class space    used 7422K, capacity 8193K, committed 8832K, reserved 1048576K
[2020-12-21T03:11:27.589-0500][gc,start       ] GC(16403) Pause Young (Normal) (G1 Evacuation Pause)
[2020-12-21T03:11:27.589-0500][gc,task        ] GC(16403) Using 8 workers of 8 for evacuation
[2020-12-21T03:11:27.593-0500][gc,phases      ] GC(16403)   Pre Evacuate Collection Set: 0.0ms
[2020-12-21T03:11:27.593-0500][gc,phases      ] GC(16403)   Evacuate Collection Set: 1.8ms
[2020-12-21T03:11:27.593-0500][gc,phases      ] GC(16403)   Post Evacuate Collection Set: 2.3ms
[2020-12-21T03:11:27.594-0500][gc,phases      ] GC(16403)   Other: 0.4ms
[2020-12-21T03:11:27.594-0500][gc,heap        ] GC(16403) Eden regions: 8->0(8)
[2020-12-21T03:11:27.594-0500][gc,heap        ] GC(16403) Survivor regions: 1->1(2)
[2020-12-21T03:11:27.594-0500][gc,heap        ] GC(16403) Old regions: 42->42
[2020-12-21T03:11:27.594-0500][gc,heap        ] GC(16403) Humongous regions: 4->4
[2020-12-21T03:11:27.594-0500][gc,metaspace   ] GC(16403) Metaspace: 49946K->49946K(1093632K)
[2020-12-21T03:11:27.594-0500][gc,heap        ] GC(16403) Heap after GC invocations=16404 (full 3295): garbage-first heap   total 64512K, used 43246K [0x0000000083000000, 0x0000000100000000)
[2020-12-21T03:11:27.594-0500][gc,heap        ] GC(16403)   region size 1024K, 1 young (1024K), 1 survivors (1024K)
[2020-12-21T03:11:27.594-0500][gc,heap        ] GC(16403)  Metaspace       used 49946K, capacity 52104K, committed 53632K, reserved 1093632K
[2020-12-21T03:11:27.594-0500][gc,heap        ] GC(16403)   class space    used 7422K, capacity 8193K, committed 8832K, reserved 1048576K
[2020-12-21T03:11:27.594-0500][gc             ] GC(16403) Pause Young (Normal) (G1 Evacuation Pause) 50M->42M(63M) 4.835ms
[2020-12-21T03:11:27.594-0500][gc,cpu         ] GC(16403) User=0.01s Sys=0.00s Real=0.00s
[2020-12-21T03:11:45.192-0500][gc,task        ] GC(16404) Using 5 workers of 8 for full compaction
[2020-12-21T03:11:45.192-0500][gc,start       ] GC(16404) Pause Full (System.gc())
[2020-12-21T03:11:45.192-0500][gc,heap        ] GC(16404) Heap before GC invocations=16404 (full 3295): garbage-first heap   total 64512K, used 44270K [0x0000000083000000, 0x0000000100000000)
[2020-12-21T03:11:45.192-0500][gc,heap        ] GC(16404)   region size 1024K, 3 young (3072K), 1 survivors (1024K)
[2020-12-21T03:11:45.192-0500][gc,heap        ] GC(16404)  Metaspace       used 49946K, capacity 52104K, committed 53632K, reserved 1093632K
[2020-12-21T03:11:45.192-0500][gc,heap        ] GC(16404)   class space    used 7422K, capacity 8193K, committed 8832K, reserved 1048576K
[2020-12-21T03:11:45.193-0500][gc,phases,start] GC(16404) Phase 1: Mark live objects
[2020-12-21T03:11:45.242-0500][gc,stringtable ] GC(16404) Cleaned string and symbol table, strings: 33106 processed, 4 removed, symbols: 120816 processed, 0 removed
[2020-12-21T03:11:45.242-0500][gc,phases      ] GC(16404) Phase 1: Mark live objects 48.629ms
[2020-12-21T03:11:45.242-0500][gc,phases,start] GC(16404) Phase 2: Prepare for compaction
[2020-12-21T03:11:45.247-0500][gc,phases      ] GC(16404) Phase 2: Prepare for compaction 5.213ms
[2020-12-21T03:11:45.247-0500][gc,phases,start] GC(16404) Phase 3: Adjust pointers
[2020-12-21T03:11:45.260-0500][gc,phases      ] GC(16404) Phase 3: Adjust pointers 13.068ms
[2020-12-21T03:11:45.260-0500][gc,phases,start] GC(16404) Phase 4: Compact heap
[2020-12-21T03:11:45.266-0500][gc,phases      ] GC(16404) Phase 4: Compact heap 5.598ms
[2020-12-21T03:11:45.273-0500][gc,heap        ] GC(16404) Eden regions: 2->0(10)
[2020-12-21T03:11:45.273-0500][gc,heap        ] GC(16404) Survivor regions: 1->0(2)
[2020-12-21T03:11:45.273-0500][gc,heap        ] GC(16404) Old regions: 42->41
[2020-12-21T03:11:45.273-0500][gc,heap        ] GC(16404) Humongous regions: 4->4
[2020-12-21T03:11:45.273-0500][gc,metaspace   ] GC(16404) Metaspace: 49946K->49946K(1093632K)
[2020-12-21T03:11:45.273-0500][gc,heap        ] GC(16404) Heap after GC invocations=16405 (full 3296): garbage-first heap   total 64512K, used 43199K [0x0000000083000000, 0x0000000100000000)
[2020-12-21T03:11:45.273-0500][gc,heap        ] GC(16404)   region size 1024K, 0 young (0K), 0 survivors (0K)
[2020-12-21T03:11:45.273-0500][gc,heap        ] GC(16404)  Metaspace       used 49946K, capacity 52104K, committed 53632K, reserved 1093632K
[2020-12-21T03:11:45.273-0500][gc,heap        ] GC(16404)   class space    used 7422K, capacity 8193K, committed 8832K, reserved 1048576K
[2020-12-21T03:11:45.273-0500][gc             ] GC(16404) Pause Full (System.gc()) 43M->42M(63M) 80.596ms
[2020-12-21T03:11:45.273-0500][gc,cpu         ] GC(16404) User=0.33s Sys=0.00s Real=0.08s
[2020-12-21T03:13:36.017-0500][gc,heap        ] GC(16405) Heap before GC invocations=16405 (full 3296): garbage-first heap   total 64512K, used 52415K [0x0000000083000000, 0x0000000100000000)
[2020-12-21T03:13:36.017-0500][gc,heap        ] GC(16405)   region size 1024K, 10 young (10240K), 0 survivors (0K)
[2020-12-21T03:13:36.017-0500][gc,heap        ] GC(16405)  Metaspace       used 49946K, capacity 52104K, committed 53632K, reserved 1093632K
[2020-12-21T03:13:36.017-0500][gc,heap        ] GC(16405)   class space    used 7422K, capacity 8193K, committed 8832K, reserved 1048576K
[2020-12-21T03:13:36.017-0500][gc,start       ] GC(16405) Pause Young (Normal) (G1 Evacuation Pause)
[2020-12-21T03:13:36.017-0500][gc,task        ] GC(16405) Using 8 workers of 8 for evacuation
[2020-12-21T03:13:36.022-0500][gc,phases      ] GC(16405)   Pre Evacuate Collection Set: 0.0ms
[2020-12-21T03:13:36.022-0500][gc,phases      ] GC(16405)   Evacuate Collection Set: 1.4ms
[2020-12-21T03:13:36.022-0500][gc,phases      ] GC(16405)   Post Evacuate Collection Set: 2.7ms
[2020-12-21T03:13:36.022-0500][gc,phases      ] GC(16405)   Other: 0.4ms
[2020-12-21T03:13:36.022-0500][gc,heap        ] GC(16405) Eden regions: 10->0(9)
[2020-12-21T03:13:36.022-0500][gc,heap        ] GC(16405) Survivor regions: 0->1(2)
[2020-12-21T03:13:36.022-0500][gc,heap        ] GC(16405) Old regions: 41->41
[2020-12-21T03:13:36.022-0500][gc,heap        ] GC(16405) Humongous regions: 4->4
[2020-12-21T03:13:36.022-0500][gc,metaspace   ] GC(16405) Metaspace: 49946K->49946K(1093632K)
[2020-12-21T03:13:36.022-0500][gc,heap        ] GC(16405) Heap after GC invocations=16406 (full 3296): garbage-first heap   total 64512K, used 43279K [0x0000000083000000, 0x0000000100000000)
[2020-12-21T03:13:36.022-0500][gc,heap        ] GC(16405)   region size 1024K, 1 young (1024K), 1 survivors (1024K)
[2020-12-21T03:13:36.022-0500][gc,heap        ] GC(16405)  Metaspace       used 49946K, capacity 52104K, committed 53632K, reserved 1093632K
[2020-12-21T03:13:36.022-0500][gc,heap        ] GC(16405)   class space    used 7422K, capacity 8193K, committed 8832K, reserved 1048576K
[2020-12-21T03:13:36.022-0500][gc             ] GC(16405) Pause Young (Normal) (G1 Evacuation Pause) 52M->42M(63M) 4.759ms
[2020-12-21T03:13:36.022-0500][gc,cpu         ] GC(16405) User=0.01s Sys=0.01s Real=0.01s
[2020-12-21T03:15:26.015-0500][gc,heap        ] GC(16406) Heap before GC invocations=16406 (full 3296): garbage-first heap   total 64512K, used 51471K [0x0000000083000000, 0x0000000100000000)
[2020-12-21T03:15:26.015-0500][gc,heap        ] GC(16406)   region size 1024K, 10 young (10240K), 1 survivors (1024K)
[2020-12-21T03:15:26.015-0500][gc,heap        ] GC(16406)  Metaspace       used 49946K, capacity 52104K, committed 53632K, reserved 1093632K
[2020-12-21T03:15:26.015-0500][gc,heap        ] GC(16406)   class space    used 7422K, capacity 8193K, committed 8832K, reserved 1048576K
[2020-12-21T03:15:26.016-0500][gc,start       ] GC(16406) Pause Young (Normal) (G1 Evacuation Pause)
[2020-12-21T03:15:26.016-0500][gc,task        ] GC(16406) Using 8 workers of 8 for evacuation
[2020-12-21T03:15:26.021-0500][gc,phases      ] GC(16406)   Pre Evacuate Collection Set: 0.0ms
[2020-12-21T03:15:26.021-0500][gc,phases      ] GC(16406)   Evacuate Collection Set: 1.8ms
[2020-12-21T03:15:26.021-0500][gc,phases      ] GC(16406)   Post Evacuate Collection Set: 3.6ms
[2020-12-21T03:15:26.021-0500][gc,phases      ] GC(16406)   Other: 0.6ms
[2020-12-21T03:15:26.021-0500][gc,heap        ] GC(16406) Eden regions: 9->0(9)
[2020-12-21T03:15:26.021-0500][gc,heap        ] GC(16406) Survivor regions: 1->1(2)
[2020-12-21T03:15:26.022-0500][gc,heap        ] GC(16406) Old regions: 41->41
[2020-12-21T03:15:26.022-0500][gc,heap        ] GC(16406) Humongous regions: 4->4
[2020-12-21T03:15:26.022-0500][gc,metaspace   ] GC(16406) Metaspace: 49946K->49946K(1093632K)
[2020-12-21T03:15:26.022-0500][gc,heap        ] GC(16406) Heap after GC invocations=16407 (full 3296): garbage-first heap   total 64512K, used 43270K [0x0000000083000000, 0x0000000100000000)
[2020-12-21T03:15:26.022-0500][gc,heap        ] GC(16406)   region size 1024K, 1 young (1024K), 1 survivors (1024K)
[2020-12-21T03:15:26.022-0500][gc,heap        ] GC(16406)  Metaspace       used 49946K, capacity 52104K, committed 53632K, reserved 1093632K
[2020-12-21T03:15:26.022-0500][gc,heap        ] GC(16406)   class space    used 7422K, capacity 8193K, committed 8832K, reserved 1048576K
[2020-12-21T03:15:26.022-0500][gc             ] GC(16406) Pause Young (Normal) (G1 Evacuation Pause) 51M->42M(63M) 6.232ms
[2020-12-21T03:15:26.022-0500][gc,cpu         ] GC(16406) User=0.02s Sys=0.00s Real=0.01s
[2020-12-21T03:16:45.190-0500][gc,task        ] GC(16407) Using 5 workers of 8 for full compaction
[2020-12-21T03:16:45.190-0500][gc,start       ] GC(16407) Pause Full (System.gc())
[2020-12-21T03:16:45.190-0500][gc,heap        ] GC(16407) Heap before GC invocations=16407 (full 3296): garbage-first heap   total 64512K, used 48390K [0x0000000083000000, 0x0000000100000000)
[2020-12-21T03:16:45.190-0500][gc,heap        ] GC(16407)   region size 1024K, 8 young (8192K), 1 survivors (1024K)
[2020-12-21T03:16:45.190-0500][gc,heap        ] GC(16407)  Metaspace       used 49946K, capacity 52104K, committed 53632K, reserved 1093632K
[2020-12-21T03:16:45.190-0500][gc,heap        ] GC(16407)   class space    used 7422K, capacity 8193K, committed 8832K, reserved 1048576K
[2020-12-21T03:16:45.190-0500][gc,phases,start] GC(16407) Phase 1: Mark live objects
[2020-12-21T03:16:45.229-0500][gc,stringtable ] GC(16407) Cleaned string and symbol table, strings: 33106 processed, 4 removed, symbols: 120816 processed, 0 removed
[2020-12-21T03:16:45.229-0500][gc,phases      ] GC(16407) Phase 1: Mark live objects 38.523ms
[2020-12-21T03:16:45.229-0500][gc,phases,start] GC(16407) Phase 2: Prepare for compaction
[2020-12-21T03:16:45.235-0500][gc,phases      ] GC(16407) Phase 2: Prepare for compaction 6.169ms
[2020-12-21T03:16:45.235-0500][gc,phases,start] GC(16407) Phase 3: Adjust pointers
[2020-12-21T03:16:45.247-0500][gc,phases      ] GC(16407) Phase 3: Adjust pointers 11.607ms
[2020-12-21T03:16:45.247-0500][gc,phases,start] GC(16407) Phase 4: Compact heap
[2020-12-21T03:16:45.250-0500][gc,phases      ] GC(16407) Phase 4: Compact heap 2.951ms
[2020-12-21T03:16:45.256-0500][gc,heap        ] GC(16407) Eden regions: 7->0(10)
[2020-12-21T03:16:45.256-0500][gc,heap        ] GC(16407) Survivor regions: 1->0(2)
[2020-12-21T03:16:45.256-0500][gc,heap        ] GC(16407) Old regions: 41->41
[2020-12-21T03:16:45.256-0500][gc,heap        ] GC(16407) Humongous regions: 4->4
[2020-12-21T03:16:45.256-0500][gc,metaspace   ] GC(16407) Metaspace: 49946K->49946K(1093632K)
[2020-12-21T03:16:45.256-0500][gc,heap        ] GC(16407) Heap after GC invocations=16408 (full 3297): garbage-first heap   total 64512K, used 43215K [0x0000000083000000, 0x0000000100000000)
[2020-12-21T03:16:45.256-0500][gc,heap        ] GC(16407)   region size 1024K, 0 young (0K), 0 survivors (0K)
[2020-12-21T03:16:45.256-0500][gc,heap        ] GC(16407)  Metaspace       used 49946K, capacity 52104K, committed 53632K, reserved 1093632K
[2020-12-21T03:16:45.256-0500][gc,heap        ] GC(16407)   class space    used 7422K, capacity 8193K, committed 8832K, reserved 1048576K
[2020-12-21T03:16:45.256-0500][gc             ] GC(16407) Pause Full (System.gc()) 49M->42M(63M) 65.891ms
[2020-12-21T03:16:45.256-0500][gc,cpu         ] GC(16407) User=0.27s Sys=0.00s Real=0.06s
[2020-12-21T03:18:36.012-0500][gc,heap        ] GC(16408) Heap before GC invocations=16408 (full 3297): garbage-first heap   total 64512K, used 52431K [0x0000000083000000, 0x0000000100000000)
[2020-12-21T03:18:36.012-0500][gc,heap        ] GC(16408)   region size 1024K, 10 young (10240K), 0 survivors (0K)
[2020-12-21T03:18:36.012-0500][gc,heap        ] GC(16408)  Metaspace       used 49946K, capacity 52104K, committed 53632K, reserved 1093632K
[2020-12-21T03:18:36.012-0500][gc,heap        ] GC(16408)   class space    used 7422K, capacity 8193K, committed 8832K, reserved 1048576K
[2020-12-21T03:18:36.012-0500][gc,start       ] GC(16408) Pause Young (Normal) (G1 Evacuation Pause)
[2020-12-21T03:18:36.012-0500][gc,task        ] GC(16408) Using 8 workers of 8 for evacuation
[2020-12-21T03:18:36.016-0500][gc,phases      ] GC(16408)   Pre Evacuate Collection Set: 0.0ms
[2020-12-21T03:18:36.016-0500][gc,phases      ] GC(16408)   Evacuate Collection Set: 1.2ms
[2020-12-21T03:18:36.016-0500][gc,phases      ] GC(16408)   Post Evacuate Collection Set: 2.4ms
[2020-12-21T03:18:36.016-0500][gc,phases      ] GC(16408)   Other: 0.5ms
[2020-12-21T03:18:36.016-0500][gc,heap        ] GC(16408) Eden regions: 10->0(9)
[2020-12-21T03:18:36.016-0500][gc,heap        ] GC(16408) Survivor regions: 0->1(2)
[2020-12-21T03:18:36.016-0500][gc,heap        ] GC(16408) Old regions: 41->41
[2020-12-21T03:18:36.016-0500][gc,heap        ] GC(16408) Humongous regions: 4->4
[2020-12-21T03:18:36.016-0500][gc,metaspace   ] GC(16408) Metaspace: 49946K->49946K(1093632K)
[2020-12-21T03:18:36.016-0500][gc,heap        ] GC(16408) Heap after GC invocations=16409 (full 3297): garbage-first heap   total 64512K, used 43291K [0x0000000083000000, 0x0000000100000000)
[2020-12-21T03:18:36.016-0500][gc,heap        ] GC(16408)   region size 1024K, 1 young (1024K), 1 survivors (1024K)
[2020-12-21T03:18:36.016-0500][gc,heap        ] GC(16408)  Metaspace       used 49946K, capacity 52104K, committed 53632K, reserved 1093632K
[2020-12-21T03:18:36.016-0500][gc,heap        ] GC(16408)   class space    used 7422K, capacity 8193K, committed 8832K, reserved 1048576K
[2020-12-21T03:18:36.016-0500][gc             ] GC(16408) Pause Young (Normal) (G1 Evacuation Pause) 52M->42M(63M) 4.204ms
[2020-12-21T03:18:36.016-0500][gc,cpu         ] GC(16408) User=0.01s Sys=0.00s Real=0.00s
[2020-12-21T03:20:16.020-0500][gc,heap        ] GC(16409) Heap before GC invocations=16409 (full 3297): garbage-first heap   total 64512K, used 51483K [0x0000000083000000, 0x0000000100000000)
[2020-12-21T03:20:16.020-0500][gc,heap        ] GC(16409)   region size 1024K, 10 young (10240K), 1 survivors (1024K)
[2020-12-21T03:20:16.020-0500][gc,heap        ] GC(16409)  Metaspace       used 49946K, capacity 52104K, committed 53632K, reserved 1093632K
[2020-12-21T03:20:16.020-0500][gc,heap        ] GC(16409)   class space    used 7422K, capacity 8193K, committed 8832K, reserved 1048576K
[2020-12-21T03:20:16.020-0500][gc,start       ] GC(16409) Pause Young (Normal) (G1 Evacuation Pause)
[2020-12-21T03:20:16.020-0500][gc,task        ] GC(16409) Using 8 workers of 8 for evacuation
[2020-12-21T03:20:16.024-0500][gc,phases      ] GC(16409)   Pre Evacuate Collection Set: 0.0ms
[2020-12-21T03:20:16.024-0500][gc,phases      ] GC(16409)   Evacuate Collection Set: 1.2ms
[2020-12-21T03:20:16.024-0500][gc,phases      ] GC(16409)   Post Evacuate Collection Set: 2.2ms
[2020-12-21T03:20:16.024-0500][gc,phases      ] GC(16409)   Other: 0.5ms
[2020-12-21T03:20:16.024-0500][gc,heap        ] GC(16409) Eden regions: 9->0(9)
[2020-12-21T03:20:16.024-0500][gc,heap        ] GC(16409) Survivor regions: 1->1(2)
[2020-12-21T03:20:16.024-0500][gc,heap        ] GC(16409) Old regions: 41->41
[2020-12-21T03:20:16.024-0500][gc,heap        ] GC(16409) Humongous regions: 4->4
[2020-12-21T03:20:16.024-0500][gc,metaspace   ] GC(16409) Metaspace: 49946K->49946K(1093632K)
[2020-12-21T03:20:16.024-0500][gc,heap        ] GC(16409) Heap after GC invocations=16410 (full 3297): garbage-first heap   total 64512K, used 43278K [0x0000000083000000, 0x0000000100000000)
[2020-12-21T03:20:16.024-0500][gc,heap        ] GC(16409)   region size 1024K, 1 young (1024K), 1 survivors (1024K)
[2020-12-21T03:20:16.024-0500][gc,heap        ] GC(16409)  Metaspace       used 49946K, capacity 52104K, committed 53632K, reserved 1093632K
[2020-12-21T03:20:16.024-0500][gc,heap        ] GC(16409)   class space    used 7422K, capacity 8193K, committed 8832K, reserved 1048576K
[2020-12-21T03:20:16.024-0500][gc             ] GC(16409) Pause Young (Normal) (G1 Evacuation Pause) 51M->42M(63M) 3.954ms
[2020-12-21T03:20:16.024-0500][gc,cpu         ] GC(16409) User=0.00s Sys=0.01s Real=0.00s
[2020-12-21T03:21:45.189-0500][gc,task        ] GC(16410) Using 5 workers of 8 for full compaction
[2020-12-21T03:21:45.190-0500][gc,start       ] GC(16410) Pause Full (System.gc())
[2020-12-21T03:21:45.190-0500][gc,heap        ] GC(16410) Heap before GC invocations=16410 (full 3297): garbage-first heap   total 64512K, used 49422K [0x0000000083000000, 0x0000000100000000)
[2020-12-21T03:21:45.190-0500][gc,heap        ] GC(16410)   region size 1024K, 9 young (9216K), 1 survivors (1024K)
[2020-12-21T03:21:45.190-0500][gc,heap        ] GC(16410)  Metaspace       used 49946K, capacity 52104K, committed 53632K, reserved 1093632K
[2020-12-21T03:21:45.190-0500][gc,heap        ] GC(16410)   class space    used 7422K, capacity 8193K, committed 8832K, reserved 1048576K
[2020-12-21T03:21:45.190-0500][gc,phases,start] GC(16410) Phase 1: Mark live objects
[2020-12-21T03:21:45.227-0500][gc,stringtable ] GC(16410) Cleaned string and symbol table, strings: 33106 processed, 4 removed, symbols: 120816 processed, 0 removed
[2020-12-21T03:21:45.227-0500][gc,phases      ] GC(16410) Phase 1: Mark live objects 36.793ms
[2020-12-21T03:21:45.227-0500][gc,phases,start] GC(16410) Phase 2: Prepare for compaction
[2020-12-21T03:21:45.233-0500][gc,phases      ] GC(16410) Phase 2: Prepare for compaction 5.802ms
[2020-12-21T03:21:45.233-0500][gc,phases,start] GC(16410) Phase 3: Adjust pointers
[2020-12-21T03:21:45.245-0500][gc,phases      ] GC(16410) Phase 3: Adjust pointers 12.533ms
[2020-12-21T03:21:45.246-0500][gc,phases,start] GC(16410) Phase 4: Compact heap
[2020-12-21T03:21:45.249-0500][gc,phases      ] GC(16410) Phase 4: Compact heap 3.345ms
[2020-12-21T03:21:45.255-0500][gc,heap        ] GC(16410) Eden regions: 8->0(10)
[2020-12-21T03:21:45.255-0500][gc,heap        ] GC(16410) Survivor regions: 1->0(2)
[2020-12-21T03:21:45.255-0500][gc,heap        ] GC(16410) Old regions: 41->41
[2020-12-21T03:21:45.255-0500][gc,heap        ] GC(16410) Humongous regions: 4->4
[2020-12-21T03:21:45.255-0500][gc,metaspace   ] GC(16410) Metaspace: 49946K->49946K(1093632K)
[2020-12-21T03:21:45.255-0500][gc,heap        ] GC(16410) Heap after GC invocations=16411 (full 3298): garbage-first heap   total 64512K, used 43223K [0x0000000083000000, 0x0000000100000000)
[2020-12-21T03:21:45.255-0500][gc,heap        ] GC(16410)   region size 1024K, 0 young (0K), 0 survivors (0K)
[2020-12-21T03:21:45.255-0500][gc,heap        ] GC(16410)  Metaspace       used 49946K, capacity 52104K, committed 53632K, reserved 1093632K
[2020-12-21T03:21:45.255-0500][gc,heap        ] GC(16410)   class space    used 7422K, capacity 8193K, committed 8832K, reserved 1048576K
[2020-12-21T03:21:45.255-0500][gc             ] GC(16410) Pause Full (System.gc()) 49M->42M(63M) 65.053ms
[2020-12-21T03:21:45.255-0500][gc,cpu         ] GC(16410) User=0.27s Sys=0.00s Real=0.06s
[2020-12-21T03:23:36.013-0500][gc,heap        ] GC(16411) Heap before GC invocations=16411 (full 3298): garbage-first heap   total 64512K, used 52439K [0x0000000083000000, 0x0000000100000000)
[2020-12-21T03:23:36.013-0500][gc,heap        ] GC(16411)   region size 1024K, 10 young (10240K), 0 survivors (0K)
[2020-12-21T03:23:36.013-0500][gc,heap        ] GC(16411)  Metaspace       used 49946K, capacity 52104K, committed 53632K, reserved 1093632K
[2020-12-21T03:23:36.013-0500][gc,heap        ] GC(16411)   class space    used 7422K, capacity 8193K, committed 8832K, reserved 1048576K
[2020-12-21T03:23:36.014-0500][gc,start       ] GC(16411) Pause Young (Normal) (G1 Evacuation Pause)
[2020-12-21T03:23:36.014-0500][gc,task        ] GC(16411) Using 8 workers of 8 for evacuation
[2020-12-21T03:23:36.021-0500][gc,phases      ] GC(16411)   Pre Evacuate Collection Set: 0.0ms
[2020-12-21T03:23:36.021-0500][gc,phases      ] GC(16411)   Evacuate Collection Set: 3.7ms
[2020-12-21T03:23:36.021-0500][gc,phases      ] GC(16411)   Post Evacuate Collection Set: 2.9ms
[2020-12-21T03:23:36.021-0500][gc,phases      ] GC(16411)   Other: 0.5ms
[2020-12-21T03:23:36.021-0500][gc,heap        ] GC(16411) Eden regions: 10->0(9)
[2020-12-21T03:23:36.021-0500][gc,heap        ] GC(16411) Survivor regions: 0->1(2)
[2020-12-21T03:23:36.021-0500][gc,heap        ] GC(16411) Old regions: 41->41
[2020-12-21T03:23:36.021-0500][gc,heap        ] GC(16411) Humongous regions: 4->4
[2020-12-21T03:23:36.021-0500][gc,metaspace   ] GC(16411) Metaspace: 49946K->49946K(1093632K)
[2020-12-21T03:23:36.021-0500][gc,heap        ] GC(16411) Heap after GC invocations=16412 (full 3298): garbage-first heap   total 64512K, used 43286K [0x0000000083000000, 0x0000000100000000)
[2020-12-21T03:23:36.021-0500][gc,heap        ] GC(16411)   region size 1024K, 1 young (1024K), 1 survivors (1024K)
[2020-12-21T03:23:36.021-0500][gc,heap        ] GC(16411)  Metaspace       used 49946K, capacity 52104K, committed 53632K, reserved 1093632K
[2020-12-21T03:23:36.021-0500][gc,heap        ] GC(16411)   class space    used 7422K, capacity 8193K, committed 8832K, reserved 1048576K
[2020-12-21T03:23:36.021-0500][gc             ] GC(16411) Pause Young (Normal) (G1 Evacuation Pause) 52M->42M(63M) 7.410ms
[2020-12-21T03:23:36.021-0500][gc,cpu         ] GC(16411) User=0.03s Sys=0.00s Real=0.01s
[2020-12-21T03:25:16.018-0500][gc,heap        ] GC(16412) Heap before GC invocations=16412 (full 3298): garbage-first heap   total 64512K, used 51478K [0x0000000083000000, 0x0000000100000000)
[2020-12-21T03:25:16.018-0500][gc,heap        ] GC(16412)   region size 1024K, 10 young (10240K), 1 survivors (1024K)
[2020-12-21T03:25:16.018-0500][gc,heap        ] GC(16412)  Metaspace       used 49946K, capacity 52104K, committed 53632K, reserved 1093632K
[2020-12-21T03:25:16.018-0500][gc,heap        ] GC(16412)   class space    used 7422K, capacity 8193K, committed 8832K, reserved 1048576K
[2020-12-21T03:25:16.018-0500][gc,start       ] GC(16412) Pause Young (Normal) (G1 Evacuation Pause)
[2020-12-21T03:25:16.018-0500][gc,task        ] GC(16412) Using 8 workers of 8 for evacuation
[2020-12-21T03:25:16.024-0500][gc,phases      ] GC(16412)   Pre Evacuate Collection Set: 0.0ms
[2020-12-21T03:25:16.024-0500][gc,phases      ] GC(16412)   Evacuate Collection Set: 1.5ms
[2020-12-21T03:25:16.024-0500][gc,phases      ] GC(16412)   Post Evacuate Collection Set: 4.1ms
[2020-12-21T03:25:16.024-0500][gc,phases      ] GC(16412)   Other: 0.6ms
[2020-12-21T03:25:16.024-0500][gc,heap        ] GC(16412) Eden regions: 9->0(9)
[2020-12-21T03:25:16.024-0500][gc,heap        ] GC(16412) Survivor regions: 1->1(2)
[2020-12-21T03:25:16.024-0500][gc,heap        ] GC(16412) Old regions: 41->41
[2020-12-21T03:25:16.024-0500][gc,heap        ] GC(16412) Humongous regions: 4->4
[2020-12-21T03:25:16.024-0500][gc,metaspace   ] GC(16412) Metaspace: 49946K->49946K(1093632K)
[2020-12-21T03:25:16.024-0500][gc,heap        ] GC(16412) Heap after GC invocations=16413 (full 3298): garbage-first heap   total 64512K, used 43273K [0x0000000083000000, 0x0000000100000000)
[2020-12-21T03:25:16.025-0500][gc,heap        ] GC(16412)   region size 1024K, 1 young (1024K), 1 survivors (1024K)
[2020-12-21T03:25:16.025-0500][gc,heap        ] GC(16412)  Metaspace       used 49946K, capacity 52104K, committed 53632K, reserved 1093632K
[2020-12-21T03:25:16.025-0500][gc,heap        ] GC(16412)   class space    used 7422K, capacity 8193K, committed 8832K, reserved 1048576K
[2020-12-21T03:25:16.025-0500][gc             ] GC(16412) Pause Young (Normal) (G1 Evacuation Pause) 51M->42M(63M) 6.193ms
[2020-12-21T03:25:16.025-0500][gc,cpu         ] GC(16412) User=0.02s Sys=0.01s Real=0.00s
[2020-12-21T03:26:45.189-0500][gc,task        ] GC(16413) Using 5 workers of 8 for full compaction
[2020-12-21T03:26:45.189-0500][gc,start       ] GC(16413) Pause Full (System.gc())
[2020-12-21T03:26:45.189-0500][gc,heap        ] GC(16413) Heap before GC invocations=16413 (full 3298): garbage-first heap   total 64512K, used 49417K [0x0000000083000000, 0x0000000100000000)
[2020-12-21T03:26:45.189-0500][gc,heap        ] GC(16413)   region size 1024K, 9 young (9216K), 1 survivors (1024K)
[2020-12-21T03:26:45.189-0500][gc,heap        ] GC(16413)  Metaspace       used 49946K, capacity 52104K, committed 53632K, reserved 1093632K
[2020-12-21T03:26:45.189-0500][gc,heap        ] GC(16413)   class space    used 7422K, capacity 8193K, committed 8832K, reserved 1048576K
[2020-12-21T03:26:45.190-0500][gc,phases,start] GC(16413) Phase 1: Mark live objects
[2020-12-21T03:26:45.228-0500][gc,stringtable ] GC(16413) Cleaned string and symbol table, strings: 33106 processed, 4 removed, symbols: 120816 processed, 0 removed
[2020-12-21T03:26:45.228-0500][gc,phases      ] GC(16413) Phase 1: Mark live objects 38.545ms
[2020-12-21T03:26:45.228-0500][gc,phases,start] GC(16413) Phase 2: Prepare for compaction
[2020-12-21T03:26:45.234-0500][gc,phases      ] GC(16413) Phase 2: Prepare for compaction 5.888ms
[2020-12-21T03:26:45.234-0500][gc,phases,start] GC(16413) Phase 3: Adjust pointers
[2020-12-21T03:26:45.247-0500][gc,phases      ] GC(16413) Phase 3: Adjust pointers 12.673ms
[2020-12-21T03:26:45.247-0500][gc,phases,start] GC(16413) Phase 4: Compact heap
[2020-12-21T03:26:45.250-0500][gc,phases      ] GC(16413) Phase 4: Compact heap 2.534ms
[2020-12-21T03:26:45.255-0500][gc,heap        ] GC(16413) Eden regions: 8->0(10)
[2020-12-21T03:26:45.255-0500][gc,heap        ] GC(16413) Survivor regions: 1->0(2)
[2020-12-21T03:26:45.255-0500][gc,heap        ] GC(16413) Old regions: 41->41
[2020-12-21T03:26:45.255-0500][gc,heap        ] GC(16413) Humongous regions: 4->4
[2020-12-21T03:26:45.255-0500][gc,metaspace   ] GC(16413) Metaspace: 49946K->49946K(1093632K)
[2020-12-21T03:26:45.255-0500][gc,heap        ] GC(16413) Heap after GC invocations=16414 (full 3299): garbage-first heap   total 64512K, used 43218K [0x0000000083000000, 0x0000000100000000)
[2020-12-21T03:26:45.255-0500][gc,heap        ] GC(16413)   region size 1024K, 0 young (0K), 0 survivors (0K)
[2020-12-21T03:26:45.255-0500][gc,heap        ] GC(16413)  Metaspace       used 49946K, capacity 52104K, committed 53632K, reserved 1093632K
[2020-12-21T03:26:45.255-0500][gc,heap        ] GC(16413)   class space    used 7422K, capacity 8193K, committed 8832K, reserved 1048576K
[2020-12-21T03:26:45.255-0500][gc             ] GC(16413) Pause Full (System.gc()) 49M->42M(63M) 66.092ms
[2020-12-21T03:26:45.255-0500][gc,cpu         ] GC(16413) User=0.27s Sys=0.00s Real=0.06s
[2020-12-21T03:28:36.488-0500][gc,heap        ] GC(16414) Heap before GC invocations=16414 (full 3299): garbage-first heap   total 64512K, used 52434K [0x0000000083000000, 0x0000000100000000)
[2020-12-21T03:28:36.488-0500][gc,heap        ] GC(16414)   region size 1024K, 10 young (10240K), 0 survivors (0K)
[2020-12-21T03:28:36.488-0500][gc,heap        ] GC(16414)  Metaspace       used 49946K, capacity 52104K, committed 53632K, reserved 1093632K
[2020-12-21T03:28:36.488-0500][gc,heap        ] GC(16414)   class space    used 7422K, capacity 8193K, committed 8832K, reserved 1048576K
[2020-12-21T03:28:36.488-0500][gc,start       ] GC(16414) Pause Young (Normal) (G1 Evacuation Pause)
[2020-12-21T03:28:36.488-0500][gc,task        ] GC(16414) Using 8 workers of 8 for evacuation
[2020-12-21T03:28:36.492-0500][gc,phases      ] GC(16414)   Pre Evacuate Collection Set: 0.0ms
[2020-12-21T03:28:36.492-0500][gc,phases      ] GC(16414)   Evacuate Collection Set: 1.2ms
[2020-12-21T03:28:36.492-0500][gc,phases      ] GC(16414)   Post Evacuate Collection Set: 2.5ms
[2020-12-21T03:28:36.492-0500][gc,phases      ] GC(16414)   Other: 0.4ms
[2020-12-21T03:28:36.492-0500][gc,heap        ] GC(16414) Eden regions: 10->0(9)
[2020-12-21T03:28:36.492-0500][gc,heap        ] GC(16414) Survivor regions: 0->1(2)
[2020-12-21T03:28:36.492-0500][gc,heap        ] GC(16414) Old regions: 41->41
[2020-12-21T03:28:36.492-0500][gc,heap        ] GC(16414) Humongous regions: 4->4
[2020-12-21T03:28:36.492-0500][gc,metaspace   ] GC(16414) Metaspace: 49946K->49946K(1093632K)
[2020-12-21T03:28:36.492-0500][gc,heap        ] GC(16414) Heap after GC invocations=16415 (full 3299): garbage-first heap   total 64512K, used 43317K [0x0000000083000000, 0x0000000100000000)
[2020-12-21T03:28:36.493-0500][gc,heap        ] GC(16414)   region size 1024K, 1 young (1024K), 1 survivors (1024K)
[2020-12-21T03:28:36.493-0500][gc,heap        ] GC(16414)  Metaspace       used 49946K, capacity 52104K, committed 53632K, reserved 1093632K
[2020-12-21T03:28:36.493-0500][gc,heap        ] GC(16414)   class space    used 7422K, capacity 8193K, committed 8832K, reserved 1048576K
[2020-12-21T03:28:36.493-0500][gc             ] GC(16414) Pause Young (Normal) (G1 Evacuation Pause) 52M->42M(63M) 4.307ms
[2020-12-21T03:28:36.493-0500][gc,cpu         ] GC(16414) User=0.00s Sys=0.00s Real=0.00s
[2020-12-21T03:30:23.743-0500][gc,heap        ] GC(16415) Heap before GC invocations=16415 (full 3299): garbage-first heap   total 64512K, used 51509K [0x0000000083000000, 0x0000000100000000)
[2020-12-21T03:30:23.743-0500][gc,heap        ] GC(16415)   region size 1024K, 10 young (10240K), 1 survivors (1024K)
[2020-12-21T03:30:23.743-0500][gc,heap        ] GC(16415)  Metaspace       used 49946K, capacity 52104K, committed 53632K, reserved 1093632K
[2020-12-21T03:30:23.743-0500][gc,heap        ] GC(16415)   class space    used 7422K, capacity 8193K, committed 8832K, reserved 1048576K
[2020-12-21T03:30:23.743-0500][gc,start       ] GC(16415) Pause Young (Normal) (G1 Evacuation Pause)
[2020-12-21T03:30:23.743-0500][gc,task        ] GC(16415) Using 8 workers of 8 for evacuation
[2020-12-21T03:30:23.746-0500][gc,phases      ] GC(16415)   Pre Evacuate Collection Set: 0.0ms
[2020-12-21T03:30:23.746-0500][gc,phases      ] GC(16415)   Evacuate Collection Set: 0.8ms
[2020-12-21T03:30:23.746-0500][gc,phases      ] GC(16415)   Post Evacuate Collection Set: 1.5ms
[2020-12-21T03:30:23.746-0500][gc,phases      ] GC(16415)   Other: 0.3ms
[2020-12-21T03:30:23.746-0500][gc,heap        ] GC(16415) Eden regions: 9->0(9)
[2020-12-21T03:30:23.746-0500][gc,heap        ] GC(16415) Survivor regions: 1->1(2)
[2020-12-21T03:30:23.746-0500][gc,heap        ] GC(16415) Old regions: 41->41
[2020-12-21T03:30:23.746-0500][gc,heap        ] GC(16415) Humongous regions: 4->4
[2020-12-21T03:30:23.746-0500][gc,metaspace   ] GC(16415) Metaspace: 49946K->49946K(1093632K)
[2020-12-21T03:30:23.746-0500][gc,heap        ] GC(16415) Heap after GC invocations=16416 (full 3299): garbage-first heap   total 64512K, used 43264K [0x0000000083000000, 0x0000000100000000)
[2020-12-21T03:30:23.746-0500][gc,heap        ] GC(16415)   region size 1024K, 1 young (1024K), 1 survivors (1024K)
[2020-12-21T03:30:23.746-0500][gc,heap        ] GC(16415)  Metaspace       used 49946K, capacity 52104K, committed 53632K, reserved 1093632K
[2020-12-21T03:30:23.746-0500][gc,heap        ] GC(16415)   class space    used 7422K, capacity 8193K, committed 8832K, reserved 1048576K
[2020-12-21T03:30:23.746-0500][gc             ] GC(16415) Pause Young (Normal) (G1 Evacuation Pause) 51M->42M(63M) 2.708ms
[2020-12-21T03:30:23.746-0500][gc,cpu         ] GC(16415) User=0.00s Sys=0.00s Real=0.00s
[2020-12-21T03:31:45.189-0500][gc,task        ] GC(16416) Using 5 workers of 8 for full compaction
[2020-12-21T03:31:45.189-0500][gc,start       ] GC(16416) Pause Full (System.gc())
[2020-12-21T03:31:45.189-0500][gc,heap        ] GC(16416) Heap before GC invocations=16416 (full 3299): garbage-first heap   total 64512K, used 49408K [0x0000000083000000, 0x0000000100000000)
[2020-12-21T03:31:45.189-0500][gc,heap        ] GC(16416)   region size 1024K, 9 young (9216K), 1 survivors (1024K)
[2020-12-21T03:31:45.189-0500][gc,heap        ] GC(16416)  Metaspace       used 49946K, capacity 52104K, committed 53632K, reserved 1093632K
[2020-12-21T03:31:45.189-0500][gc,heap        ] GC(16416)   class space    used 7422K, capacity 8193K, committed 8832K, reserved 1048576K
[2020-12-21T03:31:45.189-0500][gc,phases,start] GC(16416) Phase 1: Mark live objects
[2020-12-21T03:31:45.214-0500][gc,stringtable ] GC(16416) Cleaned string and symbol table, strings: 33106 processed, 4 removed, symbols: 120816 processed, 0 removed
[2020-12-21T03:31:45.214-0500][gc,phases      ] GC(16416) Phase 1: Mark live objects 25.105ms
[2020-12-21T03:31:45.214-0500][gc,phases,start] GC(16416) Phase 2: Prepare for compaction
[2020-12-21T03:31:45.218-0500][gc,phases      ] GC(16416) Phase 2: Prepare for compaction 3.408ms
[2020-12-21T03:31:45.218-0500][gc,phases,start] GC(16416) Phase 3: Adjust pointers
[2020-12-21T03:31:45.230-0500][gc,phases      ] GC(16416) Phase 3: Adjust pointers 12.618ms
[2020-12-21T03:31:45.230-0500][gc,phases,start] GC(16416) Phase 4: Compact heap
[2020-12-21T03:31:45.234-0500][gc,phases      ] GC(16416) Phase 4: Compact heap 3.316ms
[2020-12-21T03:31:45.240-0500][gc,heap        ] GC(16416) Eden regions: 8->0(9)
[2020-12-21T03:31:45.240-0500][gc,heap        ] GC(16416) Survivor regions: 1->0(2)
[2020-12-21T03:31:45.240-0500][gc,heap        ] GC(16416) Old regions: 41->42
[2020-12-21T03:31:45.240-0500][gc,heap        ] GC(16416) Humongous regions: 4->4
[2020-12-21T03:31:45.240-0500][gc,metaspace   ] GC(16416) Metaspace: 49946K->49946K(1093632K)
[2020-12-21T03:31:45.240-0500][gc,heap        ] GC(16416) Heap after GC invocations=16417 (full 3300): garbage-first heap   total 64512K, used 43215K [0x0000000083000000, 0x0000000100000000)
[2020-12-21T03:31:45.240-0500][gc,heap        ] GC(16416)   region size 1024K, 0 young (0K), 0 survivors (0K)
[2020-12-21T03:31:45.240-0500][gc,heap        ] GC(16416)  Metaspace       used 49946K, capacity 52104K, committed 53632K, reserved 1093632K
[2020-12-21T03:31:45.240-0500][gc,heap        ] GC(16416)   class space    used 7422K, capacity 8193K, committed 8832K, reserved 1048576K
[2020-12-21T03:31:45.240-0500][gc             ] GC(16416) Pause Full (System.gc()) 49M->42M(63M) 51.088ms
[2020-12-21T03:31:45.240-0500][gc,cpu         ] GC(16416) User=0.20s Sys=0.00s Real=0.05s
[2020-12-21T03:33:30.324-0500][gc,heap        ] GC(16417) Heap before GC invocations=16417 (full 3300): garbage-first heap   total 64512K, used 51407K [0x0000000083000000, 0x0000000100000000)
[2020-12-21T03:33:30.325-0500][gc,heap        ] GC(16417)   region size 1024K, 9 young (9216K), 0 survivors (0K)
[2020-12-21T03:33:30.325-0500][gc,heap        ] GC(16417)  Metaspace       used 49946K, capacity 52104K, committed 53632K, reserved 1093632K
[2020-12-21T03:33:30.325-0500][gc,heap        ] GC(16417)   class space    used 7422K, capacity 8193K, committed 8832K, reserved 1048576K
[2020-12-21T03:33:30.325-0500][gc,start       ] GC(16417) Pause Young (Normal) (G1 Evacuation Pause)
[2020-12-21T03:33:30.325-0500][gc,task        ] GC(16417) Using 8 workers of 8 for evacuation
[2020-12-21T03:33:30.329-0500][gc,phases      ] GC(16417)   Pre Evacuate Collection Set: 0.0ms
[2020-12-21T03:33:30.329-0500][gc,phases      ] GC(16417)   Evacuate Collection Set: 1.3ms
[2020-12-21T03:33:30.329-0500][gc,phases      ] GC(16417)   Post Evacuate Collection Set: 2.7ms
[2020-12-21T03:33:30.329-0500][gc,phases      ] GC(16417)   Other: 0.5ms
[2020-12-21T03:33:30.329-0500][gc,heap        ] GC(16417) Eden regions: 9->0(8)
[2020-12-21T03:33:30.329-0500][gc,heap        ] GC(16417) Survivor regions: 0->1(2)
[2020-12-21T03:33:30.329-0500][gc,heap        ] GC(16417) Old regions: 42->42
[2020-12-21T03:33:30.329-0500][gc,heap        ] GC(16417) Humongous regions: 4->4
[2020-12-21T03:33:30.329-0500][gc,metaspace   ] GC(16417) Metaspace: 49946K->49946K(1093632K)
[2020-12-21T03:33:30.329-0500][gc,heap        ] GC(16417) Heap after GC invocations=16418 (full 3300): garbage-first heap   total 64512K, used 43264K [0x0000000083000000, 0x0000000100000000)
[2020-12-21T03:33:30.329-0500][gc,heap        ] GC(16417)   region size 1024K, 1 young (1024K), 1 survivors (1024K)
[2020-12-21T03:33:30.329-0500][gc,heap        ] GC(16417)  Metaspace       used 49946K, capacity 52104K, committed 53632K, reserved 1093632K
[2020-12-21T03:33:30.329-0500][gc,heap        ] GC(16417)   class space    used 7422K, capacity 8193K, committed 8832K, reserved 1048576K
[2020-12-21T03:33:30.329-0500][gc             ] GC(16417) Pause Young (Normal) (G1 Evacuation Pause) 51M->42M(63M) 4.649ms
[2020-12-21T03:33:30.330-0500][gc,cpu         ] GC(16417) User=0.01s Sys=0.00s Real=0.01s
[2020-12-21T03:35:01.770-0500][gc,heap        ] GC(16418) Heap before GC invocations=16418 (full 3300): garbage-first heap   total 64512K, used 50432K [0x0000000083000000, 0x0000000100000000)
[2020-12-21T03:35:01.770-0500][gc,heap        ] GC(16418)   region size 1024K, 9 young (9216K), 1 survivors (1024K)
[2020-12-21T03:35:01.770-0500][gc,heap        ] GC(16418)  Metaspace       used 49946K, capacity 52104K, committed 53632K, reserved 1093632K
[2020-12-21T03:35:01.770-0500][gc,heap        ] GC(16418)   class space    used 7422K, capacity 8193K, committed 8832K, reserved 1048576K
[2020-12-21T03:35:01.770-0500][gc,start       ] GC(16418) Pause Young (Normal) (G1 Evacuation Pause)
[2020-12-21T03:35:01.770-0500][gc,task        ] GC(16418) Using 8 workers of 8 for evacuation
[2020-12-21T03:35:01.775-0500][gc,phases      ] GC(16418)   Pre Evacuate Collection Set: 0.0ms
[2020-12-21T03:35:01.775-0500][gc,phases      ] GC(16418)   Evacuate Collection Set: 1.4ms
[2020-12-21T03:35:01.775-0500][gc,phases      ] GC(16418)   Post Evacuate Collection Set: 2.9ms
[2020-12-21T03:35:01.775-0500][gc,phases      ] GC(16418)   Other: 0.5ms
[2020-12-21T03:35:01.775-0500][gc,heap        ] GC(16418) Eden regions: 8->0(8)
[2020-12-21T03:35:01.775-0500][gc,heap        ] GC(16418) Survivor regions: 1->1(2)
[2020-12-21T03:35:01.775-0500][gc,heap        ] GC(16418) Old regions: 42->42
[2020-12-21T03:35:01.775-0500][gc,heap        ] GC(16418) Humongous regions: 4->4
[2020-12-21T03:35:01.775-0500][gc,metaspace   ] GC(16418) Metaspace: 49946K->49946K(1093632K)
[2020-12-21T03:35:01.775-0500][gc,heap        ] GC(16418) Heap after GC invocations=16419 (full 3300): garbage-first heap   total 64512K, used 43265K [0x0000000083000000, 0x0000000100000000)
[2020-12-21T03:35:01.775-0500][gc,heap        ] GC(16418)   region size 1024K, 1 young (1024K), 1 survivors (1024K)
[2020-12-21T03:35:01.775-0500][gc,heap        ] GC(16418)  Metaspace       used 49946K, capacity 52104K, committed 53632K, reserved 1093632K
[2020-12-21T03:35:01.775-0500][gc,heap        ] GC(16418)   class space    used 7422K, capacity 8193K, committed 8832K, reserved 1048576K
[2020-12-21T03:35:01.775-0500][gc             ] GC(16418) Pause Young (Normal) (G1 Evacuation Pause) 50M->42M(63M) 5.015ms
[2020-12-21T03:35:01.776-0500][gc,cpu         ] GC(16418) User=0.01s Sys=0.01s Real=0.00s
[2020-12-21T03:36:27.929-0500][gc,heap        ] GC(16419) Heap before GC invocations=16419 (full 3300): garbage-first heap   total 64512K, used 50433K [0x0000000083000000, 0x0000000100000000)
[2020-12-21T03:36:27.929-0500][gc,heap        ] GC(16419)   region size 1024K, 9 young (9216K), 1 survivors (1024K)
[2020-12-21T03:36:27.929-0500][gc,heap        ] GC(16419)  Metaspace       used 49946K, capacity 52104K, committed 53632K, reserved 1093632K
[2020-12-21T03:36:27.929-0500][gc,heap        ] GC(16419)   class space    used 7422K, capacity 8193K, committed 8832K, reserved 1048576K
[2020-12-21T03:36:27.930-0500][gc,start       ] GC(16419) Pause Young (Normal) (G1 Evacuation Pause)
[2020-12-21T03:36:27.930-0500][gc,task        ] GC(16419) Using 8 workers of 8 for evacuation
[2020-12-21T03:36:27.934-0500][gc,phases      ] GC(16419)   Pre Evacuate Collection Set: 0.0ms
[2020-12-21T03:36:27.934-0500][gc,phases      ] GC(16419)   Evacuate Collection Set: 1.8ms
[2020-12-21T03:36:27.934-0500][gc,phases      ] GC(16419)   Post Evacuate Collection Set: 2.4ms
[2020-12-21T03:36:27.934-0500][gc,phases      ] GC(16419)   Other: 0.5ms
[2020-12-21T03:36:27.934-0500][gc,heap        ] GC(16419) Eden regions: 8->0(8)
[2020-12-21T03:36:27.934-0500][gc,heap        ] GC(16419) Survivor regions: 1->1(2)
[2020-12-21T03:36:27.934-0500][gc,heap        ] GC(16419) Old regions: 42->42
[2020-12-21T03:36:27.934-0500][gc,heap        ] GC(16419) Humongous regions: 4->4
[2020-12-21T03:36:27.934-0500][gc,metaspace   ] GC(16419) Metaspace: 49946K->49946K(1093632K)
[2020-12-21T03:36:27.934-0500][gc,heap        ] GC(16419) Heap after GC invocations=16420 (full 3300): garbage-first heap   total 64512K, used 43260K [0x0000000083000000, 0x0000000100000000)
[2020-12-21T03:36:27.934-0500][gc,heap        ] GC(16419)   region size 1024K, 1 young (1024K), 1 survivors (1024K)
[2020-12-21T03:36:27.934-0500][gc,heap        ] GC(16419)  Metaspace       used 49946K, capacity 52104K, committed 53632K, reserved 1093632K
[2020-12-21T03:36:27.934-0500][gc,heap        ] GC(16419)   class space    used 7422K, capacity 8193K, committed 8832K, reserved 1048576K
[2020-12-21T03:36:27.934-0500][gc             ] GC(16419) Pause Young (Normal) (G1 Evacuation Pause) 50M->42M(63M) 4.800ms
[2020-12-21T03:36:27.934-0500][gc,cpu         ] GC(16419) User=0.01s Sys=0.00s Real=0.00s
[2020-12-21T03:36:45.192-0500][gc,task        ] GC(16420) Using 5 workers of 8 for full compaction
[2020-12-21T03:36:45.192-0500][gc,start       ] GC(16420) Pause Full (System.gc())
[2020-12-21T03:36:45.192-0500][gc,heap        ] GC(16420) Heap before GC invocations=16420 (full 3300): garbage-first heap   total 64512K, used 44284K [0x0000000083000000, 0x0000000100000000)
[2020-12-21T03:36:45.192-0500][gc,heap        ] GC(16420)   region size 1024K, 3 young (3072K), 1 survivors (1024K)
[2020-12-21T03:36:45.192-0500][gc,heap        ] GC(16420)  Metaspace       used 49946K, capacity 52104K, committed 53632K, reserved 1093632K
[2020-12-21T03:36:45.192-0500][gc,heap        ] GC(16420)   class space    used 7422K, capacity 8193K, committed 8832K, reserved 1048576K
[2020-12-21T03:36:45.193-0500][gc,phases,start] GC(16420) Phase 1: Mark live objects
[2020-12-21T03:36:45.231-0500][gc,stringtable ] GC(16420) Cleaned string and symbol table, strings: 33106 processed, 4 removed, symbols: 120816 processed, 0 removed
[2020-12-21T03:36:45.231-0500][gc,phases      ] GC(16420) Phase 1: Mark live objects 38.082ms
[2020-12-21T03:36:45.231-0500][gc,phases,start] GC(16420) Phase 2: Prepare for compaction
[2020-12-21T03:36:45.236-0500][gc,phases      ] GC(16420) Phase 2: Prepare for compaction 4.677ms
[2020-12-21T03:36:45.236-0500][gc,phases,start] GC(16420) Phase 3: Adjust pointers
[2020-12-21T03:36:45.249-0500][gc,phases      ] GC(16420) Phase 3: Adjust pointers 13.373ms
[2020-12-21T03:36:45.249-0500][gc,phases,start] GC(16420) Phase 4: Compact heap
[2020-12-21T03:36:45.252-0500][gc,phases      ] GC(16420) Phase 4: Compact heap 2.552ms
[2020-12-21T03:36:45.258-0500][gc,heap        ] GC(16420) Eden regions: 2->0(10)
[2020-12-21T03:36:45.258-0500][gc,heap        ] GC(16420) Survivor regions: 1->0(2)
[2020-12-21T03:36:45.258-0500][gc,heap        ] GC(16420) Old regions: 42->41
[2020-12-21T03:36:45.258-0500][gc,heap        ] GC(16420) Humongous regions: 4->4
[2020-12-21T03:36:45.258-0500][gc,metaspace   ] GC(16420) Metaspace: 49946K->49946K(1093632K)
[2020-12-21T03:36:45.258-0500][gc,heap        ] GC(16420) Heap after GC invocations=16421 (full 3301): garbage-first heap   total 64512K, used 43200K [0x0000000083000000, 0x0000000100000000)
[2020-12-21T03:36:45.258-0500][gc,heap        ] GC(16420)   region size 1024K, 0 young (0K), 0 survivors (0K)
[2020-12-21T03:36:45.258-0500][gc,heap        ] GC(16420)  Metaspace       used 49946K, capacity 52104K, committed 53632K, reserved 1093632K
[2020-12-21T03:36:45.258-0500][gc,heap        ] GC(16420)   class space    used 7422K, capacity 8193K, committed 8832K, reserved 1048576K
[2020-12-21T03:36:45.258-0500][gc             ] GC(16420) Pause Full (System.gc()) 43M->42M(63M) 65.550ms
[2020-12-21T03:36:45.258-0500][gc,cpu         ] GC(16420) User=0.28s Sys=0.00s Real=0.07s
[2020-12-21T03:38:38.174-0500][gc,heap        ] GC(16421) Heap before GC invocations=16421 (full 3301): garbage-first heap   total 64512K, used 53440K [0x0000000083000000, 0x0000000100000000)
[2020-12-21T03:38:38.174-0500][gc,heap        ] GC(16421)   region size 1024K, 10 young (10240K), 0 survivors (0K)
[2020-12-21T03:38:38.174-0500][gc,heap        ] GC(16421)  Metaspace       used 49946K, capacity 52104K, committed 53632K, reserved 1093632K
[2020-12-21T03:38:38.174-0500][gc,heap        ] GC(16421)   class space    used 7422K, capacity 8193K, committed 8832K, reserved 1048576K
[2020-12-21T03:38:38.174-0500][gc,start       ] GC(16421) Pause Young (Normal) (G1 Evacuation Pause)
[2020-12-21T03:38:38.174-0500][gc,task        ] GC(16421) Using 8 workers of 8 for evacuation
[2020-12-21T03:38:38.176-0500][gc,phases      ] GC(16421)   Pre Evacuate Collection Set: 0.0ms
[2020-12-21T03:38:38.176-0500][gc,phases      ] GC(16421)   Evacuate Collection Set: 0.6ms
[2020-12-21T03:38:38.176-0500][gc,phases      ] GC(16421)   Post Evacuate Collection Set: 0.9ms
[2020-12-21T03:38:38.176-0500][gc,phases      ] GC(16421)   Other: 0.2ms
[2020-12-21T03:38:38.176-0500][gc,heap        ] GC(16421) Eden regions: 10->0(9)
[2020-12-21T03:38:38.176-0500][gc,heap        ] GC(16421) Survivor regions: 0->1(2)
[2020-12-21T03:38:38.176-0500][gc,heap        ] GC(16421) Old regions: 41->41
[2020-12-21T03:38:38.176-0500][gc,heap        ] GC(16421) Humongous regions: 4->4
[2020-12-21T03:38:38.176-0500][gc,metaspace   ] GC(16421) Metaspace: 49946K->49946K(1093632K)
[2020-12-21T03:38:38.176-0500][gc,heap        ] GC(16421) Heap after GC invocations=16422 (full 3301): garbage-first heap   total 64512K, used 43312K [0x0000000083000000, 0x0000000100000000)
[2020-12-21T03:38:38.176-0500][gc,heap        ] GC(16421)   region size 1024K, 1 young (1024K), 1 survivors (1024K)
[2020-12-21T03:38:38.176-0500][gc,heap        ] GC(16421)  Metaspace       used 49946K, capacity 52104K, committed 53632K, reserved 1093632K
[2020-12-21T03:38:38.176-0500][gc,heap        ] GC(16421)   class space    used 7422K, capacity 8193K, committed 8832K, reserved 1048576K
[2020-12-21T03:38:38.176-0500][gc             ] GC(16421) Pause Young (Normal) (G1 Evacuation Pause) 52M->42M(63M) 1.864ms
[2020-12-21T03:38:38.176-0500][gc,cpu         ] GC(16421) User=0.01s Sys=0.00s Real=0.00s
[2020-12-21T03:40:20.376-0500][gc,heap        ] GC(16422) Heap before GC invocations=16422 (full 3301): garbage-first heap   total 64512K, used 51504K [0x0000000083000000, 0x0000000100000000)
[2020-12-21T03:40:20.376-0500][gc,heap        ] GC(16422)   region size 1024K, 10 young (10240K), 1 survivors (1024K)
[2020-12-21T03:40:20.376-0500][gc,heap        ] GC(16422)  Metaspace       used 49946K, capacity 52104K, committed 53632K, reserved 1093632K
[2020-12-21T03:40:20.376-0500][gc,heap        ] GC(16422)   class space    used 7422K, capacity 8193K, committed 8832K, reserved 1048576K
[2020-12-21T03:40:20.376-0500][gc,start       ] GC(16422) Pause Young (Normal) (G1 Evacuation Pause)
[2020-12-21T03:40:20.377-0500][gc,task        ] GC(16422) Using 8 workers of 8 for evacuation
[2020-12-21T03:40:20.380-0500][gc,phases      ] GC(16422)   Pre Evacuate Collection Set: 0.0ms
[2020-12-21T03:40:20.380-0500][gc,phases      ] GC(16422)   Evacuate Collection Set: 1.7ms
[2020-12-21T03:40:20.380-0500][gc,phases      ] GC(16422)   Post Evacuate Collection Set: 1.7ms
[2020-12-21T03:40:20.380-0500][gc,phases      ] GC(16422)   Other: 0.6ms
[2020-12-21T03:40:20.380-0500][gc,heap        ] GC(16422) Eden regions: 9->0(9)
[2020-12-21T03:40:20.380-0500][gc,heap        ] GC(16422) Survivor regions: 1->1(2)
[2020-12-21T03:40:20.380-0500][gc,heap        ] GC(16422) Old regions: 41->41
[2020-12-21T03:40:20.380-0500][gc,heap        ] GC(16422) Humongous regions: 4->4
[2020-12-21T03:40:20.380-0500][gc,metaspace   ] GC(16422) Metaspace: 49946K->49946K(1093632K)
[2020-12-21T03:40:20.380-0500][gc,heap        ] GC(16422) Heap after GC invocations=16423 (full 3301): garbage-first heap   total 64512K, used 43259K [0x0000000083000000, 0x0000000100000000)
[2020-12-21T03:40:20.380-0500][gc,heap        ] GC(16422)   region size 1024K, 1 young (1024K), 1 survivors (1024K)
[2020-12-21T03:40:20.380-0500][gc,heap        ] GC(16422)  Metaspace       used 49946K, capacity 52104K, committed 53632K, reserved 1093632K
[2020-12-21T03:40:20.380-0500][gc,heap        ] GC(16422)   class space    used 7422K, capacity 8193K, committed 8832K, reserved 1048576K
[2020-12-21T03:40:20.381-0500][gc             ] GC(16422) Pause Young (Normal) (G1 Evacuation Pause) 51M->42M(63M) 4.049ms
[2020-12-21T03:40:20.381-0500][gc,cpu         ] GC(16422) User=0.01s Sys=0.01s Real=0.01s
[2020-12-21T03:41:45.191-0500][gc,task        ] GC(16423) Using 5 workers of 8 for full compaction
[2020-12-21T03:41:45.191-0500][gc,start       ] GC(16423) Pause Full (System.gc())
[2020-12-21T03:41:45.192-0500][gc,heap        ] GC(16423) Heap before GC invocations=16423 (full 3301): garbage-first heap   total 64512K, used 49403K [0x0000000083000000, 0x0000000100000000)
[2020-12-21T03:41:45.192-0500][gc,heap        ] GC(16423)   region size 1024K, 9 young (9216K), 1 survivors (1024K)
[2020-12-21T03:41:45.192-0500][gc,heap        ] GC(16423)  Metaspace       used 49946K, capacity 52104K, committed 53632K, reserved 1093632K
[2020-12-21T03:41:45.192-0500][gc,heap        ] GC(16423)   class space    used 7422K, capacity 8193K, committed 8832K, reserved 1048576K
[2020-12-21T03:41:45.192-0500][gc,phases,start] GC(16423) Phase 1: Mark live objects
[2020-12-21T03:41:45.229-0500][gc,stringtable ] GC(16423) Cleaned string and symbol table, strings: 33106 processed, 4 removed, symbols: 120816 processed, 0 removed
[2020-12-21T03:41:45.229-0500][gc,phases      ] GC(16423) Phase 1: Mark live objects 37.282ms
[2020-12-21T03:41:45.229-0500][gc,phases,start] GC(16423) Phase 2: Prepare for compaction
[2020-12-21T03:41:45.232-0500][gc,phases      ] GC(16423) Phase 2: Prepare for compaction 3.116ms
[2020-12-21T03:41:45.233-0500][gc,phases,start] GC(16423) Phase 3: Adjust pointers
[2020-12-21T03:41:45.243-0500][gc,phases      ] GC(16423) Phase 3: Adjust pointers 10.023ms
[2020-12-21T03:41:45.243-0500][gc,phases,start] GC(16423) Phase 4: Compact heap
[2020-12-21T03:41:45.245-0500][gc,phases      ] GC(16423) Phase 4: Compact heap 2.592ms
[2020-12-21T03:41:45.251-0500][gc,heap        ] GC(16423) Eden regions: 8->0(9)
[2020-12-21T03:41:45.251-0500][gc,heap        ] GC(16423) Survivor regions: 1->0(2)
[2020-12-21T03:41:45.251-0500][gc,heap        ] GC(16423) Old regions: 41->42
[2020-12-21T03:41:45.251-0500][gc,heap        ] GC(16423) Humongous regions: 4->4
[2020-12-21T03:41:45.251-0500][gc,metaspace   ] GC(16423) Metaspace: 49946K->49946K(1093632K)
[2020-12-21T03:41:45.251-0500][gc,heap        ] GC(16423) Heap after GC invocations=16424 (full 3302): garbage-first heap   total 64512K, used 43222K [0x0000000083000000, 0x0000000100000000)
[2020-12-21T03:41:45.251-0500][gc,heap        ] GC(16423)   region size 1024K, 0 young (0K), 0 survivors (0K)
[2020-12-21T03:41:45.251-0500][gc,heap        ] GC(16423)  Metaspace       used 49946K, capacity 52104K, committed 53632K, reserved 1093632K
[2020-12-21T03:41:45.251-0500][gc,heap        ] GC(16423)   class space    used 7422K, capacity 8193K, committed 8832K, reserved 1048576K
[2020-12-21T03:41:45.251-0500][gc             ] GC(16423) Pause Full (System.gc()) 49M->42M(63M) 59.593ms
[2020-12-21T03:41:45.251-0500][gc,cpu         ] GC(16423) User=0.24s Sys=0.00s Real=0.06s
[2020-12-21T03:43:26.015-0500][gc,heap        ] GC(16424) Heap before GC invocations=16424 (full 3302): garbage-first heap   total 64512K, used 52438K [0x0000000083000000, 0x0000000100000000)
[2020-12-21T03:43:26.015-0500][gc,heap        ] GC(16424)   region size 1024K, 9 young (9216K), 0 survivors (0K)
[2020-12-21T03:43:26.016-0500][gc,heap        ] GC(16424)  Metaspace       used 49946K, capacity 52104K, committed 53632K, reserved 1093632K
[2020-12-21T03:43:26.016-0500][gc,heap        ] GC(16424)   class space    used 7422K, capacity 8193K, committed 8832K, reserved 1048576K
[2020-12-21T03:43:26.016-0500][gc,start       ] GC(16424) Pause Young (Normal) (G1 Evacuation Pause)
[2020-12-21T03:43:26.016-0500][gc,task        ] GC(16424) Using 8 workers of 8 for evacuation
[2020-12-21T03:43:26.023-0500][gc,phases      ] GC(16424)   Pre Evacuate Collection Set: 0.0ms
[2020-12-21T03:43:26.023-0500][gc,phases      ] GC(16424)   Evacuate Collection Set: 4.0ms
[2020-12-21T03:43:26.023-0500][gc,phases      ] GC(16424)   Post Evacuate Collection Set: 3.1ms
[2020-12-21T03:43:26.023-0500][gc,phases      ] GC(16424)   Other: 0.8ms
[2020-12-21T03:43:26.023-0500][gc,heap        ] GC(16424) Eden regions: 9->0(8)
[2020-12-21T03:43:26.023-0500][gc,heap        ] GC(16424) Survivor regions: 0->1(2)
[2020-12-21T03:43:26.023-0500][gc,heap        ] GC(16424) Old regions: 42->42
[2020-12-21T03:43:26.023-0500][gc,heap        ] GC(16424) Humongous regions: 4->4
[2020-12-21T03:43:26.023-0500][gc,metaspace   ] GC(16424) Metaspace: 49946K->49946K(1093632K)
[2020-12-21T03:43:26.023-0500][gc,heap        ] GC(16424) Heap after GC invocations=16425 (full 3302): garbage-first heap   total 64512K, used 43300K [0x0000000083000000, 0x0000000100000000)
[2020-12-21T03:43:26.023-0500][gc,heap        ] GC(16424)   region size 1024K, 1 young (1024K), 1 survivors (1024K)
[2020-12-21T03:43:26.023-0500][gc,heap        ] GC(16424)  Metaspace       used 49946K, capacity 52104K, committed 53632K, reserved 1093632K
[2020-12-21T03:43:26.023-0500][gc,heap        ] GC(16424)   class space    used 7422K, capacity 8193K, committed 8832K, reserved 1048576K
[2020-12-21T03:43:26.024-0500][gc             ] GC(16424) Pause Young (Normal) (G1 Evacuation Pause) 51M->42M(63M) 7.879ms
[2020-12-21T03:43:26.024-0500][gc,cpu         ] GC(16424) User=0.02s Sys=0.01s Real=0.01s
[2020-12-21T03:44:56.018-0500][gc,heap        ] GC(16425) Heap before GC invocations=16425 (full 3302): garbage-first heap   total 64512K, used 50468K [0x0000000083000000, 0x0000000100000000)
[2020-12-21T03:44:56.018-0500][gc,heap        ] GC(16425)   region size 1024K, 9 young (9216K), 1 survivors (1024K)
[2020-12-21T03:44:56.018-0500][gc,heap        ] GC(16425)  Metaspace       used 49946K, capacity 52104K, committed 53632K, reserved 1093632K
[2020-12-21T03:44:56.018-0500][gc,heap        ] GC(16425)   class space    used 7422K, capacity 8193K, committed 8832K, reserved 1048576K
[2020-12-21T03:44:56.018-0500][gc,start       ] GC(16425) Pause Young (Normal) (G1 Evacuation Pause)
[2020-12-21T03:44:56.019-0500][gc,task        ] GC(16425) Using 8 workers of 8 for evacuation
[2020-12-21T03:44:56.048-0500][gc,phases      ] GC(16425)   Pre Evacuate Collection Set: 0.0ms
[2020-12-21T03:44:56.048-0500][gc,phases      ] GC(16425)   Evacuate Collection Set: 11.9ms
[2020-12-21T03:44:56.048-0500][gc,phases      ] GC(16425)   Post Evacuate Collection Set: 17.5ms
[2020-12-21T03:44:56.048-0500][gc,phases      ] GC(16425)   Other: 0.6ms
[2020-12-21T03:44:56.048-0500][gc,heap        ] GC(16425) Eden regions: 8->0(8)
[2020-12-21T03:44:56.048-0500][gc,heap        ] GC(16425) Survivor regions: 1->1(2)
[2020-12-21T03:44:56.048-0500][gc,heap        ] GC(16425) Old regions: 42->42
[2020-12-21T03:44:56.048-0500][gc,heap        ] GC(16425) Humongous regions: 4->4
[2020-12-21T03:44:56.048-0500][gc,metaspace   ] GC(16425) Metaspace: 49946K->49946K(1093632K)
[2020-12-21T03:44:56.048-0500][gc,heap        ] GC(16425) Heap after GC invocations=16426 (full 3302): garbage-first heap   total 64512K, used 43291K [0x0000000083000000, 0x0000000100000000)
[2020-12-21T03:44:56.048-0500][gc,heap        ] GC(16425)   region size 1024K, 1 young (1024K), 1 survivors (1024K)
[2020-12-21T03:44:56.048-0500][gc,heap        ] GC(16425)  Metaspace       used 49946K, capacity 52104K, committed 53632K, reserved 1093632K
[2020-12-21T03:44:56.048-0500][gc,heap        ] GC(16425)   class space    used 7422K, capacity 8193K, committed 8832K, reserved 1048576K
[2020-12-21T03:44:56.048-0500][gc             ] GC(16425) Pause Young (Normal) (G1 Evacuation Pause) 50M->42M(63M) 29.941ms
[2020-12-21T03:44:56.048-0500][gc,cpu         ] GC(16425) User=0.19s Sys=0.00s Real=0.03s
[2020-12-21T03:46:26.018-0500][gc,heap        ] GC(16426) Heap before GC invocations=16426 (full 3302): garbage-first heap   total 64512K, used 50459K [0x0000000083000000, 0x0000000100000000)
[2020-12-21T03:46:26.018-0500][gc,heap        ] GC(16426)   region size 1024K, 9 young (9216K), 1 survivors (1024K)
[2020-12-21T03:46:26.018-0500][gc,heap        ] GC(16426)  Metaspace       used 49946K, capacity 52104K, committed 53632K, reserved 1093632K
[2020-12-21T03:46:26.018-0500][gc,heap        ] GC(16426)   class space    used 7422K, capacity 8193K, committed 8832K, reserved 1048576K
[2020-12-21T03:46:26.018-0500][gc,start       ] GC(16426) Pause Young (Normal) (G1 Evacuation Pause)
[2020-12-21T03:46:26.018-0500][gc,task        ] GC(16426) Using 8 workers of 8 for evacuation
[2020-12-21T03:46:26.024-0500][gc,phases      ] GC(16426)   Pre Evacuate Collection Set: 0.0ms
[2020-12-21T03:46:26.024-0500][gc,phases      ] GC(16426)   Evacuate Collection Set: 3.8ms
[2020-12-21T03:46:26.024-0500][gc,phases      ] GC(16426)   Post Evacuate Collection Set: 2.4ms
[2020-12-21T03:46:26.024-0500][gc,phases      ] GC(16426)   Other: 0.5ms
[2020-12-21T03:46:26.024-0500][gc,heap        ] GC(16426) Eden regions: 8->0(8)
[2020-12-21T03:46:26.024-0500][gc,heap        ] GC(16426) Survivor regions: 1->1(2)
[2020-12-21T03:46:26.024-0500][gc,heap        ] GC(16426) Old regions: 42->42
[2020-12-21T03:46:26.025-0500][gc,heap        ] GC(16426) Humongous regions: 4->4
[2020-12-21T03:46:26.025-0500][gc,metaspace   ] GC(16426) Metaspace: 49946K->49946K(1093632K)
[2020-12-21T03:46:26.025-0500][gc,heap        ] GC(16426) Heap after GC invocations=16427 (full 3302): garbage-first heap   total 64512K, used 43276K [0x0000000083000000, 0x0000000100000000)
[2020-12-21T03:46:26.025-0500][gc,heap        ] GC(16426)   region size 1024K, 1 young (1024K), 1 survivors (1024K)
[2020-12-21T03:46:26.025-0500][gc,heap        ] GC(16426)  Metaspace       used 49946K, capacity 52104K, committed 53632K, reserved 1093632K
[2020-12-21T03:46:26.025-0500][gc,heap        ] GC(16426)   class space    used 7422K, capacity 8193K, committed 8832K, reserved 1048576K
[2020-12-21T03:46:26.025-0500][gc             ] GC(16426) Pause Young (Normal) (G1 Evacuation Pause) 50M->42M(63M) 6.817ms
[2020-12-21T03:46:26.025-0500][gc,cpu         ] GC(16426) User=0.02s Sys=0.01s Real=0.00s
[2020-12-21T03:46:45.191-0500][gc,task        ] GC(16427) Using 5 workers of 8 for full compaction
[2020-12-21T03:46:45.191-0500][gc,start       ] GC(16427) Pause Full (System.gc())
[2020-12-21T03:46:45.191-0500][gc,heap        ] GC(16427) Heap before GC invocations=16427 (full 3302): garbage-first heap   total 64512K, used 43276K [0x0000000083000000, 0x0000000100000000)
[2020-12-21T03:46:45.191-0500][gc,heap        ] GC(16427)   region size 1024K, 3 young (3072K), 1 survivors (1024K)
[2020-12-21T03:46:45.191-0500][gc,heap        ] GC(16427)  Metaspace       used 49946K, capacity 52104K, committed 53632K, reserved 1093632K
[2020-12-21T03:46:45.191-0500][gc,heap        ] GC(16427)   class space    used 7422K, capacity 8193K, committed 8832K, reserved 1048576K
[2020-12-21T03:46:45.192-0500][gc,phases,start] GC(16427) Phase 1: Mark live objects
[2020-12-21T03:46:45.229-0500][gc,stringtable ] GC(16427) Cleaned string and symbol table, strings: 33106 processed, 4 removed, symbols: 120816 processed, 0 removed
[2020-12-21T03:46:45.229-0500][gc,phases      ] GC(16427) Phase 1: Mark live objects 37.367ms
[2020-12-21T03:46:45.229-0500][gc,phases,start] GC(16427) Phase 2: Prepare for compaction
[2020-12-21T03:46:45.233-0500][gc,phases      ] GC(16427) Phase 2: Prepare for compaction 3.560ms
[2020-12-21T03:46:45.233-0500][gc,phases,start] GC(16427) Phase 3: Adjust pointers
[2020-12-21T03:46:45.244-0500][gc,phases      ] GC(16427) Phase 3: Adjust pointers 11.310ms
[2020-12-21T03:46:45.244-0500][gc,phases,start] GC(16427) Phase 4: Compact heap
[2020-12-21T03:46:45.248-0500][gc,phases      ] GC(16427) Phase 4: Compact heap 3.548ms
[2020-12-21T03:46:45.254-0500][gc,heap        ] GC(16427) Eden regions: 2->0(10)
[2020-12-21T03:46:45.254-0500][gc,heap        ] GC(16427) Survivor regions: 1->0(2)
[2020-12-21T03:46:45.254-0500][gc,heap        ] GC(16427) Old regions: 42->41
[2020-12-21T03:46:45.254-0500][gc,heap        ] GC(16427) Humongous regions: 4->4
[2020-12-21T03:46:45.254-0500][gc,metaspace   ] GC(16427) Metaspace: 49946K->49946K(1093632K)
[2020-12-21T03:46:45.254-0500][gc,heap        ] GC(16427) Heap after GC invocations=16428 (full 3303): garbage-first heap   total 64512K, used 43199K [0x0000000083000000, 0x0000000100000000)
[2020-12-21T03:46:45.254-0500][gc,heap        ] GC(16427)   region size 1024K, 0 young (0K), 0 survivors (0K)
[2020-12-21T03:46:45.254-0500][gc,heap        ] GC(16427)  Metaspace       used 49946K, capacity 52104K, committed 53632K, reserved 1093632K
[2020-12-21T03:46:45.254-0500][gc,heap        ] GC(16427)   class space    used 7422K, capacity 8193K, committed 8832K, reserved 1048576K
[2020-12-21T03:46:45.254-0500][gc             ] GC(16427) Pause Full (System.gc()) 43M->42M(63M) 62.953ms
[2020-12-21T03:46:45.254-0500][gc,cpu         ] GC(16427) User=0.27s Sys=0.00s Real=0.06s
[2020-12-21T03:48:40.206-0500][gc,heap        ] GC(16428) Heap before GC invocations=16428 (full 3303): garbage-first heap   total 64512K, used 53439K [0x0000000083000000, 0x0000000100000000)
[2020-12-21T03:48:40.206-0500][gc,heap        ] GC(16428)   region size 1024K, 10 young (10240K), 0 survivors (0K)
[2020-12-21T03:48:40.206-0500][gc,heap        ] GC(16428)  Metaspace       used 49946K, capacity 52104K, committed 53632K, reserved 1093632K
[2020-12-21T03:48:40.206-0500][gc,heap        ] GC(16428)   class space    used 7422K, capacity 8193K, committed 8832K, reserved 1048576K
[2020-12-21T03:48:40.206-0500][gc,start       ] GC(16428) Pause Young (Normal) (G1 Evacuation Pause)
[2020-12-21T03:48:40.206-0500][gc,task        ] GC(16428) Using 8 workers of 8 for evacuation
[2020-12-21T03:48:40.211-0500][gc,phases      ] GC(16428)   Pre Evacuate Collection Set: 0.0ms
[2020-12-21T03:48:40.211-0500][gc,phases      ] GC(16428)   Evacuate Collection Set: 1.8ms
[2020-12-21T03:48:40.211-0500][gc,phases      ] GC(16428)   Post Evacuate Collection Set: 2.9ms
[2020-12-21T03:48:40.211-0500][gc,phases      ] GC(16428)   Other: 0.5ms
[2020-12-21T03:48:40.211-0500][gc,heap        ] GC(16428) Eden regions: 10->0(9)
[2020-12-21T03:48:40.211-0500][gc,heap        ] GC(16428) Survivor regions: 0->1(2)
[2020-12-21T03:48:40.211-0500][gc,heap        ] GC(16428) Old regions: 41->41
[2020-12-21T03:48:40.211-0500][gc,heap        ] GC(16428) Humongous regions: 4->4
[2020-12-21T03:48:40.211-0500][gc,metaspace   ] GC(16428) Metaspace: 49946K->49946K(1093632K)
[2020-12-21T03:48:40.211-0500][gc,heap        ] GC(16428) Heap after GC invocations=16429 (full 3303): garbage-first heap   total 64512K, used 43369K [0x0000000083000000, 0x0000000100000000)
[2020-12-21T03:48:40.211-0500][gc,heap        ] GC(16428)   region size 1024K, 1 young (1024K), 1 survivors (1024K)
[2020-12-21T03:48:40.211-0500][gc,heap        ] GC(16428)  Metaspace       used 49946K, capacity 52104K, committed 53632K, reserved 1093632K
[2020-12-21T03:48:40.211-0500][gc,heap        ] GC(16428)   class space    used 7422K, capacity 8193K, committed 8832K, reserved 1048576K
[2020-12-21T03:48:40.211-0500][gc             ] GC(16428) Pause Young (Normal) (G1 Evacuation Pause) 52M->42M(63M) 5.395ms
[2020-12-21T03:48:40.212-0500][gc,cpu         ] GC(16428) User=0.01s Sys=0.01s Real=0.01s
[2020-12-21T03:50:26.012-0500][gc,heap        ] GC(16429) Heap before GC invocations=16429 (full 3303): garbage-first heap   total 64512K, used 51561K [0x0000000083000000, 0x0000000100000000)
[2020-12-21T03:50:26.012-0500][gc,heap        ] GC(16429)   region size 1024K, 10 young (10240K), 1 survivors (1024K)
[2020-12-21T03:50:26.012-0500][gc,heap        ] GC(16429)  Metaspace       used 49946K, capacity 52104K, committed 53632K, reserved 1093632K
[2020-12-21T03:50:26.012-0500][gc,heap        ] GC(16429)   class space    used 7422K, capacity 8193K, committed 8832K, reserved 1048576K
[2020-12-21T03:50:26.013-0500][gc,start       ] GC(16429) Pause Young (Normal) (G1 Evacuation Pause)
[2020-12-21T03:50:26.013-0500][gc,task        ] GC(16429) Using 8 workers of 8 for evacuation
[2020-12-21T03:50:26.016-0500][gc,phases      ] GC(16429)   Pre Evacuate Collection Set: 0.0ms
[2020-12-21T03:50:26.017-0500][gc,phases      ] GC(16429)   Evacuate Collection Set: 1.7ms
[2020-12-21T03:50:26.017-0500][gc,phases      ] GC(16429)   Post Evacuate Collection Set: 2.0ms
[2020-12-21T03:50:26.017-0500][gc,phases      ] GC(16429)   Other: 0.4ms
[2020-12-21T03:50:26.017-0500][gc,heap        ] GC(16429) Eden regions: 9->0(9)
[2020-12-21T03:50:26.017-0500][gc,heap        ] GC(16429) Survivor regions: 1->1(2)
[2020-12-21T03:50:26.017-0500][gc,heap        ] GC(16429) Old regions: 41->41
[2020-12-21T03:50:26.017-0500][gc,heap        ] GC(16429) Humongous regions: 4->4
[2020-12-21T03:50:26.017-0500][gc,metaspace   ] GC(16429) Metaspace: 49946K->49946K(1093632K)
[2020-12-21T03:50:26.017-0500][gc,heap        ] GC(16429) Heap after GC invocations=16430 (full 3303): garbage-first heap   total 64512K, used 43273K [0x0000000083000000, 0x0000000100000000)
[2020-12-21T03:50:26.017-0500][gc,heap        ] GC(16429)   region size 1024K, 1 young (1024K), 1 survivors (1024K)
[2020-12-21T03:50:26.017-0500][gc,heap        ] GC(16429)  Metaspace       used 49946K, capacity 52104K, committed 53632K, reserved 1093632K
[2020-12-21T03:50:26.017-0500][gc,heap        ] GC(16429)   class space    used 7422K, capacity 8193K, committed 8832K, reserved 1048576K
[2020-12-21T03:50:26.017-0500][gc             ] GC(16429) Pause Young (Normal) (G1 Evacuation Pause) 51M->42M(63M) 4.561ms
[2020-12-21T03:50:26.017-0500][gc,cpu         ] GC(16429) User=0.00s Sys=0.00s Real=0.00s
[2020-12-21T03:51:45.193-0500][gc,task        ] GC(16430) Using 5 workers of 8 for full compaction
[2020-12-21T03:51:45.193-0500][gc,start       ] GC(16430) Pause Full (System.gc())
[2020-12-21T03:51:45.193-0500][gc,heap        ] GC(16430) Heap before GC invocations=16430 (full 3303): garbage-first heap   total 64512K, used 49417K [0x0000000083000000, 0x0000000100000000)
[2020-12-21T03:51:45.193-0500][gc,heap        ] GC(16430)   region size 1024K, 8 young (8192K), 1 survivors (1024K)
[2020-12-21T03:51:45.193-0500][gc,heap        ] GC(16430)  Metaspace       used 49946K, capacity 52104K, committed 53632K, reserved 1093632K
[2020-12-21T03:51:45.193-0500][gc,heap        ] GC(16430)   class space    used 7422K, capacity 8193K, committed 8832K, reserved 1048576K
[2020-12-21T03:51:45.194-0500][gc,phases,start] GC(16430) Phase 1: Mark live objects
[2020-12-21T03:51:45.231-0500][gc,stringtable ] GC(16430) Cleaned string and symbol table, strings: 33106 processed, 4 removed, symbols: 120816 processed, 0 removed
[2020-12-21T03:51:45.231-0500][gc,phases      ] GC(16430) Phase 1: Mark live objects 36.899ms
[2020-12-21T03:51:45.231-0500][gc,phases,start] GC(16430) Phase 2: Prepare for compaction
[2020-12-21T03:51:45.234-0500][gc,phases      ] GC(16430) Phase 2: Prepare for compaction 3.862ms
[2020-12-21T03:51:45.235-0500][gc,phases,start] GC(16430) Phase 3: Adjust pointers
[2020-12-21T03:51:45.244-0500][gc,phases      ] GC(16430) Phase 3: Adjust pointers 9.678ms
[2020-12-21T03:51:45.244-0500][gc,phases,start] GC(16430) Phase 4: Compact heap
[2020-12-21T03:51:45.247-0500][gc,phases      ] GC(16430) Phase 4: Compact heap 2.789ms
[2020-12-21T03:51:45.253-0500][gc,heap        ] GC(16430) Eden regions: 7->0(9)
[2020-12-21T03:51:45.253-0500][gc,heap        ] GC(16430) Survivor regions: 1->0(2)
[2020-12-21T03:51:45.253-0500][gc,heap        ] GC(16430) Old regions: 41->42
[2020-12-21T03:51:45.253-0500][gc,heap        ] GC(16430) Humongous regions: 4->4
[2020-12-21T03:51:45.253-0500][gc,metaspace   ] GC(16430) Metaspace: 49946K->49946K(1093632K)
[2020-12-21T03:51:45.253-0500][gc,heap        ] GC(16430) Heap after GC invocations=16431 (full 3304): garbage-first heap   total 64512K, used 43216K [0x0000000083000000, 0x0000000100000000)
[2020-12-21T03:51:45.253-0500][gc,heap        ] GC(16430)   region size 1024K, 0 young (0K), 0 survivors (0K)
[2020-12-21T03:51:45.253-0500][gc,heap        ] GC(16430)  Metaspace       used 49946K, capacity 52104K, committed 53632K, reserved 1093632K
[2020-12-21T03:51:45.253-0500][gc,heap        ] GC(16430)   class space    used 7422K, capacity 8193K, committed 8832K, reserved 1048576K
[2020-12-21T03:51:45.253-0500][gc             ] GC(16430) Pause Full (System.gc()) 49M->42M(63M) 60.140ms
[2020-12-21T03:51:45.253-0500][gc,cpu         ] GC(16430) User=0.26s Sys=0.00s Real=0.06s
[2020-12-21T03:53:26.017-0500][gc,heap        ] GC(16431) Heap before GC invocations=16431 (full 3304): garbage-first heap   total 64512K, used 52432K [0x0000000083000000, 0x0000000100000000)
[2020-12-21T03:53:26.017-0500][gc,heap        ] GC(16431)   region size 1024K, 9 young (9216K), 0 survivors (0K)
[2020-12-21T03:53:26.018-0500][gc,heap        ] GC(16431)  Metaspace       used 49946K, capacity 52104K, committed 53632K, reserved 1093632K
[2020-12-21T03:53:26.018-0500][gc,heap        ] GC(16431)   class space    used 7422K, capacity 8193K, committed 8832K, reserved 1048576K
[2020-12-21T03:53:26.018-0500][gc,start       ] GC(16431) Pause Young (Normal) (G1 Evacuation Pause)
[2020-12-21T03:53:26.018-0500][gc,task        ] GC(16431) Using 8 workers of 8 for evacuation
[2020-12-21T03:53:26.021-0500][gc,phases      ] GC(16431)   Pre Evacuate Collection Set: 0.0ms
[2020-12-21T03:53:26.022-0500][gc,phases      ] GC(16431)   Evacuate Collection Set: 1.8ms
[2020-12-21T03:53:26.022-0500][gc,phases      ] GC(16431)   Post Evacuate Collection Set: 1.9ms
[2020-12-21T03:53:26.022-0500][gc,phases      ] GC(16431)   Other: 0.4ms
[2020-12-21T03:53:26.022-0500][gc,heap        ] GC(16431) Eden regions: 9->0(8)
[2020-12-21T03:53:26.022-0500][gc,heap        ] GC(16431) Survivor regions: 0->1(2)
[2020-12-21T03:53:26.022-0500][gc,heap        ] GC(16431) Old regions: 42->42
[2020-12-21T03:53:26.022-0500][gc,heap        ] GC(16431) Humongous regions: 4->4
[2020-12-21T03:53:26.022-0500][gc,metaspace   ] GC(16431) Metaspace: 49946K->49946K(1093632K)
[2020-12-21T03:53:26.022-0500][gc,heap        ] GC(16431) Heap after GC invocations=16432 (full 3304): garbage-first heap   total 64512K, used 43294K [0x0000000083000000, 0x0000000100000000)
[2020-12-21T03:53:26.022-0500][gc,heap        ] GC(16431)   region size 1024K, 1 young (1024K), 1 survivors (1024K)
[2020-12-21T03:53:26.022-0500][gc,heap        ] GC(16431)  Metaspace       used 49946K, capacity 52104K, committed 53632K, reserved 1093632K
[2020-12-21T03:53:26.022-0500][gc,heap        ] GC(16431)   class space    used 7422K, capacity 8193K, committed 8832K, reserved 1048576K
[2020-12-21T03:53:26.022-0500][gc             ] GC(16431) Pause Young (Normal) (G1 Evacuation Pause) 51M->42M(63M) 4.353ms
[2020-12-21T03:53:26.022-0500][gc,cpu         ] GC(16431) User=0.01s Sys=0.00s Real=0.01s
[2020-12-21T03:54:56.020-0500][gc,heap        ] GC(16432) Heap before GC invocations=16432 (full 3304): garbage-first heap   total 64512K, used 51486K [0x0000000083000000, 0x0000000100000000)
[2020-12-21T03:54:56.020-0500][gc,heap        ] GC(16432)   region size 1024K, 9 young (9216K), 1 survivors (1024K)
[2020-12-21T03:54:56.020-0500][gc,heap        ] GC(16432)  Metaspace       used 49946K, capacity 52104K, committed 53632K, reserved 1093632K
[2020-12-21T03:54:56.020-0500][gc,heap        ] GC(16432)   class space    used 7422K, capacity 8193K, committed 8832K, reserved 1048576K
[2020-12-21T03:54:56.020-0500][gc,start       ] GC(16432) Pause Young (Normal) (G1 Evacuation Pause)
[2020-12-21T03:54:56.020-0500][gc,task        ] GC(16432) Using 8 workers of 8 for evacuation
[2020-12-21T03:54:56.025-0500][gc,phases      ] GC(16432)   Pre Evacuate Collection Set: 0.0ms
[2020-12-21T03:54:56.025-0500][gc,phases      ] GC(16432)   Evacuate Collection Set: 1.2ms
[2020-12-21T03:54:56.025-0500][gc,phases      ] GC(16432)   Post Evacuate Collection Set: 3.0ms
[2020-12-21T03:54:56.025-0500][gc,phases      ] GC(16432)   Other: 0.5ms
[2020-12-21T03:54:56.025-0500][gc,heap        ] GC(16432) Eden regions: 8->0(8)
[2020-12-21T03:54:56.025-0500][gc,heap        ] GC(16432) Survivor regions: 1->1(2)
[2020-12-21T03:54:56.025-0500][gc,heap        ] GC(16432) Old regions: 42->42
[2020-12-21T03:54:56.025-0500][gc,heap        ] GC(16432) Humongous regions: 4->4
[2020-12-21T03:54:56.025-0500][gc,metaspace   ] GC(16432) Metaspace: 49946K->49946K(1093632K)
[2020-12-21T03:54:56.025-0500][gc,heap        ] GC(16432) Heap after GC invocations=16433 (full 3304): garbage-first heap   total 64512K, used 43269K [0x0000000083000000, 0x0000000100000000)
[2020-12-21T03:54:56.025-0500][gc,heap        ] GC(16432)   region size 1024K, 1 young (1024K), 1 survivors (1024K)
[2020-12-21T03:54:56.025-0500][gc,heap        ] GC(16432)  Metaspace       used 49946K, capacity 52104K, committed 53632K, reserved 1093632K
[2020-12-21T03:54:56.025-0500][gc,heap        ] GC(16432)   class space    used 7422K, capacity 8193K, committed 8832K, reserved 1048576K
[2020-12-21T03:54:56.025-0500][gc             ] GC(16432) Pause Young (Normal) (G1 Evacuation Pause) 50M->42M(63M) 4.787ms
[2020-12-21T03:54:56.025-0500][gc,cpu         ] GC(16432) User=0.00s Sys=0.01s Real=0.00s
[2020-12-21T03:56:26.019-0500][gc,heap        ] GC(16433) Heap before GC invocations=16433 (full 3304): garbage-first heap   total 64512K, used 50437K [0x0000000083000000, 0x0000000100000000)
[2020-12-21T03:56:26.019-0500][gc,heap        ] GC(16433)   region size 1024K, 9 young (9216K), 1 survivors (1024K)
[2020-12-21T03:56:26.019-0500][gc,heap        ] GC(16433)  Metaspace       used 49946K, capacity 52104K, committed 53632K, reserved 1093632K
[2020-12-21T03:56:26.019-0500][gc,heap        ] GC(16433)   class space    used 7422K, capacity 8193K, committed 8832K, reserved 1048576K
[2020-12-21T03:56:26.019-0500][gc,start       ] GC(16433) Pause Young (Normal) (G1 Evacuation Pause)
[2020-12-21T03:56:26.019-0500][gc,task        ] GC(16433) Using 8 workers of 8 for evacuation
[2020-12-21T03:56:26.023-0500][gc,phases      ] GC(16433)   Pre Evacuate Collection Set: 0.0ms
[2020-12-21T03:56:26.023-0500][gc,phases      ] GC(16433)   Evacuate Collection Set: 1.5ms
[2020-12-21T03:56:26.023-0500][gc,phases      ] GC(16433)   Post Evacuate Collection Set: 2.5ms
[2020-12-21T03:56:26.023-0500][gc,phases      ] GC(16433)   Other: 0.5ms
[2020-12-21T03:56:26.023-0500][gc,heap        ] GC(16433) Eden regions: 8->0(8)
[2020-12-21T03:56:26.023-0500][gc,heap        ] GC(16433) Survivor regions: 1->1(2)
[2020-12-21T03:56:26.023-0500][gc,heap        ] GC(16433) Old regions: 42->42
[2020-12-21T03:56:26.023-0500][gc,heap        ] GC(16433) Humongous regions: 4->4
[2020-12-21T03:56:26.023-0500][gc,metaspace   ] GC(16433) Metaspace: 49946K->49946K(1093632K)
[2020-12-21T03:56:26.024-0500][gc,heap        ] GC(16433) Heap after GC invocations=16434 (full 3304): garbage-first heap   total 64512K, used 43264K [0x0000000083000000, 0x0000000100000000)
[2020-12-21T03:56:26.024-0500][gc,heap        ] GC(16433)   region size 1024K, 1 young (1024K), 1 survivors (1024K)
[2020-12-21T03:56:26.024-0500][gc,heap        ] GC(16433)  Metaspace       used 49946K, capacity 52104K, committed 53632K, reserved 1093632K
[2020-12-21T03:56:26.024-0500][gc,heap        ] GC(16433)   class space    used 7422K, capacity 8193K, committed 8832K, reserved 1048576K
[2020-12-21T03:56:26.024-0500][gc             ] GC(16433) Pause Young (Normal) (G1 Evacuation Pause) 50M->42M(63M) 4.703ms
[2020-12-21T03:56:26.024-0500][gc,cpu         ] GC(16433) User=0.01s Sys=0.00s Real=0.00s
[2020-12-21T03:56:45.192-0500][gc,task        ] GC(16434) Using 5 workers of 8 for full compaction
[2020-12-21T03:56:45.192-0500][gc,start       ] GC(16434) Pause Full (System.gc())
[2020-12-21T03:56:45.192-0500][gc,heap        ] GC(16434) Heap before GC invocations=16434 (full 3304): garbage-first heap   total 64512K, used 43264K [0x0000000083000000, 0x0000000100000000)
[2020-12-21T03:56:45.192-0500][gc,heap        ] GC(16434)   region size 1024K, 3 young (3072K), 1 survivors (1024K)
[2020-12-21T03:56:45.192-0500][gc,heap        ] GC(16434)  Metaspace       used 49946K, capacity 52104K, committed 53632K, reserved 1093632K
[2020-12-21T03:56:45.192-0500][gc,heap        ] GC(16434)   class space    used 7422K, capacity 8193K, committed 8832K, reserved 1048576K
[2020-12-21T03:56:45.193-0500][gc,phases,start] GC(16434) Phase 1: Mark live objects
[2020-12-21T03:56:45.234-0500][gc,stringtable ] GC(16434) Cleaned string and symbol table, strings: 33106 processed, 4 removed, symbols: 120816 processed, 0 removed
[2020-12-21T03:56:45.234-0500][gc,phases      ] GC(16434) Phase 1: Mark live objects 41.245ms
[2020-12-21T03:56:45.234-0500][gc,phases,start] GC(16434) Phase 2: Prepare for compaction
[2020-12-21T03:56:45.237-0500][gc,phases      ] GC(16434) Phase 2: Prepare for compaction 3.623ms
[2020-12-21T03:56:45.238-0500][gc,phases,start] GC(16434) Phase 3: Adjust pointers
[2020-12-21T03:56:45.247-0500][gc,phases      ] GC(16434) Phase 3: Adjust pointers 9.924ms
[2020-12-21T03:56:45.248-0500][gc,phases,start] GC(16434) Phase 4: Compact heap
[2020-12-21T03:56:45.250-0500][gc,phases      ] GC(16434) Phase 4: Compact heap 2.856ms
[2020-12-21T03:56:45.256-0500][gc,heap        ] GC(16434) Eden regions: 2->0(9)
[2020-12-21T03:56:45.256-0500][gc,heap        ] GC(16434) Survivor regions: 1->0(2)
[2020-12-21T03:56:45.256-0500][gc,heap        ] GC(16434) Old regions: 42->42
[2020-12-21T03:56:45.256-0500][gc,heap        ] GC(16434) Humongous regions: 4->4
[2020-12-21T03:56:45.256-0500][gc,metaspace   ] GC(16434) Metaspace: 49946K->49946K(1093632K)
[2020-12-21T03:56:45.256-0500][gc,heap        ] GC(16434) Heap after GC invocations=16435 (full 3305): garbage-first heap   total 64512K, used 43200K [0x0000000083000000, 0x0000000100000000)
[2020-12-21T03:56:45.256-0500][gc,heap        ] GC(16434)   region size 1024K, 0 young (0K), 0 survivors (0K)
[2020-12-21T03:56:45.256-0500][gc,heap        ] GC(16434)  Metaspace       used 49946K, capacity 52104K, committed 53632K, reserved 1093632K
[2020-12-21T03:56:45.256-0500][gc,heap        ] GC(16434)   class space    used 7422K, capacity 8193K, committed 8832K, reserved 1048576K
[2020-12-21T03:56:45.256-0500][gc             ] GC(16434) Pause Full (System.gc()) 43M->42M(63M) 64.364ms
[2020-12-21T03:56:45.256-0500][gc,cpu         ] GC(16434) User=0.27s Sys=0.00s Real=0.06s
[2020-12-21T03:58:26.019-0500][gc,heap        ] GC(16435) Heap before GC invocations=16435 (full 3305): garbage-first heap   total 64512K, used 51392K [0x0000000083000000, 0x0000000100000000)
[2020-12-21T03:58:26.019-0500][gc,heap        ] GC(16435)   region size 1024K, 9 young (9216K), 0 survivors (0K)
[2020-12-21T03:58:26.019-0500][gc,heap        ] GC(16435)  Metaspace       used 49946K, capacity 52104K, committed 53632K, reserved 1093632K
[2020-12-21T03:58:26.019-0500][gc,heap        ] GC(16435)   class space    used 7422K, capacity 8193K, committed 8832K, reserved 1048576K
[2020-12-21T03:58:26.019-0500][gc,start       ] GC(16435) Pause Young (Normal) (G1 Evacuation Pause)
[2020-12-21T03:58:26.019-0500][gc,task        ] GC(16435) Using 8 workers of 8 for evacuation
[2020-12-21T03:58:26.024-0500][gc,phases      ] GC(16435)   Pre Evacuate Collection Set: 0.0ms
[2020-12-21T03:58:26.024-0500][gc,phases      ] GC(16435)   Evacuate Collection Set: 2.1ms
[2020-12-21T03:58:26.024-0500][gc,phases      ] GC(16435)   Post Evacuate Collection Set: 2.5ms
[2020-12-21T03:58:26.024-0500][gc,phases      ] GC(16435)   Other: 0.8ms
[2020-12-21T03:58:26.024-0500][gc,heap        ] GC(16435) Eden regions: 9->0(8)
[2020-12-21T03:58:26.024-0500][gc,heap        ] GC(16435) Survivor regions: 0->1(2)
[2020-12-21T03:58:26.024-0500][gc,heap        ] GC(16435) Old regions: 42->42
[2020-12-21T03:58:26.024-0500][gc,heap        ] GC(16435) Humongous regions: 4->4
[2020-12-21T03:58:26.024-0500][gc,metaspace   ] GC(16435) Metaspace: 49946K->49946K(1093632K)
[2020-12-21T03:58:26.024-0500][gc,heap        ] GC(16435) Heap after GC invocations=16436 (full 3305): garbage-first heap   total 64512K, used 43275K [0x0000000083000000, 0x0000000100000000)
[2020-12-21T03:58:26.024-0500][gc,heap        ] GC(16435)   region size 1024K, 1 young (1024K), 1 survivors (1024K)
[2020-12-21T03:58:26.024-0500][gc,heap        ] GC(16435)  Metaspace       used 49946K, capacity 52104K, committed 53632K, reserved 1093632K
[2020-12-21T03:58:26.024-0500][gc,heap        ] GC(16435)   class space    used 7422K, capacity 8193K, committed 8832K, reserved 1048576K
[2020-12-21T03:58:26.024-0500][gc             ] GC(16435) Pause Young (Normal) (G1 Evacuation Pause) 51M->42M(63M) 5.165ms
[2020-12-21T03:58:26.024-0500][gc,cpu         ] GC(16435) User=0.01s Sys=0.00s Real=0.00s
[2020-12-21T03:59:56.025-0500][gc,heap        ] GC(16436) Heap before GC invocations=16436 (full 3305): garbage-first heap   total 64512K, used 50443K [0x0000000083000000, 0x0000000100000000)
[2020-12-21T03:59:56.026-0500][gc,heap        ] GC(16436)   region size 1024K, 9 young (9216K), 1 survivors (1024K)
[2020-12-21T03:59:56.026-0500][gc,heap        ] GC(16436)  Metaspace       used 49946K, capacity 52104K, committed 53632K, reserved 1093632K
[2020-12-21T03:59:56.026-0500][gc,heap        ] GC(16436)   class space    used 7422K, capacity 8193K, committed 8832K, reserved 1048576K
[2020-12-21T03:59:56.026-0500][gc,start       ] GC(16436) Pause Young (Normal) (G1 Evacuation Pause)
[2020-12-21T03:59:56.026-0500][gc,task        ] GC(16436) Using 8 workers of 8 for evacuation
[2020-12-21T03:59:56.029-0500][gc,phases      ] GC(16436)   Pre Evacuate Collection Set: 0.0ms
[2020-12-21T03:59:56.029-0500][gc,phases      ] GC(16436)   Evacuate Collection Set: 1.7ms
[2020-12-21T03:59:56.029-0500][gc,phases      ] GC(16436)   Post Evacuate Collection Set: 1.5ms
[2020-12-21T03:59:56.030-0500][gc,phases      ] GC(16436)   Other: 0.7ms
[2020-12-21T03:59:56.030-0500][gc,heap        ] GC(16436) Eden regions: 8->0(8)
[2020-12-21T03:59:56.030-0500][gc,heap        ] GC(16436) Survivor regions: 1->1(2)
[2020-12-21T03:59:56.030-0500][gc,heap        ] GC(16436) Old regions: 42->42
[2020-12-21T03:59:56.030-0500][gc,heap        ] GC(16436) Humongous regions: 4->4
[2020-12-21T03:59:56.030-0500][gc,metaspace   ] GC(16436) Metaspace: 49946K->49946K(1093632K)
[2020-12-21T03:59:56.030-0500][gc,heap        ] GC(16436) Heap after GC invocations=16437 (full 3305): garbage-first heap   total 64512K, used 43242K [0x0000000083000000, 0x0000000100000000)
[2020-12-21T03:59:56.030-0500][gc,heap        ] GC(16436)   region size 1024K, 1 young (1024K), 1 survivors (1024K)
[2020-12-21T03:59:56.030-0500][gc,heap        ] GC(16436)  Metaspace       used 49946K, capacity 52104K, committed 53632K, reserved 1093632K
[2020-12-21T03:59:56.030-0500][gc,heap        ] GC(16436)   class space    used 7422K, capacity 8193K, committed 8832K, reserved 1048576K
[2020-12-21T03:59:56.030-0500][gc             ] GC(16436) Pause Young (Normal) (G1 Evacuation Pause) 50M->42M(63M) 3.781ms
[2020-12-21T03:59:56.030-0500][gc,cpu         ] GC(16436) User=0.01s Sys=0.01s Real=0.01s
[2020-12-21T04:01:27.651-0500][gc,heap        ] GC(16437) Heap before GC invocations=16437 (full 3305): garbage-first heap   total 64512K, used 50410K [0x0000000083000000, 0x0000000100000000)
[2020-12-21T04:01:27.651-0500][gc,heap        ] GC(16437)   region size 1024K, 9 young (9216K), 1 survivors (1024K)
[2020-12-21T04:01:27.651-0500][gc,heap        ] GC(16437)  Metaspace       used 49946K, capacity 52104K, committed 53632K, reserved 1093632K
[2020-12-21T04:01:27.651-0500][gc,heap        ] GC(16437)   class space    used 7422K, capacity 8193K, committed 8832K, reserved 1048576K
[2020-12-21T04:01:27.651-0500][gc,start       ] GC(16437) Pause Young (Normal) (G1 Evacuation Pause)
[2020-12-21T04:01:27.651-0500][gc,task        ] GC(16437) Using 8 workers of 8 for evacuation
[2020-12-21T04:01:27.655-0500][gc,phases      ] GC(16437)   Pre Evacuate Collection Set: 0.0ms
[2020-12-21T04:01:27.655-0500][gc,phases      ] GC(16437)   Evacuate Collection Set: 1.5ms
[2020-12-21T04:01:27.655-0500][gc,phases      ] GC(16437)   Post Evacuate Collection Set: 2.2ms
[2020-12-21T04:01:27.655-0500][gc,phases      ] GC(16437)   Other: 0.5ms
[2020-12-21T04:01:27.655-0500][gc,heap        ] GC(16437) Eden regions: 8->0(8)
[2020-12-21T04:01:27.655-0500][gc,heap        ] GC(16437) Survivor regions: 1->1(2)
[2020-12-21T04:01:27.655-0500][gc,heap        ] GC(16437) Old regions: 42->42
[2020-12-21T04:01:27.655-0500][gc,heap        ] GC(16437) Humongous regions: 4->4
[2020-12-21T04:01:27.655-0500][gc,metaspace   ] GC(16437) Metaspace: 49946K->49946K(1093632K)
[2020-12-21T04:01:27.655-0500][gc,heap        ] GC(16437) Heap after GC invocations=16438 (full 3305): garbage-first heap   total 64512K, used 43244K [0x0000000083000000, 0x0000000100000000)
[2020-12-21T04:01:27.655-0500][gc,heap        ] GC(16437)   region size 1024K, 1 young (1024K), 1 survivors (1024K)
[2020-12-21T04:01:27.655-0500][gc,heap        ] GC(16437)  Metaspace       used 49946K, capacity 52104K, committed 53632K, reserved 1093632K
[2020-12-21T04:01:27.655-0500][gc,heap        ] GC(16437)   class space    used 7422K, capacity 8193K, committed 8832K, reserved 1048576K
[2020-12-21T04:01:27.655-0500][gc             ] GC(16437) Pause Young (Normal) (G1 Evacuation Pause) 50M->42M(63M) 4.359ms
[2020-12-21T04:01:27.656-0500][gc,cpu         ] GC(16437) User=0.01s Sys=0.00s Real=0.00s
[2020-12-21T04:01:45.192-0500][gc,task        ] GC(16438) Using 5 workers of 8 for full compaction
[2020-12-21T04:01:45.192-0500][gc,start       ] GC(16438) Pause Full (System.gc())
[2020-12-21T04:01:45.192-0500][gc,heap        ] GC(16438) Heap before GC invocations=16438 (full 3305): garbage-first heap   total 64512K, used 44268K [0x0000000083000000, 0x0000000100000000)
[2020-12-21T04:01:45.192-0500][gc,heap        ] GC(16438)   region size 1024K, 3 young (3072K), 1 survivors (1024K)
[2020-12-21T04:01:45.192-0500][gc,heap        ] GC(16438)  Metaspace       used 49946K, capacity 52104K, committed 53632K, reserved 1093632K
[2020-12-21T04:01:45.192-0500][gc,heap        ] GC(16438)   class space    used 7422K, capacity 8193K, committed 8832K, reserved 1048576K
[2020-12-21T04:01:45.193-0500][gc,phases,start] GC(16438) Phase 1: Mark live objects
[2020-12-21T04:01:45.241-0500][gc,stringtable ] GC(16438) Cleaned string and symbol table, strings: 33106 processed, 4 removed, symbols: 120816 processed, 0 removed
[2020-12-21T04:01:45.241-0500][gc,phases      ] GC(16438) Phase 1: Mark live objects 48.693ms
[2020-12-21T04:01:45.241-0500][gc,phases,start] GC(16438) Phase 2: Prepare for compaction
[2020-12-21T04:01:45.245-0500][gc,phases      ] GC(16438) Phase 2: Prepare for compaction 3.513ms
[2020-12-21T04:01:45.245-0500][gc,phases,start] GC(16438) Phase 3: Adjust pointers
[2020-12-21T04:01:45.256-0500][gc,phases      ] GC(16438) Phase 3: Adjust pointers 11.440ms
[2020-12-21T04:01:45.256-0500][gc,phases,start] GC(16438) Phase 4: Compact heap
[2020-12-21T04:01:45.259-0500][gc,phases      ] GC(16438) Phase 4: Compact heap 2.781ms
[2020-12-21T04:01:45.265-0500][gc,heap        ] GC(16438) Eden regions: 2->0(10)
[2020-12-21T04:01:45.265-0500][gc,heap        ] GC(16438) Survivor regions: 1->0(2)
[2020-12-21T04:01:45.265-0500][gc,heap        ] GC(16438) Old regions: 42->41
[2020-12-21T04:01:45.265-0500][gc,heap        ] GC(16438) Humongous regions: 4->4
[2020-12-21T04:01:45.265-0500][gc,metaspace   ] GC(16438) Metaspace: 49946K->49946K(1093632K)
[2020-12-21T04:01:45.265-0500][gc,heap        ] GC(16438) Heap after GC invocations=16439 (full 3306): garbage-first heap   total 64512K, used 43199K [0x0000000083000000, 0x0000000100000000)
[2020-12-21T04:01:45.265-0500][gc,heap        ] GC(16438)   region size 1024K, 0 young (0K), 0 survivors (0K)
[2020-12-21T04:01:45.265-0500][gc,heap        ] GC(16438)  Metaspace       used 49946K, capacity 52104K, committed 53632K, reserved 1093632K
[2020-12-21T04:01:45.265-0500][gc,heap        ] GC(16438)   class space    used 7422K, capacity 8193K, committed 8832K, reserved 1048576K
[2020-12-21T04:01:45.265-0500][gc             ] GC(16438) Pause Full (System.gc()) 43M->42M(63M) 73.360ms
[2020-12-21T04:01:45.265-0500][gc,cpu         ] GC(16438) User=0.31s Sys=0.00s Real=0.07s
[2020-12-21T04:03:43.101-0500][gc,heap        ] GC(16439) Heap before GC invocations=16439 (full 3306): garbage-first heap   total 64512K, used 52415K [0x0000000083000000, 0x0000000100000000)
[2020-12-21T04:03:43.101-0500][gc,heap        ] GC(16439)   region size 1024K, 10 young (10240K), 0 survivors (0K)
[2020-12-21T04:03:43.101-0500][gc,heap        ] GC(16439)  Metaspace       used 49946K, capacity 52104K, committed 53632K, reserved 1093632K
[2020-12-21T04:03:43.101-0500][gc,heap        ] GC(16439)   class space    used 7422K, capacity 8193K, committed 8832K, reserved 1048576K
[2020-12-21T04:03:43.101-0500][gc,start       ] GC(16439) Pause Young (Normal) (G1 Evacuation Pause)
[2020-12-21T04:03:43.101-0500][gc,task        ] GC(16439) Using 8 workers of 8 for evacuation
[2020-12-21T04:03:43.103-0500][gc,phases      ] GC(16439)   Pre Evacuate Collection Set: 0.0ms
[2020-12-21T04:03:43.103-0500][gc,phases      ] GC(16439)   Evacuate Collection Set: 0.6ms
[2020-12-21T04:03:43.103-0500][gc,phases      ] GC(16439)   Post Evacuate Collection Set: 1.6ms
[2020-12-21T04:03:43.103-0500][gc,phases      ] GC(16439)   Other: 0.2ms
[2020-12-21T04:03:43.103-0500][gc,heap        ] GC(16439) Eden regions: 10->0(9)
[2020-12-21T04:03:43.103-0500][gc,heap        ] GC(16439) Survivor regions: 0->1(2)
[2020-12-21T04:03:43.103-0500][gc,heap        ] GC(16439) Old regions: 41->41
[2020-12-21T04:03:43.103-0500][gc,heap        ] GC(16439) Humongous regions: 4->4
[2020-12-21T04:03:43.103-0500][gc,metaspace   ] GC(16439) Metaspace: 49946K->49946K(1093632K)
[2020-12-21T04:03:43.103-0500][gc,heap        ] GC(16439) Heap after GC invocations=16440 (full 3306): garbage-first heap   total 64512K, used 43289K [0x0000000083000000, 0x0000000100000000)
[2020-12-21T04:03:43.103-0500][gc,heap        ] GC(16439)   region size 1024K, 1 young (1024K), 1 survivors (1024K)
[2020-12-21T04:03:43.103-0500][gc,heap        ] GC(16439)  Metaspace       used 49946K, capacity 52104K, committed 53632K, reserved 1093632K
[2020-12-21T04:03:43.103-0500][gc,heap        ] GC(16439)   class space    used 7422K, capacity 8193K, committed 8832K, reserved 1048576K
[2020-12-21T04:03:43.103-0500][gc             ] GC(16439) Pause Young (Normal) (G1 Evacuation Pause) 52M->42M(63M) 2.430ms
[2020-12-21T04:03:43.103-0500][gc,cpu         ] GC(16439) User=0.00s Sys=0.00s Real=0.00s
[2020-12-21T04:05:17.885-0500][gc,heap        ] GC(16440) Heap before GC invocations=16440 (full 3306): garbage-first heap   total 64512K, used 51481K [0x0000000083000000, 0x0000000100000000)
[2020-12-21T04:05:17.885-0500][gc,heap        ] GC(16440)   region size 1024K, 10 young (10240K), 1 survivors (1024K)
[2020-12-21T04:05:17.885-0500][gc,heap        ] GC(16440)  Metaspace       used 49946K, capacity 52104K, committed 53632K, reserved 1093632K
[2020-12-21T04:05:17.885-0500][gc,heap        ] GC(16440)   class space    used 7422K, capacity 8193K, committed 8832K, reserved 1048576K
[2020-12-21T04:05:17.885-0500][gc,start       ] GC(16440) Pause Young (Normal) (G1 Evacuation Pause)
[2020-12-21T04:05:17.885-0500][gc,task        ] GC(16440) Using 8 workers of 8 for evacuation
[2020-12-21T04:05:17.892-0500][gc,phases      ] GC(16440)   Pre Evacuate Collection Set: 0.0ms
[2020-12-21T04:05:17.892-0500][gc,phases      ] GC(16440)   Evacuate Collection Set: 1.9ms
[2020-12-21T04:05:17.892-0500][gc,phases      ] GC(16440)   Post Evacuate Collection Set: 4.4ms
[2020-12-21T04:05:17.892-0500][gc,phases      ] GC(16440)   Other: 0.4ms
[2020-12-21T04:05:17.892-0500][gc,heap        ] GC(16440) Eden regions: 9->0(9)
[2020-12-21T04:05:17.892-0500][gc,heap        ] GC(16440) Survivor regions: 1->1(2)
[2020-12-21T04:05:17.892-0500][gc,heap        ] GC(16440) Old regions: 41->41
[2020-12-21T04:05:17.892-0500][gc,heap        ] GC(16440) Humongous regions: 4->4
[2020-12-21T04:05:17.892-0500][gc,metaspace   ] GC(16440) Metaspace: 49946K->49946K(1093632K)
[2020-12-21T04:05:17.892-0500][gc,heap        ] GC(16440) Heap after GC invocations=16441 (full 3306): garbage-first heap   total 64512K, used 43248K [0x0000000083000000, 0x0000000100000000)
[2020-12-21T04:05:17.892-0500][gc,heap        ] GC(16440)   region size 1024K, 1 young (1024K), 1 survivors (1024K)
[2020-12-21T04:05:17.892-0500][gc,heap        ] GC(16440)  Metaspace       used 49946K, capacity 52104K, committed 53632K, reserved 1093632K
[2020-12-21T04:05:17.892-0500][gc,heap        ] GC(16440)   class space    used 7422K, capacity 8193K, committed 8832K, reserved 1048576K
[2020-12-21T04:05:17.892-0500][gc             ] GC(16440) Pause Young (Normal) (G1 Evacuation Pause) 51M->42M(63M) 6.896ms
[2020-12-21T04:05:17.892-0500][gc,cpu         ] GC(16440) User=0.01s Sys=0.00s Real=0.01s
[2020-12-21T04:06:45.192-0500][gc,task        ] GC(16441) Using 5 workers of 8 for full compaction
[2020-12-21T04:06:45.192-0500][gc,start       ] GC(16441) Pause Full (System.gc())
[2020-12-21T04:06:45.192-0500][gc,heap        ] GC(16441) Heap before GC invocations=16441 (full 3306): garbage-first heap   total 64512K, used 49392K [0x0000000083000000, 0x0000000100000000)
[2020-12-21T04:06:45.192-0500][gc,heap        ] GC(16441)   region size 1024K, 9 young (9216K), 1 survivors (1024K)
[2020-12-21T04:06:45.192-0500][gc,heap        ] GC(16441)  Metaspace       used 49946K, capacity 52104K, committed 53632K, reserved 1093632K
[2020-12-21T04:06:45.192-0500][gc,heap        ] GC(16441)   class space    used 7422K, capacity 8193K, committed 8832K, reserved 1048576K
[2020-12-21T04:06:45.192-0500][gc,phases,start] GC(16441) Phase 1: Mark live objects
[2020-12-21T04:06:45.224-0500][gc,stringtable ] GC(16441) Cleaned string and symbol table, strings: 33106 processed, 4 removed, symbols: 120816 processed, 0 removed
[2020-12-21T04:06:45.224-0500][gc,phases      ] GC(16441) Phase 1: Mark live objects 31.846ms
[2020-12-21T04:06:45.224-0500][gc,phases,start] GC(16441) Phase 2: Prepare for compaction
[2020-12-21T04:06:45.231-0500][gc,phases      ] GC(16441) Phase 2: Prepare for compaction 6.762ms
[2020-12-21T04:06:45.231-0500][gc,phases,start] GC(16441) Phase 3: Adjust pointers
[2020-12-21T04:06:45.242-0500][gc,phases      ] GC(16441) Phase 3: Adjust pointers 11.035ms
[2020-12-21T04:06:45.242-0500][gc,phases,start] GC(16441) Phase 4: Compact heap
[2020-12-21T04:06:45.244-0500][gc,phases      ] GC(16441) Phase 4: Compact heap 2.469ms
[2020-12-21T04:06:45.250-0500][gc,heap        ] GC(16441) Eden regions: 8->0(9)
[2020-12-21T04:06:45.250-0500][gc,heap        ] GC(16441) Survivor regions: 1->0(2)
[2020-12-21T04:06:45.250-0500][gc,heap        ] GC(16441) Old regions: 41->42
[2020-12-21T04:06:45.250-0500][gc,heap        ] GC(16441) Humongous regions: 4->4
[2020-12-21T04:06:45.250-0500][gc,metaspace   ] GC(16441) Metaspace: 49946K->49946K(1093632K)
[2020-12-21T04:06:45.250-0500][gc,heap        ] GC(16441) Heap after GC invocations=16442 (full 3307): garbage-first heap   total 64512K, used 43217K [0x0000000083000000, 0x0000000100000000)
[2020-12-21T04:06:45.250-0500][gc,heap        ] GC(16441)   region size 1024K, 0 young (0K), 0 survivors (0K)
[2020-12-21T04:06:45.250-0500][gc,heap        ] GC(16441)  Metaspace       used 49946K, capacity 52104K, committed 53632K, reserved 1093632K
[2020-12-21T04:06:45.250-0500][gc,heap        ] GC(16441)   class space    used 7422K, capacity 8193K, committed 8832K, reserved 1048576K
[2020-12-21T04:06:45.250-0500][gc             ] GC(16441) Pause Full (System.gc()) 49M->42M(63M) 58.544ms
[2020-12-21T04:06:45.250-0500][gc,cpu         ] GC(16441) User=0.24s Sys=0.00s Real=0.06s
[2020-12-21T04:08:28.093-0500][gc,heap        ] GC(16442) Heap before GC invocations=16442 (full 3307): garbage-first heap   total 64512K, used 52433K [0x0000000083000000, 0x0000000100000000)
[2020-12-21T04:08:28.093-0500][gc,heap        ] GC(16442)   region size 1024K, 9 young (9216K), 0 survivors (0K)
[2020-12-21T04:08:28.093-0500][gc,heap        ] GC(16442)  Metaspace       used 49946K, capacity 52104K, committed 53632K, reserved 1093632K
[2020-12-21T04:08:28.093-0500][gc,heap        ] GC(16442)   class space    used 7422K, capacity 8193K, committed 8832K, reserved 1048576K
[2020-12-21T04:08:28.093-0500][gc,start       ] GC(16442) Pause Young (Normal) (G1 Evacuation Pause)
[2020-12-21T04:08:28.093-0500][gc,task        ] GC(16442) Using 8 workers of 8 for evacuation
[2020-12-21T04:08:28.098-0500][gc,phases      ] GC(16442)   Pre Evacuate Collection Set: 0.0ms
[2020-12-21T04:08:28.098-0500][gc,phases      ] GC(16442)   Evacuate Collection Set: 2.5ms
[2020-12-21T04:08:28.098-0500][gc,phases      ] GC(16442)   Post Evacuate Collection Set: 2.2ms
[2020-12-21T04:08:28.098-0500][gc,phases      ] GC(16442)   Other: 0.7ms
[2020-12-21T04:08:28.098-0500][gc,heap        ] GC(16442) Eden regions: 9->0(8)
[2020-12-21T04:08:28.098-0500][gc,heap        ] GC(16442) Survivor regions: 0->1(2)
[2020-12-21T04:08:28.098-0500][gc,heap        ] GC(16442) Old regions: 42->42
[2020-12-21T04:08:28.098-0500][gc,heap        ] GC(16442) Humongous regions: 4->4
[2020-12-21T04:08:28.098-0500][gc,metaspace   ] GC(16442) Metaspace: 49946K->49946K(1093632K)
[2020-12-21T04:08:28.098-0500][gc,heap        ] GC(16442) Heap after GC invocations=16443 (full 3307): garbage-first heap   total 64512K, used 43265K [0x0000000083000000, 0x0000000100000000)
[2020-12-21T04:08:28.098-0500][gc,heap        ] GC(16442)   region size 1024K, 1 young (1024K), 1 survivors (1024K)
[2020-12-21T04:08:28.098-0500][gc,heap        ] GC(16442)  Metaspace       used 49946K, capacity 52104K, committed 53632K, reserved 1093632K
[2020-12-21T04:08:28.098-0500][gc,heap        ] GC(16442)   class space    used 7422K, capacity 8193K, committed 8832K, reserved 1048576K
[2020-12-21T04:08:28.099-0500][gc             ] GC(16442) Pause Young (Normal) (G1 Evacuation Pause) 51M->42M(63M) 5.570ms
[2020-12-21T04:08:28.099-0500][gc,cpu         ] GC(16442) User=0.01s Sys=0.01s Real=0.01s
[2020-12-21T04:10:01.458-0500][gc,heap        ] GC(16443) Heap before GC invocations=16443 (full 3307): garbage-first heap   total 64512K, used 50433K [0x0000000083000000, 0x0000000100000000)
[2020-12-21T04:10:01.458-0500][gc,heap        ] GC(16443)   region size 1024K, 9 young (9216K), 1 survivors (1024K)
[2020-12-21T04:10:01.458-0500][gc,heap        ] GC(16443)  Metaspace       used 49946K, capacity 52104K, committed 53632K, reserved 1093632K
[2020-12-21T04:10:01.459-0500][gc,heap        ] GC(16443)   class space    used 7422K, capacity 8193K, committed 8832K, reserved 1048576K
[2020-12-21T04:10:01.459-0500][gc,start       ] GC(16443) Pause Young (Normal) (G1 Evacuation Pause)
[2020-12-21T04:10:01.459-0500][gc,task        ] GC(16443) Using 8 workers of 8 for evacuation
[2020-12-21T04:10:01.464-0500][gc,phases      ] GC(16443)   Pre Evacuate Collection Set: 0.0ms
[2020-12-21T04:10:01.464-0500][gc,phases      ] GC(16443)   Evacuate Collection Set: 1.7ms
[2020-12-21T04:10:01.465-0500][gc,phases      ] GC(16443)   Post Evacuate Collection Set: 3.7ms
[2020-12-21T04:10:01.465-0500][gc,phases      ] GC(16443)   Other: 0.6ms
[2020-12-21T04:10:01.465-0500][gc,heap        ] GC(16443) Eden regions: 8->0(8)
[2020-12-21T04:10:01.465-0500][gc,heap        ] GC(16443) Survivor regions: 1->1(2)
[2020-12-21T04:10:01.465-0500][gc,heap        ] GC(16443) Old regions: 42->42
[2020-12-21T04:10:01.465-0500][gc,heap        ] GC(16443) Humongous regions: 4->4
[2020-12-21T04:10:01.465-0500][gc,metaspace   ] GC(16443) Metaspace: 49946K->49946K(1093632K)
[2020-12-21T04:10:01.465-0500][gc,heap        ] GC(16443) Heap after GC invocations=16444 (full 3307): garbage-first heap   total 64512K, used 43278K [0x0000000083000000, 0x0000000100000000)
[2020-12-21T04:10:01.465-0500][gc,heap        ] GC(16443)   region size 1024K, 1 young (1024K), 1 survivors (1024K)
[2020-12-21T04:10:01.465-0500][gc,heap        ] GC(16443)  Metaspace       used 49946K, capacity 52104K, committed 53632K, reserved 1093632K
[2020-12-21T04:10:01.465-0500][gc,heap        ] GC(16443)   class space    used 7422K, capacity 8193K, committed 8832K, reserved 1048576K
[2020-12-21T04:10:01.465-0500][gc             ] GC(16443) Pause Young (Normal) (G1 Evacuation Pause) 50M->42M(63M) 6.467ms
[2020-12-21T04:10:01.465-0500][gc,cpu         ] GC(16443) User=0.03s Sys=0.00s Real=0.00s
[2020-12-21T04:11:32.906-0500][gc,heap        ] GC(16444) Heap before GC invocations=16444 (full 3307): garbage-first heap   total 64512K, used 50446K [0x0000000083000000, 0x0000000100000000)
[2020-12-21T04:11:32.906-0500][gc,heap        ] GC(16444)   region size 1024K, 9 young (9216K), 1 survivors (1024K)
[2020-12-21T04:11:32.906-0500][gc,heap        ] GC(16444)  Metaspace       used 49946K, capacity 52104K, committed 53632K, reserved 1093632K
[2020-12-21T04:11:32.906-0500][gc,heap        ] GC(16444)   class space    used 7422K, capacity 8193K, committed 8832K, reserved 1048576K
[2020-12-21T04:11:32.906-0500][gc,start       ] GC(16444) Pause Young (Normal) (G1 Evacuation Pause)
[2020-12-21T04:11:32.906-0500][gc,task        ] GC(16444) Using 8 workers of 8 for evacuation
[2020-12-21T04:11:32.910-0500][gc,phases      ] GC(16444)   Pre Evacuate Collection Set: 0.0ms
[2020-12-21T04:11:32.910-0500][gc,phases      ] GC(16444)   Evacuate Collection Set: 1.4ms
[2020-12-21T04:11:32.910-0500][gc,phases      ] GC(16444)   Post Evacuate Collection Set: 2.6ms
[2020-12-21T04:11:32.910-0500][gc,phases      ] GC(16444)   Other: 0.5ms
[2020-12-21T04:11:32.910-0500][gc,heap        ] GC(16444) Eden regions: 8->0(8)
[2020-12-21T04:11:32.911-0500][gc,heap        ] GC(16444) Survivor regions: 1->1(2)
[2020-12-21T04:11:32.911-0500][gc,heap        ] GC(16444) Old regions: 42->42
[2020-12-21T04:11:32.911-0500][gc,heap        ] GC(16444) Humongous regions: 4->4
[2020-12-21T04:11:32.911-0500][gc,metaspace   ] GC(16444) Metaspace: 49946K->49946K(1093632K)
[2020-12-21T04:11:32.911-0500][gc,heap        ] GC(16444) Heap after GC invocations=16445 (full 3307): garbage-first heap   total 64512K, used 43280K [0x0000000083000000, 0x0000000100000000)
[2020-12-21T04:11:32.911-0500][gc,heap        ] GC(16444)   region size 1024K, 1 young (1024K), 1 survivors (1024K)
[2020-12-21T04:11:32.911-0500][gc,heap        ] GC(16444)  Metaspace       used 49946K, capacity 52104K, committed 53632K, reserved 1093632K
[2020-12-21T04:11:32.911-0500][gc,heap        ] GC(16444)   class space    used 7422K, capacity 8193K, committed 8832K, reserved 1048576K
[2020-12-21T04:11:32.911-0500][gc             ] GC(16444) Pause Young (Normal) (G1 Evacuation Pause) 50M->42M(63M) 4.604ms
[2020-12-21T04:11:32.911-0500][gc,cpu         ] GC(16444) User=0.01s Sys=0.00s Real=0.01s
[2020-12-21T04:11:45.191-0500][gc,task        ] GC(16445) Using 5 workers of 8 for full compaction
[2020-12-21T04:11:45.191-0500][gc,start       ] GC(16445) Pause Full (System.gc())
[2020-12-21T04:11:45.191-0500][gc,heap        ] GC(16445) Heap before GC invocations=16445 (full 3307): garbage-first heap   total 64512K, used 43280K [0x0000000083000000, 0x0000000100000000)
[2020-12-21T04:11:45.191-0500][gc,heap        ] GC(16445)   region size 1024K, 3 young (3072K), 1 survivors (1024K)
[2020-12-21T04:11:45.191-0500][gc,heap        ] GC(16445)  Metaspace       used 49946K, capacity 52104K, committed 53632K, reserved 1093632K
[2020-12-21T04:11:45.191-0500][gc,heap        ] GC(16445)   class space    used 7422K, capacity 8193K, committed 8832K, reserved 1048576K
[2020-12-21T04:11:45.191-0500][gc,phases,start] GC(16445) Phase 1: Mark live objects
[2020-12-21T04:11:45.225-0500][gc,stringtable ] GC(16445) Cleaned string and symbol table, strings: 33106 processed, 4 removed, symbols: 120816 processed, 0 removed
[2020-12-21T04:11:45.225-0500][gc,phases      ] GC(16445) Phase 1: Mark live objects 33.916ms
[2020-12-21T04:11:45.225-0500][gc,phases,start] GC(16445) Phase 2: Prepare for compaction
[2020-12-21T04:11:45.231-0500][gc,phases      ] GC(16445) Phase 2: Prepare for compaction 5.552ms
[2020-12-21T04:11:45.231-0500][gc,phases,start] GC(16445) Phase 3: Adjust pointers
[2020-12-21T04:11:45.241-0500][gc,phases      ] GC(16445) Phase 3: Adjust pointers 10.547ms
[2020-12-21T04:11:45.241-0500][gc,phases,start] GC(16445) Phase 4: Compact heap
[2020-12-21T04:11:45.244-0500][gc,phases      ] GC(16445) Phase 4: Compact heap 2.454ms
[2020-12-21T04:11:45.249-0500][gc,heap        ] GC(16445) Eden regions: 2->0(11)
[2020-12-21T04:11:45.250-0500][gc,heap        ] GC(16445) Survivor regions: 1->0(2)
[2020-12-21T04:11:45.250-0500][gc,heap        ] GC(16445) Old regions: 42->40
[2020-12-21T04:11:45.250-0500][gc,heap        ] GC(16445) Humongous regions: 4->4
[2020-12-21T04:11:45.250-0500][gc,metaspace   ] GC(16445) Metaspace: 49946K->49946K(1093632K)
[2020-12-21T04:11:45.250-0500][gc,heap        ] GC(16445) Heap after GC invocations=16446 (full 3308): garbage-first heap   total 64512K, used 43204K [0x0000000083000000, 0x0000000100000000)
[2020-12-21T04:11:45.250-0500][gc,heap        ] GC(16445)   region size 1024K, 0 young (0K), 0 survivors (0K)
[2020-12-21T04:11:45.250-0500][gc,heap        ] GC(16445)  Metaspace       used 49946K, capacity 52104K, committed 53632K, reserved 1093632K
[2020-12-21T04:11:45.250-0500][gc,heap        ] GC(16445)   class space    used 7422K, capacity 8193K, committed 8832K, reserved 1048576K
[2020-12-21T04:11:45.250-0500][gc             ] GC(16445) Pause Full (System.gc()) 43M->42M(63M) 58.932ms
[2020-12-21T04:11:45.250-0500][gc,cpu         ] GC(16445) User=0.25s Sys=0.00s Real=0.06s
[2020-12-21T04:13:53.416-0500][gc,heap        ] GC(16446) Heap before GC invocations=16446 (full 3308): garbage-first heap   total 64512K, used 53444K [0x0000000083000000, 0x0000000100000000)
[2020-12-21T04:13:53.416-0500][gc,heap        ] GC(16446)   region size 1024K, 11 young (11264K), 0 survivors (0K)
[2020-12-21T04:13:53.416-0500][gc,heap        ] GC(16446)  Metaspace       used 49946K, capacity 52104K, committed 53632K, reserved 1093632K
[2020-12-21T04:13:53.416-0500][gc,heap        ] GC(16446)   class space    used 7422K, capacity 8193K, committed 8832K, reserved 1048576K
[2020-12-21T04:13:53.416-0500][gc,start       ] GC(16446) Pause Young (Normal) (G1 Evacuation Pause)
[2020-12-21T04:13:53.417-0500][gc,task        ] GC(16446) Using 8 workers of 8 for evacuation
[2020-12-21T04:13:53.421-0500][gc,phases      ] GC(16446)   Pre Evacuate Collection Set: 0.0ms
[2020-12-21T04:13:53.421-0500][gc,phases      ] GC(16446)   Evacuate Collection Set: 1.8ms
[2020-12-21T04:13:53.421-0500][gc,phases      ] GC(16446)   Post Evacuate Collection Set: 2.2ms
[2020-12-21T04:13:53.421-0500][gc,phases      ] GC(16446)   Other: 0.4ms
[2020-12-21T04:13:53.421-0500][gc,heap        ] GC(16446) Eden regions: 11->0(10)
[2020-12-21T04:13:53.421-0500][gc,heap        ] GC(16446) Survivor regions: 0->1(2)
[2020-12-21T04:13:53.421-0500][gc,heap        ] GC(16446) Old regions: 40->40
[2020-12-21T04:13:53.421-0500][gc,heap        ] GC(16446) Humongous regions: 4->4
[2020-12-21T04:13:53.421-0500][gc,metaspace   ] GC(16446) Metaspace: 49946K->49946K(1093632K)
[2020-12-21T04:13:53.421-0500][gc,heap        ] GC(16446) Heap after GC invocations=16447 (full 3308): garbage-first heap   total 64512K, used 43260K [0x0000000083000000, 0x0000000100000000)
[2020-12-21T04:13:53.421-0500][gc,heap        ] GC(16446)   region size 1024K, 1 young (1024K), 1 survivors (1024K)
[2020-12-21T04:13:53.421-0500][gc,heap        ] GC(16446)  Metaspace       used 49946K, capacity 52104K, committed 53632K, reserved 1093632K
[2020-12-21T04:13:53.421-0500][gc,heap        ] GC(16446)   class space    used 7422K, capacity 8193K, committed 8832K, reserved 1048576K
[2020-12-21T04:13:53.421-0500][gc             ] GC(16446) Pause Young (Normal) (G1 Evacuation Pause) 53M->42M(63M) 4.747ms
[2020-12-21T04:13:53.421-0500][gc,cpu         ] GC(16446) User=0.01s Sys=0.01s Real=0.01s
[2020-12-21T04:15:45.059-0500][gc,heap        ] GC(16447) Heap before GC invocations=16447 (full 3308): garbage-first heap   total 64512K, used 52476K [0x0000000083000000, 0x0000000100000000)
[2020-12-21T04:15:45.059-0500][gc,heap        ] GC(16447)   region size 1024K, 11 young (11264K), 1 survivors (1024K)
[2020-12-21T04:15:45.059-0500][gc,heap        ] GC(16447)  Metaspace       used 49946K, capacity 52104K, committed 53632K, reserved 1093632K
[2020-12-21T04:15:45.059-0500][gc,heap        ] GC(16447)   class space    used 7422K, capacity 8193K, committed 8832K, reserved 1048576K
[2020-12-21T04:15:45.059-0500][gc,start       ] GC(16447) Pause Young (Normal) (G1 Evacuation Pause)
[2020-12-21T04:15:45.059-0500][gc,task        ] GC(16447) Using 8 workers of 8 for evacuation
[2020-12-21T04:15:45.060-0500][gc,phases      ] GC(16447)   Pre Evacuate Collection Set: 0.0ms
[2020-12-21T04:15:45.060-0500][gc,phases      ] GC(16447)   Evacuate Collection Set: 0.7ms
[2020-12-21T04:15:45.060-0500][gc,phases      ] GC(16447)   Post Evacuate Collection Set: 0.7ms
[2020-12-21T04:15:45.060-0500][gc,phases      ] GC(16447)   Other: 0.2ms
[2020-12-21T04:15:45.060-0500][gc,heap        ] GC(16447) Eden regions: 10->0(10)
[2020-12-21T04:15:45.060-0500][gc,heap        ] GC(16447) Survivor regions: 1->1(2)
[2020-12-21T04:15:45.060-0500][gc,heap        ] GC(16447) Old regions: 40->40
[2020-12-21T04:15:45.060-0500][gc,heap        ] GC(16447) Humongous regions: 4->4
[2020-12-21T04:15:45.060-0500][gc,metaspace   ] GC(16447) Metaspace: 49946K->49946K(1093632K)
[2020-12-21T04:15:45.060-0500][gc,heap        ] GC(16447) Heap after GC invocations=16448 (full 3308): garbage-first heap   total 64512K, used 43421K [0x0000000083000000, 0x0000000100000000)
[2020-12-21T04:15:45.060-0500][gc,heap        ] GC(16447)   region size 1024K, 1 young (1024K), 1 survivors (1024K)
[2020-12-21T04:15:45.060-0500][gc,heap        ] GC(16447)  Metaspace       used 49946K, capacity 52104K, committed 53632K, reserved 1093632K
[2020-12-21T04:15:45.060-0500][gc,heap        ] GC(16447)   class space    used 7422K, capacity 8193K, committed 8832K, reserved 1048576K
[2020-12-21T04:15:45.060-0500][gc             ] GC(16447) Pause Young (Normal) (G1 Evacuation Pause) 52M->42M(63M) 1.617ms
[2020-12-21T04:15:45.061-0500][gc,cpu         ] GC(16447) User=0.00s Sys=0.01s Real=0.00s
[2020-12-21T04:16:45.191-0500][gc,task        ] GC(16448) Using 5 workers of 8 for full compaction
[2020-12-21T04:16:45.191-0500][gc,start       ] GC(16448) Pause Full (System.gc())
[2020-12-21T04:16:45.191-0500][gc,heap        ] GC(16448) Heap before GC invocations=16448 (full 3308): garbage-first heap   total 64512K, used 48541K [0x0000000083000000, 0x0000000100000000)
[2020-12-21T04:16:45.191-0500][gc,heap        ] GC(16448)   region size 1024K, 7 young (7168K), 1 survivors (1024K)
[2020-12-21T04:16:45.191-0500][gc,heap        ] GC(16448)  Metaspace       used 49946K, capacity 52104K, committed 53632K, reserved 1093632K
[2020-12-21T04:16:45.191-0500][gc,heap        ] GC(16448)   class space    used 7422K, capacity 8193K, committed 8832K, reserved 1048576K
[2020-12-21T04:16:45.191-0500][gc,phases,start] GC(16448) Phase 1: Mark live objects
[2020-12-21T04:16:45.211-0500][gc,stringtable ] GC(16448) Cleaned string and symbol table, strings: 33106 processed, 4 removed, symbols: 120816 processed, 0 removed
[2020-12-21T04:16:45.212-0500][gc,phases      ] GC(16448) Phase 1: Mark live objects 20.382ms
[2020-12-21T04:16:45.212-0500][gc,phases,start] GC(16448) Phase 2: Prepare for compaction
[2020-12-21T04:16:45.215-0500][gc,phases      ] GC(16448) Phase 2: Prepare for compaction 3.315ms
[2020-12-21T04:16:45.215-0500][gc,phases,start] GC(16448) Phase 3: Adjust pointers
[2020-12-21T04:16:45.225-0500][gc,phases      ] GC(16448) Phase 3: Adjust pointers 10.032ms
[2020-12-21T04:16:45.225-0500][gc,phases,start] GC(16448) Phase 4: Compact heap
[2020-12-21T04:16:45.228-0500][gc,phases      ] GC(16448) Phase 4: Compact heap 2.731ms
[2020-12-21T04:16:45.234-0500][gc,heap        ] GC(16448) Eden regions: 6->0(9)
[2020-12-21T04:16:45.234-0500][gc,heap        ] GC(16448) Survivor regions: 1->0(2)
[2020-12-21T04:16:45.234-0500][gc,heap        ] GC(16448) Old regions: 40->42
[2020-12-21T04:16:45.234-0500][gc,heap        ] GC(16448) Humongous regions: 4->4
[2020-12-21T04:16:45.234-0500][gc,metaspace   ] GC(16448) Metaspace: 49946K->49946K(1093632K)
[2020-12-21T04:16:45.234-0500][gc,heap        ] GC(16448) Heap after GC invocations=16449 (full 3309): garbage-first heap   total 64512K, used 43214K [0x0000000083000000, 0x0000000100000000)
[2020-12-21T04:16:45.234-0500][gc,heap        ] GC(16448)   region size 1024K, 0 young (0K), 0 survivors (0K)
[2020-12-21T04:16:45.234-0500][gc,heap        ] GC(16448)  Metaspace       used 49946K, capacity 52104K, committed 53632K, reserved 1093632K
[2020-12-21T04:16:45.234-0500][gc,heap        ] GC(16448)   class space    used 7422K, capacity 8193K, committed 8832K, reserved 1048576K
[2020-12-21T04:16:45.234-0500][gc             ] GC(16448) Pause Full (System.gc()) 47M->42M(63M) 42.884ms
[2020-12-21T04:16:45.234-0500][gc,cpu         ] GC(16448) User=0.18s Sys=0.00s Real=0.04s
[2020-12-21T04:18:26.015-0500][gc,heap        ] GC(16449) Heap before GC invocations=16449 (full 3309): garbage-first heap   total 64512K, used 51406K [0x0000000083000000, 0x0000000100000000)
[2020-12-21T04:18:26.015-0500][gc,heap        ] GC(16449)   region size 1024K, 9 young (9216K), 0 survivors (0K)
[2020-12-21T04:18:26.015-0500][gc,heap        ] GC(16449)  Metaspace       used 49946K, capacity 52104K, committed 53632K, reserved 1093632K
[2020-12-21T04:18:26.015-0500][gc,heap        ] GC(16449)   class space    used 7422K, capacity 8193K, committed 8832K, reserved 1048576K
[2020-12-21T04:18:26.015-0500][gc,start       ] GC(16449) Pause Young (Normal) (G1 Evacuation Pause)
[2020-12-21T04:18:26.016-0500][gc,task        ] GC(16449) Using 8 workers of 8 for evacuation
[2020-12-21T04:18:26.022-0500][gc,phases      ] GC(16449)   Pre Evacuate Collection Set: 0.0ms
[2020-12-21T04:18:26.022-0500][gc,phases      ] GC(16449)   Evacuate Collection Set: 4.1ms
[2020-12-21T04:18:26.022-0500][gc,phases      ] GC(16449)   Post Evacuate Collection Set: 2.5ms
[2020-12-21T04:18:26.022-0500][gc,phases      ] GC(16449)   Other: 0.6ms
[2020-12-21T04:18:26.023-0500][gc,heap        ] GC(16449) Eden regions: 9->0(8)
[2020-12-21T04:18:26.023-0500][gc,heap        ] GC(16449) Survivor regions: 0->1(2)
[2020-12-21T04:18:26.023-0500][gc,heap        ] GC(16449) Old regions: 42->42
[2020-12-21T04:18:26.023-0500][gc,heap        ] GC(16449) Humongous regions: 4->4
[2020-12-21T04:18:26.023-0500][gc,metaspace   ] GC(16449) Metaspace: 49946K->49946K(1093632K)
[2020-12-21T04:18:26.023-0500][gc,heap        ] GC(16449) Heap after GC invocations=16450 (full 3309): garbage-first heap   total 64512K, used 43298K [0x0000000083000000, 0x0000000100000000)
[2020-12-21T04:18:26.023-0500][gc,heap        ] GC(16449)   region size 1024K, 1 young (1024K), 1 survivors (1024K)
[2020-12-21T04:18:26.023-0500][gc,heap        ] GC(16449)  Metaspace       used 49946K, capacity 52104K, committed 53632K, reserved 1093632K
[2020-12-21T04:18:26.023-0500][gc,heap        ] GC(16449)   class space    used 7422K, capacity 8193K, committed 8832K, reserved 1048576K
[2020-12-21T04:18:26.023-0500][gc             ] GC(16449) Pause Young (Normal) (G1 Evacuation Pause) 51M->42M(63M) 7.255ms
[2020-12-21T04:18:26.023-0500][gc,cpu         ] GC(16449) User=0.02s Sys=0.00s Real=0.01s
[2020-12-21T04:19:57.668-0500][gc,heap        ] GC(16450) Heap before GC invocations=16450 (full 3309): garbage-first heap   total 64512K, used 51490K [0x0000000083000000, 0x0000000100000000)
[2020-12-21T04:19:57.668-0500][gc,heap        ] GC(16450)   region size 1024K, 9 young (9216K), 1 survivors (1024K)
[2020-12-21T04:19:57.668-0500][gc,heap        ] GC(16450)  Metaspace       used 49946K, capacity 52104K, committed 53632K, reserved 1093632K
[2020-12-21T04:19:57.668-0500][gc,heap        ] GC(16450)   class space    used 7422K, capacity 8193K, committed 8832K, reserved 1048576K
[2020-12-21T04:19:57.668-0500][gc,start       ] GC(16450) Pause Young (Normal) (G1 Evacuation Pause)
[2020-12-21T04:19:57.668-0500][gc,task        ] GC(16450) Using 8 workers of 8 for evacuation
[2020-12-21T04:19:57.673-0500][gc,phases      ] GC(16450)   Pre Evacuate Collection Set: 0.0ms
[2020-12-21T04:19:57.673-0500][gc,phases      ] GC(16450)   Evacuate Collection Set: 1.3ms
[2020-12-21T04:19:57.673-0500][gc,phases      ] GC(16450)   Post Evacuate Collection Set: 2.9ms
[2020-12-21T04:19:57.673-0500][gc,phases      ] GC(16450)   Other: 0.5ms
[2020-12-21T04:19:57.673-0500][gc,heap        ] GC(16450) Eden regions: 8->0(8)
[2020-12-21T04:19:57.673-0500][gc,heap        ] GC(16450) Survivor regions: 1->1(2)
[2020-12-21T04:19:57.673-0500][gc,heap        ] GC(16450) Old regions: 42->42
[2020-12-21T04:19:57.673-0500][gc,heap        ] GC(16450) Humongous regions: 4->4
[2020-12-21T04:19:57.673-0500][gc,metaspace   ] GC(16450) Metaspace: 49946K->49946K(1093632K)
[2020-12-21T04:19:57.673-0500][gc,heap        ] GC(16450) Heap after GC invocations=16451 (full 3309): garbage-first heap   total 64512K, used 43277K [0x0000000083000000, 0x0000000100000000)
[2020-12-21T04:19:57.673-0500][gc,heap        ] GC(16450)   region size 1024K, 1 young (1024K), 1 survivors (1024K)
[2020-12-21T04:19:57.673-0500][gc,heap        ] GC(16450)  Metaspace       used 49946K, capacity 52104K, committed 53632K, reserved 1093632K
[2020-12-21T04:19:57.673-0500][gc,heap        ] GC(16450)   class space    used 7422K, capacity 8193K, committed 8832K, reserved 1048576K
[2020-12-21T04:19:57.673-0500][gc             ] GC(16450) Pause Young (Normal) (G1 Evacuation Pause) 50M->42M(63M) 4.804ms
[2020-12-21T04:19:57.673-0500][gc,cpu         ] GC(16450) User=0.01s Sys=0.00s Real=0.00s
[2020-12-21T04:21:28.779-0500][gc,heap        ] GC(16451) Heap before GC invocations=16451 (full 3309): garbage-first heap   total 64512K, used 50445K [0x0000000083000000, 0x0000000100000000)
[2020-12-21T04:21:28.779-0500][gc,heap        ] GC(16451)   region size 1024K, 9 young (9216K), 1 survivors (1024K)
[2020-12-21T04:21:28.779-0500][gc,heap        ] GC(16451)  Metaspace       used 49946K, capacity 52104K, committed 53632K, reserved 1093632K
[2020-12-21T04:21:28.780-0500][gc,heap        ] GC(16451)   class space    used 7422K, capacity 8193K, committed 8832K, reserved 1048576K
[2020-12-21T04:21:28.780-0500][gc,start       ] GC(16451) Pause Young (Normal) (G1 Evacuation Pause)
[2020-12-21T04:21:28.780-0500][gc,task        ] GC(16451) Using 8 workers of 8 for evacuation
[2020-12-21T04:21:28.785-0500][gc,phases      ] GC(16451)   Pre Evacuate Collection Set: 0.0ms
[2020-12-21T04:21:28.785-0500][gc,phases      ] GC(16451)   Evacuate Collection Set: 3.2ms
[2020-12-21T04:21:28.785-0500][gc,phases      ] GC(16451)   Post Evacuate Collection Set: 2.2ms
[2020-12-21T04:21:28.785-0500][gc,phases      ] GC(16451)   Other: 0.3ms
[2020-12-21T04:21:28.785-0500][gc,heap        ] GC(16451) Eden regions: 8->0(8)
[2020-12-21T04:21:28.785-0500][gc,heap        ] GC(16451) Survivor regions: 1->1(2)
[2020-12-21T04:21:28.785-0500][gc,heap        ] GC(16451) Old regions: 42->42
[2020-12-21T04:21:28.785-0500][gc,heap        ] GC(16451) Humongous regions: 4->4
[2020-12-21T04:21:28.785-0500][gc,metaspace   ] GC(16451) Metaspace: 49946K->49946K(1093632K)
[2020-12-21T04:21:28.785-0500][gc,heap        ] GC(16451) Heap after GC invocations=16452 (full 3309): garbage-first heap   total 64512K, used 43267K [0x0000000083000000, 0x0000000100000000)
[2020-12-21T04:21:28.785-0500][gc,heap        ] GC(16451)   region size 1024K, 1 young (1024K), 1 survivors (1024K)
[2020-12-21T04:21:28.786-0500][gc,heap        ] GC(16451)  Metaspace       used 49946K, capacity 52104K, committed 53632K, reserved 1093632K
[2020-12-21T04:21:28.786-0500][gc,heap        ] GC(16451)   class space    used 7422K, capacity 8193K, committed 8832K, reserved 1048576K
[2020-12-21T04:21:28.786-0500][gc             ] GC(16451) Pause Young (Normal) (G1 Evacuation Pause) 50M->42M(63M) 5.996ms
[2020-12-21T04:21:28.786-0500][gc,cpu         ] GC(16451) User=0.02s Sys=0.01s Real=0.00s
[2020-12-21T04:21:45.190-0500][gc,task        ] GC(16452) Using 5 workers of 8 for full compaction
[2020-12-21T04:21:45.190-0500][gc,start       ] GC(16452) Pause Full (System.gc())
[2020-12-21T04:21:45.190-0500][gc,heap        ] GC(16452) Heap before GC invocations=16452 (full 3309): garbage-first heap   total 64512K, used 43267K [0x0000000083000000, 0x0000000100000000)
[2020-12-21T04:21:45.190-0500][gc,heap        ] GC(16452)   region size 1024K, 2 young (2048K), 1 survivors (1024K)
[2020-12-21T04:21:45.190-0500][gc,heap        ] GC(16452)  Metaspace       used 49946K, capacity 52104K, committed 53632K, reserved 1093632K
[2020-12-21T04:21:45.190-0500][gc,heap        ] GC(16452)   class space    used 7422K, capacity 8193K, committed 8832K, reserved 1048576K
[2020-12-21T04:21:45.191-0500][gc,phases,start] GC(16452) Phase 1: Mark live objects
[2020-12-21T04:21:45.227-0500][gc,stringtable ] GC(16452) Cleaned string and symbol table, strings: 33106 processed, 4 removed, symbols: 120816 processed, 0 removed
[2020-12-21T04:21:45.227-0500][gc,phases      ] GC(16452) Phase 1: Mark live objects 36.506ms
[2020-12-21T04:21:45.227-0500][gc,phases,start] GC(16452) Phase 2: Prepare for compaction
[2020-12-21T04:21:45.233-0500][gc,phases      ] GC(16452) Phase 2: Prepare for compaction 5.361ms
[2020-12-21T04:21:45.233-0500][gc,phases,start] GC(16452) Phase 3: Adjust pointers
[2020-12-21T04:21:45.243-0500][gc,phases      ] GC(16452) Phase 3: Adjust pointers 10.815ms
[2020-12-21T04:21:45.243-0500][gc,phases,start] GC(16452) Phase 4: Compact heap
[2020-12-21T04:21:45.246-0500][gc,phases      ] GC(16452) Phase 4: Compact heap 2.906ms
[2020-12-21T04:21:45.252-0500][gc,heap        ] GC(16452) Eden regions: 1->0(10)
[2020-12-21T04:21:45.252-0500][gc,heap        ] GC(16452) Survivor regions: 1->0(2)
[2020-12-21T04:21:45.252-0500][gc,heap        ] GC(16452) Old regions: 42->41
[2020-12-21T04:21:45.252-0500][gc,heap        ] GC(16452) Humongous regions: 4->4
[2020-12-21T04:21:45.252-0500][gc,metaspace   ] GC(16452) Metaspace: 49946K->49946K(1093632K)
[2020-12-21T04:21:45.252-0500][gc,heap        ] GC(16452) Heap after GC invocations=16453 (full 3310): garbage-first heap   total 64512K, used 43199K [0x0000000083000000, 0x0000000100000000)
[2020-12-21T04:21:45.252-0500][gc,heap        ] GC(16452)   region size 1024K, 0 young (0K), 0 survivors (0K)
[2020-12-21T04:21:45.252-0500][gc,heap        ] GC(16452)  Metaspace       used 49946K, capacity 52104K, committed 53632K, reserved 1093632K
[2020-12-21T04:21:45.252-0500][gc,heap        ] GC(16452)   class space    used 7422K, capacity 8193K, committed 8832K, reserved 1048576K
[2020-12-21T04:21:45.252-0500][gc             ] GC(16452) Pause Full (System.gc()) 43M->42M(63M) 62.361ms
[2020-12-21T04:21:45.253-0500][gc,cpu         ] GC(16452) User=0.26s Sys=0.00s Real=0.06s
[2020-12-21T04:23:36.017-0500][gc,heap        ] GC(16453) Heap before GC invocations=16453 (full 3310): garbage-first heap   total 64512K, used 53439K [0x0000000083000000, 0x0000000100000000)
[2020-12-21T04:23:36.017-0500][gc,heap        ] GC(16453)   region size 1024K, 10 young (10240K), 0 survivors (0K)
[2020-12-21T04:23:36.017-0500][gc,heap        ] GC(16453)  Metaspace       used 49946K, capacity 52104K, committed 53632K, reserved 1093632K
[2020-12-21T04:23:36.017-0500][gc,heap        ] GC(16453)   class space    used 7422K, capacity 8193K, committed 8832K, reserved 1048576K
[2020-12-21T04:23:36.017-0500][gc,start       ] GC(16453) Pause Young (Normal) (G1 Evacuation Pause)
[2020-12-21T04:23:36.017-0500][gc,task        ] GC(16453) Using 8 workers of 8 for evacuation
[2020-12-21T04:23:36.021-0500][gc,phases      ] GC(16453)   Pre Evacuate Collection Set: 0.0ms
[2020-12-21T04:23:36.022-0500][gc,phases      ] GC(16453)   Evacuate Collection Set: 1.2ms
[2020-12-21T04:23:36.022-0500][gc,phases      ] GC(16453)   Post Evacuate Collection Set: 3.0ms
[2020-12-21T04:23:36.022-0500][gc,phases      ] GC(16453)   Other: 0.5ms
[2020-12-21T04:23:36.022-0500][gc,heap        ] GC(16453) Eden regions: 10->0(9)
[2020-12-21T04:23:36.022-0500][gc,heap        ] GC(16453) Survivor regions: 0->1(2)
[2020-12-21T04:23:36.022-0500][gc,heap        ] GC(16453) Old regions: 41->41
[2020-12-21T04:23:36.022-0500][gc,heap        ] GC(16453) Humongous regions: 4->4
[2020-12-21T04:23:36.022-0500][gc,metaspace   ] GC(16453) Metaspace: 49946K->49946K(1093632K)
[2020-12-21T04:23:36.022-0500][gc,heap        ] GC(16453) Heap after GC invocations=16454 (full 3310): garbage-first heap   total 64512K, used 43257K [0x0000000083000000, 0x0000000100000000)
[2020-12-21T04:23:36.022-0500][gc,heap        ] GC(16453)   region size 1024K, 1 young (1024K), 1 survivors (1024K)
[2020-12-21T04:23:36.022-0500][gc,heap        ] GC(16453)  Metaspace       used 49946K, capacity 52104K, committed 53632K, reserved 1093632K
[2020-12-21T04:23:36.022-0500][gc,heap        ] GC(16453)   class space    used 7422K, capacity 8193K, committed 8832K, reserved 1048576K
[2020-12-21T04:23:36.022-0500][gc             ] GC(16453) Pause Young (Normal) (G1 Evacuation Pause) 52M->42M(63M) 4.905ms
[2020-12-21T04:23:36.022-0500][gc,cpu         ] GC(16453) User=0.02s Sys=0.00s Real=0.01s
[2020-12-21T04:25:16.678-0500][gc,heap        ] GC(16454) Heap before GC invocations=16454 (full 3310): garbage-first heap   total 64512K, used 51449K [0x0000000083000000, 0x0000000100000000)
[2020-12-21T04:25:16.678-0500][gc,heap        ] GC(16454)   region size 1024K, 10 young (10240K), 1 survivors (1024K)
[2020-12-21T04:25:16.678-0500][gc,heap        ] GC(16454)  Metaspace       used 49946K, capacity 52104K, committed 53632K, reserved 1093632K
[2020-12-21T04:25:16.678-0500][gc,heap        ] GC(16454)   class space    used 7422K, capacity 8193K, committed 8832K, reserved 1048576K
[2020-12-21T04:25:16.678-0500][gc,start       ] GC(16454) Pause Young (Normal) (G1 Evacuation Pause)
[2020-12-21T04:25:16.678-0500][gc,task        ] GC(16454) Using 8 workers of 8 for evacuation
[2020-12-21T04:25:16.681-0500][gc,phases      ] GC(16454)   Pre Evacuate Collection Set: 0.0ms
[2020-12-21T04:25:16.681-0500][gc,phases      ] GC(16454)   Evacuate Collection Set: 1.1ms
[2020-12-21T04:25:16.681-0500][gc,phases      ] GC(16454)   Post Evacuate Collection Set: 1.6ms
[2020-12-21T04:25:16.681-0500][gc,phases      ] GC(16454)   Other: 0.4ms
[2020-12-21T04:25:16.681-0500][gc,heap        ] GC(16454) Eden regions: 9->0(9)
[2020-12-21T04:25:16.681-0500][gc,heap        ] GC(16454) Survivor regions: 1->1(2)
[2020-12-21T04:25:16.681-0500][gc,heap        ] GC(16454) Old regions: 41->41
[2020-12-21T04:25:16.681-0500][gc,heap        ] GC(16454) Humongous regions: 4->4
[2020-12-21T04:25:16.681-0500][gc,metaspace   ] GC(16454) Metaspace: 49946K->49946K(1093632K)
[2020-12-21T04:25:16.681-0500][gc,heap        ] GC(16454) Heap after GC invocations=16455 (full 3310): garbage-first heap   total 64512K, used 43318K [0x0000000083000000, 0x0000000100000000)
[2020-12-21T04:25:16.681-0500][gc,heap        ] GC(16454)   region size 1024K, 1 young (1024K), 1 survivors (1024K)
[2020-12-21T04:25:16.681-0500][gc,heap        ] GC(16454)  Metaspace       used 49946K, capacity 52104K, committed 53632K, reserved 1093632K
[2020-12-21T04:25:16.681-0500][gc,heap        ] GC(16454)   class space    used 7422K, capacity 8193K, committed 8832K, reserved 1048576K
[2020-12-21T04:25:16.681-0500][gc             ] GC(16454) Pause Young (Normal) (G1 Evacuation Pause) 51M->42M(63M) 3.241ms
[2020-12-21T04:25:16.682-0500][gc,cpu         ] GC(16454) User=0.00s Sys=0.00s Real=0.00s
[2020-12-21T04:26:45.192-0500][gc,task        ] GC(16455) Using 5 workers of 8 for full compaction
[2020-12-21T04:26:45.192-0500][gc,start       ] GC(16455) Pause Full (System.gc())
[2020-12-21T04:26:45.192-0500][gc,heap        ] GC(16455) Heap before GC invocations=16455 (full 3310): garbage-first heap   total 64512K, used 48438K [0x0000000083000000, 0x0000000100000000)
[2020-12-21T04:26:45.192-0500][gc,heap        ] GC(16455)   region size 1024K, 8 young (8192K), 1 survivors (1024K)
[2020-12-21T04:26:45.192-0500][gc,heap        ] GC(16455)  Metaspace       used 49946K, capacity 52104K, committed 53632K, reserved 1093632K
[2020-12-21T04:26:45.192-0500][gc,heap        ] GC(16455)   class space    used 7422K, capacity 8193K, committed 8832K, reserved 1048576K
[2020-12-21T04:26:45.193-0500][gc,phases,start] GC(16455) Phase 1: Mark live objects
[2020-12-21T04:26:45.225-0500][gc,stringtable ] GC(16455) Cleaned string and symbol table, strings: 33106 processed, 4 removed, symbols: 120816 processed, 0 removed
[2020-12-21T04:26:45.225-0500][gc,phases      ] GC(16455) Phase 1: Mark live objects 32.163ms
[2020-12-21T04:26:45.225-0500][gc,phases,start] GC(16455) Phase 2: Prepare for compaction
[2020-12-21T04:26:45.231-0500][gc,phases      ] GC(16455) Phase 2: Prepare for compaction 5.825ms
[2020-12-21T04:26:45.231-0500][gc,phases,start] GC(16455) Phase 3: Adjust pointers
[2020-12-21T04:26:45.245-0500][gc,phases      ] GC(16455) Phase 3: Adjust pointers 14.062ms
[2020-12-21T04:26:45.245-0500][gc,phases,start] GC(16455) Phase 4: Compact heap
[2020-12-21T04:26:45.248-0500][gc,phases      ] GC(16455) Phase 4: Compact heap 2.577ms
[2020-12-21T04:26:45.253-0500][gc,heap        ] GC(16455) Eden regions: 7->0(9)
[2020-12-21T04:26:45.253-0500][gc,heap        ] GC(16455) Survivor regions: 1->0(2)
[2020-12-21T04:26:45.253-0500][gc,heap        ] GC(16455) Old regions: 41->42
[2020-12-21T04:26:45.253-0500][gc,heap        ] GC(16455) Humongous regions: 4->4
[2020-12-21T04:26:45.253-0500][gc,metaspace   ] GC(16455) Metaspace: 49946K->49946K(1093632K)
[2020-12-21T04:26:45.253-0500][gc,heap        ] GC(16455) Heap after GC invocations=16456 (full 3311): garbage-first heap   total 64512K, used 43217K [0x0000000083000000, 0x0000000100000000)
[2020-12-21T04:26:45.253-0500][gc,heap        ] GC(16455)   region size 1024K, 0 young (0K), 0 survivors (0K)
[2020-12-21T04:26:45.253-0500][gc,heap        ] GC(16455)  Metaspace       used 49946K, capacity 52104K, committed 53632K, reserved 1093632K
[2020-12-21T04:26:45.253-0500][gc,heap        ] GC(16455)   class space    used 7422K, capacity 8193K, committed 8832K, reserved 1048576K
[2020-12-21T04:26:45.253-0500][gc             ] GC(16455) Pause Full (System.gc()) 49M->42M(63M) 61.070ms
[2020-12-21T04:26:45.253-0500][gc,cpu         ] GC(16455) User=0.25s Sys=0.00s Real=0.06s
[2020-12-21T04:28:17.217-0500][gc,heap        ] GC(16456) Heap before GC invocations=16456 (full 3311): garbage-first heap   total 64512K, used 51409K [0x0000000083000000, 0x0000000100000000)
[2020-12-21T04:28:17.217-0500][gc,heap        ] GC(16456)   region size 1024K, 9 young (9216K), 0 survivors (0K)
[2020-12-21T04:28:17.217-0500][gc,heap        ] GC(16456)  Metaspace       used 49946K, capacity 52104K, committed 53632K, reserved 1093632K
[2020-12-21T04:28:17.217-0500][gc,heap        ] GC(16456)   class space    used 7422K, capacity 8193K, committed 8832K, reserved 1048576K
[2020-12-21T04:28:17.217-0500][gc,start       ] GC(16456) Pause Young (Normal) (G1 Evacuation Pause)
[2020-12-21T04:28:17.217-0500][gc,task        ] GC(16456) Using 8 workers of 8 for evacuation
[2020-12-21T04:28:17.218-0500][gc,phases      ] GC(16456)   Pre Evacuate Collection Set: 0.0ms
[2020-12-21T04:28:17.218-0500][gc,phases      ] GC(16456)   Evacuate Collection Set: 0.5ms
[2020-12-21T04:28:17.218-0500][gc,phases      ] GC(16456)   Post Evacuate Collection Set: 0.7ms
[2020-12-21T04:28:17.218-0500][gc,phases      ] GC(16456)   Other: 0.2ms
[2020-12-21T04:28:17.218-0500][gc,heap        ] GC(16456) Eden regions: 9->0(8)
[2020-12-21T04:28:17.218-0500][gc,heap        ] GC(16456) Survivor regions: 0->1(2)
[2020-12-21T04:28:17.218-0500][gc,heap        ] GC(16456) Old regions: 42->42
[2020-12-21T04:28:17.218-0500][gc,heap        ] GC(16456) Humongous regions: 4->4
[2020-12-21T04:28:17.218-0500][gc,metaspace   ] GC(16456) Metaspace: 49946K->49946K(1093632K)
[2020-12-21T04:28:17.218-0500][gc,heap        ] GC(16456) Heap after GC invocations=16457 (full 3311): garbage-first heap   total 64512K, used 43410K [0x0000000083000000, 0x0000000100000000)
[2020-12-21T04:28:17.218-0500][gc,heap        ] GC(16456)   region size 1024K, 1 young (1024K), 1 survivors (1024K)
[2020-12-21T04:28:17.218-0500][gc,heap        ] GC(16456)  Metaspace       used 49946K, capacity 52104K, committed 53632K, reserved 1093632K
[2020-12-21T04:28:17.218-0500][gc,heap        ] GC(16456)   class space    used 7422K, capacity 8193K, committed 8832K, reserved 1048576K
[2020-12-21T04:28:17.218-0500][gc             ] GC(16456) Pause Young (Normal) (G1 Evacuation Pause) 51M->42M(63M) 1.478ms
[2020-12-21T04:28:17.218-0500][gc,cpu         ] GC(16456) User=0.01s Sys=0.00s Real=0.01s
[2020-12-21T04:29:47.380-0500][gc,heap        ] GC(16457) Heap before GC invocations=16457 (full 3311): garbage-first heap   total 64512K, used 50578K [0x0000000083000000, 0x0000000100000000)
[2020-12-21T04:29:47.380-0500][gc,heap        ] GC(16457)   region size 1024K, 9 young (9216K), 1 survivors (1024K)
[2020-12-21T04:29:47.380-0500][gc,heap        ] GC(16457)  Metaspace       used 49946K, capacity 52104K, committed 53632K, reserved 1093632K
[2020-12-21T04:29:47.380-0500][gc,heap        ] GC(16457)   class space    used 7422K, capacity 8193K, committed 8832K, reserved 1048576K
[2020-12-21T04:29:47.380-0500][gc,start       ] GC(16457) Pause Young (Normal) (G1 Evacuation Pause)
[2020-12-21T04:29:47.380-0500][gc,task        ] GC(16457) Using 8 workers of 8 for evacuation
[2020-12-21T04:29:47.382-0500][gc,phases      ] GC(16457)   Pre Evacuate Collection Set: 0.0ms
[2020-12-21T04:29:47.382-0500][gc,phases      ] GC(16457)   Evacuate Collection Set: 0.8ms
[2020-12-21T04:29:47.382-0500][gc,phases      ] GC(16457)   Post Evacuate Collection Set: 1.3ms
[2020-12-21T04:29:47.382-0500][gc,phases      ] GC(16457)   Other: 0.2ms
[2020-12-21T04:29:47.382-0500][gc,heap        ] GC(16457) Eden regions: 8->0(8)
[2020-12-21T04:29:47.382-0500][gc,heap        ] GC(16457) Survivor regions: 1->1(2)
[2020-12-21T04:29:47.382-0500][gc,heap        ] GC(16457) Old regions: 42->42
[2020-12-21T04:29:47.382-0500][gc,heap        ] GC(16457) Humongous regions: 4->4
[2020-12-21T04:29:47.382-0500][gc,metaspace   ] GC(16457) Metaspace: 49946K->49946K(1093632K)
[2020-12-21T04:29:47.382-0500][gc,heap        ] GC(16457) Heap after GC invocations=16458 (full 3311): garbage-first heap   total 64512K, used 43446K [0x0000000083000000, 0x0000000100000000)
[2020-12-21T04:29:47.382-0500][gc,heap        ] GC(16457)   region size 1024K, 1 young (1024K), 1 survivors (1024K)
[2020-12-21T04:29:47.382-0500][gc,heap        ] GC(16457)  Metaspace       used 49946K, capacity 52104K, committed 53632K, reserved 1093632K
[2020-12-21T04:29:47.382-0500][gc,heap        ] GC(16457)   class space    used 7422K, capacity 8193K, committed 8832K, reserved 1048576K
[2020-12-21T04:29:47.382-0500][gc             ] GC(16457) Pause Young (Normal) (G1 Evacuation Pause) 50M->42M(63M) 2.348ms
[2020-12-21T04:29:47.382-0500][gc,cpu         ] GC(16457) User=0.00s Sys=0.00s Real=0.00s
[2020-12-21T04:31:17.779-0500][gc,heap        ] GC(16458) Heap before GC invocations=16458 (full 3311): garbage-first heap   total 64512K, used 50614K [0x0000000083000000, 0x0000000100000000)
[2020-12-21T04:31:17.779-0500][gc,heap        ] GC(16458)   region size 1024K, 9 young (9216K), 1 survivors (1024K)
[2020-12-21T04:31:17.779-0500][gc,heap        ] GC(16458)  Metaspace       used 49946K, capacity 52104K, committed 53632K, reserved 1093632K
[2020-12-21T04:31:17.779-0500][gc,heap        ] GC(16458)   class space    used 7422K, capacity 8193K, committed 8832K, reserved 1048576K
[2020-12-21T04:31:17.780-0500][gc,start       ] GC(16458) Pause Young (Normal) (G1 Evacuation Pause)
[2020-12-21T04:31:17.780-0500][gc,task        ] GC(16458) Using 8 workers of 8 for evacuation
[2020-12-21T04:31:17.784-0500][gc,phases      ] GC(16458)   Pre Evacuate Collection Set: 0.0ms
[2020-12-21T04:31:17.784-0500][gc,phases      ] GC(16458)   Evacuate Collection Set: 2.1ms
[2020-12-21T04:31:17.784-0500][gc,phases      ] GC(16458)   Post Evacuate Collection Set: 2.3ms
[2020-12-21T04:31:17.784-0500][gc,phases      ] GC(16458)   Other: 0.4ms
[2020-12-21T04:31:17.784-0500][gc,heap        ] GC(16458) Eden regions: 8->0(8)
[2020-12-21T04:31:17.784-0500][gc,heap        ] GC(16458) Survivor regions: 1->1(2)
[2020-12-21T04:31:17.784-0500][gc,heap        ] GC(16458) Old regions: 42->42
[2020-12-21T04:31:17.784-0500][gc,heap        ] GC(16458) Humongous regions: 4->4
[2020-12-21T04:31:17.784-0500][gc,metaspace   ] GC(16458) Metaspace: 49946K->49946K(1093632K)
[2020-12-21T04:31:17.785-0500][gc,heap        ] GC(16458) Heap after GC invocations=16459 (full 3311): garbage-first heap   total 64512K, used 43446K [0x0000000083000000, 0x0000000100000000)
[2020-12-21T04:31:17.785-0500][gc,heap        ] GC(16458)   region size 1024K, 1 young (1024K), 1 survivors (1024K)
[2020-12-21T04:31:17.785-0500][gc,heap        ] GC(16458)  Metaspace       used 49946K, capacity 52104K, committed 53632K, reserved 1093632K
[2020-12-21T04:31:17.785-0500][gc,heap        ] GC(16458)   class space    used 7422K, capacity 8193K, committed 8832K, reserved 1048576K
[2020-12-21T04:31:17.785-0500][gc             ] GC(16458) Pause Young (Normal) (G1 Evacuation Pause) 50M->42M(63M) 5.018ms
[2020-12-21T04:31:17.785-0500][gc,cpu         ] GC(16458) User=0.01s Sys=0.01s Real=0.00s
[2020-12-21T04:31:45.191-0500][gc,task        ] GC(16459) Using 5 workers of 8 for full compaction
[2020-12-21T04:31:45.192-0500][gc,start       ] GC(16459) Pause Full (System.gc())
[2020-12-21T04:31:45.192-0500][gc,heap        ] GC(16459) Heap before GC invocations=16459 (full 3311): garbage-first heap   total 64512K, used 43446K [0x0000000083000000, 0x0000000100000000)
[2020-12-21T04:31:45.192-0500][gc,heap        ] GC(16459)   region size 1024K, 3 young (3072K), 1 survivors (1024K)
[2020-12-21T04:31:45.192-0500][gc,heap        ] GC(16459)  Metaspace       used 49946K, capacity 52104K, committed 53632K, reserved 1093632K
[2020-12-21T04:31:45.192-0500][gc,heap        ] GC(16459)   class space    used 7422K, capacity 8193K, committed 8832K, reserved 1048576K
[2020-12-21T04:31:45.192-0500][gc,phases,start] GC(16459) Phase 1: Mark live objects
[2020-12-21T04:31:45.228-0500][gc,stringtable ] GC(16459) Cleaned string and symbol table, strings: 33106 processed, 4 removed, symbols: 120816 processed, 0 removed
[2020-12-21T04:31:45.228-0500][gc,phases      ] GC(16459) Phase 1: Mark live objects 36.184ms
[2020-12-21T04:31:45.228-0500][gc,phases,start] GC(16459) Phase 2: Prepare for compaction
[2020-12-21T04:31:45.233-0500][gc,phases      ] GC(16459) Phase 2: Prepare for compaction 5.208ms
[2020-12-21T04:31:45.234-0500][gc,phases,start] GC(16459) Phase 3: Adjust pointers
[2020-12-21T04:31:45.246-0500][gc,phases      ] GC(16459) Phase 3: Adjust pointers 12.408ms
[2020-12-21T04:31:45.246-0500][gc,phases,start] GC(16459) Phase 4: Compact heap
[2020-12-21T04:31:45.249-0500][gc,phases      ] GC(16459) Phase 4: Compact heap 3.107ms
[2020-12-21T04:31:45.255-0500][gc,heap        ] GC(16459) Eden regions: 2->0(10)
[2020-12-21T04:31:45.255-0500][gc,heap        ] GC(16459) Survivor regions: 1->0(2)
[2020-12-21T04:31:45.255-0500][gc,heap        ] GC(16459) Old regions: 42->41
[2020-12-21T04:31:45.255-0500][gc,heap        ] GC(16459) Humongous regions: 4->4
[2020-12-21T04:31:45.255-0500][gc,metaspace   ] GC(16459) Metaspace: 49946K->49946K(1093632K)
[2020-12-21T04:31:45.255-0500][gc,heap        ] GC(16459) Heap after GC invocations=16460 (full 3312): garbage-first heap   total 64512K, used 43200K [0x0000000083000000, 0x0000000100000000)
[2020-12-21T04:31:45.255-0500][gc,heap        ] GC(16459)   region size 1024K, 0 young (0K), 0 survivors (0K)
[2020-12-21T04:31:45.255-0500][gc,heap        ] GC(16459)  Metaspace       used 49946K, capacity 52104K, committed 53632K, reserved 1093632K
[2020-12-21T04:31:45.255-0500][gc,heap        ] GC(16459)   class space    used 7422K, capacity 8193K, committed 8832K, reserved 1048576K
[2020-12-21T04:31:45.255-0500][gc             ] GC(16459) Pause Full (System.gc()) 44M->42M(63M) 63.584ms
[2020-12-21T04:31:45.255-0500][gc,cpu         ] GC(16459) User=0.26s Sys=0.00s Real=0.06s
[2020-12-21T04:33:29.549-0500][gc,heap        ] GC(16460) Heap before GC invocations=16460 (full 3312): garbage-first heap   total 64512K, used 52416K [0x0000000083000000, 0x0000000100000000)
[2020-12-21T04:33:29.549-0500][gc,heap        ] GC(16460)   region size 1024K, 10 young (10240K), 0 survivors (0K)
[2020-12-21T04:33:29.549-0500][gc,heap        ] GC(16460)  Metaspace       used 49946K, capacity 52104K, committed 53632K, reserved 1093632K
[2020-12-21T04:33:29.549-0500][gc,heap        ] GC(16460)   class space    used 7422K, capacity 8193K, committed 8832K, reserved 1048576K
[2020-12-21T04:33:29.549-0500][gc,start       ] GC(16460) Pause Young (Normal) (G1 Evacuation Pause)
[2020-12-21T04:33:29.550-0500][gc,task        ] GC(16460) Using 8 workers of 8 for evacuation
[2020-12-21T04:33:29.552-0500][gc,phases      ] GC(16460)   Pre Evacuate Collection Set: 0.0ms
[2020-12-21T04:33:29.552-0500][gc,phases      ] GC(16460)   Evacuate Collection Set: 1.0ms
[2020-12-21T04:33:29.552-0500][gc,phases      ] GC(16460)   Post Evacuate Collection Set: 1.5ms
[2020-12-21T04:33:29.552-0500][gc,phases      ] GC(16460)   Other: 0.2ms
[2020-12-21T04:33:29.552-0500][gc,heap        ] GC(16460) Eden regions: 10->0(9)
[2020-12-21T04:33:29.552-0500][gc,heap        ] GC(16460) Survivor regions: 0->1(2)
[2020-12-21T04:33:29.552-0500][gc,heap        ] GC(16460) Old regions: 41->41
[2020-12-21T04:33:29.552-0500][gc,heap        ] GC(16460) Humongous regions: 4->4
[2020-12-21T04:33:29.552-0500][gc,metaspace   ] GC(16460) Metaspace: 49946K->49946K(1093632K)
[2020-12-21T04:33:29.552-0500][gc,heap        ] GC(16460) Heap after GC invocations=16461 (full 3312): garbage-first heap   total 64512K, used 43270K [0x0000000083000000, 0x0000000100000000)
[2020-12-21T04:33:29.552-0500][gc,heap        ] GC(16460)   region size 1024K, 1 young (1024K), 1 survivors (1024K)
[2020-12-21T04:33:29.552-0500][gc,heap        ] GC(16460)  Metaspace       used 49946K, capacity 52104K, committed 53632K, reserved 1093632K
[2020-12-21T04:33:29.552-0500][gc,heap        ] GC(16460)   class space    used 7422K, capacity 8193K, committed 8832K, reserved 1048576K
[2020-12-21T04:33:29.552-0500][gc             ] GC(16460) Pause Young (Normal) (G1 Evacuation Pause) 52M->42M(63M) 2.817ms
[2020-12-21T04:33:29.552-0500][gc,cpu         ] GC(16460) User=0.00s Sys=0.01s Real=0.00s
[2020-12-21T04:35:16.015-0500][gc,heap        ] GC(16461) Heap before GC invocations=16461 (full 3312): garbage-first heap   total 64512K, used 51462K [0x0000000083000000, 0x0000000100000000)
[2020-12-21T04:35:16.015-0500][gc,heap        ] GC(16461)   region size 1024K, 10 young (10240K), 1 survivors (1024K)
[2020-12-21T04:35:16.015-0500][gc,heap        ] GC(16461)  Metaspace       used 49946K, capacity 52104K, committed 53632K, reserved 1093632K
[2020-12-21T04:35:16.015-0500][gc,heap        ] GC(16461)   class space    used 7422K, capacity 8193K, committed 8832K, reserved 1048576K
[2020-12-21T04:35:16.015-0500][gc,start       ] GC(16461) Pause Young (Normal) (G1 Evacuation Pause)
[2020-12-21T04:35:16.015-0500][gc,task        ] GC(16461) Using 8 workers of 8 for evacuation
[2020-12-21T04:35:16.019-0500][gc,phases      ] GC(16461)   Pre Evacuate Collection Set: 0.0ms
[2020-12-21T04:35:16.019-0500][gc,phases      ] GC(16461)   Evacuate Collection Set: 1.6ms
[2020-12-21T04:35:16.019-0500][gc,phases      ] GC(16461)   Post Evacuate Collection Set: 2.1ms
[2020-12-21T04:35:16.019-0500][gc,phases      ] GC(16461)   Other: 0.4ms
[2020-12-21T04:35:16.019-0500][gc,heap        ] GC(16461) Eden regions: 9->0(9)
[2020-12-21T04:35:16.019-0500][gc,heap        ] GC(16461) Survivor regions: 1->1(2)
[2020-12-21T04:35:16.019-0500][gc,heap        ] GC(16461) Old regions: 41->41
[2020-12-21T04:35:16.019-0500][gc,heap        ] GC(16461) Humongous regions: 4->4
[2020-12-21T04:35:16.019-0500][gc,metaspace   ] GC(16461) Metaspace: 49946K->49946K(1093632K)
[2020-12-21T04:35:16.019-0500][gc,heap        ] GC(16461) Heap after GC invocations=16462 (full 3312): garbage-first heap   total 64512K, used 43262K [0x0000000083000000, 0x0000000100000000)
[2020-12-21T04:35:16.019-0500][gc,heap        ] GC(16461)   region size 1024K, 1 young (1024K), 1 survivors (1024K)
[2020-12-21T04:35:16.019-0500][gc,heap        ] GC(16461)  Metaspace       used 49946K, capacity 52104K, committed 53632K, reserved 1093632K
[2020-12-21T04:35:16.019-0500][gc,heap        ] GC(16461)   class space    used 7422K, capacity 8193K, committed 8832K, reserved 1048576K
[2020-12-21T04:35:16.019-0500][gc             ] GC(16461) Pause Young (Normal) (G1 Evacuation Pause) 51M->42M(63M) 4.384ms
[2020-12-21T04:35:16.019-0500][gc,cpu         ] GC(16461) User=0.01s Sys=0.00s Real=0.01s
[2020-12-21T04:36:45.189-0500][gc,task        ] GC(16462) Using 5 workers of 8 for full compaction
[2020-12-21T04:36:45.189-0500][gc,start       ] GC(16462) Pause Full (System.gc())
[2020-12-21T04:36:45.190-0500][gc,heap        ] GC(16462) Heap before GC invocations=16462 (full 3312): garbage-first heap   total 64512K, used 49406K [0x0000000083000000, 0x0000000100000000)
[2020-12-21T04:36:45.190-0500][gc,heap        ] GC(16462)   region size 1024K, 9 young (9216K), 1 survivors (1024K)
[2020-12-21T04:36:45.190-0500][gc,heap        ] GC(16462)  Metaspace       used 49946K, capacity 52104K, committed 53632K, reserved 1093632K
[2020-12-21T04:36:45.190-0500][gc,heap        ] GC(16462)   class space    used 7422K, capacity 8193K, committed 8832K, reserved 1048576K
[2020-12-21T04:36:45.190-0500][gc,phases,start] GC(16462) Phase 1: Mark live objects
[2020-12-21T04:36:45.227-0500][gc,stringtable ] GC(16462) Cleaned string and symbol table, strings: 33106 processed, 4 removed, symbols: 120816 processed, 0 removed
[2020-12-21T04:36:45.227-0500][gc,phases      ] GC(16462) Phase 1: Mark live objects 36.972ms
[2020-12-21T04:36:45.227-0500][gc,phases,start] GC(16462) Phase 2: Prepare for compaction
[2020-12-21T04:36:45.231-0500][gc,phases      ] GC(16462) Phase 2: Prepare for compaction 4.396ms
[2020-12-21T04:36:45.231-0500][gc,phases,start] GC(16462) Phase 3: Adjust pointers
[2020-12-21T04:36:45.245-0500][gc,phases      ] GC(16462) Phase 3: Adjust pointers 13.138ms
[2020-12-21T04:36:45.245-0500][gc,phases,start] GC(16462) Phase 4: Compact heap
[2020-12-21T04:36:45.247-0500][gc,phases      ] GC(16462) Phase 4: Compact heap 2.777ms
[2020-12-21T04:36:45.253-0500][gc,heap        ] GC(16462) Eden regions: 8->0(9)
[2020-12-21T04:36:45.253-0500][gc,heap        ] GC(16462) Survivor regions: 1->0(2)
[2020-12-21T04:36:45.253-0500][gc,heap        ] GC(16462) Old regions: 41->42
[2020-12-21T04:36:45.253-0500][gc,heap        ] GC(16462) Humongous regions: 4->4
[2020-12-21T04:36:45.253-0500][gc,metaspace   ] GC(16462) Metaspace: 49946K->49946K(1093632K)
[2020-12-21T04:36:45.253-0500][gc,heap        ] GC(16462) Heap after GC invocations=16463 (full 3313): garbage-first heap   total 64512K, used 43218K [0x0000000083000000, 0x0000000100000000)
[2020-12-21T04:36:45.253-0500][gc,heap        ] GC(16462)   region size 1024K, 0 young (0K), 0 survivors (0K)
[2020-12-21T04:36:45.253-0500][gc,heap        ] GC(16462)  Metaspace       used 49946K, capacity 52104K, committed 53632K, reserved 1093632K
[2020-12-21T04:36:45.253-0500][gc,heap        ] GC(16462)   class space    used 7422K, capacity 8193K, committed 8832K, reserved 1048576K
[2020-12-21T04:36:45.253-0500][gc             ] GC(16462) Pause Full (System.gc()) 49M->42M(63M) 63.848ms
[2020-12-21T04:36:45.253-0500][gc,cpu         ] GC(16462) User=0.27s Sys=0.00s Real=0.06s
[2020-12-21T04:38:19.221-0500][gc,heap        ] GC(16463) Heap before GC invocations=16463 (full 3313): garbage-first heap   total 64512K, used 52434K [0x0000000083000000, 0x0000000100000000)
[2020-12-21T04:38:19.221-0500][gc,heap        ] GC(16463)   region size 1024K, 9 young (9216K), 0 survivors (0K)
[2020-12-21T04:38:19.221-0500][gc,heap        ] GC(16463)  Metaspace       used 49946K, capacity 52104K, committed 53632K, reserved 1093632K
[2020-12-21T04:38:19.221-0500][gc,heap        ] GC(16463)   class space    used 7422K, capacity 8193K, committed 8832K, reserved 1048576K
[2020-12-21T04:38:19.222-0500][gc,start       ] GC(16463) Pause Young (Normal) (G1 Evacuation Pause)
[2020-12-21T04:38:19.222-0500][gc,task        ] GC(16463) Using 8 workers of 8 for evacuation
[2020-12-21T04:38:19.223-0500][gc,phases      ] GC(16463)   Pre Evacuate Collection Set: 0.0ms
[2020-12-21T04:38:19.223-0500][gc,phases      ] GC(16463)   Evacuate Collection Set: 0.6ms
[2020-12-21T04:38:19.223-0500][gc,phases      ] GC(16463)   Post Evacuate Collection Set: 0.9ms
[2020-12-21T04:38:19.223-0500][gc,phases      ] GC(16463)   Other: 0.2ms
[2020-12-21T04:38:19.223-0500][gc,heap        ] GC(16463) Eden regions: 9->0(8)
[2020-12-21T04:38:19.223-0500][gc,heap        ] GC(16463) Survivor regions: 0->1(2)
[2020-12-21T04:38:19.223-0500][gc,heap        ] GC(16463) Old regions: 42->42
[2020-12-21T04:38:19.223-0500][gc,heap        ] GC(16463) Humongous regions: 4->4
[2020-12-21T04:38:19.223-0500][gc,metaspace   ] GC(16463) Metaspace: 49946K->49946K(1093632K)
[2020-12-21T04:38:19.223-0500][gc,heap        ] GC(16463) Heap after GC invocations=16464 (full 3313): garbage-first heap   total 64512K, used 43402K [0x0000000083000000, 0x0000000100000000)
[2020-12-21T04:38:19.223-0500][gc,heap        ] GC(16463)   region size 1024K, 1 young (1024K), 1 survivors (1024K)
[2020-12-21T04:38:19.223-0500][gc,heap        ] GC(16463)  Metaspace       used 49946K, capacity 52104K, committed 53632K, reserved 1093632K
[2020-12-21T04:38:19.223-0500][gc,heap        ] GC(16463)   class space    used 7422K, capacity 8193K, committed 8832K, reserved 1048576K
[2020-12-21T04:38:19.223-0500][gc             ] GC(16463) Pause Young (Normal) (G1 Evacuation Pause) 51M->42M(63M) 1.731ms
[2020-12-21T04:38:19.223-0500][gc,cpu         ] GC(16463) User=0.00s Sys=0.00s Real=0.00s
[2020-12-21T04:39:51.205-0500][gc,heap        ] GC(16464) Heap before GC invocations=16464 (full 3313): garbage-first heap   total 64512K, used 50570K [0x0000000083000000, 0x0000000100000000)
[2020-12-21T04:39:51.205-0500][gc,heap        ] GC(16464)   region size 1024K, 9 young (9216K), 1 survivors (1024K)
[2020-12-21T04:39:51.205-0500][gc,heap        ] GC(16464)  Metaspace       used 49946K, capacity 52104K, committed 53632K, reserved 1093632K
[2020-12-21T04:39:51.205-0500][gc,heap        ] GC(16464)   class space    used 7422K, capacity 8193K, committed 8832K, reserved 1048576K
[2020-12-21T04:39:51.206-0500][gc,start       ] GC(16464) Pause Young (Normal) (G1 Evacuation Pause)
[2020-12-21T04:39:51.206-0500][gc,task        ] GC(16464) Using 8 workers of 8 for evacuation
[2020-12-21T04:39:51.212-0500][gc,phases      ] GC(16464)   Pre Evacuate Collection Set: 0.0ms
[2020-12-21T04:39:51.212-0500][gc,phases      ] GC(16464)   Evacuate Collection Set: 1.6ms
[2020-12-21T04:39:51.212-0500][gc,phases      ] GC(16464)   Post Evacuate Collection Set: 4.5ms
[2020-12-21T04:39:51.212-0500][gc,phases      ] GC(16464)   Other: 0.5ms
[2020-12-21T04:39:51.212-0500][gc,heap        ] GC(16464) Eden regions: 8->0(8)
[2020-12-21T04:39:51.212-0500][gc,heap        ] GC(16464) Survivor regions: 1->1(2)
[2020-12-21T04:39:51.212-0500][gc,heap        ] GC(16464) Old regions: 42->42
[2020-12-21T04:39:51.212-0500][gc,heap        ] GC(16464) Humongous regions: 4->4
[2020-12-21T04:39:51.212-0500][gc,metaspace   ] GC(16464) Metaspace: 49946K->49946K(1093632K)
[2020-12-21T04:39:51.212-0500][gc,heap        ] GC(16464) Heap after GC invocations=16465 (full 3313): garbage-first heap   total 64512K, used 43268K [0x0000000083000000, 0x0000000100000000)
[2020-12-21T04:39:51.212-0500][gc,heap        ] GC(16464)   region size 1024K, 1 young (1024K), 1 survivors (1024K)
[2020-12-21T04:39:51.212-0500][gc,heap        ] GC(16464)  Metaspace       used 49946K, capacity 52104K, committed 53632K, reserved 1093632K
[2020-12-21T04:39:51.212-0500][gc,heap        ] GC(16464)   class space    used 7422K, capacity 8193K, committed 8832K, reserved 1048576K
[2020-12-21T04:39:51.212-0500][gc             ] GC(16464) Pause Young (Normal) (G1 Evacuation Pause) 50M->42M(63M) 6.790ms
[2020-12-21T04:39:51.212-0500][gc,cpu         ] GC(16464) User=0.02s Sys=0.00s Real=0.01s
[2020-12-21T04:41:22.275-0500][gc,heap        ] GC(16465) Heap before GC invocations=16465 (full 3313): garbage-first heap   total 64512K, used 50436K [0x0000000083000000, 0x0000000100000000)
[2020-12-21T04:41:22.275-0500][gc,heap        ] GC(16465)   region size 1024K, 9 young (9216K), 1 survivors (1024K)
[2020-12-21T04:41:22.275-0500][gc,heap        ] GC(16465)  Metaspace       used 49946K, capacity 52104K, committed 53632K, reserved 1093632K
[2020-12-21T04:41:22.275-0500][gc,heap        ] GC(16465)   class space    used 7422K, capacity 8193K, committed 8832K, reserved 1048576K
[2020-12-21T04:41:22.275-0500][gc,start       ] GC(16465) Pause Young (Normal) (G1 Evacuation Pause)
[2020-12-21T04:41:22.275-0500][gc,task        ] GC(16465) Using 8 workers of 8 for evacuation
[2020-12-21T04:41:22.280-0500][gc,phases      ] GC(16465)   Pre Evacuate Collection Set: 0.0ms
[2020-12-21T04:41:22.280-0500][gc,phases      ] GC(16465)   Evacuate Collection Set: 1.4ms
[2020-12-21T04:41:22.280-0500][gc,phases      ] GC(16465)   Post Evacuate Collection Set: 2.9ms
[2020-12-21T04:41:22.280-0500][gc,phases      ] GC(16465)   Other: 0.5ms
[2020-12-21T04:41:22.280-0500][gc,heap        ] GC(16465) Eden regions: 8->0(8)
[2020-12-21T04:41:22.280-0500][gc,heap        ] GC(16465) Survivor regions: 1->1(2)
[2020-12-21T04:41:22.280-0500][gc,heap        ] GC(16465) Old regions: 42->42
[2020-12-21T04:41:22.280-0500][gc,heap        ] GC(16465) Humongous regions: 4->4
[2020-12-21T04:41:22.280-0500][gc,metaspace   ] GC(16465) Metaspace: 49946K->49946K(1093632K)
[2020-12-21T04:41:22.280-0500][gc,heap        ] GC(16465) Heap after GC invocations=16466 (full 3313): garbage-first heap   total 64512K, used 43288K [0x0000000083000000, 0x0000000100000000)
[2020-12-21T04:41:22.280-0500][gc,heap        ] GC(16465)   region size 1024K, 1 young (1024K), 1 survivors (1024K)
[2020-12-21T04:41:22.280-0500][gc,heap        ] GC(16465)  Metaspace       used 49946K, capacity 52104K, committed 53632K, reserved 1093632K
[2020-12-21T04:41:22.280-0500][gc,heap        ] GC(16465)   class space    used 7422K, capacity 8193K, committed 8832K, reserved 1048576K
[2020-12-21T04:41:22.280-0500][gc             ] GC(16465) Pause Young (Normal) (G1 Evacuation Pause) 50M->42M(63M) 4.935ms
[2020-12-21T04:41:22.280-0500][gc,cpu         ] GC(16465) User=0.00s Sys=0.00s Real=0.01s
[2020-12-21T04:41:45.190-0500][gc,task        ] GC(16466) Using 5 workers of 8 for full compaction
[2020-12-21T04:41:45.190-0500][gc,start       ] GC(16466) Pause Full (System.gc())
[2020-12-21T04:41:45.190-0500][gc,heap        ] GC(16466) Heap before GC invocations=16466 (full 3313): garbage-first heap   total 64512K, used 44312K [0x0000000083000000, 0x0000000100000000)
[2020-12-21T04:41:45.190-0500][gc,heap        ] GC(16466)   region size 1024K, 3 young (3072K), 1 survivors (1024K)
[2020-12-21T04:41:45.191-0500][gc,heap        ] GC(16466)  Metaspace       used 49946K, capacity 52104K, committed 53632K, reserved 1093632K
[2020-12-21T04:41:45.191-0500][gc,heap        ] GC(16466)   class space    used 7422K, capacity 8193K, committed 8832K, reserved 1048576K
[2020-12-21T04:41:45.191-0500][gc,phases,start] GC(16466) Phase 1: Mark live objects
[2020-12-21T04:41:45.231-0500][gc,stringtable ] GC(16466) Cleaned string and symbol table, strings: 33106 processed, 4 removed, symbols: 120816 processed, 0 removed
[2020-12-21T04:41:45.231-0500][gc,phases      ] GC(16466) Phase 1: Mark live objects 39.813ms
[2020-12-21T04:41:45.231-0500][gc,phases,start] GC(16466) Phase 2: Prepare for compaction
[2020-12-21T04:41:45.236-0500][gc,phases      ] GC(16466) Phase 2: Prepare for compaction 5.040ms
[2020-12-21T04:41:45.236-0500][gc,phases,start] GC(16466) Phase 3: Adjust pointers
[2020-12-21T04:41:45.249-0500][gc,phases      ] GC(16466) Phase 3: Adjust pointers 13.157ms
[2020-12-21T04:41:45.249-0500][gc,phases,start] GC(16466) Phase 4: Compact heap
[2020-12-21T04:41:45.252-0500][gc,phases      ] GC(16466) Phase 4: Compact heap 2.458ms
[2020-12-21T04:41:45.257-0500][gc,heap        ] GC(16466) Eden regions: 2->0(10)
[2020-12-21T04:41:45.257-0500][gc,heap        ] GC(16466) Survivor regions: 1->0(2)
[2020-12-21T04:41:45.257-0500][gc,heap        ] GC(16466) Old regions: 42->41
[2020-12-21T04:41:45.257-0500][gc,heap        ] GC(16466) Humongous regions: 4->4
[2020-12-21T04:41:45.257-0500][gc,metaspace   ] GC(16466) Metaspace: 49946K->49946K(1093632K)
[2020-12-21T04:41:45.257-0500][gc,heap        ] GC(16466) Heap after GC invocations=16467 (full 3314): garbage-first heap   total 64512K, used 43200K [0x0000000083000000, 0x0000000100000000)
[2020-12-21T04:41:45.257-0500][gc,heap        ] GC(16466)   region size 1024K, 0 young (0K), 0 survivors (0K)
[2020-12-21T04:41:45.257-0500][gc,heap        ] GC(16466)  Metaspace       used 49946K, capacity 52104K, committed 53632K, reserved 1093632K
[2020-12-21T04:41:45.258-0500][gc,heap        ] GC(16466)   class space    used 7422K, capacity 8193K, committed 8832K, reserved 1048576K
[2020-12-21T04:41:45.258-0500][gc             ] GC(16466) Pause Full (System.gc()) 43M->42M(63M) 67.100ms
[2020-12-21T04:41:45.258-0500][gc,cpu         ] GC(16466) User=0.28s Sys=0.00s Real=0.07s
[2020-12-21T04:43:36.016-0500][gc,heap        ] GC(16467) Heap before GC invocations=16467 (full 3314): garbage-first heap   total 64512K, used 52416K [0x0000000083000000, 0x0000000100000000)
[2020-12-21T04:43:36.016-0500][gc,heap        ] GC(16467)   region size 1024K, 10 young (10240K), 0 survivors (0K)
[2020-12-21T04:43:36.016-0500][gc,heap        ] GC(16467)  Metaspace       used 49946K, capacity 52104K, committed 53632K, reserved 1093632K
[2020-12-21T04:43:36.016-0500][gc,heap        ] GC(16467)   class space    used 7422K, capacity 8193K, committed 8832K, reserved 1048576K
[2020-12-21T04:43:36.017-0500][gc,start       ] GC(16467) Pause Young (Normal) (G1 Evacuation Pause)
[2020-12-21T04:43:36.017-0500][gc,task        ] GC(16467) Using 8 workers of 8 for evacuation
[2020-12-21T04:43:36.024-0500][gc,phases      ] GC(16467)   Pre Evacuate Collection Set: 0.0ms
[2020-12-21T04:43:36.024-0500][gc,phases      ] GC(16467)   Evacuate Collection Set: 3.9ms
[2020-12-21T04:43:36.024-0500][gc,phases      ] GC(16467)   Post Evacuate Collection Set: 2.9ms
[2020-12-21T04:43:36.024-0500][gc,phases      ] GC(16467)   Other: 0.4ms
[2020-12-21T04:43:36.024-0500][gc,heap        ] GC(16467) Eden regions: 10->0(9)
[2020-12-21T04:43:36.024-0500][gc,heap        ] GC(16467) Survivor regions: 0->1(2)
[2020-12-21T04:43:36.024-0500][gc,heap        ] GC(16467) Old regions: 41->41
[2020-12-21T04:43:36.024-0500][gc,heap        ] GC(16467) Humongous regions: 4->4
[2020-12-21T04:43:36.024-0500][gc,metaspace   ] GC(16467) Metaspace: 49946K->49946K(1093632K)
[2020-12-21T04:43:36.024-0500][gc,heap        ] GC(16467) Heap after GC invocations=16468 (full 3314): garbage-first heap   total 64512K, used 43265K [0x0000000083000000, 0x0000000100000000)
[2020-12-21T04:43:36.024-0500][gc,heap        ] GC(16467)   region size 1024K, 1 young (1024K), 1 survivors (1024K)
[2020-12-21T04:43:36.024-0500][gc,heap        ] GC(16467)  Metaspace       used 49946K, capacity 52104K, committed 53632K, reserved 1093632K
[2020-12-21T04:43:36.024-0500][gc,heap        ] GC(16467)   class space    used 7422K, capacity 8193K, committed 8832K, reserved 1048576K
[2020-12-21T04:43:36.024-0500][gc             ] GC(16467) Pause Young (Normal) (G1 Evacuation Pause) 52M->42M(63M) 7.406ms
[2020-12-21T04:43:36.024-0500][gc,cpu         ] GC(16467) User=0.03s Sys=0.01s Real=0.01s
[2020-12-21T04:45:20.711-0500][gc,heap        ] GC(16468) Heap before GC invocations=16468 (full 3314): garbage-first heap   total 64512K, used 51457K [0x0000000083000000, 0x0000000100000000)
[2020-12-21T04:45:20.711-0500][gc,heap        ] GC(16468)   region size 1024K, 10 young (10240K), 1 survivors (1024K)
[2020-12-21T04:45:20.711-0500][gc,heap        ] GC(16468)  Metaspace       used 49946K, capacity 52104K, committed 53632K, reserved 1093632K
[2020-12-21T04:45:20.711-0500][gc,heap        ] GC(16468)   class space    used 7422K, capacity 8193K, committed 8832K, reserved 1048576K
[2020-12-21T04:45:20.711-0500][gc,start       ] GC(16468) Pause Young (Normal) (G1 Evacuation Pause)
[2020-12-21T04:45:20.711-0500][gc,task        ] GC(16468) Using 8 workers of 8 for evacuation
[2020-12-21T04:45:20.717-0500][gc,phases      ] GC(16468)   Pre Evacuate Collection Set: 0.0ms
[2020-12-21T04:45:20.717-0500][gc,phases      ] GC(16468)   Evacuate Collection Set: 2.0ms
[2020-12-21T04:45:20.717-0500][gc,phases      ] GC(16468)   Post Evacuate Collection Set: 3.4ms
[2020-12-21T04:45:20.717-0500][gc,phases      ] GC(16468)   Other: 0.5ms
[2020-12-21T04:45:20.717-0500][gc,heap        ] GC(16468) Eden regions: 9->0(9)
[2020-12-21T04:45:20.717-0500][gc,heap        ] GC(16468) Survivor regions: 1->1(2)
[2020-12-21T04:45:20.717-0500][gc,heap        ] GC(16468) Old regions: 41->41
[2020-12-21T04:45:20.717-0500][gc,heap        ] GC(16468) Humongous regions: 4->4
[2020-12-21T04:45:20.717-0500][gc,metaspace   ] GC(16468) Metaspace: 49946K->49946K(1093632K)
[2020-12-21T04:45:20.717-0500][gc,heap        ] GC(16468) Heap after GC invocations=16469 (full 3314): garbage-first heap   total 64512K, used 43267K [0x0000000083000000, 0x0000000100000000)
[2020-12-21T04:45:20.717-0500][gc,heap        ] GC(16468)   region size 1024K, 1 young (1024K), 1 survivors (1024K)
[2020-12-21T04:45:20.717-0500][gc,heap        ] GC(16468)  Metaspace       used 49946K, capacity 52104K, committed 53632K, reserved 1093632K
[2020-12-21T04:45:20.717-0500][gc,heap        ] GC(16468)   class space    used 7422K, capacity 8193K, committed 8832K, reserved 1048576K
[2020-12-21T04:45:20.717-0500][gc             ] GC(16468) Pause Young (Normal) (G1 Evacuation Pause) 51M->42M(63M) 6.039ms
[2020-12-21T04:45:20.717-0500][gc,cpu         ] GC(16468) User=0.02s Sys=0.00s Real=0.00s
[2020-12-21T04:46:45.190-0500][gc,task        ] GC(16469) Using 5 workers of 8 for full compaction
[2020-12-21T04:46:45.190-0500][gc,start       ] GC(16469) Pause Full (System.gc())
[2020-12-21T04:46:45.190-0500][gc,heap        ] GC(16469) Heap before GC invocations=16469 (full 3314): garbage-first heap   total 64512K, used 50435K [0x0000000083000000, 0x0000000100000000)
[2020-12-21T04:46:45.190-0500][gc,heap        ] GC(16469)   region size 1024K, 9 young (9216K), 1 survivors (1024K)
[2020-12-21T04:46:45.190-0500][gc,heap        ] GC(16469)  Metaspace       used 49946K, capacity 52104K, committed 53632K, reserved 1093632K
[2020-12-21T04:46:45.190-0500][gc,heap        ] GC(16469)   class space    used 7422K, capacity 8193K, committed 8832K, reserved 1048576K
[2020-12-21T04:46:45.191-0500][gc,phases,start] GC(16469) Phase 1: Mark live objects
[2020-12-21T04:46:45.231-0500][gc,stringtable ] GC(16469) Cleaned string and symbol table, strings: 33106 processed, 4 removed, symbols: 120816 processed, 0 removed
[2020-12-21T04:46:45.231-0500][gc,phases      ] GC(16469) Phase 1: Mark live objects 40.302ms
[2020-12-21T04:46:45.231-0500][gc,phases,start] GC(16469) Phase 2: Prepare for compaction
[2020-12-21T04:46:45.235-0500][gc,phases      ] GC(16469) Phase 2: Prepare for compaction 4.108ms
[2020-12-21T04:46:45.235-0500][gc,phases,start] GC(16469) Phase 3: Adjust pointers
[2020-12-21T04:46:45.248-0500][gc,phases      ] GC(16469) Phase 3: Adjust pointers 12.370ms
[2020-12-21T04:46:45.248-0500][gc,phases,start] GC(16469) Phase 4: Compact heap
[2020-12-21T04:46:45.250-0500][gc,phases      ] GC(16469) Phase 4: Compact heap 2.553ms
[2020-12-21T04:46:45.256-0500][gc,heap        ] GC(16469) Eden regions: 8->0(10)
[2020-12-21T04:46:45.256-0500][gc,heap        ] GC(16469) Survivor regions: 1->0(2)
[2020-12-21T04:46:45.256-0500][gc,heap        ] GC(16469) Old regions: 41->41
[2020-12-21T04:46:45.256-0500][gc,heap        ] GC(16469) Humongous regions: 4->4
[2020-12-21T04:46:45.256-0500][gc,metaspace   ] GC(16469) Metaspace: 49946K->49946K(1093632K)
[2020-12-21T04:46:45.256-0500][gc,heap        ] GC(16469) Heap after GC invocations=16470 (full 3315): garbage-first heap   total 64512K, used 43217K [0x0000000083000000, 0x0000000100000000)
[2020-12-21T04:46:45.256-0500][gc,heap        ] GC(16469)   region size 1024K, 0 young (0K), 0 survivors (0K)
[2020-12-21T04:46:45.256-0500][gc,heap        ] GC(16469)  Metaspace       used 49946K, capacity 52104K, committed 53632K, reserved 1093632K
[2020-12-21T04:46:45.256-0500][gc,heap        ] GC(16469)   class space    used 7422K, capacity 8193K, committed 8832K, reserved 1048576K
[2020-12-21T04:46:45.256-0500][gc             ] GC(16469) Pause Full (System.gc()) 49M->42M(63M) 66.069ms
[2020-12-21T04:46:45.256-0500][gc,cpu         ] GC(16469) User=0.28s Sys=0.00s Real=0.06s
[2020-12-21T04:48:36.013-0500][gc,heap        ] GC(16470) Heap before GC invocations=16470 (full 3315): garbage-first heap   total 64512K, used 52433K [0x0000000083000000, 0x0000000100000000)
[2020-12-21T04:48:36.013-0500][gc,heap        ] GC(16470)   region size 1024K, 10 young (10240K), 0 survivors (0K)
[2020-12-21T04:48:36.013-0500][gc,heap        ] GC(16470)  Metaspace       used 49946K, capacity 52104K, committed 53632K, reserved 1093632K
[2020-12-21T04:48:36.013-0500][gc,heap        ] GC(16470)   class space    used 7422K, capacity 8193K, committed 8832K, reserved 1048576K
[2020-12-21T04:48:36.013-0500][gc,start       ] GC(16470) Pause Young (Normal) (G1 Evacuation Pause)
[2020-12-21T04:48:36.013-0500][gc,task        ] GC(16470) Using 8 workers of 8 for evacuation
[2020-12-21T04:48:36.014-0500][gc,phases      ] GC(16470)   Pre Evacuate Collection Set: 0.0ms
[2020-12-21T04:48:36.014-0500][gc,phases      ] GC(16470)   Evacuate Collection Set: 0.6ms
[2020-12-21T04:48:36.014-0500][gc,phases      ] GC(16470)   Post Evacuate Collection Set: 0.9ms
[2020-12-21T04:48:36.014-0500][gc,phases      ] GC(16470)   Other: 0.3ms
[2020-12-21T04:48:36.014-0500][gc,heap        ] GC(16470) Eden regions: 10->0(9)
[2020-12-21T04:48:36.014-0500][gc,heap        ] GC(16470) Survivor regions: 0->1(2)
[2020-12-21T04:48:36.014-0500][gc,heap        ] GC(16470) Old regions: 41->41
[2020-12-21T04:48:36.014-0500][gc,heap        ] GC(16470) Humongous regions: 4->4
[2020-12-21T04:48:36.014-0500][gc,metaspace   ] GC(16470) Metaspace: 49946K->49946K(1093632K)
[2020-12-21T04:48:36.014-0500][gc,heap        ] GC(16470) Heap after GC invocations=16471 (full 3315): garbage-first heap   total 64512K, used 43293K [0x0000000083000000, 0x0000000100000000)
[2020-12-21T04:48:36.015-0500][gc,heap        ] GC(16470)   region size 1024K, 1 young (1024K), 1 survivors (1024K)
[2020-12-21T04:48:36.015-0500][gc,heap        ] GC(16470)  Metaspace       used 49946K, capacity 52104K, committed 53632K, reserved 1093632K
[2020-12-21T04:48:36.015-0500][gc,heap        ] GC(16470)   class space    used 7422K, capacity 8193K, committed 8832K, reserved 1048576K
[2020-12-21T04:48:36.015-0500][gc             ] GC(16470) Pause Young (Normal) (G1 Evacuation Pause) 52M->42M(63M) 1.677ms
[2020-12-21T04:48:36.015-0500][gc,cpu         ] GC(16470) User=0.01s Sys=0.01s Real=0.00s
[2020-12-21T04:50:16.015-0500][gc,heap        ] GC(16471) Heap before GC invocations=16471 (full 3315): garbage-first heap   total 64512K, used 51485K [0x0000000083000000, 0x0000000100000000)
[2020-12-21T04:50:16.016-0500][gc,heap        ] GC(16471)   region size 1024K, 10 young (10240K), 1 survivors (1024K)
[2020-12-21T04:50:16.016-0500][gc,heap        ] GC(16471)  Metaspace       used 49946K, capacity 52104K, committed 53632K, reserved 1093632K
[2020-12-21T04:50:16.016-0500][gc,heap        ] GC(16471)   class space    used 7422K, capacity 8193K, committed 8832K, reserved 1048576K
[2020-12-21T04:50:16.016-0500][gc,start       ] GC(16471) Pause Young (Normal) (G1 Evacuation Pause)
[2020-12-21T04:50:16.016-0500][gc,task        ] GC(16471) Using 8 workers of 8 for evacuation
[2020-12-21T04:50:16.022-0500][gc,phases      ] GC(16471)   Pre Evacuate Collection Set: 0.0ms
[2020-12-21T04:50:16.022-0500][gc,phases      ] GC(16471)   Evacuate Collection Set: 2.4ms
[2020-12-21T04:50:16.022-0500][gc,phases      ] GC(16471)   Post Evacuate Collection Set: 3.4ms
[2020-12-21T04:50:16.022-0500][gc,phases      ] GC(16471)   Other: 0.6ms
[2020-12-21T04:50:16.022-0500][gc,heap        ] GC(16471) Eden regions: 9->0(9)
[2020-12-21T04:50:16.022-0500][gc,heap        ] GC(16471) Survivor regions: 1->1(2)
[2020-12-21T04:50:16.022-0500][gc,heap        ] GC(16471) Old regions: 41->41
[2020-12-21T04:50:16.022-0500][gc,heap        ] GC(16471) Humongous regions: 4->4
[2020-12-21T04:50:16.022-0500][gc,metaspace   ] GC(16471) Metaspace: 49946K->49946K(1093632K)
[2020-12-21T04:50:16.022-0500][gc,heap        ] GC(16471) Heap after GC invocations=16472 (full 3315): garbage-first heap   total 64512K, used 43288K [0x0000000083000000, 0x0000000100000000)
[2020-12-21T04:50:16.022-0500][gc,heap        ] GC(16471)   region size 1024K, 1 young (1024K), 1 survivors (1024K)
[2020-12-21T04:50:16.022-0500][gc,heap        ] GC(16471)  Metaspace       used 49946K, capacity 52104K, committed 53632K, reserved 1093632K
[2020-12-21T04:50:16.022-0500][gc,heap        ] GC(16471)   class space    used 7422K, capacity 8193K, committed 8832K, reserved 1048576K
[2020-12-21T04:50:16.022-0500][gc             ] GC(16471) Pause Young (Normal) (G1 Evacuation Pause) 51M->42M(63M) 6.532ms
[2020-12-21T04:50:16.022-0500][gc,cpu         ] GC(16471) User=0.01s Sys=0.01s Real=0.01s
[2020-12-21T04:51:45.191-0500][gc,task        ] GC(16472) Using 5 workers of 8 for full compaction
[2020-12-21T04:51:45.191-0500][gc,start       ] GC(16472) Pause Full (System.gc())
[2020-12-21T04:51:45.191-0500][gc,heap        ] GC(16472) Heap before GC invocations=16472 (full 3315): garbage-first heap   total 64512K, used 49432K [0x0000000083000000, 0x0000000100000000)
[2020-12-21T04:51:45.191-0500][gc,heap        ] GC(16472)   region size 1024K, 9 young (9216K), 1 survivors (1024K)
[2020-12-21T04:51:45.191-0500][gc,heap        ] GC(16472)  Metaspace       used 49946K, capacity 52104K, committed 53632K, reserved 1093632K
[2020-12-21T04:51:45.191-0500][gc,heap        ] GC(16472)   class space    used 7422K, capacity 8193K, committed 8832K, reserved 1048576K
[2020-12-21T04:51:45.192-0500][gc,phases,start] GC(16472) Phase 1: Mark live objects
[2020-12-21T04:51:45.229-0500][gc,stringtable ] GC(16472) Cleaned string and symbol table, strings: 33106 processed, 4 removed, symbols: 120816 processed, 0 removed
[2020-12-21T04:51:45.229-0500][gc,phases      ] GC(16472) Phase 1: Mark live objects 36.804ms
[2020-12-21T04:51:45.229-0500][gc,phases,start] GC(16472) Phase 2: Prepare for compaction
[2020-12-21T04:51:45.232-0500][gc,phases      ] GC(16472) Phase 2: Prepare for compaction 3.056ms
[2020-12-21T04:51:45.232-0500][gc,phases,start] GC(16472) Phase 3: Adjust pointers
[2020-12-21T04:51:45.242-0500][gc,phases      ] GC(16472) Phase 3: Adjust pointers 10.185ms
[2020-12-21T04:51:45.242-0500][gc,phases,start] GC(16472) Phase 4: Compact heap
[2020-12-21T04:51:45.245-0500][gc,phases      ] GC(16472) Phase 4: Compact heap 2.561ms
[2020-12-21T04:51:45.251-0500][gc,heap        ] GC(16472) Eden regions: 8->0(10)
[2020-12-21T04:51:45.251-0500][gc,heap        ] GC(16472) Survivor regions: 1->0(2)
[2020-12-21T04:51:45.251-0500][gc,heap        ] GC(16472) Old regions: 41->41
[2020-12-21T04:51:45.251-0500][gc,heap        ] GC(16472) Humongous regions: 4->4
[2020-12-21T04:51:45.251-0500][gc,metaspace   ] GC(16472) Metaspace: 49946K->49946K(1093632K)
[2020-12-21T04:51:45.251-0500][gc,heap        ] GC(16472) Heap after GC invocations=16473 (full 3316): garbage-first heap   total 64512K, used 43219K [0x0000000083000000, 0x0000000100000000)
[2020-12-21T04:51:45.251-0500][gc,heap        ] GC(16472)   region size 1024K, 0 young (0K), 0 survivors (0K)
[2020-12-21T04:51:45.251-0500][gc,heap        ] GC(16472)  Metaspace       used 49946K, capacity 52104K, committed 53632K, reserved 1093632K
[2020-12-21T04:51:45.251-0500][gc,heap        ] GC(16472)   class space    used 7422K, capacity 8193K, committed 8832K, reserved 1048576K
[2020-12-21T04:51:45.251-0500][gc             ] GC(16472) Pause Full (System.gc()) 49M->42M(63M) 59.560ms
[2020-12-21T04:51:45.251-0500][gc,cpu         ] GC(16472) User=0.25s Sys=0.00s Real=0.06s
[2020-12-21T04:53:36.019-0500][gc,heap        ] GC(16473) Heap before GC invocations=16473 (full 3316): garbage-first heap   total 64512K, used 52435K [0x0000000083000000, 0x0000000100000000)
[2020-12-21T04:53:36.019-0500][gc,heap        ] GC(16473)   region size 1024K, 10 young (10240K), 0 survivors (0K)
[2020-12-21T04:53:36.019-0500][gc,heap        ] GC(16473)  Metaspace       used 49946K, capacity 52104K, committed 53632K, reserved 1093632K
[2020-12-21T04:53:36.019-0500][gc,heap        ] GC(16473)   class space    used 7422K, capacity 8193K, committed 8832K, reserved 1048576K
[2020-12-21T04:53:36.020-0500][gc,start       ] GC(16473) Pause Young (Normal) (G1 Evacuation Pause)
[2020-12-21T04:53:36.020-0500][gc,task        ] GC(16473) Using 8 workers of 8 for evacuation
[2020-12-21T04:53:36.036-0500][gc,phases      ] GC(16473)   Pre Evacuate Collection Set: 0.0ms
[2020-12-21T04:53:36.037-0500][gc,phases      ] GC(16473)   Evacuate Collection Set: 5.7ms
[2020-12-21T04:53:36.037-0500][gc,phases      ] GC(16473)   Post Evacuate Collection Set: 10.9ms
[2020-12-21T04:53:36.037-0500][gc,phases      ] GC(16473)   Other: 0.5ms
[2020-12-21T04:53:36.037-0500][gc,heap        ] GC(16473) Eden regions: 10->0(9)
[2020-12-21T04:53:36.037-0500][gc,heap        ] GC(16473) Survivor regions: 0->1(2)
[2020-12-21T04:53:36.037-0500][gc,heap        ] GC(16473) Old regions: 41->41
[2020-12-21T04:53:36.037-0500][gc,heap        ] GC(16473) Humongous regions: 4->4
[2020-12-21T04:53:36.037-0500][gc,metaspace   ] GC(16473) Metaspace: 49946K->49946K(1093632K)
[2020-12-21T04:53:36.037-0500][gc,heap        ] GC(16473) Heap after GC invocations=16474 (full 3316): garbage-first heap   total 64512K, used 43282K [0x0000000083000000, 0x0000000100000000)
[2020-12-21T04:53:36.037-0500][gc,heap        ] GC(16473)   region size 1024K, 1 young (1024K), 1 survivors (1024K)
[2020-12-21T04:53:36.037-0500][gc,heap        ] GC(16473)  Metaspace       used 49946K, capacity 52104K, committed 53632K, reserved 1093632K
[2020-12-21T04:53:36.037-0500][gc,heap        ] GC(16473)   class space    used 7422K, capacity 8193K, committed 8832K, reserved 1048576K
[2020-12-21T04:53:36.037-0500][gc             ] GC(16473) Pause Young (Normal) (G1 Evacuation Pause) 52M->42M(63M) 17.392ms
[2020-12-21T04:53:36.037-0500][gc,cpu         ] GC(16473) User=0.03s Sys=0.00s Real=0.01s
[2020-12-21T04:55:18.909-0500][gc,heap        ] GC(16474) Heap before GC invocations=16474 (full 3316): garbage-first heap   total 64512K, used 51474K [0x0000000083000000, 0x0000000100000000)
[2020-12-21T04:55:18.909-0500][gc,heap        ] GC(16474)   region size 1024K, 10 young (10240K), 1 survivors (1024K)
[2020-12-21T04:55:18.909-0500][gc,heap        ] GC(16474)  Metaspace       used 49946K, capacity 52104K, committed 53632K, reserved 1093632K
[2020-12-21T04:55:18.909-0500][gc,heap        ] GC(16474)   class space    used 7422K, capacity 8193K, committed 8832K, reserved 1048576K
[2020-12-21T04:55:18.909-0500][gc,start       ] GC(16474) Pause Young (Normal) (G1 Evacuation Pause)
[2020-12-21T04:55:18.909-0500][gc,task        ] GC(16474) Using 8 workers of 8 for evacuation
[2020-12-21T04:55:18.913-0500][gc,phases      ] GC(16474)   Pre Evacuate Collection Set: 0.0ms
[2020-12-21T04:55:18.913-0500][gc,phases      ] GC(16474)   Evacuate Collection Set: 1.1ms
[2020-12-21T04:55:18.913-0500][gc,phases      ] GC(16474)   Post Evacuate Collection Set: 2.3ms
[2020-12-21T04:55:18.913-0500][gc,phases      ] GC(16474)   Other: 0.5ms
[2020-12-21T04:55:18.913-0500][gc,heap        ] GC(16474) Eden regions: 9->0(9)
[2020-12-21T04:55:18.913-0500][gc,heap        ] GC(16474) Survivor regions: 1->1(2)
[2020-12-21T04:55:18.913-0500][gc,heap        ] GC(16474) Old regions: 41->41
[2020-12-21T04:55:18.913-0500][gc,heap        ] GC(16474) Humongous regions: 4->4
[2020-12-21T04:55:18.913-0500][gc,metaspace   ] GC(16474) Metaspace: 49946K->49946K(1093632K)
[2020-12-21T04:55:18.913-0500][gc,heap        ] GC(16474) Heap after GC invocations=16475 (full 3316): garbage-first heap   total 64512K, used 43270K [0x0000000083000000, 0x0000000100000000)
[2020-12-21T04:55:18.913-0500][gc,heap        ] GC(16474)   region size 1024K, 1 young (1024K), 1 survivors (1024K)
[2020-12-21T04:55:18.913-0500][gc,heap        ] GC(16474)  Metaspace       used 49946K, capacity 52104K, committed 53632K, reserved 1093632K
[2020-12-21T04:55:18.913-0500][gc,heap        ] GC(16474)   class space    used 7422K, capacity 8193K, committed 8832K, reserved 1048576K
[2020-12-21T04:55:18.913-0500][gc             ] GC(16474) Pause Young (Normal) (G1 Evacuation Pause) 51M->42M(63M) 4.012ms
[2020-12-21T04:55:18.913-0500][gc,cpu         ] GC(16474) User=0.01s Sys=0.00s Real=0.00s
[2020-12-21T04:56:45.190-0500][gc,task        ] GC(16475) Using 5 workers of 8 for full compaction
[2020-12-21T04:56:45.190-0500][gc,start       ] GC(16475) Pause Full (System.gc())
[2020-12-21T04:56:45.190-0500][gc,heap        ] GC(16475) Heap before GC invocations=16475 (full 3316): garbage-first heap   total 64512K, used 50438K [0x0000000083000000, 0x0000000100000000)
[2020-12-21T04:56:45.190-0500][gc,heap        ] GC(16475)   region size 1024K, 9 young (9216K), 1 survivors (1024K)
[2020-12-21T04:56:45.190-0500][gc,heap        ] GC(16475)  Metaspace       used 49946K, capacity 52104K, committed 53632K, reserved 1093632K
[2020-12-21T04:56:45.190-0500][gc,heap        ] GC(16475)   class space    used 7422K, capacity 8193K, committed 8832K, reserved 1048576K
[2020-12-21T04:56:45.190-0500][gc,phases,start] GC(16475) Phase 1: Mark live objects
[2020-12-21T04:56:45.234-0500][gc,stringtable ] GC(16475) Cleaned string and symbol table, strings: 33106 processed, 4 removed, symbols: 120816 processed, 0 removed
[2020-12-21T04:56:45.234-0500][gc,phases      ] GC(16475) Phase 1: Mark live objects 43.324ms
[2020-12-21T04:56:45.234-0500][gc,phases,start] GC(16475) Phase 2: Prepare for compaction
[2020-12-21T04:56:45.238-0500][gc,phases      ] GC(16475) Phase 2: Prepare for compaction 3.928ms
[2020-12-21T04:56:45.238-0500][gc,phases,start] GC(16475) Phase 3: Adjust pointers
[2020-12-21T04:56:45.249-0500][gc,phases      ] GC(16475) Phase 3: Adjust pointers 11.487ms
[2020-12-21T04:56:45.249-0500][gc,phases,start] GC(16475) Phase 4: Compact heap
[2020-12-21T04:56:45.252-0500][gc,phases      ] GC(16475) Phase 4: Compact heap 2.689ms
[2020-12-21T04:56:45.258-0500][gc,heap        ] GC(16475) Eden regions: 8->0(8)
[2020-12-21T04:56:45.258-0500][gc,heap        ] GC(16475) Survivor regions: 1->0(2)
[2020-12-21T04:56:45.258-0500][gc,heap        ] GC(16475) Old regions: 41->43
[2020-12-21T04:56:45.258-0500][gc,heap        ] GC(16475) Humongous regions: 4->4
[2020-12-21T04:56:45.258-0500][gc,metaspace   ] GC(16475) Metaspace: 49946K->49946K(1093632K)
[2020-12-21T04:56:45.258-0500][gc,heap        ] GC(16475) Heap after GC invocations=16476 (full 3317): garbage-first heap   total 64512K, used 43222K [0x0000000083000000, 0x0000000100000000)
[2020-12-21T04:56:45.258-0500][gc,heap        ] GC(16475)   region size 1024K, 0 young (0K), 0 survivors (0K)
[2020-12-21T04:56:45.258-0500][gc,heap        ] GC(16475)  Metaspace       used 49946K, capacity 52104K, committed 53632K, reserved 1093632K
[2020-12-21T04:56:45.258-0500][gc,heap        ] GC(16475)   class space    used 7422K, capacity 8193K, committed 8832K, reserved 1048576K
[2020-12-21T04:56:45.258-0500][gc             ] GC(16475) Pause Full (System.gc()) 49M->42M(63M) 68.216ms
[2020-12-21T04:56:45.258-0500][gc,cpu         ] GC(16475) User=0.27s Sys=0.00s Real=0.07s
[2020-12-21T04:58:16.014-0500][gc,heap        ] GC(16476) Heap before GC invocations=16476 (full 3317): garbage-first heap   total 64512K, used 51414K [0x0000000083000000, 0x0000000100000000)
[2020-12-21T04:58:16.014-0500][gc,heap        ] GC(16476)   region size 1024K, 8 young (8192K), 0 survivors (0K)
[2020-12-21T04:58:16.014-0500][gc,heap        ] GC(16476)  Metaspace       used 49946K, capacity 52104K, committed 53632K, reserved 1093632K
[2020-12-21T04:58:16.014-0500][gc,heap        ] GC(16476)   class space    used 7422K, capacity 8193K, committed 8832K, reserved 1048576K
[2020-12-21T04:58:16.014-0500][gc,start       ] GC(16476) Pause Young (Normal) (G1 Evacuation Pause)
[2020-12-21T04:58:16.014-0500][gc,task        ] GC(16476) Using 8 workers of 8 for evacuation
[2020-12-21T04:58:16.018-0500][gc,phases      ] GC(16476)   Pre Evacuate Collection Set: 0.0ms
[2020-12-21T04:58:16.018-0500][gc,phases      ] GC(16476)   Evacuate Collection Set: 1.4ms
[2020-12-21T04:58:16.018-0500][gc,phases      ] GC(16476)   Post Evacuate Collection Set: 2.3ms
[2020-12-21T04:58:16.018-0500][gc,phases      ] GC(16476)   Other: 0.5ms
[2020-12-21T04:58:16.018-0500][gc,heap        ] GC(16476) Eden regions: 8->0(7)
[2020-12-21T04:58:16.018-0500][gc,heap        ] GC(16476) Survivor regions: 0->1(1)
[2020-12-21T04:58:16.018-0500][gc,heap        ] GC(16476) Old regions: 43->43
[2020-12-21T04:58:16.018-0500][gc,heap        ] GC(16476) Humongous regions: 4->4
[2020-12-21T04:58:16.018-0500][gc,metaspace   ] GC(16476) Metaspace: 49946K->49946K(1093632K)
[2020-12-21T04:58:16.018-0500][gc,heap        ] GC(16476) Heap after GC invocations=16477 (full 3317): garbage-first heap   total 64512K, used 43290K [0x0000000083000000, 0x0000000100000000)
[2020-12-21T04:58:16.018-0500][gc,heap        ] GC(16476)   region size 1024K, 1 young (1024K), 1 survivors (1024K)
[2020-12-21T04:58:16.018-0500][gc,heap        ] GC(16476)  Metaspace       used 49946K, capacity 52104K, committed 53632K, reserved 1093632K
[2020-12-21T04:58:16.018-0500][gc,heap        ] GC(16476)   class space    used 7422K, capacity 8193K, committed 8832K, reserved 1048576K
[2020-12-21T04:58:16.018-0500][gc             ] GC(16476) Pause Young (Normal) (G1 Evacuation Pause) 50M->42M(63M) 4.304ms
[2020-12-21T04:58:16.019-0500][gc,cpu         ] GC(16476) User=0.01s Sys=0.01s Real=0.01s
[2020-12-21T04:59:34.906-0500][gc,heap        ] GC(16477) Heap before GC invocations=16477 (full 3317): garbage-first heap   total 64512K, used 49434K [0x0000000083000000, 0x0000000100000000)
[2020-12-21T04:59:34.907-0500][gc,heap        ] GC(16477)   region size 1024K, 8 young (8192K), 1 survivors (1024K)
[2020-12-21T04:59:34.907-0500][gc,heap        ] GC(16477)  Metaspace       used 49946K, capacity 52104K, committed 53632K, reserved 1093632K
[2020-12-21T04:59:34.907-0500][gc,heap        ] GC(16477)   class space    used 7422K, capacity 8193K, committed 8832K, reserved 1048576K
[2020-12-21T04:59:34.907-0500][gc,start       ] GC(16477) Pause Young (Normal) (G1 Evacuation Pause)
[2020-12-21T04:59:34.907-0500][gc,task        ] GC(16477) Using 8 workers of 8 for evacuation
[2020-12-21T04:59:34.911-0500][gc,phases      ] GC(16477)   Pre Evacuate Collection Set: 0.0ms
[2020-12-21T04:59:34.911-0500][gc,phases      ] GC(16477)   Evacuate Collection Set: 1.3ms
[2020-12-21T04:59:34.911-0500][gc,phases      ] GC(16477)   Post Evacuate Collection Set: 2.8ms
[2020-12-21T04:59:34.911-0500][gc,phases      ] GC(16477)   Other: 0.5ms
[2020-12-21T04:59:34.911-0500][gc,heap        ] GC(16477) Eden regions: 7->0(7)
[2020-12-21T04:59:34.911-0500][gc,heap        ] GC(16477) Survivor regions: 1->1(1)
[2020-12-21T04:59:34.911-0500][gc,heap        ] GC(16477) Old regions: 43->43
[2020-12-21T04:59:34.911-0500][gc,heap        ] GC(16477) Humongous regions: 4->4
[2020-12-21T04:59:34.911-0500][gc,metaspace   ] GC(16477) Metaspace: 49946K->49946K(1093632K)
[2020-12-21T04:59:34.911-0500][gc,heap        ] GC(16477) Heap after GC invocations=16478 (full 3317): garbage-first heap   total 64512K, used 43261K [0x0000000083000000, 0x0000000100000000)
[2020-12-21T04:59:34.911-0500][gc,heap        ] GC(16477)   region size 1024K, 1 young (1024K), 1 survivors (1024K)
[2020-12-21T04:59:34.911-0500][gc,heap        ] GC(16477)  Metaspace       used 49946K, capacity 52104K, committed 53632K, reserved 1093632K
[2020-12-21T04:59:34.911-0500][gc,heap        ] GC(16477)   class space    used 7422K, capacity 8193K, committed 8832K, reserved 1048576K
[2020-12-21T04:59:34.912-0500][gc             ] GC(16477) Pause Young (Normal) (G1 Evacuation Pause) 49M->42M(63M) 4.793ms
[2020-12-21T04:59:34.912-0500][gc,cpu         ] GC(16477) User=0.01s Sys=0.00s Real=0.01s
[2020-12-21T05:00:53.762-0500][gc,heap        ] GC(16478) Heap before GC invocations=16478 (full 3317): garbage-first heap   total 64512K, used 50429K [0x0000000083000000, 0x0000000100000000)
[2020-12-21T05:00:53.762-0500][gc,heap        ] GC(16478)   region size 1024K, 8 young (8192K), 1 survivors (1024K)
[2020-12-21T05:00:53.762-0500][gc,heap        ] GC(16478)  Metaspace       used 49946K, capacity 52104K, committed 53632K, reserved 1093632K
[2020-12-21T05:00:53.762-0500][gc,heap        ] GC(16478)   class space    used 7422K, capacity 8193K, committed 8832K, reserved 1048576K
[2020-12-21T05:00:53.762-0500][gc,start       ] GC(16478) Pause Young (Normal) (G1 Evacuation Pause)
[2020-12-21T05:00:53.762-0500][gc,task        ] GC(16478) Using 8 workers of 8 for evacuation
[2020-12-21T05:00:53.765-0500][gc,phases      ] GC(16478)   Pre Evacuate Collection Set: 0.0ms
[2020-12-21T05:00:53.765-0500][gc,phases      ] GC(16478)   Evacuate Collection Set: 1.0ms
[2020-12-21T05:00:53.765-0500][gc,phases      ] GC(16478)   Post Evacuate Collection Set: 1.3ms
[2020-12-21T05:00:53.765-0500][gc,phases      ] GC(16478)   Other: 0.3ms
[2020-12-21T05:00:53.765-0500][gc,heap        ] GC(16478) Eden regions: 7->0(7)
[2020-12-21T05:00:53.765-0500][gc,heap        ] GC(16478) Survivor regions: 1->1(1)
[2020-12-21T05:00:53.765-0500][gc,heap        ] GC(16478) Old regions: 43->43
[2020-12-21T05:00:53.765-0500][gc,heap        ] GC(16478) Humongous regions: 4->4
[2020-12-21T05:00:53.765-0500][gc,metaspace   ] GC(16478) Metaspace: 49946K->49946K(1093632K)
[2020-12-21T05:00:53.765-0500][gc,heap        ] GC(16478) Heap after GC invocations=16479 (full 3317): garbage-first heap   total 64512K, used 43416K [0x0000000083000000, 0x0000000100000000)
[2020-12-21T05:00:53.765-0500][gc,heap        ] GC(16478)   region size 1024K, 1 young (1024K), 1 survivors (1024K)
[2020-12-21T05:00:53.765-0500][gc,heap        ] GC(16478)  Metaspace       used 49946K, capacity 52104K, committed 53632K, reserved 1093632K
[2020-12-21T05:00:53.765-0500][gc,heap        ] GC(16478)   class space    used 7422K, capacity 8193K, committed 8832K, reserved 1048576K
[2020-12-21T05:00:53.765-0500][gc             ] GC(16478) Pause Young (Normal) (G1 Evacuation Pause) 49M->42M(63M) 2.694ms
[2020-12-21T05:00:53.765-0500][gc,cpu         ] GC(16478) User=0.00s Sys=0.01s Real=0.00s
[2020-12-21T05:01:45.192-0500][gc,task        ] GC(16479) Using 5 workers of 8 for full compaction
[2020-12-21T05:01:45.192-0500][gc,start       ] GC(16479) Pause Full (System.gc())
[2020-12-21T05:01:45.192-0500][gc,heap        ] GC(16479) Heap before GC invocations=16479 (full 3317): garbage-first heap   total 64512K, used 47512K [0x0000000083000000, 0x0000000100000000)
[2020-12-21T05:01:45.192-0500][gc,heap        ] GC(16479)   region size 1024K, 6 young (6144K), 1 survivors (1024K)
[2020-12-21T05:01:45.192-0500][gc,heap        ] GC(16479)  Metaspace       used 49946K, capacity 52104K, committed 53632K, reserved 1093632K
[2020-12-21T05:01:45.192-0500][gc,heap        ] GC(16479)   class space    used 7422K, capacity 8193K, committed 8832K, reserved 1048576K
[2020-12-21T05:01:45.193-0500][gc,phases,start] GC(16479) Phase 1: Mark live objects
[2020-12-21T05:01:45.233-0500][gc,stringtable ] GC(16479) Cleaned string and symbol table, strings: 33106 processed, 4 removed, symbols: 120816 processed, 0 removed
[2020-12-21T05:01:45.233-0500][gc,phases      ] GC(16479) Phase 1: Mark live objects 40.699ms
[2020-12-21T05:01:45.233-0500][gc,phases,start] GC(16479) Phase 2: Prepare for compaction
[2020-12-21T05:01:45.237-0500][gc,phases      ] GC(16479) Phase 2: Prepare for compaction 3.894ms
[2020-12-21T05:01:45.237-0500][gc,phases,start] GC(16479) Phase 3: Adjust pointers
[2020-12-21T05:01:45.249-0500][gc,phases      ] GC(16479) Phase 3: Adjust pointers 11.952ms
[2020-12-21T05:01:45.249-0500][gc,phases,start] GC(16479) Phase 4: Compact heap
[2020-12-21T05:01:45.252-0500][gc,phases      ] GC(16479) Phase 4: Compact heap 3.057ms
[2020-12-21T05:01:45.259-0500][gc,heap        ] GC(16479) Eden regions: 5->0(10)
[2020-12-21T05:01:45.259-0500][gc,heap        ] GC(16479) Survivor regions: 1->0(1)
[2020-12-21T05:01:45.259-0500][gc,heap        ] GC(16479) Old regions: 43->41
[2020-12-21T05:01:45.259-0500][gc,heap        ] GC(16479) Humongous regions: 4->4
[2020-12-21T05:01:45.259-0500][gc,metaspace   ] GC(16479) Metaspace: 49946K->49946K(1093632K)
[2020-12-21T05:01:45.259-0500][gc,heap        ] GC(16479) Heap after GC invocations=16480 (full 3318): garbage-first heap   total 64512K, used 43215K [0x0000000083000000, 0x0000000100000000)
[2020-12-21T05:01:45.259-0500][gc,heap        ] GC(16479)   region size 1024K, 0 young (0K), 0 survivors (0K)
[2020-12-21T05:01:45.259-0500][gc,heap        ] GC(16479)  Metaspace       used 49946K, capacity 52104K, committed 53632K, reserved 1093632K
[2020-12-21T05:01:45.259-0500][gc,heap        ] GC(16479)   class space    used 7422K, capacity 8193K, committed 8832K, reserved 1048576K
[2020-12-21T05:01:45.259-0500][gc             ] GC(16479) Pause Full (System.gc()) 47M->42M(63M) 66.604ms
[2020-12-21T05:01:45.259-0500][gc,cpu         ] GC(16479) User=0.29s Sys=0.00s Real=0.07s
[2020-12-21T05:03:33.153-0500][gc,heap        ] GC(16480) Heap before GC invocations=16480 (full 3318): garbage-first heap   total 64512K, used 52431K [0x0000000083000000, 0x0000000100000000)
[2020-12-21T05:03:33.154-0500][gc,heap        ] GC(16480)   region size 1024K, 10 young (10240K), 0 survivors (0K)
[2020-12-21T05:03:33.154-0500][gc,heap        ] GC(16480)  Metaspace       used 49946K, capacity 52104K, committed 53632K, reserved 1093632K
[2020-12-21T05:03:33.154-0500][gc,heap        ] GC(16480)   class space    used 7422K, capacity 8193K, committed 8832K, reserved 1048576K
[2020-12-21T05:03:33.154-0500][gc,start       ] GC(16480) Pause Young (Normal) (G1 Evacuation Pause)
[2020-12-21T05:03:33.154-0500][gc,task        ] GC(16480) Using 8 workers of 8 for evacuation
[2020-12-21T05:03:33.158-0500][gc,phases      ] GC(16480)   Pre Evacuate Collection Set: 0.2ms
[2020-12-21T05:03:33.158-0500][gc,phases      ] GC(16480)   Evacuate Collection Set: 1.6ms
[2020-12-21T05:03:33.158-0500][gc,phases      ] GC(16480)   Post Evacuate Collection Set: 2.4ms
[2020-12-21T05:03:33.158-0500][gc,phases      ] GC(16480)   Other: 0.5ms
[2020-12-21T05:03:33.158-0500][gc,heap        ] GC(16480) Eden regions: 10->0(9)
[2020-12-21T05:03:33.158-0500][gc,heap        ] GC(16480) Survivor regions: 0->1(2)
[2020-12-21T05:03:33.158-0500][gc,heap        ] GC(16480) Old regions: 41->41
[2020-12-21T05:03:33.158-0500][gc,heap        ] GC(16480) Humongous regions: 4->4
[2020-12-21T05:03:33.158-0500][gc,metaspace   ] GC(16480) Metaspace: 49946K->49946K(1093632K)
[2020-12-21T05:03:33.158-0500][gc,heap        ] GC(16480) Heap after GC invocations=16481 (full 3318): garbage-first heap   total 64512K, used 43279K [0x0000000083000000, 0x0000000100000000)
[2020-12-21T05:03:33.158-0500][gc,heap        ] GC(16480)   region size 1024K, 1 young (1024K), 1 survivors (1024K)
[2020-12-21T05:03:33.158-0500][gc,heap        ] GC(16480)  Metaspace       used 49946K, capacity 52104K, committed 53632K, reserved 1093632K
[2020-12-21T05:03:33.158-0500][gc,heap        ] GC(16480)   class space    used 7422K, capacity 8193K, committed 8832K, reserved 1048576K
[2020-12-21T05:03:33.159-0500][gc             ] GC(16480) Pause Young (Normal) (G1 Evacuation Pause) 52M->42M(63M) 4.795ms
[2020-12-21T05:03:33.159-0500][gc,cpu         ] GC(16480) User=0.01s Sys=0.00s Real=0.01s
[2020-12-21T05:05:16.019-0500][gc,heap        ] GC(16481) Heap before GC invocations=16481 (full 3318): garbage-first heap   total 64512K, used 51471K [0x0000000083000000, 0x0000000100000000)
[2020-12-21T05:05:16.019-0500][gc,heap        ] GC(16481)   region size 1024K, 10 young (10240K), 1 survivors (1024K)
[2020-12-21T05:05:16.019-0500][gc,heap        ] GC(16481)  Metaspace       used 49946K, capacity 52104K, committed 53632K, reserved 1093632K
[2020-12-21T05:05:16.019-0500][gc,heap        ] GC(16481)   class space    used 7422K, capacity 8193K, committed 8832K, reserved 1048576K
[2020-12-21T05:05:16.019-0500][gc,start       ] GC(16481) Pause Young (Normal) (G1 Evacuation Pause)
[2020-12-21T05:05:16.019-0500][gc,task        ] GC(16481) Using 8 workers of 8 for evacuation
[2020-12-21T05:05:16.023-0500][gc,phases      ] GC(16481)   Pre Evacuate Collection Set: 0.0ms
[2020-12-21T05:05:16.023-0500][gc,phases      ] GC(16481)   Evacuate Collection Set: 1.9ms
[2020-12-21T05:05:16.023-0500][gc,phases      ] GC(16481)   Post Evacuate Collection Set: 2.2ms
[2020-12-21T05:05:16.023-0500][gc,phases      ] GC(16481)   Other: 0.6ms
[2020-12-21T05:05:16.023-0500][gc,heap        ] GC(16481) Eden regions: 9->0(9)
[2020-12-21T05:05:16.023-0500][gc,heap        ] GC(16481) Survivor regions: 1->1(2)
[2020-12-21T05:05:16.023-0500][gc,heap        ] GC(16481) Old regions: 41->41
[2020-12-21T05:05:16.023-0500][gc,heap        ] GC(16481) Humongous regions: 4->4
[2020-12-21T05:05:16.023-0500][gc,metaspace   ] GC(16481) Metaspace: 49946K->49946K(1093632K)
[2020-12-21T05:05:16.023-0500][gc,heap        ] GC(16481) Heap after GC invocations=16482 (full 3318): garbage-first heap   total 64512K, used 43294K [0x0000000083000000, 0x0000000100000000)
[2020-12-21T05:05:16.023-0500][gc,heap        ] GC(16481)   region size 1024K, 1 young (1024K), 1 survivors (1024K)
[2020-12-21T05:05:16.024-0500][gc,heap        ] GC(16481)  Metaspace       used 49946K, capacity 52104K, committed 53632K, reserved 1093632K
[2020-12-21T05:05:16.024-0500][gc,heap        ] GC(16481)   class space    used 7422K, capacity 8193K, committed 8832K, reserved 1048576K
[2020-12-21T05:05:16.024-0500][gc             ] GC(16481) Pause Young (Normal) (G1 Evacuation Pause) 51M->42M(63M) 4.662ms
[2020-12-21T05:05:16.024-0500][gc,cpu         ] GC(16481) User=0.01s Sys=0.00s Real=0.00s
[2020-12-21T05:06:45.191-0500][gc,task        ] GC(16482) Using 5 workers of 8 for full compaction
[2020-12-21T05:06:45.191-0500][gc,start       ] GC(16482) Pause Full (System.gc())
[2020-12-21T05:06:45.191-0500][gc,heap        ] GC(16482) Heap before GC invocations=16482 (full 3318): garbage-first heap   total 64512K, used 50462K [0x0000000083000000, 0x0000000100000000)
[2020-12-21T05:06:45.191-0500][gc,heap        ] GC(16482)   region size 1024K, 9 young (9216K), 1 survivors (1024K)
[2020-12-21T05:06:45.191-0500][gc,heap        ] GC(16482)  Metaspace       used 49946K, capacity 52104K, committed 53632K, reserved 1093632K
[2020-12-21T05:06:45.191-0500][gc,heap        ] GC(16482)   class space    used 7422K, capacity 8193K, committed 8832K, reserved 1048576K
[2020-12-21T05:06:45.192-0500][gc,phases,start] GC(16482) Phase 1: Mark live objects
[2020-12-21T05:06:45.233-0500][gc,stringtable ] GC(16482) Cleaned string and symbol table, strings: 33106 processed, 4 removed, symbols: 120816 processed, 0 removed
[2020-12-21T05:06:45.233-0500][gc,phases      ] GC(16482) Phase 1: Mark live objects 41.409ms
[2020-12-21T05:06:45.233-0500][gc,phases,start] GC(16482) Phase 2: Prepare for compaction
[2020-12-21T05:06:45.236-0500][gc,phases      ] GC(16482) Phase 2: Prepare for compaction 3.168ms
[2020-12-21T05:06:45.236-0500][gc,phases,start] GC(16482) Phase 3: Adjust pointers
[2020-12-21T05:06:45.248-0500][gc,phases      ] GC(16482) Phase 3: Adjust pointers 11.235ms
[2020-12-21T05:06:45.248-0500][gc,phases,start] GC(16482) Phase 4: Compact heap
[2020-12-21T05:06:45.250-0500][gc,phases      ] GC(16482) Phase 4: Compact heap 2.139ms
[2020-12-21T05:06:45.256-0500][gc,heap        ] GC(16482) Eden regions: 8->0(10)
[2020-12-21T05:06:45.256-0500][gc,heap        ] GC(16482) Survivor regions: 1->0(2)
[2020-12-21T05:06:45.256-0500][gc,heap        ] GC(16482) Old regions: 41->41
[2020-12-21T05:06:45.256-0500][gc,heap        ] GC(16482) Humongous regions: 4->4
[2020-12-21T05:06:45.256-0500][gc,metaspace   ] GC(16482) Metaspace: 49946K->49946K(1093632K)
[2020-12-21T05:06:45.256-0500][gc,heap        ] GC(16482) Heap after GC invocations=16483 (full 3319): garbage-first heap   total 64512K, used 43222K [0x0000000083000000, 0x0000000100000000)
[2020-12-21T05:06:45.256-0500][gc,heap        ] GC(16482)   region size 1024K, 0 young (0K), 0 survivors (0K)
[2020-12-21T05:06:45.256-0500][gc,heap        ] GC(16482)  Metaspace       used 49946K, capacity 52104K, committed 53632K, reserved 1093632K
[2020-12-21T05:06:45.256-0500][gc,heap        ] GC(16482)   class space    used 7422K, capacity 8193K, committed 8832K, reserved 1048576K
[2020-12-21T05:06:45.256-0500][gc             ] GC(16482) Pause Full (System.gc()) 49M->42M(63M) 64.691ms
[2020-12-21T05:06:45.256-0500][gc,cpu         ] GC(16482) User=0.28s Sys=0.00s Real=0.06s
[2020-12-21T05:08:36.012-0500][gc,heap        ] GC(16483) Heap before GC invocations=16483 (full 3319): garbage-first heap   total 64512K, used 52438K [0x0000000083000000, 0x0000000100000000)
[2020-12-21T05:08:36.012-0500][gc,heap        ] GC(16483)   region size 1024K, 10 young (10240K), 0 survivors (0K)
[2020-12-21T05:08:36.012-0500][gc,heap        ] GC(16483)  Metaspace       used 49946K, capacity 52104K, committed 53632K, reserved 1093632K
[2020-12-21T05:08:36.012-0500][gc,heap        ] GC(16483)   class space    used 7422K, capacity 8193K, committed 8832K, reserved 1048576K
[2020-12-21T05:08:36.012-0500][gc,start       ] GC(16483) Pause Young (Normal) (G1 Evacuation Pause)
[2020-12-21T05:08:36.012-0500][gc,task        ] GC(16483) Using 8 workers of 8 for evacuation
[2020-12-21T05:08:36.018-0500][gc,phases      ] GC(16483)   Pre Evacuate Collection Set: 0.0ms
[2020-12-21T05:08:36.019-0500][gc,phases      ] GC(16483)   Evacuate Collection Set: 3.4ms
[2020-12-21T05:08:36.019-0500][gc,phases      ] GC(16483)   Post Evacuate Collection Set: 2.6ms
[2020-12-21T05:08:36.019-0500][gc,phases      ] GC(16483)   Other: 0.4ms
[2020-12-21T05:08:36.019-0500][gc,heap        ] GC(16483) Eden regions: 10->0(9)
[2020-12-21T05:08:36.019-0500][gc,heap        ] GC(16483) Survivor regions: 0->1(2)
[2020-12-21T05:08:36.019-0500][gc,heap        ] GC(16483) Old regions: 41->41
[2020-12-21T05:08:36.019-0500][gc,heap        ] GC(16483) Humongous regions: 4->4
[2020-12-21T05:08:36.019-0500][gc,metaspace   ] GC(16483) Metaspace: 49946K->49946K(1093632K)
[2020-12-21T05:08:36.019-0500][gc,heap        ] GC(16483) Heap after GC invocations=16484 (full 3319): garbage-first heap   total 64512K, used 43278K [0x0000000083000000, 0x0000000100000000)
[2020-12-21T05:08:36.019-0500][gc,heap        ] GC(16483)   region size 1024K, 1 young (1024K), 1 survivors (1024K)
[2020-12-21T05:08:36.019-0500][gc,heap        ] GC(16483)  Metaspace       used 49946K, capacity 52104K, committed 53632K, reserved 1093632K
[2020-12-21T05:08:36.019-0500][gc,heap        ] GC(16483)   class space    used 7422K, capacity 8193K, committed 8832K, reserved 1048576K
[2020-12-21T05:08:36.019-0500][gc             ] GC(16483) Pause Young (Normal) (G1 Evacuation Pause) 52M->42M(63M) 6.656ms
[2020-12-21T05:08:36.019-0500][gc,cpu         ] GC(16483) User=0.03s Sys=0.01s Real=0.01s
[2020-12-21T05:10:16.020-0500][gc,heap        ] GC(16484) Heap before GC invocations=16484 (full 3319): garbage-first heap   total 64512K, used 51470K [0x0000000083000000, 0x0000000100000000)
[2020-12-21T05:10:16.020-0500][gc,heap        ] GC(16484)   region size 1024K, 10 young (10240K), 1 survivors (1024K)
[2020-12-21T05:10:16.020-0500][gc,heap        ] GC(16484)  Metaspace       used 49946K, capacity 52104K, committed 53632K, reserved 1093632K
[2020-12-21T05:10:16.020-0500][gc,heap        ] GC(16484)   class space    used 7422K, capacity 8193K, committed 8832K, reserved 1048576K
[2020-12-21T05:10:16.020-0500][gc,start       ] GC(16484) Pause Young (Normal) (G1 Evacuation Pause)
[2020-12-21T05:10:16.020-0500][gc,task        ] GC(16484) Using 8 workers of 8 for evacuation
[2020-12-21T05:10:16.024-0500][gc,phases      ] GC(16484)   Pre Evacuate Collection Set: 0.0ms
[2020-12-21T05:10:16.024-0500][gc,phases      ] GC(16484)   Evacuate Collection Set: 1.3ms
[2020-12-21T05:10:16.024-0500][gc,phases      ] GC(16484)   Post Evacuate Collection Set: 2.5ms
[2020-12-21T05:10:16.024-0500][gc,phases      ] GC(16484)   Other: 0.5ms
[2020-12-21T05:10:16.024-0500][gc,heap        ] GC(16484) Eden regions: 9->0(9)
[2020-12-21T05:10:16.024-0500][gc,heap        ] GC(16484) Survivor regions: 1->1(2)
[2020-12-21T05:10:16.024-0500][gc,heap        ] GC(16484) Old regions: 41->41
[2020-12-21T05:10:16.024-0500][gc,heap        ] GC(16484) Humongous regions: 4->4
[2020-12-21T05:10:16.024-0500][gc,metaspace   ] GC(16484) Metaspace: 49946K->49946K(1093632K)
[2020-12-21T05:10:16.024-0500][gc,heap        ] GC(16484) Heap after GC invocations=16485 (full 3319): garbage-first heap   total 64512K, used 43284K [0x0000000083000000, 0x0000000100000000)
[2020-12-21T05:10:16.024-0500][gc,heap        ] GC(16484)   region size 1024K, 1 young (1024K), 1 survivors (1024K)
[2020-12-21T05:10:16.024-0500][gc,heap        ] GC(16484)  Metaspace       used 49946K, capacity 52104K, committed 53632K, reserved 1093632K
[2020-12-21T05:10:16.024-0500][gc,heap        ] GC(16484)   class space    used 7422K, capacity 8193K, committed 8832K, reserved 1048576K
[2020-12-21T05:10:16.025-0500][gc             ] GC(16484) Pause Young (Normal) (G1 Evacuation Pause) 51M->42M(63M) 4.379ms
[2020-12-21T05:10:16.025-0500][gc,cpu         ] GC(16484) User=0.00s Sys=0.01s Real=0.00s
[2020-12-21T05:11:45.189-0500][gc,task        ] GC(16485) Using 5 workers of 8 for full compaction
[2020-12-21T05:11:45.190-0500][gc,start       ] GC(16485) Pause Full (System.gc())
[2020-12-21T05:11:45.190-0500][gc,heap        ] GC(16485) Heap before GC invocations=16485 (full 3319): garbage-first heap   total 64512K, used 49428K [0x0000000083000000, 0x0000000100000000)
[2020-12-21T05:11:45.190-0500][gc,heap        ] GC(16485)   region size 1024K, 9 young (9216K), 1 survivors (1024K)
[2020-12-21T05:11:45.190-0500][gc,heap        ] GC(16485)  Metaspace       used 49946K, capacity 52104K, committed 53632K, reserved 1093632K
[2020-12-21T05:11:45.190-0500][gc,heap        ] GC(16485)   class space    used 7422K, capacity 8193K, committed 8832K, reserved 1048576K
[2020-12-21T05:11:45.190-0500][gc,phases,start] GC(16485) Phase 1: Mark live objects
[2020-12-21T05:11:45.233-0500][gc,stringtable ] GC(16485) Cleaned string and symbol table, strings: 33106 processed, 4 removed, symbols: 120816 processed, 0 removed
[2020-12-21T05:11:45.233-0500][gc,phases      ] GC(16485) Phase 1: Mark live objects 43.254ms
[2020-12-21T05:11:45.233-0500][gc,phases,start] GC(16485) Phase 2: Prepare for compaction
[2020-12-21T05:11:45.238-0500][gc,phases      ] GC(16485) Phase 2: Prepare for compaction 4.614ms
[2020-12-21T05:11:45.238-0500][gc,phases,start] GC(16485) Phase 3: Adjust pointers
[2020-12-21T05:11:45.251-0500][gc,phases      ] GC(16485) Phase 3: Adjust pointers 12.624ms
[2020-12-21T05:11:45.251-0500][gc,phases,start] GC(16485) Phase 4: Compact heap
[2020-12-21T05:11:45.255-0500][gc,phases      ] GC(16485) Phase 4: Compact heap 3.744ms
[2020-12-21T05:11:45.261-0500][gc,heap        ] GC(16485) Eden regions: 8->0(9)
[2020-12-21T05:11:45.261-0500][gc,heap        ] GC(16485) Survivor regions: 1->0(2)
[2020-12-21T05:11:45.261-0500][gc,heap        ] GC(16485) Old regions: 41->42
[2020-12-21T05:11:45.261-0500][gc,heap        ] GC(16485) Humongous regions: 4->4
[2020-12-21T05:11:45.261-0500][gc,metaspace   ] GC(16485) Metaspace: 49946K->49946K(1093632K)
[2020-12-21T05:11:45.261-0500][gc,heap        ] GC(16485) Heap after GC invocations=16486 (full 3320): garbage-first heap   total 64512K, used 43218K [0x0000000083000000, 0x0000000100000000)
[2020-12-21T05:11:45.261-0500][gc,heap        ] GC(16485)   region size 1024K, 0 young (0K), 0 survivors (0K)
[2020-12-21T05:11:45.261-0500][gc,heap        ] GC(16485)  Metaspace       used 49946K, capacity 52104K, committed 53632K, reserved 1093632K
[2020-12-21T05:11:45.261-0500][gc,heap        ] GC(16485)   class space    used 7422K, capacity 8193K, committed 8832K, reserved 1048576K
[2020-12-21T05:11:45.261-0500][gc             ] GC(16485) Pause Full (System.gc()) 49M->42M(63M) 71.250ms
[2020-12-21T05:11:45.261-0500][gc,cpu         ] GC(16485) User=0.29s Sys=0.00s Real=0.07s
[2020-12-21T05:13:26.019-0500][gc,heap        ] GC(16486) Heap before GC invocations=16486 (full 3320): garbage-first heap   total 64512K, used 52434K [0x0000000083000000, 0x0000000100000000)
[2020-12-21T05:13:26.019-0500][gc,heap        ] GC(16486)   region size 1024K, 9 young (9216K), 0 survivors (0K)
[2020-12-21T05:13:26.019-0500][gc,heap        ] GC(16486)  Metaspace       used 49946K, capacity 52104K, committed 53632K, reserved 1093632K
[2020-12-21T05:13:26.019-0500][gc,heap        ] GC(16486)   class space    used 7422K, capacity 8193K, committed 8832K, reserved 1048576K
[2020-12-21T05:13:26.019-0500][gc,start       ] GC(16486) Pause Young (Normal) (G1 Evacuation Pause)
[2020-12-21T05:13:26.019-0500][gc,task        ] GC(16486) Using 8 workers of 8 for evacuation
[2020-12-21T05:13:26.024-0500][gc,phases      ] GC(16486)   Pre Evacuate Collection Set: 0.0ms
[2020-12-21T05:13:26.024-0500][gc,phases      ] GC(16486)   Evacuate Collection Set: 1.5ms
[2020-12-21T05:13:26.024-0500][gc,phases      ] GC(16486)   Post Evacuate Collection Set: 2.4ms
[2020-12-21T05:13:26.024-0500][gc,phases      ] GC(16486)   Other: 0.5ms
[2020-12-21T05:13:26.024-0500][gc,heap        ] GC(16486) Eden regions: 9->0(8)
[2020-12-21T05:13:26.024-0500][gc,heap        ] GC(16486) Survivor regions: 0->1(2)
[2020-12-21T05:13:26.024-0500][gc,heap        ] GC(16486) Old regions: 42->42
[2020-12-21T05:13:26.024-0500][gc,heap        ] GC(16486) Humongous regions: 4->4
[2020-12-21T05:13:26.024-0500][gc,metaspace   ] GC(16486) Metaspace: 49946K->49946K(1093632K)
[2020-12-21T05:13:26.024-0500][gc,heap        ] GC(16486) Heap after GC invocations=16487 (full 3320): garbage-first heap   total 64512K, used 43297K [0x0000000083000000, 0x0000000100000000)
[2020-12-21T05:13:26.024-0500][gc,heap        ] GC(16486)   region size 1024K, 1 young (1024K), 1 survivors (1024K)
[2020-12-21T05:13:26.024-0500][gc,heap        ] GC(16486)  Metaspace       used 49946K, capacity 52104K, committed 53632K, reserved 1093632K
[2020-12-21T05:13:26.024-0500][gc,heap        ] GC(16486)   class space    used 7422K, capacity 8193K, committed 8832K, reserved 1048576K
[2020-12-21T05:13:26.024-0500][gc             ] GC(16486) Pause Young (Normal) (G1 Evacuation Pause) 51M->42M(63M) 4.536ms
[2020-12-21T05:13:26.024-0500][gc,cpu         ] GC(16486) User=0.00s Sys=0.01s Real=0.00s
[2020-12-21T05:14:56.050-0500][gc,heap        ] GC(16487) Heap before GC invocations=16487 (full 3320): garbage-first heap   total 64512K, used 50465K [0x0000000083000000, 0x0000000100000000)
[2020-12-21T05:14:56.050-0500][gc,heap        ] GC(16487)   region size 1024K, 9 young (9216K), 1 survivors (1024K)
[2020-12-21T05:14:56.050-0500][gc,heap        ] GC(16487)  Metaspace       used 49946K, capacity 52104K, committed 53632K, reserved 1093632K
[2020-12-21T05:14:56.050-0500][gc,heap        ] GC(16487)   class space    used 7422K, capacity 8193K, committed 8832K, reserved 1048576K
[2020-12-21T05:14:56.050-0500][gc,start       ] GC(16487) Pause Young (Normal) (G1 Evacuation Pause)
[2020-12-21T05:14:56.050-0500][gc,task        ] GC(16487) Using 8 workers of 8 for evacuation
[2020-12-21T05:14:56.054-0500][gc,phases      ] GC(16487)   Pre Evacuate Collection Set: 0.0ms
[2020-12-21T05:14:56.054-0500][gc,phases      ] GC(16487)   Evacuate Collection Set: 1.7ms
[2020-12-21T05:14:56.054-0500][gc,phases      ] GC(16487)   Post Evacuate Collection Set: 2.3ms
[2020-12-21T05:14:56.054-0500][gc,phases      ] GC(16487)   Other: 0.5ms
[2020-12-21T05:14:56.054-0500][gc,heap        ] GC(16487) Eden regions: 8->0(8)
[2020-12-21T05:14:56.054-0500][gc,heap        ] GC(16487) Survivor regions: 1->1(2)
[2020-12-21T05:14:56.054-0500][gc,heap        ] GC(16487) Old regions: 42->42
[2020-12-21T05:14:56.055-0500][gc,heap        ] GC(16487) Humongous regions: 4->4
[2020-12-21T05:14:56.055-0500][gc,metaspace   ] GC(16487) Metaspace: 49946K->49946K(1093632K)
[2020-12-21T05:14:56.055-0500][gc,heap        ] GC(16487) Heap after GC invocations=16488 (full 3320): garbage-first heap   total 64512K, used 43256K [0x0000000083000000, 0x0000000100000000)
[2020-12-21T05:14:56.055-0500][gc,heap        ] GC(16487)   region size 1024K, 1 young (1024K), 1 survivors (1024K)
[2020-12-21T05:14:56.055-0500][gc,heap        ] GC(16487)  Metaspace       used 49946K, capacity 52104K, committed 53632K, reserved 1093632K
[2020-12-21T05:14:56.055-0500][gc,heap        ] GC(16487)   class space    used 7422K, capacity 8193K, committed 8832K, reserved 1048576K
[2020-12-21T05:14:56.055-0500][gc             ] GC(16487) Pause Young (Normal) (G1 Evacuation Pause) 50M->42M(63M) 4.712ms
[2020-12-21T05:14:56.055-0500][gc,cpu         ] GC(16487) User=0.01s Sys=0.01s Real=0.00s
[2020-12-21T05:16:26.650-0500][gc,heap        ] GC(16488) Heap before GC invocations=16488 (full 3320): garbage-first heap   total 64512K, used 50424K [0x0000000083000000, 0x0000000100000000)
[2020-12-21T05:16:26.650-0500][gc,heap        ] GC(16488)   region size 1024K, 9 young (9216K), 1 survivors (1024K)
[2020-12-21T05:16:26.650-0500][gc,heap        ] GC(16488)  Metaspace       used 49946K, capacity 52104K, committed 53632K, reserved 1093632K
[2020-12-21T05:16:26.650-0500][gc,heap        ] GC(16488)   class space    used 7422K, capacity 8193K, committed 8832K, reserved 1048576K
[2020-12-21T05:16:26.650-0500][gc,start       ] GC(16488) Pause Young (Normal) (G1 Evacuation Pause)
[2020-12-21T05:16:26.650-0500][gc,task        ] GC(16488) Using 8 workers of 8 for evacuation
[2020-12-21T05:16:26.652-0500][gc,phases      ] GC(16488)   Pre Evacuate Collection Set: 0.0ms
[2020-12-21T05:16:26.652-0500][gc,phases      ] GC(16488)   Evacuate Collection Set: 0.6ms
[2020-12-21T05:16:26.652-0500][gc,phases      ] GC(16488)   Post Evacuate Collection Set: 1.0ms
[2020-12-21T05:16:26.652-0500][gc,phases      ] GC(16488)   Other: 0.2ms
[2020-12-21T05:16:26.652-0500][gc,heap        ] GC(16488) Eden regions: 8->0(8)
[2020-12-21T05:16:26.652-0500][gc,heap        ] GC(16488) Survivor regions: 1->1(2)
[2020-12-21T05:16:26.652-0500][gc,heap        ] GC(16488) Old regions: 42->42
[2020-12-21T05:16:26.652-0500][gc,heap        ] GC(16488) Humongous regions: 4->4
[2020-12-21T05:16:26.652-0500][gc,metaspace   ] GC(16488) Metaspace: 49946K->49946K(1093632K)
[2020-12-21T05:16:26.652-0500][gc,heap        ] GC(16488) Heap after GC invocations=16489 (full 3320): garbage-first heap   total 64512K, used 43286K [0x0000000083000000, 0x0000000100000000)
[2020-12-21T05:16:26.652-0500][gc,heap        ] GC(16488)   region size 1024K, 1 young (1024K), 1 survivors (1024K)
[2020-12-21T05:16:26.652-0500][gc,heap        ] GC(16488)  Metaspace       used 49946K, capacity 52104K, committed 53632K, reserved 1093632K
[2020-12-21T05:16:26.652-0500][gc,heap        ] GC(16488)   class space    used 7422K, capacity 8193K, committed 8832K, reserved 1048576K
[2020-12-21T05:16:26.652-0500][gc             ] GC(16488) Pause Young (Normal) (G1 Evacuation Pause) 50M->42M(63M) 1.792ms
[2020-12-21T05:16:26.652-0500][gc,cpu         ] GC(16488) User=0.00s Sys=0.00s Real=0.00s
[2020-12-21T05:16:45.192-0500][gc,task        ] GC(16489) Using 5 workers of 8 for full compaction
[2020-12-21T05:16:45.192-0500][gc,start       ] GC(16489) Pause Full (System.gc())
[2020-12-21T05:16:45.192-0500][gc,heap        ] GC(16489) Heap before GC invocations=16489 (full 3320): garbage-first heap   total 64512K, used 44310K [0x0000000083000000, 0x0000000100000000)
[2020-12-21T05:16:45.192-0500][gc,heap        ] GC(16489)   region size 1024K, 3 young (3072K), 1 survivors (1024K)
[2020-12-21T05:16:45.192-0500][gc,heap        ] GC(16489)  Metaspace       used 49946K, capacity 52104K, committed 53632K, reserved 1093632K
[2020-12-21T05:16:45.192-0500][gc,heap        ] GC(16489)   class space    used 7422K, capacity 8193K, committed 8832K, reserved 1048576K
[2020-12-21T05:16:45.193-0500][gc,phases,start] GC(16489) Phase 1: Mark live objects
[2020-12-21T05:16:45.236-0500][gc,stringtable ] GC(16489) Cleaned string and symbol table, strings: 33106 processed, 4 removed, symbols: 120816 processed, 0 removed
[2020-12-21T05:16:45.236-0500][gc,phases      ] GC(16489) Phase 1: Mark live objects 43.636ms
[2020-12-21T05:16:45.236-0500][gc,phases,start] GC(16489) Phase 2: Prepare for compaction
[2020-12-21T05:16:45.239-0500][gc,phases      ] GC(16489) Phase 2: Prepare for compaction 3.079ms
[2020-12-21T05:16:45.240-0500][gc,phases,start] GC(16489) Phase 3: Adjust pointers
[2020-12-21T05:16:45.251-0500][gc,phases      ] GC(16489) Phase 3: Adjust pointers 11.346ms
[2020-12-21T05:16:45.251-0500][gc,phases,start] GC(16489) Phase 4: Compact heap
[2020-12-21T05:16:45.253-0500][gc,phases      ] GC(16489) Phase 4: Compact heap 2.529ms
[2020-12-21T05:16:45.259-0500][gc,heap        ] GC(16489) Eden regions: 2->0(10)
[2020-12-21T05:16:45.259-0500][gc,heap        ] GC(16489) Survivor regions: 1->0(2)
[2020-12-21T05:16:45.259-0500][gc,heap        ] GC(16489) Old regions: 42->41
[2020-12-21T05:16:45.259-0500][gc,heap        ] GC(16489) Humongous regions: 4->4
[2020-12-21T05:16:45.259-0500][gc,metaspace   ] GC(16489) Metaspace: 49946K->49946K(1093632K)
[2020-12-21T05:16:45.259-0500][gc,heap        ] GC(16489) Heap after GC invocations=16490 (full 3321): garbage-first heap   total 64512K, used 43198K [0x0000000083000000, 0x0000000100000000)
[2020-12-21T05:16:45.259-0500][gc,heap        ] GC(16489)   region size 1024K, 0 young (0K), 0 survivors (0K)
[2020-12-21T05:16:45.259-0500][gc,heap        ] GC(16489)  Metaspace       used 49946K, capacity 52104K, committed 53632K, reserved 1093632K
[2020-12-21T05:16:45.259-0500][gc,heap        ] GC(16489)   class space    used 7422K, capacity 8193K, committed 8832K, reserved 1048576K
[2020-12-21T05:16:45.259-0500][gc             ] GC(16489) Pause Full (System.gc()) 43M->42M(63M) 67.168ms
[2020-12-21T05:16:45.259-0500][gc,cpu         ] GC(16489) User=0.29s Sys=0.00s Real=0.07s
[2020-12-21T05:18:36.017-0500][gc,heap        ] GC(16490) Heap before GC invocations=16490 (full 3321): garbage-first heap   total 64512K, used 52414K [0x0000000083000000, 0x0000000100000000)
[2020-12-21T05:18:36.017-0500][gc,heap        ] GC(16490)   region size 1024K, 10 young (10240K), 0 survivors (0K)
[2020-12-21T05:18:36.017-0500][gc,heap        ] GC(16490)  Metaspace       used 49946K, capacity 52104K, committed 53632K, reserved 1093632K
[2020-12-21T05:18:36.017-0500][gc,heap        ] GC(16490)   class space    used 7422K, capacity 8193K, committed 8832K, reserved 1048576K
[2020-12-21T05:18:36.017-0500][gc,start       ] GC(16490) Pause Young (Normal) (G1 Evacuation Pause)
[2020-12-21T05:18:36.017-0500][gc,task        ] GC(16490) Using 8 workers of 8 for evacuation
[2020-12-21T05:18:36.024-0500][gc,phases      ] GC(16490)   Pre Evacuate Collection Set: 0.0ms
[2020-12-21T05:18:36.024-0500][gc,phases      ] GC(16490)   Evacuate Collection Set: 3.7ms
[2020-12-21T05:18:36.024-0500][gc,phases      ] GC(16490)   Post Evacuate Collection Set: 2.4ms
[2020-12-21T05:18:36.024-0500][gc,phases      ] GC(16490)   Other: 0.4ms
[2020-12-21T05:18:36.024-0500][gc,heap        ] GC(16490) Eden regions: 10->0(9)
[2020-12-21T05:18:36.024-0500][gc,heap        ] GC(16490) Survivor regions: 0->1(2)
[2020-12-21T05:18:36.024-0500][gc,heap        ] GC(16490) Old regions: 41->41
[2020-12-21T05:18:36.024-0500][gc,heap        ] GC(16490) Humongous regions: 4->4
[2020-12-21T05:18:36.024-0500][gc,metaspace   ] GC(16490) Metaspace: 49946K->49946K(1093632K)
[2020-12-21T05:18:36.024-0500][gc,heap        ] GC(16490) Heap after GC invocations=16491 (full 3321): garbage-first heap   total 64512K, used 43262K [0x0000000083000000, 0x0000000100000000)
[2020-12-21T05:18:36.024-0500][gc,heap        ] GC(16490)   region size 1024K, 1 young (1024K), 1 survivors (1024K)
[2020-12-21T05:18:36.024-0500][gc,heap        ] GC(16490)  Metaspace       used 49946K, capacity 52104K, committed 53632K, reserved 1093632K
[2020-12-21T05:18:36.024-0500][gc,heap        ] GC(16490)   class space    used 7422K, capacity 8193K, committed 8832K, reserved 1048576K
[2020-12-21T05:18:36.024-0500][gc             ] GC(16490) Pause Young (Normal) (G1 Evacuation Pause) 52M->42M(63M) 6.785ms
[2020-12-21T05:18:36.024-0500][gc,cpu         ] GC(16490) User=0.03s Sys=0.00s Real=0.01s
[2020-12-21T05:20:26.015-0500][gc,heap        ] GC(16491) Heap before GC invocations=16491 (full 3321): garbage-first heap   total 64512K, used 51454K [0x0000000083000000, 0x0000000100000000)
[2020-12-21T05:20:26.015-0500][gc,heap        ] GC(16491)   region size 1024K, 10 young (10240K), 1 survivors (1024K)
[2020-12-21T05:20:26.015-0500][gc,heap        ] GC(16491)  Metaspace       used 49946K, capacity 52104K, committed 53632K, reserved 1093632K
[2020-12-21T05:20:26.015-0500][gc,heap        ] GC(16491)   class space    used 7422K, capacity 8193K, committed 8832K, reserved 1048576K
[2020-12-21T05:20:26.015-0500][gc,start       ] GC(16491) Pause Young (Normal) (G1 Evacuation Pause)
[2020-12-21T05:20:26.015-0500][gc,task        ] GC(16491) Using 8 workers of 8 for evacuation
[2020-12-21T05:20:26.033-0500][gc,phases      ] GC(16491)   Pre Evacuate Collection Set: 0.0ms
[2020-12-21T05:20:26.033-0500][gc,phases      ] GC(16491)   Evacuate Collection Set: 2.4ms
[2020-12-21T05:20:26.033-0500][gc,phases      ] GC(16491)   Post Evacuate Collection Set: 15.4ms
[2020-12-21T05:20:26.033-0500][gc,phases      ] GC(16491)   Other: 0.5ms
[2020-12-21T05:20:26.033-0500][gc,heap        ] GC(16491) Eden regions: 9->0(9)
[2020-12-21T05:20:26.033-0500][gc,heap        ] GC(16491) Survivor regions: 1->1(2)
[2020-12-21T05:20:26.033-0500][gc,heap        ] GC(16491) Old regions: 41->41
[2020-12-21T05:20:26.033-0500][gc,heap        ] GC(16491) Humongous regions: 4->4
[2020-12-21T05:20:26.033-0500][gc,metaspace   ] GC(16491) Metaspace: 49946K->49946K(1093632K)
[2020-12-21T05:20:26.033-0500][gc,heap        ] GC(16491) Heap after GC invocations=16492 (full 3321): garbage-first heap   total 64512K, used 43270K [0x0000000083000000, 0x0000000100000000)
[2020-12-21T05:20:26.033-0500][gc,heap        ] GC(16491)   region size 1024K, 1 young (1024K), 1 survivors (1024K)
[2020-12-21T05:20:26.033-0500][gc,heap        ] GC(16491)  Metaspace       used 49946K, capacity 52104K, committed 53632K, reserved 1093632K
[2020-12-21T05:20:26.033-0500][gc,heap        ] GC(16491)   class space    used 7422K, capacity 8193K, committed 8832K, reserved 1048576K
[2020-12-21T05:20:26.034-0500][gc             ] GC(16491) Pause Young (Normal) (G1 Evacuation Pause) 51M->42M(63M) 18.223ms
[2020-12-21T05:20:26.034-0500][gc,cpu         ] GC(16491) User=0.13s Sys=0.00s Real=0.02s
[2020-12-21T05:21:45.189-0500][gc,task        ] GC(16492) Using 5 workers of 8 for full compaction
[2020-12-21T05:21:45.189-0500][gc,start       ] GC(16492) Pause Full (System.gc())
[2020-12-21T05:21:45.189-0500][gc,heap        ] GC(16492) Heap before GC invocations=16492 (full 3321): garbage-first heap   total 64512K, used 49414K [0x0000000083000000, 0x0000000100000000)
[2020-12-21T05:21:45.189-0500][gc,heap        ] GC(16492)   region size 1024K, 9 young (9216K), 1 survivors (1024K)
[2020-12-21T05:21:45.189-0500][gc,heap        ] GC(16492)  Metaspace       used 49946K, capacity 52104K, committed 53632K, reserved 1093632K
[2020-12-21T05:21:45.189-0500][gc,heap        ] GC(16492)   class space    used 7422K, capacity 8193K, committed 8832K, reserved 1048576K
[2020-12-21T05:21:45.190-0500][gc,phases,start] GC(16492) Phase 1: Mark live objects
[2020-12-21T05:21:45.237-0500][gc,stringtable ] GC(16492) Cleaned string and symbol table, strings: 33106 processed, 4 removed, symbols: 120816 processed, 0 removed
[2020-12-21T05:21:45.237-0500][gc,phases      ] GC(16492) Phase 1: Mark live objects 47.007ms
[2020-12-21T05:21:45.237-0500][gc,phases,start] GC(16492) Phase 2: Prepare for compaction
[2020-12-21T05:21:45.240-0500][gc,phases      ] GC(16492) Phase 2: Prepare for compaction 3.239ms
[2020-12-21T05:21:45.240-0500][gc,phases,start] GC(16492) Phase 3: Adjust pointers
[2020-12-21T05:21:45.251-0500][gc,phases      ] GC(16492) Phase 3: Adjust pointers 10.355ms
[2020-12-21T05:21:45.251-0500][gc,phases,start] GC(16492) Phase 4: Compact heap
[2020-12-21T05:21:45.253-0500][gc,phases      ] GC(16492) Phase 4: Compact heap 2.325ms
[2020-12-21T05:21:45.259-0500][gc,heap        ] GC(16492) Eden regions: 8->0(11)
[2020-12-21T05:21:45.259-0500][gc,heap        ] GC(16492) Survivor regions: 1->0(2)
[2020-12-21T05:21:45.259-0500][gc,heap        ] GC(16492) Old regions: 41->40
[2020-12-21T05:21:45.259-0500][gc,heap        ] GC(16492) Humongous regions: 4->4
[2020-12-21T05:21:45.259-0500][gc,metaspace   ] GC(16492) Metaspace: 49946K->49946K(1093632K)
[2020-12-21T05:21:45.259-0500][gc,heap        ] GC(16492) Heap after GC invocations=16493 (full 3322): garbage-first heap   total 64512K, used 43219K [0x0000000083000000, 0x0000000100000000)
[2020-12-21T05:21:45.259-0500][gc,heap        ] GC(16492)   region size 1024K, 0 young (0K), 0 survivors (0K)
[2020-12-21T05:21:45.259-0500][gc,heap        ] GC(16492)  Metaspace       used 49946K, capacity 52104K, committed 53632K, reserved 1093632K
[2020-12-21T05:21:45.259-0500][gc,heap        ] GC(16492)   class space    used 7422K, capacity 8193K, committed 8832K, reserved 1048576K
[2020-12-21T05:21:45.259-0500][gc             ] GC(16492) Pause Full (System.gc()) 49M->42M(63M) 69.768ms
[2020-12-21T05:21:45.259-0500][gc,cpu         ] GC(16492) User=0.30s Sys=0.00s Real=0.07s
[2020-12-21T05:23:46.587-0500][gc,heap        ] GC(16493) Heap before GC invocations=16493 (full 3322): garbage-first heap   total 64512K, used 53459K [0x0000000083000000, 0x0000000100000000)
[2020-12-21T05:23:46.587-0500][gc,heap        ] GC(16493)   region size 1024K, 11 young (11264K), 0 survivors (0K)
[2020-12-21T05:23:46.587-0500][gc,heap        ] GC(16493)  Metaspace       used 49946K, capacity 52104K, committed 53632K, reserved 1093632K
[2020-12-21T05:23:46.587-0500][gc,heap        ] GC(16493)   class space    used 7422K, capacity 8193K, committed 8832K, reserved 1048576K
[2020-12-21T05:23:46.587-0500][gc,start       ] GC(16493) Pause Young (Normal) (G1 Evacuation Pause)
[2020-12-21T05:23:46.587-0500][gc,task        ] GC(16493) Using 8 workers of 8 for evacuation
[2020-12-21T05:23:46.589-0500][gc,phases      ] GC(16493)   Pre Evacuate Collection Set: 0.0ms
[2020-12-21T05:23:46.589-0500][gc,phases      ] GC(16493)   Evacuate Collection Set: 0.6ms
[2020-12-21T05:23:46.589-0500][gc,phases      ] GC(16493)   Post Evacuate Collection Set: 1.4ms
[2020-12-21T05:23:46.589-0500][gc,phases      ] GC(16493)   Other: 0.2ms
[2020-12-21T05:23:46.589-0500][gc,heap        ] GC(16493) Eden regions: 11->0(10)
[2020-12-21T05:23:46.589-0500][gc,heap        ] GC(16493) Survivor regions: 0->1(2)
[2020-12-21T05:23:46.589-0500][gc,heap        ] GC(16493) Old regions: 40->40
[2020-12-21T05:23:46.589-0500][gc,heap        ] GC(16493) Humongous regions: 4->4
[2020-12-21T05:23:46.589-0500][gc,metaspace   ] GC(16493) Metaspace: 49946K->49946K(1093632K)
[2020-12-21T05:23:46.589-0500][gc,heap        ] GC(16493) Heap after GC invocations=16494 (full 3322): garbage-first heap   total 64512K, used 43300K [0x0000000083000000, 0x0000000100000000)
[2020-12-21T05:23:46.589-0500][gc,heap        ] GC(16493)   region size 1024K, 1 young (1024K), 1 survivors (1024K)
[2020-12-21T05:23:46.589-0500][gc,heap        ] GC(16493)  Metaspace       used 49946K, capacity 52104K, committed 53632K, reserved 1093632K
[2020-12-21T05:23:46.589-0500][gc,heap        ] GC(16493)   class space    used 7422K, capacity 8193K, committed 8832K, reserved 1048576K
[2020-12-21T05:23:46.589-0500][gc             ] GC(16493) Pause Young (Normal) (G1 Evacuation Pause) 53M->42M(63M) 2.210ms
[2020-12-21T05:23:46.589-0500][gc,cpu         ] GC(16493) User=0.00s Sys=0.00s Real=0.01s
[2020-12-21T05:25:36.020-0500][gc,heap        ] GC(16494) Heap before GC invocations=16494 (full 3322): garbage-first heap   total 64512K, used 52516K [0x0000000083000000, 0x0000000100000000)
[2020-12-21T05:25:36.020-0500][gc,heap        ] GC(16494)   region size 1024K, 11 young (11264K), 1 survivors (1024K)
[2020-12-21T05:25:36.020-0500][gc,heap        ] GC(16494)  Metaspace       used 49946K, capacity 52104K, committed 53632K, reserved 1093632K
[2020-12-21T05:25:36.020-0500][gc,heap        ] GC(16494)   class space    used 7422K, capacity 8193K, committed 8832K, reserved 1048576K
[2020-12-21T05:25:36.020-0500][gc,start       ] GC(16494) Pause Young (Normal) (G1 Evacuation Pause)
[2020-12-21T05:25:36.020-0500][gc,task        ] GC(16494) Using 8 workers of 8 for evacuation
[2020-12-21T05:25:36.025-0500][gc,phases      ] GC(16494)   Pre Evacuate Collection Set: 0.0ms
[2020-12-21T05:25:36.025-0500][gc,phases      ] GC(16494)   Evacuate Collection Set: 1.2ms
[2020-12-21T05:25:36.025-0500][gc,phases      ] GC(16494)   Post Evacuate Collection Set: 3.3ms
[2020-12-21T05:25:36.025-0500][gc,phases      ] GC(16494)   Other: 0.5ms
[2020-12-21T05:25:36.025-0500][gc,heap        ] GC(16494) Eden regions: 10->0(10)
[2020-12-21T05:25:36.025-0500][gc,heap        ] GC(16494) Survivor regions: 1->1(2)
[2020-12-21T05:25:36.025-0500][gc,heap        ] GC(16494) Old regions: 40->40
[2020-12-21T05:25:36.025-0500][gc,heap        ] GC(16494) Humongous regions: 4->4
[2020-12-21T05:25:36.025-0500][gc,metaspace   ] GC(16494) Metaspace: 49946K->49946K(1093632K)
[2020-12-21T05:25:36.025-0500][gc,heap        ] GC(16494) Heap after GC invocations=16495 (full 3322): garbage-first heap   total 64512K, used 43287K [0x0000000083000000, 0x0000000100000000)
[2020-12-21T05:25:36.025-0500][gc,heap        ] GC(16494)   region size 1024K, 1 young (1024K), 1 survivors (1024K)
[2020-12-21T05:25:36.025-0500][gc,heap        ] GC(16494)  Metaspace       used 49946K, capacity 52104K, committed 53632K, reserved 1093632K
[2020-12-21T05:25:36.025-0500][gc,heap        ] GC(16494)   class space    used 7422K, capacity 8193K, committed 8832K, reserved 1048576K
[2020-12-21T05:25:36.025-0500][gc             ] GC(16494) Pause Young (Normal) (G1 Evacuation Pause) 52M->42M(63M) 5.073ms
[2020-12-21T05:25:36.025-0500][gc,cpu         ] GC(16494) User=0.01s Sys=0.00s Real=0.00s
[2020-12-21T05:26:45.192-0500][gc,task        ] GC(16495) Using 5 workers of 8 for full compaction
[2020-12-21T05:26:45.192-0500][gc,start       ] GC(16495) Pause Full (System.gc())
[2020-12-21T05:26:45.192-0500][gc,heap        ] GC(16495) Heap before GC invocations=16495 (full 3322): garbage-first heap   total 64512K, used 47383K [0x0000000083000000, 0x0000000100000000)
[2020-12-21T05:26:45.192-0500][gc,heap        ] GC(16495)   region size 1024K, 7 young (7168K), 1 survivors (1024K)
[2020-12-21T05:26:45.192-0500][gc,heap        ] GC(16495)  Metaspace       used 49946K, capacity 52104K, committed 53632K, reserved 1093632K
[2020-12-21T05:26:45.192-0500][gc,heap        ] GC(16495)   class space    used 7422K, capacity 8193K, committed 8832K, reserved 1048576K
[2020-12-21T05:26:45.193-0500][gc,phases,start] GC(16495) Phase 1: Mark live objects
[2020-12-21T05:26:45.238-0500][gc,stringtable ] GC(16495) Cleaned string and symbol table, strings: 33106 processed, 4 removed, symbols: 120816 processed, 0 removed
[2020-12-21T05:26:45.238-0500][gc,phases      ] GC(16495) Phase 1: Mark live objects 45.287ms
[2020-12-21T05:26:45.238-0500][gc,phases,start] GC(16495) Phase 2: Prepare for compaction
[2020-12-21T05:26:45.243-0500][gc,phases      ] GC(16495) Phase 2: Prepare for compaction 4.403ms
[2020-12-21T05:26:45.243-0500][gc,phases,start] GC(16495) Phase 3: Adjust pointers
[2020-12-21T05:26:45.255-0500][gc,phases      ] GC(16495) Phase 3: Adjust pointers 12.074ms
[2020-12-21T05:26:45.255-0500][gc,phases,start] GC(16495) Phase 4: Compact heap
[2020-12-21T05:26:45.258-0500][gc,phases      ] GC(16495) Phase 4: Compact heap 3.392ms
[2020-12-21T05:26:45.265-0500][gc,heap        ] GC(16495) Eden regions: 6->0(10)
[2020-12-21T05:26:45.265-0500][gc,heap        ] GC(16495) Survivor regions: 1->0(2)
[2020-12-21T05:26:45.265-0500][gc,heap        ] GC(16495) Old regions: 40->41
[2020-12-21T05:26:45.265-0500][gc,heap        ] GC(16495) Humongous regions: 4->4
[2020-12-21T05:26:45.265-0500][gc,metaspace   ] GC(16495) Metaspace: 49946K->49946K(1093632K)
[2020-12-21T05:26:45.265-0500][gc,heap        ] GC(16495) Heap after GC invocations=16496 (full 3323): garbage-first heap   total 64512K, used 43214K [0x0000000083000000, 0x0000000100000000)
[2020-12-21T05:26:45.265-0500][gc,heap        ] GC(16495)   region size 1024K, 0 young (0K), 0 survivors (0K)
[2020-12-21T05:26:45.265-0500][gc,heap        ] GC(16495)  Metaspace       used 49946K, capacity 52104K, committed 53632K, reserved 1093632K
[2020-12-21T05:26:45.265-0500][gc,heap        ] GC(16495)   class space    used 7422K, capacity 8193K, committed 8832K, reserved 1048576K
[2020-12-21T05:26:45.265-0500][gc             ] GC(16495) Pause Full (System.gc()) 47M->42M(63M) 72.948ms
[2020-12-21T05:26:45.265-0500][gc,cpu         ] GC(16495) User=0.30s Sys=0.00s Real=0.07s
[2020-12-21T05:28:36.011-0500][gc,heap        ] GC(16496) Heap before GC invocations=16496 (full 3323): garbage-first heap   total 64512K, used 52430K [0x0000000083000000, 0x0000000100000000)
[2020-12-21T05:28:36.011-0500][gc,heap        ] GC(16496)   region size 1024K, 10 young (10240K), 0 survivors (0K)
[2020-12-21T05:28:36.011-0500][gc,heap        ] GC(16496)  Metaspace       used 49946K, capacity 52104K, committed 53632K, reserved 1093632K
[2020-12-21T05:28:36.011-0500][gc,heap        ] GC(16496)   class space    used 7422K, capacity 8193K, committed 8832K, reserved 1048576K
[2020-12-21T05:28:36.011-0500][gc,start       ] GC(16496) Pause Young (Normal) (G1 Evacuation Pause)
[2020-12-21T05:28:36.011-0500][gc,task        ] GC(16496) Using 8 workers of 8 for evacuation
[2020-12-21T05:28:36.015-0500][gc,phases      ] GC(16496)   Pre Evacuate Collection Set: 0.0ms
[2020-12-21T05:28:36.016-0500][gc,phases      ] GC(16496)   Evacuate Collection Set: 1.5ms
[2020-12-21T05:28:36.016-0500][gc,phases      ] GC(16496)   Post Evacuate Collection Set: 2.6ms
[2020-12-21T05:28:36.016-0500][gc,phases      ] GC(16496)   Other: 0.5ms
[2020-12-21T05:28:36.016-0500][gc,heap        ] GC(16496) Eden regions: 10->0(9)
[2020-12-21T05:28:36.016-0500][gc,heap        ] GC(16496) Survivor regions: 0->1(2)
[2020-12-21T05:28:36.016-0500][gc,heap        ] GC(16496) Old regions: 41->41
[2020-12-21T05:28:36.016-0500][gc,heap        ] GC(16496) Humongous regions: 4->4
[2020-12-21T05:28:36.016-0500][gc,metaspace   ] GC(16496) Metaspace: 49946K->49946K(1093632K)
[2020-12-21T05:28:36.016-0500][gc,heap        ] GC(16496) Heap after GC invocations=16497 (full 3323): garbage-first heap   total 64512K, used 43276K [0x0000000083000000, 0x0000000100000000)
[2020-12-21T05:28:36.016-0500][gc,heap        ] GC(16496)   region size 1024K, 1 young (1024K), 1 survivors (1024K)
[2020-12-21T05:28:36.016-0500][gc,heap        ] GC(16496)  Metaspace       used 49946K, capacity 52104K, committed 53632K, reserved 1093632K
[2020-12-21T05:28:36.016-0500][gc,heap        ] GC(16496)   class space    used 7422K, capacity 8193K, committed 8832K, reserved 1048576K
[2020-12-21T05:28:36.016-0500][gc             ] GC(16496) Pause Young (Normal) (G1 Evacuation Pause) 52M->42M(63M) 4.716ms
[2020-12-21T05:28:36.016-0500][gc,cpu         ] GC(16496) User=0.01s Sys=0.01s Real=0.00s
[2020-12-21T05:30:16.019-0500][gc,heap        ] GC(16497) Heap before GC invocations=16497 (full 3323): garbage-first heap   total 64512K, used 51468K [0x0000000083000000, 0x0000000100000000)
[2020-12-21T05:30:16.019-0500][gc,heap        ] GC(16497)   region size 1024K, 10 young (10240K), 1 survivors (1024K)
[2020-12-21T05:30:16.020-0500][gc,heap        ] GC(16497)  Metaspace       used 49946K, capacity 52104K, committed 53632K, reserved 1093632K
[2020-12-21T05:30:16.020-0500][gc,heap        ] GC(16497)   class space    used 7422K, capacity 8193K, committed 8832K, reserved 1048576K
[2020-12-21T05:30:16.020-0500][gc,start       ] GC(16497) Pause Young (Normal) (G1 Evacuation Pause)
[2020-12-21T05:30:16.020-0500][gc,task        ] GC(16497) Using 8 workers of 8 for evacuation
[2020-12-21T05:30:16.024-0500][gc,phases      ] GC(16497)   Pre Evacuate Collection Set: 0.0ms
[2020-12-21T05:30:16.024-0500][gc,phases      ] GC(16497)   Evacuate Collection Set: 1.6ms
[2020-12-21T05:30:16.024-0500][gc,phases      ] GC(16497)   Post Evacuate Collection Set: 2.5ms
[2020-12-21T05:30:16.024-0500][gc,phases      ] GC(16497)   Other: 0.5ms
[2020-12-21T05:30:16.024-0500][gc,heap        ] GC(16497) Eden regions: 9->0(9)
[2020-12-21T05:30:16.024-0500][gc,heap        ] GC(16497) Survivor regions: 1->1(2)
[2020-12-21T05:30:16.024-0500][gc,heap        ] GC(16497) Old regions: 41->41
[2020-12-21T05:30:16.024-0500][gc,heap        ] GC(16497) Humongous regions: 4->4
[2020-12-21T05:30:16.024-0500][gc,metaspace   ] GC(16497) Metaspace: 49946K->49946K(1093632K)
[2020-12-21T05:30:16.024-0500][gc,heap        ] GC(16497) Heap after GC invocations=16498 (full 3323): garbage-first heap   total 64512K, used 43271K [0x0000000083000000, 0x0000000100000000)
[2020-12-21T05:30:16.024-0500][gc,heap        ] GC(16497)   region size 1024K, 1 young (1024K), 1 survivors (1024K)
[2020-12-21T05:30:16.024-0500][gc,heap        ] GC(16497)  Metaspace       used 49946K, capacity 52104K, committed 53632K, reserved 1093632K
[2020-12-21T05:30:16.024-0500][gc,heap        ] GC(16497)   class space    used 7422K, capacity 8193K, committed 8832K, reserved 1048576K
[2020-12-21T05:30:16.024-0500][gc             ] GC(16497) Pause Young (Normal) (G1 Evacuation Pause) 51M->42M(63M) 4.830ms
[2020-12-21T05:30:16.025-0500][gc,cpu         ] GC(16497) User=0.01s Sys=0.00s Real=0.00s
[2020-12-21T05:31:45.193-0500][gc,task        ] GC(16498) Using 5 workers of 8 for full compaction
[2020-12-21T05:31:45.193-0500][gc,start       ] GC(16498) Pause Full (System.gc())
[2020-12-21T05:31:45.193-0500][gc,heap        ] GC(16498) Heap before GC invocations=16498 (full 3323): garbage-first heap   total 64512K, used 49415K [0x0000000083000000, 0x0000000100000000)
[2020-12-21T05:31:45.193-0500][gc,heap        ] GC(16498)   region size 1024K, 9 young (9216K), 1 survivors (1024K)
[2020-12-21T05:31:45.193-0500][gc,heap        ] GC(16498)  Metaspace       used 49946K, capacity 52104K, committed 53632K, reserved 1093632K
[2020-12-21T05:31:45.193-0500][gc,heap        ] GC(16498)   class space    used 7422K, capacity 8193K, committed 8832K, reserved 1048576K
[2020-12-21T05:31:45.194-0500][gc,phases,start] GC(16498) Phase 1: Mark live objects
[2020-12-21T05:31:45.240-0500][gc,stringtable ] GC(16498) Cleaned string and symbol table, strings: 33106 processed, 4 removed, symbols: 120816 processed, 0 removed
[2020-12-21T05:31:45.240-0500][gc,phases      ] GC(16498) Phase 1: Mark live objects 45.715ms
[2020-12-21T05:31:45.240-0500][gc,phases,start] GC(16498) Phase 2: Prepare for compaction
[2020-12-21T05:31:45.243-0500][gc,phases      ] GC(16498) Phase 2: Prepare for compaction 3.174ms
[2020-12-21T05:31:45.243-0500][gc,phases,start] GC(16498) Phase 3: Adjust pointers
[2020-12-21T05:31:45.253-0500][gc,phases      ] GC(16498) Phase 3: Adjust pointers 9.907ms
[2020-12-21T05:31:45.253-0500][gc,phases,start] GC(16498) Phase 4: Compact heap
[2020-12-21T05:31:45.256-0500][gc,phases      ] GC(16498) Phase 4: Compact heap 3.120ms
[2020-12-21T05:31:45.262-0500][gc,heap        ] GC(16498) Eden regions: 8->0(9)
[2020-12-21T05:31:45.262-0500][gc,heap        ] GC(16498) Survivor regions: 1->0(2)
[2020-12-21T05:31:45.262-0500][gc,heap        ] GC(16498) Old regions: 41->42
[2020-12-21T05:31:45.262-0500][gc,heap        ] GC(16498) Humongous regions: 4->4
[2020-12-21T05:31:45.262-0500][gc,metaspace   ] GC(16498) Metaspace: 49946K->49946K(1093632K)
[2020-12-21T05:31:45.262-0500][gc,heap        ] GC(16498) Heap after GC invocations=16499 (full 3324): garbage-first heap   total 64512K, used 43221K [0x0000000083000000, 0x0000000100000000)
[2020-12-21T05:31:45.262-0500][gc,heap        ] GC(16498)   region size 1024K, 0 young (0K), 0 survivors (0K)
[2020-12-21T05:31:45.262-0500][gc,heap        ] GC(16498)  Metaspace       used 49946K, capacity 52104K, committed 53632K, reserved 1093632K
[2020-12-21T05:31:45.262-0500][gc,heap        ] GC(16498)   class space    used 7422K, capacity 8193K, committed 8832K, reserved 1048576K
[2020-12-21T05:31:45.262-0500][gc             ] GC(16498) Pause Full (System.gc()) 49M->42M(63M) 68.654ms
[2020-12-21T05:31:45.262-0500][gc,cpu         ] GC(16498) User=0.29s Sys=0.00s Real=0.07s
[2020-12-21T05:33:29.414-0500][gc,heap        ] GC(16499) Heap before GC invocations=16499 (full 3324): garbage-first heap   total 64512K, used 51413K [0x0000000083000000, 0x0000000100000000)
[2020-12-21T05:33:29.414-0500][gc,heap        ] GC(16499)   region size 1024K, 9 young (9216K), 0 survivors (0K)
[2020-12-21T05:33:29.414-0500][gc,heap        ] GC(16499)  Metaspace       used 49946K, capacity 52104K, committed 53632K, reserved 1093632K
[2020-12-21T05:33:29.414-0500][gc,heap        ] GC(16499)   class space    used 7422K, capacity 8193K, committed 8832K, reserved 1048576K
[2020-12-21T05:33:29.414-0500][gc,start       ] GC(16499) Pause Young (Normal) (G1 Evacuation Pause)
[2020-12-21T05:33:29.415-0500][gc,task        ] GC(16499) Using 8 workers of 8 for evacuation
[2020-12-21T05:33:29.419-0500][gc,phases      ] GC(16499)   Pre Evacuate Collection Set: 0.0ms
[2020-12-21T05:33:29.419-0500][gc,phases      ] GC(16499)   Evacuate Collection Set: 1.3ms
[2020-12-21T05:33:29.419-0500][gc,phases      ] GC(16499)   Post Evacuate Collection Set: 3.0ms
[2020-12-21T05:33:29.419-0500][gc,phases      ] GC(16499)   Other: 0.5ms
[2020-12-21T05:33:29.419-0500][gc,heap        ] GC(16499) Eden regions: 9->0(8)
[2020-12-21T05:33:29.419-0500][gc,heap        ] GC(16499) Survivor regions: 0->1(2)
[2020-12-21T05:33:29.419-0500][gc,heap        ] GC(16499) Old regions: 42->42
[2020-12-21T05:33:29.419-0500][gc,heap        ] GC(16499) Humongous regions: 4->4
[2020-12-21T05:33:29.419-0500][gc,metaspace   ] GC(16499) Metaspace: 49946K->49946K(1093632K)
[2020-12-21T05:33:29.419-0500][gc,heap        ] GC(16499) Heap after GC invocations=16500 (full 3324): garbage-first heap   total 64512K, used 43265K [0x0000000083000000, 0x0000000100000000)
[2020-12-21T05:33:29.419-0500][gc,heap        ] GC(16499)   region size 1024K, 1 young (1024K), 1 survivors (1024K)
[2020-12-21T05:33:29.419-0500][gc,heap        ] GC(16499)  Metaspace       used 49946K, capacity 52104K, committed 53632K, reserved 1093632K
[2020-12-21T05:33:29.419-0500][gc,heap        ] GC(16499)   class space    used 7422K, capacity 8193K, committed 8832K, reserved 1048576K
[2020-12-21T05:33:29.419-0500][gc             ] GC(16499) Pause Young (Normal) (G1 Evacuation Pause) 51M->42M(63M) 4.830ms
[2020-12-21T05:33:29.419-0500][gc,cpu         ] GC(16499) User=0.01s Sys=0.01s Real=0.01s
[2020-12-21T05:35:00.238-0500][gc,heap        ] GC(16500) Heap before GC invocations=16500 (full 3324): garbage-first heap   total 64512K, used 50433K [0x0000000083000000, 0x0000000100000000)
[2020-12-21T05:35:00.238-0500][gc,heap        ] GC(16500)   region size 1024K, 9 young (9216K), 1 survivors (1024K)
[2020-12-21T05:35:00.238-0500][gc,heap        ] GC(16500)  Metaspace       used 49946K, capacity 52104K, committed 53632K, reserved 1093632K
[2020-12-21T05:35:00.238-0500][gc,heap        ] GC(16500)   class space    used 7422K, capacity 8193K, committed 8832K, reserved 1048576K
[2020-12-21T05:35:00.238-0500][gc,start       ] GC(16500) Pause Young (Normal) (G1 Evacuation Pause)
[2020-12-21T05:35:00.238-0500][gc,task        ] GC(16500) Using 8 workers of 8 for evacuation
[2020-12-21T05:35:00.241-0500][gc,phases      ] GC(16500)   Pre Evacuate Collection Set: 0.0ms
[2020-12-21T05:35:00.241-0500][gc,phases      ] GC(16500)   Evacuate Collection Set: 0.6ms
[2020-12-21T05:35:00.241-0500][gc,phases      ] GC(16500)   Post Evacuate Collection Set: 1.8ms
[2020-12-21T05:35:00.241-0500][gc,phases      ] GC(16500)   Other: 0.2ms
[2020-12-21T05:35:00.241-0500][gc,heap        ] GC(16500) Eden regions: 8->0(8)
[2020-12-21T05:35:00.241-0500][gc,heap        ] GC(16500) Survivor regions: 1->1(2)
[2020-12-21T05:35:00.241-0500][gc,heap        ] GC(16500) Old regions: 42->42
[2020-12-21T05:35:00.241-0500][gc,heap        ] GC(16500) Humongous regions: 4->4
[2020-12-21T05:35:00.241-0500][gc,metaspace   ] GC(16500) Metaspace: 49946K->49946K(1093632K)
[2020-12-21T05:35:00.241-0500][gc,heap        ] GC(16500) Heap after GC invocations=16501 (full 3324): garbage-first heap   total 64512K, used 43297K [0x0000000083000000, 0x0000000100000000)
[2020-12-21T05:35:00.241-0500][gc,heap        ] GC(16500)   region size 1024K, 1 young (1024K), 1 survivors (1024K)
[2020-12-21T05:35:00.241-0500][gc,heap        ] GC(16500)  Metaspace       used 49946K, capacity 52104K, committed 53632K, reserved 1093632K
[2020-12-21T05:35:00.241-0500][gc,heap        ] GC(16500)   class space    used 7422K, capacity 8193K, committed 8832K, reserved 1048576K
[2020-12-21T05:35:00.241-0500][gc             ] GC(16500) Pause Young (Normal) (G1 Evacuation Pause) 50M->42M(63M) 2.727ms
[2020-12-21T05:35:00.241-0500][gc,cpu         ] GC(16500) User=0.00s Sys=0.01s Real=0.00s
[2020-12-21T05:36:30.523-0500][gc,heap        ] GC(16501) Heap before GC invocations=16501 (full 3324): garbage-first heap   total 64512K, used 50465K [0x0000000083000000, 0x0000000100000000)
[2020-12-21T05:36:30.523-0500][gc,heap        ] GC(16501)   region size 1024K, 9 young (9216K), 1 survivors (1024K)
[2020-12-21T05:36:30.523-0500][gc,heap        ] GC(16501)  Metaspace       used 49946K, capacity 52104K, committed 53632K, reserved 1093632K
[2020-12-21T05:36:30.523-0500][gc,heap        ] GC(16501)   class space    used 7422K, capacity 8193K, committed 8832K, reserved 1048576K
[2020-12-21T05:36:30.523-0500][gc,start       ] GC(16501) Pause Young (Normal) (G1 Evacuation Pause)
[2020-12-21T05:36:30.523-0500][gc,task        ] GC(16501) Using 8 workers of 8 for evacuation
[2020-12-21T05:36:30.525-0500][gc,phases      ] GC(16501)   Pre Evacuate Collection Set: 0.0ms
[2020-12-21T05:36:30.525-0500][gc,phases      ] GC(16501)   Evacuate Collection Set: 0.7ms
[2020-12-21T05:36:30.525-0500][gc,phases      ] GC(16501)   Post Evacuate Collection Set: 0.8ms
[2020-12-21T05:36:30.525-0500][gc,phases      ] GC(16501)   Other: 0.2ms
[2020-12-21T05:36:30.525-0500][gc,heap        ] GC(16501) Eden regions: 8->0(8)
[2020-12-21T05:36:30.525-0500][gc,heap        ] GC(16501) Survivor regions: 1->1(2)
[2020-12-21T05:36:30.525-0500][gc,heap        ] GC(16501) Old regions: 42->42
[2020-12-21T05:36:30.525-0500][gc,heap        ] GC(16501) Humongous regions: 4->4
[2020-12-21T05:36:30.525-0500][gc,metaspace   ] GC(16501) Metaspace: 49946K->49946K(1093632K)
[2020-12-21T05:36:30.525-0500][gc,heap        ] GC(16501) Heap after GC invocations=16502 (full 3324): garbage-first heap   total 64512K, used 43361K [0x0000000083000000, 0x0000000100000000)
[2020-12-21T05:36:30.525-0500][gc,heap        ] GC(16501)   region size 1024K, 1 young (1024K), 1 survivors (1024K)
[2020-12-21T05:36:30.525-0500][gc,heap        ] GC(16501)  Metaspace       used 49946K, capacity 52104K, committed 53632K, reserved 1093632K
[2020-12-21T05:36:30.525-0500][gc,heap        ] GC(16501)   class space    used 7422K, capacity 8193K, committed 8832K, reserved 1048576K
[2020-12-21T05:36:30.525-0500][gc             ] GC(16501) Pause Young (Normal) (G1 Evacuation Pause) 50M->42M(63M) 1.826ms
[2020-12-21T05:36:30.525-0500][gc,cpu         ] GC(16501) User=0.00s Sys=0.00s Real=0.00s
[2020-12-21T05:36:45.189-0500][gc,task        ] GC(16502) Using 5 workers of 8 for full compaction
[2020-12-21T05:36:45.189-0500][gc,start       ] GC(16502) Pause Full (System.gc())
[2020-12-21T05:36:45.189-0500][gc,heap        ] GC(16502) Heap before GC invocations=16502 (full 3324): garbage-first heap   total 64512K, used 44385K [0x0000000083000000, 0x0000000100000000)
[2020-12-21T05:36:45.189-0500][gc,heap        ] GC(16502)   region size 1024K, 3 young (3072K), 1 survivors (1024K)
[2020-12-21T05:36:45.189-0500][gc,heap        ] GC(16502)  Metaspace       used 49946K, capacity 52104K, committed 53632K, reserved 1093632K
[2020-12-21T05:36:45.189-0500][gc,heap        ] GC(16502)   class space    used 7422K, capacity 8193K, committed 8832K, reserved 1048576K
[2020-12-21T05:36:45.190-0500][gc,phases,start] GC(16502) Phase 1: Mark live objects
[2020-12-21T05:36:45.230-0500][gc,stringtable ] GC(16502) Cleaned string and symbol table, strings: 33106 processed, 4 removed, symbols: 120816 processed, 0 removed
[2020-12-21T05:36:45.231-0500][gc,phases      ] GC(16502) Phase 1: Mark live objects 40.685ms
[2020-12-21T05:36:45.231-0500][gc,phases,start] GC(16502) Phase 2: Prepare for compaction
[2020-12-21T05:36:45.236-0500][gc,phases      ] GC(16502) Phase 2: Prepare for compaction 5.460ms
[2020-12-21T05:36:45.236-0500][gc,phases,start] GC(16502) Phase 3: Adjust pointers
[2020-12-21T05:36:45.248-0500][gc,phases      ] GC(16502) Phase 3: Adjust pointers 11.377ms
[2020-12-21T05:36:45.248-0500][gc,phases,start] GC(16502) Phase 4: Compact heap
[2020-12-21T05:36:45.250-0500][gc,phases      ] GC(16502) Phase 4: Compact heap 2.424ms
[2020-12-21T05:36:45.256-0500][gc,heap        ] GC(16502) Eden regions: 2->0(10)
[2020-12-21T05:36:45.256-0500][gc,heap        ] GC(16502) Survivor regions: 1->0(2)
[2020-12-21T05:36:45.256-0500][gc,heap        ] GC(16502) Old regions: 42->41
[2020-12-21T05:36:45.256-0500][gc,heap        ] GC(16502) Humongous regions: 4->4
[2020-12-21T05:36:45.256-0500][gc,metaspace   ] GC(16502) Metaspace: 49946K->49946K(1093632K)
[2020-12-21T05:36:45.256-0500][gc,heap        ] GC(16502) Heap after GC invocations=16503 (full 3325): garbage-first heap   total 64512K, used 43198K [0x0000000083000000, 0x0000000100000000)
[2020-12-21T05:36:45.256-0500][gc,heap        ] GC(16502)   region size 1024K, 0 young (0K), 0 survivors (0K)
[2020-12-21T05:36:45.256-0500][gc,heap        ] GC(16502)  Metaspace       used 49946K, capacity 52104K, committed 53632K, reserved 1093632K
[2020-12-21T05:36:45.256-0500][gc,heap        ] GC(16502)   class space    used 7422K, capacity 8193K, committed 8832K, reserved 1048576K
[2020-12-21T05:36:45.256-0500][gc             ] GC(16502) Pause Full (System.gc()) 43M->42M(63M) 66.532ms
[2020-12-21T05:36:45.256-0500][gc,cpu         ] GC(16502) User=0.28s Sys=0.00s Real=0.06s
[2020-12-21T05:38:36.012-0500][gc,heap        ] GC(16503) Heap before GC invocations=16503 (full 3325): garbage-first heap   total 64512K, used 52414K [0x0000000083000000, 0x0000000100000000)
[2020-12-21T05:38:36.012-0500][gc,heap        ] GC(16503)   region size 1024K, 10 young (10240K), 0 survivors (0K)
[2020-12-21T05:38:36.012-0500][gc,heap        ] GC(16503)  Metaspace       used 49946K, capacity 52104K, committed 53632K, reserved 1093632K
[2020-12-21T05:38:36.012-0500][gc,heap        ] GC(16503)   class space    used 7422K, capacity 8193K, committed 8832K, reserved 1048576K
[2020-12-21T05:38:36.012-0500][gc,start       ] GC(16503) Pause Young (Normal) (G1 Evacuation Pause)
[2020-12-21T05:38:36.012-0500][gc,task        ] GC(16503) Using 8 workers of 8 for evacuation
[2020-12-21T05:38:36.017-0500][gc,phases      ] GC(16503)   Pre Evacuate Collection Set: 0.0ms
[2020-12-21T05:38:36.017-0500][gc,phases      ] GC(16503)   Evacuate Collection Set: 2.3ms
[2020-12-21T05:38:36.017-0500][gc,phases      ] GC(16503)   Post Evacuate Collection Set: 2.3ms
[2020-12-21T05:38:36.017-0500][gc,phases      ] GC(16503)   Other: 0.4ms
[2020-12-21T05:38:36.017-0500][gc,heap        ] GC(16503) Eden regions: 10->0(9)
[2020-12-21T05:38:36.017-0500][gc,heap        ] GC(16503) Survivor regions: 0->1(2)
[2020-12-21T05:38:36.017-0500][gc,heap        ] GC(16503) Old regions: 41->41
[2020-12-21T05:38:36.017-0500][gc,heap        ] GC(16503) Humongous regions: 4->4
[2020-12-21T05:38:36.017-0500][gc,metaspace   ] GC(16503) Metaspace: 49946K->49946K(1093632K)
[2020-12-21T05:38:36.017-0500][gc,heap        ] GC(16503) Heap after GC invocations=16504 (full 3325): garbage-first heap   total 64512K, used 43276K [0x0000000083000000, 0x0000000100000000)
[2020-12-21T05:38:36.018-0500][gc,heap        ] GC(16503)   region size 1024K, 1 young (1024K), 1 survivors (1024K)
[2020-12-21T05:38:36.018-0500][gc,heap        ] GC(16503)  Metaspace       used 49946K, capacity 52104K, committed 53632K, reserved 1093632K
[2020-12-21T05:38:36.018-0500][gc,heap        ] GC(16503)   class space    used 7422K, capacity 8193K, committed 8832K, reserved 1048576K
[2020-12-21T05:38:36.018-0500][gc             ] GC(16503) Pause Young (Normal) (G1 Evacuation Pause) 52M->42M(63M) 5.228ms
[2020-12-21T05:38:36.018-0500][gc,cpu         ] GC(16503) User=0.00s Sys=0.01s Real=0.00s
[2020-12-21T05:40:16.019-0500][gc,heap        ] GC(16504) Heap before GC invocations=16504 (full 3325): garbage-first heap   total 64512K, used 52492K [0x0000000083000000, 0x0000000100000000)
[2020-12-21T05:40:16.019-0500][gc,heap        ] GC(16504)   region size 1024K, 10 young (10240K), 1 survivors (1024K)
[2020-12-21T05:40:16.019-0500][gc,heap        ] GC(16504)  Metaspace       used 49946K, capacity 52104K, committed 53632K, reserved 1093632K
[2020-12-21T05:40:16.019-0500][gc,heap        ] GC(16504)   class space    used 7422K, capacity 8193K, committed 8832K, reserved 1048576K
[2020-12-21T05:40:16.019-0500][gc,start       ] GC(16504) Pause Young (Normal) (G1 Evacuation Pause)
[2020-12-21T05:40:16.020-0500][gc,task        ] GC(16504) Using 8 workers of 8 for evacuation
[2020-12-21T05:40:16.024-0500][gc,phases      ] GC(16504)   Pre Evacuate Collection Set: 0.0ms
[2020-12-21T05:40:16.024-0500][gc,phases      ] GC(16504)   Evacuate Collection Set: 2.4ms
[2020-12-21T05:40:16.024-0500][gc,phases      ] GC(16504)   Post Evacuate Collection Set: 2.2ms
[2020-12-21T05:40:16.024-0500][gc,phases      ] GC(16504)   Other: 0.4ms
[2020-12-21T05:40:16.024-0500][gc,heap        ] GC(16504) Eden regions: 9->0(9)
[2020-12-21T05:40:16.024-0500][gc,heap        ] GC(16504) Survivor regions: 1->1(2)
[2020-12-21T05:40:16.025-0500][gc,heap        ] GC(16504) Old regions: 41->41
[2020-12-21T05:40:16.025-0500][gc,heap        ] GC(16504) Humongous regions: 4->4
[2020-12-21T05:40:16.025-0500][gc,metaspace   ] GC(16504) Metaspace: 49946K->49946K(1093632K)
[2020-12-21T05:40:16.025-0500][gc,heap        ] GC(16504) Heap after GC invocations=16505 (full 3325): garbage-first heap   total 64512K, used 43261K [0x0000000083000000, 0x0000000100000000)
[2020-12-21T05:40:16.025-0500][gc,heap        ] GC(16504)   region size 1024K, 1 young (1024K), 1 survivors (1024K)
[2020-12-21T05:40:16.025-0500][gc,heap        ] GC(16504)  Metaspace       used 49946K, capacity 52104K, committed 53632K, reserved 1093632K
[2020-12-21T05:40:16.025-0500][gc,heap        ] GC(16504)   class space    used 7422K, capacity 8193K, committed 8832K, reserved 1048576K
[2020-12-21T05:40:16.025-0500][gc             ] GC(16504) Pause Young (Normal) (G1 Evacuation Pause) 51M->42M(63M) 5.186ms
[2020-12-21T05:40:16.025-0500][gc,cpu         ] GC(16504) User=0.01s Sys=0.00s Real=0.00s
[2020-12-21T05:41:45.191-0500][gc,task        ] GC(16505) Using 5 workers of 8 for full compaction
[2020-12-21T05:41:45.191-0500][gc,start       ] GC(16505) Pause Full (System.gc())
[2020-12-21T05:41:45.191-0500][gc,heap        ] GC(16505) Heap before GC invocations=16505 (full 3325): garbage-first heap   total 64512K, used 50429K [0x0000000083000000, 0x0000000100000000)
[2020-12-21T05:41:45.191-0500][gc,heap        ] GC(16505)   region size 1024K, 9 young (9216K), 1 survivors (1024K)
[2020-12-21T05:41:45.191-0500][gc,heap        ] GC(16505)  Metaspace       used 49946K, capacity 52104K, committed 53632K, reserved 1093632K
[2020-12-21T05:41:45.191-0500][gc,heap        ] GC(16505)   class space    used 7422K, capacity 8193K, committed 8832K, reserved 1048576K
[2020-12-21T05:41:45.191-0500][gc,phases,start] GC(16505) Phase 1: Mark live objects
[2020-12-21T05:41:45.232-0500][gc,stringtable ] GC(16505) Cleaned string and symbol table, strings: 33106 processed, 4 removed, symbols: 120816 processed, 0 removed
[2020-12-21T05:41:45.232-0500][gc,phases      ] GC(16505) Phase 1: Mark live objects 40.858ms
[2020-12-21T05:41:45.232-0500][gc,phases,start] GC(16505) Phase 2: Prepare for compaction
[2020-12-21T05:41:45.239-0500][gc,phases      ] GC(16505) Phase 2: Prepare for compaction 6.672ms
[2020-12-21T05:41:45.239-0500][gc,phases,start] GC(16505) Phase 3: Adjust pointers
[2020-12-21T05:41:45.250-0500][gc,phases      ] GC(16505) Phase 3: Adjust pointers 10.969ms
[2020-12-21T05:41:45.250-0500][gc,phases,start] GC(16505) Phase 4: Compact heap
[2020-12-21T05:41:45.253-0500][gc,phases      ] GC(16505) Phase 4: Compact heap 2.828ms
[2020-12-21T05:41:45.259-0500][gc,heap        ] GC(16505) Eden regions: 8->0(10)
[2020-12-21T05:41:45.259-0500][gc,heap        ] GC(16505) Survivor regions: 1->0(2)
[2020-12-21T05:41:45.259-0500][gc,heap        ] GC(16505) Old regions: 41->41
[2020-12-21T05:41:45.259-0500][gc,heap        ] GC(16505) Humongous regions: 4->4
[2020-12-21T05:41:45.259-0500][gc,metaspace   ] GC(16505) Metaspace: 49946K->49946K(1093632K)
[2020-12-21T05:41:45.259-0500][gc,heap        ] GC(16505) Heap after GC invocations=16506 (full 3326): garbage-first heap   total 64512K, used 43222K [0x0000000083000000, 0x0000000100000000)
[2020-12-21T05:41:45.259-0500][gc,heap        ] GC(16505)   region size 1024K, 0 young (0K), 0 survivors (0K)
[2020-12-21T05:41:45.259-0500][gc,heap        ] GC(16505)  Metaspace       used 49946K, capacity 52104K, committed 53632K, reserved 1093632K
[2020-12-21T05:41:45.259-0500][gc,heap        ] GC(16505)   class space    used 7422K, capacity 8193K, committed 8832K, reserved 1048576K
[2020-12-21T05:41:45.259-0500][gc             ] GC(16505) Pause Full (System.gc()) 49M->42M(63M) 68.130ms
[2020-12-21T05:41:45.259-0500][gc,cpu         ] GC(16505) User=0.29s Sys=0.00s Real=0.07s
[2020-12-21T05:43:36.013-0500][gc,heap        ] GC(16506) Heap before GC invocations=16506 (full 3326): garbage-first heap   total 64512K, used 52438K [0x0000000083000000, 0x0000000100000000)
[2020-12-21T05:43:36.013-0500][gc,heap        ] GC(16506)   region size 1024K, 10 young (10240K), 0 survivors (0K)
[2020-12-21T05:43:36.013-0500][gc,heap        ] GC(16506)  Metaspace       used 49946K, capacity 52104K, committed 53632K, reserved 1093632K
[2020-12-21T05:43:36.013-0500][gc,heap        ] GC(16506)   class space    used 7422K, capacity 8193K, committed 8832K, reserved 1048576K
[2020-12-21T05:43:36.013-0500][gc,start       ] GC(16506) Pause Young (Normal) (G1 Evacuation Pause)
[2020-12-21T05:43:36.013-0500][gc,task        ] GC(16506) Using 8 workers of 8 for evacuation
[2020-12-21T05:43:36.017-0500][gc,phases      ] GC(16506)   Pre Evacuate Collection Set: 0.0ms
[2020-12-21T05:43:36.017-0500][gc,phases      ] GC(16506)   Evacuate Collection Set: 1.8ms
[2020-12-21T05:43:36.017-0500][gc,phases      ] GC(16506)   Post Evacuate Collection Set: 2.5ms
[2020-12-21T05:43:36.018-0500][gc,phases      ] GC(16506)   Other: 0.4ms
[2020-12-21T05:43:36.018-0500][gc,heap        ] GC(16506) Eden regions: 10->0(9)
[2020-12-21T05:43:36.018-0500][gc,heap        ] GC(16506) Survivor regions: 0->1(2)
[2020-12-21T05:43:36.018-0500][gc,heap        ] GC(16506) Old regions: 41->41
[2020-12-21T05:43:36.018-0500][gc,heap        ] GC(16506) Humongous regions: 4->4
[2020-12-21T05:43:36.018-0500][gc,metaspace   ] GC(16506) Metaspace: 49946K->49946K(1093632K)
[2020-12-21T05:43:36.018-0500][gc,heap        ] GC(16506) Heap after GC invocations=16507 (full 3326): garbage-first heap   total 64512K, used 43299K [0x0000000083000000, 0x0000000100000000)
[2020-12-21T05:43:36.018-0500][gc,heap        ] GC(16506)   region size 1024K, 1 young (1024K), 1 survivors (1024K)
[2020-12-21T05:43:36.018-0500][gc,heap        ] GC(16506)  Metaspace       used 49946K, capacity 52104K, committed 53632K, reserved 1093632K
[2020-12-21T05:43:36.018-0500][gc,heap        ] GC(16506)   class space    used 7422K, capacity 8193K, committed 8832K, reserved 1048576K
[2020-12-21T05:43:36.018-0500][gc             ] GC(16506) Pause Young (Normal) (G1 Evacuation Pause) 52M->42M(63M) 4.913ms
[2020-12-21T05:43:36.018-0500][gc,cpu         ] GC(16506) User=0.00s Sys=0.01s Real=0.00s
[2020-12-21T05:45:16.021-0500][gc,heap        ] GC(16507) Heap before GC invocations=16507 (full 3326): garbage-first heap   total 64512K, used 51491K [0x0000000083000000, 0x0000000100000000)
[2020-12-21T05:45:16.021-0500][gc,heap        ] GC(16507)   region size 1024K, 10 young (10240K), 1 survivors (1024K)
[2020-12-21T05:45:16.021-0500][gc,heap        ] GC(16507)  Metaspace       used 49946K, capacity 52104K, committed 53632K, reserved 1093632K
[2020-12-21T05:45:16.021-0500][gc,heap        ] GC(16507)   class space    used 7422K, capacity 8193K, committed 8832K, reserved 1048576K
[2020-12-21T05:45:16.021-0500][gc,start       ] GC(16507) Pause Young (Normal) (G1 Evacuation Pause)
[2020-12-21T05:45:16.021-0500][gc,task        ] GC(16507) Using 8 workers of 8 for evacuation
[2020-12-21T05:45:16.026-0500][gc,phases      ] GC(16507)   Pre Evacuate Collection Set: 0.0ms
[2020-12-21T05:45:16.026-0500][gc,phases      ] GC(16507)   Evacuate Collection Set: 2.3ms
[2020-12-21T05:45:16.026-0500][gc,phases      ] GC(16507)   Post Evacuate Collection Set: 2.3ms
[2020-12-21T05:45:16.026-0500][gc,phases      ] GC(16507)   Other: 0.4ms
[2020-12-21T05:45:16.026-0500][gc,heap        ] GC(16507) Eden regions: 9->0(9)
[2020-12-21T05:45:16.026-0500][gc,heap        ] GC(16507) Survivor regions: 1->1(2)
[2020-12-21T05:45:16.026-0500][gc,heap        ] GC(16507) Old regions: 41->41
[2020-12-21T05:45:16.026-0500][gc,heap        ] GC(16507) Humongous regions: 4->4
[2020-12-21T05:45:16.026-0500][gc,metaspace   ] GC(16507) Metaspace: 49946K->49946K(1093632K)
[2020-12-21T05:45:16.026-0500][gc,heap        ] GC(16507) Heap after GC invocations=16508 (full 3326): garbage-first heap   total 64512K, used 43284K [0x0000000083000000, 0x0000000100000000)
[2020-12-21T05:45:16.026-0500][gc,heap        ] GC(16507)   region size 1024K, 1 young (1024K), 1 survivors (1024K)
[2020-12-21T05:45:16.026-0500][gc,heap        ] GC(16507)  Metaspace       used 49946K, capacity 52104K, committed 53632K, reserved 1093632K
[2020-12-21T05:45:16.026-0500][gc,heap        ] GC(16507)   class space    used 7422K, capacity 8193K, committed 8832K, reserved 1048576K
[2020-12-21T05:45:16.026-0500][gc             ] GC(16507) Pause Young (Normal) (G1 Evacuation Pause) 51M->42M(63M) 5.181ms
[2020-12-21T05:45:16.027-0500][gc,cpu         ] GC(16507) User=0.02s Sys=0.00s Real=0.00s
[2020-12-21T05:46:45.191-0500][gc,task        ] GC(16508) Using 5 workers of 8 for full compaction
[2020-12-21T05:46:45.191-0500][gc,start       ] GC(16508) Pause Full (System.gc())
[2020-12-21T05:46:45.191-0500][gc,heap        ] GC(16508) Heap before GC invocations=16508 (full 3326): garbage-first heap   total 64512K, used 49428K [0x0000000083000000, 0x0000000100000000)
[2020-12-21T05:46:45.191-0500][gc,heap        ] GC(16508)   region size 1024K, 9 young (9216K), 1 survivors (1024K)
[2020-12-21T05:46:45.191-0500][gc,heap        ] GC(16508)  Metaspace       used 49946K, capacity 52104K, committed 53632K, reserved 1093632K
[2020-12-21T05:46:45.191-0500][gc,heap        ] GC(16508)   class space    used 7422K, capacity 8193K, committed 8832K, reserved 1048576K
[2020-12-21T05:46:45.192-0500][gc,phases,start] GC(16508) Phase 1: Mark live objects
[2020-12-21T05:46:45.232-0500][gc,stringtable ] GC(16508) Cleaned string and symbol table, strings: 33106 processed, 4 removed, symbols: 120816 processed, 0 removed
[2020-12-21T05:46:45.232-0500][gc,phases      ] GC(16508) Phase 1: Mark live objects 39.995ms
[2020-12-21T05:46:45.232-0500][gc,phases,start] GC(16508) Phase 2: Prepare for compaction
[2020-12-21T05:46:45.237-0500][gc,phases      ] GC(16508) Phase 2: Prepare for compaction 4.967ms
[2020-12-21T05:46:45.237-0500][gc,phases,start] GC(16508) Phase 3: Adjust pointers
[2020-12-21T05:46:45.249-0500][gc,phases      ] GC(16508) Phase 3: Adjust pointers 11.874ms
[2020-12-21T05:46:45.249-0500][gc,phases,start] GC(16508) Phase 4: Compact heap
[2020-12-21T05:46:45.252-0500][gc,phases      ] GC(16508) Phase 4: Compact heap 2.612ms
[2020-12-21T05:46:45.257-0500][gc,heap        ] GC(16508) Eden regions: 8->0(10)
[2020-12-21T05:46:45.257-0500][gc,heap        ] GC(16508) Survivor regions: 1->0(2)
[2020-12-21T05:46:45.257-0500][gc,heap        ] GC(16508) Old regions: 41->41
[2020-12-21T05:46:45.257-0500][gc,heap        ] GC(16508) Humongous regions: 4->4
[2020-12-21T05:46:45.257-0500][gc,metaspace   ] GC(16508) Metaspace: 49946K->49946K(1093632K)
[2020-12-21T05:46:45.257-0500][gc,heap        ] GC(16508) Heap after GC invocations=16509 (full 3327): garbage-first heap   total 64512K, used 43217K [0x0000000083000000, 0x0000000100000000)
[2020-12-21T05:46:45.257-0500][gc,heap        ] GC(16508)   region size 1024K, 0 young (0K), 0 survivors (0K)
[2020-12-21T05:46:45.257-0500][gc,heap        ] GC(16508)  Metaspace       used 49946K, capacity 52104K, committed 53632K, reserved 1093632K
[2020-12-21T05:46:45.257-0500][gc,heap        ] GC(16508)   class space    used 7422K, capacity 8193K, committed 8832K, reserved 1048576K
[2020-12-21T05:46:45.257-0500][gc             ] GC(16508) Pause Full (System.gc()) 49M->42M(63M) 66.073ms
[2020-12-21T05:46:45.258-0500][gc,cpu         ] GC(16508) User=0.28s Sys=0.00s Real=0.06s
[2020-12-21T05:48:36.015-0500][gc,heap        ] GC(16509) Heap before GC invocations=16509 (full 3327): garbage-first heap   total 64512K, used 52433K [0x0000000083000000, 0x0000000100000000)
[2020-12-21T05:48:36.015-0500][gc,heap        ] GC(16509)   region size 1024K, 10 young (10240K), 0 survivors (0K)
[2020-12-21T05:48:36.015-0500][gc,heap        ] GC(16509)  Metaspace       used 49946K, capacity 52104K, committed 53632K, reserved 1093632K
[2020-12-21T05:48:36.015-0500][gc,heap        ] GC(16509)   class space    used 7422K, capacity 8193K, committed 8832K, reserved 1048576K
[2020-12-21T05:48:36.015-0500][gc,start       ] GC(16509) Pause Young (Normal) (G1 Evacuation Pause)
[2020-12-21T05:48:36.015-0500][gc,task        ] GC(16509) Using 8 workers of 8 for evacuation
[2020-12-21T05:48:36.019-0500][gc,phases      ] GC(16509)   Pre Evacuate Collection Set: 0.0ms
[2020-12-21T05:48:36.020-0500][gc,phases      ] GC(16509)   Evacuate Collection Set: 1.4ms
[2020-12-21T05:48:36.020-0500][gc,phases      ] GC(16509)   Post Evacuate Collection Set: 2.4ms
[2020-12-21T05:48:36.020-0500][gc,phases      ] GC(16509)   Other: 0.5ms
[2020-12-21T05:48:36.020-0500][gc,heap        ] GC(16509) Eden regions: 10->0(9)
[2020-12-21T05:48:36.020-0500][gc,heap        ] GC(16509) Survivor regions: 0->1(2)
[2020-12-21T05:48:36.020-0500][gc,heap        ] GC(16509) Old regions: 41->41
[2020-12-21T05:48:36.020-0500][gc,heap        ] GC(16509) Humongous regions: 4->4
[2020-12-21T05:48:36.020-0500][gc,metaspace   ] GC(16509) Metaspace: 49946K->49946K(1093632K)
[2020-12-21T05:48:36.020-0500][gc,heap        ] GC(16509) Heap after GC invocations=16510 (full 3327): garbage-first heap   total 64512K, used 43294K [0x0000000083000000, 0x0000000100000000)
[2020-12-21T05:48:36.020-0500][gc,heap        ] GC(16509)   region size 1024K, 1 young (1024K), 1 survivors (1024K)
[2020-12-21T05:48:36.020-0500][gc,heap        ] GC(16509)  Metaspace       used 49946K, capacity 52104K, committed 53632K, reserved 1093632K
[2020-12-21T05:48:36.020-0500][gc,heap        ] GC(16509)   class space    used 7422K, capacity 8193K, committed 8832K, reserved 1048576K
[2020-12-21T05:48:36.020-0500][gc             ] GC(16509) Pause Young (Normal) (G1 Evacuation Pause) 52M->42M(63M) 4.745ms
[2020-12-21T05:48:36.020-0500][gc,cpu         ] GC(16509) User=0.01s Sys=0.00s Real=0.01s
[2020-12-21T05:50:20.842-0500][gc,heap        ] GC(16510) Heap before GC invocations=16510 (full 3327): garbage-first heap   total 64512K, used 52510K [0x0000000083000000, 0x0000000100000000)
[2020-12-21T05:50:20.842-0500][gc,heap        ] GC(16510)   region size 1024K, 10 young (10240K), 1 survivors (1024K)
[2020-12-21T05:50:20.842-0500][gc,heap        ] GC(16510)  Metaspace       used 49946K, capacity 52104K, committed 53632K, reserved 1093632K
[2020-12-21T05:50:20.842-0500][gc,heap        ] GC(16510)   class space    used 7422K, capacity 8193K, committed 8832K, reserved 1048576K
[2020-12-21T05:50:20.843-0500][gc,start       ] GC(16510) Pause Young (Normal) (G1 Evacuation Pause)
[2020-12-21T05:50:20.843-0500][gc,task        ] GC(16510) Using 8 workers of 8 for evacuation
[2020-12-21T05:50:20.847-0500][gc,phases      ] GC(16510)   Pre Evacuate Collection Set: 0.0ms
[2020-12-21T05:50:20.847-0500][gc,phases      ] GC(16510)   Evacuate Collection Set: 1.4ms
[2020-12-21T05:50:20.847-0500][gc,phases      ] GC(16510)   Post Evacuate Collection Set: 2.8ms
[2020-12-21T05:50:20.847-0500][gc,phases      ] GC(16510)   Other: 0.5ms
[2020-12-21T05:50:20.847-0500][gc,heap        ] GC(16510) Eden regions: 9->0(9)
[2020-12-21T05:50:20.847-0500][gc,heap        ] GC(16510) Survivor regions: 1->1(2)
[2020-12-21T05:50:20.847-0500][gc,heap        ] GC(16510) Old regions: 41->41
[2020-12-21T05:50:20.847-0500][gc,heap        ] GC(16510) Humongous regions: 4->4
[2020-12-21T05:50:20.847-0500][gc,metaspace   ] GC(16510) Metaspace: 49946K->49946K(1093632K)
[2020-12-21T05:50:20.847-0500][gc,heap        ] GC(16510) Heap after GC invocations=16511 (full 3327): garbage-first heap   total 64512K, used 43262K [0x0000000083000000, 0x0000000100000000)
[2020-12-21T05:50:20.847-0500][gc,heap        ] GC(16510)   region size 1024K, 1 young (1024K), 1 survivors (1024K)
[2020-12-21T05:50:20.848-0500][gc,heap        ] GC(16510)  Metaspace       used 49946K, capacity 52104K, committed 53632K, reserved 1093632K
[2020-12-21T05:50:20.848-0500][gc,heap        ] GC(16510)   class space    used 7422K, capacity 8193K, committed 8832K, reserved 1048576K
[2020-12-21T05:50:20.848-0500][gc             ] GC(16510) Pause Young (Normal) (G1 Evacuation Pause) 51M->42M(63M) 5.048ms
[2020-12-21T05:50:20.848-0500][gc,cpu         ] GC(16510) User=0.00s Sys=0.01s Real=0.00s
[2020-12-21T05:51:45.189-0500][gc,task        ] GC(16511) Using 5 workers of 8 for full compaction
[2020-12-21T05:51:45.190-0500][gc,start       ] GC(16511) Pause Full (System.gc())
[2020-12-21T05:51:45.190-0500][gc,heap        ] GC(16511) Heap before GC invocations=16511 (full 3327): garbage-first heap   total 64512K, used 49406K [0x0000000083000000, 0x0000000100000000)
[2020-12-21T05:51:45.190-0500][gc,heap        ] GC(16511)   region size 1024K, 9 young (9216K), 1 survivors (1024K)
[2020-12-21T05:51:45.190-0500][gc,heap        ] GC(16511)  Metaspace       used 49946K, capacity 52104K, committed 53632K, reserved 1093632K
[2020-12-21T05:51:45.190-0500][gc,heap        ] GC(16511)   class space    used 7422K, capacity 8193K, committed 8832K, reserved 1048576K
[2020-12-21T05:51:45.190-0500][gc,phases,start] GC(16511) Phase 1: Mark live objects
[2020-12-21T05:51:45.226-0500][gc,stringtable ] GC(16511) Cleaned string and symbol table, strings: 33106 processed, 4 removed, symbols: 120816 processed, 0 removed
[2020-12-21T05:51:45.226-0500][gc,phases      ] GC(16511) Phase 1: Mark live objects 35.792ms
[2020-12-21T05:51:45.226-0500][gc,phases,start] GC(16511) Phase 2: Prepare for compaction
[2020-12-21T05:51:45.230-0500][gc,phases      ] GC(16511) Phase 2: Prepare for compaction 3.725ms
[2020-12-21T05:51:45.230-0500][gc,phases,start] GC(16511) Phase 3: Adjust pointers
[2020-12-21T05:51:45.241-0500][gc,phases      ] GC(16511) Phase 3: Adjust pointers 10.705ms
[2020-12-21T05:51:45.241-0500][gc,phases,start] GC(16511) Phase 4: Compact heap
[2020-12-21T05:51:45.243-0500][gc,phases      ] GC(16511) Phase 4: Compact heap 2.489ms
[2020-12-21T05:51:45.249-0500][gc,heap        ] GC(16511) Eden regions: 8->0(10)
[2020-12-21T05:51:45.249-0500][gc,heap        ] GC(16511) Survivor regions: 1->0(2)
[2020-12-21T05:51:45.249-0500][gc,heap        ] GC(16511) Old regions: 41->41
[2020-12-21T05:51:45.249-0500][gc,heap        ] GC(16511) Humongous regions: 4->4
[2020-12-21T05:51:45.249-0500][gc,metaspace   ] GC(16511) Metaspace: 49946K->49946K(1093632K)
[2020-12-21T05:51:45.249-0500][gc,heap        ] GC(16511) Heap after GC invocations=16512 (full 3328): garbage-first heap   total 64512K, used 43215K [0x0000000083000000, 0x0000000100000000)
[2020-12-21T05:51:45.249-0500][gc,heap        ] GC(16511)   region size 1024K, 0 young (0K), 0 survivors (0K)
[2020-12-21T05:51:45.249-0500][gc,heap        ] GC(16511)  Metaspace       used 49946K, capacity 52104K, committed 53632K, reserved 1093632K
[2020-12-21T05:51:45.249-0500][gc,heap        ] GC(16511)   class space    used 7422K, capacity 8193K, committed 8832K, reserved 1048576K
[2020-12-21T05:51:45.249-0500][gc             ] GC(16511) Pause Full (System.gc()) 49M->42M(63M) 59.756ms
[2020-12-21T05:51:45.250-0500][gc,cpu         ] GC(16511) User=0.26s Sys=0.00s Real=0.06s
[2020-12-21T05:53:36.014-0500][gc,heap        ] GC(16512) Heap before GC invocations=16512 (full 3328): garbage-first heap   total 64512K, used 52431K [0x0000000083000000, 0x0000000100000000)
[2020-12-21T05:53:36.014-0500][gc,heap        ] GC(16512)   region size 1024K, 10 young (10240K), 0 survivors (0K)
[2020-12-21T05:53:36.014-0500][gc,heap        ] GC(16512)  Metaspace       used 49946K, capacity 52104K, committed 53632K, reserved 1093632K
[2020-12-21T05:53:36.014-0500][gc,heap        ] GC(16512)   class space    used 7422K, capacity 8193K, committed 8832K, reserved 1048576K
[2020-12-21T05:53:36.015-0500][gc,start       ] GC(16512) Pause Young (Normal) (G1 Evacuation Pause)
[2020-12-21T05:53:36.015-0500][gc,task        ] GC(16512) Using 8 workers of 8 for evacuation
[2020-12-21T05:53:36.019-0500][gc,phases      ] GC(16512)   Pre Evacuate Collection Set: 0.0ms
[2020-12-21T05:53:36.019-0500][gc,phases      ] GC(16512)   Evacuate Collection Set: 1.4ms
[2020-12-21T05:53:36.019-0500][gc,phases      ] GC(16512)   Post Evacuate Collection Set: 2.5ms
[2020-12-21T05:53:36.019-0500][gc,phases      ] GC(16512)   Other: 0.5ms
[2020-12-21T05:53:36.019-0500][gc,heap        ] GC(16512) Eden regions: 10->0(9)
[2020-12-21T05:53:36.019-0500][gc,heap        ] GC(16512) Survivor regions: 0->1(2)
[2020-12-21T05:53:36.019-0500][gc,heap        ] GC(16512) Old regions: 41->41
[2020-12-21T05:53:36.019-0500][gc,heap        ] GC(16512) Humongous regions: 4->4
[2020-12-21T05:53:36.019-0500][gc,metaspace   ] GC(16512) Metaspace: 49946K->49946K(1093632K)
[2020-12-21T05:53:36.019-0500][gc,heap        ] GC(16512) Heap after GC invocations=16513 (full 3328): garbage-first heap   total 64512K, used 43273K [0x0000000083000000, 0x0000000100000000)
[2020-12-21T05:53:36.019-0500][gc,heap        ] GC(16512)   region size 1024K, 1 young (1024K), 1 survivors (1024K)
[2020-12-21T05:53:36.019-0500][gc,heap        ] GC(16512)  Metaspace       used 49946K, capacity 52104K, committed 53632K, reserved 1093632K
[2020-12-21T05:53:36.019-0500][gc,heap        ] GC(16512)   class space    used 7422K, capacity 8193K, committed 8832K, reserved 1048576K
[2020-12-21T05:53:36.019-0500][gc             ] GC(16512) Pause Young (Normal) (G1 Evacuation Pause) 52M->42M(63M) 4.593ms
[2020-12-21T05:53:36.019-0500][gc,cpu         ] GC(16512) User=0.01s Sys=0.01s Real=0.01s
[2020-12-21T05:55:26.014-0500][gc,heap        ] GC(16513) Heap before GC invocations=16513 (full 3328): garbage-first heap   total 64512K, used 51465K [0x0000000083000000, 0x0000000100000000)
[2020-12-21T05:55:26.014-0500][gc,heap        ] GC(16513)   region size 1024K, 10 young (10240K), 1 survivors (1024K)
[2020-12-21T05:55:26.014-0500][gc,heap        ] GC(16513)  Metaspace       used 49946K, capacity 52104K, committed 53632K, reserved 1093632K
[2020-12-21T05:55:26.014-0500][gc,heap        ] GC(16513)   class space    used 7422K, capacity 8193K, committed 8832K, reserved 1048576K
[2020-12-21T05:55:26.014-0500][gc,start       ] GC(16513) Pause Young (Normal) (G1 Evacuation Pause)
[2020-12-21T05:55:26.014-0500][gc,task        ] GC(16513) Using 8 workers of 8 for evacuation
[2020-12-21T05:55:26.034-0500][gc,phases      ] GC(16513)   Pre Evacuate Collection Set: 0.0ms
[2020-12-21T05:55:26.034-0500][gc,phases      ] GC(16513)   Evacuate Collection Set: 1.2ms
[2020-12-21T05:55:26.034-0500][gc,phases      ] GC(16513)   Post Evacuate Collection Set: 18.8ms
[2020-12-21T05:55:26.035-0500][gc,phases      ] GC(16513)   Other: 0.5ms
[2020-12-21T05:55:26.035-0500][gc,heap        ] GC(16513) Eden regions: 9->0(9)
[2020-12-21T05:55:26.035-0500][gc,heap        ] GC(16513) Survivor regions: 1->1(2)
[2020-12-21T05:55:26.035-0500][gc,heap        ] GC(16513) Old regions: 41->41
[2020-12-21T05:55:26.035-0500][gc,heap        ] GC(16513) Humongous regions: 4->4
[2020-12-21T05:55:26.035-0500][gc,metaspace   ] GC(16513) Metaspace: 49946K->49946K(1093632K)
[2020-12-21T05:55:26.035-0500][gc,heap        ] GC(16513) Heap after GC invocations=16514 (full 3328): garbage-first heap   total 64512K, used 43273K [0x0000000083000000, 0x0000000100000000)
[2020-12-21T05:55:26.035-0500][gc,heap        ] GC(16513)   region size 1024K, 1 young (1024K), 1 survivors (1024K)
[2020-12-21T05:55:26.035-0500][gc,heap        ] GC(16513)  Metaspace       used 49946K, capacity 52104K, committed 53632K, reserved 1093632K
[2020-12-21T05:55:26.035-0500][gc,heap        ] GC(16513)   class space    used 7422K, capacity 8193K, committed 8832K, reserved 1048576K
[2020-12-21T05:55:26.035-0500][gc             ] GC(16513) Pause Young (Normal) (G1 Evacuation Pause) 51M->42M(63M) 20.788ms
[2020-12-21T05:55:26.035-0500][gc,cpu         ] GC(16513) User=0.12s Sys=0.00s Real=0.02s
[2020-12-21T05:56:45.192-0500][gc,task        ] GC(16514) Using 5 workers of 8 for full compaction
[2020-12-21T05:56:45.192-0500][gc,start       ] GC(16514) Pause Full (System.gc())
[2020-12-21T05:56:45.192-0500][gc,heap        ] GC(16514) Heap before GC invocations=16514 (full 3328): garbage-first heap   total 64512K, used 49417K [0x0000000083000000, 0x0000000100000000)
[2020-12-21T05:56:45.192-0500][gc,heap        ] GC(16514)   region size 1024K, 9 young (9216K), 1 survivors (1024K)
[2020-12-21T05:56:45.192-0500][gc,heap        ] GC(16514)  Metaspace       used 49946K, capacity 52104K, committed 53632K, reserved 1093632K
[2020-12-21T05:56:45.192-0500][gc,heap        ] GC(16514)   class space    used 7422K, capacity 8193K, committed 8832K, reserved 1048576K
[2020-12-21T05:56:45.193-0500][gc,phases,start] GC(16514) Phase 1: Mark live objects
[2020-12-21T05:56:45.229-0500][gc,stringtable ] GC(16514) Cleaned string and symbol table, strings: 33106 processed, 4 removed, symbols: 120816 processed, 0 removed
[2020-12-21T05:56:45.229-0500][gc,phases      ] GC(16514) Phase 1: Mark live objects 36.359ms
[2020-12-21T05:56:45.229-0500][gc,phases,start] GC(16514) Phase 2: Prepare for compaction
[2020-12-21T05:56:45.234-0500][gc,phases      ] GC(16514) Phase 2: Prepare for compaction 4.649ms
[2020-12-21T05:56:45.234-0500][gc,phases,start] GC(16514) Phase 3: Adjust pointers
[2020-12-21T05:56:45.246-0500][gc,phases      ] GC(16514) Phase 3: Adjust pointers 12.484ms
[2020-12-21T05:56:45.246-0500][gc,phases,start] GC(16514) Phase 4: Compact heap
[2020-12-21T05:56:45.249-0500][gc,phases      ] GC(16514) Phase 4: Compact heap 2.864ms
[2020-12-21T05:56:45.255-0500][gc,heap        ] GC(16514) Eden regions: 8->0(10)
[2020-12-21T05:56:45.255-0500][gc,heap        ] GC(16514) Survivor regions: 1->0(2)
[2020-12-21T05:56:45.255-0500][gc,heap        ] GC(16514) Old regions: 41->41
[2020-12-21T05:56:45.255-0500][gc,heap        ] GC(16514) Humongous regions: 4->4
[2020-12-21T05:56:45.255-0500][gc,metaspace   ] GC(16514) Metaspace: 49946K->49946K(1093632K)
[2020-12-21T05:56:45.255-0500][gc,heap        ] GC(16514) Heap after GC invocations=16515 (full 3329): garbage-first heap   total 64512K, used 43219K [0x0000000083000000, 0x0000000100000000)
[2020-12-21T05:56:45.255-0500][gc,heap        ] GC(16514)   region size 1024K, 0 young (0K), 0 survivors (0K)
[2020-12-21T05:56:45.255-0500][gc,heap        ] GC(16514)  Metaspace       used 49946K, capacity 52104K, committed 53632K, reserved 1093632K
[2020-12-21T05:56:45.255-0500][gc,heap        ] GC(16514)   class space    used 7422K, capacity 8193K, committed 8832K, reserved 1048576K
[2020-12-21T05:56:45.255-0500][gc             ] GC(16514) Pause Full (System.gc()) 49M->42M(63M) 62.866ms
[2020-12-21T05:56:45.255-0500][gc,cpu         ] GC(16514) User=0.27s Sys=0.00s Real=0.06s
[2020-12-21T05:58:36.014-0500][gc,heap        ] GC(16515) Heap before GC invocations=16515 (full 3329): garbage-first heap   total 64512K, used 52435K [0x0000000083000000, 0x0000000100000000)
[2020-12-21T05:58:36.014-0500][gc,heap        ] GC(16515)   region size 1024K, 10 young (10240K), 0 survivors (0K)
[2020-12-21T05:58:36.014-0500][gc,heap        ] GC(16515)  Metaspace       used 49946K, capacity 52104K, committed 53632K, reserved 1093632K
[2020-12-21T05:58:36.014-0500][gc,heap        ] GC(16515)   class space    used 7422K, capacity 8193K, committed 8832K, reserved 1048576K
[2020-12-21T05:58:36.014-0500][gc,start       ] GC(16515) Pause Young (Normal) (G1 Evacuation Pause)
[2020-12-21T05:58:36.014-0500][gc,task        ] GC(16515) Using 8 workers of 8 for evacuation
[2020-12-21T05:58:36.019-0500][gc,phases      ] GC(16515)   Pre Evacuate Collection Set: 0.0ms
[2020-12-21T05:58:36.019-0500][gc,phases      ] GC(16515)   Evacuate Collection Set: 1.4ms
[2020-12-21T05:58:36.019-0500][gc,phases      ] GC(16515)   Post Evacuate Collection Set: 2.9ms
[2020-12-21T05:58:36.019-0500][gc,phases      ] GC(16515)   Other: 0.5ms
[2020-12-21T05:58:36.019-0500][gc,heap        ] GC(16515) Eden regions: 10->0(9)
[2020-12-21T05:58:36.019-0500][gc,heap        ] GC(16515) Survivor regions: 0->1(2)
[2020-12-21T05:58:36.019-0500][gc,heap        ] GC(16515) Old regions: 41->41
[2020-12-21T05:58:36.019-0500][gc,heap        ] GC(16515) Humongous regions: 4->4
[2020-12-21T05:58:36.019-0500][gc,metaspace   ] GC(16515) Metaspace: 49946K->49946K(1093632K)
[2020-12-21T05:58:36.019-0500][gc,heap        ] GC(16515) Heap after GC invocations=16516 (full 3329): garbage-first heap   total 64512K, used 43280K [0x0000000083000000, 0x0000000100000000)
[2020-12-21T05:58:36.019-0500][gc,heap        ] GC(16515)   region size 1024K, 1 young (1024K), 1 survivors (1024K)
[2020-12-21T05:58:36.019-0500][gc,heap        ] GC(16515)  Metaspace       used 49946K, capacity 52104K, committed 53632K, reserved 1093632K
[2020-12-21T05:58:36.019-0500][gc,heap        ] GC(16515)   class space    used 7422K, capacity 8193K, committed 8832K, reserved 1048576K
[2020-12-21T05:58:36.019-0500][gc             ] GC(16515) Pause Young (Normal) (G1 Evacuation Pause) 52M->42M(63M) 4.945ms
[2020-12-21T05:58:36.019-0500][gc,cpu         ] GC(16515) User=0.01s Sys=0.00s Real=0.01s
[2020-12-21T06:00:16.016-0500][gc,heap        ] GC(16516) Heap before GC invocations=16516 (full 3329): garbage-first heap   total 64512K, used 51472K [0x0000000083000000, 0x0000000100000000)
[2020-12-21T06:00:16.016-0500][gc,heap        ] GC(16516)   region size 1024K, 10 young (10240K), 1 survivors (1024K)
[2020-12-21T06:00:16.016-0500][gc,heap        ] GC(16516)  Metaspace       used 49946K, capacity 52104K, committed 53632K, reserved 1093632K
[2020-12-21T06:00:16.016-0500][gc,heap        ] GC(16516)   class space    used 7422K, capacity 8193K, committed 8832K, reserved 1048576K
[2020-12-21T06:00:16.016-0500][gc,start       ] GC(16516) Pause Young (Normal) (G1 Evacuation Pause)
[2020-12-21T06:00:16.016-0500][gc,task        ] GC(16516) Using 8 workers of 8 for evacuation
[2020-12-21T06:00:16.023-0500][gc,phases      ] GC(16516)   Pre Evacuate Collection Set: 0.0ms
[2020-12-21T06:00:16.023-0500][gc,phases      ] GC(16516)   Evacuate Collection Set: 1.4ms
[2020-12-21T06:00:16.023-0500][gc,phases      ] GC(16516)   Post Evacuate Collection Set: 4.4ms
[2020-12-21T06:00:16.023-0500][gc,phases      ] GC(16516)   Other: 0.7ms
[2020-12-21T06:00:16.023-0500][gc,heap        ] GC(16516) Eden regions: 9->0(9)
[2020-12-21T06:00:16.023-0500][gc,heap        ] GC(16516) Survivor regions: 1->1(2)
[2020-12-21T06:00:16.023-0500][gc,heap        ] GC(16516) Old regions: 41->41
[2020-12-21T06:00:16.023-0500][gc,heap        ] GC(16516) Humongous regions: 4->4
[2020-12-21T06:00:16.023-0500][gc,metaspace   ] GC(16516) Metaspace: 49946K->49946K(1093632K)
[2020-12-21T06:00:16.023-0500][gc,heap        ] GC(16516) Heap after GC invocations=16517 (full 3329): garbage-first heap   total 64512K, used 43279K [0x0000000083000000, 0x0000000100000000)
[2020-12-21T06:00:16.023-0500][gc,heap        ] GC(16516)   region size 1024K, 1 young (1024K), 1 survivors (1024K)
[2020-12-21T06:00:16.023-0500][gc,heap        ] GC(16516)  Metaspace       used 49946K, capacity 52104K, committed 53632K, reserved 1093632K
[2020-12-21T06:00:16.023-0500][gc,heap        ] GC(16516)   class space    used 7422K, capacity 8193K, committed 8832K, reserved 1048576K
[2020-12-21T06:00:16.023-0500][gc             ] GC(16516) Pause Young (Normal) (G1 Evacuation Pause) 51M->42M(63M) 6.847ms
[2020-12-21T06:00:16.023-0500][gc,cpu         ] GC(16516) User=0.02s Sys=0.01s Real=0.01s
[2020-12-21T06:01:45.192-0500][gc,task        ] GC(16517) Using 5 workers of 8 for full compaction
[2020-12-21T06:01:45.192-0500][gc,start       ] GC(16517) Pause Full (System.gc())
[2020-12-21T06:01:45.192-0500][gc,heap        ] GC(16517) Heap before GC invocations=16517 (full 3329): garbage-first heap   total 64512K, used 49423K [0x0000000083000000, 0x0000000100000000)
[2020-12-21T06:01:45.192-0500][gc,heap        ] GC(16517)   region size 1024K, 9 young (9216K), 1 survivors (1024K)
[2020-12-21T06:01:45.192-0500][gc,heap        ] GC(16517)  Metaspace       used 49946K, capacity 52104K, committed 53632K, reserved 1093632K
[2020-12-21T06:01:45.192-0500][gc,heap        ] GC(16517)   class space    used 7422K, capacity 8193K, committed 8832K, reserved 1048576K
[2020-12-21T06:01:45.193-0500][gc,phases,start] GC(16517) Phase 1: Mark live objects
[2020-12-21T06:01:45.230-0500][gc,stringtable ] GC(16517) Cleaned string and symbol table, strings: 33106 processed, 4 removed, symbols: 120816 processed, 0 removed
[2020-12-21T06:01:45.230-0500][gc,phases      ] GC(16517) Phase 1: Mark live objects 37.877ms
[2020-12-21T06:01:45.230-0500][gc,phases,start] GC(16517) Phase 2: Prepare for compaction
[2020-12-21T06:01:45.235-0500][gc,phases      ] GC(16517) Phase 2: Prepare for compaction 4.844ms
[2020-12-21T06:01:45.235-0500][gc,phases,start] GC(16517) Phase 3: Adjust pointers
[2020-12-21T06:01:45.248-0500][gc,phases      ] GC(16517) Phase 3: Adjust pointers 12.888ms
[2020-12-21T06:01:45.248-0500][gc,phases,start] GC(16517) Phase 4: Compact heap
[2020-12-21T06:01:45.251-0500][gc,phases      ] GC(16517) Phase 4: Compact heap 3.056ms
[2020-12-21T06:01:45.257-0500][gc,heap        ] GC(16517) Eden regions: 8->0(10)
[2020-12-21T06:01:45.257-0500][gc,heap        ] GC(16517) Survivor regions: 1->0(2)
[2020-12-21T06:01:45.257-0500][gc,heap        ] GC(16517) Old regions: 41->41
[2020-12-21T06:01:45.257-0500][gc,heap        ] GC(16517) Humongous regions: 4->4
[2020-12-21T06:01:45.257-0500][gc,metaspace   ] GC(16517) Metaspace: 49946K->49946K(1093632K)
[2020-12-21T06:01:45.257-0500][gc,heap        ] GC(16517) Heap after GC invocations=16518 (full 3330): garbage-first heap   total 64512K, used 43223K [0x0000000083000000, 0x0000000100000000)
[2020-12-21T06:01:45.257-0500][gc,heap        ] GC(16517)   region size 1024K, 0 young (0K), 0 survivors (0K)
[2020-12-21T06:01:45.257-0500][gc,heap        ] GC(16517)  Metaspace       used 49946K, capacity 52104K, committed 53632K, reserved 1093632K
[2020-12-21T06:01:45.257-0500][gc,heap        ] GC(16517)   class space    used 7422K, capacity 8193K, committed 8832K, reserved 1048576K
[2020-12-21T06:01:45.257-0500][gc             ] GC(16517) Pause Full (System.gc()) 49M->42M(63M) 65.332ms
[2020-12-21T06:01:45.257-0500][gc,cpu         ] GC(16517) User=0.28s Sys=0.00s Real=0.06s
[2020-12-21T06:03:36.011-0500][gc,heap        ] GC(16518) Heap before GC invocations=16518 (full 3330): garbage-first heap   total 64512K, used 52439K [0x0000000083000000, 0x0000000100000000)
[2020-12-21T06:03:36.012-0500][gc,heap        ] GC(16518)   region size 1024K, 10 young (10240K), 0 survivors (0K)
[2020-12-21T06:03:36.012-0500][gc,heap        ] GC(16518)  Metaspace       used 49946K, capacity 52104K, committed 53632K, reserved 1093632K
[2020-12-21T06:03:36.012-0500][gc,heap        ] GC(16518)   class space    used 7422K, capacity 8193K, committed 8832K, reserved 1048576K
[2020-12-21T06:03:36.012-0500][gc,start       ] GC(16518) Pause Young (Normal) (G1 Evacuation Pause)
[2020-12-21T06:03:36.012-0500][gc,task        ] GC(16518) Using 8 workers of 8 for evacuation
[2020-12-21T06:03:36.017-0500][gc,phases      ] GC(16518)   Pre Evacuate Collection Set: 0.0ms
[2020-12-21T06:03:36.017-0500][gc,phases      ] GC(16518)   Evacuate Collection Set: 1.8ms
[2020-12-21T06:03:36.017-0500][gc,phases      ] GC(16518)   Post Evacuate Collection Set: 3.2ms
[2020-12-21T06:03:36.017-0500][gc,phases      ] GC(16518)   Other: 0.6ms
[2020-12-21T06:03:36.017-0500][gc,heap        ] GC(16518) Eden regions: 10->0(9)
[2020-12-21T06:03:36.017-0500][gc,heap        ] GC(16518) Survivor regions: 0->1(2)
[2020-12-21T06:03:36.017-0500][gc,heap        ] GC(16518) Old regions: 41->41
[2020-12-21T06:03:36.017-0500][gc,heap        ] GC(16518) Humongous regions: 4->4
[2020-12-21T06:03:36.017-0500][gc,metaspace   ] GC(16518) Metaspace: 49946K->49946K(1093632K)
[2020-12-21T06:03:36.017-0500][gc,heap        ] GC(16518) Heap after GC invocations=16519 (full 3330): garbage-first heap   total 64512K, used 43300K [0x0000000083000000, 0x0000000100000000)
[2020-12-21T06:03:36.017-0500][gc,heap        ] GC(16518)   region size 1024K, 1 young (1024K), 1 survivors (1024K)
[2020-12-21T06:03:36.017-0500][gc,heap        ] GC(16518)  Metaspace       used 49946K, capacity 52104K, committed 53632K, reserved 1093632K
[2020-12-21T06:03:36.017-0500][gc,heap        ] GC(16518)   class space    used 7422K, capacity 8193K, committed 8832K, reserved 1048576K
[2020-12-21T06:03:36.017-0500][gc             ] GC(16518) Pause Young (Normal) (G1 Evacuation Pause) 52M->42M(63M) 5.609ms
[2020-12-21T06:03:36.018-0500][gc,cpu         ] GC(16518) User=0.01s Sys=0.00s Real=0.00s
[2020-12-21T06:05:24.907-0500][gc,heap        ] GC(16519) Heap before GC invocations=16519 (full 3330): garbage-first heap   total 64512K, used 51492K [0x0000000083000000, 0x0000000100000000)
[2020-12-21T06:05:24.907-0500][gc,heap        ] GC(16519)   region size 1024K, 10 young (10240K), 1 survivors (1024K)
[2020-12-21T06:05:24.907-0500][gc,heap        ] GC(16519)  Metaspace       used 49946K, capacity 52104K, committed 53632K, reserved 1093632K
[2020-12-21T06:05:24.907-0500][gc,heap        ] GC(16519)   class space    used 7422K, capacity 8193K, committed 8832K, reserved 1048576K
[2020-12-21T06:05:24.907-0500][gc,start       ] GC(16519) Pause Young (Normal) (G1 Evacuation Pause)
[2020-12-21T06:05:24.907-0500][gc,task        ] GC(16519) Using 8 workers of 8 for evacuation
[2020-12-21T06:05:24.911-0500][gc,phases      ] GC(16519)   Pre Evacuate Collection Set: 0.0ms
[2020-12-21T06:05:24.911-0500][gc,phases      ] GC(16519)   Evacuate Collection Set: 1.9ms
[2020-12-21T06:05:24.911-0500][gc,phases      ] GC(16519)   Post Evacuate Collection Set: 2.1ms
[2020-12-21T06:05:24.911-0500][gc,phases      ] GC(16519)   Other: 0.5ms
[2020-12-21T06:05:24.911-0500][gc,heap        ] GC(16519) Eden regions: 9->0(9)
[2020-12-21T06:05:24.911-0500][gc,heap        ] GC(16519) Survivor regions: 1->1(2)
[2020-12-21T06:05:24.911-0500][gc,heap        ] GC(16519) Old regions: 41->41
[2020-12-21T06:05:24.911-0500][gc,heap        ] GC(16519) Humongous regions: 4->4
[2020-12-21T06:05:24.911-0500][gc,metaspace   ] GC(16519) Metaspace: 49946K->49946K(1093632K)
[2020-12-21T06:05:24.911-0500][gc,heap        ] GC(16519) Heap after GC invocations=16520 (full 3330): garbage-first heap   total 64512K, used 43275K [0x0000000083000000, 0x0000000100000000)
[2020-12-21T06:05:24.912-0500][gc,heap        ] GC(16519)   region size 1024K, 1 young (1024K), 1 survivors (1024K)
[2020-12-21T06:05:24.912-0500][gc,heap        ] GC(16519)  Metaspace       used 49946K, capacity 52104K, committed 53632K, reserved 1093632K
[2020-12-21T06:05:24.912-0500][gc,heap        ] GC(16519)   class space    used 7422K, capacity 8193K, committed 8832K, reserved 1048576K
[2020-12-21T06:05:24.912-0500][gc             ] GC(16519) Pause Young (Normal) (G1 Evacuation Pause) 51M->42M(63M) 4.690ms
[2020-12-21T06:05:24.912-0500][gc,cpu         ] GC(16519) User=0.01s Sys=0.01s Real=0.01s
[2020-12-21T06:06:45.190-0500][gc,task        ] GC(16520) Using 5 workers of 8 for full compaction
[2020-12-21T06:06:45.190-0500][gc,start       ] GC(16520) Pause Full (System.gc())
[2020-12-21T06:06:45.190-0500][gc,heap        ] GC(16520) Heap before GC invocations=16520 (full 3330): garbage-first heap   total 64512K, used 50443K [0x0000000083000000, 0x0000000100000000)
[2020-12-21T06:06:45.190-0500][gc,heap        ] GC(16520)   region size 1024K, 9 young (9216K), 1 survivors (1024K)
[2020-12-21T06:06:45.190-0500][gc,heap        ] GC(16520)  Metaspace       used 49946K, capacity 52104K, committed 53632K, reserved 1093632K
[2020-12-21T06:06:45.190-0500][gc,heap        ] GC(16520)   class space    used 7422K, capacity 8193K, committed 8832K, reserved 1048576K
[2020-12-21T06:06:45.191-0500][gc,phases,start] GC(16520) Phase 1: Mark live objects
[2020-12-21T06:06:45.229-0500][gc,stringtable ] GC(16520) Cleaned string and symbol table, strings: 33106 processed, 4 removed, symbols: 120816 processed, 0 removed
[2020-12-21T06:06:45.229-0500][gc,phases      ] GC(16520) Phase 1: Mark live objects 38.079ms
[2020-12-21T06:06:45.229-0500][gc,phases,start] GC(16520) Phase 2: Prepare for compaction
[2020-12-21T06:06:45.232-0500][gc,phases      ] GC(16520) Phase 2: Prepare for compaction 3.091ms
[2020-12-21T06:06:45.232-0500][gc,phases,start] GC(16520) Phase 3: Adjust pointers
[2020-12-21T06:06:45.242-0500][gc,phases      ] GC(16520) Phase 3: Adjust pointers 10.424ms
[2020-12-21T06:06:45.242-0500][gc,phases,start] GC(16520) Phase 4: Compact heap
[2020-12-21T06:06:45.245-0500][gc,phases      ] GC(16520) Phase 4: Compact heap 2.310ms
[2020-12-21T06:06:45.251-0500][gc,heap        ] GC(16520) Eden regions: 8->0(10)
[2020-12-21T06:06:45.251-0500][gc,heap        ] GC(16520) Survivor regions: 1->0(2)
[2020-12-21T06:06:45.251-0500][gc,heap        ] GC(16520) Old regions: 41->41
[2020-12-21T06:06:45.251-0500][gc,heap        ] GC(16520) Humongous regions: 4->4
[2020-12-21T06:06:45.251-0500][gc,metaspace   ] GC(16520) Metaspace: 49946K->49946K(1093632K)
[2020-12-21T06:06:45.251-0500][gc,heap        ] GC(16520) Heap after GC invocations=16521 (full 3331): garbage-first heap   total 64512K, used 43220K [0x0000000083000000, 0x0000000100000000)
[2020-12-21T06:06:45.251-0500][gc,heap        ] GC(16520)   region size 1024K, 0 young (0K), 0 survivors (0K)
[2020-12-21T06:06:45.251-0500][gc,heap        ] GC(16520)  Metaspace       used 49946K, capacity 52104K, committed 53632K, reserved 1093632K
[2020-12-21T06:06:45.251-0500][gc,heap        ] GC(16520)   class space    used 7422K, capacity 8193K, committed 8832K, reserved 1048576K
[2020-12-21T06:06:45.251-0500][gc             ] GC(16520) Pause Full (System.gc()) 49M->42M(63M) 60.584ms
[2020-12-21T06:06:45.251-0500][gc,cpu         ] GC(16520) User=0.26s Sys=0.00s Real=0.06s
[2020-12-21T06:08:36.697-0500][gc,heap        ] GC(16521) Heap before GC invocations=16521 (full 3331): garbage-first heap   total 64512K, used 52436K [0x0000000083000000, 0x0000000100000000)
[2020-12-21T06:08:36.697-0500][gc,heap        ] GC(16521)   region size 1024K, 10 young (10240K), 0 survivors (0K)
[2020-12-21T06:08:36.697-0500][gc,heap        ] GC(16521)  Metaspace       used 49946K, capacity 52104K, committed 53632K, reserved 1093632K
[2020-12-21T06:08:36.697-0500][gc,heap        ] GC(16521)   class space    used 7422K, capacity 8193K, committed 8832K, reserved 1048576K
[2020-12-21T06:08:36.697-0500][gc,start       ] GC(16521) Pause Young (Normal) (G1 Evacuation Pause)
[2020-12-21T06:08:36.697-0500][gc,task        ] GC(16521) Using 8 workers of 8 for evacuation
[2020-12-21T06:08:36.699-0500][gc,phases      ] GC(16521)   Pre Evacuate Collection Set: 0.0ms
[2020-12-21T06:08:36.699-0500][gc,phases      ] GC(16521)   Evacuate Collection Set: 0.9ms
[2020-12-21T06:08:36.699-0500][gc,phases      ] GC(16521)   Post Evacuate Collection Set: 1.5ms
[2020-12-21T06:08:36.699-0500][gc,phases      ] GC(16521)   Other: 0.3ms
[2020-12-21T06:08:36.699-0500][gc,heap        ] GC(16521) Eden regions: 10->0(9)
[2020-12-21T06:08:36.699-0500][gc,heap        ] GC(16521) Survivor regions: 0->1(2)
[2020-12-21T06:08:36.699-0500][gc,heap        ] GC(16521) Old regions: 41->41
[2020-12-21T06:08:36.699-0500][gc,heap        ] GC(16521) Humongous regions: 4->4
[2020-12-21T06:08:36.699-0500][gc,metaspace   ] GC(16521) Metaspace: 49946K->49946K(1093632K)
[2020-12-21T06:08:36.699-0500][gc,heap        ] GC(16521) Heap after GC invocations=16522 (full 3331): garbage-first heap   total 64512K, used 43391K [0x0000000083000000, 0x0000000100000000)
[2020-12-21T06:08:36.700-0500][gc,heap        ] GC(16521)   region size 1024K, 1 young (1024K), 1 survivors (1024K)
[2020-12-21T06:08:36.700-0500][gc,heap        ] GC(16521)  Metaspace       used 49946K, capacity 52104K, committed 53632K, reserved 1093632K
[2020-12-21T06:08:36.700-0500][gc,heap        ] GC(16521)   class space    used 7422K, capacity 8193K, committed 8832K, reserved 1048576K
[2020-12-21T06:08:36.700-0500][gc             ] GC(16521) Pause Young (Normal) (G1 Evacuation Pause) 52M->42M(63M) 2.706ms
[2020-12-21T06:08:36.700-0500][gc,cpu         ] GC(16521) User=0.00s Sys=0.00s Real=0.01s
[2020-12-21T06:10:26.010-0500][gc,heap        ] GC(16522) Heap before GC invocations=16522 (full 3331): garbage-first heap   total 64512K, used 51583K [0x0000000083000000, 0x0000000100000000)
[2020-12-21T06:10:26.011-0500][gc,heap        ] GC(16522)   region size 1024K, 10 young (10240K), 1 survivors (1024K)
[2020-12-21T06:10:26.011-0500][gc,heap        ] GC(16522)  Metaspace       used 49946K, capacity 52104K, committed 53632K, reserved 1093632K
[2020-12-21T06:10:26.011-0500][gc,heap        ] GC(16522)   class space    used 7422K, capacity 8193K, committed 8832K, reserved 1048576K
[2020-12-21T06:10:26.011-0500][gc,start       ] GC(16522) Pause Young (Normal) (G1 Evacuation Pause)
[2020-12-21T06:10:26.011-0500][gc,task        ] GC(16522) Using 8 workers of 8 for evacuation
[2020-12-21T06:10:26.013-0500][gc,phases      ] GC(16522)   Pre Evacuate Collection Set: 0.0ms
[2020-12-21T06:10:26.013-0500][gc,phases      ] GC(16522)   Evacuate Collection Set: 0.8ms
[2020-12-21T06:10:26.013-0500][gc,phases      ] GC(16522)   Post Evacuate Collection Set: 1.4ms
[2020-12-21T06:10:26.013-0500][gc,phases      ] GC(16522)   Other: 0.3ms
[2020-12-21T06:10:26.013-0500][gc,heap        ] GC(16522) Eden regions: 9->0(9)
[2020-12-21T06:10:26.013-0500][gc,heap        ] GC(16522) Survivor regions: 1->1(2)
[2020-12-21T06:10:26.013-0500][gc,heap        ] GC(16522) Old regions: 41->41
[2020-12-21T06:10:26.013-0500][gc,heap        ] GC(16522) Humongous regions: 4->4
[2020-12-21T06:10:26.013-0500][gc,metaspace   ] GC(16522) Metaspace: 49946K->49946K(1093632K)
[2020-12-21T06:10:26.013-0500][gc,heap        ] GC(16522) Heap after GC invocations=16523 (full 3331): garbage-first heap   total 64512K, used 43280K [0x0000000083000000, 0x0000000100000000)
[2020-12-21T06:10:26.013-0500][gc,heap        ] GC(16522)   region size 1024K, 1 young (1024K), 1 survivors (1024K)
[2020-12-21T06:10:26.013-0500][gc,heap        ] GC(16522)  Metaspace       used 49946K, capacity 52104K, committed 53632K, reserved 1093632K
[2020-12-21T06:10:26.013-0500][gc,heap        ] GC(16522)   class space    used 7422K, capacity 8193K, committed 8832K, reserved 1048576K
[2020-12-21T06:10:26.013-0500][gc             ] GC(16522) Pause Young (Normal) (G1 Evacuation Pause) 51M->42M(63M) 2.791ms
[2020-12-21T06:10:26.014-0500][gc,cpu         ] GC(16522) User=0.00s Sys=0.01s Real=0.00s
[2020-12-21T06:11:45.190-0500][gc,task        ] GC(16523) Using 5 workers of 8 for full compaction
[2020-12-21T06:11:45.190-0500][gc,start       ] GC(16523) Pause Full (System.gc())
[2020-12-21T06:11:45.190-0500][gc,heap        ] GC(16523) Heap before GC invocations=16523 (full 3331): garbage-first heap   total 64512K, used 49424K [0x0000000083000000, 0x0000000100000000)
[2020-12-21T06:11:45.190-0500][gc,heap        ] GC(16523)   region size 1024K, 8 young (8192K), 1 survivors (1024K)
[2020-12-21T06:11:45.190-0500][gc,heap        ] GC(16523)  Metaspace       used 49946K, capacity 52104K, committed 53632K, reserved 1093632K
[2020-12-21T06:11:45.190-0500][gc,heap        ] GC(16523)   class space    used 7422K, capacity 8193K, committed 8832K, reserved 1048576K
[2020-12-21T06:11:45.191-0500][gc,phases,start] GC(16523) Phase 1: Mark live objects
[2020-12-21T06:11:45.230-0500][gc,stringtable ] GC(16523) Cleaned string and symbol table, strings: 33106 processed, 4 removed, symbols: 120816 processed, 0 removed
[2020-12-21T06:11:45.230-0500][gc,phases      ] GC(16523) Phase 1: Mark live objects 38.931ms
[2020-12-21T06:11:45.230-0500][gc,phases,start] GC(16523) Phase 2: Prepare for compaction
[2020-12-21T06:11:45.233-0500][gc,phases      ] GC(16523) Phase 2: Prepare for compaction 3.154ms
[2020-12-21T06:11:45.233-0500][gc,phases,start] GC(16523) Phase 3: Adjust pointers
[2020-12-21T06:11:45.245-0500][gc,phases      ] GC(16523) Phase 3: Adjust pointers 11.452ms
[2020-12-21T06:11:45.245-0500][gc,phases,start] GC(16523) Phase 4: Compact heap
[2020-12-21T06:11:45.247-0500][gc,phases      ] GC(16523) Phase 4: Compact heap 2.396ms
[2020-12-21T06:11:45.253-0500][gc,heap        ] GC(16523) Eden regions: 7->0(10)
[2020-12-21T06:11:45.253-0500][gc,heap        ] GC(16523) Survivor regions: 1->0(2)
[2020-12-21T06:11:45.253-0500][gc,heap        ] GC(16523) Old regions: 41->41
[2020-12-21T06:11:45.253-0500][gc,heap        ] GC(16523) Humongous regions: 4->4
[2020-12-21T06:11:45.253-0500][gc,metaspace   ] GC(16523) Metaspace: 49946K->49946K(1093632K)
[2020-12-21T06:11:45.253-0500][gc,heap        ] GC(16523) Heap after GC invocations=16524 (full 3332): garbage-first heap   total 64512K, used 43214K [0x0000000083000000, 0x0000000100000000)
[2020-12-21T06:11:45.253-0500][gc,heap        ] GC(16523)   region size 1024K, 0 young (0K), 0 survivors (0K)
[2020-12-21T06:11:45.253-0500][gc,heap        ] GC(16523)  Metaspace       used 49946K, capacity 52104K, committed 53632K, reserved 1093632K
[2020-12-21T06:11:45.253-0500][gc,heap        ] GC(16523)   class space    used 7422K, capacity 8193K, committed 8832K, reserved 1048576K
[2020-12-21T06:11:45.253-0500][gc             ] GC(16523) Pause Full (System.gc()) 49M->42M(63M) 63.119ms
[2020-12-21T06:11:45.253-0500][gc,cpu         ] GC(16523) User=0.27s Sys=0.00s Real=0.06s
[2020-12-21T06:13:37.825-0500][gc,heap        ] GC(16524) Heap before GC invocations=16524 (full 3332): garbage-first heap   total 64512K, used 53454K [0x0000000083000000, 0x0000000100000000)
[2020-12-21T06:13:37.825-0500][gc,heap        ] GC(16524)   region size 1024K, 10 young (10240K), 0 survivors (0K)
[2020-12-21T06:13:37.825-0500][gc,heap        ] GC(16524)  Metaspace       used 49946K, capacity 52104K, committed 53632K, reserved 1093632K
[2020-12-21T06:13:37.825-0500][gc,heap        ] GC(16524)   class space    used 7422K, capacity 8193K, committed 8832K, reserved 1048576K
[2020-12-21T06:13:37.825-0500][gc,start       ] GC(16524) Pause Young (Normal) (G1 Evacuation Pause)
[2020-12-21T06:13:37.825-0500][gc,task        ] GC(16524) Using 8 workers of 8 for evacuation
[2020-12-21T06:13:37.826-0500][gc,phases      ] GC(16524)   Pre Evacuate Collection Set: 0.0ms
[2020-12-21T06:13:37.826-0500][gc,phases      ] GC(16524)   Evacuate Collection Set: 0.5ms
[2020-12-21T06:13:37.826-0500][gc,phases      ] GC(16524)   Post Evacuate Collection Set: 0.8ms
[2020-12-21T06:13:37.826-0500][gc,phases      ] GC(16524)   Other: 0.2ms
[2020-12-21T06:13:37.826-0500][gc,heap        ] GC(16524) Eden regions: 10->0(9)
[2020-12-21T06:13:37.826-0500][gc,heap        ] GC(16524) Survivor regions: 0->1(2)
[2020-12-21T06:13:37.826-0500][gc,heap        ] GC(16524) Old regions: 41->41
[2020-12-21T06:13:37.826-0500][gc,heap        ] GC(16524) Humongous regions: 4->4
[2020-12-21T06:13:37.826-0500][gc,metaspace   ] GC(16524) Metaspace: 49946K->49946K(1093632K)
[2020-12-21T06:13:37.826-0500][gc,heap        ] GC(16524) Heap after GC invocations=16525 (full 3332): garbage-first heap   total 64512K, used 43297K [0x0000000083000000, 0x0000000100000000)
[2020-12-21T06:13:37.826-0500][gc,heap        ] GC(16524)   region size 1024K, 1 young (1024K), 1 survivors (1024K)
[2020-12-21T06:13:37.826-0500][gc,heap        ] GC(16524)  Metaspace       used 49946K, capacity 52104K, committed 53632K, reserved 1093632K
[2020-12-21T06:13:37.826-0500][gc,heap        ] GC(16524)   class space    used 7422K, capacity 8193K, committed 8832K, reserved 1048576K
[2020-12-21T06:13:37.826-0500][gc             ] GC(16524) Pause Young (Normal) (G1 Evacuation Pause) 52M->42M(63M) 1.520ms
[2020-12-21T06:13:37.826-0500][gc,cpu         ] GC(16524) User=0.00s Sys=0.00s Real=0.00s
[2020-12-21T06:15:17.031-0500][gc,heap        ] GC(16525) Heap before GC invocations=16525 (full 3332): garbage-first heap   total 64512K, used 51489K [0x0000000083000000, 0x0000000100000000)
[2020-12-21T06:15:17.031-0500][gc,heap        ] GC(16525)   region size 1024K, 10 young (10240K), 1 survivors (1024K)
[2020-12-21T06:15:17.031-0500][gc,heap        ] GC(16525)  Metaspace       used 49946K, capacity 52104K, committed 53632K, reserved 1093632K
[2020-12-21T06:15:17.031-0500][gc,heap        ] GC(16525)   class space    used 7422K, capacity 8193K, committed 8832K, reserved 1048576K
[2020-12-21T06:15:17.031-0500][gc,start       ] GC(16525) Pause Young (Normal) (G1 Evacuation Pause)
[2020-12-21T06:15:17.031-0500][gc,task        ] GC(16525) Using 8 workers of 8 for evacuation
[2020-12-21T06:15:17.038-0500][gc,phases      ] GC(16525)   Pre Evacuate Collection Set: 0.0ms
[2020-12-21T06:15:17.038-0500][gc,phases      ] GC(16525)   Evacuate Collection Set: 2.1ms
[2020-12-21T06:15:17.038-0500][gc,phases      ] GC(16525)   Post Evacuate Collection Set: 4.3ms
[2020-12-21T06:15:17.038-0500][gc,phases      ] GC(16525)   Other: 0.6ms
[2020-12-21T06:15:17.038-0500][gc,heap        ] GC(16525) Eden regions: 9->0(9)
[2020-12-21T06:15:17.038-0500][gc,heap        ] GC(16525) Survivor regions: 1->1(2)
[2020-12-21T06:15:17.038-0500][gc,heap        ] GC(16525) Old regions: 41->41
[2020-12-21T06:15:17.038-0500][gc,heap        ] GC(16525) Humongous regions: 4->4
[2020-12-21T06:15:17.038-0500][gc,metaspace   ] GC(16525) Metaspace: 49946K->49946K(1093632K)
[2020-12-21T06:15:17.038-0500][gc,heap        ] GC(16525) Heap after GC invocations=16526 (full 3332): garbage-first heap   total 64512K, used 43286K [0x0000000083000000, 0x0000000100000000)
[2020-12-21T06:15:17.039-0500][gc,heap        ] GC(16525)   region size 1024K, 1 young (1024K), 1 survivors (1024K)
[2020-12-21T06:15:17.039-0500][gc,heap        ] GC(16525)  Metaspace       used 49946K, capacity 52104K, committed 53632K, reserved 1093632K
[2020-12-21T06:15:17.039-0500][gc,heap        ] GC(16525)   class space    used 7422K, capacity 8193K, committed 8832K, reserved 1048576K
[2020-12-21T06:15:17.039-0500][gc             ] GC(16525) Pause Young (Normal) (G1 Evacuation Pause) 51M->42M(63M) 7.179ms
[2020-12-21T06:15:17.039-0500][gc,cpu         ] GC(16525) User=0.02s Sys=0.01s Real=0.01s
[2020-12-21T06:16:45.189-0500][gc,task        ] GC(16526) Using 5 workers of 8 for full compaction
[2020-12-21T06:16:45.190-0500][gc,start       ] GC(16526) Pause Full (System.gc())
[2020-12-21T06:16:45.190-0500][gc,heap        ] GC(16526) Heap before GC invocations=16526 (full 3332): garbage-first heap   total 64512K, used 49430K [0x0000000083000000, 0x0000000100000000)
[2020-12-21T06:16:45.190-0500][gc,heap        ] GC(16526)   region size 1024K, 9 young (9216K), 1 survivors (1024K)
[2020-12-21T06:16:45.190-0500][gc,heap        ] GC(16526)  Metaspace       used 49946K, capacity 52104K, committed 53632K, reserved 1093632K
[2020-12-21T06:16:45.190-0500][gc,heap        ] GC(16526)   class space    used 7422K, capacity 8193K, committed 8832K, reserved 1048576K
[2020-12-21T06:16:45.190-0500][gc,phases,start] GC(16526) Phase 1: Mark live objects
[2020-12-21T06:16:45.232-0500][gc,stringtable ] GC(16526) Cleaned string and symbol table, strings: 33106 processed, 4 removed, symbols: 120816 processed, 0 removed
[2020-12-21T06:16:45.232-0500][gc,phases      ] GC(16526) Phase 1: Mark live objects 41.734ms
[2020-12-21T06:16:45.232-0500][gc,phases,start] GC(16526) Phase 2: Prepare for compaction
[2020-12-21T06:16:45.235-0500][gc,phases      ] GC(16526) Phase 2: Prepare for compaction 3.246ms
[2020-12-21T06:16:45.235-0500][gc,phases,start] GC(16526) Phase 3: Adjust pointers
[2020-12-21T06:16:45.245-0500][gc,phases      ] GC(16526) Phase 3: Adjust pointers 9.817ms
[2020-12-21T06:16:45.245-0500][gc,phases,start] GC(16526) Phase 4: Compact heap
[2020-12-21T06:16:45.247-0500][gc,phases      ] GC(16526) Phase 4: Compact heap 2.409ms
[2020-12-21T06:16:45.253-0500][gc,heap        ] GC(16526) Eden regions: 8->0(9)
[2020-12-21T06:16:45.253-0500][gc,heap        ] GC(16526) Survivor regions: 1->0(2)
[2020-12-21T06:16:45.253-0500][gc,heap        ] GC(16526) Old regions: 41->42
[2020-12-21T06:16:45.253-0500][gc,heap        ] GC(16526) Humongous regions: 4->4
[2020-12-21T06:16:45.253-0500][gc,metaspace   ] GC(16526) Metaspace: 49946K->49946K(1093632K)
[2020-12-21T06:16:45.253-0500][gc,heap        ] GC(16526) Heap after GC invocations=16527 (full 3333): garbage-first heap   total 64512K, used 43224K [0x0000000083000000, 0x0000000100000000)
[2020-12-21T06:16:45.253-0500][gc,heap        ] GC(16526)   region size 1024K, 0 young (0K), 0 survivors (0K)
[2020-12-21T06:16:45.253-0500][gc,heap        ] GC(16526)  Metaspace       used 49946K, capacity 52104K, committed 53632K, reserved 1093632K
[2020-12-21T06:16:45.253-0500][gc,heap        ] GC(16526)   class space    used 7422K, capacity 8193K, committed 8832K, reserved 1048576K
[2020-12-21T06:16:45.253-0500][gc             ] GC(16526) Pause Full (System.gc()) 49M->42M(63M) 63.709ms
[2020-12-21T06:16:45.253-0500][gc,cpu         ] GC(16526) User=0.28s Sys=0.00s Real=0.06s
[2020-12-21T06:18:26.013-0500][gc,heap        ] GC(16527) Heap before GC invocations=16527 (full 3333): garbage-first heap   total 64512K, used 51416K [0x0000000083000000, 0x0000000100000000)
[2020-12-21T06:18:26.013-0500][gc,heap        ] GC(16527)   region size 1024K, 9 young (9216K), 0 survivors (0K)
[2020-12-21T06:18:26.013-0500][gc,heap        ] GC(16527)  Metaspace       used 49946K, capacity 52104K, committed 53632K, reserved 1093632K
[2020-12-21T06:18:26.013-0500][gc,heap        ] GC(16527)   class space    used 7422K, capacity 8193K, committed 8832K, reserved 1048576K
[2020-12-21T06:18:26.014-0500][gc,start       ] GC(16527) Pause Young (Normal) (G1 Evacuation Pause)
[2020-12-21T06:18:26.014-0500][gc,task        ] GC(16527) Using 8 workers of 8 for evacuation
[2020-12-21T06:18:26.019-0500][gc,phases      ] GC(16527)   Pre Evacuate Collection Set: 0.1ms
[2020-12-21T06:18:26.019-0500][gc,phases      ] GC(16527)   Evacuate Collection Set: 1.8ms
[2020-12-21T06:18:26.019-0500][gc,phases      ] GC(16527)   Post Evacuate Collection Set: 3.1ms
[2020-12-21T06:18:26.019-0500][gc,phases      ] GC(16527)   Other: 0.5ms
[2020-12-21T06:18:26.019-0500][gc,heap        ] GC(16527) Eden regions: 9->0(8)
[2020-12-21T06:18:26.019-0500][gc,heap        ] GC(16527) Survivor regions: 0->1(2)
[2020-12-21T06:18:26.019-0500][gc,heap        ] GC(16527) Old regions: 42->42
[2020-12-21T06:18:26.019-0500][gc,heap        ] GC(16527) Humongous regions: 4->4
[2020-12-21T06:18:26.019-0500][gc,metaspace   ] GC(16527) Metaspace: 49946K->49946K(1093632K)
[2020-12-21T06:18:26.019-0500][gc,heap        ] GC(16527) Heap after GC invocations=16528 (full 3333): garbage-first heap   total 64512K, used 43292K [0x0000000083000000, 0x0000000100000000)
[2020-12-21T06:18:26.019-0500][gc,heap        ] GC(16527)   region size 1024K, 1 young (1024K), 1 survivors (1024K)
[2020-12-21T06:18:26.019-0500][gc,heap        ] GC(16527)  Metaspace       used 49946K, capacity 52104K, committed 53632K, reserved 1093632K
[2020-12-21T06:18:26.019-0500][gc,heap        ] GC(16527)   class space    used 7422K, capacity 8193K, committed 8832K, reserved 1048576K
[2020-12-21T06:18:26.019-0500][gc             ] GC(16527) Pause Young (Normal) (G1 Evacuation Pause) 51M->42M(63M) 5.650ms
[2020-12-21T06:18:26.019-0500][gc,cpu         ] GC(16527) User=0.02s Sys=0.00s Real=0.01s
[2020-12-21T06:19:56.021-0500][gc,heap        ] GC(16528) Heap before GC invocations=16528 (full 3333): garbage-first heap   total 64512K, used 50460K [0x0000000083000000, 0x0000000100000000)
[2020-12-21T06:19:56.022-0500][gc,heap        ] GC(16528)   region size 1024K, 9 young (9216K), 1 survivors (1024K)
[2020-12-21T06:19:56.022-0500][gc,heap        ] GC(16528)  Metaspace       used 49946K, capacity 52104K, committed 53632K, reserved 1093632K
[2020-12-21T06:19:56.022-0500][gc,heap        ] GC(16528)   class space    used 7422K, capacity 8193K, committed 8832K, reserved 1048576K
[2020-12-21T06:19:56.022-0500][gc,start       ] GC(16528) Pause Young (Normal) (G1 Evacuation Pause)
[2020-12-21T06:19:56.022-0500][gc,task        ] GC(16528) Using 8 workers of 8 for evacuation
[2020-12-21T06:19:56.030-0500][gc,phases      ] GC(16528)   Pre Evacuate Collection Set: 0.0ms
[2020-12-21T06:19:56.030-0500][gc,phases      ] GC(16528)   Evacuate Collection Set: 3.7ms
[2020-12-21T06:19:56.030-0500][gc,phases      ] GC(16528)   Post Evacuate Collection Set: 3.8ms
[2020-12-21T06:19:56.030-0500][gc,phases      ] GC(16528)   Other: 0.6ms
[2020-12-21T06:19:56.030-0500][gc,heap        ] GC(16528) Eden regions: 8->0(8)
[2020-12-21T06:19:56.030-0500][gc,heap        ] GC(16528) Survivor regions: 1->1(2)
[2020-12-21T06:19:56.030-0500][gc,heap        ] GC(16528) Old regions: 42->42
[2020-12-21T06:19:56.030-0500][gc,heap        ] GC(16528) Humongous regions: 4->4
[2020-12-21T06:19:56.030-0500][gc,metaspace   ] GC(16528) Metaspace: 49946K->49946K(1093632K)
[2020-12-21T06:19:56.030-0500][gc,heap        ] GC(16528) Heap after GC invocations=16529 (full 3333): garbage-first heap   total 64512K, used 43272K [0x0000000083000000, 0x0000000100000000)
[2020-12-21T06:19:56.030-0500][gc,heap        ] GC(16528)   region size 1024K, 1 young (1024K), 1 survivors (1024K)
[2020-12-21T06:19:56.030-0500][gc,heap        ] GC(16528)  Metaspace       used 49946K, capacity 52104K, committed 53632K, reserved 1093632K
[2020-12-21T06:19:56.030-0500][gc,heap        ] GC(16528)   class space    used 7422K, capacity 8193K, committed 8832K, reserved 1048576K
[2020-12-21T06:19:56.030-0500][gc             ] GC(16528) Pause Young (Normal) (G1 Evacuation Pause) 50M->42M(63M) 8.192ms
[2020-12-21T06:19:56.030-0500][gc,cpu         ] GC(16528) User=0.03s Sys=0.00s Real=0.01s
[2020-12-21T06:21:26.020-0500][gc,heap        ] GC(16529) Heap before GC invocations=16529 (full 3333): garbage-first heap   total 64512K, used 50440K [0x0000000083000000, 0x0000000100000000)
[2020-12-21T06:21:26.020-0500][gc,heap        ] GC(16529)   region size 1024K, 9 young (9216K), 1 survivors (1024K)
[2020-12-21T06:21:26.020-0500][gc,heap        ] GC(16529)  Metaspace       used 49946K, capacity 52104K, committed 53632K, reserved 1093632K
[2020-12-21T06:21:26.020-0500][gc,heap        ] GC(16529)   class space    used 7422K, capacity 8193K, committed 8832K, reserved 1048576K
[2020-12-21T06:21:26.020-0500][gc,start       ] GC(16529) Pause Young (Normal) (G1 Evacuation Pause)
[2020-12-21T06:21:26.020-0500][gc,task        ] GC(16529) Using 8 workers of 8 for evacuation
[2020-12-21T06:21:26.026-0500][gc,phases      ] GC(16529)   Pre Evacuate Collection Set: 0.0ms
[2020-12-21T06:21:26.026-0500][gc,phases      ] GC(16529)   Evacuate Collection Set: 1.8ms
[2020-12-21T06:21:26.026-0500][gc,phases      ] GC(16529)   Post Evacuate Collection Set: 4.5ms
[2020-12-21T06:21:26.027-0500][gc,phases      ] GC(16529)   Other: 0.5ms
[2020-12-21T06:21:26.027-0500][gc,heap        ] GC(16529) Eden regions: 8->0(8)
[2020-12-21T06:21:26.027-0500][gc,heap        ] GC(16529) Survivor regions: 1->1(2)
[2020-12-21T06:21:26.027-0500][gc,heap        ] GC(16529) Old regions: 42->42
[2020-12-21T06:21:26.027-0500][gc,heap        ] GC(16529) Humongous regions: 4->4
[2020-12-21T06:21:26.027-0500][gc,metaspace   ] GC(16529) Metaspace: 49946K->49946K(1093632K)
[2020-12-21T06:21:26.027-0500][gc,heap        ] GC(16529) Heap after GC invocations=16530 (full 3333): garbage-first heap   total 64512K, used 43284K [0x0000000083000000, 0x0000000100000000)
[2020-12-21T06:21:26.027-0500][gc,heap        ] GC(16529)   region size 1024K, 1 young (1024K), 1 survivors (1024K)
[2020-12-21T06:21:26.027-0500][gc,heap        ] GC(16529)  Metaspace       used 49946K, capacity 52104K, committed 53632K, reserved 1093632K
[2020-12-21T06:21:26.027-0500][gc,heap        ] GC(16529)   class space    used 7422K, capacity 8193K, committed 8832K, reserved 1048576K
[2020-12-21T06:21:26.027-0500][gc             ] GC(16529) Pause Young (Normal) (G1 Evacuation Pause) 50M->42M(63M) 6.906ms
[2020-12-21T06:21:26.027-0500][gc,cpu         ] GC(16529) User=0.03s Sys=0.00s Real=0.00s
[2020-12-21T06:21:45.193-0500][gc,task        ] GC(16530) Using 5 workers of 8 for full compaction
[2020-12-21T06:21:45.193-0500][gc,start       ] GC(16530) Pause Full (System.gc())
[2020-12-21T06:21:45.193-0500][gc,heap        ] GC(16530) Heap before GC invocations=16530 (full 3333): garbage-first heap   total 64512K, used 44308K [0x0000000083000000, 0x0000000100000000)
[2020-12-21T06:21:45.193-0500][gc,heap        ] GC(16530)   region size 1024K, 3 young (3072K), 1 survivors (1024K)
[2020-12-21T06:21:45.193-0500][gc,heap        ] GC(16530)  Metaspace       used 49946K, capacity 52104K, committed 53632K, reserved 1093632K
[2020-12-21T06:21:45.193-0500][gc,heap        ] GC(16530)   class space    used 7422K, capacity 8193K, committed 8832K, reserved 1048576K
[2020-12-21T06:21:45.193-0500][gc,phases,start] GC(16530) Phase 1: Mark live objects
[2020-12-21T06:21:45.235-0500][gc,stringtable ] GC(16530) Cleaned string and symbol table, strings: 33106 processed, 4 removed, symbols: 120816 processed, 0 removed
[2020-12-21T06:21:45.235-0500][gc,phases      ] GC(16530) Phase 1: Mark live objects 41.755ms
[2020-12-21T06:21:45.235-0500][gc,phases,start] GC(16530) Phase 2: Prepare for compaction
[2020-12-21T06:21:45.238-0500][gc,phases      ] GC(16530) Phase 2: Prepare for compaction 3.016ms
[2020-12-21T06:21:45.238-0500][gc,phases,start] GC(16530) Phase 3: Adjust pointers
[2020-12-21T06:21:45.250-0500][gc,phases      ] GC(16530) Phase 3: Adjust pointers 11.942ms
[2020-12-21T06:21:45.250-0500][gc,phases,start] GC(16530) Phase 4: Compact heap
[2020-12-21T06:21:45.255-0500][gc,phases      ] GC(16530) Phase 4: Compact heap 4.248ms
[2020-12-21T06:21:45.263-0500][gc,heap        ] GC(16530) Eden regions: 2->0(9)
[2020-12-21T06:21:45.263-0500][gc,heap        ] GC(16530) Survivor regions: 1->0(2)
[2020-12-21T06:21:45.263-0500][gc,heap        ] GC(16530) Old regions: 42->42
[2020-12-21T06:21:45.263-0500][gc,heap        ] GC(16530) Humongous regions: 4->4
[2020-12-21T06:21:45.263-0500][gc,metaspace   ] GC(16530) Metaspace: 49946K->49946K(1093632K)
[2020-12-21T06:21:45.263-0500][gc,heap        ] GC(16530) Heap after GC invocations=16531 (full 3334): garbage-first heap   total 64512K, used 43198K [0x0000000083000000, 0x0000000100000000)
[2020-12-21T06:21:45.263-0500][gc,heap        ] GC(16530)   region size 1024K, 0 young (0K), 0 survivors (0K)
[2020-12-21T06:21:45.263-0500][gc,heap        ] GC(16530)  Metaspace       used 49946K, capacity 52104K, committed 53632K, reserved 1093632K
[2020-12-21T06:21:45.263-0500][gc,heap        ] GC(16530)   class space    used 7422K, capacity 8193K, committed 8832K, reserved 1048576K
[2020-12-21T06:21:45.263-0500][gc             ] GC(16530) Pause Full (System.gc()) 43M->42M(63M) 70.140ms
[2020-12-21T06:21:45.263-0500][gc,cpu         ] GC(16530) User=0.29s Sys=0.00s Real=0.07s
[2020-12-21T06:23:27.574-0500][gc,heap        ] GC(16531) Heap before GC invocations=16531 (full 3334): garbage-first heap   total 64512K, used 51390K [0x0000000083000000, 0x0000000100000000)
[2020-12-21T06:23:27.574-0500][gc,heap        ] GC(16531)   region size 1024K, 9 young (9216K), 0 survivors (0K)
[2020-12-21T06:23:27.574-0500][gc,heap        ] GC(16531)  Metaspace       used 49946K, capacity 52104K, committed 53632K, reserved 1093632K
[2020-12-21T06:23:27.575-0500][gc,heap        ] GC(16531)   class space    used 7422K, capacity 8193K, committed 8832K, reserved 1048576K
[2020-12-21T06:23:27.575-0500][gc,start       ] GC(16531) Pause Young (Normal) (G1 Evacuation Pause)
[2020-12-21T06:23:27.575-0500][gc,task        ] GC(16531) Using 8 workers of 8 for evacuation
[2020-12-21T06:23:27.579-0500][gc,phases      ] GC(16531)   Pre Evacuate Collection Set: 0.0ms
[2020-12-21T06:23:27.579-0500][gc,phases      ] GC(16531)   Evacuate Collection Set: 1.3ms
[2020-12-21T06:23:27.579-0500][gc,phases      ] GC(16531)   Post Evacuate Collection Set: 2.5ms
[2020-12-21T06:23:27.579-0500][gc,phases      ] GC(16531)   Other: 0.5ms
[2020-12-21T06:23:27.579-0500][gc,heap        ] GC(16531) Eden regions: 9->0(8)
[2020-12-21T06:23:27.579-0500][gc,heap        ] GC(16531) Survivor regions: 0->1(2)
[2020-12-21T06:23:27.579-0500][gc,heap        ] GC(16531) Old regions: 42->42
[2020-12-21T06:23:27.579-0500][gc,heap        ] GC(16531) Humongous regions: 4->4
[2020-12-21T06:23:27.579-0500][gc,metaspace   ] GC(16531) Metaspace: 49946K->49946K(1093632K)
[2020-12-21T06:23:27.579-0500][gc,heap        ] GC(16531) Heap after GC invocations=16532 (full 3334): garbage-first heap   total 64512K, used 43249K [0x0000000083000000, 0x0000000100000000)
[2020-12-21T06:23:27.579-0500][gc,heap        ] GC(16531)   region size 1024K, 1 young (1024K), 1 survivors (1024K)
[2020-12-21T06:23:27.579-0500][gc,heap        ] GC(16531)  Metaspace       used 49946K, capacity 52104K, committed 53632K, reserved 1093632K
[2020-12-21T06:23:27.579-0500][gc,heap        ] GC(16531)   class space    used 7422K, capacity 8193K, committed 8832K, reserved 1048576K
[2020-12-21T06:23:27.579-0500][gc             ] GC(16531) Pause Young (Normal) (G1 Evacuation Pause) 51M->42M(63M) 4.445ms
[2020-12-21T06:23:27.579-0500][gc,cpu         ] GC(16531) User=0.00s Sys=0.01s Real=0.01s
[2020-12-21T06:24:56.023-0500][gc,heap        ] GC(16532) Heap before GC invocations=16532 (full 3334): garbage-first heap   total 64512K, used 50417K [0x0000000083000000, 0x0000000100000000)
[2020-12-21T06:24:56.024-0500][gc,heap        ] GC(16532)   region size 1024K, 9 young (9216K), 1 survivors (1024K)
[2020-12-21T06:24:56.024-0500][gc,heap        ] GC(16532)  Metaspace       used 49946K, capacity 52104K, committed 53632K, reserved 1093632K
[2020-12-21T06:24:56.024-0500][gc,heap        ] GC(16532)   class space    used 7422K, capacity 8193K, committed 8832K, reserved 1048576K
[2020-12-21T06:24:56.024-0500][gc,start       ] GC(16532) Pause Young (Normal) (G1 Evacuation Pause)
[2020-12-21T06:24:56.024-0500][gc,task        ] GC(16532) Using 8 workers of 8 for evacuation
[2020-12-21T06:24:56.028-0500][gc,phases      ] GC(16532)   Pre Evacuate Collection Set: 0.0ms
[2020-12-21T06:24:56.028-0500][gc,phases      ] GC(16532)   Evacuate Collection Set: 1.5ms
[2020-12-21T06:24:56.028-0500][gc,phases      ] GC(16532)   Post Evacuate Collection Set: 2.1ms
[2020-12-21T06:24:56.028-0500][gc,phases      ] GC(16532)   Other: 0.9ms
[2020-12-21T06:24:56.028-0500][gc,heap        ] GC(16532) Eden regions: 8->0(8)
[2020-12-21T06:24:56.028-0500][gc,heap        ] GC(16532) Survivor regions: 1->1(2)
[2020-12-21T06:24:56.028-0500][gc,heap        ] GC(16532) Old regions: 42->42
[2020-12-21T06:24:56.028-0500][gc,heap        ] GC(16532) Humongous regions: 4->4
[2020-12-21T06:24:56.028-0500][gc,metaspace   ] GC(16532) Metaspace: 49946K->49946K(1093632K)
[2020-12-21T06:24:56.028-0500][gc,heap        ] GC(16532) Heap after GC invocations=16533 (full 3334): garbage-first heap   total 64512K, used 43243K [0x0000000083000000, 0x0000000100000000)
[2020-12-21T06:24:56.028-0500][gc,heap        ] GC(16532)   region size 1024K, 1 young (1024K), 1 survivors (1024K)
[2020-12-21T06:24:56.028-0500][gc,heap        ] GC(16532)  Metaspace       used 49946K, capacity 52104K, committed 53632K, reserved 1093632K
[2020-12-21T06:24:56.028-0500][gc,heap        ] GC(16532)   class space    used 7422K, capacity 8193K, committed 8832K, reserved 1048576K
[2020-12-21T06:24:56.028-0500][gc             ] GC(16532) Pause Young (Normal) (G1 Evacuation Pause) 50M->42M(63M) 4.311ms
[2020-12-21T06:24:56.028-0500][gc,cpu         ] GC(16532) User=0.00s Sys=0.01s Real=0.01s
[2020-12-21T06:26:36.011-0500][gc,heap        ] GC(16533) Heap before GC invocations=16533 (full 3334): garbage-first heap   total 64512K, used 51435K [0x0000000083000000, 0x0000000100000000)
[2020-12-21T06:26:36.011-0500][gc,heap        ] GC(16533)   region size 1024K, 9 young (9216K), 1 survivors (1024K)
[2020-12-21T06:26:36.011-0500][gc,heap        ] GC(16533)  Metaspace       used 49946K, capacity 52104K, committed 53632K, reserved 1093632K
[2020-12-21T06:26:36.011-0500][gc,heap        ] GC(16533)   class space    used 7422K, capacity 8193K, committed 8832K, reserved 1048576K
[2020-12-21T06:26:36.011-0500][gc,start       ] GC(16533) Pause Young (Normal) (G1 Evacuation Pause)
[2020-12-21T06:26:36.011-0500][gc,task        ] GC(16533) Using 8 workers of 8 for evacuation
[2020-12-21T06:26:36.015-0500][gc,phases      ] GC(16533)   Pre Evacuate Collection Set: 0.0ms
[2020-12-21T06:26:36.015-0500][gc,phases      ] GC(16533)   Evacuate Collection Set: 1.8ms
[2020-12-21T06:26:36.015-0500][gc,phases      ] GC(16533)   Post Evacuate Collection Set: 2.0ms
[2020-12-21T06:26:36.015-0500][gc,phases      ] GC(16533)   Other: 0.5ms
[2020-12-21T06:26:36.015-0500][gc,heap        ] GC(16533) Eden regions: 8->0(8)
[2020-12-21T06:26:36.016-0500][gc,heap        ] GC(16533) Survivor regions: 1->1(2)
[2020-12-21T06:26:36.016-0500][gc,heap        ] GC(16533) Old regions: 42->42
[2020-12-21T06:26:36.016-0500][gc,heap        ] GC(16533) Humongous regions: 4->4
[2020-12-21T06:26:36.016-0500][gc,metaspace   ] GC(16533) Metaspace: 49946K->49946K(1093632K)
[2020-12-21T06:26:36.016-0500][gc,heap        ] GC(16533) Heap after GC invocations=16534 (full 3334): garbage-first heap   total 64512K, used 43271K [0x0000000083000000, 0x0000000100000000)
[2020-12-21T06:26:36.016-0500][gc,heap        ] GC(16533)   region size 1024K, 1 young (1024K), 1 survivors (1024K)
[2020-12-21T06:26:36.016-0500][gc,heap        ] GC(16533)  Metaspace       used 49946K, capacity 52104K, committed 53632K, reserved 1093632K
[2020-12-21T06:26:36.016-0500][gc,heap        ] GC(16533)   class space    used 7422K, capacity 8193K, committed 8832K, reserved 1048576K
[2020-12-21T06:26:36.016-0500][gc             ] GC(16533) Pause Young (Normal) (G1 Evacuation Pause) 50M->42M(63M) 4.514ms
[2020-12-21T06:26:36.016-0500][gc,cpu         ] GC(16533) User=0.01s Sys=0.00s Real=0.00s
[2020-12-21T06:26:45.191-0500][gc,task        ] GC(16534) Using 5 workers of 8 for full compaction
[2020-12-21T06:26:45.191-0500][gc,start       ] GC(16534) Pause Full (System.gc())
[2020-12-21T06:26:45.191-0500][gc,heap        ] GC(16534) Heap before GC invocations=16534 (full 3334): garbage-first heap   total 64512K, used 44295K [0x0000000083000000, 0x0000000100000000)
[2020-12-21T06:26:45.192-0500][gc,heap        ] GC(16534)   region size 1024K, 3 young (3072K), 1 survivors (1024K)
[2020-12-21T06:26:45.192-0500][gc,heap        ] GC(16534)  Metaspace       used 49946K, capacity 52104K, committed 53632K, reserved 1093632K
[2020-12-21T06:26:45.192-0500][gc,heap        ] GC(16534)   class space    used 7422K, capacity 8193K, committed 8832K, reserved 1048576K
[2020-12-21T06:26:45.192-0500][gc,phases,start] GC(16534) Phase 1: Mark live objects
[2020-12-21T06:26:45.234-0500][gc,stringtable ] GC(16534) Cleaned string and symbol table, strings: 33106 processed, 4 removed, symbols: 120816 processed, 0 removed
[2020-12-21T06:26:45.234-0500][gc,phases      ] GC(16534) Phase 1: Mark live objects 42.357ms
[2020-12-21T06:26:45.234-0500][gc,phases,start] GC(16534) Phase 2: Prepare for compaction
[2020-12-21T06:26:45.238-0500][gc,phases      ] GC(16534) Phase 2: Prepare for compaction 3.420ms
[2020-12-21T06:26:45.238-0500][gc,phases,start] GC(16534) Phase 3: Adjust pointers
[2020-12-21T06:26:45.250-0500][gc,phases      ] GC(16534) Phase 3: Adjust pointers 11.979ms
[2020-12-21T06:26:45.250-0500][gc,phases,start] GC(16534) Phase 4: Compact heap
[2020-12-21T06:26:45.252-0500][gc,phases      ] GC(16534) Phase 4: Compact heap 2.579ms
[2020-12-21T06:26:45.259-0500][gc,heap        ] GC(16534) Eden regions: 2->0(9)
[2020-12-21T06:26:45.259-0500][gc,heap        ] GC(16534) Survivor regions: 1->0(2)
[2020-12-21T06:26:45.259-0500][gc,heap        ] GC(16534) Old regions: 42->42
[2020-12-21T06:26:45.259-0500][gc,heap        ] GC(16534) Humongous regions: 4->4
[2020-12-21T06:26:45.259-0500][gc,metaspace   ] GC(16534) Metaspace: 49946K->49946K(1093632K)
[2020-12-21T06:26:45.259-0500][gc,heap        ] GC(16534) Heap after GC invocations=16535 (full 3335): garbage-first heap   total 64512K, used 43196K [0x0000000083000000, 0x0000000100000000)
[2020-12-21T06:26:45.259-0500][gc,heap        ] GC(16534)   region size 1024K, 0 young (0K), 0 survivors (0K)
[2020-12-21T06:26:45.259-0500][gc,heap        ] GC(16534)  Metaspace       used 49946K, capacity 52104K, committed 53632K, reserved 1093632K
[2020-12-21T06:26:45.259-0500][gc,heap        ] GC(16534)   class space    used 7422K, capacity 8193K, committed 8832K, reserved 1048576K
[2020-12-21T06:26:45.259-0500][gc             ] GC(16534) Pause Full (System.gc()) 43M->42M(63M) 67.328ms
[2020-12-21T06:26:45.259-0500][gc,cpu         ] GC(16534) User=0.29s Sys=0.00s Real=0.07s
[2020-12-21T06:28:26.072-0500][gc,heap        ] GC(16535) Heap before GC invocations=16535 (full 3335): garbage-first heap   total 64512K, used 52412K [0x0000000083000000, 0x0000000100000000)
[2020-12-21T06:28:26.072-0500][gc,heap        ] GC(16535)   region size 1024K, 9 young (9216K), 0 survivors (0K)
[2020-12-21T06:28:26.072-0500][gc,heap        ] GC(16535)  Metaspace       used 49946K, capacity 52104K, committed 53632K, reserved 1093632K
[2020-12-21T06:28:26.072-0500][gc,heap        ] GC(16535)   class space    used 7422K, capacity 8193K, committed 8832K, reserved 1048576K
[2020-12-21T06:28:26.073-0500][gc,start       ] GC(16535) Pause Young (Normal) (G1 Evacuation Pause)
[2020-12-21T06:28:26.073-0500][gc,task        ] GC(16535) Using 8 workers of 8 for evacuation
[2020-12-21T06:28:26.074-0500][gc,phases      ] GC(16535)   Pre Evacuate Collection Set: 0.0ms
[2020-12-21T06:28:26.075-0500][gc,phases      ] GC(16535)   Evacuate Collection Set: 0.8ms
[2020-12-21T06:28:26.075-0500][gc,phases      ] GC(16535)   Post Evacuate Collection Set: 1.1ms
[2020-12-21T06:28:26.075-0500][gc,phases      ] GC(16535)   Other: 0.2ms
[2020-12-21T06:28:26.075-0500][gc,heap        ] GC(16535) Eden regions: 9->0(8)
[2020-12-21T06:28:26.075-0500][gc,heap        ] GC(16535) Survivor regions: 0->1(2)
[2020-12-21T06:28:26.075-0500][gc,heap        ] GC(16535) Old regions: 42->42
[2020-12-21T06:28:26.075-0500][gc,heap        ] GC(16535) Humongous regions: 4->4
[2020-12-21T06:28:26.075-0500][gc,metaspace   ] GC(16535) Metaspace: 49946K->49946K(1093632K)
[2020-12-21T06:28:26.075-0500][gc,heap        ] GC(16535) Heap after GC invocations=16536 (full 3335): garbage-first heap   total 64512K, used 43253K [0x0000000083000000, 0x0000000100000000)
[2020-12-21T06:28:26.075-0500][gc,heap        ] GC(16535)   region size 1024K, 1 young (1024K), 1 survivors (1024K)
[2020-12-21T06:28:26.075-0500][gc,heap        ] GC(16535)  Metaspace       used 49946K, capacity 52104K, committed 53632K, reserved 1093632K
[2020-12-21T06:28:26.075-0500][gc,heap        ] GC(16535)   class space    used 7422K, capacity 8193K, committed 8832K, reserved 1048576K
[2020-12-21T06:28:26.075-0500][gc             ] GC(16535) Pause Young (Normal) (G1 Evacuation Pause) 51M->42M(63M) 2.197ms
[2020-12-21T06:28:26.075-0500][gc,cpu         ] GC(16535) User=0.00s Sys=0.01s Real=0.00s
[2020-12-21T06:30:06.002-0500][gc,heap        ] GC(16536) Heap before GC invocations=16536 (full 3335): garbage-first heap   total 64512K, used 50421K [0x0000000083000000, 0x0000000100000000)
[2020-12-21T06:30:06.002-0500][gc,heap        ] GC(16536)   region size 1024K, 9 young (9216K), 1 survivors (1024K)
[2020-12-21T06:30:06.002-0500][gc,heap        ] GC(16536)  Metaspace       used 49946K, capacity 52104K, committed 53632K, reserved 1093632K
[2020-12-21T06:30:06.002-0500][gc,heap        ] GC(16536)   class space    used 7422K, capacity 8193K, committed 8832K, reserved 1048576K
[2020-12-21T06:30:06.002-0500][gc,start       ] GC(16536) Pause Young (Normal) (G1 Evacuation Pause)
[2020-12-21T06:30:06.002-0500][gc,task        ] GC(16536) Using 8 workers of 8 for evacuation
[2020-12-21T06:30:06.008-0500][gc,phases      ] GC(16536)   Pre Evacuate Collection Set: 0.0ms
[2020-12-21T06:30:06.008-0500][gc,phases      ] GC(16536)   Evacuate Collection Set: 1.8ms
[2020-12-21T06:30:06.008-0500][gc,phases      ] GC(16536)   Post Evacuate Collection Set: 3.4ms
[2020-12-21T06:30:06.008-0500][gc,phases      ] GC(16536)   Other: 0.5ms
[2020-12-21T06:30:06.008-0500][gc,heap        ] GC(16536) Eden regions: 8->0(8)
[2020-12-21T06:30:06.008-0500][gc,heap        ] GC(16536) Survivor regions: 1->1(2)
[2020-12-21T06:30:06.008-0500][gc,heap        ] GC(16536) Old regions: 42->42
[2020-12-21T06:30:06.008-0500][gc,heap        ] GC(16536) Humongous regions: 4->4
[2020-12-21T06:30:06.008-0500][gc,metaspace   ] GC(16536) Metaspace: 49946K->49946K(1093632K)
[2020-12-21T06:30:06.008-0500][gc,heap        ] GC(16536) Heap after GC invocations=16537 (full 3335): garbage-first heap   total 64512K, used 43241K [0x0000000083000000, 0x0000000100000000)
[2020-12-21T06:30:06.008-0500][gc,heap        ] GC(16536)   region size 1024K, 1 young (1024K), 1 survivors (1024K)
[2020-12-21T06:30:06.008-0500][gc,heap        ] GC(16536)  Metaspace       used 49946K, capacity 52104K, committed 53632K, reserved 1093632K
[2020-12-21T06:30:06.008-0500][gc,heap        ] GC(16536)   class space    used 7422K, capacity 8193K, committed 8832K, reserved 1048576K
[2020-12-21T06:30:06.008-0500][gc             ] GC(16536) Pause Young (Normal) (G1 Evacuation Pause) 50M->42M(63M) 6.002ms
[2020-12-21T06:30:06.009-0500][gc,cpu         ] GC(16536) User=0.01s Sys=0.01s Real=0.01s
[2020-12-21T06:31:36.013-0500][gc,heap        ] GC(16537) Heap before GC invocations=16537 (full 3335): garbage-first heap   total 64512K, used 50409K [0x0000000083000000, 0x0000000100000000)
[2020-12-21T06:31:36.013-0500][gc,heap        ] GC(16537)   region size 1024K, 9 young (9216K), 1 survivors (1024K)
[2020-12-21T06:31:36.013-0500][gc,heap        ] GC(16537)  Metaspace       used 49946K, capacity 52104K, committed 53632K, reserved 1093632K
[2020-12-21T06:31:36.013-0500][gc,heap        ] GC(16537)   class space    used 7422K, capacity 8193K, committed 8832K, reserved 1048576K
[2020-12-21T06:31:36.013-0500][gc,start       ] GC(16537) Pause Young (Normal) (G1 Evacuation Pause)
[2020-12-21T06:31:36.013-0500][gc,task        ] GC(16537) Using 8 workers of 8 for evacuation
[2020-12-21T06:31:36.014-0500][gc,phases      ] GC(16537)   Pre Evacuate Collection Set: 0.0ms
[2020-12-21T06:31:36.014-0500][gc,phases      ] GC(16537)   Evacuate Collection Set: 0.5ms
[2020-12-21T06:31:36.014-0500][gc,phases      ] GC(16537)   Post Evacuate Collection Set: 0.9ms
[2020-12-21T06:31:36.014-0500][gc,phases      ] GC(16537)   Other: 0.2ms
[2020-12-21T06:31:36.014-0500][gc,heap        ] GC(16537) Eden regions: 8->0(8)
[2020-12-21T06:31:36.014-0500][gc,heap        ] GC(16537) Survivor regions: 1->1(2)
[2020-12-21T06:31:36.014-0500][gc,heap        ] GC(16537) Old regions: 42->42
[2020-12-21T06:31:36.014-0500][gc,heap        ] GC(16537) Humongous regions: 4->4
[2020-12-21T06:31:36.014-0500][gc,metaspace   ] GC(16537) Metaspace: 49946K->49946K(1093632K)
[2020-12-21T06:31:36.014-0500][gc,heap        ] GC(16537) Heap after GC invocations=16538 (full 3335): garbage-first heap   total 64512K, used 43267K [0x0000000083000000, 0x0000000100000000)
[2020-12-21T06:31:36.014-0500][gc,heap        ] GC(16537)   region size 1024K, 1 young (1024K), 1 survivors (1024K)
[2020-12-21T06:31:36.014-0500][gc,heap        ] GC(16537)  Metaspace       used 49946K, capacity 52104K, committed 53632K, reserved 1093632K
[2020-12-21T06:31:36.015-0500][gc,heap        ] GC(16537)   class space    used 7422K, capacity 8193K, committed 8832K, reserved 1048576K
[2020-12-21T06:31:36.015-0500][gc             ] GC(16537) Pause Young (Normal) (G1 Evacuation Pause) 50M->42M(63M) 1.608ms
[2020-12-21T06:31:36.015-0500][gc,cpu         ] GC(16537) User=0.00s Sys=0.00s Real=0.00s
[2020-12-21T06:31:45.190-0500][gc,task        ] GC(16538) Using 5 workers of 8 for full compaction
[2020-12-21T06:31:45.190-0500][gc,start       ] GC(16538) Pause Full (System.gc())
[2020-12-21T06:31:45.190-0500][gc,heap        ] GC(16538) Heap before GC invocations=16538 (full 3335): garbage-first heap   total 64512K, used 44291K [0x0000000083000000, 0x0000000100000000)
[2020-12-21T06:31:45.191-0500][gc,heap        ] GC(16538)   region size 1024K, 3 young (3072K), 1 survivors (1024K)
[2020-12-21T06:31:45.191-0500][gc,heap        ] GC(16538)  Metaspace       used 49946K, capacity 52104K, committed 53632K, reserved 1093632K
[2020-12-21T06:31:45.191-0500][gc,heap        ] GC(16538)   class space    used 7422K, capacity 8193K, committed 8832K, reserved 1048576K
[2020-12-21T06:31:45.191-0500][gc,phases,start] GC(16538) Phase 1: Mark live objects
[2020-12-21T06:31:45.228-0500][gc,stringtable ] GC(16538) Cleaned string and symbol table, strings: 33106 processed, 4 removed, symbols: 120816 processed, 0 removed
[2020-12-21T06:31:45.228-0500][gc,phases      ] GC(16538) Phase 1: Mark live objects 36.990ms
[2020-12-21T06:31:45.228-0500][gc,phases,start] GC(16538) Phase 2: Prepare for compaction
[2020-12-21T06:31:45.232-0500][gc,phases      ] GC(16538) Phase 2: Prepare for compaction 4.406ms
[2020-12-21T06:31:45.232-0500][gc,phases,start] GC(16538) Phase 3: Adjust pointers
[2020-12-21T06:31:45.244-0500][gc,phases      ] GC(16538) Phase 3: Adjust pointers 11.734ms
[2020-12-21T06:31:45.244-0500][gc,phases,start] GC(16538) Phase 4: Compact heap
[2020-12-21T06:31:45.247-0500][gc,phases      ] GC(16538) Phase 4: Compact heap 2.215ms
[2020-12-21T06:31:45.252-0500][gc,heap        ] GC(16538) Eden regions: 2->0(10)
[2020-12-21T06:31:45.252-0500][gc,heap        ] GC(16538) Survivor regions: 1->0(2)
[2020-12-21T06:31:45.252-0500][gc,heap        ] GC(16538) Old regions: 42->41
[2020-12-21T06:31:45.252-0500][gc,heap        ] GC(16538) Humongous regions: 4->4
[2020-12-21T06:31:45.252-0500][gc,metaspace   ] GC(16538) Metaspace: 49946K->49946K(1093632K)
[2020-12-21T06:31:45.252-0500][gc,heap        ] GC(16538) Heap after GC invocations=16539 (full 3336): garbage-first heap   total 64512K, used 43197K [0x0000000083000000, 0x0000000100000000)
[2020-12-21T06:31:45.252-0500][gc,heap        ] GC(16538)   region size 1024K, 0 young (0K), 0 survivors (0K)
[2020-12-21T06:31:45.252-0500][gc,heap        ] GC(16538)  Metaspace       used 49946K, capacity 52104K, committed 53632K, reserved 1093632K
[2020-12-21T06:31:45.252-0500][gc,heap        ] GC(16538)   class space    used 7422K, capacity 8193K, committed 8832K, reserved 1048576K
[2020-12-21T06:31:45.252-0500][gc             ] GC(16538) Pause Full (System.gc()) 43M->42M(63M) 61.735ms
[2020-12-21T06:31:45.252-0500][gc,cpu         ] GC(16538) User=0.26s Sys=0.00s Real=0.06s
[2020-12-21T06:33:41.751-0500][gc,heap        ] GC(16539) Heap before GC invocations=16539 (full 3336): garbage-first heap   total 64512K, used 52413K [0x0000000083000000, 0x0000000100000000)
[2020-12-21T06:33:41.751-0500][gc,heap        ] GC(16539)   region size 1024K, 10 young (10240K), 0 survivors (0K)
[2020-12-21T06:33:41.751-0500][gc,heap        ] GC(16539)  Metaspace       used 49946K, capacity 52104K, committed 53632K, reserved 1093632K
[2020-12-21T06:33:41.751-0500][gc,heap        ] GC(16539)   class space    used 7422K, capacity 8193K, committed 8832K, reserved 1048576K
[2020-12-21T06:33:41.752-0500][gc,start       ] GC(16539) Pause Young (Normal) (G1 Evacuation Pause)
[2020-12-21T06:33:41.752-0500][gc,task        ] GC(16539) Using 8 workers of 8 for evacuation
[2020-12-21T06:33:41.753-0500][gc,phases      ] GC(16539)   Pre Evacuate Collection Set: 0.0ms
[2020-12-21T06:33:41.753-0500][gc,phases      ] GC(16539)   Evacuate Collection Set: 0.5ms
[2020-12-21T06:33:41.753-0500][gc,phases      ] GC(16539)   Post Evacuate Collection Set: 0.9ms
[2020-12-21T06:33:41.753-0500][gc,phases      ] GC(16539)   Other: 0.2ms
[2020-12-21T06:33:41.753-0500][gc,heap        ] GC(16539) Eden regions: 10->0(9)
[2020-12-21T06:33:41.753-0500][gc,heap        ] GC(16539) Survivor regions: 0->1(2)
[2020-12-21T06:33:41.753-0500][gc,heap        ] GC(16539) Old regions: 41->41
[2020-12-21T06:33:41.753-0500][gc,heap        ] GC(16539) Humongous regions: 4->4
[2020-12-21T06:33:41.753-0500][gc,metaspace   ] GC(16539) Metaspace: 49946K->49946K(1093632K)
[2020-12-21T06:33:41.753-0500][gc,heap        ] GC(16539) Heap after GC invocations=16540 (full 3336): garbage-first heap   total 64512K, used 43292K [0x0000000083000000, 0x0000000100000000)
[2020-12-21T06:33:41.753-0500][gc,heap        ] GC(16539)   region size 1024K, 1 young (1024K), 1 survivors (1024K)
[2020-12-21T06:33:41.753-0500][gc,heap        ] GC(16539)  Metaspace       used 49946K, capacity 52104K, committed 53632K, reserved 1093632K
[2020-12-21T06:33:41.753-0500][gc,heap        ] GC(16539)   class space    used 7422K, capacity 8193K, committed 8832K, reserved 1048576K
[2020-12-21T06:33:41.753-0500][gc             ] GC(16539) Pause Young (Normal) (G1 Evacuation Pause) 52M->42M(63M) 1.623ms
[2020-12-21T06:33:41.753-0500][gc,cpu         ] GC(16539) User=0.00s Sys=0.01s Real=0.00s
[2020-12-21T06:35:16.013-0500][gc,heap        ] GC(16540) Heap before GC invocations=16540 (full 3336): garbage-first heap   total 64512K, used 51484K [0x0000000083000000, 0x0000000100000000)
[2020-12-21T06:35:16.013-0500][gc,heap        ] GC(16540)   region size 1024K, 10 young (10240K), 1 survivors (1024K)
[2020-12-21T06:35:16.013-0500][gc,heap        ] GC(16540)  Metaspace       used 49946K, capacity 52104K, committed 53632K, reserved 1093632K
[2020-12-21T06:35:16.013-0500][gc,heap        ] GC(16540)   class space    used 7422K, capacity 8193K, committed 8832K, reserved 1048576K
[2020-12-21T06:35:16.013-0500][gc,start       ] GC(16540) Pause Young (Normal) (G1 Evacuation Pause)
[2020-12-21T06:35:16.013-0500][gc,task        ] GC(16540) Using 8 workers of 8 for evacuation
[2020-12-21T06:35:16.019-0500][gc,phases      ] GC(16540)   Pre Evacuate Collection Set: 0.0ms
[2020-12-21T06:35:16.019-0500][gc,phases      ] GC(16540)   Evacuate Collection Set: 1.5ms
[2020-12-21T06:35:16.019-0500][gc,phases      ] GC(16540)   Post Evacuate Collection Set: 4.4ms
[2020-12-21T06:35:16.019-0500][gc,phases      ] GC(16540)   Other: 0.5ms
[2020-12-21T06:35:16.019-0500][gc,heap        ] GC(16540) Eden regions: 9->0(9)
[2020-12-21T06:35:16.019-0500][gc,heap        ] GC(16540) Survivor regions: 1->1(2)
[2020-12-21T06:35:16.019-0500][gc,heap        ] GC(16540) Old regions: 41->41
[2020-12-21T06:35:16.019-0500][gc,heap        ] GC(16540) Humongous regions: 4->4
[2020-12-21T06:35:16.019-0500][gc,metaspace   ] GC(16540) Metaspace: 49946K->49946K(1093632K)
[2020-12-21T06:35:16.019-0500][gc,heap        ] GC(16540) Heap after GC invocations=16541 (full 3336): garbage-first heap   total 64512K, used 43277K [0x0000000083000000, 0x0000000100000000)
[2020-12-21T06:35:16.019-0500][gc,heap        ] GC(16540)   region size 1024K, 1 young (1024K), 1 survivors (1024K)
[2020-12-21T06:35:16.019-0500][gc,heap        ] GC(16540)  Metaspace       used 49946K, capacity 52104K, committed 53632K, reserved 1093632K
[2020-12-21T06:35:16.019-0500][gc,heap        ] GC(16540)   class space    used 7422K, capacity 8193K, committed 8832K, reserved 1048576K
[2020-12-21T06:35:16.019-0500][gc             ] GC(16540) Pause Young (Normal) (G1 Evacuation Pause) 51M->42M(63M) 6.537ms
[2020-12-21T06:35:16.020-0500][gc,cpu         ] GC(16540) User=0.03s Sys=0.00s Real=0.01s
[2020-12-21T06:36:45.192-0500][gc,task        ] GC(16541) Using 5 workers of 8 for full compaction
[2020-12-21T06:36:45.192-0500][gc,start       ] GC(16541) Pause Full (System.gc())
[2020-12-21T06:36:45.192-0500][gc,heap        ] GC(16541) Heap before GC invocations=16541 (full 3336): garbage-first heap   total 64512K, used 49421K [0x0000000083000000, 0x0000000100000000)
[2020-12-21T06:36:45.192-0500][gc,heap        ] GC(16541)   region size 1024K, 9 young (9216K), 1 survivors (1024K)
[2020-12-21T06:36:45.192-0500][gc,heap        ] GC(16541)  Metaspace       used 49946K, capacity 52104K, committed 53632K, reserved 1093632K
[2020-12-21T06:36:45.192-0500][gc,heap        ] GC(16541)   class space    used 7422K, capacity 8193K, committed 8832K, reserved 1048576K
[2020-12-21T06:36:45.192-0500][gc,phases,start] GC(16541) Phase 1: Mark live objects
[2020-12-21T06:36:45.238-0500][gc,stringtable ] GC(16541) Cleaned string and symbol table, strings: 33106 processed, 4 removed, symbols: 120816 processed, 0 removed
[2020-12-21T06:36:45.238-0500][gc,phases      ] GC(16541) Phase 1: Mark live objects 45.532ms
[2020-12-21T06:36:45.238-0500][gc,phases,start] GC(16541) Phase 2: Prepare for compaction
[2020-12-21T06:36:45.241-0500][gc,phases      ] GC(16541) Phase 2: Prepare for compaction 3.357ms
[2020-12-21T06:36:45.241-0500][gc,phases,start] GC(16541) Phase 3: Adjust pointers
[2020-12-21T06:36:45.251-0500][gc,phases      ] GC(16541) Phase 3: Adjust pointers 9.806ms
[2020-12-21T06:36:45.251-0500][gc,phases,start] GC(16541) Phase 4: Compact heap
[2020-12-21T06:36:45.254-0500][gc,phases      ] GC(16541) Phase 4: Compact heap 2.777ms
[2020-12-21T06:36:45.260-0500][gc,heap        ] GC(16541) Eden regions: 8->0(10)
[2020-12-21T06:36:45.260-0500][gc,heap        ] GC(16541) Survivor regions: 1->0(2)
[2020-12-21T06:36:45.260-0500][gc,heap        ] GC(16541) Old regions: 41->41
[2020-12-21T06:36:45.260-0500][gc,heap        ] GC(16541) Humongous regions: 4->4
[2020-12-21T06:36:45.260-0500][gc,metaspace   ] GC(16541) Metaspace: 49946K->49946K(1093632K)
[2020-12-21T06:36:45.260-0500][gc,heap        ] GC(16541) Heap after GC invocations=16542 (full 3337): garbage-first heap   total 64512K, used 43217K [0x0000000083000000, 0x0000000100000000)
[2020-12-21T06:36:45.260-0500][gc,heap        ] GC(16541)   region size 1024K, 0 young (0K), 0 survivors (0K)
[2020-12-21T06:36:45.260-0500][gc,heap        ] GC(16541)  Metaspace       used 49946K, capacity 52104K, committed 53632K, reserved 1093632K
[2020-12-21T06:36:45.260-0500][gc,heap        ] GC(16541)   class space    used 7422K, capacity 8193K, committed 8832K, reserved 1048576K
[2020-12-21T06:36:45.260-0500][gc             ] GC(16541) Pause Full (System.gc()) 49M->42M(63M) 68.148ms
[2020-12-21T06:36:45.260-0500][gc,cpu         ] GC(16541) User=0.29s Sys=0.00s Real=0.07s
[2020-12-21T06:38:42.684-0500][gc,heap        ] GC(16542) Heap before GC invocations=16542 (full 3337): garbage-first heap   total 64512K, used 53457K [0x0000000083000000, 0x0000000100000000)
[2020-12-21T06:38:42.685-0500][gc,heap        ] GC(16542)   region size 1024K, 10 young (10240K), 0 survivors (0K)
[2020-12-21T06:38:42.685-0500][gc,heap        ] GC(16542)  Metaspace       used 49946K, capacity 52104K, committed 53632K, reserved 1093632K
[2020-12-21T06:38:42.685-0500][gc,heap        ] GC(16542)   class space    used 7422K, capacity 8193K, committed 8832K, reserved 1048576K
[2020-12-21T06:38:42.685-0500][gc,start       ] GC(16542) Pause Young (Normal) (G1 Evacuation Pause)
[2020-12-21T06:38:42.685-0500][gc,task        ] GC(16542) Using 8 workers of 8 for evacuation
[2020-12-21T06:38:42.688-0500][gc,phases      ] GC(16542)   Pre Evacuate Collection Set: 0.0ms
[2020-12-21T06:38:42.688-0500][gc,phases      ] GC(16542)   Evacuate Collection Set: 1.1ms
[2020-12-21T06:38:42.688-0500][gc,phases      ] GC(16542)   Post Evacuate Collection Set: 1.9ms
[2020-12-21T06:38:42.688-0500][gc,phases      ] GC(16542)   Other: 0.7ms
[2020-12-21T06:38:42.688-0500][gc,heap        ] GC(16542) Eden regions: 10->0(9)
[2020-12-21T06:38:42.688-0500][gc,heap        ] GC(16542) Survivor regions: 0->1(2)
[2020-12-21T06:38:42.688-0500][gc,heap        ] GC(16542) Old regions: 41->41
[2020-12-21T06:38:42.688-0500][gc,heap        ] GC(16542) Humongous regions: 4->4
[2020-12-21T06:38:42.689-0500][gc,metaspace   ] GC(16542) Metaspace: 49946K->49946K(1093632K)
[2020-12-21T06:38:42.689-0500][gc,heap        ] GC(16542) Heap after GC invocations=16543 (full 3337): garbage-first heap   total 64512K, used 43303K [0x0000000083000000, 0x0000000100000000)
[2020-12-21T06:38:42.689-0500][gc,heap        ] GC(16542)   region size 1024K, 1 young (1024K), 1 survivors (1024K)
[2020-12-21T06:38:42.689-0500][gc,heap        ] GC(16542)  Metaspace       used 49946K, capacity 52104K, committed 53632K, reserved 1093632K
[2020-12-21T06:38:42.689-0500][gc,heap        ] GC(16542)   class space    used 7422K, capacity 8193K, committed 8832K, reserved 1048576K
[2020-12-21T06:38:42.689-0500][gc             ] GC(16542) Pause Young (Normal) (G1 Evacuation Pause) 52M->42M(63M) 3.845ms
[2020-12-21T06:38:42.689-0500][gc,cpu         ] GC(16542) User=0.00s Sys=0.01s Real=0.01s
[2020-12-21T06:40:16.356-0500][gc,heap        ] GC(16543) Heap before GC invocations=16543 (full 3337): garbage-first heap   total 64512K, used 51495K [0x0000000083000000, 0x0000000100000000)
[2020-12-21T06:40:16.356-0500][gc,heap        ] GC(16543)   region size 1024K, 10 young (10240K), 1 survivors (1024K)
[2020-12-21T06:40:16.356-0500][gc,heap        ] GC(16543)  Metaspace       used 49946K, capacity 52104K, committed 53632K, reserved 1093632K
[2020-12-21T06:40:16.356-0500][gc,heap        ] GC(16543)   class space    used 7422K, capacity 8193K, committed 8832K, reserved 1048576K
[2020-12-21T06:40:16.356-0500][gc,start       ] GC(16543) Pause Young (Normal) (G1 Evacuation Pause)
[2020-12-21T06:40:16.356-0500][gc,task        ] GC(16543) Using 8 workers of 8 for evacuation
[2020-12-21T06:40:16.367-0500][gc,phases      ] GC(16543)   Pre Evacuate Collection Set: 0.0ms
[2020-12-21T06:40:16.367-0500][gc,phases      ] GC(16543)   Evacuate Collection Set: 1.3ms
[2020-12-21T06:40:16.367-0500][gc,phases      ] GC(16543)   Post Evacuate Collection Set: 9.6ms
[2020-12-21T06:40:16.368-0500][gc,phases      ] GC(16543)   Other: 0.5ms
[2020-12-21T06:40:16.368-0500][gc,heap        ] GC(16543) Eden regions: 9->0(9)
[2020-12-21T06:40:16.368-0500][gc,heap        ] GC(16543) Survivor regions: 1->1(2)
[2020-12-21T06:40:16.368-0500][gc,heap        ] GC(16543) Old regions: 41->41
[2020-12-21T06:40:16.368-0500][gc,heap        ] GC(16543) Humongous regions: 4->4
[2020-12-21T06:40:16.368-0500][gc,metaspace   ] GC(16543) Metaspace: 49946K->49946K(1093632K)
[2020-12-21T06:40:16.368-0500][gc,heap        ] GC(16543) Heap after GC invocations=16544 (full 3337): garbage-first heap   total 64512K, used 43265K [0x0000000083000000, 0x0000000100000000)
[2020-12-21T06:40:16.368-0500][gc,heap        ] GC(16543)   region size 1024K, 1 young (1024K), 1 survivors (1024K)
[2020-12-21T06:40:16.368-0500][gc,heap        ] GC(16543)  Metaspace       used 49946K, capacity 52104K, committed 53632K, reserved 1093632K
[2020-12-21T06:40:16.368-0500][gc,heap        ] GC(16543)   class space    used 7422K, capacity 8193K, committed 8832K, reserved 1048576K
[2020-12-21T06:40:16.368-0500][gc             ] GC(16543) Pause Young (Normal) (G1 Evacuation Pause) 51M->42M(63M) 11.985ms
[2020-12-21T06:40:16.368-0500][gc,cpu         ] GC(16543) User=0.06s Sys=0.00s Real=0.02s
[2020-12-21T06:41:45.191-0500][gc,task        ] GC(16544) Using 5 workers of 8 for full compaction
[2020-12-21T06:41:45.191-0500][gc,start       ] GC(16544) Pause Full (System.gc())
[2020-12-21T06:41:45.192-0500][gc,heap        ] GC(16544) Heap before GC invocations=16544 (full 3337): garbage-first heap   total 64512K, used 50433K [0x0000000083000000, 0x0000000100000000)
[2020-12-21T06:41:45.192-0500][gc,heap        ] GC(16544)   region size 1024K, 9 young (9216K), 1 survivors (1024K)
[2020-12-21T06:41:45.192-0500][gc,heap        ] GC(16544)  Metaspace       used 49946K, capacity 52104K, committed 53632K, reserved 1093632K
[2020-12-21T06:41:45.192-0500][gc,heap        ] GC(16544)   class space    used 7422K, capacity 8193K, committed 8832K, reserved 1048576K
[2020-12-21T06:41:45.192-0500][gc,phases,start] GC(16544) Phase 1: Mark live objects
[2020-12-21T06:41:45.239-0500][gc,stringtable ] GC(16544) Cleaned string and symbol table, strings: 33106 processed, 4 removed, symbols: 120816 processed, 0 removed
[2020-12-21T06:41:45.239-0500][gc,phases      ] GC(16544) Phase 1: Mark live objects 47.327ms
[2020-12-21T06:41:45.239-0500][gc,phases,start] GC(16544) Phase 2: Prepare for compaction
[2020-12-21T06:41:45.244-0500][gc,phases      ] GC(16544) Phase 2: Prepare for compaction 4.650ms
[2020-12-21T06:41:45.244-0500][gc,phases,start] GC(16544) Phase 3: Adjust pointers
[2020-12-21T06:41:45.258-0500][gc,phases      ] GC(16544) Phase 3: Adjust pointers 13.966ms
[2020-12-21T06:41:45.258-0500][gc,phases,start] GC(16544) Phase 4: Compact heap
[2020-12-21T06:41:45.262-0500][gc,phases      ] GC(16544) Phase 4: Compact heap 3.666ms
[2020-12-21T06:41:45.269-0500][gc,heap        ] GC(16544) Eden regions: 8->0(10)
[2020-12-21T06:41:45.269-0500][gc,heap        ] GC(16544) Survivor regions: 1->0(2)
[2020-12-21T06:41:45.269-0500][gc,heap        ] GC(16544) Old regions: 41->41
[2020-12-21T06:41:45.269-0500][gc,heap        ] GC(16544) Humongous regions: 4->4
[2020-12-21T06:41:45.269-0500][gc,metaspace   ] GC(16544) Metaspace: 49946K->49946K(1093632K)
[2020-12-21T06:41:45.269-0500][gc,heap        ] GC(16544) Heap after GC invocations=16545 (full 3338): garbage-first heap   total 64512K, used 43220K [0x0000000083000000, 0x0000000100000000)
[2020-12-21T06:41:45.269-0500][gc,heap        ] GC(16544)   region size 1024K, 0 young (0K), 0 survivors (0K)
[2020-12-21T06:41:45.269-0500][gc,heap        ] GC(16544)  Metaspace       used 49946K, capacity 52104K, committed 53632K, reserved 1093632K
[2020-12-21T06:41:45.269-0500][gc,heap        ] GC(16544)   class space    used 7422K, capacity 8193K, committed 8832K, reserved 1048576K
[2020-12-21T06:41:45.269-0500][gc             ] GC(16544) Pause Full (System.gc()) 49M->42M(63M) 77.330ms
[2020-12-21T06:41:45.269-0500][gc,cpu         ] GC(16544) User=0.33s Sys=0.00s Real=0.08s
[2020-12-21T06:43:43.819-0500][gc,heap        ] GC(16545) Heap before GC invocations=16545 (full 3338): garbage-first heap   total 64512K, used 52436K [0x0000000083000000, 0x0000000100000000)
[2020-12-21T06:43:43.819-0500][gc,heap        ] GC(16545)   region size 1024K, 10 young (10240K), 0 survivors (0K)
[2020-12-21T06:43:43.819-0500][gc,heap        ] GC(16545)  Metaspace       used 49946K, capacity 52104K, committed 53632K, reserved 1093632K
[2020-12-21T06:43:43.819-0500][gc,heap        ] GC(16545)   class space    used 7422K, capacity 8193K, committed 8832K, reserved 1048576K
[2020-12-21T06:43:43.819-0500][gc,start       ] GC(16545) Pause Young (Normal) (G1 Evacuation Pause)
[2020-12-21T06:43:43.819-0500][gc,task        ] GC(16545) Using 8 workers of 8 for evacuation
[2020-12-21T06:43:43.821-0500][gc,phases      ] GC(16545)   Pre Evacuate Collection Set: 0.0ms
[2020-12-21T06:43:43.821-0500][gc,phases      ] GC(16545)   Evacuate Collection Set: 0.9ms
[2020-12-21T06:43:43.821-0500][gc,phases      ] GC(16545)   Post Evacuate Collection Set: 1.4ms
[2020-12-21T06:43:43.821-0500][gc,phases      ] GC(16545)   Other: 0.3ms
[2020-12-21T06:43:43.821-0500][gc,heap        ] GC(16545) Eden regions: 10->0(9)
[2020-12-21T06:43:43.821-0500][gc,heap        ] GC(16545) Survivor regions: 0->1(2)
[2020-12-21T06:43:43.821-0500][gc,heap        ] GC(16545) Old regions: 41->41
[2020-12-21T06:43:43.821-0500][gc,heap        ] GC(16545) Humongous regions: 4->4
[2020-12-21T06:43:43.821-0500][gc,metaspace   ] GC(16545) Metaspace: 49946K->49946K(1093632K)
[2020-12-21T06:43:43.821-0500][gc,heap        ] GC(16545) Heap after GC invocations=16546 (full 3338): garbage-first heap   total 64512K, used 43348K [0x0000000083000000, 0x0000000100000000)
[2020-12-21T06:43:43.821-0500][gc,heap        ] GC(16545)   region size 1024K, 1 young (1024K), 1 survivors (1024K)
[2020-12-21T06:43:43.821-0500][gc,heap        ] GC(16545)  Metaspace       used 49946K, capacity 52104K, committed 53632K, reserved 1093632K
[2020-12-21T06:43:43.821-0500][gc,heap        ] GC(16545)   class space    used 7422K, capacity 8193K, committed 8832K, reserved 1048576K
[2020-12-21T06:43:43.821-0500][gc             ] GC(16545) Pause Young (Normal) (G1 Evacuation Pause) 52M->42M(63M) 2.638ms
[2020-12-21T06:43:43.822-0500][gc,cpu         ] GC(16545) User=0.00s Sys=0.00s Real=0.00s
[2020-12-21T06:45:26.016-0500][gc,heap        ] GC(16546) Heap before GC invocations=16546 (full 3338): garbage-first heap   total 64512K, used 51540K [0x0000000083000000, 0x0000000100000000)
[2020-12-21T06:45:26.017-0500][gc,heap        ] GC(16546)   region size 1024K, 10 young (10240K), 1 survivors (1024K)
[2020-12-21T06:45:26.017-0500][gc,heap        ] GC(16546)  Metaspace       used 49946K, capacity 52104K, committed 53632K, reserved 1093632K
[2020-12-21T06:45:26.017-0500][gc,heap        ] GC(16546)   class space    used 7422K, capacity 8193K, committed 8832K, reserved 1048576K
[2020-12-21T06:45:26.017-0500][gc,start       ] GC(16546) Pause Young (Normal) (G1 Evacuation Pause)
[2020-12-21T06:45:26.017-0500][gc,task        ] GC(16546) Using 8 workers of 8 for evacuation
[2020-12-21T06:45:26.020-0500][gc,phases      ] GC(16546)   Pre Evacuate Collection Set: 0.0ms
[2020-12-21T06:45:26.020-0500][gc,phases      ] GC(16546)   Evacuate Collection Set: 1.1ms
[2020-12-21T06:45:26.020-0500][gc,phases      ] GC(16546)   Post Evacuate Collection Set: 2.1ms
[2020-12-21T06:45:26.020-0500][gc,phases      ] GC(16546)   Other: 0.7ms
[2020-12-21T06:45:26.020-0500][gc,heap        ] GC(16546) Eden regions: 9->0(9)
[2020-12-21T06:45:26.021-0500][gc,heap        ] GC(16546) Survivor regions: 1->1(2)
[2020-12-21T06:45:26.021-0500][gc,heap        ] GC(16546) Old regions: 41->41
[2020-12-21T06:45:26.021-0500][gc,heap        ] GC(16546) Humongous regions: 4->4
[2020-12-21T06:45:26.021-0500][gc,metaspace   ] GC(16546) Metaspace: 49946K->49946K(1093632K)
[2020-12-21T06:45:26.021-0500][gc,heap        ] GC(16546) Heap after GC invocations=16547 (full 3338): garbage-first heap   total 64512K, used 43289K [0x0000000083000000, 0x0000000100000000)
[2020-12-21T06:45:26.021-0500][gc,heap        ] GC(16546)   region size 1024K, 1 young (1024K), 1 survivors (1024K)
[2020-12-21T06:45:26.021-0500][gc,heap        ] GC(16546)  Metaspace       used 49946K, capacity 52104K, committed 53632K, reserved 1093632K
[2020-12-21T06:45:26.021-0500][gc,heap        ] GC(16546)   class space    used 7422K, capacity 8193K, committed 8832K, reserved 1048576K
[2020-12-21T06:45:26.021-0500][gc             ] GC(16546) Pause Young (Normal) (G1 Evacuation Pause) 51M->42M(63M) 3.918ms
[2020-12-21T06:45:26.021-0500][gc,cpu         ] GC(16546) User=0.01s Sys=0.01s Real=0.01s
[2020-12-21T06:46:45.190-0500][gc,task        ] GC(16547) Using 5 workers of 8 for full compaction
[2020-12-21T06:46:45.190-0500][gc,start       ] GC(16547) Pause Full (System.gc())
[2020-12-21T06:46:45.190-0500][gc,heap        ] GC(16547) Heap before GC invocations=16547 (full 3338): garbage-first heap   total 64512K, used 48409K [0x0000000083000000, 0x0000000100000000)
[2020-12-21T06:46:45.190-0500][gc,heap        ] GC(16547)   region size 1024K, 8 young (8192K), 1 survivors (1024K)
[2020-12-21T06:46:45.190-0500][gc,heap        ] GC(16547)  Metaspace       used 49946K, capacity 52104K, committed 53632K, reserved 1093632K
[2020-12-21T06:46:45.190-0500][gc,heap        ] GC(16547)   class space    used 7422K, capacity 8193K, committed 8832K, reserved 1048576K
[2020-12-21T06:46:45.191-0500][gc,phases,start] GC(16547) Phase 1: Mark live objects
[2020-12-21T06:46:45.241-0500][gc,stringtable ] GC(16547) Cleaned string and symbol table, strings: 33106 processed, 4 removed, symbols: 120816 processed, 0 removed
[2020-12-21T06:46:45.241-0500][gc,phases      ] GC(16547) Phase 1: Mark live objects 50.012ms
[2020-12-21T06:46:45.241-0500][gc,phases,start] GC(16547) Phase 2: Prepare for compaction
[2020-12-21T06:46:45.245-0500][gc,phases      ] GC(16547) Phase 2: Prepare for compaction 4.307ms
[2020-12-21T06:46:45.245-0500][gc,phases,start] GC(16547) Phase 3: Adjust pointers
[2020-12-21T06:46:45.260-0500][gc,phases      ] GC(16547) Phase 3: Adjust pointers 14.945ms
[2020-12-21T06:46:45.260-0500][gc,phases,start] GC(16547) Phase 4: Compact heap
[2020-12-21T06:46:45.264-0500][gc,phases      ] GC(16547) Phase 4: Compact heap 3.868ms
[2020-12-21T06:46:45.271-0500][gc,heap        ] GC(16547) Eden regions: 7->0(10)
[2020-12-21T06:46:45.271-0500][gc,heap        ] GC(16547) Survivor regions: 1->0(2)
[2020-12-21T06:46:45.271-0500][gc,heap        ] GC(16547) Old regions: 41->41
[2020-12-21T06:46:45.271-0500][gc,heap        ] GC(16547) Humongous regions: 4->4
[2020-12-21T06:46:45.271-0500][gc,metaspace   ] GC(16547) Metaspace: 49946K->49946K(1093632K)
[2020-12-21T06:46:45.271-0500][gc,heap        ] GC(16547) Heap after GC invocations=16548 (full 3339): garbage-first heap   total 64512K, used 43214K [0x0000000083000000, 0x0000000100000000)
[2020-12-21T06:46:45.271-0500][gc,heap        ] GC(16547)   region size 1024K, 0 young (0K), 0 survivors (0K)
[2020-12-21T06:46:45.271-0500][gc,heap        ] GC(16547)  Metaspace       used 49946K, capacity 52104K, committed 53632K, reserved 1093632K
[2020-12-21T06:46:45.271-0500][gc,heap        ] GC(16547)   class space    used 7422K, capacity 8193K, committed 8832K, reserved 1048576K
[2020-12-21T06:46:45.271-0500][gc             ] GC(16547) Pause Full (System.gc()) 49M->42M(63M) 80.693ms
[2020-12-21T06:46:45.271-0500][gc,cpu         ] GC(16547) User=0.34s Sys=0.00s Real=0.08s
[2020-12-21T06:48:44.857-0500][gc,heap        ] GC(16548) Heap before GC invocations=16548 (full 3339): garbage-first heap   total 64512K, used 52430K [0x0000000083000000, 0x0000000100000000)
[2020-12-21T06:48:44.857-0500][gc,heap        ] GC(16548)   region size 1024K, 10 young (10240K), 0 survivors (0K)
[2020-12-21T06:48:44.857-0500][gc,heap        ] GC(16548)  Metaspace       used 49946K, capacity 52104K, committed 53632K, reserved 1093632K
[2020-12-21T06:48:44.857-0500][gc,heap        ] GC(16548)   class space    used 7422K, capacity 8193K, committed 8832K, reserved 1048576K
[2020-12-21T06:48:44.857-0500][gc,start       ] GC(16548) Pause Young (Normal) (G1 Evacuation Pause)
[2020-12-21T06:48:44.857-0500][gc,task        ] GC(16548) Using 8 workers of 8 for evacuation
[2020-12-21T06:48:44.859-0500][gc,phases      ] GC(16548)   Pre Evacuate Collection Set: 0.0ms
[2020-12-21T06:48:44.859-0500][gc,phases      ] GC(16548)   Evacuate Collection Set: 0.6ms
[2020-12-21T06:48:44.859-0500][gc,phases      ] GC(16548)   Post Evacuate Collection Set: 1.2ms
[2020-12-21T06:48:44.859-0500][gc,phases      ] GC(16548)   Other: 0.2ms
[2020-12-21T06:48:44.859-0500][gc,heap        ] GC(16548) Eden regions: 10->0(9)
[2020-12-21T06:48:44.859-0500][gc,heap        ] GC(16548) Survivor regions: 0->1(2)
[2020-12-21T06:48:44.859-0500][gc,heap        ] GC(16548) Old regions: 41->41
[2020-12-21T06:48:44.859-0500][gc,heap        ] GC(16548) Humongous regions: 4->4
[2020-12-21T06:48:44.859-0500][gc,metaspace   ] GC(16548) Metaspace: 49946K->49946K(1093632K)
[2020-12-21T06:48:44.859-0500][gc,heap        ] GC(16548) Heap after GC invocations=16549 (full 3339): garbage-first heap   total 64512K, used 43304K [0x0000000083000000, 0x0000000100000000)
[2020-12-21T06:48:44.859-0500][gc,heap        ] GC(16548)   region size 1024K, 1 young (1024K), 1 survivors (1024K)
[2020-12-21T06:48:44.859-0500][gc,heap        ] GC(16548)  Metaspace       used 49946K, capacity 52104K, committed 53632K, reserved 1093632K
[2020-12-21T06:48:44.859-0500][gc,heap        ] GC(16548)   class space    used 7422K, capacity 8193K, committed 8832K, reserved 1048576K
[2020-12-21T06:48:44.859-0500][gc             ] GC(16548) Pause Young (Normal) (G1 Evacuation Pause) 52M->42M(63M) 2.011ms
[2020-12-21T06:48:44.859-0500][gc,cpu         ] GC(16548) User=0.00s Sys=0.00s Real=0.01s
[2020-12-21T06:50:16.691-0500][gc,heap        ] GC(16549) Heap before GC invocations=16549 (full 3339): garbage-first heap   total 64512K, used 51496K [0x0000000083000000, 0x0000000100000000)
[2020-12-21T06:50:16.692-0500][gc,heap        ] GC(16549)   region size 1024K, 10 young (10240K), 1 survivors (1024K)
[2020-12-21T06:50:16.692-0500][gc,heap        ] GC(16549)  Metaspace       used 49946K, capacity 52104K, committed 53632K, reserved 1093632K
[2020-12-21T06:50:16.692-0500][gc,heap        ] GC(16549)   class space    used 7422K, capacity 8193K, committed 8832K, reserved 1048576K
[2020-12-21T06:50:16.692-0500][gc,start       ] GC(16549) Pause Young (Normal) (G1 Evacuation Pause)
[2020-12-21T06:50:16.692-0500][gc,task        ] GC(16549) Using 8 workers of 8 for evacuation
[2020-12-21T06:50:16.696-0500][gc,phases      ] GC(16549)   Pre Evacuate Collection Set: 0.0ms
[2020-12-21T06:50:16.696-0500][gc,phases      ] GC(16549)   Evacuate Collection Set: 1.8ms
[2020-12-21T06:50:16.696-0500][gc,phases      ] GC(16549)   Post Evacuate Collection Set: 2.2ms
[2020-12-21T06:50:16.696-0500][gc,phases      ] GC(16549)   Other: 0.5ms
[2020-12-21T06:50:16.696-0500][gc,heap        ] GC(16549) Eden regions: 9->0(9)
[2020-12-21T06:50:16.696-0500][gc,heap        ] GC(16549) Survivor regions: 1->1(2)
[2020-12-21T06:50:16.696-0500][gc,heap        ] GC(16549) Old regions: 41->41
[2020-12-21T06:50:16.696-0500][gc,heap        ] GC(16549) Humongous regions: 4->4
[2020-12-21T06:50:16.696-0500][gc,metaspace   ] GC(16549) Metaspace: 49946K->49946K(1093632K)
[2020-12-21T06:50:16.696-0500][gc,heap        ] GC(16549) Heap after GC invocations=16550 (full 3339): garbage-first heap   total 64512K, used 43262K [0x0000000083000000, 0x0000000100000000)
[2020-12-21T06:50:16.696-0500][gc,heap        ] GC(16549)   region size 1024K, 1 young (1024K), 1 survivors (1024K)
[2020-12-21T06:50:16.696-0500][gc,heap        ] GC(16549)  Metaspace       used 49946K, capacity 52104K, committed 53632K, reserved 1093632K
[2020-12-21T06:50:16.696-0500][gc,heap        ] GC(16549)   class space    used 7422K, capacity 8193K, committed 8832K, reserved 1048576K
[2020-12-21T06:50:16.696-0500][gc             ] GC(16549) Pause Young (Normal) (G1 Evacuation Pause) 51M->42M(63M) 4.736ms
[2020-12-21T06:50:16.697-0500][gc,cpu         ] GC(16549) User=0.01s Sys=0.01s Real=0.00s
[2020-12-21T06:51:45.190-0500][gc,task        ] GC(16550) Using 5 workers of 8 for full compaction
[2020-12-21T06:51:45.191-0500][gc,start       ] GC(16550) Pause Full (System.gc())
[2020-12-21T06:51:45.191-0500][gc,heap        ] GC(16550) Heap before GC invocations=16550 (full 3339): garbage-first heap   total 64512K, used 49406K [0x0000000083000000, 0x0000000100000000)
[2020-12-21T06:51:45.191-0500][gc,heap        ] GC(16550)   region size 1024K, 8 young (8192K), 1 survivors (1024K)
[2020-12-21T06:51:45.191-0500][gc,heap        ] GC(16550)  Metaspace       used 49946K, capacity 52104K, committed 53632K, reserved 1093632K
[2020-12-21T06:51:45.191-0500][gc,heap        ] GC(16550)   class space    used 7422K, capacity 8193K, committed 8832K, reserved 1048576K
[2020-12-21T06:51:45.191-0500][gc,phases,start] GC(16550) Phase 1: Mark live objects
[2020-12-21T06:51:45.230-0500][gc,stringtable ] GC(16550) Cleaned string and symbol table, strings: 33106 processed, 4 removed, symbols: 120816 processed, 0 removed
[2020-12-21T06:51:45.230-0500][gc,phases      ] GC(16550) Phase 1: Mark live objects 39.367ms
[2020-12-21T06:51:45.230-0500][gc,phases,start] GC(16550) Phase 2: Prepare for compaction
[2020-12-21T06:51:45.236-0500][gc,phases      ] GC(16550) Phase 2: Prepare for compaction 5.293ms
[2020-12-21T06:51:45.236-0500][gc,phases,start] GC(16550) Phase 3: Adjust pointers
[2020-12-21T06:51:45.248-0500][gc,phases      ] GC(16550) Phase 3: Adjust pointers 12.464ms
[2020-12-21T06:51:45.248-0500][gc,phases,start] GC(16550) Phase 4: Compact heap
[2020-12-21T06:51:45.251-0500][gc,phases      ] GC(16550) Phase 4: Compact heap 2.815ms
[2020-12-21T06:51:45.257-0500][gc,heap        ] GC(16550) Eden regions: 7->0(9)
[2020-12-21T06:51:45.257-0500][gc,heap        ] GC(16550) Survivor regions: 1->0(2)
[2020-12-21T06:51:45.257-0500][gc,heap        ] GC(16550) Old regions: 41->42
[2020-12-21T06:51:45.257-0500][gc,heap        ] GC(16550) Humongous regions: 4->4
[2020-12-21T06:51:45.257-0500][gc,metaspace   ] GC(16550) Metaspace: 49946K->49946K(1093632K)
[2020-12-21T06:51:45.257-0500][gc,heap        ] GC(16550) Heap after GC invocations=16551 (full 3340): garbage-first heap   total 64512K, used 43220K [0x0000000083000000, 0x0000000100000000)
[2020-12-21T06:51:45.257-0500][gc,heap        ] GC(16550)   region size 1024K, 0 young (0K), 0 survivors (0K)
[2020-12-21T06:51:45.257-0500][gc,heap        ] GC(16550)  Metaspace       used 49946K, capacity 52104K, committed 53632K, reserved 1093632K
[2020-12-21T06:51:45.257-0500][gc,heap        ] GC(16550)   class space    used 7422K, capacity 8193K, committed 8832K, reserved 1048576K
[2020-12-21T06:51:45.257-0500][gc             ] GC(16550) Pause Full (System.gc()) 49M->42M(63M) 66.761ms
[2020-12-21T06:51:45.257-0500][gc,cpu         ] GC(16550) User=0.28s Sys=0.00s Real=0.06s
[2020-12-21T06:53:16.015-0500][gc,heap        ] GC(16551) Heap before GC invocations=16551 (full 3340): garbage-first heap   total 64512K, used 51412K [0x0000000083000000, 0x0000000100000000)
[2020-12-21T06:53:16.015-0500][gc,heap        ] GC(16551)   region size 1024K, 9 young (9216K), 0 survivors (0K)
[2020-12-21T06:53:16.015-0500][gc,heap        ] GC(16551)  Metaspace       used 49946K, capacity 52104K, committed 53632K, reserved 1093632K
[2020-12-21T06:53:16.015-0500][gc,heap        ] GC(16551)   class space    used 7422K, capacity 8193K, committed 8832K, reserved 1048576K
[2020-12-21T06:53:16.015-0500][gc,start       ] GC(16551) Pause Young (Normal) (G1 Evacuation Pause)
[2020-12-21T06:53:16.016-0500][gc,task        ] GC(16551) Using 8 workers of 8 for evacuation
[2020-12-21T06:53:16.022-0500][gc,phases      ] GC(16551)   Pre Evacuate Collection Set: 0.0ms
[2020-12-21T06:53:16.022-0500][gc,phases      ] GC(16551)   Evacuate Collection Set: 3.5ms
[2020-12-21T06:53:16.022-0500][gc,phases      ] GC(16551)   Post Evacuate Collection Set: 2.4ms
[2020-12-21T06:53:16.022-0500][gc,phases      ] GC(16551)   Other: 0.4ms
[2020-12-21T06:53:16.022-0500][gc,heap        ] GC(16551) Eden regions: 9->0(8)
[2020-12-21T06:53:16.022-0500][gc,heap        ] GC(16551) Survivor regions: 0->1(2)
[2020-12-21T06:53:16.022-0500][gc,heap        ] GC(16551) Old regions: 42->42
[2020-12-21T06:53:16.022-0500][gc,heap        ] GC(16551) Humongous regions: 4->4
[2020-12-21T06:53:16.022-0500][gc,metaspace   ] GC(16551) Metaspace: 49946K->49946K(1093632K)
[2020-12-21T06:53:16.022-0500][gc,heap        ] GC(16551) Heap after GC invocations=16552 (full 3340): garbage-first heap   total 64512K, used 43286K [0x0000000083000000, 0x0000000100000000)
[2020-12-21T06:53:16.022-0500][gc,heap        ] GC(16551)   region size 1024K, 1 young (1024K), 1 survivors (1024K)
[2020-12-21T06:53:16.022-0500][gc,heap        ] GC(16551)  Metaspace       used 49946K, capacity 52104K, committed 53632K, reserved 1093632K
[2020-12-21T06:53:16.022-0500][gc,heap        ] GC(16551)   class space    used 7422K, capacity 8193K, committed 8832K, reserved 1048576K
[2020-12-21T06:53:16.022-0500][gc             ] GC(16551) Pause Young (Normal) (G1 Evacuation Pause) 51M->42M(63M) 6.646ms
[2020-12-21T06:53:16.022-0500][gc,cpu         ] GC(16551) User=0.02s Sys=0.00s Real=0.01s
[2020-12-21T06:54:46.120-0500][gc,heap        ] GC(16552) Heap before GC invocations=16552 (full 3340): garbage-first heap   total 64512K, used 51478K [0x0000000083000000, 0x0000000100000000)
[2020-12-21T06:54:46.120-0500][gc,heap        ] GC(16552)   region size 1024K, 9 young (9216K), 1 survivors (1024K)
[2020-12-21T06:54:46.120-0500][gc,heap        ] GC(16552)  Metaspace       used 49946K, capacity 52104K, committed 53632K, reserved 1093632K
[2020-12-21T06:54:46.120-0500][gc,heap        ] GC(16552)   class space    used 7422K, capacity 8193K, committed 8832K, reserved 1048576K
[2020-12-21T06:54:46.120-0500][gc,start       ] GC(16552) Pause Young (Normal) (G1 Evacuation Pause)
[2020-12-21T06:54:46.120-0500][gc,task        ] GC(16552) Using 8 workers of 8 for evacuation
[2020-12-21T06:54:46.125-0500][gc,phases      ] GC(16552)   Pre Evacuate Collection Set: 0.0ms
[2020-12-21T06:54:46.125-0500][gc,phases      ] GC(16552)   Evacuate Collection Set: 1.6ms
[2020-12-21T06:54:46.125-0500][gc,phases      ] GC(16552)   Post Evacuate Collection Set: 3.0ms
[2020-12-21T06:54:46.125-0500][gc,phases      ] GC(16552)   Other: 0.4ms
[2020-12-21T06:54:46.125-0500][gc,heap        ] GC(16552) Eden regions: 8->0(8)
[2020-12-21T06:54:46.125-0500][gc,heap        ] GC(16552) Survivor regions: 1->1(2)
[2020-12-21T06:54:46.125-0500][gc,heap        ] GC(16552) Old regions: 42->42
[2020-12-21T06:54:46.125-0500][gc,heap        ] GC(16552) Humongous regions: 4->4
[2020-12-21T06:54:46.125-0500][gc,metaspace   ] GC(16552) Metaspace: 49946K->49946K(1093632K)
[2020-12-21T06:54:46.125-0500][gc,heap        ] GC(16552) Heap after GC invocations=16553 (full 3340): garbage-first heap   total 64512K, used 43446K [0x0000000083000000, 0x0000000100000000)
[2020-12-21T06:54:46.125-0500][gc,heap        ] GC(16552)   region size 1024K, 1 young (1024K), 1 survivors (1024K)
[2020-12-21T06:54:46.125-0500][gc,heap        ] GC(16552)  Metaspace       used 49946K, capacity 52104K, committed 53632K, reserved 1093632K
[2020-12-21T06:54:46.125-0500][gc,heap        ] GC(16552)   class space    used 7422K, capacity 8193K, committed 8832K, reserved 1048576K
[2020-12-21T06:54:46.125-0500][gc             ] GC(16552) Pause Young (Normal) (G1 Evacuation Pause) 50M->42M(63M) 5.343ms
[2020-12-21T06:54:46.125-0500][gc,cpu         ] GC(16552) User=0.01s Sys=0.00s Real=0.00s
[2020-12-21T06:56:16.421-0500][gc,heap        ] GC(16553) Heap before GC invocations=16553 (full 3340): garbage-first heap   total 64512K, used 51638K [0x0000000083000000, 0x0000000100000000)
[2020-12-21T06:56:16.421-0500][gc,heap        ] GC(16553)   region size 1024K, 9 young (9216K), 1 survivors (1024K)
[2020-12-21T06:56:16.421-0500][gc,heap        ] GC(16553)  Metaspace       used 49946K, capacity 52104K, committed 53632K, reserved 1093632K
[2020-12-21T06:56:16.421-0500][gc,heap        ] GC(16553)   class space    used 7422K, capacity 8193K, committed 8832K, reserved 1048576K
[2020-12-21T06:56:16.421-0500][gc,start       ] GC(16553) Pause Young (Normal) (G1 Evacuation Pause)
[2020-12-21T06:56:16.421-0500][gc,task        ] GC(16553) Using 8 workers of 8 for evacuation
[2020-12-21T06:56:16.422-0500][gc,phases      ] GC(16553)   Pre Evacuate Collection Set: 0.0ms
[2020-12-21T06:56:16.422-0500][gc,phases      ] GC(16553)   Evacuate Collection Set: 0.7ms
[2020-12-21T06:56:16.422-0500][gc,phases      ] GC(16553)   Post Evacuate Collection Set: 0.9ms
[2020-12-21T06:56:16.422-0500][gc,phases      ] GC(16553)   Other: 0.2ms
[2020-12-21T06:56:16.422-0500][gc,heap        ] GC(16553) Eden regions: 8->0(8)
[2020-12-21T06:56:16.422-0500][gc,heap        ] GC(16553) Survivor regions: 1->1(2)
[2020-12-21T06:56:16.422-0500][gc,heap        ] GC(16553) Old regions: 42->42
[2020-12-21T06:56:16.422-0500][gc,heap        ] GC(16553) Humongous regions: 4->4
[2020-12-21T06:56:16.422-0500][gc,metaspace   ] GC(16553) Metaspace: 49946K->49946K(1093632K)
[2020-12-21T06:56:16.422-0500][gc,heap        ] GC(16553) Heap after GC invocations=16554 (full 3340): garbage-first heap   total 64512K, used 43403K [0x0000000083000000, 0x0000000100000000)
[2020-12-21T06:56:16.422-0500][gc,heap        ] GC(16553)   region size 1024K, 1 young (1024K), 1 survivors (1024K)
[2020-12-21T06:56:16.422-0500][gc,heap        ] GC(16553)  Metaspace       used 49946K, capacity 52104K, committed 53632K, reserved 1093632K
[2020-12-21T06:56:16.422-0500][gc,heap        ] GC(16553)   class space    used 7422K, capacity 8193K, committed 8832K, reserved 1048576K
[2020-12-21T06:56:16.422-0500][gc             ] GC(16553) Pause Young (Normal) (G1 Evacuation Pause) 50M->42M(63M) 1.825ms
[2020-12-21T06:56:16.422-0500][gc,cpu         ] GC(16553) User=0.00s Sys=0.01s Real=0.00s
[2020-12-21T06:56:45.190-0500][gc,task        ] GC(16554) Using 5 workers of 8 for full compaction
[2020-12-21T06:56:45.190-0500][gc,start       ] GC(16554) Pause Full (System.gc())
[2020-12-21T06:56:45.190-0500][gc,heap        ] GC(16554) Heap before GC invocations=16554 (full 3340): garbage-first heap   total 64512K, used 43403K [0x0000000083000000, 0x0000000100000000)
[2020-12-21T06:56:45.190-0500][gc,heap        ] GC(16554)   region size 1024K, 3 young (3072K), 1 survivors (1024K)
[2020-12-21T06:56:45.190-0500][gc,heap        ] GC(16554)  Metaspace       used 49946K, capacity 52104K, committed 53632K, reserved 1093632K
[2020-12-21T06:56:45.190-0500][gc,heap        ] GC(16554)   class space    used 7422K, capacity 8193K, committed 8832K, reserved 1048576K
[2020-12-21T06:56:45.191-0500][gc,phases,start] GC(16554) Phase 1: Mark live objects
[2020-12-21T06:56:45.229-0500][gc,stringtable ] GC(16554) Cleaned string and symbol table, strings: 33106 processed, 4 removed, symbols: 120816 processed, 0 removed
[2020-12-21T06:56:45.229-0500][gc,phases      ] GC(16554) Phase 1: Mark live objects 38.114ms
[2020-12-21T06:56:45.229-0500][gc,phases,start] GC(16554) Phase 2: Prepare for compaction
[2020-12-21T06:56:45.234-0500][gc,phases      ] GC(16554) Phase 2: Prepare for compaction 5.610ms
[2020-12-21T06:56:45.235-0500][gc,phases,start] GC(16554) Phase 3: Adjust pointers
[2020-12-21T06:56:45.247-0500][gc,phases      ] GC(16554) Phase 3: Adjust pointers 12.731ms
[2020-12-21T06:56:45.247-0500][gc,phases,start] GC(16554) Phase 4: Compact heap
[2020-12-21T06:56:45.250-0500][gc,phases      ] GC(16554) Phase 4: Compact heap 2.895ms
[2020-12-21T06:56:45.256-0500][gc,heap        ] GC(16554) Eden regions: 2->0(10)
[2020-12-21T06:56:45.256-0500][gc,heap        ] GC(16554) Survivor regions: 1->0(2)
[2020-12-21T06:56:45.256-0500][gc,heap        ] GC(16554) Old regions: 42->41
[2020-12-21T06:56:45.256-0500][gc,heap        ] GC(16554) Humongous regions: 4->4
[2020-12-21T06:56:45.256-0500][gc,metaspace   ] GC(16554) Metaspace: 49946K->49946K(1093632K)
[2020-12-21T06:56:45.256-0500][gc,heap        ] GC(16554) Heap after GC invocations=16555 (full 3341): garbage-first heap   total 64512K, used 43200K [0x0000000083000000, 0x0000000100000000)
[2020-12-21T06:56:45.256-0500][gc,heap        ] GC(16554)   region size 1024K, 0 young (0K), 0 survivors (0K)
[2020-12-21T06:56:45.256-0500][gc,heap        ] GC(16554)  Metaspace       used 49946K, capacity 52104K, committed 53632K, reserved 1093632K
[2020-12-21T06:56:45.256-0500][gc,heap        ] GC(16554)   class space    used 7422K, capacity 8193K, committed 8832K, reserved 1048576K
[2020-12-21T06:56:45.256-0500][gc             ] GC(16554) Pause Full (System.gc()) 44M->42M(63M) 66.123ms
[2020-12-21T06:56:45.256-0500][gc,cpu         ] GC(16554) User=0.28s Sys=0.00s Real=0.06s
[2020-12-21T06:58:36.013-0500][gc,heap        ] GC(16555) Heap before GC invocations=16555 (full 3341): garbage-first heap   total 64512K, used 53440K [0x0000000083000000, 0x0000000100000000)
[2020-12-21T06:58:36.013-0500][gc,heap        ] GC(16555)   region size 1024K, 10 young (10240K), 0 survivors (0K)
[2020-12-21T06:58:36.014-0500][gc,heap        ] GC(16555)  Metaspace       used 49946K, capacity 52104K, committed 53632K, reserved 1093632K
[2020-12-21T06:58:36.014-0500][gc,heap        ] GC(16555)   class space    used 7422K, capacity 8193K, committed 8832K, reserved 1048576K
[2020-12-21T06:58:36.014-0500][gc,start       ] GC(16555) Pause Young (Normal) (G1 Evacuation Pause)
[2020-12-21T06:58:36.014-0500][gc,task        ] GC(16555) Using 8 workers of 8 for evacuation
[2020-12-21T06:58:36.018-0500][gc,phases      ] GC(16555)   Pre Evacuate Collection Set: 0.0ms
[2020-12-21T06:58:36.018-0500][gc,phases      ] GC(16555)   Evacuate Collection Set: 1.8ms
[2020-12-21T06:58:36.018-0500][gc,phases      ] GC(16555)   Post Evacuate Collection Set: 2.7ms
[2020-12-21T06:58:36.018-0500][gc,phases      ] GC(16555)   Other: 0.5ms
[2020-12-21T06:58:36.018-0500][gc,heap        ] GC(16555) Eden regions: 10->0(9)
[2020-12-21T06:58:36.018-0500][gc,heap        ] GC(16555) Survivor regions: 0->1(2)
[2020-12-21T06:58:36.018-0500][gc,heap        ] GC(16555) Old regions: 41->41
[2020-12-21T06:58:36.018-0500][gc,heap        ] GC(16555) Humongous regions: 4->4
[2020-12-21T06:58:36.019-0500][gc,metaspace   ] GC(16555) Metaspace: 49946K->49946K(1093632K)
[2020-12-21T06:58:36.019-0500][gc,heap        ] GC(16555) Heap after GC invocations=16556 (full 3341): garbage-first heap   total 64512K, used 43279K [0x0000000083000000, 0x0000000100000000)
[2020-12-21T06:58:36.019-0500][gc,heap        ] GC(16555)   region size 1024K, 1 young (1024K), 1 survivors (1024K)
[2020-12-21T06:58:36.019-0500][gc,heap        ] GC(16555)  Metaspace       used 49946K, capacity 52104K, committed 53632K, reserved 1093632K
[2020-12-21T06:58:36.019-0500][gc,heap        ] GC(16555)   class space    used 7422K, capacity 8193K, committed 8832K, reserved 1048576K
[2020-12-21T06:58:36.019-0500][gc             ] GC(16555) Pause Young (Normal) (G1 Evacuation Pause) 52M->42M(63M) 5.050ms
[2020-12-21T06:58:36.019-0500][gc,cpu         ] GC(16555) User=0.01s Sys=0.01s Real=0.01s
[2020-12-21T07:00:17.221-0500][gc,heap        ] GC(16556) Heap before GC invocations=16556 (full 3341): garbage-first heap   total 64512K, used 51471K [0x0000000083000000, 0x0000000100000000)
[2020-12-21T07:00:17.221-0500][gc,heap        ] GC(16556)   region size 1024K, 10 young (10240K), 1 survivors (1024K)
[2020-12-21T07:00:17.221-0500][gc,heap        ] GC(16556)  Metaspace       used 49946K, capacity 52104K, committed 53632K, reserved 1093632K
[2020-12-21T07:00:17.221-0500][gc,heap        ] GC(16556)   class space    used 7422K, capacity 8193K, committed 8832K, reserved 1048576K
[2020-12-21T07:00:17.221-0500][gc,start       ] GC(16556) Pause Young (Normal) (G1 Evacuation Pause)
[2020-12-21T07:00:17.221-0500][gc,task        ] GC(16556) Using 8 workers of 8 for evacuation
[2020-12-21T07:00:17.223-0500][gc,phases      ] GC(16556)   Pre Evacuate Collection Set: 0.0ms
[2020-12-21T07:00:17.223-0500][gc,phases      ] GC(16556)   Evacuate Collection Set: 0.8ms
[2020-12-21T07:00:17.223-0500][gc,phases      ] GC(16556)   Post Evacuate Collection Set: 1.1ms
[2020-12-21T07:00:17.223-0500][gc,phases      ] GC(16556)   Other: 0.3ms
[2020-12-21T07:00:17.223-0500][gc,heap        ] GC(16556) Eden regions: 9->0(9)
[2020-12-21T07:00:17.223-0500][gc,heap        ] GC(16556) Survivor regions: 1->1(2)
[2020-12-21T07:00:17.223-0500][gc,heap        ] GC(16556) Old regions: 41->41
[2020-12-21T07:00:17.223-0500][gc,heap        ] GC(16556) Humongous regions: 4->4
[2020-12-21T07:00:17.223-0500][gc,metaspace   ] GC(16556) Metaspace: 49946K->49946K(1093632K)
[2020-12-21T07:00:17.223-0500][gc,heap        ] GC(16556) Heap after GC invocations=16557 (full 3341): garbage-first heap   total 64512K, used 43303K [0x0000000083000000, 0x0000000100000000)
[2020-12-21T07:00:17.223-0500][gc,heap        ] GC(16556)   region size 1024K, 1 young (1024K), 1 survivors (1024K)
[2020-12-21T07:00:17.223-0500][gc,heap        ] GC(16556)  Metaspace       used 49946K, capacity 52104K, committed 53632K, reserved 1093632K
[2020-12-21T07:00:17.223-0500][gc,heap        ] GC(16556)   class space    used 7422K, capacity 8193K, committed 8832K, reserved 1048576K
[2020-12-21T07:00:17.223-0500][gc             ] GC(16556) Pause Young (Normal) (G1 Evacuation Pause) 51M->42M(63M) 2.255ms
[2020-12-21T07:00:17.223-0500][gc,cpu         ] GC(16556) User=0.00s Sys=0.00s Real=0.00s
[2020-12-21T07:01:45.190-0500][gc,task        ] GC(16557) Using 5 workers of 8 for full compaction
[2020-12-21T07:01:45.190-0500][gc,start       ] GC(16557) Pause Full (System.gc())
[2020-12-21T07:01:45.190-0500][gc,heap        ] GC(16557) Heap before GC invocations=16557 (full 3341): garbage-first heap   total 64512K, used 49447K [0x0000000083000000, 0x0000000100000000)
[2020-12-21T07:01:45.190-0500][gc,heap        ] GC(16557)   region size 1024K, 9 young (9216K), 1 survivors (1024K)
[2020-12-21T07:01:45.190-0500][gc,heap        ] GC(16557)  Metaspace       used 49946K, capacity 52104K, committed 53632K, reserved 1093632K
[2020-12-21T07:01:45.190-0500][gc,heap        ] GC(16557)   class space    used 7422K, capacity 8193K, committed 8832K, reserved 1048576K
[2020-12-21T07:01:45.190-0500][gc,phases,start] GC(16557) Phase 1: Mark live objects
[2020-12-21T07:01:45.229-0500][gc,stringtable ] GC(16557) Cleaned string and symbol table, strings: 33106 processed, 4 removed, symbols: 120816 processed, 0 removed
[2020-12-21T07:01:45.229-0500][gc,phases      ] GC(16557) Phase 1: Mark live objects 38.676ms
[2020-12-21T07:01:45.229-0500][gc,phases,start] GC(16557) Phase 2: Prepare for compaction
[2020-12-21T07:01:45.234-0500][gc,phases      ] GC(16557) Phase 2: Prepare for compaction 5.187ms
[2020-12-21T07:01:45.234-0500][gc,phases,start] GC(16557) Phase 3: Adjust pointers
[2020-12-21T07:01:45.248-0500][gc,phases      ] GC(16557) Phase 3: Adjust pointers 13.267ms
[2020-12-21T07:01:45.248-0500][gc,phases,start] GC(16557) Phase 4: Compact heap
[2020-12-21T07:01:45.251-0500][gc,phases      ] GC(16557) Phase 4: Compact heap 3.205ms
[2020-12-21T07:01:45.257-0500][gc,heap        ] GC(16557) Eden regions: 8->0(10)
[2020-12-21T07:01:45.257-0500][gc,heap        ] GC(16557) Survivor regions: 1->0(2)
[2020-12-21T07:01:45.257-0500][gc,heap        ] GC(16557) Old regions: 41->41
[2020-12-21T07:01:45.257-0500][gc,heap        ] GC(16557) Humongous regions: 4->4
[2020-12-21T07:01:45.257-0500][gc,metaspace   ] GC(16557) Metaspace: 49946K->49946K(1093632K)
[2020-12-21T07:01:45.257-0500][gc,heap        ] GC(16557) Heap after GC invocations=16558 (full 3342): garbage-first heap   total 64512K, used 43214K [0x0000000083000000, 0x0000000100000000)
[2020-12-21T07:01:45.257-0500][gc,heap        ] GC(16557)   region size 1024K, 0 young (0K), 0 survivors (0K)
[2020-12-21T07:01:45.257-0500][gc,heap        ] GC(16557)  Metaspace       used 49946K, capacity 52104K, committed 53632K, reserved 1093632K
[2020-12-21T07:01:45.257-0500][gc,heap        ] GC(16557)   class space    used 7422K, capacity 8193K, committed 8832K, reserved 1048576K
[2020-12-21T07:01:45.257-0500][gc             ] GC(16557) Pause Full (System.gc()) 49M->42M(63M) 67.024ms
[2020-12-21T07:01:45.257-0500][gc,cpu         ] GC(16557) User=0.29s Sys=0.00s Real=0.06s
[2020-12-21T07:03:36.015-0500][gc,heap        ] GC(16558) Heap before GC invocations=16558 (full 3342): garbage-first heap   total 64512K, used 52430K [0x0000000083000000, 0x0000000100000000)
[2020-12-21T07:03:36.015-0500][gc,heap        ] GC(16558)   region size 1024K, 10 young (10240K), 0 survivors (0K)
[2020-12-21T07:03:36.015-0500][gc,heap        ] GC(16558)  Metaspace       used 49946K, capacity 52104K, committed 53632K, reserved 1093632K
[2020-12-21T07:03:36.015-0500][gc,heap        ] GC(16558)   class space    used 7422K, capacity 8193K, committed 8832K, reserved 1048576K
[2020-12-21T07:03:36.015-0500][gc,start       ] GC(16558) Pause Young (Normal) (G1 Evacuation Pause)
[2020-12-21T07:03:36.015-0500][gc,task        ] GC(16558) Using 8 workers of 8 for evacuation
[2020-12-21T07:03:36.021-0500][gc,phases      ] GC(16558)   Pre Evacuate Collection Set: 0.0ms
[2020-12-21T07:03:36.021-0500][gc,phases      ] GC(16558)   Evacuate Collection Set: 2.6ms
[2020-12-21T07:03:36.021-0500][gc,phases      ] GC(16558)   Post Evacuate Collection Set: 3.6ms
[2020-12-21T07:03:36.022-0500][gc,phases      ] GC(16558)   Other: 0.2ms
[2020-12-21T07:03:36.022-0500][gc,heap        ] GC(16558) Eden regions: 10->0(9)
[2020-12-21T07:03:36.022-0500][gc,heap        ] GC(16558) Survivor regions: 0->1(2)
[2020-12-21T07:03:36.022-0500][gc,heap        ] GC(16558) Old regions: 41->41
[2020-12-21T07:03:36.022-0500][gc,heap        ] GC(16558) Humongous regions: 4->4
[2020-12-21T07:03:36.022-0500][gc,metaspace   ] GC(16558) Metaspace: 49946K->49946K(1093632K)
[2020-12-21T07:03:36.022-0500][gc,heap        ] GC(16558) Heap after GC invocations=16559 (full 3342): garbage-first heap   total 64512K, used 43268K [0x0000000083000000, 0x0000000100000000)
[2020-12-21T07:03:36.022-0500][gc,heap        ] GC(16558)   region size 1024K, 1 young (1024K), 1 survivors (1024K)
[2020-12-21T07:03:36.022-0500][gc,heap        ] GC(16558)  Metaspace       used 49946K, capacity 52104K, committed 53632K, reserved 1093632K
[2020-12-21T07:03:36.022-0500][gc,heap        ] GC(16558)   class space    used 7422K, capacity 8193K, committed 8832K, reserved 1048576K
[2020-12-21T07:03:36.022-0500][gc             ] GC(16558) Pause Young (Normal) (G1 Evacuation Pause) 52M->42M(63M) 6.581ms
[2020-12-21T07:03:36.022-0500][gc,cpu         ] GC(16558) User=0.04s Sys=0.00s Real=0.01s
[2020-12-21T07:05:18.089-0500][gc,heap        ] GC(16559) Heap before GC invocations=16559 (full 3342): garbage-first heap   total 64512K, used 51460K [0x0000000083000000, 0x0000000100000000)
[2020-12-21T07:05:18.089-0500][gc,heap        ] GC(16559)   region size 1024K, 10 young (10240K), 1 survivors (1024K)
[2020-12-21T07:05:18.089-0500][gc,heap        ] GC(16559)  Metaspace       used 49946K, capacity 52104K, committed 53632K, reserved 1093632K
[2020-12-21T07:05:18.089-0500][gc,heap        ] GC(16559)   class space    used 7422K, capacity 8193K, committed 8832K, reserved 1048576K
[2020-12-21T07:05:18.089-0500][gc,start       ] GC(16559) Pause Young (Normal) (G1 Evacuation Pause)
[2020-12-21T07:05:18.089-0500][gc,task        ] GC(16559) Using 8 workers of 8 for evacuation
[2020-12-21T07:05:18.091-0500][gc,phases      ] GC(16559)   Pre Evacuate Collection Set: 0.0ms
[2020-12-21T07:05:18.091-0500][gc,phases      ] GC(16559)   Evacuate Collection Set: 0.7ms
[2020-12-21T07:05:18.091-0500][gc,phases      ] GC(16559)   Post Evacuate Collection Set: 1.0ms
[2020-12-21T07:05:18.091-0500][gc,phases      ] GC(16559)   Other: 0.2ms
[2020-12-21T07:05:18.091-0500][gc,heap        ] GC(16559) Eden regions: 9->0(9)
[2020-12-21T07:05:18.091-0500][gc,heap        ] GC(16559) Survivor regions: 1->1(2)
[2020-12-21T07:05:18.091-0500][gc,heap        ] GC(16559) Old regions: 41->41
[2020-12-21T07:05:18.091-0500][gc,heap        ] GC(16559) Humongous regions: 4->4
[2020-12-21T07:05:18.091-0500][gc,metaspace   ] GC(16559) Metaspace: 49946K->49946K(1093632K)
[2020-12-21T07:05:18.091-0500][gc,heap        ] GC(16559) Heap after GC invocations=16560 (full 3342): garbage-first heap   total 64512K, used 43301K [0x0000000083000000, 0x0000000100000000)
[2020-12-21T07:05:18.091-0500][gc,heap        ] GC(16559)   region size 1024K, 1 young (1024K), 1 survivors (1024K)
[2020-12-21T07:05:18.091-0500][gc,heap        ] GC(16559)  Metaspace       used 49946K, capacity 52104K, committed 53632K, reserved 1093632K
[2020-12-21T07:05:18.091-0500][gc,heap        ] GC(16559)   class space    used 7422K, capacity 8193K, committed 8832K, reserved 1048576K
[2020-12-21T07:05:18.091-0500][gc             ] GC(16559) Pause Young (Normal) (G1 Evacuation Pause) 51M->42M(63M) 2.008ms
[2020-12-21T07:05:18.092-0500][gc,cpu         ] GC(16559) User=0.00s Sys=0.01s Real=0.00s
[2020-12-21T07:06:45.191-0500][gc,task        ] GC(16560) Using 5 workers of 8 for full compaction
[2020-12-21T07:06:45.192-0500][gc,start       ] GC(16560) Pause Full (System.gc())
[2020-12-21T07:06:45.192-0500][gc,heap        ] GC(16560) Heap before GC invocations=16560 (full 3342): garbage-first heap   total 64512K, used 49445K [0x0000000083000000, 0x0000000100000000)
[2020-12-21T07:06:45.192-0500][gc,heap        ] GC(16560)   region size 1024K, 9 young (9216K), 1 survivors (1024K)
[2020-12-21T07:06:45.192-0500][gc,heap        ] GC(16560)  Metaspace       used 49946K, capacity 52104K, committed 53632K, reserved 1093632K
[2020-12-21T07:06:45.192-0500][gc,heap        ] GC(16560)   class space    used 7422K, capacity 8193K, committed 8832K, reserved 1048576K
[2020-12-21T07:06:45.192-0500][gc,phases,start] GC(16560) Phase 1: Mark live objects
[2020-12-21T07:06:45.212-0500][gc,stringtable ] GC(16560) Cleaned string and symbol table, strings: 33106 processed, 4 removed, symbols: 120816 processed, 0 removed
[2020-12-21T07:06:45.212-0500][gc,phases      ] GC(16560) Phase 1: Mark live objects 20.223ms
[2020-12-21T07:06:45.212-0500][gc,phases,start] GC(16560) Phase 2: Prepare for compaction
[2020-12-21T07:06:45.216-0500][gc,phases      ] GC(16560) Phase 2: Prepare for compaction 3.734ms
[2020-12-21T07:06:45.216-0500][gc,phases,start] GC(16560) Phase 3: Adjust pointers
[2020-12-21T07:06:45.228-0500][gc,phases      ] GC(16560) Phase 3: Adjust pointers 11.749ms
[2020-12-21T07:06:45.228-0500][gc,phases,start] GC(16560) Phase 4: Compact heap
[2020-12-21T07:06:45.231-0500][gc,phases      ] GC(16560) Phase 4: Compact heap 2.827ms
[2020-12-21T07:06:45.237-0500][gc,heap        ] GC(16560) Eden regions: 8->0(8)
[2020-12-21T07:06:45.237-0500][gc,heap        ] GC(16560) Survivor regions: 1->0(2)
[2020-12-21T07:06:45.237-0500][gc,heap        ] GC(16560) Old regions: 41->43
[2020-12-21T07:06:45.237-0500][gc,heap        ] GC(16560) Humongous regions: 4->4
[2020-12-21T07:06:45.237-0500][gc,metaspace   ] GC(16560) Metaspace: 49946K->49946K(1093632K)
[2020-12-21T07:06:45.237-0500][gc,heap        ] GC(16560) Heap after GC invocations=16561 (full 3343): garbage-first heap   total 64512K, used 43219K [0x0000000083000000, 0x0000000100000000)
[2020-12-21T07:06:45.237-0500][gc,heap        ] GC(16560)   region size 1024K, 0 young (0K), 0 survivors (0K)
[2020-12-21T07:06:45.237-0500][gc,heap        ] GC(16560)  Metaspace       used 49946K, capacity 52104K, committed 53632K, reserved 1093632K
[2020-12-21T07:06:45.237-0500][gc,heap        ] GC(16560)   class space    used 7422K, capacity 8193K, committed 8832K, reserved 1048576K
[2020-12-21T07:06:45.237-0500][gc             ] GC(16560) Pause Full (System.gc()) 49M->42M(63M) 45.261ms
[2020-12-21T07:06:45.237-0500][gc,cpu         ] GC(16560) User=0.18s Sys=0.00s Real=0.04s
[2020-12-21T07:08:06.021-0500][gc,heap        ] GC(16561) Heap before GC invocations=16561 (full 3343): garbage-first heap   total 64512K, used 51411K [0x0000000083000000, 0x0000000100000000)
[2020-12-21T07:08:06.021-0500][gc,heap        ] GC(16561)   region size 1024K, 8 young (8192K), 0 survivors (0K)
[2020-12-21T07:08:06.021-0500][gc,heap        ] GC(16561)  Metaspace       used 49946K, capacity 52104K, committed 53632K, reserved 1093632K
[2020-12-21T07:08:06.021-0500][gc,heap        ] GC(16561)   class space    used 7422K, capacity 8193K, committed 8832K, reserved 1048576K
[2020-12-21T07:08:06.021-0500][gc,start       ] GC(16561) Pause Young (Normal) (G1 Evacuation Pause)
[2020-12-21T07:08:06.021-0500][gc,task        ] GC(16561) Using 8 workers of 8 for evacuation
[2020-12-21T07:08:06.074-0500][gc,phases      ] GC(16561)   Pre Evacuate Collection Set: 0.0ms
[2020-12-21T07:08:06.074-0500][gc,phases      ] GC(16561)   Evacuate Collection Set: 51.4ms
[2020-12-21T07:08:06.074-0500][gc,phases      ] GC(16561)   Post Evacuate Collection Set: 1.5ms
[2020-12-21T07:08:06.074-0500][gc,phases      ] GC(16561)   Other: 0.5ms
[2020-12-21T07:08:06.074-0500][gc,heap        ] GC(16561) Eden regions: 8->0(7)
[2020-12-21T07:08:06.074-0500][gc,heap        ] GC(16561) Survivor regions: 0->1(1)
[2020-12-21T07:08:06.074-0500][gc,heap        ] GC(16561) Old regions: 43->43
[2020-12-21T07:08:06.074-0500][gc,heap        ] GC(16561) Humongous regions: 4->4
[2020-12-21T07:08:06.074-0500][gc,metaspace   ] GC(16561) Metaspace: 49946K->49946K(1093632K)
[2020-12-21T07:08:06.074-0500][gc,heap        ] GC(16561) Heap after GC invocations=16562 (full 3343): garbage-first heap   total 64512K, used 43269K [0x0000000083000000, 0x0000000100000000)
[2020-12-21T07:08:06.074-0500][gc,heap        ] GC(16561)   region size 1024K, 1 young (1024K), 1 survivors (1024K)
[2020-12-21T07:08:06.074-0500][gc,heap        ] GC(16561)  Metaspace       used 49946K, capacity 52104K, committed 53632K, reserved 1093632K
[2020-12-21T07:08:06.074-0500][gc,heap        ] GC(16561)   class space    used 7422K, capacity 8193K, committed 8832K, reserved 1048576K
[2020-12-21T07:08:06.074-0500][gc             ] GC(16561) Pause Young (Normal) (G1 Evacuation Pause) 50M->42M(63M) 53.309ms
[2020-12-21T07:08:06.074-0500][gc,cpu         ] GC(16561) User=0.37s Sys=0.00s Real=0.05s
[2020-12-21T07:09:26.013-0500][gc,heap        ] GC(16562) Heap before GC invocations=16562 (full 3343): garbage-first heap   total 64512K, used 50437K [0x0000000083000000, 0x0000000100000000)
[2020-12-21T07:09:26.013-0500][gc,heap        ] GC(16562)   region size 1024K, 8 young (8192K), 1 survivors (1024K)
[2020-12-21T07:09:26.013-0500][gc,heap        ] GC(16562)  Metaspace       used 49946K, capacity 52104K, committed 53632K, reserved 1093632K
[2020-12-21T07:09:26.013-0500][gc,heap        ] GC(16562)   class space    used 7422K, capacity 8193K, committed 8832K, reserved 1048576K
[2020-12-21T07:09:26.013-0500][gc,start       ] GC(16562) Pause Young (Normal) (G1 Evacuation Pause)
[2020-12-21T07:09:26.013-0500][gc,task        ] GC(16562) Using 8 workers of 8 for evacuation
[2020-12-21T07:09:26.022-0500][gc,phases      ] GC(16562)   Pre Evacuate Collection Set: 0.0ms
[2020-12-21T07:09:26.022-0500][gc,phases      ] GC(16562)   Evacuate Collection Set: 8.2ms
[2020-12-21T07:09:26.022-0500][gc,phases      ] GC(16562)   Post Evacuate Collection Set: 0.8ms
[2020-12-21T07:09:26.022-0500][gc,phases      ] GC(16562)   Other: 0.3ms
[2020-12-21T07:09:26.022-0500][gc,heap        ] GC(16562) Eden regions: 7->0(7)
[2020-12-21T07:09:26.022-0500][gc,heap        ] GC(16562) Survivor regions: 1->1(1)
[2020-12-21T07:09:26.022-0500][gc,heap        ] GC(16562) Old regions: 43->43
[2020-12-21T07:09:26.022-0500][gc,heap        ] GC(16562) Humongous regions: 4->4
[2020-12-21T07:09:26.022-0500][gc,metaspace   ] GC(16562) Metaspace: 49946K->49946K(1093632K)
[2020-12-21T07:09:26.022-0500][gc,heap        ] GC(16562) Heap after GC invocations=16563 (full 3343): garbage-first heap   total 64512K, used 43287K [0x0000000083000000, 0x0000000100000000)
[2020-12-21T07:09:26.022-0500][gc,heap        ] GC(16562)   region size 1024K, 1 young (1024K), 1 survivors (1024K)
[2020-12-21T07:09:26.022-0500][gc,heap        ] GC(16562)  Metaspace       used 49946K, capacity 52104K, committed 53632K, reserved 1093632K
[2020-12-21T07:09:26.022-0500][gc,heap        ] GC(16562)   class space    used 7422K, capacity 8193K, committed 8832K, reserved 1048576K
[2020-12-21T07:09:26.022-0500][gc             ] GC(16562) Pause Young (Normal) (G1 Evacuation Pause) 49M->42M(63M) 9.468ms
[2020-12-21T07:09:26.022-0500][gc,cpu         ] GC(16562) User=0.05s Sys=0.00s Real=0.01s
[2020-12-21T07:10:46.014-0500][gc,heap        ] GC(16563) Heap before GC invocations=16563 (full 3343): garbage-first heap   total 64512K, used 49431K [0x0000000083000000, 0x0000000100000000)
[2020-12-21T07:10:46.014-0500][gc,heap        ] GC(16563)   region size 1024K, 8 young (8192K), 1 survivors (1024K)
[2020-12-21T07:10:46.014-0500][gc,heap        ] GC(16563)  Metaspace       used 49946K, capacity 52104K, committed 53632K, reserved 1093632K
[2020-12-21T07:10:46.014-0500][gc,heap        ] GC(16563)   class space    used 7422K, capacity 8193K, committed 8832K, reserved 1048576K
[2020-12-21T07:10:46.014-0500][gc,start       ] GC(16563) Pause Young (Normal) (G1 Evacuation Pause)
[2020-12-21T07:10:46.014-0500][gc,task        ] GC(16563) Using 8 workers of 8 for evacuation
[2020-12-21T07:10:46.018-0500][gc,phases      ] GC(16563)   Pre Evacuate Collection Set: 0.0ms
[2020-12-21T07:10:46.018-0500][gc,phases      ] GC(16563)   Evacuate Collection Set: 2.8ms
[2020-12-21T07:10:46.018-0500][gc,phases      ] GC(16563)   Post Evacuate Collection Set: 1.3ms
[2020-12-21T07:10:46.018-0500][gc,phases      ] GC(16563)   Other: 0.3ms
[2020-12-21T07:10:46.018-0500][gc,heap        ] GC(16563) Eden regions: 7->0(7)
[2020-12-21T07:10:46.018-0500][gc,heap        ] GC(16563) Survivor regions: 1->1(1)
[2020-12-21T07:10:46.018-0500][gc,heap        ] GC(16563) Old regions: 43->43
[2020-12-21T07:10:46.018-0500][gc,heap        ] GC(16563) Humongous regions: 4->4
[2020-12-21T07:10:46.018-0500][gc,metaspace   ] GC(16563) Metaspace: 49946K->49946K(1093632K)
[2020-12-21T07:10:46.018-0500][gc,heap        ] GC(16563) Heap after GC invocations=16564 (full 3343): garbage-first heap   total 64512K, used 43275K [0x0000000083000000, 0x0000000100000000)
[2020-12-21T07:10:46.018-0500][gc,heap        ] GC(16563)   region size 1024K, 1 young (1024K), 1 survivors (1024K)
[2020-12-21T07:10:46.018-0500][gc,heap        ] GC(16563)  Metaspace       used 49946K, capacity 52104K, committed 53632K, reserved 1093632K
[2020-12-21T07:10:46.018-0500][gc,heap        ] GC(16563)   class space    used 7422K, capacity 8193K, committed 8832K, reserved 1048576K
[2020-12-21T07:10:46.018-0500][gc             ] GC(16563) Pause Young (Normal) (G1 Evacuation Pause) 49M->42M(63M) 4.465ms
[2020-12-21T07:10:46.018-0500][gc,cpu         ] GC(16563) User=0.02s Sys=0.00s Real=0.01s
[2020-12-21T07:11:45.190-0500][gc,task        ] GC(16564) Using 5 workers of 8 for full compaction
[2020-12-21T07:11:45.190-0500][gc,start       ] GC(16564) Pause Full (System.gc())
[2020-12-21T07:11:45.190-0500][gc,heap        ] GC(16564) Heap before GC invocations=16564 (full 3343): garbage-first heap   total 64512K, used 46347K [0x0000000083000000, 0x0000000100000000)
[2020-12-21T07:11:45.191-0500][gc,heap        ] GC(16564)   region size 1024K, 6 young (6144K), 1 survivors (1024K)
[2020-12-21T07:11:45.191-0500][gc,heap        ] GC(16564)  Metaspace       used 49946K, capacity 52104K, committed 53632K, reserved 1093632K
[2020-12-21T07:11:45.191-0500][gc,heap        ] GC(16564)   class space    used 7422K, capacity 8193K, committed 8832K, reserved 1048576K
[2020-12-21T07:11:45.191-0500][gc,phases,start] GC(16564) Phase 1: Mark live objects
[2020-12-21T07:11:45.227-0500][gc,stringtable ] GC(16564) Cleaned string and symbol table, strings: 33106 processed, 4 removed, symbols: 120816 processed, 0 removed
[2020-12-21T07:11:45.227-0500][gc,phases      ] GC(16564) Phase 1: Mark live objects 36.322ms
[2020-12-21T07:11:45.228-0500][gc,phases,start] GC(16564) Phase 2: Prepare for compaction
[2020-12-21T07:11:45.231-0500][gc,phases      ] GC(16564) Phase 2: Prepare for compaction 3.442ms
[2020-12-21T07:11:45.231-0500][gc,phases,start] GC(16564) Phase 3: Adjust pointers
[2020-12-21T07:11:45.242-0500][gc,phases      ] GC(16564) Phase 3: Adjust pointers 10.617ms
[2020-12-21T07:11:45.242-0500][gc,phases,start] GC(16564) Phase 4: Compact heap
[2020-12-21T07:11:45.245-0500][gc,phases      ] GC(16564) Phase 4: Compact heap 3.318ms
[2020-12-21T07:11:45.251-0500][gc,heap        ] GC(16564) Eden regions: 5->0(9)
[2020-12-21T07:11:45.251-0500][gc,heap        ] GC(16564) Survivor regions: 1->0(1)
[2020-12-21T07:11:45.251-0500][gc,heap        ] GC(16564) Old regions: 43->42
[2020-12-21T07:11:45.251-0500][gc,heap        ] GC(16564) Humongous regions: 4->4
[2020-12-21T07:11:45.251-0500][gc,metaspace   ] GC(16564) Metaspace: 49946K->49946K(1093632K)
[2020-12-21T07:11:45.251-0500][gc,heap        ] GC(16564) Heap after GC invocations=16565 (full 3344): garbage-first heap   total 64512K, used 43215K [0x0000000083000000, 0x0000000100000000)
[2020-12-21T07:11:45.251-0500][gc,heap        ] GC(16564)   region size 1024K, 0 young (0K), 0 survivors (0K)
[2020-12-21T07:11:45.251-0500][gc,heap        ] GC(16564)  Metaspace       used 49946K, capacity 52104K, committed 53632K, reserved 1093632K
[2020-12-21T07:11:45.251-0500][gc,heap        ] GC(16564)   class space    used 7422K, capacity 8193K, committed 8832K, reserved 1048576K
[2020-12-21T07:11:45.251-0500][gc             ] GC(16564) Pause Full (System.gc()) 47M->42M(63M) 60.931ms
[2020-12-21T07:11:45.251-0500][gc,cpu         ] GC(16564) User=0.25s Sys=0.00s Real=0.06s
[2020-12-21T07:13:19.396-0500][gc,heap        ] GC(16565) Heap before GC invocations=16565 (full 3344): garbage-first heap   total 64512K, used 51407K [0x0000000083000000, 0x0000000100000000)
[2020-12-21T07:13:19.396-0500][gc,heap        ] GC(16565)   region size 1024K, 9 young (9216K), 0 survivors (0K)
[2020-12-21T07:13:19.396-0500][gc,heap        ] GC(16565)  Metaspace       used 49946K, capacity 52104K, committed 53632K, reserved 1093632K
[2020-12-21T07:13:19.396-0500][gc,heap        ] GC(16565)   class space    used 7422K, capacity 8193K, committed 8832K, reserved 1048576K
[2020-12-21T07:13:19.396-0500][gc,start       ] GC(16565) Pause Young (Normal) (G1 Evacuation Pause)
[2020-12-21T07:13:19.396-0500][gc,task        ] GC(16565) Using 8 workers of 8 for evacuation
[2020-12-21T07:13:19.399-0500][gc,phases      ] GC(16565)   Pre Evacuate Collection Set: 0.0ms
[2020-12-21T07:13:19.399-0500][gc,phases      ] GC(16565)   Evacuate Collection Set: 1.0ms
[2020-12-21T07:13:19.399-0500][gc,phases      ] GC(16565)   Post Evacuate Collection Set: 1.1ms
[2020-12-21T07:13:19.399-0500][gc,phases      ] GC(16565)   Other: 0.2ms
[2020-12-21T07:13:19.399-0500][gc,heap        ] GC(16565) Eden regions: 9->0(8)
[2020-12-21T07:13:19.399-0500][gc,heap        ] GC(16565) Survivor regions: 0->1(2)
[2020-12-21T07:13:19.399-0500][gc,heap        ] GC(16565) Old regions: 42->42
[2020-12-21T07:13:19.399-0500][gc,heap        ] GC(16565) Humongous regions: 4->4
[2020-12-21T07:13:19.399-0500][gc,metaspace   ] GC(16565) Metaspace: 49946K->49946K(1093632K)
[2020-12-21T07:13:19.399-0500][gc,heap        ] GC(16565) Heap after GC invocations=16566 (full 3344): garbage-first heap   total 64512K, used 43410K [0x0000000083000000, 0x0000000100000000)
[2020-12-21T07:13:19.399-0500][gc,heap        ] GC(16565)   region size 1024K, 1 young (1024K), 1 survivors (1024K)
[2020-12-21T07:13:19.399-0500][gc,heap        ] GC(16565)  Metaspace       used 49946K, capacity 52104K, committed 53632K, reserved 1093632K
[2020-12-21T07:13:19.399-0500][gc,heap        ] GC(16565)   class space    used 7422K, capacity 8193K, committed 8832K, reserved 1048576K
[2020-12-21T07:13:19.399-0500][gc             ] GC(16565) Pause Young (Normal) (G1 Evacuation Pause) 51M->42M(63M) 2.349ms
[2020-12-21T07:13:19.399-0500][gc,cpu         ] GC(16565) User=0.00s Sys=0.00s Real=0.01s
[2020-12-21T07:14:56.014-0500][gc,heap        ] GC(16566) Heap before GC invocations=16566 (full 3344): garbage-first heap   total 64512K, used 50578K [0x0000000083000000, 0x0000000100000000)
[2020-12-21T07:14:56.014-0500][gc,heap        ] GC(16566)   region size 1024K, 9 young (9216K), 1 survivors (1024K)
[2020-12-21T07:14:56.014-0500][gc,heap        ] GC(16566)  Metaspace       used 49946K, capacity 52104K, committed 53632K, reserved 1093632K
[2020-12-21T07:14:56.014-0500][gc,heap        ] GC(16566)   class space    used 7422K, capacity 8193K, committed 8832K, reserved 1048576K
[2020-12-21T07:14:56.014-0500][gc,start       ] GC(16566) Pause Young (Normal) (G1 Evacuation Pause)
[2020-12-21T07:14:56.014-0500][gc,task        ] GC(16566) Using 8 workers of 8 for evacuation
[2020-12-21T07:14:56.033-0500][gc,phases      ] GC(16566)   Pre Evacuate Collection Set: 0.0ms
[2020-12-21T07:14:56.033-0500][gc,phases      ] GC(16566)   Evacuate Collection Set: 17.3ms
[2020-12-21T07:14:56.033-0500][gc,phases      ] GC(16566)   Post Evacuate Collection Set: 1.1ms
[2020-12-21T07:14:56.033-0500][gc,phases      ] GC(16566)   Other: 0.3ms
[2020-12-21T07:14:56.033-0500][gc,heap        ] GC(16566) Eden regions: 8->0(8)
[2020-12-21T07:14:56.033-0500][gc,heap        ] GC(16566) Survivor regions: 1->1(2)
[2020-12-21T07:14:56.033-0500][gc,heap        ] GC(16566) Old regions: 42->42
[2020-12-21T07:14:56.033-0500][gc,heap        ] GC(16566) Humongous regions: 4->4
[2020-12-21T07:14:56.033-0500][gc,metaspace   ] GC(16566) Metaspace: 49946K->49946K(1093632K)
[2020-12-21T07:14:56.033-0500][gc,heap        ] GC(16566) Heap after GC invocations=16567 (full 3344): garbage-first heap   total 64512K, used 43266K [0x0000000083000000, 0x0000000100000000)
[2020-12-21T07:14:56.033-0500][gc,heap        ] GC(16566)   region size 1024K, 1 young (1024K), 1 survivors (1024K)
[2020-12-21T07:14:56.033-0500][gc,heap        ] GC(16566)  Metaspace       used 49946K, capacity 52104K, committed 53632K, reserved 1093632K
[2020-12-21T07:14:56.033-0500][gc,heap        ] GC(16566)   class space    used 7422K, capacity 8193K, committed 8832K, reserved 1048576K
[2020-12-21T07:14:56.033-0500][gc             ] GC(16566) Pause Young (Normal) (G1 Evacuation Pause) 50M->42M(63M) 18.780ms
[2020-12-21T07:14:56.033-0500][gc,cpu         ] GC(16566) User=0.13s Sys=0.00s Real=0.02s
[2020-12-21T07:16:24.014-0500][gc,heap        ] GC(16567) Heap before GC invocations=16567 (full 3344): garbage-first heap   total 64512K, used 50434K [0x0000000083000000, 0x0000000100000000)
[2020-12-21T07:16:24.014-0500][gc,heap        ] GC(16567)   region size 1024K, 9 young (9216K), 1 survivors (1024K)
[2020-12-21T07:16:24.014-0500][gc,heap        ] GC(16567)  Metaspace       used 49946K, capacity 52104K, committed 53632K, reserved 1093632K
[2020-12-21T07:16:24.014-0500][gc,heap        ] GC(16567)   class space    used 7422K, capacity 8193K, committed 8832K, reserved 1048576K
[2020-12-21T07:16:24.014-0500][gc,start       ] GC(16567) Pause Young (Normal) (G1 Evacuation Pause)
[2020-12-21T07:16:24.014-0500][gc,task        ] GC(16567) Using 8 workers of 8 for evacuation
[2020-12-21T07:16:24.019-0500][gc,phases      ] GC(16567)   Pre Evacuate Collection Set: 0.0ms
[2020-12-21T07:16:24.019-0500][gc,phases      ] GC(16567)   Evacuate Collection Set: 1.7ms
[2020-12-21T07:16:24.019-0500][gc,phases      ] GC(16567)   Post Evacuate Collection Set: 2.9ms
[2020-12-21T07:16:24.019-0500][gc,phases      ] GC(16567)   Other: 0.4ms
[2020-12-21T07:16:24.019-0500][gc,heap        ] GC(16567) Eden regions: 8->0(8)
[2020-12-21T07:16:24.019-0500][gc,heap        ] GC(16567) Survivor regions: 1->1(2)
[2020-12-21T07:16:24.019-0500][gc,heap        ] GC(16567) Old regions: 42->42
[2020-12-21T07:16:24.019-0500][gc,heap        ] GC(16567) Humongous regions: 4->4
[2020-12-21T07:16:24.019-0500][gc,metaspace   ] GC(16567) Metaspace: 49946K->49946K(1093632K)
[2020-12-21T07:16:24.019-0500][gc,heap        ] GC(16567) Heap after GC invocations=16568 (full 3344): garbage-first heap   total 64512K, used 43263K [0x0000000083000000, 0x0000000100000000)
[2020-12-21T07:16:24.019-0500][gc,heap        ] GC(16567)   region size 1024K, 1 young (1024K), 1 survivors (1024K)
[2020-12-21T07:16:24.019-0500][gc,heap        ] GC(16567)  Metaspace       used 49946K, capacity 52104K, committed 53632K, reserved 1093632K
[2020-12-21T07:16:24.019-0500][gc,heap        ] GC(16567)   class space    used 7422K, capacity 8193K, committed 8832K, reserved 1048576K
[2020-12-21T07:16:24.019-0500][gc             ] GC(16567) Pause Young (Normal) (G1 Evacuation Pause) 50M->42M(63M) 5.171ms
[2020-12-21T07:16:24.019-0500][gc,cpu         ] GC(16567) User=0.00s Sys=0.01s Real=0.01s
[2020-12-21T07:16:45.189-0500][gc,task        ] GC(16568) Using 5 workers of 8 for full compaction
[2020-12-21T07:16:45.189-0500][gc,start       ] GC(16568) Pause Full (System.gc())
[2020-12-21T07:16:45.189-0500][gc,heap        ] GC(16568) Heap before GC invocations=16568 (full 3344): garbage-first heap   total 64512K, used 44287K [0x0000000083000000, 0x0000000100000000)
[2020-12-21T07:16:45.189-0500][gc,heap        ] GC(16568)   region size 1024K, 3 young (3072K), 1 survivors (1024K)
[2020-12-21T07:16:45.189-0500][gc,heap        ] GC(16568)  Metaspace       used 49946K, capacity 52104K, committed 53632K, reserved 1093632K
[2020-12-21T07:16:45.189-0500][gc,heap        ] GC(16568)   class space    used 7422K, capacity 8193K, committed 8832K, reserved 1048576K
[2020-12-21T07:16:45.189-0500][gc,phases,start] GC(16568) Phase 1: Mark live objects
[2020-12-21T07:16:45.214-0500][gc,stringtable ] GC(16568) Cleaned string and symbol table, strings: 33106 processed, 4 removed, symbols: 120816 processed, 0 removed
[2020-12-21T07:16:45.214-0500][gc,phases      ] GC(16568) Phase 1: Mark live objects 24.451ms
[2020-12-21T07:16:45.214-0500][gc,phases,start] GC(16568) Phase 2: Prepare for compaction
[2020-12-21T07:16:45.218-0500][gc,phases      ] GC(16568) Phase 2: Prepare for compaction 4.366ms
[2020-12-21T07:16:45.218-0500][gc,phases,start] GC(16568) Phase 3: Adjust pointers
[2020-12-21T07:16:45.231-0500][gc,phases      ] GC(16568) Phase 3: Adjust pointers 12.872ms
[2020-12-21T07:16:45.231-0500][gc,phases,start] GC(16568) Phase 4: Compact heap
[2020-12-21T07:16:45.234-0500][gc,phases      ] GC(16568) Phase 4: Compact heap 3.061ms
[2020-12-21T07:16:45.241-0500][gc,heap        ] GC(16568) Eden regions: 2->0(9)
[2020-12-21T07:16:45.241-0500][gc,heap        ] GC(16568) Survivor regions: 1->0(2)
[2020-12-21T07:16:45.241-0500][gc,heap        ] GC(16568) Old regions: 42->42
[2020-12-21T07:16:45.241-0500][gc,heap        ] GC(16568) Humongous regions: 4->4
[2020-12-21T07:16:45.241-0500][gc,metaspace   ] GC(16568) Metaspace: 49946K->49946K(1093632K)
[2020-12-21T07:16:45.241-0500][gc,heap        ] GC(16568) Heap after GC invocations=16569 (full 3345): garbage-first heap   total 64512K, used 43203K [0x0000000083000000, 0x0000000100000000)
[2020-12-21T07:16:45.241-0500][gc,heap        ] GC(16568)   region size 1024K, 0 young (0K), 0 survivors (0K)
[2020-12-21T07:16:45.241-0500][gc,heap        ] GC(16568)  Metaspace       used 49946K, capacity 52104K, committed 53632K, reserved 1093632K
[2020-12-21T07:16:45.241-0500][gc,heap        ] GC(16568)   class space    used 7422K, capacity 8193K, committed 8832K, reserved 1048576K
[2020-12-21T07:16:45.241-0500][gc             ] GC(16568) Pause Full (System.gc()) 43M->42M(63M) 51.816ms
[2020-12-21T07:16:45.241-0500][gc,cpu         ] GC(16568) User=0.20s Sys=0.00s Real=0.05s
[2020-12-21T07:18:20.391-0500][gc,heap        ] GC(16569) Heap before GC invocations=16569 (full 3345): garbage-first heap   total 64512K, used 51395K [0x0000000083000000, 0x0000000100000000)
[2020-12-21T07:18:20.391-0500][gc,heap        ] GC(16569)   region size 1024K, 9 young (9216K), 0 survivors (0K)
[2020-12-21T07:18:20.391-0500][gc,heap        ] GC(16569)  Metaspace       used 49946K, capacity 52104K, committed 53632K, reserved 1093632K
[2020-12-21T07:18:20.391-0500][gc,heap        ] GC(16569)   class space    used 7422K, capacity 8193K, committed 8832K, reserved 1048576K
[2020-12-21T07:18:20.391-0500][gc,start       ] GC(16569) Pause Young (Normal) (G1 Evacuation Pause)
[2020-12-21T07:18:20.391-0500][gc,task        ] GC(16569) Using 8 workers of 8 for evacuation
[2020-12-21T07:18:20.396-0500][gc,phases      ] GC(16569)   Pre Evacuate Collection Set: 0.0ms
[2020-12-21T07:18:20.396-0500][gc,phases      ] GC(16569)   Evacuate Collection Set: 3.1ms
[2020-12-21T07:18:20.396-0500][gc,phases      ] GC(16569)   Post Evacuate Collection Set: 1.6ms
[2020-12-21T07:18:20.396-0500][gc,phases      ] GC(16569)   Other: 0.3ms
[2020-12-21T07:18:20.396-0500][gc,heap        ] GC(16569) Eden regions: 9->0(8)
[2020-12-21T07:18:20.396-0500][gc,heap        ] GC(16569) Survivor regions: 0->1(2)
[2020-12-21T07:18:20.396-0500][gc,heap        ] GC(16569) Old regions: 42->42
[2020-12-21T07:18:20.396-0500][gc,heap        ] GC(16569) Humongous regions: 4->4
[2020-12-21T07:18:20.396-0500][gc,metaspace   ] GC(16569) Metaspace: 49946K->49946K(1093632K)
[2020-12-21T07:18:20.396-0500][gc,heap        ] GC(16569) Heap after GC invocations=16570 (full 3345): garbage-first heap   total 64512K, used 43414K [0x0000000083000000, 0x0000000100000000)
[2020-12-21T07:18:20.396-0500][gc,heap        ] GC(16569)   region size 1024K, 1 young (1024K), 1 survivors (1024K)
[2020-12-21T07:18:20.396-0500][gc,heap        ] GC(16569)  Metaspace       used 49946K, capacity 52104K, committed 53632K, reserved 1093632K
[2020-12-21T07:18:20.396-0500][gc,heap        ] GC(16569)   class space    used 7422K, capacity 8193K, committed 8832K, reserved 1048576K
[2020-12-21T07:18:20.396-0500][gc             ] GC(16569) Pause Young (Normal) (G1 Evacuation Pause) 51M->42M(63M) 5.091ms
[2020-12-21T07:18:20.397-0500][gc,cpu         ] GC(16569) User=0.02s Sys=0.00s Real=0.00s
[2020-12-21T07:19:56.014-0500][gc,heap        ] GC(16570) Heap before GC invocations=16570 (full 3345): garbage-first heap   total 64512K, used 50582K [0x0000000083000000, 0x0000000100000000)
[2020-12-21T07:19:56.014-0500][gc,heap        ] GC(16570)   region size 1024K, 9 young (9216K), 1 survivors (1024K)
[2020-12-21T07:19:56.014-0500][gc,heap        ] GC(16570)  Metaspace       used 49946K, capacity 52104K, committed 53632K, reserved 1093632K
[2020-12-21T07:19:56.014-0500][gc,heap        ] GC(16570)   class space    used 7422K, capacity 8193K, committed 8832K, reserved 1048576K
[2020-12-21T07:19:56.014-0500][gc,start       ] GC(16570) Pause Young (Normal) (G1 Evacuation Pause)
[2020-12-21T07:19:56.014-0500][gc,task        ] GC(16570) Using 8 workers of 8 for evacuation
[2020-12-21T07:19:56.032-0500][gc,phases      ] GC(16570)   Pre Evacuate Collection Set: 0.0ms
[2020-12-21T07:19:56.032-0500][gc,phases      ] GC(16570)   Evacuate Collection Set: 1.8ms
[2020-12-21T07:19:56.032-0500][gc,phases      ] GC(16570)   Post Evacuate Collection Set: 15.4ms
[2020-12-21T07:19:56.032-0500][gc,phases      ] GC(16570)   Other: 0.8ms
[2020-12-21T07:19:56.032-0500][gc,heap        ] GC(16570) Eden regions: 8->0(8)
[2020-12-21T07:19:56.032-0500][gc,heap        ] GC(16570) Survivor regions: 1->1(2)
[2020-12-21T07:19:56.032-0500][gc,heap        ] GC(16570) Old regions: 42->42
[2020-12-21T07:19:56.032-0500][gc,heap        ] GC(16570) Humongous regions: 4->4
[2020-12-21T07:19:56.032-0500][gc,metaspace   ] GC(16570) Metaspace: 49946K->49946K(1093632K)
[2020-12-21T07:19:56.032-0500][gc,heap        ] GC(16570) Heap after GC invocations=16571 (full 3345): garbage-first heap   total 64512K, used 43271K [0x0000000083000000, 0x0000000100000000)
[2020-12-21T07:19:56.032-0500][gc,heap        ] GC(16570)   region size 1024K, 1 young (1024K), 1 survivors (1024K)
[2020-12-21T07:19:56.032-0500][gc,heap        ] GC(16570)  Metaspace       used 49946K, capacity 52104K, committed 53632K, reserved 1093632K
[2020-12-21T07:19:56.032-0500][gc,heap        ] GC(16570)   class space    used 7422K, capacity 8193K, committed 8832K, reserved 1048576K
[2020-12-21T07:19:56.032-0500][gc             ] GC(16570) Pause Young (Normal) (G1 Evacuation Pause) 50M->42M(63M) 18.014ms
[2020-12-21T07:19:56.032-0500][gc,cpu         ] GC(16570) User=0.11s Sys=0.00s Real=0.02s
[2020-12-21T07:21:26.016-0500][gc,heap        ] GC(16571) Heap before GC invocations=16571 (full 3345): garbage-first heap   total 64512K, used 51463K [0x0000000083000000, 0x0000000100000000)
[2020-12-21T07:21:26.016-0500][gc,heap        ] GC(16571)   region size 1024K, 9 young (9216K), 1 survivors (1024K)
[2020-12-21T07:21:26.016-0500][gc,heap        ] GC(16571)  Metaspace       used 49946K, capacity 52104K, committed 53632K, reserved 1093632K
[2020-12-21T07:21:26.016-0500][gc,heap        ] GC(16571)   class space    used 7422K, capacity 8193K, committed 8832K, reserved 1048576K
[2020-12-21T07:21:26.016-0500][gc,start       ] GC(16571) Pause Young (Normal) (G1 Evacuation Pause)
[2020-12-21T07:21:26.017-0500][gc,task        ] GC(16571) Using 8 workers of 8 for evacuation
[2020-12-21T07:21:26.020-0500][gc,phases      ] GC(16571)   Pre Evacuate Collection Set: 0.0ms
[2020-12-21T07:21:26.020-0500][gc,phases      ] GC(16571)   Evacuate Collection Set: 1.2ms
[2020-12-21T07:21:26.020-0500][gc,phases      ] GC(16571)   Post Evacuate Collection Set: 2.1ms
[2020-12-21T07:21:26.020-0500][gc,phases      ] GC(16571)   Other: 0.6ms
[2020-12-21T07:21:26.020-0500][gc,heap        ] GC(16571) Eden regions: 8->0(8)
[2020-12-21T07:21:26.020-0500][gc,heap        ] GC(16571) Survivor regions: 1->1(2)
[2020-12-21T07:21:26.020-0500][gc,heap        ] GC(16571) Old regions: 42->42
[2020-12-21T07:21:26.020-0500][gc,heap        ] GC(16571) Humongous regions: 4->4
[2020-12-21T07:21:26.020-0500][gc,metaspace   ] GC(16571) Metaspace: 49946K->49946K(1093632K)
[2020-12-21T07:21:26.020-0500][gc,heap        ] GC(16571) Heap after GC invocations=16572 (full 3345): garbage-first heap   total 64512K, used 43252K [0x0000000083000000, 0x0000000100000000)
[2020-12-21T07:21:26.020-0500][gc,heap        ] GC(16571)   region size 1024K, 1 young (1024K), 1 survivors (1024K)
[2020-12-21T07:21:26.020-0500][gc,heap        ] GC(16571)  Metaspace       used 49946K, capacity 52104K, committed 53632K, reserved 1093632K
[2020-12-21T07:21:26.020-0500][gc,heap        ] GC(16571)   class space    used 7422K, capacity 8193K, committed 8832K, reserved 1048576K
[2020-12-21T07:21:26.021-0500][gc             ] GC(16571) Pause Young (Normal) (G1 Evacuation Pause) 50M->42M(63M) 4.037ms
[2020-12-21T07:21:26.021-0500][gc,cpu         ] GC(16571) User=0.01s Sys=0.00s Real=0.01s
[2020-12-21T07:21:45.193-0500][gc,task        ] GC(16572) Using 5 workers of 8 for full compaction
[2020-12-21T07:21:45.193-0500][gc,start       ] GC(16572) Pause Full (System.gc())
[2020-12-21T07:21:45.193-0500][gc,heap        ] GC(16572) Heap before GC invocations=16572 (full 3345): garbage-first heap   total 64512K, used 44276K [0x0000000083000000, 0x0000000100000000)
[2020-12-21T07:21:45.193-0500][gc,heap        ] GC(16572)   region size 1024K, 3 young (3072K), 1 survivors (1024K)
[2020-12-21T07:21:45.193-0500][gc,heap        ] GC(16572)  Metaspace       used 49946K, capacity 52104K, committed 53632K, reserved 1093632K
[2020-12-21T07:21:45.193-0500][gc,heap        ] GC(16572)   class space    used 7422K, capacity 8193K, committed 8832K, reserved 1048576K
[2020-12-21T07:21:45.193-0500][gc,phases,start] GC(16572) Phase 1: Mark live objects
[2020-12-21T07:21:45.247-0500][gc,stringtable ] GC(16572) Cleaned string and symbol table, strings: 33106 processed, 4 removed, symbols: 120816 processed, 0 removed
[2020-12-21T07:21:45.247-0500][gc,phases      ] GC(16572) Phase 1: Mark live objects 54.039ms
[2020-12-21T07:21:45.247-0500][gc,phases,start] GC(16572) Phase 2: Prepare for compaction
[2020-12-21T07:21:45.253-0500][gc,phases      ] GC(16572) Phase 2: Prepare for compaction 5.299ms
[2020-12-21T07:21:45.253-0500][gc,phases,start] GC(16572) Phase 3: Adjust pointers
[2020-12-21T07:21:45.264-0500][gc,phases      ] GC(16572) Phase 3: Adjust pointers 11.689ms
[2020-12-21T07:21:45.264-0500][gc,phases,start] GC(16572) Phase 4: Compact heap
[2020-12-21T07:21:45.267-0500][gc,phases      ] GC(16572) Phase 4: Compact heap 2.573ms
[2020-12-21T07:21:45.273-0500][gc,heap        ] GC(16572) Eden regions: 2->0(9)
[2020-12-21T07:21:45.273-0500][gc,heap        ] GC(16572) Survivor regions: 1->0(2)
[2020-12-21T07:21:45.273-0500][gc,heap        ] GC(16572) Old regions: 42->42
[2020-12-21T07:21:45.273-0500][gc,heap        ] GC(16572) Humongous regions: 4->4
[2020-12-21T07:21:45.273-0500][gc,metaspace   ] GC(16572) Metaspace: 49946K->49946K(1093632K)
[2020-12-21T07:21:45.273-0500][gc,heap        ] GC(16572) Heap after GC invocations=16573 (full 3346): garbage-first heap   total 64512K, used 43198K [0x0000000083000000, 0x0000000100000000)
[2020-12-21T07:21:45.273-0500][gc,heap        ] GC(16572)   region size 1024K, 0 young (0K), 0 survivors (0K)
[2020-12-21T07:21:45.273-0500][gc,heap        ] GC(16572)  Metaspace       used 49946K, capacity 52104K, committed 53632K, reserved 1093632K
[2020-12-21T07:21:45.273-0500][gc,heap        ] GC(16572)   class space    used 7422K, capacity 8193K, committed 8832K, reserved 1048576K
[2020-12-21T07:21:45.273-0500][gc             ] GC(16572) Pause Full (System.gc()) 43M->42M(63M) 80.657ms
[2020-12-21T07:21:45.273-0500][gc,cpu         ] GC(16572) User=0.32s Sys=0.00s Real=0.08s
[2020-12-21T07:23:21.228-0500][gc,heap        ] GC(16573) Heap before GC invocations=16573 (full 3346): garbage-first heap   total 64512K, used 51390K [0x0000000083000000, 0x0000000100000000)
[2020-12-21T07:23:21.229-0500][gc,heap        ] GC(16573)   region size 1024K, 9 young (9216K), 0 survivors (0K)
[2020-12-21T07:23:21.229-0500][gc,heap        ] GC(16573)  Metaspace       used 49946K, capacity 52104K, committed 53632K, reserved 1093632K
[2020-12-21T07:23:21.229-0500][gc,heap        ] GC(16573)   class space    used 7422K, capacity 8193K, committed 8832K, reserved 1048576K
[2020-12-21T07:23:21.229-0500][gc,start       ] GC(16573) Pause Young (Normal) (G1 Evacuation Pause)
[2020-12-21T07:23:21.229-0500][gc,task        ] GC(16573) Using 8 workers of 8 for evacuation
[2020-12-21T07:23:21.233-0500][gc,phases      ] GC(16573)   Pre Evacuate Collection Set: 0.0ms
[2020-12-21T07:23:21.233-0500][gc,phases      ] GC(16573)   Evacuate Collection Set: 1.0ms
[2020-12-21T07:23:21.233-0500][gc,phases      ] GC(16573)   Post Evacuate Collection Set: 3.4ms
[2020-12-21T07:23:21.233-0500][gc,phases      ] GC(16573)   Other: 0.3ms
[2020-12-21T07:23:21.233-0500][gc,heap        ] GC(16573) Eden regions: 9->0(8)
[2020-12-21T07:23:21.233-0500][gc,heap        ] GC(16573) Survivor regions: 0->1(2)
[2020-12-21T07:23:21.233-0500][gc,heap        ] GC(16573) Old regions: 42->42
[2020-12-21T07:23:21.233-0500][gc,heap        ] GC(16573) Humongous regions: 4->4
[2020-12-21T07:23:21.233-0500][gc,metaspace   ] GC(16573) Metaspace: 49946K->49946K(1093632K)
[2020-12-21T07:23:21.233-0500][gc,heap        ] GC(16573) Heap after GC invocations=16574 (full 3346): garbage-first heap   total 64512K, used 43351K [0x0000000083000000, 0x0000000100000000)
[2020-12-21T07:23:21.233-0500][gc,heap        ] GC(16573)   region size 1024K, 1 young (1024K), 1 survivors (1024K)
[2020-12-21T07:23:21.233-0500][gc,heap        ] GC(16573)  Metaspace       used 49946K, capacity 52104K, committed 53632K, reserved 1093632K
[2020-12-21T07:23:21.233-0500][gc,heap        ] GC(16573)   class space    used 7422K, capacity 8193K, committed 8832K, reserved 1048576K
[2020-12-21T07:23:21.233-0500][gc             ] GC(16573) Pause Young (Normal) (G1 Evacuation Pause) 51M->42M(63M) 4.871ms
[2020-12-21T07:23:21.234-0500][gc,cpu         ] GC(16573) User=0.02s Sys=0.00s Real=0.00s
[2020-12-21T07:24:51.454-0500][gc,heap        ] GC(16574) Heap before GC invocations=16574 (full 3346): garbage-first heap   total 64512K, used 50519K [0x0000000083000000, 0x0000000100000000)
[2020-12-21T07:24:51.454-0500][gc,heap        ] GC(16574)   region size 1024K, 9 young (9216K), 1 survivors (1024K)
[2020-12-21T07:24:51.454-0500][gc,heap        ] GC(16574)  Metaspace       used 49946K, capacity 52104K, committed 53632K, reserved 1093632K
[2020-12-21T07:24:51.454-0500][gc,heap        ] GC(16574)   class space    used 7422K, capacity 8193K, committed 8832K, reserved 1048576K
[2020-12-21T07:24:51.454-0500][gc,start       ] GC(16574) Pause Young (Normal) (G1 Evacuation Pause)
[2020-12-21T07:24:51.454-0500][gc,task        ] GC(16574) Using 8 workers of 8 for evacuation
[2020-12-21T07:24:51.461-0500][gc,phases      ] GC(16574)   Pre Evacuate Collection Set: 0.0ms
[2020-12-21T07:24:51.461-0500][gc,phases      ] GC(16574)   Evacuate Collection Set: 2.5ms
[2020-12-21T07:24:51.461-0500][gc,phases      ] GC(16574)   Post Evacuate Collection Set: 4.1ms
[2020-12-21T07:24:51.461-0500][gc,phases      ] GC(16574)   Other: 0.2ms
[2020-12-21T07:24:51.461-0500][gc,heap        ] GC(16574) Eden regions: 8->0(8)
[2020-12-21T07:24:51.461-0500][gc,heap        ] GC(16574) Survivor regions: 1->1(2)
[2020-12-21T07:24:51.461-0500][gc,heap        ] GC(16574) Old regions: 42->42
[2020-12-21T07:24:51.461-0500][gc,heap        ] GC(16574) Humongous regions: 4->4
[2020-12-21T07:24:51.461-0500][gc,metaspace   ] GC(16574) Metaspace: 49946K->49946K(1093632K)
[2020-12-21T07:24:51.461-0500][gc,heap        ] GC(16574) Heap after GC invocations=16575 (full 3346): garbage-first heap   total 64512K, used 43417K [0x0000000083000000, 0x0000000100000000)
[2020-12-21T07:24:51.461-0500][gc,heap        ] GC(16574)   region size 1024K, 1 young (1024K), 1 survivors (1024K)
[2020-12-21T07:24:51.461-0500][gc,heap        ] GC(16574)  Metaspace       used 49946K, capacity 52104K, committed 53632K, reserved 1093632K
[2020-12-21T07:24:51.461-0500][gc,heap        ] GC(16574)   class space    used 7422K, capacity 8193K, committed 8832K, reserved 1048576K
[2020-12-21T07:24:51.461-0500][gc             ] GC(16574) Pause Young (Normal) (G1 Evacuation Pause) 50M->42M(63M) 6.929ms
[2020-12-21T07:24:51.461-0500][gc,cpu         ] GC(16574) User=0.03s Sys=0.00s Real=0.01s
[2020-12-21T07:26:21.732-0500][gc,heap        ] GC(16575) Heap before GC invocations=16575 (full 3346): garbage-first heap   total 64512K, used 51609K [0x0000000083000000, 0x0000000100000000)
[2020-12-21T07:26:21.733-0500][gc,heap        ] GC(16575)   region size 1024K, 9 young (9216K), 1 survivors (1024K)
[2020-12-21T07:26:21.733-0500][gc,heap        ] GC(16575)  Metaspace       used 49946K, capacity 52104K, committed 53632K, reserved 1093632K
[2020-12-21T07:26:21.733-0500][gc,heap        ] GC(16575)   class space    used 7422K, capacity 8193K, committed 8832K, reserved 1048576K
[2020-12-21T07:26:21.733-0500][gc,start       ] GC(16575) Pause Young (Normal) (G1 Evacuation Pause)
[2020-12-21T07:26:21.733-0500][gc,task        ] GC(16575) Using 8 workers of 8 for evacuation
[2020-12-21T07:26:21.761-0500][gc,phases      ] GC(16575)   Pre Evacuate Collection Set: 0.0ms
[2020-12-21T07:26:21.761-0500][gc,phases      ] GC(16575)   Evacuate Collection Set: 26.0ms
[2020-12-21T07:26:21.761-0500][gc,phases      ] GC(16575)   Post Evacuate Collection Set: 1.8ms
[2020-12-21T07:26:21.761-0500][gc,phases      ] GC(16575)   Other: 0.4ms
[2020-12-21T07:26:21.761-0500][gc,heap        ] GC(16575) Eden regions: 8->0(8)
[2020-12-21T07:26:21.761-0500][gc,heap        ] GC(16575) Survivor regions: 1->1(2)
[2020-12-21T07:26:21.761-0500][gc,heap        ] GC(16575) Old regions: 42->42
[2020-12-21T07:26:21.761-0500][gc,heap        ] GC(16575) Humongous regions: 4->4
[2020-12-21T07:26:21.761-0500][gc,metaspace   ] GC(16575) Metaspace: 49946K->49946K(1093632K)
[2020-12-21T07:26:21.761-0500][gc,heap        ] GC(16575) Heap after GC invocations=16576 (full 3346): garbage-first heap   total 64512K, used 43391K [0x0000000083000000, 0x0000000100000000)
[2020-12-21T07:26:21.761-0500][gc,heap        ] GC(16575)   region size 1024K, 1 young (1024K), 1 survivors (1024K)
[2020-12-21T07:26:21.761-0500][gc,heap        ] GC(16575)  Metaspace       used 49946K, capacity 52104K, committed 53632K, reserved 1093632K
[2020-12-21T07:26:21.761-0500][gc,heap        ] GC(16575)   class space    used 7422K, capacity 8193K, committed 8832K, reserved 1048576K
[2020-12-21T07:26:21.761-0500][gc             ] GC(16575) Pause Young (Normal) (G1 Evacuation Pause) 50M->42M(63M) 28.111ms
[2020-12-21T07:26:21.761-0500][gc,cpu         ] GC(16575) User=0.19s Sys=0.00s Real=0.03s
[2020-12-21T07:26:45.190-0500][gc,task        ] GC(16576) Using 5 workers of 8 for full compaction
[2020-12-21T07:26:45.190-0500][gc,start       ] GC(16576) Pause Full (System.gc())
[2020-12-21T07:26:45.190-0500][gc,heap        ] GC(16576) Heap before GC invocations=16576 (full 3346): garbage-first heap   total 64512K, used 44415K [0x0000000083000000, 0x0000000100000000)
[2020-12-21T07:26:45.190-0500][gc,heap        ] GC(16576)   region size 1024K, 3 young (3072K), 1 survivors (1024K)
[2020-12-21T07:26:45.190-0500][gc,heap        ] GC(16576)  Metaspace       used 49946K, capacity 52104K, committed 53632K, reserved 1093632K
[2020-12-21T07:26:45.190-0500][gc,heap        ] GC(16576)   class space    used 7422K, capacity 8193K, committed 8832K, reserved 1048576K
[2020-12-21T07:26:45.191-0500][gc,phases,start] GC(16576) Phase 1: Mark live objects
[2020-12-21T07:26:45.233-0500][gc,stringtable ] GC(16576) Cleaned string and symbol table, strings: 33106 processed, 4 removed, symbols: 120816 processed, 0 removed
[2020-12-21T07:26:45.233-0500][gc,phases      ] GC(16576) Phase 1: Mark live objects 42.483ms
[2020-12-21T07:26:45.233-0500][gc,phases,start] GC(16576) Phase 2: Prepare for compaction
[2020-12-21T07:26:45.237-0500][gc,phases      ] GC(16576) Phase 2: Prepare for compaction 3.596ms
[2020-12-21T07:26:45.237-0500][gc,phases,start] GC(16576) Phase 3: Adjust pointers
[2020-12-21T07:26:45.249-0500][gc,phases      ] GC(16576) Phase 3: Adjust pointers 11.391ms
[2020-12-21T07:26:45.249-0500][gc,phases,start] GC(16576) Phase 4: Compact heap
[2020-12-21T07:26:45.251-0500][gc,phases      ] GC(16576) Phase 4: Compact heap 2.562ms
[2020-12-21T07:26:45.257-0500][gc,heap        ] GC(16576) Eden regions: 2->0(10)
[2020-12-21T07:26:45.257-0500][gc,heap        ] GC(16576) Survivor regions: 1->0(2)
[2020-12-21T07:26:45.257-0500][gc,heap        ] GC(16576) Old regions: 42->41
[2020-12-21T07:26:45.258-0500][gc,heap        ] GC(16576) Humongous regions: 4->4
[2020-12-21T07:26:45.258-0500][gc,metaspace   ] GC(16576) Metaspace: 49946K->49946K(1093632K)
[2020-12-21T07:26:45.258-0500][gc,heap        ] GC(16576) Heap after GC invocations=16577 (full 3347): garbage-first heap   total 64512K, used 43200K [0x0000000083000000, 0x0000000100000000)
[2020-12-21T07:26:45.258-0500][gc,heap        ] GC(16576)   region size 1024K, 0 young (0K), 0 survivors (0K)
[2020-12-21T07:26:45.258-0500][gc,heap        ] GC(16576)  Metaspace       used 49946K, capacity 52104K, committed 53632K, reserved 1093632K
[2020-12-21T07:26:45.258-0500][gc,heap        ] GC(16576)   class space    used 7422K, capacity 8193K, committed 8832K, reserved 1048576K
[2020-12-21T07:26:45.258-0500][gc             ] GC(16576) Pause Full (System.gc()) 44M->42M(63M) 67.231ms
[2020-12-21T07:26:45.258-0500][gc,cpu         ] GC(16576) User=0.28s Sys=0.00s Real=0.07s
[2020-12-21T07:28:36.012-0500][gc,heap        ] GC(16577) Heap before GC invocations=16577 (full 3347): garbage-first heap   total 64512K, used 52416K [0x0000000083000000, 0x0000000100000000)
[2020-12-21T07:28:36.013-0500][gc,heap        ] GC(16577)   region size 1024K, 10 young (10240K), 0 survivors (0K)
[2020-12-21T07:28:36.013-0500][gc,heap        ] GC(16577)  Metaspace       used 49946K, capacity 52104K, committed 53632K, reserved 1093632K
[2020-12-21T07:28:36.013-0500][gc,heap        ] GC(16577)   class space    used 7422K, capacity 8193K, committed 8832K, reserved 1048576K
[2020-12-21T07:28:36.013-0500][gc,start       ] GC(16577) Pause Young (Normal) (G1 Evacuation Pause)
[2020-12-21T07:28:36.013-0500][gc,task        ] GC(16577) Using 8 workers of 8 for evacuation
[2020-12-21T07:28:36.017-0500][gc,phases      ] GC(16577)   Pre Evacuate Collection Set: 0.0ms
[2020-12-21T07:28:36.017-0500][gc,phases      ] GC(16577)   Evacuate Collection Set: 2.1ms
[2020-12-21T07:28:36.017-0500][gc,phases      ] GC(16577)   Post Evacuate Collection Set: 2.3ms
[2020-12-21T07:28:36.018-0500][gc,phases      ] GC(16577)   Other: 0.5ms
[2020-12-21T07:28:36.018-0500][gc,heap        ] GC(16577) Eden regions: 10->0(9)
[2020-12-21T07:28:36.018-0500][gc,heap        ] GC(16577) Survivor regions: 0->1(2)
[2020-12-21T07:28:36.018-0500][gc,heap        ] GC(16577) Old regions: 41->41
[2020-12-21T07:28:36.018-0500][gc,heap        ] GC(16577) Humongous regions: 4->4
[2020-12-21T07:28:36.018-0500][gc,metaspace   ] GC(16577) Metaspace: 49946K->49946K(1093632K)
[2020-12-21T07:28:36.018-0500][gc,heap        ] GC(16577) Heap after GC invocations=16578 (full 3347): garbage-first heap   total 64512K, used 43264K [0x0000000083000000, 0x0000000100000000)
[2020-12-21T07:28:36.018-0500][gc,heap        ] GC(16577)   region size 1024K, 1 young (1024K), 1 survivors (1024K)
[2020-12-21T07:28:36.018-0500][gc,heap        ] GC(16577)  Metaspace       used 49946K, capacity 52104K, committed 53632K, reserved 1093632K
[2020-12-21T07:28:36.018-0500][gc,heap        ] GC(16577)   class space    used 7422K, capacity 8193K, committed 8832K, reserved 1048576K
[2020-12-21T07:28:36.018-0500][gc             ] GC(16577) Pause Young (Normal) (G1 Evacuation Pause) 52M->42M(63M) 5.084ms
[2020-12-21T07:28:36.018-0500][gc,cpu         ] GC(16577) User=0.00s Sys=0.00s Real=0.00s
[2020-12-21T07:30:20.673-0500][gc,heap        ] GC(16578) Heap before GC invocations=16578 (full 3347): garbage-first heap   total 64512K, used 52480K [0x0000000083000000, 0x0000000100000000)
[2020-12-21T07:30:20.673-0500][gc,heap        ] GC(16578)   region size 1024K, 10 young (10240K), 1 survivors (1024K)
[2020-12-21T07:30:20.673-0500][gc,heap        ] GC(16578)  Metaspace       used 49946K, capacity 52104K, committed 53632K, reserved 1093632K
[2020-12-21T07:30:20.673-0500][gc,heap        ] GC(16578)   class space    used 7422K, capacity 8193K, committed 8832K, reserved 1048576K
[2020-12-21T07:30:20.673-0500][gc,start       ] GC(16578) Pause Young (Normal) (G1 Evacuation Pause)
[2020-12-21T07:30:20.673-0500][gc,task        ] GC(16578) Using 8 workers of 8 for evacuation
[2020-12-21T07:30:20.681-0500][gc,phases      ] GC(16578)   Pre Evacuate Collection Set: 0.0ms
[2020-12-21T07:30:20.681-0500][gc,phases      ] GC(16578)   Evacuate Collection Set: 2.4ms
[2020-12-21T07:30:20.681-0500][gc,phases      ] GC(16578)   Post Evacuate Collection Set: 5.2ms
[2020-12-21T07:30:20.681-0500][gc,phases      ] GC(16578)   Other: 0.5ms
[2020-12-21T07:30:20.681-0500][gc,heap        ] GC(16578) Eden regions: 9->0(9)
[2020-12-21T07:30:20.681-0500][gc,heap        ] GC(16578) Survivor regions: 1->1(2)
[2020-12-21T07:30:20.681-0500][gc,heap        ] GC(16578) Old regions: 41->41
[2020-12-21T07:30:20.681-0500][gc,heap        ] GC(16578) Humongous regions: 4->4
[2020-12-21T07:30:20.681-0500][gc,metaspace   ] GC(16578) Metaspace: 49946K->49946K(1093632K)
[2020-12-21T07:30:20.681-0500][gc,heap        ] GC(16578) Heap after GC invocations=16579 (full 3347): garbage-first heap   total 64512K, used 43250K [0x0000000083000000, 0x0000000100000000)
[2020-12-21T07:30:20.681-0500][gc,heap        ] GC(16578)   region size 1024K, 1 young (1024K), 1 survivors (1024K)
[2020-12-21T07:30:20.682-0500][gc,heap        ] GC(16578)  Metaspace       used 49946K, capacity 52104K, committed 53632K, reserved 1093632K
[2020-12-21T07:30:20.682-0500][gc,heap        ] GC(16578)   class space    used 7422K, capacity 8193K, committed 8832K, reserved 1048576K
[2020-12-21T07:30:20.682-0500][gc             ] GC(16578) Pause Young (Normal) (G1 Evacuation Pause) 51M->42M(63M) 8.790ms
[2020-12-21T07:30:20.682-0500][gc,cpu         ] GC(16578) User=0.04s Sys=0.00s Real=0.01s
[2020-12-21T07:31:45.189-0500][gc,task        ] GC(16579) Using 5 workers of 8 for full compaction
[2020-12-21T07:31:45.189-0500][gc,start       ] GC(16579) Pause Full (System.gc())
[2020-12-21T07:31:45.190-0500][gc,heap        ] GC(16579) Heap before GC invocations=16579 (full 3347): garbage-first heap   total 64512K, used 49394K [0x0000000083000000, 0x0000000100000000)
[2020-12-21T07:31:45.190-0500][gc,heap        ] GC(16579)   region size 1024K, 9 young (9216K), 1 survivors (1024K)
[2020-12-21T07:31:45.190-0500][gc,heap        ] GC(16579)  Metaspace       used 49946K, capacity 52104K, committed 53632K, reserved 1093632K
[2020-12-21T07:31:45.190-0500][gc,heap        ] GC(16579)   class space    used 7422K, capacity 8193K, committed 8832K, reserved 1048576K
[2020-12-21T07:31:45.190-0500][gc,phases,start] GC(16579) Phase 1: Mark live objects
[2020-12-21T07:31:45.232-0500][gc,stringtable ] GC(16579) Cleaned string and symbol table, strings: 33106 processed, 4 removed, symbols: 120816 processed, 0 removed
[2020-12-21T07:31:45.233-0500][gc,phases      ] GC(16579) Phase 1: Mark live objects 42.533ms
[2020-12-21T07:31:45.233-0500][gc,phases,start] GC(16579) Phase 2: Prepare for compaction
[2020-12-21T07:31:45.236-0500][gc,phases      ] GC(16579) Phase 2: Prepare for compaction 3.635ms
[2020-12-21T07:31:45.236-0500][gc,phases,start] GC(16579) Phase 3: Adjust pointers
[2020-12-21T07:31:45.246-0500][gc,phases      ] GC(16579) Phase 3: Adjust pointers 10.060ms
[2020-12-21T07:31:45.246-0500][gc,phases,start] GC(16579) Phase 4: Compact heap
[2020-12-21T07:31:45.249-0500][gc,phases      ] GC(16579) Phase 4: Compact heap 3.062ms
[2020-12-21T07:31:45.255-0500][gc,heap        ] GC(16579) Eden regions: 8->0(9)
[2020-12-21T07:31:45.255-0500][gc,heap        ] GC(16579) Survivor regions: 1->0(2)
[2020-12-21T07:31:45.255-0500][gc,heap        ] GC(16579) Old regions: 41->42
[2020-12-21T07:31:45.255-0500][gc,heap        ] GC(16579) Humongous regions: 4->4
[2020-12-21T07:31:45.255-0500][gc,metaspace   ] GC(16579) Metaspace: 49946K->49946K(1093632K)
[2020-12-21T07:31:45.255-0500][gc,heap        ] GC(16579) Heap after GC invocations=16580 (full 3348): garbage-first heap   total 64512K, used 43219K [0x0000000083000000, 0x0000000100000000)
[2020-12-21T07:31:45.255-0500][gc,heap        ] GC(16579)   region size 1024K, 0 young (0K), 0 survivors (0K)
[2020-12-21T07:31:45.255-0500][gc,heap        ] GC(16579)  Metaspace       used 49946K, capacity 52104K, committed 53632K, reserved 1093632K
[2020-12-21T07:31:45.255-0500][gc,heap        ] GC(16579)   class space    used 7422K, capacity 8193K, committed 8832K, reserved 1048576K
[2020-12-21T07:31:45.255-0500][gc             ] GC(16579) Pause Full (System.gc()) 49M->42M(63M) 65.898ms
[2020-12-21T07:31:45.255-0500][gc,cpu         ] GC(16579) User=0.28s Sys=0.00s Real=0.06s
[2020-12-21T07:33:22.815-0500][gc,heap        ] GC(16580) Heap before GC invocations=16580 (full 3348): garbage-first heap   total 64512K, used 51411K [0x0000000083000000, 0x0000000100000000)
[2020-12-21T07:33:22.815-0500][gc,heap        ] GC(16580)   region size 1024K, 9 young (9216K), 0 survivors (0K)
[2020-12-21T07:33:22.815-0500][gc,heap        ] GC(16580)  Metaspace       used 49946K, capacity 52104K, committed 53632K, reserved 1093632K
[2020-12-21T07:33:22.815-0500][gc,heap        ] GC(16580)   class space    used 7422K, capacity 8193K, committed 8832K, reserved 1048576K
[2020-12-21T07:33:22.815-0500][gc,start       ] GC(16580) Pause Young (Normal) (G1 Evacuation Pause)
[2020-12-21T07:33:22.815-0500][gc,task        ] GC(16580) Using 8 workers of 8 for evacuation
[2020-12-21T07:33:22.817-0500][gc,phases      ] GC(16580)   Pre Evacuate Collection Set: 0.0ms
[2020-12-21T07:33:22.817-0500][gc,phases      ] GC(16580)   Evacuate Collection Set: 0.7ms
[2020-12-21T07:33:22.817-0500][gc,phases      ] GC(16580)   Post Evacuate Collection Set: 1.0ms
[2020-12-21T07:33:22.817-0500][gc,phases      ] GC(16580)   Other: 0.2ms
[2020-12-21T07:33:22.817-0500][gc,heap        ] GC(16580) Eden regions: 9->0(8)
[2020-12-21T07:33:22.817-0500][gc,heap        ] GC(16580) Survivor regions: 0->1(2)
[2020-12-21T07:33:22.817-0500][gc,heap        ] GC(16580) Old regions: 42->42
[2020-12-21T07:33:22.817-0500][gc,heap        ] GC(16580) Humongous regions: 4->4
[2020-12-21T07:33:22.817-0500][gc,metaspace   ] GC(16580) Metaspace: 49946K->49946K(1093632K)
[2020-12-21T07:33:22.817-0500][gc,heap        ] GC(16580) Heap after GC invocations=16581 (full 3348): garbage-first heap   total 64512K, used 43406K [0x0000000083000000, 0x0000000100000000)
[2020-12-21T07:33:22.817-0500][gc,heap        ] GC(16580)   region size 1024K, 1 young (1024K), 1 survivors (1024K)
[2020-12-21T07:33:22.817-0500][gc,heap        ] GC(16580)  Metaspace       used 49946K, capacity 52104K, committed 53632K, reserved 1093632K
[2020-12-21T07:33:22.817-0500][gc,heap        ] GC(16580)   class space    used 7422K, capacity 8193K, committed 8832K, reserved 1048576K
[2020-12-21T07:33:22.817-0500][gc             ] GC(16580) Pause Young (Normal) (G1 Evacuation Pause) 51M->42M(63M) 1.960ms
[2020-12-21T07:33:22.818-0500][gc,cpu         ] GC(16580) User=0.00s Sys=0.00s Real=0.00s
[2020-12-21T07:34:52.995-0500][gc,heap        ] GC(16581) Heap before GC invocations=16581 (full 3348): garbage-first heap   total 64512K, used 50574K [0x0000000083000000, 0x0000000100000000)
[2020-12-21T07:34:52.995-0500][gc,heap        ] GC(16581)   region size 1024K, 9 young (9216K), 1 survivors (1024K)
[2020-12-21T07:34:52.995-0500][gc,heap        ] GC(16581)  Metaspace       used 49946K, capacity 52104K, committed 53632K, reserved 1093632K
[2020-12-21T07:34:52.995-0500][gc,heap        ] GC(16581)   class space    used 7422K, capacity 8193K, committed 8832K, reserved 1048576K
[2020-12-21T07:34:52.995-0500][gc,start       ] GC(16581) Pause Young (Normal) (G1 Evacuation Pause)
[2020-12-21T07:34:52.995-0500][gc,task        ] GC(16581) Using 8 workers of 8 for evacuation
[2020-12-21T07:34:52.996-0500][gc,phases      ] GC(16581)   Pre Evacuate Collection Set: 0.0ms
[2020-12-21T07:34:52.997-0500][gc,phases      ] GC(16581)   Evacuate Collection Set: 0.7ms
[2020-12-21T07:34:52.997-0500][gc,phases      ] GC(16581)   Post Evacuate Collection Set: 1.0ms
[2020-12-21T07:34:52.997-0500][gc,phases      ] GC(16581)   Other: 0.2ms
[2020-12-21T07:34:52.997-0500][gc,heap        ] GC(16581) Eden regions: 8->0(8)
[2020-12-21T07:34:52.997-0500][gc,heap        ] GC(16581) Survivor regions: 1->1(2)
[2020-12-21T07:34:52.997-0500][gc,heap        ] GC(16581) Old regions: 42->42
[2020-12-21T07:34:52.997-0500][gc,heap        ] GC(16581) Humongous regions: 4->4
[2020-12-21T07:34:52.997-0500][gc,metaspace   ] GC(16581) Metaspace: 49946K->49946K(1093632K)
[2020-12-21T07:34:52.997-0500][gc,heap        ] GC(16581) Heap after GC invocations=16582 (full 3348): garbage-first heap   total 64512K, used 43440K [0x0000000083000000, 0x0000000100000000)
[2020-12-21T07:34:52.997-0500][gc,heap        ] GC(16581)   region size 1024K, 1 young (1024K), 1 survivors (1024K)
[2020-12-21T07:34:52.997-0500][gc,heap        ] GC(16581)  Metaspace       used 49946K, capacity 52104K, committed 53632K, reserved 1093632K
[2020-12-21T07:34:52.997-0500][gc,heap        ] GC(16581)   class space    used 7422K, capacity 8193K, committed 8832K, reserved 1048576K
[2020-12-21T07:34:52.997-0500][gc             ] GC(16581) Pause Young (Normal) (G1 Evacuation Pause) 50M->42M(63M) 1.951ms
[2020-12-21T07:34:52.997-0500][gc,cpu         ] GC(16581) User=0.00s Sys=0.00s Real=0.00s
[2020-12-21T07:36:23.246-0500][gc,heap        ] GC(16582) Heap before GC invocations=16582 (full 3348): garbage-first heap   total 64512K, used 51632K [0x0000000083000000, 0x0000000100000000)
[2020-12-21T07:36:23.246-0500][gc,heap        ] GC(16582)   region size 1024K, 9 young (9216K), 1 survivors (1024K)
[2020-12-21T07:36:23.246-0500][gc,heap        ] GC(16582)  Metaspace       used 49946K, capacity 52104K, committed 53632K, reserved 1093632K
[2020-12-21T07:36:23.246-0500][gc,heap        ] GC(16582)   class space    used 7422K, capacity 8193K, committed 8832K, reserved 1048576K
[2020-12-21T07:36:23.247-0500][gc,start       ] GC(16582) Pause Young (Normal) (G1 Evacuation Pause)
[2020-12-21T07:36:23.247-0500][gc,task        ] GC(16582) Using 8 workers of 8 for evacuation
[2020-12-21T07:36:23.252-0500][gc,phases      ] GC(16582)   Pre Evacuate Collection Set: 0.0ms
[2020-12-21T07:36:23.252-0500][gc,phases      ] GC(16582)   Evacuate Collection Set: 1.0ms
[2020-12-21T07:36:23.252-0500][gc,phases      ] GC(16582)   Post Evacuate Collection Set: 4.1ms
[2020-12-21T07:36:23.252-0500][gc,phases      ] GC(16582)   Other: 0.3ms
[2020-12-21T07:36:23.252-0500][gc,heap        ] GC(16582) Eden regions: 8->0(8)
[2020-12-21T07:36:23.252-0500][gc,heap        ] GC(16582) Survivor regions: 1->1(2)
[2020-12-21T07:36:23.252-0500][gc,heap        ] GC(16582) Old regions: 42->42
[2020-12-21T07:36:23.252-0500][gc,heap        ] GC(16582) Humongous regions: 4->4
[2020-12-21T07:36:23.252-0500][gc,metaspace   ] GC(16582) Metaspace: 49946K->49946K(1093632K)
[2020-12-21T07:36:23.252-0500][gc,heap        ] GC(16582) Heap after GC invocations=16583 (full 3348): garbage-first heap   total 64512K, used 43456K [0x0000000083000000, 0x0000000100000000)
[2020-12-21T07:36:23.252-0500][gc,heap        ] GC(16582)   region size 1024K, 1 young (1024K), 1 survivors (1024K)
[2020-12-21T07:36:23.252-0500][gc,heap        ] GC(16582)  Metaspace       used 49946K, capacity 52104K, committed 53632K, reserved 1093632K
[2020-12-21T07:36:23.252-0500][gc,heap        ] GC(16582)   class space    used 7422K, capacity 8193K, committed 8832K, reserved 1048576K
[2020-12-21T07:36:23.252-0500][gc             ] GC(16582) Pause Young (Normal) (G1 Evacuation Pause) 50M->42M(63M) 5.567ms
[2020-12-21T07:36:23.252-0500][gc,cpu         ] GC(16582) User=0.01s Sys=0.00s Real=0.01s
[2020-12-21T07:36:45.192-0500][gc,task        ] GC(16583) Using 5 workers of 8 for full compaction
[2020-12-21T07:36:45.192-0500][gc,start       ] GC(16583) Pause Full (System.gc())
[2020-12-21T07:36:45.192-0500][gc,heap        ] GC(16583) Heap before GC invocations=16583 (full 3348): garbage-first heap   total 64512K, used 43456K [0x0000000083000000, 0x0000000100000000)
[2020-12-21T07:36:45.192-0500][gc,heap        ] GC(16583)   region size 1024K, 3 young (3072K), 1 survivors (1024K)
[2020-12-21T07:36:45.192-0500][gc,heap        ] GC(16583)  Metaspace       used 49946K, capacity 52104K, committed 53632K, reserved 1093632K
[2020-12-21T07:36:45.192-0500][gc,heap        ] GC(16583)   class space    used 7422K, capacity 8193K, committed 8832K, reserved 1048576K
[2020-12-21T07:36:45.193-0500][gc,phases,start] GC(16583) Phase 1: Mark live objects
[2020-12-21T07:36:45.238-0500][gc,stringtable ] GC(16583) Cleaned string and symbol table, strings: 33106 processed, 4 removed, symbols: 120816 processed, 0 removed
[2020-12-21T07:36:45.238-0500][gc,phases      ] GC(16583) Phase 1: Mark live objects 45.578ms
[2020-12-21T07:36:45.238-0500][gc,phases,start] GC(16583) Phase 2: Prepare for compaction
[2020-12-21T07:36:45.244-0500][gc,phases      ] GC(16583) Phase 2: Prepare for compaction 5.501ms
[2020-12-21T07:36:45.244-0500][gc,phases,start] GC(16583) Phase 3: Adjust pointers
[2020-12-21T07:36:45.259-0500][gc,phases      ] GC(16583) Phase 3: Adjust pointers 15.040ms
[2020-12-21T07:36:45.259-0500][gc,phases,start] GC(16583) Phase 4: Compact heap
[2020-12-21T07:36:45.262-0500][gc,phases      ] GC(16583) Phase 4: Compact heap 3.045ms
[2020-12-21T07:36:45.268-0500][gc,heap        ] GC(16583) Eden regions: 2->0(10)
[2020-12-21T07:36:45.268-0500][gc,heap        ] GC(16583) Survivor regions: 1->0(2)
[2020-12-21T07:36:45.268-0500][gc,heap        ] GC(16583) Old regions: 42->41
[2020-12-21T07:36:45.268-0500][gc,heap        ] GC(16583) Humongous regions: 4->4
[2020-12-21T07:36:45.268-0500][gc,metaspace   ] GC(16583) Metaspace: 49946K->49946K(1093632K)
[2020-12-21T07:36:45.268-0500][gc,heap        ] GC(16583) Heap after GC invocations=16584 (full 3349): garbage-first heap   total 64512K, used 43198K [0x0000000083000000, 0x0000000100000000)
[2020-12-21T07:36:45.268-0500][gc,heap        ] GC(16583)   region size 1024K, 0 young (0K), 0 survivors (0K)
[2020-12-21T07:36:45.268-0500][gc,heap        ] GC(16583)  Metaspace       used 49946K, capacity 52104K, committed 53632K, reserved 1093632K
[2020-12-21T07:36:45.268-0500][gc,heap        ] GC(16583)   class space    used 7422K, capacity 8193K, committed 8832K, reserved 1048576K
[2020-12-21T07:36:45.268-0500][gc             ] GC(16583) Pause Full (System.gc()) 43M->42M(63M) 76.191ms
[2020-12-21T07:36:45.268-0500][gc,cpu         ] GC(16583) User=0.33s Sys=0.00s Real=0.08s
[2020-12-21T07:38:36.015-0500][gc,heap        ] GC(16584) Heap before GC invocations=16584 (full 3349): garbage-first heap   total 64512K, used 52414K [0x0000000083000000, 0x0000000100000000)
[2020-12-21T07:38:36.015-0500][gc,heap        ] GC(16584)   region size 1024K, 10 young (10240K), 0 survivors (0K)
[2020-12-21T07:38:36.015-0500][gc,heap        ] GC(16584)  Metaspace       used 49946K, capacity 52104K, committed 53632K, reserved 1093632K
[2020-12-21T07:38:36.015-0500][gc,heap        ] GC(16584)   class space    used 7422K, capacity 8193K, committed 8832K, reserved 1048576K
[2020-12-21T07:38:36.015-0500][gc,start       ] GC(16584) Pause Young (Normal) (G1 Evacuation Pause)
[2020-12-21T07:38:36.015-0500][gc,task        ] GC(16584) Using 8 workers of 8 for evacuation
[2020-12-21T07:38:36.016-0500][gc,phases      ] GC(16584)   Pre Evacuate Collection Set: 0.0ms
[2020-12-21T07:38:36.016-0500][gc,phases      ] GC(16584)   Evacuate Collection Set: 0.4ms
[2020-12-21T07:38:36.016-0500][gc,phases      ] GC(16584)   Post Evacuate Collection Set: 0.9ms
[2020-12-21T07:38:36.016-0500][gc,phases      ] GC(16584)   Other: 0.2ms
[2020-12-21T07:38:36.016-0500][gc,heap        ] GC(16584) Eden regions: 10->0(9)
[2020-12-21T07:38:36.016-0500][gc,heap        ] GC(16584) Survivor regions: 0->1(2)
[2020-12-21T07:38:36.016-0500][gc,heap        ] GC(16584) Old regions: 41->41
[2020-12-21T07:38:36.016-0500][gc,heap        ] GC(16584) Humongous regions: 4->4
[2020-12-21T07:38:36.016-0500][gc,metaspace   ] GC(16584) Metaspace: 49946K->49946K(1093632K)
[2020-12-21T07:38:36.016-0500][gc,heap        ] GC(16584) Heap after GC invocations=16585 (full 3349): garbage-first heap   total 64512K, used 43297K [0x0000000083000000, 0x0000000100000000)
[2020-12-21T07:38:36.017-0500][gc,heap        ] GC(16584)   region size 1024K, 1 young (1024K), 1 survivors (1024K)
[2020-12-21T07:38:36.017-0500][gc,heap        ] GC(16584)  Metaspace       used 49946K, capacity 52104K, committed 53632K, reserved 1093632K
[2020-12-21T07:38:36.017-0500][gc,heap        ] GC(16584)   class space    used 7422K, capacity 8193K, committed 8832K, reserved 1048576K
[2020-12-21T07:38:36.017-0500][gc             ] GC(16584) Pause Young (Normal) (G1 Evacuation Pause) 52M->42M(63M) 1.631ms
[2020-12-21T07:38:36.017-0500][gc,cpu         ] GC(16584) User=0.00s Sys=0.00s Real=0.00s
[2020-12-21T07:40:23.931-0500][gc,heap        ] GC(16585) Heap before GC invocations=16585 (full 3349): garbage-first heap   total 64512K, used 51489K [0x0000000083000000, 0x0000000100000000)
[2020-12-21T07:40:23.931-0500][gc,heap        ] GC(16585)   region size 1024K, 10 young (10240K), 1 survivors (1024K)
[2020-12-21T07:40:23.931-0500][gc,heap        ] GC(16585)  Metaspace       used 49946K, capacity 52104K, committed 53632K, reserved 1093632K
[2020-12-21T07:40:23.931-0500][gc,heap        ] GC(16585)   class space    used 7422K, capacity 8193K, committed 8832K, reserved 1048576K
[2020-12-21T07:40:23.931-0500][gc,start       ] GC(16585) Pause Young (Normal) (G1 Evacuation Pause)
[2020-12-21T07:40:23.931-0500][gc,task        ] GC(16585) Using 8 workers of 8 for evacuation
[2020-12-21T07:40:23.935-0500][gc,phases      ] GC(16585)   Pre Evacuate Collection Set: 0.0ms
[2020-12-21T07:40:23.935-0500][gc,phases      ] GC(16585)   Evacuate Collection Set: 1.0ms
[2020-12-21T07:40:23.935-0500][gc,phases      ] GC(16585)   Post Evacuate Collection Set: 2.2ms
[2020-12-21T07:40:23.935-0500][gc,phases      ] GC(16585)   Other: 0.3ms
[2020-12-21T07:40:23.935-0500][gc,heap        ] GC(16585) Eden regions: 9->0(9)
[2020-12-21T07:40:23.935-0500][gc,heap        ] GC(16585) Survivor regions: 1->1(2)
[2020-12-21T07:40:23.935-0500][gc,heap        ] GC(16585) Old regions: 41->41
[2020-12-21T07:40:23.935-0500][gc,heap        ] GC(16585) Humongous regions: 4->4
[2020-12-21T07:40:23.935-0500][gc,metaspace   ] GC(16585) Metaspace: 49946K->49946K(1093632K)
[2020-12-21T07:40:23.935-0500][gc,heap        ] GC(16585) Heap after GC invocations=16586 (full 3349): garbage-first heap   total 64512K, used 43266K [0x0000000083000000, 0x0000000100000000)
[2020-12-21T07:40:23.935-0500][gc,heap        ] GC(16585)   region size 1024K, 1 young (1024K), 1 survivors (1024K)
[2020-12-21T07:40:23.935-0500][gc,heap        ] GC(16585)  Metaspace       used 49946K, capacity 52104K, committed 53632K, reserved 1093632K
[2020-12-21T07:40:23.935-0500][gc,heap        ] GC(16585)   class space    used 7422K, capacity 8193K, committed 8832K, reserved 1048576K
[2020-12-21T07:40:23.935-0500][gc             ] GC(16585) Pause Young (Normal) (G1 Evacuation Pause) 51M->42M(63M) 3.715ms
[2020-12-21T07:40:23.935-0500][gc,cpu         ] GC(16585) User=0.01s Sys=0.01s Real=0.00s
[2020-12-21T07:41:45.190-0500][gc,task        ] GC(16586) Using 5 workers of 8 for full compaction
[2020-12-21T07:41:45.190-0500][gc,start       ] GC(16586) Pause Full (System.gc())
[2020-12-21T07:41:45.190-0500][gc,heap        ] GC(16586) Heap before GC invocations=16586 (full 3349): garbage-first heap   total 64512K, used 50434K [0x0000000083000000, 0x0000000100000000)
[2020-12-21T07:41:45.190-0500][gc,heap        ] GC(16586)   region size 1024K, 9 young (9216K), 1 survivors (1024K)
[2020-12-21T07:41:45.190-0500][gc,heap        ] GC(16586)  Metaspace       used 49946K, capacity 52104K, committed 53632K, reserved 1093632K
[2020-12-21T07:41:45.190-0500][gc,heap        ] GC(16586)   class space    used 7422K, capacity 8193K, committed 8832K, reserved 1048576K
[2020-12-21T07:41:45.191-0500][gc,phases,start] GC(16586) Phase 1: Mark live objects
[2020-12-21T07:41:45.252-0500][gc,stringtable ] GC(16586) Cleaned string and symbol table, strings: 33106 processed, 4 removed, symbols: 120816 processed, 0 removed
[2020-12-21T07:41:45.252-0500][gc,phases      ] GC(16586) Phase 1: Mark live objects 61.699ms
[2020-12-21T07:41:45.252-0500][gc,phases,start] GC(16586) Phase 2: Prepare for compaction
[2020-12-21T07:41:45.256-0500][gc,phases      ] GC(16586) Phase 2: Prepare for compaction 3.647ms
[2020-12-21T07:41:45.256-0500][gc,phases,start] GC(16586) Phase 3: Adjust pointers
[2020-12-21T07:41:45.271-0500][gc,phases      ] GC(16586) Phase 3: Adjust pointers 14.490ms
[2020-12-21T07:41:45.271-0500][gc,phases,start] GC(16586) Phase 4: Compact heap
[2020-12-21T07:41:45.275-0500][gc,phases      ] GC(16586) Phase 4: Compact heap 4.122ms
[2020-12-21T07:41:45.286-0500][gc,heap        ] GC(16586) Eden regions: 8->0(9)
[2020-12-21T07:41:45.286-0500][gc,heap        ] GC(16586) Survivor regions: 1->0(2)
[2020-12-21T07:41:45.286-0500][gc,heap        ] GC(16586) Old regions: 41->42
[2020-12-21T07:41:45.286-0500][gc,heap        ] GC(16586) Humongous regions: 4->4
[2020-12-21T07:41:45.286-0500][gc,metaspace   ] GC(16586) Metaspace: 49946K->49946K(1093632K)
[2020-12-21T07:41:45.286-0500][gc,heap        ] GC(16586) Heap after GC invocations=16587 (full 3350): garbage-first heap   total 64512K, used 43216K [0x0000000083000000, 0x0000000100000000)
[2020-12-21T07:41:45.286-0500][gc,heap        ] GC(16586)   region size 1024K, 0 young (0K), 0 survivors (0K)
[2020-12-21T07:41:45.286-0500][gc,heap        ] GC(16586)  Metaspace       used 49946K, capacity 52104K, committed 53632K, reserved 1093632K
[2020-12-21T07:41:45.286-0500][gc,heap        ] GC(16586)   class space    used 7422K, capacity 8193K, committed 8832K, reserved 1048576K
[2020-12-21T07:41:45.286-0500][gc             ] GC(16586) Pause Full (System.gc()) 49M->42M(63M) 95.572ms
[2020-12-21T07:41:45.286-0500][gc,cpu         ] GC(16586) User=0.39s Sys=0.00s Real=0.09s
[2020-12-21T07:43:24.468-0500][gc,heap        ] GC(16587) Heap before GC invocations=16587 (full 3350): garbage-first heap   total 64512K, used 51408K [0x0000000083000000, 0x0000000100000000)
[2020-12-21T07:43:24.468-0500][gc,heap        ] GC(16587)   region size 1024K, 9 young (9216K), 0 survivors (0K)
[2020-12-21T07:43:24.468-0500][gc,heap        ] GC(16587)  Metaspace       used 49946K, capacity 52104K, committed 53632K, reserved 1093632K
[2020-12-21T07:43:24.468-0500][gc,heap        ] GC(16587)   class space    used 7422K, capacity 8193K, committed 8832K, reserved 1048576K
[2020-12-21T07:43:24.468-0500][gc,start       ] GC(16587) Pause Young (Normal) (G1 Evacuation Pause)
[2020-12-21T07:43:24.468-0500][gc,task        ] GC(16587) Using 8 workers of 8 for evacuation
[2020-12-21T07:43:24.470-0500][gc,phases      ] GC(16587)   Pre Evacuate Collection Set: 0.1ms
[2020-12-21T07:43:24.470-0500][gc,phases      ] GC(16587)   Evacuate Collection Set: 0.8ms
[2020-12-21T07:43:24.470-0500][gc,phases      ] GC(16587)   Post Evacuate Collection Set: 1.0ms
[2020-12-21T07:43:24.470-0500][gc,phases      ] GC(16587)   Other: 0.2ms
[2020-12-21T07:43:24.470-0500][gc,heap        ] GC(16587) Eden regions: 9->0(8)
[2020-12-21T07:43:24.470-0500][gc,heap        ] GC(16587) Survivor regions: 0->1(2)
[2020-12-21T07:43:24.470-0500][gc,heap        ] GC(16587) Old regions: 42->42
[2020-12-21T07:43:24.470-0500][gc,heap        ] GC(16587) Humongous regions: 4->4
[2020-12-21T07:43:24.470-0500][gc,metaspace   ] GC(16587) Metaspace: 49946K->49946K(1093632K)
[2020-12-21T07:43:24.470-0500][gc,heap        ] GC(16587) Heap after GC invocations=16588 (full 3350): garbage-first heap   total 64512K, used 43344K [0x0000000083000000, 0x0000000100000000)
[2020-12-21T07:43:24.470-0500][gc,heap        ] GC(16587)   region size 1024K, 1 young (1024K), 1 survivors (1024K)
[2020-12-21T07:43:24.470-0500][gc,heap        ] GC(16587)  Metaspace       used 49946K, capacity 52104K, committed 53632K, reserved 1093632K
[2020-12-21T07:43:24.470-0500][gc,heap        ] GC(16587)   class space    used 7422K, capacity 8193K, committed 8832K, reserved 1048576K
[2020-12-21T07:43:24.470-0500][gc             ] GC(16587) Pause Young (Normal) (G1 Evacuation Pause) 51M->42M(63M) 2.053ms
[2020-12-21T07:43:24.470-0500][gc,cpu         ] GC(16587) User=0.01s Sys=0.00s Real=0.00s
[2020-12-21T07:44:54.786-0500][gc,heap        ] GC(16588) Heap before GC invocations=16588 (full 3350): garbage-first heap   total 64512K, used 50512K [0x0000000083000000, 0x0000000100000000)
[2020-12-21T07:44:54.786-0500][gc,heap        ] GC(16588)   region size 1024K, 9 young (9216K), 1 survivors (1024K)
[2020-12-21T07:44:54.786-0500][gc,heap        ] GC(16588)  Metaspace       used 49946K, capacity 52104K, committed 53632K, reserved 1093632K
[2020-12-21T07:44:54.786-0500][gc,heap        ] GC(16588)   class space    used 7422K, capacity 8193K, committed 8832K, reserved 1048576K
[2020-12-21T07:44:54.786-0500][gc,start       ] GC(16588) Pause Young (Normal) (G1 Evacuation Pause)
[2020-12-21T07:44:54.786-0500][gc,task        ] GC(16588) Using 8 workers of 8 for evacuation
[2020-12-21T07:44:54.788-0500][gc,phases      ] GC(16588)   Pre Evacuate Collection Set: 0.0ms
[2020-12-21T07:44:54.788-0500][gc,phases      ] GC(16588)   Evacuate Collection Set: 0.6ms
[2020-12-21T07:44:54.788-0500][gc,phases      ] GC(16588)   Post Evacuate Collection Set: 0.9ms
[2020-12-21T07:44:54.788-0500][gc,phases      ] GC(16588)   Other: 0.2ms
[2020-12-21T07:44:54.788-0500][gc,heap        ] GC(16588) Eden regions: 8->0(8)
[2020-12-21T07:44:54.788-0500][gc,heap        ] GC(16588) Survivor regions: 1->1(2)
[2020-12-21T07:44:54.788-0500][gc,heap        ] GC(16588) Old regions: 42->42
[2020-12-21T07:44:54.788-0500][gc,heap        ] GC(16588) Humongous regions: 4->4
[2020-12-21T07:44:54.788-0500][gc,metaspace   ] GC(16588) Metaspace: 49946K->49946K(1093632K)
[2020-12-21T07:44:54.788-0500][gc,heap        ] GC(16588) Heap after GC invocations=16589 (full 3350): garbage-first heap   total 64512K, used 43342K [0x0000000083000000, 0x0000000100000000)
[2020-12-21T07:44:54.788-0500][gc,heap        ] GC(16588)   region size 1024K, 1 young (1024K), 1 survivors (1024K)
[2020-12-21T07:44:54.788-0500][gc,heap        ] GC(16588)  Metaspace       used 49946K, capacity 52104K, committed 53632K, reserved 1093632K
[2020-12-21T07:44:54.788-0500][gc,heap        ] GC(16588)   class space    used 7422K, capacity 8193K, committed 8832K, reserved 1048576K
[2020-12-21T07:44:54.788-0500][gc             ] GC(16588) Pause Young (Normal) (G1 Evacuation Pause) 50M->42M(63M) 1.631ms
[2020-12-21T07:44:54.788-0500][gc,cpu         ] GC(16588) User=0.00s Sys=0.00s Real=0.00s
[2020-12-21T07:46:25.002-0500][gc,heap        ] GC(16589) Heap before GC invocations=16589 (full 3350): garbage-first heap   total 64512K, used 51534K [0x0000000083000000, 0x0000000100000000)
[2020-12-21T07:46:25.002-0500][gc,heap        ] GC(16589)   region size 1024K, 9 young (9216K), 1 survivors (1024K)
[2020-12-21T07:46:25.002-0500][gc,heap        ] GC(16589)  Metaspace       used 49946K, capacity 52104K, committed 53632K, reserved 1093632K
[2020-12-21T07:46:25.002-0500][gc,heap        ] GC(16589)   class space    used 7422K, capacity 8193K, committed 8832K, reserved 1048576K
[2020-12-21T07:46:25.002-0500][gc,start       ] GC(16589) Pause Young (Normal) (G1 Evacuation Pause)
[2020-12-21T07:46:25.002-0500][gc,task        ] GC(16589) Using 8 workers of 8 for evacuation
[2020-12-21T07:46:25.003-0500][gc,phases      ] GC(16589)   Pre Evacuate Collection Set: 0.0ms
[2020-12-21T07:46:25.003-0500][gc,phases      ] GC(16589)   Evacuate Collection Set: 0.6ms
[2020-12-21T07:46:25.003-0500][gc,phases      ] GC(16589)   Post Evacuate Collection Set: 0.8ms
[2020-12-21T07:46:25.003-0500][gc,phases      ] GC(16589)   Other: 0.2ms
[2020-12-21T07:46:25.003-0500][gc,heap        ] GC(16589) Eden regions: 8->0(8)
[2020-12-21T07:46:25.003-0500][gc,heap        ] GC(16589) Survivor regions: 1->1(2)
[2020-12-21T07:46:25.003-0500][gc,heap        ] GC(16589) Old regions: 42->42
[2020-12-21T07:46:25.003-0500][gc,heap        ] GC(16589) Humongous regions: 4->4
[2020-12-21T07:46:25.003-0500][gc,metaspace   ] GC(16589) Metaspace: 49946K->49946K(1093632K)
[2020-12-21T07:46:25.003-0500][gc,heap        ] GC(16589) Heap after GC invocations=16590 (full 3350): garbage-first heap   total 64512K, used 43292K [0x0000000083000000, 0x0000000100000000)
[2020-12-21T07:46:25.003-0500][gc,heap        ] GC(16589)   region size 1024K, 1 young (1024K), 1 survivors (1024K)
[2020-12-21T07:46:25.003-0500][gc,heap        ] GC(16589)  Metaspace       used 49946K, capacity 52104K, committed 53632K, reserved 1093632K
[2020-12-21T07:46:25.003-0500][gc,heap        ] GC(16589)   class space    used 7422K, capacity 8193K, committed 8832K, reserved 1048576K
[2020-12-21T07:46:25.003-0500][gc             ] GC(16589) Pause Young (Normal) (G1 Evacuation Pause) 50M->42M(63M) 1.686ms
[2020-12-21T07:46:25.003-0500][gc,cpu         ] GC(16589) User=0.01s Sys=0.00s Real=0.00s
[2020-12-21T07:46:45.190-0500][gc,task        ] GC(16590) Using 5 workers of 8 for full compaction
[2020-12-21T07:46:45.190-0500][gc,start       ] GC(16590) Pause Full (System.gc())
[2020-12-21T07:46:45.190-0500][gc,heap        ] GC(16590) Heap before GC invocations=16590 (full 3350): garbage-first heap   total 64512K, used 43292K [0x0000000083000000, 0x0000000100000000)
[2020-12-21T07:46:45.190-0500][gc,heap        ] GC(16590)   region size 1024K, 3 young (3072K), 1 survivors (1024K)
[2020-12-21T07:46:45.190-0500][gc,heap        ] GC(16590)  Metaspace       used 49946K, capacity 52104K, committed 53632K, reserved 1093632K
[2020-12-21T07:46:45.190-0500][gc,heap        ] GC(16590)   class space    used 7422K, capacity 8193K, committed 8832K, reserved 1048576K
[2020-12-21T07:46:45.190-0500][gc,phases,start] GC(16590) Phase 1: Mark live objects
[2020-12-21T07:46:45.211-0500][gc,stringtable ] GC(16590) Cleaned string and symbol table, strings: 33106 processed, 4 removed, symbols: 120816 processed, 0 removed
[2020-12-21T07:46:45.211-0500][gc,phases      ] GC(16590) Phase 1: Mark live objects 20.943ms
[2020-12-21T07:46:45.211-0500][gc,phases,start] GC(16590) Phase 2: Prepare for compaction
[2020-12-21T07:46:45.215-0500][gc,phases      ] GC(16590) Phase 2: Prepare for compaction 3.609ms
[2020-12-21T07:46:45.215-0500][gc,phases,start] GC(16590) Phase 3: Adjust pointers
[2020-12-21T07:46:45.228-0500][gc,phases      ] GC(16590) Phase 3: Adjust pointers 12.888ms
[2020-12-21T07:46:45.228-0500][gc,phases,start] GC(16590) Phase 4: Compact heap
[2020-12-21T07:46:45.230-0500][gc,phases      ] GC(16590) Phase 4: Compact heap 2.708ms
[2020-12-21T07:46:45.238-0500][gc,heap        ] GC(16590) Eden regions: 2->0(10)
[2020-12-21T07:46:45.238-0500][gc,heap        ] GC(16590) Survivor regions: 1->0(2)
[2020-12-21T07:46:45.238-0500][gc,heap        ] GC(16590) Old regions: 42->41
[2020-12-21T07:46:45.238-0500][gc,heap        ] GC(16590) Humongous regions: 4->4
[2020-12-21T07:46:45.238-0500][gc,metaspace   ] GC(16590) Metaspace: 49946K->49946K(1093632K)
[2020-12-21T07:46:45.238-0500][gc,heap        ] GC(16590) Heap after GC invocations=16591 (full 3351): garbage-first heap   total 64512K, used 43198K [0x0000000083000000, 0x0000000100000000)
[2020-12-21T07:46:45.238-0500][gc,heap        ] GC(16590)   region size 1024K, 0 young (0K), 0 survivors (0K)
[2020-12-21T07:46:45.238-0500][gc,heap        ] GC(16590)  Metaspace       used 49946K, capacity 52104K, committed 53632K, reserved 1093632K
[2020-12-21T07:46:45.238-0500][gc,heap        ] GC(16590)   class space    used 7422K, capacity 8193K, committed 8832K, reserved 1048576K
[2020-12-21T07:46:45.239-0500][gc             ] GC(16590) Pause Full (System.gc()) 44M->42M(63M) 48.740ms
[2020-12-21T07:46:45.239-0500][gc,cpu         ] GC(16590) User=0.19s Sys=0.00s Real=0.05s
[2020-12-21T07:48:36.014-0500][gc,heap        ] GC(16591) Heap before GC invocations=16591 (full 3351): garbage-first heap   total 64512K, used 52414K [0x0000000083000000, 0x0000000100000000)
[2020-12-21T07:48:36.014-0500][gc,heap        ] GC(16591)   region size 1024K, 10 young (10240K), 0 survivors (0K)
[2020-12-21T07:48:36.014-0500][gc,heap        ] GC(16591)  Metaspace       used 49946K, capacity 52104K, committed 53632K, reserved 1093632K
[2020-12-21T07:48:36.014-0500][gc,heap        ] GC(16591)   class space    used 7422K, capacity 8193K, committed 8832K, reserved 1048576K
[2020-12-21T07:48:36.014-0500][gc,start       ] GC(16591) Pause Young (Normal) (G1 Evacuation Pause)
[2020-12-21T07:48:36.014-0500][gc,task        ] GC(16591) Using 8 workers of 8 for evacuation
[2020-12-21T07:48:36.017-0500][gc,phases      ] GC(16591)   Pre Evacuate Collection Set: 0.0ms
[2020-12-21T07:48:36.017-0500][gc,phases      ] GC(16591)   Evacuate Collection Set: 1.2ms
[2020-12-21T07:48:36.017-0500][gc,phases      ] GC(16591)   Post Evacuate Collection Set: 1.9ms
[2020-12-21T07:48:36.017-0500][gc,phases      ] GC(16591)   Other: 0.3ms
[2020-12-21T07:48:36.017-0500][gc,heap        ] GC(16591) Eden regions: 10->0(9)
[2020-12-21T07:48:36.017-0500][gc,heap        ] GC(16591) Survivor regions: 0->1(2)
[2020-12-21T07:48:36.017-0500][gc,heap        ] GC(16591) Old regions: 41->41
[2020-12-21T07:48:36.017-0500][gc,heap        ] GC(16591) Humongous regions: 4->4
[2020-12-21T07:48:36.017-0500][gc,metaspace   ] GC(16591) Metaspace: 49946K->49946K(1093632K)
[2020-12-21T07:48:36.017-0500][gc,heap        ] GC(16591) Heap after GC invocations=16592 (full 3351): garbage-first heap   total 64512K, used 43260K [0x0000000083000000, 0x0000000100000000)
[2020-12-21T07:48:36.017-0500][gc,heap        ] GC(16591)   region size 1024K, 1 young (1024K), 1 survivors (1024K)
[2020-12-21T07:48:36.017-0500][gc,heap        ] GC(16591)  Metaspace       used 49946K, capacity 52104K, committed 53632K, reserved 1093632K
[2020-12-21T07:48:36.017-0500][gc,heap        ] GC(16591)   class space    used 7422K, capacity 8193K, committed 8832K, reserved 1048576K
[2020-12-21T07:48:36.017-0500][gc             ] GC(16591) Pause Young (Normal) (G1 Evacuation Pause) 52M->42M(63M) 3.463ms
[2020-12-21T07:48:36.017-0500][gc,cpu         ] GC(16591) User=0.01s Sys=0.00s Real=0.00s
[2020-12-21T07:50:17.054-0500][gc,heap        ] GC(16592) Heap before GC invocations=16592 (full 3351): garbage-first heap   total 64512K, used 51452K [0x0000000083000000, 0x0000000100000000)
[2020-12-21T07:50:17.055-0500][gc,heap        ] GC(16592)   region size 1024K, 10 young (10240K), 1 survivors (1024K)
[2020-12-21T07:50:17.055-0500][gc,heap        ] GC(16592)  Metaspace       used 49949K, capacity 52104K, committed 53632K, reserved 1093632K
[2020-12-21T07:50:17.055-0500][gc,heap        ] GC(16592)   class space    used 7422K, capacity 8193K, committed 8832K, reserved 1048576K
[2020-12-21T07:50:17.055-0500][gc,start       ] GC(16592) Pause Young (Normal) (G1 Evacuation Pause)
[2020-12-21T07:50:17.055-0500][gc,task        ] GC(16592) Using 8 workers of 8 for evacuation
[2020-12-21T07:50:17.057-0500][gc,phases      ] GC(16592)   Pre Evacuate Collection Set: 0.1ms
[2020-12-21T07:50:17.057-0500][gc,phases      ] GC(16592)   Evacuate Collection Set: 0.7ms
[2020-12-21T07:50:17.057-0500][gc,phases      ] GC(16592)   Post Evacuate Collection Set: 1.2ms
[2020-12-21T07:50:17.057-0500][gc,phases      ] GC(16592)   Other: 0.3ms
[2020-12-21T07:50:17.057-0500][gc,heap        ] GC(16592) Eden regions: 9->0(9)
[2020-12-21T07:50:17.057-0500][gc,heap        ] GC(16592) Survivor regions: 1->1(2)
[2020-12-21T07:50:17.057-0500][gc,heap        ] GC(16592) Old regions: 41->41
[2020-12-21T07:50:17.057-0500][gc,heap        ] GC(16592) Humongous regions: 4->4
[2020-12-21T07:50:17.057-0500][gc,metaspace   ] GC(16592) Metaspace: 49949K->49949K(1093632K)
[2020-12-21T07:50:17.057-0500][gc,heap        ] GC(16592) Heap after GC invocations=16593 (full 3351): garbage-first heap   total 64512K, used 43276K [0x0000000083000000, 0x0000000100000000)
[2020-12-21T07:50:17.057-0500][gc,heap        ] GC(16592)   region size 1024K, 1 young (1024K), 1 survivors (1024K)
[2020-12-21T07:50:17.057-0500][gc,heap        ] GC(16592)  Metaspace       used 49949K, capacity 52104K, committed 53632K, reserved 1093632K
[2020-12-21T07:50:17.057-0500][gc,heap        ] GC(16592)   class space    used 7422K, capacity 8193K, committed 8832K, reserved 1048576K
[2020-12-21T07:50:17.057-0500][gc             ] GC(16592) Pause Young (Normal) (G1 Evacuation Pause) 51M->42M(63M) 2.328ms
[2020-12-21T07:50:17.057-0500][gc,cpu         ] GC(16592) User=0.01s Sys=0.01s Real=0.00s
[2020-12-21T07:51:45.190-0500][gc,task        ] GC(16593) Using 5 workers of 8 for full compaction
[2020-12-21T07:51:45.190-0500][gc,start       ] GC(16593) Pause Full (System.gc())
[2020-12-21T07:51:45.190-0500][gc,heap        ] GC(16593) Heap before GC invocations=16593 (full 3351): garbage-first heap   total 64512K, used 49420K [0x0000000083000000, 0x0000000100000000)
[2020-12-21T07:51:45.190-0500][gc,heap        ] GC(16593)   region size 1024K, 9 young (9216K), 1 survivors (1024K)
[2020-12-21T07:51:45.190-0500][gc,heap        ] GC(16593)  Metaspace       used 49949K, capacity 52104K, committed 53632K, reserved 1093632K
[2020-12-21T07:51:45.190-0500][gc,heap        ] GC(16593)   class space    used 7422K, capacity 8193K, committed 8832K, reserved 1048576K
[2020-12-21T07:51:45.191-0500][gc,phases,start] GC(16593) Phase 1: Mark live objects
[2020-12-21T07:51:45.230-0500][gc,stringtable ] GC(16593) Cleaned string and symbol table, strings: 33106 processed, 4 removed, symbols: 120816 processed, 0 removed
[2020-12-21T07:51:45.230-0500][gc,phases      ] GC(16593) Phase 1: Mark live objects 38.893ms
[2020-12-21T07:51:45.230-0500][gc,phases,start] GC(16593) Phase 2: Prepare for compaction
[2020-12-21T07:51:45.236-0500][gc,phases      ] GC(16593) Phase 2: Prepare for compaction 6.423ms
[2020-12-21T07:51:45.236-0500][gc,phases,start] GC(16593) Phase 3: Adjust pointers
[2020-12-21T07:51:45.250-0500][gc,phases      ] GC(16593) Phase 3: Adjust pointers 13.821ms
[2020-12-21T07:51:45.250-0500][gc,phases,start] GC(16593) Phase 4: Compact heap
[2020-12-21T07:51:45.253-0500][gc,phases      ] GC(16593) Phase 4: Compact heap 2.517ms
[2020-12-21T07:51:45.260-0500][gc,heap        ] GC(16593) Eden regions: 8->0(9)
[2020-12-21T07:51:45.260-0500][gc,heap        ] GC(16593) Survivor regions: 1->0(2)
[2020-12-21T07:51:45.260-0500][gc,heap        ] GC(16593) Old regions: 41->42
[2020-12-21T07:51:45.260-0500][gc,heap        ] GC(16593) Humongous regions: 4->4
[2020-12-21T07:51:45.260-0500][gc,metaspace   ] GC(16593) Metaspace: 49949K->49949K(1093632K)
[2020-12-21T07:51:45.260-0500][gc,heap        ] GC(16593) Heap after GC invocations=16594 (full 3352): garbage-first heap   total 64512K, used 43221K [0x0000000083000000, 0x0000000100000000)
[2020-12-21T07:51:45.260-0500][gc,heap        ] GC(16593)   region size 1024K, 0 young (0K), 0 survivors (0K)
[2020-12-21T07:51:45.260-0500][gc,heap        ] GC(16593)  Metaspace       used 49949K, capacity 52104K, committed 53632K, reserved 1093632K
[2020-12-21T07:51:45.260-0500][gc,heap        ] GC(16593)   class space    used 7422K, capacity 8193K, committed 8832K, reserved 1048576K
[2020-12-21T07:51:45.260-0500][gc             ] GC(16593) Pause Full (System.gc()) 49M->42M(63M) 70.272ms
[2020-12-21T07:51:45.260-0500][gc,cpu         ] GC(16593) User=0.29s Sys=0.00s Real=0.07s
[2020-12-21T07:53:26.012-0500][gc,heap        ] GC(16594) Heap before GC invocations=16594 (full 3352): garbage-first heap   total 64512K, used 51413K [0x0000000083000000, 0x0000000100000000)
[2020-12-21T07:53:26.012-0500][gc,heap        ] GC(16594)   region size 1024K, 9 young (9216K), 0 survivors (0K)
[2020-12-21T07:53:26.012-0500][gc,heap        ] GC(16594)  Metaspace       used 49949K, capacity 52104K, committed 53632K, reserved 1093632K
[2020-12-21T07:53:26.012-0500][gc,heap        ] GC(16594)   class space    used 7422K, capacity 8193K, committed 8832K, reserved 1048576K
[2020-12-21T07:53:26.012-0500][gc,start       ] GC(16594) Pause Young (Normal) (G1 Evacuation Pause)
[2020-12-21T07:53:26.012-0500][gc,task        ] GC(16594) Using 8 workers of 8 for evacuation
[2020-12-21T07:53:26.016-0500][gc,phases      ] GC(16594)   Pre Evacuate Collection Set: 0.0ms
[2020-12-21T07:53:26.016-0500][gc,phases      ] GC(16594)   Evacuate Collection Set: 0.6ms
[2020-12-21T07:53:26.016-0500][gc,phases      ] GC(16594)   Post Evacuate Collection Set: 3.5ms
[2020-12-21T07:53:26.017-0500][gc,phases      ] GC(16594)   Other: 0.2ms
[2020-12-21T07:53:26.017-0500][gc,heap        ] GC(16594) Eden regions: 9->0(8)
[2020-12-21T07:53:26.017-0500][gc,heap        ] GC(16594) Survivor regions: 0->1(2)
[2020-12-21T07:53:26.017-0500][gc,heap        ] GC(16594) Old regions: 42->42
[2020-12-21T07:53:26.017-0500][gc,heap        ] GC(16594) Humongous regions: 4->4
[2020-12-21T07:53:26.017-0500][gc,metaspace   ] GC(16594) Metaspace: 49949K->49949K(1093632K)
[2020-12-21T07:53:26.017-0500][gc,heap        ] GC(16594) Heap after GC invocations=16595 (full 3352): garbage-first heap   total 64512K, used 43289K [0x0000000083000000, 0x0000000100000000)
[2020-12-21T07:53:26.017-0500][gc,heap        ] GC(16594)   region size 1024K, 1 young (1024K), 1 survivors (1024K)
[2020-12-21T07:53:26.017-0500][gc,heap        ] GC(16594)  Metaspace       used 49949K, capacity 52104K, committed 53632K, reserved 1093632K
[2020-12-21T07:53:26.017-0500][gc,heap        ] GC(16594)   class space    used 7422K, capacity 8193K, committed 8832K, reserved 1048576K
[2020-12-21T07:53:26.017-0500][gc             ] GC(16594) Pause Young (Normal) (G1 Evacuation Pause) 51M->42M(63M) 4.317ms
[2020-12-21T07:53:26.017-0500][gc,cpu         ] GC(16594) User=0.02s Sys=0.00s Real=0.00s
[2020-12-21T07:54:56.022-0500][gc,heap        ] GC(16595) Heap before GC invocations=16595 (full 3352): garbage-first heap   total 64512K, used 50457K [0x0000000083000000, 0x0000000100000000)
[2020-12-21T07:54:56.022-0500][gc,heap        ] GC(16595)   region size 1024K, 9 young (9216K), 1 survivors (1024K)
[2020-12-21T07:54:56.022-0500][gc,heap        ] GC(16595)  Metaspace       used 49949K, capacity 52104K, committed 53632K, reserved 1093632K
[2020-12-21T07:54:56.022-0500][gc,heap        ] GC(16595)   class space    used 7422K, capacity 8193K, committed 8832K, reserved 1048576K
[2020-12-21T07:54:56.022-0500][gc,start       ] GC(16595) Pause Young (Normal) (G1 Evacuation Pause)
[2020-12-21T07:54:56.022-0500][gc,task        ] GC(16595) Using 8 workers of 8 for evacuation
[2020-12-21T07:54:56.025-0500][gc,phases      ] GC(16595)   Pre Evacuate Collection Set: 0.0ms
[2020-12-21T07:54:56.025-0500][gc,phases      ] GC(16595)   Evacuate Collection Set: 1.3ms
[2020-12-21T07:54:56.025-0500][gc,phases      ] GC(16595)   Post Evacuate Collection Set: 1.6ms
[2020-12-21T07:54:56.025-0500][gc,phases      ] GC(16595)   Other: 0.4ms
[2020-12-21T07:54:56.025-0500][gc,heap        ] GC(16595) Eden regions: 8->0(8)
[2020-12-21T07:54:56.025-0500][gc,heap        ] GC(16595) Survivor regions: 1->1(2)
[2020-12-21T07:54:56.025-0500][gc,heap        ] GC(16595) Old regions: 42->42
[2020-12-21T07:54:56.025-0500][gc,heap        ] GC(16595) Humongous regions: 4->4
[2020-12-21T07:54:56.025-0500][gc,metaspace   ] GC(16595) Metaspace: 49949K->49949K(1093632K)
[2020-12-21T07:54:56.025-0500][gc,heap        ] GC(16595) Heap after GC invocations=16596 (full 3352): garbage-first heap   total 64512K, used 43270K [0x0000000083000000, 0x0000000100000000)
[2020-12-21T07:54:56.026-0500][gc,heap        ] GC(16595)   region size 1024K, 1 young (1024K), 1 survivors (1024K)
[2020-12-21T07:54:56.026-0500][gc,heap        ] GC(16595)  Metaspace       used 49949K, capacity 52104K, committed 53632K, reserved 1093632K
[2020-12-21T07:54:56.026-0500][gc,heap        ] GC(16595)   class space    used 7422K, capacity 8193K, committed 8832K, reserved 1048576K
[2020-12-21T07:54:56.026-0500][gc             ] GC(16595) Pause Young (Normal) (G1 Evacuation Pause) 50M->42M(63M) 3.437ms
[2020-12-21T07:54:56.026-0500][gc,cpu         ] GC(16595) User=0.00s Sys=0.01s Real=0.00s
[2020-12-21T07:56:26.462-0500][gc,heap        ] GC(16596) Heap before GC invocations=16596 (full 3352): garbage-first heap   total 64512K, used 50438K [0x0000000083000000, 0x0000000100000000)
[2020-12-21T07:56:26.462-0500][gc,heap        ] GC(16596)   region size 1024K, 9 young (9216K), 1 survivors (1024K)
[2020-12-21T07:56:26.462-0500][gc,heap        ] GC(16596)  Metaspace       used 49949K, capacity 52104K, committed 53632K, reserved 1093632K
[2020-12-21T07:56:26.462-0500][gc,heap        ] GC(16596)   class space    used 7422K, capacity 8193K, committed 8832K, reserved 1048576K
[2020-12-21T07:56:26.462-0500][gc,start       ] GC(16596) Pause Young (Normal) (G1 Evacuation Pause)
[2020-12-21T07:56:26.462-0500][gc,task        ] GC(16596) Using 8 workers of 8 for evacuation
[2020-12-21T07:56:26.464-0500][gc,phases      ] GC(16596)   Pre Evacuate Collection Set: 0.0ms
[2020-12-21T07:56:26.464-0500][gc,phases      ] GC(16596)   Evacuate Collection Set: 0.8ms
[2020-12-21T07:56:26.464-0500][gc,phases      ] GC(16596)   Post Evacuate Collection Set: 1.0ms
[2020-12-21T07:56:26.464-0500][gc,phases      ] GC(16596)   Other: 0.3ms
[2020-12-21T07:56:26.464-0500][gc,heap        ] GC(16596) Eden regions: 8->0(8)
[2020-12-21T07:56:26.464-0500][gc,heap        ] GC(16596) Survivor regions: 1->1(2)
[2020-12-21T07:56:26.464-0500][gc,heap        ] GC(16596) Old regions: 42->42
[2020-12-21T07:56:26.464-0500][gc,heap        ] GC(16596) Humongous regions: 4->4
[2020-12-21T07:56:26.464-0500][gc,metaspace   ] GC(16596) Metaspace: 49949K->49949K(1093632K)
[2020-12-21T07:56:26.464-0500][gc,heap        ] GC(16596) Heap after GC invocations=16597 (full 3352): garbage-first heap   total 64512K, used 43281K [0x0000000083000000, 0x0000000100000000)
[2020-12-21T07:56:26.464-0500][gc,heap        ] GC(16596)   region size 1024K, 1 young (1024K), 1 survivors (1024K)
[2020-12-21T07:56:26.464-0500][gc,heap        ] GC(16596)  Metaspace       used 49949K, capacity 52104K, committed 53632K, reserved 1093632K
[2020-12-21T07:56:26.464-0500][gc,heap        ] GC(16596)   class space    used 7422K, capacity 8193K, committed 8832K, reserved 1048576K
[2020-12-21T07:56:26.465-0500][gc             ] GC(16596) Pause Young (Normal) (G1 Evacuation Pause) 50M->42M(63M) 2.103ms
[2020-12-21T07:56:26.465-0500][gc,cpu         ] GC(16596) User=0.01s Sys=0.00s Real=0.00s
[2020-12-21T07:56:45.189-0500][gc,task        ] GC(16597) Using 5 workers of 8 for full compaction
[2020-12-21T07:56:45.189-0500][gc,start       ] GC(16597) Pause Full (System.gc())
[2020-12-21T07:56:45.189-0500][gc,heap        ] GC(16597) Heap before GC invocations=16597 (full 3352): garbage-first heap   total 64512K, used 44305K [0x0000000083000000, 0x0000000100000000)
[2020-12-21T07:56:45.189-0500][gc,heap        ] GC(16597)   region size 1024K, 3 young (3072K), 1 survivors (1024K)
[2020-12-21T07:56:45.189-0500][gc,heap        ] GC(16597)  Metaspace       used 49949K, capacity 52104K, committed 53632K, reserved 1093632K
[2020-12-21T07:56:45.189-0500][gc,heap        ] GC(16597)   class space    used 7422K, capacity 8193K, committed 8832K, reserved 1048576K
[2020-12-21T07:56:45.190-0500][gc,phases,start] GC(16597) Phase 1: Mark live objects
[2020-12-21T07:56:45.218-0500][gc,stringtable ] GC(16597) Cleaned string and symbol table, strings: 33106 processed, 4 removed, symbols: 120816 processed, 0 removed
[2020-12-21T07:56:45.218-0500][gc,phases      ] GC(16597) Phase 1: Mark live objects 28.413ms
[2020-12-21T07:56:45.218-0500][gc,phases,start] GC(16597) Phase 2: Prepare for compaction
[2020-12-21T07:56:45.222-0500][gc,phases      ] GC(16597) Phase 2: Prepare for compaction 3.661ms
[2020-12-21T07:56:45.222-0500][gc,phases,start] GC(16597) Phase 3: Adjust pointers
[2020-12-21T07:56:45.235-0500][gc,phases      ] GC(16597) Phase 3: Adjust pointers 13.556ms
[2020-12-21T07:56:45.235-0500][gc,phases,start] GC(16597) Phase 4: Compact heap
[2020-12-21T07:56:45.238-0500][gc,phases      ] GC(16597) Phase 4: Compact heap 2.614ms
[2020-12-21T07:56:45.244-0500][gc,heap        ] GC(16597) Eden regions: 2->0(10)
[2020-12-21T07:56:45.244-0500][gc,heap        ] GC(16597) Survivor regions: 1->0(2)
[2020-12-21T07:56:45.244-0500][gc,heap        ] GC(16597) Old regions: 42->41
[2020-12-21T07:56:45.244-0500][gc,heap        ] GC(16597) Humongous regions: 4->4
[2020-12-21T07:56:45.244-0500][gc,metaspace   ] GC(16597) Metaspace: 49949K->49949K(1093632K)
[2020-12-21T07:56:45.244-0500][gc,heap        ] GC(16597) Heap after GC invocations=16598 (full 3353): garbage-first heap   total 64512K, used 43198K [0x0000000083000000, 0x0000000100000000)
[2020-12-21T07:56:45.245-0500][gc,heap        ] GC(16597)   region size 1024K, 0 young (0K), 0 survivors (0K)
[2020-12-21T07:56:45.245-0500][gc,heap        ] GC(16597)  Metaspace       used 49949K, capacity 52104K, committed 53632K, reserved 1093632K
[2020-12-21T07:56:45.245-0500][gc,heap        ] GC(16597)   class space    used 7422K, capacity 8193K, committed 8832K, reserved 1048576K
[2020-12-21T07:56:45.245-0500][gc             ] GC(16597) Pause Full (System.gc()) 43M->42M(63M) 55.201ms
[2020-12-21T07:56:45.245-0500][gc,cpu         ] GC(16597) User=0.23s Sys=0.00s Real=0.05s
[2020-12-21T07:58:36.013-0500][gc,heap        ] GC(16598) Heap before GC invocations=16598 (full 3353): garbage-first heap   total 64512K, used 52414K [0x0000000083000000, 0x0000000100000000)
[2020-12-21T07:58:36.013-0500][gc,heap        ] GC(16598)   region size 1024K, 10 young (10240K), 0 survivors (0K)
[2020-12-21T07:58:36.013-0500][gc,heap        ] GC(16598)  Metaspace       used 49949K, capacity 52104K, committed 53632K, reserved 1093632K
[2020-12-21T07:58:36.013-0500][gc,heap        ] GC(16598)   class space    used 7422K, capacity 8193K, committed 8832K, reserved 1048576K
[2020-12-21T07:58:36.013-0500][gc,start       ] GC(16598) Pause Young (Normal) (G1 Evacuation Pause)
[2020-12-21T07:58:36.013-0500][gc,task        ] GC(16598) Using 8 workers of 8 for evacuation
[2020-12-21T07:58:36.046-0500][gc,phases      ] GC(16598)   Pre Evacuate Collection Set: 0.0ms
[2020-12-21T07:58:36.047-0500][gc,phases      ] GC(16598)   Evacuate Collection Set: 2.7ms
[2020-12-21T07:58:36.047-0500][gc,phases      ] GC(16598)   Post Evacuate Collection Set: 30.8ms
[2020-12-21T07:58:36.047-0500][gc,phases      ] GC(16598)   Other: 0.3ms
[2020-12-21T07:58:36.047-0500][gc,heap        ] GC(16598) Eden regions: 10->0(9)
[2020-12-21T07:58:36.047-0500][gc,heap        ] GC(16598) Survivor regions: 0->1(2)
[2020-12-21T07:58:36.047-0500][gc,heap        ] GC(16598) Old regions: 41->41
[2020-12-21T07:58:36.047-0500][gc,heap        ] GC(16598) Humongous regions: 4->4
[2020-12-21T07:58:36.047-0500][gc,metaspace   ] GC(16598) Metaspace: 49949K->49949K(1093632K)
[2020-12-21T07:58:36.047-0500][gc,heap        ] GC(16598) Heap after GC invocations=16599 (full 3353): garbage-first heap   total 64512K, used 43278K [0x0000000083000000, 0x0000000100000000)
[2020-12-21T07:58:36.047-0500][gc,heap        ] GC(16598)   region size 1024K, 1 young (1024K), 1 survivors (1024K)
[2020-12-21T07:58:36.047-0500][gc,heap        ] GC(16598)  Metaspace       used 49949K, capacity 52104K, committed 53632K, reserved 1093632K
[2020-12-21T07:58:36.047-0500][gc,heap        ] GC(16598)   class space    used 7422K, capacity 8193K, committed 8832K, reserved 1048576K
[2020-12-21T07:58:36.047-0500][gc             ] GC(16598) Pause Young (Normal) (G1 Evacuation Pause) 52M->42M(63M) 34.169ms
[2020-12-21T07:58:36.047-0500][gc,cpu         ] GC(16598) User=0.22s Sys=0.00s Real=0.03s
[2020-12-21T08:00:16.014-0500][gc,heap        ] GC(16599) Heap before GC invocations=16599 (full 3353): garbage-first heap   total 64512K, used 51470K [0x0000000083000000, 0x0000000100000000)
[2020-12-21T08:00:16.014-0500][gc,heap        ] GC(16599)   region size 1024K, 10 young (10240K), 1 survivors (1024K)
[2020-12-21T08:00:16.014-0500][gc,heap        ] GC(16599)  Metaspace       used 49949K, capacity 52104K, committed 53632K, reserved 1093632K
[2020-12-21T08:00:16.014-0500][gc,heap        ] GC(16599)   class space    used 7422K, capacity 8193K, committed 8832K, reserved 1048576K
[2020-12-21T08:00:16.014-0500][gc,start       ] GC(16599) Pause Young (Normal) (G1 Evacuation Pause)
[2020-12-21T08:00:16.014-0500][gc,task        ] GC(16599) Using 8 workers of 8 for evacuation
[2020-12-21T08:00:16.016-0500][gc,phases      ] GC(16599)   Pre Evacuate Collection Set: 0.0ms
[2020-12-21T08:00:16.016-0500][gc,phases      ] GC(16599)   Evacuate Collection Set: 0.7ms
[2020-12-21T08:00:16.016-0500][gc,phases      ] GC(16599)   Post Evacuate Collection Set: 0.8ms
[2020-12-21T08:00:16.016-0500][gc,phases      ] GC(16599)   Other: 0.2ms
[2020-12-21T08:00:16.016-0500][gc,heap        ] GC(16599) Eden regions: 9->0(9)
[2020-12-21T08:00:16.016-0500][gc,heap        ] GC(16599) Survivor regions: 1->1(2)
[2020-12-21T08:00:16.016-0500][gc,heap        ] GC(16599) Old regions: 41->41
[2020-12-21T08:00:16.016-0500][gc,heap        ] GC(16599) Humongous regions: 4->4
[2020-12-21T08:00:16.016-0500][gc,metaspace   ] GC(16599) Metaspace: 49949K->49949K(1093632K)
[2020-12-21T08:00:16.016-0500][gc,heap        ] GC(16599) Heap after GC invocations=16600 (full 3353): garbage-first heap   total 64512K, used 43259K [0x0000000083000000, 0x0000000100000000)
[2020-12-21T08:00:16.016-0500][gc,heap        ] GC(16599)   region size 1024K, 1 young (1024K), 1 survivors (1024K)
[2020-12-21T08:00:16.016-0500][gc,heap        ] GC(16599)  Metaspace       used 49949K, capacity 52104K, committed 53632K, reserved 1093632K
[2020-12-21T08:00:16.016-0500][gc,heap        ] GC(16599)   class space    used 7422K, capacity 8193K, committed 8832K, reserved 1048576K
[2020-12-21T08:00:16.016-0500][gc             ] GC(16599) Pause Young (Normal) (G1 Evacuation Pause) 51M->42M(63M) 1.790ms
[2020-12-21T08:00:16.016-0500][gc,cpu         ] GC(16599) User=0.00s Sys=0.00s Real=0.00s
[2020-12-21T08:01:45.191-0500][gc,task        ] GC(16600) Using 5 workers of 8 for full compaction
[2020-12-21T08:01:45.191-0500][gc,start       ] GC(16600) Pause Full (System.gc())
[2020-12-21T08:01:45.191-0500][gc,heap        ] GC(16600) Heap before GC invocations=16600 (full 3353): garbage-first heap   total 64512K, used 49403K [0x0000000083000000, 0x0000000100000000)
[2020-12-21T08:01:45.191-0500][gc,heap        ] GC(16600)   region size 1024K, 9 young (9216K), 1 survivors (1024K)
[2020-12-21T08:01:45.191-0500][gc,heap        ] GC(16600)  Metaspace       used 49949K, capacity 52104K, committed 53632K, reserved 1093632K
[2020-12-21T08:01:45.191-0500][gc,heap        ] GC(16600)   class space    used 7422K, capacity 8193K, committed 8832K, reserved 1048576K
[2020-12-21T08:01:45.191-0500][gc,phases,start] GC(16600) Phase 1: Mark live objects
[2020-12-21T08:01:45.211-0500][gc,stringtable ] GC(16600) Cleaned string and symbol table, strings: 33106 processed, 4 removed, symbols: 120816 processed, 0 removed
[2020-12-21T08:01:45.211-0500][gc,phases      ] GC(16600) Phase 1: Mark live objects 20.421ms
[2020-12-21T08:01:45.211-0500][gc,phases,start] GC(16600) Phase 2: Prepare for compaction
[2020-12-21T08:01:45.215-0500][gc,phases      ] GC(16600) Phase 2: Prepare for compaction 3.437ms
[2020-12-21T08:01:45.215-0500][gc,phases,start] GC(16600) Phase 3: Adjust pointers
[2020-12-21T08:01:45.226-0500][gc,phases      ] GC(16600) Phase 3: Adjust pointers 11.380ms
[2020-12-21T08:01:45.226-0500][gc,phases,start] GC(16600) Phase 4: Compact heap
[2020-12-21T08:01:45.229-0500][gc,phases      ] GC(16600) Phase 4: Compact heap 2.710ms
[2020-12-21T08:01:45.236-0500][gc,heap        ] GC(16600) Eden regions: 8->0(9)
[2020-12-21T08:01:45.236-0500][gc,heap        ] GC(16600) Survivor regions: 1->0(2)
[2020-12-21T08:01:45.236-0500][gc,heap        ] GC(16600) Old regions: 41->42
[2020-12-21T08:01:45.236-0500][gc,heap        ] GC(16600) Humongous regions: 4->4
[2020-12-21T08:01:45.236-0500][gc,metaspace   ] GC(16600) Metaspace: 49949K->49949K(1093632K)
[2020-12-21T08:01:45.236-0500][gc,heap        ] GC(16600) Heap after GC invocations=16601 (full 3354): garbage-first heap   total 64512K, used 43226K [0x0000000083000000, 0x0000000100000000)
[2020-12-21T08:01:45.236-0500][gc,heap        ] GC(16600)   region size 1024K, 0 young (0K), 0 survivors (0K)
[2020-12-21T08:01:45.236-0500][gc,heap        ] GC(16600)  Metaspace       used 49949K, capacity 52104K, committed 53632K, reserved 1093632K
[2020-12-21T08:01:45.236-0500][gc,heap        ] GC(16600)   class space    used 7422K, capacity 8193K, committed 8832K, reserved 1048576K
[2020-12-21T08:01:45.236-0500][gc             ] GC(16600) Pause Full (System.gc()) 49M->42M(63M) 45.135ms
[2020-12-21T08:01:45.236-0500][gc,cpu         ] GC(16600) User=0.19s Sys=0.00s Real=0.04s
[2020-12-21T08:03:26.013-0500][gc,heap        ] GC(16601) Heap before GC invocations=16601 (full 3354): garbage-first heap   total 64512K, used 51418K [0x0000000083000000, 0x0000000100000000)
[2020-12-21T08:03:26.013-0500][gc,heap        ] GC(16601)   region size 1024K, 9 young (9216K), 0 survivors (0K)
[2020-12-21T08:03:26.013-0500][gc,heap        ] GC(16601)  Metaspace       used 49949K, capacity 52104K, committed 53632K, reserved 1093632K
[2020-12-21T08:03:26.013-0500][gc,heap        ] GC(16601)   class space    used 7422K, capacity 8193K, committed 8832K, reserved 1048576K
[2020-12-21T08:03:26.013-0500][gc,start       ] GC(16601) Pause Young (Normal) (G1 Evacuation Pause)
[2020-12-21T08:03:26.013-0500][gc,task        ] GC(16601) Using 8 workers of 8 for evacuation
[2020-12-21T08:03:26.014-0500][gc,phases      ] GC(16601)   Pre Evacuate Collection Set: 0.0ms
[2020-12-21T08:03:26.014-0500][gc,phases      ] GC(16601)   Evacuate Collection Set: 0.6ms
[2020-12-21T08:03:26.014-0500][gc,phases      ] GC(16601)   Post Evacuate Collection Set: 0.9ms
[2020-12-21T08:03:26.014-0500][gc,phases      ] GC(16601)   Other: 0.2ms
[2020-12-21T08:03:26.014-0500][gc,heap        ] GC(16601) Eden regions: 9->0(8)
[2020-12-21T08:03:26.014-0500][gc,heap        ] GC(16601) Survivor regions: 0->1(2)
[2020-12-21T08:03:26.014-0500][gc,heap        ] GC(16601) Old regions: 42->42
[2020-12-21T08:03:26.014-0500][gc,heap        ] GC(16601) Humongous regions: 4->4
[2020-12-21T08:03:26.014-0500][gc,metaspace   ] GC(16601) Metaspace: 49949K->49949K(1093632K)
[2020-12-21T08:03:26.014-0500][gc,heap        ] GC(16601) Heap after GC invocations=16602 (full 3354): garbage-first heap   total 64512K, used 43289K [0x0000000083000000, 0x0000000100000000)
[2020-12-21T08:03:26.014-0500][gc,heap        ] GC(16601)   region size 1024K, 1 young (1024K), 1 survivors (1024K)
[2020-12-21T08:03:26.014-0500][gc,heap        ] GC(16601)  Metaspace       used 49949K, capacity 52104K, committed 53632K, reserved 1093632K
[2020-12-21T08:03:26.014-0500][gc,heap        ] GC(16601)   class space    used 7422K, capacity 8193K, committed 8832K, reserved 1048576K
[2020-12-21T08:03:26.014-0500][gc             ] GC(16601) Pause Young (Normal) (G1 Evacuation Pause) 51M->42M(63M) 1.712ms
[2020-12-21T08:03:26.014-0500][gc,cpu         ] GC(16601) User=0.00s Sys=0.00s Real=0.00s
[2020-12-21T08:04:56.013-0500][gc,heap        ] GC(16602) Heap before GC invocations=16602 (full 3354): garbage-first heap   total 64512K, used 50457K [0x0000000083000000, 0x0000000100000000)
[2020-12-21T08:04:56.013-0500][gc,heap        ] GC(16602)   region size 1024K, 9 young (9216K), 1 survivors (1024K)
[2020-12-21T08:04:56.013-0500][gc,heap        ] GC(16602)  Metaspace       used 49949K, capacity 52104K, committed 53632K, reserved 1093632K
[2020-12-21T08:04:56.013-0500][gc,heap        ] GC(16602)   class space    used 7422K, capacity 8193K, committed 8832K, reserved 1048576K
[2020-12-21T08:04:56.013-0500][gc,start       ] GC(16602) Pause Young (Normal) (G1 Evacuation Pause)
[2020-12-21T08:04:56.013-0500][gc,task        ] GC(16602) Using 8 workers of 8 for evacuation
[2020-12-21T08:04:56.015-0500][gc,phases      ] GC(16602)   Pre Evacuate Collection Set: 0.0ms
[2020-12-21T08:04:56.015-0500][gc,phases      ] GC(16602)   Evacuate Collection Set: 0.6ms
[2020-12-21T08:04:56.015-0500][gc,phases      ] GC(16602)   Post Evacuate Collection Set: 1.3ms
[2020-12-21T08:04:56.015-0500][gc,phases      ] GC(16602)   Other: 0.2ms
[2020-12-21T08:04:56.015-0500][gc,heap        ] GC(16602) Eden regions: 8->0(8)
[2020-12-21T08:04:56.015-0500][gc,heap        ] GC(16602) Survivor regions: 1->1(2)
[2020-12-21T08:04:56.016-0500][gc,heap        ] GC(16602) Old regions: 42->42
[2020-12-21T08:04:56.016-0500][gc,heap        ] GC(16602) Humongous regions: 4->4
[2020-12-21T08:04:56.016-0500][gc,metaspace   ] GC(16602) Metaspace: 49949K->49949K(1093632K)
[2020-12-21T08:04:56.016-0500][gc,heap        ] GC(16602) Heap after GC invocations=16603 (full 3354): garbage-first heap   total 64512K, used 43269K [0x0000000083000000, 0x0000000100000000)
[2020-12-21T08:04:56.016-0500][gc,heap        ] GC(16602)   region size 1024K, 1 young (1024K), 1 survivors (1024K)
[2020-12-21T08:04:56.016-0500][gc,heap        ] GC(16602)  Metaspace       used 49949K, capacity 52104K, committed 53632K, reserved 1093632K
[2020-12-21T08:04:56.016-0500][gc,heap        ] GC(16602)   class space    used 7422K, capacity 8193K, committed 8832K, reserved 1048576K
[2020-12-21T08:04:56.016-0500][gc             ] GC(16602) Pause Young (Normal) (G1 Evacuation Pause) 50M->42M(63M) 2.161ms
[2020-12-21T08:04:56.016-0500][gc,cpu         ] GC(16602) User=0.00s Sys=0.01s Real=0.00s
[2020-12-21T08:06:27.845-0500][gc,heap        ] GC(16603) Heap before GC invocations=16603 (full 3354): garbage-first heap   total 64512K, used 50437K [0x0000000083000000, 0x0000000100000000)
[2020-12-21T08:06:27.845-0500][gc,heap        ] GC(16603)   region size 1024K, 9 young (9216K), 1 survivors (1024K)
[2020-12-21T08:06:27.845-0500][gc,heap        ] GC(16603)  Metaspace       used 49949K, capacity 52104K, committed 53632K, reserved 1093632K
[2020-12-21T08:06:27.845-0500][gc,heap        ] GC(16603)   class space    used 7422K, capacity 8193K, committed 8832K, reserved 1048576K
[2020-12-21T08:06:27.845-0500][gc,start       ] GC(16603) Pause Young (Normal) (G1 Evacuation Pause)
[2020-12-21T08:06:27.845-0500][gc,task        ] GC(16603) Using 8 workers of 8 for evacuation
[2020-12-21T08:06:27.849-0500][gc,phases      ] GC(16603)   Pre Evacuate Collection Set: 0.0ms
[2020-12-21T08:06:27.849-0500][gc,phases      ] GC(16603)   Evacuate Collection Set: 0.9ms
[2020-12-21T08:06:27.849-0500][gc,phases      ] GC(16603)   Post Evacuate Collection Set: 2.4ms
[2020-12-21T08:06:27.849-0500][gc,phases      ] GC(16603)   Other: 0.2ms
[2020-12-21T08:06:27.849-0500][gc,heap        ] GC(16603) Eden regions: 8->0(8)
[2020-12-21T08:06:27.849-0500][gc,heap        ] GC(16603) Survivor regions: 1->1(2)
[2020-12-21T08:06:27.849-0500][gc,heap        ] GC(16603) Old regions: 42->42
[2020-12-21T08:06:27.849-0500][gc,heap        ] GC(16603) Humongous regions: 4->4
[2020-12-21T08:06:27.849-0500][gc,metaspace   ] GC(16603) Metaspace: 49949K->49949K(1093632K)
[2020-12-21T08:06:27.849-0500][gc,heap        ] GC(16603) Heap after GC invocations=16604 (full 3354): garbage-first heap   total 64512K, used 43275K [0x0000000083000000, 0x0000000100000000)
[2020-12-21T08:06:27.849-0500][gc,heap        ] GC(16603)   region size 1024K, 1 young (1024K), 1 survivors (1024K)
[2020-12-21T08:06:27.849-0500][gc,heap        ] GC(16603)  Metaspace       used 49949K, capacity 52104K, committed 53632K, reserved 1093632K
[2020-12-21T08:06:27.849-0500][gc,heap        ] GC(16603)   class space    used 7422K, capacity 8193K, committed 8832K, reserved 1048576K
[2020-12-21T08:06:27.849-0500][gc             ] GC(16603) Pause Young (Normal) (G1 Evacuation Pause) 50M->42M(63M) 3.576ms
[2020-12-21T08:06:27.849-0500][gc,cpu         ] GC(16603) User=0.01s Sys=0.00s Real=0.01s
[2020-12-21T08:06:45.194-0500][gc,task        ] GC(16604) Using 5 workers of 8 for full compaction
[2020-12-21T08:06:45.194-0500][gc,start       ] GC(16604) Pause Full (System.gc())
[2020-12-21T08:06:45.194-0500][gc,heap        ] GC(16604) Heap before GC invocations=16604 (full 3354): garbage-first heap   total 64512K, used 44299K [0x0000000083000000, 0x0000000100000000)
[2020-12-21T08:06:45.194-0500][gc,heap        ] GC(16604)   region size 1024K, 3 young (3072K), 1 survivors (1024K)
[2020-12-21T08:06:45.194-0500][gc,heap        ] GC(16604)  Metaspace       used 49949K, capacity 52104K, committed 53632K, reserved 1093632K
[2020-12-21T08:06:45.194-0500][gc,heap        ] GC(16604)   class space    used 7422K, capacity 8193K, committed 8832K, reserved 1048576K
[2020-12-21T08:06:45.195-0500][gc,phases,start] GC(16604) Phase 1: Mark live objects
[2020-12-21T08:06:45.234-0500][gc,stringtable ] GC(16604) Cleaned string and symbol table, strings: 33106 processed, 4 removed, symbols: 120816 processed, 0 removed
[2020-12-21T08:06:45.234-0500][gc,phases      ] GC(16604) Phase 1: Mark live objects 39.367ms
[2020-12-21T08:06:45.234-0500][gc,phases,start] GC(16604) Phase 2: Prepare for compaction
[2020-12-21T08:06:45.238-0500][gc,phases      ] GC(16604) Phase 2: Prepare for compaction 3.678ms
[2020-12-21T08:06:45.238-0500][gc,phases,start] GC(16604) Phase 3: Adjust pointers
[2020-12-21T08:06:45.251-0500][gc,phases      ] GC(16604) Phase 3: Adjust pointers 13.593ms
[2020-12-21T08:06:45.251-0500][gc,phases,start] GC(16604) Phase 4: Compact heap
[2020-12-21T08:06:45.254-0500][gc,phases      ] GC(16604) Phase 4: Compact heap 2.787ms
[2020-12-21T08:06:45.262-0500][gc,heap        ] GC(16604) Eden regions: 2->0(11)
[2020-12-21T08:06:45.262-0500][gc,heap        ] GC(16604) Survivor regions: 1->0(2)
[2020-12-21T08:06:45.262-0500][gc,heap        ] GC(16604) Old regions: 42->40
[2020-12-21T08:06:45.262-0500][gc,heap        ] GC(16604) Humongous regions: 4->4
[2020-12-21T08:06:45.262-0500][gc,metaspace   ] GC(16604) Metaspace: 49949K->49949K(1093632K)
[2020-12-21T08:06:45.262-0500][gc,heap        ] GC(16604) Heap after GC invocations=16605 (full 3355): garbage-first heap   total 64512K, used 43202K [0x0000000083000000, 0x0000000100000000)
[2020-12-21T08:06:45.262-0500][gc,heap        ] GC(16604)   region size 1024K, 0 young (0K), 0 survivors (0K)
[2020-12-21T08:06:45.262-0500][gc,heap        ] GC(16604)  Metaspace       used 49949K, capacity 52104K, committed 53632K, reserved 1093632K
[2020-12-21T08:06:45.262-0500][gc,heap        ] GC(16604)   class space    used 7422K, capacity 8193K, committed 8832K, reserved 1048576K
[2020-12-21T08:06:45.262-0500][gc             ] GC(16604) Pause Full (System.gc()) 43M->42M(63M) 68.051ms
[2020-12-21T08:06:45.262-0500][gc,cpu         ] GC(16604) User=0.27s Sys=0.00s Real=0.07s
[2020-12-21T08:08:50.476-0500][gc,heap        ] GC(16605) Heap before GC invocations=16605 (full 3355): garbage-first heap   total 64512K, used 53442K [0x0000000083000000, 0x0000000100000000)
[2020-12-21T08:08:50.476-0500][gc,heap        ] GC(16605)   region size 1024K, 11 young (11264K), 0 survivors (0K)
[2020-12-21T08:08:50.476-0500][gc,heap        ] GC(16605)  Metaspace       used 49949K, capacity 52104K, committed 53632K, reserved 1093632K
[2020-12-21T08:08:50.476-0500][gc,heap        ] GC(16605)   class space    used 7422K, capacity 8193K, committed 8832K, reserved 1048576K
[2020-12-21T08:08:50.477-0500][gc,start       ] GC(16605) Pause Young (Normal) (G1 Evacuation Pause)
[2020-12-21T08:08:50.477-0500][gc,task        ] GC(16605) Using 8 workers of 8 for evacuation
[2020-12-21T08:08:50.478-0500][gc,phases      ] GC(16605)   Pre Evacuate Collection Set: 0.0ms
[2020-12-21T08:08:50.478-0500][gc,phases      ] GC(16605)   Evacuate Collection Set: 0.7ms
[2020-12-21T08:08:50.478-0500][gc,phases      ] GC(16605)   Post Evacuate Collection Set: 1.0ms
[2020-12-21T08:08:50.478-0500][gc,phases      ] GC(16605)   Other: 0.3ms
[2020-12-21T08:08:50.478-0500][gc,heap        ] GC(16605) Eden regions: 11->0(10)
[2020-12-21T08:08:50.478-0500][gc,heap        ] GC(16605) Survivor regions: 0->1(2)
[2020-12-21T08:08:50.478-0500][gc,heap        ] GC(16605) Old regions: 40->40
[2020-12-21T08:08:50.478-0500][gc,heap        ] GC(16605) Humongous regions: 4->4
[2020-12-21T08:08:50.478-0500][gc,metaspace   ] GC(16605) Metaspace: 49949K->49949K(1093632K)
[2020-12-21T08:08:50.478-0500][gc,heap        ] GC(16605) Heap after GC invocations=16606 (full 3355): garbage-first heap   total 64512K, used 43281K [0x0000000083000000, 0x0000000100000000)
[2020-12-21T08:08:50.478-0500][gc,heap        ] GC(16605)   region size 1024K, 1 young (1024K), 1 survivors (1024K)
[2020-12-21T08:08:50.479-0500][gc,heap        ] GC(16605)  Metaspace       used 49949K, capacity 52104K, committed 53632K, reserved 1093632K
[2020-12-21T08:08:50.479-0500][gc,heap        ] GC(16605)   class space    used 7422K, capacity 8193K, committed 8832K, reserved 1048576K
[2020-12-21T08:08:50.479-0500][gc             ] GC(16605) Pause Young (Normal) (G1 Evacuation Pause) 53M->42M(63M) 2.007ms
[2020-12-21T08:08:50.479-0500][gc,cpu         ] GC(16605) User=0.00s Sys=0.00s Real=0.01s
[2020-12-21T08:10:39.915-0500][gc,heap        ] GC(16606) Heap before GC invocations=16606 (full 3355): garbage-first heap   total 64512K, used 53521K [0x0000000083000000, 0x0000000100000000)
[2020-12-21T08:10:39.915-0500][gc,heap        ] GC(16606)   region size 1024K, 11 young (11264K), 1 survivors (1024K)
[2020-12-21T08:10:39.915-0500][gc,heap        ] GC(16606)  Metaspace       used 49949K, capacity 52104K, committed 53632K, reserved 1093632K
[2020-12-21T08:10:39.915-0500][gc,heap        ] GC(16606)   class space    used 7422K, capacity 8193K, committed 8832K, reserved 1048576K
[2020-12-21T08:10:39.915-0500][gc,start       ] GC(16606) Pause Young (Normal) (G1 Evacuation Pause)
[2020-12-21T08:10:39.915-0500][gc,task        ] GC(16606) Using 8 workers of 8 for evacuation
[2020-12-21T08:10:39.917-0500][gc,phases      ] GC(16606)   Pre Evacuate Collection Set: 0.0ms
[2020-12-21T08:10:39.917-0500][gc,phases      ] GC(16606)   Evacuate Collection Set: 0.7ms
[2020-12-21T08:10:39.917-0500][gc,phases      ] GC(16606)   Post Evacuate Collection Set: 1.0ms
[2020-12-21T08:10:39.917-0500][gc,phases      ] GC(16606)   Other: 0.2ms
[2020-12-21T08:10:39.917-0500][gc,heap        ] GC(16606) Eden regions: 10->0(10)
[2020-12-21T08:10:39.917-0500][gc,heap        ] GC(16606) Survivor regions: 1->1(2)
[2020-12-21T08:10:39.917-0500][gc,heap        ] GC(16606) Old regions: 40->40
[2020-12-21T08:10:39.917-0500][gc,heap        ] GC(16606) Humongous regions: 4->4
[2020-12-21T08:10:39.917-0500][gc,metaspace   ] GC(16606) Metaspace: 49949K->49949K(1093632K)
[2020-12-21T08:10:39.917-0500][gc,heap        ] GC(16606) Heap after GC invocations=16607 (full 3355): garbage-first heap   total 64512K, used 43260K [0x0000000083000000, 0x0000000100000000)
[2020-12-21T08:10:39.917-0500][gc,heap        ] GC(16606)   region size 1024K, 1 young (1024K), 1 survivors (1024K)
[2020-12-21T08:10:39.917-0500][gc,heap        ] GC(16606)  Metaspace       used 49949K, capacity 52104K, committed 53632K, reserved 1093632K
[2020-12-21T08:10:39.917-0500][gc,heap        ] GC(16606)   class space    used 7422K, capacity 8193K, committed 8832K, reserved 1048576K
[2020-12-21T08:10:39.917-0500][gc             ] GC(16606) Pause Young (Normal) (G1 Evacuation Pause) 52M->42M(63M) 1.916ms
[2020-12-21T08:10:39.917-0500][gc,cpu         ] GC(16606) User=0.00s Sys=0.00s Real=0.00s
[2020-12-21T08:11:45.193-0500][gc,task        ] GC(16607) Using 5 workers of 8 for full compaction
[2020-12-21T08:11:45.193-0500][gc,start       ] GC(16607) Pause Full (System.gc())
[2020-12-21T08:11:45.193-0500][gc,heap        ] GC(16607) Heap before GC invocations=16607 (full 3355): garbage-first heap   total 64512K, used 47356K [0x0000000083000000, 0x0000000100000000)
[2020-12-21T08:11:45.193-0500][gc,heap        ] GC(16607)   region size 1024K, 7 young (7168K), 1 survivors (1024K)
[2020-12-21T08:11:45.193-0500][gc,heap        ] GC(16607)  Metaspace       used 49949K, capacity 52104K, committed 53632K, reserved 1093632K
[2020-12-21T08:11:45.193-0500][gc,heap        ] GC(16607)   class space    used 7422K, capacity 8193K, committed 8832K, reserved 1048576K
[2020-12-21T08:11:45.193-0500][gc,phases,start] GC(16607) Phase 1: Mark live objects
[2020-12-21T08:11:45.218-0500][gc,stringtable ] GC(16607) Cleaned string and symbol table, strings: 33106 processed, 4 removed, symbols: 120816 processed, 0 removed
[2020-12-21T08:11:45.218-0500][gc,phases      ] GC(16607) Phase 1: Mark live objects 24.863ms
[2020-12-21T08:11:45.218-0500][gc,phases,start] GC(16607) Phase 2: Prepare for compaction
[2020-12-21T08:11:45.221-0500][gc,phases      ] GC(16607) Phase 2: Prepare for compaction 3.441ms
[2020-12-21T08:11:45.221-0500][gc,phases,start] GC(16607) Phase 3: Adjust pointers
[2020-12-21T08:11:45.234-0500][gc,phases      ] GC(16607) Phase 3: Adjust pointers 12.419ms
[2020-12-21T08:11:45.234-0500][gc,phases,start] GC(16607) Phase 4: Compact heap
[2020-12-21T08:11:45.237-0500][gc,phases      ] GC(16607) Phase 4: Compact heap 3.088ms
[2020-12-21T08:11:45.243-0500][gc,heap        ] GC(16607) Eden regions: 6->0(10)
[2020-12-21T08:11:45.243-0500][gc,heap        ] GC(16607) Survivor regions: 1->0(2)
[2020-12-21T08:11:45.243-0500][gc,heap        ] GC(16607) Old regions: 40->41
[2020-12-21T08:11:45.243-0500][gc,heap        ] GC(16607) Humongous regions: 4->4
[2020-12-21T08:11:45.243-0500][gc,metaspace   ] GC(16607) Metaspace: 49949K->49949K(1093632K)
[2020-12-21T08:11:45.243-0500][gc,heap        ] GC(16607) Heap after GC invocations=16608 (full 3356): garbage-first heap   total 64512K, used 43216K [0x0000000083000000, 0x0000000100000000)
[2020-12-21T08:11:45.243-0500][gc,heap        ] GC(16607)   region size 1024K, 0 young (0K), 0 survivors (0K)
[2020-12-21T08:11:45.243-0500][gc,heap        ] GC(16607)  Metaspace       used 49949K, capacity 52104K, committed 53632K, reserved 1093632K
[2020-12-21T08:11:45.243-0500][gc,heap        ] GC(16607)   class space    used 7422K, capacity 8193K, committed 8832K, reserved 1048576K
[2020-12-21T08:11:45.243-0500][gc             ] GC(16607) Pause Full (System.gc()) 47M->42M(63M) 50.660ms
[2020-12-21T08:11:45.243-0500][gc,cpu         ] GC(16607) User=0.19s Sys=0.00s Real=0.05s
[2020-12-21T08:13:29.976-0500][gc,heap        ] GC(16608) Heap before GC invocations=16608 (full 3356): garbage-first heap   total 64512K, used 52432K [0x0000000083000000, 0x0000000100000000)
[2020-12-21T08:13:29.976-0500][gc,heap        ] GC(16608)   region size 1024K, 10 young (10240K), 0 survivors (0K)
[2020-12-21T08:13:29.976-0500][gc,heap        ] GC(16608)  Metaspace       used 49949K, capacity 52104K, committed 53632K, reserved 1093632K
[2020-12-21T08:13:29.976-0500][gc,heap        ] GC(16608)   class space    used 7422K, capacity 8193K, committed 8832K, reserved 1048576K
[2020-12-21T08:13:29.981-0500][gc,start       ] GC(16608) Pause Young (Normal) (G1 Evacuation Pause)
[2020-12-21T08:13:29.981-0500][gc,task        ] GC(16608) Using 8 workers of 8 for evacuation
[2020-12-21T08:13:29.985-0500][gc,phases      ] GC(16608)   Pre Evacuate Collection Set: 0.0ms
[2020-12-21T08:13:29.985-0500][gc,phases      ] GC(16608)   Evacuate Collection Set: 1.7ms
[2020-12-21T08:13:29.985-0500][gc,phases      ] GC(16608)   Post Evacuate Collection Set: 2.0ms
[2020-12-21T08:13:29.985-0500][gc,phases      ] GC(16608)   Other: 4.9ms
[2020-12-21T08:13:29.985-0500][gc,heap        ] GC(16608) Eden regions: 10->0(9)
[2020-12-21T08:13:29.985-0500][gc,heap        ] GC(16608) Survivor regions: 0->1(2)
[2020-12-21T08:13:29.985-0500][gc,heap        ] GC(16608) Old regions: 41->41
[2020-12-21T08:13:29.985-0500][gc,heap        ] GC(16608) Humongous regions: 4->4
[2020-12-21T08:13:29.985-0500][gc,metaspace   ] GC(16608) Metaspace: 49949K->49949K(1093632K)
[2020-12-21T08:13:29.985-0500][gc,heap        ] GC(16608) Heap after GC invocations=16609 (full 3356): garbage-first heap   total 64512K, used 43277K [0x0000000083000000, 0x0000000100000000)
[2020-12-21T08:13:29.985-0500][gc,heap        ] GC(16608)   region size 1024K, 1 young (1024K), 1 survivors (1024K)
[2020-12-21T08:13:29.985-0500][gc,heap        ] GC(16608)  Metaspace       used 49949K, capacity 52104K, committed 53632K, reserved 1093632K
[2020-12-21T08:13:29.985-0500][gc,heap        ] GC(16608)   class space    used 7422K, capacity 8193K, committed 8832K, reserved 1048576K
[2020-12-21T08:13:29.985-0500][gc             ] GC(16608) Pause Young (Normal) (G1 Evacuation Pause) 52M->42M(63M) 4.007ms
[2020-12-21T08:13:29.985-0500][gc,cpu         ] GC(16608) User=0.01s Sys=0.00s Real=0.00s
[2020-12-21T08:15:16.013-0500][gc,heap        ] GC(16609) Heap before GC invocations=16609 (full 3356): garbage-first heap   total 64512K, used 51469K [0x0000000083000000, 0x0000000100000000)
[2020-12-21T08:15:16.013-0500][gc,heap        ] GC(16609)   region size 1024K, 10 young (10240K), 1 survivors (1024K)
[2020-12-21T08:15:16.013-0500][gc,heap        ] GC(16609)  Metaspace       used 49949K, capacity 52104K, committed 53632K, reserved 1093632K
[2020-12-21T08:15:16.013-0500][gc,heap        ] GC(16609)   class space    used 7422K, capacity 8193K, committed 8832K, reserved 1048576K
[2020-12-21T08:15:16.013-0500][gc,start       ] GC(16609) Pause Young (Normal) (G1 Evacuation Pause)
[2020-12-21T08:15:16.013-0500][gc,task        ] GC(16609) Using 8 workers of 8 for evacuation
[2020-12-21T08:15:16.016-0500][gc,phases      ] GC(16609)   Pre Evacuate Collection Set: 0.0ms
[2020-12-21T08:15:16.016-0500][gc,phases      ] GC(16609)   Evacuate Collection Set: 0.7ms
[2020-12-21T08:15:16.016-0500][gc,phases      ] GC(16609)   Post Evacuate Collection Set: 1.7ms
[2020-12-21T08:15:16.016-0500][gc,phases      ] GC(16609)   Other: 0.3ms
[2020-12-21T08:15:16.016-0500][gc,heap        ] GC(16609) Eden regions: 9->0(9)
[2020-12-21T08:15:16.016-0500][gc,heap        ] GC(16609) Survivor regions: 1->1(2)
[2020-12-21T08:15:16.016-0500][gc,heap        ] GC(16609) Old regions: 41->41
[2020-12-21T08:15:16.016-0500][gc,heap        ] GC(16609) Humongous regions: 4->4
[2020-12-21T08:15:16.016-0500][gc,metaspace   ] GC(16609) Metaspace: 49949K->49949K(1093632K)
[2020-12-21T08:15:16.016-0500][gc,heap        ] GC(16609) Heap after GC invocations=16610 (full 3356): garbage-first heap   total 64512K, used 43284K [0x0000000083000000, 0x0000000100000000)
[2020-12-21T08:15:16.016-0500][gc,heap        ] GC(16609)   region size 1024K, 1 young (1024K), 1 survivors (1024K)
[2020-12-21T08:15:16.016-0500][gc,heap        ] GC(16609)  Metaspace       used 49949K, capacity 52104K, committed 53632K, reserved 1093632K
[2020-12-21T08:15:16.016-0500][gc,heap        ] GC(16609)   class space    used 7422K, capacity 8193K, committed 8832K, reserved 1048576K
[2020-12-21T08:15:16.016-0500][gc             ] GC(16609) Pause Young (Normal) (G1 Evacuation Pause) 51M->42M(63M) 2.741ms
[2020-12-21T08:15:16.016-0500][gc,cpu         ] GC(16609) User=0.01s Sys=0.01s Real=0.00s
[2020-12-21T08:16:45.191-0500][gc,task        ] GC(16610) Using 5 workers of 8 for full compaction
[2020-12-21T08:16:45.191-0500][gc,start       ] GC(16610) Pause Full (System.gc())
[2020-12-21T08:16:45.191-0500][gc,heap        ] GC(16610) Heap before GC invocations=16610 (full 3356): garbage-first heap   total 64512K, used 50452K [0x0000000083000000, 0x0000000100000000)
[2020-12-21T08:16:45.191-0500][gc,heap        ] GC(16610)   region size 1024K, 9 young (9216K), 1 survivors (1024K)
[2020-12-21T08:16:45.191-0500][gc,heap        ] GC(16610)  Metaspace       used 49949K, capacity 52104K, committed 53632K, reserved 1093632K
[2020-12-21T08:16:45.191-0500][gc,heap        ] GC(16610)   class space    used 7422K, capacity 8193K, committed 8832K, reserved 1048576K
[2020-12-21T08:16:45.191-0500][gc,phases,start] GC(16610) Phase 1: Mark live objects
[2020-12-21T08:16:45.217-0500][gc,stringtable ] GC(16610) Cleaned string and symbol table, strings: 33106 processed, 4 removed, symbols: 120816 processed, 0 removed
[2020-12-21T08:16:45.217-0500][gc,phases      ] GC(16610) Phase 1: Mark live objects 25.924ms
[2020-12-21T08:16:45.217-0500][gc,phases,start] GC(16610) Phase 2: Prepare for compaction
[2020-12-21T08:16:45.222-0500][gc,phases      ] GC(16610) Phase 2: Prepare for compaction 4.772ms
[2020-12-21T08:16:45.222-0500][gc,phases,start] GC(16610) Phase 3: Adjust pointers
[2020-12-21T08:16:45.234-0500][gc,phases      ] GC(16610) Phase 3: Adjust pointers 12.225ms
[2020-12-21T08:16:45.234-0500][gc,phases,start] GC(16610) Phase 4: Compact heap
[2020-12-21T08:16:45.238-0500][gc,phases      ] GC(16610) Phase 4: Compact heap 4.272ms
[2020-12-21T08:16:45.245-0500][gc,heap        ] GC(16610) Eden regions: 8->0(10)
[2020-12-21T08:16:45.245-0500][gc,heap        ] GC(16610) Survivor regions: 1->0(2)
[2020-12-21T08:16:45.245-0500][gc,heap        ] GC(16610) Old regions: 41->41
[2020-12-21T08:16:45.245-0500][gc,heap        ] GC(16610) Humongous regions: 4->4
[2020-12-21T08:16:45.245-0500][gc,metaspace   ] GC(16610) Metaspace: 49949K->49949K(1093632K)
[2020-12-21T08:16:45.245-0500][gc,heap        ] GC(16610) Heap after GC invocations=16611 (full 3357): garbage-first heap   total 64512K, used 43221K [0x0000000083000000, 0x0000000100000000)
[2020-12-21T08:16:45.245-0500][gc,heap        ] GC(16610)   region size 1024K, 0 young (0K), 0 survivors (0K)
[2020-12-21T08:16:45.245-0500][gc,heap        ] GC(16610)  Metaspace       used 49949K, capacity 52104K, committed 53632K, reserved 1093632K
[2020-12-21T08:16:45.245-0500][gc,heap        ] GC(16610)   class space    used 7422K, capacity 8193K, committed 8832K, reserved 1048576K
[2020-12-21T08:16:45.245-0500][gc             ] GC(16610) Pause Full (System.gc()) 50M->42M(63M) 54.300ms
[2020-12-21T08:16:45.245-0500][gc,cpu         ] GC(16610) User=0.22s Sys=0.00s Real=0.05s
[2020-12-21T08:18:30.101-0500][gc,heap        ] GC(16611) Heap before GC invocations=16611 (full 3357): garbage-first heap   total 64512K, used 52437K [0x0000000083000000, 0x0000000100000000)
[2020-12-21T08:18:30.101-0500][gc,heap        ] GC(16611)   region size 1024K, 10 young (10240K), 0 survivors (0K)
[2020-12-21T08:18:30.101-0500][gc,heap        ] GC(16611)  Metaspace       used 49949K, capacity 52104K, committed 53632K, reserved 1093632K
[2020-12-21T08:18:30.101-0500][gc,heap        ] GC(16611)   class space    used 7422K, capacity 8193K, committed 8832K, reserved 1048576K
[2020-12-21T08:18:30.101-0500][gc,start       ] GC(16611) Pause Young (Normal) (G1 Evacuation Pause)
[2020-12-21T08:18:30.101-0500][gc,task        ] GC(16611) Using 8 workers of 8 for evacuation
[2020-12-21T08:18:30.103-0500][gc,phases      ] GC(16611)   Pre Evacuate Collection Set: 0.0ms
[2020-12-21T08:18:30.103-0500][gc,phases      ] GC(16611)   Evacuate Collection Set: 0.9ms
[2020-12-21T08:18:30.103-0500][gc,phases      ] GC(16611)   Post Evacuate Collection Set: 0.8ms
[2020-12-21T08:18:30.103-0500][gc,phases      ] GC(16611)   Other: 0.2ms
[2020-12-21T08:18:30.103-0500][gc,heap        ] GC(16611) Eden regions: 10->0(9)
[2020-12-21T08:18:30.103-0500][gc,heap        ] GC(16611) Survivor regions: 0->1(2)
[2020-12-21T08:18:30.103-0500][gc,heap        ] GC(16611) Old regions: 41->41
[2020-12-21T08:18:30.103-0500][gc,heap        ] GC(16611) Humongous regions: 4->4
[2020-12-21T08:18:30.103-0500][gc,metaspace   ] GC(16611) Metaspace: 49949K->49949K(1093632K)
[2020-12-21T08:18:30.103-0500][gc,heap        ] GC(16611) Heap after GC invocations=16612 (full 3357): garbage-first heap   total 64512K, used 43278K [0x0000000083000000, 0x0000000100000000)
[2020-12-21T08:18:30.103-0500][gc,heap        ] GC(16611)   region size 1024K, 1 young (1024K), 1 survivors (1024K)
[2020-12-21T08:18:30.103-0500][gc,heap        ] GC(16611)  Metaspace       used 49949K, capacity 52104K, committed 53632K, reserved 1093632K
[2020-12-21T08:18:30.103-0500][gc,heap        ] GC(16611)   class space    used 7422K, capacity 8193K, committed 8832K, reserved 1048576K
[2020-12-21T08:18:30.103-0500][gc             ] GC(16611) Pause Young (Normal) (G1 Evacuation Pause) 52M->42M(63M) 1.905ms
[2020-12-21T08:18:30.103-0500][gc,cpu         ] GC(16611) User=0.00s Sys=0.00s Real=0.00s
[2020-12-21T08:20:16.013-0500][gc,heap        ] GC(16612) Heap before GC invocations=16612 (full 3357): garbage-first heap   total 64512K, used 51470K [0x0000000083000000, 0x0000000100000000)
[2020-12-21T08:20:16.013-0500][gc,heap        ] GC(16612)   region size 1024K, 10 young (10240K), 1 survivors (1024K)
[2020-12-21T08:20:16.013-0500][gc,heap        ] GC(16612)  Metaspace       used 49949K, capacity 52104K, committed 53632K, reserved 1093632K
[2020-12-21T08:20:16.013-0500][gc,heap        ] GC(16612)   class space    used 7422K, capacity 8193K, committed 8832K, reserved 1048576K
[2020-12-21T08:20:16.013-0500][gc,start       ] GC(16612) Pause Young (Normal) (G1 Evacuation Pause)
[2020-12-21T08:20:16.013-0500][gc,task        ] GC(16612) Using 8 workers of 8 for evacuation
[2020-12-21T08:20:16.017-0500][gc,phases      ] GC(16612)   Pre Evacuate Collection Set: 0.0ms
[2020-12-21T08:20:16.017-0500][gc,phases      ] GC(16612)   Evacuate Collection Set: 0.9ms
[2020-12-21T08:20:16.017-0500][gc,phases      ] GC(16612)   Post Evacuate Collection Set: 3.0ms
[2020-12-21T08:20:16.017-0500][gc,phases      ] GC(16612)   Other: 0.2ms
[2020-12-21T08:20:16.017-0500][gc,heap        ] GC(16612) Eden regions: 9->0(9)
[2020-12-21T08:20:16.017-0500][gc,heap        ] GC(16612) Survivor regions: 1->1(2)
[2020-12-21T08:20:16.017-0500][gc,heap        ] GC(16612) Old regions: 41->41
[2020-12-21T08:20:16.017-0500][gc,heap        ] GC(16612) Humongous regions: 4->4
[2020-12-21T08:20:16.017-0500][gc,metaspace   ] GC(16612) Metaspace: 49949K->49949K(1093632K)
[2020-12-21T08:20:16.017-0500][gc,heap        ] GC(16612) Heap after GC invocations=16613 (full 3357): garbage-first heap   total 64512K, used 43309K [0x0000000083000000, 0x0000000100000000)
[2020-12-21T08:20:16.017-0500][gc,heap        ] GC(16612)   region size 1024K, 1 young (1024K), 1 survivors (1024K)
[2020-12-21T08:20:16.017-0500][gc,heap        ] GC(16612)  Metaspace       used 49949K, capacity 52104K, committed 53632K, reserved 1093632K
[2020-12-21T08:20:16.017-0500][gc,heap        ] GC(16612)   class space    used 7422K, capacity 8193K, committed 8832K, reserved 1048576K
[2020-12-21T08:20:16.017-0500][gc             ] GC(16612) Pause Young (Normal) (G1 Evacuation Pause) 51M->42M(63M) 4.200ms
[2020-12-21T08:20:16.017-0500][gc,cpu         ] GC(16612) User=0.02s Sys=0.00s Real=0.00s
[2020-12-21T08:21:45.190-0500][gc,task        ] GC(16613) Using 5 workers of 8 for full compaction
[2020-12-21T08:21:45.190-0500][gc,start       ] GC(16613) Pause Full (System.gc())
[2020-12-21T08:21:45.190-0500][gc,heap        ] GC(16613) Heap before GC invocations=16613 (full 3357): garbage-first heap   total 64512K, used 49453K [0x0000000083000000, 0x0000000100000000)
[2020-12-21T08:21:45.190-0500][gc,heap        ] GC(16613)   region size 1024K, 9 young (9216K), 1 survivors (1024K)
[2020-12-21T08:21:45.190-0500][gc,heap        ] GC(16613)  Metaspace       used 49949K, capacity 52104K, committed 53632K, reserved 1093632K
[2020-12-21T08:21:45.190-0500][gc,heap        ] GC(16613)   class space    used 7422K, capacity 8193K, committed 8832K, reserved 1048576K
[2020-12-21T08:21:45.190-0500][gc,phases,start] GC(16613) Phase 1: Mark live objects
[2020-12-21T08:21:45.215-0500][gc,stringtable ] GC(16613) Cleaned string and symbol table, strings: 33106 processed, 4 removed, symbols: 120816 processed, 0 removed
[2020-12-21T08:21:45.215-0500][gc,phases      ] GC(16613) Phase 1: Mark live objects 24.409ms
[2020-12-21T08:21:45.215-0500][gc,phases,start] GC(16613) Phase 2: Prepare for compaction
[2020-12-21T08:21:45.218-0500][gc,phases      ] GC(16613) Phase 2: Prepare for compaction 3.366ms
[2020-12-21T08:21:45.218-0500][gc,phases,start] GC(16613) Phase 3: Adjust pointers
[2020-12-21T08:21:45.231-0500][gc,phases      ] GC(16613) Phase 3: Adjust pointers 12.391ms
[2020-12-21T08:21:45.231-0500][gc,phases,start] GC(16613) Phase 4: Compact heap
[2020-12-21T08:21:45.234-0500][gc,phases      ] GC(16613) Phase 4: Compact heap 3.628ms
[2020-12-21T08:21:45.240-0500][gc,heap        ] GC(16613) Eden regions: 8->0(9)
[2020-12-21T08:21:45.240-0500][gc,heap        ] GC(16613) Survivor regions: 1->0(2)
[2020-12-21T08:21:45.240-0500][gc,heap        ] GC(16613) Old regions: 41->42
[2020-12-21T08:21:45.240-0500][gc,heap        ] GC(16613) Humongous regions: 4->4
[2020-12-21T08:21:45.240-0500][gc,metaspace   ] GC(16613) Metaspace: 49949K->49949K(1093632K)
[2020-12-21T08:21:45.240-0500][gc,heap        ] GC(16613) Heap after GC invocations=16614 (full 3358): garbage-first heap   total 64512K, used 43226K [0x0000000083000000, 0x0000000100000000)
[2020-12-21T08:21:45.240-0500][gc,heap        ] GC(16613)   region size 1024K, 0 young (0K), 0 survivors (0K)
[2020-12-21T08:21:45.240-0500][gc,heap        ] GC(16613)  Metaspace       used 49949K, capacity 52104K, committed 53632K, reserved 1093632K
[2020-12-21T08:21:45.240-0500][gc,heap        ] GC(16613)   class space    used 7422K, capacity 8193K, committed 8832K, reserved 1048576K
[2020-12-21T08:21:45.240-0500][gc             ] GC(16613) Pause Full (System.gc()) 49M->42M(63M) 50.551ms
[2020-12-21T08:21:45.241-0500][gc,cpu         ] GC(16613) User=0.20s Sys=0.00s Real=0.05s
[2020-12-21T08:23:27.468-0500][gc,heap        ] GC(16614) Heap before GC invocations=16614 (full 3358): garbage-first heap   total 64512K, used 51418K [0x0000000083000000, 0x0000000100000000)
[2020-12-21T08:23:27.468-0500][gc,heap        ] GC(16614)   region size 1024K, 9 young (9216K), 0 survivors (0K)
[2020-12-21T08:23:27.468-0500][gc,heap        ] GC(16614)  Metaspace       used 49949K, capacity 52104K, committed 53632K, reserved 1093632K
[2020-12-21T08:23:27.468-0500][gc,heap        ] GC(16614)   class space    used 7422K, capacity 8193K, committed 8832K, reserved 1048576K
[2020-12-21T08:23:27.468-0500][gc,start       ] GC(16614) Pause Young (Normal) (G1 Evacuation Pause)
[2020-12-21T08:23:27.468-0500][gc,task        ] GC(16614) Using 8 workers of 8 for evacuation
[2020-12-21T08:23:27.485-0500][gc,phases      ] GC(16614)   Pre Evacuate Collection Set: 0.0ms
[2020-12-21T08:23:27.485-0500][gc,phases      ] GC(16614)   Evacuate Collection Set: 13.8ms
[2020-12-21T08:23:27.485-0500][gc,phases      ] GC(16614)   Post Evacuate Collection Set: 3.3ms
[2020-12-21T08:23:27.485-0500][gc,phases      ] GC(16614)   Other: 0.4ms
[2020-12-21T08:23:27.485-0500][gc,heap        ] GC(16614) Eden regions: 9->0(8)
[2020-12-21T08:23:27.486-0500][gc,heap        ] GC(16614) Survivor regions: 0->1(2)
[2020-12-21T08:23:27.486-0500][gc,heap        ] GC(16614) Old regions: 42->42
[2020-12-21T08:23:27.486-0500][gc,heap        ] GC(16614) Humongous regions: 4->4
[2020-12-21T08:23:27.486-0500][gc,metaspace   ] GC(16614) Metaspace: 49949K->49949K(1093632K)
[2020-12-21T08:23:27.486-0500][gc,heap        ] GC(16614) Heap after GC invocations=16615 (full 3358): garbage-first heap   total 64512K, used 43289K [0x0000000083000000, 0x0000000100000000)
[2020-12-21T08:23:27.486-0500][gc,heap        ] GC(16614)   region size 1024K, 1 young (1024K), 1 survivors (1024K)
[2020-12-21T08:23:27.486-0500][gc,heap        ] GC(16614)  Metaspace       used 49949K, capacity 52104K, committed 53632K, reserved 1093632K
[2020-12-21T08:23:27.486-0500][gc,heap        ] GC(16614)   class space    used 7422K, capacity 8193K, committed 8832K, reserved 1048576K
[2020-12-21T08:23:27.486-0500][gc             ] GC(16614) Pause Young (Normal) (G1 Evacuation Pause) 51M->42M(63M) 17.403ms
[2020-12-21T08:23:27.486-0500][gc,cpu         ] GC(16614) User=0.12s Sys=0.00s Real=0.01s
[2020-12-21T08:24:56.020-0500][gc,heap        ] GC(16615) Heap before GC invocations=16615 (full 3358): garbage-first heap   total 64512K, used 50457K [0x0000000083000000, 0x0000000100000000)
[2020-12-21T08:24:56.021-0500][gc,heap        ] GC(16615)   region size 1024K, 9 young (9216K), 1 survivors (1024K)
[2020-12-21T08:24:56.021-0500][gc,heap        ] GC(16615)  Metaspace       used 49949K, capacity 52104K, committed 53632K, reserved 1093632K
[2020-12-21T08:24:56.021-0500][gc,heap        ] GC(16615)   class space    used 7422K, capacity 8193K, committed 8832K, reserved 1048576K
[2020-12-21T08:24:56.021-0500][gc,start       ] GC(16615) Pause Young (Normal) (G1 Evacuation Pause)
[2020-12-21T08:24:56.021-0500][gc,task        ] GC(16615) Using 8 workers of 8 for evacuation
[2020-12-21T08:24:56.026-0500][gc,phases      ] GC(16615)   Pre Evacuate Collection Set: 0.1ms
[2020-12-21T08:24:56.026-0500][gc,phases      ] GC(16615)   Evacuate Collection Set: 2.0ms
[2020-12-21T08:24:56.026-0500][gc,phases      ] GC(16615)   Post Evacuate Collection Set: 2.8ms
[2020-12-21T08:24:56.026-0500][gc,phases      ] GC(16615)   Other: 0.5ms
[2020-12-21T08:24:56.026-0500][gc,heap        ] GC(16615) Eden regions: 8->0(8)
[2020-12-21T08:24:56.026-0500][gc,heap        ] GC(16615) Survivor regions: 1->1(2)
[2020-12-21T08:24:56.026-0500][gc,heap        ] GC(16615) Old regions: 42->42
[2020-12-21T08:24:56.026-0500][gc,heap        ] GC(16615) Humongous regions: 4->4
[2020-12-21T08:24:56.026-0500][gc,metaspace   ] GC(16615) Metaspace: 49949K->49949K(1093632K)
[2020-12-21T08:24:56.026-0500][gc,heap        ] GC(16615) Heap after GC invocations=16616 (full 3358): garbage-first heap   total 64512K, used 43272K [0x0000000083000000, 0x0000000100000000)
[2020-12-21T08:24:56.026-0500][gc,heap        ] GC(16615)   region size 1024K, 1 young (1024K), 1 survivors (1024K)
[2020-12-21T08:24:56.026-0500][gc,heap        ] GC(16615)  Metaspace       used 49949K, capacity 52104K, committed 53632K, reserved 1093632K
[2020-12-21T08:24:56.026-0500][gc,heap        ] GC(16615)   class space    used 7422K, capacity 8193K, committed 8832K, reserved 1048576K
[2020-12-21T08:24:56.027-0500][gc             ] GC(16615) Pause Young (Normal) (G1 Evacuation Pause) 50M->42M(63M) 5.845ms
[2020-12-21T08:24:56.027-0500][gc,cpu         ] GC(16615) User=0.01s Sys=0.01s Real=0.00s
[2020-12-21T08:26:26.012-0500][gc,heap        ] GC(16616) Heap before GC invocations=16616 (full 3358): garbage-first heap   total 64512K, used 50440K [0x0000000083000000, 0x0000000100000000)
[2020-12-21T08:26:26.012-0500][gc,heap        ] GC(16616)   region size 1024K, 9 young (9216K), 1 survivors (1024K)
[2020-12-21T08:26:26.012-0500][gc,heap        ] GC(16616)  Metaspace       used 49949K, capacity 52104K, committed 53632K, reserved 1093632K
[2020-12-21T08:26:26.012-0500][gc,heap        ] GC(16616)   class space    used 7422K, capacity 8193K, committed 8832K, reserved 1048576K
[2020-12-21T08:26:26.012-0500][gc,start       ] GC(16616) Pause Young (Normal) (G1 Evacuation Pause)
[2020-12-21T08:26:26.012-0500][gc,task        ] GC(16616) Using 8 workers of 8 for evacuation
[2020-12-21T08:26:26.016-0500][gc,phases      ] GC(16616)   Pre Evacuate Collection Set: 0.0ms
[2020-12-21T08:26:26.016-0500][gc,phases      ] GC(16616)   Evacuate Collection Set: 2.5ms
[2020-12-21T08:26:26.016-0500][gc,phases      ] GC(16616)   Post Evacuate Collection Set: 0.9ms
[2020-12-21T08:26:26.016-0500][gc,phases      ] GC(16616)   Other: 0.2ms
[2020-12-21T08:26:26.016-0500][gc,heap        ] GC(16616) Eden regions: 8->0(8)
[2020-12-21T08:26:26.016-0500][gc,heap        ] GC(16616) Survivor regions: 1->1(2)
[2020-12-21T08:26:26.016-0500][gc,heap        ] GC(16616) Old regions: 42->42
[2020-12-21T08:26:26.016-0500][gc,heap        ] GC(16616) Humongous regions: 4->4
[2020-12-21T08:26:26.016-0500][gc,metaspace   ] GC(16616) Metaspace: 49949K->49949K(1093632K)
[2020-12-21T08:26:26.016-0500][gc,heap        ] GC(16616) Heap after GC invocations=16617 (full 3358): garbage-first heap   total 64512K, used 43286K [0x0000000083000000, 0x0000000100000000)
[2020-12-21T08:26:26.016-0500][gc,heap        ] GC(16616)   region size 1024K, 1 young (1024K), 1 survivors (1024K)
[2020-12-21T08:26:26.016-0500][gc,heap        ] GC(16616)  Metaspace       used 49949K, capacity 52104K, committed 53632K, reserved 1093632K
[2020-12-21T08:26:26.016-0500][gc,heap        ] GC(16616)   class space    used 7422K, capacity 8193K, committed 8832K, reserved 1048576K
[2020-12-21T08:26:26.016-0500][gc             ] GC(16616) Pause Young (Normal) (G1 Evacuation Pause) 50M->42M(63M) 3.693ms
[2020-12-21T08:26:26.016-0500][gc,cpu         ] GC(16616) User=0.02s Sys=0.00s Real=0.00s
[2020-12-21T08:26:45.190-0500][gc,task        ] GC(16617) Using 5 workers of 8 for full compaction
[2020-12-21T08:26:45.190-0500][gc,start       ] GC(16617) Pause Full (System.gc())
[2020-12-21T08:26:45.190-0500][gc,heap        ] GC(16617) Heap before GC invocations=16617 (full 3358): garbage-first heap   total 64512K, used 44310K [0x0000000083000000, 0x0000000100000000)
[2020-12-21T08:26:45.190-0500][gc,heap        ] GC(16617)   region size 1024K, 3 young (3072K), 1 survivors (1024K)
[2020-12-21T08:26:45.190-0500][gc,heap        ] GC(16617)  Metaspace       used 49949K, capacity 52104K, committed 53632K, reserved 1093632K
[2020-12-21T08:26:45.190-0500][gc,heap        ] GC(16617)   class space    used 7422K, capacity 8193K, committed 8832K, reserved 1048576K
[2020-12-21T08:26:45.191-0500][gc,phases,start] GC(16617) Phase 1: Mark live objects
[2020-12-21T08:26:45.227-0500][gc,stringtable ] GC(16617) Cleaned string and symbol table, strings: 33106 processed, 4 removed, symbols: 120816 processed, 0 removed
[2020-12-21T08:26:45.227-0500][gc,phases      ] GC(16617) Phase 1: Mark live objects 35.756ms
[2020-12-21T08:26:45.227-0500][gc,phases,start] GC(16617) Phase 2: Prepare for compaction
[2020-12-21T08:26:45.230-0500][gc,phases      ] GC(16617) Phase 2: Prepare for compaction 3.423ms
[2020-12-21T08:26:45.230-0500][gc,phases,start] GC(16617) Phase 3: Adjust pointers
[2020-12-21T08:26:45.242-0500][gc,phases      ] GC(16617) Phase 3: Adjust pointers 11.747ms
[2020-12-21T08:26:45.242-0500][gc,phases,start] GC(16617) Phase 4: Compact heap
[2020-12-21T08:26:45.245-0500][gc,phases      ] GC(16617) Phase 4: Compact heap 2.692ms
[2020-12-21T08:26:45.251-0500][gc,heap        ] GC(16617) Eden regions: 2->0(10)
[2020-12-21T08:26:45.251-0500][gc,heap        ] GC(16617) Survivor regions: 1->0(2)
[2020-12-21T08:26:45.251-0500][gc,heap        ] GC(16617) Old regions: 42->41
[2020-12-21T08:26:45.251-0500][gc,heap        ] GC(16617) Humongous regions: 4->4
[2020-12-21T08:26:45.251-0500][gc,metaspace   ] GC(16617) Metaspace: 49949K->49949K(1093632K)
[2020-12-21T08:26:45.251-0500][gc,heap        ] GC(16617) Heap after GC invocations=16618 (full 3359): garbage-first heap   total 64512K, used 43201K [0x0000000083000000, 0x0000000100000000)
[2020-12-21T08:26:45.251-0500][gc,heap        ] GC(16617)   region size 1024K, 0 young (0K), 0 survivors (0K)
[2020-12-21T08:26:45.251-0500][gc,heap        ] GC(16617)  Metaspace       used 49949K, capacity 52104K, committed 53632K, reserved 1093632K
[2020-12-21T08:26:45.251-0500][gc,heap        ] GC(16617)   class space    used 7422K, capacity 8193K, committed 8832K, reserved 1048576K
[2020-12-21T08:26:45.251-0500][gc             ] GC(16617) Pause Full (System.gc()) 43M->42M(63M) 60.691ms
[2020-12-21T08:26:45.251-0500][gc,cpu         ] GC(16617) User=0.26s Sys=0.00s Real=0.06s
[2020-12-21T08:28:34.803-0500][gc,heap        ] GC(16618) Heap before GC invocations=16618 (full 3359): garbage-first heap   total 64512K, used 53441K [0x0000000083000000, 0x0000000100000000)
[2020-12-21T08:28:34.803-0500][gc,heap        ] GC(16618)   region size 1024K, 10 young (10240K), 0 survivors (0K)
[2020-12-21T08:28:34.803-0500][gc,heap        ] GC(16618)  Metaspace       used 49949K, capacity 52104K, committed 53632K, reserved 1093632K
[2020-12-21T08:28:34.803-0500][gc,heap        ] GC(16618)   class space    used 7422K, capacity 8193K, committed 8832K, reserved 1048576K
[2020-12-21T08:28:34.803-0500][gc,start       ] GC(16618) Pause Young (Normal) (G1 Evacuation Pause)
[2020-12-21T08:28:34.803-0500][gc,task        ] GC(16618) Using 8 workers of 8 for evacuation
[2020-12-21T08:28:34.806-0500][gc,phases      ] GC(16618)   Pre Evacuate Collection Set: 0.0ms
[2020-12-21T08:28:34.806-0500][gc,phases      ] GC(16618)   Evacuate Collection Set: 1.2ms
[2020-12-21T08:28:34.806-0500][gc,phases      ] GC(16618)   Post Evacuate Collection Set: 1.7ms
[2020-12-21T08:28:34.806-0500][gc,phases      ] GC(16618)   Other: 0.4ms
[2020-12-21T08:28:34.806-0500][gc,heap        ] GC(16618) Eden regions: 10->0(9)
[2020-12-21T08:28:34.806-0500][gc,heap        ] GC(16618) Survivor regions: 0->1(2)
[2020-12-21T08:28:34.806-0500][gc,heap        ] GC(16618) Old regions: 41->41
[2020-12-21T08:28:34.806-0500][gc,heap        ] GC(16618) Humongous regions: 4->4
[2020-12-21T08:28:34.806-0500][gc,metaspace   ] GC(16618) Metaspace: 49949K->49949K(1093632K)
[2020-12-21T08:28:34.806-0500][gc,heap        ] GC(16618) Heap after GC invocations=16619 (full 3359): garbage-first heap   total 64512K, used 43282K [0x0000000083000000, 0x0000000100000000)
[2020-12-21T08:28:34.806-0500][gc,heap        ] GC(16618)   region size 1024K, 1 young (1024K), 1 survivors (1024K)
[2020-12-21T08:28:34.806-0500][gc,heap        ] GC(16618)  Metaspace       used 49949K, capacity 52104K, committed 53632K, reserved 1093632K
[2020-12-21T08:28:34.806-0500][gc,heap        ] GC(16618)   class space    used 7422K, capacity 8193K, committed 8832K, reserved 1048576K
[2020-12-21T08:28:34.806-0500][gc             ] GC(16618) Pause Young (Normal) (G1 Evacuation Pause) 52M->42M(63M) 3.437ms
[2020-12-21T08:28:34.806-0500][gc,cpu         ] GC(16618) User=0.01s Sys=0.00s Real=0.00s
[2020-12-21T08:30:16.021-0500][gc,heap        ] GC(16619) Heap before GC invocations=16619 (full 3359): garbage-first heap   total 64512K, used 52498K [0x0000000083000000, 0x0000000100000000)
[2020-12-21T08:30:16.021-0500][gc,heap        ] GC(16619)   region size 1024K, 10 young (10240K), 1 survivors (1024K)
[2020-12-21T08:30:16.021-0500][gc,heap        ] GC(16619)  Metaspace       used 49949K, capacity 52104K, committed 53632K, reserved 1093632K
[2020-12-21T08:30:16.021-0500][gc,heap        ] GC(16619)   class space    used 7422K, capacity 8193K, committed 8832K, reserved 1048576K
[2020-12-21T08:30:16.021-0500][gc,start       ] GC(16619) Pause Young (Normal) (G1 Evacuation Pause)
[2020-12-21T08:30:16.021-0500][gc,task        ] GC(16619) Using 8 workers of 8 for evacuation
[2020-12-21T08:30:16.028-0500][gc,phases      ] GC(16619)   Pre Evacuate Collection Set: 0.0ms
[2020-12-21T08:30:16.028-0500][gc,phases      ] GC(16619)   Evacuate Collection Set: 2.6ms
[2020-12-21T08:30:16.028-0500][gc,phases      ] GC(16619)   Post Evacuate Collection Set: 3.6ms
[2020-12-21T08:30:16.028-0500][gc,phases      ] GC(16619)   Other: 0.8ms
[2020-12-21T08:30:16.028-0500][gc,heap        ] GC(16619) Eden regions: 9->0(9)
[2020-12-21T08:30:16.028-0500][gc,heap        ] GC(16619) Survivor regions: 1->1(2)
[2020-12-21T08:30:16.028-0500][gc,heap        ] GC(16619) Old regions: 41->41
[2020-12-21T08:30:16.028-0500][gc,heap        ] GC(16619) Humongous regions: 4->4
[2020-12-21T08:30:16.028-0500][gc,metaspace   ] GC(16619) Metaspace: 49949K->49949K(1093632K)
[2020-12-21T08:30:16.028-0500][gc,heap        ] GC(16619) Heap after GC invocations=16620 (full 3359): garbage-first heap   total 64512K, used 43284K [0x0000000083000000, 0x0000000100000000)
[2020-12-21T08:30:16.028-0500][gc,heap        ] GC(16619)   region size 1024K, 1 young (1024K), 1 survivors (1024K)
[2020-12-21T08:30:16.028-0500][gc,heap        ] GC(16619)  Metaspace       used 49949K, capacity 52104K, committed 53632K, reserved 1093632K
[2020-12-21T08:30:16.028-0500][gc,heap        ] GC(16619)   class space    used 7422K, capacity 8193K, committed 8832K, reserved 1048576K
[2020-12-21T08:30:16.028-0500][gc             ] GC(16619) Pause Young (Normal) (G1 Evacuation Pause) 51M->42M(63M) 7.470ms
[2020-12-21T08:30:16.029-0500][gc,cpu         ] GC(16619) User=0.03s Sys=0.00s Real=0.01s
[2020-12-21T08:31:45.191-0500][gc,task        ] GC(16620) Using 5 workers of 8 for full compaction
[2020-12-21T08:31:45.191-0500][gc,start       ] GC(16620) Pause Full (System.gc())
[2020-12-21T08:31:45.191-0500][gc,heap        ] GC(16620) Heap before GC invocations=16620 (full 3359): garbage-first heap   total 64512K, used 49428K [0x0000000083000000, 0x0000000100000000)
[2020-12-21T08:31:45.192-0500][gc,heap        ] GC(16620)   region size 1024K, 9 young (9216K), 1 survivors (1024K)
[2020-12-21T08:31:45.192-0500][gc,heap        ] GC(16620)  Metaspace       used 49949K, capacity 52104K, committed 53632K, reserved 1093632K
[2020-12-21T08:31:45.192-0500][gc,heap        ] GC(16620)   class space    used 7422K, capacity 8193K, committed 8832K, reserved 1048576K
[2020-12-21T08:31:45.192-0500][gc,phases,start] GC(16620) Phase 1: Mark live objects
[2020-12-21T08:31:45.219-0500][gc,stringtable ] GC(16620) Cleaned string and symbol table, strings: 33106 processed, 4 removed, symbols: 120816 processed, 0 removed
[2020-12-21T08:31:45.219-0500][gc,phases      ] GC(16620) Phase 1: Mark live objects 26.709ms
[2020-12-21T08:31:45.219-0500][gc,phases,start] GC(16620) Phase 2: Prepare for compaction
[2020-12-21T08:31:45.222-0500][gc,phases      ] GC(16620) Phase 2: Prepare for compaction 3.755ms
[2020-12-21T08:31:45.222-0500][gc,phases,start] GC(16620) Phase 3: Adjust pointers
[2020-12-21T08:31:45.234-0500][gc,phases      ] GC(16620) Phase 3: Adjust pointers 11.459ms
[2020-12-21T08:31:45.234-0500][gc,phases,start] GC(16620) Phase 4: Compact heap
[2020-12-21T08:31:45.237-0500][gc,phases      ] GC(16620) Phase 4: Compact heap 2.731ms
[2020-12-21T08:31:45.244-0500][gc,heap        ] GC(16620) Eden regions: 8->0(10)
[2020-12-21T08:31:45.244-0500][gc,heap        ] GC(16620) Survivor regions: 1->0(2)
[2020-12-21T08:31:45.244-0500][gc,heap        ] GC(16620) Old regions: 41->41
[2020-12-21T08:31:45.244-0500][gc,heap        ] GC(16620) Humongous regions: 4->4
[2020-12-21T08:31:45.244-0500][gc,metaspace   ] GC(16620) Metaspace: 49949K->49949K(1093632K)
[2020-12-21T08:31:45.244-0500][gc,heap        ] GC(16620) Heap after GC invocations=16621 (full 3360): garbage-first heap   total 64512K, used 43224K [0x0000000083000000, 0x0000000100000000)
[2020-12-21T08:31:45.244-0500][gc,heap        ] GC(16620)   region size 1024K, 0 young (0K), 0 survivors (0K)
[2020-12-21T08:31:45.244-0500][gc,heap        ] GC(16620)  Metaspace       used 49949K, capacity 52104K, committed 53632K, reserved 1093632K
[2020-12-21T08:31:45.244-0500][gc,heap        ] GC(16620)   class space    used 7422K, capacity 8193K, committed 8832K, reserved 1048576K
[2020-12-21T08:31:45.244-0500][gc             ] GC(16620) Pause Full (System.gc()) 49M->42M(63M) 52.875ms
[2020-12-21T08:31:45.244-0500][gc,cpu         ] GC(16620) User=0.20s Sys=0.00s Real=0.05s
[2020-12-21T08:33:32.012-0500][gc,heap        ] GC(16621) Heap before GC invocations=16621 (full 3360): garbage-first heap   total 64512K, used 52440K [0x0000000083000000, 0x0000000100000000)
[2020-12-21T08:33:32.012-0500][gc,heap        ] GC(16621)   region size 1024K, 10 young (10240K), 0 survivors (0K)
[2020-12-21T08:33:32.012-0500][gc,heap        ] GC(16621)  Metaspace       used 49949K, capacity 52104K, committed 53632K, reserved 1093632K
[2020-12-21T08:33:32.012-0500][gc,heap        ] GC(16621)   class space    used 7422K, capacity 8193K, committed 8832K, reserved 1048576K
[2020-12-21T08:33:32.012-0500][gc,start       ] GC(16621) Pause Young (Normal) (G1 Evacuation Pause)
[2020-12-21T08:33:32.012-0500][gc,task        ] GC(16621) Using 8 workers of 8 for evacuation
[2020-12-21T08:33:32.015-0500][gc,phases      ] GC(16621)   Pre Evacuate Collection Set: 0.0ms
[2020-12-21T08:33:32.015-0500][gc,phases      ] GC(16621)   Evacuate Collection Set: 0.8ms
[2020-12-21T08:33:32.015-0500][gc,phases      ] GC(16621)   Post Evacuate Collection Set: 1.7ms
[2020-12-21T08:33:32.015-0500][gc,phases      ] GC(16621)   Other: 0.6ms
[2020-12-21T08:33:32.015-0500][gc,heap        ] GC(16621) Eden regions: 10->0(9)
[2020-12-21T08:33:32.015-0500][gc,heap        ] GC(16621) Survivor regions: 0->1(2)
[2020-12-21T08:33:32.015-0500][gc,heap        ] GC(16621) Old regions: 41->41
[2020-12-21T08:33:32.015-0500][gc,heap        ] GC(16621) Humongous regions: 4->4
[2020-12-21T08:33:32.015-0500][gc,metaspace   ] GC(16621) Metaspace: 49949K->49949K(1093632K)
[2020-12-21T08:33:32.016-0500][gc,heap        ] GC(16621) Heap after GC invocations=16622 (full 3360): garbage-first heap   total 64512K, used 43288K [0x0000000083000000, 0x0000000100000000)
[2020-12-21T08:33:32.016-0500][gc,heap        ] GC(16621)   region size 1024K, 1 young (1024K), 1 survivors (1024K)
[2020-12-21T08:33:32.016-0500][gc,heap        ] GC(16621)  Metaspace       used 49949K, capacity 52104K, committed 53632K, reserved 1093632K
[2020-12-21T08:33:32.016-0500][gc,heap        ] GC(16621)   class space    used 7422K, capacity 8193K, committed 8832K, reserved 1048576K
[2020-12-21T08:33:32.016-0500][gc             ] GC(16621) Pause Young (Normal) (G1 Evacuation Pause) 52M->42M(63M) 3.256ms
[2020-12-21T08:33:32.016-0500][gc,cpu         ] GC(16621) User=0.01s Sys=0.01s Real=0.00s
[2020-12-21T08:35:16.012-0500][gc,heap        ] GC(16622) Heap before GC invocations=16622 (full 3360): garbage-first heap   total 64512K, used 51480K [0x0000000083000000, 0x0000000100000000)
[2020-12-21T08:35:16.012-0500][gc,heap        ] GC(16622)   region size 1024K, 10 young (10240K), 1 survivors (1024K)
[2020-12-21T08:35:16.012-0500][gc,heap        ] GC(16622)  Metaspace       used 49949K, capacity 52104K, committed 53632K, reserved 1093632K
[2020-12-21T08:35:16.012-0500][gc,heap        ] GC(16622)   class space    used 7422K, capacity 8193K, committed 8832K, reserved 1048576K
[2020-12-21T08:35:16.012-0500][gc,start       ] GC(16622) Pause Young (Normal) (G1 Evacuation Pause)
[2020-12-21T08:35:16.012-0500][gc,task        ] GC(16622) Using 8 workers of 8 for evacuation
[2020-12-21T08:35:16.014-0500][gc,phases      ] GC(16622)   Pre Evacuate Collection Set: 0.0ms
[2020-12-21T08:35:16.014-0500][gc,phases      ] GC(16622)   Evacuate Collection Set: 0.6ms
[2020-12-21T08:35:16.014-0500][gc,phases      ] GC(16622)   Post Evacuate Collection Set: 0.8ms
[2020-12-21T08:35:16.014-0500][gc,phases      ] GC(16622)   Other: 0.3ms
[2020-12-21T08:35:16.014-0500][gc,heap        ] GC(16622) Eden regions: 9->0(9)
[2020-12-21T08:35:16.014-0500][gc,heap        ] GC(16622) Survivor regions: 1->1(2)
[2020-12-21T08:35:16.014-0500][gc,heap        ] GC(16622) Old regions: 41->41
[2020-12-21T08:35:16.014-0500][gc,heap        ] GC(16622) Humongous regions: 4->4
[2020-12-21T08:35:16.014-0500][gc,metaspace   ] GC(16622) Metaspace: 49949K->49949K(1093632K)
[2020-12-21T08:35:16.014-0500][gc,heap        ] GC(16622) Heap after GC invocations=16623 (full 3360): garbage-first heap   total 64512K, used 43291K [0x0000000083000000, 0x0000000100000000)
[2020-12-21T08:35:16.014-0500][gc,heap        ] GC(16622)   region size 1024K, 1 young (1024K), 1 survivors (1024K)
[2020-12-21T08:35:16.014-0500][gc,heap        ] GC(16622)  Metaspace       used 49949K, capacity 52104K, committed 53632K, reserved 1093632K
[2020-12-21T08:35:16.014-0500][gc,heap        ] GC(16622)   class space    used 7422K, capacity 8193K, committed 8832K, reserved 1048576K
[2020-12-21T08:35:16.014-0500][gc             ] GC(16622) Pause Young (Normal) (G1 Evacuation Pause) 51M->42M(63M) 1.658ms
[2020-12-21T08:35:16.014-0500][gc,cpu         ] GC(16622) User=0.00s Sys=0.01s Real=0.00s
[2020-12-21T08:36:45.189-0500][gc,task        ] GC(16623) Using 5 workers of 8 for full compaction
[2020-12-21T08:36:45.189-0500][gc,start       ] GC(16623) Pause Full (System.gc())
[2020-12-21T08:36:45.189-0500][gc,heap        ] GC(16623) Heap before GC invocations=16623 (full 3360): garbage-first heap   total 64512K, used 49435K [0x0000000083000000, 0x0000000100000000)
[2020-12-21T08:36:45.189-0500][gc,heap        ] GC(16623)   region size 1024K, 9 young (9216K), 1 survivors (1024K)
[2020-12-21T08:36:45.189-0500][gc,heap        ] GC(16623)  Metaspace       used 49949K, capacity 52104K, committed 53632K, reserved 1093632K
[2020-12-21T08:36:45.189-0500][gc,heap        ] GC(16623)   class space    used 7422K, capacity 8193K, committed 8832K, reserved 1048576K
[2020-12-21T08:36:45.189-0500][gc,phases,start] GC(16623) Phase 1: Mark live objects
[2020-12-21T08:36:45.213-0500][gc,stringtable ] GC(16623) Cleaned string and symbol table, strings: 33106 processed, 4 removed, symbols: 120816 processed, 0 removed
[2020-12-21T08:36:45.213-0500][gc,phases      ] GC(16623) Phase 1: Mark live objects 24.438ms
[2020-12-21T08:36:45.213-0500][gc,phases,start] GC(16623) Phase 2: Prepare for compaction
[2020-12-21T08:36:45.219-0500][gc,phases      ] GC(16623) Phase 2: Prepare for compaction 5.166ms
[2020-12-21T08:36:45.219-0500][gc,phases,start] GC(16623) Phase 3: Adjust pointers
[2020-12-21T08:36:45.231-0500][gc,phases      ] GC(16623) Phase 3: Adjust pointers 12.770ms
[2020-12-21T08:36:45.231-0500][gc,phases,start] GC(16623) Phase 4: Compact heap
[2020-12-21T08:36:45.235-0500][gc,phases      ] GC(16623) Phase 4: Compact heap 3.831ms
[2020-12-21T08:36:45.241-0500][gc,heap        ] GC(16623) Eden regions: 8->0(10)
[2020-12-21T08:36:45.241-0500][gc,heap        ] GC(16623) Survivor regions: 1->0(2)
[2020-12-21T08:36:45.241-0500][gc,heap        ] GC(16623) Old regions: 41->41
[2020-12-21T08:36:45.241-0500][gc,heap        ] GC(16623) Humongous regions: 4->4
[2020-12-21T08:36:45.241-0500][gc,metaspace   ] GC(16623) Metaspace: 49949K->49949K(1093632K)
[2020-12-21T08:36:45.241-0500][gc,heap        ] GC(16623) Heap after GC invocations=16624 (full 3361): garbage-first heap   total 64512K, used 43230K [0x0000000083000000, 0x0000000100000000)
[2020-12-21T08:36:45.241-0500][gc,heap        ] GC(16623)   region size 1024K, 0 young (0K), 0 survivors (0K)
[2020-12-21T08:36:45.241-0500][gc,heap        ] GC(16623)  Metaspace       used 49949K, capacity 52104K, committed 53632K, reserved 1093632K
[2020-12-21T08:36:45.241-0500][gc,heap        ] GC(16623)   class space    used 7422K, capacity 8193K, committed 8832K, reserved 1048576K
[2020-12-21T08:36:45.241-0500][gc             ] GC(16623) Pause Full (System.gc()) 50M->42M(63M) 52.879ms
[2020-12-21T08:36:45.242-0500][gc,cpu         ] GC(16623) User=0.22s Sys=0.00s Real=0.05s
[2020-12-21T08:38:32.095-0500][gc,heap        ] GC(16624) Heap before GC invocations=16624 (full 3361): garbage-first heap   total 64512K, used 53470K [0x0000000083000000, 0x0000000100000000)
[2020-12-21T08:38:32.095-0500][gc,heap        ] GC(16624)   region size 1024K, 10 young (10240K), 0 survivors (0K)
[2020-12-21T08:38:32.095-0500][gc,heap        ] GC(16624)  Metaspace       used 49949K, capacity 52104K, committed 53632K, reserved 1093632K
[2020-12-21T08:38:32.095-0500][gc,heap        ] GC(16624)   class space    used 7422K, capacity 8193K, committed 8832K, reserved 1048576K
[2020-12-21T08:38:32.095-0500][gc,start       ] GC(16624) Pause Young (Normal) (G1 Evacuation Pause)
[2020-12-21T08:38:32.095-0500][gc,task        ] GC(16624) Using 8 workers of 8 for evacuation
[2020-12-21T08:38:32.097-0500][gc,phases      ] GC(16624)   Pre Evacuate Collection Set: 0.0ms
[2020-12-21T08:38:32.097-0500][gc,phases      ] GC(16624)   Evacuate Collection Set: 0.6ms
[2020-12-21T08:38:32.097-0500][gc,phases      ] GC(16624)   Post Evacuate Collection Set: 0.9ms
[2020-12-21T08:38:32.097-0500][gc,phases      ] GC(16624)   Other: 0.2ms
[2020-12-21T08:38:32.097-0500][gc,heap        ] GC(16624) Eden regions: 10->0(9)
[2020-12-21T08:38:32.097-0500][gc,heap        ] GC(16624) Survivor regions: 0->1(2)
[2020-12-21T08:38:32.097-0500][gc,heap        ] GC(16624) Old regions: 41->41
[2020-12-21T08:38:32.097-0500][gc,heap        ] GC(16624) Humongous regions: 4->4
[2020-12-21T08:38:32.097-0500][gc,metaspace   ] GC(16624) Metaspace: 49949K->49949K(1093632K)
[2020-12-21T08:38:32.097-0500][gc,heap        ] GC(16624) Heap after GC invocations=16625 (full 3361): garbage-first heap   total 64512K, used 43472K [0x0000000083000000, 0x0000000100000000)
[2020-12-21T08:38:32.097-0500][gc,heap        ] GC(16624)   region size 1024K, 1 young (1024K), 1 survivors (1024K)
[2020-12-21T08:38:32.097-0500][gc,heap        ] GC(16624)  Metaspace       used 49949K, capacity 52104K, committed 53632K, reserved 1093632K
[2020-12-21T08:38:32.097-0500][gc,heap        ] GC(16624)   class space    used 7422K, capacity 8193K, committed 8832K, reserved 1048576K
[2020-12-21T08:38:32.097-0500][gc             ] GC(16624) Pause Young (Normal) (G1 Evacuation Pause) 52M->42M(63M) 1.839ms
[2020-12-21T08:38:32.097-0500][gc,cpu         ] GC(16624) User=0.01s Sys=0.00s Real=0.00s
[2020-12-21T08:40:16.013-0500][gc,heap        ] GC(16625) Heap before GC invocations=16625 (full 3361): garbage-first heap   total 64512K, used 51664K [0x0000000083000000, 0x0000000100000000)
[2020-12-21T08:40:16.013-0500][gc,heap        ] GC(16625)   region size 1024K, 10 young (10240K), 1 survivors (1024K)
[2020-12-21T08:40:16.013-0500][gc,heap        ] GC(16625)  Metaspace       used 49949K, capacity 52104K, committed 53632K, reserved 1093632K
[2020-12-21T08:40:16.013-0500][gc,heap        ] GC(16625)   class space    used 7422K, capacity 8193K, committed 8832K, reserved 1048576K
[2020-12-21T08:40:16.013-0500][gc,start       ] GC(16625) Pause Young (Normal) (G1 Evacuation Pause)
[2020-12-21T08:40:16.013-0500][gc,task        ] GC(16625) Using 8 workers of 8 for evacuation
[2020-12-21T08:40:16.014-0500][gc,phases      ] GC(16625)   Pre Evacuate Collection Set: 0.0ms
[2020-12-21T08:40:16.014-0500][gc,phases      ] GC(16625)   Evacuate Collection Set: 0.6ms
[2020-12-21T08:40:16.014-0500][gc,phases      ] GC(16625)   Post Evacuate Collection Set: 0.9ms
[2020-12-21T08:40:16.014-0500][gc,phases      ] GC(16625)   Other: 0.3ms
[2020-12-21T08:40:16.014-0500][gc,heap        ] GC(16625) Eden regions: 9->0(9)
[2020-12-21T08:40:16.014-0500][gc,heap        ] GC(16625) Survivor regions: 1->1(2)
[2020-12-21T08:40:16.014-0500][gc,heap        ] GC(16625) Old regions: 41->41
[2020-12-21T08:40:16.014-0500][gc,heap        ] GC(16625) Humongous regions: 4->4
[2020-12-21T08:40:16.014-0500][gc,metaspace   ] GC(16625) Metaspace: 49949K->49949K(1093632K)
[2020-12-21T08:40:16.014-0500][gc,heap        ] GC(16625) Heap after GC invocations=16626 (full 3361): garbage-first heap   total 64512K, used 43299K [0x0000000083000000, 0x0000000100000000)
[2020-12-21T08:40:16.015-0500][gc,heap        ] GC(16625)   region size 1024K, 1 young (1024K), 1 survivors (1024K)
[2020-12-21T08:40:16.015-0500][gc,heap        ] GC(16625)  Metaspace       used 49949K, capacity 52104K, committed 53632K, reserved 1093632K
[2020-12-21T08:40:16.015-0500][gc,heap        ] GC(16625)   class space    used 7422K, capacity 8193K, committed 8832K, reserved 1048576K
[2020-12-21T08:40:16.015-0500][gc             ] GC(16625) Pause Young (Normal) (G1 Evacuation Pause) 51M->42M(63M) 1.833ms
[2020-12-21T08:40:16.015-0500][gc,cpu         ] GC(16625) User=0.00s Sys=0.01s Real=0.00s
[2020-12-21T08:41:45.190-0500][gc,task        ] GC(16626) Using 5 workers of 8 for full compaction
[2020-12-21T08:41:45.190-0500][gc,start       ] GC(16626) Pause Full (System.gc())
[2020-12-21T08:41:45.190-0500][gc,heap        ] GC(16626) Heap before GC invocations=16626 (full 3361): garbage-first heap   total 64512K, used 49443K [0x0000000083000000, 0x0000000100000000)
[2020-12-21T08:41:45.190-0500][gc,heap        ] GC(16626)   region size 1024K, 9 young (9216K), 1 survivors (1024K)
[2020-12-21T08:41:45.190-0500][gc,heap        ] GC(16626)  Metaspace       used 49949K, capacity 52104K, committed 53632K, reserved 1093632K
[2020-12-21T08:41:45.190-0500][gc,heap        ] GC(16626)   class space    used 7422K, capacity 8193K, committed 8832K, reserved 1048576K
[2020-12-21T08:41:45.190-0500][gc,phases,start] GC(16626) Phase 1: Mark live objects
[2020-12-21T08:41:45.215-0500][gc,stringtable ] GC(16626) Cleaned string and symbol table, strings: 33106 processed, 4 removed, symbols: 120816 processed, 0 removed
[2020-12-21T08:41:45.215-0500][gc,phases      ] GC(16626) Phase 1: Mark live objects 24.760ms
[2020-12-21T08:41:45.215-0500][gc,phases,start] GC(16626) Phase 2: Prepare for compaction
[2020-12-21T08:41:45.219-0500][gc,phases      ] GC(16626) Phase 2: Prepare for compaction 3.998ms
[2020-12-21T08:41:45.219-0500][gc,phases,start] GC(16626) Phase 3: Adjust pointers
[2020-12-21T08:41:45.232-0500][gc,phases      ] GC(16626) Phase 3: Adjust pointers 12.974ms
[2020-12-21T08:41:45.232-0500][gc,phases,start] GC(16626) Phase 4: Compact heap
[2020-12-21T08:41:45.235-0500][gc,phases      ] GC(16626) Phase 4: Compact heap 2.551ms
[2020-12-21T08:41:45.241-0500][gc,heap        ] GC(16626) Eden regions: 8->0(8)
[2020-12-21T08:41:45.241-0500][gc,heap        ] GC(16626) Survivor regions: 1->0(2)
[2020-12-21T08:41:45.241-0500][gc,heap        ] GC(16626) Old regions: 41->43
[2020-12-21T08:41:45.241-0500][gc,heap        ] GC(16626) Humongous regions: 4->4
[2020-12-21T08:41:45.241-0500][gc,metaspace   ] GC(16626) Metaspace: 49949K->49949K(1093632K)
[2020-12-21T08:41:45.241-0500][gc,heap        ] GC(16626) Heap after GC invocations=16627 (full 3362): garbage-first heap   total 64512K, used 43221K [0x0000000083000000, 0x0000000100000000)
[2020-12-21T08:41:45.241-0500][gc,heap        ] GC(16626)   region size 1024K, 0 young (0K), 0 survivors (0K)
[2020-12-21T08:41:45.241-0500][gc,heap        ] GC(16626)  Metaspace       used 49949K, capacity 52104K, committed 53632K, reserved 1093632K
[2020-12-21T08:41:45.241-0500][gc,heap        ] GC(16626)   class space    used 7422K, capacity 8193K, committed 8832K, reserved 1048576K
[2020-12-21T08:41:45.241-0500][gc             ] GC(16626) Pause Full (System.gc()) 49M->42M(63M) 50.963ms
[2020-12-21T08:41:45.241-0500][gc,cpu         ] GC(16626) User=0.21s Sys=0.00s Real=0.05s
[2020-12-21T08:43:14.255-0500][gc,heap        ] GC(16627) Heap before GC invocations=16627 (full 3362): garbage-first heap   total 64512K, used 51413K [0x0000000083000000, 0x0000000100000000)
[2020-12-21T08:43:14.255-0500][gc,heap        ] GC(16627)   region size 1024K, 8 young (8192K), 0 survivors (0K)
[2020-12-21T08:43:14.255-0500][gc,heap        ] GC(16627)  Metaspace       used 49949K, capacity 52104K, committed 53632K, reserved 1093632K
[2020-12-21T08:43:14.255-0500][gc,heap        ] GC(16627)   class space    used 7422K, capacity 8193K, committed 8832K, reserved 1048576K
[2020-12-21T08:43:14.255-0500][gc,start       ] GC(16627) Pause Young (Normal) (G1 Evacuation Pause)
[2020-12-21T08:43:14.255-0500][gc,task        ] GC(16627) Using 8 workers of 8 for evacuation
[2020-12-21T08:43:14.257-0500][gc,phases      ] GC(16627)   Pre Evacuate Collection Set: 0.0ms
[2020-12-21T08:43:14.257-0500][gc,phases      ] GC(16627)   Evacuate Collection Set: 0.5ms
[2020-12-21T08:43:14.257-0500][gc,phases      ] GC(16627)   Post Evacuate Collection Set: 1.5ms
[2020-12-21T08:43:14.257-0500][gc,phases      ] GC(16627)   Other: 0.2ms
[2020-12-21T08:43:14.257-0500][gc,heap        ] GC(16627) Eden regions: 8->0(7)
[2020-12-21T08:43:14.257-0500][gc,heap        ] GC(16627) Survivor regions: 0->1(1)
[2020-12-21T08:43:14.257-0500][gc,heap        ] GC(16627) Old regions: 43->43
[2020-12-21T08:43:14.257-0500][gc,heap        ] GC(16627) Humongous regions: 4->4
[2020-12-21T08:43:14.257-0500][gc,metaspace   ] GC(16627) Metaspace: 49949K->49949K(1093632K)
[2020-12-21T08:43:14.257-0500][gc,heap        ] GC(16627) Heap after GC invocations=16628 (full 3362): garbage-first heap   total 64512K, used 43272K [0x0000000083000000, 0x0000000100000000)
[2020-12-21T08:43:14.257-0500][gc,heap        ] GC(16627)   region size 1024K, 1 young (1024K), 1 survivors (1024K)
[2020-12-21T08:43:14.257-0500][gc,heap        ] GC(16627)  Metaspace       used 49949K, capacity 52104K, committed 53632K, reserved 1093632K
[2020-12-21T08:43:14.257-0500][gc,heap        ] GC(16627)   class space    used 7422K, capacity 8193K, committed 8832K, reserved 1048576K
[2020-12-21T08:43:14.257-0500][gc             ] GC(16627) Pause Young (Normal) (G1 Evacuation Pause) 50M->42M(63M) 2.301ms
[2020-12-21T08:43:14.257-0500][gc,cpu         ] GC(16627) User=0.00s Sys=0.01s Real=0.00s
[2020-12-21T08:44:32.939-0500][gc,heap        ] GC(16628) Heap before GC invocations=16628 (full 3362): garbage-first heap   total 64512K, used 50440K [0x0000000083000000, 0x0000000100000000)
[2020-12-21T08:44:32.939-0500][gc,heap        ] GC(16628)   region size 1024K, 8 young (8192K), 1 survivors (1024K)
[2020-12-21T08:44:32.939-0500][gc,heap        ] GC(16628)  Metaspace       used 49949K, capacity 52104K, committed 53632K, reserved 1093632K
[2020-12-21T08:44:32.939-0500][gc,heap        ] GC(16628)   class space    used 7422K, capacity 8193K, committed 8832K, reserved 1048576K
[2020-12-21T08:44:32.939-0500][gc,start       ] GC(16628) Pause Young (Normal) (G1 Evacuation Pause)
[2020-12-21T08:44:32.939-0500][gc,task        ] GC(16628) Using 8 workers of 8 for evacuation
[2020-12-21T08:44:32.941-0500][gc,phases      ] GC(16628)   Pre Evacuate Collection Set: 0.0ms
[2020-12-21T08:44:32.941-0500][gc,phases      ] GC(16628)   Evacuate Collection Set: 0.9ms
[2020-12-21T08:44:32.941-0500][gc,phases      ] GC(16628)   Post Evacuate Collection Set: 1.5ms
[2020-12-21T08:44:32.941-0500][gc,phases      ] GC(16628)   Other: 0.3ms
[2020-12-21T08:44:32.941-0500][gc,heap        ] GC(16628) Eden regions: 7->0(7)
[2020-12-21T08:44:32.941-0500][gc,heap        ] GC(16628) Survivor regions: 1->1(1)
[2020-12-21T08:44:32.941-0500][gc,heap        ] GC(16628) Old regions: 43->43
[2020-12-21T08:44:32.941-0500][gc,heap        ] GC(16628) Humongous regions: 4->4
[2020-12-21T08:44:32.941-0500][gc,metaspace   ] GC(16628) Metaspace: 49949K->49949K(1093632K)
[2020-12-21T08:44:32.941-0500][gc,heap        ] GC(16628) Heap after GC invocations=16629 (full 3362): garbage-first heap   total 64512K, used 43347K [0x0000000083000000, 0x0000000100000000)
[2020-12-21T08:44:32.941-0500][gc,heap        ] GC(16628)   region size 1024K, 1 young (1024K), 1 survivors (1024K)
[2020-12-21T08:44:32.941-0500][gc,heap        ] GC(16628)  Metaspace       used 49949K, capacity 52104K, committed 53632K, reserved 1093632K
[2020-12-21T08:44:32.941-0500][gc,heap        ] GC(16628)   class space    used 7422K, capacity 8193K, committed 8832K, reserved 1048576K
[2020-12-21T08:44:32.941-0500][gc             ] GC(16628) Pause Young (Normal) (G1 Evacuation Pause) 49M->42M(63M) 2.596ms
[2020-12-21T08:44:32.941-0500][gc,cpu         ] GC(16628) User=0.00s Sys=0.00s Real=0.00s
[2020-12-21T08:45:56.012-0500][gc,heap        ] GC(16629) Heap before GC invocations=16629 (full 3362): garbage-first heap   total 64512K, used 49491K [0x0000000083000000, 0x0000000100000000)
[2020-12-21T08:45:56.013-0500][gc,heap        ] GC(16629)   region size 1024K, 8 young (8192K), 1 survivors (1024K)
[2020-12-21T08:45:56.013-0500][gc,heap        ] GC(16629)  Metaspace       used 49949K, capacity 52104K, committed 53632K, reserved 1093632K
[2020-12-21T08:45:56.013-0500][gc,heap        ] GC(16629)   class space    used 7422K, capacity 8193K, committed 8832K, reserved 1048576K
[2020-12-21T08:45:56.013-0500][gc,start       ] GC(16629) Pause Young (Normal) (G1 Evacuation Pause)
[2020-12-21T08:45:56.013-0500][gc,task        ] GC(16629) Using 8 workers of 8 for evacuation
[2020-12-21T08:45:56.015-0500][gc,phases      ] GC(16629)   Pre Evacuate Collection Set: 0.1ms
[2020-12-21T08:45:56.015-0500][gc,phases      ] GC(16629)   Evacuate Collection Set: 0.9ms
[2020-12-21T08:45:56.015-0500][gc,phases      ] GC(16629)   Post Evacuate Collection Set: 1.0ms
[2020-12-21T08:45:56.015-0500][gc,phases      ] GC(16629)   Other: 0.2ms
[2020-12-21T08:45:56.015-0500][gc,heap        ] GC(16629) Eden regions: 7->0(7)
[2020-12-21T08:45:56.015-0500][gc,heap        ] GC(16629) Survivor regions: 1->1(1)
[2020-12-21T08:45:56.015-0500][gc,heap        ] GC(16629) Old regions: 43->43
[2020-12-21T08:45:56.015-0500][gc,heap        ] GC(16629) Humongous regions: 4->4
[2020-12-21T08:45:56.015-0500][gc,metaspace   ] GC(16629) Metaspace: 49949K->49949K(1093632K)
[2020-12-21T08:45:56.015-0500][gc,heap        ] GC(16629) Heap after GC invocations=16630 (full 3362): garbage-first heap   total 64512K, used 43285K [0x0000000083000000, 0x0000000100000000)
[2020-12-21T08:45:56.015-0500][gc,heap        ] GC(16629)   region size 1024K, 1 young (1024K), 1 survivors (1024K)
[2020-12-21T08:45:56.015-0500][gc,heap        ] GC(16629)  Metaspace       used 49949K, capacity 52104K, committed 53632K, reserved 1093632K
[2020-12-21T08:45:56.015-0500][gc,heap        ] GC(16629)   class space    used 7422K, capacity 8193K, committed 8832K, reserved 1048576K
[2020-12-21T08:45:56.015-0500][gc             ] GC(16629) Pause Young (Normal) (G1 Evacuation Pause) 49M->42M(63M) 2.134ms
[2020-12-21T08:45:56.015-0500][gc,cpu         ] GC(16629) User=0.00s Sys=0.01s Real=0.00s
[2020-12-21T08:46:45.190-0500][gc,task        ] GC(16630) Using 5 workers of 8 for full compaction
[2020-12-21T08:46:45.190-0500][gc,start       ] GC(16630) Pause Full (System.gc())
[2020-12-21T08:46:45.190-0500][gc,heap        ] GC(16630) Heap before GC invocations=16630 (full 3362): garbage-first heap   total 64512K, used 47381K [0x0000000083000000, 0x0000000100000000)
[2020-12-21T08:46:45.190-0500][gc,heap        ] GC(16630)   region size 1024K, 6 young (6144K), 1 survivors (1024K)
[2020-12-21T08:46:45.190-0500][gc,heap        ] GC(16630)  Metaspace       used 49949K, capacity 52104K, committed 53632K, reserved 1093632K
[2020-12-21T08:46:45.190-0500][gc,heap        ] GC(16630)   class space    used 7422K, capacity 8193K, committed 8832K, reserved 1048576K
[2020-12-21T08:46:45.191-0500][gc,phases,start] GC(16630) Phase 1: Mark live objects
[2020-12-21T08:46:45.242-0500][gc,stringtable ] GC(16630) Cleaned string and symbol table, strings: 33106 processed, 4 removed, symbols: 120816 processed, 0 removed
[2020-12-21T08:46:45.242-0500][gc,phases      ] GC(16630) Phase 1: Mark live objects 50.595ms
[2020-12-21T08:46:45.242-0500][gc,phases,start] GC(16630) Phase 2: Prepare for compaction
[2020-12-21T08:46:45.247-0500][gc,phases      ] GC(16630) Phase 2: Prepare for compaction 4.834ms
[2020-12-21T08:46:45.247-0500][gc,phases,start] GC(16630) Phase 3: Adjust pointers
[2020-12-21T08:46:45.257-0500][gc,phases      ] GC(16630) Phase 3: Adjust pointers 10.526ms
[2020-12-21T08:46:45.257-0500][gc,phases,start] GC(16630) Phase 4: Compact heap
[2020-12-21T08:46:45.260-0500][gc,phases      ] GC(16630) Phase 4: Compact heap 3.062ms
[2020-12-21T08:46:45.267-0500][gc,heap        ] GC(16630) Eden regions: 5->0(9)
[2020-12-21T08:46:45.267-0500][gc,heap        ] GC(16630) Survivor regions: 1->0(1)
[2020-12-21T08:46:45.267-0500][gc,heap        ] GC(16630) Old regions: 43->42
[2020-12-21T08:46:45.267-0500][gc,heap        ] GC(16630) Humongous regions: 4->4
[2020-12-21T08:46:45.267-0500][gc,metaspace   ] GC(16630) Metaspace: 49949K->49949K(1093632K)
[2020-12-21T08:46:45.267-0500][gc,heap        ] GC(16630) Heap after GC invocations=16631 (full 3363): garbage-first heap   total 64512K, used 43215K [0x0000000083000000, 0x0000000100000000)
[2020-12-21T08:46:45.267-0500][gc,heap        ] GC(16630)   region size 1024K, 0 young (0K), 0 survivors (0K)
[2020-12-21T08:46:45.267-0500][gc,heap        ] GC(16630)  Metaspace       used 49949K, capacity 52104K, committed 53632K, reserved 1093632K
[2020-12-21T08:46:45.267-0500][gc,heap        ] GC(16630)   class space    used 7422K, capacity 8193K, committed 8832K, reserved 1048576K
[2020-12-21T08:46:45.267-0500][gc             ] GC(16630) Pause Full (System.gc()) 46M->42M(63M) 77.144ms
[2020-12-21T08:46:45.267-0500][gc,cpu         ] GC(16630) User=0.34s Sys=0.00s Real=0.07s
[2020-12-21T08:48:26.015-0500][gc,heap        ] GC(16631) Heap before GC invocations=16631 (full 3363): garbage-first heap   total 64512K, used 51407K [0x0000000083000000, 0x0000000100000000)
[2020-12-21T08:48:26.015-0500][gc,heap        ] GC(16631)   region size 1024K, 9 young (9216K), 0 survivors (0K)
[2020-12-21T08:48:26.015-0500][gc,heap        ] GC(16631)  Metaspace       used 49949K, capacity 52104K, committed 53632K, reserved 1093632K
[2020-12-21T08:48:26.015-0500][gc,heap        ] GC(16631)   class space    used 7422K, capacity 8193K, committed 8832K, reserved 1048576K
[2020-12-21T08:48:26.015-0500][gc,start       ] GC(16631) Pause Young (Normal) (G1 Evacuation Pause)
[2020-12-21T08:48:26.015-0500][gc,task        ] GC(16631) Using 8 workers of 8 for evacuation
[2020-12-21T08:48:26.017-0500][gc,phases      ] GC(16631)   Pre Evacuate Collection Set: 0.0ms
[2020-12-21T08:48:26.017-0500][gc,phases      ] GC(16631)   Evacuate Collection Set: 0.7ms
[2020-12-21T08:48:26.017-0500][gc,phases      ] GC(16631)   Post Evacuate Collection Set: 1.2ms
[2020-12-21T08:48:26.017-0500][gc,phases      ] GC(16631)   Other: 0.3ms
[2020-12-21T08:48:26.017-0500][gc,heap        ] GC(16631) Eden regions: 9->0(8)
[2020-12-21T08:48:26.017-0500][gc,heap        ] GC(16631) Survivor regions: 0->1(2)
[2020-12-21T08:48:26.017-0500][gc,heap        ] GC(16631) Old regions: 42->42
[2020-12-21T08:48:26.017-0500][gc,heap        ] GC(16631) Humongous regions: 4->4
[2020-12-21T08:48:26.017-0500][gc,metaspace   ] GC(16631) Metaspace: 49949K->49949K(1093632K)
[2020-12-21T08:48:26.017-0500][gc,heap        ] GC(16631) Heap after GC invocations=16632 (full 3363): garbage-first heap   total 64512K, used 43270K [0x0000000083000000, 0x0000000100000000)
[2020-12-21T08:48:26.017-0500][gc,heap        ] GC(16631)   region size 1024K, 1 young (1024K), 1 survivors (1024K)
[2020-12-21T08:48:26.017-0500][gc,heap        ] GC(16631)  Metaspace       used 49949K, capacity 52104K, committed 53632K, reserved 1093632K
[2020-12-21T08:48:26.017-0500][gc,heap        ] GC(16631)   class space    used 7422K, capacity 8193K, committed 8832K, reserved 1048576K
[2020-12-21T08:48:26.017-0500][gc             ] GC(16631) Pause Young (Normal) (G1 Evacuation Pause) 51M->42M(63M) 2.270ms
[2020-12-21T08:48:26.017-0500][gc,cpu         ] GC(16631) User=0.01s Sys=0.00s Real=0.00s
[2020-12-21T08:50:00.998-0500][gc,heap        ] GC(16632) Heap before GC invocations=16632 (full 3363): garbage-first heap   total 64512K, used 50438K [0x0000000083000000, 0x0000000100000000)
[2020-12-21T08:50:00.998-0500][gc,heap        ] GC(16632)   region size 1024K, 9 young (9216K), 1 survivors (1024K)
[2020-12-21T08:50:00.998-0500][gc,heap        ] GC(16632)  Metaspace       used 49949K, capacity 52104K, committed 53632K, reserved 1093632K
[2020-12-21T08:50:00.998-0500][gc,heap        ] GC(16632)   class space    used 7422K, capacity 8193K, committed 8832K, reserved 1048576K
[2020-12-21T08:50:00.998-0500][gc,start       ] GC(16632) Pause Young (Normal) (G1 Evacuation Pause)
[2020-12-21T08:50:00.998-0500][gc,task        ] GC(16632) Using 8 workers of 8 for evacuation
[2020-12-21T08:50:00.999-0500][gc,phases      ] GC(16632)   Pre Evacuate Collection Set: 0.0ms
[2020-12-21T08:50:00.999-0500][gc,phases      ] GC(16632)   Evacuate Collection Set: 0.6ms
[2020-12-21T08:50:00.999-0500][gc,phases      ] GC(16632)   Post Evacuate Collection Set: 0.8ms
[2020-12-21T08:50:00.999-0500][gc,phases      ] GC(16632)   Other: 0.2ms
[2020-12-21T08:50:00.999-0500][gc,heap        ] GC(16632) Eden regions: 8->0(8)
[2020-12-21T08:50:00.999-0500][gc,heap        ] GC(16632) Survivor regions: 1->1(2)
[2020-12-21T08:50:00.999-0500][gc,heap        ] GC(16632) Old regions: 42->42
[2020-12-21T08:50:00.999-0500][gc,heap        ] GC(16632) Humongous regions: 4->4
[2020-12-21T08:50:00.999-0500][gc,metaspace   ] GC(16632) Metaspace: 49949K->49949K(1093632K)
[2020-12-21T08:50:00.999-0500][gc,heap        ] GC(16632) Heap after GC invocations=16633 (full 3363): garbage-first heap   total 64512K, used 43257K [0x0000000083000000, 0x0000000100000000)
[2020-12-21T08:50:00.999-0500][gc,heap        ] GC(16632)   region size 1024K, 1 young (1024K), 1 survivors (1024K)
[2020-12-21T08:50:00.999-0500][gc,heap        ] GC(16632)  Metaspace       used 49949K, capacity 52104K, committed 53632K, reserved 1093632K
[2020-12-21T08:50:00.999-0500][gc,heap        ] GC(16632)   class space    used 7422K, capacity 8193K, committed 8832K, reserved 1048576K
[2020-12-21T08:50:00.999-0500][gc             ] GC(16632) Pause Young (Normal) (G1 Evacuation Pause) 50M->42M(63M) 1.602ms
[2020-12-21T08:50:00.999-0500][gc,cpu         ] GC(16632) User=0.00s Sys=0.00s Real=0.00s
[2020-12-21T08:51:26.133-0500][gc,heap        ] GC(16633) Heap before GC invocations=16633 (full 3363): garbage-first heap   total 64512K, used 51449K [0x0000000083000000, 0x0000000100000000)
[2020-12-21T08:51:26.133-0500][gc,heap        ] GC(16633)   region size 1024K, 9 young (9216K), 1 survivors (1024K)
[2020-12-21T08:51:26.133-0500][gc,heap        ] GC(16633)  Metaspace       used 49949K, capacity 52104K, committed 53632K, reserved 1093632K
[2020-12-21T08:51:26.133-0500][gc,heap        ] GC(16633)   class space    used 7422K, capacity 8193K, committed 8832K, reserved 1048576K
[2020-12-21T08:51:26.133-0500][gc,start       ] GC(16633) Pause Young (Normal) (G1 Evacuation Pause)
[2020-12-21T08:51:26.133-0500][gc,task        ] GC(16633) Using 8 workers of 8 for evacuation
[2020-12-21T08:51:26.138-0500][gc,phases      ] GC(16633)   Pre Evacuate Collection Set: 0.0ms
[2020-12-21T08:51:26.138-0500][gc,phases      ] GC(16633)   Evacuate Collection Set: 1.4ms
[2020-12-21T08:51:26.138-0500][gc,phases      ] GC(16633)   Post Evacuate Collection Set: 3.1ms
[2020-12-21T08:51:26.138-0500][gc,phases      ] GC(16633)   Other: 0.2ms
[2020-12-21T08:51:26.138-0500][gc,heap        ] GC(16633) Eden regions: 8->0(8)
[2020-12-21T08:51:26.138-0500][gc,heap        ] GC(16633) Survivor regions: 1->1(2)
[2020-12-21T08:51:26.138-0500][gc,heap        ] GC(16633) Old regions: 42->42
[2020-12-21T08:51:26.138-0500][gc,heap        ] GC(16633) Humongous regions: 4->4
[2020-12-21T08:51:26.138-0500][gc,metaspace   ] GC(16633) Metaspace: 49949K->49949K(1093632K)
[2020-12-21T08:51:26.138-0500][gc,heap        ] GC(16633) Heap after GC invocations=16634 (full 3363): garbage-first heap   total 64512K, used 43275K [0x0000000083000000, 0x0000000100000000)
[2020-12-21T08:51:26.138-0500][gc,heap        ] GC(16633)   region size 1024K, 1 young (1024K), 1 survivors (1024K)
[2020-12-21T08:51:26.138-0500][gc,heap        ] GC(16633)  Metaspace       used 49949K, capacity 52104K, committed 53632K, reserved 1093632K
[2020-12-21T08:51:26.138-0500][gc,heap        ] GC(16633)   class space    used 7422K, capacity 8193K, committed 8832K, reserved 1048576K
[2020-12-21T08:51:26.138-0500][gc             ] GC(16633) Pause Young (Normal) (G1 Evacuation Pause) 50M->42M(63M) 4.910ms
[2020-12-21T08:51:26.138-0500][gc,cpu         ] GC(16633) User=0.01s Sys=0.01s Real=0.01s
[2020-12-21T08:51:45.189-0500][gc,task        ] GC(16634) Using 5 workers of 8 for full compaction
[2020-12-21T08:51:45.189-0500][gc,start       ] GC(16634) Pause Full (System.gc())
[2020-12-21T08:51:45.189-0500][gc,heap        ] GC(16634) Heap before GC invocations=16634 (full 3363): garbage-first heap   total 64512K, used 44299K [0x0000000083000000, 0x0000000100000000)
[2020-12-21T08:51:45.189-0500][gc,heap        ] GC(16634)   region size 1024K, 3 young (3072K), 1 survivors (1024K)
[2020-12-21T08:51:45.189-0500][gc,heap        ] GC(16634)  Metaspace       used 49949K, capacity 52104K, committed 53632K, reserved 1093632K
[2020-12-21T08:51:45.189-0500][gc,heap        ] GC(16634)   class space    used 7422K, capacity 8193K, committed 8832K, reserved 1048576K
[2020-12-21T08:51:45.190-0500][gc,phases,start] GC(16634) Phase 1: Mark live objects
[2020-12-21T08:51:45.235-0500][gc,stringtable ] GC(16634) Cleaned string and symbol table, strings: 33106 processed, 4 removed, symbols: 120816 processed, 0 removed
[2020-12-21T08:51:45.235-0500][gc,phases      ] GC(16634) Phase 1: Mark live objects 45.110ms
[2020-12-21T08:51:45.235-0500][gc,phases,start] GC(16634) Phase 2: Prepare for compaction
[2020-12-21T08:51:45.239-0500][gc,phases      ] GC(16634) Phase 2: Prepare for compaction 3.701ms
[2020-12-21T08:51:45.239-0500][gc,phases,start] GC(16634) Phase 3: Adjust pointers
[2020-12-21T08:51:45.251-0500][gc,phases      ] GC(16634) Phase 3: Adjust pointers 11.803ms
[2020-12-21T08:51:45.251-0500][gc,phases,start] GC(16634) Phase 4: Compact heap
[2020-12-21T08:51:45.254-0500][gc,phases      ] GC(16634) Phase 4: Compact heap 2.965ms
[2020-12-21T08:51:45.260-0500][gc,heap        ] GC(16634) Eden regions: 2->0(8)
[2020-12-21T08:51:45.260-0500][gc,heap        ] GC(16634) Survivor regions: 1->0(2)
[2020-12-21T08:51:45.260-0500][gc,heap        ] GC(16634) Old regions: 42->43
[2020-12-21T08:51:45.260-0500][gc,heap        ] GC(16634) Humongous regions: 4->4
[2020-12-21T08:51:45.260-0500][gc,metaspace   ] GC(16634) Metaspace: 49949K->49949K(1093632K)
[2020-12-21T08:51:45.260-0500][gc,heap        ] GC(16634) Heap after GC invocations=16635 (full 3364): garbage-first heap   total 64512K, used 43201K [0x0000000083000000, 0x0000000100000000)
[2020-12-21T08:51:45.260-0500][gc,heap        ] GC(16634)   region size 1024K, 0 young (0K), 0 survivors (0K)
[2020-12-21T08:51:45.260-0500][gc,heap        ] GC(16634)  Metaspace       used 49949K, capacity 52104K, committed 53632K, reserved 1093632K
[2020-12-21T08:51:45.260-0500][gc,heap        ] GC(16634)   class space    used 7422K, capacity 8193K, committed 8832K, reserved 1048576K
[2020-12-21T08:51:45.260-0500][gc             ] GC(16634) Pause Full (System.gc()) 43M->42M(63M) 70.943ms
[2020-12-21T08:51:45.260-0500][gc,cpu         ] GC(16634) User=0.31s Sys=0.00s Real=0.07s
[2020-12-21T08:53:11.924-0500][gc,heap        ] GC(16635) Heap before GC invocations=16635 (full 3364): garbage-first heap   total 64512K, used 51393K [0x0000000083000000, 0x0000000100000000)
[2020-12-21T08:53:11.925-0500][gc,heap        ] GC(16635)   region size 1024K, 8 young (8192K), 0 survivors (0K)
[2020-12-21T08:53:11.925-0500][gc,heap        ] GC(16635)  Metaspace       used 49949K, capacity 52104K, committed 53632K, reserved 1093632K
[2020-12-21T08:53:11.925-0500][gc,heap        ] GC(16635)   class space    used 7422K, capacity 8193K, committed 8832K, reserved 1048576K
[2020-12-21T08:53:11.925-0500][gc,start       ] GC(16635) Pause Young (Normal) (G1 Evacuation Pause)
[2020-12-21T08:53:11.925-0500][gc,task        ] GC(16635) Using 8 workers of 8 for evacuation
[2020-12-21T08:53:11.930-0500][gc,phases      ] GC(16635)   Pre Evacuate Collection Set: 0.0ms
[2020-12-21T08:53:11.930-0500][gc,phases      ] GC(16635)   Evacuate Collection Set: 2.1ms
[2020-12-21T08:53:11.931-0500][gc,phases      ] GC(16635)   Post Evacuate Collection Set: 3.2ms
[2020-12-21T08:53:11.931-0500][gc,phases      ] GC(16635)   Other: 0.5ms
[2020-12-21T08:53:11.931-0500][gc,heap        ] GC(16635) Eden regions: 8->0(7)
[2020-12-21T08:53:11.931-0500][gc,heap        ] GC(16635) Survivor regions: 0->1(1)
[2020-12-21T08:53:11.931-0500][gc,heap        ] GC(16635) Old regions: 43->43
[2020-12-21T08:53:11.931-0500][gc,heap        ] GC(16635) Humongous regions: 4->4
[2020-12-21T08:53:11.931-0500][gc,metaspace   ] GC(16635) Metaspace: 49949K->49949K(1093632K)
[2020-12-21T08:53:11.931-0500][gc,heap        ] GC(16635) Heap after GC invocations=16636 (full 3364): garbage-first heap   total 64512K, used 43253K [0x0000000083000000, 0x0000000100000000)
[2020-12-21T08:53:11.931-0500][gc,heap        ] GC(16635)   region size 1024K, 1 young (1024K), 1 survivors (1024K)
[2020-12-21T08:53:11.931-0500][gc,heap        ] GC(16635)  Metaspace       used 49949K, capacity 52104K, committed 53632K, reserved 1093632K
[2020-12-21T08:53:11.931-0500][gc,heap        ] GC(16635)   class space    used 7422K, capacity 8193K, committed 8832K, reserved 1048576K
[2020-12-21T08:53:11.931-0500][gc             ] GC(16635) Pause Young (Normal) (G1 Evacuation Pause) 50M->42M(63M) 6.071ms
[2020-12-21T08:53:11.931-0500][gc,cpu         ] GC(16635) User=0.00s Sys=0.00s Real=0.01s
[2020-12-21T08:54:34.201-0500][gc,heap        ] GC(16636) Heap before GC invocations=16636 (full 3364): garbage-first heap   total 64512K, used 49397K [0x0000000083000000, 0x0000000100000000)
[2020-12-21T08:54:34.201-0500][gc,heap        ] GC(16636)   region size 1024K, 8 young (8192K), 1 survivors (1024K)
[2020-12-21T08:54:34.201-0500][gc,heap        ] GC(16636)  Metaspace       used 49949K, capacity 52104K, committed 53632K, reserved 1093632K
[2020-12-21T08:54:34.201-0500][gc,heap        ] GC(16636)   class space    used 7422K, capacity 8193K, committed 8832K, reserved 1048576K
[2020-12-21T08:54:34.201-0500][gc,start       ] GC(16636) Pause Young (Normal) (G1 Evacuation Pause)
[2020-12-21T08:54:34.201-0500][gc,task        ] GC(16636) Using 8 workers of 8 for evacuation
[2020-12-21T08:54:34.202-0500][gc,phases      ] GC(16636)   Pre Evacuate Collection Set: 0.0ms
[2020-12-21T08:54:34.202-0500][gc,phases      ] GC(16636)   Evacuate Collection Set: 0.5ms
[2020-12-21T08:54:34.202-0500][gc,phases      ] GC(16636)   Post Evacuate Collection Set: 0.9ms
[2020-12-21T08:54:34.202-0500][gc,phases      ] GC(16636)   Other: 0.2ms
[2020-12-21T08:54:34.202-0500][gc,heap        ] GC(16636) Eden regions: 7->0(7)
[2020-12-21T08:54:34.202-0500][gc,heap        ] GC(16636) Survivor regions: 1->1(1)
[2020-12-21T08:54:34.202-0500][gc,heap        ] GC(16636) Old regions: 43->43
[2020-12-21T08:54:34.202-0500][gc,heap        ] GC(16636) Humongous regions: 4->4
[2020-12-21T08:54:34.202-0500][gc,metaspace   ] GC(16636) Metaspace: 49949K->49949K(1093632K)
[2020-12-21T08:54:34.202-0500][gc,heap        ] GC(16636) Heap after GC invocations=16637 (full 3364): garbage-first heap   total 64512K, used 43265K [0x0000000083000000, 0x0000000100000000)
[2020-12-21T08:54:34.202-0500][gc,heap        ] GC(16636)   region size 1024K, 1 young (1024K), 1 survivors (1024K)
[2020-12-21T08:54:34.202-0500][gc,heap        ] GC(16636)  Metaspace       used 49949K, capacity 52104K, committed 53632K, reserved 1093632K
[2020-12-21T08:54:34.202-0500][gc,heap        ] GC(16636)   class space    used 7422K, capacity 8193K, committed 8832K, reserved 1048576K
[2020-12-21T08:54:34.202-0500][gc             ] GC(16636) Pause Young (Normal) (G1 Evacuation Pause) 49M->42M(63M) 1.666ms
[2020-12-21T08:54:34.202-0500][gc,cpu         ] GC(16636) User=0.00s Sys=0.00s Real=0.00s
[2020-12-21T08:55:46.012-0500][gc,heap        ] GC(16637) Heap before GC invocations=16637 (full 3364): garbage-first heap   total 64512K, used 50433K [0x0000000083000000, 0x0000000100000000)
[2020-12-21T08:55:46.012-0500][gc,heap        ] GC(16637)   region size 1024K, 8 young (8192K), 1 survivors (1024K)
[2020-12-21T08:55:46.012-0500][gc,heap        ] GC(16637)  Metaspace       used 49949K, capacity 52104K, committed 53632K, reserved 1093632K
[2020-12-21T08:55:46.012-0500][gc,heap        ] GC(16637)   class space    used 7422K, capacity 8193K, committed 8832K, reserved 1048576K
[2020-12-21T08:55:46.012-0500][gc,start       ] GC(16637) Pause Young (Normal) (G1 Evacuation Pause)
[2020-12-21T08:55:46.012-0500][gc,task        ] GC(16637) Using 8 workers of 8 for evacuation
[2020-12-21T08:55:46.015-0500][gc,phases      ] GC(16637)   Pre Evacuate Collection Set: 0.0ms
[2020-12-21T08:55:46.015-0500][gc,phases      ] GC(16637)   Evacuate Collection Set: 2.8ms
[2020-12-21T08:55:46.015-0500][gc,phases      ] GC(16637)   Post Evacuate Collection Set: 0.8ms
[2020-12-21T08:55:46.015-0500][gc,phases      ] GC(16637)   Other: 0.2ms
[2020-12-21T08:55:46.015-0500][gc,heap        ] GC(16637) Eden regions: 7->0(7)
[2020-12-21T08:55:46.015-0500][gc,heap        ] GC(16637) Survivor regions: 1->1(1)
[2020-12-21T08:55:46.015-0500][gc,heap        ] GC(16637) Old regions: 43->43
[2020-12-21T08:55:46.016-0500][gc,heap        ] GC(16637) Humongous regions: 4->4
[2020-12-21T08:55:46.016-0500][gc,metaspace   ] GC(16637) Metaspace: 49949K->49949K(1093632K)
[2020-12-21T08:55:46.016-0500][gc,heap        ] GC(16637) Heap after GC invocations=16638 (full 3364): garbage-first heap   total 64512K, used 43273K [0x0000000083000000, 0x0000000100000000)
[2020-12-21T08:55:46.016-0500][gc,heap        ] GC(16637)   region size 1024K, 1 young (1024K), 1 survivors (1024K)
[2020-12-21T08:55:46.016-0500][gc,heap        ] GC(16637)  Metaspace       used 49949K, capacity 52104K, committed 53632K, reserved 1093632K
[2020-12-21T08:55:46.016-0500][gc,heap        ] GC(16637)   class space    used 7422K, capacity 8193K, committed 8832K, reserved 1048576K
[2020-12-21T08:55:46.016-0500][gc             ] GC(16637) Pause Young (Normal) (G1 Evacuation Pause) 49M->42M(63M) 3.885ms
[2020-12-21T08:55:46.016-0500][gc,cpu         ] GC(16637) User=0.01s Sys=0.00s Real=0.00s
[2020-12-21T08:56:45.192-0500][gc,task        ] GC(16638) Using 5 workers of 8 for full compaction
[2020-12-21T08:56:45.192-0500][gc,start       ] GC(16638) Pause Full (System.gc())
[2020-12-21T08:56:45.192-0500][gc,heap        ] GC(16638) Heap before GC invocations=16638 (full 3364): garbage-first heap   total 64512K, used 48393K [0x0000000083000000, 0x0000000100000000)
[2020-12-21T08:56:45.192-0500][gc,heap        ] GC(16638)   region size 1024K, 7 young (7168K), 1 survivors (1024K)
[2020-12-21T08:56:45.192-0500][gc,heap        ] GC(16638)  Metaspace       used 49949K, capacity 52104K, committed 53632K, reserved 1093632K
[2020-12-21T08:56:45.192-0500][gc,heap        ] GC(16638)   class space    used 7422K, capacity 8193K, committed 8832K, reserved 1048576K
[2020-12-21T08:56:45.192-0500][gc,phases,start] GC(16638) Phase 1: Mark live objects
[2020-12-21T08:56:45.213-0500][gc,stringtable ] GC(16638) Cleaned string and symbol table, strings: 33106 processed, 4 removed, symbols: 120816 processed, 0 removed
[2020-12-21T08:56:45.213-0500][gc,phases      ] GC(16638) Phase 1: Mark live objects 21.476ms
[2020-12-21T08:56:45.213-0500][gc,phases,start] GC(16638) Phase 2: Prepare for compaction
[2020-12-21T08:56:45.217-0500][gc,phases      ] GC(16638) Phase 2: Prepare for compaction 3.987ms
[2020-12-21T08:56:45.218-0500][gc,phases,start] GC(16638) Phase 3: Adjust pointers
[2020-12-21T08:56:45.228-0500][gc,phases      ] GC(16638) Phase 3: Adjust pointers 10.877ms
[2020-12-21T08:56:45.228-0500][gc,phases,start] GC(16638) Phase 4: Compact heap
[2020-12-21T08:56:45.232-0500][gc,phases      ] GC(16638) Phase 4: Compact heap 3.207ms
[2020-12-21T08:56:45.238-0500][gc,heap        ] GC(16638) Eden regions: 6->0(10)
[2020-12-21T08:56:45.238-0500][gc,heap        ] GC(16638) Survivor regions: 1->0(1)
[2020-12-21T08:56:45.238-0500][gc,heap        ] GC(16638) Old regions: 43->41
[2020-12-21T08:56:45.238-0500][gc,heap        ] GC(16638) Humongous regions: 4->4
[2020-12-21T08:56:45.238-0500][gc,metaspace   ] GC(16638) Metaspace: 49949K->49949K(1093632K)
[2020-12-21T08:56:45.238-0500][gc,heap        ] GC(16638) Heap after GC invocations=16639 (full 3365): garbage-first heap   total 64512K, used 43214K [0x0000000083000000, 0x0000000100000000)
[2020-12-21T08:56:45.238-0500][gc,heap        ] GC(16638)   region size 1024K, 0 young (0K), 0 survivors (0K)
[2020-12-21T08:56:45.238-0500][gc,heap        ] GC(16638)  Metaspace       used 49949K, capacity 52104K, committed 53632K, reserved 1093632K
[2020-12-21T08:56:45.238-0500][gc,heap        ] GC(16638)   class space    used 7422K, capacity 8193K, committed 8832K, reserved 1048576K
[2020-12-21T08:56:45.238-0500][gc             ] GC(16638) Pause Full (System.gc()) 47M->42M(63M) 46.493ms
[2020-12-21T08:56:45.238-0500][gc,cpu         ] GC(16638) User=0.18s Sys=0.00s Real=0.05s
[2020-12-21T08:58:36.013-0500][gc,heap        ] GC(16639) Heap before GC invocations=16639 (full 3365): garbage-first heap   total 64512K, used 52430K [0x0000000083000000, 0x0000000100000000)
[2020-12-21T08:58:36.013-0500][gc,heap        ] GC(16639)   region size 1024K, 10 young (10240K), 0 survivors (0K)
[2020-12-21T08:58:36.013-0500][gc,heap        ] GC(16639)  Metaspace       used 49949K, capacity 52104K, committed 53632K, reserved 1093632K
[2020-12-21T08:58:36.013-0500][gc,heap        ] GC(16639)   class space    used 7422K, capacity 8193K, committed 8832K, reserved 1048576K
[2020-12-21T08:58:36.013-0500][gc,start       ] GC(16639) Pause Young (Normal) (G1 Evacuation Pause)
[2020-12-21T08:58:36.013-0500][gc,task        ] GC(16639) Using 8 workers of 8 for evacuation
[2020-12-21T08:58:36.022-0500][gc,phases      ] GC(16639)   Pre Evacuate Collection Set: 0.0ms
[2020-12-21T08:58:36.022-0500][gc,phases      ] GC(16639)   Evacuate Collection Set: 3.2ms
[2020-12-21T08:58:36.022-0500][gc,phases      ] GC(16639)   Post Evacuate Collection Set: 5.3ms
[2020-12-21T08:58:36.022-0500][gc,phases      ] GC(16639)   Other: 0.5ms
[2020-12-21T08:58:36.022-0500][gc,heap        ] GC(16639) Eden regions: 10->0(9)
[2020-12-21T08:58:36.022-0500][gc,heap        ] GC(16639) Survivor regions: 0->1(2)
[2020-12-21T08:58:36.022-0500][gc,heap        ] GC(16639) Old regions: 41->41
[2020-12-21T08:58:36.022-0500][gc,heap        ] GC(16639) Humongous regions: 4->4
[2020-12-21T08:58:36.022-0500][gc,metaspace   ] GC(16639) Metaspace: 49949K->49949K(1093632K)
[2020-12-21T08:58:36.022-0500][gc,heap        ] GC(16639) Heap after GC invocations=16640 (full 3365): garbage-first heap   total 64512K, used 43286K [0x0000000083000000, 0x0000000100000000)
[2020-12-21T08:58:36.022-0500][gc,heap        ] GC(16639)   region size 1024K, 1 young (1024K), 1 survivors (1024K)
[2020-12-21T08:58:36.022-0500][gc,heap        ] GC(16639)  Metaspace       used 49949K, capacity 52104K, committed 53632K, reserved 1093632K
[2020-12-21T08:58:36.022-0500][gc,heap        ] GC(16639)   class space    used 7422K, capacity 8193K, committed 8832K, reserved 1048576K
[2020-12-21T08:58:36.022-0500][gc             ] GC(16639) Pause Young (Normal) (G1 Evacuation Pause) 52M->42M(63M) 9.184ms
[2020-12-21T08:58:36.022-0500][gc,cpu         ] GC(16639) User=0.03s Sys=0.00s Real=0.01s
[2020-12-21T09:00:16.061-0500][gc,heap        ] GC(16640) Heap before GC invocations=16640 (full 3365): garbage-first heap   total 64512K, used 52502K [0x0000000083000000, 0x0000000100000000)
[2020-12-21T09:00:16.061-0500][gc,heap        ] GC(16640)   region size 1024K, 10 young (10240K), 1 survivors (1024K)
[2020-12-21T09:00:16.061-0500][gc,heap        ] GC(16640)  Metaspace       used 49949K, capacity 52104K, committed 53632K, reserved 1093632K
[2020-12-21T09:00:16.062-0500][gc,heap        ] GC(16640)   class space    used 7422K, capacity 8193K, committed 8832K, reserved 1048576K
[2020-12-21T09:00:16.062-0500][gc,start       ] GC(16640) Pause Young (Normal) (G1 Evacuation Pause)
[2020-12-21T09:00:16.062-0500][gc,task        ] GC(16640) Using 8 workers of 8 for evacuation
[2020-12-21T09:00:16.063-0500][gc,phases      ] GC(16640)   Pre Evacuate Collection Set: 0.0ms
[2020-12-21T09:00:16.063-0500][gc,phases      ] GC(16640)   Evacuate Collection Set: 0.6ms
[2020-12-21T09:00:16.063-0500][gc,phases      ] GC(16640)   Post Evacuate Collection Set: 0.9ms
[2020-12-21T09:00:16.063-0500][gc,phases      ] GC(16640)   Other: 0.4ms
[2020-12-21T09:00:16.063-0500][gc,heap        ] GC(16640) Eden regions: 9->0(9)
[2020-12-21T09:00:16.063-0500][gc,heap        ] GC(16640) Survivor regions: 1->1(2)
[2020-12-21T09:00:16.063-0500][gc,heap        ] GC(16640) Old regions: 41->41
[2020-12-21T09:00:16.063-0500][gc,heap        ] GC(16640) Humongous regions: 4->4
[2020-12-21T09:00:16.063-0500][gc,metaspace   ] GC(16640) Metaspace: 49949K->49949K(1093632K)
[2020-12-21T09:00:16.063-0500][gc,heap        ] GC(16640) Heap after GC invocations=16641 (full 3365): garbage-first heap   total 64512K, used 43272K [0x0000000083000000, 0x0000000100000000)
[2020-12-21T09:00:16.063-0500][gc,heap        ] GC(16640)   region size 1024K, 1 young (1024K), 1 survivors (1024K)
[2020-12-21T09:00:16.063-0500][gc,heap        ] GC(16640)  Metaspace       used 49949K, capacity 52104K, committed 53632K, reserved 1093632K
[2020-12-21T09:00:16.063-0500][gc,heap        ] GC(16640)   class space    used 7422K, capacity 8193K, committed 8832K, reserved 1048576K
[2020-12-21T09:00:16.063-0500][gc             ] GC(16640) Pause Young (Normal) (G1 Evacuation Pause) 51M->42M(63M) 1.790ms
[2020-12-21T09:00:16.063-0500][gc,cpu         ] GC(16640) User=0.00s Sys=0.01s Real=0.00s
[2020-12-21T09:01:45.190-0500][gc,task        ] GC(16641) Using 5 workers of 8 for full compaction
[2020-12-21T09:01:45.190-0500][gc,start       ] GC(16641) Pause Full (System.gc())
[2020-12-21T09:01:45.190-0500][gc,heap        ] GC(16641) Heap before GC invocations=16641 (full 3365): garbage-first heap   total 64512K, used 49416K [0x0000000083000000, 0x0000000100000000)
[2020-12-21T09:01:45.190-0500][gc,heap        ] GC(16641)   region size 1024K, 9 young (9216K), 1 survivors (1024K)
[2020-12-21T09:01:45.190-0500][gc,heap        ] GC(16641)  Metaspace       used 49949K, capacity 52104K, committed 53632K, reserved 1093632K
[2020-12-21T09:01:45.190-0500][gc,heap        ] GC(16641)   class space    used 7422K, capacity 8193K, committed 8832K, reserved 1048576K
[2020-12-21T09:01:45.191-0500][gc,phases,start] GC(16641) Phase 1: Mark live objects
[2020-12-21T09:01:45.223-0500][gc,stringtable ] GC(16641) Cleaned string and symbol table, strings: 33106 processed, 4 removed, symbols: 120816 processed, 0 removed
[2020-12-21T09:01:45.223-0500][gc,phases      ] GC(16641) Phase 1: Mark live objects 32.076ms
[2020-12-21T09:01:45.223-0500][gc,phases,start] GC(16641) Phase 2: Prepare for compaction
[2020-12-21T09:01:45.227-0500][gc,phases      ] GC(16641) Phase 2: Prepare for compaction 4.596ms
[2020-12-21T09:01:45.228-0500][gc,phases,start] GC(16641) Phase 3: Adjust pointers
[2020-12-21T09:01:45.238-0500][gc,phases      ] GC(16641) Phase 3: Adjust pointers 9.963ms
[2020-12-21T09:01:45.238-0500][gc,phases,start] GC(16641) Phase 4: Compact heap
[2020-12-21T09:01:45.240-0500][gc,phases      ] GC(16641) Phase 4: Compact heap 2.506ms
[2020-12-21T09:01:45.246-0500][gc,heap        ] GC(16641) Eden regions: 8->0(10)
[2020-12-21T09:01:45.246-0500][gc,heap        ] GC(16641) Survivor regions: 1->0(2)
[2020-12-21T09:01:45.246-0500][gc,heap        ] GC(16641) Old regions: 41->41
[2020-12-21T09:01:45.246-0500][gc,heap        ] GC(16641) Humongous regions: 4->4
[2020-12-21T09:01:45.246-0500][gc,metaspace   ] GC(16641) Metaspace: 49949K->49949K(1093632K)
[2020-12-21T09:01:45.246-0500][gc,heap        ] GC(16641) Heap after GC invocations=16642 (full 3366): garbage-first heap   total 64512K, used 43220K [0x0000000083000000, 0x0000000100000000)
[2020-12-21T09:01:45.246-0500][gc,heap        ] GC(16641)   region size 1024K, 0 young (0K), 0 survivors (0K)
[2020-12-21T09:01:45.246-0500][gc,heap        ] GC(16641)  Metaspace       used 49949K, capacity 52104K, committed 53632K, reserved 1093632K
[2020-12-21T09:01:45.246-0500][gc,heap        ] GC(16641)   class space    used 7422K, capacity 8193K, committed 8832K, reserved 1048576K
[2020-12-21T09:01:45.246-0500][gc             ] GC(16641) Pause Full (System.gc()) 49M->42M(63M) 56.227ms
[2020-12-21T09:01:45.247-0500][gc,cpu         ] GC(16641) User=0.24s Sys=0.00s Real=0.05s
[2020-12-21T09:03:36.015-0500][gc,heap        ] GC(16642) Heap before GC invocations=16642 (full 3366): garbage-first heap   total 64512K, used 52436K [0x0000000083000000, 0x0000000100000000)
[2020-12-21T09:03:36.015-0500][gc,heap        ] GC(16642)   region size 1024K, 10 young (10240K), 0 survivors (0K)
[2020-12-21T09:03:36.015-0500][gc,heap        ] GC(16642)  Metaspace       used 49949K, capacity 52104K, committed 53632K, reserved 1093632K
[2020-12-21T09:03:36.015-0500][gc,heap        ] GC(16642)   class space    used 7422K, capacity 8193K, committed 8832K, reserved 1048576K
[2020-12-21T09:03:36.015-0500][gc,start       ] GC(16642) Pause Young (Normal) (G1 Evacuation Pause)
[2020-12-21T09:03:36.015-0500][gc,task        ] GC(16642) Using 8 workers of 8 for evacuation
[2020-12-21T09:03:36.020-0500][gc,phases      ] GC(16642)   Pre Evacuate Collection Set: 0.1ms
[2020-12-21T09:03:36.020-0500][gc,phases      ] GC(16642)   Evacuate Collection Set: 1.8ms
[2020-12-21T09:03:36.020-0500][gc,phases      ] GC(16642)   Post Evacuate Collection Set: 2.7ms
[2020-12-21T09:03:36.020-0500][gc,phases      ] GC(16642)   Other: 0.5ms
[2020-12-21T09:03:36.020-0500][gc,heap        ] GC(16642) Eden regions: 10->0(9)
[2020-12-21T09:03:36.020-0500][gc,heap        ] GC(16642) Survivor regions: 0->1(2)
[2020-12-21T09:03:36.020-0500][gc,heap        ] GC(16642) Old regions: 41->41
[2020-12-21T09:03:36.020-0500][gc,heap        ] GC(16642) Humongous regions: 4->4
[2020-12-21T09:03:36.020-0500][gc,metaspace   ] GC(16642) Metaspace: 49949K->49949K(1093632K)
[2020-12-21T09:03:36.020-0500][gc,heap        ] GC(16642) Heap after GC invocations=16643 (full 3366): garbage-first heap   total 64512K, used 43298K [0x0000000083000000, 0x0000000100000000)
[2020-12-21T09:03:36.020-0500][gc,heap        ] GC(16642)   region size 1024K, 1 young (1024K), 1 survivors (1024K)
[2020-12-21T09:03:36.020-0500][gc,heap        ] GC(16642)  Metaspace       used 49949K, capacity 52104K, committed 53632K, reserved 1093632K
[2020-12-21T09:03:36.021-0500][gc,heap        ] GC(16642)   class space    used 7422K, capacity 8193K, committed 8832K, reserved 1048576K
[2020-12-21T09:03:36.021-0500][gc             ] GC(16642) Pause Young (Normal) (G1 Evacuation Pause) 52M->42M(63M) 5.632ms
[2020-12-21T09:03:36.021-0500][gc,cpu         ] GC(16642) User=0.02s Sys=0.00s Real=0.01s
[2020-12-21T09:05:26.011-0500][gc,heap        ] GC(16643) Heap before GC invocations=16643 (full 3366): garbage-first heap   total 64512K, used 51490K [0x0000000083000000, 0x0000000100000000)
[2020-12-21T09:05:26.011-0500][gc,heap        ] GC(16643)   region size 1024K, 10 young (10240K), 1 survivors (1024K)
[2020-12-21T09:05:26.011-0500][gc,heap        ] GC(16643)  Metaspace       used 49949K, capacity 52104K, committed 53632K, reserved 1093632K
[2020-12-21T09:05:26.011-0500][gc,heap        ] GC(16643)   class space    used 7422K, capacity 8193K, committed 8832K, reserved 1048576K
[2020-12-21T09:05:26.012-0500][gc,start       ] GC(16643) Pause Young (Normal) (G1 Evacuation Pause)
[2020-12-21T09:05:26.012-0500][gc,task        ] GC(16643) Using 8 workers of 8 for evacuation
[2020-12-21T09:05:26.017-0500][gc,phases      ] GC(16643)   Pre Evacuate Collection Set: 0.0ms
[2020-12-21T09:05:26.017-0500][gc,phases      ] GC(16643)   Evacuate Collection Set: 1.9ms
[2020-12-21T09:05:26.017-0500][gc,phases      ] GC(16643)   Post Evacuate Collection Set: 3.0ms
[2020-12-21T09:05:26.017-0500][gc,phases      ] GC(16643)   Other: 0.7ms
[2020-12-21T09:05:26.017-0500][gc,heap        ] GC(16643) Eden regions: 9->0(9)
[2020-12-21T09:05:26.017-0500][gc,heap        ] GC(16643) Survivor regions: 1->1(2)
[2020-12-21T09:05:26.017-0500][gc,heap        ] GC(16643) Old regions: 41->41
[2020-12-21T09:05:26.017-0500][gc,heap        ] GC(16643) Humongous regions: 4->4
[2020-12-21T09:05:26.017-0500][gc,metaspace   ] GC(16643) Metaspace: 49949K->49949K(1093632K)
[2020-12-21T09:05:26.017-0500][gc,heap        ] GC(16643) Heap after GC invocations=16644 (full 3366): garbage-first heap   total 64512K, used 43274K [0x0000000083000000, 0x0000000100000000)
[2020-12-21T09:05:26.017-0500][gc,heap        ] GC(16643)   region size 1024K, 1 young (1024K), 1 survivors (1024K)
[2020-12-21T09:05:26.017-0500][gc,heap        ] GC(16643)  Metaspace       used 49949K, capacity 52104K, committed 53632K, reserved 1093632K
[2020-12-21T09:05:26.017-0500][gc,heap        ] GC(16643)   class space    used 7422K, capacity 8193K, committed 8832K, reserved 1048576K
[2020-12-21T09:05:26.017-0500][gc             ] GC(16643) Pause Young (Normal) (G1 Evacuation Pause) 51M->42M(63M) 5.773ms
[2020-12-21T09:05:26.017-0500][gc,cpu         ] GC(16643) User=0.01s Sys=0.01s Real=0.00s
[2020-12-21T09:06:45.191-0500][gc,task        ] GC(16644) Using 5 workers of 8 for full compaction
[2020-12-21T09:06:45.191-0500][gc,start       ] GC(16644) Pause Full (System.gc())
[2020-12-21T09:06:45.191-0500][gc,heap        ] GC(16644) Heap before GC invocations=16644 (full 3366): garbage-first heap   total 64512K, used 50442K [0x0000000083000000, 0x0000000100000000)
[2020-12-21T09:06:45.191-0500][gc,heap        ] GC(16644)   region size 1024K, 9 young (9216K), 1 survivors (1024K)
[2020-12-21T09:06:45.191-0500][gc,heap        ] GC(16644)  Metaspace       used 49949K, capacity 52104K, committed 53632K, reserved 1093632K
[2020-12-21T09:06:45.191-0500][gc,heap        ] GC(16644)   class space    used 7422K, capacity 8193K, committed 8832K, reserved 1048576K
[2020-12-21T09:06:45.192-0500][gc,phases,start] GC(16644) Phase 1: Mark live objects
[2020-12-21T09:06:45.235-0500][gc,stringtable ] GC(16644) Cleaned string and symbol table, strings: 33106 processed, 4 removed, symbols: 120816 processed, 0 removed
[2020-12-21T09:06:45.235-0500][gc,phases      ] GC(16644) Phase 1: Mark live objects 43.445ms
[2020-12-21T09:06:45.235-0500][gc,phases,start] GC(16644) Phase 2: Prepare for compaction
[2020-12-21T09:06:45.241-0500][gc,phases      ] GC(16644) Phase 2: Prepare for compaction 5.088ms
[2020-12-21T09:06:45.241-0500][gc,phases,start] GC(16644) Phase 3: Adjust pointers
[2020-12-21T09:06:45.252-0500][gc,phases      ] GC(16644) Phase 3: Adjust pointers 11.808ms
[2020-12-21T09:06:45.253-0500][gc,phases,start] GC(16644) Phase 4: Compact heap
[2020-12-21T09:06:45.255-0500][gc,phases      ] GC(16644) Phase 4: Compact heap 2.783ms
[2020-12-21T09:06:45.261-0500][gc,heap        ] GC(16644) Eden regions: 8->0(9)
[2020-12-21T09:06:45.262-0500][gc,heap        ] GC(16644) Survivor regions: 1->0(2)
[2020-12-21T09:06:45.262-0500][gc,heap        ] GC(16644) Old regions: 41->42
[2020-12-21T09:06:45.262-0500][gc,heap        ] GC(16644) Humongous regions: 4->4
[2020-12-21T09:06:45.262-0500][gc,metaspace   ] GC(16644) Metaspace: 49949K->49949K(1093632K)
[2020-12-21T09:06:45.262-0500][gc,heap        ] GC(16644) Heap after GC invocations=16645 (full 3367): garbage-first heap   total 64512K, used 43214K [0x0000000083000000, 0x0000000100000000)
[2020-12-21T09:06:45.262-0500][gc,heap        ] GC(16644)   region size 1024K, 0 young (0K), 0 survivors (0K)
[2020-12-21T09:06:45.262-0500][gc,heap        ] GC(16644)  Metaspace       used 49949K, capacity 52104K, committed 53632K, reserved 1093632K
[2020-12-21T09:06:45.262-0500][gc,heap        ] GC(16644)   class space    used 7422K, capacity 8193K, committed 8832K, reserved 1048576K
[2020-12-21T09:06:45.262-0500][gc             ] GC(16644) Pause Full (System.gc()) 49M->42M(63M) 70.288ms
[2020-12-21T09:06:45.262-0500][gc,cpu         ] GC(16644) User=0.30s Sys=0.00s Real=0.07s
[2020-12-21T09:08:27.906-0500][gc,heap        ] GC(16645) Heap before GC invocations=16645 (full 3367): garbage-first heap   total 64512K, used 51406K [0x0000000083000000, 0x0000000100000000)
[2020-12-21T09:08:27.907-0500][gc,heap        ] GC(16645)   region size 1024K, 9 young (9216K), 0 survivors (0K)
[2020-12-21T09:08:27.907-0500][gc,heap        ] GC(16645)  Metaspace       used 49949K, capacity 52104K, committed 53632K, reserved 1093632K
[2020-12-21T09:08:27.907-0500][gc,heap        ] GC(16645)   class space    used 7422K, capacity 8193K, committed 8832K, reserved 1048576K
[2020-12-21T09:08:27.907-0500][gc,start       ] GC(16645) Pause Young (Normal) (G1 Evacuation Pause)
[2020-12-21T09:08:27.907-0500][gc,task        ] GC(16645) Using 8 workers of 8 for evacuation
[2020-12-21T09:08:27.909-0500][gc,phases      ] GC(16645)   Pre Evacuate Collection Set: 0.0ms
[2020-12-21T09:08:27.909-0500][gc,phases      ] GC(16645)   Evacuate Collection Set: 1.1ms
[2020-12-21T09:08:27.910-0500][gc,phases      ] GC(16645)   Post Evacuate Collection Set: 1.5ms
[2020-12-21T09:08:27.910-0500][gc,phases      ] GC(16645)   Other: 0.5ms
[2020-12-21T09:08:27.910-0500][gc,heap        ] GC(16645) Eden regions: 9->0(8)
[2020-12-21T09:08:27.910-0500][gc,heap        ] GC(16645) Survivor regions: 0->1(2)
[2020-12-21T09:08:27.910-0500][gc,heap        ] GC(16645) Old regions: 42->42
[2020-12-21T09:08:27.910-0500][gc,heap        ] GC(16645) Humongous regions: 4->4
[2020-12-21T09:08:27.910-0500][gc,metaspace   ] GC(16645) Metaspace: 49949K->49949K(1093632K)
[2020-12-21T09:08:27.910-0500][gc,heap        ] GC(16645) Heap after GC invocations=16646 (full 3367): garbage-first heap   total 64512K, used 43263K [0x0000000083000000, 0x0000000100000000)
[2020-12-21T09:08:27.910-0500][gc,heap        ] GC(16645)   region size 1024K, 1 young (1024K), 1 survivors (1024K)
[2020-12-21T09:08:27.910-0500][gc,heap        ] GC(16645)  Metaspace       used 49949K, capacity 52104K, committed 53632K, reserved 1093632K
[2020-12-21T09:08:27.910-0500][gc,heap        ] GC(16645)   class space    used 7422K, capacity 8193K, committed 8832K, reserved 1048576K
[2020-12-21T09:08:27.910-0500][gc             ] GC(16645) Pause Young (Normal) (G1 Evacuation Pause) 51M->42M(63M) 2.978ms
[2020-12-21T09:08:27.910-0500][gc,cpu         ] GC(16645) User=0.00s Sys=0.00s Real=0.01s
[2020-12-21T09:09:56.021-0500][gc,heap        ] GC(16646) Heap before GC invocations=16646 (full 3367): garbage-first heap   total 64512K, used 50431K [0x0000000083000000, 0x0000000100000000)
[2020-12-21T09:09:56.021-0500][gc,heap        ] GC(16646)   region size 1024K, 9 young (9216K), 1 survivors (1024K)
[2020-12-21T09:09:56.021-0500][gc,heap        ] GC(16646)  Metaspace       used 49949K, capacity 52104K, committed 53632K, reserved 1093632K
[2020-12-21T09:09:56.021-0500][gc,heap        ] GC(16646)   class space    used 7422K, capacity 8193K, committed 8832K, reserved 1048576K
[2020-12-21T09:09:56.021-0500][gc,start       ] GC(16646) Pause Young (Normal) (G1 Evacuation Pause)
[2020-12-21T09:09:56.021-0500][gc,task        ] GC(16646) Using 8 workers of 8 for evacuation
[2020-12-21T09:09:56.025-0500][gc,phases      ] GC(16646)   Pre Evacuate Collection Set: 0.0ms
[2020-12-21T09:09:56.025-0500][gc,phases      ] GC(16646)   Evacuate Collection Set: 2.0ms
[2020-12-21T09:09:56.025-0500][gc,phases      ] GC(16646)   Post Evacuate Collection Set: 1.6ms
[2020-12-21T09:09:56.025-0500][gc,phases      ] GC(16646)   Other: 0.6ms
[2020-12-21T09:09:56.025-0500][gc,heap        ] GC(16646) Eden regions: 8->0(8)
[2020-12-21T09:09:56.025-0500][gc,heap        ] GC(16646) Survivor regions: 1->1(2)
[2020-12-21T09:09:56.025-0500][gc,heap        ] GC(16646) Old regions: 42->42
[2020-12-21T09:09:56.025-0500][gc,heap        ] GC(16646) Humongous regions: 4->4
[2020-12-21T09:09:56.025-0500][gc,metaspace   ] GC(16646) Metaspace: 49949K->49949K(1093632K)
[2020-12-21T09:09:56.025-0500][gc,heap        ] GC(16646) Heap after GC invocations=16647 (full 3367): garbage-first heap   total 64512K, used 43262K [0x0000000083000000, 0x0000000100000000)
[2020-12-21T09:09:56.025-0500][gc,heap        ] GC(16646)   region size 1024K, 1 young (1024K), 1 survivors (1024K)
[2020-12-21T09:09:56.025-0500][gc,heap        ] GC(16646)  Metaspace       used 49949K, capacity 52104K, committed 53632K, reserved 1093632K
[2020-12-21T09:09:56.025-0500][gc,heap        ] GC(16646)   class space    used 7422K, capacity 8193K, committed 8832K, reserved 1048576K
[2020-12-21T09:09:56.025-0500][gc             ] GC(16646) Pause Young (Normal) (G1 Evacuation Pause) 50M->42M(63M) 4.272ms
[2020-12-21T09:09:56.026-0500][gc,cpu         ] GC(16646) User=0.01s Sys=0.00s Real=0.00s
[2020-12-21T09:11:27.352-0500][gc,heap        ] GC(16647) Heap before GC invocations=16647 (full 3367): garbage-first heap   total 64512K, used 50430K [0x0000000083000000, 0x0000000100000000)
[2020-12-21T09:11:27.352-0500][gc,heap        ] GC(16647)   region size 1024K, 9 young (9216K), 1 survivors (1024K)
[2020-12-21T09:11:27.352-0500][gc,heap        ] GC(16647)  Metaspace       used 49949K, capacity 52104K, committed 53632K, reserved 1093632K
[2020-12-21T09:11:27.352-0500][gc,heap        ] GC(16647)   class space    used 7422K, capacity 8193K, committed 8832K, reserved 1048576K
[2020-12-21T09:11:27.352-0500][gc,start       ] GC(16647) Pause Young (Normal) (G1 Evacuation Pause)
[2020-12-21T09:11:27.352-0500][gc,task        ] GC(16647) Using 8 workers of 8 for evacuation
[2020-12-21T09:11:27.354-0500][gc,phases      ] GC(16647)   Pre Evacuate Collection Set: 0.0ms
[2020-12-21T09:11:27.354-0500][gc,phases      ] GC(16647)   Evacuate Collection Set: 0.6ms
[2020-12-21T09:11:27.354-0500][gc,phases      ] GC(16647)   Post Evacuate Collection Set: 1.1ms
[2020-12-21T09:11:27.354-0500][gc,phases      ] GC(16647)   Other: 0.2ms
[2020-12-21T09:11:27.354-0500][gc,heap        ] GC(16647) Eden regions: 8->0(8)
[2020-12-21T09:11:27.354-0500][gc,heap        ] GC(16647) Survivor regions: 1->1(2)
[2020-12-21T09:11:27.354-0500][gc,heap        ] GC(16647) Old regions: 42->42
[2020-12-21T09:11:27.354-0500][gc,heap        ] GC(16647) Humongous regions: 4->4
[2020-12-21T09:11:27.354-0500][gc,metaspace   ] GC(16647) Metaspace: 49949K->49949K(1093632K)
[2020-12-21T09:11:27.354-0500][gc,heap        ] GC(16647) Heap after GC invocations=16648 (full 3367): garbage-first heap   total 64512K, used 43259K [0x0000000083000000, 0x0000000100000000)
[2020-12-21T09:11:27.354-0500][gc,heap        ] GC(16647)   region size 1024K, 1 young (1024K), 1 survivors (1024K)
[2020-12-21T09:11:27.354-0500][gc,heap        ] GC(16647)  Metaspace       used 49949K, capacity 52104K, committed 53632K, reserved 1093632K
[2020-12-21T09:11:27.354-0500][gc,heap        ] GC(16647)   class space    used 7422K, capacity 8193K, committed 8832K, reserved 1048576K
[2020-12-21T09:11:27.354-0500][gc             ] GC(16647) Pause Young (Normal) (G1 Evacuation Pause) 50M->42M(63M) 1.950ms
[2020-12-21T09:11:27.354-0500][gc,cpu         ] GC(16647) User=0.00s Sys=0.00s Real=0.00s
[2020-12-21T09:11:45.189-0500][gc,task        ] GC(16648) Using 5 workers of 8 for full compaction
[2020-12-21T09:11:45.189-0500][gc,start       ] GC(16648) Pause Full (System.gc())
[2020-12-21T09:11:45.189-0500][gc,heap        ] GC(16648) Heap before GC invocations=16648 (full 3367): garbage-first heap   total 64512K, used 44283K [0x0000000083000000, 0x0000000100000000)
[2020-12-21T09:11:45.189-0500][gc,heap        ] GC(16648)   region size 1024K, 3 young (3072K), 1 survivors (1024K)
[2020-12-21T09:11:45.189-0500][gc,heap        ] GC(16648)  Metaspace       used 49949K, capacity 52104K, committed 53632K, reserved 1093632K
[2020-12-21T09:11:45.189-0500][gc,heap        ] GC(16648)   class space    used 7422K, capacity 8193K, committed 8832K, reserved 1048576K
[2020-12-21T09:11:45.189-0500][gc,phases,start] GC(16648) Phase 1: Mark live objects
[2020-12-21T09:11:45.212-0500][gc,stringtable ] GC(16648) Cleaned string and symbol table, strings: 33106 processed, 4 removed, symbols: 120816 processed, 0 removed
[2020-12-21T09:11:45.212-0500][gc,phases      ] GC(16648) Phase 1: Mark live objects 23.162ms
[2020-12-21T09:11:45.212-0500][gc,phases,start] GC(16648) Phase 2: Prepare for compaction
[2020-12-21T09:11:45.216-0500][gc,phases      ] GC(16648) Phase 2: Prepare for compaction 3.421ms
[2020-12-21T09:11:45.216-0500][gc,phases,start] GC(16648) Phase 3: Adjust pointers
[2020-12-21T09:11:45.227-0500][gc,phases      ] GC(16648) Phase 3: Adjust pointers 11.560ms
[2020-12-21T09:11:45.227-0500][gc,phases,start] GC(16648) Phase 4: Compact heap
[2020-12-21T09:11:45.230-0500][gc,phases      ] GC(16648) Phase 4: Compact heap 2.626ms
[2020-12-21T09:11:45.236-0500][gc,heap        ] GC(16648) Eden regions: 2->0(10)
[2020-12-21T09:11:45.236-0500][gc,heap        ] GC(16648) Survivor regions: 1->0(2)
[2020-12-21T09:11:45.236-0500][gc,heap        ] GC(16648) Old regions: 42->41
[2020-12-21T09:11:45.236-0500][gc,heap        ] GC(16648) Humongous regions: 4->4
[2020-12-21T09:11:45.236-0500][gc,metaspace   ] GC(16648) Metaspace: 49949K->49949K(1093632K)
[2020-12-21T09:11:45.236-0500][gc,heap        ] GC(16648) Heap after GC invocations=16649 (full 3368): garbage-first heap   total 64512K, used 43202K [0x0000000083000000, 0x0000000100000000)
[2020-12-21T09:11:45.236-0500][gc,heap        ] GC(16648)   region size 1024K, 0 young (0K), 0 survivors (0K)
[2020-12-21T09:11:45.236-0500][gc,heap        ] GC(16648)  Metaspace       used 49949K, capacity 52104K, committed 53632K, reserved 1093632K
[2020-12-21T09:11:45.236-0500][gc,heap        ] GC(16648)   class space    used 7422K, capacity 8193K, committed 8832K, reserved 1048576K
[2020-12-21T09:11:45.236-0500][gc             ] GC(16648) Pause Full (System.gc()) 43M->42M(63M) 47.560ms
[2020-12-21T09:11:45.236-0500][gc,cpu         ] GC(16648) User=0.19s Sys=0.00s Real=0.04s
[2020-12-21T09:13:37.366-0500][gc,heap        ] GC(16649) Heap before GC invocations=16649 (full 3368): garbage-first heap   total 64512K, used 52418K [0x0000000083000000, 0x0000000100000000)
[2020-12-21T09:13:37.366-0500][gc,heap        ] GC(16649)   region size 1024K, 10 young (10240K), 0 survivors (0K)
[2020-12-21T09:13:37.367-0500][gc,heap        ] GC(16649)  Metaspace       used 49949K, capacity 52104K, committed 53632K, reserved 1093632K
[2020-12-21T09:13:37.367-0500][gc,heap        ] GC(16649)   class space    used 7422K, capacity 8193K, committed 8832K, reserved 1048576K
[2020-12-21T09:13:37.367-0500][gc,start       ] GC(16649) Pause Young (Normal) (G1 Evacuation Pause)
[2020-12-21T09:13:37.367-0500][gc,task        ] GC(16649) Using 8 workers of 8 for evacuation
[2020-12-21T09:13:37.369-0500][gc,phases      ] GC(16649)   Pre Evacuate Collection Set: 0.0ms
[2020-12-21T09:13:37.369-0500][gc,phases      ] GC(16649)   Evacuate Collection Set: 0.7ms
[2020-12-21T09:13:37.369-0500][gc,phases      ] GC(16649)   Post Evacuate Collection Set: 1.2ms
[2020-12-21T09:13:37.369-0500][gc,phases      ] GC(16649)   Other: 0.2ms
[2020-12-21T09:13:37.369-0500][gc,heap        ] GC(16649) Eden regions: 10->0(9)
[2020-12-21T09:13:37.369-0500][gc,heap        ] GC(16649) Survivor regions: 0->1(2)
[2020-12-21T09:13:37.369-0500][gc,heap        ] GC(16649) Old regions: 41->41
[2020-12-21T09:13:37.369-0500][gc,heap        ] GC(16649) Humongous regions: 4->4
[2020-12-21T09:13:37.369-0500][gc,metaspace   ] GC(16649) Metaspace: 49949K->49949K(1093632K)
[2020-12-21T09:13:37.369-0500][gc,heap        ] GC(16649) Heap after GC invocations=16650 (full 3368): garbage-first heap   total 64512K, used 43285K [0x0000000083000000, 0x0000000100000000)
[2020-12-21T09:13:37.369-0500][gc,heap        ] GC(16649)   region size 1024K, 1 young (1024K), 1 survivors (1024K)
[2020-12-21T09:13:37.369-0500][gc,heap        ] GC(16649)  Metaspace       used 49949K, capacity 52104K, committed 53632K, reserved 1093632K
[2020-12-21T09:13:37.369-0500][gc,heap        ] GC(16649)   class space    used 7422K, capacity 8193K, committed 8832K, reserved 1048576K
[2020-12-21T09:13:37.369-0500][gc             ] GC(16649) Pause Young (Normal) (G1 Evacuation Pause) 52M->42M(63M) 2.141ms
[2020-12-21T09:13:37.369-0500][gc,cpu         ] GC(16649) User=0.01s Sys=0.00s Real=0.01s
[2020-12-21T09:15:16.018-0500][gc,heap        ] GC(16650) Heap before GC invocations=16650 (full 3368): garbage-first heap   total 64512K, used 51477K [0x0000000083000000, 0x0000000100000000)
[2020-12-21T09:15:16.019-0500][gc,heap        ] GC(16650)   region size 1024K, 10 young (10240K), 1 survivors (1024K)
[2020-12-21T09:15:16.019-0500][gc,heap        ] GC(16650)  Metaspace       used 49949K, capacity 52104K, committed 53632K, reserved 1093632K
[2020-12-21T09:15:16.019-0500][gc,heap        ] GC(16650)   class space    used 7422K, capacity 8193K, committed 8832K, reserved 1048576K
[2020-12-21T09:15:16.019-0500][gc,start       ] GC(16650) Pause Young (Normal) (G1 Evacuation Pause)
[2020-12-21T09:15:16.019-0500][gc,task        ] GC(16650) Using 8 workers of 8 for evacuation
[2020-12-21T09:15:16.024-0500][gc,phases      ] GC(16650)   Pre Evacuate Collection Set: 0.0ms
[2020-12-21T09:15:16.025-0500][gc,phases      ] GC(16650)   Evacuate Collection Set: 2.6ms
[2020-12-21T09:15:16.025-0500][gc,phases      ] GC(16650)   Post Evacuate Collection Set: 2.8ms
[2020-12-21T09:15:16.025-0500][gc,phases      ] GC(16650)   Other: 0.6ms
[2020-12-21T09:15:16.025-0500][gc,heap        ] GC(16650) Eden regions: 9->0(9)
[2020-12-21T09:15:16.025-0500][gc,heap        ] GC(16650) Survivor regions: 1->1(2)
[2020-12-21T09:15:16.025-0500][gc,heap        ] GC(16650) Old regions: 41->41
[2020-12-21T09:15:16.025-0500][gc,heap        ] GC(16650) Humongous regions: 4->4
[2020-12-21T09:15:16.025-0500][gc,metaspace   ] GC(16650) Metaspace: 49949K->49949K(1093632K)
[2020-12-21T09:15:16.025-0500][gc,heap        ] GC(16650) Heap after GC invocations=16651 (full 3368): garbage-first heap   total 64512K, used 43284K [0x0000000083000000, 0x0000000100000000)
[2020-12-21T09:15:16.025-0500][gc,heap        ] GC(16650)   region size 1024K, 1 young (1024K), 1 survivors (1024K)
[2020-12-21T09:15:16.025-0500][gc,heap        ] GC(16650)  Metaspace       used 49949K, capacity 52104K, committed 53632K, reserved 1093632K
[2020-12-21T09:15:16.025-0500][gc,heap        ] GC(16650)   class space    used 7422K, capacity 8193K, committed 8832K, reserved 1048576K
[2020-12-21T09:15:16.025-0500][gc             ] GC(16650) Pause Young (Normal) (G1 Evacuation Pause) 51M->42M(63M) 6.150ms
[2020-12-21T09:15:16.025-0500][gc,cpu         ] GC(16650) User=0.02s Sys=0.00s Real=0.00s
[2020-12-21T09:16:45.190-0500][gc,task        ] GC(16651) Using 5 workers of 8 for full compaction
[2020-12-21T09:16:45.190-0500][gc,start       ] GC(16651) Pause Full (System.gc())
[2020-12-21T09:16:45.190-0500][gc,heap        ] GC(16651) Heap before GC invocations=16651 (full 3368): garbage-first heap   total 64512K, used 50452K [0x0000000083000000, 0x0000000100000000)
[2020-12-21T09:16:45.190-0500][gc,heap        ] GC(16651)   region size 1024K, 9 young (9216K), 1 survivors (1024K)
[2020-12-21T09:16:45.190-0500][gc,heap        ] GC(16651)  Metaspace       used 49949K, capacity 52104K, committed 53632K, reserved 1093632K
[2020-12-21T09:16:45.190-0500][gc,heap        ] GC(16651)   class space    used 7422K, capacity 8193K, committed 8832K, reserved 1048576K
[2020-12-21T09:16:45.190-0500][gc,phases,start] GC(16651) Phase 1: Mark live objects
[2020-12-21T09:16:45.226-0500][gc,stringtable ] GC(16651) Cleaned string and symbol table, strings: 33106 processed, 4 removed, symbols: 120816 processed, 0 removed
[2020-12-21T09:16:45.226-0500][gc,phases      ] GC(16651) Phase 1: Mark live objects 35.961ms
[2020-12-21T09:16:45.226-0500][gc,phases,start] GC(16651) Phase 2: Prepare for compaction
[2020-12-21T09:16:45.230-0500][gc,phases      ] GC(16651) Phase 2: Prepare for compaction 3.987ms
[2020-12-21T09:16:45.230-0500][gc,phases,start] GC(16651) Phase 3: Adjust pointers
[2020-12-21T09:16:45.241-0500][gc,phases      ] GC(16651) Phase 3: Adjust pointers 11.087ms
[2020-12-21T09:16:45.241-0500][gc,phases,start] GC(16651) Phase 4: Compact heap
[2020-12-21T09:16:45.245-0500][gc,phases      ] GC(16651) Phase 4: Compact heap 3.269ms
[2020-12-21T09:16:45.251-0500][gc,heap        ] GC(16651) Eden regions: 8->0(9)
[2020-12-21T09:16:45.251-0500][gc,heap        ] GC(16651) Survivor regions: 1->0(2)
[2020-12-21T09:16:45.251-0500][gc,heap        ] GC(16651) Old regions: 41->42
[2020-12-21T09:16:45.251-0500][gc,heap        ] GC(16651) Humongous regions: 4->4
[2020-12-21T09:16:45.251-0500][gc,metaspace   ] GC(16651) Metaspace: 49949K->49949K(1093632K)
[2020-12-21T09:16:45.251-0500][gc,heap        ] GC(16651) Heap after GC invocations=16652 (full 3369): garbage-first heap   total 64512K, used 43235K [0x0000000083000000, 0x0000000100000000)
[2020-12-21T09:16:45.251-0500][gc,heap        ] GC(16651)   region size 1024K, 0 young (0K), 0 survivors (0K)
[2020-12-21T09:16:45.251-0500][gc,heap        ] GC(16651)  Metaspace       used 49949K, capacity 52104K, committed 53632K, reserved 1093632K
[2020-12-21T09:16:45.251-0500][gc,heap        ] GC(16651)   class space    used 7422K, capacity 8193K, committed 8832K, reserved 1048576K
[2020-12-21T09:16:45.251-0500][gc             ] GC(16651) Pause Full (System.gc()) 49M->42M(63M) 61.307ms
[2020-12-21T09:16:45.251-0500][gc,cpu         ] GC(16651) User=0.25s Sys=0.00s Real=0.06s
[2020-12-21T09:18:26.072-0500][gc,heap        ] GC(16652) Heap before GC invocations=16652 (full 3369): garbage-first heap   total 64512K, used 52451K [0x0000000083000000, 0x0000000100000000)
[2020-12-21T09:18:26.072-0500][gc,heap        ] GC(16652)   region size 1024K, 9 young (9216K), 0 survivors (0K)
[2020-12-21T09:18:26.072-0500][gc,heap        ] GC(16652)  Metaspace       used 49949K, capacity 52104K, committed 53632K, reserved 1093632K
[2020-12-21T09:18:26.072-0500][gc,heap        ] GC(16652)   class space    used 7422K, capacity 8193K, committed 8832K, reserved 1048576K
[2020-12-21T09:18:26.072-0500][gc,start       ] GC(16652) Pause Young (Normal) (G1 Evacuation Pause)
[2020-12-21T09:18:26.072-0500][gc,task        ] GC(16652) Using 8 workers of 8 for evacuation
[2020-12-21T09:18:26.222-0500][gc,phases      ] GC(16652)   Pre Evacuate Collection Set: 0.0ms
[2020-12-21T09:18:26.222-0500][gc,phases      ] GC(16652)   Evacuate Collection Set: 70.5ms
[2020-12-21T09:18:26.222-0500][gc,phases      ] GC(16652)   Post Evacuate Collection Set: 79.4ms
[2020-12-21T09:18:26.222-0500][gc,phases      ] GC(16652)   Other: 0.5ms
[2020-12-21T09:18:26.222-0500][gc,heap        ] GC(16652) Eden regions: 9->0(8)
[2020-12-21T09:18:26.223-0500][gc,heap        ] GC(16652) Survivor regions: 0->1(2)
[2020-12-21T09:18:26.223-0500][gc,heap        ] GC(16652) Old regions: 42->42
[2020-12-21T09:18:26.223-0500][gc,heap        ] GC(16652) Humongous regions: 4->4
[2020-12-21T09:18:26.223-0500][gc,metaspace   ] GC(16652) Metaspace: 49949K->49949K(1093632K)
[2020-12-21T09:18:26.223-0500][gc,heap        ] GC(16652) Heap after GC invocations=16653 (full 3369): garbage-first heap   total 64512K, used 43289K [0x0000000083000000, 0x0000000100000000)
[2020-12-21T09:18:26.223-0500][gc,heap        ] GC(16652)   region size 1024K, 1 young (1024K), 1 survivors (1024K)
[2020-12-21T09:18:26.223-0500][gc,heap        ] GC(16652)  Metaspace       used 49949K, capacity 52104K, committed 53632K, reserved 1093632K
[2020-12-21T09:18:26.223-0500][gc,heap        ] GC(16652)   class space    used 7422K, capacity 8193K, committed 8832K, reserved 1048576K
[2020-12-21T09:18:26.223-0500][gc             ] GC(16652) Pause Young (Normal) (G1 Evacuation Pause) 51M->42M(63M) 150.831ms
[2020-12-21T09:18:26.223-0500][gc,cpu         ] GC(16652) User=0.39s Sys=0.04s Real=0.15s
[2020-12-21T09:19:56.023-0500][gc,heap        ] GC(16653) Heap before GC invocations=16653 (full 3369): garbage-first heap   total 64512K, used 51481K [0x0000000083000000, 0x0000000100000000)
[2020-12-21T09:19:56.024-0500][gc,heap        ] GC(16653)   region size 1024K, 9 young (9216K), 1 survivors (1024K)
[2020-12-21T09:19:56.024-0500][gc,heap        ] GC(16653)  Metaspace       used 49949K, capacity 52104K, committed 53632K, reserved 1093632K
[2020-12-21T09:19:56.024-0500][gc,heap        ] GC(16653)   class space    used 7422K, capacity 8193K, committed 8832K, reserved 1048576K
[2020-12-21T09:19:56.024-0500][gc,start       ] GC(16653) Pause Young (Normal) (G1 Evacuation Pause)
[2020-12-21T09:19:56.024-0500][gc,task        ] GC(16653) Using 8 workers of 8 for evacuation
[2020-12-21T09:19:56.028-0500][gc,phases      ] GC(16653)   Pre Evacuate Collection Set: 0.0ms
[2020-12-21T09:19:56.028-0500][gc,phases      ] GC(16653)   Evacuate Collection Set: 1.6ms
[2020-12-21T09:19:56.028-0500][gc,phases      ] GC(16653)   Post Evacuate Collection Set: 2.6ms
[2020-12-21T09:19:56.028-0500][gc,phases      ] GC(16653)   Other: 0.5ms
[2020-12-21T09:19:56.028-0500][gc,heap        ] GC(16653) Eden regions: 8->0(8)
[2020-12-21T09:19:56.028-0500][gc,heap        ] GC(16653) Survivor regions: 1->1(2)
[2020-12-21T09:19:56.028-0500][gc,heap        ] GC(16653) Old regions: 42->42
[2020-12-21T09:19:56.028-0500][gc,heap        ] GC(16653) Humongous regions: 4->4
[2020-12-21T09:19:56.028-0500][gc,metaspace   ] GC(16653) Metaspace: 49949K->49949K(1093632K)
[2020-12-21T09:19:56.029-0500][gc,heap        ] GC(16653) Heap after GC invocations=16654 (full 3369): garbage-first heap   total 64512K, used 43286K [0x0000000083000000, 0x0000000100000000)
[2020-12-21T09:19:56.029-0500][gc,heap        ] GC(16653)   region size 1024K, 1 young (1024K), 1 survivors (1024K)
[2020-12-21T09:19:56.029-0500][gc,heap        ] GC(16653)  Metaspace       used 49949K, capacity 52104K, committed 53632K, reserved 1093632K
[2020-12-21T09:19:56.029-0500][gc,heap        ] GC(16653)   class space    used 7422K, capacity 8193K, committed 8832K, reserved 1048576K
[2020-12-21T09:19:56.029-0500][gc             ] GC(16653) Pause Young (Normal) (G1 Evacuation Pause) 50M->42M(63M) 4.948ms
[2020-12-21T09:19:56.029-0500][gc,cpu         ] GC(16653) User=0.01s Sys=0.01s Real=0.01s
[2020-12-21T09:21:26.022-0500][gc,heap        ] GC(16654) Heap before GC invocations=16654 (full 3369): garbage-first heap   total 64512K, used 50454K [0x0000000083000000, 0x0000000100000000)
[2020-12-21T09:21:26.022-0500][gc,heap        ] GC(16654)   region size 1024K, 9 young (9216K), 1 survivors (1024K)
[2020-12-21T09:21:26.022-0500][gc,heap        ] GC(16654)  Metaspace       used 49949K, capacity 52104K, committed 53632K, reserved 1093632K
[2020-12-21T09:21:26.022-0500][gc,heap        ] GC(16654)   class space    used 7422K, capacity 8193K, committed 8832K, reserved 1048576K
[2020-12-21T09:21:26.022-0500][gc,start       ] GC(16654) Pause Young (Normal) (G1 Evacuation Pause)
[2020-12-21T09:21:26.022-0500][gc,task        ] GC(16654) Using 8 workers of 8 for evacuation
[2020-12-21T09:21:26.026-0500][gc,phases      ] GC(16654)   Pre Evacuate Collection Set: 0.0ms
[2020-12-21T09:21:26.026-0500][gc,phases      ] GC(16654)   Evacuate Collection Set: 1.4ms
[2020-12-21T09:21:26.026-0500][gc,phases      ] GC(16654)   Post Evacuate Collection Set: 1.9ms
[2020-12-21T09:21:26.026-0500][gc,phases      ] GC(16654)   Other: 0.6ms
[2020-12-21T09:21:26.026-0500][gc,heap        ] GC(16654) Eden regions: 8->0(8)
[2020-12-21T09:21:26.026-0500][gc,heap        ] GC(16654) Survivor regions: 1->1(2)
[2020-12-21T09:21:26.026-0500][gc,heap        ] GC(16654) Old regions: 42->42
[2020-12-21T09:21:26.026-0500][gc,heap        ] GC(16654) Humongous regions: 4->4
[2020-12-21T09:21:26.026-0500][gc,metaspace   ] GC(16654) Metaspace: 49949K->49949K(1093632K)
[2020-12-21T09:21:26.026-0500][gc,heap        ] GC(16654) Heap after GC invocations=16655 (full 3369): garbage-first heap   total 64512K, used 43313K [0x0000000083000000, 0x0000000100000000)
[2020-12-21T09:21:26.026-0500][gc,heap        ] GC(16654)   region size 1024K, 1 young (1024K), 1 survivors (1024K)
[2020-12-21T09:21:26.026-0500][gc,heap        ] GC(16654)  Metaspace       used 49949K, capacity 52104K, committed 53632K, reserved 1093632K
[2020-12-21T09:21:26.026-0500][gc,heap        ] GC(16654)   class space    used 7422K, capacity 8193K, committed 8832K, reserved 1048576K
[2020-12-21T09:21:26.026-0500][gc             ] GC(16654) Pause Young (Normal) (G1 Evacuation Pause) 50M->42M(63M) 4.168ms
[2020-12-21T09:21:26.027-0500][gc,cpu         ] GC(16654) User=0.00s Sys=0.01s Real=0.00s
[2020-12-21T09:21:45.190-0500][gc,task        ] GC(16655) Using 5 workers of 8 for full compaction
[2020-12-21T09:21:45.191-0500][gc,start       ] GC(16655) Pause Full (System.gc())
[2020-12-21T09:21:45.191-0500][gc,heap        ] GC(16655) Heap before GC invocations=16655 (full 3369): garbage-first heap   total 64512K, used 44337K [0x0000000083000000, 0x0000000100000000)
[2020-12-21T09:21:45.191-0500][gc,heap        ] GC(16655)   region size 1024K, 3 young (3072K), 1 survivors (1024K)
[2020-12-21T09:21:45.191-0500][gc,heap        ] GC(16655)  Metaspace       used 49949K, capacity 52104K, committed 53632K, reserved 1093632K
[2020-12-21T09:21:45.191-0500][gc,heap        ] GC(16655)   class space    used 7422K, capacity 8193K, committed 8832K, reserved 1048576K
[2020-12-21T09:21:45.191-0500][gc,phases,start] GC(16655) Phase 1: Mark live objects
[2020-12-21T09:21:45.237-0500][gc,stringtable ] GC(16655) Cleaned string and symbol table, strings: 33106 processed, 4 removed, symbols: 120816 processed, 0 removed
[2020-12-21T09:21:45.237-0500][gc,phases      ] GC(16655) Phase 1: Mark live objects 45.510ms
[2020-12-21T09:21:45.237-0500][gc,phases,start] GC(16655) Phase 2: Prepare for compaction
[2020-12-21T09:21:45.241-0500][gc,phases      ] GC(16655) Phase 2: Prepare for compaction 4.463ms
[2020-12-21T09:21:45.241-0500][gc,phases,start] GC(16655) Phase 3: Adjust pointers
[2020-12-21T09:21:45.254-0500][gc,phases      ] GC(16655) Phase 3: Adjust pointers 13.046ms
[2020-12-21T09:21:45.255-0500][gc,phases,start] GC(16655) Phase 4: Compact heap
[2020-12-21T09:21:45.259-0500][gc,phases      ] GC(16655) Phase 4: Compact heap 4.641ms
[2020-12-21T09:21:45.266-0500][gc,heap        ] GC(16655) Eden regions: 2->0(11)
[2020-12-21T09:21:45.266-0500][gc,heap        ] GC(16655) Survivor regions: 1->0(2)
[2020-12-21T09:21:45.266-0500][gc,heap        ] GC(16655) Old regions: 42->40
[2020-12-21T09:21:45.266-0500][gc,heap        ] GC(16655) Humongous regions: 4->4
[2020-12-21T09:21:45.266-0500][gc,metaspace   ] GC(16655) Metaspace: 49949K->49949K(1093632K)
[2020-12-21T09:21:45.266-0500][gc,heap        ] GC(16655) Heap after GC invocations=16656 (full 3370): garbage-first heap   total 64512K, used 43198K [0x0000000083000000, 0x0000000100000000)
[2020-12-21T09:21:45.266-0500][gc,heap        ] GC(16655)   region size 1024K, 0 young (0K), 0 survivors (0K)
[2020-12-21T09:21:45.266-0500][gc,heap        ] GC(16655)  Metaspace       used 49949K, capacity 52104K, committed 53632K, reserved 1093632K
[2020-12-21T09:21:45.266-0500][gc,heap        ] GC(16655)   class space    used 7422K, capacity 8193K, committed 8832K, reserved 1048576K
[2020-12-21T09:21:45.266-0500][gc             ] GC(16655) Pause Full (System.gc()) 43M->42M(63M) 75.296ms
[2020-12-21T09:21:45.266-0500][gc,cpu         ] GC(16655) User=0.31s Sys=0.00s Real=0.07s
[2020-12-21T09:23:51.972-0500][gc,heap        ] GC(16656) Heap before GC invocations=16656 (full 3370): garbage-first heap   total 64512K, used 53438K [0x0000000083000000, 0x0000000100000000)
[2020-12-21T09:23:51.972-0500][gc,heap        ] GC(16656)   region size 1024K, 11 young (11264K), 0 survivors (0K)
[2020-12-21T09:23:51.972-0500][gc,heap        ] GC(16656)  Metaspace       used 49949K, capacity 52104K, committed 53632K, reserved 1093632K
[2020-12-21T09:23:51.972-0500][gc,heap        ] GC(16656)   class space    used 7422K, capacity 8193K, committed 8832K, reserved 1048576K
[2020-12-21T09:23:51.972-0500][gc,start       ] GC(16656) Pause Young (Normal) (G1 Evacuation Pause)
[2020-12-21T09:23:51.972-0500][gc,task        ] GC(16656) Using 8 workers of 8 for evacuation
[2020-12-21T09:23:51.976-0500][gc,phases      ] GC(16656)   Pre Evacuate Collection Set: 0.0ms
[2020-12-21T09:23:51.976-0500][gc,phases      ] GC(16656)   Evacuate Collection Set: 1.3ms
[2020-12-21T09:23:51.976-0500][gc,phases      ] GC(16656)   Post Evacuate Collection Set: 2.7ms
[2020-12-21T09:23:51.976-0500][gc,phases      ] GC(16656)   Other: 0.6ms
[2020-12-21T09:23:51.977-0500][gc,heap        ] GC(16656) Eden regions: 11->0(10)
[2020-12-21T09:23:51.977-0500][gc,heap        ] GC(16656) Survivor regions: 0->1(2)
[2020-12-21T09:23:51.977-0500][gc,heap        ] GC(16656) Old regions: 40->40
[2020-12-21T09:23:51.977-0500][gc,heap        ] GC(16656) Humongous regions: 4->4
[2020-12-21T09:23:51.977-0500][gc,metaspace   ] GC(16656) Metaspace: 49949K->49949K(1093632K)
[2020-12-21T09:23:51.977-0500][gc,heap        ] GC(16656) Heap after GC invocations=16657 (full 3370): garbage-first heap   total 64512K, used 43258K [0x0000000083000000, 0x0000000100000000)
[2020-12-21T09:23:51.977-0500][gc,heap        ] GC(16656)   region size 1024K, 1 young (1024K), 1 survivors (1024K)
[2020-12-21T09:23:51.977-0500][gc,heap        ] GC(16656)  Metaspace       used 49949K, capacity 52104K, committed 53632K, reserved 1093632K
[2020-12-21T09:23:51.977-0500][gc,heap        ] GC(16656)   class space    used 7422K, capacity 8193K, committed 8832K, reserved 1048576K
[2020-12-21T09:23:51.977-0500][gc             ] GC(16656) Pause Young (Normal) (G1 Evacuation Pause) 53M->42M(63M) 4.657ms
[2020-12-21T09:23:51.977-0500][gc,cpu         ] GC(16656) User=0.02s Sys=0.00s Real=0.00s
[2020-12-21T09:25:43.906-0500][gc,heap        ] GC(16657) Heap before GC invocations=16657 (full 3370): garbage-first heap   total 64512K, used 52474K [0x0000000083000000, 0x0000000100000000)
[2020-12-21T09:25:43.906-0500][gc,heap        ] GC(16657)   region size 1024K, 11 young (11264K), 1 survivors (1024K)
[2020-12-21T09:25:43.906-0500][gc,heap        ] GC(16657)  Metaspace       used 49949K, capacity 52104K, committed 53632K, reserved 1093632K
[2020-12-21T09:25:43.906-0500][gc,heap        ] GC(16657)   class space    used 7422K, capacity 8193K, committed 8832K, reserved 1048576K
[2020-12-21T09:25:43.906-0500][gc,start       ] GC(16657) Pause Young (Normal) (G1 Evacuation Pause)
[2020-12-21T09:25:43.906-0500][gc,task        ] GC(16657) Using 8 workers of 8 for evacuation
[2020-12-21T09:25:43.909-0500][gc,phases      ] GC(16657)   Pre Evacuate Collection Set: 0.0ms
[2020-12-21T09:25:43.909-0500][gc,phases      ] GC(16657)   Evacuate Collection Set: 0.9ms
[2020-12-21T09:25:43.909-0500][gc,phases      ] GC(16657)   Post Evacuate Collection Set: 1.5ms
[2020-12-21T09:25:43.909-0500][gc,phases      ] GC(16657)   Other: 0.4ms
[2020-12-21T09:25:43.909-0500][gc,heap        ] GC(16657) Eden regions: 10->0(10)
[2020-12-21T09:25:43.909-0500][gc,heap        ] GC(16657) Survivor regions: 1->1(2)
[2020-12-21T09:25:43.909-0500][gc,heap        ] GC(16657) Old regions: 40->40
[2020-12-21T09:25:43.909-0500][gc,heap        ] GC(16657) Humongous regions: 4->4
[2020-12-21T09:25:43.909-0500][gc,metaspace   ] GC(16657) Metaspace: 49949K->49949K(1093632K)
[2020-12-21T09:25:43.909-0500][gc,heap        ] GC(16657) Heap after GC invocations=16658 (full 3370): garbage-first heap   total 64512K, used 43262K [0x0000000083000000, 0x0000000100000000)
[2020-12-21T09:25:43.909-0500][gc,heap        ] GC(16657)   region size 1024K, 1 young (1024K), 1 survivors (1024K)
[2020-12-21T09:25:43.909-0500][gc,heap        ] GC(16657)  Metaspace       used 49949K, capacity 52104K, committed 53632K, reserved 1093632K
[2020-12-21T09:25:43.909-0500][gc,heap        ] GC(16657)   class space    used 7422K, capacity 8193K, committed 8832K, reserved 1048576K
[2020-12-21T09:25:43.909-0500][gc             ] GC(16657) Pause Young (Normal) (G1 Evacuation Pause) 52M->42M(63M) 2.846ms
[2020-12-21T09:25:43.909-0500][gc,cpu         ] GC(16657) User=0.01s Sys=0.00s Real=0.01s
[2020-12-21T09:26:45.190-0500][gc,task        ] GC(16658) Using 5 workers of 8 for full compaction
[2020-12-21T09:26:45.190-0500][gc,start       ] GC(16658) Pause Full (System.gc())
[2020-12-21T09:26:45.190-0500][gc,heap        ] GC(16658) Heap before GC invocations=16658 (full 3370): garbage-first heap   total 64512K, used 47358K [0x0000000083000000, 0x0000000100000000)
[2020-12-21T09:26:45.190-0500][gc,heap        ] GC(16658)   region size 1024K, 7 young (7168K), 1 survivors (1024K)
[2020-12-21T09:26:45.190-0500][gc,heap        ] GC(16658)  Metaspace       used 49949K, capacity 52104K, committed 53632K, reserved 1093632K
[2020-12-21T09:26:45.190-0500][gc,heap        ] GC(16658)   class space    used 7422K, capacity 8193K, committed 8832K, reserved 1048576K
[2020-12-21T09:26:45.191-0500][gc,phases,start] GC(16658) Phase 1: Mark live objects
[2020-12-21T09:26:45.222-0500][gc,stringtable ] GC(16658) Cleaned string and symbol table, strings: 33106 processed, 4 removed, symbols: 120816 processed, 0 removed
[2020-12-21T09:26:45.222-0500][gc,phases      ] GC(16658) Phase 1: Mark live objects 30.762ms
[2020-12-21T09:26:45.222-0500][gc,phases,start] GC(16658) Phase 2: Prepare for compaction
[2020-12-21T09:26:45.227-0500][gc,phases      ] GC(16658) Phase 2: Prepare for compaction 5.347ms
[2020-12-21T09:26:45.227-0500][gc,phases,start] GC(16658) Phase 3: Adjust pointers
[2020-12-21T09:26:45.243-0500][gc,phases      ] GC(16658) Phase 3: Adjust pointers 15.191ms
[2020-12-21T09:26:45.243-0500][gc,phases,start] GC(16658) Phase 4: Compact heap
[2020-12-21T09:26:45.246-0500][gc,phases      ] GC(16658) Phase 4: Compact heap 3.310ms
[2020-12-21T09:26:45.254-0500][gc,heap        ] GC(16658) Eden regions: 6->0(7)
[2020-12-21T09:26:45.254-0500][gc,heap        ] GC(16658) Survivor regions: 1->0(2)
[2020-12-21T09:26:45.254-0500][gc,heap        ] GC(16658) Old regions: 40->44
[2020-12-21T09:26:45.254-0500][gc,heap        ] GC(16658) Humongous regions: 4->4
[2020-12-21T09:26:45.254-0500][gc,metaspace   ] GC(16658) Metaspace: 49949K->49949K(1093632K)
[2020-12-21T09:26:45.254-0500][gc,heap        ] GC(16658) Heap after GC invocations=16659 (full 3371): garbage-first heap   total 64512K, used 43216K [0x0000000083000000, 0x0000000100000000)
[2020-12-21T09:26:45.254-0500][gc,heap        ] GC(16658)   region size 1024K, 0 young (0K), 0 survivors (0K)
[2020-12-21T09:26:45.254-0500][gc,heap        ] GC(16658)  Metaspace       used 49949K, capacity 52104K, committed 53632K, reserved 1093632K
[2020-12-21T09:26:45.254-0500][gc,heap        ] GC(16658)   class space    used 7422K, capacity 8193K, committed 8832K, reserved 1048576K
[2020-12-21T09:26:45.254-0500][gc             ] GC(16658) Pause Full (System.gc()) 47M->42M(63M) 64.216ms
[2020-12-21T09:26:45.254-0500][gc,cpu         ] GC(16658) User=0.25s Sys=0.00s Real=0.06s
[2020-12-21T09:28:06.015-0500][gc,heap        ] GC(16659) Heap before GC invocations=16659 (full 3371): garbage-first heap   total 64512K, used 49360K [0x0000000083000000, 0x0000000100000000)
[2020-12-21T09:28:06.015-0500][gc,heap        ] GC(16659)   region size 1024K, 7 young (7168K), 0 survivors (0K)
[2020-12-21T09:28:06.015-0500][gc,heap        ] GC(16659)  Metaspace       used 49949K, capacity 52104K, committed 53632K, reserved 1093632K
[2020-12-21T09:28:06.015-0500][gc,heap        ] GC(16659)   class space    used 7422K, capacity 8193K, committed 8832K, reserved 1048576K
[2020-12-21T09:28:06.015-0500][gc,start       ] GC(16659) Pause Young (Normal) (G1 Evacuation Pause)
[2020-12-21T09:28:06.015-0500][gc,task        ] GC(16659) Using 8 workers of 8 for evacuation
[2020-12-21T09:28:06.019-0500][gc,phases      ] GC(16659)   Pre Evacuate Collection Set: 0.0ms
[2020-12-21T09:28:06.020-0500][gc,phases      ] GC(16659)   Evacuate Collection Set: 2.1ms
[2020-12-21T09:28:06.020-0500][gc,phases      ] GC(16659)   Post Evacuate Collection Set: 2.4ms
[2020-12-21T09:28:06.020-0500][gc,phases      ] GC(16659)   Other: 0.4ms
[2020-12-21T09:28:06.020-0500][gc,heap        ] GC(16659) Eden regions: 7->0(6)
[2020-12-21T09:28:06.020-0500][gc,heap        ] GC(16659) Survivor regions: 0->1(1)
[2020-12-21T09:28:06.020-0500][gc,heap        ] GC(16659) Old regions: 44->44
[2020-12-21T09:28:06.020-0500][gc,heap        ] GC(16659) Humongous regions: 4->4
[2020-12-21T09:28:06.020-0500][gc,metaspace   ] GC(16659) Metaspace: 49949K->49949K(1093632K)
[2020-12-21T09:28:06.020-0500][gc,heap        ] GC(16659) Heap after GC invocations=16660 (full 3371): garbage-first heap   total 64512K, used 43267K [0x0000000083000000, 0x0000000100000000)
[2020-12-21T09:28:06.020-0500][gc,heap        ] GC(16659)   region size 1024K, 1 young (1024K), 1 survivors (1024K)
[2020-12-21T09:28:06.020-0500][gc,heap        ] GC(16659)  Metaspace       used 49949K, capacity 52104K, committed 53632K, reserved 1093632K
[2020-12-21T09:28:06.020-0500][gc,heap        ] GC(16659)   class space    used 7422K, capacity 8193K, committed 8832K, reserved 1048576K
[2020-12-21T09:28:06.020-0500][gc             ] GC(16659) Pause Young (Normal) (G1 Evacuation Pause) 49M->42M(63M) 5.119ms
[2020-12-21T09:28:06.020-0500][gc,cpu         ] GC(16659) User=0.01s Sys=0.01s Real=0.01s
[2020-12-21T09:29:09.963-0500][gc,heap        ] GC(16660) Heap before GC invocations=16660 (full 3371): garbage-first heap   total 64512K, used 48387K [0x0000000083000000, 0x0000000100000000)
[2020-12-21T09:29:09.963-0500][gc,heap        ] GC(16660)   region size 1024K, 7 young (7168K), 1 survivors (1024K)
[2020-12-21T09:29:09.963-0500][gc,heap        ] GC(16660)  Metaspace       used 49949K, capacity 52104K, committed 53632K, reserved 1093632K
[2020-12-21T09:29:09.963-0500][gc,heap        ] GC(16660)   class space    used 7422K, capacity 8193K, committed 8832K, reserved 1048576K
[2020-12-21T09:29:09.963-0500][gc,start       ] GC(16660) Pause Young (Normal) (G1 Evacuation Pause)
[2020-12-21T09:29:09.963-0500][gc,task        ] GC(16660) Using 8 workers of 8 for evacuation
[2020-12-21T09:29:09.966-0500][gc,phases      ] GC(16660)   Pre Evacuate Collection Set: 0.0ms
[2020-12-21T09:29:09.966-0500][gc,phases      ] GC(16660)   Evacuate Collection Set: 1.0ms
[2020-12-21T09:29:09.966-0500][gc,phases      ] GC(16660)   Post Evacuate Collection Set: 1.6ms
[2020-12-21T09:29:09.966-0500][gc,phases      ] GC(16660)   Other: 0.3ms
[2020-12-21T09:29:09.966-0500][gc,heap        ] GC(16660) Eden regions: 6->0(6)
[2020-12-21T09:29:09.966-0500][gc,heap        ] GC(16660) Survivor regions: 1->1(1)
[2020-12-21T09:29:09.966-0500][gc,heap        ] GC(16660) Old regions: 44->44
[2020-12-21T09:29:09.966-0500][gc,heap        ] GC(16660) Humongous regions: 4->4
[2020-12-21T09:29:09.966-0500][gc,metaspace   ] GC(16660) Metaspace: 49949K->49949K(1093632K)
[2020-12-21T09:29:09.966-0500][gc,heap        ] GC(16660) Heap after GC invocations=16661 (full 3371): garbage-first heap   total 64512K, used 43343K [0x0000000083000000, 0x0000000100000000)
[2020-12-21T09:29:09.966-0500][gc,heap        ] GC(16660)   region size 1024K, 1 young (1024K), 1 survivors (1024K)
[2020-12-21T09:29:09.966-0500][gc,heap        ] GC(16660)  Metaspace       used 49949K, capacity 52104K, committed 53632K, reserved 1093632K
[2020-12-21T09:29:09.966-0500][gc,heap        ] GC(16660)   class space    used 7422K, capacity 8193K, committed 8832K, reserved 1048576K
[2020-12-21T09:29:09.966-0500][gc             ] GC(16660) Pause Young (Normal) (G1 Evacuation Pause) 48M->42M(63M) 2.977ms
[2020-12-21T09:29:09.966-0500][gc,cpu         ] GC(16660) User=0.00s Sys=0.00s Real=0.00s
[2020-12-21T09:30:12.179-0500][gc,heap        ] GC(16661) Heap before GC invocations=16661 (full 3371): garbage-first heap   total 64512K, used 48463K [0x0000000083000000, 0x0000000100000000)
[2020-12-21T09:30:12.179-0500][gc,heap        ] GC(16661)   region size 1024K, 7 young (7168K), 1 survivors (1024K)
[2020-12-21T09:30:12.179-0500][gc,heap        ] GC(16661)  Metaspace       used 49949K, capacity 52104K, committed 53632K, reserved 1093632K
[2020-12-21T09:30:12.179-0500][gc,heap        ] GC(16661)   class space    used 7422K, capacity 8193K, committed 8832K, reserved 1048576K
[2020-12-21T09:30:12.179-0500][gc,start       ] GC(16661) Pause Young (Normal) (G1 Evacuation Pause)
[2020-12-21T09:30:12.179-0500][gc,task        ] GC(16661) Using 8 workers of 8 for evacuation
[2020-12-21T09:30:12.195-0500][gc,phases      ] GC(16661)   Pre Evacuate Collection Set: 0.0ms
[2020-12-21T09:30:12.195-0500][gc,phases      ] GC(16661)   Evacuate Collection Set: 12.7ms
[2020-12-21T09:30:12.195-0500][gc,phases      ] GC(16661)   Post Evacuate Collection Set: 2.6ms
[2020-12-21T09:30:12.195-0500][gc,phases      ] GC(16661)   Other: 0.4ms
[2020-12-21T09:30:12.195-0500][gc,heap        ] GC(16661) Eden regions: 6->0(6)
[2020-12-21T09:30:12.195-0500][gc,heap        ] GC(16661) Survivor regions: 1->1(1)
[2020-12-21T09:30:12.195-0500][gc,heap        ] GC(16661) Old regions: 44->44
[2020-12-21T09:30:12.195-0500][gc,heap        ] GC(16661) Humongous regions: 4->4
[2020-12-21T09:30:12.195-0500][gc,metaspace   ] GC(16661) Metaspace: 49949K->49949K(1093632K)
[2020-12-21T09:30:12.195-0500][gc,heap        ] GC(16661) Heap after GC invocations=16662 (full 3371): garbage-first heap   total 64512K, used 43261K [0x0000000083000000, 0x0000000100000000)
[2020-12-21T09:30:12.195-0500][gc,heap        ] GC(16661)   region size 1024K, 1 young (1024K), 1 survivors (1024K)
[2020-12-21T09:30:12.195-0500][gc,heap        ] GC(16661)  Metaspace       used 49949K, capacity 52104K, committed 53632K, reserved 1093632K
[2020-12-21T09:30:12.195-0500][gc,heap        ] GC(16661)   class space    used 7422K, capacity 8193K, committed 8832K, reserved 1048576K
[2020-12-21T09:30:12.195-0500][gc             ] GC(16661) Pause Young (Normal) (G1 Evacuation Pause) 48M->42M(63M) 15.939ms
[2020-12-21T09:30:12.195-0500][gc,cpu         ] GC(16661) User=0.09s Sys=0.00s Real=0.01s
[2020-12-21T09:31:18.508-0500][gc,heap        ] GC(16662) Heap before GC invocations=16662 (full 3371): garbage-first heap   total 64512K, used 48381K [0x0000000083000000, 0x0000000100000000)
[2020-12-21T09:31:18.508-0500][gc,heap        ] GC(16662)   region size 1024K, 7 young (7168K), 1 survivors (1024K)
[2020-12-21T09:31:18.508-0500][gc,heap        ] GC(16662)  Metaspace       used 49949K, capacity 52104K, committed 53632K, reserved 1093632K
[2020-12-21T09:31:18.508-0500][gc,heap        ] GC(16662)   class space    used 7422K, capacity 8193K, committed 8832K, reserved 1048576K
[2020-12-21T09:31:18.508-0500][gc,start       ] GC(16662) Pause Young (Normal) (G1 Evacuation Pause)
[2020-12-21T09:31:18.508-0500][gc,task        ] GC(16662) Using 8 workers of 8 for evacuation
[2020-12-21T09:31:18.509-0500][gc,phases      ] GC(16662)   Pre Evacuate Collection Set: 0.0ms
[2020-12-21T09:31:18.509-0500][gc,phases      ] GC(16662)   Evacuate Collection Set: 0.6ms
[2020-12-21T09:31:18.509-0500][gc,phases      ] GC(16662)   Post Evacuate Collection Set: 0.9ms
[2020-12-21T09:31:18.509-0500][gc,phases      ] GC(16662)   Other: 0.2ms
[2020-12-21T09:31:18.510-0500][gc,heap        ] GC(16662) Eden regions: 6->0(6)
[2020-12-21T09:31:18.510-0500][gc,heap        ] GC(16662) Survivor regions: 1->1(1)
[2020-12-21T09:31:18.510-0500][gc,heap        ] GC(16662) Old regions: 44->44
[2020-12-21T09:31:18.510-0500][gc,heap        ] GC(16662) Humongous regions: 4->4
[2020-12-21T09:31:18.510-0500][gc,metaspace   ] GC(16662) Metaspace: 49949K->49949K(1093632K)
[2020-12-21T09:31:18.510-0500][gc,heap        ] GC(16662) Heap after GC invocations=16663 (full 3371): garbage-first heap   total 64512K, used 43267K [0x0000000083000000, 0x0000000100000000)
[2020-12-21T09:31:18.510-0500][gc,heap        ] GC(16662)   region size 1024K, 1 young (1024K), 1 survivors (1024K)
[2020-12-21T09:31:18.510-0500][gc,heap        ] GC(16662)  Metaspace       used 49949K, capacity 52104K, committed 53632K, reserved 1093632K
[2020-12-21T09:31:18.510-0500][gc,heap        ] GC(16662)   class space    used 7422K, capacity 8193K, committed 8832K, reserved 1048576K
[2020-12-21T09:31:18.510-0500][gc             ] GC(16662) Pause Young (Normal) (G1 Evacuation Pause) 48M->42M(63M) 1.687ms
[2020-12-21T09:31:18.510-0500][gc,cpu         ] GC(16662) User=0.00s Sys=0.01s Real=0.00s
[2020-12-21T09:31:45.190-0500][gc,task        ] GC(16663) Using 5 workers of 8 for full compaction
[2020-12-21T09:31:45.191-0500][gc,start       ] GC(16663) Pause Full (System.gc())
[2020-12-21T09:31:45.191-0500][gc,heap        ] GC(16663) Heap before GC invocations=16663 (full 3371): garbage-first heap   total 64512K, used 45315K [0x0000000083000000, 0x0000000100000000)
[2020-12-21T09:31:45.191-0500][gc,heap        ] GC(16663)   region size 1024K, 4 young (4096K), 1 survivors (1024K)
[2020-12-21T09:31:45.191-0500][gc,heap        ] GC(16663)  Metaspace       used 49949K, capacity 52104K, committed 53632K, reserved 1093632K
[2020-12-21T09:31:45.191-0500][gc,heap        ] GC(16663)   class space    used 7422K, capacity 8193K, committed 8832K, reserved 1048576K
[2020-12-21T09:31:45.191-0500][gc,phases,start] GC(16663) Phase 1: Mark live objects
[2020-12-21T09:31:45.236-0500][gc,stringtable ] GC(16663) Cleaned string and symbol table, strings: 33106 processed, 4 removed, symbols: 120816 processed, 0 removed
[2020-12-21T09:31:45.236-0500][gc,phases      ] GC(16663) Phase 1: Mark live objects 45.318ms
[2020-12-21T09:31:45.236-0500][gc,phases,start] GC(16663) Phase 2: Prepare for compaction
[2020-12-21T09:31:45.240-0500][gc,phases      ] GC(16663) Phase 2: Prepare for compaction 3.920ms
[2020-12-21T09:31:45.240-0500][gc,phases,start] GC(16663) Phase 3: Adjust pointers
[2020-12-21T09:31:45.252-0500][gc,phases      ] GC(16663) Phase 3: Adjust pointers 11.532ms
[2020-12-21T09:31:45.252-0500][gc,phases,start] GC(16663) Phase 4: Compact heap
[2020-12-21T09:31:45.255-0500][gc,phases      ] GC(16663) Phase 4: Compact heap 3.049ms
[2020-12-21T09:31:45.261-0500][gc,heap        ] GC(16663) Eden regions: 3->0(10)
[2020-12-21T09:31:45.261-0500][gc,heap        ] GC(16663) Survivor regions: 1->0(1)
[2020-12-21T09:31:45.261-0500][gc,heap        ] GC(16663) Old regions: 44->41
[2020-12-21T09:31:45.261-0500][gc,heap        ] GC(16663) Humongous regions: 4->4
[2020-12-21T09:31:45.261-0500][gc,metaspace   ] GC(16663) Metaspace: 49949K->49949K(1093632K)
[2020-12-21T09:31:45.261-0500][gc,heap        ] GC(16663) Heap after GC invocations=16664 (full 3372): garbage-first heap   total 64512K, used 43204K [0x0000000083000000, 0x0000000100000000)
[2020-12-21T09:31:45.261-0500][gc,heap        ] GC(16663)   region size 1024K, 0 young (0K), 0 survivors (0K)
[2020-12-21T09:31:45.261-0500][gc,heap        ] GC(16663)  Metaspace       used 49949K, capacity 52104K, committed 53632K, reserved 1093632K
[2020-12-21T09:31:45.261-0500][gc,heap        ] GC(16663)   class space    used 7422K, capacity 8193K, committed 8832K, reserved 1048576K
[2020-12-21T09:31:45.261-0500][gc             ] GC(16663) Pause Full (System.gc()) 44M->42M(63M) 70.890ms
[2020-12-21T09:31:45.262-0500][gc,cpu         ] GC(16663) User=0.31s Sys=0.00s Real=0.07s
[2020-12-21T09:33:40.775-0500][gc,heap        ] GC(16664) Heap before GC invocations=16664 (full 3372): garbage-first heap   total 64512K, used 53444K [0x0000000083000000, 0x0000000100000000)
[2020-12-21T09:33:40.775-0500][gc,heap        ] GC(16664)   region size 1024K, 10 young (10240K), 0 survivors (0K)
[2020-12-21T09:33:40.775-0500][gc,heap        ] GC(16664)  Metaspace       used 49949K, capacity 52104K, committed 53632K, reserved 1093632K
[2020-12-21T09:33:40.775-0500][gc,heap        ] GC(16664)   class space    used 7422K, capacity 8193K, committed 8832K, reserved 1048576K
[2020-12-21T09:33:40.775-0500][gc,start       ] GC(16664) Pause Young (Normal) (G1 Evacuation Pause)
[2020-12-21T09:33:40.775-0500][gc,task        ] GC(16664) Using 8 workers of 8 for evacuation
[2020-12-21T09:33:40.777-0500][gc,phases      ] GC(16664)   Pre Evacuate Collection Set: 0.0ms
[2020-12-21T09:33:40.777-0500][gc,phases      ] GC(16664)   Evacuate Collection Set: 0.6ms
[2020-12-21T09:33:40.777-0500][gc,phases      ] GC(16664)   Post Evacuate Collection Set: 1.3ms
[2020-12-21T09:33:40.777-0500][gc,phases      ] GC(16664)   Other: 0.2ms
[2020-12-21T09:33:40.777-0500][gc,heap        ] GC(16664) Eden regions: 10->0(9)
[2020-12-21T09:33:40.777-0500][gc,heap        ] GC(16664) Survivor regions: 0->1(2)
[2020-12-21T09:33:40.777-0500][gc,heap        ] GC(16664) Old regions: 41->41
[2020-12-21T09:33:40.777-0500][gc,heap        ] GC(16664) Humongous regions: 4->4
[2020-12-21T09:33:40.777-0500][gc,metaspace   ] GC(16664) Metaspace: 49949K->49949K(1093632K)
[2020-12-21T09:33:40.777-0500][gc,heap        ] GC(16664) Heap after GC invocations=16665 (full 3372): garbage-first heap   total 64512K, used 43302K [0x0000000083000000, 0x0000000100000000)
[2020-12-21T09:33:40.777-0500][gc,heap        ] GC(16664)   region size 1024K, 1 young (1024K), 1 survivors (1024K)
[2020-12-21T09:33:40.777-0500][gc,heap        ] GC(16664)  Metaspace       used 49949K, capacity 52104K, committed 53632K, reserved 1093632K
[2020-12-21T09:33:40.777-0500][gc,heap        ] GC(16664)   class space    used 7422K, capacity 8193K, committed 8832K, reserved 1048576K
[2020-12-21T09:33:40.777-0500][gc             ] GC(16664) Pause Young (Normal) (G1 Evacuation Pause) 52M->42M(63M) 2.210ms
[2020-12-21T09:33:40.777-0500][gc,cpu         ] GC(16664) User=0.00s Sys=0.00s Real=0.00s
[2020-12-21T09:35:16.018-0500][gc,heap        ] GC(16665) Heap before GC invocations=16665 (full 3372): garbage-first heap   total 64512K, used 52518K [0x0000000083000000, 0x0000000100000000)
[2020-12-21T09:35:16.018-0500][gc,heap        ] GC(16665)   region size 1024K, 10 young (10240K), 1 survivors (1024K)
[2020-12-21T09:35:16.018-0500][gc,heap        ] GC(16665)  Metaspace       used 49949K, capacity 52104K, committed 53632K, reserved 1093632K
[2020-12-21T09:35:16.018-0500][gc,heap        ] GC(16665)   class space    used 7422K, capacity 8193K, committed 8832K, reserved 1048576K
[2020-12-21T09:35:16.018-0500][gc,start       ] GC(16665) Pause Young (Normal) (G1 Evacuation Pause)
[2020-12-21T09:35:16.018-0500][gc,task        ] GC(16665) Using 8 workers of 8 for evacuation
[2020-12-21T09:35:16.022-0500][gc,phases      ] GC(16665)   Pre Evacuate Collection Set: 0.0ms
[2020-12-21T09:35:16.022-0500][gc,phases      ] GC(16665)   Evacuate Collection Set: 1.5ms
[2020-12-21T09:35:16.022-0500][gc,phases      ] GC(16665)   Post Evacuate Collection Set: 2.3ms
[2020-12-21T09:35:16.022-0500][gc,phases      ] GC(16665)   Other: 0.4ms
[2020-12-21T09:35:16.022-0500][gc,heap        ] GC(16665) Eden regions: 9->0(9)
[2020-12-21T09:35:16.022-0500][gc,heap        ] GC(16665) Survivor regions: 1->1(2)
[2020-12-21T09:35:16.022-0500][gc,heap        ] GC(16665) Old regions: 41->41
[2020-12-21T09:35:16.022-0500][gc,heap        ] GC(16665) Humongous regions: 4->4
[2020-12-21T09:35:16.022-0500][gc,metaspace   ] GC(16665) Metaspace: 49949K->49949K(1093632K)
[2020-12-21T09:35:16.022-0500][gc,heap        ] GC(16665) Heap after GC invocations=16666 (full 3372): garbage-first heap   total 64512K, used 43283K [0x0000000083000000, 0x0000000100000000)
[2020-12-21T09:35:16.022-0500][gc,heap        ] GC(16665)   region size 1024K, 1 young (1024K), 1 survivors (1024K)
[2020-12-21T09:35:16.022-0500][gc,heap        ] GC(16665)  Metaspace       used 49949K, capacity 52104K, committed 53632K, reserved 1093632K
[2020-12-21T09:35:16.022-0500][gc,heap        ] GC(16665)   class space    used 7422K, capacity 8193K, committed 8832K, reserved 1048576K
[2020-12-21T09:35:16.022-0500][gc             ] GC(16665) Pause Young (Normal) (G1 Evacuation Pause) 51M->42M(63M) 4.326ms
[2020-12-21T09:35:16.023-0500][gc,cpu         ] GC(16665) User=0.01s Sys=0.00s Real=0.00s
[2020-12-21T09:36:45.188-0500][gc,task        ] GC(16666) Using 5 workers of 8 for full compaction
[2020-12-21T09:36:45.188-0500][gc,start       ] GC(16666) Pause Full (System.gc())
[2020-12-21T09:36:45.188-0500][gc,heap        ] GC(16666) Heap before GC invocations=16666 (full 3372): garbage-first heap   total 64512K, used 49427K [0x0000000083000000, 0x0000000100000000)
[2020-12-21T09:36:45.188-0500][gc,heap        ] GC(16666)   region size 1024K, 9 young (9216K), 1 survivors (1024K)
[2020-12-21T09:36:45.188-0500][gc,heap        ] GC(16666)  Metaspace       used 49949K, capacity 52104K, committed 53632K, reserved 1093632K
[2020-12-21T09:36:45.188-0500][gc,heap        ] GC(16666)   class space    used 7422K, capacity 8193K, committed 8832K, reserved 1048576K
[2020-12-21T09:36:45.189-0500][gc,phases,start] GC(16666) Phase 1: Mark live objects
[2020-12-21T09:36:45.212-0500][gc,stringtable ] GC(16666) Cleaned string and symbol table, strings: 33106 processed, 4 removed, symbols: 120816 processed, 0 removed
[2020-12-21T09:36:45.212-0500][gc,phases      ] GC(16666) Phase 1: Mark live objects 23.036ms
[2020-12-21T09:36:45.212-0500][gc,phases,start] GC(16666) Phase 2: Prepare for compaction
[2020-12-21T09:36:45.216-0500][gc,phases      ] GC(16666) Phase 2: Prepare for compaction 3.703ms
[2020-12-21T09:36:45.216-0500][gc,phases,start] GC(16666) Phase 3: Adjust pointers
[2020-12-21T09:36:45.232-0500][gc,phases      ] GC(16666) Phase 3: Adjust pointers 16.668ms
[2020-12-21T09:36:45.232-0500][gc,phases,start] GC(16666) Phase 4: Compact heap
[2020-12-21T09:36:45.237-0500][gc,phases      ] GC(16666) Phase 4: Compact heap 4.190ms
[2020-12-21T09:36:45.246-0500][gc,heap        ] GC(16666) Eden regions: 8->0(9)
[2020-12-21T09:36:45.247-0500][gc,heap        ] GC(16666) Survivor regions: 1->0(2)
[2020-12-21T09:36:45.247-0500][gc,heap        ] GC(16666) Old regions: 41->42
[2020-12-21T09:36:45.247-0500][gc,heap        ] GC(16666) Humongous regions: 4->4
[2020-12-21T09:36:45.247-0500][gc,metaspace   ] GC(16666) Metaspace: 49949K->49949K(1093632K)
[2020-12-21T09:36:45.247-0500][gc,heap        ] GC(16666) Heap after GC invocations=16667 (full 3373): garbage-first heap   total 64512K, used 43223K [0x0000000083000000, 0x0000000100000000)
[2020-12-21T09:36:45.247-0500][gc,heap        ] GC(16666)   region size 1024K, 0 young (0K), 0 survivors (0K)
[2020-12-21T09:36:45.247-0500][gc,heap        ] GC(16666)  Metaspace       used 49949K, capacity 52104K, committed 53632K, reserved 1093632K
[2020-12-21T09:36:45.247-0500][gc,heap        ] GC(16666)   class space    used 7422K, capacity 8193K, committed 8832K, reserved 1048576K
[2020-12-21T09:36:45.247-0500][gc             ] GC(16666) Pause Full (System.gc()) 49M->42M(63M) 58.314ms
[2020-12-21T09:36:45.247-0500][gc,cpu         ] GC(16666) User=0.22s Sys=0.00s Real=0.05s
[2020-12-21T09:38:26.012-0500][gc,heap        ] GC(16667) Heap before GC invocations=16667 (full 3373): garbage-first heap   total 64512K, used 51415K [0x0000000083000000, 0x0000000100000000)
[2020-12-21T09:38:26.012-0500][gc,heap        ] GC(16667)   region size 1024K, 9 young (9216K), 0 survivors (0K)
[2020-12-21T09:38:26.012-0500][gc,heap        ] GC(16667)  Metaspace       used 49949K, capacity 52104K, committed 53632K, reserved 1093632K
[2020-12-21T09:38:26.012-0500][gc,heap        ] GC(16667)   class space    used 7422K, capacity 8193K, committed 8832K, reserved 1048576K
[2020-12-21T09:38:26.012-0500][gc,start       ] GC(16667) Pause Young (Normal) (G1 Evacuation Pause)
[2020-12-21T09:38:26.012-0500][gc,task        ] GC(16667) Using 8 workers of 8 for evacuation
[2020-12-21T09:38:26.014-0500][gc,phases      ] GC(16667)   Pre Evacuate Collection Set: 0.0ms
[2020-12-21T09:38:26.014-0500][gc,phases      ] GC(16667)   Evacuate Collection Set: 1.0ms
[2020-12-21T09:38:26.014-0500][gc,phases      ] GC(16667)   Post Evacuate Collection Set: 1.2ms
[2020-12-21T09:38:26.014-0500][gc,phases      ] GC(16667)   Other: 0.3ms
[2020-12-21T09:38:26.014-0500][gc,heap        ] GC(16667) Eden regions: 9->0(8)
[2020-12-21T09:38:26.014-0500][gc,heap        ] GC(16667) Survivor regions: 0->1(2)
[2020-12-21T09:38:26.014-0500][gc,heap        ] GC(16667) Old regions: 42->42
[2020-12-21T09:38:26.014-0500][gc,heap        ] GC(16667) Humongous regions: 4->4
[2020-12-21T09:38:26.014-0500][gc,metaspace   ] GC(16667) Metaspace: 49949K->49949K(1093632K)
[2020-12-21T09:38:26.014-0500][gc,heap        ] GC(16667) Heap after GC invocations=16668 (full 3373): garbage-first heap   total 64512K, used 43284K [0x0000000083000000, 0x0000000100000000)
[2020-12-21T09:38:26.014-0500][gc,heap        ] GC(16667)   region size 1024K, 1 young (1024K), 1 survivors (1024K)
[2020-12-21T09:38:26.014-0500][gc,heap        ] GC(16667)  Metaspace       used 49949K, capacity 52104K, committed 53632K, reserved 1093632K
[2020-12-21T09:38:26.014-0500][gc,heap        ] GC(16667)   class space    used 7422K, capacity 8193K, committed 8832K, reserved 1048576K
[2020-12-21T09:38:26.014-0500][gc             ] GC(16667) Pause Young (Normal) (G1 Evacuation Pause) 51M->42M(63M) 2.577ms
[2020-12-21T09:38:26.015-0500][gc,cpu         ] GC(16667) User=0.00s Sys=0.00s Real=0.00s
[2020-12-21T09:39:56.017-0500][gc,heap        ] GC(16668) Heap before GC invocations=16668 (full 3373): garbage-first heap   total 64512K, used 51476K [0x0000000083000000, 0x0000000100000000)
[2020-12-21T09:39:56.017-0500][gc,heap        ] GC(16668)   region size 1024K, 9 young (9216K), 1 survivors (1024K)
[2020-12-21T09:39:56.017-0500][gc,heap        ] GC(16668)  Metaspace       used 49949K, capacity 52104K, committed 53632K, reserved 1093632K
[2020-12-21T09:39:56.017-0500][gc,heap        ] GC(16668)   class space    used 7422K, capacity 8193K, committed 8832K, reserved 1048576K
[2020-12-21T09:39:56.017-0500][gc,start       ] GC(16668) Pause Young (Normal) (G1 Evacuation Pause)
[2020-12-21T09:39:56.017-0500][gc,task        ] GC(16668) Using 8 workers of 8 for evacuation
[2020-12-21T09:39:56.018-0500][gc,phases      ] GC(16668)   Pre Evacuate Collection Set: 0.0ms
[2020-12-21T09:39:56.019-0500][gc,phases      ] GC(16668)   Evacuate Collection Set: 0.7ms
[2020-12-21T09:39:56.019-0500][gc,phases      ] GC(16668)   Post Evacuate Collection Set: 1.0ms
[2020-12-21T09:39:56.019-0500][gc,phases      ] GC(16668)   Other: 0.2ms
[2020-12-21T09:39:56.019-0500][gc,heap        ] GC(16668) Eden regions: 8->0(8)
[2020-12-21T09:39:56.019-0500][gc,heap        ] GC(16668) Survivor regions: 1->1(2)
[2020-12-21T09:39:56.019-0500][gc,heap        ] GC(16668) Old regions: 42->42
[2020-12-21T09:39:56.019-0500][gc,heap        ] GC(16668) Humongous regions: 4->4
[2020-12-21T09:39:56.019-0500][gc,metaspace   ] GC(16668) Metaspace: 49949K->49949K(1093632K)
[2020-12-21T09:39:56.019-0500][gc,heap        ] GC(16668) Heap after GC invocations=16669 (full 3373): garbage-first heap   total 64512K, used 43263K [0x0000000083000000, 0x0000000100000000)
[2020-12-21T09:39:56.019-0500][gc,heap        ] GC(16668)   region size 1024K, 1 young (1024K), 1 survivors (1024K)
[2020-12-21T09:39:56.019-0500][gc,heap        ] GC(16668)  Metaspace       used 49949K, capacity 52104K, committed 53632K, reserved 1093632K
[2020-12-21T09:39:56.019-0500][gc,heap        ] GC(16668)   class space    used 7422K, capacity 8193K, committed 8832K, reserved 1048576K
[2020-12-21T09:39:56.019-0500][gc             ] GC(16668) Pause Young (Normal) (G1 Evacuation Pause) 50M->42M(63M) 1.992ms
[2020-12-21T09:39:56.019-0500][gc,cpu         ] GC(16668) User=0.00s Sys=0.01s Real=0.01s
[2020-12-21T09:41:29.365-0500][gc,heap        ] GC(16669) Heap before GC invocations=16669 (full 3373): garbage-first heap   total 64512K, used 50431K [0x0000000083000000, 0x0000000100000000)
[2020-12-21T09:41:29.365-0500][gc,heap        ] GC(16669)   region size 1024K, 9 young (9216K), 1 survivors (1024K)
[2020-12-21T09:41:29.365-0500][gc,heap        ] GC(16669)  Metaspace       used 49949K, capacity 52104K, committed 53632K, reserved 1093632K
[2020-12-21T09:41:29.365-0500][gc,heap        ] GC(16669)   class space    used 7422K, capacity 8193K, committed 8832K, reserved 1048576K
[2020-12-21T09:41:29.365-0500][gc,start       ] GC(16669) Pause Young (Normal) (G1 Evacuation Pause)
[2020-12-21T09:41:29.365-0500][gc,task        ] GC(16669) Using 8 workers of 8 for evacuation
[2020-12-21T09:41:29.373-0500][gc,phases      ] GC(16669)   Pre Evacuate Collection Set: 0.0ms
[2020-12-21T09:41:29.373-0500][gc,phases      ] GC(16669)   Evacuate Collection Set: 6.8ms
[2020-12-21T09:41:29.373-0500][gc,phases      ] GC(16669)   Post Evacuate Collection Set: 1.0ms
[2020-12-21T09:41:29.373-0500][gc,phases      ] GC(16669)   Other: 0.4ms
[2020-12-21T09:41:29.373-0500][gc,heap        ] GC(16669) Eden regions: 8->0(8)
[2020-12-21T09:41:29.373-0500][gc,heap        ] GC(16669) Survivor regions: 1->1(2)
[2020-12-21T09:41:29.373-0500][gc,heap        ] GC(16669) Old regions: 42->42
[2020-12-21T09:41:29.373-0500][gc,heap        ] GC(16669) Humongous regions: 4->4
[2020-12-21T09:41:29.373-0500][gc,metaspace   ] GC(16669) Metaspace: 49949K->49949K(1093632K)
[2020-12-21T09:41:29.373-0500][gc,heap        ] GC(16669) Heap after GC invocations=16670 (full 3373): garbage-first heap   total 64512K, used 43277K [0x0000000083000000, 0x0000000100000000)
[2020-12-21T09:41:29.373-0500][gc,heap        ] GC(16669)   region size 1024K, 1 young (1024K), 1 survivors (1024K)
[2020-12-21T09:41:29.373-0500][gc,heap        ] GC(16669)  Metaspace       used 49949K, capacity 52104K, committed 53632K, reserved 1093632K
[2020-12-21T09:41:29.373-0500][gc,heap        ] GC(16669)   class space    used 7422K, capacity 8193K, committed 8832K, reserved 1048576K
[2020-12-21T09:41:29.373-0500][gc             ] GC(16669) Pause Young (Normal) (G1 Evacuation Pause) 50M->42M(63M) 8.125ms
[2020-12-21T09:41:29.373-0500][gc,cpu         ] GC(16669) User=0.04s Sys=0.00s Real=0.01s
[2020-12-21T09:41:45.191-0500][gc,task        ] GC(16670) Using 5 workers of 8 for full compaction
[2020-12-21T09:41:45.191-0500][gc,start       ] GC(16670) Pause Full (System.gc())
[2020-12-21T09:41:45.192-0500][gc,heap        ] GC(16670) Heap before GC invocations=16670 (full 3373): garbage-first heap   total 64512K, used 44301K [0x0000000083000000, 0x0000000100000000)
[2020-12-21T09:41:45.192-0500][gc,heap        ] GC(16670)   region size 1024K, 3 young (3072K), 1 survivors (1024K)
[2020-12-21T09:41:45.192-0500][gc,heap        ] GC(16670)  Metaspace       used 49949K, capacity 52104K, committed 53632K, reserved 1093632K
[2020-12-21T09:41:45.192-0500][gc,heap        ] GC(16670)   class space    used 7422K, capacity 8193K, committed 8832K, reserved 1048576K
[2020-12-21T09:41:45.192-0500][gc,phases,start] GC(16670) Phase 1: Mark live objects
[2020-12-21T09:41:45.241-0500][gc,stringtable ] GC(16670) Cleaned string and symbol table, strings: 33106 processed, 4 removed, symbols: 120816 processed, 0 removed
[2020-12-21T09:41:45.241-0500][gc,phases      ] GC(16670) Phase 1: Mark live objects 49.119ms
[2020-12-21T09:41:45.241-0500][gc,phases,start] GC(16670) Phase 2: Prepare for compaction
[2020-12-21T09:41:45.249-0500][gc,phases      ] GC(16670) Phase 2: Prepare for compaction 7.781ms
[2020-12-21T09:41:45.250-0500][gc,phases,start] GC(16670) Phase 3: Adjust pointers
[2020-12-21T09:41:45.270-0500][gc,phases      ] GC(16670) Phase 3: Adjust pointers 20.027ms
[2020-12-21T09:41:45.270-0500][gc,phases,start] GC(16670) Phase 4: Compact heap
[2020-12-21T09:41:45.273-0500][gc,phases      ] GC(16670) Phase 4: Compact heap 2.957ms
[2020-12-21T09:41:45.281-0500][gc,heap        ] GC(16670) Eden regions: 2->0(9)
[2020-12-21T09:41:45.281-0500][gc,heap        ] GC(16670) Survivor regions: 1->0(2)
[2020-12-21T09:41:45.281-0500][gc,heap        ] GC(16670) Old regions: 42->42
[2020-12-21T09:41:45.281-0500][gc,heap        ] GC(16670) Humongous regions: 4->4
[2020-12-21T09:41:45.281-0500][gc,metaspace   ] GC(16670) Metaspace: 49949K->49949K(1093632K)
[2020-12-21T09:41:45.281-0500][gc,heap        ] GC(16670) Heap after GC invocations=16671 (full 3374): garbage-first heap   total 64512K, used 43199K [0x0000000083000000, 0x0000000100000000)
[2020-12-21T09:41:45.281-0500][gc,heap        ] GC(16670)   region size 1024K, 0 young (0K), 0 survivors (0K)
[2020-12-21T09:41:45.281-0500][gc,heap        ] GC(16670)  Metaspace       used 49949K, capacity 52104K, committed 53632K, reserved 1093632K
[2020-12-21T09:41:45.281-0500][gc,heap        ] GC(16670)   class space    used 7422K, capacity 8193K, committed 8832K, reserved 1048576K
[2020-12-21T09:41:45.281-0500][gc             ] GC(16670) Pause Full (System.gc()) 43M->42M(63M) 89.550ms
[2020-12-21T09:41:45.281-0500][gc,cpu         ] GC(16670) User=0.37s Sys=0.00s Real=0.09s
[2020-12-21T09:43:27.495-0500][gc,heap        ] GC(16671) Heap before GC invocations=16671 (full 3374): garbage-first heap   total 64512K, used 52415K [0x0000000083000000, 0x0000000100000000)
[2020-12-21T09:43:27.495-0500][gc,heap        ] GC(16671)   region size 1024K, 9 young (9216K), 0 survivors (0K)
[2020-12-21T09:43:27.495-0500][gc,heap        ] GC(16671)  Metaspace       used 49949K, capacity 52104K, committed 53632K, reserved 1093632K
[2020-12-21T09:43:27.495-0500][gc,heap        ] GC(16671)   class space    used 7422K, capacity 8193K, committed 8832K, reserved 1048576K
[2020-12-21T09:43:27.495-0500][gc,start       ] GC(16671) Pause Young (Normal) (G1 Evacuation Pause)
[2020-12-21T09:43:27.495-0500][gc,task        ] GC(16671) Using 8 workers of 8 for evacuation
[2020-12-21T09:43:27.497-0500][gc,phases      ] GC(16671)   Pre Evacuate Collection Set: 0.0ms
[2020-12-21T09:43:27.497-0500][gc,phases      ] GC(16671)   Evacuate Collection Set: 0.7ms
[2020-12-21T09:43:27.497-0500][gc,phases      ] GC(16671)   Post Evacuate Collection Set: 0.9ms
[2020-12-21T09:43:27.497-0500][gc,phases      ] GC(16671)   Other: 0.2ms
[2020-12-21T09:43:27.497-0500][gc,heap        ] GC(16671) Eden regions: 9->0(8)
[2020-12-21T09:43:27.497-0500][gc,heap        ] GC(16671) Survivor regions: 0->1(2)
[2020-12-21T09:43:27.497-0500][gc,heap        ] GC(16671) Old regions: 42->42
[2020-12-21T09:43:27.497-0500][gc,heap        ] GC(16671) Humongous regions: 4->4
[2020-12-21T09:43:27.497-0500][gc,metaspace   ] GC(16671) Metaspace: 49949K->49949K(1093632K)
[2020-12-21T09:43:27.497-0500][gc,heap        ] GC(16671) Heap after GC invocations=16672 (full 3374): garbage-first heap   total 64512K, used 43251K [0x0000000083000000, 0x0000000100000000)
[2020-12-21T09:43:27.497-0500][gc,heap        ] GC(16671)   region size 1024K, 1 young (1024K), 1 survivors (1024K)
[2020-12-21T09:43:27.497-0500][gc,heap        ] GC(16671)  Metaspace       used 49949K, capacity 52104K, committed 53632K, reserved 1093632K
[2020-12-21T09:43:27.497-0500][gc,heap        ] GC(16671)   class space    used 7422K, capacity 8193K, committed 8832K, reserved 1048576K
[2020-12-21T09:43:27.497-0500][gc             ] GC(16671) Pause Young (Normal) (G1 Evacuation Pause) 51M->42M(63M) 1.807ms
[2020-12-21T09:43:27.497-0500][gc,cpu         ] GC(16671) User=0.01s Sys=0.00s Real=0.00s
[2020-12-21T09:44:56.023-0500][gc,heap        ] GC(16672) Heap before GC invocations=16672 (full 3374): garbage-first heap   total 64512K, used 50419K [0x0000000083000000, 0x0000000100000000)
[2020-12-21T09:44:56.023-0500][gc,heap        ] GC(16672)   region size 1024K, 9 young (9216K), 1 survivors (1024K)
[2020-12-21T09:44:56.023-0500][gc,heap        ] GC(16672)  Metaspace       used 49949K, capacity 52104K, committed 53632K, reserved 1093632K
[2020-12-21T09:44:56.023-0500][gc,heap        ] GC(16672)   class space    used 7422K, capacity 8193K, committed 8832K, reserved 1048576K
[2020-12-21T09:44:56.023-0500][gc,start       ] GC(16672) Pause Young (Normal) (G1 Evacuation Pause)
[2020-12-21T09:44:56.023-0500][gc,task        ] GC(16672) Using 8 workers of 8 for evacuation
[2020-12-21T09:44:56.030-0500][gc,phases      ] GC(16672)   Pre Evacuate Collection Set: 0.0ms
[2020-12-21T09:44:56.030-0500][gc,phases      ] GC(16672)   Evacuate Collection Set: 2.0ms
[2020-12-21T09:44:56.030-0500][gc,phases      ] GC(16672)   Post Evacuate Collection Set: 4.7ms
[2020-12-21T09:44:56.030-0500][gc,phases      ] GC(16672)   Other: 0.4ms
[2020-12-21T09:44:56.030-0500][gc,heap        ] GC(16672) Eden regions: 8->0(8)
[2020-12-21T09:44:56.030-0500][gc,heap        ] GC(16672) Survivor regions: 1->1(2)
[2020-12-21T09:44:56.030-0500][gc,heap        ] GC(16672) Old regions: 42->42
[2020-12-21T09:44:56.030-0500][gc,heap        ] GC(16672) Humongous regions: 4->4
[2020-12-21T09:44:56.030-0500][gc,metaspace   ] GC(16672) Metaspace: 49949K->49949K(1093632K)
[2020-12-21T09:44:56.030-0500][gc,heap        ] GC(16672) Heap after GC invocations=16673 (full 3374): garbage-first heap   total 64512K, used 43249K [0x0000000083000000, 0x0000000100000000)
[2020-12-21T09:44:56.030-0500][gc,heap        ] GC(16672)   region size 1024K, 1 young (1024K), 1 survivors (1024K)
[2020-12-21T09:44:56.030-0500][gc,heap        ] GC(16672)  Metaspace       used 49949K, capacity 52104K, committed 53632K, reserved 1093632K
[2020-12-21T09:44:56.030-0500][gc,heap        ] GC(16672)   class space    used 7422K, capacity 8193K, committed 8832K, reserved 1048576K
[2020-12-21T09:44:56.030-0500][gc             ] GC(16672) Pause Young (Normal) (G1 Evacuation Pause) 50M->42M(63M) 7.301ms
[2020-12-21T09:44:56.030-0500][gc,cpu         ] GC(16672) User=0.03s Sys=0.00s Real=0.01s
[2020-12-21T09:46:32.620-0500][gc,heap        ] GC(16673) Heap before GC invocations=16673 (full 3374): garbage-first heap   total 64512K, used 51441K [0x0000000083000000, 0x0000000100000000)
[2020-12-21T09:46:32.620-0500][gc,heap        ] GC(16673)   region size 1024K, 9 young (9216K), 1 survivors (1024K)
[2020-12-21T09:46:32.620-0500][gc,heap        ] GC(16673)  Metaspace       used 49949K, capacity 52104K, committed 53632K, reserved 1093632K
[2020-12-21T09:46:32.620-0500][gc,heap        ] GC(16673)   class space    used 7422K, capacity 8193K, committed 8832K, reserved 1048576K
[2020-12-21T09:46:32.620-0500][gc,start       ] GC(16673) Pause Young (Normal) (G1 Evacuation Pause)
[2020-12-21T09:46:32.620-0500][gc,task        ] GC(16673) Using 8 workers of 8 for evacuation
[2020-12-21T09:46:32.622-0500][gc,phases      ] GC(16673)   Pre Evacuate Collection Set: 0.0ms
[2020-12-21T09:46:32.622-0500][gc,phases      ] GC(16673)   Evacuate Collection Set: 0.6ms
[2020-12-21T09:46:32.622-0500][gc,phases      ] GC(16673)   Post Evacuate Collection Set: 0.9ms
[2020-12-21T09:46:32.622-0500][gc,phases      ] GC(16673)   Other: 0.2ms
[2020-12-21T09:46:32.622-0500][gc,heap        ] GC(16673) Eden regions: 8->0(8)
[2020-12-21T09:46:32.622-0500][gc,heap        ] GC(16673) Survivor regions: 1->1(2)
[2020-12-21T09:46:32.622-0500][gc,heap        ] GC(16673) Old regions: 42->42
[2020-12-21T09:46:32.622-0500][gc,heap        ] GC(16673) Humongous regions: 4->4
[2020-12-21T09:46:32.622-0500][gc,metaspace   ] GC(16673) Metaspace: 49949K->49949K(1093632K)
[2020-12-21T09:46:32.622-0500][gc,heap        ] GC(16673) Heap after GC invocations=16674 (full 3374): garbage-first heap   total 64512K, used 43248K [0x0000000083000000, 0x0000000100000000)
[2020-12-21T09:46:32.622-0500][gc,heap        ] GC(16673)   region size 1024K, 1 young (1024K), 1 survivors (1024K)
[2020-12-21T09:46:32.622-0500][gc,heap        ] GC(16673)  Metaspace       used 49949K, capacity 52104K, committed 53632K, reserved 1093632K
[2020-12-21T09:46:32.622-0500][gc,heap        ] GC(16673)   class space    used 7422K, capacity 8193K, committed 8832K, reserved 1048576K
[2020-12-21T09:46:32.622-0500][gc             ] GC(16673) Pause Young (Normal) (G1 Evacuation Pause) 50M->42M(63M) 1.723ms
[2020-12-21T09:46:32.622-0500][gc,cpu         ] GC(16673) User=0.00s Sys=0.00s Real=0.00s
[2020-12-21T09:46:45.191-0500][gc,task        ] GC(16674) Using 5 workers of 8 for full compaction
[2020-12-21T09:46:45.191-0500][gc,start       ] GC(16674) Pause Full (System.gc())
[2020-12-21T09:46:45.191-0500][gc,heap        ] GC(16674) Heap before GC invocations=16674 (full 3374): garbage-first heap   total 64512K, used 44272K [0x0000000083000000, 0x0000000100000000)
[2020-12-21T09:46:45.191-0500][gc,heap        ] GC(16674)   region size 1024K, 3 young (3072K), 1 survivors (1024K)
[2020-12-21T09:46:45.191-0500][gc,heap        ] GC(16674)  Metaspace       used 49949K, capacity 52104K, committed 53632K, reserved 1093632K
[2020-12-21T09:46:45.191-0500][gc,heap        ] GC(16674)   class space    used 7422K, capacity 8193K, committed 8832K, reserved 1048576K
[2020-12-21T09:46:45.192-0500][gc,phases,start] GC(16674) Phase 1: Mark live objects
[2020-12-21T09:46:45.239-0500][gc,stringtable ] GC(16674) Cleaned string and symbol table, strings: 33106 processed, 4 removed, symbols: 120816 processed, 0 removed
[2020-12-21T09:46:45.239-0500][gc,phases      ] GC(16674) Phase 1: Mark live objects 46.945ms
[2020-12-21T09:46:45.239-0500][gc,phases,start] GC(16674) Phase 2: Prepare for compaction
[2020-12-21T09:46:45.242-0500][gc,phases      ] GC(16674) Phase 2: Prepare for compaction 3.256ms
[2020-12-21T09:46:45.242-0500][gc,phases,start] GC(16674) Phase 3: Adjust pointers
[2020-12-21T09:46:45.253-0500][gc,phases      ] GC(16674) Phase 3: Adjust pointers 10.735ms
[2020-12-21T09:46:45.253-0500][gc,phases,start] GC(16674) Phase 4: Compact heap
[2020-12-21T09:46:45.256-0500][gc,phases      ] GC(16674) Phase 4: Compact heap 2.627ms
[2020-12-21T09:46:45.262-0500][gc,heap        ] GC(16674) Eden regions: 2->0(10)
[2020-12-21T09:46:45.262-0500][gc,heap        ] GC(16674) Survivor regions: 1->0(2)
[2020-12-21T09:46:45.262-0500][gc,heap        ] GC(16674) Old regions: 42->41
[2020-12-21T09:46:45.262-0500][gc,heap        ] GC(16674) Humongous regions: 4->4
[2020-12-21T09:46:45.262-0500][gc,metaspace   ] GC(16674) Metaspace: 49949K->49949K(1093632K)
[2020-12-21T09:46:45.262-0500][gc,heap        ] GC(16674) Heap after GC invocations=16675 (full 3375): garbage-first heap   total 64512K, used 43198K [0x0000000083000000, 0x0000000100000000)
[2020-12-21T09:46:45.262-0500][gc,heap        ] GC(16674)   region size 1024K, 0 young (0K), 0 survivors (0K)
[2020-12-21T09:46:45.262-0500][gc,heap        ] GC(16674)  Metaspace       used 49949K, capacity 52104K, committed 53632K, reserved 1093632K
[2020-12-21T09:46:45.262-0500][gc,heap        ] GC(16674)   class space    used 7422K, capacity 8193K, committed 8832K, reserved 1048576K
[2020-12-21T09:46:45.262-0500][gc             ] GC(16674) Pause Full (System.gc()) 43M->42M(63M) 70.513ms
[2020-12-21T09:46:45.262-0500][gc,cpu         ] GC(16674) User=0.29s Sys=0.00s Real=0.07s
[2020-12-21T09:48:37.743-0500][gc,heap        ] GC(16675) Heap before GC invocations=16675 (full 3375): garbage-first heap   total 64512K, used 52414K [0x0000000083000000, 0x0000000100000000)
[2020-12-21T09:48:37.743-0500][gc,heap        ] GC(16675)   region size 1024K, 10 young (10240K), 0 survivors (0K)
[2020-12-21T09:48:37.743-0500][gc,heap        ] GC(16675)  Metaspace       used 49949K, capacity 52104K, committed 53632K, reserved 1093632K
[2020-12-21T09:48:37.743-0500][gc,heap        ] GC(16675)   class space    used 7422K, capacity 8193K, committed 8832K, reserved 1048576K
[2020-12-21T09:48:37.743-0500][gc,start       ] GC(16675) Pause Young (Normal) (G1 Evacuation Pause)
[2020-12-21T09:48:37.743-0500][gc,task        ] GC(16675) Using 8 workers of 8 for evacuation
[2020-12-21T09:48:37.745-0500][gc,phases      ] GC(16675)   Pre Evacuate Collection Set: 0.0ms
[2020-12-21T09:48:37.745-0500][gc,phases      ] GC(16675)   Evacuate Collection Set: 0.7ms
[2020-12-21T09:48:37.745-0500][gc,phases      ] GC(16675)   Post Evacuate Collection Set: 0.9ms
[2020-12-21T09:48:37.745-0500][gc,phases      ] GC(16675)   Other: 0.2ms
[2020-12-21T09:48:37.745-0500][gc,heap        ] GC(16675) Eden regions: 10->0(9)
[2020-12-21T09:48:37.745-0500][gc,heap        ] GC(16675) Survivor regions: 0->1(2)
[2020-12-21T09:48:37.745-0500][gc,heap        ] GC(16675) Old regions: 41->41
[2020-12-21T09:48:37.745-0500][gc,heap        ] GC(16675) Humongous regions: 4->4
[2020-12-21T09:48:37.745-0500][gc,metaspace   ] GC(16675) Metaspace: 49949K->49949K(1093632K)
[2020-12-21T09:48:37.745-0500][gc,heap        ] GC(16675) Heap after GC invocations=16676 (full 3375): garbage-first heap   total 64512K, used 43260K [0x0000000083000000, 0x0000000100000000)
[2020-12-21T09:48:37.745-0500][gc,heap        ] GC(16675)   region size 1024K, 1 young (1024K), 1 survivors (1024K)
[2020-12-21T09:48:37.745-0500][gc,heap        ] GC(16675)  Metaspace       used 49949K, capacity 52104K, committed 53632K, reserved 1093632K
[2020-12-21T09:48:37.745-0500][gc,heap        ] GC(16675)   class space    used 7422K, capacity 8193K, committed 8832K, reserved 1048576K
[2020-12-21T09:48:37.745-0500][gc             ] GC(16675) Pause Young (Normal) (G1 Evacuation Pause) 52M->42M(63M) 1.832ms
[2020-12-21T09:48:37.745-0500][gc,cpu         ] GC(16675) User=0.01s Sys=0.00s Real=0.00s
[2020-12-21T09:50:16.017-0500][gc,heap        ] GC(16676) Heap before GC invocations=16676 (full 3375): garbage-first heap   total 64512K, used 51452K [0x0000000083000000, 0x0000000100000000)
[2020-12-21T09:50:16.017-0500][gc,heap        ] GC(16676)   region size 1024K, 10 young (10240K), 1 survivors (1024K)
[2020-12-21T09:50:16.017-0500][gc,heap        ] GC(16676)  Metaspace       used 49949K, capacity 52104K, committed 53632K, reserved 1093632K
[2020-12-21T09:50:16.017-0500][gc,heap        ] GC(16676)   class space    used 7422K, capacity 8193K, committed 8832K, reserved 1048576K
[2020-12-21T09:50:16.017-0500][gc,start       ] GC(16676) Pause Young (Normal) (G1 Evacuation Pause)
[2020-12-21T09:50:16.017-0500][gc,task        ] GC(16676) Using 8 workers of 8 for evacuation
[2020-12-21T09:50:16.019-0500][gc,phases      ] GC(16676)   Pre Evacuate Collection Set: 0.0ms
[2020-12-21T09:50:16.019-0500][gc,phases      ] GC(16676)   Evacuate Collection Set: 0.9ms
[2020-12-21T09:50:16.019-0500][gc,phases      ] GC(16676)   Post Evacuate Collection Set: 1.2ms
[2020-12-21T09:50:16.019-0500][gc,phases      ] GC(16676)   Other: 0.3ms
[2020-12-21T09:50:16.019-0500][gc,heap        ] GC(16676) Eden regions: 9->0(9)
[2020-12-21T09:50:16.019-0500][gc,heap        ] GC(16676) Survivor regions: 1->1(2)
[2020-12-21T09:50:16.019-0500][gc,heap        ] GC(16676) Old regions: 41->41
[2020-12-21T09:50:16.019-0500][gc,heap        ] GC(16676) Humongous regions: 4->4
[2020-12-21T09:50:16.019-0500][gc,metaspace   ] GC(16676) Metaspace: 49949K->49949K(1093632K)
[2020-12-21T09:50:16.020-0500][gc,heap        ] GC(16676) Heap after GC invocations=16677 (full 3375): garbage-first heap   total 64512K, used 43273K [0x0000000083000000, 0x0000000100000000)
[2020-12-21T09:50:16.020-0500][gc,heap        ] GC(16676)   region size 1024K, 1 young (1024K), 1 survivors (1024K)
[2020-12-21T09:50:16.020-0500][gc,heap        ] GC(16676)  Metaspace       used 49949K, capacity 52104K, committed 53632K, reserved 1093632K
[2020-12-21T09:50:16.020-0500][gc,heap        ] GC(16676)   class space    used 7422K, capacity 8193K, committed 8832K, reserved 1048576K
[2020-12-21T09:50:16.020-0500][gc             ] GC(16676) Pause Young (Normal) (G1 Evacuation Pause) 51M->42M(63M) 2.727ms
[2020-12-21T09:50:16.020-0500][gc,cpu         ] GC(16676) User=0.01s Sys=0.01s Real=0.01s
[2020-12-21T09:51:45.189-0500][gc,task        ] GC(16677) Using 5 workers of 8 for full compaction
[2020-12-21T09:51:45.190-0500][gc,start       ] GC(16677) Pause Full (System.gc())
[2020-12-21T09:51:45.190-0500][gc,heap        ] GC(16677) Heap before GC invocations=16677 (full 3375): garbage-first heap   total 64512K, used 50441K [0x0000000083000000, 0x0000000100000000)
[2020-12-21T09:51:45.190-0500][gc,heap        ] GC(16677)   region size 1024K, 9 young (9216K), 1 survivors (1024K)
[2020-12-21T09:51:45.190-0500][gc,heap        ] GC(16677)  Metaspace       used 49949K, capacity 52104K, committed 53632K, reserved 1093632K
[2020-12-21T09:51:45.190-0500][gc,heap        ] GC(16677)   class space    used 7422K, capacity 8193K, committed 8832K, reserved 1048576K
[2020-12-21T09:51:45.190-0500][gc,phases,start] GC(16677) Phase 1: Mark live objects
[2020-12-21T09:51:45.240-0500][gc,stringtable ] GC(16677) Cleaned string and symbol table, strings: 33106 processed, 4 removed, symbols: 120816 processed, 0 removed
[2020-12-21T09:51:45.240-0500][gc,phases      ] GC(16677) Phase 1: Mark live objects 49.627ms
[2020-12-21T09:51:45.240-0500][gc,phases,start] GC(16677) Phase 2: Prepare for compaction
[2020-12-21T09:51:45.244-0500][gc,phases      ] GC(16677) Phase 2: Prepare for compaction 3.840ms
[2020-12-21T09:51:45.244-0500][gc,phases,start] GC(16677) Phase 3: Adjust pointers
[2020-12-21T09:51:45.255-0500][gc,phases      ] GC(16677) Phase 3: Adjust pointers 11.662ms
[2020-12-21T09:51:45.255-0500][gc,phases,start] GC(16677) Phase 4: Compact heap
[2020-12-21T09:51:45.258-0500][gc,phases      ] GC(16677) Phase 4: Compact heap 3.064ms
[2020-12-21T09:51:45.264-0500][gc,heap        ] GC(16677) Eden regions: 8->0(9)
[2020-12-21T09:51:45.265-0500][gc,heap        ] GC(16677) Survivor regions: 1->0(2)
[2020-12-21T09:51:45.265-0500][gc,heap        ] GC(16677) Old regions: 41->42
[2020-12-21T09:51:45.265-0500][gc,heap        ] GC(16677) Humongous regions: 4->4
[2020-12-21T09:51:45.265-0500][gc,metaspace   ] GC(16677) Metaspace: 49949K->49949K(1093632K)
[2020-12-21T09:51:45.265-0500][gc,heap        ] GC(16677) Heap after GC invocations=16678 (full 3376): garbage-first heap   total 64512K, used 43221K [0x0000000083000000, 0x0000000100000000)
[2020-12-21T09:51:45.265-0500][gc,heap        ] GC(16677)   region size 1024K, 0 young (0K), 0 survivors (0K)
[2020-12-21T09:51:45.265-0500][gc,heap        ] GC(16677)  Metaspace       used 49949K, capacity 52104K, committed 53632K, reserved 1093632K
[2020-12-21T09:51:45.265-0500][gc,heap        ] GC(16677)   class space    used 7422K, capacity 8193K, committed 8832K, reserved 1048576K
[2020-12-21T09:51:45.265-0500][gc             ] GC(16677) Pause Full (System.gc()) 49M->42M(63M) 75.072ms
[2020-12-21T09:51:45.265-0500][gc,cpu         ] GC(16677) User=0.32s Sys=0.00s Real=0.07s
[2020-12-21T09:53:29.547-0500][gc,heap        ] GC(16678) Heap before GC invocations=16678 (full 3376): garbage-first heap   total 64512K, used 51413K [0x0000000083000000, 0x0000000100000000)
[2020-12-21T09:53:29.547-0500][gc,heap        ] GC(16678)   region size 1024K, 9 young (9216K), 0 survivors (0K)
[2020-12-21T09:53:29.547-0500][gc,heap        ] GC(16678)  Metaspace       used 49949K, capacity 52104K, committed 53632K, reserved 1093632K
[2020-12-21T09:53:29.547-0500][gc,heap        ] GC(16678)   class space    used 7422K, capacity 8193K, committed 8832K, reserved 1048576K
[2020-12-21T09:53:29.547-0500][gc,start       ] GC(16678) Pause Young (Normal) (G1 Evacuation Pause)
[2020-12-21T09:53:29.547-0500][gc,task        ] GC(16678) Using 8 workers of 8 for evacuation
[2020-12-21T09:53:29.549-0500][gc,phases      ] GC(16678)   Pre Evacuate Collection Set: 0.0ms
[2020-12-21T09:53:29.549-0500][gc,phases      ] GC(16678)   Evacuate Collection Set: 1.3ms
[2020-12-21T09:53:29.549-0500][gc,phases      ] GC(16678)   Post Evacuate Collection Set: 0.8ms
[2020-12-21T09:53:29.549-0500][gc,phases      ] GC(16678)   Other: 0.2ms
[2020-12-21T09:53:29.549-0500][gc,heap        ] GC(16678) Eden regions: 9->0(8)
[2020-12-21T09:53:29.549-0500][gc,heap        ] GC(16678) Survivor regions: 0->1(2)
[2020-12-21T09:53:29.549-0500][gc,heap        ] GC(16678) Old regions: 42->42
[2020-12-21T09:53:29.549-0500][gc,heap        ] GC(16678) Humongous regions: 4->4
[2020-12-21T09:53:29.549-0500][gc,metaspace   ] GC(16678) Metaspace: 49949K->49949K(1093632K)
[2020-12-21T09:53:29.549-0500][gc,heap        ] GC(16678) Heap after GC invocations=16679 (full 3376): garbage-first heap   total 64512K, used 43266K [0x0000000083000000, 0x0000000100000000)
[2020-12-21T09:53:29.549-0500][gc,heap        ] GC(16678)   region size 1024K, 1 young (1024K), 1 survivors (1024K)
[2020-12-21T09:53:29.549-0500][gc,heap        ] GC(16678)  Metaspace       used 49949K, capacity 52104K, committed 53632K, reserved 1093632K
[2020-12-21T09:53:29.549-0500][gc,heap        ] GC(16678)   class space    used 7422K, capacity 8193K, committed 8832K, reserved 1048576K
[2020-12-21T09:53:29.549-0500][gc             ] GC(16678) Pause Young (Normal) (G1 Evacuation Pause) 51M->42M(63M) 2.298ms
[2020-12-21T09:53:29.549-0500][gc,cpu         ] GC(16678) User=0.00s Sys=0.00s Real=0.01s
[2020-12-21T09:55:00.011-0500][gc,heap        ] GC(16679) Heap before GC invocations=16679 (full 3376): garbage-first heap   total 64512K, used 50434K [0x0000000083000000, 0x0000000100000000)
[2020-12-21T09:55:00.011-0500][gc,heap        ] GC(16679)   region size 1024K, 9 young (9216K), 1 survivors (1024K)
[2020-12-21T09:55:00.011-0500][gc,heap        ] GC(16679)  Metaspace       used 49949K, capacity 52104K, committed 53632K, reserved 1093632K
[2020-12-21T09:55:00.011-0500][gc,heap        ] GC(16679)   class space    used 7422K, capacity 8193K, committed 8832K, reserved 1048576K
[2020-12-21T09:55:00.011-0500][gc,start       ] GC(16679) Pause Young (Normal) (G1 Evacuation Pause)
[2020-12-21T09:55:00.011-0500][gc,task        ] GC(16679) Using 8 workers of 8 for evacuation
[2020-12-21T09:55:00.013-0500][gc,phases      ] GC(16679)   Pre Evacuate Collection Set: 0.0ms
[2020-12-21T09:55:00.013-0500][gc,phases      ] GC(16679)   Evacuate Collection Set: 0.7ms
[2020-12-21T09:55:00.013-0500][gc,phases      ] GC(16679)   Post Evacuate Collection Set: 1.3ms
[2020-12-21T09:55:00.013-0500][gc,phases      ] GC(16679)   Other: 0.3ms
[2020-12-21T09:55:00.013-0500][gc,heap        ] GC(16679) Eden regions: 8->0(8)
[2020-12-21T09:55:00.013-0500][gc,heap        ] GC(16679) Survivor regions: 1->1(2)
[2020-12-21T09:55:00.013-0500][gc,heap        ] GC(16679) Old regions: 42->42
[2020-12-21T09:55:00.013-0500][gc,heap        ] GC(16679) Humongous regions: 4->4
[2020-12-21T09:55:00.013-0500][gc,metaspace   ] GC(16679) Metaspace: 49949K->49949K(1093632K)
[2020-12-21T09:55:00.013-0500][gc,heap        ] GC(16679) Heap after GC invocations=16680 (full 3376): garbage-first heap   total 64512K, used 43261K [0x0000000083000000, 0x0000000100000000)
[2020-12-21T09:55:00.013-0500][gc,heap        ] GC(16679)   region size 1024K, 1 young (1024K), 1 survivors (1024K)
[2020-12-21T09:55:00.013-0500][gc,heap        ] GC(16679)  Metaspace       used 49949K, capacity 52104K, committed 53632K, reserved 1093632K
[2020-12-21T09:55:00.013-0500][gc,heap        ] GC(16679)   class space    used 7422K, capacity 8193K, committed 8832K, reserved 1048576K
[2020-12-21T09:55:00.013-0500][gc             ] GC(16679) Pause Young (Normal) (G1 Evacuation Pause) 50M->42M(63M) 2.355ms
[2020-12-21T09:55:00.013-0500][gc,cpu         ] GC(16679) User=0.00s Sys=0.01s Real=0.00s
[2020-12-21T09:56:33.182-0500][gc,heap        ] GC(16680) Heap before GC invocations=16680 (full 3376): garbage-first heap   total 64512K, used 50429K [0x0000000083000000, 0x0000000100000000)
[2020-12-21T09:56:33.182-0500][gc,heap        ] GC(16680)   region size 1024K, 9 young (9216K), 1 survivors (1024K)
[2020-12-21T09:56:33.182-0500][gc,heap        ] GC(16680)  Metaspace       used 49949K, capacity 52104K, committed 53632K, reserved 1093632K
[2020-12-21T09:56:33.182-0500][gc,heap        ] GC(16680)   class space    used 7422K, capacity 8193K, committed 8832K, reserved 1048576K
[2020-12-21T09:56:33.182-0500][gc,start       ] GC(16680) Pause Young (Normal) (G1 Evacuation Pause)
[2020-12-21T09:56:33.183-0500][gc,task        ] GC(16680) Using 8 workers of 8 for evacuation
[2020-12-21T09:56:33.185-0500][gc,phases      ] GC(16680)   Pre Evacuate Collection Set: 0.0ms
[2020-12-21T09:56:33.185-0500][gc,phases      ] GC(16680)   Evacuate Collection Set: 1.1ms
[2020-12-21T09:56:33.185-0500][gc,phases      ] GC(16680)   Post Evacuate Collection Set: 1.5ms
[2020-12-21T09:56:33.185-0500][gc,phases      ] GC(16680)   Other: 0.3ms
[2020-12-21T09:56:33.185-0500][gc,heap        ] GC(16680) Eden regions: 8->0(8)
[2020-12-21T09:56:33.185-0500][gc,heap        ] GC(16680) Survivor regions: 1->1(2)
[2020-12-21T09:56:33.185-0500][gc,heap        ] GC(16680) Old regions: 42->42
[2020-12-21T09:56:33.185-0500][gc,heap        ] GC(16680) Humongous regions: 4->4
[2020-12-21T09:56:33.185-0500][gc,metaspace   ] GC(16680) Metaspace: 49949K->49949K(1093632K)
[2020-12-21T09:56:33.185-0500][gc,heap        ] GC(16680) Heap after GC invocations=16681 (full 3376): garbage-first heap   total 64512K, used 43266K [0x0000000083000000, 0x0000000100000000)
[2020-12-21T09:56:33.185-0500][gc,heap        ] GC(16680)   region size 1024K, 1 young (1024K), 1 survivors (1024K)
[2020-12-21T09:56:33.185-0500][gc,heap        ] GC(16680)  Metaspace       used 49949K, capacity 52104K, committed 53632K, reserved 1093632K
[2020-12-21T09:56:33.185-0500][gc,heap        ] GC(16680)   class space    used 7422K, capacity 8193K, committed 8832K, reserved 1048576K
[2020-12-21T09:56:33.185-0500][gc             ] GC(16680) Pause Young (Normal) (G1 Evacuation Pause) 50M->42M(63M) 2.942ms
[2020-12-21T09:56:33.186-0500][gc,cpu         ] GC(16680) User=0.01s Sys=0.00s Real=0.00s
[2020-12-21T09:56:45.189-0500][gc,task        ] GC(16681) Using 5 workers of 8 for full compaction
[2020-12-21T09:56:45.189-0500][gc,start       ] GC(16681) Pause Full (System.gc())
[2020-12-21T09:56:45.189-0500][gc,heap        ] GC(16681) Heap before GC invocations=16681 (full 3376): garbage-first heap   total 64512K, used 44290K [0x0000000083000000, 0x0000000100000000)
[2020-12-21T09:56:45.189-0500][gc,heap        ] GC(16681)   region size 1024K, 3 young (3072K), 1 survivors (1024K)
[2020-12-21T09:56:45.189-0500][gc,heap        ] GC(16681)  Metaspace       used 49949K, capacity 52104K, committed 53632K, reserved 1093632K
[2020-12-21T09:56:45.189-0500][gc,heap        ] GC(16681)   class space    used 7422K, capacity 8193K, committed 8832K, reserved 1048576K
[2020-12-21T09:56:45.190-0500][gc,phases,start] GC(16681) Phase 1: Mark live objects
[2020-12-21T09:56:45.229-0500][gc,stringtable ] GC(16681) Cleaned string and symbol table, strings: 33106 processed, 4 removed, symbols: 120816 processed, 0 removed
[2020-12-21T09:56:45.229-0500][gc,phases      ] GC(16681) Phase 1: Mark live objects 39.494ms
[2020-12-21T09:56:45.229-0500][gc,phases,start] GC(16681) Phase 2: Prepare for compaction
[2020-12-21T09:56:45.234-0500][gc,phases      ] GC(16681) Phase 2: Prepare for compaction 5.187ms
[2020-12-21T09:56:45.234-0500][gc,phases,start] GC(16681) Phase 3: Adjust pointers
[2020-12-21T09:56:45.246-0500][gc,phases      ] GC(16681) Phase 3: Adjust pointers 11.862ms
[2020-12-21T09:56:45.246-0500][gc,phases,start] GC(16681) Phase 4: Compact heap
[2020-12-21T09:56:45.249-0500][gc,phases      ] GC(16681) Phase 4: Compact heap 2.437ms
[2020-12-21T09:56:45.255-0500][gc,heap        ] GC(16681) Eden regions: 2->0(11)
[2020-12-21T09:56:45.255-0500][gc,heap        ] GC(16681) Survivor regions: 1->0(2)
[2020-12-21T09:56:45.255-0500][gc,heap        ] GC(16681) Old regions: 42->40
[2020-12-21T09:56:45.255-0500][gc,heap        ] GC(16681) Humongous regions: 4->4
[2020-12-21T09:56:45.255-0500][gc,metaspace   ] GC(16681) Metaspace: 49949K->49949K(1093632K)
[2020-12-21T09:56:45.255-0500][gc,heap        ] GC(16681) Heap after GC invocations=16682 (full 3377): garbage-first heap   total 64512K, used 43197K [0x0000000083000000, 0x0000000100000000)
[2020-12-21T09:56:45.255-0500][gc,heap        ] GC(16681)   region size 1024K, 0 young (0K), 0 survivors (0K)
[2020-12-21T09:56:45.255-0500][gc,heap        ] GC(16681)  Metaspace       used 49949K, capacity 52104K, committed 53632K, reserved 1093632K
[2020-12-21T09:56:45.255-0500][gc,heap        ] GC(16681)   class space    used 7422K, capacity 8193K, committed 8832K, reserved 1048576K
[2020-12-21T09:56:45.255-0500][gc             ] GC(16681) Pause Full (System.gc()) 43M->42M(63M) 65.909ms
[2020-12-21T09:56:45.255-0500][gc,cpu         ] GC(16681) User=0.29s Sys=0.00s Real=0.06s
[2020-12-21T09:58:56.015-0500][gc,heap        ] GC(16682) Heap before GC invocations=16682 (full 3377): garbage-first heap   total 64512K, used 53437K [0x0000000083000000, 0x0000000100000000)
[2020-12-21T09:58:56.015-0500][gc,heap        ] GC(16682)   region size 1024K, 11 young (11264K), 0 survivors (0K)
[2020-12-21T09:58:56.015-0500][gc,heap        ] GC(16682)  Metaspace       used 49949K, capacity 52104K, committed 53632K, reserved 1093632K
[2020-12-21T09:58:56.015-0500][gc,heap        ] GC(16682)   class space    used 7422K, capacity 8193K, committed 8832K, reserved 1048576K
[2020-12-21T09:58:56.015-0500][gc,start       ] GC(16682) Pause Young (Normal) (G1 Evacuation Pause)
[2020-12-21T09:58:56.015-0500][gc,task        ] GC(16682) Using 8 workers of 8 for evacuation
[2020-12-21T09:58:56.020-0500][gc,phases      ] GC(16682)   Pre Evacuate Collection Set: 0.0ms
[2020-12-21T09:58:56.020-0500][gc,phases      ] GC(16682)   Evacuate Collection Set: 1.4ms
[2020-12-21T09:58:56.020-0500][gc,phases      ] GC(16682)   Post Evacuate Collection Set: 2.6ms
[2020-12-21T09:58:56.020-0500][gc,phases      ] GC(16682)   Other: 0.5ms
[2020-12-21T09:58:56.020-0500][gc,heap        ] GC(16682) Eden regions: 11->0(10)
[2020-12-21T09:58:56.020-0500][gc,heap        ] GC(16682) Survivor regions: 0->1(2)
[2020-12-21T09:58:56.020-0500][gc,heap        ] GC(16682) Old regions: 40->40
[2020-12-21T09:58:56.020-0500][gc,heap        ] GC(16682) Humongous regions: 4->4
[2020-12-21T09:58:56.020-0500][gc,metaspace   ] GC(16682) Metaspace: 49949K->49949K(1093632K)
[2020-12-21T09:58:56.020-0500][gc,heap        ] GC(16682) Heap after GC invocations=16683 (full 3377): garbage-first heap   total 64512K, used 43255K [0x0000000083000000, 0x0000000100000000)
[2020-12-21T09:58:56.020-0500][gc,heap        ] GC(16682)   region size 1024K, 1 young (1024K), 1 survivors (1024K)
[2020-12-21T09:58:56.020-0500][gc,heap        ] GC(16682)  Metaspace       used 49949K, capacity 52104K, committed 53632K, reserved 1093632K
[2020-12-21T09:58:56.020-0500][gc,heap        ] GC(16682)   class space    used 7422K, capacity 8193K, committed 8832K, reserved 1048576K
[2020-12-21T09:58:56.020-0500][gc             ] GC(16682) Pause Young (Normal) (G1 Evacuation Pause) 53M->42M(63M) 4.586ms
[2020-12-21T09:58:56.020-0500][gc,cpu         ] GC(16682) User=0.00s Sys=0.01s Real=0.01s
[2020-12-21T10:00:46.017-0500][gc,heap        ] GC(16683) Heap before GC invocations=16683 (full 3377): garbage-first heap   total 64512K, used 52471K [0x0000000083000000, 0x0000000100000000)
[2020-12-21T10:00:46.017-0500][gc,heap        ] GC(16683)   region size 1024K, 11 young (11264K), 1 survivors (1024K)
[2020-12-21T10:00:46.017-0500][gc,heap        ] GC(16683)  Metaspace       used 49949K, capacity 52104K, committed 53632K, reserved 1093632K
[2020-12-21T10:00:46.017-0500][gc,heap        ] GC(16683)   class space    used 7422K, capacity 8193K, committed 8832K, reserved 1048576K
[2020-12-21T10:00:46.018-0500][gc,start       ] GC(16683) Pause Young (Normal) (G1 Evacuation Pause)
[2020-12-21T10:00:46.018-0500][gc,task        ] GC(16683) Using 8 workers of 8 for evacuation
[2020-12-21T10:00:46.022-0500][gc,phases      ] GC(16683)   Pre Evacuate Collection Set: 0.0ms
[2020-12-21T10:00:46.022-0500][gc,phases      ] GC(16683)   Evacuate Collection Set: 2.2ms
[2020-12-21T10:00:46.022-0500][gc,phases      ] GC(16683)   Post Evacuate Collection Set: 2.3ms
[2020-12-21T10:00:46.022-0500][gc,phases      ] GC(16683)   Other: 0.6ms
[2020-12-21T10:00:46.022-0500][gc,heap        ] GC(16683) Eden regions: 10->0(10)
[2020-12-21T10:00:46.022-0500][gc,heap        ] GC(16683) Survivor regions: 1->1(2)
[2020-12-21T10:00:46.022-0500][gc,heap        ] GC(16683) Old regions: 40->40
[2020-12-21T10:00:46.022-0500][gc,heap        ] GC(16683) Humongous regions: 4->4
[2020-12-21T10:00:46.023-0500][gc,metaspace   ] GC(16683) Metaspace: 49949K->49949K(1093632K)
[2020-12-21T10:00:46.023-0500][gc,heap        ] GC(16683) Heap after GC invocations=16684 (full 3377): garbage-first heap   total 64512K, used 43271K [0x0000000083000000, 0x0000000100000000)
[2020-12-21T10:00:46.023-0500][gc,heap        ] GC(16683)   region size 1024K, 1 young (1024K), 1 survivors (1024K)
[2020-12-21T10:00:46.023-0500][gc,heap        ] GC(16683)  Metaspace       used 49949K, capacity 52104K, committed 53632K, reserved 1093632K
[2020-12-21T10:00:46.023-0500][gc,heap        ] GC(16683)   class space    used 7422K, capacity 8193K, committed 8832K, reserved 1048576K
[2020-12-21T10:00:46.023-0500][gc             ] GC(16683) Pause Young (Normal) (G1 Evacuation Pause) 52M->42M(63M) 5.069ms
[2020-12-21T10:00:46.023-0500][gc,cpu         ] GC(16683) User=0.02s Sys=0.01s Real=0.01s
[2020-12-21T10:01:45.192-0500][gc,task        ] GC(16684) Using 5 workers of 8 for full compaction
[2020-12-21T10:01:45.192-0500][gc,start       ] GC(16684) Pause Full (System.gc())
[2020-12-21T10:01:45.192-0500][gc,heap        ] GC(16684) Heap before GC invocations=16684 (full 3377): garbage-first heap   total 64512K, used 47367K [0x0000000083000000, 0x0000000100000000)
[2020-12-21T10:01:45.192-0500][gc,heap        ] GC(16684)   region size 1024K, 7 young (7168K), 1 survivors (1024K)
[2020-12-21T10:01:45.192-0500][gc,heap        ] GC(16684)  Metaspace       used 49949K, capacity 52104K, committed 53632K, reserved 1093632K
[2020-12-21T10:01:45.192-0500][gc,heap        ] GC(16684)   class space    used 7422K, capacity 8193K, committed 8832K, reserved 1048576K
[2020-12-21T10:01:45.192-0500][gc,phases,start] GC(16684) Phase 1: Mark live objects
[2020-12-21T10:01:45.213-0500][gc,stringtable ] GC(16684) Cleaned string and symbol table, strings: 33106 processed, 4 removed, symbols: 120816 processed, 0 removed
[2020-12-21T10:01:45.213-0500][gc,phases      ] GC(16684) Phase 1: Mark live objects 20.679ms
[2020-12-21T10:01:45.213-0500][gc,phases,start] GC(16684) Phase 2: Prepare for compaction
[2020-12-21T10:01:45.216-0500][gc,phases      ] GC(16684) Phase 2: Prepare for compaction 3.171ms
[2020-12-21T10:01:45.216-0500][gc,phases,start] GC(16684) Phase 3: Adjust pointers
[2020-12-21T10:01:45.228-0500][gc,phases      ] GC(16684) Phase 3: Adjust pointers 11.631ms
[2020-12-21T10:01:45.228-0500][gc,phases,start] GC(16684) Phase 4: Compact heap
[2020-12-21T10:01:45.231-0500][gc,phases      ] GC(16684) Phase 4: Compact heap 2.772ms
[2020-12-21T10:01:45.237-0500][gc,heap        ] GC(16684) Eden regions: 6->0(9)
[2020-12-21T10:01:45.237-0500][gc,heap        ] GC(16684) Survivor regions: 1->0(2)
[2020-12-21T10:01:45.237-0500][gc,heap        ] GC(16684) Old regions: 40->42
[2020-12-21T10:01:45.237-0500][gc,heap        ] GC(16684) Humongous regions: 4->4
[2020-12-21T10:01:45.237-0500][gc,metaspace   ] GC(16684) Metaspace: 49949K->49949K(1093632K)
[2020-12-21T10:01:45.237-0500][gc,heap        ] GC(16684) Heap after GC invocations=16685 (full 3378): garbage-first heap   total 64512K, used 43212K [0x0000000083000000, 0x0000000100000000)
[2020-12-21T10:01:45.237-0500][gc,heap        ] GC(16684)   region size 1024K, 0 young (0K), 0 survivors (0K)
[2020-12-21T10:01:45.237-0500][gc,heap        ] GC(16684)  Metaspace       used 49949K, capacity 52104K, committed 53632K, reserved 1093632K
[2020-12-21T10:01:45.237-0500][gc,heap        ] GC(16684)   class space    used 7422K, capacity 8193K, committed 8832K, reserved 1048576K
[2020-12-21T10:01:45.237-0500][gc             ] GC(16684) Pause Full (System.gc()) 47M->42M(63M) 45.084ms
[2020-12-21T10:01:45.237-0500][gc,cpu         ] GC(16684) User=0.18s Sys=0.00s Real=0.04s
[2020-12-21T10:03:26.018-0500][gc,heap        ] GC(16685) Heap before GC invocations=16685 (full 3378): garbage-first heap   total 64512K, used 51404K [0x0000000083000000, 0x0000000100000000)
[2020-12-21T10:03:26.018-0500][gc,heap        ] GC(16685)   region size 1024K, 9 young (9216K), 0 survivors (0K)
[2020-12-21T10:03:26.018-0500][gc,heap        ] GC(16685)  Metaspace       used 49949K, capacity 52104K, committed 53632K, reserved 1093632K
[2020-12-21T10:03:26.019-0500][gc,heap        ] GC(16685)   class space    used 7422K, capacity 8193K, committed 8832K, reserved 1048576K
[2020-12-21T10:03:26.019-0500][gc,start       ] GC(16685) Pause Young (Normal) (G1 Evacuation Pause)
[2020-12-21T10:03:26.019-0500][gc,task        ] GC(16685) Using 8 workers of 8 for evacuation
[2020-12-21T10:03:26.023-0500][gc,phases      ] GC(16685)   Pre Evacuate Collection Set: 0.0ms
[2020-12-21T10:03:26.023-0500][gc,phases      ] GC(16685)   Evacuate Collection Set: 1.9ms
[2020-12-21T10:03:26.023-0500][gc,phases      ] GC(16685)   Post Evacuate Collection Set: 2.5ms
[2020-12-21T10:03:26.023-0500][gc,phases      ] GC(16685)   Other: 0.5ms
[2020-12-21T10:03:26.023-0500][gc,heap        ] GC(16685) Eden regions: 9->0(8)
[2020-12-21T10:03:26.023-0500][gc,heap        ] GC(16685) Survivor regions: 0->1(2)
[2020-12-21T10:03:26.023-0500][gc,heap        ] GC(16685) Old regions: 42->42
[2020-12-21T10:03:26.023-0500][gc,heap        ] GC(16685) Humongous regions: 4->4
[2020-12-21T10:03:26.024-0500][gc,metaspace   ] GC(16685) Metaspace: 49949K->49949K(1093632K)
[2020-12-21T10:03:26.024-0500][gc,heap        ] GC(16685) Heap after GC invocations=16686 (full 3378): garbage-first heap   total 64512K, used 43284K [0x0000000083000000, 0x0000000100000000)
[2020-12-21T10:03:26.024-0500][gc,heap        ] GC(16685)   region size 1024K, 1 young (1024K), 1 survivors (1024K)
[2020-12-21T10:03:26.024-0500][gc,heap        ] GC(16685)  Metaspace       used 49949K, capacity 52104K, committed 53632K, reserved 1093632K
[2020-12-21T10:03:26.024-0500][gc,heap        ] GC(16685)   class space    used 7422K, capacity 8193K, committed 8832K, reserved 1048576K
[2020-12-21T10:03:26.024-0500][gc             ] GC(16685) Pause Young (Normal) (G1 Evacuation Pause) 51M->42M(63M) 5.066ms
[2020-12-21T10:03:26.024-0500][gc,cpu         ] GC(16685) User=0.01s Sys=0.00s Real=0.00s
[2020-12-21T10:04:56.016-0500][gc,heap        ] GC(16686) Heap before GC invocations=16686 (full 3378): garbage-first heap   total 64512K, used 50452K [0x0000000083000000, 0x0000000100000000)
[2020-12-21T10:04:56.016-0500][gc,heap        ] GC(16686)   region size 1024K, 9 young (9216K), 1 survivors (1024K)
[2020-12-21T10:04:56.016-0500][gc,heap        ] GC(16686)  Metaspace       used 49949K, capacity 52104K, committed 53632K, reserved 1093632K
[2020-12-21T10:04:56.016-0500][gc,heap        ] GC(16686)   class space    used 7422K, capacity 8193K, committed 8832K, reserved 1048576K
[2020-12-21T10:04:56.016-0500][gc,start       ] GC(16686) Pause Young (Normal) (G1 Evacuation Pause)
[2020-12-21T10:04:56.016-0500][gc,task        ] GC(16686) Using 8 workers of 8 for evacuation
[2020-12-21T10:04:56.019-0500][gc,phases      ] GC(16686)   Pre Evacuate Collection Set: 0.0ms
[2020-12-21T10:04:56.019-0500][gc,phases      ] GC(16686)   Evacuate Collection Set: 1.0ms
[2020-12-21T10:04:56.019-0500][gc,phases      ] GC(16686)   Post Evacuate Collection Set: 1.7ms
[2020-12-21T10:04:56.019-0500][gc,phases      ] GC(16686)   Other: 0.4ms
[2020-12-21T10:04:56.019-0500][gc,heap        ] GC(16686) Eden regions: 8->0(8)
[2020-12-21T10:04:56.019-0500][gc,heap        ] GC(16686) Survivor regions: 1->1(2)
[2020-12-21T10:04:56.019-0500][gc,heap        ] GC(16686) Old regions: 42->42
[2020-12-21T10:04:56.019-0500][gc,heap        ] GC(16686) Humongous regions: 4->4
[2020-12-21T10:04:56.019-0500][gc,metaspace   ] GC(16686) Metaspace: 49949K->49949K(1093632K)
[2020-12-21T10:04:56.019-0500][gc,heap        ] GC(16686) Heap after GC invocations=16687 (full 3378): garbage-first heap   total 64512K, used 43256K [0x0000000083000000, 0x0000000100000000)
[2020-12-21T10:04:56.019-0500][gc,heap        ] GC(16686)   region size 1024K, 1 young (1024K), 1 survivors (1024K)
[2020-12-21T10:04:56.019-0500][gc,heap        ] GC(16686)  Metaspace       used 49949K, capacity 52104K, committed 53632K, reserved 1093632K
[2020-12-21T10:04:56.019-0500][gc,heap        ] GC(16686)   class space    used 7422K, capacity 8193K, committed 8832K, reserved 1048576K
[2020-12-21T10:04:56.020-0500][gc             ] GC(16686) Pause Young (Normal) (G1 Evacuation Pause) 50M->42M(63M) 3.349ms
[2020-12-21T10:04:56.020-0500][gc,cpu         ] GC(16686) User=0.01s Sys=0.00s Real=0.01s
[2020-12-21T10:06:26.012-0500][gc,heap        ] GC(16687) Heap before GC invocations=16687 (full 3378): garbage-first heap   total 64512K, used 51448K [0x0000000083000000, 0x0000000100000000)
[2020-12-21T10:06:26.012-0500][gc,heap        ] GC(16687)   region size 1024K, 9 young (9216K), 1 survivors (1024K)
[2020-12-21T10:06:26.012-0500][gc,heap        ] GC(16687)  Metaspace       used 49949K, capacity 52104K, committed 53632K, reserved 1093632K
[2020-12-21T10:06:26.012-0500][gc,heap        ] GC(16687)   class space    used 7422K, capacity 8193K, committed 8832K, reserved 1048576K
[2020-12-21T10:06:26.012-0500][gc,start       ] GC(16687) Pause Young (Normal) (G1 Evacuation Pause)
[2020-12-21T10:06:26.012-0500][gc,task        ] GC(16687) Using 8 workers of 8 for evacuation
[2020-12-21T10:06:26.013-0500][gc,phases      ] GC(16687)   Pre Evacuate Collection Set: 0.0ms
[2020-12-21T10:06:26.013-0500][gc,phases      ] GC(16687)   Evacuate Collection Set: 0.5ms
[2020-12-21T10:06:26.013-0500][gc,phases      ] GC(16687)   Post Evacuate Collection Set: 0.6ms
[2020-12-21T10:06:26.013-0500][gc,phases      ] GC(16687)   Other: 0.2ms
[2020-12-21T10:06:26.013-0500][gc,heap        ] GC(16687) Eden regions: 8->0(8)
[2020-12-21T10:06:26.013-0500][gc,heap        ] GC(16687) Survivor regions: 1->1(2)
[2020-12-21T10:06:26.013-0500][gc,heap        ] GC(16687) Old regions: 42->42
[2020-12-21T10:06:26.013-0500][gc,heap        ] GC(16687) Humongous regions: 4->4
[2020-12-21T10:06:26.013-0500][gc,metaspace   ] GC(16687) Metaspace: 49949K->49949K(1093632K)
[2020-12-21T10:06:26.013-0500][gc,heap        ] GC(16687) Heap after GC invocations=16688 (full 3378): garbage-first heap   total 64512K, used 43289K [0x0000000083000000, 0x0000000100000000)
[2020-12-21T10:06:26.013-0500][gc,heap        ] GC(16687)   region size 1024K, 1 young (1024K), 1 survivors (1024K)
[2020-12-21T10:06:26.013-0500][gc,heap        ] GC(16687)  Metaspace       used 49949K, capacity 52104K, committed 53632K, reserved 1093632K
[2020-12-21T10:06:26.013-0500][gc,heap        ] GC(16687)   class space    used 7422K, capacity 8193K, committed 8832K, reserved 1048576K
[2020-12-21T10:06:26.013-0500][gc             ] GC(16687) Pause Young (Normal) (G1 Evacuation Pause) 50M->42M(63M) 1.409ms
[2020-12-21T10:06:26.013-0500][gc,cpu         ] GC(16687) User=0.01s Sys=0.00s Real=0.00s
[2020-12-21T10:06:45.190-0500][gc,task        ] GC(16688) Using 5 workers of 8 for full compaction
[2020-12-21T10:06:45.190-0500][gc,start       ] GC(16688) Pause Full (System.gc())
[2020-12-21T10:06:45.190-0500][gc,heap        ] GC(16688) Heap before GC invocations=16688 (full 3378): garbage-first heap   total 64512K, used 44313K [0x0000000083000000, 0x0000000100000000)
[2020-12-21T10:06:45.190-0500][gc,heap        ] GC(16688)   region size 1024K, 3 young (3072K), 1 survivors (1024K)
[2020-12-21T10:06:45.190-0500][gc,heap        ] GC(16688)  Metaspace       used 49949K, capacity 52104K, committed 53632K, reserved 1093632K
[2020-12-21T10:06:45.190-0500][gc,heap        ] GC(16688)   class space    used 7422K, capacity 8193K, committed 8832K, reserved 1048576K
[2020-12-21T10:06:45.191-0500][gc,phases,start] GC(16688) Phase 1: Mark live objects
[2020-12-21T10:06:45.232-0500][gc,stringtable ] GC(16688) Cleaned string and symbol table, strings: 33106 processed, 4 removed, symbols: 120816 processed, 0 removed
[2020-12-21T10:06:45.232-0500][gc,phases      ] GC(16688) Phase 1: Mark live objects 41.575ms
[2020-12-21T10:06:45.232-0500][gc,phases,start] GC(16688) Phase 2: Prepare for compaction
[2020-12-21T10:06:45.237-0500][gc,phases      ] GC(16688) Phase 2: Prepare for compaction 4.794ms
[2020-12-21T10:06:45.237-0500][gc,phases,start] GC(16688) Phase 3: Adjust pointers
[2020-12-21T10:06:45.250-0500][gc,phases      ] GC(16688) Phase 3: Adjust pointers 12.640ms
[2020-12-21T10:06:45.250-0500][gc,phases,start] GC(16688) Phase 4: Compact heap
[2020-12-21T10:06:45.253-0500][gc,phases      ] GC(16688) Phase 4: Compact heap 3.058ms
[2020-12-21T10:06:45.260-0500][gc,heap        ] GC(16688) Eden regions: 2->0(9)
[2020-12-21T10:06:45.260-0500][gc,heap        ] GC(16688) Survivor regions: 1->0(2)
[2020-12-21T10:06:45.260-0500][gc,heap        ] GC(16688) Old regions: 42->42
[2020-12-21T10:06:45.260-0500][gc,heap        ] GC(16688) Humongous regions: 4->4
[2020-12-21T10:06:45.260-0500][gc,metaspace   ] GC(16688) Metaspace: 49949K->49949K(1093632K)
[2020-12-21T10:06:45.260-0500][gc,heap        ] GC(16688) Heap after GC invocations=16689 (full 3379): garbage-first heap   total 64512K, used 43198K [0x0000000083000000, 0x0000000100000000)
[2020-12-21T10:06:45.260-0500][gc,heap        ] GC(16688)   region size 1024K, 0 young (0K), 0 survivors (0K)
[2020-12-21T10:06:45.260-0500][gc,heap        ] GC(16688)  Metaspace       used 49949K, capacity 52104K, committed 53632K, reserved 1093632K
[2020-12-21T10:06:45.260-0500][gc,heap        ] GC(16688)   class space    used 7422K, capacity 8193K, committed 8832K, reserved 1048576K
[2020-12-21T10:06:45.260-0500][gc             ] GC(16688) Pause Full (System.gc()) 43M->42M(63M) 69.301ms
[2020-12-21T10:06:45.260-0500][gc,cpu         ] GC(16688) User=0.30s Sys=0.00s Real=0.07s
[2020-12-21T10:08:18.601-0500][gc,heap        ] GC(16689) Heap before GC invocations=16689 (full 3379): garbage-first heap   total 64512K, used 51390K [0x0000000083000000, 0x0000000100000000)
[2020-12-21T10:08:18.601-0500][gc,heap        ] GC(16689)   region size 1024K, 9 young (9216K), 0 survivors (0K)
[2020-12-21T10:08:18.601-0500][gc,heap        ] GC(16689)  Metaspace       used 49949K, capacity 52104K, committed 53632K, reserved 1093632K
[2020-12-21T10:08:18.601-0500][gc,heap        ] GC(16689)   class space    used 7422K, capacity 8193K, committed 8832K, reserved 1048576K
[2020-12-21T10:08:18.601-0500][gc,start       ] GC(16689) Pause Young (Normal) (G1 Evacuation Pause)
[2020-12-21T10:08:18.601-0500][gc,task        ] GC(16689) Using 8 workers of 8 for evacuation
[2020-12-21T10:08:18.603-0500][gc,phases      ] GC(16689)   Pre Evacuate Collection Set: 0.0ms
[2020-12-21T10:08:18.603-0500][gc,phases      ] GC(16689)   Evacuate Collection Set: 0.5ms
[2020-12-21T10:08:18.603-0500][gc,phases      ] GC(16689)   Post Evacuate Collection Set: 1.1ms
[2020-12-21T10:08:18.603-0500][gc,phases      ] GC(16689)   Other: 0.2ms
[2020-12-21T10:08:18.603-0500][gc,heap        ] GC(16689) Eden regions: 9->0(8)
[2020-12-21T10:08:18.603-0500][gc,heap        ] GC(16689) Survivor regions: 0->1(2)
[2020-12-21T10:08:18.603-0500][gc,heap        ] GC(16689) Old regions: 42->42
[2020-12-21T10:08:18.603-0500][gc,heap        ] GC(16689) Humongous regions: 4->4
[2020-12-21T10:08:18.603-0500][gc,metaspace   ] GC(16689) Metaspace: 49949K->49949K(1093632K)
[2020-12-21T10:08:18.603-0500][gc,heap        ] GC(16689) Heap after GC invocations=16690 (full 3379): garbage-first heap   total 64512K, used 43252K [0x0000000083000000, 0x0000000100000000)
[2020-12-21T10:08:18.603-0500][gc,heap        ] GC(16689)   region size 1024K, 1 young (1024K), 1 survivors (1024K)
[2020-12-21T10:08:18.603-0500][gc,heap        ] GC(16689)  Metaspace       used 49949K, capacity 52104K, committed 53632K, reserved 1093632K
[2020-12-21T10:08:18.603-0500][gc,heap        ] GC(16689)   class space    used 7422K, capacity 8193K, committed 8832K, reserved 1048576K
[2020-12-21T10:08:18.603-0500][gc             ] GC(16689) Pause Young (Normal) (G1 Evacuation Pause) 51M->42M(63M) 1.787ms
[2020-12-21T10:08:18.603-0500][gc,cpu         ] GC(16689) User=0.00s Sys=0.00s Real=0.00s
[2020-12-21T10:09:53.332-0500][gc,heap        ] GC(16690) Heap before GC invocations=16690 (full 3379): garbage-first heap   total 64512K, used 51444K [0x0000000083000000, 0x0000000100000000)
[2020-12-21T10:09:53.332-0500][gc,heap        ] GC(16690)   region size 1024K, 9 young (9216K), 1 survivors (1024K)
[2020-12-21T10:09:53.332-0500][gc,heap        ] GC(16690)  Metaspace       used 49949K, capacity 52104K, committed 53632K, reserved 1093632K
[2020-12-21T10:09:53.332-0500][gc,heap        ] GC(16690)   class space    used 7422K, capacity 8193K, committed 8832K, reserved 1048576K
[2020-12-21T10:09:53.332-0500][gc,start       ] GC(16690) Pause Young (Normal) (G1 Evacuation Pause)
[2020-12-21T10:09:53.332-0500][gc,task        ] GC(16690) Using 8 workers of 8 for evacuation
[2020-12-21T10:09:53.340-0500][gc,phases      ] GC(16690)   Pre Evacuate Collection Set: 0.0ms
[2020-12-21T10:09:53.340-0500][gc,phases      ] GC(16690)   Evacuate Collection Set: 3.2ms
[2020-12-21T10:09:53.340-0500][gc,phases      ] GC(16690)   Post Evacuate Collection Set: 3.8ms
[2020-12-21T10:09:53.340-0500][gc,phases      ] GC(16690)   Other: 0.9ms
[2020-12-21T10:09:53.340-0500][gc,heap        ] GC(16690) Eden regions: 8->0(8)
[2020-12-21T10:09:53.340-0500][gc,heap        ] GC(16690) Survivor regions: 1->1(2)
[2020-12-21T10:09:53.340-0500][gc,heap        ] GC(16690) Old regions: 42->42
[2020-12-21T10:09:53.340-0500][gc,heap        ] GC(16690) Humongous regions: 4->4
[2020-12-21T10:09:53.340-0500][gc,metaspace   ] GC(16690) Metaspace: 49949K->49949K(1093632K)
[2020-12-21T10:09:53.340-0500][gc,heap        ] GC(16690) Heap after GC invocations=16691 (full 3379): garbage-first heap   total 64512K, used 43241K [0x0000000083000000, 0x0000000100000000)
[2020-12-21T10:09:53.340-0500][gc,heap        ] GC(16690)   region size 1024K, 1 young (1024K), 1 survivors (1024K)
[2020-12-21T10:09:53.340-0500][gc,heap        ] GC(16690)  Metaspace       used 49949K, capacity 52104K, committed 53632K, reserved 1093632K
[2020-12-21T10:09:53.340-0500][gc,heap        ] GC(16690)   class space    used 7422K, capacity 8193K, committed 8832K, reserved 1048576K
[2020-12-21T10:09:53.340-0500][gc             ] GC(16690) Pause Young (Normal) (G1 Evacuation Pause) 50M->42M(63M) 8.183ms
[2020-12-21T10:09:53.341-0500][gc,cpu         ] GC(16690) User=0.02s Sys=0.00s Real=0.01s
[2020-12-21T10:11:16.796-0500][gc,heap        ] GC(16691) Heap before GC invocations=16691 (full 3379): garbage-first heap   total 64512K, used 50409K [0x0000000083000000, 0x0000000100000000)
[2020-12-21T10:11:16.796-0500][gc,heap        ] GC(16691)   region size 1024K, 9 young (9216K), 1 survivors (1024K)
[2020-12-21T10:11:16.796-0500][gc,heap        ] GC(16691)  Metaspace       used 49949K, capacity 52104K, committed 53632K, reserved 1093632K
[2020-12-21T10:11:16.796-0500][gc,heap        ] GC(16691)   class space    used 7422K, capacity 8193K, committed 8832K, reserved 1048576K
[2020-12-21T10:11:16.796-0500][gc,start       ] GC(16691) Pause Young (Normal) (G1 Evacuation Pause)
[2020-12-21T10:11:16.796-0500][gc,task        ] GC(16691) Using 8 workers of 8 for evacuation
[2020-12-21T10:11:16.798-0500][gc,phases      ] GC(16691)   Pre Evacuate Collection Set: 0.0ms
[2020-12-21T10:11:16.798-0500][gc,phases      ] GC(16691)   Evacuate Collection Set: 0.9ms
[2020-12-21T10:11:16.798-0500][gc,phases      ] GC(16691)   Post Evacuate Collection Set: 1.0ms
[2020-12-21T10:11:16.798-0500][gc,phases      ] GC(16691)   Other: 0.2ms
[2020-12-21T10:11:16.798-0500][gc,heap        ] GC(16691) Eden regions: 8->0(8)
[2020-12-21T10:11:16.798-0500][gc,heap        ] GC(16691) Survivor regions: 1->1(2)
[2020-12-21T10:11:16.798-0500][gc,heap        ] GC(16691) Old regions: 42->42
[2020-12-21T10:11:16.798-0500][gc,heap        ] GC(16691) Humongous regions: 4->4
[2020-12-21T10:11:16.798-0500][gc,metaspace   ] GC(16691) Metaspace: 49949K->49949K(1093632K)
[2020-12-21T10:11:16.798-0500][gc,heap        ] GC(16691) Heap after GC invocations=16692 (full 3379): garbage-first heap   total 64512K, used 43432K [0x0000000083000000, 0x0000000100000000)
[2020-12-21T10:11:16.798-0500][gc,heap        ] GC(16691)   region size 1024K, 1 young (1024K), 1 survivors (1024K)
[2020-12-21T10:11:16.798-0500][gc,heap        ] GC(16691)  Metaspace       used 49949K, capacity 52104K, committed 53632K, reserved 1093632K
[2020-12-21T10:11:16.798-0500][gc,heap        ] GC(16691)   class space    used 7422K, capacity 8193K, committed 8832K, reserved 1048576K
[2020-12-21T10:11:16.798-0500][gc             ] GC(16691) Pause Young (Normal) (G1 Evacuation Pause) 50M->42M(63M) 2.072ms
[2020-12-21T10:11:16.798-0500][gc,cpu         ] GC(16691) User=0.00s Sys=0.00s Real=0.01s
[2020-12-21T10:11:45.191-0500][gc,task        ] GC(16692) Using 5 workers of 8 for full compaction
[2020-12-21T10:11:45.192-0500][gc,start       ] GC(16692) Pause Full (System.gc())
[2020-12-21T10:11:45.192-0500][gc,heap        ] GC(16692) Heap before GC invocations=16692 (full 3379): garbage-first heap   total 64512K, used 44456K [0x0000000083000000, 0x0000000100000000)
[2020-12-21T10:11:45.192-0500][gc,heap        ] GC(16692)   region size 1024K, 3 young (3072K), 1 survivors (1024K)
[2020-12-21T10:11:45.192-0500][gc,heap        ] GC(16692)  Metaspace       used 49949K, capacity 52104K, committed 53632K, reserved 1093632K
[2020-12-21T10:11:45.192-0500][gc,heap        ] GC(16692)   class space    used 7422K, capacity 8193K, committed 8832K, reserved 1048576K
[2020-12-21T10:11:45.192-0500][gc,phases,start] GC(16692) Phase 1: Mark live objects
[2020-12-21T10:11:45.233-0500][gc,stringtable ] GC(16692) Cleaned string and symbol table, strings: 33106 processed, 4 removed, symbols: 120816 processed, 0 removed
[2020-12-21T10:11:45.233-0500][gc,phases      ] GC(16692) Phase 1: Mark live objects 41.193ms
[2020-12-21T10:11:45.233-0500][gc,phases,start] GC(16692) Phase 2: Prepare for compaction
[2020-12-21T10:11:45.237-0500][gc,phases      ] GC(16692) Phase 2: Prepare for compaction 3.943ms
[2020-12-21T10:11:45.237-0500][gc,phases,start] GC(16692) Phase 3: Adjust pointers
[2020-12-21T10:11:45.249-0500][gc,phases      ] GC(16692) Phase 3: Adjust pointers 11.384ms
[2020-12-21T10:11:45.249-0500][gc,phases,start] GC(16692) Phase 4: Compact heap
[2020-12-21T10:11:45.253-0500][gc,phases      ] GC(16692) Phase 4: Compact heap 3.711ms
[2020-12-21T10:11:45.259-0500][gc,heap        ] GC(16692) Eden regions: 2->0(9)
[2020-12-21T10:11:45.259-0500][gc,heap        ] GC(16692) Survivor regions: 1->0(2)
[2020-12-21T10:11:45.259-0500][gc,heap        ] GC(16692) Old regions: 42->42
[2020-12-21T10:11:45.259-0500][gc,heap        ] GC(16692) Humongous regions: 4->4
[2020-12-21T10:11:45.259-0500][gc,metaspace   ] GC(16692) Metaspace: 49949K->49949K(1093632K)
[2020-12-21T10:11:45.259-0500][gc,heap        ] GC(16692) Heap after GC invocations=16693 (full 3380): garbage-first heap   total 64512K, used 43200K [0x0000000083000000, 0x0000000100000000)
[2020-12-21T10:11:45.259-0500][gc,heap        ] GC(16692)   region size 1024K, 0 young (0K), 0 survivors (0K)
[2020-12-21T10:11:45.259-0500][gc,heap        ] GC(16692)  Metaspace       used 49949K, capacity 52104K, committed 53632K, reserved 1093632K
[2020-12-21T10:11:45.259-0500][gc,heap        ] GC(16692)   class space    used 7422K, capacity 8193K, committed 8832K, reserved 1048576K
[2020-12-21T10:11:45.259-0500][gc             ] GC(16692) Pause Full (System.gc()) 43M->42M(63M) 67.436ms
[2020-12-21T10:11:45.259-0500][gc,cpu         ] GC(16692) User=0.29s Sys=0.00s Real=0.07s
[2020-12-21T10:13:17.140-0500][gc,heap        ] GC(16693) Heap before GC invocations=16693 (full 3380): garbage-first heap   total 64512K, used 51392K [0x0000000083000000, 0x0000000100000000)
[2020-12-21T10:13:17.140-0500][gc,heap        ] GC(16693)   region size 1024K, 9 young (9216K), 0 survivors (0K)
[2020-12-21T10:13:17.140-0500][gc,heap        ] GC(16693)  Metaspace       used 49949K, capacity 52104K, committed 53632K, reserved 1093632K
[2020-12-21T10:13:17.140-0500][gc,heap        ] GC(16693)   class space    used 7422K, capacity 8193K, committed 8832K, reserved 1048576K
[2020-12-21T10:13:17.140-0500][gc,start       ] GC(16693) Pause Young (Normal) (G1 Evacuation Pause)
[2020-12-21T10:13:17.140-0500][gc,task        ] GC(16693) Using 8 workers of 8 for evacuation
[2020-12-21T10:13:17.147-0500][gc,phases      ] GC(16693)   Pre Evacuate Collection Set: 0.0ms
[2020-12-21T10:13:17.147-0500][gc,phases      ] GC(16693)   Evacuate Collection Set: 5.7ms
[2020-12-21T10:13:17.147-0500][gc,phases      ] GC(16693)   Post Evacuate Collection Set: 1.3ms
[2020-12-21T10:13:17.147-0500][gc,phases      ] GC(16693)   Other: 0.2ms
[2020-12-21T10:13:17.147-0500][gc,heap        ] GC(16693) Eden regions: 9->0(8)
[2020-12-21T10:13:17.147-0500][gc,heap        ] GC(16693) Survivor regions: 0->1(2)
[2020-12-21T10:13:17.147-0500][gc,heap        ] GC(16693) Old regions: 42->42
[2020-12-21T10:13:17.147-0500][gc,heap        ] GC(16693) Humongous regions: 4->4
[2020-12-21T10:13:17.147-0500][gc,metaspace   ] GC(16693) Metaspace: 49949K->49949K(1093632K)
[2020-12-21T10:13:17.147-0500][gc,heap        ] GC(16693) Heap after GC invocations=16694 (full 3380): garbage-first heap   total 64512K, used 43345K [0x0000000083000000, 0x0000000100000000)
[2020-12-21T10:13:17.147-0500][gc,heap        ] GC(16693)   region size 1024K, 1 young (1024K), 1 survivors (1024K)
[2020-12-21T10:13:17.147-0500][gc,heap        ] GC(16693)  Metaspace       used 49949K, capacity 52104K, committed 53632K, reserved 1093632K
[2020-12-21T10:13:17.147-0500][gc,heap        ] GC(16693)   class space    used 7422K, capacity 8193K, committed 8832K, reserved 1048576K
[2020-12-21T10:13:17.147-0500][gc             ] GC(16693) Pause Young (Normal) (G1 Evacuation Pause) 51M->42M(63M) 7.334ms
[2020-12-21T10:13:17.147-0500][gc,cpu         ] GC(16693) User=0.04s Sys=0.00s Real=0.00s
[2020-12-21T10:14:47.441-0500][gc,heap        ] GC(16694) Heap before GC invocations=16694 (full 3380): garbage-first heap   total 64512K, used 51537K [0x0000000083000000, 0x0000000100000000)
[2020-12-21T10:14:47.441-0500][gc,heap        ] GC(16694)   region size 1024K, 9 young (9216K), 1 survivors (1024K)
[2020-12-21T10:14:47.441-0500][gc,heap        ] GC(16694)  Metaspace       used 49949K, capacity 52104K, committed 53632K, reserved 1093632K
[2020-12-21T10:14:47.441-0500][gc,heap        ] GC(16694)   class space    used 7422K, capacity 8193K, committed 8832K, reserved 1048576K
[2020-12-21T10:14:47.442-0500][gc,start       ] GC(16694) Pause Young (Normal) (G1 Evacuation Pause)
[2020-12-21T10:14:47.442-0500][gc,task        ] GC(16694) Using 8 workers of 8 for evacuation
[2020-12-21T10:14:47.444-0500][gc,phases      ] GC(16694)   Pre Evacuate Collection Set: 0.0ms
[2020-12-21T10:14:47.444-0500][gc,phases      ] GC(16694)   Evacuate Collection Set: 1.1ms
[2020-12-21T10:14:47.444-0500][gc,phases      ] GC(16694)   Post Evacuate Collection Set: 1.2ms
[2020-12-21T10:14:47.444-0500][gc,phases      ] GC(16694)   Other: 0.2ms
[2020-12-21T10:14:47.444-0500][gc,heap        ] GC(16694) Eden regions: 8->0(8)
[2020-12-21T10:14:47.444-0500][gc,heap        ] GC(16694) Survivor regions: 1->1(2)
[2020-12-21T10:14:47.444-0500][gc,heap        ] GC(16694) Old regions: 42->42
[2020-12-21T10:14:47.444-0500][gc,heap        ] GC(16694) Humongous regions: 4->4
[2020-12-21T10:14:47.444-0500][gc,metaspace   ] GC(16694) Metaspace: 49949K->49949K(1093632K)
[2020-12-21T10:14:47.444-0500][gc,heap        ] GC(16694) Heap after GC invocations=16695 (full 3380): garbage-first heap   total 64512K, used 43376K [0x0000000083000000, 0x0000000100000000)
[2020-12-21T10:14:47.444-0500][gc,heap        ] GC(16694)   region size 1024K, 1 young (1024K), 1 survivors (1024K)
[2020-12-21T10:14:47.444-0500][gc,heap        ] GC(16694)  Metaspace       used 49949K, capacity 52104K, committed 53632K, reserved 1093632K
[2020-12-21T10:14:47.444-0500][gc,heap        ] GC(16694)   class space    used 7422K, capacity 8193K, committed 8832K, reserved 1048576K
[2020-12-21T10:14:47.444-0500][gc             ] GC(16694) Pause Young (Normal) (G1 Evacuation Pause) 50M->42M(63M) 2.588ms
[2020-12-21T10:14:47.444-0500][gc,cpu         ] GC(16694) User=0.01s Sys=0.01s Real=0.00s
[2020-12-21T10:16:17.675-0500][gc,heap        ] GC(16695) Heap before GC invocations=16695 (full 3380): garbage-first heap   total 64512K, used 50544K [0x0000000083000000, 0x0000000100000000)
[2020-12-21T10:16:17.675-0500][gc,heap        ] GC(16695)   region size 1024K, 9 young (9216K), 1 survivors (1024K)
[2020-12-21T10:16:17.675-0500][gc,heap        ] GC(16695)  Metaspace       used 49949K, capacity 52104K, committed 53632K, reserved 1093632K
[2020-12-21T10:16:17.675-0500][gc,heap        ] GC(16695)   class space    used 7422K, capacity 8193K, committed 8832K, reserved 1048576K
[2020-12-21T10:16:17.675-0500][gc,start       ] GC(16695) Pause Young (Normal) (G1 Evacuation Pause)
[2020-12-21T10:16:17.675-0500][gc,task        ] GC(16695) Using 8 workers of 8 for evacuation
[2020-12-21T10:16:17.677-0500][gc,phases      ] GC(16695)   Pre Evacuate Collection Set: 0.0ms
[2020-12-21T10:16:17.677-0500][gc,phases      ] GC(16695)   Evacuate Collection Set: 0.8ms
[2020-12-21T10:16:17.677-0500][gc,phases      ] GC(16695)   Post Evacuate Collection Set: 0.9ms
[2020-12-21T10:16:17.677-0500][gc,phases      ] GC(16695)   Other: 0.2ms
[2020-12-21T10:16:17.677-0500][gc,heap        ] GC(16695) Eden regions: 8->0(8)
[2020-12-21T10:16:17.677-0500][gc,heap        ] GC(16695) Survivor regions: 1->1(2)
[2020-12-21T10:16:17.677-0500][gc,heap        ] GC(16695) Old regions: 42->42
[2020-12-21T10:16:17.677-0500][gc,heap        ] GC(16695) Humongous regions: 4->4
[2020-12-21T10:16:17.677-0500][gc,metaspace   ] GC(16695) Metaspace: 49949K->49949K(1093632K)
[2020-12-21T10:16:17.677-0500][gc,heap        ] GC(16695) Heap after GC invocations=16696 (full 3380): garbage-first heap   total 64512K, used 43348K [0x0000000083000000, 0x0000000100000000)
[2020-12-21T10:16:17.677-0500][gc,heap        ] GC(16695)   region size 1024K, 1 young (1024K), 1 survivors (1024K)
[2020-12-21T10:16:17.677-0500][gc,heap        ] GC(16695)  Metaspace       used 49949K, capacity 52104K, committed 53632K, reserved 1093632K
[2020-12-21T10:16:17.677-0500][gc,heap        ] GC(16695)   class space    used 7422K, capacity 8193K, committed 8832K, reserved 1048576K
[2020-12-21T10:16:17.677-0500][gc             ] GC(16695) Pause Young (Normal) (G1 Evacuation Pause) 50M->42M(63M) 1.914ms
[2020-12-21T10:16:17.677-0500][gc,cpu         ] GC(16695) User=0.00s Sys=0.00s Real=0.00s
[2020-12-21T10:16:45.192-0500][gc,task        ] GC(16696) Using 5 workers of 8 for full compaction
[2020-12-21T10:16:45.192-0500][gc,start       ] GC(16696) Pause Full (System.gc())
[2020-12-21T10:16:45.192-0500][gc,heap        ] GC(16696) Heap before GC invocations=16696 (full 3380): garbage-first heap   total 64512K, used 44372K [0x0000000083000000, 0x0000000100000000)
[2020-12-21T10:16:45.192-0500][gc,heap        ] GC(16696)   region size 1024K, 3 young (3072K), 1 survivors (1024K)
[2020-12-21T10:16:45.192-0500][gc,heap        ] GC(16696)  Metaspace       used 49949K, capacity 52104K, committed 53632K, reserved 1093632K
[2020-12-21T10:16:45.192-0500][gc,heap        ] GC(16696)   class space    used 7422K, capacity 8193K, committed 8832K, reserved 1048576K
[2020-12-21T10:16:45.193-0500][gc,phases,start] GC(16696) Phase 1: Mark live objects
[2020-12-21T10:16:45.236-0500][gc,stringtable ] GC(16696) Cleaned string and symbol table, strings: 33106 processed, 4 removed, symbols: 120816 processed, 0 removed
[2020-12-21T10:16:45.236-0500][gc,phases      ] GC(16696) Phase 1: Mark live objects 42.886ms
[2020-12-21T10:16:45.236-0500][gc,phases,start] GC(16696) Phase 2: Prepare for compaction
[2020-12-21T10:16:45.242-0500][gc,phases      ] GC(16696) Phase 2: Prepare for compaction 6.227ms
[2020-12-21T10:16:45.242-0500][gc,phases,start] GC(16696) Phase 3: Adjust pointers
[2020-12-21T10:16:45.253-0500][gc,phases      ] GC(16696) Phase 3: Adjust pointers 11.093ms
[2020-12-21T10:16:45.253-0500][gc,phases,start] GC(16696) Phase 4: Compact heap
[2020-12-21T10:16:45.256-0500][gc,phases      ] GC(16696) Phase 4: Compact heap 3.044ms
[2020-12-21T10:16:45.263-0500][gc,heap        ] GC(16696) Eden regions: 2->0(9)
[2020-12-21T10:16:45.263-0500][gc,heap        ] GC(16696) Survivor regions: 1->0(2)
[2020-12-21T10:16:45.263-0500][gc,heap        ] GC(16696) Old regions: 42->42
[2020-12-21T10:16:45.263-0500][gc,heap        ] GC(16696) Humongous regions: 4->4
[2020-12-21T10:16:45.263-0500][gc,metaspace   ] GC(16696) Metaspace: 49949K->49949K(1093632K)
[2020-12-21T10:16:45.263-0500][gc,heap        ] GC(16696) Heap after GC invocations=16697 (full 3381): garbage-first heap   total 64512K, used 43201K [0x0000000083000000, 0x0000000100000000)
[2020-12-21T10:16:45.263-0500][gc,heap        ] GC(16696)   region size 1024K, 0 young (0K), 0 survivors (0K)
[2020-12-21T10:16:45.263-0500][gc,heap        ] GC(16696)  Metaspace       used 49949K, capacity 52104K, committed 53632K, reserved 1093632K
[2020-12-21T10:16:45.263-0500][gc,heap        ] GC(16696)   class space    used 7422K, capacity 8193K, committed 8832K, reserved 1048576K
[2020-12-21T10:16:45.263-0500][gc             ] GC(16696) Pause Full (System.gc()) 44M->42M(63M) 71.139ms
[2020-12-21T10:16:45.263-0500][gc,cpu         ] GC(16696) User=0.30s Sys=0.00s Real=0.07s
[2020-12-21T10:18:17.997-0500][gc,heap        ] GC(16697) Heap before GC invocations=16697 (full 3381): garbage-first heap   total 64512K, used 51393K [0x0000000083000000, 0x0000000100000000)
[2020-12-21T10:18:17.997-0500][gc,heap        ] GC(16697)   region size 1024K, 9 young (9216K), 0 survivors (0K)
[2020-12-21T10:18:17.997-0500][gc,heap        ] GC(16697)  Metaspace       used 49949K, capacity 52104K, committed 53632K, reserved 1093632K
[2020-12-21T10:18:17.997-0500][gc,heap        ] GC(16697)   class space    used 7422K, capacity 8193K, committed 8832K, reserved 1048576K
[2020-12-21T10:18:17.997-0500][gc,start       ] GC(16697) Pause Young (Normal) (G1 Evacuation Pause)
[2020-12-21T10:18:17.997-0500][gc,task        ] GC(16697) Using 8 workers of 8 for evacuation
[2020-12-21T10:18:18.002-0500][gc,phases      ] GC(16697)   Pre Evacuate Collection Set: 0.0ms
[2020-12-21T10:18:18.002-0500][gc,phases      ] GC(16697)   Evacuate Collection Set: 3.2ms
[2020-12-21T10:18:18.002-0500][gc,phases      ] GC(16697)   Post Evacuate Collection Set: 1.2ms
[2020-12-21T10:18:18.002-0500][gc,phases      ] GC(16697)   Other: 0.2ms
[2020-12-21T10:18:18.002-0500][gc,heap        ] GC(16697) Eden regions: 9->0(8)
[2020-12-21T10:18:18.002-0500][gc,heap        ] GC(16697) Survivor regions: 0->1(2)
[2020-12-21T10:18:18.002-0500][gc,heap        ] GC(16697) Old regions: 42->42
[2020-12-21T10:18:18.002-0500][gc,heap        ] GC(16697) Humongous regions: 4->4
[2020-12-21T10:18:18.002-0500][gc,metaspace   ] GC(16697) Metaspace: 49949K->49949K(1093632K)
[2020-12-21T10:18:18.002-0500][gc,heap        ] GC(16697) Heap after GC invocations=16698 (full 3381): garbage-first heap   total 64512K, used 43418K [0x0000000083000000, 0x0000000100000000)
[2020-12-21T10:18:18.002-0500][gc,heap        ] GC(16697)   region size 1024K, 1 young (1024K), 1 survivors (1024K)
[2020-12-21T10:18:18.002-0500][gc,heap        ] GC(16697)  Metaspace       used 49949K, capacity 52104K, committed 53632K, reserved 1093632K
[2020-12-21T10:18:18.002-0500][gc,heap        ] GC(16697)   class space    used 7422K, capacity 8193K, committed 8832K, reserved 1048576K
[2020-12-21T10:18:18.002-0500][gc             ] GC(16697) Pause Young (Normal) (G1 Evacuation Pause) 51M->42M(63M) 4.788ms
[2020-12-21T10:18:18.002-0500][gc,cpu         ] GC(16697) User=0.02s Sys=0.00s Real=0.01s
[2020-12-21T10:19:50.157-0500][gc,heap        ] GC(16698) Heap before GC invocations=16698 (full 3381): garbage-first heap   total 64512K, used 50586K [0x0000000083000000, 0x0000000100000000)
[2020-12-21T10:19:50.157-0500][gc,heap        ] GC(16698)   region size 1024K, 9 young (9216K), 1 survivors (1024K)
[2020-12-21T10:19:50.157-0500][gc,heap        ] GC(16698)  Metaspace       used 49949K, capacity 52104K, committed 53632K, reserved 1093632K
[2020-12-21T10:19:50.157-0500][gc,heap        ] GC(16698)   class space    used 7422K, capacity 8193K, committed 8832K, reserved 1048576K
[2020-12-21T10:19:50.157-0500][gc,start       ] GC(16698) Pause Young (Normal) (G1 Evacuation Pause)
[2020-12-21T10:19:50.157-0500][gc,task        ] GC(16698) Using 8 workers of 8 for evacuation
[2020-12-21T10:19:50.160-0500][gc,phases      ] GC(16698)   Pre Evacuate Collection Set: 0.0ms
[2020-12-21T10:19:50.160-0500][gc,phases      ] GC(16698)   Evacuate Collection Set: 0.8ms
[2020-12-21T10:19:50.160-0500][gc,phases      ] GC(16698)   Post Evacuate Collection Set: 1.3ms
[2020-12-21T10:19:50.160-0500][gc,phases      ] GC(16698)   Other: 0.3ms
[2020-12-21T10:19:50.160-0500][gc,heap        ] GC(16698) Eden regions: 8->0(8)
[2020-12-21T10:19:50.160-0500][gc,heap        ] GC(16698) Survivor regions: 1->1(2)
[2020-12-21T10:19:50.160-0500][gc,heap        ] GC(16698) Old regions: 42->42
[2020-12-21T10:19:50.160-0500][gc,heap        ] GC(16698) Humongous regions: 4->4
[2020-12-21T10:19:50.160-0500][gc,metaspace   ] GC(16698) Metaspace: 49949K->49949K(1093632K)
[2020-12-21T10:19:50.160-0500][gc,heap        ] GC(16698) Heap after GC invocations=16699 (full 3381): garbage-first heap   total 64512K, used 43258K [0x0000000083000000, 0x0000000100000000)
[2020-12-21T10:19:50.160-0500][gc,heap        ] GC(16698)   region size 1024K, 1 young (1024K), 1 survivors (1024K)
[2020-12-21T10:19:50.160-0500][gc,heap        ] GC(16698)  Metaspace       used 49949K, capacity 52104K, committed 53632K, reserved 1093632K
[2020-12-21T10:19:50.160-0500][gc,heap        ] GC(16698)   class space    used 7422K, capacity 8193K, committed 8832K, reserved 1048576K
[2020-12-21T10:19:50.160-0500][gc             ] GC(16698) Pause Young (Normal) (G1 Evacuation Pause) 50M->42M(63M) 2.477ms
[2020-12-21T10:19:50.160-0500][gc,cpu         ] GC(16698) User=0.00s Sys=0.01s Real=0.01s
[2020-12-21T10:21:18.404-0500][gc,heap        ] GC(16699) Heap before GC invocations=16699 (full 3381): garbage-first heap   total 64512K, used 50426K [0x0000000083000000, 0x0000000100000000)
[2020-12-21T10:21:18.404-0500][gc,heap        ] GC(16699)   region size 1024K, 9 young (9216K), 1 survivors (1024K)
[2020-12-21T10:21:18.404-0500][gc,heap        ] GC(16699)  Metaspace       used 49949K, capacity 52104K, committed 53632K, reserved 1093632K
[2020-12-21T10:21:18.404-0500][gc,heap        ] GC(16699)   class space    used 7422K, capacity 8193K, committed 8832K, reserved 1048576K
[2020-12-21T10:21:18.404-0500][gc,start       ] GC(16699) Pause Young (Normal) (G1 Evacuation Pause)
[2020-12-21T10:21:18.404-0500][gc,task        ] GC(16699) Using 8 workers of 8 for evacuation
[2020-12-21T10:21:18.407-0500][gc,phases      ] GC(16699)   Pre Evacuate Collection Set: 0.0ms
[2020-12-21T10:21:18.407-0500][gc,phases      ] GC(16699)   Evacuate Collection Set: 0.8ms
[2020-12-21T10:21:18.407-0500][gc,phases      ] GC(16699)   Post Evacuate Collection Set: 1.5ms
[2020-12-21T10:21:18.407-0500][gc,phases      ] GC(16699)   Other: 0.2ms
[2020-12-21T10:21:18.407-0500][gc,heap        ] GC(16699) Eden regions: 8->0(8)
[2020-12-21T10:21:18.407-0500][gc,heap        ] GC(16699) Survivor regions: 1->1(2)
[2020-12-21T10:21:18.407-0500][gc,heap        ] GC(16699) Old regions: 42->42
[2020-12-21T10:21:18.407-0500][gc,heap        ] GC(16699) Humongous regions: 4->4
[2020-12-21T10:21:18.407-0500][gc,metaspace   ] GC(16699) Metaspace: 49949K->49949K(1093632K)
[2020-12-21T10:21:18.407-0500][gc,heap        ] GC(16699) Heap after GC invocations=16700 (full 3381): garbage-first heap   total 64512K, used 43427K [0x0000000083000000, 0x0000000100000000)
[2020-12-21T10:21:18.407-0500][gc,heap        ] GC(16699)   region size 1024K, 1 young (1024K), 1 survivors (1024K)
[2020-12-21T10:21:18.407-0500][gc,heap        ] GC(16699)  Metaspace       used 49949K, capacity 52104K, committed 53632K, reserved 1093632K
[2020-12-21T10:21:18.407-0500][gc,heap        ] GC(16699)   class space    used 7422K, capacity 8193K, committed 8832K, reserved 1048576K
[2020-12-21T10:21:18.407-0500][gc             ] GC(16699) Pause Young (Normal) (G1 Evacuation Pause) 50M->42M(63M) 2.490ms
[2020-12-21T10:21:18.407-0500][gc,cpu         ] GC(16699) User=0.00s Sys=0.01s Real=0.00s
[2020-12-21T10:21:45.190-0500][gc,task        ] GC(16700) Using 5 workers of 8 for full compaction
[2020-12-21T10:21:45.190-0500][gc,start       ] GC(16700) Pause Full (System.gc())
[2020-12-21T10:21:45.190-0500][gc,heap        ] GC(16700) Heap before GC invocations=16700 (full 3381): garbage-first heap   total 64512K, used 44451K [0x0000000083000000, 0x0000000100000000)
[2020-12-21T10:21:45.190-0500][gc,heap        ] GC(16700)   region size 1024K, 3 young (3072K), 1 survivors (1024K)
[2020-12-21T10:21:45.190-0500][gc,heap        ] GC(16700)  Metaspace       used 49949K, capacity 52104K, committed 53632K, reserved 1093632K
[2020-12-21T10:21:45.190-0500][gc,heap        ] GC(16700)   class space    used 7422K, capacity 8193K, committed 8832K, reserved 1048576K
[2020-12-21T10:21:45.191-0500][gc,phases,start] GC(16700) Phase 1: Mark live objects
[2020-12-21T10:21:45.233-0500][gc,stringtable ] GC(16700) Cleaned string and symbol table, strings: 33107 processed, 4 removed, symbols: 120816 processed, 0 removed
[2020-12-21T10:21:45.233-0500][gc,phases      ] GC(16700) Phase 1: Mark live objects 42.684ms
[2020-12-21T10:21:45.233-0500][gc,phases,start] GC(16700) Phase 2: Prepare for compaction
[2020-12-21T10:21:45.237-0500][gc,phases      ] GC(16700) Phase 2: Prepare for compaction 4.136ms
[2020-12-21T10:21:45.237-0500][gc,phases,start] GC(16700) Phase 3: Adjust pointers
[2020-12-21T10:21:45.250-0500][gc,phases      ] GC(16700) Phase 3: Adjust pointers 12.988ms
[2020-12-21T10:21:45.251-0500][gc,phases,start] GC(16700) Phase 4: Compact heap
[2020-12-21T10:21:45.253-0500][gc,phases      ] GC(16700) Phase 4: Compact heap 2.732ms
[2020-12-21T10:21:45.259-0500][gc,heap        ] GC(16700) Eden regions: 2->0(10)
[2020-12-21T10:21:45.259-0500][gc,heap        ] GC(16700) Survivor regions: 1->0(2)
[2020-12-21T10:21:45.259-0500][gc,heap        ] GC(16700) Old regions: 42->41
[2020-12-21T10:21:45.259-0500][gc,heap        ] GC(16700) Humongous regions: 4->4
[2020-12-21T10:21:45.259-0500][gc,metaspace   ] GC(16700) Metaspace: 49949K->49949K(1093632K)
[2020-12-21T10:21:45.259-0500][gc,heap        ] GC(16700) Heap after GC invocations=16701 (full 3382): garbage-first heap   total 64512K, used 43204K [0x0000000083000000, 0x0000000100000000)
[2020-12-21T10:21:45.259-0500][gc,heap        ] GC(16700)   region size 1024K, 0 young (0K), 0 survivors (0K)
[2020-12-21T10:21:45.259-0500][gc,heap        ] GC(16700)  Metaspace       used 49949K, capacity 52104K, committed 53632K, reserved 1093632K
[2020-12-21T10:21:45.259-0500][gc,heap        ] GC(16700)   class space    used 7422K, capacity 8193K, committed 8832K, reserved 1048576K
[2020-12-21T10:21:45.259-0500][gc             ] GC(16700) Pause Full (System.gc()) 44M->42M(63M) 69.546ms
[2020-12-21T10:21:45.260-0500][gc,cpu         ] GC(16700) User=0.30s Sys=0.00s Real=0.07s
[2020-12-21T10:23:34.675-0500][gc,heap        ] GC(16701) Heap before GC invocations=16701 (full 3382): garbage-first heap   total 64512K, used 52420K [0x0000000083000000, 0x0000000100000000)
[2020-12-21T10:23:34.675-0500][gc,heap        ] GC(16701)   region size 1024K, 10 young (10240K), 0 survivors (0K)
[2020-12-21T10:23:34.675-0500][gc,heap        ] GC(16701)  Metaspace       used 49949K, capacity 52104K, committed 53632K, reserved 1093632K
[2020-12-21T10:23:34.675-0500][gc,heap        ] GC(16701)   class space    used 7422K, capacity 8193K, committed 8832K, reserved 1048576K
[2020-12-21T10:23:34.675-0500][gc,start       ] GC(16701) Pause Young (Normal) (G1 Evacuation Pause)
[2020-12-21T10:23:34.675-0500][gc,task        ] GC(16701) Using 8 workers of 8 for evacuation
[2020-12-21T10:23:34.677-0500][gc,phases      ] GC(16701)   Pre Evacuate Collection Set: 0.0ms
[2020-12-21T10:23:34.677-0500][gc,phases      ] GC(16701)   Evacuate Collection Set: 0.6ms
[2020-12-21T10:23:34.677-0500][gc,phases      ] GC(16701)   Post Evacuate Collection Set: 1.0ms
[2020-12-21T10:23:34.677-0500][gc,phases      ] GC(16701)   Other: 2.4ms
[2020-12-21T10:23:34.677-0500][gc,heap        ] GC(16701) Eden regions: 10->0(9)
[2020-12-21T10:23:34.677-0500][gc,heap        ] GC(16701) Survivor regions: 0->1(2)
[2020-12-21T10:23:34.677-0500][gc,heap        ] GC(16701) Old regions: 41->41
[2020-12-21T10:23:34.677-0500][gc,heap        ] GC(16701) Humongous regions: 4->4
[2020-12-21T10:23:34.677-0500][gc,metaspace   ] GC(16701) Metaspace: 49949K->49949K(1093632K)
[2020-12-21T10:23:34.677-0500][gc,heap        ] GC(16701) Heap after GC invocations=16702 (full 3382): garbage-first heap   total 64512K, used 43268K [0x0000000083000000, 0x0000000100000000)
[2020-12-21T10:23:34.677-0500][gc,heap        ] GC(16701)   region size 1024K, 1 young (1024K), 1 survivors (1024K)
[2020-12-21T10:23:34.677-0500][gc,heap        ] GC(16701)  Metaspace       used 49949K, capacity 52104K, committed 53632K, reserved 1093632K
[2020-12-21T10:23:34.677-0500][gc,heap        ] GC(16701)   class space    used 7422K, capacity 8193K, committed 8832K, reserved 1048576K
[2020-12-21T10:23:34.677-0500][gc             ] GC(16701) Pause Young (Normal) (G1 Evacuation Pause) 52M->42M(63M) 1.881ms
[2020-12-21T10:23:34.677-0500][gc,cpu         ] GC(16701) User=0.00s Sys=0.00s Real=0.00s
[2020-12-21T10:25:16.018-0500][gc,heap        ] GC(16702) Heap before GC invocations=16702 (full 3382): garbage-first heap   total 64512K, used 51460K [0x0000000083000000, 0x0000000100000000)
[2020-12-21T10:25:16.018-0500][gc,heap        ] GC(16702)   region size 1024K, 10 young (10240K), 1 survivors (1024K)
[2020-12-21T10:25:16.018-0500][gc,heap        ] GC(16702)  Metaspace       used 49949K, capacity 52104K, committed 53632K, reserved 1093632K
[2020-12-21T10:25:16.018-0500][gc,heap        ] GC(16702)   class space    used 7422K, capacity 8193K, committed 8832K, reserved 1048576K
[2020-12-21T10:25:16.018-0500][gc,start       ] GC(16702) Pause Young (Normal) (G1 Evacuation Pause)
[2020-12-21T10:25:16.018-0500][gc,task        ] GC(16702) Using 8 workers of 8 for evacuation
[2020-12-21T10:25:16.024-0500][gc,phases      ] GC(16702)   Pre Evacuate Collection Set: 0.0ms
[2020-12-21T10:25:16.024-0500][gc,phases      ] GC(16702)   Evacuate Collection Set: 2.3ms
[2020-12-21T10:25:16.024-0500][gc,phases      ] GC(16702)   Post Evacuate Collection Set: 3.0ms
[2020-12-21T10:25:16.024-0500][gc,phases      ] GC(16702)   Other: 0.6ms
[2020-12-21T10:25:16.024-0500][gc,heap        ] GC(16702) Eden regions: 9->0(9)
[2020-12-21T10:25:16.024-0500][gc,heap        ] GC(16702) Survivor regions: 1->1(2)
[2020-12-21T10:25:16.024-0500][gc,heap        ] GC(16702) Old regions: 41->41
[2020-12-21T10:25:16.024-0500][gc,heap        ] GC(16702) Humongous regions: 4->4
[2020-12-21T10:25:16.024-0500][gc,metaspace   ] GC(16702) Metaspace: 49949K->49949K(1093632K)
[2020-12-21T10:25:16.024-0500][gc,heap        ] GC(16702) Heap after GC invocations=16703 (full 3382): garbage-first heap   total 64512K, used 43282K [0x0000000083000000, 0x0000000100000000)
[2020-12-21T10:25:16.024-0500][gc,heap        ] GC(16702)   region size 1024K, 1 young (1024K), 1 survivors (1024K)
[2020-12-21T10:25:16.024-0500][gc,heap        ] GC(16702)  Metaspace       used 49949K, capacity 52104K, committed 53632K, reserved 1093632K
[2020-12-21T10:25:16.024-0500][gc,heap        ] GC(16702)   class space    used 7422K, capacity 8193K, committed 8832K, reserved 1048576K
[2020-12-21T10:25:16.024-0500][gc             ] GC(16702) Pause Young (Normal) (G1 Evacuation Pause) 51M->42M(63M) 5.917ms
[2020-12-21T10:25:16.024-0500][gc,cpu         ] GC(16702) User=0.01s Sys=0.01s Real=0.00s
[2020-12-21T10:26:45.189-0500][gc,task        ] GC(16703) Using 5 workers of 8 for full compaction
[2020-12-21T10:26:45.190-0500][gc,start       ] GC(16703) Pause Full (System.gc())
[2020-12-21T10:26:45.190-0500][gc,heap        ] GC(16703) Heap before GC invocations=16703 (full 3382): garbage-first heap   total 64512K, used 50450K [0x0000000083000000, 0x0000000100000000)
[2020-12-21T10:26:45.190-0500][gc,heap        ] GC(16703)   region size 1024K, 9 young (9216K), 1 survivors (1024K)
[2020-12-21T10:26:45.190-0500][gc,heap        ] GC(16703)  Metaspace       used 49949K, capacity 52104K, committed 53632K, reserved 1093632K
[2020-12-21T10:26:45.190-0500][gc,heap        ] GC(16703)   class space    used 7422K, capacity 8193K, committed 8832K, reserved 1048576K
[2020-12-21T10:26:45.190-0500][gc,phases,start] GC(16703) Phase 1: Mark live objects
[2020-12-21T10:26:45.224-0500][gc,stringtable ] GC(16703) Cleaned string and symbol table, strings: 33107 processed, 4 removed, symbols: 120816 processed, 0 removed
[2020-12-21T10:26:45.224-0500][gc,phases      ] GC(16703) Phase 1: Mark live objects 34.256ms
[2020-12-21T10:26:45.224-0500][gc,phases,start] GC(16703) Phase 2: Prepare for compaction
[2020-12-21T10:26:45.228-0500][gc,phases      ] GC(16703) Phase 2: Prepare for compaction 4.121ms
[2020-12-21T10:26:45.228-0500][gc,phases,start] GC(16703) Phase 3: Adjust pointers
[2020-12-21T10:26:45.239-0500][gc,phases      ] GC(16703) Phase 3: Adjust pointers 10.522ms
[2020-12-21T10:26:45.239-0500][gc,phases,start] GC(16703) Phase 4: Compact heap
[2020-12-21T10:26:45.242-0500][gc,phases      ] GC(16703) Phase 4: Compact heap 2.801ms
[2020-12-21T10:26:45.248-0500][gc,heap        ] GC(16703) Eden regions: 8->0(9)
[2020-12-21T10:26:45.248-0500][gc,heap        ] GC(16703) Survivor regions: 1->0(2)
[2020-12-21T10:26:45.248-0500][gc,heap        ] GC(16703) Old regions: 41->42
[2020-12-21T10:26:45.248-0500][gc,heap        ] GC(16703) Humongous regions: 4->4
[2020-12-21T10:26:45.248-0500][gc,metaspace   ] GC(16703) Metaspace: 49949K->49949K(1093632K)
[2020-12-21T10:26:45.248-0500][gc,heap        ] GC(16703) Heap after GC invocations=16704 (full 3383): garbage-first heap   total 64512K, used 43220K [0x0000000083000000, 0x0000000100000000)
[2020-12-21T10:26:45.248-0500][gc,heap        ] GC(16703)   region size 1024K, 0 young (0K), 0 survivors (0K)
[2020-12-21T10:26:45.248-0500][gc,heap        ] GC(16703)  Metaspace       used 49949K, capacity 52104K, committed 53632K, reserved 1093632K
[2020-12-21T10:26:45.248-0500][gc,heap        ] GC(16703)   class space    used 7422K, capacity 8193K, committed 8832K, reserved 1048576K
[2020-12-21T10:26:45.248-0500][gc             ] GC(16703) Pause Full (System.gc()) 49M->42M(63M) 58.394ms
[2020-12-21T10:26:45.248-0500][gc,cpu         ] GC(16703) User=0.24s Sys=0.00s Real=0.06s
[2020-12-21T10:28:19.429-0500][gc,heap        ] GC(16704) Heap before GC invocations=16704 (full 3383): garbage-first heap   total 64512K, used 51412K [0x0000000083000000, 0x0000000100000000)
[2020-12-21T10:28:19.429-0500][gc,heap        ] GC(16704)   region size 1024K, 9 young (9216K), 0 survivors (0K)
[2020-12-21T10:28:19.429-0500][gc,heap        ] GC(16704)  Metaspace       used 49949K, capacity 52104K, committed 53632K, reserved 1093632K
[2020-12-21T10:28:19.429-0500][gc,heap        ] GC(16704)   class space    used 7422K, capacity 8193K, committed 8832K, reserved 1048576K
[2020-12-21T10:28:19.429-0500][gc,start       ] GC(16704) Pause Young (Normal) (G1 Evacuation Pause)
[2020-12-21T10:28:19.429-0500][gc,task        ] GC(16704) Using 8 workers of 8 for evacuation
[2020-12-21T10:28:19.431-0500][gc,phases      ] GC(16704)   Pre Evacuate Collection Set: 0.0ms
[2020-12-21T10:28:19.431-0500][gc,phases      ] GC(16704)   Evacuate Collection Set: 0.8ms
[2020-12-21T10:28:19.431-0500][gc,phases      ] GC(16704)   Post Evacuate Collection Set: 1.3ms
[2020-12-21T10:28:19.431-0500][gc,phases      ] GC(16704)   Other: 0.3ms
[2020-12-21T10:28:19.431-0500][gc,heap        ] GC(16704) Eden regions: 9->0(8)
[2020-12-21T10:28:19.431-0500][gc,heap        ] GC(16704) Survivor regions: 0->1(2)
[2020-12-21T10:28:19.431-0500][gc,heap        ] GC(16704) Old regions: 42->42
[2020-12-21T10:28:19.431-0500][gc,heap        ] GC(16704) Humongous regions: 4->4
[2020-12-21T10:28:19.431-0500][gc,metaspace   ] GC(16704) Metaspace: 49949K->49949K(1093632K)
[2020-12-21T10:28:19.431-0500][gc,heap        ] GC(16704) Heap after GC invocations=16705 (full 3383): garbage-first heap   total 64512K, used 43356K [0x0000000083000000, 0x0000000100000000)
[2020-12-21T10:28:19.431-0500][gc,heap        ] GC(16704)   region size 1024K, 1 young (1024K), 1 survivors (1024K)
[2020-12-21T10:28:19.431-0500][gc,heap        ] GC(16704)  Metaspace       used 49949K, capacity 52104K, committed 53632K, reserved 1093632K
[2020-12-21T10:28:19.431-0500][gc,heap        ] GC(16704)   class space    used 7422K, capacity 8193K, committed 8832K, reserved 1048576K
[2020-12-21T10:28:19.431-0500][gc             ] GC(16704) Pause Young (Normal) (G1 Evacuation Pause) 51M->42M(63M) 2.464ms
[2020-12-21T10:28:19.431-0500][gc,cpu         ] GC(16704) User=0.00s Sys=0.01s Real=0.00s
[2020-12-21T10:29:49.734-0500][gc,heap        ] GC(16705) Heap before GC invocations=16705 (full 3383): garbage-first heap   total 64512K, used 50524K [0x0000000083000000, 0x0000000100000000)
[2020-12-21T10:29:49.734-0500][gc,heap        ] GC(16705)   region size 1024K, 9 young (9216K), 1 survivors (1024K)
[2020-12-21T10:29:49.734-0500][gc,heap        ] GC(16705)  Metaspace       used 49949K, capacity 52104K, committed 53632K, reserved 1093632K
[2020-12-21T10:29:49.734-0500][gc,heap        ] GC(16705)   class space    used 7422K, capacity 8193K, committed 8832K, reserved 1048576K
[2020-12-21T10:29:49.734-0500][gc,start       ] GC(16705) Pause Young (Normal) (G1 Evacuation Pause)
[2020-12-21T10:29:49.734-0500][gc,task        ] GC(16705) Using 8 workers of 8 for evacuation
[2020-12-21T10:29:49.757-0500][gc,phases      ] GC(16705)   Pre Evacuate Collection Set: 0.0ms
[2020-12-21T10:29:49.757-0500][gc,phases      ] GC(16705)   Evacuate Collection Set: 16.3ms
[2020-12-21T10:29:49.757-0500][gc,phases      ] GC(16705)   Post Evacuate Collection Set: 6.5ms
[2020-12-21T10:29:49.757-0500][gc,phases      ] GC(16705)   Other: 0.4ms
[2020-12-21T10:29:49.757-0500][gc,heap        ] GC(16705) Eden regions: 8->0(8)
[2020-12-21T10:29:49.757-0500][gc,heap        ] GC(16705) Survivor regions: 1->1(2)
[2020-12-21T10:29:49.757-0500][gc,heap        ] GC(16705) Old regions: 42->42
[2020-12-21T10:29:49.757-0500][gc,heap        ] GC(16705) Humongous regions: 4->4
[2020-12-21T10:29:49.757-0500][gc,metaspace   ] GC(16705) Metaspace: 49949K->49949K(1093632K)
[2020-12-21T10:29:49.757-0500][gc,heap        ] GC(16705) Heap after GC invocations=16706 (full 3383): garbage-first heap   total 64512K, used 43443K [0x0000000083000000, 0x0000000100000000)
[2020-12-21T10:29:49.757-0500][gc,heap        ] GC(16705)   region size 1024K, 1 young (1024K), 1 survivors (1024K)
[2020-12-21T10:29:49.757-0500][gc,heap        ] GC(16705)  Metaspace       used 49949K, capacity 52104K, committed 53632K, reserved 1093632K
[2020-12-21T10:29:49.757-0500][gc,heap        ] GC(16705)   class space    used 7422K, capacity 8193K, committed 8832K, reserved 1048576K
[2020-12-21T10:29:49.757-0500][gc             ] GC(16705) Pause Young (Normal) (G1 Evacuation Pause) 50M->42M(63M) 23.283ms
[2020-12-21T10:29:49.757-0500][gc,cpu         ] GC(16705) User=0.11s Sys=0.00s Real=0.02s
[2020-12-21T10:31:19.952-0500][gc,heap        ] GC(16706) Heap before GC invocations=16706 (full 3383): garbage-first heap   total 64512K, used 50611K [0x0000000083000000, 0x0000000100000000)
[2020-12-21T10:31:19.952-0500][gc,heap        ] GC(16706)   region size 1024K, 9 young (9216K), 1 survivors (1024K)
[2020-12-21T10:31:19.952-0500][gc,heap        ] GC(16706)  Metaspace       used 49949K, capacity 52104K, committed 53632K, reserved 1093632K
[2020-12-21T10:31:19.952-0500][gc,heap        ] GC(16706)   class space    used 7422K, capacity 8193K, committed 8832K, reserved 1048576K
[2020-12-21T10:31:19.952-0500][gc,start       ] GC(16706) Pause Young (Normal) (G1 Evacuation Pause)
[2020-12-21T10:31:19.952-0500][gc,task        ] GC(16706) Using 8 workers of 8 for evacuation
[2020-12-21T10:31:19.955-0500][gc,phases      ] GC(16706)   Pre Evacuate Collection Set: 0.0ms
[2020-12-21T10:31:19.955-0500][gc,phases      ] GC(16706)   Evacuate Collection Set: 0.9ms
[2020-12-21T10:31:19.955-0500][gc,phases      ] GC(16706)   Post Evacuate Collection Set: 1.7ms
[2020-12-21T10:31:19.955-0500][gc,phases      ] GC(16706)   Other: 0.3ms
[2020-12-21T10:31:19.955-0500][gc,heap        ] GC(16706) Eden regions: 8->0(8)
[2020-12-21T10:31:19.955-0500][gc,heap        ] GC(16706) Survivor regions: 1->1(2)
[2020-12-21T10:31:19.955-0500][gc,heap        ] GC(16706) Old regions: 42->42
[2020-12-21T10:31:19.955-0500][gc,heap        ] GC(16706) Humongous regions: 4->4
[2020-12-21T10:31:19.955-0500][gc,metaspace   ] GC(16706) Metaspace: 49949K->49949K(1093632K)
[2020-12-21T10:31:19.955-0500][gc,heap        ] GC(16706) Heap after GC invocations=16707 (full 3383): garbage-first heap   total 64512K, used 43329K [0x0000000083000000, 0x0000000100000000)
[2020-12-21T10:31:19.955-0500][gc,heap        ] GC(16706)   region size 1024K, 1 young (1024K), 1 survivors (1024K)
[2020-12-21T10:31:19.955-0500][gc,heap        ] GC(16706)  Metaspace       used 49949K, capacity 52104K, committed 53632K, reserved 1093632K
[2020-12-21T10:31:19.955-0500][gc,heap        ] GC(16706)   class space    used 7422K, capacity 8193K, committed 8832K, reserved 1048576K
[2020-12-21T10:31:19.955-0500][gc             ] GC(16706) Pause Young (Normal) (G1 Evacuation Pause) 50M->42M(63M) 2.985ms
[2020-12-21T10:31:19.955-0500][gc,cpu         ] GC(16706) User=0.01s Sys=0.00s Real=0.00s
[2020-12-21T10:31:45.197-0500][gc,task        ] GC(16707) Using 5 workers of 8 for full compaction
[2020-12-21T10:31:45.197-0500][gc,start       ] GC(16707) Pause Full (System.gc())
[2020-12-21T10:31:45.197-0500][gc,heap        ] GC(16707) Heap before GC invocations=16707 (full 3383): garbage-first heap   total 64512K, used 44353K [0x0000000083000000, 0x0000000100000000)
[2020-12-21T10:31:45.197-0500][gc,heap        ] GC(16707)   region size 1024K, 3 young (3072K), 1 survivors (1024K)
[2020-12-21T10:31:45.197-0500][gc,heap        ] GC(16707)  Metaspace       used 49949K, capacity 52104K, committed 53632K, reserved 1093632K
[2020-12-21T10:31:45.197-0500][gc,heap        ] GC(16707)   class space    used 7422K, capacity 8193K, committed 8832K, reserved 1048576K
[2020-12-21T10:31:45.197-0500][gc,phases,start] GC(16707) Phase 1: Mark live objects
[2020-12-21T10:31:45.226-0500][gc,stringtable ] GC(16707) Cleaned string and symbol table, strings: 33107 processed, 4 removed, symbols: 120816 processed, 0 removed
[2020-12-21T10:31:45.226-0500][gc,phases      ] GC(16707) Phase 1: Mark live objects 28.784ms
[2020-12-21T10:31:45.226-0500][gc,phases,start] GC(16707) Phase 2: Prepare for compaction
[2020-12-21T10:31:45.231-0500][gc,phases      ] GC(16707) Phase 2: Prepare for compaction 4.772ms
[2020-12-21T10:31:45.231-0500][gc,phases,start] GC(16707) Phase 3: Adjust pointers
[2020-12-21T10:31:45.250-0500][gc,phases      ] GC(16707) Phase 3: Adjust pointers 19.635ms
[2020-12-21T10:31:45.250-0500][gc,phases,start] GC(16707) Phase 4: Compact heap
[2020-12-21T10:31:45.253-0500][gc,phases      ] GC(16707) Phase 4: Compact heap 2.847ms
[2020-12-21T10:31:45.261-0500][gc,heap        ] GC(16707) Eden regions: 2->0(9)
[2020-12-21T10:31:45.261-0500][gc,heap        ] GC(16707) Survivor regions: 1->0(2)
[2020-12-21T10:31:45.261-0500][gc,heap        ] GC(16707) Old regions: 42->42
[2020-12-21T10:31:45.261-0500][gc,heap        ] GC(16707) Humongous regions: 4->4
[2020-12-21T10:31:45.261-0500][gc,metaspace   ] GC(16707) Metaspace: 49949K->49949K(1093632K)
[2020-12-21T10:31:45.261-0500][gc,heap        ] GC(16707) Heap after GC invocations=16708 (full 3384): garbage-first heap   total 64512K, used 43204K [0x0000000083000000, 0x0000000100000000)
[2020-12-21T10:31:45.261-0500][gc,heap        ] GC(16707)   region size 1024K, 0 young (0K), 0 survivors (0K)
[2020-12-21T10:31:45.261-0500][gc,heap        ] GC(16707)  Metaspace       used 49949K, capacity 52104K, committed 53632K, reserved 1093632K
[2020-12-21T10:31:45.261-0500][gc,heap        ] GC(16707)   class space    used 7422K, capacity 8193K, committed 8832K, reserved 1048576K
[2020-12-21T10:31:45.261-0500][gc             ] GC(16707) Pause Full (System.gc()) 44M->42M(63M) 64.521ms
[2020-12-21T10:31:45.261-0500][gc,cpu         ] GC(16707) User=0.26s Sys=0.00s Real=0.07s
[2020-12-21T10:33:20.252-0500][gc,heap        ] GC(16708) Heap before GC invocations=16708 (full 3384): garbage-first heap   total 64512K, used 51396K [0x0000000083000000, 0x0000000100000000)
[2020-12-21T10:33:20.252-0500][gc,heap        ] GC(16708)   region size 1024K, 9 young (9216K), 0 survivors (0K)
[2020-12-21T10:33:20.252-0500][gc,heap        ] GC(16708)  Metaspace       used 49949K, capacity 52104K, committed 53632K, reserved 1093632K
[2020-12-21T10:33:20.252-0500][gc,heap        ] GC(16708)   class space    used 7422K, capacity 8193K, committed 8832K, reserved 1048576K
[2020-12-21T10:33:20.252-0500][gc,start       ] GC(16708) Pause Young (Normal) (G1 Evacuation Pause)
[2020-12-21T10:33:20.252-0500][gc,task        ] GC(16708) Using 8 workers of 8 for evacuation
[2020-12-21T10:33:20.254-0500][gc,phases      ] GC(16708)   Pre Evacuate Collection Set: 0.0ms
[2020-12-21T10:33:20.254-0500][gc,phases      ] GC(16708)   Evacuate Collection Set: 0.5ms
[2020-12-21T10:33:20.254-0500][gc,phases      ] GC(16708)   Post Evacuate Collection Set: 1.2ms
[2020-12-21T10:33:20.254-0500][gc,phases      ] GC(16708)   Other: 0.2ms
[2020-12-21T10:33:20.254-0500][gc,heap        ] GC(16708) Eden regions: 9->0(8)
[2020-12-21T10:33:20.254-0500][gc,heap        ] GC(16708) Survivor regions: 0->1(2)
[2020-12-21T10:33:20.254-0500][gc,heap        ] GC(16708) Old regions: 42->42
[2020-12-21T10:33:20.254-0500][gc,heap        ] GC(16708) Humongous regions: 4->4
[2020-12-21T10:33:20.254-0500][gc,metaspace   ] GC(16708) Metaspace: 49949K->49949K(1093632K)
[2020-12-21T10:33:20.254-0500][gc,heap        ] GC(16708) Heap after GC invocations=16709 (full 3384): garbage-first heap   total 64512K, used 43311K [0x0000000083000000, 0x0000000100000000)
[2020-12-21T10:33:20.254-0500][gc,heap        ] GC(16708)   region size 1024K, 1 young (1024K), 1 survivors (1024K)
[2020-12-21T10:33:20.254-0500][gc,heap        ] GC(16708)  Metaspace       used 49949K, capacity 52104K, committed 53632K, reserved 1093632K
[2020-12-21T10:33:20.254-0500][gc,heap        ] GC(16708)   class space    used 7422K, capacity 8193K, committed 8832K, reserved 1048576K
[2020-12-21T10:33:20.254-0500][gc             ] GC(16708) Pause Young (Normal) (G1 Evacuation Pause) 51M->42M(63M) 1.933ms
[2020-12-21T10:33:20.254-0500][gc,cpu         ] GC(16708) User=0.01s Sys=0.00s Real=0.00s
[2020-12-21T10:34:50.467-0500][gc,heap        ] GC(16709) Heap before GC invocations=16709 (full 3384): garbage-first heap   total 64512K, used 50479K [0x0000000083000000, 0x0000000100000000)
[2020-12-21T10:34:50.467-0500][gc,heap        ] GC(16709)   region size 1024K, 9 young (9216K), 1 survivors (1024K)
[2020-12-21T10:34:50.467-0500][gc,heap        ] GC(16709)  Metaspace       used 49949K, capacity 52104K, committed 53632K, reserved 1093632K
[2020-12-21T10:34:50.467-0500][gc,heap        ] GC(16709)   class space    used 7422K, capacity 8193K, committed 8832K, reserved 1048576K
[2020-12-21T10:34:50.467-0500][gc,start       ] GC(16709) Pause Young (Normal) (G1 Evacuation Pause)
[2020-12-21T10:34:50.467-0500][gc,task        ] GC(16709) Using 8 workers of 8 for evacuation
[2020-12-21T10:34:50.469-0500][gc,phases      ] GC(16709)   Pre Evacuate Collection Set: 0.0ms
[2020-12-21T10:34:50.469-0500][gc,phases      ] GC(16709)   Evacuate Collection Set: 1.0ms
[2020-12-21T10:34:50.469-0500][gc,phases      ] GC(16709)   Post Evacuate Collection Set: 0.8ms
[2020-12-21T10:34:50.469-0500][gc,phases      ] GC(16709)   Other: 0.2ms
[2020-12-21T10:34:50.469-0500][gc,heap        ] GC(16709) Eden regions: 8->0(8)
[2020-12-21T10:34:50.469-0500][gc,heap        ] GC(16709) Survivor regions: 1->1(2)
[2020-12-21T10:34:50.469-0500][gc,heap        ] GC(16709) Old regions: 42->42
[2020-12-21T10:34:50.469-0500][gc,heap        ] GC(16709) Humongous regions: 4->4
[2020-12-21T10:34:50.469-0500][gc,metaspace   ] GC(16709) Metaspace: 49949K->49949K(1093632K)
[2020-12-21T10:34:50.469-0500][gc,heap        ] GC(16709) Heap after GC invocations=16710 (full 3384): garbage-first heap   total 64512K, used 43293K [0x0000000083000000, 0x0000000100000000)
[2020-12-21T10:34:50.469-0500][gc,heap        ] GC(16709)   region size 1024K, 1 young (1024K), 1 survivors (1024K)
[2020-12-21T10:34:50.469-0500][gc,heap        ] GC(16709)  Metaspace       used 49949K, capacity 52104K, committed 53632K, reserved 1093632K
[2020-12-21T10:34:50.469-0500][gc,heap        ] GC(16709)   class space    used 7422K, capacity 8193K, committed 8832K, reserved 1048576K
[2020-12-21T10:34:50.469-0500][gc             ] GC(16709) Pause Young (Normal) (G1 Evacuation Pause) 50M->42M(63M) 2.086ms
[2020-12-21T10:34:50.469-0500][gc,cpu         ] GC(16709) User=0.01s Sys=0.00s Real=0.01s
[2020-12-21T10:36:16.015-0500][gc,heap        ] GC(16710) Heap before GC invocations=16710 (full 3384): garbage-first heap   total 64512K, used 50461K [0x0000000083000000, 0x0000000100000000)
[2020-12-21T10:36:16.015-0500][gc,heap        ] GC(16710)   region size 1024K, 9 young (9216K), 1 survivors (1024K)
[2020-12-21T10:36:16.015-0500][gc,heap        ] GC(16710)  Metaspace       used 49949K, capacity 52104K, committed 53632K, reserved 1093632K
[2020-12-21T10:36:16.015-0500][gc,heap        ] GC(16710)   class space    used 7422K, capacity 8193K, committed 8832K, reserved 1048576K
[2020-12-21T10:36:16.015-0500][gc,start       ] GC(16710) Pause Young (Normal) (G1 Evacuation Pause)
[2020-12-21T10:36:16.015-0500][gc,task        ] GC(16710) Using 8 workers of 8 for evacuation
[2020-12-21T10:36:16.019-0500][gc,phases      ] GC(16710)   Pre Evacuate Collection Set: 0.0ms
[2020-12-21T10:36:16.019-0500][gc,phases      ] GC(16710)   Evacuate Collection Set: 2.5ms
[2020-12-21T10:36:16.019-0500][gc,phases      ] GC(16710)   Post Evacuate Collection Set: 0.8ms
[2020-12-21T10:36:16.019-0500][gc,phases      ] GC(16710)   Other: 0.2ms
[2020-12-21T10:36:16.019-0500][gc,heap        ] GC(16710) Eden regions: 8->0(8)
[2020-12-21T10:36:16.019-0500][gc,heap        ] GC(16710) Survivor regions: 1->1(2)
[2020-12-21T10:36:16.019-0500][gc,heap        ] GC(16710) Old regions: 42->42
[2020-12-21T10:36:16.019-0500][gc,heap        ] GC(16710) Humongous regions: 4->4
[2020-12-21T10:36:16.019-0500][gc,metaspace   ] GC(16710) Metaspace: 49949K->49949K(1093632K)
[2020-12-21T10:36:16.019-0500][gc,heap        ] GC(16710) Heap after GC invocations=16711 (full 3384): garbage-first heap   total 64512K, used 43276K [0x0000000083000000, 0x0000000100000000)
[2020-12-21T10:36:16.019-0500][gc,heap        ] GC(16710)   region size 1024K, 1 young (1024K), 1 survivors (1024K)
[2020-12-21T10:36:16.019-0500][gc,heap        ] GC(16710)  Metaspace       used 49949K, capacity 52104K, committed 53632K, reserved 1093632K
[2020-12-21T10:36:16.019-0500][gc,heap        ] GC(16710)   class space    used 7422K, capacity 8193K, committed 8832K, reserved 1048576K
[2020-12-21T10:36:16.019-0500][gc             ] GC(16710) Pause Young (Normal) (G1 Evacuation Pause) 50M->42M(63M) 3.733ms
[2020-12-21T10:36:16.019-0500][gc,cpu         ] GC(16710) User=0.02s Sys=0.00s Real=0.01s
[2020-12-21T10:36:45.192-0500][gc,task        ] GC(16711) Using 5 workers of 8 for full compaction
[2020-12-21T10:36:45.192-0500][gc,start       ] GC(16711) Pause Full (System.gc())
[2020-12-21T10:36:45.192-0500][gc,heap        ] GC(16711) Heap before GC invocations=16711 (full 3384): garbage-first heap   total 64512K, used 45324K [0x0000000083000000, 0x0000000100000000)
[2020-12-21T10:36:45.192-0500][gc,heap        ] GC(16711)   region size 1024K, 4 young (4096K), 1 survivors (1024K)
[2020-12-21T10:36:45.192-0500][gc,heap        ] GC(16711)  Metaspace       used 49949K, capacity 52104K, committed 53632K, reserved 1093632K
[2020-12-21T10:36:45.192-0500][gc,heap        ] GC(16711)   class space    used 7422K, capacity 8193K, committed 8832K, reserved 1048576K
[2020-12-21T10:36:45.192-0500][gc,phases,start] GC(16711) Phase 1: Mark live objects
[2020-12-21T10:36:45.227-0500][gc,stringtable ] GC(16711) Cleaned string and symbol table, strings: 33107 processed, 4 removed, symbols: 120816 processed, 0 removed
[2020-12-21T10:36:45.227-0500][gc,phases      ] GC(16711) Phase 1: Mark live objects 34.714ms
[2020-12-21T10:36:45.227-0500][gc,phases,start] GC(16711) Phase 2: Prepare for compaction
[2020-12-21T10:36:45.233-0500][gc,phases      ] GC(16711) Phase 2: Prepare for compaction 5.946ms
[2020-12-21T10:36:45.233-0500][gc,phases,start] GC(16711) Phase 3: Adjust pointers
[2020-12-21T10:36:45.251-0500][gc,phases      ] GC(16711) Phase 3: Adjust pointers 18.053ms
[2020-12-21T10:36:45.251-0500][gc,phases,start] GC(16711) Phase 4: Compact heap
[2020-12-21T10:36:45.256-0500][gc,phases      ] GC(16711) Phase 4: Compact heap 4.203ms
[2020-12-21T10:36:45.264-0500][gc,heap        ] GC(16711) Eden regions: 3->0(9)
[2020-12-21T10:36:45.264-0500][gc,heap        ] GC(16711) Survivor regions: 1->0(2)
[2020-12-21T10:36:45.264-0500][gc,heap        ] GC(16711) Old regions: 42->42
[2020-12-21T10:36:45.264-0500][gc,heap        ] GC(16711) Humongous regions: 4->4
[2020-12-21T10:36:45.264-0500][gc,metaspace   ] GC(16711) Metaspace: 49949K->49949K(1093632K)
[2020-12-21T10:36:45.264-0500][gc,heap        ] GC(16711) Heap after GC invocations=16712 (full 3385): garbage-first heap   total 64512K, used 43205K [0x0000000083000000, 0x0000000100000000)
[2020-12-21T10:36:45.264-0500][gc,heap        ] GC(16711)   region size 1024K, 0 young (0K), 0 survivors (0K)
[2020-12-21T10:36:45.264-0500][gc,heap        ] GC(16711)  Metaspace       used 49949K, capacity 52104K, committed 53632K, reserved 1093632K
[2020-12-21T10:36:45.264-0500][gc,heap        ] GC(16711)   class space    used 7422K, capacity 8193K, committed 8832K, reserved 1048576K
[2020-12-21T10:36:45.264-0500][gc             ] GC(16711) Pause Full (System.gc()) 44M->42M(63M) 72.102ms
[2020-12-21T10:36:45.264-0500][gc,cpu         ] GC(16711) User=0.30s Sys=0.00s Real=0.07s
[2020-12-21T10:38:20.929-0500][gc,heap        ] GC(16712) Heap before GC invocations=16712 (full 3385): garbage-first heap   total 64512K, used 51397K [0x0000000083000000, 0x0000000100000000)
[2020-12-21T10:38:20.929-0500][gc,heap        ] GC(16712)   region size 1024K, 9 young (9216K), 0 survivors (0K)
[2020-12-21T10:38:20.929-0500][gc,heap        ] GC(16712)  Metaspace       used 49949K, capacity 52104K, committed 53632K, reserved 1093632K
[2020-12-21T10:38:20.929-0500][gc,heap        ] GC(16712)   class space    used 7422K, capacity 8193K, committed 8832K, reserved 1048576K
[2020-12-21T10:38:20.929-0500][gc,start       ] GC(16712) Pause Young (Normal) (G1 Evacuation Pause)
[2020-12-21T10:38:20.929-0500][gc,task        ] GC(16712) Using 8 workers of 8 for evacuation
[2020-12-21T10:38:20.934-0500][gc,phases      ] GC(16712)   Pre Evacuate Collection Set: 0.0ms
[2020-12-21T10:38:20.934-0500][gc,phases      ] GC(16712)   Evacuate Collection Set: 3.0ms
[2020-12-21T10:38:20.934-0500][gc,phases      ] GC(16712)   Post Evacuate Collection Set: 1.8ms
[2020-12-21T10:38:20.934-0500][gc,phases      ] GC(16712)   Other: 0.2ms
[2020-12-21T10:38:20.934-0500][gc,heap        ] GC(16712) Eden regions: 9->0(8)
[2020-12-21T10:38:20.934-0500][gc,heap        ] GC(16712) Survivor regions: 0->1(2)
[2020-12-21T10:38:20.934-0500][gc,heap        ] GC(16712) Old regions: 42->42
[2020-12-21T10:38:20.934-0500][gc,heap        ] GC(16712) Humongous regions: 4->4
[2020-12-21T10:38:20.934-0500][gc,metaspace   ] GC(16712) Metaspace: 49949K->49949K(1093632K)
[2020-12-21T10:38:20.934-0500][gc,heap        ] GC(16712) Heap after GC invocations=16713 (full 3385): garbage-first heap   total 64512K, used 43353K [0x0000000083000000, 0x0000000100000000)
[2020-12-21T10:38:20.934-0500][gc,heap        ] GC(16712)   region size 1024K, 1 young (1024K), 1 survivors (1024K)
[2020-12-21T10:38:20.934-0500][gc,heap        ] GC(16712)  Metaspace       used 49949K, capacity 52104K, committed 53632K, reserved 1093632K
[2020-12-21T10:38:20.934-0500][gc,heap        ] GC(16712)   class space    used 7422K, capacity 8193K, committed 8832K, reserved 1048576K
[2020-12-21T10:38:20.934-0500][gc             ] GC(16712) Pause Young (Normal) (G1 Evacuation Pause) 51M->42M(63M) 5.100ms
[2020-12-21T10:38:20.934-0500][gc,cpu         ] GC(16712) User=0.02s Sys=0.00s Real=0.00s
[2020-12-21T10:39:47.718-0500][gc,heap        ] GC(16713) Heap before GC invocations=16713 (full 3385): garbage-first heap   total 64512K, used 50521K [0x0000000083000000, 0x0000000100000000)
[2020-12-21T10:39:47.718-0500][gc,heap        ] GC(16713)   region size 1024K, 9 young (9216K), 1 survivors (1024K)
[2020-12-21T10:39:47.718-0500][gc,heap        ] GC(16713)  Metaspace       used 49949K, capacity 52104K, committed 53632K, reserved 1093632K
[2020-12-21T10:39:47.718-0500][gc,heap        ] GC(16713)   class space    used 7422K, capacity 8193K, committed 8832K, reserved 1048576K
[2020-12-21T10:39:47.718-0500][gc,start       ] GC(16713) Pause Young (Normal) (G1 Evacuation Pause)
[2020-12-21T10:39:47.718-0500][gc,task        ] GC(16713) Using 8 workers of 8 for evacuation
[2020-12-21T10:39:47.724-0500][gc,phases      ] GC(16713)   Pre Evacuate Collection Set: 0.0ms
[2020-12-21T10:39:47.725-0500][gc,phases      ] GC(16713)   Evacuate Collection Set: 3.5ms
[2020-12-21T10:39:47.725-0500][gc,phases      ] GC(16713)   Post Evacuate Collection Set: 2.6ms
[2020-12-21T10:39:47.725-0500][gc,phases      ] GC(16713)   Other: 0.5ms
[2020-12-21T10:39:47.725-0500][gc,heap        ] GC(16713) Eden regions: 8->0(8)
[2020-12-21T10:39:47.725-0500][gc,heap        ] GC(16713) Survivor regions: 1->1(2)
[2020-12-21T10:39:47.725-0500][gc,heap        ] GC(16713) Old regions: 42->42
[2020-12-21T10:39:47.725-0500][gc,heap        ] GC(16713) Humongous regions: 4->4
[2020-12-21T10:39:47.725-0500][gc,metaspace   ] GC(16713) Metaspace: 49949K->49949K(1093632K)
[2020-12-21T10:39:47.725-0500][gc,heap        ] GC(16713) Heap after GC invocations=16714 (full 3385): garbage-first heap   total 64512K, used 43257K [0x0000000083000000, 0x0000000100000000)
[2020-12-21T10:39:47.725-0500][gc,heap        ] GC(16713)   region size 1024K, 1 young (1024K), 1 survivors (1024K)
[2020-12-21T10:39:47.725-0500][gc,heap        ] GC(16713)  Metaspace       used 49949K, capacity 52104K, committed 53632K, reserved 1093632K
[2020-12-21T10:39:47.725-0500][gc,heap        ] GC(16713)   class space    used 7422K, capacity 8193K, committed 8832K, reserved 1048576K
[2020-12-21T10:39:47.725-0500][gc             ] GC(16713) Pause Young (Normal) (G1 Evacuation Pause) 50M->42M(63M) 6.746ms
[2020-12-21T10:39:47.725-0500][gc,cpu         ] GC(16713) User=0.02s Sys=0.00s Real=0.00s
[2020-12-21T10:41:16.014-0500][gc,heap        ] GC(16714) Heap before GC invocations=16714 (full 3385): garbage-first heap   total 64512K, used 50425K [0x0000000083000000, 0x0000000100000000)
[2020-12-21T10:41:16.014-0500][gc,heap        ] GC(16714)   region size 1024K, 9 young (9216K), 1 survivors (1024K)
[2020-12-21T10:41:16.014-0500][gc,heap        ] GC(16714)  Metaspace       used 49949K, capacity 52104K, committed 53632K, reserved 1093632K
[2020-12-21T10:41:16.014-0500][gc,heap        ] GC(16714)   class space    used 7422K, capacity 8193K, committed 8832K, reserved 1048576K
[2020-12-21T10:41:16.014-0500][gc,start       ] GC(16714) Pause Young (Normal) (G1 Evacuation Pause)
[2020-12-21T10:41:16.014-0500][gc,task        ] GC(16714) Using 8 workers of 8 for evacuation
[2020-12-21T10:41:16.021-0500][gc,phases      ] GC(16714)   Pre Evacuate Collection Set: 0.0ms
[2020-12-21T10:41:16.021-0500][gc,phases      ] GC(16714)   Evacuate Collection Set: 1.4ms
[2020-12-21T10:41:16.021-0500][gc,phases      ] GC(16714)   Post Evacuate Collection Set: 5.2ms
[2020-12-21T10:41:16.021-0500][gc,phases      ] GC(16714)   Other: 0.5ms
[2020-12-21T10:41:16.021-0500][gc,heap        ] GC(16714) Eden regions: 8->0(8)
[2020-12-21T10:41:16.021-0500][gc,heap        ] GC(16714) Survivor regions: 1->1(2)
[2020-12-21T10:41:16.021-0500][gc,heap        ] GC(16714) Old regions: 42->42
[2020-12-21T10:41:16.021-0500][gc,heap        ] GC(16714) Humongous regions: 4->4
[2020-12-21T10:41:16.021-0500][gc,metaspace   ] GC(16714) Metaspace: 49949K->49949K(1093632K)
[2020-12-21T10:41:16.021-0500][gc,heap        ] GC(16714) Heap after GC invocations=16715 (full 3385): garbage-first heap   total 64512K, used 43275K [0x0000000083000000, 0x0000000100000000)
[2020-12-21T10:41:16.021-0500][gc,heap        ] GC(16714)   region size 1024K, 1 young (1024K), 1 survivors (1024K)
[2020-12-21T10:41:16.021-0500][gc,heap        ] GC(16714)  Metaspace       used 49949K, capacity 52104K, committed 53632K, reserved 1093632K
[2020-12-21T10:41:16.021-0500][gc,heap        ] GC(16714)   class space    used 7422K, capacity 8193K, committed 8832K, reserved 1048576K
[2020-12-21T10:41:16.021-0500][gc             ] GC(16714) Pause Young (Normal) (G1 Evacuation Pause) 50M->42M(63M) 7.345ms
[2020-12-21T10:41:16.021-0500][gc,cpu         ] GC(16714) User=0.03s Sys=0.00s Real=0.01s
[2020-12-21T10:41:45.192-0500][gc,task        ] GC(16715) Using 5 workers of 8 for full compaction
[2020-12-21T10:41:45.192-0500][gc,start       ] GC(16715) Pause Full (System.gc())
[2020-12-21T10:41:45.192-0500][gc,heap        ] GC(16715) Heap before GC invocations=16715 (full 3385): garbage-first heap   total 64512K, used 44299K [0x0000000083000000, 0x0000000100000000)
[2020-12-21T10:41:45.192-0500][gc,heap        ] GC(16715)   region size 1024K, 4 young (4096K), 1 survivors (1024K)
[2020-12-21T10:41:45.192-0500][gc,heap        ] GC(16715)  Metaspace       used 49949K, capacity 52104K, committed 53632K, reserved 1093632K
[2020-12-21T10:41:45.192-0500][gc,heap        ] GC(16715)   class space    used 7422K, capacity 8193K, committed 8832K, reserved 1048576K
[2020-12-21T10:41:45.193-0500][gc,phases,start] GC(16715) Phase 1: Mark live objects
[2020-12-21T10:41:45.222-0500][gc,stringtable ] GC(16715) Cleaned string and symbol table, strings: 33107 processed, 4 removed, symbols: 120816 processed, 0 removed
[2020-12-21T10:41:45.222-0500][gc,phases      ] GC(16715) Phase 1: Mark live objects 29.954ms
[2020-12-21T10:41:45.222-0500][gc,phases,start] GC(16715) Phase 2: Prepare for compaction
[2020-12-21T10:41:45.226-0500][gc,phases      ] GC(16715) Phase 2: Prepare for compaction 3.245ms
[2020-12-21T10:41:45.226-0500][gc,phases,start] GC(16715) Phase 3: Adjust pointers
[2020-12-21T10:41:45.238-0500][gc,phases      ] GC(16715) Phase 3: Adjust pointers 12.345ms
[2020-12-21T10:41:45.238-0500][gc,phases,start] GC(16715) Phase 4: Compact heap
[2020-12-21T10:41:45.241-0500][gc,phases      ] GC(16715) Phase 4: Compact heap 3.025ms
[2020-12-21T10:41:45.247-0500][gc,heap        ] GC(16715) Eden regions: 3->0(10)
[2020-12-21T10:41:45.247-0500][gc,heap        ] GC(16715) Survivor regions: 1->0(2)
[2020-12-21T10:41:45.247-0500][gc,heap        ] GC(16715) Old regions: 42->41
[2020-12-21T10:41:45.247-0500][gc,heap        ] GC(16715) Humongous regions: 4->4
[2020-12-21T10:41:45.247-0500][gc,metaspace   ] GC(16715) Metaspace: 49949K->49949K(1093632K)
[2020-12-21T10:41:45.247-0500][gc,heap        ] GC(16715) Heap after GC invocations=16716 (full 3386): garbage-first heap   total 64512K, used 43206K [0x0000000083000000, 0x0000000100000000)
[2020-12-21T10:41:45.247-0500][gc,heap        ] GC(16715)   region size 1024K, 0 young (0K), 0 survivors (0K)
[2020-12-21T10:41:45.247-0500][gc,heap        ] GC(16715)  Metaspace       used 49949K, capacity 52104K, committed 53632K, reserved 1093632K
[2020-12-21T10:41:45.247-0500][gc,heap        ] GC(16715)   class space    used 7422K, capacity 8193K, committed 8832K, reserved 1048576K
[2020-12-21T10:41:45.247-0500][gc             ] GC(16715) Pause Full (System.gc()) 44M->42M(63M) 55.387ms
[2020-12-21T10:41:45.247-0500][gc,cpu         ] GC(16715) User=0.22s Sys=0.00s Real=0.05s
[2020-12-21T10:43:36.013-0500][gc,heap        ] GC(16716) Heap before GC invocations=16716 (full 3386): garbage-first heap   total 64512K, used 52422K [0x0000000083000000, 0x0000000100000000)
[2020-12-21T10:43:36.013-0500][gc,heap        ] GC(16716)   region size 1024K, 10 young (10240K), 0 survivors (0K)
[2020-12-21T10:43:36.013-0500][gc,heap        ] GC(16716)  Metaspace       used 49949K, capacity 52104K, committed 53632K, reserved 1093632K
[2020-12-21T10:43:36.013-0500][gc,heap        ] GC(16716)   class space    used 7422K, capacity 8193K, committed 8832K, reserved 1048576K
[2020-12-21T10:43:36.013-0500][gc,start       ] GC(16716) Pause Young (Normal) (G1 Evacuation Pause)
[2020-12-21T10:43:36.013-0500][gc,task        ] GC(16716) Using 8 workers of 8 for evacuation
[2020-12-21T10:43:36.020-0500][gc,phases      ] GC(16716)   Pre Evacuate Collection Set: 0.0ms
[2020-12-21T10:43:36.020-0500][gc,phases      ] GC(16716)   Evacuate Collection Set: 0.8ms
[2020-12-21T10:43:36.020-0500][gc,phases      ] GC(16716)   Post Evacuate Collection Set: 6.1ms
[2020-12-21T10:43:36.020-0500][gc,phases      ] GC(16716)   Other: 0.2ms
[2020-12-21T10:43:36.020-0500][gc,heap        ] GC(16716) Eden regions: 10->0(9)
[2020-12-21T10:43:36.020-0500][gc,heap        ] GC(16716) Survivor regions: 0->1(2)
[2020-12-21T10:43:36.020-0500][gc,heap        ] GC(16716) Old regions: 41->41
[2020-12-21T10:43:36.020-0500][gc,heap        ] GC(16716) Humongous regions: 4->4
[2020-12-21T10:43:36.020-0500][gc,metaspace   ] GC(16716) Metaspace: 49949K->49949K(1093632K)
[2020-12-21T10:43:36.020-0500][gc,heap        ] GC(16716) Heap after GC invocations=16717 (full 3386): garbage-first heap   total 64512K, used 43287K [0x0000000083000000, 0x0000000100000000)
[2020-12-21T10:43:36.020-0500][gc,heap        ] GC(16716)   region size 1024K, 1 young (1024K), 1 survivors (1024K)
[2020-12-21T10:43:36.020-0500][gc,heap        ] GC(16716)  Metaspace       used 49949K, capacity 52104K, committed 53632K, reserved 1093632K
[2020-12-21T10:43:36.020-0500][gc,heap        ] GC(16716)   class space    used 7422K, capacity 8193K, committed 8832K, reserved 1048576K
[2020-12-21T10:43:36.020-0500][gc             ] GC(16716) Pause Young (Normal) (G1 Evacuation Pause) 52M->42M(63M) 7.341ms
[2020-12-21T10:43:36.020-0500][gc,cpu         ] GC(16716) User=0.05s Sys=0.00s Real=0.01s
[2020-12-21T10:45:14.466-0500][gc,heap        ] GC(16717) Heap before GC invocations=16717 (full 3386): garbage-first heap   total 64512K, used 52503K [0x0000000083000000, 0x0000000100000000)
[2020-12-21T10:45:14.466-0500][gc,heap        ] GC(16717)   region size 1024K, 10 young (10240K), 1 survivors (1024K)
[2020-12-21T10:45:14.466-0500][gc,heap        ] GC(16717)  Metaspace       used 49949K, capacity 52104K, committed 53632K, reserved 1093632K
[2020-12-21T10:45:14.466-0500][gc,heap        ] GC(16717)   class space    used 7422K, capacity 8193K, committed 8832K, reserved 1048576K
[2020-12-21T10:45:14.466-0500][gc,start       ] GC(16717) Pause Young (Normal) (G1 Evacuation Pause)
[2020-12-21T10:45:14.466-0500][gc,task        ] GC(16717) Using 8 workers of 8 for evacuation
[2020-12-21T10:45:14.468-0500][gc,phases      ] GC(16717)   Pre Evacuate Collection Set: 0.0ms
[2020-12-21T10:45:14.468-0500][gc,phases      ] GC(16717)   Evacuate Collection Set: 0.5ms
[2020-12-21T10:45:14.468-0500][gc,phases      ] GC(16717)   Post Evacuate Collection Set: 1.3ms
[2020-12-21T10:45:14.468-0500][gc,phases      ] GC(16717)   Other: 0.2ms
[2020-12-21T10:45:14.468-0500][gc,heap        ] GC(16717) Eden regions: 9->0(9)
[2020-12-21T10:45:14.468-0500][gc,heap        ] GC(16717) Survivor regions: 1->1(2)
[2020-12-21T10:45:14.468-0500][gc,heap        ] GC(16717) Old regions: 41->41
[2020-12-21T10:45:14.468-0500][gc,heap        ] GC(16717) Humongous regions: 4->4
[2020-12-21T10:45:14.468-0500][gc,metaspace   ] GC(16717) Metaspace: 49949K->49949K(1093632K)
[2020-12-21T10:45:14.468-0500][gc,heap        ] GC(16717) Heap after GC invocations=16718 (full 3386): garbage-first heap   total 64512K, used 43273K [0x0000000083000000, 0x0000000100000000)
[2020-12-21T10:45:14.468-0500][gc,heap        ] GC(16717)   region size 1024K, 1 young (1024K), 1 survivors (1024K)
[2020-12-21T10:45:14.468-0500][gc,heap        ] GC(16717)  Metaspace       used 49949K, capacity 52104K, committed 53632K, reserved 1093632K
[2020-12-21T10:45:14.468-0500][gc,heap        ] GC(16717)   class space    used 7422K, capacity 8193K, committed 8832K, reserved 1048576K
[2020-12-21T10:45:14.468-0500][gc             ] GC(16717) Pause Young (Normal) (G1 Evacuation Pause) 51M->42M(63M) 2.051ms
[2020-12-21T10:45:14.468-0500][gc,cpu         ] GC(16717) User=0.01s Sys=0.00s Real=0.01s
[2020-12-21T10:46:45.189-0500][gc,task        ] GC(16718) Using 5 workers of 8 for full compaction
[2020-12-21T10:46:45.189-0500][gc,start       ] GC(16718) Pause Full (System.gc())
[2020-12-21T10:46:45.189-0500][gc,heap        ] GC(16718) Heap before GC invocations=16718 (full 3386): garbage-first heap   total 64512K, used 50441K [0x0000000083000000, 0x0000000100000000)
[2020-12-21T10:46:45.189-0500][gc,heap        ] GC(16718)   region size 1024K, 9 young (9216K), 1 survivors (1024K)
[2020-12-21T10:46:45.189-0500][gc,heap        ] GC(16718)  Metaspace       used 49949K, capacity 52104K, committed 53632K, reserved 1093632K
[2020-12-21T10:46:45.189-0500][gc,heap        ] GC(16718)   class space    used 7422K, capacity 8193K, committed 8832K, reserved 1048576K
[2020-12-21T10:46:45.190-0500][gc,phases,start] GC(16718) Phase 1: Mark live objects
[2020-12-21T10:46:45.212-0500][gc,stringtable ] GC(16718) Cleaned string and symbol table, strings: 33107 processed, 4 removed, symbols: 120816 processed, 0 removed
[2020-12-21T10:46:45.212-0500][gc,phases      ] GC(16718) Phase 1: Mark live objects 22.447ms
[2020-12-21T10:46:45.212-0500][gc,phases,start] GC(16718) Phase 2: Prepare for compaction
[2020-12-21T10:46:45.216-0500][gc,phases      ] GC(16718) Phase 2: Prepare for compaction 3.962ms
[2020-12-21T10:46:45.216-0500][gc,phases,start] GC(16718) Phase 3: Adjust pointers
[2020-12-21T10:46:45.227-0500][gc,phases      ] GC(16718) Phase 3: Adjust pointers 11.010ms
[2020-12-21T10:46:45.227-0500][gc,phases,start] GC(16718) Phase 4: Compact heap
[2020-12-21T10:46:45.230-0500][gc,phases      ] GC(16718) Phase 4: Compact heap 2.523ms
[2020-12-21T10:46:45.237-0500][gc,heap        ] GC(16718) Eden regions: 8->0(9)
[2020-12-21T10:46:45.237-0500][gc,heap        ] GC(16718) Survivor regions: 1->0(2)
[2020-12-21T10:46:45.237-0500][gc,heap        ] GC(16718) Old regions: 41->42
[2020-12-21T10:46:45.237-0500][gc,heap        ] GC(16718) Humongous regions: 4->4
[2020-12-21T10:46:45.237-0500][gc,metaspace   ] GC(16718) Metaspace: 49949K->49949K(1093632K)
[2020-12-21T10:46:45.237-0500][gc,heap        ] GC(16718) Heap after GC invocations=16719 (full 3387): garbage-first heap   total 64512K, used 43231K [0x0000000083000000, 0x0000000100000000)
[2020-12-21T10:46:45.237-0500][gc,heap        ] GC(16718)   region size 1024K, 0 young (0K), 0 survivors (0K)
[2020-12-21T10:46:45.237-0500][gc,heap        ] GC(16718)  Metaspace       used 49949K, capacity 52104K, committed 53632K, reserved 1093632K
[2020-12-21T10:46:45.237-0500][gc,heap        ] GC(16718)   class space    used 7422K, capacity 8193K, committed 8832K, reserved 1048576K
[2020-12-21T10:46:45.237-0500][gc             ] GC(16718) Pause Full (System.gc()) 50M->42M(63M) 47.664ms
[2020-12-21T10:46:45.237-0500][gc,cpu         ] GC(16718) User=0.19s Sys=0.00s Real=0.04s
[2020-12-21T10:48:22.388-0500][gc,heap        ] GC(16719) Heap before GC invocations=16719 (full 3387): garbage-first heap   total 64512K, used 51423K [0x0000000083000000, 0x0000000100000000)
[2020-12-21T10:48:22.388-0500][gc,heap        ] GC(16719)   region size 1024K, 9 young (9216K), 0 survivors (0K)
[2020-12-21T10:48:22.388-0500][gc,heap        ] GC(16719)  Metaspace       used 49949K, capacity 52104K, committed 53632K, reserved 1093632K
[2020-12-21T10:48:22.388-0500][gc,heap        ] GC(16719)   class space    used 7422K, capacity 8193K, committed 8832K, reserved 1048576K
[2020-12-21T10:48:22.388-0500][gc,start       ] GC(16719) Pause Young (Normal) (G1 Evacuation Pause)
[2020-12-21T10:48:22.388-0500][gc,task        ] GC(16719) Using 8 workers of 8 for evacuation
[2020-12-21T10:48:22.391-0500][gc,phases      ] GC(16719)   Pre Evacuate Collection Set: 0.0ms
[2020-12-21T10:48:22.391-0500][gc,phases      ] GC(16719)   Evacuate Collection Set: 1.6ms
[2020-12-21T10:48:22.391-0500][gc,phases      ] GC(16719)   Post Evacuate Collection Set: 1.0ms
[2020-12-21T10:48:22.391-0500][gc,phases      ] GC(16719)   Other: 0.3ms
[2020-12-21T10:48:22.391-0500][gc,heap        ] GC(16719) Eden regions: 9->0(8)
[2020-12-21T10:48:22.391-0500][gc,heap        ] GC(16719) Survivor regions: 0->1(2)
[2020-12-21T10:48:22.391-0500][gc,heap        ] GC(16719) Old regions: 42->42
[2020-12-21T10:48:22.391-0500][gc,heap        ] GC(16719) Humongous regions: 4->4
[2020-12-21T10:48:22.391-0500][gc,metaspace   ] GC(16719) Metaspace: 49949K->49949K(1093632K)
[2020-12-21T10:48:22.391-0500][gc,heap        ] GC(16719) Heap after GC invocations=16720 (full 3387): garbage-first heap   total 64512K, used 43316K [0x0000000083000000, 0x0000000100000000)
[2020-12-21T10:48:22.391-0500][gc,heap        ] GC(16719)   region size 1024K, 1 young (1024K), 1 survivors (1024K)
[2020-12-21T10:48:22.391-0500][gc,heap        ] GC(16719)  Metaspace       used 49949K, capacity 52104K, committed 53632K, reserved 1093632K
[2020-12-21T10:48:22.391-0500][gc,heap        ] GC(16719)   class space    used 7422K, capacity 8193K, committed 8832K, reserved 1048576K
[2020-12-21T10:48:22.391-0500][gc             ] GC(16719) Pause Young (Normal) (G1 Evacuation Pause) 51M->42M(63M) 2.987ms
[2020-12-21T10:48:22.392-0500][gc,cpu         ] GC(16719) User=0.01s Sys=0.00s Real=0.00s
[2020-12-21T10:49:51.444-0500][gc,heap        ] GC(16720) Heap before GC invocations=16720 (full 3387): garbage-first heap   total 64512K, used 51508K [0x0000000083000000, 0x0000000100000000)
[2020-12-21T10:49:51.445-0500][gc,heap        ] GC(16720)   region size 1024K, 9 young (9216K), 1 survivors (1024K)
[2020-12-21T10:49:51.445-0500][gc,heap        ] GC(16720)  Metaspace       used 49949K, capacity 52104K, committed 53632K, reserved 1093632K
[2020-12-21T10:49:51.445-0500][gc,heap        ] GC(16720)   class space    used 7422K, capacity 8193K, committed 8832K, reserved 1048576K
[2020-12-21T10:49:51.445-0500][gc,start       ] GC(16720) Pause Young (Normal) (G1 Evacuation Pause)
[2020-12-21T10:49:51.445-0500][gc,task        ] GC(16720) Using 8 workers of 8 for evacuation
[2020-12-21T10:49:51.449-0500][gc,phases      ] GC(16720)   Pre Evacuate Collection Set: 0.0ms
[2020-12-21T10:49:51.450-0500][gc,phases      ] GC(16720)   Evacuate Collection Set: 1.6ms
[2020-12-21T10:49:51.450-0500][gc,phases      ] GC(16720)   Post Evacuate Collection Set: 3.0ms
[2020-12-21T10:49:51.450-0500][gc,phases      ] GC(16720)   Other: 0.5ms
[2020-12-21T10:49:51.450-0500][gc,heap        ] GC(16720) Eden regions: 8->0(8)
[2020-12-21T10:49:51.450-0500][gc,heap        ] GC(16720) Survivor regions: 1->1(2)
[2020-12-21T10:49:51.450-0500][gc,heap        ] GC(16720) Old regions: 42->42
[2020-12-21T10:49:51.450-0500][gc,heap        ] GC(16720) Humongous regions: 4->4
[2020-12-21T10:49:51.450-0500][gc,metaspace   ] GC(16720) Metaspace: 49949K->49949K(1093632K)
[2020-12-21T10:49:51.450-0500][gc,heap        ] GC(16720) Heap after GC invocations=16721 (full 3387): garbage-first heap   total 64512K, used 43280K [0x0000000083000000, 0x0000000100000000)
[2020-12-21T10:49:51.450-0500][gc,heap        ] GC(16720)   region size 1024K, 1 young (1024K), 1 survivors (1024K)
[2020-12-21T10:49:51.450-0500][gc,heap        ] GC(16720)  Metaspace       used 49949K, capacity 52104K, committed 53632K, reserved 1093632K
[2020-12-21T10:49:51.450-0500][gc,heap        ] GC(16720)   class space    used 7422K, capacity 8193K, committed 8832K, reserved 1048576K
[2020-12-21T10:49:51.450-0500][gc             ] GC(16720) Pause Young (Normal) (G1 Evacuation Pause) 50M->42M(63M) 5.209ms
[2020-12-21T10:49:51.450-0500][gc,cpu         ] GC(16720) User=0.01s Sys=0.01s Real=0.01s
[2020-12-21T10:51:16.021-0500][gc,heap        ] GC(16721) Heap before GC invocations=16721 (full 3387): garbage-first heap   total 64512K, used 50448K [0x0000000083000000, 0x0000000100000000)
[2020-12-21T10:51:16.022-0500][gc,heap        ] GC(16721)   region size 1024K, 9 young (9216K), 1 survivors (1024K)
[2020-12-21T10:51:16.022-0500][gc,heap        ] GC(16721)  Metaspace       used 49949K, capacity 52104K, committed 53632K, reserved 1093632K
[2020-12-21T10:51:16.022-0500][gc,heap        ] GC(16721)   class space    used 7422K, capacity 8193K, committed 8832K, reserved 1048576K
[2020-12-21T10:51:16.022-0500][gc,start       ] GC(16721) Pause Young (Normal) (G1 Evacuation Pause)
[2020-12-21T10:51:16.022-0500][gc,task        ] GC(16721) Using 8 workers of 8 for evacuation
[2020-12-21T10:51:16.029-0500][gc,phases      ] GC(16721)   Pre Evacuate Collection Set: 0.0ms
[2020-12-21T10:51:16.029-0500][gc,phases      ] GC(16721)   Evacuate Collection Set: 4.4ms
[2020-12-21T10:51:16.029-0500][gc,phases      ] GC(16721)   Post Evacuate Collection Set: 2.3ms
[2020-12-21T10:51:16.029-0500][gc,phases      ] GC(16721)   Other: 0.6ms
[2020-12-21T10:51:16.029-0500][gc,heap        ] GC(16721) Eden regions: 8->0(8)
[2020-12-21T10:51:16.029-0500][gc,heap        ] GC(16721) Survivor regions: 1->1(2)
[2020-12-21T10:51:16.029-0500][gc,heap        ] GC(16721) Old regions: 42->42
[2020-12-21T10:51:16.029-0500][gc,heap        ] GC(16721) Humongous regions: 4->4
[2020-12-21T10:51:16.029-0500][gc,metaspace   ] GC(16721) Metaspace: 49949K->49949K(1093632K)
[2020-12-21T10:51:16.029-0500][gc,heap        ] GC(16721) Heap after GC invocations=16722 (full 3387): garbage-first heap   total 64512K, used 43284K [0x0000000083000000, 0x0000000100000000)
[2020-12-21T10:51:16.029-0500][gc,heap        ] GC(16721)   region size 1024K, 1 young (1024K), 1 survivors (1024K)
[2020-12-21T10:51:16.029-0500][gc,heap        ] GC(16721)  Metaspace       used 49949K, capacity 52104K, committed 53632K, reserved 1093632K
[2020-12-21T10:51:16.029-0500][gc,heap        ] GC(16721)   class space    used 7422K, capacity 8193K, committed 8832K, reserved 1048576K
[2020-12-21T10:51:16.029-0500][gc             ] GC(16721) Pause Young (Normal) (G1 Evacuation Pause) 50M->42M(63M) 7.364ms
[2020-12-21T10:51:16.029-0500][gc,cpu         ] GC(16721) User=0.03s Sys=0.00s Real=0.01s
[2020-12-21T10:51:45.190-0500][gc,task        ] GC(16722) Using 5 workers of 8 for full compaction
[2020-12-21T10:51:45.190-0500][gc,start       ] GC(16722) Pause Full (System.gc())
[2020-12-21T10:51:45.190-0500][gc,heap        ] GC(16722) Heap before GC invocations=16722 (full 3387): garbage-first heap   total 64512K, used 45332K [0x0000000083000000, 0x0000000100000000)
[2020-12-21T10:51:45.190-0500][gc,heap        ] GC(16722)   region size 1024K, 4 young (4096K), 1 survivors (1024K)
[2020-12-21T10:51:45.190-0500][gc,heap        ] GC(16722)  Metaspace       used 49949K, capacity 52104K, committed 53632K, reserved 1093632K
[2020-12-21T10:51:45.190-0500][gc,heap        ] GC(16722)   class space    used 7422K, capacity 8193K, committed 8832K, reserved 1048576K
[2020-12-21T10:51:45.191-0500][gc,phases,start] GC(16722) Phase 1: Mark live objects
[2020-12-21T10:51:45.231-0500][gc,stringtable ] GC(16722) Cleaned string and symbol table, strings: 33107 processed, 4 removed, symbols: 120816 processed, 0 removed
[2020-12-21T10:51:45.231-0500][gc,phases      ] GC(16722) Phase 1: Mark live objects 40.511ms
[2020-12-21T10:51:45.231-0500][gc,phases,start] GC(16722) Phase 2: Prepare for compaction
[2020-12-21T10:51:45.237-0500][gc,phases      ] GC(16722) Phase 2: Prepare for compaction 6.248ms
[2020-12-21T10:51:45.238-0500][gc,phases,start] GC(16722) Phase 3: Adjust pointers
[2020-12-21T10:51:45.250-0500][gc,phases      ] GC(16722) Phase 3: Adjust pointers 12.111ms
[2020-12-21T10:51:45.250-0500][gc,phases,start] GC(16722) Phase 4: Compact heap
[2020-12-21T10:51:45.252-0500][gc,phases      ] GC(16722) Phase 4: Compact heap 2.728ms
[2020-12-21T10:51:45.259-0500][gc,heap        ] GC(16722) Eden regions: 3->0(10)
[2020-12-21T10:51:45.259-0500][gc,heap        ] GC(16722) Survivor regions: 1->0(2)
[2020-12-21T10:51:45.259-0500][gc,heap        ] GC(16722) Old regions: 42->41
[2020-12-21T10:51:45.259-0500][gc,heap        ] GC(16722) Humongous regions: 4->4
[2020-12-21T10:51:45.259-0500][gc,metaspace   ] GC(16722) Metaspace: 49949K->49949K(1093632K)
[2020-12-21T10:51:45.259-0500][gc,heap        ] GC(16722) Heap after GC invocations=16723 (full 3388): garbage-first heap   total 64512K, used 43201K [0x0000000083000000, 0x0000000100000000)
[2020-12-21T10:51:45.259-0500][gc,heap        ] GC(16722)   region size 1024K, 0 young (0K), 0 survivors (0K)
[2020-12-21T10:51:45.259-0500][gc,heap        ] GC(16722)  Metaspace       used 49949K, capacity 52104K, committed 53632K, reserved 1093632K
[2020-12-21T10:51:45.259-0500][gc,heap        ] GC(16722)   class space    used 7422K, capacity 8193K, committed 8832K, reserved 1048576K
[2020-12-21T10:51:45.259-0500][gc             ] GC(16722) Pause Full (System.gc()) 44M->42M(63M) 68.603ms
[2020-12-21T10:51:45.259-0500][gc,cpu         ] GC(16722) User=0.29s Sys=0.00s Real=0.07s
[2020-12-21T10:53:26.015-0500][gc,heap        ] GC(16723) Heap before GC invocations=16723 (full 3388): garbage-first heap   total 64512K, used 52417K [0x0000000083000000, 0x0000000100000000)
[2020-12-21T10:53:26.015-0500][gc,heap        ] GC(16723)   region size 1024K, 10 young (10240K), 0 survivors (0K)
[2020-12-21T10:53:26.016-0500][gc,heap        ] GC(16723)  Metaspace       used 49949K, capacity 52104K, committed 53632K, reserved 1093632K
[2020-12-21T10:53:26.016-0500][gc,heap        ] GC(16723)   class space    used 7422K, capacity 8193K, committed 8832K, reserved 1048576K
[2020-12-21T10:53:26.016-0500][gc,start       ] GC(16723) Pause Young (Normal) (G1 Evacuation Pause)
[2020-12-21T10:53:26.016-0500][gc,task        ] GC(16723) Using 8 workers of 8 for evacuation
[2020-12-21T10:53:26.020-0500][gc,phases      ] GC(16723)   Pre Evacuate Collection Set: 0.0ms
[2020-12-21T10:53:26.020-0500][gc,phases      ] GC(16723)   Evacuate Collection Set: 1.8ms
[2020-12-21T10:53:26.020-0500][gc,phases      ] GC(16723)   Post Evacuate Collection Set: 2.5ms
[2020-12-21T10:53:26.020-0500][gc,phases      ] GC(16723)   Other: 0.5ms
[2020-12-21T10:53:26.020-0500][gc,heap        ] GC(16723) Eden regions: 10->0(9)
[2020-12-21T10:53:26.020-0500][gc,heap        ] GC(16723) Survivor regions: 0->1(2)
[2020-12-21T10:53:26.020-0500][gc,heap        ] GC(16723) Old regions: 41->41
[2020-12-21T10:53:26.020-0500][gc,heap        ] GC(16723) Humongous regions: 4->4
[2020-12-21T10:53:26.020-0500][gc,metaspace   ] GC(16723) Metaspace: 49949K->49949K(1093632K)
[2020-12-21T10:53:26.020-0500][gc,heap        ] GC(16723) Heap after GC invocations=16724 (full 3388): garbage-first heap   total 64512K, used 43291K [0x0000000083000000, 0x0000000100000000)
[2020-12-21T10:53:26.020-0500][gc,heap        ] GC(16723)   region size 1024K, 1 young (1024K), 1 survivors (1024K)
[2020-12-21T10:53:26.020-0500][gc,heap        ] GC(16723)  Metaspace       used 49949K, capacity 52104K, committed 53632K, reserved 1093632K
[2020-12-21T10:53:26.020-0500][gc,heap        ] GC(16723)   class space    used 7422K, capacity 8193K, committed 8832K, reserved 1048576K
[2020-12-21T10:53:26.021-0500][gc             ] GC(16723) Pause Young (Normal) (G1 Evacuation Pause) 52M->42M(63M) 4.911ms
[2020-12-21T10:53:26.021-0500][gc,cpu         ] GC(16723) User=0.01s Sys=0.00s Real=0.01s
[2020-12-21T10:55:06.014-0500][gc,heap        ] GC(16724) Heap before GC invocations=16724 (full 3388): garbage-first heap   total 64512K, used 51483K [0x0000000083000000, 0x0000000100000000)
[2020-12-21T10:55:06.014-0500][gc,heap        ] GC(16724)   region size 1024K, 10 young (10240K), 1 survivors (1024K)
[2020-12-21T10:55:06.014-0500][gc,heap        ] GC(16724)  Metaspace       used 49949K, capacity 52104K, committed 53632K, reserved 1093632K
[2020-12-21T10:55:06.014-0500][gc,heap        ] GC(16724)   class space    used 7422K, capacity 8193K, committed 8832K, reserved 1048576K
[2020-12-21T10:55:06.014-0500][gc,start       ] GC(16724) Pause Young (Normal) (G1 Evacuation Pause)
[2020-12-21T10:55:06.014-0500][gc,task        ] GC(16724) Using 8 workers of 8 for evacuation
[2020-12-21T10:55:06.016-0500][gc,phases      ] GC(16724)   Pre Evacuate Collection Set: 0.0ms
[2020-12-21T10:55:06.016-0500][gc,phases      ] GC(16724)   Evacuate Collection Set: 0.8ms
[2020-12-21T10:55:06.016-0500][gc,phases      ] GC(16724)   Post Evacuate Collection Set: 0.8ms
[2020-12-21T10:55:06.016-0500][gc,phases      ] GC(16724)   Other: 0.2ms
[2020-12-21T10:55:06.016-0500][gc,heap        ] GC(16724) Eden regions: 9->0(9)
[2020-12-21T10:55:06.016-0500][gc,heap        ] GC(16724) Survivor regions: 1->1(2)
[2020-12-21T10:55:06.016-0500][gc,heap        ] GC(16724) Old regions: 41->41
[2020-12-21T10:55:06.016-0500][gc,heap        ] GC(16724) Humongous regions: 4->4
[2020-12-21T10:55:06.016-0500][gc,metaspace   ] GC(16724) Metaspace: 49949K->49949K(1093632K)
[2020-12-21T10:55:06.016-0500][gc,heap        ] GC(16724) Heap after GC invocations=16725 (full 3388): garbage-first heap   total 64512K, used 43290K [0x0000000083000000, 0x0000000100000000)
[2020-12-21T10:55:06.016-0500][gc,heap        ] GC(16724)   region size 1024K, 1 young (1024K), 1 survivors (1024K)
[2020-12-21T10:55:06.016-0500][gc,heap        ] GC(16724)  Metaspace       used 49949K, capacity 52104K, committed 53632K, reserved 1093632K
[2020-12-21T10:55:06.016-0500][gc,heap        ] GC(16724)   class space    used 7422K, capacity 8193K, committed 8832K, reserved 1048576K
[2020-12-21T10:55:06.016-0500][gc             ] GC(16724) Pause Young (Normal) (G1 Evacuation Pause) 51M->42M(63M) 1.773ms
[2020-12-21T10:55:06.016-0500][gc,cpu         ] GC(16724) User=0.00s Sys=0.00s Real=0.00s
[2020-12-21T10:56:45.191-0500][gc,task        ] GC(16725) Using 5 workers of 8 for full compaction
[2020-12-21T10:56:45.191-0500][gc,start       ] GC(16725) Pause Full (System.gc())
[2020-12-21T10:56:45.191-0500][gc,heap        ] GC(16725) Heap before GC invocations=16725 (full 3388): garbage-first heap   total 64512K, used 51482K [0x0000000083000000, 0x0000000100000000)
[2020-12-21T10:56:45.191-0500][gc,heap        ] GC(16725)   region size 1024K, 10 young (10240K), 1 survivors (1024K)
[2020-12-21T10:56:45.191-0500][gc,heap        ] GC(16725)  Metaspace       used 49949K, capacity 52104K, committed 53632K, reserved 1093632K
[2020-12-21T10:56:45.191-0500][gc,heap        ] GC(16725)   class space    used 7422K, capacity 8193K, committed 8832K, reserved 1048576K
[2020-12-21T10:56:45.191-0500][gc,phases,start] GC(16725) Phase 1: Mark live objects
[2020-12-21T10:56:45.212-0500][gc,stringtable ] GC(16725) Cleaned string and symbol table, strings: 33107 processed, 4 removed, symbols: 120816 processed, 0 removed
[2020-12-21T10:56:45.212-0500][gc,phases      ] GC(16725) Phase 1: Mark live objects 21.268ms
[2020-12-21T10:56:45.212-0500][gc,phases,start] GC(16725) Phase 2: Prepare for compaction
[2020-12-21T10:56:45.216-0500][gc,phases      ] GC(16725) Phase 2: Prepare for compaction 3.939ms
[2020-12-21T10:56:45.216-0500][gc,phases,start] GC(16725) Phase 3: Adjust pointers
[2020-12-21T10:56:45.229-0500][gc,phases      ] GC(16725) Phase 3: Adjust pointers 12.467ms
[2020-12-21T10:56:45.229-0500][gc,phases,start] GC(16725) Phase 4: Compact heap
[2020-12-21T10:56:45.232-0500][gc,phases      ] GC(16725) Phase 4: Compact heap 2.837ms
[2020-12-21T10:56:45.238-0500][gc,heap        ] GC(16725) Eden regions: 9->0(9)
[2020-12-21T10:56:45.238-0500][gc,heap        ] GC(16725) Survivor regions: 1->0(2)
[2020-12-21T10:56:45.238-0500][gc,heap        ] GC(16725) Old regions: 41->42
[2020-12-21T10:56:45.238-0500][gc,heap        ] GC(16725) Humongous regions: 4->4
[2020-12-21T10:56:45.238-0500][gc,metaspace   ] GC(16725) Metaspace: 49949K->49949K(1093632K)
[2020-12-21T10:56:45.238-0500][gc,heap        ] GC(16725) Heap after GC invocations=16726 (full 3389): garbage-first heap   total 64512K, used 43225K [0x0000000083000000, 0x0000000100000000)
[2020-12-21T10:56:45.238-0500][gc,heap        ] GC(16725)   region size 1024K, 0 young (0K), 0 survivors (0K)
[2020-12-21T10:56:45.238-0500][gc,heap        ] GC(16725)  Metaspace       used 49949K, capacity 52104K, committed 53632K, reserved 1093632K
[2020-12-21T10:56:45.238-0500][gc,heap        ] GC(16725)   class space    used 7422K, capacity 8193K, committed 8832K, reserved 1048576K
[2020-12-21T10:56:45.238-0500][gc             ] GC(16725) Pause Full (System.gc()) 50M->42M(63M) 47.392ms
[2020-12-21T10:56:45.238-0500][gc,cpu         ] GC(16725) User=0.19s Sys=0.00s Real=0.05s
[2020-12-21T10:58:21.846-0500][gc,heap        ] GC(16726) Heap before GC invocations=16726 (full 3389): garbage-first heap   total 64512K, used 52441K [0x0000000083000000, 0x0000000100000000)
[2020-12-21T10:58:21.846-0500][gc,heap        ] GC(16726)   region size 1024K, 9 young (9216K), 0 survivors (0K)
[2020-12-21T10:58:21.846-0500][gc,heap        ] GC(16726)  Metaspace       used 49949K, capacity 52104K, committed 53632K, reserved 1093632K
[2020-12-21T10:58:21.846-0500][gc,heap        ] GC(16726)   class space    used 7422K, capacity 8193K, committed 8832K, reserved 1048576K
[2020-12-21T10:58:21.846-0500][gc,start       ] GC(16726) Pause Young (Normal) (G1 Evacuation Pause)
[2020-12-21T10:58:21.846-0500][gc,task        ] GC(16726) Using 8 workers of 8 for evacuation
[2020-12-21T10:58:21.851-0500][gc,phases      ] GC(16726)   Pre Evacuate Collection Set: 0.0ms
[2020-12-21T10:58:21.851-0500][gc,phases      ] GC(16726)   Evacuate Collection Set: 0.9ms
[2020-12-21T10:58:21.851-0500][gc,phases      ] GC(16726)   Post Evacuate Collection Set: 3.4ms
[2020-12-21T10:58:21.851-0500][gc,phases      ] GC(16726)   Other: 0.2ms
[2020-12-21T10:58:21.851-0500][gc,heap        ] GC(16726) Eden regions: 9->0(8)
[2020-12-21T10:58:21.851-0500][gc,heap        ] GC(16726) Survivor regions: 0->1(2)
[2020-12-21T10:58:21.851-0500][gc,heap        ] GC(16726) Old regions: 42->42
[2020-12-21T10:58:21.851-0500][gc,heap        ] GC(16726) Humongous regions: 4->4
[2020-12-21T10:58:21.851-0500][gc,metaspace   ] GC(16726) Metaspace: 49949K->49949K(1093632K)
[2020-12-21T10:58:21.851-0500][gc,heap        ] GC(16726) Heap after GC invocations=16727 (full 3389): garbage-first heap   total 64512K, used 43288K [0x0000000083000000, 0x0000000100000000)
[2020-12-21T10:58:21.851-0500][gc,heap        ] GC(16726)   region size 1024K, 1 young (1024K), 1 survivors (1024K)
[2020-12-21T10:58:21.851-0500][gc,heap        ] GC(16726)  Metaspace       used 49949K, capacity 52104K, committed 53632K, reserved 1093632K
[2020-12-21T10:58:21.851-0500][gc,heap        ] GC(16726)   class space    used 7422K, capacity 8193K, committed 8832K, reserved 1048576K
[2020-12-21T10:58:21.851-0500][gc             ] GC(16726) Pause Young (Normal) (G1 Evacuation Pause) 51M->42M(63M) 4.581ms
[2020-12-21T10:58:21.851-0500][gc,cpu         ] GC(16726) User=0.02s Sys=0.01s Real=0.01s
[2020-12-21T10:59:46.908-0500][gc,heap        ] GC(16727) Heap before GC invocations=16727 (full 3389): garbage-first heap   total 64512K, used 50456K [0x0000000083000000, 0x0000000100000000)
[2020-12-21T10:59:46.908-0500][gc,heap        ] GC(16727)   region size 1024K, 9 young (9216K), 1 survivors (1024K)
[2020-12-21T10:59:46.908-0500][gc,heap        ] GC(16727)  Metaspace       used 49949K, capacity 52104K, committed 53632K, reserved 1093632K
[2020-12-21T10:59:46.908-0500][gc,heap        ] GC(16727)   class space    used 7422K, capacity 8193K, committed 8832K, reserved 1048576K
[2020-12-21T10:59:46.908-0500][gc,start       ] GC(16727) Pause Young (Normal) (G1 Evacuation Pause)
[2020-12-21T10:59:46.908-0500][gc,task        ] GC(16727) Using 8 workers of 8 for evacuation
[2020-12-21T10:59:46.909-0500][gc,phases      ] GC(16727)   Pre Evacuate Collection Set: 0.0ms
[2020-12-21T10:59:46.909-0500][gc,phases      ] GC(16727)   Evacuate Collection Set: 0.6ms
[2020-12-21T10:59:46.909-0500][gc,phases      ] GC(16727)   Post Evacuate Collection Set: 1.0ms
[2020-12-21T10:59:46.909-0500][gc,phases      ] GC(16727)   Other: 0.2ms
[2020-12-21T10:59:46.909-0500][gc,heap        ] GC(16727) Eden regions: 8->0(8)
[2020-12-21T10:59:46.909-0500][gc,heap        ] GC(16727) Survivor regions: 1->1(2)
[2020-12-21T10:59:46.910-0500][gc,heap        ] GC(16727) Old regions: 42->42
[2020-12-21T10:59:46.910-0500][gc,heap        ] GC(16727) Humongous regions: 4->4
[2020-12-21T10:59:46.910-0500][gc,metaspace   ] GC(16727) Metaspace: 49949K->49949K(1093632K)
[2020-12-21T10:59:46.910-0500][gc,heap        ] GC(16727) Heap after GC invocations=16728 (full 3389): garbage-first heap   total 64512K, used 43275K [0x0000000083000000, 0x0000000100000000)
[2020-12-21T10:59:46.910-0500][gc,heap        ] GC(16727)   region size 1024K, 1 young (1024K), 1 survivors (1024K)
[2020-12-21T10:59:46.910-0500][gc,heap        ] GC(16727)  Metaspace       used 49949K, capacity 52104K, committed 53632K, reserved 1093632K
[2020-12-21T10:59:46.910-0500][gc,heap        ] GC(16727)   class space    used 7422K, capacity 8193K, committed 8832K, reserved 1048576K
[2020-12-21T10:59:46.910-0500][gc             ] GC(16727) Pause Young (Normal) (G1 Evacuation Pause) 50M->42M(63M) 1.863ms
[2020-12-21T10:59:46.910-0500][gc,cpu         ] GC(16727) User=0.00s Sys=0.00s Real=0.00s
[2020-12-21T11:01:16.963-0500][gc,heap        ] GC(16728) Heap before GC invocations=16728 (full 3389): garbage-first heap   total 64512K, used 51467K [0x0000000083000000, 0x0000000100000000)
[2020-12-21T11:01:16.963-0500][gc,heap        ] GC(16728)   region size 1024K, 9 young (9216K), 1 survivors (1024K)
[2020-12-21T11:01:16.963-0500][gc,heap        ] GC(16728)  Metaspace       used 49949K, capacity 52104K, committed 53632K, reserved 1093632K
[2020-12-21T11:01:16.963-0500][gc,heap        ] GC(16728)   class space    used 7422K, capacity 8193K, committed 8832K, reserved 1048576K
[2020-12-21T11:01:16.963-0500][gc,start       ] GC(16728) Pause Young (Normal) (G1 Evacuation Pause)
[2020-12-21T11:01:16.963-0500][gc,task        ] GC(16728) Using 8 workers of 8 for evacuation
[2020-12-21T11:01:16.964-0500][gc,phases      ] GC(16728)   Pre Evacuate Collection Set: 0.0ms
[2020-12-21T11:01:16.964-0500][gc,phases      ] GC(16728)   Evacuate Collection Set: 0.6ms
[2020-12-21T11:01:16.964-0500][gc,phases      ] GC(16728)   Post Evacuate Collection Set: 0.9ms
[2020-12-21T11:01:16.964-0500][gc,phases      ] GC(16728)   Other: 0.2ms
[2020-12-21T11:01:16.964-0500][gc,heap        ] GC(16728) Eden regions: 8->0(8)
[2020-12-21T11:01:16.964-0500][gc,heap        ] GC(16728) Survivor regions: 1->1(2)
[2020-12-21T11:01:16.964-0500][gc,heap        ] GC(16728) Old regions: 42->42
[2020-12-21T11:01:16.964-0500][gc,heap        ] GC(16728) Humongous regions: 4->4
[2020-12-21T11:01:16.964-0500][gc,metaspace   ] GC(16728) Metaspace: 49949K->49949K(1093632K)
[2020-12-21T11:01:16.964-0500][gc,heap        ] GC(16728) Heap after GC invocations=16729 (full 3389): garbage-first heap   total 64512K, used 43273K [0x0000000083000000, 0x0000000100000000)
[2020-12-21T11:01:16.964-0500][gc,heap        ] GC(16728)   region size 1024K, 1 young (1024K), 1 survivors (1024K)
[2020-12-21T11:01:16.964-0500][gc,heap        ] GC(16728)  Metaspace       used 49949K, capacity 52104K, committed 53632K, reserved 1093632K
[2020-12-21T11:01:16.964-0500][gc,heap        ] GC(16728)   class space    used 7422K, capacity 8193K, committed 8832K, reserved 1048576K
[2020-12-21T11:01:16.964-0500][gc             ] GC(16728) Pause Young (Normal) (G1 Evacuation Pause) 50M->42M(63M) 1.678ms
[2020-12-21T11:01:16.964-0500][gc,cpu         ] GC(16728) User=0.00s Sys=0.01s Real=0.00s
[2020-12-21T11:01:45.189-0500][gc,task        ] GC(16729) Using 5 workers of 8 for full compaction
[2020-12-21T11:01:45.189-0500][gc,start       ] GC(16729) Pause Full (System.gc())
[2020-12-21T11:01:45.189-0500][gc,heap        ] GC(16729) Heap before GC invocations=16729 (full 3389): garbage-first heap   total 64512K, used 45321K [0x0000000083000000, 0x0000000100000000)
[2020-12-21T11:01:45.189-0500][gc,heap        ] GC(16729)   region size 1024K, 4 young (4096K), 1 survivors (1024K)
[2020-12-21T11:01:45.189-0500][gc,heap        ] GC(16729)  Metaspace       used 49949K, capacity 52104K, committed 53632K, reserved 1093632K
[2020-12-21T11:01:45.189-0500][gc,heap        ] GC(16729)   class space    used 7422K, capacity 8193K, committed 8832K, reserved 1048576K
[2020-12-21T11:01:45.189-0500][gc,phases,start] GC(16729) Phase 1: Mark live objects
[2020-12-21T11:01:45.210-0500][gc,stringtable ] GC(16729) Cleaned string and symbol table, strings: 33107 processed, 4 removed, symbols: 120816 processed, 0 removed
[2020-12-21T11:01:45.210-0500][gc,phases      ] GC(16729) Phase 1: Mark live objects 21.027ms
[2020-12-21T11:01:45.210-0500][gc,phases,start] GC(16729) Phase 2: Prepare for compaction
[2020-12-21T11:01:45.214-0500][gc,phases      ] GC(16729) Phase 2: Prepare for compaction 3.710ms
[2020-12-21T11:01:45.214-0500][gc,phases,start] GC(16729) Phase 3: Adjust pointers
[2020-12-21T11:01:45.226-0500][gc,phases      ] GC(16729) Phase 3: Adjust pointers 11.508ms
[2020-12-21T11:01:45.226-0500][gc,phases,start] GC(16729) Phase 4: Compact heap
[2020-12-21T11:01:45.229-0500][gc,phases      ] GC(16729) Phase 4: Compact heap 2.794ms
[2020-12-21T11:01:45.236-0500][gc,heap        ] GC(16729) Eden regions: 3->0(9)
[2020-12-21T11:01:45.236-0500][gc,heap        ] GC(16729) Survivor regions: 1->0(2)
[2020-12-21T11:01:45.236-0500][gc,heap        ] GC(16729) Old regions: 42->42
[2020-12-21T11:01:45.236-0500][gc,heap        ] GC(16729) Humongous regions: 4->4
[2020-12-21T11:01:45.236-0500][gc,metaspace   ] GC(16729) Metaspace: 49949K->49949K(1093632K)
[2020-12-21T11:01:45.236-0500][gc,heap        ] GC(16729) Heap after GC invocations=16730 (full 3390): garbage-first heap   total 64512K, used 43200K [0x0000000083000000, 0x0000000100000000)
[2020-12-21T11:01:45.236-0500][gc,heap        ] GC(16729)   region size 1024K, 0 young (0K), 0 survivors (0K)
[2020-12-21T11:01:45.236-0500][gc,heap        ] GC(16729)  Metaspace       used 49949K, capacity 52104K, committed 53632K, reserved 1093632K
[2020-12-21T11:01:45.236-0500][gc,heap        ] GC(16729)   class space    used 7422K, capacity 8193K, committed 8832K, reserved 1048576K
[2020-12-21T11:01:45.236-0500][gc             ] GC(16729) Pause Full (System.gc()) 44M->42M(63M) 47.091ms
[2020-12-21T11:01:45.236-0500][gc,cpu         ] GC(16729) User=0.19s Sys=0.00s Real=0.04s
[2020-12-21T11:03:24.238-0500][gc,heap        ] GC(16730) Heap before GC invocations=16730 (full 3390): garbage-first heap   total 64512K, used 51392K [0x0000000083000000, 0x0000000100000000)
[2020-12-21T11:03:24.238-0500][gc,heap        ] GC(16730)   region size 1024K, 9 young (9216K), 0 survivors (0K)
[2020-12-21T11:03:24.238-0500][gc,heap        ] GC(16730)  Metaspace       used 49949K, capacity 52104K, committed 53632K, reserved 1093632K
[2020-12-21T11:03:24.238-0500][gc,heap        ] GC(16730)   class space    used 7422K, capacity 8193K, committed 8832K, reserved 1048576K
[2020-12-21T11:03:24.238-0500][gc,start       ] GC(16730) Pause Young (Normal) (G1 Evacuation Pause)
[2020-12-21T11:03:24.238-0500][gc,task        ] GC(16730) Using 8 workers of 8 for evacuation
[2020-12-21T11:03:24.240-0500][gc,phases      ] GC(16730)   Pre Evacuate Collection Set: 0.0ms
[2020-12-21T11:03:24.240-0500][gc,phases      ] GC(16730)   Evacuate Collection Set: 0.7ms
[2020-12-21T11:03:24.240-0500][gc,phases      ] GC(16730)   Post Evacuate Collection Set: 1.0ms
[2020-12-21T11:03:24.240-0500][gc,phases      ] GC(16730)   Other: 0.2ms
[2020-12-21T11:03:24.240-0500][gc,heap        ] GC(16730) Eden regions: 9->0(8)
[2020-12-21T11:03:24.240-0500][gc,heap        ] GC(16730) Survivor regions: 0->1(2)
[2020-12-21T11:03:24.240-0500][gc,heap        ] GC(16730) Old regions: 42->42
[2020-12-21T11:03:24.240-0500][gc,heap        ] GC(16730) Humongous regions: 4->4
[2020-12-21T11:03:24.240-0500][gc,metaspace   ] GC(16730) Metaspace: 49949K->49949K(1093632K)
[2020-12-21T11:03:24.240-0500][gc,heap        ] GC(16730) Heap after GC invocations=16731 (full 3390): garbage-first heap   total 64512K, used 43428K [0x0000000083000000, 0x0000000100000000)
[2020-12-21T11:03:24.240-0500][gc,heap        ] GC(16730)   region size 1024K, 1 young (1024K), 1 survivors (1024K)
[2020-12-21T11:03:24.240-0500][gc,heap        ] GC(16730)  Metaspace       used 49949K, capacity 52104K, committed 53632K, reserved 1093632K
[2020-12-21T11:03:24.240-0500][gc,heap        ] GC(16730)   class space    used 7422K, capacity 8193K, committed 8832K, reserved 1048576K
[2020-12-21T11:03:24.240-0500][gc             ] GC(16730) Pause Young (Normal) (G1 Evacuation Pause) 51M->42M(63M) 2.205ms
[2020-12-21T11:03:24.241-0500][gc,cpu         ] GC(16730) User=0.01s Sys=0.00s Real=0.00s
[2020-12-21T11:04:56.014-0500][gc,heap        ] GC(16731) Heap before GC invocations=16731 (full 3390): garbage-first heap   total 64512K, used 50596K [0x0000000083000000, 0x0000000100000000)
[2020-12-21T11:04:56.014-0500][gc,heap        ] GC(16731)   region size 1024K, 9 young (9216K), 1 survivors (1024K)
[2020-12-21T11:04:56.014-0500][gc,heap        ] GC(16731)  Metaspace       used 49949K, capacity 52104K, committed 53632K, reserved 1093632K
[2020-12-21T11:04:56.014-0500][gc,heap        ] GC(16731)   class space    used 7422K, capacity 8193K, committed 8832K, reserved 1048576K
[2020-12-21T11:04:56.014-0500][gc,start       ] GC(16731) Pause Young (Normal) (G1 Evacuation Pause)
[2020-12-21T11:04:56.014-0500][gc,task        ] GC(16731) Using 8 workers of 8 for evacuation
[2020-12-21T11:04:56.016-0500][gc,phases      ] GC(16731)   Pre Evacuate Collection Set: 0.0ms
[2020-12-21T11:04:56.016-0500][gc,phases      ] GC(16731)   Evacuate Collection Set: 0.6ms
[2020-12-21T11:04:56.016-0500][gc,phases      ] GC(16731)   Post Evacuate Collection Set: 0.9ms
[2020-12-21T11:04:56.016-0500][gc,phases      ] GC(16731)   Other: 0.2ms
[2020-12-21T11:04:56.016-0500][gc,heap        ] GC(16731) Eden regions: 8->0(8)
[2020-12-21T11:04:56.016-0500][gc,heap        ] GC(16731) Survivor regions: 1->1(2)
[2020-12-21T11:04:56.016-0500][gc,heap        ] GC(16731) Old regions: 42->42
[2020-12-21T11:04:56.016-0500][gc,heap        ] GC(16731) Humongous regions: 4->4
[2020-12-21T11:04:56.016-0500][gc,metaspace   ] GC(16731) Metaspace: 49949K->49949K(1093632K)
[2020-12-21T11:04:56.016-0500][gc,heap        ] GC(16731) Heap after GC invocations=16732 (full 3390): garbage-first heap   total 64512K, used 43240K [0x0000000083000000, 0x0000000100000000)
[2020-12-21T11:04:56.016-0500][gc,heap        ] GC(16731)   region size 1024K, 1 young (1024K), 1 survivors (1024K)
[2020-12-21T11:04:56.016-0500][gc,heap        ] GC(16731)  Metaspace       used 49949K, capacity 52104K, committed 53632K, reserved 1093632K
[2020-12-21T11:04:56.016-0500][gc,heap        ] GC(16731)   class space    used 7422K, capacity 8193K, committed 8832K, reserved 1048576K
[2020-12-21T11:04:56.016-0500][gc             ] GC(16731) Pause Young (Normal) (G1 Evacuation Pause) 50M->42M(63M) 1.792ms
[2020-12-21T11:04:56.016-0500][gc,cpu         ] GC(16731) User=0.00s Sys=0.00s Real=0.00s
[2020-12-21T11:06:24.544-0500][gc,heap        ] GC(16732) Heap before GC invocations=16732 (full 3390): garbage-first heap   total 64512K, used 51432K [0x0000000083000000, 0x0000000100000000)
[2020-12-21T11:06:24.544-0500][gc,heap        ] GC(16732)   region size 1024K, 9 young (9216K), 1 survivors (1024K)
[2020-12-21T11:06:24.544-0500][gc,heap        ] GC(16732)  Metaspace       used 49949K, capacity 52104K, committed 53632K, reserved 1093632K
[2020-12-21T11:06:24.544-0500][gc,heap        ] GC(16732)   class space    used 7422K, capacity 8193K, committed 8832K, reserved 1048576K
[2020-12-21T11:06:24.544-0500][gc,start       ] GC(16732) Pause Young (Normal) (G1 Evacuation Pause)
[2020-12-21T11:06:24.544-0500][gc,task        ] GC(16732) Using 8 workers of 8 for evacuation
[2020-12-21T11:06:24.546-0500][gc,phases      ] GC(16732)   Pre Evacuate Collection Set: 0.0ms
[2020-12-21T11:06:24.546-0500][gc,phases      ] GC(16732)   Evacuate Collection Set: 0.8ms
[2020-12-21T11:06:24.546-0500][gc,phases      ] GC(16732)   Post Evacuate Collection Set: 0.9ms
[2020-12-21T11:06:24.546-0500][gc,phases      ] GC(16732)   Other: 0.2ms
[2020-12-21T11:06:24.546-0500][gc,heap        ] GC(16732) Eden regions: 8->0(8)
[2020-12-21T11:06:24.546-0500][gc,heap        ] GC(16732) Survivor regions: 1->1(2)
[2020-12-21T11:06:24.546-0500][gc,heap        ] GC(16732) Old regions: 42->42
[2020-12-21T11:06:24.546-0500][gc,heap        ] GC(16732) Humongous regions: 4->4
[2020-12-21T11:06:24.546-0500][gc,metaspace   ] GC(16732) Metaspace: 49949K->49949K(1093632K)
[2020-12-21T11:06:24.546-0500][gc,heap        ] GC(16732) Heap after GC invocations=16733 (full 3390): garbage-first heap   total 64512K, used 43436K [0x0000000083000000, 0x0000000100000000)
[2020-12-21T11:06:24.546-0500][gc,heap        ] GC(16732)   region size 1024K, 1 young (1024K), 1 survivors (1024K)
[2020-12-21T11:06:24.546-0500][gc,heap        ] GC(16732)  Metaspace       used 49949K, capacity 52104K, committed 53632K, reserved 1093632K
[2020-12-21T11:06:24.546-0500][gc,heap        ] GC(16732)   class space    used 7422K, capacity 8193K, committed 8832K, reserved 1048576K
[2020-12-21T11:06:24.546-0500][gc             ] GC(16732) Pause Young (Normal) (G1 Evacuation Pause) 50M->42M(63M) 1.941ms
[2020-12-21T11:06:24.546-0500][gc,cpu         ] GC(16732) User=0.00s Sys=0.01s Real=0.00s
[2020-12-21T11:06:45.190-0500][gc,task        ] GC(16733) Using 5 workers of 8 for full compaction
[2020-12-21T11:06:45.191-0500][gc,start       ] GC(16733) Pause Full (System.gc())
[2020-12-21T11:06:45.191-0500][gc,heap        ] GC(16733) Heap before GC invocations=16733 (full 3390): garbage-first heap   total 64512K, used 44460K [0x0000000083000000, 0x0000000100000000)
[2020-12-21T11:06:45.191-0500][gc,heap        ] GC(16733)   region size 1024K, 3 young (3072K), 1 survivors (1024K)
[2020-12-21T11:06:45.191-0500][gc,heap        ] GC(16733)  Metaspace       used 49949K, capacity 52104K, committed 53632K, reserved 1093632K
[2020-12-21T11:06:45.191-0500][gc,heap        ] GC(16733)   class space    used 7422K, capacity 8193K, committed 8832K, reserved 1048576K
[2020-12-21T11:06:45.191-0500][gc,phases,start] GC(16733) Phase 1: Mark live objects
[2020-12-21T11:06:45.230-0500][gc,stringtable ] GC(16733) Cleaned string and symbol table, strings: 33107 processed, 4 removed, symbols: 120816 processed, 0 removed
[2020-12-21T11:06:45.230-0500][gc,phases      ] GC(16733) Phase 1: Mark live objects 39.016ms
[2020-12-21T11:06:45.230-0500][gc,phases,start] GC(16733) Phase 2: Prepare for compaction
[2020-12-21T11:06:45.234-0500][gc,phases      ] GC(16733) Phase 2: Prepare for compaction 3.713ms
[2020-12-21T11:06:45.234-0500][gc,phases,start] GC(16733) Phase 3: Adjust pointers
[2020-12-21T11:06:45.245-0500][gc,phases      ] GC(16733) Phase 3: Adjust pointers 11.450ms
[2020-12-21T11:06:45.245-0500][gc,phases,start] GC(16733) Phase 4: Compact heap
[2020-12-21T11:06:45.248-0500][gc,phases      ] GC(16733) Phase 4: Compact heap 2.462ms
[2020-12-21T11:06:45.254-0500][gc,heap        ] GC(16733) Eden regions: 2->0(9)
[2020-12-21T11:06:45.254-0500][gc,heap        ] GC(16733) Survivor regions: 1->0(2)
[2020-12-21T11:06:45.254-0500][gc,heap        ] GC(16733) Old regions: 42->42
[2020-12-21T11:06:45.254-0500][gc,heap        ] GC(16733) Humongous regions: 4->4
[2020-12-21T11:06:45.254-0500][gc,metaspace   ] GC(16733) Metaspace: 49949K->49949K(1093632K)
[2020-12-21T11:06:45.254-0500][gc,heap        ] GC(16733) Heap after GC invocations=16734 (full 3391): garbage-first heap   total 64512K, used 43209K [0x0000000083000000, 0x0000000100000000)
[2020-12-21T11:06:45.254-0500][gc,heap        ] GC(16733)   region size 1024K, 0 young (0K), 0 survivors (0K)
[2020-12-21T11:06:45.254-0500][gc,heap        ] GC(16733)  Metaspace       used 49949K, capacity 52104K, committed 53632K, reserved 1093632K
[2020-12-21T11:06:45.254-0500][gc,heap        ] GC(16733)   class space    used 7422K, capacity 8193K, committed 8832K, reserved 1048576K
[2020-12-21T11:06:45.254-0500][gc             ] GC(16733) Pause Full (System.gc()) 44M->42M(63M) 63.321ms
[2020-12-21T11:06:45.254-0500][gc,cpu         ] GC(16733) User=0.28s Sys=0.00s Real=0.06s
[2020-12-21T11:08:24.819-0500][gc,heap        ] GC(16734) Heap before GC invocations=16734 (full 3391): garbage-first heap   total 64512K, used 51401K [0x0000000083000000, 0x0000000100000000)
[2020-12-21T11:08:24.819-0500][gc,heap        ] GC(16734)   region size 1024K, 9 young (9216K), 0 survivors (0K)
[2020-12-21T11:08:24.819-0500][gc,heap        ] GC(16734)  Metaspace       used 49949K, capacity 52104K, committed 53632K, reserved 1093632K
[2020-12-21T11:08:24.819-0500][gc,heap        ] GC(16734)   class space    used 7422K, capacity 8193K, committed 8832K, reserved 1048576K
[2020-12-21T11:08:24.819-0500][gc,start       ] GC(16734) Pause Young (Normal) (G1 Evacuation Pause)
[2020-12-21T11:08:24.819-0500][gc,task        ] GC(16734) Using 8 workers of 8 for evacuation
[2020-12-21T11:08:24.825-0500][gc,phases      ] GC(16734)   Pre Evacuate Collection Set: 0.0ms
[2020-12-21T11:08:24.825-0500][gc,phases      ] GC(16734)   Evacuate Collection Set: 1.1ms
[2020-12-21T11:08:24.825-0500][gc,phases      ] GC(16734)   Post Evacuate Collection Set: 4.2ms
[2020-12-21T11:08:24.825-0500][gc,phases      ] GC(16734)   Other: 0.5ms
[2020-12-21T11:08:24.825-0500][gc,heap        ] GC(16734) Eden regions: 9->0(8)
[2020-12-21T11:08:24.825-0500][gc,heap        ] GC(16734) Survivor regions: 0->1(2)
[2020-12-21T11:08:24.825-0500][gc,heap        ] GC(16734) Old regions: 42->42
[2020-12-21T11:08:24.825-0500][gc,heap        ] GC(16734) Humongous regions: 4->4
[2020-12-21T11:08:24.825-0500][gc,metaspace   ] GC(16734) Metaspace: 49949K->49949K(1093632K)
[2020-12-21T11:08:24.825-0500][gc,heap        ] GC(16734) Heap after GC invocations=16735 (full 3391): garbage-first heap   total 64512K, used 43319K [0x0000000083000000, 0x0000000100000000)
[2020-12-21T11:08:24.825-0500][gc,heap        ] GC(16734)   region size 1024K, 1 young (1024K), 1 survivors (1024K)
[2020-12-21T11:08:24.825-0500][gc,heap        ] GC(16734)  Metaspace       used 49949K, capacity 52104K, committed 53632K, reserved 1093632K
[2020-12-21T11:08:24.825-0500][gc,heap        ] GC(16734)   class space    used 7422K, capacity 8193K, committed 8832K, reserved 1048576K
[2020-12-21T11:08:24.825-0500][gc             ] GC(16734) Pause Young (Normal) (G1 Evacuation Pause) 51M->42M(63M) 6.089ms
[2020-12-21T11:08:24.825-0500][gc,cpu         ] GC(16734) User=0.02s Sys=0.00s Real=0.00s
[2020-12-21T11:09:55.183-0500][gc,heap        ] GC(16735) Heap before GC invocations=16735 (full 3391): garbage-first heap   total 64512K, used 50487K [0x0000000083000000, 0x0000000100000000)
[2020-12-21T11:09:55.184-0500][gc,heap        ] GC(16735)   region size 1024K, 9 young (9216K), 1 survivors (1024K)
[2020-12-21T11:09:55.184-0500][gc,heap        ] GC(16735)  Metaspace       used 49949K, capacity 52104K, committed 53632K, reserved 1093632K
[2020-12-21T11:09:55.184-0500][gc,heap        ] GC(16735)   class space    used 7422K, capacity 8193K, committed 8832K, reserved 1048576K
[2020-12-21T11:09:55.184-0500][gc,start       ] GC(16735) Pause Young (Normal) (G1 Evacuation Pause)
[2020-12-21T11:09:55.184-0500][gc,task        ] GC(16735) Using 8 workers of 8 for evacuation
[2020-12-21T11:09:55.185-0500][gc,phases      ] GC(16735)   Pre Evacuate Collection Set: 0.0ms
[2020-12-21T11:09:55.185-0500][gc,phases      ] GC(16735)   Evacuate Collection Set: 0.6ms
[2020-12-21T11:09:55.185-0500][gc,phases      ] GC(16735)   Post Evacuate Collection Set: 0.9ms
[2020-12-21T11:09:55.185-0500][gc,phases      ] GC(16735)   Other: 0.2ms
[2020-12-21T11:09:55.185-0500][gc,heap        ] GC(16735) Eden regions: 8->0(8)
[2020-12-21T11:09:55.185-0500][gc,heap        ] GC(16735) Survivor regions: 1->1(2)
[2020-12-21T11:09:55.185-0500][gc,heap        ] GC(16735) Old regions: 42->42
[2020-12-21T11:09:55.185-0500][gc,heap        ] GC(16735) Humongous regions: 4->4
[2020-12-21T11:09:55.185-0500][gc,metaspace   ] GC(16735) Metaspace: 49949K->49949K(1093632K)
[2020-12-21T11:09:55.185-0500][gc,heap        ] GC(16735) Heap after GC invocations=16736 (full 3391): garbage-first heap   total 64512K, used 43341K [0x0000000083000000, 0x0000000100000000)
[2020-12-21T11:09:55.185-0500][gc,heap        ] GC(16735)   region size 1024K, 1 young (1024K), 1 survivors (1024K)
[2020-12-21T11:09:55.185-0500][gc,heap        ] GC(16735)  Metaspace       used 49949K, capacity 52104K, committed 53632K, reserved 1093632K
[2020-12-21T11:09:55.185-0500][gc,heap        ] GC(16735)   class space    used 7422K, capacity 8193K, committed 8832K, reserved 1048576K
[2020-12-21T11:09:55.185-0500][gc             ] GC(16735) Pause Young (Normal) (G1 Evacuation Pause) 50M->42M(63M) 1.815ms
[2020-12-21T11:09:55.185-0500][gc,cpu         ] GC(16735) User=0.00s Sys=0.00s Real=0.00s
[2020-12-21T11:11:25.455-0500][gc,heap        ] GC(16736) Heap before GC invocations=16736 (full 3391): garbage-first heap   total 64512K, used 50509K [0x0000000083000000, 0x0000000100000000)
[2020-12-21T11:11:25.455-0500][gc,heap        ] GC(16736)   region size 1024K, 9 young (9216K), 1 survivors (1024K)
[2020-12-21T11:11:25.455-0500][gc,heap        ] GC(16736)  Metaspace       used 49949K, capacity 52104K, committed 53632K, reserved 1093632K
[2020-12-21T11:11:25.455-0500][gc,heap        ] GC(16736)   class space    used 7422K, capacity 8193K, committed 8832K, reserved 1048576K
[2020-12-21T11:11:25.455-0500][gc,start       ] GC(16736) Pause Young (Normal) (G1 Evacuation Pause)
[2020-12-21T11:11:25.455-0500][gc,task        ] GC(16736) Using 8 workers of 8 for evacuation
[2020-12-21T11:11:25.456-0500][gc,phases      ] GC(16736)   Pre Evacuate Collection Set: 0.0ms
[2020-12-21T11:11:25.456-0500][gc,phases      ] GC(16736)   Evacuate Collection Set: 0.7ms
[2020-12-21T11:11:25.456-0500][gc,phases      ] GC(16736)   Post Evacuate Collection Set: 0.7ms
[2020-12-21T11:11:25.456-0500][gc,phases      ] GC(16736)   Other: 0.2ms
[2020-12-21T11:11:25.456-0500][gc,heap        ] GC(16736) Eden regions: 8->0(8)
[2020-12-21T11:11:25.456-0500][gc,heap        ] GC(16736) Survivor regions: 1->1(2)
[2020-12-21T11:11:25.456-0500][gc,heap        ] GC(16736) Old regions: 42->42
[2020-12-21T11:11:25.456-0500][gc,heap        ] GC(16736) Humongous regions: 4->4
[2020-12-21T11:11:25.456-0500][gc,metaspace   ] GC(16736) Metaspace: 49949K->49949K(1093632K)
[2020-12-21T11:11:25.456-0500][gc,heap        ] GC(16736) Heap after GC invocations=16737 (full 3391): garbage-first heap   total 64512K, used 43369K [0x0000000083000000, 0x0000000100000000)
[2020-12-21T11:11:25.456-0500][gc,heap        ] GC(16736)   region size 1024K, 1 young (1024K), 1 survivors (1024K)
[2020-12-21T11:11:25.456-0500][gc,heap        ] GC(16736)  Metaspace       used 49949K, capacity 52104K, committed 53632K, reserved 1093632K
[2020-12-21T11:11:25.456-0500][gc,heap        ] GC(16736)   class space    used 7422K, capacity 8193K, committed 8832K, reserved 1048576K
[2020-12-21T11:11:25.456-0500][gc             ] GC(16736) Pause Young (Normal) (G1 Evacuation Pause) 50M->42M(63M) 1.636ms
[2020-12-21T11:11:25.456-0500][gc,cpu         ] GC(16736) User=0.01s Sys=0.01s Real=0.00s
[2020-12-21T11:11:45.192-0500][gc,task        ] GC(16737) Using 5 workers of 8 for full compaction
[2020-12-21T11:11:45.192-0500][gc,start       ] GC(16737) Pause Full (System.gc())
[2020-12-21T11:11:45.192-0500][gc,heap        ] GC(16737) Heap before GC invocations=16737 (full 3391): garbage-first heap   total 64512K, used 44393K [0x0000000083000000, 0x0000000100000000)
[2020-12-21T11:11:45.192-0500][gc,heap        ] GC(16737)   region size 1024K, 3 young (3072K), 1 survivors (1024K)
[2020-12-21T11:11:45.192-0500][gc,heap        ] GC(16737)  Metaspace       used 49949K, capacity 52104K, committed 53632K, reserved 1093632K
[2020-12-21T11:11:45.192-0500][gc,heap        ] GC(16737)   class space    used 7422K, capacity 8193K, committed 8832K, reserved 1048576K
[2020-12-21T11:11:45.193-0500][gc,phases,start] GC(16737) Phase 1: Mark live objects
[2020-12-21T11:11:45.231-0500][gc,stringtable ] GC(16737) Cleaned string and symbol table, strings: 33107 processed, 4 removed, symbols: 120816 processed, 0 removed
[2020-12-21T11:11:45.231-0500][gc,phases      ] GC(16737) Phase 1: Mark live objects 38.569ms
[2020-12-21T11:11:45.231-0500][gc,phases,start] GC(16737) Phase 2: Prepare for compaction
[2020-12-21T11:11:45.235-0500][gc,phases      ] GC(16737) Phase 2: Prepare for compaction 3.646ms
[2020-12-21T11:11:45.235-0500][gc,phases,start] GC(16737) Phase 3: Adjust pointers
[2020-12-21T11:11:45.247-0500][gc,phases      ] GC(16737) Phase 3: Adjust pointers 11.643ms
[2020-12-21T11:11:45.247-0500][gc,phases,start] GC(16737) Phase 4: Compact heap
[2020-12-21T11:11:45.250-0500][gc,phases      ] GC(16737) Phase 4: Compact heap 2.805ms
[2020-12-21T11:11:45.255-0500][gc,heap        ] GC(16737) Eden regions: 2->0(10)
[2020-12-21T11:11:45.256-0500][gc,heap        ] GC(16737) Survivor regions: 1->0(2)
[2020-12-21T11:11:45.256-0500][gc,heap        ] GC(16737) Old regions: 42->41
[2020-12-21T11:11:45.256-0500][gc,heap        ] GC(16737) Humongous regions: 4->4
[2020-12-21T11:11:45.256-0500][gc,metaspace   ] GC(16737) Metaspace: 49949K->49949K(1093632K)
[2020-12-21T11:11:45.256-0500][gc,heap        ] GC(16737) Heap after GC invocations=16738 (full 3392): garbage-first heap   total 64512K, used 43198K [0x0000000083000000, 0x0000000100000000)
[2020-12-21T11:11:45.256-0500][gc,heap        ] GC(16737)   region size 1024K, 0 young (0K), 0 survivors (0K)
[2020-12-21T11:11:45.256-0500][gc,heap        ] GC(16737)  Metaspace       used 49949K, capacity 52104K, committed 53632K, reserved 1093632K
[2020-12-21T11:11:45.256-0500][gc,heap        ] GC(16737)   class space    used 7422K, capacity 8193K, committed 8832K, reserved 1048576K
[2020-12-21T11:11:45.256-0500][gc             ] GC(16737) Pause Full (System.gc()) 43M->42M(63M) 63.249ms
[2020-12-21T11:11:45.256-0500][gc,cpu         ] GC(16737) User=0.27s Sys=0.00s Real=0.06s
[2020-12-21T11:13:36.017-0500][gc,heap        ] GC(16738) Heap before GC invocations=16738 (full 3392): garbage-first heap   total 64512K, used 52414K [0x0000000083000000, 0x0000000100000000)
[2020-12-21T11:13:36.017-0500][gc,heap        ] GC(16738)   region size 1024K, 10 young (10240K), 0 survivors (0K)
[2020-12-21T11:13:36.017-0500][gc,heap        ] GC(16738)  Metaspace       used 49949K, capacity 52104K, committed 53632K, reserved 1093632K
[2020-12-21T11:13:36.017-0500][gc,heap        ] GC(16738)   class space    used 7422K, capacity 8193K, committed 8832K, reserved 1048576K
[2020-12-21T11:13:36.017-0500][gc,start       ] GC(16738) Pause Young (Normal) (G1 Evacuation Pause)
[2020-12-21T11:13:36.017-0500][gc,task        ] GC(16738) Using 8 workers of 8 for evacuation
[2020-12-21T11:13:36.021-0500][gc,phases      ] GC(16738)   Pre Evacuate Collection Set: 0.0ms
[2020-12-21T11:13:36.021-0500][gc,phases      ] GC(16738)   Evacuate Collection Set: 1.6ms
[2020-12-21T11:13:36.021-0500][gc,phases      ] GC(16738)   Post Evacuate Collection Set: 2.1ms
[2020-12-21T11:13:36.021-0500][gc,phases      ] GC(16738)   Other: 0.4ms
[2020-12-21T11:13:36.021-0500][gc,heap        ] GC(16738) Eden regions: 10->0(9)
[2020-12-21T11:13:36.021-0500][gc,heap        ] GC(16738) Survivor regions: 0->1(2)
[2020-12-21T11:13:36.021-0500][gc,heap        ] GC(16738) Old regions: 41->41
[2020-12-21T11:13:36.021-0500][gc,heap        ] GC(16738) Humongous regions: 4->4
[2020-12-21T11:13:36.021-0500][gc,metaspace   ] GC(16738) Metaspace: 49949K->49949K(1093632K)
[2020-12-21T11:13:36.021-0500][gc,heap        ] GC(16738) Heap after GC invocations=16739 (full 3392): garbage-first heap   total 64512K, used 43281K [0x0000000083000000, 0x0000000100000000)
[2020-12-21T11:13:36.022-0500][gc,heap        ] GC(16738)   region size 1024K, 1 young (1024K), 1 survivors (1024K)
[2020-12-21T11:13:36.022-0500][gc,heap        ] GC(16738)  Metaspace       used 49949K, capacity 52104K, committed 53632K, reserved 1093632K
[2020-12-21T11:13:36.022-0500][gc,heap        ] GC(16738)   class space    used 7422K, capacity 8193K, committed 8832K, reserved 1048576K
[2020-12-21T11:13:36.022-0500][gc             ] GC(16738) Pause Young (Normal) (G1 Evacuation Pause) 52M->42M(63M) 4.397ms
[2020-12-21T11:13:36.022-0500][gc,cpu         ] GC(16738) User=0.02s Sys=0.00s Real=0.01s
[2020-12-21T11:15:16.017-0500][gc,heap        ] GC(16739) Heap before GC invocations=16739 (full 3392): garbage-first heap   total 64512K, used 52497K [0x0000000083000000, 0x0000000100000000)
[2020-12-21T11:15:16.017-0500][gc,heap        ] GC(16739)   region size 1024K, 10 young (10240K), 1 survivors (1024K)
[2020-12-21T11:15:16.017-0500][gc,heap        ] GC(16739)  Metaspace       used 49949K, capacity 52104K, committed 53632K, reserved 1093632K
[2020-12-21T11:15:16.017-0500][gc,heap        ] GC(16739)   class space    used 7422K, capacity 8193K, committed 8832K, reserved 1048576K
[2020-12-21T11:15:16.017-0500][gc,start       ] GC(16739) Pause Young (Normal) (G1 Evacuation Pause)
[2020-12-21T11:15:16.017-0500][gc,task        ] GC(16739) Using 8 workers of 8 for evacuation
[2020-12-21T11:15:16.021-0500][gc,phases      ] GC(16739)   Pre Evacuate Collection Set: 0.0ms
[2020-12-21T11:15:16.021-0500][gc,phases      ] GC(16739)   Evacuate Collection Set: 1.4ms
[2020-12-21T11:15:16.021-0500][gc,phases      ] GC(16739)   Post Evacuate Collection Set: 2.2ms
[2020-12-21T11:15:16.021-0500][gc,phases      ] GC(16739)   Other: 0.6ms
[2020-12-21T11:15:16.021-0500][gc,heap        ] GC(16739) Eden regions: 9->0(9)
[2020-12-21T11:15:16.021-0500][gc,heap        ] GC(16739) Survivor regions: 1->1(2)
[2020-12-21T11:15:16.021-0500][gc,heap        ] GC(16739) Old regions: 41->41
[2020-12-21T11:15:16.021-0500][gc,heap        ] GC(16739) Humongous regions: 4->4
[2020-12-21T11:15:16.021-0500][gc,metaspace   ] GC(16739) Metaspace: 49949K->49949K(1093632K)
[2020-12-21T11:15:16.021-0500][gc,heap        ] GC(16739) Heap after GC invocations=16740 (full 3392): garbage-first heap   total 64512K, used 43278K [0x0000000083000000, 0x0000000100000000)
[2020-12-21T11:15:16.021-0500][gc,heap        ] GC(16739)   region size 1024K, 1 young (1024K), 1 survivors (1024K)
[2020-12-21T11:15:16.021-0500][gc,heap        ] GC(16739)  Metaspace       used 49949K, capacity 52104K, committed 53632K, reserved 1093632K
[2020-12-21T11:15:16.021-0500][gc,heap        ] GC(16739)   class space    used 7422K, capacity 8193K, committed 8832K, reserved 1048576K
[2020-12-21T11:15:16.021-0500][gc             ] GC(16739) Pause Young (Normal) (G1 Evacuation Pause) 51M->42M(63M) 4.256ms
[2020-12-21T11:15:16.021-0500][gc,cpu         ] GC(16739) User=0.01s Sys=0.00s Real=0.01s
[2020-12-21T11:16:45.190-0500][gc,task        ] GC(16740) Using 5 workers of 8 for full compaction
[2020-12-21T11:16:45.190-0500][gc,start       ] GC(16740) Pause Full (System.gc())
[2020-12-21T11:16:45.190-0500][gc,heap        ] GC(16740) Heap before GC invocations=16740 (full 3392): garbage-first heap   total 64512K, used 50446K [0x0000000083000000, 0x0000000100000000)
[2020-12-21T11:16:45.190-0500][gc,heap        ] GC(16740)   region size 1024K, 9 young (9216K), 1 survivors (1024K)
[2020-12-21T11:16:45.190-0500][gc,heap        ] GC(16740)  Metaspace       used 49949K, capacity 52104K, committed 53632K, reserved 1093632K
[2020-12-21T11:16:45.190-0500][gc,heap        ] GC(16740)   class space    used 7422K, capacity 8193K, committed 8832K, reserved 1048576K
[2020-12-21T11:16:45.191-0500][gc,phases,start] GC(16740) Phase 1: Mark live objects
[2020-12-21T11:16:45.232-0500][gc,stringtable ] GC(16740) Cleaned string and symbol table, strings: 33107 processed, 4 removed, symbols: 120816 processed, 0 removed
[2020-12-21T11:16:45.232-0500][gc,phases      ] GC(16740) Phase 1: Mark live objects 41.208ms
[2020-12-21T11:16:45.232-0500][gc,phases,start] GC(16740) Phase 2: Prepare for compaction
[2020-12-21T11:16:45.235-0500][gc,phases      ] GC(16740) Phase 2: Prepare for compaction 3.206ms
[2020-12-21T11:16:45.235-0500][gc,phases,start] GC(16740) Phase 3: Adjust pointers
[2020-12-21T11:16:45.246-0500][gc,phases      ] GC(16740) Phase 3: Adjust pointers 10.425ms
[2020-12-21T11:16:45.246-0500][gc,phases,start] GC(16740) Phase 4: Compact heap
[2020-12-21T11:16:45.248-0500][gc,phases      ] GC(16740) Phase 4: Compact heap 2.734ms
[2020-12-21T11:16:45.254-0500][gc,heap        ] GC(16740) Eden regions: 8->0(10)
[2020-12-21T11:16:45.254-0500][gc,heap        ] GC(16740) Survivor regions: 1->0(2)
[2020-12-21T11:16:45.254-0500][gc,heap        ] GC(16740) Old regions: 41->41
[2020-12-21T11:16:45.254-0500][gc,heap        ] GC(16740) Humongous regions: 4->4
[2020-12-21T11:16:45.254-0500][gc,metaspace   ] GC(16740) Metaspace: 49949K->49949K(1093632K)
[2020-12-21T11:16:45.254-0500][gc,heap        ] GC(16740) Heap after GC invocations=16741 (full 3393): garbage-first heap   total 64512K, used 43232K [0x0000000083000000, 0x0000000100000000)
[2020-12-21T11:16:45.254-0500][gc,heap        ] GC(16740)   region size 1024K, 0 young (0K), 0 survivors (0K)
[2020-12-21T11:16:45.254-0500][gc,heap        ] GC(16740)  Metaspace       used 49949K, capacity 52104K, committed 53632K, reserved 1093632K
[2020-12-21T11:16:45.254-0500][gc,heap        ] GC(16740)   class space    used 7422K, capacity 8193K, committed 8832K, reserved 1048576K
[2020-12-21T11:16:45.254-0500][gc             ] GC(16740) Pause Full (System.gc()) 50M->42M(63M) 64.099ms
[2020-12-21T11:16:45.254-0500][gc,cpu         ] GC(16740) User=0.27s Sys=0.00s Real=0.06s
[2020-12-21T11:18:36.013-0500][gc,heap        ] GC(16741) Heap before GC invocations=16741 (full 3393): garbage-first heap   total 64512K, used 52448K [0x0000000083000000, 0x0000000100000000)
[2020-12-21T11:18:36.013-0500][gc,heap        ] GC(16741)   region size 1024K, 10 young (10240K), 0 survivors (0K)
[2020-12-21T11:18:36.013-0500][gc,heap        ] GC(16741)  Metaspace       used 49949K, capacity 52104K, committed 53632K, reserved 1093632K
[2020-12-21T11:18:36.013-0500][gc,heap        ] GC(16741)   class space    used 7422K, capacity 8193K, committed 8832K, reserved 1048576K
[2020-12-21T11:18:36.013-0500][gc,start       ] GC(16741) Pause Young (Normal) (G1 Evacuation Pause)
[2020-12-21T11:18:36.013-0500][gc,task        ] GC(16741) Using 8 workers of 8 for evacuation
[2020-12-21T11:18:36.024-0500][gc,phases      ] GC(16741)   Pre Evacuate Collection Set: 0.0ms
[2020-12-21T11:18:36.024-0500][gc,phases      ] GC(16741)   Evacuate Collection Set: 3.4ms
[2020-12-21T11:18:36.024-0500][gc,phases      ] GC(16741)   Post Evacuate Collection Set: 7.2ms
[2020-12-21T11:18:36.024-0500][gc,phases      ] GC(16741)   Other: 0.4ms
[2020-12-21T11:18:36.024-0500][gc,heap        ] GC(16741) Eden regions: 10->0(9)
[2020-12-21T11:18:36.024-0500][gc,heap        ] GC(16741) Survivor regions: 0->1(2)
[2020-12-21T11:18:36.024-0500][gc,heap        ] GC(16741) Old regions: 41->41
[2020-12-21T11:18:36.024-0500][gc,heap        ] GC(16741) Humongous regions: 4->4
[2020-12-21T11:18:36.024-0500][gc,metaspace   ] GC(16741) Metaspace: 49949K->49949K(1093632K)
[2020-12-21T11:18:36.024-0500][gc,heap        ] GC(16741) Heap after GC invocations=16742 (full 3393): garbage-first heap   total 64512K, used 43310K [0x0000000083000000, 0x0000000100000000)
[2020-12-21T11:18:36.024-0500][gc,heap        ] GC(16741)   region size 1024K, 1 young (1024K), 1 survivors (1024K)
[2020-12-21T11:18:36.024-0500][gc,heap        ] GC(16741)  Metaspace       used 49949K, capacity 52104K, committed 53632K, reserved 1093632K
[2020-12-21T11:18:36.024-0500][gc,heap        ] GC(16741)   class space    used 7422K, capacity 8193K, committed 8832K, reserved 1048576K
[2020-12-21T11:18:36.024-0500][gc             ] GC(16741) Pause Young (Normal) (G1 Evacuation Pause) 52M->42M(63M) 11.259ms
[2020-12-21T11:18:36.024-0500][gc,cpu         ] GC(16741) User=0.05s Sys=0.00s Real=0.01s
[2020-12-21T11:20:26.014-0500][gc,heap        ] GC(16742) Heap before GC invocations=16742 (full 3393): garbage-first heap   total 64512K, used 51502K [0x0000000083000000, 0x0000000100000000)
[2020-12-21T11:20:26.014-0500][gc,heap        ] GC(16742)   region size 1024K, 10 young (10240K), 1 survivors (1024K)
[2020-12-21T11:20:26.014-0500][gc,heap        ] GC(16742)  Metaspace       used 49949K, capacity 52104K, committed 53632K, reserved 1093632K
[2020-12-21T11:20:26.014-0500][gc,heap        ] GC(16742)   class space    used 7422K, capacity 8193K, committed 8832K, reserved 1048576K
[2020-12-21T11:20:26.015-0500][gc,start       ] GC(16742) Pause Young (Normal) (G1 Evacuation Pause)
[2020-12-21T11:20:26.015-0500][gc,task        ] GC(16742) Using 8 workers of 8 for evacuation
[2020-12-21T11:20:26.020-0500][gc,phases      ] GC(16742)   Pre Evacuate Collection Set: 0.0ms
[2020-12-21T11:20:26.020-0500][gc,phases      ] GC(16742)   Evacuate Collection Set: 2.0ms
[2020-12-21T11:20:26.020-0500][gc,phases      ] GC(16742)   Post Evacuate Collection Set: 3.2ms
[2020-12-21T11:20:26.020-0500][gc,phases      ] GC(16742)   Other: 0.4ms
[2020-12-21T11:20:26.020-0500][gc,heap        ] GC(16742) Eden regions: 9->0(9)
[2020-12-21T11:20:26.020-0500][gc,heap        ] GC(16742) Survivor regions: 1->1(2)
[2020-12-21T11:20:26.020-0500][gc,heap        ] GC(16742) Old regions: 41->41
[2020-12-21T11:20:26.020-0500][gc,heap        ] GC(16742) Humongous regions: 4->4
[2020-12-21T11:20:26.020-0500][gc,metaspace   ] GC(16742) Metaspace: 49949K->49949K(1093632K)
[2020-12-21T11:20:26.020-0500][gc,heap        ] GC(16742) Heap after GC invocations=16743 (full 3393): garbage-first heap   total 64512K, used 43305K [0x0000000083000000, 0x0000000100000000)
[2020-12-21T11:20:26.020-0500][gc,heap        ] GC(16742)   region size 1024K, 1 young (1024K), 1 survivors (1024K)
[2020-12-21T11:20:26.020-0500][gc,heap        ] GC(16742)  Metaspace       used 49949K, capacity 52104K, committed 53632K, reserved 1093632K
[2020-12-21T11:20:26.020-0500][gc,heap        ] GC(16742)   class space    used 7422K, capacity 8193K, committed 8832K, reserved 1048576K
[2020-12-21T11:20:26.020-0500][gc             ] GC(16742) Pause Young (Normal) (G1 Evacuation Pause) 51M->42M(63M) 5.751ms
[2020-12-21T11:20:26.020-0500][gc,cpu         ] GC(16742) User=0.02s Sys=0.00s Real=0.01s
[2020-12-21T11:21:45.188-0500][gc,task        ] GC(16743) Using 5 workers of 8 for full compaction
[2020-12-21T11:21:45.188-0500][gc,start       ] GC(16743) Pause Full (System.gc())
[2020-12-21T11:21:45.188-0500][gc,heap        ] GC(16743) Heap before GC invocations=16743 (full 3393): garbage-first heap   total 64512K, used 48425K [0x0000000083000000, 0x0000000100000000)
[2020-12-21T11:21:45.188-0500][gc,heap        ] GC(16743)   region size 1024K, 8 young (8192K), 1 survivors (1024K)
[2020-12-21T11:21:45.188-0500][gc,heap        ] GC(16743)  Metaspace       used 49949K, capacity 52104K, committed 53632K, reserved 1093632K
[2020-12-21T11:21:45.188-0500][gc,heap        ] GC(16743)   class space    used 7422K, capacity 8193K, committed 8832K, reserved 1048576K
[2020-12-21T11:21:45.189-0500][gc,phases,start] GC(16743) Phase 1: Mark live objects
[2020-12-21T11:21:45.209-0500][gc,stringtable ] GC(16743) Cleaned string and symbol table, strings: 33107 processed, 4 removed, symbols: 120816 processed, 0 removed
[2020-12-21T11:21:45.209-0500][gc,phases      ] GC(16743) Phase 1: Mark live objects 20.760ms
[2020-12-21T11:21:45.209-0500][gc,phases,start] GC(16743) Phase 2: Prepare for compaction
[2020-12-21T11:21:45.213-0500][gc,phases      ] GC(16743) Phase 2: Prepare for compaction 3.373ms
[2020-12-21T11:21:45.213-0500][gc,phases,start] GC(16743) Phase 3: Adjust pointers
[2020-12-21T11:21:45.223-0500][gc,phases      ] GC(16743) Phase 3: Adjust pointers 10.648ms
[2020-12-21T11:21:45.224-0500][gc,phases,start] GC(16743) Phase 4: Compact heap
[2020-12-21T11:21:45.227-0500][gc,phases      ] GC(16743) Phase 4: Compact heap 2.989ms
[2020-12-21T11:21:45.232-0500][gc,heap        ] GC(16743) Eden regions: 7->0(10)
[2020-12-21T11:21:45.232-0500][gc,heap        ] GC(16743) Survivor regions: 1->0(2)
[2020-12-21T11:21:45.232-0500][gc,heap        ] GC(16743) Old regions: 41->41
[2020-12-21T11:21:45.232-0500][gc,heap        ] GC(16743) Humongous regions: 4->4
[2020-12-21T11:21:45.232-0500][gc,metaspace   ] GC(16743) Metaspace: 49949K->49949K(1093632K)
[2020-12-21T11:21:45.232-0500][gc,heap        ] GC(16743) Heap after GC invocations=16744 (full 3394): garbage-first heap   total 64512K, used 43213K [0x0000000083000000, 0x0000000100000000)
[2020-12-21T11:21:45.232-0500][gc,heap        ] GC(16743)   region size 1024K, 0 young (0K), 0 survivors (0K)
[2020-12-21T11:21:45.232-0500][gc,heap        ] GC(16743)  Metaspace       used 49949K, capacity 52104K, committed 53632K, reserved 1093632K
[2020-12-21T11:21:45.232-0500][gc,heap        ] GC(16743)   class space    used 7422K, capacity 8193K, committed 8832K, reserved 1048576K
[2020-12-21T11:21:45.232-0500][gc             ] GC(16743) Pause Full (System.gc()) 49M->42M(63M) 43.925ms
[2020-12-21T11:21:45.232-0500][gc,cpu         ] GC(16743) User=0.18s Sys=0.00s Real=0.04s
[2020-12-21T11:23:33.838-0500][gc,heap        ] GC(16744) Heap before GC invocations=16744 (full 3394): garbage-first heap   total 64512K, used 52429K [0x0000000083000000, 0x0000000100000000)
[2020-12-21T11:23:33.838-0500][gc,heap        ] GC(16744)   region size 1024K, 10 young (10240K), 0 survivors (0K)
[2020-12-21T11:23:33.838-0500][gc,heap        ] GC(16744)  Metaspace       used 49949K, capacity 52104K, committed 53632K, reserved 1093632K
[2020-12-21T11:23:33.838-0500][gc,heap        ] GC(16744)   class space    used 7422K, capacity 8193K, committed 8832K, reserved 1048576K
[2020-12-21T11:23:33.838-0500][gc,start       ] GC(16744) Pause Young (Normal) (G1 Evacuation Pause)
[2020-12-21T11:23:33.838-0500][gc,task        ] GC(16744) Using 8 workers of 8 for evacuation
[2020-12-21T11:23:33.841-0500][gc,phases      ] GC(16744)   Pre Evacuate Collection Set: 0.0ms
[2020-12-21T11:23:33.841-0500][gc,phases      ] GC(16744)   Evacuate Collection Set: 0.7ms
[2020-12-21T11:23:33.841-0500][gc,phases      ] GC(16744)   Post Evacuate Collection Set: 1.9ms
[2020-12-21T11:23:33.841-0500][gc,phases      ] GC(16744)   Other: 0.3ms
[2020-12-21T11:23:33.841-0500][gc,heap        ] GC(16744) Eden regions: 10->0(9)
[2020-12-21T11:23:33.841-0500][gc,heap        ] GC(16744) Survivor regions: 0->1(2)
[2020-12-21T11:23:33.841-0500][gc,heap        ] GC(16744) Old regions: 41->41
[2020-12-21T11:23:33.841-0500][gc,heap        ] GC(16744) Humongous regions: 4->4
[2020-12-21T11:23:33.841-0500][gc,metaspace   ] GC(16744) Metaspace: 49949K->49949K(1093632K)
[2020-12-21T11:23:33.841-0500][gc,heap        ] GC(16744) Heap after GC invocations=16745 (full 3394): garbage-first heap   total 64512K, used 43267K [0x0000000083000000, 0x0000000100000000)
[2020-12-21T11:23:33.841-0500][gc,heap        ] GC(16744)   region size 1024K, 1 young (1024K), 1 survivors (1024K)
[2020-12-21T11:23:33.841-0500][gc,heap        ] GC(16744)  Metaspace       used 49949K, capacity 52104K, committed 53632K, reserved 1093632K
[2020-12-21T11:23:33.841-0500][gc,heap        ] GC(16744)   class space    used 7422K, capacity 8193K, committed 8832K, reserved 1048576K
[2020-12-21T11:23:33.841-0500][gc             ] GC(16744) Pause Young (Normal) (G1 Evacuation Pause) 52M->42M(63M) 2.978ms
[2020-12-21T11:23:33.841-0500][gc,cpu         ] GC(16744) User=0.01s Sys=0.01s Real=0.00s
[2020-12-21T11:25:12.280-0500][gc,heap        ] GC(16745) Heap before GC invocations=16745 (full 3394): garbage-first heap   total 64512K, used 51459K [0x0000000083000000, 0x0000000100000000)
[2020-12-21T11:25:12.280-0500][gc,heap        ] GC(16745)   region size 1024K, 10 young (10240K), 1 survivors (1024K)
[2020-12-21T11:25:12.280-0500][gc,heap        ] GC(16745)  Metaspace       used 49949K, capacity 52104K, committed 53632K, reserved 1093632K
[2020-12-21T11:25:12.280-0500][gc,heap        ] GC(16745)   class space    used 7422K, capacity 8193K, committed 8832K, reserved 1048576K
[2020-12-21T11:25:12.280-0500][gc,start       ] GC(16745) Pause Young (Normal) (G1 Evacuation Pause)
[2020-12-21T11:25:12.280-0500][gc,task        ] GC(16745) Using 8 workers of 8 for evacuation
[2020-12-21T11:25:12.284-0500][gc,phases      ] GC(16745)   Pre Evacuate Collection Set: 0.0ms
[2020-12-21T11:25:12.284-0500][gc,phases      ] GC(16745)   Evacuate Collection Set: 1.4ms
[2020-12-21T11:25:12.284-0500][gc,phases      ] GC(16745)   Post Evacuate Collection Set: 2.7ms
[2020-12-21T11:25:12.284-0500][gc,phases      ] GC(16745)   Other: 0.5ms
[2020-12-21T11:25:12.284-0500][gc,heap        ] GC(16745) Eden regions: 9->0(9)
[2020-12-21T11:25:12.284-0500][gc,heap        ] GC(16745) Survivor regions: 1->1(2)
[2020-12-21T11:25:12.284-0500][gc,heap        ] GC(16745) Old regions: 41->41
[2020-12-21T11:25:12.284-0500][gc,heap        ] GC(16745) Humongous regions: 4->4
[2020-12-21T11:25:12.285-0500][gc,metaspace   ] GC(16745) Metaspace: 49949K->49949K(1093632K)
[2020-12-21T11:25:12.285-0500][gc,heap        ] GC(16745) Heap after GC invocations=16746 (full 3394): garbage-first heap   total 64512K, used 43284K [0x0000000083000000, 0x0000000100000000)
[2020-12-21T11:25:12.285-0500][gc,heap        ] GC(16745)   region size 1024K, 1 young (1024K), 1 survivors (1024K)
[2020-12-21T11:25:12.285-0500][gc,heap        ] GC(16745)  Metaspace       used 49949K, capacity 52104K, committed 53632K, reserved 1093632K
[2020-12-21T11:25:12.285-0500][gc,heap        ] GC(16745)   class space    used 7422K, capacity 8193K, committed 8832K, reserved 1048576K
[2020-12-21T11:25:12.285-0500][gc             ] GC(16745) Pause Young (Normal) (G1 Evacuation Pause) 51M->42M(63M) 4.810ms
[2020-12-21T11:25:12.285-0500][gc,cpu         ] GC(16745) User=0.01s Sys=0.00s Real=0.00s
[2020-12-21T11:26:45.189-0500][gc,task        ] GC(16746) Using 5 workers of 8 for full compaction
[2020-12-21T11:26:45.189-0500][gc,start       ] GC(16746) Pause Full (System.gc())
[2020-12-21T11:26:45.190-0500][gc,heap        ] GC(16746) Heap before GC invocations=16746 (full 3394): garbage-first heap   total 64512K, used 49428K [0x0000000083000000, 0x0000000100000000)
[2020-12-21T11:26:45.190-0500][gc,heap        ] GC(16746)   region size 1024K, 9 young (9216K), 1 survivors (1024K)
[2020-12-21T11:26:45.190-0500][gc,heap        ] GC(16746)  Metaspace       used 49949K, capacity 52104K, committed 53632K, reserved 1093632K
[2020-12-21T11:26:45.190-0500][gc,heap        ] GC(16746)   class space    used 7422K, capacity 8193K, committed 8832K, reserved 1048576K
[2020-12-21T11:26:45.190-0500][gc,phases,start] GC(16746) Phase 1: Mark live objects
[2020-12-21T11:26:45.243-0500][gc,stringtable ] GC(16746) Cleaned string and symbol table, strings: 33107 processed, 4 removed, symbols: 120816 processed, 0 removed
[2020-12-21T11:26:45.243-0500][gc,phases      ] GC(16746) Phase 1: Mark live objects 52.982ms
[2020-12-21T11:26:45.243-0500][gc,phases,start] GC(16746) Phase 2: Prepare for compaction
[2020-12-21T11:26:45.247-0500][gc,phases      ] GC(16746) Phase 2: Prepare for compaction 4.050ms
[2020-12-21T11:26:45.247-0500][gc,phases,start] GC(16746) Phase 3: Adjust pointers
[2020-12-21T11:26:45.259-0500][gc,phases      ] GC(16746) Phase 3: Adjust pointers 11.564ms
[2020-12-21T11:26:45.259-0500][gc,phases,start] GC(16746) Phase 4: Compact heap
[2020-12-21T11:26:45.262-0500][gc,phases      ] GC(16746) Phase 4: Compact heap 3.287ms
[2020-12-21T11:26:45.269-0500][gc,heap        ] GC(16746) Eden regions: 8->0(8)
[2020-12-21T11:26:45.269-0500][gc,heap        ] GC(16746) Survivor regions: 1->0(2)
[2020-12-21T11:26:45.269-0500][gc,heap        ] GC(16746) Old regions: 41->43
[2020-12-21T11:26:45.269-0500][gc,heap        ] GC(16746) Humongous regions: 4->4
[2020-12-21T11:26:45.269-0500][gc,metaspace   ] GC(16746) Metaspace: 49949K->49949K(1093632K)
[2020-12-21T11:26:45.269-0500][gc,heap        ] GC(16746) Heap after GC invocations=16747 (full 3395): garbage-first heap   total 64512K, used 43228K [0x0000000083000000, 0x0000000100000000)
[2020-12-21T11:26:45.269-0500][gc,heap        ] GC(16746)   region size 1024K, 0 young (0K), 0 survivors (0K)
[2020-12-21T11:26:45.269-0500][gc,heap        ] GC(16746)  Metaspace       used 49949K, capacity 52104K, committed 53632K, reserved 1093632K
[2020-12-21T11:26:45.269-0500][gc,heap        ] GC(16746)   class space    used 7422K, capacity 8193K, committed 8832K, reserved 1048576K
[2020-12-21T11:26:45.269-0500][gc             ] GC(16746) Pause Full (System.gc()) 50M->42M(63M) 79.208ms
[2020-12-21T11:26:45.269-0500][gc,cpu         ] GC(16746) User=0.34s Sys=0.00s Real=0.08s
[2020-12-21T11:28:15.650-0500][gc,heap        ] GC(16747) Heap before GC invocations=16747 (full 3395): garbage-first heap   total 64512K, used 50396K [0x0000000083000000, 0x0000000100000000)
[2020-12-21T11:28:15.650-0500][gc,heap        ] GC(16747)   region size 1024K, 8 young (8192K), 0 survivors (0K)
[2020-12-21T11:28:15.650-0500][gc,heap        ] GC(16747)  Metaspace       used 49949K, capacity 52104K, committed 53632K, reserved 1093632K
[2020-12-21T11:28:15.650-0500][gc,heap        ] GC(16747)   class space    used 7422K, capacity 8193K, committed 8832K, reserved 1048576K
[2020-12-21T11:28:15.650-0500][gc,start       ] GC(16747) Pause Young (Normal) (G1 Evacuation Pause)
[2020-12-21T11:28:15.650-0500][gc,task        ] GC(16747) Using 8 workers of 8 for evacuation
[2020-12-21T11:28:15.664-0500][gc,phases      ] GC(16747)   Pre Evacuate Collection Set: 0.0ms
[2020-12-21T11:28:15.664-0500][gc,phases      ] GC(16747)   Evacuate Collection Set: 10.5ms
[2020-12-21T11:28:15.664-0500][gc,phases      ] GC(16747)   Post Evacuate Collection Set: 3.1ms
[2020-12-21T11:28:15.664-0500][gc,phases      ] GC(16747)   Other: 0.3ms
[2020-12-21T11:28:15.664-0500][gc,heap        ] GC(16747) Eden regions: 8->0(7)
[2020-12-21T11:28:15.664-0500][gc,heap        ] GC(16747) Survivor regions: 0->1(1)
[2020-12-21T11:28:15.664-0500][gc,heap        ] GC(16747) Old regions: 43->43
[2020-12-21T11:28:15.664-0500][gc,heap        ] GC(16747) Humongous regions: 4->4
[2020-12-21T11:28:15.664-0500][gc,metaspace   ] GC(16747) Metaspace: 49949K->49949K(1093632K)
[2020-12-21T11:28:15.664-0500][gc,heap        ] GC(16747) Heap after GC invocations=16748 (full 3395): garbage-first heap   total 64512K, used 43279K [0x0000000083000000, 0x0000000100000000)
[2020-12-21T11:28:15.664-0500][gc,heap        ] GC(16747)   region size 1024K, 1 young (1024K), 1 survivors (1024K)
[2020-12-21T11:28:15.664-0500][gc,heap        ] GC(16747)  Metaspace       used 49949K, capacity 52104K, committed 53632K, reserved 1093632K
[2020-12-21T11:28:15.664-0500][gc,heap        ] GC(16747)   class space    used 7422K, capacity 8193K, committed 8832K, reserved 1048576K
[2020-12-21T11:28:15.664-0500][gc             ] GC(16747) Pause Young (Normal) (G1 Evacuation Pause) 50M->42M(63M) 13.833ms
[2020-12-21T11:28:15.664-0500][gc,cpu         ] GC(16747) User=0.08s Sys=0.00s Real=0.01s
[2020-12-21T11:29:29.447-0500][gc,heap        ] GC(16748) Heap before GC invocations=16748 (full 3395): garbage-first heap   total 64512K, used 50447K [0x0000000083000000, 0x0000000100000000)
[2020-12-21T11:29:29.447-0500][gc,heap        ] GC(16748)   region size 1024K, 8 young (8192K), 1 survivors (1024K)
[2020-12-21T11:29:29.447-0500][gc,heap        ] GC(16748)  Metaspace       used 49949K, capacity 52104K, committed 53632K, reserved 1093632K
[2020-12-21T11:29:29.447-0500][gc,heap        ] GC(16748)   class space    used 7422K, capacity 8193K, committed 8832K, reserved 1048576K
[2020-12-21T11:29:29.447-0500][gc,start       ] GC(16748) Pause Young (Normal) (G1 Evacuation Pause)
[2020-12-21T11:29:29.447-0500][gc,task        ] GC(16748) Using 8 workers of 8 for evacuation
[2020-12-21T11:29:29.450-0500][gc,phases      ] GC(16748)   Pre Evacuate Collection Set: 0.0ms
[2020-12-21T11:29:29.450-0500][gc,phases      ] GC(16748)   Evacuate Collection Set: 1.5ms
[2020-12-21T11:29:29.450-0500][gc,phases      ] GC(16748)   Post Evacuate Collection Set: 1.2ms
[2020-12-21T11:29:29.450-0500][gc,phases      ] GC(16748)   Other: 0.3ms
[2020-12-21T11:29:29.450-0500][gc,heap        ] GC(16748) Eden regions: 7->0(7)
[2020-12-21T11:29:29.451-0500][gc,heap        ] GC(16748) Survivor regions: 1->1(1)
[2020-12-21T11:29:29.451-0500][gc,heap        ] GC(16748) Old regions: 43->43
[2020-12-21T11:29:29.451-0500][gc,heap        ] GC(16748) Humongous regions: 4->4
[2020-12-21T11:29:29.451-0500][gc,metaspace   ] GC(16748) Metaspace: 49949K->49949K(1093632K)
[2020-12-21T11:29:29.451-0500][gc,heap        ] GC(16748) Heap after GC invocations=16749 (full 3395): garbage-first heap   total 64512K, used 43270K [0x0000000083000000, 0x0000000100000000)
[2020-12-21T11:29:29.451-0500][gc,heap        ] GC(16748)   region size 1024K, 1 young (1024K), 1 survivors (1024K)
[2020-12-21T11:29:29.451-0500][gc,heap        ] GC(16748)  Metaspace       used 49949K, capacity 52104K, committed 53632K, reserved 1093632K
[2020-12-21T11:29:29.451-0500][gc,heap        ] GC(16748)   class space    used 7422K, capacity 8193K, committed 8832K, reserved 1048576K
[2020-12-21T11:29:29.451-0500][gc             ] GC(16748) Pause Young (Normal) (G1 Evacuation Pause) 49M->42M(63M) 3.487ms
[2020-12-21T11:29:29.451-0500][gc,cpu         ] GC(16748) User=0.01s Sys=0.00s Real=0.01s
[2020-12-21T11:30:56.015-0500][gc,heap        ] GC(16749) Heap before GC invocations=16749 (full 3395): garbage-first heap   total 64512K, used 50438K [0x0000000083000000, 0x0000000100000000)
[2020-12-21T11:30:56.016-0500][gc,heap        ] GC(16749)   region size 1024K, 8 young (8192K), 1 survivors (1024K)
[2020-12-21T11:30:56.016-0500][gc,heap        ] GC(16749)  Metaspace       used 49949K, capacity 52104K, committed 53632K, reserved 1093632K
[2020-12-21T11:30:56.016-0500][gc,heap        ] GC(16749)   class space    used 7422K, capacity 8193K, committed 8832K, reserved 1048576K
[2020-12-21T11:30:56.016-0500][gc,start       ] GC(16749) Pause Young (Normal) (G1 Evacuation Pause)
[2020-12-21T11:30:56.016-0500][gc,task        ] GC(16749) Using 8 workers of 8 for evacuation
[2020-12-21T11:30:56.018-0500][gc,phases      ] GC(16749)   Pre Evacuate Collection Set: 0.0ms
[2020-12-21T11:30:56.018-0500][gc,phases      ] GC(16749)   Evacuate Collection Set: 0.7ms
[2020-12-21T11:30:56.018-0500][gc,phases      ] GC(16749)   Post Evacuate Collection Set: 1.1ms
[2020-12-21T11:30:56.018-0500][gc,phases      ] GC(16749)   Other: 0.3ms
[2020-12-21T11:30:56.018-0500][gc,heap        ] GC(16749) Eden regions: 7->0(7)
[2020-12-21T11:30:56.018-0500][gc,heap        ] GC(16749) Survivor regions: 1->1(1)
[2020-12-21T11:30:56.018-0500][gc,heap        ] GC(16749) Old regions: 43->43
[2020-12-21T11:30:56.018-0500][gc,heap        ] GC(16749) Humongous regions: 4->4
[2020-12-21T11:30:56.018-0500][gc,metaspace   ] GC(16749) Metaspace: 49949K->49949K(1093632K)
[2020-12-21T11:30:56.018-0500][gc,heap        ] GC(16749) Heap after GC invocations=16750 (full 3395): garbage-first heap   total 64512K, used 43278K [0x0000000083000000, 0x0000000100000000)
[2020-12-21T11:30:56.018-0500][gc,heap        ] GC(16749)   region size 1024K, 1 young (1024K), 1 survivors (1024K)
[2020-12-21T11:30:56.018-0500][gc,heap        ] GC(16749)  Metaspace       used 49949K, capacity 52104K, committed 53632K, reserved 1093632K
[2020-12-21T11:30:56.018-0500][gc,heap        ] GC(16749)   class space    used 7422K, capacity 8193K, committed 8832K, reserved 1048576K
[2020-12-21T11:30:56.018-0500][gc             ] GC(16749) Pause Young (Normal) (G1 Evacuation Pause) 49M->42M(63M) 2.146ms
[2020-12-21T11:30:56.018-0500][gc,cpu         ] GC(16749) User=0.01s Sys=0.00s Real=0.01s
[2020-12-21T11:31:45.191-0500][gc,task        ] GC(16750) Using 5 workers of 8 for full compaction
[2020-12-21T11:31:45.191-0500][gc,start       ] GC(16750) Pause Full (System.gc())
[2020-12-21T11:31:45.191-0500][gc,heap        ] GC(16750) Heap before GC invocations=16750 (full 3395): garbage-first heap   total 64512K, used 46350K [0x0000000083000000, 0x0000000100000000)
[2020-12-21T11:31:45.191-0500][gc,heap        ] GC(16750)   region size 1024K, 6 young (6144K), 1 survivors (1024K)
[2020-12-21T11:31:45.191-0500][gc,heap        ] GC(16750)  Metaspace       used 49949K, capacity 52104K, committed 53632K, reserved 1093632K
[2020-12-21T11:31:45.191-0500][gc,heap        ] GC(16750)   class space    used 7422K, capacity 8193K, committed 8832K, reserved 1048576K
[2020-12-21T11:31:45.191-0500][gc,phases,start] GC(16750) Phase 1: Mark live objects
[2020-12-21T11:31:45.210-0500][gc,stringtable ] GC(16750) Cleaned string and symbol table, strings: 33107 processed, 4 removed, symbols: 120816 processed, 0 removed
[2020-12-21T11:31:45.210-0500][gc,phases      ] GC(16750) Phase 1: Mark live objects 19.241ms
[2020-12-21T11:31:45.210-0500][gc,phases,start] GC(16750) Phase 2: Prepare for compaction
[2020-12-21T11:31:45.213-0500][gc,phases      ] GC(16750) Phase 2: Prepare for compaction 3.266ms
[2020-12-21T11:31:45.213-0500][gc,phases,start] GC(16750) Phase 3: Adjust pointers
[2020-12-21T11:31:45.225-0500][gc,phases      ] GC(16750) Phase 3: Adjust pointers 11.663ms
[2020-12-21T11:31:45.225-0500][gc,phases,start] GC(16750) Phase 4: Compact heap
[2020-12-21T11:31:45.228-0500][gc,phases      ] GC(16750) Phase 4: Compact heap 3.020ms
[2020-12-21T11:31:45.235-0500][gc,heap        ] GC(16750) Eden regions: 5->0(10)
[2020-12-21T11:31:45.235-0500][gc,heap        ] GC(16750) Survivor regions: 1->0(1)
[2020-12-21T11:31:45.235-0500][gc,heap        ] GC(16750) Old regions: 43->41
[2020-12-21T11:31:45.235-0500][gc,heap        ] GC(16750) Humongous regions: 4->4
[2020-12-21T11:31:45.235-0500][gc,metaspace   ] GC(16750) Metaspace: 49949K->49949K(1093632K)
[2020-12-21T11:31:45.235-0500][gc,heap        ] GC(16750) Heap after GC invocations=16751 (full 3396): garbage-first heap   total 64512K, used 43209K [0x0000000083000000, 0x0000000100000000)
[2020-12-21T11:31:45.235-0500][gc,heap        ] GC(16750)   region size 1024K, 0 young (0K), 0 survivors (0K)
[2020-12-21T11:31:45.235-0500][gc,heap        ] GC(16750)  Metaspace       used 49949K, capacity 52104K, committed 53632K, reserved 1093632K
[2020-12-21T11:31:45.235-0500][gc,heap        ] GC(16750)   class space    used 7422K, capacity 8193K, committed 8832K, reserved 1048576K
[2020-12-21T11:31:45.235-0500][gc             ] GC(16750) Pause Full (System.gc()) 46M->42M(63M) 44.393ms
[2020-12-21T11:31:45.235-0500][gc,cpu         ] GC(16750) User=0.18s Sys=0.00s Real=0.04s
[2020-12-21T11:33:29.249-0500][gc,heap        ] GC(16751) Heap before GC invocations=16751 (full 3396): garbage-first heap   total 64512K, used 52425K [0x0000000083000000, 0x0000000100000000)
[2020-12-21T11:33:29.249-0500][gc,heap        ] GC(16751)   region size 1024K, 10 young (10240K), 0 survivors (0K)
[2020-12-21T11:33:29.249-0500][gc,heap        ] GC(16751)  Metaspace       used 49949K, capacity 52104K, committed 53632K, reserved 1093632K
[2020-12-21T11:33:29.249-0500][gc,heap        ] GC(16751)   class space    used 7422K, capacity 8193K, committed 8832K, reserved 1048576K
[2020-12-21T11:33:29.249-0500][gc,start       ] GC(16751) Pause Young (Normal) (G1 Evacuation Pause)
[2020-12-21T11:33:29.249-0500][gc,task        ] GC(16751) Using 8 workers of 8 for evacuation
[2020-12-21T11:33:29.250-0500][gc,phases      ] GC(16751)   Pre Evacuate Collection Set: 0.0ms
[2020-12-21T11:33:29.250-0500][gc,phases      ] GC(16751)   Evacuate Collection Set: 0.5ms
[2020-12-21T11:33:29.250-0500][gc,phases      ] GC(16751)   Post Evacuate Collection Set: 1.1ms
[2020-12-21T11:33:29.250-0500][gc,phases      ] GC(16751)   Other: 0.3ms
[2020-12-21T11:33:29.250-0500][gc,heap        ] GC(16751) Eden regions: 10->0(9)
[2020-12-21T11:33:29.251-0500][gc,heap        ] GC(16751) Survivor regions: 0->1(2)
[2020-12-21T11:33:29.251-0500][gc,heap        ] GC(16751) Old regions: 41->41
[2020-12-21T11:33:29.251-0500][gc,heap        ] GC(16751) Humongous regions: 4->4
[2020-12-21T11:33:29.251-0500][gc,metaspace   ] GC(16751) Metaspace: 49949K->49949K(1093632K)
[2020-12-21T11:33:29.251-0500][gc,heap        ] GC(16751) Heap after GC invocations=16752 (full 3396): garbage-first heap   total 64512K, used 43347K [0x0000000083000000, 0x0000000100000000)
[2020-12-21T11:33:29.251-0500][gc,heap        ] GC(16751)   region size 1024K, 1 young (1024K), 1 survivors (1024K)
[2020-12-21T11:33:29.251-0500][gc,heap        ] GC(16751)  Metaspace       used 49949K, capacity 52104K, committed 53632K, reserved 1093632K
[2020-12-21T11:33:29.251-0500][gc,heap        ] GC(16751)   class space    used 7422K, capacity 8193K, committed 8832K, reserved 1048576K
[2020-12-21T11:33:29.251-0500][gc             ] GC(16751) Pause Young (Normal) (G1 Evacuation Pause) 52M->42M(63M) 1.950ms
[2020-12-21T11:33:29.251-0500][gc,cpu         ] GC(16751) User=0.00s Sys=0.01s Real=0.00s
[2020-12-21T11:35:06.016-0500][gc,heap        ] GC(16752) Heap before GC invocations=16752 (full 3396): garbage-first heap   total 64512K, used 51539K [0x0000000083000000, 0x0000000100000000)
[2020-12-21T11:35:06.016-0500][gc,heap        ] GC(16752)   region size 1024K, 10 young (10240K), 1 survivors (1024K)
[2020-12-21T11:35:06.016-0500][gc,heap        ] GC(16752)  Metaspace       used 49949K, capacity 52104K, committed 53632K, reserved 1093632K
[2020-12-21T11:35:06.016-0500][gc,heap        ] GC(16752)   class space    used 7422K, capacity 8193K, committed 8832K, reserved 1048576K
[2020-12-21T11:35:06.016-0500][gc,start       ] GC(16752) Pause Young (Normal) (G1 Evacuation Pause)
[2020-12-21T11:35:06.016-0500][gc,task        ] GC(16752) Using 8 workers of 8 for evacuation
[2020-12-21T11:35:06.021-0500][gc,phases      ] GC(16752)   Pre Evacuate Collection Set: 0.0ms
[2020-12-21T11:35:06.021-0500][gc,phases      ] GC(16752)   Evacuate Collection Set: 2.0ms
[2020-12-21T11:35:06.021-0500][gc,phases      ] GC(16752)   Post Evacuate Collection Set: 2.6ms
[2020-12-21T11:35:06.021-0500][gc,phases      ] GC(16752)   Other: 0.5ms
[2020-12-21T11:35:06.021-0500][gc,heap        ] GC(16752) Eden regions: 9->0(9)
[2020-12-21T11:35:06.022-0500][gc,heap        ] GC(16752) Survivor regions: 1->1(2)
[2020-12-21T11:35:06.022-0500][gc,heap        ] GC(16752) Old regions: 41->41
[2020-12-21T11:35:06.022-0500][gc,heap        ] GC(16752) Humongous regions: 4->4
[2020-12-21T11:35:06.022-0500][gc,metaspace   ] GC(16752) Metaspace: 49949K->49949K(1093632K)
[2020-12-21T11:35:06.022-0500][gc,heap        ] GC(16752) Heap after GC invocations=16753 (full 3396): garbage-first heap   total 64512K, used 43305K [0x0000000083000000, 0x0000000100000000)
[2020-12-21T11:35:06.022-0500][gc,heap        ] GC(16752)   region size 1024K, 1 young (1024K), 1 survivors (1024K)
[2020-12-21T11:35:06.022-0500][gc,heap        ] GC(16752)  Metaspace       used 49949K, capacity 52104K, committed 53632K, reserved 1093632K
[2020-12-21T11:35:06.022-0500][gc,heap        ] GC(16752)   class space    used 7422K, capacity 8193K, committed 8832K, reserved 1048576K
[2020-12-21T11:35:06.022-0500][gc             ] GC(16752) Pause Young (Normal) (G1 Evacuation Pause) 51M->42M(63M) 5.296ms
[2020-12-21T11:35:06.022-0500][gc,cpu         ] GC(16752) User=0.01s Sys=0.00s Real=0.01s
[2020-12-21T11:36:45.193-0500][gc,task        ] GC(16753) Using 5 workers of 8 for full compaction
[2020-12-21T11:36:45.193-0500][gc,start       ] GC(16753) Pause Full (System.gc())
[2020-12-21T11:36:45.193-0500][gc,heap        ] GC(16753) Heap before GC invocations=16753 (full 3396): garbage-first heap   total 64512K, used 51497K [0x0000000083000000, 0x0000000100000000)
[2020-12-21T11:36:45.193-0500][gc,heap        ] GC(16753)   region size 1024K, 10 young (10240K), 1 survivors (1024K)
[2020-12-21T11:36:45.193-0500][gc,heap        ] GC(16753)  Metaspace       used 49949K, capacity 52104K, committed 53632K, reserved 1093632K
[2020-12-21T11:36:45.193-0500][gc,heap        ] GC(16753)   class space    used 7422K, capacity 8193K, committed 8832K, reserved 1048576K
[2020-12-21T11:36:45.194-0500][gc,phases,start] GC(16753) Phase 1: Mark live objects
[2020-12-21T11:36:45.236-0500][gc,stringtable ] GC(16753) Cleaned string and symbol table, strings: 33107 processed, 4 removed, symbols: 120816 processed, 0 removed
[2020-12-21T11:36:45.236-0500][gc,phases      ] GC(16753) Phase 1: Mark live objects 42.437ms
[2020-12-21T11:36:45.236-0500][gc,phases,start] GC(16753) Phase 2: Prepare for compaction
[2020-12-21T11:36:45.241-0500][gc,phases      ] GC(16753) Phase 2: Prepare for compaction 4.520ms
[2020-12-21T11:36:45.241-0500][gc,phases,start] GC(16753) Phase 3: Adjust pointers
[2020-12-21T11:36:45.252-0500][gc,phases      ] GC(16753) Phase 3: Adjust pointers 11.161ms
[2020-12-21T11:36:45.252-0500][gc,phases,start] GC(16753) Phase 4: Compact heap
[2020-12-21T11:36:45.255-0500][gc,phases      ] GC(16753) Phase 4: Compact heap 2.785ms
[2020-12-21T11:36:45.262-0500][gc,heap        ] GC(16753) Eden regions: 9->0(10)
[2020-12-21T11:36:45.262-0500][gc,heap        ] GC(16753) Survivor regions: 1->0(2)
[2020-12-21T11:36:45.262-0500][gc,heap        ] GC(16753) Old regions: 41->41
[2020-12-21T11:36:45.262-0500][gc,heap        ] GC(16753) Humongous regions: 4->4
[2020-12-21T11:36:45.262-0500][gc,metaspace   ] GC(16753) Metaspace: 49949K->49949K(1093632K)
[2020-12-21T11:36:45.262-0500][gc,heap        ] GC(16753) Heap after GC invocations=16754 (full 3397): garbage-first heap   total 64512K, used 43218K [0x0000000083000000, 0x0000000100000000)
[2020-12-21T11:36:45.262-0500][gc,heap        ] GC(16753)   region size 1024K, 0 young (0K), 0 survivors (0K)
[2020-12-21T11:36:45.262-0500][gc,heap        ] GC(16753)  Metaspace       used 49949K, capacity 52104K, committed 53632K, reserved 1093632K
[2020-12-21T11:36:45.262-0500][gc,heap        ] GC(16753)   class space    used 7422K, capacity 8193K, committed 8832K, reserved 1048576K
[2020-12-21T11:36:45.262-0500][gc             ] GC(16753) Pause Full (System.gc()) 50M->42M(63M) 69.508ms
[2020-12-21T11:36:45.262-0500][gc,cpu         ] GC(16753) User=0.29s Sys=0.00s Real=0.07s
[2020-12-21T11:38:36.011-0500][gc,heap        ] GC(16754) Heap before GC invocations=16754 (full 3397): garbage-first heap   total 64512K, used 52434K [0x0000000083000000, 0x0000000100000000)
[2020-12-21T11:38:36.011-0500][gc,heap        ] GC(16754)   region size 1024K, 10 young (10240K), 0 survivors (0K)
[2020-12-21T11:38:36.011-0500][gc,heap        ] GC(16754)  Metaspace       used 49949K, capacity 52104K, committed 53632K, reserved 1093632K
[2020-12-21T11:38:36.011-0500][gc,heap        ] GC(16754)   class space    used 7422K, capacity 8193K, committed 8832K, reserved 1048576K
[2020-12-21T11:38:36.011-0500][gc,start       ] GC(16754) Pause Young (Normal) (G1 Evacuation Pause)
[2020-12-21T11:38:36.011-0500][gc,task        ] GC(16754) Using 8 workers of 8 for evacuation
[2020-12-21T11:38:36.013-0500][gc,phases      ] GC(16754)   Pre Evacuate Collection Set: 0.0ms
[2020-12-21T11:38:36.013-0500][gc,phases      ] GC(16754)   Evacuate Collection Set: 0.7ms
[2020-12-21T11:38:36.013-0500][gc,phases      ] GC(16754)   Post Evacuate Collection Set: 1.0ms
[2020-12-21T11:38:36.013-0500][gc,phases      ] GC(16754)   Other: 0.2ms
[2020-12-21T11:38:36.013-0500][gc,heap        ] GC(16754) Eden regions: 10->0(9)
[2020-12-21T11:38:36.013-0500][gc,heap        ] GC(16754) Survivor regions: 0->1(2)
[2020-12-21T11:38:36.013-0500][gc,heap        ] GC(16754) Old regions: 41->41
[2020-12-21T11:38:36.013-0500][gc,heap        ] GC(16754) Humongous regions: 4->4
[2020-12-21T11:38:36.013-0500][gc,metaspace   ] GC(16754) Metaspace: 49949K->49949K(1093632K)
[2020-12-21T11:38:36.013-0500][gc,heap        ] GC(16754) Heap after GC invocations=16755 (full 3397): garbage-first heap   total 64512K, used 43279K [0x0000000083000000, 0x0000000100000000)
[2020-12-21T11:38:36.013-0500][gc,heap        ] GC(16754)   region size 1024K, 1 young (1024K), 1 survivors (1024K)
[2020-12-21T11:38:36.013-0500][gc,heap        ] GC(16754)  Metaspace       used 49949K, capacity 52104K, committed 53632K, reserved 1093632K
[2020-12-21T11:38:36.013-0500][gc,heap        ] GC(16754)   class space    used 7422K, capacity 8193K, committed 8832K, reserved 1048576K
[2020-12-21T11:38:36.013-0500][gc             ] GC(16754) Pause Young (Normal) (G1 Evacuation Pause) 52M->42M(63M) 1.945ms
[2020-12-21T11:38:36.013-0500][gc,cpu         ] GC(16754) User=0.00s Sys=0.00s Real=0.00s
[2020-12-21T11:40:26.015-0500][gc,heap        ] GC(16755) Heap before GC invocations=16755 (full 3397): garbage-first heap   total 64512K, used 51471K [0x0000000083000000, 0x0000000100000000)
[2020-12-21T11:40:26.015-0500][gc,heap        ] GC(16755)   region size 1024K, 10 young (10240K), 1 survivors (1024K)
[2020-12-21T11:40:26.015-0500][gc,heap        ] GC(16755)  Metaspace       used 49949K, capacity 52104K, committed 53632K, reserved 1093632K
[2020-12-21T11:40:26.015-0500][gc,heap        ] GC(16755)   class space    used 7422K, capacity 8193K, committed 8832K, reserved 1048576K
[2020-12-21T11:40:26.015-0500][gc,start       ] GC(16755) Pause Young (Normal) (G1 Evacuation Pause)
[2020-12-21T11:40:26.016-0500][gc,task        ] GC(16755) Using 8 workers of 8 for evacuation
[2020-12-21T11:40:26.020-0500][gc,phases      ] GC(16755)   Pre Evacuate Collection Set: 0.0ms
[2020-12-21T11:40:26.020-0500][gc,phases      ] GC(16755)   Evacuate Collection Set: 1.7ms
[2020-12-21T11:40:26.020-0500][gc,phases      ] GC(16755)   Post Evacuate Collection Set: 2.0ms
[2020-12-21T11:40:26.020-0500][gc,phases      ] GC(16755)   Other: 0.6ms
[2020-12-21T11:40:26.020-0500][gc,heap        ] GC(16755) Eden regions: 9->0(9)
[2020-12-21T11:40:26.020-0500][gc,heap        ] GC(16755) Survivor regions: 1->1(2)
[2020-12-21T11:40:26.020-0500][gc,heap        ] GC(16755) Old regions: 41->41
[2020-12-21T11:40:26.020-0500][gc,heap        ] GC(16755) Humongous regions: 4->4
[2020-12-21T11:40:26.020-0500][gc,metaspace   ] GC(16755) Metaspace: 49949K->49949K(1093632K)
[2020-12-21T11:40:26.020-0500][gc,heap        ] GC(16755) Heap after GC invocations=16756 (full 3397): garbage-first heap   total 64512K, used 43290K [0x0000000083000000, 0x0000000100000000)
[2020-12-21T11:40:26.020-0500][gc,heap        ] GC(16755)   region size 1024K, 1 young (1024K), 1 survivors (1024K)
[2020-12-21T11:40:26.020-0500][gc,heap        ] GC(16755)  Metaspace       used 49949K, capacity 52104K, committed 53632K, reserved 1093632K
[2020-12-21T11:40:26.020-0500][gc,heap        ] GC(16755)   class space    used 7422K, capacity 8193K, committed 8832K, reserved 1048576K
[2020-12-21T11:40:26.020-0500][gc             ] GC(16755) Pause Young (Normal) (G1 Evacuation Pause) 51M->42M(63M) 4.560ms
[2020-12-21T11:40:26.020-0500][gc,cpu         ] GC(16755) User=0.02s Sys=0.00s Real=0.01s
[2020-12-21T11:41:45.190-0500][gc,task        ] GC(16756) Using 5 workers of 8 for full compaction
[2020-12-21T11:41:45.190-0500][gc,start       ] GC(16756) Pause Full (System.gc())
[2020-12-21T11:41:45.190-0500][gc,heap        ] GC(16756) Heap before GC invocations=16756 (full 3397): garbage-first heap   total 64512K, used 50458K [0x0000000083000000, 0x0000000100000000)
[2020-12-21T11:41:45.190-0500][gc,heap        ] GC(16756)   region size 1024K, 9 young (9216K), 1 survivors (1024K)
[2020-12-21T11:41:45.190-0500][gc,heap        ] GC(16756)  Metaspace       used 49949K, capacity 52104K, committed 53632K, reserved 1093632K
[2020-12-21T11:41:45.190-0500][gc,heap        ] GC(16756)   class space    used 7422K, capacity 8193K, committed 8832K, reserved 1048576K
[2020-12-21T11:41:45.191-0500][gc,phases,start] GC(16756) Phase 1: Mark live objects
[2020-12-21T11:41:45.229-0500][gc,stringtable ] GC(16756) Cleaned string and symbol table, strings: 33107 processed, 4 removed, symbols: 120816 processed, 0 removed
[2020-12-21T11:41:45.229-0500][gc,phases      ] GC(16756) Phase 1: Mark live objects 38.306ms
[2020-12-21T11:41:45.229-0500][gc,phases,start] GC(16756) Phase 2: Prepare for compaction
[2020-12-21T11:41:45.234-0500][gc,phases      ] GC(16756) Phase 2: Prepare for compaction 5.274ms
[2020-12-21T11:41:45.234-0500][gc,phases,start] GC(16756) Phase 3: Adjust pointers
[2020-12-21T11:41:45.246-0500][gc,phases      ] GC(16756) Phase 3: Adjust pointers 11.661ms
[2020-12-21T11:41:45.246-0500][gc,phases,start] GC(16756) Phase 4: Compact heap
[2020-12-21T11:41:45.249-0500][gc,phases      ] GC(16756) Phase 4: Compact heap 2.718ms
[2020-12-21T11:41:45.255-0500][gc,heap        ] GC(16756) Eden regions: 8->0(10)
[2020-12-21T11:41:45.255-0500][gc,heap        ] GC(16756) Survivor regions: 1->0(2)
[2020-12-21T11:41:45.255-0500][gc,heap        ] GC(16756) Old regions: 41->41
[2020-12-21T11:41:45.255-0500][gc,heap        ] GC(16756) Humongous regions: 4->4
[2020-12-21T11:41:45.255-0500][gc,metaspace   ] GC(16756) Metaspace: 49949K->49949K(1093632K)
[2020-12-21T11:41:45.255-0500][gc,heap        ] GC(16756) Heap after GC invocations=16757 (full 3398): garbage-first heap   total 64512K, used 43224K [0x0000000083000000, 0x0000000100000000)
[2020-12-21T11:41:45.255-0500][gc,heap        ] GC(16756)   region size 1024K, 0 young (0K), 0 survivors (0K)
[2020-12-21T11:41:45.255-0500][gc,heap        ] GC(16756)  Metaspace       used 49949K, capacity 52104K, committed 53632K, reserved 1093632K
[2020-12-21T11:41:45.255-0500][gc,heap        ] GC(16756)   class space    used 7422K, capacity 8193K, committed 8832K, reserved 1048576K
[2020-12-21T11:41:45.255-0500][gc             ] GC(16756) Pause Full (System.gc()) 49M->42M(63M) 64.959ms
[2020-12-21T11:41:45.255-0500][gc,cpu         ] GC(16756) User=0.27s Sys=0.00s Real=0.06s
[2020-12-21T11:43:30.848-0500][gc,heap        ] GC(16757) Heap before GC invocations=16757 (full 3398): garbage-first heap   total 64512K, used 52440K [0x0000000083000000, 0x0000000100000000)
[2020-12-21T11:43:30.848-0500][gc,heap        ] GC(16757)   region size 1024K, 10 young (10240K), 0 survivors (0K)
[2020-12-21T11:43:30.848-0500][gc,heap        ] GC(16757)  Metaspace       used 49949K, capacity 52104K, committed 53632K, reserved 1093632K
[2020-12-21T11:43:30.848-0500][gc,heap        ] GC(16757)   class space    used 7422K, capacity 8193K, committed 8832K, reserved 1048576K
[2020-12-21T11:43:30.848-0500][gc,start       ] GC(16757) Pause Young (Normal) (G1 Evacuation Pause)
[2020-12-21T11:43:30.848-0500][gc,task        ] GC(16757) Using 8 workers of 8 for evacuation
[2020-12-21T11:43:30.851-0500][gc,phases      ] GC(16757)   Pre Evacuate Collection Set: 0.0ms
[2020-12-21T11:43:30.851-0500][gc,phases      ] GC(16757)   Evacuate Collection Set: 0.9ms
[2020-12-21T11:43:30.851-0500][gc,phases      ] GC(16757)   Post Evacuate Collection Set: 1.9ms
[2020-12-21T11:43:30.851-0500][gc,phases      ] GC(16757)   Other: 0.2ms
[2020-12-21T11:43:30.851-0500][gc,heap        ] GC(16757) Eden regions: 10->0(9)
[2020-12-21T11:43:30.851-0500][gc,heap        ] GC(16757) Survivor regions: 0->1(2)
[2020-12-21T11:43:30.851-0500][gc,heap        ] GC(16757) Old regions: 41->41
[2020-12-21T11:43:30.851-0500][gc,heap        ] GC(16757) Humongous regions: 4->4
[2020-12-21T11:43:30.851-0500][gc,metaspace   ] GC(16757) Metaspace: 49949K->49949K(1093632K)
[2020-12-21T11:43:30.851-0500][gc,heap        ] GC(16757) Heap after GC invocations=16758 (full 3398): garbage-first heap   total 64512K, used 43415K [0x0000000083000000, 0x0000000100000000)
[2020-12-21T11:43:30.851-0500][gc,heap        ] GC(16757)   region size 1024K, 1 young (1024K), 1 survivors (1024K)
[2020-12-21T11:43:30.851-0500][gc,heap        ] GC(16757)  Metaspace       used 49949K, capacity 52104K, committed 53632K, reserved 1093632K
[2020-12-21T11:43:30.851-0500][gc,heap        ] GC(16757)   class space    used 7422K, capacity 8193K, committed 8832K, reserved 1048576K
[2020-12-21T11:43:30.851-0500][gc             ] GC(16757) Pause Young (Normal) (G1 Evacuation Pause) 52M->42M(63M) 3.105ms
[2020-12-21T11:43:30.851-0500][gc,cpu         ] GC(16757) User=0.01s Sys=0.00s Real=0.00s
[2020-12-21T11:45:16.013-0500][gc,heap        ] GC(16758) Heap before GC invocations=16758 (full 3398): garbage-first heap   total 64512K, used 51607K [0x0000000083000000, 0x0000000100000000)
[2020-12-21T11:45:16.014-0500][gc,heap        ] GC(16758)   region size 1024K, 10 young (10240K), 1 survivors (1024K)
[2020-12-21T11:45:16.014-0500][gc,heap        ] GC(16758)  Metaspace       used 49949K, capacity 52104K, committed 53632K, reserved 1093632K
[2020-12-21T11:45:16.014-0500][gc,heap        ] GC(16758)   class space    used 7422K, capacity 8193K, committed 8832K, reserved 1048576K
[2020-12-21T11:45:16.014-0500][gc,start       ] GC(16758) Pause Young (Normal) (G1 Evacuation Pause)
[2020-12-21T11:45:16.014-0500][gc,task        ] GC(16758) Using 8 workers of 8 for evacuation
[2020-12-21T11:45:16.018-0500][gc,phases      ] GC(16758)   Pre Evacuate Collection Set: 0.0ms
[2020-12-21T11:45:16.018-0500][gc,phases      ] GC(16758)   Evacuate Collection Set: 1.7ms
[2020-12-21T11:45:16.018-0500][gc,phases      ] GC(16758)   Post Evacuate Collection Set: 2.4ms
[2020-12-21T11:45:16.018-0500][gc,phases      ] GC(16758)   Other: 0.5ms
[2020-12-21T11:45:16.018-0500][gc,heap        ] GC(16758) Eden regions: 9->0(9)
[2020-12-21T11:45:16.018-0500][gc,heap        ] GC(16758) Survivor regions: 1->1(2)
[2020-12-21T11:45:16.018-0500][gc,heap        ] GC(16758) Old regions: 41->41
[2020-12-21T11:45:16.018-0500][gc,heap        ] GC(16758) Humongous regions: 4->4
[2020-12-21T11:45:16.018-0500][gc,metaspace   ] GC(16758) Metaspace: 49949K->49949K(1093632K)
[2020-12-21T11:45:16.018-0500][gc,heap        ] GC(16758) Heap after GC invocations=16759 (full 3398): garbage-first heap   total 64512K, used 43300K [0x0000000083000000, 0x0000000100000000)
[2020-12-21T11:45:16.018-0500][gc,heap        ] GC(16758)   region size 1024K, 1 young (1024K), 1 survivors (1024K)
[2020-12-21T11:45:16.019-0500][gc,heap        ] GC(16758)  Metaspace       used 49949K, capacity 52104K, committed 53632K, reserved 1093632K
[2020-12-21T11:45:16.019-0500][gc,heap        ] GC(16758)   class space    used 7422K, capacity 8193K, committed 8832K, reserved 1048576K
[2020-12-21T11:45:16.019-0500][gc             ] GC(16758) Pause Young (Normal) (G1 Evacuation Pause) 51M->42M(63M) 4.852ms
[2020-12-21T11:45:16.019-0500][gc,cpu         ] GC(16758) User=0.01s Sys=0.00s Real=0.01s
[2020-12-21T11:46:45.189-0500][gc,task        ] GC(16759) Using 5 workers of 8 for full compaction
[2020-12-21T11:46:45.189-0500][gc,start       ] GC(16759) Pause Full (System.gc())
[2020-12-21T11:46:45.189-0500][gc,heap        ] GC(16759) Heap before GC invocations=16759 (full 3398): garbage-first heap   total 64512K, used 50468K [0x0000000083000000, 0x0000000100000000)
[2020-12-21T11:46:45.189-0500][gc,heap        ] GC(16759)   region size 1024K, 9 young (9216K), 1 survivors (1024K)
[2020-12-21T11:46:45.189-0500][gc,heap        ] GC(16759)  Metaspace       used 49949K, capacity 52104K, committed 53632K, reserved 1093632K
[2020-12-21T11:46:45.189-0500][gc,heap        ] GC(16759)   class space    used 7422K, capacity 8193K, committed 8832K, reserved 1048576K
[2020-12-21T11:46:45.190-0500][gc,phases,start] GC(16759) Phase 1: Mark live objects
[2020-12-21T11:46:45.217-0500][gc,stringtable ] GC(16759) Cleaned string and symbol table, strings: 33107 processed, 4 removed, symbols: 120816 processed, 0 removed
[2020-12-21T11:46:45.217-0500][gc,phases      ] GC(16759) Phase 1: Mark live objects 27.396ms
[2020-12-21T11:46:45.217-0500][gc,phases,start] GC(16759) Phase 2: Prepare for compaction
[2020-12-21T11:46:45.224-0500][gc,phases      ] GC(16759) Phase 2: Prepare for compaction 6.999ms
[2020-12-21T11:46:45.224-0500][gc,phases,start] GC(16759) Phase 3: Adjust pointers
[2020-12-21T11:46:45.240-0500][gc,phases      ] GC(16759) Phase 3: Adjust pointers 15.962ms
[2020-12-21T11:46:45.240-0500][gc,phases,start] GC(16759) Phase 4: Compact heap
[2020-12-21T11:46:45.245-0500][gc,phases      ] GC(16759) Phase 4: Compact heap 4.981ms
[2020-12-21T11:46:45.252-0500][gc,heap        ] GC(16759) Eden regions: 8->0(10)
[2020-12-21T11:46:45.252-0500][gc,heap        ] GC(16759) Survivor regions: 1->0(2)
[2020-12-21T11:46:45.252-0500][gc,heap        ] GC(16759) Old regions: 41->41
[2020-12-21T11:46:45.252-0500][gc,heap        ] GC(16759) Humongous regions: 4->4
[2020-12-21T11:46:45.252-0500][gc,metaspace   ] GC(16759) Metaspace: 49949K->49949K(1093632K)
[2020-12-21T11:46:45.252-0500][gc,heap        ] GC(16759) Heap after GC invocations=16760 (full 3399): garbage-first heap   total 64512K, used 43216K [0x0000000083000000, 0x0000000100000000)
[2020-12-21T11:46:45.252-0500][gc,heap        ] GC(16759)   region size 1024K, 0 young (0K), 0 survivors (0K)
[2020-12-21T11:46:45.252-0500][gc,heap        ] GC(16759)  Metaspace       used 49949K, capacity 52104K, committed 53632K, reserved 1093632K
[2020-12-21T11:46:45.252-0500][gc,heap        ] GC(16759)   class space    used 7422K, capacity 8193K, committed 8832K, reserved 1048576K
[2020-12-21T11:46:45.252-0500][gc             ] GC(16759) Pause Full (System.gc()) 49M->42M(63M) 62.693ms
[2020-12-21T11:46:45.252-0500][gc,cpu         ] GC(16759) User=0.26s Sys=0.00s Real=0.06s
[2020-12-21T11:48:36.014-0500][gc,heap        ] GC(16760) Heap before GC invocations=16760 (full 3399): garbage-first heap   total 64512K, used 53456K [0x0000000083000000, 0x0000000100000000)
[2020-12-21T11:48:36.014-0500][gc,heap        ] GC(16760)   region size 1024K, 10 young (10240K), 0 survivors (0K)
[2020-12-21T11:48:36.014-0500][gc,heap        ] GC(16760)  Metaspace       used 49949K, capacity 52104K, committed 53632K, reserved 1093632K
[2020-12-21T11:48:36.014-0500][gc,heap        ] GC(16760)   class space    used 7422K, capacity 8193K, committed 8832K, reserved 1048576K
[2020-12-21T11:48:36.014-0500][gc,start       ] GC(16760) Pause Young (Normal) (G1 Evacuation Pause)
[2020-12-21T11:48:36.014-0500][gc,task        ] GC(16760) Using 8 workers of 8 for evacuation
[2020-12-21T11:48:36.041-0500][gc,phases      ] GC(16760)   Pre Evacuate Collection Set: 0.0ms
[2020-12-21T11:48:36.041-0500][gc,phases      ] GC(16760)   Evacuate Collection Set: 17.0ms
[2020-12-21T11:48:36.041-0500][gc,phases      ] GC(16760)   Post Evacuate Collection Set: 9.9ms
[2020-12-21T11:48:36.041-0500][gc,phases      ] GC(16760)   Other: 0.5ms
[2020-12-21T11:48:36.041-0500][gc,heap        ] GC(16760) Eden regions: 10->0(9)
[2020-12-21T11:48:36.041-0500][gc,heap        ] GC(16760) Survivor regions: 0->1(2)
[2020-12-21T11:48:36.041-0500][gc,heap        ] GC(16760) Old regions: 41->41
[2020-12-21T11:48:36.041-0500][gc,heap        ] GC(16760) Humongous regions: 4->4
[2020-12-21T11:48:36.041-0500][gc,metaspace   ] GC(16760) Metaspace: 49949K->49949K(1093632K)
[2020-12-21T11:48:36.041-0500][gc,heap        ] GC(16760) Heap after GC invocations=16761 (full 3399): garbage-first heap   total 64512K, used 43289K [0x0000000083000000, 0x0000000100000000)
[2020-12-21T11:48:36.041-0500][gc,heap        ] GC(16760)   region size 1024K, 1 young (1024K), 1 survivors (1024K)
[2020-12-21T11:48:36.041-0500][gc,heap        ] GC(16760)  Metaspace       used 49949K, capacity 52104K, committed 53632K, reserved 1093632K
[2020-12-21T11:48:36.041-0500][gc,heap        ] GC(16760)   class space    used 7422K, capacity 8193K, committed 8832K, reserved 1048576K
[2020-12-21T11:48:36.041-0500][gc             ] GC(16760) Pause Young (Normal) (G1 Evacuation Pause) 52M->42M(63M) 27.349ms
[2020-12-21T11:48:36.041-0500][gc,cpu         ] GC(16760) User=0.16s Sys=0.00s Real=0.03s
[2020-12-21T11:50:16.020-0500][gc,heap        ] GC(16761) Heap before GC invocations=16761 (full 3399): garbage-first heap   total 64512K, used 51481K [0x0000000083000000, 0x0000000100000000)
[2020-12-21T11:50:16.020-0500][gc,heap        ] GC(16761)   region size 1024K, 10 young (10240K), 1 survivors (1024K)
[2020-12-21T11:50:16.020-0500][gc,heap        ] GC(16761)  Metaspace       used 49949K, capacity 52104K, committed 53632K, reserved 1093632K
[2020-12-21T11:50:16.020-0500][gc,heap        ] GC(16761)   class space    used 7422K, capacity 8193K, committed 8832K, reserved 1048576K
[2020-12-21T11:50:16.020-0500][gc,start       ] GC(16761) Pause Young (Normal) (G1 Evacuation Pause)
[2020-12-21T11:50:16.020-0500][gc,task        ] GC(16761) Using 8 workers of 8 for evacuation
[2020-12-21T11:50:16.025-0500][gc,phases      ] GC(16761)   Pre Evacuate Collection Set: 0.0ms
[2020-12-21T11:50:16.025-0500][gc,phases      ] GC(16761)   Evacuate Collection Set: 2.6ms
[2020-12-21T11:50:16.025-0500][gc,phases      ] GC(16761)   Post Evacuate Collection Set: 2.6ms
[2020-12-21T11:50:16.026-0500][gc,phases      ] GC(16761)   Other: 0.4ms
[2020-12-21T11:50:16.026-0500][gc,heap        ] GC(16761) Eden regions: 9->0(9)
[2020-12-21T11:50:16.026-0500][gc,heap        ] GC(16761) Survivor regions: 1->1(2)
[2020-12-21T11:50:16.026-0500][gc,heap        ] GC(16761) Old regions: 41->41
[2020-12-21T11:50:16.026-0500][gc,heap        ] GC(16761) Humongous regions: 4->4
[2020-12-21T11:50:16.026-0500][gc,metaspace   ] GC(16761) Metaspace: 49949K->49949K(1093632K)
[2020-12-21T11:50:16.026-0500][gc,heap        ] GC(16761) Heap after GC invocations=16762 (full 3399): garbage-first heap   total 64512K, used 43291K [0x0000000083000000, 0x0000000100000000)
[2020-12-21T11:50:16.026-0500][gc,heap        ] GC(16761)   region size 1024K, 1 young (1024K), 1 survivors (1024K)
[2020-12-21T11:50:16.026-0500][gc,heap        ] GC(16761)  Metaspace       used 49949K, capacity 52104K, committed 53632K, reserved 1093632K
[2020-12-21T11:50:16.026-0500][gc,heap        ] GC(16761)   class space    used 7422K, capacity 8193K, committed 8832K, reserved 1048576K
[2020-12-21T11:50:16.026-0500][gc             ] GC(16761) Pause Young (Normal) (G1 Evacuation Pause) 51M->42M(63M) 5.959ms
[2020-12-21T11:50:16.026-0500][gc,cpu         ] GC(16761) User=0.02s Sys=0.00s Real=0.00s
[2020-12-21T11:51:45.190-0500][gc,task        ] GC(16762) Using 5 workers of 8 for full compaction
[2020-12-21T11:51:45.191-0500][gc,start       ] GC(16762) Pause Full (System.gc())
[2020-12-21T11:51:45.191-0500][gc,heap        ] GC(16762) Heap before GC invocations=16762 (full 3399): garbage-first heap   total 64512K, used 49435K [0x0000000083000000, 0x0000000100000000)
[2020-12-21T11:51:45.191-0500][gc,heap        ] GC(16762)   region size 1024K, 9 young (9216K), 1 survivors (1024K)
[2020-12-21T11:51:45.191-0500][gc,heap        ] GC(16762)  Metaspace       used 49949K, capacity 52104K, committed 53632K, reserved 1093632K
[2020-12-21T11:51:45.191-0500][gc,heap        ] GC(16762)   class space    used 7422K, capacity 8193K, committed 8832K, reserved 1048576K
[2020-12-21T11:51:45.191-0500][gc,phases,start] GC(16762) Phase 1: Mark live objects
[2020-12-21T11:51:45.236-0500][gc,stringtable ] GC(16762) Cleaned string and symbol table, strings: 33107 processed, 4 removed, symbols: 120816 processed, 0 removed
[2020-12-21T11:51:45.236-0500][gc,phases      ] GC(16762) Phase 1: Mark live objects 44.228ms
[2020-12-21T11:51:45.236-0500][gc,phases,start] GC(16762) Phase 2: Prepare for compaction
[2020-12-21T11:51:45.241-0500][gc,phases      ] GC(16762) Phase 2: Prepare for compaction 5.186ms
[2020-12-21T11:51:45.241-0500][gc,phases,start] GC(16762) Phase 3: Adjust pointers
[2020-12-21T11:51:45.253-0500][gc,phases      ] GC(16762) Phase 3: Adjust pointers 12.452ms
[2020-12-21T11:51:45.253-0500][gc,phases,start] GC(16762) Phase 4: Compact heap
[2020-12-21T11:51:45.257-0500][gc,phases      ] GC(16762) Phase 4: Compact heap 3.531ms
[2020-12-21T11:51:45.265-0500][gc,heap        ] GC(16762) Eden regions: 8->0(9)
[2020-12-21T11:51:45.265-0500][gc,heap        ] GC(16762) Survivor regions: 1->0(2)
[2020-12-21T11:51:45.265-0500][gc,heap        ] GC(16762) Old regions: 41->42
[2020-12-21T11:51:45.265-0500][gc,heap        ] GC(16762) Humongous regions: 4->4
[2020-12-21T11:51:45.265-0500][gc,metaspace   ] GC(16762) Metaspace: 49949K->49949K(1093632K)
[2020-12-21T11:51:45.265-0500][gc,heap        ] GC(16762) Heap after GC invocations=16763 (full 3400): garbage-first heap   total 64512K, used 43236K [0x0000000083000000, 0x0000000100000000)
[2020-12-21T11:51:45.265-0500][gc,heap        ] GC(16762)   region size 1024K, 0 young (0K), 0 survivors (0K)
[2020-12-21T11:51:45.265-0500][gc,heap        ] GC(16762)  Metaspace       used 49949K, capacity 52104K, committed 53632K, reserved 1093632K
[2020-12-21T11:51:45.265-0500][gc,heap        ] GC(16762)   class space    used 7422K, capacity 8193K, committed 8832K, reserved 1048576K
[2020-12-21T11:51:45.265-0500][gc             ] GC(16762) Pause Full (System.gc()) 50M->42M(63M) 74.292ms
[2020-12-21T11:51:45.265-0500][gc,cpu         ] GC(16762) User=0.29s Sys=0.00s Real=0.07s
[2020-12-21T11:53:26.023-0500][gc,heap        ] GC(16763) Heap before GC invocations=16763 (full 3400): garbage-first heap   total 64512K, used 51428K [0x0000000083000000, 0x0000000100000000)
[2020-12-21T11:53:26.023-0500][gc,heap        ] GC(16763)   region size 1024K, 9 young (9216K), 0 survivors (0K)
[2020-12-21T11:53:26.023-0500][gc,heap        ] GC(16763)  Metaspace       used 49949K, capacity 52104K, committed 53632K, reserved 1093632K
[2020-12-21T11:53:26.023-0500][gc,heap        ] GC(16763)   class space    used 7422K, capacity 8193K, committed 8832K, reserved 1048576K
[2020-12-21T11:53:26.023-0500][gc,start       ] GC(16763) Pause Young (Normal) (G1 Evacuation Pause)
[2020-12-21T11:53:26.023-0500][gc,task        ] GC(16763) Using 8 workers of 8 for evacuation
[2020-12-21T11:53:26.032-0500][gc,phases      ] GC(16763)   Pre Evacuate Collection Set: 0.0ms
[2020-12-21T11:53:26.032-0500][gc,phases      ] GC(16763)   Evacuate Collection Set: 5.6ms
[2020-12-21T11:53:26.032-0500][gc,phases      ] GC(16763)   Post Evacuate Collection Set: 3.1ms
[2020-12-21T11:53:26.033-0500][gc,phases      ] GC(16763)   Other: 0.5ms
[2020-12-21T11:53:26.033-0500][gc,heap        ] GC(16763) Eden regions: 9->0(8)
[2020-12-21T11:53:26.033-0500][gc,heap        ] GC(16763) Survivor regions: 0->1(2)
[2020-12-21T11:53:26.033-0500][gc,heap        ] GC(16763) Old regions: 42->42
[2020-12-21T11:53:26.033-0500][gc,heap        ] GC(16763) Humongous regions: 4->4
[2020-12-21T11:53:26.033-0500][gc,metaspace   ] GC(16763) Metaspace: 49949K->49949K(1093632K)
[2020-12-21T11:53:26.033-0500][gc,heap        ] GC(16763) Heap after GC invocations=16764 (full 3400): garbage-first heap   total 64512K, used 43323K [0x0000000083000000, 0x0000000100000000)
[2020-12-21T11:53:26.033-0500][gc,heap        ] GC(16763)   region size 1024K, 1 young (1024K), 1 survivors (1024K)
[2020-12-21T11:53:26.033-0500][gc,heap        ] GC(16763)  Metaspace       used 49949K, capacity 52104K, committed 53632K, reserved 1093632K
[2020-12-21T11:53:26.033-0500][gc,heap        ] GC(16763)   class space    used 7422K, capacity 8193K, committed 8832K, reserved 1048576K
[2020-12-21T11:53:26.033-0500][gc             ] GC(16763) Pause Young (Normal) (G1 Evacuation Pause) 51M->42M(63M) 9.488ms
[2020-12-21T11:53:26.033-0500][gc,cpu         ] GC(16763) User=0.04s Sys=0.00s Real=0.01s
[2020-12-21T11:54:56.016-0500][gc,heap        ] GC(16764) Heap before GC invocations=16764 (full 3400): garbage-first heap   total 64512K, used 51515K [0x0000000083000000, 0x0000000100000000)
[2020-12-21T11:54:56.016-0500][gc,heap        ] GC(16764)   region size 1024K, 9 young (9216K), 1 survivors (1024K)
[2020-12-21T11:54:56.016-0500][gc,heap        ] GC(16764)  Metaspace       used 49949K, capacity 52104K, committed 53632K, reserved 1093632K
[2020-12-21T11:54:56.016-0500][gc,heap        ] GC(16764)   class space    used 7422K, capacity 8193K, committed 8832K, reserved 1048576K
[2020-12-21T11:54:56.016-0500][gc,start       ] GC(16764) Pause Young (Normal) (G1 Evacuation Pause)
[2020-12-21T11:54:56.016-0500][gc,task        ] GC(16764) Using 8 workers of 8 for evacuation
[2020-12-21T11:54:56.018-0500][gc,phases      ] GC(16764)   Pre Evacuate Collection Set: 0.0ms
[2020-12-21T11:54:56.018-0500][gc,phases      ] GC(16764)   Evacuate Collection Set: 0.6ms
[2020-12-21T11:54:56.018-0500][gc,phases      ] GC(16764)   Post Evacuate Collection Set: 1.0ms
[2020-12-21T11:54:56.018-0500][gc,phases      ] GC(16764)   Other: 0.3ms
[2020-12-21T11:54:56.018-0500][gc,heap        ] GC(16764) Eden regions: 8->0(8)
[2020-12-21T11:54:56.018-0500][gc,heap        ] GC(16764) Survivor regions: 1->1(2)
[2020-12-21T11:54:56.018-0500][gc,heap        ] GC(16764) Old regions: 42->42
[2020-12-21T11:54:56.018-0500][gc,heap        ] GC(16764) Humongous regions: 4->4
[2020-12-21T11:54:56.018-0500][gc,metaspace   ] GC(16764) Metaspace: 49949K->49949K(1093632K)
[2020-12-21T11:54:56.018-0500][gc,heap        ] GC(16764) Heap after GC invocations=16765 (full 3400): garbage-first heap   total 64512K, used 43280K [0x0000000083000000, 0x0000000100000000)
[2020-12-21T11:54:56.018-0500][gc,heap        ] GC(16764)   region size 1024K, 1 young (1024K), 1 survivors (1024K)
[2020-12-21T11:54:56.018-0500][gc,heap        ] GC(16764)  Metaspace       used 49949K, capacity 52104K, committed 53632K, reserved 1093632K
[2020-12-21T11:54:56.018-0500][gc,heap        ] GC(16764)   class space    used 7422K, capacity 8193K, committed 8832K, reserved 1048576K
[2020-12-21T11:54:56.018-0500][gc             ] GC(16764) Pause Young (Normal) (G1 Evacuation Pause) 50M->42M(63M) 1.915ms
[2020-12-21T11:54:56.018-0500][gc,cpu         ] GC(16764) User=0.00s Sys=0.01s Real=0.01s
[2020-12-21T11:56:32.986-0500][gc,heap        ] GC(16765) Heap before GC invocations=16765 (full 3400): garbage-first heap   total 64512K, used 50448K [0x0000000083000000, 0x0000000100000000)
[2020-12-21T11:56:32.986-0500][gc,heap        ] GC(16765)   region size 1024K, 9 young (9216K), 1 survivors (1024K)
[2020-12-21T11:56:32.986-0500][gc,heap        ] GC(16765)  Metaspace       used 49949K, capacity 52104K, committed 53632K, reserved 1093632K
[2020-12-21T11:56:32.986-0500][gc,heap        ] GC(16765)   class space    used 7422K, capacity 8193K, committed 8832K, reserved 1048576K
[2020-12-21T11:56:32.986-0500][gc,start       ] GC(16765) Pause Young (Normal) (G1 Evacuation Pause)
[2020-12-21T11:56:32.986-0500][gc,task        ] GC(16765) Using 8 workers of 8 for evacuation
[2020-12-21T11:56:32.988-0500][gc,phases      ] GC(16765)   Pre Evacuate Collection Set: 0.0ms
[2020-12-21T11:56:32.988-0500][gc,phases      ] GC(16765)   Evacuate Collection Set: 0.7ms
[2020-12-21T11:56:32.988-0500][gc,phases      ] GC(16765)   Post Evacuate Collection Set: 1.3ms
[2020-12-21T11:56:32.988-0500][gc,phases      ] GC(16765)   Other: 0.3ms
[2020-12-21T11:56:32.988-0500][gc,heap        ] GC(16765) Eden regions: 8->0(8)
[2020-12-21T11:56:32.988-0500][gc,heap        ] GC(16765) Survivor regions: 1->1(2)
[2020-12-21T11:56:32.988-0500][gc,heap        ] GC(16765) Old regions: 42->42
[2020-12-21T11:56:32.988-0500][gc,heap        ] GC(16765) Humongous regions: 4->4
[2020-12-21T11:56:32.988-0500][gc,metaspace   ] GC(16765) Metaspace: 49949K->49949K(1093632K)
[2020-12-21T11:56:32.988-0500][gc,heap        ] GC(16765) Heap after GC invocations=16766 (full 3400): garbage-first heap   total 64512K, used 43298K [0x0000000083000000, 0x0000000100000000)
[2020-12-21T11:56:32.988-0500][gc,heap        ] GC(16765)   region size 1024K, 1 young (1024K), 1 survivors (1024K)
[2020-12-21T11:56:32.988-0500][gc,heap        ] GC(16765)  Metaspace       used 49949K, capacity 52104K, committed 53632K, reserved 1093632K
[2020-12-21T11:56:32.988-0500][gc,heap        ] GC(16765)   class space    used 7422K, capacity 8193K, committed 8832K, reserved 1048576K
[2020-12-21T11:56:32.988-0500][gc             ] GC(16765) Pause Young (Normal) (G1 Evacuation Pause) 50M->42M(63M) 2.246ms
[2020-12-21T11:56:32.988-0500][gc,cpu         ] GC(16765) User=0.00s Sys=0.00s Real=0.01s
[2020-12-21T11:56:45.192-0500][gc,task        ] GC(16766) Using 5 workers of 8 for full compaction
[2020-12-21T11:56:45.192-0500][gc,start       ] GC(16766) Pause Full (System.gc())
[2020-12-21T11:56:45.192-0500][gc,heap        ] GC(16766) Heap before GC invocations=16766 (full 3400): garbage-first heap   total 64512K, used 44322K [0x0000000083000000, 0x0000000100000000)
[2020-12-21T11:56:45.192-0500][gc,heap        ] GC(16766)   region size 1024K, 3 young (3072K), 1 survivors (1024K)
[2020-12-21T11:56:45.192-0500][gc,heap        ] GC(16766)  Metaspace       used 49949K, capacity 52104K, committed 53632K, reserved 1093632K
[2020-12-21T11:56:45.192-0500][gc,heap        ] GC(16766)   class space    used 7422K, capacity 8193K, committed 8832K, reserved 1048576K
[2020-12-21T11:56:45.192-0500][gc,phases,start] GC(16766) Phase 1: Mark live objects
[2020-12-21T11:56:45.231-0500][gc,stringtable ] GC(16766) Cleaned string and symbol table, strings: 33107 processed, 4 removed, symbols: 120816 processed, 0 removed
[2020-12-21T11:56:45.231-0500][gc,phases      ] GC(16766) Phase 1: Mark live objects 39.133ms
[2020-12-21T11:56:45.232-0500][gc,phases,start] GC(16766) Phase 2: Prepare for compaction
[2020-12-21T11:56:45.237-0500][gc,phases      ] GC(16766) Phase 2: Prepare for compaction 5.879ms
[2020-12-21T11:56:45.237-0500][gc,phases,start] GC(16766) Phase 3: Adjust pointers
[2020-12-21T11:56:45.250-0500][gc,phases      ] GC(16766) Phase 3: Adjust pointers 12.310ms
[2020-12-21T11:56:45.250-0500][gc,phases,start] GC(16766) Phase 4: Compact heap
[2020-12-21T11:56:45.253-0500][gc,phases      ] GC(16766) Phase 4: Compact heap 3.026ms
[2020-12-21T11:56:45.259-0500][gc,heap        ] GC(16766) Eden regions: 2->0(10)
[2020-12-21T11:56:45.259-0500][gc,heap        ] GC(16766) Survivor regions: 1->0(2)
[2020-12-21T11:56:45.259-0500][gc,heap        ] GC(16766) Old regions: 42->41
[2020-12-21T11:56:45.259-0500][gc,heap        ] GC(16766) Humongous regions: 4->4
[2020-12-21T11:56:45.259-0500][gc,metaspace   ] GC(16766) Metaspace: 49949K->49949K(1093632K)
[2020-12-21T11:56:45.259-0500][gc,heap        ] GC(16766) Heap after GC invocations=16767 (full 3401): garbage-first heap   total 64512K, used 43197K [0x0000000083000000, 0x0000000100000000)
[2020-12-21T11:56:45.259-0500][gc,heap        ] GC(16766)   region size 1024K, 0 young (0K), 0 survivors (0K)
[2020-12-21T11:56:45.259-0500][gc,heap        ] GC(16766)  Metaspace       used 49949K, capacity 52104K, committed 53632K, reserved 1093632K
[2020-12-21T11:56:45.259-0500][gc,heap        ] GC(16766)   class space    used 7422K, capacity 8193K, committed 8832K, reserved 1048576K
[2020-12-21T11:56:45.259-0500][gc             ] GC(16766) Pause Full (System.gc()) 43M->42M(63M) 67.311ms
[2020-12-21T11:56:45.259-0500][gc,cpu         ] GC(16766) User=0.28s Sys=0.00s Real=0.07s
[2020-12-21T11:58:36.011-0500][gc,heap        ] GC(16767) Heap before GC invocations=16767 (full 3401): garbage-first heap   total 64512K, used 52413K [0x0000000083000000, 0x0000000100000000)
[2020-12-21T11:58:36.011-0500][gc,heap        ] GC(16767)   region size 1024K, 10 young (10240K), 0 survivors (0K)
[2020-12-21T11:58:36.011-0500][gc,heap        ] GC(16767)  Metaspace       used 49949K, capacity 52104K, committed 53632K, reserved 1093632K
[2020-12-21T11:58:36.011-0500][gc,heap        ] GC(16767)   class space    used 7422K, capacity 8193K, committed 8832K, reserved 1048576K
[2020-12-21T11:58:36.011-0500][gc,start       ] GC(16767) Pause Young (Normal) (G1 Evacuation Pause)
[2020-12-21T11:58:36.011-0500][gc,task        ] GC(16767) Using 8 workers of 8 for evacuation
[2020-12-21T11:58:36.013-0500][gc,phases      ] GC(16767)   Pre Evacuate Collection Set: 0.0ms
[2020-12-21T11:58:36.013-0500][gc,phases      ] GC(16767)   Evacuate Collection Set: 0.5ms
[2020-12-21T11:58:36.013-0500][gc,phases      ] GC(16767)   Post Evacuate Collection Set: 1.4ms
[2020-12-21T11:58:36.013-0500][gc,phases      ] GC(16767)   Other: 0.2ms
[2020-12-21T11:58:36.013-0500][gc,heap        ] GC(16767) Eden regions: 10->0(9)
[2020-12-21T11:58:36.013-0500][gc,heap        ] GC(16767) Survivor regions: 0->1(2)
[2020-12-21T11:58:36.013-0500][gc,heap        ] GC(16767) Old regions: 41->41
[2020-12-21T11:58:36.013-0500][gc,heap        ] GC(16767) Humongous regions: 4->4
[2020-12-21T11:58:36.013-0500][gc,metaspace   ] GC(16767) Metaspace: 49949K->49949K(1093632K)
[2020-12-21T11:58:36.013-0500][gc,heap        ] GC(16767) Heap after GC invocations=16768 (full 3401): garbage-first heap   total 64512K, used 43256K [0x0000000083000000, 0x0000000100000000)
[2020-12-21T11:58:36.013-0500][gc,heap        ] GC(16767)   region size 1024K, 1 young (1024K), 1 survivors (1024K)
[2020-12-21T11:58:36.013-0500][gc,heap        ] GC(16767)  Metaspace       used 49949K, capacity 52104K, committed 53632K, reserved 1093632K
[2020-12-21T11:58:36.013-0500][gc,heap        ] GC(16767)   class space    used 7422K, capacity 8193K, committed 8832K, reserved 1048576K
[2020-12-21T11:58:36.013-0500][gc             ] GC(16767) Pause Young (Normal) (G1 Evacuation Pause) 52M->42M(63M) 2.094ms
[2020-12-21T11:58:36.013-0500][gc,cpu         ] GC(16767) User=0.00s Sys=0.00s Real=0.00s
[2020-12-21T12:00:16.013-0500][gc,heap        ] GC(16768) Heap before GC invocations=16768 (full 3401): garbage-first heap   total 64512K, used 51448K [0x0000000083000000, 0x0000000100000000)
[2020-12-21T12:00:16.013-0500][gc,heap        ] GC(16768)   region size 1024K, 10 young (10240K), 1 survivors (1024K)
[2020-12-21T12:00:16.013-0500][gc,heap        ] GC(16768)  Metaspace       used 49949K, capacity 52104K, committed 53632K, reserved 1093632K
[2020-12-21T12:00:16.013-0500][gc,heap        ] GC(16768)   class space    used 7422K, capacity 8193K, committed 8832K, reserved 1048576K
[2020-12-21T12:00:16.013-0500][gc,start       ] GC(16768) Pause Young (Normal) (G1 Evacuation Pause)
[2020-12-21T12:00:16.013-0500][gc,task        ] GC(16768) Using 8 workers of 8 for evacuation
[2020-12-21T12:00:16.015-0500][gc,phases      ] GC(16768)   Pre Evacuate Collection Set: 0.0ms
[2020-12-21T12:00:16.015-0500][gc,phases      ] GC(16768)   Evacuate Collection Set: 1.1ms
[2020-12-21T12:00:16.015-0500][gc,phases      ] GC(16768)   Post Evacuate Collection Set: 0.9ms
[2020-12-21T12:00:16.015-0500][gc,phases      ] GC(16768)   Other: 0.2ms
[2020-12-21T12:00:16.015-0500][gc,heap        ] GC(16768) Eden regions: 9->0(9)
[2020-12-21T12:00:16.015-0500][gc,heap        ] GC(16768) Survivor regions: 1->1(2)
[2020-12-21T12:00:16.015-0500][gc,heap        ] GC(16768) Old regions: 41->41
[2020-12-21T12:00:16.015-0500][gc,heap        ] GC(16768) Humongous regions: 4->4
[2020-12-21T12:00:16.015-0500][gc,metaspace   ] GC(16768) Metaspace: 49949K->49949K(1093632K)
[2020-12-21T12:00:16.015-0500][gc,heap        ] GC(16768) Heap after GC invocations=16769 (full 3401): garbage-first heap   total 64512K, used 43277K [0x0000000083000000, 0x0000000100000000)
[2020-12-21T12:00:16.015-0500][gc,heap        ] GC(16768)   region size 1024K, 1 young (1024K), 1 survivors (1024K)
[2020-12-21T12:00:16.015-0500][gc,heap        ] GC(16768)  Metaspace       used 49949K, capacity 52104K, committed 53632K, reserved 1093632K
[2020-12-21T12:00:16.015-0500][gc,heap        ] GC(16768)   class space    used 7422K, capacity 8193K, committed 8832K, reserved 1048576K
[2020-12-21T12:00:16.015-0500][gc             ] GC(16768) Pause Young (Normal) (G1 Evacuation Pause) 51M->42M(63M) 2.289ms
[2020-12-21T12:00:16.015-0500][gc,cpu         ] GC(16768) User=0.00s Sys=0.00s Real=0.00s
[2020-12-21T12:01:45.191-0500][gc,task        ] GC(16769) Using 5 workers of 8 for full compaction
[2020-12-21T12:01:45.191-0500][gc,start       ] GC(16769) Pause Full (System.gc())
[2020-12-21T12:01:45.191-0500][gc,heap        ] GC(16769) Heap before GC invocations=16769 (full 3401): garbage-first heap   total 64512K, used 50445K [0x0000000083000000, 0x0000000100000000)
[2020-12-21T12:01:45.191-0500][gc,heap        ] GC(16769)   region size 1024K, 9 young (9216K), 1 survivors (1024K)
[2020-12-21T12:01:45.191-0500][gc,heap        ] GC(16769)  Metaspace       used 49949K, capacity 52104K, committed 53632K, reserved 1093632K
[2020-12-21T12:01:45.191-0500][gc,heap        ] GC(16769)   class space    used 7422K, capacity 8193K, committed 8832K, reserved 1048576K
[2020-12-21T12:01:45.192-0500][gc,phases,start] GC(16769) Phase 1: Mark live objects
[2020-12-21T12:01:45.240-0500][gc,stringtable ] GC(16769) Cleaned string and symbol table, strings: 33107 processed, 4 removed, symbols: 120816 processed, 0 removed
[2020-12-21T12:01:45.240-0500][gc,phases      ] GC(16769) Phase 1: Mark live objects 48.782ms
[2020-12-21T12:01:45.241-0500][gc,phases,start] GC(16769) Phase 2: Prepare for compaction
[2020-12-21T12:01:45.251-0500][gc,phases      ] GC(16769) Phase 2: Prepare for compaction 10.795ms
[2020-12-21T12:01:45.251-0500][gc,phases,start] GC(16769) Phase 3: Adjust pointers
[2020-12-21T12:01:45.269-0500][gc,phases      ] GC(16769) Phase 3: Adjust pointers 17.435ms
[2020-12-21T12:01:45.269-0500][gc,phases,start] GC(16769) Phase 4: Compact heap
[2020-12-21T12:01:45.275-0500][gc,phases      ] GC(16769) Phase 4: Compact heap 5.817ms
[2020-12-21T12:01:45.282-0500][gc,heap        ] GC(16769) Eden regions: 8->0(10)
[2020-12-21T12:01:45.282-0500][gc,heap        ] GC(16769) Survivor regions: 1->0(2)
[2020-12-21T12:01:45.282-0500][gc,heap        ] GC(16769) Old regions: 41->41
[2020-12-21T12:01:45.283-0500][gc,heap        ] GC(16769) Humongous regions: 4->4
[2020-12-21T12:01:45.283-0500][gc,metaspace   ] GC(16769) Metaspace: 49949K->49949K(1093632K)
[2020-12-21T12:01:45.283-0500][gc,heap        ] GC(16769) Heap after GC invocations=16770 (full 3402): garbage-first heap   total 64512K, used 43228K [0x0000000083000000, 0x0000000100000000)
[2020-12-21T12:01:45.283-0500][gc,heap        ] GC(16769)   region size 1024K, 0 young (0K), 0 survivors (0K)
[2020-12-21T12:01:45.283-0500][gc,heap        ] GC(16769)  Metaspace       used 49949K, capacity 52104K, committed 53632K, reserved 1093632K
[2020-12-21T12:01:45.283-0500][gc,heap        ] GC(16769)   class space    used 7422K, capacity 8193K, committed 8832K, reserved 1048576K
[2020-12-21T12:01:45.283-0500][gc             ] GC(16769) Pause Full (System.gc()) 50M->42M(63M) 91.421ms
[2020-12-21T12:01:45.283-0500][gc,cpu         ] GC(16769) User=0.38s Sys=0.00s Real=0.09s
[2020-12-21T12:03:36.011-0500][gc,heap        ] GC(16770) Heap before GC invocations=16770 (full 3402): garbage-first heap   total 64512K, used 52444K [0x0000000083000000, 0x0000000100000000)
[2020-12-21T12:03:36.012-0500][gc,heap        ] GC(16770)   region size 1024K, 10 young (10240K), 0 survivors (0K)
[2020-12-21T12:03:36.012-0500][gc,heap        ] GC(16770)  Metaspace       used 49949K, capacity 52104K, committed 53632K, reserved 1093632K
[2020-12-21T12:03:36.012-0500][gc,heap        ] GC(16770)   class space    used 7422K, capacity 8193K, committed 8832K, reserved 1048576K
[2020-12-21T12:03:36.012-0500][gc,start       ] GC(16770) Pause Young (Normal) (G1 Evacuation Pause)
[2020-12-21T12:03:36.012-0500][gc,task        ] GC(16770) Using 8 workers of 8 for evacuation
[2020-12-21T12:03:36.014-0500][gc,phases      ] GC(16770)   Pre Evacuate Collection Set: 0.0ms
[2020-12-21T12:03:36.014-0500][gc,phases      ] GC(16770)   Evacuate Collection Set: 0.8ms
[2020-12-21T12:03:36.014-0500][gc,phases      ] GC(16770)   Post Evacuate Collection Set: 1.0ms
[2020-12-21T12:03:36.014-0500][gc,phases      ] GC(16770)   Other: 0.3ms
[2020-12-21T12:03:36.014-0500][gc,heap        ] GC(16770) Eden regions: 10->0(9)
[2020-12-21T12:03:36.014-0500][gc,heap        ] GC(16770) Survivor regions: 0->1(2)
[2020-12-21T12:03:36.014-0500][gc,heap        ] GC(16770) Old regions: 41->41
[2020-12-21T12:03:36.014-0500][gc,heap        ] GC(16770) Humongous regions: 4->4
[2020-12-21T12:03:36.014-0500][gc,metaspace   ] GC(16770) Metaspace: 49949K->49949K(1093632K)
[2020-12-21T12:03:36.014-0500][gc,heap        ] GC(16770) Heap after GC invocations=16771 (full 3402): garbage-first heap   total 64512K, used 43288K [0x0000000083000000, 0x0000000100000000)
[2020-12-21T12:03:36.014-0500][gc,heap        ] GC(16770)   region size 1024K, 1 young (1024K), 1 survivors (1024K)
[2020-12-21T12:03:36.014-0500][gc,heap        ] GC(16770)  Metaspace       used 49949K, capacity 52104K, committed 53632K, reserved 1093632K
[2020-12-21T12:03:36.014-0500][gc,heap        ] GC(16770)   class space    used 7422K, capacity 8193K, committed 8832K, reserved 1048576K
[2020-12-21T12:03:36.014-0500][gc             ] GC(16770) Pause Young (Normal) (G1 Evacuation Pause) 52M->42M(63M) 2.330ms
[2020-12-21T12:03:36.014-0500][gc,cpu         ] GC(16770) User=0.00s Sys=0.00s Real=0.00s
[2020-12-21T12:05:26.011-0500][gc,heap        ] GC(16771) Heap before GC invocations=16771 (full 3402): garbage-first heap   total 64512K, used 51480K [0x0000000083000000, 0x0000000100000000)
[2020-12-21T12:05:26.011-0500][gc,heap        ] GC(16771)   region size 1024K, 10 young (10240K), 1 survivors (1024K)
[2020-12-21T12:05:26.011-0500][gc,heap        ] GC(16771)  Metaspace       used 49949K, capacity 52104K, committed 53632K, reserved 1093632K
[2020-12-21T12:05:26.011-0500][gc,heap        ] GC(16771)   class space    used 7422K, capacity 8193K, committed 8832K, reserved 1048576K
[2020-12-21T12:05:26.011-0500][gc,start       ] GC(16771) Pause Young (Normal) (G1 Evacuation Pause)
[2020-12-21T12:05:26.011-0500][gc,task        ] GC(16771) Using 8 workers of 8 for evacuation
[2020-12-21T12:05:26.013-0500][gc,phases      ] GC(16771)   Pre Evacuate Collection Set: 0.0ms
[2020-12-21T12:05:26.014-0500][gc,phases      ] GC(16771)   Evacuate Collection Set: 1.0ms
[2020-12-21T12:05:26.014-0500][gc,phases      ] GC(16771)   Post Evacuate Collection Set: 1.1ms
[2020-12-21T12:05:26.014-0500][gc,phases      ] GC(16771)   Other: 0.3ms
[2020-12-21T12:05:26.014-0500][gc,heap        ] GC(16771) Eden regions: 9->0(9)
[2020-12-21T12:05:26.014-0500][gc,heap        ] GC(16771) Survivor regions: 1->1(2)
[2020-12-21T12:05:26.014-0500][gc,heap        ] GC(16771) Old regions: 41->41
[2020-12-21T12:05:26.014-0500][gc,heap        ] GC(16771) Humongous regions: 4->4
[2020-12-21T12:05:26.014-0500][gc,metaspace   ] GC(16771) Metaspace: 49949K->49949K(1093632K)
[2020-12-21T12:05:26.014-0500][gc,heap        ] GC(16771) Heap after GC invocations=16772 (full 3402): garbage-first heap   total 64512K, used 43286K [0x0000000083000000, 0x0000000100000000)
[2020-12-21T12:05:26.014-0500][gc,heap        ] GC(16771)   region size 1024K, 1 young (1024K), 1 survivors (1024K)
[2020-12-21T12:05:26.014-0500][gc,heap        ] GC(16771)  Metaspace       used 49949K, capacity 52104K, committed 53632K, reserved 1093632K
[2020-12-21T12:05:26.014-0500][gc,heap        ] GC(16771)   class space    used 7422K, capacity 8193K, committed 8832K, reserved 1048576K
[2020-12-21T12:05:26.014-0500][gc             ] GC(16771) Pause Young (Normal) (G1 Evacuation Pause) 51M->42M(63M) 2.512ms
[2020-12-21T12:05:26.014-0500][gc,cpu         ] GC(16771) User=0.01s Sys=0.00s Real=0.00s
[2020-12-21T12:06:45.192-0500][gc,task        ] GC(16772) Using 5 workers of 8 for full compaction
[2020-12-21T12:06:45.192-0500][gc,start       ] GC(16772) Pause Full (System.gc())
[2020-12-21T12:06:45.192-0500][gc,heap        ] GC(16772) Heap before GC invocations=16772 (full 3402): garbage-first heap   total 64512K, used 49430K [0x0000000083000000, 0x0000000100000000)
[2020-12-21T12:06:45.192-0500][gc,heap        ] GC(16772)   region size 1024K, 8 young (8192K), 1 survivors (1024K)
[2020-12-21T12:06:45.192-0500][gc,heap        ] GC(16772)  Metaspace       used 49949K, capacity 52104K, committed 53632K, reserved 1093632K
[2020-12-21T12:06:45.192-0500][gc,heap        ] GC(16772)   class space    used 7422K, capacity 8193K, committed 8832K, reserved 1048576K
[2020-12-21T12:06:45.192-0500][gc,phases,start] GC(16772) Phase 1: Mark live objects
[2020-12-21T12:06:45.229-0500][gc,stringtable ] GC(16772) Cleaned string and symbol table, strings: 33107 processed, 4 removed, symbols: 120816 processed, 0 removed
[2020-12-21T12:06:45.230-0500][gc,phases      ] GC(16772) Phase 1: Mark live objects 37.041ms
[2020-12-21T12:06:45.230-0500][gc,phases,start] GC(16772) Phase 2: Prepare for compaction
[2020-12-21T12:06:45.233-0500][gc,phases      ] GC(16772) Phase 2: Prepare for compaction 3.213ms
[2020-12-21T12:06:45.233-0500][gc,phases,start] GC(16772) Phase 3: Adjust pointers
[2020-12-21T12:06:45.243-0500][gc,phases      ] GC(16772) Phase 3: Adjust pointers 10.475ms
[2020-12-21T12:06:45.243-0500][gc,phases,start] GC(16772) Phase 4: Compact heap
[2020-12-21T12:06:45.246-0500][gc,phases      ] GC(16772) Phase 4: Compact heap 2.653ms
[2020-12-21T12:06:45.252-0500][gc,heap        ] GC(16772) Eden regions: 7->0(10)
[2020-12-21T12:06:45.252-0500][gc,heap        ] GC(16772) Survivor regions: 1->0(2)
[2020-12-21T12:06:45.252-0500][gc,heap        ] GC(16772) Old regions: 41->41
[2020-12-21T12:06:45.252-0500][gc,heap        ] GC(16772) Humongous regions: 4->4
[2020-12-21T12:06:45.252-0500][gc,metaspace   ] GC(16772) Metaspace: 49949K->49949K(1093632K)
[2020-12-21T12:06:45.252-0500][gc,heap        ] GC(16772) Heap after GC invocations=16773 (full 3403): garbage-first heap   total 64512K, used 43215K [0x0000000083000000, 0x0000000100000000)
[2020-12-21T12:06:45.252-0500][gc,heap        ] GC(16772)   region size 1024K, 0 young (0K), 0 survivors (0K)
[2020-12-21T12:06:45.252-0500][gc,heap        ] GC(16772)  Metaspace       used 49949K, capacity 52104K, committed 53632K, reserved 1093632K
[2020-12-21T12:06:45.252-0500][gc,heap        ] GC(16772)   class space    used 7422K, capacity 8193K, committed 8832K, reserved 1048576K
[2020-12-21T12:06:45.252-0500][gc             ] GC(16772) Pause Full (System.gc()) 49M->42M(63M) 60.270ms
[2020-12-21T12:06:45.252-0500][gc,cpu         ] GC(16772) User=0.26s Sys=0.00s Real=0.06s
[2020-12-21T12:08:34.902-0500][gc,heap        ] GC(16773) Heap before GC invocations=16773 (full 3403): garbage-first heap   total 64512K, used 52431K [0x0000000083000000, 0x0000000100000000)
[2020-12-21T12:08:34.902-0500][gc,heap        ] GC(16773)   region size 1024K, 10 young (10240K), 0 survivors (0K)
[2020-12-21T12:08:34.902-0500][gc,heap        ] GC(16773)  Metaspace       used 49949K, capacity 52104K, committed 53632K, reserved 1093632K
[2020-12-21T12:08:34.902-0500][gc,heap        ] GC(16773)   class space    used 7422K, capacity 8193K, committed 8832K, reserved 1048576K
[2020-12-21T12:08:34.902-0500][gc,start       ] GC(16773) Pause Young (Normal) (G1 Evacuation Pause)
[2020-12-21T12:08:34.902-0500][gc,task        ] GC(16773) Using 8 workers of 8 for evacuation
[2020-12-21T12:08:34.904-0500][gc,phases      ] GC(16773)   Pre Evacuate Collection Set: 0.0ms
[2020-12-21T12:08:34.904-0500][gc,phases      ] GC(16773)   Evacuate Collection Set: 0.6ms
[2020-12-21T12:08:34.904-0500][gc,phases      ] GC(16773)   Post Evacuate Collection Set: 0.7ms
[2020-12-21T12:08:34.904-0500][gc,phases      ] GC(16773)   Other: 0.2ms
[2020-12-21T12:08:34.904-0500][gc,heap        ] GC(16773) Eden regions: 10->0(9)
[2020-12-21T12:08:34.904-0500][gc,heap        ] GC(16773) Survivor regions: 0->1(2)
[2020-12-21T12:08:34.904-0500][gc,heap        ] GC(16773) Old regions: 41->41
[2020-12-21T12:08:34.904-0500][gc,heap        ] GC(16773) Humongous regions: 4->4
[2020-12-21T12:08:34.904-0500][gc,metaspace   ] GC(16773) Metaspace: 49949K->49949K(1093632K)
[2020-12-21T12:08:34.904-0500][gc,heap        ] GC(16773) Heap after GC invocations=16774 (full 3403): garbage-first heap   total 64512K, used 43332K [0x0000000083000000, 0x0000000100000000)
[2020-12-21T12:08:34.904-0500][gc,heap        ] GC(16773)   region size 1024K, 1 young (1024K), 1 survivors (1024K)
[2020-12-21T12:08:34.904-0500][gc,heap        ] GC(16773)  Metaspace       used 49949K, capacity 52104K, committed 53632K, reserved 1093632K
[2020-12-21T12:08:34.904-0500][gc,heap        ] GC(16773)   class space    used 7422K, capacity 8193K, committed 8832K, reserved 1048576K
[2020-12-21T12:08:34.904-0500][gc             ] GC(16773) Pause Young (Normal) (G1 Evacuation Pause) 52M->42M(63M) 1.594ms
[2020-12-21T12:08:34.904-0500][gc,cpu         ] GC(16773) User=0.01s Sys=0.00s Real=0.00s
[2020-12-21T12:10:06.020-0500][gc,heap        ] GC(16774) Heap before GC invocations=16774 (full 3403): garbage-first heap   total 64512K, used 52548K [0x0000000083000000, 0x0000000100000000)
[2020-12-21T12:10:06.020-0500][gc,heap        ] GC(16774)   region size 1024K, 10 young (10240K), 1 survivors (1024K)
[2020-12-21T12:10:06.020-0500][gc,heap        ] GC(16774)  Metaspace       used 49949K, capacity 52104K, committed 53632K, reserved 1093632K
[2020-12-21T12:10:06.020-0500][gc,heap        ] GC(16774)   class space    used 7422K, capacity 8193K, committed 8832K, reserved 1048576K
[2020-12-21T12:10:06.020-0500][gc,start       ] GC(16774) Pause Young (Normal) (G1 Evacuation Pause)
[2020-12-21T12:10:06.020-0500][gc,task        ] GC(16774) Using 8 workers of 8 for evacuation
[2020-12-21T12:10:06.025-0500][gc,phases      ] GC(16774)   Pre Evacuate Collection Set: 0.0ms
[2020-12-21T12:10:06.025-0500][gc,phases      ] GC(16774)   Evacuate Collection Set: 2.5ms
[2020-12-21T12:10:06.025-0500][gc,phases      ] GC(16774)   Post Evacuate Collection Set: 2.4ms
[2020-12-21T12:10:06.025-0500][gc,phases      ] GC(16774)   Other: 0.5ms
[2020-12-21T12:10:06.025-0500][gc,heap        ] GC(16774) Eden regions: 9->0(9)
[2020-12-21T12:10:06.025-0500][gc,heap        ] GC(16774) Survivor regions: 1->1(2)
[2020-12-21T12:10:06.026-0500][gc,heap        ] GC(16774) Old regions: 41->41
[2020-12-21T12:10:06.026-0500][gc,heap        ] GC(16774) Humongous regions: 4->4
[2020-12-21T12:10:06.026-0500][gc,metaspace   ] GC(16774) Metaspace: 49949K->49949K(1093632K)
[2020-12-21T12:10:06.026-0500][gc,heap        ] GC(16774) Heap after GC invocations=16775 (full 3403): garbage-first heap   total 64512K, used 43275K [0x0000000083000000, 0x0000000100000000)
[2020-12-21T12:10:06.026-0500][gc,heap        ] GC(16774)   region size 1024K, 1 young (1024K), 1 survivors (1024K)
[2020-12-21T12:10:06.026-0500][gc,heap        ] GC(16774)  Metaspace       used 49949K, capacity 52104K, committed 53632K, reserved 1093632K
[2020-12-21T12:10:06.026-0500][gc,heap        ] GC(16774)   class space    used 7422K, capacity 8193K, committed 8832K, reserved 1048576K
[2020-12-21T12:10:06.026-0500][gc             ] GC(16774) Pause Young (Normal) (G1 Evacuation Pause) 51M->42M(63M) 5.604ms
[2020-12-21T12:10:06.026-0500][gc,cpu         ] GC(16774) User=0.01s Sys=0.01s Real=0.00s
[2020-12-21T12:11:45.189-0500][gc,task        ] GC(16775) Using 5 workers of 8 for full compaction
[2020-12-21T12:11:45.189-0500][gc,start       ] GC(16775) Pause Full (System.gc())
[2020-12-21T12:11:45.189-0500][gc,heap        ] GC(16775) Heap before GC invocations=16775 (full 3403): garbage-first heap   total 64512K, used 49419K [0x0000000083000000, 0x0000000100000000)
[2020-12-21T12:11:45.189-0500][gc,heap        ] GC(16775)   region size 1024K, 9 young (9216K), 1 survivors (1024K)
[2020-12-21T12:11:45.189-0500][gc,heap        ] GC(16775)  Metaspace       used 49949K, capacity 52104K, committed 53632K, reserved 1093632K
[2020-12-21T12:11:45.189-0500][gc,heap        ] GC(16775)   class space    used 7422K, capacity 8193K, committed 8832K, reserved 1048576K
[2020-12-21T12:11:45.190-0500][gc,phases,start] GC(16775) Phase 1: Mark live objects
[2020-12-21T12:11:45.218-0500][gc,stringtable ] GC(16775) Cleaned string and symbol table, strings: 33107 processed, 4 removed, symbols: 120816 processed, 0 removed
[2020-12-21T12:11:45.218-0500][gc,phases      ] GC(16775) Phase 1: Mark live objects 28.385ms
[2020-12-21T12:11:45.218-0500][gc,phases,start] GC(16775) Phase 2: Prepare for compaction
[2020-12-21T12:11:45.223-0500][gc,phases      ] GC(16775) Phase 2: Prepare for compaction 4.557ms
[2020-12-21T12:11:45.223-0500][gc,phases,start] GC(16775) Phase 3: Adjust pointers
[2020-12-21T12:11:45.235-0500][gc,phases      ] GC(16775) Phase 3: Adjust pointers 12.040ms
[2020-12-21T12:11:45.235-0500][gc,phases,start] GC(16775) Phase 4: Compact heap
[2020-12-21T12:11:45.238-0500][gc,phases      ] GC(16775) Phase 4: Compact heap 2.820ms
[2020-12-21T12:11:45.244-0500][gc,heap        ] GC(16775) Eden regions: 8->0(9)
[2020-12-21T12:11:45.244-0500][gc,heap        ] GC(16775) Survivor regions: 1->0(2)
[2020-12-21T12:11:45.244-0500][gc,heap        ] GC(16775) Old regions: 41->42
[2020-12-21T12:11:45.244-0500][gc,heap        ] GC(16775) Humongous regions: 4->4
[2020-12-21T12:11:45.244-0500][gc,metaspace   ] GC(16775) Metaspace: 49949K->49949K(1093632K)
[2020-12-21T12:11:45.244-0500][gc,heap        ] GC(16775) Heap after GC invocations=16776 (full 3404): garbage-first heap   total 64512K, used 43226K [0x0000000083000000, 0x0000000100000000)
[2020-12-21T12:11:45.244-0500][gc,heap        ] GC(16775)   region size 1024K, 0 young (0K), 0 survivors (0K)
[2020-12-21T12:11:45.244-0500][gc,heap        ] GC(16775)  Metaspace       used 49949K, capacity 52104K, committed 53632K, reserved 1093632K
[2020-12-21T12:11:45.244-0500][gc,heap        ] GC(16775)   class space    used 7422K, capacity 8193K, committed 8832K, reserved 1048576K
[2020-12-21T12:11:45.244-0500][gc             ] GC(16775) Pause Full (System.gc()) 50M->42M(63M) 54.691ms
[2020-12-21T12:11:45.244-0500][gc,cpu         ] GC(16775) User=0.23s Sys=0.00s Real=0.05s
[2020-12-21T12:13:28.779-0500][gc,heap        ] GC(16776) Heap before GC invocations=16776 (full 3404): garbage-first heap   total 64512K, used 51418K [0x0000000083000000, 0x0000000100000000)
[2020-12-21T12:13:28.780-0500][gc,heap        ] GC(16776)   region size 1024K, 9 young (9216K), 0 survivors (0K)
[2020-12-21T12:13:28.780-0500][gc,heap        ] GC(16776)  Metaspace       used 49949K, capacity 52104K, committed 53632K, reserved 1093632K
[2020-12-21T12:13:28.780-0500][gc,heap        ] GC(16776)   class space    used 7422K, capacity 8193K, committed 8832K, reserved 1048576K
[2020-12-21T12:13:28.780-0500][gc,start       ] GC(16776) Pause Young (Normal) (G1 Evacuation Pause)
[2020-12-21T12:13:28.780-0500][gc,task        ] GC(16776) Using 8 workers of 8 for evacuation
[2020-12-21T12:13:28.784-0500][gc,phases      ] GC(16776)   Pre Evacuate Collection Set: 0.0ms
[2020-12-21T12:13:28.784-0500][gc,phases      ] GC(16776)   Evacuate Collection Set: 1.4ms
[2020-12-21T12:13:28.784-0500][gc,phases      ] GC(16776)   Post Evacuate Collection Set: 2.4ms
[2020-12-21T12:13:28.784-0500][gc,phases      ] GC(16776)   Other: 0.5ms
[2020-12-21T12:13:28.784-0500][gc,heap        ] GC(16776) Eden regions: 9->0(8)
[2020-12-21T12:13:28.784-0500][gc,heap        ] GC(16776) Survivor regions: 0->1(2)
[2020-12-21T12:13:28.784-0500][gc,heap        ] GC(16776) Old regions: 42->42
[2020-12-21T12:13:28.784-0500][gc,heap        ] GC(16776) Humongous regions: 4->4
[2020-12-21T12:13:28.784-0500][gc,metaspace   ] GC(16776) Metaspace: 49949K->49949K(1093632K)
[2020-12-21T12:13:28.784-0500][gc,heap        ] GC(16776) Heap after GC invocations=16777 (full 3404): garbage-first heap   total 64512K, used 43278K [0x0000000083000000, 0x0000000100000000)
[2020-12-21T12:13:28.784-0500][gc,heap        ] GC(16776)   region size 1024K, 1 young (1024K), 1 survivors (1024K)
[2020-12-21T12:13:28.784-0500][gc,heap        ] GC(16776)  Metaspace       used 49949K, capacity 52104K, committed 53632K, reserved 1093632K
[2020-12-21T12:13:28.784-0500][gc,heap        ] GC(16776)   class space    used 7422K, capacity 8193K, committed 8832K, reserved 1048576K
[2020-12-21T12:13:28.784-0500][gc             ] GC(16776) Pause Young (Normal) (G1 Evacuation Pause) 51M->42M(63M) 4.442ms
[2020-12-21T12:13:28.784-0500][gc,cpu         ] GC(16776) User=0.00s Sys=0.01s Real=0.00s
[2020-12-21T12:15:04.758-0500][gc,heap        ] GC(16777) Heap before GC invocations=16777 (full 3404): garbage-first heap   total 64512K, used 50446K [0x0000000083000000, 0x0000000100000000)
[2020-12-21T12:15:04.758-0500][gc,heap        ] GC(16777)   region size 1024K, 9 young (9216K), 1 survivors (1024K)
[2020-12-21T12:15:04.758-0500][gc,heap        ] GC(16777)  Metaspace       used 49949K, capacity 52104K, committed 53632K, reserved 1093632K
[2020-12-21T12:15:04.759-0500][gc,heap        ] GC(16777)   class space    used 7422K, capacity 8193K, committed 8832K, reserved 1048576K
[2020-12-21T12:15:04.759-0500][gc,start       ] GC(16777) Pause Young (Normal) (G1 Evacuation Pause)
[2020-12-21T12:15:04.759-0500][gc,task        ] GC(16777) Using 8 workers of 8 for evacuation
[2020-12-21T12:15:04.763-0500][gc,phases      ] GC(16777)   Pre Evacuate Collection Set: 0.0ms
[2020-12-21T12:15:04.763-0500][gc,phases      ] GC(16777)   Evacuate Collection Set: 0.9ms
[2020-12-21T12:15:04.763-0500][gc,phases      ] GC(16777)   Post Evacuate Collection Set: 3.4ms
[2020-12-21T12:15:04.763-0500][gc,phases      ] GC(16777)   Other: 0.3ms
[2020-12-21T12:15:04.763-0500][gc,heap        ] GC(16777) Eden regions: 8->0(8)
[2020-12-21T12:15:04.763-0500][gc,heap        ] GC(16777) Survivor regions: 1->1(2)
[2020-12-21T12:15:04.763-0500][gc,heap        ] GC(16777) Old regions: 42->42
[2020-12-21T12:15:04.763-0500][gc,heap        ] GC(16777) Humongous regions: 4->4
[2020-12-21T12:15:04.763-0500][gc,metaspace   ] GC(16777) Metaspace: 49949K->49949K(1093632K)
[2020-12-21T12:15:04.763-0500][gc,heap        ] GC(16777) Heap after GC invocations=16778 (full 3404): garbage-first heap   total 64512K, used 43286K [0x0000000083000000, 0x0000000100000000)
[2020-12-21T12:15:04.763-0500][gc,heap        ] GC(16777)   region size 1024K, 1 young (1024K), 1 survivors (1024K)
[2020-12-21T12:15:04.763-0500][gc,heap        ] GC(16777)  Metaspace       used 49949K, capacity 52104K, committed 53632K, reserved 1093632K
[2020-12-21T12:15:04.763-0500][gc,heap        ] GC(16777)   class space    used 7422K, capacity 8193K, committed 8832K, reserved 1048576K
[2020-12-21T12:15:04.763-0500][gc             ] GC(16777) Pause Young (Normal) (G1 Evacuation Pause) 50M->42M(63M) 4.586ms
[2020-12-21T12:15:04.763-0500][gc,cpu         ] GC(16777) User=0.02s Sys=0.01s Real=0.00s
[2020-12-21T12:16:27.098-0500][gc,heap        ] GC(16778) Heap before GC invocations=16778 (full 3404): garbage-first heap   total 64512K, used 50454K [0x0000000083000000, 0x0000000100000000)
[2020-12-21T12:16:27.098-0500][gc,heap        ] GC(16778)   region size 1024K, 9 young (9216K), 1 survivors (1024K)
[2020-12-21T12:16:27.098-0500][gc,heap        ] GC(16778)  Metaspace       used 49949K, capacity 52104K, committed 53632K, reserved 1093632K
[2020-12-21T12:16:27.098-0500][gc,heap        ] GC(16778)   class space    used 7422K, capacity 8193K, committed 8832K, reserved 1048576K
[2020-12-21T12:16:27.099-0500][gc,start       ] GC(16778) Pause Young (Normal) (G1 Evacuation Pause)
[2020-12-21T12:16:27.099-0500][gc,task        ] GC(16778) Using 8 workers of 8 for evacuation
[2020-12-21T12:16:27.102-0500][gc,phases      ] GC(16778)   Pre Evacuate Collection Set: 0.0ms
[2020-12-21T12:16:27.102-0500][gc,phases      ] GC(16778)   Evacuate Collection Set: 0.5ms
[2020-12-21T12:16:27.102-0500][gc,phases      ] GC(16778)   Post Evacuate Collection Set: 2.9ms
[2020-12-21T12:16:27.102-0500][gc,phases      ] GC(16778)   Other: 0.2ms
[2020-12-21T12:16:27.102-0500][gc,heap        ] GC(16778) Eden regions: 8->0(8)
[2020-12-21T12:16:27.102-0500][gc,heap        ] GC(16778) Survivor regions: 1->1(2)
[2020-12-21T12:16:27.102-0500][gc,heap        ] GC(16778) Old regions: 42->42
[2020-12-21T12:16:27.102-0500][gc,heap        ] GC(16778) Humongous regions: 4->4
[2020-12-21T12:16:27.102-0500][gc,metaspace   ] GC(16778) Metaspace: 49949K->49949K(1093632K)
[2020-12-21T12:16:27.102-0500][gc,heap        ] GC(16778) Heap after GC invocations=16779 (full 3404): garbage-first heap   total 64512K, used 43276K [0x0000000083000000, 0x0000000100000000)
[2020-12-21T12:16:27.102-0500][gc,heap        ] GC(16778)   region size 1024K, 1 young (1024K), 1 survivors (1024K)
[2020-12-21T12:16:27.102-0500][gc,heap        ] GC(16778)  Metaspace       used 49949K, capacity 52104K, committed 53632K, reserved 1093632K
[2020-12-21T12:16:27.102-0500][gc,heap        ] GC(16778)   class space    used 7422K, capacity 8193K, committed 8832K, reserved 1048576K
[2020-12-21T12:16:27.102-0500][gc             ] GC(16778) Pause Young (Normal) (G1 Evacuation Pause) 50M->42M(63M) 3.683ms
[2020-12-21T12:16:27.102-0500][gc,cpu         ] GC(16778) User=0.02s Sys=0.00s Real=0.00s
[2020-12-21T12:16:45.190-0500][gc,task        ] GC(16779) Using 5 workers of 8 for full compaction
[2020-12-21T12:16:45.190-0500][gc,start       ] GC(16779) Pause Full (System.gc())
[2020-12-21T12:16:45.190-0500][gc,heap        ] GC(16779) Heap before GC invocations=16779 (full 3404): garbage-first heap   total 64512K, used 43276K [0x0000000083000000, 0x0000000100000000)
[2020-12-21T12:16:45.190-0500][gc,heap        ] GC(16779)   region size 1024K, 3 young (3072K), 1 survivors (1024K)
[2020-12-21T12:16:45.190-0500][gc,heap        ] GC(16779)  Metaspace       used 49949K, capacity 52104K, committed 53632K, reserved 1093632K
[2020-12-21T12:16:45.190-0500][gc,heap        ] GC(16779)   class space    used 7422K, capacity 8193K, committed 8832K, reserved 1048576K
[2020-12-21T12:16:45.190-0500][gc,phases,start] GC(16779) Phase 1: Mark live objects
[2020-12-21T12:16:45.227-0500][gc,stringtable ] GC(16779) Cleaned string and symbol table, strings: 33107 processed, 4 removed, symbols: 120816 processed, 0 removed
[2020-12-21T12:16:45.227-0500][gc,phases      ] GC(16779) Phase 1: Mark live objects 36.827ms
[2020-12-21T12:16:45.227-0500][gc,phases,start] GC(16779) Phase 2: Prepare for compaction
[2020-12-21T12:16:45.231-0500][gc,phases      ] GC(16779) Phase 2: Prepare for compaction 3.788ms
[2020-12-21T12:16:45.231-0500][gc,phases,start] GC(16779) Phase 3: Adjust pointers
[2020-12-21T12:16:45.242-0500][gc,phases      ] GC(16779) Phase 3: Adjust pointers 11.103ms
[2020-12-21T12:16:45.242-0500][gc,phases,start] GC(16779) Phase 4: Compact heap
[2020-12-21T12:16:45.245-0500][gc,phases      ] GC(16779) Phase 4: Compact heap 2.966ms
[2020-12-21T12:16:45.252-0500][gc,heap        ] GC(16779) Eden regions: 2->0(10)
[2020-12-21T12:16:45.252-0500][gc,heap        ] GC(16779) Survivor regions: 1->0(2)
[2020-12-21T12:16:45.252-0500][gc,heap        ] GC(16779) Old regions: 42->41
[2020-12-21T12:16:45.252-0500][gc,heap        ] GC(16779) Humongous regions: 4->4
[2020-12-21T12:16:45.252-0500][gc,metaspace   ] GC(16779) Metaspace: 49949K->49949K(1093632K)
[2020-12-21T12:16:45.252-0500][gc,heap        ] GC(16779) Heap after GC invocations=16780 (full 3405): garbage-first heap   total 64512K, used 43208K [0x0000000083000000, 0x0000000100000000)
[2020-12-21T12:16:45.252-0500][gc,heap        ] GC(16779)   region size 1024K, 0 young (0K), 0 survivors (0K)
[2020-12-21T12:16:45.252-0500][gc,heap        ] GC(16779)  Metaspace       used 49949K, capacity 52104K, committed 53632K, reserved 1093632K
[2020-12-21T12:16:45.252-0500][gc,heap        ] GC(16779)   class space    used 7422K, capacity 8193K, committed 8832K, reserved 1048576K
[2020-12-21T12:16:45.252-0500][gc             ] GC(16779) Pause Full (System.gc()) 43M->42M(63M) 61.859ms
[2020-12-21T12:16:45.252-0500][gc,cpu         ] GC(16779) User=0.24s Sys=0.00s Real=0.06s
[2020-12-21T12:18:36.017-0500][gc,heap        ] GC(16780) Heap before GC invocations=16780 (full 3405): garbage-first heap   total 64512K, used 52424K [0x0000000083000000, 0x0000000100000000)
[2020-12-21T12:18:36.017-0500][gc,heap        ] GC(16780)   region size 1024K, 10 young (10240K), 0 survivors (0K)
[2020-12-21T12:18:36.017-0500][gc,heap        ] GC(16780)  Metaspace       used 49949K, capacity 52104K, committed 53632K, reserved 1093632K
[2020-12-21T12:18:36.017-0500][gc,heap        ] GC(16780)   class space    used 7422K, capacity 8193K, committed 8832K, reserved 1048576K
[2020-12-21T12:18:36.017-0500][gc,start       ] GC(16780) Pause Young (Normal) (G1 Evacuation Pause)
[2020-12-21T12:18:36.017-0500][gc,task        ] GC(16780) Using 8 workers of 8 for evacuation
[2020-12-21T12:18:36.019-0500][gc,phases      ] GC(16780)   Pre Evacuate Collection Set: 0.0ms
[2020-12-21T12:18:36.019-0500][gc,phases      ] GC(16780)   Evacuate Collection Set: 0.7ms
[2020-12-21T12:18:36.019-0500][gc,phases      ] GC(16780)   Post Evacuate Collection Set: 1.2ms
[2020-12-21T12:18:36.019-0500][gc,phases      ] GC(16780)   Other: 0.2ms
[2020-12-21T12:18:36.019-0500][gc,heap        ] GC(16780) Eden regions: 10->0(9)
[2020-12-21T12:18:36.019-0500][gc,heap        ] GC(16780) Survivor regions: 0->1(2)
[2020-12-21T12:18:36.019-0500][gc,heap        ] GC(16780) Old regions: 41->41
[2020-12-21T12:18:36.019-0500][gc,heap        ] GC(16780) Humongous regions: 4->4
[2020-12-21T12:18:36.019-0500][gc,metaspace   ] GC(16780) Metaspace: 49949K->49949K(1093632K)
[2020-12-21T12:18:36.019-0500][gc,heap        ] GC(16780) Heap after GC invocations=16781 (full 3405): garbage-first heap   total 64512K, used 43272K [0x0000000083000000, 0x0000000100000000)
[2020-12-21T12:18:36.019-0500][gc,heap        ] GC(16780)   region size 1024K, 1 young (1024K), 1 survivors (1024K)
[2020-12-21T12:18:36.019-0500][gc,heap        ] GC(16780)  Metaspace       used 49949K, capacity 52104K, committed 53632K, reserved 1093632K
[2020-12-21T12:18:36.019-0500][gc,heap        ] GC(16780)   class space    used 7422K, capacity 8193K, committed 8832K, reserved 1048576K
[2020-12-21T12:18:36.019-0500][gc             ] GC(16780) Pause Young (Normal) (G1 Evacuation Pause) 52M->42M(63M) 2.091ms
[2020-12-21T12:18:36.019-0500][gc,cpu         ] GC(16780) User=0.00s Sys=0.00s Real=0.01s
[2020-12-21T12:20:16.015-0500][gc,heap        ] GC(16781) Heap before GC invocations=16781 (full 3405): garbage-first heap   total 64512K, used 51464K [0x0000000083000000, 0x0000000100000000)
[2020-12-21T12:20:16.015-0500][gc,heap        ] GC(16781)   region size 1024K, 10 young (10240K), 1 survivors (1024K)
[2020-12-21T12:20:16.015-0500][gc,heap        ] GC(16781)  Metaspace       used 49949K, capacity 52104K, committed 53632K, reserved 1093632K
[2020-12-21T12:20:16.015-0500][gc,heap        ] GC(16781)   class space    used 7422K, capacity 8193K, committed 8832K, reserved 1048576K
[2020-12-21T12:20:16.015-0500][gc,start       ] GC(16781) Pause Young (Normal) (G1 Evacuation Pause)
[2020-12-21T12:20:16.015-0500][gc,task        ] GC(16781) Using 8 workers of 8 for evacuation
[2020-12-21T12:20:16.023-0500][gc,phases      ] GC(16781)   Pre Evacuate Collection Set: 0.0ms
[2020-12-21T12:20:16.023-0500][gc,phases      ] GC(16781)   Evacuate Collection Set: 3.5ms
[2020-12-21T12:20:16.023-0500][gc,phases      ] GC(16781)   Post Evacuate Collection Set: 3.7ms
[2020-12-21T12:20:16.023-0500][gc,phases      ] GC(16781)   Other: 0.5ms
[2020-12-21T12:20:16.023-0500][gc,heap        ] GC(16781) Eden regions: 9->0(9)
[2020-12-21T12:20:16.023-0500][gc,heap        ] GC(16781) Survivor regions: 1->1(2)
[2020-12-21T12:20:16.023-0500][gc,heap        ] GC(16781) Old regions: 41->41
[2020-12-21T12:20:16.023-0500][gc,heap        ] GC(16781) Humongous regions: 4->4
[2020-12-21T12:20:16.023-0500][gc,metaspace   ] GC(16781) Metaspace: 49949K->49949K(1093632K)
[2020-12-21T12:20:16.023-0500][gc,heap        ] GC(16781) Heap after GC invocations=16782 (full 3405): garbage-first heap   total 64512K, used 43262K [0x0000000083000000, 0x0000000100000000)
[2020-12-21T12:20:16.023-0500][gc,heap        ] GC(16781)   region size 1024K, 1 young (1024K), 1 survivors (1024K)
[2020-12-21T12:20:16.023-0500][gc,heap        ] GC(16781)  Metaspace       used 49949K, capacity 52104K, committed 53632K, reserved 1093632K
[2020-12-21T12:20:16.023-0500][gc,heap        ] GC(16781)   class space    used 7422K, capacity 8193K, committed 8832K, reserved 1048576K
[2020-12-21T12:20:16.023-0500][gc             ] GC(16781) Pause Young (Normal) (G1 Evacuation Pause) 51M->42M(63M) 7.944ms
[2020-12-21T12:20:16.024-0500][gc,cpu         ] GC(16781) User=0.03s Sys=0.00s Real=0.01s
[2020-12-21T12:21:45.191-0500][gc,task        ] GC(16782) Using 5 workers of 8 for full compaction
[2020-12-21T12:21:45.191-0500][gc,start       ] GC(16782) Pause Full (System.gc())
[2020-12-21T12:21:45.191-0500][gc,heap        ] GC(16782) Heap before GC invocations=16782 (full 3405): garbage-first heap   total 64512K, used 50430K [0x0000000083000000, 0x0000000100000000)
[2020-12-21T12:21:45.191-0500][gc,heap        ] GC(16782)   region size 1024K, 9 young (9216K), 1 survivors (1024K)
[2020-12-21T12:21:45.191-0500][gc,heap        ] GC(16782)  Metaspace       used 49949K, capacity 52104K, committed 53632K, reserved 1093632K
[2020-12-21T12:21:45.191-0500][gc,heap        ] GC(16782)   class space    used 7422K, capacity 8193K, committed 8832K, reserved 1048576K
[2020-12-21T12:21:45.192-0500][gc,phases,start] GC(16782) Phase 1: Mark live objects
[2020-12-21T12:21:45.235-0500][gc,stringtable ] GC(16782) Cleaned string and symbol table, strings: 33107 processed, 4 removed, symbols: 120816 processed, 0 removed
[2020-12-21T12:21:45.235-0500][gc,phases      ] GC(16782) Phase 1: Mark live objects 42.705ms
[2020-12-21T12:21:45.235-0500][gc,phases,start] GC(16782) Phase 2: Prepare for compaction
[2020-12-21T12:21:45.239-0500][gc,phases      ] GC(16782) Phase 2: Prepare for compaction 3.995ms
[2020-12-21T12:21:45.239-0500][gc,phases,start] GC(16782) Phase 3: Adjust pointers
[2020-12-21T12:21:45.251-0500][gc,phases      ] GC(16782) Phase 3: Adjust pointers 11.918ms
[2020-12-21T12:21:45.251-0500][gc,phases,start] GC(16782) Phase 4: Compact heap
[2020-12-21T12:21:45.253-0500][gc,phases      ] GC(16782) Phase 4: Compact heap 2.491ms
[2020-12-21T12:21:45.259-0500][gc,heap        ] GC(16782) Eden regions: 8->0(9)
[2020-12-21T12:21:45.259-0500][gc,heap        ] GC(16782) Survivor regions: 1->0(2)
[2020-12-21T12:21:45.259-0500][gc,heap        ] GC(16782) Old regions: 41->42
[2020-12-21T12:21:45.259-0500][gc,heap        ] GC(16782) Humongous regions: 4->4
[2020-12-21T12:21:45.259-0500][gc,metaspace   ] GC(16782) Metaspace: 49949K->49949K(1093632K)
[2020-12-21T12:21:45.259-0500][gc,heap        ] GC(16782) Heap after GC invocations=16783 (full 3406): garbage-first heap   total 64512K, used 43230K [0x0000000083000000, 0x0000000100000000)
[2020-12-21T12:21:45.259-0500][gc,heap        ] GC(16782)   region size 1024K, 0 young (0K), 0 survivors (0K)
[2020-12-21T12:21:45.259-0500][gc,heap        ] GC(16782)  Metaspace       used 49949K, capacity 52104K, committed 53632K, reserved 1093632K
[2020-12-21T12:21:45.259-0500][gc,heap        ] GC(16782)   class space    used 7422K, capacity 8193K, committed 8832K, reserved 1048576K
[2020-12-21T12:21:45.259-0500][gc             ] GC(16782) Pause Full (System.gc()) 50M->42M(63M) 68.070ms
[2020-12-21T12:21:45.260-0500][gc,cpu         ] GC(16782) User=0.30s Sys=0.00s Real=0.07s
[2020-12-21T12:23:27.305-0500][gc,heap        ] GC(16783) Heap before GC invocations=16783 (full 3406): garbage-first heap   total 64512K, used 51422K [0x0000000083000000, 0x0000000100000000)
[2020-12-21T12:23:27.305-0500][gc,heap        ] GC(16783)   region size 1024K, 9 young (9216K), 0 survivors (0K)
[2020-12-21T12:23:27.305-0500][gc,heap        ] GC(16783)  Metaspace       used 49949K, capacity 52104K, committed 53632K, reserved 1093632K
[2020-12-21T12:23:27.305-0500][gc,heap        ] GC(16783)   class space    used 7422K, capacity 8193K, committed 8832K, reserved 1048576K
[2020-12-21T12:23:27.305-0500][gc,start       ] GC(16783) Pause Young (Normal) (G1 Evacuation Pause)
[2020-12-21T12:23:27.305-0500][gc,task        ] GC(16783) Using 8 workers of 8 for evacuation
[2020-12-21T12:23:27.310-0500][gc,phases      ] GC(16783)   Pre Evacuate Collection Set: 0.0ms
[2020-12-21T12:23:27.310-0500][gc,phases      ] GC(16783)   Evacuate Collection Set: 1.8ms
[2020-12-21T12:23:27.310-0500][gc,phases      ] GC(16783)   Post Evacuate Collection Set: 2.3ms
[2020-12-21T12:23:27.310-0500][gc,phases      ] GC(16783)   Other: 0.5ms
[2020-12-21T12:23:27.310-0500][gc,heap        ] GC(16783) Eden regions: 9->0(8)
[2020-12-21T12:23:27.310-0500][gc,heap        ] GC(16783) Survivor regions: 0->1(2)
[2020-12-21T12:23:27.310-0500][gc,heap        ] GC(16783) Old regions: 42->42
[2020-12-21T12:23:27.310-0500][gc,heap        ] GC(16783) Humongous regions: 4->4
[2020-12-21T12:23:27.310-0500][gc,metaspace   ] GC(16783) Metaspace: 49949K->49949K(1093632K)
[2020-12-21T12:23:27.310-0500][gc,heap        ] GC(16783) Heap after GC invocations=16784 (full 3406): garbage-first heap   total 64512K, used 43278K [0x0000000083000000, 0x0000000100000000)
[2020-12-21T12:23:27.310-0500][gc,heap        ] GC(16783)   region size 1024K, 1 young (1024K), 1 survivors (1024K)
[2020-12-21T12:23:27.310-0500][gc,heap        ] GC(16783)  Metaspace       used 49949K, capacity 52104K, committed 53632K, reserved 1093632K
[2020-12-21T12:23:27.310-0500][gc,heap        ] GC(16783)   class space    used 7422K, capacity 8193K, committed 8832K, reserved 1048576K
[2020-12-21T12:23:27.310-0500][gc             ] GC(16783) Pause Young (Normal) (G1 Evacuation Pause) 51M->42M(63M) 4.782ms
[2020-12-21T12:23:27.310-0500][gc,cpu         ] GC(16783) User=0.00s Sys=0.00s Real=0.01s
[2020-12-21T12:25:05.132-0500][gc,heap        ] GC(16784) Heap before GC invocations=16784 (full 3406): garbage-first heap   total 64512K, used 50446K [0x0000000083000000, 0x0000000100000000)
[2020-12-21T12:25:05.132-0500][gc,heap        ] GC(16784)   region size 1024K, 9 young (9216K), 1 survivors (1024K)
[2020-12-21T12:25:05.132-0500][gc,heap        ] GC(16784)  Metaspace       used 49949K, capacity 52104K, committed 53632K, reserved 1093632K
[2020-12-21T12:25:05.132-0500][gc,heap        ] GC(16784)   class space    used 7422K, capacity 8193K, committed 8832K, reserved 1048576K
[2020-12-21T12:25:05.133-0500][gc,start       ] GC(16784) Pause Young (Normal) (G1 Evacuation Pause)
[2020-12-21T12:25:05.133-0500][gc,task        ] GC(16784) Using 8 workers of 8 for evacuation
[2020-12-21T12:25:05.135-0500][gc,phases      ] GC(16784)   Pre Evacuate Collection Set: 0.0ms
[2020-12-21T12:25:05.135-0500][gc,phases      ] GC(16784)   Evacuate Collection Set: 0.6ms
[2020-12-21T12:25:05.135-0500][gc,phases      ] GC(16784)   Post Evacuate Collection Set: 1.3ms
[2020-12-21T12:25:05.135-0500][gc,phases      ] GC(16784)   Other: 0.3ms
[2020-12-21T12:25:05.135-0500][gc,heap        ] GC(16784) Eden regions: 8->0(8)
[2020-12-21T12:25:05.135-0500][gc,heap        ] GC(16784) Survivor regions: 1->1(2)
[2020-12-21T12:25:05.135-0500][gc,heap        ] GC(16784) Old regions: 42->42
[2020-12-21T12:25:05.135-0500][gc,heap        ] GC(16784) Humongous regions: 4->4
[2020-12-21T12:25:05.135-0500][gc,metaspace   ] GC(16784) Metaspace: 49949K->49949K(1093632K)
[2020-12-21T12:25:05.135-0500][gc,heap        ] GC(16784) Heap after GC invocations=16785 (full 3406): garbage-first heap   total 64512K, used 43292K [0x0000000083000000, 0x0000000100000000)
[2020-12-21T12:25:05.135-0500][gc,heap        ] GC(16784)   region size 1024K, 1 young (1024K), 1 survivors (1024K)
[2020-12-21T12:25:05.135-0500][gc,heap        ] GC(16784)  Metaspace       used 49949K, capacity 52104K, committed 53632K, reserved 1093632K
[2020-12-21T12:25:05.135-0500][gc,heap        ] GC(16784)   class space    used 7422K, capacity 8193K, committed 8832K, reserved 1048576K
[2020-12-21T12:25:05.135-0500][gc             ] GC(16784) Pause Young (Normal) (G1 Evacuation Pause) 50M->42M(63M) 2.138ms
[2020-12-21T12:25:05.135-0500][gc,cpu         ] GC(16784) User=0.00s Sys=0.00s Real=0.00s
[2020-12-21T12:26:26.480-0500][gc,heap        ] GC(16785) Heap before GC invocations=16785 (full 3406): garbage-first heap   total 64512K, used 50460K [0x0000000083000000, 0x0000000100000000)
[2020-12-21T12:26:26.480-0500][gc,heap        ] GC(16785)   region size 1024K, 9 young (9216K), 1 survivors (1024K)
[2020-12-21T12:26:26.480-0500][gc,heap        ] GC(16785)  Metaspace       used 49949K, capacity 52104K, committed 53632K, reserved 1093632K
[2020-12-21T12:26:26.480-0500][gc,heap        ] GC(16785)   class space    used 7422K, capacity 8193K, committed 8832K, reserved 1048576K
[2020-12-21T12:26:26.480-0500][gc,start       ] GC(16785) Pause Young (Normal) (G1 Evacuation Pause)
[2020-12-21T12:26:26.480-0500][gc,task        ] GC(16785) Using 8 workers of 8 for evacuation
[2020-12-21T12:26:26.484-0500][gc,phases      ] GC(16785)   Pre Evacuate Collection Set: 0.0ms
[2020-12-21T12:26:26.484-0500][gc,phases      ] GC(16785)   Evacuate Collection Set: 2.5ms
[2020-12-21T12:26:26.484-0500][gc,phases      ] GC(16785)   Post Evacuate Collection Set: 1.0ms
[2020-12-21T12:26:26.484-0500][gc,phases      ] GC(16785)   Other: 0.2ms
[2020-12-21T12:26:26.484-0500][gc,heap        ] GC(16785) Eden regions: 8->0(8)
[2020-12-21T12:26:26.484-0500][gc,heap        ] GC(16785) Survivor regions: 1->1(2)
[2020-12-21T12:26:26.484-0500][gc,heap        ] GC(16785) Old regions: 42->42
[2020-12-21T12:26:26.484-0500][gc,heap        ] GC(16785) Humongous regions: 4->4
[2020-12-21T12:26:26.484-0500][gc,metaspace   ] GC(16785) Metaspace: 49949K->49949K(1093632K)
[2020-12-21T12:26:26.484-0500][gc,heap        ] GC(16785) Heap after GC invocations=16786 (full 3406): garbage-first heap   total 64512K, used 43283K [0x0000000083000000, 0x0000000100000000)
[2020-12-21T12:26:26.484-0500][gc,heap        ] GC(16785)   region size 1024K, 1 young (1024K), 1 survivors (1024K)
[2020-12-21T12:26:26.484-0500][gc,heap        ] GC(16785)  Metaspace       used 49949K, capacity 52104K, committed 53632K, reserved 1093632K
[2020-12-21T12:26:26.484-0500][gc,heap        ] GC(16785)   class space    used 7422K, capacity 8193K, committed 8832K, reserved 1048576K
[2020-12-21T12:26:26.484-0500][gc             ] GC(16785) Pause Young (Normal) (G1 Evacuation Pause) 50M->42M(63M) 3.667ms
[2020-12-21T12:26:26.484-0500][gc,cpu         ] GC(16785) User=0.02s Sys=0.00s Real=0.00s
[2020-12-21T12:26:45.191-0500][gc,task        ] GC(16786) Using 5 workers of 8 for full compaction
[2020-12-21T12:26:45.191-0500][gc,start       ] GC(16786) Pause Full (System.gc())
[2020-12-21T12:26:45.191-0500][gc,heap        ] GC(16786) Heap before GC invocations=16786 (full 3406): garbage-first heap   total 64512K, used 44307K [0x0000000083000000, 0x0000000100000000)
[2020-12-21T12:26:45.191-0500][gc,heap        ] GC(16786)   region size 1024K, 3 young (3072K), 1 survivors (1024K)
[2020-12-21T12:26:45.191-0500][gc,heap        ] GC(16786)  Metaspace       used 49949K, capacity 52104K, committed 53632K, reserved 1093632K
[2020-12-21T12:26:45.191-0500][gc,heap        ] GC(16786)   class space    used 7422K, capacity 8193K, committed 8832K, reserved 1048576K
[2020-12-21T12:26:45.191-0500][gc,phases,start] GC(16786) Phase 1: Mark live objects
[2020-12-21T12:26:45.236-0500][gc,stringtable ] GC(16786) Cleaned string and symbol table, strings: 33107 processed, 4 removed, symbols: 120816 processed, 0 removed
[2020-12-21T12:26:45.236-0500][gc,phases      ] GC(16786) Phase 1: Mark live objects 44.832ms
[2020-12-21T12:26:45.236-0500][gc,phases,start] GC(16786) Phase 2: Prepare for compaction
[2020-12-21T12:26:45.240-0500][gc,phases      ] GC(16786) Phase 2: Prepare for compaction 3.365ms
[2020-12-21T12:26:45.240-0500][gc,phases,start] GC(16786) Phase 3: Adjust pointers
[2020-12-21T12:26:45.250-0500][gc,phases      ] GC(16786) Phase 3: Adjust pointers 10.099ms
[2020-12-21T12:26:45.250-0500][gc,phases,start] GC(16786) Phase 4: Compact heap
[2020-12-21T12:26:45.253-0500][gc,phases      ] GC(16786) Phase 4: Compact heap 2.893ms
[2020-12-21T12:26:45.259-0500][gc,heap        ] GC(16786) Eden regions: 2->0(11)
[2020-12-21T12:26:45.259-0500][gc,heap        ] GC(16786) Survivor regions: 1->0(2)
[2020-12-21T12:26:45.259-0500][gc,heap        ] GC(16786) Old regions: 42->40
[2020-12-21T12:26:45.259-0500][gc,heap        ] GC(16786) Humongous regions: 4->4
[2020-12-21T12:26:45.259-0500][gc,metaspace   ] GC(16786) Metaspace: 49949K->49949K(1093632K)
[2020-12-21T12:26:45.259-0500][gc,heap        ] GC(16786) Heap after GC invocations=16787 (full 3407): garbage-first heap   total 64512K, used 43200K [0x0000000083000000, 0x0000000100000000)
[2020-12-21T12:26:45.259-0500][gc,heap        ] GC(16786)   region size 1024K, 0 young (0K), 0 survivors (0K)
[2020-12-21T12:26:45.259-0500][gc,heap        ] GC(16786)  Metaspace       used 49949K, capacity 52104K, committed 53632K, reserved 1093632K
[2020-12-21T12:26:45.259-0500][gc,heap        ] GC(16786)   class space    used 7422K, capacity 8193K, committed 8832K, reserved 1048576K
[2020-12-21T12:26:45.259-0500][gc             ] GC(16786) Pause Full (System.gc()) 43M->42M(63M) 68.221ms
[2020-12-21T12:26:45.259-0500][gc,cpu         ] GC(16786) User=0.30s Sys=0.00s Real=0.07s
[2020-12-21T12:28:56.011-0500][gc,heap        ] GC(16787) Heap before GC invocations=16787 (full 3407): garbage-first heap   total 64512K, used 54464K [0x0000000083000000, 0x0000000100000000)
[2020-12-21T12:28:56.011-0500][gc,heap        ] GC(16787)   region size 1024K, 11 young (11264K), 0 survivors (0K)
[2020-12-21T12:28:56.011-0500][gc,heap        ] GC(16787)  Metaspace       used 49949K, capacity 52104K, committed 53632K, reserved 1093632K
[2020-12-21T12:28:56.011-0500][gc,heap        ] GC(16787)   class space    used 7422K, capacity 8193K, committed 8832K, reserved 1048576K
[2020-12-21T12:28:56.011-0500][gc,start       ] GC(16787) Pause Young (Normal) (G1 Evacuation Pause)
[2020-12-21T12:28:56.011-0500][gc,task        ] GC(16787) Using 8 workers of 8 for evacuation
[2020-12-21T12:28:56.018-0500][gc,phases      ] GC(16787)   Pre Evacuate Collection Set: 0.0ms
[2020-12-21T12:28:56.018-0500][gc,phases      ] GC(16787)   Evacuate Collection Set: 3.8ms
[2020-12-21T12:28:56.018-0500][gc,phases      ] GC(16787)   Post Evacuate Collection Set: 2.6ms
[2020-12-21T12:28:56.018-0500][gc,phases      ] GC(16787)   Other: 0.5ms
[2020-12-21T12:28:56.018-0500][gc,heap        ] GC(16787) Eden regions: 11->0(10)
[2020-12-21T12:28:56.018-0500][gc,heap        ] GC(16787) Survivor regions: 0->1(2)
[2020-12-21T12:28:56.018-0500][gc,heap        ] GC(16787) Old regions: 40->40
[2020-12-21T12:28:56.018-0500][gc,heap        ] GC(16787) Humongous regions: 4->4
[2020-12-21T12:28:56.018-0500][gc,metaspace   ] GC(16787) Metaspace: 49949K->49949K(1093632K)
[2020-12-21T12:28:56.018-0500][gc,heap        ] GC(16787) Heap after GC invocations=16788 (full 3407): garbage-first heap   total 64512K, used 43273K [0x0000000083000000, 0x0000000100000000)
[2020-12-21T12:28:56.018-0500][gc,heap        ] GC(16787)   region size 1024K, 1 young (1024K), 1 survivors (1024K)
[2020-12-21T12:28:56.018-0500][gc,heap        ] GC(16787)  Metaspace       used 49949K, capacity 52104K, committed 53632K, reserved 1093632K
[2020-12-21T12:28:56.018-0500][gc,heap        ] GC(16787)   class space    used 7422K, capacity 8193K, committed 8832K, reserved 1048576K
[2020-12-21T12:28:56.019-0500][gc             ] GC(16787) Pause Young (Normal) (G1 Evacuation Pause) 53M->42M(63M) 7.066ms
[2020-12-21T12:28:56.019-0500][gc,cpu         ] GC(16787) User=0.03s Sys=0.01s Real=0.01s
[2020-12-21T12:30:46.019-0500][gc,heap        ] GC(16788) Heap before GC invocations=16788 (full 3407): garbage-first heap   total 64512K, used 52489K [0x0000000083000000, 0x0000000100000000)
[2020-12-21T12:30:46.019-0500][gc,heap        ] GC(16788)   region size 1024K, 11 young (11264K), 1 survivors (1024K)
[2020-12-21T12:30:46.020-0500][gc,heap        ] GC(16788)  Metaspace       used 49949K, capacity 52104K, committed 53632K, reserved 1093632K
[2020-12-21T12:30:46.022-0500][gc,heap        ] GC(16788)   class space    used 7422K, capacity 8193K, committed 8832K, reserved 1048576K
[2020-12-21T12:30:46.022-0500][gc,start       ] GC(16788) Pause Young (Normal) (G1 Evacuation Pause)
[2020-12-21T12:30:46.022-0500][gc,task        ] GC(16788) Using 8 workers of 8 for evacuation
[2020-12-21T12:30:46.027-0500][gc,phases      ] GC(16788)   Pre Evacuate Collection Set: 0.0ms
[2020-12-21T12:30:46.027-0500][gc,phases      ] GC(16788)   Evacuate Collection Set: 1.6ms
[2020-12-21T12:30:46.027-0500][gc,phases      ] GC(16788)   Post Evacuate Collection Set: 2.6ms
[2020-12-21T12:30:46.027-0500][gc,phases      ] GC(16788)   Other: 3.3ms
[2020-12-21T12:30:46.027-0500][gc,heap        ] GC(16788) Eden regions: 10->0(10)
[2020-12-21T12:30:46.027-0500][gc,heap        ] GC(16788) Survivor regions: 1->1(2)
[2020-12-21T12:30:46.027-0500][gc,heap        ] GC(16788) Old regions: 40->40
[2020-12-21T12:30:46.027-0500][gc,heap        ] GC(16788) Humongous regions: 4->4
[2020-12-21T12:30:46.027-0500][gc,metaspace   ] GC(16788) Metaspace: 49949K->49949K(1093632K)
[2020-12-21T12:30:46.027-0500][gc,heap        ] GC(16788) Heap after GC invocations=16789 (full 3407): garbage-first heap   total 64512K, used 43267K [0x0000000083000000, 0x0000000100000000)
[2020-12-21T12:30:46.027-0500][gc,heap        ] GC(16788)   region size 1024K, 1 young (1024K), 1 survivors (1024K)
[2020-12-21T12:30:46.027-0500][gc,heap        ] GC(16788)  Metaspace       used 49949K, capacity 52104K, committed 53632K, reserved 1093632K
[2020-12-21T12:30:46.027-0500][gc,heap        ] GC(16788)   class space    used 7422K, capacity 8193K, committed 8832K, reserved 1048576K
[2020-12-21T12:30:46.027-0500][gc             ] GC(16788) Pause Young (Normal) (G1 Evacuation Pause) 52M->42M(63M) 4.830ms
[2020-12-21T12:30:46.027-0500][gc,cpu         ] GC(16788) User=0.00s Sys=0.00s Real=0.00s
[2020-12-21T12:31:45.191-0500][gc,task        ] GC(16789) Using 5 workers of 8 for full compaction
[2020-12-21T12:31:45.191-0500][gc,start       ] GC(16789) Pause Full (System.gc())
[2020-12-21T12:31:45.191-0500][gc,heap        ] GC(16789) Heap before GC invocations=16789 (full 3407): garbage-first heap   total 64512K, used 47363K [0x0000000083000000, 0x0000000100000000)
[2020-12-21T12:31:45.191-0500][gc,heap        ] GC(16789)   region size 1024K, 6 young (6144K), 1 survivors (1024K)
[2020-12-21T12:31:45.191-0500][gc,heap        ] GC(16789)  Metaspace       used 49949K, capacity 52104K, committed 53632K, reserved 1093632K
[2020-12-21T12:31:45.191-0500][gc,heap        ] GC(16789)   class space    used 7422K, capacity 8193K, committed 8832K, reserved 1048576K
[2020-12-21T12:31:45.191-0500][gc,phases,start] GC(16789) Phase 1: Mark live objects
[2020-12-21T12:31:45.214-0500][gc,stringtable ] GC(16789) Cleaned string and symbol table, strings: 33107 processed, 4 removed, symbols: 120816 processed, 0 removed
[2020-12-21T12:31:45.214-0500][gc,phases      ] GC(16789) Phase 1: Mark live objects 22.927ms
[2020-12-21T12:31:45.214-0500][gc,phases,start] GC(16789) Phase 2: Prepare for compaction
[2020-12-21T12:31:45.217-0500][gc,phases      ] GC(16789) Phase 2: Prepare for compaction 3.346ms
[2020-12-21T12:31:45.217-0500][gc,phases,start] GC(16789) Phase 3: Adjust pointers
[2020-12-21T12:31:45.228-0500][gc,phases      ] GC(16789) Phase 3: Adjust pointers 11.021ms
[2020-12-21T12:31:45.228-0500][gc,phases,start] GC(16789) Phase 4: Compact heap
[2020-12-21T12:31:45.231-0500][gc,phases      ] GC(16789) Phase 4: Compact heap 2.246ms
[2020-12-21T12:31:45.237-0500][gc,heap        ] GC(16789) Eden regions: 5->0(9)
[2020-12-21T12:31:45.237-0500][gc,heap        ] GC(16789) Survivor regions: 1->0(2)
[2020-12-21T12:31:45.237-0500][gc,heap        ] GC(16789) Old regions: 40->42
[2020-12-21T12:31:45.237-0500][gc,heap        ] GC(16789) Humongous regions: 4->4
[2020-12-21T12:31:45.237-0500][gc,metaspace   ] GC(16789) Metaspace: 49949K->49949K(1093632K)
[2020-12-21T12:31:45.237-0500][gc,heap        ] GC(16789) Heap after GC invocations=16790 (full 3408): garbage-first heap   total 64512K, used 43211K [0x0000000083000000, 0x0000000100000000)
[2020-12-21T12:31:45.237-0500][gc,heap        ] GC(16789)   region size 1024K, 0 young (0K), 0 survivors (0K)
[2020-12-21T12:31:45.237-0500][gc,heap        ] GC(16789)  Metaspace       used 49949K, capacity 52104K, committed 53632K, reserved 1093632K
[2020-12-21T12:31:45.237-0500][gc,heap        ] GC(16789)   class space    used 7422K, capacity 8193K, committed 8832K, reserved 1048576K
[2020-12-21T12:31:45.237-0500][gc             ] GC(16789) Pause Full (System.gc()) 47M->42M(63M) 46.186ms
[2020-12-21T12:31:45.237-0500][gc,cpu         ] GC(16789) User=0.19s Sys=0.00s Real=0.04s
[2020-12-21T12:33:26.871-0500][gc,heap        ] GC(16790) Heap before GC invocations=16790 (full 3408): garbage-first heap   total 64512K, used 51403K [0x0000000083000000, 0x0000000100000000)
[2020-12-21T12:33:26.871-0500][gc,heap        ] GC(16790)   region size 1024K, 9 young (9216K), 0 survivors (0K)
[2020-12-21T12:33:26.871-0500][gc,heap        ] GC(16790)  Metaspace       used 49949K, capacity 52104K, committed 53632K, reserved 1093632K
[2020-12-21T12:33:26.872-0500][gc,heap        ] GC(16790)   class space    used 7422K, capacity 8193K, committed 8832K, reserved 1048576K
[2020-12-21T12:33:26.872-0500][gc,start       ] GC(16790) Pause Young (Normal) (G1 Evacuation Pause)
[2020-12-21T12:33:26.872-0500][gc,task        ] GC(16790) Using 8 workers of 8 for evacuation
[2020-12-21T12:33:26.903-0500][gc,phases      ] GC(16790)   Pre Evacuate Collection Set: 0.0ms
[2020-12-21T12:33:26.904-0500][gc,phases      ] GC(16790)   Evacuate Collection Set: 8.8ms
[2020-12-21T12:33:26.904-0500][gc,phases      ] GC(16790)   Post Evacuate Collection Set: 22.6ms
[2020-12-21T12:33:26.904-0500][gc,phases      ] GC(16790)   Other: 0.7ms
[2020-12-21T12:33:26.904-0500][gc,heap        ] GC(16790) Eden regions: 9->0(8)
[2020-12-21T12:33:26.904-0500][gc,heap        ] GC(16790) Survivor regions: 0->1(2)
[2020-12-21T12:33:26.904-0500][gc,heap        ] GC(16790) Old regions: 42->42
[2020-12-21T12:33:26.904-0500][gc,heap        ] GC(16790) Humongous regions: 4->4
[2020-12-21T12:33:26.904-0500][gc,metaspace   ] GC(16790) Metaspace: 49949K->49949K(1093632K)
[2020-12-21T12:33:26.904-0500][gc,heap        ] GC(16790) Heap after GC invocations=16791 (full 3408): garbage-first heap   total 64512K, used 43259K [0x0000000083000000, 0x0000000100000000)
[2020-12-21T12:33:26.904-0500][gc,heap        ] GC(16790)   region size 1024K, 1 young (1024K), 1 survivors (1024K)
[2020-12-21T12:33:26.904-0500][gc,heap        ] GC(16790)  Metaspace       used 49949K, capacity 52104K, committed 53632K, reserved 1093632K
[2020-12-21T12:33:26.904-0500][gc,heap        ] GC(16790)   class space    used 7422K, capacity 8193K, committed 8832K, reserved 1048576K
[2020-12-21T12:33:26.904-0500][gc             ] GC(16790) Pause Young (Normal) (G1 Evacuation Pause) 51M->42M(63M) 31.988ms
[2020-12-21T12:33:26.904-0500][gc,cpu         ] GC(16790) User=0.19s Sys=0.00s Real=0.03s
[2020-12-21T12:34:56.067-0500][gc,heap        ] GC(16791) Heap before GC invocations=16791 (full 3408): garbage-first heap   total 64512K, used 50427K [0x0000000083000000, 0x0000000100000000)
[2020-12-21T12:34:56.067-0500][gc,heap        ] GC(16791)   region size 1024K, 9 young (9216K), 1 survivors (1024K)
[2020-12-21T12:34:56.067-0500][gc,heap        ] GC(16791)  Metaspace       used 49949K, capacity 52104K, committed 53632K, reserved 1093632K
[2020-12-21T12:34:56.067-0500][gc,heap        ] GC(16791)   class space    used 7422K, capacity 8193K, committed 8832K, reserved 1048576K
[2020-12-21T12:34:56.067-0500][gc,start       ] GC(16791) Pause Young (Normal) (G1 Evacuation Pause)
[2020-12-21T12:34:56.067-0500][gc,task        ] GC(16791) Using 8 workers of 8 for evacuation
[2020-12-21T12:34:56.072-0500][gc,phases      ] GC(16791)   Pre Evacuate Collection Set: 0.0ms
[2020-12-21T12:34:56.072-0500][gc,phases      ] GC(16791)   Evacuate Collection Set: 1.4ms
[2020-12-21T12:34:56.072-0500][gc,phases      ] GC(16791)   Post Evacuate Collection Set: 3.0ms
[2020-12-21T12:34:56.072-0500][gc,phases      ] GC(16791)   Other: 0.4ms
[2020-12-21T12:34:56.072-0500][gc,heap        ] GC(16791) Eden regions: 8->0(8)
[2020-12-21T12:34:56.072-0500][gc,heap        ] GC(16791) Survivor regions: 1->1(2)
[2020-12-21T12:34:56.072-0500][gc,heap        ] GC(16791) Old regions: 42->42
[2020-12-21T12:34:56.072-0500][gc,heap        ] GC(16791) Humongous regions: 4->4
[2020-12-21T12:34:56.072-0500][gc,metaspace   ] GC(16791) Metaspace: 49949K->49949K(1093632K)
[2020-12-21T12:34:56.072-0500][gc,heap        ] GC(16791) Heap after GC invocations=16792 (full 3408): garbage-first heap   total 64512K, used 43262K [0x0000000083000000, 0x0000000100000000)
[2020-12-21T12:34:56.072-0500][gc,heap        ] GC(16791)   region size 1024K, 1 young (1024K), 1 survivors (1024K)
[2020-12-21T12:34:56.072-0500][gc,heap        ] GC(16791)  Metaspace       used 49949K, capacity 52104K, committed 53632K, reserved 1093632K
[2020-12-21T12:34:56.072-0500][gc,heap        ] GC(16791)   class space    used 7422K, capacity 8193K, committed 8832K, reserved 1048576K
[2020-12-21T12:34:56.072-0500][gc             ] GC(16791) Pause Young (Normal) (G1 Evacuation Pause) 50M->42M(63M) 5.053ms
[2020-12-21T12:34:56.073-0500][gc,cpu         ] GC(16791) User=0.00s Sys=0.01s Real=0.01s
[2020-12-21T12:36:26.013-0500][gc,heap        ] GC(16792) Heap before GC invocations=16792 (full 3408): garbage-first heap   total 64512K, used 50430K [0x0000000083000000, 0x0000000100000000)
[2020-12-21T12:36:26.013-0500][gc,heap        ] GC(16792)   region size 1024K, 9 young (9216K), 1 survivors (1024K)
[2020-12-21T12:36:26.013-0500][gc,heap        ] GC(16792)  Metaspace       used 49949K, capacity 52104K, committed 53632K, reserved 1093632K
[2020-12-21T12:36:26.013-0500][gc,heap        ] GC(16792)   class space    used 7422K, capacity 8193K, committed 8832K, reserved 1048576K
[2020-12-21T12:36:26.013-0500][gc,start       ] GC(16792) Pause Young (Normal) (G1 Evacuation Pause)
[2020-12-21T12:36:26.013-0500][gc,task        ] GC(16792) Using 8 workers of 8 for evacuation
[2020-12-21T12:36:26.017-0500][gc,phases      ] GC(16792)   Pre Evacuate Collection Set: 0.0ms
[2020-12-21T12:36:26.018-0500][gc,phases      ] GC(16792)   Evacuate Collection Set: 1.7ms
[2020-12-21T12:36:26.018-0500][gc,phases      ] GC(16792)   Post Evacuate Collection Set: 2.2ms
[2020-12-21T12:36:26.018-0500][gc,phases      ] GC(16792)   Other: 0.5ms
[2020-12-21T12:36:26.018-0500][gc,heap        ] GC(16792) Eden regions: 8->0(8)
[2020-12-21T12:36:26.018-0500][gc,heap        ] GC(16792) Survivor regions: 1->1(2)
[2020-12-21T12:36:26.018-0500][gc,heap        ] GC(16792) Old regions: 42->42
[2020-12-21T12:36:26.018-0500][gc,heap        ] GC(16792) Humongous regions: 4->4
[2020-12-21T12:36:26.018-0500][gc,metaspace   ] GC(16792) Metaspace: 49949K->49949K(1093632K)
[2020-12-21T12:36:26.018-0500][gc,heap        ] GC(16792) Heap after GC invocations=16793 (full 3408): garbage-first heap   total 64512K, used 43296K [0x0000000083000000, 0x0000000100000000)
[2020-12-21T12:36:26.018-0500][gc,heap        ] GC(16792)   region size 1024K, 1 young (1024K), 1 survivors (1024K)
[2020-12-21T12:36:26.018-0500][gc,heap        ] GC(16792)  Metaspace       used 49949K, capacity 52104K, committed 53632K, reserved 1093632K
[2020-12-21T12:36:26.018-0500][gc,heap        ] GC(16792)   class space    used 7422K, capacity 8193K, committed 8832K, reserved 1048576K
[2020-12-21T12:36:26.018-0500][gc             ] GC(16792) Pause Young (Normal) (G1 Evacuation Pause) 50M->42M(63M) 4.492ms
[2020-12-21T12:36:26.018-0500][gc,cpu         ] GC(16792) User=0.01s Sys=0.01s Real=0.01s
[2020-12-21T12:36:45.190-0500][gc,task        ] GC(16793) Using 5 workers of 8 for full compaction
[2020-12-21T12:36:45.190-0500][gc,start       ] GC(16793) Pause Full (System.gc())
[2020-12-21T12:36:45.190-0500][gc,heap        ] GC(16793) Heap before GC invocations=16793 (full 3408): garbage-first heap   total 64512K, used 44320K [0x0000000083000000, 0x0000000100000000)
[2020-12-21T12:36:45.190-0500][gc,heap        ] GC(16793)   region size 1024K, 3 young (3072K), 1 survivors (1024K)
[2020-12-21T12:36:45.190-0500][gc,heap        ] GC(16793)  Metaspace       used 49949K, capacity 52104K, committed 53632K, reserved 1093632K
[2020-12-21T12:36:45.190-0500][gc,heap        ] GC(16793)   class space    used 7422K, capacity 8193K, committed 8832K, reserved 1048576K
[2020-12-21T12:36:45.191-0500][gc,phases,start] GC(16793) Phase 1: Mark live objects
[2020-12-21T12:36:45.212-0500][gc,stringtable ] GC(16793) Cleaned string and symbol table, strings: 33107 processed, 4 removed, symbols: 120816 processed, 0 removed
[2020-12-21T12:36:45.212-0500][gc,phases      ] GC(16793) Phase 1: Mark live objects 21.283ms
[2020-12-21T12:36:45.212-0500][gc,phases,start] GC(16793) Phase 2: Prepare for compaction
[2020-12-21T12:36:45.216-0500][gc,phases      ] GC(16793) Phase 2: Prepare for compaction 3.577ms
[2020-12-21T12:36:45.216-0500][gc,phases,start] GC(16793) Phase 3: Adjust pointers
[2020-12-21T12:36:45.228-0500][gc,phases      ] GC(16793) Phase 3: Adjust pointers 11.950ms
[2020-12-21T12:36:45.228-0500][gc,phases,start] GC(16793) Phase 4: Compact heap
[2020-12-21T12:36:45.230-0500][gc,phases      ] GC(16793) Phase 4: Compact heap 2.777ms
[2020-12-21T12:36:45.237-0500][gc,heap        ] GC(16793) Eden regions: 2->0(10)
[2020-12-21T12:36:45.237-0500][gc,heap        ] GC(16793) Survivor regions: 1->0(2)
[2020-12-21T12:36:45.237-0500][gc,heap        ] GC(16793) Old regions: 42->41
[2020-12-21T12:36:45.237-0500][gc,heap        ] GC(16793) Humongous regions: 4->4
[2020-12-21T12:36:45.237-0500][gc,metaspace   ] GC(16793) Metaspace: 49949K->49949K(1093632K)
[2020-12-21T12:36:45.237-0500][gc,heap        ] GC(16793) Heap after GC invocations=16794 (full 3409): garbage-first heap   total 64512K, used 43201K [0x0000000083000000, 0x0000000100000000)
[2020-12-21T12:36:45.237-0500][gc,heap        ] GC(16793)   region size 1024K, 0 young (0K), 0 survivors (0K)
[2020-12-21T12:36:45.237-0500][gc,heap        ] GC(16793)  Metaspace       used 49949K, capacity 52104K, committed 53632K, reserved 1093632K
[2020-12-21T12:36:45.237-0500][gc,heap        ] GC(16793)   class space    used 7422K, capacity 8193K, committed 8832K, reserved 1048576K
[2020-12-21T12:36:45.237-0500][gc             ] GC(16793) Pause Full (System.gc()) 44M->42M(63M) 46.703ms
[2020-12-21T12:36:45.237-0500][gc,cpu         ] GC(16793) User=0.18s Sys=0.00s Real=0.04s
[2020-12-21T12:38:39.821-0500][gc,heap        ] GC(16794) Heap before GC invocations=16794 (full 3409): garbage-first heap   total 64512K, used 52417K [0x0000000083000000, 0x0000000100000000)
[2020-12-21T12:38:39.821-0500][gc,heap        ] GC(16794)   region size 1024K, 10 young (10240K), 0 survivors (0K)
[2020-12-21T12:38:39.821-0500][gc,heap        ] GC(16794)  Metaspace       used 49949K, capacity 52104K, committed 53632K, reserved 1093632K
[2020-12-21T12:38:39.821-0500][gc,heap        ] GC(16794)   class space    used 7422K, capacity 8193K, committed 8832K, reserved 1048576K
[2020-12-21T12:38:39.821-0500][gc,start       ] GC(16794) Pause Young (Normal) (G1 Evacuation Pause)
[2020-12-21T12:38:39.821-0500][gc,task        ] GC(16794) Using 8 workers of 8 for evacuation
[2020-12-21T12:38:39.826-0500][gc,phases      ] GC(16794)   Pre Evacuate Collection Set: 0.0ms
[2020-12-21T12:38:39.826-0500][gc,phases      ] GC(16794)   Evacuate Collection Set: 1.5ms
[2020-12-21T12:38:39.826-0500][gc,phases      ] GC(16794)   Post Evacuate Collection Set: 3.1ms
[2020-12-21T12:38:39.826-0500][gc,phases      ] GC(16794)   Other: 0.5ms
[2020-12-21T12:38:39.826-0500][gc,heap        ] GC(16794) Eden regions: 10->0(9)
[2020-12-21T12:38:39.826-0500][gc,heap        ] GC(16794) Survivor regions: 0->1(2)
[2020-12-21T12:38:39.826-0500][gc,heap        ] GC(16794) Old regions: 41->41
[2020-12-21T12:38:39.826-0500][gc,heap        ] GC(16794) Humongous regions: 4->4
[2020-12-21T12:38:39.826-0500][gc,metaspace   ] GC(16794) Metaspace: 49949K->49949K(1093632K)
[2020-12-21T12:38:39.826-0500][gc,heap        ] GC(16794) Heap after GC invocations=16795 (full 3409): garbage-first heap   total 64512K, used 43334K [0x0000000083000000, 0x0000000100000000)
[2020-12-21T12:38:39.826-0500][gc,heap        ] GC(16794)   region size 1024K, 1 young (1024K), 1 survivors (1024K)
[2020-12-21T12:38:39.826-0500][gc,heap        ] GC(16794)  Metaspace       used 49949K, capacity 52104K, committed 53632K, reserved 1093632K
[2020-12-21T12:38:39.826-0500][gc,heap        ] GC(16794)   class space    used 7422K, capacity 8193K, committed 8832K, reserved 1048576K
[2020-12-21T12:38:39.826-0500][gc             ] GC(16794) Pause Young (Normal) (G1 Evacuation Pause) 52M->42M(63M) 5.673ms
[2020-12-21T12:38:39.827-0500][gc,cpu         ] GC(16794) User=0.01s Sys=0.01s Real=0.00s
[2020-12-21T12:40:26.013-0500][gc,heap        ] GC(16795) Heap before GC invocations=16795 (full 3409): garbage-first heap   total 64512K, used 51526K [0x0000000083000000, 0x0000000100000000)
[2020-12-21T12:40:26.013-0500][gc,heap        ] GC(16795)   region size 1024K, 10 young (10240K), 1 survivors (1024K)
[2020-12-21T12:40:26.014-0500][gc,heap        ] GC(16795)  Metaspace       used 49949K, capacity 52104K, committed 53632K, reserved 1093632K
[2020-12-21T12:40:26.014-0500][gc,heap        ] GC(16795)   class space    used 7422K, capacity 8193K, committed 8832K, reserved 1048576K
[2020-12-21T12:40:26.014-0500][gc,start       ] GC(16795) Pause Young (Normal) (G1 Evacuation Pause)
[2020-12-21T12:40:26.014-0500][gc,task        ] GC(16795) Using 8 workers of 8 for evacuation
[2020-12-21T12:40:26.018-0500][gc,phases      ] GC(16795)   Pre Evacuate Collection Set: 0.0ms
[2020-12-21T12:40:26.018-0500][gc,phases      ] GC(16795)   Evacuate Collection Set: 1.6ms
[2020-12-21T12:40:26.018-0500][gc,phases      ] GC(16795)   Post Evacuate Collection Set: 2.7ms
[2020-12-21T12:40:26.018-0500][gc,phases      ] GC(16795)   Other: 0.4ms
[2020-12-21T12:40:26.018-0500][gc,heap        ] GC(16795) Eden regions: 9->0(9)
[2020-12-21T12:40:26.018-0500][gc,heap        ] GC(16795) Survivor regions: 1->1(2)
[2020-12-21T12:40:26.018-0500][gc,heap        ] GC(16795) Old regions: 41->41
[2020-12-21T12:40:26.018-0500][gc,heap        ] GC(16795) Humongous regions: 4->4
[2020-12-21T12:40:26.018-0500][gc,metaspace   ] GC(16795) Metaspace: 49949K->49949K(1093632K)
[2020-12-21T12:40:26.018-0500][gc,heap        ] GC(16795) Heap after GC invocations=16796 (full 3409): garbage-first heap   total 64512K, used 43260K [0x0000000083000000, 0x0000000100000000)
[2020-12-21T12:40:26.018-0500][gc,heap        ] GC(16795)   region size 1024K, 1 young (1024K), 1 survivors (1024K)
[2020-12-21T12:40:26.018-0500][gc,heap        ] GC(16795)  Metaspace       used 49949K, capacity 52104K, committed 53632K, reserved 1093632K
[2020-12-21T12:40:26.018-0500][gc,heap        ] GC(16795)   class space    used 7422K, capacity 8193K, committed 8832K, reserved 1048576K
[2020-12-21T12:40:26.019-0500][gc             ] GC(16795) Pause Young (Normal) (G1 Evacuation Pause) 51M->42M(63M) 4.920ms
[2020-12-21T12:40:26.019-0500][gc,cpu         ] GC(16795) User=0.01s Sys=0.00s Real=0.01s
[2020-12-21T12:41:45.189-0500][gc,task        ] GC(16796) Using 5 workers of 8 for full compaction
[2020-12-21T12:41:45.189-0500][gc,start       ] GC(16796) Pause Full (System.gc())
[2020-12-21T12:41:45.189-0500][gc,heap        ] GC(16796) Heap before GC invocations=16796 (full 3409): garbage-first heap   total 64512K, used 49404K [0x0000000083000000, 0x0000000100000000)
[2020-12-21T12:41:45.189-0500][gc,heap        ] GC(16796)   region size 1024K, 8 young (8192K), 1 survivors (1024K)
[2020-12-21T12:41:45.189-0500][gc,heap        ] GC(16796)  Metaspace       used 49949K, capacity 52104K, committed 53632K, reserved 1093632K
[2020-12-21T12:41:45.189-0500][gc,heap        ] GC(16796)   class space    used 7422K, capacity 8193K, committed 8832K, reserved 1048576K
[2020-12-21T12:41:45.190-0500][gc,phases,start] GC(16796) Phase 1: Mark live objects
[2020-12-21T12:41:45.213-0500][gc,stringtable ] GC(16796) Cleaned string and symbol table, strings: 33107 processed, 4 removed, symbols: 120816 processed, 0 removed
[2020-12-21T12:41:45.213-0500][gc,phases      ] GC(16796) Phase 1: Mark live objects 23.394ms
[2020-12-21T12:41:45.213-0500][gc,phases,start] GC(16796) Phase 2: Prepare for compaction
[2020-12-21T12:41:45.217-0500][gc,phases      ] GC(16796) Phase 2: Prepare for compaction 3.778ms
[2020-12-21T12:41:45.217-0500][gc,phases,start] GC(16796) Phase 3: Adjust pointers
[2020-12-21T12:41:45.228-0500][gc,phases      ] GC(16796) Phase 3: Adjust pointers 11.200ms
[2020-12-21T12:41:45.228-0500][gc,phases,start] GC(16796) Phase 4: Compact heap
[2020-12-21T12:41:45.231-0500][gc,phases      ] GC(16796) Phase 4: Compact heap 2.777ms
[2020-12-21T12:41:45.237-0500][gc,heap        ] GC(16796) Eden regions: 7->0(10)
[2020-12-21T12:41:45.237-0500][gc,heap        ] GC(16796) Survivor regions: 1->0(2)
[2020-12-21T12:41:45.237-0500][gc,heap        ] GC(16796) Old regions: 41->41
[2020-12-21T12:41:45.237-0500][gc,heap        ] GC(16796) Humongous regions: 4->4
[2020-12-21T12:41:45.237-0500][gc,metaspace   ] GC(16796) Metaspace: 49949K->49949K(1093632K)
[2020-12-21T12:41:45.237-0500][gc,heap        ] GC(16796) Heap after GC invocations=16797 (full 3410): garbage-first heap   total 64512K, used 43214K [0x0000000083000000, 0x0000000100000000)
[2020-12-21T12:41:45.237-0500][gc,heap        ] GC(16796)   region size 1024K, 0 young (0K), 0 survivors (0K)
[2020-12-21T12:41:45.237-0500][gc,heap        ] GC(16796)  Metaspace       used 49949K, capacity 52104K, committed 53632K, reserved 1093632K
[2020-12-21T12:41:45.237-0500][gc,heap        ] GC(16796)   class space    used 7422K, capacity 8193K, committed 8832K, reserved 1048576K
[2020-12-21T12:41:45.237-0500][gc             ] GC(16796) Pause Full (System.gc()) 49M->42M(63M) 47.858ms
[2020-12-21T12:41:45.237-0500][gc,cpu         ] GC(16796) User=0.20s Sys=0.00s Real=0.04s
[2020-12-21T12:43:40.748-0500][gc,heap        ] GC(16797) Heap before GC invocations=16797 (full 3410): garbage-first heap   total 64512K, used 52430K [0x0000000083000000, 0x0000000100000000)
[2020-12-21T12:43:40.748-0500][gc,heap        ] GC(16797)   region size 1024K, 10 young (10240K), 0 survivors (0K)
[2020-12-21T12:43:40.748-0500][gc,heap        ] GC(16797)  Metaspace       used 49949K, capacity 52104K, committed 53632K, reserved 1093632K
[2020-12-21T12:43:40.748-0500][gc,heap        ] GC(16797)   class space    used 7422K, capacity 8193K, committed 8832K, reserved 1048576K
[2020-12-21T12:43:40.748-0500][gc,start       ] GC(16797) Pause Young (Normal) (G1 Evacuation Pause)
[2020-12-21T12:43:40.748-0500][gc,task        ] GC(16797) Using 8 workers of 8 for evacuation
[2020-12-21T12:43:40.753-0500][gc,phases      ] GC(16797)   Pre Evacuate Collection Set: 0.0ms
[2020-12-21T12:43:40.753-0500][gc,phases      ] GC(16797)   Evacuate Collection Set: 0.7ms
[2020-12-21T12:43:40.753-0500][gc,phases      ] GC(16797)   Post Evacuate Collection Set: 3.6ms
[2020-12-21T12:43:40.753-0500][gc,phases      ] GC(16797)   Other: 0.3ms
[2020-12-21T12:43:40.753-0500][gc,heap        ] GC(16797) Eden regions: 10->0(9)
[2020-12-21T12:43:40.753-0500][gc,heap        ] GC(16797) Survivor regions: 0->1(2)
[2020-12-21T12:43:40.753-0500][gc,heap        ] GC(16797) Old regions: 41->41
[2020-12-21T12:43:40.753-0500][gc,heap        ] GC(16797) Humongous regions: 4->4
[2020-12-21T12:43:40.753-0500][gc,metaspace   ] GC(16797) Metaspace: 49949K->49949K(1093632K)
[2020-12-21T12:43:40.753-0500][gc,heap        ] GC(16797) Heap after GC invocations=16798 (full 3410): garbage-first heap   total 64512K, used 43285K [0x0000000083000000, 0x0000000100000000)
[2020-12-21T12:43:40.753-0500][gc,heap        ] GC(16797)   region size 1024K, 1 young (1024K), 1 survivors (1024K)
[2020-12-21T12:43:40.753-0500][gc,heap        ] GC(16797)  Metaspace       used 49949K, capacity 52104K, committed 53632K, reserved 1093632K
[2020-12-21T12:43:40.753-0500][gc,heap        ] GC(16797)   class space    used 7422K, capacity 8193K, committed 8832K, reserved 1048576K
[2020-12-21T12:43:40.753-0500][gc             ] GC(16797) Pause Young (Normal) (G1 Evacuation Pause) 52M->42M(63M) 4.663ms
[2020-12-21T12:43:40.753-0500][gc,cpu         ] GC(16797) User=0.01s Sys=0.01s Real=0.00s
[2020-12-21T12:45:16.021-0500][gc,heap        ] GC(16798) Heap before GC invocations=16798 (full 3410): garbage-first heap   total 64512K, used 51477K [0x0000000083000000, 0x0000000100000000)
[2020-12-21T12:45:16.021-0500][gc,heap        ] GC(16798)   region size 1024K, 10 young (10240K), 1 survivors (1024K)
[2020-12-21T12:45:16.021-0500][gc,heap        ] GC(16798)  Metaspace       used 49949K, capacity 52104K, committed 53632K, reserved 1093632K
[2020-12-21T12:45:16.021-0500][gc,heap        ] GC(16798)   class space    used 7422K, capacity 8193K, committed 8832K, reserved 1048576K
[2020-12-21T12:45:16.021-0500][gc,start       ] GC(16798) Pause Young (Normal) (G1 Evacuation Pause)
[2020-12-21T12:45:16.021-0500][gc,task        ] GC(16798) Using 8 workers of 8 for evacuation
[2020-12-21T12:45:16.026-0500][gc,phases      ] GC(16798)   Pre Evacuate Collection Set: 0.0ms
[2020-12-21T12:45:16.026-0500][gc,phases      ] GC(16798)   Evacuate Collection Set: 1.8ms
[2020-12-21T12:45:16.026-0500][gc,phases      ] GC(16798)   Post Evacuate Collection Set: 2.5ms
[2020-12-21T12:45:16.026-0500][gc,phases      ] GC(16798)   Other: 0.6ms
[2020-12-21T12:45:16.026-0500][gc,heap        ] GC(16798) Eden regions: 9->0(9)
[2020-12-21T12:45:16.026-0500][gc,heap        ] GC(16798) Survivor regions: 1->1(2)
[2020-12-21T12:45:16.026-0500][gc,heap        ] GC(16798) Old regions: 41->41
[2020-12-21T12:45:16.026-0500][gc,heap        ] GC(16798) Humongous regions: 4->4
[2020-12-21T12:45:16.026-0500][gc,metaspace   ] GC(16798) Metaspace: 49949K->49949K(1093632K)
[2020-12-21T12:45:16.026-0500][gc,heap        ] GC(16798) Heap after GC invocations=16799 (full 3410): garbage-first heap   total 64512K, used 43262K [0x0000000083000000, 0x0000000100000000)
[2020-12-21T12:45:16.026-0500][gc,heap        ] GC(16798)   region size 1024K, 1 young (1024K), 1 survivors (1024K)
[2020-12-21T12:45:16.026-0500][gc,heap        ] GC(16798)  Metaspace       used 49949K, capacity 52104K, committed 53632K, reserved 1093632K
[2020-12-21T12:45:16.026-0500][gc,heap        ] GC(16798)   class space    used 7422K, capacity 8193K, committed 8832K, reserved 1048576K
[2020-12-21T12:45:16.026-0500][gc             ] GC(16798) Pause Young (Normal) (G1 Evacuation Pause) 51M->42M(63M) 4.950ms
[2020-12-21T12:45:16.026-0500][gc,cpu         ] GC(16798) User=0.01s Sys=0.00s Real=0.00s
[2020-12-21T12:46:45.189-0500][gc,task        ] GC(16799) Using 5 workers of 8 for full compaction
[2020-12-21T12:46:45.189-0500][gc,start       ] GC(16799) Pause Full (System.gc())
[2020-12-21T12:46:45.189-0500][gc,heap        ] GC(16799) Heap before GC invocations=16799 (full 3410): garbage-first heap   total 64512K, used 49406K [0x0000000083000000, 0x0000000100000000)
[2020-12-21T12:46:45.189-0500][gc,heap        ] GC(16799)   region size 1024K, 9 young (9216K), 1 survivors (1024K)
[2020-12-21T12:46:45.189-0500][gc,heap        ] GC(16799)  Metaspace       used 49949K, capacity 52104K, committed 53632K, reserved 1093632K
[2020-12-21T12:46:45.189-0500][gc,heap        ] GC(16799)   class space    used 7422K, capacity 8193K, committed 8832K, reserved 1048576K
[2020-12-21T12:46:45.189-0500][gc,phases,start] GC(16799) Phase 1: Mark live objects
[2020-12-21T12:46:45.209-0500][gc,stringtable ] GC(16799) Cleaned string and symbol table, strings: 33107 processed, 4 removed, symbols: 120816 processed, 0 removed
[2020-12-21T12:46:45.209-0500][gc,phases      ] GC(16799) Phase 1: Mark live objects 19.572ms
[2020-12-21T12:46:45.209-0500][gc,phases,start] GC(16799) Phase 2: Prepare for compaction
[2020-12-21T12:46:45.212-0500][gc,phases      ] GC(16799) Phase 2: Prepare for compaction 3.287ms
[2020-12-21T12:46:45.212-0500][gc,phases,start] GC(16799) Phase 3: Adjust pointers
[2020-12-21T12:46:45.224-0500][gc,phases      ] GC(16799) Phase 3: Adjust pointers 11.634ms
[2020-12-21T12:46:45.224-0500][gc,phases,start] GC(16799) Phase 4: Compact heap
[2020-12-21T12:46:45.227-0500][gc,phases      ] GC(16799) Phase 4: Compact heap 2.759ms
[2020-12-21T12:46:45.233-0500][gc,heap        ] GC(16799) Eden regions: 8->0(10)
[2020-12-21T12:46:45.233-0500][gc,heap        ] GC(16799) Survivor regions: 1->0(2)
[2020-12-21T12:46:45.233-0500][gc,heap        ] GC(16799) Old regions: 41->41
[2020-12-21T12:46:45.233-0500][gc,heap        ] GC(16799) Humongous regions: 4->4
[2020-12-21T12:46:45.233-0500][gc,metaspace   ] GC(16799) Metaspace: 49949K->49949K(1093632K)
[2020-12-21T12:46:45.233-0500][gc,heap        ] GC(16799) Heap after GC invocations=16800 (full 3411): garbage-first heap   total 64512K, used 43216K [0x0000000083000000, 0x0000000100000000)
[2020-12-21T12:46:45.233-0500][gc,heap        ] GC(16799)   region size 1024K, 0 young (0K), 0 survivors (0K)
[2020-12-21T12:46:45.233-0500][gc,heap        ] GC(16799)  Metaspace       used 49949K, capacity 52104K, committed 53632K, reserved 1093632K
[2020-12-21T12:46:45.233-0500][gc,heap        ] GC(16799)   class space    used 7422K, capacity 8193K, committed 8832K, reserved 1048576K
[2020-12-21T12:46:45.233-0500][gc             ] GC(16799) Pause Full (System.gc()) 49M->42M(63M) 43.957ms
[2020-12-21T12:46:45.233-0500][gc,cpu         ] GC(16799) User=0.17s Sys=0.00s Real=0.04s
[2020-12-21T12:48:41.629-0500][gc,heap        ] GC(16800) Heap before GC invocations=16800 (full 3411): garbage-first heap   total 64512K, used 52432K [0x0000000083000000, 0x0000000100000000)
[2020-12-21T12:48:41.629-0500][gc,heap        ] GC(16800)   region size 1024K, 10 young (10240K), 0 survivors (0K)
[2020-12-21T12:48:41.629-0500][gc,heap        ] GC(16800)  Metaspace       used 49949K, capacity 52104K, committed 53632K, reserved 1093632K
[2020-12-21T12:48:41.629-0500][gc,heap        ] GC(16800)   class space    used 7422K, capacity 8193K, committed 8832K, reserved 1048576K
[2020-12-21T12:48:41.629-0500][gc,start       ] GC(16800) Pause Young (Normal) (G1 Evacuation Pause)
[2020-12-21T12:48:41.629-0500][gc,task        ] GC(16800) Using 8 workers of 8 for evacuation
[2020-12-21T12:48:41.634-0500][gc,phases      ] GC(16800)   Pre Evacuate Collection Set: 0.0ms
[2020-12-21T12:48:41.634-0500][gc,phases      ] GC(16800)   Evacuate Collection Set: 3.5ms
[2020-12-21T12:48:41.634-0500][gc,phases      ] GC(16800)   Post Evacuate Collection Set: 1.6ms
[2020-12-21T12:48:41.634-0500][gc,phases      ] GC(16800)   Other: 0.3ms
[2020-12-21T12:48:41.634-0500][gc,heap        ] GC(16800) Eden regions: 10->0(9)
[2020-12-21T12:48:41.634-0500][gc,heap        ] GC(16800) Survivor regions: 0->1(2)
[2020-12-21T12:48:41.634-0500][gc,heap        ] GC(16800) Old regions: 41->41
[2020-12-21T12:48:41.634-0500][gc,heap        ] GC(16800) Humongous regions: 4->4
[2020-12-21T12:48:41.634-0500][gc,metaspace   ] GC(16800) Metaspace: 49949K->49949K(1093632K)
[2020-12-21T12:48:41.634-0500][gc,heap        ] GC(16800) Heap after GC invocations=16801 (full 3411): garbage-first heap   total 64512K, used 43371K [0x0000000083000000, 0x0000000100000000)
[2020-12-21T12:48:41.634-0500][gc,heap        ] GC(16800)   region size 1024K, 1 young (1024K), 1 survivors (1024K)
[2020-12-21T12:48:41.635-0500][gc,heap        ] GC(16800)  Metaspace       used 49949K, capacity 52104K, committed 53632K, reserved 1093632K
[2020-12-21T12:48:41.635-0500][gc,heap        ] GC(16800)   class space    used 7422K, capacity 8193K, committed 8832K, reserved 1048576K
[2020-12-21T12:48:41.635-0500][gc             ] GC(16800) Pause Young (Normal) (G1 Evacuation Pause) 52M->42M(63M) 5.612ms
[2020-12-21T12:48:41.635-0500][gc,cpu         ] GC(16800) User=0.02s Sys=0.00s Real=0.00s
[2020-12-21T12:50:26.012-0500][gc,heap        ] GC(16801) Heap before GC invocations=16801 (full 3411): garbage-first heap   total 64512K, used 51563K [0x0000000083000000, 0x0000000100000000)
[2020-12-21T12:50:26.013-0500][gc,heap        ] GC(16801)   region size 1024K, 10 young (10240K), 1 survivors (1024K)
[2020-12-21T12:50:26.013-0500][gc,heap        ] GC(16801)  Metaspace       used 49949K, capacity 52104K, committed 53632K, reserved 1093632K
[2020-12-21T12:50:26.013-0500][gc,heap        ] GC(16801)   class space    used 7422K, capacity 8193K, committed 8832K, reserved 1048576K
[2020-12-21T12:50:26.013-0500][gc,start       ] GC(16801) Pause Young (Normal) (G1 Evacuation Pause)
[2020-12-21T12:50:26.013-0500][gc,task        ] GC(16801) Using 8 workers of 8 for evacuation
[2020-12-21T12:50:26.014-0500][gc,phases      ] GC(16801)   Pre Evacuate Collection Set: 0.0ms
[2020-12-21T12:50:26.014-0500][gc,phases      ] GC(16801)   Evacuate Collection Set: 0.6ms
[2020-12-21T12:50:26.014-0500][gc,phases      ] GC(16801)   Post Evacuate Collection Set: 0.9ms
[2020-12-21T12:50:26.014-0500][gc,phases      ] GC(16801)   Other: 0.3ms
[2020-12-21T12:50:26.014-0500][gc,heap        ] GC(16801) Eden regions: 9->0(9)
[2020-12-21T12:50:26.014-0500][gc,heap        ] GC(16801) Survivor regions: 1->1(2)
[2020-12-21T12:50:26.014-0500][gc,heap        ] GC(16801) Old regions: 41->41
[2020-12-21T12:50:26.014-0500][gc,heap        ] GC(16801) Humongous regions: 4->4
[2020-12-21T12:50:26.014-0500][gc,metaspace   ] GC(16801) Metaspace: 49949K->49949K(1093632K)
[2020-12-21T12:50:26.014-0500][gc,heap        ] GC(16801) Heap after GC invocations=16802 (full 3411): garbage-first heap   total 64512K, used 43290K [0x0000000083000000, 0x0000000100000000)
[2020-12-21T12:50:26.014-0500][gc,heap        ] GC(16801)   region size 1024K, 1 young (1024K), 1 survivors (1024K)
[2020-12-21T12:50:26.014-0500][gc,heap        ] GC(16801)  Metaspace       used 49949K, capacity 52104K, committed 53632K, reserved 1093632K
[2020-12-21T12:50:26.014-0500][gc,heap        ] GC(16801)   class space    used 7422K, capacity 8193K, committed 8832K, reserved 1048576K
[2020-12-21T12:50:26.014-0500][gc             ] GC(16801) Pause Young (Normal) (G1 Evacuation Pause) 51M->42M(63M) 1.751ms
[2020-12-21T12:50:26.014-0500][gc,cpu         ] GC(16801) User=0.01s Sys=0.00s Real=0.00s
[2020-12-21T12:51:45.193-0500][gc,task        ] GC(16802) Using 5 workers of 8 for full compaction
[2020-12-21T12:51:45.193-0500][gc,start       ] GC(16802) Pause Full (System.gc())
[2020-12-21T12:51:45.193-0500][gc,heap        ] GC(16802) Heap before GC invocations=16802 (full 3411): garbage-first heap   total 64512K, used 49434K [0x0000000083000000, 0x0000000100000000)
[2020-12-21T12:51:45.193-0500][gc,heap        ] GC(16802)   region size 1024K, 9 young (9216K), 1 survivors (1024K)
[2020-12-21T12:51:45.194-0500][gc,heap        ] GC(16802)  Metaspace       used 49949K, capacity 52104K, committed 53632K, reserved 1093632K
[2020-12-21T12:51:45.194-0500][gc,heap        ] GC(16802)   class space    used 7422K, capacity 8193K, committed 8832K, reserved 1048576K
[2020-12-21T12:51:45.194-0500][gc,phases,start] GC(16802) Phase 1: Mark live objects
[2020-12-21T12:51:45.238-0500][gc,stringtable ] GC(16802) Cleaned string and symbol table, strings: 33107 processed, 4 removed, symbols: 120816 processed, 0 removed
[2020-12-21T12:51:45.238-0500][gc,phases      ] GC(16802) Phase 1: Mark live objects 44.192ms
[2020-12-21T12:51:45.238-0500][gc,phases,start] GC(16802) Phase 2: Prepare for compaction
[2020-12-21T12:51:45.243-0500][gc,phases      ] GC(16802) Phase 2: Prepare for compaction 4.960ms
[2020-12-21T12:51:45.243-0500][gc,phases,start] GC(16802) Phase 3: Adjust pointers
[2020-12-21T12:51:45.254-0500][gc,phases      ] GC(16802) Phase 3: Adjust pointers 10.475ms
[2020-12-21T12:51:45.254-0500][gc,phases,start] GC(16802) Phase 4: Compact heap
[2020-12-21T12:51:45.259-0500][gc,phases      ] GC(16802) Phase 4: Compact heap 5.045ms
[2020-12-21T12:51:45.265-0500][gc,heap        ] GC(16802) Eden regions: 8->0(9)
[2020-12-21T12:51:45.265-0500][gc,heap        ] GC(16802) Survivor regions: 1->0(2)
[2020-12-21T12:51:45.265-0500][gc,heap        ] GC(16802) Old regions: 41->42
[2020-12-21T12:51:45.265-0500][gc,heap        ] GC(16802) Humongous regions: 4->4
[2020-12-21T12:51:45.265-0500][gc,metaspace   ] GC(16802) Metaspace: 49949K->49949K(1093632K)
[2020-12-21T12:51:45.265-0500][gc,heap        ] GC(16802) Heap after GC invocations=16803 (full 3412): garbage-first heap   total 64512K, used 43219K [0x0000000083000000, 0x0000000100000000)
[2020-12-21T12:51:45.265-0500][gc,heap        ] GC(16802)   region size 1024K, 0 young (0K), 0 survivors (0K)
[2020-12-21T12:51:45.265-0500][gc,heap        ] GC(16802)  Metaspace       used 49949K, capacity 52104K, committed 53632K, reserved 1093632K
[2020-12-21T12:51:45.265-0500][gc,heap        ] GC(16802)   class space    used 7422K, capacity 8193K, committed 8832K, reserved 1048576K
[2020-12-21T12:51:45.265-0500][gc             ] GC(16802) Pause Full (System.gc()) 49M->42M(63M) 71.883ms
[2020-12-21T12:51:45.265-0500][gc,cpu         ] GC(16802) User=0.29s Sys=0.00s Real=0.07s
[2020-12-21T12:53:19.026-0500][gc,heap        ] GC(16803) Heap before GC invocations=16803 (full 3412): garbage-first heap   total 64512K, used 52435K [0x0000000083000000, 0x0000000100000000)
[2020-12-21T12:53:19.026-0500][gc,heap        ] GC(16803)   region size 1024K, 9 young (9216K), 0 survivors (0K)
[2020-12-21T12:53:19.026-0500][gc,heap        ] GC(16803)  Metaspace       used 49949K, capacity 52104K, committed 53632K, reserved 1093632K
[2020-12-21T12:53:19.026-0500][gc,heap        ] GC(16803)   class space    used 7422K, capacity 8193K, committed 8832K, reserved 1048576K
[2020-12-21T12:53:19.026-0500][gc,start       ] GC(16803) Pause Young (Normal) (G1 Evacuation Pause)
[2020-12-21T12:53:19.026-0500][gc,task        ] GC(16803) Using 8 workers of 8 for evacuation
[2020-12-21T12:53:19.031-0500][gc,phases      ] GC(16803)   Pre Evacuate Collection Set: 0.0ms
[2020-12-21T12:53:19.031-0500][gc,phases      ] GC(16803)   Evacuate Collection Set: 1.0ms
[2020-12-21T12:53:19.031-0500][gc,phases      ] GC(16803)   Post Evacuate Collection Set: 3.9ms
[2020-12-21T12:53:19.031-0500][gc,phases      ] GC(16803)   Other: 0.3ms
[2020-12-21T12:53:19.031-0500][gc,heap        ] GC(16803) Eden regions: 9->0(8)
[2020-12-21T12:53:19.031-0500][gc,heap        ] GC(16803) Survivor regions: 0->1(2)
[2020-12-21T12:53:19.031-0500][gc,heap        ] GC(16803) Old regions: 42->42
[2020-12-21T12:53:19.031-0500][gc,heap        ] GC(16803) Humongous regions: 4->4
[2020-12-21T12:53:19.031-0500][gc,metaspace   ] GC(16803) Metaspace: 49949K->49949K(1093632K)
[2020-12-21T12:53:19.031-0500][gc,heap        ] GC(16803) Heap after GC invocations=16804 (full 3412): garbage-first heap   total 64512K, used 43285K [0x0000000083000000, 0x0000000100000000)
[2020-12-21T12:53:19.031-0500][gc,heap        ] GC(16803)   region size 1024K, 1 young (1024K), 1 survivors (1024K)
[2020-12-21T12:53:19.031-0500][gc,heap        ] GC(16803)  Metaspace       used 49949K, capacity 52104K, committed 53632K, reserved 1093632K
[2020-12-21T12:53:19.031-0500][gc,heap        ] GC(16803)   class space    used 7422K, capacity 8193K, committed 8832K, reserved 1048576K
[2020-12-21T12:53:19.031-0500][gc             ] GC(16803) Pause Young (Normal) (G1 Evacuation Pause) 51M->42M(63M) 5.147ms
[2020-12-21T12:53:19.031-0500][gc,cpu         ] GC(16803) User=0.03s Sys=0.00s Real=0.01s
[2020-12-21T12:54:56.014-0500][gc,heap        ] GC(16804) Heap before GC invocations=16804 (full 3412): garbage-first heap   total 64512K, used 50453K [0x0000000083000000, 0x0000000100000000)
[2020-12-21T12:54:56.014-0500][gc,heap        ] GC(16804)   region size 1024K, 9 young (9216K), 1 survivors (1024K)
[2020-12-21T12:54:56.014-0500][gc,heap        ] GC(16804)  Metaspace       used 49949K, capacity 52104K, committed 53632K, reserved 1093632K
[2020-12-21T12:54:56.014-0500][gc,heap        ] GC(16804)   class space    used 7422K, capacity 8193K, committed 8832K, reserved 1048576K
[2020-12-21T12:54:56.014-0500][gc,start       ] GC(16804) Pause Young (Normal) (G1 Evacuation Pause)
[2020-12-21T12:54:56.014-0500][gc,task        ] GC(16804) Using 8 workers of 8 for evacuation
[2020-12-21T12:54:56.021-0500][gc,phases      ] GC(16804)   Pre Evacuate Collection Set: 0.0ms
[2020-12-21T12:54:56.021-0500][gc,phases      ] GC(16804)   Evacuate Collection Set: 3.4ms
[2020-12-21T12:54:56.021-0500][gc,phases      ] GC(16804)   Post Evacuate Collection Set: 2.5ms
[2020-12-21T12:54:56.021-0500][gc,phases      ] GC(16804)   Other: 0.5ms
[2020-12-21T12:54:56.021-0500][gc,heap        ] GC(16804) Eden regions: 8->0(8)
[2020-12-21T12:54:56.021-0500][gc,heap        ] GC(16804) Survivor regions: 1->1(2)
[2020-12-21T12:54:56.021-0500][gc,heap        ] GC(16804) Old regions: 42->42
[2020-12-21T12:54:56.021-0500][gc,heap        ] GC(16804) Humongous regions: 4->4
[2020-12-21T12:54:56.021-0500][gc,metaspace   ] GC(16804) Metaspace: 49949K->49949K(1093632K)
[2020-12-21T12:54:56.021-0500][gc,heap        ] GC(16804) Heap after GC invocations=16805 (full 3412): garbage-first heap   total 64512K, used 43287K [0x0000000083000000, 0x0000000100000000)
[2020-12-21T12:54:56.021-0500][gc,heap        ] GC(16804)   region size 1024K, 1 young (1024K), 1 survivors (1024K)
[2020-12-21T12:54:56.021-0500][gc,heap        ] GC(16804)  Metaspace       used 49949K, capacity 52104K, committed 53632K, reserved 1093632K
[2020-12-21T12:54:56.021-0500][gc,heap        ] GC(16804)   class space    used 7422K, capacity 8193K, committed 8832K, reserved 1048576K
[2020-12-21T12:54:56.021-0500][gc             ] GC(16804) Pause Young (Normal) (G1 Evacuation Pause) 50M->42M(63M) 6.710ms
[2020-12-21T12:54:56.021-0500][gc,cpu         ] GC(16804) User=0.02s Sys=0.01s Real=0.01s
[2020-12-21T12:56:26.018-0500][gc,heap        ] GC(16805) Heap before GC invocations=16805 (full 3412): garbage-first heap   total 64512K, used 50455K [0x0000000083000000, 0x0000000100000000)
[2020-12-21T12:56:26.019-0500][gc,heap        ] GC(16805)   region size 1024K, 9 young (9216K), 1 survivors (1024K)
[2020-12-21T12:56:26.019-0500][gc,heap        ] GC(16805)  Metaspace       used 49949K, capacity 52104K, committed 53632K, reserved 1093632K
[2020-12-21T12:56:26.019-0500][gc,heap        ] GC(16805)   class space    used 7422K, capacity 8193K, committed 8832K, reserved 1048576K
[2020-12-21T12:56:26.019-0500][gc,start       ] GC(16805) Pause Young (Normal) (G1 Evacuation Pause)
[2020-12-21T12:56:26.019-0500][gc,task        ] GC(16805) Using 8 workers of 8 for evacuation
[2020-12-21T12:56:26.023-0500][gc,phases      ] GC(16805)   Pre Evacuate Collection Set: 0.1ms
[2020-12-21T12:56:26.024-0500][gc,phases      ] GC(16805)   Evacuate Collection Set: 1.5ms
[2020-12-21T12:56:26.024-0500][gc,phases      ] GC(16805)   Post Evacuate Collection Set: 2.8ms
[2020-12-21T12:56:26.024-0500][gc,phases      ] GC(16805)   Other: 0.7ms
[2020-12-21T12:56:26.024-0500][gc,heap        ] GC(16805) Eden regions: 8->0(8)
[2020-12-21T12:56:26.024-0500][gc,heap        ] GC(16805) Survivor regions: 1->1(2)
[2020-12-21T12:56:26.024-0500][gc,heap        ] GC(16805) Old regions: 42->42
[2020-12-21T12:56:26.024-0500][gc,heap        ] GC(16805) Humongous regions: 4->4
[2020-12-21T12:56:26.024-0500][gc,metaspace   ] GC(16805) Metaspace: 49949K->49949K(1093632K)
[2020-12-21T12:56:26.024-0500][gc,heap        ] GC(16805) Heap after GC invocations=16806 (full 3412): garbage-first heap   total 64512K, used 43271K [0x0000000083000000, 0x0000000100000000)
[2020-12-21T12:56:26.024-0500][gc,heap        ] GC(16805)   region size 1024K, 1 young (1024K), 1 survivors (1024K)
[2020-12-21T12:56:26.024-0500][gc,heap        ] GC(16805)  Metaspace       used 49949K, capacity 52104K, committed 53632K, reserved 1093632K
[2020-12-21T12:56:26.024-0500][gc,heap        ] GC(16805)   class space    used 7422K, capacity 8193K, committed 8832K, reserved 1048576K
[2020-12-21T12:56:26.024-0500][gc             ] GC(16805) Pause Young (Normal) (G1 Evacuation Pause) 50M->42M(63M) 5.201ms
[2020-12-21T12:56:26.024-0500][gc,cpu         ] GC(16805) User=0.01s Sys=0.01s Real=0.00s
[2020-12-21T12:56:45.189-0500][gc,task        ] GC(16806) Using 5 workers of 8 for full compaction
[2020-12-21T12:56:45.189-0500][gc,start       ] GC(16806) Pause Full (System.gc())
[2020-12-21T12:56:45.189-0500][gc,heap        ] GC(16806) Heap before GC invocations=16806 (full 3412): garbage-first heap   total 64512K, used 44295K [0x0000000083000000, 0x0000000100000000)
[2020-12-21T12:56:45.189-0500][gc,heap        ] GC(16806)   region size 1024K, 3 young (3072K), 1 survivors (1024K)
[2020-12-21T12:56:45.189-0500][gc,heap        ] GC(16806)  Metaspace       used 49949K, capacity 52104K, committed 53632K, reserved 1093632K
[2020-12-21T12:56:45.189-0500][gc,heap        ] GC(16806)   class space    used 7422K, capacity 8193K, committed 8832K, reserved 1048576K
[2020-12-21T12:56:45.190-0500][gc,phases,start] GC(16806) Phase 1: Mark live objects
[2020-12-21T12:56:45.228-0500][gc,stringtable ] GC(16806) Cleaned string and symbol table, strings: 33107 processed, 4 removed, symbols: 120816 processed, 0 removed
[2020-12-21T12:56:45.228-0500][gc,phases      ] GC(16806) Phase 1: Mark live objects 38.634ms
[2020-12-21T12:56:45.228-0500][gc,phases,start] GC(16806) Phase 2: Prepare for compaction
[2020-12-21T12:56:45.233-0500][gc,phases      ] GC(16806) Phase 2: Prepare for compaction 4.764ms
[2020-12-21T12:56:45.233-0500][gc,phases,start] GC(16806) Phase 3: Adjust pointers
[2020-12-21T12:56:45.247-0500][gc,phases      ] GC(16806) Phase 3: Adjust pointers 13.672ms
[2020-12-21T12:56:45.247-0500][gc,phases,start] GC(16806) Phase 4: Compact heap
[2020-12-21T12:56:45.250-0500][gc,phases      ] GC(16806) Phase 4: Compact heap 2.845ms
[2020-12-21T12:56:45.256-0500][gc,heap        ] GC(16806) Eden regions: 2->0(11)
[2020-12-21T12:56:45.256-0500][gc,heap        ] GC(16806) Survivor regions: 1->0(2)
[2020-12-21T12:56:45.256-0500][gc,heap        ] GC(16806) Old regions: 42->40
[2020-12-21T12:56:45.256-0500][gc,heap        ] GC(16806) Humongous regions: 4->4
[2020-12-21T12:56:45.256-0500][gc,metaspace   ] GC(16806) Metaspace: 49949K->49949K(1093632K)
[2020-12-21T12:56:45.256-0500][gc,heap        ] GC(16806) Heap after GC invocations=16807 (full 3413): garbage-first heap   total 64512K, used 43198K [0x0000000083000000, 0x0000000100000000)
[2020-12-21T12:56:45.256-0500][gc,heap        ] GC(16806)   region size 1024K, 0 young (0K), 0 survivors (0K)
[2020-12-21T12:56:45.256-0500][gc,heap        ] GC(16806)  Metaspace       used 49949K, capacity 52104K, committed 53632K, reserved 1093632K
[2020-12-21T12:56:45.256-0500][gc,heap        ] GC(16806)   class space    used 7422K, capacity 8193K, committed 8832K, reserved 1048576K
[2020-12-21T12:56:45.256-0500][gc             ] GC(16806) Pause Full (System.gc()) 43M->42M(63M) 67.033ms
[2020-12-21T12:56:45.256-0500][gc,cpu         ] GC(16806) User=0.28s Sys=0.00s Real=0.06s
[2020-12-21T12:58:48.278-0500][gc,heap        ] GC(16807) Heap before GC invocations=16807 (full 3413): garbage-first heap   total 64512K, used 53438K [0x0000000083000000, 0x0000000100000000)
[2020-12-21T12:58:48.278-0500][gc,heap        ] GC(16807)   region size 1024K, 11 young (11264K), 0 survivors (0K)
[2020-12-21T12:58:48.278-0500][gc,heap        ] GC(16807)  Metaspace       used 49949K, capacity 52104K, committed 53632K, reserved 1093632K
[2020-12-21T12:58:48.278-0500][gc,heap        ] GC(16807)   class space    used 7422K, capacity 8193K, committed 8832K, reserved 1048576K
[2020-12-21T12:58:48.278-0500][gc,start       ] GC(16807) Pause Young (Normal) (G1 Evacuation Pause)
[2020-12-21T12:58:48.278-0500][gc,task        ] GC(16807) Using 8 workers of 8 for evacuation
[2020-12-21T12:58:48.281-0500][gc,phases      ] GC(16807)   Pre Evacuate Collection Set: 0.0ms
[2020-12-21T12:58:48.281-0500][gc,phases      ] GC(16807)   Evacuate Collection Set: 1.2ms
[2020-12-21T12:58:48.281-0500][gc,phases      ] GC(16807)   Post Evacuate Collection Set: 1.4ms
[2020-12-21T12:58:48.281-0500][gc,phases      ] GC(16807)   Other: 0.4ms
[2020-12-21T12:58:48.281-0500][gc,heap        ] GC(16807) Eden regions: 11->0(10)
[2020-12-21T12:58:48.281-0500][gc,heap        ] GC(16807) Survivor regions: 0->1(2)
[2020-12-21T12:58:48.281-0500][gc,heap        ] GC(16807) Old regions: 40->40
[2020-12-21T12:58:48.281-0500][gc,heap        ] GC(16807) Humongous regions: 4->4
[2020-12-21T12:58:48.281-0500][gc,metaspace   ] GC(16807) Metaspace: 49949K->49949K(1093632K)
[2020-12-21T12:58:48.281-0500][gc,heap        ] GC(16807) Heap after GC invocations=16808 (full 3413): garbage-first heap   total 64512K, used 43246K [0x0000000083000000, 0x0000000100000000)
[2020-12-21T12:58:48.282-0500][gc,heap        ] GC(16807)   region size 1024K, 1 young (1024K), 1 survivors (1024K)
[2020-12-21T12:58:48.282-0500][gc,heap        ] GC(16807)  Metaspace       used 49949K, capacity 52104K, committed 53632K, reserved 1093632K
[2020-12-21T12:58:48.282-0500][gc,heap        ] GC(16807)   class space    used 7422K, capacity 8193K, committed 8832K, reserved 1048576K
[2020-12-21T12:58:48.282-0500][gc             ] GC(16807) Pause Young (Normal) (G1 Evacuation Pause) 53M->42M(63M) 3.354ms
[2020-12-21T12:58:48.283-0500][gc,cpu         ] GC(16807) User=0.00s Sys=0.00s Real=0.00s
[2020-12-21T13:00:43.843-0500][gc,heap        ] GC(16808) Heap before GC invocations=16808 (full 3413): garbage-first heap   total 64512K, used 53486K [0x0000000083000000, 0x0000000100000000)
[2020-12-21T13:00:43.843-0500][gc,heap        ] GC(16808)   region size 1024K, 11 young (11264K), 1 survivors (1024K)
[2020-12-21T13:00:43.843-0500][gc,heap        ] GC(16808)  Metaspace       used 49949K, capacity 52104K, committed 53632K, reserved 1093632K
[2020-12-21T13:00:43.843-0500][gc,heap        ] GC(16808)   class space    used 7422K, capacity 8193K, committed 8832K, reserved 1048576K
[2020-12-21T13:00:43.843-0500][gc,start       ] GC(16808) Pause Young (Normal) (G1 Evacuation Pause)
[2020-12-21T13:00:43.843-0500][gc,task        ] GC(16808) Using 8 workers of 8 for evacuation
[2020-12-21T13:00:43.845-0500][gc,phases      ] GC(16808)   Pre Evacuate Collection Set: 0.0ms
[2020-12-21T13:00:43.845-0500][gc,phases      ] GC(16808)   Evacuate Collection Set: 0.7ms
[2020-12-21T13:00:43.845-0500][gc,phases      ] GC(16808)   Post Evacuate Collection Set: 1.5ms
[2020-12-21T13:00:43.845-0500][gc,phases      ] GC(16808)   Other: 0.2ms
[2020-12-21T13:00:43.845-0500][gc,heap        ] GC(16808) Eden regions: 10->0(10)
[2020-12-21T13:00:43.846-0500][gc,heap        ] GC(16808) Survivor regions: 1->1(2)
[2020-12-21T13:00:43.846-0500][gc,heap        ] GC(16808) Old regions: 40->40
[2020-12-21T13:00:43.846-0500][gc,heap        ] GC(16808) Humongous regions: 4->4
[2020-12-21T13:00:43.846-0500][gc,metaspace   ] GC(16808) Metaspace: 49949K->49949K(1093632K)
[2020-12-21T13:00:43.846-0500][gc,heap        ] GC(16808) Heap after GC invocations=16809 (full 3413): garbage-first heap   total 64512K, used 43393K [0x0000000083000000, 0x0000000100000000)
[2020-12-21T13:00:43.846-0500][gc,heap        ] GC(16808)   region size 1024K, 1 young (1024K), 1 survivors (1024K)
[2020-12-21T13:00:43.846-0500][gc,heap        ] GC(16808)  Metaspace       used 49949K, capacity 52104K, committed 53632K, reserved 1093632K
[2020-12-21T13:00:43.846-0500][gc,heap        ] GC(16808)   class space    used 7422K, capacity 8193K, committed 8832K, reserved 1048576K
[2020-12-21T13:00:43.846-0500][gc             ] GC(16808) Pause Young (Normal) (G1 Evacuation Pause) 52M->42M(63M) 2.470ms
[2020-12-21T13:00:43.846-0500][gc,cpu         ] GC(16808) User=0.00s Sys=0.00s Real=0.00s
[2020-12-21T13:01:45.191-0500][gc,task        ] GC(16809) Using 5 workers of 8 for full compaction
[2020-12-21T13:01:45.191-0500][gc,start       ] GC(16809) Pause Full (System.gc())
[2020-12-21T13:01:45.191-0500][gc,heap        ] GC(16809) Heap before GC invocations=16809 (full 3413): garbage-first heap   total 64512K, used 47489K [0x0000000083000000, 0x0000000100000000)
[2020-12-21T13:01:45.191-0500][gc,heap        ] GC(16809)   region size 1024K, 7 young (7168K), 1 survivors (1024K)
[2020-12-21T13:01:45.191-0500][gc,heap        ] GC(16809)  Metaspace       used 49949K, capacity 52104K, committed 53632K, reserved 1093632K
[2020-12-21T13:01:45.191-0500][gc,heap        ] GC(16809)   class space    used 7422K, capacity 8193K, committed 8832K, reserved 1048576K
[2020-12-21T13:01:45.191-0500][gc,phases,start] GC(16809) Phase 1: Mark live objects
[2020-12-21T13:01:45.218-0500][gc,stringtable ] GC(16809) Cleaned string and symbol table, strings: 33107 processed, 4 removed, symbols: 120816 processed, 0 removed
[2020-12-21T13:01:45.218-0500][gc,phases      ] GC(16809) Phase 1: Mark live objects 26.807ms
[2020-12-21T13:01:45.218-0500][gc,phases,start] GC(16809) Phase 2: Prepare for compaction
[2020-12-21T13:01:45.222-0500][gc,phases      ] GC(16809) Phase 2: Prepare for compaction 3.468ms
[2020-12-21T13:01:45.222-0500][gc,phases,start] GC(16809) Phase 3: Adjust pointers
[2020-12-21T13:01:45.232-0500][gc,phases      ] GC(16809) Phase 3: Adjust pointers 10.709ms
[2020-12-21T13:01:45.233-0500][gc,phases,start] GC(16809) Phase 4: Compact heap
[2020-12-21T13:01:45.235-0500][gc,phases      ] GC(16809) Phase 4: Compact heap 2.490ms
[2020-12-21T13:01:45.241-0500][gc,heap        ] GC(16809) Eden regions: 6->0(10)
[2020-12-21T13:01:45.241-0500][gc,heap        ] GC(16809) Survivor regions: 1->0(2)
[2020-12-21T13:01:45.241-0500][gc,heap        ] GC(16809) Old regions: 40->41
[2020-12-21T13:01:45.241-0500][gc,heap        ] GC(16809) Humongous regions: 4->4
[2020-12-21T13:01:45.241-0500][gc,metaspace   ] GC(16809) Metaspace: 49949K->49949K(1093632K)
[2020-12-21T13:01:45.241-0500][gc,heap        ] GC(16809) Heap after GC invocations=16810 (full 3414): garbage-first heap   total 64512K, used 43214K [0x0000000083000000, 0x0000000100000000)
[2020-12-21T13:01:45.242-0500][gc,heap        ] GC(16809)   region size 1024K, 0 young (0K), 0 survivors (0K)
[2020-12-21T13:01:45.242-0500][gc,heap        ] GC(16809)  Metaspace       used 49949K, capacity 52104K, committed 53632K, reserved 1093632K
[2020-12-21T13:01:45.242-0500][gc,heap        ] GC(16809)   class space    used 7422K, capacity 8193K, committed 8832K, reserved 1048576K
[2020-12-21T13:01:45.242-0500][gc             ] GC(16809) Pause Full (System.gc()) 47M->42M(63M) 50.494ms
[2020-12-21T13:01:45.242-0500][gc,cpu         ] GC(16809) User=0.20s Sys=0.00s Real=0.05s
[2020-12-21T13:03:44.325-0500][gc,heap        ] GC(16810) Heap before GC invocations=16810 (full 3414): garbage-first heap   total 64512K, used 52430K [0x0000000083000000, 0x0000000100000000)
[2020-12-21T13:03:44.326-0500][gc,heap        ] GC(16810)   region size 1024K, 10 young (10240K), 0 survivors (0K)
[2020-12-21T13:03:44.326-0500][gc,heap        ] GC(16810)  Metaspace       used 49949K, capacity 52104K, committed 53632K, reserved 1093632K
[2020-12-21T13:03:44.326-0500][gc,heap        ] GC(16810)   class space    used 7422K, capacity 8193K, committed 8832K, reserved 1048576K
[2020-12-21T13:03:44.326-0500][gc,start       ] GC(16810) Pause Young (Normal) (G1 Evacuation Pause)
[2020-12-21T13:03:44.326-0500][gc,task        ] GC(16810) Using 8 workers of 8 for evacuation
[2020-12-21T13:03:44.327-0500][gc,phases      ] GC(16810)   Pre Evacuate Collection Set: 0.0ms
[2020-12-21T13:03:44.327-0500][gc,phases      ] GC(16810)   Evacuate Collection Set: 0.7ms
[2020-12-21T13:03:44.327-0500][gc,phases      ] GC(16810)   Post Evacuate Collection Set: 1.0ms
[2020-12-21T13:03:44.327-0500][gc,phases      ] GC(16810)   Other: 0.2ms
[2020-12-21T13:03:44.328-0500][gc,heap        ] GC(16810) Eden regions: 10->0(9)
[2020-12-21T13:03:44.328-0500][gc,heap        ] GC(16810) Survivor regions: 0->1(2)
[2020-12-21T13:03:44.328-0500][gc,heap        ] GC(16810) Old regions: 41->41
[2020-12-21T13:03:44.328-0500][gc,heap        ] GC(16810) Humongous regions: 4->4
[2020-12-21T13:03:44.328-0500][gc,metaspace   ] GC(16810) Metaspace: 49949K->49949K(1093632K)
[2020-12-21T13:03:44.328-0500][gc,heap        ] GC(16810) Heap after GC invocations=16811 (full 3414): garbage-first heap   total 64512K, used 43309K [0x0000000083000000, 0x0000000100000000)
[2020-12-21T13:03:44.328-0500][gc,heap        ] GC(16810)   region size 1024K, 1 young (1024K), 1 survivors (1024K)
[2020-12-21T13:03:44.328-0500][gc,heap        ] GC(16810)  Metaspace       used 49949K, capacity 52104K, committed 53632K, reserved 1093632K
[2020-12-21T13:03:44.328-0500][gc,heap        ] GC(16810)   class space    used 7422K, capacity 8193K, committed 8832K, reserved 1048576K
[2020-12-21T13:03:44.328-0500][gc             ] GC(16810) Pause Young (Normal) (G1 Evacuation Pause) 52M->42M(63M) 1.997ms
[2020-12-21T13:03:44.328-0500][gc,cpu         ] GC(16810) User=0.00s Sys=0.01s Real=0.00s
[2020-12-21T13:05:26.013-0500][gc,heap        ] GC(16811) Heap before GC invocations=16811 (full 3414): garbage-first heap   total 64512K, used 51501K [0x0000000083000000, 0x0000000100000000)
[2020-12-21T13:05:26.013-0500][gc,heap        ] GC(16811)   region size 1024K, 10 young (10240K), 1 survivors (1024K)
[2020-12-21T13:05:26.013-0500][gc,heap        ] GC(16811)  Metaspace       used 49949K, capacity 52104K, committed 53632K, reserved 1093632K
[2020-12-21T13:05:26.013-0500][gc,heap        ] GC(16811)   class space    used 7422K, capacity 8193K, committed 8832K, reserved 1048576K
[2020-12-21T13:05:26.013-0500][gc,start       ] GC(16811) Pause Young (Normal) (G1 Evacuation Pause)
[2020-12-21T13:05:26.013-0500][gc,task        ] GC(16811) Using 8 workers of 8 for evacuation
[2020-12-21T13:05:26.020-0500][gc,phases      ] GC(16811)   Pre Evacuate Collection Set: 0.0ms
[2020-12-21T13:05:26.020-0500][gc,phases      ] GC(16811)   Evacuate Collection Set: 4.2ms
[2020-12-21T13:05:26.020-0500][gc,phases      ] GC(16811)   Post Evacuate Collection Set: 2.2ms
[2020-12-21T13:05:26.020-0500][gc,phases      ] GC(16811)   Other: 0.7ms
[2020-12-21T13:05:26.020-0500][gc,heap        ] GC(16811) Eden regions: 9->0(9)
[2020-12-21T13:05:26.020-0500][gc,heap        ] GC(16811) Survivor regions: 1->1(2)
[2020-12-21T13:05:26.020-0500][gc,heap        ] GC(16811) Old regions: 41->41
[2020-12-21T13:05:26.020-0500][gc,heap        ] GC(16811) Humongous regions: 4->4
[2020-12-21T13:05:26.020-0500][gc,metaspace   ] GC(16811) Metaspace: 49949K->49949K(1093632K)
[2020-12-21T13:05:26.020-0500][gc,heap        ] GC(16811) Heap after GC invocations=16812 (full 3414): garbage-first heap   total 64512K, used 43267K [0x0000000083000000, 0x0000000100000000)
[2020-12-21T13:05:26.020-0500][gc,heap        ] GC(16811)   region size 1024K, 1 young (1024K), 1 survivors (1024K)
[2020-12-21T13:05:26.020-0500][gc,heap        ] GC(16811)  Metaspace       used 49949K, capacity 52104K, committed 53632K, reserved 1093632K
[2020-12-21T13:05:26.020-0500][gc,heap        ] GC(16811)   class space    used 7422K, capacity 8193K, committed 8832K, reserved 1048576K
[2020-12-21T13:05:26.020-0500][gc             ] GC(16811) Pause Young (Normal) (G1 Evacuation Pause) 51M->42M(63M) 7.340ms
[2020-12-21T13:05:26.020-0500][gc,cpu         ] GC(16811) User=0.03s Sys=0.00s Real=0.01s
[2020-12-21T13:06:45.191-0500][gc,task        ] GC(16812) Using 5 workers of 8 for full compaction
[2020-12-21T13:06:45.191-0500][gc,start       ] GC(16812) Pause Full (System.gc())
[2020-12-21T13:06:45.191-0500][gc,heap        ] GC(16812) Heap before GC invocations=16812 (full 3414): garbage-first heap   total 64512K, used 49411K [0x0000000083000000, 0x0000000100000000)
[2020-12-21T13:06:45.191-0500][gc,heap        ] GC(16812)   region size 1024K, 9 young (9216K), 1 survivors (1024K)
[2020-12-21T13:06:45.191-0500][gc,heap        ] GC(16812)  Metaspace       used 49949K, capacity 52104K, committed 53632K, reserved 1093632K
[2020-12-21T13:06:45.191-0500][gc,heap        ] GC(16812)   class space    used 7422K, capacity 8193K, committed 8832K, reserved 1048576K
[2020-12-21T13:06:45.191-0500][gc,phases,start] GC(16812) Phase 1: Mark live objects
[2020-12-21T13:06:45.224-0500][gc,stringtable ] GC(16812) Cleaned string and symbol table, strings: 33107 processed, 4 removed, symbols: 120816 processed, 0 removed
[2020-12-21T13:06:45.224-0500][gc,phases      ] GC(16812) Phase 1: Mark live objects 32.521ms
[2020-12-21T13:06:45.224-0500][gc,phases,start] GC(16812) Phase 2: Prepare for compaction
[2020-12-21T13:06:45.227-0500][gc,phases      ] GC(16812) Phase 2: Prepare for compaction 3.534ms
[2020-12-21T13:06:45.227-0500][gc,phases,start] GC(16812) Phase 3: Adjust pointers
[2020-12-21T13:06:45.239-0500][gc,phases      ] GC(16812) Phase 3: Adjust pointers 11.556ms
[2020-12-21T13:06:45.239-0500][gc,phases,start] GC(16812) Phase 4: Compact heap
[2020-12-21T13:06:45.243-0500][gc,phases      ] GC(16812) Phase 4: Compact heap 3.543ms
[2020-12-21T13:06:45.249-0500][gc,heap        ] GC(16812) Eden regions: 8->0(10)
[2020-12-21T13:06:45.249-0500][gc,heap        ] GC(16812) Survivor regions: 1->0(2)
[2020-12-21T13:06:45.249-0500][gc,heap        ] GC(16812) Old regions: 41->41
[2020-12-21T13:06:45.249-0500][gc,heap        ] GC(16812) Humongous regions: 4->4
[2020-12-21T13:06:45.249-0500][gc,metaspace   ] GC(16812) Metaspace: 49949K->49949K(1093632K)
[2020-12-21T13:06:45.249-0500][gc,heap        ] GC(16812) Heap after GC invocations=16813 (full 3415): garbage-first heap   total 64512K, used 43223K [0x0000000083000000, 0x0000000100000000)
[2020-12-21T13:06:45.249-0500][gc,heap        ] GC(16812)   region size 1024K, 0 young (0K), 0 survivors (0K)
[2020-12-21T13:06:45.249-0500][gc,heap        ] GC(16812)  Metaspace       used 49949K, capacity 52104K, committed 53632K, reserved 1093632K
[2020-12-21T13:06:45.249-0500][gc,heap        ] GC(16812)   class space    used 7422K, capacity 8193K, committed 8832K, reserved 1048576K
[2020-12-21T13:06:45.249-0500][gc             ] GC(16812) Pause Full (System.gc()) 49M->42M(63M) 58.533ms
[2020-12-21T13:06:45.249-0500][gc,cpu         ] GC(16812) User=0.24s Sys=0.00s Real=0.06s
[2020-12-21T13:08:45.166-0500][gc,heap        ] GC(16813) Heap before GC invocations=16813 (full 3415): garbage-first heap   total 64512K, used 52439K [0x0000000083000000, 0x0000000100000000)
[2020-12-21T13:08:45.166-0500][gc,heap        ] GC(16813)   region size 1024K, 10 young (10240K), 0 survivors (0K)
[2020-12-21T13:08:45.166-0500][gc,heap        ] GC(16813)  Metaspace       used 49949K, capacity 52104K, committed 53632K, reserved 1093632K
[2020-12-21T13:08:45.166-0500][gc,heap        ] GC(16813)   class space    used 7422K, capacity 8193K, committed 8832K, reserved 1048576K
[2020-12-21T13:08:45.166-0500][gc,start       ] GC(16813) Pause Young (Normal) (G1 Evacuation Pause)
[2020-12-21T13:08:45.166-0500][gc,task        ] GC(16813) Using 8 workers of 8 for evacuation
[2020-12-21T13:08:45.169-0500][gc,phases      ] GC(16813)   Pre Evacuate Collection Set: 0.0ms
[2020-12-21T13:08:45.169-0500][gc,phases      ] GC(16813)   Evacuate Collection Set: 0.8ms
[2020-12-21T13:08:45.169-0500][gc,phases      ] GC(16813)   Post Evacuate Collection Set: 1.4ms
[2020-12-21T13:08:45.169-0500][gc,phases      ] GC(16813)   Other: 0.3ms
[2020-12-21T13:08:45.169-0500][gc,heap        ] GC(16813) Eden regions: 10->0(9)
[2020-12-21T13:08:45.169-0500][gc,heap        ] GC(16813) Survivor regions: 0->1(2)
[2020-12-21T13:08:45.169-0500][gc,heap        ] GC(16813) Old regions: 41->41
[2020-12-21T13:08:45.169-0500][gc,heap        ] GC(16813) Humongous regions: 4->4
[2020-12-21T13:08:45.169-0500][gc,metaspace   ] GC(16813) Metaspace: 49949K->49949K(1093632K)
[2020-12-21T13:08:45.169-0500][gc,heap        ] GC(16813) Heap after GC invocations=16814 (full 3415): garbage-first heap   total 64512K, used 43326K [0x0000000083000000, 0x0000000100000000)
[2020-12-21T13:08:45.169-0500][gc,heap        ] GC(16813)   region size 1024K, 1 young (1024K), 1 survivors (1024K)
[2020-12-21T13:08:45.169-0500][gc,heap        ] GC(16813)  Metaspace       used 49949K, capacity 52104K, committed 53632K, reserved 1093632K
[2020-12-21T13:08:45.169-0500][gc,heap        ] GC(16813)   class space    used 7422K, capacity 8193K, committed 8832K, reserved 1048576K
[2020-12-21T13:08:45.169-0500][gc             ] GC(16813) Pause Young (Normal) (G1 Evacuation Pause) 52M->42M(63M) 2.583ms
[2020-12-21T13:08:45.169-0500][gc,cpu         ] GC(16813) User=0.01s Sys=0.00s Real=0.01s
[2020-12-21T13:10:16.012-0500][gc,heap        ] GC(16814) Heap before GC invocations=16814 (full 3415): garbage-first heap   total 64512K, used 51518K [0x0000000083000000, 0x0000000100000000)
[2020-12-21T13:10:16.012-0500][gc,heap        ] GC(16814)   region size 1024K, 10 young (10240K), 1 survivors (1024K)
[2020-12-21T13:10:16.012-0500][gc,heap        ] GC(16814)  Metaspace       used 49949K, capacity 52104K, committed 53632K, reserved 1093632K
[2020-12-21T13:10:16.012-0500][gc,heap        ] GC(16814)   class space    used 7422K, capacity 8193K, committed 8832K, reserved 1048576K
[2020-12-21T13:10:16.012-0500][gc,start       ] GC(16814) Pause Young (Normal) (G1 Evacuation Pause)
[2020-12-21T13:10:16.012-0500][gc,task        ] GC(16814) Using 8 workers of 8 for evacuation
[2020-12-21T13:10:16.014-0500][gc,phases      ] GC(16814)   Pre Evacuate Collection Set: 0.0ms
[2020-12-21T13:10:16.014-0500][gc,phases      ] GC(16814)   Evacuate Collection Set: 0.7ms
[2020-12-21T13:10:16.014-0500][gc,phases      ] GC(16814)   Post Evacuate Collection Set: 1.2ms
[2020-12-21T13:10:16.014-0500][gc,phases      ] GC(16814)   Other: 0.2ms
[2020-12-21T13:10:16.014-0500][gc,heap        ] GC(16814) Eden regions: 9->0(9)
[2020-12-21T13:10:16.014-0500][gc,heap        ] GC(16814) Survivor regions: 1->1(2)
[2020-12-21T13:10:16.014-0500][gc,heap        ] GC(16814) Old regions: 41->41
[2020-12-21T13:10:16.014-0500][gc,heap        ] GC(16814) Humongous regions: 4->4
[2020-12-21T13:10:16.014-0500][gc,metaspace   ] GC(16814) Metaspace: 49949K->49949K(1093632K)
[2020-12-21T13:10:16.014-0500][gc,heap        ] GC(16814) Heap after GC invocations=16815 (full 3415): garbage-first heap   total 64512K, used 43302K [0x0000000083000000, 0x0000000100000000)
[2020-12-21T13:10:16.014-0500][gc,heap        ] GC(16814)   region size 1024K, 1 young (1024K), 1 survivors (1024K)
[2020-12-21T13:10:16.014-0500][gc,heap        ] GC(16814)  Metaspace       used 49949K, capacity 52104K, committed 53632K, reserved 1093632K
[2020-12-21T13:10:16.014-0500][gc,heap        ] GC(16814)   class space    used 7422K, capacity 8193K, committed 8832K, reserved 1048576K
[2020-12-21T13:10:16.014-0500][gc             ] GC(16814) Pause Young (Normal) (G1 Evacuation Pause) 51M->42M(63M) 2.152ms
[2020-12-21T13:10:16.014-0500][gc,cpu         ] GC(16814) User=0.01s Sys=0.00s Real=0.00s
[2020-12-21T13:11:45.190-0500][gc,task        ] GC(16815) Using 5 workers of 8 for full compaction
[2020-12-21T13:11:45.190-0500][gc,start       ] GC(16815) Pause Full (System.gc())
[2020-12-21T13:11:45.190-0500][gc,heap        ] GC(16815) Heap before GC invocations=16815 (full 3415): garbage-first heap   total 64512K, used 49446K [0x0000000083000000, 0x0000000100000000)
[2020-12-21T13:11:45.190-0500][gc,heap        ] GC(16815)   region size 1024K, 9 young (9216K), 1 survivors (1024K)
[2020-12-21T13:11:45.190-0500][gc,heap        ] GC(16815)  Metaspace       used 49949K, capacity 52104K, committed 53632K, reserved 1093632K
[2020-12-21T13:11:45.190-0500][gc,heap        ] GC(16815)   class space    used 7422K, capacity 8193K, committed 8832K, reserved 1048576K
[2020-12-21T13:11:45.190-0500][gc,phases,start] GC(16815) Phase 1: Mark live objects
[2020-12-21T13:11:45.231-0500][gc,stringtable ] GC(16815) Cleaned string and symbol table, strings: 33107 processed, 4 removed, symbols: 120816 processed, 0 removed
[2020-12-21T13:11:45.231-0500][gc,phases      ] GC(16815) Phase 1: Mark live objects 40.277ms
[2020-12-21T13:11:45.231-0500][gc,phases,start] GC(16815) Phase 2: Prepare for compaction
[2020-12-21T13:11:45.235-0500][gc,phases      ] GC(16815) Phase 2: Prepare for compaction 3.734ms
[2020-12-21T13:11:45.235-0500][gc,phases,start] GC(16815) Phase 3: Adjust pointers
[2020-12-21T13:11:45.246-0500][gc,phases      ] GC(16815) Phase 3: Adjust pointers 11.642ms
[2020-12-21T13:11:45.246-0500][gc,phases,start] GC(16815) Phase 4: Compact heap
[2020-12-21T13:11:45.249-0500][gc,phases      ] GC(16815) Phase 4: Compact heap 2.689ms
[2020-12-21T13:11:45.255-0500][gc,heap        ] GC(16815) Eden regions: 8->0(8)
[2020-12-21T13:11:45.255-0500][gc,heap        ] GC(16815) Survivor regions: 1->0(2)
[2020-12-21T13:11:45.255-0500][gc,heap        ] GC(16815) Old regions: 41->43
[2020-12-21T13:11:45.255-0500][gc,heap        ] GC(16815) Humongous regions: 4->4
[2020-12-21T13:11:45.255-0500][gc,metaspace   ] GC(16815) Metaspace: 49949K->49949K(1093632K)
[2020-12-21T13:11:45.255-0500][gc,heap        ] GC(16815) Heap after GC invocations=16816 (full 3416): garbage-first heap   total 64512K, used 43229K [0x0000000083000000, 0x0000000100000000)
[2020-12-21T13:11:45.255-0500][gc,heap        ] GC(16815)   region size 1024K, 0 young (0K), 0 survivors (0K)
[2020-12-21T13:11:45.255-0500][gc,heap        ] GC(16815)  Metaspace       used 49949K, capacity 52104K, committed 53632K, reserved 1093632K
[2020-12-21T13:11:45.255-0500][gc,heap        ] GC(16815)   class space    used 7422K, capacity 8193K, committed 8832K, reserved 1048576K
[2020-12-21T13:11:45.255-0500][gc             ] GC(16815) Pause Full (System.gc()) 49M->42M(63M) 65.354ms
[2020-12-21T13:11:45.255-0500][gc,cpu         ] GC(16815) User=0.28s Sys=0.00s Real=0.06s
[2020-12-21T13:13:15.274-0500][gc,heap        ] GC(16816) Heap before GC invocations=16816 (full 3416): garbage-first heap   total 64512K, used 51421K [0x0000000083000000, 0x0000000100000000)
[2020-12-21T13:13:15.274-0500][gc,heap        ] GC(16816)   region size 1024K, 8 young (8192K), 0 survivors (0K)
[2020-12-21T13:13:15.274-0500][gc,heap        ] GC(16816)  Metaspace       used 49949K, capacity 52104K, committed 53632K, reserved 1093632K
[2020-12-21T13:13:15.274-0500][gc,heap        ] GC(16816)   class space    used 7422K, capacity 8193K, committed 8832K, reserved 1048576K
[2020-12-21T13:13:15.274-0500][gc,start       ] GC(16816) Pause Young (Normal) (G1 Evacuation Pause)
[2020-12-21T13:13:15.274-0500][gc,task        ] GC(16816) Using 8 workers of 8 for evacuation
[2020-12-21T13:13:15.278-0500][gc,phases      ] GC(16816)   Pre Evacuate Collection Set: 0.0ms
[2020-12-21T13:13:15.278-0500][gc,phases      ] GC(16816)   Evacuate Collection Set: 1.2ms
[2020-12-21T13:13:15.278-0500][gc,phases      ] GC(16816)   Post Evacuate Collection Set: 2.4ms
[2020-12-21T13:13:15.278-0500][gc,phases      ] GC(16816)   Other: 0.5ms
[2020-12-21T13:13:15.278-0500][gc,heap        ] GC(16816) Eden regions: 8->0(7)
[2020-12-21T13:13:15.278-0500][gc,heap        ] GC(16816) Survivor regions: 0->1(1)
[2020-12-21T13:13:15.278-0500][gc,heap        ] GC(16816) Old regions: 43->43
[2020-12-21T13:13:15.278-0500][gc,heap        ] GC(16816) Humongous regions: 4->4
[2020-12-21T13:13:15.278-0500][gc,metaspace   ] GC(16816) Metaspace: 49949K->49949K(1093632K)
[2020-12-21T13:13:15.278-0500][gc,heap        ] GC(16816) Heap after GC invocations=16817 (full 3416): garbage-first heap   total 64512K, used 43274K [0x0000000083000000, 0x0000000100000000)
[2020-12-21T13:13:15.278-0500][gc,heap        ] GC(16816)   region size 1024K, 1 young (1024K), 1 survivors (1024K)
[2020-12-21T13:13:15.278-0500][gc,heap        ] GC(16816)  Metaspace       used 49949K, capacity 52104K, committed 53632K, reserved 1093632K
[2020-12-21T13:13:15.278-0500][gc,heap        ] GC(16816)   class space    used 7422K, capacity 8193K, committed 8832K, reserved 1048576K
[2020-12-21T13:13:15.279-0500][gc             ] GC(16816) Pause Young (Normal) (G1 Evacuation Pause) 50M->42M(63M) 4.231ms
[2020-12-21T13:13:15.279-0500][gc,cpu         ] GC(16816) User=0.00s Sys=0.01s Real=0.01s
[2020-12-21T13:14:29.701-0500][gc,heap        ] GC(16817) Heap before GC invocations=16817 (full 3416): garbage-first heap   total 64512K, used 50442K [0x0000000083000000, 0x0000000100000000)
[2020-12-21T13:14:29.701-0500][gc,heap        ] GC(16817)   region size 1024K, 8 young (8192K), 1 survivors (1024K)
[2020-12-21T13:14:29.701-0500][gc,heap        ] GC(16817)  Metaspace       used 49949K, capacity 52104K, committed 53632K, reserved 1093632K
[2020-12-21T13:14:29.701-0500][gc,heap        ] GC(16817)   class space    used 7422K, capacity 8193K, committed 8832K, reserved 1048576K
[2020-12-21T13:14:29.701-0500][gc,start       ] GC(16817) Pause Young (Normal) (G1 Evacuation Pause)
[2020-12-21T13:14:29.701-0500][gc,task        ] GC(16817) Using 8 workers of 8 for evacuation
[2020-12-21T13:14:29.707-0500][gc,phases      ] GC(16817)   Pre Evacuate Collection Set: 0.0ms
[2020-12-21T13:14:29.707-0500][gc,phases      ] GC(16817)   Evacuate Collection Set: 3.2ms
[2020-12-21T13:14:29.707-0500][gc,phases      ] GC(16817)   Post Evacuate Collection Set: 2.7ms
[2020-12-21T13:14:29.708-0500][gc,phases      ] GC(16817)   Other: 0.5ms
[2020-12-21T13:14:29.708-0500][gc,heap        ] GC(16817) Eden regions: 7->0(7)
[2020-12-21T13:14:29.708-0500][gc,heap        ] GC(16817) Survivor regions: 1->1(1)
[2020-12-21T13:14:29.708-0500][gc,heap        ] GC(16817) Old regions: 43->43
[2020-12-21T13:14:29.708-0500][gc,heap        ] GC(16817) Humongous regions: 4->4
[2020-12-21T13:14:29.708-0500][gc,metaspace   ] GC(16817) Metaspace: 49949K->49949K(1093632K)
[2020-12-21T13:14:29.708-0500][gc,heap        ] GC(16817) Heap after GC invocations=16818 (full 3416): garbage-first heap   total 64512K, used 43263K [0x0000000083000000, 0x0000000100000000)
[2020-12-21T13:14:29.708-0500][gc,heap        ] GC(16817)   region size 1024K, 1 young (1024K), 1 survivors (1024K)
[2020-12-21T13:14:29.708-0500][gc,heap        ] GC(16817)  Metaspace       used 49949K, capacity 52104K, committed 53632K, reserved 1093632K
[2020-12-21T13:14:29.708-0500][gc,heap        ] GC(16817)   class space    used 7422K, capacity 8193K, committed 8832K, reserved 1048576K
[2020-12-21T13:14:29.708-0500][gc             ] GC(16817) Pause Young (Normal) (G1 Evacuation Pause) 49M->42M(63M) 6.493ms
[2020-12-21T13:14:29.708-0500][gc,cpu         ] GC(16817) User=0.02s Sys=0.00s Real=0.01s
[2020-12-21T13:15:46.386-0500][gc,heap        ] GC(16818) Heap before GC invocations=16818 (full 3416): garbage-first heap   total 64512K, used 49407K [0x0000000083000000, 0x0000000100000000)
[2020-12-21T13:15:46.386-0500][gc,heap        ] GC(16818)   region size 1024K, 8 young (8192K), 1 survivors (1024K)
[2020-12-21T13:15:46.386-0500][gc,heap        ] GC(16818)  Metaspace       used 49949K, capacity 52104K, committed 53632K, reserved 1093632K
[2020-12-21T13:15:46.386-0500][gc,heap        ] GC(16818)   class space    used 7422K, capacity 8193K, committed 8832K, reserved 1048576K
[2020-12-21T13:15:46.386-0500][gc,start       ] GC(16818) Pause Young (Normal) (G1 Evacuation Pause)
[2020-12-21T13:15:46.386-0500][gc,task        ] GC(16818) Using 8 workers of 8 for evacuation
[2020-12-21T13:15:46.389-0500][gc,phases      ] GC(16818)   Pre Evacuate Collection Set: 0.0ms
[2020-12-21T13:15:46.389-0500][gc,phases      ] GC(16818)   Evacuate Collection Set: 1.1ms
[2020-12-21T13:15:46.389-0500][gc,phases      ] GC(16818)   Post Evacuate Collection Set: 1.1ms
[2020-12-21T13:15:46.389-0500][gc,phases      ] GC(16818)   Other: 0.3ms
[2020-12-21T13:15:46.389-0500][gc,heap        ] GC(16818) Eden regions: 7->0(7)
[2020-12-21T13:15:46.389-0500][gc,heap        ] GC(16818) Survivor regions: 1->1(1)
[2020-12-21T13:15:46.389-0500][gc,heap        ] GC(16818) Old regions: 43->43
[2020-12-21T13:15:46.389-0500][gc,heap        ] GC(16818) Humongous regions: 4->4
[2020-12-21T13:15:46.389-0500][gc,metaspace   ] GC(16818) Metaspace: 49949K->49949K(1093632K)
[2020-12-21T13:15:46.389-0500][gc,heap        ] GC(16818) Heap after GC invocations=16819 (full 3416): garbage-first heap   total 64512K, used 43446K [0x0000000083000000, 0x0000000100000000)
[2020-12-21T13:15:46.389-0500][gc,heap        ] GC(16818)   region size 1024K, 1 young (1024K), 1 survivors (1024K)
[2020-12-21T13:15:46.389-0500][gc,heap        ] GC(16818)  Metaspace       used 49949K, capacity 52104K, committed 53632K, reserved 1093632K
[2020-12-21T13:15:46.389-0500][gc,heap        ] GC(16818)   class space    used 7422K, capacity 8193K, committed 8832K, reserved 1048576K
[2020-12-21T13:15:46.389-0500][gc             ] GC(16818) Pause Young (Normal) (G1 Evacuation Pause) 49M->42M(63M) 2.622ms
[2020-12-21T13:15:46.389-0500][gc,cpu         ] GC(16818) User=0.00s Sys=0.01s Real=0.01s
[2020-12-21T13:16:45.191-0500][gc,task        ] GC(16819) Using 5 workers of 8 for full compaction
[2020-12-21T13:16:45.191-0500][gc,start       ] GC(16819) Pause Full (System.gc())
[2020-12-21T13:16:45.191-0500][gc,heap        ] GC(16819) Heap before GC invocations=16819 (full 3416): garbage-first heap   total 64512K, used 46518K [0x0000000083000000, 0x0000000100000000)
[2020-12-21T13:16:45.191-0500][gc,heap        ] GC(16819)   region size 1024K, 6 young (6144K), 1 survivors (1024K)
[2020-12-21T13:16:45.191-0500][gc,heap        ] GC(16819)  Metaspace       used 49949K, capacity 52104K, committed 53632K, reserved 1093632K
[2020-12-21T13:16:45.191-0500][gc,heap        ] GC(16819)   class space    used 7422K, capacity 8193K, committed 8832K, reserved 1048576K
[2020-12-21T13:16:45.191-0500][gc,phases,start] GC(16819) Phase 1: Mark live objects
[2020-12-21T13:16:45.212-0500][gc,stringtable ] GC(16819) Cleaned string and symbol table, strings: 33107 processed, 4 removed, symbols: 120816 processed, 0 removed
[2020-12-21T13:16:45.212-0500][gc,phases      ] GC(16819) Phase 1: Mark live objects 20.336ms
[2020-12-21T13:16:45.212-0500][gc,phases,start] GC(16819) Phase 2: Prepare for compaction
[2020-12-21T13:16:45.216-0500][gc,phases      ] GC(16819) Phase 2: Prepare for compaction 3.732ms
[2020-12-21T13:16:45.216-0500][gc,phases,start] GC(16819) Phase 3: Adjust pointers
[2020-12-21T13:16:45.228-0500][gc,phases      ] GC(16819) Phase 3: Adjust pointers 11.973ms
[2020-12-21T13:16:45.228-0500][gc,phases,start] GC(16819) Phase 4: Compact heap
[2020-12-21T13:16:45.231-0500][gc,phases      ] GC(16819) Phase 4: Compact heap 3.483ms
[2020-12-21T13:16:45.238-0500][gc,heap        ] GC(16819) Eden regions: 5->0(9)
[2020-12-21T13:16:45.238-0500][gc,heap        ] GC(16819) Survivor regions: 1->0(1)
[2020-12-21T13:16:45.238-0500][gc,heap        ] GC(16819) Old regions: 43->42
[2020-12-21T13:16:45.238-0500][gc,heap        ] GC(16819) Humongous regions: 4->4
[2020-12-21T13:16:45.238-0500][gc,metaspace   ] GC(16819) Metaspace: 49949K->49949K(1093632K)
[2020-12-21T13:16:45.238-0500][gc,heap        ] GC(16819) Heap after GC invocations=16820 (full 3417): garbage-first heap   total 64512K, used 43212K [0x0000000083000000, 0x0000000100000000)
[2020-12-21T13:16:45.238-0500][gc,heap        ] GC(16819)   region size 1024K, 0 young (0K), 0 survivors (0K)
[2020-12-21T13:16:45.238-0500][gc,heap        ] GC(16819)  Metaspace       used 49949K, capacity 52104K, committed 53632K, reserved 1093632K
[2020-12-21T13:16:45.238-0500][gc,heap        ] GC(16819)   class space    used 7422K, capacity 8193K, committed 8832K, reserved 1048576K
[2020-12-21T13:16:45.238-0500][gc             ] GC(16819) Pause Full (System.gc()) 46M->42M(63M) 46.910ms
[2020-12-21T13:16:45.238-0500][gc,cpu         ] GC(16819) User=0.18s Sys=0.00s Real=0.05s
[2020-12-21T13:18:17.002-0500][gc,heap        ] GC(16820) Heap before GC invocations=16820 (full 3417): garbage-first heap   total 64512K, used 51404K [0x0000000083000000, 0x0000000100000000)
[2020-12-21T13:18:17.002-0500][gc,heap        ] GC(16820)   region size 1024K, 9 young (9216K), 0 survivors (0K)
[2020-12-21T13:18:17.002-0500][gc,heap        ] GC(16820)  Metaspace       used 49949K, capacity 52104K, committed 53632K, reserved 1093632K
[2020-12-21T13:18:17.002-0500][gc,heap        ] GC(16820)   class space    used 7422K, capacity 8193K, committed 8832K, reserved 1048576K
[2020-12-21T13:18:17.002-0500][gc,start       ] GC(16820) Pause Young (Normal) (G1 Evacuation Pause)
[2020-12-21T13:18:17.002-0500][gc,task        ] GC(16820) Using 8 workers of 8 for evacuation
[2020-12-21T13:18:17.005-0500][gc,phases      ] GC(16820)   Pre Evacuate Collection Set: 0.0ms
[2020-12-21T13:18:17.005-0500][gc,phases      ] GC(16820)   Evacuate Collection Set: 1.4ms
[2020-12-21T13:18:17.005-0500][gc,phases      ] GC(16820)   Post Evacuate Collection Set: 2.1ms
[2020-12-21T13:18:17.006-0500][gc,phases      ] GC(16820)   Other: 0.3ms
[2020-12-21T13:18:17.006-0500][gc,heap        ] GC(16820) Eden regions: 9->0(8)
[2020-12-21T13:18:17.006-0500][gc,heap        ] GC(16820) Survivor regions: 0->1(2)
[2020-12-21T13:18:17.006-0500][gc,heap        ] GC(16820) Old regions: 42->42
[2020-12-21T13:18:17.006-0500][gc,heap        ] GC(16820) Humongous regions: 4->4
[2020-12-21T13:18:17.006-0500][gc,metaspace   ] GC(16820) Metaspace: 49949K->49949K(1093632K)
[2020-12-21T13:18:17.006-0500][gc,heap        ] GC(16820) Heap after GC invocations=16821 (full 3417): garbage-first heap   total 64512K, used 43363K [0x0000000083000000, 0x0000000100000000)
[2020-12-21T13:18:17.006-0500][gc,heap        ] GC(16820)   region size 1024K, 1 young (1024K), 1 survivors (1024K)
[2020-12-21T13:18:17.006-0500][gc,heap        ] GC(16820)  Metaspace       used 49949K, capacity 52104K, committed 53632K, reserved 1093632K
[2020-12-21T13:18:17.006-0500][gc,heap        ] GC(16820)   class space    used 7422K, capacity 8193K, committed 8832K, reserved 1048576K
[2020-12-21T13:18:17.006-0500][gc             ] GC(16820) Pause Young (Normal) (G1 Evacuation Pause) 51M->42M(63M) 4.080ms
[2020-12-21T13:18:17.006-0500][gc,cpu         ] GC(16820) User=0.01s Sys=0.00s Real=0.00s
[2020-12-21T13:19:47.303-0500][gc,heap        ] GC(16821) Heap before GC invocations=16821 (full 3417): garbage-first heap   total 64512K, used 50531K [0x0000000083000000, 0x0000000100000000)
[2020-12-21T13:19:47.303-0500][gc,heap        ] GC(16821)   region size 1024K, 9 young (9216K), 1 survivors (1024K)
[2020-12-21T13:19:47.303-0500][gc,heap        ] GC(16821)  Metaspace       used 49949K, capacity 52104K, committed 53632K, reserved 1093632K
[2020-12-21T13:19:47.303-0500][gc,heap        ] GC(16821)   class space    used 7422K, capacity 8193K, committed 8832K, reserved 1048576K
[2020-12-21T13:19:47.303-0500][gc,start       ] GC(16821) Pause Young (Normal) (G1 Evacuation Pause)
[2020-12-21T13:19:47.303-0500][gc,task        ] GC(16821) Using 8 workers of 8 for evacuation
[2020-12-21T13:19:47.306-0500][gc,phases      ] GC(16821)   Pre Evacuate Collection Set: 0.0ms
[2020-12-21T13:19:47.306-0500][gc,phases      ] GC(16821)   Evacuate Collection Set: 1.2ms
[2020-12-21T13:19:47.306-0500][gc,phases      ] GC(16821)   Post Evacuate Collection Set: 1.8ms
[2020-12-21T13:19:47.306-0500][gc,phases      ] GC(16821)   Other: 0.3ms
[2020-12-21T13:19:47.306-0500][gc,heap        ] GC(16821) Eden regions: 8->0(8)
[2020-12-21T13:19:47.306-0500][gc,heap        ] GC(16821) Survivor regions: 1->1(2)
[2020-12-21T13:19:47.306-0500][gc,heap        ] GC(16821) Old regions: 42->42
[2020-12-21T13:19:47.306-0500][gc,heap        ] GC(16821) Humongous regions: 4->4
[2020-12-21T13:19:47.306-0500][gc,metaspace   ] GC(16821) Metaspace: 49949K->49949K(1093632K)
[2020-12-21T13:19:47.306-0500][gc,heap        ] GC(16821) Heap after GC invocations=16822 (full 3417): garbage-first heap   total 64512K, used 43443K [0x0000000083000000, 0x0000000100000000)
[2020-12-21T13:19:47.306-0500][gc,heap        ] GC(16821)   region size 1024K, 1 young (1024K), 1 survivors (1024K)
[2020-12-21T13:19:47.306-0500][gc,heap        ] GC(16821)  Metaspace       used 49949K, capacity 52104K, committed 53632K, reserved 1093632K
[2020-12-21T13:19:47.306-0500][gc,heap        ] GC(16821)   class space    used 7422K, capacity 8193K, committed 8832K, reserved 1048576K
[2020-12-21T13:19:47.306-0500][gc             ] GC(16821) Pause Young (Normal) (G1 Evacuation Pause) 50M->42M(63M) 3.337ms
[2020-12-21T13:19:47.306-0500][gc,cpu         ] GC(16821) User=0.00s Sys=0.01s Real=0.00s
[2020-12-21T13:21:17.502-0500][gc,heap        ] GC(16822) Heap before GC invocations=16822 (full 3417): garbage-first heap   total 64512K, used 51635K [0x0000000083000000, 0x0000000100000000)
[2020-12-21T13:21:17.502-0500][gc,heap        ] GC(16822)   region size 1024K, 9 young (9216K), 1 survivors (1024K)
[2020-12-21T13:21:17.502-0500][gc,heap        ] GC(16822)  Metaspace       used 49949K, capacity 52104K, committed 53632K, reserved 1093632K
[2020-12-21T13:21:17.502-0500][gc,heap        ] GC(16822)   class space    used 7422K, capacity 8193K, committed 8832K, reserved 1048576K
[2020-12-21T13:21:17.502-0500][gc,start       ] GC(16822) Pause Young (Normal) (G1 Evacuation Pause)
[2020-12-21T13:21:17.502-0500][gc,task        ] GC(16822) Using 8 workers of 8 for evacuation
[2020-12-21T13:21:17.503-0500][gc,phases      ] GC(16822)   Pre Evacuate Collection Set: 0.0ms
[2020-12-21T13:21:17.503-0500][gc,phases      ] GC(16822)   Evacuate Collection Set: 0.6ms
[2020-12-21T13:21:17.503-0500][gc,phases      ] GC(16822)   Post Evacuate Collection Set: 0.8ms
[2020-12-21T13:21:17.503-0500][gc,phases      ] GC(16822)   Other: 0.2ms
[2020-12-21T13:21:17.503-0500][gc,heap        ] GC(16822) Eden regions: 8->0(8)
[2020-12-21T13:21:17.503-0500][gc,heap        ] GC(16822) Survivor regions: 1->1(2)
[2020-12-21T13:21:17.503-0500][gc,heap        ] GC(16822) Old regions: 42->42
[2020-12-21T13:21:17.503-0500][gc,heap        ] GC(16822) Humongous regions: 4->4
[2020-12-21T13:21:17.503-0500][gc,metaspace   ] GC(16822) Metaspace: 49949K->49949K(1093632K)
[2020-12-21T13:21:17.503-0500][gc,heap        ] GC(16822) Heap after GC invocations=16823 (full 3417): garbage-first heap   total 64512K, used 43449K [0x0000000083000000, 0x0000000100000000)
[2020-12-21T13:21:17.503-0500][gc,heap        ] GC(16822)   region size 1024K, 1 young (1024K), 1 survivors (1024K)
[2020-12-21T13:21:17.503-0500][gc,heap        ] GC(16822)  Metaspace       used 49949K, capacity 52104K, committed 53632K, reserved 1093632K
[2020-12-21T13:21:17.503-0500][gc,heap        ] GC(16822)   class space    used 7422K, capacity 8193K, committed 8832K, reserved 1048576K
[2020-12-21T13:21:17.503-0500][gc             ] GC(16822) Pause Young (Normal) (G1 Evacuation Pause) 50M->42M(63M) 1.625ms
[2020-12-21T13:21:17.503-0500][gc,cpu         ] GC(16822) User=0.00s Sys=0.00s Real=0.00s
[2020-12-21T13:21:45.190-0500][gc,task        ] GC(16823) Using 5 workers of 8 for full compaction
[2020-12-21T13:21:45.190-0500][gc,start       ] GC(16823) Pause Full (System.gc())
[2020-12-21T13:21:45.190-0500][gc,heap        ] GC(16823) Heap before GC invocations=16823 (full 3417): garbage-first heap   total 64512K, used 44473K [0x0000000083000000, 0x0000000100000000)
[2020-12-21T13:21:45.190-0500][gc,heap        ] GC(16823)   region size 1024K, 3 young (3072K), 1 survivors (1024K)
[2020-12-21T13:21:45.190-0500][gc,heap        ] GC(16823)  Metaspace       used 49949K, capacity 52104K, committed 53632K, reserved 1093632K
[2020-12-21T13:21:45.190-0500][gc,heap        ] GC(16823)   class space    used 7422K, capacity 8193K, committed 8832K, reserved 1048576K
[2020-12-21T13:21:45.191-0500][gc,phases,start] GC(16823) Phase 1: Mark live objects
[2020-12-21T13:21:45.235-0500][gc,stringtable ] GC(16823) Cleaned string and symbol table, strings: 33107 processed, 4 removed, symbols: 120816 processed, 0 removed
[2020-12-21T13:21:45.235-0500][gc,phases      ] GC(16823) Phase 1: Mark live objects 44.687ms
[2020-12-21T13:21:45.236-0500][gc,phases,start] GC(16823) Phase 2: Prepare for compaction
[2020-12-21T13:21:45.240-0500][gc,phases      ] GC(16823) Phase 2: Prepare for compaction 4.334ms
[2020-12-21T13:21:45.240-0500][gc,phases,start] GC(16823) Phase 3: Adjust pointers
[2020-12-21T13:21:45.252-0500][gc,phases      ] GC(16823) Phase 3: Adjust pointers 12.355ms
[2020-12-21T13:21:45.252-0500][gc,phases,start] GC(16823) Phase 4: Compact heap
[2020-12-21T13:21:45.256-0500][gc,phases      ] GC(16823) Phase 4: Compact heap 3.379ms
[2020-12-21T13:21:45.262-0500][gc,heap        ] GC(16823) Eden regions: 2->0(10)
[2020-12-21T13:21:45.262-0500][gc,heap        ] GC(16823) Survivor regions: 1->0(2)
[2020-12-21T13:21:45.262-0500][gc,heap        ] GC(16823) Old regions: 42->41
[2020-12-21T13:21:45.262-0500][gc,heap        ] GC(16823) Humongous regions: 4->4
[2020-12-21T13:21:45.262-0500][gc,metaspace   ] GC(16823) Metaspace: 49949K->49949K(1093632K)
[2020-12-21T13:21:45.262-0500][gc,heap        ] GC(16823) Heap after GC invocations=16824 (full 3418): garbage-first heap   total 64512K, used 43200K [0x0000000083000000, 0x0000000100000000)
[2020-12-21T13:21:45.262-0500][gc,heap        ] GC(16823)   region size 1024K, 0 young (0K), 0 survivors (0K)
[2020-12-21T13:21:45.262-0500][gc,heap        ] GC(16823)  Metaspace       used 49949K, capacity 52104K, committed 53632K, reserved 1093632K
[2020-12-21T13:21:45.262-0500][gc,heap        ] GC(16823)   class space    used 7422K, capacity 8193K, committed 8832K, reserved 1048576K
[2020-12-21T13:21:45.262-0500][gc             ] GC(16823) Pause Full (System.gc()) 43M->42M(63M) 72.081ms
[2020-12-21T13:21:45.262-0500][gc,cpu         ] GC(16823) User=0.30s Sys=0.00s Real=0.07s
[2020-12-21T13:23:36.016-0500][gc,heap        ] GC(16824) Heap before GC invocations=16824 (full 3418): garbage-first heap   total 64512K, used 52416K [0x0000000083000000, 0x0000000100000000)
[2020-12-21T13:23:36.016-0500][gc,heap        ] GC(16824)   region size 1024K, 10 young (10240K), 0 survivors (0K)
[2020-12-21T13:23:36.016-0500][gc,heap        ] GC(16824)  Metaspace       used 49949K, capacity 52104K, committed 53632K, reserved 1093632K
[2020-12-21T13:23:36.016-0500][gc,heap        ] GC(16824)   class space    used 7422K, capacity 8193K, committed 8832K, reserved 1048576K
[2020-12-21T13:23:36.016-0500][gc,start       ] GC(16824) Pause Young (Normal) (G1 Evacuation Pause)
[2020-12-21T13:23:36.016-0500][gc,task        ] GC(16824) Using 8 workers of 8 for evacuation
[2020-12-21T13:23:36.020-0500][gc,phases      ] GC(16824)   Pre Evacuate Collection Set: 0.0ms
[2020-12-21T13:23:36.020-0500][gc,phases      ] GC(16824)   Evacuate Collection Set: 1.8ms
[2020-12-21T13:23:36.020-0500][gc,phases      ] GC(16824)   Post Evacuate Collection Set: 2.3ms
[2020-12-21T13:23:36.020-0500][gc,phases      ] GC(16824)   Other: 0.4ms
[2020-12-21T13:23:36.021-0500][gc,heap        ] GC(16824) Eden regions: 10->0(9)
[2020-12-21T13:23:36.021-0500][gc,heap        ] GC(16824) Survivor regions: 0->1(2)
[2020-12-21T13:23:36.021-0500][gc,heap        ] GC(16824) Old regions: 41->41
[2020-12-21T13:23:36.021-0500][gc,heap        ] GC(16824) Humongous regions: 4->4
[2020-12-21T13:23:36.021-0500][gc,metaspace   ] GC(16824) Metaspace: 49949K->49949K(1093632K)
[2020-12-21T13:23:36.021-0500][gc,heap        ] GC(16824) Heap after GC invocations=16825 (full 3418): garbage-first heap   total 64512K, used 43257K [0x0000000083000000, 0x0000000100000000)
[2020-12-21T13:23:36.021-0500][gc,heap        ] GC(16824)   region size 1024K, 1 young (1024K), 1 survivors (1024K)
[2020-12-21T13:23:36.021-0500][gc,heap        ] GC(16824)  Metaspace       used 49949K, capacity 52104K, committed 53632K, reserved 1093632K
[2020-12-21T13:23:36.021-0500][gc,heap        ] GC(16824)   class space    used 7422K, capacity 8193K, committed 8832K, reserved 1048576K
[2020-12-21T13:23:36.021-0500][gc             ] GC(16824) Pause Young (Normal) (G1 Evacuation Pause) 52M->42M(63M) 4.697ms
[2020-12-21T13:23:36.021-0500][gc,cpu         ] GC(16824) User=0.01s Sys=0.00s Real=0.01s
[2020-12-21T13:25:18.137-0500][gc,heap        ] GC(16825) Heap before GC invocations=16825 (full 3418): garbage-first heap   total 64512K, used 51449K [0x0000000083000000, 0x0000000100000000)
[2020-12-21T13:25:18.137-0500][gc,heap        ] GC(16825)   region size 1024K, 10 young (10240K), 1 survivors (1024K)
[2020-12-21T13:25:18.137-0500][gc,heap        ] GC(16825)  Metaspace       used 49949K, capacity 52104K, committed 53632K, reserved 1093632K
[2020-12-21T13:25:18.137-0500][gc,heap        ] GC(16825)   class space    used 7422K, capacity 8193K, committed 8832K, reserved 1048576K
[2020-12-21T13:25:18.138-0500][gc,start       ] GC(16825) Pause Young (Normal) (G1 Evacuation Pause)
[2020-12-21T13:25:18.138-0500][gc,task        ] GC(16825) Using 8 workers of 8 for evacuation
[2020-12-21T13:25:18.139-0500][gc,phases      ] GC(16825)   Pre Evacuate Collection Set: 0.0ms
[2020-12-21T13:25:18.139-0500][gc,phases      ] GC(16825)   Evacuate Collection Set: 0.5ms
[2020-12-21T13:25:18.139-0500][gc,phases      ] GC(16825)   Post Evacuate Collection Set: 1.3ms
[2020-12-21T13:25:18.139-0500][gc,phases      ] GC(16825)   Other: 0.2ms
[2020-12-21T13:25:18.139-0500][gc,heap        ] GC(16825) Eden regions: 9->0(9)
[2020-12-21T13:25:18.139-0500][gc,heap        ] GC(16825) Survivor regions: 1->1(2)
[2020-12-21T13:25:18.139-0500][gc,heap        ] GC(16825) Old regions: 41->41
[2020-12-21T13:25:18.139-0500][gc,heap        ] GC(16825) Humongous regions: 4->4
[2020-12-21T13:25:18.139-0500][gc,metaspace   ] GC(16825) Metaspace: 49949K->49949K(1093632K)
[2020-12-21T13:25:18.139-0500][gc,heap        ] GC(16825) Heap after GC invocations=16826 (full 3418): garbage-first heap   total 64512K, used 43322K [0x0000000083000000, 0x0000000100000000)
[2020-12-21T13:25:18.139-0500][gc,heap        ] GC(16825)   region size 1024K, 1 young (1024K), 1 survivors (1024K)
[2020-12-21T13:25:18.139-0500][gc,heap        ] GC(16825)  Metaspace       used 49949K, capacity 52104K, committed 53632K, reserved 1093632K
[2020-12-21T13:25:18.140-0500][gc,heap        ] GC(16825)   class space    used 7422K, capacity 8193K, committed 8832K, reserved 1048576K
[2020-12-21T13:25:18.140-0500][gc             ] GC(16825) Pause Young (Normal) (G1 Evacuation Pause) 51M->42M(63M) 2.007ms
[2020-12-21T13:25:18.140-0500][gc,cpu         ] GC(16825) User=0.01s Sys=0.00s Real=0.01s
[2020-12-21T13:26:45.191-0500][gc,task        ] GC(16826) Using 5 workers of 8 for full compaction
[2020-12-21T13:26:45.191-0500][gc,start       ] GC(16826) Pause Full (System.gc())
[2020-12-21T13:26:45.191-0500][gc,heap        ] GC(16826) Heap before GC invocations=16826 (full 3418): garbage-first heap   total 64512K, used 49466K [0x0000000083000000, 0x0000000100000000)
[2020-12-21T13:26:45.191-0500][gc,heap        ] GC(16826)   region size 1024K, 9 young (9216K), 1 survivors (1024K)
[2020-12-21T13:26:45.191-0500][gc,heap        ] GC(16826)  Metaspace       used 49949K, capacity 52104K, committed 53632K, reserved 1093632K
[2020-12-21T13:26:45.191-0500][gc,heap        ] GC(16826)   class space    used 7422K, capacity 8193K, committed 8832K, reserved 1048576K
[2020-12-21T13:26:45.192-0500][gc,phases,start] GC(16826) Phase 1: Mark live objects
[2020-12-21T13:26:45.236-0500][gc,stringtable ] GC(16826) Cleaned string and symbol table, strings: 33107 processed, 4 removed, symbols: 120816 processed, 0 removed
[2020-12-21T13:26:45.236-0500][gc,phases      ] GC(16826) Phase 1: Mark live objects 44.672ms
[2020-12-21T13:26:45.236-0500][gc,phases,start] GC(16826) Phase 2: Prepare for compaction
[2020-12-21T13:26:45.240-0500][gc,phases      ] GC(16826) Phase 2: Prepare for compaction 3.574ms
[2020-12-21T13:26:45.240-0500][gc,phases,start] GC(16826) Phase 3: Adjust pointers
[2020-12-21T13:26:45.250-0500][gc,phases      ] GC(16826) Phase 3: Adjust pointers 10.258ms
[2020-12-21T13:26:45.250-0500][gc,phases,start] GC(16826) Phase 4: Compact heap
[2020-12-21T13:26:45.253-0500][gc,phases      ] GC(16826) Phase 4: Compact heap 2.837ms
[2020-12-21T13:26:45.260-0500][gc,heap        ] GC(16826) Eden regions: 8->0(9)
[2020-12-21T13:26:45.260-0500][gc,heap        ] GC(16826) Survivor regions: 1->0(2)
[2020-12-21T13:26:45.260-0500][gc,heap        ] GC(16826) Old regions: 41->42
[2020-12-21T13:26:45.260-0500][gc,heap        ] GC(16826) Humongous regions: 4->4
[2020-12-21T13:26:45.260-0500][gc,metaspace   ] GC(16826) Metaspace: 49949K->49949K(1093632K)
[2020-12-21T13:26:45.260-0500][gc,heap        ] GC(16826) Heap after GC invocations=16827 (full 3419): garbage-first heap   total 64512K, used 43221K [0x0000000083000000, 0x0000000100000000)
[2020-12-21T13:26:45.260-0500][gc,heap        ] GC(16826)   region size 1024K, 0 young (0K), 0 survivors (0K)
[2020-12-21T13:26:45.260-0500][gc,heap        ] GC(16826)  Metaspace       used 49949K, capacity 52104K, committed 53632K, reserved 1093632K
[2020-12-21T13:26:45.260-0500][gc,heap        ] GC(16826)   class space    used 7422K, capacity 8193K, committed 8832K, reserved 1048576K
[2020-12-21T13:26:45.260-0500][gc             ] GC(16826) Pause Full (System.gc()) 49M->42M(63M) 68.710ms
[2020-12-21T13:26:45.260-0500][gc,cpu         ] GC(16826) User=0.29s Sys=0.00s Real=0.07s
[2020-12-21T13:28:18.669-0500][gc,heap        ] GC(16827) Heap before GC invocations=16827 (full 3419): garbage-first heap   total 64512K, used 52437K [0x0000000083000000, 0x0000000100000000)
[2020-12-21T13:28:18.669-0500][gc,heap        ] GC(16827)   region size 1024K, 9 young (9216K), 0 survivors (0K)
[2020-12-21T13:28:18.669-0500][gc,heap        ] GC(16827)  Metaspace       used 49949K, capacity 52104K, committed 53632K, reserved 1093632K
[2020-12-21T13:28:18.669-0500][gc,heap        ] GC(16827)   class space    used 7422K, capacity 8193K, committed 8832K, reserved 1048576K
[2020-12-21T13:28:18.669-0500][gc,start       ] GC(16827) Pause Young (Normal) (G1 Evacuation Pause)
[2020-12-21T13:28:18.669-0500][gc,task        ] GC(16827) Using 8 workers of 8 for evacuation
[2020-12-21T13:28:18.673-0500][gc,phases      ] GC(16827)   Pre Evacuate Collection Set: 0.0ms
[2020-12-21T13:28:18.673-0500][gc,phases      ] GC(16827)   Evacuate Collection Set: 2.6ms
[2020-12-21T13:28:18.673-0500][gc,phases      ] GC(16827)   Post Evacuate Collection Set: 0.9ms
[2020-12-21T13:28:18.673-0500][gc,phases      ] GC(16827)   Other: 0.2ms
[2020-12-21T13:28:18.673-0500][gc,heap        ] GC(16827) Eden regions: 9->0(8)
[2020-12-21T13:28:18.673-0500][gc,heap        ] GC(16827) Survivor regions: 0->1(2)
[2020-12-21T13:28:18.673-0500][gc,heap        ] GC(16827) Old regions: 42->42
[2020-12-21T13:28:18.673-0500][gc,heap        ] GC(16827) Humongous regions: 4->4
[2020-12-21T13:28:18.673-0500][gc,metaspace   ] GC(16827) Metaspace: 49949K->49949K(1093632K)
[2020-12-21T13:28:18.673-0500][gc,heap        ] GC(16827) Heap after GC invocations=16828 (full 3419): garbage-first heap   total 64512K, used 43322K [0x0000000083000000, 0x0000000100000000)
[2020-12-21T13:28:18.673-0500][gc,heap        ] GC(16827)   region size 1024K, 1 young (1024K), 1 survivors (1024K)
[2020-12-21T13:28:18.673-0500][gc,heap        ] GC(16827)  Metaspace       used 49949K, capacity 52104K, committed 53632K, reserved 1093632K
[2020-12-21T13:28:18.673-0500][gc,heap        ] GC(16827)   class space    used 7422K, capacity 8193K, committed 8832K, reserved 1048576K
[2020-12-21T13:28:18.673-0500][gc             ] GC(16827) Pause Young (Normal) (G1 Evacuation Pause) 51M->42M(63M) 3.745ms
[2020-12-21T13:28:18.673-0500][gc,cpu         ] GC(16827) User=0.02s Sys=0.00s Real=0.00s
[2020-12-21T13:29:48.904-0500][gc,heap        ] GC(16828) Heap before GC invocations=16828 (full 3419): garbage-first heap   total 64512K, used 51514K [0x0000000083000000, 0x0000000100000000)
[2020-12-21T13:29:48.904-0500][gc,heap        ] GC(16828)   region size 1024K, 9 young (9216K), 1 survivors (1024K)
[2020-12-21T13:29:48.904-0500][gc,heap        ] GC(16828)  Metaspace       used 49949K, capacity 52104K, committed 53632K, reserved 1093632K
[2020-12-21T13:29:48.904-0500][gc,heap        ] GC(16828)   class space    used 7422K, capacity 8193K, committed 8832K, reserved 1048576K
[2020-12-21T13:29:48.904-0500][gc,start       ] GC(16828) Pause Young (Normal) (G1 Evacuation Pause)
[2020-12-21T13:29:48.904-0500][gc,task        ] GC(16828) Using 8 workers of 8 for evacuation
[2020-12-21T13:29:48.906-0500][gc,phases      ] GC(16828)   Pre Evacuate Collection Set: 0.0ms
[2020-12-21T13:29:48.906-0500][gc,phases      ] GC(16828)   Evacuate Collection Set: 0.6ms
[2020-12-21T13:29:48.906-0500][gc,phases      ] GC(16828)   Post Evacuate Collection Set: 1.1ms
[2020-12-21T13:29:48.906-0500][gc,phases      ] GC(16828)   Other: 0.2ms
[2020-12-21T13:29:48.906-0500][gc,heap        ] GC(16828) Eden regions: 8->0(8)
[2020-12-21T13:29:48.906-0500][gc,heap        ] GC(16828) Survivor regions: 1->1(2)
[2020-12-21T13:29:48.906-0500][gc,heap        ] GC(16828) Old regions: 42->42
[2020-12-21T13:29:48.906-0500][gc,heap        ] GC(16828) Humongous regions: 4->4
[2020-12-21T13:29:48.906-0500][gc,metaspace   ] GC(16828) Metaspace: 49949K->49949K(1093632K)
[2020-12-21T13:29:48.906-0500][gc,heap        ] GC(16828) Heap after GC invocations=16829 (full 3419): garbage-first heap   total 64512K, used 43331K [0x0000000083000000, 0x0000000100000000)
[2020-12-21T13:29:48.906-0500][gc,heap        ] GC(16828)   region size 1024K, 1 young (1024K), 1 survivors (1024K)
[2020-12-21T13:29:48.906-0500][gc,heap        ] GC(16828)  Metaspace       used 49949K, capacity 52104K, committed 53632K, reserved 1093632K
[2020-12-21T13:29:48.906-0500][gc,heap        ] GC(16828)   class space    used 7422K, capacity 8193K, committed 8832K, reserved 1048576K
[2020-12-21T13:29:48.906-0500][gc             ] GC(16828) Pause Young (Normal) (G1 Evacuation Pause) 50M->42M(63M) 1.906ms
[2020-12-21T13:29:48.906-0500][gc,cpu         ] GC(16828) User=0.01s Sys=0.00s Real=0.00s
[2020-12-21T13:31:19.141-0500][gc,heap        ] GC(16829) Heap before GC invocations=16829 (full 3419): garbage-first heap   total 64512K, used 50499K [0x0000000083000000, 0x0000000100000000)
[2020-12-21T13:31:19.142-0500][gc,heap        ] GC(16829)   region size 1024K, 9 young (9216K), 1 survivors (1024K)
[2020-12-21T13:31:19.142-0500][gc,heap        ] GC(16829)  Metaspace       used 49949K, capacity 52104K, committed 53632K, reserved 1093632K
[2020-12-21T13:31:19.142-0500][gc,heap        ] GC(16829)   class space    used 7422K, capacity 8193K, committed 8832K, reserved 1048576K
[2020-12-21T13:31:19.142-0500][gc,start       ] GC(16829) Pause Young (Normal) (G1 Evacuation Pause)
[2020-12-21T13:31:19.142-0500][gc,task        ] GC(16829) Using 8 workers of 8 for evacuation
[2020-12-21T13:31:19.144-0500][gc,phases      ] GC(16829)   Pre Evacuate Collection Set: 0.0ms
[2020-12-21T13:31:19.144-0500][gc,phases      ] GC(16829)   Evacuate Collection Set: 0.9ms
[2020-12-21T13:31:19.144-0500][gc,phases      ] GC(16829)   Post Evacuate Collection Set: 1.2ms
[2020-12-21T13:31:19.144-0500][gc,phases      ] GC(16829)   Other: 0.3ms
[2020-12-21T13:31:19.144-0500][gc,heap        ] GC(16829) Eden regions: 8->0(8)
[2020-12-21T13:31:19.144-0500][gc,heap        ] GC(16829) Survivor regions: 1->1(2)
[2020-12-21T13:31:19.144-0500][gc,heap        ] GC(16829) Old regions: 42->42
[2020-12-21T13:31:19.144-0500][gc,heap        ] GC(16829) Humongous regions: 4->4
[2020-12-21T13:31:19.144-0500][gc,metaspace   ] GC(16829) Metaspace: 49949K->49949K(1093632K)
[2020-12-21T13:31:19.144-0500][gc,heap        ] GC(16829) Heap after GC invocations=16830 (full 3419): garbage-first heap   total 64512K, used 43357K [0x0000000083000000, 0x0000000100000000)
[2020-12-21T13:31:19.144-0500][gc,heap        ] GC(16829)   region size 1024K, 1 young (1024K), 1 survivors (1024K)
[2020-12-21T13:31:19.144-0500][gc,heap        ] GC(16829)  Metaspace       used 49949K, capacity 52104K, committed 53632K, reserved 1093632K
[2020-12-21T13:31:19.144-0500][gc,heap        ] GC(16829)   class space    used 7422K, capacity 8193K, committed 8832K, reserved 1048576K
[2020-12-21T13:31:19.144-0500][gc             ] GC(16829) Pause Young (Normal) (G1 Evacuation Pause) 50M->42M(63M) 2.386ms
[2020-12-21T13:31:19.144-0500][gc,cpu         ] GC(16829) User=0.00s Sys=0.01s Real=0.00s
[2020-12-21T13:31:45.191-0500][gc,task        ] GC(16830) Using 5 workers of 8 for full compaction
[2020-12-21T13:31:45.191-0500][gc,start       ] GC(16830) Pause Full (System.gc())
[2020-12-21T13:31:45.191-0500][gc,heap        ] GC(16830) Heap before GC invocations=16830 (full 3419): garbage-first heap   total 64512K, used 44381K [0x0000000083000000, 0x0000000100000000)
[2020-12-21T13:31:45.191-0500][gc,heap        ] GC(16830)   region size 1024K, 3 young (3072K), 1 survivors (1024K)
[2020-12-21T13:31:45.191-0500][gc,heap        ] GC(16830)  Metaspace       used 49949K, capacity 52104K, committed 53632K, reserved 1093632K
[2020-12-21T13:31:45.191-0500][gc,heap        ] GC(16830)   class space    used 7422K, capacity 8193K, committed 8832K, reserved 1048576K
[2020-12-21T13:31:45.192-0500][gc,phases,start] GC(16830) Phase 1: Mark live objects
[2020-12-21T13:31:45.238-0500][gc,stringtable ] GC(16830) Cleaned string and symbol table, strings: 33107 processed, 4 removed, symbols: 120816 processed, 0 removed
[2020-12-21T13:31:45.238-0500][gc,phases      ] GC(16830) Phase 1: Mark live objects 46.062ms
[2020-12-21T13:31:45.238-0500][gc,phases,start] GC(16830) Phase 2: Prepare for compaction
[2020-12-21T13:31:45.241-0500][gc,phases      ] GC(16830) Phase 2: Prepare for compaction 3.264ms
[2020-12-21T13:31:45.241-0500][gc,phases,start] GC(16830) Phase 3: Adjust pointers
[2020-12-21T13:31:45.252-0500][gc,phases      ] GC(16830) Phase 3: Adjust pointers 10.913ms
[2020-12-21T13:31:45.252-0500][gc,phases,start] GC(16830) Phase 4: Compact heap
[2020-12-21T13:31:45.255-0500][gc,phases      ] GC(16830) Phase 4: Compact heap 3.122ms
[2020-12-21T13:31:45.261-0500][gc,heap        ] GC(16830) Eden regions: 2->0(10)
[2020-12-21T13:31:45.261-0500][gc,heap        ] GC(16830) Survivor regions: 1->0(2)
[2020-12-21T13:31:45.261-0500][gc,heap        ] GC(16830) Old regions: 42->41
[2020-12-21T13:31:45.261-0500][gc,heap        ] GC(16830) Humongous regions: 4->4
[2020-12-21T13:31:45.261-0500][gc,metaspace   ] GC(16830) Metaspace: 49949K->49949K(1093632K)
[2020-12-21T13:31:45.261-0500][gc,heap        ] GC(16830) Heap after GC invocations=16831 (full 3420): garbage-first heap   total 64512K, used 43199K [0x0000000083000000, 0x0000000100000000)
[2020-12-21T13:31:45.261-0500][gc,heap        ] GC(16830)   region size 1024K, 0 young (0K), 0 survivors (0K)
[2020-12-21T13:31:45.261-0500][gc,heap        ] GC(16830)  Metaspace       used 49949K, capacity 52104K, committed 53632K, reserved 1093632K
[2020-12-21T13:31:45.261-0500][gc,heap        ] GC(16830)   class space    used 7422K, capacity 8193K, committed 8832K, reserved 1048576K
[2020-12-21T13:31:45.261-0500][gc             ] GC(16830) Pause Full (System.gc()) 44M->42M(63M) 70.290ms
[2020-12-21T13:31:45.262-0500][gc,cpu         ] GC(16830) User=0.31s Sys=0.00s Real=0.07s
[2020-12-21T13:33:36.016-0500][gc,heap        ] GC(16831) Heap before GC invocations=16831 (full 3420): garbage-first heap   total 64512K, used 52415K [0x0000000083000000, 0x0000000100000000)
[2020-12-21T13:33:36.017-0500][gc,heap        ] GC(16831)   region size 1024K, 10 young (10240K), 0 survivors (0K)
[2020-12-21T13:33:36.017-0500][gc,heap        ] GC(16831)  Metaspace       used 49949K, capacity 52104K, committed 53632K, reserved 1093632K
[2020-12-21T13:33:36.017-0500][gc,heap        ] GC(16831)   class space    used 7422K, capacity 8193K, committed 8832K, reserved 1048576K
[2020-12-21T13:33:36.017-0500][gc,start       ] GC(16831) Pause Young (Normal) (G1 Evacuation Pause)
[2020-12-21T13:33:36.017-0500][gc,task        ] GC(16831) Using 8 workers of 8 for evacuation
[2020-12-21T13:33:36.054-0500][gc,phases      ] GC(16831)   Pre Evacuate Collection Set: 0.0ms
[2020-12-21T13:33:36.054-0500][gc,phases      ] GC(16831)   Evacuate Collection Set: 18.3ms
[2020-12-21T13:33:36.054-0500][gc,phases      ] GC(16831)   Post Evacuate Collection Set: 18.6ms
[2020-12-21T13:33:36.054-0500][gc,phases      ] GC(16831)   Other: 0.5ms
[2020-12-21T13:33:36.054-0500][gc,heap        ] GC(16831) Eden regions: 10->0(9)
[2020-12-21T13:33:36.054-0500][gc,heap        ] GC(16831) Survivor regions: 0->1(2)
[2020-12-21T13:33:36.054-0500][gc,heap        ] GC(16831) Old regions: 41->41
[2020-12-21T13:33:36.054-0500][gc,heap        ] GC(16831) Humongous regions: 4->4
[2020-12-21T13:33:36.054-0500][gc,metaspace   ] GC(16831) Metaspace: 49949K->49949K(1093632K)
[2020-12-21T13:33:36.054-0500][gc,heap        ] GC(16831) Heap after GC invocations=16832 (full 3420): garbage-first heap   total 64512K, used 43255K [0x0000000083000000, 0x0000000100000000)
[2020-12-21T13:33:36.054-0500][gc,heap        ] GC(16831)   region size 1024K, 1 young (1024K), 1 survivors (1024K)
[2020-12-21T13:33:36.054-0500][gc,heap        ] GC(16831)  Metaspace       used 49949K, capacity 52104K, committed 53632K, reserved 1093632K
[2020-12-21T13:33:36.054-0500][gc,heap        ] GC(16831)   class space    used 7422K, capacity 8193K, committed 8832K, reserved 1048576K
[2020-12-21T13:33:36.054-0500][gc             ] GC(16831) Pause Young (Normal) (G1 Evacuation Pause) 52M->42M(63M) 37.329ms
[2020-12-21T13:33:36.054-0500][gc,cpu         ] GC(16831) User=0.25s Sys=0.00s Real=0.04s
[2020-12-21T13:35:19.979-0500][gc,heap        ] GC(16832) Heap before GC invocations=16832 (full 3420): garbage-first heap   total 64512K, used 51447K [0x0000000083000000, 0x0000000100000000)
[2020-12-21T13:35:19.979-0500][gc,heap        ] GC(16832)   region size 1024K, 10 young (10240K), 1 survivors (1024K)
[2020-12-21T13:35:19.979-0500][gc,heap        ] GC(16832)  Metaspace       used 49949K, capacity 52104K, committed 53632K, reserved 1093632K
[2020-12-21T13:35:19.979-0500][gc,heap        ] GC(16832)   class space    used 7422K, capacity 8193K, committed 8832K, reserved 1048576K
[2020-12-21T13:35:19.979-0500][gc,start       ] GC(16832) Pause Young (Normal) (G1 Evacuation Pause)
[2020-12-21T13:35:19.979-0500][gc,task        ] GC(16832) Using 8 workers of 8 for evacuation
[2020-12-21T13:35:19.982-0500][gc,phases      ] GC(16832)   Pre Evacuate Collection Set: 0.0ms
[2020-12-21T13:35:19.982-0500][gc,phases      ] GC(16832)   Evacuate Collection Set: 0.9ms
[2020-12-21T13:35:19.982-0500][gc,phases      ] GC(16832)   Post Evacuate Collection Set: 1.8ms
[2020-12-21T13:35:19.982-0500][gc,phases      ] GC(16832)   Other: 0.2ms
[2020-12-21T13:35:19.982-0500][gc,heap        ] GC(16832) Eden regions: 9->0(9)
[2020-12-21T13:35:19.982-0500][gc,heap        ] GC(16832) Survivor regions: 1->1(2)
[2020-12-21T13:35:19.982-0500][gc,heap        ] GC(16832) Old regions: 41->41
[2020-12-21T13:35:19.982-0500][gc,heap        ] GC(16832) Humongous regions: 4->4
[2020-12-21T13:35:19.982-0500][gc,metaspace   ] GC(16832) Metaspace: 49949K->49949K(1093632K)
[2020-12-21T13:35:19.982-0500][gc,heap        ] GC(16832) Heap after GC invocations=16833 (full 3420): garbage-first heap   total 64512K, used 43275K [0x0000000083000000, 0x0000000100000000)
[2020-12-21T13:35:19.982-0500][gc,heap        ] GC(16832)   region size 1024K, 1 young (1024K), 1 survivors (1024K)
[2020-12-21T13:35:19.982-0500][gc,heap        ] GC(16832)  Metaspace       used 49949K, capacity 52104K, committed 53632K, reserved 1093632K
[2020-12-21T13:35:19.982-0500][gc,heap        ] GC(16832)   class space    used 7422K, capacity 8193K, committed 8832K, reserved 1048576K
[2020-12-21T13:35:19.982-0500][gc             ] GC(16832) Pause Young (Normal) (G1 Evacuation Pause) 51M->42M(63M) 3.029ms
[2020-12-21T13:35:19.982-0500][gc,cpu         ] GC(16832) User=0.00s Sys=0.01s Real=0.00s
[2020-12-21T13:36:45.189-0500][gc,task        ] GC(16833) Using 5 workers of 8 for full compaction
[2020-12-21T13:36:45.189-0500][gc,start       ] GC(16833) Pause Full (System.gc())
[2020-12-21T13:36:45.189-0500][gc,heap        ] GC(16833) Heap before GC invocations=16833 (full 3420): garbage-first heap   total 64512K, used 50443K [0x0000000083000000, 0x0000000100000000)
[2020-12-21T13:36:45.189-0500][gc,heap        ] GC(16833)   region size 1024K, 9 young (9216K), 1 survivors (1024K)
[2020-12-21T13:36:45.189-0500][gc,heap        ] GC(16833)  Metaspace       used 49949K, capacity 52104K, committed 53632K, reserved 1093632K
[2020-12-21T13:36:45.189-0500][gc,heap        ] GC(16833)   class space    used 7422K, capacity 8193K, committed 8832K, reserved 1048576K
[2020-12-21T13:36:45.189-0500][gc,phases,start] GC(16833) Phase 1: Mark live objects
[2020-12-21T13:36:45.224-0500][gc,stringtable ] GC(16833) Cleaned string and symbol table, strings: 33107 processed, 4 removed, symbols: 120816 processed, 0 removed
[2020-12-21T13:36:45.224-0500][gc,phases      ] GC(16833) Phase 1: Mark live objects 34.371ms
[2020-12-21T13:36:45.224-0500][gc,phases,start] GC(16833) Phase 2: Prepare for compaction
[2020-12-21T13:36:45.231-0500][gc,phases      ] GC(16833) Phase 2: Prepare for compaction 7.161ms
[2020-12-21T13:36:45.231-0500][gc,phases,start] GC(16833) Phase 3: Adjust pointers
[2020-12-21T13:36:45.247-0500][gc,phases      ] GC(16833) Phase 3: Adjust pointers 15.956ms
[2020-12-21T13:36:45.247-0500][gc,phases,start] GC(16833) Phase 4: Compact heap
[2020-12-21T13:36:45.250-0500][gc,phases      ] GC(16833) Phase 4: Compact heap 2.720ms
[2020-12-21T13:36:45.256-0500][gc,heap        ] GC(16833) Eden regions: 8->0(10)
[2020-12-21T13:36:45.257-0500][gc,heap        ] GC(16833) Survivor regions: 1->0(2)
[2020-12-21T13:36:45.257-0500][gc,heap        ] GC(16833) Old regions: 41->41
[2020-12-21T13:36:45.257-0500][gc,heap        ] GC(16833) Humongous regions: 4->4
[2020-12-21T13:36:45.257-0500][gc,metaspace   ] GC(16833) Metaspace: 49949K->49949K(1093632K)
[2020-12-21T13:36:45.257-0500][gc,heap        ] GC(16833) Heap after GC invocations=16834 (full 3421): garbage-first heap   total 64512K, used 43221K [0x0000000083000000, 0x0000000100000000)
[2020-12-21T13:36:45.257-0500][gc,heap        ] GC(16833)   region size 1024K, 0 young (0K), 0 survivors (0K)
[2020-12-21T13:36:45.257-0500][gc,heap        ] GC(16833)  Metaspace       used 49949K, capacity 52104K, committed 53632K, reserved 1093632K
[2020-12-21T13:36:45.257-0500][gc,heap        ] GC(16833)   class space    used 7422K, capacity 8193K, committed 8832K, reserved 1048576K
[2020-12-21T13:36:45.257-0500][gc             ] GC(16833) Pause Full (System.gc()) 49M->42M(63M) 67.492ms
[2020-12-21T13:36:45.257-0500][gc,cpu         ] GC(16833) User=0.28s Sys=0.00s Real=0.06s
[2020-12-21T13:38:36.016-0500][gc,heap        ] GC(16834) Heap before GC invocations=16834 (full 3421): garbage-first heap   total 64512K, used 53461K [0x0000000083000000, 0x0000000100000000)
[2020-12-21T13:38:36.016-0500][gc,heap        ] GC(16834)   region size 1024K, 10 young (10240K), 0 survivors (0K)
[2020-12-21T13:38:36.016-0500][gc,heap        ] GC(16834)  Metaspace       used 49949K, capacity 52104K, committed 53632K, reserved 1093632K
[2020-12-21T13:38:36.016-0500][gc,heap        ] GC(16834)   class space    used 7422K, capacity 8193K, committed 8832K, reserved 1048576K
[2020-12-21T13:38:36.016-0500][gc,start       ] GC(16834) Pause Young (Normal) (G1 Evacuation Pause)
[2020-12-21T13:38:36.016-0500][gc,task        ] GC(16834) Using 8 workers of 8 for evacuation
[2020-12-21T13:38:36.021-0500][gc,phases      ] GC(16834)   Pre Evacuate Collection Set: 0.0ms
[2020-12-21T13:38:36.021-0500][gc,phases      ] GC(16834)   Evacuate Collection Set: 1.7ms
[2020-12-21T13:38:36.021-0500][gc,phases      ] GC(16834)   Post Evacuate Collection Set: 2.8ms
[2020-12-21T13:38:36.021-0500][gc,phases      ] GC(16834)   Other: 0.6ms
[2020-12-21T13:38:36.021-0500][gc,heap        ] GC(16834) Eden regions: 10->0(9)
[2020-12-21T13:38:36.021-0500][gc,heap        ] GC(16834) Survivor regions: 0->1(2)
[2020-12-21T13:38:36.021-0500][gc,heap        ] GC(16834) Old regions: 41->41
[2020-12-21T13:38:36.021-0500][gc,heap        ] GC(16834) Humongous regions: 4->4
[2020-12-21T13:38:36.021-0500][gc,metaspace   ] GC(16834) Metaspace: 49949K->49949K(1093632K)
[2020-12-21T13:38:36.021-0500][gc,heap        ] GC(16834) Heap after GC invocations=16835 (full 3421): garbage-first heap   total 64512K, used 43277K [0x0000000083000000, 0x0000000100000000)
[2020-12-21T13:38:36.021-0500][gc,heap        ] GC(16834)   region size 1024K, 1 young (1024K), 1 survivors (1024K)
[2020-12-21T13:38:36.021-0500][gc,heap        ] GC(16834)  Metaspace       used 49949K, capacity 52104K, committed 53632K, reserved 1093632K
[2020-12-21T13:38:36.021-0500][gc,heap        ] GC(16834)   class space    used 7422K, capacity 8193K, committed 8832K, reserved 1048576K
[2020-12-21T13:38:36.021-0500][gc             ] GC(16834) Pause Young (Normal) (G1 Evacuation Pause) 52M->42M(63M) 5.157ms
[2020-12-21T13:38:36.022-0500][gc,cpu         ] GC(16834) User=0.01s Sys=0.01s Real=0.01s
[2020-12-21T13:40:20.830-0500][gc,heap        ] GC(16835) Heap before GC invocations=16835 (full 3421): garbage-first heap   total 64512K, used 51469K [0x0000000083000000, 0x0000000100000000)
[2020-12-21T13:40:20.830-0500][gc,heap        ] GC(16835)   region size 1024K, 10 young (10240K), 1 survivors (1024K)
[2020-12-21T13:40:20.830-0500][gc,heap        ] GC(16835)  Metaspace       used 49949K, capacity 52104K, committed 53632K, reserved 1093632K
[2020-12-21T13:40:20.830-0500][gc,heap        ] GC(16835)   class space    used 7422K, capacity 8193K, committed 8832K, reserved 1048576K
[2020-12-21T13:40:20.830-0500][gc,start       ] GC(16835) Pause Young (Normal) (G1 Evacuation Pause)
[2020-12-21T13:40:20.830-0500][gc,task        ] GC(16835) Using 8 workers of 8 for evacuation
[2020-12-21T13:40:20.831-0500][gc,phases      ] GC(16835)   Pre Evacuate Collection Set: 0.0ms
[2020-12-21T13:40:20.831-0500][gc,phases      ] GC(16835)   Evacuate Collection Set: 0.6ms
[2020-12-21T13:40:20.831-0500][gc,phases      ] GC(16835)   Post Evacuate Collection Set: 0.7ms
[2020-12-21T13:40:20.831-0500][gc,phases      ] GC(16835)   Other: 0.2ms
[2020-12-21T13:40:20.831-0500][gc,heap        ] GC(16835) Eden regions: 9->0(9)
[2020-12-21T13:40:20.831-0500][gc,heap        ] GC(16835) Survivor regions: 1->1(2)
[2020-12-21T13:40:20.831-0500][gc,heap        ] GC(16835) Old regions: 41->41
[2020-12-21T13:40:20.831-0500][gc,heap        ] GC(16835) Humongous regions: 4->4
[2020-12-21T13:40:20.831-0500][gc,metaspace   ] GC(16835) Metaspace: 49949K->49949K(1093632K)
[2020-12-21T13:40:20.831-0500][gc,heap        ] GC(16835) Heap after GC invocations=16836 (full 3421): garbage-first heap   total 64512K, used 43308K [0x0000000083000000, 0x0000000100000000)
[2020-12-21T13:40:20.831-0500][gc,heap        ] GC(16835)   region size 1024K, 1 young (1024K), 1 survivors (1024K)
[2020-12-21T13:40:20.831-0500][gc,heap        ] GC(16835)  Metaspace       used 49949K, capacity 52104K, committed 53632K, reserved 1093632K
[2020-12-21T13:40:20.831-0500][gc,heap        ] GC(16835)   class space    used 7422K, capacity 8193K, committed 8832K, reserved 1048576K
[2020-12-21T13:40:20.832-0500][gc             ] GC(16835) Pause Young (Normal) (G1 Evacuation Pause) 51M->42M(63M) 1.570ms
[2020-12-21T13:40:20.832-0500][gc,cpu         ] GC(16835) User=0.00s Sys=0.00s Real=0.00s
[2020-12-21T13:41:45.191-0500][gc,task        ] GC(16836) Using 5 workers of 8 for full compaction
[2020-12-21T13:41:45.191-0500][gc,start       ] GC(16836) Pause Full (System.gc())
[2020-12-21T13:41:45.191-0500][gc,heap        ] GC(16836) Heap before GC invocations=16836 (full 3421): garbage-first heap   total 64512K, used 48428K [0x0000000083000000, 0x0000000100000000)
[2020-12-21T13:41:45.191-0500][gc,heap        ] GC(16836)   region size 1024K, 8 young (8192K), 1 survivors (1024K)
[2020-12-21T13:41:45.191-0500][gc,heap        ] GC(16836)  Metaspace       used 49949K, capacity 52104K, committed 53632K, reserved 1093632K
[2020-12-21T13:41:45.191-0500][gc,heap        ] GC(16836)   class space    used 7422K, capacity 8193K, committed 8832K, reserved 1048576K
[2020-12-21T13:41:45.192-0500][gc,phases,start] GC(16836) Phase 1: Mark live objects
[2020-12-21T13:41:45.232-0500][gc,stringtable ] GC(16836) Cleaned string and symbol table, strings: 33107 processed, 4 removed, symbols: 120816 processed, 0 removed
[2020-12-21T13:41:45.232-0500][gc,phases      ] GC(16836) Phase 1: Mark live objects 40.496ms
[2020-12-21T13:41:45.232-0500][gc,phases,start] GC(16836) Phase 2: Prepare for compaction
[2020-12-21T13:41:45.238-0500][gc,phases      ] GC(16836) Phase 2: Prepare for compaction 5.971ms
[2020-12-21T13:41:45.238-0500][gc,phases,start] GC(16836) Phase 3: Adjust pointers
[2020-12-21T13:41:45.248-0500][gc,phases      ] GC(16836) Phase 3: Adjust pointers 9.849ms
[2020-12-21T13:41:45.248-0500][gc,phases,start] GC(16836) Phase 4: Compact heap
[2020-12-21T13:41:45.250-0500][gc,phases      ] GC(16836) Phase 4: Compact heap 2.166ms
[2020-12-21T13:41:45.256-0500][gc,heap        ] GC(16836) Eden regions: 7->0(8)
[2020-12-21T13:41:45.256-0500][gc,heap        ] GC(16836) Survivor regions: 1->0(2)
[2020-12-21T13:41:45.256-0500][gc,heap        ] GC(16836) Old regions: 41->43
[2020-12-21T13:41:45.256-0500][gc,heap        ] GC(16836) Humongous regions: 4->4
[2020-12-21T13:41:45.256-0500][gc,metaspace   ] GC(16836) Metaspace: 49949K->49949K(1093632K)
[2020-12-21T13:41:45.256-0500][gc,heap        ] GC(16836) Heap after GC invocations=16837 (full 3422): garbage-first heap   total 64512K, used 43214K [0x0000000083000000, 0x0000000100000000)
[2020-12-21T13:41:45.256-0500][gc,heap        ] GC(16836)   region size 1024K, 0 young (0K), 0 survivors (0K)
[2020-12-21T13:41:45.256-0500][gc,heap        ] GC(16836)  Metaspace       used 49949K, capacity 52104K, committed 53632K, reserved 1093632K
[2020-12-21T13:41:45.256-0500][gc,heap        ] GC(16836)   class space    used 7422K, capacity 8193K, committed 8832K, reserved 1048576K
[2020-12-21T13:41:45.256-0500][gc             ] GC(16836) Pause Full (System.gc()) 49M->42M(63M) 65.069ms
[2020-12-21T13:41:45.256-0500][gc,cpu         ] GC(16836) User=0.27s Sys=0.00s Real=0.06s
[2020-12-21T13:43:16.012-0500][gc,heap        ] GC(16837) Heap before GC invocations=16837 (full 3422): garbage-first heap   total 64512K, used 50382K [0x0000000083000000, 0x0000000100000000)
[2020-12-21T13:43:16.012-0500][gc,heap        ] GC(16837)   region size 1024K, 8 young (8192K), 0 survivors (0K)
[2020-12-21T13:43:16.012-0500][gc,heap        ] GC(16837)  Metaspace       used 49949K, capacity 52104K, committed 53632K, reserved 1093632K
[2020-12-21T13:43:16.012-0500][gc,heap        ] GC(16837)   class space    used 7422K, capacity 8193K, committed 8832K, reserved 1048576K
[2020-12-21T13:43:16.012-0500][gc,start       ] GC(16837) Pause Young (Normal) (G1 Evacuation Pause)
[2020-12-21T13:43:16.012-0500][gc,task        ] GC(16837) Using 8 workers of 8 for evacuation
[2020-12-21T13:43:16.025-0500][gc,phases      ] GC(16837)   Pre Evacuate Collection Set: 0.0ms
[2020-12-21T13:43:16.025-0500][gc,phases      ] GC(16837)   Evacuate Collection Set: 1.8ms
[2020-12-21T13:43:16.025-0500][gc,phases      ] GC(16837)   Post Evacuate Collection Set: 10.4ms
[2020-12-21T13:43:16.025-0500][gc,phases      ] GC(16837)   Other: 0.5ms
[2020-12-21T13:43:16.025-0500][gc,heap        ] GC(16837) Eden regions: 8->0(7)
[2020-12-21T13:43:16.025-0500][gc,heap        ] GC(16837) Survivor regions: 0->1(1)
[2020-12-21T13:43:16.025-0500][gc,heap        ] GC(16837) Old regions: 43->43
[2020-12-21T13:43:16.025-0500][gc,heap        ] GC(16837) Humongous regions: 4->4
[2020-12-21T13:43:16.025-0500][gc,metaspace   ] GC(16837) Metaspace: 49949K->49949K(1093632K)
[2020-12-21T13:43:16.025-0500][gc,heap        ] GC(16837) Heap after GC invocations=16838 (full 3422): garbage-first heap   total 64512K, used 43267K [0x0000000083000000, 0x0000000100000000)
[2020-12-21T13:43:16.025-0500][gc,heap        ] GC(16837)   region size 1024K, 1 young (1024K), 1 survivors (1024K)
[2020-12-21T13:43:16.025-0500][gc,heap        ] GC(16837)  Metaspace       used 49949K, capacity 52104K, committed 53632K, reserved 1093632K
[2020-12-21T13:43:16.025-0500][gc,heap        ] GC(16837)   class space    used 7422K, capacity 8193K, committed 8832K, reserved 1048576K
[2020-12-21T13:43:16.025-0500][gc             ] GC(16837) Pause Young (Normal) (G1 Evacuation Pause) 50M->42M(63M) 12.953ms
[2020-12-21T13:43:16.025-0500][gc,cpu         ] GC(16837) User=0.01s Sys=0.01s Real=0.01s
[2020-12-21T13:44:26.020-0500][gc,heap        ] GC(16838) Heap before GC invocations=16838 (full 3422): garbage-first heap   total 64512K, used 49411K [0x0000000083000000, 0x0000000100000000)
[2020-12-21T13:44:26.021-0500][gc,heap        ] GC(16838)   region size 1024K, 8 young (8192K), 1 survivors (1024K)
[2020-12-21T13:44:26.021-0500][gc,heap        ] GC(16838)  Metaspace       used 49949K, capacity 52104K, committed 53632K, reserved 1093632K
[2020-12-21T13:44:26.021-0500][gc,heap        ] GC(16838)   class space    used 7422K, capacity 8193K, committed 8832K, reserved 1048576K
[2020-12-21T13:44:26.021-0500][gc,start       ] GC(16838) Pause Young (Normal) (G1 Evacuation Pause)
[2020-12-21T13:44:26.021-0500][gc,task        ] GC(16838) Using 8 workers of 8 for evacuation
[2020-12-21T13:44:26.026-0500][gc,phases      ] GC(16838)   Pre Evacuate Collection Set: 0.0ms
[2020-12-21T13:44:26.027-0500][gc,phases      ] GC(16838)   Evacuate Collection Set: 2.3ms
[2020-12-21T13:44:26.027-0500][gc,phases      ] GC(16838)   Post Evacuate Collection Set: 2.8ms
[2020-12-21T13:44:26.027-0500][gc,phases      ] GC(16838)   Other: 1.1ms
[2020-12-21T13:44:26.027-0500][gc,heap        ] GC(16838) Eden regions: 7->0(7)
[2020-12-21T13:44:26.027-0500][gc,heap        ] GC(16838) Survivor regions: 1->1(1)
[2020-12-21T13:44:26.027-0500][gc,heap        ] GC(16838) Old regions: 43->43
[2020-12-21T13:44:26.027-0500][gc,heap        ] GC(16838) Humongous regions: 4->4
[2020-12-21T13:44:26.027-0500][gc,metaspace   ] GC(16838) Metaspace: 49949K->49949K(1093632K)
[2020-12-21T13:44:26.027-0500][gc,heap        ] GC(16838) Heap after GC invocations=16839 (full 3422): garbage-first heap   total 64512K, used 43279K [0x0000000083000000, 0x0000000100000000)
[2020-12-21T13:44:26.027-0500][gc,heap        ] GC(16838)   region size 1024K, 1 young (1024K), 1 survivors (1024K)
[2020-12-21T13:44:26.027-0500][gc,heap        ] GC(16838)  Metaspace       used 49949K, capacity 52104K, committed 53632K, reserved 1093632K
[2020-12-21T13:44:26.027-0500][gc,heap        ] GC(16838)   class space    used 7422K, capacity 8193K, committed 8832K, reserved 1048576K
[2020-12-21T13:44:26.027-0500][gc             ] GC(16838) Pause Young (Normal) (G1 Evacuation Pause) 49M->42M(63M) 5.866ms
[2020-12-21T13:44:26.027-0500][gc,cpu         ] GC(16838) User=0.01s Sys=0.01s Real=0.00s
[2020-12-21T13:45:51.937-0500][gc,heap        ] GC(16839) Heap before GC invocations=16839 (full 3422): garbage-first heap   total 64512K, used 50447K [0x0000000083000000, 0x0000000100000000)
[2020-12-21T13:45:51.937-0500][gc,heap        ] GC(16839)   region size 1024K, 8 young (8192K), 1 survivors (1024K)
[2020-12-21T13:45:51.937-0500][gc,heap        ] GC(16839)  Metaspace       used 49949K, capacity 52104K, committed 53632K, reserved 1093632K
[2020-12-21T13:45:51.937-0500][gc,heap        ] GC(16839)   class space    used 7422K, capacity 8193K, committed 8832K, reserved 1048576K
[2020-12-21T13:45:51.938-0500][gc,start       ] GC(16839) Pause Young (Normal) (G1 Evacuation Pause)
[2020-12-21T13:45:51.938-0500][gc,task        ] GC(16839) Using 8 workers of 8 for evacuation
[2020-12-21T13:45:51.941-0500][gc,phases      ] GC(16839)   Pre Evacuate Collection Set: 0.0ms
[2020-12-21T13:45:51.941-0500][gc,phases      ] GC(16839)   Evacuate Collection Set: 2.6ms
[2020-12-21T13:45:51.941-0500][gc,phases      ] GC(16839)   Post Evacuate Collection Set: 0.9ms
[2020-12-21T13:45:51.941-0500][gc,phases      ] GC(16839)   Other: 0.2ms
[2020-12-21T13:45:51.941-0500][gc,heap        ] GC(16839) Eden regions: 7->0(7)
[2020-12-21T13:45:51.941-0500][gc,heap        ] GC(16839) Survivor regions: 1->1(1)
[2020-12-21T13:45:51.941-0500][gc,heap        ] GC(16839) Old regions: 43->43
[2020-12-21T13:45:51.941-0500][gc,heap        ] GC(16839) Humongous regions: 4->4
[2020-12-21T13:45:51.941-0500][gc,metaspace   ] GC(16839) Metaspace: 49949K->49949K(1093632K)
[2020-12-21T13:45:51.941-0500][gc,heap        ] GC(16839) Heap after GC invocations=16840 (full 3422): garbage-first heap   total 64512K, used 43287K [0x0000000083000000, 0x0000000100000000)
[2020-12-21T13:45:51.941-0500][gc,heap        ] GC(16839)   region size 1024K, 1 young (1024K), 1 survivors (1024K)
[2020-12-21T13:45:51.941-0500][gc,heap        ] GC(16839)  Metaspace       used 49949K, capacity 52104K, committed 53632K, reserved 1093632K
[2020-12-21T13:45:51.941-0500][gc,heap        ] GC(16839)   class space    used 7422K, capacity 8193K, committed 8832K, reserved 1048576K
[2020-12-21T13:45:51.941-0500][gc             ] GC(16839) Pause Young (Normal) (G1 Evacuation Pause) 49M->42M(63M) 3.670ms
[2020-12-21T13:45:51.941-0500][gc,cpu         ] GC(16839) User=0.01s Sys=0.00s Real=0.01s
[2020-12-21T13:46:45.192-0500][gc,task        ] GC(16840) Using 5 workers of 8 for full compaction
[2020-12-21T13:46:45.192-0500][gc,start       ] GC(16840) Pause Full (System.gc())
[2020-12-21T13:46:45.192-0500][gc,heap        ] GC(16840) Heap before GC invocations=16840 (full 3422): garbage-first heap   total 64512K, used 47383K [0x0000000083000000, 0x0000000100000000)
[2020-12-21T13:46:45.192-0500][gc,heap        ] GC(16840)   region size 1024K, 6 young (6144K), 1 survivors (1024K)
[2020-12-21T13:46:45.192-0500][gc,heap        ] GC(16840)  Metaspace       used 49949K, capacity 52104K, committed 53632K, reserved 1093632K
[2020-12-21T13:46:45.192-0500][gc,heap        ] GC(16840)   class space    used 7422K, capacity 8193K, committed 8832K, reserved 1048576K
[2020-12-21T13:46:45.192-0500][gc,phases,start] GC(16840) Phase 1: Mark live objects
[2020-12-21T13:46:45.219-0500][gc,stringtable ] GC(16840) Cleaned string and symbol table, strings: 33107 processed, 4 removed, symbols: 120816 processed, 0 removed
[2020-12-21T13:46:45.219-0500][gc,phases      ] GC(16840) Phase 1: Mark live objects 27.189ms
[2020-12-21T13:46:45.219-0500][gc,phases,start] GC(16840) Phase 2: Prepare for compaction
[2020-12-21T13:46:45.223-0500][gc,phases      ] GC(16840) Phase 2: Prepare for compaction 3.422ms
[2020-12-21T13:46:45.223-0500][gc,phases,start] GC(16840) Phase 3: Adjust pointers
[2020-12-21T13:46:45.233-0500][gc,phases      ] GC(16840) Phase 3: Adjust pointers 10.184ms
[2020-12-21T13:46:45.233-0500][gc,phases,start] GC(16840) Phase 4: Compact heap
[2020-12-21T13:46:45.235-0500][gc,phases      ] GC(16840) Phase 4: Compact heap 2.196ms
[2020-12-21T13:46:45.241-0500][gc,heap        ] GC(16840) Eden regions: 5->0(10)
[2020-12-21T13:46:45.241-0500][gc,heap        ] GC(16840) Survivor regions: 1->0(1)
[2020-12-21T13:46:45.241-0500][gc,heap        ] GC(16840) Old regions: 43->41
[2020-12-21T13:46:45.241-0500][gc,heap        ] GC(16840) Humongous regions: 4->4
[2020-12-21T13:46:45.241-0500][gc,metaspace   ] GC(16840) Metaspace: 49949K->49949K(1093632K)
[2020-12-21T13:46:45.241-0500][gc,heap        ] GC(16840) Heap after GC invocations=16841 (full 3423): garbage-first heap   total 64512K, used 43220K [0x0000000083000000, 0x0000000100000000)
[2020-12-21T13:46:45.241-0500][gc,heap        ] GC(16840)   region size 1024K, 0 young (0K), 0 survivors (0K)
[2020-12-21T13:46:45.241-0500][gc,heap        ] GC(16840)  Metaspace       used 49949K, capacity 52104K, committed 53632K, reserved 1093632K
[2020-12-21T13:46:45.241-0500][gc,heap        ] GC(16840)   class space    used 7422K, capacity 8193K, committed 8832K, reserved 1048576K
[2020-12-21T13:46:45.241-0500][gc             ] GC(16840) Pause Full (System.gc()) 47M->42M(63M) 49.420ms
[2020-12-21T13:46:45.241-0500][gc,cpu         ] GC(16840) User=0.20s Sys=0.00s Real=0.05s
[2020-12-21T13:48:36.014-0500][gc,heap        ] GC(16841) Heap before GC invocations=16841 (full 3423): garbage-first heap   total 64512K, used 52436K [0x0000000083000000, 0x0000000100000000)
[2020-12-21T13:48:36.015-0500][gc,heap        ] GC(16841)   region size 1024K, 10 young (10240K), 0 survivors (0K)
[2020-12-21T13:48:36.015-0500][gc,heap        ] GC(16841)  Metaspace       used 49949K, capacity 52104K, committed 53632K, reserved 1093632K
[2020-12-21T13:48:36.015-0500][gc,heap        ] GC(16841)   class space    used 7422K, capacity 8193K, committed 8832K, reserved 1048576K
[2020-12-21T13:48:36.015-0500][gc,start       ] GC(16841) Pause Young (Normal) (G1 Evacuation Pause)
[2020-12-21T13:48:36.015-0500][gc,task        ] GC(16841) Using 8 workers of 8 for evacuation
[2020-12-21T13:48:36.019-0500][gc,phases      ] GC(16841)   Pre Evacuate Collection Set: 0.2ms
[2020-12-21T13:48:36.019-0500][gc,phases      ] GC(16841)   Evacuate Collection Set: 1.5ms
[2020-12-21T13:48:36.019-0500][gc,phases      ] GC(16841)   Post Evacuate Collection Set: 2.5ms
[2020-12-21T13:48:36.019-0500][gc,phases      ] GC(16841)   Other: 0.6ms
[2020-12-21T13:48:36.019-0500][gc,heap        ] GC(16841) Eden regions: 10->0(9)
[2020-12-21T13:48:36.020-0500][gc,heap        ] GC(16841) Survivor regions: 0->1(2)
[2020-12-21T13:48:36.020-0500][gc,heap        ] GC(16841) Old regions: 41->41
[2020-12-21T13:48:36.020-0500][gc,heap        ] GC(16841) Humongous regions: 4->4
[2020-12-21T13:48:36.020-0500][gc,metaspace   ] GC(16841) Metaspace: 49949K->49949K(1093632K)
[2020-12-21T13:48:36.020-0500][gc,heap        ] GC(16841) Heap after GC invocations=16842 (full 3423): garbage-first heap   total 64512K, used 43297K [0x0000000083000000, 0x0000000100000000)
[2020-12-21T13:48:36.020-0500][gc,heap        ] GC(16841)   region size 1024K, 1 young (1024K), 1 survivors (1024K)
[2020-12-21T13:48:36.020-0500][gc,heap        ] GC(16841)  Metaspace       used 49949K, capacity 52104K, committed 53632K, reserved 1093632K
[2020-12-21T13:48:36.020-0500][gc,heap        ] GC(16841)   class space    used 7422K, capacity 8193K, committed 8832K, reserved 1048576K
[2020-12-21T13:48:36.020-0500][gc             ] GC(16841) Pause Young (Normal) (G1 Evacuation Pause) 52M->42M(63M) 5.064ms
[2020-12-21T13:48:36.020-0500][gc,cpu         ] GC(16841) User=0.01s Sys=0.01s Real=0.01s
[2020-12-21T13:50:22.715-0500][gc,heap        ] GC(16842) Heap before GC invocations=16842 (full 3423): garbage-first heap   total 64512K, used 51489K [0x0000000083000000, 0x0000000100000000)
[2020-12-21T13:50:22.715-0500][gc,heap        ] GC(16842)   region size 1024K, 10 young (10240K), 1 survivors (1024K)
[2020-12-21T13:50:22.715-0500][gc,heap        ] GC(16842)  Metaspace       used 49949K, capacity 52104K, committed 53632K, reserved 1093632K
[2020-12-21T13:50:22.715-0500][gc,heap        ] GC(16842)   class space    used 7422K, capacity 8193K, committed 8832K, reserved 1048576K
[2020-12-21T13:50:22.715-0500][gc,start       ] GC(16842) Pause Young (Normal) (G1 Evacuation Pause)
[2020-12-21T13:50:22.715-0500][gc,task        ] GC(16842) Using 8 workers of 8 for evacuation
[2020-12-21T13:50:22.717-0500][gc,phases      ] GC(16842)   Pre Evacuate Collection Set: 0.0ms
[2020-12-21T13:50:22.717-0500][gc,phases      ] GC(16842)   Evacuate Collection Set: 0.6ms
[2020-12-21T13:50:22.717-0500][gc,phases      ] GC(16842)   Post Evacuate Collection Set: 1.0ms
[2020-12-21T13:50:22.717-0500][gc,phases      ] GC(16842)   Other: 0.2ms
[2020-12-21T13:50:22.717-0500][gc,heap        ] GC(16842) Eden regions: 9->0(9)
[2020-12-21T13:50:22.717-0500][gc,heap        ] GC(16842) Survivor regions: 1->1(2)
[2020-12-21T13:50:22.717-0500][gc,heap        ] GC(16842) Old regions: 41->41
[2020-12-21T13:50:22.717-0500][gc,heap        ] GC(16842) Humongous regions: 4->4
[2020-12-21T13:50:22.717-0500][gc,metaspace   ] GC(16842) Metaspace: 49949K->49949K(1093632K)
[2020-12-21T13:50:22.717-0500][gc,heap        ] GC(16842) Heap after GC invocations=16843 (full 3423): garbage-first heap   total 64512K, used 43306K [0x0000000083000000, 0x0000000100000000)
[2020-12-21T13:50:22.717-0500][gc,heap        ] GC(16842)   region size 1024K, 1 young (1024K), 1 survivors (1024K)
[2020-12-21T13:50:22.717-0500][gc,heap        ] GC(16842)  Metaspace       used 49949K, capacity 52104K, committed 53632K, reserved 1093632K
[2020-12-21T13:50:22.717-0500][gc,heap        ] GC(16842)   class space    used 7422K, capacity 8193K, committed 8832K, reserved 1048576K
[2020-12-21T13:50:22.717-0500][gc             ] GC(16842) Pause Young (Normal) (G1 Evacuation Pause) 51M->42M(63M) 1.866ms
[2020-12-21T13:50:22.717-0500][gc,cpu         ] GC(16842) User=0.01s Sys=0.00s Real=0.00s
[2020-12-21T13:51:45.190-0500][gc,task        ] GC(16843) Using 5 workers of 8 for full compaction
[2020-12-21T13:51:45.190-0500][gc,start       ] GC(16843) Pause Full (System.gc())
[2020-12-21T13:51:45.190-0500][gc,heap        ] GC(16843) Heap before GC invocations=16843 (full 3423): garbage-first heap   total 64512K, used 48426K [0x0000000083000000, 0x0000000100000000)
[2020-12-21T13:51:45.190-0500][gc,heap        ] GC(16843)   region size 1024K, 8 young (8192K), 1 survivors (1024K)
[2020-12-21T13:51:45.190-0500][gc,heap        ] GC(16843)  Metaspace       used 49949K, capacity 52104K, committed 53632K, reserved 1093632K
[2020-12-21T13:51:45.190-0500][gc,heap        ] GC(16843)   class space    used 7422K, capacity 8193K, committed 8832K, reserved 1048576K
[2020-12-21T13:51:45.191-0500][gc,phases,start] GC(16843) Phase 1: Mark live objects
[2020-12-21T13:51:45.231-0500][gc,stringtable ] GC(16843) Cleaned string and symbol table, strings: 33107 processed, 4 removed, symbols: 120816 processed, 0 removed
[2020-12-21T13:51:45.231-0500][gc,phases      ] GC(16843) Phase 1: Mark live objects 40.880ms
[2020-12-21T13:51:45.232-0500][gc,phases,start] GC(16843) Phase 2: Prepare for compaction
[2020-12-21T13:51:45.237-0500][gc,phases      ] GC(16843) Phase 2: Prepare for compaction 5.388ms
[2020-12-21T13:51:45.237-0500][gc,phases,start] GC(16843) Phase 3: Adjust pointers
[2020-12-21T13:51:45.249-0500][gc,phases      ] GC(16843) Phase 3: Adjust pointers 12.165ms
[2020-12-21T13:51:45.249-0500][gc,phases,start] GC(16843) Phase 4: Compact heap
[2020-12-21T13:51:45.252-0500][gc,phases      ] GC(16843) Phase 4: Compact heap 2.682ms
[2020-12-21T13:51:45.258-0500][gc,heap        ] GC(16843) Eden regions: 7->0(10)
[2020-12-21T13:51:45.258-0500][gc,heap        ] GC(16843) Survivor regions: 1->0(2)
[2020-12-21T13:51:45.258-0500][gc,heap        ] GC(16843) Old regions: 41->41
[2020-12-21T13:51:45.258-0500][gc,heap        ] GC(16843) Humongous regions: 4->4
[2020-12-21T13:51:45.258-0500][gc,metaspace   ] GC(16843) Metaspace: 49949K->49949K(1093632K)
[2020-12-21T13:51:45.258-0500][gc,heap        ] GC(16843) Heap after GC invocations=16844 (full 3424): garbage-first heap   total 64512K, used 43214K [0x0000000083000000, 0x0000000100000000)
[2020-12-21T13:51:45.258-0500][gc,heap        ] GC(16843)   region size 1024K, 0 young (0K), 0 survivors (0K)
[2020-12-21T13:51:45.258-0500][gc,heap        ] GC(16843)  Metaspace       used 49949K, capacity 52104K, committed 53632K, reserved 1093632K
[2020-12-21T13:51:45.258-0500][gc,heap        ] GC(16843)   class space    used 7422K, capacity 8193K, committed 8832K, reserved 1048576K
[2020-12-21T13:51:45.258-0500][gc             ] GC(16843) Pause Full (System.gc()) 49M->42M(63M) 67.933ms
[2020-12-21T13:51:45.258-0500][gc,cpu         ] GC(16843) User=0.29s Sys=0.00s Real=0.07s
[2020-12-21T13:53:31.022-0500][gc,heap        ] GC(16844) Heap before GC invocations=16844 (full 3424): garbage-first heap   total 64512K, used 52430K [0x0000000083000000, 0x0000000100000000)
[2020-12-21T13:53:31.022-0500][gc,heap        ] GC(16844)   region size 1024K, 10 young (10240K), 0 survivors (0K)
[2020-12-21T13:53:31.022-0500][gc,heap        ] GC(16844)  Metaspace       used 49949K, capacity 52104K, committed 53632K, reserved 1093632K
[2020-12-21T13:53:31.022-0500][gc,heap        ] GC(16844)   class space    used 7422K, capacity 8193K, committed 8832K, reserved 1048576K
[2020-12-21T13:53:31.022-0500][gc,start       ] GC(16844) Pause Young (Normal) (G1 Evacuation Pause)
[2020-12-21T13:53:31.022-0500][gc,task        ] GC(16844) Using 8 workers of 8 for evacuation
[2020-12-21T13:53:31.028-0500][gc,phases      ] GC(16844)   Pre Evacuate Collection Set: 0.0ms
[2020-12-21T13:53:31.028-0500][gc,phases      ] GC(16844)   Evacuate Collection Set: 3.8ms
[2020-12-21T13:53:31.028-0500][gc,phases      ] GC(16844)   Post Evacuate Collection Set: 2.1ms
[2020-12-21T13:53:31.028-0500][gc,phases      ] GC(16844)   Other: 0.5ms
[2020-12-21T13:53:31.028-0500][gc,heap        ] GC(16844) Eden regions: 10->0(9)
[2020-12-21T13:53:31.028-0500][gc,heap        ] GC(16844) Survivor regions: 0->1(2)
[2020-12-21T13:53:31.028-0500][gc,heap        ] GC(16844) Old regions: 41->41
[2020-12-21T13:53:31.028-0500][gc,heap        ] GC(16844) Humongous regions: 4->4
[2020-12-21T13:53:31.028-0500][gc,metaspace   ] GC(16844) Metaspace: 49949K->49949K(1093632K)
[2020-12-21T13:53:31.028-0500][gc,heap        ] GC(16844) Heap after GC invocations=16845 (full 3424): garbage-first heap   total 64512K, used 43279K [0x0000000083000000, 0x0000000100000000)
[2020-12-21T13:53:31.028-0500][gc,heap        ] GC(16844)   region size 1024K, 1 young (1024K), 1 survivors (1024K)
[2020-12-21T13:53:31.028-0500][gc,heap        ] GC(16844)  Metaspace       used 49949K, capacity 52104K, committed 53632K, reserved 1093632K
[2020-12-21T13:53:31.028-0500][gc,heap        ] GC(16844)   class space    used 7422K, capacity 8193K, committed 8832K, reserved 1048576K
[2020-12-21T13:53:31.029-0500][gc             ] GC(16844) Pause Young (Normal) (G1 Evacuation Pause) 52M->42M(63M) 6.420ms
[2020-12-21T13:53:31.029-0500][gc,cpu         ] GC(16844) User=0.03s Sys=0.01s Real=0.01s
[2020-12-21T13:55:16.020-0500][gc,heap        ] GC(16845) Heap before GC invocations=16845 (full 3424): garbage-first heap   total 64512K, used 51471K [0x0000000083000000, 0x0000000100000000)
[2020-12-21T13:55:16.020-0500][gc,heap        ] GC(16845)   region size 1024K, 10 young (10240K), 1 survivors (1024K)
[2020-12-21T13:55:16.020-0500][gc,heap        ] GC(16845)  Metaspace       used 49949K, capacity 52104K, committed 53632K, reserved 1093632K
[2020-12-21T13:55:16.021-0500][gc,heap        ] GC(16845)   class space    used 7422K, capacity 8193K, committed 8832K, reserved 1048576K
[2020-12-21T13:55:16.021-0500][gc,start       ] GC(16845) Pause Young (Normal) (G1 Evacuation Pause)
[2020-12-21T13:55:16.021-0500][gc,task        ] GC(16845) Using 8 workers of 8 for evacuation
[2020-12-21T13:55:16.025-0500][gc,phases      ] GC(16845)   Pre Evacuate Collection Set: 0.0ms
[2020-12-21T13:55:16.025-0500][gc,phases      ] GC(16845)   Evacuate Collection Set: 1.4ms
[2020-12-21T13:55:16.025-0500][gc,phases      ] GC(16845)   Post Evacuate Collection Set: 3.0ms
[2020-12-21T13:55:16.026-0500][gc,phases      ] GC(16845)   Other: 0.6ms
[2020-12-21T13:55:16.026-0500][gc,heap        ] GC(16845) Eden regions: 9->0(9)
[2020-12-21T13:55:16.026-0500][gc,heap        ] GC(16845) Survivor regions: 1->1(2)
[2020-12-21T13:55:16.026-0500][gc,heap        ] GC(16845) Old regions: 41->41
[2020-12-21T13:55:16.026-0500][gc,heap        ] GC(16845) Humongous regions: 4->4
[2020-12-21T13:55:16.026-0500][gc,metaspace   ] GC(16845) Metaspace: 49949K->49949K(1093632K)
[2020-12-21T13:55:16.026-0500][gc,heap        ] GC(16845) Heap after GC invocations=16846 (full 3424): garbage-first heap   total 64512K, used 43290K [0x0000000083000000, 0x0000000100000000)
[2020-12-21T13:55:16.026-0500][gc,heap        ] GC(16845)   region size 1024K, 1 young (1024K), 1 survivors (1024K)
[2020-12-21T13:55:16.026-0500][gc,heap        ] GC(16845)  Metaspace       used 49949K, capacity 52104K, committed 53632K, reserved 1093632K
[2020-12-21T13:55:16.026-0500][gc,heap        ] GC(16845)   class space    used 7422K, capacity 8193K, committed 8832K, reserved 1048576K
[2020-12-21T13:55:16.026-0500][gc             ] GC(16845) Pause Young (Normal) (G1 Evacuation Pause) 51M->42M(63M) 5.239ms
[2020-12-21T13:55:16.026-0500][gc,cpu         ] GC(16845) User=0.01s Sys=0.01s Real=0.00s
[2020-12-21T13:56:45.191-0500][gc,task        ] GC(16846) Using 5 workers of 8 for full compaction
[2020-12-21T13:56:45.191-0500][gc,start       ] GC(16846) Pause Full (System.gc())
[2020-12-21T13:56:45.191-0500][gc,heap        ] GC(16846) Heap before GC invocations=16846 (full 3424): garbage-first heap   total 64512K, used 50458K [0x0000000083000000, 0x0000000100000000)
[2020-12-21T13:56:45.191-0500][gc,heap        ] GC(16846)   region size 1024K, 9 young (9216K), 1 survivors (1024K)
[2020-12-21T13:56:45.192-0500][gc,heap        ] GC(16846)  Metaspace       used 49949K, capacity 52104K, committed 53632K, reserved 1093632K
[2020-12-21T13:56:45.192-0500][gc,heap        ] GC(16846)   class space    used 7422K, capacity 8193K, committed 8832K, reserved 1048576K
[2020-12-21T13:56:45.192-0500][gc,phases,start] GC(16846) Phase 1: Mark live objects
[2020-12-21T13:56:45.229-0500][gc,stringtable ] GC(16846) Cleaned string and symbol table, strings: 33107 processed, 4 removed, symbols: 120816 processed, 0 removed
[2020-12-21T13:56:45.229-0500][gc,phases      ] GC(16846) Phase 1: Mark live objects 37.299ms
[2020-12-21T13:56:45.229-0500][gc,phases,start] GC(16846) Phase 2: Prepare for compaction
[2020-12-21T13:56:45.234-0500][gc,phases      ] GC(16846) Phase 2: Prepare for compaction 4.345ms
[2020-12-21T13:56:45.234-0500][gc,phases,start] GC(16846) Phase 3: Adjust pointers
[2020-12-21T13:56:45.247-0500][gc,phases      ] GC(16846) Phase 3: Adjust pointers 12.769ms
[2020-12-21T13:56:45.247-0500][gc,phases,start] GC(16846) Phase 4: Compact heap
[2020-12-21T13:56:45.249-0500][gc,phases      ] GC(16846) Phase 4: Compact heap 2.667ms
[2020-12-21T13:56:45.255-0500][gc,heap        ] GC(16846) Eden regions: 8->0(10)
[2020-12-21T13:56:45.255-0500][gc,heap        ] GC(16846) Survivor regions: 1->0(2)
[2020-12-21T13:56:45.255-0500][gc,heap        ] GC(16846) Old regions: 41->41
[2020-12-21T13:56:45.255-0500][gc,heap        ] GC(16846) Humongous regions: 4->4
[2020-12-21T13:56:45.255-0500][gc,metaspace   ] GC(16846) Metaspace: 49949K->49949K(1093632K)
[2020-12-21T13:56:45.255-0500][gc,heap        ] GC(16846) Heap after GC invocations=16847 (full 3425): garbage-first heap   total 64512K, used 43216K [0x0000000083000000, 0x0000000100000000)
[2020-12-21T13:56:45.255-0500][gc,heap        ] GC(16846)   region size 1024K, 0 young (0K), 0 survivors (0K)
[2020-12-21T13:56:45.255-0500][gc,heap        ] GC(16846)  Metaspace       used 49949K, capacity 52104K, committed 53632K, reserved 1093632K
[2020-12-21T13:56:45.255-0500][gc,heap        ] GC(16846)   class space    used 7422K, capacity 8193K, committed 8832K, reserved 1048576K
[2020-12-21T13:56:45.255-0500][gc             ] GC(16846) Pause Full (System.gc()) 49M->42M(63M) 63.748ms
[2020-12-21T13:56:45.255-0500][gc,cpu         ] GC(16846) User=0.27s Sys=0.00s Real=0.06s
[2020-12-21T13:58:36.015-0500][gc,heap        ] GC(16847) Heap before GC invocations=16847 (full 3425): garbage-first heap   total 64512K, used 52432K [0x0000000083000000, 0x0000000100000000)
[2020-12-21T13:58:36.015-0500][gc,heap        ] GC(16847)   region size 1024K, 10 young (10240K), 0 survivors (0K)
[2020-12-21T13:58:36.015-0500][gc,heap        ] GC(16847)  Metaspace       used 49949K, capacity 52104K, committed 53632K, reserved 1093632K
[2020-12-21T13:58:36.015-0500][gc,heap        ] GC(16847)   class space    used 7422K, capacity 8193K, committed 8832K, reserved 1048576K
[2020-12-21T13:58:36.015-0500][gc,start       ] GC(16847) Pause Young (Normal) (G1 Evacuation Pause)
[2020-12-21T13:58:36.015-0500][gc,task        ] GC(16847) Using 8 workers of 8 for evacuation
[2020-12-21T13:58:36.021-0500][gc,phases      ] GC(16847)   Pre Evacuate Collection Set: 0.0ms
[2020-12-21T13:58:36.021-0500][gc,phases      ] GC(16847)   Evacuate Collection Set: 3.8ms
[2020-12-21T13:58:36.021-0500][gc,phases      ] GC(16847)   Post Evacuate Collection Set: 1.8ms
[2020-12-21T13:58:36.021-0500][gc,phases      ] GC(16847)   Other: 0.4ms
[2020-12-21T13:58:36.021-0500][gc,heap        ] GC(16847) Eden regions: 10->0(9)
[2020-12-21T13:58:36.021-0500][gc,heap        ] GC(16847) Survivor regions: 0->1(2)
[2020-12-21T13:58:36.021-0500][gc,heap        ] GC(16847) Old regions: 41->41
[2020-12-21T13:58:36.021-0500][gc,heap        ] GC(16847) Humongous regions: 4->4
[2020-12-21T13:58:36.021-0500][gc,metaspace   ] GC(16847) Metaspace: 49949K->49949K(1093632K)
[2020-12-21T13:58:36.021-0500][gc,heap        ] GC(16847) Heap after GC invocations=16848 (full 3425): garbage-first heap   total 64512K, used 43273K [0x0000000083000000, 0x0000000100000000)
[2020-12-21T13:58:36.021-0500][gc,heap        ] GC(16847)   region size 1024K, 1 young (1024K), 1 survivors (1024K)
[2020-12-21T13:58:36.021-0500][gc,heap        ] GC(16847)  Metaspace       used 49949K, capacity 52104K, committed 53632K, reserved 1093632K
[2020-12-21T13:58:36.021-0500][gc,heap        ] GC(16847)   class space    used 7422K, capacity 8193K, committed 8832K, reserved 1048576K
[2020-12-21T13:58:36.021-0500][gc             ] GC(16847) Pause Young (Normal) (G1 Evacuation Pause) 52M->42M(63M) 6.084ms
[2020-12-21T13:58:36.021-0500][gc,cpu         ] GC(16847) User=0.02s Sys=0.01s Real=0.01s
[2020-12-21T14:00:24.668-0500][gc,heap        ] GC(16848) Heap before GC invocations=16848 (full 3425): garbage-first heap   total 64512K, used 52489K [0x0000000083000000, 0x0000000100000000)
[2020-12-21T14:00:24.668-0500][gc,heap        ] GC(16848)   region size 1024K, 10 young (10240K), 1 survivors (1024K)
[2020-12-21T14:00:24.668-0500][gc,heap        ] GC(16848)  Metaspace       used 49949K, capacity 52104K, committed 53632K, reserved 1093632K
[2020-12-21T14:00:24.668-0500][gc,heap        ] GC(16848)   class space    used 7422K, capacity 8193K, committed 8832K, reserved 1048576K
[2020-12-21T14:00:24.668-0500][gc,start       ] GC(16848) Pause Young (Normal) (G1 Evacuation Pause)
[2020-12-21T14:00:24.668-0500][gc,task        ] GC(16848) Using 8 workers of 8 for evacuation
[2020-12-21T14:00:24.671-0500][gc,phases      ] GC(16848)   Pre Evacuate Collection Set: 0.0ms
[2020-12-21T14:00:24.671-0500][gc,phases      ] GC(16848)   Evacuate Collection Set: 1.0ms
[2020-12-21T14:00:24.671-0500][gc,phases      ] GC(16848)   Post Evacuate Collection Set: 1.3ms
[2020-12-21T14:00:24.671-0500][gc,phases      ] GC(16848)   Other: 0.2ms
[2020-12-21T14:00:24.671-0500][gc,heap        ] GC(16848) Eden regions: 9->0(9)
[2020-12-21T14:00:24.671-0500][gc,heap        ] GC(16848) Survivor regions: 1->1(2)
[2020-12-21T14:00:24.671-0500][gc,heap        ] GC(16848) Old regions: 41->41
[2020-12-21T14:00:24.671-0500][gc,heap        ] GC(16848) Humongous regions: 4->4
[2020-12-21T14:00:24.671-0500][gc,metaspace   ] GC(16848) Metaspace: 49949K->49949K(1093632K)
[2020-12-21T14:00:24.671-0500][gc,heap        ] GC(16848) Heap after GC invocations=16849 (full 3425): garbage-first heap   total 64512K, used 43298K [0x0000000083000000, 0x0000000100000000)
[2020-12-21T14:00:24.671-0500][gc,heap        ] GC(16848)   region size 1024K, 1 young (1024K), 1 survivors (1024K)
[2020-12-21T14:00:24.671-0500][gc,heap        ] GC(16848)  Metaspace       used 49949K, capacity 52104K, committed 53632K, reserved 1093632K
[2020-12-21T14:00:24.671-0500][gc,heap        ] GC(16848)   class space    used 7422K, capacity 8193K, committed 8832K, reserved 1048576K
[2020-12-21T14:00:24.671-0500][gc             ] GC(16848) Pause Young (Normal) (G1 Evacuation Pause) 51M->42M(63M) 2.604ms
[2020-12-21T14:00:24.671-0500][gc,cpu         ] GC(16848) User=0.00s Sys=0.00s Real=0.00s
[2020-12-21T14:01:45.192-0500][gc,task        ] GC(16849) Using 5 workers of 8 for full compaction
[2020-12-21T14:01:45.192-0500][gc,start       ] GC(16849) Pause Full (System.gc())
[2020-12-21T14:01:45.192-0500][gc,heap        ] GC(16849) Heap before GC invocations=16849 (full 3425): garbage-first heap   total 64512K, used 49442K [0x0000000083000000, 0x0000000100000000)
[2020-12-21T14:01:45.192-0500][gc,heap        ] GC(16849)   region size 1024K, 8 young (8192K), 1 survivors (1024K)
[2020-12-21T14:01:45.192-0500][gc,heap        ] GC(16849)  Metaspace       used 49949K, capacity 52104K, committed 53632K, reserved 1093632K
[2020-12-21T14:01:45.192-0500][gc,heap        ] GC(16849)   class space    used 7422K, capacity 8193K, committed 8832K, reserved 1048576K
[2020-12-21T14:01:45.192-0500][gc,phases,start] GC(16849) Phase 1: Mark live objects
[2020-12-21T14:01:45.230-0500][gc,stringtable ] GC(16849) Cleaned string and symbol table, strings: 33107 processed, 4 removed, symbols: 120816 processed, 0 removed
[2020-12-21T14:01:45.230-0500][gc,phases      ] GC(16849) Phase 1: Mark live objects 38.004ms
[2020-12-21T14:01:45.230-0500][gc,phases,start] GC(16849) Phase 2: Prepare for compaction
[2020-12-21T14:01:45.234-0500][gc,phases      ] GC(16849) Phase 2: Prepare for compaction 4.042ms
[2020-12-21T14:01:45.234-0500][gc,phases,start] GC(16849) Phase 3: Adjust pointers
[2020-12-21T14:01:45.247-0500][gc,phases      ] GC(16849) Phase 3: Adjust pointers 12.407ms
[2020-12-21T14:01:45.247-0500][gc,phases,start] GC(16849) Phase 4: Compact heap
[2020-12-21T14:01:45.250-0500][gc,phases      ] GC(16849) Phase 4: Compact heap 2.864ms
[2020-12-21T14:01:45.255-0500][gc,heap        ] GC(16849) Eden regions: 7->0(9)
[2020-12-21T14:01:45.256-0500][gc,heap        ] GC(16849) Survivor regions: 1->0(2)
[2020-12-21T14:01:45.256-0500][gc,heap        ] GC(16849) Old regions: 41->42
[2020-12-21T14:01:45.256-0500][gc,heap        ] GC(16849) Humongous regions: 4->4
[2020-12-21T14:01:45.256-0500][gc,metaspace   ] GC(16849) Metaspace: 49949K->49949K(1093632K)
[2020-12-21T14:01:45.256-0500][gc,heap        ] GC(16849) Heap after GC invocations=16850 (full 3426): garbage-first heap   total 64512K, used 43214K [0x0000000083000000, 0x0000000100000000)
[2020-12-21T14:01:45.256-0500][gc,heap        ] GC(16849)   region size 1024K, 0 young (0K), 0 survivors (0K)
[2020-12-21T14:01:45.256-0500][gc,heap        ] GC(16849)  Metaspace       used 49949K, capacity 52104K, committed 53632K, reserved 1093632K
[2020-12-21T14:01:45.256-0500][gc,heap        ] GC(16849)   class space    used 7422K, capacity 8193K, committed 8832K, reserved 1048576K
[2020-12-21T14:01:45.256-0500][gc             ] GC(16849) Pause Full (System.gc()) 49M->42M(63M) 63.855ms
[2020-12-21T14:01:45.256-0500][gc,cpu         ] GC(16849) User=0.28s Sys=0.00s Real=0.06s
[2020-12-21T14:03:25.196-0500][gc,heap        ] GC(16850) Heap before GC invocations=16850 (full 3426): garbage-first heap   total 64512K, used 51406K [0x0000000083000000, 0x0000000100000000)
[2020-12-21T14:03:25.196-0500][gc,heap        ] GC(16850)   region size 1024K, 9 young (9216K), 0 survivors (0K)
[2020-12-21T14:03:25.196-0500][gc,heap        ] GC(16850)  Metaspace       used 49949K, capacity 52104K, committed 53632K, reserved 1093632K
[2020-12-21T14:03:25.196-0500][gc,heap        ] GC(16850)   class space    used 7422K, capacity 8193K, committed 8832K, reserved 1048576K
[2020-12-21T14:03:25.196-0500][gc,start       ] GC(16850) Pause Young (Normal) (G1 Evacuation Pause)
[2020-12-21T14:03:25.196-0500][gc,task        ] GC(16850) Using 8 workers of 8 for evacuation
[2020-12-21T14:03:25.198-0500][gc,phases      ] GC(16850)   Pre Evacuate Collection Set: 0.1ms
[2020-12-21T14:03:25.198-0500][gc,phases      ] GC(16850)   Evacuate Collection Set: 0.5ms
[2020-12-21T14:03:25.198-0500][gc,phases      ] GC(16850)   Post Evacuate Collection Set: 0.9ms
[2020-12-21T14:03:25.198-0500][gc,phases      ] GC(16850)   Other: 0.2ms
[2020-12-21T14:03:25.198-0500][gc,heap        ] GC(16850) Eden regions: 9->0(8)
[2020-12-21T14:03:25.198-0500][gc,heap        ] GC(16850) Survivor regions: 0->1(2)
[2020-12-21T14:03:25.198-0500][gc,heap        ] GC(16850) Old regions: 42->42
[2020-12-21T14:03:25.198-0500][gc,heap        ] GC(16850) Humongous regions: 4->4
[2020-12-21T14:03:25.198-0500][gc,metaspace   ] GC(16850) Metaspace: 49949K->49949K(1093632K)
[2020-12-21T14:03:25.198-0500][gc,heap        ] GC(16850) Heap after GC invocations=16851 (full 3426): garbage-first heap   total 64512K, used 43346K [0x0000000083000000, 0x0000000100000000)
[2020-12-21T14:03:25.198-0500][gc,heap        ] GC(16850)   region size 1024K, 1 young (1024K), 1 survivors (1024K)
[2020-12-21T14:03:25.198-0500][gc,heap        ] GC(16850)  Metaspace       used 49949K, capacity 52104K, committed 53632K, reserved 1093632K
[2020-12-21T14:03:25.198-0500][gc,heap        ] GC(16850)   class space    used 7422K, capacity 8193K, committed 8832K, reserved 1048576K
[2020-12-21T14:03:25.198-0500][gc             ] GC(16850) Pause Young (Normal) (G1 Evacuation Pause) 51M->42M(63M) 1.758ms
[2020-12-21T14:03:25.198-0500][gc,cpu         ] GC(16850) User=0.00s Sys=0.00s Real=0.01s
[2020-12-21T14:04:55.429-0500][gc,heap        ] GC(16851) Heap before GC invocations=16851 (full 3426): garbage-first heap   total 64512K, used 51538K [0x0000000083000000, 0x0000000100000000)
[2020-12-21T14:04:55.429-0500][gc,heap        ] GC(16851)   region size 1024K, 9 young (9216K), 1 survivors (1024K)
[2020-12-21T14:04:55.429-0500][gc,heap        ] GC(16851)  Metaspace       used 49949K, capacity 52104K, committed 53632K, reserved 1093632K
[2020-12-21T14:04:55.429-0500][gc,heap        ] GC(16851)   class space    used 7422K, capacity 8193K, committed 8832K, reserved 1048576K
[2020-12-21T14:04:55.429-0500][gc,start       ] GC(16851) Pause Young (Normal) (G1 Evacuation Pause)
[2020-12-21T14:04:55.429-0500][gc,task        ] GC(16851) Using 8 workers of 8 for evacuation
[2020-12-21T14:04:55.431-0500][gc,phases      ] GC(16851)   Pre Evacuate Collection Set: 0.0ms
[2020-12-21T14:04:55.431-0500][gc,phases      ] GC(16851)   Evacuate Collection Set: 0.6ms
[2020-12-21T14:04:55.431-0500][gc,phases      ] GC(16851)   Post Evacuate Collection Set: 1.4ms
[2020-12-21T14:04:55.431-0500][gc,phases      ] GC(16851)   Other: 0.2ms
[2020-12-21T14:04:55.431-0500][gc,heap        ] GC(16851) Eden regions: 8->0(8)
[2020-12-21T14:04:55.431-0500][gc,heap        ] GC(16851) Survivor regions: 1->1(2)
[2020-12-21T14:04:55.431-0500][gc,heap        ] GC(16851) Old regions: 42->42
[2020-12-21T14:04:55.431-0500][gc,heap        ] GC(16851) Humongous regions: 4->4
[2020-12-21T14:04:55.431-0500][gc,metaspace   ] GC(16851) Metaspace: 49949K->49949K(1093632K)
[2020-12-21T14:04:55.431-0500][gc,heap        ] GC(16851) Heap after GC invocations=16852 (full 3426): garbage-first heap   total 64512K, used 43288K [0x0000000083000000, 0x0000000100000000)
[2020-12-21T14:04:55.431-0500][gc,heap        ] GC(16851)   region size 1024K, 1 young (1024K), 1 survivors (1024K)
[2020-12-21T14:04:55.431-0500][gc,heap        ] GC(16851)  Metaspace       used 49949K, capacity 52104K, committed 53632K, reserved 1093632K
[2020-12-21T14:04:55.431-0500][gc,heap        ] GC(16851)   class space    used 7422K, capacity 8193K, committed 8832K, reserved 1048576K
[2020-12-21T14:04:55.431-0500][gc             ] GC(16851) Pause Young (Normal) (G1 Evacuation Pause) 50M->42M(63M) 2.225ms
[2020-12-21T14:04:55.431-0500][gc,cpu         ] GC(16851) User=0.01s Sys=0.00s Real=0.00s
[2020-12-21T14:06:17.768-0500][gc,heap        ] GC(16852) Heap before GC invocations=16852 (full 3426): garbage-first heap   total 64512K, used 50456K [0x0000000083000000, 0x0000000100000000)
[2020-12-21T14:06:17.768-0500][gc,heap        ] GC(16852)   region size 1024K, 9 young (9216K), 1 survivors (1024K)
[2020-12-21T14:06:17.768-0500][gc,heap        ] GC(16852)  Metaspace       used 49949K, capacity 52104K, committed 53632K, reserved 1093632K
[2020-12-21T14:06:17.768-0500][gc,heap        ] GC(16852)   class space    used 7422K, capacity 8193K, committed 8832K, reserved 1048576K
[2020-12-21T14:06:17.768-0500][gc,start       ] GC(16852) Pause Young (Normal) (G1 Evacuation Pause)
[2020-12-21T14:06:17.768-0500][gc,task        ] GC(16852) Using 8 workers of 8 for evacuation
[2020-12-21T14:06:17.772-0500][gc,phases      ] GC(16852)   Pre Evacuate Collection Set: 0.0ms
[2020-12-21T14:06:17.773-0500][gc,phases      ] GC(16852)   Evacuate Collection Set: 2.0ms
[2020-12-21T14:06:17.773-0500][gc,phases      ] GC(16852)   Post Evacuate Collection Set: 2.2ms
[2020-12-21T14:06:17.773-0500][gc,phases      ] GC(16852)   Other: 0.5ms
[2020-12-21T14:06:17.773-0500][gc,heap        ] GC(16852) Eden regions: 8->0(8)
[2020-12-21T14:06:17.773-0500][gc,heap        ] GC(16852) Survivor regions: 1->1(2)
[2020-12-21T14:06:17.773-0500][gc,heap        ] GC(16852) Old regions: 42->42
[2020-12-21T14:06:17.773-0500][gc,heap        ] GC(16852) Humongous regions: 4->4
[2020-12-21T14:06:17.773-0500][gc,metaspace   ] GC(16852) Metaspace: 49949K->49949K(1093632K)
[2020-12-21T14:06:17.773-0500][gc,heap        ] GC(16852) Heap after GC invocations=16853 (full 3426): garbage-first heap   total 64512K, used 43265K [0x0000000083000000, 0x0000000100000000)
[2020-12-21T14:06:17.773-0500][gc,heap        ] GC(16852)   region size 1024K, 1 young (1024K), 1 survivors (1024K)
[2020-12-21T14:06:17.773-0500][gc,heap        ] GC(16852)  Metaspace       used 49949K, capacity 52104K, committed 53632K, reserved 1093632K
[2020-12-21T14:06:17.773-0500][gc,heap        ] GC(16852)   class space    used 7422K, capacity 8193K, committed 8832K, reserved 1048576K
[2020-12-21T14:06:17.773-0500][gc             ] GC(16852) Pause Young (Normal) (G1 Evacuation Pause) 50M->42M(63M) 4.886ms
[2020-12-21T14:06:17.773-0500][gc,cpu         ] GC(16852) User=0.00s Sys=0.00s Real=0.00s
[2020-12-21T14:06:45.188-0500][gc,task        ] GC(16853) Using 5 workers of 8 for full compaction
[2020-12-21T14:06:45.188-0500][gc,start       ] GC(16853) Pause Full (System.gc())
[2020-12-21T14:06:45.188-0500][gc,heap        ] GC(16853) Heap before GC invocations=16853 (full 3426): garbage-first heap   total 64512K, used 44289K [0x0000000083000000, 0x0000000100000000)
[2020-12-21T14:06:45.188-0500][gc,heap        ] GC(16853)   region size 1024K, 4 young (4096K), 1 survivors (1024K)
[2020-12-21T14:06:45.188-0500][gc,heap        ] GC(16853)  Metaspace       used 49949K, capacity 52104K, committed 53632K, reserved 1093632K
[2020-12-21T14:06:45.188-0500][gc,heap        ] GC(16853)   class space    used 7422K, capacity 8193K, committed 8832K, reserved 1048576K
[2020-12-21T14:06:45.189-0500][gc,phases,start] GC(16853) Phase 1: Mark live objects
[2020-12-21T14:06:45.209-0500][gc,stringtable ] GC(16853) Cleaned string and symbol table, strings: 33107 processed, 4 removed, symbols: 120816 processed, 0 removed
[2020-12-21T14:06:45.209-0500][gc,phases      ] GC(16853) Phase 1: Mark live objects 20.538ms
[2020-12-21T14:06:45.209-0500][gc,phases,start] GC(16853) Phase 2: Prepare for compaction
[2020-12-21T14:06:45.213-0500][gc,phases      ] GC(16853) Phase 2: Prepare for compaction 3.713ms
[2020-12-21T14:06:45.213-0500][gc,phases,start] GC(16853) Phase 3: Adjust pointers
[2020-12-21T14:06:45.224-0500][gc,phases      ] GC(16853) Phase 3: Adjust pointers 10.862ms
[2020-12-21T14:06:45.224-0500][gc,phases,start] GC(16853) Phase 4: Compact heap
[2020-12-21T14:06:45.227-0500][gc,phases      ] GC(16853) Phase 4: Compact heap 2.890ms
[2020-12-21T14:06:45.233-0500][gc,heap        ] GC(16853) Eden regions: 3->0(10)
[2020-12-21T14:06:45.233-0500][gc,heap        ] GC(16853) Survivor regions: 1->0(2)
[2020-12-21T14:06:45.233-0500][gc,heap        ] GC(16853) Old regions: 42->41
[2020-12-21T14:06:45.233-0500][gc,heap        ] GC(16853) Humongous regions: 4->4
[2020-12-21T14:06:45.233-0500][gc,metaspace   ] GC(16853) Metaspace: 49949K->49949K(1093632K)
[2020-12-21T14:06:45.233-0500][gc,heap        ] GC(16853) Heap after GC invocations=16854 (full 3427): garbage-first heap   total 64512K, used 43200K [0x0000000083000000, 0x0000000100000000)
[2020-12-21T14:06:45.233-0500][gc,heap        ] GC(16853)   region size 1024K, 0 young (0K), 0 survivors (0K)
[2020-12-21T14:06:45.233-0500][gc,heap        ] GC(16853)  Metaspace       used 49949K, capacity 52104K, committed 53632K, reserved 1093632K
[2020-12-21T14:06:45.233-0500][gc,heap        ] GC(16853)   class space    used 7422K, capacity 8193K, committed 8832K, reserved 1048576K
[2020-12-21T14:06:45.233-0500][gc             ] GC(16853) Pause Full (System.gc()) 44M->42M(63M) 44.466ms
[2020-12-21T14:06:45.233-0500][gc,cpu         ] GC(16853) User=0.18s Sys=0.00s Real=0.04s
[2020-12-21T14:08:36.017-0500][gc,heap        ] GC(16854) Heap before GC invocations=16854 (full 3427): garbage-first heap   total 64512K, used 52416K [0x0000000083000000, 0x0000000100000000)
[2020-12-21T14:08:36.018-0500][gc,heap        ] GC(16854)   region size 1024K, 10 young (10240K), 0 survivors (0K)
[2020-12-21T14:08:36.018-0500][gc,heap        ] GC(16854)  Metaspace       used 49949K, capacity 52104K, committed 53632K, reserved 1093632K
[2020-12-21T14:08:36.018-0500][gc,heap        ] GC(16854)   class space    used 7422K, capacity 8193K, committed 8832K, reserved 1048576K
[2020-12-21T14:08:36.018-0500][gc,start       ] GC(16854) Pause Young (Normal) (G1 Evacuation Pause)
[2020-12-21T14:08:36.018-0500][gc,task        ] GC(16854) Using 8 workers of 8 for evacuation
[2020-12-21T14:08:36.037-0500][gc,phases      ] GC(16854)   Pre Evacuate Collection Set: 0.0ms
[2020-12-21T14:08:36.037-0500][gc,phases      ] GC(16854)   Evacuate Collection Set: 15.8ms
[2020-12-21T14:08:36.037-0500][gc,phases      ] GC(16854)   Post Evacuate Collection Set: 2.8ms
[2020-12-21T14:08:36.037-0500][gc,phases      ] GC(16854)   Other: 0.6ms
[2020-12-21T14:08:36.037-0500][gc,heap        ] GC(16854) Eden regions: 10->0(9)
[2020-12-21T14:08:36.037-0500][gc,heap        ] GC(16854) Survivor regions: 0->1(2)
[2020-12-21T14:08:36.037-0500][gc,heap        ] GC(16854) Old regions: 41->41
[2020-12-21T14:08:36.037-0500][gc,heap        ] GC(16854) Humongous regions: 4->4
[2020-12-21T14:08:36.037-0500][gc,metaspace   ] GC(16854) Metaspace: 49949K->49949K(1093632K)
[2020-12-21T14:08:36.037-0500][gc,heap        ] GC(16854) Heap after GC invocations=16855 (full 3427): garbage-first heap   total 64512K, used 43276K [0x0000000083000000, 0x0000000100000000)
[2020-12-21T14:08:36.037-0500][gc,heap        ] GC(16854)   region size 1024K, 1 young (1024K), 1 survivors (1024K)
[2020-12-21T14:08:36.037-0500][gc,heap        ] GC(16854)  Metaspace       used 49949K, capacity 52104K, committed 53632K, reserved 1093632K
[2020-12-21T14:08:36.037-0500][gc,heap        ] GC(16854)   class space    used 7422K, capacity 8193K, committed 8832K, reserved 1048576K
[2020-12-21T14:08:36.037-0500][gc             ] GC(16854) Pause Young (Normal) (G1 Evacuation Pause) 52M->42M(63M) 19.425ms
[2020-12-21T14:08:36.037-0500][gc,cpu         ] GC(16854) User=0.13s Sys=0.00s Real=0.02s
[2020-12-21T14:10:23.020-0500][gc,heap        ] GC(16855) Heap before GC invocations=16855 (full 3427): garbage-first heap   total 64512K, used 52492K [0x0000000083000000, 0x0000000100000000)
[2020-12-21T14:10:23.020-0500][gc,heap        ] GC(16855)   region size 1024K, 10 young (10240K), 1 survivors (1024K)
[2020-12-21T14:10:23.020-0500][gc,heap        ] GC(16855)  Metaspace       used 49949K, capacity 52104K, committed 53632K, reserved 1093632K
[2020-12-21T14:10:23.020-0500][gc,heap        ] GC(16855)   class space    used 7422K, capacity 8193K, committed 8832K, reserved 1048576K
[2020-12-21T14:10:23.020-0500][gc,start       ] GC(16855) Pause Young (Normal) (G1 Evacuation Pause)
[2020-12-21T14:10:23.020-0500][gc,task        ] GC(16855) Using 8 workers of 8 for evacuation
[2020-12-21T14:10:23.024-0500][gc,phases      ] GC(16855)   Pre Evacuate Collection Set: 0.0ms
[2020-12-21T14:10:23.024-0500][gc,phases      ] GC(16855)   Evacuate Collection Set: 1.6ms
[2020-12-21T14:10:23.024-0500][gc,phases      ] GC(16855)   Post Evacuate Collection Set: 2.1ms
[2020-12-21T14:10:23.024-0500][gc,phases      ] GC(16855)   Other: 0.5ms
[2020-12-21T14:10:23.024-0500][gc,heap        ] GC(16855) Eden regions: 9->0(9)
[2020-12-21T14:10:23.024-0500][gc,heap        ] GC(16855) Survivor regions: 1->1(2)
[2020-12-21T14:10:23.024-0500][gc,heap        ] GC(16855) Old regions: 41->41
[2020-12-21T14:10:23.024-0500][gc,heap        ] GC(16855) Humongous regions: 4->4
[2020-12-21T14:10:23.024-0500][gc,metaspace   ] GC(16855) Metaspace: 49949K->49949K(1093632K)
[2020-12-21T14:10:23.024-0500][gc,heap        ] GC(16855) Heap after GC invocations=16856 (full 3427): garbage-first heap   total 64512K, used 43257K [0x0000000083000000, 0x0000000100000000)
[2020-12-21T14:10:23.025-0500][gc,heap        ] GC(16855)   region size 1024K, 1 young (1024K), 1 survivors (1024K)
[2020-12-21T14:10:23.025-0500][gc,heap        ] GC(16855)  Metaspace       used 49949K, capacity 52104K, committed 53632K, reserved 1093632K
[2020-12-21T14:10:23.025-0500][gc,heap        ] GC(16855)   class space    used 7422K, capacity 8193K, committed 8832K, reserved 1048576K
[2020-12-21T14:10:23.025-0500][gc             ] GC(16855) Pause Young (Normal) (G1 Evacuation Pause) 51M->42M(63M) 4.531ms
[2020-12-21T14:10:23.025-0500][gc,cpu         ] GC(16855) User=0.00s Sys=0.00s Real=0.00s
[2020-12-21T14:11:45.189-0500][gc,task        ] GC(16856) Using 5 workers of 8 for full compaction
[2020-12-21T14:11:45.189-0500][gc,start       ] GC(16856) Pause Full (System.gc())
[2020-12-21T14:11:45.190-0500][gc,heap        ] GC(16856) Heap before GC invocations=16856 (full 3427): garbage-first heap   total 64512K, used 49401K [0x0000000083000000, 0x0000000100000000)
[2020-12-21T14:11:45.190-0500][gc,heap        ] GC(16856)   region size 1024K, 9 young (9216K), 1 survivors (1024K)
[2020-12-21T14:11:45.190-0500][gc,heap        ] GC(16856)  Metaspace       used 49949K, capacity 52104K, committed 53632K, reserved 1093632K
[2020-12-21T14:11:45.190-0500][gc,heap        ] GC(16856)   class space    used 7422K, capacity 8193K, committed 8832K, reserved 1048576K
[2020-12-21T14:11:45.190-0500][gc,phases,start] GC(16856) Phase 1: Mark live objects
[2020-12-21T14:11:45.232-0500][gc,stringtable ] GC(16856) Cleaned string and symbol table, strings: 33107 processed, 4 removed, symbols: 120816 processed, 0 removed
[2020-12-21T14:11:45.232-0500][gc,phases      ] GC(16856) Phase 1: Mark live objects 42.050ms
[2020-12-21T14:11:45.232-0500][gc,phases,start] GC(16856) Phase 2: Prepare for compaction
[2020-12-21T14:11:45.236-0500][gc,phases      ] GC(16856) Phase 2: Prepare for compaction 3.323ms
[2020-12-21T14:11:45.236-0500][gc,phases,start] GC(16856) Phase 3: Adjust pointers
[2020-12-21T14:11:45.246-0500][gc,phases      ] GC(16856) Phase 3: Adjust pointers 10.860ms
[2020-12-21T14:11:45.247-0500][gc,phases,start] GC(16856) Phase 4: Compact heap
[2020-12-21T14:11:45.250-0500][gc,phases      ] GC(16856) Phase 4: Compact heap 3.100ms
[2020-12-21T14:11:45.256-0500][gc,heap        ] GC(16856) Eden regions: 8->0(8)
[2020-12-21T14:11:45.256-0500][gc,heap        ] GC(16856) Survivor regions: 1->0(2)
[2020-12-21T14:11:45.256-0500][gc,heap        ] GC(16856) Old regions: 41->43
[2020-12-21T14:11:45.256-0500][gc,heap        ] GC(16856) Humongous regions: 4->4
[2020-12-21T14:11:45.256-0500][gc,metaspace   ] GC(16856) Metaspace: 49949K->49949K(1093632K)
[2020-12-21T14:11:45.256-0500][gc,heap        ] GC(16856) Heap after GC invocations=16857 (full 3428): garbage-first heap   total 64512K, used 43221K [0x0000000083000000, 0x0000000100000000)
[2020-12-21T14:11:45.256-0500][gc,heap        ] GC(16856)   region size 1024K, 0 young (0K), 0 survivors (0K)
[2020-12-21T14:11:45.256-0500][gc,heap        ] GC(16856)  Metaspace       used 49949K, capacity 52104K, committed 53632K, reserved 1093632K
[2020-12-21T14:11:45.256-0500][gc,heap        ] GC(16856)   class space    used 7422K, capacity 8193K, committed 8832K, reserved 1048576K
[2020-12-21T14:11:45.256-0500][gc             ] GC(16856) Pause Full (System.gc()) 49M->42M(63M) 66.199ms
[2020-12-21T14:11:45.256-0500][gc,cpu         ] GC(16856) User=0.28s Sys=0.00s Real=0.06s
[2020-12-21T14:13:16.012-0500][gc,heap        ] GC(16857) Heap before GC invocations=16857 (full 3428): garbage-first heap   total 64512K, used 50389K [0x0000000083000000, 0x0000000100000000)
[2020-12-21T14:13:16.012-0500][gc,heap        ] GC(16857)   region size 1024K, 8 young (8192K), 0 survivors (0K)
[2020-12-21T14:13:16.012-0500][gc,heap        ] GC(16857)  Metaspace       used 49949K, capacity 52104K, committed 53632K, reserved 1093632K
[2020-12-21T14:13:16.012-0500][gc,heap        ] GC(16857)   class space    used 7422K, capacity 8193K, committed 8832K, reserved 1048576K
[2020-12-21T14:13:16.012-0500][gc,start       ] GC(16857) Pause Young (Normal) (G1 Evacuation Pause)
[2020-12-21T14:13:16.012-0500][gc,task        ] GC(16857) Using 8 workers of 8 for evacuation
[2020-12-21T14:13:16.019-0500][gc,phases      ] GC(16857)   Pre Evacuate Collection Set: 0.0ms
[2020-12-21T14:13:16.019-0500][gc,phases      ] GC(16857)   Evacuate Collection Set: 1.3ms
[2020-12-21T14:13:16.019-0500][gc,phases      ] GC(16857)   Post Evacuate Collection Set: 5.0ms
[2020-12-21T14:13:16.019-0500][gc,phases      ] GC(16857)   Other: 0.5ms
[2020-12-21T14:13:16.019-0500][gc,heap        ] GC(16857) Eden regions: 8->0(7)
[2020-12-21T14:13:16.019-0500][gc,heap        ] GC(16857) Survivor regions: 0->1(1)
[2020-12-21T14:13:16.019-0500][gc,heap        ] GC(16857) Old regions: 43->43
[2020-12-21T14:13:16.019-0500][gc,heap        ] GC(16857) Humongous regions: 4->4
[2020-12-21T14:13:16.019-0500][gc,metaspace   ] GC(16857) Metaspace: 49949K->49949K(1093632K)
[2020-12-21T14:13:16.019-0500][gc,heap        ] GC(16857) Heap after GC invocations=16858 (full 3428): garbage-first heap   total 64512K, used 43265K [0x0000000083000000, 0x0000000100000000)
[2020-12-21T14:13:16.019-0500][gc,heap        ] GC(16857)   region size 1024K, 1 young (1024K), 1 survivors (1024K)
[2020-12-21T14:13:16.019-0500][gc,heap        ] GC(16857)  Metaspace       used 49949K, capacity 52104K, committed 53632K, reserved 1093632K
[2020-12-21T14:13:16.019-0500][gc,heap        ] GC(16857)   class space    used 7422K, capacity 8193K, committed 8832K, reserved 1048576K
[2020-12-21T14:13:16.019-0500][gc             ] GC(16857) Pause Young (Normal) (G1 Evacuation Pause) 50M->42M(63M) 7.092ms
[2020-12-21T14:13:16.020-0500][gc,cpu         ] GC(16857) User=0.01s Sys=0.01s Real=0.01s
[2020-12-21T14:14:31.618-0500][gc,heap        ] GC(16858) Heap before GC invocations=16858 (full 3428): garbage-first heap   total 64512K, used 49409K [0x0000000083000000, 0x0000000100000000)
[2020-12-21T14:14:31.618-0500][gc,heap        ] GC(16858)   region size 1024K, 8 young (8192K), 1 survivors (1024K)
[2020-12-21T14:14:31.618-0500][gc,heap        ] GC(16858)  Metaspace       used 49949K, capacity 52104K, committed 53632K, reserved 1093632K
[2020-12-21T14:14:31.618-0500][gc,heap        ] GC(16858)   class space    used 7422K, capacity 8193K, committed 8832K, reserved 1048576K
[2020-12-21T14:14:31.618-0500][gc,start       ] GC(16858) Pause Young (Normal) (G1 Evacuation Pause)
[2020-12-21T14:14:31.618-0500][gc,task        ] GC(16858) Using 8 workers of 8 for evacuation
[2020-12-21T14:14:31.622-0500][gc,phases      ] GC(16858)   Pre Evacuate Collection Set: 0.0ms
[2020-12-21T14:14:31.622-0500][gc,phases      ] GC(16858)   Evacuate Collection Set: 1.6ms
[2020-12-21T14:14:31.623-0500][gc,phases      ] GC(16858)   Post Evacuate Collection Set: 2.2ms
[2020-12-21T14:14:31.623-0500][gc,phases      ] GC(16858)   Other: 0.5ms
[2020-12-21T14:14:31.623-0500][gc,heap        ] GC(16858) Eden regions: 7->0(7)
[2020-12-21T14:14:31.623-0500][gc,heap        ] GC(16858) Survivor regions: 1->1(1)
[2020-12-21T14:14:31.623-0500][gc,heap        ] GC(16858) Old regions: 43->43
[2020-12-21T14:14:31.623-0500][gc,heap        ] GC(16858) Humongous regions: 4->4
[2020-12-21T14:14:31.623-0500][gc,metaspace   ] GC(16858) Metaspace: 49949K->49949K(1093632K)
[2020-12-21T14:14:31.623-0500][gc,heap        ] GC(16858) Heap after GC invocations=16859 (full 3428): garbage-first heap   total 64512K, used 43256K [0x0000000083000000, 0x0000000100000000)
[2020-12-21T14:14:31.623-0500][gc,heap        ] GC(16858)   region size 1024K, 1 young (1024K), 1 survivors (1024K)
[2020-12-21T14:14:31.623-0500][gc,heap        ] GC(16858)  Metaspace       used 49949K, capacity 52104K, committed 53632K, reserved 1093632K
[2020-12-21T14:14:31.623-0500][gc,heap        ] GC(16858)   class space    used 7422K, capacity 8193K, committed 8832K, reserved 1048576K
[2020-12-21T14:14:31.623-0500][gc             ] GC(16858) Pause Young (Normal) (G1 Evacuation Pause) 49M->42M(63M) 4.502ms
[2020-12-21T14:14:31.623-0500][gc,cpu         ] GC(16858) User=0.01s Sys=0.00s Real=0.00s
[2020-12-21T14:15:56.026-0500][gc,heap        ] GC(16859) Heap before GC invocations=16859 (full 3428): garbage-first heap   total 64512K, used 49400K [0x0000000083000000, 0x0000000100000000)
[2020-12-21T14:15:56.026-0500][gc,heap        ] GC(16859)   region size 1024K, 8 young (8192K), 1 survivors (1024K)
[2020-12-21T14:15:56.026-0500][gc,heap        ] GC(16859)  Metaspace       used 49949K, capacity 52104K, committed 53632K, reserved 1093632K
[2020-12-21T14:15:56.026-0500][gc,heap        ] GC(16859)   class space    used 7422K, capacity 8193K, committed 8832K, reserved 1048576K
[2020-12-21T14:15:56.026-0500][gc,start       ] GC(16859) Pause Young (Normal) (G1 Evacuation Pause)
[2020-12-21T14:15:56.026-0500][gc,task        ] GC(16859) Using 8 workers of 8 for evacuation
[2020-12-21T14:15:56.043-0500][gc,phases      ] GC(16859)   Pre Evacuate Collection Set: 0.0ms
[2020-12-21T14:15:56.043-0500][gc,phases      ] GC(16859)   Evacuate Collection Set: 3.7ms
[2020-12-21T14:15:56.043-0500][gc,phases      ] GC(16859)   Post Evacuate Collection Set: 13.3ms
[2020-12-21T14:15:56.043-0500][gc,phases      ] GC(16859)   Other: 0.2ms
[2020-12-21T14:15:56.043-0500][gc,heap        ] GC(16859) Eden regions: 7->0(7)
[2020-12-21T14:15:56.043-0500][gc,heap        ] GC(16859) Survivor regions: 1->1(1)
[2020-12-21T14:15:56.043-0500][gc,heap        ] GC(16859) Old regions: 43->43
[2020-12-21T14:15:56.043-0500][gc,heap        ] GC(16859) Humongous regions: 4->4
[2020-12-21T14:15:56.043-0500][gc,metaspace   ] GC(16859) Metaspace: 49949K->49949K(1093632K)
[2020-12-21T14:15:56.043-0500][gc,heap        ] GC(16859) Heap after GC invocations=16860 (full 3428): garbage-first heap   total 64512K, used 43265K [0x0000000083000000, 0x0000000100000000)
[2020-12-21T14:15:56.043-0500][gc,heap        ] GC(16859)   region size 1024K, 1 young (1024K), 1 survivors (1024K)
[2020-12-21T14:15:56.043-0500][gc,heap        ] GC(16859)  Metaspace       used 49949K, capacity 52104K, committed 53632K, reserved 1093632K
[2020-12-21T14:15:56.043-0500][gc,heap        ] GC(16859)   class space    used 7422K, capacity 8193K, committed 8832K, reserved 1048576K
[2020-12-21T14:15:56.044-0500][gc             ] GC(16859) Pause Young (Normal) (G1 Evacuation Pause) 49M->42M(63M) 17.384ms
[2020-12-21T14:15:56.044-0500][gc,cpu         ] GC(16859) User=0.11s Sys=0.00s Real=0.02s
[2020-12-21T14:16:45.189-0500][gc,task        ] GC(16860) Using 5 workers of 8 for full compaction
[2020-12-21T14:16:45.190-0500][gc,start       ] GC(16860) Pause Full (System.gc())
[2020-12-21T14:16:45.190-0500][gc,heap        ] GC(16860) Heap before GC invocations=16860 (full 3428): garbage-first heap   total 64512K, used 46337K [0x0000000083000000, 0x0000000100000000)
[2020-12-21T14:16:45.190-0500][gc,heap        ] GC(16860)   region size 1024K, 6 young (6144K), 1 survivors (1024K)
[2020-12-21T14:16:45.190-0500][gc,heap        ] GC(16860)  Metaspace       used 49949K, capacity 52104K, committed 53632K, reserved 1093632K
[2020-12-21T14:16:45.190-0500][gc,heap        ] GC(16860)   class space    used 7422K, capacity 8193K, committed 8832K, reserved 1048576K
[2020-12-21T14:16:45.190-0500][gc,phases,start] GC(16860) Phase 1: Mark live objects
[2020-12-21T14:16:45.224-0500][gc,stringtable ] GC(16860) Cleaned string and symbol table, strings: 33107 processed, 4 removed, symbols: 120816 processed, 0 removed
[2020-12-21T14:16:45.224-0500][gc,phases      ] GC(16860) Phase 1: Mark live objects 33.491ms
[2020-12-21T14:16:45.224-0500][gc,phases,start] GC(16860) Phase 2: Prepare for compaction
[2020-12-21T14:16:45.228-0500][gc,phases      ] GC(16860) Phase 2: Prepare for compaction 3.957ms
[2020-12-21T14:16:45.228-0500][gc,phases,start] GC(16860) Phase 3: Adjust pointers
[2020-12-21T14:16:45.240-0500][gc,phases      ] GC(16860) Phase 3: Adjust pointers 12.289ms
[2020-12-21T14:16:45.240-0500][gc,phases,start] GC(16860) Phase 4: Compact heap
[2020-12-21T14:16:45.243-0500][gc,phases      ] GC(16860) Phase 4: Compact heap 2.536ms
[2020-12-21T14:16:45.249-0500][gc,heap        ] GC(16860) Eden regions: 5->0(10)
[2020-12-21T14:16:45.249-0500][gc,heap        ] GC(16860) Survivor regions: 1->0(1)
[2020-12-21T14:16:45.249-0500][gc,heap        ] GC(16860) Old regions: 43->41
[2020-12-21T14:16:45.249-0500][gc,heap        ] GC(16860) Humongous regions: 4->4
[2020-12-21T14:16:45.249-0500][gc,metaspace   ] GC(16860) Metaspace: 49949K->49949K(1093632K)
[2020-12-21T14:16:45.249-0500][gc,heap        ] GC(16860) Heap after GC invocations=16861 (full 3429): garbage-first heap   total 64512K, used 43211K [0x0000000083000000, 0x0000000100000000)
[2020-12-21T14:16:45.249-0500][gc,heap        ] GC(16860)   region size 1024K, 0 young (0K), 0 survivors (0K)
[2020-12-21T14:16:45.249-0500][gc,heap        ] GC(16860)  Metaspace       used 49949K, capacity 52104K, committed 53632K, reserved 1093632K
[2020-12-21T14:16:45.249-0500][gc,heap        ] GC(16860)   class space    used 7422K, capacity 8193K, committed 8832K, reserved 1048576K
[2020-12-21T14:16:45.249-0500][gc             ] GC(16860) Pause Full (System.gc()) 46M->42M(63M) 59.328ms
[2020-12-21T14:16:45.249-0500][gc,cpu         ] GC(16860) User=0.25s Sys=0.00s Real=0.06s
[2020-12-21T14:18:36.016-0500][gc,heap        ] GC(16861) Heap before GC invocations=16861 (full 3429): garbage-first heap   total 64512K, used 52427K [0x0000000083000000, 0x0000000100000000)
[2020-12-21T14:18:36.017-0500][gc,heap        ] GC(16861)   region size 1024K, 10 young (10240K), 0 survivors (0K)
[2020-12-21T14:18:36.017-0500][gc,heap        ] GC(16861)  Metaspace       used 49949K, capacity 52104K, committed 53632K, reserved 1093632K
[2020-12-21T14:18:36.017-0500][gc,heap        ] GC(16861)   class space    used 7422K, capacity 8193K, committed 8832K, reserved 1048576K
[2020-12-21T14:18:36.017-0500][gc,start       ] GC(16861) Pause Young (Normal) (G1 Evacuation Pause)
[2020-12-21T14:18:36.017-0500][gc,task        ] GC(16861) Using 8 workers of 8 for evacuation
[2020-12-21T14:18:36.021-0500][gc,phases      ] GC(16861)   Pre Evacuate Collection Set: 0.0ms
[2020-12-21T14:18:36.021-0500][gc,phases      ] GC(16861)   Evacuate Collection Set: 1.3ms
[2020-12-21T14:18:36.021-0500][gc,phases      ] GC(16861)   Post Evacuate Collection Set: 2.9ms
[2020-12-21T14:18:36.021-0500][gc,phases      ] GC(16861)   Other: 0.4ms
[2020-12-21T14:18:36.021-0500][gc,heap        ] GC(16861) Eden regions: 10->0(9)
[2020-12-21T14:18:36.021-0500][gc,heap        ] GC(16861) Survivor regions: 0->1(2)
[2020-12-21T14:18:36.021-0500][gc,heap        ] GC(16861) Old regions: 41->41
[2020-12-21T14:18:36.021-0500][gc,heap        ] GC(16861) Humongous regions: 4->4
[2020-12-21T14:18:36.021-0500][gc,metaspace   ] GC(16861) Metaspace: 49949K->49949K(1093632K)
[2020-12-21T14:18:36.021-0500][gc,heap        ] GC(16861) Heap after GC invocations=16862 (full 3429): garbage-first heap   total 64512K, used 43267K [0x0000000083000000, 0x0000000100000000)
[2020-12-21T14:18:36.021-0500][gc,heap        ] GC(16861)   region size 1024K, 1 young (1024K), 1 survivors (1024K)
[2020-12-21T14:18:36.021-0500][gc,heap        ] GC(16861)  Metaspace       used 49949K, capacity 52104K, committed 53632K, reserved 1093632K
[2020-12-21T14:18:36.021-0500][gc,heap        ] GC(16861)   class space    used 7422K, capacity 8193K, committed 8832K, reserved 1048576K
[2020-12-21T14:18:36.021-0500][gc             ] GC(16861) Pause Young (Normal) (G1 Evacuation Pause) 52M->42M(63M) 4.755ms
[2020-12-21T14:18:36.022-0500][gc,cpu         ] GC(16861) User=0.00s Sys=0.01s Real=0.01s
[2020-12-21T14:20:19.250-0500][gc,heap        ] GC(16862) Heap before GC invocations=16862 (full 3429): garbage-first heap   total 64512K, used 51459K [0x0000000083000000, 0x0000000100000000)
[2020-12-21T14:20:19.250-0500][gc,heap        ] GC(16862)   region size 1024K, 10 young (10240K), 1 survivors (1024K)
[2020-12-21T14:20:19.250-0500][gc,heap        ] GC(16862)  Metaspace       used 49949K, capacity 52104K, committed 53632K, reserved 1093632K
[2020-12-21T14:20:19.250-0500][gc,heap        ] GC(16862)   class space    used 7422K, capacity 8193K, committed 8832K, reserved 1048576K
[2020-12-21T14:20:19.250-0500][gc,start       ] GC(16862) Pause Young (Normal) (G1 Evacuation Pause)
[2020-12-21T14:20:19.250-0500][gc,task        ] GC(16862) Using 8 workers of 8 for evacuation
[2020-12-21T14:20:19.252-0500][gc,phases      ] GC(16862)   Pre Evacuate Collection Set: 0.0ms
[2020-12-21T14:20:19.252-0500][gc,phases      ] GC(16862)   Evacuate Collection Set: 0.7ms
[2020-12-21T14:20:19.252-0500][gc,phases      ] GC(16862)   Post Evacuate Collection Set: 0.9ms
[2020-12-21T14:20:19.252-0500][gc,phases      ] GC(16862)   Other: 0.2ms
[2020-12-21T14:20:19.252-0500][gc,heap        ] GC(16862) Eden regions: 9->0(9)
[2020-12-21T14:20:19.252-0500][gc,heap        ] GC(16862) Survivor regions: 1->1(2)
[2020-12-21T14:20:19.252-0500][gc,heap        ] GC(16862) Old regions: 41->41
[2020-12-21T14:20:19.252-0500][gc,heap        ] GC(16862) Humongous regions: 4->4
[2020-12-21T14:20:19.252-0500][gc,metaspace   ] GC(16862) Metaspace: 49949K->49949K(1093632K)
[2020-12-21T14:20:19.252-0500][gc,heap        ] GC(16862) Heap after GC invocations=16863 (full 3429): garbage-first heap   total 64512K, used 43287K [0x0000000083000000, 0x0000000100000000)
[2020-12-21T14:20:19.252-0500][gc,heap        ] GC(16862)   region size 1024K, 1 young (1024K), 1 survivors (1024K)
[2020-12-21T14:20:19.252-0500][gc,heap        ] GC(16862)  Metaspace       used 49949K, capacity 52104K, committed 53632K, reserved 1093632K
[2020-12-21T14:20:19.252-0500][gc,heap        ] GC(16862)   class space    used 7422K, capacity 8193K, committed 8832K, reserved 1048576K
[2020-12-21T14:20:19.252-0500][gc             ] GC(16862) Pause Young (Normal) (G1 Evacuation Pause) 51M->42M(63M) 1.797ms
[2020-12-21T14:20:19.252-0500][gc,cpu         ] GC(16862) User=0.00s Sys=0.01s Real=0.00s
[2020-12-21T14:21:45.190-0500][gc,task        ] GC(16863) Using 5 workers of 8 for full compaction
[2020-12-21T14:21:45.190-0500][gc,start       ] GC(16863) Pause Full (System.gc())
[2020-12-21T14:21:45.190-0500][gc,heap        ] GC(16863) Heap before GC invocations=16863 (full 3429): garbage-first heap   total 64512K, used 49431K [0x0000000083000000, 0x0000000100000000)
[2020-12-21T14:21:45.190-0500][gc,heap        ] GC(16863)   region size 1024K, 9 young (9216K), 1 survivors (1024K)
[2020-12-21T14:21:45.190-0500][gc,heap        ] GC(16863)  Metaspace       used 49949K, capacity 52104K, committed 53632K, reserved 1093632K
[2020-12-21T14:21:45.190-0500][gc,heap        ] GC(16863)   class space    used 7422K, capacity 8193K, committed 8832K, reserved 1048576K
[2020-12-21T14:21:45.191-0500][gc,phases,start] GC(16863) Phase 1: Mark live objects
[2020-12-21T14:21:45.224-0500][gc,stringtable ] GC(16863) Cleaned string and symbol table, strings: 33107 processed, 4 removed, symbols: 120816 processed, 0 removed
[2020-12-21T14:21:45.224-0500][gc,phases      ] GC(16863) Phase 1: Mark live objects 33.498ms
[2020-12-21T14:21:45.224-0500][gc,phases,start] GC(16863) Phase 2: Prepare for compaction
[2020-12-21T14:21:45.229-0500][gc,phases      ] GC(16863) Phase 2: Prepare for compaction 5.155ms
[2020-12-21T14:21:45.230-0500][gc,phases,start] GC(16863) Phase 3: Adjust pointers
[2020-12-21T14:21:45.240-0500][gc,phases      ] GC(16863) Phase 3: Adjust pointers 10.563ms
[2020-12-21T14:21:45.240-0500][gc,phases,start] GC(16863) Phase 4: Compact heap
[2020-12-21T14:21:45.243-0500][gc,phases      ] GC(16863) Phase 4: Compact heap 2.964ms
[2020-12-21T14:21:45.249-0500][gc,heap        ] GC(16863) Eden regions: 8->0(9)
[2020-12-21T14:21:45.249-0500][gc,heap        ] GC(16863) Survivor regions: 1->0(2)
[2020-12-21T14:21:45.249-0500][gc,heap        ] GC(16863) Old regions: 41->42
[2020-12-21T14:21:45.249-0500][gc,heap        ] GC(16863) Humongous regions: 4->4
[2020-12-21T14:21:45.249-0500][gc,metaspace   ] GC(16863) Metaspace: 49949K->49949K(1093632K)
[2020-12-21T14:21:45.249-0500][gc,heap        ] GC(16863) Heap after GC invocations=16864 (full 3430): garbage-first heap   total 64512K, used 43223K [0x0000000083000000, 0x0000000100000000)
[2020-12-21T14:21:45.249-0500][gc,heap        ] GC(16863)   region size 1024K, 0 young (0K), 0 survivors (0K)
[2020-12-21T14:21:45.249-0500][gc,heap        ] GC(16863)  Metaspace       used 49949K, capacity 52104K, committed 53632K, reserved 1093632K
[2020-12-21T14:21:45.249-0500][gc,heap        ] GC(16863)   class space    used 7422K, capacity 8193K, committed 8832K, reserved 1048576K
[2020-12-21T14:21:45.249-0500][gc             ] GC(16863) Pause Full (System.gc()) 49M->42M(63M) 58.826ms
[2020-12-21T14:21:45.249-0500][gc,cpu         ] GC(16863) User=0.24s Sys=0.00s Real=0.06s
[2020-12-21T14:23:26.013-0500][gc,heap        ] GC(16864) Heap before GC invocations=16864 (full 3430): garbage-first heap   total 64512K, used 51415K [0x0000000083000000, 0x0000000100000000)
[2020-12-21T14:23:26.013-0500][gc,heap        ] GC(16864)   region size 1024K, 9 young (9216K), 0 survivors (0K)
[2020-12-21T14:23:26.013-0500][gc,heap        ] GC(16864)  Metaspace       used 49949K, capacity 52104K, committed 53632K, reserved 1093632K
[2020-12-21T14:23:26.014-0500][gc,heap        ] GC(16864)   class space    used 7422K, capacity 8193K, committed 8832K, reserved 1048576K
[2020-12-21T14:23:26.014-0500][gc,start       ] GC(16864) Pause Young (Normal) (G1 Evacuation Pause)
[2020-12-21T14:23:26.014-0500][gc,task        ] GC(16864) Using 8 workers of 8 for evacuation
[2020-12-21T14:23:26.018-0500][gc,phases      ] GC(16864)   Pre Evacuate Collection Set: 0.0ms
[2020-12-21T14:23:26.018-0500][gc,phases      ] GC(16864)   Evacuate Collection Set: 2.5ms
[2020-12-21T14:23:26.018-0500][gc,phases      ] GC(16864)   Post Evacuate Collection Set: 1.2ms
[2020-12-21T14:23:26.018-0500][gc,phases      ] GC(16864)   Other: 0.4ms
[2020-12-21T14:23:26.018-0500][gc,heap        ] GC(16864) Eden regions: 9->0(8)
[2020-12-21T14:23:26.018-0500][gc,heap        ] GC(16864) Survivor regions: 0->1(2)
[2020-12-21T14:23:26.018-0500][gc,heap        ] GC(16864) Old regions: 42->42
[2020-12-21T14:23:26.018-0500][gc,heap        ] GC(16864) Humongous regions: 4->4
[2020-12-21T14:23:26.018-0500][gc,metaspace   ] GC(16864) Metaspace: 49949K->49949K(1093632K)
[2020-12-21T14:23:26.018-0500][gc,heap        ] GC(16864) Heap after GC invocations=16865 (full 3430): garbage-first heap   total 64512K, used 43305K [0x0000000083000000, 0x0000000100000000)
[2020-12-21T14:23:26.018-0500][gc,heap        ] GC(16864)   region size 1024K, 1 young (1024K), 1 survivors (1024K)
[2020-12-21T14:23:26.018-0500][gc,heap        ] GC(16864)  Metaspace       used 49949K, capacity 52104K, committed 53632K, reserved 1093632K
[2020-12-21T14:23:26.018-0500][gc,heap        ] GC(16864)   class space    used 7422K, capacity 8193K, committed 8832K, reserved 1048576K
[2020-12-21T14:23:26.018-0500][gc             ] GC(16864) Pause Young (Normal) (G1 Evacuation Pause) 51M->42M(63M) 4.245ms
[2020-12-21T14:23:26.018-0500][gc,cpu         ] GC(16864) User=0.02s Sys=0.00s Real=0.00s
[2020-12-21T14:24:56.021-0500][gc,heap        ] GC(16865) Heap before GC invocations=16865 (full 3430): garbage-first heap   total 64512K, used 50473K [0x0000000083000000, 0x0000000100000000)
[2020-12-21T14:24:56.021-0500][gc,heap        ] GC(16865)   region size 1024K, 9 young (9216K), 1 survivors (1024K)
[2020-12-21T14:24:56.021-0500][gc,heap        ] GC(16865)  Metaspace       used 49949K, capacity 52104K, committed 53632K, reserved 1093632K
[2020-12-21T14:24:56.021-0500][gc,heap        ] GC(16865)   class space    used 7422K, capacity 8193K, committed 8832K, reserved 1048576K
[2020-12-21T14:24:56.022-0500][gc,start       ] GC(16865) Pause Young (Normal) (G1 Evacuation Pause)
[2020-12-21T14:24:56.022-0500][gc,task        ] GC(16865) Using 8 workers of 8 for evacuation
[2020-12-21T14:24:56.026-0500][gc,phases      ] GC(16865)   Pre Evacuate Collection Set: 0.0ms
[2020-12-21T14:24:56.026-0500][gc,phases      ] GC(16865)   Evacuate Collection Set: 1.6ms
[2020-12-21T14:24:56.026-0500][gc,phases      ] GC(16865)   Post Evacuate Collection Set: 2.9ms
[2020-12-21T14:24:56.026-0500][gc,phases      ] GC(16865)   Other: 0.5ms
[2020-12-21T14:24:56.027-0500][gc,heap        ] GC(16865) Eden regions: 8->0(8)
[2020-12-21T14:24:56.027-0500][gc,heap        ] GC(16865) Survivor regions: 1->1(2)
[2020-12-21T14:24:56.027-0500][gc,heap        ] GC(16865) Old regions: 42->42
[2020-12-21T14:24:56.027-0500][gc,heap        ] GC(16865) Humongous regions: 4->4
[2020-12-21T14:24:56.027-0500][gc,metaspace   ] GC(16865) Metaspace: 49949K->49949K(1093632K)
[2020-12-21T14:24:56.027-0500][gc,heap        ] GC(16865) Heap after GC invocations=16866 (full 3430): garbage-first heap   total 64512K, used 43265K [0x0000000083000000, 0x0000000100000000)
[2020-12-21T14:24:56.027-0500][gc,heap        ] GC(16865)   region size 1024K, 1 young (1024K), 1 survivors (1024K)
[2020-12-21T14:24:56.027-0500][gc,heap        ] GC(16865)  Metaspace       used 49949K, capacity 52104K, committed 53632K, reserved 1093632K
[2020-12-21T14:24:56.027-0500][gc,heap        ] GC(16865)   class space    used 7422K, capacity 8193K, committed 8832K, reserved 1048576K
[2020-12-21T14:24:56.027-0500][gc             ] GC(16865) Pause Young (Normal) (G1 Evacuation Pause) 50M->42M(63M) 5.144ms
[2020-12-21T14:24:56.027-0500][gc,cpu         ] GC(16865) User=0.01s Sys=0.01s Real=0.00s
[2020-12-21T14:26:29.372-0500][gc,heap        ] GC(16866) Heap before GC invocations=16866 (full 3430): garbage-first heap   total 64512K, used 50433K [0x0000000083000000, 0x0000000100000000)
[2020-12-21T14:26:29.372-0500][gc,heap        ] GC(16866)   region size 1024K, 9 young (9216K), 1 survivors (1024K)
[2020-12-21T14:26:29.372-0500][gc,heap        ] GC(16866)  Metaspace       used 49949K, capacity 52104K, committed 53632K, reserved 1093632K
[2020-12-21T14:26:29.372-0500][gc,heap        ] GC(16866)   class space    used 7422K, capacity 8193K, committed 8832K, reserved 1048576K
[2020-12-21T14:26:29.373-0500][gc,start       ] GC(16866) Pause Young (Normal) (G1 Evacuation Pause)
[2020-12-21T14:26:29.373-0500][gc,task        ] GC(16866) Using 8 workers of 8 for evacuation
[2020-12-21T14:26:29.377-0500][gc,phases      ] GC(16866)   Pre Evacuate Collection Set: 0.0ms
[2020-12-21T14:26:29.378-0500][gc,phases      ] GC(16866)   Evacuate Collection Set: 1.8ms
[2020-12-21T14:26:29.378-0500][gc,phases      ] GC(16866)   Post Evacuate Collection Set: 2.8ms
[2020-12-21T14:26:29.378-0500][gc,phases      ] GC(16866)   Other: 0.5ms
[2020-12-21T14:26:29.378-0500][gc,heap        ] GC(16866) Eden regions: 8->0(8)
[2020-12-21T14:26:29.378-0500][gc,heap        ] GC(16866) Survivor regions: 1->1(2)
[2020-12-21T14:26:29.378-0500][gc,heap        ] GC(16866) Old regions: 42->42
[2020-12-21T14:26:29.378-0500][gc,heap        ] GC(16866) Humongous regions: 4->4
[2020-12-21T14:26:29.378-0500][gc,metaspace   ] GC(16866) Metaspace: 49949K->49949K(1093632K)
[2020-12-21T14:26:29.378-0500][gc,heap        ] GC(16866) Heap after GC invocations=16867 (full 3430): garbage-first heap   total 64512K, used 43280K [0x0000000083000000, 0x0000000100000000)
[2020-12-21T14:26:29.378-0500][gc,heap        ] GC(16866)   region size 1024K, 1 young (1024K), 1 survivors (1024K)
[2020-12-21T14:26:29.378-0500][gc,heap        ] GC(16866)  Metaspace       used 49949K, capacity 52104K, committed 53632K, reserved 1093632K
[2020-12-21T14:26:29.378-0500][gc,heap        ] GC(16866)   class space    used 7422K, capacity 8193K, committed 8832K, reserved 1048576K
[2020-12-21T14:26:29.378-0500][gc             ] GC(16866) Pause Young (Normal) (G1 Evacuation Pause) 50M->42M(63M) 5.273ms
[2020-12-21T14:26:29.378-0500][gc,cpu         ] GC(16866) User=0.00s Sys=0.01s Real=0.00s
[2020-12-21T14:26:45.190-0500][gc,task        ] GC(16867) Using 5 workers of 8 for full compaction
[2020-12-21T14:26:45.190-0500][gc,start       ] GC(16867) Pause Full (System.gc())
[2020-12-21T14:26:45.190-0500][gc,heap        ] GC(16867) Heap before GC invocations=16867 (full 3430): garbage-first heap   total 64512K, used 44304K [0x0000000083000000, 0x0000000100000000)
[2020-12-21T14:26:45.190-0500][gc,heap        ] GC(16867)   region size 1024K, 3 young (3072K), 1 survivors (1024K)
[2020-12-21T14:26:45.190-0500][gc,heap        ] GC(16867)  Metaspace       used 49949K, capacity 52104K, committed 53632K, reserved 1093632K
[2020-12-21T14:26:45.190-0500][gc,heap        ] GC(16867)   class space    used 7422K, capacity 8193K, committed 8832K, reserved 1048576K
[2020-12-21T14:26:45.191-0500][gc,phases,start] GC(16867) Phase 1: Mark live objects
[2020-12-21T14:26:45.238-0500][gc,stringtable ] GC(16867) Cleaned string and symbol table, strings: 33107 processed, 4 removed, symbols: 120816 processed, 0 removed
[2020-12-21T14:26:45.239-0500][gc,phases      ] GC(16867) Phase 1: Mark live objects 47.696ms
[2020-12-21T14:26:45.239-0500][gc,phases,start] GC(16867) Phase 2: Prepare for compaction
[2020-12-21T14:26:45.242-0500][gc,phases      ] GC(16867) Phase 2: Prepare for compaction 3.321ms
[2020-12-21T14:26:45.242-0500][gc,phases,start] GC(16867) Phase 3: Adjust pointers
[2020-12-21T14:26:45.252-0500][gc,phases      ] GC(16867) Phase 3: Adjust pointers 10.365ms
[2020-12-21T14:26:45.252-0500][gc,phases,start] GC(16867) Phase 4: Compact heap
[2020-12-21T14:26:45.256-0500][gc,phases      ] GC(16867) Phase 4: Compact heap 3.354ms
[2020-12-21T14:26:45.262-0500][gc,heap        ] GC(16867) Eden regions: 2->0(10)
[2020-12-21T14:26:45.262-0500][gc,heap        ] GC(16867) Survivor regions: 1->0(2)
[2020-12-21T14:26:45.262-0500][gc,heap        ] GC(16867) Old regions: 42->41
[2020-12-21T14:26:45.262-0500][gc,heap        ] GC(16867) Humongous regions: 4->4
[2020-12-21T14:26:45.262-0500][gc,metaspace   ] GC(16867) Metaspace: 49949K->49949K(1093632K)
[2020-12-21T14:26:45.262-0500][gc,heap        ] GC(16867) Heap after GC invocations=16868 (full 3431): garbage-first heap   total 64512K, used 43198K [0x0000000083000000, 0x0000000100000000)
[2020-12-21T14:26:45.262-0500][gc,heap        ] GC(16867)   region size 1024K, 0 young (0K), 0 survivors (0K)
[2020-12-21T14:26:45.262-0500][gc,heap        ] GC(16867)  Metaspace       used 49949K, capacity 52104K, committed 53632K, reserved 1093632K
[2020-12-21T14:26:45.262-0500][gc,heap        ] GC(16867)   class space    used 7422K, capacity 8193K, committed 8832K, reserved 1048576K
[2020-12-21T14:26:45.262-0500][gc             ] GC(16867) Pause Full (System.gc()) 43M->42M(63M) 71.341ms
[2020-12-21T14:26:45.262-0500][gc,cpu         ] GC(16867) User=0.30s Sys=0.00s Real=0.07s
[2020-12-21T14:28:36.014-0500][gc,heap        ] GC(16868) Heap before GC invocations=16868 (full 3431): garbage-first heap   total 64512K, used 52414K [0x0000000083000000, 0x0000000100000000)
[2020-12-21T14:28:36.014-0500][gc,heap        ] GC(16868)   region size 1024K, 10 young (10240K), 0 survivors (0K)
[2020-12-21T14:28:36.014-0500][gc,heap        ] GC(16868)  Metaspace       used 49949K, capacity 52104K, committed 53632K, reserved 1093632K
[2020-12-21T14:28:36.014-0500][gc,heap        ] GC(16868)   class space    used 7422K, capacity 8193K, committed 8832K, reserved 1048576K
[2020-12-21T14:28:36.014-0500][gc,start       ] GC(16868) Pause Young (Normal) (G1 Evacuation Pause)
[2020-12-21T14:28:36.015-0500][gc,task        ] GC(16868) Using 8 workers of 8 for evacuation
[2020-12-21T14:28:36.019-0500][gc,phases      ] GC(16868)   Pre Evacuate Collection Set: 0.0ms
[2020-12-21T14:28:36.019-0500][gc,phases      ] GC(16868)   Evacuate Collection Set: 1.3ms
[2020-12-21T14:28:36.019-0500][gc,phases      ] GC(16868)   Post Evacuate Collection Set: 3.3ms
[2020-12-21T14:28:36.019-0500][gc,phases      ] GC(16868)   Other: 0.4ms
[2020-12-21T14:28:36.020-0500][gc,heap        ] GC(16868) Eden regions: 10->0(9)
[2020-12-21T14:28:36.022-0500][gc,heap        ] GC(16868) Survivor regions: 0->1(2)
[2020-12-21T14:28:36.022-0500][gc,heap        ] GC(16868) Old regions: 41->41
[2020-12-21T14:28:36.022-0500][gc,heap        ] GC(16868) Humongous regions: 4->4
[2020-12-21T14:28:36.022-0500][gc,metaspace   ] GC(16868) Metaspace: 49949K->49949K(1093632K)
[2020-12-21T14:28:36.022-0500][gc,heap        ] GC(16868) Heap after GC invocations=16869 (full 3431): garbage-first heap   total 64512K, used 43252K [0x0000000083000000, 0x0000000100000000)
[2020-12-21T14:28:36.022-0500][gc,heap        ] GC(16868)   region size 1024K, 1 young (1024K), 1 survivors (1024K)
[2020-12-21T14:28:36.022-0500][gc,heap        ] GC(16868)  Metaspace       used 49949K, capacity 52104K, committed 53632K, reserved 1093632K
[2020-12-21T14:28:36.022-0500][gc,heap        ] GC(16868)   class space    used 7422K, capacity 8193K, committed 8832K, reserved 1048576K
[2020-12-21T14:28:36.022-0500][gc             ] GC(16868) Pause Young (Normal) (G1 Evacuation Pause) 52M->42M(63M) 7.721ms
[2020-12-21T14:28:36.022-0500][gc,cpu         ] GC(16868) User=0.00s Sys=0.01s Real=0.01s
[2020-12-21T14:30:16.020-0500][gc,heap        ] GC(16869) Heap before GC invocations=16869 (full 3431): garbage-first heap   total 64512K, used 51444K [0x0000000083000000, 0x0000000100000000)
[2020-12-21T14:30:16.020-0500][gc,heap        ] GC(16869)   region size 1024K, 10 young (10240K), 1 survivors (1024K)
[2020-12-21T14:30:16.020-0500][gc,heap        ] GC(16869)  Metaspace       used 49949K, capacity 52104K, committed 53632K, reserved 1093632K
[2020-12-21T14:30:16.021-0500][gc,heap        ] GC(16869)   class space    used 7422K, capacity 8193K, committed 8832K, reserved 1048576K
[2020-12-21T14:30:16.021-0500][gc,start       ] GC(16869) Pause Young (Normal) (G1 Evacuation Pause)
[2020-12-21T14:30:16.021-0500][gc,task        ] GC(16869) Using 8 workers of 8 for evacuation
[2020-12-21T14:30:16.047-0500][gc,phases      ] GC(16869)   Pre Evacuate Collection Set: 0.0ms
[2020-12-21T14:30:16.047-0500][gc,phases      ] GC(16869)   Evacuate Collection Set: 3.4ms
[2020-12-21T14:30:16.047-0500][gc,phases      ] GC(16869)   Post Evacuate Collection Set: 22.5ms
[2020-12-21T14:30:16.047-0500][gc,phases      ] GC(16869)   Other: 0.6ms
[2020-12-21T14:30:16.047-0500][gc,heap        ] GC(16869) Eden regions: 9->0(9)
[2020-12-21T14:30:16.047-0500][gc,heap        ] GC(16869) Survivor regions: 1->1(2)
[2020-12-21T14:30:16.047-0500][gc,heap        ] GC(16869) Old regions: 41->41
[2020-12-21T14:30:16.047-0500][gc,heap        ] GC(16869) Humongous regions: 4->4
[2020-12-21T14:30:16.047-0500][gc,metaspace   ] GC(16869) Metaspace: 49949K->49949K(1093632K)
[2020-12-21T14:30:16.047-0500][gc,heap        ] GC(16869) Heap after GC invocations=16870 (full 3431): garbage-first heap   total 64512K, used 43270K [0x0000000083000000, 0x0000000100000000)
[2020-12-21T14:30:16.047-0500][gc,heap        ] GC(16869)   region size 1024K, 1 young (1024K), 1 survivors (1024K)
[2020-12-21T14:30:16.047-0500][gc,heap        ] GC(16869)  Metaspace       used 49949K, capacity 52104K, committed 53632K, reserved 1093632K
[2020-12-21T14:30:16.047-0500][gc,heap        ] GC(16869)   class space    used 7422K, capacity 8193K, committed 8832K, reserved 1048576K
[2020-12-21T14:30:16.047-0500][gc             ] GC(16869) Pause Young (Normal) (G1 Evacuation Pause) 51M->42M(63M) 26.487ms
[2020-12-21T14:30:16.047-0500][gc,cpu         ] GC(16869) User=0.13s Sys=0.00s Real=0.02s
[2020-12-21T14:31:45.191-0500][gc,task        ] GC(16870) Using 5 workers of 8 for full compaction
[2020-12-21T14:31:45.191-0500][gc,start       ] GC(16870) Pause Full (System.gc())
[2020-12-21T14:31:45.191-0500][gc,heap        ] GC(16870) Heap before GC invocations=16870 (full 3431): garbage-first heap   total 64512K, used 49414K [0x0000000083000000, 0x0000000100000000)
[2020-12-21T14:31:45.191-0500][gc,heap        ] GC(16870)   region size 1024K, 9 young (9216K), 1 survivors (1024K)
[2020-12-21T14:31:45.191-0500][gc,heap        ] GC(16870)  Metaspace       used 49949K, capacity 52104K, committed 53632K, reserved 1093632K
[2020-12-21T14:31:45.191-0500][gc,heap        ] GC(16870)   class space    used 7422K, capacity 8193K, committed 8832K, reserved 1048576K
[2020-12-21T14:31:45.192-0500][gc,phases,start] GC(16870) Phase 1: Mark live objects
[2020-12-21T14:31:45.231-0500][gc,stringtable ] GC(16870) Cleaned string and symbol table, strings: 33107 processed, 4 removed, symbols: 120816 processed, 0 removed
[2020-12-21T14:31:45.231-0500][gc,phases      ] GC(16870) Phase 1: Mark live objects 38.753ms
[2020-12-21T14:31:45.231-0500][gc,phases,start] GC(16870) Phase 2: Prepare for compaction
[2020-12-21T14:31:45.236-0500][gc,phases      ] GC(16870) Phase 2: Prepare for compaction 4.653ms
[2020-12-21T14:31:45.236-0500][gc,phases,start] GC(16870) Phase 3: Adjust pointers
[2020-12-21T14:31:45.248-0500][gc,phases      ] GC(16870) Phase 3: Adjust pointers 12.744ms
[2020-12-21T14:31:45.248-0500][gc,phases,start] GC(16870) Phase 4: Compact heap
[2020-12-21T14:31:45.251-0500][gc,phases      ] GC(16870) Phase 4: Compact heap 2.658ms
[2020-12-21T14:31:45.257-0500][gc,heap        ] GC(16870) Eden regions: 8->0(9)
[2020-12-21T14:31:45.257-0500][gc,heap        ] GC(16870) Survivor regions: 1->0(2)
[2020-12-21T14:31:45.257-0500][gc,heap        ] GC(16870) Old regions: 41->42
[2020-12-21T14:31:45.257-0500][gc,heap        ] GC(16870) Humongous regions: 4->4
[2020-12-21T14:31:45.257-0500][gc,metaspace   ] GC(16870) Metaspace: 49949K->49949K(1093632K)
[2020-12-21T14:31:45.257-0500][gc,heap        ] GC(16870) Heap after GC invocations=16871 (full 3432): garbage-first heap   total 64512K, used 43217K [0x0000000083000000, 0x0000000100000000)
[2020-12-21T14:31:45.257-0500][gc,heap        ] GC(16870)   region size 1024K, 0 young (0K), 0 survivors (0K)
[2020-12-21T14:31:45.257-0500][gc,heap        ] GC(16870)  Metaspace       used 49949K, capacity 52104K, committed 53632K, reserved 1093632K
[2020-12-21T14:31:45.257-0500][gc,heap        ] GC(16870)   class space    used 7422K, capacity 8193K, committed 8832K, reserved 1048576K
[2020-12-21T14:31:45.257-0500][gc             ] GC(16870) Pause Full (System.gc()) 49M->42M(63M) 65.968ms
[2020-12-21T14:31:45.257-0500][gc,cpu         ] GC(16870) User=0.25s Sys=0.00s Real=0.06s
[2020-12-21T14:33:28.032-0500][gc,heap        ] GC(16871) Heap before GC invocations=16871 (full 3432): garbage-first heap   total 64512K, used 51409K [0x0000000083000000, 0x0000000100000000)
[2020-12-21T14:33:28.032-0500][gc,heap        ] GC(16871)   region size 1024K, 9 young (9216K), 0 survivors (0K)
[2020-12-21T14:33:28.032-0500][gc,heap        ] GC(16871)  Metaspace       used 49949K, capacity 52104K, committed 53632K, reserved 1093632K
[2020-12-21T14:33:28.032-0500][gc,heap        ] GC(16871)   class space    used 7422K, capacity 8193K, committed 8832K, reserved 1048576K
[2020-12-21T14:33:28.032-0500][gc,start       ] GC(16871) Pause Young (Normal) (G1 Evacuation Pause)
[2020-12-21T14:33:28.032-0500][gc,task        ] GC(16871) Using 8 workers of 8 for evacuation
[2020-12-21T14:33:28.036-0500][gc,phases      ] GC(16871)   Pre Evacuate Collection Set: 0.0ms
[2020-12-21T14:33:28.036-0500][gc,phases      ] GC(16871)   Evacuate Collection Set: 1.3ms
[2020-12-21T14:33:28.036-0500][gc,phases      ] GC(16871)   Post Evacuate Collection Set: 2.7ms
[2020-12-21T14:33:28.036-0500][gc,phases      ] GC(16871)   Other: 0.6ms
[2020-12-21T14:33:28.036-0500][gc,heap        ] GC(16871) Eden regions: 9->0(8)
[2020-12-21T14:33:28.036-0500][gc,heap        ] GC(16871) Survivor regions: 0->1(2)
[2020-12-21T14:33:28.036-0500][gc,heap        ] GC(16871) Old regions: 42->42
[2020-12-21T14:33:28.036-0500][gc,heap        ] GC(16871) Humongous regions: 4->4
[2020-12-21T14:33:28.036-0500][gc,metaspace   ] GC(16871) Metaspace: 49949K->49949K(1093632K)
[2020-12-21T14:33:28.036-0500][gc,heap        ] GC(16871) Heap after GC invocations=16872 (full 3432): garbage-first heap   total 64512K, used 43265K [0x0000000083000000, 0x0000000100000000)
[2020-12-21T14:33:28.036-0500][gc,heap        ] GC(16871)   region size 1024K, 1 young (1024K), 1 survivors (1024K)
[2020-12-21T14:33:28.037-0500][gc,heap        ] GC(16871)  Metaspace       used 49949K, capacity 52104K, committed 53632K, reserved 1093632K
[2020-12-21T14:33:28.037-0500][gc,heap        ] GC(16871)   class space    used 7422K, capacity 8193K, committed 8832K, reserved 1048576K
[2020-12-21T14:33:28.037-0500][gc             ] GC(16871) Pause Young (Normal) (G1 Evacuation Pause) 51M->42M(63M) 4.917ms
[2020-12-21T14:33:28.037-0500][gc,cpu         ] GC(16871) User=0.01s Sys=0.00s Real=0.00s
[2020-12-21T14:35:00.880-0500][gc,heap        ] GC(16872) Heap before GC invocations=16872 (full 3432): garbage-first heap   total 64512K, used 50433K [0x0000000083000000, 0x0000000100000000)
[2020-12-21T14:35:00.880-0500][gc,heap        ] GC(16872)   region size 1024K, 9 young (9216K), 1 survivors (1024K)
[2020-12-21T14:35:00.880-0500][gc,heap        ] GC(16872)  Metaspace       used 49949K, capacity 52104K, committed 53632K, reserved 1093632K
[2020-12-21T14:35:00.880-0500][gc,heap        ] GC(16872)   class space    used 7422K, capacity 8193K, committed 8832K, reserved 1048576K
[2020-12-21T14:35:00.880-0500][gc,start       ] GC(16872) Pause Young (Normal) (G1 Evacuation Pause)
[2020-12-21T14:35:00.880-0500][gc,task        ] GC(16872) Using 8 workers of 8 for evacuation
[2020-12-21T14:35:00.883-0500][gc,phases      ] GC(16872)   Pre Evacuate Collection Set: 0.0ms
[2020-12-21T14:35:00.883-0500][gc,phases      ] GC(16872)   Evacuate Collection Set: 1.0ms
[2020-12-21T14:35:00.883-0500][gc,phases      ] GC(16872)   Post Evacuate Collection Set: 1.3ms
[2020-12-21T14:35:00.883-0500][gc,phases      ] GC(16872)   Other: 0.3ms
[2020-12-21T14:35:00.883-0500][gc,heap        ] GC(16872) Eden regions: 8->0(8)
[2020-12-21T14:35:00.883-0500][gc,heap        ] GC(16872) Survivor regions: 1->1(2)
[2020-12-21T14:35:00.883-0500][gc,heap        ] GC(16872) Old regions: 42->42
[2020-12-21T14:35:00.883-0500][gc,heap        ] GC(16872) Humongous regions: 4->4
[2020-12-21T14:35:00.883-0500][gc,metaspace   ] GC(16872) Metaspace: 49949K->49949K(1093632K)
[2020-12-21T14:35:00.883-0500][gc,heap        ] GC(16872) Heap after GC invocations=16873 (full 3432): garbage-first heap   total 64512K, used 43282K [0x0000000083000000, 0x0000000100000000)
[2020-12-21T14:35:00.883-0500][gc,heap        ] GC(16872)   region size 1024K, 1 young (1024K), 1 survivors (1024K)
[2020-12-21T14:35:00.883-0500][gc,heap        ] GC(16872)  Metaspace       used 49949K, capacity 52104K, committed 53632K, reserved 1093632K
[2020-12-21T14:35:00.883-0500][gc,heap        ] GC(16872)   class space    used 7422K, capacity 8193K, committed 8832K, reserved 1048576K
[2020-12-21T14:35:00.883-0500][gc             ] GC(16872) Pause Young (Normal) (G1 Evacuation Pause) 50M->42M(63M) 2.661ms
[2020-12-21T14:35:00.883-0500][gc,cpu         ] GC(16872) User=0.00s Sys=0.01s Real=0.00s
[2020-12-21T14:36:31.207-0500][gc,heap        ] GC(16873) Heap before GC invocations=16873 (full 3432): garbage-first heap   total 64512K, used 50450K [0x0000000083000000, 0x0000000100000000)
[2020-12-21T14:36:31.207-0500][gc,heap        ] GC(16873)   region size 1024K, 9 young (9216K), 1 survivors (1024K)
[2020-12-21T14:36:31.207-0500][gc,heap        ] GC(16873)  Metaspace       used 49949K, capacity 52104K, committed 53632K, reserved 1093632K
[2020-12-21T14:36:31.207-0500][gc,heap        ] GC(16873)   class space    used 7422K, capacity 8193K, committed 8832K, reserved 1048576K
[2020-12-21T14:36:31.207-0500][gc,start       ] GC(16873) Pause Young (Normal) (G1 Evacuation Pause)
[2020-12-21T14:36:31.207-0500][gc,task        ] GC(16873) Using 8 workers of 8 for evacuation
[2020-12-21T14:36:31.212-0500][gc,phases      ] GC(16873)   Pre Evacuate Collection Set: 0.0ms
[2020-12-21T14:36:31.212-0500][gc,phases      ] GC(16873)   Evacuate Collection Set: 1.6ms
[2020-12-21T14:36:31.212-0500][gc,phases      ] GC(16873)   Post Evacuate Collection Set: 2.7ms
[2020-12-21T14:36:31.212-0500][gc,phases      ] GC(16873)   Other: 0.4ms
[2020-12-21T14:36:31.212-0500][gc,heap        ] GC(16873) Eden regions: 8->0(8)
[2020-12-21T14:36:31.212-0500][gc,heap        ] GC(16873) Survivor regions: 1->1(2)
[2020-12-21T14:36:31.212-0500][gc,heap        ] GC(16873) Old regions: 42->42
[2020-12-21T14:36:31.212-0500][gc,heap        ] GC(16873) Humongous regions: 4->4
[2020-12-21T14:36:31.212-0500][gc,metaspace   ] GC(16873) Metaspace: 49949K->49949K(1093632K)
[2020-12-21T14:36:31.212-0500][gc,heap        ] GC(16873) Heap after GC invocations=16874 (full 3432): garbage-first heap   total 64512K, used 43346K [0x0000000083000000, 0x0000000100000000)
[2020-12-21T14:36:31.212-0500][gc,heap        ] GC(16873)   region size 1024K, 1 young (1024K), 1 survivors (1024K)
[2020-12-21T14:36:31.212-0500][gc,heap        ] GC(16873)  Metaspace       used 49949K, capacity 52104K, committed 53632K, reserved 1093632K
[2020-12-21T14:36:31.212-0500][gc,heap        ] GC(16873)   class space    used 7422K, capacity 8193K, committed 8832K, reserved 1048576K
[2020-12-21T14:36:31.212-0500][gc             ] GC(16873) Pause Young (Normal) (G1 Evacuation Pause) 50M->42M(63M) 5.018ms
[2020-12-21T14:36:31.212-0500][gc,cpu         ] GC(16873) User=0.01s Sys=0.00s Real=0.01s
[2020-12-21T14:36:45.192-0500][gc,task        ] GC(16874) Using 5 workers of 8 for full compaction
[2020-12-21T14:36:45.192-0500][gc,start       ] GC(16874) Pause Full (System.gc())
[2020-12-21T14:36:45.192-0500][gc,heap        ] GC(16874) Heap before GC invocations=16874 (full 3432): garbage-first heap   total 64512K, used 44370K [0x0000000083000000, 0x0000000100000000)
[2020-12-21T14:36:45.192-0500][gc,heap        ] GC(16874)   region size 1024K, 3 young (3072K), 1 survivors (1024K)
[2020-12-21T14:36:45.192-0500][gc,heap        ] GC(16874)  Metaspace       used 49949K, capacity 52104K, committed 53632K, reserved 1093632K
[2020-12-21T14:36:45.192-0500][gc,heap        ] GC(16874)   class space    used 7422K, capacity 8193K, committed 8832K, reserved 1048576K
[2020-12-21T14:36:45.193-0500][gc,phases,start] GC(16874) Phase 1: Mark live objects
[2020-12-21T14:36:45.239-0500][gc,stringtable ] GC(16874) Cleaned string and symbol table, strings: 33107 processed, 4 removed, symbols: 120816 processed, 0 removed
[2020-12-21T14:36:45.239-0500][gc,phases      ] GC(16874) Phase 1: Mark live objects 46.147ms
[2020-12-21T14:36:45.239-0500][gc,phases,start] GC(16874) Phase 2: Prepare for compaction
[2020-12-21T14:36:45.242-0500][gc,phases      ] GC(16874) Phase 2: Prepare for compaction 3.053ms
[2020-12-21T14:36:45.242-0500][gc,phases,start] GC(16874) Phase 3: Adjust pointers
[2020-12-21T14:36:45.252-0500][gc,phases      ] GC(16874) Phase 3: Adjust pointers 9.584ms
[2020-12-21T14:36:45.252-0500][gc,phases,start] GC(16874) Phase 4: Compact heap
[2020-12-21T14:36:45.254-0500][gc,phases      ] GC(16874) Phase 4: Compact heap 2.551ms
[2020-12-21T14:36:45.260-0500][gc,heap        ] GC(16874) Eden regions: 2->0(10)
[2020-12-21T14:36:45.260-0500][gc,heap        ] GC(16874) Survivor regions: 1->0(2)
[2020-12-21T14:36:45.260-0500][gc,heap        ] GC(16874) Old regions: 42->41
[2020-12-21T14:36:45.260-0500][gc,heap        ] GC(16874) Humongous regions: 4->4
[2020-12-21T14:36:45.260-0500][gc,metaspace   ] GC(16874) Metaspace: 49949K->49949K(1093632K)
[2020-12-21T14:36:45.260-0500][gc,heap        ] GC(16874) Heap after GC invocations=16875 (full 3433): garbage-first heap   total 64512K, used 43198K [0x0000000083000000, 0x0000000100000000)
[2020-12-21T14:36:45.260-0500][gc,heap        ] GC(16874)   region size 1024K, 0 young (0K), 0 survivors (0K)
[2020-12-21T14:36:45.260-0500][gc,heap        ] GC(16874)  Metaspace       used 49949K, capacity 52104K, committed 53632K, reserved 1093632K
[2020-12-21T14:36:45.260-0500][gc,heap        ] GC(16874)   class space    used 7422K, capacity 8193K, committed 8832K, reserved 1048576K
[2020-12-21T14:36:45.260-0500][gc             ] GC(16874) Pause Full (System.gc()) 43M->42M(63M) 68.169ms
[2020-12-21T14:36:45.260-0500][gc,cpu         ] GC(16874) User=0.29s Sys=0.00s Real=0.07s
[2020-12-21T14:38:34.687-0500][gc,heap        ] GC(16875) Heap before GC invocations=16875 (full 3433): garbage-first heap   total 64512K, used 53438K [0x0000000083000000, 0x0000000100000000)
[2020-12-21T14:38:34.687-0500][gc,heap        ] GC(16875)   region size 1024K, 10 young (10240K), 0 survivors (0K)
[2020-12-21T14:38:34.687-0500][gc,heap        ] GC(16875)  Metaspace       used 49949K, capacity 52104K, committed 53632K, reserved 1093632K
[2020-12-21T14:38:34.687-0500][gc,heap        ] GC(16875)   class space    used 7422K, capacity 8193K, committed 8832K, reserved 1048576K
[2020-12-21T14:38:34.687-0500][gc,start       ] GC(16875) Pause Young (Normal) (G1 Evacuation Pause)
[2020-12-21T14:38:34.687-0500][gc,task        ] GC(16875) Using 8 workers of 8 for evacuation
[2020-12-21T14:38:34.692-0500][gc,phases      ] GC(16875)   Pre Evacuate Collection Set: 0.0ms
[2020-12-21T14:38:34.692-0500][gc,phases      ] GC(16875)   Evacuate Collection Set: 2.8ms
[2020-12-21T14:38:34.692-0500][gc,phases      ] GC(16875)   Post Evacuate Collection Set: 2.0ms
[2020-12-21T14:38:34.692-0500][gc,phases      ] GC(16875)   Other: 0.6ms
[2020-12-21T14:38:34.692-0500][gc,heap        ] GC(16875) Eden regions: 10->0(9)
[2020-12-21T14:38:34.692-0500][gc,heap        ] GC(16875) Survivor regions: 0->1(2)
[2020-12-21T14:38:34.692-0500][gc,heap        ] GC(16875) Old regions: 41->41
[2020-12-21T14:38:34.692-0500][gc,heap        ] GC(16875) Humongous regions: 4->4
[2020-12-21T14:38:34.692-0500][gc,metaspace   ] GC(16875) Metaspace: 49949K->49949K(1093632K)
[2020-12-21T14:38:34.692-0500][gc,heap        ] GC(16875) Heap after GC invocations=16876 (full 3433): garbage-first heap   total 64512K, used 43252K [0x0000000083000000, 0x0000000100000000)
[2020-12-21T14:38:34.692-0500][gc,heap        ] GC(16875)   region size 1024K, 1 young (1024K), 1 survivors (1024K)
[2020-12-21T14:38:34.692-0500][gc,heap        ] GC(16875)  Metaspace       used 49949K, capacity 52104K, committed 53632K, reserved 1093632K
[2020-12-21T14:38:34.692-0500][gc,heap        ] GC(16875)   class space    used 7422K, capacity 8193K, committed 8832K, reserved 1048576K
[2020-12-21T14:38:34.692-0500][gc             ] GC(16875) Pause Young (Normal) (G1 Evacuation Pause) 52M->42M(63M) 5.427ms
[2020-12-21T14:38:34.692-0500][gc,cpu         ] GC(16875) User=0.01s Sys=0.01s Real=0.01s
[2020-12-21T14:40:12.507-0500][gc,heap        ] GC(16876) Heap before GC invocations=16876 (full 3433): garbage-first heap   total 64512K, used 51444K [0x0000000083000000, 0x0000000100000000)
[2020-12-21T14:40:12.507-0500][gc,heap        ] GC(16876)   region size 1024K, 10 young (10240K), 1 survivors (1024K)
[2020-12-21T14:40:12.507-0500][gc,heap        ] GC(16876)  Metaspace       used 49949K, capacity 52104K, committed 53632K, reserved 1093632K
[2020-12-21T14:40:12.507-0500][gc,heap        ] GC(16876)   class space    used 7422K, capacity 8193K, committed 8832K, reserved 1048576K
[2020-12-21T14:40:12.507-0500][gc,start       ] GC(16876) Pause Young (Normal) (G1 Evacuation Pause)
[2020-12-21T14:40:12.507-0500][gc,task        ] GC(16876) Using 8 workers of 8 for evacuation
[2020-12-21T14:40:12.511-0500][gc,phases      ] GC(16876)   Pre Evacuate Collection Set: 0.0ms
[2020-12-21T14:40:12.511-0500][gc,phases      ] GC(16876)   Evacuate Collection Set: 1.4ms
[2020-12-21T14:40:12.511-0500][gc,phases      ] GC(16876)   Post Evacuate Collection Set: 2.4ms
[2020-12-21T14:40:12.511-0500][gc,phases      ] GC(16876)   Other: 0.8ms
[2020-12-21T14:40:12.511-0500][gc,heap        ] GC(16876) Eden regions: 9->0(9)
[2020-12-21T14:40:12.511-0500][gc,heap        ] GC(16876) Survivor regions: 1->1(2)
[2020-12-21T14:40:12.511-0500][gc,heap        ] GC(16876) Old regions: 41->41
[2020-12-21T14:40:12.511-0500][gc,heap        ] GC(16876) Humongous regions: 4->4
[2020-12-21T14:40:12.511-0500][gc,metaspace   ] GC(16876) Metaspace: 49949K->49949K(1093632K)
[2020-12-21T14:40:12.511-0500][gc,heap        ] GC(16876) Heap after GC invocations=16877 (full 3433): garbage-first heap   total 64512K, used 43263K [0x0000000083000000, 0x0000000100000000)
[2020-12-21T14:40:12.512-0500][gc,heap        ] GC(16876)   region size 1024K, 1 young (1024K), 1 survivors (1024K)
[2020-12-21T14:40:12.512-0500][gc,heap        ] GC(16876)  Metaspace       used 49949K, capacity 52104K, committed 53632K, reserved 1093632K
[2020-12-21T14:40:12.512-0500][gc,heap        ] GC(16876)   class space    used 7422K, capacity 8193K, committed 8832K, reserved 1048576K
[2020-12-21T14:40:12.512-0500][gc             ] GC(16876) Pause Young (Normal) (G1 Evacuation Pause) 51M->42M(63M) 4.546ms
[2020-12-21T14:40:12.512-0500][gc,cpu         ] GC(16876) User=0.01s Sys=0.01s Real=0.01s
[2020-12-21T14:41:45.191-0500][gc,task        ] GC(16877) Using 5 workers of 8 for full compaction
[2020-12-21T14:41:45.191-0500][gc,start       ] GC(16877) Pause Full (System.gc())
[2020-12-21T14:41:45.191-0500][gc,heap        ] GC(16877) Heap before GC invocations=16877 (full 3433): garbage-first heap   total 64512K, used 49407K [0x0000000083000000, 0x0000000100000000)
[2020-12-21T14:41:45.191-0500][gc,heap        ] GC(16877)   region size 1024K, 9 young (9216K), 1 survivors (1024K)
[2020-12-21T14:41:45.191-0500][gc,heap        ] GC(16877)  Metaspace       used 49949K, capacity 52104K, committed 53632K, reserved 1093632K
[2020-12-21T14:41:45.191-0500][gc,heap        ] GC(16877)   class space    used 7422K, capacity 8193K, committed 8832K, reserved 1048576K
[2020-12-21T14:41:45.192-0500][gc,phases,start] GC(16877) Phase 1: Mark live objects
[2020-12-21T14:41:45.233-0500][gc,stringtable ] GC(16877) Cleaned string and symbol table, strings: 33107 processed, 4 removed, symbols: 120816 processed, 0 removed
[2020-12-21T14:41:45.233-0500][gc,phases      ] GC(16877) Phase 1: Mark live objects 41.303ms
[2020-12-21T14:41:45.233-0500][gc,phases,start] GC(16877) Phase 2: Prepare for compaction
[2020-12-21T14:41:45.239-0500][gc,phases      ] GC(16877) Phase 2: Prepare for compaction 5.928ms
[2020-12-21T14:41:45.239-0500][gc,phases,start] GC(16877) Phase 3: Adjust pointers
[2020-12-21T14:41:45.250-0500][gc,phases      ] GC(16877) Phase 3: Adjust pointers 10.594ms
[2020-12-21T14:41:45.250-0500][gc,phases,start] GC(16877) Phase 4: Compact heap
[2020-12-21T14:41:45.253-0500][gc,phases      ] GC(16877) Phase 4: Compact heap 3.078ms
[2020-12-21T14:41:45.259-0500][gc,heap        ] GC(16877) Eden regions: 8->0(10)
[2020-12-21T14:41:45.259-0500][gc,heap        ] GC(16877) Survivor regions: 1->0(2)
[2020-12-21T14:41:45.259-0500][gc,heap        ] GC(16877) Old regions: 41->41
[2020-12-21T14:41:45.259-0500][gc,heap        ] GC(16877) Humongous regions: 4->4
[2020-12-21T14:41:45.259-0500][gc,metaspace   ] GC(16877) Metaspace: 49949K->49949K(1093632K)
[2020-12-21T14:41:45.259-0500][gc,heap        ] GC(16877) Heap after GC invocations=16878 (full 3434): garbage-first heap   total 64512K, used 43220K [0x0000000083000000, 0x0000000100000000)
[2020-12-21T14:41:45.259-0500][gc,heap        ] GC(16877)   region size 1024K, 0 young (0K), 0 survivors (0K)
[2020-12-21T14:41:45.259-0500][gc,heap        ] GC(16877)  Metaspace       used 49949K, capacity 52104K, committed 53632K, reserved 1093632K
[2020-12-21T14:41:45.259-0500][gc,heap        ] GC(16877)   class space    used 7422K, capacity 8193K, committed 8832K, reserved 1048576K
[2020-12-21T14:41:45.259-0500][gc             ] GC(16877) Pause Full (System.gc()) 50M->42M(63M) 67.705ms
[2020-12-21T14:41:45.259-0500][gc,cpu         ] GC(16877) User=0.28s Sys=0.00s Real=0.07s
[2020-12-21T14:43:36.015-0500][gc,heap        ] GC(16878) Heap before GC invocations=16878 (full 3434): garbage-first heap   total 64512K, used 52436K [0x0000000083000000, 0x0000000100000000)
[2020-12-21T14:43:36.015-0500][gc,heap        ] GC(16878)   region size 1024K, 10 young (10240K), 0 survivors (0K)
[2020-12-21T14:43:36.015-0500][gc,heap        ] GC(16878)  Metaspace       used 49949K, capacity 52104K, committed 53632K, reserved 1093632K
[2020-12-21T14:43:36.015-0500][gc,heap        ] GC(16878)   class space    used 7422K, capacity 8193K, committed 8832K, reserved 1048576K
[2020-12-21T14:43:36.015-0500][gc,start       ] GC(16878) Pause Young (Normal) (G1 Evacuation Pause)
[2020-12-21T14:43:36.015-0500][gc,task        ] GC(16878) Using 8 workers of 8 for evacuation
[2020-12-21T14:43:36.021-0500][gc,phases      ] GC(16878)   Pre Evacuate Collection Set: 0.0ms
[2020-12-21T14:43:36.021-0500][gc,phases      ] GC(16878)   Evacuate Collection Set: 1.5ms
[2020-12-21T14:43:36.021-0500][gc,phases      ] GC(16878)   Post Evacuate Collection Set: 3.6ms
[2020-12-21T14:43:36.021-0500][gc,phases      ] GC(16878)   Other: 0.6ms
[2020-12-21T14:43:36.021-0500][gc,heap        ] GC(16878) Eden regions: 10->0(9)
[2020-12-21T14:43:36.021-0500][gc,heap        ] GC(16878) Survivor regions: 0->1(2)
[2020-12-21T14:43:36.021-0500][gc,heap        ] GC(16878) Old regions: 41->41
[2020-12-21T14:43:36.021-0500][gc,heap        ] GC(16878) Humongous regions: 4->4
[2020-12-21T14:43:36.021-0500][gc,metaspace   ] GC(16878) Metaspace: 49949K->49949K(1093632K)
[2020-12-21T14:43:36.021-0500][gc,heap        ] GC(16878) Heap after GC invocations=16879 (full 3434): garbage-first heap   total 64512K, used 43275K [0x0000000083000000, 0x0000000100000000)
[2020-12-21T14:43:36.021-0500][gc,heap        ] GC(16878)   region size 1024K, 1 young (1024K), 1 survivors (1024K)
[2020-12-21T14:43:36.021-0500][gc,heap        ] GC(16878)  Metaspace       used 49949K, capacity 52104K, committed 53632K, reserved 1093632K
[2020-12-21T14:43:36.021-0500][gc,heap        ] GC(16878)   class space    used 7422K, capacity 8193K, committed 8832K, reserved 1048576K
[2020-12-21T14:43:36.021-0500][gc             ] GC(16878) Pause Young (Normal) (G1 Evacuation Pause) 52M->42M(63M) 5.904ms
[2020-12-21T14:43:36.021-0500][gc,cpu         ] GC(16878) User=0.01s Sys=0.01s Real=0.01s
[2020-12-21T14:45:25.114-0500][gc,heap        ] GC(16879) Heap before GC invocations=16879 (full 3434): garbage-first heap   total 64512K, used 51467K [0x0000000083000000, 0x0000000100000000)
[2020-12-21T14:45:25.114-0500][gc,heap        ] GC(16879)   region size 1024K, 10 young (10240K), 1 survivors (1024K)
[2020-12-21T14:45:25.114-0500][gc,heap        ] GC(16879)  Metaspace       used 49949K, capacity 52104K, committed 53632K, reserved 1093632K
[2020-12-21T14:45:25.114-0500][gc,heap        ] GC(16879)   class space    used 7422K, capacity 8193K, committed 8832K, reserved 1048576K
[2020-12-21T14:45:25.114-0500][gc,start       ] GC(16879) Pause Young (Normal) (G1 Evacuation Pause)
[2020-12-21T14:45:25.114-0500][gc,task        ] GC(16879) Using 8 workers of 8 for evacuation
[2020-12-21T14:45:25.121-0500][gc,phases      ] GC(16879)   Pre Evacuate Collection Set: 0.0ms
[2020-12-21T14:45:25.121-0500][gc,phases      ] GC(16879)   Evacuate Collection Set: 1.6ms
[2020-12-21T14:45:25.121-0500][gc,phases      ] GC(16879)   Post Evacuate Collection Set: 4.8ms
[2020-12-21T14:45:25.121-0500][gc,phases      ] GC(16879)   Other: 0.4ms
[2020-12-21T14:45:25.121-0500][gc,heap        ] GC(16879) Eden regions: 9->0(9)
[2020-12-21T14:45:25.121-0500][gc,heap        ] GC(16879) Survivor regions: 1->1(2)
[2020-12-21T14:45:25.121-0500][gc,heap        ] GC(16879) Old regions: 41->41
[2020-12-21T14:45:25.121-0500][gc,heap        ] GC(16879) Humongous regions: 4->4
[2020-12-21T14:45:25.121-0500][gc,metaspace   ] GC(16879) Metaspace: 49949K->49949K(1093632K)
[2020-12-21T14:45:25.121-0500][gc,heap        ] GC(16879) Heap after GC invocations=16880 (full 3434): garbage-first heap   total 64512K, used 43272K [0x0000000083000000, 0x0000000100000000)
[2020-12-21T14:45:25.121-0500][gc,heap        ] GC(16879)   region size 1024K, 1 young (1024K), 1 survivors (1024K)
[2020-12-21T14:45:25.121-0500][gc,heap        ] GC(16879)  Metaspace       used 49949K, capacity 52104K, committed 53632K, reserved 1093632K
[2020-12-21T14:45:25.121-0500][gc,heap        ] GC(16879)   class space    used 7422K, capacity 8193K, committed 8832K, reserved 1048576K
[2020-12-21T14:45:25.121-0500][gc             ] GC(16879) Pause Young (Normal) (G1 Evacuation Pause) 51M->42M(63M) 6.976ms
[2020-12-21T14:45:25.121-0500][gc,cpu         ] GC(16879) User=0.02s Sys=0.00s Real=0.01s
[2020-12-21T14:46:45.190-0500][gc,task        ] GC(16880) Using 5 workers of 8 for full compaction
[2020-12-21T14:46:45.190-0500][gc,start       ] GC(16880) Pause Full (System.gc())
[2020-12-21T14:46:45.193-0500][gc,heap        ] GC(16880) Heap before GC invocations=16880 (full 3434): garbage-first heap   total 64512K, used 49416K [0x0000000083000000, 0x0000000100000000)
[2020-12-21T14:46:45.193-0500][gc,heap        ] GC(16880)   region size 1024K, 9 young (9216K), 1 survivors (1024K)
[2020-12-21T14:46:45.193-0500][gc,heap        ] GC(16880)  Metaspace       used 49949K, capacity 52104K, committed 53632K, reserved 1093632K
[2020-12-21T14:46:45.193-0500][gc,heap        ] GC(16880)   class space    used 7422K, capacity 8193K, committed 8832K, reserved 1048576K
[2020-12-21T14:46:45.194-0500][gc,phases,start] GC(16880) Phase 1: Mark live objects
[2020-12-21T14:46:45.244-0500][gc,stringtable ] GC(16880) Cleaned string and symbol table, strings: 33107 processed, 4 removed, symbols: 120816 processed, 0 removed
[2020-12-21T14:46:45.244-0500][gc,phases      ] GC(16880) Phase 1: Mark live objects 49.859ms
[2020-12-21T14:46:45.244-0500][gc,phases,start] GC(16880) Phase 2: Prepare for compaction
[2020-12-21T14:46:45.247-0500][gc,phases      ] GC(16880) Phase 2: Prepare for compaction 3.583ms
[2020-12-21T14:46:45.247-0500][gc,phases,start] GC(16880) Phase 3: Adjust pointers
[2020-12-21T14:46:45.257-0500][gc,phases      ] GC(16880) Phase 3: Adjust pointers 9.715ms
[2020-12-21T14:46:45.257-0500][gc,phases,start] GC(16880) Phase 4: Compact heap
[2020-12-21T14:46:45.260-0500][gc,phases      ] GC(16880) Phase 4: Compact heap 2.432ms
[2020-12-21T14:46:45.265-0500][gc,heap        ] GC(16880) Eden regions: 8->0(9)
[2020-12-21T14:46:45.265-0500][gc,heap        ] GC(16880) Survivor regions: 1->0(2)
[2020-12-21T14:46:45.265-0500][gc,heap        ] GC(16880) Old regions: 41->42
[2020-12-21T14:46:45.265-0500][gc,heap        ] GC(16880) Humongous regions: 4->4
[2020-12-21T14:46:45.265-0500][gc,metaspace   ] GC(16880) Metaspace: 49949K->49949K(1093632K)
[2020-12-21T14:46:45.265-0500][gc,heap        ] GC(16880) Heap after GC invocations=16881 (full 3435): garbage-first heap   total 64512K, used 43216K [0x0000000083000000, 0x0000000100000000)
[2020-12-21T14:46:45.265-0500][gc,heap        ] GC(16880)   region size 1024K, 0 young (0K), 0 survivors (0K)
[2020-12-21T14:46:45.265-0500][gc,heap        ] GC(16880)  Metaspace       used 49949K, capacity 52104K, committed 53632K, reserved 1093632K
[2020-12-21T14:46:45.265-0500][gc,heap        ] GC(16880)   class space    used 7422K, capacity 8193K, committed 8832K, reserved 1048576K
[2020-12-21T14:46:45.265-0500][gc             ] GC(16880) Pause Full (System.gc()) 49M->42M(63M) 75.007ms
[2020-12-21T14:46:45.266-0500][gc,cpu         ] GC(16880) User=0.31s Sys=0.00s Real=0.07s
[2020-12-21T14:48:26.020-0500][gc,heap        ] GC(16881) Heap before GC invocations=16881 (full 3435): garbage-first heap   total 64512K, used 52432K [0x0000000083000000, 0x0000000100000000)
[2020-12-21T14:48:26.020-0500][gc,heap        ] GC(16881)   region size 1024K, 9 young (9216K), 0 survivors (0K)
[2020-12-21T14:48:26.020-0500][gc,heap        ] GC(16881)  Metaspace       used 49949K, capacity 52104K, committed 53632K, reserved 1093632K
[2020-12-21T14:48:26.020-0500][gc,heap        ] GC(16881)   class space    used 7422K, capacity 8193K, committed 8832K, reserved 1048576K
[2020-12-21T14:48:26.020-0500][gc,start       ] GC(16881) Pause Young (Normal) (G1 Evacuation Pause)
[2020-12-21T14:48:26.020-0500][gc,task        ] GC(16881) Using 8 workers of 8 for evacuation
[2020-12-21T14:48:26.025-0500][gc,phases      ] GC(16881)   Pre Evacuate Collection Set: 0.0ms
[2020-12-21T14:48:26.025-0500][gc,phases      ] GC(16881)   Evacuate Collection Set: 1.7ms
[2020-12-21T14:48:26.025-0500][gc,phases      ] GC(16881)   Post Evacuate Collection Set: 2.8ms
[2020-12-21T14:48:26.025-0500][gc,phases      ] GC(16881)   Other: 0.5ms
[2020-12-21T14:48:26.025-0500][gc,heap        ] GC(16881) Eden regions: 9->0(8)
[2020-12-21T14:48:26.025-0500][gc,heap        ] GC(16881) Survivor regions: 0->1(2)
[2020-12-21T14:48:26.025-0500][gc,heap        ] GC(16881) Old regions: 42->42
[2020-12-21T14:48:26.025-0500][gc,heap        ] GC(16881) Humongous regions: 4->4
[2020-12-21T14:48:26.025-0500][gc,metaspace   ] GC(16881) Metaspace: 49949K->49949K(1093632K)
[2020-12-21T14:48:26.025-0500][gc,heap        ] GC(16881) Heap after GC invocations=16882 (full 3435): garbage-first heap   total 64512K, used 43273K [0x0000000083000000, 0x0000000100000000)
[2020-12-21T14:48:26.025-0500][gc,heap        ] GC(16881)   region size 1024K, 1 young (1024K), 1 survivors (1024K)
[2020-12-21T14:48:26.025-0500][gc,heap        ] GC(16881)  Metaspace       used 49949K, capacity 52104K, committed 53632K, reserved 1093632K
[2020-12-21T14:48:26.025-0500][gc,heap        ] GC(16881)   class space    used 7422K, capacity 8193K, committed 8832K, reserved 1048576K
[2020-12-21T14:48:26.025-0500][gc             ] GC(16881) Pause Young (Normal) (G1 Evacuation Pause) 51M->42M(63M) 5.204ms
[2020-12-21T14:48:26.025-0500][gc,cpu         ] GC(16881) User=0.01s Sys=0.00s Real=0.00s
[2020-12-21T14:50:02.843-0500][gc,heap        ] GC(16882) Heap before GC invocations=16882 (full 3435): garbage-first heap   total 64512K, used 50441K [0x0000000083000000, 0x0000000100000000)
[2020-12-21T14:50:02.843-0500][gc,heap        ] GC(16882)   region size 1024K, 9 young (9216K), 1 survivors (1024K)
[2020-12-21T14:50:02.843-0500][gc,heap        ] GC(16882)  Metaspace       used 49949K, capacity 52104K, committed 53632K, reserved 1093632K
[2020-12-21T14:50:02.843-0500][gc,heap        ] GC(16882)   class space    used 7422K, capacity 8193K, committed 8832K, reserved 1048576K
[2020-12-21T14:50:02.843-0500][gc,start       ] GC(16882) Pause Young (Normal) (G1 Evacuation Pause)
[2020-12-21T14:50:02.843-0500][gc,task        ] GC(16882) Using 8 workers of 8 for evacuation
[2020-12-21T14:50:02.845-0500][gc,phases      ] GC(16882)   Pre Evacuate Collection Set: 0.0ms
[2020-12-21T14:50:02.845-0500][gc,phases      ] GC(16882)   Evacuate Collection Set: 0.5ms
[2020-12-21T14:50:02.845-0500][gc,phases      ] GC(16882)   Post Evacuate Collection Set: 1.0ms
[2020-12-21T14:50:02.845-0500][gc,phases      ] GC(16882)   Other: 0.2ms
[2020-12-21T14:50:02.845-0500][gc,heap        ] GC(16882) Eden regions: 8->0(8)
[2020-12-21T14:50:02.845-0500][gc,heap        ] GC(16882) Survivor regions: 1->1(2)
[2020-12-21T14:50:02.845-0500][gc,heap        ] GC(16882) Old regions: 42->42
[2020-12-21T14:50:02.845-0500][gc,heap        ] GC(16882) Humongous regions: 4->4
[2020-12-21T14:50:02.845-0500][gc,metaspace   ] GC(16882) Metaspace: 49949K->49949K(1093632K)
[2020-12-21T14:50:02.845-0500][gc,heap        ] GC(16882) Heap after GC invocations=16883 (full 3435): garbage-first heap   total 64512K, used 43265K [0x0000000083000000, 0x0000000100000000)
[2020-12-21T14:50:02.845-0500][gc,heap        ] GC(16882)   region size 1024K, 1 young (1024K), 1 survivors (1024K)
[2020-12-21T14:50:02.845-0500][gc,heap        ] GC(16882)  Metaspace       used 49949K, capacity 52104K, committed 53632K, reserved 1093632K
[2020-12-21T14:50:02.845-0500][gc,heap        ] GC(16882)   class space    used 7422K, capacity 8193K, committed 8832K, reserved 1048576K
[2020-12-21T14:50:02.845-0500][gc             ] GC(16882) Pause Young (Normal) (G1 Evacuation Pause) 50M->42M(63M) 1.752ms
[2020-12-21T14:50:02.845-0500][gc,cpu         ] GC(16882) User=0.00s Sys=0.00s Real=0.00s
[2020-12-21T14:51:34.033-0500][gc,heap        ] GC(16883) Heap before GC invocations=16883 (full 3435): garbage-first heap   total 64512K, used 50433K [0x0000000083000000, 0x0000000100000000)
[2020-12-21T14:51:34.033-0500][gc,heap        ] GC(16883)   region size 1024K, 9 young (9216K), 1 survivors (1024K)
[2020-12-21T14:51:34.033-0500][gc,heap        ] GC(16883)  Metaspace       used 49949K, capacity 52104K, committed 53632K, reserved 1093632K
[2020-12-21T14:51:34.033-0500][gc,heap        ] GC(16883)   class space    used 7422K, capacity 8193K, committed 8832K, reserved 1048576K
[2020-12-21T14:51:34.033-0500][gc,start       ] GC(16883) Pause Young (Normal) (G1 Evacuation Pause)
[2020-12-21T14:51:34.033-0500][gc,task        ] GC(16883) Using 8 workers of 8 for evacuation
[2020-12-21T14:51:34.034-0500][gc,phases      ] GC(16883)   Pre Evacuate Collection Set: 0.0ms
[2020-12-21T14:51:34.034-0500][gc,phases      ] GC(16883)   Evacuate Collection Set: 0.6ms
[2020-12-21T14:51:34.034-0500][gc,phases      ] GC(16883)   Post Evacuate Collection Set: 0.8ms
[2020-12-21T14:51:34.034-0500][gc,phases      ] GC(16883)   Other: 0.2ms
[2020-12-21T14:51:34.034-0500][gc,heap        ] GC(16883) Eden regions: 8->0(8)
[2020-12-21T14:51:34.034-0500][gc,heap        ] GC(16883) Survivor regions: 1->1(2)
[2020-12-21T14:51:34.034-0500][gc,heap        ] GC(16883) Old regions: 42->42
[2020-12-21T14:51:34.034-0500][gc,heap        ] GC(16883) Humongous regions: 4->4
[2020-12-21T14:51:34.034-0500][gc,metaspace   ] GC(16883) Metaspace: 49949K->49949K(1093632K)
[2020-12-21T14:51:34.034-0500][gc,heap        ] GC(16883) Heap after GC invocations=16884 (full 3435): garbage-first heap   total 64512K, used 43291K [0x0000000083000000, 0x0000000100000000)
[2020-12-21T14:51:34.034-0500][gc,heap        ] GC(16883)   region size 1024K, 1 young (1024K), 1 survivors (1024K)
[2020-12-21T14:51:34.035-0500][gc,heap        ] GC(16883)  Metaspace       used 49949K, capacity 52104K, committed 53632K, reserved 1093632K
[2020-12-21T14:51:34.035-0500][gc,heap        ] GC(16883)   class space    used 7422K, capacity 8193K, committed 8832K, reserved 1048576K
[2020-12-21T14:51:34.035-0500][gc             ] GC(16883) Pause Young (Normal) (G1 Evacuation Pause) 50M->42M(63M) 1.654ms
[2020-12-21T14:51:34.035-0500][gc,cpu         ] GC(16883) User=0.01s Sys=0.00s Real=0.00s
[2020-12-21T14:51:45.191-0500][gc,task        ] GC(16884) Using 5 workers of 8 for full compaction
[2020-12-21T14:51:45.191-0500][gc,start       ] GC(16884) Pause Full (System.gc())
[2020-12-21T14:51:45.191-0500][gc,heap        ] GC(16884) Heap before GC invocations=16884 (full 3435): garbage-first heap   total 64512K, used 44315K [0x0000000083000000, 0x0000000100000000)
[2020-12-21T14:51:45.191-0500][gc,heap        ] GC(16884)   region size 1024K, 3 young (3072K), 1 survivors (1024K)
[2020-12-21T14:51:45.191-0500][gc,heap        ] GC(16884)  Metaspace       used 49949K, capacity 52104K, committed 53632K, reserved 1093632K
[2020-12-21T14:51:45.191-0500][gc,heap        ] GC(16884)   class space    used 7422K, capacity 8193K, committed 8832K, reserved 1048576K
[2020-12-21T14:51:45.192-0500][gc,phases,start] GC(16884) Phase 1: Mark live objects
[2020-12-21T14:51:45.221-0500][gc,stringtable ] GC(16884) Cleaned string and symbol table, strings: 33107 processed, 4 removed, symbols: 120816 processed, 0 removed
[2020-12-21T14:51:45.221-0500][gc,phases      ] GC(16884) Phase 1: Mark live objects 29.648ms
[2020-12-21T14:51:45.221-0500][gc,phases,start] GC(16884) Phase 2: Prepare for compaction
[2020-12-21T14:51:45.225-0500][gc,phases      ] GC(16884) Phase 2: Prepare for compaction 3.529ms
[2020-12-21T14:51:45.225-0500][gc,phases,start] GC(16884) Phase 3: Adjust pointers
[2020-12-21T14:51:45.237-0500][gc,phases      ] GC(16884) Phase 3: Adjust pointers 11.671ms
[2020-12-21T14:51:45.237-0500][gc,phases,start] GC(16884) Phase 4: Compact heap
[2020-12-21T14:51:45.240-0500][gc,phases      ] GC(16884) Phase 4: Compact heap 2.824ms
[2020-12-21T14:51:45.246-0500][gc,heap        ] GC(16884) Eden regions: 2->0(10)
[2020-12-21T14:51:45.246-0500][gc,heap        ] GC(16884) Survivor regions: 1->0(2)
[2020-12-21T14:51:45.246-0500][gc,heap        ] GC(16884) Old regions: 42->41
[2020-12-21T14:51:45.246-0500][gc,heap        ] GC(16884) Humongous regions: 4->4
[2020-12-21T14:51:45.246-0500][gc,metaspace   ] GC(16884) Metaspace: 49949K->49949K(1093632K)
[2020-12-21T14:51:45.246-0500][gc,heap        ] GC(16884) Heap after GC invocations=16885 (full 3436): garbage-first heap   total 64512K, used 43196K [0x0000000083000000, 0x0000000100000000)
[2020-12-21T14:51:45.246-0500][gc,heap        ] GC(16884)   region size 1024K, 0 young (0K), 0 survivors (0K)
[2020-12-21T14:51:45.246-0500][gc,heap        ] GC(16884)  Metaspace       used 49949K, capacity 52104K, committed 53632K, reserved 1093632K
[2020-12-21T14:51:45.246-0500][gc,heap        ] GC(16884)   class space    used 7422K, capacity 8193K, committed 8832K, reserved 1048576K
[2020-12-21T14:51:45.246-0500][gc             ] GC(16884) Pause Full (System.gc()) 43M->42M(63M) 54.535ms
[2020-12-21T14:51:45.246-0500][gc,cpu         ] GC(16884) User=0.23s Sys=0.00s Real=0.05s
[2020-12-21T14:53:36.015-0500][gc,heap        ] GC(16885) Heap before GC invocations=16885 (full 3436): garbage-first heap   total 64512K, used 52412K [0x0000000083000000, 0x0000000100000000)
[2020-12-21T14:53:36.016-0500][gc,heap        ] GC(16885)   region size 1024K, 10 young (10240K), 0 survivors (0K)
[2020-12-21T14:53:36.016-0500][gc,heap        ] GC(16885)  Metaspace       used 49949K, capacity 52104K, committed 53632K, reserved 1093632K
[2020-12-21T14:53:36.016-0500][gc,heap        ] GC(16885)   class space    used 7422K, capacity 8193K, committed 8832K, reserved 1048576K
[2020-12-21T14:53:36.016-0500][gc,start       ] GC(16885) Pause Young (Normal) (G1 Evacuation Pause)
[2020-12-21T14:53:36.016-0500][gc,task        ] GC(16885) Using 8 workers of 8 for evacuation
[2020-12-21T14:53:36.020-0500][gc,phases      ] GC(16885)   Pre Evacuate Collection Set: 0.0ms
[2020-12-21T14:53:36.020-0500][gc,phases      ] GC(16885)   Evacuate Collection Set: 1.3ms
[2020-12-21T14:53:36.020-0500][gc,phases      ] GC(16885)   Post Evacuate Collection Set: 2.5ms
[2020-12-21T14:53:36.020-0500][gc,phases      ] GC(16885)   Other: 0.5ms
[2020-12-21T14:53:36.020-0500][gc,heap        ] GC(16885) Eden regions: 10->0(9)
[2020-12-21T14:53:36.020-0500][gc,heap        ] GC(16885) Survivor regions: 0->1(2)
[2020-12-21T14:53:36.020-0500][gc,heap        ] GC(16885) Old regions: 41->41
[2020-12-21T14:53:36.020-0500][gc,heap        ] GC(16885) Humongous regions: 4->4
[2020-12-21T14:53:36.020-0500][gc,metaspace   ] GC(16885) Metaspace: 49949K->49949K(1093632K)
[2020-12-21T14:53:36.020-0500][gc,heap        ] GC(16885) Heap after GC invocations=16886 (full 3436): garbage-first heap   total 64512K, used 43252K [0x0000000083000000, 0x0000000100000000)
[2020-12-21T14:53:36.020-0500][gc,heap        ] GC(16885)   region size 1024K, 1 young (1024K), 1 survivors (1024K)
[2020-12-21T14:53:36.020-0500][gc,heap        ] GC(16885)  Metaspace       used 49949K, capacity 52104K, committed 53632K, reserved 1093632K
[2020-12-21T14:53:36.020-0500][gc,heap        ] GC(16885)   class space    used 7422K, capacity 8193K, committed 8832K, reserved 1048576K
[2020-12-21T14:53:36.020-0500][gc             ] GC(16885) Pause Young (Normal) (G1 Evacuation Pause) 52M->42M(63M) 4.395ms
[2020-12-21T14:53:36.020-0500][gc,cpu         ] GC(16885) User=0.01s Sys=0.01s Real=0.01s
[2020-12-21T14:55:23.262-0500][gc,heap        ] GC(16886) Heap before GC invocations=16886 (full 3436): garbage-first heap   total 64512K, used 51444K [0x0000000083000000, 0x0000000100000000)
[2020-12-21T14:55:23.262-0500][gc,heap        ] GC(16886)   region size 1024K, 10 young (10240K), 1 survivors (1024K)
[2020-12-21T14:55:23.262-0500][gc,heap        ] GC(16886)  Metaspace       used 49949K, capacity 52104K, committed 53632K, reserved 1093632K
[2020-12-21T14:55:23.262-0500][gc,heap        ] GC(16886)   class space    used 7422K, capacity 8193K, committed 8832K, reserved 1048576K
[2020-12-21T14:55:23.262-0500][gc,start       ] GC(16886) Pause Young (Normal) (G1 Evacuation Pause)
[2020-12-21T14:55:23.262-0500][gc,task        ] GC(16886) Using 8 workers of 8 for evacuation
[2020-12-21T14:55:23.265-0500][gc,phases      ] GC(16886)   Pre Evacuate Collection Set: 0.0ms
[2020-12-21T14:55:23.265-0500][gc,phases      ] GC(16886)   Evacuate Collection Set: 0.8ms
[2020-12-21T14:55:23.265-0500][gc,phases      ] GC(16886)   Post Evacuate Collection Set: 1.5ms
[2020-12-21T14:55:23.265-0500][gc,phases      ] GC(16886)   Other: 0.3ms
[2020-12-21T14:55:23.265-0500][gc,heap        ] GC(16886) Eden regions: 9->0(9)
[2020-12-21T14:55:23.265-0500][gc,heap        ] GC(16886) Survivor regions: 1->1(2)
[2020-12-21T14:55:23.265-0500][gc,heap        ] GC(16886) Old regions: 41->41
[2020-12-21T14:55:23.265-0500][gc,heap        ] GC(16886) Humongous regions: 4->4
[2020-12-21T14:55:23.265-0500][gc,metaspace   ] GC(16886) Metaspace: 49949K->49949K(1093632K)
[2020-12-21T14:55:23.265-0500][gc,heap        ] GC(16886) Heap after GC invocations=16887 (full 3436): garbage-first heap   total 64512K, used 43246K [0x0000000083000000, 0x0000000100000000)
[2020-12-21T14:55:23.265-0500][gc,heap        ] GC(16886)   region size 1024K, 1 young (1024K), 1 survivors (1024K)
[2020-12-21T14:55:23.265-0500][gc,heap        ] GC(16886)  Metaspace       used 49949K, capacity 52104K, committed 53632K, reserved 1093632K
[2020-12-21T14:55:23.265-0500][gc,heap        ] GC(16886)   class space    used 7422K, capacity 8193K, committed 8832K, reserved 1048576K
[2020-12-21T14:55:23.265-0500][gc             ] GC(16886) Pause Young (Normal) (G1 Evacuation Pause) 51M->42M(63M) 2.624ms
[2020-12-21T14:55:23.265-0500][gc,cpu         ] GC(16886) User=0.00s Sys=0.00s Real=0.00s
[2020-12-21T14:56:45.190-0500][gc,task        ] GC(16887) Using 5 workers of 8 for full compaction
[2020-12-21T14:56:45.190-0500][gc,start       ] GC(16887) Pause Full (System.gc())
[2020-12-21T14:56:45.190-0500][gc,heap        ] GC(16887) Heap before GC invocations=16887 (full 3436): garbage-first heap   total 64512K, used 49390K [0x0000000083000000, 0x0000000100000000)
[2020-12-21T14:56:45.190-0500][gc,heap        ] GC(16887)   region size 1024K, 9 young (9216K), 1 survivors (1024K)
[2020-12-21T14:56:45.190-0500][gc,heap        ] GC(16887)  Metaspace       used 49949K, capacity 52104K, committed 53632K, reserved 1093632K
[2020-12-21T14:56:45.191-0500][gc,heap        ] GC(16887)   class space    used 7422K, capacity 8193K, committed 8832K, reserved 1048576K
[2020-12-21T14:56:45.191-0500][gc,phases,start] GC(16887) Phase 1: Mark live objects
[2020-12-21T14:56:45.229-0500][gc,stringtable ] GC(16887) Cleaned string and symbol table, strings: 33107 processed, 4 removed, symbols: 120816 processed, 0 removed
[2020-12-21T14:56:45.229-0500][gc,phases      ] GC(16887) Phase 1: Mark live objects 37.863ms
[2020-12-21T14:56:45.229-0500][gc,phases,start] GC(16887) Phase 2: Prepare for compaction
[2020-12-21T14:56:45.233-0500][gc,phases      ] GC(16887) Phase 2: Prepare for compaction 4.311ms
[2020-12-21T14:56:45.233-0500][gc,phases,start] GC(16887) Phase 3: Adjust pointers
[2020-12-21T14:56:45.248-0500][gc,phases      ] GC(16887) Phase 3: Adjust pointers 14.284ms
[2020-12-21T14:56:45.248-0500][gc,phases,start] GC(16887) Phase 4: Compact heap
[2020-12-21T14:56:45.252-0500][gc,phases      ] GC(16887) Phase 4: Compact heap 4.499ms
[2020-12-21T14:56:45.258-0500][gc,heap        ] GC(16887) Eden regions: 8->0(9)
[2020-12-21T14:56:45.258-0500][gc,heap        ] GC(16887) Survivor regions: 1->0(2)
[2020-12-21T14:56:45.258-0500][gc,heap        ] GC(16887) Old regions: 41->42
[2020-12-21T14:56:45.258-0500][gc,heap        ] GC(16887) Humongous regions: 4->4
[2020-12-21T14:56:45.258-0500][gc,metaspace   ] GC(16887) Metaspace: 49949K->49949K(1093632K)
[2020-12-21T14:56:45.258-0500][gc,heap        ] GC(16887) Heap after GC invocations=16888 (full 3437): garbage-first heap   total 64512K, used 43220K [0x0000000083000000, 0x0000000100000000)
[2020-12-21T14:56:45.258-0500][gc,heap        ] GC(16887)   region size 1024K, 0 young (0K), 0 survivors (0K)
[2020-12-21T14:56:45.258-0500][gc,heap        ] GC(16887)  Metaspace       used 49949K, capacity 52104K, committed 53632K, reserved 1093632K
[2020-12-21T14:56:45.258-0500][gc,heap        ] GC(16887)   class space    used 7422K, capacity 8193K, committed 8832K, reserved 1048576K
[2020-12-21T14:56:45.258-0500][gc             ] GC(16887) Pause Full (System.gc()) 49M->42M(63M) 67.614ms
[2020-12-21T14:56:45.258-0500][gc,cpu         ] GC(16887) User=0.28s Sys=0.00s Real=0.07s
[2020-12-21T14:58:26.013-0500][gc,heap        ] GC(16888) Heap before GC invocations=16888 (full 3437): garbage-first heap   total 64512K, used 51412K [0x0000000083000000, 0x0000000100000000)
[2020-12-21T14:58:26.013-0500][gc,heap        ] GC(16888)   region size 1024K, 9 young (9216K), 0 survivors (0K)
[2020-12-21T14:58:26.013-0500][gc,heap        ] GC(16888)  Metaspace       used 49949K, capacity 52104K, committed 53632K, reserved 1093632K
[2020-12-21T14:58:26.013-0500][gc,heap        ] GC(16888)   class space    used 7422K, capacity 8193K, committed 8832K, reserved 1048576K
[2020-12-21T14:58:26.013-0500][gc,start       ] GC(16888) Pause Young (Normal) (G1 Evacuation Pause)
[2020-12-21T14:58:26.013-0500][gc,task        ] GC(16888) Using 8 workers of 8 for evacuation
[2020-12-21T14:58:26.017-0500][gc,phases      ] GC(16888)   Pre Evacuate Collection Set: 0.0ms
[2020-12-21T14:58:26.017-0500][gc,phases      ] GC(16888)   Evacuate Collection Set: 1.4ms
[2020-12-21T14:58:26.017-0500][gc,phases      ] GC(16888)   Post Evacuate Collection Set: 2.7ms
[2020-12-21T14:58:26.017-0500][gc,phases      ] GC(16888)   Other: 0.5ms
[2020-12-21T14:58:26.017-0500][gc,heap        ] GC(16888) Eden regions: 9->0(8)
[2020-12-21T14:58:26.017-0500][gc,heap        ] GC(16888) Survivor regions: 0->1(2)
[2020-12-21T14:58:26.017-0500][gc,heap        ] GC(16888) Old regions: 42->42
[2020-12-21T14:58:26.017-0500][gc,heap        ] GC(16888) Humongous regions: 4->4
[2020-12-21T14:58:26.017-0500][gc,metaspace   ] GC(16888) Metaspace: 49949K->49949K(1093632K)
[2020-12-21T14:58:26.017-0500][gc,heap        ] GC(16888) Heap after GC invocations=16889 (full 3437): garbage-first heap   total 64512K, used 43277K [0x0000000083000000, 0x0000000100000000)
[2020-12-21T14:58:26.017-0500][gc,heap        ] GC(16888)   region size 1024K, 1 young (1024K), 1 survivors (1024K)
[2020-12-21T14:58:26.017-0500][gc,heap        ] GC(16888)  Metaspace       used 49949K, capacity 52104K, committed 53632K, reserved 1093632K
[2020-12-21T14:58:26.017-0500][gc,heap        ] GC(16888)   class space    used 7422K, capacity 8193K, committed 8832K, reserved 1048576K
[2020-12-21T14:58:26.017-0500][gc             ] GC(16888) Pause Young (Normal) (G1 Evacuation Pause) 51M->42M(63M) 4.695ms
[2020-12-21T14:58:26.018-0500][gc,cpu         ] GC(16888) User=0.01s Sys=0.01s Real=0.00s
[2020-12-21T14:59:56.019-0500][gc,heap        ] GC(16889) Heap before GC invocations=16889 (full 3437): garbage-first heap   total 64512K, used 50445K [0x0000000083000000, 0x0000000100000000)
[2020-12-21T14:59:56.019-0500][gc,heap        ] GC(16889)   region size 1024K, 9 young (9216K), 1 survivors (1024K)
[2020-12-21T14:59:56.019-0500][gc,heap        ] GC(16889)  Metaspace       used 49949K, capacity 52104K, committed 53632K, reserved 1093632K
[2020-12-21T14:59:56.019-0500][gc,heap        ] GC(16889)   class space    used 7422K, capacity 8193K, committed 8832K, reserved 1048576K
[2020-12-21T14:59:56.019-0500][gc,start       ] GC(16889) Pause Young (Normal) (G1 Evacuation Pause)
[2020-12-21T14:59:56.019-0500][gc,task        ] GC(16889) Using 8 workers of 8 for evacuation
[2020-12-21T14:59:56.023-0500][gc,phases      ] GC(16889)   Pre Evacuate Collection Set: 0.0ms
[2020-12-21T14:59:56.023-0500][gc,phases      ] GC(16889)   Evacuate Collection Set: 1.3ms
[2020-12-21T14:59:56.023-0500][gc,phases      ] GC(16889)   Post Evacuate Collection Set: 2.3ms
[2020-12-21T14:59:56.023-0500][gc,phases      ] GC(16889)   Other: 0.5ms
[2020-12-21T14:59:56.023-0500][gc,heap        ] GC(16889) Eden regions: 8->0(8)
[2020-12-21T14:59:56.023-0500][gc,heap        ] GC(16889) Survivor regions: 1->1(2)
[2020-12-21T14:59:56.023-0500][gc,heap        ] GC(16889) Old regions: 42->42
[2020-12-21T14:59:56.023-0500][gc,heap        ] GC(16889) Humongous regions: 4->4
[2020-12-21T14:59:56.024-0500][gc,metaspace   ] GC(16889) Metaspace: 49949K->49949K(1093632K)
[2020-12-21T14:59:56.024-0500][gc,heap        ] GC(16889) Heap after GC invocations=16890 (full 3437): garbage-first heap   total 64512K, used 43261K [0x0000000083000000, 0x0000000100000000)
[2020-12-21T14:59:56.024-0500][gc,heap        ] GC(16889)   region size 1024K, 1 young (1024K), 1 survivors (1024K)
[2020-12-21T14:59:56.024-0500][gc,heap        ] GC(16889)  Metaspace       used 49949K, capacity 52104K, committed 53632K, reserved 1093632K
[2020-12-21T14:59:56.024-0500][gc,heap        ] GC(16889)   class space    used 7422K, capacity 8193K, committed 8832K, reserved 1048576K
[2020-12-21T14:59:56.024-0500][gc             ] GC(16889) Pause Young (Normal) (G1 Evacuation Pause) 50M->42M(63M) 4.406ms
[2020-12-21T14:59:56.024-0500][gc,cpu         ] GC(16889) User=0.00s Sys=0.01s Real=0.00s
[2020-12-21T15:01:26.166-0500][gc,heap        ] GC(16890) Heap before GC invocations=16890 (full 3437): garbage-first heap   total 64512K, used 50429K [0x0000000083000000, 0x0000000100000000)
[2020-12-21T15:01:26.166-0500][gc,heap        ] GC(16890)   region size 1024K, 9 young (9216K), 1 survivors (1024K)
[2020-12-21T15:01:26.166-0500][gc,heap        ] GC(16890)  Metaspace       used 49949K, capacity 52104K, committed 53632K, reserved 1093632K
[2020-12-21T15:01:26.166-0500][gc,heap        ] GC(16890)   class space    used 7422K, capacity 8193K, committed 8832K, reserved 1048576K
[2020-12-21T15:01:26.167-0500][gc,start       ] GC(16890) Pause Young (Normal) (G1 Evacuation Pause)
[2020-12-21T15:01:26.167-0500][gc,task        ] GC(16890) Using 8 workers of 8 for evacuation
[2020-12-21T15:01:26.172-0500][gc,phases      ] GC(16890)   Pre Evacuate Collection Set: 0.0ms
[2020-12-21T15:01:26.172-0500][gc,phases      ] GC(16890)   Evacuate Collection Set: 2.4ms
[2020-12-21T15:01:26.172-0500][gc,phases      ] GC(16890)   Post Evacuate Collection Set: 2.7ms
[2020-12-21T15:01:26.172-0500][gc,phases      ] GC(16890)   Other: 0.5ms
[2020-12-21T15:01:26.172-0500][gc,heap        ] GC(16890) Eden regions: 8->0(8)
[2020-12-21T15:01:26.172-0500][gc,heap        ] GC(16890) Survivor regions: 1->1(2)
[2020-12-21T15:01:26.172-0500][gc,heap        ] GC(16890) Old regions: 42->42
[2020-12-21T15:01:26.172-0500][gc,heap        ] GC(16890) Humongous regions: 4->4
[2020-12-21T15:01:26.172-0500][gc,metaspace   ] GC(16890) Metaspace: 49949K->49949K(1093632K)
[2020-12-21T15:01:26.172-0500][gc,heap        ] GC(16890) Heap after GC invocations=16891 (full 3437): garbage-first heap   total 64512K, used 43266K [0x0000000083000000, 0x0000000100000000)
[2020-12-21T15:01:26.172-0500][gc,heap        ] GC(16890)   region size 1024K, 1 young (1024K), 1 survivors (1024K)
[2020-12-21T15:01:26.172-0500][gc,heap        ] GC(16890)  Metaspace       used 49949K, capacity 52104K, committed 53632K, reserved 1093632K
[2020-12-21T15:01:26.172-0500][gc,heap        ] GC(16890)   class space    used 7422K, capacity 8193K, committed 8832K, reserved 1048576K
[2020-12-21T15:01:26.172-0500][gc             ] GC(16890) Pause Young (Normal) (G1 Evacuation Pause) 50M->42M(63M) 5.825ms
[2020-12-21T15:01:26.172-0500][gc,cpu         ] GC(16890) User=0.02s Sys=0.00s Real=0.01s
[2020-12-21T15:01:45.192-0500][gc,task        ] GC(16891) Using 5 workers of 8 for full compaction
[2020-12-21T15:01:45.192-0500][gc,start       ] GC(16891) Pause Full (System.gc())
[2020-12-21T15:01:45.192-0500][gc,heap        ] GC(16891) Heap before GC invocations=16891 (full 3437): garbage-first heap   total 64512K, used 44290K [0x0000000083000000, 0x0000000100000000)
[2020-12-21T15:01:45.192-0500][gc,heap        ] GC(16891)   region size 1024K, 3 young (3072K), 1 survivors (1024K)
[2020-12-21T15:01:45.192-0500][gc,heap        ] GC(16891)  Metaspace       used 49949K, capacity 52104K, committed 53632K, reserved 1093632K
[2020-12-21T15:01:45.192-0500][gc,heap        ] GC(16891)   class space    used 7422K, capacity 8193K, committed 8832K, reserved 1048576K
[2020-12-21T15:01:45.192-0500][gc,phases,start] GC(16891) Phase 1: Mark live objects
[2020-12-21T15:01:45.221-0500][gc,stringtable ] GC(16891) Cleaned string and symbol table, strings: 33107 processed, 4 removed, symbols: 120816 processed, 0 removed
[2020-12-21T15:01:45.222-0500][gc,phases      ] GC(16891) Phase 1: Mark live objects 29.537ms
[2020-12-21T15:01:45.222-0500][gc,phases,start] GC(16891) Phase 2: Prepare for compaction
[2020-12-21T15:01:45.225-0500][gc,phases      ] GC(16891) Phase 2: Prepare for compaction 3.035ms
[2020-12-21T15:01:45.225-0500][gc,phases,start] GC(16891) Phase 3: Adjust pointers
[2020-12-21T15:01:45.235-0500][gc,phases      ] GC(16891) Phase 3: Adjust pointers 9.988ms
[2020-12-21T15:01:45.235-0500][gc,phases,start] GC(16891) Phase 4: Compact heap
[2020-12-21T15:01:45.237-0500][gc,phases      ] GC(16891) Phase 4: Compact heap 2.474ms
[2020-12-21T15:01:45.243-0500][gc,heap        ] GC(16891) Eden regions: 2->0(10)
[2020-12-21T15:01:45.243-0500][gc,heap        ] GC(16891) Survivor regions: 1->0(2)
[2020-12-21T15:01:45.243-0500][gc,heap        ] GC(16891) Old regions: 42->41
[2020-12-21T15:01:45.243-0500][gc,heap        ] GC(16891) Humongous regions: 4->4
[2020-12-21T15:01:45.243-0500][gc,metaspace   ] GC(16891) Metaspace: 49949K->49949K(1093632K)
[2020-12-21T15:01:45.243-0500][gc,heap        ] GC(16891) Heap after GC invocations=16892 (full 3438): garbage-first heap   total 64512K, used 43198K [0x0000000083000000, 0x0000000100000000)
[2020-12-21T15:01:45.243-0500][gc,heap        ] GC(16891)   region size 1024K, 0 young (0K), 0 survivors (0K)
[2020-12-21T15:01:45.243-0500][gc,heap        ] GC(16891)  Metaspace       used 49949K, capacity 52104K, committed 53632K, reserved 1093632K
[2020-12-21T15:01:45.243-0500][gc,heap        ] GC(16891)   class space    used 7422K, capacity 8193K, committed 8832K, reserved 1048576K
[2020-12-21T15:01:45.243-0500][gc             ] GC(16891) Pause Full (System.gc()) 43M->42M(63M) 51.398ms
[2020-12-21T15:01:45.243-0500][gc,cpu         ] GC(16891) User=0.21s Sys=0.00s Real=0.05s
[2020-12-21T15:03:36.107-0500][gc,heap        ] GC(16892) Heap before GC invocations=16892 (full 3438): garbage-first heap   total 64512K, used 52414K [0x0000000083000000, 0x0000000100000000)
[2020-12-21T15:03:36.107-0500][gc,heap        ] GC(16892)   region size 1024K, 10 young (10240K), 0 survivors (0K)
[2020-12-21T15:03:36.107-0500][gc,heap        ] GC(16892)  Metaspace       used 49949K, capacity 52104K, committed 53632K, reserved 1093632K
[2020-12-21T15:03:36.107-0500][gc,heap        ] GC(16892)   class space    used 7422K, capacity 8193K, committed 8832K, reserved 1048576K
[2020-12-21T15:03:36.107-0500][gc,start       ] GC(16892) Pause Young (Normal) (G1 Evacuation Pause)
[2020-12-21T15:03:36.107-0500][gc,task        ] GC(16892) Using 8 workers of 8 for evacuation
[2020-12-21T15:03:36.109-0500][gc,phases      ] GC(16892)   Pre Evacuate Collection Set: 0.0ms
[2020-12-21T15:03:36.109-0500][gc,phases      ] GC(16892)   Evacuate Collection Set: 0.6ms
[2020-12-21T15:03:36.109-0500][gc,phases      ] GC(16892)   Post Evacuate Collection Set: 0.9ms
[2020-12-21T15:03:36.109-0500][gc,phases      ] GC(16892)   Other: 0.2ms
[2020-12-21T15:03:36.109-0500][gc,heap        ] GC(16892) Eden regions: 10->0(9)
[2020-12-21T15:03:36.109-0500][gc,heap        ] GC(16892) Survivor regions: 0->1(2)
[2020-12-21T15:03:36.109-0500][gc,heap        ] GC(16892) Old regions: 41->41
[2020-12-21T15:03:36.109-0500][gc,heap        ] GC(16892) Humongous regions: 4->4
[2020-12-21T15:03:36.109-0500][gc,metaspace   ] GC(16892) Metaspace: 49949K->49949K(1093632K)
[2020-12-21T15:03:36.109-0500][gc,heap        ] GC(16892) Heap after GC invocations=16893 (full 3438): garbage-first heap   total 64512K, used 43303K [0x0000000083000000, 0x0000000100000000)
[2020-12-21T15:03:36.109-0500][gc,heap        ] GC(16892)   region size 1024K, 1 young (1024K), 1 survivors (1024K)
[2020-12-21T15:03:36.109-0500][gc,heap        ] GC(16892)  Metaspace       used 49949K, capacity 52104K, committed 53632K, reserved 1093632K
[2020-12-21T15:03:36.109-0500][gc,heap        ] GC(16892)   class space    used 7422K, capacity 8193K, committed 8832K, reserved 1048576K
[2020-12-21T15:03:36.109-0500][gc             ] GC(16892) Pause Young (Normal) (G1 Evacuation Pause) 52M->42M(63M) 1.773ms
[2020-12-21T15:03:36.109-0500][gc,cpu         ] GC(16892) User=0.00s Sys=0.01s Real=0.01s
[2020-12-21T15:05:16.016-0500][gc,heap        ] GC(16893) Heap before GC invocations=16893 (full 3438): garbage-first heap   total 64512K, used 51495K [0x0000000083000000, 0x0000000100000000)
[2020-12-21T15:05:16.016-0500][gc,heap        ] GC(16893)   region size 1024K, 10 young (10240K), 1 survivors (1024K)
[2020-12-21T15:05:16.016-0500][gc,heap        ] GC(16893)  Metaspace       used 49949K, capacity 52104K, committed 53632K, reserved 1093632K
[2020-12-21T15:05:16.016-0500][gc,heap        ] GC(16893)   class space    used 7422K, capacity 8193K, committed 8832K, reserved 1048576K
[2020-12-21T15:05:16.017-0500][gc,start       ] GC(16893) Pause Young (Normal) (G1 Evacuation Pause)
[2020-12-21T15:05:16.017-0500][gc,task        ] GC(16893) Using 8 workers of 8 for evacuation
[2020-12-21T15:05:16.018-0500][gc,phases      ] GC(16893)   Pre Evacuate Collection Set: 0.0ms
[2020-12-21T15:05:16.018-0500][gc,phases      ] GC(16893)   Evacuate Collection Set: 0.7ms
[2020-12-21T15:05:16.018-0500][gc,phases      ] GC(16893)   Post Evacuate Collection Set: 1.0ms
[2020-12-21T15:05:16.018-0500][gc,phases      ] GC(16893)   Other: 0.3ms
[2020-12-21T15:05:16.018-0500][gc,heap        ] GC(16893) Eden regions: 9->0(9)
[2020-12-21T15:05:16.018-0500][gc,heap        ] GC(16893) Survivor regions: 1->1(2)
[2020-12-21T15:05:16.018-0500][gc,heap        ] GC(16893) Old regions: 41->41
[2020-12-21T15:05:16.018-0500][gc,heap        ] GC(16893) Humongous regions: 4->4
[2020-12-21T15:05:16.018-0500][gc,metaspace   ] GC(16893) Metaspace: 49949K->49949K(1093632K)
[2020-12-21T15:05:16.018-0500][gc,heap        ] GC(16893) Heap after GC invocations=16894 (full 3438): garbage-first heap   total 64512K, used 43250K [0x0000000083000000, 0x0000000100000000)
[2020-12-21T15:05:16.018-0500][gc,heap        ] GC(16893)   region size 1024K, 1 young (1024K), 1 survivors (1024K)
[2020-12-21T15:05:16.018-0500][gc,heap        ] GC(16893)  Metaspace       used 49949K, capacity 52104K, committed 53632K, reserved 1093632K
[2020-12-21T15:05:16.018-0500][gc,heap        ] GC(16893)   class space    used 7422K, capacity 8193K, committed 8832K, reserved 1048576K
[2020-12-21T15:05:16.018-0500][gc             ] GC(16893) Pause Young (Normal) (G1 Evacuation Pause) 51M->42M(63M) 1.982ms
[2020-12-21T15:05:16.019-0500][gc,cpu         ] GC(16893) User=0.00s Sys=0.01s Real=0.01s
[2020-12-21T15:06:45.189-0500][gc,task        ] GC(16894) Using 5 workers of 8 for full compaction
[2020-12-21T15:06:45.189-0500][gc,start       ] GC(16894) Pause Full (System.gc())
[2020-12-21T15:06:45.189-0500][gc,heap        ] GC(16894) Heap before GC invocations=16894 (full 3438): garbage-first heap   total 64512K, used 49394K [0x0000000083000000, 0x0000000100000000)
[2020-12-21T15:06:45.189-0500][gc,heap        ] GC(16894)   region size 1024K, 9 young (9216K), 1 survivors (1024K)
[2020-12-21T15:06:45.189-0500][gc,heap        ] GC(16894)  Metaspace       used 49949K, capacity 52104K, committed 53632K, reserved 1093632K
[2020-12-21T15:06:45.189-0500][gc,heap        ] GC(16894)   class space    used 7422K, capacity 8193K, committed 8832K, reserved 1048576K
[2020-12-21T15:06:45.189-0500][gc,phases,start] GC(16894) Phase 1: Mark live objects
[2020-12-21T15:06:45.208-0500][gc,stringtable ] GC(16894) Cleaned string and symbol table, strings: 33107 processed, 4 removed, symbols: 120816 processed, 0 removed
[2020-12-21T15:06:45.208-0500][gc,phases      ] GC(16894) Phase 1: Mark live objects 19.213ms
[2020-12-21T15:06:45.208-0500][gc,phases,start] GC(16894) Phase 2: Prepare for compaction
[2020-12-21T15:06:45.212-0500][gc,phases      ] GC(16894) Phase 2: Prepare for compaction 3.268ms
[2020-12-21T15:06:45.212-0500][gc,phases,start] GC(16894) Phase 3: Adjust pointers
[2020-12-21T15:06:45.223-0500][gc,phases      ] GC(16894) Phase 3: Adjust pointers 11.037ms
[2020-12-21T15:06:45.223-0500][gc,phases,start] GC(16894) Phase 4: Compact heap
[2020-12-21T15:06:45.225-0500][gc,phases      ] GC(16894) Phase 4: Compact heap 2.405ms
[2020-12-21T15:06:45.231-0500][gc,heap        ] GC(16894) Eden regions: 8->0(8)
[2020-12-21T15:06:45.231-0500][gc,heap        ] GC(16894) Survivor regions: 1->0(2)
[2020-12-21T15:06:45.231-0500][gc,heap        ] GC(16894) Old regions: 41->43
[2020-12-21T15:06:45.231-0500][gc,heap        ] GC(16894) Humongous regions: 4->4
[2020-12-21T15:06:45.231-0500][gc,metaspace   ] GC(16894) Metaspace: 49949K->49949K(1093632K)
[2020-12-21T15:06:45.231-0500][gc,heap        ] GC(16894) Heap after GC invocations=16895 (full 3439): garbage-first heap   total 64512K, used 43217K [0x0000000083000000, 0x0000000100000000)
[2020-12-21T15:06:45.231-0500][gc,heap        ] GC(16894)   region size 1024K, 0 young (0K), 0 survivors (0K)
[2020-12-21T15:06:45.231-0500][gc,heap        ] GC(16894)  Metaspace       used 49949K, capacity 52104K, committed 53632K, reserved 1093632K
[2020-12-21T15:06:45.231-0500][gc,heap        ] GC(16894)   class space    used 7422K, capacity 8193K, committed 8832K, reserved 1048576K
[2020-12-21T15:06:45.231-0500][gc             ] GC(16894) Pause Full (System.gc()) 49M->42M(63M) 42.295ms
[2020-12-21T15:06:45.231-0500][gc,cpu         ] GC(16894) User=0.17s Sys=0.00s Real=0.04s
[2020-12-21T15:08:16.013-0500][gc,heap        ] GC(16895) Heap before GC invocations=16895 (full 3439): garbage-first heap   total 64512K, used 50385K [0x0000000083000000, 0x0000000100000000)
[2020-12-21T15:08:16.013-0500][gc,heap        ] GC(16895)   region size 1024K, 8 young (8192K), 0 survivors (0K)
[2020-12-21T15:08:16.014-0500][gc,heap        ] GC(16895)  Metaspace       used 49949K, capacity 52104K, committed 53632K, reserved 1093632K
[2020-12-21T15:08:16.014-0500][gc,heap        ] GC(16895)   class space    used 7422K, capacity 8193K, committed 8832K, reserved 1048576K
[2020-12-21T15:08:16.014-0500][gc,start       ] GC(16895) Pause Young (Normal) (G1 Evacuation Pause)
[2020-12-21T15:08:16.014-0500][gc,task        ] GC(16895) Using 8 workers of 8 for evacuation
[2020-12-21T15:08:16.018-0500][gc,phases      ] GC(16895)   Pre Evacuate Collection Set: 0.0ms
[2020-12-21T15:08:16.019-0500][gc,phases      ] GC(16895)   Evacuate Collection Set: 2.1ms
[2020-12-21T15:08:16.019-0500][gc,phases      ] GC(16895)   Post Evacuate Collection Set: 2.4ms
[2020-12-21T15:08:16.019-0500][gc,phases      ] GC(16895)   Other: 0.6ms
[2020-12-21T15:08:16.019-0500][gc,heap        ] GC(16895) Eden regions: 8->0(7)
[2020-12-21T15:08:16.019-0500][gc,heap        ] GC(16895) Survivor regions: 0->1(1)
[2020-12-21T15:08:16.019-0500][gc,heap        ] GC(16895) Old regions: 43->43
[2020-12-21T15:08:16.019-0500][gc,heap        ] GC(16895) Humongous regions: 4->4
[2020-12-21T15:08:16.019-0500][gc,metaspace   ] GC(16895) Metaspace: 49949K->49949K(1093632K)
[2020-12-21T15:08:16.019-0500][gc,heap        ] GC(16895) Heap after GC invocations=16896 (full 3439): garbage-first heap   total 64512K, used 43265K [0x0000000083000000, 0x0000000100000000)
[2020-12-21T15:08:16.019-0500][gc,heap        ] GC(16895)   region size 1024K, 1 young (1024K), 1 survivors (1024K)
[2020-12-21T15:08:16.019-0500][gc,heap        ] GC(16895)  Metaspace       used 49949K, capacity 52104K, committed 53632K, reserved 1093632K
[2020-12-21T15:08:16.019-0500][gc,heap        ] GC(16895)   class space    used 7422K, capacity 8193K, committed 8832K, reserved 1048576K
[2020-12-21T15:08:16.019-0500][gc             ] GC(16895) Pause Young (Normal) (G1 Evacuation Pause) 50M->42M(63M) 5.236ms
[2020-12-21T15:08:16.019-0500][gc,cpu         ] GC(16895) User=0.01s Sys=0.01s Real=0.01s
[2020-12-21T15:09:37.243-0500][gc,heap        ] GC(16896) Heap before GC invocations=16896 (full 3439): garbage-first heap   total 64512K, used 49409K [0x0000000083000000, 0x0000000100000000)
[2020-12-21T15:09:37.243-0500][gc,heap        ] GC(16896)   region size 1024K, 8 young (8192K), 1 survivors (1024K)
[2020-12-21T15:09:37.243-0500][gc,heap        ] GC(16896)  Metaspace       used 49949K, capacity 52104K, committed 53632K, reserved 1093632K
[2020-12-21T15:09:37.243-0500][gc,heap        ] GC(16896)   class space    used 7422K, capacity 8193K, committed 8832K, reserved 1048576K
[2020-12-21T15:09:37.243-0500][gc,start       ] GC(16896) Pause Young (Normal) (G1 Evacuation Pause)
[2020-12-21T15:09:37.243-0500][gc,task        ] GC(16896) Using 8 workers of 8 for evacuation
[2020-12-21T15:09:37.249-0500][gc,phases      ] GC(16896)   Pre Evacuate Collection Set: 0.0ms
[2020-12-21T15:09:37.249-0500][gc,phases      ] GC(16896)   Evacuate Collection Set: 5.1ms
[2020-12-21T15:09:37.249-0500][gc,phases      ] GC(16896)   Post Evacuate Collection Set: 1.2ms
[2020-12-21T15:09:37.249-0500][gc,phases      ] GC(16896)   Other: 0.2ms
[2020-12-21T15:09:37.249-0500][gc,heap        ] GC(16896) Eden regions: 7->0(7)
[2020-12-21T15:09:37.249-0500][gc,heap        ] GC(16896) Survivor regions: 1->1(1)
[2020-12-21T15:09:37.249-0500][gc,heap        ] GC(16896) Old regions: 43->43
[2020-12-21T15:09:37.249-0500][gc,heap        ] GC(16896) Humongous regions: 4->4
[2020-12-21T15:09:37.249-0500][gc,metaspace   ] GC(16896) Metaspace: 49949K->49949K(1093632K)
[2020-12-21T15:09:37.249-0500][gc,heap        ] GC(16896) Heap after GC invocations=16897 (full 3439): garbage-first heap   total 64512K, used 43281K [0x0000000083000000, 0x0000000100000000)
[2020-12-21T15:09:37.249-0500][gc,heap        ] GC(16896)   region size 1024K, 1 young (1024K), 1 survivors (1024K)
[2020-12-21T15:09:37.249-0500][gc,heap        ] GC(16896)  Metaspace       used 49949K, capacity 52104K, committed 53632K, reserved 1093632K
[2020-12-21T15:09:37.249-0500][gc,heap        ] GC(16896)   class space    used 7422K, capacity 8193K, committed 8832K, reserved 1048576K
[2020-12-21T15:09:37.249-0500][gc             ] GC(16896) Pause Young (Normal) (G1 Evacuation Pause) 49M->42M(63M) 6.487ms
[2020-12-21T15:09:37.249-0500][gc,cpu         ] GC(16896) User=0.02s Sys=0.00s Real=0.01s
[2020-12-21T15:10:56.013-0500][gc,heap        ] GC(16897) Heap before GC invocations=16897 (full 3439): garbage-first heap   total 64512K, used 50449K [0x0000000083000000, 0x0000000100000000)
[2020-12-21T15:10:56.013-0500][gc,heap        ] GC(16897)   region size 1024K, 8 young (8192K), 1 survivors (1024K)
[2020-12-21T15:10:56.013-0500][gc,heap        ] GC(16897)  Metaspace       used 49949K, capacity 52104K, committed 53632K, reserved 1093632K
[2020-12-21T15:10:56.013-0500][gc,heap        ] GC(16897)   class space    used 7422K, capacity 8193K, committed 8832K, reserved 1048576K
[2020-12-21T15:10:56.013-0500][gc,start       ] GC(16897) Pause Young (Normal) (G1 Evacuation Pause)
[2020-12-21T15:10:56.013-0500][gc,task        ] GC(16897) Using 8 workers of 8 for evacuation
[2020-12-21T15:10:56.015-0500][gc,phases      ] GC(16897)   Pre Evacuate Collection Set: 0.0ms
[2020-12-21T15:10:56.015-0500][gc,phases      ] GC(16897)   Evacuate Collection Set: 0.6ms
[2020-12-21T15:10:56.015-0500][gc,phases      ] GC(16897)   Post Evacuate Collection Set: 0.9ms
[2020-12-21T15:10:56.015-0500][gc,phases      ] GC(16897)   Other: 0.2ms
[2020-12-21T15:10:56.015-0500][gc,heap        ] GC(16897) Eden regions: 7->0(7)
[2020-12-21T15:10:56.015-0500][gc,heap        ] GC(16897) Survivor regions: 1->1(1)
[2020-12-21T15:10:56.015-0500][gc,heap        ] GC(16897) Old regions: 43->43
[2020-12-21T15:10:56.015-0500][gc,heap        ] GC(16897) Humongous regions: 4->4
[2020-12-21T15:10:56.015-0500][gc,metaspace   ] GC(16897) Metaspace: 49949K->49949K(1093632K)
[2020-12-21T15:10:56.015-0500][gc,heap        ] GC(16897) Heap after GC invocations=16898 (full 3439): garbage-first heap   total 64512K, used 43252K [0x0000000083000000, 0x0000000100000000)
[2020-12-21T15:10:56.015-0500][gc,heap        ] GC(16897)   region size 1024K, 1 young (1024K), 1 survivors (1024K)
[2020-12-21T15:10:56.015-0500][gc,heap        ] GC(16897)  Metaspace       used 49949K, capacity 52104K, committed 53632K, reserved 1093632K
[2020-12-21T15:10:56.015-0500][gc,heap        ] GC(16897)   class space    used 7422K, capacity 8193K, committed 8832K, reserved 1048576K
[2020-12-21T15:10:56.015-0500][gc             ] GC(16897) Pause Young (Normal) (G1 Evacuation Pause) 49M->42M(63M) 1.793ms
[2020-12-21T15:10:56.015-0500][gc,cpu         ] GC(16897) User=0.00s Sys=0.01s Real=0.00s
[2020-12-21T15:11:45.190-0500][gc,task        ] GC(16898) Using 5 workers of 8 for full compaction
[2020-12-21T15:11:45.190-0500][gc,start       ] GC(16898) Pause Full (System.gc())
[2020-12-21T15:11:45.190-0500][gc,heap        ] GC(16898) Heap before GC invocations=16898 (full 3439): garbage-first heap   total 64512K, used 46324K [0x0000000083000000, 0x0000000100000000)
[2020-12-21T15:11:45.190-0500][gc,heap        ] GC(16898)   region size 1024K, 6 young (6144K), 1 survivors (1024K)
[2020-12-21T15:11:45.190-0500][gc,heap        ] GC(16898)  Metaspace       used 49949K, capacity 52104K, committed 53632K, reserved 1093632K
[2020-12-21T15:11:45.190-0500][gc,heap        ] GC(16898)   class space    used 7422K, capacity 8193K, committed 8832K, reserved 1048576K
[2020-12-21T15:11:45.190-0500][gc,phases,start] GC(16898) Phase 1: Mark live objects
[2020-12-21T15:11:45.224-0500][gc,stringtable ] GC(16898) Cleaned string and symbol table, strings: 33107 processed, 4 removed, symbols: 120816 processed, 0 removed
[2020-12-21T15:11:45.224-0500][gc,phases      ] GC(16898) Phase 1: Mark live objects 34.018ms
[2020-12-21T15:11:45.224-0500][gc,phases,start] GC(16898) Phase 2: Prepare for compaction
[2020-12-21T15:11:45.227-0500][gc,phases      ] GC(16898) Phase 2: Prepare for compaction 3.136ms
[2020-12-21T15:11:45.227-0500][gc,phases,start] GC(16898) Phase 3: Adjust pointers
[2020-12-21T15:11:45.237-0500][gc,phases      ] GC(16898) Phase 3: Adjust pointers 9.788ms
[2020-12-21T15:11:45.237-0500][gc,phases,start] GC(16898) Phase 4: Compact heap
[2020-12-21T15:11:45.240-0500][gc,phases      ] GC(16898) Phase 4: Compact heap 2.637ms
[2020-12-21T15:11:45.246-0500][gc,heap        ] GC(16898) Eden regions: 5->0(10)
[2020-12-21T15:11:45.246-0500][gc,heap        ] GC(16898) Survivor regions: 1->0(1)
[2020-12-21T15:11:45.246-0500][gc,heap        ] GC(16898) Old regions: 43->41
[2020-12-21T15:11:45.246-0500][gc,heap        ] GC(16898) Humongous regions: 4->4
[2020-12-21T15:11:45.246-0500][gc,metaspace   ] GC(16898) Metaspace: 49949K->49949K(1093632K)
[2020-12-21T15:11:45.246-0500][gc,heap        ] GC(16898) Heap after GC invocations=16899 (full 3440): garbage-first heap   total 64512K, used 43210K [0x0000000083000000, 0x0000000100000000)
[2020-12-21T15:11:45.246-0500][gc,heap        ] GC(16898)   region size 1024K, 0 young (0K), 0 survivors (0K)
[2020-12-21T15:11:45.246-0500][gc,heap        ] GC(16898)  Metaspace       used 49949K, capacity 52104K, committed 53632K, reserved 1093632K
[2020-12-21T15:11:45.246-0500][gc,heap        ] GC(16898)   class space    used 7422K, capacity 8193K, committed 8832K, reserved 1048576K
[2020-12-21T15:11:45.246-0500][gc             ] GC(16898) Pause Full (System.gc()) 46M->42M(63M) 56.099ms
[2020-12-21T15:11:45.246-0500][gc,cpu         ] GC(16898) User=0.23s Sys=0.00s Real=0.05s
[2020-12-21T15:13:37.982-0500][gc,heap        ] GC(16899) Heap before GC invocations=16899 (full 3440): garbage-first heap   total 64512K, used 52426K [0x0000000083000000, 0x0000000100000000)
[2020-12-21T15:13:37.982-0500][gc,heap        ] GC(16899)   region size 1024K, 10 young (10240K), 0 survivors (0K)
[2020-12-21T15:13:37.982-0500][gc,heap        ] GC(16899)  Metaspace       used 49949K, capacity 52104K, committed 53632K, reserved 1093632K
[2020-12-21T15:13:37.982-0500][gc,heap        ] GC(16899)   class space    used 7422K, capacity 8193K, committed 8832K, reserved 1048576K
[2020-12-21T15:13:37.982-0500][gc,start       ] GC(16899) Pause Young (Normal) (G1 Evacuation Pause)
[2020-12-21T15:13:37.982-0500][gc,task        ] GC(16899) Using 8 workers of 8 for evacuation
[2020-12-21T15:13:37.985-0500][gc,phases      ] GC(16899)   Pre Evacuate Collection Set: 0.0ms
[2020-12-21T15:13:37.985-0500][gc,phases      ] GC(16899)   Evacuate Collection Set: 1.0ms
[2020-12-21T15:13:37.985-0500][gc,phases      ] GC(16899)   Post Evacuate Collection Set: 1.8ms
[2020-12-21T15:13:37.985-0500][gc,phases      ] GC(16899)   Other: 0.3ms
[2020-12-21T15:13:37.986-0500][gc,heap        ] GC(16899) Eden regions: 10->0(9)
[2020-12-21T15:13:37.986-0500][gc,heap        ] GC(16899) Survivor regions: 0->1(2)
[2020-12-21T15:13:37.986-0500][gc,heap        ] GC(16899) Old regions: 41->41
[2020-12-21T15:13:37.986-0500][gc,heap        ] GC(16899) Humongous regions: 4->4
[2020-12-21T15:13:37.986-0500][gc,metaspace   ] GC(16899) Metaspace: 49949K->49949K(1093632K)
[2020-12-21T15:13:37.986-0500][gc,heap        ] GC(16899) Heap after GC invocations=16900 (full 3440): garbage-first heap   total 64512K, used 43311K [0x0000000083000000, 0x0000000100000000)
[2020-12-21T15:13:37.986-0500][gc,heap        ] GC(16899)   region size 1024K, 1 young (1024K), 1 survivors (1024K)
[2020-12-21T15:13:37.986-0500][gc,heap        ] GC(16899)  Metaspace       used 49949K, capacity 52104K, committed 53632K, reserved 1093632K
[2020-12-21T15:13:37.986-0500][gc,heap        ] GC(16899)   class space    used 7422K, capacity 8193K, committed 8832K, reserved 1048576K
[2020-12-21T15:13:37.986-0500][gc             ] GC(16899) Pause Young (Normal) (G1 Evacuation Pause) 52M->42M(63M) 3.247ms
[2020-12-21T15:13:37.986-0500][gc,cpu         ] GC(16899) User=0.00s Sys=0.01s Real=0.00s
[2020-12-21T15:15:16.012-0500][gc,heap        ] GC(16900) Heap before GC invocations=16900 (full 3440): garbage-first heap   total 64512K, used 51503K [0x0000000083000000, 0x0000000100000000)
[2020-12-21T15:15:16.012-0500][gc,heap        ] GC(16900)   region size 1024K, 10 young (10240K), 1 survivors (1024K)
[2020-12-21T15:15:16.012-0500][gc,heap        ] GC(16900)  Metaspace       used 49949K, capacity 52104K, committed 53632K, reserved 1093632K
[2020-12-21T15:15:16.012-0500][gc,heap        ] GC(16900)   class space    used 7422K, capacity 8193K, committed 8832K, reserved 1048576K
[2020-12-21T15:15:16.013-0500][gc,start       ] GC(16900) Pause Young (Normal) (G1 Evacuation Pause)
[2020-12-21T15:15:16.013-0500][gc,task        ] GC(16900) Using 8 workers of 8 for evacuation
[2020-12-21T15:15:16.019-0500][gc,phases      ] GC(16900)   Pre Evacuate Collection Set: 0.0ms
[2020-12-21T15:15:16.019-0500][gc,phases      ] GC(16900)   Evacuate Collection Set: 3.8ms
[2020-12-21T15:15:16.019-0500][gc,phases      ] GC(16900)   Post Evacuate Collection Set: 2.4ms
[2020-12-21T15:15:16.019-0500][gc,phases      ] GC(16900)   Other: 0.5ms
[2020-12-21T15:15:16.019-0500][gc,heap        ] GC(16900) Eden regions: 9->0(9)
[2020-12-21T15:15:16.019-0500][gc,heap        ] GC(16900) Survivor regions: 1->1(2)
[2020-12-21T15:15:16.019-0500][gc,heap        ] GC(16900) Old regions: 41->41
[2020-12-21T15:15:16.019-0500][gc,heap        ] GC(16900) Humongous regions: 4->4
[2020-12-21T15:15:16.019-0500][gc,metaspace   ] GC(16900) Metaspace: 49949K->49949K(1093632K)
[2020-12-21T15:15:16.019-0500][gc,heap        ] GC(16900) Heap after GC invocations=16901 (full 3440): garbage-first heap   total 64512K, used 43269K [0x0000000083000000, 0x0000000100000000)
[2020-12-21T15:15:16.019-0500][gc,heap        ] GC(16900)   region size 1024K, 1 young (1024K), 1 survivors (1024K)
[2020-12-21T15:15:16.019-0500][gc,heap        ] GC(16900)  Metaspace       used 49949K, capacity 52104K, committed 53632K, reserved 1093632K
[2020-12-21T15:15:16.019-0500][gc,heap        ] GC(16900)   class space    used 7422K, capacity 8193K, committed 8832K, reserved 1048576K
[2020-12-21T15:15:16.019-0500][gc             ] GC(16900) Pause Young (Normal) (G1 Evacuation Pause) 51M->42M(63M) 6.868ms
[2020-12-21T15:15:16.020-0500][gc,cpu         ] GC(16900) User=0.02s Sys=0.01s Real=0.01s
[2020-12-21T15:16:45.189-0500][gc,task        ] GC(16901) Using 5 workers of 8 for full compaction
[2020-12-21T15:16:45.189-0500][gc,start       ] GC(16901) Pause Full (System.gc())
[2020-12-21T15:16:45.189-0500][gc,heap        ] GC(16901) Heap before GC invocations=16901 (full 3440): garbage-first heap   total 64512K, used 49413K [0x0000000083000000, 0x0000000100000000)
[2020-12-21T15:16:45.189-0500][gc,heap        ] GC(16901)   region size 1024K, 9 young (9216K), 1 survivors (1024K)
[2020-12-21T15:16:45.189-0500][gc,heap        ] GC(16901)  Metaspace       used 49949K, capacity 52104K, committed 53632K, reserved 1093632K
[2020-12-21T15:16:45.189-0500][gc,heap        ] GC(16901)   class space    used 7422K, capacity 8193K, committed 8832K, reserved 1048576K
[2020-12-21T15:16:45.190-0500][gc,phases,start] GC(16901) Phase 1: Mark live objects
[2020-12-21T15:16:45.234-0500][gc,stringtable ] GC(16901) Cleaned string and symbol table, strings: 33107 processed, 4 removed, symbols: 120816 processed, 0 removed
[2020-12-21T15:16:45.234-0500][gc,phases      ] GC(16901) Phase 1: Mark live objects 43.802ms
[2020-12-21T15:16:45.234-0500][gc,phases,start] GC(16901) Phase 2: Prepare for compaction
[2020-12-21T15:16:45.237-0500][gc,phases      ] GC(16901) Phase 2: Prepare for compaction 3.076ms
[2020-12-21T15:16:45.237-0500][gc,phases,start] GC(16901) Phase 3: Adjust pointers
[2020-12-21T15:16:45.248-0500][gc,phases      ] GC(16901) Phase 3: Adjust pointers 11.098ms
[2020-12-21T15:16:45.248-0500][gc,phases,start] GC(16901) Phase 4: Compact heap
[2020-12-21T15:16:45.251-0500][gc,phases      ] GC(16901) Phase 4: Compact heap 3.235ms
[2020-12-21T15:16:45.257-0500][gc,heap        ] GC(16901) Eden regions: 8->0(9)
[2020-12-21T15:16:45.257-0500][gc,heap        ] GC(16901) Survivor regions: 1->0(2)
[2020-12-21T15:16:45.257-0500][gc,heap        ] GC(16901) Old regions: 41->42
[2020-12-21T15:16:45.257-0500][gc,heap        ] GC(16901) Humongous regions: 4->4
[2020-12-21T15:16:45.257-0500][gc,metaspace   ] GC(16901) Metaspace: 49949K->49949K(1093632K)
[2020-12-21T15:16:45.257-0500][gc,heap        ] GC(16901) Heap after GC invocations=16902 (full 3441): garbage-first heap   total 64512K, used 43223K [0x0000000083000000, 0x0000000100000000)
[2020-12-21T15:16:45.257-0500][gc,heap        ] GC(16901)   region size 1024K, 0 young (0K), 0 survivors (0K)
[2020-12-21T15:16:45.257-0500][gc,heap        ] GC(16901)  Metaspace       used 49949K, capacity 52104K, committed 53632K, reserved 1093632K
[2020-12-21T15:16:45.257-0500][gc,heap        ] GC(16901)   class space    used 7422K, capacity 8193K, committed 8832K, reserved 1048576K
[2020-12-21T15:16:45.257-0500][gc             ] GC(16901) Pause Full (System.gc()) 50M->42M(63M) 68.071ms
[2020-12-21T15:16:45.257-0500][gc,cpu         ] GC(16901) User=0.29s Sys=0.00s Real=0.06s
[2020-12-21T15:18:29.018-0500][gc,heap        ] GC(16902) Heap before GC invocations=16902 (full 3441): garbage-first heap   total 64512K, used 51415K [0x0000000083000000, 0x0000000100000000)
[2020-12-21T15:18:29.018-0500][gc,heap        ] GC(16902)   region size 1024K, 9 young (9216K), 0 survivors (0K)
[2020-12-21T15:18:29.018-0500][gc,heap        ] GC(16902)  Metaspace       used 49949K, capacity 52104K, committed 53632K, reserved 1093632K
[2020-12-21T15:18:29.018-0500][gc,heap        ] GC(16902)   class space    used 7422K, capacity 8193K, committed 8832K, reserved 1048576K
[2020-12-21T15:18:29.018-0500][gc,start       ] GC(16902) Pause Young (Normal) (G1 Evacuation Pause)
[2020-12-21T15:18:29.019-0500][gc,task        ] GC(16902) Using 8 workers of 8 for evacuation
[2020-12-21T15:18:29.021-0500][gc,phases      ] GC(16902)   Pre Evacuate Collection Set: 0.0ms
[2020-12-21T15:18:29.021-0500][gc,phases      ] GC(16902)   Evacuate Collection Set: 0.8ms
[2020-12-21T15:18:29.021-0500][gc,phases      ] GC(16902)   Post Evacuate Collection Set: 1.9ms
[2020-12-21T15:18:29.021-0500][gc,phases      ] GC(16902)   Other: 0.3ms
[2020-12-21T15:18:29.021-0500][gc,heap        ] GC(16902) Eden regions: 9->0(8)
[2020-12-21T15:18:29.021-0500][gc,heap        ] GC(16902) Survivor regions: 0->1(2)
[2020-12-21T15:18:29.021-0500][gc,heap        ] GC(16902) Old regions: 42->42
[2020-12-21T15:18:29.021-0500][gc,heap        ] GC(16902) Humongous regions: 4->4
[2020-12-21T15:18:29.021-0500][gc,metaspace   ] GC(16902) Metaspace: 49949K->49949K(1093632K)
[2020-12-21T15:18:29.021-0500][gc,heap        ] GC(16902) Heap after GC invocations=16903 (full 3441): garbage-first heap   total 64512K, used 43278K [0x0000000083000000, 0x0000000100000000)
[2020-12-21T15:18:29.021-0500][gc,heap        ] GC(16902)   region size 1024K, 1 young (1024K), 1 survivors (1024K)
[2020-12-21T15:18:29.022-0500][gc,heap        ] GC(16902)  Metaspace       used 49949K, capacity 52104K, committed 53632K, reserved 1093632K
[2020-12-21T15:18:29.022-0500][gc,heap        ] GC(16902)   class space    used 7422K, capacity 8193K, committed 8832K, reserved 1048576K
[2020-12-21T15:18:29.022-0500][gc             ] GC(16902) Pause Young (Normal) (G1 Evacuation Pause) 51M->42M(63M) 3.053ms
[2020-12-21T15:18:29.022-0500][gc,cpu         ] GC(16902) User=0.00s Sys=0.01s Real=0.00s
[2020-12-21T15:20:03.853-0500][gc,heap        ] GC(16903) Heap before GC invocations=16903 (full 3441): garbage-first heap   total 64512K, used 50446K [0x0000000083000000, 0x0000000100000000)
[2020-12-21T15:20:03.853-0500][gc,heap        ] GC(16903)   region size 1024K, 9 young (9216K), 1 survivors (1024K)
[2020-12-21T15:20:03.853-0500][gc,heap        ] GC(16903)  Metaspace       used 49949K, capacity 52104K, committed 53632K, reserved 1093632K
[2020-12-21T15:20:03.853-0500][gc,heap        ] GC(16903)   class space    used 7422K, capacity 8193K, committed 8832K, reserved 1048576K
[2020-12-21T15:20:03.853-0500][gc,start       ] GC(16903) Pause Young (Normal) (G1 Evacuation Pause)
[2020-12-21T15:20:03.853-0500][gc,task        ] GC(16903) Using 8 workers of 8 for evacuation
[2020-12-21T15:20:03.856-0500][gc,phases      ] GC(16903)   Pre Evacuate Collection Set: 0.0ms
[2020-12-21T15:20:03.857-0500][gc,phases      ] GC(16903)   Evacuate Collection Set: 1.3ms
[2020-12-21T15:20:03.857-0500][gc,phases      ] GC(16903)   Post Evacuate Collection Set: 1.7ms
[2020-12-21T15:20:03.857-0500][gc,phases      ] GC(16903)   Other: 0.5ms
[2020-12-21T15:20:03.857-0500][gc,heap        ] GC(16903) Eden regions: 8->0(8)
[2020-12-21T15:20:03.857-0500][gc,heap        ] GC(16903) Survivor regions: 1->1(2)
[2020-12-21T15:20:03.857-0500][gc,heap        ] GC(16903) Old regions: 42->42
[2020-12-21T15:20:03.857-0500][gc,heap        ] GC(16903) Humongous regions: 4->4
[2020-12-21T15:20:03.857-0500][gc,metaspace   ] GC(16903) Metaspace: 49949K->49949K(1093632K)
[2020-12-21T15:20:03.857-0500][gc,heap        ] GC(16903) Heap after GC invocations=16904 (full 3441): garbage-first heap   total 64512K, used 43275K [0x0000000083000000, 0x0000000100000000)
[2020-12-21T15:20:03.857-0500][gc,heap        ] GC(16903)   region size 1024K, 1 young (1024K), 1 survivors (1024K)
[2020-12-21T15:20:03.857-0500][gc,heap        ] GC(16903)  Metaspace       used 49949K, capacity 52104K, committed 53632K, reserved 1093632K
[2020-12-21T15:20:03.857-0500][gc,heap        ] GC(16903)   class space    used 7422K, capacity 8193K, committed 8832K, reserved 1048576K
[2020-12-21T15:20:03.857-0500][gc             ] GC(16903) Pause Young (Normal) (G1 Evacuation Pause) 50M->42M(63M) 3.784ms
[2020-12-21T15:20:03.857-0500][gc,cpu         ] GC(16903) User=0.00s Sys=0.01s Real=0.00s
[2020-12-21T15:21:36.014-0500][gc,heap        ] GC(16904) Heap before GC invocations=16904 (full 3441): garbage-first heap   total 64512K, used 50443K [0x0000000083000000, 0x0000000100000000)
[2020-12-21T15:21:36.014-0500][gc,heap        ] GC(16904)   region size 1024K, 9 young (9216K), 1 survivors (1024K)
[2020-12-21T15:21:36.014-0500][gc,heap        ] GC(16904)  Metaspace       used 49949K, capacity 52104K, committed 53632K, reserved 1093632K
[2020-12-21T15:21:36.014-0500][gc,heap        ] GC(16904)   class space    used 7422K, capacity 8193K, committed 8832K, reserved 1048576K
[2020-12-21T15:21:36.014-0500][gc,start       ] GC(16904) Pause Young (Normal) (G1 Evacuation Pause)
[2020-12-21T15:21:36.014-0500][gc,task        ] GC(16904) Using 8 workers of 8 for evacuation
[2020-12-21T15:21:36.020-0500][gc,phases      ] GC(16904)   Pre Evacuate Collection Set: 0.0ms
[2020-12-21T15:21:36.020-0500][gc,phases      ] GC(16904)   Evacuate Collection Set: 1.3ms
[2020-12-21T15:21:36.020-0500][gc,phases      ] GC(16904)   Post Evacuate Collection Set: 4.8ms
[2020-12-21T15:21:36.020-0500][gc,phases      ] GC(16904)   Other: 0.5ms
[2020-12-21T15:21:36.020-0500][gc,heap        ] GC(16904) Eden regions: 8->0(8)
[2020-12-21T15:21:36.020-0500][gc,heap        ] GC(16904) Survivor regions: 1->1(2)
[2020-12-21T15:21:36.020-0500][gc,heap        ] GC(16904) Old regions: 42->42
[2020-12-21T15:21:36.020-0500][gc,heap        ] GC(16904) Humongous regions: 4->4
[2020-12-21T15:21:36.020-0500][gc,metaspace   ] GC(16904) Metaspace: 49949K->49949K(1093632K)
[2020-12-21T15:21:36.021-0500][gc,heap        ] GC(16904) Heap after GC invocations=16905 (full 3441): garbage-first heap   total 64512K, used 43283K [0x0000000083000000, 0x0000000100000000)
[2020-12-21T15:21:36.021-0500][gc,heap        ] GC(16904)   region size 1024K, 1 young (1024K), 1 survivors (1024K)
[2020-12-21T15:21:36.021-0500][gc,heap        ] GC(16904)  Metaspace       used 49949K, capacity 52104K, committed 53632K, reserved 1093632K
[2020-12-21T15:21:36.021-0500][gc,heap        ] GC(16904)   class space    used 7422K, capacity 8193K, committed 8832K, reserved 1048576K
[2020-12-21T15:21:36.021-0500][gc             ] GC(16904) Pause Young (Normal) (G1 Evacuation Pause) 50M->42M(63M) 6.774ms
[2020-12-21T15:21:36.021-0500][gc,cpu         ] GC(16904) User=0.02s Sys=0.01s Real=0.01s
[2020-12-21T15:21:45.188-0500][gc,task        ] GC(16905) Using 5 workers of 8 for full compaction
[2020-12-21T15:21:45.188-0500][gc,start       ] GC(16905) Pause Full (System.gc())
[2020-12-21T15:21:45.188-0500][gc,heap        ] GC(16905) Heap before GC invocations=16905 (full 3441): garbage-first heap   total 64512K, used 44307K [0x0000000083000000, 0x0000000100000000)
[2020-12-21T15:21:45.188-0500][gc,heap        ] GC(16905)   region size 1024K, 3 young (3072K), 1 survivors (1024K)
[2020-12-21T15:21:45.188-0500][gc,heap        ] GC(16905)  Metaspace       used 49949K, capacity 52104K, committed 53632K, reserved 1093632K
[2020-12-21T15:21:45.188-0500][gc,heap        ] GC(16905)   class space    used 7422K, capacity 8193K, committed 8832K, reserved 1048576K
[2020-12-21T15:21:45.189-0500][gc,phases,start] GC(16905) Phase 1: Mark live objects
[2020-12-21T15:21:45.216-0500][gc,stringtable ] GC(16905) Cleaned string and symbol table, strings: 33107 processed, 4 removed, symbols: 120816 processed, 0 removed
[2020-12-21T15:21:45.216-0500][gc,phases      ] GC(16905) Phase 1: Mark live objects 27.192ms
[2020-12-21T15:21:45.216-0500][gc,phases,start] GC(16905) Phase 2: Prepare for compaction
[2020-12-21T15:21:45.221-0500][gc,phases      ] GC(16905) Phase 2: Prepare for compaction 5.001ms
[2020-12-21T15:21:45.221-0500][gc,phases,start] GC(16905) Phase 3: Adjust pointers
[2020-12-21T15:21:45.233-0500][gc,phases      ] GC(16905) Phase 3: Adjust pointers 12.351ms
[2020-12-21T15:21:45.233-0500][gc,phases,start] GC(16905) Phase 4: Compact heap
[2020-12-21T15:21:45.236-0500][gc,phases      ] GC(16905) Phase 4: Compact heap 2.846ms
[2020-12-21T15:21:45.242-0500][gc,heap        ] GC(16905) Eden regions: 2->0(10)
[2020-12-21T15:21:45.242-0500][gc,heap        ] GC(16905) Survivor regions: 1->0(2)
[2020-12-21T15:21:45.242-0500][gc,heap        ] GC(16905) Old regions: 42->41
[2020-12-21T15:21:45.242-0500][gc,heap        ] GC(16905) Humongous regions: 4->4
[2020-12-21T15:21:45.242-0500][gc,metaspace   ] GC(16905) Metaspace: 49949K->49949K(1093632K)
[2020-12-21T15:21:45.242-0500][gc,heap        ] GC(16905) Heap after GC invocations=16906 (full 3442): garbage-first heap   total 64512K, used 43198K [0x0000000083000000, 0x0000000100000000)
[2020-12-21T15:21:45.242-0500][gc,heap        ] GC(16905)   region size 1024K, 0 young (0K), 0 survivors (0K)
[2020-12-21T15:21:45.242-0500][gc,heap        ] GC(16905)  Metaspace       used 49949K, capacity 52104K, committed 53632K, reserved 1093632K
[2020-12-21T15:21:45.242-0500][gc,heap        ] GC(16905)   class space    used 7422K, capacity 8193K, committed 8832K, reserved 1048576K
[2020-12-21T15:21:45.242-0500][gc             ] GC(16905) Pause Full (System.gc()) 43M->42M(63M) 53.796ms
[2020-12-21T15:21:45.242-0500][gc,cpu         ] GC(16905) User=0.22s Sys=0.00s Real=0.05s
[2020-12-21T15:23:39.827-0500][gc,heap        ] GC(16906) Heap before GC invocations=16906 (full 3442): garbage-first heap   total 64512K, used 52414K [0x0000000083000000, 0x0000000100000000)
[2020-12-21T15:23:39.827-0500][gc,heap        ] GC(16906)   region size 1024K, 10 young (10240K), 0 survivors (0K)
[2020-12-21T15:23:39.827-0500][gc,heap        ] GC(16906)  Metaspace       used 49949K, capacity 52104K, committed 53632K, reserved 1093632K
[2020-12-21T15:23:39.827-0500][gc,heap        ] GC(16906)   class space    used 7422K, capacity 8193K, committed 8832K, reserved 1048576K
[2020-12-21T15:23:39.827-0500][gc,start       ] GC(16906) Pause Young (Normal) (G1 Evacuation Pause)
[2020-12-21T15:23:39.827-0500][gc,task        ] GC(16906) Using 8 workers of 8 for evacuation
[2020-12-21T15:23:39.832-0500][gc,phases      ] GC(16906)   Pre Evacuate Collection Set: 0.0ms
[2020-12-21T15:23:39.832-0500][gc,phases      ] GC(16906)   Evacuate Collection Set: 1.5ms
[2020-12-21T15:23:39.832-0500][gc,phases      ] GC(16906)   Post Evacuate Collection Set: 2.8ms
[2020-12-21T15:23:39.832-0500][gc,phases      ] GC(16906)   Other: 0.5ms
[2020-12-21T15:23:39.832-0500][gc,heap        ] GC(16906) Eden regions: 10->0(9)
[2020-12-21T15:23:39.832-0500][gc,heap        ] GC(16906) Survivor regions: 0->1(2)
[2020-12-21T15:23:39.832-0500][gc,heap        ] GC(16906) Old regions: 41->41
[2020-12-21T15:23:39.832-0500][gc,heap        ] GC(16906) Humongous regions: 4->4
[2020-12-21T15:23:39.832-0500][gc,metaspace   ] GC(16906) Metaspace: 49949K->49949K(1093632K)
[2020-12-21T15:23:39.832-0500][gc,heap        ] GC(16906) Heap after GC invocations=16907 (full 3442): garbage-first heap   total 64512K, used 43307K [0x0000000083000000, 0x0000000100000000)
[2020-12-21T15:23:39.832-0500][gc,heap        ] GC(16906)   region size 1024K, 1 young (1024K), 1 survivors (1024K)
[2020-12-21T15:23:39.832-0500][gc,heap        ] GC(16906)  Metaspace       used 49949K, capacity 52104K, committed 53632K, reserved 1093632K
[2020-12-21T15:23:39.832-0500][gc,heap        ] GC(16906)   class space    used 7422K, capacity 8193K, committed 8832K, reserved 1048576K
[2020-12-21T15:23:39.832-0500][gc             ] GC(16906) Pause Young (Normal) (G1 Evacuation Pause) 52M->42M(63M) 4.997ms
[2020-12-21T15:23:39.832-0500][gc,cpu         ] GC(16906) User=0.01s Sys=0.00s Real=0.01s
[2020-12-21T15:25:18.724-0500][gc,heap        ] GC(16907) Heap before GC invocations=16907 (full 3442): garbage-first heap   total 64512K, used 51499K [0x0000000083000000, 0x0000000100000000)
[2020-12-21T15:25:18.724-0500][gc,heap        ] GC(16907)   region size 1024K, 10 young (10240K), 1 survivors (1024K)
[2020-12-21T15:25:18.724-0500][gc,heap        ] GC(16907)  Metaspace       used 49949K, capacity 52104K, committed 53632K, reserved 1093632K
[2020-12-21T15:25:18.724-0500][gc,heap        ] GC(16907)   class space    used 7422K, capacity 8193K, committed 8832K, reserved 1048576K
[2020-12-21T15:25:18.724-0500][gc,start       ] GC(16907) Pause Young (Normal) (G1 Evacuation Pause)
[2020-12-21T15:25:18.724-0500][gc,task        ] GC(16907) Using 8 workers of 8 for evacuation
[2020-12-21T15:25:18.725-0500][gc,phases      ] GC(16907)   Pre Evacuate Collection Set: 0.0ms
[2020-12-21T15:25:18.725-0500][gc,phases      ] GC(16907)   Evacuate Collection Set: 0.5ms
[2020-12-21T15:25:18.725-0500][gc,phases      ] GC(16907)   Post Evacuate Collection Set: 1.0ms
[2020-12-21T15:25:18.725-0500][gc,phases      ] GC(16907)   Other: 0.2ms
[2020-12-21T15:25:18.725-0500][gc,heap        ] GC(16907) Eden regions: 9->0(9)
[2020-12-21T15:25:18.725-0500][gc,heap        ] GC(16907) Survivor regions: 1->1(2)
[2020-12-21T15:25:18.725-0500][gc,heap        ] GC(16907) Old regions: 41->41
[2020-12-21T15:25:18.725-0500][gc,heap        ] GC(16907) Humongous regions: 4->4
[2020-12-21T15:25:18.725-0500][gc,metaspace   ] GC(16907) Metaspace: 49949K->49949K(1093632K)
[2020-12-21T15:25:18.725-0500][gc,heap        ] GC(16907) Heap after GC invocations=16908 (full 3442): garbage-first heap   total 64512K, used 43254K [0x0000000083000000, 0x0000000100000000)
[2020-12-21T15:25:18.725-0500][gc,heap        ] GC(16907)   region size 1024K, 1 young (1024K), 1 survivors (1024K)
[2020-12-21T15:25:18.725-0500][gc,heap        ] GC(16907)  Metaspace       used 49949K, capacity 52104K, committed 53632K, reserved 1093632K
[2020-12-21T15:25:18.725-0500][gc,heap        ] GC(16907)   class space    used 7422K, capacity 8193K, committed 8832K, reserved 1048576K
[2020-12-21T15:25:18.725-0500][gc             ] GC(16907) Pause Young (Normal) (G1 Evacuation Pause) 51M->42M(63M) 1.782ms
[2020-12-21T15:25:18.726-0500][gc,cpu         ] GC(16907) User=0.00s Sys=0.00s Real=0.00s
[2020-12-21T15:26:45.192-0500][gc,task        ] GC(16908) Using 5 workers of 8 for full compaction
[2020-12-21T15:26:45.192-0500][gc,start       ] GC(16908) Pause Full (System.gc())
[2020-12-21T15:26:45.192-0500][gc,heap        ] GC(16908) Heap before GC invocations=16908 (full 3442): garbage-first heap   total 64512K, used 50422K [0x0000000083000000, 0x0000000100000000)
[2020-12-21T15:26:45.192-0500][gc,heap        ] GC(16908)   region size 1024K, 9 young (9216K), 1 survivors (1024K)
[2020-12-21T15:26:45.192-0500][gc,heap        ] GC(16908)  Metaspace       used 49949K, capacity 52104K, committed 53632K, reserved 1093632K
[2020-12-21T15:26:45.192-0500][gc,heap        ] GC(16908)   class space    used 7422K, capacity 8193K, committed 8832K, reserved 1048576K
[2020-12-21T15:26:45.192-0500][gc,phases,start] GC(16908) Phase 1: Mark live objects
[2020-12-21T15:26:45.238-0500][gc,stringtable ] GC(16908) Cleaned string and symbol table, strings: 33107 processed, 4 removed, symbols: 120816 processed, 0 removed
[2020-12-21T15:26:45.238-0500][gc,phases      ] GC(16908) Phase 1: Mark live objects 45.810ms
[2020-12-21T15:26:45.238-0500][gc,phases,start] GC(16908) Phase 2: Prepare for compaction
[2020-12-21T15:26:45.241-0500][gc,phases      ] GC(16908) Phase 2: Prepare for compaction 3.074ms
[2020-12-21T15:26:45.241-0500][gc,phases,start] GC(16908) Phase 3: Adjust pointers
[2020-12-21T15:26:45.252-0500][gc,phases      ] GC(16908) Phase 3: Adjust pointers 10.706ms
[2020-12-21T15:26:45.252-0500][gc,phases,start] GC(16908) Phase 4: Compact heap
[2020-12-21T15:26:45.255-0500][gc,phases      ] GC(16908) Phase 4: Compact heap 2.763ms
[2020-12-21T15:26:45.261-0500][gc,heap        ] GC(16908) Eden regions: 8->0(10)
[2020-12-21T15:26:45.261-0500][gc,heap        ] GC(16908) Survivor regions: 1->0(2)
[2020-12-21T15:26:45.261-0500][gc,heap        ] GC(16908) Old regions: 41->41
[2020-12-21T15:26:45.261-0500][gc,heap        ] GC(16908) Humongous regions: 4->4
[2020-12-21T15:26:45.261-0500][gc,metaspace   ] GC(16908) Metaspace: 49949K->49949K(1093632K)
[2020-12-21T15:26:45.261-0500][gc,heap        ] GC(16908) Heap after GC invocations=16909 (full 3443): garbage-first heap   total 64512K, used 43216K [0x0000000083000000, 0x0000000100000000)
[2020-12-21T15:26:45.261-0500][gc,heap        ] GC(16908)   region size 1024K, 0 young (0K), 0 survivors (0K)
[2020-12-21T15:26:45.261-0500][gc,heap        ] GC(16908)  Metaspace       used 49949K, capacity 52104K, committed 53632K, reserved 1093632K
[2020-12-21T15:26:45.261-0500][gc,heap        ] GC(16908)   class space    used 7422K, capacity 8193K, committed 8832K, reserved 1048576K
[2020-12-21T15:26:45.261-0500][gc             ] GC(16908) Pause Full (System.gc()) 49M->42M(63M) 68.892ms
[2020-12-21T15:26:45.261-0500][gc,cpu         ] GC(16908) User=0.29s Sys=0.00s Real=0.07s
[2020-12-21T15:28:40.758-0500][gc,heap        ] GC(16909) Heap before GC invocations=16909 (full 3443): garbage-first heap   total 64512K, used 52432K [0x0000000083000000, 0x0000000100000000)
[2020-12-21T15:28:40.758-0500][gc,heap        ] GC(16909)   region size 1024K, 10 young (10240K), 0 survivors (0K)
[2020-12-21T15:28:40.758-0500][gc,heap        ] GC(16909)  Metaspace       used 49949K, capacity 52104K, committed 53632K, reserved 1093632K
[2020-12-21T15:28:40.758-0500][gc,heap        ] GC(16909)   class space    used 7422K, capacity 8193K, committed 8832K, reserved 1048576K
[2020-12-21T15:28:40.758-0500][gc,start       ] GC(16909) Pause Young (Normal) (G1 Evacuation Pause)
[2020-12-21T15:28:40.758-0500][gc,task        ] GC(16909) Using 8 workers of 8 for evacuation
[2020-12-21T15:28:40.761-0500][gc,phases      ] GC(16909)   Pre Evacuate Collection Set: 0.0ms
[2020-12-21T15:28:40.761-0500][gc,phases      ] GC(16909)   Evacuate Collection Set: 1.0ms
[2020-12-21T15:28:40.761-0500][gc,phases      ] GC(16909)   Post Evacuate Collection Set: 1.7ms
[2020-12-21T15:28:40.761-0500][gc,phases      ] GC(16909)   Other: 0.3ms
[2020-12-21T15:28:40.761-0500][gc,heap        ] GC(16909) Eden regions: 10->0(9)
[2020-12-21T15:28:40.761-0500][gc,heap        ] GC(16909) Survivor regions: 0->1(2)
[2020-12-21T15:28:40.761-0500][gc,heap        ] GC(16909) Old regions: 41->41
[2020-12-21T15:28:40.761-0500][gc,heap        ] GC(16909) Humongous regions: 4->4
[2020-12-21T15:28:40.761-0500][gc,metaspace   ] GC(16909) Metaspace: 49949K->49949K(1093632K)
[2020-12-21T15:28:40.761-0500][gc,heap        ] GC(16909) Heap after GC invocations=16910 (full 3443): garbage-first heap   total 64512K, used 43372K [0x0000000083000000, 0x0000000100000000)
[2020-12-21T15:28:40.761-0500][gc,heap        ] GC(16909)   region size 1024K, 1 young (1024K), 1 survivors (1024K)
[2020-12-21T15:28:40.761-0500][gc,heap        ] GC(16909)  Metaspace       used 49949K, capacity 52104K, committed 53632K, reserved 1093632K
[2020-12-21T15:28:40.761-0500][gc,heap        ] GC(16909)   class space    used 7422K, capacity 8193K, committed 8832K, reserved 1048576K
[2020-12-21T15:28:40.761-0500][gc             ] GC(16909) Pause Young (Normal) (G1 Evacuation Pause) 52M->42M(63M) 3.142ms
[2020-12-21T15:28:40.761-0500][gc,cpu         ] GC(16909) User=0.00s Sys=0.00s Real=0.00s
[2020-12-21T15:30:24.195-0500][gc,heap        ] GC(16910) Heap before GC invocations=16910 (full 3443): garbage-first heap   total 64512K, used 52588K [0x0000000083000000, 0x0000000100000000)
[2020-12-21T15:30:24.195-0500][gc,heap        ] GC(16910)   region size 1024K, 10 young (10240K), 1 survivors (1024K)
[2020-12-21T15:30:24.195-0500][gc,heap        ] GC(16910)  Metaspace       used 49949K, capacity 52104K, committed 53632K, reserved 1093632K
[2020-12-21T15:30:24.195-0500][gc,heap        ] GC(16910)   class space    used 7422K, capacity 8193K, committed 8832K, reserved 1048576K
[2020-12-21T15:30:24.195-0500][gc,start       ] GC(16910) Pause Young (Normal) (G1 Evacuation Pause)
[2020-12-21T15:30:24.195-0500][gc,task        ] GC(16910) Using 8 workers of 8 for evacuation
[2020-12-21T15:30:24.200-0500][gc,phases      ] GC(16910)   Pre Evacuate Collection Set: 0.0ms
[2020-12-21T15:30:24.200-0500][gc,phases      ] GC(16910)   Evacuate Collection Set: 1.5ms
[2020-12-21T15:30:24.200-0500][gc,phases      ] GC(16910)   Post Evacuate Collection Set: 3.0ms
[2020-12-21T15:30:24.200-0500][gc,phases      ] GC(16910)   Other: 0.4ms
[2020-12-21T15:30:24.200-0500][gc,heap        ] GC(16910) Eden regions: 9->0(9)
[2020-12-21T15:30:24.200-0500][gc,heap        ] GC(16910) Survivor regions: 1->1(2)
[2020-12-21T15:30:24.200-0500][gc,heap        ] GC(16910) Old regions: 41->41
[2020-12-21T15:30:24.200-0500][gc,heap        ] GC(16910) Humongous regions: 4->4
[2020-12-21T15:30:24.200-0500][gc,metaspace   ] GC(16910) Metaspace: 49949K->49949K(1093632K)
[2020-12-21T15:30:24.200-0500][gc,heap        ] GC(16910) Heap after GC invocations=16911 (full 3443): garbage-first heap   total 64512K, used 43275K [0x0000000083000000, 0x0000000100000000)
[2020-12-21T15:30:24.200-0500][gc,heap        ] GC(16910)   region size 1024K, 1 young (1024K), 1 survivors (1024K)
[2020-12-21T15:30:24.200-0500][gc,heap        ] GC(16910)  Metaspace       used 49949K, capacity 52104K, committed 53632K, reserved 1093632K
[2020-12-21T15:30:24.200-0500][gc,heap        ] GC(16910)   class space    used 7422K, capacity 8193K, committed 8832K, reserved 1048576K
[2020-12-21T15:30:24.200-0500][gc             ] GC(16910) Pause Young (Normal) (G1 Evacuation Pause) 51M->42M(63M) 5.122ms
[2020-12-21T15:30:24.200-0500][gc,cpu         ] GC(16910) User=0.01s Sys=0.01s Real=0.01s
[2020-12-21T15:31:45.191-0500][gc,task        ] GC(16911) Using 5 workers of 8 for full compaction
[2020-12-21T15:31:45.191-0500][gc,start       ] GC(16911) Pause Full (System.gc())
[2020-12-21T15:31:45.191-0500][gc,heap        ] GC(16911) Heap before GC invocations=16911 (full 3443): garbage-first heap   total 64512K, used 50443K [0x0000000083000000, 0x0000000100000000)
[2020-12-21T15:31:45.191-0500][gc,heap        ] GC(16911)   region size 1024K, 9 young (9216K), 1 survivors (1024K)
[2020-12-21T15:31:45.191-0500][gc,heap        ] GC(16911)  Metaspace       used 49949K, capacity 52104K, committed 53632K, reserved 1093632K
[2020-12-21T15:31:45.191-0500][gc,heap        ] GC(16911)   class space    used 7422K, capacity 8193K, committed 8832K, reserved 1048576K
[2020-12-21T15:31:45.192-0500][gc,phases,start] GC(16911) Phase 1: Mark live objects
[2020-12-21T15:31:45.236-0500][gc,stringtable ] GC(16911) Cleaned string and symbol table, strings: 33107 processed, 4 removed, symbols: 120816 processed, 0 removed
[2020-12-21T15:31:45.236-0500][gc,phases      ] GC(16911) Phase 1: Mark live objects 44.396ms
[2020-12-21T15:31:45.236-0500][gc,phases,start] GC(16911) Phase 2: Prepare for compaction
[2020-12-21T15:31:45.240-0500][gc,phases      ] GC(16911) Phase 2: Prepare for compaction 3.344ms
[2020-12-21T15:31:45.240-0500][gc,phases,start] GC(16911) Phase 3: Adjust pointers
[2020-12-21T15:31:45.250-0500][gc,phases      ] GC(16911) Phase 3: Adjust pointers 10.375ms
[2020-12-21T15:31:45.250-0500][gc,phases,start] GC(16911) Phase 4: Compact heap
[2020-12-21T15:31:45.253-0500][gc,phases      ] GC(16911) Phase 4: Compact heap 2.408ms
[2020-12-21T15:31:45.258-0500][gc,heap        ] GC(16911) Eden regions: 8->0(10)
[2020-12-21T15:31:45.258-0500][gc,heap        ] GC(16911) Survivor regions: 1->0(2)
[2020-12-21T15:31:45.258-0500][gc,heap        ] GC(16911) Old regions: 41->41
[2020-12-21T15:31:45.258-0500][gc,heap        ] GC(16911) Humongous regions: 4->4
[2020-12-21T15:31:45.258-0500][gc,metaspace   ] GC(16911) Metaspace: 49949K->49949K(1093632K)
[2020-12-21T15:31:45.258-0500][gc,heap        ] GC(16911) Heap after GC invocations=16912 (full 3444): garbage-first heap   total 64512K, used 43222K [0x0000000083000000, 0x0000000100000000)
[2020-12-21T15:31:45.258-0500][gc,heap        ] GC(16911)   region size 1024K, 0 young (0K), 0 survivors (0K)
[2020-12-21T15:31:45.258-0500][gc,heap        ] GC(16911)  Metaspace       used 49949K, capacity 52104K, committed 53632K, reserved 1093632K
[2020-12-21T15:31:45.258-0500][gc,heap        ] GC(16911)   class space    used 7422K, capacity 8193K, committed 8832K, reserved 1048576K
[2020-12-21T15:31:45.258-0500][gc             ] GC(16911) Pause Full (System.gc()) 49M->42M(63M) 67.100ms
[2020-12-21T15:31:45.258-0500][gc,cpu         ] GC(16911) User=0.28s Sys=0.00s Real=0.07s
[2020-12-21T15:33:41.722-0500][gc,heap        ] GC(16912) Heap before GC invocations=16912 (full 3444): garbage-first heap   total 64512K, used 52438K [0x0000000083000000, 0x0000000100000000)
[2020-12-21T15:33:41.723-0500][gc,heap        ] GC(16912)   region size 1024K, 10 young (10240K), 0 survivors (0K)
[2020-12-21T15:33:41.723-0500][gc,heap        ] GC(16912)  Metaspace       used 49949K, capacity 52104K, committed 53632K, reserved 1093632K
[2020-12-21T15:33:41.723-0500][gc,heap        ] GC(16912)   class space    used 7422K, capacity 8193K, committed 8832K, reserved 1048576K
[2020-12-21T15:33:41.723-0500][gc,start       ] GC(16912) Pause Young (Normal) (G1 Evacuation Pause)
[2020-12-21T15:33:41.723-0500][gc,task        ] GC(16912) Using 8 workers of 8 for evacuation
[2020-12-21T15:33:41.725-0500][gc,phases      ] GC(16912)   Pre Evacuate Collection Set: 0.0ms
[2020-12-21T15:33:41.725-0500][gc,phases      ] GC(16912)   Evacuate Collection Set: 1.1ms
[2020-12-21T15:33:41.725-0500][gc,phases      ] GC(16912)   Post Evacuate Collection Set: 1.2ms
[2020-12-21T15:33:41.725-0500][gc,phases      ] GC(16912)   Other: 0.3ms
[2020-12-21T15:33:41.725-0500][gc,heap        ] GC(16912) Eden regions: 10->0(9)
[2020-12-21T15:33:41.725-0500][gc,heap        ] GC(16912) Survivor regions: 0->1(2)
[2020-12-21T15:33:41.725-0500][gc,heap        ] GC(16912) Old regions: 41->41
[2020-12-21T15:33:41.725-0500][gc,heap        ] GC(16912) Humongous regions: 4->4
[2020-12-21T15:33:41.725-0500][gc,metaspace   ] GC(16912) Metaspace: 49949K->49949K(1093632K)
[2020-12-21T15:33:41.725-0500][gc,heap        ] GC(16912) Heap after GC invocations=16913 (full 3444): garbage-first heap   total 64512K, used 43314K [0x0000000083000000, 0x0000000100000000)
[2020-12-21T15:33:41.725-0500][gc,heap        ] GC(16912)   region size 1024K, 1 young (1024K), 1 survivors (1024K)
[2020-12-21T15:33:41.725-0500][gc,heap        ] GC(16912)  Metaspace       used 49949K, capacity 52104K, committed 53632K, reserved 1093632K
[2020-12-21T15:33:41.725-0500][gc,heap        ] GC(16912)   class space    used 7422K, capacity 8193K, committed 8832K, reserved 1048576K
[2020-12-21T15:33:41.725-0500][gc             ] GC(16912) Pause Young (Normal) (G1 Evacuation Pause) 52M->42M(63M) 2.732ms
[2020-12-21T15:33:41.725-0500][gc,cpu         ] GC(16912) User=0.00s Sys=0.01s Real=0.00s
[2020-12-21T15:35:16.016-0500][gc,heap        ] GC(16913) Heap before GC invocations=16913 (full 3444): garbage-first heap   total 64512K, used 51506K [0x0000000083000000, 0x0000000100000000)
[2020-12-21T15:35:16.017-0500][gc,heap        ] GC(16913)   region size 1024K, 10 young (10240K), 1 survivors (1024K)
[2020-12-21T15:35:16.017-0500][gc,heap        ] GC(16913)  Metaspace       used 49949K, capacity 52104K, committed 53632K, reserved 1093632K
[2020-12-21T15:35:16.017-0500][gc,heap        ] GC(16913)   class space    used 7422K, capacity 8193K, committed 8832K, reserved 1048576K
[2020-12-21T15:35:16.017-0500][gc,start       ] GC(16913) Pause Young (Normal) (G1 Evacuation Pause)
[2020-12-21T15:35:16.017-0500][gc,task        ] GC(16913) Using 8 workers of 8 for evacuation
[2020-12-21T15:35:16.021-0500][gc,phases      ] GC(16913)   Pre Evacuate Collection Set: 0.0ms
[2020-12-21T15:35:16.021-0500][gc,phases      ] GC(16913)   Evacuate Collection Set: 0.8ms
[2020-12-21T15:35:16.021-0500][gc,phases      ] GC(16913)   Post Evacuate Collection Set: 3.7ms
[2020-12-21T15:35:16.021-0500][gc,phases      ] GC(16913)   Other: 0.3ms
[2020-12-21T15:35:16.021-0500][gc,heap        ] GC(16913) Eden regions: 9->0(9)
[2020-12-21T15:35:16.021-0500][gc,heap        ] GC(16913) Survivor regions: 1->1(2)
[2020-12-21T15:35:16.021-0500][gc,heap        ] GC(16913) Old regions: 41->41
[2020-12-21T15:35:16.021-0500][gc,heap        ] GC(16913) Humongous regions: 4->4
[2020-12-21T15:35:16.021-0500][gc,metaspace   ] GC(16913) Metaspace: 49949K->49949K(1093632K)
[2020-12-21T15:35:16.022-0500][gc,heap        ] GC(16913) Heap after GC invocations=16914 (full 3444): garbage-first heap   total 64512K, used 43299K [0x0000000083000000, 0x0000000100000000)
[2020-12-21T15:35:16.022-0500][gc,heap        ] GC(16913)   region size 1024K, 1 young (1024K), 1 survivors (1024K)
[2020-12-21T15:35:16.022-0500][gc,heap        ] GC(16913)  Metaspace       used 49949K, capacity 52104K, committed 53632K, reserved 1093632K
[2020-12-21T15:35:16.022-0500][gc,heap        ] GC(16913)   class space    used 7422K, capacity 8193K, committed 8832K, reserved 1048576K
[2020-12-21T15:35:16.022-0500][gc             ] GC(16913) Pause Young (Normal) (G1 Evacuation Pause) 51M->42M(63M) 4.928ms
[2020-12-21T15:35:16.022-0500][gc,cpu         ] GC(16913) User=0.02s Sys=0.00s Real=0.01s
[2020-12-21T15:36:45.191-0500][gc,task        ] GC(16914) Using 5 workers of 8 for full compaction
[2020-12-21T15:36:45.191-0500][gc,start       ] GC(16914) Pause Full (System.gc())
[2020-12-21T15:36:45.191-0500][gc,heap        ] GC(16914) Heap before GC invocations=16914 (full 3444): garbage-first heap   total 64512K, used 49443K [0x0000000083000000, 0x0000000100000000)
[2020-12-21T15:36:45.191-0500][gc,heap        ] GC(16914)   region size 1024K, 9 young (9216K), 1 survivors (1024K)
[2020-12-21T15:36:45.191-0500][gc,heap        ] GC(16914)  Metaspace       used 49949K, capacity 52104K, committed 53632K, reserved 1093632K
[2020-12-21T15:36:45.191-0500][gc,heap        ] GC(16914)   class space    used 7422K, capacity 8193K, committed 8832K, reserved 1048576K
[2020-12-21T15:36:45.192-0500][gc,phases,start] GC(16914) Phase 1: Mark live objects
[2020-12-21T15:36:45.227-0500][gc,stringtable ] GC(16914) Cleaned string and symbol table, strings: 33107 processed, 4 removed, symbols: 120816 processed, 0 removed
[2020-12-21T15:36:45.227-0500][gc,phases      ] GC(16914) Phase 1: Mark live objects 34.934ms
[2020-12-21T15:36:45.227-0500][gc,phases,start] GC(16914) Phase 2: Prepare for compaction
[2020-12-21T15:36:45.232-0500][gc,phases      ] GC(16914) Phase 2: Prepare for compaction 5.088ms
[2020-12-21T15:36:45.232-0500][gc,phases,start] GC(16914) Phase 3: Adjust pointers
[2020-12-21T15:36:45.243-0500][gc,phases      ] GC(16914) Phase 3: Adjust pointers 11.058ms
[2020-12-21T15:36:45.243-0500][gc,phases,start] GC(16914) Phase 4: Compact heap
[2020-12-21T15:36:45.245-0500][gc,phases      ] GC(16914) Phase 4: Compact heap 2.450ms
[2020-12-21T15:36:45.251-0500][gc,heap        ] GC(16914) Eden regions: 8->0(10)
[2020-12-21T15:36:45.251-0500][gc,heap        ] GC(16914) Survivor regions: 1->0(2)
[2020-12-21T15:36:45.251-0500][gc,heap        ] GC(16914) Old regions: 41->41
[2020-12-21T15:36:45.251-0500][gc,heap        ] GC(16914) Humongous regions: 4->4
[2020-12-21T15:36:45.251-0500][gc,metaspace   ] GC(16914) Metaspace: 49949K->49949K(1093632K)
[2020-12-21T15:36:45.251-0500][gc,heap        ] GC(16914) Heap after GC invocations=16915 (full 3445): garbage-first heap   total 64512K, used 43216K [0x0000000083000000, 0x0000000100000000)
[2020-12-21T15:36:45.251-0500][gc,heap        ] GC(16914)   region size 1024K, 0 young (0K), 0 survivors (0K)
[2020-12-21T15:36:45.251-0500][gc,heap        ] GC(16914)  Metaspace       used 49949K, capacity 52104K, committed 53632K, reserved 1093632K
[2020-12-21T15:36:45.251-0500][gc,heap        ] GC(16914)   class space    used 7422K, capacity 8193K, committed 8832K, reserved 1048576K
[2020-12-21T15:36:45.251-0500][gc             ] GC(16914) Pause Full (System.gc()) 49M->42M(63M) 60.058ms
[2020-12-21T15:36:45.251-0500][gc,cpu         ] GC(16914) User=0.25s Sys=0.00s Real=0.06s
[2020-12-21T15:38:42.690-0500][gc,heap        ] GC(16915) Heap before GC invocations=16915 (full 3445): garbage-first heap   total 64512K, used 52432K [0x0000000083000000, 0x0000000100000000)
[2020-12-21T15:38:42.690-0500][gc,heap        ] GC(16915)   region size 1024K, 10 young (10240K), 0 survivors (0K)
[2020-12-21T15:38:42.690-0500][gc,heap        ] GC(16915)  Metaspace       used 49949K, capacity 52104K, committed 53632K, reserved 1093632K
[2020-12-21T15:38:42.691-0500][gc,heap        ] GC(16915)   class space    used 7422K, capacity 8193K, committed 8832K, reserved 1048576K
[2020-12-21T15:38:42.691-0500][gc,start       ] GC(16915) Pause Young (Normal) (G1 Evacuation Pause)
[2020-12-21T15:38:42.691-0500][gc,task        ] GC(16915) Using 8 workers of 8 for evacuation
[2020-12-21T15:38:42.693-0500][gc,phases      ] GC(16915)   Pre Evacuate Collection Set: 0.0ms
[2020-12-21T15:38:42.693-0500][gc,phases      ] GC(16915)   Evacuate Collection Set: 0.6ms
[2020-12-21T15:38:42.693-0500][gc,phases      ] GC(16915)   Post Evacuate Collection Set: 1.6ms
[2020-12-21T15:38:42.693-0500][gc,phases      ] GC(16915)   Other: 0.2ms
[2020-12-21T15:38:42.693-0500][gc,heap        ] GC(16915) Eden regions: 10->0(9)
[2020-12-21T15:38:42.693-0500][gc,heap        ] GC(16915) Survivor regions: 0->1(2)
[2020-12-21T15:38:42.693-0500][gc,heap        ] GC(16915) Old regions: 41->41
[2020-12-21T15:38:42.693-0500][gc,heap        ] GC(16915) Humongous regions: 4->4
[2020-12-21T15:38:42.693-0500][gc,metaspace   ] GC(16915) Metaspace: 49949K->49949K(1093632K)
[2020-12-21T15:38:42.693-0500][gc,heap        ] GC(16915) Heap after GC invocations=16916 (full 3445): garbage-first heap   total 64512K, used 43307K [0x0000000083000000, 0x0000000100000000)
[2020-12-21T15:38:42.693-0500][gc,heap        ] GC(16915)   region size 1024K, 1 young (1024K), 1 survivors (1024K)
[2020-12-21T15:38:42.693-0500][gc,heap        ] GC(16915)  Metaspace       used 49949K, capacity 52104K, committed 53632K, reserved 1093632K
[2020-12-21T15:38:42.693-0500][gc,heap        ] GC(16915)   class space    used 7422K, capacity 8193K, committed 8832K, reserved 1048576K
[2020-12-21T15:38:42.693-0500][gc             ] GC(16915) Pause Young (Normal) (G1 Evacuation Pause) 52M->42M(63M) 2.589ms
[2020-12-21T15:38:42.693-0500][gc,cpu         ] GC(16915) User=0.00s Sys=0.00s Real=0.00s
[2020-12-21T15:40:16.019-0500][gc,heap        ] GC(16916) Heap before GC invocations=16916 (full 3445): garbage-first heap   total 64512K, used 51499K [0x0000000083000000, 0x0000000100000000)
[2020-12-21T15:40:16.019-0500][gc,heap        ] GC(16916)   region size 1024K, 10 young (10240K), 1 survivors (1024K)
[2020-12-21T15:40:16.019-0500][gc,heap        ] GC(16916)  Metaspace       used 49949K, capacity 52104K, committed 53632K, reserved 1093632K
[2020-12-21T15:40:16.019-0500][gc,heap        ] GC(16916)   class space    used 7422K, capacity 8193K, committed 8832K, reserved 1048576K
[2020-12-21T15:40:16.019-0500][gc,start       ] GC(16916) Pause Young (Normal) (G1 Evacuation Pause)
[2020-12-21T15:40:16.019-0500][gc,task        ] GC(16916) Using 8 workers of 8 for evacuation
[2020-12-21T15:40:16.022-0500][gc,phases      ] GC(16916)   Pre Evacuate Collection Set: 0.0ms
[2020-12-21T15:40:16.023-0500][gc,phases      ] GC(16916)   Evacuate Collection Set: 1.2ms
[2020-12-21T15:40:16.023-0500][gc,phases      ] GC(16916)   Post Evacuate Collection Set: 1.9ms
[2020-12-21T15:40:16.023-0500][gc,phases      ] GC(16916)   Other: 0.5ms
[2020-12-21T15:40:16.023-0500][gc,heap        ] GC(16916) Eden regions: 9->0(9)
[2020-12-21T15:40:16.023-0500][gc,heap        ] GC(16916) Survivor regions: 1->1(2)
[2020-12-21T15:40:16.023-0500][gc,heap        ] GC(16916) Old regions: 41->41
[2020-12-21T15:40:16.023-0500][gc,heap        ] GC(16916) Humongous regions: 4->4
[2020-12-21T15:40:16.023-0500][gc,metaspace   ] GC(16916) Metaspace: 49949K->49949K(1093632K)
[2020-12-21T15:40:16.023-0500][gc,heap        ] GC(16916) Heap after GC invocations=16917 (full 3445): garbage-first heap   total 64512K, used 43290K [0x0000000083000000, 0x0000000100000000)
[2020-12-21T15:40:16.023-0500][gc,heap        ] GC(16916)   region size 1024K, 1 young (1024K), 1 survivors (1024K)
[2020-12-21T15:40:16.023-0500][gc,heap        ] GC(16916)  Metaspace       used 49949K, capacity 52104K, committed 53632K, reserved 1093632K
[2020-12-21T15:40:16.023-0500][gc,heap        ] GC(16916)   class space    used 7422K, capacity 8193K, committed 8832K, reserved 1048576K
[2020-12-21T15:40:16.023-0500][gc             ] GC(16916) Pause Young (Normal) (G1 Evacuation Pause) 51M->42M(63M) 3.648ms
[2020-12-21T15:40:16.023-0500][gc,cpu         ] GC(16916) User=0.01s Sys=0.00s Real=0.00s
[2020-12-21T15:41:45.191-0500][gc,task        ] GC(16917) Using 5 workers of 8 for full compaction
[2020-12-21T15:41:45.192-0500][gc,start       ] GC(16917) Pause Full (System.gc())
[2020-12-21T15:41:45.192-0500][gc,heap        ] GC(16917) Heap before GC invocations=16917 (full 3445): garbage-first heap   total 64512K, used 50458K [0x0000000083000000, 0x0000000100000000)
[2020-12-21T15:41:45.192-0500][gc,heap        ] GC(16917)   region size 1024K, 9 young (9216K), 1 survivors (1024K)
[2020-12-21T15:41:45.192-0500][gc,heap        ] GC(16917)  Metaspace       used 49949K, capacity 52104K, committed 53632K, reserved 1093632K
[2020-12-21T15:41:45.192-0500][gc,heap        ] GC(16917)   class space    used 7422K, capacity 8193K, committed 8832K, reserved 1048576K
[2020-12-21T15:41:45.192-0500][gc,phases,start] GC(16917) Phase 1: Mark live objects
[2020-12-21T15:41:45.229-0500][gc,stringtable ] GC(16917) Cleaned string and symbol table, strings: 33107 processed, 4 removed, symbols: 120816 processed, 0 removed
[2020-12-21T15:41:45.230-0500][gc,phases      ] GC(16917) Phase 1: Mark live objects 37.497ms
[2020-12-21T15:41:45.230-0500][gc,phases,start] GC(16917) Phase 2: Prepare for compaction
[2020-12-21T15:41:45.235-0500][gc,phases      ] GC(16917) Phase 2: Prepare for compaction 5.582ms
[2020-12-21T15:41:45.235-0500][gc,phases,start] GC(16917) Phase 3: Adjust pointers
[2020-12-21T15:41:45.247-0500][gc,phases      ] GC(16917) Phase 3: Adjust pointers 11.486ms
[2020-12-21T15:41:45.247-0500][gc,phases,start] GC(16917) Phase 4: Compact heap
[2020-12-21T15:41:45.251-0500][gc,phases      ] GC(16917) Phase 4: Compact heap 3.789ms
[2020-12-21T15:41:45.257-0500][gc,heap        ] GC(16917) Eden regions: 8->0(10)
[2020-12-21T15:41:45.257-0500][gc,heap        ] GC(16917) Survivor regions: 1->0(2)
[2020-12-21T15:41:45.257-0500][gc,heap        ] GC(16917) Old regions: 41->41
[2020-12-21T15:41:45.257-0500][gc,heap        ] GC(16917) Humongous regions: 4->4
[2020-12-21T15:41:45.257-0500][gc,metaspace   ] GC(16917) Metaspace: 49949K->49949K(1093632K)
[2020-12-21T15:41:45.257-0500][gc,heap        ] GC(16917) Heap after GC invocations=16918 (full 3446): garbage-first heap   total 64512K, used 43217K [0x0000000083000000, 0x0000000100000000)
[2020-12-21T15:41:45.257-0500][gc,heap        ] GC(16917)   region size 1024K, 0 young (0K), 0 survivors (0K)
[2020-12-21T15:41:45.257-0500][gc,heap        ] GC(16917)  Metaspace       used 49949K, capacity 52104K, committed 53632K, reserved 1093632K
[2020-12-21T15:41:45.257-0500][gc,heap        ] GC(16917)   class space    used 7422K, capacity 8193K, committed 8832K, reserved 1048576K
[2020-12-21T15:41:45.257-0500][gc             ] GC(16917) Pause Full (System.gc()) 49M->42M(63M) 65.896ms
[2020-12-21T15:41:45.258-0500][gc,cpu         ] GC(16917) User=0.28s Sys=0.00s Real=0.06s
[2020-12-21T15:43:43.412-0500][gc,heap        ] GC(16918) Heap before GC invocations=16918 (full 3446): garbage-first heap   total 64512K, used 52433K [0x0000000083000000, 0x0000000100000000)
[2020-12-21T15:43:43.412-0500][gc,heap        ] GC(16918)   region size 1024K, 10 young (10240K), 0 survivors (0K)
[2020-12-21T15:43:43.412-0500][gc,heap        ] GC(16918)  Metaspace       used 49949K, capacity 52104K, committed 53632K, reserved 1093632K
[2020-12-21T15:43:43.412-0500][gc,heap        ] GC(16918)   class space    used 7422K, capacity 8193K, committed 8832K, reserved 1048576K
[2020-12-21T15:43:43.412-0500][gc,start       ] GC(16918) Pause Young (Normal) (G1 Evacuation Pause)
[2020-12-21T15:43:43.412-0500][gc,task        ] GC(16918) Using 8 workers of 8 for evacuation
[2020-12-21T15:43:43.414-0500][gc,phases      ] GC(16918)   Pre Evacuate Collection Set: 0.0ms
[2020-12-21T15:43:43.414-0500][gc,phases      ] GC(16918)   Evacuate Collection Set: 0.6ms
[2020-12-21T15:43:43.414-0500][gc,phases      ] GC(16918)   Post Evacuate Collection Set: 0.8ms
[2020-12-21T15:43:43.414-0500][gc,phases      ] GC(16918)   Other: 0.2ms
[2020-12-21T15:43:43.414-0500][gc,heap        ] GC(16918) Eden regions: 10->0(9)
[2020-12-21T15:43:43.414-0500][gc,heap        ] GC(16918) Survivor regions: 0->1(2)
[2020-12-21T15:43:43.414-0500][gc,heap        ] GC(16918) Old regions: 41->41
[2020-12-21T15:43:43.414-0500][gc,heap        ] GC(16918) Humongous regions: 4->4
[2020-12-21T15:43:43.414-0500][gc,metaspace   ] GC(16918) Metaspace: 49949K->49949K(1093632K)
[2020-12-21T15:43:43.414-0500][gc,heap        ] GC(16918) Heap after GC invocations=16919 (full 3446): garbage-first heap   total 64512K, used 43359K [0x0000000083000000, 0x0000000100000000)
[2020-12-21T15:43:43.414-0500][gc,heap        ] GC(16918)   region size 1024K, 1 young (1024K), 1 survivors (1024K)
[2020-12-21T15:43:43.414-0500][gc,heap        ] GC(16918)  Metaspace       used 49949K, capacity 52104K, committed 53632K, reserved 1093632K
[2020-12-21T15:43:43.414-0500][gc,heap        ] GC(16918)   class space    used 7422K, capacity 8193K, committed 8832K, reserved 1048576K
[2020-12-21T15:43:43.414-0500][gc             ] GC(16918) Pause Young (Normal) (G1 Evacuation Pause) 52M->42M(63M) 1.711ms
[2020-12-21T15:43:43.414-0500][gc,cpu         ] GC(16918) User=0.00s Sys=0.01s Real=0.00s
[2020-12-21T15:45:26.012-0500][gc,heap        ] GC(16919) Heap before GC invocations=16919 (full 3446): garbage-first heap   total 64512K, used 51551K [0x0000000083000000, 0x0000000100000000)
[2020-12-21T15:45:26.013-0500][gc,heap        ] GC(16919)   region size 1024K, 10 young (10240K), 1 survivors (1024K)
[2020-12-21T15:45:26.013-0500][gc,heap        ] GC(16919)  Metaspace       used 49949K, capacity 52104K, committed 53632K, reserved 1093632K
[2020-12-21T15:45:26.013-0500][gc,heap        ] GC(16919)   class space    used 7422K, capacity 8193K, committed 8832K, reserved 1048576K
[2020-12-21T15:45:26.013-0500][gc,start       ] GC(16919) Pause Young (Normal) (G1 Evacuation Pause)
[2020-12-21T15:45:26.013-0500][gc,task        ] GC(16919) Using 8 workers of 8 for evacuation
[2020-12-21T15:45:26.018-0500][gc,phases      ] GC(16919)   Pre Evacuate Collection Set: 0.0ms
[2020-12-21T15:45:26.018-0500][gc,phases      ] GC(16919)   Evacuate Collection Set: 1.9ms
[2020-12-21T15:45:26.018-0500][gc,phases      ] GC(16919)   Post Evacuate Collection Set: 2.6ms
[2020-12-21T15:45:26.018-0500][gc,phases      ] GC(16919)   Other: 0.6ms
[2020-12-21T15:45:26.018-0500][gc,heap        ] GC(16919) Eden regions: 9->0(9)
[2020-12-21T15:45:26.018-0500][gc,heap        ] GC(16919) Survivor regions: 1->1(2)
[2020-12-21T15:45:26.018-0500][gc,heap        ] GC(16919) Old regions: 41->41
[2020-12-21T15:45:26.018-0500][gc,heap        ] GC(16919) Humongous regions: 4->4
[2020-12-21T15:45:26.018-0500][gc,metaspace   ] GC(16919) Metaspace: 49949K->49949K(1093632K)
[2020-12-21T15:45:26.018-0500][gc,heap        ] GC(16919) Heap after GC invocations=16920 (full 3446): garbage-first heap   total 64512K, used 43293K [0x0000000083000000, 0x0000000100000000)
[2020-12-21T15:45:26.018-0500][gc,heap        ] GC(16919)   region size 1024K, 1 young (1024K), 1 survivors (1024K)
[2020-12-21T15:45:26.018-0500][gc,heap        ] GC(16919)  Metaspace       used 49949K, capacity 52104K, committed 53632K, reserved 1093632K
[2020-12-21T15:45:26.018-0500][gc,heap        ] GC(16919)   class space    used 7422K, capacity 8193K, committed 8832K, reserved 1048576K
[2020-12-21T15:45:26.018-0500][gc             ] GC(16919) Pause Young (Normal) (G1 Evacuation Pause) 51M->42M(63M) 5.452ms
[2020-12-21T15:45:26.018-0500][gc,cpu         ] GC(16919) User=0.01s Sys=0.00s Real=0.01s
[2020-12-21T15:46:45.191-0500][gc,task        ] GC(16920) Using 5 workers of 8 for full compaction
[2020-12-21T15:46:45.191-0500][gc,start       ] GC(16920) Pause Full (System.gc())
[2020-12-21T15:46:45.191-0500][gc,heap        ] GC(16920) Heap before GC invocations=16920 (full 3446): garbage-first heap   total 64512K, used 49437K [0x0000000083000000, 0x0000000100000000)
[2020-12-21T15:46:45.191-0500][gc,heap        ] GC(16920)   region size 1024K, 8 young (8192K), 1 survivors (1024K)
[2020-12-21T15:46:45.191-0500][gc,heap        ] GC(16920)  Metaspace       used 49949K, capacity 52104K, committed 53632K, reserved 1093632K
[2020-12-21T15:46:45.191-0500][gc,heap        ] GC(16920)   class space    used 7422K, capacity 8193K, committed 8832K, reserved 1048576K
[2020-12-21T15:46:45.192-0500][gc,phases,start] GC(16920) Phase 1: Mark live objects
[2020-12-21T15:46:45.215-0500][gc,stringtable ] GC(16920) Cleaned string and symbol table, strings: 33107 processed, 4 removed, symbols: 120816 processed, 0 removed
[2020-12-21T15:46:45.215-0500][gc,phases      ] GC(16920) Phase 1: Mark live objects 23.470ms
[2020-12-21T15:46:45.215-0500][gc,phases,start] GC(16920) Phase 2: Prepare for compaction
[2020-12-21T15:46:45.219-0500][gc,phases      ] GC(16920) Phase 2: Prepare for compaction 4.293ms
[2020-12-21T15:46:45.219-0500][gc,phases,start] GC(16920) Phase 3: Adjust pointers
[2020-12-21T15:46:45.232-0500][gc,phases      ] GC(16920) Phase 3: Adjust pointers 12.339ms
[2020-12-21T15:46:45.232-0500][gc,phases,start] GC(16920) Phase 4: Compact heap
[2020-12-21T15:46:45.235-0500][gc,phases      ] GC(16920) Phase 4: Compact heap 3.400ms
[2020-12-21T15:46:45.242-0500][gc,heap        ] GC(16920) Eden regions: 7->0(8)
[2020-12-21T15:46:45.242-0500][gc,heap        ] GC(16920) Survivor regions: 1->0(2)
[2020-12-21T15:46:45.242-0500][gc,heap        ] GC(16920) Old regions: 41->43
[2020-12-21T15:46:45.242-0500][gc,heap        ] GC(16920) Humongous regions: 4->4
[2020-12-21T15:46:45.242-0500][gc,metaspace   ] GC(16920) Metaspace: 49949K->49949K(1093632K)
[2020-12-21T15:46:45.242-0500][gc,heap        ] GC(16920) Heap after GC invocations=16921 (full 3447): garbage-first heap   total 64512K, used 43214K [0x0000000083000000, 0x0000000100000000)
[2020-12-21T15:46:45.242-0500][gc,heap        ] GC(16920)   region size 1024K, 0 young (0K), 0 survivors (0K)
[2020-12-21T15:46:45.242-0500][gc,heap        ] GC(16920)  Metaspace       used 49949K, capacity 52104K, committed 53632K, reserved 1093632K
[2020-12-21T15:46:45.242-0500][gc,heap        ] GC(16920)   class space    used 7422K, capacity 8193K, committed 8832K, reserved 1048576K
[2020-12-21T15:46:45.243-0500][gc             ] GC(16920) Pause Full (System.gc()) 49M->42M(63M) 51.138ms
[2020-12-21T15:46:45.243-0500][gc,cpu         ] GC(16920) User=0.21s Sys=0.00s Real=0.05s
[2020-12-21T15:48:14.299-0500][gc,heap        ] GC(16921) Heap before GC invocations=16921 (full 3447): garbage-first heap   total 64512K, used 51406K [0x0000000083000000, 0x0000000100000000)
[2020-12-21T15:48:14.299-0500][gc,heap        ] GC(16921)   region size 1024K, 8 young (8192K), 0 survivors (0K)
[2020-12-21T15:48:14.299-0500][gc,heap        ] GC(16921)  Metaspace       used 49949K, capacity 52104K, committed 53632K, reserved 1093632K
[2020-12-21T15:48:14.299-0500][gc,heap        ] GC(16921)   class space    used 7422K, capacity 8193K, committed 8832K, reserved 1048576K
[2020-12-21T15:48:14.299-0500][gc,start       ] GC(16921) Pause Young (Normal) (G1 Evacuation Pause)
[2020-12-21T15:48:14.299-0500][gc,task        ] GC(16921) Using 8 workers of 8 for evacuation
[2020-12-21T15:48:14.303-0500][gc,phases      ] GC(16921)   Pre Evacuate Collection Set: 0.0ms
[2020-12-21T15:48:14.303-0500][gc,phases      ] GC(16921)   Evacuate Collection Set: 2.9ms
[2020-12-21T15:48:14.303-0500][gc,phases      ] GC(16921)   Post Evacuate Collection Set: 1.2ms
[2020-12-21T15:48:14.303-0500][gc,phases      ] GC(16921)   Other: 0.2ms
[2020-12-21T15:48:14.303-0500][gc,heap        ] GC(16921) Eden regions: 8->0(7)
[2020-12-21T15:48:14.303-0500][gc,heap        ] GC(16921) Survivor regions: 0->1(1)
[2020-12-21T15:48:14.303-0500][gc,heap        ] GC(16921) Old regions: 43->43
[2020-12-21T15:48:14.303-0500][gc,heap        ] GC(16921) Humongous regions: 4->4
[2020-12-21T15:48:14.303-0500][gc,metaspace   ] GC(16921) Metaspace: 49949K->49949K(1093632K)
[2020-12-21T15:48:14.303-0500][gc,heap        ] GC(16921) Heap after GC invocations=16922 (full 3447): garbage-first heap   total 64512K, used 43444K [0x0000000083000000, 0x0000000100000000)
[2020-12-21T15:48:14.303-0500][gc,heap        ] GC(16921)   region size 1024K, 1 young (1024K), 1 survivors (1024K)
[2020-12-21T15:48:14.303-0500][gc,heap        ] GC(16921)  Metaspace       used 49949K, capacity 52104K, committed 53632K, reserved 1093632K
[2020-12-21T15:48:14.303-0500][gc,heap        ] GC(16921)   class space    used 7422K, capacity 8193K, committed 8832K, reserved 1048576K
[2020-12-21T15:48:14.303-0500][gc             ] GC(16921) Pause Young (Normal) (G1 Evacuation Pause) 50M->42M(63M) 4.385ms
[2020-12-21T15:48:14.303-0500][gc,cpu         ] GC(16921) User=0.02s Sys=0.00s Real=0.00s
[2020-12-21T15:49:36.012-0500][gc,heap        ] GC(16922) Heap before GC invocations=16922 (full 3447): garbage-first heap   total 64512K, used 50612K [0x0000000083000000, 0x0000000100000000)
[2020-12-21T15:49:36.012-0500][gc,heap        ] GC(16922)   region size 1024K, 8 young (8192K), 1 survivors (1024K)
[2020-12-21T15:49:36.012-0500][gc,heap        ] GC(16922)  Metaspace       used 49949K, capacity 52104K, committed 53632K, reserved 1093632K
[2020-12-21T15:49:36.012-0500][gc,heap        ] GC(16922)   class space    used 7422K, capacity 8193K, committed 8832K, reserved 1048576K
[2020-12-21T15:49:36.013-0500][gc,start       ] GC(16922) Pause Young (Normal) (G1 Evacuation Pause)
[2020-12-21T15:49:36.013-0500][gc,task        ] GC(16922) Using 8 workers of 8 for evacuation
[2020-12-21T15:49:36.017-0500][gc,phases      ] GC(16922)   Pre Evacuate Collection Set: 0.0ms
[2020-12-21T15:49:36.017-0500][gc,phases      ] GC(16922)   Evacuate Collection Set: 1.6ms
[2020-12-21T15:49:36.017-0500][gc,phases      ] GC(16922)   Post Evacuate Collection Set: 2.4ms
[2020-12-21T15:49:36.017-0500][gc,phases      ] GC(16922)   Other: 0.4ms
[2020-12-21T15:49:36.017-0500][gc,heap        ] GC(16922) Eden regions: 7->0(7)
[2020-12-21T15:49:36.017-0500][gc,heap        ] GC(16922) Survivor regions: 1->1(1)
[2020-12-21T15:49:36.017-0500][gc,heap        ] GC(16922) Old regions: 43->43
[2020-12-21T15:49:36.017-0500][gc,heap        ] GC(16922) Humongous regions: 4->4
[2020-12-21T15:49:36.017-0500][gc,metaspace   ] GC(16922) Metaspace: 49949K->49949K(1093632K)
[2020-12-21T15:49:36.020-0500][gc,heap        ] GC(16922) Heap after GC invocations=16923 (full 3447): garbage-first heap   total 64512K, used 43288K [0x0000000083000000, 0x0000000100000000)
[2020-12-21T15:49:36.020-0500][gc,heap        ] GC(16922)   region size 1024K, 1 young (1024K), 1 survivors (1024K)
[2020-12-21T15:49:36.020-0500][gc,heap        ] GC(16922)  Metaspace       used 49949K, capacity 52104K, committed 53632K, reserved 1093632K
[2020-12-21T15:49:36.020-0500][gc,heap        ] GC(16922)   class space    used 7422K, capacity 8193K, committed 8832K, reserved 1048576K
[2020-12-21T15:49:36.020-0500][gc             ] GC(16922) Pause Young (Normal) (G1 Evacuation Pause) 49M->42M(63M) 7.189ms
[2020-12-21T15:49:36.020-0500][gc,cpu         ] GC(16922) User=0.01s Sys=0.01s Real=0.01s
[2020-12-21T15:50:54.845-0500][gc,heap        ] GC(16923) Heap before GC invocations=16923 (full 3447): garbage-first heap   total 64512K, used 50456K [0x0000000083000000, 0x0000000100000000)
[2020-12-21T15:50:54.845-0500][gc,heap        ] GC(16923)   region size 1024K, 8 young (8192K), 1 survivors (1024K)
[2020-12-21T15:50:54.845-0500][gc,heap        ] GC(16923)  Metaspace       used 49949K, capacity 52104K, committed 53632K, reserved 1093632K
[2020-12-21T15:50:54.845-0500][gc,heap        ] GC(16923)   class space    used 7422K, capacity 8193K, committed 8832K, reserved 1048576K
[2020-12-21T15:50:54.845-0500][gc,start       ] GC(16923) Pause Young (Normal) (G1 Evacuation Pause)
[2020-12-21T15:50:54.845-0500][gc,task        ] GC(16923) Using 8 workers of 8 for evacuation
[2020-12-21T15:50:54.850-0500][gc,phases      ] GC(16923)   Pre Evacuate Collection Set: 0.0ms
[2020-12-21T15:50:54.850-0500][gc,phases      ] GC(16923)   Evacuate Collection Set: 1.8ms
[2020-12-21T15:50:54.850-0500][gc,phases      ] GC(16923)   Post Evacuate Collection Set: 2.8ms
[2020-12-21T15:50:54.850-0500][gc,phases      ] GC(16923)   Other: 0.5ms
[2020-12-21T15:50:54.850-0500][gc,heap        ] GC(16923) Eden regions: 7->0(7)
[2020-12-21T15:50:54.850-0500][gc,heap        ] GC(16923) Survivor regions: 1->1(1)
[2020-12-21T15:50:54.850-0500][gc,heap        ] GC(16923) Old regions: 43->43
[2020-12-21T15:50:54.850-0500][gc,heap        ] GC(16923) Humongous regions: 4->4
[2020-12-21T15:50:54.850-0500][gc,metaspace   ] GC(16923) Metaspace: 49949K->49949K(1093632K)
[2020-12-21T15:50:54.850-0500][gc,heap        ] GC(16923) Heap after GC invocations=16924 (full 3447): garbage-first heap   total 64512K, used 43258K [0x0000000083000000, 0x0000000100000000)
[2020-12-21T15:50:54.850-0500][gc,heap        ] GC(16923)   region size 1024K, 1 young (1024K), 1 survivors (1024K)
[2020-12-21T15:50:54.850-0500][gc,heap        ] GC(16923)  Metaspace       used 49949K, capacity 52104K, committed 53632K, reserved 1093632K
[2020-12-21T15:50:54.851-0500][gc,heap        ] GC(16923)   class space    used 7422K, capacity 8193K, committed 8832K, reserved 1048576K
[2020-12-21T15:50:54.851-0500][gc             ] GC(16923) Pause Young (Normal) (G1 Evacuation Pause) 49M->42M(63M) 5.149ms
[2020-12-21T15:50:54.851-0500][gc,cpu         ] GC(16923) User=0.01s Sys=0.00s Real=0.01s
[2020-12-21T15:51:45.189-0500][gc,task        ] GC(16924) Using 5 workers of 8 for full compaction
[2020-12-21T15:51:45.189-0500][gc,start       ] GC(16924) Pause Full (System.gc())
[2020-12-21T15:51:45.189-0500][gc,heap        ] GC(16924) Heap before GC invocations=16924 (full 3447): garbage-first heap   total 64512K, used 47354K [0x0000000083000000, 0x0000000100000000)
[2020-12-21T15:51:45.189-0500][gc,heap        ] GC(16924)   region size 1024K, 6 young (6144K), 1 survivors (1024K)
[2020-12-21T15:51:45.189-0500][gc,heap        ] GC(16924)  Metaspace       used 49949K, capacity 52104K, committed 53632K, reserved 1093632K
[2020-12-21T15:51:45.189-0500][gc,heap        ] GC(16924)   class space    used 7422K, capacity 8193K, committed 8832K, reserved 1048576K
[2020-12-21T15:51:45.190-0500][gc,phases,start] GC(16924) Phase 1: Mark live objects
[2020-12-21T15:51:45.239-0500][gc,stringtable ] GC(16924) Cleaned string and symbol table, strings: 33107 processed, 4 removed, symbols: 120816 processed, 0 removed
[2020-12-21T15:51:45.239-0500][gc,phases      ] GC(16924) Phase 1: Mark live objects 48.875ms
[2020-12-21T15:51:45.239-0500][gc,phases,start] GC(16924) Phase 2: Prepare for compaction
[2020-12-21T15:51:45.244-0500][gc,phases      ] GC(16924) Phase 2: Prepare for compaction 4.898ms
[2020-12-21T15:51:45.244-0500][gc,phases,start] GC(16924) Phase 3: Adjust pointers
[2020-12-21T15:51:45.257-0500][gc,phases      ] GC(16924) Phase 3: Adjust pointers 13.214ms
[2020-12-21T15:51:45.257-0500][gc,phases,start] GC(16924) Phase 4: Compact heap
[2020-12-21T15:51:45.260-0500][gc,phases      ] GC(16924) Phase 4: Compact heap 2.731ms
[2020-12-21T15:51:45.267-0500][gc,heap        ] GC(16924) Eden regions: 5->0(9)
[2020-12-21T15:51:45.267-0500][gc,heap        ] GC(16924) Survivor regions: 1->0(1)
[2020-12-21T15:51:45.267-0500][gc,heap        ] GC(16924) Old regions: 43->42
[2020-12-21T15:51:45.267-0500][gc,heap        ] GC(16924) Humongous regions: 4->4
[2020-12-21T15:51:45.267-0500][gc,metaspace   ] GC(16924) Metaspace: 49949K->49949K(1093632K)
[2020-12-21T15:51:45.267-0500][gc,heap        ] GC(16924) Heap after GC invocations=16925 (full 3448): garbage-first heap   total 64512K, used 43216K [0x0000000083000000, 0x0000000100000000)
[2020-12-21T15:51:45.267-0500][gc,heap        ] GC(16924)   region size 1024K, 0 young (0K), 0 survivors (0K)
[2020-12-21T15:51:45.267-0500][gc,heap        ] GC(16924)  Metaspace       used 49949K, capacity 52104K, committed 53632K, reserved 1093632K
[2020-12-21T15:51:45.267-0500][gc,heap        ] GC(16924)   class space    used 7422K, capacity 8193K, committed 8832K, reserved 1048576K
[2020-12-21T15:51:45.267-0500][gc             ] GC(16924) Pause Full (System.gc()) 47M->42M(63M) 77.571ms
[2020-12-21T15:51:45.267-0500][gc,cpu         ] GC(16924) User=0.30s Sys=0.00s Real=0.07s
[2020-12-21T15:53:26.394-0500][gc,heap        ] GC(16925) Heap before GC invocations=16925 (full 3448): garbage-first heap   total 64512K, used 51408K [0x0000000083000000, 0x0000000100000000)
[2020-12-21T15:53:26.395-0500][gc,heap        ] GC(16925)   region size 1024K, 9 young (9216K), 0 survivors (0K)
[2020-12-21T15:53:26.395-0500][gc,heap        ] GC(16925)  Metaspace       used 49949K, capacity 52104K, committed 53632K, reserved 1093632K
[2020-12-21T15:53:26.395-0500][gc,heap        ] GC(16925)   class space    used 7422K, capacity 8193K, committed 8832K, reserved 1048576K
[2020-12-21T15:53:26.395-0500][gc,start       ] GC(16925) Pause Young (Normal) (G1 Evacuation Pause)
[2020-12-21T15:53:26.395-0500][gc,task        ] GC(16925) Using 8 workers of 8 for evacuation
[2020-12-21T15:53:26.396-0500][gc,phases      ] GC(16925)   Pre Evacuate Collection Set: 0.0ms
[2020-12-21T15:53:26.396-0500][gc,phases      ] GC(16925)   Evacuate Collection Set: 0.6ms
[2020-12-21T15:53:26.396-0500][gc,phases      ] GC(16925)   Post Evacuate Collection Set: 0.9ms
[2020-12-21T15:53:26.396-0500][gc,phases      ] GC(16925)   Other: 0.2ms
[2020-12-21T15:53:26.396-0500][gc,heap        ] GC(16925) Eden regions: 9->0(8)
[2020-12-21T15:53:26.396-0500][gc,heap        ] GC(16925) Survivor regions: 0->1(2)
[2020-12-21T15:53:26.396-0500][gc,heap        ] GC(16925) Old regions: 42->42
[2020-12-21T15:53:26.396-0500][gc,heap        ] GC(16925) Humongous regions: 4->4
[2020-12-21T15:53:26.396-0500][gc,metaspace   ] GC(16925) Metaspace: 49949K->49949K(1093632K)
[2020-12-21T15:53:26.396-0500][gc,heap        ] GC(16925) Heap after GC invocations=16926 (full 3448): garbage-first heap   total 64512K, used 43262K [0x0000000083000000, 0x0000000100000000)
[2020-12-21T15:53:26.396-0500][gc,heap        ] GC(16925)   region size 1024K, 1 young (1024K), 1 survivors (1024K)
[2020-12-21T15:53:26.396-0500][gc,heap        ] GC(16925)  Metaspace       used 49949K, capacity 52104K, committed 53632K, reserved 1093632K
[2020-12-21T15:53:26.396-0500][gc,heap        ] GC(16925)   class space    used 7422K, capacity 8193K, committed 8832K, reserved 1048576K
[2020-12-21T15:53:26.396-0500][gc             ] GC(16925) Pause Young (Normal) (G1 Evacuation Pause) 51M->42M(63M) 1.817ms
[2020-12-21T15:53:26.396-0500][gc,cpu         ] GC(16925) User=0.00s Sys=0.00s Real=0.00s
[2020-12-21T15:55:04.971-0500][gc,heap        ] GC(16926) Heap before GC invocations=16926 (full 3448): garbage-first heap   total 64512K, used 50430K [0x0000000083000000, 0x0000000100000000)
[2020-12-21T15:55:04.971-0500][gc,heap        ] GC(16926)   region size 1024K, 9 young (9216K), 1 survivors (1024K)
[2020-12-21T15:55:04.971-0500][gc,heap        ] GC(16926)  Metaspace       used 49949K, capacity 52104K, committed 53632K, reserved 1093632K
[2020-12-21T15:55:04.971-0500][gc,heap        ] GC(16926)   class space    used 7422K, capacity 8193K, committed 8832K, reserved 1048576K
[2020-12-21T15:55:04.971-0500][gc,start       ] GC(16926) Pause Young (Normal) (G1 Evacuation Pause)
[2020-12-21T15:55:04.971-0500][gc,task        ] GC(16926) Using 8 workers of 8 for evacuation
[2020-12-21T15:55:04.974-0500][gc,phases      ] GC(16926)   Pre Evacuate Collection Set: 0.0ms
[2020-12-21T15:55:04.974-0500][gc,phases      ] GC(16926)   Evacuate Collection Set: 1.1ms
[2020-12-21T15:55:04.974-0500][gc,phases      ] GC(16926)   Post Evacuate Collection Set: 1.8ms
[2020-12-21T15:55:04.974-0500][gc,phases      ] GC(16926)   Other: 0.2ms
[2020-12-21T15:55:04.974-0500][gc,heap        ] GC(16926) Eden regions: 8->0(8)
[2020-12-21T15:55:04.974-0500][gc,heap        ] GC(16926) Survivor regions: 1->1(2)
[2020-12-21T15:55:04.974-0500][gc,heap        ] GC(16926) Old regions: 42->42
[2020-12-21T15:55:04.974-0500][gc,heap        ] GC(16926) Humongous regions: 4->4
[2020-12-21T15:55:04.974-0500][gc,metaspace   ] GC(16926) Metaspace: 49949K->49949K(1093632K)
[2020-12-21T15:55:04.974-0500][gc,heap        ] GC(16926) Heap after GC invocations=16927 (full 3448): garbage-first heap   total 64512K, used 43255K [0x0000000083000000, 0x0000000100000000)
[2020-12-21T15:55:04.974-0500][gc,heap        ] GC(16926)   region size 1024K, 1 young (1024K), 1 survivors (1024K)
[2020-12-21T15:55:04.974-0500][gc,heap        ] GC(16926)  Metaspace       used 49949K, capacity 52104K, committed 53632K, reserved 1093632K
[2020-12-21T15:55:04.974-0500][gc,heap        ] GC(16926)   class space    used 7422K, capacity 8193K, committed 8832K, reserved 1048576K
[2020-12-21T15:55:04.974-0500][gc             ] GC(16926) Pause Young (Normal) (G1 Evacuation Pause) 50M->42M(63M) 3.208ms
[2020-12-21T15:55:04.974-0500][gc,cpu         ] GC(16926) User=0.01s Sys=0.01s Real=0.00s
[2020-12-21T15:56:32.910-0500][gc,heap        ] GC(16927) Heap before GC invocations=16927 (full 3448): garbage-first heap   total 64512K, used 50423K [0x0000000083000000, 0x0000000100000000)
[2020-12-21T15:56:32.910-0500][gc,heap        ] GC(16927)   region size 1024K, 9 young (9216K), 1 survivors (1024K)
[2020-12-21T15:56:32.911-0500][gc,heap        ] GC(16927)  Metaspace       used 49949K, capacity 52104K, committed 53632K, reserved 1093632K
[2020-12-21T15:56:32.911-0500][gc,heap        ] GC(16927)   class space    used 7422K, capacity 8193K, committed 8832K, reserved 1048576K
[2020-12-21T15:56:32.911-0500][gc,start       ] GC(16927) Pause Young (Normal) (G1 Evacuation Pause)
[2020-12-21T15:56:32.911-0500][gc,task        ] GC(16927) Using 8 workers of 8 for evacuation
[2020-12-21T15:56:32.931-0500][gc,phases      ] GC(16927)   Pre Evacuate Collection Set: 0.0ms
[2020-12-21T15:56:32.931-0500][gc,phases      ] GC(16927)   Evacuate Collection Set: 5.3ms
[2020-12-21T15:56:32.932-0500][gc,phases      ] GC(16927)   Post Evacuate Collection Set: 14.8ms
[2020-12-21T15:56:32.932-0500][gc,phases      ] GC(16927)   Other: 0.7ms
[2020-12-21T15:56:32.932-0500][gc,heap        ] GC(16927) Eden regions: 8->0(8)
[2020-12-21T15:56:32.932-0500][gc,heap        ] GC(16927) Survivor regions: 1->1(2)
[2020-12-21T15:56:32.932-0500][gc,heap        ] GC(16927) Old regions: 42->42
[2020-12-21T15:56:32.932-0500][gc,heap        ] GC(16927) Humongous regions: 4->4
[2020-12-21T15:56:32.932-0500][gc,metaspace   ] GC(16927) Metaspace: 49949K->49949K(1093632K)
[2020-12-21T15:56:32.932-0500][gc,heap        ] GC(16927) Heap after GC invocations=16928 (full 3448): garbage-first heap   total 64512K, used 43291K [0x0000000083000000, 0x0000000100000000)
[2020-12-21T15:56:32.932-0500][gc,heap        ] GC(16927)   region size 1024K, 1 young (1024K), 1 survivors (1024K)
[2020-12-21T15:56:32.932-0500][gc,heap        ] GC(16927)  Metaspace       used 49949K, capacity 52104K, committed 53632K, reserved 1093632K
[2020-12-21T15:56:32.932-0500][gc,heap        ] GC(16927)   class space    used 7422K, capacity 8193K, committed 8832K, reserved 1048576K
[2020-12-21T15:56:32.932-0500][gc             ] GC(16927) Pause Young (Normal) (G1 Evacuation Pause) 50M->42M(63M) 21.482ms
[2020-12-21T15:56:32.932-0500][gc,cpu         ] GC(16927) User=0.03s Sys=0.01s Real=0.02s
[2020-12-21T15:56:45.189-0500][gc,task        ] GC(16928) Using 5 workers of 8 for full compaction
[2020-12-21T15:56:45.189-0500][gc,start       ] GC(16928) Pause Full (System.gc())
[2020-12-21T15:56:45.190-0500][gc,heap        ] GC(16928) Heap before GC invocations=16928 (full 3448): garbage-first heap   total 64512K, used 43291K [0x0000000083000000, 0x0000000100000000)
[2020-12-21T15:56:45.190-0500][gc,heap        ] GC(16928)   region size 1024K, 2 young (2048K), 1 survivors (1024K)
[2020-12-21T15:56:45.190-0500][gc,heap        ] GC(16928)  Metaspace       used 49949K, capacity 52104K, committed 53632K, reserved 1093632K
[2020-12-21T15:56:45.190-0500][gc,heap        ] GC(16928)   class space    used 7422K, capacity 8193K, committed 8832K, reserved 1048576K
[2020-12-21T15:56:45.190-0500][gc,phases,start] GC(16928) Phase 1: Mark live objects
[2020-12-21T15:56:45.231-0500][gc,stringtable ] GC(16928) Cleaned string and symbol table, strings: 33107 processed, 4 removed, symbols: 120816 processed, 0 removed
[2020-12-21T15:56:45.231-0500][gc,phases      ] GC(16928) Phase 1: Mark live objects 40.780ms
[2020-12-21T15:56:45.231-0500][gc,phases,start] GC(16928) Phase 2: Prepare for compaction
[2020-12-21T15:56:45.238-0500][gc,phases      ] GC(16928) Phase 2: Prepare for compaction 6.867ms
[2020-12-21T15:56:45.238-0500][gc,phases,start] GC(16928) Phase 3: Adjust pointers
[2020-12-21T15:56:45.252-0500][gc,phases      ] GC(16928) Phase 3: Adjust pointers 14.263ms
[2020-12-21T15:56:45.252-0500][gc,phases,start] GC(16928) Phase 4: Compact heap
[2020-12-21T15:56:45.256-0500][gc,phases      ] GC(16928) Phase 4: Compact heap 4.104ms
[2020-12-21T15:56:45.263-0500][gc,heap        ] GC(16928) Eden regions: 1->0(10)
[2020-12-21T15:56:45.263-0500][gc,heap        ] GC(16928) Survivor regions: 1->0(2)
[2020-12-21T15:56:45.263-0500][gc,heap        ] GC(16928) Old regions: 42->41
[2020-12-21T15:56:45.263-0500][gc,heap        ] GC(16928) Humongous regions: 4->4
[2020-12-21T15:56:45.263-0500][gc,metaspace   ] GC(16928) Metaspace: 49949K->49949K(1093632K)
[2020-12-21T15:56:45.263-0500][gc,heap        ] GC(16928) Heap after GC invocations=16929 (full 3449): garbage-first heap   total 64512K, used 43204K [0x0000000083000000, 0x0000000100000000)
[2020-12-21T15:56:45.263-0500][gc,heap        ] GC(16928)   region size 1024K, 0 young (0K), 0 survivors (0K)
[2020-12-21T15:56:45.263-0500][gc,heap        ] GC(16928)  Metaspace       used 49949K, capacity 52104K, committed 53632K, reserved 1093632K
[2020-12-21T15:56:45.263-0500][gc,heap        ] GC(16928)   class space    used 7422K, capacity 8193K, committed 8832K, reserved 1048576K
[2020-12-21T15:56:45.263-0500][gc             ] GC(16928) Pause Full (System.gc()) 43M->42M(63M) 73.278ms
[2020-12-21T15:56:45.263-0500][gc,cpu         ] GC(16928) User=0.32s Sys=0.00s Real=0.07s
[2020-12-21T15:58:36.012-0500][gc,heap        ] GC(16929) Heap before GC invocations=16929 (full 3449): garbage-first heap   total 64512K, used 52420K [0x0000000083000000, 0x0000000100000000)
[2020-12-21T15:58:36.012-0500][gc,heap        ] GC(16929)   region size 1024K, 10 young (10240K), 0 survivors (0K)
[2020-12-21T15:58:36.012-0500][gc,heap        ] GC(16929)  Metaspace       used 49949K, capacity 52104K, committed 53632K, reserved 1093632K
[2020-12-21T15:58:36.012-0500][gc,heap        ] GC(16929)   class space    used 7422K, capacity 8193K, committed 8832K, reserved 1048576K
[2020-12-21T15:58:36.012-0500][gc,start       ] GC(16929) Pause Young (Normal) (G1 Evacuation Pause)
[2020-12-21T15:58:36.012-0500][gc,task        ] GC(16929) Using 8 workers of 8 for evacuation
[2020-12-21T15:58:36.014-0500][gc,phases      ] GC(16929)   Pre Evacuate Collection Set: 0.0ms
[2020-12-21T15:58:36.014-0500][gc,phases      ] GC(16929)   Evacuate Collection Set: 0.6ms
[2020-12-21T15:58:36.014-0500][gc,phases      ] GC(16929)   Post Evacuate Collection Set: 0.7ms
[2020-12-21T15:58:36.014-0500][gc,phases      ] GC(16929)   Other: 0.3ms
[2020-12-21T15:58:36.014-0500][gc,heap        ] GC(16929) Eden regions: 10->0(9)
[2020-12-21T15:58:36.014-0500][gc,heap        ] GC(16929) Survivor regions: 0->1(2)
[2020-12-21T15:58:36.014-0500][gc,heap        ] GC(16929) Old regions: 41->41
[2020-12-21T15:58:36.014-0500][gc,heap        ] GC(16929) Humongous regions: 4->4
[2020-12-21T15:58:36.014-0500][gc,metaspace   ] GC(16929) Metaspace: 49949K->49949K(1093632K)
[2020-12-21T15:58:36.014-0500][gc,heap        ] GC(16929) Heap after GC invocations=16930 (full 3449): garbage-first heap   total 64512K, used 43262K [0x0000000083000000, 0x0000000100000000)
[2020-12-21T15:58:36.014-0500][gc,heap        ] GC(16929)   region size 1024K, 1 young (1024K), 1 survivors (1024K)
[2020-12-21T15:58:36.014-0500][gc,heap        ] GC(16929)  Metaspace       used 49949K, capacity 52104K, committed 53632K, reserved 1093632K
[2020-12-21T15:58:36.014-0500][gc,heap        ] GC(16929)   class space    used 7422K, capacity 8193K, committed 8832K, reserved 1048576K
[2020-12-21T15:58:36.014-0500][gc             ] GC(16929) Pause Young (Normal) (G1 Evacuation Pause) 52M->42M(63M) 1.557ms
[2020-12-21T15:58:36.014-0500][gc,cpu         ] GC(16929) User=0.00s Sys=0.01s Real=0.00s
[2020-12-21T16:00:16.192-0500][gc,heap        ] GC(16930) Heap before GC invocations=16930 (full 3449): garbage-first heap   total 64512K, used 51454K [0x0000000083000000, 0x0000000100000000)
[2020-12-21T16:00:16.192-0500][gc,heap        ] GC(16930)   region size 1024K, 10 young (10240K), 1 survivors (1024K)
[2020-12-21T16:00:16.192-0500][gc,heap        ] GC(16930)  Metaspace       used 49949K, capacity 52104K, committed 53632K, reserved 1093632K
[2020-12-21T16:00:16.192-0500][gc,heap        ] GC(16930)   class space    used 7422K, capacity 8193K, committed 8832K, reserved 1048576K
[2020-12-21T16:00:16.192-0500][gc,start       ] GC(16930) Pause Young (Normal) (G1 Evacuation Pause)
[2020-12-21T16:00:16.192-0500][gc,task        ] GC(16930) Using 8 workers of 8 for evacuation
[2020-12-21T16:00:16.194-0500][gc,phases      ] GC(16930)   Pre Evacuate Collection Set: 0.0ms
[2020-12-21T16:00:16.194-0500][gc,phases      ] GC(16930)   Evacuate Collection Set: 0.7ms
[2020-12-21T16:00:16.194-0500][gc,phases      ] GC(16930)   Post Evacuate Collection Set: 1.0ms
[2020-12-21T16:00:16.194-0500][gc,phases      ] GC(16930)   Other: 0.2ms
[2020-12-21T16:00:16.194-0500][gc,heap        ] GC(16930) Eden regions: 9->0(9)
[2020-12-21T16:00:16.194-0500][gc,heap        ] GC(16930) Survivor regions: 1->1(2)
[2020-12-21T16:00:16.194-0500][gc,heap        ] GC(16930) Old regions: 41->41
[2020-12-21T16:00:16.194-0500][gc,heap        ] GC(16930) Humongous regions: 4->4
[2020-12-21T16:00:16.194-0500][gc,metaspace   ] GC(16930) Metaspace: 49949K->49949K(1093632K)
[2020-12-21T16:00:16.194-0500][gc,heap        ] GC(16930) Heap after GC invocations=16931 (full 3449): garbage-first heap   total 64512K, used 43286K [0x0000000083000000, 0x0000000100000000)
[2020-12-21T16:00:16.194-0500][gc,heap        ] GC(16930)   region size 1024K, 1 young (1024K), 1 survivors (1024K)
[2020-12-21T16:00:16.194-0500][gc,heap        ] GC(16930)  Metaspace       used 49949K, capacity 52104K, committed 53632K, reserved 1093632K
[2020-12-21T16:00:16.194-0500][gc,heap        ] GC(16930)   class space    used 7422K, capacity 8193K, committed 8832K, reserved 1048576K
[2020-12-21T16:00:16.194-0500][gc             ] GC(16930) Pause Young (Normal) (G1 Evacuation Pause) 51M->42M(63M) 1.957ms
[2020-12-21T16:00:16.194-0500][gc,cpu         ] GC(16930) User=0.00s Sys=0.00s Real=0.00s
[2020-12-21T16:01:45.190-0500][gc,task        ] GC(16931) Using 5 workers of 8 for full compaction
[2020-12-21T16:01:45.191-0500][gc,start       ] GC(16931) Pause Full (System.gc())
[2020-12-21T16:01:45.191-0500][gc,heap        ] GC(16931) Heap before GC invocations=16931 (full 3449): garbage-first heap   total 64512K, used 50454K [0x0000000083000000, 0x0000000100000000)
[2020-12-21T16:01:45.191-0500][gc,heap        ] GC(16931)   region size 1024K, 9 young (9216K), 1 survivors (1024K)
[2020-12-21T16:01:45.191-0500][gc,heap        ] GC(16931)  Metaspace       used 49949K, capacity 52104K, committed 53632K, reserved 1093632K
[2020-12-21T16:01:45.191-0500][gc,heap        ] GC(16931)   class space    used 7422K, capacity 8193K, committed 8832K, reserved 1048576K
[2020-12-21T16:01:45.191-0500][gc,phases,start] GC(16931) Phase 1: Mark live objects
[2020-12-21T16:01:45.230-0500][gc,stringtable ] GC(16931) Cleaned string and symbol table, strings: 33107 processed, 4 removed, symbols: 120816 processed, 0 removed
[2020-12-21T16:01:45.230-0500][gc,phases      ] GC(16931) Phase 1: Mark live objects 38.944ms
[2020-12-21T16:01:45.230-0500][gc,phases,start] GC(16931) Phase 2: Prepare for compaction
[2020-12-21T16:01:45.235-0500][gc,phases      ] GC(16931) Phase 2: Prepare for compaction 4.572ms
[2020-12-21T16:01:45.235-0500][gc,phases,start] GC(16931) Phase 3: Adjust pointers
[2020-12-21T16:01:45.249-0500][gc,phases      ] GC(16931) Phase 3: Adjust pointers 13.953ms
[2020-12-21T16:01:45.249-0500][gc,phases,start] GC(16931) Phase 4: Compact heap
[2020-12-21T16:01:45.252-0500][gc,phases      ] GC(16931) Phase 4: Compact heap 2.945ms
[2020-12-21T16:01:45.258-0500][gc,heap        ] GC(16931) Eden regions: 8->0(9)
[2020-12-21T16:01:45.258-0500][gc,heap        ] GC(16931) Survivor regions: 1->0(2)
[2020-12-21T16:01:45.258-0500][gc,heap        ] GC(16931) Old regions: 41->42
[2020-12-21T16:01:45.258-0500][gc,heap        ] GC(16931) Humongous regions: 4->4
[2020-12-21T16:01:45.258-0500][gc,metaspace   ] GC(16931) Metaspace: 49949K->49949K(1093632K)
[2020-12-21T16:01:45.258-0500][gc,heap        ] GC(16931) Heap after GC invocations=16932 (full 3450): garbage-first heap   total 64512K, used 43217K [0x0000000083000000, 0x0000000100000000)
[2020-12-21T16:01:45.258-0500][gc,heap        ] GC(16931)   region size 1024K, 0 young (0K), 0 survivors (0K)
[2020-12-21T16:01:45.258-0500][gc,heap        ] GC(16931)  Metaspace       used 49949K, capacity 52104K, committed 53632K, reserved 1093632K
[2020-12-21T16:01:45.258-0500][gc,heap        ] GC(16931)   class space    used 7422K, capacity 8193K, committed 8832K, reserved 1048576K
[2020-12-21T16:01:45.258-0500][gc             ] GC(16931) Pause Full (System.gc()) 49M->42M(63M) 67.689ms
[2020-12-21T16:01:45.258-0500][gc,cpu         ] GC(16931) User=0.29s Sys=0.00s Real=0.07s
[2020-12-21T16:03:16.643-0500][gc,heap        ] GC(16932) Heap before GC invocations=16932 (full 3450): garbage-first heap   total 64512K, used 51409K [0x0000000083000000, 0x0000000100000000)
[2020-12-21T16:03:16.644-0500][gc,heap        ] GC(16932)   region size 1024K, 9 young (9216K), 0 survivors (0K)
[2020-12-21T16:03:16.644-0500][gc,heap        ] GC(16932)  Metaspace       used 49949K, capacity 52104K, committed 53632K, reserved 1093632K
[2020-12-21T16:03:16.644-0500][gc,heap        ] GC(16932)   class space    used 7422K, capacity 8193K, committed 8832K, reserved 1048576K
[2020-12-21T16:03:16.644-0500][gc,start       ] GC(16932) Pause Young (Normal) (G1 Evacuation Pause)
[2020-12-21T16:03:16.644-0500][gc,task        ] GC(16932) Using 8 workers of 8 for evacuation
[2020-12-21T16:03:16.645-0500][gc,phases      ] GC(16932)   Pre Evacuate Collection Set: 0.0ms
[2020-12-21T16:03:16.646-0500][gc,phases      ] GC(16932)   Evacuate Collection Set: 0.7ms
[2020-12-21T16:03:16.646-0500][gc,phases      ] GC(16932)   Post Evacuate Collection Set: 1.1ms
[2020-12-21T16:03:16.646-0500][gc,phases      ] GC(16932)   Other: 0.2ms
[2020-12-21T16:03:16.646-0500][gc,heap        ] GC(16932) Eden regions: 9->0(8)
[2020-12-21T16:03:16.646-0500][gc,heap        ] GC(16932) Survivor regions: 0->1(2)
[2020-12-21T16:03:16.646-0500][gc,heap        ] GC(16932) Old regions: 42->42
[2020-12-21T16:03:16.646-0500][gc,heap        ] GC(16932) Humongous regions: 4->4
[2020-12-21T16:03:16.646-0500][gc,metaspace   ] GC(16932) Metaspace: 49949K->49949K(1093632K)
[2020-12-21T16:03:16.646-0500][gc,heap        ] GC(16932) Heap after GC invocations=16933 (full 3450): garbage-first heap   total 64512K, used 43445K [0x0000000083000000, 0x0000000100000000)
[2020-12-21T16:03:16.646-0500][gc,heap        ] GC(16932)   region size 1024K, 1 young (1024K), 1 survivors (1024K)
[2020-12-21T16:03:16.646-0500][gc,heap        ] GC(16932)  Metaspace       used 49949K, capacity 52104K, committed 53632K, reserved 1093632K
[2020-12-21T16:03:16.646-0500][gc,heap        ] GC(16932)   class space    used 7422K, capacity 8193K, committed 8832K, reserved 1048576K
[2020-12-21T16:03:16.646-0500][gc             ] GC(16932) Pause Young (Normal) (G1 Evacuation Pause) 51M->42M(63M) 2.081ms
[2020-12-21T16:03:16.646-0500][gc,cpu         ] GC(16932) User=0.00s Sys=0.00s Real=0.00s
[2020-12-21T16:04:54.724-0500][gc,heap        ] GC(16933) Heap before GC invocations=16933 (full 3450): garbage-first heap   total 64512K, used 51637K [0x0000000083000000, 0x0000000100000000)
[2020-12-21T16:04:54.724-0500][gc,heap        ] GC(16933)   region size 1024K, 9 young (9216K), 1 survivors (1024K)
[2020-12-21T16:04:54.724-0500][gc,heap        ] GC(16933)  Metaspace       used 49949K, capacity 52104K, committed 53632K, reserved 1093632K
[2020-12-21T16:04:54.724-0500][gc,heap        ] GC(16933)   class space    used 7422K, capacity 8193K, committed 8832K, reserved 1048576K
[2020-12-21T16:04:54.724-0500][gc,start       ] GC(16933) Pause Young (Normal) (G1 Evacuation Pause)
[2020-12-21T16:04:54.724-0500][gc,task        ] GC(16933) Using 8 workers of 8 for evacuation
[2020-12-21T16:04:54.731-0500][gc,phases      ] GC(16933)   Pre Evacuate Collection Set: 0.0ms
[2020-12-21T16:04:54.731-0500][gc,phases      ] GC(16933)   Evacuate Collection Set: 4.2ms
[2020-12-21T16:04:54.731-0500][gc,phases      ] GC(16933)   Post Evacuate Collection Set: 2.6ms
[2020-12-21T16:04:54.731-0500][gc,phases      ] GC(16933)   Other: 0.4ms
[2020-12-21T16:04:54.731-0500][gc,heap        ] GC(16933) Eden regions: 8->0(8)
[2020-12-21T16:04:54.731-0500][gc,heap        ] GC(16933) Survivor regions: 1->1(2)
[2020-12-21T16:04:54.731-0500][gc,heap        ] GC(16933) Old regions: 42->42
[2020-12-21T16:04:54.731-0500][gc,heap        ] GC(16933) Humongous regions: 4->4
[2020-12-21T16:04:54.731-0500][gc,metaspace   ] GC(16933) Metaspace: 49949K->49949K(1093632K)
[2020-12-21T16:04:54.731-0500][gc,heap        ] GC(16933) Heap after GC invocations=16934 (full 3450): garbage-first heap   total 64512K, used 43268K [0x0000000083000000, 0x0000000100000000)
[2020-12-21T16:04:54.731-0500][gc,heap        ] GC(16933)   region size 1024K, 1 young (1024K), 1 survivors (1024K)
[2020-12-21T16:04:54.731-0500][gc,heap        ] GC(16933)  Metaspace       used 49949K, capacity 52104K, committed 53632K, reserved 1093632K
[2020-12-21T16:04:54.732-0500][gc,heap        ] GC(16933)   class space    used 7422K, capacity 8193K, committed 8832K, reserved 1048576K
[2020-12-21T16:04:54.732-0500][gc             ] GC(16933) Pause Young (Normal) (G1 Evacuation Pause) 50M->42M(63M) 7.394ms
[2020-12-21T16:04:54.732-0500][gc,cpu         ] GC(16933) User=0.02s Sys=0.01s Real=0.01s
[2020-12-21T16:06:17.124-0500][gc,heap        ] GC(16934) Heap before GC invocations=16934 (full 3450): garbage-first heap   total 64512K, used 50436K [0x0000000083000000, 0x0000000100000000)
[2020-12-21T16:06:17.125-0500][gc,heap        ] GC(16934)   region size 1024K, 9 young (9216K), 1 survivors (1024K)
[2020-12-21T16:06:17.125-0500][gc,heap        ] GC(16934)  Metaspace       used 49949K, capacity 52104K, committed 53632K, reserved 1093632K
[2020-12-21T16:06:17.125-0500][gc,heap        ] GC(16934)   class space    used 7422K, capacity 8193K, committed 8832K, reserved 1048576K
[2020-12-21T16:06:17.125-0500][gc,start       ] GC(16934) Pause Young (Normal) (G1 Evacuation Pause)
[2020-12-21T16:06:17.125-0500][gc,task        ] GC(16934) Using 8 workers of 8 for evacuation
[2020-12-21T16:06:17.128-0500][gc,phases      ] GC(16934)   Pre Evacuate Collection Set: 0.1ms
[2020-12-21T16:06:17.128-0500][gc,phases      ] GC(16934)   Evacuate Collection Set: 1.3ms
[2020-12-21T16:06:17.128-0500][gc,phases      ] GC(16934)   Post Evacuate Collection Set: 2.0ms
[2020-12-21T16:06:17.128-0500][gc,phases      ] GC(16934)   Other: 0.3ms
[2020-12-21T16:06:17.128-0500][gc,heap        ] GC(16934) Eden regions: 8->0(8)
[2020-12-21T16:06:17.128-0500][gc,heap        ] GC(16934) Survivor regions: 1->1(2)
[2020-12-21T16:06:17.128-0500][gc,heap        ] GC(16934) Old regions: 42->42
[2020-12-21T16:06:17.128-0500][gc,heap        ] GC(16934) Humongous regions: 4->4
[2020-12-21T16:06:17.128-0500][gc,metaspace   ] GC(16934) Metaspace: 49949K->49949K(1093632K)
[2020-12-21T16:06:17.128-0500][gc,heap        ] GC(16934) Heap after GC invocations=16935 (full 3450): garbage-first heap   total 64512K, used 43396K [0x0000000083000000, 0x0000000100000000)
[2020-12-21T16:06:17.128-0500][gc,heap        ] GC(16934)   region size 1024K, 1 young (1024K), 1 survivors (1024K)
[2020-12-21T16:06:17.128-0500][gc,heap        ] GC(16934)  Metaspace       used 49949K, capacity 52104K, committed 53632K, reserved 1093632K
[2020-12-21T16:06:17.128-0500][gc,heap        ] GC(16934)   class space    used 7422K, capacity 8193K, committed 8832K, reserved 1048576K
[2020-12-21T16:06:17.128-0500][gc             ] GC(16934) Pause Young (Normal) (G1 Evacuation Pause) 50M->42M(63M) 3.778ms
[2020-12-21T16:06:17.128-0500][gc,cpu         ] GC(16934) User=0.00s Sys=0.01s Real=0.01s
[2020-12-21T16:06:45.189-0500][gc,task        ] GC(16935) Using 5 workers of 8 for full compaction
[2020-12-21T16:06:45.189-0500][gc,start       ] GC(16935) Pause Full (System.gc())
[2020-12-21T16:06:45.189-0500][gc,heap        ] GC(16935) Heap before GC invocations=16935 (full 3450): garbage-first heap   total 64512K, used 44420K [0x0000000083000000, 0x0000000100000000)
[2020-12-21T16:06:45.189-0500][gc,heap        ] GC(16935)   region size 1024K, 3 young (3072K), 1 survivors (1024K)
[2020-12-21T16:06:45.189-0500][gc,heap        ] GC(16935)  Metaspace       used 49949K, capacity 52104K, committed 53632K, reserved 1093632K
[2020-12-21T16:06:45.189-0500][gc,heap        ] GC(16935)   class space    used 7422K, capacity 8193K, committed 8832K, reserved 1048576K
[2020-12-21T16:06:45.189-0500][gc,phases,start] GC(16935) Phase 1: Mark live objects
[2020-12-21T16:06:45.221-0500][gc,stringtable ] GC(16935) Cleaned string and symbol table, strings: 33107 processed, 4 removed, symbols: 120816 processed, 0 removed
[2020-12-21T16:06:45.221-0500][gc,phases      ] GC(16935) Phase 1: Mark live objects 31.820ms
[2020-12-21T16:06:45.221-0500][gc,phases,start] GC(16935) Phase 2: Prepare for compaction
[2020-12-21T16:06:45.225-0500][gc,phases      ] GC(16935) Phase 2: Prepare for compaction 3.543ms
[2020-12-21T16:06:45.225-0500][gc,phases,start] GC(16935) Phase 3: Adjust pointers
[2020-12-21T16:06:45.236-0500][gc,phases      ] GC(16935) Phase 3: Adjust pointers 11.482ms
[2020-12-21T16:06:45.236-0500][gc,phases,start] GC(16935) Phase 4: Compact heap
[2020-12-21T16:06:45.239-0500][gc,phases      ] GC(16935) Phase 4: Compact heap 2.819ms
[2020-12-21T16:06:45.246-0500][gc,heap        ] GC(16935) Eden regions: 2->0(10)
[2020-12-21T16:06:45.246-0500][gc,heap        ] GC(16935) Survivor regions: 1->0(2)
[2020-12-21T16:06:45.246-0500][gc,heap        ] GC(16935) Old regions: 42->41
[2020-12-21T16:06:45.246-0500][gc,heap        ] GC(16935) Humongous regions: 4->4
[2020-12-21T16:06:45.246-0500][gc,metaspace   ] GC(16935) Metaspace: 49949K->49949K(1093632K)
[2020-12-21T16:06:45.246-0500][gc,heap        ] GC(16935) Heap after GC invocations=16936 (full 3451): garbage-first heap   total 64512K, used 43204K [0x0000000083000000, 0x0000000100000000)
[2020-12-21T16:06:45.246-0500][gc,heap        ] GC(16935)   region size 1024K, 0 young (0K), 0 survivors (0K)
[2020-12-21T16:06:45.246-0500][gc,heap        ] GC(16935)  Metaspace       used 49949K, capacity 52104K, committed 53632K, reserved 1093632K
[2020-12-21T16:06:45.246-0500][gc,heap        ] GC(16935)   class space    used 7422K, capacity 8193K, committed 8832K, reserved 1048576K
[2020-12-21T16:06:45.246-0500][gc             ] GC(16935) Pause Full (System.gc()) 44M->42M(63M) 56.909ms
[2020-12-21T16:06:45.246-0500][gc,cpu         ] GC(16935) User=0.23s Sys=0.00s Real=0.05s
[2020-12-21T16:08:34.925-0500][gc,heap        ] GC(16936) Heap before GC invocations=16936 (full 3451): garbage-first heap   total 64512K, used 52420K [0x0000000083000000, 0x0000000100000000)
[2020-12-21T16:08:34.925-0500][gc,heap        ] GC(16936)   region size 1024K, 10 young (10240K), 0 survivors (0K)
[2020-12-21T16:08:34.925-0500][gc,heap        ] GC(16936)  Metaspace       used 49949K, capacity 52104K, committed 53632K, reserved 1093632K
[2020-12-21T16:08:34.925-0500][gc,heap        ] GC(16936)   class space    used 7422K, capacity 8193K, committed 8832K, reserved 1048576K
[2020-12-21T16:08:34.925-0500][gc,start       ] GC(16936) Pause Young (Normal) (G1 Evacuation Pause)
[2020-12-21T16:08:34.925-0500][gc,task        ] GC(16936) Using 8 workers of 8 for evacuation
[2020-12-21T16:08:34.929-0500][gc,phases      ] GC(16936)   Pre Evacuate Collection Set: 0.0ms
[2020-12-21T16:08:34.929-0500][gc,phases      ] GC(16936)   Evacuate Collection Set: 2.6ms
[2020-12-21T16:08:34.929-0500][gc,phases      ] GC(16936)   Post Evacuate Collection Set: 1.3ms
[2020-12-21T16:08:34.929-0500][gc,phases      ] GC(16936)   Other: 0.3ms
[2020-12-21T16:08:34.929-0500][gc,heap        ] GC(16936) Eden regions: 10->0(9)
[2020-12-21T16:08:34.929-0500][gc,heap        ] GC(16936) Survivor regions: 0->1(2)
[2020-12-21T16:08:34.929-0500][gc,heap        ] GC(16936) Old regions: 41->41
[2020-12-21T16:08:34.929-0500][gc,heap        ] GC(16936) Humongous regions: 4->4
[2020-12-21T16:08:34.929-0500][gc,metaspace   ] GC(16936) Metaspace: 49949K->49949K(1093632K)
[2020-12-21T16:08:34.929-0500][gc,heap        ] GC(16936) Heap after GC invocations=16937 (full 3451): garbage-first heap   total 64512K, used 43263K [0x0000000083000000, 0x0000000100000000)
[2020-12-21T16:08:34.929-0500][gc,heap        ] GC(16936)   region size 1024K, 1 young (1024K), 1 survivors (1024K)
[2020-12-21T16:08:34.929-0500][gc,heap        ] GC(16936)  Metaspace       used 49949K, capacity 52104K, committed 53632K, reserved 1093632K
[2020-12-21T16:08:34.929-0500][gc,heap        ] GC(16936)   class space    used 7422K, capacity 8193K, committed 8832K, reserved 1048576K
[2020-12-21T16:08:34.929-0500][gc             ] GC(16936) Pause Young (Normal) (G1 Evacuation Pause) 52M->42M(63M) 4.310ms
[2020-12-21T16:08:34.929-0500][gc,cpu         ] GC(16936) User=0.01s Sys=0.00s Real=0.01s
[2020-12-21T16:10:16.016-0500][gc,heap        ] GC(16937) Heap before GC invocations=16937 (full 3451): garbage-first heap   total 64512K, used 51455K [0x0000000083000000, 0x0000000100000000)
[2020-12-21T16:10:16.016-0500][gc,heap        ] GC(16937)   region size 1024K, 10 young (10240K), 1 survivors (1024K)
[2020-12-21T16:10:16.016-0500][gc,heap        ] GC(16937)  Metaspace       used 49949K, capacity 52104K, committed 53632K, reserved 1093632K
[2020-12-21T16:10:16.016-0500][gc,heap        ] GC(16937)   class space    used 7422K, capacity 8193K, committed 8832K, reserved 1048576K
[2020-12-21T16:10:16.016-0500][gc,start       ] GC(16937) Pause Young (Normal) (G1 Evacuation Pause)
[2020-12-21T16:10:16.016-0500][gc,task        ] GC(16937) Using 8 workers of 8 for evacuation
[2020-12-21T16:10:16.022-0500][gc,phases      ] GC(16937)   Pre Evacuate Collection Set: 0.0ms
[2020-12-21T16:10:16.022-0500][gc,phases      ] GC(16937)   Evacuate Collection Set: 3.3ms
[2020-12-21T16:10:16.022-0500][gc,phases      ] GC(16937)   Post Evacuate Collection Set: 2.6ms
[2020-12-21T16:10:16.022-0500][gc,phases      ] GC(16937)   Other: 0.5ms
[2020-12-21T16:10:16.022-0500][gc,heap        ] GC(16937) Eden regions: 9->0(9)
[2020-12-21T16:10:16.022-0500][gc,heap        ] GC(16937) Survivor regions: 1->1(2)
[2020-12-21T16:10:16.022-0500][gc,heap        ] GC(16937) Old regions: 41->41
[2020-12-21T16:10:16.022-0500][gc,heap        ] GC(16937) Humongous regions: 4->4
[2020-12-21T16:10:16.022-0500][gc,metaspace   ] GC(16937) Metaspace: 49949K->49949K(1093632K)
[2020-12-21T16:10:16.022-0500][gc,heap        ] GC(16937) Heap after GC invocations=16938 (full 3451): garbage-first heap   total 64512K, used 43289K [0x0000000083000000, 0x0000000100000000)
[2020-12-21T16:10:16.022-0500][gc,heap        ] GC(16937)   region size 1024K, 1 young (1024K), 1 survivors (1024K)
[2020-12-21T16:10:16.022-0500][gc,heap        ] GC(16937)  Metaspace       used 49949K, capacity 52104K, committed 53632K, reserved 1093632K
[2020-12-21T16:10:16.022-0500][gc,heap        ] GC(16937)   class space    used 7422K, capacity 8193K, committed 8832K, reserved 1048576K
[2020-12-21T16:10:16.022-0500][gc             ] GC(16937) Pause Young (Normal) (G1 Evacuation Pause) 51M->42M(63M) 6.507ms
[2020-12-21T16:10:16.023-0500][gc,cpu         ] GC(16937) User=0.03s Sys=0.00s Real=0.01s
[2020-12-21T16:11:45.192-0500][gc,task        ] GC(16938) Using 5 workers of 8 for full compaction
[2020-12-21T16:11:45.192-0500][gc,start       ] GC(16938) Pause Full (System.gc())
[2020-12-21T16:11:45.192-0500][gc,heap        ] GC(16938) Heap before GC invocations=16938 (full 3451): garbage-first heap   total 64512K, used 49433K [0x0000000083000000, 0x0000000100000000)
[2020-12-21T16:11:45.192-0500][gc,heap        ] GC(16938)   region size 1024K, 9 young (9216K), 1 survivors (1024K)
[2020-12-21T16:11:45.192-0500][gc,heap        ] GC(16938)  Metaspace       used 49949K, capacity 52104K, committed 53632K, reserved 1093632K
[2020-12-21T16:11:45.192-0500][gc,heap        ] GC(16938)   class space    used 7422K, capacity 8193K, committed 8832K, reserved 1048576K
[2020-12-21T16:11:45.192-0500][gc,phases,start] GC(16938) Phase 1: Mark live objects
[2020-12-21T16:11:45.233-0500][gc,stringtable ] GC(16938) Cleaned string and symbol table, strings: 33107 processed, 4 removed, symbols: 120816 processed, 0 removed
[2020-12-21T16:11:45.233-0500][gc,phases      ] GC(16938) Phase 1: Mark live objects 40.652ms
[2020-12-21T16:11:45.233-0500][gc,phases,start] GC(16938) Phase 2: Prepare for compaction
[2020-12-21T16:11:45.238-0500][gc,phases      ] GC(16938) Phase 2: Prepare for compaction 4.973ms
[2020-12-21T16:11:45.238-0500][gc,phases,start] GC(16938) Phase 3: Adjust pointers
[2020-12-21T16:11:45.252-0500][gc,phases      ] GC(16938) Phase 3: Adjust pointers 13.642ms
[2020-12-21T16:11:45.252-0500][gc,phases,start] GC(16938) Phase 4: Compact heap
[2020-12-21T16:11:45.255-0500][gc,phases      ] GC(16938) Phase 4: Compact heap 3.313ms
[2020-12-21T16:11:45.262-0500][gc,heap        ] GC(16938) Eden regions: 8->0(10)
[2020-12-21T16:11:45.262-0500][gc,heap        ] GC(16938) Survivor regions: 1->0(2)
[2020-12-21T16:11:45.262-0500][gc,heap        ] GC(16938) Old regions: 41->41
[2020-12-21T16:11:45.262-0500][gc,heap        ] GC(16938) Humongous regions: 4->4
[2020-12-21T16:11:45.262-0500][gc,metaspace   ] GC(16938) Metaspace: 49949K->49949K(1093632K)
[2020-12-21T16:11:45.262-0500][gc,heap        ] GC(16938) Heap after GC invocations=16939 (full 3452): garbage-first heap   total 64512K, used 43216K [0x0000000083000000, 0x0000000100000000)
[2020-12-21T16:11:45.262-0500][gc,heap        ] GC(16938)   region size 1024K, 0 young (0K), 0 survivors (0K)
[2020-12-21T16:11:45.262-0500][gc,heap        ] GC(16938)  Metaspace       used 49949K, capacity 52104K, committed 53632K, reserved 1093632K
[2020-12-21T16:11:45.262-0500][gc,heap        ] GC(16938)   class space    used 7422K, capacity 8193K, committed 8832K, reserved 1048576K
[2020-12-21T16:11:45.262-0500][gc             ] GC(16938) Pause Full (System.gc()) 49M->42M(63M) 69.947ms
[2020-12-21T16:11:45.262-0500][gc,cpu         ] GC(16938) User=0.30s Sys=0.00s Real=0.07s
[2020-12-21T16:13:36.012-0500][gc,heap        ] GC(16939) Heap before GC invocations=16939 (full 3452): garbage-first heap   total 64512K, used 52432K [0x0000000083000000, 0x0000000100000000)
[2020-12-21T16:13:36.012-0500][gc,heap        ] GC(16939)   region size 1024K, 10 young (10240K), 0 survivors (0K)
[2020-12-21T16:13:36.012-0500][gc,heap        ] GC(16939)  Metaspace       used 49949K, capacity 52104K, committed 53632K, reserved 1093632K
[2020-12-21T16:13:36.012-0500][gc,heap        ] GC(16939)   class space    used 7422K, capacity 8193K, committed 8832K, reserved 1048576K
[2020-12-21T16:13:36.012-0500][gc,start       ] GC(16939) Pause Young (Normal) (G1 Evacuation Pause)
[2020-12-21T16:13:36.012-0500][gc,task        ] GC(16939) Using 8 workers of 8 for evacuation
[2020-12-21T16:13:36.014-0500][gc,phases      ] GC(16939)   Pre Evacuate Collection Set: 0.0ms
[2020-12-21T16:13:36.014-0500][gc,phases      ] GC(16939)   Evacuate Collection Set: 0.7ms
[2020-12-21T16:13:36.014-0500][gc,phases      ] GC(16939)   Post Evacuate Collection Set: 1.7ms
[2020-12-21T16:13:36.014-0500][gc,phases      ] GC(16939)   Other: 0.3ms
[2020-12-21T16:13:36.014-0500][gc,heap        ] GC(16939) Eden regions: 10->0(9)
[2020-12-21T16:13:36.014-0500][gc,heap        ] GC(16939) Survivor regions: 0->1(2)
[2020-12-21T16:13:36.014-0500][gc,heap        ] GC(16939) Old regions: 41->41
[2020-12-21T16:13:36.014-0500][gc,heap        ] GC(16939) Humongous regions: 4->4
[2020-12-21T16:13:36.014-0500][gc,metaspace   ] GC(16939) Metaspace: 49949K->49949K(1093632K)
[2020-12-21T16:13:36.014-0500][gc,heap        ] GC(16939) Heap after GC invocations=16940 (full 3452): garbage-first heap   total 64512K, used 43292K [0x0000000083000000, 0x0000000100000000)
[2020-12-21T16:13:36.014-0500][gc,heap        ] GC(16939)   region size 1024K, 1 young (1024K), 1 survivors (1024K)
[2020-12-21T16:13:36.014-0500][gc,heap        ] GC(16939)  Metaspace       used 49949K, capacity 52104K, committed 53632K, reserved 1093632K
[2020-12-21T16:13:36.015-0500][gc,heap        ] GC(16939)   class space    used 7422K, capacity 8193K, committed 8832K, reserved 1048576K
[2020-12-21T16:13:36.015-0500][gc             ] GC(16939) Pause Young (Normal) (G1 Evacuation Pause) 52M->42M(63M) 2.760ms
[2020-12-21T16:13:36.015-0500][gc,cpu         ] GC(16939) User=0.00s Sys=0.00s Real=0.00s
[2020-12-21T16:15:16.011-0500][gc,heap        ] GC(16940) Heap before GC invocations=16940 (full 3452): garbage-first heap   total 64512K, used 52508K [0x0000000083000000, 0x0000000100000000)
[2020-12-21T16:15:16.011-0500][gc,heap        ] GC(16940)   region size 1024K, 10 young (10240K), 1 survivors (1024K)
[2020-12-21T16:15:16.011-0500][gc,heap        ] GC(16940)  Metaspace       used 49949K, capacity 52104K, committed 53632K, reserved 1093632K
[2020-12-21T16:15:16.011-0500][gc,heap        ] GC(16940)   class space    used 7422K, capacity 8193K, committed 8832K, reserved 1048576K
[2020-12-21T16:15:16.011-0500][gc,start       ] GC(16940) Pause Young (Normal) (G1 Evacuation Pause)
[2020-12-21T16:15:16.011-0500][gc,task        ] GC(16940) Using 8 workers of 8 for evacuation
[2020-12-21T16:15:16.015-0500][gc,phases      ] GC(16940)   Pre Evacuate Collection Set: 0.0ms
[2020-12-21T16:15:16.015-0500][gc,phases      ] GC(16940)   Evacuate Collection Set: 0.6ms
[2020-12-21T16:15:16.015-0500][gc,phases      ] GC(16940)   Post Evacuate Collection Set: 3.4ms
[2020-12-21T16:15:16.015-0500][gc,phases      ] GC(16940)   Other: 0.2ms
[2020-12-21T16:15:16.015-0500][gc,heap        ] GC(16940) Eden regions: 9->0(9)
[2020-12-21T16:15:16.015-0500][gc,heap        ] GC(16940) Survivor regions: 1->1(2)
[2020-12-21T16:15:16.015-0500][gc,heap        ] GC(16940) Old regions: 41->41
[2020-12-21T16:15:16.015-0500][gc,heap        ] GC(16940) Humongous regions: 4->4
[2020-12-21T16:15:16.015-0500][gc,metaspace   ] GC(16940) Metaspace: 49949K->49949K(1093632K)
[2020-12-21T16:15:16.015-0500][gc,heap        ] GC(16940) Heap after GC invocations=16941 (full 3452): garbage-first heap   total 64512K, used 43286K [0x0000000083000000, 0x0000000100000000)
[2020-12-21T16:15:16.015-0500][gc,heap        ] GC(16940)   region size 1024K, 1 young (1024K), 1 survivors (1024K)
[2020-12-21T16:15:16.015-0500][gc,heap        ] GC(16940)  Metaspace       used 49949K, capacity 52104K, committed 53632K, reserved 1093632K
[2020-12-21T16:15:16.015-0500][gc,heap        ] GC(16940)   class space    used 7422K, capacity 8193K, committed 8832K, reserved 1048576K
[2020-12-21T16:15:16.015-0500][gc             ] GC(16940) Pause Young (Normal) (G1 Evacuation Pause) 51M->42M(63M) 4.261ms
[2020-12-21T16:15:16.016-0500][gc,cpu         ] GC(16940) User=0.02s Sys=0.00s Real=0.00s
[2020-12-21T16:16:45.189-0500][gc,task        ] GC(16941) Using 5 workers of 8 for full compaction
[2020-12-21T16:16:45.189-0500][gc,start       ] GC(16941) Pause Full (System.gc())
[2020-12-21T16:16:45.189-0500][gc,heap        ] GC(16941) Heap before GC invocations=16941 (full 3452): garbage-first heap   total 64512K, used 50454K [0x0000000083000000, 0x0000000100000000)
[2020-12-21T16:16:45.189-0500][gc,heap        ] GC(16941)   region size 1024K, 9 young (9216K), 1 survivors (1024K)
[2020-12-21T16:16:45.189-0500][gc,heap        ] GC(16941)  Metaspace       used 49949K, capacity 52104K, committed 53632K, reserved 1093632K
[2020-12-21T16:16:45.190-0500][gc,heap        ] GC(16941)   class space    used 7422K, capacity 8193K, committed 8832K, reserved 1048576K
[2020-12-21T16:16:45.190-0500][gc,phases,start] GC(16941) Phase 1: Mark live objects
[2020-12-21T16:16:45.231-0500][gc,stringtable ] GC(16941) Cleaned string and symbol table, strings: 33107 processed, 4 removed, symbols: 120816 processed, 0 removed
[2020-12-21T16:16:45.231-0500][gc,phases      ] GC(16941) Phase 1: Mark live objects 40.936ms
[2020-12-21T16:16:45.231-0500][gc,phases,start] GC(16941) Phase 2: Prepare for compaction
[2020-12-21T16:16:45.234-0500][gc,phases      ] GC(16941) Phase 2: Prepare for compaction 3.353ms
[2020-12-21T16:16:45.234-0500][gc,phases,start] GC(16941) Phase 3: Adjust pointers
[2020-12-21T16:16:45.245-0500][gc,phases      ] GC(16941) Phase 3: Adjust pointers 10.897ms
[2020-12-21T16:16:45.245-0500][gc,phases,start] GC(16941) Phase 4: Compact heap
[2020-12-21T16:16:45.248-0500][gc,phases      ] GC(16941) Phase 4: Compact heap 2.371ms
[2020-12-21T16:16:45.254-0500][gc,heap        ] GC(16941) Eden regions: 8->0(9)
[2020-12-21T16:16:45.254-0500][gc,heap        ] GC(16941) Survivor regions: 1->0(2)
[2020-12-21T16:16:45.254-0500][gc,heap        ] GC(16941) Old regions: 41->42
[2020-12-21T16:16:45.254-0500][gc,heap        ] GC(16941) Humongous regions: 4->4
[2020-12-21T16:16:45.254-0500][gc,metaspace   ] GC(16941) Metaspace: 49949K->49949K(1093632K)
[2020-12-21T16:16:45.254-0500][gc,heap        ] GC(16941) Heap after GC invocations=16942 (full 3453): garbage-first heap   total 64512K, used 43225K [0x0000000083000000, 0x0000000100000000)
[2020-12-21T16:16:45.254-0500][gc,heap        ] GC(16941)   region size 1024K, 0 young (0K), 0 survivors (0K)
[2020-12-21T16:16:45.254-0500][gc,heap        ] GC(16941)  Metaspace       used 49949K, capacity 52104K, committed 53632K, reserved 1093632K
[2020-12-21T16:16:45.254-0500][gc,heap        ] GC(16941)   class space    used 7422K, capacity 8193K, committed 8832K, reserved 1048576K
[2020-12-21T16:16:45.254-0500][gc             ] GC(16941) Pause Full (System.gc()) 50M->42M(63M) 64.370ms
[2020-12-21T16:16:45.254-0500][gc,cpu         ] GC(16941) User=0.27s Sys=0.00s Real=0.06s
[2020-12-21T16:18:19.212-0500][gc,heap        ] GC(16942) Heap before GC invocations=16942 (full 3453): garbage-first heap   total 64512K, used 51417K [0x0000000083000000, 0x0000000100000000)
[2020-12-21T16:18:19.212-0500][gc,heap        ] GC(16942)   region size 1024K, 9 young (9216K), 0 survivors (0K)
[2020-12-21T16:18:19.212-0500][gc,heap        ] GC(16942)  Metaspace       used 49949K, capacity 52104K, committed 53632K, reserved 1093632K
[2020-12-21T16:18:19.212-0500][gc,heap        ] GC(16942)   class space    used 7422K, capacity 8193K, committed 8832K, reserved 1048576K
[2020-12-21T16:18:19.212-0500][gc,start       ] GC(16942) Pause Young (Normal) (G1 Evacuation Pause)
[2020-12-21T16:18:19.212-0500][gc,task        ] GC(16942) Using 8 workers of 8 for evacuation
[2020-12-21T16:18:19.214-0500][gc,phases      ] GC(16942)   Pre Evacuate Collection Set: 0.0ms
[2020-12-21T16:18:19.214-0500][gc,phases      ] GC(16942)   Evacuate Collection Set: 0.8ms
[2020-12-21T16:18:19.214-0500][gc,phases      ] GC(16942)   Post Evacuate Collection Set: 1.1ms
[2020-12-21T16:18:19.214-0500][gc,phases      ] GC(16942)   Other: 0.3ms
[2020-12-21T16:18:19.214-0500][gc,heap        ] GC(16942) Eden regions: 9->0(8)
[2020-12-21T16:18:19.214-0500][gc,heap        ] GC(16942) Survivor regions: 0->1(2)
[2020-12-21T16:18:19.214-0500][gc,heap        ] GC(16942) Old regions: 42->42
[2020-12-21T16:18:19.214-0500][gc,heap        ] GC(16942) Humongous regions: 4->4
[2020-12-21T16:18:19.214-0500][gc,metaspace   ] GC(16942) Metaspace: 49949K->49949K(1093632K)
[2020-12-21T16:18:19.214-0500][gc,heap        ] GC(16942) Heap after GC invocations=16943 (full 3453): garbage-first heap   total 64512K, used 43416K [0x0000000083000000, 0x0000000100000000)
[2020-12-21T16:18:19.214-0500][gc,heap        ] GC(16942)   region size 1024K, 1 young (1024K), 1 survivors (1024K)
[2020-12-21T16:18:19.214-0500][gc,heap        ] GC(16942)  Metaspace       used 49949K, capacity 52104K, committed 53632K, reserved 1093632K
[2020-12-21T16:18:19.214-0500][gc,heap        ] GC(16942)   class space    used 7422K, capacity 8193K, committed 8832K, reserved 1048576K
[2020-12-21T16:18:19.214-0500][gc             ] GC(16942) Pause Young (Normal) (G1 Evacuation Pause) 51M->42M(63M) 2.166ms
[2020-12-21T16:18:19.214-0500][gc,cpu         ] GC(16942) User=0.01s Sys=0.00s Real=0.00s
[2020-12-21T16:19:55.514-0500][gc,heap        ] GC(16943) Heap before GC invocations=16943 (full 3453): garbage-first heap   total 64512K, used 50584K [0x0000000083000000, 0x0000000100000000)
[2020-12-21T16:19:55.514-0500][gc,heap        ] GC(16943)   region size 1024K, 9 young (9216K), 1 survivors (1024K)
[2020-12-21T16:19:55.514-0500][gc,heap        ] GC(16943)  Metaspace       used 49949K, capacity 52104K, committed 53632K, reserved 1093632K
[2020-12-21T16:19:55.514-0500][gc,heap        ] GC(16943)   class space    used 7422K, capacity 8193K, committed 8832K, reserved 1048576K
[2020-12-21T16:19:55.514-0500][gc,start       ] GC(16943) Pause Young (Normal) (G1 Evacuation Pause)
[2020-12-21T16:19:55.514-0500][gc,task        ] GC(16943) Using 8 workers of 8 for evacuation
[2020-12-21T16:19:55.518-0500][gc,phases      ] GC(16943)   Pre Evacuate Collection Set: 0.0ms
[2020-12-21T16:19:55.518-0500][gc,phases      ] GC(16943)   Evacuate Collection Set: 0.7ms
[2020-12-21T16:19:55.518-0500][gc,phases      ] GC(16943)   Post Evacuate Collection Set: 3.1ms
[2020-12-21T16:19:55.518-0500][gc,phases      ] GC(16943)   Other: 0.2ms
[2020-12-21T16:19:55.518-0500][gc,heap        ] GC(16943) Eden regions: 8->0(8)
[2020-12-21T16:19:55.518-0500][gc,heap        ] GC(16943) Survivor regions: 1->1(2)
[2020-12-21T16:19:55.518-0500][gc,heap        ] GC(16943) Old regions: 42->42
[2020-12-21T16:19:55.518-0500][gc,heap        ] GC(16943) Humongous regions: 4->4
[2020-12-21T16:19:55.518-0500][gc,metaspace   ] GC(16943) Metaspace: 49949K->49949K(1093632K)
[2020-12-21T16:19:55.518-0500][gc,heap        ] GC(16943) Heap after GC invocations=16944 (full 3453): garbage-first heap   total 64512K, used 43274K [0x0000000083000000, 0x0000000100000000)
[2020-12-21T16:19:55.518-0500][gc,heap        ] GC(16943)   region size 1024K, 1 young (1024K), 1 survivors (1024K)
[2020-12-21T16:19:55.518-0500][gc,heap        ] GC(16943)  Metaspace       used 49949K, capacity 52104K, committed 53632K, reserved 1093632K
[2020-12-21T16:19:55.518-0500][gc,heap        ] GC(16943)   class space    used 7422K, capacity 8193K, committed 8832K, reserved 1048576K
[2020-12-21T16:19:55.518-0500][gc             ] GC(16943) Pause Young (Normal) (G1 Evacuation Pause) 50M->42M(63M) 4.054ms
[2020-12-21T16:19:55.518-0500][gc,cpu         ] GC(16943) User=0.02s Sys=0.00s Real=0.01s
[2020-12-21T16:21:25.766-0500][gc,heap        ] GC(16944) Heap before GC invocations=16944 (full 3453): garbage-first heap   total 64512K, used 51466K [0x0000000083000000, 0x0000000100000000)
[2020-12-21T16:21:25.766-0500][gc,heap        ] GC(16944)   region size 1024K, 9 young (9216K), 1 survivors (1024K)
[2020-12-21T16:21:25.766-0500][gc,heap        ] GC(16944)  Metaspace       used 49949K, capacity 52104K, committed 53632K, reserved 1093632K
[2020-12-21T16:21:25.766-0500][gc,heap        ] GC(16944)   class space    used 7422K, capacity 8193K, committed 8832K, reserved 1048576K
[2020-12-21T16:21:25.766-0500][gc,start       ] GC(16944) Pause Young (Normal) (G1 Evacuation Pause)
[2020-12-21T16:21:25.766-0500][gc,task        ] GC(16944) Using 8 workers of 8 for evacuation
[2020-12-21T16:21:25.772-0500][gc,phases      ] GC(16944)   Pre Evacuate Collection Set: 0.0ms
[2020-12-21T16:21:25.772-0500][gc,phases      ] GC(16944)   Evacuate Collection Set: 3.0ms
[2020-12-21T16:21:25.772-0500][gc,phases      ] GC(16944)   Post Evacuate Collection Set: 2.2ms
[2020-12-21T16:21:25.772-0500][gc,phases      ] GC(16944)   Other: 0.5ms
[2020-12-21T16:21:25.772-0500][gc,heap        ] GC(16944) Eden regions: 8->0(8)
[2020-12-21T16:21:25.772-0500][gc,heap        ] GC(16944) Survivor regions: 1->1(2)
[2020-12-21T16:21:25.772-0500][gc,heap        ] GC(16944) Old regions: 42->42
[2020-12-21T16:21:25.772-0500][gc,heap        ] GC(16944) Humongous regions: 4->4
[2020-12-21T16:21:25.772-0500][gc,metaspace   ] GC(16944) Metaspace: 49949K->49949K(1093632K)
[2020-12-21T16:21:25.772-0500][gc,heap        ] GC(16944) Heap after GC invocations=16945 (full 3453): garbage-first heap   total 64512K, used 43274K [0x0000000083000000, 0x0000000100000000)
[2020-12-21T16:21:25.772-0500][gc,heap        ] GC(16944)   region size 1024K, 1 young (1024K), 1 survivors (1024K)
[2020-12-21T16:21:25.772-0500][gc,heap        ] GC(16944)  Metaspace       used 49949K, capacity 52104K, committed 53632K, reserved 1093632K
[2020-12-21T16:21:25.772-0500][gc,heap        ] GC(16944)   class space    used 7422K, capacity 8193K, committed 8832K, reserved 1048576K
[2020-12-21T16:21:25.772-0500][gc             ] GC(16944) Pause Young (Normal) (G1 Evacuation Pause) 50M->42M(63M) 5.889ms
[2020-12-21T16:21:25.772-0500][gc,cpu         ] GC(16944) User=0.02s Sys=0.00s Real=0.01s
[2020-12-21T16:21:45.191-0500][gc,task        ] GC(16945) Using 5 workers of 8 for full compaction
[2020-12-21T16:21:45.191-0500][gc,start       ] GC(16945) Pause Full (System.gc())
[2020-12-21T16:21:45.191-0500][gc,heap        ] GC(16945) Heap before GC invocations=16945 (full 3453): garbage-first heap   total 64512K, used 44298K [0x0000000083000000, 0x0000000100000000)
[2020-12-21T16:21:45.191-0500][gc,heap        ] GC(16945)   region size 1024K, 3 young (3072K), 1 survivors (1024K)
[2020-12-21T16:21:45.191-0500][gc,heap        ] GC(16945)  Metaspace       used 49949K, capacity 52104K, committed 53632K, reserved 1093632K
[2020-12-21T16:21:45.191-0500][gc,heap        ] GC(16945)   class space    used 7422K, capacity 8193K, committed 8832K, reserved 1048576K
[2020-12-21T16:21:45.191-0500][gc,phases,start] GC(16945) Phase 1: Mark live objects
[2020-12-21T16:21:45.217-0500][gc,stringtable ] GC(16945) Cleaned string and symbol table, strings: 33107 processed, 4 removed, symbols: 120816 processed, 0 removed
[2020-12-21T16:21:45.217-0500][gc,phases      ] GC(16945) Phase 1: Mark live objects 25.322ms
[2020-12-21T16:21:45.217-0500][gc,phases,start] GC(16945) Phase 2: Prepare for compaction
[2020-12-21T16:21:45.221-0500][gc,phases      ] GC(16945) Phase 2: Prepare for compaction 4.078ms
[2020-12-21T16:21:45.221-0500][gc,phases,start] GC(16945) Phase 3: Adjust pointers
[2020-12-21T16:21:45.234-0500][gc,phases      ] GC(16945) Phase 3: Adjust pointers 13.379ms
[2020-12-21T16:21:45.234-0500][gc,phases,start] GC(16945) Phase 4: Compact heap
[2020-12-21T16:21:45.238-0500][gc,phases      ] GC(16945) Phase 4: Compact heap 3.500ms
[2020-12-21T16:21:45.245-0500][gc,heap        ] GC(16945) Eden regions: 2->0(10)
[2020-12-21T16:21:45.245-0500][gc,heap        ] GC(16945) Survivor regions: 1->0(2)
[2020-12-21T16:21:45.245-0500][gc,heap        ] GC(16945) Old regions: 42->41
[2020-12-21T16:21:45.245-0500][gc,heap        ] GC(16945) Humongous regions: 4->4
[2020-12-21T16:21:45.245-0500][gc,metaspace   ] GC(16945) Metaspace: 49949K->49949K(1093632K)
[2020-12-21T16:21:45.245-0500][gc,heap        ] GC(16945) Heap after GC invocations=16946 (full 3454): garbage-first heap   total 64512K, used 43197K [0x0000000083000000, 0x0000000100000000)
[2020-12-21T16:21:45.245-0500][gc,heap        ] GC(16945)   region size 1024K, 0 young (0K), 0 survivors (0K)
[2020-12-21T16:21:45.245-0500][gc,heap        ] GC(16945)  Metaspace       used 49949K, capacity 52104K, committed 53632K, reserved 1093632K
[2020-12-21T16:21:45.245-0500][gc,heap        ] GC(16945)   class space    used 7422K, capacity 8193K, committed 8832K, reserved 1048576K
[2020-12-21T16:21:45.245-0500][gc             ] GC(16945) Pause Full (System.gc()) 43M->42M(63M) 54.291ms
[2020-12-21T16:21:45.246-0500][gc,cpu         ] GC(16945) User=0.21s Sys=0.00s Real=0.05s
[2020-12-21T16:23:25.848-0500][gc,heap        ] GC(16946) Heap before GC invocations=16946 (full 3454): garbage-first heap   total 64512K, used 52413K [0x0000000083000000, 0x0000000100000000)
[2020-12-21T16:23:25.848-0500][gc,heap        ] GC(16946)   region size 1024K, 10 young (10240K), 0 survivors (0K)
[2020-12-21T16:23:25.848-0500][gc,heap        ] GC(16946)  Metaspace       used 49949K, capacity 52104K, committed 53632K, reserved 1093632K
[2020-12-21T16:23:25.848-0500][gc,heap        ] GC(16946)   class space    used 7422K, capacity 8193K, committed 8832K, reserved 1048576K
[2020-12-21T16:23:25.848-0500][gc,start       ] GC(16946) Pause Young (Normal) (G1 Evacuation Pause)
[2020-12-21T16:23:25.848-0500][gc,task        ] GC(16946) Using 8 workers of 8 for evacuation
[2020-12-21T16:23:25.852-0500][gc,phases      ] GC(16946)   Pre Evacuate Collection Set: 0.0ms
[2020-12-21T16:23:25.852-0500][gc,phases      ] GC(16946)   Evacuate Collection Set: 1.7ms
[2020-12-21T16:23:25.852-0500][gc,phases      ] GC(16946)   Post Evacuate Collection Set: 2.2ms
[2020-12-21T16:23:25.852-0500][gc,phases      ] GC(16946)   Other: 0.4ms
[2020-12-21T16:23:25.852-0500][gc,heap        ] GC(16946) Eden regions: 10->0(9)
[2020-12-21T16:23:25.852-0500][gc,heap        ] GC(16946) Survivor regions: 0->1(2)
[2020-12-21T16:23:25.852-0500][gc,heap        ] GC(16946) Old regions: 41->41
[2020-12-21T16:23:25.852-0500][gc,heap        ] GC(16946) Humongous regions: 4->4
[2020-12-21T16:23:25.852-0500][gc,metaspace   ] GC(16946) Metaspace: 49949K->49949K(1093632K)
[2020-12-21T16:23:25.852-0500][gc,heap        ] GC(16946) Heap after GC invocations=16947 (full 3454): garbage-first heap   total 64512K, used 43260K [0x0000000083000000, 0x0000000100000000)
[2020-12-21T16:23:25.852-0500][gc,heap        ] GC(16946)   region size 1024K, 1 young (1024K), 1 survivors (1024K)
[2020-12-21T16:23:25.852-0500][gc,heap        ] GC(16946)  Metaspace       used 49949K, capacity 52104K, committed 53632K, reserved 1093632K
[2020-12-21T16:23:25.852-0500][gc,heap        ] GC(16946)   class space    used 7422K, capacity 8193K, committed 8832K, reserved 1048576K
[2020-12-21T16:23:25.852-0500][gc             ] GC(16946) Pause Young (Normal) (G1 Evacuation Pause) 52M->42M(63M) 4.477ms
[2020-12-21T16:23:25.852-0500][gc,cpu         ] GC(16946) User=0.01s Sys=0.00s Real=0.01s
[2020-12-21T16:25:06.013-0500][gc,heap        ] GC(16947) Heap before GC invocations=16947 (full 3454): garbage-first heap   total 64512K, used 51452K [0x0000000083000000, 0x0000000100000000)
[2020-12-21T16:25:06.013-0500][gc,heap        ] GC(16947)   region size 1024K, 10 young (10240K), 1 survivors (1024K)
[2020-12-21T16:25:06.013-0500][gc,heap        ] GC(16947)  Metaspace       used 49949K, capacity 52104K, committed 53632K, reserved 1093632K
[2020-12-21T16:25:06.013-0500][gc,heap        ] GC(16947)   class space    used 7422K, capacity 8193K, committed 8832K, reserved 1048576K
[2020-12-21T16:25:06.013-0500][gc,start       ] GC(16947) Pause Young (Normal) (G1 Evacuation Pause)
[2020-12-21T16:25:06.013-0500][gc,task        ] GC(16947) Using 8 workers of 8 for evacuation
[2020-12-21T16:25:06.018-0500][gc,phases      ] GC(16947)   Pre Evacuate Collection Set: 0.0ms
[2020-12-21T16:25:06.019-0500][gc,phases      ] GC(16947)   Evacuate Collection Set: 2.0ms
[2020-12-21T16:25:06.019-0500][gc,phases      ] GC(16947)   Post Evacuate Collection Set: 2.8ms
[2020-12-21T16:25:06.019-0500][gc,phases      ] GC(16947)   Other: 0.6ms
[2020-12-21T16:25:06.019-0500][gc,heap        ] GC(16947) Eden regions: 9->0(9)
[2020-12-21T16:25:06.019-0500][gc,heap        ] GC(16947) Survivor regions: 1->1(2)
[2020-12-21T16:25:06.019-0500][gc,heap        ] GC(16947) Old regions: 41->41
[2020-12-21T16:25:06.019-0500][gc,heap        ] GC(16947) Humongous regions: 4->4
[2020-12-21T16:25:06.019-0500][gc,metaspace   ] GC(16947) Metaspace: 49949K->49949K(1093632K)
[2020-12-21T16:25:06.019-0500][gc,heap        ] GC(16947) Heap after GC invocations=16948 (full 3454): garbage-first heap   total 64512K, used 43285K [0x0000000083000000, 0x0000000100000000)
[2020-12-21T16:25:06.019-0500][gc,heap        ] GC(16947)   region size 1024K, 1 young (1024K), 1 survivors (1024K)
[2020-12-21T16:25:06.019-0500][gc,heap        ] GC(16947)  Metaspace       used 49949K, capacity 52104K, committed 53632K, reserved 1093632K
[2020-12-21T16:25:06.019-0500][gc,heap        ] GC(16947)   class space    used 7422K, capacity 8193K, committed 8832K, reserved 1048576K
[2020-12-21T16:25:06.019-0500][gc             ] GC(16947) Pause Young (Normal) (G1 Evacuation Pause) 51M->42M(63M) 5.542ms
[2020-12-21T16:25:06.019-0500][gc,cpu         ] GC(16947) User=0.00s Sys=0.01s Real=0.01s
[2020-12-21T16:26:45.189-0500][gc,task        ] GC(16948) Using 5 workers of 8 for full compaction
[2020-12-21T16:26:45.189-0500][gc,start       ] GC(16948) Pause Full (System.gc())
[2020-12-21T16:26:45.189-0500][gc,heap        ] GC(16948) Heap before GC invocations=16948 (full 3454): garbage-first heap   total 64512K, used 50453K [0x0000000083000000, 0x0000000100000000)
[2020-12-21T16:26:45.189-0500][gc,heap        ] GC(16948)   region size 1024K, 10 young (10240K), 1 survivors (1024K)
[2020-12-21T16:26:45.189-0500][gc,heap        ] GC(16948)  Metaspace       used 49949K, capacity 52104K, committed 53632K, reserved 1093632K
[2020-12-21T16:26:45.189-0500][gc,heap        ] GC(16948)   class space    used 7422K, capacity 8193K, committed 8832K, reserved 1048576K
[2020-12-21T16:26:45.190-0500][gc,phases,start] GC(16948) Phase 1: Mark live objects
[2020-12-21T16:26:45.215-0500][gc,stringtable ] GC(16948) Cleaned string and symbol table, strings: 33107 processed, 4 removed, symbols: 120816 processed, 0 removed
[2020-12-21T16:26:45.215-0500][gc,phases      ] GC(16948) Phase 1: Mark live objects 25.314ms
[2020-12-21T16:26:45.215-0500][gc,phases,start] GC(16948) Phase 2: Prepare for compaction
[2020-12-21T16:26:45.220-0500][gc,phases      ] GC(16948) Phase 2: Prepare for compaction 4.827ms
[2020-12-21T16:26:45.220-0500][gc,phases,start] GC(16948) Phase 3: Adjust pointers
[2020-12-21T16:26:45.232-0500][gc,phases      ] GC(16948) Phase 3: Adjust pointers 12.339ms
[2020-12-21T16:26:45.232-0500][gc,phases,start] GC(16948) Phase 4: Compact heap
[2020-12-21T16:26:45.236-0500][gc,phases      ] GC(16948) Phase 4: Compact heap 4.188ms
[2020-12-21T16:26:45.244-0500][gc,heap        ] GC(16948) Eden regions: 9->0(9)
[2020-12-21T16:26:45.244-0500][gc,heap        ] GC(16948) Survivor regions: 1->0(2)
[2020-12-21T16:26:45.244-0500][gc,heap        ] GC(16948) Old regions: 41->42
[2020-12-21T16:26:45.244-0500][gc,heap        ] GC(16948) Humongous regions: 4->4
[2020-12-21T16:26:45.244-0500][gc,metaspace   ] GC(16948) Metaspace: 49949K->49949K(1093632K)
[2020-12-21T16:26:45.244-0500][gc,heap        ] GC(16948) Heap after GC invocations=16949 (full 3455): garbage-first heap   total 64512K, used 43223K [0x0000000083000000, 0x0000000100000000)
[2020-12-21T16:26:45.244-0500][gc,heap        ] GC(16948)   region size 1024K, 0 young (0K), 0 survivors (0K)
[2020-12-21T16:26:45.244-0500][gc,heap        ] GC(16948)  Metaspace       used 49949K, capacity 52104K, committed 53632K, reserved 1093632K
[2020-12-21T16:26:45.244-0500][gc,heap        ] GC(16948)   class space    used 7422K, capacity 8193K, committed 8832K, reserved 1048576K
[2020-12-21T16:26:45.244-0500][gc             ] GC(16948) Pause Full (System.gc()) 50M->42M(63M) 55.162ms
[2020-12-21T16:26:45.244-0500][gc,cpu         ] GC(16948) User=0.22s Sys=0.00s Real=0.05s
[2020-12-21T16:28:20.883-0500][gc,heap        ] GC(16949) Heap before GC invocations=16949 (full 3455): garbage-first heap   total 64512K, used 51415K [0x0000000083000000, 0x0000000100000000)
[2020-12-21T16:28:20.883-0500][gc,heap        ] GC(16949)   region size 1024K, 9 young (9216K), 0 survivors (0K)
[2020-12-21T16:28:20.883-0500][gc,heap        ] GC(16949)  Metaspace       used 49949K, capacity 52104K, committed 53632K, reserved 1093632K
[2020-12-21T16:28:20.883-0500][gc,heap        ] GC(16949)   class space    used 7422K, capacity 8193K, committed 8832K, reserved 1048576K
[2020-12-21T16:28:20.883-0500][gc,start       ] GC(16949) Pause Young (Normal) (G1 Evacuation Pause)
[2020-12-21T16:28:20.883-0500][gc,task        ] GC(16949) Using 8 workers of 8 for evacuation
[2020-12-21T16:28:20.887-0500][gc,phases      ] GC(16949)   Pre Evacuate Collection Set: 0.0ms
[2020-12-21T16:28:20.888-0500][gc,phases      ] GC(16949)   Evacuate Collection Set: 2.7ms
[2020-12-21T16:28:20.888-0500][gc,phases      ] GC(16949)   Post Evacuate Collection Set: 1.4ms
[2020-12-21T16:28:20.888-0500][gc,phases      ] GC(16949)   Other: 0.2ms
[2020-12-21T16:28:20.888-0500][gc,heap        ] GC(16949) Eden regions: 9->0(8)
[2020-12-21T16:28:20.888-0500][gc,heap        ] GC(16949) Survivor regions: 0->1(2)
[2020-12-21T16:28:20.888-0500][gc,heap        ] GC(16949) Old regions: 42->42
[2020-12-21T16:28:20.888-0500][gc,heap        ] GC(16949) Humongous regions: 4->4
[2020-12-21T16:28:20.888-0500][gc,metaspace   ] GC(16949) Metaspace: 49949K->49949K(1093632K)
[2020-12-21T16:28:20.888-0500][gc,heap        ] GC(16949) Heap after GC invocations=16950 (full 3455): garbage-first heap   total 64512K, used 43445K [0x0000000083000000, 0x0000000100000000)
[2020-12-21T16:28:20.888-0500][gc,heap        ] GC(16949)   region size 1024K, 1 young (1024K), 1 survivors (1024K)
[2020-12-21T16:28:20.888-0500][gc,heap        ] GC(16949)  Metaspace       used 49949K, capacity 52104K, committed 53632K, reserved 1093632K
[2020-12-21T16:28:20.888-0500][gc,heap        ] GC(16949)   class space    used 7422K, capacity 8193K, committed 8832K, reserved 1048576K
[2020-12-21T16:28:20.888-0500][gc             ] GC(16949) Pause Young (Normal) (G1 Evacuation Pause) 51M->42M(63M) 4.376ms
[2020-12-21T16:28:20.888-0500][gc,cpu         ] GC(16949) User=0.02s Sys=0.00s Real=0.01s
[2020-12-21T16:29:56.015-0500][gc,heap        ] GC(16950) Heap before GC invocations=16950 (full 3455): garbage-first heap   total 64512K, used 50613K [0x0000000083000000, 0x0000000100000000)
[2020-12-21T16:29:56.015-0500][gc,heap        ] GC(16950)   region size 1024K, 9 young (9216K), 1 survivors (1024K)
[2020-12-21T16:29:56.015-0500][gc,heap        ] GC(16950)  Metaspace       used 49949K, capacity 52104K, committed 53632K, reserved 1093632K
[2020-12-21T16:29:56.015-0500][gc,heap        ] GC(16950)   class space    used 7422K, capacity 8193K, committed 8832K, reserved 1048576K
[2020-12-21T16:29:56.015-0500][gc,start       ] GC(16950) Pause Young (Normal) (G1 Evacuation Pause)
[2020-12-21T16:29:56.015-0500][gc,task        ] GC(16950) Using 8 workers of 8 for evacuation
[2020-12-21T16:29:56.019-0500][gc,phases      ] GC(16950)   Pre Evacuate Collection Set: 0.0ms
[2020-12-21T16:29:56.019-0500][gc,phases      ] GC(16950)   Evacuate Collection Set: 1.6ms
[2020-12-21T16:29:56.019-0500][gc,phases      ] GC(16950)   Post Evacuate Collection Set: 2.4ms
[2020-12-21T16:29:56.019-0500][gc,phases      ] GC(16950)   Other: 0.5ms
[2020-12-21T16:29:56.019-0500][gc,heap        ] GC(16950) Eden regions: 8->0(8)
[2020-12-21T16:29:56.019-0500][gc,heap        ] GC(16950) Survivor regions: 1->1(2)
[2020-12-21T16:29:56.019-0500][gc,heap        ] GC(16950) Old regions: 42->42
[2020-12-21T16:29:56.020-0500][gc,heap        ] GC(16950) Humongous regions: 4->4
[2020-12-21T16:29:56.020-0500][gc,metaspace   ] GC(16950) Metaspace: 49949K->49949K(1093632K)
[2020-12-21T16:29:56.020-0500][gc,heap        ] GC(16950) Heap after GC invocations=16951 (full 3455): garbage-first heap   total 64512K, used 43288K [0x0000000083000000, 0x0000000100000000)
[2020-12-21T16:29:56.020-0500][gc,heap        ] GC(16950)   region size 1024K, 1 young (1024K), 1 survivors (1024K)
[2020-12-21T16:29:56.020-0500][gc,heap        ] GC(16950)  Metaspace       used 49949K, capacity 52104K, committed 53632K, reserved 1093632K
[2020-12-21T16:29:56.020-0500][gc,heap        ] GC(16950)   class space    used 7422K, capacity 8193K, committed 8832K, reserved 1048576K
[2020-12-21T16:29:56.020-0500][gc             ] GC(16950) Pause Young (Normal) (G1 Evacuation Pause) 50M->42M(63M) 4.835ms
[2020-12-21T16:29:56.020-0500][gc,cpu         ] GC(16950) User=0.01s Sys=0.01s Real=0.01s
[2020-12-21T16:31:25.908-0500][gc,heap        ] GC(16951) Heap before GC invocations=16951 (full 3455): garbage-first heap   total 64512K, used 50456K [0x0000000083000000, 0x0000000100000000)
[2020-12-21T16:31:25.908-0500][gc,heap        ] GC(16951)   region size 1024K, 9 young (9216K), 1 survivors (1024K)
[2020-12-21T16:31:25.908-0500][gc,heap        ] GC(16951)  Metaspace       used 49949K, capacity 52104K, committed 53632K, reserved 1093632K
[2020-12-21T16:31:25.908-0500][gc,heap        ] GC(16951)   class space    used 7422K, capacity 8193K, committed 8832K, reserved 1048576K
[2020-12-21T16:31:25.908-0500][gc,start       ] GC(16951) Pause Young (Normal) (G1 Evacuation Pause)
[2020-12-21T16:31:25.908-0500][gc,task        ] GC(16951) Using 8 workers of 8 for evacuation
[2020-12-21T16:31:25.911-0500][gc,phases      ] GC(16951)   Pre Evacuate Collection Set: 0.0ms
[2020-12-21T16:31:25.911-0500][gc,phases      ] GC(16951)   Evacuate Collection Set: 2.5ms
[2020-12-21T16:31:25.911-0500][gc,phases      ] GC(16951)   Post Evacuate Collection Set: 0.7ms
[2020-12-21T16:31:25.911-0500][gc,phases      ] GC(16951)   Other: 0.2ms
[2020-12-21T16:31:25.911-0500][gc,heap        ] GC(16951) Eden regions: 8->0(8)
[2020-12-21T16:31:25.911-0500][gc,heap        ] GC(16951) Survivor regions: 1->1(2)
[2020-12-21T16:31:25.911-0500][gc,heap        ] GC(16951) Old regions: 42->42
[2020-12-21T16:31:25.911-0500][gc,heap        ] GC(16951) Humongous regions: 4->4
[2020-12-21T16:31:25.911-0500][gc,metaspace   ] GC(16951) Metaspace: 49949K->49949K(1093632K)
[2020-12-21T16:31:25.911-0500][gc,heap        ] GC(16951) Heap after GC invocations=16952 (full 3455): garbage-first heap   total 64512K, used 43276K [0x0000000083000000, 0x0000000100000000)
[2020-12-21T16:31:25.911-0500][gc,heap        ] GC(16951)   region size 1024K, 1 young (1024K), 1 survivors (1024K)
[2020-12-21T16:31:25.911-0500][gc,heap        ] GC(16951)  Metaspace       used 49949K, capacity 52104K, committed 53632K, reserved 1093632K
[2020-12-21T16:31:25.911-0500][gc,heap        ] GC(16951)   class space    used 7422K, capacity 8193K, committed 8832K, reserved 1048576K
[2020-12-21T16:31:25.911-0500][gc             ] GC(16951) Pause Young (Normal) (G1 Evacuation Pause) 50M->42M(63M) 3.421ms
[2020-12-21T16:31:25.911-0500][gc,cpu         ] GC(16951) User=0.02s Sys=0.00s Real=0.01s
[2020-12-21T16:31:45.191-0500][gc,task        ] GC(16952) Using 5 workers of 8 for full compaction
[2020-12-21T16:31:45.191-0500][gc,start       ] GC(16952) Pause Full (System.gc())
[2020-12-21T16:31:45.191-0500][gc,heap        ] GC(16952) Heap before GC invocations=16952 (full 3455): garbage-first heap   total 64512K, used 44300K [0x0000000083000000, 0x0000000100000000)
[2020-12-21T16:31:45.191-0500][gc,heap        ] GC(16952)   region size 1024K, 3 young (3072K), 1 survivors (1024K)
[2020-12-21T16:31:45.191-0500][gc,heap        ] GC(16952)  Metaspace       used 49949K, capacity 52104K, committed 53632K, reserved 1093632K
[2020-12-21T16:31:45.191-0500][gc,heap        ] GC(16952)   class space    used 7422K, capacity 8193K, committed 8832K, reserved 1048576K
[2020-12-21T16:31:45.191-0500][gc,phases,start] GC(16952) Phase 1: Mark live objects
[2020-12-21T16:31:45.214-0500][gc,stringtable ] GC(16952) Cleaned string and symbol table, strings: 33107 processed, 4 removed, symbols: 120816 processed, 0 removed
[2020-12-21T16:31:45.214-0500][gc,phases      ] GC(16952) Phase 1: Mark live objects 22.483ms
[2020-12-21T16:31:45.214-0500][gc,phases,start] GC(16952) Phase 2: Prepare for compaction
[2020-12-21T16:31:45.218-0500][gc,phases      ] GC(16952) Phase 2: Prepare for compaction 3.922ms
[2020-12-21T16:31:45.218-0500][gc,phases,start] GC(16952) Phase 3: Adjust pointers
[2020-12-21T16:31:45.229-0500][gc,phases      ] GC(16952) Phase 3: Adjust pointers 11.655ms
[2020-12-21T16:31:45.229-0500][gc,phases,start] GC(16952) Phase 4: Compact heap
[2020-12-21T16:31:45.232-0500][gc,phases      ] GC(16952) Phase 4: Compact heap 3.094ms
[2020-12-21T16:31:45.240-0500][gc,heap        ] GC(16952) Eden regions: 2->0(9)
[2020-12-21T16:31:45.240-0500][gc,heap        ] GC(16952) Survivor regions: 1->0(2)
[2020-12-21T16:31:45.240-0500][gc,heap        ] GC(16952) Old regions: 42->42
[2020-12-21T16:31:45.240-0500][gc,heap        ] GC(16952) Humongous regions: 4->4
[2020-12-21T16:31:45.240-0500][gc,metaspace   ] GC(16952) Metaspace: 49949K->49949K(1093632K)
[2020-12-21T16:31:45.240-0500][gc,heap        ] GC(16952) Heap after GC invocations=16953 (full 3456): garbage-first heap   total 64512K, used 43208K [0x0000000083000000, 0x0000000100000000)
[2020-12-21T16:31:45.240-0500][gc,heap        ] GC(16952)   region size 1024K, 0 young (0K), 0 survivors (0K)
[2020-12-21T16:31:45.240-0500][gc,heap        ] GC(16952)  Metaspace       used 49949K, capacity 52104K, committed 53632K, reserved 1093632K
[2020-12-21T16:31:45.240-0500][gc,heap        ] GC(16952)   class space    used 7422K, capacity 8193K, committed 8832K, reserved 1048576K
[2020-12-21T16:31:45.240-0500][gc             ] GC(16952) Pause Full (System.gc()) 43M->42M(63M) 49.359ms
[2020-12-21T16:31:45.240-0500][gc,cpu         ] GC(16952) User=0.20s Sys=0.00s Real=0.05s
[2020-12-21T16:33:21.598-0500][gc,heap        ] GC(16953) Heap before GC invocations=16953 (full 3456): garbage-first heap   total 64512K, used 52424K [0x0000000083000000, 0x0000000100000000)
[2020-12-21T16:33:21.598-0500][gc,heap        ] GC(16953)   region size 1024K, 9 young (9216K), 0 survivors (0K)
[2020-12-21T16:33:21.599-0500][gc,heap        ] GC(16953)  Metaspace       used 49949K, capacity 52104K, committed 53632K, reserved 1093632K
[2020-12-21T16:33:21.599-0500][gc,heap        ] GC(16953)   class space    used 7422K, capacity 8193K, committed 8832K, reserved 1048576K
[2020-12-21T16:33:21.599-0500][gc,start       ] GC(16953) Pause Young (Normal) (G1 Evacuation Pause)
[2020-12-21T16:33:21.599-0500][gc,task        ] GC(16953) Using 8 workers of 8 for evacuation
[2020-12-21T16:33:21.600-0500][gc,phases      ] GC(16953)   Pre Evacuate Collection Set: 0.0ms
[2020-12-21T16:33:21.600-0500][gc,phases      ] GC(16953)   Evacuate Collection Set: 0.6ms
[2020-12-21T16:33:21.600-0500][gc,phases      ] GC(16953)   Post Evacuate Collection Set: 1.2ms
[2020-12-21T16:33:21.600-0500][gc,phases      ] GC(16953)   Other: 0.2ms
[2020-12-21T16:33:21.600-0500][gc,heap        ] GC(16953) Eden regions: 9->0(8)
[2020-12-21T16:33:21.600-0500][gc,heap        ] GC(16953) Survivor regions: 0->1(2)
[2020-12-21T16:33:21.600-0500][gc,heap        ] GC(16953) Old regions: 42->42
[2020-12-21T16:33:21.601-0500][gc,heap        ] GC(16953) Humongous regions: 4->4
[2020-12-21T16:33:21.601-0500][gc,metaspace   ] GC(16953) Metaspace: 49949K->49949K(1093632K)
[2020-12-21T16:33:21.601-0500][gc,heap        ] GC(16953) Heap after GC invocations=16954 (full 3456): garbage-first heap   total 64512K, used 43298K [0x0000000083000000, 0x0000000100000000)
[2020-12-21T16:33:21.601-0500][gc,heap        ] GC(16953)   region size 1024K, 1 young (1024K), 1 survivors (1024K)
[2020-12-21T16:33:21.601-0500][gc,heap        ] GC(16953)  Metaspace       used 49949K, capacity 52104K, committed 53632K, reserved 1093632K
[2020-12-21T16:33:21.601-0500][gc,heap        ] GC(16953)   class space    used 7422K, capacity 8193K, committed 8832K, reserved 1048576K
[2020-12-21T16:33:21.601-0500][gc             ] GC(16953) Pause Young (Normal) (G1 Evacuation Pause) 51M->42M(63M) 2.032ms
[2020-12-21T16:33:21.601-0500][gc,cpu         ] GC(16953) User=0.00s Sys=0.00s Real=0.00s
[2020-12-21T16:34:51.814-0500][gc,heap        ] GC(16954) Heap before GC invocations=16954 (full 3456): garbage-first heap   total 64512K, used 50466K [0x0000000083000000, 0x0000000100000000)
[2020-12-21T16:34:51.814-0500][gc,heap        ] GC(16954)   region size 1024K, 9 young (9216K), 1 survivors (1024K)
[2020-12-21T16:34:51.814-0500][gc,heap        ] GC(16954)  Metaspace       used 49949K, capacity 52104K, committed 53632K, reserved 1093632K
[2020-12-21T16:34:51.814-0500][gc,heap        ] GC(16954)   class space    used 7422K, capacity 8193K, committed 8832K, reserved 1048576K
[2020-12-21T16:34:51.814-0500][gc,start       ] GC(16954) Pause Young (Normal) (G1 Evacuation Pause)
[2020-12-21T16:34:51.814-0500][gc,task        ] GC(16954) Using 8 workers of 8 for evacuation
[2020-12-21T16:34:51.825-0500][gc,phases      ] GC(16954)   Pre Evacuate Collection Set: 0.0ms
[2020-12-21T16:34:51.825-0500][gc,phases      ] GC(16954)   Evacuate Collection Set: 8.9ms
[2020-12-21T16:34:51.825-0500][gc,phases      ] GC(16954)   Post Evacuate Collection Set: 1.5ms
[2020-12-21T16:34:51.825-0500][gc,phases      ] GC(16954)   Other: 0.3ms
[2020-12-21T16:34:51.825-0500][gc,heap        ] GC(16954) Eden regions: 8->0(8)
[2020-12-21T16:34:51.825-0500][gc,heap        ] GC(16954) Survivor regions: 1->1(2)
[2020-12-21T16:34:51.825-0500][gc,heap        ] GC(16954) Old regions: 42->42
[2020-12-21T16:34:51.825-0500][gc,heap        ] GC(16954) Humongous regions: 4->4
[2020-12-21T16:34:51.825-0500][gc,metaspace   ] GC(16954) Metaspace: 49949K->49949K(1093632K)
[2020-12-21T16:34:51.825-0500][gc,heap        ] GC(16954) Heap after GC invocations=16955 (full 3456): garbage-first heap   total 64512K, used 43378K [0x0000000083000000, 0x0000000100000000)
[2020-12-21T16:34:51.825-0500][gc,heap        ] GC(16954)   region size 1024K, 1 young (1024K), 1 survivors (1024K)
[2020-12-21T16:34:51.825-0500][gc,heap        ] GC(16954)  Metaspace       used 49949K, capacity 52104K, committed 53632K, reserved 1093632K
[2020-12-21T16:34:51.825-0500][gc,heap        ] GC(16954)   class space    used 7422K, capacity 8193K, committed 8832K, reserved 1048576K
[2020-12-21T16:34:51.825-0500][gc             ] GC(16954) Pause Young (Normal) (G1 Evacuation Pause) 50M->42M(63M) 10.750ms
[2020-12-21T16:34:51.825-0500][gc,cpu         ] GC(16954) User=0.07s Sys=0.00s Real=0.01s
[2020-12-21T16:36:21.978-0500][gc,heap        ] GC(16955) Heap before GC invocations=16955 (full 3456): garbage-first heap   total 64512K, used 50546K [0x0000000083000000, 0x0000000100000000)
[2020-12-21T16:36:21.978-0500][gc,heap        ] GC(16955)   region size 1024K, 9 young (9216K), 1 survivors (1024K)
[2020-12-21T16:36:21.978-0500][gc,heap        ] GC(16955)  Metaspace       used 49949K, capacity 52104K, committed 53632K, reserved 1093632K
[2020-12-21T16:36:21.978-0500][gc,heap        ] GC(16955)   class space    used 7422K, capacity 8193K, committed 8832K, reserved 1048576K
[2020-12-21T16:36:21.978-0500][gc,start       ] GC(16955) Pause Young (Normal) (G1 Evacuation Pause)
[2020-12-21T16:36:21.978-0500][gc,task        ] GC(16955) Using 8 workers of 8 for evacuation
[2020-12-21T16:36:21.980-0500][gc,phases      ] GC(16955)   Pre Evacuate Collection Set: 0.0ms
[2020-12-21T16:36:21.980-0500][gc,phases      ] GC(16955)   Evacuate Collection Set: 0.8ms
[2020-12-21T16:36:21.980-0500][gc,phases      ] GC(16955)   Post Evacuate Collection Set: 0.8ms
[2020-12-21T16:36:21.980-0500][gc,phases      ] GC(16955)   Other: 0.2ms
[2020-12-21T16:36:21.980-0500][gc,heap        ] GC(16955) Eden regions: 8->0(8)
[2020-12-21T16:36:21.980-0500][gc,heap        ] GC(16955) Survivor regions: 1->1(2)
[2020-12-21T16:36:21.980-0500][gc,heap        ] GC(16955) Old regions: 42->42
[2020-12-21T16:36:21.980-0500][gc,heap        ] GC(16955) Humongous regions: 4->4
[2020-12-21T16:36:21.980-0500][gc,metaspace   ] GC(16955) Metaspace: 49949K->49949K(1093632K)
[2020-12-21T16:36:21.980-0500][gc,heap        ] GC(16955) Heap after GC invocations=16956 (full 3456): garbage-first heap   total 64512K, used 43344K [0x0000000083000000, 0x0000000100000000)
[2020-12-21T16:36:21.980-0500][gc,heap        ] GC(16955)   region size 1024K, 1 young (1024K), 1 survivors (1024K)
[2020-12-21T16:36:21.980-0500][gc,heap        ] GC(16955)  Metaspace       used 49949K, capacity 52104K, committed 53632K, reserved 1093632K
[2020-12-21T16:36:21.980-0500][gc,heap        ] GC(16955)   class space    used 7422K, capacity 8193K, committed 8832K, reserved 1048576K
[2020-12-21T16:36:21.980-0500][gc             ] GC(16955) Pause Young (Normal) (G1 Evacuation Pause) 50M->42M(63M) 1.996ms
[2020-12-21T16:36:21.980-0500][gc,cpu         ] GC(16955) User=0.00s Sys=0.00s Real=0.00s
[2020-12-21T16:36:45.189-0500][gc,task        ] GC(16956) Using 5 workers of 8 for full compaction
[2020-12-21T16:36:45.190-0500][gc,start       ] GC(16956) Pause Full (System.gc())
[2020-12-21T16:36:45.190-0500][gc,heap        ] GC(16956) Heap before GC invocations=16956 (full 3456): garbage-first heap   total 64512K, used 43344K [0x0000000083000000, 0x0000000100000000)
[2020-12-21T16:36:45.190-0500][gc,heap        ] GC(16956)   region size 1024K, 3 young (3072K), 1 survivors (1024K)
[2020-12-21T16:36:45.190-0500][gc,heap        ] GC(16956)  Metaspace       used 49949K, capacity 52104K, committed 53632K, reserved 1093632K
[2020-12-21T16:36:45.190-0500][gc,heap        ] GC(16956)   class space    used 7422K, capacity 8193K, committed 8832K, reserved 1048576K
[2020-12-21T16:36:45.190-0500][gc,phases,start] GC(16956) Phase 1: Mark live objects
[2020-12-21T16:36:45.226-0500][gc,stringtable ] GC(16956) Cleaned string and symbol table, strings: 33107 processed, 4 removed, symbols: 120816 processed, 0 removed
[2020-12-21T16:36:45.226-0500][gc,phases      ] GC(16956) Phase 1: Mark live objects 35.965ms
[2020-12-21T16:36:45.226-0500][gc,phases,start] GC(16956) Phase 2: Prepare for compaction
[2020-12-21T16:36:45.232-0500][gc,phases      ] GC(16956) Phase 2: Prepare for compaction 5.516ms
[2020-12-21T16:36:45.232-0500][gc,phases,start] GC(16956) Phase 3: Adjust pointers
[2020-12-21T16:36:45.243-0500][gc,phases      ] GC(16956) Phase 3: Adjust pointers 11.676ms
[2020-12-21T16:36:45.243-0500][gc,phases,start] GC(16956) Phase 4: Compact heap
[2020-12-21T16:36:45.246-0500][gc,phases      ] GC(16956) Phase 4: Compact heap 2.999ms
[2020-12-21T16:36:45.253-0500][gc,heap        ] GC(16956) Eden regions: 2->0(9)
[2020-12-21T16:36:45.253-0500][gc,heap        ] GC(16956) Survivor regions: 1->0(2)
[2020-12-21T16:36:45.253-0500][gc,heap        ] GC(16956) Old regions: 42->42
[2020-12-21T16:36:45.253-0500][gc,heap        ] GC(16956) Humongous regions: 4->4
[2020-12-21T16:36:45.253-0500][gc,metaspace   ] GC(16956) Metaspace: 49949K->49949K(1093632K)
[2020-12-21T16:36:45.253-0500][gc,heap        ] GC(16956) Heap after GC invocations=16957 (full 3457): garbage-first heap   total 64512K, used 43200K [0x0000000083000000, 0x0000000100000000)
[2020-12-21T16:36:45.253-0500][gc,heap        ] GC(16956)   region size 1024K, 0 young (0K), 0 survivors (0K)
[2020-12-21T16:36:45.253-0500][gc,heap        ] GC(16956)  Metaspace       used 49949K, capacity 52104K, committed 53632K, reserved 1093632K
[2020-12-21T16:36:45.253-0500][gc,heap        ] GC(16956)   class space    used 7422K, capacity 8193K, committed 8832K, reserved 1048576K
[2020-12-21T16:36:45.253-0500][gc             ] GC(16956) Pause Full (System.gc()) 44M->42M(63M) 63.154ms
[2020-12-21T16:36:45.253-0500][gc,cpu         ] GC(16956) User=0.27s Sys=0.00s Real=0.06s
[2020-12-21T16:38:22.389-0500][gc,heap        ] GC(16957) Heap before GC invocations=16957 (full 3457): garbage-first heap   total 64512K, used 51392K [0x0000000083000000, 0x0000000100000000)
[2020-12-21T16:38:22.389-0500][gc,heap        ] GC(16957)   region size 1024K, 9 young (9216K), 0 survivors (0K)
[2020-12-21T16:38:22.389-0500][gc,heap        ] GC(16957)  Metaspace       used 49949K, capacity 52104K, committed 53632K, reserved 1093632K
[2020-12-21T16:38:22.389-0500][gc,heap        ] GC(16957)   class space    used 7422K, capacity 8193K, committed 8832K, reserved 1048576K
[2020-12-21T16:38:22.389-0500][gc,start       ] GC(16957) Pause Young (Normal) (G1 Evacuation Pause)
[2020-12-21T16:38:22.389-0500][gc,task        ] GC(16957) Using 8 workers of 8 for evacuation
[2020-12-21T16:38:22.391-0500][gc,phases      ] GC(16957)   Pre Evacuate Collection Set: 0.0ms
[2020-12-21T16:38:22.391-0500][gc,phases      ] GC(16957)   Evacuate Collection Set: 0.6ms
[2020-12-21T16:38:22.391-0500][gc,phases      ] GC(16957)   Post Evacuate Collection Set: 0.9ms
[2020-12-21T16:38:22.391-0500][gc,phases      ] GC(16957)   Other: 0.4ms
[2020-12-21T16:38:22.391-0500][gc,heap        ] GC(16957) Eden regions: 9->0(8)
[2020-12-21T16:38:22.391-0500][gc,heap        ] GC(16957) Survivor regions: 0->1(2)
[2020-12-21T16:38:22.391-0500][gc,heap        ] GC(16957) Old regions: 42->42
[2020-12-21T16:38:22.391-0500][gc,heap        ] GC(16957) Humongous regions: 4->4
[2020-12-21T16:38:22.391-0500][gc,metaspace   ] GC(16957) Metaspace: 49949K->49949K(1093632K)
[2020-12-21T16:38:22.391-0500][gc,heap        ] GC(16957) Heap after GC invocations=16958 (full 3457): garbage-first heap   total 64512K, used 43400K [0x0000000083000000, 0x0000000100000000)
[2020-12-21T16:38:22.391-0500][gc,heap        ] GC(16957)   region size 1024K, 1 young (1024K), 1 survivors (1024K)
[2020-12-21T16:38:22.391-0500][gc,heap        ] GC(16957)  Metaspace       used 49949K, capacity 52104K, committed 53632K, reserved 1093632K
[2020-12-21T16:38:22.391-0500][gc,heap        ] GC(16957)   class space    used 7422K, capacity 8193K, committed 8832K, reserved 1048576K
[2020-12-21T16:38:22.391-0500][gc             ] GC(16957) Pause Young (Normal) (G1 Evacuation Pause) 51M->42M(63M) 1.747ms
[2020-12-21T16:38:22.391-0500][gc,cpu         ] GC(16957) User=0.01s Sys=0.00s Real=0.00s
[2020-12-21T16:39:56.011-0500][gc,heap        ] GC(16958) Heap before GC invocations=16958 (full 3457): garbage-first heap   total 64512K, used 50568K [0x0000000083000000, 0x0000000100000000)
[2020-12-21T16:39:56.011-0500][gc,heap        ] GC(16958)   region size 1024K, 9 young (9216K), 1 survivors (1024K)
[2020-12-21T16:39:56.011-0500][gc,heap        ] GC(16958)  Metaspace       used 49949K, capacity 52104K, committed 53632K, reserved 1093632K
[2020-12-21T16:39:56.011-0500][gc,heap        ] GC(16958)   class space    used 7422K, capacity 8193K, committed 8832K, reserved 1048576K
[2020-12-21T16:39:56.011-0500][gc,start       ] GC(16958) Pause Young (Normal) (G1 Evacuation Pause)
[2020-12-21T16:39:56.011-0500][gc,task        ] GC(16958) Using 8 workers of 8 for evacuation
[2020-12-21T16:39:56.013-0500][gc,phases      ] GC(16958)   Pre Evacuate Collection Set: 0.0ms
[2020-12-21T16:39:56.013-0500][gc,phases      ] GC(16958)   Evacuate Collection Set: 0.5ms
[2020-12-21T16:39:56.013-0500][gc,phases      ] GC(16958)   Post Evacuate Collection Set: 1.1ms
[2020-12-21T16:39:56.013-0500][gc,phases      ] GC(16958)   Other: 0.2ms
[2020-12-21T16:39:56.013-0500][gc,heap        ] GC(16958) Eden regions: 8->0(8)
[2020-12-21T16:39:56.013-0500][gc,heap        ] GC(16958) Survivor regions: 1->1(2)
[2020-12-21T16:39:56.013-0500][gc,heap        ] GC(16958) Old regions: 42->42
[2020-12-21T16:39:56.013-0500][gc,heap        ] GC(16958) Humongous regions: 4->4
[2020-12-21T16:39:56.013-0500][gc,metaspace   ] GC(16958) Metaspace: 49949K->49949K(1093632K)
[2020-12-21T16:39:56.013-0500][gc,heap        ] GC(16958) Heap after GC invocations=16959 (full 3457): garbage-first heap   total 64512K, used 43250K [0x0000000083000000, 0x0000000100000000)
[2020-12-21T16:39:56.013-0500][gc,heap        ] GC(16958)   region size 1024K, 1 young (1024K), 1 survivors (1024K)
[2020-12-21T16:39:56.013-0500][gc,heap        ] GC(16958)  Metaspace       used 49949K, capacity 52104K, committed 53632K, reserved 1093632K
[2020-12-21T16:39:56.013-0500][gc,heap        ] GC(16958)   class space    used 7422K, capacity 8193K, committed 8832K, reserved 1048576K
[2020-12-21T16:39:56.013-0500][gc             ] GC(16958) Pause Young (Normal) (G1 Evacuation Pause) 50M->42M(63M) 1.895ms
[2020-12-21T16:39:56.013-0500][gc,cpu         ] GC(16958) User=0.01s Sys=0.00s Real=0.00s
[2020-12-21T16:41:22.758-0500][gc,heap        ] GC(16959) Heap before GC invocations=16959 (full 3457): garbage-first heap   total 64512K, used 50418K [0x0000000083000000, 0x0000000100000000)
[2020-12-21T16:41:22.758-0500][gc,heap        ] GC(16959)   region size 1024K, 9 young (9216K), 1 survivors (1024K)
[2020-12-21T16:41:22.758-0500][gc,heap        ] GC(16959)  Metaspace       used 49949K, capacity 52104K, committed 53632K, reserved 1093632K
[2020-12-21T16:41:22.758-0500][gc,heap        ] GC(16959)   class space    used 7422K, capacity 8193K, committed 8832K, reserved 1048576K
[2020-12-21T16:41:22.758-0500][gc,start       ] GC(16959) Pause Young (Normal) (G1 Evacuation Pause)
[2020-12-21T16:41:22.758-0500][gc,task        ] GC(16959) Using 8 workers of 8 for evacuation
[2020-12-21T16:41:22.761-0500][gc,phases      ] GC(16959)   Pre Evacuate Collection Set: 0.0ms
[2020-12-21T16:41:22.761-0500][gc,phases      ] GC(16959)   Evacuate Collection Set: 0.7ms
[2020-12-21T16:41:22.761-0500][gc,phases      ] GC(16959)   Post Evacuate Collection Set: 1.5ms
[2020-12-21T16:41:22.761-0500][gc,phases      ] GC(16959)   Other: 0.2ms
[2020-12-21T16:41:22.761-0500][gc,heap        ] GC(16959) Eden regions: 8->0(8)
[2020-12-21T16:41:22.761-0500][gc,heap        ] GC(16959) Survivor regions: 1->1(2)
[2020-12-21T16:41:22.761-0500][gc,heap        ] GC(16959) Old regions: 42->42
[2020-12-21T16:41:22.761-0500][gc,heap        ] GC(16959) Humongous regions: 4->4
[2020-12-21T16:41:22.761-0500][gc,metaspace   ] GC(16959) Metaspace: 49949K->49949K(1093632K)
[2020-12-21T16:41:22.761-0500][gc,heap        ] GC(16959) Heap after GC invocations=16960 (full 3457): garbage-first heap   total 64512K, used 43340K [0x0000000083000000, 0x0000000100000000)
[2020-12-21T16:41:22.761-0500][gc,heap        ] GC(16959)   region size 1024K, 1 young (1024K), 1 survivors (1024K)
[2020-12-21T16:41:22.761-0500][gc,heap        ] GC(16959)  Metaspace       used 49949K, capacity 52104K, committed 53632K, reserved 1093632K
[2020-12-21T16:41:22.761-0500][gc,heap        ] GC(16959)   class space    used 7422K, capacity 8193K, committed 8832K, reserved 1048576K
[2020-12-21T16:41:22.761-0500][gc             ] GC(16959) Pause Young (Normal) (G1 Evacuation Pause) 50M->42M(63M) 2.455ms
[2020-12-21T16:41:22.761-0500][gc,cpu         ] GC(16959) User=0.01s Sys=0.01s Real=0.00s
[2020-12-21T16:41:45.190-0500][gc,task        ] GC(16960) Using 5 workers of 8 for full compaction
[2020-12-21T16:41:45.190-0500][gc,start       ] GC(16960) Pause Full (System.gc())
[2020-12-21T16:41:45.190-0500][gc,heap        ] GC(16960) Heap before GC invocations=16960 (full 3457): garbage-first heap   total 64512K, used 44364K [0x0000000083000000, 0x0000000100000000)
[2020-12-21T16:41:45.190-0500][gc,heap        ] GC(16960)   region size 1024K, 3 young (3072K), 1 survivors (1024K)
[2020-12-21T16:41:45.190-0500][gc,heap        ] GC(16960)  Metaspace       used 49949K, capacity 52104K, committed 53632K, reserved 1093632K
[2020-12-21T16:41:45.190-0500][gc,heap        ] GC(16960)   class space    used 7422K, capacity 8193K, committed 8832K, reserved 1048576K
[2020-12-21T16:41:45.191-0500][gc,phases,start] GC(16960) Phase 1: Mark live objects
[2020-12-21T16:41:45.214-0500][gc,stringtable ] GC(16960) Cleaned string and symbol table, strings: 33107 processed, 4 removed, symbols: 120816 processed, 0 removed
[2020-12-21T16:41:45.214-0500][gc,phases      ] GC(16960) Phase 1: Mark live objects 23.806ms
[2020-12-21T16:41:45.214-0500][gc,phases,start] GC(16960) Phase 2: Prepare for compaction
[2020-12-21T16:41:45.219-0500][gc,phases      ] GC(16960) Phase 2: Prepare for compaction 4.480ms
[2020-12-21T16:41:45.219-0500][gc,phases,start] GC(16960) Phase 3: Adjust pointers
[2020-12-21T16:41:45.231-0500][gc,phases      ] GC(16960) Phase 3: Adjust pointers 12.329ms
[2020-12-21T16:41:45.231-0500][gc,phases,start] GC(16960) Phase 4: Compact heap
[2020-12-21T16:41:45.234-0500][gc,phases      ] GC(16960) Phase 4: Compact heap 2.948ms
[2020-12-21T16:41:45.241-0500][gc,heap        ] GC(16960) Eden regions: 2->0(9)
[2020-12-21T16:41:45.242-0500][gc,heap        ] GC(16960) Survivor regions: 1->0(2)
[2020-12-21T16:41:45.242-0500][gc,heap        ] GC(16960) Old regions: 42->42
[2020-12-21T16:41:45.242-0500][gc,heap        ] GC(16960) Humongous regions: 4->4
[2020-12-21T16:41:45.242-0500][gc,metaspace   ] GC(16960) Metaspace: 49949K->49949K(1093632K)
[2020-12-21T16:41:45.242-0500][gc,heap        ] GC(16960) Heap after GC invocations=16961 (full 3458): garbage-first heap   total 64512K, used 43200K [0x0000000083000000, 0x0000000100000000)
[2020-12-21T16:41:45.242-0500][gc,heap        ] GC(16960)   region size 1024K, 0 young (0K), 0 survivors (0K)
[2020-12-21T16:41:45.242-0500][gc,heap        ] GC(16960)  Metaspace       used 49949K, capacity 52104K, committed 53632K, reserved 1093632K
[2020-12-21T16:41:45.242-0500][gc,heap        ] GC(16960)   class space    used 7422K, capacity 8193K, committed 8832K, reserved 1048576K
[2020-12-21T16:41:45.242-0500][gc             ] GC(16960) Pause Full (System.gc()) 43M->42M(63M) 51.381ms
[2020-12-21T16:41:45.242-0500][gc,cpu         ] GC(16960) User=0.21s Sys=0.00s Real=0.05s
[2020-12-21T16:43:23.040-0500][gc,heap        ] GC(16961) Heap before GC invocations=16961 (full 3458): garbage-first heap   total 64512K, used 51392K [0x0000000083000000, 0x0000000100000000)
[2020-12-21T16:43:23.040-0500][gc,heap        ] GC(16961)   region size 1024K, 9 young (9216K), 0 survivors (0K)
[2020-12-21T16:43:23.040-0500][gc,heap        ] GC(16961)  Metaspace       used 49949K, capacity 52104K, committed 53632K, reserved 1093632K
[2020-12-21T16:43:23.040-0500][gc,heap        ] GC(16961)   class space    used 7422K, capacity 8193K, committed 8832K, reserved 1048576K
[2020-12-21T16:43:23.040-0500][gc,start       ] GC(16961) Pause Young (Normal) (G1 Evacuation Pause)
[2020-12-21T16:43:23.040-0500][gc,task        ] GC(16961) Using 8 workers of 8 for evacuation
[2020-12-21T16:43:23.045-0500][gc,phases      ] GC(16961)   Pre Evacuate Collection Set: 0.0ms
[2020-12-21T16:43:23.045-0500][gc,phases      ] GC(16961)   Evacuate Collection Set: 1.8ms
[2020-12-21T16:43:23.045-0500][gc,phases      ] GC(16961)   Post Evacuate Collection Set: 2.6ms
[2020-12-21T16:43:23.045-0500][gc,phases      ] GC(16961)   Other: 0.4ms
[2020-12-21T16:43:23.045-0500][gc,heap        ] GC(16961) Eden regions: 9->0(8)
[2020-12-21T16:43:23.045-0500][gc,heap        ] GC(16961) Survivor regions: 0->1(2)
[2020-12-21T16:43:23.045-0500][gc,heap        ] GC(16961) Old regions: 42->42
[2020-12-21T16:43:23.045-0500][gc,heap        ] GC(16961) Humongous regions: 4->4
[2020-12-21T16:43:23.045-0500][gc,metaspace   ] GC(16961) Metaspace: 49949K->49949K(1093632K)
[2020-12-21T16:43:23.045-0500][gc,heap        ] GC(16961) Heap after GC invocations=16962 (full 3458): garbage-first heap   total 64512K, used 43317K [0x0000000083000000, 0x0000000100000000)
[2020-12-21T16:43:23.045-0500][gc,heap        ] GC(16961)   region size 1024K, 1 young (1024K), 1 survivors (1024K)
[2020-12-21T16:43:23.045-0500][gc,heap        ] GC(16961)  Metaspace       used 49949K, capacity 52104K, committed 53632K, reserved 1093632K
[2020-12-21T16:43:23.045-0500][gc,heap        ] GC(16961)   class space    used 7422K, capacity 8193K, committed 8832K, reserved 1048576K
[2020-12-21T16:43:23.045-0500][gc             ] GC(16961) Pause Young (Normal) (G1 Evacuation Pause) 51M->42M(63M) 5.053ms
[2020-12-21T16:43:23.045-0500][gc,cpu         ] GC(16961) User=0.01s Sys=0.00s Real=0.00s
[2020-12-21T16:44:53.325-0500][gc,heap        ] GC(16962) Heap before GC invocations=16962 (full 3458): garbage-first heap   total 64512K, used 50485K [0x0000000083000000, 0x0000000100000000)
[2020-12-21T16:44:53.325-0500][gc,heap        ] GC(16962)   region size 1024K, 9 young (9216K), 1 survivors (1024K)
[2020-12-21T16:44:53.326-0500][gc,heap        ] GC(16962)  Metaspace       used 49949K, capacity 52104K, committed 53632K, reserved 1093632K
[2020-12-21T16:44:53.326-0500][gc,heap        ] GC(16962)   class space    used 7422K, capacity 8193K, committed 8832K, reserved 1048576K
[2020-12-21T16:44:53.326-0500][gc,start       ] GC(16962) Pause Young (Normal) (G1 Evacuation Pause)
[2020-12-21T16:44:53.326-0500][gc,task        ] GC(16962) Using 8 workers of 8 for evacuation
[2020-12-21T16:44:53.328-0500][gc,phases      ] GC(16962)   Pre Evacuate Collection Set: 0.0ms
[2020-12-21T16:44:53.328-0500][gc,phases      ] GC(16962)   Evacuate Collection Set: 0.7ms
[2020-12-21T16:44:53.328-0500][gc,phases      ] GC(16962)   Post Evacuate Collection Set: 1.2ms
[2020-12-21T16:44:53.328-0500][gc,phases      ] GC(16962)   Other: 0.2ms
[2020-12-21T16:44:53.328-0500][gc,heap        ] GC(16962) Eden regions: 8->0(8)
[2020-12-21T16:44:53.328-0500][gc,heap        ] GC(16962) Survivor regions: 1->1(2)
[2020-12-21T16:44:53.328-0500][gc,heap        ] GC(16962) Old regions: 42->42
[2020-12-21T16:44:53.328-0500][gc,heap        ] GC(16962) Humongous regions: 4->4
[2020-12-21T16:44:53.328-0500][gc,metaspace   ] GC(16962) Metaspace: 49949K->49949K(1093632K)
[2020-12-21T16:44:53.328-0500][gc,heap        ] GC(16962) Heap after GC invocations=16963 (full 3458): garbage-first heap   total 64512K, used 43355K [0x0000000083000000, 0x0000000100000000)
[2020-12-21T16:44:53.328-0500][gc,heap        ] GC(16962)   region size 1024K, 1 young (1024K), 1 survivors (1024K)
[2020-12-21T16:44:53.328-0500][gc,heap        ] GC(16962)  Metaspace       used 49949K, capacity 52104K, committed 53632K, reserved 1093632K
[2020-12-21T16:44:53.328-0500][gc,heap        ] GC(16962)   class space    used 7422K, capacity 8193K, committed 8832K, reserved 1048576K
[2020-12-21T16:44:53.328-0500][gc             ] GC(16962) Pause Young (Normal) (G1 Evacuation Pause) 50M->42M(63M) 2.088ms
[2020-12-21T16:44:53.328-0500][gc,cpu         ] GC(16962) User=0.00s Sys=0.01s Real=0.00s
[2020-12-21T16:46:23.508-0500][gc,heap        ] GC(16963) Heap before GC invocations=16963 (full 3458): garbage-first heap   total 64512K, used 51547K [0x0000000083000000, 0x0000000100000000)
[2020-12-21T16:46:23.508-0500][gc,heap        ] GC(16963)   region size 1024K, 9 young (9216K), 1 survivors (1024K)
[2020-12-21T16:46:23.508-0500][gc,heap        ] GC(16963)  Metaspace       used 49949K, capacity 52104K, committed 53632K, reserved 1093632K
[2020-12-21T16:46:23.508-0500][gc,heap        ] GC(16963)   class space    used 7422K, capacity 8193K, committed 8832K, reserved 1048576K
[2020-12-21T16:46:23.508-0500][gc,start       ] GC(16963) Pause Young (Normal) (G1 Evacuation Pause)
[2020-12-21T16:46:23.508-0500][gc,task        ] GC(16963) Using 8 workers of 8 for evacuation
[2020-12-21T16:46:23.512-0500][gc,phases      ] GC(16963)   Pre Evacuate Collection Set: 0.0ms
[2020-12-21T16:46:23.512-0500][gc,phases      ] GC(16963)   Evacuate Collection Set: 1.1ms
[2020-12-21T16:46:23.512-0500][gc,phases      ] GC(16963)   Post Evacuate Collection Set: 2.3ms
[2020-12-21T16:46:23.512-0500][gc,phases      ] GC(16963)   Other: 0.2ms
[2020-12-21T16:46:23.512-0500][gc,heap        ] GC(16963) Eden regions: 8->0(8)
[2020-12-21T16:46:23.512-0500][gc,heap        ] GC(16963) Survivor regions: 1->1(2)
[2020-12-21T16:46:23.512-0500][gc,heap        ] GC(16963) Old regions: 42->42
[2020-12-21T16:46:23.512-0500][gc,heap        ] GC(16963) Humongous regions: 4->4
[2020-12-21T16:46:23.512-0500][gc,metaspace   ] GC(16963) Metaspace: 49949K->49949K(1093632K)
[2020-12-21T16:46:23.512-0500][gc,heap        ] GC(16963) Heap after GC invocations=16964 (full 3458): garbage-first heap   total 64512K, used 43408K [0x0000000083000000, 0x0000000100000000)
[2020-12-21T16:46:23.512-0500][gc,heap        ] GC(16963)   region size 1024K, 1 young (1024K), 1 survivors (1024K)
[2020-12-21T16:46:23.512-0500][gc,heap        ] GC(16963)  Metaspace       used 49949K, capacity 52104K, committed 53632K, reserved 1093632K
[2020-12-21T16:46:23.512-0500][gc,heap        ] GC(16963)   class space    used 7422K, capacity 8193K, committed 8832K, reserved 1048576K
[2020-12-21T16:46:23.512-0500][gc             ] GC(16963) Pause Young (Normal) (G1 Evacuation Pause) 50M->42M(63M) 3.700ms
[2020-12-21T16:46:23.512-0500][gc,cpu         ] GC(16963) User=0.00s Sys=0.00s Real=0.00s
[2020-12-21T16:46:45.189-0500][gc,task        ] GC(16964) Using 5 workers of 8 for full compaction
[2020-12-21T16:46:45.189-0500][gc,start       ] GC(16964) Pause Full (System.gc())
[2020-12-21T16:46:45.189-0500][gc,heap        ] GC(16964) Heap before GC invocations=16964 (full 3458): garbage-first heap   total 64512K, used 44432K [0x0000000083000000, 0x0000000100000000)
[2020-12-21T16:46:45.189-0500][gc,heap        ] GC(16964)   region size 1024K, 3 young (3072K), 1 survivors (1024K)
[2020-12-21T16:46:45.189-0500][gc,heap        ] GC(16964)  Metaspace       used 49949K, capacity 52104K, committed 53632K, reserved 1093632K
[2020-12-21T16:46:45.189-0500][gc,heap        ] GC(16964)   class space    used 7422K, capacity 8193K, committed 8832K, reserved 1048576K
[2020-12-21T16:46:45.190-0500][gc,phases,start] GC(16964) Phase 1: Mark live objects
[2020-12-21T16:46:45.215-0500][gc,stringtable ] GC(16964) Cleaned string and symbol table, strings: 33107 processed, 4 removed, symbols: 120816 processed, 0 removed
[2020-12-21T16:46:45.215-0500][gc,phases      ] GC(16964) Phase 1: Mark live objects 25.222ms
[2020-12-21T16:46:45.215-0500][gc,phases,start] GC(16964) Phase 2: Prepare for compaction
[2020-12-21T16:46:45.219-0500][gc,phases      ] GC(16964) Phase 2: Prepare for compaction 4.379ms
[2020-12-21T16:46:45.219-0500][gc,phases,start] GC(16964) Phase 3: Adjust pointers
[2020-12-21T16:46:45.235-0500][gc,phases      ] GC(16964) Phase 3: Adjust pointers 15.656ms
[2020-12-21T16:46:45.235-0500][gc,phases,start] GC(16964) Phase 4: Compact heap
[2020-12-21T16:46:45.239-0500][gc,phases      ] GC(16964) Phase 4: Compact heap 3.663ms
[2020-12-21T16:46:45.248-0500][gc,heap        ] GC(16964) Eden regions: 2->0(10)
[2020-12-21T16:46:45.248-0500][gc,heap        ] GC(16964) Survivor regions: 1->0(2)
[2020-12-21T16:46:45.248-0500][gc,heap        ] GC(16964) Old regions: 42->41
[2020-12-21T16:46:45.248-0500][gc,heap        ] GC(16964) Humongous regions: 4->4
[2020-12-21T16:46:45.248-0500][gc,metaspace   ] GC(16964) Metaspace: 49949K->49949K(1093632K)
[2020-12-21T16:46:45.248-0500][gc,heap        ] GC(16964) Heap after GC invocations=16965 (full 3459): garbage-first heap   total 64512K, used 43198K [0x0000000083000000, 0x0000000100000000)
[2020-12-21T16:46:45.248-0500][gc,heap        ] GC(16964)   region size 1024K, 0 young (0K), 0 survivors (0K)
[2020-12-21T16:46:45.248-0500][gc,heap        ] GC(16964)  Metaspace       used 49949K, capacity 52104K, committed 53632K, reserved 1093632K
[2020-12-21T16:46:45.248-0500][gc,heap        ] GC(16964)   class space    used 7422K, capacity 8193K, committed 8832K, reserved 1048576K
[2020-12-21T16:46:45.248-0500][gc             ] GC(16964) Pause Full (System.gc()) 43M->42M(63M) 59.089ms
[2020-12-21T16:46:45.249-0500][gc,cpu         ] GC(16964) User=0.23s Sys=0.00s Real=0.06s
[2020-12-21T16:48:36.013-0500][gc,heap        ] GC(16965) Heap before GC invocations=16965 (full 3459): garbage-first heap   total 64512K, used 52414K [0x0000000083000000, 0x0000000100000000)
[2020-12-21T16:48:36.013-0500][gc,heap        ] GC(16965)   region size 1024K, 10 young (10240K), 0 survivors (0K)
[2020-12-21T16:48:36.013-0500][gc,heap        ] GC(16965)  Metaspace       used 49949K, capacity 52104K, committed 53632K, reserved 1093632K
[2020-12-21T16:48:36.013-0500][gc,heap        ] GC(16965)   class space    used 7422K, capacity 8193K, committed 8832K, reserved 1048576K
[2020-12-21T16:48:36.013-0500][gc,start       ] GC(16965) Pause Young (Normal) (G1 Evacuation Pause)
[2020-12-21T16:48:36.013-0500][gc,task        ] GC(16965) Using 8 workers of 8 for evacuation
[2020-12-21T16:48:36.016-0500][gc,phases      ] GC(16965)   Pre Evacuate Collection Set: 0.0ms
[2020-12-21T16:48:36.016-0500][gc,phases      ] GC(16965)   Evacuate Collection Set: 2.6ms
[2020-12-21T16:48:36.017-0500][gc,phases      ] GC(16965)   Post Evacuate Collection Set: 0.8ms
[2020-12-21T16:48:36.017-0500][gc,phases      ] GC(16965)   Other: 0.2ms
[2020-12-21T16:48:36.017-0500][gc,heap        ] GC(16965) Eden regions: 10->0(9)
[2020-12-21T16:48:36.017-0500][gc,heap        ] GC(16965) Survivor regions: 0->1(2)
[2020-12-21T16:48:36.017-0500][gc,heap        ] GC(16965) Old regions: 41->41
[2020-12-21T16:48:36.017-0500][gc,heap        ] GC(16965) Humongous regions: 4->4
[2020-12-21T16:48:36.017-0500][gc,metaspace   ] GC(16965) Metaspace: 49949K->49949K(1093632K)
[2020-12-21T16:48:36.017-0500][gc,heap        ] GC(16965) Heap after GC invocations=16966 (full 3459): garbage-first heap   total 64512K, used 43275K [0x0000000083000000, 0x0000000100000000)
[2020-12-21T16:48:36.017-0500][gc,heap        ] GC(16965)   region size 1024K, 1 young (1024K), 1 survivors (1024K)
[2020-12-21T16:48:36.017-0500][gc,heap        ] GC(16965)  Metaspace       used 49949K, capacity 52104K, committed 53632K, reserved 1093632K
[2020-12-21T16:48:36.017-0500][gc,heap        ] GC(16965)   class space    used 7422K, capacity 8193K, committed 8832K, reserved 1048576K
[2020-12-21T16:48:36.017-0500][gc             ] GC(16965) Pause Young (Normal) (G1 Evacuation Pause) 52M->42M(63M) 3.718ms
[2020-12-21T16:48:36.017-0500][gc,cpu         ] GC(16965) User=0.01s Sys=0.00s Real=0.00s
[2020-12-21T16:50:16.011-0500][gc,heap        ] GC(16966) Heap before GC invocations=16966 (full 3459): garbage-first heap   total 64512K, used 51467K [0x0000000083000000, 0x0000000100000000)
[2020-12-21T16:50:16.011-0500][gc,heap        ] GC(16966)   region size 1024K, 10 young (10240K), 1 survivors (1024K)
[2020-12-21T16:50:16.011-0500][gc,heap        ] GC(16966)  Metaspace       used 49949K, capacity 52104K, committed 53632K, reserved 1093632K
[2020-12-21T16:50:16.011-0500][gc,heap        ] GC(16966)   class space    used 7422K, capacity 8193K, committed 8832K, reserved 1048576K
[2020-12-21T16:50:16.011-0500][gc,start       ] GC(16966) Pause Young (Normal) (G1 Evacuation Pause)
[2020-12-21T16:50:16.011-0500][gc,task        ] GC(16966) Using 8 workers of 8 for evacuation
[2020-12-21T16:50:16.013-0500][gc,phases      ] GC(16966)   Pre Evacuate Collection Set: 0.0ms
[2020-12-21T16:50:16.013-0500][gc,phases      ] GC(16966)   Evacuate Collection Set: 0.6ms
[2020-12-21T16:50:16.013-0500][gc,phases      ] GC(16966)   Post Evacuate Collection Set: 0.9ms
[2020-12-21T16:50:16.013-0500][gc,phases      ] GC(16966)   Other: 0.2ms
[2020-12-21T16:50:16.013-0500][gc,heap        ] GC(16966) Eden regions: 9->0(9)
[2020-12-21T16:50:16.013-0500][gc,heap        ] GC(16966) Survivor regions: 1->1(2)
[2020-12-21T16:50:16.013-0500][gc,heap        ] GC(16966) Old regions: 41->41
[2020-12-21T16:50:16.013-0500][gc,heap        ] GC(16966) Humongous regions: 4->4
[2020-12-21T16:50:16.013-0500][gc,metaspace   ] GC(16966) Metaspace: 49949K->49949K(1093632K)
[2020-12-21T16:50:16.013-0500][gc,heap        ] GC(16966) Heap after GC invocations=16967 (full 3459): garbage-first heap   total 64512K, used 43267K [0x0000000083000000, 0x0000000100000000)
[2020-12-21T16:50:16.013-0500][gc,heap        ] GC(16966)   region size 1024K, 1 young (1024K), 1 survivors (1024K)
[2020-12-21T16:50:16.013-0500][gc,heap        ] GC(16966)  Metaspace       used 49949K, capacity 52104K, committed 53632K, reserved 1093632K
[2020-12-21T16:50:16.013-0500][gc,heap        ] GC(16966)   class space    used 7422K, capacity 8193K, committed 8832K, reserved 1048576K
[2020-12-21T16:50:16.013-0500][gc             ] GC(16966) Pause Young (Normal) (G1 Evacuation Pause) 51M->42M(63M) 1.742ms
[2020-12-21T16:50:16.013-0500][gc,cpu         ] GC(16966) User=0.01s Sys=0.00s Real=0.00s
[2020-12-21T16:51:45.191-0500][gc,task        ] GC(16967) Using 5 workers of 8 for full compaction
[2020-12-21T16:51:45.191-0500][gc,start       ] GC(16967) Pause Full (System.gc())
[2020-12-21T16:51:45.191-0500][gc,heap        ] GC(16967) Heap before GC invocations=16967 (full 3459): garbage-first heap   total 64512K, used 49411K [0x0000000083000000, 0x0000000100000000)
[2020-12-21T16:51:45.191-0500][gc,heap        ] GC(16967)   region size 1024K, 9 young (9216K), 1 survivors (1024K)
[2020-12-21T16:51:45.191-0500][gc,heap        ] GC(16967)  Metaspace       used 49949K, capacity 52104K, committed 53632K, reserved 1093632K
[2020-12-21T16:51:45.191-0500][gc,heap        ] GC(16967)   class space    used 7422K, capacity 8193K, committed 8832K, reserved 1048576K
[2020-12-21T16:51:45.191-0500][gc,phases,start] GC(16967) Phase 1: Mark live objects
[2020-12-21T16:51:45.237-0500][gc,stringtable ] GC(16967) Cleaned string and symbol table, strings: 33107 processed, 4 removed, symbols: 120816 processed, 0 removed
[2020-12-21T16:51:45.237-0500][gc,phases      ] GC(16967) Phase 1: Mark live objects 46.212ms
[2020-12-21T16:51:45.238-0500][gc,phases,start] GC(16967) Phase 2: Prepare for compaction
[2020-12-21T16:51:45.242-0500][gc,phases      ] GC(16967) Phase 2: Prepare for compaction 4.318ms
[2020-12-21T16:51:45.242-0500][gc,phases,start] GC(16967) Phase 3: Adjust pointers
[2020-12-21T16:51:45.254-0500][gc,phases      ] GC(16967) Phase 3: Adjust pointers 12.421ms
[2020-12-21T16:51:45.254-0500][gc,phases,start] GC(16967) Phase 4: Compact heap
[2020-12-21T16:51:45.257-0500][gc,phases      ] GC(16967) Phase 4: Compact heap 2.819ms
[2020-12-21T16:51:45.264-0500][gc,heap        ] GC(16967) Eden regions: 8->0(9)
[2020-12-21T16:51:45.264-0500][gc,heap        ] GC(16967) Survivor regions: 1->0(2)
[2020-12-21T16:51:45.264-0500][gc,heap        ] GC(16967) Old regions: 41->42
[2020-12-21T16:51:45.264-0500][gc,heap        ] GC(16967) Humongous regions: 4->4
[2020-12-21T16:51:45.264-0500][gc,metaspace   ] GC(16967) Metaspace: 49949K->49949K(1093632K)
[2020-12-21T16:51:45.264-0500][gc,heap        ] GC(16967) Heap after GC invocations=16968 (full 3460): garbage-first heap   total 64512K, used 43228K [0x0000000083000000, 0x0000000100000000)
[2020-12-21T16:51:45.264-0500][gc,heap        ] GC(16967)   region size 1024K, 0 young (0K), 0 survivors (0K)
[2020-12-21T16:51:45.264-0500][gc,heap        ] GC(16967)  Metaspace       used 49949K, capacity 52104K, committed 53632K, reserved 1093632K
[2020-12-21T16:51:45.264-0500][gc,heap        ] GC(16967)   class space    used 7422K, capacity 8193K, committed 8832K, reserved 1048576K
[2020-12-21T16:51:45.264-0500][gc             ] GC(16967) Pause Full (System.gc()) 50M->42M(63M) 73.015ms
[2020-12-21T16:51:45.264-0500][gc,cpu         ] GC(16967) User=0.30s Sys=0.00s Real=0.07s
[2020-12-21T16:53:24.644-0500][gc,heap        ] GC(16968) Heap before GC invocations=16968 (full 3460): garbage-first heap   total 64512K, used 51420K [0x0000000083000000, 0x0000000100000000)
[2020-12-21T16:53:24.644-0500][gc,heap        ] GC(16968)   region size 1024K, 9 young (9216K), 0 survivors (0K)
[2020-12-21T16:53:24.644-0500][gc,heap        ] GC(16968)  Metaspace       used 49949K, capacity 52104K, committed 53632K, reserved 1093632K
[2020-12-21T16:53:24.644-0500][gc,heap        ] GC(16968)   class space    used 7422K, capacity 8193K, committed 8832K, reserved 1048576K
[2020-12-21T16:53:24.644-0500][gc,start       ] GC(16968) Pause Young (Normal) (G1 Evacuation Pause)
[2020-12-21T16:53:24.644-0500][gc,task        ] GC(16968) Using 8 workers of 8 for evacuation
[2020-12-21T16:53:24.646-0500][gc,phases      ] GC(16968)   Pre Evacuate Collection Set: 0.0ms
[2020-12-21T16:53:24.646-0500][gc,phases      ] GC(16968)   Evacuate Collection Set: 0.8ms
[2020-12-21T16:53:24.646-0500][gc,phases      ] GC(16968)   Post Evacuate Collection Set: 1.3ms
[2020-12-21T16:53:24.646-0500][gc,phases      ] GC(16968)   Other: 0.4ms
[2020-12-21T16:53:24.646-0500][gc,heap        ] GC(16968) Eden regions: 9->0(8)
[2020-12-21T16:53:24.646-0500][gc,heap        ] GC(16968) Survivor regions: 0->1(2)
[2020-12-21T16:53:24.646-0500][gc,heap        ] GC(16968) Old regions: 42->42
[2020-12-21T16:53:24.646-0500][gc,heap        ] GC(16968) Humongous regions: 4->4
[2020-12-21T16:53:24.646-0500][gc,metaspace   ] GC(16968) Metaspace: 49949K->49949K(1093632K)
[2020-12-21T16:53:24.646-0500][gc,heap        ] GC(16968) Heap after GC invocations=16969 (full 3460): garbage-first heap   total 64512K, used 43366K [0x0000000083000000, 0x0000000100000000)
[2020-12-21T16:53:24.646-0500][gc,heap        ] GC(16968)   region size 1024K, 1 young (1024K), 1 survivors (1024K)
[2020-12-21T16:53:24.646-0500][gc,heap        ] GC(16968)  Metaspace       used 49949K, capacity 52104K, committed 53632K, reserved 1093632K
[2020-12-21T16:53:24.646-0500][gc,heap        ] GC(16968)   class space    used 7422K, capacity 8193K, committed 8832K, reserved 1048576K
[2020-12-21T16:53:24.646-0500][gc             ] GC(16968) Pause Young (Normal) (G1 Evacuation Pause) 51M->42M(63M) 2.446ms
[2020-12-21T16:53:24.646-0500][gc,cpu         ] GC(16968) User=0.01s Sys=0.01s Real=0.00s
[2020-12-21T16:54:54.859-0500][gc,heap        ] GC(16969) Heap before GC invocations=16969 (full 3460): garbage-first heap   total 64512K, used 50534K [0x0000000083000000, 0x0000000100000000)
[2020-12-21T16:54:54.859-0500][gc,heap        ] GC(16969)   region size 1024K, 9 young (9216K), 1 survivors (1024K)
[2020-12-21T16:54:54.859-0500][gc,heap        ] GC(16969)  Metaspace       used 49949K, capacity 52104K, committed 53632K, reserved 1093632K
[2020-12-21T16:54:54.859-0500][gc,heap        ] GC(16969)   class space    used 7422K, capacity 8193K, committed 8832K, reserved 1048576K
[2020-12-21T16:54:54.859-0500][gc,start       ] GC(16969) Pause Young (Normal) (G1 Evacuation Pause)
[2020-12-21T16:54:54.859-0500][gc,task        ] GC(16969) Using 8 workers of 8 for evacuation
[2020-12-21T16:54:54.861-0500][gc,phases      ] GC(16969)   Pre Evacuate Collection Set: 0.0ms
[2020-12-21T16:54:54.861-0500][gc,phases      ] GC(16969)   Evacuate Collection Set: 0.7ms
[2020-12-21T16:54:54.861-0500][gc,phases      ] GC(16969)   Post Evacuate Collection Set: 1.1ms
[2020-12-21T16:54:54.861-0500][gc,phases      ] GC(16969)   Other: 0.2ms
[2020-12-21T16:54:54.861-0500][gc,heap        ] GC(16969) Eden regions: 8->0(8)
[2020-12-21T16:54:54.861-0500][gc,heap        ] GC(16969) Survivor regions: 1->1(2)
[2020-12-21T16:54:54.861-0500][gc,heap        ] GC(16969) Old regions: 42->42
[2020-12-21T16:54:54.861-0500][gc,heap        ] GC(16969) Humongous regions: 4->4
[2020-12-21T16:54:54.861-0500][gc,metaspace   ] GC(16969) Metaspace: 49949K->49949K(1093632K)
[2020-12-21T16:54:54.861-0500][gc,heap        ] GC(16969) Heap after GC invocations=16970 (full 3460): garbage-first heap   total 64512K, used 43267K [0x0000000083000000, 0x0000000100000000)
[2020-12-21T16:54:54.861-0500][gc,heap        ] GC(16969)   region size 1024K, 1 young (1024K), 1 survivors (1024K)
[2020-12-21T16:54:54.861-0500][gc,heap        ] GC(16969)  Metaspace       used 49949K, capacity 52104K, committed 53632K, reserved 1093632K
[2020-12-21T16:54:54.861-0500][gc,heap        ] GC(16969)   class space    used 7422K, capacity 8193K, committed 8832K, reserved 1048576K
[2020-12-21T16:54:54.861-0500][gc             ] GC(16969) Pause Young (Normal) (G1 Evacuation Pause) 50M->42M(63M) 2.010ms
[2020-12-21T16:54:54.862-0500][gc,cpu         ] GC(16969) User=0.01s Sys=0.01s Real=0.00s
[2020-12-21T16:56:26.013-0500][gc,heap        ] GC(16970) Heap before GC invocations=16970 (full 3460): garbage-first heap   total 64512K, used 50435K [0x0000000083000000, 0x0000000100000000)
[2020-12-21T16:56:26.013-0500][gc,heap        ] GC(16970)   region size 1024K, 9 young (9216K), 1 survivors (1024K)
[2020-12-21T16:56:26.014-0500][gc,heap        ] GC(16970)  Metaspace       used 49949K, capacity 52104K, committed 53632K, reserved 1093632K
[2020-12-21T16:56:26.014-0500][gc,heap        ] GC(16970)   class space    used 7422K, capacity 8193K, committed 8832K, reserved 1048576K
[2020-12-21T16:56:26.014-0500][gc,start       ] GC(16970) Pause Young (Normal) (G1 Evacuation Pause)
[2020-12-21T16:56:26.014-0500][gc,task        ] GC(16970) Using 8 workers of 8 for evacuation
[2020-12-21T16:56:26.018-0500][gc,phases      ] GC(16970)   Pre Evacuate Collection Set: 0.0ms
[2020-12-21T16:56:26.018-0500][gc,phases      ] GC(16970)   Evacuate Collection Set: 1.4ms
[2020-12-21T16:56:26.018-0500][gc,phases      ] GC(16970)   Post Evacuate Collection Set: 2.4ms
[2020-12-21T16:56:26.018-0500][gc,phases      ] GC(16970)   Other: 0.5ms
[2020-12-21T16:56:26.018-0500][gc,heap        ] GC(16970) Eden regions: 8->0(8)
[2020-12-21T16:56:26.018-0500][gc,heap        ] GC(16970) Survivor regions: 1->1(2)
[2020-12-21T16:56:26.018-0500][gc,heap        ] GC(16970) Old regions: 42->42
[2020-12-21T16:56:26.018-0500][gc,heap        ] GC(16970) Humongous regions: 4->4
[2020-12-21T16:56:26.018-0500][gc,metaspace   ] GC(16970) Metaspace: 49949K->49949K(1093632K)
[2020-12-21T16:56:26.018-0500][gc,heap        ] GC(16970) Heap after GC invocations=16971 (full 3460): garbage-first heap   total 64512K, used 43295K [0x0000000083000000, 0x0000000100000000)
[2020-12-21T16:56:26.018-0500][gc,heap        ] GC(16970)   region size 1024K, 1 young (1024K), 1 survivors (1024K)
[2020-12-21T16:56:26.018-0500][gc,heap        ] GC(16970)  Metaspace       used 49949K, capacity 52104K, committed 53632K, reserved 1093632K
[2020-12-21T16:56:26.018-0500][gc,heap        ] GC(16970)   class space    used 7422K, capacity 8193K, committed 8832K, reserved 1048576K
[2020-12-21T16:56:26.018-0500][gc             ] GC(16970) Pause Young (Normal) (G1 Evacuation Pause) 50M->42M(63M) 4.540ms
[2020-12-21T16:56:26.018-0500][gc,cpu         ] GC(16970) User=0.01s Sys=0.00s Real=0.00s
[2020-12-21T16:56:45.192-0500][gc,task        ] GC(16971) Using 5 workers of 8 for full compaction
[2020-12-21T16:56:45.192-0500][gc,start       ] GC(16971) Pause Full (System.gc())
[2020-12-21T16:56:45.192-0500][gc,heap        ] GC(16971) Heap before GC invocations=16971 (full 3460): garbage-first heap   total 64512K, used 44319K [0x0000000083000000, 0x0000000100000000)
[2020-12-21T16:56:45.192-0500][gc,heap        ] GC(16971)   region size 1024K, 3 young (3072K), 1 survivors (1024K)
[2020-12-21T16:56:45.192-0500][gc,heap        ] GC(16971)  Metaspace       used 49949K, capacity 52104K, committed 53632K, reserved 1093632K
[2020-12-21T16:56:45.192-0500][gc,heap        ] GC(16971)   class space    used 7422K, capacity 8193K, committed 8832K, reserved 1048576K
[2020-12-21T16:56:45.193-0500][gc,phases,start] GC(16971) Phase 1: Mark live objects
[2020-12-21T16:56:45.231-0500][gc,stringtable ] GC(16971) Cleaned string and symbol table, strings: 33107 processed, 4 removed, symbols: 120816 processed, 0 removed
[2020-12-21T16:56:45.231-0500][gc,phases      ] GC(16971) Phase 1: Mark live objects 38.382ms
[2020-12-21T16:56:45.231-0500][gc,phases,start] GC(16971) Phase 2: Prepare for compaction
[2020-12-21T16:56:45.236-0500][gc,phases      ] GC(16971) Phase 2: Prepare for compaction 5.184ms
[2020-12-21T16:56:45.236-0500][gc,phases,start] GC(16971) Phase 3: Adjust pointers
[2020-12-21T16:56:45.249-0500][gc,phases      ] GC(16971) Phase 3: Adjust pointers 13.083ms
[2020-12-21T16:56:45.250-0500][gc,phases,start] GC(16971) Phase 4: Compact heap
[2020-12-21T16:56:45.252-0500][gc,phases      ] GC(16971) Phase 4: Compact heap 2.946ms
[2020-12-21T16:56:45.259-0500][gc,heap        ] GC(16971) Eden regions: 2->0(9)
[2020-12-21T16:56:45.259-0500][gc,heap        ] GC(16971) Survivor regions: 1->0(2)
[2020-12-21T16:56:45.259-0500][gc,heap        ] GC(16971) Old regions: 42->42
[2020-12-21T16:56:45.259-0500][gc,heap        ] GC(16971) Humongous regions: 4->4
[2020-12-21T16:56:45.259-0500][gc,metaspace   ] GC(16971) Metaspace: 49949K->49949K(1093632K)
[2020-12-21T16:56:45.259-0500][gc,heap        ] GC(16971) Heap after GC invocations=16972 (full 3461): garbage-first heap   total 64512K, used 43198K [0x0000000083000000, 0x0000000100000000)
[2020-12-21T16:56:45.259-0500][gc,heap        ] GC(16971)   region size 1024K, 0 young (0K), 0 survivors (0K)
[2020-12-21T16:56:45.259-0500][gc,heap        ] GC(16971)  Metaspace       used 49949K, capacity 52104K, committed 53632K, reserved 1093632K
[2020-12-21T16:56:45.259-0500][gc,heap        ] GC(16971)   class space    used 7422K, capacity 8193K, committed 8832K, reserved 1048576K
[2020-12-21T16:56:45.259-0500][gc             ] GC(16971) Pause Full (System.gc()) 43M->42M(63M) 66.661ms
[2020-12-21T16:56:45.259-0500][gc,cpu         ] GC(16971) User=0.28s Sys=0.00s Real=0.07s
[2020-12-21T16:58:25.500-0500][gc,heap        ] GC(16972) Heap before GC invocations=16972 (full 3461): garbage-first heap   total 64512K, used 51390K [0x0000000083000000, 0x0000000100000000)
[2020-12-21T16:58:25.500-0500][gc,heap        ] GC(16972)   region size 1024K, 9 young (9216K), 0 survivors (0K)
[2020-12-21T16:58:25.500-0500][gc,heap        ] GC(16972)  Metaspace       used 49949K, capacity 52104K, committed 53632K, reserved 1093632K
[2020-12-21T16:58:25.500-0500][gc,heap        ] GC(16972)   class space    used 7422K, capacity 8193K, committed 8832K, reserved 1048576K
[2020-12-21T16:58:25.500-0500][gc,start       ] GC(16972) Pause Young (Normal) (G1 Evacuation Pause)
[2020-12-21T16:58:25.500-0500][gc,task        ] GC(16972) Using 8 workers of 8 for evacuation
[2020-12-21T16:58:25.503-0500][gc,phases      ] GC(16972)   Pre Evacuate Collection Set: 0.0ms
[2020-12-21T16:58:25.503-0500][gc,phases      ] GC(16972)   Evacuate Collection Set: 1.0ms
[2020-12-21T16:58:25.503-0500][gc,phases      ] GC(16972)   Post Evacuate Collection Set: 1.5ms
[2020-12-21T16:58:25.503-0500][gc,phases      ] GC(16972)   Other: 0.3ms
[2020-12-21T16:58:25.503-0500][gc,heap        ] GC(16972) Eden regions: 9->0(8)
[2020-12-21T16:58:25.503-0500][gc,heap        ] GC(16972) Survivor regions: 0->1(2)
[2020-12-21T16:58:25.503-0500][gc,heap        ] GC(16972) Old regions: 42->42
[2020-12-21T16:58:25.503-0500][gc,heap        ] GC(16972) Humongous regions: 4->4
[2020-12-21T16:58:25.503-0500][gc,metaspace   ] GC(16972) Metaspace: 49949K->49949K(1093632K)
[2020-12-21T16:58:25.503-0500][gc,heap        ] GC(16972) Heap after GC invocations=16973 (full 3461): garbage-first heap   total 64512K, used 43392K [0x0000000083000000, 0x0000000100000000)
[2020-12-21T16:58:25.503-0500][gc,heap        ] GC(16972)   region size 1024K, 1 young (1024K), 1 survivors (1024K)
[2020-12-21T16:58:25.503-0500][gc,heap        ] GC(16972)  Metaspace       used 49949K, capacity 52104K, committed 53632K, reserved 1093632K
[2020-12-21T16:58:25.503-0500][gc,heap        ] GC(16972)   class space    used 7422K, capacity 8193K, committed 8832K, reserved 1048576K
[2020-12-21T16:58:25.503-0500][gc             ] GC(16972) Pause Young (Normal) (G1 Evacuation Pause) 51M->42M(63M) 2.830ms
[2020-12-21T16:58:25.503-0500][gc,cpu         ] GC(16972) User=0.01s Sys=0.00s Real=0.00s
[2020-12-21T16:59:56.014-0500][gc,heap        ] GC(16973) Heap before GC invocations=16973 (full 3461): garbage-first heap   total 64512K, used 50560K [0x0000000083000000, 0x0000000100000000)
[2020-12-21T16:59:56.014-0500][gc,heap        ] GC(16973)   region size 1024K, 9 young (9216K), 1 survivors (1024K)
[2020-12-21T16:59:56.014-0500][gc,heap        ] GC(16973)  Metaspace       used 49949K, capacity 52104K, committed 53632K, reserved 1093632K
[2020-12-21T16:59:56.014-0500][gc,heap        ] GC(16973)   class space    used 7422K, capacity 8193K, committed 8832K, reserved 1048576K
[2020-12-21T16:59:56.014-0500][gc,start       ] GC(16973) Pause Young (Normal) (G1 Evacuation Pause)
[2020-12-21T16:59:56.014-0500][gc,task        ] GC(16973) Using 8 workers of 8 for evacuation
[2020-12-21T16:59:56.018-0500][gc,phases      ] GC(16973)   Pre Evacuate Collection Set: 0.0ms
[2020-12-21T16:59:56.018-0500][gc,phases      ] GC(16973)   Evacuate Collection Set: 1.3ms
[2020-12-21T16:59:56.018-0500][gc,phases      ] GC(16973)   Post Evacuate Collection Set: 2.3ms
[2020-12-21T16:59:56.018-0500][gc,phases      ] GC(16973)   Other: 0.5ms
[2020-12-21T16:59:56.018-0500][gc,heap        ] GC(16973) Eden regions: 8->0(8)
[2020-12-21T16:59:56.018-0500][gc,heap        ] GC(16973) Survivor regions: 1->1(2)
[2020-12-21T16:59:56.018-0500][gc,heap        ] GC(16973) Old regions: 42->42
[2020-12-21T16:59:56.018-0500][gc,heap        ] GC(16973) Humongous regions: 4->4
[2020-12-21T16:59:56.018-0500][gc,metaspace   ] GC(16973) Metaspace: 49949K->49949K(1093632K)
[2020-12-21T16:59:56.018-0500][gc,heap        ] GC(16973) Heap after GC invocations=16974 (full 3461): garbage-first heap   total 64512K, used 43262K [0x0000000083000000, 0x0000000100000000)
[2020-12-21T16:59:56.018-0500][gc,heap        ] GC(16973)   region size 1024K, 1 young (1024K), 1 survivors (1024K)
[2020-12-21T16:59:56.018-0500][gc,heap        ] GC(16973)  Metaspace       used 49949K, capacity 52104K, committed 53632K, reserved 1093632K
[2020-12-21T16:59:56.018-0500][gc,heap        ] GC(16973)   class space    used 7422K, capacity 8193K, committed 8832K, reserved 1048576K
[2020-12-21T16:59:56.018-0500][gc             ] GC(16973) Pause Young (Normal) (G1 Evacuation Pause) 50M->42M(63M) 4.214ms
[2020-12-21T16:59:56.018-0500][gc,cpu         ] GC(16973) User=0.01s Sys=0.01s Real=0.01s
[2020-12-21T17:01:26.030-0500][gc,heap        ] GC(16974) Heap before GC invocations=16974 (full 3461): garbage-first heap   total 64512K, used 51454K [0x0000000083000000, 0x0000000100000000)
[2020-12-21T17:01:26.030-0500][gc,heap        ] GC(16974)   region size 1024K, 9 young (9216K), 1 survivors (1024K)
[2020-12-21T17:01:26.030-0500][gc,heap        ] GC(16974)  Metaspace       used 49949K, capacity 52104K, committed 53632K, reserved 1093632K
[2020-12-21T17:01:26.030-0500][gc,heap        ] GC(16974)   class space    used 7422K, capacity 8193K, committed 8832K, reserved 1048576K
[2020-12-21T17:01:26.030-0500][gc,start       ] GC(16974) Pause Young (Normal) (G1 Evacuation Pause)
[2020-12-21T17:01:26.030-0500][gc,task        ] GC(16974) Using 8 workers of 8 for evacuation
[2020-12-21T17:01:26.032-0500][gc,phases      ] GC(16974)   Pre Evacuate Collection Set: 0.0ms
[2020-12-21T17:01:26.032-0500][gc,phases      ] GC(16974)   Evacuate Collection Set: 0.8ms
[2020-12-21T17:01:26.032-0500][gc,phases      ] GC(16974)   Post Evacuate Collection Set: 1.0ms
[2020-12-21T17:01:26.032-0500][gc,phases      ] GC(16974)   Other: 0.3ms
[2020-12-21T17:01:26.032-0500][gc,heap        ] GC(16974) Eden regions: 8->0(8)
[2020-12-21T17:01:26.032-0500][gc,heap        ] GC(16974) Survivor regions: 1->1(2)
[2020-12-21T17:01:26.032-0500][gc,heap        ] GC(16974) Old regions: 42->42
[2020-12-21T17:01:26.032-0500][gc,heap        ] GC(16974) Humongous regions: 4->4
[2020-12-21T17:01:26.032-0500][gc,metaspace   ] GC(16974) Metaspace: 49949K->49949K(1093632K)
[2020-12-21T17:01:26.032-0500][gc,heap        ] GC(16974) Heap after GC invocations=16975 (full 3461): garbage-first heap   total 64512K, used 43342K [0x0000000083000000, 0x0000000100000000)
[2020-12-21T17:01:26.032-0500][gc,heap        ] GC(16974)   region size 1024K, 1 young (1024K), 1 survivors (1024K)
[2020-12-21T17:01:26.032-0500][gc,heap        ] GC(16974)  Metaspace       used 49949K, capacity 52104K, committed 53632K, reserved 1093632K
[2020-12-21T17:01:26.032-0500][gc,heap        ] GC(16974)   class space    used 7422K, capacity 8193K, committed 8832K, reserved 1048576K
[2020-12-21T17:01:26.032-0500][gc             ] GC(16974) Pause Young (Normal) (G1 Evacuation Pause) 50M->42M(63M) 2.149ms
[2020-12-21T17:01:26.032-0500][gc,cpu         ] GC(16974) User=0.00s Sys=0.00s Real=0.00s
[2020-12-21T17:01:45.191-0500][gc,task        ] GC(16975) Using 5 workers of 8 for full compaction
[2020-12-21T17:01:45.191-0500][gc,start       ] GC(16975) Pause Full (System.gc())
[2020-12-21T17:01:45.191-0500][gc,heap        ] GC(16975) Heap before GC invocations=16975 (full 3461): garbage-first heap   total 64512K, used 44366K [0x0000000083000000, 0x0000000100000000)
[2020-12-21T17:01:45.191-0500][gc,heap        ] GC(16975)   region size 1024K, 3 young (3072K), 1 survivors (1024K)
[2020-12-21T17:01:45.191-0500][gc,heap        ] GC(16975)  Metaspace       used 49949K, capacity 52104K, committed 53632K, reserved 1093632K
[2020-12-21T17:01:45.191-0500][gc,heap        ] GC(16975)   class space    used 7422K, capacity 8193K, committed 8832K, reserved 1048576K
[2020-12-21T17:01:45.191-0500][gc,phases,start] GC(16975) Phase 1: Mark live objects
[2020-12-21T17:01:45.231-0500][gc,stringtable ] GC(16975) Cleaned string and symbol table, strings: 33107 processed, 4 removed, symbols: 120816 processed, 0 removed
[2020-12-21T17:01:45.231-0500][gc,phases      ] GC(16975) Phase 1: Mark live objects 40.047ms
[2020-12-21T17:01:45.231-0500][gc,phases,start] GC(16975) Phase 2: Prepare for compaction
[2020-12-21T17:01:45.236-0500][gc,phases      ] GC(16975) Phase 2: Prepare for compaction 4.955ms
[2020-12-21T17:01:45.236-0500][gc,phases,start] GC(16975) Phase 3: Adjust pointers
[2020-12-21T17:01:45.250-0500][gc,phases      ] GC(16975) Phase 3: Adjust pointers 13.212ms
[2020-12-21T17:01:45.250-0500][gc,phases,start] GC(16975) Phase 4: Compact heap
[2020-12-21T17:01:45.252-0500][gc,phases      ] GC(16975) Phase 4: Compact heap 2.719ms
[2020-12-21T17:01:45.259-0500][gc,heap        ] GC(16975) Eden regions: 2->0(10)
[2020-12-21T17:01:45.259-0500][gc,heap        ] GC(16975) Survivor regions: 1->0(2)
[2020-12-21T17:01:45.259-0500][gc,heap        ] GC(16975) Old regions: 42->41
[2020-12-21T17:01:45.259-0500][gc,heap        ] GC(16975) Humongous regions: 4->4
[2020-12-21T17:01:45.259-0500][gc,metaspace   ] GC(16975) Metaspace: 49949K->49949K(1093632K)
[2020-12-21T17:01:45.259-0500][gc,heap        ] GC(16975) Heap after GC invocations=16976 (full 3462): garbage-first heap   total 64512K, used 43198K [0x0000000083000000, 0x0000000100000000)
[2020-12-21T17:01:45.259-0500][gc,heap        ] GC(16975)   region size 1024K, 0 young (0K), 0 survivors (0K)
[2020-12-21T17:01:45.259-0500][gc,heap        ] GC(16975)  Metaspace       used 49949K, capacity 52104K, committed 53632K, reserved 1093632K
[2020-12-21T17:01:45.259-0500][gc,heap        ] GC(16975)   class space    used 7422K, capacity 8193K, committed 8832K, reserved 1048576K
[2020-12-21T17:01:45.259-0500][gc             ] GC(16975) Pause Full (System.gc()) 43M->42M(63M) 68.011ms
[2020-12-21T17:01:45.259-0500][gc,cpu         ] GC(16975) User=0.29s Sys=0.00s Real=0.07s
[2020-12-21T17:03:36.017-0500][gc,heap        ] GC(16976) Heap before GC invocations=16976 (full 3462): garbage-first heap   total 64512K, used 52414K [0x0000000083000000, 0x0000000100000000)
[2020-12-21T17:03:36.017-0500][gc,heap        ] GC(16976)   region size 1024K, 10 young (10240K), 0 survivors (0K)
[2020-12-21T17:03:36.018-0500][gc,heap        ] GC(16976)  Metaspace       used 49949K, capacity 52104K, committed 53632K, reserved 1093632K
[2020-12-21T17:03:36.018-0500][gc,heap        ] GC(16976)   class space    used 7422K, capacity 8193K, committed 8832K, reserved 1048576K
[2020-12-21T17:03:36.018-0500][gc,start       ] GC(16976) Pause Young (Normal) (G1 Evacuation Pause)
[2020-12-21T17:03:36.018-0500][gc,task        ] GC(16976) Using 8 workers of 8 for evacuation
[2020-12-21T17:03:36.022-0500][gc,phases      ] GC(16976)   Pre Evacuate Collection Set: 0.0ms
[2020-12-21T17:03:36.022-0500][gc,phases      ] GC(16976)   Evacuate Collection Set: 1.4ms
[2020-12-21T17:03:36.023-0500][gc,phases      ] GC(16976)   Post Evacuate Collection Set: 3.1ms
[2020-12-21T17:03:36.023-0500][gc,phases      ] GC(16976)   Other: 0.6ms
[2020-12-21T17:03:36.023-0500][gc,heap        ] GC(16976) Eden regions: 10->0(9)
[2020-12-21T17:03:36.023-0500][gc,heap        ] GC(16976) Survivor regions: 0->1(2)
[2020-12-21T17:03:36.023-0500][gc,heap        ] GC(16976) Old regions: 41->41
[2020-12-21T17:03:36.023-0500][gc,heap        ] GC(16976) Humongous regions: 4->4
[2020-12-21T17:03:36.023-0500][gc,metaspace   ] GC(16976) Metaspace: 49949K->49949K(1093632K)
[2020-12-21T17:03:36.023-0500][gc,heap        ] GC(16976) Heap after GC invocations=16977 (full 3462): garbage-first heap   total 64512K, used 43267K [0x0000000083000000, 0x0000000100000000)
[2020-12-21T17:03:36.023-0500][gc,heap        ] GC(16976)   region size 1024K, 1 young (1024K), 1 survivors (1024K)
[2020-12-21T17:03:36.023-0500][gc,heap        ] GC(16976)  Metaspace       used 49949K, capacity 52104K, committed 53632K, reserved 1093632K
[2020-12-21T17:03:36.023-0500][gc,heap        ] GC(16976)   class space    used 7422K, capacity 8193K, committed 8832K, reserved 1048576K
[2020-12-21T17:03:36.023-0500][gc             ] GC(16976) Pause Young (Normal) (G1 Evacuation Pause) 52M->42M(63M) 5.206ms
[2020-12-21T17:03:36.023-0500][gc,cpu         ] GC(16976) User=0.01s Sys=0.00s Real=0.01s
[2020-12-21T17:05:26.015-0500][gc,heap        ] GC(16977) Heap before GC invocations=16977 (full 3462): garbage-first heap   total 64512K, used 52483K [0x0000000083000000, 0x0000000100000000)
[2020-12-21T17:05:26.015-0500][gc,heap        ] GC(16977)   region size 1024K, 10 young (10240K), 1 survivors (1024K)
[2020-12-21T17:05:26.015-0500][gc,heap        ] GC(16977)  Metaspace       used 49949K, capacity 52104K, committed 53632K, reserved 1093632K
[2020-12-21T17:05:26.015-0500][gc,heap        ] GC(16977)   class space    used 7422K, capacity 8193K, committed 8832K, reserved 1048576K
[2020-12-21T17:05:26.015-0500][gc,start       ] GC(16977) Pause Young (Normal) (G1 Evacuation Pause)
[2020-12-21T17:05:26.015-0500][gc,task        ] GC(16977) Using 8 workers of 8 for evacuation
[2020-12-21T17:05:26.022-0500][gc,phases      ] GC(16977)   Pre Evacuate Collection Set: 0.0ms
[2020-12-21T17:05:26.022-0500][gc,phases      ] GC(16977)   Evacuate Collection Set: 3.0ms
[2020-12-21T17:05:26.022-0500][gc,phases      ] GC(16977)   Post Evacuate Collection Set: 3.6ms
[2020-12-21T17:05:26.022-0500][gc,phases      ] GC(16977)   Other: 0.5ms
[2020-12-21T17:05:26.022-0500][gc,heap        ] GC(16977) Eden regions: 9->0(9)
[2020-12-21T17:05:26.022-0500][gc,heap        ] GC(16977) Survivor regions: 1->1(2)
[2020-12-21T17:05:26.022-0500][gc,heap        ] GC(16977) Old regions: 41->41
[2020-12-21T17:05:26.022-0500][gc,heap        ] GC(16977) Humongous regions: 4->4
[2020-12-21T17:05:26.022-0500][gc,metaspace   ] GC(16977) Metaspace: 49949K->49949K(1093632K)
[2020-12-21T17:05:26.022-0500][gc,heap        ] GC(16977) Heap after GC invocations=16978 (full 3462): garbage-first heap   total 64512K, used 43268K [0x0000000083000000, 0x0000000100000000)
[2020-12-21T17:05:26.022-0500][gc,heap        ] GC(16977)   region size 1024K, 1 young (1024K), 1 survivors (1024K)
[2020-12-21T17:05:26.022-0500][gc,heap        ] GC(16977)  Metaspace       used 49949K, capacity 52104K, committed 53632K, reserved 1093632K
[2020-12-21T17:05:26.022-0500][gc,heap        ] GC(16977)   class space    used 7422K, capacity 8193K, committed 8832K, reserved 1048576K
[2020-12-21T17:05:26.022-0500][gc             ] GC(16977) Pause Young (Normal) (G1 Evacuation Pause) 51M->42M(63M) 7.252ms
[2020-12-21T17:05:26.023-0500][gc,cpu         ] GC(16977) User=0.02s Sys=0.00s Real=0.01s
[2020-12-21T17:06:45.193-0500][gc,task        ] GC(16978) Using 5 workers of 8 for full compaction
[2020-12-21T17:06:45.193-0500][gc,start       ] GC(16978) Pause Full (System.gc())
[2020-12-21T17:06:45.193-0500][gc,heap        ] GC(16978) Heap before GC invocations=16978 (full 3462): garbage-first heap   total 64512K, used 49412K [0x0000000083000000, 0x0000000100000000)
[2020-12-21T17:06:45.193-0500][gc,heap        ] GC(16978)   region size 1024K, 9 young (9216K), 1 survivors (1024K)
[2020-12-21T17:06:45.193-0500][gc,heap        ] GC(16978)  Metaspace       used 49949K, capacity 52104K, committed 53632K, reserved 1093632K
[2020-12-21T17:06:45.193-0500][gc,heap        ] GC(16978)   class space    used 7422K, capacity 8193K, committed 8832K, reserved 1048576K
[2020-12-21T17:06:45.193-0500][gc,phases,start] GC(16978) Phase 1: Mark live objects
[2020-12-21T17:06:45.231-0500][gc,stringtable ] GC(16978) Cleaned string and symbol table, strings: 33107 processed, 4 removed, symbols: 120816 processed, 0 removed
[2020-12-21T17:06:45.231-0500][gc,phases      ] GC(16978) Phase 1: Mark live objects 37.809ms
[2020-12-21T17:06:45.231-0500][gc,phases,start] GC(16978) Phase 2: Prepare for compaction
[2020-12-21T17:06:45.237-0500][gc,phases      ] GC(16978) Phase 2: Prepare for compaction 5.315ms
[2020-12-21T17:06:45.237-0500][gc,phases,start] GC(16978) Phase 3: Adjust pointers
[2020-12-21T17:06:45.249-0500][gc,phases      ] GC(16978) Phase 3: Adjust pointers 12.564ms
[2020-12-21T17:06:45.249-0500][gc,phases,start] GC(16978) Phase 4: Compact heap
[2020-12-21T17:06:45.252-0500][gc,phases      ] GC(16978) Phase 4: Compact heap 2.568ms
[2020-12-21T17:06:45.258-0500][gc,heap        ] GC(16978) Eden regions: 8->0(10)
[2020-12-21T17:06:45.259-0500][gc,heap        ] GC(16978) Survivor regions: 1->0(2)
[2020-12-21T17:06:45.259-0500][gc,heap        ] GC(16978) Old regions: 41->41
[2020-12-21T17:06:45.259-0500][gc,heap        ] GC(16978) Humongous regions: 4->4
[2020-12-21T17:06:45.259-0500][gc,metaspace   ] GC(16978) Metaspace: 49949K->49949K(1093632K)
[2020-12-21T17:06:45.259-0500][gc,heap        ] GC(16978) Heap after GC invocations=16979 (full 3463): garbage-first heap   total 64512K, used 43219K [0x0000000083000000, 0x0000000100000000)
[2020-12-21T17:06:45.259-0500][gc,heap        ] GC(16978)   region size 1024K, 0 young (0K), 0 survivors (0K)
[2020-12-21T17:06:45.259-0500][gc,heap        ] GC(16978)  Metaspace       used 49949K, capacity 52104K, committed 53632K, reserved 1093632K
[2020-12-21T17:06:45.259-0500][gc,heap        ] GC(16978)   class space    used 7422K, capacity 8193K, committed 8832K, reserved 1048576K
[2020-12-21T17:06:45.259-0500][gc             ] GC(16978) Pause Full (System.gc()) 49M->42M(63M) 65.776ms
[2020-12-21T17:06:45.259-0500][gc,cpu         ] GC(16978) User=0.28s Sys=0.00s Real=0.07s
[2020-12-21T17:08:27.126-0500][gc,heap        ] GC(16979) Heap before GC invocations=16979 (full 3463): garbage-first heap   total 64512K, used 52435K [0x0000000083000000, 0x0000000100000000)
[2020-12-21T17:08:27.126-0500][gc,heap        ] GC(16979)   region size 1024K, 10 young (10240K), 0 survivors (0K)
[2020-12-21T17:08:27.126-0500][gc,heap        ] GC(16979)  Metaspace       used 49949K, capacity 52104K, committed 53632K, reserved 1093632K
[2020-12-21T17:08:27.126-0500][gc,heap        ] GC(16979)   class space    used 7422K, capacity 8193K, committed 8832K, reserved 1048576K
[2020-12-21T17:08:27.126-0500][gc,start       ] GC(16979) Pause Young (Normal) (G1 Evacuation Pause)
[2020-12-21T17:08:27.126-0500][gc,task        ] GC(16979) Using 8 workers of 8 for evacuation
[2020-12-21T17:08:27.130-0500][gc,phases      ] GC(16979)   Pre Evacuate Collection Set: 0.0ms
[2020-12-21T17:08:27.130-0500][gc,phases      ] GC(16979)   Evacuate Collection Set: 0.9ms
[2020-12-21T17:08:27.130-0500][gc,phases      ] GC(16979)   Post Evacuate Collection Set: 3.5ms
[2020-12-21T17:08:27.130-0500][gc,phases      ] GC(16979)   Other: 0.3ms
[2020-12-21T17:08:27.130-0500][gc,heap        ] GC(16979) Eden regions: 10->0(9)
[2020-12-21T17:08:27.130-0500][gc,heap        ] GC(16979) Survivor regions: 0->1(2)
[2020-12-21T17:08:27.130-0500][gc,heap        ] GC(16979) Old regions: 41->41
[2020-12-21T17:08:27.131-0500][gc,heap        ] GC(16979) Humongous regions: 4->4
[2020-12-21T17:08:27.131-0500][gc,metaspace   ] GC(16979) Metaspace: 49949K->49949K(1093632K)
[2020-12-21T17:08:27.131-0500][gc,heap        ] GC(16979) Heap after GC invocations=16980 (full 3463): garbage-first heap   total 64512K, used 43462K [0x0000000083000000, 0x0000000100000000)
[2020-12-21T17:08:27.131-0500][gc,heap        ] GC(16979)   region size 1024K, 1 young (1024K), 1 survivors (1024K)
[2020-12-21T17:08:27.131-0500][gc,heap        ] GC(16979)  Metaspace       used 49949K, capacity 52104K, committed 53632K, reserved 1093632K
[2020-12-21T17:08:27.131-0500][gc,heap        ] GC(16979)   class space    used 7422K, capacity 8193K, committed 8832K, reserved 1048576K
[2020-12-21T17:08:27.131-0500][gc             ] GC(16979) Pause Young (Normal) (G1 Evacuation Pause) 52M->42M(63M) 4.799ms
[2020-12-21T17:08:27.131-0500][gc,cpu         ] GC(16979) User=0.02s Sys=0.01s Real=0.01s
[2020-12-21T17:10:16.013-0500][gc,heap        ] GC(16980) Heap before GC invocations=16980 (full 3463): garbage-first heap   total 64512K, used 51654K [0x0000000083000000, 0x0000000100000000)
[2020-12-21T17:10:16.013-0500][gc,heap        ] GC(16980)   region size 1024K, 10 young (10240K), 1 survivors (1024K)
[2020-12-21T17:10:16.013-0500][gc,heap        ] GC(16980)  Metaspace       used 49949K, capacity 52104K, committed 53632K, reserved 1093632K
[2020-12-21T17:10:16.013-0500][gc,heap        ] GC(16980)   class space    used 7422K, capacity 8193K, committed 8832K, reserved 1048576K
[2020-12-21T17:10:16.013-0500][gc,start       ] GC(16980) Pause Young (Normal) (G1 Evacuation Pause)
[2020-12-21T17:10:16.013-0500][gc,task        ] GC(16980) Using 8 workers of 8 for evacuation
[2020-12-21T17:10:16.020-0500][gc,phases      ] GC(16980)   Pre Evacuate Collection Set: 0.0ms
[2020-12-21T17:10:16.020-0500][gc,phases      ] GC(16980)   Evacuate Collection Set: 1.7ms
[2020-12-21T17:10:16.020-0500][gc,phases      ] GC(16980)   Post Evacuate Collection Set: 4.9ms
[2020-12-21T17:10:16.020-0500][gc,phases      ] GC(16980)   Other: 0.5ms
[2020-12-21T17:10:16.020-0500][gc,heap        ] GC(16980) Eden regions: 9->0(9)
[2020-12-21T17:10:16.020-0500][gc,heap        ] GC(16980) Survivor regions: 1->1(2)
[2020-12-21T17:10:16.020-0500][gc,heap        ] GC(16980) Old regions: 41->41
[2020-12-21T17:10:16.020-0500][gc,heap        ] GC(16980) Humongous regions: 4->4
[2020-12-21T17:10:16.020-0500][gc,metaspace   ] GC(16980) Metaspace: 49949K->49949K(1093632K)
[2020-12-21T17:10:16.020-0500][gc,heap        ] GC(16980) Heap after GC invocations=16981 (full 3463): garbage-first heap   total 64512K, used 43294K [0x0000000083000000, 0x0000000100000000)
[2020-12-21T17:10:16.020-0500][gc,heap        ] GC(16980)   region size 1024K, 1 young (1024K), 1 survivors (1024K)
[2020-12-21T17:10:16.020-0500][gc,heap        ] GC(16980)  Metaspace       used 49949K, capacity 52104K, committed 53632K, reserved 1093632K
[2020-12-21T17:10:16.020-0500][gc,heap        ] GC(16980)   class space    used 7422K, capacity 8193K, committed 8832K, reserved 1048576K
[2020-12-21T17:10:16.020-0500][gc             ] GC(16980) Pause Young (Normal) (G1 Evacuation Pause) 51M->42M(63M) 7.158ms
[2020-12-21T17:10:16.020-0500][gc,cpu         ] GC(16980) User=0.02s Sys=0.01s Real=0.01s
[2020-12-21T17:11:45.192-0500][gc,task        ] GC(16981) Using 5 workers of 8 for full compaction
[2020-12-21T17:11:45.192-0500][gc,start       ] GC(16981) Pause Full (System.gc())
[2020-12-21T17:11:45.192-0500][gc,heap        ] GC(16981) Heap before GC invocations=16981 (full 3463): garbage-first heap   total 64512K, used 49438K [0x0000000083000000, 0x0000000100000000)
[2020-12-21T17:11:45.192-0500][gc,heap        ] GC(16981)   region size 1024K, 9 young (9216K), 1 survivors (1024K)
[2020-12-21T17:11:45.192-0500][gc,heap        ] GC(16981)  Metaspace       used 49949K, capacity 52104K, committed 53632K, reserved 1093632K
[2020-12-21T17:11:45.192-0500][gc,heap        ] GC(16981)   class space    used 7422K, capacity 8193K, committed 8832K, reserved 1048576K
[2020-12-21T17:11:45.192-0500][gc,phases,start] GC(16981) Phase 1: Mark live objects
[2020-12-21T17:11:45.231-0500][gc,stringtable ] GC(16981) Cleaned string and symbol table, strings: 33107 processed, 4 removed, symbols: 120816 processed, 0 removed
[2020-12-21T17:11:45.231-0500][gc,phases      ] GC(16981) Phase 1: Mark live objects 38.820ms
[2020-12-21T17:11:45.231-0500][gc,phases,start] GC(16981) Phase 2: Prepare for compaction
[2020-12-21T17:11:45.236-0500][gc,phases      ] GC(16981) Phase 2: Prepare for compaction 4.803ms
[2020-12-21T17:11:45.236-0500][gc,phases,start] GC(16981) Phase 3: Adjust pointers
[2020-12-21T17:11:45.249-0500][gc,phases      ] GC(16981) Phase 3: Adjust pointers 13.032ms
[2020-12-21T17:11:45.249-0500][gc,phases,start] GC(16981) Phase 4: Compact heap
[2020-12-21T17:11:45.252-0500][gc,phases      ] GC(16981) Phase 4: Compact heap 2.957ms
[2020-12-21T17:11:45.258-0500][gc,heap        ] GC(16981) Eden regions: 8->0(9)
[2020-12-21T17:11:45.258-0500][gc,heap        ] GC(16981) Survivor regions: 1->0(2)
[2020-12-21T17:11:45.258-0500][gc,heap        ] GC(16981) Old regions: 41->42
[2020-12-21T17:11:45.258-0500][gc,heap        ] GC(16981) Humongous regions: 4->4
[2020-12-21T17:11:45.258-0500][gc,metaspace   ] GC(16981) Metaspace: 49949K->49949K(1093632K)
[2020-12-21T17:11:45.258-0500][gc,heap        ] GC(16981) Heap after GC invocations=16982 (full 3464): garbage-first heap   total 64512K, used 43220K [0x0000000083000000, 0x0000000100000000)
[2020-12-21T17:11:45.258-0500][gc,heap        ] GC(16981)   region size 1024K, 0 young (0K), 0 survivors (0K)
[2020-12-21T17:11:45.258-0500][gc,heap        ] GC(16981)  Metaspace       used 49949K, capacity 52104K, committed 53632K, reserved 1093632K
[2020-12-21T17:11:45.258-0500][gc,heap        ] GC(16981)   class space    used 7422K, capacity 8193K, committed 8832K, reserved 1048576K
[2020-12-21T17:11:45.258-0500][gc             ] GC(16981) Pause Full (System.gc()) 49M->42M(63M) 66.107ms
[2020-12-21T17:11:45.258-0500][gc,cpu         ] GC(16981) User=0.28s Sys=0.00s Real=0.07s
[2020-12-21T17:13:27.836-0500][gc,heap        ] GC(16982) Heap before GC invocations=16982 (full 3464): garbage-first heap   total 64512K, used 51412K [0x0000000083000000, 0x0000000100000000)
[2020-12-21T17:13:27.836-0500][gc,heap        ] GC(16982)   region size 1024K, 9 young (9216K), 0 survivors (0K)
[2020-12-21T17:13:27.836-0500][gc,heap        ] GC(16982)  Metaspace       used 49949K, capacity 52104K, committed 53632K, reserved 1093632K
[2020-12-21T17:13:27.836-0500][gc,heap        ] GC(16982)   class space    used 7422K, capacity 8193K, committed 8832K, reserved 1048576K
[2020-12-21T17:13:27.836-0500][gc,start       ] GC(16982) Pause Young (Normal) (G1 Evacuation Pause)
[2020-12-21T17:13:27.836-0500][gc,task        ] GC(16982) Using 8 workers of 8 for evacuation
[2020-12-21T17:13:27.839-0500][gc,phases      ] GC(16982)   Pre Evacuate Collection Set: 0.0ms
[2020-12-21T17:13:27.839-0500][gc,phases      ] GC(16982)   Evacuate Collection Set: 1.2ms
[2020-12-21T17:13:27.839-0500][gc,phases      ] GC(16982)   Post Evacuate Collection Set: 1.4ms
[2020-12-21T17:13:27.839-0500][gc,phases      ] GC(16982)   Other: 0.4ms
[2020-12-21T17:13:27.839-0500][gc,heap        ] GC(16982) Eden regions: 9->0(8)
[2020-12-21T17:13:27.839-0500][gc,heap        ] GC(16982) Survivor regions: 0->1(2)
[2020-12-21T17:13:27.839-0500][gc,heap        ] GC(16982) Old regions: 42->42
[2020-12-21T17:13:27.839-0500][gc,heap        ] GC(16982) Humongous regions: 4->4
[2020-12-21T17:13:27.839-0500][gc,metaspace   ] GC(16982) Metaspace: 49949K->49949K(1093632K)
[2020-12-21T17:13:27.839-0500][gc,heap        ] GC(16982) Heap after GC invocations=16983 (full 3464): garbage-first heap   total 64512K, used 43288K [0x0000000083000000, 0x0000000100000000)
[2020-12-21T17:13:27.839-0500][gc,heap        ] GC(16982)   region size 1024K, 1 young (1024K), 1 survivors (1024K)
[2020-12-21T17:13:27.839-0500][gc,heap        ] GC(16982)  Metaspace       used 49949K, capacity 52104K, committed 53632K, reserved 1093632K
[2020-12-21T17:13:27.839-0500][gc,heap        ] GC(16982)   class space    used 7422K, capacity 8193K, committed 8832K, reserved 1048576K
[2020-12-21T17:13:27.840-0500][gc             ] GC(16982) Pause Young (Normal) (G1 Evacuation Pause) 51M->42M(63M) 3.122ms
[2020-12-21T17:13:27.840-0500][gc,cpu         ] GC(16982) User=0.00s Sys=0.01s Real=0.01s
[2020-12-21T17:14:58.191-0500][gc,heap        ] GC(16983) Heap before GC invocations=16983 (full 3464): garbage-first heap   total 64512K, used 50456K [0x0000000083000000, 0x0000000100000000)
[2020-12-21T17:14:58.191-0500][gc,heap        ] GC(16983)   region size 1024K, 9 young (9216K), 1 survivors (1024K)
[2020-12-21T17:14:58.191-0500][gc,heap        ] GC(16983)  Metaspace       used 49949K, capacity 52104K, committed 53632K, reserved 1093632K
[2020-12-21T17:14:58.191-0500][gc,heap        ] GC(16983)   class space    used 7422K, capacity 8193K, committed 8832K, reserved 1048576K
[2020-12-21T17:14:58.191-0500][gc,start       ] GC(16983) Pause Young (Normal) (G1 Evacuation Pause)
[2020-12-21T17:14:58.191-0500][gc,task        ] GC(16983) Using 8 workers of 8 for evacuation
[2020-12-21T17:14:58.196-0500][gc,phases      ] GC(16983)   Pre Evacuate Collection Set: 0.0ms
[2020-12-21T17:14:58.196-0500][gc,phases      ] GC(16983)   Evacuate Collection Set: 1.3ms
[2020-12-21T17:14:58.196-0500][gc,phases      ] GC(16983)   Post Evacuate Collection Set: 3.8ms
[2020-12-21T17:14:58.196-0500][gc,phases      ] GC(16983)   Other: 0.5ms
[2020-12-21T17:14:58.196-0500][gc,heap        ] GC(16983) Eden regions: 8->0(8)
[2020-12-21T17:14:58.196-0500][gc,heap        ] GC(16983) Survivor regions: 1->1(2)
[2020-12-21T17:14:58.196-0500][gc,heap        ] GC(16983) Old regions: 42->42
[2020-12-21T17:14:58.197-0500][gc,heap        ] GC(16983) Humongous regions: 4->4
[2020-12-21T17:14:58.197-0500][gc,metaspace   ] GC(16983) Metaspace: 49949K->49949K(1093632K)
[2020-12-21T17:14:58.197-0500][gc,heap        ] GC(16983) Heap after GC invocations=16984 (full 3464): garbage-first heap   total 64512K, used 43274K [0x0000000083000000, 0x0000000100000000)
[2020-12-21T17:14:58.197-0500][gc,heap        ] GC(16983)   region size 1024K, 1 young (1024K), 1 survivors (1024K)
[2020-12-21T17:14:58.197-0500][gc,heap        ] GC(16983)  Metaspace       used 49949K, capacity 52104K, committed 53632K, reserved 1093632K
[2020-12-21T17:14:58.197-0500][gc,heap        ] GC(16983)   class space    used 7422K, capacity 8193K, committed 8832K, reserved 1048576K
[2020-12-21T17:14:58.197-0500][gc             ] GC(16983) Pause Young (Normal) (G1 Evacuation Pause) 50M->42M(63M) 5.799ms
[2020-12-21T17:14:58.197-0500][gc,cpu         ] GC(16983) User=0.02s Sys=0.00s Real=0.00s
[2020-12-21T17:16:28.460-0500][gc,heap        ] GC(16984) Heap before GC invocations=16984 (full 3464): garbage-first heap   total 64512K, used 51466K [0x0000000083000000, 0x0000000100000000)
[2020-12-21T17:16:28.460-0500][gc,heap        ] GC(16984)   region size 1024K, 9 young (9216K), 1 survivors (1024K)
[2020-12-21T17:16:28.460-0500][gc,heap        ] GC(16984)  Metaspace       used 49949K, capacity 52104K, committed 53632K, reserved 1093632K
[2020-12-21T17:16:28.460-0500][gc,heap        ] GC(16984)   class space    used 7422K, capacity 8193K, committed 8832K, reserved 1048576K
[2020-12-21T17:16:28.460-0500][gc,start       ] GC(16984) Pause Young (Normal) (G1 Evacuation Pause)
[2020-12-21T17:16:28.460-0500][gc,task        ] GC(16984) Using 8 workers of 8 for evacuation
[2020-12-21T17:16:28.463-0500][gc,phases      ] GC(16984)   Pre Evacuate Collection Set: 0.0ms
[2020-12-21T17:16:28.463-0500][gc,phases      ] GC(16984)   Evacuate Collection Set: 0.9ms
[2020-12-21T17:16:28.463-0500][gc,phases      ] GC(16984)   Post Evacuate Collection Set: 1.4ms
[2020-12-21T17:16:28.463-0500][gc,phases      ] GC(16984)   Other: 0.3ms
[2020-12-21T17:16:28.463-0500][gc,heap        ] GC(16984) Eden regions: 8->0(8)
[2020-12-21T17:16:28.463-0500][gc,heap        ] GC(16984) Survivor regions: 1->1(2)
[2020-12-21T17:16:28.463-0500][gc,heap        ] GC(16984) Old regions: 42->42
[2020-12-21T17:16:28.463-0500][gc,heap        ] GC(16984) Humongous regions: 4->4
[2020-12-21T17:16:28.463-0500][gc,metaspace   ] GC(16984) Metaspace: 49949K->49949K(1093632K)
[2020-12-21T17:16:28.463-0500][gc,heap        ] GC(16984) Heap after GC invocations=16985 (full 3464): garbage-first heap   total 64512K, used 43364K [0x0000000083000000, 0x0000000100000000)
[2020-12-21T17:16:28.463-0500][gc,heap        ] GC(16984)   region size 1024K, 1 young (1024K), 1 survivors (1024K)
[2020-12-21T17:16:28.463-0500][gc,heap        ] GC(16984)  Metaspace       used 49949K, capacity 52104K, committed 53632K, reserved 1093632K
[2020-12-21T17:16:28.463-0500][gc,heap        ] GC(16984)   class space    used 7422K, capacity 8193K, committed 8832K, reserved 1048576K
[2020-12-21T17:16:28.463-0500][gc             ] GC(16984) Pause Young (Normal) (G1 Evacuation Pause) 50M->42M(63M) 2.671ms
[2020-12-21T17:16:28.463-0500][gc,cpu         ] GC(16984) User=0.01s Sys=0.00s Real=0.00s
[2020-12-21T17:16:45.189-0500][gc,task        ] GC(16985) Using 5 workers of 8 for full compaction
[2020-12-21T17:16:45.189-0500][gc,start       ] GC(16985) Pause Full (System.gc())
[2020-12-21T17:16:45.189-0500][gc,heap        ] GC(16985) Heap before GC invocations=16985 (full 3464): garbage-first heap   total 64512K, used 44388K [0x0000000083000000, 0x0000000100000000)
[2020-12-21T17:16:45.189-0500][gc,heap        ] GC(16985)   region size 1024K, 3 young (3072K), 1 survivors (1024K)
[2020-12-21T17:16:45.189-0500][gc,heap        ] GC(16985)  Metaspace       used 49949K, capacity 52104K, committed 53632K, reserved 1093632K
[2020-12-21T17:16:45.189-0500][gc,heap        ] GC(16985)   class space    used 7422K, capacity 8193K, committed 8832K, reserved 1048576K
[2020-12-21T17:16:45.190-0500][gc,phases,start] GC(16985) Phase 1: Mark live objects
[2020-12-21T17:16:45.222-0500][gc,stringtable ] GC(16985) Cleaned string and symbol table, strings: 33107 processed, 4 removed, symbols: 120816 processed, 0 removed
[2020-12-21T17:16:45.222-0500][gc,phases      ] GC(16985) Phase 1: Mark live objects 32.388ms
[2020-12-21T17:16:45.222-0500][gc,phases,start] GC(16985) Phase 2: Prepare for compaction
[2020-12-21T17:16:45.226-0500][gc,phases      ] GC(16985) Phase 2: Prepare for compaction 3.581ms
[2020-12-21T17:16:45.226-0500][gc,phases,start] GC(16985) Phase 3: Adjust pointers
[2020-12-21T17:16:45.237-0500][gc,phases      ] GC(16985) Phase 3: Adjust pointers 11.230ms
[2020-12-21T17:16:45.237-0500][gc,phases,start] GC(16985) Phase 4: Compact heap
[2020-12-21T17:16:45.240-0500][gc,phases      ] GC(16985) Phase 4: Compact heap 2.637ms
[2020-12-21T17:16:45.246-0500][gc,heap        ] GC(16985) Eden regions: 2->0(9)
[2020-12-21T17:16:45.246-0500][gc,heap        ] GC(16985) Survivor regions: 1->0(2)
[2020-12-21T17:16:45.246-0500][gc,heap        ] GC(16985) Old regions: 42->42
[2020-12-21T17:16:45.246-0500][gc,heap        ] GC(16985) Humongous regions: 4->4
[2020-12-21T17:16:45.246-0500][gc,metaspace   ] GC(16985) Metaspace: 49949K->49949K(1093632K)
[2020-12-21T17:16:45.246-0500][gc,heap        ] GC(16985) Heap after GC invocations=16986 (full 3465): garbage-first heap   total 64512K, used 43198K [0x0000000083000000, 0x0000000100000000)
[2020-12-21T17:16:45.246-0500][gc,heap        ] GC(16985)   region size 1024K, 0 young (0K), 0 survivors (0K)
[2020-12-21T17:16:45.246-0500][gc,heap        ] GC(16985)  Metaspace       used 49949K, capacity 52104K, committed 53632K, reserved 1093632K
[2020-12-21T17:16:45.246-0500][gc,heap        ] GC(16985)   class space    used 7422K, capacity 8193K, committed 8832K, reserved 1048576K
[2020-12-21T17:16:45.246-0500][gc             ] GC(16985) Pause Full (System.gc()) 43M->42M(63M) 56.930ms
[2020-12-21T17:16:45.246-0500][gc,cpu         ] GC(16985) User=0.23s Sys=0.00s Real=0.05s
[2020-12-21T17:18:28.357-0500][gc,heap        ] GC(16986) Heap before GC invocations=16986 (full 3465): garbage-first heap   total 64512K, used 51390K [0x0000000083000000, 0x0000000100000000)
[2020-12-21T17:18:28.357-0500][gc,heap        ] GC(16986)   region size 1024K, 9 young (9216K), 0 survivors (0K)
[2020-12-21T17:18:28.357-0500][gc,heap        ] GC(16986)  Metaspace       used 49949K, capacity 52104K, committed 53632K, reserved 1093632K
[2020-12-21T17:18:28.357-0500][gc,heap        ] GC(16986)   class space    used 7422K, capacity 8193K, committed 8832K, reserved 1048576K
[2020-12-21T17:18:28.357-0500][gc,start       ] GC(16986) Pause Young (Normal) (G1 Evacuation Pause)
[2020-12-21T17:18:28.357-0500][gc,task        ] GC(16986) Using 8 workers of 8 for evacuation
[2020-12-21T17:18:28.361-0500][gc,phases      ] GC(16986)   Pre Evacuate Collection Set: 0.1ms
[2020-12-21T17:18:28.361-0500][gc,phases      ] GC(16986)   Evacuate Collection Set: 1.0ms
[2020-12-21T17:18:28.361-0500][gc,phases      ] GC(16986)   Post Evacuate Collection Set: 1.9ms
[2020-12-21T17:18:28.361-0500][gc,phases      ] GC(16986)   Other: 0.4ms
[2020-12-21T17:18:28.361-0500][gc,heap        ] GC(16986) Eden regions: 9->0(8)
[2020-12-21T17:18:28.361-0500][gc,heap        ] GC(16986) Survivor regions: 0->1(2)
[2020-12-21T17:18:28.361-0500][gc,heap        ] GC(16986) Old regions: 42->42
[2020-12-21T17:18:28.361-0500][gc,heap        ] GC(16986) Humongous regions: 4->4
[2020-12-21T17:18:28.361-0500][gc,metaspace   ] GC(16986) Metaspace: 49949K->49949K(1093632K)
[2020-12-21T17:18:28.361-0500][gc,heap        ] GC(16986) Heap after GC invocations=16987 (full 3465): garbage-first heap   total 64512K, used 43248K [0x0000000083000000, 0x0000000100000000)
[2020-12-21T17:18:28.361-0500][gc,heap        ] GC(16986)   region size 1024K, 1 young (1024K), 1 survivors (1024K)
[2020-12-21T17:18:28.361-0500][gc,heap        ] GC(16986)  Metaspace       used 49949K, capacity 52104K, committed 53632K, reserved 1093632K
[2020-12-21T17:18:28.361-0500][gc,heap        ] GC(16986)   class space    used 7422K, capacity 8193K, committed 8832K, reserved 1048576K
[2020-12-21T17:18:28.361-0500][gc             ] GC(16986) Pause Young (Normal) (G1 Evacuation Pause) 51M->42M(63M) 3.423ms
[2020-12-21T17:18:28.361-0500][gc,cpu         ] GC(16986) User=0.01s Sys=0.00s Real=0.01s
[2020-12-21T17:19:59.057-0500][gc,heap        ] GC(16987) Heap before GC invocations=16987 (full 3465): garbage-first heap   total 64512K, used 50416K [0x0000000083000000, 0x0000000100000000)
[2020-12-21T17:19:59.057-0500][gc,heap        ] GC(16987)   region size 1024K, 9 young (9216K), 1 survivors (1024K)
[2020-12-21T17:19:59.057-0500][gc,heap        ] GC(16987)  Metaspace       used 49949K, capacity 52104K, committed 53632K, reserved 1093632K
[2020-12-21T17:19:59.057-0500][gc,heap        ] GC(16987)   class space    used 7422K, capacity 8193K, committed 8832K, reserved 1048576K
[2020-12-21T17:19:59.057-0500][gc,start       ] GC(16987) Pause Young (Normal) (G1 Evacuation Pause)
[2020-12-21T17:19:59.057-0500][gc,task        ] GC(16987) Using 8 workers of 8 for evacuation
[2020-12-21T17:19:59.062-0500][gc,phases      ] GC(16987)   Pre Evacuate Collection Set: 0.0ms
[2020-12-21T17:19:59.062-0500][gc,phases      ] GC(16987)   Evacuate Collection Set: 1.1ms
[2020-12-21T17:19:59.062-0500][gc,phases      ] GC(16987)   Post Evacuate Collection Set: 3.8ms
[2020-12-21T17:19:59.062-0500][gc,phases      ] GC(16987)   Other: 0.2ms
[2020-12-21T17:19:59.062-0500][gc,heap        ] GC(16987) Eden regions: 8->0(8)
[2020-12-21T17:19:59.062-0500][gc,heap        ] GC(16987) Survivor regions: 1->1(2)
[2020-12-21T17:19:59.062-0500][gc,heap        ] GC(16987) Old regions: 42->42
[2020-12-21T17:19:59.062-0500][gc,heap        ] GC(16987) Humongous regions: 4->4
[2020-12-21T17:19:59.062-0500][gc,metaspace   ] GC(16987) Metaspace: 49949K->49949K(1093632K)
[2020-12-21T17:19:59.062-0500][gc,heap        ] GC(16987) Heap after GC invocations=16988 (full 3465): garbage-first heap   total 64512K, used 43267K [0x0000000083000000, 0x0000000100000000)
[2020-12-21T17:19:59.062-0500][gc,heap        ] GC(16987)   region size 1024K, 1 young (1024K), 1 survivors (1024K)
[2020-12-21T17:19:59.062-0500][gc,heap        ] GC(16987)  Metaspace       used 49949K, capacity 52104K, committed 53632K, reserved 1093632K
[2020-12-21T17:19:59.062-0500][gc,heap        ] GC(16987)   class space    used 7422K, capacity 8193K, committed 8832K, reserved 1048576K
[2020-12-21T17:19:59.062-0500][gc             ] GC(16987) Pause Young (Normal) (G1 Evacuation Pause) 50M->42M(63M) 5.233ms
[2020-12-21T17:19:59.062-0500][gc,cpu         ] GC(16987) User=0.01s Sys=0.01s Real=0.01s
[2020-12-21T17:21:29.327-0500][gc,heap        ] GC(16988) Heap before GC invocations=16988 (full 3465): garbage-first heap   total 64512K, used 50435K [0x0000000083000000, 0x0000000100000000)
[2020-12-21T17:21:29.328-0500][gc,heap        ] GC(16988)   region size 1024K, 9 young (9216K), 1 survivors (1024K)
[2020-12-21T17:21:29.328-0500][gc,heap        ] GC(16988)  Metaspace       used 49949K, capacity 52104K, committed 53632K, reserved 1093632K
[2020-12-21T17:21:29.328-0500][gc,heap        ] GC(16988)   class space    used 7422K, capacity 8193K, committed 8832K, reserved 1048576K
[2020-12-21T17:21:29.328-0500][gc,start       ] GC(16988) Pause Young (Normal) (G1 Evacuation Pause)
[2020-12-21T17:21:29.328-0500][gc,task        ] GC(16988) Using 8 workers of 8 for evacuation
[2020-12-21T17:21:29.332-0500][gc,phases      ] GC(16988)   Pre Evacuate Collection Set: 0.0ms
[2020-12-21T17:21:29.332-0500][gc,phases      ] GC(16988)   Evacuate Collection Set: 0.6ms
[2020-12-21T17:21:29.332-0500][gc,phases      ] GC(16988)   Post Evacuate Collection Set: 3.5ms
[2020-12-21T17:21:29.332-0500][gc,phases      ] GC(16988)   Other: 0.3ms
[2020-12-21T17:21:29.332-0500][gc,heap        ] GC(16988) Eden regions: 8->0(8)
[2020-12-21T17:21:29.332-0500][gc,heap        ] GC(16988) Survivor regions: 1->1(2)
[2020-12-21T17:21:29.332-0500][gc,heap        ] GC(16988) Old regions: 42->42
[2020-12-21T17:21:29.332-0500][gc,heap        ] GC(16988) Humongous regions: 4->4
[2020-12-21T17:21:29.332-0500][gc,metaspace   ] GC(16988) Metaspace: 49949K->49949K(1093632K)
[2020-12-21T17:21:29.332-0500][gc,heap        ] GC(16988) Heap after GC invocations=16989 (full 3465): garbage-first heap   total 64512K, used 43326K [0x0000000083000000, 0x0000000100000000)
[2020-12-21T17:21:29.332-0500][gc,heap        ] GC(16988)   region size 1024K, 1 young (1024K), 1 survivors (1024K)
[2020-12-21T17:21:29.332-0500][gc,heap        ] GC(16988)  Metaspace       used 49949K, capacity 52104K, committed 53632K, reserved 1093632K
[2020-12-21T17:21:29.332-0500][gc,heap        ] GC(16988)   class space    used 7422K, capacity 8193K, committed 8832K, reserved 1048576K
[2020-12-21T17:21:29.332-0500][gc             ] GC(16988) Pause Young (Normal) (G1 Evacuation Pause) 50M->42M(63M) 4.509ms
[2020-12-21T17:21:29.332-0500][gc,cpu         ] GC(16988) User=0.02s Sys=0.01s Real=0.01s
[2020-12-21T17:21:45.193-0500][gc,task        ] GC(16989) Using 5 workers of 8 for full compaction
[2020-12-21T17:21:45.193-0500][gc,start       ] GC(16989) Pause Full (System.gc())
[2020-12-21T17:21:45.193-0500][gc,heap        ] GC(16989) Heap before GC invocations=16989 (full 3465): garbage-first heap   total 64512K, used 44350K [0x0000000083000000, 0x0000000100000000)
[2020-12-21T17:21:45.193-0500][gc,heap        ] GC(16989)   region size 1024K, 3 young (3072K), 1 survivors (1024K)
[2020-12-21T17:21:45.193-0500][gc,heap        ] GC(16989)  Metaspace       used 49949K, capacity 52104K, committed 53632K, reserved 1093632K
[2020-12-21T17:21:45.193-0500][gc,heap        ] GC(16989)   class space    used 7422K, capacity 8193K, committed 8832K, reserved 1048576K
[2020-12-21T17:21:45.194-0500][gc,phases,start] GC(16989) Phase 1: Mark live objects
[2020-12-21T17:21:45.232-0500][gc,stringtable ] GC(16989) Cleaned string and symbol table, strings: 33107 processed, 4 removed, symbols: 120816 processed, 0 removed
[2020-12-21T17:21:45.232-0500][gc,phases      ] GC(16989) Phase 1: Mark live objects 38.321ms
[2020-12-21T17:21:45.232-0500][gc,phases,start] GC(16989) Phase 2: Prepare for compaction
[2020-12-21T17:21:45.235-0500][gc,phases      ] GC(16989) Phase 2: Prepare for compaction 3.055ms
[2020-12-21T17:21:45.235-0500][gc,phases,start] GC(16989) Phase 3: Adjust pointers
[2020-12-21T17:21:45.247-0500][gc,phases      ] GC(16989) Phase 3: Adjust pointers 11.077ms
[2020-12-21T17:21:45.247-0500][gc,phases,start] GC(16989) Phase 4: Compact heap
[2020-12-21T17:21:45.249-0500][gc,phases      ] GC(16989) Phase 4: Compact heap 2.748ms
[2020-12-21T17:21:45.255-0500][gc,heap        ] GC(16989) Eden regions: 2->0(9)
[2020-12-21T17:21:45.255-0500][gc,heap        ] GC(16989) Survivor regions: 1->0(2)
[2020-12-21T17:21:45.255-0500][gc,heap        ] GC(16989) Old regions: 42->42
[2020-12-21T17:21:45.255-0500][gc,heap        ] GC(16989) Humongous regions: 4->4
[2020-12-21T17:21:45.255-0500][gc,metaspace   ] GC(16989) Metaspace: 49949K->49949K(1093632K)
[2020-12-21T17:21:45.255-0500][gc,heap        ] GC(16989) Heap after GC invocations=16990 (full 3466): garbage-first heap   total 64512K, used 43196K [0x0000000083000000, 0x0000000100000000)
[2020-12-21T17:21:45.255-0500][gc,heap        ] GC(16989)   region size 1024K, 0 young (0K), 0 survivors (0K)
[2020-12-21T17:21:45.255-0500][gc,heap        ] GC(16989)  Metaspace       used 49949K, capacity 52104K, committed 53632K, reserved 1093632K
[2020-12-21T17:21:45.255-0500][gc,heap        ] GC(16989)   class space    used 7422K, capacity 8193K, committed 8832K, reserved 1048576K
[2020-12-21T17:21:45.255-0500][gc             ] GC(16989) Pause Full (System.gc()) 43M->42M(63M) 62.041ms
[2020-12-21T17:21:45.255-0500][gc,cpu         ] GC(16989) User=0.26s Sys=0.00s Real=0.06s
[2020-12-21T17:23:28.703-0500][gc,heap        ] GC(16990) Heap before GC invocations=16990 (full 3466): garbage-first heap   total 64512K, used 52412K [0x0000000083000000, 0x0000000100000000)
[2020-12-21T17:23:28.703-0500][gc,heap        ] GC(16990)   region size 1024K, 9 young (9216K), 0 survivors (0K)
[2020-12-21T17:23:28.703-0500][gc,heap        ] GC(16990)  Metaspace       used 49949K, capacity 52104K, committed 53632K, reserved 1093632K
[2020-12-21T17:23:28.703-0500][gc,heap        ] GC(16990)   class space    used 7422K, capacity 8193K, committed 8832K, reserved 1048576K
[2020-12-21T17:23:28.703-0500][gc,start       ] GC(16990) Pause Young (Normal) (G1 Evacuation Pause)
[2020-12-21T17:23:28.703-0500][gc,task        ] GC(16990) Using 8 workers of 8 for evacuation
[2020-12-21T17:23:28.709-0500][gc,phases      ] GC(16990)   Pre Evacuate Collection Set: 0.0ms
[2020-12-21T17:23:28.709-0500][gc,phases      ] GC(16990)   Evacuate Collection Set: 2.2ms
[2020-12-21T17:23:28.709-0500][gc,phases      ] GC(16990)   Post Evacuate Collection Set: 3.0ms
[2020-12-21T17:23:28.709-0500][gc,phases      ] GC(16990)   Other: 0.5ms
[2020-12-21T17:23:28.709-0500][gc,heap        ] GC(16990) Eden regions: 9->0(8)
[2020-12-21T17:23:28.709-0500][gc,heap        ] GC(16990) Survivor regions: 0->1(2)
[2020-12-21T17:23:28.709-0500][gc,heap        ] GC(16990) Old regions: 42->42
[2020-12-21T17:23:28.709-0500][gc,heap        ] GC(16990) Humongous regions: 4->4
[2020-12-21T17:23:28.709-0500][gc,metaspace   ] GC(16990) Metaspace: 49949K->49949K(1093632K)
[2020-12-21T17:23:28.709-0500][gc,heap        ] GC(16990) Heap after GC invocations=16991 (full 3466): garbage-first heap   total 64512K, used 43244K [0x0000000083000000, 0x0000000100000000)
[2020-12-21T17:23:28.709-0500][gc,heap        ] GC(16990)   region size 1024K, 1 young (1024K), 1 survivors (1024K)
[2020-12-21T17:23:28.709-0500][gc,heap        ] GC(16990)  Metaspace       used 49949K, capacity 52104K, committed 53632K, reserved 1093632K
[2020-12-21T17:23:28.709-0500][gc,heap        ] GC(16990)   class space    used 7422K, capacity 8193K, committed 8832K, reserved 1048576K
[2020-12-21T17:23:28.709-0500][gc             ] GC(16990) Pause Young (Normal) (G1 Evacuation Pause) 51M->42M(63M) 5.912ms
[2020-12-21T17:23:28.709-0500][gc,cpu         ] GC(16990) User=0.02s Sys=0.00s Real=0.01s
[2020-12-21T17:24:56.019-0500][gc,heap        ] GC(16991) Heap before GC invocations=16991 (full 3466): garbage-first heap   total 64512K, used 50412K [0x0000000083000000, 0x0000000100000000)
[2020-12-21T17:24:56.020-0500][gc,heap        ] GC(16991)   region size 1024K, 9 young (9216K), 1 survivors (1024K)
[2020-12-21T17:24:56.020-0500][gc,heap        ] GC(16991)  Metaspace       used 49949K, capacity 52104K, committed 53632K, reserved 1093632K
[2020-12-21T17:24:56.020-0500][gc,heap        ] GC(16991)   class space    used 7422K, capacity 8193K, committed 8832K, reserved 1048576K
[2020-12-21T17:24:56.020-0500][gc,start       ] GC(16991) Pause Young (Normal) (G1 Evacuation Pause)
[2020-12-21T17:24:56.020-0500][gc,task        ] GC(16991) Using 8 workers of 8 for evacuation
[2020-12-21T17:24:56.024-0500][gc,phases      ] GC(16991)   Pre Evacuate Collection Set: 0.0ms
[2020-12-21T17:24:56.025-0500][gc,phases      ] GC(16991)   Evacuate Collection Set: 1.6ms
[2020-12-21T17:24:56.025-0500][gc,phases      ] GC(16991)   Post Evacuate Collection Set: 2.9ms
[2020-12-21T17:24:56.025-0500][gc,phases      ] GC(16991)   Other: 0.5ms
[2020-12-21T17:24:56.025-0500][gc,heap        ] GC(16991) Eden regions: 8->0(8)
[2020-12-21T17:24:56.025-0500][gc,heap        ] GC(16991) Survivor regions: 1->1(2)
[2020-12-21T17:24:56.025-0500][gc,heap        ] GC(16991) Old regions: 42->42
[2020-12-21T17:24:56.025-0500][gc,heap        ] GC(16991) Humongous regions: 4->4
[2020-12-21T17:24:56.025-0500][gc,metaspace   ] GC(16991) Metaspace: 49949K->49949K(1093632K)
[2020-12-21T17:24:56.025-0500][gc,heap        ] GC(16991) Heap after GC invocations=16992 (full 3466): garbage-first heap   total 64512K, used 43252K [0x0000000083000000, 0x0000000100000000)
[2020-12-21T17:24:56.025-0500][gc,heap        ] GC(16991)   region size 1024K, 1 young (1024K), 1 survivors (1024K)
[2020-12-21T17:24:56.025-0500][gc,heap        ] GC(16991)  Metaspace       used 49949K, capacity 52104K, committed 53632K, reserved 1093632K
[2020-12-21T17:24:56.025-0500][gc,heap        ] GC(16991)   class space    used 7422K, capacity 8193K, committed 8832K, reserved 1048576K
[2020-12-21T17:24:56.025-0500][gc             ] GC(16991) Pause Young (Normal) (G1 Evacuation Pause) 50M->42M(63M) 5.575ms
[2020-12-21T17:24:56.025-0500][gc,cpu         ] GC(16991) User=0.01s Sys=0.00s Real=0.00s
[2020-12-21T17:26:26.015-0500][gc,heap        ] GC(16992) Heap before GC invocations=16992 (full 3466): garbage-first heap   total 64512K, used 50420K [0x0000000083000000, 0x0000000100000000)
[2020-12-21T17:26:26.015-0500][gc,heap        ] GC(16992)   region size 1024K, 9 young (9216K), 1 survivors (1024K)
[2020-12-21T17:26:26.015-0500][gc,heap        ] GC(16992)  Metaspace       used 49949K, capacity 52104K, committed 53632K, reserved 1093632K
[2020-12-21T17:26:26.015-0500][gc,heap        ] GC(16992)   class space    used 7422K, capacity 8193K, committed 8832K, reserved 1048576K
[2020-12-21T17:26:26.015-0500][gc,start       ] GC(16992) Pause Young (Normal) (G1 Evacuation Pause)
[2020-12-21T17:26:26.015-0500][gc,task        ] GC(16992) Using 8 workers of 8 for evacuation
[2020-12-21T17:26:26.021-0500][gc,phases      ] GC(16992)   Pre Evacuate Collection Set: 0.0ms
[2020-12-21T17:26:26.021-0500][gc,phases      ] GC(16992)   Evacuate Collection Set: 2.1ms
[2020-12-21T17:26:26.021-0500][gc,phases      ] GC(16992)   Post Evacuate Collection Set: 3.4ms
[2020-12-21T17:26:26.021-0500][gc,phases      ] GC(16992)   Other: 0.5ms
[2020-12-21T17:26:26.021-0500][gc,heap        ] GC(16992) Eden regions: 8->0(8)
[2020-12-21T17:26:26.021-0500][gc,heap        ] GC(16992) Survivor regions: 1->1(2)
[2020-12-21T17:26:26.021-0500][gc,heap        ] GC(16992) Old regions: 42->42
[2020-12-21T17:26:26.021-0500][gc,heap        ] GC(16992) Humongous regions: 4->4
[2020-12-21T17:26:26.021-0500][gc,metaspace   ] GC(16992) Metaspace: 49949K->49949K(1093632K)
[2020-12-21T17:26:26.021-0500][gc,heap        ] GC(16992) Heap after GC invocations=16993 (full 3466): garbage-first heap   total 64512K, used 43280K [0x0000000083000000, 0x0000000100000000)
[2020-12-21T17:26:26.021-0500][gc,heap        ] GC(16992)   region size 1024K, 1 young (1024K), 1 survivors (1024K)
[2020-12-21T17:26:26.021-0500][gc,heap        ] GC(16992)  Metaspace       used 49949K, capacity 52104K, committed 53632K, reserved 1093632K
[2020-12-21T17:26:26.021-0500][gc,heap        ] GC(16992)   class space    used 7422K, capacity 8193K, committed 8832K, reserved 1048576K
[2020-12-21T17:26:26.021-0500][gc             ] GC(16992) Pause Young (Normal) (G1 Evacuation Pause) 50M->42M(63M) 6.078ms
[2020-12-21T17:26:26.021-0500][gc,cpu         ] GC(16992) User=0.01s Sys=0.01s Real=0.01s
[2020-12-21T17:26:45.190-0500][gc,task        ] GC(16993) Using 5 workers of 8 for full compaction
[2020-12-21T17:26:45.190-0500][gc,start       ] GC(16993) Pause Full (System.gc())
[2020-12-21T17:26:45.190-0500][gc,heap        ] GC(16993) Heap before GC invocations=16993 (full 3466): garbage-first heap   total 64512K, used 44304K [0x0000000083000000, 0x0000000100000000)
[2020-12-21T17:26:45.190-0500][gc,heap        ] GC(16993)   region size 1024K, 3 young (3072K), 1 survivors (1024K)
[2020-12-21T17:26:45.190-0500][gc,heap        ] GC(16993)  Metaspace       used 49949K, capacity 52104K, committed 53632K, reserved 1093632K
[2020-12-21T17:26:45.190-0500][gc,heap        ] GC(16993)   class space    used 7422K, capacity 8193K, committed 8832K, reserved 1048576K
[2020-12-21T17:26:45.191-0500][gc,phases,start] GC(16993) Phase 1: Mark live objects
[2020-12-21T17:26:45.233-0500][gc,stringtable ] GC(16993) Cleaned string and symbol table, strings: 33107 processed, 4 removed, symbols: 120816 processed, 0 removed
[2020-12-21T17:26:45.233-0500][gc,phases      ] GC(16993) Phase 1: Mark live objects 42.579ms
[2020-12-21T17:26:45.233-0500][gc,phases,start] GC(16993) Phase 2: Prepare for compaction
[2020-12-21T17:26:45.237-0500][gc,phases      ] GC(16993) Phase 2: Prepare for compaction 3.166ms
[2020-12-21T17:26:45.237-0500][gc,phases,start] GC(16993) Phase 3: Adjust pointers
[2020-12-21T17:26:45.247-0500][gc,phases      ] GC(16993) Phase 3: Adjust pointers 9.903ms
[2020-12-21T17:26:45.247-0500][gc,phases,start] GC(16993) Phase 4: Compact heap
[2020-12-21T17:26:45.249-0500][gc,phases      ] GC(16993) Phase 4: Compact heap 2.790ms
[2020-12-21T17:26:45.255-0500][gc,heap        ] GC(16993) Eden regions: 2->0(9)
[2020-12-21T17:26:45.255-0500][gc,heap        ] GC(16993) Survivor regions: 1->0(2)
[2020-12-21T17:26:45.255-0500][gc,heap        ] GC(16993) Old regions: 42->42
[2020-12-21T17:26:45.255-0500][gc,heap        ] GC(16993) Humongous regions: 4->4
[2020-12-21T17:26:45.255-0500][gc,metaspace   ] GC(16993) Metaspace: 49949K->49949K(1093632K)
[2020-12-21T17:26:45.255-0500][gc,heap        ] GC(16993) Heap after GC invocations=16994 (full 3467): garbage-first heap   total 64512K, used 43199K [0x0000000083000000, 0x0000000100000000)
[2020-12-21T17:26:45.255-0500][gc,heap        ] GC(16993)   region size 1024K, 0 young (0K), 0 survivors (0K)
[2020-12-21T17:26:45.255-0500][gc,heap        ] GC(16993)  Metaspace       used 49949K, capacity 52104K, committed 53632K, reserved 1093632K
[2020-12-21T17:26:45.255-0500][gc,heap        ] GC(16993)   class space    used 7422K, capacity 8193K, committed 8832K, reserved 1048576K
[2020-12-21T17:26:45.255-0500][gc             ] GC(16993) Pause Full (System.gc()) 44M->42M(63M) 65.171ms
[2020-12-21T17:26:45.255-0500][gc,cpu         ] GC(16993) User=0.28s Sys=0.00s Real=0.06s
[2020-12-21T17:28:26.014-0500][gc,heap        ] GC(16994) Heap before GC invocations=16994 (full 3467): garbage-first heap   total 64512K, used 52415K [0x0000000083000000, 0x0000000100000000)
[2020-12-21T17:28:26.014-0500][gc,heap        ] GC(16994)   region size 1024K, 9 young (9216K), 0 survivors (0K)
[2020-12-21T17:28:26.014-0500][gc,heap        ] GC(16994)  Metaspace       used 49949K, capacity 52104K, committed 53632K, reserved 1093632K
[2020-12-21T17:28:26.014-0500][gc,heap        ] GC(16994)   class space    used 7422K, capacity 8193K, committed 8832K, reserved 1048576K
[2020-12-21T17:28:26.014-0500][gc,start       ] GC(16994) Pause Young (Normal) (G1 Evacuation Pause)
[2020-12-21T17:28:26.014-0500][gc,task        ] GC(16994) Using 8 workers of 8 for evacuation
[2020-12-21T17:28:26.022-0500][gc,phases      ] GC(16994)   Pre Evacuate Collection Set: 0.0ms
[2020-12-21T17:28:26.022-0500][gc,phases      ] GC(16994)   Evacuate Collection Set: 4.0ms
[2020-12-21T17:28:26.022-0500][gc,phases      ] GC(16994)   Post Evacuate Collection Set: 3.5ms
[2020-12-21T17:28:26.022-0500][gc,phases      ] GC(16994)   Other: 0.5ms
[2020-12-21T17:28:26.022-0500][gc,heap        ] GC(16994) Eden regions: 9->0(8)
[2020-12-21T17:28:26.022-0500][gc,heap        ] GC(16994) Survivor regions: 0->1(2)
[2020-12-21T17:28:26.022-0500][gc,heap        ] GC(16994) Old regions: 42->42
[2020-12-21T17:28:26.022-0500][gc,heap        ] GC(16994) Humongous regions: 4->4
[2020-12-21T17:28:26.022-0500][gc,metaspace   ] GC(16994) Metaspace: 49949K->49949K(1093632K)
[2020-12-21T17:28:26.022-0500][gc,heap        ] GC(16994) Heap after GC invocations=16995 (full 3467): garbage-first heap   total 64512K, used 43285K [0x0000000083000000, 0x0000000100000000)
[2020-12-21T17:28:26.022-0500][gc,heap        ] GC(16994)   region size 1024K, 1 young (1024K), 1 survivors (1024K)
[2020-12-21T17:28:26.022-0500][gc,heap        ] GC(16994)  Metaspace       used 49949K, capacity 52104K, committed 53632K, reserved 1093632K
[2020-12-21T17:28:26.022-0500][gc,heap        ] GC(16994)   class space    used 7422K, capacity 8193K, committed 8832K, reserved 1048576K
[2020-12-21T17:28:26.022-0500][gc             ] GC(16994) Pause Young (Normal) (G1 Evacuation Pause) 51M->42M(63M) 8.101ms
[2020-12-21T17:28:26.022-0500][gc,cpu         ] GC(16994) User=0.04s Sys=0.00s Real=0.01s
[2020-12-21T17:29:56.017-0500][gc,heap        ] GC(16995) Heap before GC invocations=16995 (full 3467): garbage-first heap   total 64512K, used 50453K [0x0000000083000000, 0x0000000100000000)
[2020-12-21T17:29:56.017-0500][gc,heap        ] GC(16995)   region size 1024K, 9 young (9216K), 1 survivors (1024K)
[2020-12-21T17:29:56.017-0500][gc,heap        ] GC(16995)  Metaspace       used 49949K, capacity 52104K, committed 53632K, reserved 1093632K
[2020-12-21T17:29:56.017-0500][gc,heap        ] GC(16995)   class space    used 7422K, capacity 8193K, committed 8832K, reserved 1048576K
[2020-12-21T17:29:56.017-0500][gc,start       ] GC(16995) Pause Young (Normal) (G1 Evacuation Pause)
[2020-12-21T17:29:56.017-0500][gc,task        ] GC(16995) Using 8 workers of 8 for evacuation
[2020-12-21T17:29:56.023-0500][gc,phases      ] GC(16995)   Pre Evacuate Collection Set: 0.1ms
[2020-12-21T17:29:56.023-0500][gc,phases      ] GC(16995)   Evacuate Collection Set: 2.7ms
[2020-12-21T17:29:56.023-0500][gc,phases      ] GC(16995)   Post Evacuate Collection Set: 3.0ms
[2020-12-21T17:29:56.023-0500][gc,phases      ] GC(16995)   Other: 0.5ms
[2020-12-21T17:29:56.023-0500][gc,heap        ] GC(16995) Eden regions: 8->0(8)
[2020-12-21T17:29:56.023-0500][gc,heap        ] GC(16995) Survivor regions: 1->1(2)
[2020-12-21T17:29:56.023-0500][gc,heap        ] GC(16995) Old regions: 42->42
[2020-12-21T17:29:56.023-0500][gc,heap        ] GC(16995) Humongous regions: 4->4
[2020-12-21T17:29:56.023-0500][gc,metaspace   ] GC(16995) Metaspace: 49949K->49949K(1093632K)
[2020-12-21T17:29:56.023-0500][gc,heap        ] GC(16995) Heap after GC invocations=16996 (full 3467): garbage-first heap   total 64512K, used 43279K [0x0000000083000000, 0x0000000100000000)
[2020-12-21T17:29:56.023-0500][gc,heap        ] GC(16995)   region size 1024K, 1 young (1024K), 1 survivors (1024K)
[2020-12-21T17:29:56.023-0500][gc,heap        ] GC(16995)  Metaspace       used 49949K, capacity 52104K, committed 53632K, reserved 1093632K
[2020-12-21T17:29:56.024-0500][gc,heap        ] GC(16995)   class space    used 7422K, capacity 8193K, committed 8832K, reserved 1048576K
[2020-12-21T17:29:56.024-0500][gc             ] GC(16995) Pause Young (Normal) (G1 Evacuation Pause) 50M->42M(63M) 6.611ms
[2020-12-21T17:29:56.024-0500][gc,cpu         ] GC(16995) User=0.01s Sys=0.01s Real=0.01s
[2020-12-21T17:31:26.020-0500][gc,heap        ] GC(16996) Heap before GC invocations=16996 (full 3467): garbage-first heap   total 64512K, used 50447K [0x0000000083000000, 0x0000000100000000)
[2020-12-21T17:31:26.020-0500][gc,heap        ] GC(16996)   region size 1024K, 9 young (9216K), 1 survivors (1024K)
[2020-12-21T17:31:26.020-0500][gc,heap        ] GC(16996)  Metaspace       used 49949K, capacity 52104K, committed 53632K, reserved 1093632K
[2020-12-21T17:31:26.020-0500][gc,heap        ] GC(16996)   class space    used 7422K, capacity 8193K, committed 8832K, reserved 1048576K
[2020-12-21T17:31:26.020-0500][gc,start       ] GC(16996) Pause Young (Normal) (G1 Evacuation Pause)
[2020-12-21T17:31:26.020-0500][gc,task        ] GC(16996) Using 8 workers of 8 for evacuation
[2020-12-21T17:31:26.024-0500][gc,phases      ] GC(16996)   Pre Evacuate Collection Set: 0.0ms
[2020-12-21T17:31:26.024-0500][gc,phases      ] GC(16996)   Evacuate Collection Set: 1.7ms
[2020-12-21T17:31:26.024-0500][gc,phases      ] GC(16996)   Post Evacuate Collection Set: 2.2ms
[2020-12-21T17:31:26.024-0500][gc,phases      ] GC(16996)   Other: 0.5ms
[2020-12-21T17:31:26.024-0500][gc,heap        ] GC(16996) Eden regions: 8->0(8)
[2020-12-21T17:31:26.024-0500][gc,heap        ] GC(16996) Survivor regions: 1->1(2)
[2020-12-21T17:31:26.024-0500][gc,heap        ] GC(16996) Old regions: 42->42
[2020-12-21T17:31:26.024-0500][gc,heap        ] GC(16996) Humongous regions: 4->4
[2020-12-21T17:31:26.024-0500][gc,metaspace   ] GC(16996) Metaspace: 49949K->49949K(1093632K)
[2020-12-21T17:31:26.024-0500][gc,heap        ] GC(16996) Heap after GC invocations=16997 (full 3467): garbage-first heap   total 64512K, used 43249K [0x0000000083000000, 0x0000000100000000)
[2020-12-21T17:31:26.024-0500][gc,heap        ] GC(16996)   region size 1024K, 1 young (1024K), 1 survivors (1024K)
[2020-12-21T17:31:26.024-0500][gc,heap        ] GC(16996)  Metaspace       used 49949K, capacity 52104K, committed 53632K, reserved 1093632K
[2020-12-21T17:31:26.025-0500][gc,heap        ] GC(16996)   class space    used 7422K, capacity 8193K, committed 8832K, reserved 1048576K
[2020-12-21T17:31:26.025-0500][gc             ] GC(16996) Pause Young (Normal) (G1 Evacuation Pause) 50M->42M(63M) 4.585ms
[2020-12-21T17:31:26.025-0500][gc,cpu         ] GC(16996) User=0.01s Sys=0.00s Real=0.00s
[2020-12-21T17:31:45.190-0500][gc,task        ] GC(16997) Using 5 workers of 8 for full compaction
[2020-12-21T17:31:45.191-0500][gc,start       ] GC(16997) Pause Full (System.gc())
[2020-12-21T17:31:45.191-0500][gc,heap        ] GC(16997) Heap before GC invocations=16997 (full 3467): garbage-first heap   total 64512K, used 44273K [0x0000000083000000, 0x0000000100000000)
[2020-12-21T17:31:45.191-0500][gc,heap        ] GC(16997)   region size 1024K, 3 young (3072K), 1 survivors (1024K)
[2020-12-21T17:31:45.191-0500][gc,heap        ] GC(16997)  Metaspace       used 49949K, capacity 52104K, committed 53632K, reserved 1093632K
[2020-12-21T17:31:45.191-0500][gc,heap        ] GC(16997)   class space    used 7422K, capacity 8193K, committed 8832K, reserved 1048576K
[2020-12-21T17:31:45.191-0500][gc,phases,start] GC(16997) Phase 1: Mark live objects
[2020-12-21T17:31:45.235-0500][gc,stringtable ] GC(16997) Cleaned string and symbol table, strings: 33107 processed, 4 removed, symbols: 120816 processed, 0 removed
[2020-12-21T17:31:45.235-0500][gc,phases      ] GC(16997) Phase 1: Mark live objects 43.627ms
[2020-12-21T17:31:45.235-0500][gc,phases,start] GC(16997) Phase 2: Prepare for compaction
[2020-12-21T17:31:45.239-0500][gc,phases      ] GC(16997) Phase 2: Prepare for compaction 3.899ms
[2020-12-21T17:31:45.239-0500][gc,phases,start] GC(16997) Phase 3: Adjust pointers
[2020-12-21T17:31:45.249-0500][gc,phases      ] GC(16997) Phase 3: Adjust pointers 10.126ms
[2020-12-21T17:31:45.249-0500][gc,phases,start] GC(16997) Phase 4: Compact heap
[2020-12-21T17:31:45.252-0500][gc,phases      ] GC(16997) Phase 4: Compact heap 3.319ms
[2020-12-21T17:31:45.258-0500][gc,heap        ] GC(16997) Eden regions: 2->0(10)
[2020-12-21T17:31:45.258-0500][gc,heap        ] GC(16997) Survivor regions: 1->0(2)
[2020-12-21T17:31:45.258-0500][gc,heap        ] GC(16997) Old regions: 42->41
[2020-12-21T17:31:45.258-0500][gc,heap        ] GC(16997) Humongous regions: 4->4
[2020-12-21T17:31:45.258-0500][gc,metaspace   ] GC(16997) Metaspace: 49949K->49949K(1093632K)
[2020-12-21T17:31:45.258-0500][gc,heap        ] GC(16997) Heap after GC invocations=16998 (full 3468): garbage-first heap   total 64512K, used 43198K [0x0000000083000000, 0x0000000100000000)
[2020-12-21T17:31:45.258-0500][gc,heap        ] GC(16997)   region size 1024K, 0 young (0K), 0 survivors (0K)
[2020-12-21T17:31:45.258-0500][gc,heap        ] GC(16997)  Metaspace       used 49949K, capacity 52104K, committed 53632K, reserved 1093632K
[2020-12-21T17:31:45.258-0500][gc,heap        ] GC(16997)   class space    used 7422K, capacity 8193K, committed 8832K, reserved 1048576K
[2020-12-21T17:31:45.258-0500][gc             ] GC(16997) Pause Full (System.gc()) 43M->42M(63M) 67.773ms
[2020-12-21T17:31:45.258-0500][gc,cpu         ] GC(16997) User=0.29s Sys=0.00s Real=0.07s
[2020-12-21T17:33:36.017-0500][gc,heap        ] GC(16998) Heap before GC invocations=16998 (full 3468): garbage-first heap   total 64512K, used 52414K [0x0000000083000000, 0x0000000100000000)
[2020-12-21T17:33:36.017-0500][gc,heap        ] GC(16998)   region size 1024K, 10 young (10240K), 0 survivors (0K)
[2020-12-21T17:33:36.017-0500][gc,heap        ] GC(16998)  Metaspace       used 49949K, capacity 52104K, committed 53632K, reserved 1093632K
[2020-12-21T17:33:36.017-0500][gc,heap        ] GC(16998)   class space    used 7422K, capacity 8193K, committed 8832K, reserved 1048576K
[2020-12-21T17:33:36.018-0500][gc,start       ] GC(16998) Pause Young (Normal) (G1 Evacuation Pause)
[2020-12-21T17:33:36.018-0500][gc,task        ] GC(16998) Using 8 workers of 8 for evacuation
[2020-12-21T17:33:36.021-0500][gc,phases      ] GC(16998)   Pre Evacuate Collection Set: 0.0ms
[2020-12-21T17:33:36.021-0500][gc,phases      ] GC(16998)   Evacuate Collection Set: 1.3ms
[2020-12-21T17:33:36.021-0500][gc,phases      ] GC(16998)   Post Evacuate Collection Set: 1.5ms
[2020-12-21T17:33:36.021-0500][gc,phases      ] GC(16998)   Other: 0.4ms
[2020-12-21T17:33:36.021-0500][gc,heap        ] GC(16998) Eden regions: 10->0(9)
[2020-12-21T17:33:36.021-0500][gc,heap        ] GC(16998) Survivor regions: 0->1(2)
[2020-12-21T17:33:36.021-0500][gc,heap        ] GC(16998) Old regions: 41->41
[2020-12-21T17:33:36.021-0500][gc,heap        ] GC(16998) Humongous regions: 4->4
[2020-12-21T17:33:36.021-0500][gc,metaspace   ] GC(16998) Metaspace: 49949K->49949K(1093632K)
[2020-12-21T17:33:36.021-0500][gc,heap        ] GC(16998) Heap after GC invocations=16999 (full 3468): garbage-first heap   total 64512K, used 43267K [0x0000000083000000, 0x0000000100000000)
[2020-12-21T17:33:36.021-0500][gc,heap        ] GC(16998)   region size 1024K, 1 young (1024K), 1 survivors (1024K)
[2020-12-21T17:33:36.021-0500][gc,heap        ] GC(16998)  Metaspace       used 49949K, capacity 52104K, committed 53632K, reserved 1093632K
[2020-12-21T17:33:36.021-0500][gc,heap        ] GC(16998)   class space    used 7422K, capacity 8193K, committed 8832K, reserved 1048576K
[2020-12-21T17:33:36.021-0500][gc             ] GC(16998) Pause Young (Normal) (G1 Evacuation Pause) 52M->42M(63M) 3.442ms
[2020-12-21T17:33:36.021-0500][gc,cpu         ] GC(16998) User=0.01s Sys=0.01s Real=0.01s
[2020-12-21T17:35:26.012-0500][gc,heap        ] GC(16999) Heap before GC invocations=16999 (full 3468): garbage-first heap   total 64512K, used 52483K [0x0000000083000000, 0x0000000100000000)
[2020-12-21T17:35:26.013-0500][gc,heap        ] GC(16999)   region size 1024K, 10 young (10240K), 1 survivors (1024K)
[2020-12-21T17:35:26.013-0500][gc,heap        ] GC(16999)  Metaspace       used 49949K, capacity 52104K, committed 53632K, reserved 1093632K
[2020-12-21T17:35:26.013-0500][gc,heap        ] GC(16999)   class space    used 7422K, capacity 8193K, committed 8832K, reserved 1048576K
[2020-12-21T17:35:26.013-0500][gc,start       ] GC(16999) Pause Young (Normal) (G1 Evacuation Pause)
[2020-12-21T17:35:26.013-0500][gc,task        ] GC(16999) Using 8 workers of 8 for evacuation
[2020-12-21T17:35:26.017-0500][gc,phases      ] GC(16999)   Pre Evacuate Collection Set: 0.0ms
[2020-12-21T17:35:26.017-0500][gc,phases      ] GC(16999)   Evacuate Collection Set: 1.4ms
[2020-12-21T17:35:26.017-0500][gc,phases      ] GC(16999)   Post Evacuate Collection Set: 2.5ms
[2020-12-21T17:35:26.017-0500][gc,phases      ] GC(16999)   Other: 0.7ms
[2020-12-21T17:35:26.017-0500][gc,heap        ] GC(16999) Eden regions: 9->0(9)
[2020-12-21T17:35:26.017-0500][gc,heap        ] GC(16999) Survivor regions: 1->1(2)
[2020-12-21T17:35:26.017-0500][gc,heap        ] GC(16999) Old regions: 41->41
[2020-12-21T17:35:26.017-0500][gc,heap        ] GC(16999) Humongous regions: 4->4
[2020-12-21T17:35:26.017-0500][gc,metaspace   ] GC(16999) Metaspace: 49949K->49949K(1093632K)
[2020-12-21T17:35:26.017-0500][gc,heap        ] GC(16999) Heap after GC invocations=17000 (full 3468): garbage-first heap   total 64512K, used 43271K [0x0000000083000000, 0x0000000100000000)
[2020-12-21T17:35:26.017-0500][gc,heap        ] GC(16999)   region size 1024K, 1 young (1024K), 1 survivors (1024K)
[2020-12-21T17:35:26.017-0500][gc,heap        ] GC(16999)  Metaspace       used 49949K, capacity 52104K, committed 53632K, reserved 1093632K
[2020-12-21T17:35:26.017-0500][gc,heap        ] GC(16999)   class space    used 7422K, capacity 8193K, committed 8832K, reserved 1048576K
[2020-12-21T17:35:26.017-0500][gc             ] GC(16999) Pause Young (Normal) (G1 Evacuation Pause) 51M->42M(63M) 4.477ms
[2020-12-21T17:35:26.017-0500][gc,cpu         ] GC(16999) User=0.01s Sys=0.00s Real=0.00s
[2020-12-21T17:36:45.191-0500][gc,task        ] GC(17000) Using 5 workers of 8 for full compaction
[2020-12-21T17:36:45.191-0500][gc,start       ] GC(17000) Pause Full (System.gc())
[2020-12-21T17:36:45.191-0500][gc,heap        ] GC(17000) Heap before GC invocations=17000 (full 3468): garbage-first heap   total 64512K, used 49415K [0x0000000083000000, 0x0000000100000000)
[2020-12-21T17:36:45.191-0500][gc,heap        ] GC(17000)   region size 1024K, 8 young (8192K), 1 survivors (1024K)
[2020-12-21T17:36:45.191-0500][gc,heap        ] GC(17000)  Metaspace       used 49949K, capacity 52104K, committed 53632K, reserved 1093632K
[2020-12-21T17:36:45.191-0500][gc,heap        ] GC(17000)   class space    used 7422K, capacity 8193K, committed 8832K, reserved 1048576K
[2020-12-21T17:36:45.192-0500][gc,phases,start] GC(17000) Phase 1: Mark live objects
[2020-12-21T17:36:45.219-0500][gc,stringtable ] GC(17000) Cleaned string and symbol table, strings: 33107 processed, 4 removed, symbols: 120816 processed, 0 removed
[2020-12-21T17:36:45.219-0500][gc,phases      ] GC(17000) Phase 1: Mark live objects 27.161ms
[2020-12-21T17:36:45.219-0500][gc,phases,start] GC(17000) Phase 2: Prepare for compaction
[2020-12-21T17:36:45.236-0500][gc,phases      ] GC(17000) Phase 2: Prepare for compaction 16.666ms
[2020-12-21T17:36:45.236-0500][gc,phases,start] GC(17000) Phase 3: Adjust pointers
[2020-12-21T17:36:45.250-0500][gc,phases      ] GC(17000) Phase 3: Adjust pointers 14.437ms
[2020-12-21T17:36:45.250-0500][gc,phases,start] GC(17000) Phase 4: Compact heap
[2020-12-21T17:36:45.255-0500][gc,phases      ] GC(17000) Phase 4: Compact heap 5.183ms
[2020-12-21T17:36:45.262-0500][gc,heap        ] GC(17000) Eden regions: 7->0(9)
[2020-12-21T17:36:45.262-0500][gc,heap        ] GC(17000) Survivor regions: 1->0(2)
[2020-12-21T17:36:45.262-0500][gc,heap        ] GC(17000) Old regions: 41->42
[2020-12-21T17:36:45.262-0500][gc,heap        ] GC(17000) Humongous regions: 4->4
[2020-12-21T17:36:45.262-0500][gc,metaspace   ] GC(17000) Metaspace: 49949K->49949K(1093632K)
[2020-12-21T17:36:45.262-0500][gc,heap        ] GC(17000) Heap after GC invocations=17001 (full 3469): garbage-first heap   total 64512K, used 43215K [0x0000000083000000, 0x0000000100000000)
[2020-12-21T17:36:45.262-0500][gc,heap        ] GC(17000)   region size 1024K, 0 young (0K), 0 survivors (0K)
[2020-12-21T17:36:45.262-0500][gc,heap        ] GC(17000)  Metaspace       used 49949K, capacity 52104K, committed 53632K, reserved 1093632K
[2020-12-21T17:36:45.262-0500][gc,heap        ] GC(17000)   class space    used 7422K, capacity 8193K, committed 8832K, reserved 1048576K
[2020-12-21T17:36:45.262-0500][gc             ] GC(17000) Pause Full (System.gc()) 49M->42M(63M) 71.057ms
[2020-12-21T17:36:45.262-0500][gc,cpu         ] GC(17000) User=0.24s Sys=0.00s Real=0.07s
[2020-12-21T17:38:26.180-0500][gc,heap        ] GC(17001) Heap before GC invocations=17001 (full 3469): garbage-first heap   total 64512K, used 52431K [0x0000000083000000, 0x0000000100000000)
[2020-12-21T17:38:26.181-0500][gc,heap        ] GC(17001)   region size 1024K, 9 young (9216K), 0 survivors (0K)
[2020-12-21T17:38:26.181-0500][gc,heap        ] GC(17001)  Metaspace       used 49949K, capacity 52104K, committed 53632K, reserved 1093632K
[2020-12-21T17:38:26.181-0500][gc,heap        ] GC(17001)   class space    used 7422K, capacity 8193K, committed 8832K, reserved 1048576K
[2020-12-21T17:38:26.181-0500][gc,start       ] GC(17001) Pause Young (Normal) (G1 Evacuation Pause)
[2020-12-21T17:38:26.181-0500][gc,task        ] GC(17001) Using 8 workers of 8 for evacuation
[2020-12-21T17:38:26.190-0500][gc,phases      ] GC(17001)   Pre Evacuate Collection Set: 0.0ms
[2020-12-21T17:38:26.190-0500][gc,phases      ] GC(17001)   Evacuate Collection Set: 3.7ms
[2020-12-21T17:38:26.190-0500][gc,phases      ] GC(17001)   Post Evacuate Collection Set: 5.7ms
[2020-12-21T17:38:26.191-0500][gc,phases      ] GC(17001)   Other: 0.5ms
[2020-12-21T17:38:26.191-0500][gc,heap        ] GC(17001) Eden regions: 9->0(8)
[2020-12-21T17:38:26.191-0500][gc,heap        ] GC(17001) Survivor regions: 0->1(2)
[2020-12-21T17:38:26.191-0500][gc,heap        ] GC(17001) Old regions: 42->42
[2020-12-21T17:38:26.191-0500][gc,heap        ] GC(17001) Humongous regions: 4->4
[2020-12-21T17:38:26.191-0500][gc,metaspace   ] GC(17001) Metaspace: 49949K->49949K(1093632K)
[2020-12-21T17:38:26.191-0500][gc,heap        ] GC(17001) Heap after GC invocations=17002 (full 3469): garbage-first heap   total 64512K, used 43261K [0x0000000083000000, 0x0000000100000000)
[2020-12-21T17:38:26.191-0500][gc,heap        ] GC(17001)   region size 1024K, 1 young (1024K), 1 survivors (1024K)
[2020-12-21T17:38:26.191-0500][gc,heap        ] GC(17001)  Metaspace       used 49949K, capacity 52104K, committed 53632K, reserved 1093632K
[2020-12-21T17:38:26.191-0500][gc,heap        ] GC(17001)   class space    used 7422K, capacity 8193K, committed 8832K, reserved 1048576K
[2020-12-21T17:38:26.191-0500][gc             ] GC(17001) Pause Young (Normal) (G1 Evacuation Pause) 51M->42M(63M) 10.070ms
[2020-12-21T17:38:26.191-0500][gc,cpu         ] GC(17001) User=0.03s Sys=0.00s Real=0.01s
[2020-12-21T17:40:02.188-0500][gc,heap        ] GC(17002) Heap before GC invocations=17002 (full 3469): garbage-first heap   total 64512K, used 50429K [0x0000000083000000, 0x0000000100000000)
[2020-12-21T17:40:02.188-0500][gc,heap        ] GC(17002)   region size 1024K, 9 young (9216K), 1 survivors (1024K)
[2020-12-21T17:40:02.188-0500][gc,heap        ] GC(17002)  Metaspace       used 49949K, capacity 52104K, committed 53632K, reserved 1093632K
[2020-12-21T17:40:02.188-0500][gc,heap        ] GC(17002)   class space    used 7422K, capacity 8193K, committed 8832K, reserved 1048576K
[2020-12-21T17:40:02.188-0500][gc,start       ] GC(17002) Pause Young (Normal) (G1 Evacuation Pause)
[2020-12-21T17:40:02.188-0500][gc,task        ] GC(17002) Using 8 workers of 8 for evacuation
[2020-12-21T17:40:02.191-0500][gc,phases      ] GC(17002)   Pre Evacuate Collection Set: 0.0ms
[2020-12-21T17:40:02.191-0500][gc,phases      ] GC(17002)   Evacuate Collection Set: 1.1ms
[2020-12-21T17:40:02.191-0500][gc,phases      ] GC(17002)   Post Evacuate Collection Set: 1.7ms
[2020-12-21T17:40:02.191-0500][gc,phases      ] GC(17002)   Other: 0.3ms
[2020-12-21T17:40:02.191-0500][gc,heap        ] GC(17002) Eden regions: 8->0(8)
[2020-12-21T17:40:02.191-0500][gc,heap        ] GC(17002) Survivor regions: 1->1(2)
[2020-12-21T17:40:02.191-0500][gc,heap        ] GC(17002) Old regions: 42->42
[2020-12-21T17:40:02.191-0500][gc,heap        ] GC(17002) Humongous regions: 4->4
[2020-12-21T17:40:02.191-0500][gc,metaspace   ] GC(17002) Metaspace: 49949K->49949K(1093632K)
[2020-12-21T17:40:02.191-0500][gc,heap        ] GC(17002) Heap after GC invocations=17003 (full 3469): garbage-first heap   total 64512K, used 43263K [0x0000000083000000, 0x0000000100000000)
[2020-12-21T17:40:02.191-0500][gc,heap        ] GC(17002)   region size 1024K, 1 young (1024K), 1 survivors (1024K)
[2020-12-21T17:40:02.191-0500][gc,heap        ] GC(17002)  Metaspace       used 49949K, capacity 52104K, committed 53632K, reserved 1093632K
[2020-12-21T17:40:02.191-0500][gc,heap        ] GC(17002)   class space    used 7422K, capacity 8193K, committed 8832K, reserved 1048576K
[2020-12-21T17:40:02.191-0500][gc             ] GC(17002) Pause Young (Normal) (G1 Evacuation Pause) 50M->42M(63M) 3.245ms
[2020-12-21T17:40:02.191-0500][gc,cpu         ] GC(17002) User=0.01s Sys=0.00s Real=0.00s
[2020-12-21T17:41:32.870-0500][gc,heap        ] GC(17003) Heap before GC invocations=17003 (full 3469): garbage-first heap   total 64512K, used 50431K [0x0000000083000000, 0x0000000100000000)
[2020-12-21T17:41:32.870-0500][gc,heap        ] GC(17003)   region size 1024K, 9 young (9216K), 1 survivors (1024K)
[2020-12-21T17:41:32.870-0500][gc,heap        ] GC(17003)  Metaspace       used 49949K, capacity 52104K, committed 53632K, reserved 1093632K
[2020-12-21T17:41:32.870-0500][gc,heap        ] GC(17003)   class space    used 7422K, capacity 8193K, committed 8832K, reserved 1048576K
[2020-12-21T17:41:32.870-0500][gc,start       ] GC(17003) Pause Young (Normal) (G1 Evacuation Pause)
[2020-12-21T17:41:32.870-0500][gc,task        ] GC(17003) Using 8 workers of 8 for evacuation
[2020-12-21T17:41:32.872-0500][gc,phases      ] GC(17003)   Pre Evacuate Collection Set: 0.0ms
[2020-12-21T17:41:32.872-0500][gc,phases      ] GC(17003)   Evacuate Collection Set: 0.8ms
[2020-12-21T17:41:32.872-0500][gc,phases      ] GC(17003)   Post Evacuate Collection Set: 0.6ms
[2020-12-21T17:41:32.872-0500][gc,phases      ] GC(17003)   Other: 0.2ms
[2020-12-21T17:41:32.872-0500][gc,heap        ] GC(17003) Eden regions: 8->0(8)
[2020-12-21T17:41:32.872-0500][gc,heap        ] GC(17003) Survivor regions: 1->1(2)
[2020-12-21T17:41:32.872-0500][gc,heap        ] GC(17003) Old regions: 42->42
[2020-12-21T17:41:32.872-0500][gc,heap        ] GC(17003) Humongous regions: 4->4
[2020-12-21T17:41:32.872-0500][gc,metaspace   ] GC(17003) Metaspace: 49949K->49949K(1093632K)
[2020-12-21T17:41:32.872-0500][gc,heap        ] GC(17003) Heap after GC invocations=17004 (full 3469): garbage-first heap   total 64512K, used 43277K [0x0000000083000000, 0x0000000100000000)
[2020-12-21T17:41:32.872-0500][gc,heap        ] GC(17003)   region size 1024K, 1 young (1024K), 1 survivors (1024K)
[2020-12-21T17:41:32.872-0500][gc,heap        ] GC(17003)  Metaspace       used 49949K, capacity 52104K, committed 53632K, reserved 1093632K
[2020-12-21T17:41:32.872-0500][gc,heap        ] GC(17003)   class space    used 7422K, capacity 8193K, committed 8832K, reserved 1048576K
[2020-12-21T17:41:32.872-0500][gc             ] GC(17003) Pause Young (Normal) (G1 Evacuation Pause) 50M->42M(63M) 1.686ms
[2020-12-21T17:41:32.872-0500][gc,cpu         ] GC(17003) User=0.00s Sys=0.01s Real=0.00s
[2020-12-21T17:41:45.190-0500][gc,task        ] GC(17004) Using 5 workers of 8 for full compaction
[2020-12-21T17:41:45.190-0500][gc,start       ] GC(17004) Pause Full (System.gc())
[2020-12-21T17:41:45.190-0500][gc,heap        ] GC(17004) Heap before GC invocations=17004 (full 3469): garbage-first heap   total 64512K, used 44301K [0x0000000083000000, 0x0000000100000000)
[2020-12-21T17:41:45.190-0500][gc,heap        ] GC(17004)   region size 1024K, 3 young (3072K), 1 survivors (1024K)
[2020-12-21T17:41:45.190-0500][gc,heap        ] GC(17004)  Metaspace       used 49949K, capacity 52104K, committed 53632K, reserved 1093632K
[2020-12-21T17:41:45.191-0500][gc,heap        ] GC(17004)   class space    used 7422K, capacity 8193K, committed 8832K, reserved 1048576K
[2020-12-21T17:41:45.191-0500][gc,phases,start] GC(17004) Phase 1: Mark live objects
[2020-12-21T17:41:45.240-0500][gc,stringtable ] GC(17004) Cleaned string and symbol table, strings: 33107 processed, 4 removed, symbols: 120816 processed, 0 removed
[2020-12-21T17:41:45.240-0500][gc,phases      ] GC(17004) Phase 1: Mark live objects 49.056ms
[2020-12-21T17:41:45.240-0500][gc,phases,start] GC(17004) Phase 2: Prepare for compaction
[2020-12-21T17:41:45.244-0500][gc,phases      ] GC(17004) Phase 2: Prepare for compaction 3.783ms
[2020-12-21T17:41:45.244-0500][gc,phases,start] GC(17004) Phase 3: Adjust pointers
[2020-12-21T17:41:45.256-0500][gc,phases      ] GC(17004) Phase 3: Adjust pointers 12.280ms
[2020-12-21T17:41:45.256-0500][gc,phases,start] GC(17004) Phase 4: Compact heap
[2020-12-21T17:41:45.259-0500][gc,phases      ] GC(17004) Phase 4: Compact heap 2.821ms
[2020-12-21T17:41:45.266-0500][gc,heap        ] GC(17004) Eden regions: 2->0(9)
[2020-12-21T17:41:45.266-0500][gc,heap        ] GC(17004) Survivor regions: 1->0(2)
[2020-12-21T17:41:45.266-0500][gc,heap        ] GC(17004) Old regions: 42->42
[2020-12-21T17:41:45.266-0500][gc,heap        ] GC(17004) Humongous regions: 4->4
[2020-12-21T17:41:45.266-0500][gc,metaspace   ] GC(17004) Metaspace: 49949K->49949K(1093632K)
[2020-12-21T17:41:45.266-0500][gc,heap        ] GC(17004) Heap after GC invocations=17005 (full 3470): garbage-first heap   total 64512K, used 43202K [0x0000000083000000, 0x0000000100000000)
[2020-12-21T17:41:45.266-0500][gc,heap        ] GC(17004)   region size 1024K, 0 young (0K), 0 survivors (0K)
[2020-12-21T17:41:45.266-0500][gc,heap        ] GC(17004)  Metaspace       used 49949K, capacity 52104K, committed 53632K, reserved 1093632K
[2020-12-21T17:41:45.266-0500][gc,heap        ] GC(17004)   class space    used 7422K, capacity 8193K, committed 8832K, reserved 1048576K
[2020-12-21T17:41:45.266-0500][gc             ] GC(17004) Pause Full (System.gc()) 43M->42M(63M) 75.247ms
[2020-12-21T17:41:45.266-0500][gc,cpu         ] GC(17004) User=0.32s Sys=0.00s Real=0.07s
[2020-12-21T17:43:26.012-0500][gc,heap        ] GC(17005) Heap before GC invocations=17005 (full 3470): garbage-first heap   total 64512K, used 51394K [0x0000000083000000, 0x0000000100000000)
[2020-12-21T17:43:26.012-0500][gc,heap        ] GC(17005)   region size 1024K, 9 young (9216K), 0 survivors (0K)
[2020-12-21T17:43:26.012-0500][gc,heap        ] GC(17005)  Metaspace       used 49949K, capacity 52104K, committed 53632K, reserved 1093632K
[2020-12-21T17:43:26.012-0500][gc,heap        ] GC(17005)   class space    used 7422K, capacity 8193K, committed 8832K, reserved 1048576K
[2020-12-21T17:43:26.012-0500][gc,start       ] GC(17005) Pause Young (Normal) (G1 Evacuation Pause)
[2020-12-21T17:43:26.012-0500][gc,task        ] GC(17005) Using 8 workers of 8 for evacuation
[2020-12-21T17:43:26.016-0500][gc,phases      ] GC(17005)   Pre Evacuate Collection Set: 0.0ms
[2020-12-21T17:43:26.016-0500][gc,phases      ] GC(17005)   Evacuate Collection Set: 1.4ms
[2020-12-21T17:43:26.016-0500][gc,phases      ] GC(17005)   Post Evacuate Collection Set: 2.4ms
[2020-12-21T17:43:26.016-0500][gc,phases      ] GC(17005)   Other: 0.5ms
[2020-12-21T17:43:26.016-0500][gc,heap        ] GC(17005) Eden regions: 9->0(8)
[2020-12-21T17:43:26.016-0500][gc,heap        ] GC(17005) Survivor regions: 0->1(2)
[2020-12-21T17:43:26.016-0500][gc,heap        ] GC(17005) Old regions: 42->42
[2020-12-21T17:43:26.016-0500][gc,heap        ] GC(17005) Humongous regions: 4->4
[2020-12-21T17:43:26.016-0500][gc,metaspace   ] GC(17005) Metaspace: 49949K->49949K(1093632K)
[2020-12-21T17:43:26.016-0500][gc,heap        ] GC(17005) Heap after GC invocations=17006 (full 3470): garbage-first heap   total 64512K, used 43264K [0x0000000083000000, 0x0000000100000000)
[2020-12-21T17:43:26.016-0500][gc,heap        ] GC(17005)   region size 1024K, 1 young (1024K), 1 survivors (1024K)
[2020-12-21T17:43:26.016-0500][gc,heap        ] GC(17005)  Metaspace       used 49949K, capacity 52104K, committed 53632K, reserved 1093632K
[2020-12-21T17:43:26.016-0500][gc,heap        ] GC(17005)   class space    used 7422K, capacity 8193K, committed 8832K, reserved 1048576K
[2020-12-21T17:43:26.016-0500][gc             ] GC(17005) Pause Young (Normal) (G1 Evacuation Pause) 51M->42M(63M) 4.443ms
[2020-12-21T17:43:26.017-0500][gc,cpu         ] GC(17005) User=0.00s Sys=0.01s Real=0.00s
[2020-12-21T17:44:56.012-0500][gc,heap        ] GC(17006) Heap before GC invocations=17006 (full 3470): garbage-first heap   total 64512K, used 51456K [0x0000000083000000, 0x0000000100000000)
[2020-12-21T17:44:56.012-0500][gc,heap        ] GC(17006)   region size 1024K, 9 young (9216K), 1 survivors (1024K)
[2020-12-21T17:44:56.012-0500][gc,heap        ] GC(17006)  Metaspace       used 49949K, capacity 52104K, committed 53632K, reserved 1093632K
[2020-12-21T17:44:56.012-0500][gc,heap        ] GC(17006)   class space    used 7422K, capacity 8193K, committed 8832K, reserved 1048576K
[2020-12-21T17:44:56.012-0500][gc,start       ] GC(17006) Pause Young (Normal) (G1 Evacuation Pause)
[2020-12-21T17:44:56.012-0500][gc,task        ] GC(17006) Using 8 workers of 8 for evacuation
[2020-12-21T17:44:56.080-0500][gc,phases      ] GC(17006)   Pre Evacuate Collection Set: 0.0ms
[2020-12-21T17:44:56.080-0500][gc,phases      ] GC(17006)   Evacuate Collection Set: 27.7ms
[2020-12-21T17:44:56.080-0500][gc,phases      ] GC(17006)   Post Evacuate Collection Set: 39.8ms
[2020-12-21T17:44:56.080-0500][gc,phases      ] GC(17006)   Other: 0.4ms
[2020-12-21T17:44:56.080-0500][gc,heap        ] GC(17006) Eden regions: 8->0(8)
[2020-12-21T17:44:56.080-0500][gc,heap        ] GC(17006) Survivor regions: 1->1(2)
[2020-12-21T17:44:56.080-0500][gc,heap        ] GC(17006) Old regions: 42->42
[2020-12-21T17:44:56.080-0500][gc,heap        ] GC(17006) Humongous regions: 4->4
[2020-12-21T17:44:56.080-0500][gc,metaspace   ] GC(17006) Metaspace: 49949K->49949K(1093632K)
[2020-12-21T17:44:56.080-0500][gc,heap        ] GC(17006) Heap after GC invocations=17007 (full 3470): garbage-first heap   total 64512K, used 43255K [0x0000000083000000, 0x0000000100000000)
[2020-12-21T17:44:56.080-0500][gc,heap        ] GC(17006)   region size 1024K, 1 young (1024K), 1 survivors (1024K)
[2020-12-21T17:44:56.080-0500][gc,heap        ] GC(17006)  Metaspace       used 49949K, capacity 52104K, committed 53632K, reserved 1093632K
[2020-12-21T17:44:56.080-0500][gc,heap        ] GC(17006)   class space    used 7422K, capacity 8193K, committed 8832K, reserved 1048576K
[2020-12-21T17:44:56.080-0500][gc             ] GC(17006) Pause Young (Normal) (G1 Evacuation Pause) 50M->42M(63M) 68.319ms
[2020-12-21T17:44:56.081-0500][gc,cpu         ] GC(17006) User=0.43s Sys=0.00s Real=0.07s
[2020-12-21T17:46:26.011-0500][gc,heap        ] GC(17007) Heap before GC invocations=17007 (full 3470): garbage-first heap   total 64512K, used 50423K [0x0000000083000000, 0x0000000100000000)
[2020-12-21T17:46:26.011-0500][gc,heap        ] GC(17007)   region size 1024K, 9 young (9216K), 1 survivors (1024K)
[2020-12-21T17:46:26.011-0500][gc,heap        ] GC(17007)  Metaspace       used 49949K, capacity 52104K, committed 53632K, reserved 1093632K
[2020-12-21T17:46:26.011-0500][gc,heap        ] GC(17007)   class space    used 7422K, capacity 8193K, committed 8832K, reserved 1048576K
[2020-12-21T17:46:26.011-0500][gc,start       ] GC(17007) Pause Young (Normal) (G1 Evacuation Pause)
[2020-12-21T17:46:26.011-0500][gc,task        ] GC(17007) Using 8 workers of 8 for evacuation
[2020-12-21T17:46:26.017-0500][gc,phases      ] GC(17007)   Pre Evacuate Collection Set: 0.0ms
[2020-12-21T17:46:26.017-0500][gc,phases      ] GC(17007)   Evacuate Collection Set: 1.8ms
[2020-12-21T17:46:26.017-0500][gc,phases      ] GC(17007)   Post Evacuate Collection Set: 4.3ms
[2020-12-21T17:46:26.017-0500][gc,phases      ] GC(17007)   Other: 0.4ms
[2020-12-21T17:46:26.017-0500][gc,heap        ] GC(17007) Eden regions: 8->0(8)
[2020-12-21T17:46:26.017-0500][gc,heap        ] GC(17007) Survivor regions: 1->1(2)
[2020-12-21T17:46:26.017-0500][gc,heap        ] GC(17007) Old regions: 42->42
[2020-12-21T17:46:26.017-0500][gc,heap        ] GC(17007) Humongous regions: 4->4
[2020-12-21T17:46:26.017-0500][gc,metaspace   ] GC(17007) Metaspace: 49949K->49949K(1093632K)
[2020-12-21T17:46:26.017-0500][gc,heap        ] GC(17007) Heap after GC invocations=17008 (full 3470): garbage-first heap   total 64512K, used 43274K [0x0000000083000000, 0x0000000100000000)
[2020-12-21T17:46:26.017-0500][gc,heap        ] GC(17007)   region size 1024K, 1 young (1024K), 1 survivors (1024K)
[2020-12-21T17:46:26.018-0500][gc,heap        ] GC(17007)  Metaspace       used 49949K, capacity 52104K, committed 53632K, reserved 1093632K
[2020-12-21T17:46:26.018-0500][gc,heap        ] GC(17007)   class space    used 7422K, capacity 8193K, committed 8832K, reserved 1048576K
[2020-12-21T17:46:26.018-0500][gc             ] GC(17007) Pause Young (Normal) (G1 Evacuation Pause) 50M->42M(63M) 6.784ms
[2020-12-21T17:46:26.018-0500][gc,cpu         ] GC(17007) User=0.03s Sys=0.00s Real=0.01s
[2020-12-21T17:46:45.189-0500][gc,task        ] GC(17008) Using 5 workers of 8 for full compaction
[2020-12-21T17:46:45.189-0500][gc,start       ] GC(17008) Pause Full (System.gc())
[2020-12-21T17:46:45.189-0500][gc,heap        ] GC(17008) Heap before GC invocations=17008 (full 3470): garbage-first heap   total 64512K, used 44298K [0x0000000083000000, 0x0000000100000000)
[2020-12-21T17:46:45.189-0500][gc,heap        ] GC(17008)   region size 1024K, 3 young (3072K), 1 survivors (1024K)
[2020-12-21T17:46:45.189-0500][gc,heap        ] GC(17008)  Metaspace       used 49949K, capacity 52104K, committed 53632K, reserved 1093632K
[2020-12-21T17:46:45.189-0500][gc,heap        ] GC(17008)   class space    used 7422K, capacity 8193K, committed 8832K, reserved 1048576K
[2020-12-21T17:46:45.190-0500][gc,phases,start] GC(17008) Phase 1: Mark live objects
[2020-12-21T17:46:45.242-0500][gc,stringtable ] GC(17008) Cleaned string and symbol table, strings: 33107 processed, 4 removed, symbols: 120816 processed, 0 removed
[2020-12-21T17:46:45.242-0500][gc,phases      ] GC(17008) Phase 1: Mark live objects 52.071ms
[2020-12-21T17:46:45.242-0500][gc,phases,start] GC(17008) Phase 2: Prepare for compaction
[2020-12-21T17:46:45.246-0500][gc,phases      ] GC(17008) Phase 2: Prepare for compaction 3.856ms
[2020-12-21T17:46:45.246-0500][gc,phases,start] GC(17008) Phase 3: Adjust pointers
[2020-12-21T17:46:45.258-0500][gc,phases      ] GC(17008) Phase 3: Adjust pointers 12.375ms
[2020-12-21T17:46:45.258-0500][gc,phases,start] GC(17008) Phase 4: Compact heap
[2020-12-21T17:46:45.262-0500][gc,phases      ] GC(17008) Phase 4: Compact heap 3.319ms
[2020-12-21T17:46:45.268-0500][gc,heap        ] GC(17008) Eden regions: 2->0(10)
[2020-12-21T17:46:45.268-0500][gc,heap        ] GC(17008) Survivor regions: 1->0(2)
[2020-12-21T17:46:45.268-0500][gc,heap        ] GC(17008) Old regions: 42->41
[2020-12-21T17:46:45.268-0500][gc,heap        ] GC(17008) Humongous regions: 4->4
[2020-12-21T17:46:45.268-0500][gc,metaspace   ] GC(17008) Metaspace: 49949K->49949K(1093632K)
[2020-12-21T17:46:45.268-0500][gc,heap        ] GC(17008) Heap after GC invocations=17009 (full 3471): garbage-first heap   total 64512K, used 43200K [0x0000000083000000, 0x0000000100000000)
[2020-12-21T17:46:45.268-0500][gc,heap        ] GC(17008)   region size 1024K, 0 young (0K), 0 survivors (0K)
[2020-12-21T17:46:45.268-0500][gc,heap        ] GC(17008)  Metaspace       used 49949K, capacity 52104K, committed 53632K, reserved 1093632K
[2020-12-21T17:46:45.268-0500][gc,heap        ] GC(17008)   class space    used 7422K, capacity 8193K, committed 8832K, reserved 1048576K
[2020-12-21T17:46:45.268-0500][gc             ] GC(17008) Pause Full (System.gc()) 44M->42M(63M) 78.666ms
[2020-12-21T17:46:45.268-0500][gc,cpu         ] GC(17008) User=0.34s Sys=0.00s Real=0.08s
[2020-12-21T17:48:36.016-0500][gc,heap        ] GC(17009) Heap before GC invocations=17009 (full 3471): garbage-first heap   total 64512K, used 52416K [0x0000000083000000, 0x0000000100000000)
[2020-12-21T17:48:36.017-0500][gc,heap        ] GC(17009)   region size 1024K, 10 young (10240K), 0 survivors (0K)
[2020-12-21T17:48:36.017-0500][gc,heap        ] GC(17009)  Metaspace       used 49949K, capacity 52104K, committed 53632K, reserved 1093632K
[2020-12-21T17:48:36.017-0500][gc,heap        ] GC(17009)   class space    used 7422K, capacity 8193K, committed 8832K, reserved 1048576K
[2020-12-21T17:48:36.017-0500][gc,start       ] GC(17009) Pause Young (Normal) (G1 Evacuation Pause)
[2020-12-21T17:48:36.017-0500][gc,task        ] GC(17009) Using 8 workers of 8 for evacuation
[2020-12-21T17:48:36.020-0500][gc,phases      ] GC(17009)   Pre Evacuate Collection Set: 0.0ms
[2020-12-21T17:48:36.020-0500][gc,phases      ] GC(17009)   Evacuate Collection Set: 1.3ms
[2020-12-21T17:48:36.020-0500][gc,phases      ] GC(17009)   Post Evacuate Collection Set: 1.9ms
[2020-12-21T17:48:36.020-0500][gc,phases      ] GC(17009)   Other: 0.4ms
[2020-12-21T17:48:36.020-0500][gc,heap        ] GC(17009) Eden regions: 10->0(9)
[2020-12-21T17:48:36.020-0500][gc,heap        ] GC(17009) Survivor regions: 0->1(2)
[2020-12-21T17:48:36.020-0500][gc,heap        ] GC(17009) Old regions: 41->41
[2020-12-21T17:48:36.020-0500][gc,heap        ] GC(17009) Humongous regions: 4->4
[2020-12-21T17:48:36.020-0500][gc,metaspace   ] GC(17009) Metaspace: 49949K->49949K(1093632K)
[2020-12-21T17:48:36.020-0500][gc,heap        ] GC(17009) Heap after GC invocations=17010 (full 3471): garbage-first heap   total 64512K, used 43255K [0x0000000083000000, 0x0000000100000000)
[2020-12-21T17:48:36.020-0500][gc,heap        ] GC(17009)   region size 1024K, 1 young (1024K), 1 survivors (1024K)
[2020-12-21T17:48:36.020-0500][gc,heap        ] GC(17009)  Metaspace       used 49949K, capacity 52104K, committed 53632K, reserved 1093632K
[2020-12-21T17:48:36.020-0500][gc,heap        ] GC(17009)   class space    used 7422K, capacity 8193K, committed 8832K, reserved 1048576K
[2020-12-21T17:48:36.021-0500][gc             ] GC(17009) Pause Young (Normal) (G1 Evacuation Pause) 52M->42M(63M) 3.863ms
[2020-12-21T17:48:36.021-0500][gc,cpu         ] GC(17009) User=0.01s Sys=0.00s Real=0.01s
[2020-12-21T17:50:26.011-0500][gc,heap        ] GC(17010) Heap before GC invocations=17010 (full 3471): garbage-first heap   total 64512K, used 51447K [0x0000000083000000, 0x0000000100000000)
[2020-12-21T17:50:26.012-0500][gc,heap        ] GC(17010)   region size 1024K, 10 young (10240K), 1 survivors (1024K)
[2020-12-21T17:50:26.012-0500][gc,heap        ] GC(17010)  Metaspace       used 49949K, capacity 52104K, committed 53632K, reserved 1093632K
[2020-12-21T17:50:26.012-0500][gc,heap        ] GC(17010)   class space    used 7422K, capacity 8193K, committed 8832K, reserved 1048576K
[2020-12-21T17:50:26.012-0500][gc,start       ] GC(17010) Pause Young (Normal) (G1 Evacuation Pause)
[2020-12-21T17:50:26.012-0500][gc,task        ] GC(17010) Using 8 workers of 8 for evacuation
[2020-12-21T17:50:26.016-0500][gc,phases      ] GC(17010)   Pre Evacuate Collection Set: 0.0ms
[2020-12-21T17:50:26.016-0500][gc,phases      ] GC(17010)   Evacuate Collection Set: 2.1ms
[2020-12-21T17:50:26.016-0500][gc,phases      ] GC(17010)   Post Evacuate Collection Set: 2.2ms
[2020-12-21T17:50:26.016-0500][gc,phases      ] GC(17010)   Other: 0.4ms
[2020-12-21T17:50:26.016-0500][gc,heap        ] GC(17010) Eden regions: 9->0(9)
[2020-12-21T17:50:26.016-0500][gc,heap        ] GC(17010) Survivor regions: 1->1(2)
[2020-12-21T17:50:26.016-0500][gc,heap        ] GC(17010) Old regions: 41->41
[2020-12-21T17:50:26.016-0500][gc,heap        ] GC(17010) Humongous regions: 4->4
[2020-12-21T17:50:26.016-0500][gc,metaspace   ] GC(17010) Metaspace: 49949K->49949K(1093632K)
[2020-12-21T17:50:26.017-0500][gc,heap        ] GC(17010) Heap after GC invocations=17011 (full 3471): garbage-first heap   total 64512K, used 43271K [0x0000000083000000, 0x0000000100000000)
[2020-12-21T17:50:26.017-0500][gc,heap        ] GC(17010)   region size 1024K, 1 young (1024K), 1 survivors (1024K)
[2020-12-21T17:50:26.017-0500][gc,heap        ] GC(17010)  Metaspace       used 49949K, capacity 52104K, committed 53632K, reserved 1093632K
[2020-12-21T17:50:26.017-0500][gc,heap        ] GC(17010)   class space    used 7422K, capacity 8193K, committed 8832K, reserved 1048576K
[2020-12-21T17:50:26.017-0500][gc             ] GC(17010) Pause Young (Normal) (G1 Evacuation Pause) 51M->42M(63M) 4.920ms
[2020-12-21T17:50:26.017-0500][gc,cpu         ] GC(17010) User=0.01s Sys=0.00s Real=0.00s
[2020-12-21T17:51:45.191-0500][gc,task        ] GC(17011) Using 5 workers of 8 for full compaction
[2020-12-21T17:51:45.191-0500][gc,start       ] GC(17011) Pause Full (System.gc())
[2020-12-21T17:51:45.191-0500][gc,heap        ] GC(17011) Heap before GC invocations=17011 (full 3471): garbage-first heap   total 64512K, used 49415K [0x0000000083000000, 0x0000000100000000)
[2020-12-21T17:51:45.191-0500][gc,heap        ] GC(17011)   region size 1024K, 8 young (8192K), 1 survivors (1024K)
[2020-12-21T17:51:45.191-0500][gc,heap        ] GC(17011)  Metaspace       used 49949K, capacity 52104K, committed 53632K, reserved 1093632K
[2020-12-21T17:51:45.191-0500][gc,heap        ] GC(17011)   class space    used 7422K, capacity 8193K, committed 8832K, reserved 1048576K
[2020-12-21T17:51:45.191-0500][gc,phases,start] GC(17011) Phase 1: Mark live objects
[2020-12-21T17:51:45.212-0500][gc,stringtable ] GC(17011) Cleaned string and symbol table, strings: 33107 processed, 4 removed, symbols: 120816 processed, 0 removed
[2020-12-21T17:51:45.213-0500][gc,phases      ] GC(17011) Phase 1: Mark live objects 21.382ms
[2020-12-21T17:51:45.213-0500][gc,phases,start] GC(17011) Phase 2: Prepare for compaction
[2020-12-21T17:51:45.216-0500][gc,phases      ] GC(17011) Phase 2: Prepare for compaction 3.849ms
[2020-12-21T17:51:45.216-0500][gc,phases,start] GC(17011) Phase 3: Adjust pointers
[2020-12-21T17:51:45.228-0500][gc,phases      ] GC(17011) Phase 3: Adjust pointers 11.727ms
[2020-12-21T17:51:45.228-0500][gc,phases,start] GC(17011) Phase 4: Compact heap
[2020-12-21T17:51:45.231-0500][gc,phases      ] GC(17011) Phase 4: Compact heap 2.719ms
[2020-12-21T17:51:45.239-0500][gc,heap        ] GC(17011) Eden regions: 7->0(10)
[2020-12-21T17:51:45.239-0500][gc,heap        ] GC(17011) Survivor regions: 1->0(2)
[2020-12-21T17:51:45.239-0500][gc,heap        ] GC(17011) Old regions: 41->41
[2020-12-21T17:51:45.239-0500][gc,heap        ] GC(17011) Humongous regions: 4->4
[2020-12-21T17:51:45.239-0500][gc,metaspace   ] GC(17011) Metaspace: 49949K->49949K(1093632K)
[2020-12-21T17:51:45.239-0500][gc,heap        ] GC(17011) Heap after GC invocations=17012 (full 3472): garbage-first heap   total 64512K, used 43215K [0x0000000083000000, 0x0000000100000000)
[2020-12-21T17:51:45.239-0500][gc,heap        ] GC(17011)   region size 1024K, 0 young (0K), 0 survivors (0K)
[2020-12-21T17:51:45.239-0500][gc,heap        ] GC(17011)  Metaspace       used 49949K, capacity 52104K, committed 53632K, reserved 1093632K
[2020-12-21T17:51:45.239-0500][gc,heap        ] GC(17011)   class space    used 7422K, capacity 8193K, committed 8832K, reserved 1048576K
[2020-12-21T17:51:45.239-0500][gc             ] GC(17011) Pause Full (System.gc()) 49M->42M(63M) 48.400ms
[2020-12-21T17:51:45.239-0500][gc,cpu         ] GC(17011) User=0.19s Sys=0.00s Real=0.05s
[2020-12-21T17:53:36.016-0500][gc,heap        ] GC(17012) Heap before GC invocations=17012 (full 3472): garbage-first heap   total 64512K, used 52431K [0x0000000083000000, 0x0000000100000000)
[2020-12-21T17:53:36.016-0500][gc,heap        ] GC(17012)   region size 1024K, 10 young (10240K), 0 survivors (0K)
[2020-12-21T17:53:36.016-0500][gc,heap        ] GC(17012)  Metaspace       used 49949K, capacity 52104K, committed 53632K, reserved 1093632K
[2020-12-21T17:53:36.016-0500][gc,heap        ] GC(17012)   class space    used 7422K, capacity 8193K, committed 8832K, reserved 1048576K
[2020-12-21T17:53:36.016-0500][gc,start       ] GC(17012) Pause Young (Normal) (G1 Evacuation Pause)
[2020-12-21T17:53:36.016-0500][gc,task        ] GC(17012) Using 8 workers of 8 for evacuation
[2020-12-21T17:53:36.022-0500][gc,phases      ] GC(17012)   Pre Evacuate Collection Set: 0.0ms
[2020-12-21T17:53:36.022-0500][gc,phases      ] GC(17012)   Evacuate Collection Set: 2.2ms
[2020-12-21T17:53:36.022-0500][gc,phases      ] GC(17012)   Post Evacuate Collection Set: 3.2ms
[2020-12-21T17:53:36.022-0500][gc,phases      ] GC(17012)   Other: 0.7ms
[2020-12-21T17:53:36.022-0500][gc,heap        ] GC(17012) Eden regions: 10->0(9)
[2020-12-21T17:53:36.022-0500][gc,heap        ] GC(17012) Survivor regions: 0->1(2)
[2020-12-21T17:53:36.022-0500][gc,heap        ] GC(17012) Old regions: 41->41
[2020-12-21T17:53:36.022-0500][gc,heap        ] GC(17012) Humongous regions: 4->4
[2020-12-21T17:53:36.022-0500][gc,metaspace   ] GC(17012) Metaspace: 49949K->49949K(1093632K)
[2020-12-21T17:53:36.022-0500][gc,heap        ] GC(17012) Heap after GC invocations=17013 (full 3472): garbage-first heap   total 64512K, used 43269K [0x0000000083000000, 0x0000000100000000)
[2020-12-21T17:53:36.022-0500][gc,heap        ] GC(17012)   region size 1024K, 1 young (1024K), 1 survivors (1024K)
[2020-12-21T17:53:36.022-0500][gc,heap        ] GC(17012)  Metaspace       used 49949K, capacity 52104K, committed 53632K, reserved 1093632K
[2020-12-21T17:53:36.022-0500][gc,heap        ] GC(17012)   class space    used 7422K, capacity 8193K, committed 8832K, reserved 1048576K
[2020-12-21T17:53:36.022-0500][gc             ] GC(17012) Pause Young (Normal) (G1 Evacuation Pause) 52M->42M(63M) 6.104ms
[2020-12-21T17:53:36.023-0500][gc,cpu         ] GC(17012) User=0.01s Sys=0.01s Real=0.01s
[2020-12-21T17:55:26.011-0500][gc,heap        ] GC(17013) Heap before GC invocations=17013 (full 3472): garbage-first heap   total 64512K, used 51461K [0x0000000083000000, 0x0000000100000000)
[2020-12-21T17:55:26.011-0500][gc,heap        ] GC(17013)   region size 1024K, 10 young (10240K), 1 survivors (1024K)
[2020-12-21T17:55:26.011-0500][gc,heap        ] GC(17013)  Metaspace       used 49949K, capacity 52104K, committed 53632K, reserved 1093632K
[2020-12-21T17:55:26.011-0500][gc,heap        ] GC(17013)   class space    used 7422K, capacity 8193K, committed 8832K, reserved 1048576K
[2020-12-21T17:55:26.011-0500][gc,start       ] GC(17013) Pause Young (Normal) (G1 Evacuation Pause)
[2020-12-21T17:55:26.011-0500][gc,task        ] GC(17013) Using 8 workers of 8 for evacuation
[2020-12-21T17:55:26.013-0500][gc,phases      ] GC(17013)   Pre Evacuate Collection Set: 0.0ms
[2020-12-21T17:55:26.013-0500][gc,phases      ] GC(17013)   Evacuate Collection Set: 0.8ms
[2020-12-21T17:55:26.013-0500][gc,phases      ] GC(17013)   Post Evacuate Collection Set: 1.0ms
[2020-12-21T17:55:26.013-0500][gc,phases      ] GC(17013)   Other: 0.3ms
[2020-12-21T17:55:26.013-0500][gc,heap        ] GC(17013) Eden regions: 9->0(9)
[2020-12-21T17:55:26.013-0500][gc,heap        ] GC(17013) Survivor regions: 1->1(2)
[2020-12-21T17:55:26.013-0500][gc,heap        ] GC(17013) Old regions: 41->41
[2020-12-21T17:55:26.013-0500][gc,heap        ] GC(17013) Humongous regions: 4->4
[2020-12-21T17:55:26.013-0500][gc,metaspace   ] GC(17013) Metaspace: 49949K->49949K(1093632K)
[2020-12-21T17:55:26.013-0500][gc,heap        ] GC(17013) Heap after GC invocations=17014 (full 3472): garbage-first heap   total 64512K, used 43269K [0x0000000083000000, 0x0000000100000000)
[2020-12-21T17:55:26.013-0500][gc,heap        ] GC(17013)   region size 1024K, 1 young (1024K), 1 survivors (1024K)
[2020-12-21T17:55:26.013-0500][gc,heap        ] GC(17013)  Metaspace       used 49949K, capacity 52104K, committed 53632K, reserved 1093632K
[2020-12-21T17:55:26.013-0500][gc,heap        ] GC(17013)   class space    used 7422K, capacity 8193K, committed 8832K, reserved 1048576K
[2020-12-21T17:55:26.013-0500][gc             ] GC(17013) Pause Young (Normal) (G1 Evacuation Pause) 51M->42M(63M) 2.116ms
[2020-12-21T17:55:26.013-0500][gc,cpu         ] GC(17013) User=0.01s Sys=0.01s Real=0.00s
[2020-12-21T17:56:45.189-0500][gc,task        ] GC(17014) Using 5 workers of 8 for full compaction
[2020-12-21T17:56:45.189-0500][gc,start       ] GC(17014) Pause Full (System.gc())
[2020-12-21T17:56:45.189-0500][gc,heap        ] GC(17014) Heap before GC invocations=17014 (full 3472): garbage-first heap   total 64512K, used 49413K [0x0000000083000000, 0x0000000100000000)
[2020-12-21T17:56:45.189-0500][gc,heap        ] GC(17014)   region size 1024K, 8 young (8192K), 1 survivors (1024K)
[2020-12-21T17:56:45.189-0500][gc,heap        ] GC(17014)  Metaspace       used 49949K, capacity 52104K, committed 53632K, reserved 1093632K
[2020-12-21T17:56:45.189-0500][gc,heap        ] GC(17014)   class space    used 7422K, capacity 8193K, committed 8832K, reserved 1048576K
[2020-12-21T17:56:45.190-0500][gc,phases,start] GC(17014) Phase 1: Mark live objects
[2020-12-21T17:56:45.215-0500][gc,stringtable ] GC(17014) Cleaned string and symbol table, strings: 33107 processed, 4 removed, symbols: 120816 processed, 0 removed
[2020-12-21T17:56:45.215-0500][gc,phases      ] GC(17014) Phase 1: Mark live objects 25.121ms
[2020-12-21T17:56:45.215-0500][gc,phases,start] GC(17014) Phase 2: Prepare for compaction
[2020-12-21T17:56:45.218-0500][gc,phases      ] GC(17014) Phase 2: Prepare for compaction 3.533ms
[2020-12-21T17:56:45.218-0500][gc,phases,start] GC(17014) Phase 3: Adjust pointers
[2020-12-21T17:56:45.232-0500][gc,phases      ] GC(17014) Phase 3: Adjust pointers 13.778ms
[2020-12-21T17:56:45.232-0500][gc,phases,start] GC(17014) Phase 4: Compact heap
[2020-12-21T17:56:45.235-0500][gc,phases      ] GC(17014) Phase 4: Compact heap 2.815ms
[2020-12-21T17:56:45.243-0500][gc,heap        ] GC(17014) Eden regions: 7->0(8)
[2020-12-21T17:56:45.243-0500][gc,heap        ] GC(17014) Survivor regions: 1->0(2)
[2020-12-21T17:56:45.243-0500][gc,heap        ] GC(17014) Old regions: 41->43
[2020-12-21T17:56:45.243-0500][gc,heap        ] GC(17014) Humongous regions: 4->4
[2020-12-21T17:56:45.243-0500][gc,metaspace   ] GC(17014) Metaspace: 49949K->49949K(1093632K)
[2020-12-21T17:56:45.243-0500][gc,heap        ] GC(17014) Heap after GC invocations=17015 (full 3473): garbage-first heap   total 64512K, used 43215K [0x0000000083000000, 0x0000000100000000)
[2020-12-21T17:56:45.243-0500][gc,heap        ] GC(17014)   region size 1024K, 0 young (0K), 0 survivors (0K)
[2020-12-21T17:56:45.243-0500][gc,heap        ] GC(17014)  Metaspace       used 49949K, capacity 52104K, committed 53632K, reserved 1093632K
[2020-12-21T17:56:45.243-0500][gc,heap        ] GC(17014)   class space    used 7422K, capacity 8193K, committed 8832K, reserved 1048576K
[2020-12-21T17:56:45.243-0500][gc             ] GC(17014) Pause Full (System.gc()) 49M->42M(63M) 54.271ms
[2020-12-21T17:56:45.243-0500][gc,cpu         ] GC(17014) User=0.21s Sys=0.00s Real=0.05s
[2020-12-21T17:58:16.012-0500][gc,heap        ] GC(17015) Heap before GC invocations=17015 (full 3473): garbage-first heap   total 64512K, used 51407K [0x0000000083000000, 0x0000000100000000)
[2020-12-21T17:58:16.012-0500][gc,heap        ] GC(17015)   region size 1024K, 8 young (8192K), 0 survivors (0K)
[2020-12-21T17:58:16.012-0500][gc,heap        ] GC(17015)  Metaspace       used 49949K, capacity 52104K, committed 53632K, reserved 1093632K
[2020-12-21T17:58:16.012-0500][gc,heap        ] GC(17015)   class space    used 7422K, capacity 8193K, committed 8832K, reserved 1048576K
[2020-12-21T17:58:16.012-0500][gc,start       ] GC(17015) Pause Young (Normal) (G1 Evacuation Pause)
[2020-12-21T17:58:16.012-0500][gc,task        ] GC(17015) Using 8 workers of 8 for evacuation
[2020-12-21T17:58:16.017-0500][gc,phases      ] GC(17015)   Pre Evacuate Collection Set: 0.0ms
[2020-12-21T17:58:16.017-0500][gc,phases      ] GC(17015)   Evacuate Collection Set: 1.2ms
[2020-12-21T17:58:16.017-0500][gc,phases      ] GC(17015)   Post Evacuate Collection Set: 3.8ms
[2020-12-21T17:58:16.017-0500][gc,phases      ] GC(17015)   Other: 0.5ms
[2020-12-21T17:58:16.018-0500][gc,heap        ] GC(17015) Eden regions: 8->0(7)
[2020-12-21T17:58:16.018-0500][gc,heap        ] GC(17015) Survivor regions: 0->1(1)
[2020-12-21T17:58:16.018-0500][gc,heap        ] GC(17015) Old regions: 43->43
[2020-12-21T17:58:16.018-0500][gc,heap        ] GC(17015) Humongous regions: 4->4
[2020-12-21T17:58:16.018-0500][gc,metaspace   ] GC(17015) Metaspace: 49949K->49949K(1093632K)
[2020-12-21T17:58:16.018-0500][gc,heap        ] GC(17015) Heap after GC invocations=17016 (full 3473): garbage-first heap   total 64512K, used 43285K [0x0000000083000000, 0x0000000100000000)
[2020-12-21T17:58:16.018-0500][gc,heap        ] GC(17015)   region size 1024K, 1 young (1024K), 1 survivors (1024K)
[2020-12-21T17:58:16.018-0500][gc,heap        ] GC(17015)  Metaspace       used 49949K, capacity 52104K, committed 53632K, reserved 1093632K
[2020-12-21T17:58:16.018-0500][gc,heap        ] GC(17015)   class space    used 7422K, capacity 8193K, committed 8832K, reserved 1048576K
[2020-12-21T17:58:16.018-0500][gc             ] GC(17015) Pause Young (Normal) (G1 Evacuation Pause) 50M->42M(63M) 5.657ms
[2020-12-21T17:58:16.018-0500][gc,cpu         ] GC(17015) User=0.01s Sys=0.00s Real=0.01s
[2020-12-21T17:59:35.750-0500][gc,heap        ] GC(17016) Heap before GC invocations=17016 (full 3473): garbage-first heap   total 64512K, used 50453K [0x0000000083000000, 0x0000000100000000)
[2020-12-21T17:59:35.750-0500][gc,heap        ] GC(17016)   region size 1024K, 8 young (8192K), 1 survivors (1024K)
[2020-12-21T17:59:35.750-0500][gc,heap        ] GC(17016)  Metaspace       used 49949K, capacity 52104K, committed 53632K, reserved 1093632K
[2020-12-21T17:59:35.750-0500][gc,heap        ] GC(17016)   class space    used 7422K, capacity 8193K, committed 8832K, reserved 1048576K
[2020-12-21T17:59:35.750-0500][gc,start       ] GC(17016) Pause Young (Normal) (G1 Evacuation Pause)
[2020-12-21T17:59:35.750-0500][gc,task        ] GC(17016) Using 8 workers of 8 for evacuation
[2020-12-21T17:59:35.754-0500][gc,phases      ] GC(17016)   Pre Evacuate Collection Set: 0.0ms
[2020-12-21T17:59:35.754-0500][gc,phases      ] GC(17016)   Evacuate Collection Set: 2.6ms
[2020-12-21T17:59:35.754-0500][gc,phases      ] GC(17016)   Post Evacuate Collection Set: 1.1ms
[2020-12-21T17:59:35.754-0500][gc,phases      ] GC(17016)   Other: 0.3ms
[2020-12-21T17:59:35.754-0500][gc,heap        ] GC(17016) Eden regions: 7->0(7)
[2020-12-21T17:59:35.754-0500][gc,heap        ] GC(17016) Survivor regions: 1->1(1)
[2020-12-21T17:59:35.754-0500][gc,heap        ] GC(17016) Old regions: 43->43
[2020-12-21T17:59:35.754-0500][gc,heap        ] GC(17016) Humongous regions: 4->4
[2020-12-21T17:59:35.754-0500][gc,metaspace   ] GC(17016) Metaspace: 49949K->49949K(1093632K)
[2020-12-21T17:59:35.754-0500][gc,heap        ] GC(17016) Heap after GC invocations=17017 (full 3473): garbage-first heap   total 64512K, used 43337K [0x0000000083000000, 0x0000000100000000)
[2020-12-21T17:59:35.754-0500][gc,heap        ] GC(17016)   region size 1024K, 1 young (1024K), 1 survivors (1024K)
[2020-12-21T17:59:35.754-0500][gc,heap        ] GC(17016)  Metaspace       used 49949K, capacity 52104K, committed 53632K, reserved 1093632K
[2020-12-21T17:59:35.754-0500][gc,heap        ] GC(17016)   class space    used 7422K, capacity 8193K, committed 8832K, reserved 1048576K
[2020-12-21T17:59:35.754-0500][gc             ] GC(17016) Pause Young (Normal) (G1 Evacuation Pause) 49M->42M(63M) 3.956ms
[2020-12-21T17:59:35.754-0500][gc,cpu         ] GC(17016) User=0.01s Sys=0.01s Real=0.00s
[2020-12-21T18:00:46.012-0500][gc,heap        ] GC(17017) Heap before GC invocations=17017 (full 3473): garbage-first heap   total 64512K, used 49481K [0x0000000083000000, 0x0000000100000000)
[2020-12-21T18:00:46.012-0500][gc,heap        ] GC(17017)   region size 1024K, 8 young (8192K), 1 survivors (1024K)
[2020-12-21T18:00:46.012-0500][gc,heap        ] GC(17017)  Metaspace       used 49949K, capacity 52104K, committed 53632K, reserved 1093632K
[2020-12-21T18:00:46.012-0500][gc,heap        ] GC(17017)   class space    used 7422K, capacity 8193K, committed 8832K, reserved 1048576K
[2020-12-21T18:00:46.012-0500][gc,start       ] GC(17017) Pause Young (Normal) (G1 Evacuation Pause)
[2020-12-21T18:00:46.012-0500][gc,task        ] GC(17017) Using 8 workers of 8 for evacuation
[2020-12-21T18:00:46.015-0500][gc,phases      ] GC(17017)   Pre Evacuate Collection Set: 0.0ms
[2020-12-21T18:00:46.015-0500][gc,phases      ] GC(17017)   Evacuate Collection Set: 1.1ms
[2020-12-21T18:00:46.015-0500][gc,phases      ] GC(17017)   Post Evacuate Collection Set: 1.6ms
[2020-12-21T18:00:46.015-0500][gc,phases      ] GC(17017)   Other: 0.3ms
[2020-12-21T18:00:46.015-0500][gc,heap        ] GC(17017) Eden regions: 7->0(7)
[2020-12-21T18:00:46.015-0500][gc,heap        ] GC(17017) Survivor regions: 1->1(1)
[2020-12-21T18:00:46.015-0500][gc,heap        ] GC(17017) Old regions: 43->43
[2020-12-21T18:00:46.015-0500][gc,heap        ] GC(17017) Humongous regions: 4->4
[2020-12-21T18:00:46.015-0500][gc,metaspace   ] GC(17017) Metaspace: 49949K->49949K(1093632K)
[2020-12-21T18:00:46.015-0500][gc,heap        ] GC(17017) Heap after GC invocations=17018 (full 3473): garbage-first heap   total 64512K, used 43282K [0x0000000083000000, 0x0000000100000000)
[2020-12-21T18:00:46.015-0500][gc,heap        ] GC(17017)   region size 1024K, 1 young (1024K), 1 survivors (1024K)
[2020-12-21T18:00:46.015-0500][gc,heap        ] GC(17017)  Metaspace       used 49949K, capacity 52104K, committed 53632K, reserved 1093632K
[2020-12-21T18:00:46.015-0500][gc,heap        ] GC(17017)   class space    used 7422K, capacity 8193K, committed 8832K, reserved 1048576K
[2020-12-21T18:00:46.015-0500][gc             ] GC(17017) Pause Young (Normal) (G1 Evacuation Pause) 49M->42M(63M) 3.090ms
[2020-12-21T18:00:46.015-0500][gc,cpu         ] GC(17017) User=0.01s Sys=0.01s Real=0.00s
[2020-12-21T18:01:45.190-0500][gc,task        ] GC(17018) Using 5 workers of 8 for full compaction
[2020-12-21T18:01:45.191-0500][gc,start       ] GC(17018) Pause Full (System.gc())
[2020-12-21T18:01:45.191-0500][gc,heap        ] GC(17018) Heap before GC invocations=17018 (full 3473): garbage-first heap   total 64512K, used 48402K [0x0000000083000000, 0x0000000100000000)
[2020-12-21T18:01:45.191-0500][gc,heap        ] GC(17018)   region size 1024K, 7 young (7168K), 1 survivors (1024K)
[2020-12-21T18:01:45.191-0500][gc,heap        ] GC(17018)  Metaspace       used 49949K, capacity 52104K, committed 53632K, reserved 1093632K
[2020-12-21T18:01:45.191-0500][gc,heap        ] GC(17018)   class space    used 7422K, capacity 8193K, committed 8832K, reserved 1048576K
[2020-12-21T18:01:45.191-0500][gc,phases,start] GC(17018) Phase 1: Mark live objects
[2020-12-21T18:01:45.234-0500][gc,stringtable ] GC(17018) Cleaned string and symbol table, strings: 33107 processed, 4 removed, symbols: 120816 processed, 0 removed
[2020-12-21T18:01:45.234-0500][gc,phases      ] GC(17018) Phase 1: Mark live objects 42.767ms
[2020-12-21T18:01:45.234-0500][gc,phases,start] GC(17018) Phase 2: Prepare for compaction
[2020-12-21T18:01:45.239-0500][gc,phases      ] GC(17018) Phase 2: Prepare for compaction 5.124ms
[2020-12-21T18:01:45.239-0500][gc,phases,start] GC(17018) Phase 3: Adjust pointers
[2020-12-21T18:01:45.257-0500][gc,phases      ] GC(17018) Phase 3: Adjust pointers 18.120ms
[2020-12-21T18:01:45.257-0500][gc,phases,start] GC(17018) Phase 4: Compact heap
[2020-12-21T18:01:45.261-0500][gc,phases      ] GC(17018) Phase 4: Compact heap 3.267ms
[2020-12-21T18:01:45.267-0500][gc,heap        ] GC(17018) Eden regions: 6->0(10)
[2020-12-21T18:01:45.267-0500][gc,heap        ] GC(17018) Survivor regions: 1->0(1)
[2020-12-21T18:01:45.267-0500][gc,heap        ] GC(17018) Old regions: 43->41
[2020-12-21T18:01:45.267-0500][gc,heap        ] GC(17018) Humongous regions: 4->4
[2020-12-21T18:01:45.268-0500][gc,metaspace   ] GC(17018) Metaspace: 49949K->49949K(1093632K)
[2020-12-21T18:01:45.268-0500][gc,heap        ] GC(17018) Heap after GC invocations=17019 (full 3474): garbage-first heap   total 64512K, used 43222K [0x0000000083000000, 0x0000000100000000)
[2020-12-21T18:01:45.268-0500][gc,heap        ] GC(17018)   region size 1024K, 0 young (0K), 0 survivors (0K)
[2020-12-21T18:01:45.268-0500][gc,heap        ] GC(17018)  Metaspace       used 49949K, capacity 52104K, committed 53632K, reserved 1093632K
[2020-12-21T18:01:45.268-0500][gc,heap        ] GC(17018)   class space    used 7422K, capacity 8193K, committed 8832K, reserved 1048576K
[2020-12-21T18:01:45.268-0500][gc             ] GC(17018) Pause Full (System.gc()) 47M->42M(63M) 77.048ms
[2020-12-21T18:01:45.268-0500][gc,cpu         ] GC(17018) User=0.33s Sys=0.00s Real=0.08s
[2020-12-21T18:03:36.353-0500][gc,heap        ] GC(17019) Heap before GC invocations=17019 (full 3474): garbage-first heap   total 64512K, used 52438K [0x0000000083000000, 0x0000000100000000)
[2020-12-21T18:03:36.353-0500][gc,heap        ] GC(17019)   region size 1024K, 10 young (10240K), 0 survivors (0K)
[2020-12-21T18:03:36.353-0500][gc,heap        ] GC(17019)  Metaspace       used 49949K, capacity 52104K, committed 53632K, reserved 1093632K
[2020-12-21T18:03:36.353-0500][gc,heap        ] GC(17019)   class space    used 7422K, capacity 8193K, committed 8832K, reserved 1048576K
[2020-12-21T18:03:36.353-0500][gc,start       ] GC(17019) Pause Young (Normal) (G1 Evacuation Pause)
[2020-12-21T18:03:36.353-0500][gc,task        ] GC(17019) Using 8 workers of 8 for evacuation
[2020-12-21T18:03:36.362-0500][gc,phases      ] GC(17019)   Pre Evacuate Collection Set: 0.0ms
[2020-12-21T18:03:36.362-0500][gc,phases      ] GC(17019)   Evacuate Collection Set: 5.1ms
[2020-12-21T18:03:36.362-0500][gc,phases      ] GC(17019)   Post Evacuate Collection Set: 3.3ms
[2020-12-21T18:03:36.362-0500][gc,phases      ] GC(17019)   Other: 0.3ms
[2020-12-21T18:03:36.362-0500][gc,heap        ] GC(17019) Eden regions: 10->0(9)
[2020-12-21T18:03:36.362-0500][gc,heap        ] GC(17019) Survivor regions: 0->1(2)
[2020-12-21T18:03:36.362-0500][gc,heap        ] GC(17019) Old regions: 41->41
[2020-12-21T18:03:36.362-0500][gc,heap        ] GC(17019) Humongous regions: 4->4
[2020-12-21T18:03:36.362-0500][gc,metaspace   ] GC(17019) Metaspace: 49949K->49949K(1093632K)
[2020-12-21T18:03:36.362-0500][gc,heap        ] GC(17019) Heap after GC invocations=17020 (full 3474): garbage-first heap   total 64512K, used 43296K [0x0000000083000000, 0x0000000100000000)
[2020-12-21T18:03:36.362-0500][gc,heap        ] GC(17019)   region size 1024K, 1 young (1024K), 1 survivors (1024K)
[2020-12-21T18:03:36.362-0500][gc,heap        ] GC(17019)  Metaspace       used 49949K, capacity 52104K, committed 53632K, reserved 1093632K
[2020-12-21T18:03:36.362-0500][gc,heap        ] GC(17019)   class space    used 7422K, capacity 8193K, committed 8832K, reserved 1048576K
[2020-12-21T18:03:36.362-0500][gc             ] GC(17019) Pause Young (Normal) (G1 Evacuation Pause) 52M->42M(63M) 8.755ms
[2020-12-21T18:03:36.362-0500][gc,cpu         ] GC(17019) User=0.05s Sys=0.00s Real=0.01s
[2020-12-21T18:05:09.913-0500][gc,heap        ] GC(17020) Heap before GC invocations=17020 (full 3474): garbage-first heap   total 64512K, used 52512K [0x0000000083000000, 0x0000000100000000)
[2020-12-21T18:05:09.913-0500][gc,heap        ] GC(17020)   region size 1024K, 10 young (10240K), 1 survivors (1024K)
[2020-12-21T18:05:09.913-0500][gc,heap        ] GC(17020)  Metaspace       used 49949K, capacity 52104K, committed 53632K, reserved 1093632K
[2020-12-21T18:05:09.913-0500][gc,heap        ] GC(17020)   class space    used 7422K, capacity 8193K, committed 8832K, reserved 1048576K
[2020-12-21T18:05:09.913-0500][gc,start       ] GC(17020) Pause Young (Normal) (G1 Evacuation Pause)
[2020-12-21T18:05:09.913-0500][gc,task        ] GC(17020) Using 8 workers of 8 for evacuation
[2020-12-21T18:05:09.920-0500][gc,phases      ] GC(17020)   Pre Evacuate Collection Set: 0.0ms
[2020-12-21T18:05:09.921-0500][gc,phases      ] GC(17020)   Evacuate Collection Set: 4.4ms
[2020-12-21T18:05:09.921-0500][gc,phases      ] GC(17020)   Post Evacuate Collection Set: 2.3ms
[2020-12-21T18:05:09.921-0500][gc,phases      ] GC(17020)   Other: 0.7ms
[2020-12-21T18:05:09.921-0500][gc,heap        ] GC(17020) Eden regions: 9->0(9)
[2020-12-21T18:05:09.921-0500][gc,heap        ] GC(17020) Survivor regions: 1->1(2)
[2020-12-21T18:05:09.921-0500][gc,heap        ] GC(17020) Old regions: 41->41
[2020-12-21T18:05:09.921-0500][gc,heap        ] GC(17020) Humongous regions: 4->4
[2020-12-21T18:05:09.921-0500][gc,metaspace   ] GC(17020) Metaspace: 49949K->49949K(1093632K)
[2020-12-21T18:05:09.921-0500][gc,heap        ] GC(17020) Heap after GC invocations=17021 (full 3474): garbage-first heap   total 64512K, used 43278K [0x0000000083000000, 0x0000000100000000)
[2020-12-21T18:05:09.921-0500][gc,heap        ] GC(17020)   region size 1024K, 1 young (1024K), 1 survivors (1024K)
[2020-12-21T18:05:09.921-0500][gc,heap        ] GC(17020)  Metaspace       used 49949K, capacity 52104K, committed 53632K, reserved 1093632K
[2020-12-21T18:05:09.921-0500][gc,heap        ] GC(17020)   class space    used 7422K, capacity 8193K, committed 8832K, reserved 1048576K
[2020-12-21T18:05:09.921-0500][gc             ] GC(17020) Pause Young (Normal) (G1 Evacuation Pause) 51M->42M(63M) 7.650ms
[2020-12-21T18:05:09.921-0500][gc,cpu         ] GC(17020) User=0.01s Sys=0.01s Real=0.01s
[2020-12-21T18:06:45.193-0500][gc,task        ] GC(17021) Using 5 workers of 8 for full compaction
[2020-12-21T18:06:45.193-0500][gc,start       ] GC(17021) Pause Full (System.gc())
[2020-12-21T18:06:45.193-0500][gc,heap        ] GC(17021) Heap before GC invocations=17021 (full 3474): garbage-first heap   total 64512K, used 50446K [0x0000000083000000, 0x0000000100000000)
[2020-12-21T18:06:45.193-0500][gc,heap        ] GC(17021)   region size 1024K, 10 young (10240K), 1 survivors (1024K)
[2020-12-21T18:06:45.194-0500][gc,heap        ] GC(17021)  Metaspace       used 49949K, capacity 52104K, committed 53632K, reserved 1093632K
[2020-12-21T18:06:45.194-0500][gc,heap        ] GC(17021)   class space    used 7422K, capacity 8193K, committed 8832K, reserved 1048576K
[2020-12-21T18:06:45.194-0500][gc,phases,start] GC(17021) Phase 1: Mark live objects
[2020-12-21T18:06:45.234-0500][gc,stringtable ] GC(17021) Cleaned string and symbol table, strings: 33107 processed, 4 removed, symbols: 120816 processed, 0 removed
[2020-12-21T18:06:45.234-0500][gc,phases      ] GC(17021) Phase 1: Mark live objects 40.048ms
[2020-12-21T18:06:45.235-0500][gc,phases,start] GC(17021) Phase 2: Prepare for compaction
[2020-12-21T18:06:45.241-0500][gc,phases      ] GC(17021) Phase 2: Prepare for compaction 6.124ms
[2020-12-21T18:06:45.241-0500][gc,phases,start] GC(17021) Phase 3: Adjust pointers
[2020-12-21T18:06:45.253-0500][gc,phases      ] GC(17021) Phase 3: Adjust pointers 12.525ms
[2020-12-21T18:06:45.253-0500][gc,phases,start] GC(17021) Phase 4: Compact heap
[2020-12-21T18:06:45.256-0500][gc,phases      ] GC(17021) Phase 4: Compact heap 3.161ms
[2020-12-21T18:06:45.263-0500][gc,heap        ] GC(17021) Eden regions: 9->0(9)
[2020-12-21T18:06:45.263-0500][gc,heap        ] GC(17021) Survivor regions: 1->0(2)
[2020-12-21T18:06:45.263-0500][gc,heap        ] GC(17021) Old regions: 41->42
[2020-12-21T18:06:45.263-0500][gc,heap        ] GC(17021) Humongous regions: 4->4
[2020-12-21T18:06:45.263-0500][gc,metaspace   ] GC(17021) Metaspace: 49949K->49949K(1093632K)
[2020-12-21T18:06:45.263-0500][gc,heap        ] GC(17021) Heap after GC invocations=17022 (full 3475): garbage-first heap   total 64512K, used 43226K [0x0000000083000000, 0x0000000100000000)
[2020-12-21T18:06:45.263-0500][gc,heap        ] GC(17021)   region size 1024K, 0 young (0K), 0 survivors (0K)
[2020-12-21T18:06:45.263-0500][gc,heap        ] GC(17021)  Metaspace       used 49949K, capacity 52104K, committed 53632K, reserved 1093632K
[2020-12-21T18:06:45.263-0500][gc,heap        ] GC(17021)   class space    used 7422K, capacity 8193K, committed 8832K, reserved 1048576K
[2020-12-21T18:06:45.263-0500][gc             ] GC(17021) Pause Full (System.gc()) 50M->42M(63M) 69.324ms
[2020-12-21T18:06:45.263-0500][gc,cpu         ] GC(17021) User=0.30s Sys=0.00s Real=0.07s
[2020-12-21T18:08:26.516-0500][gc,heap        ] GC(17022) Heap before GC invocations=17022 (full 3475): garbage-first heap   total 64512K, used 51418K [0x0000000083000000, 0x0000000100000000)
[2020-12-21T18:08:26.517-0500][gc,heap        ] GC(17022)   region size 1024K, 9 young (9216K), 0 survivors (0K)
[2020-12-21T18:08:26.517-0500][gc,heap        ] GC(17022)  Metaspace       used 49949K, capacity 52104K, committed 53632K, reserved 1093632K
[2020-12-21T18:08:26.517-0500][gc,heap        ] GC(17022)   class space    used 7422K, capacity 8193K, committed 8832K, reserved 1048576K
[2020-12-21T18:08:26.517-0500][gc,start       ] GC(17022) Pause Young (Normal) (G1 Evacuation Pause)
[2020-12-21T18:08:26.517-0500][gc,task        ] GC(17022) Using 8 workers of 8 for evacuation
[2020-12-21T18:08:26.521-0500][gc,phases      ] GC(17022)   Pre Evacuate Collection Set: 0.0ms
[2020-12-21T18:08:26.521-0500][gc,phases      ] GC(17022)   Evacuate Collection Set: 3.1ms
[2020-12-21T18:08:26.522-0500][gc,phases      ] GC(17022)   Post Evacuate Collection Set: 1.5ms
[2020-12-21T18:08:26.522-0500][gc,phases      ] GC(17022)   Other: 0.4ms
[2020-12-21T18:08:26.522-0500][gc,heap        ] GC(17022) Eden regions: 9->0(8)
[2020-12-21T18:08:26.522-0500][gc,heap        ] GC(17022) Survivor regions: 0->1(2)
[2020-12-21T18:08:26.522-0500][gc,heap        ] GC(17022) Old regions: 42->42
[2020-12-21T18:08:26.522-0500][gc,heap        ] GC(17022) Humongous regions: 4->4
[2020-12-21T18:08:26.522-0500][gc,metaspace   ] GC(17022) Metaspace: 49949K->49949K(1093632K)
[2020-12-21T18:08:26.522-0500][gc,heap        ] GC(17022) Heap after GC invocations=17023 (full 3475): garbage-first heap   total 64512K, used 43273K [0x0000000083000000, 0x0000000100000000)
[2020-12-21T18:08:26.522-0500][gc,heap        ] GC(17022)   region size 1024K, 1 young (1024K), 1 survivors (1024K)
[2020-12-21T18:08:26.522-0500][gc,heap        ] GC(17022)  Metaspace       used 49949K, capacity 52104K, committed 53632K, reserved 1093632K
[2020-12-21T18:08:26.522-0500][gc,heap        ] GC(17022)   class space    used 7422K, capacity 8193K, committed 8832K, reserved 1048576K
[2020-12-21T18:08:26.522-0500][gc             ] GC(17022) Pause Young (Normal) (G1 Evacuation Pause) 51M->42M(63M) 5.037ms
[2020-12-21T18:08:26.522-0500][gc,cpu         ] GC(17022) User=0.02s Sys=0.00s Real=0.01s
[2020-12-21T18:10:00.099-0500][gc,heap        ] GC(17023) Heap before GC invocations=17023 (full 3475): garbage-first heap   total 64512K, used 50441K [0x0000000083000000, 0x0000000100000000)
[2020-12-21T18:10:00.099-0500][gc,heap        ] GC(17023)   region size 1024K, 9 young (9216K), 1 survivors (1024K)
[2020-12-21T18:10:00.099-0500][gc,heap        ] GC(17023)  Metaspace       used 49949K, capacity 52104K, committed 53632K, reserved 1093632K
[2020-12-21T18:10:00.099-0500][gc,heap        ] GC(17023)   class space    used 7422K, capacity 8193K, committed 8832K, reserved 1048576K
[2020-12-21T18:10:00.100-0500][gc,start       ] GC(17023) Pause Young (Normal) (G1 Evacuation Pause)
[2020-12-21T18:10:00.100-0500][gc,task        ] GC(17023) Using 8 workers of 8 for evacuation
[2020-12-21T18:10:00.112-0500][gc,phases      ] GC(17023)   Pre Evacuate Collection Set: 0.0ms
[2020-12-21T18:10:00.112-0500][gc,phases      ] GC(17023)   Evacuate Collection Set: 1.6ms
[2020-12-21T18:10:00.112-0500][gc,phases      ] GC(17023)   Post Evacuate Collection Set: 10.4ms
[2020-12-21T18:10:00.112-0500][gc,phases      ] GC(17023)   Other: 0.7ms
[2020-12-21T18:10:00.112-0500][gc,heap        ] GC(17023) Eden regions: 8->0(8)
[2020-12-21T18:10:00.112-0500][gc,heap        ] GC(17023) Survivor regions: 1->1(2)
[2020-12-21T18:10:00.112-0500][gc,heap        ] GC(17023) Old regions: 42->42
[2020-12-21T18:10:00.112-0500][gc,heap        ] GC(17023) Humongous regions: 4->4
[2020-12-21T18:10:00.112-0500][gc,metaspace   ] GC(17023) Metaspace: 49949K->49949K(1093632K)
[2020-12-21T18:10:00.112-0500][gc,heap        ] GC(17023) Heap after GC invocations=17024 (full 3475): garbage-first heap   total 64512K, used 43278K [0x0000000083000000, 0x0000000100000000)
[2020-12-21T18:10:00.112-0500][gc,heap        ] GC(17023)   region size 1024K, 1 young (1024K), 1 survivors (1024K)
[2020-12-21T18:10:00.112-0500][gc,heap        ] GC(17023)  Metaspace       used 49949K, capacity 52104K, committed 53632K, reserved 1093632K
[2020-12-21T18:10:00.112-0500][gc,heap        ] GC(17023)   class space    used 7422K, capacity 8193K, committed 8832K, reserved 1048576K
[2020-12-21T18:10:00.112-0500][gc             ] GC(17023) Pause Young (Normal) (G1 Evacuation Pause) 50M->42M(63M) 12.772ms
[2020-12-21T18:10:00.113-0500][gc,cpu         ] GC(17023) User=0.08s Sys=0.00s Real=0.01s
[2020-12-21T18:11:36.014-0500][gc,heap        ] GC(17024) Heap before GC invocations=17024 (full 3475): garbage-first heap   total 64512K, used 50446K [0x0000000083000000, 0x0000000100000000)
[2020-12-21T18:11:36.014-0500][gc,heap        ] GC(17024)   region size 1024K, 9 young (9216K), 1 survivors (1024K)
[2020-12-21T18:11:36.014-0500][gc,heap        ] GC(17024)  Metaspace       used 49949K, capacity 52104K, committed 53632K, reserved 1093632K
[2020-12-21T18:11:36.014-0500][gc,heap        ] GC(17024)   class space    used 7422K, capacity 8193K, committed 8832K, reserved 1048576K
[2020-12-21T18:11:36.014-0500][gc,start       ] GC(17024) Pause Young (Normal) (G1 Evacuation Pause)
[2020-12-21T18:11:36.014-0500][gc,task        ] GC(17024) Using 8 workers of 8 for evacuation
[2020-12-21T18:11:36.016-0500][gc,phases      ] GC(17024)   Pre Evacuate Collection Set: 0.0ms
[2020-12-21T18:11:36.016-0500][gc,phases      ] GC(17024)   Evacuate Collection Set: 0.5ms
[2020-12-21T18:11:36.016-0500][gc,phases      ] GC(17024)   Post Evacuate Collection Set: 0.9ms
[2020-12-21T18:11:36.016-0500][gc,phases      ] GC(17024)   Other: 0.2ms
[2020-12-21T18:11:36.016-0500][gc,heap        ] GC(17024) Eden regions: 8->0(8)
[2020-12-21T18:11:36.016-0500][gc,heap        ] GC(17024) Survivor regions: 1->1(2)
[2020-12-21T18:11:36.016-0500][gc,heap        ] GC(17024) Old regions: 42->42
[2020-12-21T18:11:36.016-0500][gc,heap        ] GC(17024) Humongous regions: 4->4
[2020-12-21T18:11:36.016-0500][gc,metaspace   ] GC(17024) Metaspace: 49949K->49949K(1093632K)
[2020-12-21T18:11:36.016-0500][gc,heap        ] GC(17024) Heap after GC invocations=17025 (full 3475): garbage-first heap   total 64512K, used 43278K [0x0000000083000000, 0x0000000100000000)
[2020-12-21T18:11:36.016-0500][gc,heap        ] GC(17024)   region size 1024K, 1 young (1024K), 1 survivors (1024K)
[2020-12-21T18:11:36.016-0500][gc,heap        ] GC(17024)  Metaspace       used 49949K, capacity 52104K, committed 53632K, reserved 1093632K
[2020-12-21T18:11:36.016-0500][gc,heap        ] GC(17024)   class space    used 7422K, capacity 8193K, committed 8832K, reserved 1048576K
[2020-12-21T18:11:36.016-0500][gc             ] GC(17024) Pause Young (Normal) (G1 Evacuation Pause) 50M->42M(63M) 1.595ms
[2020-12-21T18:11:36.016-0500][gc,cpu         ] GC(17024) User=0.00s Sys=0.00s Real=0.00s
[2020-12-21T18:11:45.192-0500][gc,task        ] GC(17025) Using 5 workers of 8 for full compaction
[2020-12-21T18:11:45.192-0500][gc,start       ] GC(17025) Pause Full (System.gc())
[2020-12-21T18:11:45.192-0500][gc,heap        ] GC(17025) Heap before GC invocations=17025 (full 3475): garbage-first heap   total 64512K, used 44302K [0x0000000083000000, 0x0000000100000000)
[2020-12-21T18:11:45.192-0500][gc,heap        ] GC(17025)   region size 1024K, 3 young (3072K), 1 survivors (1024K)
[2020-12-21T18:11:45.192-0500][gc,heap        ] GC(17025)  Metaspace       used 49949K, capacity 52104K, committed 53632K, reserved 1093632K
[2020-12-21T18:11:45.192-0500][gc,heap        ] GC(17025)   class space    used 7422K, capacity 8193K, committed 8832K, reserved 1048576K
[2020-12-21T18:11:45.193-0500][gc,phases,start] GC(17025) Phase 1: Mark live objects
[2020-12-21T18:11:45.232-0500][gc,stringtable ] GC(17025) Cleaned string and symbol table, strings: 33107 processed, 4 removed, symbols: 120816 processed, 0 removed
[2020-12-21T18:11:45.232-0500][gc,phases      ] GC(17025) Phase 1: Mark live objects 39.393ms
[2020-12-21T18:11:45.232-0500][gc,phases,start] GC(17025) Phase 2: Prepare for compaction
[2020-12-21T18:11:45.237-0500][gc,phases      ] GC(17025) Phase 2: Prepare for compaction 4.638ms
[2020-12-21T18:11:45.237-0500][gc,phases,start] GC(17025) Phase 3: Adjust pointers
[2020-12-21T18:11:45.250-0500][gc,phases      ] GC(17025) Phase 3: Adjust pointers 12.853ms
[2020-12-21T18:11:45.250-0500][gc,phases,start] GC(17025) Phase 4: Compact heap
[2020-12-21T18:11:45.253-0500][gc,phases      ] GC(17025) Phase 4: Compact heap 2.895ms
[2020-12-21T18:11:45.259-0500][gc,heap        ] GC(17025) Eden regions: 2->0(10)
[2020-12-21T18:11:45.259-0500][gc,heap        ] GC(17025) Survivor regions: 1->0(2)
[2020-12-21T18:11:45.259-0500][gc,heap        ] GC(17025) Old regions: 42->41
[2020-12-21T18:11:45.259-0500][gc,heap        ] GC(17025) Humongous regions: 4->4
[2020-12-21T18:11:45.259-0500][gc,metaspace   ] GC(17025) Metaspace: 49949K->49949K(1093632K)
[2020-12-21T18:11:45.259-0500][gc,heap        ] GC(17025) Heap after GC invocations=17026 (full 3476): garbage-first heap   total 64512K, used 43197K [0x0000000083000000, 0x0000000100000000)
[2020-12-21T18:11:45.259-0500][gc,heap        ] GC(17025)   region size 1024K, 0 young (0K), 0 survivors (0K)
[2020-12-21T18:11:45.259-0500][gc,heap        ] GC(17025)  Metaspace       used 49949K, capacity 52104K, committed 53632K, reserved 1093632K
[2020-12-21T18:11:45.259-0500][gc,heap        ] GC(17025)   class space    used 7422K, capacity 8193K, committed 8832K, reserved 1048576K
[2020-12-21T18:11:45.259-0500][gc             ] GC(17025) Pause Full (System.gc()) 43M->42M(63M) 66.853ms
[2020-12-21T18:11:45.259-0500][gc,cpu         ] GC(17025) User=0.29s Sys=0.00s Real=0.07s
[2020-12-21T18:13:37.983-0500][gc,heap        ] GC(17026) Heap before GC invocations=17026 (full 3476): garbage-first heap   total 64512K, used 53437K [0x0000000083000000, 0x0000000100000000)
[2020-12-21T18:13:37.983-0500][gc,heap        ] GC(17026)   region size 1024K, 10 young (10240K), 0 survivors (0K)
[2020-12-21T18:13:37.983-0500][gc,heap        ] GC(17026)  Metaspace       used 49949K, capacity 52104K, committed 53632K, reserved 1093632K
[2020-12-21T18:13:37.983-0500][gc,heap        ] GC(17026)   class space    used 7422K, capacity 8193K, committed 8832K, reserved 1048576K
[2020-12-21T18:13:37.983-0500][gc,start       ] GC(17026) Pause Young (Normal) (G1 Evacuation Pause)
[2020-12-21T18:13:37.983-0500][gc,task        ] GC(17026) Using 8 workers of 8 for evacuation
[2020-12-21T18:13:37.989-0500][gc,phases      ] GC(17026)   Pre Evacuate Collection Set: 0.0ms
[2020-12-21T18:13:37.989-0500][gc,phases      ] GC(17026)   Evacuate Collection Set: 3.3ms
[2020-12-21T18:13:37.989-0500][gc,phases      ] GC(17026)   Post Evacuate Collection Set: 1.9ms
[2020-12-21T18:13:37.989-0500][gc,phases      ] GC(17026)   Other: 0.4ms
[2020-12-21T18:13:37.989-0500][gc,heap        ] GC(17026) Eden regions: 10->0(9)
[2020-12-21T18:13:37.989-0500][gc,heap        ] GC(17026) Survivor regions: 0->1(2)
[2020-12-21T18:13:37.989-0500][gc,heap        ] GC(17026) Old regions: 41->41
[2020-12-21T18:13:37.989-0500][gc,heap        ] GC(17026) Humongous regions: 4->4
[2020-12-21T18:13:37.989-0500][gc,metaspace   ] GC(17026) Metaspace: 49949K->49949K(1093632K)
[2020-12-21T18:13:37.989-0500][gc,heap        ] GC(17026) Heap after GC invocations=17027 (full 3476): garbage-first heap   total 64512K, used 43362K [0x0000000083000000, 0x0000000100000000)
[2020-12-21T18:13:37.989-0500][gc,heap        ] GC(17026)   region size 1024K, 1 young (1024K), 1 survivors (1024K)
[2020-12-21T18:13:37.989-0500][gc,heap        ] GC(17026)  Metaspace       used 49949K, capacity 52104K, committed 53632K, reserved 1093632K
[2020-12-21T18:13:37.989-0500][gc,heap        ] GC(17026)   class space    used 7422K, capacity 8193K, committed 8832K, reserved 1048576K
[2020-12-21T18:13:37.989-0500][gc             ] GC(17026) Pause Young (Normal) (G1 Evacuation Pause) 52M->42M(63M) 5.700ms
[2020-12-21T18:13:37.989-0500][gc,cpu         ] GC(17026) User=0.02s Sys=0.00s Real=0.01s
[2020-12-21T18:15:26.015-0500][gc,heap        ] GC(17027) Heap before GC invocations=17027 (full 3476): garbage-first heap   total 64512K, used 51554K [0x0000000083000000, 0x0000000100000000)
[2020-12-21T18:15:26.015-0500][gc,heap        ] GC(17027)   region size 1024K, 10 young (10240K), 1 survivors (1024K)
[2020-12-21T18:15:26.015-0500][gc,heap        ] GC(17027)  Metaspace       used 49949K, capacity 52104K, committed 53632K, reserved 1093632K
[2020-12-21T18:15:26.015-0500][gc,heap        ] GC(17027)   class space    used 7422K, capacity 8193K, committed 8832K, reserved 1048576K
[2020-12-21T18:15:26.015-0500][gc,start       ] GC(17027) Pause Young (Normal) (G1 Evacuation Pause)
[2020-12-21T18:15:26.015-0500][gc,task        ] GC(17027) Using 8 workers of 8 for evacuation
[2020-12-21T18:15:26.020-0500][gc,phases      ] GC(17027)   Pre Evacuate Collection Set: 0.0ms
[2020-12-21T18:15:26.020-0500][gc,phases      ] GC(17027)   Evacuate Collection Set: 2.9ms
[2020-12-21T18:15:26.020-0500][gc,phases      ] GC(17027)   Post Evacuate Collection Set: 1.5ms
[2020-12-21T18:15:26.020-0500][gc,phases      ] GC(17027)   Other: 0.5ms
[2020-12-21T18:15:26.020-0500][gc,heap        ] GC(17027) Eden regions: 9->0(9)
[2020-12-21T18:15:26.020-0500][gc,heap        ] GC(17027) Survivor regions: 1->1(2)
[2020-12-21T18:15:26.020-0500][gc,heap        ] GC(17027) Old regions: 41->41
[2020-12-21T18:15:26.020-0500][gc,heap        ] GC(17027) Humongous regions: 4->4
[2020-12-21T18:15:26.020-0500][gc,metaspace   ] GC(17027) Metaspace: 49949K->49949K(1093632K)
[2020-12-21T18:15:26.020-0500][gc,heap        ] GC(17027) Heap after GC invocations=17028 (full 3476): garbage-first heap   total 64512K, used 43270K [0x0000000083000000, 0x0000000100000000)
[2020-12-21T18:15:26.020-0500][gc,heap        ] GC(17027)   region size 1024K, 1 young (1024K), 1 survivors (1024K)
[2020-12-21T18:15:26.020-0500][gc,heap        ] GC(17027)  Metaspace       used 49949K, capacity 52104K, committed 53632K, reserved 1093632K
[2020-12-21T18:15:26.020-0500][gc,heap        ] GC(17027)   class space    used 7422K, capacity 8193K, committed 8832K, reserved 1048576K
[2020-12-21T18:15:26.020-0500][gc             ] GC(17027) Pause Young (Normal) (G1 Evacuation Pause) 51M->42M(63M) 4.989ms
[2020-12-21T18:15:26.020-0500][gc,cpu         ] GC(17027) User=0.02s Sys=0.00s Real=0.01s
[2020-12-21T18:16:45.192-0500][gc,task        ] GC(17028) Using 5 workers of 8 for full compaction
[2020-12-21T18:16:45.192-0500][gc,start       ] GC(17028) Pause Full (System.gc())
[2020-12-21T18:16:45.193-0500][gc,heap        ] GC(17028) Heap before GC invocations=17028 (full 3476): garbage-first heap   total 64512K, used 50438K [0x0000000083000000, 0x0000000100000000)
[2020-12-21T18:16:45.193-0500][gc,heap        ] GC(17028)   region size 1024K, 9 young (9216K), 1 survivors (1024K)
[2020-12-21T18:16:45.193-0500][gc,heap        ] GC(17028)  Metaspace       used 49949K, capacity 52104K, committed 53632K, reserved 1093632K
[2020-12-21T18:16:45.193-0500][gc,heap        ] GC(17028)   class space    used 7422K, capacity 8193K, committed 8832K, reserved 1048576K
[2020-12-21T18:16:45.193-0500][gc,phases,start] GC(17028) Phase 1: Mark live objects
[2020-12-21T18:16:45.235-0500][gc,stringtable ] GC(17028) Cleaned string and symbol table, strings: 33107 processed, 4 removed, symbols: 120816 processed, 0 removed
[2020-12-21T18:16:45.235-0500][gc,phases      ] GC(17028) Phase 1: Mark live objects 42.192ms
[2020-12-21T18:16:45.235-0500][gc,phases,start] GC(17028) Phase 2: Prepare for compaction
[2020-12-21T18:16:45.239-0500][gc,phases      ] GC(17028) Phase 2: Prepare for compaction 3.896ms
[2020-12-21T18:16:45.239-0500][gc,phases,start] GC(17028) Phase 3: Adjust pointers
[2020-12-21T18:16:45.250-0500][gc,phases      ] GC(17028) Phase 3: Adjust pointers 10.930ms
[2020-12-21T18:16:45.250-0500][gc,phases,start] GC(17028) Phase 4: Compact heap
[2020-12-21T18:16:45.253-0500][gc,phases      ] GC(17028) Phase 4: Compact heap 2.894ms
[2020-12-21T18:16:45.259-0500][gc,heap        ] GC(17028) Eden regions: 8->0(9)
[2020-12-21T18:16:45.259-0500][gc,heap        ] GC(17028) Survivor regions: 1->0(2)
[2020-12-21T18:16:45.259-0500][gc,heap        ] GC(17028) Old regions: 41->42
[2020-12-21T18:16:45.259-0500][gc,heap        ] GC(17028) Humongous regions: 4->4
[2020-12-21T18:16:45.259-0500][gc,metaspace   ] GC(17028) Metaspace: 49949K->49949K(1093632K)
[2020-12-21T18:16:45.259-0500][gc,heap        ] GC(17028) Heap after GC invocations=17029 (full 3477): garbage-first heap   total 64512K, used 43219K [0x0000000083000000, 0x0000000100000000)
[2020-12-21T18:16:45.259-0500][gc,heap        ] GC(17028)   region size 1024K, 0 young (0K), 0 survivors (0K)
[2020-12-21T18:16:45.259-0500][gc,heap        ] GC(17028)  Metaspace       used 49949K, capacity 52104K, committed 53632K, reserved 1093632K
[2020-12-21T18:16:45.259-0500][gc,heap        ] GC(17028)   class space    used 7422K, capacity 8193K, committed 8832K, reserved 1048576K
[2020-12-21T18:16:45.259-0500][gc             ] GC(17028) Pause Full (System.gc()) 49M->42M(63M) 66.817ms
[2020-12-21T18:16:45.259-0500][gc,cpu         ] GC(17028) User=0.28s Sys=0.00s Real=0.07s
[2020-12-21T18:18:26.015-0500][gc,heap        ] GC(17029) Heap before GC invocations=17029 (full 3477): garbage-first heap   total 64512K, used 51411K [0x0000000083000000, 0x0000000100000000)
[2020-12-21T18:18:26.015-0500][gc,heap        ] GC(17029)   region size 1024K, 9 young (9216K), 0 survivors (0K)
[2020-12-21T18:18:26.015-0500][gc,heap        ] GC(17029)  Metaspace       used 49949K, capacity 52104K, committed 53632K, reserved 1093632K
[2020-12-21T18:18:26.015-0500][gc,heap        ] GC(17029)   class space    used 7422K, capacity 8193K, committed 8832K, reserved 1048576K
[2020-12-21T18:18:26.015-0500][gc,start       ] GC(17029) Pause Young (Normal) (G1 Evacuation Pause)
[2020-12-21T18:18:26.015-0500][gc,task        ] GC(17029) Using 8 workers of 8 for evacuation
[2020-12-21T18:18:26.020-0500][gc,phases      ] GC(17029)   Pre Evacuate Collection Set: 0.0ms
[2020-12-21T18:18:26.020-0500][gc,phases      ] GC(17029)   Evacuate Collection Set: 1.7ms
[2020-12-21T18:18:26.020-0500][gc,phases      ] GC(17029)   Post Evacuate Collection Set: 3.3ms
[2020-12-21T18:18:26.020-0500][gc,phases      ] GC(17029)   Other: 0.5ms
[2020-12-21T18:18:26.020-0500][gc,heap        ] GC(17029) Eden regions: 9->0(8)
[2020-12-21T18:18:26.020-0500][gc,heap        ] GC(17029) Survivor regions: 0->1(2)
[2020-12-21T18:18:26.020-0500][gc,heap        ] GC(17029) Old regions: 42->42
[2020-12-21T18:18:26.020-0500][gc,heap        ] GC(17029) Humongous regions: 4->4
[2020-12-21T18:18:26.020-0500][gc,metaspace   ] GC(17029) Metaspace: 49949K->49949K(1093632K)
[2020-12-21T18:18:26.020-0500][gc,heap        ] GC(17029) Heap after GC invocations=17030 (full 3477): garbage-first heap   total 64512K, used 43299K [0x0000000083000000, 0x0000000100000000)
[2020-12-21T18:18:26.020-0500][gc,heap        ] GC(17029)   region size 1024K, 1 young (1024K), 1 survivors (1024K)
[2020-12-21T18:18:26.021-0500][gc,heap        ] GC(17029)  Metaspace       used 49949K, capacity 52104K, committed 53632K, reserved 1093632K
[2020-12-21T18:18:26.021-0500][gc,heap        ] GC(17029)   class space    used 7422K, capacity 8193K, committed 8832K, reserved 1048576K
[2020-12-21T18:18:26.021-0500][gc             ] GC(17029) Pause Young (Normal) (G1 Evacuation Pause) 51M->42M(63M) 5.592ms
[2020-12-21T18:18:26.021-0500][gc,cpu         ] GC(17029) User=0.00s Sys=0.01s Real=0.01s
[2020-12-21T18:19:56.013-0500][gc,heap        ] GC(17030) Heap before GC invocations=17030 (full 3477): garbage-first heap   total 64512K, used 50467K [0x0000000083000000, 0x0000000100000000)
[2020-12-21T18:19:56.013-0500][gc,heap        ] GC(17030)   region size 1024K, 9 young (9216K), 1 survivors (1024K)
[2020-12-21T18:19:56.013-0500][gc,heap        ] GC(17030)  Metaspace       used 49949K, capacity 52104K, committed 53632K, reserved 1093632K
[2020-12-21T18:19:56.013-0500][gc,heap        ] GC(17030)   class space    used 7422K, capacity 8193K, committed 8832K, reserved 1048576K
[2020-12-21T18:19:56.014-0500][gc,start       ] GC(17030) Pause Young (Normal) (G1 Evacuation Pause)
[2020-12-21T18:19:56.014-0500][gc,task        ] GC(17030) Using 8 workers of 8 for evacuation
[2020-12-21T18:19:56.017-0500][gc,phases      ] GC(17030)   Pre Evacuate Collection Set: 0.0ms
[2020-12-21T18:19:56.017-0500][gc,phases      ] GC(17030)   Evacuate Collection Set: 2.6ms
[2020-12-21T18:19:56.017-0500][gc,phases      ] GC(17030)   Post Evacuate Collection Set: 0.9ms
[2020-12-21T18:19:56.017-0500][gc,phases      ] GC(17030)   Other: 0.2ms
[2020-12-21T18:19:56.017-0500][gc,heap        ] GC(17030) Eden regions: 8->0(8)
[2020-12-21T18:19:56.017-0500][gc,heap        ] GC(17030) Survivor regions: 1->1(2)
[2020-12-21T18:19:56.017-0500][gc,heap        ] GC(17030) Old regions: 42->42
[2020-12-21T18:19:56.017-0500][gc,heap        ] GC(17030) Humongous regions: 4->4
[2020-12-21T18:19:56.017-0500][gc,metaspace   ] GC(17030) Metaspace: 49949K->49949K(1093632K)
[2020-12-21T18:19:56.017-0500][gc,heap        ] GC(17030) Heap after GC invocations=17031 (full 3477): garbage-first heap   total 64512K, used 43298K [0x0000000083000000, 0x0000000100000000)
[2020-12-21T18:19:56.017-0500][gc,heap        ] GC(17030)   region size 1024K, 1 young (1024K), 1 survivors (1024K)
[2020-12-21T18:19:56.017-0500][gc,heap        ] GC(17030)  Metaspace       used 49949K, capacity 52104K, committed 53632K, reserved 1093632K
[2020-12-21T18:19:56.017-0500][gc,heap        ] GC(17030)   class space    used 7422K, capacity 8193K, committed 8832K, reserved 1048576K
[2020-12-21T18:19:56.017-0500][gc             ] GC(17030) Pause Young (Normal) (G1 Evacuation Pause) 50M->42M(63M) 3.784ms
[2020-12-21T18:19:56.017-0500][gc,cpu         ] GC(17030) User=0.01s Sys=0.00s Real=0.00s
[2020-12-21T18:21:20.493-0500][gc,heap        ] GC(17031) Heap before GC invocations=17031 (full 3477): garbage-first heap   total 64512K, used 50466K [0x0000000083000000, 0x0000000100000000)
[2020-12-21T18:21:20.494-0500][gc,heap        ] GC(17031)   region size 1024K, 9 young (9216K), 1 survivors (1024K)
[2020-12-21T18:21:20.494-0500][gc,heap        ] GC(17031)  Metaspace       used 49949K, capacity 52104K, committed 53632K, reserved 1093632K
[2020-12-21T18:21:20.494-0500][gc,heap        ] GC(17031)   class space    used 7422K, capacity 8193K, committed 8832K, reserved 1048576K
[2020-12-21T18:21:20.494-0500][gc,start       ] GC(17031) Pause Young (Normal) (G1 Evacuation Pause)
[2020-12-21T18:21:20.494-0500][gc,task        ] GC(17031) Using 8 workers of 8 for evacuation
[2020-12-21T18:21:20.497-0500][gc,phases      ] GC(17031)   Pre Evacuate Collection Set: 0.0ms
[2020-12-21T18:21:20.497-0500][gc,phases      ] GC(17031)   Evacuate Collection Set: 1.4ms
[2020-12-21T18:21:20.497-0500][gc,phases      ] GC(17031)   Post Evacuate Collection Set: 1.6ms
[2020-12-21T18:21:20.497-0500][gc,phases      ] GC(17031)   Other: 0.5ms
[2020-12-21T18:21:20.497-0500][gc,heap        ] GC(17031) Eden regions: 8->0(8)
[2020-12-21T18:21:20.497-0500][gc,heap        ] GC(17031) Survivor regions: 1->1(2)
[2020-12-21T18:21:20.497-0500][gc,heap        ] GC(17031) Old regions: 42->42
[2020-12-21T18:21:20.497-0500][gc,heap        ] GC(17031) Humongous regions: 4->4
[2020-12-21T18:21:20.497-0500][gc,metaspace   ] GC(17031) Metaspace: 49949K->49949K(1093632K)
[2020-12-21T18:21:20.497-0500][gc,heap        ] GC(17031) Heap after GC invocations=17032 (full 3477): garbage-first heap   total 64512K, used 43277K [0x0000000083000000, 0x0000000100000000)
[2020-12-21T18:21:20.497-0500][gc,heap        ] GC(17031)   region size 1024K, 1 young (1024K), 1 survivors (1024K)
[2020-12-21T18:21:20.497-0500][gc,heap        ] GC(17031)  Metaspace       used 49949K, capacity 52104K, committed 53632K, reserved 1093632K
[2020-12-21T18:21:20.497-0500][gc,heap        ] GC(17031)   class space    used 7422K, capacity 8193K, committed 8832K, reserved 1048576K
[2020-12-21T18:21:20.497-0500][gc             ] GC(17031) Pause Young (Normal) (G1 Evacuation Pause) 50M->42M(63M) 3.711ms
[2020-12-21T18:21:20.498-0500][gc,cpu         ] GC(17031) User=0.01s Sys=0.01s Real=0.00s
[2020-12-21T18:21:45.189-0500][gc,task        ] GC(17032) Using 5 workers of 8 for full compaction
[2020-12-21T18:21:45.189-0500][gc,start       ] GC(17032) Pause Full (System.gc())
[2020-12-21T18:21:45.189-0500][gc,heap        ] GC(17032) Heap before GC invocations=17032 (full 3477): garbage-first heap   total 64512K, used 44301K [0x0000000083000000, 0x0000000100000000)
[2020-12-21T18:21:45.189-0500][gc,heap        ] GC(17032)   region size 1024K, 3 young (3072K), 1 survivors (1024K)
[2020-12-21T18:21:45.189-0500][gc,heap        ] GC(17032)  Metaspace       used 49949K, capacity 52104K, committed 53632K, reserved 1093632K
[2020-12-21T18:21:45.189-0500][gc,heap        ] GC(17032)   class space    used 7422K, capacity 8193K, committed 8832K, reserved 1048576K
[2020-12-21T18:21:45.190-0500][gc,phases,start] GC(17032) Phase 1: Mark live objects
[2020-12-21T18:21:45.233-0500][gc,stringtable ] GC(17032) Cleaned string and symbol table, strings: 33107 processed, 4 removed, symbols: 120816 processed, 0 removed
[2020-12-21T18:21:45.233-0500][gc,phases      ] GC(17032) Phase 1: Mark live objects 43.520ms
[2020-12-21T18:21:45.233-0500][gc,phases,start] GC(17032) Phase 2: Prepare for compaction
[2020-12-21T18:21:45.238-0500][gc,phases      ] GC(17032) Phase 2: Prepare for compaction 4.514ms
[2020-12-21T18:21:45.238-0500][gc,phases,start] GC(17032) Phase 3: Adjust pointers
[2020-12-21T18:21:45.249-0500][gc,phases      ] GC(17032) Phase 3: Adjust pointers 11.452ms
[2020-12-21T18:21:45.249-0500][gc,phases,start] GC(17032) Phase 4: Compact heap
[2020-12-21T18:21:45.253-0500][gc,phases      ] GC(17032) Phase 4: Compact heap 3.219ms
[2020-12-21T18:21:45.260-0500][gc,heap        ] GC(17032) Eden regions: 2->0(10)
[2020-12-21T18:21:45.260-0500][gc,heap        ] GC(17032) Survivor regions: 1->0(2)
[2020-12-21T18:21:45.260-0500][gc,heap        ] GC(17032) Old regions: 42->41
[2020-12-21T18:21:45.260-0500][gc,heap        ] GC(17032) Humongous regions: 4->4
[2020-12-21T18:21:45.260-0500][gc,metaspace   ] GC(17032) Metaspace: 49949K->49949K(1093632K)
[2020-12-21T18:21:45.260-0500][gc,heap        ] GC(17032) Heap after GC invocations=17033 (full 3478): garbage-first heap   total 64512K, used 43199K [0x0000000083000000, 0x0000000100000000)
[2020-12-21T18:21:45.260-0500][gc,heap        ] GC(17032)   region size 1024K, 0 young (0K), 0 survivors (0K)
[2020-12-21T18:21:45.260-0500][gc,heap        ] GC(17032)  Metaspace       used 49949K, capacity 52104K, committed 53632K, reserved 1093632K
[2020-12-21T18:21:45.260-0500][gc,heap        ] GC(17032)   class space    used 7422K, capacity 8193K, committed 8832K, reserved 1048576K
[2020-12-21T18:21:45.260-0500][gc             ] GC(17032) Pause Full (System.gc()) 44M->42M(63M) 71.127ms
[2020-12-21T18:21:45.260-0500][gc,cpu         ] GC(17032) User=0.30s Sys=0.00s Real=0.07s
[2020-12-21T18:23:39.740-0500][gc,heap        ] GC(17033) Heap before GC invocations=17033 (full 3478): garbage-first heap   total 64512K, used 52415K [0x0000000083000000, 0x0000000100000000)
[2020-12-21T18:23:39.740-0500][gc,heap        ] GC(17033)   region size 1024K, 10 young (10240K), 0 survivors (0K)
[2020-12-21T18:23:39.740-0500][gc,heap        ] GC(17033)  Metaspace       used 49949K, capacity 52104K, committed 53632K, reserved 1093632K
[2020-12-21T18:23:39.740-0500][gc,heap        ] GC(17033)   class space    used 7422K, capacity 8193K, committed 8832K, reserved 1048576K
[2020-12-21T18:23:39.740-0500][gc,start       ] GC(17033) Pause Young (Normal) (G1 Evacuation Pause)
[2020-12-21T18:23:39.740-0500][gc,task        ] GC(17033) Using 8 workers of 8 for evacuation
[2020-12-21T18:23:39.744-0500][gc,phases      ] GC(17033)   Pre Evacuate Collection Set: 0.0ms
[2020-12-21T18:23:39.744-0500][gc,phases      ] GC(17033)   Evacuate Collection Set: 1.6ms
[2020-12-21T18:23:39.744-0500][gc,phases      ] GC(17033)   Post Evacuate Collection Set: 2.5ms
[2020-12-21T18:23:39.744-0500][gc,phases      ] GC(17033)   Other: 0.4ms
[2020-12-21T18:23:39.744-0500][gc,heap        ] GC(17033) Eden regions: 10->0(9)
[2020-12-21T18:23:39.745-0500][gc,heap        ] GC(17033) Survivor regions: 0->1(2)
[2020-12-21T18:23:39.745-0500][gc,heap        ] GC(17033) Old regions: 41->41
[2020-12-21T18:23:39.745-0500][gc,heap        ] GC(17033) Humongous regions: 4->4
[2020-12-21T18:23:39.745-0500][gc,metaspace   ] GC(17033) Metaspace: 49949K->49949K(1093632K)
[2020-12-21T18:23:39.745-0500][gc,heap        ] GC(17033) Heap after GC invocations=17034 (full 3478): garbage-first heap   total 64512K, used 43350K [0x0000000083000000, 0x0000000100000000)
[2020-12-21T18:23:39.745-0500][gc,heap        ] GC(17033)   region size 1024K, 1 young (1024K), 1 survivors (1024K)
[2020-12-21T18:23:39.745-0500][gc,heap        ] GC(17033)  Metaspace       used 49949K, capacity 52104K, committed 53632K, reserved 1093632K
[2020-12-21T18:23:39.745-0500][gc,heap        ] GC(17033)   class space    used 7422K, capacity 8193K, committed 8832K, reserved 1048576K
[2020-12-21T18:23:39.745-0500][gc             ] GC(17033) Pause Young (Normal) (G1 Evacuation Pause) 52M->42M(63M) 4.695ms
[2020-12-21T18:23:39.745-0500][gc,cpu         ] GC(17033) User=0.01s Sys=0.01s Real=0.00s
[2020-12-21T18:25:26.013-0500][gc,heap        ] GC(17034) Heap before GC invocations=17034 (full 3478): garbage-first heap   total 64512K, used 51542K [0x0000000083000000, 0x0000000100000000)
[2020-12-21T18:25:26.013-0500][gc,heap        ] GC(17034)   region size 1024K, 10 young (10240K), 1 survivors (1024K)
[2020-12-21T18:25:26.013-0500][gc,heap        ] GC(17034)  Metaspace       used 49949K, capacity 52104K, committed 53632K, reserved 1093632K
[2020-12-21T18:25:26.013-0500][gc,heap        ] GC(17034)   class space    used 7422K, capacity 8193K, committed 8832K, reserved 1048576K
[2020-12-21T18:25:26.013-0500][gc,start       ] GC(17034) Pause Young (Normal) (G1 Evacuation Pause)
[2020-12-21T18:25:26.013-0500][gc,task        ] GC(17034) Using 8 workers of 8 for evacuation
[2020-12-21T18:25:26.026-0500][gc,phases      ] GC(17034)   Pre Evacuate Collection Set: 0.0ms
[2020-12-21T18:25:26.026-0500][gc,phases      ] GC(17034)   Evacuate Collection Set: 2.8ms
[2020-12-21T18:25:26.026-0500][gc,phases      ] GC(17034)   Post Evacuate Collection Set: 9.4ms
[2020-12-21T18:25:26.026-0500][gc,phases      ] GC(17034)   Other: 0.5ms
[2020-12-21T18:25:26.026-0500][gc,heap        ] GC(17034) Eden regions: 9->0(9)
[2020-12-21T18:25:26.026-0500][gc,heap        ] GC(17034) Survivor regions: 1->1(2)
[2020-12-21T18:25:26.026-0500][gc,heap        ] GC(17034) Old regions: 41->41
[2020-12-21T18:25:26.026-0500][gc,heap        ] GC(17034) Humongous regions: 4->4
[2020-12-21T18:25:26.026-0500][gc,metaspace   ] GC(17034) Metaspace: 49949K->49949K(1093632K)
[2020-12-21T18:25:26.026-0500][gc,heap        ] GC(17034) Heap after GC invocations=17035 (full 3478): garbage-first heap   total 64512K, used 43257K [0x0000000083000000, 0x0000000100000000)
[2020-12-21T18:25:26.026-0500][gc,heap        ] GC(17034)   region size 1024K, 1 young (1024K), 1 survivors (1024K)
[2020-12-21T18:25:26.026-0500][gc,heap        ] GC(17034)  Metaspace       used 49949K, capacity 52104K, committed 53632K, reserved 1093632K
[2020-12-21T18:25:26.026-0500][gc,heap        ] GC(17034)   class space    used 7422K, capacity 8193K, committed 8832K, reserved 1048576K
[2020-12-21T18:25:26.026-0500][gc             ] GC(17034) Pause Young (Normal) (G1 Evacuation Pause) 51M->42M(63M) 12.880ms
[2020-12-21T18:25:26.026-0500][gc,cpu         ] GC(17034) User=0.07s Sys=0.00s Real=0.01s
[2020-12-21T18:26:45.191-0500][gc,task        ] GC(17035) Using 5 workers of 8 for full compaction
[2020-12-21T18:26:45.191-0500][gc,start       ] GC(17035) Pause Full (System.gc())
[2020-12-21T18:26:45.191-0500][gc,heap        ] GC(17035) Heap before GC invocations=17035 (full 3478): garbage-first heap   total 64512K, used 48377K [0x0000000083000000, 0x0000000100000000)
[2020-12-21T18:26:45.191-0500][gc,heap        ] GC(17035)   region size 1024K, 8 young (8192K), 1 survivors (1024K)
[2020-12-21T18:26:45.191-0500][gc,heap        ] GC(17035)  Metaspace       used 49949K, capacity 52104K, committed 53632K, reserved 1093632K
[2020-12-21T18:26:45.191-0500][gc,heap        ] GC(17035)   class space    used 7422K, capacity 8193K, committed 8832K, reserved 1048576K
[2020-12-21T18:26:45.192-0500][gc,phases,start] GC(17035) Phase 1: Mark live objects
[2020-12-21T18:26:45.240-0500][gc,stringtable ] GC(17035) Cleaned string and symbol table, strings: 33107 processed, 4 removed, symbols: 120816 processed, 0 removed
[2020-12-21T18:26:45.240-0500][gc,phases      ] GC(17035) Phase 1: Mark live objects 47.846ms
[2020-12-21T18:26:45.240-0500][gc,phases,start] GC(17035) Phase 2: Prepare for compaction
[2020-12-21T18:26:45.244-0500][gc,phases      ] GC(17035) Phase 2: Prepare for compaction 4.066ms
[2020-12-21T18:26:45.244-0500][gc,phases,start] GC(17035) Phase 3: Adjust pointers
[2020-12-21T18:26:45.258-0500][gc,phases      ] GC(17035) Phase 3: Adjust pointers 13.782ms
[2020-12-21T18:26:45.258-0500][gc,phases,start] GC(17035) Phase 4: Compact heap
[2020-12-21T18:26:45.261-0500][gc,phases      ] GC(17035) Phase 4: Compact heap 3.229ms
[2020-12-21T18:26:45.267-0500][gc,heap        ] GC(17035) Eden regions: 7->0(9)
[2020-12-21T18:26:45.268-0500][gc,heap        ] GC(17035) Survivor regions: 1->0(2)
[2020-12-21T18:26:45.268-0500][gc,heap        ] GC(17035) Old regions: 41->42
[2020-12-21T18:26:45.268-0500][gc,heap        ] GC(17035) Humongous regions: 4->4
[2020-12-21T18:26:45.268-0500][gc,metaspace   ] GC(17035) Metaspace: 49949K->49949K(1093632K)
[2020-12-21T18:26:45.268-0500][gc,heap        ] GC(17035) Heap after GC invocations=17036 (full 3479): garbage-first heap   total 64512K, used 43215K [0x0000000083000000, 0x0000000100000000)
[2020-12-21T18:26:45.268-0500][gc,heap        ] GC(17035)   region size 1024K, 0 young (0K), 0 survivors (0K)
[2020-12-21T18:26:45.268-0500][gc,heap        ] GC(17035)  Metaspace       used 49949K, capacity 52104K, committed 53632K, reserved 1093632K
[2020-12-21T18:26:45.268-0500][gc,heap        ] GC(17035)   class space    used 7422K, capacity 8193K, committed 8832K, reserved 1048576K
[2020-12-21T18:26:45.268-0500][gc             ] GC(17035) Pause Full (System.gc()) 49M->42M(63M) 76.379ms
[2020-12-21T18:26:45.268-0500][gc,cpu         ] GC(17035) User=0.34s Sys=0.00s Real=0.08s
[2020-12-21T18:28:29.294-0500][gc,heap        ] GC(17036) Heap before GC invocations=17036 (full 3479): garbage-first heap   total 64512K, used 51407K [0x0000000083000000, 0x0000000100000000)
[2020-12-21T18:28:29.294-0500][gc,heap        ] GC(17036)   region size 1024K, 9 young (9216K), 0 survivors (0K)
[2020-12-21T18:28:29.294-0500][gc,heap        ] GC(17036)  Metaspace       used 49949K, capacity 52104K, committed 53632K, reserved 1093632K
[2020-12-21T18:28:29.294-0500][gc,heap        ] GC(17036)   class space    used 7422K, capacity 8193K, committed 8832K, reserved 1048576K
[2020-12-21T18:28:29.294-0500][gc,start       ] GC(17036) Pause Young (Normal) (G1 Evacuation Pause)
[2020-12-21T18:28:29.294-0500][gc,task        ] GC(17036) Using 8 workers of 8 for evacuation
[2020-12-21T18:28:29.298-0500][gc,phases      ] GC(17036)   Pre Evacuate Collection Set: 0.0ms
[2020-12-21T18:28:29.298-0500][gc,phases      ] GC(17036)   Evacuate Collection Set: 2.1ms
[2020-12-21T18:28:29.298-0500][gc,phases      ] GC(17036)   Post Evacuate Collection Set: 1.9ms
[2020-12-21T18:28:29.298-0500][gc,phases      ] GC(17036)   Other: 0.4ms
[2020-12-21T18:28:29.298-0500][gc,heap        ] GC(17036) Eden regions: 9->0(8)
[2020-12-21T18:28:29.298-0500][gc,heap        ] GC(17036) Survivor regions: 0->1(2)
[2020-12-21T18:28:29.298-0500][gc,heap        ] GC(17036) Old regions: 42->42
[2020-12-21T18:28:29.298-0500][gc,heap        ] GC(17036) Humongous regions: 4->4
[2020-12-21T18:28:29.298-0500][gc,metaspace   ] GC(17036) Metaspace: 49949K->49949K(1093632K)
[2020-12-21T18:28:29.298-0500][gc,heap        ] GC(17036) Heap after GC invocations=17037 (full 3479): garbage-first heap   total 64512K, used 43283K [0x0000000083000000, 0x0000000100000000)
[2020-12-21T18:28:29.298-0500][gc,heap        ] GC(17036)   region size 1024K, 1 young (1024K), 1 survivors (1024K)
[2020-12-21T18:28:29.298-0500][gc,heap        ] GC(17036)  Metaspace       used 49949K, capacity 52104K, committed 53632K, reserved 1093632K
[2020-12-21T18:28:29.298-0500][gc,heap        ] GC(17036)   class space    used 7422K, capacity 8193K, committed 8832K, reserved 1048576K
[2020-12-21T18:28:29.298-0500][gc             ] GC(17036) Pause Young (Normal) (G1 Evacuation Pause) 51M->42M(63M) 4.510ms
[2020-12-21T18:28:29.298-0500][gc,cpu         ] GC(17036) User=0.00s Sys=0.00s Real=0.01s
[2020-12-21T18:30:00.674-0500][gc,heap        ] GC(17037) Heap before GC invocations=17037 (full 3479): garbage-first heap   total 64512K, used 50451K [0x0000000083000000, 0x0000000100000000)
[2020-12-21T18:30:00.674-0500][gc,heap        ] GC(17037)   region size 1024K, 9 young (9216K), 1 survivors (1024K)
[2020-12-21T18:30:00.674-0500][gc,heap        ] GC(17037)  Metaspace       used 49949K, capacity 52104K, committed 53632K, reserved 1093632K
[2020-12-21T18:30:00.674-0500][gc,heap        ] GC(17037)   class space    used 7422K, capacity 8193K, committed 8832K, reserved 1048576K
[2020-12-21T18:30:00.674-0500][gc,start       ] GC(17037) Pause Young (Normal) (G1 Evacuation Pause)
[2020-12-21T18:30:00.674-0500][gc,task        ] GC(17037) Using 8 workers of 8 for evacuation
[2020-12-21T18:30:00.679-0500][gc,phases      ] GC(17037)   Pre Evacuate Collection Set: 0.0ms
[2020-12-21T18:30:00.679-0500][gc,phases      ] GC(17037)   Evacuate Collection Set: 1.6ms
[2020-12-21T18:30:00.679-0500][gc,phases      ] GC(17037)   Post Evacuate Collection Set: 3.1ms
[2020-12-21T18:30:00.679-0500][gc,phases      ] GC(17037)   Other: 0.5ms
[2020-12-21T18:30:00.679-0500][gc,heap        ] GC(17037) Eden regions: 8->0(8)
[2020-12-21T18:30:00.679-0500][gc,heap        ] GC(17037) Survivor regions: 1->1(2)
[2020-12-21T18:30:00.679-0500][gc,heap        ] GC(17037) Old regions: 42->42
[2020-12-21T18:30:00.679-0500][gc,heap        ] GC(17037) Humongous regions: 4->4
[2020-12-21T18:30:00.679-0500][gc,metaspace   ] GC(17037) Metaspace: 49949K->49949K(1093632K)
[2020-12-21T18:30:00.679-0500][gc,heap        ] GC(17037) Heap after GC invocations=17038 (full 3479): garbage-first heap   total 64512K, used 43265K [0x0000000083000000, 0x0000000100000000)
[2020-12-21T18:30:00.679-0500][gc,heap        ] GC(17037)   region size 1024K, 1 young (1024K), 1 survivors (1024K)
[2020-12-21T18:30:00.679-0500][gc,heap        ] GC(17037)  Metaspace       used 49949K, capacity 52104K, committed 53632K, reserved 1093632K
[2020-12-21T18:30:00.679-0500][gc,heap        ] GC(17037)   class space    used 7422K, capacity 8193K, committed 8832K, reserved 1048576K
[2020-12-21T18:30:00.679-0500][gc             ] GC(17037) Pause Young (Normal) (G1 Evacuation Pause) 50M->42M(63M) 5.342ms
[2020-12-21T18:30:00.679-0500][gc,cpu         ] GC(17037) User=0.02s Sys=0.00s Real=0.01s
[2020-12-21T18:31:36.012-0500][gc,heap        ] GC(17038) Heap before GC invocations=17038 (full 3479): garbage-first heap   total 64512K, used 50433K [0x0000000083000000, 0x0000000100000000)
[2020-12-21T18:31:36.012-0500][gc,heap        ] GC(17038)   region size 1024K, 9 young (9216K), 1 survivors (1024K)
[2020-12-21T18:31:36.012-0500][gc,heap        ] GC(17038)  Metaspace       used 49949K, capacity 52104K, committed 53632K, reserved 1093632K
[2020-12-21T18:31:36.012-0500][gc,heap        ] GC(17038)   class space    used 7422K, capacity 8193K, committed 8832K, reserved 1048576K
[2020-12-21T18:31:36.012-0500][gc,start       ] GC(17038) Pause Young (Normal) (G1 Evacuation Pause)
[2020-12-21T18:31:36.012-0500][gc,task        ] GC(17038) Using 8 workers of 8 for evacuation
[2020-12-21T18:31:36.015-0500][gc,phases      ] GC(17038)   Pre Evacuate Collection Set: 0.0ms
[2020-12-21T18:31:36.015-0500][gc,phases      ] GC(17038)   Evacuate Collection Set: 1.2ms
[2020-12-21T18:31:36.015-0500][gc,phases      ] GC(17038)   Post Evacuate Collection Set: 1.8ms
[2020-12-21T18:31:36.015-0500][gc,phases      ] GC(17038)   Other: 0.4ms
[2020-12-21T18:31:36.015-0500][gc,heap        ] GC(17038) Eden regions: 8->0(8)
[2020-12-21T18:31:36.015-0500][gc,heap        ] GC(17038) Survivor regions: 1->1(2)
[2020-12-21T18:31:36.015-0500][gc,heap        ] GC(17038) Old regions: 42->42
[2020-12-21T18:31:36.015-0500][gc,heap        ] GC(17038) Humongous regions: 4->4
[2020-12-21T18:31:36.015-0500][gc,metaspace   ] GC(17038) Metaspace: 49949K->49949K(1093632K)
[2020-12-21T18:31:36.015-0500][gc,heap        ] GC(17038) Heap after GC invocations=17039 (full 3479): garbage-first heap   total 64512K, used 43256K [0x0000000083000000, 0x0000000100000000)
[2020-12-21T18:31:36.016-0500][gc,heap        ] GC(17038)   region size 1024K, 1 young (1024K), 1 survivors (1024K)
[2020-12-21T18:31:36.016-0500][gc,heap        ] GC(17038)  Metaspace       used 49949K, capacity 52104K, committed 53632K, reserved 1093632K
[2020-12-21T18:31:36.016-0500][gc,heap        ] GC(17038)   class space    used 7422K, capacity 8193K, committed 8832K, reserved 1048576K
[2020-12-21T18:31:36.016-0500][gc             ] GC(17038) Pause Young (Normal) (G1 Evacuation Pause) 50M->42M(63M) 3.584ms
[2020-12-21T18:31:36.016-0500][gc,cpu         ] GC(17038) User=0.01s Sys=0.00s Real=0.00s
[2020-12-21T18:31:45.192-0500][gc,task        ] GC(17039) Using 5 workers of 8 for full compaction
[2020-12-21T18:31:45.192-0500][gc,start       ] GC(17039) Pause Full (System.gc())
[2020-12-21T18:31:45.192-0500][gc,heap        ] GC(17039) Heap before GC invocations=17039 (full 3479): garbage-first heap   total 64512K, used 44280K [0x0000000083000000, 0x0000000100000000)
[2020-12-21T18:31:45.192-0500][gc,heap        ] GC(17039)   region size 1024K, 3 young (3072K), 1 survivors (1024K)
[2020-12-21T18:31:45.192-0500][gc,heap        ] GC(17039)  Metaspace       used 49949K, capacity 52104K, committed 53632K, reserved 1093632K
[2020-12-21T18:31:45.192-0500][gc,heap        ] GC(17039)   class space    used 7422K, capacity 8193K, committed 8832K, reserved 1048576K
[2020-12-21T18:31:45.192-0500][gc,phases,start] GC(17039) Phase 1: Mark live objects
[2020-12-21T18:31:45.239-0500][gc,stringtable ] GC(17039) Cleaned string and symbol table, strings: 33107 processed, 4 removed, symbols: 120816 processed, 0 removed
[2020-12-21T18:31:45.239-0500][gc,phases      ] GC(17039) Phase 1: Mark live objects 46.470ms
[2020-12-21T18:31:45.239-0500][gc,phases,start] GC(17039) Phase 2: Prepare for compaction
[2020-12-21T18:31:45.243-0500][gc,phases      ] GC(17039) Phase 2: Prepare for compaction 3.838ms
[2020-12-21T18:31:45.243-0500][gc,phases,start] GC(17039) Phase 3: Adjust pointers
[2020-12-21T18:31:45.253-0500][gc,phases      ] GC(17039) Phase 3: Adjust pointers 10.752ms
[2020-12-21T18:31:45.254-0500][gc,phases,start] GC(17039) Phase 4: Compact heap
[2020-12-21T18:31:45.256-0500][gc,phases      ] GC(17039) Phase 4: Compact heap 2.624ms
[2020-12-21T18:31:45.264-0500][gc,heap        ] GC(17039) Eden regions: 2->0(10)
[2020-12-21T18:31:45.264-0500][gc,heap        ] GC(17039) Survivor regions: 1->0(2)
[2020-12-21T18:31:45.264-0500][gc,heap        ] GC(17039) Old regions: 42->41
[2020-12-21T18:31:45.264-0500][gc,heap        ] GC(17039) Humongous regions: 4->4
[2020-12-21T18:31:45.264-0500][gc,metaspace   ] GC(17039) Metaspace: 49949K->49949K(1093632K)
[2020-12-21T18:31:45.264-0500][gc,heap        ] GC(17039) Heap after GC invocations=17040 (full 3480): garbage-first heap   total 64512K, used 43197K [0x0000000083000000, 0x0000000100000000)
[2020-12-21T18:31:45.264-0500][gc,heap        ] GC(17039)   region size 1024K, 0 young (0K), 0 survivors (0K)
[2020-12-21T18:31:45.264-0500][gc,heap        ] GC(17039)  Metaspace       used 49949K, capacity 52104K, committed 53632K, reserved 1093632K
[2020-12-21T18:31:45.264-0500][gc,heap        ] GC(17039)   class space    used 7422K, capacity 8193K, committed 8832K, reserved 1048576K
[2020-12-21T18:31:45.264-0500][gc             ] GC(17039) Pause Full (System.gc()) 43M->42M(63M) 72.778ms
[2020-12-21T18:31:45.265-0500][gc,cpu         ] GC(17039) User=0.31s Sys=0.00s Real=0.07s
[2020-12-21T18:33:41.491-0500][gc,heap        ] GC(17040) Heap before GC invocations=17040 (full 3480): garbage-first heap   total 64512K, used 52413K [0x0000000083000000, 0x0000000100000000)
[2020-12-21T18:33:41.491-0500][gc,heap        ] GC(17040)   region size 1024K, 10 young (10240K), 0 survivors (0K)
[2020-12-21T18:33:41.491-0500][gc,heap        ] GC(17040)  Metaspace       used 49949K, capacity 52104K, committed 53632K, reserved 1093632K
[2020-12-21T18:33:41.491-0500][gc,heap        ] GC(17040)   class space    used 7422K, capacity 8193K, committed 8832K, reserved 1048576K
[2020-12-21T18:33:41.491-0500][gc,start       ] GC(17040) Pause Young (Normal) (G1 Evacuation Pause)
[2020-12-21T18:33:41.491-0500][gc,task        ] GC(17040) Using 8 workers of 8 for evacuation
[2020-12-21T18:33:41.498-0500][gc,phases      ] GC(17040)   Pre Evacuate Collection Set: 0.0ms
[2020-12-21T18:33:41.498-0500][gc,phases      ] GC(17040)   Evacuate Collection Set: 2.8ms
[2020-12-21T18:33:41.498-0500][gc,phases      ] GC(17040)   Post Evacuate Collection Set: 3.9ms
[2020-12-21T18:33:41.498-0500][gc,phases      ] GC(17040)   Other: 0.3ms
[2020-12-21T18:33:41.498-0500][gc,heap        ] GC(17040) Eden regions: 10->0(9)
[2020-12-21T18:33:41.498-0500][gc,heap        ] GC(17040) Survivor regions: 0->1(2)
[2020-12-21T18:33:41.498-0500][gc,heap        ] GC(17040) Old regions: 41->41
[2020-12-21T18:33:41.498-0500][gc,heap        ] GC(17040) Humongous regions: 4->4
[2020-12-21T18:33:41.498-0500][gc,metaspace   ] GC(17040) Metaspace: 49949K->49949K(1093632K)
[2020-12-21T18:33:41.498-0500][gc,heap        ] GC(17040) Heap after GC invocations=17041 (full 3480): garbage-first heap   total 64512K, used 43325K [0x0000000083000000, 0x0000000100000000)
[2020-12-21T18:33:41.498-0500][gc,heap        ] GC(17040)   region size 1024K, 1 young (1024K), 1 survivors (1024K)
[2020-12-21T18:33:41.498-0500][gc,heap        ] GC(17040)  Metaspace       used 49949K, capacity 52104K, committed 53632K, reserved 1093632K
[2020-12-21T18:33:41.498-0500][gc,heap        ] GC(17040)   class space    used 7422K, capacity 8193K, committed 8832K, reserved 1048576K
[2020-12-21T18:33:41.498-0500][gc             ] GC(17040) Pause Young (Normal) (G1 Evacuation Pause) 52M->42M(63M) 7.146ms
[2020-12-21T18:33:41.498-0500][gc,cpu         ] GC(17040) User=0.03s Sys=0.00s Real=0.01s
[2020-12-21T18:35:16.012-0500][gc,heap        ] GC(17041) Heap before GC invocations=17041 (full 3480): garbage-first heap   total 64512K, used 52541K [0x0000000083000000, 0x0000000100000000)
[2020-12-21T18:35:16.012-0500][gc,heap        ] GC(17041)   region size 1024K, 10 young (10240K), 1 survivors (1024K)
[2020-12-21T18:35:16.012-0500][gc,heap        ] GC(17041)  Metaspace       used 49949K, capacity 52104K, committed 53632K, reserved 1093632K
[2020-12-21T18:35:16.012-0500][gc,heap        ] GC(17041)   class space    used 7422K, capacity 8193K, committed 8832K, reserved 1048576K
[2020-12-21T18:35:16.012-0500][gc,start       ] GC(17041) Pause Young (Normal) (G1 Evacuation Pause)
[2020-12-21T18:35:16.012-0500][gc,task        ] GC(17041) Using 8 workers of 8 for evacuation
[2020-12-21T18:35:16.015-0500][gc,phases      ] GC(17041)   Pre Evacuate Collection Set: 0.0ms
[2020-12-21T18:35:16.015-0500][gc,phases      ] GC(17041)   Evacuate Collection Set: 1.0ms
[2020-12-21T18:35:16.015-0500][gc,phases      ] GC(17041)   Post Evacuate Collection Set: 1.6ms
[2020-12-21T18:35:16.015-0500][gc,phases      ] GC(17041)   Other: 0.3ms
[2020-12-21T18:35:16.015-0500][gc,heap        ] GC(17041) Eden regions: 9->0(9)
[2020-12-21T18:35:16.015-0500][gc,heap        ] GC(17041) Survivor regions: 1->1(2)
[2020-12-21T18:35:16.015-0500][gc,heap        ] GC(17041) Old regions: 41->41
[2020-12-21T18:35:16.015-0500][gc,heap        ] GC(17041) Humongous regions: 4->4
[2020-12-21T18:35:16.015-0500][gc,metaspace   ] GC(17041) Metaspace: 49949K->49949K(1093632K)
[2020-12-21T18:35:16.015-0500][gc,heap        ] GC(17041) Heap after GC invocations=17042 (full 3480): garbage-first heap   total 64512K, used 43257K [0x0000000083000000, 0x0000000100000000)
[2020-12-21T18:35:16.015-0500][gc,heap        ] GC(17041)   region size 1024K, 1 young (1024K), 1 survivors (1024K)
[2020-12-21T18:35:16.015-0500][gc,heap        ] GC(17041)  Metaspace       used 49949K, capacity 52104K, committed 53632K, reserved 1093632K
[2020-12-21T18:35:16.015-0500][gc,heap        ] GC(17041)   class space    used 7422K, capacity 8193K, committed 8832K, reserved 1048576K
[2020-12-21T18:35:16.015-0500][gc             ] GC(17041) Pause Young (Normal) (G1 Evacuation Pause) 51M->42M(63M) 2.966ms
[2020-12-21T18:35:16.015-0500][gc,cpu         ] GC(17041) User=0.01s Sys=0.00s Real=0.00s
[2020-12-21T18:36:45.190-0500][gc,task        ] GC(17042) Using 5 workers of 8 for full compaction
[2020-12-21T18:36:45.190-0500][gc,start       ] GC(17042) Pause Full (System.gc())
[2020-12-21T18:36:45.190-0500][gc,heap        ] GC(17042) Heap before GC invocations=17042 (full 3480): garbage-first heap   total 64512K, used 50425K [0x0000000083000000, 0x0000000100000000)
[2020-12-21T18:36:45.190-0500][gc,heap        ] GC(17042)   region size 1024K, 9 young (9216K), 1 survivors (1024K)
[2020-12-21T18:36:45.190-0500][gc,heap        ] GC(17042)  Metaspace       used 49949K, capacity 52104K, committed 53632K, reserved 1093632K
[2020-12-21T18:36:45.190-0500][gc,heap        ] GC(17042)   class space    used 7422K, capacity 8193K, committed 8832K, reserved 1048576K
[2020-12-21T18:36:45.190-0500][gc,phases,start] GC(17042) Phase 1: Mark live objects
[2020-12-21T18:36:45.219-0500][gc,stringtable ] GC(17042) Cleaned string and symbol table, strings: 33107 processed, 4 removed, symbols: 120816 processed, 0 removed
[2020-12-21T18:36:45.219-0500][gc,phases      ] GC(17042) Phase 1: Mark live objects 28.985ms
[2020-12-21T18:36:45.219-0500][gc,phases,start] GC(17042) Phase 2: Prepare for compaction
[2020-12-21T18:36:45.225-0500][gc,phases      ] GC(17042) Phase 2: Prepare for compaction 5.157ms
[2020-12-21T18:36:45.225-0500][gc,phases,start] GC(17042) Phase 3: Adjust pointers
[2020-12-21T18:36:45.236-0500][gc,phases      ] GC(17042) Phase 3: Adjust pointers 11.839ms
[2020-12-21T18:36:45.237-0500][gc,phases,start] GC(17042) Phase 4: Compact heap
[2020-12-21T18:36:45.239-0500][gc,phases      ] GC(17042) Phase 4: Compact heap 2.533ms
[2020-12-21T18:36:45.245-0500][gc,heap        ] GC(17042) Eden regions: 8->0(10)
[2020-12-21T18:36:45.245-0500][gc,heap        ] GC(17042) Survivor regions: 1->0(2)
[2020-12-21T18:36:45.245-0500][gc,heap        ] GC(17042) Old regions: 41->41
[2020-12-21T18:36:45.245-0500][gc,heap        ] GC(17042) Humongous regions: 4->4
[2020-12-21T18:36:45.245-0500][gc,metaspace   ] GC(17042) Metaspace: 49949K->49949K(1093632K)
[2020-12-21T18:36:45.245-0500][gc,heap        ] GC(17042) Heap after GC invocations=17043 (full 3481): garbage-first heap   total 64512K, used 43223K [0x0000000083000000, 0x0000000100000000)
[2020-12-21T18:36:45.245-0500][gc,heap        ] GC(17042)   region size 1024K, 0 young (0K), 0 survivors (0K)
[2020-12-21T18:36:45.245-0500][gc,heap        ] GC(17042)  Metaspace       used 49949K, capacity 52104K, committed 53632K, reserved 1093632K
[2020-12-21T18:36:45.245-0500][gc,heap        ] GC(17042)   class space    used 7422K, capacity 8193K, committed 8832K, reserved 1048576K
[2020-12-21T18:36:45.245-0500][gc             ] GC(17042) Pause Full (System.gc()) 49M->42M(63M) 55.089ms
[2020-12-21T18:36:45.245-0500][gc,cpu         ] GC(17042) User=0.23s Sys=0.00s Real=0.05s
[2020-12-21T18:38:36.014-0500][gc,heap        ] GC(17043) Heap before GC invocations=17043 (full 3481): garbage-first heap   total 64512K, used 53463K [0x0000000083000000, 0x0000000100000000)
[2020-12-21T18:38:36.014-0500][gc,heap        ] GC(17043)   region size 1024K, 10 young (10240K), 0 survivors (0K)
[2020-12-21T18:38:36.014-0500][gc,heap        ] GC(17043)  Metaspace       used 49949K, capacity 52104K, committed 53632K, reserved 1093632K
[2020-12-21T18:38:36.014-0500][gc,heap        ] GC(17043)   class space    used 7422K, capacity 8193K, committed 8832K, reserved 1048576K
[2020-12-21T18:38:36.014-0500][gc,start       ] GC(17043) Pause Young (Normal) (G1 Evacuation Pause)
[2020-12-21T18:38:36.014-0500][gc,task        ] GC(17043) Using 8 workers of 8 for evacuation
[2020-12-21T18:38:36.020-0500][gc,phases      ] GC(17043)   Pre Evacuate Collection Set: 0.0ms
[2020-12-21T18:38:36.020-0500][gc,phases      ] GC(17043)   Evacuate Collection Set: 0.5ms
[2020-12-21T18:38:36.020-0500][gc,phases      ] GC(17043)   Post Evacuate Collection Set: 5.2ms
[2020-12-21T18:38:36.020-0500][gc,phases      ] GC(17043)   Other: 0.2ms
[2020-12-21T18:38:36.020-0500][gc,heap        ] GC(17043) Eden regions: 10->0(9)
[2020-12-21T18:38:36.020-0500][gc,heap        ] GC(17043) Survivor regions: 0->1(2)
[2020-12-21T18:38:36.020-0500][gc,heap        ] GC(17043) Old regions: 41->41
[2020-12-21T18:38:36.020-0500][gc,heap        ] GC(17043) Humongous regions: 4->4
[2020-12-21T18:38:36.020-0500][gc,metaspace   ] GC(17043) Metaspace: 49949K->49949K(1093632K)
[2020-12-21T18:38:36.020-0500][gc,heap        ] GC(17043) Heap after GC invocations=17044 (full 3481): garbage-first heap   total 64512K, used 43283K [0x0000000083000000, 0x0000000100000000)
[2020-12-21T18:38:36.020-0500][gc,heap        ] GC(17043)   region size 1024K, 1 young (1024K), 1 survivors (1024K)
[2020-12-21T18:38:36.020-0500][gc,heap        ] GC(17043)  Metaspace       used 49949K, capacity 52104K, committed 53632K, reserved 1093632K
[2020-12-21T18:38:36.020-0500][gc,heap        ] GC(17043)   class space    used 7422K, capacity 8193K, committed 8832K, reserved 1048576K
[2020-12-21T18:38:36.020-0500][gc             ] GC(17043) Pause Young (Normal) (G1 Evacuation Pause) 52M->42M(63M) 6.012ms
[2020-12-21T18:38:36.020-0500][gc,cpu         ] GC(17043) User=0.03s Sys=0.00s Real=0.01s
[2020-12-21T18:40:16.011-0500][gc,heap        ] GC(17044) Heap before GC invocations=17044 (full 3481): garbage-first heap   total 64512K, used 51475K [0x0000000083000000, 0x0000000100000000)
[2020-12-21T18:40:16.011-0500][gc,heap        ] GC(17044)   region size 1024K, 10 young (10240K), 1 survivors (1024K)
[2020-12-21T18:40:16.011-0500][gc,heap        ] GC(17044)  Metaspace       used 49949K, capacity 52104K, committed 53632K, reserved 1093632K
[2020-12-21T18:40:16.011-0500][gc,heap        ] GC(17044)   class space    used 7422K, capacity 8193K, committed 8832K, reserved 1048576K
[2020-12-21T18:40:16.011-0500][gc,start       ] GC(17044) Pause Young (Normal) (G1 Evacuation Pause)
[2020-12-21T18:40:16.011-0500][gc,task        ] GC(17044) Using 8 workers of 8 for evacuation
[2020-12-21T18:40:16.016-0500][gc,phases      ] GC(17044)   Pre Evacuate Collection Set: 0.0ms
[2020-12-21T18:40:16.016-0500][gc,phases      ] GC(17044)   Evacuate Collection Set: 0.6ms
[2020-12-21T18:40:16.016-0500][gc,phases      ] GC(17044)   Post Evacuate Collection Set: 4.0ms
[2020-12-21T18:40:16.016-0500][gc,phases      ] GC(17044)   Other: 0.3ms
[2020-12-21T18:40:16.016-0500][gc,heap        ] GC(17044) Eden regions: 9->0(9)
[2020-12-21T18:40:16.016-0500][gc,heap        ] GC(17044) Survivor regions: 1->1(2)
[2020-12-21T18:40:16.016-0500][gc,heap        ] GC(17044) Old regions: 41->41
[2020-12-21T18:40:16.016-0500][gc,heap        ] GC(17044) Humongous regions: 4->4
[2020-12-21T18:40:16.017-0500][gc,metaspace   ] GC(17044) Metaspace: 49949K->49949K(1093632K)
[2020-12-21T18:40:16.017-0500][gc,heap        ] GC(17044) Heap after GC invocations=17045 (full 3481): garbage-first heap   total 64512K, used 43284K [0x0000000083000000, 0x0000000100000000)
[2020-12-21T18:40:16.017-0500][gc,heap        ] GC(17044)   region size 1024K, 1 young (1024K), 1 survivors (1024K)
[2020-12-21T18:40:16.017-0500][gc,heap        ] GC(17044)  Metaspace       used 49949K, capacity 52104K, committed 53632K, reserved 1093632K
[2020-12-21T18:40:16.017-0500][gc,heap        ] GC(17044)   class space    used 7422K, capacity 8193K, committed 8832K, reserved 1048576K
[2020-12-21T18:40:16.017-0500][gc             ] GC(17044) Pause Young (Normal) (G1 Evacuation Pause) 51M->42M(63M) 5.262ms
[2020-12-21T18:40:16.017-0500][gc,cpu         ] GC(17044) User=0.02s Sys=0.01s Real=0.00s
[2020-12-21T18:41:45.192-0500][gc,task        ] GC(17045) Using 5 workers of 8 for full compaction
[2020-12-21T18:41:45.192-0500][gc,start       ] GC(17045) Pause Full (System.gc())
[2020-12-21T18:41:45.192-0500][gc,heap        ] GC(17045) Heap before GC invocations=17045 (full 3481): garbage-first heap   total 64512K, used 49428K [0x0000000083000000, 0x0000000100000000)
[2020-12-21T18:41:45.192-0500][gc,heap        ] GC(17045)   region size 1024K, 9 young (9216K), 1 survivors (1024K)
[2020-12-21T18:41:45.192-0500][gc,heap        ] GC(17045)  Metaspace       used 49949K, capacity 52104K, committed 53632K, reserved 1093632K
[2020-12-21T18:41:45.192-0500][gc,heap        ] GC(17045)   class space    used 7422K, capacity 8193K, committed 8832K, reserved 1048576K
[2020-12-21T18:41:45.192-0500][gc,phases,start] GC(17045) Phase 1: Mark live objects
[2020-12-21T18:41:45.240-0500][gc,stringtable ] GC(17045) Cleaned string and symbol table, strings: 33107 processed, 4 removed, symbols: 120816 processed, 0 removed
[2020-12-21T18:41:45.240-0500][gc,phases      ] GC(17045) Phase 1: Mark live objects 47.745ms
[2020-12-21T18:41:45.240-0500][gc,phases,start] GC(17045) Phase 2: Prepare for compaction
[2020-12-21T18:41:45.243-0500][gc,phases      ] GC(17045) Phase 2: Prepare for compaction 3.165ms
[2020-12-21T18:41:45.243-0500][gc,phases,start] GC(17045) Phase 3: Adjust pointers
[2020-12-21T18:41:45.254-0500][gc,phases      ] GC(17045) Phase 3: Adjust pointers 10.385ms
[2020-12-21T18:41:45.254-0500][gc,phases,start] GC(17045) Phase 4: Compact heap
[2020-12-21T18:41:45.258-0500][gc,phases      ] GC(17045) Phase 4: Compact heap 3.836ms
[2020-12-21T18:41:45.264-0500][gc,heap        ] GC(17045) Eden regions: 8->0(9)
[2020-12-21T18:41:45.264-0500][gc,heap        ] GC(17045) Survivor regions: 1->0(2)
[2020-12-21T18:41:45.264-0500][gc,heap        ] GC(17045) Old regions: 41->42
[2020-12-21T18:41:45.264-0500][gc,heap        ] GC(17045) Humongous regions: 4->4
[2020-12-21T18:41:45.264-0500][gc,metaspace   ] GC(17045) Metaspace: 49949K->49949K(1093632K)
[2020-12-21T18:41:45.264-0500][gc,heap        ] GC(17045) Heap after GC invocations=17046 (full 3482): garbage-first heap   total 64512K, used 43216K [0x0000000083000000, 0x0000000100000000)
[2020-12-21T18:41:45.264-0500][gc,heap        ] GC(17045)   region size 1024K, 0 young (0K), 0 survivors (0K)
[2020-12-21T18:41:45.264-0500][gc,heap        ] GC(17045)  Metaspace       used 49949K, capacity 52104K, committed 53632K, reserved 1093632K
[2020-12-21T18:41:45.264-0500][gc,heap        ] GC(17045)   class space    used 7422K, capacity 8193K, committed 8832K, reserved 1048576K
[2020-12-21T18:41:45.264-0500][gc             ] GC(17045) Pause Full (System.gc()) 49M->42M(63M) 72.429ms
[2020-12-21T18:41:45.264-0500][gc,cpu         ] GC(17045) User=0.31s Sys=0.00s Real=0.07s
[2020-12-21T18:43:29.058-0500][gc,heap        ] GC(17046) Heap before GC invocations=17046 (full 3482): garbage-first heap   total 64512K, used 51408K [0x0000000083000000, 0x0000000100000000)
[2020-12-21T18:43:29.058-0500][gc,heap        ] GC(17046)   region size 1024K, 9 young (9216K), 0 survivors (0K)
[2020-12-21T18:43:29.058-0500][gc,heap        ] GC(17046)  Metaspace       used 49949K, capacity 52104K, committed 53632K, reserved 1093632K
[2020-12-21T18:43:29.058-0500][gc,heap        ] GC(17046)   class space    used 7422K, capacity 8193K, committed 8832K, reserved 1048576K
[2020-12-21T18:43:29.058-0500][gc,start       ] GC(17046) Pause Young (Normal) (G1 Evacuation Pause)
[2020-12-21T18:43:29.058-0500][gc,task        ] GC(17046) Using 8 workers of 8 for evacuation
[2020-12-21T18:43:29.065-0500][gc,phases      ] GC(17046)   Pre Evacuate Collection Set: 0.0ms
[2020-12-21T18:43:29.065-0500][gc,phases      ] GC(17046)   Evacuate Collection Set: 2.1ms
[2020-12-21T18:43:29.065-0500][gc,phases      ] GC(17046)   Post Evacuate Collection Set: 4.3ms
[2020-12-21T18:43:29.065-0500][gc,phases      ] GC(17046)   Other: 0.6ms
[2020-12-21T18:43:29.065-0500][gc,heap        ] GC(17046) Eden regions: 9->0(8)
[2020-12-21T18:43:29.065-0500][gc,heap        ] GC(17046) Survivor regions: 0->1(2)
[2020-12-21T18:43:29.065-0500][gc,heap        ] GC(17046) Old regions: 42->42
[2020-12-21T18:43:29.065-0500][gc,heap        ] GC(17046) Humongous regions: 4->4
[2020-12-21T18:43:29.065-0500][gc,metaspace   ] GC(17046) Metaspace: 49949K->49949K(1093632K)
[2020-12-21T18:43:29.065-0500][gc,heap        ] GC(17046) Heap after GC invocations=17047 (full 3482): garbage-first heap   total 64512K, used 43287K [0x0000000083000000, 0x0000000100000000)
[2020-12-21T18:43:29.065-0500][gc,heap        ] GC(17046)   region size 1024K, 1 young (1024K), 1 survivors (1024K)
[2020-12-21T18:43:29.065-0500][gc,heap        ] GC(17046)  Metaspace       used 49949K, capacity 52104K, committed 53632K, reserved 1093632K
[2020-12-21T18:43:29.065-0500][gc,heap        ] GC(17046)   class space    used 7422K, capacity 8193K, committed 8832K, reserved 1048576K
[2020-12-21T18:43:29.065-0500][gc             ] GC(17046) Pause Young (Normal) (G1 Evacuation Pause) 51M->42M(63M) 6.913ms
[2020-12-21T18:43:29.065-0500][gc,cpu         ] GC(17046) User=0.02s Sys=0.00s Real=0.00s
[2020-12-21T18:45:01.165-0500][gc,heap        ] GC(17047) Heap before GC invocations=17047 (full 3482): garbage-first heap   total 64512K, used 50455K [0x0000000083000000, 0x0000000100000000)
[2020-12-21T18:45:01.165-0500][gc,heap        ] GC(17047)   region size 1024K, 9 young (9216K), 1 survivors (1024K)
[2020-12-21T18:45:01.165-0500][gc,heap        ] GC(17047)  Metaspace       used 49949K, capacity 52104K, committed 53632K, reserved 1093632K
[2020-12-21T18:45:01.165-0500][gc,heap        ] GC(17047)   class space    used 7422K, capacity 8193K, committed 8832K, reserved 1048576K
[2020-12-21T18:45:01.165-0500][gc,start       ] GC(17047) Pause Young (Normal) (G1 Evacuation Pause)
[2020-12-21T18:45:01.165-0500][gc,task        ] GC(17047) Using 8 workers of 8 for evacuation
[2020-12-21T18:45:01.169-0500][gc,phases      ] GC(17047)   Pre Evacuate Collection Set: 0.0ms
[2020-12-21T18:45:01.169-0500][gc,phases      ] GC(17047)   Evacuate Collection Set: 2.2ms
[2020-12-21T18:45:01.169-0500][gc,phases      ] GC(17047)   Post Evacuate Collection Set: 0.9ms
[2020-12-21T18:45:01.169-0500][gc,phases      ] GC(17047)   Other: 0.4ms
[2020-12-21T18:45:01.169-0500][gc,heap        ] GC(17047) Eden regions: 8->0(8)
[2020-12-21T18:45:01.169-0500][gc,heap        ] GC(17047) Survivor regions: 1->1(2)
[2020-12-21T18:45:01.169-0500][gc,heap        ] GC(17047) Old regions: 42->42
[2020-12-21T18:45:01.169-0500][gc,heap        ] GC(17047) Humongous regions: 4->4
[2020-12-21T18:45:01.169-0500][gc,metaspace   ] GC(17047) Metaspace: 49949K->49949K(1093632K)
[2020-12-21T18:45:01.169-0500][gc,heap        ] GC(17047) Heap after GC invocations=17048 (full 3482): garbage-first heap   total 64512K, used 43265K [0x0000000083000000, 0x0000000100000000)
[2020-12-21T18:45:01.169-0500][gc,heap        ] GC(17047)   region size 1024K, 1 young (1024K), 1 survivors (1024K)
[2020-12-21T18:45:01.169-0500][gc,heap        ] GC(17047)  Metaspace       used 49949K, capacity 52104K, committed 53632K, reserved 1093632K
[2020-12-21T18:45:01.169-0500][gc,heap        ] GC(17047)   class space    used 7422K, capacity 8193K, committed 8832K, reserved 1048576K
[2020-12-21T18:45:01.169-0500][gc             ] GC(17047) Pause Young (Normal) (G1 Evacuation Pause) 50M->42M(63M) 3.418ms
[2020-12-21T18:45:01.169-0500][gc,cpu         ] GC(17047) User=0.02s Sys=0.00s Real=0.01s
[2020-12-21T18:46:36.015-0500][gc,heap        ] GC(17048) Heap before GC invocations=17048 (full 3482): garbage-first heap   total 64512K, used 51457K [0x0000000083000000, 0x0000000100000000)
[2020-12-21T18:46:36.015-0500][gc,heap        ] GC(17048)   region size 1024K, 9 young (9216K), 1 survivors (1024K)
[2020-12-21T18:46:36.015-0500][gc,heap        ] GC(17048)  Metaspace       used 49949K, capacity 52104K, committed 53632K, reserved 1093632K
[2020-12-21T18:46:36.015-0500][gc,heap        ] GC(17048)   class space    used 7422K, capacity 8193K, committed 8832K, reserved 1048576K
[2020-12-21T18:46:36.015-0500][gc,start       ] GC(17048) Pause Young (Normal) (G1 Evacuation Pause)
[2020-12-21T18:46:36.015-0500][gc,task        ] GC(17048) Using 8 workers of 8 for evacuation
[2020-12-21T18:46:36.018-0500][gc,phases      ] GC(17048)   Pre Evacuate Collection Set: 0.0ms
[2020-12-21T18:46:36.018-0500][gc,phases      ] GC(17048)   Evacuate Collection Set: 0.8ms
[2020-12-21T18:46:36.018-0500][gc,phases      ] GC(17048)   Post Evacuate Collection Set: 2.2ms
[2020-12-21T18:46:36.018-0500][gc,phases      ] GC(17048)   Other: 0.3ms
[2020-12-21T18:46:36.018-0500][gc,heap        ] GC(17048) Eden regions: 8->0(8)
[2020-12-21T18:46:36.018-0500][gc,heap        ] GC(17048) Survivor regions: 1->1(2)
[2020-12-21T18:46:36.018-0500][gc,heap        ] GC(17048) Old regions: 42->42
[2020-12-21T18:46:36.018-0500][gc,heap        ] GC(17048) Humongous regions: 4->4
[2020-12-21T18:46:36.018-0500][gc,metaspace   ] GC(17048) Metaspace: 49949K->49949K(1093632K)
[2020-12-21T18:46:36.018-0500][gc,heap        ] GC(17048) Heap after GC invocations=17049 (full 3482): garbage-first heap   total 64512K, used 43269K [0x0000000083000000, 0x0000000100000000)
[2020-12-21T18:46:36.018-0500][gc,heap        ] GC(17048)   region size 1024K, 1 young (1024K), 1 survivors (1024K)
[2020-12-21T18:46:36.018-0500][gc,heap        ] GC(17048)  Metaspace       used 49949K, capacity 52104K, committed 53632K, reserved 1093632K
[2020-12-21T18:46:36.018-0500][gc,heap        ] GC(17048)   class space    used 7422K, capacity 8193K, committed 8832K, reserved 1048576K
[2020-12-21T18:46:36.018-0500][gc             ] GC(17048) Pause Young (Normal) (G1 Evacuation Pause) 50M->42M(63M) 3.408ms
[2020-12-21T18:46:36.019-0500][gc,cpu         ] GC(17048) User=0.01s Sys=0.01s Real=0.01s
[2020-12-21T18:46:45.189-0500][gc,task        ] GC(17049) Using 5 workers of 8 for full compaction
[2020-12-21T18:46:45.189-0500][gc,start       ] GC(17049) Pause Full (System.gc())
[2020-12-21T18:46:45.189-0500][gc,heap        ] GC(17049) Heap before GC invocations=17049 (full 3482): garbage-first heap   total 64512K, used 44293K [0x0000000083000000, 0x0000000100000000)
[2020-12-21T18:46:45.189-0500][gc,heap        ] GC(17049)   region size 1024K, 3 young (3072K), 1 survivors (1024K)
[2020-12-21T18:46:45.189-0500][gc,heap        ] GC(17049)  Metaspace       used 49949K, capacity 52104K, committed 53632K, reserved 1093632K
[2020-12-21T18:46:45.189-0500][gc,heap        ] GC(17049)   class space    used 7422K, capacity 8193K, committed 8832K, reserved 1048576K
[2020-12-21T18:46:45.189-0500][gc,phases,start] GC(17049) Phase 1: Mark live objects
[2020-12-21T18:46:45.233-0500][gc,stringtable ] GC(17049) Cleaned string and symbol table, strings: 33107 processed, 4 removed, symbols: 120816 processed, 0 removed
[2020-12-21T18:46:45.233-0500][gc,phases      ] GC(17049) Phase 1: Mark live objects 44.083ms
[2020-12-21T18:46:45.233-0500][gc,phases,start] GC(17049) Phase 2: Prepare for compaction
[2020-12-21T18:46:45.238-0500][gc,phases      ] GC(17049) Phase 2: Prepare for compaction 4.953ms
[2020-12-21T18:46:45.238-0500][gc,phases,start] GC(17049) Phase 3: Adjust pointers
[2020-12-21T18:46:45.251-0500][gc,phases      ] GC(17049) Phase 3: Adjust pointers 12.982ms
[2020-12-21T18:46:45.251-0500][gc,phases,start] GC(17049) Phase 4: Compact heap
[2020-12-21T18:46:45.254-0500][gc,phases      ] GC(17049) Phase 4: Compact heap 2.989ms
[2020-12-21T18:46:45.261-0500][gc,heap        ] GC(17049) Eden regions: 2->0(10)
[2020-12-21T18:46:45.261-0500][gc,heap        ] GC(17049) Survivor regions: 1->0(2)
[2020-12-21T18:46:45.261-0500][gc,heap        ] GC(17049) Old regions: 42->41
[2020-12-21T18:46:45.261-0500][gc,heap        ] GC(17049) Humongous regions: 4->4
[2020-12-21T18:46:45.261-0500][gc,metaspace   ] GC(17049) Metaspace: 49949K->49949K(1093632K)
[2020-12-21T18:46:45.261-0500][gc,heap        ] GC(17049) Heap after GC invocations=17050 (full 3483): garbage-first heap   total 64512K, used 43197K [0x0000000083000000, 0x0000000100000000)
[2020-12-21T18:46:45.261-0500][gc,heap        ] GC(17049)   region size 1024K, 0 young (0K), 0 survivors (0K)
[2020-12-21T18:46:45.261-0500][gc,heap        ] GC(17049)  Metaspace       used 49949K, capacity 52104K, committed 53632K, reserved 1093632K
[2020-12-21T18:46:45.261-0500][gc,heap        ] GC(17049)   class space    used 7422K, capacity 8193K, committed 8832K, reserved 1048576K
[2020-12-21T18:46:45.261-0500][gc             ] GC(17049) Pause Full (System.gc()) 43M->42M(63M) 72.501ms
[2020-12-21T18:46:45.261-0500][gc,cpu         ] GC(17049) User=0.30s Sys=0.00s Real=0.07s
[2020-12-21T18:48:44.403-0500][gc,heap        ] GC(17050) Heap before GC invocations=17050 (full 3483): garbage-first heap   total 64512K, used 52413K [0x0000000083000000, 0x0000000100000000)
[2020-12-21T18:48:44.403-0500][gc,heap        ] GC(17050)   region size 1024K, 10 young (10240K), 0 survivors (0K)
[2020-12-21T18:48:44.403-0500][gc,heap        ] GC(17050)  Metaspace       used 49949K, capacity 52104K, committed 53632K, reserved 1093632K
[2020-12-21T18:48:44.403-0500][gc,heap        ] GC(17050)   class space    used 7422K, capacity 8193K, committed 8832K, reserved 1048576K
[2020-12-21T18:48:44.403-0500][gc,start       ] GC(17050) Pause Young (Normal) (G1 Evacuation Pause)
[2020-12-21T18:48:44.403-0500][gc,task        ] GC(17050) Using 8 workers of 8 for evacuation
[2020-12-21T18:48:44.404-0500][gc,phases      ] GC(17050)   Pre Evacuate Collection Set: 0.0ms
[2020-12-21T18:48:44.404-0500][gc,phases      ] GC(17050)   Evacuate Collection Set: 0.5ms
[2020-12-21T18:48:44.404-0500][gc,phases      ] GC(17050)   Post Evacuate Collection Set: 0.9ms
[2020-12-21T18:48:44.404-0500][gc,phases      ] GC(17050)   Other: 0.2ms
[2020-12-21T18:48:44.404-0500][gc,heap        ] GC(17050) Eden regions: 10->0(9)
[2020-12-21T18:48:44.404-0500][gc,heap        ] GC(17050) Survivor regions: 0->1(2)
[2020-12-21T18:48:44.404-0500][gc,heap        ] GC(17050) Old regions: 41->41
[2020-12-21T18:48:44.404-0500][gc,heap        ] GC(17050) Humongous regions: 4->4
[2020-12-21T18:48:44.404-0500][gc,metaspace   ] GC(17050) Metaspace: 49949K->49949K(1093632K)
[2020-12-21T18:48:44.404-0500][gc,heap        ] GC(17050) Heap after GC invocations=17051 (full 3483): garbage-first heap   total 64512K, used 43301K [0x0000000083000000, 0x0000000100000000)
[2020-12-21T18:48:44.404-0500][gc,heap        ] GC(17050)   region size 1024K, 1 young (1024K), 1 survivors (1024K)
[2020-12-21T18:48:44.404-0500][gc,heap        ] GC(17050)  Metaspace       used 49949K, capacity 52104K, committed 53632K, reserved 1093632K
[2020-12-21T18:48:44.404-0500][gc,heap        ] GC(17050)   class space    used 7422K, capacity 8193K, committed 8832K, reserved 1048576K
[2020-12-21T18:48:44.404-0500][gc             ] GC(17050) Pause Young (Normal) (G1 Evacuation Pause) 52M->42M(63M) 1.530ms
[2020-12-21T18:48:44.405-0500][gc,cpu         ] GC(17050) User=0.00s Sys=0.00s Real=0.00s
[2020-12-21T18:50:26.011-0500][gc,heap        ] GC(17051) Heap before GC invocations=17051 (full 3483): garbage-first heap   total 64512K, used 51493K [0x0000000083000000, 0x0000000100000000)
[2020-12-21T18:50:26.011-0500][gc,heap        ] GC(17051)   region size 1024K, 10 young (10240K), 1 survivors (1024K)
[2020-12-21T18:50:26.011-0500][gc,heap        ] GC(17051)  Metaspace       used 49949K, capacity 52104K, committed 53632K, reserved 1093632K
[2020-12-21T18:50:26.012-0500][gc,heap        ] GC(17051)   class space    used 7422K, capacity 8193K, committed 8832K, reserved 1048576K
[2020-12-21T18:50:26.012-0500][gc,start       ] GC(17051) Pause Young (Normal) (G1 Evacuation Pause)
[2020-12-21T18:50:26.012-0500][gc,task        ] GC(17051) Using 8 workers of 8 for evacuation
[2020-12-21T18:50:26.016-0500][gc,phases      ] GC(17051)   Pre Evacuate Collection Set: 0.0ms
[2020-12-21T18:50:26.016-0500][gc,phases      ] GC(17051)   Evacuate Collection Set: 1.3ms
[2020-12-21T18:50:26.016-0500][gc,phases      ] GC(17051)   Post Evacuate Collection Set: 2.6ms
[2020-12-21T18:50:26.016-0500][gc,phases      ] GC(17051)   Other: 0.5ms
[2020-12-21T18:50:26.016-0500][gc,heap        ] GC(17051) Eden regions: 9->0(9)
[2020-12-21T18:50:26.016-0500][gc,heap        ] GC(17051) Survivor regions: 1->1(2)
[2020-12-21T18:50:26.016-0500][gc,heap        ] GC(17051) Old regions: 41->41
[2020-12-21T18:50:26.016-0500][gc,heap        ] GC(17051) Humongous regions: 4->4
[2020-12-21T18:50:26.016-0500][gc,metaspace   ] GC(17051) Metaspace: 49949K->49949K(1093632K)
[2020-12-21T18:50:26.016-0500][gc,heap        ] GC(17051) Heap after GC invocations=17052 (full 3483): garbage-first heap   total 64512K, used 43254K [0x0000000083000000, 0x0000000100000000)
[2020-12-21T18:50:26.016-0500][gc,heap        ] GC(17051)   region size 1024K, 1 young (1024K), 1 survivors (1024K)
[2020-12-21T18:50:26.016-0500][gc,heap        ] GC(17051)  Metaspace       used 49949K, capacity 52104K, committed 53632K, reserved 1093632K
[2020-12-21T18:50:26.016-0500][gc,heap        ] GC(17051)   class space    used 7422K, capacity 8193K, committed 8832K, reserved 1048576K
[2020-12-21T18:50:26.016-0500][gc             ] GC(17051) Pause Young (Normal) (G1 Evacuation Pause) 51M->42M(63M) 4.746ms
[2020-12-21T18:50:26.017-0500][gc,cpu         ] GC(17051) User=0.00s Sys=0.01s Real=0.00s
[2020-12-21T18:51:45.189-0500][gc,task        ] GC(17052) Using 5 workers of 8 for full compaction
[2020-12-21T18:51:45.189-0500][gc,start       ] GC(17052) Pause Full (System.gc())
[2020-12-21T18:51:45.189-0500][gc,heap        ] GC(17052) Heap before GC invocations=17052 (full 3483): garbage-first heap   total 64512K, used 49398K [0x0000000083000000, 0x0000000100000000)
[2020-12-21T18:51:45.189-0500][gc,heap        ] GC(17052)   region size 1024K, 9 young (9216K), 1 survivors (1024K)
[2020-12-21T18:51:45.189-0500][gc,heap        ] GC(17052)  Metaspace       used 49949K, capacity 52104K, committed 53632K, reserved 1093632K
[2020-12-21T18:51:45.189-0500][gc,heap        ] GC(17052)   class space    used 7422K, capacity 8193K, committed 8832K, reserved 1048576K
[2020-12-21T18:51:45.190-0500][gc,phases,start] GC(17052) Phase 1: Mark live objects
[2020-12-21T18:51:45.224-0500][gc,stringtable ] GC(17052) Cleaned string and symbol table, strings: 33107 processed, 4 removed, symbols: 120816 processed, 0 removed
[2020-12-21T18:51:45.224-0500][gc,phases      ] GC(17052) Phase 1: Mark live objects 34.050ms
[2020-12-21T18:51:45.224-0500][gc,phases,start] GC(17052) Phase 2: Prepare for compaction
[2020-12-21T18:51:45.229-0500][gc,phases      ] GC(17052) Phase 2: Prepare for compaction 4.828ms
[2020-12-21T18:51:45.229-0500][gc,phases,start] GC(17052) Phase 3: Adjust pointers
[2020-12-21T18:51:45.241-0500][gc,phases      ] GC(17052) Phase 3: Adjust pointers 12.322ms
[2020-12-21T18:51:45.241-0500][gc,phases,start] GC(17052) Phase 4: Compact heap
[2020-12-21T18:51:45.244-0500][gc,phases      ] GC(17052) Phase 4: Compact heap 3.049ms
[2020-12-21T18:51:45.252-0500][gc,heap        ] GC(17052) Eden regions: 8->0(9)
[2020-12-21T18:51:45.252-0500][gc,heap        ] GC(17052) Survivor regions: 1->0(2)
[2020-12-21T18:51:45.252-0500][gc,heap        ] GC(17052) Old regions: 41->42
[2020-12-21T18:51:45.252-0500][gc,heap        ] GC(17052) Humongous regions: 4->4
[2020-12-21T18:51:45.252-0500][gc,metaspace   ] GC(17052) Metaspace: 49949K->49949K(1093632K)
[2020-12-21T18:51:45.252-0500][gc,heap        ] GC(17052) Heap after GC invocations=17053 (full 3484): garbage-first heap   total 64512K, used 43219K [0x0000000083000000, 0x0000000100000000)
[2020-12-21T18:51:45.252-0500][gc,heap        ] GC(17052)   region size 1024K, 0 young (0K), 0 survivors (0K)
[2020-12-21T18:51:45.252-0500][gc,heap        ] GC(17052)  Metaspace       used 49949K, capacity 52104K, committed 53632K, reserved 1093632K
[2020-12-21T18:51:45.252-0500][gc,heap        ] GC(17052)   class space    used 7422K, capacity 8193K, committed 8832K, reserved 1048576K
[2020-12-21T18:51:45.252-0500][gc             ] GC(17052) Pause Full (System.gc()) 49M->42M(63M) 62.965ms
[2020-12-21T18:51:45.252-0500][gc,cpu         ] GC(17052) User=0.26s Sys=0.00s Real=0.06s
[2020-12-21T18:53:26.013-0500][gc,heap        ] GC(17053) Heap before GC invocations=17053 (full 3484): garbage-first heap   total 64512K, used 51411K [0x0000000083000000, 0x0000000100000000)
[2020-12-21T18:53:26.014-0500][gc,heap        ] GC(17053)   region size 1024K, 9 young (9216K), 0 survivors (0K)
[2020-12-21T18:53:26.014-0500][gc,heap        ] GC(17053)  Metaspace       used 49949K, capacity 52104K, committed 53632K, reserved 1093632K
[2020-12-21T18:53:26.014-0500][gc,heap        ] GC(17053)   class space    used 7422K, capacity 8193K, committed 8832K, reserved 1048576K
[2020-12-21T18:53:26.014-0500][gc,start       ] GC(17053) Pause Young (Normal) (G1 Evacuation Pause)
[2020-12-21T18:53:26.014-0500][gc,task        ] GC(17053) Using 8 workers of 8 for evacuation
[2020-12-21T18:53:26.015-0500][gc,phases      ] GC(17053)   Pre Evacuate Collection Set: 0.0ms
[2020-12-21T18:53:26.015-0500][gc,phases      ] GC(17053)   Evacuate Collection Set: 0.5ms
[2020-12-21T18:53:26.015-0500][gc,phases      ] GC(17053)   Post Evacuate Collection Set: 0.9ms
[2020-12-21T18:53:26.015-0500][gc,phases      ] GC(17053)   Other: 0.2ms
[2020-12-21T18:53:26.015-0500][gc,heap        ] GC(17053) Eden regions: 9->0(8)
[2020-12-21T18:53:26.015-0500][gc,heap        ] GC(17053) Survivor regions: 0->1(2)
[2020-12-21T18:53:26.015-0500][gc,heap        ] GC(17053) Old regions: 42->42
[2020-12-21T18:53:26.015-0500][gc,heap        ] GC(17053) Humongous regions: 4->4
[2020-12-21T18:53:26.015-0500][gc,metaspace   ] GC(17053) Metaspace: 49949K->49949K(1093632K)
[2020-12-21T18:53:26.015-0500][gc,heap        ] GC(17053) Heap after GC invocations=17054 (full 3484): garbage-first heap   total 64512K, used 43302K [0x0000000083000000, 0x0000000100000000)
[2020-12-21T18:53:26.015-0500][gc,heap        ] GC(17053)   region size 1024K, 1 young (1024K), 1 survivors (1024K)
[2020-12-21T18:53:26.015-0500][gc,heap        ] GC(17053)  Metaspace       used 49949K, capacity 52104K, committed 53632K, reserved 1093632K
[2020-12-21T18:53:26.015-0500][gc,heap        ] GC(17053)   class space    used 7422K, capacity 8193K, committed 8832K, reserved 1048576K
[2020-12-21T18:53:26.015-0500][gc             ] GC(17053) Pause Young (Normal) (G1 Evacuation Pause) 51M->42M(63M) 1.686ms
[2020-12-21T18:53:26.015-0500][gc,cpu         ] GC(17053) User=0.00s Sys=0.01s Real=0.00s
[2020-12-21T18:54:56.017-0500][gc,heap        ] GC(17054) Heap before GC invocations=17054 (full 3484): garbage-first heap   total 64512K, used 50470K [0x0000000083000000, 0x0000000100000000)
[2020-12-21T18:54:56.017-0500][gc,heap        ] GC(17054)   region size 1024K, 9 young (9216K), 1 survivors (1024K)
[2020-12-21T18:54:56.017-0500][gc,heap        ] GC(17054)  Metaspace       used 49949K, capacity 52104K, committed 53632K, reserved 1093632K
[2020-12-21T18:54:56.017-0500][gc,heap        ] GC(17054)   class space    used 7422K, capacity 8193K, committed 8832K, reserved 1048576K
[2020-12-21T18:54:56.017-0500][gc,start       ] GC(17054) Pause Young (Normal) (G1 Evacuation Pause)
[2020-12-21T18:54:56.017-0500][gc,task        ] GC(17054) Using 8 workers of 8 for evacuation
[2020-12-21T18:54:56.024-0500][gc,phases      ] GC(17054)   Pre Evacuate Collection Set: 0.0ms
[2020-12-21T18:54:56.024-0500][gc,phases      ] GC(17054)   Evacuate Collection Set: 4.2ms
[2020-12-21T18:54:56.024-0500][gc,phases      ] GC(17054)   Post Evacuate Collection Set: 2.7ms
[2020-12-21T18:54:56.025-0500][gc,phases      ] GC(17054)   Other: 0.5ms
[2020-12-21T18:54:56.025-0500][gc,heap        ] GC(17054) Eden regions: 8->0(8)
[2020-12-21T18:54:56.025-0500][gc,heap        ] GC(17054) Survivor regions: 1->1(2)
[2020-12-21T18:54:56.025-0500][gc,heap        ] GC(17054) Old regions: 42->42
[2020-12-21T18:54:56.025-0500][gc,heap        ] GC(17054) Humongous regions: 4->4
[2020-12-21T18:54:56.025-0500][gc,metaspace   ] GC(17054) Metaspace: 49949K->49949K(1093632K)
[2020-12-21T18:54:56.025-0500][gc,heap        ] GC(17054) Heap after GC invocations=17055 (full 3484): garbage-first heap   total 64512K, used 43286K [0x0000000083000000, 0x0000000100000000)
[2020-12-21T18:54:56.025-0500][gc,heap        ] GC(17054)   region size 1024K, 1 young (1024K), 1 survivors (1024K)
[2020-12-21T18:54:56.025-0500][gc,heap        ] GC(17054)  Metaspace       used 49949K, capacity 52104K, committed 53632K, reserved 1093632K
[2020-12-21T18:54:56.025-0500][gc,heap        ] GC(17054)   class space    used 7422K, capacity 8193K, committed 8832K, reserved 1048576K
[2020-12-21T18:54:56.025-0500][gc             ] GC(17054) Pause Young (Normal) (G1 Evacuation Pause) 50M->42M(63M) 7.467ms
[2020-12-21T18:54:56.025-0500][gc,cpu         ] GC(17054) User=0.02s Sys=0.01s Real=0.01s
[2020-12-21T18:56:24.753-0500][gc,heap        ] GC(17055) Heap before GC invocations=17055 (full 3484): garbage-first heap   total 64512K, used 50454K [0x0000000083000000, 0x0000000100000000)
[2020-12-21T18:56:24.753-0500][gc,heap        ] GC(17055)   region size 1024K, 9 young (9216K), 1 survivors (1024K)
[2020-12-21T18:56:24.753-0500][gc,heap        ] GC(17055)  Metaspace       used 49949K, capacity 52104K, committed 53632K, reserved 1093632K
[2020-12-21T18:56:24.753-0500][gc,heap        ] GC(17055)   class space    used 7422K, capacity 8193K, committed 8832K, reserved 1048576K
[2020-12-21T18:56:24.753-0500][gc,start       ] GC(17055) Pause Young (Normal) (G1 Evacuation Pause)
[2020-12-21T18:56:24.753-0500][gc,task        ] GC(17055) Using 8 workers of 8 for evacuation
[2020-12-21T18:56:24.757-0500][gc,phases      ] GC(17055)   Pre Evacuate Collection Set: 0.0ms
[2020-12-21T18:56:24.758-0500][gc,phases      ] GC(17055)   Evacuate Collection Set: 1.8ms
[2020-12-21T18:56:24.758-0500][gc,phases      ] GC(17055)   Post Evacuate Collection Set: 2.0ms
[2020-12-21T18:56:24.758-0500][gc,phases      ] GC(17055)   Other: 0.4ms
[2020-12-21T18:56:24.758-0500][gc,heap        ] GC(17055) Eden regions: 8->0(8)
[2020-12-21T18:56:24.758-0500][gc,heap        ] GC(17055) Survivor regions: 1->1(2)
[2020-12-21T18:56:24.758-0500][gc,heap        ] GC(17055) Old regions: 42->42
[2020-12-21T18:56:24.758-0500][gc,heap        ] GC(17055) Humongous regions: 4->4
[2020-12-21T18:56:24.758-0500][gc,metaspace   ] GC(17055) Metaspace: 49949K->49949K(1093632K)
[2020-12-21T18:56:24.758-0500][gc,heap        ] GC(17055) Heap after GC invocations=17056 (full 3484): garbage-first heap   total 64512K, used 43277K [0x0000000083000000, 0x0000000100000000)
[2020-12-21T18:56:24.758-0500][gc,heap        ] GC(17055)   region size 1024K, 1 young (1024K), 1 survivors (1024K)
[2020-12-21T18:56:24.758-0500][gc,heap        ] GC(17055)  Metaspace       used 49949K, capacity 52104K, committed 53632K, reserved 1093632K
[2020-12-21T18:56:24.758-0500][gc,heap        ] GC(17055)   class space    used 7422K, capacity 8193K, committed 8832K, reserved 1048576K
[2020-12-21T18:56:24.758-0500][gc             ] GC(17055) Pause Young (Normal) (G1 Evacuation Pause) 50M->42M(63M) 4.707ms
[2020-12-21T18:56:24.758-0500][gc,cpu         ] GC(17055) User=0.01s Sys=0.01s Real=0.01s
[2020-12-21T18:56:45.191-0500][gc,task        ] GC(17056) Using 5 workers of 8 for full compaction
[2020-12-21T18:56:45.191-0500][gc,start       ] GC(17056) Pause Full (System.gc())
[2020-12-21T18:56:45.191-0500][gc,heap        ] GC(17056) Heap before GC invocations=17056 (full 3484): garbage-first heap   total 64512K, used 44301K [0x0000000083000000, 0x0000000100000000)
[2020-12-21T18:56:45.191-0500][gc,heap        ] GC(17056)   region size 1024K, 3 young (3072K), 1 survivors (1024K)
[2020-12-21T18:56:45.191-0500][gc,heap        ] GC(17056)  Metaspace       used 49949K, capacity 52104K, committed 53632K, reserved 1093632K
[2020-12-21T18:56:45.191-0500][gc,heap        ] GC(17056)   class space    used 7422K, capacity 8193K, committed 8832K, reserved 1048576K
[2020-12-21T18:56:45.192-0500][gc,phases,start] GC(17056) Phase 1: Mark live objects
[2020-12-21T18:56:45.233-0500][gc,stringtable ] GC(17056) Cleaned string and symbol table, strings: 33107 processed, 4 removed, symbols: 120816 processed, 0 removed
[2020-12-21T18:56:45.233-0500][gc,phases      ] GC(17056) Phase 1: Mark live objects 40.990ms
[2020-12-21T18:56:45.233-0500][gc,phases,start] GC(17056) Phase 2: Prepare for compaction
[2020-12-21T18:56:45.239-0500][gc,phases      ] GC(17056) Phase 2: Prepare for compaction 6.006ms
[2020-12-21T18:56:45.239-0500][gc,phases,start] GC(17056) Phase 3: Adjust pointers
[2020-12-21T18:56:45.249-0500][gc,phases      ] GC(17056) Phase 3: Adjust pointers 10.521ms
[2020-12-21T18:56:45.249-0500][gc,phases,start] GC(17056) Phase 4: Compact heap
[2020-12-21T18:56:45.252-0500][gc,phases      ] GC(17056) Phase 4: Compact heap 2.579ms
[2020-12-21T18:56:45.258-0500][gc,heap        ] GC(17056) Eden regions: 2->0(10)
[2020-12-21T18:56:45.258-0500][gc,heap        ] GC(17056) Survivor regions: 1->0(2)
[2020-12-21T18:56:45.258-0500][gc,heap        ] GC(17056) Old regions: 42->41
[2020-12-21T18:56:45.258-0500][gc,heap        ] GC(17056) Humongous regions: 4->4
[2020-12-21T18:56:45.258-0500][gc,metaspace   ] GC(17056) Metaspace: 49949K->49949K(1093632K)
[2020-12-21T18:56:45.258-0500][gc,heap        ] GC(17056) Heap after GC invocations=17057 (full 3485): garbage-first heap   total 64512K, used 43199K [0x0000000083000000, 0x0000000100000000)
[2020-12-21T18:56:45.258-0500][gc,heap        ] GC(17056)   region size 1024K, 0 young (0K), 0 survivors (0K)
[2020-12-21T18:56:45.258-0500][gc,heap        ] GC(17056)  Metaspace       used 49949K, capacity 52104K, committed 53632K, reserved 1093632K
[2020-12-21T18:56:45.258-0500][gc,heap        ] GC(17056)   class space    used 7422K, capacity 8193K, committed 8832K, reserved 1048576K
[2020-12-21T18:56:45.258-0500][gc             ] GC(17056) Pause Full (System.gc()) 43M->42M(63M) 66.651ms
[2020-12-21T18:56:45.258-0500][gc,cpu         ] GC(17056) User=0.28s Sys=0.00s Real=0.07s
[2020-12-21T18:58:36.012-0500][gc,heap        ] GC(17057) Heap before GC invocations=17057 (full 3485): garbage-first heap   total 64512K, used 53439K [0x0000000083000000, 0x0000000100000000)
[2020-12-21T18:58:36.012-0500][gc,heap        ] GC(17057)   region size 1024K, 10 young (10240K), 0 survivors (0K)
[2020-12-21T18:58:36.012-0500][gc,heap        ] GC(17057)  Metaspace       used 49949K, capacity 52104K, committed 53632K, reserved 1093632K
[2020-12-21T18:58:36.012-0500][gc,heap        ] GC(17057)   class space    used 7422K, capacity 8193K, committed 8832K, reserved 1048576K
[2020-12-21T18:58:36.012-0500][gc,start       ] GC(17057) Pause Young (Normal) (G1 Evacuation Pause)
[2020-12-21T18:58:36.012-0500][gc,task        ] GC(17057) Using 8 workers of 8 for evacuation
[2020-12-21T18:58:36.014-0500][gc,phases      ] GC(17057)   Pre Evacuate Collection Set: 0.0ms
[2020-12-21T18:58:36.014-0500][gc,phases      ] GC(17057)   Evacuate Collection Set: 0.5ms
[2020-12-21T18:58:36.014-0500][gc,phases      ] GC(17057)   Post Evacuate Collection Set: 1.0ms
[2020-12-21T18:58:36.014-0500][gc,phases      ] GC(17057)   Other: 0.2ms
[2020-12-21T18:58:36.014-0500][gc,heap        ] GC(17057) Eden regions: 10->0(9)
[2020-12-21T18:58:36.014-0500][gc,heap        ] GC(17057) Survivor regions: 0->1(2)
[2020-12-21T18:58:36.014-0500][gc,heap        ] GC(17057) Old regions: 41->41
[2020-12-21T18:58:36.014-0500][gc,heap        ] GC(17057) Humongous regions: 4->4
[2020-12-21T18:58:36.014-0500][gc,metaspace   ] GC(17057) Metaspace: 49949K->49949K(1093632K)
[2020-12-21T18:58:36.014-0500][gc,heap        ] GC(17057) Heap after GC invocations=17058 (full 3485): garbage-first heap   total 64512K, used 43255K [0x0000000083000000, 0x0000000100000000)
[2020-12-21T18:58:36.014-0500][gc,heap        ] GC(17057)   region size 1024K, 1 young (1024K), 1 survivors (1024K)
[2020-12-21T18:58:36.014-0500][gc,heap        ] GC(17057)  Metaspace       used 49949K, capacity 52104K, committed 53632K, reserved 1093632K
[2020-12-21T18:58:36.014-0500][gc,heap        ] GC(17057)   class space    used 7422K, capacity 8193K, committed 8832K, reserved 1048576K
[2020-12-21T18:58:36.014-0500][gc             ] GC(17057) Pause Young (Normal) (G1 Evacuation Pause) 52M->42M(63M) 1.777ms
[2020-12-21T18:58:36.014-0500][gc,cpu         ] GC(17057) User=0.00s Sys=0.00s Real=0.00s
[2020-12-21T19:00:16.371-0500][gc,heap        ] GC(17058) Heap before GC invocations=17058 (full 3485): garbage-first heap   total 64512K, used 51447K [0x0000000083000000, 0x0000000100000000)
[2020-12-21T19:00:16.371-0500][gc,heap        ] GC(17058)   region size 1024K, 10 young (10240K), 1 survivors (1024K)
[2020-12-21T19:00:16.371-0500][gc,heap        ] GC(17058)  Metaspace       used 49949K, capacity 52104K, committed 53632K, reserved 1093632K
[2020-12-21T19:00:16.371-0500][gc,heap        ] GC(17058)   class space    used 7422K, capacity 8193K, committed 8832K, reserved 1048576K
[2020-12-21T19:00:16.371-0500][gc,start       ] GC(17058) Pause Young (Normal) (G1 Evacuation Pause)
[2020-12-21T19:00:16.371-0500][gc,task        ] GC(17058) Using 8 workers of 8 for evacuation
[2020-12-21T19:00:16.374-0500][gc,phases      ] GC(17058)   Pre Evacuate Collection Set: 0.0ms
[2020-12-21T19:00:16.374-0500][gc,phases      ] GC(17058)   Evacuate Collection Set: 1.0ms
[2020-12-21T19:00:16.374-0500][gc,phases      ] GC(17058)   Post Evacuate Collection Set: 1.7ms
[2020-12-21T19:00:16.374-0500][gc,phases      ] GC(17058)   Other: 0.3ms
[2020-12-21T19:00:16.374-0500][gc,heap        ] GC(17058) Eden regions: 9->0(9)
[2020-12-21T19:00:16.374-0500][gc,heap        ] GC(17058) Survivor regions: 1->1(2)
[2020-12-21T19:00:16.374-0500][gc,heap        ] GC(17058) Old regions: 41->41
[2020-12-21T19:00:16.374-0500][gc,heap        ] GC(17058) Humongous regions: 4->4
[2020-12-21T19:00:16.374-0500][gc,metaspace   ] GC(17058) Metaspace: 49949K->49949K(1093632K)
[2020-12-21T19:00:16.374-0500][gc,heap        ] GC(17058) Heap after GC invocations=17059 (full 3485): garbage-first heap   total 64512K, used 43325K [0x0000000083000000, 0x0000000100000000)
[2020-12-21T19:00:16.374-0500][gc,heap        ] GC(17058)   region size 1024K, 1 young (1024K), 1 survivors (1024K)
[2020-12-21T19:00:16.374-0500][gc,heap        ] GC(17058)  Metaspace       used 49949K, capacity 52104K, committed 53632K, reserved 1093632K
[2020-12-21T19:00:16.374-0500][gc,heap        ] GC(17058)   class space    used 7422K, capacity 8193K, committed 8832K, reserved 1048576K
[2020-12-21T19:00:16.374-0500][gc             ] GC(17058) Pause Young (Normal) (G1 Evacuation Pause) 51M->42M(63M) 3.050ms
[2020-12-21T19:00:16.374-0500][gc,cpu         ] GC(17058) User=0.01s Sys=0.00s Real=0.00s
[2020-12-21T19:01:45.197-0500][gc,task        ] GC(17059) Using 5 workers of 8 for full compaction
[2020-12-21T19:01:45.197-0500][gc,start       ] GC(17059) Pause Full (System.gc())
[2020-12-21T19:01:45.197-0500][gc,heap        ] GC(17059) Heap before GC invocations=17059 (full 3485): garbage-first heap   total 64512K, used 48445K [0x0000000083000000, 0x0000000100000000)
[2020-12-21T19:01:45.197-0500][gc,heap        ] GC(17059)   region size 1024K, 8 young (8192K), 1 survivors (1024K)
[2020-12-21T19:01:45.197-0500][gc,heap        ] GC(17059)  Metaspace       used 49949K, capacity 52104K, committed 53632K, reserved 1093632K
[2020-12-21T19:01:45.197-0500][gc,heap        ] GC(17059)   class space    used 7422K, capacity 8193K, committed 8832K, reserved 1048576K
[2020-12-21T19:01:45.198-0500][gc,phases,start] GC(17059) Phase 1: Mark live objects
[2020-12-21T19:01:45.239-0500][gc,stringtable ] GC(17059) Cleaned string and symbol table, strings: 33107 processed, 4 removed, symbols: 120816 processed, 0 removed
[2020-12-21T19:01:45.239-0500][gc,phases      ] GC(17059) Phase 1: Mark live objects 41.452ms
[2020-12-21T19:01:45.239-0500][gc,phases,start] GC(17059) Phase 2: Prepare for compaction
[2020-12-21T19:01:45.244-0500][gc,phases      ] GC(17059) Phase 2: Prepare for compaction 5.140ms
[2020-12-21T19:01:45.244-0500][gc,phases,start] GC(17059) Phase 3: Adjust pointers
[2020-12-21T19:01:45.255-0500][gc,phases      ] GC(17059) Phase 3: Adjust pointers 10.667ms
[2020-12-21T19:01:45.255-0500][gc,phases,start] GC(17059) Phase 4: Compact heap
[2020-12-21T19:01:45.258-0500][gc,phases      ] GC(17059) Phase 4: Compact heap 2.803ms
[2020-12-21T19:01:45.264-0500][gc,heap        ] GC(17059) Eden regions: 7->0(10)
[2020-12-21T19:01:45.264-0500][gc,heap        ] GC(17059) Survivor regions: 1->0(2)
[2020-12-21T19:01:45.264-0500][gc,heap        ] GC(17059) Old regions: 41->41
[2020-12-21T19:01:45.264-0500][gc,heap        ] GC(17059) Humongous regions: 4->4
[2020-12-21T19:01:45.264-0500][gc,metaspace   ] GC(17059) Metaspace: 49949K->49949K(1093632K)
[2020-12-21T19:01:45.264-0500][gc,heap        ] GC(17059) Heap after GC invocations=17060 (full 3486): garbage-first heap   total 64512K, used 43216K [0x0000000083000000, 0x0000000100000000)
[2020-12-21T19:01:45.264-0500][gc,heap        ] GC(17059)   region size 1024K, 0 young (0K), 0 survivors (0K)
[2020-12-21T19:01:45.264-0500][gc,heap        ] GC(17059)  Metaspace       used 49949K, capacity 52104K, committed 53632K, reserved 1093632K
[2020-12-21T19:01:45.264-0500][gc,heap        ] GC(17059)   class space    used 7422K, capacity 8193K, committed 8832K, reserved 1048576K
[2020-12-21T19:01:45.264-0500][gc             ] GC(17059) Pause Full (System.gc()) 49M->42M(63M) 66.808ms
[2020-12-21T19:01:45.264-0500][gc,cpu         ] GC(17059) User=0.28s Sys=0.00s Real=0.07s
[2020-12-21T19:03:36.015-0500][gc,heap        ] GC(17060) Heap before GC invocations=17060 (full 3486): garbage-first heap   total 64512K, used 52432K [0x0000000083000000, 0x0000000100000000)
[2020-12-21T19:03:36.015-0500][gc,heap        ] GC(17060)   region size 1024K, 10 young (10240K), 0 survivors (0K)
[2020-12-21T19:03:36.015-0500][gc,heap        ] GC(17060)  Metaspace       used 49949K, capacity 52104K, committed 53632K, reserved 1093632K
[2020-12-21T19:03:36.015-0500][gc,heap        ] GC(17060)   class space    used 7422K, capacity 8193K, committed 8832K, reserved 1048576K
[2020-12-21T19:03:36.015-0500][gc,start       ] GC(17060) Pause Young (Normal) (G1 Evacuation Pause)
[2020-12-21T19:03:36.015-0500][gc,task        ] GC(17060) Using 8 workers of 8 for evacuation
[2020-12-21T19:03:36.022-0500][gc,phases      ] GC(17060)   Pre Evacuate Collection Set: 0.0ms
[2020-12-21T19:03:36.022-0500][gc,phases      ] GC(17060)   Evacuate Collection Set: 3.8ms
[2020-12-21T19:03:36.022-0500][gc,phases      ] GC(17060)   Post Evacuate Collection Set: 2.7ms
[2020-12-21T19:03:36.023-0500][gc,phases      ] GC(17060)   Other: 0.6ms
[2020-12-21T19:03:36.023-0500][gc,heap        ] GC(17060) Eden regions: 10->0(9)
[2020-12-21T19:03:36.023-0500][gc,heap        ] GC(17060) Survivor regions: 0->1(2)
[2020-12-21T19:03:36.023-0500][gc,heap        ] GC(17060) Old regions: 41->41
[2020-12-21T19:03:36.023-0500][gc,heap        ] GC(17060) Humongous regions: 4->4
[2020-12-21T19:03:36.023-0500][gc,metaspace   ] GC(17060) Metaspace: 49949K->49949K(1093632K)
[2020-12-21T19:03:36.023-0500][gc,heap        ] GC(17060) Heap after GC invocations=17061 (full 3486): garbage-first heap   total 64512K, used 43279K [0x0000000083000000, 0x0000000100000000)
[2020-12-21T19:03:36.023-0500][gc,heap        ] GC(17060)   region size 1024K, 1 young (1024K), 1 survivors (1024K)
[2020-12-21T19:03:36.023-0500][gc,heap        ] GC(17060)  Metaspace       used 49949K, capacity 52104K, committed 53632K, reserved 1093632K
[2020-12-21T19:03:36.023-0500][gc,heap        ] GC(17060)   class space    used 7422K, capacity 8193K, committed 8832K, reserved 1048576K
[2020-12-21T19:03:36.023-0500][gc             ] GC(17060) Pause Young (Normal) (G1 Evacuation Pause) 52M->42M(63M) 7.728ms
[2020-12-21T19:03:36.023-0500][gc,cpu         ] GC(17060) User=0.03s Sys=0.00s Real=0.01s
[2020-12-21T19:05:17.255-0500][gc,heap        ] GC(17061) Heap before GC invocations=17061 (full 3486): garbage-first heap   total 64512K, used 51471K [0x0000000083000000, 0x0000000100000000)
[2020-12-21T19:05:17.255-0500][gc,heap        ] GC(17061)   region size 1024K, 10 young (10240K), 1 survivors (1024K)
[2020-12-21T19:05:17.255-0500][gc,heap        ] GC(17061)  Metaspace       used 49949K, capacity 52104K, committed 53632K, reserved 1093632K
[2020-12-21T19:05:17.255-0500][gc,heap        ] GC(17061)   class space    used 7422K, capacity 8193K, committed 8832K, reserved 1048576K
[2020-12-21T19:05:17.255-0500][gc,start       ] GC(17061) Pause Young (Normal) (G1 Evacuation Pause)
[2020-12-21T19:05:17.255-0500][gc,task        ] GC(17061) Using 8 workers of 8 for evacuation
[2020-12-21T19:05:17.258-0500][gc,phases      ] GC(17061)   Pre Evacuate Collection Set: 0.1ms
[2020-12-21T19:05:17.258-0500][gc,phases      ] GC(17061)   Evacuate Collection Set: 1.0ms
[2020-12-21T19:05:17.258-0500][gc,phases      ] GC(17061)   Post Evacuate Collection Set: 1.3ms
[2020-12-21T19:05:17.258-0500][gc,phases      ] GC(17061)   Other: 0.3ms
[2020-12-21T19:05:17.258-0500][gc,heap        ] GC(17061) Eden regions: 9->0(9)
[2020-12-21T19:05:17.258-0500][gc,heap        ] GC(17061) Survivor regions: 1->1(2)
[2020-12-21T19:05:17.258-0500][gc,heap        ] GC(17061) Old regions: 41->41
[2020-12-21T19:05:17.258-0500][gc,heap        ] GC(17061) Humongous regions: 4->4
[2020-12-21T19:05:17.258-0500][gc,metaspace   ] GC(17061) Metaspace: 49949K->49949K(1093632K)
[2020-12-21T19:05:17.258-0500][gc,heap        ] GC(17061) Heap after GC invocations=17062 (full 3486): garbage-first heap   total 64512K, used 43330K [0x0000000083000000, 0x0000000100000000)
[2020-12-21T19:05:17.258-0500][gc,heap        ] GC(17061)   region size 1024K, 1 young (1024K), 1 survivors (1024K)
[2020-12-21T19:05:17.258-0500][gc,heap        ] GC(17061)  Metaspace       used 49949K, capacity 52104K, committed 53632K, reserved 1093632K
[2020-12-21T19:05:17.258-0500][gc,heap        ] GC(17061)   class space    used 7422K, capacity 8193K, committed 8832K, reserved 1048576K
[2020-12-21T19:05:17.258-0500][gc             ] GC(17061) Pause Young (Normal) (G1 Evacuation Pause) 51M->42M(63M) 2.790ms
[2020-12-21T19:05:17.258-0500][gc,cpu         ] GC(17061) User=0.00s Sys=0.00s Real=0.01s
[2020-12-21T19:06:45.192-0500][gc,task        ] GC(17062) Using 5 workers of 8 for full compaction
[2020-12-21T19:06:45.192-0500][gc,start       ] GC(17062) Pause Full (System.gc())
[2020-12-21T19:06:45.192-0500][gc,heap        ] GC(17062) Heap before GC invocations=17062 (full 3486): garbage-first heap   total 64512K, used 48450K [0x0000000083000000, 0x0000000100000000)
[2020-12-21T19:06:45.192-0500][gc,heap        ] GC(17062)   region size 1024K, 8 young (8192K), 1 survivors (1024K)
[2020-12-21T19:06:45.192-0500][gc,heap        ] GC(17062)  Metaspace       used 49949K, capacity 52104K, committed 53632K, reserved 1093632K
[2020-12-21T19:06:45.192-0500][gc,heap        ] GC(17062)   class space    used 7422K, capacity 8193K, committed 8832K, reserved 1048576K
[2020-12-21T19:06:45.193-0500][gc,phases,start] GC(17062) Phase 1: Mark live objects
[2020-12-21T19:06:45.230-0500][gc,stringtable ] GC(17062) Cleaned string and symbol table, strings: 33107 processed, 4 removed, symbols: 120816 processed, 0 removed
[2020-12-21T19:06:45.230-0500][gc,phases      ] GC(17062) Phase 1: Mark live objects 37.337ms
[2020-12-21T19:06:45.230-0500][gc,phases,start] GC(17062) Phase 2: Prepare for compaction
[2020-12-21T19:06:45.234-0500][gc,phases      ] GC(17062) Phase 2: Prepare for compaction 4.368ms
[2020-12-21T19:06:45.234-0500][gc,phases,start] GC(17062) Phase 3: Adjust pointers
[2020-12-21T19:06:45.247-0500][gc,phases      ] GC(17062) Phase 3: Adjust pointers 12.627ms
[2020-12-21T19:06:45.247-0500][gc,phases,start] GC(17062) Phase 4: Compact heap
[2020-12-21T19:06:45.250-0500][gc,phases      ] GC(17062) Phase 4: Compact heap 2.974ms
[2020-12-21T19:06:45.256-0500][gc,heap        ] GC(17062) Eden regions: 7->0(10)
[2020-12-21T19:06:45.256-0500][gc,heap        ] GC(17062) Survivor regions: 1->0(2)
[2020-12-21T19:06:45.256-0500][gc,heap        ] GC(17062) Old regions: 41->41
[2020-12-21T19:06:45.256-0500][gc,heap        ] GC(17062) Humongous regions: 4->4
[2020-12-21T19:06:45.256-0500][gc,metaspace   ] GC(17062) Metaspace: 49949K->49949K(1093632K)
[2020-12-21T19:06:45.256-0500][gc,heap        ] GC(17062) Heap after GC invocations=17063 (full 3487): garbage-first heap   total 64512K, used 43216K [0x0000000083000000, 0x0000000100000000)
[2020-12-21T19:06:45.256-0500][gc,heap        ] GC(17062)   region size 1024K, 0 young (0K), 0 survivors (0K)
[2020-12-21T19:06:45.256-0500][gc,heap        ] GC(17062)  Metaspace       used 49949K, capacity 52104K, committed 53632K, reserved 1093632K
[2020-12-21T19:06:45.256-0500][gc,heap        ] GC(17062)   class space    used 7422K, capacity 8193K, committed 8832K, reserved 1048576K
[2020-12-21T19:06:45.256-0500][gc             ] GC(17062) Pause Full (System.gc()) 49M->42M(63M) 63.935ms
[2020-12-21T19:06:45.256-0500][gc,cpu         ] GC(17062) User=0.27s Sys=0.00s Real=0.06s
[2020-12-21T19:08:36.014-0500][gc,heap        ] GC(17063) Heap before GC invocations=17063 (full 3487): garbage-first heap   total 64512K, used 53456K [0x0000000083000000, 0x0000000100000000)
[2020-12-21T19:08:36.014-0500][gc,heap        ] GC(17063)   region size 1024K, 10 young (10240K), 0 survivors (0K)
[2020-12-21T19:08:36.014-0500][gc,heap        ] GC(17063)  Metaspace       used 49949K, capacity 52104K, committed 53632K, reserved 1093632K
[2020-12-21T19:08:36.014-0500][gc,heap        ] GC(17063)   class space    used 7422K, capacity 8193K, committed 8832K, reserved 1048576K
[2020-12-21T19:08:36.014-0500][gc,start       ] GC(17063) Pause Young (Normal) (G1 Evacuation Pause)
[2020-12-21T19:08:36.014-0500][gc,task        ] GC(17063) Using 8 workers of 8 for evacuation
[2020-12-21T19:08:36.018-0500][gc,phases      ] GC(17063)   Pre Evacuate Collection Set: 0.0ms
[2020-12-21T19:08:36.018-0500][gc,phases      ] GC(17063)   Evacuate Collection Set: 2.5ms
[2020-12-21T19:08:36.018-0500][gc,phases      ] GC(17063)   Post Evacuate Collection Set: 1.2ms
[2020-12-21T19:08:36.018-0500][gc,phases      ] GC(17063)   Other: 0.2ms
[2020-12-21T19:08:36.018-0500][gc,heap        ] GC(17063) Eden regions: 10->0(9)
[2020-12-21T19:08:36.018-0500][gc,heap        ] GC(17063) Survivor regions: 0->1(2)
[2020-12-21T19:08:36.018-0500][gc,heap        ] GC(17063) Old regions: 41->41
[2020-12-21T19:08:36.018-0500][gc,heap        ] GC(17063) Humongous regions: 4->4
[2020-12-21T19:08:36.018-0500][gc,metaspace   ] GC(17063) Metaspace: 49949K->49949K(1093632K)
[2020-12-21T19:08:36.018-0500][gc,heap        ] GC(17063) Heap after GC invocations=17064 (full 3487): garbage-first heap   total 64512K, used 43280K [0x0000000083000000, 0x0000000100000000)
[2020-12-21T19:08:36.018-0500][gc,heap        ] GC(17063)   region size 1024K, 1 young (1024K), 1 survivors (1024K)
[2020-12-21T19:08:36.018-0500][gc,heap        ] GC(17063)  Metaspace       used 49949K, capacity 52104K, committed 53632K, reserved 1093632K
[2020-12-21T19:08:36.018-0500][gc,heap        ] GC(17063)   class space    used 7422K, capacity 8193K, committed 8832K, reserved 1048576K
[2020-12-21T19:08:36.018-0500][gc             ] GC(17063) Pause Young (Normal) (G1 Evacuation Pause) 52M->42M(63M) 3.943ms
[2020-12-21T19:08:36.018-0500][gc,cpu         ] GC(17063) User=0.02s Sys=0.00s Real=0.01s
[2020-12-21T19:10:16.013-0500][gc,heap        ] GC(17064) Heap before GC invocations=17064 (full 3487): garbage-first heap   total 64512K, used 51472K [0x0000000083000000, 0x0000000100000000)
[2020-12-21T19:10:16.013-0500][gc,heap        ] GC(17064)   region size 1024K, 10 young (10240K), 1 survivors (1024K)
[2020-12-21T19:10:16.013-0500][gc,heap        ] GC(17064)  Metaspace       used 49949K, capacity 52104K, committed 53632K, reserved 1093632K
[2020-12-21T19:10:16.013-0500][gc,heap        ] GC(17064)   class space    used 7422K, capacity 8193K, committed 8832K, reserved 1048576K
[2020-12-21T19:10:16.013-0500][gc,start       ] GC(17064) Pause Young (Normal) (G1 Evacuation Pause)
[2020-12-21T19:10:16.013-0500][gc,task        ] GC(17064) Using 8 workers of 8 for evacuation
[2020-12-21T19:10:16.015-0500][gc,phases      ] GC(17064)   Pre Evacuate Collection Set: 0.0ms
[2020-12-21T19:10:16.015-0500][gc,phases      ] GC(17064)   Evacuate Collection Set: 0.5ms
[2020-12-21T19:10:16.015-0500][gc,phases      ] GC(17064)   Post Evacuate Collection Set: 1.3ms
[2020-12-21T19:10:16.015-0500][gc,phases      ] GC(17064)   Other: 0.3ms
[2020-12-21T19:10:16.015-0500][gc,heap        ] GC(17064) Eden regions: 9->0(9)
[2020-12-21T19:10:16.015-0500][gc,heap        ] GC(17064) Survivor regions: 1->1(2)
[2020-12-21T19:10:16.015-0500][gc,heap        ] GC(17064) Old regions: 41->41
[2020-12-21T19:10:16.015-0500][gc,heap        ] GC(17064) Humongous regions: 4->4
[2020-12-21T19:10:16.015-0500][gc,metaspace   ] GC(17064) Metaspace: 49949K->49949K(1093632K)
[2020-12-21T19:10:16.015-0500][gc,heap        ] GC(17064) Heap after GC invocations=17065 (full 3487): garbage-first heap   total 64512K, used 43283K [0x0000000083000000, 0x0000000100000000)
[2020-12-21T19:10:16.015-0500][gc,heap        ] GC(17064)   region size 1024K, 1 young (1024K), 1 survivors (1024K)
[2020-12-21T19:10:16.015-0500][gc,heap        ] GC(17064)  Metaspace       used 49949K, capacity 52104K, committed 53632K, reserved 1093632K
[2020-12-21T19:10:16.015-0500][gc,heap        ] GC(17064)   class space    used 7422K, capacity 8193K, committed 8832K, reserved 1048576K
[2020-12-21T19:10:16.015-0500][gc             ] GC(17064) Pause Young (Normal) (G1 Evacuation Pause) 51M->42M(63M) 2.038ms
[2020-12-21T19:10:16.015-0500][gc,cpu         ] GC(17064) User=0.00s Sys=0.00s Real=0.00s
[2020-12-21T19:11:45.191-0500][gc,task        ] GC(17065) Using 5 workers of 8 for full compaction
[2020-12-21T19:11:45.192-0500][gc,start       ] GC(17065) Pause Full (System.gc())
[2020-12-21T19:11:45.192-0500][gc,heap        ] GC(17065) Heap before GC invocations=17065 (full 3487): garbage-first heap   total 64512K, used 50451K [0x0000000083000000, 0x0000000100000000)
[2020-12-21T19:11:45.192-0500][gc,heap        ] GC(17065)   region size 1024K, 9 young (9216K), 1 survivors (1024K)
[2020-12-21T19:11:45.192-0500][gc,heap        ] GC(17065)  Metaspace       used 49949K, capacity 52104K, committed 53632K, reserved 1093632K
[2020-12-21T19:11:45.192-0500][gc,heap        ] GC(17065)   class space    used 7422K, capacity 8193K, committed 8832K, reserved 1048576K
[2020-12-21T19:11:45.192-0500][gc,phases,start] GC(17065) Phase 1: Mark live objects
[2020-12-21T19:11:45.230-0500][gc,stringtable ] GC(17065) Cleaned string and symbol table, strings: 33107 processed, 4 removed, symbols: 120816 processed, 0 removed
[2020-12-21T19:11:45.230-0500][gc,phases      ] GC(17065) Phase 1: Mark live objects 38.304ms
[2020-12-21T19:11:45.230-0500][gc,phases,start] GC(17065) Phase 2: Prepare for compaction
[2020-12-21T19:11:45.234-0500][gc,phases      ] GC(17065) Phase 2: Prepare for compaction 3.761ms
[2020-12-21T19:11:45.234-0500][gc,phases,start] GC(17065) Phase 3: Adjust pointers
[2020-12-21T19:11:45.247-0500][gc,phases      ] GC(17065) Phase 3: Adjust pointers 12.924ms
[2020-12-21T19:11:45.247-0500][gc,phases,start] GC(17065) Phase 4: Compact heap
[2020-12-21T19:11:45.251-0500][gc,phases      ] GC(17065) Phase 4: Compact heap 3.685ms
[2020-12-21T19:11:45.257-0500][gc,heap        ] GC(17065) Eden regions: 8->0(9)
[2020-12-21T19:11:45.257-0500][gc,heap        ] GC(17065) Survivor regions: 1->0(2)
[2020-12-21T19:11:45.257-0500][gc,heap        ] GC(17065) Old regions: 41->42
[2020-12-21T19:11:45.257-0500][gc,heap        ] GC(17065) Humongous regions: 4->4
[2020-12-21T19:11:45.257-0500][gc,metaspace   ] GC(17065) Metaspace: 49949K->49949K(1093632K)
[2020-12-21T19:11:45.257-0500][gc,heap        ] GC(17065) Heap after GC invocations=17066 (full 3488): garbage-first heap   total 64512K, used 43223K [0x0000000083000000, 0x0000000100000000)
[2020-12-21T19:11:45.257-0500][gc,heap        ] GC(17065)   region size 1024K, 0 young (0K), 0 survivors (0K)
[2020-12-21T19:11:45.257-0500][gc,heap        ] GC(17065)  Metaspace       used 49949K, capacity 52104K, committed 53632K, reserved 1093632K
[2020-12-21T19:11:45.257-0500][gc,heap        ] GC(17065)   class space    used 7422K, capacity 8193K, committed 8832K, reserved 1048576K
[2020-12-21T19:11:45.257-0500][gc             ] GC(17065) Pause Full (System.gc()) 49M->42M(63M) 65.230ms
[2020-12-21T19:11:45.257-0500][gc,cpu         ] GC(17065) User=0.28s Sys=0.00s Real=0.06s
