[2020-12-09T10:52:46.927-0500][gc,heap] Heap region size: 1M
[2020-12-09T10:52:46.927-0500][gc,heap] Minimum heap 33554432  Initial heap 33554432  Maximum heap 2097152000
[2020-12-09T10:52:46.934-0500][gc     ] Using G1
[2020-12-09T10:52:46.934-0500][gc,heap,coops] Heap address: 0x0000000083000000, size: 2000 MB, Compressed Oops mode: 32-bit
[2020-12-09T10:52:46.935-0500][gc,cds       ] Mark closed archive regions in map: [0x00000000fff00000, 0x00000000fff69ff8]
[2020-12-09T10:52:46.935-0500][gc,cds       ] Mark open archive regions in map: [0x00000000ffe00000, 0x00000000ffe46ff8]
[2020-12-09T10:52:47.733-0500][gc,heap      ] GC(0) Heap before GC invocations=0 (full 0): garbage-first heap   total 34816K, used 16068K [0x0000000083000000, 0x0000000100000000)
[2020-12-09T10:52:47.733-0500][gc,heap      ] GC(0)   region size 1024K, 14 young (14336K), 0 survivors (0K)
[2020-12-09T10:52:47.733-0500][gc,heap      ] GC(0)  Metaspace       used 4542K, capacity 5333K, committed 5504K, reserved 1056768K
[2020-12-09T10:52:47.733-0500][gc,heap      ] GC(0)   class space    used 510K, capacity 570K, committed 640K, reserved 1048576K
[2020-12-09T10:52:47.733-0500][gc,start     ] GC(0) Pause Young (Normal) (G1 Evacuation Pause)
[2020-12-09T10:52:47.734-0500][gc,task      ] GC(0) Using 2 workers of 8 for evacuation
[2020-12-09T10:52:47.822-0500][gc,phases    ] GC(0)   Pre Evacuate Collection Set: 0.0ms
[2020-12-09T10:52:47.822-0500][gc,phases    ] GC(0)   Evacuate Collection Set: 86.9ms
[2020-12-09T10:52:47.822-0500][gc,phases    ] GC(0)   Post Evacuate Collection Set: 0.8ms
[2020-12-09T10:52:47.822-0500][gc,phases    ] GC(0)   Other: 0.5ms
[2020-12-09T10:52:47.822-0500][gc,heap      ] GC(0) Eden regions: 14->0(11)
[2020-12-09T10:52:47.822-0500][gc,heap      ] GC(0) Survivor regions: 0->2(2)
[2020-12-09T10:52:47.822-0500][gc,heap      ] GC(0) Old regions: 2->4
[2020-12-09T10:52:47.822-0500][gc,heap      ] GC(0) Humongous regions: 1->1
[2020-12-09T10:52:47.822-0500][gc,metaspace ] GC(0) Metaspace: 4542K->4542K(1056768K)
[2020-12-09T10:52:47.822-0500][gc,heap      ] GC(0) Heap after GC invocations=1 (full 0): garbage-first heap   total 34816K, used 5413K [0x0000000083000000, 0x0000000100000000)
[2020-12-09T10:52:47.822-0500][gc,heap      ] GC(0)   region size 1024K, 2 young (2048K), 2 survivors (2048K)
[2020-12-09T10:52:47.822-0500][gc,heap      ] GC(0)  Metaspace       used 4542K, capacity 5333K, committed 5504K, reserved 1056768K
[2020-12-09T10:52:47.822-0500][gc,heap      ] GC(0)   class space    used 510K, capacity 570K, committed 640K, reserved 1048576K
[2020-12-09T10:52:47.822-0500][gc           ] GC(0) Pause Young (Normal) (G1 Evacuation Pause) 15M->5M(34M) 88.402ms
[2020-12-09T10:52:47.822-0500][gc,cpu       ] GC(0) User=0.03s Sys=0.15s Real=0.09s
[2020-12-09T10:52:48.011-0500][gc,heap,exit ] Heap
[2020-12-09T10:52:48.011-0500][gc,heap,exit ]  garbage-first heap   total 34816K, used 15653K [0x0000000083000000, 0x0000000100000000)
[2020-12-09T10:52:48.011-0500][gc,heap,exit ]   region size 1024K, 10 young (10240K), 2 survivors (2048K)
[2020-12-09T10:52:48.011-0500][gc,heap,exit ]  Metaspace       used 5938K, capacity 6280K, committed 6400K, reserved 1056768K
[2020-12-09T10:52:48.011-0500][gc,heap,exit ]   class space    used 654K, capacity 764K, committed 768K, reserved 1048576K
