[2020-12-29T00:00:49.061-0500][gc,heap        ] GC(24030) Heap before GC invocations=24030 (full 5561): garbage-first heap   total 64512K, used 50548K [0x0000000083000000, 0x0000000100000000)
[2020-12-29T00:00:49.061-0500][gc,heap        ] GC(24030)   region size 1024K, 9 young (9216K), 1 survivors (1024K)
[2020-12-29T00:00:49.061-0500][gc,heap        ] GC(24030)  Metaspace       used 50315K, capacity 52468K, committed 53888K, reserved 1093632K
[2020-12-29T00:00:49.061-0500][gc,heap        ] GC(24030)   class space    used 7457K, capacity 8250K, committed 8832K, reserved 1048576K
[2020-12-29T00:00:49.061-0500][gc,start       ] GC(24030) Pause Young (Normal) (G1 Evacuation Pause)
[2020-12-29T00:00:49.061-0500][gc,task        ] GC(24030) Using 8 workers of 8 for evacuation
[2020-12-29T00:00:49.064-0500][gc,phases      ] GC(24030)   Pre Evacuate Collection Set: 0.0ms
[2020-12-29T00:00:49.064-0500][gc,phases      ] GC(24030)   Evacuate Collection Set: 0.9ms
[2020-12-29T00:00:49.064-0500][gc,phases      ] GC(24030)   Post Evacuate Collection Set: 1.1ms
[2020-12-29T00:00:49.064-0500][gc,phases      ] GC(24030)   Other: 0.4ms
[2020-12-29T00:00:49.064-0500][gc,heap        ] GC(24030) Eden regions: 8->0(8)
[2020-12-29T00:00:49.064-0500][gc,heap        ] GC(24030) Survivor regions: 1->1(2)
[2020-12-29T00:00:49.064-0500][gc,heap        ] GC(24030) Old regions: 42->42
[2020-12-29T00:00:49.064-0500][gc,heap        ] GC(24030) Humongous regions: 4->4
[2020-12-29T00:00:49.064-0500][gc,metaspace   ] GC(24030) Metaspace: 50315K->50315K(1093632K)
[2020-12-29T00:00:49.064-0500][gc,heap        ] GC(24030) Heap after GC invocations=24031 (full 5561): garbage-first heap   total 64512K, used 43403K [0x0000000083000000, 0x0000000100000000)
[2020-12-29T00:00:49.064-0500][gc,heap        ] GC(24030)   region size 1024K, 1 young (1024K), 1 survivors (1024K)
[2020-12-29T00:00:49.064-0500][gc,heap        ] GC(24030)  Metaspace       used 50315K, capacity 52468K, committed 53888K, reserved 1093632K
[2020-12-29T00:00:49.064-0500][gc,heap        ] GC(24030)   class space    used 7457K, capacity 8250K, committed 8832K, reserved 1048576K
[2020-12-29T00:00:49.064-0500][gc             ] GC(24030) Pause Young (Normal) (G1 Evacuation Pause) 50M->42M(63M) 2.271ms
[2020-12-29T00:00:49.064-0500][gc,cpu         ] GC(24030) User=0.00s Sys=0.01s Real=0.00s
[2020-12-29T00:01:45.190-0500][gc,task        ] GC(24031) Using 5 workers of 8 for full compaction
[2020-12-29T00:01:45.190-0500][gc,start       ] GC(24031) Pause Full (System.gc())
[2020-12-29T00:01:45.190-0500][gc,heap        ] GC(24031) Heap before GC invocations=24031 (full 5561): garbage-first heap   total 64512K, used 46475K [0x0000000083000000, 0x0000000100000000)
[2020-12-29T00:01:45.190-0500][gc,heap        ] GC(24031)   region size 1024K, 5 young (5120K), 1 survivors (1024K)
[2020-12-29T00:01:45.190-0500][gc,heap        ] GC(24031)  Metaspace       used 50315K, capacity 52468K, committed 53888K, reserved 1093632K
[2020-12-29T00:01:45.190-0500][gc,heap        ] GC(24031)   class space    used 7457K, capacity 8250K, committed 8832K, reserved 1048576K
[2020-12-29T00:01:45.191-0500][gc,phases,start] GC(24031) Phase 1: Mark live objects
[2020-12-29T00:01:45.230-0500][gc,stringtable ] GC(24031) Cleaned string and symbol table, strings: 33320 processed, 4 removed, symbols: 120973 processed, 0 removed
[2020-12-29T00:01:45.231-0500][gc,phases      ] GC(24031) Phase 1: Mark live objects 39.850ms
[2020-12-29T00:01:45.231-0500][gc,phases,start] GC(24031) Phase 2: Prepare for compaction
[2020-12-29T00:01:45.237-0500][gc,phases      ] GC(24031) Phase 2: Prepare for compaction 5.981ms
[2020-12-29T00:01:45.237-0500][gc,phases,start] GC(24031) Phase 3: Adjust pointers
[2020-12-29T00:01:45.246-0500][gc,phases      ] GC(24031) Phase 3: Adjust pointers 9.520ms
[2020-12-29T00:01:45.246-0500][gc,phases,start] GC(24031) Phase 4: Compact heap
[2020-12-29T00:01:45.254-0500][gc,phases      ] GC(24031) Phase 4: Compact heap 7.376ms
[2020-12-29T00:01:45.258-0500][gc,heap        ] GC(24031) Eden regions: 4->0(8)
[2020-12-29T00:01:45.258-0500][gc,heap        ] GC(24031) Survivor regions: 1->0(2)
[2020-12-29T00:01:45.258-0500][gc,heap        ] GC(24031) Old regions: 42->43
[2020-12-29T00:01:45.258-0500][gc,heap        ] GC(24031) Humongous regions: 4->4
[2020-12-29T00:01:45.258-0500][gc,metaspace   ] GC(24031) Metaspace: 50315K->50315K(1093632K)
[2020-12-29T00:01:45.258-0500][gc,heap        ] GC(24031) Heap after GC invocations=24032 (full 5562): garbage-first heap   total 64512K, used 43335K [0x0000000083000000, 0x0000000100000000)
[2020-12-29T00:01:45.258-0500][gc,heap        ] GC(24031)   region size 1024K, 0 young (0K), 0 survivors (0K)
[2020-12-29T00:01:45.258-0500][gc,heap        ] GC(24031)  Metaspace       used 50315K, capacity 52468K, committed 53888K, reserved 1093632K
[2020-12-29T00:01:45.258-0500][gc,heap        ] GC(24031)   class space    used 7457K, capacity 8250K, committed 8832K, reserved 1048576K
[2020-12-29T00:01:45.258-0500][gc             ] GC(24031) Pause Full (System.gc()) 46M->42M(63M) 67.654ms
[2020-12-29T00:01:45.258-0500][gc,cpu         ] GC(24031) User=0.29s Sys=0.00s Real=0.07s
[2020-12-29T00:03:39.064-0500][gc,heap        ] GC(24032) Heap before GC invocations=24032 (full 5562): garbage-first heap   total 64512K, used 50503K [0x0000000083000000, 0x0000000100000000)
[2020-12-29T00:03:39.064-0500][gc,heap        ] GC(24032)   region size 1024K, 8 young (8192K), 0 survivors (0K)
[2020-12-29T00:03:39.064-0500][gc,heap        ] GC(24032)  Metaspace       used 50315K, capacity 52468K, committed 53888K, reserved 1093632K
[2020-12-29T00:03:39.064-0500][gc,heap        ] GC(24032)   class space    used 7457K, capacity 8250K, committed 8832K, reserved 1048576K
[2020-12-29T00:03:39.064-0500][gc,start       ] GC(24032) Pause Young (Normal) (G1 Evacuation Pause)
[2020-12-29T00:03:39.064-0500][gc,task        ] GC(24032) Using 8 workers of 8 for evacuation
[2020-12-29T00:03:39.071-0500][gc,phases      ] GC(24032)   Pre Evacuate Collection Set: 0.0ms
[2020-12-29T00:03:39.071-0500][gc,phases      ] GC(24032)   Evacuate Collection Set: 4.0ms
[2020-12-29T00:03:39.071-0500][gc,phases      ] GC(24032)   Post Evacuate Collection Set: 2.8ms
[2020-12-29T00:03:39.071-0500][gc,phases      ] GC(24032)   Other: 0.8ms
[2020-12-29T00:03:39.071-0500][gc,heap        ] GC(24032) Eden regions: 8->0(7)
[2020-12-29T00:03:39.071-0500][gc,heap        ] GC(24032) Survivor regions: 0->1(1)
[2020-12-29T00:03:39.071-0500][gc,heap        ] GC(24032) Old regions: 43->43
[2020-12-29T00:03:39.072-0500][gc,heap        ] GC(24032) Humongous regions: 4->4
[2020-12-29T00:03:39.072-0500][gc,metaspace   ] GC(24032) Metaspace: 50315K->50315K(1093632K)
[2020-12-29T00:03:39.072-0500][gc,heap        ] GC(24032) Heap after GC invocations=24033 (full 5562): garbage-first heap   total 64512K, used 43422K [0x0000000083000000, 0x0000000100000000)
[2020-12-29T00:03:39.072-0500][gc,heap        ] GC(24032)   region size 1024K, 1 young (1024K), 1 survivors (1024K)
[2020-12-29T00:03:39.072-0500][gc,heap        ] GC(24032)  Metaspace       used 50315K, capacity 52468K, committed 53888K, reserved 1093632K
[2020-12-29T00:03:39.072-0500][gc,heap        ] GC(24032)   class space    used 7457K, capacity 8250K, committed 8832K, reserved 1048576K
[2020-12-29T00:03:39.072-0500][gc             ] GC(24032) Pause Young (Normal) (G1 Evacuation Pause) 50M->42M(63M) 7.542ms
[2020-12-29T00:03:39.072-0500][gc,cpu         ] GC(24032) User=0.04s Sys=0.00s Real=0.01s
[2020-12-29T00:05:19.069-0500][gc,heap        ] GC(24033) Heap before GC invocations=24033 (full 5562): garbage-first heap   total 64512K, used 49566K [0x0000000083000000, 0x0000000100000000)
[2020-12-29T00:05:19.069-0500][gc,heap        ] GC(24033)   region size 1024K, 8 young (8192K), 1 survivors (1024K)
[2020-12-29T00:05:19.069-0500][gc,heap        ] GC(24033)  Metaspace       used 50315K, capacity 52468K, committed 53888K, reserved 1093632K
[2020-12-29T00:05:19.069-0500][gc,heap        ] GC(24033)   class space    used 7457K, capacity 8250K, committed 8832K, reserved 1048576K
[2020-12-29T00:05:19.069-0500][gc,start       ] GC(24033) Pause Young (Normal) (G1 Evacuation Pause)
[2020-12-29T00:05:19.069-0500][gc,task        ] GC(24033) Using 8 workers of 8 for evacuation
[2020-12-29T00:05:19.075-0500][gc,phases      ] GC(24033)   Pre Evacuate Collection Set: 0.4ms
[2020-12-29T00:05:19.075-0500][gc,phases      ] GC(24033)   Evacuate Collection Set: 2.3ms
[2020-12-29T00:05:19.075-0500][gc,phases      ] GC(24033)   Post Evacuate Collection Set: 2.7ms
[2020-12-29T00:05:19.075-0500][gc,phases      ] GC(24033)   Other: 0.5ms
[2020-12-29T00:05:19.075-0500][gc,heap        ] GC(24033) Eden regions: 7->0(7)
[2020-12-29T00:05:19.075-0500][gc,heap        ] GC(24033) Survivor regions: 1->1(1)
[2020-12-29T00:05:19.075-0500][gc,heap        ] GC(24033) Old regions: 43->43
[2020-12-29T00:05:19.075-0500][gc,heap        ] GC(24033) Humongous regions: 4->4
[2020-12-29T00:05:19.075-0500][gc,metaspace   ] GC(24033) Metaspace: 50315K->50315K(1093632K)
[2020-12-29T00:05:19.075-0500][gc,heap        ] GC(24033) Heap after GC invocations=24034 (full 5562): garbage-first heap   total 64512K, used 43407K [0x0000000083000000, 0x0000000100000000)
[2020-12-29T00:05:19.075-0500][gc,heap        ] GC(24033)   region size 1024K, 1 young (1024K), 1 survivors (1024K)
[2020-12-29T00:05:19.075-0500][gc,heap        ] GC(24033)  Metaspace       used 50315K, capacity 52468K, committed 53888K, reserved 1093632K
[2020-12-29T00:05:19.075-0500][gc,heap        ] GC(24033)   class space    used 7457K, capacity 8250K, committed 8832K, reserved 1048576K
[2020-12-29T00:05:19.075-0500][gc             ] GC(24033) Pause Young (Normal) (G1 Evacuation Pause) 49M->42M(63M) 6.032ms
[2020-12-29T00:05:19.075-0500][gc,cpu         ] GC(24033) User=0.01s Sys=0.01s Real=0.00s
[2020-12-29T00:06:45.190-0500][gc,task        ] GC(24034) Using 5 workers of 8 for full compaction
[2020-12-29T00:06:45.190-0500][gc,start       ] GC(24034) Pause Full (System.gc())
[2020-12-29T00:06:45.190-0500][gc,heap        ] GC(24034) Heap before GC invocations=24034 (full 5562): garbage-first heap   total 64512K, used 48527K [0x0000000083000000, 0x0000000100000000)
[2020-12-29T00:06:45.190-0500][gc,heap        ] GC(24034)   region size 1024K, 8 young (8192K), 1 survivors (1024K)
[2020-12-29T00:06:45.190-0500][gc,heap        ] GC(24034)  Metaspace       used 50315K, capacity 52468K, committed 53888K, reserved 1093632K
[2020-12-29T00:06:45.190-0500][gc,heap        ] GC(24034)   class space    used 7457K, capacity 8250K, committed 8832K, reserved 1048576K
[2020-12-29T00:06:45.191-0500][gc,phases,start] GC(24034) Phase 1: Mark live objects
[2020-12-29T00:06:45.232-0500][gc,stringtable ] GC(24034) Cleaned string and symbol table, strings: 33320 processed, 4 removed, symbols: 120973 processed, 0 removed
[2020-12-29T00:06:45.232-0500][gc,phases      ] GC(24034) Phase 1: Mark live objects 40.799ms
[2020-12-29T00:06:45.232-0500][gc,phases,start] GC(24034) Phase 2: Prepare for compaction
[2020-12-29T00:06:45.236-0500][gc,phases      ] GC(24034) Phase 2: Prepare for compaction 4.388ms
[2020-12-29T00:06:45.236-0500][gc,phases,start] GC(24034) Phase 3: Adjust pointers
[2020-12-29T00:06:45.245-0500][gc,phases      ] GC(24034) Phase 3: Adjust pointers 9.344ms
[2020-12-29T00:06:45.246-0500][gc,phases,start] GC(24034) Phase 4: Compact heap
[2020-12-29T00:06:45.248-0500][gc,phases      ] GC(24034) Phase 4: Compact heap 2.754ms
[2020-12-29T00:06:45.252-0500][gc,heap        ] GC(24034) Eden regions: 7->0(9)
[2020-12-29T00:06:45.252-0500][gc,heap        ] GC(24034) Survivor regions: 1->0(1)
[2020-12-29T00:06:45.252-0500][gc,heap        ] GC(24034) Old regions: 43->42
[2020-12-29T00:06:45.252-0500][gc,heap        ] GC(24034) Humongous regions: 4->4
[2020-12-29T00:06:45.252-0500][gc,metaspace   ] GC(24034) Metaspace: 50315K->50315K(1093632K)
[2020-12-29T00:06:45.252-0500][gc,heap        ] GC(24034) Heap after GC invocations=24035 (full 5563): garbage-first heap   total 64512K, used 43348K [0x0000000083000000, 0x0000000100000000)
[2020-12-29T00:06:45.253-0500][gc,heap        ] GC(24034)   region size 1024K, 0 young (0K), 0 survivors (0K)
[2020-12-29T00:06:45.253-0500][gc,heap        ] GC(24034)  Metaspace       used 50315K, capacity 52468K, committed 53888K, reserved 1093632K
[2020-12-29T00:06:45.253-0500][gc,heap        ] GC(24034)   class space    used 7457K, capacity 8250K, committed 8832K, reserved 1048576K
[2020-12-29T00:06:45.253-0500][gc             ] GC(24034) Pause Full (System.gc()) 48M->42M(63M) 62.274ms
[2020-12-29T00:06:45.253-0500][gc,cpu         ] GC(24034) User=0.26s Sys=0.00s Real=0.06s
[2020-12-29T00:08:49.060-0500][gc,heap        ] GC(24035) Heap before GC invocations=24035 (full 5563): garbage-first heap   total 64512K, used 51540K [0x0000000083000000, 0x0000000100000000)
[2020-12-29T00:08:49.060-0500][gc,heap        ] GC(24035)   region size 1024K, 9 young (9216K), 0 survivors (0K)
[2020-12-29T00:08:49.060-0500][gc,heap        ] GC(24035)  Metaspace       used 50315K, capacity 52468K, committed 53888K, reserved 1093632K
[2020-12-29T00:08:49.060-0500][gc,heap        ] GC(24035)   class space    used 7457K, capacity 8250K, committed 8832K, reserved 1048576K
[2020-12-29T00:08:49.060-0500][gc,start       ] GC(24035) Pause Young (Normal) (G1 Evacuation Pause)
[2020-12-29T00:08:49.060-0500][gc,task        ] GC(24035) Using 8 workers of 8 for evacuation
[2020-12-29T00:08:49.064-0500][gc,phases      ] GC(24035)   Pre Evacuate Collection Set: 0.0ms
[2020-12-29T00:08:49.064-0500][gc,phases      ] GC(24035)   Evacuate Collection Set: 0.7ms
[2020-12-29T00:08:49.064-0500][gc,phases      ] GC(24035)   Post Evacuate Collection Set: 2.9ms
[2020-12-29T00:08:49.064-0500][gc,phases      ] GC(24035)   Other: 0.2ms
[2020-12-29T00:08:49.064-0500][gc,heap        ] GC(24035) Eden regions: 9->0(8)
[2020-12-29T00:08:49.064-0500][gc,heap        ] GC(24035) Survivor regions: 0->1(2)
[2020-12-29T00:08:49.064-0500][gc,heap        ] GC(24035) Old regions: 42->42
[2020-12-29T00:08:49.064-0500][gc,heap        ] GC(24035) Humongous regions: 4->4
[2020-12-29T00:08:49.064-0500][gc,metaspace   ] GC(24035) Metaspace: 50315K->50315K(1093632K)
[2020-12-29T00:08:49.064-0500][gc,heap        ] GC(24035) Heap after GC invocations=24036 (full 5563): garbage-first heap   total 64512K, used 43456K [0x0000000083000000, 0x0000000100000000)
[2020-12-29T00:08:49.064-0500][gc,heap        ] GC(24035)   region size 1024K, 1 young (1024K), 1 survivors (1024K)
[2020-12-29T00:08:49.064-0500][gc,heap        ] GC(24035)  Metaspace       used 50315K, capacity 52468K, committed 53888K, reserved 1093632K
[2020-12-29T00:08:49.064-0500][gc,heap        ] GC(24035)   class space    used 7457K, capacity 8250K, committed 8832K, reserved 1048576K
[2020-12-29T00:08:49.064-0500][gc             ] GC(24035) Pause Young (Normal) (G1 Evacuation Pause) 51M->42M(63M) 3.997ms
[2020-12-29T00:08:49.064-0500][gc,cpu         ] GC(24035) User=0.02s Sys=0.00s Real=0.00s
[2020-12-29T00:10:39.826-0500][gc,heap        ] GC(24036) Heap before GC invocations=24036 (full 5563): garbage-first heap   total 64512K, used 51648K [0x0000000083000000, 0x0000000100000000)
[2020-12-29T00:10:39.826-0500][gc,heap        ] GC(24036)   region size 1024K, 9 young (9216K), 1 survivors (1024K)
[2020-12-29T00:10:39.826-0500][gc,heap        ] GC(24036)  Metaspace       used 50315K, capacity 52468K, committed 53888K, reserved 1093632K
[2020-12-29T00:10:39.826-0500][gc,heap        ] GC(24036)   class space    used 7457K, capacity 8250K, committed 8832K, reserved 1048576K
[2020-12-29T00:10:39.826-0500][gc,start       ] GC(24036) Pause Young (Normal) (G1 Evacuation Pause)
[2020-12-29T00:10:39.826-0500][gc,task        ] GC(24036) Using 8 workers of 8 for evacuation
[2020-12-29T00:10:39.832-0500][gc,phases      ] GC(24036)   Pre Evacuate Collection Set: 0.0ms
[2020-12-29T00:10:39.832-0500][gc,phases      ] GC(24036)   Evacuate Collection Set: 4.2ms
[2020-12-29T00:10:39.832-0500][gc,phases      ] GC(24036)   Post Evacuate Collection Set: 1.4ms
[2020-12-29T00:10:39.832-0500][gc,phases      ] GC(24036)   Other: 0.4ms
[2020-12-29T00:10:39.832-0500][gc,heap        ] GC(24036) Eden regions: 8->0(8)
[2020-12-29T00:10:39.832-0500][gc,heap        ] GC(24036) Survivor regions: 1->1(2)
[2020-12-29T00:10:39.832-0500][gc,heap        ] GC(24036) Old regions: 42->42
[2020-12-29T00:10:39.832-0500][gc,heap        ] GC(24036) Humongous regions: 4->4
[2020-12-29T00:10:39.832-0500][gc,metaspace   ] GC(24036) Metaspace: 50315K->50315K(1093632K)
[2020-12-29T00:10:39.832-0500][gc,heap        ] GC(24036) Heap after GC invocations=24037 (full 5563): garbage-first heap   total 64512K, used 43416K [0x0000000083000000, 0x0000000100000000)
[2020-12-29T00:10:39.832-0500][gc,heap        ] GC(24036)   region size 1024K, 1 young (1024K), 1 survivors (1024K)
[2020-12-29T00:10:39.832-0500][gc,heap        ] GC(24036)  Metaspace       used 50315K, capacity 52468K, committed 53888K, reserved 1093632K
[2020-12-29T00:10:39.832-0500][gc,heap        ] GC(24036)   class space    used 7457K, capacity 8250K, committed 8832K, reserved 1048576K
[2020-12-29T00:10:39.832-0500][gc             ] GC(24036) Pause Young (Normal) (G1 Evacuation Pause) 50M->42M(63M) 5.945ms
[2020-12-29T00:10:39.832-0500][gc,cpu         ] GC(24036) User=0.02s Sys=0.00s Real=0.01s
[2020-12-29T00:11:45.191-0500][gc,task        ] GC(24037) Using 5 workers of 8 for full compaction
[2020-12-29T00:11:45.192-0500][gc,start       ] GC(24037) Pause Full (System.gc())
[2020-12-29T00:11:45.192-0500][gc,heap        ] GC(24037) Heap before GC invocations=24037 (full 5563): garbage-first heap   total 64512K, used 48536K [0x0000000083000000, 0x0000000100000000)
[2020-12-29T00:11:45.192-0500][gc,heap        ] GC(24037)   region size 1024K, 7 young (7168K), 1 survivors (1024K)
[2020-12-29T00:11:45.192-0500][gc,heap        ] GC(24037)  Metaspace       used 50315K, capacity 52468K, committed 53888K, reserved 1093632K
[2020-12-29T00:11:45.192-0500][gc,heap        ] GC(24037)   class space    used 7457K, capacity 8250K, committed 8832K, reserved 1048576K
[2020-12-29T00:11:45.192-0500][gc,phases,start] GC(24037) Phase 1: Mark live objects
[2020-12-29T00:11:45.233-0500][gc,stringtable ] GC(24037) Cleaned string and symbol table, strings: 33320 processed, 4 removed, symbols: 120973 processed, 0 removed
[2020-12-29T00:11:45.233-0500][gc,phases      ] GC(24037) Phase 1: Mark live objects 40.496ms
[2020-12-29T00:11:45.233-0500][gc,phases,start] GC(24037) Phase 2: Prepare for compaction
[2020-12-29T00:11:45.236-0500][gc,phases      ] GC(24037) Phase 2: Prepare for compaction 3.352ms
[2020-12-29T00:11:45.236-0500][gc,phases,start] GC(24037) Phase 3: Adjust pointers
[2020-12-29T00:11:45.246-0500][gc,phases      ] GC(24037) Phase 3: Adjust pointers 9.958ms
[2020-12-29T00:11:45.246-0500][gc,phases,start] GC(24037) Phase 4: Compact heap
[2020-12-29T00:11:45.249-0500][gc,phases      ] GC(24037) Phase 4: Compact heap 2.833ms
[2020-12-29T00:11:45.253-0500][gc,heap        ] GC(24037) Eden regions: 6->0(9)
[2020-12-29T00:11:45.253-0500][gc,heap        ] GC(24037) Survivor regions: 1->0(2)
[2020-12-29T00:11:45.253-0500][gc,heap        ] GC(24037) Old regions: 42->42
[2020-12-29T00:11:45.253-0500][gc,heap        ] GC(24037) Humongous regions: 4->4
[2020-12-29T00:11:45.253-0500][gc,metaspace   ] GC(24037) Metaspace: 50315K->50315K(1093632K)
[2020-12-29T00:11:45.253-0500][gc,heap        ] GC(24037) Heap after GC invocations=24038 (full 5564): garbage-first heap   total 64512K, used 43348K [0x0000000083000000, 0x0000000100000000)
[2020-12-29T00:11:45.253-0500][gc,heap        ] GC(24037)   region size 1024K, 0 young (0K), 0 survivors (0K)
[2020-12-29T00:11:45.253-0500][gc,heap        ] GC(24037)  Metaspace       used 50315K, capacity 52468K, committed 53888K, reserved 1093632K
[2020-12-29T00:11:45.253-0500][gc,heap        ] GC(24037)   class space    used 7457K, capacity 8250K, committed 8832K, reserved 1048576K
[2020-12-29T00:11:45.253-0500][gc             ] GC(24037) Pause Full (System.gc()) 47M->42M(63M) 61.871ms
[2020-12-29T00:11:45.253-0500][gc,cpu         ] GC(24037) User=0.27s Sys=0.00s Real=0.06s
[2020-12-29T00:13:49.912-0500][gc,heap        ] GC(24038) Heap before GC invocations=24038 (full 5564): garbage-first heap   total 64512K, used 52564K [0x0000000083000000, 0x0000000100000000)
[2020-12-29T00:13:49.912-0500][gc,heap        ] GC(24038)   region size 1024K, 9 young (9216K), 0 survivors (0K)
[2020-12-29T00:13:49.912-0500][gc,heap        ] GC(24038)  Metaspace       used 50315K, capacity 52468K, committed 53888K, reserved 1093632K
[2020-12-29T00:13:49.912-0500][gc,heap        ] GC(24038)   class space    used 7457K, capacity 8250K, committed 8832K, reserved 1048576K
[2020-12-29T00:13:49.912-0500][gc,start       ] GC(24038) Pause Young (Normal) (G1 Evacuation Pause)
[2020-12-29T00:13:49.912-0500][gc,task        ] GC(24038) Using 8 workers of 8 for evacuation
[2020-12-29T00:13:49.914-0500][gc,phases      ] GC(24038)   Pre Evacuate Collection Set: 0.0ms
[2020-12-29T00:13:49.914-0500][gc,phases      ] GC(24038)   Evacuate Collection Set: 0.7ms
[2020-12-29T00:13:49.914-0500][gc,phases      ] GC(24038)   Post Evacuate Collection Set: 0.9ms
[2020-12-29T00:13:49.914-0500][gc,phases      ] GC(24038)   Other: 0.4ms
[2020-12-29T00:13:49.914-0500][gc,heap        ] GC(24038) Eden regions: 9->0(8)
[2020-12-29T00:13:49.914-0500][gc,heap        ] GC(24038) Survivor regions: 0->1(2)
[2020-12-29T00:13:49.914-0500][gc,heap        ] GC(24038) Old regions: 42->42
[2020-12-29T00:13:49.914-0500][gc,heap        ] GC(24038) Humongous regions: 4->4
[2020-12-29T00:13:49.914-0500][gc,metaspace   ] GC(24038) Metaspace: 50315K->50315K(1093632K)
[2020-12-29T00:13:49.914-0500][gc,heap        ] GC(24038) Heap after GC invocations=24039 (full 5564): garbage-first heap   total 64512K, used 43422K [0x0000000083000000, 0x0000000100000000)
[2020-12-29T00:13:49.914-0500][gc,heap        ] GC(24038)   region size 1024K, 1 young (1024K), 1 survivors (1024K)
[2020-12-29T00:13:49.914-0500][gc,heap        ] GC(24038)  Metaspace       used 50315K, capacity 52468K, committed 53888K, reserved 1093632K
[2020-12-29T00:13:49.914-0500][gc,heap        ] GC(24038)   class space    used 7457K, capacity 8250K, committed 8832K, reserved 1048576K
[2020-12-29T00:13:49.914-0500][gc             ] GC(24038) Pause Young (Normal) (G1 Evacuation Pause) 51M->42M(63M) 1.876ms
[2020-12-29T00:13:49.914-0500][gc,cpu         ] GC(24038) User=0.00s Sys=0.01s Real=0.00s
[2020-12-29T00:15:49.061-0500][gc,heap        ] GC(24039) Heap before GC invocations=24039 (full 5564): garbage-first heap   total 64512K, used 50590K [0x0000000083000000, 0x0000000100000000)
[2020-12-29T00:15:49.061-0500][gc,heap        ] GC(24039)   region size 1024K, 9 young (9216K), 1 survivors (1024K)
[2020-12-29T00:15:49.061-0500][gc,heap        ] GC(24039)  Metaspace       used 50315K, capacity 52468K, committed 53888K, reserved 1093632K
[2020-12-29T00:15:49.061-0500][gc,heap        ] GC(24039)   class space    used 7457K, capacity 8250K, committed 8832K, reserved 1048576K
[2020-12-29T00:15:49.061-0500][gc,start       ] GC(24039) Pause Young (Normal) (G1 Evacuation Pause)
[2020-12-29T00:15:49.061-0500][gc,task        ] GC(24039) Using 8 workers of 8 for evacuation
[2020-12-29T00:15:49.099-0500][gc,phases      ] GC(24039)   Pre Evacuate Collection Set: 0.0ms
[2020-12-29T00:15:49.099-0500][gc,phases      ] GC(24039)   Evacuate Collection Set: 34.2ms
[2020-12-29T00:15:49.099-0500][gc,phases      ] GC(24039)   Post Evacuate Collection Set: 3.2ms
[2020-12-29T00:15:49.099-0500][gc,phases      ] GC(24039)   Other: 0.5ms
[2020-12-29T00:15:49.099-0500][gc,heap        ] GC(24039) Eden regions: 8->0(8)
[2020-12-29T00:15:49.099-0500][gc,heap        ] GC(24039) Survivor regions: 1->1(2)
[2020-12-29T00:15:49.099-0500][gc,heap        ] GC(24039) Old regions: 42->42
[2020-12-29T00:15:49.099-0500][gc,heap        ] GC(24039) Humongous regions: 4->4
[2020-12-29T00:15:49.099-0500][gc,metaspace   ] GC(24039) Metaspace: 50315K->50315K(1093632K)
[2020-12-29T00:15:49.099-0500][gc,heap        ] GC(24039) Heap after GC invocations=24040 (full 5564): garbage-first heap   total 64512K, used 43443K [0x0000000083000000, 0x0000000100000000)
[2020-12-29T00:15:49.099-0500][gc,heap        ] GC(24039)   region size 1024K, 1 young (1024K), 1 survivors (1024K)
[2020-12-29T00:15:49.099-0500][gc,heap        ] GC(24039)  Metaspace       used 50315K, capacity 52468K, committed 53888K, reserved 1093632K
[2020-12-29T00:15:49.099-0500][gc,heap        ] GC(24039)   class space    used 7457K, capacity 8250K, committed 8832K, reserved 1048576K
[2020-12-29T00:15:49.099-0500][gc             ] GC(24039) Pause Young (Normal) (G1 Evacuation Pause) 50M->42M(63M) 37.833ms
[2020-12-29T00:15:49.099-0500][gc,cpu         ] GC(24039) User=0.29s Sys=0.00s Real=0.04s
[2020-12-29T00:16:45.192-0500][gc,task        ] GC(24040) Using 5 workers of 8 for full compaction
[2020-12-29T00:16:45.192-0500][gc,start       ] GC(24040) Pause Full (System.gc())
[2020-12-29T00:16:45.192-0500][gc,heap        ] GC(24040) Heap before GC invocations=24040 (full 5564): garbage-first heap   total 64512K, used 47539K [0x0000000083000000, 0x0000000100000000)
[2020-12-29T00:16:45.192-0500][gc,heap        ] GC(24040)   region size 1024K, 6 young (6144K), 1 survivors (1024K)
[2020-12-29T00:16:45.192-0500][gc,heap        ] GC(24040)  Metaspace       used 50315K, capacity 52468K, committed 53888K, reserved 1093632K
[2020-12-29T00:16:45.192-0500][gc,heap        ] GC(24040)   class space    used 7457K, capacity 8250K, committed 8832K, reserved 1048576K
[2020-12-29T00:16:45.193-0500][gc,phases,start] GC(24040) Phase 1: Mark live objects
[2020-12-29T00:16:45.230-0500][gc,stringtable ] GC(24040) Cleaned string and symbol table, strings: 33320 processed, 4 removed, symbols: 120973 processed, 0 removed
[2020-12-29T00:16:45.230-0500][gc,phases      ] GC(24040) Phase 1: Mark live objects 36.947ms
[2020-12-29T00:16:45.230-0500][gc,phases,start] GC(24040) Phase 2: Prepare for compaction
[2020-12-29T00:16:45.233-0500][gc,phases      ] GC(24040) Phase 2: Prepare for compaction 3.187ms
[2020-12-29T00:16:45.233-0500][gc,phases,start] GC(24040) Phase 3: Adjust pointers
[2020-12-29T00:16:45.244-0500][gc,phases      ] GC(24040) Phase 3: Adjust pointers 11.044ms
[2020-12-29T00:16:45.244-0500][gc,phases,start] GC(24040) Phase 4: Compact heap
[2020-12-29T00:16:45.247-0500][gc,phases      ] GC(24040) Phase 4: Compact heap 3.253ms
[2020-12-29T00:16:45.251-0500][gc,heap        ] GC(24040) Eden regions: 5->0(10)
[2020-12-29T00:16:45.251-0500][gc,heap        ] GC(24040) Survivor regions: 1->0(2)
[2020-12-29T00:16:45.251-0500][gc,heap        ] GC(24040) Old regions: 42->41
[2020-12-29T00:16:45.251-0500][gc,heap        ] GC(24040) Humongous regions: 4->4
[2020-12-29T00:16:45.251-0500][gc,metaspace   ] GC(24040) Metaspace: 50315K->50315K(1093632K)
[2020-12-29T00:16:45.251-0500][gc,heap        ] GC(24040) Heap after GC invocations=24041 (full 5565): garbage-first heap   total 64512K, used 43335K [0x0000000083000000, 0x0000000100000000)
[2020-12-29T00:16:45.251-0500][gc,heap        ] GC(24040)   region size 1024K, 0 young (0K), 0 survivors (0K)
[2020-12-29T00:16:45.251-0500][gc,heap        ] GC(24040)  Metaspace       used 50315K, capacity 52468K, committed 53888K, reserved 1093632K
[2020-12-29T00:16:45.251-0500][gc,heap        ] GC(24040)   class space    used 7457K, capacity 8250K, committed 8832K, reserved 1048576K
[2020-12-29T00:16:45.252-0500][gc             ] GC(24040) Pause Full (System.gc()) 46M->42M(63M) 59.418ms
[2020-12-29T00:16:45.252-0500][gc,cpu         ] GC(24040) User=0.24s Sys=0.00s Real=0.06s
[2020-12-29T00:19:09.068-0500][gc,heap        ] GC(24041) Heap before GC invocations=24041 (full 5565): garbage-first heap   total 64512K, used 52551K [0x0000000083000000, 0x0000000100000000)
[2020-12-29T00:19:09.068-0500][gc,heap        ] GC(24041)   region size 1024K, 10 young (10240K), 0 survivors (0K)
[2020-12-29T00:19:09.068-0500][gc,heap        ] GC(24041)  Metaspace       used 50315K, capacity 52468K, committed 53888K, reserved 1093632K
[2020-12-29T00:19:09.068-0500][gc,heap        ] GC(24041)   class space    used 7457K, capacity 8250K, committed 8832K, reserved 1048576K
[2020-12-29T00:19:09.068-0500][gc,start       ] GC(24041) Pause Young (Normal) (G1 Evacuation Pause)
[2020-12-29T00:19:09.068-0500][gc,task        ] GC(24041) Using 8 workers of 8 for evacuation
[2020-12-29T00:19:09.075-0500][gc,phases      ] GC(24041)   Pre Evacuate Collection Set: 0.0ms
[2020-12-29T00:19:09.075-0500][gc,phases      ] GC(24041)   Evacuate Collection Set: 4.0ms
[2020-12-29T00:19:09.075-0500][gc,phases      ] GC(24041)   Post Evacuate Collection Set: 2.7ms
[2020-12-29T00:19:09.075-0500][gc,phases      ] GC(24041)   Other: 0.5ms
[2020-12-29T00:19:09.075-0500][gc,heap        ] GC(24041) Eden regions: 10->0(9)
[2020-12-29T00:19:09.075-0500][gc,heap        ] GC(24041) Survivor regions: 0->1(2)
[2020-12-29T00:19:09.075-0500][gc,heap        ] GC(24041) Old regions: 41->41
[2020-12-29T00:19:09.075-0500][gc,heap        ] GC(24041) Humongous regions: 4->4
[2020-12-29T00:19:09.075-0500][gc,metaspace   ] GC(24041) Metaspace: 50315K->50315K(1093632K)
[2020-12-29T00:19:09.075-0500][gc,heap        ] GC(24041) Heap after GC invocations=24042 (full 5565): garbage-first heap   total 64512K, used 43412K [0x0000000083000000, 0x0000000100000000)
[2020-12-29T00:19:09.075-0500][gc,heap        ] GC(24041)   region size 1024K, 1 young (1024K), 1 survivors (1024K)
[2020-12-29T00:19:09.076-0500][gc,heap        ] GC(24041)  Metaspace       used 50315K, capacity 52468K, committed 53888K, reserved 1093632K
[2020-12-29T00:19:09.076-0500][gc,heap        ] GC(24041)   class space    used 7457K, capacity 8250K, committed 8832K, reserved 1048576K
[2020-12-29T00:19:09.076-0500][gc             ] GC(24041) Pause Young (Normal) (G1 Evacuation Pause) 52M->42M(63M) 7.404ms
[2020-12-29T00:19:09.076-0500][gc,cpu         ] GC(24041) User=0.03s Sys=0.01s Real=0.00s
[2020-12-29T00:21:19.067-0500][gc,heap        ] GC(24042) Heap before GC invocations=24042 (full 5565): garbage-first heap   total 64512K, used 52628K [0x0000000083000000, 0x0000000100000000)
[2020-12-29T00:21:19.067-0500][gc,heap        ] GC(24042)   region size 1024K, 10 young (10240K), 1 survivors (1024K)
[2020-12-29T00:21:19.067-0500][gc,heap        ] GC(24042)  Metaspace       used 50315K, capacity 52468K, committed 53888K, reserved 1093632K
[2020-12-29T00:21:19.067-0500][gc,heap        ] GC(24042)   class space    used 7457K, capacity 8250K, committed 8832K, reserved 1048576K
[2020-12-29T00:21:19.067-0500][gc,start       ] GC(24042) Pause Young (Normal) (G1 Evacuation Pause)
[2020-12-29T00:21:19.067-0500][gc,task        ] GC(24042) Using 8 workers of 8 for evacuation
[2020-12-29T00:21:19.073-0500][gc,phases      ] GC(24042)   Pre Evacuate Collection Set: 0.0ms
[2020-12-29T00:21:19.074-0500][gc,phases      ] GC(24042)   Evacuate Collection Set: 2.5ms
[2020-12-29T00:21:19.074-0500][gc,phases      ] GC(24042)   Post Evacuate Collection Set: 3.7ms
[2020-12-29T00:21:19.074-0500][gc,phases      ] GC(24042)   Other: 0.5ms
[2020-12-29T00:21:19.074-0500][gc,heap        ] GC(24042) Eden regions: 9->0(9)
[2020-12-29T00:21:19.074-0500][gc,heap        ] GC(24042) Survivor regions: 1->1(2)
[2020-12-29T00:21:19.074-0500][gc,heap        ] GC(24042) Old regions: 41->41
[2020-12-29T00:21:19.074-0500][gc,heap        ] GC(24042) Humongous regions: 4->4
[2020-12-29T00:21:19.074-0500][gc,metaspace   ] GC(24042) Metaspace: 50315K->50315K(1093632K)
[2020-12-29T00:21:19.074-0500][gc,heap        ] GC(24042) Heap after GC invocations=24043 (full 5565): garbage-first heap   total 64512K, used 43415K [0x0000000083000000, 0x0000000100000000)
[2020-12-29T00:21:19.074-0500][gc,heap        ] GC(24042)   region size 1024K, 1 young (1024K), 1 survivors (1024K)
[2020-12-29T00:21:19.074-0500][gc,heap        ] GC(24042)  Metaspace       used 50315K, capacity 52468K, committed 53888K, reserved 1093632K
[2020-12-29T00:21:19.074-0500][gc,heap        ] GC(24042)   class space    used 7457K, capacity 8250K, committed 8832K, reserved 1048576K
[2020-12-29T00:21:19.074-0500][gc             ] GC(24042) Pause Young (Normal) (G1 Evacuation Pause) 51M->42M(63M) 6.865ms
[2020-12-29T00:21:19.074-0500][gc,cpu         ] GC(24042) User=0.01s Sys=0.01s Real=0.01s
[2020-12-29T00:21:45.190-0500][gc,task        ] GC(24043) Using 5 workers of 8 for full compaction
[2020-12-29T00:21:45.191-0500][gc,start       ] GC(24043) Pause Full (System.gc())
[2020-12-29T00:21:45.191-0500][gc,heap        ] GC(24043) Heap before GC invocations=24043 (full 5565): garbage-first heap   total 64512K, used 44439K [0x0000000083000000, 0x0000000100000000)
[2020-12-29T00:21:45.191-0500][gc,heap        ] GC(24043)   region size 1024K, 3 young (3072K), 1 survivors (1024K)
[2020-12-29T00:21:45.191-0500][gc,heap        ] GC(24043)  Metaspace       used 50315K, capacity 52468K, committed 53888K, reserved 1093632K
[2020-12-29T00:21:45.191-0500][gc,heap        ] GC(24043)   class space    used 7457K, capacity 8250K, committed 8832K, reserved 1048576K
[2020-12-29T00:21:45.191-0500][gc,phases,start] GC(24043) Phase 1: Mark live objects
[2020-12-29T00:21:45.235-0500][gc,stringtable ] GC(24043) Cleaned string and symbol table, strings: 33320 processed, 4 removed, symbols: 120973 processed, 0 removed
[2020-12-29T00:21:45.235-0500][gc,phases      ] GC(24043) Phase 1: Mark live objects 44.085ms
[2020-12-29T00:21:45.235-0500][gc,phases,start] GC(24043) Phase 2: Prepare for compaction
[2020-12-29T00:21:45.238-0500][gc,phases      ] GC(24043) Phase 2: Prepare for compaction 3.052ms
[2020-12-29T00:21:45.238-0500][gc,phases,start] GC(24043) Phase 3: Adjust pointers
[2020-12-29T00:21:45.249-0500][gc,phases      ] GC(24043) Phase 3: Adjust pointers 10.804ms
[2020-12-29T00:21:45.249-0500][gc,phases,start] GC(24043) Phase 4: Compact heap
[2020-12-29T00:21:45.252-0500][gc,phases      ] GC(24043) Phase 4: Compact heap 2.664ms
[2020-12-29T00:21:45.256-0500][gc,heap        ] GC(24043) Eden regions: 2->0(10)
[2020-12-29T00:21:45.256-0500][gc,heap        ] GC(24043) Survivor regions: 1->0(2)
[2020-12-29T00:21:45.256-0500][gc,heap        ] GC(24043) Old regions: 41->41
[2020-12-29T00:21:45.256-0500][gc,heap        ] GC(24043) Humongous regions: 4->4
[2020-12-29T00:21:45.256-0500][gc,metaspace   ] GC(24043) Metaspace: 50315K->50315K(1093632K)
[2020-12-29T00:21:45.256-0500][gc,heap        ] GC(24043) Heap after GC invocations=24044 (full 5566): garbage-first heap   total 64512K, used 43320K [0x0000000083000000, 0x0000000100000000)
[2020-12-29T00:21:45.256-0500][gc,heap        ] GC(24043)   region size 1024K, 0 young (0K), 0 survivors (0K)
[2020-12-29T00:21:45.256-0500][gc,heap        ] GC(24043)  Metaspace       used 50315K, capacity 52468K, committed 53888K, reserved 1093632K
[2020-12-29T00:21:45.256-0500][gc,heap        ] GC(24043)   class space    used 7457K, capacity 8250K, committed 8832K, reserved 1048576K
[2020-12-29T00:21:45.256-0500][gc             ] GC(24043) Pause Full (System.gc()) 44M->42M(63M) 65.689ms
[2020-12-29T00:21:45.257-0500][gc,cpu         ] GC(24043) User=0.28s Sys=0.00s Real=0.06s
[2020-12-29T00:24:09.061-0500][gc,heap        ] GC(24044) Heap before GC invocations=24044 (full 5566): garbage-first heap   total 64512K, used 52536K [0x0000000083000000, 0x0000000100000000)
[2020-12-29T00:24:09.061-0500][gc,heap        ] GC(24044)   region size 1024K, 10 young (10240K), 0 survivors (0K)
[2020-12-29T00:24:09.061-0500][gc,heap        ] GC(24044)  Metaspace       used 50315K, capacity 52468K, committed 53888K, reserved 1093632K
[2020-12-29T00:24:09.061-0500][gc,heap        ] GC(24044)   class space    used 7457K, capacity 8250K, committed 8832K, reserved 1048576K
[2020-12-29T00:24:09.061-0500][gc,start       ] GC(24044) Pause Young (Normal) (G1 Evacuation Pause)
[2020-12-29T00:24:09.061-0500][gc,task        ] GC(24044) Using 8 workers of 8 for evacuation
[2020-12-29T00:24:09.065-0500][gc,phases      ] GC(24044)   Pre Evacuate Collection Set: 0.0ms
[2020-12-29T00:24:09.065-0500][gc,phases      ] GC(24044)   Evacuate Collection Set: 1.2ms
[2020-12-29T00:24:09.065-0500][gc,phases      ] GC(24044)   Post Evacuate Collection Set: 2.0ms
[2020-12-29T00:24:09.065-0500][gc,phases      ] GC(24044)   Other: 0.4ms
[2020-12-29T00:24:09.065-0500][gc,heap        ] GC(24044) Eden regions: 10->0(9)
[2020-12-29T00:24:09.065-0500][gc,heap        ] GC(24044) Survivor regions: 0->1(2)
[2020-12-29T00:24:09.065-0500][gc,heap        ] GC(24044) Old regions: 41->41
[2020-12-29T00:24:09.065-0500][gc,heap        ] GC(24044) Humongous regions: 4->4
[2020-12-29T00:24:09.065-0500][gc,metaspace   ] GC(24044) Metaspace: 50315K->50315K(1093632K)
[2020-12-29T00:24:09.065-0500][gc,heap        ] GC(24044) Heap after GC invocations=24045 (full 5566): garbage-first heap   total 64512K, used 43406K [0x0000000083000000, 0x0000000100000000)
[2020-12-29T00:24:09.065-0500][gc,heap        ] GC(24044)   region size 1024K, 1 young (1024K), 1 survivors (1024K)
[2020-12-29T00:24:09.065-0500][gc,heap        ] GC(24044)  Metaspace       used 50315K, capacity 52468K, committed 53888K, reserved 1093632K
[2020-12-29T00:24:09.065-0500][gc,heap        ] GC(24044)   class space    used 7457K, capacity 8250K, committed 8832K, reserved 1048576K
[2020-12-29T00:24:09.065-0500][gc             ] GC(24044) Pause Young (Normal) (G1 Evacuation Pause) 52M->42M(63M) 3.742ms
[2020-12-29T00:24:09.065-0500][gc,cpu         ] GC(24044) User=0.01s Sys=0.01s Real=0.00s
[2020-12-29T00:26:19.062-0500][gc,heap        ] GC(24045) Heap before GC invocations=24045 (full 5566): garbage-first heap   total 64512K, used 51598K [0x0000000083000000, 0x0000000100000000)
[2020-12-29T00:26:19.062-0500][gc,heap        ] GC(24045)   region size 1024K, 10 young (10240K), 1 survivors (1024K)
[2020-12-29T00:26:19.062-0500][gc,heap        ] GC(24045)  Metaspace       used 50315K, capacity 52468K, committed 53888K, reserved 1093632K
[2020-12-29T00:26:19.062-0500][gc,heap        ] GC(24045)   class space    used 7457K, capacity 8250K, committed 8832K, reserved 1048576K
[2020-12-29T00:26:19.062-0500][gc,start       ] GC(24045) Pause Young (Normal) (G1 Evacuation Pause)
[2020-12-29T00:26:19.062-0500][gc,task        ] GC(24045) Using 8 workers of 8 for evacuation
[2020-12-29T00:26:19.064-0500][gc,phases      ] GC(24045)   Pre Evacuate Collection Set: 0.0ms
[2020-12-29T00:26:19.064-0500][gc,phases      ] GC(24045)   Evacuate Collection Set: 0.6ms
[2020-12-29T00:26:19.064-0500][gc,phases      ] GC(24045)   Post Evacuate Collection Set: 0.7ms
[2020-12-29T00:26:19.064-0500][gc,phases      ] GC(24045)   Other: 0.2ms
[2020-12-29T00:26:19.064-0500][gc,heap        ] GC(24045) Eden regions: 9->0(9)
[2020-12-29T00:26:19.064-0500][gc,heap        ] GC(24045) Survivor regions: 1->1(2)
[2020-12-29T00:26:19.064-0500][gc,heap        ] GC(24045) Old regions: 41->41
[2020-12-29T00:26:19.064-0500][gc,heap        ] GC(24045) Humongous regions: 4->4
[2020-12-29T00:26:19.064-0500][gc,metaspace   ] GC(24045) Metaspace: 50315K->50315K(1093632K)
[2020-12-29T00:26:19.064-0500][gc,heap        ] GC(24045) Heap after GC invocations=24046 (full 5566): garbage-first heap   total 64512K, used 43406K [0x0000000083000000, 0x0000000100000000)
[2020-12-29T00:26:19.064-0500][gc,heap        ] GC(24045)   region size 1024K, 1 young (1024K), 1 survivors (1024K)
[2020-12-29T00:26:19.064-0500][gc,heap        ] GC(24045)  Metaspace       used 50315K, capacity 52468K, committed 53888K, reserved 1093632K
[2020-12-29T00:26:19.064-0500][gc,heap        ] GC(24045)   class space    used 7457K, capacity 8250K, committed 8832K, reserved 1048576K
[2020-12-29T00:26:19.064-0500][gc             ] GC(24045) Pause Young (Normal) (G1 Evacuation Pause) 51M->42M(63M) 1.616ms
[2020-12-29T00:26:19.064-0500][gc,cpu         ] GC(24045) User=0.00s Sys=0.00s Real=0.00s
[2020-12-29T00:26:45.190-0500][gc,task        ] GC(24046) Using 5 workers of 8 for full compaction
[2020-12-29T00:26:45.190-0500][gc,start       ] GC(24046) Pause Full (System.gc())
[2020-12-29T00:26:45.190-0500][gc,heap        ] GC(24046) Heap before GC invocations=24046 (full 5566): garbage-first heap   total 64512K, used 44430K [0x0000000083000000, 0x0000000100000000)
[2020-12-29T00:26:45.190-0500][gc,heap        ] GC(24046)   region size 1024K, 3 young (3072K), 1 survivors (1024K)
[2020-12-29T00:26:45.190-0500][gc,heap        ] GC(24046)  Metaspace       used 50315K, capacity 52468K, committed 53888K, reserved 1093632K
[2020-12-29T00:26:45.190-0500][gc,heap        ] GC(24046)   class space    used 7457K, capacity 8250K, committed 8832K, reserved 1048576K
[2020-12-29T00:26:45.191-0500][gc,phases,start] GC(24046) Phase 1: Mark live objects
[2020-12-29T00:26:45.234-0500][gc,stringtable ] GC(24046) Cleaned string and symbol table, strings: 33320 processed, 4 removed, symbols: 120973 processed, 0 removed
[2020-12-29T00:26:45.234-0500][gc,phases      ] GC(24046) Phase 1: Mark live objects 43.218ms
[2020-12-29T00:26:45.234-0500][gc,phases,start] GC(24046) Phase 2: Prepare for compaction
[2020-12-29T00:26:45.237-0500][gc,phases      ] GC(24046) Phase 2: Prepare for compaction 3.157ms
[2020-12-29T00:26:45.237-0500][gc,phases,start] GC(24046) Phase 3: Adjust pointers
[2020-12-29T00:26:45.247-0500][gc,phases      ] GC(24046) Phase 3: Adjust pointers 10.220ms
[2020-12-29T00:26:45.247-0500][gc,phases,start] GC(24046) Phase 4: Compact heap
[2020-12-29T00:26:45.250-0500][gc,phases      ] GC(24046) Phase 4: Compact heap 2.775ms
[2020-12-29T00:26:45.254-0500][gc,heap        ] GC(24046) Eden regions: 2->0(10)
[2020-12-29T00:26:45.254-0500][gc,heap        ] GC(24046) Survivor regions: 1->0(2)
[2020-12-29T00:26:45.254-0500][gc,heap        ] GC(24046) Old regions: 41->41
[2020-12-29T00:26:45.254-0500][gc,heap        ] GC(24046) Humongous regions: 4->4
[2020-12-29T00:26:45.254-0500][gc,metaspace   ] GC(24046) Metaspace: 50315K->50315K(1093632K)
[2020-12-29T00:26:45.254-0500][gc,heap        ] GC(24046) Heap after GC invocations=24047 (full 5567): garbage-first heap   total 64512K, used 43316K [0x0000000083000000, 0x0000000100000000)
[2020-12-29T00:26:45.254-0500][gc,heap        ] GC(24046)   region size 1024K, 0 young (0K), 0 survivors (0K)
[2020-12-29T00:26:45.254-0500][gc,heap        ] GC(24046)  Metaspace       used 50315K, capacity 52468K, committed 53888K, reserved 1093632K
[2020-12-29T00:26:45.254-0500][gc,heap        ] GC(24046)   class space    used 7457K, capacity 8250K, committed 8832K, reserved 1048576K
[2020-12-29T00:26:45.254-0500][gc             ] GC(24046) Pause Full (System.gc()) 43M->42M(63M) 64.289ms
[2020-12-29T00:26:45.254-0500][gc,cpu         ] GC(24046) User=0.28s Sys=0.00s Real=0.06s
[2020-12-29T00:29:09.064-0500][gc,heap        ] GC(24047) Heap before GC invocations=24047 (full 5567): garbage-first heap   total 64512K, used 52532K [0x0000000083000000, 0x0000000100000000)
[2020-12-29T00:29:09.064-0500][gc,heap        ] GC(24047)   region size 1024K, 10 young (10240K), 0 survivors (0K)
[2020-12-29T00:29:09.064-0500][gc,heap        ] GC(24047)  Metaspace       used 50315K, capacity 52468K, committed 53888K, reserved 1093632K
[2020-12-29T00:29:09.064-0500][gc,heap        ] GC(24047)   class space    used 7457K, capacity 8250K, committed 8832K, reserved 1048576K
[2020-12-29T00:29:09.064-0500][gc,start       ] GC(24047) Pause Young (Normal) (G1 Evacuation Pause)
[2020-12-29T00:29:09.064-0500][gc,task        ] GC(24047) Using 8 workers of 8 for evacuation
[2020-12-29T00:29:09.066-0500][gc,phases      ] GC(24047)   Pre Evacuate Collection Set: 0.0ms
[2020-12-29T00:29:09.066-0500][gc,phases      ] GC(24047)   Evacuate Collection Set: 0.8ms
[2020-12-29T00:29:09.066-0500][gc,phases      ] GC(24047)   Post Evacuate Collection Set: 1.4ms
[2020-12-29T00:29:09.066-0500][gc,phases      ] GC(24047)   Other: 0.2ms
[2020-12-29T00:29:09.066-0500][gc,heap        ] GC(24047) Eden regions: 10->0(9)
[2020-12-29T00:29:09.066-0500][gc,heap        ] GC(24047) Survivor regions: 0->1(2)
[2020-12-29T00:29:09.066-0500][gc,heap        ] GC(24047) Old regions: 41->41
[2020-12-29T00:29:09.066-0500][gc,heap        ] GC(24047) Humongous regions: 4->4
[2020-12-29T00:29:09.066-0500][gc,metaspace   ] GC(24047) Metaspace: 50315K->50315K(1093632K)
[2020-12-29T00:29:09.066-0500][gc,heap        ] GC(24047) Heap after GC invocations=24048 (full 5567): garbage-first heap   total 64512K, used 43413K [0x0000000083000000, 0x0000000100000000)
[2020-12-29T00:29:09.066-0500][gc,heap        ] GC(24047)   region size 1024K, 1 young (1024K), 1 survivors (1024K)
[2020-12-29T00:29:09.066-0500][gc,heap        ] GC(24047)  Metaspace       used 50315K, capacity 52468K, committed 53888K, reserved 1093632K
[2020-12-29T00:29:09.066-0500][gc,heap        ] GC(24047)   class space    used 7457K, capacity 8250K, committed 8832K, reserved 1048576K
[2020-12-29T00:29:09.066-0500][gc             ] GC(24047) Pause Young (Normal) (G1 Evacuation Pause) 52M->42M(63M) 2.502ms
[2020-12-29T00:29:09.066-0500][gc,cpu         ] GC(24047) User=0.00s Sys=0.01s Real=0.00s
[2020-12-29T00:31:23.545-0500][gc,heap        ] GC(24048) Heap before GC invocations=24048 (full 5567): garbage-first heap   total 64512K, used 51605K [0x0000000083000000, 0x0000000100000000)
[2020-12-29T00:31:23.545-0500][gc,heap        ] GC(24048)   region size 1024K, 10 young (10240K), 1 survivors (1024K)
[2020-12-29T00:31:23.545-0500][gc,heap        ] GC(24048)  Metaspace       used 50315K, capacity 52468K, committed 53888K, reserved 1093632K
[2020-12-29T00:31:23.545-0500][gc,heap        ] GC(24048)   class space    used 7457K, capacity 8250K, committed 8832K, reserved 1048576K
[2020-12-29T00:31:23.545-0500][gc,start       ] GC(24048) Pause Young (Normal) (G1 Evacuation Pause)
[2020-12-29T00:31:23.545-0500][gc,task        ] GC(24048) Using 8 workers of 8 for evacuation
[2020-12-29T00:31:23.547-0500][gc,phases      ] GC(24048)   Pre Evacuate Collection Set: 0.0ms
[2020-12-29T00:31:23.547-0500][gc,phases      ] GC(24048)   Evacuate Collection Set: 0.5ms
[2020-12-29T00:31:23.547-0500][gc,phases      ] GC(24048)   Post Evacuate Collection Set: 1.1ms
[2020-12-29T00:31:23.547-0500][gc,phases      ] GC(24048)   Other: 0.2ms
[2020-12-29T00:31:23.547-0500][gc,heap        ] GC(24048) Eden regions: 9->0(9)
[2020-12-29T00:31:23.547-0500][gc,heap        ] GC(24048) Survivor regions: 1->1(2)
[2020-12-29T00:31:23.547-0500][gc,heap        ] GC(24048) Old regions: 41->41
[2020-12-29T00:31:23.547-0500][gc,heap        ] GC(24048) Humongous regions: 4->4
[2020-12-29T00:31:23.547-0500][gc,metaspace   ] GC(24048) Metaspace: 50315K->50315K(1093632K)
[2020-12-29T00:31:23.547-0500][gc,heap        ] GC(24048) Heap after GC invocations=24049 (full 5567): garbage-first heap   total 64512K, used 43389K [0x0000000083000000, 0x0000000100000000)
[2020-12-29T00:31:23.547-0500][gc,heap        ] GC(24048)   region size 1024K, 1 young (1024K), 1 survivors (1024K)
[2020-12-29T00:31:23.547-0500][gc,heap        ] GC(24048)  Metaspace       used 50315K, capacity 52468K, committed 53888K, reserved 1093632K
[2020-12-29T00:31:23.547-0500][gc,heap        ] GC(24048)   class space    used 7457K, capacity 8250K, committed 8832K, reserved 1048576K
[2020-12-29T00:31:23.547-0500][gc             ] GC(24048) Pause Young (Normal) (G1 Evacuation Pause) 51M->42M(63M) 1.802ms
[2020-12-29T00:31:23.547-0500][gc,cpu         ] GC(24048) User=0.01s Sys=0.00s Real=0.00s
[2020-12-29T00:31:45.192-0500][gc,task        ] GC(24049) Using 5 workers of 8 for full compaction
[2020-12-29T00:31:45.192-0500][gc,start       ] GC(24049) Pause Full (System.gc())
[2020-12-29T00:31:45.192-0500][gc,heap        ] GC(24049) Heap before GC invocations=24049 (full 5567): garbage-first heap   total 64512K, used 44413K [0x0000000083000000, 0x0000000100000000)
[2020-12-29T00:31:45.192-0500][gc,heap        ] GC(24049)   region size 1024K, 3 young (3072K), 1 survivors (1024K)
[2020-12-29T00:31:45.192-0500][gc,heap        ] GC(24049)  Metaspace       used 50315K, capacity 52468K, committed 53888K, reserved 1093632K
[2020-12-29T00:31:45.192-0500][gc,heap        ] GC(24049)   class space    used 7457K, capacity 8250K, committed 8832K, reserved 1048576K
[2020-12-29T00:31:45.192-0500][gc,phases,start] GC(24049) Phase 1: Mark live objects
[2020-12-29T00:31:45.237-0500][gc,stringtable ] GC(24049) Cleaned string and symbol table, strings: 33320 processed, 4 removed, symbols: 120973 processed, 0 removed
[2020-12-29T00:31:45.237-0500][gc,phases      ] GC(24049) Phase 1: Mark live objects 44.910ms
[2020-12-29T00:31:45.237-0500][gc,phases,start] GC(24049) Phase 2: Prepare for compaction
[2020-12-29T00:31:45.242-0500][gc,phases      ] GC(24049) Phase 2: Prepare for compaction 4.185ms
[2020-12-29T00:31:45.242-0500][gc,phases,start] GC(24049) Phase 3: Adjust pointers
[2020-12-29T00:31:45.252-0500][gc,phases      ] GC(24049) Phase 3: Adjust pointers 10.507ms
[2020-12-29T00:31:45.252-0500][gc,phases,start] GC(24049) Phase 4: Compact heap
[2020-12-29T00:31:45.255-0500][gc,phases      ] GC(24049) Phase 4: Compact heap 2.761ms
[2020-12-29T00:31:45.259-0500][gc,heap        ] GC(24049) Eden regions: 2->0(8)
[2020-12-29T00:31:45.259-0500][gc,heap        ] GC(24049) Survivor regions: 1->0(2)
[2020-12-29T00:31:45.259-0500][gc,heap        ] GC(24049) Old regions: 41->43
[2020-12-29T00:31:45.259-0500][gc,heap        ] GC(24049) Humongous regions: 4->4
[2020-12-29T00:31:45.259-0500][gc,metaspace   ] GC(24049) Metaspace: 50315K->50315K(1093632K)
[2020-12-29T00:31:45.259-0500][gc,heap        ] GC(24049) Heap after GC invocations=24050 (full 5568): garbage-first heap   total 64512K, used 43314K [0x0000000083000000, 0x0000000100000000)
[2020-12-29T00:31:45.259-0500][gc,heap        ] GC(24049)   region size 1024K, 0 young (0K), 0 survivors (0K)
[2020-12-29T00:31:45.259-0500][gc,heap        ] GC(24049)  Metaspace       used 50315K, capacity 52468K, committed 53888K, reserved 1093632K
[2020-12-29T00:31:45.259-0500][gc,heap        ] GC(24049)   class space    used 7457K, capacity 8250K, committed 8832K, reserved 1048576K
[2020-12-29T00:31:45.259-0500][gc             ] GC(24049) Pause Full (System.gc()) 43M->42M(63M) 67.155ms
[2020-12-29T00:31:45.259-0500][gc,cpu         ] GC(24049) User=0.30s Sys=0.00s Real=0.07s
[2020-12-29T00:33:39.061-0500][gc,heap        ] GC(24050) Heap before GC invocations=24050 (full 5568): garbage-first heap   total 64512K, used 51506K [0x0000000083000000, 0x0000000100000000)
[2020-12-29T00:33:39.061-0500][gc,heap        ] GC(24050)   region size 1024K, 8 young (8192K), 0 survivors (0K)
[2020-12-29T00:33:39.061-0500][gc,heap        ] GC(24050)  Metaspace       used 50315K, capacity 52468K, committed 53888K, reserved 1093632K
[2020-12-29T00:33:39.061-0500][gc,heap        ] GC(24050)   class space    used 7457K, capacity 8250K, committed 8832K, reserved 1048576K
[2020-12-29T00:33:39.062-0500][gc,start       ] GC(24050) Pause Young (Normal) (G1 Evacuation Pause)
[2020-12-29T00:33:39.062-0500][gc,task        ] GC(24050) Using 8 workers of 8 for evacuation
[2020-12-29T00:33:39.068-0500][gc,phases      ] GC(24050)   Pre Evacuate Collection Set: 0.0ms
[2020-12-29T00:33:39.068-0500][gc,phases      ] GC(24050)   Evacuate Collection Set: 3.8ms
[2020-12-29T00:33:39.068-0500][gc,phases      ] GC(24050)   Post Evacuate Collection Set: 2.4ms
[2020-12-29T00:33:39.068-0500][gc,phases      ] GC(24050)   Other: 0.5ms
[2020-12-29T00:33:39.068-0500][gc,heap        ] GC(24050) Eden regions: 8->0(7)
[2020-12-29T00:33:39.068-0500][gc,heap        ] GC(24050) Survivor regions: 0->1(1)
[2020-12-29T00:33:39.068-0500][gc,heap        ] GC(24050) Old regions: 43->43
[2020-12-29T00:33:39.068-0500][gc,heap        ] GC(24050) Humongous regions: 4->4
[2020-12-29T00:33:39.068-0500][gc,metaspace   ] GC(24050) Metaspace: 50315K->50315K(1093632K)
[2020-12-29T00:33:39.068-0500][gc,heap        ] GC(24050) Heap after GC invocations=24051 (full 5568): garbage-first heap   total 64512K, used 43397K [0x0000000083000000, 0x0000000100000000)
[2020-12-29T00:33:39.068-0500][gc,heap        ] GC(24050)   region size 1024K, 1 young (1024K), 1 survivors (1024K)
[2020-12-29T00:33:39.068-0500][gc,heap        ] GC(24050)  Metaspace       used 50315K, capacity 52468K, committed 53888K, reserved 1093632K
[2020-12-29T00:33:39.068-0500][gc,heap        ] GC(24050)   class space    used 7457K, capacity 8250K, committed 8832K, reserved 1048576K
[2020-12-29T00:33:39.068-0500][gc             ] GC(24050) Pause Young (Normal) (G1 Evacuation Pause) 50M->42M(63M) 6.885ms
[2020-12-29T00:33:39.069-0500][gc,cpu         ] GC(24050) User=0.01s Sys=0.01s Real=0.01s
[2020-12-29T00:35:19.059-0500][gc,heap        ] GC(24051) Heap before GC invocations=24051 (full 5568): garbage-first heap   total 64512K, used 49541K [0x0000000083000000, 0x0000000100000000)
[2020-12-29T00:35:19.059-0500][gc,heap        ] GC(24051)   region size 1024K, 8 young (8192K), 1 survivors (1024K)
[2020-12-29T00:35:19.059-0500][gc,heap        ] GC(24051)  Metaspace       used 50315K, capacity 52468K, committed 53888K, reserved 1093632K
[2020-12-29T00:35:19.059-0500][gc,heap        ] GC(24051)   class space    used 7457K, capacity 8250K, committed 8832K, reserved 1048576K
[2020-12-29T00:35:19.059-0500][gc,start       ] GC(24051) Pause Young (Normal) (G1 Evacuation Pause)
[2020-12-29T00:35:19.059-0500][gc,task        ] GC(24051) Using 8 workers of 8 for evacuation
[2020-12-29T00:35:19.061-0500][gc,phases      ] GC(24051)   Pre Evacuate Collection Set: 0.0ms
[2020-12-29T00:35:19.061-0500][gc,phases      ] GC(24051)   Evacuate Collection Set: 0.9ms
[2020-12-29T00:35:19.061-0500][gc,phases      ] GC(24051)   Post Evacuate Collection Set: 1.2ms
[2020-12-29T00:35:19.061-0500][gc,phases      ] GC(24051)   Other: 0.3ms
[2020-12-29T00:35:19.061-0500][gc,heap        ] GC(24051) Eden regions: 7->0(7)
[2020-12-29T00:35:19.061-0500][gc,heap        ] GC(24051) Survivor regions: 1->1(1)
[2020-12-29T00:35:19.061-0500][gc,heap        ] GC(24051) Old regions: 43->43
[2020-12-29T00:35:19.061-0500][gc,heap        ] GC(24051) Humongous regions: 4->4
[2020-12-29T00:35:19.061-0500][gc,metaspace   ] GC(24051) Metaspace: 50315K->50315K(1093632K)
[2020-12-29T00:35:19.061-0500][gc,heap        ] GC(24051) Heap after GC invocations=24052 (full 5568): garbage-first heap   total 64512K, used 43387K [0x0000000083000000, 0x0000000100000000)
[2020-12-29T00:35:19.061-0500][gc,heap        ] GC(24051)   region size 1024K, 1 young (1024K), 1 survivors (1024K)
[2020-12-29T00:35:19.061-0500][gc,heap        ] GC(24051)  Metaspace       used 50315K, capacity 52468K, committed 53888K, reserved 1093632K
[2020-12-29T00:35:19.061-0500][gc,heap        ] GC(24051)   class space    used 7457K, capacity 8250K, committed 8832K, reserved 1048576K
[2020-12-29T00:35:19.061-0500][gc             ] GC(24051) Pause Young (Normal) (G1 Evacuation Pause) 49M->42M(63M) 2.536ms
[2020-12-29T00:35:19.062-0500][gc,cpu         ] GC(24051) User=0.00s Sys=0.00s Real=0.00s
[2020-12-29T00:36:45.191-0500][gc,task        ] GC(24052) Using 5 workers of 8 for full compaction
[2020-12-29T00:36:45.191-0500][gc,start       ] GC(24052) Pause Full (System.gc())
[2020-12-29T00:36:45.191-0500][gc,heap        ] GC(24052) Heap before GC invocations=24052 (full 5568): garbage-first heap   total 64512K, used 47483K [0x0000000083000000, 0x0000000100000000)
[2020-12-29T00:36:45.191-0500][gc,heap        ] GC(24052)   region size 1024K, 7 young (7168K), 1 survivors (1024K)
[2020-12-29T00:36:45.191-0500][gc,heap        ] GC(24052)  Metaspace       used 50315K, capacity 52468K, committed 53888K, reserved 1093632K
[2020-12-29T00:36:45.191-0500][gc,heap        ] GC(24052)   class space    used 7457K, capacity 8250K, committed 8832K, reserved 1048576K
[2020-12-29T00:36:45.192-0500][gc,phases,start] GC(24052) Phase 1: Mark live objects
[2020-12-29T00:36:45.238-0500][gc,stringtable ] GC(24052) Cleaned string and symbol table, strings: 33320 processed, 4 removed, symbols: 120973 processed, 0 removed
[2020-12-29T00:36:45.238-0500][gc,phases      ] GC(24052) Phase 1: Mark live objects 46.222ms
[2020-12-29T00:36:45.238-0500][gc,phases,start] GC(24052) Phase 2: Prepare for compaction
[2020-12-29T00:36:45.241-0500][gc,phases      ] GC(24052) Phase 2: Prepare for compaction 3.280ms
[2020-12-29T00:36:45.242-0500][gc,phases,start] GC(24052) Phase 3: Adjust pointers
[2020-12-29T00:36:45.251-0500][gc,phases      ] GC(24052) Phase 3: Adjust pointers 9.750ms
[2020-12-29T00:36:45.251-0500][gc,phases,start] GC(24052) Phase 4: Compact heap
[2020-12-29T00:36:45.254-0500][gc,phases      ] GC(24052) Phase 4: Compact heap 2.744ms
[2020-12-29T00:36:45.258-0500][gc,heap        ] GC(24052) Eden regions: 6->0(8)
[2020-12-29T00:36:45.258-0500][gc,heap        ] GC(24052) Survivor regions: 1->0(1)
[2020-12-29T00:36:45.258-0500][gc,heap        ] GC(24052) Old regions: 43->43
[2020-12-29T00:36:45.258-0500][gc,heap        ] GC(24052) Humongous regions: 4->4
[2020-12-29T00:36:45.258-0500][gc,metaspace   ] GC(24052) Metaspace: 50315K->50315K(1093632K)
[2020-12-29T00:36:45.258-0500][gc,heap        ] GC(24052) Heap after GC invocations=24053 (full 5569): garbage-first heap   total 64512K, used 43337K [0x0000000083000000, 0x0000000100000000)
[2020-12-29T00:36:45.258-0500][gc,heap        ] GC(24052)   region size 1024K, 0 young (0K), 0 survivors (0K)
[2020-12-29T00:36:45.258-0500][gc,heap        ] GC(24052)  Metaspace       used 50315K, capacity 52468K, committed 53888K, reserved 1093632K
[2020-12-29T00:36:45.258-0500][gc,heap        ] GC(24052)   class space    used 7457K, capacity 8250K, committed 8832K, reserved 1048576K
[2020-12-29T00:36:45.258-0500][gc             ] GC(24052) Pause Full (System.gc()) 48M->42M(63M) 67.216ms
[2020-12-29T00:36:45.259-0500][gc,cpu         ] GC(24052) User=0.29s Sys=0.00s Real=0.07s
[2020-12-29T00:38:29.210-0500][gc,heap        ] GC(24053) Heap before GC invocations=24053 (full 5569): garbage-first heap   total 64512K, used 51529K [0x0000000083000000, 0x0000000100000000)
[2020-12-29T00:38:29.210-0500][gc,heap        ] GC(24053)   region size 1024K, 8 young (8192K), 0 survivors (0K)
[2020-12-29T00:38:29.210-0500][gc,heap        ] GC(24053)  Metaspace       used 50315K, capacity 52468K, committed 53888K, reserved 1093632K
[2020-12-29T00:38:29.210-0500][gc,heap        ] GC(24053)   class space    used 7457K, capacity 8250K, committed 8832K, reserved 1048576K
[2020-12-29T00:38:29.210-0500][gc,start       ] GC(24053) Pause Young (Normal) (G1 Evacuation Pause)
[2020-12-29T00:38:29.210-0500][gc,task        ] GC(24053) Using 8 workers of 8 for evacuation
[2020-12-29T00:38:29.217-0500][gc,phases      ] GC(24053)   Pre Evacuate Collection Set: 0.0ms
[2020-12-29T00:38:29.217-0500][gc,phases      ] GC(24053)   Evacuate Collection Set: 3.7ms
[2020-12-29T00:38:29.217-0500][gc,phases      ] GC(24053)   Post Evacuate Collection Set: 2.6ms
[2020-12-29T00:38:29.217-0500][gc,phases      ] GC(24053)   Other: 0.5ms
[2020-12-29T00:38:29.217-0500][gc,heap        ] GC(24053) Eden regions: 8->0(7)
[2020-12-29T00:38:29.217-0500][gc,heap        ] GC(24053) Survivor regions: 0->1(1)
[2020-12-29T00:38:29.217-0500][gc,heap        ] GC(24053) Old regions: 43->43
[2020-12-29T00:38:29.217-0500][gc,heap        ] GC(24053) Humongous regions: 4->4
[2020-12-29T00:38:29.217-0500][gc,metaspace   ] GC(24053) Metaspace: 50315K->50315K(1093632K)
[2020-12-29T00:38:29.217-0500][gc,heap        ] GC(24053) Heap after GC invocations=24054 (full 5569): garbage-first heap   total 64512K, used 43404K [0x0000000083000000, 0x0000000100000000)
[2020-12-29T00:38:29.217-0500][gc,heap        ] GC(24053)   region size 1024K, 1 young (1024K), 1 survivors (1024K)
[2020-12-29T00:38:29.217-0500][gc,heap        ] GC(24053)  Metaspace       used 50315K, capacity 52468K, committed 53888K, reserved 1093632K
[2020-12-29T00:38:29.217-0500][gc,heap        ] GC(24053)   class space    used 7457K, capacity 8250K, committed 8832K, reserved 1048576K
[2020-12-29T00:38:29.217-0500][gc             ] GC(24053) Pause Young (Normal) (G1 Evacuation Pause) 50M->42M(63M) 7.099ms
[2020-12-29T00:38:29.217-0500][gc,cpu         ] GC(24053) User=0.02s Sys=0.00s Real=0.00s
[2020-12-29T00:40:18.850-0500][gc,heap        ] GC(24054) Heap before GC invocations=24054 (full 5569): garbage-first heap   total 64512K, used 49548K [0x0000000083000000, 0x0000000100000000)
[2020-12-29T00:40:18.850-0500][gc,heap        ] GC(24054)   region size 1024K, 8 young (8192K), 1 survivors (1024K)
[2020-12-29T00:40:18.850-0500][gc,heap        ] GC(24054)  Metaspace       used 50315K, capacity 52468K, committed 53888K, reserved 1093632K
[2020-12-29T00:40:18.850-0500][gc,heap        ] GC(24054)   class space    used 7457K, capacity 8250K, committed 8832K, reserved 1048576K
[2020-12-29T00:40:18.850-0500][gc,start       ] GC(24054) Pause Young (Normal) (G1 Evacuation Pause)
[2020-12-29T00:40:18.850-0500][gc,task        ] GC(24054) Using 8 workers of 8 for evacuation
[2020-12-29T00:40:18.856-0500][gc,phases      ] GC(24054)   Pre Evacuate Collection Set: 0.0ms
[2020-12-29T00:40:18.856-0500][gc,phases      ] GC(24054)   Evacuate Collection Set: 3.5ms
[2020-12-29T00:40:18.856-0500][gc,phases      ] GC(24054)   Post Evacuate Collection Set: 2.4ms
[2020-12-29T00:40:18.856-0500][gc,phases      ] GC(24054)   Other: 0.5ms
[2020-12-29T00:40:18.856-0500][gc,heap        ] GC(24054) Eden regions: 7->0(7)
[2020-12-29T00:40:18.856-0500][gc,heap        ] GC(24054) Survivor regions: 1->1(1)
[2020-12-29T00:40:18.856-0500][gc,heap        ] GC(24054) Old regions: 43->43
[2020-12-29T00:40:18.856-0500][gc,heap        ] GC(24054) Humongous regions: 4->4
[2020-12-29T00:40:18.856-0500][gc,metaspace   ] GC(24054) Metaspace: 50315K->50315K(1093632K)
[2020-12-29T00:40:18.857-0500][gc,heap        ] GC(24054) Heap after GC invocations=24055 (full 5569): garbage-first heap   total 64512K, used 43402K [0x0000000083000000, 0x0000000100000000)
[2020-12-29T00:40:18.857-0500][gc,heap        ] GC(24054)   region size 1024K, 1 young (1024K), 1 survivors (1024K)
[2020-12-29T00:40:18.857-0500][gc,heap        ] GC(24054)  Metaspace       used 50315K, capacity 52468K, committed 53888K, reserved 1093632K
[2020-12-29T00:40:18.857-0500][gc,heap        ] GC(24054)   class space    used 7457K, capacity 8250K, committed 8832K, reserved 1048576K
[2020-12-29T00:40:18.857-0500][gc             ] GC(24054) Pause Young (Normal) (G1 Evacuation Pause) 49M->42M(63M) 6.651ms
[2020-12-29T00:40:18.857-0500][gc,cpu         ] GC(24054) User=0.02s Sys=0.00s Real=0.00s
[2020-12-29T00:41:45.190-0500][gc,task        ] GC(24055) Using 5 workers of 8 for full compaction
[2020-12-29T00:41:45.190-0500][gc,start       ] GC(24055) Pause Full (System.gc())
[2020-12-29T00:41:45.190-0500][gc,heap        ] GC(24055) Heap before GC invocations=24055 (full 5569): garbage-first heap   total 64512K, used 49546K [0x0000000083000000, 0x0000000100000000)
[2020-12-29T00:41:45.190-0500][gc,heap        ] GC(24055)   region size 1024K, 8 young (8192K), 1 survivors (1024K)
[2020-12-29T00:41:45.190-0500][gc,heap        ] GC(24055)  Metaspace       used 50315K, capacity 52468K, committed 53888K, reserved 1093632K
[2020-12-29T00:41:45.190-0500][gc,heap        ] GC(24055)   class space    used 7457K, capacity 8250K, committed 8832K, reserved 1048576K
[2020-12-29T00:41:45.190-0500][gc,phases,start] GC(24055) Phase 1: Mark live objects
[2020-12-29T00:41:45.227-0500][gc,stringtable ] GC(24055) Cleaned string and symbol table, strings: 33320 processed, 4 removed, symbols: 120973 processed, 0 removed
[2020-12-29T00:41:45.227-0500][gc,phases      ] GC(24055) Phase 1: Mark live objects 36.236ms
[2020-12-29T00:41:45.227-0500][gc,phases,start] GC(24055) Phase 2: Prepare for compaction
[2020-12-29T00:41:45.233-0500][gc,phases      ] GC(24055) Phase 2: Prepare for compaction 6.071ms
[2020-12-29T00:41:45.233-0500][gc,phases,start] GC(24055) Phase 3: Adjust pointers
[2020-12-29T00:41:45.244-0500][gc,phases      ] GC(24055) Phase 3: Adjust pointers 10.969ms
[2020-12-29T00:41:45.244-0500][gc,phases,start] GC(24055) Phase 4: Compact heap
[2020-12-29T00:41:45.246-0500][gc,phases      ] GC(24055) Phase 4: Compact heap 2.471ms
[2020-12-29T00:41:45.251-0500][gc,heap        ] GC(24055) Eden regions: 7->0(10)
[2020-12-29T00:41:45.251-0500][gc,heap        ] GC(24055) Survivor regions: 1->0(1)
[2020-12-29T00:41:45.251-0500][gc,heap        ] GC(24055) Old regions: 43->41
[2020-12-29T00:41:45.251-0500][gc,heap        ] GC(24055) Humongous regions: 4->4
[2020-12-29T00:41:45.251-0500][gc,metaspace   ] GC(24055) Metaspace: 50315K->50315K(1093632K)
[2020-12-29T00:41:45.251-0500][gc,heap        ] GC(24055) Heap after GC invocations=24056 (full 5570): garbage-first heap   total 64512K, used 43345K [0x0000000083000000, 0x0000000100000000)
[2020-12-29T00:41:45.251-0500][gc,heap        ] GC(24055)   region size 1024K, 0 young (0K), 0 survivors (0K)
[2020-12-29T00:41:45.251-0500][gc,heap        ] GC(24055)  Metaspace       used 50315K, capacity 52468K, committed 53888K, reserved 1093632K
[2020-12-29T00:41:45.251-0500][gc,heap        ] GC(24055)   class space    used 7457K, capacity 8250K, committed 8832K, reserved 1048576K
[2020-12-29T00:41:45.251-0500][gc             ] GC(24055) Pause Full (System.gc()) 48M->42M(63M) 61.026ms
[2020-12-29T00:41:45.251-0500][gc,cpu         ] GC(24055) User=0.27s Sys=0.00s Real=0.06s
[2020-12-29T00:44:09.065-0500][gc,heap        ] GC(24056) Heap before GC invocations=24056 (full 5570): garbage-first heap   total 64512K, used 52561K [0x0000000083000000, 0x0000000100000000)
[2020-12-29T00:44:09.065-0500][gc,heap        ] GC(24056)   region size 1024K, 10 young (10240K), 0 survivors (0K)
[2020-12-29T00:44:09.065-0500][gc,heap        ] GC(24056)  Metaspace       used 50315K, capacity 52468K, committed 53888K, reserved 1093632K
[2020-12-29T00:44:09.066-0500][gc,heap        ] GC(24056)   class space    used 7457K, capacity 8250K, committed 8832K, reserved 1048576K
[2020-12-29T00:44:09.066-0500][gc,start       ] GC(24056) Pause Young (Normal) (G1 Evacuation Pause)
[2020-12-29T00:44:09.066-0500][gc,task        ] GC(24056) Using 8 workers of 8 for evacuation
[2020-12-29T00:44:09.070-0500][gc,phases      ] GC(24056)   Pre Evacuate Collection Set: 0.0ms
[2020-12-29T00:44:09.070-0500][gc,phases      ] GC(24056)   Evacuate Collection Set: 1.4ms
[2020-12-29T00:44:09.070-0500][gc,phases      ] GC(24056)   Post Evacuate Collection Set: 2.9ms
[2020-12-29T00:44:09.070-0500][gc,phases      ] GC(24056)   Other: 0.4ms
[2020-12-29T00:44:09.070-0500][gc,heap        ] GC(24056) Eden regions: 10->0(9)
[2020-12-29T00:44:09.070-0500][gc,heap        ] GC(24056) Survivor regions: 0->1(2)
[2020-12-29T00:44:09.070-0500][gc,heap        ] GC(24056) Old regions: 41->41
[2020-12-29T00:44:09.070-0500][gc,heap        ] GC(24056) Humongous regions: 4->4
[2020-12-29T00:44:09.070-0500][gc,metaspace   ] GC(24056) Metaspace: 50315K->50315K(1093632K)
[2020-12-29T00:44:09.070-0500][gc,heap        ] GC(24056) Heap after GC invocations=24057 (full 5570): garbage-first heap   total 64512K, used 43445K [0x0000000083000000, 0x0000000100000000)
[2020-12-29T00:44:09.070-0500][gc,heap        ] GC(24056)   region size 1024K, 1 young (1024K), 1 survivors (1024K)
[2020-12-29T00:44:09.070-0500][gc,heap        ] GC(24056)  Metaspace       used 50315K, capacity 52468K, committed 53888K, reserved 1093632K
[2020-12-29T00:44:09.070-0500][gc,heap        ] GC(24056)   class space    used 7457K, capacity 8250K, committed 8832K, reserved 1048576K
[2020-12-29T00:44:09.070-0500][gc             ] GC(24056) Pause Young (Normal) (G1 Evacuation Pause) 52M->42M(63M) 4.772ms
[2020-12-29T00:44:09.070-0500][gc,cpu         ] GC(24056) User=0.02s Sys=0.01s Real=0.01s
[2020-12-29T00:46:20.783-0500][gc,heap        ] GC(24057) Heap before GC invocations=24057 (full 5570): garbage-first heap   total 64512K, used 52661K [0x0000000083000000, 0x0000000100000000)
[2020-12-29T00:46:20.783-0500][gc,heap        ] GC(24057)   region size 1024K, 10 young (10240K), 1 survivors (1024K)
[2020-12-29T00:46:20.784-0500][gc,heap        ] GC(24057)  Metaspace       used 50315K, capacity 52468K, committed 53888K, reserved 1093632K
[2020-12-29T00:46:20.784-0500][gc,heap        ] GC(24057)   class space    used 7457K, capacity 8250K, committed 8832K, reserved 1048576K
[2020-12-29T00:46:20.784-0500][gc,start       ] GC(24057) Pause Young (Normal) (G1 Evacuation Pause)
[2020-12-29T00:46:20.784-0500][gc,task        ] GC(24057) Using 8 workers of 8 for evacuation
[2020-12-29T00:46:20.788-0500][gc,phases      ] GC(24057)   Pre Evacuate Collection Set: 0.0ms
[2020-12-29T00:46:20.788-0500][gc,phases      ] GC(24057)   Evacuate Collection Set: 1.5ms
[2020-12-29T00:46:20.788-0500][gc,phases      ] GC(24057)   Post Evacuate Collection Set: 2.9ms
[2020-12-29T00:46:20.789-0500][gc,phases      ] GC(24057)   Other: 0.6ms
[2020-12-29T00:46:20.789-0500][gc,heap        ] GC(24057) Eden regions: 9->0(9)
[2020-12-29T00:46:20.789-0500][gc,heap        ] GC(24057) Survivor regions: 1->1(2)
[2020-12-29T00:46:20.789-0500][gc,heap        ] GC(24057) Old regions: 41->41
[2020-12-29T00:46:20.789-0500][gc,heap        ] GC(24057) Humongous regions: 4->4
[2020-12-29T00:46:20.789-0500][gc,metaspace   ] GC(24057) Metaspace: 50315K->50315K(1093632K)
[2020-12-29T00:46:20.789-0500][gc,heap        ] GC(24057) Heap after GC invocations=24058 (full 5570): garbage-first heap   total 64512K, used 43408K [0x0000000083000000, 0x0000000100000000)
[2020-12-29T00:46:20.789-0500][gc,heap        ] GC(24057)   region size 1024K, 1 young (1024K), 1 survivors (1024K)
[2020-12-29T00:46:20.789-0500][gc,heap        ] GC(24057)  Metaspace       used 50315K, capacity 52468K, committed 53888K, reserved 1093632K
[2020-12-29T00:46:20.789-0500][gc,heap        ] GC(24057)   class space    used 7457K, capacity 8250K, committed 8832K, reserved 1048576K
[2020-12-29T00:46:20.789-0500][gc             ] GC(24057) Pause Young (Normal) (G1 Evacuation Pause) 51M->42M(63M) 5.597ms
[2020-12-29T00:46:20.790-0500][gc,cpu         ] GC(24057) User=0.01s Sys=0.00s Real=0.01s
[2020-12-29T00:46:45.191-0500][gc,task        ] GC(24058) Using 5 workers of 8 for full compaction
[2020-12-29T00:46:45.191-0500][gc,start       ] GC(24058) Pause Full (System.gc())
[2020-12-29T00:46:45.191-0500][gc,heap        ] GC(24058) Heap before GC invocations=24058 (full 5570): garbage-first heap   total 64512K, used 44432K [0x0000000083000000, 0x0000000100000000)
[2020-12-29T00:46:45.191-0500][gc,heap        ] GC(24058)   region size 1024K, 3 young (3072K), 1 survivors (1024K)
[2020-12-29T00:46:45.191-0500][gc,heap        ] GC(24058)  Metaspace       used 50315K, capacity 52468K, committed 53888K, reserved 1093632K
[2020-12-29T00:46:45.191-0500][gc,heap        ] GC(24058)   class space    used 7457K, capacity 8250K, committed 8832K, reserved 1048576K
[2020-12-29T00:46:45.192-0500][gc,phases,start] GC(24058) Phase 1: Mark live objects
[2020-12-29T00:46:45.229-0500][gc,stringtable ] GC(24058) Cleaned string and symbol table, strings: 33320 processed, 4 removed, symbols: 120973 processed, 0 removed
[2020-12-29T00:46:45.229-0500][gc,phases      ] GC(24058) Phase 1: Mark live objects 36.691ms
[2020-12-29T00:46:45.229-0500][gc,phases,start] GC(24058) Phase 2: Prepare for compaction
[2020-12-29T00:46:45.234-0500][gc,phases      ] GC(24058) Phase 2: Prepare for compaction 4.934ms
[2020-12-29T00:46:45.234-0500][gc,phases,start] GC(24058) Phase 3: Adjust pointers
[2020-12-29T00:46:45.245-0500][gc,phases      ] GC(24058) Phase 3: Adjust pointers 11.255ms
[2020-12-29T00:46:45.245-0500][gc,phases,start] GC(24058) Phase 4: Compact heap
[2020-12-29T00:46:45.248-0500][gc,phases      ] GC(24058) Phase 4: Compact heap 2.964ms
[2020-12-29T00:46:45.253-0500][gc,heap        ] GC(24058) Eden regions: 2->0(10)
[2020-12-29T00:46:45.253-0500][gc,heap        ] GC(24058) Survivor regions: 1->0(2)
[2020-12-29T00:46:45.253-0500][gc,heap        ] GC(24058) Old regions: 41->41
[2020-12-29T00:46:45.253-0500][gc,heap        ] GC(24058) Humongous regions: 4->4
[2020-12-29T00:46:45.253-0500][gc,metaspace   ] GC(24058) Metaspace: 50315K->50315K(1093632K)
[2020-12-29T00:46:45.253-0500][gc,heap        ] GC(24058) Heap after GC invocations=24059 (full 5571): garbage-first heap   total 64512K, used 43314K [0x0000000083000000, 0x0000000100000000)
[2020-12-29T00:46:45.253-0500][gc,heap        ] GC(24058)   region size 1024K, 0 young (0K), 0 survivors (0K)
[2020-12-29T00:46:45.253-0500][gc,heap        ] GC(24058)  Metaspace       used 50315K, capacity 52468K, committed 53888K, reserved 1093632K
[2020-12-29T00:46:45.253-0500][gc,heap        ] GC(24058)   class space    used 7457K, capacity 8250K, committed 8832K, reserved 1048576K
[2020-12-29T00:46:45.253-0500][gc             ] GC(24058) Pause Full (System.gc()) 43M->42M(63M) 62.338ms
[2020-12-29T00:46:45.253-0500][gc,cpu         ] GC(24058) User=0.27s Sys=0.00s Real=0.06s
[2020-12-29T00:49:09.071-0500][gc,heap        ] GC(24059) Heap before GC invocations=24059 (full 5571): garbage-first heap   total 64512K, used 52530K [0x0000000083000000, 0x0000000100000000)
[2020-12-29T00:49:09.071-0500][gc,heap        ] GC(24059)   region size 1024K, 10 young (10240K), 0 survivors (0K)
[2020-12-29T00:49:09.071-0500][gc,heap        ] GC(24059)  Metaspace       used 50315K, capacity 52468K, committed 53888K, reserved 1093632K
[2020-12-29T00:49:09.071-0500][gc,heap        ] GC(24059)   class space    used 7457K, capacity 8250K, committed 8832K, reserved 1048576K
[2020-12-29T00:49:09.071-0500][gc,start       ] GC(24059) Pause Young (Normal) (G1 Evacuation Pause)
[2020-12-29T00:49:09.071-0500][gc,task        ] GC(24059) Using 8 workers of 8 for evacuation
[2020-12-29T00:49:09.081-0500][gc,phases      ] GC(24059)   Pre Evacuate Collection Set: 0.0ms
[2020-12-29T00:49:09.081-0500][gc,phases      ] GC(24059)   Evacuate Collection Set: 2.8ms
[2020-12-29T00:49:09.081-0500][gc,phases      ] GC(24059)   Post Evacuate Collection Set: 6.5ms
[2020-12-29T00:49:09.081-0500][gc,phases      ] GC(24059)   Other: 0.5ms
[2020-12-29T00:49:09.081-0500][gc,heap        ] GC(24059) Eden regions: 10->0(9)
[2020-12-29T00:49:09.081-0500][gc,heap        ] GC(24059) Survivor regions: 0->1(2)
[2020-12-29T00:49:09.081-0500][gc,heap        ] GC(24059) Old regions: 41->41
[2020-12-29T00:49:09.081-0500][gc,heap        ] GC(24059) Humongous regions: 4->4
[2020-12-29T00:49:09.081-0500][gc,metaspace   ] GC(24059) Metaspace: 50315K->50315K(1093632K)
[2020-12-29T00:49:09.081-0500][gc,heap        ] GC(24059) Heap after GC invocations=24060 (full 5571): garbage-first heap   total 64512K, used 43396K [0x0000000083000000, 0x0000000100000000)
[2020-12-29T00:49:09.081-0500][gc,heap        ] GC(24059)   region size 1024K, 1 young (1024K), 1 survivors (1024K)
[2020-12-29T00:49:09.081-0500][gc,heap        ] GC(24059)  Metaspace       used 50315K, capacity 52468K, committed 53888K, reserved 1093632K
[2020-12-29T00:49:09.081-0500][gc,heap        ] GC(24059)   class space    used 7457K, capacity 8250K, committed 8832K, reserved 1048576K
[2020-12-29T00:49:09.081-0500][gc             ] GC(24059) Pause Young (Normal) (G1 Evacuation Pause) 52M->42M(63M) 9.990ms
[2020-12-29T00:49:09.081-0500][gc,cpu         ] GC(24059) User=0.02s Sys=0.01s Real=0.01s
[2020-12-29T00:51:19.065-0500][gc,heap        ] GC(24060) Heap before GC invocations=24060 (full 5571): garbage-first heap   total 64512K, used 51588K [0x0000000083000000, 0x0000000100000000)
[2020-12-29T00:51:19.065-0500][gc,heap        ] GC(24060)   region size 1024K, 10 young (10240K), 1 survivors (1024K)
[2020-12-29T00:51:19.065-0500][gc,heap        ] GC(24060)  Metaspace       used 50315K, capacity 52468K, committed 53888K, reserved 1093632K
[2020-12-29T00:51:19.065-0500][gc,heap        ] GC(24060)   class space    used 7457K, capacity 8250K, committed 8832K, reserved 1048576K
[2020-12-29T00:51:19.066-0500][gc,start       ] GC(24060) Pause Young (Normal) (G1 Evacuation Pause)
[2020-12-29T00:51:19.066-0500][gc,task        ] GC(24060) Using 8 workers of 8 for evacuation
[2020-12-29T00:51:19.070-0500][gc,phases      ] GC(24060)   Pre Evacuate Collection Set: 0.0ms
[2020-12-29T00:51:19.070-0500][gc,phases      ] GC(24060)   Evacuate Collection Set: 1.4ms
[2020-12-29T00:51:19.070-0500][gc,phases      ] GC(24060)   Post Evacuate Collection Set: 2.6ms
[2020-12-29T00:51:19.070-0500][gc,phases      ] GC(24060)   Other: 0.4ms
[2020-12-29T00:51:19.070-0500][gc,heap        ] GC(24060) Eden regions: 9->0(9)
[2020-12-29T00:51:19.070-0500][gc,heap        ] GC(24060) Survivor regions: 1->1(2)
[2020-12-29T00:51:19.070-0500][gc,heap        ] GC(24060) Old regions: 41->41
[2020-12-29T00:51:19.070-0500][gc,heap        ] GC(24060) Humongous regions: 4->4
[2020-12-29T00:51:19.070-0500][gc,metaspace   ] GC(24060) Metaspace: 50315K->50315K(1093632K)
[2020-12-29T00:51:19.070-0500][gc,heap        ] GC(24060) Heap after GC invocations=24061 (full 5571): garbage-first heap   total 64512K, used 43412K [0x0000000083000000, 0x0000000100000000)
[2020-12-29T00:51:19.070-0500][gc,heap        ] GC(24060)   region size 1024K, 1 young (1024K), 1 survivors (1024K)
[2020-12-29T00:51:19.070-0500][gc,heap        ] GC(24060)  Metaspace       used 50315K, capacity 52468K, committed 53888K, reserved 1093632K
[2020-12-29T00:51:19.070-0500][gc,heap        ] GC(24060)   class space    used 7457K, capacity 8250K, committed 8832K, reserved 1048576K
[2020-12-29T00:51:19.070-0500][gc             ] GC(24060) Pause Young (Normal) (G1 Evacuation Pause) 51M->42M(63M) 4.685ms
[2020-12-29T00:51:19.070-0500][gc,cpu         ] GC(24060) User=0.00s Sys=0.01s Real=0.01s
[2020-12-29T00:51:45.190-0500][gc,task        ] GC(24061) Using 5 workers of 8 for full compaction
[2020-12-29T00:51:45.191-0500][gc,start       ] GC(24061) Pause Full (System.gc())
[2020-12-29T00:51:45.191-0500][gc,heap        ] GC(24061) Heap before GC invocations=24061 (full 5571): garbage-first heap   total 64512K, used 44436K [0x0000000083000000, 0x0000000100000000)
[2020-12-29T00:51:45.191-0500][gc,heap        ] GC(24061)   region size 1024K, 3 young (3072K), 1 survivors (1024K)
[2020-12-29T00:51:45.191-0500][gc,heap        ] GC(24061)  Metaspace       used 50315K, capacity 52468K, committed 53888K, reserved 1093632K
[2020-12-29T00:51:45.191-0500][gc,heap        ] GC(24061)   class space    used 7457K, capacity 8250K, committed 8832K, reserved 1048576K
[2020-12-29T00:51:45.191-0500][gc,phases,start] GC(24061) Phase 1: Mark live objects
[2020-12-29T00:51:45.229-0500][gc,stringtable ] GC(24061) Cleaned string and symbol table, strings: 33320 processed, 4 removed, symbols: 120973 processed, 0 removed
[2020-12-29T00:51:45.229-0500][gc,phases      ] GC(24061) Phase 1: Mark live objects 37.426ms
[2020-12-29T00:51:45.229-0500][gc,phases,start] GC(24061) Phase 2: Prepare for compaction
[2020-12-29T00:51:45.234-0500][gc,phases      ] GC(24061) Phase 2: Prepare for compaction 5.671ms
[2020-12-29T00:51:45.235-0500][gc,phases,start] GC(24061) Phase 3: Adjust pointers
[2020-12-29T00:51:45.246-0500][gc,phases      ] GC(24061) Phase 3: Adjust pointers 11.923ms
[2020-12-29T00:51:45.247-0500][gc,phases,start] GC(24061) Phase 4: Compact heap
[2020-12-29T00:51:45.252-0500][gc,phases      ] GC(24061) Phase 4: Compact heap 4.994ms
[2020-12-29T00:51:45.257-0500][gc,heap        ] GC(24061) Eden regions: 2->0(10)
[2020-12-29T00:51:45.257-0500][gc,heap        ] GC(24061) Survivor regions: 1->0(2)
[2020-12-29T00:51:45.257-0500][gc,heap        ] GC(24061) Old regions: 41->41
[2020-12-29T00:51:45.257-0500][gc,heap        ] GC(24061) Humongous regions: 4->4
[2020-12-29T00:51:45.257-0500][gc,metaspace   ] GC(24061) Metaspace: 50315K->50315K(1093632K)
[2020-12-29T00:51:45.257-0500][gc,heap        ] GC(24061) Heap after GC invocations=24062 (full 5572): garbage-first heap   total 64512K, used 43315K [0x0000000083000000, 0x0000000100000000)
[2020-12-29T00:51:45.257-0500][gc,heap        ] GC(24061)   region size 1024K, 0 young (0K), 0 survivors (0K)
[2020-12-29T00:51:45.257-0500][gc,heap        ] GC(24061)  Metaspace       used 50315K, capacity 52468K, committed 53888K, reserved 1093632K
[2020-12-29T00:51:45.257-0500][gc,heap        ] GC(24061)   class space    used 7457K, capacity 8250K, committed 8832K, reserved 1048576K
[2020-12-29T00:51:45.257-0500][gc             ] GC(24061) Pause Full (System.gc()) 44M->42M(63M) 66.386ms
[2020-12-29T00:51:45.257-0500][gc,cpu         ] GC(24061) User=0.28s Sys=0.00s Real=0.06s
[2020-12-29T00:54:09.064-0500][gc,heap        ] GC(24062) Heap before GC invocations=24062 (full 5572): garbage-first heap   total 64512K, used 52531K [0x0000000083000000, 0x0000000100000000)
[2020-12-29T00:54:09.064-0500][gc,heap        ] GC(24062)   region size 1024K, 10 young (10240K), 0 survivors (0K)
[2020-12-29T00:54:09.064-0500][gc,heap        ] GC(24062)  Metaspace       used 50315K, capacity 52468K, committed 53888K, reserved 1093632K
[2020-12-29T00:54:09.065-0500][gc,heap        ] GC(24062)   class space    used 7457K, capacity 8250K, committed 8832K, reserved 1048576K
[2020-12-29T00:54:09.065-0500][gc,start       ] GC(24062) Pause Young (Normal) (G1 Evacuation Pause)
[2020-12-29T00:54:09.065-0500][gc,task        ] GC(24062) Using 8 workers of 8 for evacuation
[2020-12-29T00:54:09.070-0500][gc,phases      ] GC(24062)   Pre Evacuate Collection Set: 0.0ms
[2020-12-29T00:54:09.070-0500][gc,phases      ] GC(24062)   Evacuate Collection Set: 1.2ms
[2020-12-29T00:54:09.070-0500][gc,phases      ] GC(24062)   Post Evacuate Collection Set: 3.7ms
[2020-12-29T00:54:09.070-0500][gc,phases      ] GC(24062)   Other: 0.7ms
[2020-12-29T00:54:09.070-0500][gc,heap        ] GC(24062) Eden regions: 10->0(9)
[2020-12-29T00:54:09.070-0500][gc,heap        ] GC(24062) Survivor regions: 0->1(2)
[2020-12-29T00:54:09.070-0500][gc,heap        ] GC(24062) Old regions: 41->41
[2020-12-29T00:54:09.070-0500][gc,heap        ] GC(24062) Humongous regions: 4->4
[2020-12-29T00:54:09.070-0500][gc,metaspace   ] GC(24062) Metaspace: 50315K->50315K(1093632K)
[2020-12-29T00:54:09.070-0500][gc,heap        ] GC(24062) Heap after GC invocations=24063 (full 5572): garbage-first heap   total 64512K, used 43398K [0x0000000083000000, 0x0000000100000000)
[2020-12-29T00:54:09.070-0500][gc,heap        ] GC(24062)   region size 1024K, 1 young (1024K), 1 survivors (1024K)
[2020-12-29T00:54:09.070-0500][gc,heap        ] GC(24062)  Metaspace       used 50315K, capacity 52468K, committed 53888K, reserved 1093632K
[2020-12-29T00:54:09.070-0500][gc,heap        ] GC(24062)   class space    used 7457K, capacity 8250K, committed 8832K, reserved 1048576K
[2020-12-29T00:54:09.070-0500][gc             ] GC(24062) Pause Young (Normal) (G1 Evacuation Pause) 52M->42M(63M) 5.605ms
[2020-12-29T00:54:09.071-0500][gc,cpu         ] GC(24062) User=0.01s Sys=0.00s Real=0.01s
[2020-12-29T00:56:19.061-0500][gc,heap        ] GC(24063) Heap before GC invocations=24063 (full 5572): garbage-first heap   total 64512K, used 51590K [0x0000000083000000, 0x0000000100000000)
[2020-12-29T00:56:19.061-0500][gc,heap        ] GC(24063)   region size 1024K, 10 young (10240K), 1 survivors (1024K)
[2020-12-29T00:56:19.061-0500][gc,heap        ] GC(24063)  Metaspace       used 50315K, capacity 52468K, committed 53888K, reserved 1093632K
[2020-12-29T00:56:19.061-0500][gc,heap        ] GC(24063)   class space    used 7457K, capacity 8250K, committed 8832K, reserved 1048576K
[2020-12-29T00:56:19.061-0500][gc,start       ] GC(24063) Pause Young (Normal) (G1 Evacuation Pause)
[2020-12-29T00:56:19.061-0500][gc,task        ] GC(24063) Using 8 workers of 8 for evacuation
[2020-12-29T00:56:19.064-0500][gc,phases      ] GC(24063)   Pre Evacuate Collection Set: 0.0ms
[2020-12-29T00:56:19.065-0500][gc,phases      ] GC(24063)   Evacuate Collection Set: 1.9ms
[2020-12-29T00:56:19.065-0500][gc,phases      ] GC(24063)   Post Evacuate Collection Set: 1.3ms
[2020-12-29T00:56:19.065-0500][gc,phases      ] GC(24063)   Other: 0.3ms
[2020-12-29T00:56:19.065-0500][gc,heap        ] GC(24063) Eden regions: 9->0(9)
[2020-12-29T00:56:19.065-0500][gc,heap        ] GC(24063) Survivor regions: 1->1(2)
[2020-12-29T00:56:19.065-0500][gc,heap        ] GC(24063) Old regions: 41->41
[2020-12-29T00:56:19.065-0500][gc,heap        ] GC(24063) Humongous regions: 4->4
[2020-12-29T00:56:19.065-0500][gc,metaspace   ] GC(24063) Metaspace: 50315K->50315K(1093632K)
[2020-12-29T00:56:19.065-0500][gc,heap        ] GC(24063) Heap after GC invocations=24064 (full 5572): garbage-first heap   total 64512K, used 43412K [0x0000000083000000, 0x0000000100000000)
[2020-12-29T00:56:19.065-0500][gc,heap        ] GC(24063)   region size 1024K, 1 young (1024K), 1 survivors (1024K)
[2020-12-29T00:56:19.065-0500][gc,heap        ] GC(24063)  Metaspace       used 50315K, capacity 52468K, committed 53888K, reserved 1093632K
[2020-12-29T00:56:19.065-0500][gc,heap        ] GC(24063)   class space    used 7457K, capacity 8250K, committed 8832K, reserved 1048576K
[2020-12-29T00:56:19.065-0500][gc             ] GC(24063) Pause Young (Normal) (G1 Evacuation Pause) 51M->42M(63M) 3.550ms
[2020-12-29T00:56:19.065-0500][gc,cpu         ] GC(24063) User=0.01s Sys=0.00s Real=0.00s
[2020-12-29T00:56:45.190-0500][gc,task        ] GC(24064) Using 5 workers of 8 for full compaction
[2020-12-29T00:56:45.190-0500][gc,start       ] GC(24064) Pause Full (System.gc())
[2020-12-29T00:56:45.190-0500][gc,heap        ] GC(24064) Heap before GC invocations=24064 (full 5572): garbage-first heap   total 64512K, used 44436K [0x0000000083000000, 0x0000000100000000)
[2020-12-29T00:56:45.190-0500][gc,heap        ] GC(24064)   region size 1024K, 3 young (3072K), 1 survivors (1024K)
[2020-12-29T00:56:45.190-0500][gc,heap        ] GC(24064)  Metaspace       used 50315K, capacity 52468K, committed 53888K, reserved 1093632K
[2020-12-29T00:56:45.190-0500][gc,heap        ] GC(24064)   class space    used 7457K, capacity 8250K, committed 8832K, reserved 1048576K
[2020-12-29T00:56:45.191-0500][gc,phases,start] GC(24064) Phase 1: Mark live objects
[2020-12-29T00:56:45.223-0500][gc,stringtable ] GC(24064) Cleaned string and symbol table, strings: 33320 processed, 4 removed, symbols: 120973 processed, 0 removed
[2020-12-29T00:56:45.223-0500][gc,phases      ] GC(24064) Phase 1: Mark live objects 32.358ms
[2020-12-29T00:56:45.223-0500][gc,phases,start] GC(24064) Phase 2: Prepare for compaction
[2020-12-29T00:56:45.227-0500][gc,phases      ] GC(24064) Phase 2: Prepare for compaction 3.970ms
[2020-12-29T00:56:45.227-0500][gc,phases,start] GC(24064) Phase 3: Adjust pointers
[2020-12-29T00:56:45.237-0500][gc,phases      ] GC(24064) Phase 3: Adjust pointers 9.954ms
[2020-12-29T00:56:45.237-0500][gc,phases,start] GC(24064) Phase 4: Compact heap
[2020-12-29T00:56:45.240-0500][gc,phases      ] GC(24064) Phase 4: Compact heap 2.741ms
[2020-12-29T00:56:45.244-0500][gc,heap        ] GC(24064) Eden regions: 2->0(10)
[2020-12-29T00:56:45.244-0500][gc,heap        ] GC(24064) Survivor regions: 1->0(2)
[2020-12-29T00:56:45.244-0500][gc,heap        ] GC(24064) Old regions: 41->41
[2020-12-29T00:56:45.244-0500][gc,heap        ] GC(24064) Humongous regions: 4->4
[2020-12-29T00:56:45.244-0500][gc,metaspace   ] GC(24064) Metaspace: 50315K->50315K(1093632K)
[2020-12-29T00:56:45.244-0500][gc,heap        ] GC(24064) Heap after GC invocations=24065 (full 5573): garbage-first heap   total 64512K, used 43319K [0x0000000083000000, 0x0000000100000000)
[2020-12-29T00:56:45.244-0500][gc,heap        ] GC(24064)   region size 1024K, 0 young (0K), 0 survivors (0K)
[2020-12-29T00:56:45.244-0500][gc,heap        ] GC(24064)  Metaspace       used 50315K, capacity 52468K, committed 53888K, reserved 1093632K
[2020-12-29T00:56:45.244-0500][gc,heap        ] GC(24064)   class space    used 7457K, capacity 8250K, committed 8832K, reserved 1048576K
[2020-12-29T00:56:45.244-0500][gc             ] GC(24064) Pause Full (System.gc()) 44M->42M(63M) 53.833ms
[2020-12-29T00:56:45.244-0500][gc,cpu         ] GC(24064) User=0.21s Sys=0.00s Real=0.05s
[2020-12-29T00:59:09.068-0500][gc,heap        ] GC(24065) Heap before GC invocations=24065 (full 5573): garbage-first heap   total 64512K, used 52535K [0x0000000083000000, 0x0000000100000000)
[2020-12-29T00:59:09.068-0500][gc,heap        ] GC(24065)   region size 1024K, 10 young (10240K), 0 survivors (0K)
[2020-12-29T00:59:09.068-0500][gc,heap        ] GC(24065)  Metaspace       used 50315K, capacity 52468K, committed 53888K, reserved 1093632K
[2020-12-29T00:59:09.068-0500][gc,heap        ] GC(24065)   class space    used 7457K, capacity 8250K, committed 8832K, reserved 1048576K
[2020-12-29T00:59:09.068-0500][gc,start       ] GC(24065) Pause Young (Normal) (G1 Evacuation Pause)
[2020-12-29T00:59:09.068-0500][gc,task        ] GC(24065) Using 8 workers of 8 for evacuation
[2020-12-29T00:59:09.075-0500][gc,phases      ] GC(24065)   Pre Evacuate Collection Set: 0.0ms
[2020-12-29T00:59:09.076-0500][gc,phases      ] GC(24065)   Evacuate Collection Set: 1.7ms
[2020-12-29T00:59:09.076-0500][gc,phases      ] GC(24065)   Post Evacuate Collection Set: 5.3ms
[2020-12-29T00:59:09.076-0500][gc,phases      ] GC(24065)   Other: 0.7ms
[2020-12-29T00:59:09.076-0500][gc,heap        ] GC(24065) Eden regions: 10->0(9)
[2020-12-29T00:59:09.076-0500][gc,heap        ] GC(24065) Survivor regions: 0->1(2)
[2020-12-29T00:59:09.076-0500][gc,heap        ] GC(24065) Old regions: 41->41
[2020-12-29T00:59:09.076-0500][gc,heap        ] GC(24065) Humongous regions: 4->4
[2020-12-29T00:59:09.076-0500][gc,metaspace   ] GC(24065) Metaspace: 50315K->50315K(1093632K)
[2020-12-29T00:59:09.076-0500][gc,heap        ] GC(24065) Heap after GC invocations=24066 (full 5573): garbage-first heap   total 64512K, used 43400K [0x0000000083000000, 0x0000000100000000)
[2020-12-29T00:59:09.076-0500][gc,heap        ] GC(24065)   region size 1024K, 1 young (1024K), 1 survivors (1024K)
[2020-12-29T00:59:09.076-0500][gc,heap        ] GC(24065)  Metaspace       used 50315K, capacity 52468K, committed 53888K, reserved 1093632K
[2020-12-29T00:59:09.076-0500][gc,heap        ] GC(24065)   class space    used 7457K, capacity 8250K, committed 8832K, reserved 1048576K
[2020-12-29T00:59:09.076-0500][gc             ] GC(24065) Pause Young (Normal) (G1 Evacuation Pause) 52M->42M(63M) 8.014ms
[2020-12-29T00:59:09.076-0500][gc,cpu         ] GC(24065) User=0.03s Sys=0.01s Real=0.00s
[2020-12-29T01:01:19.067-0500][gc,heap        ] GC(24066) Heap before GC invocations=24066 (full 5573): garbage-first heap   total 64512K, used 52616K [0x0000000083000000, 0x0000000100000000)
[2020-12-29T01:01:19.067-0500][gc,heap        ] GC(24066)   region size 1024K, 10 young (10240K), 1 survivors (1024K)
[2020-12-29T01:01:19.067-0500][gc,heap        ] GC(24066)  Metaspace       used 50315K, capacity 52468K, committed 53888K, reserved 1093632K
[2020-12-29T01:01:19.068-0500][gc,heap        ] GC(24066)   class space    used 7457K, capacity 8250K, committed 8832K, reserved 1048576K
[2020-12-29T01:01:19.068-0500][gc,start       ] GC(24066) Pause Young (Normal) (G1 Evacuation Pause)
[2020-12-29T01:01:19.068-0500][gc,task        ] GC(24066) Using 8 workers of 8 for evacuation
[2020-12-29T01:01:19.072-0500][gc,phases      ] GC(24066)   Pre Evacuate Collection Set: 0.0ms
[2020-12-29T01:01:19.072-0500][gc,phases      ] GC(24066)   Evacuate Collection Set: 2.2ms
[2020-12-29T01:01:19.072-0500][gc,phases      ] GC(24066)   Post Evacuate Collection Set: 2.2ms
[2020-12-29T01:01:19.072-0500][gc,phases      ] GC(24066)   Other: 0.4ms
[2020-12-29T01:01:19.072-0500][gc,heap        ] GC(24066) Eden regions: 9->0(9)
[2020-12-29T01:01:19.072-0500][gc,heap        ] GC(24066) Survivor regions: 1->1(2)
[2020-12-29T01:01:19.073-0500][gc,heap        ] GC(24066) Old regions: 41->41
[2020-12-29T01:01:19.073-0500][gc,heap        ] GC(24066) Humongous regions: 4->4
[2020-12-29T01:01:19.073-0500][gc,metaspace   ] GC(24066) Metaspace: 50315K->50315K(1093632K)
[2020-12-29T01:01:19.073-0500][gc,heap        ] GC(24066) Heap after GC invocations=24067 (full 5573): garbage-first heap   total 64512K, used 43398K [0x0000000083000000, 0x0000000100000000)
[2020-12-29T01:01:19.073-0500][gc,heap        ] GC(24066)   region size 1024K, 1 young (1024K), 1 survivors (1024K)
[2020-12-29T01:01:19.073-0500][gc,heap        ] GC(24066)  Metaspace       used 50315K, capacity 52468K, committed 53888K, reserved 1093632K
[2020-12-29T01:01:19.073-0500][gc,heap        ] GC(24066)   class space    used 7457K, capacity 8250K, committed 8832K, reserved 1048576K
[2020-12-29T01:01:19.073-0500][gc             ] GC(24066) Pause Young (Normal) (G1 Evacuation Pause) 51M->42M(63M) 5.105ms
[2020-12-29T01:01:19.073-0500][gc,cpu         ] GC(24066) User=0.01s Sys=0.01s Real=0.01s
[2020-12-29T01:01:45.189-0500][gc,task        ] GC(24067) Using 5 workers of 8 for full compaction
[2020-12-29T01:01:45.189-0500][gc,start       ] GC(24067) Pause Full (System.gc())
[2020-12-29T01:01:45.189-0500][gc,heap        ] GC(24067) Heap before GC invocations=24067 (full 5573): garbage-first heap   total 64512K, used 44422K [0x0000000083000000, 0x0000000100000000)
[2020-12-29T01:01:45.189-0500][gc,heap        ] GC(24067)   region size 1024K, 3 young (3072K), 1 survivors (1024K)
[2020-12-29T01:01:45.189-0500][gc,heap        ] GC(24067)  Metaspace       used 50315K, capacity 52468K, committed 53888K, reserved 1093632K
[2020-12-29T01:01:45.189-0500][gc,heap        ] GC(24067)   class space    used 7457K, capacity 8250K, committed 8832K, reserved 1048576K
[2020-12-29T01:01:45.190-0500][gc,phases,start] GC(24067) Phase 1: Mark live objects
[2020-12-29T01:01:45.228-0500][gc,stringtable ] GC(24067) Cleaned string and symbol table, strings: 33320 processed, 4 removed, symbols: 120973 processed, 0 removed
[2020-12-29T01:01:45.228-0500][gc,phases      ] GC(24067) Phase 1: Mark live objects 38.449ms
[2020-12-29T01:01:45.228-0500][gc,phases,start] GC(24067) Phase 2: Prepare for compaction
[2020-12-29T01:01:45.233-0500][gc,phases      ] GC(24067) Phase 2: Prepare for compaction 4.505ms
[2020-12-29T01:01:45.233-0500][gc,phases,start] GC(24067) Phase 3: Adjust pointers
[2020-12-29T01:01:45.245-0500][gc,phases      ] GC(24067) Phase 3: Adjust pointers 12.036ms
[2020-12-29T01:01:45.245-0500][gc,phases,start] GC(24067) Phase 4: Compact heap
[2020-12-29T01:01:45.251-0500][gc,phases      ] GC(24067) Phase 4: Compact heap 5.720ms
[2020-12-29T01:01:45.256-0500][gc,heap        ] GC(24067) Eden regions: 2->0(10)
[2020-12-29T01:01:45.257-0500][gc,heap        ] GC(24067) Survivor regions: 1->0(2)
[2020-12-29T01:01:45.257-0500][gc,heap        ] GC(24067) Old regions: 41->41
[2020-12-29T01:01:45.257-0500][gc,heap        ] GC(24067) Humongous regions: 4->4
[2020-12-29T01:01:45.257-0500][gc,metaspace   ] GC(24067) Metaspace: 50315K->50315K(1093632K)
[2020-12-29T01:01:45.257-0500][gc,heap        ] GC(24067) Heap after GC invocations=24068 (full 5574): garbage-first heap   total 64512K, used 43315K [0x0000000083000000, 0x0000000100000000)
[2020-12-29T01:01:45.257-0500][gc,heap        ] GC(24067)   region size 1024K, 0 young (0K), 0 survivors (0K)
[2020-12-29T01:01:45.257-0500][gc,heap        ] GC(24067)  Metaspace       used 50315K, capacity 52468K, committed 53888K, reserved 1093632K
[2020-12-29T01:01:45.257-0500][gc,heap        ] GC(24067)   class space    used 7457K, capacity 8250K, committed 8832K, reserved 1048576K
[2020-12-29T01:01:45.257-0500][gc             ] GC(24067) Pause Full (System.gc()) 43M->42M(63M) 67.384ms
[2020-12-29T01:01:45.257-0500][gc,cpu         ] GC(24067) User=0.28s Sys=0.00s Real=0.06s
[2020-12-29T01:04:09.062-0500][gc,heap        ] GC(24068) Heap before GC invocations=24068 (full 5574): garbage-first heap   total 64512K, used 52531K [0x0000000083000000, 0x0000000100000000)
[2020-12-29T01:04:09.062-0500][gc,heap        ] GC(24068)   region size 1024K, 10 young (10240K), 0 survivors (0K)
[2020-12-29T01:04:09.062-0500][gc,heap        ] GC(24068)  Metaspace       used 50315K, capacity 52468K, committed 53888K, reserved 1093632K
[2020-12-29T01:04:09.062-0500][gc,heap        ] GC(24068)   class space    used 7457K, capacity 8250K, committed 8832K, reserved 1048576K
[2020-12-29T01:04:09.063-0500][gc,start       ] GC(24068) Pause Young (Normal) (G1 Evacuation Pause)
[2020-12-29T01:04:09.063-0500][gc,task        ] GC(24068) Using 8 workers of 8 for evacuation
[2020-12-29T01:04:09.067-0500][gc,phases      ] GC(24068)   Pre Evacuate Collection Set: 0.0ms
[2020-12-29T01:04:09.067-0500][gc,phases      ] GC(24068)   Evacuate Collection Set: 1.6ms
[2020-12-29T01:04:09.067-0500][gc,phases      ] GC(24068)   Post Evacuate Collection Set: 3.0ms
[2020-12-29T01:04:09.068-0500][gc,phases      ] GC(24068)   Other: 0.5ms
[2020-12-29T01:04:09.068-0500][gc,heap        ] GC(24068) Eden regions: 10->0(9)
[2020-12-29T01:04:09.068-0500][gc,heap        ] GC(24068) Survivor regions: 0->1(2)
[2020-12-29T01:04:09.068-0500][gc,heap        ] GC(24068) Old regions: 41->41
[2020-12-29T01:04:09.068-0500][gc,heap        ] GC(24068) Humongous regions: 4->4
[2020-12-29T01:04:09.068-0500][gc,metaspace   ] GC(24068) Metaspace: 50315K->50315K(1093632K)
[2020-12-29T01:04:09.068-0500][gc,heap        ] GC(24068) Heap after GC invocations=24069 (full 5574): garbage-first heap   total 64512K, used 43418K [0x0000000083000000, 0x0000000100000000)
[2020-12-29T01:04:09.068-0500][gc,heap        ] GC(24068)   region size 1024K, 1 young (1024K), 1 survivors (1024K)
[2020-12-29T01:04:09.068-0500][gc,heap        ] GC(24068)  Metaspace       used 50315K, capacity 52468K, committed 53888K, reserved 1093632K
[2020-12-29T01:04:09.068-0500][gc,heap        ] GC(24068)   class space    used 7457K, capacity 8250K, committed 8832K, reserved 1048576K
[2020-12-29T01:04:09.068-0500][gc             ] GC(24068) Pause Young (Normal) (G1 Evacuation Pause) 52M->42M(63M) 5.191ms
[2020-12-29T01:04:09.068-0500][gc,cpu         ] GC(24068) User=0.01s Sys=0.01s Real=0.00s
[2020-12-29T01:06:19.069-0500][gc,heap        ] GC(24069) Heap before GC invocations=24069 (full 5574): garbage-first heap   total 64512K, used 51610K [0x0000000083000000, 0x0000000100000000)
[2020-12-29T01:06:19.069-0500][gc,heap        ] GC(24069)   region size 1024K, 10 young (10240K), 1 survivors (1024K)
[2020-12-29T01:06:19.070-0500][gc,heap        ] GC(24069)  Metaspace       used 50315K, capacity 52468K, committed 53888K, reserved 1093632K
[2020-12-29T01:06:19.070-0500][gc,heap        ] GC(24069)   class space    used 7457K, capacity 8250K, committed 8832K, reserved 1048576K
[2020-12-29T01:06:19.070-0500][gc,start       ] GC(24069) Pause Young (Normal) (G1 Evacuation Pause)
[2020-12-29T01:06:19.070-0500][gc,task        ] GC(24069) Using 8 workers of 8 for evacuation
[2020-12-29T01:06:19.077-0500][gc,phases      ] GC(24069)   Pre Evacuate Collection Set: 0.0ms
[2020-12-29T01:06:19.077-0500][gc,phases      ] GC(24069)   Evacuate Collection Set: 2.3ms
[2020-12-29T01:06:19.077-0500][gc,phases      ] GC(24069)   Post Evacuate Collection Set: 4.4ms
[2020-12-29T01:06:19.077-0500][gc,phases      ] GC(24069)   Other: 0.7ms
[2020-12-29T01:06:19.077-0500][gc,heap        ] GC(24069) Eden regions: 9->0(9)
[2020-12-29T01:06:19.077-0500][gc,heap        ] GC(24069) Survivor regions: 1->1(2)
[2020-12-29T01:06:19.077-0500][gc,heap        ] GC(24069) Old regions: 41->41
[2020-12-29T01:06:19.077-0500][gc,heap        ] GC(24069) Humongous regions: 4->4
[2020-12-29T01:06:19.077-0500][gc,metaspace   ] GC(24069) Metaspace: 50315K->50315K(1093632K)
[2020-12-29T01:06:19.077-0500][gc,heap        ] GC(24069) Heap after GC invocations=24070 (full 5574): garbage-first heap   total 64512K, used 43394K [0x0000000083000000, 0x0000000100000000)
[2020-12-29T01:06:19.077-0500][gc,heap        ] GC(24069)   region size 1024K, 1 young (1024K), 1 survivors (1024K)
[2020-12-29T01:06:19.077-0500][gc,heap        ] GC(24069)  Metaspace       used 50315K, capacity 52468K, committed 53888K, reserved 1093632K
[2020-12-29T01:06:19.077-0500][gc,heap        ] GC(24069)   class space    used 7457K, capacity 8250K, committed 8832K, reserved 1048576K
[2020-12-29T01:06:19.077-0500][gc             ] GC(24069) Pause Young (Normal) (G1 Evacuation Pause) 51M->42M(63M) 7.610ms
[2020-12-29T01:06:19.077-0500][gc,cpu         ] GC(24069) User=0.02s Sys=0.00s Real=0.00s
[2020-12-29T01:06:45.190-0500][gc,task        ] GC(24070) Using 5 workers of 8 for full compaction
[2020-12-29T01:06:45.191-0500][gc,start       ] GC(24070) Pause Full (System.gc())
[2020-12-29T01:06:45.191-0500][gc,heap        ] GC(24070) Heap before GC invocations=24070 (full 5574): garbage-first heap   total 64512K, used 43394K [0x0000000083000000, 0x0000000100000000)
[2020-12-29T01:06:45.191-0500][gc,heap        ] GC(24070)   region size 1024K, 3 young (3072K), 1 survivors (1024K)
[2020-12-29T01:06:45.191-0500][gc,heap        ] GC(24070)  Metaspace       used 50315K, capacity 52468K, committed 53888K, reserved 1093632K
[2020-12-29T01:06:45.191-0500][gc,heap        ] GC(24070)   class space    used 7457K, capacity 8250K, committed 8832K, reserved 1048576K
[2020-12-29T01:06:45.191-0500][gc,phases,start] GC(24070) Phase 1: Mark live objects
[2020-12-29T01:06:45.230-0500][gc,stringtable ] GC(24070) Cleaned string and symbol table, strings: 33320 processed, 4 removed, symbols: 120973 processed, 0 removed
[2020-12-29T01:06:45.230-0500][gc,phases      ] GC(24070) Phase 1: Mark live objects 38.901ms
[2020-12-29T01:06:45.230-0500][gc,phases,start] GC(24070) Phase 2: Prepare for compaction
[2020-12-29T01:06:45.234-0500][gc,phases      ] GC(24070) Phase 2: Prepare for compaction 4.357ms
[2020-12-29T01:06:45.234-0500][gc,phases,start] GC(24070) Phase 3: Adjust pointers
[2020-12-29T01:06:45.246-0500][gc,phases      ] GC(24070) Phase 3: Adjust pointers 11.802ms
[2020-12-29T01:06:45.246-0500][gc,phases,start] GC(24070) Phase 4: Compact heap
[2020-12-29T01:06:45.249-0500][gc,phases      ] GC(24070) Phase 4: Compact heap 2.740ms
[2020-12-29T01:06:45.253-0500][gc,heap        ] GC(24070) Eden regions: 2->0(9)
[2020-12-29T01:06:45.253-0500][gc,heap        ] GC(24070) Survivor regions: 1->0(2)
[2020-12-29T01:06:45.253-0500][gc,heap        ] GC(24070) Old regions: 41->42
[2020-12-29T01:06:45.254-0500][gc,heap        ] GC(24070) Humongous regions: 4->4
[2020-12-29T01:06:45.254-0500][gc,metaspace   ] GC(24070) Metaspace: 50315K->50315K(1093632K)
[2020-12-29T01:06:45.254-0500][gc,heap        ] GC(24070) Heap after GC invocations=24071 (full 5575): garbage-first heap   total 64512K, used 43315K [0x0000000083000000, 0x0000000100000000)
[2020-12-29T01:06:45.254-0500][gc,heap        ] GC(24070)   region size 1024K, 0 young (0K), 0 survivors (0K)
[2020-12-29T01:06:45.254-0500][gc,heap        ] GC(24070)  Metaspace       used 50315K, capacity 52468K, committed 53888K, reserved 1093632K
[2020-12-29T01:06:45.254-0500][gc,heap        ] GC(24070)   class space    used 7457K, capacity 8250K, committed 8832K, reserved 1048576K
[2020-12-29T01:06:45.254-0500][gc             ] GC(24070) Pause Full (System.gc()) 43M->42M(63M) 62.989ms
[2020-12-29T01:06:45.254-0500][gc,cpu         ] GC(24070) User=0.28s Sys=0.00s Real=0.06s
[2020-12-29T01:08:49.059-0500][gc,heap        ] GC(24071) Heap before GC invocations=24071 (full 5575): garbage-first heap   total 64512K, used 51507K [0x0000000083000000, 0x0000000100000000)
[2020-12-29T01:08:49.059-0500][gc,heap        ] GC(24071)   region size 1024K, 9 young (9216K), 0 survivors (0K)
[2020-12-29T01:08:49.059-0500][gc,heap        ] GC(24071)  Metaspace       used 50315K, capacity 52468K, committed 53888K, reserved 1093632K
[2020-12-29T01:08:49.059-0500][gc,heap        ] GC(24071)   class space    used 7457K, capacity 8250K, committed 8832K, reserved 1048576K
[2020-12-29T01:08:49.060-0500][gc,start       ] GC(24071) Pause Young (Normal) (G1 Evacuation Pause)
[2020-12-29T01:08:49.060-0500][gc,task        ] GC(24071) Using 8 workers of 8 for evacuation
[2020-12-29T01:08:49.064-0500][gc,phases      ] GC(24071)   Pre Evacuate Collection Set: 0.0ms
[2020-12-29T01:08:49.064-0500][gc,phases      ] GC(24071)   Evacuate Collection Set: 1.5ms
[2020-12-29T01:08:49.064-0500][gc,phases      ] GC(24071)   Post Evacuate Collection Set: 2.3ms
[2020-12-29T01:08:49.064-0500][gc,phases      ] GC(24071)   Other: 0.5ms
[2020-12-29T01:08:49.064-0500][gc,heap        ] GC(24071) Eden regions: 9->0(8)
[2020-12-29T01:08:49.064-0500][gc,heap        ] GC(24071) Survivor regions: 0->1(2)
[2020-12-29T01:08:49.064-0500][gc,heap        ] GC(24071) Old regions: 42->42
[2020-12-29T01:08:49.064-0500][gc,heap        ] GC(24071) Humongous regions: 4->4
[2020-12-29T01:08:49.064-0500][gc,metaspace   ] GC(24071) Metaspace: 50315K->50315K(1093632K)
[2020-12-29T01:08:49.064-0500][gc,heap        ] GC(24071) Heap after GC invocations=24072 (full 5575): garbage-first heap   total 64512K, used 43393K [0x0000000083000000, 0x0000000100000000)
[2020-12-29T01:08:49.064-0500][gc,heap        ] GC(24071)   region size 1024K, 1 young (1024K), 1 survivors (1024K)
[2020-12-29T01:08:49.064-0500][gc,heap        ] GC(24071)  Metaspace       used 50315K, capacity 52468K, committed 53888K, reserved 1093632K
[2020-12-29T01:08:49.064-0500][gc,heap        ] GC(24071)   class space    used 7457K, capacity 8250K, committed 8832K, reserved 1048576K
[2020-12-29T01:08:49.064-0500][gc             ] GC(24071) Pause Young (Normal) (G1 Evacuation Pause) 51M->42M(63M) 4.651ms
[2020-12-29T01:08:49.064-0500][gc,cpu         ] GC(24071) User=0.01s Sys=0.01s Real=0.00s
[2020-12-29T01:10:46.491-0500][gc,heap        ] GC(24072) Heap before GC invocations=24072 (full 5575): garbage-first heap   total 64512K, used 50561K [0x0000000083000000, 0x0000000100000000)
[2020-12-29T01:10:46.491-0500][gc,heap        ] GC(24072)   region size 1024K, 9 young (9216K), 1 survivors (1024K)
[2020-12-29T01:10:46.491-0500][gc,heap        ] GC(24072)  Metaspace       used 50315K, capacity 52468K, committed 53888K, reserved 1093632K
[2020-12-29T01:10:46.491-0500][gc,heap        ] GC(24072)   class space    used 7457K, capacity 8250K, committed 8832K, reserved 1048576K
[2020-12-29T01:10:46.491-0500][gc,start       ] GC(24072) Pause Young (Normal) (G1 Evacuation Pause)
[2020-12-29T01:10:46.491-0500][gc,task        ] GC(24072) Using 8 workers of 8 for evacuation
[2020-12-29T01:10:46.497-0500][gc,phases      ] GC(24072)   Pre Evacuate Collection Set: 0.0ms
[2020-12-29T01:10:46.497-0500][gc,phases      ] GC(24072)   Evacuate Collection Set: 1.3ms
[2020-12-29T01:10:46.498-0500][gc,phases      ] GC(24072)   Post Evacuate Collection Set: 4.7ms
[2020-12-29T01:10:46.498-0500][gc,phases      ] GC(24072)   Other: 0.5ms
[2020-12-29T01:10:46.498-0500][gc,heap        ] GC(24072) Eden regions: 8->0(8)
[2020-12-29T01:10:46.498-0500][gc,heap        ] GC(24072) Survivor regions: 1->1(2)
[2020-12-29T01:10:46.498-0500][gc,heap        ] GC(24072) Old regions: 42->42
[2020-12-29T01:10:46.498-0500][gc,heap        ] GC(24072) Humongous regions: 4->4
[2020-12-29T01:10:46.498-0500][gc,metaspace   ] GC(24072) Metaspace: 50315K->50315K(1093632K)
[2020-12-29T01:10:46.498-0500][gc,heap        ] GC(24072) Heap after GC invocations=24073 (full 5575): garbage-first heap   total 64512K, used 43382K [0x0000000083000000, 0x0000000100000000)
[2020-12-29T01:10:46.498-0500][gc,heap        ] GC(24072)   region size 1024K, 1 young (1024K), 1 survivors (1024K)
[2020-12-29T01:10:46.498-0500][gc,heap        ] GC(24072)  Metaspace       used 50315K, capacity 52468K, committed 53888K, reserved 1093632K
[2020-12-29T01:10:46.498-0500][gc,heap        ] GC(24072)   class space    used 7457K, capacity 8250K, committed 8832K, reserved 1048576K
[2020-12-29T01:10:46.498-0500][gc             ] GC(24072) Pause Young (Normal) (G1 Evacuation Pause) 50M->42M(63M) 6.721ms
[2020-12-29T01:10:46.498-0500][gc,cpu         ] GC(24072) User=0.02s Sys=0.01s Real=0.01s
[2020-12-29T01:11:45.189-0500][gc,task        ] GC(24073) Using 5 workers of 8 for full compaction
[2020-12-29T01:11:45.189-0500][gc,start       ] GC(24073) Pause Full (System.gc())
[2020-12-29T01:11:45.189-0500][gc,heap        ] GC(24073) Heap before GC invocations=24073 (full 5575): garbage-first heap   total 64512K, used 47478K [0x0000000083000000, 0x0000000100000000)
[2020-12-29T01:11:45.189-0500][gc,heap        ] GC(24073)   region size 1024K, 6 young (6144K), 1 survivors (1024K)
[2020-12-29T01:11:45.189-0500][gc,heap        ] GC(24073)  Metaspace       used 50315K, capacity 52468K, committed 53888K, reserved 1093632K
[2020-12-29T01:11:45.189-0500][gc,heap        ] GC(24073)   class space    used 7457K, capacity 8250K, committed 8832K, reserved 1048576K
[2020-12-29T01:11:45.190-0500][gc,phases,start] GC(24073) Phase 1: Mark live objects
[2020-12-29T01:11:45.228-0500][gc,stringtable ] GC(24073) Cleaned string and symbol table, strings: 33320 processed, 4 removed, symbols: 120973 processed, 0 removed
[2020-12-29T01:11:45.228-0500][gc,phases      ] GC(24073) Phase 1: Mark live objects 38.335ms
[2020-12-29T01:11:45.228-0500][gc,phases,start] GC(24073) Phase 2: Prepare for compaction
[2020-12-29T01:11:45.232-0500][gc,phases      ] GC(24073) Phase 2: Prepare for compaction 3.325ms
[2020-12-29T01:11:45.232-0500][gc,phases,start] GC(24073) Phase 3: Adjust pointers
[2020-12-29T01:11:45.243-0500][gc,phases      ] GC(24073) Phase 3: Adjust pointers 10.868ms
[2020-12-29T01:11:45.243-0500][gc,phases,start] GC(24073) Phase 4: Compact heap
[2020-12-29T01:11:45.245-0500][gc,phases      ] GC(24073) Phase 4: Compact heap 2.892ms
[2020-12-29T01:11:45.249-0500][gc,heap        ] GC(24073) Eden regions: 5->0(10)
[2020-12-29T01:11:45.249-0500][gc,heap        ] GC(24073) Survivor regions: 1->0(2)
[2020-12-29T01:11:45.249-0500][gc,heap        ] GC(24073) Old regions: 42->41
[2020-12-29T01:11:45.249-0500][gc,heap        ] GC(24073) Humongous regions: 4->4
[2020-12-29T01:11:45.249-0500][gc,metaspace   ] GC(24073) Metaspace: 50315K->50315K(1093632K)
[2020-12-29T01:11:45.249-0500][gc,heap        ] GC(24073) Heap after GC invocations=24074 (full 5576): garbage-first heap   total 64512K, used 43332K [0x0000000083000000, 0x0000000100000000)
[2020-12-29T01:11:45.249-0500][gc,heap        ] GC(24073)   region size 1024K, 0 young (0K), 0 survivors (0K)
[2020-12-29T01:11:45.249-0500][gc,heap        ] GC(24073)  Metaspace       used 50315K, capacity 52468K, committed 53888K, reserved 1093632K
[2020-12-29T01:11:45.250-0500][gc,heap        ] GC(24073)   class space    used 7457K, capacity 8250K, committed 8832K, reserved 1048576K
[2020-12-29T01:11:45.250-0500][gc             ] GC(24073) Pause Full (System.gc()) 46M->42M(63M) 60.351ms
[2020-12-29T01:11:45.250-0500][gc,cpu         ] GC(24073) User=0.27s Sys=0.00s Real=0.06s
[2020-12-29T01:14:01.691-0500][gc,heap        ] GC(24074) Heap before GC invocations=24074 (full 5576): garbage-first heap   total 64512K, used 53572K [0x0000000083000000, 0x0000000100000000)
[2020-12-29T01:14:01.691-0500][gc,heap        ] GC(24074)   region size 1024K, 10 young (10240K), 0 survivors (0K)
[2020-12-29T01:14:01.691-0500][gc,heap        ] GC(24074)  Metaspace       used 50315K, capacity 52468K, committed 53888K, reserved 1093632K
[2020-12-29T01:14:01.691-0500][gc,heap        ] GC(24074)   class space    used 7457K, capacity 8250K, committed 8832K, reserved 1048576K
[2020-12-29T01:14:01.691-0500][gc,start       ] GC(24074) Pause Young (Normal) (G1 Evacuation Pause)
[2020-12-29T01:14:01.691-0500][gc,task        ] GC(24074) Using 8 workers of 8 for evacuation
[2020-12-29T01:14:01.697-0500][gc,phases      ] GC(24074)   Pre Evacuate Collection Set: 0.0ms
[2020-12-29T01:14:01.697-0500][gc,phases      ] GC(24074)   Evacuate Collection Set: 1.7ms
[2020-12-29T01:14:01.697-0500][gc,phases      ] GC(24074)   Post Evacuate Collection Set: 3.3ms
[2020-12-29T01:14:01.697-0500][gc,phases      ] GC(24074)   Other: 0.9ms
[2020-12-29T01:14:01.697-0500][gc,heap        ] GC(24074) Eden regions: 10->0(9)
[2020-12-29T01:14:01.697-0500][gc,heap        ] GC(24074) Survivor regions: 0->1(2)
[2020-12-29T01:14:01.697-0500][gc,heap        ] GC(24074) Old regions: 41->41
[2020-12-29T01:14:01.697-0500][gc,heap        ] GC(24074) Humongous regions: 4->4
[2020-12-29T01:14:01.697-0500][gc,metaspace   ] GC(24074) Metaspace: 50315K->50315K(1093632K)
[2020-12-29T01:14:01.697-0500][gc,heap        ] GC(24074) Heap after GC invocations=24075 (full 5576): garbage-first heap   total 64512K, used 43427K [0x0000000083000000, 0x0000000100000000)
[2020-12-29T01:14:01.697-0500][gc,heap        ] GC(24074)   region size 1024K, 1 young (1024K), 1 survivors (1024K)
[2020-12-29T01:14:01.697-0500][gc,heap        ] GC(24074)  Metaspace       used 50315K, capacity 52468K, committed 53888K, reserved 1093632K
[2020-12-29T01:14:01.697-0500][gc,heap        ] GC(24074)   class space    used 7457K, capacity 8250K, committed 8832K, reserved 1048576K
[2020-12-29T01:14:01.697-0500][gc             ] GC(24074) Pause Young (Normal) (G1 Evacuation Pause) 52M->42M(63M) 5.657ms
[2020-12-29T01:14:01.697-0500][gc,cpu         ] GC(24074) User=0.01s Sys=0.00s Real=0.00s
[2020-12-29T01:16:10.908-0500][gc,heap        ] GC(24075) Heap before GC invocations=24075 (full 5576): garbage-first heap   total 64512K, used 52643K [0x0000000083000000, 0x0000000100000000)
[2020-12-29T01:16:10.908-0500][gc,heap        ] GC(24075)   region size 1024K, 10 young (10240K), 1 survivors (1024K)
[2020-12-29T01:16:10.908-0500][gc,heap        ] GC(24075)  Metaspace       used 50315K, capacity 52468K, committed 53888K, reserved 1093632K
[2020-12-29T01:16:10.908-0500][gc,heap        ] GC(24075)   class space    used 7457K, capacity 8250K, committed 8832K, reserved 1048576K
[2020-12-29T01:16:10.908-0500][gc,start       ] GC(24075) Pause Young (Normal) (G1 Evacuation Pause)
[2020-12-29T01:16:10.908-0500][gc,task        ] GC(24075) Using 8 workers of 8 for evacuation
[2020-12-29T01:16:10.911-0500][gc,phases      ] GC(24075)   Pre Evacuate Collection Set: 0.0ms
[2020-12-29T01:16:10.911-0500][gc,phases      ] GC(24075)   Evacuate Collection Set: 1.2ms
[2020-12-29T01:16:10.911-0500][gc,phases      ] GC(24075)   Post Evacuate Collection Set: 1.4ms
[2020-12-29T01:16:10.911-0500][gc,phases      ] GC(24075)   Other: 0.4ms
[2020-12-29T01:16:10.911-0500][gc,heap        ] GC(24075) Eden regions: 9->0(9)
[2020-12-29T01:16:10.911-0500][gc,heap        ] GC(24075) Survivor regions: 1->1(2)
[2020-12-29T01:16:10.911-0500][gc,heap        ] GC(24075) Old regions: 41->41
[2020-12-29T01:16:10.911-0500][gc,heap        ] GC(24075) Humongous regions: 4->4
[2020-12-29T01:16:10.911-0500][gc,metaspace   ] GC(24075) Metaspace: 50315K->50315K(1093632K)
[2020-12-29T01:16:10.911-0500][gc,heap        ] GC(24075) Heap after GC invocations=24076 (full 5576): garbage-first heap   total 64512K, used 43415K [0x0000000083000000, 0x0000000100000000)
[2020-12-29T01:16:10.911-0500][gc,heap        ] GC(24075)   region size 1024K, 1 young (1024K), 1 survivors (1024K)
[2020-12-29T01:16:10.911-0500][gc,heap        ] GC(24075)  Metaspace       used 50315K, capacity 52468K, committed 53888K, reserved 1093632K
[2020-12-29T01:16:10.911-0500][gc,heap        ] GC(24075)   class space    used 7457K, capacity 8250K, committed 8832K, reserved 1048576K
[2020-12-29T01:16:10.911-0500][gc             ] GC(24075) Pause Young (Normal) (G1 Evacuation Pause) 51M->42M(63M) 3.119ms
[2020-12-29T01:16:10.911-0500][gc,cpu         ] GC(24075) User=0.01s Sys=0.01s Real=0.00s
[2020-12-29T01:16:45.190-0500][gc,task        ] GC(24076) Using 5 workers of 8 for full compaction
[2020-12-29T01:16:45.191-0500][gc,start       ] GC(24076) Pause Full (System.gc())
[2020-12-29T01:16:45.191-0500][gc,heap        ] GC(24076) Heap before GC invocations=24076 (full 5576): garbage-first heap   total 64512K, used 45463K [0x0000000083000000, 0x0000000100000000)
[2020-12-29T01:16:45.191-0500][gc,heap        ] GC(24076)   region size 1024K, 4 young (4096K), 1 survivors (1024K)
[2020-12-29T01:16:45.191-0500][gc,heap        ] GC(24076)  Metaspace       used 50315K, capacity 52468K, committed 53888K, reserved 1093632K
[2020-12-29T01:16:45.191-0500][gc,heap        ] GC(24076)   class space    used 7457K, capacity 8250K, committed 8832K, reserved 1048576K
[2020-12-29T01:16:45.191-0500][gc,phases,start] GC(24076) Phase 1: Mark live objects
[2020-12-29T01:16:45.217-0500][gc,stringtable ] GC(24076) Cleaned string and symbol table, strings: 33320 processed, 4 removed, symbols: 120973 processed, 0 removed
[2020-12-29T01:16:45.217-0500][gc,phases      ] GC(24076) Phase 1: Mark live objects 26.281ms
[2020-12-29T01:16:45.217-0500][gc,phases,start] GC(24076) Phase 2: Prepare for compaction
[2020-12-29T01:16:45.222-0500][gc,phases      ] GC(24076) Phase 2: Prepare for compaction 4.917ms
[2020-12-29T01:16:45.222-0500][gc,phases,start] GC(24076) Phase 3: Adjust pointers
[2020-12-29T01:16:45.231-0500][gc,phases      ] GC(24076) Phase 3: Adjust pointers 9.117ms
[2020-12-29T01:16:45.231-0500][gc,phases,start] GC(24076) Phase 4: Compact heap
[2020-12-29T01:16:45.234-0500][gc,phases      ] GC(24076) Phase 4: Compact heap 2.851ms
[2020-12-29T01:16:45.238-0500][gc,heap        ] GC(24076) Eden regions: 3->0(9)
[2020-12-29T01:16:45.238-0500][gc,heap        ] GC(24076) Survivor regions: 1->0(2)
[2020-12-29T01:16:45.238-0500][gc,heap        ] GC(24076) Old regions: 41->42
[2020-12-29T01:16:45.238-0500][gc,heap        ] GC(24076) Humongous regions: 4->4
[2020-12-29T01:16:45.238-0500][gc,metaspace   ] GC(24076) Metaspace: 50315K->50315K(1093632K)
[2020-12-29T01:16:45.238-0500][gc,heap        ] GC(24076) Heap after GC invocations=24077 (full 5577): garbage-first heap   total 64512K, used 43321K [0x0000000083000000, 0x0000000100000000)
[2020-12-29T01:16:45.238-0500][gc,heap        ] GC(24076)   region size 1024K, 0 young (0K), 0 survivors (0K)
[2020-12-29T01:16:45.238-0500][gc,heap        ] GC(24076)  Metaspace       used 50315K, capacity 52468K, committed 53888K, reserved 1093632K
[2020-12-29T01:16:45.238-0500][gc,heap        ] GC(24076)   class space    used 7457K, capacity 8250K, committed 8832K, reserved 1048576K
[2020-12-29T01:16:45.238-0500][gc             ] GC(24076) Pause Full (System.gc()) 44M->42M(63M) 47.969ms
[2020-12-29T01:16:45.239-0500][gc,cpu         ] GC(24076) User=0.20s Sys=0.00s Real=0.05s
[2020-12-29T01:18:56.194-0500][gc,heap        ] GC(24077) Heap before GC invocations=24077 (full 5577): garbage-first heap   total 64512K, used 52537K [0x0000000083000000, 0x0000000100000000)
[2020-12-29T01:18:56.194-0500][gc,heap        ] GC(24077)   region size 1024K, 9 young (9216K), 0 survivors (0K)
[2020-12-29T01:18:56.194-0500][gc,heap        ] GC(24077)  Metaspace       used 50315K, capacity 52468K, committed 53888K, reserved 1093632K
[2020-12-29T01:18:56.194-0500][gc,heap        ] GC(24077)   class space    used 7457K, capacity 8250K, committed 8832K, reserved 1048576K
[2020-12-29T01:18:56.195-0500][gc,start       ] GC(24077) Pause Young (Normal) (G1 Evacuation Pause)
[2020-12-29T01:18:56.195-0500][gc,task        ] GC(24077) Using 8 workers of 8 for evacuation
[2020-12-29T01:18:56.206-0500][gc,phases      ] GC(24077)   Pre Evacuate Collection Set: 0.0ms
[2020-12-29T01:18:56.206-0500][gc,phases      ] GC(24077)   Evacuate Collection Set: 9.1ms
[2020-12-29T01:18:56.207-0500][gc,phases      ] GC(24077)   Post Evacuate Collection Set: 2.3ms
[2020-12-29T01:18:56.207-0500][gc,phases      ] GC(24077)   Other: 0.8ms
[2020-12-29T01:18:56.207-0500][gc,heap        ] GC(24077) Eden regions: 9->0(8)
[2020-12-29T01:18:56.207-0500][gc,heap        ] GC(24077) Survivor regions: 0->1(2)
[2020-12-29T01:18:56.207-0500][gc,heap        ] GC(24077) Old regions: 42->42
[2020-12-29T01:18:56.207-0500][gc,heap        ] GC(24077) Humongous regions: 4->4
[2020-12-29T01:18:56.207-0500][gc,metaspace   ] GC(24077) Metaspace: 50315K->50315K(1093632K)
[2020-12-29T01:18:56.207-0500][gc,heap        ] GC(24077) Heap after GC invocations=24078 (full 5577): garbage-first heap   total 64512K, used 43391K [0x0000000083000000, 0x0000000100000000)
[2020-12-29T01:18:56.207-0500][gc,heap        ] GC(24077)   region size 1024K, 1 young (1024K), 1 survivors (1024K)
[2020-12-29T01:18:56.207-0500][gc,heap        ] GC(24077)  Metaspace       used 50315K, capacity 52468K, committed 53888K, reserved 1093632K
[2020-12-29T01:18:56.207-0500][gc,heap        ] GC(24077)   class space    used 7457K, capacity 8250K, committed 8832K, reserved 1048576K
[2020-12-29T01:18:56.207-0500][gc             ] GC(24077) Pause Young (Normal) (G1 Evacuation Pause) 51M->42M(63M) 12.602ms
[2020-12-29T01:18:56.207-0500][gc,cpu         ] GC(24077) User=0.07s Sys=0.00s Real=0.01s
[2020-12-29T01:20:49.066-0500][gc,heap        ] GC(24078) Heap before GC invocations=24078 (full 5577): garbage-first heap   total 64512K, used 50559K [0x0000000083000000, 0x0000000100000000)
[2020-12-29T01:20:49.066-0500][gc,heap        ] GC(24078)   region size 1024K, 9 young (9216K), 1 survivors (1024K)
[2020-12-29T01:20:49.066-0500][gc,heap        ] GC(24078)  Metaspace       used 50315K, capacity 52468K, committed 53888K, reserved 1093632K
[2020-12-29T01:20:49.066-0500][gc,heap        ] GC(24078)   class space    used 7457K, capacity 8250K, committed 8832K, reserved 1048576K
[2020-12-29T01:20:49.067-0500][gc,start       ] GC(24078) Pause Young (Normal) (G1 Evacuation Pause)
[2020-12-29T01:20:49.067-0500][gc,task        ] GC(24078) Using 8 workers of 8 for evacuation
[2020-12-29T01:20:49.069-0500][gc,phases      ] GC(24078)   Pre Evacuate Collection Set: 0.0ms
[2020-12-29T01:20:49.069-0500][gc,phases      ] GC(24078)   Evacuate Collection Set: 0.8ms
[2020-12-29T01:20:49.069-0500][gc,phases      ] GC(24078)   Post Evacuate Collection Set: 1.5ms
[2020-12-29T01:20:49.069-0500][gc,phases      ] GC(24078)   Other: 0.3ms
[2020-12-29T01:20:49.069-0500][gc,heap        ] GC(24078) Eden regions: 8->0(8)
[2020-12-29T01:20:49.069-0500][gc,heap        ] GC(24078) Survivor regions: 1->1(2)
[2020-12-29T01:20:49.069-0500][gc,heap        ] GC(24078) Old regions: 42->42
[2020-12-29T01:20:49.069-0500][gc,heap        ] GC(24078) Humongous regions: 4->4
[2020-12-29T01:20:49.069-0500][gc,metaspace   ] GC(24078) Metaspace: 50315K->50315K(1093632K)
[2020-12-29T01:20:49.069-0500][gc,heap        ] GC(24078) Heap after GC invocations=24079 (full 5577): garbage-first heap   total 64512K, used 43377K [0x0000000083000000, 0x0000000100000000)
[2020-12-29T01:20:49.069-0500][gc,heap        ] GC(24078)   region size 1024K, 1 young (1024K), 1 survivors (1024K)
[2020-12-29T01:20:49.069-0500][gc,heap        ] GC(24078)  Metaspace       used 50315K, capacity 52468K, committed 53888K, reserved 1093632K
[2020-12-29T01:20:49.069-0500][gc,heap        ] GC(24078)   class space    used 7457K, capacity 8250K, committed 8832K, reserved 1048576K
[2020-12-29T01:20:49.069-0500][gc             ] GC(24078) Pause Young (Normal) (G1 Evacuation Pause) 50M->42M(63M) 2.690ms
[2020-12-29T01:20:49.069-0500][gc,cpu         ] GC(24078) User=0.00s Sys=0.00s Real=0.01s
[2020-12-29T01:21:45.190-0500][gc,task        ] GC(24079) Using 5 workers of 8 for full compaction
[2020-12-29T01:21:45.190-0500][gc,start       ] GC(24079) Pause Full (System.gc())
[2020-12-29T01:21:45.190-0500][gc,heap        ] GC(24079) Heap before GC invocations=24079 (full 5577): garbage-first heap   total 64512K, used 46449K [0x0000000083000000, 0x0000000100000000)
[2020-12-29T01:21:45.190-0500][gc,heap        ] GC(24079)   region size 1024K, 5 young (5120K), 1 survivors (1024K)
[2020-12-29T01:21:45.190-0500][gc,heap        ] GC(24079)  Metaspace       used 50315K, capacity 52468K, committed 53888K, reserved 1093632K
[2020-12-29T01:21:45.190-0500][gc,heap        ] GC(24079)   class space    used 7457K, capacity 8250K, committed 8832K, reserved 1048576K
[2020-12-29T01:21:45.190-0500][gc,phases,start] GC(24079) Phase 1: Mark live objects
[2020-12-29T01:21:45.227-0500][gc,stringtable ] GC(24079) Cleaned string and symbol table, strings: 33320 processed, 4 removed, symbols: 120973 processed, 0 removed
[2020-12-29T01:21:45.227-0500][gc,phases      ] GC(24079) Phase 1: Mark live objects 36.582ms
[2020-12-29T01:21:45.227-0500][gc,phases,start] GC(24079) Phase 2: Prepare for compaction
[2020-12-29T01:21:45.231-0500][gc,phases      ] GC(24079) Phase 2: Prepare for compaction 3.631ms
[2020-12-29T01:21:45.231-0500][gc,phases,start] GC(24079) Phase 3: Adjust pointers
[2020-12-29T01:21:45.240-0500][gc,phases      ] GC(24079) Phase 3: Adjust pointers 9.332ms
[2020-12-29T01:21:45.240-0500][gc,phases,start] GC(24079) Phase 4: Compact heap
[2020-12-29T01:21:45.243-0500][gc,phases      ] GC(24079) Phase 4: Compact heap 2.443ms
[2020-12-29T01:21:45.247-0500][gc,heap        ] GC(24079) Eden regions: 4->0(9)
[2020-12-29T01:21:45.247-0500][gc,heap        ] GC(24079) Survivor regions: 1->0(2)
[2020-12-29T01:21:45.247-0500][gc,heap        ] GC(24079) Old regions: 42->42
[2020-12-29T01:21:45.247-0500][gc,heap        ] GC(24079) Humongous regions: 4->4
[2020-12-29T01:21:45.247-0500][gc,metaspace   ] GC(24079) Metaspace: 50315K->50315K(1093632K)
[2020-12-29T01:21:45.247-0500][gc,heap        ] GC(24079) Heap after GC invocations=24080 (full 5578): garbage-first heap   total 64512K, used 43333K [0x0000000083000000, 0x0000000100000000)
[2020-12-29T01:21:45.247-0500][gc,heap        ] GC(24079)   region size 1024K, 0 young (0K), 0 survivors (0K)
[2020-12-29T01:21:45.247-0500][gc,heap        ] GC(24079)  Metaspace       used 50315K, capacity 52468K, committed 53888K, reserved 1093632K
[2020-12-29T01:21:45.247-0500][gc,heap        ] GC(24079)   class space    used 7457K, capacity 8250K, committed 8832K, reserved 1048576K
[2020-12-29T01:21:45.247-0500][gc             ] GC(24079) Pause Full (System.gc()) 46M->42M(63M) 56.520ms
[2020-12-29T01:21:45.247-0500][gc,cpu         ] GC(24079) User=0.25s Sys=0.00s Real=0.05s
[2020-12-29T01:23:59.060-0500][gc,heap        ] GC(24080) Heap before GC invocations=24080 (full 5578): garbage-first heap   total 64512K, used 51525K [0x0000000083000000, 0x0000000100000000)
[2020-12-29T01:23:59.060-0500][gc,heap        ] GC(24080)   region size 1024K, 9 young (9216K), 0 survivors (0K)
[2020-12-29T01:23:59.060-0500][gc,heap        ] GC(24080)  Metaspace       used 50315K, capacity 52468K, committed 53888K, reserved 1093632K
[2020-12-29T01:23:59.060-0500][gc,heap        ] GC(24080)   class space    used 7457K, capacity 8250K, committed 8832K, reserved 1048576K
[2020-12-29T01:23:59.060-0500][gc,start       ] GC(24080) Pause Young (Normal) (G1 Evacuation Pause)
[2020-12-29T01:23:59.060-0500][gc,task        ] GC(24080) Using 8 workers of 8 for evacuation
[2020-12-29T01:23:59.064-0500][gc,phases      ] GC(24080)   Pre Evacuate Collection Set: 0.0ms
[2020-12-29T01:23:59.064-0500][gc,phases      ] GC(24080)   Evacuate Collection Set: 1.3ms
[2020-12-29T01:23:59.064-0500][gc,phases      ] GC(24080)   Post Evacuate Collection Set: 2.4ms
[2020-12-29T01:23:59.065-0500][gc,phases      ] GC(24080)   Other: 0.5ms
[2020-12-29T01:23:59.065-0500][gc,heap        ] GC(24080) Eden regions: 9->0(8)
[2020-12-29T01:23:59.065-0500][gc,heap        ] GC(24080) Survivor regions: 0->1(2)
[2020-12-29T01:23:59.065-0500][gc,heap        ] GC(24080) Old regions: 42->42
[2020-12-29T01:23:59.065-0500][gc,heap        ] GC(24080) Humongous regions: 4->4
[2020-12-29T01:23:59.065-0500][gc,metaspace   ] GC(24080) Metaspace: 50315K->50315K(1093632K)
[2020-12-29T01:23:59.065-0500][gc,heap        ] GC(24080) Heap after GC invocations=24081 (full 5578): garbage-first heap   total 64512K, used 43420K [0x0000000083000000, 0x0000000100000000)
[2020-12-29T01:23:59.065-0500][gc,heap        ] GC(24080)   region size 1024K, 1 young (1024K), 1 survivors (1024K)
[2020-12-29T01:23:59.065-0500][gc,heap        ] GC(24080)  Metaspace       used 50315K, capacity 52468K, committed 53888K, reserved 1093632K
[2020-12-29T01:23:59.065-0500][gc,heap        ] GC(24080)   class space    used 7457K, capacity 8250K, committed 8832K, reserved 1048576K
[2020-12-29T01:23:59.065-0500][gc             ] GC(24080) Pause Young (Normal) (G1 Evacuation Pause) 51M->42M(63M) 4.365ms
[2020-12-29T01:23:59.065-0500][gc,cpu         ] GC(24080) User=0.00s Sys=0.00s Real=0.00s
[2020-12-29T01:25:49.067-0500][gc,heap        ] GC(24081) Heap before GC invocations=24081 (full 5578): garbage-first heap   total 64512K, used 50588K [0x0000000083000000, 0x0000000100000000)
[2020-12-29T01:25:49.067-0500][gc,heap        ] GC(24081)   region size 1024K, 9 young (9216K), 1 survivors (1024K)
[2020-12-29T01:25:49.067-0500][gc,heap        ] GC(24081)  Metaspace       used 50315K, capacity 52468K, committed 53888K, reserved 1093632K
[2020-12-29T01:25:49.067-0500][gc,heap        ] GC(24081)   class space    used 7457K, capacity 8250K, committed 8832K, reserved 1048576K
[2020-12-29T01:25:49.067-0500][gc,start       ] GC(24081) Pause Young (Normal) (G1 Evacuation Pause)
[2020-12-29T01:25:49.067-0500][gc,task        ] GC(24081) Using 8 workers of 8 for evacuation
[2020-12-29T01:25:49.073-0500][gc,phases      ] GC(24081)   Pre Evacuate Collection Set: 0.0ms
[2020-12-29T01:25:49.073-0500][gc,phases      ] GC(24081)   Evacuate Collection Set: 2.8ms
[2020-12-29T01:25:49.073-0500][gc,phases      ] GC(24081)   Post Evacuate Collection Set: 2.8ms
[2020-12-29T01:25:49.073-0500][gc,phases      ] GC(24081)   Other: 0.4ms
[2020-12-29T01:25:49.073-0500][gc,heap        ] GC(24081) Eden regions: 8->0(8)
[2020-12-29T01:25:49.073-0500][gc,heap        ] GC(24081) Survivor regions: 1->1(2)
[2020-12-29T01:25:49.073-0500][gc,heap        ] GC(24081) Old regions: 42->42
[2020-12-29T01:25:49.073-0500][gc,heap        ] GC(24081) Humongous regions: 4->4
[2020-12-29T01:25:49.073-0500][gc,metaspace   ] GC(24081) Metaspace: 50315K->50315K(1093632K)
[2020-12-29T01:25:49.073-0500][gc,heap        ] GC(24081) Heap after GC invocations=24082 (full 5578): garbage-first heap   total 64512K, used 43407K [0x0000000083000000, 0x0000000100000000)
[2020-12-29T01:25:49.073-0500][gc,heap        ] GC(24081)   region size 1024K, 1 young (1024K), 1 survivors (1024K)
[2020-12-29T01:25:49.073-0500][gc,heap        ] GC(24081)  Metaspace       used 50315K, capacity 52468K, committed 53888K, reserved 1093632K
[2020-12-29T01:25:49.073-0500][gc,heap        ] GC(24081)   class space    used 7457K, capacity 8250K, committed 8832K, reserved 1048576K
[2020-12-29T01:25:49.073-0500][gc             ] GC(24081) Pause Young (Normal) (G1 Evacuation Pause) 50M->42M(63M) 6.176ms
[2020-12-29T01:25:49.073-0500][gc,cpu         ] GC(24081) User=0.01s Sys=0.00s Real=0.01s
[2020-12-29T01:26:45.190-0500][gc,task        ] GC(24082) Using 5 workers of 8 for full compaction
[2020-12-29T01:26:45.190-0500][gc,start       ] GC(24082) Pause Full (System.gc())
[2020-12-29T01:26:45.190-0500][gc,heap        ] GC(24082) Heap before GC invocations=24082 (full 5578): garbage-first heap   total 64512K, used 46479K [0x0000000083000000, 0x0000000100000000)
[2020-12-29T01:26:45.190-0500][gc,heap        ] GC(24082)   region size 1024K, 5 young (5120K), 1 survivors (1024K)
[2020-12-29T01:26:45.190-0500][gc,heap        ] GC(24082)  Metaspace       used 50315K, capacity 52468K, committed 53888K, reserved 1093632K
[2020-12-29T01:26:45.190-0500][gc,heap        ] GC(24082)   class space    used 7457K, capacity 8250K, committed 8832K, reserved 1048576K
[2020-12-29T01:26:45.193-0500][gc,phases,start] GC(24082) Phase 1: Mark live objects
[2020-12-29T01:26:45.213-0500][gc,stringtable ] GC(24082) Cleaned string and symbol table, strings: 33320 processed, 4 removed, symbols: 120973 processed, 0 removed
[2020-12-29T01:26:45.213-0500][gc,phases      ] GC(24082) Phase 1: Mark live objects 19.935ms
[2020-12-29T01:26:45.213-0500][gc,phases,start] GC(24082) Phase 2: Prepare for compaction
[2020-12-29T01:26:45.216-0500][gc,phases      ] GC(24082) Phase 2: Prepare for compaction 3.458ms
[2020-12-29T01:26:45.217-0500][gc,phases,start] GC(24082) Phase 3: Adjust pointers
[2020-12-29T01:26:45.226-0500][gc,phases      ] GC(24082) Phase 3: Adjust pointers 9.470ms
[2020-12-29T01:26:45.226-0500][gc,phases,start] GC(24082) Phase 4: Compact heap
[2020-12-29T01:26:45.228-0500][gc,phases      ] GC(24082) Phase 4: Compact heap 2.424ms
[2020-12-29T01:26:45.232-0500][gc,heap        ] GC(24082) Eden regions: 4->0(9)
[2020-12-29T01:26:45.233-0500][gc,heap        ] GC(24082) Survivor regions: 1->0(2)
[2020-12-29T01:26:45.233-0500][gc,heap        ] GC(24082) Old regions: 42->42
[2020-12-29T01:26:45.233-0500][gc,heap        ] GC(24082) Humongous regions: 4->4
[2020-12-29T01:26:45.233-0500][gc,metaspace   ] GC(24082) Metaspace: 50315K->50315K(1093632K)
[2020-12-29T01:26:45.233-0500][gc,heap        ] GC(24082) Heap after GC invocations=24083 (full 5579): garbage-first heap   total 64512K, used 43334K [0x0000000083000000, 0x0000000100000000)
[2020-12-29T01:26:45.233-0500][gc,heap        ] GC(24082)   region size 1024K, 0 young (0K), 0 survivors (0K)
[2020-12-29T01:26:45.233-0500][gc,heap        ] GC(24082)  Metaspace       used 50315K, capacity 52468K, committed 53888K, reserved 1093632K
[2020-12-29T01:26:45.233-0500][gc,heap        ] GC(24082)   class space    used 7457K, capacity 8250K, committed 8832K, reserved 1048576K
[2020-12-29T01:26:45.233-0500][gc             ] GC(24082) Pause Full (System.gc()) 46M->42M(63M) 42.173ms
[2020-12-29T01:26:45.233-0500][gc,cpu         ] GC(24082) User=0.17s Sys=0.00s Real=0.04s
[2020-12-29T01:28:59.061-0500][gc,heap        ] GC(24083) Heap before GC invocations=24083 (full 5579): garbage-first heap   total 64512K, used 51526K [0x0000000083000000, 0x0000000100000000)
[2020-12-29T01:28:59.061-0500][gc,heap        ] GC(24083)   region size 1024K, 9 young (9216K), 0 survivors (0K)
[2020-12-29T01:28:59.061-0500][gc,heap        ] GC(24083)  Metaspace       used 50315K, capacity 52468K, committed 53888K, reserved 1093632K
[2020-12-29T01:28:59.061-0500][gc,heap        ] GC(24083)   class space    used 7457K, capacity 8250K, committed 8832K, reserved 1048576K
[2020-12-29T01:28:59.061-0500][gc,start       ] GC(24083) Pause Young (Normal) (G1 Evacuation Pause)
[2020-12-29T01:28:59.061-0500][gc,task        ] GC(24083) Using 8 workers of 8 for evacuation
[2020-12-29T01:28:59.063-0500][gc,phases      ] GC(24083)   Pre Evacuate Collection Set: 0.0ms
[2020-12-29T01:28:59.063-0500][gc,phases      ] GC(24083)   Evacuate Collection Set: 0.7ms
[2020-12-29T01:28:59.063-0500][gc,phases      ] GC(24083)   Post Evacuate Collection Set: 1.3ms
[2020-12-29T01:28:59.063-0500][gc,phases      ] GC(24083)   Other: 0.2ms
[2020-12-29T01:28:59.063-0500][gc,heap        ] GC(24083) Eden regions: 9->0(8)
[2020-12-29T01:28:59.063-0500][gc,heap        ] GC(24083) Survivor regions: 0->1(2)
[2020-12-29T01:28:59.063-0500][gc,heap        ] GC(24083) Old regions: 42->42
[2020-12-29T01:28:59.063-0500][gc,heap        ] GC(24083) Humongous regions: 4->4
[2020-12-29T01:28:59.063-0500][gc,metaspace   ] GC(24083) Metaspace: 50315K->50315K(1093632K)
[2020-12-29T01:28:59.063-0500][gc,heap        ] GC(24083) Heap after GC invocations=24084 (full 5579): garbage-first heap   total 64512K, used 43407K [0x0000000083000000, 0x0000000100000000)
[2020-12-29T01:28:59.063-0500][gc,heap        ] GC(24083)   region size 1024K, 1 young (1024K), 1 survivors (1024K)
[2020-12-29T01:28:59.063-0500][gc,heap        ] GC(24083)  Metaspace       used 50315K, capacity 52468K, committed 53888K, reserved 1093632K
[2020-12-29T01:28:59.064-0500][gc,heap        ] GC(24083)   class space    used 7457K, capacity 8250K, committed 8832K, reserved 1048576K
[2020-12-29T01:28:59.064-0500][gc             ] GC(24083) Pause Young (Normal) (G1 Evacuation Pause) 51M->42M(63M) 2.194ms
[2020-12-29T01:28:59.064-0500][gc,cpu         ] GC(24083) User=0.00s Sys=0.00s Real=0.00s
[2020-12-29T01:30:51.906-0500][gc,heap        ] GC(24084) Heap before GC invocations=24084 (full 5579): garbage-first heap   total 64512K, used 51599K [0x0000000083000000, 0x0000000100000000)
[2020-12-29T01:30:51.906-0500][gc,heap        ] GC(24084)   region size 1024K, 9 young (9216K), 1 survivors (1024K)
[2020-12-29T01:30:51.906-0500][gc,heap        ] GC(24084)  Metaspace       used 50315K, capacity 52468K, committed 53888K, reserved 1093632K
[2020-12-29T01:30:51.906-0500][gc,heap        ] GC(24084)   class space    used 7457K, capacity 8250K, committed 8832K, reserved 1048576K
[2020-12-29T01:30:51.906-0500][gc,start       ] GC(24084) Pause Young (Normal) (G1 Evacuation Pause)
[2020-12-29T01:30:51.906-0500][gc,task        ] GC(24084) Using 8 workers of 8 for evacuation
[2020-12-29T01:30:51.910-0500][gc,phases      ] GC(24084)   Pre Evacuate Collection Set: 0.0ms
[2020-12-29T01:30:51.910-0500][gc,phases      ] GC(24084)   Evacuate Collection Set: 0.9ms
[2020-12-29T01:30:51.910-0500][gc,phases      ] GC(24084)   Post Evacuate Collection Set: 2.9ms
[2020-12-29T01:30:51.910-0500][gc,phases      ] GC(24084)   Other: 0.3ms
[2020-12-29T01:30:51.910-0500][gc,heap        ] GC(24084) Eden regions: 8->0(8)
[2020-12-29T01:30:51.910-0500][gc,heap        ] GC(24084) Survivor regions: 1->1(2)
[2020-12-29T01:30:51.910-0500][gc,heap        ] GC(24084) Old regions: 42->42
[2020-12-29T01:30:51.910-0500][gc,heap        ] GC(24084) Humongous regions: 4->4
[2020-12-29T01:30:51.910-0500][gc,metaspace   ] GC(24084) Metaspace: 50315K->50315K(1093632K)
[2020-12-29T01:30:51.910-0500][gc,heap        ] GC(24084) Heap after GC invocations=24085 (full 5579): garbage-first heap   total 64512K, used 43402K [0x0000000083000000, 0x0000000100000000)
[2020-12-29T01:30:51.910-0500][gc,heap        ] GC(24084)   region size 1024K, 1 young (1024K), 1 survivors (1024K)
[2020-12-29T01:30:51.910-0500][gc,heap        ] GC(24084)  Metaspace       used 50315K, capacity 52468K, committed 53888K, reserved 1093632K
[2020-12-29T01:30:51.910-0500][gc,heap        ] GC(24084)   class space    used 7457K, capacity 8250K, committed 8832K, reserved 1048576K
[2020-12-29T01:30:51.911-0500][gc             ] GC(24084) Pause Young (Normal) (G1 Evacuation Pause) 50M->42M(63M) 4.254ms
[2020-12-29T01:30:51.911-0500][gc,cpu         ] GC(24084) User=0.01s Sys=0.01s Real=0.01s
[2020-12-29T01:31:45.188-0500][gc,task        ] GC(24085) Using 5 workers of 8 for full compaction
[2020-12-29T01:31:45.188-0500][gc,start       ] GC(24085) Pause Full (System.gc())
[2020-12-29T01:31:45.188-0500][gc,heap        ] GC(24085) Heap before GC invocations=24085 (full 5579): garbage-first heap   total 64512K, used 46474K [0x0000000083000000, 0x0000000100000000)
[2020-12-29T01:31:45.189-0500][gc,heap        ] GC(24085)   region size 1024K, 5 young (5120K), 1 survivors (1024K)
[2020-12-29T01:31:45.189-0500][gc,heap        ] GC(24085)  Metaspace       used 50315K, capacity 52468K, committed 53888K, reserved 1093632K
[2020-12-29T01:31:45.189-0500][gc,heap        ] GC(24085)   class space    used 7457K, capacity 8250K, committed 8832K, reserved 1048576K
[2020-12-29T01:31:45.189-0500][gc,phases,start] GC(24085) Phase 1: Mark live objects
[2020-12-29T01:31:45.209-0500][gc,stringtable ] GC(24085) Cleaned string and symbol table, strings: 33320 processed, 4 removed, symbols: 120973 processed, 0 removed
[2020-12-29T01:31:45.209-0500][gc,phases      ] GC(24085) Phase 1: Mark live objects 20.242ms
[2020-12-29T01:31:45.209-0500][gc,phases,start] GC(24085) Phase 2: Prepare for compaction
[2020-12-29T01:31:45.213-0500][gc,phases      ] GC(24085) Phase 2: Prepare for compaction 3.556ms
[2020-12-29T01:31:45.213-0500][gc,phases,start] GC(24085) Phase 3: Adjust pointers
[2020-12-29T01:31:45.223-0500][gc,phases      ] GC(24085) Phase 3: Adjust pointers 10.125ms
[2020-12-29T01:31:45.223-0500][gc,phases,start] GC(24085) Phase 4: Compact heap
[2020-12-29T01:31:45.225-0500][gc,phases      ] GC(24085) Phase 4: Compact heap 2.686ms
[2020-12-29T01:31:45.230-0500][gc,heap        ] GC(24085) Eden regions: 4->0(9)
[2020-12-29T01:31:45.230-0500][gc,heap        ] GC(24085) Survivor regions: 1->0(2)
[2020-12-29T01:31:45.230-0500][gc,heap        ] GC(24085) Old regions: 42->42
[2020-12-29T01:31:45.230-0500][gc,heap        ] GC(24085) Humongous regions: 4->4
[2020-12-29T01:31:45.230-0500][gc,metaspace   ] GC(24085) Metaspace: 50315K->50315K(1093632K)
[2020-12-29T01:31:45.230-0500][gc,heap        ] GC(24085) Heap after GC invocations=24086 (full 5580): garbage-first heap   total 64512K, used 43335K [0x0000000083000000, 0x0000000100000000)
[2020-12-29T01:31:45.230-0500][gc,heap        ] GC(24085)   region size 1024K, 0 young (0K), 0 survivors (0K)
[2020-12-29T01:31:45.230-0500][gc,heap        ] GC(24085)  Metaspace       used 50315K, capacity 52468K, committed 53888K, reserved 1093632K
[2020-12-29T01:31:45.230-0500][gc,heap        ] GC(24085)   class space    used 7457K, capacity 8250K, committed 8832K, reserved 1048576K
[2020-12-29T01:31:45.230-0500][gc             ] GC(24085) Pause Full (System.gc()) 46M->42M(63M) 41.152ms
[2020-12-29T01:31:45.230-0500][gc,cpu         ] GC(24085) User=0.17s Sys=0.00s Real=0.04s
[2020-12-29T01:33:54.908-0500][gc,heap        ] GC(24086) Heap before GC invocations=24086 (full 5580): garbage-first heap   total 64512K, used 52551K [0x0000000083000000, 0x0000000100000000)
[2020-12-29T01:33:54.908-0500][gc,heap        ] GC(24086)   region size 1024K, 9 young (9216K), 0 survivors (0K)
[2020-12-29T01:33:54.908-0500][gc,heap        ] GC(24086)  Metaspace       used 50315K, capacity 52468K, committed 53888K, reserved 1093632K
[2020-12-29T01:33:54.908-0500][gc,heap        ] GC(24086)   class space    used 7457K, capacity 8250K, committed 8832K, reserved 1048576K
[2020-12-29T01:33:54.908-0500][gc,start       ] GC(24086) Pause Young (Normal) (G1 Evacuation Pause)
[2020-12-29T01:33:54.908-0500][gc,task        ] GC(24086) Using 8 workers of 8 for evacuation
[2020-12-29T01:33:54.912-0500][gc,phases      ] GC(24086)   Pre Evacuate Collection Set: 0.0ms
[2020-12-29T01:33:54.912-0500][gc,phases      ] GC(24086)   Evacuate Collection Set: 1.5ms
[2020-12-29T01:33:54.912-0500][gc,phases      ] GC(24086)   Post Evacuate Collection Set: 2.6ms
[2020-12-29T01:33:54.912-0500][gc,phases      ] GC(24086)   Other: 0.6ms
[2020-12-29T01:33:54.912-0500][gc,heap        ] GC(24086) Eden regions: 9->0(8)
[2020-12-29T01:33:54.912-0500][gc,heap        ] GC(24086) Survivor regions: 0->1(2)
[2020-12-29T01:33:54.912-0500][gc,heap        ] GC(24086) Old regions: 42->42
[2020-12-29T01:33:54.913-0500][gc,heap        ] GC(24086) Humongous regions: 4->4
[2020-12-29T01:33:54.913-0500][gc,metaspace   ] GC(24086) Metaspace: 50315K->50315K(1093632K)
[2020-12-29T01:33:54.913-0500][gc,heap        ] GC(24086) Heap after GC invocations=24087 (full 5580): garbage-first heap   total 64512K, used 43405K [0x0000000083000000, 0x0000000100000000)
[2020-12-29T01:33:54.913-0500][gc,heap        ] GC(24086)   region size 1024K, 1 young (1024K), 1 survivors (1024K)
[2020-12-29T01:33:54.913-0500][gc,heap        ] GC(24086)  Metaspace       used 50315K, capacity 52468K, committed 53888K, reserved 1093632K
[2020-12-29T01:33:54.913-0500][gc,heap        ] GC(24086)   class space    used 7457K, capacity 8250K, committed 8832K, reserved 1048576K
[2020-12-29T01:33:54.913-0500][gc             ] GC(24086) Pause Young (Normal) (G1 Evacuation Pause) 51M->42M(63M) 4.668ms
[2020-12-29T01:33:54.913-0500][gc,cpu         ] GC(24086) User=0.00s Sys=0.00s Real=0.00s
[2020-12-29T01:35:49.062-0500][gc,heap        ] GC(24087) Heap before GC invocations=24087 (full 5580): garbage-first heap   total 64512K, used 51597K [0x0000000083000000, 0x0000000100000000)
[2020-12-29T01:35:49.063-0500][gc,heap        ] GC(24087)   region size 1024K, 9 young (9216K), 1 survivors (1024K)
[2020-12-29T01:35:49.063-0500][gc,heap        ] GC(24087)  Metaspace       used 50315K, capacity 52468K, committed 53888K, reserved 1093632K
[2020-12-29T01:35:49.063-0500][gc,heap        ] GC(24087)   class space    used 7457K, capacity 8250K, committed 8832K, reserved 1048576K
[2020-12-29T01:35:49.063-0500][gc,start       ] GC(24087) Pause Young (Normal) (G1 Evacuation Pause)
[2020-12-29T01:35:49.063-0500][gc,task        ] GC(24087) Using 8 workers of 8 for evacuation
[2020-12-29T01:35:49.068-0500][gc,phases      ] GC(24087)   Pre Evacuate Collection Set: 0.0ms
[2020-12-29T01:35:49.069-0500][gc,phases      ] GC(24087)   Evacuate Collection Set: 1.4ms
[2020-12-29T01:35:49.069-0500][gc,phases      ] GC(24087)   Post Evacuate Collection Set: 4.2ms
[2020-12-29T01:35:49.069-0500][gc,phases      ] GC(24087)   Other: 0.5ms
[2020-12-29T01:35:49.069-0500][gc,heap        ] GC(24087) Eden regions: 8->0(8)
[2020-12-29T01:35:49.069-0500][gc,heap        ] GC(24087) Survivor regions: 1->1(2)
[2020-12-29T01:35:49.069-0500][gc,heap        ] GC(24087) Old regions: 42->42
[2020-12-29T01:35:49.069-0500][gc,heap        ] GC(24087) Humongous regions: 4->4
[2020-12-29T01:35:49.069-0500][gc,metaspace   ] GC(24087) Metaspace: 50315K->50315K(1093632K)
[2020-12-29T01:35:49.069-0500][gc,heap        ] GC(24087) Heap after GC invocations=24088 (full 5580): garbage-first heap   total 64512K, used 43407K [0x0000000083000000, 0x0000000100000000)
[2020-12-29T01:35:49.069-0500][gc,heap        ] GC(24087)   region size 1024K, 1 young (1024K), 1 survivors (1024K)
[2020-12-29T01:35:49.069-0500][gc,heap        ] GC(24087)  Metaspace       used 50315K, capacity 52468K, committed 53888K, reserved 1093632K
[2020-12-29T01:35:49.069-0500][gc,heap        ] GC(24087)   class space    used 7457K, capacity 8250K, committed 8832K, reserved 1048576K
[2020-12-29T01:35:49.069-0500][gc             ] GC(24087) Pause Young (Normal) (G1 Evacuation Pause) 50M->42M(63M) 6.170ms
[2020-12-29T01:35:49.069-0500][gc,cpu         ] GC(24087) User=0.02s Sys=0.01s Real=0.01s
[2020-12-29T01:36:45.190-0500][gc,task        ] GC(24088) Using 5 workers of 8 for full compaction
[2020-12-29T01:36:45.190-0500][gc,start       ] GC(24088) Pause Full (System.gc())
[2020-12-29T01:36:45.190-0500][gc,heap        ] GC(24088) Heap before GC invocations=24088 (full 5580): garbage-first heap   total 64512K, used 46479K [0x0000000083000000, 0x0000000100000000)
[2020-12-29T01:36:45.190-0500][gc,heap        ] GC(24088)   region size 1024K, 5 young (5120K), 1 survivors (1024K)
[2020-12-29T01:36:45.190-0500][gc,heap        ] GC(24088)  Metaspace       used 50315K, capacity 52468K, committed 53888K, reserved 1093632K
[2020-12-29T01:36:45.190-0500][gc,heap        ] GC(24088)   class space    used 7457K, capacity 8250K, committed 8832K, reserved 1048576K
[2020-12-29T01:36:45.191-0500][gc,phases,start] GC(24088) Phase 1: Mark live objects
[2020-12-29T01:36:45.227-0500][gc,stringtable ] GC(24088) Cleaned string and symbol table, strings: 33320 processed, 4 removed, symbols: 120973 processed, 0 removed
[2020-12-29T01:36:45.227-0500][gc,phases      ] GC(24088) Phase 1: Mark live objects 36.058ms
[2020-12-29T01:36:45.227-0500][gc,phases,start] GC(24088) Phase 2: Prepare for compaction
[2020-12-29T01:36:45.233-0500][gc,phases      ] GC(24088) Phase 2: Prepare for compaction 5.839ms
[2020-12-29T01:36:45.233-0500][gc,phases,start] GC(24088) Phase 3: Adjust pointers
[2020-12-29T01:36:45.242-0500][gc,phases      ] GC(24088) Phase 3: Adjust pointers 8.972ms
[2020-12-29T01:36:45.242-0500][gc,phases,start] GC(24088) Phase 4: Compact heap
[2020-12-29T01:36:45.246-0500][gc,phases      ] GC(24088) Phase 4: Compact heap 3.859ms
[2020-12-29T01:36:45.250-0500][gc,heap        ] GC(24088) Eden regions: 4->0(9)
[2020-12-29T01:36:45.250-0500][gc,heap        ] GC(24088) Survivor regions: 1->0(2)
[2020-12-29T01:36:45.250-0500][gc,heap        ] GC(24088) Old regions: 42->42
[2020-12-29T01:36:45.250-0500][gc,heap        ] GC(24088) Humongous regions: 4->4
[2020-12-29T01:36:45.250-0500][gc,metaspace   ] GC(24088) Metaspace: 50315K->50315K(1093632K)
[2020-12-29T01:36:45.250-0500][gc,heap        ] GC(24088) Heap after GC invocations=24089 (full 5581): garbage-first heap   total 64512K, used 43334K [0x0000000083000000, 0x0000000100000000)
[2020-12-29T01:36:45.250-0500][gc,heap        ] GC(24088)   region size 1024K, 0 young (0K), 0 survivors (0K)
[2020-12-29T01:36:45.250-0500][gc,heap        ] GC(24088)  Metaspace       used 50315K, capacity 52468K, committed 53888K, reserved 1093632K
[2020-12-29T01:36:45.250-0500][gc,heap        ] GC(24088)   class space    used 7457K, capacity 8250K, committed 8832K, reserved 1048576K
[2020-12-29T01:36:45.250-0500][gc             ] GC(24088) Pause Full (System.gc()) 46M->42M(63M) 59.828ms
[2020-12-29T01:36:45.250-0500][gc,cpu         ] GC(24088) User=0.24s Sys=0.00s Real=0.06s
[2020-12-29T01:38:49.061-0500][gc,heap        ] GC(24089) Heap before GC invocations=24089 (full 5581): garbage-first heap   total 64512K, used 52550K [0x0000000083000000, 0x0000000100000000)
[2020-12-29T01:38:49.061-0500][gc,heap        ] GC(24089)   region size 1024K, 9 young (9216K), 0 survivors (0K)
[2020-12-29T01:38:49.061-0500][gc,heap        ] GC(24089)  Metaspace       used 50315K, capacity 52468K, committed 53888K, reserved 1093632K
[2020-12-29T01:38:49.062-0500][gc,heap        ] GC(24089)   class space    used 7457K, capacity 8250K, committed 8832K, reserved 1048576K
[2020-12-29T01:38:49.062-0500][gc,start       ] GC(24089) Pause Young (Normal) (G1 Evacuation Pause)
[2020-12-29T01:38:49.062-0500][gc,task        ] GC(24089) Using 8 workers of 8 for evacuation
[2020-12-29T01:38:49.068-0500][gc,phases      ] GC(24089)   Pre Evacuate Collection Set: 0.0ms
[2020-12-29T01:38:49.068-0500][gc,phases      ] GC(24089)   Evacuate Collection Set: 1.5ms
[2020-12-29T01:38:49.068-0500][gc,phases      ] GC(24089)   Post Evacuate Collection Set: 4.6ms
[2020-12-29T01:38:49.068-0500][gc,phases      ] GC(24089)   Other: 0.7ms
[2020-12-29T01:38:49.068-0500][gc,heap        ] GC(24089) Eden regions: 9->0(8)
[2020-12-29T01:38:49.068-0500][gc,heap        ] GC(24089) Survivor regions: 0->1(2)
[2020-12-29T01:38:49.068-0500][gc,heap        ] GC(24089) Old regions: 42->42
[2020-12-29T01:38:49.068-0500][gc,heap        ] GC(24089) Humongous regions: 4->4
[2020-12-29T01:38:49.068-0500][gc,metaspace   ] GC(24089) Metaspace: 50315K->50315K(1093632K)
[2020-12-29T01:38:49.068-0500][gc,heap        ] GC(24089) Heap after GC invocations=24090 (full 5581): garbage-first heap   total 64512K, used 43399K [0x0000000083000000, 0x0000000100000000)
[2020-12-29T01:38:49.068-0500][gc,heap        ] GC(24089)   region size 1024K, 1 young (1024K), 1 survivors (1024K)
[2020-12-29T01:38:49.068-0500][gc,heap        ] GC(24089)  Metaspace       used 50315K, capacity 52468K, committed 53888K, reserved 1093632K
[2020-12-29T01:38:49.068-0500][gc,heap        ] GC(24089)   class space    used 7457K, capacity 8250K, committed 8832K, reserved 1048576K
[2020-12-29T01:38:49.068-0500][gc             ] GC(24089) Pause Young (Normal) (G1 Evacuation Pause) 51M->42M(63M) 6.703ms
[2020-12-29T01:38:49.069-0500][gc,cpu         ] GC(24089) User=0.02s Sys=0.01s Real=0.01s
[2020-12-29T01:40:44.028-0500][gc,heap        ] GC(24090) Heap before GC invocations=24090 (full 5581): garbage-first heap   total 64512K, used 50567K [0x0000000083000000, 0x0000000100000000)
[2020-12-29T01:40:44.028-0500][gc,heap        ] GC(24090)   region size 1024K, 9 young (9216K), 1 survivors (1024K)
[2020-12-29T01:40:44.028-0500][gc,heap        ] GC(24090)  Metaspace       used 50315K, capacity 52468K, committed 53888K, reserved 1093632K
[2020-12-29T01:40:44.028-0500][gc,heap        ] GC(24090)   class space    used 7457K, capacity 8250K, committed 8832K, reserved 1048576K
[2020-12-29T01:40:44.029-0500][gc,start       ] GC(24090) Pause Young (Normal) (G1 Evacuation Pause)
[2020-12-29T01:40:44.029-0500][gc,task        ] GC(24090) Using 8 workers of 8 for evacuation
[2020-12-29T01:40:44.032-0500][gc,phases      ] GC(24090)   Pre Evacuate Collection Set: 0.0ms
[2020-12-29T01:40:44.032-0500][gc,phases      ] GC(24090)   Evacuate Collection Set: 1.3ms
[2020-12-29T01:40:44.032-0500][gc,phases      ] GC(24090)   Post Evacuate Collection Set: 2.1ms
[2020-12-29T01:40:44.032-0500][gc,phases      ] GC(24090)   Other: 0.5ms
[2020-12-29T01:40:44.032-0500][gc,heap        ] GC(24090) Eden regions: 8->0(8)
[2020-12-29T01:40:44.032-0500][gc,heap        ] GC(24090) Survivor regions: 1->1(2)
[2020-12-29T01:40:44.032-0500][gc,heap        ] GC(24090) Old regions: 42->42
[2020-12-29T01:40:44.032-0500][gc,heap        ] GC(24090) Humongous regions: 4->4
[2020-12-29T01:40:44.032-0500][gc,metaspace   ] GC(24090) Metaspace: 50315K->50315K(1093632K)
[2020-12-29T01:40:44.032-0500][gc,heap        ] GC(24090) Heap after GC invocations=24091 (full 5581): garbage-first heap   total 64512K, used 43426K [0x0000000083000000, 0x0000000100000000)
[2020-12-29T01:40:44.032-0500][gc,heap        ] GC(24090)   region size 1024K, 1 young (1024K), 1 survivors (1024K)
[2020-12-29T01:40:44.032-0500][gc,heap        ] GC(24090)  Metaspace       used 50315K, capacity 52468K, committed 53888K, reserved 1093632K
[2020-12-29T01:40:44.033-0500][gc,heap        ] GC(24090)   class space    used 7457K, capacity 8250K, committed 8832K, reserved 1048576K
[2020-12-29T01:40:44.033-0500][gc             ] GC(24090) Pause Young (Normal) (G1 Evacuation Pause) 50M->42M(63M) 4.028ms
[2020-12-29T01:40:44.033-0500][gc,cpu         ] GC(24090) User=0.00s Sys=0.01s Real=0.00s
[2020-12-29T01:41:15.689-0500][gc,heap        ] GC(24091) Heap before GC invocations=24091 (full 5581): garbage-first heap   total 64512K, used 50594K [0x0000000083000000, 0x0000000100000000)
[2020-12-29T01:41:15.689-0500][gc,heap        ] GC(24091)   region size 1024K, 9 young (9216K), 1 survivors (1024K)
[2020-12-29T01:41:15.689-0500][gc,heap        ] GC(24091)  Metaspace       used 50324K, capacity 52479K, committed 53888K, reserved 1093632K
[2020-12-29T01:41:15.689-0500][gc,heap        ] GC(24091)   class space    used 7458K, capacity 8253K, committed 8832K, reserved 1048576K
[2020-12-29T01:41:15.689-0500][gc,start       ] GC(24091) Pause Young (Normal) (G1 Evacuation Pause)
[2020-12-29T01:41:15.689-0500][gc,task        ] GC(24091) Using 8 workers of 8 for evacuation
[2020-12-29T01:41:15.699-0500][gc,phases      ] GC(24091)   Pre Evacuate Collection Set: 0.0ms
[2020-12-29T01:41:15.699-0500][gc,phases      ] GC(24091)   Evacuate Collection Set: 5.1ms
[2020-12-29T01:41:15.699-0500][gc,phases      ] GC(24091)   Post Evacuate Collection Set: 5.1ms
[2020-12-29T01:41:15.699-0500][gc,phases      ] GC(24091)   Other: 0.4ms
[2020-12-29T01:41:15.699-0500][gc,heap        ] GC(24091) Eden regions: 8->0(8)
[2020-12-29T01:41:15.700-0500][gc,heap        ] GC(24091) Survivor regions: 1->1(2)
[2020-12-29T01:41:15.700-0500][gc,heap        ] GC(24091) Old regions: 42->42
[2020-12-29T01:41:15.700-0500][gc,heap        ] GC(24091) Humongous regions: 4->4
[2020-12-29T01:41:15.700-0500][gc,metaspace   ] GC(24091) Metaspace: 50324K->50324K(1093632K)
[2020-12-29T01:41:15.700-0500][gc,heap        ] GC(24091) Heap after GC invocations=24092 (full 5581): garbage-first heap   total 64512K, used 43553K [0x0000000083000000, 0x0000000100000000)
[2020-12-29T01:41:15.700-0500][gc,heap        ] GC(24091)   region size 1024K, 1 young (1024K), 1 survivors (1024K)
[2020-12-29T01:41:15.700-0500][gc,heap        ] GC(24091)  Metaspace       used 50324K, capacity 52479K, committed 53888K, reserved 1093632K
[2020-12-29T01:41:15.700-0500][gc,heap        ] GC(24091)   class space    used 7458K, capacity 8253K, committed 8832K, reserved 1048576K
[2020-12-29T01:41:15.700-0500][gc             ] GC(24091) Pause Young (Normal) (G1 Evacuation Pause) 50M->42M(63M) 10.849ms
[2020-12-29T01:41:15.700-0500][gc,cpu         ] GC(24091) User=0.06s Sys=0.00s Real=0.01s
[2020-12-29T01:41:24.337-0500][gc,heap        ] GC(24092) Heap before GC invocations=24092 (full 5581): garbage-first heap   total 64512K, used 47649K [0x0000000083000000, 0x0000000100000000)
[2020-12-29T01:41:24.337-0500][gc,heap        ] GC(24092)   region size 1024K, 3 young (3072K), 1 survivors (1024K)
[2020-12-29T01:41:24.337-0500][gc,heap        ] GC(24092)  Metaspace       used 50324K, capacity 52479K, committed 53888K, reserved 1093632K
[2020-12-29T01:41:24.337-0500][gc,heap        ] GC(24092)   class space    used 7458K, capacity 8253K, committed 8832K, reserved 1048576K
[2020-12-29T01:41:24.338-0500][gc,start       ] GC(24092) Pause Young (Concurrent Start) (G1 Humongous Allocation)
[2020-12-29T01:41:24.338-0500][gc,task        ] GC(24092) Using 8 workers of 8 for evacuation
[2020-12-29T01:41:24.349-0500][gc,phases      ] GC(24092)   Pre Evacuate Collection Set: 0.2ms
[2020-12-29T01:41:24.349-0500][gc,phases      ] GC(24092)   Evacuate Collection Set: 2.2ms
[2020-12-29T01:41:24.349-0500][gc,phases      ] GC(24092)   Post Evacuate Collection Set: 1.9ms
[2020-12-29T01:41:24.349-0500][gc,phases      ] GC(24092)   Other: 7.3ms
[2020-12-29T01:41:24.349-0500][gc,heap        ] GC(24092) Eden regions: 2->0(5)
[2020-12-29T01:41:24.349-0500][gc,heap        ] GC(24092) Survivor regions: 1->1(2)
[2020-12-29T01:41:24.349-0500][gc,heap        ] GC(24092) Old regions: 42->42
[2020-12-29T01:41:24.349-0500][gc,heap        ] GC(24092) Humongous regions: 7->6
[2020-12-29T01:41:24.349-0500][gc,metaspace   ] GC(24092) Metaspace: 50324K->50324K(1093632K)
[2020-12-29T01:41:24.349-0500][gc,heap        ] GC(24092) Heap after GC invocations=24093 (full 5581): garbage-first heap   total 64512K, used 45608K [0x0000000083000000, 0x0000000100000000)
[2020-12-29T01:41:24.349-0500][gc,heap        ] GC(24092)   region size 1024K, 1 young (1024K), 1 survivors (1024K)
[2020-12-29T01:41:24.349-0500][gc,heap        ] GC(24092)  Metaspace       used 50324K, capacity 52479K, committed 53888K, reserved 1093632K
[2020-12-29T01:41:24.349-0500][gc,heap        ] GC(24092)   class space    used 7458K, capacity 8253K, committed 8832K, reserved 1048576K
[2020-12-29T01:41:24.349-0500][gc             ] GC(24092) Pause Young (Concurrent Start) (G1 Humongous Allocation) 47M->44M(63M) 11.122ms
[2020-12-29T01:41:24.349-0500][gc,cpu         ] GC(24092) User=0.02s Sys=0.00s Real=0.02s
[2020-12-29T01:41:24.353-0500][gc             ] GC(24093) Concurrent Cycle
[2020-12-29T01:41:24.354-0500][gc,marking     ] GC(24093) Concurrent Clear Claimed Marks
[2020-12-29T01:41:24.354-0500][gc,marking     ] GC(24093) Concurrent Clear Claimed Marks 0.819ms
[2020-12-29T01:41:24.354-0500][gc,marking     ] GC(24093) Concurrent Scan Root Regions
[2020-12-29T01:41:24.359-0500][gc,marking     ] GC(24093) Concurrent Scan Root Regions 5.183ms
[2020-12-29T01:41:24.359-0500][gc,marking     ] GC(24093) Concurrent Mark (1674281.746s)
[2020-12-29T01:41:24.359-0500][gc,marking     ] GC(24093) Concurrent Mark From Roots
[2020-12-29T01:41:24.360-0500][gc,task        ] GC(24093) Using 2 workers of 2 for marking
[2020-12-29T01:41:24.452-0500][gc,marking     ] GC(24093) Concurrent Mark From Roots 93.143ms
[2020-12-29T01:41:24.452-0500][gc,marking     ] GC(24093) Concurrent Preclean
[2020-12-29T01:41:24.453-0500][gc,marking     ] GC(24093) Concurrent Preclean 0.584ms
[2020-12-29T01:41:24.453-0500][gc,marking     ] GC(24093) Concurrent Mark (1674281.746s, 1674281.840s) 93.830ms
[2020-12-29T01:41:24.453-0500][gc,start       ] GC(24093) Pause Remark
[2020-12-29T01:41:24.460-0500][gc,stringtable ] GC(24093) Cleaned string and symbol table, strings: 33322 processed, 0 removed, symbols: 120979 processed, 0 removed
[2020-12-29T01:41:24.460-0500][gc             ] GC(24093) Pause Remark 52M->52M(63M) 6.911ms
[2020-12-29T01:41:24.460-0500][gc,cpu         ] GC(24093) User=0.03s Sys=0.00s Real=0.01s
[2020-12-29T01:41:24.460-0500][gc,marking     ] GC(24093) Concurrent Rebuild Remembered Sets
[2020-12-29T01:41:24.510-0500][gc,marking     ] GC(24093) Concurrent Rebuild Remembered Sets 49.745ms
[2020-12-29T01:41:24.640-0500][gc,start       ] GC(24093) Pause Cleanup
[2020-12-29T01:41:24.640-0500][gc             ] GC(24093) Pause Cleanup 78M->78M(89M) 0.355ms
[2020-12-29T01:41:24.640-0500][gc,cpu         ] GC(24093) User=0.00s Sys=0.00s Real=0.00s
[2020-12-29T01:41:24.640-0500][gc,marking     ] GC(24093) Concurrent Cleanup for Next Mark
[2020-12-29T01:41:24.687-0500][gc,marking     ] GC(24093) Concurrent Cleanup for Next Mark 47.363ms
[2020-12-29T01:41:24.687-0500][gc             ] GC(24093) Concurrent Cycle 334.676ms
[2020-12-29T01:41:24.693-0500][gc,heap        ] GC(24094) Heap before GC invocations=24094 (full 5581): garbage-first heap   total 128000K, used 122396K [0x0000000083000000, 0x0000000100000000)
[2020-12-29T01:41:24.693-0500][gc,heap        ] GC(24094)   region size 1024K, 6 young (6144K), 1 survivors (1024K)
[2020-12-29T01:41:24.693-0500][gc,heap        ] GC(24094)  Metaspace       used 50324K, capacity 52479K, committed 53888K, reserved 1093632K
[2020-12-29T01:41:24.693-0500][gc,heap        ] GC(24094)   class space    used 7458K, capacity 8253K, committed 8832K, reserved 1048576K
[2020-12-29T01:41:24.693-0500][gc,start       ] GC(24094) Pause Young (Normal) (G1 Evacuation Pause)
[2020-12-29T01:41:24.693-0500][gc,task        ] GC(24094) Using 8 workers of 8 for evacuation
[2020-12-29T01:41:24.717-0500][gc,phases      ] GC(24094)   Pre Evacuate Collection Set: 0.0ms
[2020-12-29T01:41:24.717-0500][gc,phases      ] GC(24094)   Evacuate Collection Set: 23.3ms
[2020-12-29T01:41:24.717-0500][gc,phases      ] GC(24094)   Post Evacuate Collection Set: 0.6ms
[2020-12-29T01:41:24.717-0500][gc,phases      ] GC(24094)   Other: 0.2ms
[2020-12-29T01:41:24.717-0500][gc,heap        ] GC(24094) Eden regions: 5->0(35)
[2020-12-29T01:41:24.717-0500][gc,heap        ] GC(24094) Survivor regions: 1->1(1)
[2020-12-29T01:41:24.717-0500][gc,heap        ] GC(24094) Old regions: 41->43
[2020-12-29T01:41:24.717-0500][gc,heap        ] GC(24094) Humongous regions: 76->22
[2020-12-29T01:41:24.717-0500][gc,metaspace   ] GC(24094) Metaspace: 50324K->50324K(1093632K)
[2020-12-29T01:41:24.717-0500][gc,heap        ] GC(24094) Heap after GC invocations=24095 (full 5581): garbage-first heap   total 129024K, used 64090K [0x0000000083000000, 0x0000000100000000)
[2020-12-29T01:41:24.717-0500][gc,heap        ] GC(24094)   region size 1024K, 1 young (1024K), 1 survivors (1024K)
[2020-12-29T01:41:24.717-0500][gc,heap        ] GC(24094)  Metaspace       used 50324K, capacity 52479K, committed 53888K, reserved 1093632K
[2020-12-29T01:41:24.717-0500][gc,heap        ] GC(24094)   class space    used 7458K, capacity 8253K, committed 8832K, reserved 1048576K
[2020-12-29T01:41:24.717-0500][gc             ] GC(24094) Pause Young (Normal) (G1 Evacuation Pause) 119M->62M(126M) 24.118ms
[2020-12-29T01:41:24.717-0500][gc,cpu         ] GC(24094) User=0.16s Sys=0.00s Real=0.02s
[2020-12-29T01:41:24.764-0500][gc,heap        ] GC(24095) Heap before GC invocations=24095 (full 5581): garbage-first heap   total 129024K, used 99930K [0x0000000083000000, 0x0000000100000000)
[2020-12-29T01:41:24.764-0500][gc,heap        ] GC(24095)   region size 1024K, 36 young (36864K), 1 survivors (1024K)
[2020-12-29T01:41:24.764-0500][gc,heap        ] GC(24095)  Metaspace       used 50324K, capacity 52479K, committed 53888K, reserved 1093632K
[2020-12-29T01:41:24.764-0500][gc,heap        ] GC(24095)   class space    used 7458K, capacity 8253K, committed 8832K, reserved 1048576K
[2020-12-29T01:41:24.764-0500][gc,start       ] GC(24095) Pause Young (Normal) (G1 Evacuation Pause)
[2020-12-29T01:41:24.764-0500][gc,task        ] GC(24095) Using 8 workers of 8 for evacuation
[2020-12-29T01:41:24.802-0500][gc,phases      ] GC(24095)   Pre Evacuate Collection Set: 0.0ms
[2020-12-29T01:41:24.802-0500][gc,phases      ] GC(24095)   Evacuate Collection Set: 37.4ms
[2020-12-29T01:41:24.802-0500][gc,phases      ] GC(24095)   Post Evacuate Collection Set: 0.6ms
[2020-12-29T01:41:24.802-0500][gc,phases      ] GC(24095)   Other: 0.2ms
[2020-12-29T01:41:24.802-0500][gc,heap        ] GC(24095) Eden regions: 35->0(19)
[2020-12-29T01:41:24.802-0500][gc,heap        ] GC(24095) Survivor regions: 1->5(5)
[2020-12-29T01:41:24.803-0500][gc,heap        ] GC(24095) Old regions: 43->54
[2020-12-29T01:41:24.803-0500][gc,heap        ] GC(24095) Humongous regions: 22->22
[2020-12-29T01:41:24.803-0500][gc,metaspace   ] GC(24095) Metaspace: 50324K->50324K(1093632K)
[2020-12-29T01:41:24.803-0500][gc,heap        ] GC(24095) Heap after GC invocations=24096 (full 5581): garbage-first heap   total 129024K, used 79498K [0x0000000083000000, 0x0000000100000000)
[2020-12-29T01:41:24.803-0500][gc,heap        ] GC(24095)   region size 1024K, 5 young (5120K), 5 survivors (5120K)
[2020-12-29T01:41:24.803-0500][gc,heap        ] GC(24095)  Metaspace       used 50324K, capacity 52479K, committed 53888K, reserved 1093632K
[2020-12-29T01:41:24.803-0500][gc,heap        ] GC(24095)   class space    used 7458K, capacity 8253K, committed 8832K, reserved 1048576K
[2020-12-29T01:41:24.803-0500][gc             ] GC(24095) Pause Young (Normal) (G1 Evacuation Pause) 97M->77M(126M) 38.708ms
[2020-12-29T01:41:24.803-0500][gc,cpu         ] GC(24095) User=0.27s Sys=0.00s Real=0.04s
[2020-12-29T01:41:24.839-0500][gc,heap        ] GC(24096) Heap before GC invocations=24096 (full 5581): garbage-first heap   total 129024K, used 98954K [0x0000000083000000, 0x0000000100000000)
[2020-12-29T01:41:24.839-0500][gc,heap        ] GC(24096)   region size 1024K, 24 young (24576K), 5 survivors (5120K)
[2020-12-29T01:41:24.839-0500][gc,heap        ] GC(24096)  Metaspace       used 50324K, capacity 52479K, committed 53888K, reserved 1093632K
[2020-12-29T01:41:24.839-0500][gc,heap        ] GC(24096)   class space    used 7458K, capacity 8253K, committed 8832K, reserved 1048576K
[2020-12-29T01:41:24.839-0500][gc,start       ] GC(24096) Pause Young (Concurrent Start) (G1 Evacuation Pause)
[2020-12-29T01:41:24.839-0500][gc,task        ] GC(24096) Using 8 workers of 8 for evacuation
[2020-12-29T01:41:24.846-0500][gc,phases      ] GC(24096)   Pre Evacuate Collection Set: 0.2ms
[2020-12-29T01:41:24.846-0500][gc,phases      ] GC(24096)   Evacuate Collection Set: 6.7ms
[2020-12-29T01:41:24.846-0500][gc,phases      ] GC(24096)   Post Evacuate Collection Set: 0.4ms
[2020-12-29T01:41:24.846-0500][gc,phases      ] GC(24096)   Other: 0.2ms
[2020-12-29T01:41:24.846-0500][gc,heap        ] GC(24096) Eden regions: 19->0(13)
[2020-12-29T01:41:24.846-0500][gc,heap        ] GC(24096) Survivor regions: 5->3(3)
[2020-12-29T01:41:24.846-0500][gc,heap        ] GC(24096) Old regions: 54->64
[2020-12-29T01:41:24.846-0500][gc,heap        ] GC(24096) Humongous regions: 22->22
[2020-12-29T01:41:24.846-0500][gc,metaspace   ] GC(24096) Metaspace: 50324K->50324K(1093632K)
[2020-12-29T01:41:24.846-0500][gc,heap        ] GC(24096) Heap after GC invocations=24097 (full 5581): garbage-first heap   total 129024K, used 88000K [0x0000000083000000, 0x0000000100000000)
[2020-12-29T01:41:24.846-0500][gc,heap        ] GC(24096)   region size 1024K, 3 young (3072K), 3 survivors (3072K)
[2020-12-29T01:41:24.846-0500][gc,heap        ] GC(24096)  Metaspace       used 50324K, capacity 52479K, committed 53888K, reserved 1093632K
[2020-12-29T01:41:24.846-0500][gc,heap        ] GC(24096)   class space    used 7458K, capacity 8253K, committed 8832K, reserved 1048576K
[2020-12-29T01:41:24.846-0500][gc             ] GC(24096) Pause Young (Concurrent Start) (G1 Evacuation Pause) 96M->85M(126M) 7.540ms
[2020-12-29T01:41:24.846-0500][gc,cpu         ] GC(24096) User=0.05s Sys=0.00s Real=0.00s
[2020-12-29T01:41:24.847-0500][gc             ] GC(24097) Concurrent Cycle
[2020-12-29T01:41:24.847-0500][gc,marking     ] GC(24097) Concurrent Clear Claimed Marks
[2020-12-29T01:41:24.847-0500][gc,marking     ] GC(24097) Concurrent Clear Claimed Marks 0.161ms
[2020-12-29T01:41:24.847-0500][gc,marking     ] GC(24097) Concurrent Scan Root Regions
[2020-12-29T01:41:24.848-0500][gc,marking     ] GC(24097) Concurrent Scan Root Regions 1.648ms
[2020-12-29T01:41:24.848-0500][gc,marking     ] GC(24097) Concurrent Mark (1674282.236s)
[2020-12-29T01:41:24.848-0500][gc,marking     ] GC(24097) Concurrent Mark From Roots
[2020-12-29T01:41:24.849-0500][gc,task        ] GC(24097) Using 2 workers of 2 for marking
[2020-12-29T01:41:24.865-0500][gc,heap        ] GC(24098) Heap before GC invocations=24097 (full 5581): garbage-first heap   total 129024K, used 101312K [0x0000000083000000, 0x0000000100000000)
[2020-12-29T01:41:24.865-0500][gc,heap        ] GC(24098)   region size 1024K, 16 young (16384K), 3 survivors (3072K)
[2020-12-29T01:41:24.865-0500][gc,heap        ] GC(24098)  Metaspace       used 50324K, capacity 52479K, committed 53888K, reserved 1093632K
[2020-12-29T01:41:24.865-0500][gc,heap        ] GC(24098)   class space    used 7458K, capacity 8253K, committed 8832K, reserved 1048576K
[2020-12-29T01:41:24.865-0500][gc,start       ] GC(24098) Pause Young (Normal) (G1 Evacuation Pause)
[2020-12-29T01:41:24.865-0500][gc,task        ] GC(24098) Using 8 workers of 8 for evacuation
[2020-12-29T01:41:24.869-0500][gc,phases      ] GC(24098)   Pre Evacuate Collection Set: 0.0ms
[2020-12-29T01:41:24.870-0500][gc,phases      ] GC(24098)   Evacuate Collection Set: 4.2ms
[2020-12-29T01:41:24.870-0500][gc,phases      ] GC(24098)   Post Evacuate Collection Set: 0.4ms
[2020-12-29T01:41:24.870-0500][gc,phases      ] GC(24098)   Other: 0.2ms
[2020-12-29T01:41:24.870-0500][gc,heap        ] GC(24098) Eden regions: 13->0(9)
[2020-12-29T01:41:24.870-0500][gc,heap        ] GC(24098) Survivor regions: 3->2(2)
[2020-12-29T01:41:24.870-0500][gc,heap        ] GC(24098) Old regions: 64->71
[2020-12-29T01:41:24.870-0500][gc,heap        ] GC(24098) Humongous regions: 22->22
[2020-12-29T01:41:24.870-0500][gc,metaspace   ] GC(24098) Metaspace: 50324K->50324K(1093632K)
[2020-12-29T01:41:24.870-0500][gc,heap        ] GC(24098) Heap after GC invocations=24098 (full 5581): garbage-first heap   total 129024K, used 94463K [0x0000000083000000, 0x0000000100000000)
[2020-12-29T01:41:24.870-0500][gc,heap        ] GC(24098)   region size 1024K, 2 young (2048K), 2 survivors (2048K)
[2020-12-29T01:41:24.870-0500][gc,heap        ] GC(24098)  Metaspace       used 50324K, capacity 52479K, committed 53888K, reserved 1093632K
[2020-12-29T01:41:24.870-0500][gc,heap        ] GC(24098)   class space    used 7458K, capacity 8253K, committed 8832K, reserved 1048576K
[2020-12-29T01:41:24.870-0500][gc             ] GC(24098) Pause Young (Normal) (G1 Evacuation Pause) 98M->92M(126M) 4.875ms
[2020-12-29T01:41:24.870-0500][gc,cpu         ] GC(24098) User=0.03s Sys=0.00s Real=0.01s
[2020-12-29T01:41:24.882-0500][gc,heap        ] GC(24099) Heap before GC invocations=24098 (full 5581): garbage-first heap   total 129024K, used 103679K [0x0000000083000000, 0x0000000100000000)
[2020-12-29T01:41:24.882-0500][gc,heap        ] GC(24099)   region size 1024K, 11 young (11264K), 2 survivors (2048K)
[2020-12-29T01:41:24.882-0500][gc,heap        ] GC(24099)  Metaspace       used 50324K, capacity 52479K, committed 53888K, reserved 1093632K
[2020-12-29T01:41:24.882-0500][gc,heap        ] GC(24099)   class space    used 7458K, capacity 8253K, committed 8832K, reserved 1048576K
[2020-12-29T01:41:24.882-0500][gc,start       ] GC(24099) Pause Young (Normal) (G1 Evacuation Pause)
[2020-12-29T01:41:24.882-0500][gc,task        ] GC(24099) Using 8 workers of 8 for evacuation
[2020-12-29T01:41:24.886-0500][gc,phases      ] GC(24099)   Pre Evacuate Collection Set: 0.0ms
[2020-12-29T01:41:24.886-0500][gc,phases      ] GC(24099)   Evacuate Collection Set: 3.7ms
[2020-12-29T01:41:24.886-0500][gc,phases      ] GC(24099)   Post Evacuate Collection Set: 0.6ms
[2020-12-29T01:41:24.886-0500][gc,phases      ] GC(24099)   Other: 0.2ms
[2020-12-29T01:41:24.886-0500][gc,heap        ] GC(24099) Eden regions: 9->0(6)
[2020-12-29T01:41:24.886-0500][gc,heap        ] GC(24099) Survivor regions: 2->2(2)
[2020-12-29T01:41:24.886-0500][gc,heap        ] GC(24099) Old regions: 71->76
[2020-12-29T01:41:24.886-0500][gc,heap        ] GC(24099) Humongous regions: 22->22
[2020-12-29T01:41:24.886-0500][gc,metaspace   ] GC(24099) Metaspace: 50324K->50324K(1093632K)
[2020-12-29T01:41:24.886-0500][gc,heap        ] GC(24099) Heap after GC invocations=24099 (full 5581): garbage-first heap   total 129024K, used 98986K [0x0000000083000000, 0x0000000100000000)
[2020-12-29T01:41:24.886-0500][gc,heap        ] GC(24099)   region size 1024K, 2 young (2048K), 2 survivors (2048K)
[2020-12-29T01:41:24.886-0500][gc,heap        ] GC(24099)  Metaspace       used 50324K, capacity 52479K, committed 53888K, reserved 1093632K
[2020-12-29T01:41:24.886-0500][gc,heap        ] GC(24099)   class space    used 7458K, capacity 8253K, committed 8832K, reserved 1048576K
[2020-12-29T01:41:24.886-0500][gc             ] GC(24099) Pause Young (Normal) (G1 Evacuation Pause) 101M->96M(126M) 4.598ms
[2020-12-29T01:41:24.886-0500][gc,cpu         ] GC(24099) User=0.03s Sys=0.00s Real=0.00s
[2020-12-29T01:41:24.910-0500][gc,marking     ] GC(24097) Concurrent Mark From Roots 61.928ms
[2020-12-29T01:41:24.910-0500][gc,marking     ] GC(24097) Concurrent Preclean
[2020-12-29T01:41:24.911-0500][gc,marking     ] GC(24097) Concurrent Preclean 0.150ms
[2020-12-29T01:41:24.911-0500][gc,marking     ] GC(24097) Concurrent Mark (1674282.236s, 1674282.298s) 62.152ms
[2020-12-29T01:41:24.914-0500][gc,start       ] GC(24097) Pause Remark
[2020-12-29T01:41:24.918-0500][gc,stringtable ] GC(24097) Cleaned string and symbol table, strings: 33322 processed, 0 removed, symbols: 120979 processed, 0 removed
[2020-12-29T01:41:24.919-0500][gc             ] GC(24097) Pause Remark 98M->98M(126M) 4.471ms
[2020-12-29T01:41:24.919-0500][gc,cpu         ] GC(24097) User=0.02s Sys=0.00s Real=0.01s
[2020-12-29T01:41:24.919-0500][gc,marking     ] GC(24097) Concurrent Rebuild Remembered Sets
[2020-12-29T01:41:24.953-0500][gc,marking     ] GC(24097) Concurrent Rebuild Remembered Sets 33.982ms
[2020-12-29T01:41:24.954-0500][gc,start       ] GC(24097) Pause Cleanup
[2020-12-29T01:41:24.955-0500][gc             ] GC(24097) Pause Cleanup 101M->101M(126M) 0.215ms
[2020-12-29T01:41:24.955-0500][gc,cpu         ] GC(24097) User=0.00s Sys=0.00s Real=0.00s
[2020-12-29T01:41:24.955-0500][gc,marking     ] GC(24097) Concurrent Cleanup for Next Mark
[2020-12-29T01:41:24.966-0500][gc,marking     ] GC(24097) Concurrent Cleanup for Next Mark 10.967ms
[2020-12-29T01:41:24.966-0500][gc             ] GC(24097) Concurrent Cycle 119.203ms
[2020-12-29T01:41:24.990-0500][gc,heap        ] GC(24100) Heap before GC invocations=24100 (full 5581): garbage-first heap   total 129024K, used 108202K [0x0000000083000000, 0x0000000100000000)
[2020-12-29T01:41:24.990-0500][gc,heap        ] GC(24100)   region size 1024K, 8 young (8192K), 2 survivors (2048K)
[2020-12-29T01:41:24.990-0500][gc,heap        ] GC(24100)  Metaspace       used 50324K, capacity 52479K, committed 53888K, reserved 1093632K
[2020-12-29T01:41:24.990-0500][gc,heap        ] GC(24100)   class space    used 7458K, capacity 8253K, committed 8832K, reserved 1048576K
[2020-12-29T01:41:24.990-0500][gc,start       ] GC(24100) Pause Young (Normal) (G1 Evacuation Pause)
[2020-12-29T01:41:24.990-0500][gc,task        ] GC(24100) Using 8 workers of 8 for evacuation
[2020-12-29T01:41:25.007-0500][gc,phases      ] GC(24100)   Pre Evacuate Collection Set: 0.0ms
[2020-12-29T01:41:25.007-0500][gc,phases      ] GC(24100)   Evacuate Collection Set: 16.7ms
[2020-12-29T01:41:25.007-0500][gc,phases      ] GC(24100)   Post Evacuate Collection Set: 0.5ms
[2020-12-29T01:41:25.007-0500][gc,phases      ] GC(24100)   Other: 0.2ms
[2020-12-29T01:41:25.007-0500][gc,heap        ] GC(24100) Eden regions: 6->0(5)
[2020-12-29T01:41:25.007-0500][gc,heap        ] GC(24100) Survivor regions: 2->1(1)
[2020-12-29T01:41:25.007-0500][gc,heap        ] GC(24100) Old regions: 76->81
[2020-12-29T01:41:25.007-0500][gc,heap        ] GC(24100) Humongous regions: 25->25
[2020-12-29T01:41:25.007-0500][gc,metaspace   ] GC(24100) Metaspace: 50324K->50324K(1093632K)
[2020-12-29T01:41:25.007-0500][gc,heap        ] GC(24100) Heap after GC invocations=24101 (full 5581): garbage-first heap   total 129024K, used 105906K [0x0000000083000000, 0x0000000100000000)
[2020-12-29T01:41:25.007-0500][gc,heap        ] GC(24100)   region size 1024K, 1 young (1024K), 1 survivors (1024K)
[2020-12-29T01:41:25.007-0500][gc,heap        ] GC(24100)  Metaspace       used 50324K, capacity 52479K, committed 53888K, reserved 1093632K
[2020-12-29T01:41:25.007-0500][gc,heap        ] GC(24100)   class space    used 7458K, capacity 8253K, committed 8832K, reserved 1048576K
[2020-12-29T01:41:25.008-0500][gc             ] GC(24100) Pause Young (Normal) (G1 Evacuation Pause) 105M->103M(126M) 17.845ms
[2020-12-29T01:41:25.008-0500][gc,cpu         ] GC(24100) User=0.13s Sys=0.00s Real=0.02s
[2020-12-29T01:41:25.029-0500][gc,heap        ] GC(24101) Heap before GC invocations=24101 (full 5581): garbage-first heap   total 129024K, used 106930K [0x0000000083000000, 0x0000000100000000)
[2020-12-29T01:41:25.029-0500][gc,heap        ] GC(24101)   region size 1024K, 3 young (3072K), 1 survivors (1024K)
[2020-12-29T01:41:25.029-0500][gc,heap        ] GC(24101)  Metaspace       used 50324K, capacity 52479K, committed 53888K, reserved 1093632K
[2020-12-29T01:41:25.029-0500][gc,heap        ] GC(24101)   class space    used 7458K, capacity 8253K, committed 8832K, reserved 1048576K
[2020-12-29T01:41:25.029-0500][gc,start       ] GC(24101) Pause Young (Concurrent Start) (G1 Humongous Allocation)
[2020-12-29T01:41:25.029-0500][gc,task        ] GC(24101) Using 8 workers of 8 for evacuation
[2020-12-29T01:41:25.037-0500][gc,phases      ] GC(24101)   Pre Evacuate Collection Set: 0.2ms
[2020-12-29T01:41:25.037-0500][gc,phases      ] GC(24101)   Evacuate Collection Set: 6.3ms
[2020-12-29T01:41:25.037-0500][gc,phases      ] GC(24101)   Post Evacuate Collection Set: 0.5ms
[2020-12-29T01:41:25.037-0500][gc,phases      ] GC(24101)   Other: 0.2ms
[2020-12-29T01:41:25.037-0500][gc,heap        ] GC(24101) Eden regions: 2->0(5)
[2020-12-29T01:41:25.037-0500][gc,heap        ] GC(24101) Survivor regions: 1->1(1)
[2020-12-29T01:41:25.037-0500][gc,heap        ] GC(24101) Old regions: 81->82
[2020-12-29T01:41:25.037-0500][gc,heap        ] GC(24101) Humongous regions: 25->25
[2020-12-29T01:41:25.037-0500][gc,metaspace   ] GC(24101) Metaspace: 50324K->50324K(1093632K)
[2020-12-29T01:41:25.037-0500][gc,heap        ] GC(24101) Heap after GC invocations=24102 (full 5581): garbage-first heap   total 129024K, used 107483K [0x0000000083000000, 0x0000000100000000)
[2020-12-29T01:41:25.037-0500][gc,heap        ] GC(24101)   region size 1024K, 1 young (1024K), 1 survivors (1024K)
[2020-12-29T01:41:25.037-0500][gc,heap        ] GC(24101)  Metaspace       used 50324K, capacity 52479K, committed 53888K, reserved 1093632K
[2020-12-29T01:41:25.037-0500][gc,heap        ] GC(24101)   class space    used 7458K, capacity 8253K, committed 8832K, reserved 1048576K
[2020-12-29T01:41:25.037-0500][gc             ] GC(24101) Pause Young (Concurrent Start) (G1 Humongous Allocation) 105M->104M(126M) 7.278ms
[2020-12-29T01:41:25.037-0500][gc,cpu         ] GC(24101) User=0.05s Sys=0.00s Real=0.00s
[2020-12-29T01:41:25.037-0500][gc             ] GC(24102) Concurrent Cycle
[2020-12-29T01:41:25.037-0500][gc,marking     ] GC(24102) Concurrent Clear Claimed Marks
[2020-12-29T01:41:25.037-0500][gc,marking     ] GC(24102) Concurrent Clear Claimed Marks 0.166ms
[2020-12-29T01:41:25.037-0500][gc,marking     ] GC(24102) Concurrent Scan Root Regions
[2020-12-29T01:41:25.040-0500][gc,marking     ] GC(24102) Concurrent Scan Root Regions 2.640ms
[2020-12-29T01:41:25.040-0500][gc,marking     ] GC(24102) Concurrent Mark (1674282.427s)
[2020-12-29T01:41:25.040-0500][gc,marking     ] GC(24102) Concurrent Mark From Roots
[2020-12-29T01:41:25.040-0500][gc,task        ] GC(24102) Using 2 workers of 2 for marking
[2020-12-29T01:41:25.122-0500][gc,marking     ] GC(24102) Concurrent Mark From Roots 81.962ms
[2020-12-29T01:41:25.122-0500][gc,marking     ] GC(24102) Concurrent Preclean
[2020-12-29T01:41:25.122-0500][gc,marking     ] GC(24102) Concurrent Preclean 0.174ms
[2020-12-29T01:41:25.122-0500][gc,marking     ] GC(24102) Concurrent Mark (1674282.427s, 1674282.509s) 82.213ms
[2020-12-29T01:41:25.122-0500][gc,start       ] GC(24102) Pause Remark
[2020-12-29T01:41:25.126-0500][gc,stringtable ] GC(24102) Cleaned string and symbol table, strings: 33322 processed, 4 removed, symbols: 120979 processed, 0 removed
[2020-12-29T01:41:25.127-0500][gc             ] GC(24102) Pause Remark 112M->111M(126M) 4.459ms
[2020-12-29T01:41:25.127-0500][gc,cpu         ] GC(24102) User=0.02s Sys=0.00s Real=0.00s
[2020-12-29T01:41:25.127-0500][gc,marking     ] GC(24102) Concurrent Rebuild Remembered Sets
[2020-12-29T01:41:25.135-0500][gc,heap        ] GC(24103) Heap before GC invocations=24102 (full 5581): garbage-first heap   total 129024K, used 114651K [0x0000000083000000, 0x0000000100000000)
[2020-12-29T01:41:25.135-0500][gc,heap        ] GC(24103)   region size 1024K, 6 young (6144K), 1 survivors (1024K)
[2020-12-29T01:41:25.135-0500][gc,heap        ] GC(24103)  Metaspace       used 50324K, capacity 52479K, committed 53888K, reserved 1093632K
[2020-12-29T01:41:25.135-0500][gc,heap        ] GC(24103)   class space    used 7458K, capacity 8253K, committed 8832K, reserved 1048576K
[2020-12-29T01:41:25.135-0500][gc,start       ] GC(24103) Pause Young (Normal) (G1 Evacuation Pause)
[2020-12-29T01:41:25.135-0500][gc,task        ] GC(24103) Using 8 workers of 8 for evacuation
[2020-12-29T01:41:25.162-0500][gc,phases      ] GC(24103)   Pre Evacuate Collection Set: 0.0ms
[2020-12-29T01:41:25.162-0500][gc,phases      ] GC(24103)   Evacuate Collection Set: 25.6ms
[2020-12-29T01:41:25.162-0500][gc,phases      ] GC(24103)   Post Evacuate Collection Set: 0.4ms
[2020-12-29T01:41:25.162-0500][gc,phases      ] GC(24103)   Other: 0.2ms
[2020-12-29T01:41:25.162-0500][gc,heap        ] GC(24103) Eden regions: 5->0(5)
[2020-12-29T01:41:25.162-0500][gc,heap        ] GC(24103) Survivor regions: 1->1(1)
[2020-12-29T01:41:25.162-0500][gc,heap        ] GC(24103) Old regions: 82->85
[2020-12-29T01:41:25.162-0500][gc,heap        ] GC(24103) Humongous regions: 27->27
[2020-12-29T01:41:25.162-0500][gc,metaspace   ] GC(24103) Metaspace: 50324K->50324K(1093632K)
[2020-12-29T01:41:25.162-0500][gc,heap        ] GC(24103) Heap after GC invocations=24103 (full 5581): garbage-first heap   total 129024K, used 112676K [0x0000000083000000, 0x0000000100000000)
[2020-12-29T01:41:25.162-0500][gc,heap        ] GC(24103)   region size 1024K, 1 young (1024K), 1 survivors (1024K)
[2020-12-29T01:41:25.162-0500][gc,heap        ] GC(24103)  Metaspace       used 50324K, capacity 52479K, committed 53888K, reserved 1093632K
[2020-12-29T01:41:25.162-0500][gc,heap        ] GC(24103)   class space    used 7458K, capacity 8253K, committed 8832K, reserved 1048576K
[2020-12-29T01:41:25.162-0500][gc             ] GC(24103) Pause Young (Normal) (G1 Evacuation Pause) 111M->110M(126M) 26.290ms
[2020-12-29T01:41:25.162-0500][gc,cpu         ] GC(24103) User=0.18s Sys=0.00s Real=0.03s
[2020-12-29T01:41:25.204-0500][gc,marking     ] GC(24102) Concurrent Rebuild Remembered Sets 76.660ms
[2020-12-29T01:41:25.205-0500][gc,start       ] GC(24102) Pause Cleanup
[2020-12-29T01:41:25.206-0500][gc             ] GC(24102) Pause Cleanup 117M->117M(126M) 0.242ms
[2020-12-29T01:41:25.206-0500][gc,cpu         ] GC(24102) User=0.00s Sys=0.00s Real=0.00s
[2020-12-29T01:41:25.206-0500][gc,marking     ] GC(24102) Concurrent Cleanup for Next Mark
[2020-12-29T01:41:25.206-0500][gc,marking     ] GC(24102) Concurrent Cleanup for Next Mark 0.223ms
[2020-12-29T01:41:25.206-0500][gc             ] GC(24102) Concurrent Cycle 169.153ms
[2020-12-29T01:41:25.262-0500][gc,heap        ] GC(24104) Heap before GC invocations=24104 (full 5581): garbage-first heap   total 129024K, used 122916K [0x0000000083000000, 0x0000000100000000)
[2020-12-29T01:41:25.262-0500][gc,heap        ] GC(24104)   region size 1024K, 6 young (6144K), 1 survivors (1024K)
[2020-12-29T01:41:25.262-0500][gc,heap        ] GC(24104)  Metaspace       used 50324K, capacity 52479K, committed 53888K, reserved 1093632K
[2020-12-29T01:41:25.262-0500][gc,heap        ] GC(24104)   class space    used 7458K, capacity 8253K, committed 8832K, reserved 1048576K
[2020-12-29T01:41:25.262-0500][gc,start       ] GC(24104) Pause Young (Normal) (G1 Evacuation Pause)
[2020-12-29T01:41:25.262-0500][gc,task        ] GC(24104) Using 8 workers of 8 for evacuation
[2020-12-29T01:41:25.289-0500][gc,phases      ] GC(24104)   Pre Evacuate Collection Set: 0.0ms
[2020-12-29T01:41:25.289-0500][gc,phases      ] GC(24104)   Evacuate Collection Set: 26.1ms
[2020-12-29T01:41:25.289-0500][gc,phases      ] GC(24104)   Post Evacuate Collection Set: 0.5ms
[2020-12-29T01:41:25.289-0500][gc,phases      ] GC(24104)   Other: 0.3ms
[2020-12-29T01:41:25.289-0500][gc,heap        ] GC(24104) Eden regions: 5->0(5)
[2020-12-29T01:41:25.289-0500][gc,heap        ] GC(24104) Survivor regions: 1->1(1)
[2020-12-29T01:41:25.289-0500][gc,heap        ] GC(24104) Old regions: 85->88
[2020-12-29T01:41:25.289-0500][gc,heap        ] GC(24104) Humongous regions: 32->32
[2020-12-29T01:41:25.289-0500][gc,metaspace   ] GC(24104) Metaspace: 50324K->50324K(1093632K)
[2020-12-29T01:41:25.289-0500][gc,heap        ] GC(24104) Heap after GC invocations=24105 (full 5581): garbage-first heap   total 130048K, used 121064K [0x0000000083000000, 0x0000000100000000)
[2020-12-29T01:41:25.289-0500][gc,heap        ] GC(24104)   region size 1024K, 1 young (1024K), 1 survivors (1024K)
[2020-12-29T01:41:25.289-0500][gc,heap        ] GC(24104)  Metaspace       used 50324K, capacity 52479K, committed 53888K, reserved 1093632K
[2020-12-29T01:41:25.289-0500][gc,heap        ] GC(24104)   class space    used 7458K, capacity 8253K, committed 8832K, reserved 1048576K
[2020-12-29T01:41:25.289-0500][gc             ] GC(24104) Pause Young (Normal) (G1 Evacuation Pause) 120M->118M(127M) 26.907ms
[2020-12-29T01:41:25.289-0500][gc,cpu         ] GC(24104) User=0.21s Sys=0.00s Real=0.03s
[2020-12-29T01:41:44.488-0500][gc,heap        ] GC(24105) Heap before GC invocations=24105 (full 5581): garbage-first heap   total 130048K, used 125160K [0x0000000083000000, 0x0000000100000000)
[2020-12-29T01:41:44.488-0500][gc,heap        ] GC(24105)   region size 1024K, 6 young (6144K), 1 survivors (1024K)
[2020-12-29T01:41:44.488-0500][gc,heap        ] GC(24105)  Metaspace       used 50324K, capacity 52479K, committed 53888K, reserved 1093632K
[2020-12-29T01:41:44.488-0500][gc,heap        ] GC(24105)   class space    used 7458K, capacity 8253K, committed 8832K, reserved 1048576K
[2020-12-29T01:41:44.488-0500][gc,start       ] GC(24105) Pause Young (Concurrent Start) (G1 Evacuation Pause)
[2020-12-29T01:41:44.488-0500][gc,task        ] GC(24105) Using 8 workers of 8 for evacuation
[2020-12-29T01:41:44.504-0500][gc,phases      ] GC(24105)   Pre Evacuate Collection Set: 1.4ms
[2020-12-29T01:41:44.504-0500][gc,phases      ] GC(24105)   Evacuate Collection Set: 13.1ms
[2020-12-29T01:41:44.504-0500][gc,phases      ] GC(24105)   Post Evacuate Collection Set: 1.2ms
[2020-12-29T01:41:44.504-0500][gc,phases      ] GC(24105)   Other: 0.3ms
[2020-12-29T01:41:44.504-0500][gc,heap        ] GC(24105) Eden regions: 5->0(5)
[2020-12-29T01:41:44.505-0500][gc,heap        ] GC(24105) Survivor regions: 1->1(1)
[2020-12-29T01:41:44.505-0500][gc,heap        ] GC(24105) Old regions: 88->90
[2020-12-29T01:41:44.505-0500][gc,heap        ] GC(24105) Humongous regions: 32->32
[2020-12-29T01:41:44.505-0500][gc,metaspace   ] GC(24105) Metaspace: 50324K->50324K(1093632K)
[2020-12-29T01:41:44.505-0500][gc,heap        ] GC(24105) Heap after GC invocations=24106 (full 5581): garbage-first heap   total 132096K, used 123125K [0x0000000083000000, 0x0000000100000000)
[2020-12-29T01:41:44.505-0500][gc,heap        ] GC(24105)   region size 1024K, 1 young (1024K), 1 survivors (1024K)
[2020-12-29T01:41:44.505-0500][gc,heap        ] GC(24105)  Metaspace       used 50324K, capacity 52479K, committed 53888K, reserved 1093632K
[2020-12-29T01:41:44.505-0500][gc,heap        ] GC(24105)   class space    used 7458K, capacity 8253K, committed 8832K, reserved 1048576K
[2020-12-29T01:41:44.505-0500][gc             ] GC(24105) Pause Young (Concurrent Start) (G1 Evacuation Pause) 123M->120M(129M) 16.243ms
[2020-12-29T01:41:44.505-0500][gc,cpu         ] GC(24105) User=0.06s Sys=0.00s Real=0.01s
[2020-12-29T01:41:44.505-0500][gc             ] GC(24106) Concurrent Cycle
[2020-12-29T01:41:44.505-0500][gc,marking     ] GC(24106) Concurrent Clear Claimed Marks
[2020-12-29T01:41:44.505-0500][gc,marking     ] GC(24106) Concurrent Clear Claimed Marks 0.322ms
[2020-12-29T01:41:44.505-0500][gc,marking     ] GC(24106) Concurrent Scan Root Regions
[2020-12-29T01:41:44.517-0500][gc,marking     ] GC(24106) Concurrent Scan Root Regions 11.995ms
[2020-12-29T01:41:44.517-0500][gc,marking     ] GC(24106) Concurrent Mark (1674301.904s)
[2020-12-29T01:41:44.517-0500][gc,marking     ] GC(24106) Concurrent Mark From Roots
[2020-12-29T01:41:44.517-0500][gc,task        ] GC(24106) Using 2 workers of 2 for marking
[2020-12-29T01:41:44.574-0500][gc,marking     ] GC(24106) Concurrent Mark From Roots 57.171ms
[2020-12-29T01:41:44.575-0500][gc,marking     ] GC(24106) Concurrent Preclean
[2020-12-29T01:41:44.575-0500][gc,marking     ] GC(24106) Concurrent Preclean 0.231ms
[2020-12-29T01:41:44.575-0500][gc,marking     ] GC(24106) Concurrent Mark (1674301.904s, 1674301.962s) 57.481ms
[2020-12-29T01:41:44.579-0500][gc,start       ] GC(24106) Pause Remark
[2020-12-29T01:41:44.587-0500][gc,stringtable ] GC(24106) Cleaned string and symbol table, strings: 33322 processed, 0 removed, symbols: 120987 processed, 0 removed
[2020-12-29T01:41:44.588-0500][gc             ] GC(24106) Pause Remark 121M->92M(129M) 8.720ms
[2020-12-29T01:41:44.588-0500][gc,cpu         ] GC(24106) User=0.03s Sys=0.00s Real=0.01s
[2020-12-29T01:41:44.588-0500][gc,marking     ] GC(24106) Concurrent Rebuild Remembered Sets
[2020-12-29T01:41:44.613-0500][gc,marking     ] GC(24106) Concurrent Rebuild Remembered Sets 25.196ms
[2020-12-29T01:41:44.614-0500][gc,start       ] GC(24106) Pause Cleanup
[2020-12-29T01:41:44.614-0500][gc             ] GC(24106) Pause Cleanup 92M->92M(129M) 0.240ms
[2020-12-29T01:41:44.614-0500][gc,cpu         ] GC(24106) User=0.00s Sys=0.00s Real=0.00s
[2020-12-29T01:41:44.614-0500][gc,marking     ] GC(24106) Concurrent Cleanup for Next Mark
[2020-12-29T01:41:44.615-0500][gc,marking     ] GC(24106) Concurrent Cleanup for Next Mark 1.185ms
[2020-12-29T01:41:44.615-0500][gc             ] GC(24106) Concurrent Cycle 110.460ms
[2020-12-29T01:41:44.701-0500][gc,heap        ] GC(24107) Heap before GC invocations=24107 (full 5581): garbage-first heap   total 132096K, used 97525K [0x0000000083000000, 0x0000000100000000)
[2020-12-29T01:41:44.701-0500][gc,heap        ] GC(24107)   region size 1024K, 6 young (6144K), 1 survivors (1024K)
[2020-12-29T01:41:44.701-0500][gc,heap        ] GC(24107)  Metaspace       used 50346K, capacity 52509K, committed 53888K, reserved 1093632K
[2020-12-29T01:41:44.701-0500][gc,heap        ] GC(24107)   class space    used 7461K, capacity 8258K, committed 8832K, reserved 1048576K
[2020-12-29T01:41:44.702-0500][gc,start       ] GC(24107) Pause Young (Prepare Mixed) (G1 Evacuation Pause)
[2020-12-29T01:41:44.702-0500][gc,task        ] GC(24107) Using 8 workers of 8 for evacuation
[2020-12-29T01:41:44.705-0500][gc,phases      ] GC(24107)   Pre Evacuate Collection Set: 0.0ms
[2020-12-29T01:41:44.705-0500][gc,phases      ] GC(24107)   Evacuate Collection Set: 3.1ms
[2020-12-29T01:41:44.705-0500][gc,phases      ] GC(24107)   Post Evacuate Collection Set: 0.5ms
[2020-12-29T01:41:44.705-0500][gc,phases      ] GC(24107)   Other: 0.2ms
[2020-12-29T01:41:44.705-0500][gc,heap        ] GC(24107) Eden regions: 5->0(5)
[2020-12-29T01:41:44.705-0500][gc,heap        ] GC(24107) Survivor regions: 1->1(1)
[2020-12-29T01:41:44.705-0500][gc,heap        ] GC(24107) Old regions: 89->90
[2020-12-29T01:41:44.705-0500][gc,heap        ] GC(24107) Humongous regions: 4->4
[2020-12-29T01:41:44.705-0500][gc,metaspace   ] GC(24107) Metaspace: 50346K->50346K(1093632K)
[2020-12-29T01:41:44.705-0500][gc,heap        ] GC(24107) Heap after GC invocations=24108 (full 5581): garbage-first heap   total 132096K, used 94461K [0x0000000083000000, 0x0000000100000000)
[2020-12-29T01:41:44.705-0500][gc,heap        ] GC(24107)   region size 1024K, 1 young (1024K), 1 survivors (1024K)
[2020-12-29T01:41:44.705-0500][gc,heap        ] GC(24107)  Metaspace       used 50346K, capacity 52509K, committed 53888K, reserved 1093632K
[2020-12-29T01:41:44.705-0500][gc,heap        ] GC(24107)   class space    used 7461K, capacity 8258K, committed 8832K, reserved 1048576K
[2020-12-29T01:41:44.705-0500][gc             ] GC(24107) Pause Young (Prepare Mixed) (G1 Evacuation Pause) 96M->92M(129M) 3.849ms
[2020-12-29T01:41:44.705-0500][gc,cpu         ] GC(24107) User=0.01s Sys=0.00s Real=0.00s
[2020-12-29T01:41:45.189-0500][gc,task        ] GC(24108) Using 5 workers of 8 for full compaction
[2020-12-29T01:41:45.189-0500][gc,start       ] GC(24108) Pause Full (System.gc())
[2020-12-29T01:41:45.189-0500][gc,heap        ] GC(24108) Heap before GC invocations=24108 (full 5581): garbage-first heap   total 132096K, used 94461K [0x0000000083000000, 0x0000000100000000)
[2020-12-29T01:41:45.189-0500][gc,heap        ] GC(24108)   region size 1024K, 2 young (2048K), 1 survivors (1024K)
[2020-12-29T01:41:45.189-0500][gc,heap        ] GC(24108)  Metaspace       used 50346K, capacity 52509K, committed 53888K, reserved 1093632K
[2020-12-29T01:41:45.189-0500][gc,heap        ] GC(24108)   class space    used 7461K, capacity 8258K, committed 8832K, reserved 1048576K
[2020-12-29T01:41:45.190-0500][gc,phases,start] GC(24108) Phase 1: Mark live objects
[2020-12-29T01:41:45.217-0500][gc,stringtable ] GC(24108) Cleaned string and symbol table, strings: 33325 processed, 4 removed, symbols: 120989 processed, 0 removed
[2020-12-29T01:41:45.217-0500][gc,phases      ] GC(24108) Phase 1: Mark live objects 27.564ms
[2020-12-29T01:41:45.217-0500][gc,phases,start] GC(24108) Phase 2: Prepare for compaction
[2020-12-29T01:41:45.224-0500][gc,phases      ] GC(24108) Phase 2: Prepare for compaction 6.818ms
[2020-12-29T01:41:45.224-0500][gc,phases,start] GC(24108) Phase 3: Adjust pointers
[2020-12-29T01:41:45.238-0500][gc,phases      ] GC(24108) Phase 3: Adjust pointers 14.344ms
[2020-12-29T01:41:45.238-0500][gc,phases,start] GC(24108) Phase 4: Compact heap
[2020-12-29T01:41:45.246-0500][gc,phases      ] GC(24108) Phase 4: Compact heap 7.725ms
[2020-12-29T01:41:45.258-0500][gc,heap        ] GC(24108) Eden regions: 1->0(5)
[2020-12-29T01:41:45.258-0500][gc,heap        ] GC(24108) Survivor regions: 1->0(1)
[2020-12-29T01:41:45.258-0500][gc,heap        ] GC(24108) Old regions: 90->43
[2020-12-29T01:41:45.258-0500][gc,heap        ] GC(24108) Humongous regions: 4->4
[2020-12-29T01:41:45.258-0500][gc,metaspace   ] GC(24108) Metaspace: 50346K->50346K(1093632K)
[2020-12-29T01:41:45.259-0500][gc,heap        ] GC(24108) Heap after GC invocations=24109 (full 5582): garbage-first heap   total 69632K, used 44363K [0x0000000083000000, 0x0000000100000000)
[2020-12-29T01:41:45.259-0500][gc,heap        ] GC(24108)   region size 1024K, 0 young (0K), 0 survivors (0K)
[2020-12-29T01:41:45.259-0500][gc,heap        ] GC(24108)  Metaspace       used 50346K, capacity 52509K, committed 53888K, reserved 1093632K
[2020-12-29T01:41:45.259-0500][gc,heap        ] GC(24108)   class space    used 7461K, capacity 8258K, committed 8832K, reserved 1048576K
[2020-12-29T01:41:45.259-0500][gc             ] GC(24108) Pause Full (System.gc()) 92M->43M(68M) 69.216ms
[2020-12-29T01:41:45.259-0500][gc,cpu         ] GC(24108) User=0.25s Sys=0.00s Real=0.07s
[2020-12-29T01:42:26.507-0500][gc,heap        ] GC(24109) Heap before GC invocations=24109 (full 5582): garbage-first heap   total 69632K, used 48459K [0x0000000083000000, 0x0000000100000000)
[2020-12-29T01:42:26.507-0500][gc,heap        ] GC(24109)   region size 1024K, 5 young (5120K), 0 survivors (0K)
[2020-12-29T01:42:26.507-0500][gc,heap        ] GC(24109)  Metaspace       used 50360K, capacity 52511K, committed 53888K, reserved 1093632K
[2020-12-29T01:42:26.507-0500][gc,heap        ] GC(24109)   class space    used 7461K, capacity 8258K, committed 8832K, reserved 1048576K
[2020-12-29T01:42:26.507-0500][gc,start       ] GC(24109) Pause Young (Concurrent Start) (G1 Evacuation Pause)
[2020-12-29T01:42:26.507-0500][gc,task        ] GC(24109) Using 8 workers of 8 for evacuation
[2020-12-29T01:42:26.513-0500][gc,phases      ] GC(24109)   Pre Evacuate Collection Set: 0.3ms
[2020-12-29T01:42:26.513-0500][gc,phases      ] GC(24109)   Evacuate Collection Set: 2.9ms
[2020-12-29T01:42:26.513-0500][gc,phases      ] GC(24109)   Post Evacuate Collection Set: 1.7ms
[2020-12-29T01:42:26.513-0500][gc,phases      ] GC(24109)   Other: 0.4ms
[2020-12-29T01:42:26.513-0500][gc,heap        ] GC(24109) Eden regions: 5->0(6)
[2020-12-29T01:42:26.513-0500][gc,heap        ] GC(24109) Survivor regions: 0->1(1)
[2020-12-29T01:42:26.513-0500][gc,heap        ] GC(24109) Old regions: 43->43
[2020-12-29T01:42:26.513-0500][gc,heap        ] GC(24109) Humongous regions: 4->4
[2020-12-29T01:42:26.513-0500][gc,metaspace   ] GC(24109) Metaspace: 50360K->50360K(1093632K)
[2020-12-29T01:42:26.513-0500][gc,heap        ] GC(24109) Heap after GC invocations=24110 (full 5582): garbage-first heap   total 69632K, used 44650K [0x0000000083000000, 0x0000000100000000)
[2020-12-29T01:42:26.513-0500][gc,heap        ] GC(24109)   region size 1024K, 1 young (1024K), 1 survivors (1024K)
[2020-12-29T01:42:26.513-0500][gc,heap        ] GC(24109)  Metaspace       used 50360K, capacity 52511K, committed 53888K, reserved 1093632K
[2020-12-29T01:42:26.513-0500][gc,heap        ] GC(24109)   class space    used 7461K, capacity 8258K, committed 8832K, reserved 1048576K
[2020-12-29T01:42:26.513-0500][gc             ] GC(24109) Pause Young (Concurrent Start) (G1 Evacuation Pause) 48M->43M(68M) 5.286ms
[2020-12-29T01:42:26.513-0500][gc,cpu         ] GC(24109) User=0.02s Sys=0.00s Real=0.01s
[2020-12-29T01:42:26.513-0500][gc             ] GC(24110) Concurrent Cycle
[2020-12-29T01:42:26.513-0500][gc,marking     ] GC(24110) Concurrent Clear Claimed Marks
[2020-12-29T01:42:26.513-0500][gc,marking     ] GC(24110) Concurrent Clear Claimed Marks 0.085ms
[2020-12-29T01:42:26.513-0500][gc,marking     ] GC(24110) Concurrent Scan Root Regions
[2020-12-29T01:42:26.514-0500][gc,marking     ] GC(24110) Concurrent Scan Root Regions 1.323ms
[2020-12-29T01:42:26.515-0500][gc,marking     ] GC(24110) Concurrent Mark (1674343.902s)
[2020-12-29T01:42:26.515-0500][gc,marking     ] GC(24110) Concurrent Mark From Roots
[2020-12-29T01:42:26.515-0500][gc,task        ] GC(24110) Using 2 workers of 2 for marking
[2020-12-29T01:42:26.570-0500][gc,marking     ] GC(24110) Concurrent Mark From Roots 55.068ms
[2020-12-29T01:42:26.570-0500][gc,marking     ] GC(24110) Concurrent Preclean
[2020-12-29T01:42:26.570-0500][gc,marking     ] GC(24110) Concurrent Preclean 0.229ms
[2020-12-29T01:42:26.570-0500][gc,marking     ] GC(24110) Concurrent Mark (1674343.902s, 1674343.957s) 55.415ms
[2020-12-29T01:42:26.570-0500][gc,start       ] GC(24110) Pause Remark
[2020-12-29T01:42:26.578-0500][gc,stringtable ] GC(24110) Cleaned string and symbol table, strings: 33466 processed, 0 removed, symbols: 120989 processed, 0 removed
[2020-12-29T01:42:26.578-0500][gc             ] GC(24110) Pause Remark 43M->43M(68M) 7.819ms
[2020-12-29T01:42:26.578-0500][gc,cpu         ] GC(24110) User=0.04s Sys=0.00s Real=0.01s
[2020-12-29T01:42:26.579-0500][gc,marking     ] GC(24110) Concurrent Rebuild Remembered Sets
[2020-12-29T01:42:26.610-0500][gc,marking     ] GC(24110) Concurrent Rebuild Remembered Sets 30.831ms
[2020-12-29T01:42:26.610-0500][gc,start       ] GC(24110) Pause Cleanup
[2020-12-29T01:42:26.610-0500][gc             ] GC(24110) Pause Cleanup 43M->43M(68M) 0.445ms
[2020-12-29T01:42:26.611-0500][gc,cpu         ] GC(24110) User=0.00s Sys=0.00s Real=0.00s
[2020-12-29T01:42:26.611-0500][gc,marking     ] GC(24110) Concurrent Cleanup for Next Mark
[2020-12-29T01:42:26.611-0500][gc,marking     ] GC(24110) Concurrent Cleanup for Next Mark 0.316ms
[2020-12-29T01:42:26.611-0500][gc             ] GC(24110) Concurrent Cycle 98.056ms
[2020-12-29T01:43:49.062-0500][gc,heap        ] GC(24111) Heap before GC invocations=24111 (full 5582): garbage-first heap   total 69632K, used 49770K [0x0000000083000000, 0x0000000100000000)
[2020-12-29T01:43:49.062-0500][gc,heap        ] GC(24111)   region size 1024K, 7 young (7168K), 1 survivors (1024K)
[2020-12-29T01:43:49.062-0500][gc,heap        ] GC(24111)  Metaspace       used 50360K, capacity 52511K, committed 53888K, reserved 1093632K
[2020-12-29T01:43:49.062-0500][gc,heap        ] GC(24111)   class space    used 7461K, capacity 8258K, committed 8832K, reserved 1048576K
[2020-12-29T01:43:49.062-0500][gc,start       ] GC(24111) Pause Young (Normal) (G1 Evacuation Pause)
[2020-12-29T01:43:49.062-0500][gc,task        ] GC(24111) Using 8 workers of 8 for evacuation
[2020-12-29T01:43:49.068-0500][gc,phases      ] GC(24111)   Pre Evacuate Collection Set: 0.0ms
[2020-12-29T01:43:49.068-0500][gc,phases      ] GC(24111)   Evacuate Collection Set: 2.3ms
[2020-12-29T01:43:49.068-0500][gc,phases      ] GC(24111)   Post Evacuate Collection Set: 2.9ms
[2020-12-29T01:43:49.068-0500][gc,phases      ] GC(24111)   Other: 0.5ms
[2020-12-29T01:43:49.068-0500][gc,heap        ] GC(24111) Eden regions: 6->0(6)
[2020-12-29T01:43:49.068-0500][gc,heap        ] GC(24111) Survivor regions: 1->1(1)
[2020-12-29T01:43:49.068-0500][gc,heap        ] GC(24111) Old regions: 43->43
[2020-12-29T01:43:49.068-0500][gc,heap        ] GC(24111) Humongous regions: 4->4
[2020-12-29T01:43:49.068-0500][gc,metaspace   ] GC(24111) Metaspace: 50360K->50360K(1093632K)
[2020-12-29T01:43:49.068-0500][gc,heap        ] GC(24111) Heap after GC invocations=24112 (full 5582): garbage-first heap   total 69632K, used 44579K [0x0000000083000000, 0x0000000100000000)
[2020-12-29T01:43:49.068-0500][gc,heap        ] GC(24111)   region size 1024K, 1 young (1024K), 1 survivors (1024K)
[2020-12-29T01:43:49.068-0500][gc,heap        ] GC(24111)  Metaspace       used 50360K, capacity 52511K, committed 53888K, reserved 1093632K
[2020-12-29T01:43:49.068-0500][gc,heap        ] GC(24111)   class space    used 7461K, capacity 8258K, committed 8832K, reserved 1048576K
[2020-12-29T01:43:49.068-0500][gc             ] GC(24111) Pause Young (Normal) (G1 Evacuation Pause) 49M->43M(68M) 5.932ms
[2020-12-29T01:43:49.068-0500][gc,cpu         ] GC(24111) User=0.03s Sys=0.00s Real=0.01s
[2020-12-29T01:45:11.613-0500][gc,heap        ] GC(24112) Heap before GC invocations=24112 (full 5582): garbage-first heap   total 69632K, used 50723K [0x0000000083000000, 0x0000000100000000)
[2020-12-29T01:45:11.614-0500][gc,heap        ] GC(24112)   region size 1024K, 7 young (7168K), 1 survivors (1024K)
[2020-12-29T01:45:11.614-0500][gc,heap        ] GC(24112)  Metaspace       used 50360K, capacity 52511K, committed 53888K, reserved 1093632K
[2020-12-29T01:45:11.614-0500][gc,heap        ] GC(24112)   class space    used 7461K, capacity 8258K, committed 8832K, reserved 1048576K
[2020-12-29T01:45:11.614-0500][gc,start       ] GC(24112) Pause Young (Concurrent Start) (G1 Evacuation Pause)
[2020-12-29T01:45:11.614-0500][gc,task        ] GC(24112) Using 8 workers of 8 for evacuation
[2020-12-29T01:45:11.620-0500][gc,phases      ] GC(24112)   Pre Evacuate Collection Set: 0.5ms
[2020-12-29T01:45:11.621-0500][gc,phases      ] GC(24112)   Evacuate Collection Set: 3.7ms
[2020-12-29T01:45:11.621-0500][gc,phases      ] GC(24112)   Post Evacuate Collection Set: 2.3ms
[2020-12-29T01:45:11.621-0500][gc,phases      ] GC(24112)   Other: 0.6ms
[2020-12-29T01:45:11.621-0500][gc,heap        ] GC(24112) Eden regions: 6->0(7)
[2020-12-29T01:45:11.621-0500][gc,heap        ] GC(24112) Survivor regions: 1->1(1)
[2020-12-29T01:45:11.621-0500][gc,heap        ] GC(24112) Old regions: 43->43
[2020-12-29T01:45:11.621-0500][gc,heap        ] GC(24112) Humongous regions: 4->4
[2020-12-29T01:45:11.621-0500][gc,metaspace   ] GC(24112) Metaspace: 50360K->50360K(1093632K)
[2020-12-29T01:45:11.621-0500][gc,heap        ] GC(24112) Heap after GC invocations=24113 (full 5582): garbage-first heap   total 69632K, used 44566K [0x0000000083000000, 0x0000000100000000)
[2020-12-29T01:45:11.621-0500][gc,heap        ] GC(24112)   region size 1024K, 1 young (1024K), 1 survivors (1024K)
[2020-12-29T01:45:11.621-0500][gc,heap        ] GC(24112)  Metaspace       used 50360K, capacity 52511K, committed 53888K, reserved 1093632K
[2020-12-29T01:45:11.621-0500][gc,heap        ] GC(24112)   class space    used 7461K, capacity 8258K, committed 8832K, reserved 1048576K
[2020-12-29T01:45:11.621-0500][gc             ] GC(24112) Pause Young (Concurrent Start) (G1 Evacuation Pause) 49M->43M(68M) 7.237ms
[2020-12-29T01:45:11.621-0500][gc,cpu         ] GC(24112) User=0.02s Sys=0.00s Real=0.01s
[2020-12-29T01:45:11.621-0500][gc             ] GC(24113) Concurrent Cycle
[2020-12-29T01:45:11.621-0500][gc,marking     ] GC(24113) Concurrent Clear Claimed Marks
[2020-12-29T01:45:11.622-0500][gc,marking     ] GC(24113) Concurrent Clear Claimed Marks 0.147ms
[2020-12-29T01:45:11.622-0500][gc,marking     ] GC(24113) Concurrent Scan Root Regions
[2020-12-29T01:45:11.623-0500][gc,marking     ] GC(24113) Concurrent Scan Root Regions 1.519ms
[2020-12-29T01:45:11.623-0500][gc,marking     ] GC(24113) Concurrent Mark (1674509.010s)
[2020-12-29T01:45:11.623-0500][gc,marking     ] GC(24113) Concurrent Mark From Roots
[2020-12-29T01:45:11.623-0500][gc,task        ] GC(24113) Using 2 workers of 2 for marking
[2020-12-29T01:45:11.686-0500][gc,marking     ] GC(24113) Concurrent Mark From Roots 62.273ms
[2020-12-29T01:45:11.686-0500][gc,marking     ] GC(24113) Concurrent Preclean
[2020-12-29T01:45:11.686-0500][gc,marking     ] GC(24113) Concurrent Preclean 0.151ms
[2020-12-29T01:45:11.686-0500][gc,marking     ] GC(24113) Concurrent Mark (1674509.010s, 1674509.073s) 62.538ms
[2020-12-29T01:45:11.686-0500][gc,start       ] GC(24113) Pause Remark
[2020-12-29T01:45:11.689-0500][gc,stringtable ] GC(24113) Cleaned string and symbol table, strings: 33466 processed, 0 removed, symbols: 120989 processed, 0 removed
[2020-12-29T01:45:11.690-0500][gc             ] GC(24113) Pause Remark 43M->43M(68M) 3.812ms
[2020-12-29T01:45:11.690-0500][gc,cpu         ] GC(24113) User=0.03s Sys=0.00s Real=0.01s
[2020-12-29T01:45:11.690-0500][gc,marking     ] GC(24113) Concurrent Rebuild Remembered Sets
[2020-12-29T01:45:11.708-0500][gc,marking     ] GC(24113) Concurrent Rebuild Remembered Sets 18.138ms
[2020-12-29T01:45:11.708-0500][gc,start       ] GC(24113) Pause Cleanup
[2020-12-29T01:45:11.709-0500][gc             ] GC(24113) Pause Cleanup 43M->43M(68M) 0.476ms
[2020-12-29T01:45:11.709-0500][gc,cpu         ] GC(24113) User=0.00s Sys=0.00s Real=0.00s
[2020-12-29T01:45:11.709-0500][gc,marking     ] GC(24113) Concurrent Cleanup for Next Mark
[2020-12-29T01:45:11.709-0500][gc,marking     ] GC(24113) Concurrent Cleanup for Next Mark 0.186ms
[2020-12-29T01:45:11.709-0500][gc             ] GC(24113) Concurrent Cycle 87.972ms
[2020-12-29T01:46:45.189-0500][gc,task        ] GC(24114) Using 5 workers of 8 for full compaction
[2020-12-29T01:46:45.189-0500][gc,start       ] GC(24114) Pause Full (System.gc())
[2020-12-29T01:46:45.189-0500][gc,heap        ] GC(24114) Heap before GC invocations=24114 (full 5582): garbage-first heap   total 69632K, used 50710K [0x0000000083000000, 0x0000000100000000)
[2020-12-29T01:46:45.189-0500][gc,heap        ] GC(24114)   region size 1024K, 8 young (8192K), 1 survivors (1024K)
[2020-12-29T01:46:45.189-0500][gc,heap        ] GC(24114)  Metaspace       used 50360K, capacity 52511K, committed 53888K, reserved 1093632K
[2020-12-29T01:46:45.190-0500][gc,heap        ] GC(24114)   class space    used 7461K, capacity 8258K, committed 8832K, reserved 1048576K
[2020-12-29T01:46:45.190-0500][gc,phases,start] GC(24114) Phase 1: Mark live objects
[2020-12-29T01:46:45.230-0500][gc,stringtable ] GC(24114) Cleaned string and symbol table, strings: 33466 processed, 4 removed, symbols: 120989 processed, 0 removed
[2020-12-29T01:46:45.230-0500][gc,phases      ] GC(24114) Phase 1: Mark live objects 40.034ms
[2020-12-29T01:46:45.230-0500][gc,phases,start] GC(24114) Phase 2: Prepare for compaction
[2020-12-29T01:46:45.236-0500][gc,phases      ] GC(24114) Phase 2: Prepare for compaction 5.327ms
[2020-12-29T01:46:45.236-0500][gc,phases,start] GC(24114) Phase 3: Adjust pointers
[2020-12-29T01:46:45.247-0500][gc,phases      ] GC(24114) Phase 3: Adjust pointers 10.758ms
[2020-12-29T01:46:45.247-0500][gc,phases,start] GC(24114) Phase 4: Compact heap
[2020-12-29T01:46:45.251-0500][gc,phases      ] GC(24114) Phase 4: Compact heap 3.950ms
[2020-12-29T01:46:45.255-0500][gc,heap        ] GC(24114) Eden regions: 7->0(7)
[2020-12-29T01:46:45.255-0500][gc,heap        ] GC(24114) Survivor regions: 1->0(1)
[2020-12-29T01:46:45.255-0500][gc,heap        ] GC(24114) Old regions: 43->43
[2020-12-29T01:46:45.255-0500][gc,heap        ] GC(24114) Humongous regions: 4->4
[2020-12-29T01:46:45.255-0500][gc,metaspace   ] GC(24114) Metaspace: 50360K->50360K(1093632K)
[2020-12-29T01:46:45.255-0500][gc,heap        ] GC(24114) Heap after GC invocations=24115 (full 5583): garbage-first heap   total 69632K, used 44338K [0x0000000083000000, 0x0000000100000000)
[2020-12-29T01:46:45.255-0500][gc,heap        ] GC(24114)   region size 1024K, 0 young (0K), 0 survivors (0K)
[2020-12-29T01:46:45.255-0500][gc,heap        ] GC(24114)  Metaspace       used 50360K, capacity 52511K, committed 53888K, reserved 1093632K
[2020-12-29T01:46:45.255-0500][gc,heap        ] GC(24114)   class space    used 7461K, capacity 8258K, committed 8832K, reserved 1048576K
[2020-12-29T01:46:45.255-0500][gc             ] GC(24114) Pause Full (System.gc()) 49M->43M(68M) 65.619ms
[2020-12-29T01:46:45.255-0500][gc,cpu         ] GC(24114) User=0.28s Sys=0.00s Real=0.06s
[2020-12-29T01:48:23.639-0500][gc,heap        ] GC(24115) Heap before GC invocations=24115 (full 5583): garbage-first heap   total 69632K, used 50482K [0x0000000083000000, 0x0000000100000000)
[2020-12-29T01:48:23.639-0500][gc,heap        ] GC(24115)   region size 1024K, 7 young (7168K), 0 survivors (0K)
[2020-12-29T01:48:23.639-0500][gc,heap        ] GC(24115)  Metaspace       used 50362K, capacity 52511K, committed 53888K, reserved 1093632K
[2020-12-29T01:48:23.639-0500][gc,heap        ] GC(24115)   class space    used 7461K, capacity 8258K, committed 8832K, reserved 1048576K
[2020-12-29T01:48:23.639-0500][gc,start       ] GC(24115) Pause Young (Concurrent Start) (G1 Evacuation Pause)
[2020-12-29T01:48:23.639-0500][gc,task        ] GC(24115) Using 8 workers of 8 for evacuation
[2020-12-29T01:48:23.647-0500][gc,phases      ] GC(24115)   Pre Evacuate Collection Set: 0.3ms
[2020-12-29T01:48:23.647-0500][gc,phases      ] GC(24115)   Evacuate Collection Set: 4.6ms
[2020-12-29T01:48:23.647-0500][gc,phases      ] GC(24115)   Post Evacuate Collection Set: 2.9ms
[2020-12-29T01:48:23.648-0500][gc,phases      ] GC(24115)   Other: 0.7ms
[2020-12-29T01:48:23.648-0500][gc,heap        ] GC(24115) Eden regions: 7->0(7)
[2020-12-29T01:48:23.648-0500][gc,heap        ] GC(24115) Survivor regions: 0->1(1)
[2020-12-29T01:48:23.648-0500][gc,heap        ] GC(24115) Old regions: 43->43
[2020-12-29T01:48:23.648-0500][gc,heap        ] GC(24115) Humongous regions: 4->4
[2020-12-29T01:48:23.648-0500][gc,metaspace   ] GC(24115) Metaspace: 50362K->50362K(1093632K)
[2020-12-29T01:48:23.648-0500][gc,heap        ] GC(24115) Heap after GC invocations=24116 (full 5583): garbage-first heap   total 69632K, used 44409K [0x0000000083000000, 0x0000000100000000)
[2020-12-29T01:48:23.648-0500][gc,heap        ] GC(24115)   region size 1024K, 1 young (1024K), 1 survivors (1024K)
[2020-12-29T01:48:23.648-0500][gc,heap        ] GC(24115)  Metaspace       used 50362K, capacity 52511K, committed 53888K, reserved 1093632K
[2020-12-29T01:48:23.649-0500][gc,heap        ] GC(24115)   class space    used 7461K, capacity 8258K, committed 8832K, reserved 1048576K
[2020-12-29T01:48:23.649-0500][gc             ] GC(24115) Pause Young (Concurrent Start) (G1 Evacuation Pause) 50M->43M(68M) 9.394ms
[2020-12-29T01:48:23.649-0500][gc,cpu         ] GC(24115) User=0.03s Sys=0.01s Real=0.01s
[2020-12-29T01:48:23.649-0500][gc             ] GC(24116) Concurrent Cycle
[2020-12-29T01:48:23.649-0500][gc,marking     ] GC(24116) Concurrent Clear Claimed Marks
[2020-12-29T01:48:23.650-0500][gc,marking     ] GC(24116) Concurrent Clear Claimed Marks 0.347ms
[2020-12-29T01:48:23.650-0500][gc,marking     ] GC(24116) Concurrent Scan Root Regions
[2020-12-29T01:48:23.652-0500][gc,marking     ] GC(24116) Concurrent Scan Root Regions 2.241ms
[2020-12-29T01:48:23.652-0500][gc,marking     ] GC(24116) Concurrent Mark (1674701.039s)
[2020-12-29T01:48:23.652-0500][gc,marking     ] GC(24116) Concurrent Mark From Roots
[2020-12-29T01:48:23.652-0500][gc,task        ] GC(24116) Using 2 workers of 2 for marking
[2020-12-29T01:48:23.713-0500][gc,marking     ] GC(24116) Concurrent Mark From Roots 60.442ms
[2020-12-29T01:48:23.713-0500][gc,marking     ] GC(24116) Concurrent Preclean
[2020-12-29T01:48:23.713-0500][gc,marking     ] GC(24116) Concurrent Preclean 0.149ms
[2020-12-29T01:48:23.713-0500][gc,marking     ] GC(24116) Concurrent Mark (1674701.039s, 1674701.100s) 60.687ms
[2020-12-29T01:48:23.713-0500][gc,start       ] GC(24116) Pause Remark
[2020-12-29T01:48:23.717-0500][gc,stringtable ] GC(24116) Cleaned string and symbol table, strings: 33466 processed, 0 removed, symbols: 120989 processed, 0 removed
[2020-12-29T01:48:23.717-0500][gc             ] GC(24116) Pause Remark 43M->43M(68M) 4.280ms
[2020-12-29T01:48:23.717-0500][gc,cpu         ] GC(24116) User=0.02s Sys=0.00s Real=0.00s
[2020-12-29T01:48:23.718-0500][gc,marking     ] GC(24116) Concurrent Rebuild Remembered Sets
[2020-12-29T01:48:23.738-0500][gc,marking     ] GC(24116) Concurrent Rebuild Remembered Sets 20.011ms
[2020-12-29T01:48:23.738-0500][gc,start       ] GC(24116) Pause Cleanup
[2020-12-29T01:48:23.738-0500][gc             ] GC(24116) Pause Cleanup 43M->43M(68M) 0.168ms
[2020-12-29T01:48:23.738-0500][gc,cpu         ] GC(24116) User=0.00s Sys=0.00s Real=0.00s
[2020-12-29T01:48:23.738-0500][gc,marking     ] GC(24116) Concurrent Cleanup for Next Mark
[2020-12-29T01:48:23.738-0500][gc,marking     ] GC(24116) Concurrent Cleanup for Next Mark 0.210ms
[2020-12-29T01:48:23.738-0500][gc             ] GC(24116) Concurrent Cycle 89.308ms
[2020-12-29T01:50:09.059-0500][gc,heap        ] GC(24117) Heap before GC invocations=24117 (full 5583): garbage-first heap   total 69632K, used 51577K [0x0000000083000000, 0x0000000100000000)
[2020-12-29T01:50:09.060-0500][gc,heap        ] GC(24117)   region size 1024K, 8 young (8192K), 1 survivors (1024K)
[2020-12-29T01:50:09.060-0500][gc,heap        ] GC(24117)  Metaspace       used 50362K, capacity 52511K, committed 53888K, reserved 1093632K
[2020-12-29T01:50:09.060-0500][gc,heap        ] GC(24117)   class space    used 7461K, capacity 8258K, committed 8832K, reserved 1048576K
[2020-12-29T01:50:09.060-0500][gc,start       ] GC(24117) Pause Young (Normal) (G1 Evacuation Pause)
[2020-12-29T01:50:09.060-0500][gc,task        ] GC(24117) Using 8 workers of 8 for evacuation
[2020-12-29T01:50:09.066-0500][gc,phases      ] GC(24117)   Pre Evacuate Collection Set: 0.1ms
[2020-12-29T01:50:09.066-0500][gc,phases      ] GC(24117)   Evacuate Collection Set: 3.7ms
[2020-12-29T01:50:09.066-0500][gc,phases      ] GC(24117)   Post Evacuate Collection Set: 2.7ms
[2020-12-29T01:50:09.067-0500][gc,phases      ] GC(24117)   Other: 0.6ms
[2020-12-29T01:50:09.067-0500][gc,heap        ] GC(24117) Eden regions: 7->0(8)
[2020-12-29T01:50:09.067-0500][gc,heap        ] GC(24117) Survivor regions: 1->1(1)
[2020-12-29T01:50:09.067-0500][gc,heap        ] GC(24117) Old regions: 43->43
[2020-12-29T01:50:09.067-0500][gc,heap        ] GC(24117) Humongous regions: 4->4
[2020-12-29T01:50:09.067-0500][gc,metaspace   ] GC(24117) Metaspace: 50362K->50362K(1093632K)
[2020-12-29T01:50:09.067-0500][gc,heap        ] GC(24117) Heap after GC invocations=24118 (full 5583): garbage-first heap   total 69632K, used 44415K [0x0000000083000000, 0x0000000100000000)
[2020-12-29T01:50:09.067-0500][gc,heap        ] GC(24117)   region size 1024K, 1 young (1024K), 1 survivors (1024K)
[2020-12-29T01:50:09.067-0500][gc,heap        ] GC(24117)  Metaspace       used 50362K, capacity 52511K, committed 53888K, reserved 1093632K
[2020-12-29T01:50:09.067-0500][gc,heap        ] GC(24117)   class space    used 7461K, capacity 8258K, committed 8832K, reserved 1048576K
[2020-12-29T01:50:09.067-0500][gc             ] GC(24117) Pause Young (Normal) (G1 Evacuation Pause) 50M->43M(68M) 7.029ms
[2020-12-29T01:50:09.067-0500][gc,cpu         ] GC(24117) User=0.02s Sys=0.00s Real=0.00s
[2020-12-29T01:51:45.192-0500][gc,task        ] GC(24118) Using 5 workers of 8 for full compaction
[2020-12-29T01:51:45.192-0500][gc,start       ] GC(24118) Pause Full (System.gc())
[2020-12-29T01:51:45.192-0500][gc,heap        ] GC(24118) Heap before GC invocations=24118 (full 5583): garbage-first heap   total 69632K, used 49535K [0x0000000083000000, 0x0000000100000000)
[2020-12-29T01:51:45.192-0500][gc,heap        ] GC(24118)   region size 1024K, 8 young (8192K), 1 survivors (1024K)
[2020-12-29T01:51:45.192-0500][gc,heap        ] GC(24118)  Metaspace       used 50362K, capacity 52511K, committed 53888K, reserved 1093632K
[2020-12-29T01:51:45.192-0500][gc,heap        ] GC(24118)   class space    used 7461K, capacity 8258K, committed 8832K, reserved 1048576K
[2020-12-29T01:51:45.193-0500][gc,phases,start] GC(24118) Phase 1: Mark live objects
[2020-12-29T01:51:45.232-0500][gc,stringtable ] GC(24118) Cleaned string and symbol table, strings: 33466 processed, 4 removed, symbols: 120989 processed, 0 removed
[2020-12-29T01:51:45.232-0500][gc,phases      ] GC(24118) Phase 1: Mark live objects 39.275ms
[2020-12-29T01:51:45.232-0500][gc,phases,start] GC(24118) Phase 2: Prepare for compaction
[2020-12-29T01:51:45.239-0500][gc,phases      ] GC(24118) Phase 2: Prepare for compaction 6.586ms
[2020-12-29T01:51:45.239-0500][gc,phases,start] GC(24118) Phase 3: Adjust pointers
[2020-12-29T01:51:45.249-0500][gc,phases      ] GC(24118) Phase 3: Adjust pointers 10.427ms
[2020-12-29T01:51:45.249-0500][gc,phases,start] GC(24118) Phase 4: Compact heap
[2020-12-29T01:51:45.252-0500][gc,phases      ] GC(24118) Phase 4: Compact heap 2.784ms
[2020-12-29T01:51:45.256-0500][gc,heap        ] GC(24118) Eden regions: 7->0(9)
[2020-12-29T01:51:45.256-0500][gc,heap        ] GC(24118) Survivor regions: 1->0(1)
[2020-12-29T01:51:45.256-0500][gc,heap        ] GC(24118) Old regions: 43->43
[2020-12-29T01:51:45.256-0500][gc,heap        ] GC(24118) Humongous regions: 4->4
[2020-12-29T01:51:45.256-0500][gc,metaspace   ] GC(24118) Metaspace: 50362K->50362K(1093632K)
[2020-12-29T01:51:45.256-0500][gc,heap        ] GC(24118) Heap after GC invocations=24119 (full 5584): garbage-first heap   total 69632K, used 44347K [0x0000000083000000, 0x0000000100000000)
[2020-12-29T01:51:45.256-0500][gc,heap        ] GC(24118)   region size 1024K, 0 young (0K), 0 survivors (0K)
[2020-12-29T01:51:45.256-0500][gc,heap        ] GC(24118)  Metaspace       used 50362K, capacity 52511K, committed 53888K, reserved 1093632K
[2020-12-29T01:51:45.256-0500][gc,heap        ] GC(24118)   class space    used 7461K, capacity 8258K, committed 8832K, reserved 1048576K
[2020-12-29T01:51:45.256-0500][gc             ] GC(24118) Pause Full (System.gc()) 50M->43M(68M) 64.376ms
[2020-12-29T01:51:45.257-0500][gc,cpu         ] GC(24118) User=0.27s Sys=0.00s Real=0.06s
[2020-12-29T01:53:49.278-0500][gc,heap        ] GC(24119) Heap before GC invocations=24119 (full 5584): garbage-first heap   total 69632K, used 52539K [0x0000000083000000, 0x0000000100000000)
[2020-12-29T01:53:49.278-0500][gc,heap        ] GC(24119)   region size 1024K, 9 young (9216K), 0 survivors (0K)
[2020-12-29T01:53:49.278-0500][gc,heap        ] GC(24119)  Metaspace       used 50362K, capacity 52511K, committed 53888K, reserved 1093632K
[2020-12-29T01:53:49.278-0500][gc,heap        ] GC(24119)   class space    used 7461K, capacity 8258K, committed 8832K, reserved 1048576K
[2020-12-29T01:53:49.278-0500][gc,start       ] GC(24119) Pause Young (Concurrent Start) (G1 Evacuation Pause)
[2020-12-29T01:53:49.278-0500][gc,task        ] GC(24119) Using 8 workers of 8 for evacuation
[2020-12-29T01:53:49.291-0500][gc,phases      ] GC(24119)   Pre Evacuate Collection Set: 0.3ms
[2020-12-29T01:53:49.291-0500][gc,phases      ] GC(24119)   Evacuate Collection Set: 8.9ms
[2020-12-29T01:53:49.291-0500][gc,phases      ] GC(24119)   Post Evacuate Collection Set: 2.8ms
[2020-12-29T01:53:49.291-0500][gc,phases      ] GC(24119)   Other: 0.7ms
[2020-12-29T01:53:49.291-0500][gc,heap        ] GC(24119) Eden regions: 9->0(9)
[2020-12-29T01:53:49.291-0500][gc,heap        ] GC(24119) Survivor regions: 0->1(2)
[2020-12-29T01:53:49.291-0500][gc,heap        ] GC(24119) Old regions: 43->43
[2020-12-29T01:53:49.291-0500][gc,heap        ] GC(24119) Humongous regions: 4->4
[2020-12-29T01:53:49.291-0500][gc,metaspace   ] GC(24119) Metaspace: 50362K->50362K(1093632K)
[2020-12-29T01:53:49.291-0500][gc,heap        ] GC(24119) Heap after GC invocations=24120 (full 5584): garbage-first heap   total 69632K, used 44418K [0x0000000083000000, 0x0000000100000000)
[2020-12-29T01:53:49.291-0500][gc,heap        ] GC(24119)   region size 1024K, 1 young (1024K), 1 survivors (1024K)
[2020-12-29T01:53:49.291-0500][gc,heap        ] GC(24119)  Metaspace       used 50362K, capacity 52511K, committed 53888K, reserved 1093632K
[2020-12-29T01:53:49.291-0500][gc,heap        ] GC(24119)   class space    used 7461K, capacity 8258K, committed 8832K, reserved 1048576K
[2020-12-29T01:53:49.291-0500][gc             ] GC(24119) Pause Young (Concurrent Start) (G1 Evacuation Pause) 52M->43M(68M) 12.615ms
[2020-12-29T01:53:49.291-0500][gc,cpu         ] GC(24119) User=0.04s Sys=0.00s Real=0.01s
[2020-12-29T01:53:49.291-0500][gc             ] GC(24120) Concurrent Cycle
[2020-12-29T01:53:49.291-0500][gc,marking     ] GC(24120) Concurrent Clear Claimed Marks
[2020-12-29T01:53:49.292-0500][gc,marking     ] GC(24120) Concurrent Clear Claimed Marks 0.358ms
[2020-12-29T01:53:49.292-0500][gc,marking     ] GC(24120) Concurrent Scan Root Regions
[2020-12-29T01:53:49.294-0500][gc,marking     ] GC(24120) Concurrent Scan Root Regions 2.864ms
[2020-12-29T01:53:49.295-0500][gc,marking     ] GC(24120) Concurrent Mark (1675026.682s)
[2020-12-29T01:53:49.295-0500][gc,marking     ] GC(24120) Concurrent Mark From Roots
[2020-12-29T01:53:49.295-0500][gc,task        ] GC(24120) Using 2 workers of 2 for marking
[2020-12-29T01:53:49.349-0500][gc,marking     ] GC(24120) Concurrent Mark From Roots 54.631ms
[2020-12-29T01:53:49.349-0500][gc,marking     ] GC(24120) Concurrent Preclean
[2020-12-29T01:53:49.349-0500][gc,marking     ] GC(24120) Concurrent Preclean 0.166ms
[2020-12-29T01:53:49.350-0500][gc,marking     ] GC(24120) Concurrent Mark (1675026.682s, 1675026.737s) 54.925ms
[2020-12-29T01:53:49.350-0500][gc,start       ] GC(24120) Pause Remark
[2020-12-29T01:53:49.356-0500][gc,stringtable ] GC(24120) Cleaned string and symbol table, strings: 33466 processed, 0 removed, symbols: 120989 processed, 0 removed
[2020-12-29T01:53:49.356-0500][gc             ] GC(24120) Pause Remark 43M->43M(68M) 6.247ms
[2020-12-29T01:53:49.356-0500][gc,cpu         ] GC(24120) User=0.03s Sys=0.00s Real=0.00s
[2020-12-29T01:53:49.356-0500][gc,marking     ] GC(24120) Concurrent Rebuild Remembered Sets
[2020-12-29T01:53:49.377-0500][gc,marking     ] GC(24120) Concurrent Rebuild Remembered Sets 21.170ms
[2020-12-29T01:53:49.378-0500][gc,start       ] GC(24120) Pause Cleanup
[2020-12-29T01:53:49.378-0500][gc             ] GC(24120) Pause Cleanup 43M->43M(68M) 0.189ms
[2020-12-29T01:53:49.378-0500][gc,cpu         ] GC(24120) User=0.00s Sys=0.00s Real=0.00s
[2020-12-29T01:53:49.378-0500][gc,marking     ] GC(24120) Concurrent Cleanup for Next Mark
[2020-12-29T01:53:49.379-0500][gc,marking     ] GC(24120) Concurrent Cleanup for Next Mark 0.418ms
[2020-12-29T01:53:49.379-0500][gc             ] GC(24120) Concurrent Cycle 87.474ms
[2020-12-29T01:56:06.907-0500][gc,heap        ] GC(24121) Heap before GC invocations=24121 (full 5584): garbage-first heap   total 69632K, used 53634K [0x0000000083000000, 0x0000000100000000)
[2020-12-29T01:56:06.907-0500][gc,heap        ] GC(24121)   region size 1024K, 10 young (10240K), 1 survivors (1024K)
[2020-12-29T01:56:06.907-0500][gc,heap        ] GC(24121)  Metaspace       used 50362K, capacity 52511K, committed 53888K, reserved 1093632K
[2020-12-29T01:56:06.907-0500][gc,heap        ] GC(24121)   class space    used 7461K, capacity 8258K, committed 8832K, reserved 1048576K
[2020-12-29T01:56:06.907-0500][gc,start       ] GC(24121) Pause Young (Normal) (G1 Evacuation Pause)
[2020-12-29T01:56:06.907-0500][gc,task        ] GC(24121) Using 8 workers of 8 for evacuation
[2020-12-29T01:56:06.909-0500][gc,phases      ] GC(24121)   Pre Evacuate Collection Set: 0.0ms
[2020-12-29T01:56:06.909-0500][gc,phases      ] GC(24121)   Evacuate Collection Set: 1.5ms
[2020-12-29T01:56:06.909-0500][gc,phases      ] GC(24121)   Post Evacuate Collection Set: 0.7ms
[2020-12-29T01:56:06.909-0500][gc,phases      ] GC(24121)   Other: 0.2ms
[2020-12-29T01:56:06.909-0500][gc,heap        ] GC(24121) Eden regions: 9->0(9)
[2020-12-29T01:56:06.909-0500][gc,heap        ] GC(24121) Survivor regions: 1->1(2)
[2020-12-29T01:56:06.909-0500][gc,heap        ] GC(24121) Old regions: 43->43
[2020-12-29T01:56:06.909-0500][gc,heap        ] GC(24121) Humongous regions: 4->4
[2020-12-29T01:56:06.909-0500][gc,metaspace   ] GC(24121) Metaspace: 50362K->50362K(1093632K)
[2020-12-29T01:56:06.909-0500][gc,heap        ] GC(24121) Heap after GC invocations=24122 (full 5584): garbage-first heap   total 69632K, used 44427K [0x0000000083000000, 0x0000000100000000)
[2020-12-29T01:56:06.909-0500][gc,heap        ] GC(24121)   region size 1024K, 1 young (1024K), 1 survivors (1024K)
[2020-12-29T01:56:06.909-0500][gc,heap        ] GC(24121)  Metaspace       used 50362K, capacity 52511K, committed 53888K, reserved 1093632K
[2020-12-29T01:56:06.909-0500][gc,heap        ] GC(24121)   class space    used 7461K, capacity 8258K, committed 8832K, reserved 1048576K
[2020-12-29T01:56:06.909-0500][gc             ] GC(24121) Pause Young (Normal) (G1 Evacuation Pause) 52M->43M(68M) 2.529ms
[2020-12-29T01:56:06.909-0500][gc,cpu         ] GC(24121) User=0.01s Sys=0.00s Real=0.01s
[2020-12-29T01:56:45.191-0500][gc,task        ] GC(24122) Using 5 workers of 8 for full compaction
[2020-12-29T01:56:45.191-0500][gc,start       ] GC(24122) Pause Full (System.gc())
[2020-12-29T01:56:45.191-0500][gc,heap        ] GC(24122) Heap before GC invocations=24122 (full 5584): garbage-first heap   total 69632K, used 46475K [0x0000000083000000, 0x0000000100000000)
[2020-12-29T01:56:45.191-0500][gc,heap        ] GC(24122)   region size 1024K, 4 young (4096K), 1 survivors (1024K)
[2020-12-29T01:56:45.191-0500][gc,heap        ] GC(24122)  Metaspace       used 50362K, capacity 52511K, committed 53888K, reserved 1093632K
[2020-12-29T01:56:45.191-0500][gc,heap        ] GC(24122)   class space    used 7461K, capacity 8258K, committed 8832K, reserved 1048576K
[2020-12-29T01:56:45.191-0500][gc,phases,start] GC(24122) Phase 1: Mark live objects
[2020-12-29T01:56:45.233-0500][gc,stringtable ] GC(24122) Cleaned string and symbol table, strings: 33466 processed, 4 removed, symbols: 120989 processed, 0 removed
[2020-12-29T01:56:45.233-0500][gc,phases      ] GC(24122) Phase 1: Mark live objects 41.765ms
[2020-12-29T01:56:45.233-0500][gc,phases,start] GC(24122) Phase 2: Prepare for compaction
[2020-12-29T01:56:45.239-0500][gc,phases      ] GC(24122) Phase 2: Prepare for compaction 5.236ms
[2020-12-29T01:56:45.239-0500][gc,phases,start] GC(24122) Phase 3: Adjust pointers
[2020-12-29T01:56:45.251-0500][gc,phases      ] GC(24122) Phase 3: Adjust pointers 12.112ms
[2020-12-29T01:56:45.251-0500][gc,phases,start] GC(24122) Phase 4: Compact heap
[2020-12-29T01:56:45.254-0500][gc,phases      ] GC(24122) Phase 4: Compact heap 2.961ms
[2020-12-29T01:56:45.258-0500][gc,heap        ] GC(24122) Eden regions: 3->0(9)
[2020-12-29T01:56:45.258-0500][gc,heap        ] GC(24122) Survivor regions: 1->0(2)
[2020-12-29T01:56:45.258-0500][gc,heap        ] GC(24122) Old regions: 43->44
[2020-12-29T01:56:45.258-0500][gc,heap        ] GC(24122) Humongous regions: 4->4
[2020-12-29T01:56:45.258-0500][gc,metaspace   ] GC(24122) Metaspace: 50362K->50362K(1093632K)
[2020-12-29T01:56:45.258-0500][gc,heap        ] GC(24122) Heap after GC invocations=24123 (full 5585): garbage-first heap   total 69632K, used 44332K [0x0000000083000000, 0x0000000100000000)
[2020-12-29T01:56:45.258-0500][gc,heap        ] GC(24122)   region size 1024K, 0 young (0K), 0 survivors (0K)
[2020-12-29T01:56:45.259-0500][gc,heap        ] GC(24122)  Metaspace       used 50362K, capacity 52511K, committed 53888K, reserved 1093632K
[2020-12-29T01:56:45.259-0500][gc,heap        ] GC(24122)   class space    used 7461K, capacity 8258K, committed 8832K, reserved 1048576K
[2020-12-29T01:56:45.259-0500][gc             ] GC(24122) Pause Full (System.gc()) 46M->43M(68M) 67.866ms
[2020-12-29T01:56:45.259-0500][gc,cpu         ] GC(24122) User=0.29s Sys=0.00s Real=0.07s
[2020-12-29T01:58:59.060-0500][gc,heap        ] GC(24123) Heap before GC invocations=24123 (full 5585): garbage-first heap   total 69632K, used 52524K [0x0000000083000000, 0x0000000100000000)
[2020-12-29T01:58:59.060-0500][gc,heap        ] GC(24123)   region size 1024K, 9 young (9216K), 0 survivors (0K)
[2020-12-29T01:58:59.060-0500][gc,heap        ] GC(24123)  Metaspace       used 50362K, capacity 52511K, committed 53888K, reserved 1093632K
[2020-12-29T01:58:59.060-0500][gc,heap        ] GC(24123)   class space    used 7461K, capacity 8258K, committed 8832K, reserved 1048576K
[2020-12-29T01:58:59.060-0500][gc,start       ] GC(24123) Pause Young (Concurrent Start) (G1 Evacuation Pause)
[2020-12-29T01:58:59.060-0500][gc,task        ] GC(24123) Using 8 workers of 8 for evacuation
[2020-12-29T01:58:59.063-0500][gc,phases      ] GC(24123)   Pre Evacuate Collection Set: 0.2ms
[2020-12-29T01:58:59.063-0500][gc,phases      ] GC(24123)   Evacuate Collection Set: 1.0ms
[2020-12-29T01:58:59.063-0500][gc,phases      ] GC(24123)   Post Evacuate Collection Set: 1.2ms
[2020-12-29T01:58:59.063-0500][gc,phases      ] GC(24123)   Other: 0.3ms
[2020-12-29T01:58:59.063-0500][gc,heap        ] GC(24123) Eden regions: 9->0(9)
[2020-12-29T01:58:59.063-0500][gc,heap        ] GC(24123) Survivor regions: 0->1(2)
[2020-12-29T01:58:59.063-0500][gc,heap        ] GC(24123) Old regions: 44->44
[2020-12-29T01:58:59.063-0500][gc,heap        ] GC(24123) Humongous regions: 4->4
[2020-12-29T01:58:59.063-0500][gc,metaspace   ] GC(24123) Metaspace: 50362K->50362K(1093632K)
[2020-12-29T01:58:59.063-0500][gc,heap        ] GC(24123) Heap after GC invocations=24124 (full 5585): garbage-first heap   total 69632K, used 44419K [0x0000000083000000, 0x0000000100000000)
[2020-12-29T01:58:59.063-0500][gc,heap        ] GC(24123)   region size 1024K, 1 young (1024K), 1 survivors (1024K)
[2020-12-29T01:58:59.063-0500][gc,heap        ] GC(24123)  Metaspace       used 50362K, capacity 52511K, committed 53888K, reserved 1093632K
[2020-12-29T01:58:59.063-0500][gc,heap        ] GC(24123)   class space    used 7461K, capacity 8258K, committed 8832K, reserved 1048576K
[2020-12-29T01:58:59.063-0500][gc             ] GC(24123) Pause Young (Concurrent Start) (G1 Evacuation Pause) 52M->43M(68M) 2.747ms
[2020-12-29T01:58:59.063-0500][gc,cpu         ] GC(24123) User=0.00s Sys=0.00s Real=0.00s
[2020-12-29T01:58:59.063-0500][gc             ] GC(24124) Concurrent Cycle
[2020-12-29T01:58:59.063-0500][gc,marking     ] GC(24124) Concurrent Clear Claimed Marks
[2020-12-29T01:58:59.063-0500][gc,marking     ] GC(24124) Concurrent Clear Claimed Marks 0.059ms
[2020-12-29T01:58:59.063-0500][gc,marking     ] GC(24124) Concurrent Scan Root Regions
[2020-12-29T01:58:59.064-0500][gc,marking     ] GC(24124) Concurrent Scan Root Regions 0.658ms
[2020-12-29T01:58:59.064-0500][gc,marking     ] GC(24124) Concurrent Mark (1675336.451s)
[2020-12-29T01:58:59.064-0500][gc,marking     ] GC(24124) Concurrent Mark From Roots
[2020-12-29T01:58:59.064-0500][gc,task        ] GC(24124) Using 2 workers of 2 for marking
[2020-12-29T01:58:59.120-0500][gc,marking     ] GC(24124) Concurrent Mark From Roots 55.992ms
[2020-12-29T01:58:59.120-0500][gc,marking     ] GC(24124) Concurrent Preclean
[2020-12-29T01:58:59.120-0500][gc,marking     ] GC(24124) Concurrent Preclean 0.182ms
[2020-12-29T01:58:59.120-0500][gc,marking     ] GC(24124) Concurrent Mark (1675336.451s, 1675336.507s) 56.260ms
[2020-12-29T01:58:59.120-0500][gc,start       ] GC(24124) Pause Remark
[2020-12-29T01:58:59.126-0500][gc,stringtable ] GC(24124) Cleaned string and symbol table, strings: 33466 processed, 0 removed, symbols: 120989 processed, 0 removed
[2020-12-29T01:58:59.126-0500][gc             ] GC(24124) Pause Remark 43M->43M(68M) 5.680ms
[2020-12-29T01:58:59.126-0500][gc,cpu         ] GC(24124) User=0.04s Sys=0.00s Real=0.00s
[2020-12-29T01:58:59.126-0500][gc,marking     ] GC(24124) Concurrent Rebuild Remembered Sets
[2020-12-29T01:58:59.147-0500][gc,marking     ] GC(24124) Concurrent Rebuild Remembered Sets 20.493ms
[2020-12-29T01:58:59.147-0500][gc,start       ] GC(24124) Pause Cleanup
[2020-12-29T01:58:59.148-0500][gc             ] GC(24124) Pause Cleanup 43M->43M(68M) 0.350ms
[2020-12-29T01:58:59.148-0500][gc,cpu         ] GC(24124) User=0.00s Sys=0.00s Real=0.01s
[2020-12-29T01:58:59.148-0500][gc,marking     ] GC(24124) Concurrent Cleanup for Next Mark
[2020-12-29T01:58:59.148-0500][gc,marking     ] GC(24124) Concurrent Cleanup for Next Mark 0.270ms
[2020-12-29T01:58:59.148-0500][gc             ] GC(24124) Concurrent Cycle 85.010ms
[2020-12-29T02:01:09.060-0500][gc,heap        ] GC(24125) Heap before GC invocations=24125 (full 5585): garbage-first heap   total 69632K, used 53629K [0x0000000083000000, 0x0000000100000000)
[2020-12-29T02:01:09.060-0500][gc,heap        ] GC(24125)   region size 1024K, 10 young (10240K), 1 survivors (1024K)
[2020-12-29T02:01:09.060-0500][gc,heap        ] GC(24125)  Metaspace       used 50362K, capacity 52511K, committed 53888K, reserved 1093632K
[2020-12-29T02:01:09.060-0500][gc,heap        ] GC(24125)   class space    used 7461K, capacity 8258K, committed 8832K, reserved 1048576K
[2020-12-29T02:01:09.060-0500][gc,start       ] GC(24125) Pause Young (Normal) (G1 Evacuation Pause)
[2020-12-29T02:01:09.060-0500][gc,task        ] GC(24125) Using 8 workers of 8 for evacuation
[2020-12-29T02:01:09.062-0500][gc,phases      ] GC(24125)   Pre Evacuate Collection Set: 0.0ms
[2020-12-29T02:01:09.062-0500][gc,phases      ] GC(24125)   Evacuate Collection Set: 1.1ms
[2020-12-29T02:01:09.062-0500][gc,phases      ] GC(24125)   Post Evacuate Collection Set: 0.8ms
[2020-12-29T02:01:09.062-0500][gc,phases      ] GC(24125)   Other: 0.2ms
[2020-12-29T02:01:09.062-0500][gc,heap        ] GC(24125) Eden regions: 9->0(10)
[2020-12-29T02:01:09.062-0500][gc,heap        ] GC(24125) Survivor regions: 1->1(2)
[2020-12-29T02:01:09.062-0500][gc,heap        ] GC(24125) Old regions: 43->43
[2020-12-29T02:01:09.062-0500][gc,heap        ] GC(24125) Humongous regions: 4->4
[2020-12-29T02:01:09.062-0500][gc,metaspace   ] GC(24125) Metaspace: 50362K->50362K(1093632K)
[2020-12-29T02:01:09.062-0500][gc,heap        ] GC(24125) Heap after GC invocations=24126 (full 5585): garbage-first heap   total 69632K, used 44422K [0x0000000083000000, 0x0000000100000000)
[2020-12-29T02:01:09.062-0500][gc,heap        ] GC(24125)   region size 1024K, 1 young (1024K), 1 survivors (1024K)
[2020-12-29T02:01:09.062-0500][gc,heap        ] GC(24125)  Metaspace       used 50362K, capacity 52511K, committed 53888K, reserved 1093632K
[2020-12-29T02:01:09.062-0500][gc,heap        ] GC(24125)   class space    used 7461K, capacity 8258K, committed 8832K, reserved 1048576K
[2020-12-29T02:01:09.062-0500][gc             ] GC(24125) Pause Young (Normal) (G1 Evacuation Pause) 52M->43M(68M) 2.159ms
[2020-12-29T02:01:09.062-0500][gc,cpu         ] GC(24125) User=0.01s Sys=0.00s Real=0.00s
[2020-12-29T02:01:45.191-0500][gc,task        ] GC(24126) Using 5 workers of 8 for full compaction
[2020-12-29T02:01:45.191-0500][gc,start       ] GC(24126) Pause Full (System.gc())
[2020-12-29T02:01:45.191-0500][gc,heap        ] GC(24126) Heap before GC invocations=24126 (full 5585): garbage-first heap   total 69632K, used 46470K [0x0000000083000000, 0x0000000100000000)
[2020-12-29T02:01:45.191-0500][gc,heap        ] GC(24126)   region size 1024K, 4 young (4096K), 1 survivors (1024K)
[2020-12-29T02:01:45.191-0500][gc,heap        ] GC(24126)  Metaspace       used 50362K, capacity 52511K, committed 53888K, reserved 1093632K
[2020-12-29T02:01:45.191-0500][gc,heap        ] GC(24126)   class space    used 7461K, capacity 8258K, committed 8832K, reserved 1048576K
[2020-12-29T02:01:45.192-0500][gc,phases,start] GC(24126) Phase 1: Mark live objects
[2020-12-29T02:01:45.212-0500][gc,stringtable ] GC(24126) Cleaned string and symbol table, strings: 33466 processed, 4 removed, symbols: 120989 processed, 0 removed
[2020-12-29T02:01:45.212-0500][gc,phases      ] GC(24126) Phase 1: Mark live objects 20.657ms
[2020-12-29T02:01:45.212-0500][gc,phases,start] GC(24126) Phase 2: Prepare for compaction
[2020-12-29T02:01:45.216-0500][gc,phases      ] GC(24126) Phase 2: Prepare for compaction 3.625ms
[2020-12-29T02:01:45.216-0500][gc,phases,start] GC(24126) Phase 3: Adjust pointers
[2020-12-29T02:01:45.227-0500][gc,phases      ] GC(24126) Phase 3: Adjust pointers 10.557ms
[2020-12-29T02:01:45.227-0500][gc,phases,start] GC(24126) Phase 4: Compact heap
[2020-12-29T02:01:45.241-0500][gc,phases      ] GC(24126) Phase 4: Compact heap 14.725ms
[2020-12-29T02:01:45.246-0500][gc,heap        ] GC(24126) Eden regions: 3->0(10)
[2020-12-29T02:01:45.246-0500][gc,heap        ] GC(24126) Survivor regions: 1->0(2)
[2020-12-29T02:01:45.246-0500][gc,heap        ] GC(24126) Old regions: 43->42
[2020-12-29T02:01:45.246-0500][gc,heap        ] GC(24126) Humongous regions: 4->4
[2020-12-29T02:01:45.246-0500][gc,metaspace   ] GC(24126) Metaspace: 50362K->50362K(1093632K)
[2020-12-29T02:01:45.246-0500][gc,heap        ] GC(24126) Heap after GC invocations=24127 (full 5586): garbage-first heap   total 67584K, used 44326K [0x0000000083000000, 0x0000000100000000)
[2020-12-29T02:01:45.246-0500][gc,heap        ] GC(24126)   region size 1024K, 0 young (0K), 0 survivors (0K)
[2020-12-29T02:01:45.246-0500][gc,heap        ] GC(24126)  Metaspace       used 50362K, capacity 52511K, committed 53888K, reserved 1093632K
[2020-12-29T02:01:45.246-0500][gc,heap        ] GC(24126)   class space    used 7461K, capacity 8258K, committed 8832K, reserved 1048576K
[2020-12-29T02:01:45.246-0500][gc             ] GC(24126) Pause Full (System.gc()) 46M->43M(66M) 54.532ms
[2020-12-29T02:01:45.246-0500][gc,cpu         ] GC(24126) User=0.20s Sys=0.00s Real=0.05s
[2020-12-29T02:04:09.063-0500][gc,heap        ] GC(24127) Heap before GC invocations=24127 (full 5586): garbage-first heap   total 67584K, used 53542K [0x0000000083000000, 0x0000000100000000)
[2020-12-29T02:04:09.063-0500][gc,heap        ] GC(24127)   region size 1024K, 10 young (10240K), 0 survivors (0K)
[2020-12-29T02:04:09.063-0500][gc,heap        ] GC(24127)  Metaspace       used 50362K, capacity 52511K, committed 53888K, reserved 1093632K
[2020-12-29T02:04:09.063-0500][gc,heap        ] GC(24127)   class space    used 7461K, capacity 8258K, committed 8832K, reserved 1048576K
[2020-12-29T02:04:09.063-0500][gc,start       ] GC(24127) Pause Young (Concurrent Start) (G1 Evacuation Pause)
[2020-12-29T02:04:09.063-0500][gc,task        ] GC(24127) Using 8 workers of 8 for evacuation
[2020-12-29T02:04:09.067-0500][gc,phases      ] GC(24127)   Pre Evacuate Collection Set: 0.4ms
[2020-12-29T02:04:09.067-0500][gc,phases      ] GC(24127)   Evacuate Collection Set: 1.4ms
[2020-12-29T02:04:09.067-0500][gc,phases      ] GC(24127)   Post Evacuate Collection Set: 2.1ms
[2020-12-29T02:04:09.067-0500][gc,phases      ] GC(24127)   Other: 0.4ms
[2020-12-29T02:04:09.067-0500][gc,heap        ] GC(24127) Eden regions: 10->0(10)
[2020-12-29T02:04:09.067-0500][gc,heap        ] GC(24127) Survivor regions: 0->1(2)
[2020-12-29T02:04:09.067-0500][gc,heap        ] GC(24127) Old regions: 42->42
[2020-12-29T02:04:09.067-0500][gc,heap        ] GC(24127) Humongous regions: 4->4
[2020-12-29T02:04:09.067-0500][gc,metaspace   ] GC(24127) Metaspace: 50362K->50362K(1093632K)
[2020-12-29T02:04:09.067-0500][gc,heap        ] GC(24127) Heap after GC invocations=24128 (full 5586): garbage-first heap   total 67584K, used 44402K [0x0000000083000000, 0x0000000100000000)
[2020-12-29T02:04:09.067-0500][gc,heap        ] GC(24127)   region size 1024K, 1 young (1024K), 1 survivors (1024K)
[2020-12-29T02:04:09.067-0500][gc,heap        ] GC(24127)  Metaspace       used 50362K, capacity 52511K, committed 53888K, reserved 1093632K
[2020-12-29T02:04:09.068-0500][gc,heap        ] GC(24127)   class space    used 7461K, capacity 8258K, committed 8832K, reserved 1048576K
[2020-12-29T02:04:09.068-0500][gc             ] GC(24127) Pause Young (Concurrent Start) (G1 Evacuation Pause) 53M->43M(66M) 4.782ms
[2020-12-29T02:04:09.068-0500][gc,cpu         ] GC(24127) User=0.01s Sys=0.01s Real=0.01s
[2020-12-29T02:04:09.068-0500][gc             ] GC(24128) Concurrent Cycle
[2020-12-29T02:04:09.068-0500][gc,marking     ] GC(24128) Concurrent Clear Claimed Marks
[2020-12-29T02:04:09.068-0500][gc,marking     ] GC(24128) Concurrent Clear Claimed Marks 0.169ms
[2020-12-29T02:04:09.068-0500][gc,marking     ] GC(24128) Concurrent Scan Root Regions
[2020-12-29T02:04:09.070-0500][gc,marking     ] GC(24128) Concurrent Scan Root Regions 1.554ms
[2020-12-29T02:04:09.070-0500][gc,marking     ] GC(24128) Concurrent Mark (1675646.457s)
[2020-12-29T02:04:09.070-0500][gc,marking     ] GC(24128) Concurrent Mark From Roots
[2020-12-29T02:04:09.070-0500][gc,task        ] GC(24128) Using 2 workers of 2 for marking
[2020-12-29T02:04:09.132-0500][gc,marking     ] GC(24128) Concurrent Mark From Roots 62.300ms
[2020-12-29T02:04:09.132-0500][gc,marking     ] GC(24128) Concurrent Preclean
[2020-12-29T02:04:09.132-0500][gc,marking     ] GC(24128) Concurrent Preclean 0.148ms
[2020-12-29T02:04:09.132-0500][gc,marking     ] GC(24128) Concurrent Mark (1675646.457s, 1675646.520s) 62.538ms
[2020-12-29T02:04:09.133-0500][gc,start       ] GC(24128) Pause Remark
[2020-12-29T02:04:09.138-0500][gc,stringtable ] GC(24128) Cleaned string and symbol table, strings: 33466 processed, 0 removed, symbols: 120989 processed, 0 removed
[2020-12-29T02:04:09.138-0500][gc             ] GC(24128) Pause Remark 43M->43M(66M) 5.648ms
[2020-12-29T02:04:09.138-0500][gc,cpu         ] GC(24128) User=0.03s Sys=0.00s Real=0.01s
[2020-12-29T02:04:09.139-0500][gc,marking     ] GC(24128) Concurrent Rebuild Remembered Sets
[2020-12-29T02:04:09.157-0500][gc,marking     ] GC(24128) Concurrent Rebuild Remembered Sets 18.028ms
[2020-12-29T02:04:09.157-0500][gc,start       ] GC(24128) Pause Cleanup
[2020-12-29T02:04:09.157-0500][gc             ] GC(24128) Pause Cleanup 43M->43M(66M) 0.190ms
[2020-12-29T02:04:09.158-0500][gc,cpu         ] GC(24128) User=0.00s Sys=0.00s Real=0.01s
[2020-12-29T02:04:09.158-0500][gc,marking     ] GC(24128) Concurrent Cleanup for Next Mark
[2020-12-29T02:04:09.158-0500][gc,marking     ] GC(24128) Concurrent Cleanup for Next Mark 0.218ms
[2020-12-29T02:04:09.158-0500][gc             ] GC(24128) Concurrent Cycle 89.887ms
[2020-12-29T02:06:39.059-0500][gc,heap        ] GC(24129) Heap before GC invocations=24129 (full 5586): garbage-first heap   total 67584K, used 53618K [0x0000000083000000, 0x0000000100000000)
[2020-12-29T02:06:39.059-0500][gc,heap        ] GC(24129)   region size 1024K, 11 young (11264K), 1 survivors (1024K)
[2020-12-29T02:06:39.059-0500][gc,heap        ] GC(24129)  Metaspace       used 50362K, capacity 52511K, committed 53888K, reserved 1093632K
[2020-12-29T02:06:39.059-0500][gc,heap        ] GC(24129)   class space    used 7461K, capacity 8258K, committed 8832K, reserved 1048576K
[2020-12-29T02:06:39.059-0500][gc,start       ] GC(24129) Pause Young (Normal) (G1 Evacuation Pause)
[2020-12-29T02:06:39.059-0500][gc,task        ] GC(24129) Using 8 workers of 8 for evacuation
[2020-12-29T02:06:39.061-0500][gc,phases      ] GC(24129)   Pre Evacuate Collection Set: 0.0ms
[2020-12-29T02:06:39.061-0500][gc,phases      ] GC(24129)   Evacuate Collection Set: 0.8ms
[2020-12-29T02:06:39.061-0500][gc,phases      ] GC(24129)   Post Evacuate Collection Set: 0.9ms
[2020-12-29T02:06:39.061-0500][gc,phases      ] GC(24129)   Other: 0.3ms
[2020-12-29T02:06:39.061-0500][gc,heap        ] GC(24129) Eden regions: 10->0(10)
[2020-12-29T02:06:39.061-0500][gc,heap        ] GC(24129) Survivor regions: 1->1(2)
[2020-12-29T02:06:39.061-0500][gc,heap        ] GC(24129) Old regions: 42->42
[2020-12-29T02:06:39.061-0500][gc,heap        ] GC(24129) Humongous regions: 4->4
[2020-12-29T02:06:39.061-0500][gc,metaspace   ] GC(24129) Metaspace: 50362K->50362K(1093632K)
[2020-12-29T02:06:39.061-0500][gc,heap        ] GC(24129) Heap after GC invocations=24130 (full 5586): garbage-first heap   total 67584K, used 44427K [0x0000000083000000, 0x0000000100000000)
[2020-12-29T02:06:39.061-0500][gc,heap        ] GC(24129)   region size 1024K, 1 young (1024K), 1 survivors (1024K)
[2020-12-29T02:06:39.061-0500][gc,heap        ] GC(24129)  Metaspace       used 50362K, capacity 52511K, committed 53888K, reserved 1093632K
[2020-12-29T02:06:39.061-0500][gc,heap        ] GC(24129)   class space    used 7461K, capacity 8258K, committed 8832K, reserved 1048576K
[2020-12-29T02:06:39.061-0500][gc             ] GC(24129) Pause Young (Normal) (G1 Evacuation Pause) 53M->43M(66M) 1.993ms
[2020-12-29T02:06:39.061-0500][gc,cpu         ] GC(24129) User=0.01s Sys=0.00s Real=0.00s
[2020-12-29T02:06:45.191-0500][gc,task        ] GC(24130) Using 5 workers of 8 for full compaction
[2020-12-29T02:06:45.191-0500][gc,start       ] GC(24130) Pause Full (System.gc())
[2020-12-29T02:06:45.191-0500][gc,heap        ] GC(24130) Heap before GC invocations=24130 (full 5586): garbage-first heap   total 67584K, used 44427K [0x0000000083000000, 0x0000000100000000)
[2020-12-29T02:06:45.191-0500][gc,heap        ] GC(24130)   region size 1024K, 2 young (2048K), 1 survivors (1024K)
[2020-12-29T02:06:45.191-0500][gc,heap        ] GC(24130)  Metaspace       used 50362K, capacity 52511K, committed 53888K, reserved 1093632K
[2020-12-29T02:06:45.191-0500][gc,heap        ] GC(24130)   class space    used 7461K, capacity 8258K, committed 8832K, reserved 1048576K
[2020-12-29T02:06:45.192-0500][gc,phases,start] GC(24130) Phase 1: Mark live objects
[2020-12-29T02:06:45.233-0500][gc,stringtable ] GC(24130) Cleaned string and symbol table, strings: 33466 processed, 4 removed, symbols: 120989 processed, 0 removed
[2020-12-29T02:06:45.233-0500][gc,phases      ] GC(24130) Phase 1: Mark live objects 41.452ms
[2020-12-29T02:06:45.233-0500][gc,phases,start] GC(24130) Phase 2: Prepare for compaction
[2020-12-29T02:06:45.238-0500][gc,phases      ] GC(24130) Phase 2: Prepare for compaction 4.961ms
[2020-12-29T02:06:45.238-0500][gc,phases,start] GC(24130) Phase 3: Adjust pointers
[2020-12-29T02:06:45.250-0500][gc,phases      ] GC(24130) Phase 3: Adjust pointers 12.148ms
[2020-12-29T02:06:45.250-0500][gc,phases,start] GC(24130) Phase 4: Compact heap
[2020-12-29T02:06:45.253-0500][gc,phases      ] GC(24130) Phase 4: Compact heap 2.687ms
[2020-12-29T02:06:45.257-0500][gc,heap        ] GC(24130) Eden regions: 1->0(11)
[2020-12-29T02:06:45.257-0500][gc,heap        ] GC(24130) Survivor regions: 1->0(2)
[2020-12-29T02:06:45.257-0500][gc,heap        ] GC(24130) Old regions: 42->42
[2020-12-29T02:06:45.257-0500][gc,heap        ] GC(24130) Humongous regions: 4->4
[2020-12-29T02:06:45.257-0500][gc,metaspace   ] GC(24130) Metaspace: 50362K->50362K(1093632K)
[2020-12-29T02:06:45.257-0500][gc,heap        ] GC(24130) Heap after GC invocations=24131 (full 5587): garbage-first heap   total 67584K, used 44311K [0x0000000083000000, 0x0000000100000000)
[2020-12-29T02:06:45.257-0500][gc,heap        ] GC(24130)   region size 1024K, 0 young (0K), 0 survivors (0K)
[2020-12-29T02:06:45.257-0500][gc,heap        ] GC(24130)  Metaspace       used 50362K, capacity 52511K, committed 53888K, reserved 1093632K
[2020-12-29T02:06:45.257-0500][gc,heap        ] GC(24130)   class space    used 7461K, capacity 8258K, committed 8832K, reserved 1048576K
[2020-12-29T02:06:45.257-0500][gc             ] GC(24130) Pause Full (System.gc()) 43M->43M(66M) 66.533ms
[2020-12-29T02:06:45.257-0500][gc,cpu         ] GC(24130) User=0.29s Sys=0.00s Real=0.06s
[2020-12-29T02:09:19.062-0500][gc,heap        ] GC(24131) Heap before GC invocations=24131 (full 5587): garbage-first heap   total 67584K, used 54551K [0x0000000083000000, 0x0000000100000000)
[2020-12-29T02:09:19.063-0500][gc,heap        ] GC(24131)   region size 1024K, 11 young (11264K), 0 survivors (0K)
[2020-12-29T02:09:19.063-0500][gc,heap        ] GC(24131)  Metaspace       used 50362K, capacity 52511K, committed 53888K, reserved 1093632K
[2020-12-29T02:09:19.063-0500][gc,heap        ] GC(24131)   class space    used 7461K, capacity 8258K, committed 8832K, reserved 1048576K
[2020-12-29T02:09:19.063-0500][gc,start       ] GC(24131) Pause Young (Concurrent Start) (G1 Evacuation Pause)
[2020-12-29T02:09:19.063-0500][gc,task        ] GC(24131) Using 8 workers of 8 for evacuation
[2020-12-29T02:09:19.070-0500][gc,phases      ] GC(24131)   Pre Evacuate Collection Set: 0.5ms
[2020-12-29T02:09:19.070-0500][gc,phases      ] GC(24131)   Evacuate Collection Set: 2.8ms
[2020-12-29T02:09:19.070-0500][gc,phases      ] GC(24131)   Post Evacuate Collection Set: 3.3ms
[2020-12-29T02:09:19.070-0500][gc,phases      ] GC(24131)   Other: 0.8ms
[2020-12-29T02:09:19.070-0500][gc,heap        ] GC(24131) Eden regions: 11->0(10)
[2020-12-29T02:09:19.070-0500][gc,heap        ] GC(24131) Survivor regions: 0->1(2)
[2020-12-29T02:09:19.070-0500][gc,heap        ] GC(24131) Old regions: 42->42
[2020-12-29T02:09:19.070-0500][gc,heap        ] GC(24131) Humongous regions: 4->4
[2020-12-29T02:09:19.070-0500][gc,metaspace   ] GC(24131) Metaspace: 50362K->50362K(1093632K)
[2020-12-29T02:09:19.070-0500][gc,heap        ] GC(24131) Heap after GC invocations=24132 (full 5587): garbage-first heap   total 67584K, used 44418K [0x0000000083000000, 0x0000000100000000)
[2020-12-29T02:09:19.070-0500][gc,heap        ] GC(24131)   region size 1024K, 1 young (1024K), 1 survivors (1024K)
[2020-12-29T02:09:19.070-0500][gc,heap        ] GC(24131)  Metaspace       used 50362K, capacity 52511K, committed 53888K, reserved 1093632K
[2020-12-29T02:09:19.070-0500][gc,heap        ] GC(24131)   class space    used 7461K, capacity 8258K, committed 8832K, reserved 1048576K
[2020-12-29T02:09:19.070-0500][gc             ] GC(24131) Pause Young (Concurrent Start) (G1 Evacuation Pause) 54M->43M(66M) 7.611ms
[2020-12-29T02:09:19.070-0500][gc,cpu         ] GC(24131) User=0.02s Sys=0.01s Real=0.01s
[2020-12-29T02:09:19.071-0500][gc             ] GC(24132) Concurrent Cycle
[2020-12-29T02:09:19.071-0500][gc,marking     ] GC(24132) Concurrent Clear Claimed Marks
[2020-12-29T02:09:19.071-0500][gc,marking     ] GC(24132) Concurrent Clear Claimed Marks 0.386ms
[2020-12-29T02:09:19.071-0500][gc,marking     ] GC(24132) Concurrent Scan Root Regions
[2020-12-29T02:09:19.073-0500][gc,marking     ] GC(24132) Concurrent Scan Root Regions 1.781ms
[2020-12-29T02:09:19.073-0500][gc,marking     ] GC(24132) Concurrent Mark (1675956.460s)
[2020-12-29T02:09:19.073-0500][gc,marking     ] GC(24132) Concurrent Mark From Roots
[2020-12-29T02:09:19.073-0500][gc,task        ] GC(24132) Using 2 workers of 2 for marking
[2020-12-29T02:09:19.132-0500][gc,marking     ] GC(24132) Concurrent Mark From Roots 58.641ms
[2020-12-29T02:09:19.132-0500][gc,marking     ] GC(24132) Concurrent Preclean
[2020-12-29T02:09:19.132-0500][gc,marking     ] GC(24132) Concurrent Preclean 0.142ms
[2020-12-29T02:09:19.132-0500][gc,marking     ] GC(24132) Concurrent Mark (1675956.460s, 1675956.519s) 58.880ms
[2020-12-29T02:09:19.133-0500][gc,start       ] GC(24132) Pause Remark
[2020-12-29T02:09:19.137-0500][gc,stringtable ] GC(24132) Cleaned string and symbol table, strings: 33466 processed, 0 removed, symbols: 120989 processed, 0 removed
[2020-12-29T02:09:19.138-0500][gc             ] GC(24132) Pause Remark 43M->43M(66M) 5.164ms
[2020-12-29T02:09:19.138-0500][gc,cpu         ] GC(24132) User=0.02s Sys=0.00s Real=0.01s
[2020-12-29T02:09:19.138-0500][gc,marking     ] GC(24132) Concurrent Rebuild Remembered Sets
[2020-12-29T02:09:19.157-0500][gc,marking     ] GC(24132) Concurrent Rebuild Remembered Sets 18.766ms
[2020-12-29T02:09:19.157-0500][gc,start       ] GC(24132) Pause Cleanup
[2020-12-29T02:09:19.157-0500][gc             ] GC(24132) Pause Cleanup 43M->43M(66M) 0.215ms
[2020-12-29T02:09:19.157-0500][gc,cpu         ] GC(24132) User=0.00s Sys=0.00s Real=0.00s
[2020-12-29T02:09:19.157-0500][gc,marking     ] GC(24132) Concurrent Cleanup for Next Mark
[2020-12-29T02:09:19.158-0500][gc,marking     ] GC(24132) Concurrent Cleanup for Next Mark 0.363ms
[2020-12-29T02:09:19.158-0500][gc             ] GC(24132) Concurrent Cycle 86.871ms
[2020-12-29T02:11:41.917-0500][gc,heap        ] GC(24133) Heap before GC invocations=24133 (full 5587): garbage-first heap   total 67584K, used 53634K [0x0000000083000000, 0x0000000100000000)
[2020-12-29T02:11:41.917-0500][gc,heap        ] GC(24133)   region size 1024K, 11 young (11264K), 1 survivors (1024K)
[2020-12-29T02:11:41.917-0500][gc,heap        ] GC(24133)  Metaspace       used 50362K, capacity 52511K, committed 53888K, reserved 1093632K
[2020-12-29T02:11:41.917-0500][gc,heap        ] GC(24133)   class space    used 7461K, capacity 8258K, committed 8832K, reserved 1048576K
[2020-12-29T02:11:41.918-0500][gc,start       ] GC(24133) Pause Young (Normal) (G1 Evacuation Pause)
[2020-12-29T02:11:41.918-0500][gc,task        ] GC(24133) Using 8 workers of 8 for evacuation
[2020-12-29T02:11:41.925-0500][gc,phases      ] GC(24133)   Pre Evacuate Collection Set: 0.1ms
[2020-12-29T02:11:41.925-0500][gc,phases      ] GC(24133)   Evacuate Collection Set: 5.0ms
[2020-12-29T02:11:41.925-0500][gc,phases      ] GC(24133)   Post Evacuate Collection Set: 2.1ms
[2020-12-29T02:11:41.925-0500][gc,phases      ] GC(24133)   Other: 0.6ms
[2020-12-29T02:11:41.925-0500][gc,heap        ] GC(24133) Eden regions: 10->0(10)
[2020-12-29T02:11:41.925-0500][gc,heap        ] GC(24133) Survivor regions: 1->1(2)
[2020-12-29T02:11:41.925-0500][gc,heap        ] GC(24133) Old regions: 42->42
[2020-12-29T02:11:41.925-0500][gc,heap        ] GC(24133) Humongous regions: 4->4
[2020-12-29T02:11:41.925-0500][gc,metaspace   ] GC(24133) Metaspace: 50362K->50362K(1093632K)
[2020-12-29T02:11:41.925-0500][gc,heap        ] GC(24133) Heap after GC invocations=24134 (full 5587): garbage-first heap   total 67584K, used 44408K [0x0000000083000000, 0x0000000100000000)
[2020-12-29T02:11:41.925-0500][gc,heap        ] GC(24133)   region size 1024K, 1 young (1024K), 1 survivors (1024K)
[2020-12-29T02:11:41.925-0500][gc,heap        ] GC(24133)  Metaspace       used 50362K, capacity 52511K, committed 53888K, reserved 1093632K
[2020-12-29T02:11:41.925-0500][gc,heap        ] GC(24133)   class space    used 7461K, capacity 8258K, committed 8832K, reserved 1048576K
[2020-12-29T02:11:41.925-0500][gc             ] GC(24133) Pause Young (Normal) (G1 Evacuation Pause) 53M->43M(66M) 7.828ms
[2020-12-29T02:11:41.925-0500][gc,cpu         ] GC(24133) User=0.04s Sys=0.00s Real=0.01s
[2020-12-29T02:11:45.190-0500][gc,task        ] GC(24134) Using 5 workers of 8 for full compaction
[2020-12-29T02:11:45.190-0500][gc,start       ] GC(24134) Pause Full (System.gc())
[2020-12-29T02:11:45.190-0500][gc,heap        ] GC(24134) Heap before GC invocations=24134 (full 5587): garbage-first heap   total 67584K, used 44408K [0x0000000083000000, 0x0000000100000000)
[2020-12-29T02:11:45.190-0500][gc,heap        ] GC(24134)   region size 1024K, 2 young (2048K), 1 survivors (1024K)
[2020-12-29T02:11:45.190-0500][gc,heap        ] GC(24134)  Metaspace       used 50362K, capacity 52511K, committed 53888K, reserved 1093632K
[2020-12-29T02:11:45.190-0500][gc,heap        ] GC(24134)   class space    used 7461K, capacity 8258K, committed 8832K, reserved 1048576K
[2020-12-29T02:11:45.191-0500][gc,phases,start] GC(24134) Phase 1: Mark live objects
[2020-12-29T02:11:45.227-0500][gc,stringtable ] GC(24134) Cleaned string and symbol table, strings: 33466 processed, 4 removed, symbols: 120989 processed, 0 removed
[2020-12-29T02:11:45.227-0500][gc,phases      ] GC(24134) Phase 1: Mark live objects 36.733ms
[2020-12-29T02:11:45.227-0500][gc,phases,start] GC(24134) Phase 2: Prepare for compaction
[2020-12-29T02:11:45.231-0500][gc,phases      ] GC(24134) Phase 2: Prepare for compaction 3.642ms
[2020-12-29T02:11:45.231-0500][gc,phases,start] GC(24134) Phase 3: Adjust pointers
[2020-12-29T02:11:45.241-0500][gc,phases      ] GC(24134) Phase 3: Adjust pointers 10.098ms
[2020-12-29T02:11:45.241-0500][gc,phases,start] GC(24134) Phase 4: Compact heap
[2020-12-29T02:11:45.244-0500][gc,phases      ] GC(24134) Phase 4: Compact heap 2.523ms
[2020-12-29T02:11:45.248-0500][gc,heap        ] GC(24134) Eden regions: 1->0(11)
[2020-12-29T02:11:45.248-0500][gc,heap        ] GC(24134) Survivor regions: 1->0(2)
[2020-12-29T02:11:45.248-0500][gc,heap        ] GC(24134) Old regions: 42->42
[2020-12-29T02:11:45.248-0500][gc,heap        ] GC(24134) Humongous regions: 4->4
[2020-12-29T02:11:45.248-0500][gc,metaspace   ] GC(24134) Metaspace: 50362K->50362K(1093632K)
[2020-12-29T02:11:45.248-0500][gc,heap        ] GC(24134) Heap after GC invocations=24135 (full 5588): garbage-first heap   total 67584K, used 44310K [0x0000000083000000, 0x0000000100000000)
[2020-12-29T02:11:45.248-0500][gc,heap        ] GC(24134)   region size 1024K, 0 young (0K), 0 survivors (0K)
[2020-12-29T02:11:45.248-0500][gc,heap        ] GC(24134)  Metaspace       used 50362K, capacity 52511K, committed 53888K, reserved 1093632K
[2020-12-29T02:11:45.248-0500][gc,heap        ] GC(24134)   class space    used 7461K, capacity 8258K, committed 8832K, reserved 1048576K
[2020-12-29T02:11:45.248-0500][gc             ] GC(24134) Pause Full (System.gc()) 43M->43M(66M) 57.972ms
[2020-12-29T02:11:45.248-0500][gc,cpu         ] GC(24134) User=0.25s Sys=0.00s Real=0.06s
[2020-12-29T02:14:29.064-0500][gc,heap        ] GC(24135) Heap before GC invocations=24135 (full 5588): garbage-first heap   total 67584K, used 55574K [0x0000000083000000, 0x0000000100000000)
[2020-12-29T02:14:29.064-0500][gc,heap        ] GC(24135)   region size 1024K, 11 young (11264K), 0 survivors (0K)
[2020-12-29T02:14:29.065-0500][gc,heap        ] GC(24135)  Metaspace       used 50362K, capacity 52511K, committed 53888K, reserved 1093632K
[2020-12-29T02:14:29.065-0500][gc,heap        ] GC(24135)   class space    used 7461K, capacity 8258K, committed 8832K, reserved 1048576K
[2020-12-29T02:14:29.065-0500][gc,start       ] GC(24135) Pause Young (Concurrent Start) (G1 Evacuation Pause)
[2020-12-29T02:14:29.065-0500][gc,task        ] GC(24135) Using 8 workers of 8 for evacuation
[2020-12-29T02:14:29.072-0500][gc,phases      ] GC(24135)   Pre Evacuate Collection Set: 0.6ms
[2020-12-29T02:14:29.072-0500][gc,phases      ] GC(24135)   Evacuate Collection Set: 3.4ms
[2020-12-29T02:14:29.072-0500][gc,phases      ] GC(24135)   Post Evacuate Collection Set: 2.6ms
[2020-12-29T02:14:29.072-0500][gc,phases      ] GC(24135)   Other: 1.1ms
[2020-12-29T02:14:29.072-0500][gc,heap        ] GC(24135) Eden regions: 11->0(11)
[2020-12-29T02:14:29.072-0500][gc,heap        ] GC(24135) Survivor regions: 0->1(2)
[2020-12-29T02:14:29.072-0500][gc,heap        ] GC(24135) Old regions: 42->42
[2020-12-29T02:14:29.072-0500][gc,heap        ] GC(24135) Humongous regions: 4->4
[2020-12-29T02:14:29.072-0500][gc,metaspace   ] GC(24135) Metaspace: 50362K->50362K(1093632K)
[2020-12-29T02:14:29.072-0500][gc,heap        ] GC(24135) Heap after GC invocations=24136 (full 5588): garbage-first heap   total 67584K, used 44402K [0x0000000083000000, 0x0000000100000000)
[2020-12-29T02:14:29.072-0500][gc,heap        ] GC(24135)   region size 1024K, 1 young (1024K), 1 survivors (1024K)
[2020-12-29T02:14:29.072-0500][gc,heap        ] GC(24135)  Metaspace       used 50362K, capacity 52511K, committed 53888K, reserved 1093632K
[2020-12-29T02:14:29.072-0500][gc,heap        ] GC(24135)   class space    used 7461K, capacity 8258K, committed 8832K, reserved 1048576K
[2020-12-29T02:14:29.072-0500][gc             ] GC(24135) Pause Young (Concurrent Start) (G1 Evacuation Pause) 54M->43M(66M) 7.471ms
[2020-12-29T02:14:29.073-0500][gc,cpu         ] GC(24135) User=0.01s Sys=0.00s Real=0.01s
[2020-12-29T02:14:29.073-0500][gc             ] GC(24136) Concurrent Cycle
[2020-12-29T02:14:29.073-0500][gc,marking     ] GC(24136) Concurrent Clear Claimed Marks
[2020-12-29T02:14:29.074-0500][gc,marking     ] GC(24136) Concurrent Clear Claimed Marks 0.214ms
[2020-12-29T02:14:29.074-0500][gc,marking     ] GC(24136) Concurrent Scan Root Regions
[2020-12-29T02:14:29.076-0500][gc,marking     ] GC(24136) Concurrent Scan Root Regions 2.774ms
[2020-12-29T02:14:29.077-0500][gc,marking     ] GC(24136) Concurrent Mark (1676266.464s)
[2020-12-29T02:14:29.077-0500][gc,marking     ] GC(24136) Concurrent Mark From Roots
[2020-12-29T02:14:29.077-0500][gc,task        ] GC(24136) Using 2 workers of 2 for marking
[2020-12-29T02:14:29.148-0500][gc,marking     ] GC(24136) Concurrent Mark From Roots 71.600ms
[2020-12-29T02:14:29.148-0500][gc,marking     ] GC(24136) Concurrent Preclean
[2020-12-29T02:14:29.149-0500][gc,marking     ] GC(24136) Concurrent Preclean 0.226ms
[2020-12-29T02:14:29.149-0500][gc,marking     ] GC(24136) Concurrent Mark (1676266.464s, 1676266.536s) 71.939ms
[2020-12-29T02:14:29.149-0500][gc,start       ] GC(24136) Pause Remark
[2020-12-29T02:14:29.805-0500][gc,stringtable ] GC(24136) Cleaned string and symbol table, strings: 33466 processed, 143 removed, symbols: 120989 processed, 0 removed
[2020-12-29T02:14:29.806-0500][gc,mmu         ] GC(24136) MMU target violated: 201.0ms (200.0ms/201.0ms)
[2020-12-29T02:14:29.806-0500][gc             ] GC(24136) Pause Remark 43M->43M(66M) 657.507ms
[2020-12-29T02:14:29.806-0500][gc,cpu         ] GC(24136) User=5.10s Sys=0.00s Real=0.65s
[2020-12-29T02:14:29.807-0500][gc,marking     ] GC(24136) Concurrent Rebuild Remembered Sets
[2020-12-29T02:14:29.828-0500][gc,marking     ] GC(24136) Concurrent Rebuild Remembered Sets 21.146ms
[2020-12-29T02:14:29.828-0500][gc,start       ] GC(24136) Pause Cleanup
[2020-12-29T02:14:29.828-0500][gc             ] GC(24136) Pause Cleanup 43M->43M(66M) 0.253ms
[2020-12-29T02:14:29.828-0500][gc,cpu         ] GC(24136) User=0.00s Sys=0.00s Real=0.00s
[2020-12-29T02:14:29.829-0500][gc,marking     ] GC(24136) Concurrent Cleanup for Next Mark
[2020-12-29T02:14:29.829-0500][gc,marking     ] GC(24136) Concurrent Cleanup for Next Mark 0.220ms
[2020-12-29T02:14:29.829-0500][gc             ] GC(24136) Concurrent Cycle 755.545ms
[2020-12-29T02:16:45.192-0500][gc,task        ] GC(24137) Using 5 workers of 8 for full compaction
[2020-12-29T02:16:45.192-0500][gc,start       ] GC(24137) Pause Full (System.gc())
[2020-12-29T02:16:45.192-0500][gc,heap        ] GC(24137) Heap before GC invocations=24137 (full 5588): garbage-first heap   total 67584K, used 52594K [0x0000000083000000, 0x0000000100000000)
[2020-12-29T02:16:45.192-0500][gc,heap        ] GC(24137)   region size 1024K, 10 young (10240K), 1 survivors (1024K)
[2020-12-29T02:16:45.192-0500][gc,heap        ] GC(24137)  Metaspace       used 50336K, capacity 52472K, committed 53888K, reserved 1093632K
[2020-12-29T02:16:45.193-0500][gc,heap        ] GC(24137)   class space    used 7457K, capacity 8250K, committed 8832K, reserved 1048576K
[2020-12-29T02:16:45.193-0500][gc,phases,start] GC(24137) Phase 1: Mark live objects
[2020-12-29T02:16:45.225-0500][gc,stringtable ] GC(24137) Cleaned string and symbol table, strings: 33323 processed, 4 removed, symbols: 120989 processed, 16 removed
[2020-12-29T02:16:45.225-0500][gc,phases      ] GC(24137) Phase 1: Mark live objects 31.784ms
[2020-12-29T02:16:45.225-0500][gc,phases,start] GC(24137) Phase 2: Prepare for compaction
[2020-12-29T02:16:45.228-0500][gc,phases      ] GC(24137) Phase 2: Prepare for compaction 3.259ms
[2020-12-29T02:16:45.228-0500][gc,phases,start] GC(24137) Phase 3: Adjust pointers
[2020-12-29T02:16:45.238-0500][gc,phases      ] GC(24137) Phase 3: Adjust pointers 9.728ms
[2020-12-29T02:16:45.238-0500][gc,phases,start] GC(24137) Phase 4: Compact heap
[2020-12-29T02:16:45.241-0500][gc,phases      ] GC(24137) Phase 4: Compact heap 2.947ms
[2020-12-29T02:16:45.245-0500][gc,heap        ] GC(24137) Eden regions: 9->0(12)
[2020-12-29T02:16:45.245-0500][gc,heap        ] GC(24137) Survivor regions: 1->0(2)
[2020-12-29T02:16:45.245-0500][gc,heap        ] GC(24137) Old regions: 42->42
[2020-12-29T02:16:45.245-0500][gc,heap        ] GC(24137) Humongous regions: 4->4
[2020-12-29T02:16:45.245-0500][gc,metaspace   ] GC(24137) Metaspace: 50336K->50336K(1093632K)
[2020-12-29T02:16:45.245-0500][gc,heap        ] GC(24137) Heap after GC invocations=24138 (full 5589): garbage-first heap   total 67584K, used 43365K [0x0000000083000000, 0x0000000100000000)
[2020-12-29T02:16:45.245-0500][gc,heap        ] GC(24137)   region size 1024K, 0 young (0K), 0 survivors (0K)
[2020-12-29T02:16:45.245-0500][gc,heap        ] GC(24137)  Metaspace       used 50336K, capacity 52472K, committed 53888K, reserved 1093632K
[2020-12-29T02:16:45.245-0500][gc,heap        ] GC(24137)   class space    used 7457K, capacity 8250K, committed 8832K, reserved 1048576K
[2020-12-29T02:16:45.245-0500][gc             ] GC(24137) Pause Full (System.gc()) 52M->42M(66M) 52.728ms
[2020-12-29T02:16:45.245-0500][gc,cpu         ] GC(24137) User=0.23s Sys=0.00s Real=0.05s
[2020-12-29T02:19:39.065-0500][gc,heap        ] GC(24138) Heap before GC invocations=24138 (full 5589): garbage-first heap   total 67584K, used 55653K [0x0000000083000000, 0x0000000100000000)
[2020-12-29T02:19:39.065-0500][gc,heap        ] GC(24138)   region size 1024K, 12 young (12288K), 0 survivors (0K)
[2020-12-29T02:19:39.065-0500][gc,heap        ] GC(24138)  Metaspace       used 50336K, capacity 52472K, committed 53888K, reserved 1093632K
[2020-12-29T02:19:39.065-0500][gc,heap        ] GC(24138)   class space    used 7457K, capacity 8250K, committed 8832K, reserved 1048576K
[2020-12-29T02:19:39.065-0500][gc,start       ] GC(24138) Pause Young (Concurrent Start) (G1 Evacuation Pause)
[2020-12-29T02:19:39.065-0500][gc,task        ] GC(24138) Using 8 workers of 8 for evacuation
[2020-12-29T02:19:39.073-0500][gc,phases      ] GC(24138)   Pre Evacuate Collection Set: 0.8ms
[2020-12-29T02:19:39.073-0500][gc,phases      ] GC(24138)   Evacuate Collection Set: 4.4ms
[2020-12-29T02:19:39.073-0500][gc,phases      ] GC(24138)   Post Evacuate Collection Set: 2.5ms
[2020-12-29T02:19:39.074-0500][gc,phases      ] GC(24138)   Other: 0.8ms
[2020-12-29T02:19:39.074-0500][gc,heap        ] GC(24138) Eden regions: 12->0(11)
[2020-12-29T02:19:39.074-0500][gc,heap        ] GC(24138) Survivor regions: 0->1(2)
[2020-12-29T02:19:39.074-0500][gc,heap        ] GC(24138) Old regions: 42->42
[2020-12-29T02:19:39.074-0500][gc,heap        ] GC(24138) Humongous regions: 4->4
[2020-12-29T02:19:39.074-0500][gc,metaspace   ] GC(24138) Metaspace: 50336K->50336K(1093632K)
[2020-12-29T02:19:39.074-0500][gc,heap        ] GC(24138) Heap after GC invocations=24139 (full 5589): garbage-first heap   total 67584K, used 43454K [0x0000000083000000, 0x0000000100000000)
[2020-12-29T02:19:39.074-0500][gc,heap        ] GC(24138)   region size 1024K, 1 young (1024K), 1 survivors (1024K)
[2020-12-29T02:19:39.074-0500][gc,heap        ] GC(24138)  Metaspace       used 50336K, capacity 52472K, committed 53888K, reserved 1093632K
[2020-12-29T02:19:39.074-0500][gc,heap        ] GC(24138)   class space    used 7457K, capacity 8250K, committed 8832K, reserved 1048576K
[2020-12-29T02:19:39.074-0500][gc             ] GC(24138) Pause Young (Concurrent Start) (G1 Evacuation Pause) 54M->42M(66M) 8.735ms
[2020-12-29T02:19:39.074-0500][gc,cpu         ] GC(24138) User=0.03s Sys=0.00s Real=0.01s
[2020-12-29T02:19:39.074-0500][gc             ] GC(24139) Concurrent Cycle
[2020-12-29T02:19:39.074-0500][gc,marking     ] GC(24139) Concurrent Clear Claimed Marks
[2020-12-29T02:19:39.074-0500][gc,marking     ] GC(24139) Concurrent Clear Claimed Marks 0.191ms
[2020-12-29T02:19:39.074-0500][gc,marking     ] GC(24139) Concurrent Scan Root Regions
[2020-12-29T02:19:39.076-0500][gc,marking     ] GC(24139) Concurrent Scan Root Regions 1.619ms
[2020-12-29T02:19:39.076-0500][gc,marking     ] GC(24139) Concurrent Mark (1676576.463s)
[2020-12-29T02:19:39.076-0500][gc,marking     ] GC(24139) Concurrent Mark From Roots
[2020-12-29T02:19:39.076-0500][gc,task        ] GC(24139) Using 2 workers of 2 for marking
[2020-12-29T02:19:39.144-0500][gc,marking     ] GC(24139) Concurrent Mark From Roots 67.967ms
[2020-12-29T02:19:39.144-0500][gc,marking     ] GC(24139) Concurrent Preclean
[2020-12-29T02:19:39.144-0500][gc,marking     ] GC(24139) Concurrent Preclean 0.151ms
[2020-12-29T02:19:39.144-0500][gc,marking     ] GC(24139) Concurrent Mark (1676576.463s, 1676576.531s) 68.210ms
[2020-12-29T02:19:39.145-0500][gc,start       ] GC(24139) Pause Remark
[2020-12-29T02:19:39.148-0500][gc,stringtable ] GC(24139) Cleaned string and symbol table, strings: 33323 processed, 0 removed, symbols: 120973 processed, 0 removed
[2020-12-29T02:19:39.149-0500][gc             ] GC(24139) Pause Remark 42M->42M(66M) 4.149ms
[2020-12-29T02:19:39.149-0500][gc,cpu         ] GC(24139) User=0.03s Sys=0.00s Real=0.01s
[2020-12-29T02:19:39.149-0500][gc,marking     ] GC(24139) Concurrent Rebuild Remembered Sets
[2020-12-29T02:19:39.166-0500][gc,marking     ] GC(24139) Concurrent Rebuild Remembered Sets 17.104ms
[2020-12-29T02:19:39.166-0500][gc,start       ] GC(24139) Pause Cleanup
[2020-12-29T02:19:39.166-0500][gc             ] GC(24139) Pause Cleanup 42M->42M(66M) 0.237ms
[2020-12-29T02:19:39.167-0500][gc,cpu         ] GC(24139) User=0.00s Sys=0.00s Real=0.00s
[2020-12-29T02:19:39.167-0500][gc,marking     ] GC(24139) Concurrent Cleanup for Next Mark
[2020-12-29T02:19:39.167-0500][gc,marking     ] GC(24139) Concurrent Cleanup for Next Mark 0.229ms
[2020-12-29T02:19:39.167-0500][gc             ] GC(24139) Concurrent Cycle 92.837ms
[2020-12-29T02:21:45.191-0500][gc,task        ] GC(24140) Using 5 workers of 8 for full compaction
[2020-12-29T02:21:45.192-0500][gc,start       ] GC(24140) Pause Full (System.gc())
[2020-12-29T02:21:45.192-0500][gc,heap        ] GC(24140) Heap before GC invocations=24140 (full 5589): garbage-first heap   total 67584K, used 51646K [0x0000000083000000, 0x0000000100000000)
[2020-12-29T02:21:45.192-0500][gc,heap        ] GC(24140)   region size 1024K, 10 young (10240K), 1 survivors (1024K)
[2020-12-29T02:21:45.192-0500][gc,heap        ] GC(24140)  Metaspace       used 50336K, capacity 52472K, committed 53888K, reserved 1093632K
[2020-12-29T02:21:45.192-0500][gc,heap        ] GC(24140)   class space    used 7457K, capacity 8250K, committed 8832K, reserved 1048576K
[2020-12-29T02:21:45.192-0500][gc,phases,start] GC(24140) Phase 1: Mark live objects
[2020-12-29T02:21:45.232-0500][gc,stringtable ] GC(24140) Cleaned string and symbol table, strings: 33323 processed, 4 removed, symbols: 120973 processed, 0 removed
[2020-12-29T02:21:45.232-0500][gc,phases      ] GC(24140) Phase 1: Mark live objects 39.864ms
[2020-12-29T02:21:45.232-0500][gc,phases,start] GC(24140) Phase 2: Prepare for compaction
[2020-12-29T02:21:45.236-0500][gc,phases      ] GC(24140) Phase 2: Prepare for compaction 3.504ms
[2020-12-29T02:21:45.236-0500][gc,phases,start] GC(24140) Phase 3: Adjust pointers
[2020-12-29T02:21:45.245-0500][gc,phases      ] GC(24140) Phase 3: Adjust pointers 8.958ms
[2020-12-29T02:21:45.245-0500][gc,phases,start] GC(24140) Phase 4: Compact heap
[2020-12-29T02:21:45.247-0500][gc,phases      ] GC(24140) Phase 4: Compact heap 2.505ms
[2020-12-29T02:21:45.251-0500][gc,heap        ] GC(24140) Eden regions: 9->0(12)
[2020-12-29T02:21:45.251-0500][gc,heap        ] GC(24140) Survivor regions: 1->0(2)
[2020-12-29T02:21:45.251-0500][gc,heap        ] GC(24140) Old regions: 42->42
[2020-12-29T02:21:45.251-0500][gc,heap        ] GC(24140) Humongous regions: 4->4
[2020-12-29T02:21:45.251-0500][gc,metaspace   ] GC(24140) Metaspace: 50336K->50336K(1093632K)
[2020-12-29T02:21:45.251-0500][gc,heap        ] GC(24140) Heap after GC invocations=24141 (full 5590): garbage-first heap   total 67584K, used 43370K [0x0000000083000000, 0x0000000100000000)
[2020-12-29T02:21:45.251-0500][gc,heap        ] GC(24140)   region size 1024K, 0 young (0K), 0 survivors (0K)
[2020-12-29T02:21:45.251-0500][gc,heap        ] GC(24140)  Metaspace       used 50336K, capacity 52472K, committed 53888K, reserved 1093632K
[2020-12-29T02:21:45.251-0500][gc,heap        ] GC(24140)   class space    used 7457K, capacity 8250K, committed 8832K, reserved 1048576K
[2020-12-29T02:21:45.251-0500][gc             ] GC(24140) Pause Full (System.gc()) 50M->42M(66M) 59.731ms
[2020-12-29T02:21:45.251-0500][gc,cpu         ] GC(24140) User=0.27s Sys=0.00s Real=0.06s
[2020-12-29T02:24:49.061-0500][gc,heap        ] GC(24141) Heap before GC invocations=24141 (full 5590): garbage-first heap   total 67584K, used 54634K [0x0000000083000000, 0x0000000100000000)
[2020-12-29T02:24:49.061-0500][gc,heap        ] GC(24141)   region size 1024K, 12 young (12288K), 0 survivors (0K)
[2020-12-29T02:24:49.061-0500][gc,heap        ] GC(24141)  Metaspace       used 50336K, capacity 52472K, committed 53888K, reserved 1093632K
[2020-12-29T02:24:49.061-0500][gc,heap        ] GC(24141)   class space    used 7457K, capacity 8250K, committed 8832K, reserved 1048576K
[2020-12-29T02:24:49.061-0500][gc,start       ] GC(24141) Pause Young (Concurrent Start) (G1 Evacuation Pause)
[2020-12-29T02:24:49.061-0500][gc,task        ] GC(24141) Using 8 workers of 8 for evacuation
[2020-12-29T02:24:49.080-0500][gc,phases      ] GC(24141)   Pre Evacuate Collection Set: 0.5ms
[2020-12-29T02:24:49.080-0500][gc,phases      ] GC(24141)   Evacuate Collection Set: 17.2ms
[2020-12-29T02:24:49.080-0500][gc,phases      ] GC(24141)   Post Evacuate Collection Set: 1.3ms
[2020-12-29T02:24:49.080-0500][gc,phases      ] GC(24141)   Other: 0.3ms
[2020-12-29T02:24:49.080-0500][gc,heap        ] GC(24141) Eden regions: 12->0(11)
[2020-12-29T02:24:49.080-0500][gc,heap        ] GC(24141) Survivor regions: 0->1(2)
[2020-12-29T02:24:49.080-0500][gc,heap        ] GC(24141) Old regions: 42->42
[2020-12-29T02:24:49.080-0500][gc,heap        ] GC(24141) Humongous regions: 4->4
[2020-12-29T02:24:49.080-0500][gc,metaspace   ] GC(24141) Metaspace: 50336K->50336K(1093632K)
[2020-12-29T02:24:49.080-0500][gc,heap        ] GC(24141) Heap after GC invocations=24142 (full 5590): garbage-first heap   total 67584K, used 43463K [0x0000000083000000, 0x0000000100000000)
[2020-12-29T02:24:49.080-0500][gc,heap        ] GC(24141)   region size 1024K, 1 young (1024K), 1 survivors (1024K)
[2020-12-29T02:24:49.080-0500][gc,heap        ] GC(24141)  Metaspace       used 50336K, capacity 52472K, committed 53888K, reserved 1093632K
[2020-12-29T02:24:49.080-0500][gc,heap        ] GC(24141)   class space    used 7457K, capacity 8250K, committed 8832K, reserved 1048576K
[2020-12-29T02:24:49.081-0500][gc             ] GC(24141) Pause Young (Concurrent Start) (G1 Evacuation Pause) 54M->42M(66M) 19.252ms
[2020-12-29T02:24:49.081-0500][gc,cpu         ] GC(24141) User=0.13s Sys=0.00s Real=0.02s
[2020-12-29T02:24:49.081-0500][gc             ] GC(24142) Concurrent Cycle
[2020-12-29T02:24:49.081-0500][gc,marking     ] GC(24142) Concurrent Clear Claimed Marks
[2020-12-29T02:24:49.081-0500][gc,marking     ] GC(24142) Concurrent Clear Claimed Marks 0.222ms
[2020-12-29T02:24:49.081-0500][gc,marking     ] GC(24142) Concurrent Scan Root Regions
[2020-12-29T02:24:49.082-0500][gc,marking     ] GC(24142) Concurrent Scan Root Regions 0.893ms
[2020-12-29T02:24:49.082-0500][gc,marking     ] GC(24142) Concurrent Mark (1676886.469s)
[2020-12-29T02:24:49.082-0500][gc,marking     ] GC(24142) Concurrent Mark From Roots
[2020-12-29T02:24:49.082-0500][gc,task        ] GC(24142) Using 2 workers of 2 for marking
[2020-12-29T02:24:49.125-0500][gc,marking     ] GC(24142) Concurrent Mark From Roots 43.267ms
[2020-12-29T02:24:49.125-0500][gc,marking     ] GC(24142) Concurrent Preclean
[2020-12-29T02:24:49.125-0500][gc,marking     ] GC(24142) Concurrent Preclean 0.150ms
[2020-12-29T02:24:49.125-0500][gc,marking     ] GC(24142) Concurrent Mark (1676886.469s, 1676886.512s) 43.491ms
[2020-12-29T02:24:49.126-0500][gc,start       ] GC(24142) Pause Remark
[2020-12-29T02:24:49.131-0500][gc,stringtable ] GC(24142) Cleaned string and symbol table, strings: 33323 processed, 0 removed, symbols: 120973 processed, 0 removed
[2020-12-29T02:24:49.131-0500][gc             ] GC(24142) Pause Remark 42M->42M(66M) 5.578ms
[2020-12-29T02:24:49.131-0500][gc,cpu         ] GC(24142) User=0.02s Sys=0.00s Real=0.01s
[2020-12-29T02:24:49.131-0500][gc,marking     ] GC(24142) Concurrent Rebuild Remembered Sets
[2020-12-29T02:24:49.152-0500][gc,marking     ] GC(24142) Concurrent Rebuild Remembered Sets 20.197ms
[2020-12-29T02:24:49.152-0500][gc,start       ] GC(24142) Pause Cleanup
[2020-12-29T02:24:49.152-0500][gc             ] GC(24142) Pause Cleanup 42M->42M(66M) 0.271ms
[2020-12-29T02:24:49.152-0500][gc,cpu         ] GC(24142) User=0.01s Sys=0.00s Real=0.00s
[2020-12-29T02:24:49.152-0500][gc,marking     ] GC(24142) Concurrent Cleanup for Next Mark
[2020-12-29T02:24:49.153-0500][gc,marking     ] GC(24142) Concurrent Cleanup for Next Mark 0.191ms
[2020-12-29T02:24:49.153-0500][gc             ] GC(24142) Concurrent Cycle 71.866ms
[2020-12-29T02:26:45.191-0500][gc,task        ] GC(24143) Using 5 workers of 8 for full compaction
[2020-12-29T02:26:45.191-0500][gc,start       ] GC(24143) Pause Full (System.gc())
[2020-12-29T02:26:45.191-0500][gc,heap        ] GC(24143) Heap before GC invocations=24143 (full 5590): garbage-first heap   total 67584K, used 51655K [0x0000000083000000, 0x0000000100000000)
[2020-12-29T02:26:45.191-0500][gc,heap        ] GC(24143)   region size 1024K, 10 young (10240K), 1 survivors (1024K)
[2020-12-29T02:26:45.191-0500][gc,heap        ] GC(24143)  Metaspace       used 50336K, capacity 52472K, committed 53888K, reserved 1093632K
[2020-12-29T02:26:45.191-0500][gc,heap        ] GC(24143)   class space    used 7457K, capacity 8250K, committed 8832K, reserved 1048576K
[2020-12-29T02:26:45.191-0500][gc,phases,start] GC(24143) Phase 1: Mark live objects
[2020-12-29T02:26:45.228-0500][gc,stringtable ] GC(24143) Cleaned string and symbol table, strings: 33323 processed, 4 removed, symbols: 120973 processed, 0 removed
[2020-12-29T02:26:45.228-0500][gc,phases      ] GC(24143) Phase 1: Mark live objects 36.740ms
[2020-12-29T02:26:45.228-0500][gc,phases,start] GC(24143) Phase 2: Prepare for compaction
[2020-12-29T02:26:45.232-0500][gc,phases      ] GC(24143) Phase 2: Prepare for compaction 3.443ms
[2020-12-29T02:26:45.232-0500][gc,phases,start] GC(24143) Phase 3: Adjust pointers
[2020-12-29T02:26:45.242-0500][gc,phases      ] GC(24143) Phase 3: Adjust pointers 10.625ms
[2020-12-29T02:26:45.242-0500][gc,phases,start] GC(24143) Phase 4: Compact heap
[2020-12-29T02:26:45.246-0500][gc,phases      ] GC(24143) Phase 4: Compact heap 3.645ms
[2020-12-29T02:26:45.253-0500][gc,heap        ] GC(24143) Eden regions: 9->0(12)
[2020-12-29T02:26:45.253-0500][gc,heap        ] GC(24143) Survivor regions: 1->0(2)
[2020-12-29T02:26:45.253-0500][gc,heap        ] GC(24143) Old regions: 42->42
[2020-12-29T02:26:45.253-0500][gc,heap        ] GC(24143) Humongous regions: 4->4
[2020-12-29T02:26:45.253-0500][gc,metaspace   ] GC(24143) Metaspace: 50336K->50336K(1093632K)
[2020-12-29T02:26:45.253-0500][gc,heap        ] GC(24143) Heap after GC invocations=24144 (full 5591): garbage-first heap   total 67584K, used 43366K [0x0000000083000000, 0x0000000100000000)
[2020-12-29T02:26:45.253-0500][gc,heap        ] GC(24143)   region size 1024K, 0 young (0K), 0 survivors (0K)
[2020-12-29T02:26:45.253-0500][gc,heap        ] GC(24143)  Metaspace       used 50336K, capacity 52472K, committed 53888K, reserved 1093632K
[2020-12-29T02:26:45.253-0500][gc,heap        ] GC(24143)   class space    used 7457K, capacity 8250K, committed 8832K, reserved 1048576K
[2020-12-29T02:26:45.253-0500][gc             ] GC(24143) Pause Full (System.gc()) 50M->42M(66M) 62.573ms
[2020-12-29T02:26:45.253-0500][gc,cpu         ] GC(24143) User=0.26s Sys=0.00s Real=0.06s
[2020-12-29T02:29:39.060-0500][gc,heap        ] GC(24144) Heap before GC invocations=24144 (full 5591): garbage-first heap   total 67584K, used 54630K [0x0000000083000000, 0x0000000100000000)
[2020-12-29T02:29:39.060-0500][gc,heap        ] GC(24144)   region size 1024K, 12 young (12288K), 0 survivors (0K)
[2020-12-29T02:29:39.060-0500][gc,heap        ] GC(24144)  Metaspace       used 50336K, capacity 52472K, committed 53888K, reserved 1093632K
[2020-12-29T02:29:39.060-0500][gc,heap        ] GC(24144)   class space    used 7457K, capacity 8250K, committed 8832K, reserved 1048576K
[2020-12-29T02:29:39.060-0500][gc,start       ] GC(24144) Pause Young (Concurrent Start) (G1 Evacuation Pause)
[2020-12-29T02:29:39.060-0500][gc,task        ] GC(24144) Using 8 workers of 8 for evacuation
[2020-12-29T02:29:39.063-0500][gc,phases      ] GC(24144)   Pre Evacuate Collection Set: 0.2ms
[2020-12-29T02:29:39.063-0500][gc,phases      ] GC(24144)   Evacuate Collection Set: 1.0ms
[2020-12-29T02:29:39.063-0500][gc,phases      ] GC(24144)   Post Evacuate Collection Set: 1.2ms
[2020-12-29T02:29:39.063-0500][gc,phases      ] GC(24144)   Other: 0.2ms
[2020-12-29T02:29:39.063-0500][gc,heap        ] GC(24144) Eden regions: 12->0(11)
[2020-12-29T02:29:39.063-0500][gc,heap        ] GC(24144) Survivor regions: 0->1(2)
[2020-12-29T02:29:39.063-0500][gc,heap        ] GC(24144) Old regions: 42->42
[2020-12-29T02:29:39.063-0500][gc,heap        ] GC(24144) Humongous regions: 4->4
[2020-12-29T02:29:39.063-0500][gc,metaspace   ] GC(24144) Metaspace: 50336K->50336K(1093632K)
[2020-12-29T02:29:39.063-0500][gc,heap        ] GC(24144) Heap after GC invocations=24145 (full 5591): garbage-first heap   total 67584K, used 43478K [0x0000000083000000, 0x0000000100000000)
[2020-12-29T02:29:39.063-0500][gc,heap        ] GC(24144)   region size 1024K, 1 young (1024K), 1 survivors (1024K)
[2020-12-29T02:29:39.063-0500][gc,heap        ] GC(24144)  Metaspace       used 50336K, capacity 52472K, committed 53888K, reserved 1093632K
[2020-12-29T02:29:39.063-0500][gc,heap        ] GC(24144)   class space    used 7457K, capacity 8250K, committed 8832K, reserved 1048576K
[2020-12-29T02:29:39.063-0500][gc             ] GC(24144) Pause Young (Concurrent Start) (G1 Evacuation Pause) 54M->42M(66M) 2.743ms
[2020-12-29T02:29:39.063-0500][gc,cpu         ] GC(24144) User=0.00s Sys=0.00s Real=0.00s
[2020-12-29T02:29:39.063-0500][gc             ] GC(24145) Concurrent Cycle
[2020-12-29T02:29:39.063-0500][gc,marking     ] GC(24145) Concurrent Clear Claimed Marks
[2020-12-29T02:29:39.063-0500][gc,marking     ] GC(24145) Concurrent Clear Claimed Marks 0.075ms
[2020-12-29T02:29:39.063-0500][gc,marking     ] GC(24145) Concurrent Scan Root Regions
[2020-12-29T02:29:39.064-0500][gc,marking     ] GC(24145) Concurrent Scan Root Regions 0.555ms
[2020-12-29T02:29:39.064-0500][gc,marking     ] GC(24145) Concurrent Mark (1677176.451s)
[2020-12-29T02:29:39.064-0500][gc,marking     ] GC(24145) Concurrent Mark From Roots
[2020-12-29T02:29:39.064-0500][gc,task        ] GC(24145) Using 2 workers of 2 for marking
[2020-12-29T02:29:39.107-0500][gc,marking     ] GC(24145) Concurrent Mark From Roots 42.665ms
[2020-12-29T02:29:39.107-0500][gc,marking     ] GC(24145) Concurrent Preclean
[2020-12-29T02:29:39.107-0500][gc,marking     ] GC(24145) Concurrent Preclean 0.151ms
[2020-12-29T02:29:39.107-0500][gc,marking     ] GC(24145) Concurrent Mark (1677176.451s, 1677176.494s) 42.899ms
[2020-12-29T02:29:39.107-0500][gc,start       ] GC(24145) Pause Remark
[2020-12-29T02:29:39.112-0500][gc,stringtable ] GC(24145) Cleaned string and symbol table, strings: 33323 processed, 0 removed, symbols: 120973 processed, 0 removed
[2020-12-29T02:29:39.112-0500][gc             ] GC(24145) Pause Remark 42M->42M(66M) 5.171ms
[2020-12-29T02:29:39.112-0500][gc,cpu         ] GC(24145) User=0.02s Sys=0.00s Real=0.01s
[2020-12-29T02:29:39.112-0500][gc,marking     ] GC(24145) Concurrent Rebuild Remembered Sets
[2020-12-29T02:29:39.130-0500][gc,marking     ] GC(24145) Concurrent Rebuild Remembered Sets 17.454ms
[2020-12-29T02:29:39.130-0500][gc,start       ] GC(24145) Pause Cleanup
[2020-12-29T02:29:39.130-0500][gc             ] GC(24145) Pause Cleanup 42M->42M(66M) 0.205ms
[2020-12-29T02:29:39.131-0500][gc,cpu         ] GC(24145) User=0.00s Sys=0.00s Real=0.00s
[2020-12-29T02:29:39.131-0500][gc,marking     ] GC(24145) Concurrent Cleanup for Next Mark
[2020-12-29T02:29:39.131-0500][gc,marking     ] GC(24145) Concurrent Cleanup for Next Mark 0.211ms
[2020-12-29T02:29:39.131-0500][gc             ] GC(24145) Concurrent Cycle 67.740ms
[2020-12-29T02:31:45.190-0500][gc,task        ] GC(24146) Using 5 workers of 8 for full compaction
[2020-12-29T02:31:45.190-0500][gc,start       ] GC(24146) Pause Full (System.gc())
[2020-12-29T02:31:45.190-0500][gc,heap        ] GC(24146) Heap before GC invocations=24146 (full 5591): garbage-first heap   total 67584K, used 50638K [0x0000000083000000, 0x0000000100000000)
[2020-12-29T02:31:45.190-0500][gc,heap        ] GC(24146)   region size 1024K, 10 young (10240K), 1 survivors (1024K)
[2020-12-29T02:31:45.190-0500][gc,heap        ] GC(24146)  Metaspace       used 50336K, capacity 52472K, committed 53888K, reserved 1093632K
[2020-12-29T02:31:45.190-0500][gc,heap        ] GC(24146)   class space    used 7457K, capacity 8250K, committed 8832K, reserved 1048576K
[2020-12-29T02:31:45.191-0500][gc,phases,start] GC(24146) Phase 1: Mark live objects
[2020-12-29T02:31:45.211-0500][gc,stringtable ] GC(24146) Cleaned string and symbol table, strings: 33323 processed, 4 removed, symbols: 120973 processed, 0 removed
[2020-12-29T02:31:45.211-0500][gc,phases      ] GC(24146) Phase 1: Mark live objects 20.216ms
[2020-12-29T02:31:45.211-0500][gc,phases,start] GC(24146) Phase 2: Prepare for compaction
[2020-12-29T02:31:45.215-0500][gc,phases      ] GC(24146) Phase 2: Prepare for compaction 3.784ms
[2020-12-29T02:31:45.215-0500][gc,phases,start] GC(24146) Phase 3: Adjust pointers
[2020-12-29T02:31:45.225-0500][gc,phases      ] GC(24146) Phase 3: Adjust pointers 10.059ms
[2020-12-29T02:31:45.225-0500][gc,phases,start] GC(24146) Phase 4: Compact heap
[2020-12-29T02:31:45.228-0500][gc,phases      ] GC(24146) Phase 4: Compact heap 3.241ms
[2020-12-29T02:31:45.235-0500][gc,heap        ] GC(24146) Eden regions: 9->0(12)
[2020-12-29T02:31:45.235-0500][gc,heap        ] GC(24146) Survivor regions: 1->0(2)
[2020-12-29T02:31:45.235-0500][gc,heap        ] GC(24146) Old regions: 41->41
[2020-12-29T02:31:45.235-0500][gc,heap        ] GC(24146) Humongous regions: 4->4
[2020-12-29T02:31:45.235-0500][gc,metaspace   ] GC(24146) Metaspace: 50336K->50336K(1093632K)
[2020-12-29T02:31:45.235-0500][gc,heap        ] GC(24146) Heap after GC invocations=24147 (full 5592): garbage-first heap   total 66560K, used 43366K [0x0000000083000000, 0x0000000100000000)
[2020-12-29T02:31:45.235-0500][gc,heap        ] GC(24146)   region size 1024K, 0 young (0K), 0 survivors (0K)
[2020-12-29T02:31:45.235-0500][gc,heap        ] GC(24146)  Metaspace       used 50336K, capacity 52472K, committed 53888K, reserved 1093632K
[2020-12-29T02:31:45.235-0500][gc,heap        ] GC(24146)   class space    used 7457K, capacity 8250K, committed 8832K, reserved 1048576K
[2020-12-29T02:31:45.235-0500][gc             ] GC(24146) Pause Full (System.gc()) 50M->42M(65M) 44.593ms
[2020-12-29T02:31:45.235-0500][gc,cpu         ] GC(24146) User=0.17s Sys=0.00s Real=0.04s
[2020-12-29T02:34:40.388-0500][gc,heap        ] GC(24147) Heap before GC invocations=24147 (full 5592): garbage-first heap   total 66560K, used 54630K [0x0000000083000000, 0x0000000100000000)
[2020-12-29T02:34:40.388-0500][gc,heap        ] GC(24147)   region size 1024K, 12 young (12288K), 0 survivors (0K)
[2020-12-29T02:34:40.389-0500][gc,heap        ] GC(24147)  Metaspace       used 50336K, capacity 52472K, committed 53888K, reserved 1093632K
[2020-12-29T02:34:40.389-0500][gc,heap        ] GC(24147)   class space    used 7457K, capacity 8250K, committed 8832K, reserved 1048576K
[2020-12-29T02:34:40.389-0500][gc,start       ] GC(24147) Pause Young (Concurrent Start) (G1 Evacuation Pause)
[2020-12-29T02:34:40.389-0500][gc,task        ] GC(24147) Using 8 workers of 8 for evacuation
[2020-12-29T02:34:40.394-0500][gc,phases      ] GC(24147)   Pre Evacuate Collection Set: 0.3ms
[2020-12-29T02:34:40.394-0500][gc,phases      ] GC(24147)   Evacuate Collection Set: 3.9ms
[2020-12-29T02:34:40.394-0500][gc,phases      ] GC(24147)   Post Evacuate Collection Set: 0.9ms
[2020-12-29T02:34:40.394-0500][gc,phases      ] GC(24147)   Other: 0.4ms
[2020-12-29T02:34:40.394-0500][gc,heap        ] GC(24147) Eden regions: 12->0(11)
[2020-12-29T02:34:40.394-0500][gc,heap        ] GC(24147) Survivor regions: 0->1(2)
[2020-12-29T02:34:40.394-0500][gc,heap        ] GC(24147) Old regions: 41->41
[2020-12-29T02:34:40.394-0500][gc,heap        ] GC(24147) Humongous regions: 4->4
[2020-12-29T02:34:40.394-0500][gc,metaspace   ] GC(24147) Metaspace: 50336K->50336K(1093632K)
[2020-12-29T02:34:40.394-0500][gc,heap        ] GC(24147) Heap after GC invocations=24148 (full 5592): garbage-first heap   total 66560K, used 43448K [0x0000000083000000, 0x0000000100000000)
[2020-12-29T02:34:40.394-0500][gc,heap        ] GC(24147)   region size 1024K, 1 young (1024K), 1 survivors (1024K)
[2020-12-29T02:34:40.394-0500][gc,heap        ] GC(24147)  Metaspace       used 50336K, capacity 52472K, committed 53888K, reserved 1093632K
[2020-12-29T02:34:40.394-0500][gc,heap        ] GC(24147)   class space    used 7457K, capacity 8250K, committed 8832K, reserved 1048576K
[2020-12-29T02:34:40.394-0500][gc             ] GC(24147) Pause Young (Concurrent Start) (G1 Evacuation Pause) 54M->42M(65M) 5.347ms
[2020-12-29T02:34:40.394-0500][gc,cpu         ] GC(24147) User=0.03s Sys=0.00s Real=0.00s
[2020-12-29T02:34:40.394-0500][gc             ] GC(24148) Concurrent Cycle
[2020-12-29T02:34:40.394-0500][gc,marking     ] GC(24148) Concurrent Clear Claimed Marks
[2020-12-29T02:34:40.394-0500][gc,marking     ] GC(24148) Concurrent Clear Claimed Marks 0.243ms
[2020-12-29T02:34:40.394-0500][gc,marking     ] GC(24148) Concurrent Scan Root Regions
[2020-12-29T02:34:40.395-0500][gc,marking     ] GC(24148) Concurrent Scan Root Regions 0.832ms
[2020-12-29T02:34:40.395-0500][gc,marking     ] GC(24148) Concurrent Mark (1677477.782s)
[2020-12-29T02:34:40.395-0500][gc,marking     ] GC(24148) Concurrent Mark From Roots
[2020-12-29T02:34:40.395-0500][gc,task        ] GC(24148) Using 2 workers of 2 for marking
[2020-12-29T02:34:40.436-0500][gc,marking     ] GC(24148) Concurrent Mark From Roots 40.855ms
[2020-12-29T02:34:40.436-0500][gc,marking     ] GC(24148) Concurrent Preclean
[2020-12-29T02:34:40.436-0500][gc,marking     ] GC(24148) Concurrent Preclean 0.172ms
[2020-12-29T02:34:40.436-0500][gc,marking     ] GC(24148) Concurrent Mark (1677477.782s, 1677477.823s) 41.109ms
[2020-12-29T02:34:40.437-0500][gc,start       ] GC(24148) Pause Remark
[2020-12-29T02:34:40.459-0500][gc,stringtable ] GC(24148) Cleaned string and symbol table, strings: 33323 processed, 0 removed, symbols: 120973 processed, 0 removed
[2020-12-29T02:34:40.459-0500][gc             ] GC(24148) Pause Remark 42M->42M(65M) 22.593ms
[2020-12-29T02:34:40.460-0500][gc,cpu         ] GC(24148) User=0.17s Sys=0.00s Real=0.03s
[2020-12-29T02:34:40.460-0500][gc,marking     ] GC(24148) Concurrent Rebuild Remembered Sets
[2020-12-29T02:34:40.478-0500][gc,marking     ] GC(24148) Concurrent Rebuild Remembered Sets 18.414ms
[2020-12-29T02:34:40.479-0500][gc,start       ] GC(24148) Pause Cleanup
[2020-12-29T02:34:40.479-0500][gc             ] GC(24148) Pause Cleanup 42M->42M(65M) 0.185ms
[2020-12-29T02:34:40.479-0500][gc,cpu         ] GC(24148) User=0.00s Sys=0.00s Real=0.00s
[2020-12-29T02:34:40.479-0500][gc,marking     ] GC(24148) Concurrent Cleanup for Next Mark
[2020-12-29T02:34:40.479-0500][gc,marking     ] GC(24148) Concurrent Cleanup for Next Mark 0.215ms
[2020-12-29T02:34:40.479-0500][gc             ] GC(24148) Concurrent Cycle 85.100ms
[2020-12-29T02:36:45.190-0500][gc,task        ] GC(24149) Using 5 workers of 8 for full compaction
[2020-12-29T02:36:45.190-0500][gc,start       ] GC(24149) Pause Full (System.gc())
[2020-12-29T02:36:45.190-0500][gc,heap        ] GC(24149) Heap before GC invocations=24149 (full 5592): garbage-first heap   total 66560K, used 51640K [0x0000000083000000, 0x0000000100000000)
[2020-12-29T02:36:45.191-0500][gc,heap        ] GC(24149)   region size 1024K, 10 young (10240K), 1 survivors (1024K)
[2020-12-29T02:36:45.191-0500][gc,heap        ] GC(24149)  Metaspace       used 50336K, capacity 52472K, committed 53888K, reserved 1093632K
[2020-12-29T02:36:45.191-0500][gc,heap        ] GC(24149)   class space    used 7457K, capacity 8250K, committed 8832K, reserved 1048576K
[2020-12-29T02:36:45.191-0500][gc,phases,start] GC(24149) Phase 1: Mark live objects
[2020-12-29T02:36:45.237-0500][gc,stringtable ] GC(24149) Cleaned string and symbol table, strings: 33323 processed, 4 removed, symbols: 120973 processed, 0 removed
[2020-12-29T02:36:45.237-0500][gc,phases      ] GC(24149) Phase 1: Mark live objects 45.477ms
[2020-12-29T02:36:45.237-0500][gc,phases,start] GC(24149) Phase 2: Prepare for compaction
[2020-12-29T02:36:45.240-0500][gc,phases      ] GC(24149) Phase 2: Prepare for compaction 3.218ms
[2020-12-29T02:36:45.240-0500][gc,phases,start] GC(24149) Phase 3: Adjust pointers
[2020-12-29T02:36:45.251-0500][gc,phases      ] GC(24149) Phase 3: Adjust pointers 11.204ms
[2020-12-29T02:36:45.251-0500][gc,phases,start] GC(24149) Phase 4: Compact heap
[2020-12-29T02:36:45.254-0500][gc,phases      ] GC(24149) Phase 4: Compact heap 3.007ms
[2020-12-29T02:36:45.259-0500][gc,heap        ] GC(24149) Eden regions: 9->0(11)
[2020-12-29T02:36:45.259-0500][gc,heap        ] GC(24149) Survivor regions: 1->0(2)
[2020-12-29T02:36:45.259-0500][gc,heap        ] GC(24149) Old regions: 41->42
[2020-12-29T02:36:45.259-0500][gc,heap        ] GC(24149) Humongous regions: 4->4
[2020-12-29T02:36:45.259-0500][gc,metaspace   ] GC(24149) Metaspace: 50336K->50336K(1093632K)
[2020-12-29T02:36:45.259-0500][gc,heap        ] GC(24149) Heap after GC invocations=24150 (full 5593): garbage-first heap   total 66560K, used 43373K [0x0000000083000000, 0x0000000100000000)
[2020-12-29T02:36:45.259-0500][gc,heap        ] GC(24149)   region size 1024K, 0 young (0K), 0 survivors (0K)
[2020-12-29T02:36:45.259-0500][gc,heap        ] GC(24149)  Metaspace       used 50336K, capacity 52472K, committed 53888K, reserved 1093632K
[2020-12-29T02:36:45.259-0500][gc,heap        ] GC(24149)   class space    used 7457K, capacity 8250K, committed 8832K, reserved 1048576K
[2020-12-29T02:36:45.259-0500][gc             ] GC(24149) Pause Full (System.gc()) 50M->42M(65M) 68.406ms
[2020-12-29T02:36:45.259-0500][gc,cpu         ] GC(24149) User=0.29s Sys=0.00s Real=0.07s
[2020-12-29T02:39:19.063-0500][gc,heap        ] GC(24150) Heap before GC invocations=24150 (full 5593): garbage-first heap   total 66560K, used 53613K [0x0000000083000000, 0x0000000100000000)
[2020-12-29T02:39:19.063-0500][gc,heap        ] GC(24150)   region size 1024K, 11 young (11264K), 0 survivors (0K)
[2020-12-29T02:39:19.063-0500][gc,heap        ] GC(24150)  Metaspace       used 50336K, capacity 52472K, committed 53888K, reserved 1093632K
[2020-12-29T02:39:19.063-0500][gc,heap        ] GC(24150)   class space    used 7457K, capacity 8250K, committed 8832K, reserved 1048576K
[2020-12-29T02:39:19.063-0500][gc,start       ] GC(24150) Pause Young (Concurrent Start) (G1 Evacuation Pause)
[2020-12-29T02:39:19.063-0500][gc,task        ] GC(24150) Using 8 workers of 8 for evacuation
[2020-12-29T02:39:19.072-0500][gc,phases      ] GC(24150)   Pre Evacuate Collection Set: 0.6ms
[2020-12-29T02:39:19.072-0500][gc,phases      ] GC(24150)   Evacuate Collection Set: 3.1ms
[2020-12-29T02:39:19.072-0500][gc,phases      ] GC(24150)   Post Evacuate Collection Set: 4.6ms
[2020-12-29T02:39:19.072-0500][gc,phases      ] GC(24150)   Other: 0.8ms
[2020-12-29T02:39:19.072-0500][gc,heap        ] GC(24150) Eden regions: 11->0(10)
[2020-12-29T02:39:19.072-0500][gc,heap        ] GC(24150) Survivor regions: 0->1(2)
[2020-12-29T02:39:19.072-0500][gc,heap        ] GC(24150) Old regions: 42->42
[2020-12-29T02:39:19.072-0500][gc,heap        ] GC(24150) Humongous regions: 4->4
[2020-12-29T02:39:19.072-0500][gc,metaspace   ] GC(24150) Metaspace: 50336K->50336K(1093632K)
[2020-12-29T02:39:19.072-0500][gc,heap        ] GC(24150) Heap after GC invocations=24151 (full 5593): garbage-first heap   total 66560K, used 43466K [0x0000000083000000, 0x0000000100000000)
[2020-12-29T02:39:19.072-0500][gc,heap        ] GC(24150)   region size 1024K, 1 young (1024K), 1 survivors (1024K)
[2020-12-29T02:39:19.072-0500][gc,heap        ] GC(24150)  Metaspace       used 50336K, capacity 52472K, committed 53888K, reserved 1093632K
[2020-12-29T02:39:19.072-0500][gc,heap        ] GC(24150)   class space    used 7457K, capacity 8250K, committed 8832K, reserved 1048576K
[2020-12-29T02:39:19.072-0500][gc             ] GC(24150) Pause Young (Concurrent Start) (G1 Evacuation Pause) 53M->42M(65M) 9.209ms
[2020-12-29T02:39:19.072-0500][gc,cpu         ] GC(24150) User=0.02s Sys=0.01s Real=0.01s
[2020-12-29T02:39:19.073-0500][gc             ] GC(24151) Concurrent Cycle
[2020-12-29T02:39:19.073-0500][gc,marking     ] GC(24151) Concurrent Clear Claimed Marks
[2020-12-29T02:39:19.073-0500][gc,marking     ] GC(24151) Concurrent Clear Claimed Marks 0.196ms
[2020-12-29T02:39:19.073-0500][gc,marking     ] GC(24151) Concurrent Scan Root Regions
[2020-12-29T02:39:19.075-0500][gc,marking     ] GC(24151) Concurrent Scan Root Regions 1.913ms
[2020-12-29T02:39:19.075-0500][gc,marking     ] GC(24151) Concurrent Mark (1677756.462s)
[2020-12-29T02:39:19.075-0500][gc,marking     ] GC(24151) Concurrent Mark From Roots
[2020-12-29T02:39:19.075-0500][gc,task        ] GC(24151) Using 2 workers of 2 for marking
[2020-12-29T02:39:19.138-0500][gc,marking     ] GC(24151) Concurrent Mark From Roots 62.954ms
[2020-12-29T02:39:19.138-0500][gc,marking     ] GC(24151) Concurrent Preclean
[2020-12-29T02:39:19.138-0500][gc,marking     ] GC(24151) Concurrent Preclean 0.152ms
[2020-12-29T02:39:19.138-0500][gc,marking     ] GC(24151) Concurrent Mark (1677756.462s, 1677756.525s) 63.201ms
[2020-12-29T02:39:19.139-0500][gc,start       ] GC(24151) Pause Remark
[2020-12-29T02:39:19.142-0500][gc,stringtable ] GC(24151) Cleaned string and symbol table, strings: 33323 processed, 0 removed, symbols: 120973 processed, 0 removed
[2020-12-29T02:39:19.143-0500][gc             ] GC(24151) Pause Remark 42M->42M(65M) 4.304ms
[2020-12-29T02:39:19.143-0500][gc,cpu         ] GC(24151) User=0.02s Sys=0.00s Real=0.00s
[2020-12-29T02:39:19.143-0500][gc,marking     ] GC(24151) Concurrent Rebuild Remembered Sets
[2020-12-29T02:39:19.161-0500][gc,marking     ] GC(24151) Concurrent Rebuild Remembered Sets 17.378ms
[2020-12-29T02:39:19.161-0500][gc,start       ] GC(24151) Pause Cleanup
[2020-12-29T02:39:19.161-0500][gc             ] GC(24151) Pause Cleanup 42M->42M(65M) 0.190ms
[2020-12-29T02:39:19.161-0500][gc,cpu         ] GC(24151) User=0.00s Sys=0.00s Real=0.00s
[2020-12-29T02:39:19.161-0500][gc,marking     ] GC(24151) Concurrent Cleanup for Next Mark
[2020-12-29T02:39:19.162-0500][gc,marking     ] GC(24151) Concurrent Cleanup for Next Mark 0.247ms
[2020-12-29T02:39:19.162-0500][gc             ] GC(24151) Concurrent Cycle 88.971ms
[2020-12-29T02:41:45.189-0500][gc,task        ] GC(24152) Using 5 workers of 8 for full compaction
[2020-12-29T02:41:45.189-0500][gc,start       ] GC(24152) Pause Full (System.gc())
[2020-12-29T02:41:45.189-0500][gc,heap        ] GC(24152) Heap before GC invocations=24152 (full 5593): garbage-first heap   total 66560K, used 51657K [0x0000000083000000, 0x0000000100000000)
[2020-12-29T02:41:45.189-0500][gc,heap        ] GC(24152)   region size 1024K, 11 young (11264K), 1 survivors (1024K)
[2020-12-29T02:41:45.189-0500][gc,heap        ] GC(24152)  Metaspace       used 50336K, capacity 52472K, committed 53888K, reserved 1093632K
[2020-12-29T02:41:45.189-0500][gc,heap        ] GC(24152)   class space    used 7457K, capacity 8250K, committed 8832K, reserved 1048576K
[2020-12-29T02:41:45.190-0500][gc,phases,start] GC(24152) Phase 1: Mark live objects
[2020-12-29T02:41:45.238-0500][gc,stringtable ] GC(24152) Cleaned string and symbol table, strings: 33323 processed, 4 removed, symbols: 120973 processed, 0 removed
[2020-12-29T02:41:45.238-0500][gc,phases      ] GC(24152) Phase 1: Mark live objects 48.257ms
[2020-12-29T02:41:45.238-0500][gc,phases,start] GC(24152) Phase 2: Prepare for compaction
[2020-12-29T02:41:45.242-0500][gc,phases      ] GC(24152) Phase 2: Prepare for compaction 3.674ms
[2020-12-29T02:41:45.242-0500][gc,phases,start] GC(24152) Phase 3: Adjust pointers
[2020-12-29T02:41:45.253-0500][gc,phases      ] GC(24152) Phase 3: Adjust pointers 10.587ms
[2020-12-29T02:41:45.253-0500][gc,phases,start] GC(24152) Phase 4: Compact heap
[2020-12-29T02:41:45.255-0500][gc,phases      ] GC(24152) Phase 4: Compact heap 2.568ms
[2020-12-29T02:41:45.259-0500][gc,heap        ] GC(24152) Eden regions: 10->0(11)
[2020-12-29T02:41:45.260-0500][gc,heap        ] GC(24152) Survivor regions: 1->0(2)
[2020-12-29T02:41:45.260-0500][gc,heap        ] GC(24152) Old regions: 41->42
[2020-12-29T02:41:45.260-0500][gc,heap        ] GC(24152) Humongous regions: 4->4
[2020-12-29T02:41:45.260-0500][gc,metaspace   ] GC(24152) Metaspace: 50336K->50336K(1093632K)
[2020-12-29T02:41:45.260-0500][gc,heap        ] GC(24152) Heap after GC invocations=24153 (full 5594): garbage-first heap   total 66560K, used 43369K [0x0000000083000000, 0x0000000100000000)
[2020-12-29T02:41:45.260-0500][gc,heap        ] GC(24152)   region size 1024K, 0 young (0K), 0 survivors (0K)
[2020-12-29T02:41:45.260-0500][gc,heap        ] GC(24152)  Metaspace       used 50336K, capacity 52472K, committed 53888K, reserved 1093632K
[2020-12-29T02:41:45.260-0500][gc,heap        ] GC(24152)   class space    used 7457K, capacity 8250K, committed 8832K, reserved 1048576K
[2020-12-29T02:41:45.260-0500][gc             ] GC(24152) Pause Full (System.gc()) 51M->42M(65M) 70.306ms
[2020-12-29T02:41:45.260-0500][gc,cpu         ] GC(24152) User=0.31s Sys=0.00s Real=0.07s
[2020-12-29T02:44:29.060-0500][gc,heap        ] GC(24153) Heap before GC invocations=24153 (full 5594): garbage-first heap   total 66560K, used 53609K [0x0000000083000000, 0x0000000100000000)
[2020-12-29T02:44:29.061-0500][gc,heap        ] GC(24153)   region size 1024K, 11 young (11264K), 0 survivors (0K)
[2020-12-29T02:44:29.061-0500][gc,heap        ] GC(24153)  Metaspace       used 50336K, capacity 52472K, committed 53888K, reserved 1093632K
[2020-12-29T02:44:29.061-0500][gc,heap        ] GC(24153)   class space    used 7457K, capacity 8250K, committed 8832K, reserved 1048576K
[2020-12-29T02:44:29.061-0500][gc,start       ] GC(24153) Pause Young (Concurrent Start) (G1 Evacuation Pause)
[2020-12-29T02:44:29.061-0500][gc,task        ] GC(24153) Using 8 workers of 8 for evacuation
[2020-12-29T02:44:29.068-0500][gc,phases      ] GC(24153)   Pre Evacuate Collection Set: 0.5ms
[2020-12-29T02:44:29.068-0500][gc,phases      ] GC(24153)   Evacuate Collection Set: 3.6ms
[2020-12-29T02:44:29.068-0500][gc,phases      ] GC(24153)   Post Evacuate Collection Set: 2.5ms
[2020-12-29T02:44:29.068-0500][gc,phases      ] GC(24153)   Other: 0.7ms
[2020-12-29T02:44:29.068-0500][gc,heap        ] GC(24153) Eden regions: 11->0(10)
[2020-12-29T02:44:29.068-0500][gc,heap        ] GC(24153) Survivor regions: 0->1(2)
[2020-12-29T02:44:29.068-0500][gc,heap        ] GC(24153) Old regions: 42->42
[2020-12-29T02:44:29.068-0500][gc,heap        ] GC(24153) Humongous regions: 4->4
[2020-12-29T02:44:29.068-0500][gc,metaspace   ] GC(24153) Metaspace: 50336K->50336K(1093632K)
[2020-12-29T02:44:29.068-0500][gc,heap        ] GC(24153) Heap after GC invocations=24154 (full 5594): garbage-first heap   total 66560K, used 43470K [0x0000000083000000, 0x0000000100000000)
[2020-12-29T02:44:29.068-0500][gc,heap        ] GC(24153)   region size 1024K, 1 young (1024K), 1 survivors (1024K)
[2020-12-29T02:44:29.068-0500][gc,heap        ] GC(24153)  Metaspace       used 50336K, capacity 52472K, committed 53888K, reserved 1093632K
[2020-12-29T02:44:29.068-0500][gc,heap        ] GC(24153)   class space    used 7457K, capacity 8250K, committed 8832K, reserved 1048576K
[2020-12-29T02:44:29.068-0500][gc             ] GC(24153) Pause Young (Concurrent Start) (G1 Evacuation Pause) 53M->42M(65M) 7.529ms
[2020-12-29T02:44:29.068-0500][gc,cpu         ] GC(24153) User=0.02s Sys=0.00s Real=0.01s
[2020-12-29T02:44:29.069-0500][gc             ] GC(24154) Concurrent Cycle
[2020-12-29T02:44:29.069-0500][gc,marking     ] GC(24154) Concurrent Clear Claimed Marks
[2020-12-29T02:44:29.069-0500][gc,marking     ] GC(24154) Concurrent Clear Claimed Marks 0.198ms
[2020-12-29T02:44:29.069-0500][gc,marking     ] GC(24154) Concurrent Scan Root Regions
[2020-12-29T02:44:29.071-0500][gc,marking     ] GC(24154) Concurrent Scan Root Regions 2.306ms
[2020-12-29T02:44:29.071-0500][gc,marking     ] GC(24154) Concurrent Mark (1678066.458s)
[2020-12-29T02:44:29.071-0500][gc,marking     ] GC(24154) Concurrent Mark From Roots
[2020-12-29T02:44:29.071-0500][gc,task        ] GC(24154) Using 2 workers of 2 for marking
[2020-12-29T02:44:29.136-0500][gc,marking     ] GC(24154) Concurrent Mark From Roots 64.504ms
[2020-12-29T02:44:29.136-0500][gc,marking     ] GC(24154) Concurrent Preclean
[2020-12-29T02:44:29.136-0500][gc,marking     ] GC(24154) Concurrent Preclean 0.150ms
[2020-12-29T02:44:29.136-0500][gc,marking     ] GC(24154) Concurrent Mark (1678066.458s, 1678066.523s) 64.769ms
[2020-12-29T02:44:29.136-0500][gc,start       ] GC(24154) Pause Remark
[2020-12-29T02:44:29.140-0500][gc,stringtable ] GC(24154) Cleaned string and symbol table, strings: 33323 processed, 0 removed, symbols: 120973 processed, 0 removed
[2020-12-29T02:44:29.141-0500][gc             ] GC(24154) Pause Remark 42M->42M(65M) 4.262ms
[2020-12-29T02:44:29.141-0500][gc,cpu         ] GC(24154) User=0.03s Sys=0.00s Real=0.01s
[2020-12-29T02:44:29.141-0500][gc,marking     ] GC(24154) Concurrent Rebuild Remembered Sets
[2020-12-29T02:44:29.164-0500][gc,marking     ] GC(24154) Concurrent Rebuild Remembered Sets 23.104ms
[2020-12-29T02:44:29.164-0500][gc,start       ] GC(24154) Pause Cleanup
[2020-12-29T02:44:29.165-0500][gc             ] GC(24154) Pause Cleanup 42M->42M(65M) 0.223ms
[2020-12-29T02:44:29.165-0500][gc,cpu         ] GC(24154) User=0.00s Sys=0.00s Real=0.00s
[2020-12-29T02:44:29.165-0500][gc,marking     ] GC(24154) Concurrent Cleanup for Next Mark
[2020-12-29T02:44:29.165-0500][gc,marking     ] GC(24154) Concurrent Cleanup for Next Mark 0.200ms
[2020-12-29T02:44:29.165-0500][gc             ] GC(24154) Concurrent Cycle 96.351ms
[2020-12-29T02:46:45.192-0500][gc,task        ] GC(24155) Using 5 workers of 8 for full compaction
[2020-12-29T02:46:45.192-0500][gc,start       ] GC(24155) Pause Full (System.gc())
[2020-12-29T02:46:45.192-0500][gc,heap        ] GC(24155) Heap before GC invocations=24155 (full 5594): garbage-first heap   total 66560K, used 51662K [0x0000000083000000, 0x0000000100000000)
[2020-12-29T02:46:45.192-0500][gc,heap        ] GC(24155)   region size 1024K, 11 young (11264K), 1 survivors (1024K)
[2020-12-29T02:46:45.192-0500][gc,heap        ] GC(24155)  Metaspace       used 50336K, capacity 52472K, committed 53888K, reserved 1093632K
[2020-12-29T02:46:45.192-0500][gc,heap        ] GC(24155)   class space    used 7457K, capacity 8250K, committed 8832K, reserved 1048576K
[2020-12-29T02:46:45.193-0500][gc,phases,start] GC(24155) Phase 1: Mark live objects
[2020-12-29T02:46:45.240-0500][gc,stringtable ] GC(24155) Cleaned string and symbol table, strings: 33323 processed, 4 removed, symbols: 120973 processed, 0 removed
[2020-12-29T02:46:45.240-0500][gc,phases      ] GC(24155) Phase 1: Mark live objects 47.204ms
[2020-12-29T02:46:45.240-0500][gc,phases,start] GC(24155) Phase 2: Prepare for compaction
[2020-12-29T02:46:45.243-0500][gc,phases      ] GC(24155) Phase 2: Prepare for compaction 3.517ms
[2020-12-29T02:46:45.243-0500][gc,phases,start] GC(24155) Phase 3: Adjust pointers
[2020-12-29T02:46:45.253-0500][gc,phases      ] GC(24155) Phase 3: Adjust pointers 9.940ms
[2020-12-29T02:46:45.253-0500][gc,phases,start] GC(24155) Phase 4: Compact heap
[2020-12-29T02:46:45.256-0500][gc,phases      ] GC(24155) Phase 4: Compact heap 2.738ms
[2020-12-29T02:46:45.261-0500][gc,heap        ] GC(24155) Eden regions: 10->0(11)
[2020-12-29T02:46:45.261-0500][gc,heap        ] GC(24155) Survivor regions: 1->0(2)
[2020-12-29T02:46:45.261-0500][gc,heap        ] GC(24155) Old regions: 42->42
[2020-12-29T02:46:45.261-0500][gc,heap        ] GC(24155) Humongous regions: 4->4
[2020-12-29T02:46:45.261-0500][gc,metaspace   ] GC(24155) Metaspace: 50336K->50336K(1093632K)
[2020-12-29T02:46:45.261-0500][gc,heap        ] GC(24155) Heap after GC invocations=24156 (full 5595): garbage-first heap   total 66560K, used 43376K [0x0000000083000000, 0x0000000100000000)
[2020-12-29T02:46:45.261-0500][gc,heap        ] GC(24155)   region size 1024K, 0 young (0K), 0 survivors (0K)
[2020-12-29T02:46:45.261-0500][gc,heap        ] GC(24155)  Metaspace       used 50336K, capacity 52472K, committed 53888K, reserved 1093632K
[2020-12-29T02:46:45.261-0500][gc,heap        ] GC(24155)   class space    used 7457K, capacity 8250K, committed 8832K, reserved 1048576K
[2020-12-29T02:46:45.261-0500][gc             ] GC(24155) Pause Full (System.gc()) 51M->42M(65M) 68.744ms
[2020-12-29T02:46:45.261-0500][gc,cpu         ] GC(24155) User=0.30s Sys=0.00s Real=0.07s
[2020-12-29T02:49:29.062-0500][gc,heap        ] GC(24156) Heap before GC invocations=24156 (full 5595): garbage-first heap   total 66560K, used 53616K [0x0000000083000000, 0x0000000100000000)
[2020-12-29T02:49:29.063-0500][gc,heap        ] GC(24156)   region size 1024K, 11 young (11264K), 0 survivors (0K)
[2020-12-29T02:49:29.063-0500][gc,heap        ] GC(24156)  Metaspace       used 50336K, capacity 52472K, committed 53888K, reserved 1093632K
[2020-12-29T02:49:29.063-0500][gc,heap        ] GC(24156)   class space    used 7457K, capacity 8250K, committed 8832K, reserved 1048576K
[2020-12-29T02:49:29.063-0500][gc,start       ] GC(24156) Pause Young (Concurrent Start) (G1 Evacuation Pause)
[2020-12-29T02:49:29.063-0500][gc,task        ] GC(24156) Using 8 workers of 8 for evacuation
[2020-12-29T02:49:29.069-0500][gc,phases      ] GC(24156)   Pre Evacuate Collection Set: 0.4ms
[2020-12-29T02:49:29.070-0500][gc,phases      ] GC(24156)   Evacuate Collection Set: 4.2ms
[2020-12-29T02:49:29.070-0500][gc,phases      ] GC(24156)   Post Evacuate Collection Set: 2.0ms
[2020-12-29T02:49:29.070-0500][gc,phases      ] GC(24156)   Other: 0.5ms
[2020-12-29T02:49:29.070-0500][gc,heap        ] GC(24156) Eden regions: 11->0(10)
[2020-12-29T02:49:29.070-0500][gc,heap        ] GC(24156) Survivor regions: 0->1(2)
[2020-12-29T02:49:29.070-0500][gc,heap        ] GC(24156) Old regions: 42->42
[2020-12-29T02:49:29.070-0500][gc,heap        ] GC(24156) Humongous regions: 4->4
[2020-12-29T02:49:29.070-0500][gc,metaspace   ] GC(24156) Metaspace: 50336K->50336K(1093632K)
[2020-12-29T02:49:29.070-0500][gc,heap        ] GC(24156) Heap after GC invocations=24157 (full 5595): garbage-first heap   total 66560K, used 43464K [0x0000000083000000, 0x0000000100000000)
[2020-12-29T02:49:29.070-0500][gc,heap        ] GC(24156)   region size 1024K, 1 young (1024K), 1 survivors (1024K)
[2020-12-29T02:49:29.070-0500][gc,heap        ] GC(24156)  Metaspace       used 50336K, capacity 52472K, committed 53888K, reserved 1093632K
[2020-12-29T02:49:29.070-0500][gc,heap        ] GC(24156)   class space    used 7457K, capacity 8250K, committed 8832K, reserved 1048576K
[2020-12-29T02:49:29.070-0500][gc             ] GC(24156) Pause Young (Concurrent Start) (G1 Evacuation Pause) 53M->42M(65M) 7.072ms
[2020-12-29T02:49:29.070-0500][gc,cpu         ] GC(24156) User=0.03s Sys=0.00s Real=0.01s
[2020-12-29T02:49:29.070-0500][gc             ] GC(24157) Concurrent Cycle
[2020-12-29T02:49:29.070-0500][gc,marking     ] GC(24157) Concurrent Clear Claimed Marks
[2020-12-29T02:49:29.070-0500][gc,marking     ] GC(24157) Concurrent Clear Claimed Marks 0.090ms
[2020-12-29T02:49:29.070-0500][gc,marking     ] GC(24157) Concurrent Scan Root Regions
[2020-12-29T02:49:29.071-0500][gc,marking     ] GC(24157) Concurrent Scan Root Regions 1.042ms
[2020-12-29T02:49:29.071-0500][gc,marking     ] GC(24157) Concurrent Mark (1678366.458s)
[2020-12-29T02:49:29.071-0500][gc,marking     ] GC(24157) Concurrent Mark From Roots
[2020-12-29T02:49:29.071-0500][gc,task        ] GC(24157) Using 2 workers of 2 for marking
[2020-12-29T02:49:29.118-0500][gc,marking     ] GC(24157) Concurrent Mark From Roots 46.317ms
[2020-12-29T02:49:29.118-0500][gc,marking     ] GC(24157) Concurrent Preclean
[2020-12-29T02:49:29.118-0500][gc,marking     ] GC(24157) Concurrent Preclean 0.150ms
[2020-12-29T02:49:29.118-0500][gc,marking     ] GC(24157) Concurrent Mark (1678366.458s, 1678366.505s) 46.551ms
[2020-12-29T02:49:29.118-0500][gc,start       ] GC(24157) Pause Remark
[2020-12-29T02:49:29.123-0500][gc,stringtable ] GC(24157) Cleaned string and symbol table, strings: 33323 processed, 0 removed, symbols: 120973 processed, 0 removed
[2020-12-29T02:49:29.124-0500][gc             ] GC(24157) Pause Remark 42M->42M(65M) 5.446ms
[2020-12-29T02:49:29.124-0500][gc,cpu         ] GC(24157) User=0.03s Sys=0.00s Real=0.00s
[2020-12-29T02:49:29.124-0500][gc,marking     ] GC(24157) Concurrent Rebuild Remembered Sets
[2020-12-29T02:49:29.143-0500][gc,marking     ] GC(24157) Concurrent Rebuild Remembered Sets 19.030ms
[2020-12-29T02:49:29.143-0500][gc,start       ] GC(24157) Pause Cleanup
[2020-12-29T02:49:29.143-0500][gc             ] GC(24157) Pause Cleanup 42M->42M(65M) 0.205ms
[2020-12-29T02:49:29.144-0500][gc,cpu         ] GC(24157) User=0.00s Sys=0.00s Real=0.00s
[2020-12-29T02:49:29.144-0500][gc,marking     ] GC(24157) Concurrent Cleanup for Next Mark
[2020-12-29T02:49:29.144-0500][gc,marking     ] GC(24157) Concurrent Cleanup for Next Mark 0.271ms
[2020-12-29T02:49:29.144-0500][gc             ] GC(24157) Concurrent Cycle 73.847ms
[2020-12-29T02:51:45.191-0500][gc,task        ] GC(24158) Using 5 workers of 8 for full compaction
[2020-12-29T02:51:45.191-0500][gc,start       ] GC(24158) Pause Full (System.gc())
[2020-12-29T02:51:45.191-0500][gc,heap        ] GC(24158) Heap before GC invocations=24158 (full 5595): garbage-first heap   total 66560K, used 50627K [0x0000000083000000, 0x0000000100000000)
[2020-12-29T02:51:45.191-0500][gc,heap        ] GC(24158)   region size 1024K, 10 young (10240K), 1 survivors (1024K)
[2020-12-29T02:51:45.191-0500][gc,heap        ] GC(24158)  Metaspace       used 50336K, capacity 52472K, committed 53888K, reserved 1093632K
[2020-12-29T02:51:45.191-0500][gc,heap        ] GC(24158)   class space    used 7457K, capacity 8250K, committed 8832K, reserved 1048576K
[2020-12-29T02:51:45.192-0500][gc,phases,start] GC(24158) Phase 1: Mark live objects
[2020-12-29T02:51:45.248-0500][gc,stringtable ] GC(24158) Cleaned string and symbol table, strings: 33323 processed, 4 removed, symbols: 120973 processed, 0 removed
[2020-12-29T02:51:45.248-0500][gc,phases      ] GC(24158) Phase 1: Mark live objects 55.888ms
[2020-12-29T02:51:45.248-0500][gc,phases,start] GC(24158) Phase 2: Prepare for compaction
[2020-12-29T02:51:45.252-0500][gc,phases      ] GC(24158) Phase 2: Prepare for compaction 4.631ms
[2020-12-29T02:51:45.252-0500][gc,phases,start] GC(24158) Phase 3: Adjust pointers
[2020-12-29T02:51:45.264-0500][gc,phases      ] GC(24158) Phase 3: Adjust pointers 12.017ms
[2020-12-29T02:51:45.265-0500][gc,phases,start] GC(24158) Phase 4: Compact heap
[2020-12-29T02:51:45.268-0500][gc,phases      ] GC(24158) Phase 4: Compact heap 3.508ms
[2020-12-29T02:51:45.274-0500][gc,heap        ] GC(24158) Eden regions: 9->0(12)
[2020-12-29T02:51:45.274-0500][gc,heap        ] GC(24158) Survivor regions: 1->0(2)
[2020-12-29T02:51:45.274-0500][gc,heap        ] GC(24158) Old regions: 41->41
[2020-12-29T02:51:45.274-0500][gc,heap        ] GC(24158) Humongous regions: 4->4
[2020-12-29T02:51:45.274-0500][gc,metaspace   ] GC(24158) Metaspace: 50336K->50336K(1093632K)
[2020-12-29T02:51:45.274-0500][gc,heap        ] GC(24158) Heap after GC invocations=24159 (full 5596): garbage-first heap   total 66560K, used 43368K [0x0000000083000000, 0x0000000100000000)
[2020-12-29T02:51:45.274-0500][gc,heap        ] GC(24158)   region size 1024K, 0 young (0K), 0 survivors (0K)
[2020-12-29T02:51:45.274-0500][gc,heap        ] GC(24158)  Metaspace       used 50336K, capacity 52472K, committed 53888K, reserved 1093632K
[2020-12-29T02:51:45.274-0500][gc,heap        ] GC(24158)   class space    used 7457K, capacity 8250K, committed 8832K, reserved 1048576K
[2020-12-29T02:51:45.274-0500][gc             ] GC(24158) Pause Full (System.gc()) 51M->42M(65M) 83.213ms
[2020-12-29T02:51:45.274-0500][gc,cpu         ] GC(24158) User=0.31s Sys=0.00s Real=0.08s
[2020-12-29T02:54:39.063-0500][gc,heap        ] GC(24159) Heap before GC invocations=24159 (full 5596): garbage-first heap   total 66560K, used 54632K [0x0000000083000000, 0x0000000100000000)
[2020-12-29T02:54:39.064-0500][gc,heap        ] GC(24159)   region size 1024K, 12 young (12288K), 0 survivors (0K)
[2020-12-29T02:54:39.064-0500][gc,heap        ] GC(24159)  Metaspace       used 50336K, capacity 52472K, committed 53888K, reserved 1093632K
[2020-12-29T02:54:39.064-0500][gc,heap        ] GC(24159)   class space    used 7457K, capacity 8250K, committed 8832K, reserved 1048576K
[2020-12-29T02:54:39.064-0500][gc,start       ] GC(24159) Pause Young (Concurrent Start) (G1 Evacuation Pause)
[2020-12-29T02:54:39.064-0500][gc,task        ] GC(24159) Using 8 workers of 8 for evacuation
[2020-12-29T02:54:39.068-0500][gc,phases      ] GC(24159)   Pre Evacuate Collection Set: 0.7ms
[2020-12-29T02:54:39.068-0500][gc,phases      ] GC(24159)   Evacuate Collection Set: 1.8ms
[2020-12-29T02:54:39.068-0500][gc,phases      ] GC(24159)   Post Evacuate Collection Set: 1.8ms
[2020-12-29T02:54:39.068-0500][gc,phases      ] GC(24159)   Other: 0.4ms
[2020-12-29T02:54:39.068-0500][gc,heap        ] GC(24159) Eden regions: 12->0(11)
[2020-12-29T02:54:39.068-0500][gc,heap        ] GC(24159) Survivor regions: 0->1(2)
[2020-12-29T02:54:39.068-0500][gc,heap        ] GC(24159) Old regions: 41->41
[2020-12-29T02:54:39.068-0500][gc,heap        ] GC(24159) Humongous regions: 4->4
[2020-12-29T02:54:39.068-0500][gc,metaspace   ] GC(24159) Metaspace: 50336K->50336K(1093632K)
[2020-12-29T02:54:39.068-0500][gc,heap        ] GC(24159) Heap after GC invocations=24160 (full 5596): garbage-first heap   total 66560K, used 43476K [0x0000000083000000, 0x0000000100000000)
[2020-12-29T02:54:39.068-0500][gc,heap        ] GC(24159)   region size 1024K, 1 young (1024K), 1 survivors (1024K)
[2020-12-29T02:54:39.068-0500][gc,heap        ] GC(24159)  Metaspace       used 50336K, capacity 52472K, committed 53888K, reserved 1093632K
[2020-12-29T02:54:39.068-0500][gc,heap        ] GC(24159)   class space    used 7457K, capacity 8250K, committed 8832K, reserved 1048576K
[2020-12-29T02:54:39.068-0500][gc             ] GC(24159) Pause Young (Concurrent Start) (G1 Evacuation Pause) 54M->42M(65M) 4.785ms
[2020-12-29T02:54:39.068-0500][gc,cpu         ] GC(24159) User=0.01s Sys=0.00s Real=0.01s
[2020-12-29T02:54:39.069-0500][gc             ] GC(24160) Concurrent Cycle
[2020-12-29T02:54:39.069-0500][gc,marking     ] GC(24160) Concurrent Clear Claimed Marks
[2020-12-29T02:54:39.069-0500][gc,marking     ] GC(24160) Concurrent Clear Claimed Marks 0.172ms
[2020-12-29T02:54:39.069-0500][gc,marking     ] GC(24160) Concurrent Scan Root Regions
[2020-12-29T02:54:39.070-0500][gc,marking     ] GC(24160) Concurrent Scan Root Regions 1.406ms
[2020-12-29T02:54:39.070-0500][gc,marking     ] GC(24160) Concurrent Mark (1678676.457s)
[2020-12-29T02:54:39.070-0500][gc,marking     ] GC(24160) Concurrent Mark From Roots
[2020-12-29T02:54:39.070-0500][gc,task        ] GC(24160) Using 2 workers of 2 for marking
[2020-12-29T02:54:39.125-0500][gc,marking     ] GC(24160) Concurrent Mark From Roots 54.954ms
[2020-12-29T02:54:39.125-0500][gc,marking     ] GC(24160) Concurrent Preclean
[2020-12-29T02:54:39.126-0500][gc,marking     ] GC(24160) Concurrent Preclean 0.150ms
[2020-12-29T02:54:39.126-0500][gc,marking     ] GC(24160) Concurrent Mark (1678676.457s, 1678676.513s) 55.185ms
[2020-12-29T02:54:39.126-0500][gc,start       ] GC(24160) Pause Remark
[2020-12-29T02:54:39.130-0500][gc,stringtable ] GC(24160) Cleaned string and symbol table, strings: 33323 processed, 0 removed, symbols: 120973 processed, 0 removed
[2020-12-29T02:54:39.130-0500][gc             ] GC(24160) Pause Remark 42M->42M(65M) 4.455ms
[2020-12-29T02:54:39.131-0500][gc,cpu         ] GC(24160) User=0.03s Sys=0.00s Real=0.01s
[2020-12-29T02:54:39.131-0500][gc,marking     ] GC(24160) Concurrent Rebuild Remembered Sets
[2020-12-29T02:54:39.148-0500][gc,marking     ] GC(24160) Concurrent Rebuild Remembered Sets 17.502ms
[2020-12-29T02:54:39.148-0500][gc,start       ] GC(24160) Pause Cleanup
[2020-12-29T02:54:39.149-0500][gc             ] GC(24160) Pause Cleanup 42M->42M(65M) 0.215ms
[2020-12-29T02:54:39.149-0500][gc,cpu         ] GC(24160) User=0.00s Sys=0.00s Real=0.00s
[2020-12-29T02:54:39.149-0500][gc,marking     ] GC(24160) Concurrent Cleanup for Next Mark
[2020-12-29T02:54:39.149-0500][gc,marking     ] GC(24160) Concurrent Cleanup for Next Mark 0.208ms
[2020-12-29T02:54:39.149-0500][gc             ] GC(24160) Concurrent Cycle 80.434ms
[2020-12-29T02:56:45.191-0500][gc,task        ] GC(24161) Using 5 workers of 8 for full compaction
[2020-12-29T02:56:45.191-0500][gc,start       ] GC(24161) Pause Full (System.gc())
[2020-12-29T02:56:45.191-0500][gc,heap        ] GC(24161) Heap before GC invocations=24161 (full 5596): garbage-first heap   total 66560K, used 50644K [0x0000000083000000, 0x0000000100000000)
[2020-12-29T02:56:45.191-0500][gc,heap        ] GC(24161)   region size 1024K, 10 young (10240K), 1 survivors (1024K)
[2020-12-29T02:56:45.191-0500][gc,heap        ] GC(24161)  Metaspace       used 50336K, capacity 52472K, committed 53888K, reserved 1093632K
[2020-12-29T02:56:45.191-0500][gc,heap        ] GC(24161)   class space    used 7457K, capacity 8250K, committed 8832K, reserved 1048576K
[2020-12-29T02:56:45.193-0500][gc,phases,start] GC(24161) Phase 1: Mark live objects
[2020-12-29T02:56:45.233-0500][gc,stringtable ] GC(24161) Cleaned string and symbol table, strings: 33323 processed, 4 removed, symbols: 120973 processed, 0 removed
[2020-12-29T02:56:45.233-0500][gc,phases      ] GC(24161) Phase 1: Mark live objects 40.195ms
[2020-12-29T02:56:45.233-0500][gc,phases,start] GC(24161) Phase 2: Prepare for compaction
[2020-12-29T02:56:45.238-0500][gc,phases      ] GC(24161) Phase 2: Prepare for compaction 5.244ms
[2020-12-29T02:56:45.238-0500][gc,phases,start] GC(24161) Phase 3: Adjust pointers
[2020-12-29T02:56:45.248-0500][gc,phases      ] GC(24161) Phase 3: Adjust pointers 10.170ms
[2020-12-29T02:56:45.248-0500][gc,phases,start] GC(24161) Phase 4: Compact heap
[2020-12-29T02:56:45.251-0500][gc,phases      ] GC(24161) Phase 4: Compact heap 2.782ms
[2020-12-29T02:56:45.255-0500][gc,heap        ] GC(24161) Eden regions: 9->0(10)
[2020-12-29T02:56:45.255-0500][gc,heap        ] GC(24161) Survivor regions: 1->0(2)
[2020-12-29T02:56:45.255-0500][gc,heap        ] GC(24161) Old regions: 41->43
[2020-12-29T02:56:45.255-0500][gc,heap        ] GC(24161) Humongous regions: 4->4
[2020-12-29T02:56:45.255-0500][gc,metaspace   ] GC(24161) Metaspace: 50336K->50336K(1093632K)
[2020-12-29T02:56:45.255-0500][gc,heap        ] GC(24161) Heap after GC invocations=24162 (full 5597): garbage-first heap   total 66560K, used 43375K [0x0000000083000000, 0x0000000100000000)
[2020-12-29T02:56:45.255-0500][gc,heap        ] GC(24161)   region size 1024K, 0 young (0K), 0 survivors (0K)
[2020-12-29T02:56:45.255-0500][gc,heap        ] GC(24161)  Metaspace       used 50336K, capacity 52472K, committed 53888K, reserved 1093632K
[2020-12-29T02:56:45.255-0500][gc,heap        ] GC(24161)   class space    used 7457K, capacity 8250K, committed 8832K, reserved 1048576K
[2020-12-29T02:56:45.255-0500][gc             ] GC(24161) Pause Full (System.gc()) 50M->42M(65M) 64.245ms
[2020-12-29T02:56:45.255-0500][gc,cpu         ] GC(24161) User=0.27s Sys=0.00s Real=0.06s
[2020-12-29T02:59:19.061-0500][gc,heap        ] GC(24162) Heap before GC invocations=24162 (full 5597): garbage-first heap   total 66560K, used 52591K [0x0000000083000000, 0x0000000100000000)
[2020-12-29T02:59:19.061-0500][gc,heap        ] GC(24162)   region size 1024K, 10 young (10240K), 0 survivors (0K)
[2020-12-29T02:59:19.061-0500][gc,heap        ] GC(24162)  Metaspace       used 50336K, capacity 52472K, committed 53888K, reserved 1093632K
[2020-12-29T02:59:19.061-0500][gc,heap        ] GC(24162)   class space    used 7457K, capacity 8250K, committed 8832K, reserved 1048576K
[2020-12-29T02:59:19.061-0500][gc,start       ] GC(24162) Pause Young (Concurrent Start) (G1 Evacuation Pause)
[2020-12-29T02:59:19.061-0500][gc,task        ] GC(24162) Using 8 workers of 8 for evacuation
[2020-12-29T02:59:19.066-0500][gc,phases      ] GC(24162)   Pre Evacuate Collection Set: 0.4ms
[2020-12-29T02:59:19.066-0500][gc,phases      ] GC(24162)   Evacuate Collection Set: 2.6ms
[2020-12-29T02:59:19.066-0500][gc,phases      ] GC(24162)   Post Evacuate Collection Set: 1.9ms
[2020-12-29T02:59:19.066-0500][gc,phases      ] GC(24162)   Other: 0.4ms
[2020-12-29T02:59:19.066-0500][gc,heap        ] GC(24162) Eden regions: 10->0(9)
[2020-12-29T02:59:19.066-0500][gc,heap        ] GC(24162) Survivor regions: 0->1(2)
[2020-12-29T02:59:19.066-0500][gc,heap        ] GC(24162) Old regions: 43->43
[2020-12-29T02:59:19.066-0500][gc,heap        ] GC(24162) Humongous regions: 4->4
[2020-12-29T02:59:19.066-0500][gc,metaspace   ] GC(24162) Metaspace: 50336K->50336K(1093632K)
[2020-12-29T02:59:19.066-0500][gc,heap        ] GC(24162) Heap after GC invocations=24163 (full 5597): garbage-first heap   total 66560K, used 43463K [0x0000000083000000, 0x0000000100000000)
[2020-12-29T02:59:19.066-0500][gc,heap        ] GC(24162)   region size 1024K, 1 young (1024K), 1 survivors (1024K)
[2020-12-29T02:59:19.066-0500][gc,heap        ] GC(24162)  Metaspace       used 50336K, capacity 52472K, committed 53888K, reserved 1093632K
[2020-12-29T02:59:19.066-0500][gc,heap        ] GC(24162)   class space    used 7457K, capacity 8250K, committed 8832K, reserved 1048576K
[2020-12-29T02:59:19.066-0500][gc             ] GC(24162) Pause Young (Concurrent Start) (G1 Evacuation Pause) 52M->42M(65M) 5.420ms
[2020-12-29T02:59:19.067-0500][gc,cpu         ] GC(24162) User=0.01s Sys=0.01s Real=0.00s
[2020-12-29T02:59:19.067-0500][gc             ] GC(24163) Concurrent Cycle
[2020-12-29T02:59:19.067-0500][gc,marking     ] GC(24163) Concurrent Clear Claimed Marks
[2020-12-29T02:59:19.067-0500][gc,marking     ] GC(24163) Concurrent Clear Claimed Marks 0.171ms
[2020-12-29T02:59:19.067-0500][gc,marking     ] GC(24163) Concurrent Scan Root Regions
[2020-12-29T02:59:19.068-0500][gc,marking     ] GC(24163) Concurrent Scan Root Regions 1.214ms
[2020-12-29T02:59:19.068-0500][gc,marking     ] GC(24163) Concurrent Mark (1678956.455s)
[2020-12-29T02:59:19.068-0500][gc,marking     ] GC(24163) Concurrent Mark From Roots
[2020-12-29T02:59:19.068-0500][gc,task        ] GC(24163) Using 2 workers of 2 for marking
[2020-12-29T02:59:19.110-0500][gc,marking     ] GC(24163) Concurrent Mark From Roots 41.337ms
[2020-12-29T02:59:19.110-0500][gc,marking     ] GC(24163) Concurrent Preclean
[2020-12-29T02:59:19.110-0500][gc,marking     ] GC(24163) Concurrent Preclean 0.147ms
[2020-12-29T02:59:19.110-0500][gc,marking     ] GC(24163) Concurrent Mark (1678956.455s, 1678956.497s) 41.572ms
[2020-12-29T02:59:19.110-0500][gc,start       ] GC(24163) Pause Remark
[2020-12-29T02:59:19.115-0500][gc,stringtable ] GC(24163) Cleaned string and symbol table, strings: 33323 processed, 0 removed, symbols: 120973 processed, 0 removed
[2020-12-29T02:59:19.115-0500][gc             ] GC(24163) Pause Remark 42M->42M(65M) 5.024ms
[2020-12-29T02:59:19.115-0500][gc,cpu         ] GC(24163) User=0.02s Sys=0.00s Real=0.00s
[2020-12-29T02:59:19.115-0500][gc,marking     ] GC(24163) Concurrent Rebuild Remembered Sets
[2020-12-29T02:59:19.135-0500][gc,marking     ] GC(24163) Concurrent Rebuild Remembered Sets 19.314ms
[2020-12-29T02:59:19.135-0500][gc,start       ] GC(24163) Pause Cleanup
[2020-12-29T02:59:19.135-0500][gc             ] GC(24163) Pause Cleanup 42M->42M(65M) 0.161ms
[2020-12-29T02:59:19.135-0500][gc,cpu         ] GC(24163) User=0.00s Sys=0.00s Real=0.00s
[2020-12-29T02:59:19.135-0500][gc,marking     ] GC(24163) Concurrent Cleanup for Next Mark
[2020-12-29T02:59:19.135-0500][gc,marking     ] GC(24163) Concurrent Cleanup for Next Mark 0.152ms
[2020-12-29T02:59:19.135-0500][gc             ] GC(24163) Concurrent Cycle 68.748ms
[2020-12-29T03:01:29.063-0500][gc,heap        ] GC(24164) Heap before GC invocations=24164 (full 5597): garbage-first heap   total 66560K, used 51643K [0x0000000083000000, 0x0000000100000000)
[2020-12-29T03:01:29.063-0500][gc,heap        ] GC(24164)   region size 1024K, 10 young (10240K), 1 survivors (1024K)
[2020-12-29T03:01:29.063-0500][gc,heap        ] GC(24164)  Metaspace       used 50336K, capacity 52472K, committed 53888K, reserved 1093632K
[2020-12-29T03:01:29.063-0500][gc,heap        ] GC(24164)   class space    used 7457K, capacity 8250K, committed 8832K, reserved 1048576K
[2020-12-29T03:01:29.063-0500][gc,start       ] GC(24164) Pause Young (Normal) (G1 Evacuation Pause)
[2020-12-29T03:01:29.063-0500][gc,task        ] GC(24164) Using 8 workers of 8 for evacuation
[2020-12-29T03:01:29.067-0500][gc,phases      ] GC(24164)   Pre Evacuate Collection Set: 0.0ms
[2020-12-29T03:01:29.067-0500][gc,phases      ] GC(24164)   Evacuate Collection Set: 0.8ms
[2020-12-29T03:01:29.067-0500][gc,phases      ] GC(24164)   Post Evacuate Collection Set: 3.0ms
[2020-12-29T03:01:29.067-0500][gc,phases      ] GC(24164)   Other: 0.2ms
[2020-12-29T03:01:29.067-0500][gc,heap        ] GC(24164) Eden regions: 9->0(10)
[2020-12-29T03:01:29.067-0500][gc,heap        ] GC(24164) Survivor regions: 1->1(2)
[2020-12-29T03:01:29.067-0500][gc,heap        ] GC(24164) Old regions: 42->42
[2020-12-29T03:01:29.067-0500][gc,heap        ] GC(24164) Humongous regions: 4->4
[2020-12-29T03:01:29.067-0500][gc,metaspace   ] GC(24164) Metaspace: 50336K->50336K(1093632K)
[2020-12-29T03:01:29.067-0500][gc,heap        ] GC(24164) Heap after GC invocations=24165 (full 5597): garbage-first heap   total 66560K, used 43431K [0x0000000083000000, 0x0000000100000000)
[2020-12-29T03:01:29.067-0500][gc,heap        ] GC(24164)   region size 1024K, 1 young (1024K), 1 survivors (1024K)
[2020-12-29T03:01:29.067-0500][gc,heap        ] GC(24164)  Metaspace       used 50336K, capacity 52472K, committed 53888K, reserved 1093632K
[2020-12-29T03:01:29.067-0500][gc,heap        ] GC(24164)   class space    used 7457K, capacity 8250K, committed 8832K, reserved 1048576K
[2020-12-29T03:01:29.067-0500][gc             ] GC(24164) Pause Young (Normal) (G1 Evacuation Pause) 51M->42M(65M) 4.043ms
[2020-12-29T03:01:29.067-0500][gc,cpu         ] GC(24164) User=0.01s Sys=0.00s Real=0.00s
[2020-12-29T03:01:45.191-0500][gc,task        ] GC(24165) Using 5 workers of 8 for full compaction
[2020-12-29T03:01:45.191-0500][gc,start       ] GC(24165) Pause Full (System.gc())
[2020-12-29T03:01:45.191-0500][gc,heap        ] GC(24165) Heap before GC invocations=24165 (full 5597): garbage-first heap   total 66560K, used 44455K [0x0000000083000000, 0x0000000100000000)
[2020-12-29T03:01:45.191-0500][gc,heap        ] GC(24165)   region size 1024K, 3 young (3072K), 1 survivors (1024K)
[2020-12-29T03:01:45.192-0500][gc,heap        ] GC(24165)  Metaspace       used 50336K, capacity 52472K, committed 53888K, reserved 1093632K
[2020-12-29T03:01:45.192-0500][gc,heap        ] GC(24165)   class space    used 7457K, capacity 8250K, committed 8832K, reserved 1048576K
[2020-12-29T03:01:45.192-0500][gc,phases,start] GC(24165) Phase 1: Mark live objects
[2020-12-29T03:01:45.232-0500][gc,stringtable ] GC(24165) Cleaned string and symbol table, strings: 33323 processed, 4 removed, symbols: 120973 processed, 0 removed
[2020-12-29T03:01:45.232-0500][gc,phases      ] GC(24165) Phase 1: Mark live objects 39.795ms
[2020-12-29T03:01:45.232-0500][gc,phases,start] GC(24165) Phase 2: Prepare for compaction
[2020-12-29T03:01:45.237-0500][gc,phases      ] GC(24165) Phase 2: Prepare for compaction 5.409ms
[2020-12-29T03:01:45.237-0500][gc,phases,start] GC(24165) Phase 3: Adjust pointers
[2020-12-29T03:01:45.248-0500][gc,phases      ] GC(24165) Phase 3: Adjust pointers 10.321ms
[2020-12-29T03:01:45.248-0500][gc,phases,start] GC(24165) Phase 4: Compact heap
[2020-12-29T03:01:45.251-0500][gc,phases      ] GC(24165) Phase 4: Compact heap 2.694ms
[2020-12-29T03:01:45.255-0500][gc,heap        ] GC(24165) Eden regions: 2->0(12)
[2020-12-29T03:01:45.255-0500][gc,heap        ] GC(24165) Survivor regions: 1->0(2)
[2020-12-29T03:01:45.255-0500][gc,heap        ] GC(24165) Old regions: 42->41
[2020-12-29T03:01:45.255-0500][gc,heap        ] GC(24165) Humongous regions: 4->4
[2020-12-29T03:01:45.255-0500][gc,metaspace   ] GC(24165) Metaspace: 50336K->50336K(1093632K)
[2020-12-29T03:01:45.255-0500][gc,heap        ] GC(24165) Heap after GC invocations=24166 (full 5598): garbage-first heap   total 66560K, used 43336K [0x0000000083000000, 0x0000000100000000)
[2020-12-29T03:01:45.255-0500][gc,heap        ] GC(24165)   region size 1024K, 0 young (0K), 0 survivors (0K)
[2020-12-29T03:01:45.255-0500][gc,heap        ] GC(24165)  Metaspace       used 50336K, capacity 52472K, committed 53888K, reserved 1093632K
[2020-12-29T03:01:45.255-0500][gc,heap        ] GC(24165)   class space    used 7457K, capacity 8250K, committed 8832K, reserved 1048576K
[2020-12-29T03:01:45.255-0500][gc             ] GC(24165) Pause Full (System.gc()) 43M->42M(65M) 63.524ms
[2020-12-29T03:01:45.255-0500][gc,cpu         ] GC(24165) User=0.27s Sys=0.00s Real=0.06s
[2020-12-29T03:04:43.564-0500][gc,heap        ] GC(24166) Heap before GC invocations=24166 (full 5598): garbage-first heap   total 66560K, used 55624K [0x0000000083000000, 0x0000000100000000)
[2020-12-29T03:04:43.564-0500][gc,heap        ] GC(24166)   region size 1024K, 12 young (12288K), 0 survivors (0K)
[2020-12-29T03:04:43.564-0500][gc,heap        ] GC(24166)  Metaspace       used 50336K, capacity 52472K, committed 53888K, reserved 1093632K
[2020-12-29T03:04:43.564-0500][gc,heap        ] GC(24166)   class space    used 7457K, capacity 8250K, committed 8832K, reserved 1048576K
[2020-12-29T03:04:43.564-0500][gc,start       ] GC(24166) Pause Young (Concurrent Start) (G1 Evacuation Pause)
[2020-12-29T03:04:43.564-0500][gc,task        ] GC(24166) Using 8 workers of 8 for evacuation
[2020-12-29T03:04:43.570-0500][gc,phases      ] GC(24166)   Pre Evacuate Collection Set: 0.5ms
[2020-12-29T03:04:43.570-0500][gc,phases      ] GC(24166)   Evacuate Collection Set: 2.5ms
[2020-12-29T03:04:43.570-0500][gc,phases      ] GC(24166)   Post Evacuate Collection Set: 1.9ms
[2020-12-29T03:04:43.570-0500][gc,phases      ] GC(24166)   Other: 0.6ms
[2020-12-29T03:04:43.570-0500][gc,heap        ] GC(24166) Eden regions: 12->0(11)
[2020-12-29T03:04:43.570-0500][gc,heap        ] GC(24166) Survivor regions: 0->1(2)
[2020-12-29T03:04:43.570-0500][gc,heap        ] GC(24166) Old regions: 41->41
[2020-12-29T03:04:43.570-0500][gc,heap        ] GC(24166) Humongous regions: 4->4
[2020-12-29T03:04:43.570-0500][gc,metaspace   ] GC(24166) Metaspace: 50336K->50336K(1093632K)
[2020-12-29T03:04:43.570-0500][gc,heap        ] GC(24166) Heap after GC invocations=24167 (full 5598): garbage-first heap   total 66560K, used 43426K [0x0000000083000000, 0x0000000100000000)
[2020-12-29T03:04:43.570-0500][gc,heap        ] GC(24166)   region size 1024K, 1 young (1024K), 1 survivors (1024K)
[2020-12-29T03:04:43.570-0500][gc,heap        ] GC(24166)  Metaspace       used 50336K, capacity 52472K, committed 53888K, reserved 1093632K
[2020-12-29T03:04:43.570-0500][gc,heap        ] GC(24166)   class space    used 7457K, capacity 8250K, committed 8832K, reserved 1048576K
[2020-12-29T03:04:43.570-0500][gc             ] GC(24166) Pause Young (Concurrent Start) (G1 Evacuation Pause) 54M->42M(65M) 5.538ms
[2020-12-29T03:04:43.570-0500][gc,cpu         ] GC(24166) User=0.02s Sys=0.00s Real=0.01s
[2020-12-29T03:04:43.570-0500][gc             ] GC(24167) Concurrent Cycle
[2020-12-29T03:04:43.570-0500][gc,marking     ] GC(24167) Concurrent Clear Claimed Marks
[2020-12-29T03:04:43.570-0500][gc,marking     ] GC(24167) Concurrent Clear Claimed Marks 0.103ms
[2020-12-29T03:04:43.570-0500][gc,marking     ] GC(24167) Concurrent Scan Root Regions
[2020-12-29T03:04:43.572-0500][gc,marking     ] GC(24167) Concurrent Scan Root Regions 1.804ms
[2020-12-29T03:04:43.572-0500][gc,marking     ] GC(24167) Concurrent Mark (1679280.959s)
[2020-12-29T03:04:43.572-0500][gc,marking     ] GC(24167) Concurrent Mark From Roots
[2020-12-29T03:04:43.572-0500][gc,task        ] GC(24167) Using 2 workers of 2 for marking
[2020-12-29T03:04:43.618-0500][gc,marking     ] GC(24167) Concurrent Mark From Roots 45.475ms
[2020-12-29T03:04:43.618-0500][gc,marking     ] GC(24167) Concurrent Preclean
[2020-12-29T03:04:43.618-0500][gc,marking     ] GC(24167) Concurrent Preclean 0.149ms
[2020-12-29T03:04:43.618-0500][gc,marking     ] GC(24167) Concurrent Mark (1679280.959s, 1679281.005s) 45.706ms
[2020-12-29T03:04:43.618-0500][gc,start       ] GC(24167) Pause Remark
[2020-12-29T03:04:43.622-0500][gc,stringtable ] GC(24167) Cleaned string and symbol table, strings: 33323 processed, 0 removed, symbols: 120973 processed, 0 removed
[2020-12-29T03:04:43.623-0500][gc             ] GC(24167) Pause Remark 42M->42M(65M) 4.687ms
[2020-12-29T03:04:43.623-0500][gc,cpu         ] GC(24167) User=0.03s Sys=0.00s Real=0.00s
[2020-12-29T03:04:43.623-0500][gc,marking     ] GC(24167) Concurrent Rebuild Remembered Sets
[2020-12-29T03:04:43.644-0500][gc,marking     ] GC(24167) Concurrent Rebuild Remembered Sets 21.327ms
[2020-12-29T03:04:43.645-0500][gc,start       ] GC(24167) Pause Cleanup
[2020-12-29T03:04:43.645-0500][gc             ] GC(24167) Pause Cleanup 42M->42M(65M) 0.257ms
[2020-12-29T03:04:43.645-0500][gc,cpu         ] GC(24167) User=0.00s Sys=0.00s Real=0.00s
[2020-12-29T03:04:43.645-0500][gc,marking     ] GC(24167) Concurrent Cleanup for Next Mark
[2020-12-29T03:04:43.645-0500][gc,marking     ] GC(24167) Concurrent Cleanup for Next Mark 0.309ms
[2020-12-29T03:04:43.645-0500][gc             ] GC(24167) Concurrent Cycle 75.356ms
[2020-12-29T03:06:45.190-0500][gc,task        ] GC(24168) Using 5 workers of 8 for full compaction
[2020-12-29T03:06:45.191-0500][gc,start       ] GC(24168) Pause Full (System.gc())
[2020-12-29T03:06:45.191-0500][gc,heap        ] GC(24168) Heap before GC invocations=24168 (full 5598): garbage-first heap   total 66560K, used 50594K [0x0000000083000000, 0x0000000100000000)
[2020-12-29T03:06:45.191-0500][gc,heap        ] GC(24168)   region size 1024K, 9 young (9216K), 1 survivors (1024K)
[2020-12-29T03:06:45.191-0500][gc,heap        ] GC(24168)  Metaspace       used 50336K, capacity 52472K, committed 53888K, reserved 1093632K
[2020-12-29T03:06:45.191-0500][gc,heap        ] GC(24168)   class space    used 7457K, capacity 8250K, committed 8832K, reserved 1048576K
[2020-12-29T03:06:45.191-0500][gc,phases,start] GC(24168) Phase 1: Mark live objects
[2020-12-29T03:06:45.235-0500][gc,stringtable ] GC(24168) Cleaned string and symbol table, strings: 33323 processed, 4 removed, symbols: 120973 processed, 0 removed
[2020-12-29T03:06:45.235-0500][gc,phases      ] GC(24168) Phase 1: Mark live objects 43.380ms
[2020-12-29T03:06:45.235-0500][gc,phases,start] GC(24168) Phase 2: Prepare for compaction
[2020-12-29T03:06:45.241-0500][gc,phases      ] GC(24168) Phase 2: Prepare for compaction 6.159ms
[2020-12-29T03:06:45.241-0500][gc,phases,start] GC(24168) Phase 3: Adjust pointers
[2020-12-29T03:06:45.252-0500][gc,phases      ] GC(24168) Phase 3: Adjust pointers 11.244ms
[2020-12-29T03:06:45.252-0500][gc,phases,start] GC(24168) Phase 4: Compact heap
[2020-12-29T03:06:45.256-0500][gc,phases      ] GC(24168) Phase 4: Compact heap 3.155ms
[2020-12-29T03:06:45.260-0500][gc,heap        ] GC(24168) Eden regions: 8->0(11)
[2020-12-29T03:06:45.260-0500][gc,heap        ] GC(24168) Survivor regions: 1->0(2)
[2020-12-29T03:06:45.260-0500][gc,heap        ] GC(24168) Old regions: 41->42
[2020-12-29T03:06:45.260-0500][gc,heap        ] GC(24168) Humongous regions: 4->4
[2020-12-29T03:06:45.260-0500][gc,metaspace   ] GC(24168) Metaspace: 50336K->50336K(1093632K)
[2020-12-29T03:06:45.260-0500][gc,heap        ] GC(24168) Heap after GC invocations=24169 (full 5599): garbage-first heap   total 66560K, used 43362K [0x0000000083000000, 0x0000000100000000)
[2020-12-29T03:06:45.260-0500][gc,heap        ] GC(24168)   region size 1024K, 0 young (0K), 0 survivors (0K)
[2020-12-29T03:06:45.260-0500][gc,heap        ] GC(24168)  Metaspace       used 50336K, capacity 52472K, committed 53888K, reserved 1093632K
[2020-12-29T03:06:45.260-0500][gc,heap        ] GC(24168)   class space    used 7457K, capacity 8250K, committed 8832K, reserved 1048576K
[2020-12-29T03:06:45.260-0500][gc             ] GC(24168) Pause Full (System.gc()) 50M->42M(65M) 69.157ms
[2020-12-29T03:06:45.260-0500][gc,cpu         ] GC(24168) User=0.30s Sys=0.00s Real=0.07s
[2020-12-29T03:09:21.798-0500][gc,heap        ] GC(24169) Heap before GC invocations=24169 (full 5599): garbage-first heap   total 66560K, used 53602K [0x0000000083000000, 0x0000000100000000)
[2020-12-29T03:09:21.798-0500][gc,heap        ] GC(24169)   region size 1024K, 11 young (11264K), 0 survivors (0K)
[2020-12-29T03:09:21.798-0500][gc,heap        ] GC(24169)  Metaspace       used 50336K, capacity 52472K, committed 53888K, reserved 1093632K
[2020-12-29T03:09:21.798-0500][gc,heap        ] GC(24169)   class space    used 7457K, capacity 8250K, committed 8832K, reserved 1048576K
[2020-12-29T03:09:21.798-0500][gc,start       ] GC(24169) Pause Young (Concurrent Start) (G1 Evacuation Pause)
[2020-12-29T03:09:21.798-0500][gc,task        ] GC(24169) Using 8 workers of 8 for evacuation
[2020-12-29T03:09:21.803-0500][gc,phases      ] GC(24169)   Pre Evacuate Collection Set: 0.4ms
[2020-12-29T03:09:21.803-0500][gc,phases      ] GC(24169)   Evacuate Collection Set: 1.4ms
[2020-12-29T03:09:21.803-0500][gc,phases      ] GC(24169)   Post Evacuate Collection Set: 3.1ms
[2020-12-29T03:09:21.803-0500][gc,phases      ] GC(24169)   Other: 0.3ms
[2020-12-29T03:09:21.803-0500][gc,heap        ] GC(24169) Eden regions: 11->0(10)
[2020-12-29T03:09:21.803-0500][gc,heap        ] GC(24169) Survivor regions: 0->1(2)
[2020-12-29T03:09:21.803-0500][gc,heap        ] GC(24169) Old regions: 42->42
[2020-12-29T03:09:21.803-0500][gc,heap        ] GC(24169) Humongous regions: 4->4
[2020-12-29T03:09:21.803-0500][gc,metaspace   ] GC(24169) Metaspace: 50336K->50336K(1093632K)
[2020-12-29T03:09:21.803-0500][gc,heap        ] GC(24169) Heap after GC invocations=24170 (full 5599): garbage-first heap   total 66560K, used 43434K [0x0000000083000000, 0x0000000100000000)
[2020-12-29T03:09:21.803-0500][gc,heap        ] GC(24169)   region size 1024K, 1 young (1024K), 1 survivors (1024K)
[2020-12-29T03:09:21.803-0500][gc,heap        ] GC(24169)  Metaspace       used 50336K, capacity 52472K, committed 53888K, reserved 1093632K
[2020-12-29T03:09:21.803-0500][gc,heap        ] GC(24169)   class space    used 7457K, capacity 8250K, committed 8832K, reserved 1048576K
[2020-12-29T03:09:21.803-0500][gc             ] GC(24169) Pause Young (Concurrent Start) (G1 Evacuation Pause) 53M->42M(65M) 5.241ms
[2020-12-29T03:09:21.803-0500][gc,cpu         ] GC(24169) User=0.02s Sys=0.00s Real=0.00s
[2020-12-29T03:09:21.803-0500][gc             ] GC(24170) Concurrent Cycle
[2020-12-29T03:09:21.804-0500][gc,marking     ] GC(24170) Concurrent Clear Claimed Marks
[2020-12-29T03:09:21.804-0500][gc,marking     ] GC(24170) Concurrent Clear Claimed Marks 0.176ms
[2020-12-29T03:09:21.804-0500][gc,marking     ] GC(24170) Concurrent Scan Root Regions
[2020-12-29T03:09:21.805-0500][gc,marking     ] GC(24170) Concurrent Scan Root Regions 0.884ms
[2020-12-29T03:09:21.805-0500][gc,marking     ] GC(24170) Concurrent Mark (1679559.192s)
[2020-12-29T03:09:21.805-0500][gc,marking     ] GC(24170) Concurrent Mark From Roots
[2020-12-29T03:09:21.805-0500][gc,task        ] GC(24170) Using 2 workers of 2 for marking
[2020-12-29T03:09:21.848-0500][gc,marking     ] GC(24170) Concurrent Mark From Roots 43.078ms
[2020-12-29T03:09:21.848-0500][gc,marking     ] GC(24170) Concurrent Preclean
[2020-12-29T03:09:21.848-0500][gc,marking     ] GC(24170) Concurrent Preclean 0.164ms
[2020-12-29T03:09:21.848-0500][gc,marking     ] GC(24170) Concurrent Mark (1679559.192s, 1679559.235s) 43.323ms
[2020-12-29T03:09:21.848-0500][gc,start       ] GC(24170) Pause Remark
[2020-12-29T03:09:21.858-0500][gc,stringtable ] GC(24170) Cleaned string and symbol table, strings: 33323 processed, 0 removed, symbols: 120973 processed, 0 removed
[2020-12-29T03:09:21.859-0500][gc             ] GC(24170) Pause Remark 42M->42M(65M) 10.503ms
[2020-12-29T03:09:21.859-0500][gc,cpu         ] GC(24170) User=0.06s Sys=0.00s Real=0.01s
[2020-12-29T03:09:21.859-0500][gc,marking     ] GC(24170) Concurrent Rebuild Remembered Sets
[2020-12-29T03:09:21.878-0500][gc,marking     ] GC(24170) Concurrent Rebuild Remembered Sets 19.385ms
[2020-12-29T03:09:21.879-0500][gc,start       ] GC(24170) Pause Cleanup
[2020-12-29T03:09:21.879-0500][gc             ] GC(24170) Pause Cleanup 42M->42M(65M) 0.189ms
[2020-12-29T03:09:21.879-0500][gc,cpu         ] GC(24170) User=0.00s Sys=0.00s Real=0.00s
[2020-12-29T03:09:21.879-0500][gc,marking     ] GC(24170) Concurrent Cleanup for Next Mark
[2020-12-29T03:09:21.879-0500][gc,marking     ] GC(24170) Concurrent Cleanup for Next Mark 0.233ms
[2020-12-29T03:09:21.879-0500][gc             ] GC(24170) Concurrent Cycle 75.907ms
[2020-12-29T03:11:45.190-0500][gc,task        ] GC(24171) Using 5 workers of 8 for full compaction
[2020-12-29T03:11:45.190-0500][gc,start       ] GC(24171) Pause Full (System.gc())
[2020-12-29T03:11:45.190-0500][gc,heap        ] GC(24171) Heap before GC invocations=24171 (full 5599): garbage-first heap   total 66560K, used 51626K [0x0000000083000000, 0x0000000100000000)
[2020-12-29T03:11:45.190-0500][gc,heap        ] GC(24171)   region size 1024K, 11 young (11264K), 1 survivors (1024K)
[2020-12-29T03:11:45.190-0500][gc,heap        ] GC(24171)  Metaspace       used 50336K, capacity 52472K, committed 53888K, reserved 1093632K
[2020-12-29T03:11:45.190-0500][gc,heap        ] GC(24171)   class space    used 7457K, capacity 8250K, committed 8832K, reserved 1048576K
[2020-12-29T03:11:45.191-0500][gc,phases,start] GC(24171) Phase 1: Mark live objects
[2020-12-29T03:11:45.231-0500][gc,stringtable ] GC(24171) Cleaned string and symbol table, strings: 33323 processed, 4 removed, symbols: 120973 processed, 0 removed
[2020-12-29T03:11:45.231-0500][gc,phases      ] GC(24171) Phase 1: Mark live objects 40.285ms
[2020-12-29T03:11:45.231-0500][gc,phases,start] GC(24171) Phase 2: Prepare for compaction
[2020-12-29T03:11:45.235-0500][gc,phases      ] GC(24171) Phase 2: Prepare for compaction 4.197ms
[2020-12-29T03:11:45.235-0500][gc,phases,start] GC(24171) Phase 3: Adjust pointers
[2020-12-29T03:11:45.248-0500][gc,phases      ] GC(24171) Phase 3: Adjust pointers 12.461ms
[2020-12-29T03:11:45.248-0500][gc,phases,start] GC(24171) Phase 4: Compact heap
[2020-12-29T03:11:45.252-0500][gc,phases      ] GC(24171) Phase 4: Compact heap 3.790ms
[2020-12-29T03:11:45.256-0500][gc,heap        ] GC(24171) Eden regions: 10->0(12)
[2020-12-29T03:11:45.256-0500][gc,heap        ] GC(24171) Survivor regions: 1->0(2)
[2020-12-29T03:11:45.256-0500][gc,heap        ] GC(24171) Old regions: 42->41
[2020-12-29T03:11:45.256-0500][gc,heap        ] GC(24171) Humongous regions: 4->4
[2020-12-29T03:11:45.256-0500][gc,metaspace   ] GC(24171) Metaspace: 50336K->50336K(1093632K)
[2020-12-29T03:11:45.256-0500][gc,heap        ] GC(24171) Heap after GC invocations=24172 (full 5600): garbage-first heap   total 66560K, used 43372K [0x0000000083000000, 0x0000000100000000)
[2020-12-29T03:11:45.256-0500][gc,heap        ] GC(24171)   region size 1024K, 0 young (0K), 0 survivors (0K)
[2020-12-29T03:11:45.256-0500][gc,heap        ] GC(24171)  Metaspace       used 50336K, capacity 52472K, committed 53888K, reserved 1093632K
[2020-12-29T03:11:45.256-0500][gc,heap        ] GC(24171)   class space    used 7457K, capacity 8250K, committed 8832K, reserved 1048576K
[2020-12-29T03:11:45.256-0500][gc             ] GC(24171) Pause Full (System.gc()) 51M->42M(65M) 66.089ms
[2020-12-29T03:11:45.256-0500][gc,cpu         ] GC(24171) User=0.29s Sys=0.00s Real=0.06s
[2020-12-29T03:14:49.059-0500][gc,heap        ] GC(24172) Heap before GC invocations=24172 (full 5600): garbage-first heap   total 66560K, used 55660K [0x0000000083000000, 0x0000000100000000)
[2020-12-29T03:14:49.059-0500][gc,heap        ] GC(24172)   region size 1024K, 12 young (12288K), 0 survivors (0K)
[2020-12-29T03:14:49.059-0500][gc,heap        ] GC(24172)  Metaspace       used 50336K, capacity 52472K, committed 53888K, reserved 1093632K
[2020-12-29T03:14:49.059-0500][gc,heap        ] GC(24172)   class space    used 7457K, capacity 8250K, committed 8832K, reserved 1048576K
[2020-12-29T03:14:49.059-0500][gc,start       ] GC(24172) Pause Young (Concurrent Start) (G1 Evacuation Pause)
[2020-12-29T03:14:49.059-0500][gc,task        ] GC(24172) Using 8 workers of 8 for evacuation
[2020-12-29T03:14:49.066-0500][gc,phases      ] GC(24172)   Pre Evacuate Collection Set: 0.7ms
[2020-12-29T03:14:49.066-0500][gc,phases      ] GC(24172)   Evacuate Collection Set: 2.7ms
[2020-12-29T03:14:49.066-0500][gc,phases      ] GC(24172)   Post Evacuate Collection Set: 2.7ms
[2020-12-29T03:14:49.066-0500][gc,phases      ] GC(24172)   Other: 0.5ms
[2020-12-29T03:14:49.066-0500][gc,heap        ] GC(24172) Eden regions: 12->0(11)
[2020-12-29T03:14:49.066-0500][gc,heap        ] GC(24172) Survivor regions: 0->1(2)
[2020-12-29T03:14:49.066-0500][gc,heap        ] GC(24172) Old regions: 41->41
[2020-12-29T03:14:49.066-0500][gc,heap        ] GC(24172) Humongous regions: 4->4
[2020-12-29T03:14:49.066-0500][gc,metaspace   ] GC(24172) Metaspace: 50336K->50336K(1093632K)
[2020-12-29T03:14:49.066-0500][gc,heap        ] GC(24172) Heap after GC invocations=24173 (full 5600): garbage-first heap   total 66560K, used 43470K [0x0000000083000000, 0x0000000100000000)
[2020-12-29T03:14:49.066-0500][gc,heap        ] GC(24172)   region size 1024K, 1 young (1024K), 1 survivors (1024K)
[2020-12-29T03:14:49.066-0500][gc,heap        ] GC(24172)  Metaspace       used 50336K, capacity 52472K, committed 53888K, reserved 1093632K
[2020-12-29T03:14:49.066-0500][gc,heap        ] GC(24172)   class space    used 7457K, capacity 8250K, committed 8832K, reserved 1048576K
[2020-12-29T03:14:49.066-0500][gc             ] GC(24172) Pause Young (Concurrent Start) (G1 Evacuation Pause) 54M->42M(65M) 6.671ms
[2020-12-29T03:14:49.066-0500][gc,cpu         ] GC(24172) User=0.02s Sys=0.01s Real=0.00s
[2020-12-29T03:14:49.066-0500][gc             ] GC(24173) Concurrent Cycle
[2020-12-29T03:14:49.067-0500][gc,marking     ] GC(24173) Concurrent Clear Claimed Marks
[2020-12-29T03:14:49.067-0500][gc,marking     ] GC(24173) Concurrent Clear Claimed Marks 0.220ms
[2020-12-29T03:14:49.067-0500][gc,marking     ] GC(24173) Concurrent Scan Root Regions
[2020-12-29T03:14:49.068-0500][gc,marking     ] GC(24173) Concurrent Scan Root Regions 1.352ms
[2020-12-29T03:14:49.068-0500][gc,marking     ] GC(24173) Concurrent Mark (1679886.455s)
[2020-12-29T03:14:49.068-0500][gc,marking     ] GC(24173) Concurrent Mark From Roots
[2020-12-29T03:14:49.068-0500][gc,task        ] GC(24173) Using 2 workers of 2 for marking
[2020-12-29T03:14:49.125-0500][gc,marking     ] GC(24173) Concurrent Mark From Roots 57.030ms
[2020-12-29T03:14:49.125-0500][gc,marking     ] GC(24173) Concurrent Preclean
[2020-12-29T03:14:49.126-0500][gc,marking     ] GC(24173) Concurrent Preclean 0.152ms
[2020-12-29T03:14:49.126-0500][gc,marking     ] GC(24173) Concurrent Mark (1679886.455s, 1679886.513s) 57.270ms
[2020-12-29T03:14:49.126-0500][gc,start       ] GC(24173) Pause Remark
[2020-12-29T03:14:49.133-0500][gc,stringtable ] GC(24173) Cleaned string and symbol table, strings: 33323 processed, 0 removed, symbols: 120973 processed, 0 removed
[2020-12-29T03:14:49.134-0500][gc             ] GC(24173) Pause Remark 42M->42M(65M) 7.877ms
[2020-12-29T03:14:49.134-0500][gc,cpu         ] GC(24173) User=0.03s Sys=0.00s Real=0.01s
[2020-12-29T03:14:49.134-0500][gc,marking     ] GC(24173) Concurrent Rebuild Remembered Sets
[2020-12-29T03:14:49.155-0500][gc,marking     ] GC(24173) Concurrent Rebuild Remembered Sets 20.886ms
[2020-12-29T03:14:49.155-0500][gc,start       ] GC(24173) Pause Cleanup
[2020-12-29T03:14:49.155-0500][gc             ] GC(24173) Pause Cleanup 42M->42M(65M) 0.220ms
[2020-12-29T03:14:49.156-0500][gc,cpu         ] GC(24173) User=0.00s Sys=0.00s Real=0.00s
[2020-12-29T03:14:49.156-0500][gc,marking     ] GC(24173) Concurrent Cleanup for Next Mark
[2020-12-29T03:14:49.156-0500][gc,marking     ] GC(24173) Concurrent Cleanup for Next Mark 0.274ms
[2020-12-29T03:14:49.156-0500][gc             ] GC(24173) Concurrent Cycle 89.660ms
[2020-12-29T03:16:45.190-0500][gc,task        ] GC(24174) Using 5 workers of 8 for full compaction
[2020-12-29T03:16:45.190-0500][gc,start       ] GC(24174) Pause Full (System.gc())
[2020-12-29T03:16:45.190-0500][gc,heap        ] GC(24174) Heap before GC invocations=24174 (full 5600): garbage-first heap   total 66560K, used 50638K [0x0000000083000000, 0x0000000100000000)
[2020-12-29T03:16:45.190-0500][gc,heap        ] GC(24174)   region size 1024K, 9 young (9216K), 1 survivors (1024K)
[2020-12-29T03:16:45.191-0500][gc,heap        ] GC(24174)  Metaspace       used 50336K, capacity 52472K, committed 53888K, reserved 1093632K
[2020-12-29T03:16:45.191-0500][gc,heap        ] GC(24174)   class space    used 7457K, capacity 8250K, committed 8832K, reserved 1048576K
[2020-12-29T03:16:45.191-0500][gc,phases,start] GC(24174) Phase 1: Mark live objects
[2020-12-29T03:16:45.230-0500][gc,stringtable ] GC(24174) Cleaned string and symbol table, strings: 33323 processed, 4 removed, symbols: 120973 processed, 0 removed
[2020-12-29T03:16:45.231-0500][gc,phases      ] GC(24174) Phase 1: Mark live objects 39.233ms
[2020-12-29T03:16:45.231-0500][gc,phases,start] GC(24174) Phase 2: Prepare for compaction
[2020-12-29T03:16:45.235-0500][gc,phases      ] GC(24174) Phase 2: Prepare for compaction 4.172ms
[2020-12-29T03:16:45.235-0500][gc,phases,start] GC(24174) Phase 3: Adjust pointers
[2020-12-29T03:16:45.247-0500][gc,phases      ] GC(24174) Phase 3: Adjust pointers 12.033ms
[2020-12-29T03:16:45.247-0500][gc,phases,start] GC(24174) Phase 4: Compact heap
[2020-12-29T03:16:45.250-0500][gc,phases      ] GC(24174) Phase 4: Compact heap 2.687ms
[2020-12-29T03:16:45.254-0500][gc,heap        ] GC(24174) Eden regions: 8->0(10)
[2020-12-29T03:16:45.254-0500][gc,heap        ] GC(24174) Survivor regions: 1->0(2)
[2020-12-29T03:16:45.254-0500][gc,heap        ] GC(24174) Old regions: 41->43
[2020-12-29T03:16:45.254-0500][gc,heap        ] GC(24174) Humongous regions: 4->4
[2020-12-29T03:16:45.254-0500][gc,metaspace   ] GC(24174) Metaspace: 50336K->50336K(1093632K)
[2020-12-29T03:16:45.254-0500][gc,heap        ] GC(24174) Heap after GC invocations=24175 (full 5601): garbage-first heap   total 66560K, used 43362K [0x0000000083000000, 0x0000000100000000)
[2020-12-29T03:16:45.254-0500][gc,heap        ] GC(24174)   region size 1024K, 0 young (0K), 0 survivors (0K)
[2020-12-29T03:16:45.254-0500][gc,heap        ] GC(24174)  Metaspace       used 50336K, capacity 52472K, committed 53888K, reserved 1093632K
[2020-12-29T03:16:45.254-0500][gc,heap        ] GC(24174)   class space    used 7457K, capacity 8250K, committed 8832K, reserved 1048576K
[2020-12-29T03:16:45.254-0500][gc             ] GC(24174) Pause Full (System.gc()) 50M->42M(65M) 63.375ms
[2020-12-29T03:16:45.254-0500][gc,cpu         ] GC(24174) User=0.28s Sys=0.00s Real=0.06s
[2020-12-29T03:19:11.499-0500][gc,heap        ] GC(24175) Heap before GC invocations=24175 (full 5601): garbage-first heap   total 66560K, used 53602K [0x0000000083000000, 0x0000000100000000)
[2020-12-29T03:19:11.499-0500][gc,heap        ] GC(24175)   region size 1024K, 10 young (10240K), 0 survivors (0K)
[2020-12-29T03:19:11.499-0500][gc,heap        ] GC(24175)  Metaspace       used 50336K, capacity 52472K, committed 53888K, reserved 1093632K
[2020-12-29T03:19:11.499-0500][gc,heap        ] GC(24175)   class space    used 7457K, capacity 8250K, committed 8832K, reserved 1048576K
[2020-12-29T03:19:11.499-0500][gc,start       ] GC(24175) Pause Young (Concurrent Start) (G1 Evacuation Pause)
[2020-12-29T03:19:11.499-0500][gc,task        ] GC(24175) Using 8 workers of 8 for evacuation
[2020-12-29T03:19:11.506-0500][gc,phases      ] GC(24175)   Pre Evacuate Collection Set: 0.7ms
[2020-12-29T03:19:11.506-0500][gc,phases      ] GC(24175)   Evacuate Collection Set: 3.1ms
[2020-12-29T03:19:11.506-0500][gc,phases      ] GC(24175)   Post Evacuate Collection Set: 2.7ms
[2020-12-29T03:19:11.506-0500][gc,phases      ] GC(24175)   Other: 0.6ms
[2020-12-29T03:19:11.506-0500][gc,heap        ] GC(24175) Eden regions: 10->0(9)
[2020-12-29T03:19:11.506-0500][gc,heap        ] GC(24175) Survivor regions: 0->1(2)
[2020-12-29T03:19:11.506-0500][gc,heap        ] GC(24175) Old regions: 43->43
[2020-12-29T03:19:11.506-0500][gc,heap        ] GC(24175) Humongous regions: 4->4
[2020-12-29T03:19:11.506-0500][gc,metaspace   ] GC(24175) Metaspace: 50336K->50336K(1093632K)
[2020-12-29T03:19:11.506-0500][gc,heap        ] GC(24175) Heap after GC invocations=24176 (full 5601): garbage-first heap   total 66560K, used 43428K [0x0000000083000000, 0x0000000100000000)
[2020-12-29T03:19:11.506-0500][gc,heap        ] GC(24175)   region size 1024K, 1 young (1024K), 1 survivors (1024K)
[2020-12-29T03:19:11.506-0500][gc,heap        ] GC(24175)  Metaspace       used 50336K, capacity 52472K, committed 53888K, reserved 1093632K
[2020-12-29T03:19:11.506-0500][gc,heap        ] GC(24175)   class space    used 7457K, capacity 8250K, committed 8832K, reserved 1048576K
[2020-12-29T03:19:11.506-0500][gc             ] GC(24175) Pause Young (Concurrent Start) (G1 Evacuation Pause) 52M->42M(65M) 7.192ms
[2020-12-29T03:19:11.506-0500][gc,cpu         ] GC(24175) User=0.02s Sys=0.00s Real=0.00s
[2020-12-29T03:19:11.507-0500][gc             ] GC(24176) Concurrent Cycle
[2020-12-29T03:19:11.507-0500][gc,marking     ] GC(24176) Concurrent Clear Claimed Marks
[2020-12-29T03:19:11.507-0500][gc,marking     ] GC(24176) Concurrent Clear Claimed Marks 0.181ms
[2020-12-29T03:19:11.507-0500][gc,marking     ] GC(24176) Concurrent Scan Root Regions
[2020-12-29T03:19:11.509-0500][gc,marking     ] GC(24176) Concurrent Scan Root Regions 1.606ms
[2020-12-29T03:19:11.509-0500][gc,marking     ] GC(24176) Concurrent Mark (1680148.896s)
[2020-12-29T03:19:11.509-0500][gc,marking     ] GC(24176) Concurrent Mark From Roots
[2020-12-29T03:19:11.509-0500][gc,task        ] GC(24176) Using 2 workers of 2 for marking
[2020-12-29T03:19:11.569-0500][gc,marking     ] GC(24176) Concurrent Mark From Roots 60.657ms
[2020-12-29T03:19:11.570-0500][gc,marking     ] GC(24176) Concurrent Preclean
[2020-12-29T03:19:11.570-0500][gc,marking     ] GC(24176) Concurrent Preclean 0.151ms
[2020-12-29T03:19:11.570-0500][gc,marking     ] GC(24176) Concurrent Mark (1680148.896s, 1680148.957s) 60.931ms
[2020-12-29T03:19:11.570-0500][gc,start       ] GC(24176) Pause Remark
[2020-12-29T03:19:11.574-0500][gc,stringtable ] GC(24176) Cleaned string and symbol table, strings: 33323 processed, 0 removed, symbols: 120973 processed, 0 removed
[2020-12-29T03:19:11.574-0500][gc             ] GC(24176) Pause Remark 42M->42M(65M) 4.248ms
[2020-12-29T03:19:11.574-0500][gc,cpu         ] GC(24176) User=0.02s Sys=0.00s Real=0.00s
[2020-12-29T03:19:11.574-0500][gc,marking     ] GC(24176) Concurrent Rebuild Remembered Sets
[2020-12-29T03:19:11.592-0500][gc,marking     ] GC(24176) Concurrent Rebuild Remembered Sets 17.793ms
[2020-12-29T03:19:11.593-0500][gc,start       ] GC(24176) Pause Cleanup
[2020-12-29T03:19:11.593-0500][gc             ] GC(24176) Pause Cleanup 42M->42M(65M) 0.261ms
[2020-12-29T03:19:11.593-0500][gc,cpu         ] GC(24176) User=0.00s Sys=0.00s Real=0.00s
[2020-12-29T03:19:11.593-0500][gc,marking     ] GC(24176) Concurrent Cleanup for Next Mark
[2020-12-29T03:19:11.593-0500][gc,marking     ] GC(24176) Concurrent Cleanup for Next Mark 0.318ms
[2020-12-29T03:19:11.594-0500][gc             ] GC(24176) Concurrent Cycle 86.849ms
[2020-12-29T03:21:29.059-0500][gc,heap        ] GC(24177) Heap before GC invocations=24177 (full 5601): garbage-first heap   total 66560K, used 52624K [0x0000000083000000, 0x0000000100000000)
[2020-12-29T03:21:29.059-0500][gc,heap        ] GC(24177)   region size 1024K, 10 young (10240K), 1 survivors (1024K)
[2020-12-29T03:21:29.059-0500][gc,heap        ] GC(24177)  Metaspace       used 50336K, capacity 52472K, committed 53888K, reserved 1093632K
[2020-12-29T03:21:29.059-0500][gc,heap        ] GC(24177)   class space    used 7457K, capacity 8250K, committed 8832K, reserved 1048576K
[2020-12-29T03:21:29.059-0500][gc,start       ] GC(24177) Pause Young (Normal) (G1 Evacuation Pause)
[2020-12-29T03:21:29.059-0500][gc,task        ] GC(24177) Using 8 workers of 8 for evacuation
[2020-12-29T03:21:29.065-0500][gc,phases      ] GC(24177)   Pre Evacuate Collection Set: 0.1ms
[2020-12-29T03:21:29.065-0500][gc,phases      ] GC(24177)   Evacuate Collection Set: 2.4ms
[2020-12-29T03:21:29.065-0500][gc,phases      ] GC(24177)   Post Evacuate Collection Set: 3.0ms
[2020-12-29T03:21:29.065-0500][gc,phases      ] GC(24177)   Other: 0.8ms
[2020-12-29T03:21:29.065-0500][gc,heap        ] GC(24177) Eden regions: 9->0(11)
[2020-12-29T03:21:29.065-0500][gc,heap        ] GC(24177) Survivor regions: 1->1(2)
[2020-12-29T03:21:29.065-0500][gc,heap        ] GC(24177) Old regions: 41->41
[2020-12-29T03:21:29.065-0500][gc,heap        ] GC(24177) Humongous regions: 4->4
[2020-12-29T03:21:29.065-0500][gc,metaspace   ] GC(24177) Metaspace: 50336K->50336K(1093632K)
[2020-12-29T03:21:29.065-0500][gc,heap        ] GC(24177) Heap after GC invocations=24178 (full 5601): garbage-first heap   total 66560K, used 43409K [0x0000000083000000, 0x0000000100000000)
[2020-12-29T03:21:29.065-0500][gc,heap        ] GC(24177)   region size 1024K, 1 young (1024K), 1 survivors (1024K)
[2020-12-29T03:21:29.065-0500][gc,heap        ] GC(24177)  Metaspace       used 50336K, capacity 52472K, committed 53888K, reserved 1093632K
[2020-12-29T03:21:29.065-0500][gc,heap        ] GC(24177)   class space    used 7457K, capacity 8250K, committed 8832K, reserved 1048576K
[2020-12-29T03:21:29.065-0500][gc             ] GC(24177) Pause Young (Normal) (G1 Evacuation Pause) 51M->42M(65M) 6.271ms
[2020-12-29T03:21:29.066-0500][gc,cpu         ] GC(24177) User=0.01s Sys=0.01s Real=0.00s
[2020-12-29T03:21:45.192-0500][gc,task        ] GC(24178) Using 5 workers of 8 for full compaction
[2020-12-29T03:21:45.193-0500][gc,start       ] GC(24178) Pause Full (System.gc())
[2020-12-29T03:21:45.193-0500][gc,heap        ] GC(24178) Heap before GC invocations=24178 (full 5601): garbage-first heap   total 66560K, used 44433K [0x0000000083000000, 0x0000000100000000)
[2020-12-29T03:21:45.193-0500][gc,heap        ] GC(24178)   region size 1024K, 3 young (3072K), 1 survivors (1024K)
[2020-12-29T03:21:45.193-0500][gc,heap        ] GC(24178)  Metaspace       used 50336K, capacity 52472K, committed 53888K, reserved 1093632K
[2020-12-29T03:21:45.193-0500][gc,heap        ] GC(24178)   class space    used 7457K, capacity 8250K, committed 8832K, reserved 1048576K
[2020-12-29T03:21:45.193-0500][gc,phases,start] GC(24178) Phase 1: Mark live objects
[2020-12-29T03:21:45.227-0500][gc,stringtable ] GC(24178) Cleaned string and symbol table, strings: 33323 processed, 4 removed, symbols: 120973 processed, 0 removed
[2020-12-29T03:21:45.227-0500][gc,phases      ] GC(24178) Phase 1: Mark live objects 34.377ms
[2020-12-29T03:21:45.227-0500][gc,phases,start] GC(24178) Phase 2: Prepare for compaction
[2020-12-29T03:21:45.231-0500][gc,phases      ] GC(24178) Phase 2: Prepare for compaction 3.762ms
[2020-12-29T03:21:45.231-0500][gc,phases,start] GC(24178) Phase 3: Adjust pointers
[2020-12-29T03:21:45.241-0500][gc,phases      ] GC(24178) Phase 3: Adjust pointers 9.971ms
[2020-12-29T03:21:45.241-0500][gc,phases,start] GC(24178) Phase 4: Compact heap
[2020-12-29T03:21:45.244-0500][gc,phases      ] GC(24178) Phase 4: Compact heap 2.529ms
[2020-12-29T03:21:45.248-0500][gc,heap        ] GC(24178) Eden regions: 2->0(12)
[2020-12-29T03:21:45.248-0500][gc,heap        ] GC(24178) Survivor regions: 1->0(2)
[2020-12-29T03:21:45.248-0500][gc,heap        ] GC(24178) Old regions: 41->41
[2020-12-29T03:21:45.248-0500][gc,heap        ] GC(24178) Humongous regions: 4->4
[2020-12-29T03:21:45.248-0500][gc,metaspace   ] GC(24178) Metaspace: 50336K->50336K(1093632K)
[2020-12-29T03:21:45.248-0500][gc,heap        ] GC(24178) Heap after GC invocations=24179 (full 5602): garbage-first heap   total 66560K, used 43330K [0x0000000083000000, 0x0000000100000000)
[2020-12-29T03:21:45.248-0500][gc,heap        ] GC(24178)   region size 1024K, 0 young (0K), 0 survivors (0K)
[2020-12-29T03:21:45.248-0500][gc,heap        ] GC(24178)  Metaspace       used 50336K, capacity 52472K, committed 53888K, reserved 1093632K
[2020-12-29T03:21:45.248-0500][gc,heap        ] GC(24178)   class space    used 7457K, capacity 8250K, committed 8832K, reserved 1048576K
[2020-12-29T03:21:45.248-0500][gc             ] GC(24178) Pause Full (System.gc()) 43M->42M(65M) 55.548ms
[2020-12-29T03:21:45.248-0500][gc,cpu         ] GC(24178) User=0.23s Sys=0.00s Real=0.06s
[2020-12-29T03:24:47.655-0500][gc,heap        ] GC(24179) Heap before GC invocations=24179 (full 5602): garbage-first heap   total 66560K, used 54594K [0x0000000083000000, 0x0000000100000000)
[2020-12-29T03:24:47.655-0500][gc,heap        ] GC(24179)   region size 1024K, 12 young (12288K), 0 survivors (0K)
[2020-12-29T03:24:47.655-0500][gc,heap        ] GC(24179)  Metaspace       used 50336K, capacity 52472K, committed 53888K, reserved 1093632K
[2020-12-29T03:24:47.655-0500][gc,heap        ] GC(24179)   class space    used 7457K, capacity 8250K, committed 8832K, reserved 1048576K
[2020-12-29T03:24:47.656-0500][gc,start       ] GC(24179) Pause Young (Concurrent Start) (G1 Evacuation Pause)
[2020-12-29T03:24:47.656-0500][gc,task        ] GC(24179) Using 8 workers of 8 for evacuation
[2020-12-29T03:24:47.663-0500][gc,phases      ] GC(24179)   Pre Evacuate Collection Set: 0.5ms
[2020-12-29T03:24:47.663-0500][gc,phases      ] GC(24179)   Evacuate Collection Set: 3.5ms
[2020-12-29T03:24:47.663-0500][gc,phases      ] GC(24179)   Post Evacuate Collection Set: 2.8ms
[2020-12-29T03:24:47.663-0500][gc,phases      ] GC(24179)   Other: 0.8ms
[2020-12-29T03:24:47.663-0500][gc,heap        ] GC(24179) Eden regions: 12->0(11)
[2020-12-29T03:24:47.663-0500][gc,heap        ] GC(24179) Survivor regions: 0->1(2)
[2020-12-29T03:24:47.663-0500][gc,heap        ] GC(24179) Old regions: 41->41
[2020-12-29T03:24:47.663-0500][gc,heap        ] GC(24179) Humongous regions: 4->4
[2020-12-29T03:24:47.663-0500][gc,metaspace   ] GC(24179) Metaspace: 50336K->50336K(1093632K)
[2020-12-29T03:24:47.663-0500][gc,heap        ] GC(24179) Heap after GC invocations=24180 (full 5602): garbage-first heap   total 66560K, used 43400K [0x0000000083000000, 0x0000000100000000)
[2020-12-29T03:24:47.663-0500][gc,heap        ] GC(24179)   region size 1024K, 1 young (1024K), 1 survivors (1024K)
[2020-12-29T03:24:47.663-0500][gc,heap        ] GC(24179)  Metaspace       used 50336K, capacity 52472K, committed 53888K, reserved 1093632K
[2020-12-29T03:24:47.663-0500][gc,heap        ] GC(24179)   class space    used 7457K, capacity 8250K, committed 8832K, reserved 1048576K
[2020-12-29T03:24:47.663-0500][gc             ] GC(24179) Pause Young (Concurrent Start) (G1 Evacuation Pause) 54M->42M(65M) 7.669ms
[2020-12-29T03:24:47.663-0500][gc,cpu         ] GC(24179) User=0.02s Sys=0.00s Real=0.01s
[2020-12-29T03:24:47.664-0500][gc             ] GC(24180) Concurrent Cycle
[2020-12-29T03:24:47.664-0500][gc,marking     ] GC(24180) Concurrent Clear Claimed Marks
[2020-12-29T03:24:47.664-0500][gc,marking     ] GC(24180) Concurrent Clear Claimed Marks 0.175ms
[2020-12-29T03:24:47.664-0500][gc,marking     ] GC(24180) Concurrent Scan Root Regions
[2020-12-29T03:24:47.666-0500][gc,marking     ] GC(24180) Concurrent Scan Root Regions 2.287ms
[2020-12-29T03:24:47.666-0500][gc,marking     ] GC(24180) Concurrent Mark (1680485.053s)
[2020-12-29T03:24:47.666-0500][gc,marking     ] GC(24180) Concurrent Mark From Roots
[2020-12-29T03:24:47.666-0500][gc,task        ] GC(24180) Using 2 workers of 2 for marking
[2020-12-29T03:24:47.726-0500][gc,marking     ] GC(24180) Concurrent Mark From Roots 59.171ms
[2020-12-29T03:24:47.726-0500][gc,marking     ] GC(24180) Concurrent Preclean
[2020-12-29T03:24:47.726-0500][gc,marking     ] GC(24180) Concurrent Preclean 0.149ms
[2020-12-29T03:24:47.726-0500][gc,marking     ] GC(24180) Concurrent Mark (1680485.053s, 1680485.113s) 59.416ms
[2020-12-29T03:24:47.726-0500][gc,start       ] GC(24180) Pause Remark
[2020-12-29T03:24:47.730-0500][gc,stringtable ] GC(24180) Cleaned string and symbol table, strings: 33323 processed, 0 removed, symbols: 120973 processed, 0 removed
[2020-12-29T03:24:47.731-0500][gc             ] GC(24180) Pause Remark 42M->42M(65M) 4.669ms
[2020-12-29T03:24:47.731-0500][gc,cpu         ] GC(24180) User=0.02s Sys=0.00s Real=0.01s
[2020-12-29T03:24:47.731-0500][gc,marking     ] GC(24180) Concurrent Rebuild Remembered Sets
[2020-12-29T03:24:47.757-0500][gc,marking     ] GC(24180) Concurrent Rebuild Remembered Sets 25.891ms
[2020-12-29T03:24:47.757-0500][gc,start       ] GC(24180) Pause Cleanup
[2020-12-29T03:24:47.757-0500][gc             ] GC(24180) Pause Cleanup 42M->42M(65M) 0.221ms
[2020-12-29T03:24:47.757-0500][gc,cpu         ] GC(24180) User=0.00s Sys=0.00s Real=0.00s
[2020-12-29T03:24:47.757-0500][gc,marking     ] GC(24180) Concurrent Cleanup for Next Mark
[2020-12-29T03:24:47.758-0500][gc,marking     ] GC(24180) Concurrent Cleanup for Next Mark 0.238ms
[2020-12-29T03:24:47.758-0500][gc             ] GC(24180) Concurrent Cycle 94.077ms
[2020-12-29T03:26:45.191-0500][gc,task        ] GC(24181) Using 5 workers of 8 for full compaction
[2020-12-29T03:26:45.192-0500][gc,start       ] GC(24181) Pause Full (System.gc())
[2020-12-29T03:26:45.192-0500][gc,heap        ] GC(24181) Heap before GC invocations=24181 (full 5602): garbage-first heap   total 66560K, used 49544K [0x0000000083000000, 0x0000000100000000)
[2020-12-29T03:26:45.192-0500][gc,heap        ] GC(24181)   region size 1024K, 9 young (9216K), 1 survivors (1024K)
[2020-12-29T03:26:45.192-0500][gc,heap        ] GC(24181)  Metaspace       used 50336K, capacity 52472K, committed 53888K, reserved 1093632K
[2020-12-29T03:26:45.192-0500][gc,heap        ] GC(24181)   class space    used 7457K, capacity 8250K, committed 8832K, reserved 1048576K
[2020-12-29T03:26:45.192-0500][gc,phases,start] GC(24181) Phase 1: Mark live objects
[2020-12-29T03:26:45.232-0500][gc,stringtable ] GC(24181) Cleaned string and symbol table, strings: 33323 processed, 4 removed, symbols: 120973 processed, 0 removed
[2020-12-29T03:26:45.232-0500][gc,phases      ] GC(24181) Phase 1: Mark live objects 39.461ms
[2020-12-29T03:26:45.232-0500][gc,phases,start] GC(24181) Phase 2: Prepare for compaction
[2020-12-29T03:26:45.236-0500][gc,phases      ] GC(24181) Phase 2: Prepare for compaction 3.780ms
[2020-12-29T03:26:45.236-0500][gc,phases,start] GC(24181) Phase 3: Adjust pointers
[2020-12-29T03:26:45.245-0500][gc,phases      ] GC(24181) Phase 3: Adjust pointers 9.515ms
[2020-12-29T03:26:45.245-0500][gc,phases,start] GC(24181) Phase 4: Compact heap
[2020-12-29T03:26:45.248-0500][gc,phases      ] GC(24181) Phase 4: Compact heap 2.578ms
[2020-12-29T03:26:45.252-0500][gc,heap        ] GC(24181) Eden regions: 8->0(11)
[2020-12-29T03:26:45.252-0500][gc,heap        ] GC(24181) Survivor regions: 1->0(2)
[2020-12-29T03:26:45.252-0500][gc,heap        ] GC(24181) Old regions: 41->42
[2020-12-29T03:26:45.252-0500][gc,heap        ] GC(24181) Humongous regions: 4->4
[2020-12-29T03:26:45.252-0500][gc,metaspace   ] GC(24181) Metaspace: 50336K->50336K(1093632K)
[2020-12-29T03:26:45.252-0500][gc,heap        ] GC(24181) Heap after GC invocations=24182 (full 5603): garbage-first heap   total 66560K, used 43361K [0x0000000083000000, 0x0000000100000000)
[2020-12-29T03:26:45.252-0500][gc,heap        ] GC(24181)   region size 1024K, 0 young (0K), 0 survivors (0K)
[2020-12-29T03:26:45.252-0500][gc,heap        ] GC(24181)  Metaspace       used 50336K, capacity 52472K, committed 53888K, reserved 1093632K
[2020-12-29T03:26:45.252-0500][gc,heap        ] GC(24181)   class space    used 7457K, capacity 8250K, committed 8832K, reserved 1048576K
[2020-12-29T03:26:45.252-0500][gc             ] GC(24181) Pause Full (System.gc()) 50M->42M(65M) 60.674ms
[2020-12-29T03:26:45.252-0500][gc,cpu         ] GC(24181) User=0.27s Sys=0.00s Real=0.06s
[2020-12-29T03:29:29.064-0500][gc,heap        ] GC(24182) Heap before GC invocations=24182 (full 5603): garbage-first heap   total 66560K, used 53601K [0x0000000083000000, 0x0000000100000000)
[2020-12-29T03:29:29.064-0500][gc,heap        ] GC(24182)   region size 1024K, 11 young (11264K), 0 survivors (0K)
[2020-12-29T03:29:29.064-0500][gc,heap        ] GC(24182)  Metaspace       used 50336K, capacity 52472K, committed 53888K, reserved 1093632K
[2020-12-29T03:29:29.064-0500][gc,heap        ] GC(24182)   class space    used 7457K, capacity 8250K, committed 8832K, reserved 1048576K
[2020-12-29T03:29:29.064-0500][gc,start       ] GC(24182) Pause Young (Concurrent Start) (G1 Evacuation Pause)
[2020-12-29T03:29:29.064-0500][gc,task        ] GC(24182) Using 8 workers of 8 for evacuation
[2020-12-29T03:29:29.068-0500][gc,phases      ] GC(24182)   Pre Evacuate Collection Set: 0.2ms
[2020-12-29T03:29:29.068-0500][gc,phases      ] GC(24182)   Evacuate Collection Set: 1.4ms
[2020-12-29T03:29:29.068-0500][gc,phases      ] GC(24182)   Post Evacuate Collection Set: 2.8ms
[2020-12-29T03:29:29.068-0500][gc,phases      ] GC(24182)   Other: 0.3ms
[2020-12-29T03:29:29.068-0500][gc,heap        ] GC(24182) Eden regions: 11->0(10)
[2020-12-29T03:29:29.068-0500][gc,heap        ] GC(24182) Survivor regions: 0->1(2)
[2020-12-29T03:29:29.068-0500][gc,heap        ] GC(24182) Old regions: 42->42
[2020-12-29T03:29:29.068-0500][gc,heap        ] GC(24182) Humongous regions: 4->4
[2020-12-29T03:29:29.068-0500][gc,metaspace   ] GC(24182) Metaspace: 50336K->50336K(1093632K)
[2020-12-29T03:29:29.068-0500][gc,heap        ] GC(24182) Heap after GC invocations=24183 (full 5603): garbage-first heap   total 66560K, used 43424K [0x0000000083000000, 0x0000000100000000)
[2020-12-29T03:29:29.068-0500][gc,heap        ] GC(24182)   region size 1024K, 1 young (1024K), 1 survivors (1024K)
[2020-12-29T03:29:29.068-0500][gc,heap        ] GC(24182)  Metaspace       used 50336K, capacity 52472K, committed 53888K, reserved 1093632K
[2020-12-29T03:29:29.068-0500][gc,heap        ] GC(24182)   class space    used 7457K, capacity 8250K, committed 8832K, reserved 1048576K
[2020-12-29T03:29:29.068-0500][gc             ] GC(24182) Pause Young (Concurrent Start) (G1 Evacuation Pause) 53M->42M(65M) 4.805ms
[2020-12-29T03:29:29.068-0500][gc,cpu         ] GC(24182) User=0.01s Sys=0.01s Real=0.01s
[2020-12-29T03:29:29.069-0500][gc             ] GC(24183) Concurrent Cycle
[2020-12-29T03:29:29.069-0500][gc,marking     ] GC(24183) Concurrent Clear Claimed Marks
[2020-12-29T03:29:29.069-0500][gc,marking     ] GC(24183) Concurrent Clear Claimed Marks 0.073ms
[2020-12-29T03:29:29.069-0500][gc,marking     ] GC(24183) Concurrent Scan Root Regions
[2020-12-29T03:29:29.074-0500][gc,marking     ] GC(24183) Concurrent Scan Root Regions 5.002ms
[2020-12-29T03:29:29.074-0500][gc,marking     ] GC(24183) Concurrent Mark (1680766.461s)
[2020-12-29T03:29:29.074-0500][gc,marking     ] GC(24183) Concurrent Mark From Roots
[2020-12-29T03:29:29.074-0500][gc,task        ] GC(24183) Using 2 workers of 2 for marking
[2020-12-29T03:29:29.115-0500][gc,marking     ] GC(24183) Concurrent Mark From Roots 40.777ms
[2020-12-29T03:29:29.115-0500][gc,marking     ] GC(24183) Concurrent Preclean
[2020-12-29T03:29:29.115-0500][gc,marking     ] GC(24183) Concurrent Preclean 0.192ms
[2020-12-29T03:29:29.115-0500][gc,marking     ] GC(24183) Concurrent Mark (1680766.461s, 1680766.502s) 41.051ms
[2020-12-29T03:29:29.115-0500][gc,start       ] GC(24183) Pause Remark
[2020-12-29T03:29:29.122-0500][gc,stringtable ] GC(24183) Cleaned string and symbol table, strings: 33323 processed, 0 removed, symbols: 120973 processed, 0 removed
[2020-12-29T03:29:29.123-0500][gc             ] GC(24183) Pause Remark 42M->42M(65M) 7.762ms
[2020-12-29T03:29:29.123-0500][gc,cpu         ] GC(24183) User=0.02s Sys=0.00s Real=0.01s
[2020-12-29T03:29:29.123-0500][gc,marking     ] GC(24183) Concurrent Rebuild Remembered Sets
[2020-12-29T03:29:29.148-0500][gc,marking     ] GC(24183) Concurrent Rebuild Remembered Sets 24.708ms
[2020-12-29T03:29:29.148-0500][gc,start       ] GC(24183) Pause Cleanup
[2020-12-29T03:29:29.148-0500][gc             ] GC(24183) Pause Cleanup 42M->42M(65M) 0.184ms
[2020-12-29T03:29:29.148-0500][gc,cpu         ] GC(24183) User=0.00s Sys=0.00s Real=0.00s
[2020-12-29T03:29:29.148-0500][gc,marking     ] GC(24183) Concurrent Cleanup for Next Mark
[2020-12-29T03:29:29.149-0500][gc,marking     ] GC(24183) Concurrent Cleanup for Next Mark 0.330ms
[2020-12-29T03:29:29.149-0500][gc             ] GC(24183) Concurrent Cycle 80.233ms
[2020-12-29T03:31:45.190-0500][gc,task        ] GC(24184) Using 5 workers of 8 for full compaction
[2020-12-29T03:31:45.190-0500][gc,start       ] GC(24184) Pause Full (System.gc())
[2020-12-29T03:31:45.190-0500][gc,heap        ] GC(24184) Heap before GC invocations=24184 (full 5603): garbage-first heap   total 66560K, used 51613K [0x0000000083000000, 0x0000000100000000)
[2020-12-29T03:31:45.190-0500][gc,heap        ] GC(24184)   region size 1024K, 10 young (10240K), 1 survivors (1024K)
[2020-12-29T03:31:45.190-0500][gc,heap        ] GC(24184)  Metaspace       used 50336K, capacity 52472K, committed 53888K, reserved 1093632K
[2020-12-29T03:31:45.190-0500][gc,heap        ] GC(24184)   class space    used 7457K, capacity 8250K, committed 8832K, reserved 1048576K
[2020-12-29T03:31:45.192-0500][gc,phases,start] GC(24184) Phase 1: Mark live objects
[2020-12-29T03:31:45.232-0500][gc,stringtable ] GC(24184) Cleaned string and symbol table, strings: 33323 processed, 4 removed, symbols: 120973 processed, 0 removed
[2020-12-29T03:31:45.232-0500][gc,phases      ] GC(24184) Phase 1: Mark live objects 40.905ms
[2020-12-29T03:31:45.233-0500][gc,phases,start] GC(24184) Phase 2: Prepare for compaction
[2020-12-29T03:31:45.236-0500][gc,phases      ] GC(24184) Phase 2: Prepare for compaction 3.654ms
[2020-12-29T03:31:45.236-0500][gc,phases,start] GC(24184) Phase 3: Adjust pointers
[2020-12-29T03:31:45.246-0500][gc,phases      ] GC(24184) Phase 3: Adjust pointers 10.039ms
[2020-12-29T03:31:45.246-0500][gc,phases,start] GC(24184) Phase 4: Compact heap
[2020-12-29T03:31:45.249-0500][gc,phases      ] GC(24184) Phase 4: Compact heap 2.589ms
[2020-12-29T03:31:45.253-0500][gc,heap        ] GC(24184) Eden regions: 9->0(12)
[2020-12-29T03:31:45.253-0500][gc,heap        ] GC(24184) Survivor regions: 1->0(2)
[2020-12-29T03:31:45.253-0500][gc,heap        ] GC(24184) Old regions: 41->41
[2020-12-29T03:31:45.253-0500][gc,heap        ] GC(24184) Humongous regions: 4->4
[2020-12-29T03:31:45.253-0500][gc,metaspace   ] GC(24184) Metaspace: 50336K->50336K(1093632K)
[2020-12-29T03:31:45.253-0500][gc,heap        ] GC(24184) Heap after GC invocations=24185 (full 5604): garbage-first heap   total 66560K, used 43373K [0x0000000083000000, 0x0000000100000000)
[2020-12-29T03:31:45.253-0500][gc,heap        ] GC(24184)   region size 1024K, 0 young (0K), 0 survivors (0K)
[2020-12-29T03:31:45.253-0500][gc,heap        ] GC(24184)  Metaspace       used 50336K, capacity 52472K, committed 53888K, reserved 1093632K
[2020-12-29T03:31:45.253-0500][gc,heap        ] GC(24184)   class space    used 7457K, capacity 8250K, committed 8832K, reserved 1048576K
[2020-12-29T03:31:45.254-0500][gc             ] GC(24184) Pause Full (System.gc()) 51M->42M(65M) 63.252ms
[2020-12-29T03:31:45.254-0500][gc,cpu         ] GC(24184) User=0.28s Sys=0.00s Real=0.06s
[2020-12-29T03:34:48.956-0500][gc,heap        ] GC(24185) Heap before GC invocations=24185 (full 5604): garbage-first heap   total 66560K, used 54637K [0x0000000083000000, 0x0000000100000000)
[2020-12-29T03:34:48.956-0500][gc,heap        ] GC(24185)   region size 1024K, 12 young (12288K), 0 survivors (0K)
[2020-12-29T03:34:48.956-0500][gc,heap        ] GC(24185)  Metaspace       used 50336K, capacity 52472K, committed 53888K, reserved 1093632K
[2020-12-29T03:34:48.956-0500][gc,heap        ] GC(24185)   class space    used 7457K, capacity 8250K, committed 8832K, reserved 1048576K
[2020-12-29T03:34:48.957-0500][gc,start       ] GC(24185) Pause Young (Concurrent Start) (G1 Evacuation Pause)
[2020-12-29T03:34:48.957-0500][gc,task        ] GC(24185) Using 8 workers of 8 for evacuation
[2020-12-29T03:34:48.965-0500][gc,phases      ] GC(24185)   Pre Evacuate Collection Set: 0.5ms
[2020-12-29T03:34:48.965-0500][gc,phases      ] GC(24185)   Evacuate Collection Set: 4.3ms
[2020-12-29T03:34:48.965-0500][gc,phases      ] GC(24185)   Post Evacuate Collection Set: 2.6ms
[2020-12-29T03:34:48.965-0500][gc,phases      ] GC(24185)   Other: 0.8ms
[2020-12-29T03:34:48.965-0500][gc,heap        ] GC(24185) Eden regions: 12->0(11)
[2020-12-29T03:34:48.965-0500][gc,heap        ] GC(24185) Survivor regions: 0->1(2)
[2020-12-29T03:34:48.965-0500][gc,heap        ] GC(24185) Old regions: 41->41
[2020-12-29T03:34:48.965-0500][gc,heap        ] GC(24185) Humongous regions: 4->4
[2020-12-29T03:34:48.965-0500][gc,metaspace   ] GC(24185) Metaspace: 50336K->50336K(1093632K)
[2020-12-29T03:34:48.965-0500][gc,heap        ] GC(24185) Heap after GC invocations=24186 (full 5604): garbage-first heap   total 66560K, used 43441K [0x0000000083000000, 0x0000000100000000)
[2020-12-29T03:34:48.965-0500][gc,heap        ] GC(24185)   region size 1024K, 1 young (1024K), 1 survivors (1024K)
[2020-12-29T03:34:48.965-0500][gc,heap        ] GC(24185)  Metaspace       used 50336K, capacity 52472K, committed 53888K, reserved 1093632K
[2020-12-29T03:34:48.965-0500][gc,heap        ] GC(24185)   class space    used 7457K, capacity 8250K, committed 8832K, reserved 1048576K
[2020-12-29T03:34:48.965-0500][gc             ] GC(24185) Pause Young (Concurrent Start) (G1 Evacuation Pause) 54M->42M(65M) 8.546ms
[2020-12-29T03:34:48.965-0500][gc,cpu         ] GC(24185) User=0.02s Sys=0.01s Real=0.01s
[2020-12-29T03:34:48.965-0500][gc             ] GC(24186) Concurrent Cycle
[2020-12-29T03:34:48.965-0500][gc,marking     ] GC(24186) Concurrent Clear Claimed Marks
[2020-12-29T03:34:48.966-0500][gc,marking     ] GC(24186) Concurrent Clear Claimed Marks 0.143ms
[2020-12-29T03:34:48.966-0500][gc,marking     ] GC(24186) Concurrent Scan Root Regions
[2020-12-29T03:34:48.968-0500][gc,marking     ] GC(24186) Concurrent Scan Root Regions 2.174ms
[2020-12-29T03:34:48.968-0500][gc,marking     ] GC(24186) Concurrent Mark (1681086.355s)
[2020-12-29T03:34:48.968-0500][gc,marking     ] GC(24186) Concurrent Mark From Roots
[2020-12-29T03:34:48.968-0500][gc,task        ] GC(24186) Using 2 workers of 2 for marking
[2020-12-29T03:34:49.042-0500][gc,marking     ] GC(24186) Concurrent Mark From Roots 73.806ms
[2020-12-29T03:34:49.042-0500][gc,marking     ] GC(24186) Concurrent Preclean
[2020-12-29T03:34:49.042-0500][gc,marking     ] GC(24186) Concurrent Preclean 0.152ms
[2020-12-29T03:34:49.042-0500][gc,marking     ] GC(24186) Concurrent Mark (1681086.355s, 1681086.429s) 74.054ms
[2020-12-29T03:34:49.042-0500][gc,start       ] GC(24186) Pause Remark
[2020-12-29T03:34:49.046-0500][gc,stringtable ] GC(24186) Cleaned string and symbol table, strings: 33323 processed, 0 removed, symbols: 120973 processed, 0 removed
[2020-12-29T03:34:49.046-0500][gc             ] GC(24186) Pause Remark 42M->42M(65M) 3.968ms
[2020-12-29T03:34:49.046-0500][gc,cpu         ] GC(24186) User=0.02s Sys=0.00s Real=0.00s
[2020-12-29T03:34:49.046-0500][gc,marking     ] GC(24186) Concurrent Rebuild Remembered Sets
[2020-12-29T03:34:49.066-0500][gc,marking     ] GC(24186) Concurrent Rebuild Remembered Sets 19.737ms
[2020-12-29T03:34:49.066-0500][gc,start       ] GC(24186) Pause Cleanup
[2020-12-29T03:34:49.067-0500][gc             ] GC(24186) Pause Cleanup 42M->42M(65M) 0.220ms
[2020-12-29T03:34:49.067-0500][gc,cpu         ] GC(24186) User=0.00s Sys=0.00s Real=0.00s
[2020-12-29T03:34:49.067-0500][gc,marking     ] GC(24186) Concurrent Cleanup for Next Mark
[2020-12-29T03:34:49.067-0500][gc,marking     ] GC(24186) Concurrent Cleanup for Next Mark 0.220ms
[2020-12-29T03:34:49.067-0500][gc             ] GC(24186) Concurrent Cycle 101.658ms
[2020-12-29T03:36:45.189-0500][gc,task        ] GC(24187) Using 5 workers of 8 for full compaction
[2020-12-29T03:36:45.190-0500][gc,start       ] GC(24187) Pause Full (System.gc())
[2020-12-29T03:36:45.190-0500][gc,heap        ] GC(24187) Heap before GC invocations=24187 (full 5604): garbage-first heap   total 66560K, used 50609K [0x0000000083000000, 0x0000000100000000)
[2020-12-29T03:36:45.190-0500][gc,heap        ] GC(24187)   region size 1024K, 10 young (10240K), 1 survivors (1024K)
[2020-12-29T03:36:45.190-0500][gc,heap        ] GC(24187)  Metaspace       used 50336K, capacity 52472K, committed 53888K, reserved 1093632K
[2020-12-29T03:36:45.190-0500][gc,heap        ] GC(24187)   class space    used 7457K, capacity 8250K, committed 8832K, reserved 1048576K
[2020-12-29T03:36:45.190-0500][gc,phases,start] GC(24187) Phase 1: Mark live objects
[2020-12-29T03:36:45.226-0500][gc,stringtable ] GC(24187) Cleaned string and symbol table, strings: 33323 processed, 4 removed, symbols: 120973 processed, 0 removed
[2020-12-29T03:36:45.226-0500][gc,phases      ] GC(24187) Phase 1: Mark live objects 35.913ms
[2020-12-29T03:36:45.226-0500][gc,phases,start] GC(24187) Phase 2: Prepare for compaction
[2020-12-29T03:36:45.231-0500][gc,phases      ] GC(24187) Phase 2: Prepare for compaction 5.245ms
[2020-12-29T03:36:45.231-0500][gc,phases,start] GC(24187) Phase 3: Adjust pointers
[2020-12-29T03:36:45.243-0500][gc,phases      ] GC(24187) Phase 3: Adjust pointers 12.098ms
[2020-12-29T03:36:45.243-0500][gc,phases,start] GC(24187) Phase 4: Compact heap
[2020-12-29T03:36:45.246-0500][gc,phases      ] GC(24187) Phase 4: Compact heap 2.913ms
[2020-12-29T03:36:45.251-0500][gc,heap        ] GC(24187) Eden regions: 9->0(11)
[2020-12-29T03:36:45.251-0500][gc,heap        ] GC(24187) Survivor regions: 1->0(2)
[2020-12-29T03:36:45.251-0500][gc,heap        ] GC(24187) Old regions: 41->42
[2020-12-29T03:36:45.251-0500][gc,heap        ] GC(24187) Humongous regions: 4->4
[2020-12-29T03:36:45.251-0500][gc,metaspace   ] GC(24187) Metaspace: 50336K->50336K(1093632K)
[2020-12-29T03:36:45.251-0500][gc,heap        ] GC(24187) Heap after GC invocations=24188 (full 5605): garbage-first heap   total 66560K, used 43373K [0x0000000083000000, 0x0000000100000000)
[2020-12-29T03:36:45.251-0500][gc,heap        ] GC(24187)   region size 1024K, 0 young (0K), 0 survivors (0K)
[2020-12-29T03:36:45.251-0500][gc,heap        ] GC(24187)  Metaspace       used 50336K, capacity 52472K, committed 53888K, reserved 1093632K
[2020-12-29T03:36:45.251-0500][gc,heap        ] GC(24187)   class space    used 7457K, capacity 8250K, committed 8832K, reserved 1048576K
[2020-12-29T03:36:45.251-0500][gc             ] GC(24187) Pause Full (System.gc()) 50M->42M(65M) 61.324ms
[2020-12-29T03:36:45.251-0500][gc,cpu         ] GC(24187) User=0.26s Sys=0.00s Real=0.06s
[2020-12-29T03:39:19.218-0500][gc,heap        ] GC(24188) Heap before GC invocations=24188 (full 5605): garbage-first heap   total 66560K, used 53613K [0x0000000083000000, 0x0000000100000000)
[2020-12-29T03:39:19.219-0500][gc,heap        ] GC(24188)   region size 1024K, 11 young (11264K), 0 survivors (0K)
[2020-12-29T03:39:19.219-0500][gc,heap        ] GC(24188)  Metaspace       used 50336K, capacity 52472K, committed 53888K, reserved 1093632K
[2020-12-29T03:39:19.219-0500][gc,heap        ] GC(24188)   class space    used 7457K, capacity 8250K, committed 8832K, reserved 1048576K
[2020-12-29T03:39:19.219-0500][gc,start       ] GC(24188) Pause Young (Concurrent Start) (G1 Evacuation Pause)
[2020-12-29T03:39:19.219-0500][gc,task        ] GC(24188) Using 8 workers of 8 for evacuation
[2020-12-29T03:39:19.226-0500][gc,phases      ] GC(24188)   Pre Evacuate Collection Set: 0.5ms
[2020-12-29T03:39:19.226-0500][gc,phases      ] GC(24188)   Evacuate Collection Set: 3.7ms
[2020-12-29T03:39:19.226-0500][gc,phases      ] GC(24188)   Post Evacuate Collection Set: 2.7ms
[2020-12-29T03:39:19.227-0500][gc,phases      ] GC(24188)   Other: 1.0ms
[2020-12-29T03:39:19.227-0500][gc,heap        ] GC(24188) Eden regions: 11->0(10)
[2020-12-29T03:39:19.227-0500][gc,heap        ] GC(24188) Survivor regions: 0->1(2)
[2020-12-29T03:39:19.227-0500][gc,heap        ] GC(24188) Old regions: 42->42
[2020-12-29T03:39:19.227-0500][gc,heap        ] GC(24188) Humongous regions: 4->4
[2020-12-29T03:39:19.227-0500][gc,metaspace   ] GC(24188) Metaspace: 50336K->50336K(1093632K)
[2020-12-29T03:39:19.227-0500][gc,heap        ] GC(24188) Heap after GC invocations=24189 (full 5605): garbage-first heap   total 66560K, used 43454K [0x0000000083000000, 0x0000000100000000)
[2020-12-29T03:39:19.227-0500][gc,heap        ] GC(24188)   region size 1024K, 1 young (1024K), 1 survivors (1024K)
[2020-12-29T03:39:19.227-0500][gc,heap        ] GC(24188)  Metaspace       used 50336K, capacity 52472K, committed 53888K, reserved 1093632K
[2020-12-29T03:39:19.227-0500][gc,heap        ] GC(24188)   class space    used 7457K, capacity 8250K, committed 8832K, reserved 1048576K
[2020-12-29T03:39:19.227-0500][gc             ] GC(24188) Pause Young (Concurrent Start) (G1 Evacuation Pause) 53M->42M(65M) 7.990ms
[2020-12-29T03:39:19.227-0500][gc,cpu         ] GC(24188) User=0.01s Sys=0.01s Real=0.00s
[2020-12-29T03:39:19.227-0500][gc             ] GC(24189) Concurrent Cycle
[2020-12-29T03:39:19.227-0500][gc,marking     ] GC(24189) Concurrent Clear Claimed Marks
[2020-12-29T03:39:19.228-0500][gc,marking     ] GC(24189) Concurrent Clear Claimed Marks 0.239ms
[2020-12-29T03:39:19.228-0500][gc,marking     ] GC(24189) Concurrent Scan Root Regions
[2020-12-29T03:39:19.229-0500][gc,marking     ] GC(24189) Concurrent Scan Root Regions 1.450ms
[2020-12-29T03:39:19.229-0500][gc,marking     ] GC(24189) Concurrent Mark (1681356.616s)
[2020-12-29T03:39:19.229-0500][gc,marking     ] GC(24189) Concurrent Mark From Roots
[2020-12-29T03:39:19.229-0500][gc,task        ] GC(24189) Using 2 workers of 2 for marking
[2020-12-29T03:39:19.295-0500][gc,marking     ] GC(24189) Concurrent Mark From Roots 65.427ms
[2020-12-29T03:39:19.295-0500][gc,marking     ] GC(24189) Concurrent Preclean
[2020-12-29T03:39:19.295-0500][gc,marking     ] GC(24189) Concurrent Preclean 0.159ms
[2020-12-29T03:39:19.295-0500][gc,marking     ] GC(24189) Concurrent Mark (1681356.616s, 1681356.682s) 65.747ms
[2020-12-29T03:39:19.295-0500][gc,start       ] GC(24189) Pause Remark
[2020-12-29T03:39:19.301-0500][gc,stringtable ] GC(24189) Cleaned string and symbol table, strings: 33323 processed, 0 removed, symbols: 120973 processed, 0 removed
[2020-12-29T03:39:19.301-0500][gc             ] GC(24189) Pause Remark 42M->42M(65M) 6.027ms
[2020-12-29T03:39:19.301-0500][gc,cpu         ] GC(24189) User=0.02s Sys=0.00s Real=0.01s
[2020-12-29T03:39:19.302-0500][gc,marking     ] GC(24189) Concurrent Rebuild Remembered Sets
[2020-12-29T03:39:19.323-0500][gc,marking     ] GC(24189) Concurrent Rebuild Remembered Sets 21.746ms
[2020-12-29T03:39:19.324-0500][gc,start       ] GC(24189) Pause Cleanup
[2020-12-29T03:39:19.324-0500][gc             ] GC(24189) Pause Cleanup 42M->42M(65M) 0.182ms
[2020-12-29T03:39:19.324-0500][gc,cpu         ] GC(24189) User=0.00s Sys=0.00s Real=0.00s
[2020-12-29T03:39:19.324-0500][gc,marking     ] GC(24189) Concurrent Cleanup for Next Mark
[2020-12-29T03:39:19.324-0500][gc,marking     ] GC(24189) Concurrent Cleanup for Next Mark 0.173ms
[2020-12-29T03:39:19.324-0500][gc             ] GC(24189) Concurrent Cycle 96.915ms
[2020-12-29T03:41:45.190-0500][gc,task        ] GC(24190) Using 5 workers of 8 for full compaction
[2020-12-29T03:41:45.190-0500][gc,start       ] GC(24190) Pause Full (System.gc())
[2020-12-29T03:41:45.190-0500][gc,heap        ] GC(24190) Heap before GC invocations=24190 (full 5605): garbage-first heap   total 66560K, used 51644K [0x0000000083000000, 0x0000000100000000)
[2020-12-29T03:41:45.190-0500][gc,heap        ] GC(24190)   region size 1024K, 11 young (11264K), 1 survivors (1024K)
[2020-12-29T03:41:45.190-0500][gc,heap        ] GC(24190)  Metaspace       used 50336K, capacity 52472K, committed 53888K, reserved 1093632K
[2020-12-29T03:41:45.190-0500][gc,heap        ] GC(24190)   class space    used 7457K, capacity 8250K, committed 8832K, reserved 1048576K
[2020-12-29T03:41:45.191-0500][gc,phases,start] GC(24190) Phase 1: Mark live objects
[2020-12-29T03:41:45.235-0500][gc,stringtable ] GC(24190) Cleaned string and symbol table, strings: 33323 processed, 4 removed, symbols: 120973 processed, 0 removed
[2020-12-29T03:41:45.235-0500][gc,phases      ] GC(24190) Phase 1: Mark live objects 44.202ms
[2020-12-29T03:41:45.235-0500][gc,phases,start] GC(24190) Phase 2: Prepare for compaction
[2020-12-29T03:41:45.239-0500][gc,phases      ] GC(24190) Phase 2: Prepare for compaction 3.364ms
[2020-12-29T03:41:45.239-0500][gc,phases,start] GC(24190) Phase 3: Adjust pointers
[2020-12-29T03:41:45.249-0500][gc,phases      ] GC(24190) Phase 3: Adjust pointers 10.429ms
[2020-12-29T03:41:45.249-0500][gc,phases,start] GC(24190) Phase 4: Compact heap
[2020-12-29T03:41:45.252-0500][gc,phases      ] GC(24190) Phase 4: Compact heap 2.483ms
[2020-12-29T03:41:45.256-0500][gc,heap        ] GC(24190) Eden regions: 10->0(11)
[2020-12-29T03:41:45.256-0500][gc,heap        ] GC(24190) Survivor regions: 1->0(2)
[2020-12-29T03:41:45.256-0500][gc,heap        ] GC(24190) Old regions: 41->42
[2020-12-29T03:41:45.256-0500][gc,heap        ] GC(24190) Humongous regions: 4->4
[2020-12-29T03:41:45.256-0500][gc,metaspace   ] GC(24190) Metaspace: 50336K->50336K(1093632K)
[2020-12-29T03:41:45.256-0500][gc,heap        ] GC(24190) Heap after GC invocations=24191 (full 5606): garbage-first heap   total 66560K, used 43376K [0x0000000083000000, 0x0000000100000000)
[2020-12-29T03:41:45.256-0500][gc,heap        ] GC(24190)   region size 1024K, 0 young (0K), 0 survivors (0K)
[2020-12-29T03:41:45.256-0500][gc,heap        ] GC(24190)  Metaspace       used 50336K, capacity 52472K, committed 53888K, reserved 1093632K
[2020-12-29T03:41:45.256-0500][gc,heap        ] GC(24190)   class space    used 7457K, capacity 8250K, committed 8832K, reserved 1048576K
[2020-12-29T03:41:45.256-0500][gc             ] GC(24190) Pause Full (System.gc()) 51M->42M(65M) 65.777ms
[2020-12-29T03:41:45.256-0500][gc,cpu         ] GC(24190) User=0.29s Sys=0.00s Real=0.06s
[2020-12-29T03:44:29.069-0500][gc,heap        ] GC(24191) Heap before GC invocations=24191 (full 5606): garbage-first heap   total 66560K, used 53616K [0x0000000083000000, 0x0000000100000000)
[2020-12-29T03:44:29.070-0500][gc,heap        ] GC(24191)   region size 1024K, 11 young (11264K), 0 survivors (0K)
[2020-12-29T03:44:29.070-0500][gc,heap        ] GC(24191)  Metaspace       used 50336K, capacity 52472K, committed 53888K, reserved 1093632K
[2020-12-29T03:44:29.070-0500][gc,heap        ] GC(24191)   class space    used 7457K, capacity 8250K, committed 8832K, reserved 1048576K
[2020-12-29T03:44:29.070-0500][gc,start       ] GC(24191) Pause Young (Concurrent Start) (G1 Evacuation Pause)
[2020-12-29T03:44:29.070-0500][gc,task        ] GC(24191) Using 8 workers of 8 for evacuation
[2020-12-29T03:44:29.077-0500][gc,phases      ] GC(24191)   Pre Evacuate Collection Set: 0.4ms
[2020-12-29T03:44:29.077-0500][gc,phases      ] GC(24191)   Evacuate Collection Set: 3.8ms
[2020-12-29T03:44:29.077-0500][gc,phases      ] GC(24191)   Post Evacuate Collection Set: 2.8ms
[2020-12-29T03:44:29.077-0500][gc,phases      ] GC(24191)   Other: 0.7ms
[2020-12-29T03:44:29.077-0500][gc,heap        ] GC(24191) Eden regions: 11->0(10)
[2020-12-29T03:44:29.077-0500][gc,heap        ] GC(24191) Survivor regions: 0->1(2)
[2020-12-29T03:44:29.077-0500][gc,heap        ] GC(24191) Old regions: 42->42
[2020-12-29T03:44:29.077-0500][gc,heap        ] GC(24191) Humongous regions: 4->4
[2020-12-29T03:44:29.077-0500][gc,metaspace   ] GC(24191) Metaspace: 50336K->50336K(1093632K)
[2020-12-29T03:44:29.077-0500][gc,heap        ] GC(24191) Heap after GC invocations=24192 (full 5606): garbage-first heap   total 66560K, used 43438K [0x0000000083000000, 0x0000000100000000)
[2020-12-29T03:44:29.077-0500][gc,heap        ] GC(24191)   region size 1024K, 1 young (1024K), 1 survivors (1024K)
[2020-12-29T03:44:29.077-0500][gc,heap        ] GC(24191)  Metaspace       used 50336K, capacity 52472K, committed 53888K, reserved 1093632K
[2020-12-29T03:44:29.077-0500][gc,heap        ] GC(24191)   class space    used 7457K, capacity 8250K, committed 8832K, reserved 1048576K
[2020-12-29T03:44:29.078-0500][gc             ] GC(24191) Pause Young (Concurrent Start) (G1 Evacuation Pause) 53M->42M(65M) 7.679ms
[2020-12-29T03:44:29.078-0500][gc,cpu         ] GC(24191) User=0.01s Sys=0.01s Real=0.00s
[2020-12-29T03:44:29.078-0500][gc             ] GC(24192) Concurrent Cycle
[2020-12-29T03:44:29.078-0500][gc,marking     ] GC(24192) Concurrent Clear Claimed Marks
[2020-12-29T03:44:29.078-0500][gc,marking     ] GC(24192) Concurrent Clear Claimed Marks 0.202ms
[2020-12-29T03:44:29.078-0500][gc,marking     ] GC(24192) Concurrent Scan Root Regions
[2020-12-29T03:44:29.080-0500][gc,marking     ] GC(24192) Concurrent Scan Root Regions 1.754ms
[2020-12-29T03:44:29.080-0500][gc,marking     ] GC(24192) Concurrent Mark (1681666.467s)
[2020-12-29T03:44:29.080-0500][gc,marking     ] GC(24192) Concurrent Mark From Roots
[2020-12-29T03:44:29.080-0500][gc,task        ] GC(24192) Using 2 workers of 2 for marking
[2020-12-29T03:44:29.131-0500][gc,marking     ] GC(24192) Concurrent Mark From Roots 50.740ms
[2020-12-29T03:44:29.131-0500][gc,marking     ] GC(24192) Concurrent Preclean
[2020-12-29T03:44:29.131-0500][gc,marking     ] GC(24192) Concurrent Preclean 0.151ms
[2020-12-29T03:44:29.131-0500][gc,marking     ] GC(24192) Concurrent Mark (1681666.467s, 1681666.518s) 50.983ms
[2020-12-29T03:44:29.131-0500][gc,start       ] GC(24192) Pause Remark
[2020-12-29T03:44:29.137-0500][gc,stringtable ] GC(24192) Cleaned string and symbol table, strings: 33323 processed, 0 removed, symbols: 120973 processed, 0 removed
[2020-12-29T03:44:29.137-0500][gc             ] GC(24192) Pause Remark 42M->42M(65M) 5.608ms
[2020-12-29T03:44:29.137-0500][gc,cpu         ] GC(24192) User=0.03s Sys=0.00s Real=0.00s
[2020-12-29T03:44:29.137-0500][gc,marking     ] GC(24192) Concurrent Rebuild Remembered Sets
[2020-12-29T03:44:29.156-0500][gc,marking     ] GC(24192) Concurrent Rebuild Remembered Sets 18.486ms
[2020-12-29T03:44:29.156-0500][gc,start       ] GC(24192) Pause Cleanup
[2020-12-29T03:44:29.156-0500][gc             ] GC(24192) Pause Cleanup 42M->42M(65M) 0.262ms
[2020-12-29T03:44:29.156-0500][gc,cpu         ] GC(24192) User=0.00s Sys=0.00s Real=0.00s
[2020-12-29T03:44:29.156-0500][gc,marking     ] GC(24192) Concurrent Cleanup for Next Mark
[2020-12-29T03:44:29.157-0500][gc,marking     ] GC(24192) Concurrent Cleanup for Next Mark 0.196ms
[2020-12-29T03:44:29.157-0500][gc             ] GC(24192) Concurrent Cycle 78.774ms
[2020-12-29T03:46:45.190-0500][gc,task        ] GC(24193) Using 5 workers of 8 for full compaction
[2020-12-29T03:46:45.190-0500][gc,start       ] GC(24193) Pause Full (System.gc())
[2020-12-29T03:46:45.190-0500][gc,heap        ] GC(24193) Heap before GC invocations=24193 (full 5606): garbage-first heap   total 66560K, used 50605K [0x0000000083000000, 0x0000000100000000)
[2020-12-29T03:46:45.190-0500][gc,heap        ] GC(24193)   region size 1024K, 10 young (10240K), 1 survivors (1024K)
[2020-12-29T03:46:45.190-0500][gc,heap        ] GC(24193)  Metaspace       used 50336K, capacity 52472K, committed 53888K, reserved 1093632K
[2020-12-29T03:46:45.190-0500][gc,heap        ] GC(24193)   class space    used 7457K, capacity 8250K, committed 8832K, reserved 1048576K
[2020-12-29T03:46:45.190-0500][gc,phases,start] GC(24193) Phase 1: Mark live objects
[2020-12-29T03:46:45.239-0500][gc,stringtable ] GC(24193) Cleaned string and symbol table, strings: 33323 processed, 4 removed, symbols: 120973 processed, 0 removed
[2020-12-29T03:46:45.239-0500][gc,phases      ] GC(24193) Phase 1: Mark live objects 48.324ms
[2020-12-29T03:46:45.239-0500][gc,phases,start] GC(24193) Phase 2: Prepare for compaction
[2020-12-29T03:46:45.243-0500][gc,phases      ] GC(24193) Phase 2: Prepare for compaction 3.811ms
[2020-12-29T03:46:45.243-0500][gc,phases,start] GC(24193) Phase 3: Adjust pointers
[2020-12-29T03:46:45.252-0500][gc,phases      ] GC(24193) Phase 3: Adjust pointers 9.641ms
[2020-12-29T03:46:45.252-0500][gc,phases,start] GC(24193) Phase 4: Compact heap
[2020-12-29T03:46:45.255-0500][gc,phases      ] GC(24193) Phase 4: Compact heap 2.562ms
[2020-12-29T03:46:45.259-0500][gc,heap        ] GC(24193) Eden regions: 9->0(12)
[2020-12-29T03:46:45.259-0500][gc,heap        ] GC(24193) Survivor regions: 1->0(2)
[2020-12-29T03:46:45.259-0500][gc,heap        ] GC(24193) Old regions: 41->41
[2020-12-29T03:46:45.259-0500][gc,heap        ] GC(24193) Humongous regions: 4->4
[2020-12-29T03:46:45.259-0500][gc,metaspace   ] GC(24193) Metaspace: 50336K->50336K(1093632K)
[2020-12-29T03:46:45.259-0500][gc,heap        ] GC(24193) Heap after GC invocations=24194 (full 5607): garbage-first heap   total 66560K, used 43364K [0x0000000083000000, 0x0000000100000000)
[2020-12-29T03:46:45.259-0500][gc,heap        ] GC(24193)   region size 1024K, 0 young (0K), 0 survivors (0K)
[2020-12-29T03:46:45.259-0500][gc,heap        ] GC(24193)  Metaspace       used 50336K, capacity 52472K, committed 53888K, reserved 1093632K
[2020-12-29T03:46:45.259-0500][gc,heap        ] GC(24193)   class space    used 7457K, capacity 8250K, committed 8832K, reserved 1048576K
[2020-12-29T03:46:45.259-0500][gc             ] GC(24193) Pause Full (System.gc()) 51M->42M(65M) 69.342ms
[2020-12-29T03:46:45.259-0500][gc,cpu         ] GC(24193) User=0.31s Sys=0.00s Real=0.07s
[2020-12-29T03:49:49.061-0500][gc,heap        ] GC(24194) Heap before GC invocations=24194 (full 5607): garbage-first heap   total 66560K, used 54628K [0x0000000083000000, 0x0000000100000000)
[2020-12-29T03:49:49.062-0500][gc,heap        ] GC(24194)   region size 1024K, 12 young (12288K), 0 survivors (0K)
[2020-12-29T03:49:49.062-0500][gc,heap        ] GC(24194)  Metaspace       used 50336K, capacity 52472K, committed 53888K, reserved 1093632K
[2020-12-29T03:49:49.062-0500][gc,heap        ] GC(24194)   class space    used 7457K, capacity 8250K, committed 8832K, reserved 1048576K
[2020-12-29T03:49:49.062-0500][gc,start       ] GC(24194) Pause Young (Concurrent Start) (G1 Evacuation Pause)
[2020-12-29T03:49:49.062-0500][gc,task        ] GC(24194) Using 8 workers of 8 for evacuation
[2020-12-29T03:49:49.069-0500][gc,phases      ] GC(24194)   Pre Evacuate Collection Set: 0.3ms
[2020-12-29T03:49:49.069-0500][gc,phases      ] GC(24194)   Evacuate Collection Set: 3.7ms
[2020-12-29T03:49:49.069-0500][gc,phases      ] GC(24194)   Post Evacuate Collection Set: 3.0ms
[2020-12-29T03:49:49.069-0500][gc,phases      ] GC(24194)   Other: 0.6ms
[2020-12-29T03:49:49.069-0500][gc,heap        ] GC(24194) Eden regions: 12->0(11)
[2020-12-29T03:49:49.069-0500][gc,heap        ] GC(24194) Survivor regions: 0->1(2)
[2020-12-29T03:49:49.069-0500][gc,heap        ] GC(24194) Old regions: 41->41
[2020-12-29T03:49:49.069-0500][gc,heap        ] GC(24194) Humongous regions: 4->4
[2020-12-29T03:49:49.069-0500][gc,metaspace   ] GC(24194) Metaspace: 50336K->50336K(1093632K)
[2020-12-29T03:49:49.069-0500][gc,heap        ] GC(24194) Heap after GC invocations=24195 (full 5607): garbage-first heap   total 66560K, used 43447K [0x0000000083000000, 0x0000000100000000)
[2020-12-29T03:49:49.069-0500][gc,heap        ] GC(24194)   region size 1024K, 1 young (1024K), 1 survivors (1024K)
[2020-12-29T03:49:49.069-0500][gc,heap        ] GC(24194)  Metaspace       used 50336K, capacity 52472K, committed 53888K, reserved 1093632K
[2020-12-29T03:49:49.069-0500][gc,heap        ] GC(24194)   class space    used 7457K, capacity 8250K, committed 8832K, reserved 1048576K
[2020-12-29T03:49:49.069-0500][gc             ] GC(24194) Pause Young (Concurrent Start) (G1 Evacuation Pause) 54M->42M(65M) 7.545ms
[2020-12-29T03:49:49.070-0500][gc,cpu         ] GC(24194) User=0.01s Sys=0.01s Real=0.01s
[2020-12-29T03:49:49.070-0500][gc             ] GC(24195) Concurrent Cycle
[2020-12-29T03:49:49.070-0500][gc,marking     ] GC(24195) Concurrent Clear Claimed Marks
[2020-12-29T03:49:49.070-0500][gc,marking     ] GC(24195) Concurrent Clear Claimed Marks 0.255ms
[2020-12-29T03:49:49.070-0500][gc,marking     ] GC(24195) Concurrent Scan Root Regions
[2020-12-29T03:49:49.073-0500][gc,marking     ] GC(24195) Concurrent Scan Root Regions 2.598ms
[2020-12-29T03:49:49.073-0500][gc,marking     ] GC(24195) Concurrent Mark (1681986.460s)
[2020-12-29T03:49:49.073-0500][gc,marking     ] GC(24195) Concurrent Mark From Roots
[2020-12-29T03:49:49.073-0500][gc,task        ] GC(24195) Using 2 workers of 2 for marking
[2020-12-29T03:49:49.138-0500][gc,marking     ] GC(24195) Concurrent Mark From Roots 65.215ms
[2020-12-29T03:49:49.138-0500][gc,marking     ] GC(24195) Concurrent Preclean
[2020-12-29T03:49:49.138-0500][gc,marking     ] GC(24195) Concurrent Preclean 0.151ms
[2020-12-29T03:49:49.138-0500][gc,marking     ] GC(24195) Concurrent Mark (1681986.460s, 1681986.525s) 65.475ms
[2020-12-29T03:49:49.139-0500][gc,start       ] GC(24195) Pause Remark
[2020-12-29T03:49:49.145-0500][gc,stringtable ] GC(24195) Cleaned string and symbol table, strings: 33323 processed, 0 removed, symbols: 120973 processed, 0 removed
[2020-12-29T03:49:49.146-0500][gc             ] GC(24195) Pause Remark 42M->42M(65M) 7.033ms
[2020-12-29T03:49:49.146-0500][gc,cpu         ] GC(24195) User=0.03s Sys=0.00s Real=0.00s
[2020-12-29T03:49:49.146-0500][gc,marking     ] GC(24195) Concurrent Rebuild Remembered Sets
[2020-12-29T03:49:49.166-0500][gc,marking     ] GC(24195) Concurrent Rebuild Remembered Sets 20.495ms
[2020-12-29T03:49:49.167-0500][gc,start       ] GC(24195) Pause Cleanup
[2020-12-29T03:49:49.167-0500][gc             ] GC(24195) Pause Cleanup 42M->42M(65M) 0.202ms
[2020-12-29T03:49:49.167-0500][gc,cpu         ] GC(24195) User=0.00s Sys=0.00s Real=0.00s
[2020-12-29T03:49:49.167-0500][gc,marking     ] GC(24195) Concurrent Cleanup for Next Mark
[2020-12-29T03:49:49.167-0500][gc,marking     ] GC(24195) Concurrent Cleanup for Next Mark 0.210ms
[2020-12-29T03:49:49.167-0500][gc             ] GC(24195) Concurrent Cycle 97.652ms
[2020-12-29T03:51:45.192-0500][gc,task        ] GC(24196) Using 5 workers of 8 for full compaction
[2020-12-29T03:51:45.192-0500][gc,start       ] GC(24196) Pause Full (System.gc())
[2020-12-29T03:51:45.192-0500][gc,heap        ] GC(24196) Heap before GC invocations=24196 (full 5607): garbage-first heap   total 66560K, used 50615K [0x0000000083000000, 0x0000000100000000)
[2020-12-29T03:51:45.192-0500][gc,heap        ] GC(24196)   region size 1024K, 9 young (9216K), 1 survivors (1024K)
[2020-12-29T03:51:45.192-0500][gc,heap        ] GC(24196)  Metaspace       used 50336K, capacity 52472K, committed 53888K, reserved 1093632K
[2020-12-29T03:51:45.192-0500][gc,heap        ] GC(24196)   class space    used 7457K, capacity 8250K, committed 8832K, reserved 1048576K
[2020-12-29T03:51:45.192-0500][gc,phases,start] GC(24196) Phase 1: Mark live objects
[2020-12-29T03:51:45.230-0500][gc,stringtable ] GC(24196) Cleaned string and symbol table, strings: 33323 processed, 4 removed, symbols: 120973 processed, 0 removed
[2020-12-29T03:51:45.230-0500][gc,phases      ] GC(24196) Phase 1: Mark live objects 37.611ms
[2020-12-29T03:51:45.230-0500][gc,phases,start] GC(24196) Phase 2: Prepare for compaction
[2020-12-29T03:51:45.235-0500][gc,phases      ] GC(24196) Phase 2: Prepare for compaction 5.460ms
[2020-12-29T03:51:45.235-0500][gc,phases,start] GC(24196) Phase 3: Adjust pointers
[2020-12-29T03:51:45.245-0500][gc,phases      ] GC(24196) Phase 3: Adjust pointers 9.843ms
[2020-12-29T03:51:45.245-0500][gc,phases,start] GC(24196) Phase 4: Compact heap
[2020-12-29T03:51:45.248-0500][gc,phases      ] GC(24196) Phase 4: Compact heap 2.844ms
[2020-12-29T03:51:45.252-0500][gc,heap        ] GC(24196) Eden regions: 8->0(11)
[2020-12-29T03:51:45.252-0500][gc,heap        ] GC(24196) Survivor regions: 1->0(2)
[2020-12-29T03:51:45.252-0500][gc,heap        ] GC(24196) Old regions: 41->42
[2020-12-29T03:51:45.252-0500][gc,heap        ] GC(24196) Humongous regions: 4->4
[2020-12-29T03:51:45.252-0500][gc,metaspace   ] GC(24196) Metaspace: 50336K->50336K(1093632K)
[2020-12-29T03:51:45.252-0500][gc,heap        ] GC(24196) Heap after GC invocations=24197 (full 5608): garbage-first heap   total 66560K, used 43366K [0x0000000083000000, 0x0000000100000000)
[2020-12-29T03:51:45.252-0500][gc,heap        ] GC(24196)   region size 1024K, 0 young (0K), 0 survivors (0K)
[2020-12-29T03:51:45.252-0500][gc,heap        ] GC(24196)  Metaspace       used 50336K, capacity 52472K, committed 53888K, reserved 1093632K
[2020-12-29T03:51:45.252-0500][gc,heap        ] GC(24196)   class space    used 7457K, capacity 8250K, committed 8832K, reserved 1048576K
[2020-12-29T03:51:45.252-0500][gc             ] GC(24196) Pause Full (System.gc()) 50M->42M(65M) 60.804ms
[2020-12-29T03:51:45.253-0500][gc,cpu         ] GC(24196) User=0.26s Sys=0.00s Real=0.06s
[2020-12-29T03:54:29.060-0500][gc,heap        ] GC(24197) Heap before GC invocations=24197 (full 5608): garbage-first heap   total 66560K, used 54630K [0x0000000083000000, 0x0000000100000000)
[2020-12-29T03:54:29.060-0500][gc,heap        ] GC(24197)   region size 1024K, 11 young (11264K), 0 survivors (0K)
[2020-12-29T03:54:29.060-0500][gc,heap        ] GC(24197)  Metaspace       used 50336K, capacity 52472K, committed 53888K, reserved 1093632K
[2020-12-29T03:54:29.060-0500][gc,heap        ] GC(24197)   class space    used 7457K, capacity 8250K, committed 8832K, reserved 1048576K
[2020-12-29T03:54:29.060-0500][gc,start       ] GC(24197) Pause Young (Concurrent Start) (G1 Evacuation Pause)
[2020-12-29T03:54:29.060-0500][gc,task        ] GC(24197) Using 8 workers of 8 for evacuation
[2020-12-29T03:54:29.063-0500][gc,phases      ] GC(24197)   Pre Evacuate Collection Set: 0.2ms
[2020-12-29T03:54:29.063-0500][gc,phases      ] GC(24197)   Evacuate Collection Set: 1.1ms
[2020-12-29T03:54:29.063-0500][gc,phases      ] GC(24197)   Post Evacuate Collection Set: 0.9ms
[2020-12-29T03:54:29.063-0500][gc,phases      ] GC(24197)   Other: 0.2ms
[2020-12-29T03:54:29.063-0500][gc,heap        ] GC(24197) Eden regions: 11->0(10)
[2020-12-29T03:54:29.063-0500][gc,heap        ] GC(24197) Survivor regions: 0->1(2)
[2020-12-29T03:54:29.063-0500][gc,heap        ] GC(24197) Old regions: 42->42
[2020-12-29T03:54:29.063-0500][gc,heap        ] GC(24197) Humongous regions: 4->4
[2020-12-29T03:54:29.063-0500][gc,metaspace   ] GC(24197) Metaspace: 50336K->50336K(1093632K)
[2020-12-29T03:54:29.063-0500][gc,heap        ] GC(24197) Heap after GC invocations=24198 (full 5608): garbage-first heap   total 66560K, used 43442K [0x0000000083000000, 0x0000000100000000)
[2020-12-29T03:54:29.063-0500][gc,heap        ] GC(24197)   region size 1024K, 1 young (1024K), 1 survivors (1024K)
[2020-12-29T03:54:29.063-0500][gc,heap        ] GC(24197)  Metaspace       used 50336K, capacity 52472K, committed 53888K, reserved 1093632K
[2020-12-29T03:54:29.063-0500][gc,heap        ] GC(24197)   class space    used 7457K, capacity 8250K, committed 8832K, reserved 1048576K
[2020-12-29T03:54:29.063-0500][gc             ] GC(24197) Pause Young (Concurrent Start) (G1 Evacuation Pause) 53M->42M(65M) 2.522ms
[2020-12-29T03:54:29.063-0500][gc,cpu         ] GC(24197) User=0.00s Sys=0.00s Real=0.00s
[2020-12-29T03:54:29.063-0500][gc             ] GC(24198) Concurrent Cycle
[2020-12-29T03:54:29.063-0500][gc,marking     ] GC(24198) Concurrent Clear Claimed Marks
[2020-12-29T03:54:29.063-0500][gc,marking     ] GC(24198) Concurrent Clear Claimed Marks 0.083ms
[2020-12-29T03:54:29.063-0500][gc,marking     ] GC(24198) Concurrent Scan Root Regions
[2020-12-29T03:54:29.064-0500][gc,marking     ] GC(24198) Concurrent Scan Root Regions 0.565ms
[2020-12-29T03:54:29.064-0500][gc,marking     ] GC(24198) Concurrent Mark (1682266.451s)
[2020-12-29T03:54:29.064-0500][gc,marking     ] GC(24198) Concurrent Mark From Roots
[2020-12-29T03:54:29.064-0500][gc,task        ] GC(24198) Using 2 workers of 2 for marking
[2020-12-29T03:54:29.098-0500][gc,marking     ] GC(24198) Concurrent Mark From Roots 34.787ms
[2020-12-29T03:54:29.099-0500][gc,marking     ] GC(24198) Concurrent Preclean
[2020-12-29T03:54:29.099-0500][gc,marking     ] GC(24198) Concurrent Preclean 0.154ms
[2020-12-29T03:54:29.099-0500][gc,marking     ] GC(24198) Concurrent Mark (1682266.451s, 1682266.486s) 35.019ms
[2020-12-29T03:54:29.099-0500][gc,start       ] GC(24198) Pause Remark
[2020-12-29T03:54:29.103-0500][gc,stringtable ] GC(24198) Cleaned string and symbol table, strings: 33323 processed, 0 removed, symbols: 120973 processed, 0 removed
[2020-12-29T03:54:29.103-0500][gc             ] GC(24198) Pause Remark 42M->42M(65M) 4.497ms
[2020-12-29T03:54:29.104-0500][gc,cpu         ] GC(24198) User=0.02s Sys=0.00s Real=0.00s
[2020-12-29T03:54:29.104-0500][gc,marking     ] GC(24198) Concurrent Rebuild Remembered Sets
[2020-12-29T03:54:29.121-0500][gc,marking     ] GC(24198) Concurrent Rebuild Remembered Sets 17.628ms
[2020-12-29T03:54:29.122-0500][gc,start       ] GC(24198) Pause Cleanup
[2020-12-29T03:54:29.122-0500][gc             ] GC(24198) Pause Cleanup 42M->42M(65M) 0.155ms
[2020-12-29T03:54:29.122-0500][gc,cpu         ] GC(24198) User=0.00s Sys=0.00s Real=0.00s
[2020-12-29T03:54:29.122-0500][gc,marking     ] GC(24198) Concurrent Cleanup for Next Mark
[2020-12-29T03:54:29.122-0500][gc,marking     ] GC(24198) Concurrent Cleanup for Next Mark 0.163ms
[2020-12-29T03:54:29.122-0500][gc             ] GC(24198) Concurrent Cycle 59.149ms
[2020-12-29T03:56:45.191-0500][gc,task        ] GC(24199) Using 5 workers of 8 for full compaction
[2020-12-29T03:56:45.191-0500][gc,start       ] GC(24199) Pause Full (System.gc())
[2020-12-29T03:56:45.192-0500][gc,heap        ] GC(24199) Heap before GC invocations=24199 (full 5608): garbage-first heap   total 66560K, used 52647K [0x0000000083000000, 0x0000000100000000)
[2020-12-29T03:56:45.192-0500][gc,heap        ] GC(24199)   region size 1024K, 11 young (11264K), 1 survivors (1024K)
[2020-12-29T03:56:45.192-0500][gc,heap        ] GC(24199)  Metaspace       used 50336K, capacity 52472K, committed 53888K, reserved 1093632K
[2020-12-29T03:56:45.192-0500][gc,heap        ] GC(24199)   class space    used 7457K, capacity 8250K, committed 8832K, reserved 1048576K
[2020-12-29T03:56:45.192-0500][gc,phases,start] GC(24199) Phase 1: Mark live objects
[2020-12-29T03:56:45.240-0500][gc,stringtable ] GC(24199) Cleaned string and symbol table, strings: 33323 processed, 4 removed, symbols: 120973 processed, 0 removed
[2020-12-29T03:56:45.240-0500][gc,phases      ] GC(24199) Phase 1: Mark live objects 48.171ms
[2020-12-29T03:56:45.240-0500][gc,phases,start] GC(24199) Phase 2: Prepare for compaction
[2020-12-29T03:56:45.244-0500][gc,phases      ] GC(24199) Phase 2: Prepare for compaction 3.385ms
[2020-12-29T03:56:45.244-0500][gc,phases,start] GC(24199) Phase 3: Adjust pointers
[2020-12-29T03:56:45.253-0500][gc,phases      ] GC(24199) Phase 3: Adjust pointers 9.160ms
[2020-12-29T03:56:45.253-0500][gc,phases,start] GC(24199) Phase 4: Compact heap
[2020-12-29T03:56:45.256-0500][gc,phases      ] GC(24199) Phase 4: Compact heap 3.024ms
[2020-12-29T03:56:45.260-0500][gc,heap        ] GC(24199) Eden regions: 10->0(10)
[2020-12-29T03:56:45.260-0500][gc,heap        ] GC(24199) Survivor regions: 1->0(2)
[2020-12-29T03:56:45.260-0500][gc,heap        ] GC(24199) Old regions: 41->43
[2020-12-29T03:56:45.260-0500][gc,heap        ] GC(24199) Humongous regions: 4->4
[2020-12-29T03:56:45.260-0500][gc,metaspace   ] GC(24199) Metaspace: 50336K->50336K(1093632K)
[2020-12-29T03:56:45.260-0500][gc,heap        ] GC(24199) Heap after GC invocations=24200 (full 5609): garbage-first heap   total 66560K, used 43371K [0x0000000083000000, 0x0000000100000000)
[2020-12-29T03:56:45.260-0500][gc,heap        ] GC(24199)   region size 1024K, 0 young (0K), 0 survivors (0K)
[2020-12-29T03:56:45.260-0500][gc,heap        ] GC(24199)  Metaspace       used 50336K, capacity 52472K, committed 53888K, reserved 1093632K
[2020-12-29T03:56:45.260-0500][gc,heap        ] GC(24199)   class space    used 7457K, capacity 8250K, committed 8832K, reserved 1048576K
[2020-12-29T03:56:45.260-0500][gc             ] GC(24199) Pause Full (System.gc()) 51M->42M(65M) 68.924ms
[2020-12-29T03:56:45.260-0500][gc,cpu         ] GC(24199) User=0.30s Sys=0.00s Real=0.07s
[2020-12-29T03:59:09.061-0500][gc,heap        ] GC(24200) Heap before GC invocations=24200 (full 5609): garbage-first heap   total 66560K, used 52587K [0x0000000083000000, 0x0000000100000000)
[2020-12-29T03:59:09.061-0500][gc,heap        ] GC(24200)   region size 1024K, 10 young (10240K), 0 survivors (0K)
[2020-12-29T03:59:09.061-0500][gc,heap        ] GC(24200)  Metaspace       used 50336K, capacity 52472K, committed 53888K, reserved 1093632K
[2020-12-29T03:59:09.061-0500][gc,heap        ] GC(24200)   class space    used 7457K, capacity 8250K, committed 8832K, reserved 1048576K
[2020-12-29T03:59:09.061-0500][gc,start       ] GC(24200) Pause Young (Concurrent Start) (G1 Evacuation Pause)
[2020-12-29T03:59:09.061-0500][gc,task        ] GC(24200) Using 8 workers of 8 for evacuation
[2020-12-29T03:59:09.064-0500][gc,phases      ] GC(24200)   Pre Evacuate Collection Set: 0.3ms
[2020-12-29T03:59:09.064-0500][gc,phases      ] GC(24200)   Evacuate Collection Set: 1.5ms
[2020-12-29T03:59:09.064-0500][gc,phases      ] GC(24200)   Post Evacuate Collection Set: 1.2ms
[2020-12-29T03:59:09.064-0500][gc,phases      ] GC(24200)   Other: 0.3ms
[2020-12-29T03:59:09.064-0500][gc,heap        ] GC(24200) Eden regions: 10->0(9)
[2020-12-29T03:59:09.064-0500][gc,heap        ] GC(24200) Survivor regions: 0->1(2)
[2020-12-29T03:59:09.064-0500][gc,heap        ] GC(24200) Old regions: 43->43
[2020-12-29T03:59:09.064-0500][gc,heap        ] GC(24200) Humongous regions: 4->4
[2020-12-29T03:59:09.064-0500][gc,metaspace   ] GC(24200) Metaspace: 50336K->50336K(1093632K)
[2020-12-29T03:59:09.064-0500][gc,heap        ] GC(24200) Heap after GC invocations=24201 (full 5609): garbage-first heap   total 66560K, used 43437K [0x0000000083000000, 0x0000000100000000)
[2020-12-29T03:59:09.064-0500][gc,heap        ] GC(24200)   region size 1024K, 1 young (1024K), 1 survivors (1024K)
[2020-12-29T03:59:09.064-0500][gc,heap        ] GC(24200)  Metaspace       used 50336K, capacity 52472K, committed 53888K, reserved 1093632K
[2020-12-29T03:59:09.064-0500][gc,heap        ] GC(24200)   class space    used 7457K, capacity 8250K, committed 8832K, reserved 1048576K
[2020-12-29T03:59:09.064-0500][gc             ] GC(24200) Pause Young (Concurrent Start) (G1 Evacuation Pause) 52M->42M(65M) 3.387ms
[2020-12-29T03:59:09.064-0500][gc,cpu         ] GC(24200) User=0.01s Sys=0.00s Real=0.00s
[2020-12-29T03:59:09.064-0500][gc             ] GC(24201) Concurrent Cycle
[2020-12-29T03:59:09.064-0500][gc,marking     ] GC(24201) Concurrent Clear Claimed Marks
[2020-12-29T03:59:09.064-0500][gc,marking     ] GC(24201) Concurrent Clear Claimed Marks 0.055ms
[2020-12-29T03:59:09.064-0500][gc,marking     ] GC(24201) Concurrent Scan Root Regions
[2020-12-29T03:59:09.065-0500][gc,marking     ] GC(24201) Concurrent Scan Root Regions 0.537ms
[2020-12-29T03:59:09.065-0500][gc,marking     ] GC(24201) Concurrent Mark (1682546.452s)
[2020-12-29T03:59:09.065-0500][gc,marking     ] GC(24201) Concurrent Mark From Roots
[2020-12-29T03:59:09.065-0500][gc,task        ] GC(24201) Using 2 workers of 2 for marking
[2020-12-29T03:59:09.101-0500][gc,marking     ] GC(24201) Concurrent Mark From Roots 36.224ms
[2020-12-29T03:59:09.101-0500][gc,marking     ] GC(24201) Concurrent Preclean
[2020-12-29T03:59:09.101-0500][gc,marking     ] GC(24201) Concurrent Preclean 0.151ms
[2020-12-29T03:59:09.101-0500][gc,marking     ] GC(24201) Concurrent Mark (1682546.452s, 1682546.488s) 36.449ms
[2020-12-29T03:59:09.102-0500][gc,start       ] GC(24201) Pause Remark
[2020-12-29T03:59:09.105-0500][gc,stringtable ] GC(24201) Cleaned string and symbol table, strings: 33323 processed, 0 removed, symbols: 120973 processed, 0 removed
[2020-12-29T03:59:09.106-0500][gc             ] GC(24201) Pause Remark 42M->42M(65M) 4.066ms
[2020-12-29T03:59:09.106-0500][gc,cpu         ] GC(24201) User=0.03s Sys=0.00s Real=0.00s
[2020-12-29T03:59:09.106-0500][gc,marking     ] GC(24201) Concurrent Rebuild Remembered Sets
[2020-12-29T03:59:09.130-0500][gc,marking     ] GC(24201) Concurrent Rebuild Remembered Sets 24.134ms
[2020-12-29T03:59:09.131-0500][gc,start       ] GC(24201) Pause Cleanup
[2020-12-29T03:59:09.131-0500][gc             ] GC(24201) Pause Cleanup 42M->42M(65M) 0.224ms
[2020-12-29T03:59:09.131-0500][gc,cpu         ] GC(24201) User=0.00s Sys=0.00s Real=0.00s
[2020-12-29T03:59:09.131-0500][gc,marking     ] GC(24201) Concurrent Cleanup for Next Mark
[2020-12-29T03:59:09.131-0500][gc,marking     ] GC(24201) Concurrent Cleanup for Next Mark 0.223ms
[2020-12-29T03:59:09.131-0500][gc             ] GC(24201) Concurrent Cycle 67.184ms
[2020-12-29T04:01:29.069-0500][gc,heap        ] GC(24202) Heap before GC invocations=24202 (full 5609): garbage-first heap   total 66560K, used 51604K [0x0000000083000000, 0x0000000100000000)
[2020-12-29T04:01:29.069-0500][gc,heap        ] GC(24202)   region size 1024K, 10 young (10240K), 1 survivors (1024K)
[2020-12-29T04:01:29.069-0500][gc,heap        ] GC(24202)  Metaspace       used 50336K, capacity 52472K, committed 53888K, reserved 1093632K
[2020-12-29T04:01:29.069-0500][gc,heap        ] GC(24202)   class space    used 7457K, capacity 8250K, committed 8832K, reserved 1048576K
[2020-12-29T04:01:29.069-0500][gc,start       ] GC(24202) Pause Young (Normal) (G1 Evacuation Pause)
[2020-12-29T04:01:29.069-0500][gc,task        ] GC(24202) Using 8 workers of 8 for evacuation
[2020-12-29T04:01:29.074-0500][gc,phases      ] GC(24202)   Pre Evacuate Collection Set: 0.0ms
[2020-12-29T04:01:29.074-0500][gc,phases      ] GC(24202)   Evacuate Collection Set: 2.4ms
[2020-12-29T04:01:29.074-0500][gc,phases      ] GC(24202)   Post Evacuate Collection Set: 2.4ms
[2020-12-29T04:01:29.074-0500][gc,phases      ] GC(24202)   Other: 0.6ms
[2020-12-29T04:01:29.074-0500][gc,heap        ] GC(24202) Eden regions: 9->0(11)
[2020-12-29T04:01:29.074-0500][gc,heap        ] GC(24202) Survivor regions: 1->1(2)
[2020-12-29T04:01:29.074-0500][gc,heap        ] GC(24202) Old regions: 41->41
[2020-12-29T04:01:29.074-0500][gc,heap        ] GC(24202) Humongous regions: 4->4
[2020-12-29T04:01:29.074-0500][gc,metaspace   ] GC(24202) Metaspace: 50336K->50336K(1093632K)
[2020-12-29T04:01:29.074-0500][gc,heap        ] GC(24202) Heap after GC invocations=24203 (full 5609): garbage-first heap   total 66560K, used 43404K [0x0000000083000000, 0x0000000100000000)
[2020-12-29T04:01:29.074-0500][gc,heap        ] GC(24202)   region size 1024K, 1 young (1024K), 1 survivors (1024K)
[2020-12-29T04:01:29.075-0500][gc,heap        ] GC(24202)  Metaspace       used 50336K, capacity 52472K, committed 53888K, reserved 1093632K
[2020-12-29T04:01:29.075-0500][gc,heap        ] GC(24202)   class space    used 7457K, capacity 8250K, committed 8832K, reserved 1048576K
[2020-12-29T04:01:29.075-0500][gc             ] GC(24202) Pause Young (Normal) (G1 Evacuation Pause) 51M->42M(65M) 5.667ms
[2020-12-29T04:01:29.075-0500][gc,cpu         ] GC(24202) User=0.01s Sys=0.01s Real=0.00s
[2020-12-29T04:01:45.191-0500][gc,task        ] GC(24203) Using 5 workers of 8 for full compaction
[2020-12-29T04:01:45.191-0500][gc,start       ] GC(24203) Pause Full (System.gc())
[2020-12-29T04:01:45.191-0500][gc,heap        ] GC(24203) Heap before GC invocations=24203 (full 5609): garbage-first heap   total 66560K, used 43404K [0x0000000083000000, 0x0000000100000000)
[2020-12-29T04:01:45.191-0500][gc,heap        ] GC(24203)   region size 1024K, 2 young (2048K), 1 survivors (1024K)
[2020-12-29T04:01:45.191-0500][gc,heap        ] GC(24203)  Metaspace       used 50336K, capacity 52472K, committed 53888K, reserved 1093632K
[2020-12-29T04:01:45.191-0500][gc,heap        ] GC(24203)   class space    used 7457K, capacity 8250K, committed 8832K, reserved 1048576K
[2020-12-29T04:01:45.192-0500][gc,phases,start] GC(24203) Phase 1: Mark live objects
[2020-12-29T04:01:45.229-0500][gc,stringtable ] GC(24203) Cleaned string and symbol table, strings: 33323 processed, 4 removed, symbols: 120973 processed, 0 removed
[2020-12-29T04:01:45.229-0500][gc,phases      ] GC(24203) Phase 1: Mark live objects 37.388ms
[2020-12-29T04:01:45.229-0500][gc,phases,start] GC(24203) Phase 2: Prepare for compaction
[2020-12-29T04:01:45.235-0500][gc,phases      ] GC(24203) Phase 2: Prepare for compaction 5.231ms
[2020-12-29T04:01:45.235-0500][gc,phases,start] GC(24203) Phase 3: Adjust pointers
[2020-12-29T04:01:45.246-0500][gc,phases      ] GC(24203) Phase 3: Adjust pointers 10.995ms
[2020-12-29T04:01:45.246-0500][gc,phases,start] GC(24203) Phase 4: Compact heap
[2020-12-29T04:01:45.248-0500][gc,phases      ] GC(24203) Phase 4: Compact heap 2.493ms
[2020-12-29T04:01:45.255-0500][gc,heap        ] GC(24203) Eden regions: 1->0(11)
[2020-12-29T04:01:45.255-0500][gc,heap        ] GC(24203) Survivor regions: 1->0(2)
[2020-12-29T04:01:45.255-0500][gc,heap        ] GC(24203) Old regions: 41->40
[2020-12-29T04:01:45.255-0500][gc,heap        ] GC(24203) Humongous regions: 4->4
[2020-12-29T04:01:45.255-0500][gc,metaspace   ] GC(24203) Metaspace: 50336K->50336K(1093632K)
[2020-12-29T04:01:45.255-0500][gc,heap        ] GC(24203) Heap after GC invocations=24204 (full 5610): garbage-first heap   total 64512K, used 43331K [0x0000000083000000, 0x0000000100000000)
[2020-12-29T04:01:45.255-0500][gc,heap        ] GC(24203)   region size 1024K, 0 young (0K), 0 survivors (0K)
[2020-12-29T04:01:45.255-0500][gc,heap        ] GC(24203)  Metaspace       used 50336K, capacity 52472K, committed 53888K, reserved 1093632K
[2020-12-29T04:01:45.255-0500][gc,heap        ] GC(24203)   class space    used 7457K, capacity 8250K, committed 8832K, reserved 1048576K
[2020-12-29T04:01:45.255-0500][gc             ] GC(24203) Pause Full (System.gc()) 43M->42M(63M) 63.536ms
[2020-12-29T04:01:45.255-0500][gc,cpu         ] GC(24203) User=0.27s Sys=0.00s Real=0.06s
[2020-12-29T04:04:29.073-0500][gc,heap        ] GC(24204) Heap before GC invocations=24204 (full 5610): garbage-first heap   total 64512K, used 53571K [0x0000000083000000, 0x0000000100000000)
[2020-12-29T04:04:29.073-0500][gc,heap        ] GC(24204)   region size 1024K, 11 young (11264K), 0 survivors (0K)
[2020-12-29T04:04:29.073-0500][gc,heap        ] GC(24204)  Metaspace       used 50336K, capacity 52472K, committed 53888K, reserved 1093632K
[2020-12-29T04:04:29.073-0500][gc,heap        ] GC(24204)   class space    used 7457K, capacity 8250K, committed 8832K, reserved 1048576K
[2020-12-29T04:04:29.073-0500][gc,start       ] GC(24204) Pause Young (Concurrent Start) (G1 Evacuation Pause)
[2020-12-29T04:04:29.073-0500][gc,task        ] GC(24204) Using 8 workers of 8 for evacuation
[2020-12-29T04:04:29.081-0500][gc,phases      ] GC(24204)   Pre Evacuate Collection Set: 0.4ms
[2020-12-29T04:04:29.081-0500][gc,phases      ] GC(24204)   Evacuate Collection Set: 4.5ms
[2020-12-29T04:04:29.081-0500][gc,phases      ] GC(24204)   Post Evacuate Collection Set: 2.7ms
[2020-12-29T04:04:29.081-0500][gc,phases      ] GC(24204)   Other: 0.6ms
[2020-12-29T04:04:29.081-0500][gc,heap        ] GC(24204) Eden regions: 11->0(10)
[2020-12-29T04:04:29.081-0500][gc,heap        ] GC(24204) Survivor regions: 0->1(2)
[2020-12-29T04:04:29.082-0500][gc,heap        ] GC(24204) Old regions: 40->40
[2020-12-29T04:04:29.082-0500][gc,heap        ] GC(24204) Humongous regions: 4->4
[2020-12-29T04:04:29.082-0500][gc,metaspace   ] GC(24204) Metaspace: 50336K->50336K(1093632K)
[2020-12-29T04:04:29.082-0500][gc,heap        ] GC(24204) Heap after GC invocations=24205 (full 5610): garbage-first heap   total 64512K, used 43392K [0x0000000083000000, 0x0000000100000000)
[2020-12-29T04:04:29.082-0500][gc,heap        ] GC(24204)   region size 1024K, 1 young (1024K), 1 survivors (1024K)
[2020-12-29T04:04:29.082-0500][gc,heap        ] GC(24204)  Metaspace       used 50336K, capacity 52472K, committed 53888K, reserved 1093632K
[2020-12-29T04:04:29.082-0500][gc,heap        ] GC(24204)   class space    used 7457K, capacity 8250K, committed 8832K, reserved 1048576K
[2020-12-29T04:04:29.082-0500][gc             ] GC(24204) Pause Young (Concurrent Start) (G1 Evacuation Pause) 53M->42M(63M) 8.532ms
[2020-12-29T04:04:29.082-0500][gc,cpu         ] GC(24204) User=0.02s Sys=0.00s Real=0.01s
[2020-12-29T04:04:29.082-0500][gc             ] GC(24205) Concurrent Cycle
[2020-12-29T04:04:29.082-0500][gc,marking     ] GC(24205) Concurrent Clear Claimed Marks
[2020-12-29T04:04:29.083-0500][gc,marking     ] GC(24205) Concurrent Clear Claimed Marks 0.239ms
[2020-12-29T04:04:29.083-0500][gc,marking     ] GC(24205) Concurrent Scan Root Regions
[2020-12-29T04:04:29.085-0500][gc,marking     ] GC(24205) Concurrent Scan Root Regions 2.185ms
[2020-12-29T04:04:29.085-0500][gc,marking     ] GC(24205) Concurrent Mark (1682866.472s)
[2020-12-29T04:04:29.085-0500][gc,marking     ] GC(24205) Concurrent Mark From Roots
[2020-12-29T04:04:29.085-0500][gc,task        ] GC(24205) Using 2 workers of 2 for marking
[2020-12-29T04:04:29.143-0500][gc,marking     ] GC(24205) Concurrent Mark From Roots 57.468ms
[2020-12-29T04:04:29.143-0500][gc,marking     ] GC(24205) Concurrent Preclean
[2020-12-29T04:04:29.143-0500][gc,marking     ] GC(24205) Concurrent Preclean 0.151ms
[2020-12-29T04:04:29.143-0500][gc,marking     ] GC(24205) Concurrent Mark (1682866.472s, 1682866.530s) 57.709ms
[2020-12-29T04:04:29.143-0500][gc,start       ] GC(24205) Pause Remark
[2020-12-29T04:04:29.147-0500][gc,stringtable ] GC(24205) Cleaned string and symbol table, strings: 33323 processed, 0 removed, symbols: 120973 processed, 0 removed
[2020-12-29T04:04:29.147-0500][gc             ] GC(24205) Pause Remark 42M->42M(63M) 3.990ms
[2020-12-29T04:04:29.147-0500][gc,cpu         ] GC(24205) User=0.03s Sys=0.00s Real=0.00s
[2020-12-29T04:04:29.147-0500][gc,marking     ] GC(24205) Concurrent Rebuild Remembered Sets
[2020-12-29T04:04:29.165-0500][gc,marking     ] GC(24205) Concurrent Rebuild Remembered Sets 17.539ms
[2020-12-29T04:04:29.165-0500][gc,start       ] GC(24205) Pause Cleanup
[2020-12-29T04:04:29.165-0500][gc             ] GC(24205) Pause Cleanup 42M->42M(63M) 0.225ms
[2020-12-29T04:04:29.165-0500][gc,cpu         ] GC(24205) User=0.00s Sys=0.00s Real=0.00s
[2020-12-29T04:04:29.166-0500][gc,marking     ] GC(24205) Concurrent Cleanup for Next Mark
[2020-12-29T04:04:29.166-0500][gc,marking     ] GC(24205) Concurrent Cleanup for Next Mark 0.292ms
[2020-12-29T04:04:29.166-0500][gc             ] GC(24205) Concurrent Cycle 83.535ms
[2020-12-29T04:06:45.191-0500][gc,task        ] GC(24206) Using 5 workers of 8 for full compaction
[2020-12-29T04:06:45.192-0500][gc,start       ] GC(24206) Pause Full (System.gc())
[2020-12-29T04:06:45.192-0500][gc,heap        ] GC(24206) Heap before GC invocations=24206 (full 5610): garbage-first heap   total 64512K, used 50560K [0x0000000083000000, 0x0000000100000000)
[2020-12-29T04:06:45.192-0500][gc,heap        ] GC(24206)   region size 1024K, 10 young (10240K), 1 survivors (1024K)
[2020-12-29T04:06:45.192-0500][gc,heap        ] GC(24206)  Metaspace       used 50336K, capacity 52472K, committed 53888K, reserved 1093632K
[2020-12-29T04:06:45.192-0500][gc,heap        ] GC(24206)   class space    used 7457K, capacity 8250K, committed 8832K, reserved 1048576K
[2020-12-29T04:06:45.192-0500][gc,phases,start] GC(24206) Phase 1: Mark live objects
[2020-12-29T04:06:45.213-0500][gc,stringtable ] GC(24206) Cleaned string and symbol table, strings: 33323 processed, 4 removed, symbols: 120973 processed, 0 removed
[2020-12-29T04:06:45.213-0500][gc,phases      ] GC(24206) Phase 1: Mark live objects 20.953ms
[2020-12-29T04:06:45.213-0500][gc,phases,start] GC(24206) Phase 2: Prepare for compaction
[2020-12-29T04:06:45.216-0500][gc,phases      ] GC(24206) Phase 2: Prepare for compaction 3.614ms
[2020-12-29T04:06:45.216-0500][gc,phases,start] GC(24206) Phase 3: Adjust pointers
[2020-12-29T04:06:45.228-0500][gc,phases      ] GC(24206) Phase 3: Adjust pointers 11.355ms
[2020-12-29T04:06:45.228-0500][gc,phases,start] GC(24206) Phase 4: Compact heap
[2020-12-29T04:06:45.231-0500][gc,phases      ] GC(24206) Phase 4: Compact heap 3.089ms
[2020-12-29T04:06:45.235-0500][gc,heap        ] GC(24206) Eden regions: 9->0(9)
[2020-12-29T04:06:45.235-0500][gc,heap        ] GC(24206) Survivor regions: 1->0(2)
[2020-12-29T04:06:45.235-0500][gc,heap        ] GC(24206) Old regions: 40->42
[2020-12-29T04:06:45.235-0500][gc,heap        ] GC(24206) Humongous regions: 4->4
[2020-12-29T04:06:45.235-0500][gc,metaspace   ] GC(24206) Metaspace: 50336K->50336K(1093632K)
[2020-12-29T04:06:45.235-0500][gc,heap        ] GC(24206) Heap after GC invocations=24207 (full 5611): garbage-first heap   total 64512K, used 43369K [0x0000000083000000, 0x0000000100000000)
[2020-12-29T04:06:45.235-0500][gc,heap        ] GC(24206)   region size 1024K, 0 young (0K), 0 survivors (0K)
[2020-12-29T04:06:45.235-0500][gc,heap        ] GC(24206)  Metaspace       used 50336K, capacity 52472K, committed 53888K, reserved 1093632K
[2020-12-29T04:06:45.235-0500][gc,heap        ] GC(24206)   class space    used 7457K, capacity 8250K, committed 8832K, reserved 1048576K
[2020-12-29T04:06:45.235-0500][gc             ] GC(24206) Pause Full (System.gc()) 51M->42M(63M) 43.637ms
[2020-12-29T04:06:45.235-0500][gc,cpu         ] GC(24206) User=0.18s Sys=0.00s Real=0.04s
[2020-12-29T04:08:59.062-0500][gc,heap        ] GC(24207) Heap before GC invocations=24207 (full 5611): garbage-first heap   total 64512K, used 51561K [0x0000000083000000, 0x0000000100000000)
[2020-12-29T04:08:59.062-0500][gc,heap        ] GC(24207)   region size 1024K, 9 young (9216K), 0 survivors (0K)
[2020-12-29T04:08:59.062-0500][gc,heap        ] GC(24207)  Metaspace       used 50336K, capacity 52472K, committed 53888K, reserved 1093632K
[2020-12-29T04:08:59.062-0500][gc,heap        ] GC(24207)   class space    used 7457K, capacity 8250K, committed 8832K, reserved 1048576K
[2020-12-29T04:08:59.062-0500][gc,start       ] GC(24207) Pause Young (Concurrent Start) (G1 Evacuation Pause)
[2020-12-29T04:08:59.062-0500][gc,task        ] GC(24207) Using 8 workers of 8 for evacuation
[2020-12-29T04:08:59.068-0500][gc,phases      ] GC(24207)   Pre Evacuate Collection Set: 0.3ms
[2020-12-29T04:08:59.068-0500][gc,phases      ] GC(24207)   Evacuate Collection Set: 3.0ms
[2020-12-29T04:08:59.068-0500][gc,phases      ] GC(24207)   Post Evacuate Collection Set: 2.6ms
[2020-12-29T04:08:59.068-0500][gc,phases      ] GC(24207)   Other: 0.5ms
[2020-12-29T04:08:59.068-0500][gc,heap        ] GC(24207) Eden regions: 9->0(8)
[2020-12-29T04:08:59.068-0500][gc,heap        ] GC(24207) Survivor regions: 0->1(2)
[2020-12-29T04:08:59.068-0500][gc,heap        ] GC(24207) Old regions: 42->42
[2020-12-29T04:08:59.068-0500][gc,heap        ] GC(24207) Humongous regions: 4->4
[2020-12-29T04:08:59.068-0500][gc,metaspace   ] GC(24207) Metaspace: 50336K->50336K(1093632K)
[2020-12-29T04:08:59.068-0500][gc,heap        ] GC(24207) Heap after GC invocations=24208 (full 5611): garbage-first heap   total 64512K, used 43450K [0x0000000083000000, 0x0000000100000000)
[2020-12-29T04:08:59.068-0500][gc,heap        ] GC(24207)   region size 1024K, 1 young (1024K), 1 survivors (1024K)
[2020-12-29T04:08:59.068-0500][gc,heap        ] GC(24207)  Metaspace       used 50336K, capacity 52472K, committed 53888K, reserved 1093632K
[2020-12-29T04:08:59.068-0500][gc,heap        ] GC(24207)   class space    used 7457K, capacity 8250K, committed 8832K, reserved 1048576K
[2020-12-29T04:08:59.069-0500][gc             ] GC(24207) Pause Young (Concurrent Start) (G1 Evacuation Pause) 51M->42M(63M) 6.710ms
[2020-12-29T04:08:59.069-0500][gc,cpu         ] GC(24207) User=0.01s Sys=0.01s Real=0.01s
[2020-12-29T04:08:59.069-0500][gc             ] GC(24208) Concurrent Cycle
[2020-12-29T04:08:59.069-0500][gc,marking     ] GC(24208) Concurrent Clear Claimed Marks
[2020-12-29T04:08:59.069-0500][gc,marking     ] GC(24208) Concurrent Clear Claimed Marks 0.216ms
[2020-12-29T04:08:59.069-0500][gc,marking     ] GC(24208) Concurrent Scan Root Regions
[2020-12-29T04:08:59.079-0500][gc,marking     ] GC(24208) Concurrent Scan Root Regions 10.069ms
[2020-12-29T04:08:59.080-0500][gc,marking     ] GC(24208) Concurrent Mark (1683136.467s)
[2020-12-29T04:08:59.080-0500][gc,marking     ] GC(24208) Concurrent Mark From Roots
[2020-12-29T04:08:59.080-0500][gc,task        ] GC(24208) Using 2 workers of 2 for marking
[2020-12-29T04:08:59.146-0500][gc,marking     ] GC(24208) Concurrent Mark From Roots 65.981ms
[2020-12-29T04:08:59.146-0500][gc,marking     ] GC(24208) Concurrent Preclean
[2020-12-29T04:08:59.146-0500][gc,marking     ] GC(24208) Concurrent Preclean 0.147ms
[2020-12-29T04:08:59.146-0500][gc,marking     ] GC(24208) Concurrent Mark (1683136.467s, 1683136.533s) 66.223ms
[2020-12-29T04:08:59.146-0500][gc,start       ] GC(24208) Pause Remark
[2020-12-29T04:08:59.151-0500][gc,stringtable ] GC(24208) Cleaned string and symbol table, strings: 33323 processed, 0 removed, symbols: 120973 processed, 0 removed
[2020-12-29T04:08:59.151-0500][gc             ] GC(24208) Pause Remark 42M->42M(63M) 4.754ms
[2020-12-29T04:08:59.151-0500][gc,cpu         ] GC(24208) User=0.02s Sys=0.00s Real=0.01s
[2020-12-29T04:08:59.151-0500][gc,marking     ] GC(24208) Concurrent Rebuild Remembered Sets
[2020-12-29T04:08:59.171-0500][gc,marking     ] GC(24208) Concurrent Rebuild Remembered Sets 19.646ms
[2020-12-29T04:08:59.171-0500][gc,start       ] GC(24208) Pause Cleanup
[2020-12-29T04:08:59.171-0500][gc             ] GC(24208) Pause Cleanup 42M->42M(63M) 0.190ms
[2020-12-29T04:08:59.171-0500][gc,cpu         ] GC(24208) User=0.00s Sys=0.00s Real=0.00s
[2020-12-29T04:08:59.171-0500][gc,marking     ] GC(24208) Concurrent Cleanup for Next Mark
[2020-12-29T04:08:59.172-0500][gc,marking     ] GC(24208) Concurrent Cleanup for Next Mark 0.183ms
[2020-12-29T04:08:59.172-0500][gc             ] GC(24208) Concurrent Cycle 102.723ms
[2020-12-29T04:10:56.698-0500][gc,heap        ] GC(24209) Heap before GC invocations=24209 (full 5611): garbage-first heap   total 64512K, used 50610K [0x0000000083000000, 0x0000000100000000)
[2020-12-29T04:10:56.698-0500][gc,heap        ] GC(24209)   region size 1024K, 9 young (9216K), 1 survivors (1024K)
[2020-12-29T04:10:56.698-0500][gc,heap        ] GC(24209)  Metaspace       used 50336K, capacity 52472K, committed 53888K, reserved 1093632K
[2020-12-29T04:10:56.698-0500][gc,heap        ] GC(24209)   class space    used 7457K, capacity 8250K, committed 8832K, reserved 1048576K
[2020-12-29T04:10:56.698-0500][gc,start       ] GC(24209) Pause Young (Normal) (G1 Evacuation Pause)
[2020-12-29T04:10:56.699-0500][gc,task        ] GC(24209) Using 8 workers of 8 for evacuation
[2020-12-29T04:10:56.705-0500][gc,phases      ] GC(24209)   Pre Evacuate Collection Set: 0.0ms
[2020-12-29T04:10:56.706-0500][gc,phases      ] GC(24209)   Evacuate Collection Set: 3.9ms
[2020-12-29T04:10:56.706-0500][gc,phases      ] GC(24209)   Post Evacuate Collection Set: 2.8ms
[2020-12-29T04:10:56.706-0500][gc,phases      ] GC(24209)   Other: 0.6ms
[2020-12-29T04:10:56.706-0500][gc,heap        ] GC(24209) Eden regions: 8->0(9)
[2020-12-29T04:10:56.706-0500][gc,heap        ] GC(24209) Survivor regions: 1->1(2)
[2020-12-29T04:10:56.706-0500][gc,heap        ] GC(24209) Old regions: 41->41
[2020-12-29T04:10:56.706-0500][gc,heap        ] GC(24209) Humongous regions: 4->4
[2020-12-29T04:10:56.706-0500][gc,metaspace   ] GC(24209) Metaspace: 50336K->50336K(1093632K)
[2020-12-29T04:10:56.706-0500][gc,heap        ] GC(24209) Heap after GC invocations=24210 (full 5611): garbage-first heap   total 64512K, used 43419K [0x0000000083000000, 0x0000000100000000)
[2020-12-29T04:10:56.706-0500][gc,heap        ] GC(24209)   region size 1024K, 1 young (1024K), 1 survivors (1024K)
[2020-12-29T04:10:56.706-0500][gc,heap        ] GC(24209)  Metaspace       used 50336K, capacity 52472K, committed 53888K, reserved 1093632K
[2020-12-29T04:10:56.706-0500][gc,heap        ] GC(24209)   class space    used 7457K, capacity 8250K, committed 8832K, reserved 1048576K
[2020-12-29T04:10:56.706-0500][gc             ] GC(24209) Pause Young (Normal) (G1 Evacuation Pause) 50M->42M(63M) 7.334ms
[2020-12-29T04:10:56.706-0500][gc,cpu         ] GC(24209) User=0.03s Sys=0.00s Real=0.00s
[2020-12-29T04:11:45.191-0500][gc,task        ] GC(24210) Using 5 workers of 8 for full compaction
[2020-12-29T04:11:45.191-0500][gc,start       ] GC(24210) Pause Full (System.gc())
[2020-12-29T04:11:45.191-0500][gc,heap        ] GC(24210) Heap before GC invocations=24210 (full 5611): garbage-first heap   total 64512K, used 46491K [0x0000000083000000, 0x0000000100000000)
[2020-12-29T04:11:45.191-0500][gc,heap        ] GC(24210)   region size 1024K, 5 young (5120K), 1 survivors (1024K)
[2020-12-29T04:11:45.191-0500][gc,heap        ] GC(24210)  Metaspace       used 50336K, capacity 52472K, committed 53888K, reserved 1093632K
[2020-12-29T04:11:45.191-0500][gc,heap        ] GC(24210)   class space    used 7457K, capacity 8250K, committed 8832K, reserved 1048576K
[2020-12-29T04:11:45.192-0500][gc,phases,start] GC(24210) Phase 1: Mark live objects
[2020-12-29T04:11:45.230-0500][gc,stringtable ] GC(24210) Cleaned string and symbol table, strings: 33323 processed, 4 removed, symbols: 120973 processed, 0 removed
[2020-12-29T04:11:45.230-0500][gc,phases      ] GC(24210) Phase 1: Mark live objects 38.164ms
[2020-12-29T04:11:45.230-0500][gc,phases,start] GC(24210) Phase 2: Prepare for compaction
[2020-12-29T04:11:45.235-0500][gc,phases      ] GC(24210) Phase 2: Prepare for compaction 4.838ms
[2020-12-29T04:11:45.235-0500][gc,phases,start] GC(24210) Phase 3: Adjust pointers
[2020-12-29T04:11:45.247-0500][gc,phases      ] GC(24210) Phase 3: Adjust pointers 11.539ms
[2020-12-29T04:11:45.247-0500][gc,phases,start] GC(24210) Phase 4: Compact heap
[2020-12-29T04:11:45.249-0500][gc,phases      ] GC(24210) Phase 4: Compact heap 2.356ms
[2020-12-29T04:11:45.253-0500][gc,heap        ] GC(24210) Eden regions: 4->0(10)
[2020-12-29T04:11:45.253-0500][gc,heap        ] GC(24210) Survivor regions: 1->0(2)
[2020-12-29T04:11:45.253-0500][gc,heap        ] GC(24210) Old regions: 41->41
[2020-12-29T04:11:45.253-0500][gc,heap        ] GC(24210) Humongous regions: 4->4
[2020-12-29T04:11:45.253-0500][gc,metaspace   ] GC(24210) Metaspace: 50336K->50336K(1093632K)
[2020-12-29T04:11:45.253-0500][gc,heap        ] GC(24210) Heap after GC invocations=24211 (full 5612): garbage-first heap   total 64512K, used 43352K [0x0000000083000000, 0x0000000100000000)
[2020-12-29T04:11:45.253-0500][gc,heap        ] GC(24210)   region size 1024K, 0 young (0K), 0 survivors (0K)
[2020-12-29T04:11:45.253-0500][gc,heap        ] GC(24210)  Metaspace       used 50336K, capacity 52472K, committed 53888K, reserved 1093632K
[2020-12-29T04:11:45.253-0500][gc,heap        ] GC(24210)   class space    used 7457K, capacity 8250K, committed 8832K, reserved 1048576K
[2020-12-29T04:11:45.253-0500][gc             ] GC(24210) Pause Full (System.gc()) 46M->42M(63M) 62.038ms
[2020-12-29T04:11:45.253-0500][gc,cpu         ] GC(24210) User=0.27s Sys=0.00s Real=0.06s
[2020-12-29T04:14:09.070-0500][gc,heap        ] GC(24211) Heap before GC invocations=24211 (full 5612): garbage-first heap   total 64512K, used 53592K [0x0000000083000000, 0x0000000100000000)
[2020-12-29T04:14:09.070-0500][gc,heap        ] GC(24211)   region size 1024K, 10 young (10240K), 0 survivors (0K)
[2020-12-29T04:14:09.070-0500][gc,heap        ] GC(24211)  Metaspace       used 50336K, capacity 52472K, committed 53888K, reserved 1093632K
[2020-12-29T04:14:09.070-0500][gc,heap        ] GC(24211)   class space    used 7457K, capacity 8250K, committed 8832K, reserved 1048576K
[2020-12-29T04:14:09.070-0500][gc,start       ] GC(24211) Pause Young (Concurrent Start) (G1 Evacuation Pause)
[2020-12-29T04:14:09.070-0500][gc,task        ] GC(24211) Using 8 workers of 8 for evacuation
[2020-12-29T04:14:09.076-0500][gc,phases      ] GC(24211)   Pre Evacuate Collection Set: 0.3ms
[2020-12-29T04:14:09.076-0500][gc,phases      ] GC(24211)   Evacuate Collection Set: 2.4ms
[2020-12-29T04:14:09.076-0500][gc,phases      ] GC(24211)   Post Evacuate Collection Set: 2.9ms
[2020-12-29T04:14:09.076-0500][gc,phases      ] GC(24211)   Other: 0.5ms
[2020-12-29T04:14:09.076-0500][gc,heap        ] GC(24211) Eden regions: 10->0(9)
[2020-12-29T04:14:09.076-0500][gc,heap        ] GC(24211) Survivor regions: 0->1(2)
[2020-12-29T04:14:09.076-0500][gc,heap        ] GC(24211) Old regions: 41->41
[2020-12-29T04:14:09.076-0500][gc,heap        ] GC(24211) Humongous regions: 4->4
[2020-12-29T04:14:09.076-0500][gc,metaspace   ] GC(24211) Metaspace: 50336K->50336K(1093632K)
[2020-12-29T04:14:09.076-0500][gc,heap        ] GC(24211) Heap after GC invocations=24212 (full 5612): garbage-first heap   total 64512K, used 43420K [0x0000000083000000, 0x0000000100000000)
[2020-12-29T04:14:09.076-0500][gc,heap        ] GC(24211)   region size 1024K, 1 young (1024K), 1 survivors (1024K)
[2020-12-29T04:14:09.076-0500][gc,heap        ] GC(24211)  Metaspace       used 50336K, capacity 52472K, committed 53888K, reserved 1093632K
[2020-12-29T04:14:09.076-0500][gc,heap        ] GC(24211)   class space    used 7457K, capacity 8250K, committed 8832K, reserved 1048576K
[2020-12-29T04:14:09.076-0500][gc             ] GC(24211) Pause Young (Concurrent Start) (G1 Evacuation Pause) 52M->42M(63M) 6.309ms
[2020-12-29T04:14:09.077-0500][gc,cpu         ] GC(24211) User=0.01s Sys=0.01s Real=0.00s
[2020-12-29T04:14:09.077-0500][gc             ] GC(24212) Concurrent Cycle
[2020-12-29T04:14:09.077-0500][gc,marking     ] GC(24212) Concurrent Clear Claimed Marks
[2020-12-29T04:14:09.077-0500][gc,marking     ] GC(24212) Concurrent Clear Claimed Marks 0.382ms
[2020-12-29T04:14:09.077-0500][gc,marking     ] GC(24212) Concurrent Scan Root Regions
[2020-12-29T04:14:09.079-0500][gc,marking     ] GC(24212) Concurrent Scan Root Regions 1.321ms
[2020-12-29T04:14:09.079-0500][gc,marking     ] GC(24212) Concurrent Mark (1683446.466s)
[2020-12-29T04:14:09.079-0500][gc,marking     ] GC(24212) Concurrent Mark From Roots
[2020-12-29T04:14:09.079-0500][gc,task        ] GC(24212) Using 2 workers of 2 for marking
[2020-12-29T04:14:09.136-0500][gc,marking     ] GC(24212) Concurrent Mark From Roots 57.422ms
[2020-12-29T04:14:09.136-0500][gc,marking     ] GC(24212) Concurrent Preclean
[2020-12-29T04:14:09.137-0500][gc,marking     ] GC(24212) Concurrent Preclean 0.146ms
[2020-12-29T04:14:09.137-0500][gc,marking     ] GC(24212) Concurrent Mark (1683446.466s, 1683446.524s) 57.700ms
[2020-12-29T04:14:09.137-0500][gc,start       ] GC(24212) Pause Remark
[2020-12-29T04:14:09.142-0500][gc,stringtable ] GC(24212) Cleaned string and symbol table, strings: 33323 processed, 0 removed, symbols: 120973 processed, 0 removed
[2020-12-29T04:14:09.142-0500][gc             ] GC(24212) Pause Remark 42M->42M(63M) 5.299ms
[2020-12-29T04:14:09.142-0500][gc,cpu         ] GC(24212) User=0.02s Sys=0.00s Real=0.01s
[2020-12-29T04:14:09.142-0500][gc,marking     ] GC(24212) Concurrent Rebuild Remembered Sets
[2020-12-29T04:14:09.162-0500][gc,marking     ] GC(24212) Concurrent Rebuild Remembered Sets 19.630ms
[2020-12-29T04:14:09.162-0500][gc,start       ] GC(24212) Pause Cleanup
[2020-12-29T04:14:09.163-0500][gc             ] GC(24212) Pause Cleanup 42M->42M(63M) 0.267ms
[2020-12-29T04:14:09.163-0500][gc,cpu         ] GC(24212) User=0.00s Sys=0.00s Real=0.00s
[2020-12-29T04:14:09.163-0500][gc,marking     ] GC(24212) Concurrent Cleanup for Next Mark
[2020-12-29T04:14:09.163-0500][gc,marking     ] GC(24212) Concurrent Cleanup for Next Mark 0.197ms
[2020-12-29T04:14:09.163-0500][gc             ] GC(24212) Concurrent Cycle 86.255ms
[2020-12-29T04:16:29.061-0500][gc,heap        ] GC(24213) Heap before GC invocations=24213 (full 5612): garbage-first heap   total 64512K, used 52636K [0x0000000083000000, 0x0000000100000000)
[2020-12-29T04:16:29.061-0500][gc,heap        ] GC(24213)   region size 1024K, 10 young (10240K), 1 survivors (1024K)
[2020-12-29T04:16:29.061-0500][gc,heap        ] GC(24213)  Metaspace       used 50336K, capacity 52472K, committed 53888K, reserved 1093632K
[2020-12-29T04:16:29.061-0500][gc,heap        ] GC(24213)   class space    used 7457K, capacity 8250K, committed 8832K, reserved 1048576K
[2020-12-29T04:16:29.061-0500][gc,start       ] GC(24213) Pause Young (Normal) (G1 Evacuation Pause)
[2020-12-29T04:16:29.061-0500][gc,task        ] GC(24213) Using 8 workers of 8 for evacuation
[2020-12-29T04:16:29.065-0500][gc,phases      ] GC(24213)   Pre Evacuate Collection Set: 0.0ms
[2020-12-29T04:16:29.065-0500][gc,phases      ] GC(24213)   Evacuate Collection Set: 1.7ms
[2020-12-29T04:16:29.065-0500][gc,phases      ] GC(24213)   Post Evacuate Collection Set: 2.1ms
[2020-12-29T04:16:29.065-0500][gc,phases      ] GC(24213)   Other: 0.5ms
[2020-12-29T04:16:29.065-0500][gc,heap        ] GC(24213) Eden regions: 9->0(9)
[2020-12-29T04:16:29.065-0500][gc,heap        ] GC(24213) Survivor regions: 1->1(2)
[2020-12-29T04:16:29.065-0500][gc,heap        ] GC(24213) Old regions: 41->41
[2020-12-29T04:16:29.065-0500][gc,heap        ] GC(24213) Humongous regions: 4->4
[2020-12-29T04:16:29.065-0500][gc,metaspace   ] GC(24213) Metaspace: 50336K->50336K(1093632K)
[2020-12-29T04:16:29.065-0500][gc,heap        ] GC(24213) Heap after GC invocations=24214 (full 5612): garbage-first heap   total 64512K, used 43422K [0x0000000083000000, 0x0000000100000000)
[2020-12-29T04:16:29.065-0500][gc,heap        ] GC(24213)   region size 1024K, 1 young (1024K), 1 survivors (1024K)
[2020-12-29T04:16:29.065-0500][gc,heap        ] GC(24213)  Metaspace       used 50336K, capacity 52472K, committed 53888K, reserved 1093632K
[2020-12-29T04:16:29.065-0500][gc,heap        ] GC(24213)   class space    used 7457K, capacity 8250K, committed 8832K, reserved 1048576K
[2020-12-29T04:16:29.065-0500][gc             ] GC(24213) Pause Young (Normal) (G1 Evacuation Pause) 51M->42M(63M) 4.406ms
[2020-12-29T04:16:29.066-0500][gc,cpu         ] GC(24213) User=0.01s Sys=0.00s Real=0.00s
[2020-12-29T04:16:45.190-0500][gc,task        ] GC(24214) Using 5 workers of 8 for full compaction
[2020-12-29T04:16:45.190-0500][gc,start       ] GC(24214) Pause Full (System.gc())
[2020-12-29T04:16:45.190-0500][gc,heap        ] GC(24214) Heap before GC invocations=24214 (full 5612): garbage-first heap   total 64512K, used 43422K [0x0000000083000000, 0x0000000100000000)
[2020-12-29T04:16:45.190-0500][gc,heap        ] GC(24214)   region size 1024K, 3 young (3072K), 1 survivors (1024K)
[2020-12-29T04:16:45.190-0500][gc,heap        ] GC(24214)  Metaspace       used 50336K, capacity 52472K, committed 53888K, reserved 1093632K
[2020-12-29T04:16:45.190-0500][gc,heap        ] GC(24214)   class space    used 7457K, capacity 8250K, committed 8832K, reserved 1048576K
[2020-12-29T04:16:45.191-0500][gc,phases,start] GC(24214) Phase 1: Mark live objects
[2020-12-29T04:16:45.229-0500][gc,stringtable ] GC(24214) Cleaned string and symbol table, strings: 33323 processed, 4 removed, symbols: 120973 processed, 0 removed
[2020-12-29T04:16:45.229-0500][gc,phases      ] GC(24214) Phase 1: Mark live objects 38.305ms
[2020-12-29T04:16:45.229-0500][gc,phases,start] GC(24214) Phase 2: Prepare for compaction
[2020-12-29T04:16:45.234-0500][gc,phases      ] GC(24214) Phase 2: Prepare for compaction 5.021ms
[2020-12-29T04:16:45.234-0500][gc,phases,start] GC(24214) Phase 3: Adjust pointers
[2020-12-29T04:16:45.246-0500][gc,phases      ] GC(24214) Phase 3: Adjust pointers 11.845ms
[2020-12-29T04:16:45.246-0500][gc,phases,start] GC(24214) Phase 4: Compact heap
[2020-12-29T04:16:45.249-0500][gc,phases      ] GC(24214) Phase 4: Compact heap 2.542ms
[2020-12-29T04:16:45.253-0500][gc,heap        ] GC(24214) Eden regions: 2->0(10)
[2020-12-29T04:16:45.253-0500][gc,heap        ] GC(24214) Survivor regions: 1->0(2)
[2020-12-29T04:16:45.253-0500][gc,heap        ] GC(24214) Old regions: 41->41
[2020-12-29T04:16:45.253-0500][gc,heap        ] GC(24214) Humongous regions: 4->4
[2020-12-29T04:16:45.253-0500][gc,metaspace   ] GC(24214) Metaspace: 50336K->50336K(1093632K)
[2020-12-29T04:16:45.253-0500][gc,heap        ] GC(24214) Heap after GC invocations=24215 (full 5613): garbage-first heap   total 64512K, used 43331K [0x0000000083000000, 0x0000000100000000)
[2020-12-29T04:16:45.253-0500][gc,heap        ] GC(24214)   region size 1024K, 0 young (0K), 0 survivors (0K)
[2020-12-29T04:16:45.253-0500][gc,heap        ] GC(24214)  Metaspace       used 50336K, capacity 52472K, committed 53888K, reserved 1093632K
[2020-12-29T04:16:45.253-0500][gc,heap        ] GC(24214)   class space    used 7457K, capacity 8250K, committed 8832K, reserved 1048576K
[2020-12-29T04:16:45.253-0500][gc             ] GC(24214) Pause Full (System.gc()) 43M->42M(63M) 62.788ms
[2020-12-29T04:16:45.253-0500][gc,cpu         ] GC(24214) User=0.27s Sys=0.00s Real=0.06s
[2020-12-29T04:19:18.245-0500][gc,heap        ] GC(24215) Heap before GC invocations=24215 (full 5613): garbage-first heap   total 64512K, used 52547K [0x0000000083000000, 0x0000000100000000)
[2020-12-29T04:19:18.245-0500][gc,heap        ] GC(24215)   region size 1024K, 10 young (10240K), 0 survivors (0K)
[2020-12-29T04:19:18.245-0500][gc,heap        ] GC(24215)  Metaspace       used 50336K, capacity 52472K, committed 53888K, reserved 1093632K
[2020-12-29T04:19:18.245-0500][gc,heap        ] GC(24215)   class space    used 7457K, capacity 8250K, committed 8832K, reserved 1048576K
[2020-12-29T04:19:18.245-0500][gc,start       ] GC(24215) Pause Young (Concurrent Start) (G1 Evacuation Pause)
[2020-12-29T04:19:18.245-0500][gc,task        ] GC(24215) Using 8 workers of 8 for evacuation
[2020-12-29T04:19:18.253-0500][gc,phases      ] GC(24215)   Pre Evacuate Collection Set: 0.4ms
[2020-12-29T04:19:18.253-0500][gc,phases      ] GC(24215)   Evacuate Collection Set: 3.5ms
[2020-12-29T04:19:18.253-0500][gc,phases      ] GC(24215)   Post Evacuate Collection Set: 2.8ms
[2020-12-29T04:19:18.253-0500][gc,phases      ] GC(24215)   Other: 0.6ms
[2020-12-29T04:19:18.253-0500][gc,heap        ] GC(24215) Eden regions: 10->0(9)
[2020-12-29T04:19:18.253-0500][gc,heap        ] GC(24215) Survivor regions: 0->1(2)
[2020-12-29T04:19:18.253-0500][gc,heap        ] GC(24215) Old regions: 41->41
[2020-12-29T04:19:18.253-0500][gc,heap        ] GC(24215) Humongous regions: 4->4
[2020-12-29T04:19:18.253-0500][gc,metaspace   ] GC(24215) Metaspace: 50336K->50336K(1093632K)
[2020-12-29T04:19:18.253-0500][gc,heap        ] GC(24215) Heap after GC invocations=24216 (full 5613): garbage-first heap   total 64512K, used 43390K [0x0000000083000000, 0x0000000100000000)
[2020-12-29T04:19:18.253-0500][gc,heap        ] GC(24215)   region size 1024K, 1 young (1024K), 1 survivors (1024K)
[2020-12-29T04:19:18.253-0500][gc,heap        ] GC(24215)  Metaspace       used 50336K, capacity 52472K, committed 53888K, reserved 1093632K
[2020-12-29T04:19:18.253-0500][gc,heap        ] GC(24215)   class space    used 7457K, capacity 8250K, committed 8832K, reserved 1048576K
[2020-12-29T04:19:18.253-0500][gc             ] GC(24215) Pause Young (Concurrent Start) (G1 Evacuation Pause) 52M->42M(63M) 7.599ms
[2020-12-29T04:19:18.253-0500][gc,cpu         ] GC(24215) User=0.02s Sys=0.00s Real=0.01s
[2020-12-29T04:19:18.253-0500][gc             ] GC(24216) Concurrent Cycle
[2020-12-29T04:19:18.254-0500][gc,marking     ] GC(24216) Concurrent Clear Claimed Marks
[2020-12-29T04:19:18.254-0500][gc,marking     ] GC(24216) Concurrent Clear Claimed Marks 0.220ms
[2020-12-29T04:19:18.254-0500][gc,marking     ] GC(24216) Concurrent Scan Root Regions
[2020-12-29T04:19:18.255-0500][gc,marking     ] GC(24216) Concurrent Scan Root Regions 1.509ms
[2020-12-29T04:19:18.256-0500][gc,marking     ] GC(24216) Concurrent Mark (1683755.643s)
[2020-12-29T04:19:18.256-0500][gc,marking     ] GC(24216) Concurrent Mark From Roots
[2020-12-29T04:19:18.256-0500][gc,task        ] GC(24216) Using 2 workers of 2 for marking
[2020-12-29T04:19:18.319-0500][gc,marking     ] GC(24216) Concurrent Mark From Roots 63.740ms
[2020-12-29T04:19:18.319-0500][gc,marking     ] GC(24216) Concurrent Preclean
[2020-12-29T04:19:18.319-0500][gc,marking     ] GC(24216) Concurrent Preclean 0.158ms
[2020-12-29T04:19:18.319-0500][gc,marking     ] GC(24216) Concurrent Mark (1683755.643s, 1683755.707s) 63.989ms
[2020-12-29T04:19:18.320-0500][gc,start       ] GC(24216) Pause Remark
[2020-12-29T04:19:18.328-0500][gc,stringtable ] GC(24216) Cleaned string and symbol table, strings: 33323 processed, 0 removed, symbols: 120973 processed, 0 removed
[2020-12-29T04:19:18.328-0500][gc             ] GC(24216) Pause Remark 42M->42M(63M) 8.474ms
[2020-12-29T04:19:18.328-0500][gc,cpu         ] GC(24216) User=0.04s Sys=0.00s Real=0.01s
[2020-12-29T04:19:18.328-0500][gc,marking     ] GC(24216) Concurrent Rebuild Remembered Sets
[2020-12-29T04:19:18.353-0500][gc,marking     ] GC(24216) Concurrent Rebuild Remembered Sets 24.434ms
[2020-12-29T04:19:18.353-0500][gc,start       ] GC(24216) Pause Cleanup
[2020-12-29T04:19:18.353-0500][gc             ] GC(24216) Pause Cleanup 42M->42M(63M) 0.218ms
[2020-12-29T04:19:18.353-0500][gc,cpu         ] GC(24216) User=0.00s Sys=0.00s Real=0.00s
[2020-12-29T04:19:18.353-0500][gc,marking     ] GC(24216) Concurrent Cleanup for Next Mark
[2020-12-29T04:19:18.354-0500][gc,marking     ] GC(24216) Concurrent Cleanup for Next Mark 0.174ms
[2020-12-29T04:19:18.354-0500][gc             ] GC(24216) Concurrent Cycle 100.272ms
[2020-12-29T04:21:33.332-0500][gc,heap        ] GC(24217) Heap before GC invocations=24217 (full 5613): garbage-first heap   total 64512K, used 52606K [0x0000000083000000, 0x0000000100000000)
[2020-12-29T04:21:33.332-0500][gc,heap        ] GC(24217)   region size 1024K, 10 young (10240K), 1 survivors (1024K)
[2020-12-29T04:21:33.333-0500][gc,heap        ] GC(24217)  Metaspace       used 50336K, capacity 52472K, committed 53888K, reserved 1093632K
[2020-12-29T04:21:33.333-0500][gc,heap        ] GC(24217)   class space    used 7457K, capacity 8250K, committed 8832K, reserved 1048576K
[2020-12-29T04:21:33.333-0500][gc,start       ] GC(24217) Pause Young (Normal) (G1 Evacuation Pause)
[2020-12-29T04:21:33.333-0500][gc,task        ] GC(24217) Using 8 workers of 8 for evacuation
[2020-12-29T04:21:33.337-0500][gc,phases      ] GC(24217)   Pre Evacuate Collection Set: 0.0ms
[2020-12-29T04:21:33.337-0500][gc,phases      ] GC(24217)   Evacuate Collection Set: 2.1ms
[2020-12-29T04:21:33.337-0500][gc,phases      ] GC(24217)   Post Evacuate Collection Set: 2.3ms
[2020-12-29T04:21:33.337-0500][gc,phases      ] GC(24217)   Other: 0.5ms
[2020-12-29T04:21:33.337-0500][gc,heap        ] GC(24217) Eden regions: 9->0(9)
[2020-12-29T04:21:33.337-0500][gc,heap        ] GC(24217) Survivor regions: 1->1(2)
[2020-12-29T04:21:33.337-0500][gc,heap        ] GC(24217) Old regions: 41->41
[2020-12-29T04:21:33.338-0500][gc,heap        ] GC(24217) Humongous regions: 4->4
[2020-12-29T04:21:33.338-0500][gc,metaspace   ] GC(24217) Metaspace: 50336K->50336K(1093632K)
[2020-12-29T04:21:33.338-0500][gc,heap        ] GC(24217) Heap after GC invocations=24218 (full 5613): garbage-first heap   total 64512K, used 43382K [0x0000000083000000, 0x0000000100000000)
[2020-12-29T04:21:33.338-0500][gc,heap        ] GC(24217)   region size 1024K, 1 young (1024K), 1 survivors (1024K)
[2020-12-29T04:21:33.338-0500][gc,heap        ] GC(24217)  Metaspace       used 50336K, capacity 52472K, committed 53888K, reserved 1093632K
[2020-12-29T04:21:33.338-0500][gc,heap        ] GC(24217)   class space    used 7457K, capacity 8250K, committed 8832K, reserved 1048576K
[2020-12-29T04:21:33.338-0500][gc             ] GC(24217) Pause Young (Normal) (G1 Evacuation Pause) 51M->42M(63M) 5.048ms
[2020-12-29T04:21:33.338-0500][gc,cpu         ] GC(24217) User=0.01s Sys=0.01s Real=0.01s
[2020-12-29T04:21:45.189-0500][gc,task        ] GC(24218) Using 5 workers of 8 for full compaction
[2020-12-29T04:21:45.190-0500][gc,start       ] GC(24218) Pause Full (System.gc())
[2020-12-29T04:21:45.190-0500][gc,heap        ] GC(24218) Heap before GC invocations=24218 (full 5613): garbage-first heap   total 64512K, used 43382K [0x0000000083000000, 0x0000000100000000)
[2020-12-29T04:21:45.190-0500][gc,heap        ] GC(24218)   region size 1024K, 2 young (2048K), 1 survivors (1024K)
[2020-12-29T04:21:45.190-0500][gc,heap        ] GC(24218)  Metaspace       used 50336K, capacity 52472K, committed 53888K, reserved 1093632K
[2020-12-29T04:21:45.190-0500][gc,heap        ] GC(24218)   class space    used 7457K, capacity 8250K, committed 8832K, reserved 1048576K
[2020-12-29T04:21:45.190-0500][gc,phases,start] GC(24218) Phase 1: Mark live objects
[2020-12-29T04:21:45.226-0500][gc,stringtable ] GC(24218) Cleaned string and symbol table, strings: 33323 processed, 4 removed, symbols: 120973 processed, 0 removed
[2020-12-29T04:21:45.226-0500][gc,phases      ] GC(24218) Phase 1: Mark live objects 35.938ms
[2020-12-29T04:21:45.226-0500][gc,phases,start] GC(24218) Phase 2: Prepare for compaction
[2020-12-29T04:21:45.229-0500][gc,phases      ] GC(24218) Phase 2: Prepare for compaction 3.134ms
[2020-12-29T04:21:45.229-0500][gc,phases,start] GC(24218) Phase 3: Adjust pointers
[2020-12-29T04:21:45.240-0500][gc,phases      ] GC(24218) Phase 3: Adjust pointers 10.544ms
[2020-12-29T04:21:45.240-0500][gc,phases,start] GC(24218) Phase 4: Compact heap
[2020-12-29T04:21:45.242-0500][gc,phases      ] GC(24218) Phase 4: Compact heap 2.244ms
[2020-12-29T04:21:45.246-0500][gc,heap        ] GC(24218) Eden regions: 1->0(10)
[2020-12-29T04:21:45.246-0500][gc,heap        ] GC(24218) Survivor regions: 1->0(2)
[2020-12-29T04:21:45.246-0500][gc,heap        ] GC(24218) Old regions: 41->41
[2020-12-29T04:21:45.246-0500][gc,heap        ] GC(24218) Humongous regions: 4->4
[2020-12-29T04:21:45.246-0500][gc,metaspace   ] GC(24218) Metaspace: 50336K->50336K(1093632K)
[2020-12-29T04:21:45.246-0500][gc,heap        ] GC(24218) Heap after GC invocations=24219 (full 5614): garbage-first heap   total 64512K, used 43329K [0x0000000083000000, 0x0000000100000000)
[2020-12-29T04:21:45.246-0500][gc,heap        ] GC(24218)   region size 1024K, 0 young (0K), 0 survivors (0K)
[2020-12-29T04:21:45.246-0500][gc,heap        ] GC(24218)  Metaspace       used 50336K, capacity 52472K, committed 53888K, reserved 1093632K
[2020-12-29T04:21:45.246-0500][gc,heap        ] GC(24218)   class space    used 7457K, capacity 8250K, committed 8832K, reserved 1048576K
[2020-12-29T04:21:45.246-0500][gc             ] GC(24218) Pause Full (System.gc()) 43M->42M(63M) 56.772ms
[2020-12-29T04:21:45.246-0500][gc,cpu         ] GC(24218) User=0.25s Sys=0.00s Real=0.05s
[2020-12-29T04:24:09.742-0500][gc,heap        ] GC(24219) Heap before GC invocations=24219 (full 5614): garbage-first heap   total 64512K, used 52545K [0x0000000083000000, 0x0000000100000000)
[2020-12-29T04:24:09.743-0500][gc,heap        ] GC(24219)   region size 1024K, 10 young (10240K), 0 survivors (0K)
[2020-12-29T04:24:09.743-0500][gc,heap        ] GC(24219)  Metaspace       used 50336K, capacity 52472K, committed 53888K, reserved 1093632K
[2020-12-29T04:24:09.743-0500][gc,heap        ] GC(24219)   class space    used 7457K, capacity 8250K, committed 8832K, reserved 1048576K
[2020-12-29T04:24:09.743-0500][gc,start       ] GC(24219) Pause Young (Concurrent Start) (G1 Evacuation Pause)
[2020-12-29T04:24:09.743-0500][gc,task        ] GC(24219) Using 8 workers of 8 for evacuation
[2020-12-29T04:24:09.746-0500][gc,phases      ] GC(24219)   Pre Evacuate Collection Set: 0.2ms
[2020-12-29T04:24:09.746-0500][gc,phases      ] GC(24219)   Evacuate Collection Set: 1.2ms
[2020-12-29T04:24:09.746-0500][gc,phases      ] GC(24219)   Post Evacuate Collection Set: 1.7ms
[2020-12-29T04:24:09.746-0500][gc,phases      ] GC(24219)   Other: 0.3ms
[2020-12-29T04:24:09.746-0500][gc,heap        ] GC(24219) Eden regions: 10->0(9)
[2020-12-29T04:24:09.746-0500][gc,heap        ] GC(24219) Survivor regions: 0->1(2)
[2020-12-29T04:24:09.746-0500][gc,heap        ] GC(24219) Old regions: 41->41
[2020-12-29T04:24:09.746-0500][gc,heap        ] GC(24219) Humongous regions: 4->4
[2020-12-29T04:24:09.746-0500][gc,metaspace   ] GC(24219) Metaspace: 50336K->50336K(1093632K)
[2020-12-29T04:24:09.746-0500][gc,heap        ] GC(24219) Heap after GC invocations=24220 (full 5614): garbage-first heap   total 64512K, used 43399K [0x0000000083000000, 0x0000000100000000)
[2020-12-29T04:24:09.746-0500][gc,heap        ] GC(24219)   region size 1024K, 1 young (1024K), 1 survivors (1024K)
[2020-12-29T04:24:09.746-0500][gc,heap        ] GC(24219)  Metaspace       used 50336K, capacity 52472K, committed 53888K, reserved 1093632K
[2020-12-29T04:24:09.746-0500][gc,heap        ] GC(24219)   class space    used 7457K, capacity 8250K, committed 8832K, reserved 1048576K
[2020-12-29T04:24:09.746-0500][gc             ] GC(24219) Pause Young (Concurrent Start) (G1 Evacuation Pause) 52M->42M(63M) 3.462ms
[2020-12-29T04:24:09.746-0500][gc,cpu         ] GC(24219) User=0.00s Sys=0.01s Real=0.00s
[2020-12-29T04:24:09.746-0500][gc             ] GC(24220) Concurrent Cycle
[2020-12-29T04:24:09.746-0500][gc,marking     ] GC(24220) Concurrent Clear Claimed Marks
[2020-12-29T04:24:09.746-0500][gc,marking     ] GC(24220) Concurrent Clear Claimed Marks 0.131ms
[2020-12-29T04:24:09.746-0500][gc,marking     ] GC(24220) Concurrent Scan Root Regions
[2020-12-29T04:24:09.747-0500][gc,marking     ] GC(24220) Concurrent Scan Root Regions 0.910ms
[2020-12-29T04:24:09.747-0500][gc,marking     ] GC(24220) Concurrent Mark (1684047.134s)
[2020-12-29T04:24:09.747-0500][gc,marking     ] GC(24220) Concurrent Mark From Roots
[2020-12-29T04:24:09.747-0500][gc,task        ] GC(24220) Using 2 workers of 2 for marking
[2020-12-29T04:24:09.789-0500][gc,marking     ] GC(24220) Concurrent Mark From Roots 42.083ms
[2020-12-29T04:24:09.789-0500][gc,marking     ] GC(24220) Concurrent Preclean
[2020-12-29T04:24:09.790-0500][gc,marking     ] GC(24220) Concurrent Preclean 0.160ms
[2020-12-29T04:24:09.790-0500][gc,marking     ] GC(24220) Concurrent Mark (1684047.134s, 1684047.177s) 42.323ms
[2020-12-29T04:24:09.790-0500][gc,start       ] GC(24220) Pause Remark
[2020-12-29T04:24:09.795-0500][gc,stringtable ] GC(24220) Cleaned string and symbol table, strings: 33323 processed, 0 removed, symbols: 120973 processed, 0 removed
[2020-12-29T04:24:09.795-0500][gc             ] GC(24220) Pause Remark 42M->42M(63M) 4.994ms
[2020-12-29T04:24:09.795-0500][gc,cpu         ] GC(24220) User=0.02s Sys=0.00s Real=0.00s
[2020-12-29T04:24:09.795-0500][gc,marking     ] GC(24220) Concurrent Rebuild Remembered Sets
[2020-12-29T04:24:09.820-0500][gc,marking     ] GC(24220) Concurrent Rebuild Remembered Sets 24.894ms
[2020-12-29T04:24:09.820-0500][gc,start       ] GC(24220) Pause Cleanup
[2020-12-29T04:24:09.821-0500][gc             ] GC(24220) Pause Cleanup 42M->42M(63M) 0.302ms
[2020-12-29T04:24:09.821-0500][gc,cpu         ] GC(24220) User=0.00s Sys=0.00s Real=0.00s
[2020-12-29T04:24:09.821-0500][gc,marking     ] GC(24220) Concurrent Cleanup for Next Mark
[2020-12-29T04:24:09.821-0500][gc,marking     ] GC(24220) Concurrent Cleanup for Next Mark 0.223ms
[2020-12-29T04:24:09.821-0500][gc             ] GC(24220) Concurrent Cycle 74.964ms
[2020-12-29T04:26:29.069-0500][gc,heap        ] GC(24221) Heap before GC invocations=24221 (full 5614): garbage-first heap   total 64512K, used 51591K [0x0000000083000000, 0x0000000100000000)
[2020-12-29T04:26:29.069-0500][gc,heap        ] GC(24221)   region size 1024K, 10 young (10240K), 1 survivors (1024K)
[2020-12-29T04:26:29.069-0500][gc,heap        ] GC(24221)  Metaspace       used 50336K, capacity 52472K, committed 53888K, reserved 1093632K
[2020-12-29T04:26:29.069-0500][gc,heap        ] GC(24221)   class space    used 7457K, capacity 8250K, committed 8832K, reserved 1048576K
[2020-12-29T04:26:29.069-0500][gc,start       ] GC(24221) Pause Young (Normal) (G1 Evacuation Pause)
[2020-12-29T04:26:29.069-0500][gc,task        ] GC(24221) Using 8 workers of 8 for evacuation
[2020-12-29T04:26:29.074-0500][gc,phases      ] GC(24221)   Pre Evacuate Collection Set: 0.0ms
[2020-12-29T04:26:29.074-0500][gc,phases      ] GC(24221)   Evacuate Collection Set: 2.1ms
[2020-12-29T04:26:29.074-0500][gc,phases      ] GC(24221)   Post Evacuate Collection Set: 2.8ms
[2020-12-29T04:26:29.074-0500][gc,phases      ] GC(24221)   Other: 0.6ms
[2020-12-29T04:26:29.074-0500][gc,heap        ] GC(24221) Eden regions: 9->0(9)
[2020-12-29T04:26:29.074-0500][gc,heap        ] GC(24221) Survivor regions: 1->1(2)
[2020-12-29T04:26:29.074-0500][gc,heap        ] GC(24221) Old regions: 41->41
[2020-12-29T04:26:29.075-0500][gc,heap        ] GC(24221) Humongous regions: 4->4
[2020-12-29T04:26:29.075-0500][gc,metaspace   ] GC(24221) Metaspace: 50336K->50336K(1093632K)
[2020-12-29T04:26:29.075-0500][gc,heap        ] GC(24221) Heap after GC invocations=24222 (full 5614): garbage-first heap   total 64512K, used 43392K [0x0000000083000000, 0x0000000100000000)
[2020-12-29T04:26:29.075-0500][gc,heap        ] GC(24221)   region size 1024K, 1 young (1024K), 1 survivors (1024K)
[2020-12-29T04:26:29.075-0500][gc,heap        ] GC(24221)  Metaspace       used 50336K, capacity 52472K, committed 53888K, reserved 1093632K
[2020-12-29T04:26:29.075-0500][gc,heap        ] GC(24221)   class space    used 7457K, capacity 8250K, committed 8832K, reserved 1048576K
[2020-12-29T04:26:29.075-0500][gc             ] GC(24221) Pause Young (Normal) (G1 Evacuation Pause) 51M->42M(63M) 5.777ms
[2020-12-29T04:26:29.075-0500][gc,cpu         ] GC(24221) User=0.02s Sys=0.00s Real=0.00s
[2020-12-29T04:26:45.190-0500][gc,task        ] GC(24222) Using 5 workers of 8 for full compaction
[2020-12-29T04:26:45.191-0500][gc,start       ] GC(24222) Pause Full (System.gc())
[2020-12-29T04:26:45.191-0500][gc,heap        ] GC(24222) Heap before GC invocations=24222 (full 5614): garbage-first heap   total 64512K, used 43392K [0x0000000083000000, 0x0000000100000000)
[2020-12-29T04:26:45.191-0500][gc,heap        ] GC(24222)   region size 1024K, 2 young (2048K), 1 survivors (1024K)
[2020-12-29T04:26:45.191-0500][gc,heap        ] GC(24222)  Metaspace       used 50336K, capacity 52472K, committed 53888K, reserved 1093632K
[2020-12-29T04:26:45.191-0500][gc,heap        ] GC(24222)   class space    used 7457K, capacity 8250K, committed 8832K, reserved 1048576K
[2020-12-29T04:26:45.191-0500][gc,phases,start] GC(24222) Phase 1: Mark live objects
[2020-12-29T04:26:45.229-0500][gc,stringtable ] GC(24222) Cleaned string and symbol table, strings: 33323 processed, 4 removed, symbols: 120973 processed, 0 removed
[2020-12-29T04:26:45.229-0500][gc,phases      ] GC(24222) Phase 1: Mark live objects 38.025ms
[2020-12-29T04:26:45.229-0500][gc,phases,start] GC(24222) Phase 2: Prepare for compaction
[2020-12-29T04:26:45.233-0500][gc,phases      ] GC(24222) Phase 2: Prepare for compaction 3.760ms
[2020-12-29T04:26:45.233-0500][gc,phases,start] GC(24222) Phase 3: Adjust pointers
[2020-12-29T04:26:45.242-0500][gc,phases      ] GC(24222) Phase 3: Adjust pointers 9.154ms
[2020-12-29T04:26:45.242-0500][gc,phases,start] GC(24222) Phase 4: Compact heap
[2020-12-29T04:26:45.245-0500][gc,phases      ] GC(24222) Phase 4: Compact heap 2.493ms
[2020-12-29T04:26:45.249-0500][gc,heap        ] GC(24222) Eden regions: 1->0(9)
[2020-12-29T04:26:45.249-0500][gc,heap        ] GC(24222) Survivor regions: 1->0(2)
[2020-12-29T04:26:45.249-0500][gc,heap        ] GC(24222) Old regions: 41->42
[2020-12-29T04:26:45.249-0500][gc,heap        ] GC(24222) Humongous regions: 4->4
[2020-12-29T04:26:45.249-0500][gc,metaspace   ] GC(24222) Metaspace: 50336K->50336K(1093632K)
[2020-12-29T04:26:45.249-0500][gc,heap        ] GC(24222) Heap after GC invocations=24223 (full 5615): garbage-first heap   total 64512K, used 43330K [0x0000000083000000, 0x0000000100000000)
[2020-12-29T04:26:45.249-0500][gc,heap        ] GC(24222)   region size 1024K, 0 young (0K), 0 survivors (0K)
[2020-12-29T04:26:45.249-0500][gc,heap        ] GC(24222)  Metaspace       used 50336K, capacity 52472K, committed 53888K, reserved 1093632K
[2020-12-29T04:26:45.249-0500][gc,heap        ] GC(24222)   class space    used 7457K, capacity 8250K, committed 8832K, reserved 1048576K
[2020-12-29T04:26:45.249-0500][gc             ] GC(24222) Pause Full (System.gc()) 43M->42M(63M) 58.377ms
[2020-12-29T04:26:45.249-0500][gc,cpu         ] GC(24222) User=0.25s Sys=0.00s Real=0.06s
[2020-12-29T04:28:59.060-0500][gc,heap        ] GC(24223) Heap before GC invocations=24223 (full 5615): garbage-first heap   total 64512K, used 51522K [0x0000000083000000, 0x0000000100000000)
[2020-12-29T04:28:59.060-0500][gc,heap        ] GC(24223)   region size 1024K, 9 young (9216K), 0 survivors (0K)
[2020-12-29T04:28:59.060-0500][gc,heap        ] GC(24223)  Metaspace       used 50336K, capacity 52472K, committed 53888K, reserved 1093632K
[2020-12-29T04:28:59.060-0500][gc,heap        ] GC(24223)   class space    used 7457K, capacity 8250K, committed 8832K, reserved 1048576K
[2020-12-29T04:28:59.060-0500][gc,start       ] GC(24223) Pause Young (Concurrent Start) (G1 Evacuation Pause)
[2020-12-29T04:28:59.061-0500][gc,task        ] GC(24223) Using 8 workers of 8 for evacuation
[2020-12-29T04:28:59.065-0500][gc,phases      ] GC(24223)   Pre Evacuate Collection Set: 0.4ms
[2020-12-29T04:28:59.065-0500][gc,phases      ] GC(24223)   Evacuate Collection Set: 2.1ms
[2020-12-29T04:28:59.066-0500][gc,phases      ] GC(24223)   Post Evacuate Collection Set: 2.1ms
[2020-12-29T04:28:59.066-0500][gc,phases      ] GC(24223)   Other: 0.6ms
[2020-12-29T04:28:59.066-0500][gc,heap        ] GC(24223) Eden regions: 9->0(8)
[2020-12-29T04:28:59.066-0500][gc,heap        ] GC(24223) Survivor regions: 0->1(2)
[2020-12-29T04:28:59.066-0500][gc,heap        ] GC(24223) Old regions: 42->42
[2020-12-29T04:28:59.066-0500][gc,heap        ] GC(24223) Humongous regions: 4->4
[2020-12-29T04:28:59.066-0500][gc,metaspace   ] GC(24223) Metaspace: 50336K->50336K(1093632K)
[2020-12-29T04:28:59.066-0500][gc,heap        ] GC(24223) Heap after GC invocations=24224 (full 5615): garbage-first heap   total 64512K, used 43414K [0x0000000083000000, 0x0000000100000000)
[2020-12-29T04:28:59.066-0500][gc,heap        ] GC(24223)   region size 1024K, 1 young (1024K), 1 survivors (1024K)
[2020-12-29T04:28:59.066-0500][gc,heap        ] GC(24223)  Metaspace       used 50336K, capacity 52472K, committed 53888K, reserved 1093632K
[2020-12-29T04:28:59.066-0500][gc,heap        ] GC(24223)   class space    used 7457K, capacity 8250K, committed 8832K, reserved 1048576K
[2020-12-29T04:28:59.066-0500][gc             ] GC(24223) Pause Young (Concurrent Start) (G1 Evacuation Pause) 51M->42M(63M) 5.293ms
[2020-12-29T04:28:59.066-0500][gc,cpu         ] GC(24223) User=0.02s Sys=0.00s Real=0.00s
[2020-12-29T04:28:59.066-0500][gc             ] GC(24224) Concurrent Cycle
[2020-12-29T04:28:59.066-0500][gc,marking     ] GC(24224) Concurrent Clear Claimed Marks
[2020-12-29T04:28:59.067-0500][gc,marking     ] GC(24224) Concurrent Clear Claimed Marks 0.172ms
[2020-12-29T04:28:59.067-0500][gc,marking     ] GC(24224) Concurrent Scan Root Regions
[2020-12-29T04:28:59.068-0500][gc,marking     ] GC(24224) Concurrent Scan Root Regions 0.902ms
[2020-12-29T04:28:59.068-0500][gc,marking     ] GC(24224) Concurrent Mark (1684336.455s)
[2020-12-29T04:28:59.068-0500][gc,marking     ] GC(24224) Concurrent Mark From Roots
[2020-12-29T04:28:59.068-0500][gc,task        ] GC(24224) Using 2 workers of 2 for marking
[2020-12-29T04:28:59.132-0500][gc,marking     ] GC(24224) Concurrent Mark From Roots 63.858ms
[2020-12-29T04:28:59.132-0500][gc,marking     ] GC(24224) Concurrent Preclean
[2020-12-29T04:28:59.132-0500][gc,marking     ] GC(24224) Concurrent Preclean 0.320ms
[2020-12-29T04:28:59.132-0500][gc,marking     ] GC(24224) Concurrent Mark (1684336.455s, 1684336.519s) 64.300ms
[2020-12-29T04:28:59.132-0500][gc,start       ] GC(24224) Pause Remark
[2020-12-29T04:28:59.137-0500][gc,stringtable ] GC(24224) Cleaned string and symbol table, strings: 33323 processed, 0 removed, symbols: 120973 processed, 0 removed
[2020-12-29T04:28:59.137-0500][gc             ] GC(24224) Pause Remark 42M->42M(63M) 5.023ms
[2020-12-29T04:28:59.137-0500][gc,cpu         ] GC(24224) User=0.03s Sys=0.00s Real=0.00s
[2020-12-29T04:28:59.138-0500][gc,marking     ] GC(24224) Concurrent Rebuild Remembered Sets
[2020-12-29T04:28:59.156-0500][gc,marking     ] GC(24224) Concurrent Rebuild Remembered Sets 18.904ms
[2020-12-29T04:28:59.157-0500][gc,start       ] GC(24224) Pause Cleanup
[2020-12-29T04:28:59.157-0500][gc             ] GC(24224) Pause Cleanup 42M->42M(63M) 0.167ms
[2020-12-29T04:28:59.157-0500][gc,cpu         ] GC(24224) User=0.00s Sys=0.00s Real=0.00s
[2020-12-29T04:28:59.157-0500][gc,marking     ] GC(24224) Concurrent Cleanup for Next Mark
[2020-12-29T04:28:59.157-0500][gc,marking     ] GC(24224) Concurrent Cleanup for Next Mark 0.230ms
[2020-12-29T04:28:59.157-0500][gc             ] GC(24224) Concurrent Cycle 91.073ms
[2020-12-29T04:30:59.061-0500][gc,heap        ] GC(24225) Heap before GC invocations=24225 (full 5615): garbage-first heap   total 64512K, used 51606K [0x0000000083000000, 0x0000000100000000)
[2020-12-29T04:30:59.061-0500][gc,heap        ] GC(24225)   region size 1024K, 9 young (9216K), 1 survivors (1024K)
[2020-12-29T04:30:59.061-0500][gc,heap        ] GC(24225)  Metaspace       used 50336K, capacity 52472K, committed 53888K, reserved 1093632K
[2020-12-29T04:30:59.061-0500][gc,heap        ] GC(24225)   class space    used 7457K, capacity 8250K, committed 8832K, reserved 1048576K
[2020-12-29T04:30:59.061-0500][gc,start       ] GC(24225) Pause Young (Normal) (G1 Evacuation Pause)
[2020-12-29T04:30:59.061-0500][gc,task        ] GC(24225) Using 8 workers of 8 for evacuation
[2020-12-29T04:30:59.066-0500][gc,phases      ] GC(24225)   Pre Evacuate Collection Set: 0.0ms
[2020-12-29T04:30:59.066-0500][gc,phases      ] GC(24225)   Evacuate Collection Set: 1.9ms
[2020-12-29T04:30:59.066-0500][gc,phases      ] GC(24225)   Post Evacuate Collection Set: 2.2ms
[2020-12-29T04:30:59.066-0500][gc,phases      ] GC(24225)   Other: 0.4ms
[2020-12-29T04:30:59.066-0500][gc,heap        ] GC(24225) Eden regions: 8->0(8)
[2020-12-29T04:30:59.066-0500][gc,heap        ] GC(24225) Survivor regions: 1->1(2)
[2020-12-29T04:30:59.066-0500][gc,heap        ] GC(24225) Old regions: 42->42
[2020-12-29T04:30:59.066-0500][gc,heap        ] GC(24225) Humongous regions: 4->4
[2020-12-29T04:30:59.066-0500][gc,metaspace   ] GC(24225) Metaspace: 50336K->50336K(1093632K)
[2020-12-29T04:30:59.066-0500][gc,heap        ] GC(24225) Heap after GC invocations=24226 (full 5615): garbage-first heap   total 64512K, used 43410K [0x0000000083000000, 0x0000000100000000)
[2020-12-29T04:30:59.066-0500][gc,heap        ] GC(24225)   region size 1024K, 1 young (1024K), 1 survivors (1024K)
[2020-12-29T04:30:59.066-0500][gc,heap        ] GC(24225)  Metaspace       used 50336K, capacity 52472K, committed 53888K, reserved 1093632K
[2020-12-29T04:30:59.066-0500][gc,heap        ] GC(24225)   class space    used 7457K, capacity 8250K, committed 8832K, reserved 1048576K
[2020-12-29T04:30:59.066-0500][gc             ] GC(24225) Pause Young (Normal) (G1 Evacuation Pause) 50M->42M(63M) 4.780ms
[2020-12-29T04:30:59.066-0500][gc,cpu         ] GC(24225) User=0.02s Sys=0.00s Real=0.00s
[2020-12-29T04:31:45.190-0500][gc,task        ] GC(24226) Using 5 workers of 8 for full compaction
[2020-12-29T04:31:45.191-0500][gc,start       ] GC(24226) Pause Full (System.gc())
[2020-12-29T04:31:45.191-0500][gc,heap        ] GC(24226) Heap before GC invocations=24226 (full 5615): garbage-first heap   total 64512K, used 46482K [0x0000000083000000, 0x0000000100000000)
[2020-12-29T04:31:45.191-0500][gc,heap        ] GC(24226)   region size 1024K, 5 young (5120K), 1 survivors (1024K)
[2020-12-29T04:31:45.191-0500][gc,heap        ] GC(24226)  Metaspace       used 50336K, capacity 52472K, committed 53888K, reserved 1093632K
[2020-12-29T04:31:45.191-0500][gc,heap        ] GC(24226)   class space    used 7457K, capacity 8250K, committed 8832K, reserved 1048576K
[2020-12-29T04:31:45.191-0500][gc,phases,start] GC(24226) Phase 1: Mark live objects
[2020-12-29T04:31:45.231-0500][gc,stringtable ] GC(24226) Cleaned string and symbol table, strings: 33323 processed, 4 removed, symbols: 120973 processed, 0 removed
[2020-12-29T04:31:45.231-0500][gc,phases      ] GC(24226) Phase 1: Mark live objects 40.298ms
[2020-12-29T04:31:45.231-0500][gc,phases,start] GC(24226) Phase 2: Prepare for compaction
[2020-12-29T04:31:45.235-0500][gc,phases      ] GC(24226) Phase 2: Prepare for compaction 3.237ms
[2020-12-29T04:31:45.235-0500][gc,phases,start] GC(24226) Phase 3: Adjust pointers
[2020-12-29T04:31:45.244-0500][gc,phases      ] GC(24226) Phase 3: Adjust pointers 9.309ms
[2020-12-29T04:31:45.244-0500][gc,phases,start] GC(24226) Phase 4: Compact heap
[2020-12-29T04:31:45.247-0500][gc,phases      ] GC(24226) Phase 4: Compact heap 2.525ms
[2020-12-29T04:31:45.251-0500][gc,heap        ] GC(24226) Eden regions: 4->0(10)
[2020-12-29T04:31:45.251-0500][gc,heap        ] GC(24226) Survivor regions: 1->0(2)
[2020-12-29T04:31:45.251-0500][gc,heap        ] GC(24226) Old regions: 42->41
[2020-12-29T04:31:45.251-0500][gc,heap        ] GC(24226) Humongous regions: 4->4
[2020-12-29T04:31:45.251-0500][gc,metaspace   ] GC(24226) Metaspace: 50336K->50336K(1093632K)
[2020-12-29T04:31:45.251-0500][gc,heap        ] GC(24226) Heap after GC invocations=24227 (full 5616): garbage-first heap   total 64512K, used 43348K [0x0000000083000000, 0x0000000100000000)
[2020-12-29T04:31:45.251-0500][gc,heap        ] GC(24226)   region size 1024K, 0 young (0K), 0 survivors (0K)
[2020-12-29T04:31:45.251-0500][gc,heap        ] GC(24226)  Metaspace       used 50336K, capacity 52472K, committed 53888K, reserved 1093632K
[2020-12-29T04:31:45.251-0500][gc,heap        ] GC(24226)   class space    used 7457K, capacity 8250K, committed 8832K, reserved 1048576K
[2020-12-29T04:31:45.251-0500][gc             ] GC(24226) Pause Full (System.gc()) 45M->42M(63M) 60.408ms
[2020-12-29T04:31:45.251-0500][gc,cpu         ] GC(24226) User=0.26s Sys=0.00s Real=0.06s
[2020-12-29T04:34:10.437-0500][gc,heap        ] GC(24227) Heap before GC invocations=24227 (full 5616): garbage-first heap   total 64512K, used 52564K [0x0000000083000000, 0x0000000100000000)
[2020-12-29T04:34:10.437-0500][gc,heap        ] GC(24227)   region size 1024K, 10 young (10240K), 0 survivors (0K)
[2020-12-29T04:34:10.437-0500][gc,heap        ] GC(24227)  Metaspace       used 50336K, capacity 52472K, committed 53888K, reserved 1093632K
[2020-12-29T04:34:10.437-0500][gc,heap        ] GC(24227)   class space    used 7457K, capacity 8250K, committed 8832K, reserved 1048576K
[2020-12-29T04:34:10.437-0500][gc,start       ] GC(24227) Pause Young (Concurrent Start) (G1 Evacuation Pause)
[2020-12-29T04:34:10.437-0500][gc,task        ] GC(24227) Using 8 workers of 8 for evacuation
[2020-12-29T04:34:10.440-0500][gc,phases      ] GC(24227)   Pre Evacuate Collection Set: 0.2ms
[2020-12-29T04:34:10.440-0500][gc,phases      ] GC(24227)   Evacuate Collection Set: 1.2ms
[2020-12-29T04:34:10.440-0500][gc,phases      ] GC(24227)   Post Evacuate Collection Set: 0.9ms
[2020-12-29T04:34:10.440-0500][gc,phases      ] GC(24227)   Other: 0.2ms
[2020-12-29T04:34:10.440-0500][gc,heap        ] GC(24227) Eden regions: 10->0(9)
[2020-12-29T04:34:10.440-0500][gc,heap        ] GC(24227) Survivor regions: 0->1(2)
[2020-12-29T04:34:10.440-0500][gc,heap        ] GC(24227) Old regions: 41->41
[2020-12-29T04:34:10.440-0500][gc,heap        ] GC(24227) Humongous regions: 4->4
[2020-12-29T04:34:10.440-0500][gc,metaspace   ] GC(24227) Metaspace: 50336K->50336K(1093632K)
[2020-12-29T04:34:10.440-0500][gc,heap        ] GC(24227) Heap after GC invocations=24228 (full 5616): garbage-first heap   total 64512K, used 43421K [0x0000000083000000, 0x0000000100000000)
[2020-12-29T04:34:10.440-0500][gc,heap        ] GC(24227)   region size 1024K, 1 young (1024K), 1 survivors (1024K)
[2020-12-29T04:34:10.440-0500][gc,heap        ] GC(24227)  Metaspace       used 50336K, capacity 52472K, committed 53888K, reserved 1093632K
[2020-12-29T04:34:10.440-0500][gc,heap        ] GC(24227)   class space    used 7457K, capacity 8250K, committed 8832K, reserved 1048576K
[2020-12-29T04:34:10.440-0500][gc             ] GC(24227) Pause Young (Concurrent Start) (G1 Evacuation Pause) 52M->42M(63M) 2.628ms
[2020-12-29T04:34:10.440-0500][gc,cpu         ] GC(24227) User=0.00s Sys=0.00s Real=0.01s
[2020-12-29T04:34:10.440-0500][gc             ] GC(24228) Concurrent Cycle
[2020-12-29T04:34:10.440-0500][gc,marking     ] GC(24228) Concurrent Clear Claimed Marks
[2020-12-29T04:34:10.440-0500][gc,marking     ] GC(24228) Concurrent Clear Claimed Marks 0.055ms
[2020-12-29T04:34:10.440-0500][gc,marking     ] GC(24228) Concurrent Scan Root Regions
[2020-12-29T04:34:10.441-0500][gc,marking     ] GC(24228) Concurrent Scan Root Regions 0.473ms
[2020-12-29T04:34:10.441-0500][gc,marking     ] GC(24228) Concurrent Mark (1684647.828s)
[2020-12-29T04:34:10.441-0500][gc,marking     ] GC(24228) Concurrent Mark From Roots
[2020-12-29T04:34:10.441-0500][gc,task        ] GC(24228) Using 2 workers of 2 for marking
[2020-12-29T04:34:10.492-0500][gc,marking     ] GC(24228) Concurrent Mark From Roots 51.518ms
[2020-12-29T04:34:10.492-0500][gc,marking     ] GC(24228) Concurrent Preclean
[2020-12-29T04:34:10.493-0500][gc,marking     ] GC(24228) Concurrent Preclean 0.160ms
[2020-12-29T04:34:10.493-0500][gc,marking     ] GC(24228) Concurrent Mark (1684647.828s, 1684647.880s) 51.755ms
[2020-12-29T04:34:10.493-0500][gc,start       ] GC(24228) Pause Remark
[2020-12-29T04:34:10.497-0500][gc,stringtable ] GC(24228) Cleaned string and symbol table, strings: 33323 processed, 0 removed, symbols: 120973 processed, 0 removed
[2020-12-29T04:34:10.498-0500][gc             ] GC(24228) Pause Remark 42M->42M(63M) 4.891ms
[2020-12-29T04:34:10.498-0500][gc,cpu         ] GC(24228) User=0.02s Sys=0.00s Real=0.01s
[2020-12-29T04:34:10.498-0500][gc,marking     ] GC(24228) Concurrent Rebuild Remembered Sets
[2020-12-29T04:34:10.517-0500][gc,marking     ] GC(24228) Concurrent Rebuild Remembered Sets 19.561ms
[2020-12-29T04:34:10.518-0500][gc,start       ] GC(24228) Pause Cleanup
[2020-12-29T04:34:10.518-0500][gc             ] GC(24228) Pause Cleanup 42M->42M(63M) 0.199ms
[2020-12-29T04:34:10.518-0500][gc,cpu         ] GC(24228) User=0.00s Sys=0.00s Real=0.00s
[2020-12-29T04:34:10.518-0500][gc,marking     ] GC(24228) Concurrent Cleanup for Next Mark
[2020-12-29T04:34:10.518-0500][gc,marking     ] GC(24228) Concurrent Cleanup for Next Mark 0.185ms
[2020-12-29T04:34:10.518-0500][gc             ] GC(24228) Concurrent Cycle 78.317ms
[2020-12-29T04:36:29.066-0500][gc,heap        ] GC(24229) Heap before GC invocations=24229 (full 5616): garbage-first heap   total 64512K, used 51613K [0x0000000083000000, 0x0000000100000000)
[2020-12-29T04:36:29.066-0500][gc,heap        ] GC(24229)   region size 1024K, 10 young (10240K), 1 survivors (1024K)
[2020-12-29T04:36:29.066-0500][gc,heap        ] GC(24229)  Metaspace       used 50336K, capacity 52472K, committed 53888K, reserved 1093632K
[2020-12-29T04:36:29.066-0500][gc,heap        ] GC(24229)   class space    used 7457K, capacity 8250K, committed 8832K, reserved 1048576K
[2020-12-29T04:36:29.066-0500][gc,start       ] GC(24229) Pause Young (Normal) (G1 Evacuation Pause)
[2020-12-29T04:36:29.066-0500][gc,task        ] GC(24229) Using 8 workers of 8 for evacuation
[2020-12-29T04:36:29.094-0500][gc,phases      ] GC(24229)   Pre Evacuate Collection Set: 0.0ms
[2020-12-29T04:36:29.094-0500][gc,phases      ] GC(24229)   Evacuate Collection Set: 26.5ms
[2020-12-29T04:36:29.094-0500][gc,phases      ] GC(24229)   Post Evacuate Collection Set: 1.8ms
[2020-12-29T04:36:29.094-0500][gc,phases      ] GC(24229)   Other: 0.4ms
[2020-12-29T04:36:29.094-0500][gc,heap        ] GC(24229) Eden regions: 9->0(9)
[2020-12-29T04:36:29.094-0500][gc,heap        ] GC(24229) Survivor regions: 1->1(2)
[2020-12-29T04:36:29.094-0500][gc,heap        ] GC(24229) Old regions: 41->41
[2020-12-29T04:36:29.094-0500][gc,heap        ] GC(24229) Humongous regions: 4->4
[2020-12-29T04:36:29.094-0500][gc,metaspace   ] GC(24229) Metaspace: 50336K->50336K(1093632K)
[2020-12-29T04:36:29.094-0500][gc,heap        ] GC(24229) Heap after GC invocations=24230 (full 5616): garbage-first heap   total 64512K, used 43402K [0x0000000083000000, 0x0000000100000000)
[2020-12-29T04:36:29.094-0500][gc,heap        ] GC(24229)   region size 1024K, 1 young (1024K), 1 survivors (1024K)
[2020-12-29T04:36:29.094-0500][gc,heap        ] GC(24229)  Metaspace       used 50336K, capacity 52472K, committed 53888K, reserved 1093632K
[2020-12-29T04:36:29.094-0500][gc,heap        ] GC(24229)   class space    used 7457K, capacity 8250K, committed 8832K, reserved 1048576K
[2020-12-29T04:36:29.094-0500][gc             ] GC(24229) Pause Young (Normal) (G1 Evacuation Pause) 51M->42M(63M) 28.639ms
[2020-12-29T04:36:29.094-0500][gc,cpu         ] GC(24229) User=0.18s Sys=0.00s Real=0.03s
[2020-12-29T04:36:45.191-0500][gc,task        ] GC(24230) Using 5 workers of 8 for full compaction
[2020-12-29T04:36:45.192-0500][gc,start       ] GC(24230) Pause Full (System.gc())
[2020-12-29T04:36:45.192-0500][gc,heap        ] GC(24230) Heap before GC invocations=24230 (full 5616): garbage-first heap   total 64512K, used 44426K [0x0000000083000000, 0x0000000100000000)
[2020-12-29T04:36:45.192-0500][gc,heap        ] GC(24230)   region size 1024K, 3 young (3072K), 1 survivors (1024K)
[2020-12-29T04:36:45.192-0500][gc,heap        ] GC(24230)  Metaspace       used 50336K, capacity 52472K, committed 53888K, reserved 1093632K
[2020-12-29T04:36:45.192-0500][gc,heap        ] GC(24230)   class space    used 7457K, capacity 8250K, committed 8832K, reserved 1048576K
[2020-12-29T04:36:45.192-0500][gc,phases,start] GC(24230) Phase 1: Mark live objects
[2020-12-29T04:36:45.232-0500][gc,stringtable ] GC(24230) Cleaned string and symbol table, strings: 33323 processed, 4 removed, symbols: 120973 processed, 0 removed
[2020-12-29T04:36:45.232-0500][gc,phases      ] GC(24230) Phase 1: Mark live objects 39.407ms
[2020-12-29T04:36:45.232-0500][gc,phases,start] GC(24230) Phase 2: Prepare for compaction
[2020-12-29T04:36:45.235-0500][gc,phases      ] GC(24230) Phase 2: Prepare for compaction 3.151ms
[2020-12-29T04:36:45.235-0500][gc,phases,start] GC(24230) Phase 3: Adjust pointers
[2020-12-29T04:36:45.245-0500][gc,phases      ] GC(24230) Phase 3: Adjust pointers 9.951ms
[2020-12-29T04:36:45.245-0500][gc,phases,start] GC(24230) Phase 4: Compact heap
[2020-12-29T04:36:45.250-0500][gc,phases      ] GC(24230) Phase 4: Compact heap 4.794ms
[2020-12-29T04:36:45.254-0500][gc,heap        ] GC(24230) Eden regions: 2->0(10)
[2020-12-29T04:36:45.254-0500][gc,heap        ] GC(24230) Survivor regions: 1->0(2)
[2020-12-29T04:36:45.254-0500][gc,heap        ] GC(24230) Old regions: 41->41
[2020-12-29T04:36:45.254-0500][gc,heap        ] GC(24230) Humongous regions: 4->4
[2020-12-29T04:36:45.254-0500][gc,metaspace   ] GC(24230) Metaspace: 50336K->50336K(1093632K)
[2020-12-29T04:36:45.254-0500][gc,heap        ] GC(24230) Heap after GC invocations=24231 (full 5617): garbage-first heap   total 64512K, used 43330K [0x0000000083000000, 0x0000000100000000)
[2020-12-29T04:36:45.254-0500][gc,heap        ] GC(24230)   region size 1024K, 0 young (0K), 0 survivors (0K)
[2020-12-29T04:36:45.254-0500][gc,heap        ] GC(24230)  Metaspace       used 50336K, capacity 52472K, committed 53888K, reserved 1093632K
[2020-12-29T04:36:45.254-0500][gc,heap        ] GC(24230)   class space    used 7457K, capacity 8250K, committed 8832K, reserved 1048576K
[2020-12-29T04:36:45.254-0500][gc             ] GC(24230) Pause Full (System.gc()) 43M->42M(63M) 62.271ms
[2020-12-29T04:36:45.254-0500][gc,cpu         ] GC(24230) User=0.26s Sys=0.00s Real=0.06s
[2020-12-29T04:39:09.059-0500][gc,heap        ] GC(24231) Heap before GC invocations=24231 (full 5617): garbage-first heap   total 64512K, used 52546K [0x0000000083000000, 0x0000000100000000)
[2020-12-29T04:39:09.059-0500][gc,heap        ] GC(24231)   region size 1024K, 10 young (10240K), 0 survivors (0K)
[2020-12-29T04:39:09.059-0500][gc,heap        ] GC(24231)  Metaspace       used 50336K, capacity 52472K, committed 53888K, reserved 1093632K
[2020-12-29T04:39:09.059-0500][gc,heap        ] GC(24231)   class space    used 7457K, capacity 8250K, committed 8832K, reserved 1048576K
[2020-12-29T04:39:09.059-0500][gc,start       ] GC(24231) Pause Young (Concurrent Start) (G1 Evacuation Pause)
[2020-12-29T04:39:09.059-0500][gc,task        ] GC(24231) Using 8 workers of 8 for evacuation
[2020-12-29T04:39:09.069-0500][gc,phases      ] GC(24231)   Pre Evacuate Collection Set: 0.3ms
[2020-12-29T04:39:09.069-0500][gc,phases      ] GC(24231)   Evacuate Collection Set: 3.4ms
[2020-12-29T04:39:09.069-0500][gc,phases      ] GC(24231)   Post Evacuate Collection Set: 6.4ms
[2020-12-29T04:39:09.069-0500][gc,phases      ] GC(24231)   Other: 0.3ms
[2020-12-29T04:39:09.069-0500][gc,heap        ] GC(24231) Eden regions: 10->0(9)
[2020-12-29T04:39:09.069-0500][gc,heap        ] GC(24231) Survivor regions: 0->1(2)
[2020-12-29T04:39:09.069-0500][gc,heap        ] GC(24231) Old regions: 41->41
[2020-12-29T04:39:09.069-0500][gc,heap        ] GC(24231) Humongous regions: 4->4
[2020-12-29T04:39:09.069-0500][gc,metaspace   ] GC(24231) Metaspace: 50336K->50336K(1093632K)
[2020-12-29T04:39:09.069-0500][gc,heap        ] GC(24231) Heap after GC invocations=24232 (full 5617): garbage-first heap   total 64512K, used 43424K [0x0000000083000000, 0x0000000100000000)
[2020-12-29T04:39:09.069-0500][gc,heap        ] GC(24231)   region size 1024K, 1 young (1024K), 1 survivors (1024K)
[2020-12-29T04:39:09.069-0500][gc,heap        ] GC(24231)  Metaspace       used 50336K, capacity 52472K, committed 53888K, reserved 1093632K
[2020-12-29T04:39:09.069-0500][gc,heap        ] GC(24231)   class space    used 7457K, capacity 8250K, committed 8832K, reserved 1048576K
[2020-12-29T04:39:09.069-0500][gc             ] GC(24231) Pause Young (Concurrent Start) (G1 Evacuation Pause) 52M->42M(63M) 10.531ms
[2020-12-29T04:39:09.069-0500][gc,cpu         ] GC(24231) User=0.05s Sys=0.00s Real=0.01s
[2020-12-29T04:39:09.070-0500][gc             ] GC(24232) Concurrent Cycle
[2020-12-29T04:39:09.070-0500][gc,marking     ] GC(24232) Concurrent Clear Claimed Marks
[2020-12-29T04:39:09.070-0500][gc,marking     ] GC(24232) Concurrent Clear Claimed Marks 0.175ms
[2020-12-29T04:39:09.070-0500][gc,marking     ] GC(24232) Concurrent Scan Root Regions
[2020-12-29T04:39:09.071-0500][gc,marking     ] GC(24232) Concurrent Scan Root Regions 1.124ms
[2020-12-29T04:39:09.071-0500][gc,marking     ] GC(24232) Concurrent Mark (1684946.458s)
[2020-12-29T04:39:09.071-0500][gc,marking     ] GC(24232) Concurrent Mark From Roots
[2020-12-29T04:39:09.071-0500][gc,task        ] GC(24232) Using 2 workers of 2 for marking
[2020-12-29T04:39:09.109-0500][gc,marking     ] GC(24232) Concurrent Mark From Roots 37.833ms
[2020-12-29T04:39:09.109-0500][gc,marking     ] GC(24232) Concurrent Preclean
[2020-12-29T04:39:09.109-0500][gc,marking     ] GC(24232) Concurrent Preclean 0.149ms
[2020-12-29T04:39:09.109-0500][gc,marking     ] GC(24232) Concurrent Mark (1684946.458s, 1684946.496s) 38.061ms
[2020-12-29T04:39:09.109-0500][gc,start       ] GC(24232) Pause Remark
[2020-12-29T04:39:09.113-0500][gc,stringtable ] GC(24232) Cleaned string and symbol table, strings: 33323 processed, 0 removed, symbols: 120973 processed, 0 removed
[2020-12-29T04:39:09.114-0500][gc             ] GC(24232) Pause Remark 42M->42M(63M) 4.622ms
[2020-12-29T04:39:09.114-0500][gc,cpu         ] GC(24232) User=0.02s Sys=0.00s Real=0.00s
[2020-12-29T04:39:09.114-0500][gc,marking     ] GC(24232) Concurrent Rebuild Remembered Sets
[2020-12-29T04:39:09.133-0500][gc,marking     ] GC(24232) Concurrent Rebuild Remembered Sets 19.141ms
[2020-12-29T04:39:09.134-0500][gc,start       ] GC(24232) Pause Cleanup
[2020-12-29T04:39:09.134-0500][gc             ] GC(24232) Pause Cleanup 42M->42M(63M) 0.284ms
[2020-12-29T04:39:09.134-0500][gc,cpu         ] GC(24232) User=0.00s Sys=0.00s Real=0.00s
[2020-12-29T04:39:09.134-0500][gc,marking     ] GC(24232) Concurrent Cleanup for Next Mark
[2020-12-29T04:39:09.134-0500][gc,marking     ] GC(24232) Concurrent Cleanup for Next Mark 0.213ms
[2020-12-29T04:39:09.134-0500][gc             ] GC(24232) Concurrent Cycle 64.831ms
[2020-12-29T04:41:22.435-0500][gc,heap        ] GC(24233) Heap before GC invocations=24233 (full 5617): garbage-first heap   total 64512K, used 51616K [0x0000000083000000, 0x0000000100000000)
[2020-12-29T04:41:22.435-0500][gc,heap        ] GC(24233)   region size 1024K, 10 young (10240K), 1 survivors (1024K)
[2020-12-29T04:41:22.435-0500][gc,heap        ] GC(24233)  Metaspace       used 50336K, capacity 52472K, committed 53888K, reserved 1093632K
[2020-12-29T04:41:22.435-0500][gc,heap        ] GC(24233)   class space    used 7457K, capacity 8250K, committed 8832K, reserved 1048576K
[2020-12-29T04:41:22.435-0500][gc,start       ] GC(24233) Pause Young (Normal) (G1 Evacuation Pause)
[2020-12-29T04:41:22.435-0500][gc,task        ] GC(24233) Using 8 workers of 8 for evacuation
[2020-12-29T04:41:22.446-0500][gc,phases      ] GC(24233)   Pre Evacuate Collection Set: 0.0ms
[2020-12-29T04:41:22.446-0500][gc,phases      ] GC(24233)   Evacuate Collection Set: 0.8ms
[2020-12-29T04:41:22.446-0500][gc,phases      ] GC(24233)   Post Evacuate Collection Set: 9.8ms
[2020-12-29T04:41:22.446-0500][gc,phases      ] GC(24233)   Other: 0.2ms
[2020-12-29T04:41:22.446-0500][gc,heap        ] GC(24233) Eden regions: 9->0(9)
[2020-12-29T04:41:22.446-0500][gc,heap        ] GC(24233) Survivor regions: 1->1(2)
[2020-12-29T04:41:22.446-0500][gc,heap        ] GC(24233) Old regions: 41->41
[2020-12-29T04:41:22.446-0500][gc,heap        ] GC(24233) Humongous regions: 4->4
[2020-12-29T04:41:22.446-0500][gc,metaspace   ] GC(24233) Metaspace: 50336K->50336K(1093632K)
[2020-12-29T04:41:22.446-0500][gc,heap        ] GC(24233) Heap after GC invocations=24234 (full 5617): garbage-first heap   total 64512K, used 43385K [0x0000000083000000, 0x0000000100000000)
[2020-12-29T04:41:22.446-0500][gc,heap        ] GC(24233)   region size 1024K, 1 young (1024K), 1 survivors (1024K)
[2020-12-29T04:41:22.446-0500][gc,heap        ] GC(24233)  Metaspace       used 50336K, capacity 52472K, committed 53888K, reserved 1093632K
[2020-12-29T04:41:22.446-0500][gc,heap        ] GC(24233)   class space    used 7457K, capacity 8250K, committed 8832K, reserved 1048576K
[2020-12-29T04:41:22.446-0500][gc             ] GC(24233) Pause Young (Normal) (G1 Evacuation Pause) 51M->42M(63M) 10.860ms
[2020-12-29T04:41:22.446-0500][gc,cpu         ] GC(24233) User=0.06s Sys=0.00s Real=0.01s
[2020-12-29T04:41:45.189-0500][gc,task        ] GC(24234) Using 5 workers of 8 for full compaction
[2020-12-29T04:41:45.189-0500][gc,start       ] GC(24234) Pause Full (System.gc())
[2020-12-29T04:41:45.189-0500][gc,heap        ] GC(24234) Heap before GC invocations=24234 (full 5617): garbage-first heap   total 64512K, used 44409K [0x0000000083000000, 0x0000000100000000)
[2020-12-29T04:41:45.189-0500][gc,heap        ] GC(24234)   region size 1024K, 3 young (3072K), 1 survivors (1024K)
[2020-12-29T04:41:45.189-0500][gc,heap        ] GC(24234)  Metaspace       used 50336K, capacity 52472K, committed 53888K, reserved 1093632K
[2020-12-29T04:41:45.189-0500][gc,heap        ] GC(24234)   class space    used 7457K, capacity 8250K, committed 8832K, reserved 1048576K
[2020-12-29T04:41:45.189-0500][gc,phases,start] GC(24234) Phase 1: Mark live objects
[2020-12-29T04:41:45.210-0500][gc,stringtable ] GC(24234) Cleaned string and symbol table, strings: 33323 processed, 4 removed, symbols: 120973 processed, 0 removed
[2020-12-29T04:41:45.211-0500][gc,phases      ] GC(24234) Phase 1: Mark live objects 21.351ms
[2020-12-29T04:41:45.211-0500][gc,phases,start] GC(24234) Phase 2: Prepare for compaction
[2020-12-29T04:41:45.214-0500][gc,phases      ] GC(24234) Phase 2: Prepare for compaction 3.298ms
[2020-12-29T04:41:45.214-0500][gc,phases,start] GC(24234) Phase 3: Adjust pointers
[2020-12-29T04:41:45.225-0500][gc,phases      ] GC(24234) Phase 3: Adjust pointers 11.154ms
[2020-12-29T04:41:45.225-0500][gc,phases,start] GC(24234) Phase 4: Compact heap
[2020-12-29T04:41:45.228-0500][gc,phases      ] GC(24234) Phase 4: Compact heap 2.961ms
[2020-12-29T04:41:45.232-0500][gc,heap        ] GC(24234) Eden regions: 2->0(10)
[2020-12-29T04:41:45.232-0500][gc,heap        ] GC(24234) Survivor regions: 1->0(2)
[2020-12-29T04:41:45.232-0500][gc,heap        ] GC(24234) Old regions: 41->41
[2020-12-29T04:41:45.232-0500][gc,heap        ] GC(24234) Humongous regions: 4->4
[2020-12-29T04:41:45.232-0500][gc,metaspace   ] GC(24234) Metaspace: 50336K->50336K(1093632K)
[2020-12-29T04:41:45.232-0500][gc,heap        ] GC(24234) Heap after GC invocations=24235 (full 5618): garbage-first heap   total 64512K, used 43333K [0x0000000083000000, 0x0000000100000000)
[2020-12-29T04:41:45.232-0500][gc,heap        ] GC(24234)   region size 1024K, 0 young (0K), 0 survivors (0K)
[2020-12-29T04:41:45.232-0500][gc,heap        ] GC(24234)  Metaspace       used 50336K, capacity 52472K, committed 53888K, reserved 1093632K
[2020-12-29T04:41:45.232-0500][gc,heap        ] GC(24234)   class space    used 7457K, capacity 8250K, committed 8832K, reserved 1048576K
[2020-12-29T04:41:45.232-0500][gc             ] GC(24234) Pause Full (System.gc()) 43M->42M(63M) 43.588ms
[2020-12-29T04:41:45.233-0500][gc,cpu         ] GC(24234) User=0.18s Sys=0.00s Real=0.04s
[2020-12-29T04:44:10.880-0500][gc,heap        ] GC(24235) Heap before GC invocations=24235 (full 5618): garbage-first heap   total 64512K, used 52549K [0x0000000083000000, 0x0000000100000000)
[2020-12-29T04:44:10.880-0500][gc,heap        ] GC(24235)   region size 1024K, 10 young (10240K), 0 survivors (0K)
[2020-12-29T04:44:10.881-0500][gc,heap        ] GC(24235)  Metaspace       used 50336K, capacity 52472K, committed 53888K, reserved 1093632K
[2020-12-29T04:44:10.881-0500][gc,heap        ] GC(24235)   class space    used 7457K, capacity 8250K, committed 8832K, reserved 1048576K
[2020-12-29T04:44:10.881-0500][gc,start       ] GC(24235) Pause Young (Concurrent Start) (G1 Evacuation Pause)
[2020-12-29T04:44:10.881-0500][gc,task        ] GC(24235) Using 8 workers of 8 for evacuation
[2020-12-29T04:44:10.885-0500][gc,phases      ] GC(24235)   Pre Evacuate Collection Set: 0.2ms
[2020-12-29T04:44:10.885-0500][gc,phases      ] GC(24235)   Evacuate Collection Set: 2.3ms
[2020-12-29T04:44:10.885-0500][gc,phases      ] GC(24235)   Post Evacuate Collection Set: 1.4ms
[2020-12-29T04:44:10.885-0500][gc,phases      ] GC(24235)   Other: 0.6ms
[2020-12-29T04:44:10.885-0500][gc,heap        ] GC(24235) Eden regions: 10->0(9)
[2020-12-29T04:44:10.885-0500][gc,heap        ] GC(24235) Survivor regions: 0->1(2)
[2020-12-29T04:44:10.885-0500][gc,heap        ] GC(24235) Old regions: 41->41
[2020-12-29T04:44:10.885-0500][gc,heap        ] GC(24235) Humongous regions: 4->4
[2020-12-29T04:44:10.885-0500][gc,metaspace   ] GC(24235) Metaspace: 50336K->50336K(1093632K)
[2020-12-29T04:44:10.885-0500][gc,heap        ] GC(24235) Heap after GC invocations=24236 (full 5618): garbage-first heap   total 64512K, used 43400K [0x0000000083000000, 0x0000000100000000)
[2020-12-29T04:44:10.885-0500][gc,heap        ] GC(24235)   region size 1024K, 1 young (1024K), 1 survivors (1024K)
[2020-12-29T04:44:10.885-0500][gc,heap        ] GC(24235)  Metaspace       used 50336K, capacity 52472K, committed 53888K, reserved 1093632K
[2020-12-29T04:44:10.885-0500][gc,heap        ] GC(24235)   class space    used 7457K, capacity 8250K, committed 8832K, reserved 1048576K
[2020-12-29T04:44:10.885-0500][gc             ] GC(24235) Pause Young (Concurrent Start) (G1 Evacuation Pause) 52M->42M(63M) 4.313ms
[2020-12-29T04:44:10.885-0500][gc,cpu         ] GC(24235) User=0.02s Sys=0.00s Real=0.00s
[2020-12-29T04:44:10.885-0500][gc             ] GC(24236) Concurrent Cycle
[2020-12-29T04:44:10.885-0500][gc,marking     ] GC(24236) Concurrent Clear Claimed Marks
[2020-12-29T04:44:10.885-0500][gc,marking     ] GC(24236) Concurrent Clear Claimed Marks 0.186ms
[2020-12-29T04:44:10.885-0500][gc,marking     ] GC(24236) Concurrent Scan Root Regions
[2020-12-29T04:44:10.886-0500][gc,marking     ] GC(24236) Concurrent Scan Root Regions 0.685ms
[2020-12-29T04:44:10.886-0500][gc,marking     ] GC(24236) Concurrent Mark (1685248.273s)
[2020-12-29T04:44:10.886-0500][gc,marking     ] GC(24236) Concurrent Mark From Roots
[2020-12-29T04:44:10.886-0500][gc,task        ] GC(24236) Using 2 workers of 2 for marking
[2020-12-29T04:44:10.935-0500][gc,marking     ] GC(24236) Concurrent Mark From Roots 49.256ms
[2020-12-29T04:44:10.936-0500][gc,marking     ] GC(24236) Concurrent Preclean
[2020-12-29T04:44:10.936-0500][gc,marking     ] GC(24236) Concurrent Preclean 0.184ms
[2020-12-29T04:44:10.936-0500][gc,marking     ] GC(24236) Concurrent Mark (1685248.273s, 1685248.323s) 49.525ms
[2020-12-29T04:44:10.936-0500][gc,start       ] GC(24236) Pause Remark
[2020-12-29T04:44:10.941-0500][gc,stringtable ] GC(24236) Cleaned string and symbol table, strings: 33323 processed, 0 removed, symbols: 120973 processed, 0 removed
[2020-12-29T04:44:10.941-0500][gc             ] GC(24236) Pause Remark 42M->42M(63M) 5.103ms
[2020-12-29T04:44:10.941-0500][gc,cpu         ] GC(24236) User=0.02s Sys=0.00s Real=0.01s
[2020-12-29T04:44:10.941-0500][gc,marking     ] GC(24236) Concurrent Rebuild Remembered Sets
[2020-12-29T04:44:10.962-0500][gc,marking     ] GC(24236) Concurrent Rebuild Remembered Sets 20.579ms
[2020-12-29T04:44:10.962-0500][gc,start       ] GC(24236) Pause Cleanup
[2020-12-29T04:44:10.962-0500][gc             ] GC(24236) Pause Cleanup 42M->42M(63M) 0.239ms
[2020-12-29T04:44:10.962-0500][gc,cpu         ] GC(24236) User=0.00s Sys=0.00s Real=0.00s
[2020-12-29T04:44:10.963-0500][gc,marking     ] GC(24236) Concurrent Cleanup for Next Mark
[2020-12-29T04:44:10.963-0500][gc,marking     ] GC(24236) Concurrent Cleanup for Next Mark 0.248ms
[2020-12-29T04:44:10.963-0500][gc             ] GC(24236) Concurrent Cycle 77.707ms
[2020-12-29T04:46:27.474-0500][gc,heap        ] GC(24237) Heap before GC invocations=24237 (full 5618): garbage-first heap   total 64512K, used 51592K [0x0000000083000000, 0x0000000100000000)
[2020-12-29T04:46:27.474-0500][gc,heap        ] GC(24237)   region size 1024K, 10 young (10240K), 1 survivors (1024K)
[2020-12-29T04:46:27.474-0500][gc,heap        ] GC(24237)  Metaspace       used 50336K, capacity 52472K, committed 53888K, reserved 1093632K
[2020-12-29T04:46:27.474-0500][gc,heap        ] GC(24237)   class space    used 7457K, capacity 8250K, committed 8832K, reserved 1048576K
[2020-12-29T04:46:27.474-0500][gc,start       ] GC(24237) Pause Young (Normal) (G1 Evacuation Pause)
[2020-12-29T04:46:27.474-0500][gc,task        ] GC(24237) Using 8 workers of 8 for evacuation
[2020-12-29T04:46:27.477-0500][gc,phases      ] GC(24237)   Pre Evacuate Collection Set: 0.0ms
[2020-12-29T04:46:27.477-0500][gc,phases      ] GC(24237)   Evacuate Collection Set: 1.7ms
[2020-12-29T04:46:27.477-0500][gc,phases      ] GC(24237)   Post Evacuate Collection Set: 1.4ms
[2020-12-29T04:46:27.477-0500][gc,phases      ] GC(24237)   Other: 0.4ms
[2020-12-29T04:46:27.477-0500][gc,heap        ] GC(24237) Eden regions: 9->0(9)
[2020-12-29T04:46:27.477-0500][gc,heap        ] GC(24237) Survivor regions: 1->1(2)
[2020-12-29T04:46:27.477-0500][gc,heap        ] GC(24237) Old regions: 41->41
[2020-12-29T04:46:27.477-0500][gc,heap        ] GC(24237) Humongous regions: 4->4
[2020-12-29T04:46:27.477-0500][gc,metaspace   ] GC(24237) Metaspace: 50336K->50336K(1093632K)
[2020-12-29T04:46:27.477-0500][gc,heap        ] GC(24237) Heap after GC invocations=24238 (full 5618): garbage-first heap   total 64512K, used 43399K [0x0000000083000000, 0x0000000100000000)
[2020-12-29T04:46:27.477-0500][gc,heap        ] GC(24237)   region size 1024K, 1 young (1024K), 1 survivors (1024K)
[2020-12-29T04:46:27.477-0500][gc,heap        ] GC(24237)  Metaspace       used 50336K, capacity 52472K, committed 53888K, reserved 1093632K
[2020-12-29T04:46:27.477-0500][gc,heap        ] GC(24237)   class space    used 7457K, capacity 8250K, committed 8832K, reserved 1048576K
[2020-12-29T04:46:27.477-0500][gc             ] GC(24237) Pause Young (Normal) (G1 Evacuation Pause) 51M->42M(63M) 3.706ms
[2020-12-29T04:46:27.478-0500][gc,cpu         ] GC(24237) User=0.01s Sys=0.00s Real=0.01s
[2020-12-29T04:46:45.189-0500][gc,task        ] GC(24238) Using 5 workers of 8 for full compaction
[2020-12-29T04:46:45.189-0500][gc,start       ] GC(24238) Pause Full (System.gc())
[2020-12-29T04:46:45.189-0500][gc,heap        ] GC(24238) Heap before GC invocations=24238 (full 5618): garbage-first heap   total 64512K, used 44423K [0x0000000083000000, 0x0000000100000000)
[2020-12-29T04:46:45.189-0500][gc,heap        ] GC(24238)   region size 1024K, 3 young (3072K), 1 survivors (1024K)
[2020-12-29T04:46:45.189-0500][gc,heap        ] GC(24238)  Metaspace       used 50336K, capacity 52472K, committed 53888K, reserved 1093632K
[2020-12-29T04:46:45.189-0500][gc,heap        ] GC(24238)   class space    used 7457K, capacity 8250K, committed 8832K, reserved 1048576K
[2020-12-29T04:46:45.190-0500][gc,phases,start] GC(24238) Phase 1: Mark live objects
[2020-12-29T04:46:45.233-0500][gc,stringtable ] GC(24238) Cleaned string and symbol table, strings: 33323 processed, 4 removed, symbols: 120973 processed, 0 removed
[2020-12-29T04:46:45.234-0500][gc,phases      ] GC(24238) Phase 1: Mark live objects 43.948ms
[2020-12-29T04:46:45.234-0500][gc,phases,start] GC(24238) Phase 2: Prepare for compaction
[2020-12-29T04:46:45.237-0500][gc,phases      ] GC(24238) Phase 2: Prepare for compaction 3.218ms
[2020-12-29T04:46:45.237-0500][gc,phases,start] GC(24238) Phase 3: Adjust pointers
[2020-12-29T04:46:45.246-0500][gc,phases      ] GC(24238) Phase 3: Adjust pointers 9.487ms
[2020-12-29T04:46:45.246-0500][gc,phases,start] GC(24238) Phase 4: Compact heap
[2020-12-29T04:46:45.249-0500][gc,phases      ] GC(24238) Phase 4: Compact heap 2.655ms
[2020-12-29T04:46:45.253-0500][gc,heap        ] GC(24238) Eden regions: 2->0(9)
[2020-12-29T04:46:45.253-0500][gc,heap        ] GC(24238) Survivor regions: 1->0(2)
[2020-12-29T04:46:45.253-0500][gc,heap        ] GC(24238) Old regions: 41->42
[2020-12-29T04:46:45.253-0500][gc,heap        ] GC(24238) Humongous regions: 4->4
[2020-12-29T04:46:45.253-0500][gc,metaspace   ] GC(24238) Metaspace: 50336K->50336K(1093632K)
[2020-12-29T04:46:45.253-0500][gc,heap        ] GC(24238) Heap after GC invocations=24239 (full 5619): garbage-first heap   total 64512K, used 43330K [0x0000000083000000, 0x0000000100000000)
[2020-12-29T04:46:45.253-0500][gc,heap        ] GC(24238)   region size 1024K, 0 young (0K), 0 survivors (0K)
[2020-12-29T04:46:45.253-0500][gc,heap        ] GC(24238)  Metaspace       used 50336K, capacity 52472K, committed 53888K, reserved 1093632K
[2020-12-29T04:46:45.253-0500][gc,heap        ] GC(24238)   class space    used 7457K, capacity 8250K, committed 8832K, reserved 1048576K
[2020-12-29T04:46:45.253-0500][gc             ] GC(24238) Pause Full (System.gc()) 43M->42M(63M) 64.270ms
[2020-12-29T04:46:45.253-0500][gc,cpu         ] GC(24238) User=0.28s Sys=0.00s Real=0.06s
[2020-12-29T04:48:59.067-0500][gc,heap        ] GC(24239) Heap before GC invocations=24239 (full 5619): garbage-first heap   total 64512K, used 52546K [0x0000000083000000, 0x0000000100000000)
[2020-12-29T04:48:59.067-0500][gc,heap        ] GC(24239)   region size 1024K, 9 young (9216K), 0 survivors (0K)
[2020-12-29T04:48:59.067-0500][gc,heap        ] GC(24239)  Metaspace       used 50336K, capacity 52472K, committed 53888K, reserved 1093632K
[2020-12-29T04:48:59.067-0500][gc,heap        ] GC(24239)   class space    used 7457K, capacity 8250K, committed 8832K, reserved 1048576K
[2020-12-29T04:48:59.067-0500][gc,start       ] GC(24239) Pause Young (Concurrent Start) (G1 Evacuation Pause)
[2020-12-29T04:48:59.067-0500][gc,task        ] GC(24239) Using 8 workers of 8 for evacuation
[2020-12-29T04:48:59.073-0500][gc,phases      ] GC(24239)   Pre Evacuate Collection Set: 0.6ms
[2020-12-29T04:48:59.073-0500][gc,phases      ] GC(24239)   Evacuate Collection Set: 3.0ms
[2020-12-29T04:48:59.073-0500][gc,phases      ] GC(24239)   Post Evacuate Collection Set: 2.3ms
[2020-12-29T04:48:59.073-0500][gc,phases      ] GC(24239)   Other: 0.5ms
[2020-12-29T04:48:59.073-0500][gc,heap        ] GC(24239) Eden regions: 9->0(8)
[2020-12-29T04:48:59.073-0500][gc,heap        ] GC(24239) Survivor regions: 0->1(2)
[2020-12-29T04:48:59.073-0500][gc,heap        ] GC(24239) Old regions: 42->42
[2020-12-29T04:48:59.073-0500][gc,heap        ] GC(24239) Humongous regions: 4->4
[2020-12-29T04:48:59.073-0500][gc,metaspace   ] GC(24239) Metaspace: 50336K->50336K(1093632K)
[2020-12-29T04:48:59.073-0500][gc,heap        ] GC(24239) Heap after GC invocations=24240 (full 5619): garbage-first heap   total 64512K, used 43384K [0x0000000083000000, 0x0000000100000000)
[2020-12-29T04:48:59.073-0500][gc,heap        ] GC(24239)   region size 1024K, 1 young (1024K), 1 survivors (1024K)
[2020-12-29T04:48:59.073-0500][gc,heap        ] GC(24239)  Metaspace       used 50336K, capacity 52472K, committed 53888K, reserved 1093632K
[2020-12-29T04:48:59.073-0500][gc,heap        ] GC(24239)   class space    used 7457K, capacity 8250K, committed 8832K, reserved 1048576K
[2020-12-29T04:48:59.073-0500][gc             ] GC(24239) Pause Young (Concurrent Start) (G1 Evacuation Pause) 51M->42M(63M) 6.509ms
[2020-12-29T04:48:59.073-0500][gc,cpu         ] GC(24239) User=0.01s Sys=0.02s Real=0.01s
[2020-12-29T04:48:59.074-0500][gc             ] GC(24240) Concurrent Cycle
[2020-12-29T04:48:59.074-0500][gc,marking     ] GC(24240) Concurrent Clear Claimed Marks
[2020-12-29T04:48:59.074-0500][gc,marking     ] GC(24240) Concurrent Clear Claimed Marks 0.295ms
[2020-12-29T04:48:59.074-0500][gc,marking     ] GC(24240) Concurrent Scan Root Regions
[2020-12-29T04:48:59.076-0500][gc,marking     ] GC(24240) Concurrent Scan Root Regions 1.343ms
[2020-12-29T04:48:59.076-0500][gc,marking     ] GC(24240) Concurrent Mark (1685536.463s)
[2020-12-29T04:48:59.076-0500][gc,marking     ] GC(24240) Concurrent Mark From Roots
[2020-12-29T04:48:59.076-0500][gc,task        ] GC(24240) Using 2 workers of 2 for marking
[2020-12-29T04:48:59.151-0500][gc,marking     ] GC(24240) Concurrent Mark From Roots 75.285ms
[2020-12-29T04:48:59.151-0500][gc,marking     ] GC(24240) Concurrent Preclean
[2020-12-29T04:48:59.151-0500][gc,marking     ] GC(24240) Concurrent Preclean 0.148ms
[2020-12-29T04:48:59.151-0500][gc,marking     ] GC(24240) Concurrent Mark (1685536.463s, 1685536.538s) 75.531ms
[2020-12-29T04:48:59.151-0500][gc,start       ] GC(24240) Pause Remark
[2020-12-29T04:48:59.155-0500][gc,stringtable ] GC(24240) Cleaned string and symbol table, strings: 33323 processed, 0 removed, symbols: 120973 processed, 0 removed
[2020-12-29T04:48:59.156-0500][gc             ] GC(24240) Pause Remark 42M->42M(63M) 4.257ms
[2020-12-29T04:48:59.156-0500][gc,cpu         ] GC(24240) User=0.02s Sys=0.00s Real=0.00s
[2020-12-29T04:48:59.156-0500][gc,marking     ] GC(24240) Concurrent Rebuild Remembered Sets
[2020-12-29T04:48:59.173-0500][gc,marking     ] GC(24240) Concurrent Rebuild Remembered Sets 17.449ms
[2020-12-29T04:48:59.174-0500][gc,start       ] GC(24240) Pause Cleanup
[2020-12-29T04:48:59.174-0500][gc             ] GC(24240) Pause Cleanup 42M->42M(63M) 0.196ms
[2020-12-29T04:48:59.174-0500][gc,cpu         ] GC(24240) User=0.00s Sys=0.00s Real=0.00s
[2020-12-29T04:48:59.174-0500][gc,marking     ] GC(24240) Concurrent Cleanup for Next Mark
[2020-12-29T04:48:59.174-0500][gc,marking     ] GC(24240) Concurrent Cleanup for Next Mark 0.249ms
[2020-12-29T04:48:59.174-0500][gc             ] GC(24240) Concurrent Cycle 100.695ms
[2020-12-29T04:50:59.059-0500][gc,heap        ] GC(24241) Heap before GC invocations=24241 (full 5619): garbage-first heap   total 64512K, used 50548K [0x0000000083000000, 0x0000000100000000)
[2020-12-29T04:50:59.059-0500][gc,heap        ] GC(24241)   region size 1024K, 9 young (9216K), 1 survivors (1024K)
[2020-12-29T04:50:59.059-0500][gc,heap        ] GC(24241)  Metaspace       used 50336K, capacity 52472K, committed 53888K, reserved 1093632K
[2020-12-29T04:50:59.059-0500][gc,heap        ] GC(24241)   class space    used 7457K, capacity 8250K, committed 8832K, reserved 1048576K
[2020-12-29T04:50:59.059-0500][gc,start       ] GC(24241) Pause Young (Normal) (G1 Evacuation Pause)
[2020-12-29T04:50:59.059-0500][gc,task        ] GC(24241) Using 8 workers of 8 for evacuation
[2020-12-29T04:50:59.062-0500][gc,phases      ] GC(24241)   Pre Evacuate Collection Set: 0.0ms
[2020-12-29T04:50:59.062-0500][gc,phases      ] GC(24241)   Evacuate Collection Set: 1.4ms
[2020-12-29T04:50:59.062-0500][gc,phases      ] GC(24241)   Post Evacuate Collection Set: 1.6ms
[2020-12-29T04:50:59.062-0500][gc,phases      ] GC(24241)   Other: 0.3ms
[2020-12-29T04:50:59.062-0500][gc,heap        ] GC(24241) Eden regions: 8->0(9)
[2020-12-29T04:50:59.062-0500][gc,heap        ] GC(24241) Survivor regions: 1->1(2)
[2020-12-29T04:50:59.062-0500][gc,heap        ] GC(24241) Old regions: 41->41
[2020-12-29T04:50:59.062-0500][gc,heap        ] GC(24241) Humongous regions: 4->4
[2020-12-29T04:50:59.062-0500][gc,metaspace   ] GC(24241) Metaspace: 50336K->50336K(1093632K)
[2020-12-29T04:50:59.062-0500][gc,heap        ] GC(24241) Heap after GC invocations=24242 (full 5619): garbage-first heap   total 64512K, used 43383K [0x0000000083000000, 0x0000000100000000)
[2020-12-29T04:50:59.062-0500][gc,heap        ] GC(24241)   region size 1024K, 1 young (1024K), 1 survivors (1024K)
[2020-12-29T04:50:59.062-0500][gc,heap        ] GC(24241)  Metaspace       used 50336K, capacity 52472K, committed 53888K, reserved 1093632K
[2020-12-29T04:50:59.062-0500][gc,heap        ] GC(24241)   class space    used 7457K, capacity 8250K, committed 8832K, reserved 1048576K
[2020-12-29T04:50:59.062-0500][gc             ] GC(24241) Pause Young (Normal) (G1 Evacuation Pause) 50M->42M(63M) 3.392ms
[2020-12-29T04:50:59.063-0500][gc,cpu         ] GC(24241) User=0.01s Sys=0.00s Real=0.00s
[2020-12-29T04:51:45.191-0500][gc,task        ] GC(24242) Using 5 workers of 8 for full compaction
[2020-12-29T04:51:45.191-0500][gc,start       ] GC(24242) Pause Full (System.gc())
[2020-12-29T04:51:45.191-0500][gc,heap        ] GC(24242) Heap before GC invocations=24242 (full 5619): garbage-first heap   total 64512K, used 46455K [0x0000000083000000, 0x0000000100000000)
[2020-12-29T04:51:45.191-0500][gc,heap        ] GC(24242)   region size 1024K, 5 young (5120K), 1 survivors (1024K)
[2020-12-29T04:51:45.191-0500][gc,heap        ] GC(24242)  Metaspace       used 50336K, capacity 52472K, committed 53888K, reserved 1093632K
[2020-12-29T04:51:45.191-0500][gc,heap        ] GC(24242)   class space    used 7457K, capacity 8250K, committed 8832K, reserved 1048576K
[2020-12-29T04:51:45.192-0500][gc,phases,start] GC(24242) Phase 1: Mark live objects
[2020-12-29T04:51:45.237-0500][gc,stringtable ] GC(24242) Cleaned string and symbol table, strings: 33323 processed, 4 removed, symbols: 120973 processed, 0 removed
[2020-12-29T04:51:45.237-0500][gc,phases      ] GC(24242) Phase 1: Mark live objects 44.955ms
[2020-12-29T04:51:45.237-0500][gc,phases,start] GC(24242) Phase 2: Prepare for compaction
[2020-12-29T04:51:45.240-0500][gc,phases      ] GC(24242) Phase 2: Prepare for compaction 3.227ms
[2020-12-29T04:51:45.240-0500][gc,phases,start] GC(24242) Phase 3: Adjust pointers
[2020-12-29T04:51:45.250-0500][gc,phases      ] GC(24242) Phase 3: Adjust pointers 10.193ms
[2020-12-29T04:51:45.250-0500][gc,phases,start] GC(24242) Phase 4: Compact heap
[2020-12-29T04:51:45.254-0500][gc,phases      ] GC(24242) Phase 4: Compact heap 3.055ms
[2020-12-29T04:51:45.258-0500][gc,heap        ] GC(24242) Eden regions: 4->0(9)
[2020-12-29T04:51:45.258-0500][gc,heap        ] GC(24242) Survivor regions: 1->0(2)
[2020-12-29T04:51:45.258-0500][gc,heap        ] GC(24242) Old regions: 41->42
[2020-12-29T04:51:45.258-0500][gc,heap        ] GC(24242) Humongous regions: 4->4
[2020-12-29T04:51:45.258-0500][gc,metaspace   ] GC(24242) Metaspace: 50336K->50336K(1093632K)
[2020-12-29T04:51:45.258-0500][gc,heap        ] GC(24242) Heap after GC invocations=24243 (full 5620): garbage-first heap   total 64512K, used 43344K [0x0000000083000000, 0x0000000100000000)
[2020-12-29T04:51:45.258-0500][gc,heap        ] GC(24242)   region size 1024K, 0 young (0K), 0 survivors (0K)
[2020-12-29T04:51:45.258-0500][gc,heap        ] GC(24242)  Metaspace       used 50336K, capacity 52472K, committed 53888K, reserved 1093632K
[2020-12-29T04:51:45.258-0500][gc,heap        ] GC(24242)   class space    used 7457K, capacity 8250K, committed 8832K, reserved 1048576K
[2020-12-29T04:51:45.258-0500][gc             ] GC(24242) Pause Full (System.gc()) 45M->42M(63M) 66.967ms
[2020-12-29T04:51:45.258-0500][gc,cpu         ] GC(24242) User=0.28s Sys=0.00s Real=0.07s
[2020-12-29T04:53:59.071-0500][gc,heap        ] GC(24243) Heap before GC invocations=24243 (full 5620): garbage-first heap   total 64512K, used 51536K [0x0000000083000000, 0x0000000100000000)
[2020-12-29T04:53:59.071-0500][gc,heap        ] GC(24243)   region size 1024K, 9 young (9216K), 0 survivors (0K)
[2020-12-29T04:53:59.071-0500][gc,heap        ] GC(24243)  Metaspace       used 50336K, capacity 52472K, committed 53888K, reserved 1093632K
[2020-12-29T04:53:59.071-0500][gc,heap        ] GC(24243)   class space    used 7457K, capacity 8250K, committed 8832K, reserved 1048576K
[2020-12-29T04:53:59.071-0500][gc,start       ] GC(24243) Pause Young (Concurrent Start) (G1 Evacuation Pause)
[2020-12-29T04:53:59.071-0500][gc,task        ] GC(24243) Using 8 workers of 8 for evacuation
[2020-12-29T04:53:59.083-0500][gc,phases      ] GC(24243)   Pre Evacuate Collection Set: 0.5ms
[2020-12-29T04:53:59.083-0500][gc,phases      ] GC(24243)   Evacuate Collection Set: 3.9ms
[2020-12-29T04:53:59.083-0500][gc,phases      ] GC(24243)   Post Evacuate Collection Set: 7.1ms
[2020-12-29T04:53:59.083-0500][gc,phases      ] GC(24243)   Other: 0.5ms
[2020-12-29T04:53:59.083-0500][gc,heap        ] GC(24243) Eden regions: 9->0(8)
[2020-12-29T04:53:59.083-0500][gc,heap        ] GC(24243) Survivor regions: 0->1(2)
[2020-12-29T04:53:59.083-0500][gc,heap        ] GC(24243) Old regions: 42->42
[2020-12-29T04:53:59.083-0500][gc,heap        ] GC(24243) Humongous regions: 4->4
[2020-12-29T04:53:59.083-0500][gc,metaspace   ] GC(24243) Metaspace: 50336K->50336K(1093632K)
[2020-12-29T04:53:59.083-0500][gc,heap        ] GC(24243) Heap after GC invocations=24244 (full 5620): garbage-first heap   total 64512K, used 43404K [0x0000000083000000, 0x0000000100000000)
[2020-12-29T04:53:59.083-0500][gc,heap        ] GC(24243)   region size 1024K, 1 young (1024K), 1 survivors (1024K)
[2020-12-29T04:53:59.083-0500][gc,heap        ] GC(24243)  Metaspace       used 50336K, capacity 52472K, committed 53888K, reserved 1093632K
[2020-12-29T04:53:59.083-0500][gc,heap        ] GC(24243)   class space    used 7457K, capacity 8250K, committed 8832K, reserved 1048576K
[2020-12-29T04:53:59.083-0500][gc             ] GC(24243) Pause Young (Concurrent Start) (G1 Evacuation Pause) 51M->42M(63M) 12.202ms
[2020-12-29T04:53:59.083-0500][gc,cpu         ] GC(24243) User=0.04s Sys=0.01s Real=0.01s
[2020-12-29T04:53:59.084-0500][gc             ] GC(24244) Concurrent Cycle
[2020-12-29T04:53:59.084-0500][gc,marking     ] GC(24244) Concurrent Clear Claimed Marks
[2020-12-29T04:53:59.084-0500][gc,marking     ] GC(24244) Concurrent Clear Claimed Marks 0.265ms
[2020-12-29T04:53:59.084-0500][gc,marking     ] GC(24244) Concurrent Scan Root Regions
[2020-12-29T04:53:59.087-0500][gc,marking     ] GC(24244) Concurrent Scan Root Regions 3.194ms
[2020-12-29T04:53:59.087-0500][gc,marking     ] GC(24244) Concurrent Mark (1685836.474s)
[2020-12-29T04:53:59.087-0500][gc,marking     ] GC(24244) Concurrent Mark From Roots
[2020-12-29T04:53:59.087-0500][gc,task        ] GC(24244) Using 2 workers of 2 for marking
[2020-12-29T04:53:59.143-0500][gc,marking     ] GC(24244) Concurrent Mark From Roots 55.743ms
[2020-12-29T04:53:59.143-0500][gc,marking     ] GC(24244) Concurrent Preclean
[2020-12-29T04:53:59.143-0500][gc,marking     ] GC(24244) Concurrent Preclean 0.150ms
[2020-12-29T04:53:59.143-0500][gc,marking     ] GC(24244) Concurrent Mark (1685836.474s, 1685836.530s) 56.020ms
[2020-12-29T04:53:59.144-0500][gc,start       ] GC(24244) Pause Remark
[2020-12-29T04:53:59.150-0500][gc,stringtable ] GC(24244) Cleaned string and symbol table, strings: 33323 processed, 0 removed, symbols: 120973 processed, 0 removed
[2020-12-29T04:53:59.150-0500][gc             ] GC(24244) Pause Remark 42M->42M(63M) 6.733ms
[2020-12-29T04:53:59.150-0500][gc,cpu         ] GC(24244) User=0.03s Sys=0.00s Real=0.01s
[2020-12-29T04:53:59.151-0500][gc,marking     ] GC(24244) Concurrent Rebuild Remembered Sets
[2020-12-29T04:53:59.168-0500][gc,marking     ] GC(24244) Concurrent Rebuild Remembered Sets 17.273ms
[2020-12-29T04:53:59.168-0500][gc,start       ] GC(24244) Pause Cleanup
[2020-12-29T04:53:59.168-0500][gc             ] GC(24244) Pause Cleanup 42M->42M(63M) 0.201ms
[2020-12-29T04:53:59.168-0500][gc,cpu         ] GC(24244) User=0.00s Sys=0.00s Real=0.00s
[2020-12-29T04:53:59.169-0500][gc,marking     ] GC(24244) Concurrent Cleanup for Next Mark
[2020-12-29T04:53:59.169-0500][gc,marking     ] GC(24244) Concurrent Cleanup for Next Mark 0.289ms
[2020-12-29T04:53:59.169-0500][gc             ] GC(24244) Concurrent Cycle 85.234ms
[2020-12-29T04:55:59.070-0500][gc,heap        ] GC(24245) Heap before GC invocations=24245 (full 5620): garbage-first heap   total 64512K, used 50565K [0x0000000083000000, 0x0000000100000000)
[2020-12-29T04:55:59.070-0500][gc,heap        ] GC(24245)   region size 1024K, 9 young (9216K), 1 survivors (1024K)
[2020-12-29T04:55:59.070-0500][gc,heap        ] GC(24245)  Metaspace       used 50336K, capacity 52472K, committed 53888K, reserved 1093632K
[2020-12-29T04:55:59.070-0500][gc,heap        ] GC(24245)   class space    used 7457K, capacity 8250K, committed 8832K, reserved 1048576K
[2020-12-29T04:55:59.070-0500][gc,start       ] GC(24245) Pause Young (Normal) (G1 Evacuation Pause)
[2020-12-29T04:55:59.070-0500][gc,task        ] GC(24245) Using 8 workers of 8 for evacuation
[2020-12-29T04:55:59.076-0500][gc,phases      ] GC(24245)   Pre Evacuate Collection Set: 0.0ms
[2020-12-29T04:55:59.076-0500][gc,phases      ] GC(24245)   Evacuate Collection Set: 2.8ms
[2020-12-29T04:55:59.076-0500][gc,phases      ] GC(24245)   Post Evacuate Collection Set: 2.4ms
[2020-12-29T04:55:59.076-0500][gc,phases      ] GC(24245)   Other: 0.4ms
[2020-12-29T04:55:59.076-0500][gc,heap        ] GC(24245) Eden regions: 8->0(9)
[2020-12-29T04:55:59.076-0500][gc,heap        ] GC(24245) Survivor regions: 1->1(2)
[2020-12-29T04:55:59.076-0500][gc,heap        ] GC(24245) Old regions: 41->41
[2020-12-29T04:55:59.076-0500][gc,heap        ] GC(24245) Humongous regions: 4->4
[2020-12-29T04:55:59.076-0500][gc,metaspace   ] GC(24245) Metaspace: 50336K->50336K(1093632K)
[2020-12-29T04:55:59.076-0500][gc,heap        ] GC(24245) Heap after GC invocations=24246 (full 5620): garbage-first heap   total 64512K, used 43393K [0x0000000083000000, 0x0000000100000000)
[2020-12-29T04:55:59.076-0500][gc,heap        ] GC(24245)   region size 1024K, 1 young (1024K), 1 survivors (1024K)
[2020-12-29T04:55:59.076-0500][gc,heap        ] GC(24245)  Metaspace       used 50336K, capacity 52472K, committed 53888K, reserved 1093632K
[2020-12-29T04:55:59.076-0500][gc,heap        ] GC(24245)   class space    used 7457K, capacity 8250K, committed 8832K, reserved 1048576K
[2020-12-29T04:55:59.076-0500][gc             ] GC(24245) Pause Young (Normal) (G1 Evacuation Pause) 50M->42M(63M) 5.942ms
[2020-12-29T04:55:59.076-0500][gc,cpu         ] GC(24245) User=0.01s Sys=0.00s Real=0.00s
[2020-12-29T04:56:45.192-0500][gc,task        ] GC(24246) Using 5 workers of 8 for full compaction
[2020-12-29T04:56:45.192-0500][gc,start       ] GC(24246) Pause Full (System.gc())
[2020-12-29T04:56:45.192-0500][gc,heap        ] GC(24246) Heap before GC invocations=24246 (full 5620): garbage-first heap   total 64512K, used 44417K [0x0000000083000000, 0x0000000100000000)
[2020-12-29T04:56:45.192-0500][gc,heap        ] GC(24246)   region size 1024K, 4 young (4096K), 1 survivors (1024K)
[2020-12-29T04:56:45.192-0500][gc,heap        ] GC(24246)  Metaspace       used 50336K, capacity 52472K, committed 53888K, reserved 1093632K
[2020-12-29T04:56:45.192-0500][gc,heap        ] GC(24246)   class space    used 7457K, capacity 8250K, committed 8832K, reserved 1048576K
[2020-12-29T04:56:45.193-0500][gc,phases,start] GC(24246) Phase 1: Mark live objects
[2020-12-29T04:56:45.239-0500][gc,stringtable ] GC(24246) Cleaned string and symbol table, strings: 33323 processed, 4 removed, symbols: 120973 processed, 0 removed
[2020-12-29T04:56:45.239-0500][gc,phases      ] GC(24246) Phase 1: Mark live objects 46.503ms
[2020-12-29T04:56:45.239-0500][gc,phases,start] GC(24246) Phase 2: Prepare for compaction
[2020-12-29T04:56:45.243-0500][gc,phases      ] GC(24246) Phase 2: Prepare for compaction 3.991ms
[2020-12-29T04:56:45.243-0500][gc,phases,start] GC(24246) Phase 3: Adjust pointers
[2020-12-29T04:56:45.252-0500][gc,phases      ] GC(24246) Phase 3: Adjust pointers 9.204ms
[2020-12-29T04:56:45.252-0500][gc,phases,start] GC(24246) Phase 4: Compact heap
[2020-12-29T04:56:45.255-0500][gc,phases      ] GC(24246) Phase 4: Compact heap 2.792ms
[2020-12-29T04:56:45.259-0500][gc,heap        ] GC(24246) Eden regions: 3->0(10)
[2020-12-29T04:56:45.259-0500][gc,heap        ] GC(24246) Survivor regions: 1->0(2)
[2020-12-29T04:56:45.259-0500][gc,heap        ] GC(24246) Old regions: 41->41
[2020-12-29T04:56:45.259-0500][gc,heap        ] GC(24246) Humongous regions: 4->4
[2020-12-29T04:56:45.259-0500][gc,metaspace   ] GC(24246) Metaspace: 50336K->50336K(1093632K)
[2020-12-29T04:56:45.259-0500][gc,heap        ] GC(24246) Heap after GC invocations=24247 (full 5621): garbage-first heap   total 64512K, used 43342K [0x0000000083000000, 0x0000000100000000)
[2020-12-29T04:56:45.259-0500][gc,heap        ] GC(24246)   region size 1024K, 0 young (0K), 0 survivors (0K)
[2020-12-29T04:56:45.259-0500][gc,heap        ] GC(24246)  Metaspace       used 50336K, capacity 52472K, committed 53888K, reserved 1093632K
[2020-12-29T04:56:45.259-0500][gc,heap        ] GC(24246)   class space    used 7457K, capacity 8250K, committed 8832K, reserved 1048576K
[2020-12-29T04:56:45.259-0500][gc             ] GC(24246) Pause Full (System.gc()) 45M->42M(63M) 67.317ms
[2020-12-29T04:56:45.259-0500][gc,cpu         ] GC(24246) User=0.29s Sys=0.00s Real=0.07s
[2020-12-29T04:59:09.887-0500][gc,heap        ] GC(24247) Heap before GC invocations=24247 (full 5621): garbage-first heap   total 64512K, used 53582K [0x0000000083000000, 0x0000000100000000)
[2020-12-29T04:59:09.887-0500][gc,heap        ] GC(24247)   region size 1024K, 10 young (10240K), 0 survivors (0K)
[2020-12-29T04:59:09.887-0500][gc,heap        ] GC(24247)  Metaspace       used 50336K, capacity 52472K, committed 53888K, reserved 1093632K
[2020-12-29T04:59:09.887-0500][gc,heap        ] GC(24247)   class space    used 7457K, capacity 8250K, committed 8832K, reserved 1048576K
[2020-12-29T04:59:09.887-0500][gc,start       ] GC(24247) Pause Young (Concurrent Start) (G1 Evacuation Pause)
[2020-12-29T04:59:09.887-0500][gc,task        ] GC(24247) Using 8 workers of 8 for evacuation
[2020-12-29T04:59:09.894-0500][gc,phases      ] GC(24247)   Pre Evacuate Collection Set: 0.2ms
[2020-12-29T04:59:09.894-0500][gc,phases      ] GC(24247)   Evacuate Collection Set: 2.5ms
[2020-12-29T04:59:09.894-0500][gc,phases      ] GC(24247)   Post Evacuate Collection Set: 4.8ms
[2020-12-29T04:59:09.894-0500][gc,phases      ] GC(24247)   Other: 0.5ms
[2020-12-29T04:59:09.894-0500][gc,heap        ] GC(24247) Eden regions: 10->0(9)
[2020-12-29T04:59:09.894-0500][gc,heap        ] GC(24247) Survivor regions: 0->1(2)
[2020-12-29T04:59:09.895-0500][gc,heap        ] GC(24247) Old regions: 41->41
[2020-12-29T04:59:09.895-0500][gc,heap        ] GC(24247) Humongous regions: 4->4
[2020-12-29T04:59:09.895-0500][gc,metaspace   ] GC(24247) Metaspace: 50336K->50336K(1093632K)
[2020-12-29T04:59:09.895-0500][gc,heap        ] GC(24247) Heap after GC invocations=24248 (full 5621): garbage-first heap   total 64512K, used 43413K [0x0000000083000000, 0x0000000100000000)
[2020-12-29T04:59:09.895-0500][gc,heap        ] GC(24247)   region size 1024K, 1 young (1024K), 1 survivors (1024K)
[2020-12-29T04:59:09.895-0500][gc,heap        ] GC(24247)  Metaspace       used 50336K, capacity 52472K, committed 53888K, reserved 1093632K
[2020-12-29T04:59:09.895-0500][gc,heap        ] GC(24247)   class space    used 7457K, capacity 8250K, committed 8832K, reserved 1048576K
[2020-12-29T04:59:09.895-0500][gc             ] GC(24247) Pause Young (Concurrent Start) (G1 Evacuation Pause) 52M->42M(63M) 7.799ms
[2020-12-29T04:59:09.895-0500][gc,cpu         ] GC(24247) User=0.03s Sys=0.00s Real=0.01s
[2020-12-29T04:59:09.895-0500][gc             ] GC(24248) Concurrent Cycle
[2020-12-29T04:59:09.895-0500][gc,marking     ] GC(24248) Concurrent Clear Claimed Marks
[2020-12-29T04:59:09.895-0500][gc,marking     ] GC(24248) Concurrent Clear Claimed Marks 0.178ms
[2020-12-29T04:59:09.895-0500][gc,marking     ] GC(24248) Concurrent Scan Root Regions
[2020-12-29T04:59:09.896-0500][gc,marking     ] GC(24248) Concurrent Scan Root Regions 0.864ms
[2020-12-29T04:59:09.896-0500][gc,marking     ] GC(24248) Concurrent Mark (1686147.283s)
[2020-12-29T04:59:09.896-0500][gc,marking     ] GC(24248) Concurrent Mark From Roots
[2020-12-29T04:59:09.896-0500][gc,task        ] GC(24248) Using 2 workers of 2 for marking
[2020-12-29T04:59:09.939-0500][gc,marking     ] GC(24248) Concurrent Mark From Roots 43.213ms
[2020-12-29T04:59:09.939-0500][gc,marking     ] GC(24248) Concurrent Preclean
[2020-12-29T04:59:09.939-0500][gc,marking     ] GC(24248) Concurrent Preclean 0.155ms
[2020-12-29T04:59:09.939-0500][gc,marking     ] GC(24248) Concurrent Mark (1686147.283s, 1686147.326s) 43.445ms
[2020-12-29T04:59:09.940-0500][gc,start       ] GC(24248) Pause Remark
[2020-12-29T04:59:09.944-0500][gc,stringtable ] GC(24248) Cleaned string and symbol table, strings: 33323 processed, 0 removed, symbols: 120973 processed, 0 removed
[2020-12-29T04:59:09.944-0500][gc             ] GC(24248) Pause Remark 42M->42M(63M) 4.564ms
[2020-12-29T04:59:09.944-0500][gc,cpu         ] GC(24248) User=0.02s Sys=0.00s Real=0.00s
[2020-12-29T04:59:09.945-0500][gc,marking     ] GC(24248) Concurrent Rebuild Remembered Sets
[2020-12-29T04:59:09.968-0500][gc,marking     ] GC(24248) Concurrent Rebuild Remembered Sets 23.015ms
[2020-12-29T04:59:09.968-0500][gc,start       ] GC(24248) Pause Cleanup
[2020-12-29T04:59:09.968-0500][gc             ] GC(24248) Pause Cleanup 42M->42M(63M) 0.171ms
[2020-12-29T04:59:09.968-0500][gc,cpu         ] GC(24248) User=0.00s Sys=0.00s Real=0.00s
[2020-12-29T04:59:09.968-0500][gc,marking     ] GC(24248) Concurrent Cleanup for Next Mark
[2020-12-29T04:59:09.968-0500][gc,marking     ] GC(24248) Concurrent Cleanup for Next Mark 0.180ms
[2020-12-29T04:59:09.969-0500][gc             ] GC(24248) Concurrent Cycle 73.758ms
[2020-12-29T05:01:29.067-0500][gc,heap        ] GC(24249) Heap before GC invocations=24249 (full 5621): garbage-first heap   total 64512K, used 51605K [0x0000000083000000, 0x0000000100000000)
[2020-12-29T05:01:29.067-0500][gc,heap        ] GC(24249)   region size 1024K, 10 young (10240K), 1 survivors (1024K)
[2020-12-29T05:01:29.067-0500][gc,heap        ] GC(24249)  Metaspace       used 50336K, capacity 52472K, committed 53888K, reserved 1093632K
[2020-12-29T05:01:29.067-0500][gc,heap        ] GC(24249)   class space    used 7457K, capacity 8250K, committed 8832K, reserved 1048576K
[2020-12-29T05:01:29.067-0500][gc,start       ] GC(24249) Pause Young (Normal) (G1 Evacuation Pause)
[2020-12-29T05:01:29.067-0500][gc,task        ] GC(24249) Using 8 workers of 8 for evacuation
[2020-12-29T05:01:29.078-0500][gc,phases      ] GC(24249)   Pre Evacuate Collection Set: 0.1ms
[2020-12-29T05:01:29.078-0500][gc,phases      ] GC(24249)   Evacuate Collection Set: 3.5ms
[2020-12-29T05:01:29.078-0500][gc,phases      ] GC(24249)   Post Evacuate Collection Set: 6.8ms
[2020-12-29T05:01:29.078-0500][gc,phases      ] GC(24249)   Other: 0.5ms
[2020-12-29T05:01:29.078-0500][gc,heap        ] GC(24249) Eden regions: 9->0(9)
[2020-12-29T05:01:29.078-0500][gc,heap        ] GC(24249) Survivor regions: 1->1(2)
[2020-12-29T05:01:29.078-0500][gc,heap        ] GC(24249) Old regions: 41->41
[2020-12-29T05:01:29.078-0500][gc,heap        ] GC(24249) Humongous regions: 4->4
[2020-12-29T05:01:29.078-0500][gc,metaspace   ] GC(24249) Metaspace: 50336K->50336K(1093632K)
[2020-12-29T05:01:29.078-0500][gc,heap        ] GC(24249) Heap after GC invocations=24250 (full 5621): garbage-first heap   total 64512K, used 43403K [0x0000000083000000, 0x0000000100000000)
[2020-12-29T05:01:29.078-0500][gc,heap        ] GC(24249)   region size 1024K, 1 young (1024K), 1 survivors (1024K)
[2020-12-29T05:01:29.078-0500][gc,heap        ] GC(24249)  Metaspace       used 50336K, capacity 52472K, committed 53888K, reserved 1093632K
[2020-12-29T05:01:29.078-0500][gc,heap        ] GC(24249)   class space    used 7457K, capacity 8250K, committed 8832K, reserved 1048576K
[2020-12-29T05:01:29.078-0500][gc             ] GC(24249) Pause Young (Normal) (G1 Evacuation Pause) 51M->42M(63M) 11.100ms
[2020-12-29T05:01:29.078-0500][gc,cpu         ] GC(24249) User=0.03s Sys=0.00s Real=0.02s
[2020-12-29T05:01:45.191-0500][gc,task        ] GC(24250) Using 5 workers of 8 for full compaction
[2020-12-29T05:01:45.191-0500][gc,start       ] GC(24250) Pause Full (System.gc())
[2020-12-29T05:01:45.192-0500][gc,heap        ] GC(24250) Heap before GC invocations=24250 (full 5621): garbage-first heap   total 64512K, used 44427K [0x0000000083000000, 0x0000000100000000)
[2020-12-29T05:01:45.192-0500][gc,heap        ] GC(24250)   region size 1024K, 3 young (3072K), 1 survivors (1024K)
[2020-12-29T05:01:45.192-0500][gc,heap        ] GC(24250)  Metaspace       used 50336K, capacity 52472K, committed 53888K, reserved 1093632K
[2020-12-29T05:01:45.192-0500][gc,heap        ] GC(24250)   class space    used 7457K, capacity 8250K, committed 8832K, reserved 1048576K
[2020-12-29T05:01:45.192-0500][gc,phases,start] GC(24250) Phase 1: Mark live objects
[2020-12-29T05:01:45.239-0500][gc,stringtable ] GC(24250) Cleaned string and symbol table, strings: 33323 processed, 4 removed, symbols: 120973 processed, 0 removed
[2020-12-29T05:01:45.239-0500][gc,phases      ] GC(24250) Phase 1: Mark live objects 47.493ms
[2020-12-29T05:01:45.240-0500][gc,phases,start] GC(24250) Phase 2: Prepare for compaction
[2020-12-29T05:01:45.244-0500][gc,phases      ] GC(24250) Phase 2: Prepare for compaction 4.475ms
[2020-12-29T05:01:45.244-0500][gc,phases,start] GC(24250) Phase 3: Adjust pointers
[2020-12-29T05:01:45.255-0500][gc,phases      ] GC(24250) Phase 3: Adjust pointers 11.306ms
[2020-12-29T05:01:45.255-0500][gc,phases,start] GC(24250) Phase 4: Compact heap
[2020-12-29T05:01:45.259-0500][gc,phases      ] GC(24250) Phase 4: Compact heap 3.621ms
[2020-12-29T05:01:45.264-0500][gc,heap        ] GC(24250) Eden regions: 2->0(9)
[2020-12-29T05:01:45.264-0500][gc,heap        ] GC(24250) Survivor regions: 1->0(2)
[2020-12-29T05:01:45.264-0500][gc,heap        ] GC(24250) Old regions: 41->42
[2020-12-29T05:01:45.264-0500][gc,heap        ] GC(24250) Humongous regions: 4->4
[2020-12-29T05:01:45.264-0500][gc,metaspace   ] GC(24250) Metaspace: 50336K->50336K(1093632K)
[2020-12-29T05:01:45.264-0500][gc,heap        ] GC(24250) Heap after GC invocations=24251 (full 5622): garbage-first heap   total 64512K, used 43334K [0x0000000083000000, 0x0000000100000000)
[2020-12-29T05:01:45.264-0500][gc,heap        ] GC(24250)   region size 1024K, 0 young (0K), 0 survivors (0K)
[2020-12-29T05:01:45.264-0500][gc,heap        ] GC(24250)  Metaspace       used 50336K, capacity 52472K, committed 53888K, reserved 1093632K
[2020-12-29T05:01:45.264-0500][gc,heap        ] GC(24250)   class space    used 7457K, capacity 8250K, committed 8832K, reserved 1048576K
[2020-12-29T05:01:45.264-0500][gc             ] GC(24250) Pause Full (System.gc()) 43M->42M(63M) 72.652ms
[2020-12-29T05:01:45.264-0500][gc,cpu         ] GC(24250) User=0.32s Sys=0.00s Real=0.07s
[2020-12-29T05:03:49.065-0500][gc,heap        ] GC(24251) Heap before GC invocations=24251 (full 5622): garbage-first heap   total 64512K, used 51526K [0x0000000083000000, 0x0000000100000000)
[2020-12-29T05:03:49.065-0500][gc,heap        ] GC(24251)   region size 1024K, 9 young (9216K), 0 survivors (0K)
[2020-12-29T05:03:49.065-0500][gc,heap        ] GC(24251)  Metaspace       used 50336K, capacity 52472K, committed 53888K, reserved 1093632K
[2020-12-29T05:03:49.065-0500][gc,heap        ] GC(24251)   class space    used 7457K, capacity 8250K, committed 8832K, reserved 1048576K
[2020-12-29T05:03:49.065-0500][gc,start       ] GC(24251) Pause Young (Concurrent Start) (G1 Evacuation Pause)
[2020-12-29T05:03:49.065-0500][gc,task        ] GC(24251) Using 8 workers of 8 for evacuation
[2020-12-29T05:03:49.074-0500][gc,phases      ] GC(24251)   Pre Evacuate Collection Set: 0.5ms
[2020-12-29T05:03:49.074-0500][gc,phases      ] GC(24251)   Evacuate Collection Set: 4.4ms
[2020-12-29T05:03:49.074-0500][gc,phases      ] GC(24251)   Post Evacuate Collection Set: 3.5ms
[2020-12-29T05:03:49.074-0500][gc,phases      ] GC(24251)   Other: 0.5ms
[2020-12-29T05:03:49.074-0500][gc,heap        ] GC(24251) Eden regions: 9->0(8)
[2020-12-29T05:03:49.074-0500][gc,heap        ] GC(24251) Survivor regions: 0->1(2)
[2020-12-29T05:03:49.074-0500][gc,heap        ] GC(24251) Old regions: 42->42
[2020-12-29T05:03:49.074-0500][gc,heap        ] GC(24251) Humongous regions: 4->4
[2020-12-29T05:03:49.074-0500][gc,metaspace   ] GC(24251) Metaspace: 50336K->50336K(1093632K)
[2020-12-29T05:03:49.074-0500][gc,heap        ] GC(24251) Heap after GC invocations=24252 (full 5622): garbage-first heap   total 64512K, used 43430K [0x0000000083000000, 0x0000000100000000)
[2020-12-29T05:03:49.074-0500][gc,heap        ] GC(24251)   region size 1024K, 1 young (1024K), 1 survivors (1024K)
[2020-12-29T05:03:49.074-0500][gc,heap        ] GC(24251)  Metaspace       used 50336K, capacity 52472K, committed 53888K, reserved 1093632K
[2020-12-29T05:03:49.074-0500][gc,heap        ] GC(24251)   class space    used 7457K, capacity 8250K, committed 8832K, reserved 1048576K
[2020-12-29T05:03:49.074-0500][gc             ] GC(24251) Pause Young (Concurrent Start) (G1 Evacuation Pause) 51M->42M(63M) 9.135ms
[2020-12-29T05:03:49.074-0500][gc,cpu         ] GC(24251) User=0.03s Sys=0.00s Real=0.01s
[2020-12-29T05:03:49.075-0500][gc             ] GC(24252) Concurrent Cycle
[2020-12-29T05:03:49.075-0500][gc,marking     ] GC(24252) Concurrent Clear Claimed Marks
[2020-12-29T05:03:49.075-0500][gc,marking     ] GC(24252) Concurrent Clear Claimed Marks 0.184ms
[2020-12-29T05:03:49.075-0500][gc,marking     ] GC(24252) Concurrent Scan Root Regions
[2020-12-29T05:03:49.076-0500][gc,marking     ] GC(24252) Concurrent Scan Root Regions 1.339ms
[2020-12-29T05:03:49.076-0500][gc,marking     ] GC(24252) Concurrent Mark (1686426.463s)
[2020-12-29T05:03:49.076-0500][gc,marking     ] GC(24252) Concurrent Mark From Roots
[2020-12-29T05:03:49.076-0500][gc,task        ] GC(24252) Using 2 workers of 2 for marking
[2020-12-29T05:03:49.154-0500][gc,marking     ] GC(24252) Concurrent Mark From Roots 77.951ms
[2020-12-29T05:03:49.154-0500][gc,marking     ] GC(24252) Concurrent Preclean
[2020-12-29T05:03:49.155-0500][gc,marking     ] GC(24252) Concurrent Preclean 0.185ms
[2020-12-29T05:03:49.155-0500][gc,marking     ] GC(24252) Concurrent Mark (1686426.463s, 1686426.542s) 78.236ms
[2020-12-29T05:03:49.155-0500][gc,start       ] GC(24252) Pause Remark
[2020-12-29T05:03:49.165-0500][gc,stringtable ] GC(24252) Cleaned string and symbol table, strings: 33323 processed, 0 removed, symbols: 120973 processed, 0 removed
[2020-12-29T05:03:49.166-0500][gc             ] GC(24252) Pause Remark 42M->42M(63M) 10.965ms
[2020-12-29T05:03:49.166-0500][gc,cpu         ] GC(24252) User=0.04s Sys=0.00s Real=0.01s
[2020-12-29T05:03:49.166-0500][gc,marking     ] GC(24252) Concurrent Rebuild Remembered Sets
[2020-12-29T05:03:49.187-0500][gc,marking     ] GC(24252) Concurrent Rebuild Remembered Sets 21.090ms
[2020-12-29T05:03:49.188-0500][gc,start       ] GC(24252) Pause Cleanup
[2020-12-29T05:03:49.188-0500][gc             ] GC(24252) Pause Cleanup 42M->42M(63M) 0.204ms
[2020-12-29T05:03:49.188-0500][gc,cpu         ] GC(24252) User=0.00s Sys=0.00s Real=0.01s
[2020-12-29T05:03:49.188-0500][gc,marking     ] GC(24252) Concurrent Cleanup for Next Mark
[2020-12-29T05:03:49.188-0500][gc,marking     ] GC(24252) Concurrent Cleanup for Next Mark 0.151ms
[2020-12-29T05:03:49.188-0500][gc             ] GC(24252) Concurrent Cycle 113.335ms
[2020-12-29T05:05:39.069-0500][gc,heap        ] GC(24253) Heap before GC invocations=24253 (full 5622): garbage-first heap   total 64512K, used 51618K [0x0000000083000000, 0x0000000100000000)
[2020-12-29T05:05:39.069-0500][gc,heap        ] GC(24253)   region size 1024K, 9 young (9216K), 1 survivors (1024K)
[2020-12-29T05:05:39.069-0500][gc,heap        ] GC(24253)  Metaspace       used 50336K, capacity 52472K, committed 53888K, reserved 1093632K
[2020-12-29T05:05:39.069-0500][gc,heap        ] GC(24253)   class space    used 7457K, capacity 8250K, committed 8832K, reserved 1048576K
[2020-12-29T05:05:39.070-0500][gc,start       ] GC(24253) Pause Young (Normal) (G1 Evacuation Pause)
[2020-12-29T05:05:39.070-0500][gc,task        ] GC(24253) Using 8 workers of 8 for evacuation
[2020-12-29T05:05:39.078-0500][gc,phases      ] GC(24253)   Pre Evacuate Collection Set: 0.0ms
[2020-12-29T05:05:39.078-0500][gc,phases      ] GC(24253)   Evacuate Collection Set: 2.2ms
[2020-12-29T05:05:39.079-0500][gc,phases      ] GC(24253)   Post Evacuate Collection Set: 6.2ms
[2020-12-29T05:05:39.079-0500][gc,phases      ] GC(24253)   Other: 0.7ms
[2020-12-29T05:05:39.079-0500][gc,heap        ] GC(24253) Eden regions: 8->0(9)
[2020-12-29T05:05:39.079-0500][gc,heap        ] GC(24253) Survivor regions: 1->1(2)
[2020-12-29T05:05:39.079-0500][gc,heap        ] GC(24253) Old regions: 41->41
[2020-12-29T05:05:39.079-0500][gc,heap        ] GC(24253) Humongous regions: 4->4
[2020-12-29T05:05:39.079-0500][gc,metaspace   ] GC(24253) Metaspace: 50336K->50336K(1093632K)
[2020-12-29T05:05:39.079-0500][gc,heap        ] GC(24253) Heap after GC invocations=24254 (full 5622): garbage-first heap   total 64512K, used 43426K [0x0000000083000000, 0x0000000100000000)
[2020-12-29T05:05:39.079-0500][gc,heap        ] GC(24253)   region size 1024K, 1 young (1024K), 1 survivors (1024K)
[2020-12-29T05:05:39.079-0500][gc,heap        ] GC(24253)  Metaspace       used 50336K, capacity 52472K, committed 53888K, reserved 1093632K
[2020-12-29T05:05:39.079-0500][gc,heap        ] GC(24253)   class space    used 7457K, capacity 8250K, committed 8832K, reserved 1048576K
[2020-12-29T05:05:39.079-0500][gc             ] GC(24253) Pause Young (Normal) (G1 Evacuation Pause) 50M->42M(63M) 9.491ms
[2020-12-29T05:05:39.079-0500][gc,cpu         ] GC(24253) User=0.02s Sys=0.00s Real=0.01s
[2020-12-29T05:06:45.190-0500][gc,task        ] GC(24254) Using 5 workers of 8 for full compaction
[2020-12-29T05:06:45.190-0500][gc,start       ] GC(24254) Pause Full (System.gc())
[2020-12-29T05:06:45.190-0500][gc,heap        ] GC(24254) Heap before GC invocations=24254 (full 5622): garbage-first heap   total 64512K, used 47522K [0x0000000083000000, 0x0000000100000000)
[2020-12-29T05:06:45.190-0500][gc,heap        ] GC(24254)   region size 1024K, 6 young (6144K), 1 survivors (1024K)
[2020-12-29T05:06:45.190-0500][gc,heap        ] GC(24254)  Metaspace       used 50336K, capacity 52472K, committed 53888K, reserved 1093632K
[2020-12-29T05:06:45.190-0500][gc,heap        ] GC(24254)   class space    used 7457K, capacity 8250K, committed 8832K, reserved 1048576K
[2020-12-29T05:06:45.191-0500][gc,phases,start] GC(24254) Phase 1: Mark live objects
[2020-12-29T05:06:45.228-0500][gc,stringtable ] GC(24254) Cleaned string and symbol table, strings: 33323 processed, 4 removed, symbols: 120973 processed, 0 removed
[2020-12-29T05:06:45.229-0500][gc,phases      ] GC(24254) Phase 1: Mark live objects 37.663ms
[2020-12-29T05:06:45.229-0500][gc,phases,start] GC(24254) Phase 2: Prepare for compaction
[2020-12-29T05:06:45.234-0500][gc,phases      ] GC(24254) Phase 2: Prepare for compaction 5.809ms
[2020-12-29T05:06:45.234-0500][gc,phases,start] GC(24254) Phase 3: Adjust pointers
[2020-12-29T05:06:45.246-0500][gc,phases      ] GC(24254) Phase 3: Adjust pointers 11.466ms
[2020-12-29T05:06:45.246-0500][gc,phases,start] GC(24254) Phase 4: Compact heap
[2020-12-29T05:06:45.249-0500][gc,phases      ] GC(24254) Phase 4: Compact heap 2.763ms
[2020-12-29T05:06:45.253-0500][gc,heap        ] GC(24254) Eden regions: 5->0(10)
[2020-12-29T05:06:45.253-0500][gc,heap        ] GC(24254) Survivor regions: 1->0(2)
[2020-12-29T05:06:45.253-0500][gc,heap        ] GC(24254) Old regions: 41->41
[2020-12-29T05:06:45.253-0500][gc,heap        ] GC(24254) Humongous regions: 4->4
[2020-12-29T05:06:45.253-0500][gc,metaspace   ] GC(24254) Metaspace: 50336K->50336K(1093632K)
[2020-12-29T05:06:45.253-0500][gc,heap        ] GC(24254) Heap after GC invocations=24255 (full 5623): garbage-first heap   total 64512K, used 43351K [0x0000000083000000, 0x0000000100000000)
[2020-12-29T05:06:45.253-0500][gc,heap        ] GC(24254)   region size 1024K, 0 young (0K), 0 survivors (0K)
[2020-12-29T05:06:45.253-0500][gc,heap        ] GC(24254)  Metaspace       used 50336K, capacity 52472K, committed 53888K, reserved 1093632K
[2020-12-29T05:06:45.253-0500][gc,heap        ] GC(24254)   class space    used 7457K, capacity 8250K, committed 8832K, reserved 1048576K
[2020-12-29T05:06:45.253-0500][gc             ] GC(24254) Pause Full (System.gc()) 46M->42M(63M) 63.070ms
[2020-12-29T05:06:45.253-0500][gc,cpu         ] GC(24254) User=0.26s Sys=0.00s Real=0.06s
[2020-12-29T05:09:08.797-0500][gc,heap        ] GC(24255) Heap before GC invocations=24255 (full 5623): garbage-first heap   total 64512K, used 52567K [0x0000000083000000, 0x0000000100000000)
[2020-12-29T05:09:08.798-0500][gc,heap        ] GC(24255)   region size 1024K, 10 young (10240K), 0 survivors (0K)
[2020-12-29T05:09:08.798-0500][gc,heap        ] GC(24255)  Metaspace       used 50336K, capacity 52472K, committed 53888K, reserved 1093632K
[2020-12-29T05:09:08.798-0500][gc,heap        ] GC(24255)   class space    used 7457K, capacity 8250K, committed 8832K, reserved 1048576K
[2020-12-29T05:09:08.798-0500][gc,start       ] GC(24255) Pause Young (Concurrent Start) (G1 Evacuation Pause)
[2020-12-29T05:09:08.798-0500][gc,task        ] GC(24255) Using 8 workers of 8 for evacuation
[2020-12-29T05:09:08.805-0500][gc,phases      ] GC(24255)   Pre Evacuate Collection Set: 0.4ms
[2020-12-29T05:09:08.805-0500][gc,phases      ] GC(24255)   Evacuate Collection Set: 3.6ms
[2020-12-29T05:09:08.805-0500][gc,phases      ] GC(24255)   Post Evacuate Collection Set: 2.6ms
[2020-12-29T05:09:08.805-0500][gc,phases      ] GC(24255)   Other: 1.3ms
[2020-12-29T05:09:08.806-0500][gc,heap        ] GC(24255) Eden regions: 10->0(9)
[2020-12-29T05:09:08.806-0500][gc,heap        ] GC(24255) Survivor regions: 0->1(2)
[2020-12-29T05:09:08.806-0500][gc,heap        ] GC(24255) Old regions: 41->41
[2020-12-29T05:09:08.806-0500][gc,heap        ] GC(24255) Humongous regions: 4->4
[2020-12-29T05:09:08.806-0500][gc,metaspace   ] GC(24255) Metaspace: 50336K->50336K(1093632K)
[2020-12-29T05:09:08.806-0500][gc,heap        ] GC(24255) Heap after GC invocations=24256 (full 5623): garbage-first heap   total 64512K, used 43427K [0x0000000083000000, 0x0000000100000000)
[2020-12-29T05:09:08.806-0500][gc,heap        ] GC(24255)   region size 1024K, 1 young (1024K), 1 survivors (1024K)
[2020-12-29T05:09:08.806-0500][gc,heap        ] GC(24255)  Metaspace       used 50336K, capacity 52472K, committed 53888K, reserved 1093632K
[2020-12-29T05:09:08.806-0500][gc,heap        ] GC(24255)   class space    used 7457K, capacity 8250K, committed 8832K, reserved 1048576K
[2020-12-29T05:09:08.806-0500][gc             ] GC(24255) Pause Young (Concurrent Start) (G1 Evacuation Pause) 52M->42M(63M) 7.712ms
[2020-12-29T05:09:08.806-0500][gc,cpu         ] GC(24255) User=0.01s Sys=0.00s Real=0.00s
[2020-12-29T05:09:08.807-0500][gc             ] GC(24256) Concurrent Cycle
[2020-12-29T05:09:08.807-0500][gc,marking     ] GC(24256) Concurrent Clear Claimed Marks
[2020-12-29T05:09:08.807-0500][gc,marking     ] GC(24256) Concurrent Clear Claimed Marks 0.236ms
[2020-12-29T05:09:08.807-0500][gc,marking     ] GC(24256) Concurrent Scan Root Regions
[2020-12-29T05:09:08.809-0500][gc,marking     ] GC(24256) Concurrent Scan Root Regions 1.521ms
[2020-12-29T05:09:08.809-0500][gc,marking     ] GC(24256) Concurrent Mark (1686746.196s)
[2020-12-29T05:09:08.809-0500][gc,marking     ] GC(24256) Concurrent Mark From Roots
[2020-12-29T05:09:08.809-0500][gc,task        ] GC(24256) Using 2 workers of 2 for marking
[2020-12-29T05:09:08.869-0500][gc,marking     ] GC(24256) Concurrent Mark From Roots 60.630ms
[2020-12-29T05:09:08.869-0500][gc,marking     ] GC(24256) Concurrent Preclean
[2020-12-29T05:09:08.870-0500][gc,marking     ] GC(24256) Concurrent Preclean 0.195ms
[2020-12-29T05:09:08.870-0500][gc,marking     ] GC(24256) Concurrent Mark (1686746.196s, 1686746.257s) 60.939ms
[2020-12-29T05:09:08.870-0500][gc,start       ] GC(24256) Pause Remark
[2020-12-29T05:09:08.877-0500][gc,stringtable ] GC(24256) Cleaned string and symbol table, strings: 33323 processed, 0 removed, symbols: 120973 processed, 0 removed
[2020-12-29T05:09:08.877-0500][gc             ] GC(24256) Pause Remark 42M->42M(63M) 7.480ms
[2020-12-29T05:09:08.877-0500][gc,cpu         ] GC(24256) User=0.02s Sys=0.00s Real=0.00s
[2020-12-29T05:09:08.877-0500][gc,marking     ] GC(24256) Concurrent Rebuild Remembered Sets
[2020-12-29T05:09:08.897-0500][gc,marking     ] GC(24256) Concurrent Rebuild Remembered Sets 19.937ms
[2020-12-29T05:09:08.898-0500][gc,start       ] GC(24256) Pause Cleanup
[2020-12-29T05:09:08.898-0500][gc             ] GC(24256) Pause Cleanup 42M->42M(63M) 0.214ms
[2020-12-29T05:09:08.898-0500][gc,cpu         ] GC(24256) User=0.00s Sys=0.00s Real=0.00s
[2020-12-29T05:09:08.898-0500][gc,marking     ] GC(24256) Concurrent Cleanup for Next Mark
[2020-12-29T05:09:08.898-0500][gc,marking     ] GC(24256) Concurrent Cleanup for Next Mark 0.281ms
[2020-12-29T05:09:08.898-0500][gc             ] GC(24256) Concurrent Cycle 91.901ms
[2020-12-29T05:11:19.062-0500][gc,heap        ] GC(24257) Heap before GC invocations=24257 (full 5623): garbage-first heap   total 64512K, used 52643K [0x0000000083000000, 0x0000000100000000)
[2020-12-29T05:11:19.062-0500][gc,heap        ] GC(24257)   region size 1024K, 10 young (10240K), 1 survivors (1024K)
[2020-12-29T05:11:19.062-0500][gc,heap        ] GC(24257)  Metaspace       used 50336K, capacity 52472K, committed 53888K, reserved 1093632K
[2020-12-29T05:11:19.062-0500][gc,heap        ] GC(24257)   class space    used 7457K, capacity 8250K, committed 8832K, reserved 1048576K
[2020-12-29T05:11:19.062-0500][gc,start       ] GC(24257) Pause Young (Normal) (G1 Evacuation Pause)
[2020-12-29T05:11:19.062-0500][gc,task        ] GC(24257) Using 8 workers of 8 for evacuation
[2020-12-29T05:11:19.067-0500][gc,phases      ] GC(24257)   Pre Evacuate Collection Set: 0.0ms
[2020-12-29T05:11:19.067-0500][gc,phases      ] GC(24257)   Evacuate Collection Set: 1.9ms
[2020-12-29T05:11:19.067-0500][gc,phases      ] GC(24257)   Post Evacuate Collection Set: 2.6ms
[2020-12-29T05:11:19.067-0500][gc,phases      ] GC(24257)   Other: 0.3ms
[2020-12-29T05:11:19.067-0500][gc,heap        ] GC(24257) Eden regions: 9->0(9)
[2020-12-29T05:11:19.067-0500][gc,heap        ] GC(24257) Survivor regions: 1->1(2)
[2020-12-29T05:11:19.067-0500][gc,heap        ] GC(24257) Old regions: 41->41
[2020-12-29T05:11:19.067-0500][gc,heap        ] GC(24257) Humongous regions: 4->4
[2020-12-29T05:11:19.067-0500][gc,metaspace   ] GC(24257) Metaspace: 50336K->50336K(1093632K)
[2020-12-29T05:11:19.067-0500][gc,heap        ] GC(24257) Heap after GC invocations=24258 (full 5623): garbage-first heap   total 64512K, used 43435K [0x0000000083000000, 0x0000000100000000)
[2020-12-29T05:11:19.067-0500][gc,heap        ] GC(24257)   region size 1024K, 1 young (1024K), 1 survivors (1024K)
[2020-12-29T05:11:19.067-0500][gc,heap        ] GC(24257)  Metaspace       used 50336K, capacity 52472K, committed 53888K, reserved 1093632K
[2020-12-29T05:11:19.067-0500][gc,heap        ] GC(24257)   class space    used 7457K, capacity 8250K, committed 8832K, reserved 1048576K
[2020-12-29T05:11:19.067-0500][gc             ] GC(24257) Pause Young (Normal) (G1 Evacuation Pause) 51M->42M(63M) 4.995ms
[2020-12-29T05:11:19.067-0500][gc,cpu         ] GC(24257) User=0.02s Sys=0.00s Real=0.00s
[2020-12-29T05:11:45.190-0500][gc,task        ] GC(24258) Using 5 workers of 8 for full compaction
[2020-12-29T05:11:45.190-0500][gc,start       ] GC(24258) Pause Full (System.gc())
[2020-12-29T05:11:45.190-0500][gc,heap        ] GC(24258) Heap before GC invocations=24258 (full 5623): garbage-first heap   total 64512K, used 44459K [0x0000000083000000, 0x0000000100000000)
[2020-12-29T05:11:45.190-0500][gc,heap        ] GC(24258)   region size 1024K, 3 young (3072K), 1 survivors (1024K)
[2020-12-29T05:11:45.190-0500][gc,heap        ] GC(24258)  Metaspace       used 50336K, capacity 52472K, committed 53888K, reserved 1093632K
[2020-12-29T05:11:45.190-0500][gc,heap        ] GC(24258)   class space    used 7457K, capacity 8250K, committed 8832K, reserved 1048576K
[2020-12-29T05:11:45.190-0500][gc,phases,start] GC(24258) Phase 1: Mark live objects
[2020-12-29T05:11:45.209-0500][gc,stringtable ] GC(24258) Cleaned string and symbol table, strings: 33323 processed, 4 removed, symbols: 120973 processed, 0 removed
[2020-12-29T05:11:45.210-0500][gc,phases      ] GC(24258) Phase 1: Mark live objects 19.254ms
[2020-12-29T05:11:45.210-0500][gc,phases,start] GC(24258) Phase 2: Prepare for compaction
[2020-12-29T05:11:45.213-0500][gc,phases      ] GC(24258) Phase 2: Prepare for compaction 3.281ms
[2020-12-29T05:11:45.213-0500][gc,phases,start] GC(24258) Phase 3: Adjust pointers
[2020-12-29T05:11:45.222-0500][gc,phases      ] GC(24258) Phase 3: Adjust pointers 9.315ms
[2020-12-29T05:11:45.222-0500][gc,phases,start] GC(24258) Phase 4: Compact heap
[2020-12-29T05:11:45.225-0500][gc,phases      ] GC(24258) Phase 4: Compact heap 3.001ms
[2020-12-29T05:11:45.229-0500][gc,heap        ] GC(24258) Eden regions: 2->0(10)
[2020-12-29T05:11:45.229-0500][gc,heap        ] GC(24258) Survivor regions: 1->0(2)
[2020-12-29T05:11:45.229-0500][gc,heap        ] GC(24258) Old regions: 41->41
[2020-12-29T05:11:45.229-0500][gc,heap        ] GC(24258) Humongous regions: 4->4
[2020-12-29T05:11:45.229-0500][gc,metaspace   ] GC(24258) Metaspace: 50336K->50336K(1093632K)
[2020-12-29T05:11:45.229-0500][gc,heap        ] GC(24258) Heap after GC invocations=24259 (full 5624): garbage-first heap   total 64512K, used 43331K [0x0000000083000000, 0x0000000100000000)
[2020-12-29T05:11:45.229-0500][gc,heap        ] GC(24258)   region size 1024K, 0 young (0K), 0 survivors (0K)
[2020-12-29T05:11:45.229-0500][gc,heap        ] GC(24258)  Metaspace       used 50336K, capacity 52472K, committed 53888K, reserved 1093632K
[2020-12-29T05:11:45.230-0500][gc,heap        ] GC(24258)   class space    used 7457K, capacity 8250K, committed 8832K, reserved 1048576K
[2020-12-29T05:11:45.230-0500][gc             ] GC(24258) Pause Full (System.gc()) 43M->42M(63M) 39.475ms
[2020-12-29T05:11:45.230-0500][gc,cpu         ] GC(24258) User=0.16s Sys=0.00s Real=0.04s
[2020-12-29T05:14:19.062-0500][gc,heap        ] GC(24259) Heap before GC invocations=24259 (full 5624): garbage-first heap   total 64512K, used 52547K [0x0000000083000000, 0x0000000100000000)
[2020-12-29T05:14:19.062-0500][gc,heap        ] GC(24259)   region size 1024K, 10 young (10240K), 0 survivors (0K)
[2020-12-29T05:14:19.062-0500][gc,heap        ] GC(24259)  Metaspace       used 50336K, capacity 52472K, committed 53888K, reserved 1093632K
[2020-12-29T05:14:19.062-0500][gc,heap        ] GC(24259)   class space    used 7457K, capacity 8250K, committed 8832K, reserved 1048576K
[2020-12-29T05:14:19.062-0500][gc,start       ] GC(24259) Pause Young (Concurrent Start) (G1 Evacuation Pause)
[2020-12-29T05:14:19.062-0500][gc,task        ] GC(24259) Using 8 workers of 8 for evacuation
[2020-12-29T05:14:19.067-0500][gc,phases      ] GC(24259)   Pre Evacuate Collection Set: 0.3ms
[2020-12-29T05:14:19.067-0500][gc,phases      ] GC(24259)   Evacuate Collection Set: 2.7ms
[2020-12-29T05:14:19.067-0500][gc,phases      ] GC(24259)   Post Evacuate Collection Set: 2.1ms
[2020-12-29T05:14:19.067-0500][gc,phases      ] GC(24259)   Other: 0.6ms
[2020-12-29T05:14:19.068-0500][gc,heap        ] GC(24259) Eden regions: 10->0(9)
[2020-12-29T05:14:19.068-0500][gc,heap        ] GC(24259) Survivor regions: 0->1(2)
[2020-12-29T05:14:19.068-0500][gc,heap        ] GC(24259) Old regions: 41->41
[2020-12-29T05:14:19.068-0500][gc,heap        ] GC(24259) Humongous regions: 4->4
[2020-12-29T05:14:19.068-0500][gc,metaspace   ] GC(24259) Metaspace: 50336K->50336K(1093632K)
[2020-12-29T05:14:19.068-0500][gc,heap        ] GC(24259) Heap after GC invocations=24260 (full 5624): garbage-first heap   total 64512K, used 43417K [0x0000000083000000, 0x0000000100000000)
[2020-12-29T05:14:19.068-0500][gc,heap        ] GC(24259)   region size 1024K, 1 young (1024K), 1 survivors (1024K)
[2020-12-29T05:14:19.068-0500][gc,heap        ] GC(24259)  Metaspace       used 50336K, capacity 52472K, committed 53888K, reserved 1093632K
[2020-12-29T05:14:19.068-0500][gc,heap        ] GC(24259)   class space    used 7457K, capacity 8250K, committed 8832K, reserved 1048576K
[2020-12-29T05:14:19.068-0500][gc             ] GC(24259) Pause Young (Concurrent Start) (G1 Evacuation Pause) 52M->42M(63M) 5.797ms
[2020-12-29T05:14:19.068-0500][gc,cpu         ] GC(24259) User=0.01s Sys=0.01s Real=0.01s
[2020-12-29T05:14:19.068-0500][gc             ] GC(24260) Concurrent Cycle
[2020-12-29T05:14:19.068-0500][gc,marking     ] GC(24260) Concurrent Clear Claimed Marks
[2020-12-29T05:14:19.068-0500][gc,marking     ] GC(24260) Concurrent Clear Claimed Marks 0.126ms
[2020-12-29T05:14:19.068-0500][gc,marking     ] GC(24260) Concurrent Scan Root Regions
[2020-12-29T05:14:19.070-0500][gc,marking     ] GC(24260) Concurrent Scan Root Regions 1.151ms
[2020-12-29T05:14:19.070-0500][gc,marking     ] GC(24260) Concurrent Mark (1687056.457s)
[2020-12-29T05:14:19.070-0500][gc,marking     ] GC(24260) Concurrent Mark From Roots
[2020-12-29T05:14:19.070-0500][gc,task        ] GC(24260) Using 2 workers of 2 for marking
[2020-12-29T05:14:19.151-0500][gc,marking     ] GC(24260) Concurrent Mark From Roots 80.663ms
[2020-12-29T05:14:19.151-0500][gc,marking     ] GC(24260) Concurrent Preclean
[2020-12-29T05:14:19.151-0500][gc,marking     ] GC(24260) Concurrent Preclean 0.151ms
[2020-12-29T05:14:19.151-0500][gc,marking     ] GC(24260) Concurrent Mark (1687056.457s, 1687056.538s) 80.913ms
[2020-12-29T05:14:19.151-0500][gc,start       ] GC(24260) Pause Remark
[2020-12-29T05:14:19.156-0500][gc,stringtable ] GC(24260) Cleaned string and symbol table, strings: 33323 processed, 0 removed, symbols: 120973 processed, 0 removed
[2020-12-29T05:14:19.157-0500][gc             ] GC(24260) Pause Remark 42M->42M(63M) 5.599ms
[2020-12-29T05:14:19.157-0500][gc,cpu         ] GC(24260) User=0.02s Sys=0.00s Real=0.00s
[2020-12-29T05:14:19.157-0500][gc,marking     ] GC(24260) Concurrent Rebuild Remembered Sets
[2020-12-29T05:14:19.175-0500][gc,marking     ] GC(24260) Concurrent Rebuild Remembered Sets 17.826ms
[2020-12-29T05:14:19.175-0500][gc,start       ] GC(24260) Pause Cleanup
[2020-12-29T05:14:19.175-0500][gc             ] GC(24260) Pause Cleanup 42M->42M(63M) 0.159ms
[2020-12-29T05:14:19.175-0500][gc,cpu         ] GC(24260) User=0.01s Sys=0.00s Real=0.00s
[2020-12-29T05:14:19.175-0500][gc,marking     ] GC(24260) Concurrent Cleanup for Next Mark
[2020-12-29T05:14:19.175-0500][gc,marking     ] GC(24260) Concurrent Cleanup for Next Mark 0.184ms
[2020-12-29T05:14:19.175-0500][gc             ] GC(24260) Concurrent Cycle 107.279ms
[2020-12-29T05:16:29.264-0500][gc,heap        ] GC(24261) Heap before GC invocations=24261 (full 5624): garbage-first heap   total 64512K, used 51609K [0x0000000083000000, 0x0000000100000000)
[2020-12-29T05:16:29.264-0500][gc,heap        ] GC(24261)   region size 1024K, 10 young (10240K), 1 survivors (1024K)
[2020-12-29T05:16:29.264-0500][gc,heap        ] GC(24261)  Metaspace       used 50336K, capacity 52472K, committed 53888K, reserved 1093632K
[2020-12-29T05:16:29.264-0500][gc,heap        ] GC(24261)   class space    used 7457K, capacity 8250K, committed 8832K, reserved 1048576K
[2020-12-29T05:16:29.264-0500][gc,start       ] GC(24261) Pause Young (Normal) (G1 Evacuation Pause)
[2020-12-29T05:16:29.264-0500][gc,task        ] GC(24261) Using 8 workers of 8 for evacuation
[2020-12-29T05:16:29.272-0500][gc,phases      ] GC(24261)   Pre Evacuate Collection Set: 0.0ms
[2020-12-29T05:16:29.272-0500][gc,phases      ] GC(24261)   Evacuate Collection Set: 4.3ms
[2020-12-29T05:16:29.272-0500][gc,phases      ] GC(24261)   Post Evacuate Collection Set: 3.0ms
[2020-12-29T05:16:29.272-0500][gc,phases      ] GC(24261)   Other: 0.6ms
[2020-12-29T05:16:29.272-0500][gc,heap        ] GC(24261) Eden regions: 9->0(9)
[2020-12-29T05:16:29.272-0500][gc,heap        ] GC(24261) Survivor regions: 1->1(2)
[2020-12-29T05:16:29.272-0500][gc,heap        ] GC(24261) Old regions: 41->41
[2020-12-29T05:16:29.272-0500][gc,heap        ] GC(24261) Humongous regions: 4->4
[2020-12-29T05:16:29.272-0500][gc,metaspace   ] GC(24261) Metaspace: 50336K->50336K(1093632K)
[2020-12-29T05:16:29.272-0500][gc,heap        ] GC(24261) Heap after GC invocations=24262 (full 5624): garbage-first heap   total 64512K, used 43386K [0x0000000083000000, 0x0000000100000000)
[2020-12-29T05:16:29.272-0500][gc,heap        ] GC(24261)   region size 1024K, 1 young (1024K), 1 survivors (1024K)
[2020-12-29T05:16:29.272-0500][gc,heap        ] GC(24261)  Metaspace       used 50336K, capacity 52472K, committed 53888K, reserved 1093632K
[2020-12-29T05:16:29.272-0500][gc,heap        ] GC(24261)   class space    used 7457K, capacity 8250K, committed 8832K, reserved 1048576K
[2020-12-29T05:16:29.272-0500][gc             ] GC(24261) Pause Young (Normal) (G1 Evacuation Pause) 51M->42M(63M) 7.921ms
[2020-12-29T05:16:29.272-0500][gc,cpu         ] GC(24261) User=0.02s Sys=0.00s Real=0.01s
[2020-12-29T05:16:45.192-0500][gc,task        ] GC(24262) Using 5 workers of 8 for full compaction
[2020-12-29T05:16:45.192-0500][gc,start       ] GC(24262) Pause Full (System.gc())
[2020-12-29T05:16:45.192-0500][gc,heap        ] GC(24262) Heap before GC invocations=24262 (full 5624): garbage-first heap   total 64512K, used 43386K [0x0000000083000000, 0x0000000100000000)
[2020-12-29T05:16:45.192-0500][gc,heap        ] GC(24262)   region size 1024K, 2 young (2048K), 1 survivors (1024K)
[2020-12-29T05:16:45.192-0500][gc,heap        ] GC(24262)  Metaspace       used 50336K, capacity 52472K, committed 53888K, reserved 1093632K
[2020-12-29T05:16:45.192-0500][gc,heap        ] GC(24262)   class space    used 7457K, capacity 8250K, committed 8832K, reserved 1048576K
[2020-12-29T05:16:45.193-0500][gc,phases,start] GC(24262) Phase 1: Mark live objects
[2020-12-29T05:16:45.231-0500][gc,stringtable ] GC(24262) Cleaned string and symbol table, strings: 33323 processed, 4 removed, symbols: 120973 processed, 0 removed
[2020-12-29T05:16:45.231-0500][gc,phases      ] GC(24262) Phase 1: Mark live objects 38.899ms
[2020-12-29T05:16:45.232-0500][gc,phases,start] GC(24262) Phase 2: Prepare for compaction
[2020-12-29T05:16:45.237-0500][gc,phases      ] GC(24262) Phase 2: Prepare for compaction 5.797ms
[2020-12-29T05:16:45.237-0500][gc,phases,start] GC(24262) Phase 3: Adjust pointers
[2020-12-29T05:16:45.249-0500][gc,phases      ] GC(24262) Phase 3: Adjust pointers 11.199ms
[2020-12-29T05:16:45.249-0500][gc,phases,start] GC(24262) Phase 4: Compact heap
[2020-12-29T05:16:45.252-0500][gc,phases      ] GC(24262) Phase 4: Compact heap 2.888ms
[2020-12-29T05:16:45.257-0500][gc,heap        ] GC(24262) Eden regions: 1->0(11)
[2020-12-29T05:16:45.257-0500][gc,heap        ] GC(24262) Survivor regions: 1->0(2)
[2020-12-29T05:16:45.257-0500][gc,heap        ] GC(24262) Old regions: 41->40
[2020-12-29T05:16:45.257-0500][gc,heap        ] GC(24262) Humongous regions: 4->4
[2020-12-29T05:16:45.257-0500][gc,metaspace   ] GC(24262) Metaspace: 50336K->50336K(1093632K)
[2020-12-29T05:16:45.257-0500][gc,heap        ] GC(24262) Heap after GC invocations=24263 (full 5625): garbage-first heap   total 64512K, used 43331K [0x0000000083000000, 0x0000000100000000)
[2020-12-29T05:16:45.257-0500][gc,heap        ] GC(24262)   region size 1024K, 0 young (0K), 0 survivors (0K)
[2020-12-29T05:16:45.257-0500][gc,heap        ] GC(24262)  Metaspace       used 50336K, capacity 52472K, committed 53888K, reserved 1093632K
[2020-12-29T05:16:45.257-0500][gc,heap        ] GC(24262)   class space    used 7457K, capacity 8250K, committed 8832K, reserved 1048576K
[2020-12-29T05:16:45.257-0500][gc             ] GC(24262) Pause Full (System.gc()) 43M->42M(63M) 65.431ms
[2020-12-29T05:16:45.258-0500][gc,cpu         ] GC(24262) User=0.27s Sys=0.00s Real=0.06s
[2020-12-29T05:19:29.072-0500][gc,heap        ] GC(24263) Heap before GC invocations=24263 (full 5625): garbage-first heap   total 64512K, used 54595K [0x0000000083000000, 0x0000000100000000)
[2020-12-29T05:19:29.072-0500][gc,heap        ] GC(24263)   region size 1024K, 11 young (11264K), 0 survivors (0K)
[2020-12-29T05:19:29.072-0500][gc,heap        ] GC(24263)  Metaspace       used 50336K, capacity 52472K, committed 53888K, reserved 1093632K
[2020-12-29T05:19:29.072-0500][gc,heap        ] GC(24263)   class space    used 7457K, capacity 8250K, committed 8832K, reserved 1048576K
[2020-12-29T05:19:29.072-0500][gc,start       ] GC(24263) Pause Young (Concurrent Start) (G1 Evacuation Pause)
[2020-12-29T05:19:29.072-0500][gc,task        ] GC(24263) Using 8 workers of 8 for evacuation
[2020-12-29T05:19:29.078-0500][gc,phases      ] GC(24263)   Pre Evacuate Collection Set: 0.4ms
[2020-12-29T05:19:29.079-0500][gc,phases      ] GC(24263)   Evacuate Collection Set: 2.6ms
[2020-12-29T05:19:29.079-0500][gc,phases      ] GC(24263)   Post Evacuate Collection Set: 3.0ms
[2020-12-29T05:19:29.079-0500][gc,phases      ] GC(24263)   Other: 0.5ms
[2020-12-29T05:19:29.079-0500][gc,heap        ] GC(24263) Eden regions: 11->0(10)
[2020-12-29T05:19:29.079-0500][gc,heap        ] GC(24263) Survivor regions: 0->1(2)
[2020-12-29T05:19:29.079-0500][gc,heap        ] GC(24263) Old regions: 40->40
[2020-12-29T05:19:29.079-0500][gc,heap        ] GC(24263) Humongous regions: 4->4
[2020-12-29T05:19:29.079-0500][gc,metaspace   ] GC(24263) Metaspace: 50336K->50336K(1093632K)
[2020-12-29T05:19:29.079-0500][gc,heap        ] GC(24263) Heap after GC invocations=24264 (full 5625): garbage-first heap   total 64512K, used 43392K [0x0000000083000000, 0x0000000100000000)
[2020-12-29T05:19:29.079-0500][gc,heap        ] GC(24263)   region size 1024K, 1 young (1024K), 1 survivors (1024K)
[2020-12-29T05:19:29.079-0500][gc,heap        ] GC(24263)  Metaspace       used 50336K, capacity 52472K, committed 53888K, reserved 1093632K
[2020-12-29T05:19:29.079-0500][gc,heap        ] GC(24263)   class space    used 7457K, capacity 8250K, committed 8832K, reserved 1048576K
[2020-12-29T05:19:29.079-0500][gc             ] GC(24263) Pause Young (Concurrent Start) (G1 Evacuation Pause) 53M->42M(63M) 6.795ms
[2020-12-29T05:19:29.079-0500][gc,cpu         ] GC(24263) User=0.01s Sys=0.01s Real=0.01s
[2020-12-29T05:19:29.079-0500][gc             ] GC(24264) Concurrent Cycle
[2020-12-29T05:19:29.079-0500][gc,marking     ] GC(24264) Concurrent Clear Claimed Marks
[2020-12-29T05:19:29.079-0500][gc,marking     ] GC(24264) Concurrent Clear Claimed Marks 0.149ms
[2020-12-29T05:19:29.079-0500][gc,marking     ] GC(24264) Concurrent Scan Root Regions
[2020-12-29T05:19:29.081-0500][gc,marking     ] GC(24264) Concurrent Scan Root Regions 1.593ms
[2020-12-29T05:19:29.081-0500][gc,marking     ] GC(24264) Concurrent Mark (1687366.468s)
[2020-12-29T05:19:29.081-0500][gc,marking     ] GC(24264) Concurrent Mark From Roots
[2020-12-29T05:19:29.081-0500][gc,task        ] GC(24264) Using 2 workers of 2 for marking
[2020-12-29T05:19:29.141-0500][gc,marking     ] GC(24264) Concurrent Mark From Roots 59.709ms
[2020-12-29T05:19:29.141-0500][gc,marking     ] GC(24264) Concurrent Preclean
[2020-12-29T05:19:29.141-0500][gc,marking     ] GC(24264) Concurrent Preclean 0.178ms
[2020-12-29T05:19:29.141-0500][gc,marking     ] GC(24264) Concurrent Mark (1687366.468s, 1687366.528s) 60.012ms
[2020-12-29T05:19:29.141-0500][gc,start       ] GC(24264) Pause Remark
[2020-12-29T05:19:29.146-0500][gc,stringtable ] GC(24264) Cleaned string and symbol table, strings: 33323 processed, 0 removed, symbols: 120973 processed, 0 removed
[2020-12-29T05:19:29.146-0500][gc             ] GC(24264) Pause Remark 42M->42M(63M) 4.699ms
[2020-12-29T05:19:29.146-0500][gc,cpu         ] GC(24264) User=0.02s Sys=0.00s Real=0.00s
[2020-12-29T05:19:29.146-0500][gc,marking     ] GC(24264) Concurrent Rebuild Remembered Sets
[2020-12-29T05:19:29.164-0500][gc,marking     ] GC(24264) Concurrent Rebuild Remembered Sets 18.055ms
[2020-12-29T05:19:29.165-0500][gc,start       ] GC(24264) Pause Cleanup
[2020-12-29T05:19:29.165-0500][gc             ] GC(24264) Pause Cleanup 42M->42M(63M) 0.251ms
[2020-12-29T05:19:29.165-0500][gc,cpu         ] GC(24264) User=0.00s Sys=0.00s Real=0.00s
[2020-12-29T05:19:29.165-0500][gc,marking     ] GC(24264) Concurrent Cleanup for Next Mark
[2020-12-29T05:19:29.166-0500][gc,marking     ] GC(24264) Concurrent Cleanup for Next Mark 0.250ms
[2020-12-29T05:19:29.166-0500][gc             ] GC(24264) Concurrent Cycle 86.504ms
[2020-12-29T05:21:45.192-0500][gc,task        ] GC(24265) Using 5 workers of 8 for full compaction
[2020-12-29T05:21:45.192-0500][gc,start       ] GC(24265) Pause Full (System.gc())
[2020-12-29T05:21:45.192-0500][gc,heap        ] GC(24265) Heap before GC invocations=24265 (full 5625): garbage-first heap   total 64512K, used 51584K [0x0000000083000000, 0x0000000100000000)
[2020-12-29T05:21:45.192-0500][gc,heap        ] GC(24265)   region size 1024K, 10 young (10240K), 1 survivors (1024K)
[2020-12-29T05:21:45.192-0500][gc,heap        ] GC(24265)  Metaspace       used 50336K, capacity 52472K, committed 53888K, reserved 1093632K
[2020-12-29T05:21:45.192-0500][gc,heap        ] GC(24265)   class space    used 7457K, capacity 8250K, committed 8832K, reserved 1048576K
[2020-12-29T05:21:45.192-0500][gc,phases,start] GC(24265) Phase 1: Mark live objects
[2020-12-29T05:21:45.229-0500][gc,stringtable ] GC(24265) Cleaned string and symbol table, strings: 33323 processed, 4 removed, symbols: 120973 processed, 0 removed
[2020-12-29T05:21:45.229-0500][gc,phases      ] GC(24265) Phase 1: Mark live objects 36.593ms
[2020-12-29T05:21:45.229-0500][gc,phases,start] GC(24265) Phase 2: Prepare for compaction
[2020-12-29T05:21:45.233-0500][gc,phases      ] GC(24265) Phase 2: Prepare for compaction 4.475ms
[2020-12-29T05:21:45.233-0500][gc,phases,start] GC(24265) Phase 3: Adjust pointers
[2020-12-29T05:21:45.245-0500][gc,phases      ] GC(24265) Phase 3: Adjust pointers 11.669ms
[2020-12-29T05:21:45.245-0500][gc,phases,start] GC(24265) Phase 4: Compact heap
[2020-12-29T05:21:45.248-0500][gc,phases      ] GC(24265) Phase 4: Compact heap 2.709ms
[2020-12-29T05:21:45.252-0500][gc,heap        ] GC(24265) Eden regions: 9->0(9)
[2020-12-29T05:21:45.252-0500][gc,heap        ] GC(24265) Survivor regions: 1->0(2)
[2020-12-29T05:21:45.252-0500][gc,heap        ] GC(24265) Old regions: 40->42
[2020-12-29T05:21:45.252-0500][gc,heap        ] GC(24265) Humongous regions: 4->4
[2020-12-29T05:21:45.252-0500][gc,metaspace   ] GC(24265) Metaspace: 50336K->50336K(1093632K)
[2020-12-29T05:21:45.252-0500][gc,heap        ] GC(24265) Heap after GC invocations=24266 (full 5626): garbage-first heap   total 64512K, used 43373K [0x0000000083000000, 0x0000000100000000)
[2020-12-29T05:21:45.252-0500][gc,heap        ] GC(24265)   region size 1024K, 0 young (0K), 0 survivors (0K)
[2020-12-29T05:21:45.252-0500][gc,heap        ] GC(24265)  Metaspace       used 50336K, capacity 52472K, committed 53888K, reserved 1093632K
[2020-12-29T05:21:45.252-0500][gc,heap        ] GC(24265)   class space    used 7457K, capacity 8250K, committed 8832K, reserved 1048576K
[2020-12-29T05:21:45.252-0500][gc             ] GC(24265) Pause Full (System.gc()) 51M->42M(63M) 60.497ms
[2020-12-29T05:21:45.252-0500][gc,cpu         ] GC(24265) User=0.27s Sys=0.00s Real=0.06s
[2020-12-29T05:23:59.074-0500][gc,heap        ] GC(24266) Heap before GC invocations=24266 (full 5626): garbage-first heap   total 64512K, used 51565K [0x0000000083000000, 0x0000000100000000)
[2020-12-29T05:23:59.074-0500][gc,heap        ] GC(24266)   region size 1024K, 9 young (9216K), 0 survivors (0K)
[2020-12-29T05:23:59.074-0500][gc,heap        ] GC(24266)  Metaspace       used 50336K, capacity 52472K, committed 53888K, reserved 1093632K
[2020-12-29T05:23:59.074-0500][gc,heap        ] GC(24266)   class space    used 7457K, capacity 8250K, committed 8832K, reserved 1048576K
[2020-12-29T05:23:59.074-0500][gc,start       ] GC(24266) Pause Young (Concurrent Start) (G1 Evacuation Pause)
[2020-12-29T05:23:59.074-0500][gc,task        ] GC(24266) Using 8 workers of 8 for evacuation
[2020-12-29T05:23:59.078-0500][gc,phases      ] GC(24266)   Pre Evacuate Collection Set: 0.3ms
[2020-12-29T05:23:59.078-0500][gc,phases      ] GC(24266)   Evacuate Collection Set: 2.3ms
[2020-12-29T05:23:59.078-0500][gc,phases      ] GC(24266)   Post Evacuate Collection Set: 1.0ms
[2020-12-29T05:23:59.078-0500][gc,phases      ] GC(24266)   Other: 0.5ms
[2020-12-29T05:23:59.078-0500][gc,heap        ] GC(24266) Eden regions: 9->0(8)
[2020-12-29T05:23:59.078-0500][gc,heap        ] GC(24266) Survivor regions: 0->1(2)
[2020-12-29T05:23:59.078-0500][gc,heap        ] GC(24266) Old regions: 42->42
[2020-12-29T05:23:59.078-0500][gc,heap        ] GC(24266) Humongous regions: 4->4
[2020-12-29T05:23:59.078-0500][gc,metaspace   ] GC(24266) Metaspace: 50336K->50336K(1093632K)
[2020-12-29T05:23:59.078-0500][gc,heap        ] GC(24266) Heap after GC invocations=24267 (full 5626): garbage-first heap   total 64512K, used 43453K [0x0000000083000000, 0x0000000100000000)
[2020-12-29T05:23:59.078-0500][gc,heap        ] GC(24266)   region size 1024K, 1 young (1024K), 1 survivors (1024K)
[2020-12-29T05:23:59.078-0500][gc,heap        ] GC(24266)  Metaspace       used 50336K, capacity 52472K, committed 53888K, reserved 1093632K
[2020-12-29T05:23:59.078-0500][gc,heap        ] GC(24266)   class space    used 7457K, capacity 8250K, committed 8832K, reserved 1048576K
[2020-12-29T05:23:59.078-0500][gc             ] GC(24266) Pause Young (Concurrent Start) (G1 Evacuation Pause) 51M->42M(63M) 3.965ms
[2020-12-29T05:23:59.078-0500][gc,cpu         ] GC(24266) User=0.01s Sys=0.01s Real=0.01s
[2020-12-29T05:23:59.078-0500][gc             ] GC(24267) Concurrent Cycle
[2020-12-29T05:23:59.078-0500][gc,marking     ] GC(24267) Concurrent Clear Claimed Marks
[2020-12-29T05:23:59.078-0500][gc,marking     ] GC(24267) Concurrent Clear Claimed Marks 0.073ms
[2020-12-29T05:23:59.078-0500][gc,marking     ] GC(24267) Concurrent Scan Root Regions
[2020-12-29T05:23:59.079-0500][gc,marking     ] GC(24267) Concurrent Scan Root Regions 0.620ms
[2020-12-29T05:23:59.079-0500][gc,marking     ] GC(24267) Concurrent Mark (1687636.466s)
[2020-12-29T05:23:59.079-0500][gc,marking     ] GC(24267) Concurrent Mark From Roots
[2020-12-29T05:23:59.079-0500][gc,task        ] GC(24267) Using 2 workers of 2 for marking
[2020-12-29T05:23:59.116-0500][gc,marking     ] GC(24267) Concurrent Mark From Roots 36.916ms
[2020-12-29T05:23:59.116-0500][gc,marking     ] GC(24267) Concurrent Preclean
[2020-12-29T05:23:59.116-0500][gc,marking     ] GC(24267) Concurrent Preclean 0.146ms
[2020-12-29T05:23:59.116-0500][gc,marking     ] GC(24267) Concurrent Mark (1687636.466s, 1687636.503s) 37.138ms
[2020-12-29T05:23:59.116-0500][gc,start       ] GC(24267) Pause Remark
[2020-12-29T05:23:59.120-0500][gc,stringtable ] GC(24267) Cleaned string and symbol table, strings: 33323 processed, 0 removed, symbols: 120973 processed, 0 removed
[2020-12-29T05:23:59.120-0500][gc             ] GC(24267) Pause Remark 42M->42M(63M) 4.198ms
[2020-12-29T05:23:59.120-0500][gc,cpu         ] GC(24267) User=0.02s Sys=0.00s Real=0.01s
[2020-12-29T05:23:59.121-0500][gc,marking     ] GC(24267) Concurrent Rebuild Remembered Sets
[2020-12-29T05:23:59.138-0500][gc,marking     ] GC(24267) Concurrent Rebuild Remembered Sets 17.427ms
[2020-12-29T05:23:59.138-0500][gc,start       ] GC(24267) Pause Cleanup
[2020-12-29T05:23:59.139-0500][gc             ] GC(24267) Pause Cleanup 42M->42M(63M) 0.294ms
[2020-12-29T05:23:59.139-0500][gc,cpu         ] GC(24267) User=0.00s Sys=0.00s Real=0.00s
[2020-12-29T05:23:59.139-0500][gc,marking     ] GC(24267) Concurrent Cleanup for Next Mark
[2020-12-29T05:23:59.139-0500][gc,marking     ] GC(24267) Concurrent Cleanup for Next Mark 0.263ms
[2020-12-29T05:23:59.139-0500][gc             ] GC(24267) Concurrent Cycle 61.113ms
[2020-12-29T05:25:59.067-0500][gc,heap        ] GC(24268) Heap before GC invocations=24268 (full 5626): garbage-first heap   total 64512K, used 51622K [0x0000000083000000, 0x0000000100000000)
[2020-12-29T05:25:59.067-0500][gc,heap        ] GC(24268)   region size 1024K, 9 young (9216K), 1 survivors (1024K)
[2020-12-29T05:25:59.067-0500][gc,heap        ] GC(24268)  Metaspace       used 50336K, capacity 52472K, committed 53888K, reserved 1093632K
[2020-12-29T05:25:59.067-0500][gc,heap        ] GC(24268)   class space    used 7457K, capacity 8250K, committed 8832K, reserved 1048576K
[2020-12-29T05:25:59.067-0500][gc,start       ] GC(24268) Pause Young (Normal) (G1 Evacuation Pause)
[2020-12-29T05:25:59.067-0500][gc,task        ] GC(24268) Using 8 workers of 8 for evacuation
[2020-12-29T05:25:59.071-0500][gc,phases      ] GC(24268)   Pre Evacuate Collection Set: 0.0ms
[2020-12-29T05:25:59.071-0500][gc,phases      ] GC(24268)   Evacuate Collection Set: 1.2ms
[2020-12-29T05:25:59.071-0500][gc,phases      ] GC(24268)   Post Evacuate Collection Set: 2.3ms
[2020-12-29T05:25:59.071-0500][gc,phases      ] GC(24268)   Other: 0.3ms
[2020-12-29T05:25:59.071-0500][gc,heap        ] GC(24268) Eden regions: 8->0(9)
[2020-12-29T05:25:59.071-0500][gc,heap        ] GC(24268) Survivor regions: 1->1(2)
[2020-12-29T05:25:59.071-0500][gc,heap        ] GC(24268) Old regions: 41->41
[2020-12-29T05:25:59.071-0500][gc,heap        ] GC(24268) Humongous regions: 4->4
[2020-12-29T05:25:59.071-0500][gc,metaspace   ] GC(24268) Metaspace: 50336K->50336K(1093632K)
[2020-12-29T05:25:59.071-0500][gc,heap        ] GC(24268) Heap after GC invocations=24269 (full 5626): garbage-first heap   total 64512K, used 43435K [0x0000000083000000, 0x0000000100000000)
[2020-12-29T05:25:59.071-0500][gc,heap        ] GC(24268)   region size 1024K, 1 young (1024K), 1 survivors (1024K)
[2020-12-29T05:25:59.071-0500][gc,heap        ] GC(24268)  Metaspace       used 50336K, capacity 52472K, committed 53888K, reserved 1093632K
[2020-12-29T05:25:59.071-0500][gc,heap        ] GC(24268)   class space    used 7457K, capacity 8250K, committed 8832K, reserved 1048576K
[2020-12-29T05:25:59.071-0500][gc             ] GC(24268) Pause Young (Normal) (G1 Evacuation Pause) 50M->42M(63M) 3.996ms
[2020-12-29T05:25:59.071-0500][gc,cpu         ] GC(24268) User=0.01s Sys=0.00s Real=0.01s
[2020-12-29T05:26:45.192-0500][gc,task        ] GC(24269) Using 5 workers of 8 for full compaction
[2020-12-29T05:26:45.192-0500][gc,start       ] GC(24269) Pause Full (System.gc())
[2020-12-29T05:26:45.192-0500][gc,heap        ] GC(24269) Heap before GC invocations=24269 (full 5626): garbage-first heap   total 64512K, used 45483K [0x0000000083000000, 0x0000000100000000)
[2020-12-29T05:26:45.192-0500][gc,heap        ] GC(24269)   region size 1024K, 4 young (4096K), 1 survivors (1024K)
[2020-12-29T05:26:45.192-0500][gc,heap        ] GC(24269)  Metaspace       used 50336K, capacity 52472K, committed 53888K, reserved 1093632K
[2020-12-29T05:26:45.192-0500][gc,heap        ] GC(24269)   class space    used 7457K, capacity 8250K, committed 8832K, reserved 1048576K
[2020-12-29T05:26:45.193-0500][gc,phases,start] GC(24269) Phase 1: Mark live objects
[2020-12-29T05:26:45.231-0500][gc,stringtable ] GC(24269) Cleaned string and symbol table, strings: 33323 processed, 4 removed, symbols: 120973 processed, 0 removed
[2020-12-29T05:26:45.232-0500][gc,phases      ] GC(24269) Phase 1: Mark live objects 38.791ms
[2020-12-29T05:26:45.232-0500][gc,phases,start] GC(24269) Phase 2: Prepare for compaction
[2020-12-29T05:26:45.236-0500][gc,phases      ] GC(24269) Phase 2: Prepare for compaction 4.645ms
[2020-12-29T05:26:45.236-0500][gc,phases,start] GC(24269) Phase 3: Adjust pointers
[2020-12-29T05:26:45.249-0500][gc,phases      ] GC(24269) Phase 3: Adjust pointers 12.972ms
[2020-12-29T05:26:45.249-0500][gc,phases,start] GC(24269) Phase 4: Compact heap
[2020-12-29T05:26:45.252-0500][gc,phases      ] GC(24269) Phase 4: Compact heap 2.343ms
[2020-12-29T05:26:45.256-0500][gc,heap        ] GC(24269) Eden regions: 3->0(10)
[2020-12-29T05:26:45.256-0500][gc,heap        ] GC(24269) Survivor regions: 1->0(2)
[2020-12-29T05:26:45.256-0500][gc,heap        ] GC(24269) Old regions: 41->41
[2020-12-29T05:26:45.256-0500][gc,heap        ] GC(24269) Humongous regions: 4->4
[2020-12-29T05:26:45.256-0500][gc,metaspace   ] GC(24269) Metaspace: 50336K->50336K(1093632K)
[2020-12-29T05:26:45.256-0500][gc,heap        ] GC(24269) Heap after GC invocations=24270 (full 5627): garbage-first heap   total 64512K, used 43342K [0x0000000083000000, 0x0000000100000000)
[2020-12-29T05:26:45.256-0500][gc,heap        ] GC(24269)   region size 1024K, 0 young (0K), 0 survivors (0K)
[2020-12-29T05:26:45.256-0500][gc,heap        ] GC(24269)  Metaspace       used 50336K, capacity 52472K, committed 53888K, reserved 1093632K
[2020-12-29T05:26:45.256-0500][gc,heap        ] GC(24269)   class space    used 7457K, capacity 8250K, committed 8832K, reserved 1048576K
[2020-12-29T05:26:45.256-0500][gc             ] GC(24269) Pause Full (System.gc()) 45M->42M(63M) 63.692ms
[2020-12-29T05:26:45.256-0500][gc,cpu         ] GC(24269) User=0.29s Sys=0.00s Real=0.06s
[2020-12-29T05:29:19.059-0500][gc,heap        ] GC(24270) Heap before GC invocations=24270 (full 5627): garbage-first heap   total 64512K, used 52558K [0x0000000083000000, 0x0000000100000000)
[2020-12-29T05:29:19.059-0500][gc,heap        ] GC(24270)   region size 1024K, 10 young (10240K), 0 survivors (0K)
[2020-12-29T05:29:19.059-0500][gc,heap        ] GC(24270)  Metaspace       used 50336K, capacity 52472K, committed 53888K, reserved 1093632K
[2020-12-29T05:29:19.059-0500][gc,heap        ] GC(24270)   class space    used 7457K, capacity 8250K, committed 8832K, reserved 1048576K
[2020-12-29T05:29:19.059-0500][gc,start       ] GC(24270) Pause Young (Concurrent Start) (G1 Evacuation Pause)
[2020-12-29T05:29:19.059-0500][gc,task        ] GC(24270) Using 8 workers of 8 for evacuation
[2020-12-29T05:29:19.065-0500][gc,phases      ] GC(24270)   Pre Evacuate Collection Set: 0.3ms
[2020-12-29T05:29:19.065-0500][gc,phases      ] GC(24270)   Evacuate Collection Set: 3.2ms
[2020-12-29T05:29:19.065-0500][gc,phases      ] GC(24270)   Post Evacuate Collection Set: 2.3ms
[2020-12-29T05:29:19.065-0500][gc,phases      ] GC(24270)   Other: 0.7ms
[2020-12-29T05:29:19.065-0500][gc,heap        ] GC(24270) Eden regions: 10->0(9)
[2020-12-29T05:29:19.065-0500][gc,heap        ] GC(24270) Survivor regions: 0->1(2)
[2020-12-29T05:29:19.065-0500][gc,heap        ] GC(24270) Old regions: 41->41
[2020-12-29T05:29:19.065-0500][gc,heap        ] GC(24270) Humongous regions: 4->4
[2020-12-29T05:29:19.066-0500][gc,metaspace   ] GC(24270) Metaspace: 50336K->50336K(1093632K)
[2020-12-29T05:29:19.066-0500][gc,heap        ] GC(24270) Heap after GC invocations=24271 (full 5627): garbage-first heap   total 64512K, used 43432K [0x0000000083000000, 0x0000000100000000)
[2020-12-29T05:29:19.066-0500][gc,heap        ] GC(24270)   region size 1024K, 1 young (1024K), 1 survivors (1024K)
[2020-12-29T05:29:19.066-0500][gc,heap        ] GC(24270)  Metaspace       used 50336K, capacity 52472K, committed 53888K, reserved 1093632K
[2020-12-29T05:29:19.066-0500][gc,heap        ] GC(24270)   class space    used 7457K, capacity 8250K, committed 8832K, reserved 1048576K
[2020-12-29T05:29:19.066-0500][gc             ] GC(24270) Pause Young (Concurrent Start) (G1 Evacuation Pause) 52M->42M(63M) 6.711ms
[2020-12-29T05:29:19.066-0500][gc,cpu         ] GC(24270) User=0.01s Sys=0.01s Real=0.00s
[2020-12-29T05:29:19.066-0500][gc             ] GC(24271) Concurrent Cycle
[2020-12-29T05:29:19.066-0500][gc,marking     ] GC(24271) Concurrent Clear Claimed Marks
[2020-12-29T05:29:19.066-0500][gc,marking     ] GC(24271) Concurrent Clear Claimed Marks 0.184ms
[2020-12-29T05:29:19.066-0500][gc,marking     ] GC(24271) Concurrent Scan Root Regions
[2020-12-29T05:29:19.068-0500][gc,marking     ] GC(24271) Concurrent Scan Root Regions 1.385ms
[2020-12-29T05:29:19.068-0500][gc,marking     ] GC(24271) Concurrent Mark (1687956.455s)
[2020-12-29T05:29:19.068-0500][gc,marking     ] GC(24271) Concurrent Mark From Roots
[2020-12-29T05:29:19.068-0500][gc,task        ] GC(24271) Using 2 workers of 2 for marking
[2020-12-29T05:29:19.129-0500][gc,marking     ] GC(24271) Concurrent Mark From Roots 61.252ms
[2020-12-29T05:29:19.129-0500][gc,marking     ] GC(24271) Concurrent Preclean
[2020-12-29T05:29:19.129-0500][gc,marking     ] GC(24271) Concurrent Preclean 0.153ms
[2020-12-29T05:29:19.129-0500][gc,marking     ] GC(24271) Concurrent Mark (1687956.455s, 1687956.516s) 61.513ms
[2020-12-29T05:29:19.130-0500][gc,start       ] GC(24271) Pause Remark
[2020-12-29T05:29:19.133-0500][gc,stringtable ] GC(24271) Cleaned string and symbol table, strings: 33323 processed, 0 removed, symbols: 120973 processed, 0 removed
[2020-12-29T05:29:19.133-0500][gc             ] GC(24271) Pause Remark 42M->42M(63M) 3.834ms
[2020-12-29T05:29:19.134-0500][gc,cpu         ] GC(24271) User=0.02s Sys=0.00s Real=0.00s
[2020-12-29T05:29:19.134-0500][gc,marking     ] GC(24271) Concurrent Rebuild Remembered Sets
[2020-12-29T05:29:19.151-0500][gc,marking     ] GC(24271) Concurrent Rebuild Remembered Sets 17.500ms
[2020-12-29T05:29:19.151-0500][gc,start       ] GC(24271) Pause Cleanup
[2020-12-29T05:29:19.152-0500][gc             ] GC(24271) Pause Cleanup 42M->42M(63M) 0.208ms
[2020-12-29T05:29:19.152-0500][gc,cpu         ] GC(24271) User=0.00s Sys=0.00s Real=0.00s
[2020-12-29T05:29:19.152-0500][gc,marking     ] GC(24271) Concurrent Cleanup for Next Mark
[2020-12-29T05:29:19.152-0500][gc,marking     ] GC(24271) Concurrent Cleanup for Next Mark 0.097ms
[2020-12-29T05:29:19.152-0500][gc             ] GC(24271) Concurrent Cycle 85.943ms
[2020-12-29T05:31:29.071-0500][gc,heap        ] GC(24272) Heap before GC invocations=24272 (full 5627): garbage-first heap   total 64512K, used 52648K [0x0000000083000000, 0x0000000100000000)
[2020-12-29T05:31:29.071-0500][gc,heap        ] GC(24272)   region size 1024K, 10 young (10240K), 1 survivors (1024K)
[2020-12-29T05:31:29.071-0500][gc,heap        ] GC(24272)  Metaspace       used 50336K, capacity 52472K, committed 53888K, reserved 1093632K
[2020-12-29T05:31:29.071-0500][gc,heap        ] GC(24272)   class space    used 7457K, capacity 8250K, committed 8832K, reserved 1048576K
[2020-12-29T05:31:29.071-0500][gc,start       ] GC(24272) Pause Young (Normal) (G1 Evacuation Pause)
[2020-12-29T05:31:29.071-0500][gc,task        ] GC(24272) Using 8 workers of 8 for evacuation
[2020-12-29T05:31:29.079-0500][gc,phases      ] GC(24272)   Pre Evacuate Collection Set: 0.0ms
[2020-12-29T05:31:29.079-0500][gc,phases      ] GC(24272)   Evacuate Collection Set: 4.3ms
[2020-12-29T05:31:29.079-0500][gc,phases      ] GC(24272)   Post Evacuate Collection Set: 2.9ms
[2020-12-29T05:31:29.079-0500][gc,phases      ] GC(24272)   Other: 0.5ms
[2020-12-29T05:31:29.079-0500][gc,heap        ] GC(24272) Eden regions: 9->0(9)
[2020-12-29T05:31:29.079-0500][gc,heap        ] GC(24272) Survivor regions: 1->1(2)
[2020-12-29T05:31:29.079-0500][gc,heap        ] GC(24272) Old regions: 41->41
[2020-12-29T05:31:29.079-0500][gc,heap        ] GC(24272) Humongous regions: 4->4
[2020-12-29T05:31:29.079-0500][gc,metaspace   ] GC(24272) Metaspace: 50336K->50336K(1093632K)
[2020-12-29T05:31:29.079-0500][gc,heap        ] GC(24272) Heap after GC invocations=24273 (full 5627): garbage-first heap   total 64512K, used 43409K [0x0000000083000000, 0x0000000100000000)
[2020-12-29T05:31:29.079-0500][gc,heap        ] GC(24272)   region size 1024K, 1 young (1024K), 1 survivors (1024K)
[2020-12-29T05:31:29.079-0500][gc,heap        ] GC(24272)  Metaspace       used 50336K, capacity 52472K, committed 53888K, reserved 1093632K
[2020-12-29T05:31:29.079-0500][gc,heap        ] GC(24272)   class space    used 7457K, capacity 8250K, committed 8832K, reserved 1048576K
[2020-12-29T05:31:29.079-0500][gc             ] GC(24272) Pause Young (Normal) (G1 Evacuation Pause) 51M->42M(63M) 8.056ms
[2020-12-29T05:31:29.079-0500][gc,cpu         ] GC(24272) User=0.04s Sys=0.00s Real=0.01s
[2020-12-29T05:31:45.189-0500][gc,task        ] GC(24273) Using 5 workers of 8 for full compaction
[2020-12-29T05:31:45.189-0500][gc,start       ] GC(24273) Pause Full (System.gc())
[2020-12-29T05:31:45.189-0500][gc,heap        ] GC(24273) Heap before GC invocations=24273 (full 5627): garbage-first heap   total 64512K, used 43409K [0x0000000083000000, 0x0000000100000000)
[2020-12-29T05:31:45.189-0500][gc,heap        ] GC(24273)   region size 1024K, 2 young (2048K), 1 survivors (1024K)
[2020-12-29T05:31:45.189-0500][gc,heap        ] GC(24273)  Metaspace       used 50336K, capacity 52472K, committed 53888K, reserved 1093632K
[2020-12-29T05:31:45.189-0500][gc,heap        ] GC(24273)   class space    used 7457K, capacity 8250K, committed 8832K, reserved 1048576K
[2020-12-29T05:31:45.190-0500][gc,phases,start] GC(24273) Phase 1: Mark live objects
[2020-12-29T05:31:45.229-0500][gc,stringtable ] GC(24273) Cleaned string and symbol table, strings: 33323 processed, 4 removed, symbols: 120973 processed, 0 removed
[2020-12-29T05:31:45.229-0500][gc,phases      ] GC(24273) Phase 1: Mark live objects 39.221ms
[2020-12-29T05:31:45.229-0500][gc,phases,start] GC(24273) Phase 2: Prepare for compaction
[2020-12-29T05:31:45.233-0500][gc,phases      ] GC(24273) Phase 2: Prepare for compaction 4.207ms
[2020-12-29T05:31:45.233-0500][gc,phases,start] GC(24273) Phase 3: Adjust pointers
[2020-12-29T05:31:45.244-0500][gc,phases      ] GC(24273) Phase 3: Adjust pointers 11.119ms
[2020-12-29T05:31:45.244-0500][gc,phases,start] GC(24273) Phase 4: Compact heap
[2020-12-29T05:31:45.248-0500][gc,phases      ] GC(24273) Phase 4: Compact heap 3.251ms
[2020-12-29T05:31:45.252-0500][gc,heap        ] GC(24273) Eden regions: 1->0(9)
[2020-12-29T05:31:45.252-0500][gc,heap        ] GC(24273) Survivor regions: 1->0(2)
[2020-12-29T05:31:45.252-0500][gc,heap        ] GC(24273) Old regions: 41->42
[2020-12-29T05:31:45.252-0500][gc,heap        ] GC(24273) Humongous regions: 4->4
[2020-12-29T05:31:45.252-0500][gc,metaspace   ] GC(24273) Metaspace: 50336K->50336K(1093632K)
[2020-12-29T05:31:45.252-0500][gc,heap        ] GC(24273) Heap after GC invocations=24274 (full 5628): garbage-first heap   total 64512K, used 43329K [0x0000000083000000, 0x0000000100000000)
[2020-12-29T05:31:45.252-0500][gc,heap        ] GC(24273)   region size 1024K, 0 young (0K), 0 survivors (0K)
[2020-12-29T05:31:45.252-0500][gc,heap        ] GC(24273)  Metaspace       used 50336K, capacity 52472K, committed 53888K, reserved 1093632K
[2020-12-29T05:31:45.252-0500][gc,heap        ] GC(24273)   class space    used 7457K, capacity 8250K, committed 8832K, reserved 1048576K
[2020-12-29T05:31:45.252-0500][gc             ] GC(24273) Pause Full (System.gc()) 43M->42M(63M) 62.961ms
[2020-12-29T05:31:45.252-0500][gc,cpu         ] GC(24273) User=0.28s Sys=0.00s Real=0.06s
[2020-12-29T05:33:59.063-0500][gc,heap        ] GC(24274) Heap before GC invocations=24274 (full 5628): garbage-first heap   total 64512K, used 51521K [0x0000000083000000, 0x0000000100000000)
[2020-12-29T05:33:59.063-0500][gc,heap        ] GC(24274)   region size 1024K, 9 young (9216K), 0 survivors (0K)
[2020-12-29T05:33:59.063-0500][gc,heap        ] GC(24274)  Metaspace       used 50336K, capacity 52472K, committed 53888K, reserved 1093632K
[2020-12-29T05:33:59.063-0500][gc,heap        ] GC(24274)   class space    used 7457K, capacity 8250K, committed 8832K, reserved 1048576K
[2020-12-29T05:33:59.063-0500][gc,start       ] GC(24274) Pause Young (Concurrent Start) (G1 Evacuation Pause)
[2020-12-29T05:33:59.063-0500][gc,task        ] GC(24274) Using 8 workers of 8 for evacuation
[2020-12-29T05:33:59.068-0500][gc,phases      ] GC(24274)   Pre Evacuate Collection Set: 0.3ms
[2020-12-29T05:33:59.068-0500][gc,phases      ] GC(24274)   Evacuate Collection Set: 2.7ms
[2020-12-29T05:33:59.069-0500][gc,phases      ] GC(24274)   Post Evacuate Collection Set: 1.9ms
[2020-12-29T05:33:59.069-0500][gc,phases      ] GC(24274)   Other: 0.6ms
[2020-12-29T05:33:59.069-0500][gc,heap        ] GC(24274) Eden regions: 9->0(8)
[2020-12-29T05:33:59.069-0500][gc,heap        ] GC(24274) Survivor regions: 0->1(2)
[2020-12-29T05:33:59.069-0500][gc,heap        ] GC(24274) Old regions: 42->42
[2020-12-29T05:33:59.069-0500][gc,heap        ] GC(24274) Humongous regions: 4->4
[2020-12-29T05:33:59.069-0500][gc,metaspace   ] GC(24274) Metaspace: 50336K->50336K(1093632K)
[2020-12-29T05:33:59.069-0500][gc,heap        ] GC(24274) Heap after GC invocations=24275 (full 5628): garbage-first heap   total 64512K, used 43412K [0x0000000083000000, 0x0000000100000000)
[2020-12-29T05:33:59.069-0500][gc,heap        ] GC(24274)   region size 1024K, 1 young (1024K), 1 survivors (1024K)
[2020-12-29T05:33:59.069-0500][gc,heap        ] GC(24274)  Metaspace       used 50336K, capacity 52472K, committed 53888K, reserved 1093632K
[2020-12-29T05:33:59.069-0500][gc,heap        ] GC(24274)   class space    used 7457K, capacity 8250K, committed 8832K, reserved 1048576K
[2020-12-29T05:33:59.069-0500][gc             ] GC(24274) Pause Young (Concurrent Start) (G1 Evacuation Pause) 51M->42M(63M) 5.542ms
[2020-12-29T05:33:59.069-0500][gc,cpu         ] GC(24274) User=0.01s Sys=0.01s Real=0.01s
[2020-12-29T05:33:59.069-0500][gc             ] GC(24275) Concurrent Cycle
[2020-12-29T05:33:59.069-0500][gc,marking     ] GC(24275) Concurrent Clear Claimed Marks
[2020-12-29T05:33:59.069-0500][gc,marking     ] GC(24275) Concurrent Clear Claimed Marks 0.128ms
[2020-12-29T05:33:59.069-0500][gc,marking     ] GC(24275) Concurrent Scan Root Regions
[2020-12-29T05:33:59.071-0500][gc,marking     ] GC(24275) Concurrent Scan Root Regions 1.275ms
[2020-12-29T05:33:59.071-0500][gc,marking     ] GC(24275) Concurrent Mark (1688236.458s)
[2020-12-29T05:33:59.071-0500][gc,marking     ] GC(24275) Concurrent Mark From Roots
[2020-12-29T05:33:59.071-0500][gc,task        ] GC(24275) Using 2 workers of 2 for marking
[2020-12-29T05:33:59.128-0500][gc,marking     ] GC(24275) Concurrent Mark From Roots 56.789ms
[2020-12-29T05:33:59.128-0500][gc,marking     ] GC(24275) Concurrent Preclean
[2020-12-29T05:33:59.128-0500][gc,marking     ] GC(24275) Concurrent Preclean 0.149ms
[2020-12-29T05:33:59.128-0500][gc,marking     ] GC(24275) Concurrent Mark (1688236.458s, 1688236.515s) 57.035ms
[2020-12-29T05:33:59.128-0500][gc,start       ] GC(24275) Pause Remark
[2020-12-29T05:33:59.132-0500][gc,stringtable ] GC(24275) Cleaned string and symbol table, strings: 33323 processed, 0 removed, symbols: 120973 processed, 0 removed
[2020-12-29T05:33:59.132-0500][gc             ] GC(24275) Pause Remark 42M->42M(63M) 3.913ms
[2020-12-29T05:33:59.132-0500][gc,cpu         ] GC(24275) User=0.02s Sys=0.00s Real=0.00s
[2020-12-29T05:33:59.132-0500][gc,marking     ] GC(24275) Concurrent Rebuild Remembered Sets
[2020-12-29T05:33:59.150-0500][gc,marking     ] GC(24275) Concurrent Rebuild Remembered Sets 17.739ms
[2020-12-29T05:33:59.150-0500][gc,start       ] GC(24275) Pause Cleanup
[2020-12-29T05:33:59.150-0500][gc             ] GC(24275) Pause Cleanup 42M->42M(63M) 0.211ms
[2020-12-29T05:33:59.151-0500][gc,cpu         ] GC(24275) User=0.01s Sys=0.00s Real=0.00s
[2020-12-29T05:33:59.151-0500][gc,marking     ] GC(24275) Concurrent Cleanup for Next Mark
[2020-12-29T05:33:59.151-0500][gc,marking     ] GC(24275) Concurrent Cleanup for Next Mark 0.171ms
[2020-12-29T05:33:59.151-0500][gc             ] GC(24275) Concurrent Cycle 81.520ms
[2020-12-29T05:35:59.068-0500][gc,heap        ] GC(24276) Heap before GC invocations=24276 (full 5628): garbage-first heap   total 64512K, used 51599K [0x0000000083000000, 0x0000000100000000)
[2020-12-29T05:35:59.068-0500][gc,heap        ] GC(24276)   region size 1024K, 9 young (9216K), 1 survivors (1024K)
[2020-12-29T05:35:59.068-0500][gc,heap        ] GC(24276)  Metaspace       used 50336K, capacity 52472K, committed 53888K, reserved 1093632K
[2020-12-29T05:35:59.068-0500][gc,heap        ] GC(24276)   class space    used 7457K, capacity 8250K, committed 8832K, reserved 1048576K
[2020-12-29T05:35:59.068-0500][gc,start       ] GC(24276) Pause Young (Normal) (G1 Evacuation Pause)
[2020-12-29T05:35:59.068-0500][gc,task        ] GC(24276) Using 8 workers of 8 for evacuation
[2020-12-29T05:35:59.074-0500][gc,phases      ] GC(24276)   Pre Evacuate Collection Set: 0.0ms
[2020-12-29T05:35:59.074-0500][gc,phases      ] GC(24276)   Evacuate Collection Set: 1.7ms
[2020-12-29T05:35:59.074-0500][gc,phases      ] GC(24276)   Post Evacuate Collection Set: 3.5ms
[2020-12-29T05:35:59.074-0500][gc,phases      ] GC(24276)   Other: 0.5ms
[2020-12-29T05:35:59.074-0500][gc,heap        ] GC(24276) Eden regions: 8->0(9)
[2020-12-29T05:35:59.074-0500][gc,heap        ] GC(24276) Survivor regions: 1->1(2)
[2020-12-29T05:35:59.074-0500][gc,heap        ] GC(24276) Old regions: 41->41
[2020-12-29T05:35:59.074-0500][gc,heap        ] GC(24276) Humongous regions: 4->4
[2020-12-29T05:35:59.074-0500][gc,metaspace   ] GC(24276) Metaspace: 50336K->50336K(1093632K)
[2020-12-29T05:35:59.074-0500][gc,heap        ] GC(24276) Heap after GC invocations=24277 (full 5628): garbage-first heap   total 64512K, used 43372K [0x0000000083000000, 0x0000000100000000)
[2020-12-29T05:35:59.074-0500][gc,heap        ] GC(24276)   region size 1024K, 1 young (1024K), 1 survivors (1024K)
[2020-12-29T05:35:59.074-0500][gc,heap        ] GC(24276)  Metaspace       used 50336K, capacity 52472K, committed 53888K, reserved 1093632K
[2020-12-29T05:35:59.074-0500][gc,heap        ] GC(24276)   class space    used 7457K, capacity 8250K, committed 8832K, reserved 1048576K
[2020-12-29T05:35:59.074-0500][gc             ] GC(24276) Pause Young (Normal) (G1 Evacuation Pause) 50M->42M(63M) 5.895ms
[2020-12-29T05:35:59.074-0500][gc,cpu         ] GC(24276) User=0.01s Sys=0.01s Real=0.00s
[2020-12-29T05:36:45.192-0500][gc,task        ] GC(24277) Using 5 workers of 8 for full compaction
[2020-12-29T05:36:45.192-0500][gc,start       ] GC(24277) Pause Full (System.gc())
[2020-12-29T05:36:45.192-0500][gc,heap        ] GC(24277) Heap before GC invocations=24277 (full 5628): garbage-first heap   total 64512K, used 44396K [0x0000000083000000, 0x0000000100000000)
[2020-12-29T05:36:45.192-0500][gc,heap        ] GC(24277)   region size 1024K, 4 young (4096K), 1 survivors (1024K)
[2020-12-29T05:36:45.192-0500][gc,heap        ] GC(24277)  Metaspace       used 50336K, capacity 52472K, committed 53888K, reserved 1093632K
[2020-12-29T05:36:45.192-0500][gc,heap        ] GC(24277)   class space    used 7457K, capacity 8250K, committed 8832K, reserved 1048576K
[2020-12-29T05:36:45.193-0500][gc,phases,start] GC(24277) Phase 1: Mark live objects
[2020-12-29T05:36:45.230-0500][gc,stringtable ] GC(24277) Cleaned string and symbol table, strings: 33323 processed, 4 removed, symbols: 120973 processed, 0 removed
[2020-12-29T05:36:45.230-0500][gc,phases      ] GC(24277) Phase 1: Mark live objects 37.500ms
[2020-12-29T05:36:45.230-0500][gc,phases,start] GC(24277) Phase 2: Prepare for compaction
[2020-12-29T05:36:45.234-0500][gc,phases      ] GC(24277) Phase 2: Prepare for compaction 3.309ms
[2020-12-29T05:36:45.234-0500][gc,phases,start] GC(24277) Phase 3: Adjust pointers
[2020-12-29T05:36:45.243-0500][gc,phases      ] GC(24277) Phase 3: Adjust pointers 9.513ms
[2020-12-29T05:36:45.243-0500][gc,phases,start] GC(24277) Phase 4: Compact heap
[2020-12-29T05:36:45.246-0500][gc,phases      ] GC(24277) Phase 4: Compact heap 2.835ms
[2020-12-29T05:36:45.250-0500][gc,heap        ] GC(24277) Eden regions: 3->0(10)
[2020-12-29T05:36:45.250-0500][gc,heap        ] GC(24277) Survivor regions: 1->0(2)
[2020-12-29T05:36:45.250-0500][gc,heap        ] GC(24277) Old regions: 41->41
[2020-12-29T05:36:45.250-0500][gc,heap        ] GC(24277) Humongous regions: 4->4
[2020-12-29T05:36:45.250-0500][gc,metaspace   ] GC(24277) Metaspace: 50336K->50336K(1093632K)
[2020-12-29T05:36:45.250-0500][gc,heap        ] GC(24277) Heap after GC invocations=24278 (full 5629): garbage-first heap   total 64512K, used 43341K [0x0000000083000000, 0x0000000100000000)
[2020-12-29T05:36:45.250-0500][gc,heap        ] GC(24277)   region size 1024K, 0 young (0K), 0 survivors (0K)
[2020-12-29T05:36:45.250-0500][gc,heap        ] GC(24277)  Metaspace       used 50336K, capacity 52472K, committed 53888K, reserved 1093632K
[2020-12-29T05:36:45.250-0500][gc,heap        ] GC(24277)   class space    used 7457K, capacity 8250K, committed 8832K, reserved 1048576K
[2020-12-29T05:36:45.250-0500][gc             ] GC(24277) Pause Full (System.gc()) 45M->42M(63M) 58.091ms
[2020-12-29T05:36:45.250-0500][gc,cpu         ] GC(24277) User=0.26s Sys=0.00s Real=0.06s
[2020-12-29T05:39:05.376-0500][gc,heap        ] GC(24278) Heap before GC invocations=24278 (full 5629): garbage-first heap   total 64512K, used 53581K [0x0000000083000000, 0x0000000100000000)
[2020-12-29T05:39:05.376-0500][gc,heap        ] GC(24278)   region size 1024K, 10 young (10240K), 0 survivors (0K)
[2020-12-29T05:39:05.376-0500][gc,heap        ] GC(24278)  Metaspace       used 50336K, capacity 52472K, committed 53888K, reserved 1093632K
[2020-12-29T05:39:05.376-0500][gc,heap        ] GC(24278)   class space    used 7457K, capacity 8250K, committed 8832K, reserved 1048576K
[2020-12-29T05:39:05.376-0500][gc,start       ] GC(24278) Pause Young (Concurrent Start) (G1 Evacuation Pause)
[2020-12-29T05:39:05.376-0500][gc,task        ] GC(24278) Using 8 workers of 8 for evacuation
[2020-12-29T05:39:05.384-0500][gc,phases      ] GC(24278)   Pre Evacuate Collection Set: 1.2ms
[2020-12-29T05:39:05.384-0500][gc,phases      ] GC(24278)   Evacuate Collection Set: 2.7ms
[2020-12-29T05:39:05.384-0500][gc,phases      ] GC(24278)   Post Evacuate Collection Set: 2.2ms
[2020-12-29T05:39:05.385-0500][gc,phases      ] GC(24278)   Other: 2.6ms
[2020-12-29T05:39:05.385-0500][gc,heap        ] GC(24278) Eden regions: 10->0(9)
[2020-12-29T05:39:05.385-0500][gc,heap        ] GC(24278) Survivor regions: 0->1(2)
[2020-12-29T05:39:05.385-0500][gc,heap        ] GC(24278) Old regions: 41->41
[2020-12-29T05:39:05.385-0500][gc,heap        ] GC(24278) Humongous regions: 4->4
[2020-12-29T05:39:05.385-0500][gc,metaspace   ] GC(24278) Metaspace: 50336K->50336K(1093632K)
[2020-12-29T05:39:05.385-0500][gc,heap        ] GC(24278) Heap after GC invocations=24279 (full 5629): garbage-first heap   total 64512K, used 43408K [0x0000000083000000, 0x0000000100000000)
[2020-12-29T05:39:05.385-0500][gc,heap        ] GC(24278)   region size 1024K, 1 young (1024K), 1 survivors (1024K)
[2020-12-29T05:39:05.385-0500][gc,heap        ] GC(24278)  Metaspace       used 50336K, capacity 52472K, committed 53888K, reserved 1093632K
[2020-12-29T05:39:05.385-0500][gc,heap        ] GC(24278)   class space    used 7457K, capacity 8250K, committed 8832K, reserved 1048576K
[2020-12-29T05:39:05.385-0500][gc             ] GC(24278) Pause Young (Concurrent Start) (G1 Evacuation Pause) 52M->42M(63M) 8.874ms
[2020-12-29T05:39:05.385-0500][gc,cpu         ] GC(24278) User=0.02s Sys=0.00s Real=0.01s
[2020-12-29T05:39:05.385-0500][gc             ] GC(24279) Concurrent Cycle
[2020-12-29T05:39:05.385-0500][gc,marking     ] GC(24279) Concurrent Clear Claimed Marks
[2020-12-29T05:39:05.386-0500][gc,marking     ] GC(24279) Concurrent Clear Claimed Marks 0.274ms
[2020-12-29T05:39:05.386-0500][gc,marking     ] GC(24279) Concurrent Scan Root Regions
[2020-12-29T05:39:05.388-0500][gc,marking     ] GC(24279) Concurrent Scan Root Regions 2.069ms
[2020-12-29T05:39:05.388-0500][gc,marking     ] GC(24279) Concurrent Mark (1688542.775s)
[2020-12-29T05:39:05.388-0500][gc,marking     ] GC(24279) Concurrent Mark From Roots
[2020-12-29T05:39:05.388-0500][gc,task        ] GC(24279) Using 2 workers of 2 for marking
[2020-12-29T05:39:05.454-0500][gc,marking     ] GC(24279) Concurrent Mark From Roots 66.192ms
[2020-12-29T05:39:05.454-0500][gc,marking     ] GC(24279) Concurrent Preclean
[2020-12-29T05:39:05.454-0500][gc,marking     ] GC(24279) Concurrent Preclean 0.151ms
[2020-12-29T05:39:05.454-0500][gc,marking     ] GC(24279) Concurrent Mark (1688542.775s, 1688542.841s) 66.467ms
[2020-12-29T05:39:05.455-0500][gc,start       ] GC(24279) Pause Remark
[2020-12-29T05:39:05.459-0500][gc,stringtable ] GC(24279) Cleaned string and symbol table, strings: 33323 processed, 0 removed, symbols: 120973 processed, 0 removed
[2020-12-29T05:39:05.459-0500][gc             ] GC(24279) Pause Remark 42M->42M(63M) 4.429ms
[2020-12-29T05:39:05.459-0500][gc,cpu         ] GC(24279) User=0.02s Sys=0.00s Real=0.01s
[2020-12-29T05:39:05.459-0500][gc,marking     ] GC(24279) Concurrent Rebuild Remembered Sets
[2020-12-29T05:39:05.477-0500][gc,marking     ] GC(24279) Concurrent Rebuild Remembered Sets 17.921ms
[2020-12-29T05:39:05.478-0500][gc,start       ] GC(24279) Pause Cleanup
[2020-12-29T05:39:05.478-0500][gc             ] GC(24279) Pause Cleanup 42M->42M(63M) 0.245ms
[2020-12-29T05:39:05.478-0500][gc,cpu         ] GC(24279) User=0.00s Sys=0.00s Real=0.00s
[2020-12-29T05:39:05.478-0500][gc,marking     ] GC(24279) Concurrent Cleanup for Next Mark
[2020-12-29T05:39:05.478-0500][gc,marking     ] GC(24279) Concurrent Cleanup for Next Mark 0.219ms
[2020-12-29T05:39:05.478-0500][gc             ] GC(24279) Concurrent Cycle 93.023ms
[2020-12-29T05:41:19.061-0500][gc,heap        ] GC(24280) Heap before GC invocations=24280 (full 5629): garbage-first heap   total 64512K, used 51600K [0x0000000083000000, 0x0000000100000000)
[2020-12-29T05:41:19.061-0500][gc,heap        ] GC(24280)   region size 1024K, 10 young (10240K), 1 survivors (1024K)
[2020-12-29T05:41:19.061-0500][gc,heap        ] GC(24280)  Metaspace       used 50336K, capacity 52472K, committed 53888K, reserved 1093632K
[2020-12-29T05:41:19.061-0500][gc,heap        ] GC(24280)   class space    used 7457K, capacity 8250K, committed 8832K, reserved 1048576K
[2020-12-29T05:41:19.061-0500][gc,start       ] GC(24280) Pause Young (Normal) (G1 Evacuation Pause)
[2020-12-29T05:41:19.061-0500][gc,task        ] GC(24280) Using 8 workers of 8 for evacuation
[2020-12-29T05:41:19.065-0500][gc,phases      ] GC(24280)   Pre Evacuate Collection Set: 0.0ms
[2020-12-29T05:41:19.065-0500][gc,phases      ] GC(24280)   Evacuate Collection Set: 0.6ms
[2020-12-29T05:41:19.065-0500][gc,phases      ] GC(24280)   Post Evacuate Collection Set: 3.4ms
[2020-12-29T05:41:19.065-0500][gc,phases      ] GC(24280)   Other: 0.3ms
[2020-12-29T05:41:19.065-0500][gc,heap        ] GC(24280) Eden regions: 9->0(9)
[2020-12-29T05:41:19.065-0500][gc,heap        ] GC(24280) Survivor regions: 1->1(2)
[2020-12-29T05:41:19.065-0500][gc,heap        ] GC(24280) Old regions: 41->41
[2020-12-29T05:41:19.065-0500][gc,heap        ] GC(24280) Humongous regions: 4->4
[2020-12-29T05:41:19.065-0500][gc,metaspace   ] GC(24280) Metaspace: 50336K->50336K(1093632K)
[2020-12-29T05:41:19.065-0500][gc,heap        ] GC(24280) Heap after GC invocations=24281 (full 5629): garbage-first heap   total 64512K, used 43427K [0x0000000083000000, 0x0000000100000000)
[2020-12-29T05:41:19.065-0500][gc,heap        ] GC(24280)   region size 1024K, 1 young (1024K), 1 survivors (1024K)
[2020-12-29T05:41:19.065-0500][gc,heap        ] GC(24280)  Metaspace       used 50336K, capacity 52472K, committed 53888K, reserved 1093632K
[2020-12-29T05:41:19.065-0500][gc,heap        ] GC(24280)   class space    used 7457K, capacity 8250K, committed 8832K, reserved 1048576K
[2020-12-29T05:41:19.065-0500][gc             ] GC(24280) Pause Young (Normal) (G1 Evacuation Pause) 51M->42M(63M) 4.347ms
[2020-12-29T05:41:19.065-0500][gc,cpu         ] GC(24280) User=0.02s Sys=0.00s Real=0.00s
[2020-12-29T05:41:45.189-0500][gc,task        ] GC(24281) Using 5 workers of 8 for full compaction
[2020-12-29T05:41:45.189-0500][gc,start       ] GC(24281) Pause Full (System.gc())
[2020-12-29T05:41:45.189-0500][gc,heap        ] GC(24281) Heap before GC invocations=24281 (full 5629): garbage-first heap   total 64512K, used 44451K [0x0000000083000000, 0x0000000100000000)
[2020-12-29T05:41:45.189-0500][gc,heap        ] GC(24281)   region size 1024K, 3 young (3072K), 1 survivors (1024K)
[2020-12-29T05:41:45.189-0500][gc,heap        ] GC(24281)  Metaspace       used 50336K, capacity 52472K, committed 53888K, reserved 1093632K
[2020-12-29T05:41:45.189-0500][gc,heap        ] GC(24281)   class space    used 7457K, capacity 8250K, committed 8832K, reserved 1048576K
[2020-12-29T05:41:45.190-0500][gc,phases,start] GC(24281) Phase 1: Mark live objects
[2020-12-29T05:41:45.226-0500][gc,stringtable ] GC(24281) Cleaned string and symbol table, strings: 33323 processed, 4 removed, symbols: 120973 processed, 0 removed
[2020-12-29T05:41:45.226-0500][gc,phases      ] GC(24281) Phase 1: Mark live objects 36.437ms
[2020-12-29T05:41:45.226-0500][gc,phases,start] GC(24281) Phase 2: Prepare for compaction
[2020-12-29T05:41:45.230-0500][gc,phases      ] GC(24281) Phase 2: Prepare for compaction 3.538ms
[2020-12-29T05:41:45.230-0500][gc,phases,start] GC(24281) Phase 3: Adjust pointers
[2020-12-29T05:41:45.240-0500][gc,phases      ] GC(24281) Phase 3: Adjust pointers 10.318ms
[2020-12-29T05:41:45.240-0500][gc,phases,start] GC(24281) Phase 4: Compact heap
[2020-12-29T05:41:45.243-0500][gc,phases      ] GC(24281) Phase 4: Compact heap 2.958ms
[2020-12-29T05:41:45.250-0500][gc,heap        ] GC(24281) Eden regions: 2->0(9)
[2020-12-29T05:41:45.250-0500][gc,heap        ] GC(24281) Survivor regions: 1->0(2)
[2020-12-29T05:41:45.250-0500][gc,heap        ] GC(24281) Old regions: 41->42
[2020-12-29T05:41:45.250-0500][gc,heap        ] GC(24281) Humongous regions: 4->4
[2020-12-29T05:41:45.250-0500][gc,metaspace   ] GC(24281) Metaspace: 50336K->50336K(1093632K)
[2020-12-29T05:41:45.250-0500][gc,heap        ] GC(24281) Heap after GC invocations=24282 (full 5630): garbage-first heap   total 64512K, used 43329K [0x0000000083000000, 0x0000000100000000)
[2020-12-29T05:41:45.250-0500][gc,heap        ] GC(24281)   region size 1024K, 0 young (0K), 0 survivors (0K)
[2020-12-29T05:41:45.250-0500][gc,heap        ] GC(24281)  Metaspace       used 50336K, capacity 52472K, committed 53888K, reserved 1093632K
[2020-12-29T05:41:45.250-0500][gc,heap        ] GC(24281)   class space    used 7457K, capacity 8250K, committed 8832K, reserved 1048576K
[2020-12-29T05:41:45.250-0500][gc             ] GC(24281) Pause Full (System.gc()) 44M->42M(63M) 60.823ms
[2020-12-29T05:41:45.250-0500][gc,cpu         ] GC(24281) User=0.26s Sys=0.00s Real=0.06s
[2020-12-29T05:43:59.060-0500][gc,heap        ] GC(24282) Heap before GC invocations=24282 (full 5630): garbage-first heap   total 64512K, used 51521K [0x0000000083000000, 0x0000000100000000)
[2020-12-29T05:43:59.060-0500][gc,heap        ] GC(24282)   region size 1024K, 9 young (9216K), 0 survivors (0K)
[2020-12-29T05:43:59.060-0500][gc,heap        ] GC(24282)  Metaspace       used 50336K, capacity 52472K, committed 53888K, reserved 1093632K
[2020-12-29T05:43:59.060-0500][gc,heap        ] GC(24282)   class space    used 7457K, capacity 8250K, committed 8832K, reserved 1048576K
[2020-12-29T05:43:59.060-0500][gc,start       ] GC(24282) Pause Young (Concurrent Start) (G1 Evacuation Pause)
[2020-12-29T05:43:59.060-0500][gc,task        ] GC(24282) Using 8 workers of 8 for evacuation
[2020-12-29T05:43:59.063-0500][gc,phases      ] GC(24282)   Pre Evacuate Collection Set: 0.2ms
[2020-12-29T05:43:59.063-0500][gc,phases      ] GC(24282)   Evacuate Collection Set: 1.4ms
[2020-12-29T05:43:59.063-0500][gc,phases      ] GC(24282)   Post Evacuate Collection Set: 1.2ms
[2020-12-29T05:43:59.063-0500][gc,phases      ] GC(24282)   Other: 0.2ms
[2020-12-29T05:43:59.063-0500][gc,heap        ] GC(24282) Eden regions: 9->0(8)
[2020-12-29T05:43:59.063-0500][gc,heap        ] GC(24282) Survivor regions: 0->1(2)
[2020-12-29T05:43:59.063-0500][gc,heap        ] GC(24282) Old regions: 42->42
[2020-12-29T05:43:59.063-0500][gc,heap        ] GC(24282) Humongous regions: 4->4
[2020-12-29T05:43:59.063-0500][gc,metaspace   ] GC(24282) Metaspace: 50336K->50336K(1093632K)
[2020-12-29T05:43:59.063-0500][gc,heap        ] GC(24282) Heap after GC invocations=24283 (full 5630): garbage-first heap   total 64512K, used 43416K [0x0000000083000000, 0x0000000100000000)
[2020-12-29T05:43:59.063-0500][gc,heap        ] GC(24282)   region size 1024K, 1 young (1024K), 1 survivors (1024K)
[2020-12-29T05:43:59.063-0500][gc,heap        ] GC(24282)  Metaspace       used 50336K, capacity 52472K, committed 53888K, reserved 1093632K
[2020-12-29T05:43:59.063-0500][gc,heap        ] GC(24282)   class space    used 7457K, capacity 8250K, committed 8832K, reserved 1048576K
[2020-12-29T05:43:59.063-0500][gc             ] GC(24282) Pause Young (Concurrent Start) (G1 Evacuation Pause) 51M->42M(63M) 3.022ms
[2020-12-29T05:43:59.063-0500][gc,cpu         ] GC(24282) User=0.01s Sys=0.00s Real=0.00s
[2020-12-29T05:43:59.063-0500][gc             ] GC(24283) Concurrent Cycle
[2020-12-29T05:43:59.063-0500][gc,marking     ] GC(24283) Concurrent Clear Claimed Marks
[2020-12-29T05:43:59.063-0500][gc,marking     ] GC(24283) Concurrent Clear Claimed Marks 0.082ms
[2020-12-29T05:43:59.063-0500][gc,marking     ] GC(24283) Concurrent Scan Root Regions
[2020-12-29T05:43:59.064-0500][gc,marking     ] GC(24283) Concurrent Scan Root Regions 0.622ms
[2020-12-29T05:43:59.064-0500][gc,marking     ] GC(24283) Concurrent Mark (1688836.451s)
[2020-12-29T05:43:59.064-0500][gc,marking     ] GC(24283) Concurrent Mark From Roots
[2020-12-29T05:43:59.064-0500][gc,task        ] GC(24283) Using 2 workers of 2 for marking
[2020-12-29T05:43:59.099-0500][gc,marking     ] GC(24283) Concurrent Mark From Roots 34.719ms
[2020-12-29T05:43:59.099-0500][gc,marking     ] GC(24283) Concurrent Preclean
[2020-12-29T05:43:59.099-0500][gc,marking     ] GC(24283) Concurrent Preclean 0.149ms
[2020-12-29T05:43:59.099-0500][gc,marking     ] GC(24283) Concurrent Mark (1688836.451s, 1688836.486s) 34.944ms
[2020-12-29T05:43:59.099-0500][gc,start       ] GC(24283) Pause Remark
[2020-12-29T05:43:59.105-0500][gc,stringtable ] GC(24283) Cleaned string and symbol table, strings: 33323 processed, 0 removed, symbols: 120973 processed, 0 removed
[2020-12-29T05:43:59.106-0500][gc             ] GC(24283) Pause Remark 42M->42M(63M) 6.651ms
[2020-12-29T05:43:59.106-0500][gc,cpu         ] GC(24283) User=0.02s Sys=0.00s Real=0.00s
[2020-12-29T05:43:59.106-0500][gc,marking     ] GC(24283) Concurrent Rebuild Remembered Sets
[2020-12-29T05:43:59.124-0500][gc,marking     ] GC(24283) Concurrent Rebuild Remembered Sets 18.418ms
[2020-12-29T05:43:59.125-0500][gc,start       ] GC(24283) Pause Cleanup
[2020-12-29T05:43:59.125-0500][gc             ] GC(24283) Pause Cleanup 42M->42M(63M) 0.187ms
[2020-12-29T05:43:59.125-0500][gc,cpu         ] GC(24283) User=0.00s Sys=0.00s Real=0.00s
[2020-12-29T05:43:59.125-0500][gc,marking     ] GC(24283) Concurrent Cleanup for Next Mark
[2020-12-29T05:43:59.126-0500][gc,marking     ] GC(24283) Concurrent Cleanup for Next Mark 0.258ms
[2020-12-29T05:43:59.126-0500][gc             ] GC(24283) Concurrent Cycle 62.389ms
[2020-12-29T05:45:59.066-0500][gc,heap        ] GC(24284) Heap before GC invocations=24284 (full 5630): garbage-first heap   total 64512K, used 50580K [0x0000000083000000, 0x0000000100000000)
[2020-12-29T05:45:59.066-0500][gc,heap        ] GC(24284)   region size 1024K, 9 young (9216K), 1 survivors (1024K)
[2020-12-29T05:45:59.066-0500][gc,heap        ] GC(24284)  Metaspace       used 50336K, capacity 52472K, committed 53888K, reserved 1093632K
[2020-12-29T05:45:59.066-0500][gc,heap        ] GC(24284)   class space    used 7457K, capacity 8250K, committed 8832K, reserved 1048576K
[2020-12-29T05:45:59.067-0500][gc,start       ] GC(24284) Pause Young (Normal) (G1 Evacuation Pause)
[2020-12-29T05:45:59.067-0500][gc,task        ] GC(24284) Using 8 workers of 8 for evacuation
[2020-12-29T05:45:59.075-0500][gc,phases      ] GC(24284)   Pre Evacuate Collection Set: 0.0ms
[2020-12-29T05:45:59.075-0500][gc,phases      ] GC(24284)   Evacuate Collection Set: 3.5ms
[2020-12-29T05:45:59.075-0500][gc,phases      ] GC(24284)   Post Evacuate Collection Set: 4.7ms
[2020-12-29T05:45:59.075-0500][gc,phases      ] GC(24284)   Other: 0.9ms
[2020-12-29T05:45:59.075-0500][gc,heap        ] GC(24284) Eden regions: 8->0(9)
[2020-12-29T05:45:59.075-0500][gc,heap        ] GC(24284) Survivor regions: 1->1(2)
[2020-12-29T05:45:59.076-0500][gc,heap        ] GC(24284) Old regions: 41->41
[2020-12-29T05:45:59.076-0500][gc,heap        ] GC(24284) Humongous regions: 4->4
[2020-12-29T05:45:59.076-0500][gc,metaspace   ] GC(24284) Metaspace: 50336K->50336K(1093632K)
[2020-12-29T05:45:59.076-0500][gc,heap        ] GC(24284) Heap after GC invocations=24285 (full 5630): garbage-first heap   total 64512K, used 43403K [0x0000000083000000, 0x0000000100000000)
[2020-12-29T05:45:59.076-0500][gc,heap        ] GC(24284)   region size 1024K, 1 young (1024K), 1 survivors (1024K)
[2020-12-29T05:45:59.076-0500][gc,heap        ] GC(24284)  Metaspace       used 50336K, capacity 52472K, committed 53888K, reserved 1093632K
[2020-12-29T05:45:59.076-0500][gc,heap        ] GC(24284)   class space    used 7457K, capacity 8250K, committed 8832K, reserved 1048576K
[2020-12-29T05:45:59.076-0500][gc             ] GC(24284) Pause Young (Normal) (G1 Evacuation Pause) 50M->42M(63M) 9.111ms
[2020-12-29T05:45:59.076-0500][gc,cpu         ] GC(24284) User=0.02s Sys=0.00s Real=0.01s
[2020-12-29T05:46:45.191-0500][gc,task        ] GC(24285) Using 5 workers of 8 for full compaction
[2020-12-29T05:46:45.191-0500][gc,start       ] GC(24285) Pause Full (System.gc())
[2020-12-29T05:46:45.191-0500][gc,heap        ] GC(24285) Heap before GC invocations=24285 (full 5630): garbage-first heap   total 64512K, used 45451K [0x0000000083000000, 0x0000000100000000)
[2020-12-29T05:46:45.191-0500][gc,heap        ] GC(24285)   region size 1024K, 4 young (4096K), 1 survivors (1024K)
[2020-12-29T05:46:45.191-0500][gc,heap        ] GC(24285)  Metaspace       used 50336K, capacity 52472K, committed 53888K, reserved 1093632K
[2020-12-29T05:46:45.191-0500][gc,heap        ] GC(24285)   class space    used 7457K, capacity 8250K, committed 8832K, reserved 1048576K
[2020-12-29T05:46:45.192-0500][gc,phases,start] GC(24285) Phase 1: Mark live objects
[2020-12-29T05:46:45.215-0500][gc,stringtable ] GC(24285) Cleaned string and symbol table, strings: 33323 processed, 4 removed, symbols: 120973 processed, 0 removed
[2020-12-29T05:46:45.215-0500][gc,phases      ] GC(24285) Phase 1: Mark live objects 23.070ms
[2020-12-29T05:46:45.215-0500][gc,phases,start] GC(24285) Phase 2: Prepare for compaction
[2020-12-29T05:46:45.218-0500][gc,phases      ] GC(24285) Phase 2: Prepare for compaction 3.671ms
[2020-12-29T05:46:45.218-0500][gc,phases,start] GC(24285) Phase 3: Adjust pointers
[2020-12-29T05:46:45.230-0500][gc,phases      ] GC(24285) Phase 3: Adjust pointers 11.328ms
[2020-12-29T05:46:45.230-0500][gc,phases,start] GC(24285) Phase 4: Compact heap
[2020-12-29T05:46:45.232-0500][gc,phases      ] GC(24285) Phase 4: Compact heap 2.769ms
[2020-12-29T05:46:45.237-0500][gc,heap        ] GC(24285) Eden regions: 3->0(10)
[2020-12-29T05:46:45.237-0500][gc,heap        ] GC(24285) Survivor regions: 1->0(2)
[2020-12-29T05:46:45.237-0500][gc,heap        ] GC(24285) Old regions: 41->41
[2020-12-29T05:46:45.237-0500][gc,heap        ] GC(24285) Humongous regions: 4->4
[2020-12-29T05:46:45.237-0500][gc,metaspace   ] GC(24285) Metaspace: 50336K->50336K(1093632K)
[2020-12-29T05:46:45.237-0500][gc,heap        ] GC(24285) Heap after GC invocations=24286 (full 5631): garbage-first heap   total 64512K, used 43340K [0x0000000083000000, 0x0000000100000000)
[2020-12-29T05:46:45.237-0500][gc,heap        ] GC(24285)   region size 1024K, 0 young (0K), 0 survivors (0K)
[2020-12-29T05:46:45.237-0500][gc,heap        ] GC(24285)  Metaspace       used 50336K, capacity 52472K, committed 53888K, reserved 1093632K
[2020-12-29T05:46:45.237-0500][gc,heap        ] GC(24285)   class space    used 7457K, capacity 8250K, committed 8832K, reserved 1048576K
[2020-12-29T05:46:45.237-0500][gc             ] GC(24285) Pause Full (System.gc()) 45M->42M(63M) 45.616ms
[2020-12-29T05:46:45.237-0500][gc,cpu         ] GC(24285) User=0.19s Sys=0.00s Real=0.04s
[2020-12-29T05:49:18.907-0500][gc,heap        ] GC(24286) Heap before GC invocations=24286 (full 5631): garbage-first heap   total 64512K, used 52556K [0x0000000083000000, 0x0000000100000000)
[2020-12-29T05:49:18.907-0500][gc,heap        ] GC(24286)   region size 1024K, 10 young (10240K), 0 survivors (0K)
[2020-12-29T05:49:18.907-0500][gc,heap        ] GC(24286)  Metaspace       used 50336K, capacity 52472K, committed 53888K, reserved 1093632K
[2020-12-29T05:49:18.908-0500][gc,heap        ] GC(24286)   class space    used 7457K, capacity 8250K, committed 8832K, reserved 1048576K
[2020-12-29T05:49:18.908-0500][gc,start       ] GC(24286) Pause Young (Concurrent Start) (G1 Evacuation Pause)
[2020-12-29T05:49:18.908-0500][gc,task        ] GC(24286) Using 8 workers of 8 for evacuation
[2020-12-29T05:49:18.914-0500][gc,phases      ] GC(24286)   Pre Evacuate Collection Set: 0.8ms
[2020-12-29T05:49:18.914-0500][gc,phases      ] GC(24286)   Evacuate Collection Set: 2.9ms
[2020-12-29T05:49:18.914-0500][gc,phases      ] GC(24286)   Post Evacuate Collection Set: 2.3ms
[2020-12-29T05:49:18.914-0500][gc,phases      ] GC(24286)   Other: 0.8ms
[2020-12-29T05:49:18.914-0500][gc,heap        ] GC(24286) Eden regions: 10->0(9)
[2020-12-29T05:49:18.914-0500][gc,heap        ] GC(24286) Survivor regions: 0->1(2)
[2020-12-29T05:49:18.914-0500][gc,heap        ] GC(24286) Old regions: 41->41
[2020-12-29T05:49:18.914-0500][gc,heap        ] GC(24286) Humongous regions: 4->4
[2020-12-29T05:49:18.914-0500][gc,metaspace   ] GC(24286) Metaspace: 50336K->50336K(1093632K)
[2020-12-29T05:49:18.914-0500][gc,heap        ] GC(24286) Heap after GC invocations=24287 (full 5631): garbage-first heap   total 64512K, used 43410K [0x0000000083000000, 0x0000000100000000)
[2020-12-29T05:49:18.914-0500][gc,heap        ] GC(24286)   region size 1024K, 1 young (1024K), 1 survivors (1024K)
[2020-12-29T05:49:18.914-0500][gc,heap        ] GC(24286)  Metaspace       used 50336K, capacity 52472K, committed 53888K, reserved 1093632K
[2020-12-29T05:49:18.914-0500][gc,heap        ] GC(24286)   class space    used 7457K, capacity 8250K, committed 8832K, reserved 1048576K
[2020-12-29T05:49:18.914-0500][gc             ] GC(24286) Pause Young (Concurrent Start) (G1 Evacuation Pause) 52M->42M(63M) 6.816ms
[2020-12-29T05:49:18.915-0500][gc,cpu         ] GC(24286) User=0.01s Sys=0.01s Real=0.01s
[2020-12-29T05:49:18.915-0500][gc             ] GC(24287) Concurrent Cycle
[2020-12-29T05:49:18.915-0500][gc,marking     ] GC(24287) Concurrent Clear Claimed Marks
[2020-12-29T05:49:18.915-0500][gc,marking     ] GC(24287) Concurrent Clear Claimed Marks 0.180ms
[2020-12-29T05:49:18.915-0500][gc,marking     ] GC(24287) Concurrent Scan Root Regions
[2020-12-29T05:49:18.917-0500][gc,marking     ] GC(24287) Concurrent Scan Root Regions 1.442ms
[2020-12-29T05:49:18.917-0500][gc,marking     ] GC(24287) Concurrent Mark (1689156.304s)
[2020-12-29T05:49:18.917-0500][gc,marking     ] GC(24287) Concurrent Mark From Roots
[2020-12-29T05:49:18.917-0500][gc,task        ] GC(24287) Using 2 workers of 2 for marking
[2020-12-29T05:49:18.994-0500][gc,marking     ] GC(24287) Concurrent Mark From Roots 76.968ms
[2020-12-29T05:49:18.994-0500][gc,marking     ] GC(24287) Concurrent Preclean
[2020-12-29T05:49:18.994-0500][gc,marking     ] GC(24287) Concurrent Preclean 0.227ms
[2020-12-29T05:49:18.994-0500][gc,marking     ] GC(24287) Concurrent Mark (1689156.304s, 1689156.381s) 77.309ms
[2020-12-29T05:49:18.994-0500][gc,start       ] GC(24287) Pause Remark
[2020-12-29T05:49:19.000-0500][gc,stringtable ] GC(24287) Cleaned string and symbol table, strings: 33323 processed, 0 removed, symbols: 120973 processed, 0 removed
[2020-12-29T05:49:19.001-0500][gc             ] GC(24287) Pause Remark 42M->42M(63M) 6.498ms
[2020-12-29T05:49:19.001-0500][gc,cpu         ] GC(24287) User=0.03s Sys=0.00s Real=0.01s
[2020-12-29T05:49:19.001-0500][gc,marking     ] GC(24287) Concurrent Rebuild Remembered Sets
[2020-12-29T05:49:19.023-0500][gc,marking     ] GC(24287) Concurrent Rebuild Remembered Sets 22.082ms
[2020-12-29T05:49:19.024-0500][gc,start       ] GC(24287) Pause Cleanup
[2020-12-29T05:49:19.024-0500][gc             ] GC(24287) Pause Cleanup 42M->42M(63M) 0.176ms
[2020-12-29T05:49:19.024-0500][gc,cpu         ] GC(24287) User=0.00s Sys=0.00s Real=0.00s
[2020-12-29T05:49:19.024-0500][gc,marking     ] GC(24287) Concurrent Cleanup for Next Mark
[2020-12-29T05:49:19.024-0500][gc,marking     ] GC(24287) Concurrent Cleanup for Next Mark 0.273ms
[2020-12-29T05:49:19.024-0500][gc             ] GC(24287) Concurrent Cycle 109.432ms
[2020-12-29T05:51:29.060-0500][gc,heap        ] GC(24288) Heap before GC invocations=24288 (full 5631): garbage-first heap   total 64512K, used 52626K [0x0000000083000000, 0x0000000100000000)
[2020-12-29T05:51:29.061-0500][gc,heap        ] GC(24288)   region size 1024K, 10 young (10240K), 1 survivors (1024K)
[2020-12-29T05:51:29.061-0500][gc,heap        ] GC(24288)  Metaspace       used 50336K, capacity 52472K, committed 53888K, reserved 1093632K
[2020-12-29T05:51:29.061-0500][gc,heap        ] GC(24288)   class space    used 7457K, capacity 8250K, committed 8832K, reserved 1048576K
[2020-12-29T05:51:29.061-0500][gc,start       ] GC(24288) Pause Young (Normal) (G1 Evacuation Pause)
[2020-12-29T05:51:29.061-0500][gc,task        ] GC(24288) Using 8 workers of 8 for evacuation
[2020-12-29T05:51:29.066-0500][gc,phases      ] GC(24288)   Pre Evacuate Collection Set: 0.0ms
[2020-12-29T05:51:29.066-0500][gc,phases      ] GC(24288)   Evacuate Collection Set: 2.1ms
[2020-12-29T05:51:29.066-0500][gc,phases      ] GC(24288)   Post Evacuate Collection Set: 2.3ms
[2020-12-29T05:51:29.066-0500][gc,phases      ] GC(24288)   Other: 0.7ms
[2020-12-29T05:51:29.066-0500][gc,heap        ] GC(24288) Eden regions: 9->0(9)
[2020-12-29T05:51:29.066-0500][gc,heap        ] GC(24288) Survivor regions: 1->1(2)
[2020-12-29T05:51:29.066-0500][gc,heap        ] GC(24288) Old regions: 41->41
[2020-12-29T05:51:29.066-0500][gc,heap        ] GC(24288) Humongous regions: 4->4
[2020-12-29T05:51:29.066-0500][gc,metaspace   ] GC(24288) Metaspace: 50336K->50336K(1093632K)
[2020-12-29T05:51:29.066-0500][gc,heap        ] GC(24288) Heap after GC invocations=24289 (full 5631): garbage-first heap   total 64512K, used 43429K [0x0000000083000000, 0x0000000100000000)
[2020-12-29T05:51:29.066-0500][gc,heap        ] GC(24288)   region size 1024K, 1 young (1024K), 1 survivors (1024K)
[2020-12-29T05:51:29.066-0500][gc,heap        ] GC(24288)  Metaspace       used 50336K, capacity 52472K, committed 53888K, reserved 1093632K
[2020-12-29T05:51:29.066-0500][gc,heap        ] GC(24288)   class space    used 7457K, capacity 8250K, committed 8832K, reserved 1048576K
[2020-12-29T05:51:29.066-0500][gc             ] GC(24288) Pause Young (Normal) (G1 Evacuation Pause) 51M->42M(63M) 5.148ms
[2020-12-29T05:51:29.066-0500][gc,cpu         ] GC(24288) User=0.01s Sys=0.00s Real=0.00s
[2020-12-29T05:51:45.191-0500][gc,task        ] GC(24289) Using 5 workers of 8 for full compaction
[2020-12-29T05:51:45.191-0500][gc,start       ] GC(24289) Pause Full (System.gc())
[2020-12-29T05:51:45.191-0500][gc,heap        ] GC(24289) Heap before GC invocations=24289 (full 5631): garbage-first heap   total 64512K, used 43429K [0x0000000083000000, 0x0000000100000000)
[2020-12-29T05:51:45.191-0500][gc,heap        ] GC(24289)   region size 1024K, 3 young (3072K), 1 survivors (1024K)
[2020-12-29T05:51:45.191-0500][gc,heap        ] GC(24289)  Metaspace       used 50336K, capacity 52472K, committed 53888K, reserved 1093632K
[2020-12-29T05:51:45.191-0500][gc,heap        ] GC(24289)   class space    used 7457K, capacity 8250K, committed 8832K, reserved 1048576K
[2020-12-29T05:51:45.192-0500][gc,phases,start] GC(24289) Phase 1: Mark live objects
[2020-12-29T05:51:45.234-0500][gc,stringtable ] GC(24289) Cleaned string and symbol table, strings: 33323 processed, 4 removed, symbols: 120973 processed, 0 removed
[2020-12-29T05:51:45.234-0500][gc,phases      ] GC(24289) Phase 1: Mark live objects 41.848ms
[2020-12-29T05:51:45.234-0500][gc,phases,start] GC(24289) Phase 2: Prepare for compaction
[2020-12-29T05:51:45.237-0500][gc,phases      ] GC(24289) Phase 2: Prepare for compaction 3.465ms
[2020-12-29T05:51:45.237-0500][gc,phases,start] GC(24289) Phase 3: Adjust pointers
[2020-12-29T05:51:45.248-0500][gc,phases      ] GC(24289) Phase 3: Adjust pointers 10.052ms
[2020-12-29T05:51:45.248-0500][gc,phases,start] GC(24289) Phase 4: Compact heap
[2020-12-29T05:51:45.251-0500][gc,phases      ] GC(24289) Phase 4: Compact heap 3.101ms
[2020-12-29T05:51:45.255-0500][gc,heap        ] GC(24289) Eden regions: 2->0(10)
[2020-12-29T05:51:45.255-0500][gc,heap        ] GC(24289) Survivor regions: 1->0(2)
[2020-12-29T05:51:45.255-0500][gc,heap        ] GC(24289) Old regions: 41->41
[2020-12-29T05:51:45.255-0500][gc,heap        ] GC(24289) Humongous regions: 4->4
[2020-12-29T05:51:45.255-0500][gc,metaspace   ] GC(24289) Metaspace: 50336K->50336K(1093632K)
[2020-12-29T05:51:45.255-0500][gc,heap        ] GC(24289) Heap after GC invocations=24290 (full 5632): garbage-first heap   total 64512K, used 43329K [0x0000000083000000, 0x0000000100000000)
[2020-12-29T05:51:45.255-0500][gc,heap        ] GC(24289)   region size 1024K, 0 young (0K), 0 survivors (0K)
[2020-12-29T05:51:45.255-0500][gc,heap        ] GC(24289)  Metaspace       used 50336K, capacity 52472K, committed 53888K, reserved 1093632K
[2020-12-29T05:51:45.255-0500][gc,heap        ] GC(24289)   class space    used 7457K, capacity 8250K, committed 8832K, reserved 1048576K
[2020-12-29T05:51:45.255-0500][gc             ] GC(24289) Pause Full (System.gc()) 43M->42M(63M) 63.798ms
[2020-12-29T05:51:45.255-0500][gc,cpu         ] GC(24289) User=0.28s Sys=0.00s Real=0.06s
[2020-12-29T05:54:13.596-0500][gc,heap        ] GC(24290) Heap before GC invocations=24290 (full 5632): garbage-first heap   total 64512K, used 52545K [0x0000000083000000, 0x0000000100000000)
[2020-12-29T05:54:13.596-0500][gc,heap        ] GC(24290)   region size 1024K, 10 young (10240K), 0 survivors (0K)
[2020-12-29T05:54:13.596-0500][gc,heap        ] GC(24290)  Metaspace       used 50336K, capacity 52472K, committed 53888K, reserved 1093632K
[2020-12-29T05:54:13.596-0500][gc,heap        ] GC(24290)   class space    used 7457K, capacity 8250K, committed 8832K, reserved 1048576K
[2020-12-29T05:54:13.596-0500][gc,start       ] GC(24290) Pause Young (Concurrent Start) (G1 Evacuation Pause)
[2020-12-29T05:54:13.596-0500][gc,task        ] GC(24290) Using 8 workers of 8 for evacuation
[2020-12-29T05:54:13.604-0500][gc,phases      ] GC(24290)   Pre Evacuate Collection Set: 0.3ms
[2020-12-29T05:54:13.604-0500][gc,phases      ] GC(24290)   Evacuate Collection Set: 4.2ms
[2020-12-29T05:54:13.604-0500][gc,phases      ] GC(24290)   Post Evacuate Collection Set: 2.8ms
[2020-12-29T05:54:13.604-0500][gc,phases      ] GC(24290)   Other: 0.9ms
[2020-12-29T05:54:13.604-0500][gc,heap        ] GC(24290) Eden regions: 10->0(9)
[2020-12-29T05:54:13.604-0500][gc,heap        ] GC(24290) Survivor regions: 0->1(2)
[2020-12-29T05:54:13.604-0500][gc,heap        ] GC(24290) Old regions: 41->41
[2020-12-29T05:54:13.604-0500][gc,heap        ] GC(24290) Humongous regions: 4->4
[2020-12-29T05:54:13.604-0500][gc,metaspace   ] GC(24290) Metaspace: 50336K->50336K(1093632K)
[2020-12-29T05:54:13.604-0500][gc,heap        ] GC(24290) Heap after GC invocations=24291 (full 5632): garbage-first heap   total 64512K, used 43391K [0x0000000083000000, 0x0000000100000000)
[2020-12-29T05:54:13.604-0500][gc,heap        ] GC(24290)   region size 1024K, 1 young (1024K), 1 survivors (1024K)
[2020-12-29T05:54:13.604-0500][gc,heap        ] GC(24290)  Metaspace       used 50336K, capacity 52472K, committed 53888K, reserved 1093632K
[2020-12-29T05:54:13.604-0500][gc,heap        ] GC(24290)   class space    used 7457K, capacity 8250K, committed 8832K, reserved 1048576K
[2020-12-29T05:54:13.604-0500][gc             ] GC(24290) Pause Young (Concurrent Start) (G1 Evacuation Pause) 52M->42M(63M) 8.111ms
[2020-12-29T05:54:13.605-0500][gc,cpu         ] GC(24290) User=0.01s Sys=0.01s Real=0.01s
[2020-12-29T05:54:13.605-0500][gc             ] GC(24291) Concurrent Cycle
[2020-12-29T05:54:13.605-0500][gc,marking     ] GC(24291) Concurrent Clear Claimed Marks
[2020-12-29T05:54:13.605-0500][gc,marking     ] GC(24291) Concurrent Clear Claimed Marks 0.486ms
[2020-12-29T05:54:13.605-0500][gc,marking     ] GC(24291) Concurrent Scan Root Regions
[2020-12-29T05:54:13.607-0500][gc,marking     ] GC(24291) Concurrent Scan Root Regions 1.805ms
[2020-12-29T05:54:13.607-0500][gc,marking     ] GC(24291) Concurrent Mark (1689450.994s)
[2020-12-29T05:54:13.607-0500][gc,marking     ] GC(24291) Concurrent Mark From Roots
[2020-12-29T05:54:13.607-0500][gc,task        ] GC(24291) Using 2 workers of 2 for marking
[2020-12-29T05:54:13.653-0500][gc,marking     ] GC(24291) Concurrent Mark From Roots 46.004ms
[2020-12-29T05:54:13.653-0500][gc,marking     ] GC(24291) Concurrent Preclean
[2020-12-29T05:54:13.653-0500][gc,marking     ] GC(24291) Concurrent Preclean 0.151ms
[2020-12-29T05:54:13.653-0500][gc,marking     ] GC(24291) Concurrent Mark (1689450.994s, 1689451.041s) 46.233ms
[2020-12-29T05:54:13.654-0500][gc,start       ] GC(24291) Pause Remark
[2020-12-29T05:54:13.659-0500][gc,stringtable ] GC(24291) Cleaned string and symbol table, strings: 33323 processed, 0 removed, symbols: 120973 processed, 0 removed
[2020-12-29T05:54:13.659-0500][gc             ] GC(24291) Pause Remark 42M->42M(63M) 5.207ms
[2020-12-29T05:54:13.659-0500][gc,cpu         ] GC(24291) User=0.02s Sys=0.00s Real=0.01s
[2020-12-29T05:54:13.659-0500][gc,marking     ] GC(24291) Concurrent Rebuild Remembered Sets
[2020-12-29T05:54:13.681-0500][gc,marking     ] GC(24291) Concurrent Rebuild Remembered Sets 21.551ms
[2020-12-29T05:54:13.681-0500][gc,start       ] GC(24291) Pause Cleanup
[2020-12-29T05:54:13.681-0500][gc             ] GC(24291) Pause Cleanup 42M->42M(63M) 0.216ms
[2020-12-29T05:54:13.681-0500][gc,cpu         ] GC(24291) User=0.00s Sys=0.00s Real=0.00s
[2020-12-29T05:54:13.681-0500][gc,marking     ] GC(24291) Concurrent Cleanup for Next Mark
[2020-12-29T05:54:13.682-0500][gc,marking     ] GC(24291) Concurrent Cleanup for Next Mark 0.171ms
[2020-12-29T05:54:13.682-0500][gc             ] GC(24291) Concurrent Cycle 76.895ms
[2020-12-29T05:56:29.062-0500][gc,heap        ] GC(24292) Heap before GC invocations=24292 (full 5632): garbage-first heap   total 64512K, used 51583K [0x0000000083000000, 0x0000000100000000)
[2020-12-29T05:56:29.062-0500][gc,heap        ] GC(24292)   region size 1024K, 10 young (10240K), 1 survivors (1024K)
[2020-12-29T05:56:29.062-0500][gc,heap        ] GC(24292)  Metaspace       used 50336K, capacity 52472K, committed 53888K, reserved 1093632K
[2020-12-29T05:56:29.062-0500][gc,heap        ] GC(24292)   class space    used 7457K, capacity 8250K, committed 8832K, reserved 1048576K
[2020-12-29T05:56:29.062-0500][gc,start       ] GC(24292) Pause Young (Normal) (G1 Evacuation Pause)
[2020-12-29T05:56:29.062-0500][gc,task        ] GC(24292) Using 8 workers of 8 for evacuation
[2020-12-29T05:56:29.067-0500][gc,phases      ] GC(24292)   Pre Evacuate Collection Set: 0.0ms
[2020-12-29T05:56:29.067-0500][gc,phases      ] GC(24292)   Evacuate Collection Set: 2.2ms
[2020-12-29T05:56:29.067-0500][gc,phases      ] GC(24292)   Post Evacuate Collection Set: 2.1ms
[2020-12-29T05:56:29.067-0500][gc,phases      ] GC(24292)   Other: 0.6ms
[2020-12-29T05:56:29.067-0500][gc,heap        ] GC(24292) Eden regions: 9->0(9)
[2020-12-29T05:56:29.067-0500][gc,heap        ] GC(24292) Survivor regions: 1->1(2)
[2020-12-29T05:56:29.067-0500][gc,heap        ] GC(24292) Old regions: 41->41
[2020-12-29T05:56:29.067-0500][gc,heap        ] GC(24292) Humongous regions: 4->4
[2020-12-29T05:56:29.067-0500][gc,metaspace   ] GC(24292) Metaspace: 50336K->50336K(1093632K)
[2020-12-29T05:56:29.067-0500][gc,heap        ] GC(24292) Heap after GC invocations=24293 (full 5632): garbage-first heap   total 64512K, used 43403K [0x0000000083000000, 0x0000000100000000)
[2020-12-29T05:56:29.068-0500][gc,heap        ] GC(24292)   region size 1024K, 1 young (1024K), 1 survivors (1024K)
[2020-12-29T05:56:29.068-0500][gc,heap        ] GC(24292)  Metaspace       used 50336K, capacity 52472K, committed 53888K, reserved 1093632K
[2020-12-29T05:56:29.068-0500][gc,heap        ] GC(24292)   class space    used 7457K, capacity 8250K, committed 8832K, reserved 1048576K
[2020-12-29T05:56:29.068-0500][gc             ] GC(24292) Pause Young (Normal) (G1 Evacuation Pause) 51M->42M(63M) 5.457ms
[2020-12-29T05:56:29.068-0500][gc,cpu         ] GC(24292) User=0.01s Sys=0.01s Real=0.00s
[2020-12-29T05:56:45.190-0500][gc,task        ] GC(24293) Using 5 workers of 8 for full compaction
[2020-12-29T05:56:45.191-0500][gc,start       ] GC(24293) Pause Full (System.gc())
[2020-12-29T05:56:45.191-0500][gc,heap        ] GC(24293) Heap before GC invocations=24293 (full 5632): garbage-first heap   total 64512K, used 44427K [0x0000000083000000, 0x0000000100000000)
[2020-12-29T05:56:45.191-0500][gc,heap        ] GC(24293)   region size 1024K, 3 young (3072K), 1 survivors (1024K)
[2020-12-29T05:56:45.191-0500][gc,heap        ] GC(24293)  Metaspace       used 50336K, capacity 52472K, committed 53888K, reserved 1093632K
[2020-12-29T05:56:45.191-0500][gc,heap        ] GC(24293)   class space    used 7457K, capacity 8250K, committed 8832K, reserved 1048576K
[2020-12-29T05:56:45.191-0500][gc,phases,start] GC(24293) Phase 1: Mark live objects
[2020-12-29T05:56:45.237-0500][gc,stringtable ] GC(24293) Cleaned string and symbol table, strings: 33323 processed, 4 removed, symbols: 120973 processed, 0 removed
[2020-12-29T05:56:45.237-0500][gc,phases      ] GC(24293) Phase 1: Mark live objects 46.029ms
[2020-12-29T05:56:45.237-0500][gc,phases,start] GC(24293) Phase 2: Prepare for compaction
[2020-12-29T05:56:45.241-0500][gc,phases      ] GC(24293) Phase 2: Prepare for compaction 3.513ms
[2020-12-29T05:56:45.241-0500][gc,phases,start] GC(24293) Phase 3: Adjust pointers
[2020-12-29T05:56:45.251-0500][gc,phases      ] GC(24293) Phase 3: Adjust pointers 10.290ms
[2020-12-29T05:56:45.251-0500][gc,phases,start] GC(24293) Phase 4: Compact heap
[2020-12-29T05:56:45.254-0500][gc,phases      ] GC(24293) Phase 4: Compact heap 2.760ms
[2020-12-29T05:56:45.258-0500][gc,heap        ] GC(24293) Eden regions: 2->0(10)
[2020-12-29T05:56:45.258-0500][gc,heap        ] GC(24293) Survivor regions: 1->0(2)
[2020-12-29T05:56:45.258-0500][gc,heap        ] GC(24293) Old regions: 41->41
[2020-12-29T05:56:45.258-0500][gc,heap        ] GC(24293) Humongous regions: 4->4
[2020-12-29T05:56:45.258-0500][gc,metaspace   ] GC(24293) Metaspace: 50336K->50336K(1093632K)
[2020-12-29T05:56:45.258-0500][gc,heap        ] GC(24293) Heap after GC invocations=24294 (full 5633): garbage-first heap   total 64512K, used 43329K [0x0000000083000000, 0x0000000100000000)
[2020-12-29T05:56:45.258-0500][gc,heap        ] GC(24293)   region size 1024K, 0 young (0K), 0 survivors (0K)
[2020-12-29T05:56:45.258-0500][gc,heap        ] GC(24293)  Metaspace       used 50336K, capacity 52472K, committed 53888K, reserved 1093632K
[2020-12-29T05:56:45.258-0500][gc,heap        ] GC(24293)   class space    used 7457K, capacity 8250K, committed 8832K, reserved 1048576K
[2020-12-29T05:56:45.258-0500][gc             ] GC(24293) Pause Full (System.gc()) 43M->42M(63M) 67.462ms
[2020-12-29T05:56:45.258-0500][gc,cpu         ] GC(24293) User=0.30s Sys=0.00s Real=0.07s
[2020-12-29T05:59:19.059-0500][gc,heap        ] GC(24294) Heap before GC invocations=24294 (full 5633): garbage-first heap   total 64512K, used 53569K [0x0000000083000000, 0x0000000100000000)
[2020-12-29T05:59:19.060-0500][gc,heap        ] GC(24294)   region size 1024K, 10 young (10240K), 0 survivors (0K)
[2020-12-29T05:59:19.060-0500][gc,heap        ] GC(24294)  Metaspace       used 50336K, capacity 52472K, committed 53888K, reserved 1093632K
[2020-12-29T05:59:19.060-0500][gc,heap        ] GC(24294)   class space    used 7457K, capacity 8250K, committed 8832K, reserved 1048576K
[2020-12-29T05:59:19.060-0500][gc,start       ] GC(24294) Pause Young (Concurrent Start) (G1 Evacuation Pause)
[2020-12-29T05:59:19.060-0500][gc,task        ] GC(24294) Using 8 workers of 8 for evacuation
[2020-12-29T05:59:19.066-0500][gc,phases      ] GC(24294)   Pre Evacuate Collection Set: 0.3ms
[2020-12-29T05:59:19.067-0500][gc,phases      ] GC(24294)   Evacuate Collection Set: 3.2ms
[2020-12-29T05:59:19.067-0500][gc,phases      ] GC(24294)   Post Evacuate Collection Set: 2.9ms
[2020-12-29T05:59:19.067-0500][gc,phases      ] GC(24294)   Other: 0.6ms
[2020-12-29T05:59:19.067-0500][gc,heap        ] GC(24294) Eden regions: 10->0(9)
[2020-12-29T05:59:19.067-0500][gc,heap        ] GC(24294) Survivor regions: 0->1(2)
[2020-12-29T05:59:19.067-0500][gc,heap        ] GC(24294) Old regions: 41->41
[2020-12-29T05:59:19.067-0500][gc,heap        ] GC(24294) Humongous regions: 4->4
[2020-12-29T05:59:19.067-0500][gc,metaspace   ] GC(24294) Metaspace: 50336K->50336K(1093632K)
[2020-12-29T05:59:19.067-0500][gc,heap        ] GC(24294) Heap after GC invocations=24295 (full 5633): garbage-first heap   total 64512K, used 43402K [0x0000000083000000, 0x0000000100000000)
[2020-12-29T05:59:19.067-0500][gc,heap        ] GC(24294)   region size 1024K, 1 young (1024K), 1 survivors (1024K)
[2020-12-29T05:59:19.067-0500][gc,heap        ] GC(24294)  Metaspace       used 50336K, capacity 52472K, committed 53888K, reserved 1093632K
[2020-12-29T05:59:19.067-0500][gc,heap        ] GC(24294)   class space    used 7457K, capacity 8250K, committed 8832K, reserved 1048576K
[2020-12-29T05:59:19.067-0500][gc             ] GC(24294) Pause Young (Concurrent Start) (G1 Evacuation Pause) 52M->42M(63M) 7.185ms
[2020-12-29T05:59:19.067-0500][gc,cpu         ] GC(24294) User=0.02s Sys=0.00s Real=0.00s
[2020-12-29T05:59:19.067-0500][gc             ] GC(24295) Concurrent Cycle
[2020-12-29T05:59:19.067-0500][gc,marking     ] GC(24295) Concurrent Clear Claimed Marks
[2020-12-29T05:59:19.068-0500][gc,marking     ] GC(24295) Concurrent Clear Claimed Marks 0.303ms
[2020-12-29T05:59:19.068-0500][gc,marking     ] GC(24295) Concurrent Scan Root Regions
[2020-12-29T05:59:19.069-0500][gc,marking     ] GC(24295) Concurrent Scan Root Regions 1.589ms
[2020-12-29T05:59:19.069-0500][gc,marking     ] GC(24295) Concurrent Mark (1689756.456s)
[2020-12-29T05:59:19.069-0500][gc,marking     ] GC(24295) Concurrent Mark From Roots
[2020-12-29T05:59:19.069-0500][gc,task        ] GC(24295) Using 2 workers of 2 for marking
[2020-12-29T05:59:19.142-0500][gc,marking     ] GC(24295) Concurrent Mark From Roots 72.108ms
[2020-12-29T05:59:19.142-0500][gc,marking     ] GC(24295) Concurrent Preclean
[2020-12-29T05:59:19.142-0500][gc,marking     ] GC(24295) Concurrent Preclean 0.153ms
[2020-12-29T05:59:19.142-0500][gc,marking     ] GC(24295) Concurrent Mark (1689756.456s, 1689756.529s) 72.349ms
[2020-12-29T05:59:19.142-0500][gc,start       ] GC(24295) Pause Remark
[2020-12-29T05:59:19.146-0500][gc,stringtable ] GC(24295) Cleaned string and symbol table, strings: 33323 processed, 0 removed, symbols: 120973 processed, 0 removed
[2020-12-29T05:59:19.146-0500][gc             ] GC(24295) Pause Remark 42M->42M(63M) 3.969ms
[2020-12-29T05:59:19.146-0500][gc,cpu         ] GC(24295) User=0.02s Sys=0.00s Real=0.00s
[2020-12-29T05:59:19.146-0500][gc,marking     ] GC(24295) Concurrent Rebuild Remembered Sets
[2020-12-29T05:59:19.163-0500][gc,marking     ] GC(24295) Concurrent Rebuild Remembered Sets 17.149ms
[2020-12-29T05:59:19.164-0500][gc,start       ] GC(24295) Pause Cleanup
[2020-12-29T05:59:19.164-0500][gc             ] GC(24295) Pause Cleanup 42M->42M(63M) 0.200ms
[2020-12-29T05:59:19.164-0500][gc,cpu         ] GC(24295) User=0.00s Sys=0.00s Real=0.00s
[2020-12-29T05:59:19.164-0500][gc,marking     ] GC(24295) Concurrent Cleanup for Next Mark
[2020-12-29T05:59:19.165-0500][gc,marking     ] GC(24295) Concurrent Cleanup for Next Mark 0.287ms
[2020-12-29T05:59:19.165-0500][gc             ] GC(24295) Concurrent Cycle 97.236ms
[2020-12-29T06:01:29.063-0500][gc,heap        ] GC(24296) Heap before GC invocations=24296 (full 5633): garbage-first heap   total 64512K, used 51594K [0x0000000083000000, 0x0000000100000000)
[2020-12-29T06:01:29.063-0500][gc,heap        ] GC(24296)   region size 1024K, 10 young (10240K), 1 survivors (1024K)
[2020-12-29T06:01:29.063-0500][gc,heap        ] GC(24296)  Metaspace       used 50336K, capacity 52472K, committed 53888K, reserved 1093632K
[2020-12-29T06:01:29.063-0500][gc,heap        ] GC(24296)   class space    used 7457K, capacity 8250K, committed 8832K, reserved 1048576K
[2020-12-29T06:01:29.063-0500][gc,start       ] GC(24296) Pause Young (Normal) (G1 Evacuation Pause)
[2020-12-29T06:01:29.063-0500][gc,task        ] GC(24296) Using 8 workers of 8 for evacuation
[2020-12-29T06:01:29.068-0500][gc,phases      ] GC(24296)   Pre Evacuate Collection Set: 0.0ms
[2020-12-29T06:01:29.068-0500][gc,phases      ] GC(24296)   Evacuate Collection Set: 2.3ms
[2020-12-29T06:01:29.068-0500][gc,phases      ] GC(24296)   Post Evacuate Collection Set: 2.3ms
[2020-12-29T06:01:29.068-0500][gc,phases      ] GC(24296)   Other: 0.5ms
[2020-12-29T06:01:29.068-0500][gc,heap        ] GC(24296) Eden regions: 9->0(9)
[2020-12-29T06:01:29.068-0500][gc,heap        ] GC(24296) Survivor regions: 1->1(2)
[2020-12-29T06:01:29.068-0500][gc,heap        ] GC(24296) Old regions: 41->41
[2020-12-29T06:01:29.068-0500][gc,heap        ] GC(24296) Humongous regions: 4->4
[2020-12-29T06:01:29.068-0500][gc,metaspace   ] GC(24296) Metaspace: 50336K->50336K(1093632K)
[2020-12-29T06:01:29.068-0500][gc,heap        ] GC(24296) Heap after GC invocations=24297 (full 5633): garbage-first heap   total 64512K, used 43396K [0x0000000083000000, 0x0000000100000000)
[2020-12-29T06:01:29.068-0500][gc,heap        ] GC(24296)   region size 1024K, 1 young (1024K), 1 survivors (1024K)
[2020-12-29T06:01:29.068-0500][gc,heap        ] GC(24296)  Metaspace       used 50336K, capacity 52472K, committed 53888K, reserved 1093632K
[2020-12-29T06:01:29.068-0500][gc,heap        ] GC(24296)   class space    used 7457K, capacity 8250K, committed 8832K, reserved 1048576K
[2020-12-29T06:01:29.068-0500][gc             ] GC(24296) Pause Young (Normal) (G1 Evacuation Pause) 51M->42M(63M) 5.236ms
[2020-12-29T06:01:29.069-0500][gc,cpu         ] GC(24296) User=0.01s Sys=0.00s Real=0.01s
[2020-12-29T06:01:45.190-0500][gc,task        ] GC(24297) Using 5 workers of 8 for full compaction
[2020-12-29T06:01:45.191-0500][gc,start       ] GC(24297) Pause Full (System.gc())
[2020-12-29T06:01:45.191-0500][gc,heap        ] GC(24297) Heap before GC invocations=24297 (full 5633): garbage-first heap   total 64512K, used 43396K [0x0000000083000000, 0x0000000100000000)
[2020-12-29T06:01:45.191-0500][gc,heap        ] GC(24297)   region size 1024K, 2 young (2048K), 1 survivors (1024K)
[2020-12-29T06:01:45.191-0500][gc,heap        ] GC(24297)  Metaspace       used 50336K, capacity 52472K, committed 53888K, reserved 1093632K
[2020-12-29T06:01:45.191-0500][gc,heap        ] GC(24297)   class space    used 7457K, capacity 8250K, committed 8832K, reserved 1048576K
[2020-12-29T06:01:45.191-0500][gc,phases,start] GC(24297) Phase 1: Mark live objects
[2020-12-29T06:01:45.238-0500][gc,stringtable ] GC(24297) Cleaned string and symbol table, strings: 33323 processed, 4 removed, symbols: 120973 processed, 0 removed
[2020-12-29T06:01:45.238-0500][gc,phases      ] GC(24297) Phase 1: Mark live objects 46.656ms
[2020-12-29T06:01:45.238-0500][gc,phases,start] GC(24297) Phase 2: Prepare for compaction
[2020-12-29T06:01:45.241-0500][gc,phases      ] GC(24297) Phase 2: Prepare for compaction 3.095ms
[2020-12-29T06:01:45.241-0500][gc,phases,start] GC(24297) Phase 3: Adjust pointers
[2020-12-29T06:01:45.250-0500][gc,phases      ] GC(24297) Phase 3: Adjust pointers 9.062ms
[2020-12-29T06:01:45.250-0500][gc,phases,start] GC(24297) Phase 4: Compact heap
[2020-12-29T06:01:45.253-0500][gc,phases      ] GC(24297) Phase 4: Compact heap 2.658ms
[2020-12-29T06:01:45.257-0500][gc,heap        ] GC(24297) Eden regions: 1->0(10)
[2020-12-29T06:01:45.257-0500][gc,heap        ] GC(24297) Survivor regions: 1->0(2)
[2020-12-29T06:01:45.257-0500][gc,heap        ] GC(24297) Old regions: 41->41
[2020-12-29T06:01:45.257-0500][gc,heap        ] GC(24297) Humongous regions: 4->4
[2020-12-29T06:01:45.257-0500][gc,metaspace   ] GC(24297) Metaspace: 50336K->50336K(1093632K)
[2020-12-29T06:01:45.257-0500][gc,heap        ] GC(24297) Heap after GC invocations=24298 (full 5634): garbage-first heap   total 64512K, used 43329K [0x0000000083000000, 0x0000000100000000)
[2020-12-29T06:01:45.257-0500][gc,heap        ] GC(24297)   region size 1024K, 0 young (0K), 0 survivors (0K)
[2020-12-29T06:01:45.257-0500][gc,heap        ] GC(24297)  Metaspace       used 50336K, capacity 52472K, committed 53888K, reserved 1093632K
[2020-12-29T06:01:45.257-0500][gc,heap        ] GC(24297)   class space    used 7457K, capacity 8250K, committed 8832K, reserved 1048576K
[2020-12-29T06:01:45.257-0500][gc             ] GC(24297) Pause Full (System.gc()) 43M->42M(63M) 66.305ms
[2020-12-29T06:01:45.257-0500][gc,cpu         ] GC(24297) User=0.29s Sys=0.00s Real=0.06s
[2020-12-29T06:04:19.060-0500][gc,heap        ] GC(24298) Heap before GC invocations=24298 (full 5634): garbage-first heap   total 64512K, used 53569K [0x0000000083000000, 0x0000000100000000)
[2020-12-29T06:04:19.060-0500][gc,heap        ] GC(24298)   region size 1024K, 10 young (10240K), 0 survivors (0K)
[2020-12-29T06:04:19.060-0500][gc,heap        ] GC(24298)  Metaspace       used 50336K, capacity 52472K, committed 53888K, reserved 1093632K
[2020-12-29T06:04:19.060-0500][gc,heap        ] GC(24298)   class space    used 7457K, capacity 8250K, committed 8832K, reserved 1048576K
[2020-12-29T06:04:19.060-0500][gc,start       ] GC(24298) Pause Young (Concurrent Start) (G1 Evacuation Pause)
[2020-12-29T06:04:19.060-0500][gc,task        ] GC(24298) Using 8 workers of 8 for evacuation
[2020-12-29T06:04:19.084-0500][gc,phases      ] GC(24298)   Pre Evacuate Collection Set: 0.4ms
[2020-12-29T06:04:19.084-0500][gc,phases      ] GC(24298)   Evacuate Collection Set: 2.7ms
[2020-12-29T06:04:19.084-0500][gc,phases      ] GC(24298)   Post Evacuate Collection Set: 19.7ms
[2020-12-29T06:04:19.084-0500][gc,phases      ] GC(24298)   Other: 0.8ms
[2020-12-29T06:04:19.084-0500][gc,heap        ] GC(24298) Eden regions: 10->0(9)
[2020-12-29T06:04:19.084-0500][gc,heap        ] GC(24298) Survivor regions: 0->1(2)
[2020-12-29T06:04:19.084-0500][gc,heap        ] GC(24298) Old regions: 41->41
[2020-12-29T06:04:19.084-0500][gc,heap        ] GC(24298) Humongous regions: 4->4
[2020-12-29T06:04:19.084-0500][gc,metaspace   ] GC(24298) Metaspace: 50336K->50336K(1093632K)
[2020-12-29T06:04:19.084-0500][gc,heap        ] GC(24298) Heap after GC invocations=24299 (full 5634): garbage-first heap   total 64512K, used 43400K [0x0000000083000000, 0x0000000100000000)
[2020-12-29T06:04:19.084-0500][gc,heap        ] GC(24298)   region size 1024K, 1 young (1024K), 1 survivors (1024K)
[2020-12-29T06:04:19.084-0500][gc,heap        ] GC(24298)  Metaspace       used 50336K, capacity 52472K, committed 53888K, reserved 1093632K
[2020-12-29T06:04:19.084-0500][gc,heap        ] GC(24298)   class space    used 7457K, capacity 8250K, committed 8832K, reserved 1048576K
[2020-12-29T06:04:19.084-0500][gc             ] GC(24298) Pause Young (Concurrent Start) (G1 Evacuation Pause) 52M->42M(63M) 23.991ms
[2020-12-29T06:04:19.085-0500][gc,cpu         ] GC(24298) User=0.14s Sys=0.00s Real=0.02s
[2020-12-29T06:04:19.085-0500][gc             ] GC(24299) Concurrent Cycle
[2020-12-29T06:04:19.085-0500][gc,marking     ] GC(24299) Concurrent Clear Claimed Marks
[2020-12-29T06:04:19.085-0500][gc,marking     ] GC(24299) Concurrent Clear Claimed Marks 0.339ms
[2020-12-29T06:04:19.085-0500][gc,marking     ] GC(24299) Concurrent Scan Root Regions
[2020-12-29T06:04:19.087-0500][gc,marking     ] GC(24299) Concurrent Scan Root Regions 1.899ms
[2020-12-29T06:04:19.087-0500][gc,marking     ] GC(24299) Concurrent Mark (1690056.474s)
[2020-12-29T06:04:19.087-0500][gc,marking     ] GC(24299) Concurrent Mark From Roots
[2020-12-29T06:04:19.087-0500][gc,task        ] GC(24299) Using 2 workers of 2 for marking
[2020-12-29T06:04:19.140-0500][gc,marking     ] GC(24299) Concurrent Mark From Roots 52.759ms
[2020-12-29T06:04:19.140-0500][gc,marking     ] GC(24299) Concurrent Preclean
[2020-12-29T06:04:19.140-0500][gc,marking     ] GC(24299) Concurrent Preclean 0.149ms
[2020-12-29T06:04:19.140-0500][gc,marking     ] GC(24299) Concurrent Mark (1690056.474s, 1690056.527s) 52.999ms
[2020-12-29T06:04:19.141-0500][gc,start       ] GC(24299) Pause Remark
[2020-12-29T06:04:19.144-0500][gc,stringtable ] GC(24299) Cleaned string and symbol table, strings: 33323 processed, 0 removed, symbols: 120973 processed, 0 removed
[2020-12-29T06:04:19.144-0500][gc             ] GC(24299) Pause Remark 42M->42M(63M) 3.635ms
[2020-12-29T06:04:19.144-0500][gc,cpu         ] GC(24299) User=0.02s Sys=0.00s Real=0.00s
[2020-12-29T06:04:19.144-0500][gc,marking     ] GC(24299) Concurrent Rebuild Remembered Sets
[2020-12-29T06:04:19.162-0500][gc,marking     ] GC(24299) Concurrent Rebuild Remembered Sets 17.218ms
[2020-12-29T06:04:19.162-0500][gc,start       ] GC(24299) Pause Cleanup
[2020-12-29T06:04:19.162-0500][gc             ] GC(24299) Pause Cleanup 42M->42M(63M) 0.209ms
[2020-12-29T06:04:19.162-0500][gc,cpu         ] GC(24299) User=0.00s Sys=0.00s Real=0.00s
[2020-12-29T06:04:19.162-0500][gc,marking     ] GC(24299) Concurrent Cleanup for Next Mark
[2020-12-29T06:04:19.163-0500][gc,marking     ] GC(24299) Concurrent Cleanup for Next Mark 0.274ms
[2020-12-29T06:04:19.163-0500][gc             ] GC(24299) Concurrent Cycle 77.773ms
[2020-12-29T06:06:33.599-0500][gc,heap        ] GC(24300) Heap before GC invocations=24300 (full 5634): garbage-first heap   total 64512K, used 51592K [0x0000000083000000, 0x0000000100000000)
[2020-12-29T06:06:33.599-0500][gc,heap        ] GC(24300)   region size 1024K, 10 young (10240K), 1 survivors (1024K)
[2020-12-29T06:06:33.599-0500][gc,heap        ] GC(24300)  Metaspace       used 50336K, capacity 52472K, committed 53888K, reserved 1093632K
[2020-12-29T06:06:33.599-0500][gc,heap        ] GC(24300)   class space    used 7457K, capacity 8250K, committed 8832K, reserved 1048576K
[2020-12-29T06:06:33.599-0500][gc,start       ] GC(24300) Pause Young (Normal) (G1 Evacuation Pause)
[2020-12-29T06:06:33.599-0500][gc,task        ] GC(24300) Using 8 workers of 8 for evacuation
[2020-12-29T06:06:33.607-0500][gc,phases      ] GC(24300)   Pre Evacuate Collection Set: 0.0ms
[2020-12-29T06:06:33.607-0500][gc,phases      ] GC(24300)   Evacuate Collection Set: 3.8ms
[2020-12-29T06:06:33.607-0500][gc,phases      ] GC(24300)   Post Evacuate Collection Set: 4.2ms
[2020-12-29T06:06:33.608-0500][gc,phases      ] GC(24300)   Other: 0.5ms
[2020-12-29T06:06:33.608-0500][gc,heap        ] GC(24300) Eden regions: 9->0(9)
[2020-12-29T06:06:33.608-0500][gc,heap        ] GC(24300) Survivor regions: 1->1(2)
[2020-12-29T06:06:33.608-0500][gc,heap        ] GC(24300) Old regions: 41->41
[2020-12-29T06:06:33.608-0500][gc,heap        ] GC(24300) Humongous regions: 4->4
[2020-12-29T06:06:33.608-0500][gc,metaspace   ] GC(24300) Metaspace: 50336K->50336K(1093632K)
[2020-12-29T06:06:33.608-0500][gc,heap        ] GC(24300) Heap after GC invocations=24301 (full 5634): garbage-first heap   total 64512K, used 43385K [0x0000000083000000, 0x0000000100000000)
[2020-12-29T06:06:33.608-0500][gc,heap        ] GC(24300)   region size 1024K, 1 young (1024K), 1 survivors (1024K)
[2020-12-29T06:06:33.608-0500][gc,heap        ] GC(24300)  Metaspace       used 50336K, capacity 52472K, committed 53888K, reserved 1093632K
[2020-12-29T06:06:33.608-0500][gc,heap        ] GC(24300)   class space    used 7457K, capacity 8250K, committed 8832K, reserved 1048576K
[2020-12-29T06:06:33.608-0500][gc             ] GC(24300) Pause Young (Normal) (G1 Evacuation Pause) 51M->42M(63M) 8.723ms
[2020-12-29T06:06:33.608-0500][gc,cpu         ] GC(24300) User=0.04s Sys=0.00s Real=0.01s
[2020-12-29T06:06:45.189-0500][gc,task        ] GC(24301) Using 5 workers of 8 for full compaction
[2020-12-29T06:06:45.189-0500][gc,start       ] GC(24301) Pause Full (System.gc())
[2020-12-29T06:06:45.190-0500][gc,heap        ] GC(24301) Heap before GC invocations=24301 (full 5634): garbage-first heap   total 64512K, used 43385K [0x0000000083000000, 0x0000000100000000)
[2020-12-29T06:06:45.190-0500][gc,heap        ] GC(24301)   region size 1024K, 2 young (2048K), 1 survivors (1024K)
[2020-12-29T06:06:45.190-0500][gc,heap        ] GC(24301)  Metaspace       used 50336K, capacity 52472K, committed 53888K, reserved 1093632K
[2020-12-29T06:06:45.190-0500][gc,heap        ] GC(24301)   class space    used 7457K, capacity 8250K, committed 8832K, reserved 1048576K
[2020-12-29T06:06:45.190-0500][gc,phases,start] GC(24301) Phase 1: Mark live objects
[2020-12-29T06:06:45.225-0500][gc,stringtable ] GC(24301) Cleaned string and symbol table, strings: 33323 processed, 4 removed, symbols: 120973 processed, 0 removed
[2020-12-29T06:06:45.225-0500][gc,phases      ] GC(24301) Phase 1: Mark live objects 34.680ms
[2020-12-29T06:06:45.225-0500][gc,phases,start] GC(24301) Phase 2: Prepare for compaction
[2020-12-29T06:06:45.230-0500][gc,phases      ] GC(24301) Phase 2: Prepare for compaction 5.608ms
[2020-12-29T06:06:45.230-0500][gc,phases,start] GC(24301) Phase 3: Adjust pointers
[2020-12-29T06:06:45.242-0500][gc,phases      ] GC(24301) Phase 3: Adjust pointers 11.373ms
[2020-12-29T06:06:45.242-0500][gc,phases,start] GC(24301) Phase 4: Compact heap
[2020-12-29T06:06:45.245-0500][gc,phases      ] GC(24301) Phase 4: Compact heap 2.696ms
[2020-12-29T06:06:45.249-0500][gc,heap        ] GC(24301) Eden regions: 1->0(10)
[2020-12-29T06:06:45.249-0500][gc,heap        ] GC(24301) Survivor regions: 1->0(2)
[2020-12-29T06:06:45.249-0500][gc,heap        ] GC(24301) Old regions: 41->41
[2020-12-29T06:06:45.249-0500][gc,heap        ] GC(24301) Humongous regions: 4->4
[2020-12-29T06:06:45.249-0500][gc,metaspace   ] GC(24301) Metaspace: 50336K->50336K(1093632K)
[2020-12-29T06:06:45.249-0500][gc,heap        ] GC(24301) Heap after GC invocations=24302 (full 5635): garbage-first heap   total 64512K, used 43329K [0x0000000083000000, 0x0000000100000000)
[2020-12-29T06:06:45.249-0500][gc,heap        ] GC(24301)   region size 1024K, 0 young (0K), 0 survivors (0K)
[2020-12-29T06:06:45.249-0500][gc,heap        ] GC(24301)  Metaspace       used 50336K, capacity 52472K, committed 53888K, reserved 1093632K
[2020-12-29T06:06:45.249-0500][gc,heap        ] GC(24301)   class space    used 7457K, capacity 8250K, committed 8832K, reserved 1048576K
[2020-12-29T06:06:45.249-0500][gc             ] GC(24301) Pause Full (System.gc()) 43M->42M(63M) 59.295ms
[2020-12-29T06:06:45.249-0500][gc,cpu         ] GC(24301) User=0.25s Sys=0.00s Real=0.06s
[2020-12-29T06:09:06.593-0500][gc,heap        ] GC(24302) Heap before GC invocations=24302 (full 5635): garbage-first heap   total 64512K, used 52545K [0x0000000083000000, 0x0000000100000000)
[2020-12-29T06:09:06.593-0500][gc,heap        ] GC(24302)   region size 1024K, 10 young (10240K), 0 survivors (0K)
[2020-12-29T06:09:06.593-0500][gc,heap        ] GC(24302)  Metaspace       used 50336K, capacity 52472K, committed 53888K, reserved 1093632K
[2020-12-29T06:09:06.593-0500][gc,heap        ] GC(24302)   class space    used 7457K, capacity 8250K, committed 8832K, reserved 1048576K
[2020-12-29T06:09:06.593-0500][gc,start       ] GC(24302) Pause Young (Concurrent Start) (G1 Evacuation Pause)
[2020-12-29T06:09:06.593-0500][gc,task        ] GC(24302) Using 8 workers of 8 for evacuation
[2020-12-29T06:09:06.600-0500][gc,phases      ] GC(24302)   Pre Evacuate Collection Set: 0.4ms
[2020-12-29T06:09:06.600-0500][gc,phases      ] GC(24302)   Evacuate Collection Set: 4.4ms
[2020-12-29T06:09:06.600-0500][gc,phases      ] GC(24302)   Post Evacuate Collection Set: 1.5ms
[2020-12-29T06:09:06.600-0500][gc,phases      ] GC(24302)   Other: 0.5ms
[2020-12-29T06:09:06.600-0500][gc,heap        ] GC(24302) Eden regions: 10->0(9)
[2020-12-29T06:09:06.600-0500][gc,heap        ] GC(24302) Survivor regions: 0->1(2)
[2020-12-29T06:09:06.600-0500][gc,heap        ] GC(24302) Old regions: 41->41
[2020-12-29T06:09:06.600-0500][gc,heap        ] GC(24302) Humongous regions: 4->4
[2020-12-29T06:09:06.600-0500][gc,metaspace   ] GC(24302) Metaspace: 50336K->50336K(1093632K)
[2020-12-29T06:09:06.600-0500][gc,heap        ] GC(24302) Heap after GC invocations=24303 (full 5635): garbage-first heap   total 64512K, used 43415K [0x0000000083000000, 0x0000000100000000)
[2020-12-29T06:09:06.600-0500][gc,heap        ] GC(24302)   region size 1024K, 1 young (1024K), 1 survivors (1024K)
[2020-12-29T06:09:06.600-0500][gc,heap        ] GC(24302)  Metaspace       used 50336K, capacity 52472K, committed 53888K, reserved 1093632K
[2020-12-29T06:09:06.600-0500][gc,heap        ] GC(24302)   class space    used 7457K, capacity 8250K, committed 8832K, reserved 1048576K
[2020-12-29T06:09:06.600-0500][gc             ] GC(24302) Pause Young (Concurrent Start) (G1 Evacuation Pause) 52M->42M(63M) 6.949ms
[2020-12-29T06:09:06.600-0500][gc,cpu         ] GC(24302) User=0.02s Sys=0.01s Real=0.01s
[2020-12-29T06:09:06.601-0500][gc             ] GC(24303) Concurrent Cycle
[2020-12-29T06:09:06.601-0500][gc,marking     ] GC(24303) Concurrent Clear Claimed Marks
[2020-12-29T06:09:06.601-0500][gc,marking     ] GC(24303) Concurrent Clear Claimed Marks 0.152ms
[2020-12-29T06:09:06.601-0500][gc,marking     ] GC(24303) Concurrent Scan Root Regions
[2020-12-29T06:09:06.602-0500][gc,marking     ] GC(24303) Concurrent Scan Root Regions 1.259ms
[2020-12-29T06:09:06.602-0500][gc,marking     ] GC(24303) Concurrent Mark (1690343.989s)
[2020-12-29T06:09:06.602-0500][gc,marking     ] GC(24303) Concurrent Mark From Roots
[2020-12-29T06:09:06.602-0500][gc,task        ] GC(24303) Using 2 workers of 2 for marking
[2020-12-29T06:09:06.652-0500][gc,marking     ] GC(24303) Concurrent Mark From Roots 49.923ms
[2020-12-29T06:09:06.652-0500][gc,marking     ] GC(24303) Concurrent Preclean
[2020-12-29T06:09:06.652-0500][gc,marking     ] GC(24303) Concurrent Preclean 0.244ms
[2020-12-29T06:09:06.652-0500][gc,marking     ] GC(24303) Concurrent Mark (1690343.989s, 1690344.039s) 50.279ms
[2020-12-29T06:09:06.653-0500][gc,start       ] GC(24303) Pause Remark
[2020-12-29T06:09:06.657-0500][gc,stringtable ] GC(24303) Cleaned string and symbol table, strings: 33323 processed, 0 removed, symbols: 120973 processed, 0 removed
[2020-12-29T06:09:06.657-0500][gc             ] GC(24303) Pause Remark 42M->42M(63M) 4.551ms
[2020-12-29T06:09:06.657-0500][gc,cpu         ] GC(24303) User=0.02s Sys=0.00s Real=0.00s
[2020-12-29T06:09:06.657-0500][gc,marking     ] GC(24303) Concurrent Rebuild Remembered Sets
[2020-12-29T06:09:06.677-0500][gc,marking     ] GC(24303) Concurrent Rebuild Remembered Sets 19.684ms
[2020-12-29T06:09:06.677-0500][gc,start       ] GC(24303) Pause Cleanup
[2020-12-29T06:09:06.678-0500][gc             ] GC(24303) Pause Cleanup 42M->42M(63M) 0.253ms
[2020-12-29T06:09:06.678-0500][gc,cpu         ] GC(24303) User=0.00s Sys=0.00s Real=0.01s
[2020-12-29T06:09:06.678-0500][gc,marking     ] GC(24303) Concurrent Cleanup for Next Mark
[2020-12-29T06:09:06.678-0500][gc,marking     ] GC(24303) Concurrent Cleanup for Next Mark 0.199ms
[2020-12-29T06:09:06.678-0500][gc             ] GC(24303) Concurrent Cycle 77.524ms
[2020-12-29T06:11:19.064-0500][gc,heap        ] GC(24304) Heap before GC invocations=24304 (full 5635): garbage-first heap   total 64512K, used 52631K [0x0000000083000000, 0x0000000100000000)
[2020-12-29T06:11:19.064-0500][gc,heap        ] GC(24304)   region size 1024K, 10 young (10240K), 1 survivors (1024K)
[2020-12-29T06:11:19.064-0500][gc,heap        ] GC(24304)  Metaspace       used 50336K, capacity 52472K, committed 53888K, reserved 1093632K
[2020-12-29T06:11:19.064-0500][gc,heap        ] GC(24304)   class space    used 7457K, capacity 8250K, committed 8832K, reserved 1048576K
[2020-12-29T06:11:19.064-0500][gc,start       ] GC(24304) Pause Young (Normal) (G1 Evacuation Pause)
[2020-12-29T06:11:19.064-0500][gc,task        ] GC(24304) Using 8 workers of 8 for evacuation
[2020-12-29T06:11:19.068-0500][gc,phases      ] GC(24304)   Pre Evacuate Collection Set: 0.0ms
[2020-12-29T06:11:19.068-0500][gc,phases      ] GC(24304)   Evacuate Collection Set: 1.8ms
[2020-12-29T06:11:19.068-0500][gc,phases      ] GC(24304)   Post Evacuate Collection Set: 1.9ms
[2020-12-29T06:11:19.068-0500][gc,phases      ] GC(24304)   Other: 0.4ms
[2020-12-29T06:11:19.068-0500][gc,heap        ] GC(24304) Eden regions: 9->0(9)
[2020-12-29T06:11:19.068-0500][gc,heap        ] GC(24304) Survivor regions: 1->1(2)
[2020-12-29T06:11:19.069-0500][gc,heap        ] GC(24304) Old regions: 41->41
[2020-12-29T06:11:19.069-0500][gc,heap        ] GC(24304) Humongous regions: 4->4
[2020-12-29T06:11:19.069-0500][gc,metaspace   ] GC(24304) Metaspace: 50336K->50336K(1093632K)
[2020-12-29T06:11:19.069-0500][gc,heap        ] GC(24304) Heap after GC invocations=24305 (full 5635): garbage-first heap   total 64512K, used 43419K [0x0000000083000000, 0x0000000100000000)
[2020-12-29T06:11:19.069-0500][gc,heap        ] GC(24304)   region size 1024K, 1 young (1024K), 1 survivors (1024K)
[2020-12-29T06:11:19.069-0500][gc,heap        ] GC(24304)  Metaspace       used 50336K, capacity 52472K, committed 53888K, reserved 1093632K
[2020-12-29T06:11:19.069-0500][gc,heap        ] GC(24304)   class space    used 7457K, capacity 8250K, committed 8832K, reserved 1048576K
[2020-12-29T06:11:19.069-0500][gc             ] GC(24304) Pause Young (Normal) (G1 Evacuation Pause) 51M->42M(63M) 4.262ms
[2020-12-29T06:11:19.069-0500][gc,cpu         ] GC(24304) User=0.01s Sys=0.01s Real=0.01s
[2020-12-29T06:11:45.189-0500][gc,task        ] GC(24305) Using 5 workers of 8 for full compaction
[2020-12-29T06:11:45.189-0500][gc,start       ] GC(24305) Pause Full (System.gc())
[2020-12-29T06:11:45.189-0500][gc,heap        ] GC(24305) Heap before GC invocations=24305 (full 5635): garbage-first heap   total 64512K, used 44443K [0x0000000083000000, 0x0000000100000000)
[2020-12-29T06:11:45.189-0500][gc,heap        ] GC(24305)   region size 1024K, 3 young (3072K), 1 survivors (1024K)
[2020-12-29T06:11:45.189-0500][gc,heap        ] GC(24305)  Metaspace       used 50336K, capacity 52472K, committed 53888K, reserved 1093632K
[2020-12-29T06:11:45.189-0500][gc,heap        ] GC(24305)   class space    used 7457K, capacity 8250K, committed 8832K, reserved 1048576K
[2020-12-29T06:11:45.190-0500][gc,phases,start] GC(24305) Phase 1: Mark live objects
[2020-12-29T06:11:45.218-0500][gc,stringtable ] GC(24305) Cleaned string and symbol table, strings: 33323 processed, 4 removed, symbols: 120973 processed, 0 removed
[2020-12-29T06:11:45.218-0500][gc,phases      ] GC(24305) Phase 1: Mark live objects 28.295ms
[2020-12-29T06:11:45.218-0500][gc,phases,start] GC(24305) Phase 2: Prepare for compaction
[2020-12-29T06:11:45.222-0500][gc,phases      ] GC(24305) Phase 2: Prepare for compaction 3.494ms
[2020-12-29T06:11:45.222-0500][gc,phases,start] GC(24305) Phase 3: Adjust pointers
[2020-12-29T06:11:45.232-0500][gc,phases      ] GC(24305) Phase 3: Adjust pointers 10.115ms
[2020-12-29T06:11:45.232-0500][gc,phases,start] GC(24305) Phase 4: Compact heap
[2020-12-29T06:11:45.234-0500][gc,phases      ] GC(24305) Phase 4: Compact heap 2.626ms
[2020-12-29T06:11:45.239-0500][gc,heap        ] GC(24305) Eden regions: 2->0(10)
[2020-12-29T06:11:45.239-0500][gc,heap        ] GC(24305) Survivor regions: 1->0(2)
[2020-12-29T06:11:45.239-0500][gc,heap        ] GC(24305) Old regions: 41->41
[2020-12-29T06:11:45.239-0500][gc,heap        ] GC(24305) Humongous regions: 4->4
[2020-12-29T06:11:45.239-0500][gc,metaspace   ] GC(24305) Metaspace: 50336K->50336K(1093632K)
[2020-12-29T06:11:45.239-0500][gc,heap        ] GC(24305) Heap after GC invocations=24306 (full 5636): garbage-first heap   total 64512K, used 43330K [0x0000000083000000, 0x0000000100000000)
[2020-12-29T06:11:45.239-0500][gc,heap        ] GC(24305)   region size 1024K, 0 young (0K), 0 survivors (0K)
[2020-12-29T06:11:45.239-0500][gc,heap        ] GC(24305)  Metaspace       used 50336K, capacity 52472K, committed 53888K, reserved 1093632K
[2020-12-29T06:11:45.239-0500][gc,heap        ] GC(24305)   class space    used 7457K, capacity 8250K, committed 8832K, reserved 1048576K
[2020-12-29T06:11:45.239-0500][gc             ] GC(24305) Pause Full (System.gc()) 43M->42M(63M) 49.275ms
[2020-12-29T06:11:45.239-0500][gc,cpu         ] GC(24305) User=0.21s Sys=0.00s Real=0.05s
[2020-12-29T06:14:09.064-0500][gc,heap        ] GC(24306) Heap before GC invocations=24306 (full 5636): garbage-first heap   total 64512K, used 52546K [0x0000000083000000, 0x0000000100000000)
[2020-12-29T06:14:09.064-0500][gc,heap        ] GC(24306)   region size 1024K, 10 young (10240K), 0 survivors (0K)
[2020-12-29T06:14:09.064-0500][gc,heap        ] GC(24306)  Metaspace       used 50336K, capacity 52472K, committed 53888K, reserved 1093632K
[2020-12-29T06:14:09.064-0500][gc,heap        ] GC(24306)   class space    used 7457K, capacity 8250K, committed 8832K, reserved 1048576K
[2020-12-29T06:14:09.064-0500][gc,start       ] GC(24306) Pause Young (Concurrent Start) (G1 Evacuation Pause)
[2020-12-29T06:14:09.064-0500][gc,task        ] GC(24306) Using 8 workers of 8 for evacuation
[2020-12-29T06:14:09.069-0500][gc,phases      ] GC(24306)   Pre Evacuate Collection Set: 0.4ms
[2020-12-29T06:14:09.069-0500][gc,phases      ] GC(24306)   Evacuate Collection Set: 2.2ms
[2020-12-29T06:14:09.069-0500][gc,phases      ] GC(24306)   Post Evacuate Collection Set: 1.6ms
[2020-12-29T06:14:09.069-0500][gc,phases      ] GC(24306)   Other: 0.4ms
[2020-12-29T06:14:09.069-0500][gc,heap        ] GC(24306) Eden regions: 10->0(9)
[2020-12-29T06:14:09.069-0500][gc,heap        ] GC(24306) Survivor regions: 0->1(2)
[2020-12-29T06:14:09.069-0500][gc,heap        ] GC(24306) Old regions: 41->41
[2020-12-29T06:14:09.069-0500][gc,heap        ] GC(24306) Humongous regions: 4->4
[2020-12-29T06:14:09.069-0500][gc,metaspace   ] GC(24306) Metaspace: 50336K->50336K(1093632K)
[2020-12-29T06:14:09.069-0500][gc,heap        ] GC(24306) Heap after GC invocations=24307 (full 5636): garbage-first heap   total 64512K, used 43424K [0x0000000083000000, 0x0000000100000000)
[2020-12-29T06:14:09.069-0500][gc,heap        ] GC(24306)   region size 1024K, 1 young (1024K), 1 survivors (1024K)
[2020-12-29T06:14:09.069-0500][gc,heap        ] GC(24306)  Metaspace       used 50336K, capacity 52472K, committed 53888K, reserved 1093632K
[2020-12-29T06:14:09.069-0500][gc,heap        ] GC(24306)   class space    used 7457K, capacity 8250K, committed 8832K, reserved 1048576K
[2020-12-29T06:14:09.069-0500][gc             ] GC(24306) Pause Young (Concurrent Start) (G1 Evacuation Pause) 52M->42M(63M) 4.931ms
[2020-12-29T06:14:09.069-0500][gc,cpu         ] GC(24306) User=0.01s Sys=0.00s Real=0.01s
[2020-12-29T06:14:09.069-0500][gc             ] GC(24307) Concurrent Cycle
[2020-12-29T06:14:09.069-0500][gc,marking     ] GC(24307) Concurrent Clear Claimed Marks
[2020-12-29T06:14:09.070-0500][gc,marking     ] GC(24307) Concurrent Clear Claimed Marks 0.234ms
[2020-12-29T06:14:09.070-0500][gc,marking     ] GC(24307) Concurrent Scan Root Regions
[2020-12-29T06:14:09.071-0500][gc,marking     ] GC(24307) Concurrent Scan Root Regions 1.276ms
[2020-12-29T06:14:09.071-0500][gc,marking     ] GC(24307) Concurrent Mark (1690646.458s)
[2020-12-29T06:14:09.071-0500][gc,marking     ] GC(24307) Concurrent Mark From Roots
[2020-12-29T06:14:09.071-0500][gc,task        ] GC(24307) Using 2 workers of 2 for marking
[2020-12-29T06:14:09.130-0500][gc,marking     ] GC(24307) Concurrent Mark From Roots 59.018ms
[2020-12-29T06:14:09.130-0500][gc,marking     ] GC(24307) Concurrent Preclean
[2020-12-29T06:14:09.130-0500][gc,marking     ] GC(24307) Concurrent Preclean 0.151ms
[2020-12-29T06:14:09.130-0500][gc,marking     ] GC(24307) Concurrent Mark (1690646.458s, 1690646.517s) 59.256ms
[2020-12-29T06:14:09.131-0500][gc,start       ] GC(24307) Pause Remark
[2020-12-29T06:14:09.134-0500][gc,stringtable ] GC(24307) Cleaned string and symbol table, strings: 33323 processed, 0 removed, symbols: 120973 processed, 0 removed
[2020-12-29T06:14:09.135-0500][gc             ] GC(24307) Pause Remark 42M->42M(63M) 4.194ms
[2020-12-29T06:14:09.135-0500][gc,cpu         ] GC(24307) User=0.02s Sys=0.00s Real=0.00s
[2020-12-29T06:14:09.135-0500][gc,marking     ] GC(24307) Concurrent Rebuild Remembered Sets
[2020-12-29T06:14:09.152-0500][gc,marking     ] GC(24307) Concurrent Rebuild Remembered Sets 17.439ms
[2020-12-29T06:14:09.153-0500][gc,start       ] GC(24307) Pause Cleanup
[2020-12-29T06:14:09.153-0500][gc             ] GC(24307) Pause Cleanup 42M->42M(63M) 0.279ms
[2020-12-29T06:14:09.153-0500][gc,cpu         ] GC(24307) User=0.00s Sys=0.00s Real=0.00s
[2020-12-29T06:14:09.153-0500][gc,marking     ] GC(24307) Concurrent Cleanup for Next Mark
[2020-12-29T06:14:09.154-0500][gc,marking     ] GC(24307) Concurrent Cleanup for Next Mark 0.267ms
[2020-12-29T06:14:09.154-0500][gc             ] GC(24307) Concurrent Cycle 84.332ms
[2020-12-29T06:16:29.061-0500][gc,heap        ] GC(24308) Heap before GC invocations=24308 (full 5636): garbage-first heap   total 64512K, used 51616K [0x0000000083000000, 0x0000000100000000)
[2020-12-29T06:16:29.061-0500][gc,heap        ] GC(24308)   region size 1024K, 10 young (10240K), 1 survivors (1024K)
[2020-12-29T06:16:29.061-0500][gc,heap        ] GC(24308)  Metaspace       used 50336K, capacity 52472K, committed 53888K, reserved 1093632K
[2020-12-29T06:16:29.061-0500][gc,heap        ] GC(24308)   class space    used 7457K, capacity 8250K, committed 8832K, reserved 1048576K
[2020-12-29T06:16:29.061-0500][gc,start       ] GC(24308) Pause Young (Normal) (G1 Evacuation Pause)
[2020-12-29T06:16:29.061-0500][gc,task        ] GC(24308) Using 8 workers of 8 for evacuation
[2020-12-29T06:16:29.064-0500][gc,phases      ] GC(24308)   Pre Evacuate Collection Set: 0.0ms
[2020-12-29T06:16:29.064-0500][gc,phases      ] GC(24308)   Evacuate Collection Set: 0.9ms
[2020-12-29T06:16:29.064-0500][gc,phases      ] GC(24308)   Post Evacuate Collection Set: 1.6ms
[2020-12-29T06:16:29.064-0500][gc,phases      ] GC(24308)   Other: 0.2ms
[2020-12-29T06:16:29.064-0500][gc,heap        ] GC(24308) Eden regions: 9->0(9)
[2020-12-29T06:16:29.064-0500][gc,heap        ] GC(24308) Survivor regions: 1->1(2)
[2020-12-29T06:16:29.064-0500][gc,heap        ] GC(24308) Old regions: 41->41
[2020-12-29T06:16:29.064-0500][gc,heap        ] GC(24308) Humongous regions: 4->4
[2020-12-29T06:16:29.064-0500][gc,metaspace   ] GC(24308) Metaspace: 50336K->50336K(1093632K)
[2020-12-29T06:16:29.064-0500][gc,heap        ] GC(24308) Heap after GC invocations=24309 (full 5636): garbage-first heap   total 64512K, used 43392K [0x0000000083000000, 0x0000000100000000)
[2020-12-29T06:16:29.064-0500][gc,heap        ] GC(24308)   region size 1024K, 1 young (1024K), 1 survivors (1024K)
[2020-12-29T06:16:29.064-0500][gc,heap        ] GC(24308)  Metaspace       used 50336K, capacity 52472K, committed 53888K, reserved 1093632K
[2020-12-29T06:16:29.064-0500][gc,heap        ] GC(24308)   class space    used 7457K, capacity 8250K, committed 8832K, reserved 1048576K
[2020-12-29T06:16:29.064-0500][gc             ] GC(24308) Pause Young (Normal) (G1 Evacuation Pause) 51M->42M(63M) 2.739ms
[2020-12-29T06:16:29.064-0500][gc,cpu         ] GC(24308) User=0.00s Sys=0.00s Real=0.00s
[2020-12-29T06:16:45.191-0500][gc,task        ] GC(24309) Using 5 workers of 8 for full compaction
[2020-12-29T06:16:45.191-0500][gc,start       ] GC(24309) Pause Full (System.gc())
[2020-12-29T06:16:45.191-0500][gc,heap        ] GC(24309) Heap before GC invocations=24309 (full 5636): garbage-first heap   total 64512K, used 44416K [0x0000000083000000, 0x0000000100000000)
[2020-12-29T06:16:45.191-0500][gc,heap        ] GC(24309)   region size 1024K, 3 young (3072K), 1 survivors (1024K)
[2020-12-29T06:16:45.191-0500][gc,heap        ] GC(24309)  Metaspace       used 50336K, capacity 52472K, committed 53888K, reserved 1093632K
[2020-12-29T06:16:45.191-0500][gc,heap        ] GC(24309)   class space    used 7457K, capacity 8250K, committed 8832K, reserved 1048576K
[2020-12-29T06:16:45.192-0500][gc,phases,start] GC(24309) Phase 1: Mark live objects
[2020-12-29T06:16:45.210-0500][gc,stringtable ] GC(24309) Cleaned string and symbol table, strings: 33323 processed, 4 removed, symbols: 120973 processed, 0 removed
[2020-12-29T06:16:45.210-0500][gc,phases      ] GC(24309) Phase 1: Mark live objects 18.076ms
[2020-12-29T06:16:45.210-0500][gc,phases,start] GC(24309) Phase 2: Prepare for compaction
[2020-12-29T06:16:45.213-0500][gc,phases      ] GC(24309) Phase 2: Prepare for compaction 3.224ms
[2020-12-29T06:16:45.213-0500][gc,phases,start] GC(24309) Phase 3: Adjust pointers
[2020-12-29T06:16:45.223-0500][gc,phases      ] GC(24309) Phase 3: Adjust pointers 10.338ms
[2020-12-29T06:16:45.223-0500][gc,phases,start] GC(24309) Phase 4: Compact heap
[2020-12-29T06:16:45.226-0500][gc,phases      ] GC(24309) Phase 4: Compact heap 2.756ms
[2020-12-29T06:16:45.230-0500][gc,heap        ] GC(24309) Eden regions: 2->0(9)
[2020-12-29T06:16:45.230-0500][gc,heap        ] GC(24309) Survivor regions: 1->0(2)
[2020-12-29T06:16:45.230-0500][gc,heap        ] GC(24309) Old regions: 41->42
[2020-12-29T06:16:45.230-0500][gc,heap        ] GC(24309) Humongous regions: 4->4
[2020-12-29T06:16:45.230-0500][gc,metaspace   ] GC(24309) Metaspace: 50336K->50336K(1093632K)
[2020-12-29T06:16:45.230-0500][gc,heap        ] GC(24309) Heap after GC invocations=24310 (full 5637): garbage-first heap   total 64512K, used 43329K [0x0000000083000000, 0x0000000100000000)
[2020-12-29T06:16:45.230-0500][gc,heap        ] GC(24309)   region size 1024K, 0 young (0K), 0 survivors (0K)
[2020-12-29T06:16:45.230-0500][gc,heap        ] GC(24309)  Metaspace       used 50336K, capacity 52472K, committed 53888K, reserved 1093632K
[2020-12-29T06:16:45.230-0500][gc,heap        ] GC(24309)   class space    used 7457K, capacity 8250K, committed 8832K, reserved 1048576K
[2020-12-29T06:16:45.230-0500][gc             ] GC(24309) Pause Full (System.gc()) 43M->42M(63M) 39.073ms
[2020-12-29T06:16:45.231-0500][gc,cpu         ] GC(24309) User=0.17s Sys=0.00s Real=0.04s
[2020-12-29T06:18:59.061-0500][gc,heap        ] GC(24310) Heap before GC invocations=24310 (full 5637): garbage-first heap   total 64512K, used 52545K [0x0000000083000000, 0x0000000100000000)
[2020-12-29T06:18:59.061-0500][gc,heap        ] GC(24310)   region size 1024K, 9 young (9216K), 0 survivors (0K)
[2020-12-29T06:18:59.061-0500][gc,heap        ] GC(24310)  Metaspace       used 50336K, capacity 52472K, committed 53888K, reserved 1093632K
[2020-12-29T06:18:59.061-0500][gc,heap        ] GC(24310)   class space    used 7457K, capacity 8250K, committed 8832K, reserved 1048576K
[2020-12-29T06:18:59.061-0500][gc,start       ] GC(24310) Pause Young (Concurrent Start) (G1 Evacuation Pause)
[2020-12-29T06:18:59.061-0500][gc,task        ] GC(24310) Using 8 workers of 8 for evacuation
[2020-12-29T06:18:59.065-0500][gc,phases      ] GC(24310)   Pre Evacuate Collection Set: 0.2ms
[2020-12-29T06:18:59.065-0500][gc,phases      ] GC(24310)   Evacuate Collection Set: 2.0ms
[2020-12-29T06:18:59.065-0500][gc,phases      ] GC(24310)   Post Evacuate Collection Set: 2.2ms
[2020-12-29T06:18:59.065-0500][gc,phases      ] GC(24310)   Other: 0.3ms
[2020-12-29T06:18:59.065-0500][gc,heap        ] GC(24310) Eden regions: 9->0(8)
[2020-12-29T06:18:59.065-0500][gc,heap        ] GC(24310) Survivor regions: 0->1(2)
[2020-12-29T06:18:59.065-0500][gc,heap        ] GC(24310) Old regions: 42->42
[2020-12-29T06:18:59.065-0500][gc,heap        ] GC(24310) Humongous regions: 4->4
[2020-12-29T06:18:59.066-0500][gc,metaspace   ] GC(24310) Metaspace: 50336K->50336K(1093632K)
[2020-12-29T06:18:59.066-0500][gc,heap        ] GC(24310) Heap after GC invocations=24311 (full 5637): garbage-first heap   total 64512K, used 43415K [0x0000000083000000, 0x0000000100000000)
[2020-12-29T06:18:59.066-0500][gc,heap        ] GC(24310)   region size 1024K, 1 young (1024K), 1 survivors (1024K)
[2020-12-29T06:18:59.066-0500][gc,heap        ] GC(24310)  Metaspace       used 50336K, capacity 52472K, committed 53888K, reserved 1093632K
[2020-12-29T06:18:59.066-0500][gc,heap        ] GC(24310)   class space    used 7457K, capacity 8250K, committed 8832K, reserved 1048576K
[2020-12-29T06:18:59.066-0500][gc             ] GC(24310) Pause Young (Concurrent Start) (G1 Evacuation Pause) 51M->42M(63M) 4.773ms
[2020-12-29T06:18:59.066-0500][gc,cpu         ] GC(24310) User=0.01s Sys=0.00s Real=0.00s
[2020-12-29T06:18:59.066-0500][gc             ] GC(24311) Concurrent Cycle
[2020-12-29T06:18:59.066-0500][gc,marking     ] GC(24311) Concurrent Clear Claimed Marks
[2020-12-29T06:18:59.066-0500][gc,marking     ] GC(24311) Concurrent Clear Claimed Marks 0.117ms
[2020-12-29T06:18:59.066-0500][gc,marking     ] GC(24311) Concurrent Scan Root Regions
[2020-12-29T06:18:59.067-0500][gc,marking     ] GC(24311) Concurrent Scan Root Regions 1.253ms
[2020-12-29T06:18:59.067-0500][gc,marking     ] GC(24311) Concurrent Mark (1690936.454s)
[2020-12-29T06:18:59.067-0500][gc,marking     ] GC(24311) Concurrent Mark From Roots
[2020-12-29T06:18:59.068-0500][gc,task        ] GC(24311) Using 2 workers of 2 for marking
[2020-12-29T06:18:59.120-0500][gc,marking     ] GC(24311) Concurrent Mark From Roots 53.050ms
[2020-12-29T06:18:59.121-0500][gc,marking     ] GC(24311) Concurrent Preclean
[2020-12-29T06:18:59.121-0500][gc,marking     ] GC(24311) Concurrent Preclean 0.152ms
[2020-12-29T06:18:59.121-0500][gc,marking     ] GC(24311) Concurrent Mark (1690936.454s, 1690936.508s) 53.288ms
[2020-12-29T06:18:59.121-0500][gc,start       ] GC(24311) Pause Remark
[2020-12-29T06:18:59.127-0500][gc,stringtable ] GC(24311) Cleaned string and symbol table, strings: 33323 processed, 0 removed, symbols: 120973 processed, 0 removed
[2020-12-29T06:18:59.128-0500][gc             ] GC(24311) Pause Remark 42M->42M(63M) 6.664ms
[2020-12-29T06:18:59.128-0500][gc,cpu         ] GC(24311) User=0.03s Sys=0.00s Real=0.01s
[2020-12-29T06:18:59.128-0500][gc,marking     ] GC(24311) Concurrent Rebuild Remembered Sets
[2020-12-29T06:18:59.149-0500][gc,marking     ] GC(24311) Concurrent Rebuild Remembered Sets 21.213ms
[2020-12-29T06:18:59.149-0500][gc,start       ] GC(24311) Pause Cleanup
[2020-12-29T06:18:59.150-0500][gc             ] GC(24311) Pause Cleanup 42M->42M(63M) 0.183ms
[2020-12-29T06:18:59.150-0500][gc,cpu         ] GC(24311) User=0.00s Sys=0.00s Real=0.00s
[2020-12-29T06:18:59.150-0500][gc,marking     ] GC(24311) Concurrent Cleanup for Next Mark
[2020-12-29T06:18:59.150-0500][gc,marking     ] GC(24311) Concurrent Cleanup for Next Mark 0.200ms
[2020-12-29T06:18:59.150-0500][gc             ] GC(24311) Concurrent Cycle 84.059ms
[2020-12-29T06:20:59.067-0500][gc,heap        ] GC(24312) Heap before GC invocations=24312 (full 5637): garbage-first heap   total 64512K, used 51607K [0x0000000083000000, 0x0000000100000000)
[2020-12-29T06:20:59.067-0500][gc,heap        ] GC(24312)   region size 1024K, 9 young (9216K), 1 survivors (1024K)
[2020-12-29T06:20:59.067-0500][gc,heap        ] GC(24312)  Metaspace       used 50336K, capacity 52472K, committed 53888K, reserved 1093632K
[2020-12-29T06:20:59.067-0500][gc,heap        ] GC(24312)   class space    used 7457K, capacity 8250K, committed 8832K, reserved 1048576K
[2020-12-29T06:20:59.067-0500][gc,start       ] GC(24312) Pause Young (Normal) (G1 Evacuation Pause)
[2020-12-29T06:20:59.067-0500][gc,task        ] GC(24312) Using 8 workers of 8 for evacuation
[2020-12-29T06:20:59.072-0500][gc,phases      ] GC(24312)   Pre Evacuate Collection Set: 0.0ms
[2020-12-29T06:20:59.072-0500][gc,phases      ] GC(24312)   Evacuate Collection Set: 2.3ms
[2020-12-29T06:20:59.072-0500][gc,phases      ] GC(24312)   Post Evacuate Collection Set: 2.5ms
[2020-12-29T06:20:59.072-0500][gc,phases      ] GC(24312)   Other: 0.4ms
[2020-12-29T06:20:59.072-0500][gc,heap        ] GC(24312) Eden regions: 8->0(8)
[2020-12-29T06:20:59.072-0500][gc,heap        ] GC(24312) Survivor regions: 1->1(2)
[2020-12-29T06:20:59.072-0500][gc,heap        ] GC(24312) Old regions: 42->42
[2020-12-29T06:20:59.072-0500][gc,heap        ] GC(24312) Humongous regions: 4->4
[2020-12-29T06:20:59.072-0500][gc,metaspace   ] GC(24312) Metaspace: 50336K->50336K(1093632K)
[2020-12-29T06:20:59.072-0500][gc,heap        ] GC(24312) Heap after GC invocations=24313 (full 5637): garbage-first heap   total 64512K, used 43406K [0x0000000083000000, 0x0000000100000000)
[2020-12-29T06:20:59.072-0500][gc,heap        ] GC(24312)   region size 1024K, 1 young (1024K), 1 survivors (1024K)
[2020-12-29T06:20:59.072-0500][gc,heap        ] GC(24312)  Metaspace       used 50336K, capacity 52472K, committed 53888K, reserved 1093632K
[2020-12-29T06:20:59.072-0500][gc,heap        ] GC(24312)   class space    used 7457K, capacity 8250K, committed 8832K, reserved 1048576K
[2020-12-29T06:20:59.073-0500][gc             ] GC(24312) Pause Young (Normal) (G1 Evacuation Pause) 50M->42M(63M) 5.184ms
[2020-12-29T06:20:59.073-0500][gc,cpu         ] GC(24312) User=0.01s Sys=0.01s Real=0.01s
[2020-12-29T06:21:45.191-0500][gc,task        ] GC(24313) Using 5 workers of 8 for full compaction
[2020-12-29T06:21:45.191-0500][gc,start       ] GC(24313) Pause Full (System.gc())
[2020-12-29T06:21:45.192-0500][gc,heap        ] GC(24313) Heap before GC invocations=24313 (full 5637): garbage-first heap   total 64512K, used 46478K [0x0000000083000000, 0x0000000100000000)
[2020-12-29T06:21:45.192-0500][gc,heap        ] GC(24313)   region size 1024K, 5 young (5120K), 1 survivors (1024K)
[2020-12-29T06:21:45.192-0500][gc,heap        ] GC(24313)  Metaspace       used 50336K, capacity 52472K, committed 53888K, reserved 1093632K
[2020-12-29T06:21:45.192-0500][gc,heap        ] GC(24313)   class space    used 7457K, capacity 8250K, committed 8832K, reserved 1048576K
[2020-12-29T06:21:45.192-0500][gc,phases,start] GC(24313) Phase 1: Mark live objects
[2020-12-29T06:21:45.239-0500][gc,stringtable ] GC(24313) Cleaned string and symbol table, strings: 33323 processed, 4 removed, symbols: 120973 processed, 0 removed
[2020-12-29T06:21:45.239-0500][gc,phases      ] GC(24313) Phase 1: Mark live objects 47.292ms
[2020-12-29T06:21:45.239-0500][gc,phases,start] GC(24313) Phase 2: Prepare for compaction
[2020-12-29T06:21:45.244-0500][gc,phases      ] GC(24313) Phase 2: Prepare for compaction 4.283ms
[2020-12-29T06:21:45.244-0500][gc,phases,start] GC(24313) Phase 3: Adjust pointers
[2020-12-29T06:21:45.254-0500][gc,phases      ] GC(24313) Phase 3: Adjust pointers 9.990ms
[2020-12-29T06:21:45.254-0500][gc,phases,start] GC(24313) Phase 4: Compact heap
[2020-12-29T06:21:45.256-0500][gc,phases      ] GC(24313) Phase 4: Compact heap 2.691ms
[2020-12-29T06:21:45.261-0500][gc,heap        ] GC(24313) Eden regions: 4->0(10)
[2020-12-29T06:21:45.261-0500][gc,heap        ] GC(24313) Survivor regions: 1->0(2)
[2020-12-29T06:21:45.261-0500][gc,heap        ] GC(24313) Old regions: 42->41
[2020-12-29T06:21:45.261-0500][gc,heap        ] GC(24313) Humongous regions: 4->4
[2020-12-29T06:21:45.261-0500][gc,metaspace   ] GC(24313) Metaspace: 50336K->50336K(1093632K)
[2020-12-29T06:21:45.261-0500][gc,heap        ] GC(24313) Heap after GC invocations=24314 (full 5638): garbage-first heap   total 64512K, used 43340K [0x0000000083000000, 0x0000000100000000)
[2020-12-29T06:21:45.261-0500][gc,heap        ] GC(24313)   region size 1024K, 0 young (0K), 0 survivors (0K)
[2020-12-29T06:21:45.261-0500][gc,heap        ] GC(24313)  Metaspace       used 50336K, capacity 52472K, committed 53888K, reserved 1093632K
[2020-12-29T06:21:45.261-0500][gc,heap        ] GC(24313)   class space    used 7457K, capacity 8250K, committed 8832K, reserved 1048576K
[2020-12-29T06:21:45.261-0500][gc             ] GC(24313) Pause Full (System.gc()) 45M->42M(63M) 69.199ms
[2020-12-29T06:21:45.261-0500][gc,cpu         ] GC(24313) User=0.27s Sys=0.00s Real=0.07s
[2020-12-29T06:24:19.059-0500][gc,heap        ] GC(24314) Heap before GC invocations=24314 (full 5638): garbage-first heap   total 64512K, used 53580K [0x0000000083000000, 0x0000000100000000)
[2020-12-29T06:24:19.059-0500][gc,heap        ] GC(24314)   region size 1024K, 10 young (10240K), 0 survivors (0K)
[2020-12-29T06:24:19.059-0500][gc,heap        ] GC(24314)  Metaspace       used 50336K, capacity 52472K, committed 53888K, reserved 1093632K
[2020-12-29T06:24:19.059-0500][gc,heap        ] GC(24314)   class space    used 7457K, capacity 8250K, committed 8832K, reserved 1048576K
[2020-12-29T06:24:19.059-0500][gc,start       ] GC(24314) Pause Young (Concurrent Start) (G1 Evacuation Pause)
[2020-12-29T06:24:19.059-0500][gc,task        ] GC(24314) Using 8 workers of 8 for evacuation
[2020-12-29T06:24:19.067-0500][gc,phases      ] GC(24314)   Pre Evacuate Collection Set: 0.3ms
[2020-12-29T06:24:19.068-0500][gc,phases      ] GC(24314)   Evacuate Collection Set: 2.6ms
[2020-12-29T06:24:19.068-0500][gc,phases      ] GC(24314)   Post Evacuate Collection Set: 5.4ms
[2020-12-29T06:24:19.068-0500][gc,phases      ] GC(24314)   Other: 0.6ms
[2020-12-29T06:24:19.068-0500][gc,heap        ] GC(24314) Eden regions: 10->0(9)
[2020-12-29T06:24:19.068-0500][gc,heap        ] GC(24314) Survivor regions: 0->1(2)
[2020-12-29T06:24:19.068-0500][gc,heap        ] GC(24314) Old regions: 41->41
[2020-12-29T06:24:19.068-0500][gc,heap        ] GC(24314) Humongous regions: 4->4
[2020-12-29T06:24:19.068-0500][gc,metaspace   ] GC(24314) Metaspace: 50336K->50336K(1093632K)
[2020-12-29T06:24:19.068-0500][gc,heap        ] GC(24314) Heap after GC invocations=24315 (full 5638): garbage-first heap   total 64512K, used 43412K [0x0000000083000000, 0x0000000100000000)
[2020-12-29T06:24:19.068-0500][gc,heap        ] GC(24314)   region size 1024K, 1 young (1024K), 1 survivors (1024K)
[2020-12-29T06:24:19.068-0500][gc,heap        ] GC(24314)  Metaspace       used 50336K, capacity 52472K, committed 53888K, reserved 1093632K
[2020-12-29T06:24:19.068-0500][gc,heap        ] GC(24314)   class space    used 7457K, capacity 8250K, committed 8832K, reserved 1048576K
[2020-12-29T06:24:19.068-0500][gc             ] GC(24314) Pause Young (Concurrent Start) (G1 Evacuation Pause) 52M->42M(63M) 9.215ms
[2020-12-29T06:24:19.068-0500][gc,cpu         ] GC(24314) User=0.03s Sys=0.00s Real=0.01s
[2020-12-29T06:24:19.068-0500][gc             ] GC(24315) Concurrent Cycle
[2020-12-29T06:24:19.068-0500][gc,marking     ] GC(24315) Concurrent Clear Claimed Marks
[2020-12-29T06:24:19.069-0500][gc,marking     ] GC(24315) Concurrent Clear Claimed Marks 0.194ms
[2020-12-29T06:24:19.069-0500][gc,marking     ] GC(24315) Concurrent Scan Root Regions
[2020-12-29T06:24:19.071-0500][gc,marking     ] GC(24315) Concurrent Scan Root Regions 1.896ms
[2020-12-29T06:24:19.071-0500][gc,marking     ] GC(24315) Concurrent Mark (1691256.458s)
[2020-12-29T06:24:19.071-0500][gc,marking     ] GC(24315) Concurrent Mark From Roots
[2020-12-29T06:24:19.071-0500][gc,task        ] GC(24315) Using 2 workers of 2 for marking
[2020-12-29T06:24:19.128-0500][gc,marking     ] GC(24315) Concurrent Mark From Roots 57.647ms
[2020-12-29T06:24:19.128-0500][gc,marking     ] GC(24315) Concurrent Preclean
[2020-12-29T06:24:19.128-0500][gc,marking     ] GC(24315) Concurrent Preclean 0.146ms
[2020-12-29T06:24:19.128-0500][gc,marking     ] GC(24315) Concurrent Mark (1691256.458s, 1691256.515s) 57.881ms
[2020-12-29T06:24:19.129-0500][gc,start       ] GC(24315) Pause Remark
[2020-12-29T06:24:19.132-0500][gc,stringtable ] GC(24315) Cleaned string and symbol table, strings: 33323 processed, 0 removed, symbols: 120973 processed, 0 removed
[2020-12-29T06:24:19.133-0500][gc             ] GC(24315) Pause Remark 42M->42M(63M) 4.027ms
[2020-12-29T06:24:19.133-0500][gc,cpu         ] GC(24315) User=0.02s Sys=0.00s Real=0.00s
[2020-12-29T06:24:19.133-0500][gc,marking     ] GC(24315) Concurrent Rebuild Remembered Sets
[2020-12-29T06:24:19.150-0500][gc,marking     ] GC(24315) Concurrent Rebuild Remembered Sets 17.434ms
[2020-12-29T06:24:19.151-0500][gc,start       ] GC(24315) Pause Cleanup
[2020-12-29T06:24:19.151-0500][gc             ] GC(24315) Pause Cleanup 42M->42M(63M) 0.186ms
[2020-12-29T06:24:19.151-0500][gc,cpu         ] GC(24315) User=0.01s Sys=0.00s Real=0.00s
[2020-12-29T06:24:19.151-0500][gc,marking     ] GC(24315) Concurrent Cleanup for Next Mark
[2020-12-29T06:24:19.151-0500][gc,marking     ] GC(24315) Concurrent Cleanup for Next Mark 0.227ms
[2020-12-29T06:24:19.151-0500][gc             ] GC(24315) Concurrent Cycle 83.000ms
[2020-12-29T06:26:29.652-0500][gc,heap        ] GC(24316) Heap before GC invocations=24316 (full 5638): garbage-first heap   total 64512K, used 51604K [0x0000000083000000, 0x0000000100000000)
[2020-12-29T06:26:29.652-0500][gc,heap        ] GC(24316)   region size 1024K, 10 young (10240K), 1 survivors (1024K)
[2020-12-29T06:26:29.652-0500][gc,heap        ] GC(24316)  Metaspace       used 50336K, capacity 52472K, committed 53888K, reserved 1093632K
[2020-12-29T06:26:29.652-0500][gc,heap        ] GC(24316)   class space    used 7457K, capacity 8250K, committed 8832K, reserved 1048576K
[2020-12-29T06:26:29.652-0500][gc,start       ] GC(24316) Pause Young (Normal) (G1 Evacuation Pause)
[2020-12-29T06:26:29.652-0500][gc,task        ] GC(24316) Using 8 workers of 8 for evacuation
[2020-12-29T06:26:29.679-0500][gc,phases      ] GC(24316)   Pre Evacuate Collection Set: 0.0ms
[2020-12-29T06:26:29.679-0500][gc,phases      ] GC(24316)   Evacuate Collection Set: 16.9ms
[2020-12-29T06:26:29.679-0500][gc,phases      ] GC(24316)   Post Evacuate Collection Set: 10.1ms
[2020-12-29T06:26:29.679-0500][gc,phases      ] GC(24316)   Other: 0.3ms
[2020-12-29T06:26:29.679-0500][gc,heap        ] GC(24316) Eden regions: 9->0(9)
[2020-12-29T06:26:29.679-0500][gc,heap        ] GC(24316) Survivor regions: 1->1(2)
[2020-12-29T06:26:29.679-0500][gc,heap        ] GC(24316) Old regions: 41->41
[2020-12-29T06:26:29.679-0500][gc,heap        ] GC(24316) Humongous regions: 4->4
[2020-12-29T06:26:29.679-0500][gc,metaspace   ] GC(24316) Metaspace: 50336K->50336K(1093632K)
[2020-12-29T06:26:29.679-0500][gc,heap        ] GC(24316) Heap after GC invocations=24317 (full 5638): garbage-first heap   total 64512K, used 43396K [0x0000000083000000, 0x0000000100000000)
[2020-12-29T06:26:29.679-0500][gc,heap        ] GC(24316)   region size 1024K, 1 young (1024K), 1 survivors (1024K)
[2020-12-29T06:26:29.679-0500][gc,heap        ] GC(24316)  Metaspace       used 50336K, capacity 52472K, committed 53888K, reserved 1093632K
[2020-12-29T06:26:29.679-0500][gc,heap        ] GC(24316)   class space    used 7457K, capacity 8250K, committed 8832K, reserved 1048576K
[2020-12-29T06:26:29.679-0500][gc             ] GC(24316) Pause Young (Normal) (G1 Evacuation Pause) 51M->42M(63M) 27.296ms
[2020-12-29T06:26:29.679-0500][gc,cpu         ] GC(24316) User=0.17s Sys=0.00s Real=0.03s
[2020-12-29T06:26:45.190-0500][gc,task        ] GC(24317) Using 5 workers of 8 for full compaction
[2020-12-29T06:26:45.191-0500][gc,start       ] GC(24317) Pause Full (System.gc())
[2020-12-29T06:26:45.191-0500][gc,heap        ] GC(24317) Heap before GC invocations=24317 (full 5638): garbage-first heap   total 64512K, used 43396K [0x0000000083000000, 0x0000000100000000)
[2020-12-29T06:26:45.191-0500][gc,heap        ] GC(24317)   region size 1024K, 2 young (2048K), 1 survivors (1024K)
[2020-12-29T06:26:45.191-0500][gc,heap        ] GC(24317)  Metaspace       used 50336K, capacity 52472K, committed 53888K, reserved 1093632K
[2020-12-29T06:26:45.191-0500][gc,heap        ] GC(24317)   class space    used 7457K, capacity 8250K, committed 8832K, reserved 1048576K
[2020-12-29T06:26:45.191-0500][gc,phases,start] GC(24317) Phase 1: Mark live objects
[2020-12-29T06:26:45.229-0500][gc,stringtable ] GC(24317) Cleaned string and symbol table, strings: 33323 processed, 4 removed, symbols: 120973 processed, 0 removed
[2020-12-29T06:26:45.229-0500][gc,phases      ] GC(24317) Phase 1: Mark live objects 38.252ms
[2020-12-29T06:26:45.229-0500][gc,phases,start] GC(24317) Phase 2: Prepare for compaction
[2020-12-29T06:26:45.235-0500][gc,phases      ] GC(24317) Phase 2: Prepare for compaction 5.477ms
[2020-12-29T06:26:45.235-0500][gc,phases,start] GC(24317) Phase 3: Adjust pointers
[2020-12-29T06:26:45.247-0500][gc,phases      ] GC(24317) Phase 3: Adjust pointers 12.436ms
[2020-12-29T06:26:45.248-0500][gc,phases,start] GC(24317) Phase 4: Compact heap
[2020-12-29T06:26:45.250-0500][gc,phases      ] GC(24317) Phase 4: Compact heap 2.865ms
[2020-12-29T06:26:45.255-0500][gc,heap        ] GC(24317) Eden regions: 1->0(10)
[2020-12-29T06:26:45.255-0500][gc,heap        ] GC(24317) Survivor regions: 1->0(2)
[2020-12-29T06:26:45.255-0500][gc,heap        ] GC(24317) Old regions: 41->41
[2020-12-29T06:26:45.255-0500][gc,heap        ] GC(24317) Humongous regions: 4->4
[2020-12-29T06:26:45.255-0500][gc,metaspace   ] GC(24317) Metaspace: 50336K->50336K(1093632K)
[2020-12-29T06:26:45.255-0500][gc,heap        ] GC(24317) Heap after GC invocations=24318 (full 5639): garbage-first heap   total 64512K, used 43328K [0x0000000083000000, 0x0000000100000000)
[2020-12-29T06:26:45.255-0500][gc,heap        ] GC(24317)   region size 1024K, 0 young (0K), 0 survivors (0K)
[2020-12-29T06:26:45.255-0500][gc,heap        ] GC(24317)  Metaspace       used 50336K, capacity 52472K, committed 53888K, reserved 1093632K
[2020-12-29T06:26:45.255-0500][gc,heap        ] GC(24317)   class space    used 7457K, capacity 8250K, committed 8832K, reserved 1048576K
[2020-12-29T06:26:45.255-0500][gc             ] GC(24317) Pause Full (System.gc()) 43M->42M(63M) 64.225ms
[2020-12-29T06:26:45.255-0500][gc,cpu         ] GC(24317) User=0.28s Sys=0.00s Real=0.06s
[2020-12-29T06:29:17.727-0500][gc,heap        ] GC(24318) Heap before GC invocations=24318 (full 5639): garbage-first heap   total 64512K, used 52544K [0x0000000083000000, 0x0000000100000000)
[2020-12-29T06:29:17.727-0500][gc,heap        ] GC(24318)   region size 1024K, 10 young (10240K), 0 survivors (0K)
[2020-12-29T06:29:17.727-0500][gc,heap        ] GC(24318)  Metaspace       used 50336K, capacity 52472K, committed 53888K, reserved 1093632K
[2020-12-29T06:29:17.728-0500][gc,heap        ] GC(24318)   class space    used 7457K, capacity 8250K, committed 8832K, reserved 1048576K
[2020-12-29T06:29:17.728-0500][gc,start       ] GC(24318) Pause Young (Concurrent Start) (G1 Evacuation Pause)
[2020-12-29T06:29:17.728-0500][gc,task        ] GC(24318) Using 8 workers of 8 for evacuation
[2020-12-29T06:29:17.736-0500][gc,phases      ] GC(24318)   Pre Evacuate Collection Set: 2.7ms
[2020-12-29T06:29:17.736-0500][gc,phases      ] GC(24318)   Evacuate Collection Set: 3.4ms
[2020-12-29T06:29:17.736-0500][gc,phases      ] GC(24318)   Post Evacuate Collection Set: 2.0ms
[2020-12-29T06:29:17.736-0500][gc,phases      ] GC(24318)   Other: 0.7ms
[2020-12-29T06:29:17.736-0500][gc,heap        ] GC(24318) Eden regions: 10->0(9)
[2020-12-29T06:29:17.736-0500][gc,heap        ] GC(24318) Survivor regions: 0->1(2)
[2020-12-29T06:29:17.736-0500][gc,heap        ] GC(24318) Old regions: 41->41
[2020-12-29T06:29:17.736-0500][gc,heap        ] GC(24318) Humongous regions: 4->4
[2020-12-29T06:29:17.736-0500][gc,metaspace   ] GC(24318) Metaspace: 50336K->50336K(1093632K)
[2020-12-29T06:29:17.736-0500][gc,heap        ] GC(24318) Heap after GC invocations=24319 (full 5639): garbage-first heap   total 64512K, used 43393K [0x0000000083000000, 0x0000000100000000)
[2020-12-29T06:29:17.736-0500][gc,heap        ] GC(24318)   region size 1024K, 1 young (1024K), 1 survivors (1024K)
[2020-12-29T06:29:17.737-0500][gc,heap        ] GC(24318)  Metaspace       used 50336K, capacity 52472K, committed 53888K, reserved 1093632K
[2020-12-29T06:29:17.737-0500][gc,heap        ] GC(24318)   class space    used 7457K, capacity 8250K, committed 8832K, reserved 1048576K
[2020-12-29T06:29:17.737-0500][gc             ] GC(24318) Pause Young (Concurrent Start) (G1 Evacuation Pause) 52M->42M(63M) 8.991ms
[2020-12-29T06:29:17.737-0500][gc,cpu         ] GC(24318) User=0.01s Sys=0.01s Real=0.01s
[2020-12-29T06:29:17.737-0500][gc             ] GC(24319) Concurrent Cycle
[2020-12-29T06:29:17.737-0500][gc,marking     ] GC(24319) Concurrent Clear Claimed Marks
[2020-12-29T06:29:17.738-0500][gc,marking     ] GC(24319) Concurrent Clear Claimed Marks 0.227ms
[2020-12-29T06:29:17.738-0500][gc,marking     ] GC(24319) Concurrent Scan Root Regions
[2020-12-29T06:29:17.740-0500][gc,marking     ] GC(24319) Concurrent Scan Root Regions 2.339ms
[2020-12-29T06:29:17.740-0500][gc,marking     ] GC(24319) Concurrent Mark (1691555.127s)
[2020-12-29T06:29:17.740-0500][gc,marking     ] GC(24319) Concurrent Mark From Roots
[2020-12-29T06:29:17.740-0500][gc,task        ] GC(24319) Using 2 workers of 2 for marking
[2020-12-29T06:29:17.798-0500][gc,marking     ] GC(24319) Concurrent Mark From Roots 58.361ms
[2020-12-29T06:29:17.799-0500][gc,marking     ] GC(24319) Concurrent Preclean
[2020-12-29T06:29:17.799-0500][gc,marking     ] GC(24319) Concurrent Preclean 0.153ms
[2020-12-29T06:29:17.799-0500][gc,marking     ] GC(24319) Concurrent Mark (1691555.127s, 1691555.186s) 58.622ms
[2020-12-29T06:29:17.799-0500][gc,start       ] GC(24319) Pause Remark
[2020-12-29T06:29:17.803-0500][gc,stringtable ] GC(24319) Cleaned string and symbol table, strings: 33323 processed, 0 removed, symbols: 120973 processed, 0 removed
[2020-12-29T06:29:17.804-0500][gc             ] GC(24319) Pause Remark 42M->42M(63M) 4.963ms
[2020-12-29T06:29:17.804-0500][gc,cpu         ] GC(24319) User=0.02s Sys=0.00s Real=0.00s
[2020-12-29T06:29:17.804-0500][gc,marking     ] GC(24319) Concurrent Rebuild Remembered Sets
[2020-12-29T06:29:17.830-0500][gc,marking     ] GC(24319) Concurrent Rebuild Remembered Sets 26.372ms
[2020-12-29T06:29:17.831-0500][gc,start       ] GC(24319) Pause Cleanup
[2020-12-29T06:29:17.831-0500][gc             ] GC(24319) Pause Cleanup 42M->42M(63M) 0.205ms
[2020-12-29T06:29:17.831-0500][gc,cpu         ] GC(24319) User=0.00s Sys=0.00s Real=0.00s
[2020-12-29T06:29:17.831-0500][gc,marking     ] GC(24319) Concurrent Cleanup for Next Mark
[2020-12-29T06:29:17.831-0500][gc,marking     ] GC(24319) Concurrent Cleanup for Next Mark 0.179ms
[2020-12-29T06:29:17.831-0500][gc             ] GC(24319) Concurrent Cycle 94.085ms
[2020-12-29T06:31:29.062-0500][gc,heap        ] GC(24320) Heap before GC invocations=24320 (full 5639): garbage-first heap   total 64512K, used 52609K [0x0000000083000000, 0x0000000100000000)
[2020-12-29T06:31:29.062-0500][gc,heap        ] GC(24320)   region size 1024K, 10 young (10240K), 1 survivors (1024K)
[2020-12-29T06:31:29.062-0500][gc,heap        ] GC(24320)  Metaspace       used 50336K, capacity 52472K, committed 53888K, reserved 1093632K
[2020-12-29T06:31:29.062-0500][gc,heap        ] GC(24320)   class space    used 7457K, capacity 8250K, committed 8832K, reserved 1048576K
[2020-12-29T06:31:29.062-0500][gc,start       ] GC(24320) Pause Young (Normal) (G1 Evacuation Pause)
[2020-12-29T06:31:29.062-0500][gc,task        ] GC(24320) Using 8 workers of 8 for evacuation
[2020-12-29T06:31:29.066-0500][gc,phases      ] GC(24320)   Pre Evacuate Collection Set: 0.0ms
[2020-12-29T06:31:29.066-0500][gc,phases      ] GC(24320)   Evacuate Collection Set: 1.9ms
[2020-12-29T06:31:29.066-0500][gc,phases      ] GC(24320)   Post Evacuate Collection Set: 2.0ms
[2020-12-29T06:31:29.066-0500][gc,phases      ] GC(24320)   Other: 0.5ms
[2020-12-29T06:31:29.066-0500][gc,heap        ] GC(24320) Eden regions: 9->0(9)
[2020-12-29T06:31:29.066-0500][gc,heap        ] GC(24320) Survivor regions: 1->1(2)
[2020-12-29T06:31:29.066-0500][gc,heap        ] GC(24320) Old regions: 41->41
[2020-12-29T06:31:29.066-0500][gc,heap        ] GC(24320) Humongous regions: 4->4
[2020-12-29T06:31:29.066-0500][gc,metaspace   ] GC(24320) Metaspace: 50336K->50336K(1093632K)
[2020-12-29T06:31:29.066-0500][gc,heap        ] GC(24320) Heap after GC invocations=24321 (full 5639): garbage-first heap   total 64512K, used 43388K [0x0000000083000000, 0x0000000100000000)
[2020-12-29T06:31:29.066-0500][gc,heap        ] GC(24320)   region size 1024K, 1 young (1024K), 1 survivors (1024K)
[2020-12-29T06:31:29.066-0500][gc,heap        ] GC(24320)  Metaspace       used 50336K, capacity 52472K, committed 53888K, reserved 1093632K
[2020-12-29T06:31:29.066-0500][gc,heap        ] GC(24320)   class space    used 7457K, capacity 8250K, committed 8832K, reserved 1048576K
[2020-12-29T06:31:29.066-0500][gc             ] GC(24320) Pause Young (Normal) (G1 Evacuation Pause) 51M->42M(63M) 4.600ms
[2020-12-29T06:31:29.066-0500][gc,cpu         ] GC(24320) User=0.01s Sys=0.01s Real=0.00s
[2020-12-29T06:31:45.192-0500][gc,task        ] GC(24321) Using 5 workers of 8 for full compaction
[2020-12-29T06:31:45.192-0500][gc,start       ] GC(24321) Pause Full (System.gc())
[2020-12-29T06:31:45.192-0500][gc,heap        ] GC(24321) Heap before GC invocations=24321 (full 5639): garbage-first heap   total 64512K, used 44412K [0x0000000083000000, 0x0000000100000000)
[2020-12-29T06:31:45.192-0500][gc,heap        ] GC(24321)   region size 1024K, 3 young (3072K), 1 survivors (1024K)
[2020-12-29T06:31:45.192-0500][gc,heap        ] GC(24321)  Metaspace       used 50336K, capacity 52472K, committed 53888K, reserved 1093632K
[2020-12-29T06:31:45.192-0500][gc,heap        ] GC(24321)   class space    used 7457K, capacity 8250K, committed 8832K, reserved 1048576K
[2020-12-29T06:31:45.193-0500][gc,phases,start] GC(24321) Phase 1: Mark live objects
[2020-12-29T06:31:45.232-0500][gc,stringtable ] GC(24321) Cleaned string and symbol table, strings: 33323 processed, 4 removed, symbols: 120973 processed, 0 removed
[2020-12-29T06:31:45.232-0500][gc,phases      ] GC(24321) Phase 1: Mark live objects 38.613ms
[2020-12-29T06:31:45.232-0500][gc,phases,start] GC(24321) Phase 2: Prepare for compaction
[2020-12-29T06:31:45.237-0500][gc,phases      ] GC(24321) Phase 2: Prepare for compaction 5.377ms
[2020-12-29T06:31:45.237-0500][gc,phases,start] GC(24321) Phase 3: Adjust pointers
[2020-12-29T06:31:45.249-0500][gc,phases      ] GC(24321) Phase 3: Adjust pointers 11.870ms
[2020-12-29T06:31:45.249-0500][gc,phases,start] GC(24321) Phase 4: Compact heap
[2020-12-29T06:31:45.252-0500][gc,phases      ] GC(24321) Phase 4: Compact heap 2.545ms
[2020-12-29T06:31:45.256-0500][gc,heap        ] GC(24321) Eden regions: 2->0(9)
[2020-12-29T06:31:45.256-0500][gc,heap        ] GC(24321) Survivor regions: 1->0(2)
[2020-12-29T06:31:45.256-0500][gc,heap        ] GC(24321) Old regions: 41->42
[2020-12-29T06:31:45.256-0500][gc,heap        ] GC(24321) Humongous regions: 4->4
[2020-12-29T06:31:45.256-0500][gc,metaspace   ] GC(24321) Metaspace: 50336K->50336K(1093632K)
[2020-12-29T06:31:45.256-0500][gc,heap        ] GC(24321) Heap after GC invocations=24322 (full 5640): garbage-first heap   total 64512K, used 43330K [0x0000000083000000, 0x0000000100000000)
[2020-12-29T06:31:45.256-0500][gc,heap        ] GC(24321)   region size 1024K, 0 young (0K), 0 survivors (0K)
[2020-12-29T06:31:45.256-0500][gc,heap        ] GC(24321)  Metaspace       used 50336K, capacity 52472K, committed 53888K, reserved 1093632K
[2020-12-29T06:31:45.256-0500][gc,heap        ] GC(24321)   class space    used 7457K, capacity 8250K, committed 8832K, reserved 1048576K
[2020-12-29T06:31:45.256-0500][gc             ] GC(24321) Pause Full (System.gc()) 43M->42M(63M) 63.607ms
[2020-12-29T06:31:45.256-0500][gc,cpu         ] GC(24321) User=0.28s Sys=0.00s Real=0.06s
[2020-12-29T06:33:59.061-0500][gc,heap        ] GC(24322) Heap before GC invocations=24322 (full 5640): garbage-first heap   total 64512K, used 52546K [0x0000000083000000, 0x0000000100000000)
[2020-12-29T06:33:59.061-0500][gc,heap        ] GC(24322)   region size 1024K, 9 young (9216K), 0 survivors (0K)
[2020-12-29T06:33:59.061-0500][gc,heap        ] GC(24322)  Metaspace       used 50336K, capacity 52472K, committed 53888K, reserved 1093632K
[2020-12-29T06:33:59.061-0500][gc,heap        ] GC(24322)   class space    used 7457K, capacity 8250K, committed 8832K, reserved 1048576K
[2020-12-29T06:33:59.061-0500][gc,start       ] GC(24322) Pause Young (Concurrent Start) (G1 Evacuation Pause)
[2020-12-29T06:33:59.061-0500][gc,task        ] GC(24322) Using 8 workers of 8 for evacuation
[2020-12-29T06:33:59.063-0500][gc,phases      ] GC(24322)   Pre Evacuate Collection Set: 0.2ms
[2020-12-29T06:33:59.063-0500][gc,phases      ] GC(24322)   Evacuate Collection Set: 1.2ms
[2020-12-29T06:33:59.063-0500][gc,phases      ] GC(24322)   Post Evacuate Collection Set: 1.1ms
[2020-12-29T06:33:59.063-0500][gc,phases      ] GC(24322)   Other: 0.2ms
[2020-12-29T06:33:59.063-0500][gc,heap        ] GC(24322) Eden regions: 9->0(8)
[2020-12-29T06:33:59.063-0500][gc,heap        ] GC(24322) Survivor regions: 0->1(2)
[2020-12-29T06:33:59.063-0500][gc,heap        ] GC(24322) Old regions: 42->42
[2020-12-29T06:33:59.063-0500][gc,heap        ] GC(24322) Humongous regions: 4->4
[2020-12-29T06:33:59.063-0500][gc,metaspace   ] GC(24322) Metaspace: 50336K->50336K(1093632K)
[2020-12-29T06:33:59.063-0500][gc,heap        ] GC(24322) Heap after GC invocations=24323 (full 5640): garbage-first heap   total 64512K, used 43390K [0x0000000083000000, 0x0000000100000000)
[2020-12-29T06:33:59.063-0500][gc,heap        ] GC(24322)   region size 1024K, 1 young (1024K), 1 survivors (1024K)
[2020-12-29T06:33:59.063-0500][gc,heap        ] GC(24322)  Metaspace       used 50336K, capacity 52472K, committed 53888K, reserved 1093632K
[2020-12-29T06:33:59.063-0500][gc,heap        ] GC(24322)   class space    used 7457K, capacity 8250K, committed 8832K, reserved 1048576K
[2020-12-29T06:33:59.063-0500][gc             ] GC(24322) Pause Young (Concurrent Start) (G1 Evacuation Pause) 51M->42M(63M) 2.836ms
[2020-12-29T06:33:59.064-0500][gc,cpu         ] GC(24322) User=0.00s Sys=0.00s Real=0.00s
[2020-12-29T06:33:59.064-0500][gc             ] GC(24323) Concurrent Cycle
[2020-12-29T06:33:59.064-0500][gc,marking     ] GC(24323) Concurrent Clear Claimed Marks
[2020-12-29T06:33:59.064-0500][gc,marking     ] GC(24323) Concurrent Clear Claimed Marks 0.123ms
[2020-12-29T06:33:59.064-0500][gc,marking     ] GC(24323) Concurrent Scan Root Regions
[2020-12-29T06:33:59.065-0500][gc,marking     ] GC(24323) Concurrent Scan Root Regions 0.851ms
[2020-12-29T06:33:59.065-0500][gc,marking     ] GC(24323) Concurrent Mark (1691836.452s)
[2020-12-29T06:33:59.065-0500][gc,marking     ] GC(24323) Concurrent Mark From Roots
[2020-12-29T06:33:59.065-0500][gc,task        ] GC(24323) Using 2 workers of 2 for marking
[2020-12-29T06:33:59.106-0500][gc,marking     ] GC(24323) Concurrent Mark From Roots 41.570ms
[2020-12-29T06:33:59.106-0500][gc,marking     ] GC(24323) Concurrent Preclean
[2020-12-29T06:33:59.106-0500][gc,marking     ] GC(24323) Concurrent Preclean 0.151ms
[2020-12-29T06:33:59.106-0500][gc,marking     ] GC(24323) Concurrent Mark (1691836.452s, 1691836.494s) 41.800ms
[2020-12-29T06:33:59.107-0500][gc,start       ] GC(24323) Pause Remark
[2020-12-29T06:33:59.128-0500][gc,stringtable ] GC(24323) Cleaned string and symbol table, strings: 33323 processed, 0 removed, symbols: 120973 processed, 0 removed
[2020-12-29T06:33:59.138-0500][gc             ] GC(24323) Pause Remark 42M->42M(63M) 31.348ms
[2020-12-29T06:33:59.139-0500][gc,cpu         ] GC(24323) User=0.10s Sys=0.00s Real=0.04s
[2020-12-29T06:33:59.139-0500][gc,marking     ] GC(24323) Concurrent Rebuild Remembered Sets
[2020-12-29T06:33:59.173-0500][gc,marking     ] GC(24323) Concurrent Rebuild Remembered Sets 34.340ms
[2020-12-29T06:33:59.174-0500][gc,start       ] GC(24323) Pause Cleanup
[2020-12-29T06:33:59.174-0500][gc             ] GC(24323) Pause Cleanup 42M->42M(63M) 0.163ms
[2020-12-29T06:33:59.177-0500][gc,cpu         ] GC(24323) User=0.00s Sys=0.00s Real=0.00s
[2020-12-29T06:33:59.179-0500][gc,marking     ] GC(24323) Concurrent Cleanup for Next Mark
[2020-12-29T06:33:59.180-0500][gc,marking     ] GC(24323) Concurrent Cleanup for Next Mark 1.608ms
[2020-12-29T06:33:59.180-0500][gc             ] GC(24323) Concurrent Cycle 116.680ms
[2020-12-29T06:35:59.063-0500][gc,heap        ] GC(24324) Heap before GC invocations=24324 (full 5640): garbage-first heap   total 64512K, used 51582K [0x0000000083000000, 0x0000000100000000)
[2020-12-29T06:35:59.063-0500][gc,heap        ] GC(24324)   region size 1024K, 9 young (9216K), 1 survivors (1024K)
[2020-12-29T06:35:59.063-0500][gc,heap        ] GC(24324)  Metaspace       used 50336K, capacity 52472K, committed 53888K, reserved 1093632K
[2020-12-29T06:35:59.063-0500][gc,heap        ] GC(24324)   class space    used 7457K, capacity 8250K, committed 8832K, reserved 1048576K
[2020-12-29T06:35:59.063-0500][gc,start       ] GC(24324) Pause Young (Normal) (G1 Evacuation Pause)
[2020-12-29T06:35:59.063-0500][gc,task        ] GC(24324) Using 8 workers of 8 for evacuation
[2020-12-29T06:35:59.068-0500][gc,phases      ] GC(24324)   Pre Evacuate Collection Set: 0.0ms
[2020-12-29T06:35:59.068-0500][gc,phases      ] GC(24324)   Evacuate Collection Set: 2.4ms
[2020-12-29T06:35:59.068-0500][gc,phases      ] GC(24324)   Post Evacuate Collection Set: 2.2ms
[2020-12-29T06:35:59.068-0500][gc,phases      ] GC(24324)   Other: 0.4ms
[2020-12-29T06:35:59.068-0500][gc,heap        ] GC(24324) Eden regions: 8->0(9)
[2020-12-29T06:35:59.068-0500][gc,heap        ] GC(24324) Survivor regions: 1->1(2)
[2020-12-29T06:35:59.068-0500][gc,heap        ] GC(24324) Old regions: 41->41
[2020-12-29T06:35:59.068-0500][gc,heap        ] GC(24324) Humongous regions: 4->4
[2020-12-29T06:35:59.069-0500][gc,metaspace   ] GC(24324) Metaspace: 50336K->50336K(1093632K)
[2020-12-29T06:35:59.069-0500][gc,heap        ] GC(24324) Heap after GC invocations=24325 (full 5640): garbage-first heap   total 64512K, used 43397K [0x0000000083000000, 0x0000000100000000)
[2020-12-29T06:35:59.069-0500][gc,heap        ] GC(24324)   region size 1024K, 1 young (1024K), 1 survivors (1024K)
[2020-12-29T06:35:59.069-0500][gc,heap        ] GC(24324)  Metaspace       used 50336K, capacity 52472K, committed 53888K, reserved 1093632K
[2020-12-29T06:35:59.069-0500][gc,heap        ] GC(24324)   class space    used 7457K, capacity 8250K, committed 8832K, reserved 1048576K
[2020-12-29T06:35:59.069-0500][gc             ] GC(24324) Pause Young (Normal) (G1 Evacuation Pause) 50M->42M(63M) 5.266ms
[2020-12-29T06:35:59.069-0500][gc,cpu         ] GC(24324) User=0.01s Sys=0.01s Real=0.01s
[2020-12-29T06:36:45.192-0500][gc,task        ] GC(24325) Using 5 workers of 8 for full compaction
[2020-12-29T06:36:45.192-0500][gc,start       ] GC(24325) Pause Full (System.gc())
[2020-12-29T06:36:45.192-0500][gc,heap        ] GC(24325) Heap before GC invocations=24325 (full 5640): garbage-first heap   total 64512K, used 46469K [0x0000000083000000, 0x0000000100000000)
[2020-12-29T06:36:45.192-0500][gc,heap        ] GC(24325)   region size 1024K, 5 young (5120K), 1 survivors (1024K)
[2020-12-29T06:36:45.192-0500][gc,heap        ] GC(24325)  Metaspace       used 50336K, capacity 52472K, committed 53888K, reserved 1093632K
[2020-12-29T06:36:45.192-0500][gc,heap        ] GC(24325)   class space    used 7457K, capacity 8250K, committed 8832K, reserved 1048576K
[2020-12-29T06:36:45.193-0500][gc,phases,start] GC(24325) Phase 1: Mark live objects
[2020-12-29T06:36:45.232-0500][gc,stringtable ] GC(24325) Cleaned string and symbol table, strings: 33323 processed, 4 removed, symbols: 120973 processed, 0 removed
[2020-12-29T06:36:45.232-0500][gc,phases      ] GC(24325) Phase 1: Mark live objects 39.307ms
[2020-12-29T06:36:45.232-0500][gc,phases,start] GC(24325) Phase 2: Prepare for compaction
[2020-12-29T06:36:45.236-0500][gc,phases      ] GC(24325) Phase 2: Prepare for compaction 4.298ms
[2020-12-29T06:36:45.236-0500][gc,phases,start] GC(24325) Phase 3: Adjust pointers
[2020-12-29T06:36:45.248-0500][gc,phases      ] GC(24325) Phase 3: Adjust pointers 11.951ms
[2020-12-29T06:36:45.248-0500][gc,phases,start] GC(24325) Phase 4: Compact heap
[2020-12-29T06:36:45.251-0500][gc,phases      ] GC(24325) Phase 4: Compact heap 2.923ms
[2020-12-29T06:36:45.255-0500][gc,heap        ] GC(24325) Eden regions: 4->0(9)
[2020-12-29T06:36:45.255-0500][gc,heap        ] GC(24325) Survivor regions: 1->0(2)
[2020-12-29T06:36:45.255-0500][gc,heap        ] GC(24325) Old regions: 41->42
[2020-12-29T06:36:45.255-0500][gc,heap        ] GC(24325) Humongous regions: 4->4
[2020-12-29T06:36:45.255-0500][gc,metaspace   ] GC(24325) Metaspace: 50336K->50336K(1093632K)
[2020-12-29T06:36:45.255-0500][gc,heap        ] GC(24325) Heap after GC invocations=24326 (full 5641): garbage-first heap   total 64512K, used 43343K [0x0000000083000000, 0x0000000100000000)
[2020-12-29T06:36:45.255-0500][gc,heap        ] GC(24325)   region size 1024K, 0 young (0K), 0 survivors (0K)
[2020-12-29T06:36:45.255-0500][gc,heap        ] GC(24325)  Metaspace       used 50336K, capacity 52472K, committed 53888K, reserved 1093632K
[2020-12-29T06:36:45.255-0500][gc,heap        ] GC(24325)   class space    used 7457K, capacity 8250K, committed 8832K, reserved 1048576K
[2020-12-29T06:36:45.256-0500][gc             ] GC(24325) Pause Full (System.gc()) 45M->42M(63M) 63.419ms
[2020-12-29T06:36:45.256-0500][gc,cpu         ] GC(24325) User=0.27s Sys=0.00s Real=0.06s
[2020-12-29T06:38:56.454-0500][gc,heap        ] GC(24326) Heap before GC invocations=24326 (full 5641): garbage-first heap   total 64512K, used 51535K [0x0000000083000000, 0x0000000100000000)
[2020-12-29T06:38:56.454-0500][gc,heap        ] GC(24326)   region size 1024K, 9 young (9216K), 0 survivors (0K)
[2020-12-29T06:38:56.454-0500][gc,heap        ] GC(24326)  Metaspace       used 50336K, capacity 52472K, committed 53888K, reserved 1093632K
[2020-12-29T06:38:56.454-0500][gc,heap        ] GC(24326)   class space    used 7457K, capacity 8250K, committed 8832K, reserved 1048576K
[2020-12-29T06:38:56.454-0500][gc,start       ] GC(24326) Pause Young (Concurrent Start) (G1 Evacuation Pause)
[2020-12-29T06:38:56.454-0500][gc,task        ] GC(24326) Using 8 workers of 8 for evacuation
[2020-12-29T06:38:56.462-0500][gc,phases      ] GC(24326)   Pre Evacuate Collection Set: 0.3ms
[2020-12-29T06:38:56.462-0500][gc,phases      ] GC(24326)   Evacuate Collection Set: 3.8ms
[2020-12-29T06:38:56.462-0500][gc,phases      ] GC(24326)   Post Evacuate Collection Set: 3.3ms
[2020-12-29T06:38:56.462-0500][gc,phases      ] GC(24326)   Other: 0.6ms
[2020-12-29T06:38:56.462-0500][gc,heap        ] GC(24326) Eden regions: 9->0(8)
[2020-12-29T06:38:56.462-0500][gc,heap        ] GC(24326) Survivor regions: 0->1(2)
[2020-12-29T06:38:56.462-0500][gc,heap        ] GC(24326) Old regions: 42->42
[2020-12-29T06:38:56.462-0500][gc,heap        ] GC(24326) Humongous regions: 4->4
[2020-12-29T06:38:56.462-0500][gc,metaspace   ] GC(24326) Metaspace: 50336K->50336K(1093632K)
[2020-12-29T06:38:56.462-0500][gc,heap        ] GC(24326) Heap after GC invocations=24327 (full 5641): garbage-first heap   total 64512K, used 43408K [0x0000000083000000, 0x0000000100000000)
[2020-12-29T06:38:56.463-0500][gc,heap        ] GC(24326)   region size 1024K, 1 young (1024K), 1 survivors (1024K)
[2020-12-29T06:38:56.463-0500][gc,heap        ] GC(24326)  Metaspace       used 50336K, capacity 52472K, committed 53888K, reserved 1093632K
[2020-12-29T06:38:56.463-0500][gc,heap        ] GC(24326)   class space    used 7457K, capacity 8250K, committed 8832K, reserved 1048576K
[2020-12-29T06:38:56.463-0500][gc             ] GC(24326) Pause Young (Concurrent Start) (G1 Evacuation Pause) 51M->42M(63M) 8.218ms
[2020-12-29T06:38:56.463-0500][gc,cpu         ] GC(24326) User=0.02s Sys=0.01s Real=0.01s
[2020-12-29T06:38:56.463-0500][gc             ] GC(24327) Concurrent Cycle
[2020-12-29T06:38:56.463-0500][gc,marking     ] GC(24327) Concurrent Clear Claimed Marks
[2020-12-29T06:38:56.463-0500][gc,marking     ] GC(24327) Concurrent Clear Claimed Marks 0.201ms
[2020-12-29T06:38:56.463-0500][gc,marking     ] GC(24327) Concurrent Scan Root Regions
[2020-12-29T06:38:56.466-0500][gc,marking     ] GC(24327) Concurrent Scan Root Regions 2.603ms
[2020-12-29T06:38:56.466-0500][gc,marking     ] GC(24327) Concurrent Mark (1692133.853s)
[2020-12-29T06:38:56.466-0500][gc,marking     ] GC(24327) Concurrent Mark From Roots
[2020-12-29T06:38:56.466-0500][gc,task        ] GC(24327) Using 2 workers of 2 for marking
[2020-12-29T06:38:56.523-0500][gc,marking     ] GC(24327) Concurrent Mark From Roots 56.944ms
[2020-12-29T06:38:56.523-0500][gc,marking     ] GC(24327) Concurrent Preclean
[2020-12-29T06:38:56.523-0500][gc,marking     ] GC(24327) Concurrent Preclean 0.149ms
[2020-12-29T06:38:56.523-0500][gc,marking     ] GC(24327) Concurrent Mark (1692133.853s, 1692133.910s) 57.182ms
[2020-12-29T06:38:56.524-0500][gc,start       ] GC(24327) Pause Remark
[2020-12-29T06:38:56.528-0500][gc,stringtable ] GC(24327) Cleaned string and symbol table, strings: 33323 processed, 0 removed, symbols: 120973 processed, 0 removed
[2020-12-29T06:38:56.528-0500][gc             ] GC(24327) Pause Remark 42M->42M(63M) 4.805ms
[2020-12-29T06:38:56.529-0500][gc,cpu         ] GC(24327) User=0.02s Sys=0.00s Real=0.01s
[2020-12-29T06:38:56.529-0500][gc,marking     ] GC(24327) Concurrent Rebuild Remembered Sets
[2020-12-29T06:38:56.548-0500][gc,marking     ] GC(24327) Concurrent Rebuild Remembered Sets 19.137ms
[2020-12-29T06:38:56.548-0500][gc,start       ] GC(24327) Pause Cleanup
[2020-12-29T06:38:56.548-0500][gc             ] GC(24327) Pause Cleanup 42M->42M(63M) 0.173ms
[2020-12-29T06:38:56.548-0500][gc,cpu         ] GC(24327) User=0.00s Sys=0.00s Real=0.00s
[2020-12-29T06:38:56.548-0500][gc,marking     ] GC(24327) Concurrent Cleanup for Next Mark
[2020-12-29T06:38:56.549-0500][gc,marking     ] GC(24327) Concurrent Cleanup for Next Mark 0.204ms
[2020-12-29T06:38:56.549-0500][gc             ] GC(24327) Concurrent Cycle 85.390ms
[2020-12-29T06:40:57.659-0500][gc,heap        ] GC(24328) Heap before GC invocations=24328 (full 5641): garbage-first heap   total 64512K, used 50570K [0x0000000083000000, 0x0000000100000000)
[2020-12-29T06:40:57.659-0500][gc,heap        ] GC(24328)   region size 1024K, 9 young (9216K), 1 survivors (1024K)
[2020-12-29T06:40:57.660-0500][gc,heap        ] GC(24328)  Metaspace       used 50336K, capacity 52472K, committed 53888K, reserved 1093632K
[2020-12-29T06:40:57.660-0500][gc,heap        ] GC(24328)   class space    used 7457K, capacity 8250K, committed 8832K, reserved 1048576K
[2020-12-29T06:40:57.660-0500][gc,start       ] GC(24328) Pause Young (Normal) (G1 Evacuation Pause)
[2020-12-29T06:40:57.660-0500][gc,task        ] GC(24328) Using 8 workers of 8 for evacuation
[2020-12-29T06:40:57.665-0500][gc,phases      ] GC(24328)   Pre Evacuate Collection Set: 0.0ms
[2020-12-29T06:40:57.665-0500][gc,phases      ] GC(24328)   Evacuate Collection Set: 2.8ms
[2020-12-29T06:40:57.665-0500][gc,phases      ] GC(24328)   Post Evacuate Collection Set: 2.2ms
[2020-12-29T06:40:57.665-0500][gc,phases      ] GC(24328)   Other: 0.4ms
[2020-12-29T06:40:57.665-0500][gc,heap        ] GC(24328) Eden regions: 8->0(9)
[2020-12-29T06:40:57.665-0500][gc,heap        ] GC(24328) Survivor regions: 1->1(2)
[2020-12-29T06:40:57.665-0500][gc,heap        ] GC(24328) Old regions: 41->41
[2020-12-29T06:40:57.665-0500][gc,heap        ] GC(24328) Humongous regions: 4->4
[2020-12-29T06:40:57.665-0500][gc,metaspace   ] GC(24328) Metaspace: 50336K->50336K(1093632K)
[2020-12-29T06:40:57.665-0500][gc,heap        ] GC(24328) Heap after GC invocations=24329 (full 5641): garbage-first heap   total 64512K, used 43387K [0x0000000083000000, 0x0000000100000000)
[2020-12-29T06:40:57.665-0500][gc,heap        ] GC(24328)   region size 1024K, 1 young (1024K), 1 survivors (1024K)
[2020-12-29T06:40:57.665-0500][gc,heap        ] GC(24328)  Metaspace       used 50336K, capacity 52472K, committed 53888K, reserved 1093632K
[2020-12-29T06:40:57.666-0500][gc,heap        ] GC(24328)   class space    used 7457K, capacity 8250K, committed 8832K, reserved 1048576K
[2020-12-29T06:40:57.666-0500][gc             ] GC(24328) Pause Young (Normal) (G1 Evacuation Pause) 50M->42M(63M) 5.930ms
[2020-12-29T06:40:57.666-0500][gc,cpu         ] GC(24328) User=0.02s Sys=0.00s Real=0.00s
[2020-12-29T06:41:45.188-0500][gc,task        ] GC(24329) Using 5 workers of 8 for full compaction
[2020-12-29T06:41:45.188-0500][gc,start       ] GC(24329) Pause Full (System.gc())
[2020-12-29T06:41:45.188-0500][gc,heap        ] GC(24329) Heap before GC invocations=24329 (full 5641): garbage-first heap   total 64512K, used 46459K [0x0000000083000000, 0x0000000100000000)
[2020-12-29T06:41:45.188-0500][gc,heap        ] GC(24329)   region size 1024K, 5 young (5120K), 1 survivors (1024K)
[2020-12-29T06:41:45.188-0500][gc,heap        ] GC(24329)  Metaspace       used 50336K, capacity 52472K, committed 53888K, reserved 1093632K
[2020-12-29T06:41:45.188-0500][gc,heap        ] GC(24329)   class space    used 7457K, capacity 8250K, committed 8832K, reserved 1048576K
[2020-12-29T06:41:45.189-0500][gc,phases,start] GC(24329) Phase 1: Mark live objects
[2020-12-29T06:41:45.214-0500][gc,stringtable ] GC(24329) Cleaned string and symbol table, strings: 33323 processed, 4 removed, symbols: 120973 processed, 0 removed
[2020-12-29T06:41:45.214-0500][gc,phases      ] GC(24329) Phase 1: Mark live objects 24.896ms
[2020-12-29T06:41:45.214-0500][gc,phases,start] GC(24329) Phase 2: Prepare for compaction
[2020-12-29T06:41:45.219-0500][gc,phases      ] GC(24329) Phase 2: Prepare for compaction 5.821ms
[2020-12-29T06:41:45.219-0500][gc,phases,start] GC(24329) Phase 3: Adjust pointers
[2020-12-29T06:41:45.230-0500][gc,phases      ] GC(24329) Phase 3: Adjust pointers 10.157ms
[2020-12-29T06:41:45.230-0500][gc,phases,start] GC(24329) Phase 4: Compact heap
[2020-12-29T06:41:45.232-0500][gc,phases      ] GC(24329) Phase 4: Compact heap 2.747ms
[2020-12-29T06:41:45.237-0500][gc,heap        ] GC(24329) Eden regions: 4->0(9)
[2020-12-29T06:41:45.237-0500][gc,heap        ] GC(24329) Survivor regions: 1->0(2)
[2020-12-29T06:41:45.237-0500][gc,heap        ] GC(24329) Old regions: 41->42
[2020-12-29T06:41:45.237-0500][gc,heap        ] GC(24329) Humongous regions: 4->4
[2020-12-29T06:41:45.237-0500][gc,metaspace   ] GC(24329) Metaspace: 50336K->50336K(1093632K)
[2020-12-29T06:41:45.237-0500][gc,heap        ] GC(24329) Heap after GC invocations=24330 (full 5642): garbage-first heap   total 64512K, used 43340K [0x0000000083000000, 0x0000000100000000)
[2020-12-29T06:41:45.237-0500][gc,heap        ] GC(24329)   region size 1024K, 0 young (0K), 0 survivors (0K)
[2020-12-29T06:41:45.237-0500][gc,heap        ] GC(24329)  Metaspace       used 50336K, capacity 52472K, committed 53888K, reserved 1093632K
[2020-12-29T06:41:45.237-0500][gc,heap        ] GC(24329)   class space    used 7457K, capacity 8250K, committed 8832K, reserved 1048576K
[2020-12-29T06:41:45.237-0500][gc             ] GC(24329) Pause Full (System.gc()) 45M->42M(63M) 48.353ms
[2020-12-29T06:41:45.237-0500][gc,cpu         ] GC(24329) User=0.20s Sys=0.00s Real=0.04s
[2020-12-29T06:43:59.066-0500][gc,heap        ] GC(24330) Heap before GC invocations=24330 (full 5642): garbage-first heap   total 64512K, used 51532K [0x0000000083000000, 0x0000000100000000)
[2020-12-29T06:43:59.066-0500][gc,heap        ] GC(24330)   region size 1024K, 9 young (9216K), 0 survivors (0K)
[2020-12-29T06:43:59.066-0500][gc,heap        ] GC(24330)  Metaspace       used 50336K, capacity 52472K, committed 53888K, reserved 1093632K
[2020-12-29T06:43:59.066-0500][gc,heap        ] GC(24330)   class space    used 7457K, capacity 8250K, committed 8832K, reserved 1048576K
[2020-12-29T06:43:59.066-0500][gc,start       ] GC(24330) Pause Young (Concurrent Start) (G1 Evacuation Pause)
[2020-12-29T06:43:59.066-0500][gc,task        ] GC(24330) Using 8 workers of 8 for evacuation
[2020-12-29T06:43:59.072-0500][gc,phases      ] GC(24330)   Pre Evacuate Collection Set: 0.3ms
[2020-12-29T06:43:59.072-0500][gc,phases      ] GC(24330)   Evacuate Collection Set: 3.3ms
[2020-12-29T06:43:59.072-0500][gc,phases      ] GC(24330)   Post Evacuate Collection Set: 2.4ms
[2020-12-29T06:43:59.072-0500][gc,phases      ] GC(24330)   Other: 0.6ms
[2020-12-29T06:43:59.072-0500][gc,heap        ] GC(24330) Eden regions: 9->0(8)
[2020-12-29T06:43:59.072-0500][gc,heap        ] GC(24330) Survivor regions: 0->1(2)
[2020-12-29T06:43:59.073-0500][gc,heap        ] GC(24330) Old regions: 42->42
[2020-12-29T06:43:59.073-0500][gc,heap        ] GC(24330) Humongous regions: 4->4
[2020-12-29T06:43:59.073-0500][gc,metaspace   ] GC(24330) Metaspace: 50336K->50336K(1093632K)
[2020-12-29T06:43:59.073-0500][gc,heap        ] GC(24330) Heap after GC invocations=24331 (full 5642): garbage-first heap   total 64512K, used 43423K [0x0000000083000000, 0x0000000100000000)
[2020-12-29T06:43:59.073-0500][gc,heap        ] GC(24330)   region size 1024K, 1 young (1024K), 1 survivors (1024K)
[2020-12-29T06:43:59.073-0500][gc,heap        ] GC(24330)  Metaspace       used 50336K, capacity 52472K, committed 53888K, reserved 1093632K
[2020-12-29T06:43:59.073-0500][gc,heap        ] GC(24330)   class space    used 7457K, capacity 8250K, committed 8832K, reserved 1048576K
[2020-12-29T06:43:59.073-0500][gc             ] GC(24330) Pause Young (Concurrent Start) (G1 Evacuation Pause) 51M->42M(63M) 6.796ms
[2020-12-29T06:43:59.073-0500][gc,cpu         ] GC(24330) User=0.01s Sys=0.01s Real=0.01s
[2020-12-29T06:43:59.073-0500][gc             ] GC(24331) Concurrent Cycle
[2020-12-29T06:43:59.073-0500][gc,marking     ] GC(24331) Concurrent Clear Claimed Marks
[2020-12-29T06:43:59.073-0500][gc,marking     ] GC(24331) Concurrent Clear Claimed Marks 0.147ms
[2020-12-29T06:43:59.073-0500][gc,marking     ] GC(24331) Concurrent Scan Root Regions
[2020-12-29T06:43:59.076-0500][gc,marking     ] GC(24331) Concurrent Scan Root Regions 2.040ms
[2020-12-29T06:43:59.076-0500][gc,marking     ] GC(24331) Concurrent Mark (1692436.463s)
[2020-12-29T06:43:59.076-0500][gc,marking     ] GC(24331) Concurrent Mark From Roots
[2020-12-29T06:43:59.076-0500][gc,task        ] GC(24331) Using 2 workers of 2 for marking
[2020-12-29T06:43:59.137-0500][gc,marking     ] GC(24331) Concurrent Mark From Roots 61.036ms
[2020-12-29T06:43:59.137-0500][gc,marking     ] GC(24331) Concurrent Preclean
[2020-12-29T06:43:59.137-0500][gc,marking     ] GC(24331) Concurrent Preclean 0.150ms
[2020-12-29T06:43:59.137-0500][gc,marking     ] GC(24331) Concurrent Mark (1692436.463s, 1692436.524s) 61.314ms
[2020-12-29T06:43:59.137-0500][gc,start       ] GC(24331) Pause Remark
[2020-12-29T06:43:59.141-0500][gc,stringtable ] GC(24331) Cleaned string and symbol table, strings: 33323 processed, 0 removed, symbols: 120973 processed, 0 removed
[2020-12-29T06:43:59.142-0500][gc             ] GC(24331) Pause Remark 42M->42M(63M) 4.704ms
[2020-12-29T06:43:59.142-0500][gc,cpu         ] GC(24331) User=0.02s Sys=0.00s Real=0.01s
[2020-12-29T06:43:59.142-0500][gc,marking     ] GC(24331) Concurrent Rebuild Remembered Sets
[2020-12-29T06:43:59.159-0500][gc,marking     ] GC(24331) Concurrent Rebuild Remembered Sets 17.473ms
[2020-12-29T06:43:59.160-0500][gc,start       ] GC(24331) Pause Cleanup
[2020-12-29T06:43:59.160-0500][gc             ] GC(24331) Pause Cleanup 42M->42M(63M) 0.215ms
[2020-12-29T06:43:59.160-0500][gc,cpu         ] GC(24331) User=0.01s Sys=0.00s Real=0.00s
[2020-12-29T06:43:59.160-0500][gc,marking     ] GC(24331) Concurrent Cleanup for Next Mark
[2020-12-29T06:43:59.161-0500][gc,marking     ] GC(24331) Concurrent Cleanup for Next Mark 0.222ms
[2020-12-29T06:43:59.161-0500][gc             ] GC(24331) Concurrent Cycle 87.333ms
[2020-12-29T06:45:59.067-0500][gc,heap        ] GC(24332) Heap before GC invocations=24332 (full 5642): garbage-first heap   total 64512K, used 51614K [0x0000000083000000, 0x0000000100000000)
[2020-12-29T06:45:59.067-0500][gc,heap        ] GC(24332)   region size 1024K, 9 young (9216K), 1 survivors (1024K)
[2020-12-29T06:45:59.067-0500][gc,heap        ] GC(24332)  Metaspace       used 50336K, capacity 52472K, committed 53888K, reserved 1093632K
[2020-12-29T06:45:59.067-0500][gc,heap        ] GC(24332)   class space    used 7457K, capacity 8250K, committed 8832K, reserved 1048576K
[2020-12-29T06:45:59.067-0500][gc,start       ] GC(24332) Pause Young (Normal) (G1 Evacuation Pause)
[2020-12-29T06:45:59.067-0500][gc,task        ] GC(24332) Using 8 workers of 8 for evacuation
[2020-12-29T06:45:59.073-0500][gc,phases      ] GC(24332)   Pre Evacuate Collection Set: 0.0ms
[2020-12-29T06:45:59.073-0500][gc,phases      ] GC(24332)   Evacuate Collection Set: 2.0ms
[2020-12-29T06:45:59.073-0500][gc,phases      ] GC(24332)   Post Evacuate Collection Set: 3.6ms
[2020-12-29T06:45:59.073-0500][gc,phases      ] GC(24332)   Other: 0.7ms
[2020-12-29T06:45:59.073-0500][gc,heap        ] GC(24332) Eden regions: 8->0(9)
[2020-12-29T06:45:59.073-0500][gc,heap        ] GC(24332) Survivor regions: 1->1(2)
[2020-12-29T06:45:59.074-0500][gc,heap        ] GC(24332) Old regions: 41->41
[2020-12-29T06:45:59.074-0500][gc,heap        ] GC(24332) Humongous regions: 4->4
[2020-12-29T06:45:59.074-0500][gc,metaspace   ] GC(24332) Metaspace: 50336K->50336K(1093632K)
[2020-12-29T06:45:59.074-0500][gc,heap        ] GC(24332) Heap after GC invocations=24333 (full 5642): garbage-first heap   total 64512K, used 43392K [0x0000000083000000, 0x0000000100000000)
[2020-12-29T06:45:59.074-0500][gc,heap        ] GC(24332)   region size 1024K, 1 young (1024K), 1 survivors (1024K)
[2020-12-29T06:45:59.074-0500][gc,heap        ] GC(24332)  Metaspace       used 50336K, capacity 52472K, committed 53888K, reserved 1093632K
[2020-12-29T06:45:59.074-0500][gc,heap        ] GC(24332)   class space    used 7457K, capacity 8250K, committed 8832K, reserved 1048576K
[2020-12-29T06:45:59.074-0500][gc             ] GC(24332) Pause Young (Normal) (G1 Evacuation Pause) 50M->42M(63M) 6.379ms
[2020-12-29T06:45:59.074-0500][gc,cpu         ] GC(24332) User=0.01s Sys=0.01s Real=0.01s
[2020-12-29T06:46:45.191-0500][gc,task        ] GC(24333) Using 5 workers of 8 for full compaction
[2020-12-29T06:46:45.191-0500][gc,start       ] GC(24333) Pause Full (System.gc())
[2020-12-29T06:46:45.191-0500][gc,heap        ] GC(24333) Heap before GC invocations=24333 (full 5642): garbage-first heap   total 64512K, used 45440K [0x0000000083000000, 0x0000000100000000)
[2020-12-29T06:46:45.191-0500][gc,heap        ] GC(24333)   region size 1024K, 4 young (4096K), 1 survivors (1024K)
[2020-12-29T06:46:45.191-0500][gc,heap        ] GC(24333)  Metaspace       used 50336K, capacity 52472K, committed 53888K, reserved 1093632K
[2020-12-29T06:46:45.191-0500][gc,heap        ] GC(24333)   class space    used 7457K, capacity 8250K, committed 8832K, reserved 1048576K
[2020-12-29T06:46:45.192-0500][gc,phases,start] GC(24333) Phase 1: Mark live objects
[2020-12-29T06:46:45.231-0500][gc,stringtable ] GC(24333) Cleaned string and symbol table, strings: 33323 processed, 4 removed, symbols: 120973 processed, 0 removed
[2020-12-29T06:46:45.231-0500][gc,phases      ] GC(24333) Phase 1: Mark live objects 38.795ms
[2020-12-29T06:46:45.231-0500][gc,phases,start] GC(24333) Phase 2: Prepare for compaction
[2020-12-29T06:46:45.234-0500][gc,phases      ] GC(24333) Phase 2: Prepare for compaction 2.964ms
[2020-12-29T06:46:45.234-0500][gc,phases,start] GC(24333) Phase 3: Adjust pointers
[2020-12-29T06:46:45.243-0500][gc,phases      ] GC(24333) Phase 3: Adjust pointers 9.635ms
[2020-12-29T06:46:45.243-0500][gc,phases,start] GC(24333) Phase 4: Compact heap
[2020-12-29T06:46:45.246-0500][gc,phases      ] GC(24333) Phase 4: Compact heap 2.661ms
[2020-12-29T06:46:45.250-0500][gc,heap        ] GC(24333) Eden regions: 3->0(10)
[2020-12-29T06:46:45.250-0500][gc,heap        ] GC(24333) Survivor regions: 1->0(2)
[2020-12-29T06:46:45.250-0500][gc,heap        ] GC(24333) Old regions: 41->41
[2020-12-29T06:46:45.250-0500][gc,heap        ] GC(24333) Humongous regions: 4->4
[2020-12-29T06:46:45.250-0500][gc,metaspace   ] GC(24333) Metaspace: 50336K->50336K(1093632K)
[2020-12-29T06:46:45.250-0500][gc,heap        ] GC(24333) Heap after GC invocations=24334 (full 5643): garbage-first heap   total 64512K, used 43341K [0x0000000083000000, 0x0000000100000000)
[2020-12-29T06:46:45.250-0500][gc,heap        ] GC(24333)   region size 1024K, 0 young (0K), 0 survivors (0K)
[2020-12-29T06:46:45.250-0500][gc,heap        ] GC(24333)  Metaspace       used 50336K, capacity 52472K, committed 53888K, reserved 1093632K
[2020-12-29T06:46:45.250-0500][gc,heap        ] GC(24333)   class space    used 7457K, capacity 8250K, committed 8832K, reserved 1048576K
[2020-12-29T06:46:45.250-0500][gc             ] GC(24333) Pause Full (System.gc()) 45M->42M(63M) 58.841ms
[2020-12-29T06:46:45.250-0500][gc,cpu         ] GC(24333) User=0.25s Sys=0.00s Real=0.06s
[2020-12-29T06:49:09.901-0500][gc,heap        ] GC(24334) Heap before GC invocations=24334 (full 5643): garbage-first heap   total 64512K, used 53581K [0x0000000083000000, 0x0000000100000000)
[2020-12-29T06:49:09.901-0500][gc,heap        ] GC(24334)   region size 1024K, 10 young (10240K), 0 survivors (0K)
[2020-12-29T06:49:09.901-0500][gc,heap        ] GC(24334)  Metaspace       used 50336K, capacity 52472K, committed 53888K, reserved 1093632K
[2020-12-29T06:49:09.901-0500][gc,heap        ] GC(24334)   class space    used 7457K, capacity 8250K, committed 8832K, reserved 1048576K
[2020-12-29T06:49:09.901-0500][gc,start       ] GC(24334) Pause Young (Concurrent Start) (G1 Evacuation Pause)
[2020-12-29T06:49:09.901-0500][gc,task        ] GC(24334) Using 8 workers of 8 for evacuation
[2020-12-29T06:49:09.935-0500][gc,phases      ] GC(24334)   Pre Evacuate Collection Set: 0.2ms
[2020-12-29T06:49:09.935-0500][gc,phases      ] GC(24334)   Evacuate Collection Set: 32.4ms
[2020-12-29T06:49:09.935-0500][gc,phases      ] GC(24334)   Post Evacuate Collection Set: 1.2ms
[2020-12-29T06:49:09.935-0500][gc,phases      ] GC(24334)   Other: 0.3ms
[2020-12-29T06:49:09.935-0500][gc,heap        ] GC(24334) Eden regions: 10->0(9)
[2020-12-29T06:49:09.935-0500][gc,heap        ] GC(24334) Survivor regions: 0->1(2)
[2020-12-29T06:49:09.935-0500][gc,heap        ] GC(24334) Old regions: 41->41
[2020-12-29T06:49:09.935-0500][gc,heap        ] GC(24334) Humongous regions: 4->4
[2020-12-29T06:49:09.935-0500][gc,metaspace   ] GC(24334) Metaspace: 50336K->50336K(1093632K)
[2020-12-29T06:49:09.935-0500][gc,heap        ] GC(24334) Heap after GC invocations=24335 (full 5643): garbage-first heap   total 64512K, used 43409K [0x0000000083000000, 0x0000000100000000)
[2020-12-29T06:49:09.935-0500][gc,heap        ] GC(24334)   region size 1024K, 1 young (1024K), 1 survivors (1024K)
[2020-12-29T06:49:09.935-0500][gc,heap        ] GC(24334)  Metaspace       used 50336K, capacity 52472K, committed 53888K, reserved 1093632K
[2020-12-29T06:49:09.935-0500][gc,heap        ] GC(24334)   class space    used 7457K, capacity 8250K, committed 8832K, reserved 1048576K
[2020-12-29T06:49:09.935-0500][gc             ] GC(24334) Pause Young (Concurrent Start) (G1 Evacuation Pause) 52M->42M(63M) 34.209ms
[2020-12-29T06:49:09.935-0500][gc,cpu         ] GC(24334) User=0.23s Sys=0.00s Real=0.03s
[2020-12-29T06:49:09.935-0500][gc             ] GC(24335) Concurrent Cycle
[2020-12-29T06:49:09.935-0500][gc,marking     ] GC(24335) Concurrent Clear Claimed Marks
[2020-12-29T06:49:09.936-0500][gc,marking     ] GC(24335) Concurrent Clear Claimed Marks 0.173ms
[2020-12-29T06:49:09.936-0500][gc,marking     ] GC(24335) Concurrent Scan Root Regions
[2020-12-29T06:49:09.936-0500][gc,marking     ] GC(24335) Concurrent Scan Root Regions 0.676ms
[2020-12-29T06:49:09.936-0500][gc,marking     ] GC(24335) Concurrent Mark (1692747.323s)
[2020-12-29T06:49:09.936-0500][gc,marking     ] GC(24335) Concurrent Mark From Roots
[2020-12-29T06:49:09.936-0500][gc,task        ] GC(24335) Using 2 workers of 2 for marking
[2020-12-29T06:49:09.976-0500][gc,marking     ] GC(24335) Concurrent Mark From Roots 40.012ms
[2020-12-29T06:49:09.976-0500][gc,marking     ] GC(24335) Concurrent Preclean
[2020-12-29T06:49:09.977-0500][gc,marking     ] GC(24335) Concurrent Preclean 0.157ms
[2020-12-29T06:49:09.977-0500][gc,marking     ] GC(24335) Concurrent Mark (1692747.323s, 1692747.364s) 40.254ms
[2020-12-29T06:49:09.977-0500][gc,start       ] GC(24335) Pause Remark
[2020-12-29T06:49:09.981-0500][gc,stringtable ] GC(24335) Cleaned string and symbol table, strings: 33323 processed, 0 removed, symbols: 120973 processed, 0 removed
[2020-12-29T06:49:09.982-0500][gc             ] GC(24335) Pause Remark 42M->42M(63M) 4.863ms
[2020-12-29T06:49:09.982-0500][gc,cpu         ] GC(24335) User=0.03s Sys=0.00s Real=0.01s
[2020-12-29T06:49:09.982-0500][gc,marking     ] GC(24335) Concurrent Rebuild Remembered Sets
[2020-12-29T06:49:10.002-0500][gc,marking     ] GC(24335) Concurrent Rebuild Remembered Sets 19.824ms
[2020-12-29T06:49:10.002-0500][gc,start       ] GC(24335) Pause Cleanup
[2020-12-29T06:49:10.002-0500][gc             ] GC(24335) Pause Cleanup 42M->42M(63M) 0.202ms
[2020-12-29T06:49:10.002-0500][gc,cpu         ] GC(24335) User=0.01s Sys=0.00s Real=0.00s
[2020-12-29T06:49:10.002-0500][gc,marking     ] GC(24335) Concurrent Cleanup for Next Mark
[2020-12-29T06:49:10.002-0500][gc,marking     ] GC(24335) Concurrent Cleanup for Next Mark 0.208ms
[2020-12-29T06:49:10.003-0500][gc             ] GC(24335) Concurrent Cycle 67.146ms
[2020-12-29T06:51:26.593-0500][gc,heap        ] GC(24336) Heap before GC invocations=24336 (full 5643): garbage-first heap   total 64512K, used 51601K [0x0000000083000000, 0x0000000100000000)
[2020-12-29T06:51:26.593-0500][gc,heap        ] GC(24336)   region size 1024K, 10 young (10240K), 1 survivors (1024K)
[2020-12-29T06:51:26.593-0500][gc,heap        ] GC(24336)  Metaspace       used 50336K, capacity 52472K, committed 53888K, reserved 1093632K
[2020-12-29T06:51:26.593-0500][gc,heap        ] GC(24336)   class space    used 7457K, capacity 8250K, committed 8832K, reserved 1048576K
[2020-12-29T06:51:26.593-0500][gc,start       ] GC(24336) Pause Young (Normal) (G1 Evacuation Pause)
[2020-12-29T06:51:26.593-0500][gc,task        ] GC(24336) Using 8 workers of 8 for evacuation
[2020-12-29T06:51:26.595-0500][gc,phases      ] GC(24336)   Pre Evacuate Collection Set: 0.0ms
[2020-12-29T06:51:26.595-0500][gc,phases      ] GC(24336)   Evacuate Collection Set: 1.0ms
[2020-12-29T06:51:26.595-0500][gc,phases      ] GC(24336)   Post Evacuate Collection Set: 1.0ms
[2020-12-29T06:51:26.595-0500][gc,phases      ] GC(24336)   Other: 0.3ms
[2020-12-29T06:51:26.595-0500][gc,heap        ] GC(24336) Eden regions: 9->0(9)
[2020-12-29T06:51:26.595-0500][gc,heap        ] GC(24336) Survivor regions: 1->1(2)
[2020-12-29T06:51:26.595-0500][gc,heap        ] GC(24336) Old regions: 41->41
[2020-12-29T06:51:26.596-0500][gc,heap        ] GC(24336) Humongous regions: 4->4
[2020-12-29T06:51:26.596-0500][gc,metaspace   ] GC(24336) Metaspace: 50336K->50336K(1093632K)
[2020-12-29T06:51:26.596-0500][gc,heap        ] GC(24336) Heap after GC invocations=24337 (full 5643): garbage-first heap   total 64512K, used 43400K [0x0000000083000000, 0x0000000100000000)
[2020-12-29T06:51:26.596-0500][gc,heap        ] GC(24336)   region size 1024K, 1 young (1024K), 1 survivors (1024K)
[2020-12-29T06:51:26.596-0500][gc,heap        ] GC(24336)  Metaspace       used 50336K, capacity 52472K, committed 53888K, reserved 1093632K
[2020-12-29T06:51:26.596-0500][gc,heap        ] GC(24336)   class space    used 7457K, capacity 8250K, committed 8832K, reserved 1048576K
[2020-12-29T06:51:26.596-0500][gc             ] GC(24336) Pause Young (Normal) (G1 Evacuation Pause) 51M->42M(63M) 2.320ms
[2020-12-29T06:51:26.596-0500][gc,cpu         ] GC(24336) User=0.00s Sys=0.00s Real=0.00s
[2020-12-29T06:51:45.189-0500][gc,task        ] GC(24337) Using 5 workers of 8 for full compaction
[2020-12-29T06:51:45.190-0500][gc,start       ] GC(24337) Pause Full (System.gc())
[2020-12-29T06:51:45.190-0500][gc,heap        ] GC(24337) Heap before GC invocations=24337 (full 5643): garbage-first heap   total 64512K, used 44424K [0x0000000083000000, 0x0000000100000000)
[2020-12-29T06:51:45.190-0500][gc,heap        ] GC(24337)   region size 1024K, 3 young (3072K), 1 survivors (1024K)
[2020-12-29T06:51:45.190-0500][gc,heap        ] GC(24337)  Metaspace       used 50336K, capacity 52472K, committed 53888K, reserved 1093632K
[2020-12-29T06:51:45.190-0500][gc,heap        ] GC(24337)   class space    used 7457K, capacity 8250K, committed 8832K, reserved 1048576K
[2020-12-29T06:51:45.190-0500][gc,phases,start] GC(24337) Phase 1: Mark live objects
[2020-12-29T06:51:45.212-0500][gc,stringtable ] GC(24337) Cleaned string and symbol table, strings: 33323 processed, 4 removed, symbols: 120973 processed, 0 removed
[2020-12-29T06:51:45.212-0500][gc,phases      ] GC(24337) Phase 1: Mark live objects 22.289ms
[2020-12-29T06:51:45.212-0500][gc,phases,start] GC(24337) Phase 2: Prepare for compaction
[2020-12-29T06:51:45.216-0500][gc,phases      ] GC(24337) Phase 2: Prepare for compaction 3.703ms
[2020-12-29T06:51:45.216-0500][gc,phases,start] GC(24337) Phase 3: Adjust pointers
[2020-12-29T06:51:45.226-0500][gc,phases      ] GC(24337) Phase 3: Adjust pointers 10.111ms
[2020-12-29T06:51:45.226-0500][gc,phases,start] GC(24337) Phase 4: Compact heap
[2020-12-29T06:51:45.230-0500][gc,phases      ] GC(24337) Phase 4: Compact heap 3.122ms
[2020-12-29T06:51:45.235-0500][gc,heap        ] GC(24337) Eden regions: 2->0(10)
[2020-12-29T06:51:45.235-0500][gc,heap        ] GC(24337) Survivor regions: 1->0(2)
[2020-12-29T06:51:45.235-0500][gc,heap        ] GC(24337) Old regions: 41->41
[2020-12-29T06:51:45.235-0500][gc,heap        ] GC(24337) Humongous regions: 4->4
[2020-12-29T06:51:45.235-0500][gc,metaspace   ] GC(24337) Metaspace: 50336K->50336K(1093632K)
[2020-12-29T06:51:45.235-0500][gc,heap        ] GC(24337) Heap after GC invocations=24338 (full 5644): garbage-first heap   total 64512K, used 43330K [0x0000000083000000, 0x0000000100000000)
[2020-12-29T06:51:45.235-0500][gc,heap        ] GC(24337)   region size 1024K, 0 young (0K), 0 survivors (0K)
[2020-12-29T06:51:45.235-0500][gc,heap        ] GC(24337)  Metaspace       used 50336K, capacity 52472K, committed 53888K, reserved 1093632K
[2020-12-29T06:51:45.235-0500][gc,heap        ] GC(24337)   class space    used 7457K, capacity 8250K, committed 8832K, reserved 1048576K
[2020-12-29T06:51:45.235-0500][gc             ] GC(24337) Pause Full (System.gc()) 43M->42M(63M) 45.348ms
[2020-12-29T06:51:45.235-0500][gc,cpu         ] GC(24337) User=0.19s Sys=0.00s Real=0.04s
[2020-12-29T06:54:09.062-0500][gc,heap        ] GC(24338) Heap before GC invocations=24338 (full 5644): garbage-first heap   total 64512K, used 53570K [0x0000000083000000, 0x0000000100000000)
[2020-12-29T06:54:09.062-0500][gc,heap        ] GC(24338)   region size 1024K, 10 young (10240K), 0 survivors (0K)
[2020-12-29T06:54:09.062-0500][gc,heap        ] GC(24338)  Metaspace       used 50336K, capacity 52472K, committed 53888K, reserved 1093632K
[2020-12-29T06:54:09.062-0500][gc,heap        ] GC(24338)   class space    used 7457K, capacity 8250K, committed 8832K, reserved 1048576K
[2020-12-29T06:54:09.062-0500][gc,start       ] GC(24338) Pause Young (Concurrent Start) (G1 Evacuation Pause)
[2020-12-29T06:54:09.062-0500][gc,task        ] GC(24338) Using 8 workers of 8 for evacuation
[2020-12-29T06:54:09.066-0500][gc,phases      ] GC(24338)   Pre Evacuate Collection Set: 0.2ms
[2020-12-29T06:54:09.066-0500][gc,phases      ] GC(24338)   Evacuate Collection Set: 1.7ms
[2020-12-29T06:54:09.066-0500][gc,phases      ] GC(24338)   Post Evacuate Collection Set: 1.5ms
[2020-12-29T06:54:09.066-0500][gc,phases      ] GC(24338)   Other: 0.3ms
[2020-12-29T06:54:09.066-0500][gc,heap        ] GC(24338) Eden regions: 10->0(9)
[2020-12-29T06:54:09.066-0500][gc,heap        ] GC(24338) Survivor regions: 0->1(2)
[2020-12-29T06:54:09.066-0500][gc,heap        ] GC(24338) Old regions: 41->41
[2020-12-29T06:54:09.066-0500][gc,heap        ] GC(24338) Humongous regions: 4->4
[2020-12-29T06:54:09.066-0500][gc,metaspace   ] GC(24338) Metaspace: 50336K->50336K(1093632K)
[2020-12-29T06:54:09.066-0500][gc,heap        ] GC(24338) Heap after GC invocations=24339 (full 5644): garbage-first heap   total 64512K, used 43432K [0x0000000083000000, 0x0000000100000000)
[2020-12-29T06:54:09.066-0500][gc,heap        ] GC(24338)   region size 1024K, 1 young (1024K), 1 survivors (1024K)
[2020-12-29T06:54:09.066-0500][gc,heap        ] GC(24338)  Metaspace       used 50336K, capacity 52472K, committed 53888K, reserved 1093632K
[2020-12-29T06:54:09.066-0500][gc,heap        ] GC(24338)   class space    used 7457K, capacity 8250K, committed 8832K, reserved 1048576K
[2020-12-29T06:54:09.066-0500][gc             ] GC(24338) Pause Young (Concurrent Start) (G1 Evacuation Pause) 52M->42M(63M) 3.827ms
[2020-12-29T06:54:09.066-0500][gc,cpu         ] GC(24338) User=0.01s Sys=0.01s Real=0.00s
[2020-12-29T06:54:09.066-0500][gc             ] GC(24339) Concurrent Cycle
[2020-12-29T06:54:09.066-0500][gc,marking     ] GC(24339) Concurrent Clear Claimed Marks
[2020-12-29T06:54:09.066-0500][gc,marking     ] GC(24339) Concurrent Clear Claimed Marks 0.075ms
[2020-12-29T06:54:09.066-0500][gc,marking     ] GC(24339) Concurrent Scan Root Regions
[2020-12-29T06:54:09.067-0500][gc,marking     ] GC(24339) Concurrent Scan Root Regions 1.016ms
[2020-12-29T06:54:09.068-0500][gc,marking     ] GC(24339) Concurrent Mark (1693046.455s)
[2020-12-29T06:54:09.068-0500][gc,marking     ] GC(24339) Concurrent Mark From Roots
[2020-12-29T06:54:09.068-0500][gc,task        ] GC(24339) Using 2 workers of 2 for marking
[2020-12-29T06:54:09.118-0500][gc,marking     ] GC(24339) Concurrent Mark From Roots 50.159ms
[2020-12-29T06:54:09.118-0500][gc,marking     ] GC(24339) Concurrent Preclean
[2020-12-29T06:54:09.118-0500][gc,marking     ] GC(24339) Concurrent Preclean 0.150ms
[2020-12-29T06:54:09.118-0500][gc,marking     ] GC(24339) Concurrent Mark (1693046.455s, 1693046.505s) 50.417ms
[2020-12-29T06:54:09.118-0500][gc,start       ] GC(24339) Pause Remark
[2020-12-29T06:54:09.122-0500][gc,stringtable ] GC(24339) Cleaned string and symbol table, strings: 33323 processed, 0 removed, symbols: 120973 processed, 0 removed
[2020-12-29T06:54:09.123-0500][gc             ] GC(24339) Pause Remark 42M->42M(63M) 5.205ms
[2020-12-29T06:54:09.124-0500][gc,cpu         ] GC(24339) User=0.02s Sys=0.00s Real=0.00s
[2020-12-29T06:54:09.124-0500][gc,marking     ] GC(24339) Concurrent Rebuild Remembered Sets
[2020-12-29T06:54:09.141-0500][gc,marking     ] GC(24339) Concurrent Rebuild Remembered Sets 17.395ms
[2020-12-29T06:54:09.142-0500][gc,start       ] GC(24339) Pause Cleanup
[2020-12-29T06:54:09.142-0500][gc             ] GC(24339) Pause Cleanup 42M->42M(63M) 0.323ms
[2020-12-29T06:54:09.142-0500][gc,cpu         ] GC(24339) User=0.00s Sys=0.00s Real=0.00s
[2020-12-29T06:54:09.142-0500][gc,marking     ] GC(24339) Concurrent Cleanup for Next Mark
[2020-12-29T06:54:09.142-0500][gc,marking     ] GC(24339) Concurrent Cleanup for Next Mark 0.184ms
[2020-12-29T06:54:09.142-0500][gc             ] GC(24339) Concurrent Cycle 75.947ms
[2020-12-29T06:56:29.063-0500][gc,heap        ] GC(24340) Heap before GC invocations=24340 (full 5644): garbage-first heap   total 64512K, used 52648K [0x0000000083000000, 0x0000000100000000)
[2020-12-29T06:56:29.064-0500][gc,heap        ] GC(24340)   region size 1024K, 10 young (10240K), 1 survivors (1024K)
[2020-12-29T06:56:29.064-0500][gc,heap        ] GC(24340)  Metaspace       used 50336K, capacity 52472K, committed 53888K, reserved 1093632K
[2020-12-29T06:56:29.064-0500][gc,heap        ] GC(24340)   class space    used 7457K, capacity 8250K, committed 8832K, reserved 1048576K
[2020-12-29T06:56:29.064-0500][gc,start       ] GC(24340) Pause Young (Normal) (G1 Evacuation Pause)
[2020-12-29T06:56:29.064-0500][gc,task        ] GC(24340) Using 8 workers of 8 for evacuation
[2020-12-29T06:56:29.069-0500][gc,phases      ] GC(24340)   Pre Evacuate Collection Set: 0.0ms
[2020-12-29T06:56:29.069-0500][gc,phases      ] GC(24340)   Evacuate Collection Set: 2.2ms
[2020-12-29T06:56:29.069-0500][gc,phases      ] GC(24340)   Post Evacuate Collection Set: 2.4ms
[2020-12-29T06:56:29.069-0500][gc,phases      ] GC(24340)   Other: 0.5ms
[2020-12-29T06:56:29.069-0500][gc,heap        ] GC(24340) Eden regions: 9->0(9)
[2020-12-29T06:56:29.069-0500][gc,heap        ] GC(24340) Survivor regions: 1->1(2)
[2020-12-29T06:56:29.069-0500][gc,heap        ] GC(24340) Old regions: 41->41
[2020-12-29T06:56:29.069-0500][gc,heap        ] GC(24340) Humongous regions: 4->4
[2020-12-29T06:56:29.069-0500][gc,metaspace   ] GC(24340) Metaspace: 50336K->50336K(1093632K)
[2020-12-29T06:56:29.069-0500][gc,heap        ] GC(24340) Heap after GC invocations=24341 (full 5644): garbage-first heap   total 64512K, used 43395K [0x0000000083000000, 0x0000000100000000)
[2020-12-29T06:56:29.069-0500][gc,heap        ] GC(24340)   region size 1024K, 1 young (1024K), 1 survivors (1024K)
[2020-12-29T06:56:29.069-0500][gc,heap        ] GC(24340)  Metaspace       used 50336K, capacity 52472K, committed 53888K, reserved 1093632K
[2020-12-29T06:56:29.069-0500][gc,heap        ] GC(24340)   class space    used 7457K, capacity 8250K, committed 8832K, reserved 1048576K
[2020-12-29T06:56:29.069-0500][gc             ] GC(24340) Pause Young (Normal) (G1 Evacuation Pause) 51M->42M(63M) 5.271ms
[2020-12-29T06:56:29.069-0500][gc,cpu         ] GC(24340) User=0.01s Sys=0.01s Real=0.01s
[2020-12-29T06:56:45.189-0500][gc,task        ] GC(24341) Using 5 workers of 8 for full compaction
[2020-12-29T06:56:45.189-0500][gc,start       ] GC(24341) Pause Full (System.gc())
[2020-12-29T06:56:45.190-0500][gc,heap        ] GC(24341) Heap before GC invocations=24341 (full 5644): garbage-first heap   total 64512K, used 43395K [0x0000000083000000, 0x0000000100000000)
[2020-12-29T06:56:45.190-0500][gc,heap        ] GC(24341)   region size 1024K, 2 young (2048K), 1 survivors (1024K)
[2020-12-29T06:56:45.190-0500][gc,heap        ] GC(24341)  Metaspace       used 50336K, capacity 52472K, committed 53888K, reserved 1093632K
[2020-12-29T06:56:45.190-0500][gc,heap        ] GC(24341)   class space    used 7457K, capacity 8250K, committed 8832K, reserved 1048576K
[2020-12-29T06:56:45.190-0500][gc,phases,start] GC(24341) Phase 1: Mark live objects
[2020-12-29T06:56:45.233-0500][gc,stringtable ] GC(24341) Cleaned string and symbol table, strings: 33323 processed, 4 removed, symbols: 120973 processed, 0 removed
[2020-12-29T06:56:45.233-0500][gc,phases      ] GC(24341) Phase 1: Mark live objects 42.827ms
[2020-12-29T06:56:45.233-0500][gc,phases,start] GC(24341) Phase 2: Prepare for compaction
[2020-12-29T06:56:45.236-0500][gc,phases      ] GC(24341) Phase 2: Prepare for compaction 3.195ms
[2020-12-29T06:56:45.236-0500][gc,phases,start] GC(24341) Phase 3: Adjust pointers
[2020-12-29T06:56:45.246-0500][gc,phases      ] GC(24341) Phase 3: Adjust pointers 9.650ms
[2020-12-29T06:56:45.246-0500][gc,phases,start] GC(24341) Phase 4: Compact heap
[2020-12-29T06:56:45.248-0500][gc,phases      ] GC(24341) Phase 4: Compact heap 2.448ms
[2020-12-29T06:56:45.252-0500][gc,heap        ] GC(24341) Eden regions: 1->0(10)
[2020-12-29T06:56:45.252-0500][gc,heap        ] GC(24341) Survivor regions: 1->0(2)
[2020-12-29T06:56:45.252-0500][gc,heap        ] GC(24341) Old regions: 41->41
[2020-12-29T06:56:45.252-0500][gc,heap        ] GC(24341) Humongous regions: 4->4
[2020-12-29T06:56:45.252-0500][gc,metaspace   ] GC(24341) Metaspace: 50336K->50336K(1093632K)
[2020-12-29T06:56:45.252-0500][gc,heap        ] GC(24341) Heap after GC invocations=24342 (full 5645): garbage-first heap   total 64512K, used 43328K [0x0000000083000000, 0x0000000100000000)
[2020-12-29T06:56:45.252-0500][gc,heap        ] GC(24341)   region size 1024K, 0 young (0K), 0 survivors (0K)
[2020-12-29T06:56:45.252-0500][gc,heap        ] GC(24341)  Metaspace       used 50336K, capacity 52472K, committed 53888K, reserved 1093632K
[2020-12-29T06:56:45.252-0500][gc,heap        ] GC(24341)   class space    used 7457K, capacity 8250K, committed 8832K, reserved 1048576K
[2020-12-29T06:56:45.252-0500][gc             ] GC(24341) Pause Full (System.gc()) 43M->42M(63M) 62.895ms
[2020-12-29T06:56:45.252-0500][gc,cpu         ] GC(24341) User=0.28s Sys=0.00s Real=0.06s
[2020-12-29T06:59:10.814-0500][gc,heap        ] GC(24342) Heap before GC invocations=24342 (full 5645): garbage-first heap   total 64512K, used 52544K [0x0000000083000000, 0x0000000100000000)
[2020-12-29T06:59:10.814-0500][gc,heap        ] GC(24342)   region size 1024K, 10 young (10240K), 0 survivors (0K)
[2020-12-29T06:59:10.814-0500][gc,heap        ] GC(24342)  Metaspace       used 50336K, capacity 52472K, committed 53888K, reserved 1093632K
[2020-12-29T06:59:10.814-0500][gc,heap        ] GC(24342)   class space    used 7457K, capacity 8250K, committed 8832K, reserved 1048576K
[2020-12-29T06:59:10.814-0500][gc,start       ] GC(24342) Pause Young (Concurrent Start) (G1 Evacuation Pause)
[2020-12-29T06:59:10.814-0500][gc,task        ] GC(24342) Using 8 workers of 8 for evacuation
[2020-12-29T06:59:10.817-0500][gc,phases      ] GC(24342)   Pre Evacuate Collection Set: 0.2ms
[2020-12-29T06:59:10.817-0500][gc,phases      ] GC(24342)   Evacuate Collection Set: 1.3ms
[2020-12-29T06:59:10.817-0500][gc,phases      ] GC(24342)   Post Evacuate Collection Set: 0.9ms
[2020-12-29T06:59:10.817-0500][gc,phases      ] GC(24342)   Other: 0.3ms
[2020-12-29T06:59:10.817-0500][gc,heap        ] GC(24342) Eden regions: 10->0(9)
[2020-12-29T06:59:10.817-0500][gc,heap        ] GC(24342) Survivor regions: 0->1(2)
[2020-12-29T06:59:10.817-0500][gc,heap        ] GC(24342) Old regions: 41->41
[2020-12-29T06:59:10.817-0500][gc,heap        ] GC(24342) Humongous regions: 4->4
[2020-12-29T06:59:10.817-0500][gc,metaspace   ] GC(24342) Metaspace: 50336K->50336K(1093632K)
[2020-12-29T06:59:10.817-0500][gc,heap        ] GC(24342) Heap after GC invocations=24343 (full 5645): garbage-first heap   total 64512K, used 43398K [0x0000000083000000, 0x0000000100000000)
[2020-12-29T06:59:10.817-0500][gc,heap        ] GC(24342)   region size 1024K, 1 young (1024K), 1 survivors (1024K)
[2020-12-29T06:59:10.817-0500][gc,heap        ] GC(24342)  Metaspace       used 50336K, capacity 52472K, committed 53888K, reserved 1093632K
[2020-12-29T06:59:10.817-0500][gc,heap        ] GC(24342)   class space    used 7457K, capacity 8250K, committed 8832K, reserved 1048576K
[2020-12-29T06:59:10.817-0500][gc             ] GC(24342) Pause Young (Concurrent Start) (G1 Evacuation Pause) 52M->42M(63M) 2.708ms
[2020-12-29T06:59:10.817-0500][gc,cpu         ] GC(24342) User=0.00s Sys=0.01s Real=0.00s
[2020-12-29T06:59:10.817-0500][gc             ] GC(24343) Concurrent Cycle
[2020-12-29T06:59:10.817-0500][gc,marking     ] GC(24343) Concurrent Clear Claimed Marks
[2020-12-29T06:59:10.817-0500][gc,marking     ] GC(24343) Concurrent Clear Claimed Marks 0.129ms
[2020-12-29T06:59:10.817-0500][gc,marking     ] GC(24343) Concurrent Scan Root Regions
[2020-12-29T06:59:10.818-0500][gc,marking     ] GC(24343) Concurrent Scan Root Regions 0.840ms
[2020-12-29T06:59:10.818-0500][gc,marking     ] GC(24343) Concurrent Mark (1693348.205s)
[2020-12-29T06:59:10.818-0500][gc,marking     ] GC(24343) Concurrent Mark From Roots
[2020-12-29T06:59:10.818-0500][gc,task        ] GC(24343) Using 2 workers of 2 for marking
[2020-12-29T06:59:10.860-0500][gc,marking     ] GC(24343) Concurrent Mark From Roots 42.027ms
[2020-12-29T06:59:10.860-0500][gc,marking     ] GC(24343) Concurrent Preclean
[2020-12-29T06:59:10.860-0500][gc,marking     ] GC(24343) Concurrent Preclean 0.251ms
[2020-12-29T06:59:10.860-0500][gc,marking     ] GC(24343) Concurrent Mark (1693348.205s, 1693348.247s) 42.376ms
[2020-12-29T06:59:10.861-0500][gc,start       ] GC(24343) Pause Remark
[2020-12-29T06:59:10.865-0500][gc,stringtable ] GC(24343) Cleaned string and symbol table, strings: 33323 processed, 0 removed, symbols: 120973 processed, 0 removed
[2020-12-29T06:59:10.866-0500][gc             ] GC(24343) Pause Remark 42M->42M(63M) 4.885ms
[2020-12-29T06:59:10.866-0500][gc,cpu         ] GC(24343) User=0.03s Sys=0.00s Real=0.00s
[2020-12-29T06:59:10.866-0500][gc,marking     ] GC(24343) Concurrent Rebuild Remembered Sets
[2020-12-29T06:59:10.886-0500][gc,marking     ] GC(24343) Concurrent Rebuild Remembered Sets 19.994ms
[2020-12-29T06:59:10.886-0500][gc,start       ] GC(24343) Pause Cleanup
[2020-12-29T06:59:10.886-0500][gc             ] GC(24343) Pause Cleanup 42M->42M(63M) 0.233ms
[2020-12-29T06:59:10.887-0500][gc,cpu         ] GC(24343) User=0.00s Sys=0.00s Real=0.00s
[2020-12-29T06:59:10.887-0500][gc,marking     ] GC(24343) Concurrent Cleanup for Next Mark
[2020-12-29T06:59:10.887-0500][gc,marking     ] GC(24343) Concurrent Cleanup for Next Mark 0.202ms
[2020-12-29T06:59:10.887-0500][gc             ] GC(24343) Concurrent Cycle 69.905ms
[2020-12-29T07:01:29.065-0500][gc,heap        ] GC(24344) Heap before GC invocations=24344 (full 5645): garbage-first heap   total 64512K, used 51590K [0x0000000083000000, 0x0000000100000000)
[2020-12-29T07:01:29.065-0500][gc,heap        ] GC(24344)   region size 1024K, 10 young (10240K), 1 survivors (1024K)
[2020-12-29T07:01:29.065-0500][gc,heap        ] GC(24344)  Metaspace       used 50336K, capacity 52472K, committed 53888K, reserved 1093632K
[2020-12-29T07:01:29.065-0500][gc,heap        ] GC(24344)   class space    used 7457K, capacity 8250K, committed 8832K, reserved 1048576K
[2020-12-29T07:01:29.065-0500][gc,start       ] GC(24344) Pause Young (Normal) (G1 Evacuation Pause)
[2020-12-29T07:01:29.065-0500][gc,task        ] GC(24344) Using 8 workers of 8 for evacuation
[2020-12-29T07:01:29.070-0500][gc,phases      ] GC(24344)   Pre Evacuate Collection Set: 0.0ms
[2020-12-29T07:01:29.071-0500][gc,phases      ] GC(24344)   Evacuate Collection Set: 2.3ms
[2020-12-29T07:01:29.071-0500][gc,phases      ] GC(24344)   Post Evacuate Collection Set: 2.6ms
[2020-12-29T07:01:29.071-0500][gc,phases      ] GC(24344)   Other: 0.5ms
[2020-12-29T07:01:29.071-0500][gc,heap        ] GC(24344) Eden regions: 9->0(9)
[2020-12-29T07:01:29.071-0500][gc,heap        ] GC(24344) Survivor regions: 1->1(2)
[2020-12-29T07:01:29.071-0500][gc,heap        ] GC(24344) Old regions: 41->41
[2020-12-29T07:01:29.071-0500][gc,heap        ] GC(24344) Humongous regions: 4->4
[2020-12-29T07:01:29.071-0500][gc,metaspace   ] GC(24344) Metaspace: 50336K->50336K(1093632K)
[2020-12-29T07:01:29.071-0500][gc,heap        ] GC(24344) Heap after GC invocations=24345 (full 5645): garbage-first heap   total 64512K, used 43420K [0x0000000083000000, 0x0000000100000000)
[2020-12-29T07:01:29.071-0500][gc,heap        ] GC(24344)   region size 1024K, 1 young (1024K), 1 survivors (1024K)
[2020-12-29T07:01:29.071-0500][gc,heap        ] GC(24344)  Metaspace       used 50336K, capacity 52472K, committed 53888K, reserved 1093632K
[2020-12-29T07:01:29.071-0500][gc,heap        ] GC(24344)   class space    used 7457K, capacity 8250K, committed 8832K, reserved 1048576K
[2020-12-29T07:01:29.071-0500][gc             ] GC(24344) Pause Young (Normal) (G1 Evacuation Pause) 51M->42M(63M) 6.069ms
[2020-12-29T07:01:29.071-0500][gc,cpu         ] GC(24344) User=0.01s Sys=0.01s Real=0.01s
[2020-12-29T07:01:45.192-0500][gc,task        ] GC(24345) Using 5 workers of 8 for full compaction
[2020-12-29T07:01:45.192-0500][gc,start       ] GC(24345) Pause Full (System.gc())
[2020-12-29T07:01:45.192-0500][gc,heap        ] GC(24345) Heap before GC invocations=24345 (full 5645): garbage-first heap   total 64512K, used 44444K [0x0000000083000000, 0x0000000100000000)
[2020-12-29T07:01:45.192-0500][gc,heap        ] GC(24345)   region size 1024K, 3 young (3072K), 1 survivors (1024K)
[2020-12-29T07:01:45.192-0500][gc,heap        ] GC(24345)  Metaspace       used 50336K, capacity 52472K, committed 53888K, reserved 1093632K
[2020-12-29T07:01:45.192-0500][gc,heap        ] GC(24345)   class space    used 7457K, capacity 8250K, committed 8832K, reserved 1048576K
[2020-12-29T07:01:45.193-0500][gc,phases,start] GC(24345) Phase 1: Mark live objects
[2020-12-29T07:01:45.237-0500][gc,stringtable ] GC(24345) Cleaned string and symbol table, strings: 33323 processed, 4 removed, symbols: 120973 processed, 0 removed
[2020-12-29T07:01:45.237-0500][gc,phases      ] GC(24345) Phase 1: Mark live objects 44.622ms
[2020-12-29T07:01:45.237-0500][gc,phases,start] GC(24345) Phase 2: Prepare for compaction
[2020-12-29T07:01:45.241-0500][gc,phases      ] GC(24345) Phase 2: Prepare for compaction 3.848ms
[2020-12-29T07:01:45.241-0500][gc,phases,start] GC(24345) Phase 3: Adjust pointers
[2020-12-29T07:01:45.251-0500][gc,phases      ] GC(24345) Phase 3: Adjust pointers 9.888ms
[2020-12-29T07:01:45.251-0500][gc,phases,start] GC(24345) Phase 4: Compact heap
[2020-12-29T07:01:45.255-0500][gc,phases      ] GC(24345) Phase 4: Compact heap 3.353ms
[2020-12-29T07:01:45.259-0500][gc,heap        ] GC(24345) Eden regions: 2->0(10)
[2020-12-29T07:01:45.259-0500][gc,heap        ] GC(24345) Survivor regions: 1->0(2)
[2020-12-29T07:01:45.259-0500][gc,heap        ] GC(24345) Old regions: 41->41
[2020-12-29T07:01:45.259-0500][gc,heap        ] GC(24345) Humongous regions: 4->4
[2020-12-29T07:01:45.259-0500][gc,metaspace   ] GC(24345) Metaspace: 50336K->50336K(1093632K)
[2020-12-29T07:01:45.259-0500][gc,heap        ] GC(24345) Heap after GC invocations=24346 (full 5646): garbage-first heap   total 64512K, used 43329K [0x0000000083000000, 0x0000000100000000)
[2020-12-29T07:01:45.259-0500][gc,heap        ] GC(24345)   region size 1024K, 0 young (0K), 0 survivors (0K)
[2020-12-29T07:01:45.259-0500][gc,heap        ] GC(24345)  Metaspace       used 50336K, capacity 52472K, committed 53888K, reserved 1093632K
[2020-12-29T07:01:45.259-0500][gc,heap        ] GC(24345)   class space    used 7457K, capacity 8250K, committed 8832K, reserved 1048576K
[2020-12-29T07:01:45.259-0500][gc             ] GC(24345) Pause Full (System.gc()) 43M->42M(63M) 66.760ms
[2020-12-29T07:01:45.259-0500][gc,cpu         ] GC(24345) User=0.29s Sys=0.00s Real=0.07s
[2020-12-29T07:04:19.060-0500][gc,heap        ] GC(24346) Heap before GC invocations=24346 (full 5646): garbage-first heap   total 64512K, used 52545K [0x0000000083000000, 0x0000000100000000)
[2020-12-29T07:04:19.060-0500][gc,heap        ] GC(24346)   region size 1024K, 10 young (10240K), 0 survivors (0K)
[2020-12-29T07:04:19.060-0500][gc,heap        ] GC(24346)  Metaspace       used 50336K, capacity 52472K, committed 53888K, reserved 1093632K
[2020-12-29T07:04:19.060-0500][gc,heap        ] GC(24346)   class space    used 7457K, capacity 8250K, committed 8832K, reserved 1048576K
[2020-12-29T07:04:19.060-0500][gc,start       ] GC(24346) Pause Young (Concurrent Start) (G1 Evacuation Pause)
[2020-12-29T07:04:19.060-0500][gc,task        ] GC(24346) Using 8 workers of 8 for evacuation
[2020-12-29T07:04:19.067-0500][gc,phases      ] GC(24346)   Pre Evacuate Collection Set: 0.3ms
[2020-12-29T07:04:19.067-0500][gc,phases      ] GC(24346)   Evacuate Collection Set: 2.8ms
[2020-12-29T07:04:19.067-0500][gc,phases      ] GC(24346)   Post Evacuate Collection Set: 3.5ms
[2020-12-29T07:04:19.067-0500][gc,phases      ] GC(24346)   Other: 0.7ms
[2020-12-29T07:04:19.067-0500][gc,heap        ] GC(24346) Eden regions: 10->0(9)
[2020-12-29T07:04:19.067-0500][gc,heap        ] GC(24346) Survivor regions: 0->1(2)
[2020-12-29T07:04:19.067-0500][gc,heap        ] GC(24346) Old regions: 41->41
[2020-12-29T07:04:19.067-0500][gc,heap        ] GC(24346) Humongous regions: 4->4
[2020-12-29T07:04:19.067-0500][gc,metaspace   ] GC(24346) Metaspace: 50336K->50336K(1093632K)
[2020-12-29T07:04:19.067-0500][gc,heap        ] GC(24346) Heap after GC invocations=24347 (full 5646): garbage-first heap   total 64512K, used 43418K [0x0000000083000000, 0x0000000100000000)
[2020-12-29T07:04:19.067-0500][gc,heap        ] GC(24346)   region size 1024K, 1 young (1024K), 1 survivors (1024K)
[2020-12-29T07:04:19.067-0500][gc,heap        ] GC(24346)  Metaspace       used 50336K, capacity 52472K, committed 53888K, reserved 1093632K
[2020-12-29T07:04:19.067-0500][gc,heap        ] GC(24346)   class space    used 7457K, capacity 8250K, committed 8832K, reserved 1048576K
[2020-12-29T07:04:19.067-0500][gc             ] GC(24346) Pause Young (Concurrent Start) (G1 Evacuation Pause) 52M->42M(63M) 7.308ms
[2020-12-29T07:04:19.068-0500][gc,cpu         ] GC(24346) User=0.02s Sys=0.00s Real=0.00s
[2020-12-29T07:04:19.068-0500][gc             ] GC(24347) Concurrent Cycle
[2020-12-29T07:04:19.068-0500][gc,marking     ] GC(24347) Concurrent Clear Claimed Marks
[2020-12-29T07:04:19.068-0500][gc,marking     ] GC(24347) Concurrent Clear Claimed Marks 0.303ms
[2020-12-29T07:04:19.068-0500][gc,marking     ] GC(24347) Concurrent Scan Root Regions
[2020-12-29T07:04:19.070-0500][gc,marking     ] GC(24347) Concurrent Scan Root Regions 2.220ms
[2020-12-29T07:04:19.070-0500][gc,marking     ] GC(24347) Concurrent Mark (1693656.457s)
[2020-12-29T07:04:19.070-0500][gc,marking     ] GC(24347) Concurrent Mark From Roots
[2020-12-29T07:04:19.070-0500][gc,task        ] GC(24347) Using 2 workers of 2 for marking
[2020-12-29T07:04:19.142-0500][gc,marking     ] GC(24347) Concurrent Mark From Roots 71.625ms
[2020-12-29T07:04:19.142-0500][gc,marking     ] GC(24347) Concurrent Preclean
[2020-12-29T07:04:19.142-0500][gc,marking     ] GC(24347) Concurrent Preclean 0.152ms
[2020-12-29T07:04:19.142-0500][gc,marking     ] GC(24347) Concurrent Mark (1693656.457s, 1693656.529s) 71.872ms
[2020-12-29T07:04:19.142-0500][gc,start       ] GC(24347) Pause Remark
[2020-12-29T07:04:19.148-0500][gc,stringtable ] GC(24347) Cleaned string and symbol table, strings: 33323 processed, 0 removed, symbols: 120973 processed, 0 removed
[2020-12-29T07:04:19.149-0500][gc             ] GC(24347) Pause Remark 42M->42M(63M) 6.105ms
[2020-12-29T07:04:19.149-0500][gc,cpu         ] GC(24347) User=0.02s Sys=0.00s Real=0.01s
[2020-12-29T07:04:19.149-0500][gc,marking     ] GC(24347) Concurrent Rebuild Remembered Sets
[2020-12-29T07:04:19.166-0500][gc,marking     ] GC(24347) Concurrent Rebuild Remembered Sets 17.360ms
[2020-12-29T07:04:19.166-0500][gc,start       ] GC(24347) Pause Cleanup
[2020-12-29T07:04:19.167-0500][gc             ] GC(24347) Pause Cleanup 42M->42M(63M) 0.170ms
[2020-12-29T07:04:19.167-0500][gc,cpu         ] GC(24347) User=0.00s Sys=0.00s Real=0.00s
[2020-12-29T07:04:19.167-0500][gc,marking     ] GC(24347) Concurrent Cleanup for Next Mark
[2020-12-29T07:04:19.167-0500][gc,marking     ] GC(24347) Concurrent Cleanup for Next Mark 0.191ms
[2020-12-29T07:04:19.167-0500][gc             ] GC(24347) Concurrent Cycle 99.402ms
[2020-12-29T07:06:29.489-0500][gc,heap        ] GC(24348) Heap before GC invocations=24348 (full 5646): garbage-first heap   total 64512K, used 51604K [0x0000000083000000, 0x0000000100000000)
[2020-12-29T07:06:29.489-0500][gc,heap        ] GC(24348)   region size 1024K, 10 young (10240K), 1 survivors (1024K)
[2020-12-29T07:06:29.489-0500][gc,heap        ] GC(24348)  Metaspace       used 50336K, capacity 52472K, committed 53888K, reserved 1093632K
[2020-12-29T07:06:29.489-0500][gc,heap        ] GC(24348)   class space    used 7457K, capacity 8250K, committed 8832K, reserved 1048576K
[2020-12-29T07:06:29.490-0500][gc,start       ] GC(24348) Pause Young (Normal) (G1 Evacuation Pause)
[2020-12-29T07:06:29.490-0500][gc,task        ] GC(24348) Using 8 workers of 8 for evacuation
[2020-12-29T07:06:29.493-0500][gc,phases      ] GC(24348)   Pre Evacuate Collection Set: 0.0ms
[2020-12-29T07:06:29.494-0500][gc,phases      ] GC(24348)   Evacuate Collection Set: 1.4ms
[2020-12-29T07:06:29.494-0500][gc,phases      ] GC(24348)   Post Evacuate Collection Set: 2.3ms
[2020-12-29T07:06:29.494-0500][gc,phases      ] GC(24348)   Other: 0.4ms
[2020-12-29T07:06:29.494-0500][gc,heap        ] GC(24348) Eden regions: 9->0(10)
[2020-12-29T07:06:29.494-0500][gc,heap        ] GC(24348) Survivor regions: 1->1(2)
[2020-12-29T07:06:29.494-0500][gc,heap        ] GC(24348) Old regions: 40->40
[2020-12-29T07:06:29.494-0500][gc,heap        ] GC(24348) Humongous regions: 4->4
[2020-12-29T07:06:29.494-0500][gc,metaspace   ] GC(24348) Metaspace: 50336K->50336K(1093632K)
[2020-12-29T07:06:29.494-0500][gc,heap        ] GC(24348) Heap after GC invocations=24349 (full 5646): garbage-first heap   total 64512K, used 43380K [0x0000000083000000, 0x0000000100000000)
[2020-12-29T07:06:29.494-0500][gc,heap        ] GC(24348)   region size 1024K, 1 young (1024K), 1 survivors (1024K)
[2020-12-29T07:06:29.494-0500][gc,heap        ] GC(24348)  Metaspace       used 50336K, capacity 52472K, committed 53888K, reserved 1093632K
[2020-12-29T07:06:29.494-0500][gc,heap        ] GC(24348)   class space    used 7457K, capacity 8250K, committed 8832K, reserved 1048576K
[2020-12-29T07:06:29.494-0500][gc             ] GC(24348) Pause Young (Normal) (G1 Evacuation Pause) 51M->42M(63M) 4.210ms
[2020-12-29T07:06:29.494-0500][gc,cpu         ] GC(24348) User=0.01s Sys=0.00s Real=0.00s
[2020-12-29T07:06:45.189-0500][gc,task        ] GC(24349) Using 5 workers of 8 for full compaction
[2020-12-29T07:06:45.189-0500][gc,start       ] GC(24349) Pause Full (System.gc())
[2020-12-29T07:06:45.189-0500][gc,heap        ] GC(24349) Heap before GC invocations=24349 (full 5646): garbage-first heap   total 64512K, used 43380K [0x0000000083000000, 0x0000000100000000)
[2020-12-29T07:06:45.189-0500][gc,heap        ] GC(24349)   region size 1024K, 2 young (2048K), 1 survivors (1024K)
[2020-12-29T07:06:45.189-0500][gc,heap        ] GC(24349)  Metaspace       used 50336K, capacity 52472K, committed 53888K, reserved 1093632K
[2020-12-29T07:06:45.189-0500][gc,heap        ] GC(24349)   class space    used 7457K, capacity 8250K, committed 8832K, reserved 1048576K
[2020-12-29T07:06:45.190-0500][gc,phases,start] GC(24349) Phase 1: Mark live objects
[2020-12-29T07:06:45.219-0500][gc,stringtable ] GC(24349) Cleaned string and symbol table, strings: 33323 processed, 4 removed, symbols: 120973 processed, 0 removed
[2020-12-29T07:06:45.219-0500][gc,phases      ] GC(24349) Phase 1: Mark live objects 29.565ms
[2020-12-29T07:06:45.219-0500][gc,phases,start] GC(24349) Phase 2: Prepare for compaction
[2020-12-29T07:06:45.226-0500][gc,phases      ] GC(24349) Phase 2: Prepare for compaction 6.363ms
[2020-12-29T07:06:45.226-0500][gc,phases,start] GC(24349) Phase 3: Adjust pointers
[2020-12-29T07:06:45.238-0500][gc,phases      ] GC(24349) Phase 3: Adjust pointers 11.717ms
[2020-12-29T07:06:45.238-0500][gc,phases,start] GC(24349) Phase 4: Compact heap
[2020-12-29T07:06:45.241-0500][gc,phases      ] GC(24349) Phase 4: Compact heap 2.945ms
[2020-12-29T07:06:45.245-0500][gc,heap        ] GC(24349) Eden regions: 1->0(10)
[2020-12-29T07:06:45.245-0500][gc,heap        ] GC(24349) Survivor regions: 1->0(2)
[2020-12-29T07:06:45.245-0500][gc,heap        ] GC(24349) Old regions: 40->41
[2020-12-29T07:06:45.245-0500][gc,heap        ] GC(24349) Humongous regions: 4->4
[2020-12-29T07:06:45.245-0500][gc,metaspace   ] GC(24349) Metaspace: 50336K->50336K(1093632K)
[2020-12-29T07:06:45.245-0500][gc,heap        ] GC(24349) Heap after GC invocations=24350 (full 5647): garbage-first heap   total 64512K, used 43330K [0x0000000083000000, 0x0000000100000000)
[2020-12-29T07:06:45.245-0500][gc,heap        ] GC(24349)   region size 1024K, 0 young (0K), 0 survivors (0K)
[2020-12-29T07:06:45.245-0500][gc,heap        ] GC(24349)  Metaspace       used 50336K, capacity 52472K, committed 53888K, reserved 1093632K
[2020-12-29T07:06:45.245-0500][gc,heap        ] GC(24349)   class space    used 7457K, capacity 8250K, committed 8832K, reserved 1048576K
[2020-12-29T07:06:45.245-0500][gc             ] GC(24349) Pause Full (System.gc()) 43M->42M(63M) 55.622ms
[2020-12-29T07:06:45.245-0500][gc,cpu         ] GC(24349) User=0.22s Sys=0.00s Real=0.05s
[2020-12-29T07:09:08.481-0500][gc,heap        ] GC(24350) Heap before GC invocations=24350 (full 5647): garbage-first heap   total 64512K, used 52546K [0x0000000083000000, 0x0000000100000000)
[2020-12-29T07:09:08.481-0500][gc,heap        ] GC(24350)   region size 1024K, 10 young (10240K), 0 survivors (0K)
[2020-12-29T07:09:08.481-0500][gc,heap        ] GC(24350)  Metaspace       used 50336K, capacity 52472K, committed 53888K, reserved 1093632K
[2020-12-29T07:09:08.481-0500][gc,heap        ] GC(24350)   class space    used 7457K, capacity 8250K, committed 8832K, reserved 1048576K
[2020-12-29T07:09:08.481-0500][gc,start       ] GC(24350) Pause Young (Concurrent Start) (G1 Evacuation Pause)
[2020-12-29T07:09:08.481-0500][gc,task        ] GC(24350) Using 8 workers of 8 for evacuation
[2020-12-29T07:09:08.483-0500][gc,phases      ] GC(24350)   Pre Evacuate Collection Set: 0.2ms
[2020-12-29T07:09:08.483-0500][gc,phases      ] GC(24350)   Evacuate Collection Set: 1.2ms
[2020-12-29T07:09:08.483-0500][gc,phases      ] GC(24350)   Post Evacuate Collection Set: 0.8ms
[2020-12-29T07:09:08.483-0500][gc,phases      ] GC(24350)   Other: 0.2ms
[2020-12-29T07:09:08.483-0500][gc,heap        ] GC(24350) Eden regions: 10->0(9)
[2020-12-29T07:09:08.483-0500][gc,heap        ] GC(24350) Survivor regions: 0->1(2)
[2020-12-29T07:09:08.483-0500][gc,heap        ] GC(24350) Old regions: 41->41
[2020-12-29T07:09:08.483-0500][gc,heap        ] GC(24350) Humongous regions: 4->4
[2020-12-29T07:09:08.483-0500][gc,metaspace   ] GC(24350) Metaspace: 50336K->50336K(1093632K)
[2020-12-29T07:09:08.483-0500][gc,heap        ] GC(24350) Heap after GC invocations=24351 (full 5647): garbage-first heap   total 64512K, used 43414K [0x0000000083000000, 0x0000000100000000)
[2020-12-29T07:09:08.483-0500][gc,heap        ] GC(24350)   region size 1024K, 1 young (1024K), 1 survivors (1024K)
[2020-12-29T07:09:08.483-0500][gc,heap        ] GC(24350)  Metaspace       used 50336K, capacity 52472K, committed 53888K, reserved 1093632K
[2020-12-29T07:09:08.483-0500][gc,heap        ] GC(24350)   class space    used 7457K, capacity 8250K, committed 8832K, reserved 1048576K
[2020-12-29T07:09:08.483-0500][gc             ] GC(24350) Pause Young (Concurrent Start) (G1 Evacuation Pause) 52M->42M(63M) 2.483ms
[2020-12-29T07:09:08.483-0500][gc,cpu         ] GC(24350) User=0.01s Sys=0.01s Real=0.00s
[2020-12-29T07:09:08.484-0500][gc             ] GC(24351) Concurrent Cycle
[2020-12-29T07:09:08.484-0500][gc,marking     ] GC(24351) Concurrent Clear Claimed Marks
[2020-12-29T07:09:08.484-0500][gc,marking     ] GC(24351) Concurrent Clear Claimed Marks 0.141ms
[2020-12-29T07:09:08.484-0500][gc,marking     ] GC(24351) Concurrent Scan Root Regions
[2020-12-29T07:09:08.486-0500][gc,marking     ] GC(24351) Concurrent Scan Root Regions 1.850ms
[2020-12-29T07:09:08.486-0500][gc,marking     ] GC(24351) Concurrent Mark (1693945.873s)
[2020-12-29T07:09:08.486-0500][gc,marking     ] GC(24351) Concurrent Mark From Roots
[2020-12-29T07:09:08.486-0500][gc,task        ] GC(24351) Using 2 workers of 2 for marking
[2020-12-29T07:09:08.539-0500][gc,marking     ] GC(24351) Concurrent Mark From Roots 53.199ms
[2020-12-29T07:09:08.539-0500][gc,marking     ] GC(24351) Concurrent Preclean
[2020-12-29T07:09:08.539-0500][gc,marking     ] GC(24351) Concurrent Preclean 0.148ms
[2020-12-29T07:09:08.539-0500][gc,marking     ] GC(24351) Concurrent Mark (1693945.873s, 1693945.926s) 53.432ms
[2020-12-29T07:09:08.540-0500][gc,start       ] GC(24351) Pause Remark
[2020-12-29T07:09:08.543-0500][gc,stringtable ] GC(24351) Cleaned string and symbol table, strings: 33323 processed, 0 removed, symbols: 120973 processed, 0 removed
[2020-12-29T07:09:08.544-0500][gc             ] GC(24351) Pause Remark 42M->42M(63M) 4.249ms
[2020-12-29T07:09:08.544-0500][gc,cpu         ] GC(24351) User=0.02s Sys=0.00s Real=0.00s
[2020-12-29T07:09:08.544-0500][gc,marking     ] GC(24351) Concurrent Rebuild Remembered Sets
[2020-12-29T07:09:08.562-0500][gc,marking     ] GC(24351) Concurrent Rebuild Remembered Sets 17.485ms
[2020-12-29T07:09:08.562-0500][gc,start       ] GC(24351) Pause Cleanup
[2020-12-29T07:09:08.562-0500][gc             ] GC(24351) Pause Cleanup 42M->42M(63M) 0.187ms
[2020-12-29T07:09:08.562-0500][gc,cpu         ] GC(24351) User=0.00s Sys=0.00s Real=0.00s
[2020-12-29T07:09:08.562-0500][gc,marking     ] GC(24351) Concurrent Cleanup for Next Mark
[2020-12-29T07:09:08.562-0500][gc,marking     ] GC(24351) Concurrent Cleanup for Next Mark 0.187ms
[2020-12-29T07:09:08.562-0500][gc             ] GC(24351) Concurrent Cycle 78.778ms
[2020-12-29T07:11:14.661-0500][gc,heap        ] GC(24352) Heap before GC invocations=24352 (full 5647): garbage-first heap   total 64512K, used 51606K [0x0000000083000000, 0x0000000100000000)
[2020-12-29T07:11:14.662-0500][gc,heap        ] GC(24352)   region size 1024K, 10 young (10240K), 1 survivors (1024K)
[2020-12-29T07:11:14.662-0500][gc,heap        ] GC(24352)  Metaspace       used 50336K, capacity 52472K, committed 53888K, reserved 1093632K
[2020-12-29T07:11:14.662-0500][gc,heap        ] GC(24352)   class space    used 7457K, capacity 8250K, committed 8832K, reserved 1048576K
[2020-12-29T07:11:14.662-0500][gc,start       ] GC(24352) Pause Young (Normal) (G1 Evacuation Pause)
[2020-12-29T07:11:14.662-0500][gc,task        ] GC(24352) Using 8 workers of 8 for evacuation
[2020-12-29T07:11:14.667-0500][gc,phases      ] GC(24352)   Pre Evacuate Collection Set: 0.0ms
[2020-12-29T07:11:14.667-0500][gc,phases      ] GC(24352)   Evacuate Collection Set: 2.2ms
[2020-12-29T07:11:14.667-0500][gc,phases      ] GC(24352)   Post Evacuate Collection Set: 2.8ms
[2020-12-29T07:11:14.667-0500][gc,phases      ] GC(24352)   Other: 0.5ms
[2020-12-29T07:11:14.667-0500][gc,heap        ] GC(24352) Eden regions: 9->0(9)
[2020-12-29T07:11:14.667-0500][gc,heap        ] GC(24352) Survivor regions: 1->1(2)
[2020-12-29T07:11:14.667-0500][gc,heap        ] GC(24352) Old regions: 41->41
[2020-12-29T07:11:14.667-0500][gc,heap        ] GC(24352) Humongous regions: 4->4
[2020-12-29T07:11:14.667-0500][gc,metaspace   ] GC(24352) Metaspace: 50336K->50336K(1093632K)
[2020-12-29T07:11:14.667-0500][gc,heap        ] GC(24352) Heap after GC invocations=24353 (full 5647): garbage-first heap   total 64512K, used 43410K [0x0000000083000000, 0x0000000100000000)
[2020-12-29T07:11:14.667-0500][gc,heap        ] GC(24352)   region size 1024K, 1 young (1024K), 1 survivors (1024K)
[2020-12-29T07:11:14.667-0500][gc,heap        ] GC(24352)  Metaspace       used 50336K, capacity 52472K, committed 53888K, reserved 1093632K
[2020-12-29T07:11:14.667-0500][gc,heap        ] GC(24352)   class space    used 7457K, capacity 8250K, committed 8832K, reserved 1048576K
[2020-12-29T07:11:14.667-0500][gc             ] GC(24352) Pause Young (Normal) (G1 Evacuation Pause) 51M->42M(63M) 5.611ms
[2020-12-29T07:11:14.668-0500][gc,cpu         ] GC(24352) User=0.01s Sys=0.00s Real=0.00s
[2020-12-29T07:11:45.192-0500][gc,task        ] GC(24353) Using 5 workers of 8 for full compaction
[2020-12-29T07:11:45.192-0500][gc,start       ] GC(24353) Pause Full (System.gc())
[2020-12-29T07:11:45.193-0500][gc,heap        ] GC(24353) Heap before GC invocations=24353 (full 5647): garbage-first heap   total 64512K, used 45458K [0x0000000083000000, 0x0000000100000000)
[2020-12-29T07:11:45.193-0500][gc,heap        ] GC(24353)   region size 1024K, 4 young (4096K), 1 survivors (1024K)
[2020-12-29T07:11:45.193-0500][gc,heap        ] GC(24353)  Metaspace       used 50336K, capacity 52472K, committed 53888K, reserved 1093632K
[2020-12-29T07:11:45.193-0500][gc,heap        ] GC(24353)   class space    used 7457K, capacity 8250K, committed 8832K, reserved 1048576K
[2020-12-29T07:11:45.193-0500][gc,phases,start] GC(24353) Phase 1: Mark live objects
[2020-12-29T07:11:45.239-0500][gc,stringtable ] GC(24353) Cleaned string and symbol table, strings: 33323 processed, 4 removed, symbols: 120973 processed, 0 removed
[2020-12-29T07:11:45.239-0500][gc,phases      ] GC(24353) Phase 1: Mark live objects 46.189ms
[2020-12-29T07:11:45.239-0500][gc,phases,start] GC(24353) Phase 2: Prepare for compaction
[2020-12-29T07:11:45.243-0500][gc,phases      ] GC(24353) Phase 2: Prepare for compaction 3.285ms
[2020-12-29T07:11:45.243-0500][gc,phases,start] GC(24353) Phase 3: Adjust pointers
[2020-12-29T07:11:45.252-0500][gc,phases      ] GC(24353) Phase 3: Adjust pointers 9.686ms
[2020-12-29T07:11:45.252-0500][gc,phases,start] GC(24353) Phase 4: Compact heap
[2020-12-29T07:11:45.255-0500][gc,phases      ] GC(24353) Phase 4: Compact heap 2.854ms
[2020-12-29T07:11:45.259-0500][gc,heap        ] GC(24353) Eden regions: 3->0(10)
[2020-12-29T07:11:45.259-0500][gc,heap        ] GC(24353) Survivor regions: 1->0(2)
[2020-12-29T07:11:45.259-0500][gc,heap        ] GC(24353) Old regions: 41->41
[2020-12-29T07:11:45.259-0500][gc,heap        ] GC(24353) Humongous regions: 4->4
[2020-12-29T07:11:45.259-0500][gc,metaspace   ] GC(24353) Metaspace: 50336K->50336K(1093632K)
[2020-12-29T07:11:45.259-0500][gc,heap        ] GC(24353) Heap after GC invocations=24354 (full 5648): garbage-first heap   total 64512K, used 43333K [0x0000000083000000, 0x0000000100000000)
[2020-12-29T07:11:45.259-0500][gc,heap        ] GC(24353)   region size 1024K, 0 young (0K), 0 survivors (0K)
[2020-12-29T07:11:45.259-0500][gc,heap        ] GC(24353)  Metaspace       used 50336K, capacity 52472K, committed 53888K, reserved 1093632K
[2020-12-29T07:11:45.259-0500][gc,heap        ] GC(24353)   class space    used 7457K, capacity 8250K, committed 8832K, reserved 1048576K
[2020-12-29T07:11:45.259-0500][gc             ] GC(24353) Pause Full (System.gc()) 44M->42M(63M) 66.999ms
[2020-12-29T07:11:45.260-0500][gc,cpu         ] GC(24353) User=0.30s Sys=0.00s Real=0.07s
[2020-12-29T07:14:19.060-0500][gc,heap        ] GC(24354) Heap before GC invocations=24354 (full 5648): garbage-first heap   total 64512K, used 53573K [0x0000000083000000, 0x0000000100000000)
[2020-12-29T07:14:19.060-0500][gc,heap        ] GC(24354)   region size 1024K, 10 young (10240K), 0 survivors (0K)
[2020-12-29T07:14:19.060-0500][gc,heap        ] GC(24354)  Metaspace       used 50336K, capacity 52472K, committed 53888K, reserved 1093632K
[2020-12-29T07:14:19.060-0500][gc,heap        ] GC(24354)   class space    used 7457K, capacity 8250K, committed 8832K, reserved 1048576K
[2020-12-29T07:14:19.060-0500][gc,start       ] GC(24354) Pause Young (Concurrent Start) (G1 Evacuation Pause)
[2020-12-29T07:14:19.060-0500][gc,task        ] GC(24354) Using 8 workers of 8 for evacuation
[2020-12-29T07:14:19.066-0500][gc,phases      ] GC(24354)   Pre Evacuate Collection Set: 0.2ms
[2020-12-29T07:14:19.066-0500][gc,phases      ] GC(24354)   Evacuate Collection Set: 2.3ms
[2020-12-29T07:14:19.066-0500][gc,phases      ] GC(24354)   Post Evacuate Collection Set: 2.6ms
[2020-12-29T07:14:19.066-0500][gc,phases      ] GC(24354)   Other: 0.5ms
[2020-12-29T07:14:19.066-0500][gc,heap        ] GC(24354) Eden regions: 10->0(9)
[2020-12-29T07:14:19.066-0500][gc,heap        ] GC(24354) Survivor regions: 0->1(2)
[2020-12-29T07:14:19.066-0500][gc,heap        ] GC(24354) Old regions: 41->41
[2020-12-29T07:14:19.066-0500][gc,heap        ] GC(24354) Humongous regions: 4->4
[2020-12-29T07:14:19.066-0500][gc,metaspace   ] GC(24354) Metaspace: 50336K->50336K(1093632K)
[2020-12-29T07:14:19.066-0500][gc,heap        ] GC(24354) Heap after GC invocations=24355 (full 5648): garbage-first heap   total 64512K, used 43407K [0x0000000083000000, 0x0000000100000000)
[2020-12-29T07:14:19.066-0500][gc,heap        ] GC(24354)   region size 1024K, 1 young (1024K), 1 survivors (1024K)
[2020-12-29T07:14:19.066-0500][gc,heap        ] GC(24354)  Metaspace       used 50336K, capacity 52472K, committed 53888K, reserved 1093632K
[2020-12-29T07:14:19.066-0500][gc,heap        ] GC(24354)   class space    used 7457K, capacity 8250K, committed 8832K, reserved 1048576K
[2020-12-29T07:14:19.066-0500][gc             ] GC(24354) Pause Young (Concurrent Start) (G1 Evacuation Pause) 52M->42M(63M) 5.727ms
[2020-12-29T07:14:19.066-0500][gc,cpu         ] GC(24354) User=0.01s Sys=0.01s Real=0.00s
[2020-12-29T07:14:19.066-0500][gc             ] GC(24355) Concurrent Cycle
[2020-12-29T07:14:19.066-0500][gc,marking     ] GC(24355) Concurrent Clear Claimed Marks
[2020-12-29T07:14:19.066-0500][gc,marking     ] GC(24355) Concurrent Clear Claimed Marks 0.117ms
[2020-12-29T07:14:19.066-0500][gc,marking     ] GC(24355) Concurrent Scan Root Regions
[2020-12-29T07:14:19.068-0500][gc,marking     ] GC(24355) Concurrent Scan Root Regions 1.486ms
[2020-12-29T07:14:19.068-0500][gc,marking     ] GC(24355) Concurrent Mark (1694256.455s)
[2020-12-29T07:14:19.068-0500][gc,marking     ] GC(24355) Concurrent Mark From Roots
[2020-12-29T07:14:19.068-0500][gc,task        ] GC(24355) Using 2 workers of 2 for marking
[2020-12-29T07:14:19.119-0500][gc,marking     ] GC(24355) Concurrent Mark From Roots 51.350ms
[2020-12-29T07:14:19.119-0500][gc,marking     ] GC(24355) Concurrent Preclean
[2020-12-29T07:14:19.120-0500][gc,marking     ] GC(24355) Concurrent Preclean 0.150ms
[2020-12-29T07:14:19.120-0500][gc,marking     ] GC(24355) Concurrent Mark (1694256.455s, 1694256.507s) 51.599ms
[2020-12-29T07:14:19.120-0500][gc,start       ] GC(24355) Pause Remark
[2020-12-29T07:14:19.124-0500][gc,stringtable ] GC(24355) Cleaned string and symbol table, strings: 33323 processed, 0 removed, symbols: 120973 processed, 0 removed
[2020-12-29T07:14:19.124-0500][gc             ] GC(24355) Pause Remark 42M->42M(63M) 4.090ms
[2020-12-29T07:14:19.124-0500][gc,cpu         ] GC(24355) User=0.02s Sys=0.00s Real=0.00s
[2020-12-29T07:14:19.124-0500][gc,marking     ] GC(24355) Concurrent Rebuild Remembered Sets
[2020-12-29T07:14:19.142-0500][gc,marking     ] GC(24355) Concurrent Rebuild Remembered Sets 17.346ms
[2020-12-29T07:14:19.142-0500][gc,start       ] GC(24355) Pause Cleanup
[2020-12-29T07:14:19.142-0500][gc             ] GC(24355) Pause Cleanup 42M->42M(63M) 0.199ms
[2020-12-29T07:14:19.142-0500][gc,cpu         ] GC(24355) User=0.00s Sys=0.00s Real=0.00s
[2020-12-29T07:14:19.142-0500][gc,marking     ] GC(24355) Concurrent Cleanup for Next Mark
[2020-12-29T07:14:19.142-0500][gc,marking     ] GC(24355) Concurrent Cleanup for Next Mark 0.238ms
[2020-12-29T07:14:19.142-0500][gc             ] GC(24355) Concurrent Cycle 76.224ms
[2020-12-29T07:16:32.258-0500][gc,heap        ] GC(24356) Heap before GC invocations=24356 (full 5648): garbage-first heap   total 64512K, used 52623K [0x0000000083000000, 0x0000000100000000)
[2020-12-29T07:16:32.259-0500][gc,heap        ] GC(24356)   region size 1024K, 10 young (10240K), 1 survivors (1024K)
[2020-12-29T07:16:32.259-0500][gc,heap        ] GC(24356)  Metaspace       used 50336K, capacity 52472K, committed 53888K, reserved 1093632K
[2020-12-29T07:16:32.259-0500][gc,heap        ] GC(24356)   class space    used 7457K, capacity 8250K, committed 8832K, reserved 1048576K
[2020-12-29T07:16:32.259-0500][gc,start       ] GC(24356) Pause Young (Normal) (G1 Evacuation Pause)
[2020-12-29T07:16:32.259-0500][gc,task        ] GC(24356) Using 8 workers of 8 for evacuation
[2020-12-29T07:16:32.266-0500][gc,phases      ] GC(24356)   Pre Evacuate Collection Set: 0.0ms
[2020-12-29T07:16:32.267-0500][gc,phases      ] GC(24356)   Evacuate Collection Set: 2.1ms
[2020-12-29T07:16:32.267-0500][gc,phases      ] GC(24356)   Post Evacuate Collection Set: 5.5ms
[2020-12-29T07:16:32.267-0500][gc,phases      ] GC(24356)   Other: 0.5ms
[2020-12-29T07:16:32.267-0500][gc,heap        ] GC(24356) Eden regions: 9->0(9)
[2020-12-29T07:16:32.267-0500][gc,heap        ] GC(24356) Survivor regions: 1->1(2)
[2020-12-29T07:16:32.267-0500][gc,heap        ] GC(24356) Old regions: 41->41
[2020-12-29T07:16:32.267-0500][gc,heap        ] GC(24356) Humongous regions: 4->4
[2020-12-29T07:16:32.267-0500][gc,metaspace   ] GC(24356) Metaspace: 50336K->50336K(1093632K)
[2020-12-29T07:16:32.267-0500][gc,heap        ] GC(24356) Heap after GC invocations=24357 (full 5648): garbage-first heap   total 64512K, used 43406K [0x0000000083000000, 0x0000000100000000)
[2020-12-29T07:16:32.267-0500][gc,heap        ] GC(24356)   region size 1024K, 1 young (1024K), 1 survivors (1024K)
[2020-12-29T07:16:32.267-0500][gc,heap        ] GC(24356)  Metaspace       used 50336K, capacity 52472K, committed 53888K, reserved 1093632K
[2020-12-29T07:16:32.267-0500][gc,heap        ] GC(24356)   class space    used 7457K, capacity 8250K, committed 8832K, reserved 1048576K
[2020-12-29T07:16:32.267-0500][gc             ] GC(24356) Pause Young (Normal) (G1 Evacuation Pause) 51M->42M(63M) 8.397ms
[2020-12-29T07:16:32.267-0500][gc,cpu         ] GC(24356) User=0.02s Sys=0.01s Real=0.00s
[2020-12-29T07:16:45.189-0500][gc,task        ] GC(24357) Using 5 workers of 8 for full compaction
[2020-12-29T07:16:45.189-0500][gc,start       ] GC(24357) Pause Full (System.gc())
[2020-12-29T07:16:45.189-0500][gc,heap        ] GC(24357) Heap before GC invocations=24357 (full 5648): garbage-first heap   total 64512K, used 43406K [0x0000000083000000, 0x0000000100000000)
[2020-12-29T07:16:45.189-0500][gc,heap        ] GC(24357)   region size 1024K, 2 young (2048K), 1 survivors (1024K)
[2020-12-29T07:16:45.189-0500][gc,heap        ] GC(24357)  Metaspace       used 50336K, capacity 52472K, committed 53888K, reserved 1093632K
[2020-12-29T07:16:45.189-0500][gc,heap        ] GC(24357)   class space    used 7457K, capacity 8250K, committed 8832K, reserved 1048576K
[2020-12-29T07:16:45.189-0500][gc,phases,start] GC(24357) Phase 1: Mark live objects
[2020-12-29T07:16:45.227-0500][gc,stringtable ] GC(24357) Cleaned string and symbol table, strings: 33323 processed, 4 removed, symbols: 120973 processed, 0 removed
[2020-12-29T07:16:45.227-0500][gc,phases      ] GC(24357) Phase 1: Mark live objects 37.216ms
[2020-12-29T07:16:45.227-0500][gc,phases,start] GC(24357) Phase 2: Prepare for compaction
[2020-12-29T07:16:45.232-0500][gc,phases      ] GC(24357) Phase 2: Prepare for compaction 5.308ms
[2020-12-29T07:16:45.232-0500][gc,phases,start] GC(24357) Phase 3: Adjust pointers
[2020-12-29T07:16:45.243-0500][gc,phases      ] GC(24357) Phase 3: Adjust pointers 11.087ms
[2020-12-29T07:16:45.243-0500][gc,phases,start] GC(24357) Phase 4: Compact heap
[2020-12-29T07:16:45.246-0500][gc,phases      ] GC(24357) Phase 4: Compact heap 2.773ms
[2020-12-29T07:16:45.250-0500][gc,heap        ] GC(24357) Eden regions: 1->0(10)
[2020-12-29T07:16:45.250-0500][gc,heap        ] GC(24357) Survivor regions: 1->0(2)
[2020-12-29T07:16:45.250-0500][gc,heap        ] GC(24357) Old regions: 41->41
[2020-12-29T07:16:45.250-0500][gc,heap        ] GC(24357) Humongous regions: 4->4
[2020-12-29T07:16:45.250-0500][gc,metaspace   ] GC(24357) Metaspace: 50336K->50336K(1093632K)
[2020-12-29T07:16:45.250-0500][gc,heap        ] GC(24357) Heap after GC invocations=24358 (full 5649): garbage-first heap   total 64512K, used 43329K [0x0000000083000000, 0x0000000100000000)
[2020-12-29T07:16:45.250-0500][gc,heap        ] GC(24357)   region size 1024K, 0 young (0K), 0 survivors (0K)
[2020-12-29T07:16:45.250-0500][gc,heap        ] GC(24357)  Metaspace       used 50336K, capacity 52472K, committed 53888K, reserved 1093632K
[2020-12-29T07:16:45.250-0500][gc,heap        ] GC(24357)   class space    used 7457K, capacity 8250K, committed 8832K, reserved 1048576K
[2020-12-29T07:16:45.250-0500][gc             ] GC(24357) Pause Full (System.gc()) 43M->42M(63M) 61.506ms
[2020-12-29T07:16:45.251-0500][gc,cpu         ] GC(24357) User=0.27s Sys=0.00s Real=0.06s
[2020-12-29T07:19:10.223-0500][gc,heap        ] GC(24358) Heap before GC invocations=24358 (full 5649): garbage-first heap   total 64512K, used 53569K [0x0000000083000000, 0x0000000100000000)
[2020-12-29T07:19:10.223-0500][gc,heap        ] GC(24358)   region size 1024K, 10 young (10240K), 0 survivors (0K)
[2020-12-29T07:19:10.223-0500][gc,heap        ] GC(24358)  Metaspace       used 50336K, capacity 52472K, committed 53888K, reserved 1093632K
[2020-12-29T07:19:10.223-0500][gc,heap        ] GC(24358)   class space    used 7457K, capacity 8250K, committed 8832K, reserved 1048576K
[2020-12-29T07:19:10.224-0500][gc,start       ] GC(24358) Pause Young (Concurrent Start) (G1 Evacuation Pause)
[2020-12-29T07:19:10.224-0500][gc,task        ] GC(24358) Using 8 workers of 8 for evacuation
[2020-12-29T07:19:10.226-0500][gc,phases      ] GC(24358)   Pre Evacuate Collection Set: 0.2ms
[2020-12-29T07:19:10.226-0500][gc,phases      ] GC(24358)   Evacuate Collection Set: 1.2ms
[2020-12-29T07:19:10.226-0500][gc,phases      ] GC(24358)   Post Evacuate Collection Set: 1.2ms
[2020-12-29T07:19:10.226-0500][gc,phases      ] GC(24358)   Other: 0.3ms
[2020-12-29T07:19:10.226-0500][gc,heap        ] GC(24358) Eden regions: 10->0(9)
[2020-12-29T07:19:10.226-0500][gc,heap        ] GC(24358) Survivor regions: 0->1(2)
[2020-12-29T07:19:10.226-0500][gc,heap        ] GC(24358) Old regions: 41->41
[2020-12-29T07:19:10.226-0500][gc,heap        ] GC(24358) Humongous regions: 4->4
[2020-12-29T07:19:10.226-0500][gc,metaspace   ] GC(24358) Metaspace: 50336K->50336K(1093632K)
[2020-12-29T07:19:10.226-0500][gc,heap        ] GC(24358) Heap after GC invocations=24359 (full 5649): garbage-first heap   total 64512K, used 43394K [0x0000000083000000, 0x0000000100000000)
[2020-12-29T07:19:10.227-0500][gc,heap        ] GC(24358)   region size 1024K, 1 young (1024K), 1 survivors (1024K)
[2020-12-29T07:19:10.227-0500][gc,heap        ] GC(24358)  Metaspace       used 50336K, capacity 52472K, committed 53888K, reserved 1093632K
[2020-12-29T07:19:10.227-0500][gc,heap        ] GC(24358)   class space    used 7457K, capacity 8250K, committed 8832K, reserved 1048576K
[2020-12-29T07:19:10.227-0500][gc             ] GC(24358) Pause Young (Concurrent Start) (G1 Evacuation Pause) 52M->42M(63M) 3.005ms
[2020-12-29T07:19:10.227-0500][gc,cpu         ] GC(24358) User=0.00s Sys=0.01s Real=0.00s
[2020-12-29T07:19:10.227-0500][gc             ] GC(24359) Concurrent Cycle
[2020-12-29T07:19:10.227-0500][gc,marking     ] GC(24359) Concurrent Clear Claimed Marks
[2020-12-29T07:19:10.227-0500][gc,marking     ] GC(24359) Concurrent Clear Claimed Marks 0.086ms
[2020-12-29T07:19:10.227-0500][gc,marking     ] GC(24359) Concurrent Scan Root Regions
[2020-12-29T07:19:10.227-0500][gc,marking     ] GC(24359) Concurrent Scan Root Regions 0.582ms
[2020-12-29T07:19:10.227-0500][gc,marking     ] GC(24359) Concurrent Mark (1694547.615s)
[2020-12-29T07:19:10.227-0500][gc,marking     ] GC(24359) Concurrent Mark From Roots
[2020-12-29T07:19:10.227-0500][gc,task        ] GC(24359) Using 2 workers of 2 for marking
[2020-12-29T07:19:10.267-0500][gc,marking     ] GC(24359) Concurrent Mark From Roots 39.135ms
[2020-12-29T07:19:10.267-0500][gc,marking     ] GC(24359) Concurrent Preclean
[2020-12-29T07:19:10.267-0500][gc,marking     ] GC(24359) Concurrent Preclean 0.184ms
[2020-12-29T07:19:10.267-0500][gc,marking     ] GC(24359) Concurrent Mark (1694547.615s, 1694547.654s) 39.407ms
[2020-12-29T07:19:10.267-0500][gc,start       ] GC(24359) Pause Remark
[2020-12-29T07:19:10.272-0500][gc,stringtable ] GC(24359) Cleaned string and symbol table, strings: 33323 processed, 0 removed, symbols: 120973 processed, 0 removed
[2020-12-29T07:19:10.272-0500][gc             ] GC(24359) Pause Remark 42M->42M(63M) 5.280ms
[2020-12-29T07:19:10.273-0500][gc,cpu         ] GC(24359) User=0.03s Sys=0.00s Real=0.01s
[2020-12-29T07:19:10.273-0500][gc,marking     ] GC(24359) Concurrent Rebuild Remembered Sets
[2020-12-29T07:19:10.292-0500][gc,marking     ] GC(24359) Concurrent Rebuild Remembered Sets 19.788ms
[2020-12-29T07:19:10.293-0500][gc,start       ] GC(24359) Pause Cleanup
[2020-12-29T07:19:10.293-0500][gc             ] GC(24359) Pause Cleanup 42M->42M(63M) 0.201ms
[2020-12-29T07:19:10.293-0500][gc,cpu         ] GC(24359) User=0.00s Sys=0.00s Real=0.00s
[2020-12-29T07:19:10.293-0500][gc,marking     ] GC(24359) Concurrent Cleanup for Next Mark
[2020-12-29T07:19:10.293-0500][gc,marking     ] GC(24359) Concurrent Cleanup for Next Mark 0.253ms
[2020-12-29T07:19:10.293-0500][gc             ] GC(24359) Concurrent Cycle 66.741ms
[2020-12-29T07:21:29.063-0500][gc,heap        ] GC(24360) Heap before GC invocations=24360 (full 5649): garbage-first heap   total 64512K, used 51586K [0x0000000083000000, 0x0000000100000000)
[2020-12-29T07:21:29.063-0500][gc,heap        ] GC(24360)   region size 1024K, 10 young (10240K), 1 survivors (1024K)
[2020-12-29T07:21:29.063-0500][gc,heap        ] GC(24360)  Metaspace       used 50336K, capacity 52472K, committed 53888K, reserved 1093632K
[2020-12-29T07:21:29.063-0500][gc,heap        ] GC(24360)   class space    used 7457K, capacity 8250K, committed 8832K, reserved 1048576K
[2020-12-29T07:21:29.063-0500][gc,start       ] GC(24360) Pause Young (Normal) (G1 Evacuation Pause)
[2020-12-29T07:21:29.063-0500][gc,task        ] GC(24360) Using 8 workers of 8 for evacuation
[2020-12-29T07:21:29.066-0500][gc,phases      ] GC(24360)   Pre Evacuate Collection Set: 0.0ms
[2020-12-29T07:21:29.066-0500][gc,phases      ] GC(24360)   Evacuate Collection Set: 1.3ms
[2020-12-29T07:21:29.066-0500][gc,phases      ] GC(24360)   Post Evacuate Collection Set: 1.4ms
[2020-12-29T07:21:29.066-0500][gc,phases      ] GC(24360)   Other: 0.3ms
[2020-12-29T07:21:29.066-0500][gc,heap        ] GC(24360) Eden regions: 9->0(9)
[2020-12-29T07:21:29.066-0500][gc,heap        ] GC(24360) Survivor regions: 1->1(2)
[2020-12-29T07:21:29.066-0500][gc,heap        ] GC(24360) Old regions: 41->41
[2020-12-29T07:21:29.066-0500][gc,heap        ] GC(24360) Humongous regions: 4->4
[2020-12-29T07:21:29.066-0500][gc,metaspace   ] GC(24360) Metaspace: 50336K->50336K(1093632K)
[2020-12-29T07:21:29.066-0500][gc,heap        ] GC(24360) Heap after GC invocations=24361 (full 5649): garbage-first heap   total 64512K, used 43391K [0x0000000083000000, 0x0000000100000000)
[2020-12-29T07:21:29.066-0500][gc,heap        ] GC(24360)   region size 1024K, 1 young (1024K), 1 survivors (1024K)
[2020-12-29T07:21:29.066-0500][gc,heap        ] GC(24360)  Metaspace       used 50336K, capacity 52472K, committed 53888K, reserved 1093632K
[2020-12-29T07:21:29.066-0500][gc,heap        ] GC(24360)   class space    used 7457K, capacity 8250K, committed 8832K, reserved 1048576K
[2020-12-29T07:21:29.066-0500][gc             ] GC(24360) Pause Young (Normal) (G1 Evacuation Pause) 51M->42M(63M) 3.043ms
[2020-12-29T07:21:29.067-0500][gc,cpu         ] GC(24360) User=0.01s Sys=0.00s Real=0.00s
[2020-12-29T07:21:45.190-0500][gc,task        ] GC(24361) Using 5 workers of 8 for full compaction
[2020-12-29T07:21:45.190-0500][gc,start       ] GC(24361) Pause Full (System.gc())
[2020-12-29T07:21:45.190-0500][gc,heap        ] GC(24361) Heap before GC invocations=24361 (full 5649): garbage-first heap   total 64512K, used 43391K [0x0000000083000000, 0x0000000100000000)
[2020-12-29T07:21:45.190-0500][gc,heap        ] GC(24361)   region size 1024K, 2 young (2048K), 1 survivors (1024K)
[2020-12-29T07:21:45.190-0500][gc,heap        ] GC(24361)  Metaspace       used 50336K, capacity 52472K, committed 53888K, reserved 1093632K
[2020-12-29T07:21:45.190-0500][gc,heap        ] GC(24361)   class space    used 7457K, capacity 8250K, committed 8832K, reserved 1048576K
[2020-12-29T07:21:45.191-0500][gc,phases,start] GC(24361) Phase 1: Mark live objects
[2020-12-29T07:21:45.226-0500][gc,stringtable ] GC(24361) Cleaned string and symbol table, strings: 33323 processed, 4 removed, symbols: 120973 processed, 0 removed
[2020-12-29T07:21:45.226-0500][gc,phases      ] GC(24361) Phase 1: Mark live objects 35.273ms
[2020-12-29T07:21:45.226-0500][gc,phases,start] GC(24361) Phase 2: Prepare for compaction
[2020-12-29T07:21:45.231-0500][gc,phases      ] GC(24361) Phase 2: Prepare for compaction 4.929ms
[2020-12-29T07:21:45.231-0500][gc,phases,start] GC(24361) Phase 3: Adjust pointers
[2020-12-29T07:21:45.242-0500][gc,phases      ] GC(24361) Phase 3: Adjust pointers 11.056ms
[2020-12-29T07:21:45.242-0500][gc,phases,start] GC(24361) Phase 4: Compact heap
[2020-12-29T07:21:45.245-0500][gc,phases      ] GC(24361) Phase 4: Compact heap 2.934ms
[2020-12-29T07:21:45.249-0500][gc,heap        ] GC(24361) Eden regions: 1->0(10)
[2020-12-29T07:21:45.249-0500][gc,heap        ] GC(24361) Survivor regions: 1->0(2)
[2020-12-29T07:21:45.249-0500][gc,heap        ] GC(24361) Old regions: 41->41
[2020-12-29T07:21:45.249-0500][gc,heap        ] GC(24361) Humongous regions: 4->4
[2020-12-29T07:21:45.249-0500][gc,metaspace   ] GC(24361) Metaspace: 50336K->50336K(1093632K)
[2020-12-29T07:21:45.249-0500][gc,heap        ] GC(24361) Heap after GC invocations=24362 (full 5650): garbage-first heap   total 64512K, used 43329K [0x0000000083000000, 0x0000000100000000)
[2020-12-29T07:21:45.249-0500][gc,heap        ] GC(24361)   region size 1024K, 0 young (0K), 0 survivors (0K)
[2020-12-29T07:21:45.249-0500][gc,heap        ] GC(24361)  Metaspace       used 50336K, capacity 52472K, committed 53888K, reserved 1093632K
[2020-12-29T07:21:45.249-0500][gc,heap        ] GC(24361)   class space    used 7457K, capacity 8250K, committed 8832K, reserved 1048576K
[2020-12-29T07:21:45.249-0500][gc             ] GC(24361) Pause Full (System.gc()) 43M->42M(63M) 59.187ms
[2020-12-29T07:21:45.249-0500][gc,cpu         ] GC(24361) User=0.25s Sys=0.00s Real=0.06s
[2020-12-29T07:24:09.070-0500][gc,heap        ] GC(24362) Heap before GC invocations=24362 (full 5650): garbage-first heap   total 64512K, used 53569K [0x0000000083000000, 0x0000000100000000)
[2020-12-29T07:24:09.070-0500][gc,heap        ] GC(24362)   region size 1024K, 10 young (10240K), 0 survivors (0K)
[2020-12-29T07:24:09.071-0500][gc,heap        ] GC(24362)  Metaspace       used 50336K, capacity 52472K, committed 53888K, reserved 1093632K
[2020-12-29T07:24:09.071-0500][gc,heap        ] GC(24362)   class space    used 7457K, capacity 8250K, committed 8832K, reserved 1048576K
[2020-12-29T07:24:09.071-0500][gc,start       ] GC(24362) Pause Young (Concurrent Start) (G1 Evacuation Pause)
[2020-12-29T07:24:09.071-0500][gc,task        ] GC(24362) Using 8 workers of 8 for evacuation
[2020-12-29T07:24:09.076-0500][gc,phases      ] GC(24362)   Pre Evacuate Collection Set: 0.4ms
[2020-12-29T07:24:09.076-0500][gc,phases      ] GC(24362)   Evacuate Collection Set: 2.9ms
[2020-12-29T07:24:09.076-0500][gc,phases      ] GC(24362)   Post Evacuate Collection Set: 2.0ms
[2020-12-29T07:24:09.076-0500][gc,phases      ] GC(24362)   Other: 0.6ms
[2020-12-29T07:24:09.076-0500][gc,heap        ] GC(24362) Eden regions: 10->0(9)
[2020-12-29T07:24:09.076-0500][gc,heap        ] GC(24362) Survivor regions: 0->1(2)
[2020-12-29T07:24:09.076-0500][gc,heap        ] GC(24362) Old regions: 41->41
[2020-12-29T07:24:09.076-0500][gc,heap        ] GC(24362) Humongous regions: 4->4
[2020-12-29T07:24:09.076-0500][gc,metaspace   ] GC(24362) Metaspace: 50336K->50336K(1093632K)
[2020-12-29T07:24:09.076-0500][gc,heap        ] GC(24362) Heap after GC invocations=24363 (full 5650): garbage-first heap   total 64512K, used 43394K [0x0000000083000000, 0x0000000100000000)
[2020-12-29T07:24:09.077-0500][gc,heap        ] GC(24362)   region size 1024K, 1 young (1024K), 1 survivors (1024K)
[2020-12-29T07:24:09.077-0500][gc,heap        ] GC(24362)  Metaspace       used 50336K, capacity 52472K, committed 53888K, reserved 1093632K
[2020-12-29T07:24:09.077-0500][gc,heap        ] GC(24362)   class space    used 7457K, capacity 8250K, committed 8832K, reserved 1048576K
[2020-12-29T07:24:09.077-0500][gc             ] GC(24362) Pause Young (Concurrent Start) (G1 Evacuation Pause) 52M->42M(63M) 5.998ms
[2020-12-29T07:24:09.077-0500][gc,cpu         ] GC(24362) User=0.01s Sys=0.00s Real=0.00s
[2020-12-29T07:24:09.077-0500][gc             ] GC(24363) Concurrent Cycle
[2020-12-29T07:24:09.077-0500][gc,marking     ] GC(24363) Concurrent Clear Claimed Marks
[2020-12-29T07:24:09.077-0500][gc,marking     ] GC(24363) Concurrent Clear Claimed Marks 0.128ms
[2020-12-29T07:24:09.077-0500][gc,marking     ] GC(24363) Concurrent Scan Root Regions
[2020-12-29T07:24:09.079-0500][gc,marking     ] GC(24363) Concurrent Scan Root Regions 2.124ms
[2020-12-29T07:24:09.079-0500][gc,marking     ] GC(24363) Concurrent Mark (1694846.467s)
[2020-12-29T07:24:09.080-0500][gc,marking     ] GC(24363) Concurrent Mark From Roots
[2020-12-29T07:24:09.080-0500][gc,task        ] GC(24363) Using 2 workers of 2 for marking
[2020-12-29T07:24:09.138-0500][gc,marking     ] GC(24363) Concurrent Mark From Roots 58.191ms
[2020-12-29T07:24:09.138-0500][gc,marking     ] GC(24363) Concurrent Preclean
[2020-12-29T07:24:09.138-0500][gc,marking     ] GC(24363) Concurrent Preclean 0.151ms
[2020-12-29T07:24:09.138-0500][gc,marking     ] GC(24363) Concurrent Mark (1694846.467s, 1694846.525s) 58.428ms
[2020-12-29T07:24:09.138-0500][gc,start       ] GC(24363) Pause Remark
[2020-12-29T07:24:09.142-0500][gc,stringtable ] GC(24363) Cleaned string and symbol table, strings: 33323 processed, 0 removed, symbols: 120973 processed, 0 removed
[2020-12-29T07:24:09.143-0500][gc             ] GC(24363) Pause Remark 42M->42M(63M) 4.576ms
[2020-12-29T07:24:09.143-0500][gc,cpu         ] GC(24363) User=0.02s Sys=0.00s Real=0.00s
[2020-12-29T07:24:09.143-0500][gc,marking     ] GC(24363) Concurrent Rebuild Remembered Sets
[2020-12-29T07:24:09.162-0500][gc,marking     ] GC(24363) Concurrent Rebuild Remembered Sets 19.103ms
[2020-12-29T07:24:09.162-0500][gc,start       ] GC(24363) Pause Cleanup
[2020-12-29T07:24:09.163-0500][gc             ] GC(24363) Pause Cleanup 42M->42M(63M) 0.196ms
[2020-12-29T07:24:09.163-0500][gc,cpu         ] GC(24363) User=0.00s Sys=0.00s Real=0.00s
[2020-12-29T07:24:09.163-0500][gc,marking     ] GC(24363) Concurrent Cleanup for Next Mark
[2020-12-29T07:24:09.163-0500][gc,marking     ] GC(24363) Concurrent Cleanup for Next Mark 0.104ms
[2020-12-29T07:24:09.163-0500][gc             ] GC(24363) Concurrent Cycle 85.894ms
[2020-12-29T07:26:29.064-0500][gc,heap        ] GC(24364) Heap before GC invocations=24364 (full 5650): garbage-first heap   total 64512K, used 52610K [0x0000000083000000, 0x0000000100000000)
[2020-12-29T07:26:29.064-0500][gc,heap        ] GC(24364)   region size 1024K, 10 young (10240K), 1 survivors (1024K)
[2020-12-29T07:26:29.064-0500][gc,heap        ] GC(24364)  Metaspace       used 50336K, capacity 52472K, committed 53888K, reserved 1093632K
[2020-12-29T07:26:29.064-0500][gc,heap        ] GC(24364)   class space    used 7457K, capacity 8250K, committed 8832K, reserved 1048576K
[2020-12-29T07:26:29.064-0500][gc,start       ] GC(24364) Pause Young (Normal) (G1 Evacuation Pause)
[2020-12-29T07:26:29.064-0500][gc,task        ] GC(24364) Using 8 workers of 8 for evacuation
[2020-12-29T07:26:29.068-0500][gc,phases      ] GC(24364)   Pre Evacuate Collection Set: 0.0ms
[2020-12-29T07:26:29.068-0500][gc,phases      ] GC(24364)   Evacuate Collection Set: 2.0ms
[2020-12-29T07:26:29.068-0500][gc,phases      ] GC(24364)   Post Evacuate Collection Set: 2.2ms
[2020-12-29T07:26:29.068-0500][gc,phases      ] GC(24364)   Other: 0.5ms
[2020-12-29T07:26:29.069-0500][gc,heap        ] GC(24364) Eden regions: 9->0(9)
[2020-12-29T07:26:29.069-0500][gc,heap        ] GC(24364) Survivor regions: 1->1(2)
[2020-12-29T07:26:29.069-0500][gc,heap        ] GC(24364) Old regions: 41->41
[2020-12-29T07:26:29.069-0500][gc,heap        ] GC(24364) Humongous regions: 4->4
[2020-12-29T07:26:29.069-0500][gc,metaspace   ] GC(24364) Metaspace: 50336K->50336K(1093632K)
[2020-12-29T07:26:29.069-0500][gc,heap        ] GC(24364) Heap after GC invocations=24365 (full 5650): garbage-first heap   total 64512K, used 43388K [0x0000000083000000, 0x0000000100000000)
[2020-12-29T07:26:29.069-0500][gc,heap        ] GC(24364)   region size 1024K, 1 young (1024K), 1 survivors (1024K)
[2020-12-29T07:26:29.069-0500][gc,heap        ] GC(24364)  Metaspace       used 50336K, capacity 52472K, committed 53888K, reserved 1093632K
[2020-12-29T07:26:29.069-0500][gc,heap        ] GC(24364)   class space    used 7457K, capacity 8250K, committed 8832K, reserved 1048576K
[2020-12-29T07:26:29.069-0500][gc             ] GC(24364) Pause Young (Normal) (G1 Evacuation Pause) 51M->42M(63M) 4.976ms
[2020-12-29T07:26:29.069-0500][gc,cpu         ] GC(24364) User=0.01s Sys=0.00s Real=0.01s
[2020-12-29T07:26:45.191-0500][gc,task        ] GC(24365) Using 5 workers of 8 for full compaction
[2020-12-29T07:26:45.191-0500][gc,start       ] GC(24365) Pause Full (System.gc())
[2020-12-29T07:26:45.191-0500][gc,heap        ] GC(24365) Heap before GC invocations=24365 (full 5650): garbage-first heap   total 64512K, used 44412K [0x0000000083000000, 0x0000000100000000)
[2020-12-29T07:26:45.191-0500][gc,heap        ] GC(24365)   region size 1024K, 3 young (3072K), 1 survivors (1024K)
[2020-12-29T07:26:45.191-0500][gc,heap        ] GC(24365)  Metaspace       used 50336K, capacity 52472K, committed 53888K, reserved 1093632K
[2020-12-29T07:26:45.191-0500][gc,heap        ] GC(24365)   class space    used 7457K, capacity 8250K, committed 8832K, reserved 1048576K
[2020-12-29T07:26:45.192-0500][gc,phases,start] GC(24365) Phase 1: Mark live objects
[2020-12-29T07:26:45.228-0500][gc,stringtable ] GC(24365) Cleaned string and symbol table, strings: 33323 processed, 4 removed, symbols: 120973 processed, 0 removed
[2020-12-29T07:26:45.228-0500][gc,phases      ] GC(24365) Phase 1: Mark live objects 36.912ms
[2020-12-29T07:26:45.228-0500][gc,phases,start] GC(24365) Phase 2: Prepare for compaction
[2020-12-29T07:26:45.234-0500][gc,phases      ] GC(24365) Phase 2: Prepare for compaction 5.124ms
[2020-12-29T07:26:45.234-0500][gc,phases,start] GC(24365) Phase 3: Adjust pointers
[2020-12-29T07:26:45.245-0500][gc,phases      ] GC(24365) Phase 3: Adjust pointers 11.409ms
[2020-12-29T07:26:45.245-0500][gc,phases,start] GC(24365) Phase 4: Compact heap
[2020-12-29T07:26:45.248-0500][gc,phases      ] GC(24365) Phase 4: Compact heap 2.705ms
[2020-12-29T07:26:45.252-0500][gc,heap        ] GC(24365) Eden regions: 2->0(10)
[2020-12-29T07:26:45.252-0500][gc,heap        ] GC(24365) Survivor regions: 1->0(2)
[2020-12-29T07:26:45.252-0500][gc,heap        ] GC(24365) Old regions: 41->41
[2020-12-29T07:26:45.252-0500][gc,heap        ] GC(24365) Humongous regions: 4->4
[2020-12-29T07:26:45.252-0500][gc,metaspace   ] GC(24365) Metaspace: 50336K->50336K(1093632K)
[2020-12-29T07:26:45.252-0500][gc,heap        ] GC(24365) Heap after GC invocations=24366 (full 5651): garbage-first heap   total 64512K, used 43329K [0x0000000083000000, 0x0000000100000000)
[2020-12-29T07:26:45.252-0500][gc,heap        ] GC(24365)   region size 1024K, 0 young (0K), 0 survivors (0K)
[2020-12-29T07:26:45.252-0500][gc,heap        ] GC(24365)  Metaspace       used 50336K, capacity 52472K, committed 53888K, reserved 1093632K
[2020-12-29T07:26:45.252-0500][gc,heap        ] GC(24365)   class space    used 7457K, capacity 8250K, committed 8832K, reserved 1048576K
[2020-12-29T07:26:45.252-0500][gc             ] GC(24365) Pause Full (System.gc()) 43M->42M(63M) 61.252ms
[2020-12-29T07:26:45.252-0500][gc,cpu         ] GC(24365) User=0.27s Sys=0.00s Real=0.06s
[2020-12-29T07:29:09.067-0500][gc,heap        ] GC(24366) Heap before GC invocations=24366 (full 5651): garbage-first heap   total 64512K, used 52545K [0x0000000083000000, 0x0000000100000000)
[2020-12-29T07:29:09.067-0500][gc,heap        ] GC(24366)   region size 1024K, 10 young (10240K), 0 survivors (0K)
[2020-12-29T07:29:09.067-0500][gc,heap        ] GC(24366)  Metaspace       used 50336K, capacity 52472K, committed 53888K, reserved 1093632K
[2020-12-29T07:29:09.067-0500][gc,heap        ] GC(24366)   class space    used 7457K, capacity 8250K, committed 8832K, reserved 1048576K
[2020-12-29T07:29:09.067-0500][gc,start       ] GC(24366) Pause Young (Concurrent Start) (G1 Evacuation Pause)
[2020-12-29T07:29:09.067-0500][gc,task        ] GC(24366) Using 8 workers of 8 for evacuation
[2020-12-29T07:29:09.073-0500][gc,phases      ] GC(24366)   Pre Evacuate Collection Set: 0.4ms
[2020-12-29T07:29:09.073-0500][gc,phases      ] GC(24366)   Evacuate Collection Set: 2.7ms
[2020-12-29T07:29:09.073-0500][gc,phases      ] GC(24366)   Post Evacuate Collection Set: 2.6ms
[2020-12-29T07:29:09.073-0500][gc,phases      ] GC(24366)   Other: 0.6ms
[2020-12-29T07:29:09.073-0500][gc,heap        ] GC(24366) Eden regions: 10->0(9)
[2020-12-29T07:29:09.073-0500][gc,heap        ] GC(24366) Survivor regions: 0->1(2)
[2020-12-29T07:29:09.073-0500][gc,heap        ] GC(24366) Old regions: 41->41
[2020-12-29T07:29:09.073-0500][gc,heap        ] GC(24366) Humongous regions: 4->4
[2020-12-29T07:29:09.073-0500][gc,metaspace   ] GC(24366) Metaspace: 50336K->50336K(1093632K)
[2020-12-29T07:29:09.073-0500][gc,heap        ] GC(24366) Heap after GC invocations=24367 (full 5651): garbage-first heap   total 64512K, used 43420K [0x0000000083000000, 0x0000000100000000)
[2020-12-29T07:29:09.073-0500][gc,heap        ] GC(24366)   region size 1024K, 1 young (1024K), 1 survivors (1024K)
[2020-12-29T07:29:09.073-0500][gc,heap        ] GC(24366)  Metaspace       used 50336K, capacity 52472K, committed 53888K, reserved 1093632K
[2020-12-29T07:29:09.074-0500][gc,heap        ] GC(24366)   class space    used 7457K, capacity 8250K, committed 8832K, reserved 1048576K
[2020-12-29T07:29:09.074-0500][gc             ] GC(24366) Pause Young (Concurrent Start) (G1 Evacuation Pause) 52M->42M(63M) 6.672ms
[2020-12-29T07:29:09.074-0500][gc,cpu         ] GC(24366) User=0.01s Sys=0.01s Real=0.01s
[2020-12-29T07:29:09.074-0500][gc             ] GC(24367) Concurrent Cycle
[2020-12-29T07:29:09.074-0500][gc,marking     ] GC(24367) Concurrent Clear Claimed Marks
[2020-12-29T07:29:09.074-0500][gc,marking     ] GC(24367) Concurrent Clear Claimed Marks 0.190ms
[2020-12-29T07:29:09.074-0500][gc,marking     ] GC(24367) Concurrent Scan Root Regions
[2020-12-29T07:29:09.076-0500][gc,marking     ] GC(24367) Concurrent Scan Root Regions 2.179ms
[2020-12-29T07:29:09.076-0500][gc,marking     ] GC(24367) Concurrent Mark (1695146.464s)
[2020-12-29T07:29:09.076-0500][gc,marking     ] GC(24367) Concurrent Mark From Roots
[2020-12-29T07:29:09.077-0500][gc,task        ] GC(24367) Using 2 workers of 2 for marking
[2020-12-29T07:29:09.138-0500][gc,marking     ] GC(24367) Concurrent Mark From Roots 61.930ms
[2020-12-29T07:29:09.138-0500][gc,marking     ] GC(24367) Concurrent Preclean
[2020-12-29T07:29:09.139-0500][gc,marking     ] GC(24367) Concurrent Preclean 0.159ms
[2020-12-29T07:29:09.139-0500][gc,marking     ] GC(24367) Concurrent Mark (1695146.464s, 1695146.526s) 62.189ms
[2020-12-29T07:29:09.139-0500][gc,start       ] GC(24367) Pause Remark
[2020-12-29T07:29:09.143-0500][gc,stringtable ] GC(24367) Cleaned string and symbol table, strings: 33323 processed, 0 removed, symbols: 120973 processed, 0 removed
[2020-12-29T07:29:09.143-0500][gc             ] GC(24367) Pause Remark 42M->42M(63M) 4.316ms
[2020-12-29T07:29:09.143-0500][gc,cpu         ] GC(24367) User=0.03s Sys=0.00s Real=0.00s
[2020-12-29T07:29:09.143-0500][gc,marking     ] GC(24367) Concurrent Rebuild Remembered Sets
[2020-12-29T07:29:09.162-0500][gc,marking     ] GC(24367) Concurrent Rebuild Remembered Sets 18.418ms
[2020-12-29T07:29:09.162-0500][gc,start       ] GC(24367) Pause Cleanup
[2020-12-29T07:29:09.163-0500][gc             ] GC(24367) Pause Cleanup 42M->42M(63M) 0.328ms
[2020-12-29T07:29:09.163-0500][gc,cpu         ] GC(24367) User=0.00s Sys=0.00s Real=0.00s
[2020-12-29T07:29:09.163-0500][gc,marking     ] GC(24367) Concurrent Cleanup for Next Mark
[2020-12-29T07:29:09.163-0500][gc,marking     ] GC(24367) Concurrent Cleanup for Next Mark 0.227ms
[2020-12-29T07:29:09.163-0500][gc             ] GC(24367) Concurrent Cycle 89.074ms
[2020-12-29T07:31:29.060-0500][gc,heap        ] GC(24368) Heap before GC invocations=24368 (full 5651): garbage-first heap   total 64512K, used 52636K [0x0000000083000000, 0x0000000100000000)
[2020-12-29T07:31:29.060-0500][gc,heap        ] GC(24368)   region size 1024K, 10 young (10240K), 1 survivors (1024K)
[2020-12-29T07:31:29.060-0500][gc,heap        ] GC(24368)  Metaspace       used 50336K, capacity 52472K, committed 53888K, reserved 1093632K
[2020-12-29T07:31:29.060-0500][gc,heap        ] GC(24368)   class space    used 7457K, capacity 8250K, committed 8832K, reserved 1048576K
[2020-12-29T07:31:29.060-0500][gc,start       ] GC(24368) Pause Young (Normal) (G1 Evacuation Pause)
[2020-12-29T07:31:29.060-0500][gc,task        ] GC(24368) Using 8 workers of 8 for evacuation
[2020-12-29T07:31:29.068-0500][gc,phases      ] GC(24368)   Pre Evacuate Collection Set: 0.0ms
[2020-12-29T07:31:29.068-0500][gc,phases      ] GC(24368)   Evacuate Collection Set: 2.1ms
[2020-12-29T07:31:29.068-0500][gc,phases      ] GC(24368)   Post Evacuate Collection Set: 5.1ms
[2020-12-29T07:31:29.068-0500][gc,phases      ] GC(24368)   Other: 0.6ms
[2020-12-29T07:31:29.068-0500][gc,heap        ] GC(24368) Eden regions: 9->0(9)
[2020-12-29T07:31:29.068-0500][gc,heap        ] GC(24368) Survivor regions: 1->1(2)
[2020-12-29T07:31:29.068-0500][gc,heap        ] GC(24368) Old regions: 41->41
[2020-12-29T07:31:29.068-0500][gc,heap        ] GC(24368) Humongous regions: 4->4
[2020-12-29T07:31:29.068-0500][gc,metaspace   ] GC(24368) Metaspace: 50336K->50336K(1093632K)
[2020-12-29T07:31:29.068-0500][gc,heap        ] GC(24368) Heap after GC invocations=24369 (full 5651): garbage-first heap   total 64512K, used 43414K [0x0000000083000000, 0x0000000100000000)
[2020-12-29T07:31:29.068-0500][gc,heap        ] GC(24368)   region size 1024K, 1 young (1024K), 1 survivors (1024K)
[2020-12-29T07:31:29.068-0500][gc,heap        ] GC(24368)  Metaspace       used 50336K, capacity 52472K, committed 53888K, reserved 1093632K
[2020-12-29T07:31:29.068-0500][gc,heap        ] GC(24368)   class space    used 7457K, capacity 8250K, committed 8832K, reserved 1048576K
[2020-12-29T07:31:29.068-0500][gc             ] GC(24368) Pause Young (Normal) (G1 Evacuation Pause) 51M->42M(63M) 7.890ms
[2020-12-29T07:31:29.068-0500][gc,cpu         ] GC(24368) User=0.03s Sys=0.00s Real=0.01s
[2020-12-29T07:31:45.189-0500][gc,task        ] GC(24369) Using 5 workers of 8 for full compaction
[2020-12-29T07:31:45.190-0500][gc,start       ] GC(24369) Pause Full (System.gc())
[2020-12-29T07:31:45.190-0500][gc,heap        ] GC(24369) Heap before GC invocations=24369 (full 5651): garbage-first heap   total 64512K, used 44438K [0x0000000083000000, 0x0000000100000000)
[2020-12-29T07:31:45.190-0500][gc,heap        ] GC(24369)   region size 1024K, 3 young (3072K), 1 survivors (1024K)
[2020-12-29T07:31:45.190-0500][gc,heap        ] GC(24369)  Metaspace       used 50336K, capacity 52472K, committed 53888K, reserved 1093632K
[2020-12-29T07:31:45.190-0500][gc,heap        ] GC(24369)   class space    used 7457K, capacity 8250K, committed 8832K, reserved 1048576K
[2020-12-29T07:31:45.190-0500][gc,phases,start] GC(24369) Phase 1: Mark live objects
[2020-12-29T07:31:45.228-0500][gc,stringtable ] GC(24369) Cleaned string and symbol table, strings: 33323 processed, 4 removed, symbols: 120973 processed, 0 removed
[2020-12-29T07:31:45.228-0500][gc,phases      ] GC(24369) Phase 1: Mark live objects 38.050ms
[2020-12-29T07:31:45.228-0500][gc,phases,start] GC(24369) Phase 2: Prepare for compaction
[2020-12-29T07:31:45.232-0500][gc,phases      ] GC(24369) Phase 2: Prepare for compaction 3.971ms
[2020-12-29T07:31:45.232-0500][gc,phases,start] GC(24369) Phase 3: Adjust pointers
[2020-12-29T07:31:45.245-0500][gc,phases      ] GC(24369) Phase 3: Adjust pointers 12.775ms
[2020-12-29T07:31:45.245-0500][gc,phases,start] GC(24369) Phase 4: Compact heap
[2020-12-29T07:31:45.249-0500][gc,phases      ] GC(24369) Phase 4: Compact heap 4.173ms
[2020-12-29T07:31:45.254-0500][gc,heap        ] GC(24369) Eden regions: 2->0(9)
[2020-12-29T07:31:45.254-0500][gc,heap        ] GC(24369) Survivor regions: 1->0(2)
[2020-12-29T07:31:45.254-0500][gc,heap        ] GC(24369) Old regions: 41->42
[2020-12-29T07:31:45.254-0500][gc,heap        ] GC(24369) Humongous regions: 4->4
[2020-12-29T07:31:45.254-0500][gc,metaspace   ] GC(24369) Metaspace: 50336K->50336K(1093632K)
[2020-12-29T07:31:45.254-0500][gc,heap        ] GC(24369) Heap after GC invocations=24370 (full 5652): garbage-first heap   total 64512K, used 43330K [0x0000000083000000, 0x0000000100000000)
[2020-12-29T07:31:45.254-0500][gc,heap        ] GC(24369)   region size 1024K, 0 young (0K), 0 survivors (0K)
[2020-12-29T07:31:45.254-0500][gc,heap        ] GC(24369)  Metaspace       used 50336K, capacity 52472K, committed 53888K, reserved 1093632K
[2020-12-29T07:31:45.254-0500][gc,heap        ] GC(24369)   class space    used 7457K, capacity 8250K, committed 8832K, reserved 1048576K
[2020-12-29T07:31:45.254-0500][gc             ] GC(24369) Pause Full (System.gc()) 43M->42M(63M) 64.429ms
[2020-12-29T07:31:45.254-0500][gc,cpu         ] GC(24369) User=0.27s Sys=0.00s Real=0.06s
[2020-12-29T07:33:59.070-0500][gc,heap        ] GC(24370) Heap before GC invocations=24370 (full 5652): garbage-first heap   total 64512K, used 51522K [0x0000000083000000, 0x0000000100000000)
[2020-12-29T07:33:59.070-0500][gc,heap        ] GC(24370)   region size 1024K, 9 young (9216K), 0 survivors (0K)
[2020-12-29T07:33:59.070-0500][gc,heap        ] GC(24370)  Metaspace       used 50336K, capacity 52472K, committed 53888K, reserved 1093632K
[2020-12-29T07:33:59.070-0500][gc,heap        ] GC(24370)   class space    used 7457K, capacity 8250K, committed 8832K, reserved 1048576K
[2020-12-29T07:33:59.070-0500][gc,start       ] GC(24370) Pause Young (Concurrent Start) (G1 Evacuation Pause)
[2020-12-29T07:33:59.070-0500][gc,task        ] GC(24370) Using 8 workers of 8 for evacuation
[2020-12-29T07:33:59.076-0500][gc,phases      ] GC(24370)   Pre Evacuate Collection Set: 0.4ms
[2020-12-29T07:33:59.076-0500][gc,phases      ] GC(24370)   Evacuate Collection Set: 3.1ms
[2020-12-29T07:33:59.076-0500][gc,phases      ] GC(24370)   Post Evacuate Collection Set: 2.6ms
[2020-12-29T07:33:59.076-0500][gc,phases      ] GC(24370)   Other: 0.5ms
[2020-12-29T07:33:59.077-0500][gc,heap        ] GC(24370) Eden regions: 9->0(8)
[2020-12-29T07:33:59.077-0500][gc,heap        ] GC(24370) Survivor regions: 0->1(2)
[2020-12-29T07:33:59.077-0500][gc,heap        ] GC(24370) Old regions: 42->42
[2020-12-29T07:33:59.077-0500][gc,heap        ] GC(24370) Humongous regions: 4->4
[2020-12-29T07:33:59.077-0500][gc,metaspace   ] GC(24370) Metaspace: 50336K->50336K(1093632K)
[2020-12-29T07:33:59.077-0500][gc,heap        ] GC(24370) Heap after GC invocations=24371 (full 5652): garbage-first heap   total 64512K, used 43385K [0x0000000083000000, 0x0000000100000000)
[2020-12-29T07:33:59.077-0500][gc,heap        ] GC(24370)   region size 1024K, 1 young (1024K), 1 survivors (1024K)
[2020-12-29T07:33:59.077-0500][gc,heap        ] GC(24370)  Metaspace       used 50336K, capacity 52472K, committed 53888K, reserved 1093632K
[2020-12-29T07:33:59.077-0500][gc,heap        ] GC(24370)   class space    used 7457K, capacity 8250K, committed 8832K, reserved 1048576K
[2020-12-29T07:33:59.077-0500][gc             ] GC(24370) Pause Young (Concurrent Start) (G1 Evacuation Pause) 51M->42M(63M) 6.816ms
[2020-12-29T07:33:59.077-0500][gc,cpu         ] GC(24370) User=0.01s Sys=0.01s Real=0.00s
[2020-12-29T07:33:59.077-0500][gc             ] GC(24371) Concurrent Cycle
[2020-12-29T07:33:59.077-0500][gc,marking     ] GC(24371) Concurrent Clear Claimed Marks
[2020-12-29T07:33:59.077-0500][gc,marking     ] GC(24371) Concurrent Clear Claimed Marks 0.178ms
[2020-12-29T07:33:59.078-0500][gc,marking     ] GC(24371) Concurrent Scan Root Regions
[2020-12-29T07:33:59.079-0500][gc,marking     ] GC(24371) Concurrent Scan Root Regions 1.475ms
[2020-12-29T07:33:59.079-0500][gc,marking     ] GC(24371) Concurrent Mark (1695436.466s)
[2020-12-29T07:33:59.079-0500][gc,marking     ] GC(24371) Concurrent Mark From Roots
[2020-12-29T07:33:59.079-0500][gc,task        ] GC(24371) Using 2 workers of 2 for marking
[2020-12-29T07:33:59.141-0500][gc,marking     ] GC(24371) Concurrent Mark From Roots 61.841ms
[2020-12-29T07:33:59.141-0500][gc,marking     ] GC(24371) Concurrent Preclean
[2020-12-29T07:33:59.141-0500][gc,marking     ] GC(24371) Concurrent Preclean 0.150ms
[2020-12-29T07:33:59.141-0500][gc,marking     ] GC(24371) Concurrent Mark (1695436.466s, 1695436.528s) 62.106ms
[2020-12-29T07:33:59.142-0500][gc,start       ] GC(24371) Pause Remark
[2020-12-29T07:33:59.146-0500][gc,stringtable ] GC(24371) Cleaned string and symbol table, strings: 33323 processed, 0 removed, symbols: 120973 processed, 0 removed
[2020-12-29T07:33:59.146-0500][gc             ] GC(24371) Pause Remark 42M->42M(63M) 4.800ms
[2020-12-29T07:33:59.146-0500][gc,cpu         ] GC(24371) User=0.02s Sys=0.00s Real=0.00s
[2020-12-29T07:33:59.147-0500][gc,marking     ] GC(24371) Concurrent Rebuild Remembered Sets
[2020-12-29T07:33:59.172-0500][gc,marking     ] GC(24371) Concurrent Rebuild Remembered Sets 24.995ms
[2020-12-29T07:33:59.172-0500][gc,start       ] GC(24371) Pause Cleanup
[2020-12-29T07:33:59.172-0500][gc             ] GC(24371) Pause Cleanup 42M->42M(63M) 0.174ms
[2020-12-29T07:33:59.172-0500][gc,cpu         ] GC(24371) User=0.01s Sys=0.00s Real=0.00s
[2020-12-29T07:33:59.172-0500][gc,marking     ] GC(24371) Concurrent Cleanup for Next Mark
[2020-12-29T07:33:59.172-0500][gc,marking     ] GC(24371) Concurrent Cleanup for Next Mark 0.112ms
[2020-12-29T07:33:59.172-0500][gc             ] GC(24371) Concurrent Cycle 95.202ms
[2020-12-29T07:35:59.073-0500][gc,heap        ] GC(24372) Heap before GC invocations=24372 (full 5652): garbage-first heap   total 64512K, used 50546K [0x0000000083000000, 0x0000000100000000)
[2020-12-29T07:35:59.073-0500][gc,heap        ] GC(24372)   region size 1024K, 9 young (9216K), 1 survivors (1024K)
[2020-12-29T07:35:59.073-0500][gc,heap        ] GC(24372)  Metaspace       used 50336K, capacity 52472K, committed 53888K, reserved 1093632K
[2020-12-29T07:35:59.073-0500][gc,heap        ] GC(24372)   class space    used 7457K, capacity 8250K, committed 8832K, reserved 1048576K
[2020-12-29T07:35:59.074-0500][gc,start       ] GC(24372) Pause Young (Normal) (G1 Evacuation Pause)
[2020-12-29T07:35:59.074-0500][gc,task        ] GC(24372) Using 8 workers of 8 for evacuation
[2020-12-29T07:35:59.078-0500][gc,phases      ] GC(24372)   Pre Evacuate Collection Set: 0.1ms
[2020-12-29T07:35:59.078-0500][gc,phases      ] GC(24372)   Evacuate Collection Set: 1.7ms
[2020-12-29T07:35:59.078-0500][gc,phases      ] GC(24372)   Post Evacuate Collection Set: 1.8ms
[2020-12-29T07:35:59.078-0500][gc,phases      ] GC(24372)   Other: 0.6ms
[2020-12-29T07:35:59.078-0500][gc,heap        ] GC(24372) Eden regions: 8->0(9)
[2020-12-29T07:35:59.078-0500][gc,heap        ] GC(24372) Survivor regions: 1->1(2)
[2020-12-29T07:35:59.078-0500][gc,heap        ] GC(24372) Old regions: 41->41
[2020-12-29T07:35:59.078-0500][gc,heap        ] GC(24372) Humongous regions: 4->4
[2020-12-29T07:35:59.078-0500][gc,metaspace   ] GC(24372) Metaspace: 50336K->50336K(1093632K)
[2020-12-29T07:35:59.078-0500][gc,heap        ] GC(24372) Heap after GC invocations=24373 (full 5652): garbage-first heap   total 64512K, used 43389K [0x0000000083000000, 0x0000000100000000)
[2020-12-29T07:35:59.078-0500][gc,heap        ] GC(24372)   region size 1024K, 1 young (1024K), 1 survivors (1024K)
[2020-12-29T07:35:59.078-0500][gc,heap        ] GC(24372)  Metaspace       used 50336K, capacity 52472K, committed 53888K, reserved 1093632K
[2020-12-29T07:35:59.078-0500][gc,heap        ] GC(24372)   class space    used 7457K, capacity 8250K, committed 8832K, reserved 1048576K
[2020-12-29T07:35:59.078-0500][gc             ] GC(24372) Pause Young (Normal) (G1 Evacuation Pause) 50M->42M(63M) 4.179ms
[2020-12-29T07:35:59.078-0500][gc,cpu         ] GC(24372) User=0.01s Sys=0.00s Real=0.01s
[2020-12-29T07:36:45.190-0500][gc,task        ] GC(24373) Using 5 workers of 8 for full compaction
[2020-12-29T07:36:45.190-0500][gc,start       ] GC(24373) Pause Full (System.gc())
[2020-12-29T07:36:45.190-0500][gc,heap        ] GC(24373) Heap before GC invocations=24373 (full 5652): garbage-first heap   total 64512K, used 45437K [0x0000000083000000, 0x0000000100000000)
[2020-12-29T07:36:45.190-0500][gc,heap        ] GC(24373)   region size 1024K, 4 young (4096K), 1 survivors (1024K)
[2020-12-29T07:36:45.190-0500][gc,heap        ] GC(24373)  Metaspace       used 50336K, capacity 52472K, committed 53888K, reserved 1093632K
[2020-12-29T07:36:45.190-0500][gc,heap        ] GC(24373)   class space    used 7457K, capacity 8250K, committed 8832K, reserved 1048576K
[2020-12-29T07:36:45.191-0500][gc,phases,start] GC(24373) Phase 1: Mark live objects
[2020-12-29T07:36:45.229-0500][gc,stringtable ] GC(24373) Cleaned string and symbol table, strings: 33323 processed, 4 removed, symbols: 120973 processed, 0 removed
[2020-12-29T07:36:45.229-0500][gc,phases      ] GC(24373) Phase 1: Mark live objects 37.590ms
[2020-12-29T07:36:45.229-0500][gc,phases,start] GC(24373) Phase 2: Prepare for compaction
[2020-12-29T07:36:45.233-0500][gc,phases      ] GC(24373) Phase 2: Prepare for compaction 4.192ms
[2020-12-29T07:36:45.233-0500][gc,phases,start] GC(24373) Phase 3: Adjust pointers
[2020-12-29T07:36:45.246-0500][gc,phases      ] GC(24373) Phase 3: Adjust pointers 12.690ms
[2020-12-29T07:36:45.246-0500][gc,phases,start] GC(24373) Phase 4: Compact heap
[2020-12-29T07:36:45.249-0500][gc,phases      ] GC(24373) Phase 4: Compact heap 3.774ms
[2020-12-29T07:36:45.254-0500][gc,heap        ] GC(24373) Eden regions: 3->0(10)
[2020-12-29T07:36:45.254-0500][gc,heap        ] GC(24373) Survivor regions: 1->0(2)
[2020-12-29T07:36:45.254-0500][gc,heap        ] GC(24373) Old regions: 41->41
[2020-12-29T07:36:45.254-0500][gc,heap        ] GC(24373) Humongous regions: 4->4
[2020-12-29T07:36:45.254-0500][gc,metaspace   ] GC(24373) Metaspace: 50336K->50336K(1093632K)
[2020-12-29T07:36:45.254-0500][gc,heap        ] GC(24373) Heap after GC invocations=24374 (full 5653): garbage-first heap   total 64512K, used 43343K [0x0000000083000000, 0x0000000100000000)
[2020-12-29T07:36:45.254-0500][gc,heap        ] GC(24373)   region size 1024K, 0 young (0K), 0 survivors (0K)
[2020-12-29T07:36:45.254-0500][gc,heap        ] GC(24373)  Metaspace       used 50336K, capacity 52472K, committed 53888K, reserved 1093632K
[2020-12-29T07:36:45.254-0500][gc,heap        ] GC(24373)   class space    used 7457K, capacity 8250K, committed 8832K, reserved 1048576K
[2020-12-29T07:36:45.254-0500][gc             ] GC(24373) Pause Full (System.gc()) 45M->42M(63M) 63.485ms
[2020-12-29T07:36:45.254-0500][gc,cpu         ] GC(24373) User=0.27s Sys=0.00s Real=0.06s
[2020-12-29T07:39:09.067-0500][gc,heap        ] GC(24374) Heap before GC invocations=24374 (full 5653): garbage-first heap   total 64512K, used 52559K [0x0000000083000000, 0x0000000100000000)
[2020-12-29T07:39:09.067-0500][gc,heap        ] GC(24374)   region size 1024K, 10 young (10240K), 0 survivors (0K)
[2020-12-29T07:39:09.067-0500][gc,heap        ] GC(24374)  Metaspace       used 50336K, capacity 52472K, committed 53888K, reserved 1093632K
[2020-12-29T07:39:09.067-0500][gc,heap        ] GC(24374)   class space    used 7457K, capacity 8250K, committed 8832K, reserved 1048576K
[2020-12-29T07:39:09.067-0500][gc,start       ] GC(24374) Pause Young (Concurrent Start) (G1 Evacuation Pause)
[2020-12-29T07:39:09.067-0500][gc,task        ] GC(24374) Using 8 workers of 8 for evacuation
[2020-12-29T07:39:09.076-0500][gc,phases      ] GC(24374)   Pre Evacuate Collection Set: 0.4ms
[2020-12-29T07:39:09.076-0500][gc,phases      ] GC(24374)   Evacuate Collection Set: 5.1ms
[2020-12-29T07:39:09.076-0500][gc,phases      ] GC(24374)   Post Evacuate Collection Set: 3.4ms
[2020-12-29T07:39:09.077-0500][gc,phases      ] GC(24374)   Other: 0.9ms
[2020-12-29T07:39:09.077-0500][gc,heap        ] GC(24374) Eden regions: 10->0(9)
[2020-12-29T07:39:09.077-0500][gc,heap        ] GC(24374) Survivor regions: 0->1(2)
[2020-12-29T07:39:09.077-0500][gc,heap        ] GC(24374) Old regions: 41->41
[2020-12-29T07:39:09.077-0500][gc,heap        ] GC(24374) Humongous regions: 4->4
[2020-12-29T07:39:09.077-0500][gc,metaspace   ] GC(24374) Metaspace: 50336K->50336K(1093632K)
[2020-12-29T07:39:09.077-0500][gc,heap        ] GC(24374) Heap after GC invocations=24375 (full 5653): garbage-first heap   total 64512K, used 43413K [0x0000000083000000, 0x0000000100000000)
[2020-12-29T07:39:09.077-0500][gc,heap        ] GC(24374)   region size 1024K, 1 young (1024K), 1 survivors (1024K)
[2020-12-29T07:39:09.077-0500][gc,heap        ] GC(24374)  Metaspace       used 50336K, capacity 52472K, committed 53888K, reserved 1093632K
[2020-12-29T07:39:09.077-0500][gc,heap        ] GC(24374)   class space    used 7457K, capacity 8250K, committed 8832K, reserved 1048576K
[2020-12-29T07:39:09.077-0500][gc             ] GC(24374) Pause Young (Concurrent Start) (G1 Evacuation Pause) 52M->42M(63M) 9.874ms
[2020-12-29T07:39:09.077-0500][gc,cpu         ] GC(24374) User=0.03s Sys=0.00s Real=0.01s
[2020-12-29T07:39:09.077-0500][gc             ] GC(24375) Concurrent Cycle
[2020-12-29T07:39:09.077-0500][gc,marking     ] GC(24375) Concurrent Clear Claimed Marks
[2020-12-29T07:39:09.078-0500][gc,marking     ] GC(24375) Concurrent Clear Claimed Marks 0.417ms
[2020-12-29T07:39:09.078-0500][gc,marking     ] GC(24375) Concurrent Scan Root Regions
[2020-12-29T07:39:09.079-0500][gc,marking     ] GC(24375) Concurrent Scan Root Regions 1.549ms
[2020-12-29T07:39:09.079-0500][gc,marking     ] GC(24375) Concurrent Mark (1695746.467s)
[2020-12-29T07:39:09.080-0500][gc,marking     ] GC(24375) Concurrent Mark From Roots
[2020-12-29T07:39:09.080-0500][gc,task        ] GC(24375) Using 2 workers of 2 for marking
[2020-12-29T07:39:09.138-0500][gc,marking     ] GC(24375) Concurrent Mark From Roots 58.213ms
[2020-12-29T07:39:09.138-0500][gc,marking     ] GC(24375) Concurrent Preclean
[2020-12-29T07:39:09.138-0500][gc,marking     ] GC(24375) Concurrent Preclean 0.159ms
[2020-12-29T07:39:09.138-0500][gc,marking     ] GC(24375) Concurrent Mark (1695746.467s, 1695746.525s) 58.484ms
[2020-12-29T07:39:09.138-0500][gc,start       ] GC(24375) Pause Remark
[2020-12-29T07:39:09.150-0500][gc,stringtable ] GC(24375) Cleaned string and symbol table, strings: 33323 processed, 0 removed, symbols: 120973 processed, 0 removed
[2020-12-29T07:39:09.150-0500][gc             ] GC(24375) Pause Remark 42M->42M(63M) 12.061ms
[2020-12-29T07:39:09.150-0500][gc,cpu         ] GC(24375) User=0.04s Sys=0.00s Real=0.01s
[2020-12-29T07:39:09.150-0500][gc,marking     ] GC(24375) Concurrent Rebuild Remembered Sets
[2020-12-29T07:39:09.171-0500][gc,marking     ] GC(24375) Concurrent Rebuild Remembered Sets 20.118ms
[2020-12-29T07:39:09.171-0500][gc,start       ] GC(24375) Pause Cleanup
[2020-12-29T07:39:09.171-0500][gc             ] GC(24375) Pause Cleanup 42M->42M(63M) 0.211ms
[2020-12-29T07:39:09.171-0500][gc,cpu         ] GC(24375) User=0.00s Sys=0.00s Real=0.00s
[2020-12-29T07:39:09.171-0500][gc,marking     ] GC(24375) Concurrent Cleanup for Next Mark
[2020-12-29T07:39:09.172-0500][gc,marking     ] GC(24375) Concurrent Cleanup for Next Mark 0.372ms
[2020-12-29T07:39:09.172-0500][gc             ] GC(24375) Concurrent Cycle 94.412ms
[2020-12-29T07:41:21.320-0500][gc,heap        ] GC(24376) Heap before GC invocations=24376 (full 5653): garbage-first heap   total 64512K, used 51605K [0x0000000083000000, 0x0000000100000000)
[2020-12-29T07:41:21.320-0500][gc,heap        ] GC(24376)   region size 1024K, 10 young (10240K), 1 survivors (1024K)
[2020-12-29T07:41:21.320-0500][gc,heap        ] GC(24376)  Metaspace       used 50336K, capacity 52472K, committed 53888K, reserved 1093632K
[2020-12-29T07:41:21.320-0500][gc,heap        ] GC(24376)   class space    used 7457K, capacity 8250K, committed 8832K, reserved 1048576K
[2020-12-29T07:41:21.320-0500][gc,start       ] GC(24376) Pause Young (Normal) (G1 Evacuation Pause)
[2020-12-29T07:41:21.320-0500][gc,task        ] GC(24376) Using 8 workers of 8 for evacuation
[2020-12-29T07:41:21.323-0500][gc,phases      ] GC(24376)   Pre Evacuate Collection Set: 0.0ms
[2020-12-29T07:41:21.323-0500][gc,phases      ] GC(24376)   Evacuate Collection Set: 1.0ms
[2020-12-29T07:41:21.323-0500][gc,phases      ] GC(24376)   Post Evacuate Collection Set: 1.8ms
[2020-12-29T07:41:21.323-0500][gc,phases      ] GC(24376)   Other: 0.3ms
[2020-12-29T07:41:21.323-0500][gc,heap        ] GC(24376) Eden regions: 9->0(9)
[2020-12-29T07:41:21.323-0500][gc,heap        ] GC(24376) Survivor regions: 1->1(2)
[2020-12-29T07:41:21.323-0500][gc,heap        ] GC(24376) Old regions: 41->41
[2020-12-29T07:41:21.323-0500][gc,heap        ] GC(24376) Humongous regions: 4->4
[2020-12-29T07:41:21.323-0500][gc,metaspace   ] GC(24376) Metaspace: 50336K->50336K(1093632K)
[2020-12-29T07:41:21.323-0500][gc,heap        ] GC(24376) Heap after GC invocations=24377 (full 5653): garbage-first heap   total 64512K, used 43416K [0x0000000083000000, 0x0000000100000000)
[2020-12-29T07:41:21.323-0500][gc,heap        ] GC(24376)   region size 1024K, 1 young (1024K), 1 survivors (1024K)
[2020-12-29T07:41:21.323-0500][gc,heap        ] GC(24376)  Metaspace       used 50336K, capacity 52472K, committed 53888K, reserved 1093632K
[2020-12-29T07:41:21.323-0500][gc,heap        ] GC(24376)   class space    used 7457K, capacity 8250K, committed 8832K, reserved 1048576K
[2020-12-29T07:41:21.323-0500][gc             ] GC(24376) Pause Young (Normal) (G1 Evacuation Pause) 51M->42M(63M) 3.233ms
[2020-12-29T07:41:21.323-0500][gc,cpu         ] GC(24376) User=0.01s Sys=0.00s Real=0.00s
[2020-12-29T07:41:45.191-0500][gc,task        ] GC(24377) Using 5 workers of 8 for full compaction
[2020-12-29T07:41:45.191-0500][gc,start       ] GC(24377) Pause Full (System.gc())
[2020-12-29T07:41:45.191-0500][gc,heap        ] GC(24377) Heap before GC invocations=24377 (full 5653): garbage-first heap   total 64512K, used 44440K [0x0000000083000000, 0x0000000100000000)
[2020-12-29T07:41:45.191-0500][gc,heap        ] GC(24377)   region size 1024K, 3 young (3072K), 1 survivors (1024K)
[2020-12-29T07:41:45.191-0500][gc,heap        ] GC(24377)  Metaspace       used 50336K, capacity 52472K, committed 53888K, reserved 1093632K
[2020-12-29T07:41:45.191-0500][gc,heap        ] GC(24377)   class space    used 7457K, capacity 8250K, committed 8832K, reserved 1048576K
[2020-12-29T07:41:45.192-0500][gc,phases,start] GC(24377) Phase 1: Mark live objects
[2020-12-29T07:41:45.214-0500][gc,stringtable ] GC(24377) Cleaned string and symbol table, strings: 33323 processed, 4 removed, symbols: 120973 processed, 0 removed
[2020-12-29T07:41:45.214-0500][gc,phases      ] GC(24377) Phase 1: Mark live objects 22.028ms
[2020-12-29T07:41:45.214-0500][gc,phases,start] GC(24377) Phase 2: Prepare for compaction
[2020-12-29T07:41:45.217-0500][gc,phases      ] GC(24377) Phase 2: Prepare for compaction 3.502ms
[2020-12-29T07:41:45.217-0500][gc,phases,start] GC(24377) Phase 3: Adjust pointers
[2020-12-29T07:41:45.228-0500][gc,phases      ] GC(24377) Phase 3: Adjust pointers 10.766ms
[2020-12-29T07:41:45.228-0500][gc,phases,start] GC(24377) Phase 4: Compact heap
[2020-12-29T07:41:45.231-0500][gc,phases      ] GC(24377) Phase 4: Compact heap 2.966ms
[2020-12-29T07:41:45.237-0500][gc,heap        ] GC(24377) Eden regions: 2->0(10)
[2020-12-29T07:41:45.237-0500][gc,heap        ] GC(24377) Survivor regions: 1->0(2)
[2020-12-29T07:41:45.237-0500][gc,heap        ] GC(24377) Old regions: 41->41
[2020-12-29T07:41:45.237-0500][gc,heap        ] GC(24377) Humongous regions: 4->4
[2020-12-29T07:41:45.237-0500][gc,metaspace   ] GC(24377) Metaspace: 50336K->50336K(1093632K)
[2020-12-29T07:41:45.237-0500][gc,heap        ] GC(24377) Heap after GC invocations=24378 (full 5654): garbage-first heap   total 64512K, used 43330K [0x0000000083000000, 0x0000000100000000)
[2020-12-29T07:41:45.237-0500][gc,heap        ] GC(24377)   region size 1024K, 0 young (0K), 0 survivors (0K)
[2020-12-29T07:41:45.237-0500][gc,heap        ] GC(24377)  Metaspace       used 50336K, capacity 52472K, committed 53888K, reserved 1093632K
[2020-12-29T07:41:45.237-0500][gc,heap        ] GC(24377)   class space    used 7457K, capacity 8250K, committed 8832K, reserved 1048576K
[2020-12-29T07:41:45.237-0500][gc             ] GC(24377) Pause Full (System.gc()) 43M->42M(63M) 45.464ms
[2020-12-29T07:41:45.237-0500][gc,cpu         ] GC(24377) User=0.19s Sys=0.00s Real=0.04s
[2020-12-29T07:44:09.534-0500][gc,heap        ] GC(24378) Heap before GC invocations=24378 (full 5654): garbage-first heap   total 64512K, used 53570K [0x0000000083000000, 0x0000000100000000)
[2020-12-29T07:44:09.534-0500][gc,heap        ] GC(24378)   region size 1024K, 10 young (10240K), 0 survivors (0K)
[2020-12-29T07:44:09.534-0500][gc,heap        ] GC(24378)  Metaspace       used 50336K, capacity 52472K, committed 53888K, reserved 1093632K
[2020-12-29T07:44:09.534-0500][gc,heap        ] GC(24378)   class space    used 7457K, capacity 8250K, committed 8832K, reserved 1048576K
[2020-12-29T07:44:09.535-0500][gc,start       ] GC(24378) Pause Young (Concurrent Start) (G1 Evacuation Pause)
[2020-12-29T07:44:09.535-0500][gc,task        ] GC(24378) Using 8 workers of 8 for evacuation
[2020-12-29T07:44:09.538-0500][gc,phases      ] GC(24378)   Pre Evacuate Collection Set: 0.3ms
[2020-12-29T07:44:09.538-0500][gc,phases      ] GC(24378)   Evacuate Collection Set: 2.4ms
[2020-12-29T07:44:09.538-0500][gc,phases      ] GC(24378)   Post Evacuate Collection Set: 1.0ms
[2020-12-29T07:44:09.538-0500][gc,phases      ] GC(24378)   Other: 0.3ms
[2020-12-29T07:44:09.538-0500][gc,heap        ] GC(24378) Eden regions: 10->0(9)
[2020-12-29T07:44:09.538-0500][gc,heap        ] GC(24378) Survivor regions: 0->1(2)
[2020-12-29T07:44:09.538-0500][gc,heap        ] GC(24378) Old regions: 41->41
[2020-12-29T07:44:09.538-0500][gc,heap        ] GC(24378) Humongous regions: 4->4
[2020-12-29T07:44:09.538-0500][gc,metaspace   ] GC(24378) Metaspace: 50336K->50336K(1093632K)
[2020-12-29T07:44:09.538-0500][gc,heap        ] GC(24378) Heap after GC invocations=24379 (full 5654): garbage-first heap   total 64512K, used 43405K [0x0000000083000000, 0x0000000100000000)
[2020-12-29T07:44:09.538-0500][gc,heap        ] GC(24378)   region size 1024K, 1 young (1024K), 1 survivors (1024K)
[2020-12-29T07:44:09.538-0500][gc,heap        ] GC(24378)  Metaspace       used 50336K, capacity 52472K, committed 53888K, reserved 1093632K
[2020-12-29T07:44:09.538-0500][gc,heap        ] GC(24378)   class space    used 7457K, capacity 8250K, committed 8832K, reserved 1048576K
[2020-12-29T07:44:09.538-0500][gc             ] GC(24378) Pause Young (Concurrent Start) (G1 Evacuation Pause) 52M->42M(63M) 3.977ms
[2020-12-29T07:44:09.539-0500][gc,cpu         ] GC(24378) User=0.01s Sys=0.01s Real=0.01s
[2020-12-29T07:44:09.539-0500][gc             ] GC(24379) Concurrent Cycle
[2020-12-29T07:44:09.539-0500][gc,marking     ] GC(24379) Concurrent Clear Claimed Marks
[2020-12-29T07:44:09.539-0500][gc,marking     ] GC(24379) Concurrent Clear Claimed Marks 0.206ms
[2020-12-29T07:44:09.539-0500][gc,marking     ] GC(24379) Concurrent Scan Root Regions
[2020-12-29T07:44:09.540-0500][gc,marking     ] GC(24379) Concurrent Scan Root Regions 1.311ms
[2020-12-29T07:44:09.540-0500][gc,marking     ] GC(24379) Concurrent Mark (1696046.927s)
[2020-12-29T07:44:09.540-0500][gc,marking     ] GC(24379) Concurrent Mark From Roots
[2020-12-29T07:44:09.540-0500][gc,task        ] GC(24379) Using 2 workers of 2 for marking
[2020-12-29T07:44:09.585-0500][gc,marking     ] GC(24379) Concurrent Mark From Roots 44.467ms
[2020-12-29T07:44:09.585-0500][gc,marking     ] GC(24379) Concurrent Preclean
[2020-12-29T07:44:09.585-0500][gc,marking     ] GC(24379) Concurrent Preclean 0.175ms
[2020-12-29T07:44:09.585-0500][gc,marking     ] GC(24379) Concurrent Mark (1696046.927s, 1696046.972s) 44.730ms
[2020-12-29T07:44:09.585-0500][gc,start       ] GC(24379) Pause Remark
[2020-12-29T07:44:09.590-0500][gc,stringtable ] GC(24379) Cleaned string and symbol table, strings: 33323 processed, 0 removed, symbols: 120973 processed, 0 removed
[2020-12-29T07:44:09.590-0500][gc             ] GC(24379) Pause Remark 42M->42M(63M) 4.898ms
[2020-12-29T07:44:09.590-0500][gc,cpu         ] GC(24379) User=0.02s Sys=0.00s Real=0.01s
[2020-12-29T07:44:09.590-0500][gc,marking     ] GC(24379) Concurrent Rebuild Remembered Sets
[2020-12-29T07:44:09.611-0500][gc,marking     ] GC(24379) Concurrent Rebuild Remembered Sets 20.032ms
[2020-12-29T07:44:09.611-0500][gc,start       ] GC(24379) Pause Cleanup
[2020-12-29T07:44:09.611-0500][gc             ] GC(24379) Pause Cleanup 42M->42M(63M) 0.206ms
[2020-12-29T07:44:09.611-0500][gc,cpu         ] GC(24379) User=0.00s Sys=0.00s Real=0.00s
[2020-12-29T07:44:09.611-0500][gc,marking     ] GC(24379) Concurrent Cleanup for Next Mark
[2020-12-29T07:44:09.611-0500][gc,marking     ] GC(24379) Concurrent Cleanup for Next Mark 0.148ms
[2020-12-29T07:44:09.612-0500][gc             ] GC(24379) Concurrent Cycle 72.855ms
[2020-12-29T07:46:23.282-0500][gc,heap        ] GC(24380) Heap before GC invocations=24380 (full 5654): garbage-first heap   total 64512K, used 51597K [0x0000000083000000, 0x0000000100000000)
[2020-12-29T07:46:23.282-0500][gc,heap        ] GC(24380)   region size 1024K, 10 young (10240K), 1 survivors (1024K)
[2020-12-29T07:46:23.282-0500][gc,heap        ] GC(24380)  Metaspace       used 50336K, capacity 52472K, committed 53888K, reserved 1093632K
[2020-12-29T07:46:23.282-0500][gc,heap        ] GC(24380)   class space    used 7457K, capacity 8250K, committed 8832K, reserved 1048576K
[2020-12-29T07:46:23.282-0500][gc,start       ] GC(24380) Pause Young (Normal) (G1 Evacuation Pause)
[2020-12-29T07:46:23.282-0500][gc,task        ] GC(24380) Using 8 workers of 8 for evacuation
[2020-12-29T07:46:23.283-0500][gc,phases      ] GC(24380)   Pre Evacuate Collection Set: 0.0ms
[2020-12-29T07:46:23.283-0500][gc,phases      ] GC(24380)   Evacuate Collection Set: 0.8ms
[2020-12-29T07:46:23.283-0500][gc,phases      ] GC(24380)   Post Evacuate Collection Set: 0.9ms
[2020-12-29T07:46:23.284-0500][gc,phases      ] GC(24380)   Other: 0.2ms
[2020-12-29T07:46:23.284-0500][gc,heap        ] GC(24380) Eden regions: 9->0(9)
[2020-12-29T07:46:23.284-0500][gc,heap        ] GC(24380) Survivor regions: 1->1(2)
[2020-12-29T07:46:23.284-0500][gc,heap        ] GC(24380) Old regions: 41->41
[2020-12-29T07:46:23.284-0500][gc,heap        ] GC(24380) Humongous regions: 4->4
[2020-12-29T07:46:23.284-0500][gc,metaspace   ] GC(24380) Metaspace: 50336K->50336K(1093632K)
[2020-12-29T07:46:23.284-0500][gc,heap        ] GC(24380) Heap after GC invocations=24381 (full 5654): garbage-first heap   total 64512K, used 43403K [0x0000000083000000, 0x0000000100000000)
[2020-12-29T07:46:23.284-0500][gc,heap        ] GC(24380)   region size 1024K, 1 young (1024K), 1 survivors (1024K)
[2020-12-29T07:46:23.284-0500][gc,heap        ] GC(24380)  Metaspace       used 50336K, capacity 52472K, committed 53888K, reserved 1093632K
[2020-12-29T07:46:23.284-0500][gc,heap        ] GC(24380)   class space    used 7457K, capacity 8250K, committed 8832K, reserved 1048576K
[2020-12-29T07:46:23.284-0500][gc             ] GC(24380) Pause Young (Normal) (G1 Evacuation Pause) 51M->42M(63M) 1.929ms
[2020-12-29T07:46:23.284-0500][gc,cpu         ] GC(24380) User=0.00s Sys=0.00s Real=0.00s
[2020-12-29T07:46:45.192-0500][gc,task        ] GC(24381) Using 5 workers of 8 for full compaction
[2020-12-29T07:46:45.192-0500][gc,start       ] GC(24381) Pause Full (System.gc())
[2020-12-29T07:46:45.192-0500][gc,heap        ] GC(24381) Heap before GC invocations=24381 (full 5654): garbage-first heap   total 64512K, used 44427K [0x0000000083000000, 0x0000000100000000)
[2020-12-29T07:46:45.192-0500][gc,heap        ] GC(24381)   region size 1024K, 3 young (3072K), 1 survivors (1024K)
[2020-12-29T07:46:45.192-0500][gc,heap        ] GC(24381)  Metaspace       used 50336K, capacity 52472K, committed 53888K, reserved 1093632K
[2020-12-29T07:46:45.192-0500][gc,heap        ] GC(24381)   class space    used 7457K, capacity 8250K, committed 8832K, reserved 1048576K
[2020-12-29T07:46:45.192-0500][gc,phases,start] GC(24381) Phase 1: Mark live objects
[2020-12-29T07:46:45.214-0500][gc,stringtable ] GC(24381) Cleaned string and symbol table, strings: 33323 processed, 4 removed, symbols: 120973 processed, 0 removed
[2020-12-29T07:46:45.214-0500][gc,phases      ] GC(24381) Phase 1: Mark live objects 21.477ms
[2020-12-29T07:46:45.214-0500][gc,phases,start] GC(24381) Phase 2: Prepare for compaction
[2020-12-29T07:46:45.218-0500][gc,phases      ] GC(24381) Phase 2: Prepare for compaction 4.518ms
[2020-12-29T07:46:45.218-0500][gc,phases,start] GC(24381) Phase 3: Adjust pointers
[2020-12-29T07:46:45.231-0500][gc,phases      ] GC(24381) Phase 3: Adjust pointers 12.684ms
[2020-12-29T07:46:45.231-0500][gc,phases,start] GC(24381) Phase 4: Compact heap
[2020-12-29T07:46:45.234-0500][gc,phases      ] GC(24381) Phase 4: Compact heap 2.753ms
[2020-12-29T07:46:45.238-0500][gc,heap        ] GC(24381) Eden regions: 2->0(10)
[2020-12-29T07:46:45.238-0500][gc,heap        ] GC(24381) Survivor regions: 1->0(2)
[2020-12-29T07:46:45.238-0500][gc,heap        ] GC(24381) Old regions: 41->41
[2020-12-29T07:46:45.238-0500][gc,heap        ] GC(24381) Humongous regions: 4->4
[2020-12-29T07:46:45.238-0500][gc,metaspace   ] GC(24381) Metaspace: 50336K->50336K(1093632K)
[2020-12-29T07:46:45.238-0500][gc,heap        ] GC(24381) Heap after GC invocations=24382 (full 5655): garbage-first heap   total 64512K, used 43331K [0x0000000083000000, 0x0000000100000000)
[2020-12-29T07:46:45.238-0500][gc,heap        ] GC(24381)   region size 1024K, 0 young (0K), 0 survivors (0K)
[2020-12-29T07:46:45.238-0500][gc,heap        ] GC(24381)  Metaspace       used 50336K, capacity 52472K, committed 53888K, reserved 1093632K
[2020-12-29T07:46:45.238-0500][gc,heap        ] GC(24381)   class space    used 7457K, capacity 8250K, committed 8832K, reserved 1048576K
[2020-12-29T07:46:45.239-0500][gc             ] GC(24381) Pause Full (System.gc()) 43M->42M(63M) 46.632ms
[2020-12-29T07:46:45.239-0500][gc,cpu         ] GC(24381) User=0.19s Sys=0.00s Real=0.05s
[2020-12-29T07:49:19.060-0500][gc,heap        ] GC(24382) Heap before GC invocations=24382 (full 5655): garbage-first heap   total 64512K, used 52547K [0x0000000083000000, 0x0000000100000000)
[2020-12-29T07:49:19.060-0500][gc,heap        ] GC(24382)   region size 1024K, 10 young (10240K), 0 survivors (0K)
[2020-12-29T07:49:19.060-0500][gc,heap        ] GC(24382)  Metaspace       used 50336K, capacity 52472K, committed 53888K, reserved 1093632K
[2020-12-29T07:49:19.060-0500][gc,heap        ] GC(24382)   class space    used 7457K, capacity 8250K, committed 8832K, reserved 1048576K
[2020-12-29T07:49:19.060-0500][gc,start       ] GC(24382) Pause Young (Concurrent Start) (G1 Evacuation Pause)
[2020-12-29T07:49:19.060-0500][gc,task        ] GC(24382) Using 8 workers of 8 for evacuation
[2020-12-29T07:49:19.123-0500][gc,phases      ] GC(24382)   Pre Evacuate Collection Set: 0.3ms
[2020-12-29T07:49:19.124-0500][gc,phases      ] GC(24382)   Evacuate Collection Set: 35.6ms
[2020-12-29T07:49:19.124-0500][gc,phases      ] GC(24382)   Post Evacuate Collection Set: 27.2ms
[2020-12-29T07:49:19.124-0500][gc,phases      ] GC(24382)   Other: 0.3ms
[2020-12-29T07:49:19.124-0500][gc,heap        ] GC(24382) Eden regions: 10->0(9)
[2020-12-29T07:49:19.124-0500][gc,heap        ] GC(24382) Survivor regions: 0->1(2)
[2020-12-29T07:49:19.124-0500][gc,heap        ] GC(24382) Old regions: 41->41
[2020-12-29T07:49:19.124-0500][gc,heap        ] GC(24382) Humongous regions: 4->4
[2020-12-29T07:49:19.124-0500][gc,metaspace   ] GC(24382) Metaspace: 50336K->50336K(1093632K)
[2020-12-29T07:49:19.124-0500][gc,heap        ] GC(24382) Heap after GC invocations=24383 (full 5655): garbage-first heap   total 64512K, used 43394K [0x0000000083000000, 0x0000000100000000)
[2020-12-29T07:49:19.124-0500][gc,heap        ] GC(24382)   region size 1024K, 1 young (1024K), 1 survivors (1024K)
[2020-12-29T07:49:19.124-0500][gc,heap        ] GC(24382)  Metaspace       used 50336K, capacity 52472K, committed 53888K, reserved 1093632K
[2020-12-29T07:49:19.124-0500][gc,heap        ] GC(24382)   class space    used 7457K, capacity 8250K, committed 8832K, reserved 1048576K
[2020-12-29T07:49:19.124-0500][gc             ] GC(24382) Pause Young (Concurrent Start) (G1 Evacuation Pause) 52M->42M(63M) 63.463ms
[2020-12-29T07:49:19.124-0500][gc,cpu         ] GC(24382) User=0.35s Sys=0.00s Real=0.06s
[2020-12-29T07:49:19.124-0500][gc             ] GC(24383) Concurrent Cycle
[2020-12-29T07:49:19.124-0500][gc,marking     ] GC(24383) Concurrent Clear Claimed Marks
[2020-12-29T07:49:19.124-0500][gc,marking     ] GC(24383) Concurrent Clear Claimed Marks 0.187ms
[2020-12-29T07:49:19.124-0500][gc,marking     ] GC(24383) Concurrent Scan Root Regions
[2020-12-29T07:49:19.125-0500][gc,marking     ] GC(24383) Concurrent Scan Root Regions 0.581ms
[2020-12-29T07:49:19.125-0500][gc,marking     ] GC(24383) Concurrent Mark (1696356.512s)
[2020-12-29T07:49:19.125-0500][gc,marking     ] GC(24383) Concurrent Mark From Roots
[2020-12-29T07:49:19.125-0500][gc,task        ] GC(24383) Using 2 workers of 2 for marking
[2020-12-29T07:49:19.188-0500][gc,marking     ] GC(24383) Concurrent Mark From Roots 63.046ms
[2020-12-29T07:49:19.188-0500][gc,marking     ] GC(24383) Concurrent Preclean
[2020-12-29T07:49:19.188-0500][gc,marking     ] GC(24383) Concurrent Preclean 0.160ms
[2020-12-29T07:49:19.188-0500][gc,marking     ] GC(24383) Concurrent Mark (1696356.512s, 1696356.575s) 63.292ms
[2020-12-29T07:49:19.189-0500][gc,start       ] GC(24383) Pause Remark
[2020-12-29T07:49:19.194-0500][gc,stringtable ] GC(24383) Cleaned string and symbol table, strings: 33323 processed, 0 removed, symbols: 120973 processed, 0 removed
[2020-12-29T07:49:19.195-0500][gc             ] GC(24383) Pause Remark 42M->42M(63M) 6.368ms
[2020-12-29T07:49:19.195-0500][gc,cpu         ] GC(24383) User=0.03s Sys=0.00s Real=0.00s
[2020-12-29T07:49:19.195-0500][gc,marking     ] GC(24383) Concurrent Rebuild Remembered Sets
[2020-12-29T07:49:19.220-0500][gc,marking     ] GC(24383) Concurrent Rebuild Remembered Sets 24.933ms
[2020-12-29T07:49:19.221-0500][gc,start       ] GC(24383) Pause Cleanup
[2020-12-29T07:49:19.221-0500][gc             ] GC(24383) Pause Cleanup 42M->42M(63M) 0.343ms
[2020-12-29T07:49:19.221-0500][gc,cpu         ] GC(24383) User=0.00s Sys=0.00s Real=0.00s
[2020-12-29T07:49:19.221-0500][gc,marking     ] GC(24383) Concurrent Cleanup for Next Mark
[2020-12-29T07:49:19.221-0500][gc,marking     ] GC(24383) Concurrent Cleanup for Next Mark 0.234ms
[2020-12-29T07:49:19.221-0500][gc             ] GC(24383) Concurrent Cycle 97.654ms
[2020-12-29T07:51:30.121-0500][gc,heap        ] GC(24384) Heap before GC invocations=24384 (full 5655): garbage-first heap   total 64512K, used 51586K [0x0000000083000000, 0x0000000100000000)
[2020-12-29T07:51:30.121-0500][gc,heap        ] GC(24384)   region size 1024K, 10 young (10240K), 1 survivors (1024K)
[2020-12-29T07:51:30.121-0500][gc,heap        ] GC(24384)  Metaspace       used 50336K, capacity 52472K, committed 53888K, reserved 1093632K
[2020-12-29T07:51:30.121-0500][gc,heap        ] GC(24384)   class space    used 7457K, capacity 8250K, committed 8832K, reserved 1048576K
[2020-12-29T07:51:30.121-0500][gc,start       ] GC(24384) Pause Young (Normal) (G1 Evacuation Pause)
[2020-12-29T07:51:30.121-0500][gc,task        ] GC(24384) Using 8 workers of 8 for evacuation
[2020-12-29T07:51:30.160-0500][gc,phases      ] GC(24384)   Pre Evacuate Collection Set: 0.0ms
[2020-12-29T07:51:30.160-0500][gc,phases      ] GC(24384)   Evacuate Collection Set: 0.8ms
[2020-12-29T07:51:30.160-0500][gc,phases      ] GC(24384)   Post Evacuate Collection Set: 37.9ms
[2020-12-29T07:51:30.160-0500][gc,phases      ] GC(24384)   Other: 0.3ms
[2020-12-29T07:51:30.160-0500][gc,heap        ] GC(24384) Eden regions: 9->0(9)
[2020-12-29T07:51:30.160-0500][gc,heap        ] GC(24384) Survivor regions: 1->1(2)
[2020-12-29T07:51:30.160-0500][gc,heap        ] GC(24384) Old regions: 41->41
[2020-12-29T07:51:30.160-0500][gc,heap        ] GC(24384) Humongous regions: 4->4
[2020-12-29T07:51:30.160-0500][gc,metaspace   ] GC(24384) Metaspace: 50336K->50336K(1093632K)
[2020-12-29T07:51:30.160-0500][gc,heap        ] GC(24384) Heap after GC invocations=24385 (full 5655): garbage-first heap   total 64512K, used 43396K [0x0000000083000000, 0x0000000100000000)
[2020-12-29T07:51:30.160-0500][gc,heap        ] GC(24384)   region size 1024K, 1 young (1024K), 1 survivors (1024K)
[2020-12-29T07:51:30.160-0500][gc,heap        ] GC(24384)  Metaspace       used 50336K, capacity 52472K, committed 53888K, reserved 1093632K
[2020-12-29T07:51:30.160-0500][gc,heap        ] GC(24384)   class space    used 7457K, capacity 8250K, committed 8832K, reserved 1048576K
[2020-12-29T07:51:30.160-0500][gc             ] GC(24384) Pause Young (Normal) (G1 Evacuation Pause) 51M->42M(63M) 39.108ms
[2020-12-29T07:51:30.160-0500][gc,cpu         ] GC(24384) User=0.21s Sys=0.00s Real=0.04s
[2020-12-29T07:51:45.190-0500][gc,task        ] GC(24385) Using 5 workers of 8 for full compaction
[2020-12-29T07:51:45.190-0500][gc,start       ] GC(24385) Pause Full (System.gc())
[2020-12-29T07:51:45.190-0500][gc,heap        ] GC(24385) Heap before GC invocations=24385 (full 5655): garbage-first heap   total 64512K, used 43396K [0x0000000083000000, 0x0000000100000000)
[2020-12-29T07:51:45.190-0500][gc,heap        ] GC(24385)   region size 1024K, 2 young (2048K), 1 survivors (1024K)
[2020-12-29T07:51:45.190-0500][gc,heap        ] GC(24385)  Metaspace       used 50336K, capacity 52472K, committed 53888K, reserved 1093632K
[2020-12-29T07:51:45.190-0500][gc,heap        ] GC(24385)   class space    used 7457K, capacity 8250K, committed 8832K, reserved 1048576K
[2020-12-29T07:51:45.190-0500][gc,phases,start] GC(24385) Phase 1: Mark live objects
[2020-12-29T07:51:45.212-0500][gc,stringtable ] GC(24385) Cleaned string and symbol table, strings: 33323 processed, 4 removed, symbols: 120973 processed, 0 removed
[2020-12-29T07:51:45.212-0500][gc,phases      ] GC(24385) Phase 1: Mark live objects 22.145ms
[2020-12-29T07:51:45.212-0500][gc,phases,start] GC(24385) Phase 2: Prepare for compaction
[2020-12-29T07:51:45.216-0500][gc,phases      ] GC(24385) Phase 2: Prepare for compaction 4.460ms
[2020-12-29T07:51:45.217-0500][gc,phases,start] GC(24385) Phase 3: Adjust pointers
[2020-12-29T07:51:45.229-0500][gc,phases      ] GC(24385) Phase 3: Adjust pointers 12.004ms
[2020-12-29T07:51:45.229-0500][gc,phases,start] GC(24385) Phase 4: Compact heap
[2020-12-29T07:51:45.231-0500][gc,phases      ] GC(24385) Phase 4: Compact heap 2.814ms
[2020-12-29T07:51:45.236-0500][gc,heap        ] GC(24385) Eden regions: 1->0(9)
[2020-12-29T07:51:45.236-0500][gc,heap        ] GC(24385) Survivor regions: 1->0(2)
[2020-12-29T07:51:45.236-0500][gc,heap        ] GC(24385) Old regions: 41->42
[2020-12-29T07:51:45.236-0500][gc,heap        ] GC(24385) Humongous regions: 4->4
[2020-12-29T07:51:45.236-0500][gc,metaspace   ] GC(24385) Metaspace: 50336K->50336K(1093632K)
[2020-12-29T07:51:45.236-0500][gc,heap        ] GC(24385) Heap after GC invocations=24386 (full 5656): garbage-first heap   total 64512K, used 43328K [0x0000000083000000, 0x0000000100000000)
[2020-12-29T07:51:45.236-0500][gc,heap        ] GC(24385)   region size 1024K, 0 young (0K), 0 survivors (0K)
[2020-12-29T07:51:45.236-0500][gc,heap        ] GC(24385)  Metaspace       used 50336K, capacity 52472K, committed 53888K, reserved 1093632K
[2020-12-29T07:51:45.236-0500][gc,heap        ] GC(24385)   class space    used 7457K, capacity 8250K, committed 8832K, reserved 1048576K
[2020-12-29T07:51:45.236-0500][gc             ] GC(24385) Pause Full (System.gc()) 43M->42M(63M) 46.581ms
[2020-12-29T07:51:45.236-0500][gc,cpu         ] GC(24385) User=0.20s Sys=0.00s Real=0.04s
[2020-12-29T07:53:59.061-0500][gc,heap        ] GC(24386) Heap before GC invocations=24386 (full 5656): garbage-first heap   total 64512K, used 51520K [0x0000000083000000, 0x0000000100000000)
[2020-12-29T07:53:59.061-0500][gc,heap        ] GC(24386)   region size 1024K, 9 young (9216K), 0 survivors (0K)
[2020-12-29T07:53:59.061-0500][gc,heap        ] GC(24386)  Metaspace       used 50336K, capacity 52472K, committed 53888K, reserved 1093632K
[2020-12-29T07:53:59.061-0500][gc,heap        ] GC(24386)   class space    used 7457K, capacity 8250K, committed 8832K, reserved 1048576K
[2020-12-29T07:53:59.061-0500][gc,start       ] GC(24386) Pause Young (Concurrent Start) (G1 Evacuation Pause)
[2020-12-29T07:53:59.061-0500][gc,task        ] GC(24386) Using 8 workers of 8 for evacuation
[2020-12-29T07:53:59.064-0500][gc,phases      ] GC(24386)   Pre Evacuate Collection Set: 0.2ms
[2020-12-29T07:53:59.064-0500][gc,phases      ] GC(24386)   Evacuate Collection Set: 1.5ms
[2020-12-29T07:53:59.064-0500][gc,phases      ] GC(24386)   Post Evacuate Collection Set: 0.8ms
[2020-12-29T07:53:59.064-0500][gc,phases      ] GC(24386)   Other: 0.2ms
[2020-12-29T07:53:59.064-0500][gc,heap        ] GC(24386) Eden regions: 9->0(8)
[2020-12-29T07:53:59.064-0500][gc,heap        ] GC(24386) Survivor regions: 0->1(2)
[2020-12-29T07:53:59.064-0500][gc,heap        ] GC(24386) Old regions: 42->42
[2020-12-29T07:53:59.064-0500][gc,heap        ] GC(24386) Humongous regions: 4->4
[2020-12-29T07:53:59.064-0500][gc,metaspace   ] GC(24386) Metaspace: 50336K->50336K(1093632K)
[2020-12-29T07:53:59.064-0500][gc,heap        ] GC(24386) Heap after GC invocations=24387 (full 5656): garbage-first heap   total 64512K, used 43411K [0x0000000083000000, 0x0000000100000000)
[2020-12-29T07:53:59.064-0500][gc,heap        ] GC(24386)   region size 1024K, 1 young (1024K), 1 survivors (1024K)
[2020-12-29T07:53:59.064-0500][gc,heap        ] GC(24386)  Metaspace       used 50336K, capacity 52472K, committed 53888K, reserved 1093632K
[2020-12-29T07:53:59.064-0500][gc,heap        ] GC(24386)   class space    used 7457K, capacity 8250K, committed 8832K, reserved 1048576K
[2020-12-29T07:53:59.064-0500][gc             ] GC(24386) Pause Young (Concurrent Start) (G1 Evacuation Pause) 51M->42M(63M) 2.781ms
[2020-12-29T07:53:59.064-0500][gc,cpu         ] GC(24386) User=0.00s Sys=0.00s Real=0.00s
[2020-12-29T07:53:59.064-0500][gc             ] GC(24387) Concurrent Cycle
[2020-12-29T07:53:59.064-0500][gc,marking     ] GC(24387) Concurrent Clear Claimed Marks
[2020-12-29T07:53:59.064-0500][gc,marking     ] GC(24387) Concurrent Clear Claimed Marks 0.074ms
[2020-12-29T07:53:59.064-0500][gc,marking     ] GC(24387) Concurrent Scan Root Regions
[2020-12-29T07:53:59.065-0500][gc,marking     ] GC(24387) Concurrent Scan Root Regions 0.653ms
[2020-12-29T07:53:59.065-0500][gc,marking     ] GC(24387) Concurrent Mark (1696636.452s)
[2020-12-29T07:53:59.065-0500][gc,marking     ] GC(24387) Concurrent Mark From Roots
[2020-12-29T07:53:59.065-0500][gc,task        ] GC(24387) Using 2 workers of 2 for marking
[2020-12-29T07:53:59.110-0500][gc,marking     ] GC(24387) Concurrent Mark From Roots 45.278ms
[2020-12-29T07:53:59.110-0500][gc,marking     ] GC(24387) Concurrent Preclean
[2020-12-29T07:53:59.110-0500][gc,marking     ] GC(24387) Concurrent Preclean 0.154ms
[2020-12-29T07:53:59.110-0500][gc,marking     ] GC(24387) Concurrent Mark (1696636.452s, 1696636.497s) 45.512ms
[2020-12-29T07:53:59.111-0500][gc,start       ] GC(24387) Pause Remark
[2020-12-29T07:53:59.117-0500][gc,stringtable ] GC(24387) Cleaned string and symbol table, strings: 33323 processed, 0 removed, symbols: 120973 processed, 0 removed
[2020-12-29T07:53:59.118-0500][gc             ] GC(24387) Pause Remark 42M->42M(63M) 6.807ms
[2020-12-29T07:53:59.118-0500][gc,cpu         ] GC(24387) User=0.03s Sys=0.00s Real=0.00s
[2020-12-29T07:53:59.118-0500][gc,marking     ] GC(24387) Concurrent Rebuild Remembered Sets
[2020-12-29T07:53:59.142-0500][gc,marking     ] GC(24387) Concurrent Rebuild Remembered Sets 23.979ms
[2020-12-29T07:53:59.142-0500][gc,start       ] GC(24387) Pause Cleanup
[2020-12-29T07:53:59.142-0500][gc             ] GC(24387) Pause Cleanup 42M->42M(63M) 0.260ms
[2020-12-29T07:53:59.142-0500][gc,cpu         ] GC(24387) User=0.00s Sys=0.00s Real=0.00s
[2020-12-29T07:53:59.142-0500][gc,marking     ] GC(24387) Concurrent Cleanup for Next Mark
[2020-12-29T07:53:59.143-0500][gc,marking     ] GC(24387) Concurrent Cleanup for Next Mark 0.304ms
[2020-12-29T07:53:59.143-0500][gc             ] GC(24387) Concurrent Cycle 78.759ms
[2020-12-29T07:55:59.065-0500][gc,heap        ] GC(24388) Heap before GC invocations=24388 (full 5656): garbage-first heap   total 64512K, used 50579K [0x0000000083000000, 0x0000000100000000)
[2020-12-29T07:55:59.065-0500][gc,heap        ] GC(24388)   region size 1024K, 9 young (9216K), 1 survivors (1024K)
[2020-12-29T07:55:59.065-0500][gc,heap        ] GC(24388)  Metaspace       used 50336K, capacity 52472K, committed 53888K, reserved 1093632K
[2020-12-29T07:55:59.065-0500][gc,heap        ] GC(24388)   class space    used 7457K, capacity 8250K, committed 8832K, reserved 1048576K
[2020-12-29T07:55:59.065-0500][gc,start       ] GC(24388) Pause Young (Normal) (G1 Evacuation Pause)
[2020-12-29T07:55:59.065-0500][gc,task        ] GC(24388) Using 8 workers of 8 for evacuation
[2020-12-29T07:55:59.067-0500][gc,phases      ] GC(24388)   Pre Evacuate Collection Set: 0.0ms
[2020-12-29T07:55:59.067-0500][gc,phases      ] GC(24388)   Evacuate Collection Set: 0.8ms
[2020-12-29T07:55:59.067-0500][gc,phases      ] GC(24388)   Post Evacuate Collection Set: 1.0ms
[2020-12-29T07:55:59.067-0500][gc,phases      ] GC(24388)   Other: 0.3ms
[2020-12-29T07:55:59.067-0500][gc,heap        ] GC(24388) Eden regions: 8->0(8)
[2020-12-29T07:55:59.067-0500][gc,heap        ] GC(24388) Survivor regions: 1->1(2)
[2020-12-29T07:55:59.067-0500][gc,heap        ] GC(24388) Old regions: 42->42
[2020-12-29T07:55:59.067-0500][gc,heap        ] GC(24388) Humongous regions: 4->4
[2020-12-29T07:55:59.067-0500][gc,metaspace   ] GC(24388) Metaspace: 50336K->50336K(1093632K)
[2020-12-29T07:55:59.067-0500][gc,heap        ] GC(24388) Heap after GC invocations=24389 (full 5656): garbage-first heap   total 64512K, used 43391K [0x0000000083000000, 0x0000000100000000)
[2020-12-29T07:55:59.067-0500][gc,heap        ] GC(24388)   region size 1024K, 1 young (1024K), 1 survivors (1024K)
[2020-12-29T07:55:59.067-0500][gc,heap        ] GC(24388)  Metaspace       used 50336K, capacity 52472K, committed 53888K, reserved 1093632K
[2020-12-29T07:55:59.067-0500][gc,heap        ] GC(24388)   class space    used 7457K, capacity 8250K, committed 8832K, reserved 1048576K
[2020-12-29T07:55:59.067-0500][gc             ] GC(24388) Pause Young (Normal) (G1 Evacuation Pause) 50M->42M(63M) 2.179ms
[2020-12-29T07:55:59.067-0500][gc,cpu         ] GC(24388) User=0.00s Sys=0.00s Real=0.00s
[2020-12-29T07:56:45.190-0500][gc,task        ] GC(24389) Using 5 workers of 8 for full compaction
[2020-12-29T07:56:45.191-0500][gc,start       ] GC(24389) Pause Full (System.gc())
[2020-12-29T07:56:45.191-0500][gc,heap        ] GC(24389) Heap before GC invocations=24389 (full 5656): garbage-first heap   total 64512K, used 45439K [0x0000000083000000, 0x0000000100000000)
[2020-12-29T07:56:45.191-0500][gc,heap        ] GC(24389)   region size 1024K, 4 young (4096K), 1 survivors (1024K)
[2020-12-29T07:56:45.191-0500][gc,heap        ] GC(24389)  Metaspace       used 50336K, capacity 52472K, committed 53888K, reserved 1093632K
[2020-12-29T07:56:45.191-0500][gc,heap        ] GC(24389)   class space    used 7457K, capacity 8250K, committed 8832K, reserved 1048576K
[2020-12-29T07:56:45.191-0500][gc,phases,start] GC(24389) Phase 1: Mark live objects
[2020-12-29T07:56:45.215-0500][gc,stringtable ] GC(24389) Cleaned string and symbol table, strings: 33323 processed, 4 removed, symbols: 120973 processed, 0 removed
[2020-12-29T07:56:45.215-0500][gc,phases      ] GC(24389) Phase 1: Mark live objects 24.366ms
[2020-12-29T07:56:45.215-0500][gc,phases,start] GC(24389) Phase 2: Prepare for compaction
[2020-12-29T07:56:45.219-0500][gc,phases      ] GC(24389) Phase 2: Prepare for compaction 3.995ms
[2020-12-29T07:56:45.219-0500][gc,phases,start] GC(24389) Phase 3: Adjust pointers
[2020-12-29T07:56:45.232-0500][gc,phases      ] GC(24389) Phase 3: Adjust pointers 12.679ms
[2020-12-29T07:56:45.232-0500][gc,phases,start] GC(24389) Phase 4: Compact heap
[2020-12-29T07:56:45.235-0500][gc,phases      ] GC(24389) Phase 4: Compact heap 3.098ms
[2020-12-29T07:56:45.240-0500][gc,heap        ] GC(24389) Eden regions: 3->0(9)
[2020-12-29T07:56:45.240-0500][gc,heap        ] GC(24389) Survivor regions: 1->0(2)
[2020-12-29T07:56:45.240-0500][gc,heap        ] GC(24389) Old regions: 42->42
[2020-12-29T07:56:45.240-0500][gc,heap        ] GC(24389) Humongous regions: 4->4
[2020-12-29T07:56:45.240-0500][gc,metaspace   ] GC(24389) Metaspace: 50336K->50336K(1093632K)
[2020-12-29T07:56:45.240-0500][gc,heap        ] GC(24389) Heap after GC invocations=24390 (full 5657): garbage-first heap   total 64512K, used 43342K [0x0000000083000000, 0x0000000100000000)
[2020-12-29T07:56:45.240-0500][gc,heap        ] GC(24389)   region size 1024K, 0 young (0K), 0 survivors (0K)
[2020-12-29T07:56:45.240-0500][gc,heap        ] GC(24389)  Metaspace       used 50336K, capacity 52472K, committed 53888K, reserved 1093632K
[2020-12-29T07:56:45.240-0500][gc,heap        ] GC(24389)   class space    used 7457K, capacity 8250K, committed 8832K, reserved 1048576K
[2020-12-29T07:56:45.240-0500][gc             ] GC(24389) Pause Full (System.gc()) 45M->42M(63M) 49.740ms
[2020-12-29T07:56:45.240-0500][gc,cpu         ] GC(24389) User=0.21s Sys=0.00s Real=0.05s
[2020-12-29T07:58:59.061-0500][gc,heap        ] GC(24390) Heap before GC invocations=24390 (full 5657): garbage-first heap   total 64512K, used 51534K [0x0000000083000000, 0x0000000100000000)
[2020-12-29T07:58:59.061-0500][gc,heap        ] GC(24390)   region size 1024K, 9 young (9216K), 0 survivors (0K)
[2020-12-29T07:58:59.061-0500][gc,heap        ] GC(24390)  Metaspace       used 50336K, capacity 52472K, committed 53888K, reserved 1093632K
[2020-12-29T07:58:59.061-0500][gc,heap        ] GC(24390)   class space    used 7457K, capacity 8250K, committed 8832K, reserved 1048576K
[2020-12-29T07:58:59.061-0500][gc,start       ] GC(24390) Pause Young (Concurrent Start) (G1 Evacuation Pause)
[2020-12-29T07:58:59.061-0500][gc,task        ] GC(24390) Using 8 workers of 8 for evacuation
[2020-12-29T07:58:59.064-0500][gc,phases      ] GC(24390)   Pre Evacuate Collection Set: 0.3ms
[2020-12-29T07:58:59.064-0500][gc,phases      ] GC(24390)   Evacuate Collection Set: 1.3ms
[2020-12-29T07:58:59.064-0500][gc,phases      ] GC(24390)   Post Evacuate Collection Set: 0.8ms
[2020-12-29T07:58:59.064-0500][gc,phases      ] GC(24390)   Other: 0.3ms
[2020-12-29T07:58:59.064-0500][gc,heap        ] GC(24390) Eden regions: 9->0(8)
[2020-12-29T07:58:59.064-0500][gc,heap        ] GC(24390) Survivor regions: 0->1(2)
[2020-12-29T07:58:59.064-0500][gc,heap        ] GC(24390) Old regions: 42->42
[2020-12-29T07:58:59.064-0500][gc,heap        ] GC(24390) Humongous regions: 4->4
[2020-12-29T07:58:59.064-0500][gc,metaspace   ] GC(24390) Metaspace: 50336K->50336K(1093632K)
[2020-12-29T07:58:59.064-0500][gc,heap        ] GC(24390) Heap after GC invocations=24391 (full 5657): garbage-first heap   total 64512K, used 43421K [0x0000000083000000, 0x0000000100000000)
[2020-12-29T07:58:59.064-0500][gc,heap        ] GC(24390)   region size 1024K, 1 young (1024K), 1 survivors (1024K)
[2020-12-29T07:58:59.064-0500][gc,heap        ] GC(24390)  Metaspace       used 50336K, capacity 52472K, committed 53888K, reserved 1093632K
[2020-12-29T07:58:59.064-0500][gc,heap        ] GC(24390)   class space    used 7457K, capacity 8250K, committed 8832K, reserved 1048576K
[2020-12-29T07:58:59.064-0500][gc             ] GC(24390) Pause Young (Concurrent Start) (G1 Evacuation Pause) 51M->42M(63M) 2.763ms
[2020-12-29T07:58:59.064-0500][gc,cpu         ] GC(24390) User=0.00s Sys=0.00s Real=0.00s
[2020-12-29T07:58:59.064-0500][gc             ] GC(24391) Concurrent Cycle
[2020-12-29T07:58:59.064-0500][gc,marking     ] GC(24391) Concurrent Clear Claimed Marks
[2020-12-29T07:58:59.064-0500][gc,marking     ] GC(24391) Concurrent Clear Claimed Marks 0.045ms
[2020-12-29T07:58:59.064-0500][gc,marking     ] GC(24391) Concurrent Scan Root Regions
[2020-12-29T07:58:59.065-0500][gc,marking     ] GC(24391) Concurrent Scan Root Regions 0.845ms
[2020-12-29T07:58:59.065-0500][gc,marking     ] GC(24391) Concurrent Mark (1696936.452s)
[2020-12-29T07:58:59.065-0500][gc,marking     ] GC(24391) Concurrent Mark From Roots
[2020-12-29T07:58:59.065-0500][gc,task        ] GC(24391) Using 2 workers of 2 for marking
[2020-12-29T07:58:59.114-0500][gc,marking     ] GC(24391) Concurrent Mark From Roots 48.939ms
[2020-12-29T07:58:59.114-0500][gc,marking     ] GC(24391) Concurrent Preclean
[2020-12-29T07:58:59.114-0500][gc,marking     ] GC(24391) Concurrent Preclean 0.153ms
[2020-12-29T07:58:59.114-0500][gc,marking     ] GC(24391) Concurrent Mark (1696936.452s, 1696936.501s) 49.172ms
[2020-12-29T07:58:59.115-0500][gc,start       ] GC(24391) Pause Remark
[2020-12-29T07:58:59.120-0500][gc,stringtable ] GC(24391) Cleaned string and symbol table, strings: 33323 processed, 0 removed, symbols: 120973 processed, 0 removed
[2020-12-29T07:58:59.120-0500][gc             ] GC(24391) Pause Remark 42M->42M(63M) 5.232ms
[2020-12-29T07:58:59.120-0500][gc,cpu         ] GC(24391) User=0.03s Sys=0.00s Real=0.01s
[2020-12-29T07:58:59.120-0500][gc,marking     ] GC(24391) Concurrent Rebuild Remembered Sets
[2020-12-29T07:58:59.143-0500][gc,marking     ] GC(24391) Concurrent Rebuild Remembered Sets 23.283ms
[2020-12-29T07:58:59.144-0500][gc,start       ] GC(24391) Pause Cleanup
[2020-12-29T07:58:59.144-0500][gc             ] GC(24391) Pause Cleanup 42M->42M(63M) 0.200ms
[2020-12-29T07:58:59.144-0500][gc,cpu         ] GC(24391) User=0.00s Sys=0.00s Real=0.00s
[2020-12-29T07:58:59.144-0500][gc,marking     ] GC(24391) Concurrent Cleanup for Next Mark
[2020-12-29T07:58:59.144-0500][gc,marking     ] GC(24391) Concurrent Cleanup for Next Mark 0.305ms
[2020-12-29T07:58:59.144-0500][gc             ] GC(24391) Concurrent Cycle 80.097ms
[2020-12-29T08:00:59.062-0500][gc,heap        ] GC(24392) Heap before GC invocations=24392 (full 5657): garbage-first heap   total 64512K, used 50589K [0x0000000083000000, 0x0000000100000000)
[2020-12-29T08:00:59.062-0500][gc,heap        ] GC(24392)   region size 1024K, 9 young (9216K), 1 survivors (1024K)
[2020-12-29T08:00:59.062-0500][gc,heap        ] GC(24392)  Metaspace       used 50336K, capacity 52472K, committed 53888K, reserved 1093632K
[2020-12-29T08:00:59.062-0500][gc,heap        ] GC(24392)   class space    used 7457K, capacity 8250K, committed 8832K, reserved 1048576K
[2020-12-29T08:00:59.063-0500][gc,start       ] GC(24392) Pause Young (Normal) (G1 Evacuation Pause)
[2020-12-29T08:00:59.063-0500][gc,task        ] GC(24392) Using 8 workers of 8 for evacuation
[2020-12-29T08:00:59.065-0500][gc,phases      ] GC(24392)   Pre Evacuate Collection Set: 0.0ms
[2020-12-29T08:00:59.065-0500][gc,phases      ] GC(24392)   Evacuate Collection Set: 1.2ms
[2020-12-29T08:00:59.065-0500][gc,phases      ] GC(24392)   Post Evacuate Collection Set: 1.3ms
[2020-12-29T08:00:59.065-0500][gc,phases      ] GC(24392)   Other: 0.2ms
[2020-12-29T08:00:59.065-0500][gc,heap        ] GC(24392) Eden regions: 8->0(8)
[2020-12-29T08:00:59.065-0500][gc,heap        ] GC(24392) Survivor regions: 1->1(2)
[2020-12-29T08:00:59.065-0500][gc,heap        ] GC(24392) Old regions: 42->42
[2020-12-29T08:00:59.065-0500][gc,heap        ] GC(24392) Humongous regions: 4->4
[2020-12-29T08:00:59.065-0500][gc,metaspace   ] GC(24392) Metaspace: 50336K->50336K(1093632K)
[2020-12-29T08:00:59.065-0500][gc,heap        ] GC(24392) Heap after GC invocations=24393 (full 5657): garbage-first heap   total 64512K, used 43424K [0x0000000083000000, 0x0000000100000000)
[2020-12-29T08:00:59.065-0500][gc,heap        ] GC(24392)   region size 1024K, 1 young (1024K), 1 survivors (1024K)
[2020-12-29T08:00:59.065-0500][gc,heap        ] GC(24392)  Metaspace       used 50336K, capacity 52472K, committed 53888K, reserved 1093632K
[2020-12-29T08:00:59.065-0500][gc,heap        ] GC(24392)   class space    used 7457K, capacity 8250K, committed 8832K, reserved 1048576K
[2020-12-29T08:00:59.065-0500][gc             ] GC(24392) Pause Young (Normal) (G1 Evacuation Pause) 50M->42M(63M) 2.821ms
[2020-12-29T08:00:59.065-0500][gc,cpu         ] GC(24392) User=0.01s Sys=0.00s Real=0.00s
[2020-12-29T08:01:45.191-0500][gc,task        ] GC(24393) Using 5 workers of 8 for full compaction
[2020-12-29T08:01:45.191-0500][gc,start       ] GC(24393) Pause Full (System.gc())
[2020-12-29T08:01:45.191-0500][gc,heap        ] GC(24393) Heap before GC invocations=24393 (full 5657): garbage-first heap   total 64512K, used 46496K [0x0000000083000000, 0x0000000100000000)
[2020-12-29T08:01:45.191-0500][gc,heap        ] GC(24393)   region size 1024K, 5 young (5120K), 1 survivors (1024K)
[2020-12-29T08:01:45.191-0500][gc,heap        ] GC(24393)  Metaspace       used 50336K, capacity 52472K, committed 53888K, reserved 1093632K
[2020-12-29T08:01:45.191-0500][gc,heap        ] GC(24393)   class space    used 7457K, capacity 8250K, committed 8832K, reserved 1048576K
[2020-12-29T08:01:45.191-0500][gc,phases,start] GC(24393) Phase 1: Mark live objects
[2020-12-29T08:01:45.214-0500][gc,stringtable ] GC(24393) Cleaned string and symbol table, strings: 33323 processed, 4 removed, symbols: 120973 processed, 0 removed
[2020-12-29T08:01:45.214-0500][gc,phases      ] GC(24393) Phase 1: Mark live objects 22.538ms
[2020-12-29T08:01:45.214-0500][gc,phases,start] GC(24393) Phase 2: Prepare for compaction
[2020-12-29T08:01:45.219-0500][gc,phases      ] GC(24393) Phase 2: Prepare for compaction 5.132ms
[2020-12-29T08:01:45.219-0500][gc,phases,start] GC(24393) Phase 3: Adjust pointers
[2020-12-29T08:01:45.229-0500][gc,phases      ] GC(24393) Phase 3: Adjust pointers 10.215ms
[2020-12-29T08:01:45.229-0500][gc,phases,start] GC(24393) Phase 4: Compact heap
[2020-12-29T08:01:45.232-0500][gc,phases      ] GC(24393) Phase 4: Compact heap 2.494ms
[2020-12-29T08:01:45.236-0500][gc,heap        ] GC(24393) Eden regions: 4->0(9)
[2020-12-29T08:01:45.236-0500][gc,heap        ] GC(24393) Survivor regions: 1->0(2)
[2020-12-29T08:01:45.236-0500][gc,heap        ] GC(24393) Old regions: 42->42
[2020-12-29T08:01:45.236-0500][gc,heap        ] GC(24393) Humongous regions: 4->4
[2020-12-29T08:01:45.236-0500][gc,metaspace   ] GC(24393) Metaspace: 50336K->50336K(1093632K)
[2020-12-29T08:01:45.236-0500][gc,heap        ] GC(24393) Heap after GC invocations=24394 (full 5658): garbage-first heap   total 64512K, used 43343K [0x0000000083000000, 0x0000000100000000)
[2020-12-29T08:01:45.236-0500][gc,heap        ] GC(24393)   region size 1024K, 0 young (0K), 0 survivors (0K)
[2020-12-29T08:01:45.236-0500][gc,heap        ] GC(24393)  Metaspace       used 50336K, capacity 52472K, committed 53888K, reserved 1093632K
[2020-12-29T08:01:45.236-0500][gc,heap        ] GC(24393)   class space    used 7457K, capacity 8250K, committed 8832K, reserved 1048576K
[2020-12-29T08:01:45.236-0500][gc             ] GC(24393) Pause Full (System.gc()) 45M->42M(63M) 45.315ms
[2020-12-29T08:01:45.236-0500][gc,cpu         ] GC(24393) User=0.19s Sys=0.00s Real=0.04s
[2020-12-29T08:03:59.060-0500][gc,heap        ] GC(24394) Heap before GC invocations=24394 (full 5658): garbage-first heap   total 64512K, used 52559K [0x0000000083000000, 0x0000000100000000)
[2020-12-29T08:03:59.060-0500][gc,heap        ] GC(24394)   region size 1024K, 9 young (9216K), 0 survivors (0K)
[2020-12-29T08:03:59.060-0500][gc,heap        ] GC(24394)  Metaspace       used 50336K, capacity 52472K, committed 53888K, reserved 1093632K
[2020-12-29T08:03:59.060-0500][gc,heap        ] GC(24394)   class space    used 7457K, capacity 8250K, committed 8832K, reserved 1048576K
[2020-12-29T08:03:59.060-0500][gc,start       ] GC(24394) Pause Young (Concurrent Start) (G1 Evacuation Pause)
[2020-12-29T08:03:59.061-0500][gc,task        ] GC(24394) Using 8 workers of 8 for evacuation
[2020-12-29T08:03:59.064-0500][gc,phases      ] GC(24394)   Pre Evacuate Collection Set: 0.3ms
[2020-12-29T08:03:59.064-0500][gc,phases      ] GC(24394)   Evacuate Collection Set: 1.5ms
[2020-12-29T08:03:59.064-0500][gc,phases      ] GC(24394)   Post Evacuate Collection Set: 1.7ms
[2020-12-29T08:03:59.064-0500][gc,phases      ] GC(24394)   Other: 0.4ms
[2020-12-29T08:03:59.064-0500][gc,heap        ] GC(24394) Eden regions: 9->0(8)
[2020-12-29T08:03:59.064-0500][gc,heap        ] GC(24394) Survivor regions: 0->1(2)
[2020-12-29T08:03:59.064-0500][gc,heap        ] GC(24394) Old regions: 42->42
[2020-12-29T08:03:59.064-0500][gc,heap        ] GC(24394) Humongous regions: 4->4
[2020-12-29T08:03:59.064-0500][gc,metaspace   ] GC(24394) Metaspace: 50336K->50336K(1093632K)
[2020-12-29T08:03:59.064-0500][gc,heap        ] GC(24394) Heap after GC invocations=24395 (full 5658): garbage-first heap   total 64512K, used 43413K [0x0000000083000000, 0x0000000100000000)
[2020-12-29T08:03:59.064-0500][gc,heap        ] GC(24394)   region size 1024K, 1 young (1024K), 1 survivors (1024K)
[2020-12-29T08:03:59.064-0500][gc,heap        ] GC(24394)  Metaspace       used 50336K, capacity 52472K, committed 53888K, reserved 1093632K
[2020-12-29T08:03:59.064-0500][gc,heap        ] GC(24394)   class space    used 7457K, capacity 8250K, committed 8832K, reserved 1048576K
[2020-12-29T08:03:59.064-0500][gc             ] GC(24394) Pause Young (Concurrent Start) (G1 Evacuation Pause) 51M->42M(63M) 3.901ms
[2020-12-29T08:03:59.064-0500][gc,cpu         ] GC(24394) User=0.01s Sys=0.00s Real=0.00s
[2020-12-29T08:03:59.065-0500][gc             ] GC(24395) Concurrent Cycle
[2020-12-29T08:03:59.065-0500][gc,marking     ] GC(24395) Concurrent Clear Claimed Marks
[2020-12-29T08:03:59.065-0500][gc,marking     ] GC(24395) Concurrent Clear Claimed Marks 0.263ms
[2020-12-29T08:03:59.065-0500][gc,marking     ] GC(24395) Concurrent Scan Root Regions
[2020-12-29T08:03:59.066-0500][gc,marking     ] GC(24395) Concurrent Scan Root Regions 1.129ms
[2020-12-29T08:03:59.066-0500][gc,marking     ] GC(24395) Concurrent Mark (1697236.453s)
[2020-12-29T08:03:59.066-0500][gc,marking     ] GC(24395) Concurrent Mark From Roots
[2020-12-29T08:03:59.066-0500][gc,task        ] GC(24395) Using 2 workers of 2 for marking
[2020-12-29T08:03:59.202-0500][gc,marking     ] GC(24395) Concurrent Mark From Roots 135.660ms
[2020-12-29T08:03:59.202-0500][gc,marking     ] GC(24395) Concurrent Preclean
[2020-12-29T08:03:59.208-0500][gc,marking     ] GC(24395) Concurrent Preclean 6.646ms
[2020-12-29T08:03:59.209-0500][gc,marking     ] GC(24395) Concurrent Mark (1697236.453s, 1697236.596s) 142.468ms
[2020-12-29T08:03:59.215-0500][gc,start       ] GC(24395) Pause Remark
[2020-12-29T08:03:59.358-0500][gc,stringtable ] GC(24395) Cleaned string and symbol table, strings: 33323 processed, 0 removed, symbols: 120973 processed, 0 removed
[2020-12-29T08:03:59.359-0500][gc             ] GC(24395) Pause Remark 42M->42M(63M) 143.800ms
[2020-12-29T08:03:59.359-0500][gc,cpu         ] GC(24395) User=0.28s Sys=0.00s Real=0.15s
[2020-12-29T08:03:59.359-0500][gc,marking     ] GC(24395) Concurrent Rebuild Remembered Sets
[2020-12-29T08:03:59.387-0500][gc,marking     ] GC(24395) Concurrent Rebuild Remembered Sets 28.423ms
[2020-12-29T08:03:59.388-0500][gc,start       ] GC(24395) Pause Cleanup
[2020-12-29T08:03:59.388-0500][gc             ] GC(24395) Pause Cleanup 42M->42M(63M) 0.263ms
[2020-12-29T08:03:59.388-0500][gc,cpu         ] GC(24395) User=0.00s Sys=0.00s Real=0.00s
[2020-12-29T08:03:59.388-0500][gc,marking     ] GC(24395) Concurrent Cleanup for Next Mark
[2020-12-29T08:03:59.389-0500][gc,marking     ] GC(24395) Concurrent Cleanup for Next Mark 0.321ms
[2020-12-29T08:03:59.389-0500][gc             ] GC(24395) Concurrent Cycle 323.989ms
[2020-12-29T08:05:59.058-0500][gc,heap        ] GC(24396) Heap before GC invocations=24396 (full 5658): garbage-first heap   total 64512K, used 50581K [0x0000000083000000, 0x0000000100000000)
[2020-12-29T08:05:59.058-0500][gc,heap        ] GC(24396)   region size 1024K, 9 young (9216K), 1 survivors (1024K)
[2020-12-29T08:05:59.058-0500][gc,heap        ] GC(24396)  Metaspace       used 50336K, capacity 52472K, committed 53888K, reserved 1093632K
[2020-12-29T08:05:59.058-0500][gc,heap        ] GC(24396)   class space    used 7457K, capacity 8250K, committed 8832K, reserved 1048576K
[2020-12-29T08:05:59.059-0500][gc,start       ] GC(24396) Pause Young (Normal) (G1 Evacuation Pause)
[2020-12-29T08:05:59.059-0500][gc,task        ] GC(24396) Using 8 workers of 8 for evacuation
[2020-12-29T08:05:59.061-0500][gc,phases      ] GC(24396)   Pre Evacuate Collection Set: 0.0ms
[2020-12-29T08:05:59.061-0500][gc,phases      ] GC(24396)   Evacuate Collection Set: 0.9ms
[2020-12-29T08:05:59.061-0500][gc,phases      ] GC(24396)   Post Evacuate Collection Set: 1.0ms
[2020-12-29T08:05:59.061-0500][gc,phases      ] GC(24396)   Other: 0.2ms
[2020-12-29T08:05:59.061-0500][gc,heap        ] GC(24396) Eden regions: 8->0(8)
[2020-12-29T08:05:59.061-0500][gc,heap        ] GC(24396) Survivor regions: 1->1(2)
[2020-12-29T08:05:59.061-0500][gc,heap        ] GC(24396) Old regions: 42->42
[2020-12-29T08:05:59.061-0500][gc,heap        ] GC(24396) Humongous regions: 4->4
[2020-12-29T08:05:59.061-0500][gc,metaspace   ] GC(24396) Metaspace: 50336K->50336K(1093632K)
[2020-12-29T08:05:59.061-0500][gc,heap        ] GC(24396) Heap after GC invocations=24397 (full 5658): garbage-first heap   total 64512K, used 43408K [0x0000000083000000, 0x0000000100000000)
[2020-12-29T08:05:59.061-0500][gc,heap        ] GC(24396)   region size 1024K, 1 young (1024K), 1 survivors (1024K)
[2020-12-29T08:05:59.061-0500][gc,heap        ] GC(24396)  Metaspace       used 50336K, capacity 52472K, committed 53888K, reserved 1093632K
[2020-12-29T08:05:59.061-0500][gc,heap        ] GC(24396)   class space    used 7457K, capacity 8250K, committed 8832K, reserved 1048576K
[2020-12-29T08:05:59.061-0500][gc             ] GC(24396) Pause Young (Normal) (G1 Evacuation Pause) 50M->42M(63M) 2.164ms
[2020-12-29T08:05:59.061-0500][gc,cpu         ] GC(24396) User=0.00s Sys=0.01s Real=0.00s
[2020-12-29T08:06:45.191-0500][gc,task        ] GC(24397) Using 5 workers of 8 for full compaction
[2020-12-29T08:06:45.191-0500][gc,start       ] GC(24397) Pause Full (System.gc())
[2020-12-29T08:06:45.191-0500][gc,heap        ] GC(24397) Heap before GC invocations=24397 (full 5658): garbage-first heap   total 64512K, used 46480K [0x0000000083000000, 0x0000000100000000)
[2020-12-29T08:06:45.191-0500][gc,heap        ] GC(24397)   region size 1024K, 5 young (5120K), 1 survivors (1024K)
[2020-12-29T08:06:45.191-0500][gc,heap        ] GC(24397)  Metaspace       used 50336K, capacity 52472K, committed 53888K, reserved 1093632K
[2020-12-29T08:06:45.191-0500][gc,heap        ] GC(24397)   class space    used 7457K, capacity 8250K, committed 8832K, reserved 1048576K
[2020-12-29T08:06:45.191-0500][gc,phases,start] GC(24397) Phase 1: Mark live objects
[2020-12-29T08:06:45.218-0500][gc,stringtable ] GC(24397) Cleaned string and symbol table, strings: 33323 processed, 4 removed, symbols: 120973 processed, 0 removed
[2020-12-29T08:06:45.218-0500][gc,phases      ] GC(24397) Phase 1: Mark live objects 26.705ms
[2020-12-29T08:06:45.218-0500][gc,phases,start] GC(24397) Phase 2: Prepare for compaction
[2020-12-29T08:06:45.223-0500][gc,phases      ] GC(24397) Phase 2: Prepare for compaction 4.533ms
[2020-12-29T08:06:45.223-0500][gc,phases,start] GC(24397) Phase 3: Adjust pointers
[2020-12-29T08:06:45.238-0500][gc,phases      ] GC(24397) Phase 3: Adjust pointers 15.211ms
[2020-12-29T08:06:45.238-0500][gc,phases,start] GC(24397) Phase 4: Compact heap
[2020-12-29T08:06:45.243-0500][gc,phases      ] GC(24397) Phase 4: Compact heap 4.803ms
[2020-12-29T08:06:45.249-0500][gc,heap        ] GC(24397) Eden regions: 4->0(9)
[2020-12-29T08:06:45.249-0500][gc,heap        ] GC(24397) Survivor regions: 1->0(2)
[2020-12-29T08:06:45.249-0500][gc,heap        ] GC(24397) Old regions: 42->42
[2020-12-29T08:06:45.249-0500][gc,heap        ] GC(24397) Humongous regions: 4->4
[2020-12-29T08:06:45.249-0500][gc,metaspace   ] GC(24397) Metaspace: 50336K->50336K(1093632K)
[2020-12-29T08:06:45.249-0500][gc,heap        ] GC(24397) Heap after GC invocations=24398 (full 5659): garbage-first heap   total 64512K, used 43343K [0x0000000083000000, 0x0000000100000000)
[2020-12-29T08:06:45.249-0500][gc,heap        ] GC(24397)   region size 1024K, 0 young (0K), 0 survivors (0K)
[2020-12-29T08:06:45.249-0500][gc,heap        ] GC(24397)  Metaspace       used 50336K, capacity 52472K, committed 53888K, reserved 1093632K
[2020-12-29T08:06:45.249-0500][gc,heap        ] GC(24397)   class space    used 7457K, capacity 8250K, committed 8832K, reserved 1048576K
[2020-12-29T08:06:45.249-0500][gc             ] GC(24397) Pause Full (System.gc()) 45M->42M(63M) 58.296ms
[2020-12-29T08:06:45.249-0500][gc,cpu         ] GC(24397) User=0.24s Sys=0.00s Real=0.06s
[2020-12-29T08:08:50.067-0500][gc,heap        ] GC(24398) Heap before GC invocations=24398 (full 5659): garbage-first heap   total 64512K, used 51535K [0x0000000083000000, 0x0000000100000000)
[2020-12-29T08:08:50.068-0500][gc,heap        ] GC(24398)   region size 1024K, 9 young (9216K), 0 survivors (0K)
[2020-12-29T08:08:50.068-0500][gc,heap        ] GC(24398)  Metaspace       used 50336K, capacity 52472K, committed 53888K, reserved 1093632K
[2020-12-29T08:08:50.068-0500][gc,heap        ] GC(24398)   class space    used 7457K, capacity 8250K, committed 8832K, reserved 1048576K
[2020-12-29T08:08:50.068-0500][gc,start       ] GC(24398) Pause Young (Concurrent Start) (G1 Evacuation Pause)
[2020-12-29T08:08:50.068-0500][gc,task        ] GC(24398) Using 8 workers of 8 for evacuation
[2020-12-29T08:08:50.084-0500][gc,phases      ] GC(24398)   Pre Evacuate Collection Set: 0.2ms
[2020-12-29T08:08:50.084-0500][gc,phases      ] GC(24398)   Evacuate Collection Set: 12.2ms
[2020-12-29T08:08:50.084-0500][gc,phases      ] GC(24398)   Post Evacuate Collection Set: 3.6ms
[2020-12-29T08:08:50.084-0500][gc,phases      ] GC(24398)   Other: 0.4ms
[2020-12-29T08:08:50.084-0500][gc,heap        ] GC(24398) Eden regions: 9->0(8)
[2020-12-29T08:08:50.084-0500][gc,heap        ] GC(24398) Survivor regions: 0->1(2)
[2020-12-29T08:08:50.084-0500][gc,heap        ] GC(24398) Old regions: 42->42
[2020-12-29T08:08:50.084-0500][gc,heap        ] GC(24398) Humongous regions: 4->4
[2020-12-29T08:08:50.084-0500][gc,metaspace   ] GC(24398) Metaspace: 50336K->50336K(1093632K)
[2020-12-29T08:08:50.084-0500][gc,heap        ] GC(24398) Heap after GC invocations=24399 (full 5659): garbage-first heap   total 64512K, used 43404K [0x0000000083000000, 0x0000000100000000)
[2020-12-29T08:08:50.084-0500][gc,heap        ] GC(24398)   region size 1024K, 1 young (1024K), 1 survivors (1024K)
[2020-12-29T08:08:50.084-0500][gc,heap        ] GC(24398)  Metaspace       used 50336K, capacity 52472K, committed 53888K, reserved 1093632K
[2020-12-29T08:08:50.084-0500][gc,heap        ] GC(24398)   class space    used 7457K, capacity 8250K, committed 8832K, reserved 1048576K
[2020-12-29T08:08:50.084-0500][gc             ] GC(24398) Pause Young (Concurrent Start) (G1 Evacuation Pause) 51M->42M(63M) 16.308ms
[2020-12-29T08:08:50.084-0500][gc,cpu         ] GC(24398) User=0.09s Sys=0.00s Real=0.01s
[2020-12-29T08:08:50.084-0500][gc             ] GC(24399) Concurrent Cycle
[2020-12-29T08:08:50.084-0500][gc,marking     ] GC(24399) Concurrent Clear Claimed Marks
[2020-12-29T08:08:50.084-0500][gc,marking     ] GC(24399) Concurrent Clear Claimed Marks 0.200ms
[2020-12-29T08:08:50.084-0500][gc,marking     ] GC(24399) Concurrent Scan Root Regions
[2020-12-29T08:08:50.085-0500][gc,marking     ] GC(24399) Concurrent Scan Root Regions 0.904ms
[2020-12-29T08:08:50.085-0500][gc,marking     ] GC(24399) Concurrent Mark (1697527.472s)
[2020-12-29T08:08:50.085-0500][gc,marking     ] GC(24399) Concurrent Mark From Roots
[2020-12-29T08:08:50.085-0500][gc,task        ] GC(24399) Using 2 workers of 2 for marking
[2020-12-29T08:08:50.125-0500][gc,marking     ] GC(24399) Concurrent Mark From Roots 39.991ms
[2020-12-29T08:08:50.125-0500][gc,marking     ] GC(24399) Concurrent Preclean
[2020-12-29T08:08:50.126-0500][gc,marking     ] GC(24399) Concurrent Preclean 0.232ms
[2020-12-29T08:08:50.126-0500][gc,marking     ] GC(24399) Concurrent Mark (1697527.472s, 1697527.513s) 40.320ms
[2020-12-29T08:08:50.126-0500][gc,start       ] GC(24399) Pause Remark
[2020-12-29T08:08:50.149-0500][gc,stringtable ] GC(24399) Cleaned string and symbol table, strings: 33323 processed, 0 removed, symbols: 120973 processed, 0 removed
[2020-12-29T08:08:50.149-0500][gc             ] GC(24399) Pause Remark 42M->42M(63M) 23.185ms
[2020-12-29T08:08:50.149-0500][gc,cpu         ] GC(24399) User=0.15s Sys=0.00s Real=0.03s
[2020-12-29T08:08:50.149-0500][gc,marking     ] GC(24399) Concurrent Rebuild Remembered Sets
[2020-12-29T08:08:50.178-0500][gc,marking     ] GC(24399) Concurrent Rebuild Remembered Sets 28.561ms
[2020-12-29T08:08:50.178-0500][gc,start       ] GC(24399) Pause Cleanup
[2020-12-29T08:08:50.178-0500][gc             ] GC(24399) Pause Cleanup 42M->42M(63M) 0.205ms
[2020-12-29T08:08:50.179-0500][gc,cpu         ] GC(24399) User=0.00s Sys=0.00s Real=0.00s
[2020-12-29T08:08:50.179-0500][gc,marking     ] GC(24399) Concurrent Cleanup for Next Mark
[2020-12-29T08:08:50.179-0500][gc,marking     ] GC(24399) Concurrent Cleanup for Next Mark 0.155ms
[2020-12-29T08:08:50.179-0500][gc             ] GC(24399) Concurrent Cycle 94.699ms
[2020-12-29T08:10:49.061-0500][gc,heap        ] GC(24400) Heap before GC invocations=24400 (full 5659): garbage-first heap   total 64512K, used 50572K [0x0000000083000000, 0x0000000100000000)
[2020-12-29T08:10:49.061-0500][gc,heap        ] GC(24400)   region size 1024K, 9 young (9216K), 1 survivors (1024K)
[2020-12-29T08:10:49.061-0500][gc,heap        ] GC(24400)  Metaspace       used 50336K, capacity 52472K, committed 53888K, reserved 1093632K
[2020-12-29T08:10:49.061-0500][gc,heap        ] GC(24400)   class space    used 7457K, capacity 8250K, committed 8832K, reserved 1048576K
[2020-12-29T08:10:49.061-0500][gc,start       ] GC(24400) Pause Young (Normal) (G1 Evacuation Pause)
[2020-12-29T08:10:49.061-0500][gc,task        ] GC(24400) Using 8 workers of 8 for evacuation
[2020-12-29T08:10:49.063-0500][gc,phases      ] GC(24400)   Pre Evacuate Collection Set: 0.0ms
[2020-12-29T08:10:49.063-0500][gc,phases      ] GC(24400)   Evacuate Collection Set: 0.9ms
[2020-12-29T08:10:49.063-0500][gc,phases      ] GC(24400)   Post Evacuate Collection Set: 0.9ms
[2020-12-29T08:10:49.064-0500][gc,phases      ] GC(24400)   Other: 0.2ms
[2020-12-29T08:10:49.064-0500][gc,heap        ] GC(24400) Eden regions: 8->0(8)
[2020-12-29T08:10:49.064-0500][gc,heap        ] GC(24400) Survivor regions: 1->1(2)
[2020-12-29T08:10:49.064-0500][gc,heap        ] GC(24400) Old regions: 42->42
[2020-12-29T08:10:49.064-0500][gc,heap        ] GC(24400) Humongous regions: 4->4
[2020-12-29T08:10:49.064-0500][gc,metaspace   ] GC(24400) Metaspace: 50336K->50336K(1093632K)
[2020-12-29T08:10:49.064-0500][gc,heap        ] GC(24400) Heap after GC invocations=24401 (full 5659): garbage-first heap   total 64512K, used 43433K [0x0000000083000000, 0x0000000100000000)
[2020-12-29T08:10:49.064-0500][gc,heap        ] GC(24400)   region size 1024K, 1 young (1024K), 1 survivors (1024K)
[2020-12-29T08:10:49.064-0500][gc,heap        ] GC(24400)  Metaspace       used 50336K, capacity 52472K, committed 53888K, reserved 1093632K
[2020-12-29T08:10:49.064-0500][gc,heap        ] GC(24400)   class space    used 7457K, capacity 8250K, committed 8832K, reserved 1048576K
[2020-12-29T08:10:49.064-0500][gc             ] GC(24400) Pause Young (Normal) (G1 Evacuation Pause) 50M->42M(63M) 2.111ms
[2020-12-29T08:10:49.064-0500][gc,cpu         ] GC(24400) User=0.01s Sys=0.00s Real=0.00s
[2020-12-29T08:11:45.191-0500][gc,task        ] GC(24401) Using 5 workers of 8 for full compaction
[2020-12-29T08:11:45.191-0500][gc,start       ] GC(24401) Pause Full (System.gc())
[2020-12-29T08:11:45.191-0500][gc,heap        ] GC(24401) Heap before GC invocations=24401 (full 5659): garbage-first heap   total 64512K, used 45481K [0x0000000083000000, 0x0000000100000000)
[2020-12-29T08:11:45.191-0500][gc,heap        ] GC(24401)   region size 1024K, 5 young (5120K), 1 survivors (1024K)
[2020-12-29T08:11:45.191-0500][gc,heap        ] GC(24401)  Metaspace       used 50336K, capacity 52472K, committed 53888K, reserved 1093632K
[2020-12-29T08:11:45.191-0500][gc,heap        ] GC(24401)   class space    used 7457K, capacity 8250K, committed 8832K, reserved 1048576K
[2020-12-29T08:11:45.191-0500][gc,phases,start] GC(24401) Phase 1: Mark live objects
[2020-12-29T08:11:45.214-0500][gc,stringtable ] GC(24401) Cleaned string and symbol table, strings: 33323 processed, 4 removed, symbols: 120973 processed, 0 removed
[2020-12-29T08:11:45.214-0500][gc,phases      ] GC(24401) Phase 1: Mark live objects 22.989ms
[2020-12-29T08:11:45.214-0500][gc,phases,start] GC(24401) Phase 2: Prepare for compaction
[2020-12-29T08:11:45.218-0500][gc,phases      ] GC(24401) Phase 2: Prepare for compaction 3.764ms
[2020-12-29T08:11:45.218-0500][gc,phases,start] GC(24401) Phase 3: Adjust pointers
[2020-12-29T08:11:45.229-0500][gc,phases      ] GC(24401) Phase 3: Adjust pointers 11.350ms
[2020-12-29T08:11:45.229-0500][gc,phases,start] GC(24401) Phase 4: Compact heap
[2020-12-29T08:11:45.232-0500][gc,phases      ] GC(24401) Phase 4: Compact heap 2.574ms
[2020-12-29T08:11:45.237-0500][gc,heap        ] GC(24401) Eden regions: 4->0(9)
[2020-12-29T08:11:45.237-0500][gc,heap        ] GC(24401) Survivor regions: 1->0(2)
[2020-12-29T08:11:45.237-0500][gc,heap        ] GC(24401) Old regions: 42->42
[2020-12-29T08:11:45.237-0500][gc,heap        ] GC(24401) Humongous regions: 4->4
[2020-12-29T08:11:45.237-0500][gc,metaspace   ] GC(24401) Metaspace: 50336K->50336K(1093632K)
[2020-12-29T08:11:45.237-0500][gc,heap        ] GC(24401) Heap after GC invocations=24402 (full 5660): garbage-first heap   total 64512K, used 43345K [0x0000000083000000, 0x0000000100000000)
[2020-12-29T08:11:45.237-0500][gc,heap        ] GC(24401)   region size 1024K, 0 young (0K), 0 survivors (0K)
[2020-12-29T08:11:45.237-0500][gc,heap        ] GC(24401)  Metaspace       used 50336K, capacity 52472K, committed 53888K, reserved 1093632K
[2020-12-29T08:11:45.237-0500][gc,heap        ] GC(24401)   class space    used 7457K, capacity 8250K, committed 8832K, reserved 1048576K
[2020-12-29T08:11:45.237-0500][gc             ] GC(24401) Pause Full (System.gc()) 46M->42M(63M) 45.800ms
[2020-12-29T08:11:45.237-0500][gc,cpu         ] GC(24401) User=0.19s Sys=0.00s Real=0.04s
[2020-12-29T08:13:59.061-0500][gc,heap        ] GC(24402) Heap before GC invocations=24402 (full 5660): garbage-first heap   total 64512K, used 51537K [0x0000000083000000, 0x0000000100000000)
[2020-12-29T08:13:59.061-0500][gc,heap        ] GC(24402)   region size 1024K, 9 young (9216K), 0 survivors (0K)
[2020-12-29T08:13:59.061-0500][gc,heap        ] GC(24402)  Metaspace       used 50336K, capacity 52472K, committed 53888K, reserved 1093632K
[2020-12-29T08:13:59.061-0500][gc,heap        ] GC(24402)   class space    used 7457K, capacity 8250K, committed 8832K, reserved 1048576K
[2020-12-29T08:13:59.061-0500][gc,start       ] GC(24402) Pause Young (Concurrent Start) (G1 Evacuation Pause)
[2020-12-29T08:13:59.061-0500][gc,task        ] GC(24402) Using 8 workers of 8 for evacuation
[2020-12-29T08:13:59.064-0500][gc,phases      ] GC(24402)   Pre Evacuate Collection Set: 0.2ms
[2020-12-29T08:13:59.064-0500][gc,phases      ] GC(24402)   Evacuate Collection Set: 1.2ms
[2020-12-29T08:13:59.064-0500][gc,phases      ] GC(24402)   Post Evacuate Collection Set: 1.0ms
[2020-12-29T08:13:59.064-0500][gc,phases      ] GC(24402)   Other: 0.2ms
[2020-12-29T08:13:59.064-0500][gc,heap        ] GC(24402) Eden regions: 9->0(8)
[2020-12-29T08:13:59.064-0500][gc,heap        ] GC(24402) Survivor regions: 0->1(2)
[2020-12-29T08:13:59.064-0500][gc,heap        ] GC(24402) Old regions: 42->42
[2020-12-29T08:13:59.064-0500][gc,heap        ] GC(24402) Humongous regions: 4->4
[2020-12-29T08:13:59.064-0500][gc,metaspace   ] GC(24402) Metaspace: 50336K->50336K(1093632K)
[2020-12-29T08:13:59.064-0500][gc,heap        ] GC(24402) Heap after GC invocations=24403 (full 5660): garbage-first heap   total 64512K, used 43397K [0x0000000083000000, 0x0000000100000000)
[2020-12-29T08:13:59.064-0500][gc,heap        ] GC(24402)   region size 1024K, 1 young (1024K), 1 survivors (1024K)
[2020-12-29T08:13:59.064-0500][gc,heap        ] GC(24402)  Metaspace       used 50336K, capacity 52472K, committed 53888K, reserved 1093632K
[2020-12-29T08:13:59.064-0500][gc,heap        ] GC(24402)   class space    used 7457K, capacity 8250K, committed 8832K, reserved 1048576K
[2020-12-29T08:13:59.064-0500][gc             ] GC(24402) Pause Young (Concurrent Start) (G1 Evacuation Pause) 51M->42M(63M) 2.647ms
[2020-12-29T08:13:59.064-0500][gc,cpu         ] GC(24402) User=0.01s Sys=0.00s Real=0.00s
[2020-12-29T08:13:59.064-0500][gc             ] GC(24403) Concurrent Cycle
[2020-12-29T08:13:59.064-0500][gc,marking     ] GC(24403) Concurrent Clear Claimed Marks
[2020-12-29T08:13:59.064-0500][gc,marking     ] GC(24403) Concurrent Clear Claimed Marks 0.129ms
[2020-12-29T08:13:59.064-0500][gc,marking     ] GC(24403) Concurrent Scan Root Regions
[2020-12-29T08:13:59.065-0500][gc,marking     ] GC(24403) Concurrent Scan Root Regions 1.116ms
[2020-12-29T08:13:59.066-0500][gc,marking     ] GC(24403) Concurrent Mark (1697836.453s)
[2020-12-29T08:13:59.066-0500][gc,marking     ] GC(24403) Concurrent Mark From Roots
[2020-12-29T08:13:59.066-0500][gc,task        ] GC(24403) Using 2 workers of 2 for marking
[2020-12-29T08:13:59.112-0500][gc,marking     ] GC(24403) Concurrent Mark From Roots 46.026ms
[2020-12-29T08:13:59.112-0500][gc,marking     ] GC(24403) Concurrent Preclean
[2020-12-29T08:13:59.112-0500][gc,marking     ] GC(24403) Concurrent Preclean 0.159ms
[2020-12-29T08:13:59.112-0500][gc,marking     ] GC(24403) Concurrent Mark (1697836.453s, 1697836.499s) 46.299ms
[2020-12-29T08:13:59.112-0500][gc,start       ] GC(24403) Pause Remark
[2020-12-29T08:13:59.117-0500][gc,stringtable ] GC(24403) Cleaned string and symbol table, strings: 33323 processed, 0 removed, symbols: 120973 processed, 0 removed
[2020-12-29T08:13:59.117-0500][gc             ] GC(24403) Pause Remark 42M->42M(63M) 5.303ms
[2020-12-29T08:13:59.118-0500][gc,cpu         ] GC(24403) User=0.03s Sys=0.00s Real=0.01s
[2020-12-29T08:13:59.118-0500][gc,marking     ] GC(24403) Concurrent Rebuild Remembered Sets
[2020-12-29T08:13:59.141-0500][gc,marking     ] GC(24403) Concurrent Rebuild Remembered Sets 23.367ms
[2020-12-29T08:13:59.141-0500][gc,start       ] GC(24403) Pause Cleanup
[2020-12-29T08:13:59.142-0500][gc             ] GC(24403) Pause Cleanup 42M->42M(63M) 0.206ms
[2020-12-29T08:13:59.142-0500][gc,cpu         ] GC(24403) User=0.00s Sys=0.00s Real=0.00s
[2020-12-29T08:13:59.142-0500][gc,marking     ] GC(24403) Concurrent Cleanup for Next Mark
[2020-12-29T08:13:59.142-0500][gc,marking     ] GC(24403) Concurrent Cleanup for Next Mark 0.310ms
[2020-12-29T08:13:59.142-0500][gc             ] GC(24403) Concurrent Cycle 78.061ms
[2020-12-29T08:15:59.062-0500][gc,heap        ] GC(24404) Heap before GC invocations=24404 (full 5660): garbage-first heap   total 64512K, used 51585K [0x0000000083000000, 0x0000000100000000)
[2020-12-29T08:15:59.062-0500][gc,heap        ] GC(24404)   region size 1024K, 9 young (9216K), 1 survivors (1024K)
[2020-12-29T08:15:59.062-0500][gc,heap        ] GC(24404)  Metaspace       used 50336K, capacity 52472K, committed 53888K, reserved 1093632K
[2020-12-29T08:15:59.062-0500][gc,heap        ] GC(24404)   class space    used 7457K, capacity 8250K, committed 8832K, reserved 1048576K
[2020-12-29T08:15:59.062-0500][gc,start       ] GC(24404) Pause Young (Normal) (G1 Evacuation Pause)
[2020-12-29T08:15:59.062-0500][gc,task        ] GC(24404) Using 8 workers of 8 for evacuation
[2020-12-29T08:15:59.064-0500][gc,phases      ] GC(24404)   Pre Evacuate Collection Set: 0.0ms
[2020-12-29T08:15:59.065-0500][gc,phases      ] GC(24404)   Evacuate Collection Set: 0.8ms
[2020-12-29T08:15:59.065-0500][gc,phases      ] GC(24404)   Post Evacuate Collection Set: 1.2ms
[2020-12-29T08:15:59.065-0500][gc,phases      ] GC(24404)   Other: 0.2ms
[2020-12-29T08:15:59.065-0500][gc,heap        ] GC(24404) Eden regions: 8->0(9)
[2020-12-29T08:15:59.065-0500][gc,heap        ] GC(24404) Survivor regions: 1->1(2)
[2020-12-29T08:15:59.065-0500][gc,heap        ] GC(24404) Old regions: 41->41
[2020-12-29T08:15:59.065-0500][gc,heap        ] GC(24404) Humongous regions: 4->4
[2020-12-29T08:15:59.065-0500][gc,metaspace   ] GC(24404) Metaspace: 50336K->50336K(1093632K)
[2020-12-29T08:15:59.065-0500][gc,heap        ] GC(24404) Heap after GC invocations=24405 (full 5660): garbage-first heap   total 64512K, used 43393K [0x0000000083000000, 0x0000000100000000)
[2020-12-29T08:15:59.065-0500][gc,heap        ] GC(24404)   region size 1024K, 1 young (1024K), 1 survivors (1024K)
[2020-12-29T08:15:59.065-0500][gc,heap        ] GC(24404)  Metaspace       used 50336K, capacity 52472K, committed 53888K, reserved 1093632K
[2020-12-29T08:15:59.065-0500][gc,heap        ] GC(24404)   class space    used 7457K, capacity 8250K, committed 8832K, reserved 1048576K
[2020-12-29T08:15:59.065-0500][gc             ] GC(24404) Pause Young (Normal) (G1 Evacuation Pause) 50M->42M(63M) 2.290ms
[2020-12-29T08:15:59.065-0500][gc,cpu         ] GC(24404) User=0.00s Sys=0.00s Real=0.00s
[2020-12-29T08:16:45.190-0500][gc,task        ] GC(24405) Using 5 workers of 8 for full compaction
[2020-12-29T08:16:45.190-0500][gc,start       ] GC(24405) Pause Full (System.gc())
[2020-12-29T08:16:45.190-0500][gc,heap        ] GC(24405) Heap before GC invocations=24405 (full 5660): garbage-first heap   total 64512K, used 45441K [0x0000000083000000, 0x0000000100000000)
[2020-12-29T08:16:45.190-0500][gc,heap        ] GC(24405)   region size 1024K, 4 young (4096K), 1 survivors (1024K)
[2020-12-29T08:16:45.190-0500][gc,heap        ] GC(24405)  Metaspace       used 50336K, capacity 52472K, committed 53888K, reserved 1093632K
[2020-12-29T08:16:45.190-0500][gc,heap        ] GC(24405)   class space    used 7457K, capacity 8250K, committed 8832K, reserved 1048576K
[2020-12-29T08:16:45.190-0500][gc,phases,start] GC(24405) Phase 1: Mark live objects
[2020-12-29T08:16:45.214-0500][gc,stringtable ] GC(24405) Cleaned string and symbol table, strings: 33323 processed, 4 removed, symbols: 120973 processed, 0 removed
[2020-12-29T08:16:45.214-0500][gc,phases      ] GC(24405) Phase 1: Mark live objects 23.524ms
[2020-12-29T08:16:45.214-0500][gc,phases,start] GC(24405) Phase 2: Prepare for compaction
[2020-12-29T08:16:45.219-0500][gc,phases      ] GC(24405) Phase 2: Prepare for compaction 4.994ms
[2020-12-29T08:16:45.219-0500][gc,phases,start] GC(24405) Phase 3: Adjust pointers
[2020-12-29T08:16:45.232-0500][gc,phases      ] GC(24405) Phase 3: Adjust pointers 13.539ms
[2020-12-29T08:16:45.232-0500][gc,phases,start] GC(24405) Phase 4: Compact heap
[2020-12-29T08:16:45.236-0500][gc,phases      ] GC(24405) Phase 4: Compact heap 3.903ms
[2020-12-29T08:16:45.241-0500][gc,heap        ] GC(24405) Eden regions: 3->0(9)
[2020-12-29T08:16:45.241-0500][gc,heap        ] GC(24405) Survivor regions: 1->0(2)
[2020-12-29T08:16:45.241-0500][gc,heap        ] GC(24405) Old regions: 41->42
[2020-12-29T08:16:45.241-0500][gc,heap        ] GC(24405) Humongous regions: 4->4
[2020-12-29T08:16:45.241-0500][gc,metaspace   ] GC(24405) Metaspace: 50336K->50336K(1093632K)
[2020-12-29T08:16:45.241-0500][gc,heap        ] GC(24405) Heap after GC invocations=24406 (full 5661): garbage-first heap   total 64512K, used 43345K [0x0000000083000000, 0x0000000100000000)
[2020-12-29T08:16:45.241-0500][gc,heap        ] GC(24405)   region size 1024K, 0 young (0K), 0 survivors (0K)
[2020-12-29T08:16:45.241-0500][gc,heap        ] GC(24405)  Metaspace       used 50336K, capacity 52472K, committed 53888K, reserved 1093632K
[2020-12-29T08:16:45.241-0500][gc,heap        ] GC(24405)   class space    used 7457K, capacity 8250K, committed 8832K, reserved 1048576K
[2020-12-29T08:16:45.241-0500][gc             ] GC(24405) Pause Full (System.gc()) 45M->42M(63M) 51.570ms
[2020-12-29T08:16:45.241-0500][gc,cpu         ] GC(24405) User=0.21s Sys=0.00s Real=0.05s
[2020-12-29T08:18:59.061-0500][gc,heap        ] GC(24406) Heap before GC invocations=24406 (full 5661): garbage-first heap   total 64512K, used 52561K [0x0000000083000000, 0x0000000100000000)
[2020-12-29T08:18:59.061-0500][gc,heap        ] GC(24406)   region size 1024K, 9 young (9216K), 0 survivors (0K)
[2020-12-29T08:18:59.061-0500][gc,heap        ] GC(24406)  Metaspace       used 50336K, capacity 52472K, committed 53888K, reserved 1093632K
[2020-12-29T08:18:59.061-0500][gc,heap        ] GC(24406)   class space    used 7457K, capacity 8250K, committed 8832K, reserved 1048576K
[2020-12-29T08:18:59.062-0500][gc,start       ] GC(24406) Pause Young (Concurrent Start) (G1 Evacuation Pause)
[2020-12-29T08:18:59.062-0500][gc,task        ] GC(24406) Using 8 workers of 8 for evacuation
[2020-12-29T08:18:59.076-0500][gc,phases      ] GC(24406)   Pre Evacuate Collection Set: 0.3ms
[2020-12-29T08:18:59.076-0500][gc,phases      ] GC(24406)   Evacuate Collection Set: 13.3ms
[2020-12-29T08:18:59.076-0500][gc,phases      ] GC(24406)   Post Evacuate Collection Set: 1.0ms
[2020-12-29T08:18:59.076-0500][gc,phases      ] GC(24406)   Other: 0.4ms
[2020-12-29T08:18:59.076-0500][gc,heap        ] GC(24406) Eden regions: 9->0(8)
[2020-12-29T08:18:59.076-0500][gc,heap        ] GC(24406) Survivor regions: 0->1(2)
[2020-12-29T08:18:59.077-0500][gc,heap        ] GC(24406) Old regions: 42->42
[2020-12-29T08:18:59.077-0500][gc,heap        ] GC(24406) Humongous regions: 4->4
[2020-12-29T08:18:59.077-0500][gc,metaspace   ] GC(24406) Metaspace: 50336K->50336K(1093632K)
[2020-12-29T08:18:59.077-0500][gc,heap        ] GC(24406) Heap after GC invocations=24407 (full 5661): garbage-first heap   total 64512K, used 43434K [0x0000000083000000, 0x0000000100000000)
[2020-12-29T08:18:59.077-0500][gc,heap        ] GC(24406)   region size 1024K, 1 young (1024K), 1 survivors (1024K)
[2020-12-29T08:18:59.077-0500][gc,heap        ] GC(24406)  Metaspace       used 50336K, capacity 52472K, committed 53888K, reserved 1093632K
[2020-12-29T08:18:59.077-0500][gc,heap        ] GC(24406)   class space    used 7457K, capacity 8250K, committed 8832K, reserved 1048576K
[2020-12-29T08:18:59.077-0500][gc             ] GC(24406) Pause Young (Concurrent Start) (G1 Evacuation Pause) 51M->42M(63M) 15.099ms
[2020-12-29T08:18:59.077-0500][gc,cpu         ] GC(24406) User=0.08s Sys=0.00s Real=0.01s
[2020-12-29T08:18:59.077-0500][gc             ] GC(24407) Concurrent Cycle
[2020-12-29T08:18:59.077-0500][gc,marking     ] GC(24407) Concurrent Clear Claimed Marks
[2020-12-29T08:18:59.077-0500][gc,marking     ] GC(24407) Concurrent Clear Claimed Marks 0.174ms
[2020-12-29T08:18:59.077-0500][gc,marking     ] GC(24407) Concurrent Scan Root Regions
[2020-12-29T08:18:59.078-0500][gc,marking     ] GC(24407) Concurrent Scan Root Regions 0.809ms
[2020-12-29T08:18:59.078-0500][gc,marking     ] GC(24407) Concurrent Mark (1698136.465s)
[2020-12-29T08:18:59.078-0500][gc,marking     ] GC(24407) Concurrent Mark From Roots
[2020-12-29T08:18:59.078-0500][gc,task        ] GC(24407) Using 2 workers of 2 for marking
[2020-12-29T08:18:59.134-0500][gc,marking     ] GC(24407) Concurrent Mark From Roots 56.180ms
[2020-12-29T08:18:59.134-0500][gc,marking     ] GC(24407) Concurrent Preclean
[2020-12-29T08:18:59.135-0500][gc,marking     ] GC(24407) Concurrent Preclean 0.471ms
[2020-12-29T08:18:59.135-0500][gc,marking     ] GC(24407) Concurrent Mark (1698136.465s, 1698136.522s) 56.811ms
[2020-12-29T08:18:59.135-0500][gc,start       ] GC(24407) Pause Remark
[2020-12-29T08:18:59.146-0500][gc,stringtable ] GC(24407) Cleaned string and symbol table, strings: 33323 processed, 0 removed, symbols: 120973 processed, 0 removed
[2020-12-29T08:18:59.147-0500][gc             ] GC(24407) Pause Remark 42M->42M(63M) 11.891ms
[2020-12-29T08:18:59.147-0500][gc,cpu         ] GC(24407) User=0.07s Sys=0.00s Real=0.01s
[2020-12-29T08:18:59.147-0500][gc,marking     ] GC(24407) Concurrent Rebuild Remembered Sets
[2020-12-29T08:18:59.177-0500][gc,marking     ] GC(24407) Concurrent Rebuild Remembered Sets 29.644ms
[2020-12-29T08:18:59.177-0500][gc,start       ] GC(24407) Pause Cleanup
[2020-12-29T08:18:59.178-0500][gc             ] GC(24407) Pause Cleanup 42M->42M(63M) 0.725ms
[2020-12-29T08:18:59.178-0500][gc,cpu         ] GC(24407) User=0.00s Sys=0.00s Real=0.01s
[2020-12-29T08:18:59.178-0500][gc,marking     ] GC(24407) Concurrent Cleanup for Next Mark
[2020-12-29T08:18:59.179-0500][gc,marking     ] GC(24407) Concurrent Cleanup for Next Mark 0.421ms
[2020-12-29T08:18:59.179-0500][gc             ] GC(24407) Concurrent Cycle 102.168ms
[2020-12-29T08:20:59.060-0500][gc,heap        ] GC(24408) Heap before GC invocations=24408 (full 5661): garbage-first heap   total 64512K, used 51626K [0x0000000083000000, 0x0000000100000000)
[2020-12-29T08:20:59.060-0500][gc,heap        ] GC(24408)   region size 1024K, 9 young (9216K), 1 survivors (1024K)
[2020-12-29T08:20:59.060-0500][gc,heap        ] GC(24408)  Metaspace       used 50336K, capacity 52472K, committed 53888K, reserved 1093632K
[2020-12-29T08:20:59.060-0500][gc,heap        ] GC(24408)   class space    used 7457K, capacity 8250K, committed 8832K, reserved 1048576K
[2020-12-29T08:20:59.060-0500][gc,start       ] GC(24408) Pause Young (Normal) (G1 Evacuation Pause)
[2020-12-29T08:20:59.060-0500][gc,task        ] GC(24408) Using 8 workers of 8 for evacuation
[2020-12-29T08:20:59.064-0500][gc,phases      ] GC(24408)   Pre Evacuate Collection Set: 0.0ms
[2020-12-29T08:20:59.064-0500][gc,phases      ] GC(24408)   Evacuate Collection Set: 1.2ms
[2020-12-29T08:20:59.064-0500][gc,phases      ] GC(24408)   Post Evacuate Collection Set: 3.2ms
[2020-12-29T08:20:59.064-0500][gc,phases      ] GC(24408)   Other: 0.3ms
[2020-12-29T08:20:59.064-0500][gc,heap        ] GC(24408) Eden regions: 8->0(8)
[2020-12-29T08:20:59.064-0500][gc,heap        ] GC(24408) Survivor regions: 1->1(2)
[2020-12-29T08:20:59.064-0500][gc,heap        ] GC(24408) Old regions: 42->42
[2020-12-29T08:20:59.064-0500][gc,heap        ] GC(24408) Humongous regions: 4->4
[2020-12-29T08:20:59.064-0500][gc,metaspace   ] GC(24408) Metaspace: 50336K->50336K(1093632K)
[2020-12-29T08:20:59.064-0500][gc,heap        ] GC(24408) Heap after GC invocations=24409 (full 5661): garbage-first heap   total 64512K, used 43435K [0x0000000083000000, 0x0000000100000000)
[2020-12-29T08:20:59.064-0500][gc,heap        ] GC(24408)   region size 1024K, 1 young (1024K), 1 survivors (1024K)
[2020-12-29T08:20:59.064-0500][gc,heap        ] GC(24408)  Metaspace       used 50336K, capacity 52472K, committed 53888K, reserved 1093632K
[2020-12-29T08:20:59.064-0500][gc,heap        ] GC(24408)   class space    used 7457K, capacity 8250K, committed 8832K, reserved 1048576K
[2020-12-29T08:20:59.064-0500][gc             ] GC(24408) Pause Young (Normal) (G1 Evacuation Pause) 50M->42M(63M) 4.787ms
[2020-12-29T08:20:59.065-0500][gc,cpu         ] GC(24408) User=0.01s Sys=0.00s Real=0.00s
[2020-12-29T08:21:45.189-0500][gc,task        ] GC(24409) Using 5 workers of 8 for full compaction
[2020-12-29T08:21:45.190-0500][gc,start       ] GC(24409) Pause Full (System.gc())
[2020-12-29T08:21:45.190-0500][gc,heap        ] GC(24409) Heap before GC invocations=24409 (full 5661): garbage-first heap   total 64512K, used 45483K [0x0000000083000000, 0x0000000100000000)
[2020-12-29T08:21:45.190-0500][gc,heap        ] GC(24409)   region size 1024K, 5 young (5120K), 1 survivors (1024K)
[2020-12-29T08:21:45.190-0500][gc,heap        ] GC(24409)  Metaspace       used 50336K, capacity 52472K, committed 53888K, reserved 1093632K
[2020-12-29T08:21:45.190-0500][gc,heap        ] GC(24409)   class space    used 7457K, capacity 8250K, committed 8832K, reserved 1048576K
[2020-12-29T08:21:45.190-0500][gc,phases,start] GC(24409) Phase 1: Mark live objects
[2020-12-29T08:21:45.216-0500][gc,stringtable ] GC(24409) Cleaned string and symbol table, strings: 33323 processed, 4 removed, symbols: 120973 processed, 0 removed
[2020-12-29T08:21:45.216-0500][gc,phases      ] GC(24409) Phase 1: Mark live objects 26.285ms
[2020-12-29T08:21:45.216-0500][gc,phases,start] GC(24409) Phase 2: Prepare for compaction
[2020-12-29T08:21:45.223-0500][gc,phases      ] GC(24409) Phase 2: Prepare for compaction 7.224ms
[2020-12-29T08:21:45.224-0500][gc,phases,start] GC(24409) Phase 3: Adjust pointers
[2020-12-29T08:21:45.241-0500][gc,phases      ] GC(24409) Phase 3: Adjust pointers 17.110ms
[2020-12-29T08:21:45.241-0500][gc,phases,start] GC(24409) Phase 4: Compact heap
[2020-12-29T08:21:45.244-0500][gc,phases      ] GC(24409) Phase 4: Compact heap 3.594ms
[2020-12-29T08:21:45.250-0500][gc,heap        ] GC(24409) Eden regions: 4->0(10)
[2020-12-29T08:21:45.250-0500][gc,heap        ] GC(24409) Survivor regions: 1->0(2)
[2020-12-29T08:21:45.250-0500][gc,heap        ] GC(24409) Old regions: 42->41
[2020-12-29T08:21:45.250-0500][gc,heap        ] GC(24409) Humongous regions: 4->4
[2020-12-29T08:21:45.250-0500][gc,metaspace   ] GC(24409) Metaspace: 50336K->50336K(1093632K)
[2020-12-29T08:21:45.250-0500][gc,heap        ] GC(24409) Heap after GC invocations=24410 (full 5662): garbage-first heap   total 64512K, used 43347K [0x0000000083000000, 0x0000000100000000)
[2020-12-29T08:21:45.250-0500][gc,heap        ] GC(24409)   region size 1024K, 0 young (0K), 0 survivors (0K)
[2020-12-29T08:21:45.250-0500][gc,heap        ] GC(24409)  Metaspace       used 50336K, capacity 52472K, committed 53888K, reserved 1093632K
[2020-12-29T08:21:45.250-0500][gc,heap        ] GC(24409)   class space    used 7457K, capacity 8250K, committed 8832K, reserved 1048576K
[2020-12-29T08:21:45.250-0500][gc             ] GC(24409) Pause Full (System.gc()) 45M->42M(63M) 60.798ms
[2020-12-29T08:21:45.251-0500][gc,cpu         ] GC(24409) User=0.24s Sys=0.00s Real=0.06s
[2020-12-29T08:24:19.058-0500][gc,heap        ] GC(24410) Heap before GC invocations=24410 (full 5662): garbage-first heap   total 64512K, used 52563K [0x0000000083000000, 0x0000000100000000)
[2020-12-29T08:24:19.058-0500][gc,heap        ] GC(24410)   region size 1024K, 10 young (10240K), 0 survivors (0K)
[2020-12-29T08:24:19.058-0500][gc,heap        ] GC(24410)  Metaspace       used 50336K, capacity 52472K, committed 53888K, reserved 1093632K
[2020-12-29T08:24:19.058-0500][gc,heap        ] GC(24410)   class space    used 7457K, capacity 8250K, committed 8832K, reserved 1048576K
[2020-12-29T08:24:19.058-0500][gc,start       ] GC(24410) Pause Young (Concurrent Start) (G1 Evacuation Pause)
[2020-12-29T08:24:19.058-0500][gc,task        ] GC(24410) Using 8 workers of 8 for evacuation
[2020-12-29T08:24:19.061-0500][gc,phases      ] GC(24410)   Pre Evacuate Collection Set: 0.2ms
[2020-12-29T08:24:19.061-0500][gc,phases      ] GC(24410)   Evacuate Collection Set: 1.1ms
[2020-12-29T08:24:19.061-0500][gc,phases      ] GC(24410)   Post Evacuate Collection Set: 1.8ms
[2020-12-29T08:24:19.061-0500][gc,phases      ] GC(24410)   Other: 0.3ms
[2020-12-29T08:24:19.061-0500][gc,heap        ] GC(24410) Eden regions: 10->0(9)
[2020-12-29T08:24:19.061-0500][gc,heap        ] GC(24410) Survivor regions: 0->1(2)
[2020-12-29T08:24:19.061-0500][gc,heap        ] GC(24410) Old regions: 41->41
[2020-12-29T08:24:19.061-0500][gc,heap        ] GC(24410) Humongous regions: 4->4
[2020-12-29T08:24:19.061-0500][gc,metaspace   ] GC(24410) Metaspace: 50336K->50336K(1093632K)
[2020-12-29T08:24:19.061-0500][gc,heap        ] GC(24410) Heap after GC invocations=24411 (full 5662): garbage-first heap   total 64512K, used 43419K [0x0000000083000000, 0x0000000100000000)
[2020-12-29T08:24:19.061-0500][gc,heap        ] GC(24410)   region size 1024K, 1 young (1024K), 1 survivors (1024K)
[2020-12-29T08:24:19.061-0500][gc,heap        ] GC(24410)  Metaspace       used 50336K, capacity 52472K, committed 53888K, reserved 1093632K
[2020-12-29T08:24:19.061-0500][gc,heap        ] GC(24410)   class space    used 7457K, capacity 8250K, committed 8832K, reserved 1048576K
[2020-12-29T08:24:19.061-0500][gc             ] GC(24410) Pause Young (Concurrent Start) (G1 Evacuation Pause) 52M->42M(63M) 3.444ms
[2020-12-29T08:24:19.061-0500][gc,cpu         ] GC(24410) User=0.01s Sys=0.01s Real=0.00s
[2020-12-29T08:24:19.062-0500][gc             ] GC(24411) Concurrent Cycle
[2020-12-29T08:24:19.062-0500][gc,marking     ] GC(24411) Concurrent Clear Claimed Marks
[2020-12-29T08:24:19.062-0500][gc,marking     ] GC(24411) Concurrent Clear Claimed Marks 0.092ms
[2020-12-29T08:24:19.062-0500][gc,marking     ] GC(24411) Concurrent Scan Root Regions
[2020-12-29T08:24:19.062-0500][gc,marking     ] GC(24411) Concurrent Scan Root Regions 0.570ms
[2020-12-29T08:24:19.062-0500][gc,marking     ] GC(24411) Concurrent Mark (1698456.449s)
[2020-12-29T08:24:19.062-0500][gc,marking     ] GC(24411) Concurrent Mark From Roots
[2020-12-29T08:24:19.062-0500][gc,task        ] GC(24411) Using 2 workers of 2 for marking
[2020-12-29T08:24:19.110-0500][gc,marking     ] GC(24411) Concurrent Mark From Roots 47.444ms
[2020-12-29T08:24:19.110-0500][gc,marking     ] GC(24411) Concurrent Preclean
[2020-12-29T08:24:19.110-0500][gc,marking     ] GC(24411) Concurrent Preclean 0.294ms
[2020-12-29T08:24:19.110-0500][gc,marking     ] GC(24411) Concurrent Mark (1698456.449s, 1698456.497s) 47.835ms
[2020-12-29T08:24:19.111-0500][gc,start       ] GC(24411) Pause Remark
[2020-12-29T08:24:19.117-0500][gc,stringtable ] GC(24411) Cleaned string and symbol table, strings: 33323 processed, 0 removed, symbols: 120973 processed, 0 removed
[2020-12-29T08:24:19.117-0500][gc             ] GC(24411) Pause Remark 42M->42M(63M) 6.536ms
[2020-12-29T08:24:19.117-0500][gc,cpu         ] GC(24411) User=0.02s Sys=0.00s Real=0.00s
[2020-12-29T08:24:19.117-0500][gc,marking     ] GC(24411) Concurrent Rebuild Remembered Sets
[2020-12-29T08:24:19.138-0500][gc,marking     ] GC(24411) Concurrent Rebuild Remembered Sets 20.444ms
[2020-12-29T08:24:19.138-0500][gc,start       ] GC(24411) Pause Cleanup
[2020-12-29T08:24:19.138-0500][gc             ] GC(24411) Pause Cleanup 42M->42M(63M) 0.209ms
[2020-12-29T08:24:19.138-0500][gc,cpu         ] GC(24411) User=0.00s Sys=0.00s Real=0.00s
[2020-12-29T08:24:19.139-0500][gc,marking     ] GC(24411) Concurrent Cleanup for Next Mark
[2020-12-29T08:24:19.139-0500][gc,marking     ] GC(24411) Concurrent Cleanup for Next Mark 0.254ms
[2020-12-29T08:24:19.139-0500][gc             ] GC(24411) Concurrent Cycle 77.247ms
[2020-12-29T08:26:31.005-0500][gc,heap        ] GC(24412) Heap before GC invocations=24412 (full 5662): garbage-first heap   total 64512K, used 52626K [0x0000000083000000, 0x0000000100000000)
[2020-12-29T08:26:31.005-0500][gc,heap        ] GC(24412)   region size 1024K, 10 young (10240K), 1 survivors (1024K)
[2020-12-29T08:26:31.005-0500][gc,heap        ] GC(24412)  Metaspace       used 50336K, capacity 52472K, committed 53888K, reserved 1093632K
[2020-12-29T08:26:31.005-0500][gc,heap        ] GC(24412)   class space    used 7457K, capacity 8250K, committed 8832K, reserved 1048576K
[2020-12-29T08:26:31.005-0500][gc,start       ] GC(24412) Pause Young (Normal) (G1 Evacuation Pause)
[2020-12-29T08:26:31.005-0500][gc,task        ] GC(24412) Using 8 workers of 8 for evacuation
[2020-12-29T08:26:31.007-0500][gc,phases      ] GC(24412)   Pre Evacuate Collection Set: 0.0ms
[2020-12-29T08:26:31.007-0500][gc,phases      ] GC(24412)   Evacuate Collection Set: 0.8ms
[2020-12-29T08:26:31.007-0500][gc,phases      ] GC(24412)   Post Evacuate Collection Set: 0.9ms
[2020-12-29T08:26:31.007-0500][gc,phases      ] GC(24412)   Other: 0.3ms
[2020-12-29T08:26:31.007-0500][gc,heap        ] GC(24412) Eden regions: 9->0(10)
[2020-12-29T08:26:31.007-0500][gc,heap        ] GC(24412) Survivor regions: 1->1(2)
[2020-12-29T08:26:31.007-0500][gc,heap        ] GC(24412) Old regions: 40->40
[2020-12-29T08:26:31.007-0500][gc,heap        ] GC(24412) Humongous regions: 4->4
[2020-12-29T08:26:31.007-0500][gc,metaspace   ] GC(24412) Metaspace: 50336K->50336K(1093632K)
[2020-12-29T08:26:31.007-0500][gc,heap        ] GC(24412) Heap after GC invocations=24413 (full 5662): garbage-first heap   total 64512K, used 43388K [0x0000000083000000, 0x0000000100000000)
[2020-12-29T08:26:31.007-0500][gc,heap        ] GC(24412)   region size 1024K, 1 young (1024K), 1 survivors (1024K)
[2020-12-29T08:26:31.007-0500][gc,heap        ] GC(24412)  Metaspace       used 50336K, capacity 52472K, committed 53888K, reserved 1093632K
[2020-12-29T08:26:31.007-0500][gc,heap        ] GC(24412)   class space    used 7457K, capacity 8250K, committed 8832K, reserved 1048576K
[2020-12-29T08:26:31.007-0500][gc             ] GC(24412) Pause Young (Normal) (G1 Evacuation Pause) 51M->42M(63M) 1.988ms
[2020-12-29T08:26:31.007-0500][gc,cpu         ] GC(24412) User=0.00s Sys=0.01s Real=0.00s
[2020-12-29T08:26:45.190-0500][gc,task        ] GC(24413) Using 5 workers of 8 for full compaction
[2020-12-29T08:26:45.190-0500][gc,start       ] GC(24413) Pause Full (System.gc())
[2020-12-29T08:26:45.190-0500][gc,heap        ] GC(24413) Heap before GC invocations=24413 (full 5662): garbage-first heap   total 64512K, used 43388K [0x0000000083000000, 0x0000000100000000)
[2020-12-29T08:26:45.190-0500][gc,heap        ] GC(24413)   region size 1024K, 2 young (2048K), 1 survivors (1024K)
[2020-12-29T08:26:45.190-0500][gc,heap        ] GC(24413)  Metaspace       used 50336K, capacity 52472K, committed 53888K, reserved 1093632K
[2020-12-29T08:26:45.190-0500][gc,heap        ] GC(24413)   class space    used 7457K, capacity 8250K, committed 8832K, reserved 1048576K
[2020-12-29T08:26:45.190-0500][gc,phases,start] GC(24413) Phase 1: Mark live objects
[2020-12-29T08:26:45.216-0500][gc,stringtable ] GC(24413) Cleaned string and symbol table, strings: 33323 processed, 4 removed, symbols: 120973 processed, 0 removed
[2020-12-29T08:26:45.216-0500][gc,phases      ] GC(24413) Phase 1: Mark live objects 25.971ms
[2020-12-29T08:26:45.216-0500][gc,phases,start] GC(24413) Phase 2: Prepare for compaction
[2020-12-29T08:26:45.221-0500][gc,phases      ] GC(24413) Phase 2: Prepare for compaction 4.868ms
[2020-12-29T08:26:45.221-0500][gc,phases,start] GC(24413) Phase 3: Adjust pointers
[2020-12-29T08:26:45.233-0500][gc,phases      ] GC(24413) Phase 3: Adjust pointers 11.911ms
[2020-12-29T08:26:45.233-0500][gc,phases,start] GC(24413) Phase 4: Compact heap
[2020-12-29T08:26:45.236-0500][gc,phases      ] GC(24413) Phase 4: Compact heap 3.345ms
[2020-12-29T08:26:45.243-0500][gc,heap        ] GC(24413) Eden regions: 1->0(10)
[2020-12-29T08:26:45.243-0500][gc,heap        ] GC(24413) Survivor regions: 1->0(2)
[2020-12-29T08:26:45.244-0500][gc,heap        ] GC(24413) Old regions: 40->41
[2020-12-29T08:26:45.244-0500][gc,heap        ] GC(24413) Humongous regions: 4->4
[2020-12-29T08:26:45.244-0500][gc,metaspace   ] GC(24413) Metaspace: 50336K->50336K(1093632K)
[2020-12-29T08:26:45.244-0500][gc,heap        ] GC(24413) Heap after GC invocations=24414 (full 5663): garbage-first heap   total 64512K, used 43329K [0x0000000083000000, 0x0000000100000000)
[2020-12-29T08:26:45.244-0500][gc,heap        ] GC(24413)   region size 1024K, 0 young (0K), 0 survivors (0K)
[2020-12-29T08:26:45.244-0500][gc,heap        ] GC(24413)  Metaspace       used 50336K, capacity 52472K, committed 53888K, reserved 1093632K
[2020-12-29T08:26:45.244-0500][gc,heap        ] GC(24413)   class space    used 7457K, capacity 8250K, committed 8832K, reserved 1048576K
[2020-12-29T08:26:45.244-0500][gc             ] GC(24413) Pause Full (System.gc()) 43M->42M(63M) 53.685ms
[2020-12-29T08:26:45.244-0500][gc,cpu         ] GC(24413) User=0.22s Sys=0.00s Real=0.05s
[2020-12-29T08:29:11.028-0500][gc,heap        ] GC(24414) Heap before GC invocations=24414 (full 5663): garbage-first heap   total 64512K, used 53569K [0x0000000083000000, 0x0000000100000000)
[2020-12-29T08:29:11.029-0500][gc,heap        ] GC(24414)   region size 1024K, 10 young (10240K), 0 survivors (0K)
[2020-12-29T08:29:11.029-0500][gc,heap        ] GC(24414)  Metaspace       used 50336K, capacity 52472K, committed 53888K, reserved 1093632K
[2020-12-29T08:29:11.029-0500][gc,heap        ] GC(24414)   class space    used 7457K, capacity 8250K, committed 8832K, reserved 1048576K
[2020-12-29T08:29:11.029-0500][gc,start       ] GC(24414) Pause Young (Concurrent Start) (G1 Evacuation Pause)
[2020-12-29T08:29:11.029-0500][gc,task        ] GC(24414) Using 8 workers of 8 for evacuation
[2020-12-29T08:29:11.032-0500][gc,phases      ] GC(24414)   Pre Evacuate Collection Set: 0.2ms
[2020-12-29T08:29:11.032-0500][gc,phases      ] GC(24414)   Evacuate Collection Set: 1.3ms
[2020-12-29T08:29:11.032-0500][gc,phases      ] GC(24414)   Post Evacuate Collection Set: 1.3ms
[2020-12-29T08:29:11.032-0500][gc,phases      ] GC(24414)   Other: 0.3ms
[2020-12-29T08:29:11.032-0500][gc,heap        ] GC(24414) Eden regions: 10->0(9)
[2020-12-29T08:29:11.032-0500][gc,heap        ] GC(24414) Survivor regions: 0->1(2)
[2020-12-29T08:29:11.032-0500][gc,heap        ] GC(24414) Old regions: 41->41
[2020-12-29T08:29:11.032-0500][gc,heap        ] GC(24414) Humongous regions: 4->4
[2020-12-29T08:29:11.032-0500][gc,metaspace   ] GC(24414) Metaspace: 50336K->50336K(1093632K)
[2020-12-29T08:29:11.032-0500][gc,heap        ] GC(24414) Heap after GC invocations=24415 (full 5663): garbage-first heap   total 64512K, used 43396K [0x0000000083000000, 0x0000000100000000)
[2020-12-29T08:29:11.032-0500][gc,heap        ] GC(24414)   region size 1024K, 1 young (1024K), 1 survivors (1024K)
[2020-12-29T08:29:11.032-0500][gc,heap        ] GC(24414)  Metaspace       used 50336K, capacity 52472K, committed 53888K, reserved 1093632K
[2020-12-29T08:29:11.032-0500][gc,heap        ] GC(24414)   class space    used 7457K, capacity 8250K, committed 8832K, reserved 1048576K
[2020-12-29T08:29:11.032-0500][gc             ] GC(24414) Pause Young (Concurrent Start) (G1 Evacuation Pause) 52M->42M(63M) 3.267ms
[2020-12-29T08:29:11.032-0500][gc,cpu         ] GC(24414) User=0.00s Sys=0.00s Real=0.00s
[2020-12-29T08:29:11.032-0500][gc             ] GC(24415) Concurrent Cycle
[2020-12-29T08:29:11.032-0500][gc,marking     ] GC(24415) Concurrent Clear Claimed Marks
[2020-12-29T08:29:11.032-0500][gc,marking     ] GC(24415) Concurrent Clear Claimed Marks 0.209ms
[2020-12-29T08:29:11.032-0500][gc,marking     ] GC(24415) Concurrent Scan Root Regions
[2020-12-29T08:29:11.033-0500][gc,marking     ] GC(24415) Concurrent Scan Root Regions 0.780ms
[2020-12-29T08:29:11.033-0500][gc,marking     ] GC(24415) Concurrent Mark (1698748.420s)
[2020-12-29T08:29:11.033-0500][gc,marking     ] GC(24415) Concurrent Mark From Roots
[2020-12-29T08:29:11.033-0500][gc,task        ] GC(24415) Using 2 workers of 2 for marking
[2020-12-29T08:29:11.085-0500][gc,marking     ] GC(24415) Concurrent Mark From Roots 51.701ms
[2020-12-29T08:29:11.085-0500][gc,marking     ] GC(24415) Concurrent Preclean
[2020-12-29T08:29:11.085-0500][gc,marking     ] GC(24415) Concurrent Preclean 0.321ms
[2020-12-29T08:29:11.085-0500][gc,marking     ] GC(24415) Concurrent Mark (1698748.420s, 1698748.472s) 52.185ms
[2020-12-29T08:29:11.086-0500][gc,start       ] GC(24415) Pause Remark
[2020-12-29T08:29:11.091-0500][gc,stringtable ] GC(24415) Cleaned string and symbol table, strings: 33323 processed, 0 removed, symbols: 120973 processed, 0 removed
[2020-12-29T08:29:11.092-0500][gc             ] GC(24415) Pause Remark 42M->42M(63M) 6.109ms
[2020-12-29T08:29:11.092-0500][gc,cpu         ] GC(24415) User=0.03s Sys=0.00s Real=0.01s
[2020-12-29T08:29:11.092-0500][gc,marking     ] GC(24415) Concurrent Rebuild Remembered Sets
[2020-12-29T08:29:11.122-0500][gc,marking     ] GC(24415) Concurrent Rebuild Remembered Sets 30.012ms
[2020-12-29T08:29:11.122-0500][gc,start       ] GC(24415) Pause Cleanup
[2020-12-29T08:29:11.123-0500][gc             ] GC(24415) Pause Cleanup 42M->42M(63M) 0.327ms
[2020-12-29T08:29:11.123-0500][gc,cpu         ] GC(24415) User=0.00s Sys=0.00s Real=0.00s
[2020-12-29T08:29:11.123-0500][gc,marking     ] GC(24415) Concurrent Cleanup for Next Mark
[2020-12-29T08:29:11.123-0500][gc,marking     ] GC(24415) Concurrent Cleanup for Next Mark 0.254ms
[2020-12-29T08:29:11.123-0500][gc             ] GC(24415) Concurrent Cycle 91.157ms
[2020-12-29T08:31:29.061-0500][gc,heap        ] GC(24416) Heap before GC invocations=24416 (full 5663): garbage-first heap   total 64512K, used 52612K [0x0000000083000000, 0x0000000100000000)
[2020-12-29T08:31:29.061-0500][gc,heap        ] GC(24416)   region size 1024K, 10 young (10240K), 1 survivors (1024K)
[2020-12-29T08:31:29.061-0500][gc,heap        ] GC(24416)  Metaspace       used 50336K, capacity 52472K, committed 53888K, reserved 1093632K
[2020-12-29T08:31:29.061-0500][gc,heap        ] GC(24416)   class space    used 7457K, capacity 8250K, committed 8832K, reserved 1048576K
[2020-12-29T08:31:29.061-0500][gc,start       ] GC(24416) Pause Young (Normal) (G1 Evacuation Pause)
[2020-12-29T08:31:29.061-0500][gc,task        ] GC(24416) Using 8 workers of 8 for evacuation
[2020-12-29T08:31:29.063-0500][gc,phases      ] GC(24416)   Pre Evacuate Collection Set: 0.0ms
[2020-12-29T08:31:29.063-0500][gc,phases      ] GC(24416)   Evacuate Collection Set: 0.9ms
[2020-12-29T08:31:29.063-0500][gc,phases      ] GC(24416)   Post Evacuate Collection Set: 0.8ms
[2020-12-29T08:31:29.063-0500][gc,phases      ] GC(24416)   Other: 0.2ms
[2020-12-29T08:31:29.063-0500][gc,heap        ] GC(24416) Eden regions: 9->0(9)
[2020-12-29T08:31:29.063-0500][gc,heap        ] GC(24416) Survivor regions: 1->1(2)
[2020-12-29T08:31:29.063-0500][gc,heap        ] GC(24416) Old regions: 41->41
[2020-12-29T08:31:29.063-0500][gc,heap        ] GC(24416) Humongous regions: 4->4
[2020-12-29T08:31:29.063-0500][gc,metaspace   ] GC(24416) Metaspace: 50336K->50336K(1093632K)
[2020-12-29T08:31:29.063-0500][gc,heap        ] GC(24416) Heap after GC invocations=24417 (full 5663): garbage-first heap   total 64512K, used 43389K [0x0000000083000000, 0x0000000100000000)
[2020-12-29T08:31:29.063-0500][gc,heap        ] GC(24416)   region size 1024K, 1 young (1024K), 1 survivors (1024K)
[2020-12-29T08:31:29.063-0500][gc,heap        ] GC(24416)  Metaspace       used 50336K, capacity 52472K, committed 53888K, reserved 1093632K
[2020-12-29T08:31:29.063-0500][gc,heap        ] GC(24416)   class space    used 7457K, capacity 8250K, committed 8832K, reserved 1048576K
[2020-12-29T08:31:29.063-0500][gc             ] GC(24416) Pause Young (Normal) (G1 Evacuation Pause) 51M->42M(63M) 1.995ms
[2020-12-29T08:31:29.063-0500][gc,cpu         ] GC(24416) User=0.00s Sys=0.00s Real=0.00s
[2020-12-29T08:31:45.190-0500][gc,task        ] GC(24417) Using 5 workers of 8 for full compaction
[2020-12-29T08:31:45.190-0500][gc,start       ] GC(24417) Pause Full (System.gc())
[2020-12-29T08:31:45.190-0500][gc,heap        ] GC(24417) Heap before GC invocations=24417 (full 5663): garbage-first heap   total 64512K, used 43389K [0x0000000083000000, 0x0000000100000000)
[2020-12-29T08:31:45.190-0500][gc,heap        ] GC(24417)   region size 1024K, 3 young (3072K), 1 survivors (1024K)
[2020-12-29T08:31:45.190-0500][gc,heap        ] GC(24417)  Metaspace       used 50336K, capacity 52472K, committed 53888K, reserved 1093632K
[2020-12-29T08:31:45.190-0500][gc,heap        ] GC(24417)   class space    used 7457K, capacity 8250K, committed 8832K, reserved 1048576K
[2020-12-29T08:31:45.190-0500][gc,phases,start] GC(24417) Phase 1: Mark live objects
[2020-12-29T08:31:45.213-0500][gc,stringtable ] GC(24417) Cleaned string and symbol table, strings: 33323 processed, 4 removed, symbols: 120973 processed, 0 removed
[2020-12-29T08:31:45.213-0500][gc,phases      ] GC(24417) Phase 1: Mark live objects 22.955ms
[2020-12-29T08:31:45.213-0500][gc,phases,start] GC(24417) Phase 2: Prepare for compaction
[2020-12-29T08:31:45.218-0500][gc,phases      ] GC(24417) Phase 2: Prepare for compaction 4.933ms
[2020-12-29T08:31:45.218-0500][gc,phases,start] GC(24417) Phase 3: Adjust pointers
[2020-12-29T08:31:45.231-0500][gc,phases      ] GC(24417) Phase 3: Adjust pointers 12.490ms
[2020-12-29T08:31:45.231-0500][gc,phases,start] GC(24417) Phase 4: Compact heap
[2020-12-29T08:31:45.234-0500][gc,phases      ] GC(24417) Phase 4: Compact heap 3.567ms
[2020-12-29T08:31:45.240-0500][gc,heap        ] GC(24417) Eden regions: 2->0(10)
[2020-12-29T08:31:45.240-0500][gc,heap        ] GC(24417) Survivor regions: 1->0(2)
[2020-12-29T08:31:45.240-0500][gc,heap        ] GC(24417) Old regions: 41->41
[2020-12-29T08:31:45.240-0500][gc,heap        ] GC(24417) Humongous regions: 4->4
[2020-12-29T08:31:45.240-0500][gc,metaspace   ] GC(24417) Metaspace: 50336K->50336K(1093632K)
[2020-12-29T08:31:45.240-0500][gc,heap        ] GC(24417) Heap after GC invocations=24418 (full 5664): garbage-first heap   total 64512K, used 43330K [0x0000000083000000, 0x0000000100000000)
[2020-12-29T08:31:45.240-0500][gc,heap        ] GC(24417)   region size 1024K, 0 young (0K), 0 survivors (0K)
[2020-12-29T08:31:45.240-0500][gc,heap        ] GC(24417)  Metaspace       used 50336K, capacity 52472K, committed 53888K, reserved 1093632K
[2020-12-29T08:31:45.240-0500][gc,heap        ] GC(24417)   class space    used 7457K, capacity 8250K, committed 8832K, reserved 1048576K
[2020-12-29T08:31:45.240-0500][gc             ] GC(24417) Pause Full (System.gc()) 43M->42M(63M) 49.818ms
[2020-12-29T08:31:45.240-0500][gc,cpu         ] GC(24417) User=0.21s Sys=0.00s Real=0.05s
[2020-12-29T08:34:10.668-0500][gc,heap        ] GC(24418) Heap before GC invocations=24418 (full 5664): garbage-first heap   total 64512K, used 52546K [0x0000000083000000, 0x0000000100000000)
[2020-12-29T08:34:10.668-0500][gc,heap        ] GC(24418)   region size 1024K, 10 young (10240K), 0 survivors (0K)
[2020-12-29T08:34:10.668-0500][gc,heap        ] GC(24418)  Metaspace       used 50336K, capacity 52472K, committed 53888K, reserved 1093632K
[2020-12-29T08:34:10.668-0500][gc,heap        ] GC(24418)   class space    used 7457K, capacity 8250K, committed 8832K, reserved 1048576K
[2020-12-29T08:34:10.668-0500][gc,start       ] GC(24418) Pause Young (Concurrent Start) (G1 Evacuation Pause)
[2020-12-29T08:34:10.668-0500][gc,task        ] GC(24418) Using 8 workers of 8 for evacuation
[2020-12-29T08:34:10.753-0500][gc,phases      ] GC(24418)   Pre Evacuate Collection Set: 0.2ms
[2020-12-29T08:34:10.753-0500][gc,phases      ] GC(24418)   Evacuate Collection Set: 31.7ms
[2020-12-29T08:34:10.753-0500][gc,phases      ] GC(24418)   Post Evacuate Collection Set: 53.2ms
[2020-12-29T08:34:10.754-0500][gc,phases      ] GC(24418)   Other: 0.4ms
[2020-12-29T08:34:10.754-0500][gc,heap        ] GC(24418) Eden regions: 10->0(9)
[2020-12-29T08:34:10.754-0500][gc,heap        ] GC(24418) Survivor regions: 0->1(2)
[2020-12-29T08:34:10.754-0500][gc,heap        ] GC(24418) Old regions: 41->41
[2020-12-29T08:34:10.754-0500][gc,heap        ] GC(24418) Humongous regions: 4->4
[2020-12-29T08:34:10.754-0500][gc,metaspace   ] GC(24418) Metaspace: 50336K->50336K(1093632K)
[2020-12-29T08:34:10.754-0500][gc,heap        ] GC(24418) Heap after GC invocations=24419 (full 5664): garbage-first heap   total 64512K, used 43413K [0x0000000083000000, 0x0000000100000000)
[2020-12-29T08:34:10.754-0500][gc,heap        ] GC(24418)   region size 1024K, 1 young (1024K), 1 survivors (1024K)
[2020-12-29T08:34:10.754-0500][gc,heap        ] GC(24418)  Metaspace       used 50336K, capacity 52472K, committed 53888K, reserved 1093632K
[2020-12-29T08:34:10.754-0500][gc,heap        ] GC(24418)   class space    used 7457K, capacity 8250K, committed 8832K, reserved 1048576K
[2020-12-29T08:34:10.754-0500][gc             ] GC(24418) Pause Young (Concurrent Start) (G1 Evacuation Pause) 52M->42M(63M) 85.560ms
[2020-12-29T08:34:10.754-0500][gc,cpu         ] GC(24418) User=0.44s Sys=0.00s Real=0.08s
[2020-12-29T08:34:10.755-0500][gc             ] GC(24419) Concurrent Cycle
[2020-12-29T08:34:10.755-0500][gc,marking     ] GC(24419) Concurrent Clear Claimed Marks
[2020-12-29T08:34:10.755-0500][gc,marking     ] GC(24419) Concurrent Clear Claimed Marks 0.257ms
[2020-12-29T08:34:10.755-0500][gc,marking     ] GC(24419) Concurrent Scan Root Regions
[2020-12-29T08:34:10.757-0500][gc,marking     ] GC(24419) Concurrent Scan Root Regions 2.062ms
[2020-12-29T08:34:10.757-0500][gc,marking     ] GC(24419) Concurrent Mark (1699048.145s)
[2020-12-29T08:34:10.758-0500][gc,marking     ] GC(24419) Concurrent Mark From Roots
[2020-12-29T08:34:10.758-0500][gc,task        ] GC(24419) Using 2 workers of 2 for marking
[2020-12-29T08:34:10.829-0500][gc,marking     ] GC(24419) Concurrent Mark From Roots 71.191ms
[2020-12-29T08:34:10.829-0500][gc,marking     ] GC(24419) Concurrent Preclean
[2020-12-29T08:34:10.829-0500][gc,marking     ] GC(24419) Concurrent Preclean 0.176ms
[2020-12-29T08:34:10.829-0500][gc,marking     ] GC(24419) Concurrent Mark (1699048.145s, 1699048.216s) 71.466ms
[2020-12-29T08:34:10.829-0500][gc,start       ] GC(24419) Pause Remark
[2020-12-29T08:34:10.836-0500][gc,stringtable ] GC(24419) Cleaned string and symbol table, strings: 33323 processed, 0 removed, symbols: 120973 processed, 0 removed
[2020-12-29T08:34:10.837-0500][gc             ] GC(24419) Pause Remark 42M->42M(63M) 7.404ms
[2020-12-29T08:34:10.837-0500][gc,cpu         ] GC(24419) User=0.04s Sys=0.00s Real=0.00s
[2020-12-29T08:34:10.837-0500][gc,marking     ] GC(24419) Concurrent Rebuild Remembered Sets
[2020-12-29T08:34:10.863-0500][gc,marking     ] GC(24419) Concurrent Rebuild Remembered Sets 26.487ms
[2020-12-29T08:34:10.864-0500][gc,start       ] GC(24419) Pause Cleanup
[2020-12-29T08:34:10.864-0500][gc             ] GC(24419) Pause Cleanup 42M->42M(63M) 0.242ms
[2020-12-29T08:34:10.864-0500][gc,cpu         ] GC(24419) User=0.00s Sys=0.00s Real=0.00s
[2020-12-29T08:34:10.864-0500][gc,marking     ] GC(24419) Concurrent Cleanup for Next Mark
[2020-12-29T08:34:10.864-0500][gc,marking     ] GC(24419) Concurrent Cleanup for Next Mark 0.193ms
[2020-12-29T08:34:10.864-0500][gc             ] GC(24419) Concurrent Cycle 109.494ms
[2020-12-29T08:36:29.060-0500][gc,heap        ] GC(24420) Heap before GC invocations=24420 (full 5664): garbage-first heap   total 64512K, used 51605K [0x0000000083000000, 0x0000000100000000)
[2020-12-29T08:36:29.060-0500][gc,heap        ] GC(24420)   region size 1024K, 10 young (10240K), 1 survivors (1024K)
[2020-12-29T08:36:29.060-0500][gc,heap        ] GC(24420)  Metaspace       used 50336K, capacity 52472K, committed 53888K, reserved 1093632K
[2020-12-29T08:36:29.060-0500][gc,heap        ] GC(24420)   class space    used 7457K, capacity 8250K, committed 8832K, reserved 1048576K
[2020-12-29T08:36:29.060-0500][gc,start       ] GC(24420) Pause Young (Normal) (G1 Evacuation Pause)
[2020-12-29T08:36:29.060-0500][gc,task        ] GC(24420) Using 8 workers of 8 for evacuation
[2020-12-29T08:36:29.062-0500][gc,phases      ] GC(24420)   Pre Evacuate Collection Set: 0.0ms
[2020-12-29T08:36:29.062-0500][gc,phases      ] GC(24420)   Evacuate Collection Set: 0.8ms
[2020-12-29T08:36:29.062-0500][gc,phases      ] GC(24420)   Post Evacuate Collection Set: 1.0ms
[2020-12-29T08:36:29.062-0500][gc,phases      ] GC(24420)   Other: 0.2ms
[2020-12-29T08:36:29.062-0500][gc,heap        ] GC(24420) Eden regions: 9->0(9)
[2020-12-29T08:36:29.062-0500][gc,heap        ] GC(24420) Survivor regions: 1->1(2)
[2020-12-29T08:36:29.062-0500][gc,heap        ] GC(24420) Old regions: 41->41
[2020-12-29T08:36:29.062-0500][gc,heap        ] GC(24420) Humongous regions: 4->4
[2020-12-29T08:36:29.062-0500][gc,metaspace   ] GC(24420) Metaspace: 50336K->50336K(1093632K)
[2020-12-29T08:36:29.062-0500][gc,heap        ] GC(24420) Heap after GC invocations=24421 (full 5664): garbage-first heap   total 64512K, used 43400K [0x0000000083000000, 0x0000000100000000)
[2020-12-29T08:36:29.062-0500][gc,heap        ] GC(24420)   region size 1024K, 1 young (1024K), 1 survivors (1024K)
[2020-12-29T08:36:29.062-0500][gc,heap        ] GC(24420)  Metaspace       used 50336K, capacity 52472K, committed 53888K, reserved 1093632K
[2020-12-29T08:36:29.062-0500][gc,heap        ] GC(24420)   class space    used 7457K, capacity 8250K, committed 8832K, reserved 1048576K
[2020-12-29T08:36:29.062-0500][gc             ] GC(24420) Pause Young (Normal) (G1 Evacuation Pause) 51M->42M(63M) 2.033ms
[2020-12-29T08:36:29.062-0500][gc,cpu         ] GC(24420) User=0.00s Sys=0.01s Real=0.00s
[2020-12-29T08:36:45.190-0500][gc,task        ] GC(24421) Using 5 workers of 8 for full compaction
[2020-12-29T08:36:45.190-0500][gc,start       ] GC(24421) Pause Full (System.gc())
[2020-12-29T08:36:45.190-0500][gc,heap        ] GC(24421) Heap before GC invocations=24421 (full 5664): garbage-first heap   total 64512K, used 44424K [0x0000000083000000, 0x0000000100000000)
[2020-12-29T08:36:45.190-0500][gc,heap        ] GC(24421)   region size 1024K, 3 young (3072K), 1 survivors (1024K)
[2020-12-29T08:36:45.190-0500][gc,heap        ] GC(24421)  Metaspace       used 50336K, capacity 52472K, committed 53888K, reserved 1093632K
[2020-12-29T08:36:45.190-0500][gc,heap        ] GC(24421)   class space    used 7457K, capacity 8250K, committed 8832K, reserved 1048576K
[2020-12-29T08:36:45.190-0500][gc,phases,start] GC(24421) Phase 1: Mark live objects
[2020-12-29T08:36:45.210-0500][gc,stringtable ] GC(24421) Cleaned string and symbol table, strings: 33323 processed, 4 removed, symbols: 120973 processed, 0 removed
[2020-12-29T08:36:45.210-0500][gc,phases      ] GC(24421) Phase 1: Mark live objects 20.320ms
[2020-12-29T08:36:45.210-0500][gc,phases,start] GC(24421) Phase 2: Prepare for compaction
[2020-12-29T08:36:45.214-0500][gc,phases      ] GC(24421) Phase 2: Prepare for compaction 3.882ms
[2020-12-29T08:36:45.214-0500][gc,phases,start] GC(24421) Phase 3: Adjust pointers
[2020-12-29T08:36:45.227-0500][gc,phases      ] GC(24421) Phase 3: Adjust pointers 12.693ms
[2020-12-29T08:36:45.227-0500][gc,phases,start] GC(24421) Phase 4: Compact heap
[2020-12-29T08:36:45.230-0500][gc,phases      ] GC(24421) Phase 4: Compact heap 3.169ms
[2020-12-29T08:36:45.235-0500][gc,heap        ] GC(24421) Eden regions: 2->0(10)
[2020-12-29T08:36:45.235-0500][gc,heap        ] GC(24421) Survivor regions: 1->0(2)
[2020-12-29T08:36:45.235-0500][gc,heap        ] GC(24421) Old regions: 41->41
[2020-12-29T08:36:45.235-0500][gc,heap        ] GC(24421) Humongous regions: 4->4
[2020-12-29T08:36:45.235-0500][gc,metaspace   ] GC(24421) Metaspace: 50336K->50336K(1093632K)
[2020-12-29T08:36:45.235-0500][gc,heap        ] GC(24421) Heap after GC invocations=24422 (full 5665): garbage-first heap   total 64512K, used 43331K [0x0000000083000000, 0x0000000100000000)
[2020-12-29T08:36:45.235-0500][gc,heap        ] GC(24421)   region size 1024K, 0 young (0K), 0 survivors (0K)
[2020-12-29T08:36:45.235-0500][gc,heap        ] GC(24421)  Metaspace       used 50336K, capacity 52472K, committed 53888K, reserved 1093632K
[2020-12-29T08:36:45.235-0500][gc,heap        ] GC(24421)   class space    used 7457K, capacity 8250K, committed 8832K, reserved 1048576K
[2020-12-29T08:36:45.235-0500][gc             ] GC(24421) Pause Full (System.gc()) 43M->42M(63M) 45.385ms
[2020-12-29T08:36:45.235-0500][gc,cpu         ] GC(24421) User=0.19s Sys=0.00s Real=0.04s
[2020-12-29T08:39:00.860-0500][gc,heap        ] GC(24422) Heap before GC invocations=24422 (full 5665): garbage-first heap   total 64512K, used 52547K [0x0000000083000000, 0x0000000100000000)
[2020-12-29T08:39:00.860-0500][gc,heap        ] GC(24422)   region size 1024K, 10 young (10240K), 0 survivors (0K)
[2020-12-29T08:39:00.860-0500][gc,heap        ] GC(24422)  Metaspace       used 50336K, capacity 52472K, committed 53888K, reserved 1093632K
[2020-12-29T08:39:00.860-0500][gc,heap        ] GC(24422)   class space    used 7457K, capacity 8250K, committed 8832K, reserved 1048576K
[2020-12-29T08:39:00.860-0500][gc,start       ] GC(24422) Pause Young (Concurrent Start) (G1 Evacuation Pause)
[2020-12-29T08:39:00.860-0500][gc,task        ] GC(24422) Using 8 workers of 8 for evacuation
[2020-12-29T08:39:00.863-0500][gc,phases      ] GC(24422)   Pre Evacuate Collection Set: 0.2ms
[2020-12-29T08:39:00.863-0500][gc,phases      ] GC(24422)   Evacuate Collection Set: 1.2ms
[2020-12-29T08:39:00.863-0500][gc,phases      ] GC(24422)   Post Evacuate Collection Set: 1.0ms
[2020-12-29T08:39:00.863-0500][gc,phases      ] GC(24422)   Other: 0.4ms
[2020-12-29T08:39:00.863-0500][gc,heap        ] GC(24422) Eden regions: 10->0(9)
[2020-12-29T08:39:00.863-0500][gc,heap        ] GC(24422) Survivor regions: 0->1(2)
[2020-12-29T08:39:00.863-0500][gc,heap        ] GC(24422) Old regions: 41->41
[2020-12-29T08:39:00.863-0500][gc,heap        ] GC(24422) Humongous regions: 4->4
[2020-12-29T08:39:00.863-0500][gc,metaspace   ] GC(24422) Metaspace: 50336K->50336K(1093632K)
[2020-12-29T08:39:00.863-0500][gc,heap        ] GC(24422) Heap after GC invocations=24423 (full 5665): garbage-first heap   total 64512K, used 43415K [0x0000000083000000, 0x0000000100000000)
[2020-12-29T08:39:00.863-0500][gc,heap        ] GC(24422)   region size 1024K, 1 young (1024K), 1 survivors (1024K)
[2020-12-29T08:39:00.863-0500][gc,heap        ] GC(24422)  Metaspace       used 50336K, capacity 52472K, committed 53888K, reserved 1093632K
[2020-12-29T08:39:00.863-0500][gc,heap        ] GC(24422)   class space    used 7457K, capacity 8250K, committed 8832K, reserved 1048576K
[2020-12-29T08:39:00.863-0500][gc             ] GC(24422) Pause Young (Concurrent Start) (G1 Evacuation Pause) 52M->42M(63M) 2.840ms
[2020-12-29T08:39:00.863-0500][gc,cpu         ] GC(24422) User=0.01s Sys=0.00s Real=0.00s
[2020-12-29T08:39:00.863-0500][gc             ] GC(24423) Concurrent Cycle
[2020-12-29T08:39:00.863-0500][gc,marking     ] GC(24423) Concurrent Clear Claimed Marks
[2020-12-29T08:39:00.864-0500][gc,marking     ] GC(24423) Concurrent Clear Claimed Marks 0.200ms
[2020-12-29T08:39:00.864-0500][gc,marking     ] GC(24423) Concurrent Scan Root Regions
[2020-12-29T08:39:00.865-0500][gc,marking     ] GC(24423) Concurrent Scan Root Regions 1.202ms
[2020-12-29T08:39:00.865-0500][gc,marking     ] GC(24423) Concurrent Mark (1699338.252s)
[2020-12-29T08:39:00.865-0500][gc,marking     ] GC(24423) Concurrent Mark From Roots
[2020-12-29T08:39:00.865-0500][gc,task        ] GC(24423) Using 2 workers of 2 for marking
[2020-12-29T08:39:00.912-0500][gc,marking     ] GC(24423) Concurrent Mark From Roots 47.086ms
[2020-12-29T08:39:00.912-0500][gc,marking     ] GC(24423) Concurrent Preclean
[2020-12-29T08:39:00.912-0500][gc,marking     ] GC(24423) Concurrent Preclean 0.165ms
[2020-12-29T08:39:00.912-0500][gc,marking     ] GC(24423) Concurrent Mark (1699338.252s, 1699338.299s) 47.334ms
[2020-12-29T08:39:00.913-0500][gc,start       ] GC(24423) Pause Remark
[2020-12-29T08:39:00.919-0500][gc,stringtable ] GC(24423) Cleaned string and symbol table, strings: 33323 processed, 0 removed, symbols: 120973 processed, 0 removed
[2020-12-29T08:39:00.920-0500][gc             ] GC(24423) Pause Remark 42M->42M(63M) 7.269ms
[2020-12-29T08:39:00.920-0500][gc,cpu         ] GC(24423) User=0.04s Sys=0.00s Real=0.01s
[2020-12-29T08:39:00.920-0500][gc,marking     ] GC(24423) Concurrent Rebuild Remembered Sets
[2020-12-29T08:39:00.945-0500][gc,marking     ] GC(24423) Concurrent Rebuild Remembered Sets 24.977ms
[2020-12-29T08:39:00.946-0500][gc,start       ] GC(24423) Pause Cleanup
[2020-12-29T08:39:00.946-0500][gc             ] GC(24423) Pause Cleanup 42M->42M(63M) 0.345ms
[2020-12-29T08:39:00.946-0500][gc,cpu         ] GC(24423) User=0.00s Sys=0.00s Real=0.00s
[2020-12-29T08:39:00.946-0500][gc,marking     ] GC(24423) Concurrent Cleanup for Next Mark
[2020-12-29T08:39:00.946-0500][gc,marking     ] GC(24423) Concurrent Cleanup for Next Mark 0.285ms
[2020-12-29T08:39:00.946-0500][gc             ] GC(24423) Concurrent Cycle 83.057ms
[2020-12-29T08:41:19.066-0500][gc,heap        ] GC(24424) Heap before GC invocations=24424 (full 5665): garbage-first heap   total 64512K, used 52631K [0x0000000083000000, 0x0000000100000000)
[2020-12-29T08:41:19.066-0500][gc,heap        ] GC(24424)   region size 1024K, 10 young (10240K), 1 survivors (1024K)
[2020-12-29T08:41:19.066-0500][gc,heap        ] GC(24424)  Metaspace       used 50336K, capacity 52472K, committed 53888K, reserved 1093632K
[2020-12-29T08:41:19.066-0500][gc,heap        ] GC(24424)   class space    used 7457K, capacity 8250K, committed 8832K, reserved 1048576K
[2020-12-29T08:41:19.066-0500][gc,start       ] GC(24424) Pause Young (Normal) (G1 Evacuation Pause)
[2020-12-29T08:41:19.066-0500][gc,task        ] GC(24424) Using 8 workers of 8 for evacuation
[2020-12-29T08:41:19.068-0500][gc,phases      ] GC(24424)   Pre Evacuate Collection Set: 0.0ms
[2020-12-29T08:41:19.068-0500][gc,phases      ] GC(24424)   Evacuate Collection Set: 1.0ms
[2020-12-29T08:41:19.068-0500][gc,phases      ] GC(24424)   Post Evacuate Collection Set: 0.8ms
[2020-12-29T08:41:19.068-0500][gc,phases      ] GC(24424)   Other: 0.2ms
[2020-12-29T08:41:19.068-0500][gc,heap        ] GC(24424) Eden regions: 9->0(9)
[2020-12-29T08:41:19.068-0500][gc,heap        ] GC(24424) Survivor regions: 1->1(2)
[2020-12-29T08:41:19.068-0500][gc,heap        ] GC(24424) Old regions: 41->41
[2020-12-29T08:41:19.068-0500][gc,heap        ] GC(24424) Humongous regions: 4->4
[2020-12-29T08:41:19.068-0500][gc,metaspace   ] GC(24424) Metaspace: 50336K->50336K(1093632K)
[2020-12-29T08:41:19.068-0500][gc,heap        ] GC(24424) Heap after GC invocations=24425 (full 5665): garbage-first heap   total 64512K, used 43422K [0x0000000083000000, 0x0000000100000000)
[2020-12-29T08:41:19.068-0500][gc,heap        ] GC(24424)   region size 1024K, 1 young (1024K), 1 survivors (1024K)
[2020-12-29T08:41:19.068-0500][gc,heap        ] GC(24424)  Metaspace       used 50336K, capacity 52472K, committed 53888K, reserved 1093632K
[2020-12-29T08:41:19.068-0500][gc,heap        ] GC(24424)   class space    used 7457K, capacity 8250K, committed 8832K, reserved 1048576K
[2020-12-29T08:41:19.068-0500][gc             ] GC(24424) Pause Young (Normal) (G1 Evacuation Pause) 51M->42M(63M) 2.065ms
[2020-12-29T08:41:19.068-0500][gc,cpu         ] GC(24424) User=0.01s Sys=0.00s Real=0.01s
[2020-12-29T08:41:45.191-0500][gc,task        ] GC(24425) Using 5 workers of 8 for full compaction
[2020-12-29T08:41:45.191-0500][gc,start       ] GC(24425) Pause Full (System.gc())
[2020-12-29T08:41:45.192-0500][gc,heap        ] GC(24425) Heap before GC invocations=24425 (full 5665): garbage-first heap   total 64512K, used 44446K [0x0000000083000000, 0x0000000100000000)
[2020-12-29T08:41:45.192-0500][gc,heap        ] GC(24425)   region size 1024K, 3 young (3072K), 1 survivors (1024K)
[2020-12-29T08:41:45.192-0500][gc,heap        ] GC(24425)  Metaspace       used 50336K, capacity 52472K, committed 53888K, reserved 1093632K
[2020-12-29T08:41:45.192-0500][gc,heap        ] GC(24425)   class space    used 7457K, capacity 8250K, committed 8832K, reserved 1048576K
[2020-12-29T08:41:45.192-0500][gc,phases,start] GC(24425) Phase 1: Mark live objects
[2020-12-29T08:41:45.213-0500][gc,stringtable ] GC(24425) Cleaned string and symbol table, strings: 33323 processed, 4 removed, symbols: 120973 processed, 0 removed
[2020-12-29T08:41:45.213-0500][gc,phases      ] GC(24425) Phase 1: Mark live objects 20.909ms
[2020-12-29T08:41:45.213-0500][gc,phases,start] GC(24425) Phase 2: Prepare for compaction
[2020-12-29T08:41:45.217-0500][gc,phases      ] GC(24425) Phase 2: Prepare for compaction 3.845ms
[2020-12-29T08:41:45.217-0500][gc,phases,start] GC(24425) Phase 3: Adjust pointers
[2020-12-29T08:41:45.229-0500][gc,phases      ] GC(24425) Phase 3: Adjust pointers 12.329ms
[2020-12-29T08:41:45.229-0500][gc,phases,start] GC(24425) Phase 4: Compact heap
[2020-12-29T08:41:45.232-0500][gc,phases      ] GC(24425) Phase 4: Compact heap 2.852ms
[2020-12-29T08:41:45.236-0500][gc,heap        ] GC(24425) Eden regions: 2->0(9)
[2020-12-29T08:41:45.236-0500][gc,heap        ] GC(24425) Survivor regions: 1->0(2)
[2020-12-29T08:41:45.237-0500][gc,heap        ] GC(24425) Old regions: 41->42
[2020-12-29T08:41:45.237-0500][gc,heap        ] GC(24425) Humongous regions: 4->4
[2020-12-29T08:41:45.237-0500][gc,metaspace   ] GC(24425) Metaspace: 50336K->50336K(1093632K)
[2020-12-29T08:41:45.237-0500][gc,heap        ] GC(24425) Heap after GC invocations=24426 (full 5666): garbage-first heap   total 64512K, used 43330K [0x0000000083000000, 0x0000000100000000)
[2020-12-29T08:41:45.237-0500][gc,heap        ] GC(24425)   region size 1024K, 0 young (0K), 0 survivors (0K)
[2020-12-29T08:41:45.237-0500][gc,heap        ] GC(24425)  Metaspace       used 50336K, capacity 52472K, committed 53888K, reserved 1093632K
[2020-12-29T08:41:45.237-0500][gc,heap        ] GC(24425)   class space    used 7457K, capacity 8250K, committed 8832K, reserved 1048576K
[2020-12-29T08:41:45.237-0500][gc             ] GC(24425) Pause Full (System.gc()) 44M->42M(63M) 45.121ms
[2020-12-29T08:41:45.237-0500][gc,cpu         ] GC(24425) User=0.18s Sys=0.00s Real=0.04s
[2020-12-29T08:43:59.062-0500][gc,heap        ] GC(24426) Heap before GC invocations=24426 (full 5666): garbage-first heap   total 64512K, used 52546K [0x0000000083000000, 0x0000000100000000)
[2020-12-29T08:43:59.062-0500][gc,heap        ] GC(24426)   region size 1024K, 9 young (9216K), 0 survivors (0K)
[2020-12-29T08:43:59.062-0500][gc,heap        ] GC(24426)  Metaspace       used 50336K, capacity 52472K, committed 53888K, reserved 1093632K
[2020-12-29T08:43:59.062-0500][gc,heap        ] GC(24426)   class space    used 7457K, capacity 8250K, committed 8832K, reserved 1048576K
[2020-12-29T08:43:59.062-0500][gc,start       ] GC(24426) Pause Young (Concurrent Start) (G1 Evacuation Pause)
[2020-12-29T08:43:59.062-0500][gc,task        ] GC(24426) Using 8 workers of 8 for evacuation
[2020-12-29T08:43:59.065-0500][gc,phases      ] GC(24426)   Pre Evacuate Collection Set: 0.2ms
[2020-12-29T08:43:59.065-0500][gc,phases      ] GC(24426)   Evacuate Collection Set: 1.1ms
[2020-12-29T08:43:59.065-0500][gc,phases      ] GC(24426)   Post Evacuate Collection Set: 1.3ms
[2020-12-29T08:43:59.065-0500][gc,phases      ] GC(24426)   Other: 0.3ms
[2020-12-29T08:43:59.065-0500][gc,heap        ] GC(24426) Eden regions: 9->0(8)
[2020-12-29T08:43:59.065-0500][gc,heap        ] GC(24426) Survivor regions: 0->1(2)
[2020-12-29T08:43:59.065-0500][gc,heap        ] GC(24426) Old regions: 42->42
[2020-12-29T08:43:59.065-0500][gc,heap        ] GC(24426) Humongous regions: 4->4
[2020-12-29T08:43:59.065-0500][gc,metaspace   ] GC(24426) Metaspace: 50336K->50336K(1093632K)
[2020-12-29T08:43:59.065-0500][gc,heap        ] GC(24426) Heap after GC invocations=24427 (full 5666): garbage-first heap   total 64512K, used 43393K [0x0000000083000000, 0x0000000100000000)
[2020-12-29T08:43:59.065-0500][gc,heap        ] GC(24426)   region size 1024K, 1 young (1024K), 1 survivors (1024K)
[2020-12-29T08:43:59.065-0500][gc,heap        ] GC(24426)  Metaspace       used 50336K, capacity 52472K, committed 53888K, reserved 1093632K
[2020-12-29T08:43:59.065-0500][gc,heap        ] GC(24426)   class space    used 7457K, capacity 8250K, committed 8832K, reserved 1048576K
[2020-12-29T08:43:59.065-0500][gc             ] GC(24426) Pause Young (Concurrent Start) (G1 Evacuation Pause) 51M->42M(63M) 2.843ms
[2020-12-29T08:43:59.065-0500][gc,cpu         ] GC(24426) User=0.00s Sys=0.01s Real=0.00s
[2020-12-29T08:43:59.065-0500][gc             ] GC(24427) Concurrent Cycle
[2020-12-29T08:43:59.065-0500][gc,marking     ] GC(24427) Concurrent Clear Claimed Marks
[2020-12-29T08:43:59.065-0500][gc,marking     ] GC(24427) Concurrent Clear Claimed Marks 0.063ms
[2020-12-29T08:43:59.065-0500][gc,marking     ] GC(24427) Concurrent Scan Root Regions
[2020-12-29T08:43:59.066-0500][gc,marking     ] GC(24427) Concurrent Scan Root Regions 0.564ms
[2020-12-29T08:43:59.066-0500][gc,marking     ] GC(24427) Concurrent Mark (1699636.453s)
[2020-12-29T08:43:59.066-0500][gc,marking     ] GC(24427) Concurrent Mark From Roots
[2020-12-29T08:43:59.066-0500][gc,task        ] GC(24427) Using 2 workers of 2 for marking
[2020-12-29T08:43:59.103-0500][gc,marking     ] GC(24427) Concurrent Mark From Roots 36.633ms
[2020-12-29T08:43:59.103-0500][gc,marking     ] GC(24427) Concurrent Preclean
[2020-12-29T08:43:59.103-0500][gc,marking     ] GC(24427) Concurrent Preclean 0.153ms
[2020-12-29T08:43:59.103-0500][gc,marking     ] GC(24427) Concurrent Mark (1699636.453s, 1699636.490s) 36.865ms
[2020-12-29T08:43:59.103-0500][gc,start       ] GC(24427) Pause Remark
[2020-12-29T08:43:59.108-0500][gc,stringtable ] GC(24427) Cleaned string and symbol table, strings: 33323 processed, 0 removed, symbols: 120973 processed, 0 removed
[2020-12-29T08:43:59.108-0500][gc             ] GC(24427) Pause Remark 42M->42M(63M) 5.014ms
[2020-12-29T08:43:59.108-0500][gc,cpu         ] GC(24427) User=0.02s Sys=0.00s Real=0.01s
[2020-12-29T08:43:59.108-0500][gc,marking     ] GC(24427) Concurrent Rebuild Remembered Sets
[2020-12-29T08:43:59.132-0500][gc,marking     ] GC(24427) Concurrent Rebuild Remembered Sets 24.141ms
[2020-12-29T08:43:59.133-0500][gc,start       ] GC(24427) Pause Cleanup
[2020-12-29T08:43:59.133-0500][gc             ] GC(24427) Pause Cleanup 42M->42M(63M) 0.179ms
[2020-12-29T08:43:59.133-0500][gc,cpu         ] GC(24427) User=0.00s Sys=0.00s Real=0.00s
[2020-12-29T08:43:59.133-0500][gc,marking     ] GC(24427) Concurrent Cleanup for Next Mark
[2020-12-29T08:43:59.133-0500][gc,marking     ] GC(24427) Concurrent Cleanup for Next Mark 0.257ms
[2020-12-29T08:43:59.133-0500][gc             ] GC(24427) Concurrent Cycle 68.094ms
[2020-12-29T08:45:59.062-0500][gc,heap        ] GC(24428) Heap before GC invocations=24428 (full 5666): garbage-first heap   total 64512K, used 50559K [0x0000000083000000, 0x0000000100000000)
[2020-12-29T08:45:59.062-0500][gc,heap        ] GC(24428)   region size 1024K, 9 young (9216K), 1 survivors (1024K)
[2020-12-29T08:45:59.062-0500][gc,heap        ] GC(24428)  Metaspace       used 50336K, capacity 52472K, committed 53888K, reserved 1093632K
[2020-12-29T08:45:59.062-0500][gc,heap        ] GC(24428)   class space    used 7457K, capacity 8250K, committed 8832K, reserved 1048576K
[2020-12-29T08:45:59.062-0500][gc,start       ] GC(24428) Pause Young (Normal) (G1 Evacuation Pause)
[2020-12-29T08:45:59.062-0500][gc,task        ] GC(24428) Using 8 workers of 8 for evacuation
[2020-12-29T08:45:59.065-0500][gc,phases      ] GC(24428)   Pre Evacuate Collection Set: 0.0ms
[2020-12-29T08:45:59.065-0500][gc,phases      ] GC(24428)   Evacuate Collection Set: 0.8ms
[2020-12-29T08:45:59.065-0500][gc,phases      ] GC(24428)   Post Evacuate Collection Set: 1.6ms
[2020-12-29T08:45:59.065-0500][gc,phases      ] GC(24428)   Other: 0.2ms
[2020-12-29T08:45:59.065-0500][gc,heap        ] GC(24428) Eden regions: 8->0(9)
[2020-12-29T08:45:59.065-0500][gc,heap        ] GC(24428) Survivor regions: 1->1(2)
[2020-12-29T08:45:59.065-0500][gc,heap        ] GC(24428) Old regions: 41->41
[2020-12-29T08:45:59.065-0500][gc,heap        ] GC(24428) Humongous regions: 4->4
[2020-12-29T08:45:59.065-0500][gc,metaspace   ] GC(24428) Metaspace: 50336K->50336K(1093632K)
[2020-12-29T08:45:59.065-0500][gc,heap        ] GC(24428) Heap after GC invocations=24429 (full 5666): garbage-first heap   total 64512K, used 43390K [0x0000000083000000, 0x0000000100000000)
[2020-12-29T08:45:59.065-0500][gc,heap        ] GC(24428)   region size 1024K, 1 young (1024K), 1 survivors (1024K)
[2020-12-29T08:45:59.065-0500][gc,heap        ] GC(24428)  Metaspace       used 50336K, capacity 52472K, committed 53888K, reserved 1093632K
[2020-12-29T08:45:59.065-0500][gc,heap        ] GC(24428)   class space    used 7457K, capacity 8250K, committed 8832K, reserved 1048576K
[2020-12-29T08:45:59.065-0500][gc             ] GC(24428) Pause Young (Normal) (G1 Evacuation Pause) 50M->42M(63M) 2.641ms
[2020-12-29T08:45:59.065-0500][gc,cpu         ] GC(24428) User=0.00s Sys=0.00s Real=0.00s
[2020-12-29T08:46:45.191-0500][gc,task        ] GC(24429) Using 5 workers of 8 for full compaction
[2020-12-29T08:46:45.191-0500][gc,start       ] GC(24429) Pause Full (System.gc())
[2020-12-29T08:46:45.191-0500][gc,heap        ] GC(24429) Heap before GC invocations=24429 (full 5666): garbage-first heap   total 64512K, used 46462K [0x0000000083000000, 0x0000000100000000)
[2020-12-29T08:46:45.191-0500][gc,heap        ] GC(24429)   region size 1024K, 5 young (5120K), 1 survivors (1024K)
[2020-12-29T08:46:45.191-0500][gc,heap        ] GC(24429)  Metaspace       used 50336K, capacity 52472K, committed 53888K, reserved 1093632K
[2020-12-29T08:46:45.191-0500][gc,heap        ] GC(24429)   class space    used 7457K, capacity 8250K, committed 8832K, reserved 1048576K
[2020-12-29T08:46:45.191-0500][gc,phases,start] GC(24429) Phase 1: Mark live objects
[2020-12-29T08:46:45.213-0500][gc,stringtable ] GC(24429) Cleaned string and symbol table, strings: 33323 processed, 4 removed, symbols: 120973 processed, 0 removed
[2020-12-29T08:46:45.213-0500][gc,phases      ] GC(24429) Phase 1: Mark live objects 21.507ms
[2020-12-29T08:46:45.213-0500][gc,phases,start] GC(24429) Phase 2: Prepare for compaction
[2020-12-29T08:46:45.217-0500][gc,phases      ] GC(24429) Phase 2: Prepare for compaction 4.248ms
[2020-12-29T08:46:45.217-0500][gc,phases,start] GC(24429) Phase 3: Adjust pointers
[2020-12-29T08:46:45.232-0500][gc,phases      ] GC(24429) Phase 3: Adjust pointers 14.805ms
[2020-12-29T08:46:45.232-0500][gc,phases,start] GC(24429) Phase 4: Compact heap
[2020-12-29T08:46:45.236-0500][gc,phases      ] GC(24429) Phase 4: Compact heap 4.230ms
[2020-12-29T08:46:45.242-0500][gc,heap        ] GC(24429) Eden regions: 4->0(9)
[2020-12-29T08:46:45.242-0500][gc,heap        ] GC(24429) Survivor regions: 1->0(2)
[2020-12-29T08:46:45.242-0500][gc,heap        ] GC(24429) Old regions: 41->42
[2020-12-29T08:46:45.242-0500][gc,heap        ] GC(24429) Humongous regions: 4->4
[2020-12-29T08:46:45.242-0500][gc,metaspace   ] GC(24429) Metaspace: 50336K->50336K(1093632K)
[2020-12-29T08:46:45.242-0500][gc,heap        ] GC(24429) Heap after GC invocations=24430 (full 5667): garbage-first heap   total 64512K, used 43344K [0x0000000083000000, 0x0000000100000000)
[2020-12-29T08:46:45.242-0500][gc,heap        ] GC(24429)   region size 1024K, 0 young (0K), 0 survivors (0K)
[2020-12-29T08:46:45.242-0500][gc,heap        ] GC(24429)  Metaspace       used 50336K, capacity 52472K, committed 53888K, reserved 1093632K
[2020-12-29T08:46:45.242-0500][gc,heap        ] GC(24429)   class space    used 7457K, capacity 8250K, committed 8832K, reserved 1048576K
[2020-12-29T08:46:45.242-0500][gc             ] GC(24429) Pause Full (System.gc()) 45M->42M(63M) 51.059ms
[2020-12-29T08:46:45.242-0500][gc,cpu         ] GC(24429) User=0.20s Sys=0.00s Real=0.05s
[2020-12-29T08:48:59.061-0500][gc,heap        ] GC(24430) Heap before GC invocations=24430 (full 5667): garbage-first heap   total 64512K, used 52560K [0x0000000083000000, 0x0000000100000000)
[2020-12-29T08:48:59.061-0500][gc,heap        ] GC(24430)   region size 1024K, 9 young (9216K), 0 survivors (0K)
[2020-12-29T08:48:59.061-0500][gc,heap        ] GC(24430)  Metaspace       used 50336K, capacity 52472K, committed 53888K, reserved 1093632K
[2020-12-29T08:48:59.061-0500][gc,heap        ] GC(24430)   class space    used 7457K, capacity 8250K, committed 8832K, reserved 1048576K
[2020-12-29T08:48:59.061-0500][gc,start       ] GC(24430) Pause Young (Concurrent Start) (G1 Evacuation Pause)
[2020-12-29T08:48:59.061-0500][gc,task        ] GC(24430) Using 8 workers of 8 for evacuation
[2020-12-29T08:48:59.064-0500][gc,phases      ] GC(24430)   Pre Evacuate Collection Set: 0.2ms
[2020-12-29T08:48:59.064-0500][gc,phases      ] GC(24430)   Evacuate Collection Set: 1.2ms
[2020-12-29T08:48:59.064-0500][gc,phases      ] GC(24430)   Post Evacuate Collection Set: 1.8ms
[2020-12-29T08:48:59.064-0500][gc,phases      ] GC(24430)   Other: 0.2ms
[2020-12-29T08:48:59.064-0500][gc,heap        ] GC(24430) Eden regions: 9->0(8)
[2020-12-29T08:48:59.064-0500][gc,heap        ] GC(24430) Survivor regions: 0->1(2)
[2020-12-29T08:48:59.064-0500][gc,heap        ] GC(24430) Old regions: 42->42
[2020-12-29T08:48:59.064-0500][gc,heap        ] GC(24430) Humongous regions: 4->4
[2020-12-29T08:48:59.064-0500][gc,metaspace   ] GC(24430) Metaspace: 50336K->50336K(1093632K)
[2020-12-29T08:48:59.064-0500][gc,heap        ] GC(24430) Heap after GC invocations=24431 (full 5667): garbage-first heap   total 64512K, used 43395K [0x0000000083000000, 0x0000000100000000)
[2020-12-29T08:48:59.064-0500][gc,heap        ] GC(24430)   region size 1024K, 1 young (1024K), 1 survivors (1024K)
[2020-12-29T08:48:59.064-0500][gc,heap        ] GC(24430)  Metaspace       used 50336K, capacity 52472K, committed 53888K, reserved 1093632K
[2020-12-29T08:48:59.064-0500][gc,heap        ] GC(24430)   class space    used 7457K, capacity 8250K, committed 8832K, reserved 1048576K
[2020-12-29T08:48:59.064-0500][gc             ] GC(24430) Pause Young (Concurrent Start) (G1 Evacuation Pause) 51M->42M(63M) 3.496ms
[2020-12-29T08:48:59.065-0500][gc,cpu         ] GC(24430) User=0.00s Sys=0.01s Real=0.00s
[2020-12-29T08:48:59.066-0500][gc             ] GC(24431) Concurrent Cycle
[2020-12-29T08:48:59.066-0500][gc,marking     ] GC(24431) Concurrent Clear Claimed Marks
[2020-12-29T08:48:59.066-0500][gc,marking     ] GC(24431) Concurrent Clear Claimed Marks 0.404ms
[2020-12-29T08:48:59.066-0500][gc,marking     ] GC(24431) Concurrent Scan Root Regions
[2020-12-29T08:48:59.067-0500][gc,marking     ] GC(24431) Concurrent Scan Root Regions 0.601ms
[2020-12-29T08:48:59.067-0500][gc,marking     ] GC(24431) Concurrent Mark (1699936.454s)
[2020-12-29T08:48:59.067-0500][gc,marking     ] GC(24431) Concurrent Mark From Roots
[2020-12-29T08:48:59.067-0500][gc,task        ] GC(24431) Using 2 workers of 2 for marking
[2020-12-29T08:48:59.112-0500][gc,marking     ] GC(24431) Concurrent Mark From Roots 45.132ms
[2020-12-29T08:48:59.112-0500][gc,marking     ] GC(24431) Concurrent Preclean
[2020-12-29T08:48:59.112-0500][gc,marking     ] GC(24431) Concurrent Preclean 0.155ms
[2020-12-29T08:48:59.112-0500][gc,marking     ] GC(24431) Concurrent Mark (1699936.454s, 1699936.499s) 45.366ms
[2020-12-29T08:48:59.112-0500][gc,start       ] GC(24431) Pause Remark
[2020-12-29T08:48:59.117-0500][gc,stringtable ] GC(24431) Cleaned string and symbol table, strings: 33323 processed, 0 removed, symbols: 120973 processed, 0 removed
[2020-12-29T08:48:59.117-0500][gc             ] GC(24431) Pause Remark 42M->42M(63M) 4.626ms
[2020-12-29T08:48:59.117-0500][gc,cpu         ] GC(24431) User=0.02s Sys=0.00s Real=0.00s
[2020-12-29T08:48:59.117-0500][gc,marking     ] GC(24431) Concurrent Rebuild Remembered Sets
[2020-12-29T08:48:59.138-0500][gc,marking     ] GC(24431) Concurrent Rebuild Remembered Sets 20.987ms
[2020-12-29T08:48:59.139-0500][gc,start       ] GC(24431) Pause Cleanup
[2020-12-29T08:48:59.139-0500][gc             ] GC(24431) Pause Cleanup 42M->42M(63M) 0.448ms
[2020-12-29T08:48:59.139-0500][gc,cpu         ] GC(24431) User=0.00s Sys=0.00s Real=0.00s
[2020-12-29T08:48:59.139-0500][gc,marking     ] GC(24431) Concurrent Cleanup for Next Mark
[2020-12-29T08:48:59.140-0500][gc,marking     ] GC(24431) Concurrent Cleanup for Next Mark 0.341ms
[2020-12-29T08:48:59.140-0500][gc             ] GC(24431) Concurrent Cycle 74.009ms
[2020-12-29T08:50:59.063-0500][gc,heap        ] GC(24432) Heap before GC invocations=24432 (full 5667): garbage-first heap   total 64512K, used 50556K [0x0000000083000000, 0x0000000100000000)
[2020-12-29T08:50:59.063-0500][gc,heap        ] GC(24432)   region size 1024K, 9 young (9216K), 1 survivors (1024K)
[2020-12-29T08:50:59.063-0500][gc,heap        ] GC(24432)  Metaspace       used 50336K, capacity 52472K, committed 53888K, reserved 1093632K
[2020-12-29T08:50:59.063-0500][gc,heap        ] GC(24432)   class space    used 7457K, capacity 8250K, committed 8832K, reserved 1048576K
[2020-12-29T08:50:59.063-0500][gc,start       ] GC(24432) Pause Young (Normal) (G1 Evacuation Pause)
[2020-12-29T08:50:59.063-0500][gc,task        ] GC(24432) Using 8 workers of 8 for evacuation
[2020-12-29T08:50:59.066-0500][gc,phases      ] GC(24432)   Pre Evacuate Collection Set: 0.0ms
[2020-12-29T08:50:59.066-0500][gc,phases      ] GC(24432)   Evacuate Collection Set: 1.2ms
[2020-12-29T08:50:59.066-0500][gc,phases      ] GC(24432)   Post Evacuate Collection Set: 1.2ms
[2020-12-29T08:50:59.066-0500][gc,phases      ] GC(24432)   Other: 0.2ms
[2020-12-29T08:50:59.066-0500][gc,heap        ] GC(24432) Eden regions: 8->0(9)
[2020-12-29T08:50:59.066-0500][gc,heap        ] GC(24432) Survivor regions: 1->1(2)
[2020-12-29T08:50:59.066-0500][gc,heap        ] GC(24432) Old regions: 41->41
[2020-12-29T08:50:59.066-0500][gc,heap        ] GC(24432) Humongous regions: 4->4
[2020-12-29T08:50:59.066-0500][gc,metaspace   ] GC(24432) Metaspace: 50336K->50336K(1093632K)
[2020-12-29T08:50:59.066-0500][gc,heap        ] GC(24432) Heap after GC invocations=24433 (full 5667): garbage-first heap   total 64512K, used 43407K [0x0000000083000000, 0x0000000100000000)
[2020-12-29T08:50:59.066-0500][gc,heap        ] GC(24432)   region size 1024K, 1 young (1024K), 1 survivors (1024K)
[2020-12-29T08:50:59.066-0500][gc,heap        ] GC(24432)  Metaspace       used 50336K, capacity 52472K, committed 53888K, reserved 1093632K
[2020-12-29T08:50:59.066-0500][gc,heap        ] GC(24432)   class space    used 7457K, capacity 8250K, committed 8832K, reserved 1048576K
[2020-12-29T08:50:59.066-0500][gc             ] GC(24432) Pause Young (Normal) (G1 Evacuation Pause) 50M->42M(63M) 2.704ms
[2020-12-29T08:50:59.066-0500][gc,cpu         ] GC(24432) User=0.01s Sys=0.01s Real=0.00s
[2020-12-29T08:51:45.189-0500][gc,task        ] GC(24433) Using 5 workers of 8 for full compaction
[2020-12-29T08:51:45.189-0500][gc,start       ] GC(24433) Pause Full (System.gc())
[2020-12-29T08:51:45.189-0500][gc,heap        ] GC(24433) Heap before GC invocations=24433 (full 5667): garbage-first heap   total 64512K, used 46479K [0x0000000083000000, 0x0000000100000000)
[2020-12-29T08:51:45.189-0500][gc,heap        ] GC(24433)   region size 1024K, 5 young (5120K), 1 survivors (1024K)
[2020-12-29T08:51:45.189-0500][gc,heap        ] GC(24433)  Metaspace       used 50336K, capacity 52472K, committed 53888K, reserved 1093632K
[2020-12-29T08:51:45.189-0500][gc,heap        ] GC(24433)   class space    used 7457K, capacity 8250K, committed 8832K, reserved 1048576K
[2020-12-29T08:51:45.189-0500][gc,phases,start] GC(24433) Phase 1: Mark live objects
[2020-12-29T08:51:45.211-0500][gc,stringtable ] GC(24433) Cleaned string and symbol table, strings: 33323 processed, 4 removed, symbols: 120973 processed, 0 removed
[2020-12-29T08:51:45.212-0500][gc,phases      ] GC(24433) Phase 1: Mark live objects 22.357ms
[2020-12-29T08:51:45.212-0500][gc,phases,start] GC(24433) Phase 2: Prepare for compaction
[2020-12-29T08:51:45.216-0500][gc,phases      ] GC(24433) Phase 2: Prepare for compaction 4.570ms
[2020-12-29T08:51:45.216-0500][gc,phases,start] GC(24433) Phase 3: Adjust pointers
[2020-12-29T08:51:45.227-0500][gc,phases      ] GC(24433) Phase 3: Adjust pointers 11.188ms
[2020-12-29T08:51:45.227-0500][gc,phases,start] GC(24433) Phase 4: Compact heap
[2020-12-29T08:51:45.231-0500][gc,phases      ] GC(24433) Phase 4: Compact heap 3.801ms
[2020-12-29T08:51:45.236-0500][gc,heap        ] GC(24433) Eden regions: 4->0(10)
[2020-12-29T08:51:45.236-0500][gc,heap        ] GC(24433) Survivor regions: 1->0(2)
[2020-12-29T08:51:45.236-0500][gc,heap        ] GC(24433) Old regions: 41->41
[2020-12-29T08:51:45.236-0500][gc,heap        ] GC(24433) Humongous regions: 4->4
[2020-12-29T08:51:45.236-0500][gc,metaspace   ] GC(24433) Metaspace: 50336K->50336K(1093632K)
[2020-12-29T08:51:45.236-0500][gc,heap        ] GC(24433) Heap after GC invocations=24434 (full 5668): garbage-first heap   total 64512K, used 43348K [0x0000000083000000, 0x0000000100000000)
[2020-12-29T08:51:45.236-0500][gc,heap        ] GC(24433)   region size 1024K, 0 young (0K), 0 survivors (0K)
[2020-12-29T08:51:45.236-0500][gc,heap        ] GC(24433)  Metaspace       used 50336K, capacity 52472K, committed 53888K, reserved 1093632K
[2020-12-29T08:51:45.236-0500][gc,heap        ] GC(24433)   class space    used 7457K, capacity 8250K, committed 8832K, reserved 1048576K
[2020-12-29T08:51:45.236-0500][gc             ] GC(24433) Pause Full (System.gc()) 45M->42M(63M) 47.132ms
[2020-12-29T08:51:45.236-0500][gc,cpu         ] GC(24433) User=0.19s Sys=0.00s Real=0.04s
[2020-12-29T08:54:09.063-0500][gc,heap        ] GC(24434) Heap before GC invocations=24434 (full 5668): garbage-first heap   total 64512K, used 52564K [0x0000000083000000, 0x0000000100000000)
[2020-12-29T08:54:09.063-0500][gc,heap        ] GC(24434)   region size 1024K, 10 young (10240K), 0 survivors (0K)
[2020-12-29T08:54:09.063-0500][gc,heap        ] GC(24434)  Metaspace       used 50336K, capacity 52472K, committed 53888K, reserved 1093632K
[2020-12-29T08:54:09.063-0500][gc,heap        ] GC(24434)   class space    used 7457K, capacity 8250K, committed 8832K, reserved 1048576K
[2020-12-29T08:54:09.063-0500][gc,start       ] GC(24434) Pause Young (Concurrent Start) (G1 Evacuation Pause)
[2020-12-29T08:54:09.063-0500][gc,task        ] GC(24434) Using 8 workers of 8 for evacuation
[2020-12-29T08:54:09.066-0500][gc,phases      ] GC(24434)   Pre Evacuate Collection Set: 0.2ms
[2020-12-29T08:54:09.066-0500][gc,phases      ] GC(24434)   Evacuate Collection Set: 1.5ms
[2020-12-29T08:54:09.066-0500][gc,phases      ] GC(24434)   Post Evacuate Collection Set: 1.0ms
[2020-12-29T08:54:09.066-0500][gc,phases      ] GC(24434)   Other: 0.2ms
[2020-12-29T08:54:09.066-0500][gc,heap        ] GC(24434) Eden regions: 10->0(9)
[2020-12-29T08:54:09.066-0500][gc,heap        ] GC(24434) Survivor regions: 0->1(2)
[2020-12-29T08:54:09.066-0500][gc,heap        ] GC(24434) Old regions: 41->41
[2020-12-29T08:54:09.066-0500][gc,heap        ] GC(24434) Humongous regions: 4->4
[2020-12-29T08:54:09.066-0500][gc,metaspace   ] GC(24434) Metaspace: 50336K->50336K(1093632K)
[2020-12-29T08:54:09.066-0500][gc,heap        ] GC(24434) Heap after GC invocations=24435 (full 5668): garbage-first heap   total 64512K, used 43422K [0x0000000083000000, 0x0000000100000000)
[2020-12-29T08:54:09.066-0500][gc,heap        ] GC(24434)   region size 1024K, 1 young (1024K), 1 survivors (1024K)
[2020-12-29T08:54:09.066-0500][gc,heap        ] GC(24434)  Metaspace       used 50336K, capacity 52472K, committed 53888K, reserved 1093632K
[2020-12-29T08:54:09.066-0500][gc,heap        ] GC(24434)   class space    used 7457K, capacity 8250K, committed 8832K, reserved 1048576K
[2020-12-29T08:54:09.066-0500][gc             ] GC(24434) Pause Young (Concurrent Start) (G1 Evacuation Pause) 52M->42M(63M) 3.008ms
[2020-12-29T08:54:09.066-0500][gc,cpu         ] GC(24434) User=0.01s Sys=0.00s Real=0.00s
[2020-12-29T08:54:09.067-0500][gc             ] GC(24435) Concurrent Cycle
[2020-12-29T08:54:09.067-0500][gc,marking     ] GC(24435) Concurrent Clear Claimed Marks
[2020-12-29T08:54:09.067-0500][gc,marking     ] GC(24435) Concurrent Clear Claimed Marks 0.129ms
[2020-12-29T08:54:09.067-0500][gc,marking     ] GC(24435) Concurrent Scan Root Regions
[2020-12-29T08:54:09.067-0500][gc,marking     ] GC(24435) Concurrent Scan Root Regions 0.561ms
[2020-12-29T08:54:09.068-0500][gc,marking     ] GC(24435) Concurrent Mark (1700246.455s)
[2020-12-29T08:54:09.068-0500][gc,marking     ] GC(24435) Concurrent Mark From Roots
[2020-12-29T08:54:09.068-0500][gc,task        ] GC(24435) Using 2 workers of 2 for marking
[2020-12-29T08:54:09.113-0500][gc,marking     ] GC(24435) Concurrent Mark From Roots 45.257ms
[2020-12-29T08:54:09.113-0500][gc,marking     ] GC(24435) Concurrent Preclean
[2020-12-29T08:54:09.113-0500][gc,marking     ] GC(24435) Concurrent Preclean 0.156ms
[2020-12-29T08:54:09.113-0500][gc,marking     ] GC(24435) Concurrent Mark (1700246.455s, 1700246.500s) 45.493ms
[2020-12-29T08:54:09.113-0500][gc,start       ] GC(24435) Pause Remark
[2020-12-29T08:54:09.118-0500][gc,stringtable ] GC(24435) Cleaned string and symbol table, strings: 33323 processed, 0 removed, symbols: 120973 processed, 0 removed
[2020-12-29T08:54:09.119-0500][gc             ] GC(24435) Pause Remark 42M->42M(63M) 5.474ms
[2020-12-29T08:54:09.119-0500][gc,cpu         ] GC(24435) User=0.03s Sys=0.00s Real=0.01s
[2020-12-29T08:54:09.119-0500][gc,marking     ] GC(24435) Concurrent Rebuild Remembered Sets
[2020-12-29T08:54:09.138-0500][gc,marking     ] GC(24435) Concurrent Rebuild Remembered Sets 18.978ms
[2020-12-29T08:54:09.138-0500][gc,start       ] GC(24435) Pause Cleanup
[2020-12-29T08:54:09.139-0500][gc             ] GC(24435) Pause Cleanup 42M->42M(63M) 0.326ms
[2020-12-29T08:54:09.139-0500][gc,cpu         ] GC(24435) User=0.01s Sys=0.00s Real=0.00s
[2020-12-29T08:54:09.139-0500][gc,marking     ] GC(24435) Concurrent Cleanup for Next Mark
[2020-12-29T08:54:09.139-0500][gc,marking     ] GC(24435) Concurrent Cleanup for Next Mark 0.194ms
[2020-12-29T08:54:09.139-0500][gc             ] GC(24435) Concurrent Cycle 72.290ms
[2020-12-29T08:56:29.060-0500][gc,heap        ] GC(24436) Heap before GC invocations=24436 (full 5668): garbage-first heap   total 64512K, used 52638K [0x0000000083000000, 0x0000000100000000)
[2020-12-29T08:56:29.060-0500][gc,heap        ] GC(24436)   region size 1024K, 10 young (10240K), 1 survivors (1024K)
[2020-12-29T08:56:29.060-0500][gc,heap        ] GC(24436)  Metaspace       used 50336K, capacity 52472K, committed 53888K, reserved 1093632K
[2020-12-29T08:56:29.060-0500][gc,heap        ] GC(24436)   class space    used 7457K, capacity 8250K, committed 8832K, reserved 1048576K
[2020-12-29T08:56:29.060-0500][gc,start       ] GC(24436) Pause Young (Normal) (G1 Evacuation Pause)
[2020-12-29T08:56:29.060-0500][gc,task        ] GC(24436) Using 8 workers of 8 for evacuation
[2020-12-29T08:56:29.063-0500][gc,phases      ] GC(24436)   Pre Evacuate Collection Set: 0.0ms
[2020-12-29T08:56:29.063-0500][gc,phases      ] GC(24436)   Evacuate Collection Set: 0.8ms
[2020-12-29T08:56:29.063-0500][gc,phases      ] GC(24436)   Post Evacuate Collection Set: 2.2ms
[2020-12-29T08:56:29.063-0500][gc,phases      ] GC(24436)   Other: 0.3ms
[2020-12-29T08:56:29.063-0500][gc,heap        ] GC(24436) Eden regions: 9->0(9)
[2020-12-29T08:56:29.063-0500][gc,heap        ] GC(24436) Survivor regions: 1->1(2)
[2020-12-29T08:56:29.063-0500][gc,heap        ] GC(24436) Old regions: 41->41
[2020-12-29T08:56:29.063-0500][gc,heap        ] GC(24436) Humongous regions: 4->4
[2020-12-29T08:56:29.063-0500][gc,metaspace   ] GC(24436) Metaspace: 50336K->50336K(1093632K)
[2020-12-29T08:56:29.063-0500][gc,heap        ] GC(24436) Heap after GC invocations=24437 (full 5668): garbage-first heap   total 64512K, used 43434K [0x0000000083000000, 0x0000000100000000)
[2020-12-29T08:56:29.063-0500][gc,heap        ] GC(24436)   region size 1024K, 1 young (1024K), 1 survivors (1024K)
[2020-12-29T08:56:29.063-0500][gc,heap        ] GC(24436)  Metaspace       used 50336K, capacity 52472K, committed 53888K, reserved 1093632K
[2020-12-29T08:56:29.063-0500][gc,heap        ] GC(24436)   class space    used 7457K, capacity 8250K, committed 8832K, reserved 1048576K
[2020-12-29T08:56:29.063-0500][gc             ] GC(24436) Pause Young (Normal) (G1 Evacuation Pause) 51M->42M(63M) 3.260ms
[2020-12-29T08:56:29.063-0500][gc,cpu         ] GC(24436) User=0.02s Sys=0.00s Real=0.00s
[2020-12-29T08:56:45.191-0500][gc,task        ] GC(24437) Using 5 workers of 8 for full compaction
[2020-12-29T08:56:45.191-0500][gc,start       ] GC(24437) Pause Full (System.gc())
[2020-12-29T08:56:45.191-0500][gc,heap        ] GC(24437) Heap before GC invocations=24437 (full 5668): garbage-first heap   total 64512K, used 44458K [0x0000000083000000, 0x0000000100000000)
[2020-12-29T08:56:45.191-0500][gc,heap        ] GC(24437)   region size 1024K, 3 young (3072K), 1 survivors (1024K)
[2020-12-29T08:56:45.191-0500][gc,heap        ] GC(24437)  Metaspace       used 50336K, capacity 52472K, committed 53888K, reserved 1093632K
[2020-12-29T08:56:45.191-0500][gc,heap        ] GC(24437)   class space    used 7457K, capacity 8250K, committed 8832K, reserved 1048576K
[2020-12-29T08:56:45.191-0500][gc,phases,start] GC(24437) Phase 1: Mark live objects
[2020-12-29T08:56:45.213-0500][gc,stringtable ] GC(24437) Cleaned string and symbol table, strings: 33323 processed, 4 removed, symbols: 120973 processed, 0 removed
[2020-12-29T08:56:45.213-0500][gc,phases      ] GC(24437) Phase 1: Mark live objects 21.978ms
[2020-12-29T08:56:45.213-0500][gc,phases,start] GC(24437) Phase 2: Prepare for compaction
[2020-12-29T08:56:45.218-0500][gc,phases      ] GC(24437) Phase 2: Prepare for compaction 4.176ms
[2020-12-29T08:56:45.218-0500][gc,phases,start] GC(24437) Phase 3: Adjust pointers
[2020-12-29T08:56:45.230-0500][gc,phases      ] GC(24437) Phase 3: Adjust pointers 12.016ms
[2020-12-29T08:56:45.230-0500][gc,phases,start] GC(24437) Phase 4: Compact heap
[2020-12-29T08:56:45.234-0500][gc,phases      ] GC(24437) Phase 4: Compact heap 4.435ms
[2020-12-29T08:56:45.239-0500][gc,heap        ] GC(24437) Eden regions: 2->0(9)
[2020-12-29T08:56:45.239-0500][gc,heap        ] GC(24437) Survivor regions: 1->0(2)
[2020-12-29T08:56:45.239-0500][gc,heap        ] GC(24437) Old regions: 41->42
[2020-12-29T08:56:45.239-0500][gc,heap        ] GC(24437) Humongous regions: 4->4
[2020-12-29T08:56:45.239-0500][gc,metaspace   ] GC(24437) Metaspace: 50336K->50336K(1093632K)
[2020-12-29T08:56:45.239-0500][gc,heap        ] GC(24437) Heap after GC invocations=24438 (full 5669): garbage-first heap   total 64512K, used 43334K [0x0000000083000000, 0x0000000100000000)
[2020-12-29T08:56:45.239-0500][gc,heap        ] GC(24437)   region size 1024K, 0 young (0K), 0 survivors (0K)
[2020-12-29T08:56:45.239-0500][gc,heap        ] GC(24437)  Metaspace       used 50336K, capacity 52472K, committed 53888K, reserved 1093632K
[2020-12-29T08:56:45.239-0500][gc,heap        ] GC(24437)   class space    used 7457K, capacity 8250K, committed 8832K, reserved 1048576K
[2020-12-29T08:56:45.239-0500][gc             ] GC(24437) Pause Full (System.gc()) 43M->42M(63M) 48.378ms
[2020-12-29T08:56:45.240-0500][gc,cpu         ] GC(24437) User=0.19s Sys=0.00s Real=0.05s
[2020-12-29T08:58:59.061-0500][gc,heap        ] GC(24438) Heap before GC invocations=24438 (full 5669): garbage-first heap   total 64512K, used 51526K [0x0000000083000000, 0x0000000100000000)
[2020-12-29T08:58:59.061-0500][gc,heap        ] GC(24438)   region size 1024K, 9 young (9216K), 0 survivors (0K)
[2020-12-29T08:58:59.061-0500][gc,heap        ] GC(24438)  Metaspace       used 50336K, capacity 52472K, committed 53888K, reserved 1093632K
[2020-12-29T08:58:59.061-0500][gc,heap        ] GC(24438)   class space    used 7457K, capacity 8250K, committed 8832K, reserved 1048576K
[2020-12-29T08:58:59.061-0500][gc,start       ] GC(24438) Pause Young (Concurrent Start) (G1 Evacuation Pause)
[2020-12-29T08:58:59.062-0500][gc,task        ] GC(24438) Using 8 workers of 8 for evacuation
[2020-12-29T08:58:59.064-0500][gc,phases      ] GC(24438)   Pre Evacuate Collection Set: 0.2ms
[2020-12-29T08:58:59.064-0500][gc,phases      ] GC(24438)   Evacuate Collection Set: 1.2ms
[2020-12-29T08:58:59.064-0500][gc,phases      ] GC(24438)   Post Evacuate Collection Set: 1.1ms
[2020-12-29T08:58:59.064-0500][gc,phases      ] GC(24438)   Other: 0.5ms
[2020-12-29T08:58:59.064-0500][gc,heap        ] GC(24438) Eden regions: 9->0(8)
[2020-12-29T08:58:59.064-0500][gc,heap        ] GC(24438) Survivor regions: 0->1(2)
[2020-12-29T08:58:59.064-0500][gc,heap        ] GC(24438) Old regions: 42->42
[2020-12-29T08:58:59.064-0500][gc,heap        ] GC(24438) Humongous regions: 4->4
[2020-12-29T08:58:59.064-0500][gc,metaspace   ] GC(24438) Metaspace: 50336K->50336K(1093632K)
[2020-12-29T08:58:59.064-0500][gc,heap        ] GC(24438) Heap after GC invocations=24439 (full 5669): garbage-first heap   total 64512K, used 43392K [0x0000000083000000, 0x0000000100000000)
[2020-12-29T08:58:59.064-0500][gc,heap        ] GC(24438)   region size 1024K, 1 young (1024K), 1 survivors (1024K)
[2020-12-29T08:58:59.064-0500][gc,heap        ] GC(24438)  Metaspace       used 50336K, capacity 52472K, committed 53888K, reserved 1093632K
[2020-12-29T08:58:59.064-0500][gc,heap        ] GC(24438)   class space    used 7457K, capacity 8250K, committed 8832K, reserved 1048576K
[2020-12-29T08:58:59.064-0500][gc             ] GC(24438) Pause Young (Concurrent Start) (G1 Evacuation Pause) 51M->42M(63M) 2.992ms
[2020-12-29T08:58:59.065-0500][gc,cpu         ] GC(24438) User=0.01s Sys=0.00s Real=0.00s
[2020-12-29T08:58:59.065-0500][gc             ] GC(24439) Concurrent Cycle
[2020-12-29T08:58:59.065-0500][gc,marking     ] GC(24439) Concurrent Clear Claimed Marks
[2020-12-29T08:58:59.065-0500][gc,marking     ] GC(24439) Concurrent Clear Claimed Marks 0.208ms
[2020-12-29T08:58:59.065-0500][gc,marking     ] GC(24439) Concurrent Scan Root Regions
[2020-12-29T08:58:59.066-0500][gc,marking     ] GC(24439) Concurrent Scan Root Regions 1.113ms
[2020-12-29T08:58:59.066-0500][gc,marking     ] GC(24439) Concurrent Mark (1700536.453s)
[2020-12-29T08:58:59.066-0500][gc,marking     ] GC(24439) Concurrent Mark From Roots
[2020-12-29T08:58:59.066-0500][gc,task        ] GC(24439) Using 2 workers of 2 for marking
[2020-12-29T08:58:59.115-0500][gc,marking     ] GC(24439) Concurrent Mark From Roots 48.741ms
[2020-12-29T08:58:59.115-0500][gc,marking     ] GC(24439) Concurrent Preclean
[2020-12-29T08:58:59.115-0500][gc,marking     ] GC(24439) Concurrent Preclean 0.201ms
[2020-12-29T08:58:59.115-0500][gc,marking     ] GC(24439) Concurrent Mark (1700536.453s, 1700536.502s) 49.048ms
[2020-12-29T08:58:59.115-0500][gc,start       ] GC(24439) Pause Remark
[2020-12-29T08:58:59.123-0500][gc,stringtable ] GC(24439) Cleaned string and symbol table, strings: 33323 processed, 0 removed, symbols: 120973 processed, 0 removed
[2020-12-29T08:58:59.123-0500][gc             ] GC(24439) Pause Remark 42M->42M(63M) 7.482ms
[2020-12-29T08:58:59.123-0500][gc,cpu         ] GC(24439) User=0.04s Sys=0.00s Real=0.01s
[2020-12-29T08:58:59.123-0500][gc,marking     ] GC(24439) Concurrent Rebuild Remembered Sets
[2020-12-29T08:58:59.143-0500][gc,marking     ] GC(24439) Concurrent Rebuild Remembered Sets 20.194ms
[2020-12-29T08:58:59.144-0500][gc,start       ] GC(24439) Pause Cleanup
[2020-12-29T08:58:59.144-0500][gc             ] GC(24439) Pause Cleanup 42M->42M(63M) 0.196ms
[2020-12-29T08:58:59.144-0500][gc,cpu         ] GC(24439) User=0.00s Sys=0.00s Real=0.00s
[2020-12-29T08:58:59.144-0500][gc,marking     ] GC(24439) Concurrent Cleanup for Next Mark
[2020-12-29T08:58:59.144-0500][gc,marking     ] GC(24439) Concurrent Cleanup for Next Mark 0.199ms
[2020-12-29T08:58:59.144-0500][gc             ] GC(24439) Concurrent Cycle 79.560ms
[2020-12-29T09:01:01.376-0500][gc,heap        ] GC(24440) Heap before GC invocations=24440 (full 5669): garbage-first heap   total 64512K, used 50551K [0x0000000083000000, 0x0000000100000000)
[2020-12-29T09:01:01.377-0500][gc,heap        ] GC(24440)   region size 1024K, 9 young (9216K), 1 survivors (1024K)
[2020-12-29T09:01:01.377-0500][gc,heap        ] GC(24440)  Metaspace       used 50336K, capacity 52472K, committed 53888K, reserved 1093632K
[2020-12-29T09:01:01.377-0500][gc,heap        ] GC(24440)   class space    used 7457K, capacity 8250K, committed 8832K, reserved 1048576K
[2020-12-29T09:01:01.377-0500][gc,start       ] GC(24440) Pause Young (Normal) (G1 Evacuation Pause)
[2020-12-29T09:01:01.377-0500][gc,task        ] GC(24440) Using 8 workers of 8 for evacuation
[2020-12-29T09:01:01.379-0500][gc,phases      ] GC(24440)   Pre Evacuate Collection Set: 0.1ms
[2020-12-29T09:01:01.379-0500][gc,phases      ] GC(24440)   Evacuate Collection Set: 0.8ms
[2020-12-29T09:01:01.379-0500][gc,phases      ] GC(24440)   Post Evacuate Collection Set: 1.2ms
[2020-12-29T09:01:01.379-0500][gc,phases      ] GC(24440)   Other: 0.4ms
[2020-12-29T09:01:01.379-0500][gc,heap        ] GC(24440) Eden regions: 8->0(9)
[2020-12-29T09:01:01.379-0500][gc,heap        ] GC(24440) Survivor regions: 1->1(2)
[2020-12-29T09:01:01.379-0500][gc,heap        ] GC(24440) Old regions: 41->41
[2020-12-29T09:01:01.379-0500][gc,heap        ] GC(24440) Humongous regions: 4->4
[2020-12-29T09:01:01.379-0500][gc,metaspace   ] GC(24440) Metaspace: 50336K->50336K(1093632K)
[2020-12-29T09:01:01.379-0500][gc,heap        ] GC(24440) Heap after GC invocations=24441 (full 5669): garbage-first heap   total 64512K, used 43378K [0x0000000083000000, 0x0000000100000000)
[2020-12-29T09:01:01.379-0500][gc,heap        ] GC(24440)   region size 1024K, 1 young (1024K), 1 survivors (1024K)
[2020-12-29T09:01:01.379-0500][gc,heap        ] GC(24440)  Metaspace       used 50336K, capacity 52472K, committed 53888K, reserved 1093632K
[2020-12-29T09:01:01.379-0500][gc,heap        ] GC(24440)   class space    used 7457K, capacity 8250K, committed 8832K, reserved 1048576K
[2020-12-29T09:01:01.379-0500][gc             ] GC(24440) Pause Young (Normal) (G1 Evacuation Pause) 50M->42M(63M) 2.669ms
[2020-12-29T09:01:01.379-0500][gc,cpu         ] GC(24440) User=0.01s Sys=0.00s Real=0.01s
[2020-12-29T09:01:45.190-0500][gc,task        ] GC(24441) Using 5 workers of 8 for full compaction
[2020-12-29T09:01:45.191-0500][gc,start       ] GC(24441) Pause Full (System.gc())
[2020-12-29T09:01:45.191-0500][gc,heap        ] GC(24441) Heap before GC invocations=24441 (full 5669): garbage-first heap   total 64512K, used 45426K [0x0000000083000000, 0x0000000100000000)
[2020-12-29T09:01:45.191-0500][gc,heap        ] GC(24441)   region size 1024K, 4 young (4096K), 1 survivors (1024K)
[2020-12-29T09:01:45.191-0500][gc,heap        ] GC(24441)  Metaspace       used 50336K, capacity 52472K, committed 53888K, reserved 1093632K
[2020-12-29T09:01:45.191-0500][gc,heap        ] GC(24441)   class space    used 7457K, capacity 8250K, committed 8832K, reserved 1048576K
[2020-12-29T09:01:45.191-0500][gc,phases,start] GC(24441) Phase 1: Mark live objects
[2020-12-29T09:01:45.236-0500][gc,stringtable ] GC(24441) Cleaned string and symbol table, strings: 33323 processed, 4 removed, symbols: 120973 processed, 0 removed
[2020-12-29T09:01:45.236-0500][gc,phases      ] GC(24441) Phase 1: Mark live objects 44.523ms
[2020-12-29T09:01:45.236-0500][gc,phases,start] GC(24441) Phase 2: Prepare for compaction
[2020-12-29T09:01:45.245-0500][gc,phases      ] GC(24441) Phase 2: Prepare for compaction 8.834ms
[2020-12-29T09:01:45.245-0500][gc,phases,start] GC(24441) Phase 3: Adjust pointers
[2020-12-29T09:01:45.257-0500][gc,phases      ] GC(24441) Phase 3: Adjust pointers 11.910ms
[2020-12-29T09:01:45.257-0500][gc,phases,start] GC(24441) Phase 4: Compact heap
[2020-12-29T09:01:45.260-0500][gc,phases      ] GC(24441) Phase 4: Compact heap 3.265ms
[2020-12-29T09:01:45.265-0500][gc,heap        ] GC(24441) Eden regions: 3->0(9)
[2020-12-29T09:01:45.265-0500][gc,heap        ] GC(24441) Survivor regions: 1->0(2)
[2020-12-29T09:01:45.265-0500][gc,heap        ] GC(24441) Old regions: 41->42
[2020-12-29T09:01:45.265-0500][gc,heap        ] GC(24441) Humongous regions: 4->4
[2020-12-29T09:01:45.265-0500][gc,metaspace   ] GC(24441) Metaspace: 50336K->50336K(1093632K)
[2020-12-29T09:01:45.265-0500][gc,heap        ] GC(24441) Heap after GC invocations=24442 (full 5670): garbage-first heap   total 64512K, used 43341K [0x0000000083000000, 0x0000000100000000)
[2020-12-29T09:01:45.265-0500][gc,heap        ] GC(24441)   region size 1024K, 0 young (0K), 0 survivors (0K)
[2020-12-29T09:01:45.265-0500][gc,heap        ] GC(24441)  Metaspace       used 50336K, capacity 52472K, committed 53888K, reserved 1093632K
[2020-12-29T09:01:45.265-0500][gc,heap        ] GC(24441)   class space    used 7457K, capacity 8250K, committed 8832K, reserved 1048576K
[2020-12-29T09:01:45.265-0500][gc             ] GC(24441) Pause Full (System.gc()) 45M->42M(63M) 74.641ms
[2020-12-29T09:01:45.265-0500][gc,cpu         ] GC(24441) User=0.31s Sys=0.00s Real=0.07s
[2020-12-29T09:03:59.062-0500][gc,heap        ] GC(24442) Heap before GC invocations=24442 (full 5670): garbage-first heap   total 64512K, used 51533K [0x0000000083000000, 0x0000000100000000)
[2020-12-29T09:03:59.062-0500][gc,heap        ] GC(24442)   region size 1024K, 9 young (9216K), 0 survivors (0K)
[2020-12-29T09:03:59.062-0500][gc,heap        ] GC(24442)  Metaspace       used 50336K, capacity 52472K, committed 53888K, reserved 1093632K
[2020-12-29T09:03:59.062-0500][gc,heap        ] GC(24442)   class space    used 7457K, capacity 8250K, committed 8832K, reserved 1048576K
[2020-12-29T09:03:59.062-0500][gc,start       ] GC(24442) Pause Young (Concurrent Start) (G1 Evacuation Pause)
[2020-12-29T09:03:59.062-0500][gc,task        ] GC(24442) Using 8 workers of 8 for evacuation
[2020-12-29T09:03:59.064-0500][gc,phases      ] GC(24442)   Pre Evacuate Collection Set: 0.2ms
[2020-12-29T09:03:59.065-0500][gc,phases      ] GC(24442)   Evacuate Collection Set: 1.2ms
[2020-12-29T09:03:59.065-0500][gc,phases      ] GC(24442)   Post Evacuate Collection Set: 0.9ms
[2020-12-29T09:03:59.065-0500][gc,phases      ] GC(24442)   Other: 0.2ms
[2020-12-29T09:03:59.065-0500][gc,heap        ] GC(24442) Eden regions: 9->0(8)
[2020-12-29T09:03:59.065-0500][gc,heap        ] GC(24442) Survivor regions: 0->1(2)
[2020-12-29T09:03:59.065-0500][gc,heap        ] GC(24442) Old regions: 42->42
[2020-12-29T09:03:59.065-0500][gc,heap        ] GC(24442) Humongous regions: 4->4
[2020-12-29T09:03:59.065-0500][gc,metaspace   ] GC(24442) Metaspace: 50336K->50336K(1093632K)
[2020-12-29T09:03:59.065-0500][gc,heap        ] GC(24442) Heap after GC invocations=24443 (full 5670): garbage-first heap   total 64512K, used 43407K [0x0000000083000000, 0x0000000100000000)
[2020-12-29T09:03:59.065-0500][gc,heap        ] GC(24442)   region size 1024K, 1 young (1024K), 1 survivors (1024K)
[2020-12-29T09:03:59.065-0500][gc,heap        ] GC(24442)  Metaspace       used 50336K, capacity 52472K, committed 53888K, reserved 1093632K
[2020-12-29T09:03:59.065-0500][gc,heap        ] GC(24442)   class space    used 7457K, capacity 8250K, committed 8832K, reserved 1048576K
[2020-12-29T09:03:59.065-0500][gc             ] GC(24442) Pause Young (Concurrent Start) (G1 Evacuation Pause) 51M->42M(63M) 2.530ms
[2020-12-29T09:03:59.065-0500][gc,cpu         ] GC(24442) User=0.00s Sys=0.00s Real=0.00s
[2020-12-29T09:03:59.065-0500][gc             ] GC(24443) Concurrent Cycle
[2020-12-29T09:03:59.065-0500][gc,marking     ] GC(24443) Concurrent Clear Claimed Marks
[2020-12-29T09:03:59.065-0500][gc,marking     ] GC(24443) Concurrent Clear Claimed Marks 0.083ms
[2020-12-29T09:03:59.065-0500][gc,marking     ] GC(24443) Concurrent Scan Root Regions
[2020-12-29T09:03:59.066-0500][gc,marking     ] GC(24443) Concurrent Scan Root Regions 0.611ms
[2020-12-29T09:03:59.066-0500][gc,marking     ] GC(24443) Concurrent Mark (1700836.453s)
[2020-12-29T09:03:59.066-0500][gc,marking     ] GC(24443) Concurrent Mark From Roots
[2020-12-29T09:03:59.066-0500][gc,task        ] GC(24443) Using 2 workers of 2 for marking
[2020-12-29T09:03:59.100-0500][gc,marking     ] GC(24443) Concurrent Mark From Roots 34.837ms
[2020-12-29T09:03:59.100-0500][gc,marking     ] GC(24443) Concurrent Preclean
[2020-12-29T09:03:59.101-0500][gc,marking     ] GC(24443) Concurrent Preclean 0.180ms
[2020-12-29T09:03:59.101-0500][gc,marking     ] GC(24443) Concurrent Mark (1700836.453s, 1700836.488s) 35.095ms
[2020-12-29T09:03:59.101-0500][gc,start       ] GC(24443) Pause Remark
[2020-12-29T09:03:59.105-0500][gc,stringtable ] GC(24443) Cleaned string and symbol table, strings: 33323 processed, 0 removed, symbols: 120973 processed, 0 removed
[2020-12-29T09:03:59.105-0500][gc             ] GC(24443) Pause Remark 42M->42M(63M) 4.432ms
[2020-12-29T09:03:59.106-0500][gc,cpu         ] GC(24443) User=0.02s Sys=0.00s Real=0.00s
[2020-12-29T09:03:59.106-0500][gc,marking     ] GC(24443) Concurrent Rebuild Remembered Sets
[2020-12-29T09:03:59.128-0500][gc,marking     ] GC(24443) Concurrent Rebuild Remembered Sets 22.388ms
[2020-12-29T09:03:59.128-0500][gc,start       ] GC(24443) Pause Cleanup
[2020-12-29T09:03:59.129-0500][gc             ] GC(24443) Pause Cleanup 42M->42M(63M) 0.210ms
[2020-12-29T09:03:59.129-0500][gc,cpu         ] GC(24443) User=0.00s Sys=0.00s Real=0.00s
[2020-12-29T09:03:59.129-0500][gc,marking     ] GC(24443) Concurrent Cleanup for Next Mark
[2020-12-29T09:03:59.129-0500][gc,marking     ] GC(24443) Concurrent Cleanup for Next Mark 0.174ms
[2020-12-29T09:03:59.129-0500][gc             ] GC(24443) Concurrent Cycle 64.133ms
[2020-12-29T09:05:59.062-0500][gc,heap        ] GC(24444) Heap before GC invocations=24444 (full 5670): garbage-first heap   total 64512K, used 51597K [0x0000000083000000, 0x0000000100000000)
[2020-12-29T09:05:59.062-0500][gc,heap        ] GC(24444)   region size 1024K, 9 young (9216K), 1 survivors (1024K)
[2020-12-29T09:05:59.062-0500][gc,heap        ] GC(24444)  Metaspace       used 50336K, capacity 52472K, committed 53888K, reserved 1093632K
[2020-12-29T09:05:59.062-0500][gc,heap        ] GC(24444)   class space    used 7457K, capacity 8250K, committed 8832K, reserved 1048576K
[2020-12-29T09:05:59.062-0500][gc,start       ] GC(24444) Pause Young (Normal) (G1 Evacuation Pause)
[2020-12-29T09:05:59.062-0500][gc,task        ] GC(24444) Using 8 workers of 8 for evacuation
[2020-12-29T09:05:59.064-0500][gc,phases      ] GC(24444)   Pre Evacuate Collection Set: 0.0ms
[2020-12-29T09:05:59.064-0500][gc,phases      ] GC(24444)   Evacuate Collection Set: 1.1ms
[2020-12-29T09:05:59.065-0500][gc,phases      ] GC(24444)   Post Evacuate Collection Set: 0.8ms
[2020-12-29T09:05:59.065-0500][gc,phases      ] GC(24444)   Other: 0.3ms
[2020-12-29T09:05:59.065-0500][gc,heap        ] GC(24444) Eden regions: 8->0(9)
[2020-12-29T09:05:59.065-0500][gc,heap        ] GC(24444) Survivor regions: 1->1(2)
[2020-12-29T09:05:59.065-0500][gc,heap        ] GC(24444) Old regions: 41->41
[2020-12-29T09:05:59.065-0500][gc,heap        ] GC(24444) Humongous regions: 4->4
[2020-12-29T09:05:59.065-0500][gc,metaspace   ] GC(24444) Metaspace: 50336K->50336K(1093632K)
[2020-12-29T09:05:59.065-0500][gc,heap        ] GC(24444) Heap after GC invocations=24445 (full 5670): garbage-first heap   total 64512K, used 43397K [0x0000000083000000, 0x0000000100000000)
[2020-12-29T09:05:59.065-0500][gc,heap        ] GC(24444)   region size 1024K, 1 young (1024K), 1 survivors (1024K)
[2020-12-29T09:05:59.065-0500][gc,heap        ] GC(24444)  Metaspace       used 50336K, capacity 52472K, committed 53888K, reserved 1093632K
[2020-12-29T09:05:59.065-0500][gc,heap        ] GC(24444)   class space    used 7457K, capacity 8250K, committed 8832K, reserved 1048576K
[2020-12-29T09:05:59.065-0500][gc             ] GC(24444) Pause Young (Normal) (G1 Evacuation Pause) 50M->42M(63M) 2.146ms
[2020-12-29T09:05:59.065-0500][gc,cpu         ] GC(24444) User=0.00s Sys=0.00s Real=0.00s
[2020-12-29T09:06:45.190-0500][gc,task        ] GC(24445) Using 5 workers of 8 for full compaction
[2020-12-29T09:06:45.190-0500][gc,start       ] GC(24445) Pause Full (System.gc())
[2020-12-29T09:06:45.190-0500][gc,heap        ] GC(24445) Heap before GC invocations=24445 (full 5670): garbage-first heap   total 64512K, used 45445K [0x0000000083000000, 0x0000000100000000)
[2020-12-29T09:06:45.190-0500][gc,heap        ] GC(24445)   region size 1024K, 4 young (4096K), 1 survivors (1024K)
[2020-12-29T09:06:45.190-0500][gc,heap        ] GC(24445)  Metaspace       used 50336K, capacity 52472K, committed 53888K, reserved 1093632K
[2020-12-29T09:06:45.190-0500][gc,heap        ] GC(24445)   class space    used 7457K, capacity 8250K, committed 8832K, reserved 1048576K
[2020-12-29T09:06:45.190-0500][gc,phases,start] GC(24445) Phase 1: Mark live objects
[2020-12-29T09:06:45.218-0500][gc,stringtable ] GC(24445) Cleaned string and symbol table, strings: 33323 processed, 4 removed, symbols: 120973 processed, 0 removed
[2020-12-29T09:06:45.218-0500][gc,phases      ] GC(24445) Phase 1: Mark live objects 27.619ms
[2020-12-29T09:06:45.218-0500][gc,phases,start] GC(24445) Phase 2: Prepare for compaction
[2020-12-29T09:06:45.222-0500][gc,phases      ] GC(24445) Phase 2: Prepare for compaction 3.874ms
[2020-12-29T09:06:45.222-0500][gc,phases,start] GC(24445) Phase 3: Adjust pointers
[2020-12-29T09:06:45.235-0500][gc,phases      ] GC(24445) Phase 3: Adjust pointers 12.873ms
[2020-12-29T09:06:45.235-0500][gc,phases,start] GC(24445) Phase 4: Compact heap
[2020-12-29T09:06:45.238-0500][gc,phases      ] GC(24445) Phase 4: Compact heap 3.391ms
[2020-12-29T09:06:45.243-0500][gc,heap        ] GC(24445) Eden regions: 3->0(9)
[2020-12-29T09:06:45.243-0500][gc,heap        ] GC(24445) Survivor regions: 1->0(2)
[2020-12-29T09:06:45.243-0500][gc,heap        ] GC(24445) Old regions: 41->42
[2020-12-29T09:06:45.243-0500][gc,heap        ] GC(24445) Humongous regions: 4->4
[2020-12-29T09:06:45.243-0500][gc,metaspace   ] GC(24445) Metaspace: 50336K->50336K(1093632K)
[2020-12-29T09:06:45.243-0500][gc,heap        ] GC(24445) Heap after GC invocations=24446 (full 5671): garbage-first heap   total 64512K, used 43343K [0x0000000083000000, 0x0000000100000000)
[2020-12-29T09:06:45.243-0500][gc,heap        ] GC(24445)   region size 1024K, 0 young (0K), 0 survivors (0K)
[2020-12-29T09:06:45.243-0500][gc,heap        ] GC(24445)  Metaspace       used 50336K, capacity 52472K, committed 53888K, reserved 1093632K
[2020-12-29T09:06:45.243-0500][gc,heap        ] GC(24445)   class space    used 7457K, capacity 8250K, committed 8832K, reserved 1048576K
[2020-12-29T09:06:45.243-0500][gc             ] GC(24445) Pause Full (System.gc()) 45M->42M(63M) 53.280ms
[2020-12-29T09:06:45.244-0500][gc,cpu         ] GC(24445) User=0.22s Sys=0.00s Real=0.05s
[2020-12-29T09:08:58.503-0500][gc,heap        ] GC(24446) Heap before GC invocations=24446 (full 5671): garbage-first heap   total 64512K, used 51535K [0x0000000083000000, 0x0000000100000000)
[2020-12-29T09:08:58.503-0500][gc,heap        ] GC(24446)   region size 1024K, 9 young (9216K), 0 survivors (0K)
[2020-12-29T09:08:58.503-0500][gc,heap        ] GC(24446)  Metaspace       used 50336K, capacity 52472K, committed 53888K, reserved 1093632K
[2020-12-29T09:08:58.503-0500][gc,heap        ] GC(24446)   class space    used 7457K, capacity 8250K, committed 8832K, reserved 1048576K
[2020-12-29T09:08:58.503-0500][gc,start       ] GC(24446) Pause Young (Concurrent Start) (G1 Evacuation Pause)
[2020-12-29T09:08:58.503-0500][gc,task        ] GC(24446) Using 8 workers of 8 for evacuation
[2020-12-29T09:08:58.506-0500][gc,phases      ] GC(24446)   Pre Evacuate Collection Set: 0.2ms
[2020-12-29T09:08:58.506-0500][gc,phases      ] GC(24446)   Evacuate Collection Set: 1.2ms
[2020-12-29T09:08:58.506-0500][gc,phases      ] GC(24446)   Post Evacuate Collection Set: 1.3ms
[2020-12-29T09:08:58.506-0500][gc,phases      ] GC(24446)   Other: 0.2ms
[2020-12-29T09:08:58.506-0500][gc,heap        ] GC(24446) Eden regions: 9->0(8)
[2020-12-29T09:08:58.506-0500][gc,heap        ] GC(24446) Survivor regions: 0->1(2)
[2020-12-29T09:08:58.506-0500][gc,heap        ] GC(24446) Old regions: 42->42
[2020-12-29T09:08:58.506-0500][gc,heap        ] GC(24446) Humongous regions: 4->4
[2020-12-29T09:08:58.506-0500][gc,metaspace   ] GC(24446) Metaspace: 50336K->50336K(1093632K)
[2020-12-29T09:08:58.506-0500][gc,heap        ] GC(24446) Heap after GC invocations=24447 (full 5671): garbage-first heap   total 64512K, used 43431K [0x0000000083000000, 0x0000000100000000)
[2020-12-29T09:08:58.506-0500][gc,heap        ] GC(24446)   region size 1024K, 1 young (1024K), 1 survivors (1024K)
[2020-12-29T09:08:58.506-0500][gc,heap        ] GC(24446)  Metaspace       used 50336K, capacity 52472K, committed 53888K, reserved 1093632K
[2020-12-29T09:08:58.506-0500][gc,heap        ] GC(24446)   class space    used 7457K, capacity 8250K, committed 8832K, reserved 1048576K
[2020-12-29T09:08:58.506-0500][gc             ] GC(24446) Pause Young (Concurrent Start) (G1 Evacuation Pause) 51M->42M(63M) 3.075ms
[2020-12-29T09:08:58.506-0500][gc,cpu         ] GC(24446) User=0.00s Sys=0.00s Real=0.00s
[2020-12-29T09:08:58.506-0500][gc             ] GC(24447) Concurrent Cycle
[2020-12-29T09:08:58.506-0500][gc,marking     ] GC(24447) Concurrent Clear Claimed Marks
[2020-12-29T09:08:58.506-0500][gc,marking     ] GC(24447) Concurrent Clear Claimed Marks 0.092ms
[2020-12-29T09:08:58.506-0500][gc,marking     ] GC(24447) Concurrent Scan Root Regions
[2020-12-29T09:08:58.507-0500][gc,marking     ] GC(24447) Concurrent Scan Root Regions 0.548ms
[2020-12-29T09:08:58.507-0500][gc,marking     ] GC(24447) Concurrent Mark (1701135.894s)
[2020-12-29T09:08:58.507-0500][gc,marking     ] GC(24447) Concurrent Mark From Roots
[2020-12-29T09:08:58.507-0500][gc,task        ] GC(24447) Using 2 workers of 2 for marking
[2020-12-29T09:08:58.551-0500][gc,marking     ] GC(24447) Concurrent Mark From Roots 44.405ms
[2020-12-29T09:08:58.551-0500][gc,marking     ] GC(24447) Concurrent Preclean
[2020-12-29T09:08:58.551-0500][gc,marking     ] GC(24447) Concurrent Preclean 0.153ms
[2020-12-29T09:08:58.551-0500][gc,marking     ] GC(24447) Concurrent Mark (1701135.894s, 1701135.938s) 44.659ms
[2020-12-29T09:08:58.552-0500][gc,start       ] GC(24447) Pause Remark
[2020-12-29T09:08:58.556-0500][gc,stringtable ] GC(24447) Cleaned string and symbol table, strings: 33323 processed, 0 removed, symbols: 120973 processed, 0 removed
[2020-12-29T09:08:58.557-0500][gc             ] GC(24447) Pause Remark 42M->42M(63M) 4.987ms
[2020-12-29T09:08:58.557-0500][gc,cpu         ] GC(24447) User=0.02s Sys=0.00s Real=0.00s
[2020-12-29T09:08:58.557-0500][gc,marking     ] GC(24447) Concurrent Rebuild Remembered Sets
[2020-12-29T09:08:58.575-0500][gc,marking     ] GC(24447) Concurrent Rebuild Remembered Sets 17.884ms
[2020-12-29T09:08:58.575-0500][gc,start       ] GC(24447) Pause Cleanup
[2020-12-29T09:08:58.575-0500][gc             ] GC(24447) Pause Cleanup 42M->42M(63M) 0.205ms
[2020-12-29T09:08:58.575-0500][gc,cpu         ] GC(24447) User=0.00s Sys=0.00s Real=0.00s
[2020-12-29T09:08:58.575-0500][gc,marking     ] GC(24447) Concurrent Cleanup for Next Mark
[2020-12-29T09:08:58.576-0500][gc,marking     ] GC(24447) Concurrent Cleanup for Next Mark 0.165ms
[2020-12-29T09:08:58.576-0500][gc             ] GC(24447) Concurrent Cycle 69.692ms
[2020-12-29T09:10:49.059-0500][gc,heap        ] GC(24448) Heap before GC invocations=24448 (full 5671): garbage-first heap   total 64512K, used 50592K [0x0000000083000000, 0x0000000100000000)
[2020-12-29T09:10:49.059-0500][gc,heap        ] GC(24448)   region size 1024K, 9 young (9216K), 1 survivors (1024K)
[2020-12-29T09:10:49.059-0500][gc,heap        ] GC(24448)  Metaspace       used 50336K, capacity 52472K, committed 53888K, reserved 1093632K
[2020-12-29T09:10:49.059-0500][gc,heap        ] GC(24448)   class space    used 7457K, capacity 8250K, committed 8832K, reserved 1048576K
[2020-12-29T09:10:49.059-0500][gc,start       ] GC(24448) Pause Young (Normal) (G1 Evacuation Pause)
[2020-12-29T09:10:49.059-0500][gc,task        ] GC(24448) Using 8 workers of 8 for evacuation
[2020-12-29T09:10:49.061-0500][gc,phases      ] GC(24448)   Pre Evacuate Collection Set: 0.0ms
[2020-12-29T09:10:49.061-0500][gc,phases      ] GC(24448)   Evacuate Collection Set: 0.9ms
[2020-12-29T09:10:49.061-0500][gc,phases      ] GC(24448)   Post Evacuate Collection Set: 0.9ms
[2020-12-29T09:10:49.061-0500][gc,phases      ] GC(24448)   Other: 0.2ms
[2020-12-29T09:10:49.061-0500][gc,heap        ] GC(24448) Eden regions: 8->0(9)
[2020-12-29T09:10:49.061-0500][gc,heap        ] GC(24448) Survivor regions: 1->1(2)
[2020-12-29T09:10:49.061-0500][gc,heap        ] GC(24448) Old regions: 41->41
[2020-12-29T09:10:49.061-0500][gc,heap        ] GC(24448) Humongous regions: 4->4
[2020-12-29T09:10:49.061-0500][gc,metaspace   ] GC(24448) Metaspace: 50336K->50336K(1093632K)
[2020-12-29T09:10:49.061-0500][gc,heap        ] GC(24448) Heap after GC invocations=24449 (full 5671): garbage-first heap   total 64512K, used 43435K [0x0000000083000000, 0x0000000100000000)
[2020-12-29T09:10:49.061-0500][gc,heap        ] GC(24448)   region size 1024K, 1 young (1024K), 1 survivors (1024K)
[2020-12-29T09:10:49.061-0500][gc,heap        ] GC(24448)  Metaspace       used 50336K, capacity 52472K, committed 53888K, reserved 1093632K
[2020-12-29T09:10:49.061-0500][gc,heap        ] GC(24448)   class space    used 7457K, capacity 8250K, committed 8832K, reserved 1048576K
[2020-12-29T09:10:49.061-0500][gc             ] GC(24448) Pause Young (Normal) (G1 Evacuation Pause) 50M->42M(63M) 2.041ms
[2020-12-29T09:10:49.061-0500][gc,cpu         ] GC(24448) User=0.01s Sys=0.00s Real=0.00s
[2020-12-29T09:11:45.189-0500][gc,task        ] GC(24449) Using 5 workers of 8 for full compaction
[2020-12-29T09:11:45.189-0500][gc,start       ] GC(24449) Pause Full (System.gc())
[2020-12-29T09:11:45.189-0500][gc,heap        ] GC(24449) Heap before GC invocations=24449 (full 5671): garbage-first heap   total 64512K, used 47531K [0x0000000083000000, 0x0000000100000000)
[2020-12-29T09:11:45.189-0500][gc,heap        ] GC(24449)   region size 1024K, 6 young (6144K), 1 survivors (1024K)
[2020-12-29T09:11:45.189-0500][gc,heap        ] GC(24449)  Metaspace       used 50336K, capacity 52472K, committed 53888K, reserved 1093632K
[2020-12-29T09:11:45.189-0500][gc,heap        ] GC(24449)   class space    used 7457K, capacity 8250K, committed 8832K, reserved 1048576K
[2020-12-29T09:11:45.190-0500][gc,phases,start] GC(24449) Phase 1: Mark live objects
[2020-12-29T09:11:45.226-0500][gc,stringtable ] GC(24449) Cleaned string and symbol table, strings: 33323 processed, 4 removed, symbols: 120973 processed, 0 removed
[2020-12-29T09:11:45.226-0500][gc,phases      ] GC(24449) Phase 1: Mark live objects 36.359ms
[2020-12-29T09:11:45.226-0500][gc,phases,start] GC(24449) Phase 2: Prepare for compaction
[2020-12-29T09:11:45.233-0500][gc,phases      ] GC(24449) Phase 2: Prepare for compaction 6.477ms
[2020-12-29T09:11:45.233-0500][gc,phases,start] GC(24449) Phase 3: Adjust pointers
[2020-12-29T09:11:45.250-0500][gc,phases      ] GC(24449) Phase 3: Adjust pointers 16.910ms
[2020-12-29T09:11:45.250-0500][gc,phases,start] GC(24449) Phase 4: Compact heap
[2020-12-29T09:11:45.255-0500][gc,phases      ] GC(24449) Phase 4: Compact heap 5.235ms
[2020-12-29T09:11:45.262-0500][gc,heap        ] GC(24449) Eden regions: 5->0(11)
[2020-12-29T09:11:45.262-0500][gc,heap        ] GC(24449) Survivor regions: 1->0(2)
[2020-12-29T09:11:45.263-0500][gc,heap        ] GC(24449) Old regions: 41->40
[2020-12-29T09:11:45.263-0500][gc,heap        ] GC(24449) Humongous regions: 4->4
[2020-12-29T09:11:45.263-0500][gc,metaspace   ] GC(24449) Metaspace: 50336K->50336K(1093632K)
[2020-12-29T09:11:45.263-0500][gc,heap        ] GC(24449) Heap after GC invocations=24450 (full 5672): garbage-first heap   total 64512K, used 43348K [0x0000000083000000, 0x0000000100000000)
[2020-12-29T09:11:45.263-0500][gc,heap        ] GC(24449)   region size 1024K, 0 young (0K), 0 survivors (0K)
[2020-12-29T09:11:45.263-0500][gc,heap        ] GC(24449)  Metaspace       used 50336K, capacity 52472K, committed 53888K, reserved 1093632K
[2020-12-29T09:11:45.263-0500][gc,heap        ] GC(24449)   class space    used 7457K, capacity 8250K, committed 8832K, reserved 1048576K
[2020-12-29T09:11:45.263-0500][gc             ] GC(24449) Pause Full (System.gc()) 46M->42M(63M) 73.166ms
[2020-12-29T09:11:45.263-0500][gc,cpu         ] GC(24449) User=0.28s Sys=0.00s Real=0.07s
[2020-12-29T09:14:29.059-0500][gc,heap        ] GC(24450) Heap before GC invocations=24450 (full 5672): garbage-first heap   total 64512K, used 53588K [0x0000000083000000, 0x0000000100000000)
[2020-12-29T09:14:29.059-0500][gc,heap        ] GC(24450)   region size 1024K, 11 young (11264K), 0 survivors (0K)
[2020-12-29T09:14:29.059-0500][gc,heap        ] GC(24450)  Metaspace       used 50336K, capacity 52472K, committed 53888K, reserved 1093632K
[2020-12-29T09:14:29.059-0500][gc,heap        ] GC(24450)   class space    used 7457K, capacity 8250K, committed 8832K, reserved 1048576K
[2020-12-29T09:14:29.059-0500][gc,start       ] GC(24450) Pause Young (Concurrent Start) (G1 Evacuation Pause)
[2020-12-29T09:14:29.059-0500][gc,task        ] GC(24450) Using 8 workers of 8 for evacuation
[2020-12-29T09:14:29.062-0500][gc,phases      ] GC(24450)   Pre Evacuate Collection Set: 0.2ms
[2020-12-29T09:14:29.062-0500][gc,phases      ] GC(24450)   Evacuate Collection Set: 1.1ms
[2020-12-29T09:14:29.062-0500][gc,phases      ] GC(24450)   Post Evacuate Collection Set: 1.0ms
[2020-12-29T09:14:29.062-0500][gc,phases      ] GC(24450)   Other: 0.2ms
[2020-12-29T09:14:29.062-0500][gc,heap        ] GC(24450) Eden regions: 11->0(10)
[2020-12-29T09:14:29.062-0500][gc,heap        ] GC(24450) Survivor regions: 0->1(2)
[2020-12-29T09:14:29.062-0500][gc,heap        ] GC(24450) Old regions: 40->40
[2020-12-29T09:14:29.062-0500][gc,heap        ] GC(24450) Humongous regions: 4->4
[2020-12-29T09:14:29.062-0500][gc,metaspace   ] GC(24450) Metaspace: 50336K->50336K(1093632K)
[2020-12-29T09:14:29.062-0500][gc,heap        ] GC(24450) Heap after GC invocations=24451 (full 5672): garbage-first heap   total 64512K, used 43427K [0x0000000083000000, 0x0000000100000000)
[2020-12-29T09:14:29.062-0500][gc,heap        ] GC(24450)   region size 1024K, 1 young (1024K), 1 survivors (1024K)
[2020-12-29T09:14:29.062-0500][gc,heap        ] GC(24450)  Metaspace       used 50336K, capacity 52472K, committed 53888K, reserved 1093632K
[2020-12-29T09:14:29.062-0500][gc,heap        ] GC(24450)   class space    used 7457K, capacity 8250K, committed 8832K, reserved 1048576K
[2020-12-29T09:14:29.062-0500][gc             ] GC(24450) Pause Young (Concurrent Start) (G1 Evacuation Pause) 53M->42M(63M) 2.463ms
[2020-12-29T09:14:29.062-0500][gc,cpu         ] GC(24450) User=0.00s Sys=0.01s Real=0.00s
[2020-12-29T09:14:29.062-0500][gc             ] GC(24451) Concurrent Cycle
[2020-12-29T09:14:29.062-0500][gc,marking     ] GC(24451) Concurrent Clear Claimed Marks
[2020-12-29T09:14:29.062-0500][gc,marking     ] GC(24451) Concurrent Clear Claimed Marks 0.080ms
[2020-12-29T09:14:29.062-0500][gc,marking     ] GC(24451) Concurrent Scan Root Regions
[2020-12-29T09:14:29.063-0500][gc,marking     ] GC(24451) Concurrent Scan Root Regions 0.882ms
[2020-12-29T09:14:29.063-0500][gc,marking     ] GC(24451) Concurrent Mark (1701466.450s)
[2020-12-29T09:14:29.063-0500][gc,marking     ] GC(24451) Concurrent Mark From Roots
[2020-12-29T09:14:29.063-0500][gc,task        ] GC(24451) Using 2 workers of 2 for marking
[2020-12-29T09:14:29.111-0500][gc,marking     ] GC(24451) Concurrent Mark From Roots 48.445ms
[2020-12-29T09:14:29.112-0500][gc,marking     ] GC(24451) Concurrent Preclean
[2020-12-29T09:14:29.112-0500][gc,marking     ] GC(24451) Concurrent Preclean 0.212ms
[2020-12-29T09:14:29.112-0500][gc,marking     ] GC(24451) Concurrent Mark (1701466.450s, 1701466.499s) 48.750ms
[2020-12-29T09:14:29.112-0500][gc,start       ] GC(24451) Pause Remark
[2020-12-29T09:14:29.117-0500][gc,stringtable ] GC(24451) Cleaned string and symbol table, strings: 33323 processed, 0 removed, symbols: 120973 processed, 0 removed
[2020-12-29T09:14:29.117-0500][gc             ] GC(24451) Pause Remark 42M->42M(63M) 4.912ms
[2020-12-29T09:14:29.117-0500][gc,cpu         ] GC(24451) User=0.03s Sys=0.00s Real=0.00s
[2020-12-29T09:14:29.118-0500][gc,marking     ] GC(24451) Concurrent Rebuild Remembered Sets
[2020-12-29T09:14:29.139-0500][gc,marking     ] GC(24451) Concurrent Rebuild Remembered Sets 21.135ms
[2020-12-29T09:14:29.139-0500][gc,start       ] GC(24451) Pause Cleanup
[2020-12-29T09:14:29.139-0500][gc             ] GC(24451) Pause Cleanup 42M->42M(63M) 0.325ms
[2020-12-29T09:14:29.139-0500][gc,cpu         ] GC(24451) User=0.00s Sys=0.00s Real=0.00s
[2020-12-29T09:14:29.139-0500][gc,marking     ] GC(24451) Concurrent Cleanup for Next Mark
[2020-12-29T09:14:29.140-0500][gc,marking     ] GC(24451) Concurrent Cleanup for Next Mark 0.223ms
[2020-12-29T09:14:29.140-0500][gc             ] GC(24451) Concurrent Cycle 77.765ms
[2020-12-29T09:16:45.192-0500][gc,task        ] GC(24452) Using 5 workers of 8 for full compaction
[2020-12-29T09:16:45.192-0500][gc,start       ] GC(24452) Pause Full (System.gc())
[2020-12-29T09:16:45.192-0500][gc,heap        ] GC(24452) Heap before GC invocations=24452 (full 5672): garbage-first heap   total 64512K, used 51619K [0x0000000083000000, 0x0000000100000000)
[2020-12-29T09:16:45.192-0500][gc,heap        ] GC(24452)   region size 1024K, 11 young (11264K), 1 survivors (1024K)
[2020-12-29T09:16:45.192-0500][gc,heap        ] GC(24452)  Metaspace       used 50336K, capacity 52472K, committed 53888K, reserved 1093632K
[2020-12-29T09:16:45.192-0500][gc,heap        ] GC(24452)   class space    used 7457K, capacity 8250K, committed 8832K, reserved 1048576K
[2020-12-29T09:16:45.192-0500][gc,phases,start] GC(24452) Phase 1: Mark live objects
[2020-12-29T09:16:45.213-0500][gc,stringtable ] GC(24452) Cleaned string and symbol table, strings: 33323 processed, 4 removed, symbols: 120973 processed, 0 removed
[2020-12-29T09:16:45.213-0500][gc,phases      ] GC(24452) Phase 1: Mark live objects 20.586ms
[2020-12-29T09:16:45.213-0500][gc,phases,start] GC(24452) Phase 2: Prepare for compaction
[2020-12-29T09:16:45.217-0500][gc,phases      ] GC(24452) Phase 2: Prepare for compaction 4.094ms
[2020-12-29T09:16:45.217-0500][gc,phases,start] GC(24452) Phase 3: Adjust pointers
[2020-12-29T09:16:45.228-0500][gc,phases      ] GC(24452) Phase 3: Adjust pointers 11.109ms
[2020-12-29T09:16:45.228-0500][gc,phases,start] GC(24452) Phase 4: Compact heap
[2020-12-29T09:16:45.232-0500][gc,phases      ] GC(24452) Phase 4: Compact heap 3.690ms
[2020-12-29T09:16:45.236-0500][gc,heap        ] GC(24452) Eden regions: 10->0(10)
[2020-12-29T09:16:45.236-0500][gc,heap        ] GC(24452) Survivor regions: 1->0(2)
[2020-12-29T09:16:45.236-0500][gc,heap        ] GC(24452) Old regions: 40->41
[2020-12-29T09:16:45.236-0500][gc,heap        ] GC(24452) Humongous regions: 4->4
[2020-12-29T09:16:45.236-0500][gc,metaspace   ] GC(24452) Metaspace: 50336K->50336K(1093632K)
[2020-12-29T09:16:45.236-0500][gc,heap        ] GC(24452) Heap after GC invocations=24453 (full 5673): garbage-first heap   total 64512K, used 43367K [0x0000000083000000, 0x0000000100000000)
[2020-12-29T09:16:45.236-0500][gc,heap        ] GC(24452)   region size 1024K, 0 young (0K), 0 survivors (0K)
[2020-12-29T09:16:45.236-0500][gc,heap        ] GC(24452)  Metaspace       used 50336K, capacity 52472K, committed 53888K, reserved 1093632K
[2020-12-29T09:16:45.236-0500][gc,heap        ] GC(24452)   class space    used 7457K, capacity 8250K, committed 8832K, reserved 1048576K
[2020-12-29T09:16:45.237-0500][gc             ] GC(24452) Pause Full (System.gc()) 51M->42M(63M) 44.727ms
[2020-12-29T09:16:45.237-0500][gc,cpu         ] GC(24452) User=0.18s Sys=0.00s Real=0.04s
[2020-12-29T09:19:10.234-0500][gc,heap        ] GC(24453) Heap before GC invocations=24453 (full 5673): garbage-first heap   total 64512K, used 52583K [0x0000000083000000, 0x0000000100000000)
[2020-12-29T09:19:10.234-0500][gc,heap        ] GC(24453)   region size 1024K, 10 young (10240K), 0 survivors (0K)
[2020-12-29T09:19:10.234-0500][gc,heap        ] GC(24453)  Metaspace       used 50336K, capacity 52472K, committed 53888K, reserved 1093632K
[2020-12-29T09:19:10.234-0500][gc,heap        ] GC(24453)   class space    used 7457K, capacity 8250K, committed 8832K, reserved 1048576K
[2020-12-29T09:19:10.234-0500][gc,start       ] GC(24453) Pause Young (Concurrent Start) (G1 Evacuation Pause)
[2020-12-29T09:19:10.234-0500][gc,task        ] GC(24453) Using 8 workers of 8 for evacuation
[2020-12-29T09:19:10.238-0500][gc,phases      ] GC(24453)   Pre Evacuate Collection Set: 0.2ms
[2020-12-29T09:19:10.238-0500][gc,phases      ] GC(24453)   Evacuate Collection Set: 1.7ms
[2020-12-29T09:19:10.238-0500][gc,phases      ] GC(24453)   Post Evacuate Collection Set: 1.4ms
[2020-12-29T09:19:10.238-0500][gc,phases      ] GC(24453)   Other: 0.5ms
[2020-12-29T09:19:10.238-0500][gc,heap        ] GC(24453) Eden regions: 10->0(9)
[2020-12-29T09:19:10.238-0500][gc,heap        ] GC(24453) Survivor regions: 0->1(2)
[2020-12-29T09:19:10.238-0500][gc,heap        ] GC(24453) Old regions: 41->41
[2020-12-29T09:19:10.238-0500][gc,heap        ] GC(24453) Humongous regions: 4->4
[2020-12-29T09:19:10.238-0500][gc,metaspace   ] GC(24453) Metaspace: 50336K->50336K(1093632K)
[2020-12-29T09:19:10.238-0500][gc,heap        ] GC(24453) Heap after GC invocations=24454 (full 5673): garbage-first heap   total 64512K, used 43430K [0x0000000083000000, 0x0000000100000000)
[2020-12-29T09:19:10.238-0500][gc,heap        ] GC(24453)   region size 1024K, 1 young (1024K), 1 survivors (1024K)
[2020-12-29T09:19:10.238-0500][gc,heap        ] GC(24453)  Metaspace       used 50336K, capacity 52472K, committed 53888K, reserved 1093632K
[2020-12-29T09:19:10.238-0500][gc,heap        ] GC(24453)   class space    used 7457K, capacity 8250K, committed 8832K, reserved 1048576K
[2020-12-29T09:19:10.238-0500][gc             ] GC(24453) Pause Young (Concurrent Start) (G1 Evacuation Pause) 52M->42M(63M) 3.703ms
[2020-12-29T09:19:10.238-0500][gc,cpu         ] GC(24453) User=0.01s Sys=0.00s Real=0.01s
[2020-12-29T09:19:10.238-0500][gc             ] GC(24454) Concurrent Cycle
[2020-12-29T09:19:10.238-0500][gc,marking     ] GC(24454) Concurrent Clear Claimed Marks
[2020-12-29T09:19:10.238-0500][gc,marking     ] GC(24454) Concurrent Clear Claimed Marks 0.201ms
[2020-12-29T09:19:10.238-0500][gc,marking     ] GC(24454) Concurrent Scan Root Regions
[2020-12-29T09:19:10.239-0500][gc,marking     ] GC(24454) Concurrent Scan Root Regions 1.171ms
[2020-12-29T09:19:10.239-0500][gc,marking     ] GC(24454) Concurrent Mark (1701747.626s)
[2020-12-29T09:19:10.239-0500][gc,marking     ] GC(24454) Concurrent Mark From Roots
[2020-12-29T09:19:10.239-0500][gc,task        ] GC(24454) Using 2 workers of 2 for marking
[2020-12-29T09:19:10.301-0500][gc,marking     ] GC(24454) Concurrent Mark From Roots 61.493ms
[2020-12-29T09:19:10.301-0500][gc,marking     ] GC(24454) Concurrent Preclean
[2020-12-29T09:19:10.301-0500][gc,marking     ] GC(24454) Concurrent Preclean 0.180ms
[2020-12-29T09:19:10.301-0500][gc,marking     ] GC(24454) Concurrent Mark (1701747.626s, 1701747.688s) 61.764ms
[2020-12-29T09:19:10.301-0500][gc,start       ] GC(24454) Pause Remark
[2020-12-29T09:19:10.320-0500][gc,stringtable ] GC(24454) Cleaned string and symbol table, strings: 33323 processed, 0 removed, symbols: 120973 processed, 0 removed
[2020-12-29T09:19:10.320-0500][gc             ] GC(24454) Pause Remark 42M->42M(63M) 18.762ms
[2020-12-29T09:19:10.320-0500][gc,cpu         ] GC(24454) User=0.10s Sys=0.00s Real=0.02s
[2020-12-29T09:19:10.320-0500][gc,marking     ] GC(24454) Concurrent Rebuild Remembered Sets
[2020-12-29T09:19:10.343-0500][gc,marking     ] GC(24454) Concurrent Rebuild Remembered Sets 23.108ms
[2020-12-29T09:19:10.344-0500][gc,start       ] GC(24454) Pause Cleanup
[2020-12-29T09:19:10.344-0500][gc             ] GC(24454) Pause Cleanup 42M->42M(63M) 0.233ms
[2020-12-29T09:19:10.344-0500][gc,cpu         ] GC(24454) User=0.01s Sys=0.00s Real=0.00s
[2020-12-29T09:19:10.344-0500][gc,marking     ] GC(24454) Concurrent Cleanup for Next Mark
[2020-12-29T09:19:10.344-0500][gc,marking     ] GC(24454) Concurrent Cleanup for Next Mark 0.201ms
[2020-12-29T09:19:10.344-0500][gc             ] GC(24454) Concurrent Cycle 106.588ms
[2020-12-29T09:21:29.060-0500][gc,heap        ] GC(24455) Heap before GC invocations=24455 (full 5673): garbage-first heap   total 64512K, used 52646K [0x0000000083000000, 0x0000000100000000)
[2020-12-29T09:21:29.060-0500][gc,heap        ] GC(24455)   region size 1024K, 10 young (10240K), 1 survivors (1024K)
[2020-12-29T09:21:29.060-0500][gc,heap        ] GC(24455)  Metaspace       used 50336K, capacity 52472K, committed 53888K, reserved 1093632K
[2020-12-29T09:21:29.060-0500][gc,heap        ] GC(24455)   class space    used 7457K, capacity 8250K, committed 8832K, reserved 1048576K
[2020-12-29T09:21:29.060-0500][gc,start       ] GC(24455) Pause Young (Normal) (G1 Evacuation Pause)
[2020-12-29T09:21:29.060-0500][gc,task        ] GC(24455) Using 8 workers of 8 for evacuation
[2020-12-29T09:21:29.062-0500][gc,phases      ] GC(24455)   Pre Evacuate Collection Set: 0.0ms
[2020-12-29T09:21:29.062-0500][gc,phases      ] GC(24455)   Evacuate Collection Set: 0.8ms
[2020-12-29T09:21:29.062-0500][gc,phases      ] GC(24455)   Post Evacuate Collection Set: 1.1ms
[2020-12-29T09:21:29.062-0500][gc,phases      ] GC(24455)   Other: 0.4ms
[2020-12-29T09:21:29.062-0500][gc,heap        ] GC(24455) Eden regions: 9->0(9)
[2020-12-29T09:21:29.062-0500][gc,heap        ] GC(24455) Survivor regions: 1->1(2)
[2020-12-29T09:21:29.062-0500][gc,heap        ] GC(24455) Old regions: 41->41
[2020-12-29T09:21:29.062-0500][gc,heap        ] GC(24455) Humongous regions: 4->4
[2020-12-29T09:21:29.062-0500][gc,metaspace   ] GC(24455) Metaspace: 50336K->50336K(1093632K)
[2020-12-29T09:21:29.062-0500][gc,heap        ] GC(24455) Heap after GC invocations=24456 (full 5673): garbage-first heap   total 64512K, used 43449K [0x0000000083000000, 0x0000000100000000)
[2020-12-29T09:21:29.063-0500][gc,heap        ] GC(24455)   region size 1024K, 1 young (1024K), 1 survivors (1024K)
[2020-12-29T09:21:29.063-0500][gc,heap        ] GC(24455)  Metaspace       used 50336K, capacity 52472K, committed 53888K, reserved 1093632K
[2020-12-29T09:21:29.063-0500][gc,heap        ] GC(24455)   class space    used 7457K, capacity 8250K, committed 8832K, reserved 1048576K
[2020-12-29T09:21:29.063-0500][gc             ] GC(24455) Pause Young (Normal) (G1 Evacuation Pause) 51M->42M(63M) 2.210ms
[2020-12-29T09:21:29.063-0500][gc,cpu         ] GC(24455) User=0.00s Sys=0.01s Real=0.00s
[2020-12-29T09:21:45.190-0500][gc,task        ] GC(24456) Using 5 workers of 8 for full compaction
[2020-12-29T09:21:45.190-0500][gc,start       ] GC(24456) Pause Full (System.gc())
[2020-12-29T09:21:45.190-0500][gc,heap        ] GC(24456) Heap before GC invocations=24456 (full 5673): garbage-first heap   total 64512K, used 44473K [0x0000000083000000, 0x0000000100000000)
[2020-12-29T09:21:45.190-0500][gc,heap        ] GC(24456)   region size 1024K, 3 young (3072K), 1 survivors (1024K)
[2020-12-29T09:21:45.190-0500][gc,heap        ] GC(24456)  Metaspace       used 50336K, capacity 52472K, committed 53888K, reserved 1093632K
[2020-12-29T09:21:45.190-0500][gc,heap        ] GC(24456)   class space    used 7457K, capacity 8250K, committed 8832K, reserved 1048576K
[2020-12-29T09:21:45.191-0500][gc,phases,start] GC(24456) Phase 1: Mark live objects
[2020-12-29T09:21:45.211-0500][gc,stringtable ] GC(24456) Cleaned string and symbol table, strings: 33323 processed, 4 removed, symbols: 120973 processed, 0 removed
[2020-12-29T09:21:45.211-0500][gc,phases      ] GC(24456) Phase 1: Mark live objects 20.031ms
[2020-12-29T09:21:45.211-0500][gc,phases,start] GC(24456) Phase 2: Prepare for compaction
[2020-12-29T09:21:45.215-0500][gc,phases      ] GC(24456) Phase 2: Prepare for compaction 3.795ms
[2020-12-29T09:21:45.215-0500][gc,phases,start] GC(24456) Phase 3: Adjust pointers
[2020-12-29T09:21:45.225-0500][gc,phases      ] GC(24456) Phase 3: Adjust pointers 10.706ms
[2020-12-29T09:21:45.225-0500][gc,phases,start] GC(24456) Phase 4: Compact heap
[2020-12-29T09:21:45.229-0500][gc,phases      ] GC(24456) Phase 4: Compact heap 3.287ms
[2020-12-29T09:21:45.233-0500][gc,heap        ] GC(24456) Eden regions: 2->0(9)
[2020-12-29T09:21:45.233-0500][gc,heap        ] GC(24456) Survivor regions: 1->0(2)
[2020-12-29T09:21:45.233-0500][gc,heap        ] GC(24456) Old regions: 41->42
[2020-12-29T09:21:45.233-0500][gc,heap        ] GC(24456) Humongous regions: 4->4
[2020-12-29T09:21:45.233-0500][gc,metaspace   ] GC(24456) Metaspace: 50336K->50336K(1093632K)
[2020-12-29T09:21:45.233-0500][gc,heap        ] GC(24456) Heap after GC invocations=24457 (full 5674): garbage-first heap   total 64512K, used 43332K [0x0000000083000000, 0x0000000100000000)
[2020-12-29T09:21:45.233-0500][gc,heap        ] GC(24456)   region size 1024K, 0 young (0K), 0 survivors (0K)
[2020-12-29T09:21:45.233-0500][gc,heap        ] GC(24456)  Metaspace       used 50336K, capacity 52472K, committed 53888K, reserved 1093632K
[2020-12-29T09:21:45.233-0500][gc,heap        ] GC(24456)   class space    used 7457K, capacity 8250K, committed 8832K, reserved 1048576K
[2020-12-29T09:21:45.233-0500][gc             ] GC(24456) Pause Full (System.gc()) 43M->42M(63M) 43.026ms
[2020-12-29T09:21:45.233-0500][gc,cpu         ] GC(24456) User=0.18s Sys=0.00s Real=0.04s
[2020-12-29T09:23:59.062-0500][gc,heap        ] GC(24457) Heap before GC invocations=24457 (full 5674): garbage-first heap   total 64512K, used 52548K [0x0000000083000000, 0x0000000100000000)
[2020-12-29T09:23:59.062-0500][gc,heap        ] GC(24457)   region size 1024K, 9 young (9216K), 0 survivors (0K)
[2020-12-29T09:23:59.062-0500][gc,heap        ] GC(24457)  Metaspace       used 50336K, capacity 52472K, committed 53888K, reserved 1093632K
[2020-12-29T09:23:59.062-0500][gc,heap        ] GC(24457)   class space    used 7457K, capacity 8250K, committed 8832K, reserved 1048576K
[2020-12-29T09:23:59.062-0500][gc,start       ] GC(24457) Pause Young (Concurrent Start) (G1 Evacuation Pause)
[2020-12-29T09:23:59.062-0500][gc,task        ] GC(24457) Using 8 workers of 8 for evacuation
[2020-12-29T09:23:59.064-0500][gc,phases      ] GC(24457)   Pre Evacuate Collection Set: 0.2ms
[2020-12-29T09:23:59.064-0500][gc,phases      ] GC(24457)   Evacuate Collection Set: 1.3ms
[2020-12-29T09:23:59.064-0500][gc,phases      ] GC(24457)   Post Evacuate Collection Set: 1.1ms
[2020-12-29T09:23:59.064-0500][gc,phases      ] GC(24457)   Other: 0.2ms
[2020-12-29T09:23:59.065-0500][gc,heap        ] GC(24457) Eden regions: 9->0(8)
[2020-12-29T09:23:59.065-0500][gc,heap        ] GC(24457) Survivor regions: 0->1(2)
[2020-12-29T09:23:59.065-0500][gc,heap        ] GC(24457) Old regions: 42->42
[2020-12-29T09:23:59.065-0500][gc,heap        ] GC(24457) Humongous regions: 4->4
[2020-12-29T09:23:59.065-0500][gc,metaspace   ] GC(24457) Metaspace: 50336K->50336K(1093632K)
[2020-12-29T09:23:59.065-0500][gc,heap        ] GC(24457) Heap after GC invocations=24458 (full 5674): garbage-first heap   total 64512K, used 43392K [0x0000000083000000, 0x0000000100000000)
[2020-12-29T09:23:59.065-0500][gc,heap        ] GC(24457)   region size 1024K, 1 young (1024K), 1 survivors (1024K)
[2020-12-29T09:23:59.065-0500][gc,heap        ] GC(24457)  Metaspace       used 50336K, capacity 52472K, committed 53888K, reserved 1093632K
[2020-12-29T09:23:59.065-0500][gc,heap        ] GC(24457)   class space    used 7457K, capacity 8250K, committed 8832K, reserved 1048576K
[2020-12-29T09:23:59.065-0500][gc             ] GC(24457) Pause Young (Concurrent Start) (G1 Evacuation Pause) 51M->42M(63M) 2.853ms
[2020-12-29T09:23:59.065-0500][gc,cpu         ] GC(24457) User=0.00s Sys=0.01s Real=0.00s
[2020-12-29T09:23:59.065-0500][gc             ] GC(24458) Concurrent Cycle
[2020-12-29T09:23:59.065-0500][gc,marking     ] GC(24458) Concurrent Clear Claimed Marks
[2020-12-29T09:23:59.065-0500][gc,marking     ] GC(24458) Concurrent Clear Claimed Marks 0.135ms
[2020-12-29T09:23:59.065-0500][gc,marking     ] GC(24458) Concurrent Scan Root Regions
[2020-12-29T09:23:59.066-0500][gc,marking     ] GC(24458) Concurrent Scan Root Regions 0.695ms
[2020-12-29T09:23:59.066-0500][gc,marking     ] GC(24458) Concurrent Mark (1702036.453s)
[2020-12-29T09:23:59.066-0500][gc,marking     ] GC(24458) Concurrent Mark From Roots
[2020-12-29T09:23:59.066-0500][gc,task        ] GC(24458) Using 2 workers of 2 for marking
[2020-12-29T09:23:59.105-0500][gc,marking     ] GC(24458) Concurrent Mark From Roots 39.635ms
[2020-12-29T09:23:59.105-0500][gc,marking     ] GC(24458) Concurrent Preclean
[2020-12-29T09:23:59.106-0500][gc,marking     ] GC(24458) Concurrent Preclean 0.195ms
[2020-12-29T09:23:59.106-0500][gc,marking     ] GC(24458) Concurrent Mark (1702036.453s, 1702036.493s) 39.944ms
[2020-12-29T09:23:59.106-0500][gc,start       ] GC(24458) Pause Remark
[2020-12-29T09:23:59.110-0500][gc,stringtable ] GC(24458) Cleaned string and symbol table, strings: 33323 processed, 0 removed, symbols: 120973 processed, 0 removed
[2020-12-29T09:23:59.110-0500][gc             ] GC(24458) Pause Remark 42M->42M(63M) 4.548ms
[2020-12-29T09:23:59.111-0500][gc,cpu         ] GC(24458) User=0.03s Sys=0.00s Real=0.01s
[2020-12-29T09:23:59.111-0500][gc,marking     ] GC(24458) Concurrent Rebuild Remembered Sets
[2020-12-29T09:23:59.130-0500][gc,marking     ] GC(24458) Concurrent Rebuild Remembered Sets 18.861ms
[2020-12-29T09:23:59.130-0500][gc,start       ] GC(24458) Pause Cleanup
[2020-12-29T09:23:59.130-0500][gc             ] GC(24458) Pause Cleanup 42M->42M(63M) 0.187ms
[2020-12-29T09:23:59.130-0500][gc,cpu         ] GC(24458) User=0.00s Sys=0.00s Real=0.00s
[2020-12-29T09:23:59.130-0500][gc,marking     ] GC(24458) Concurrent Cleanup for Next Mark
[2020-12-29T09:23:59.130-0500][gc,marking     ] GC(24458) Concurrent Cleanup for Next Mark 0.141ms
[2020-12-29T09:23:59.130-0500][gc             ] GC(24458) Concurrent Cycle 65.758ms
[2020-12-29T09:25:59.064-0500][gc,heap        ] GC(24459) Heap before GC invocations=24459 (full 5674): garbage-first heap   total 64512K, used 51582K [0x0000000083000000, 0x0000000100000000)
[2020-12-29T09:25:59.064-0500][gc,heap        ] GC(24459)   region size 1024K, 9 young (9216K), 1 survivors (1024K)
[2020-12-29T09:25:59.064-0500][gc,heap        ] GC(24459)  Metaspace       used 50336K, capacity 52472K, committed 53888K, reserved 1093632K
[2020-12-29T09:25:59.064-0500][gc,heap        ] GC(24459)   class space    used 7457K, capacity 8250K, committed 8832K, reserved 1048576K
[2020-12-29T09:25:59.065-0500][gc,start       ] GC(24459) Pause Young (Normal) (G1 Evacuation Pause)
[2020-12-29T09:25:59.065-0500][gc,task        ] GC(24459) Using 8 workers of 8 for evacuation
[2020-12-29T09:25:59.067-0500][gc,phases      ] GC(24459)   Pre Evacuate Collection Set: 0.0ms
[2020-12-29T09:25:59.067-0500][gc,phases      ] GC(24459)   Evacuate Collection Set: 1.1ms
[2020-12-29T09:25:59.067-0500][gc,phases      ] GC(24459)   Post Evacuate Collection Set: 0.9ms
[2020-12-29T09:25:59.067-0500][gc,phases      ] GC(24459)   Other: 0.3ms
[2020-12-29T09:25:59.067-0500][gc,heap        ] GC(24459) Eden regions: 8->0(9)
[2020-12-29T09:25:59.067-0500][gc,heap        ] GC(24459) Survivor regions: 1->1(2)
[2020-12-29T09:25:59.067-0500][gc,heap        ] GC(24459) Old regions: 41->41
[2020-12-29T09:25:59.067-0500][gc,heap        ] GC(24459) Humongous regions: 4->4
[2020-12-29T09:25:59.067-0500][gc,metaspace   ] GC(24459) Metaspace: 50336K->50336K(1093632K)
[2020-12-29T09:25:59.067-0500][gc,heap        ] GC(24459) Heap after GC invocations=24460 (full 5674): garbage-first heap   total 64512K, used 43387K [0x0000000083000000, 0x0000000100000000)
[2020-12-29T09:25:59.067-0500][gc,heap        ] GC(24459)   region size 1024K, 1 young (1024K), 1 survivors (1024K)
[2020-12-29T09:25:59.067-0500][gc,heap        ] GC(24459)  Metaspace       used 50336K, capacity 52472K, committed 53888K, reserved 1093632K
[2020-12-29T09:25:59.067-0500][gc,heap        ] GC(24459)   class space    used 7457K, capacity 8250K, committed 8832K, reserved 1048576K
[2020-12-29T09:25:59.067-0500][gc             ] GC(24459) Pause Young (Normal) (G1 Evacuation Pause) 50M->42M(63M) 2.443ms
[2020-12-29T09:25:59.067-0500][gc,cpu         ] GC(24459) User=0.01s Sys=0.00s Real=0.00s
[2020-12-29T09:26:45.190-0500][gc,task        ] GC(24460) Using 5 workers of 8 for full compaction
[2020-12-29T09:26:45.190-0500][gc,start       ] GC(24460) Pause Full (System.gc())
[2020-12-29T09:26:45.190-0500][gc,heap        ] GC(24460) Heap before GC invocations=24460 (full 5674): garbage-first heap   total 64512K, used 44411K [0x0000000083000000, 0x0000000100000000)
[2020-12-29T09:26:45.190-0500][gc,heap        ] GC(24460)   region size 1024K, 4 young (4096K), 1 survivors (1024K)
[2020-12-29T09:26:45.190-0500][gc,heap        ] GC(24460)  Metaspace       used 50336K, capacity 52472K, committed 53888K, reserved 1093632K
[2020-12-29T09:26:45.190-0500][gc,heap        ] GC(24460)   class space    used 7457K, capacity 8250K, committed 8832K, reserved 1048576K
[2020-12-29T09:26:45.190-0500][gc,phases,start] GC(24460) Phase 1: Mark live objects
[2020-12-29T09:26:45.214-0500][gc,stringtable ] GC(24460) Cleaned string and symbol table, strings: 33323 processed, 4 removed, symbols: 120973 processed, 0 removed
[2020-12-29T09:26:45.214-0500][gc,phases      ] GC(24460) Phase 1: Mark live objects 23.819ms
[2020-12-29T09:26:45.214-0500][gc,phases,start] GC(24460) Phase 2: Prepare for compaction
[2020-12-29T09:26:45.218-0500][gc,phases      ] GC(24460) Phase 2: Prepare for compaction 4.232ms
[2020-12-29T09:26:45.218-0500][gc,phases,start] GC(24460) Phase 3: Adjust pointers
[2020-12-29T09:26:45.230-0500][gc,phases      ] GC(24460) Phase 3: Adjust pointers 12.186ms
[2020-12-29T09:26:45.230-0500][gc,phases,start] GC(24460) Phase 4: Compact heap
[2020-12-29T09:26:45.233-0500][gc,phases      ] GC(24460) Phase 4: Compact heap 2.759ms
[2020-12-29T09:26:45.238-0500][gc,heap        ] GC(24460) Eden regions: 3->0(10)
[2020-12-29T09:26:45.238-0500][gc,heap        ] GC(24460) Survivor regions: 1->0(2)
[2020-12-29T09:26:45.239-0500][gc,heap        ] GC(24460) Old regions: 41->41
[2020-12-29T09:26:45.239-0500][gc,heap        ] GC(24460) Humongous regions: 4->4
[2020-12-29T09:26:45.239-0500][gc,metaspace   ] GC(24460) Metaspace: 50336K->50336K(1093632K)
[2020-12-29T09:26:45.239-0500][gc,heap        ] GC(24460) Heap after GC invocations=24461 (full 5675): garbage-first heap   total 64512K, used 43344K [0x0000000083000000, 0x0000000100000000)
[2020-12-29T09:26:45.239-0500][gc,heap        ] GC(24460)   region size 1024K, 0 young (0K), 0 survivors (0K)
[2020-12-29T09:26:45.239-0500][gc,heap        ] GC(24460)  Metaspace       used 50336K, capacity 52472K, committed 53888K, reserved 1093632K
[2020-12-29T09:26:45.239-0500][gc,heap        ] GC(24460)   class space    used 7457K, capacity 8250K, committed 8832K, reserved 1048576K
[2020-12-29T09:26:45.239-0500][gc             ] GC(24460) Pause Full (System.gc()) 45M->42M(63M) 48.824ms
[2020-12-29T09:26:45.239-0500][gc,cpu         ] GC(24460) User=0.20s Sys=0.00s Real=0.05s
[2020-12-29T09:29:09.060-0500][gc,heap        ] GC(24461) Heap before GC invocations=24461 (full 5675): garbage-first heap   total 64512K, used 53584K [0x0000000083000000, 0x0000000100000000)
[2020-12-29T09:29:09.061-0500][gc,heap        ] GC(24461)   region size 1024K, 10 young (10240K), 0 survivors (0K)
[2020-12-29T09:29:09.061-0500][gc,heap        ] GC(24461)  Metaspace       used 50336K, capacity 52472K, committed 53888K, reserved 1093632K
[2020-12-29T09:29:09.061-0500][gc,heap        ] GC(24461)   class space    used 7457K, capacity 8250K, committed 8832K, reserved 1048576K
[2020-12-29T09:29:09.061-0500][gc,start       ] GC(24461) Pause Young (Concurrent Start) (G1 Evacuation Pause)
[2020-12-29T09:29:09.061-0500][gc,task        ] GC(24461) Using 8 workers of 8 for evacuation
[2020-12-29T09:29:09.066-0500][gc,phases      ] GC(24461)   Pre Evacuate Collection Set: 0.3ms
[2020-12-29T09:29:09.066-0500][gc,phases      ] GC(24461)   Evacuate Collection Set: 1.2ms
[2020-12-29T09:29:09.066-0500][gc,phases      ] GC(24461)   Post Evacuate Collection Set: 3.9ms
[2020-12-29T09:29:09.066-0500][gc,phases      ] GC(24461)   Other: 0.2ms
[2020-12-29T09:29:09.066-0500][gc,heap        ] GC(24461) Eden regions: 10->0(9)
[2020-12-29T09:29:09.066-0500][gc,heap        ] GC(24461) Survivor regions: 0->1(2)
[2020-12-29T09:29:09.066-0500][gc,heap        ] GC(24461) Old regions: 41->41
[2020-12-29T09:29:09.066-0500][gc,heap        ] GC(24461) Humongous regions: 4->4
[2020-12-29T09:29:09.066-0500][gc,metaspace   ] GC(24461) Metaspace: 50336K->50336K(1093632K)
[2020-12-29T09:29:09.066-0500][gc,heap        ] GC(24461) Heap after GC invocations=24462 (full 5675): garbage-first heap   total 64512K, used 43450K [0x0000000083000000, 0x0000000100000000)
[2020-12-29T09:29:09.066-0500][gc,heap        ] GC(24461)   region size 1024K, 1 young (1024K), 1 survivors (1024K)
[2020-12-29T09:29:09.066-0500][gc,heap        ] GC(24461)  Metaspace       used 50336K, capacity 52472K, committed 53888K, reserved 1093632K
[2020-12-29T09:29:09.066-0500][gc,heap        ] GC(24461)   class space    used 7457K, capacity 8250K, committed 8832K, reserved 1048576K
[2020-12-29T09:29:09.066-0500][gc             ] GC(24461) Pause Young (Concurrent Start) (G1 Evacuation Pause) 52M->42M(63M) 5.703ms
[2020-12-29T09:29:09.066-0500][gc,cpu         ] GC(24461) User=0.02s Sys=0.00s Real=0.00s
[2020-12-29T09:29:09.066-0500][gc             ] GC(24462) Concurrent Cycle
[2020-12-29T09:29:09.066-0500][gc,marking     ] GC(24462) Concurrent Clear Claimed Marks
[2020-12-29T09:29:09.067-0500][gc,marking     ] GC(24462) Concurrent Clear Claimed Marks 0.119ms
[2020-12-29T09:29:09.067-0500][gc,marking     ] GC(24462) Concurrent Scan Root Regions
[2020-12-29T09:29:09.067-0500][gc,marking     ] GC(24462) Concurrent Scan Root Regions 0.880ms
[2020-12-29T09:29:09.068-0500][gc,marking     ] GC(24462) Concurrent Mark (1702346.455s)
[2020-12-29T09:29:09.068-0500][gc,marking     ] GC(24462) Concurrent Mark From Roots
[2020-12-29T09:29:09.068-0500][gc,task        ] GC(24462) Using 2 workers of 2 for marking
[2020-12-29T09:29:09.106-0500][gc,marking     ] GC(24462) Concurrent Mark From Roots 38.901ms
[2020-12-29T09:29:09.106-0500][gc,marking     ] GC(24462) Concurrent Preclean
[2020-12-29T09:29:09.107-0500][gc,marking     ] GC(24462) Concurrent Preclean 0.156ms
[2020-12-29T09:29:09.107-0500][gc,marking     ] GC(24462) Concurrent Mark (1702346.455s, 1702346.494s) 39.130ms
[2020-12-29T09:29:09.107-0500][gc,start       ] GC(24462) Pause Remark
[2020-12-29T09:29:09.112-0500][gc,stringtable ] GC(24462) Cleaned string and symbol table, strings: 33323 processed, 0 removed, symbols: 120973 processed, 0 removed
[2020-12-29T09:29:09.113-0500][gc             ] GC(24462) Pause Remark 42M->42M(63M) 5.546ms
[2020-12-29T09:29:09.113-0500][gc,cpu         ] GC(24462) User=0.03s Sys=0.00s Real=0.01s
[2020-12-29T09:29:09.113-0500][gc,marking     ] GC(24462) Concurrent Rebuild Remembered Sets
[2020-12-29T09:29:09.134-0500][gc,marking     ] GC(24462) Concurrent Rebuild Remembered Sets 20.917ms
[2020-12-29T09:29:09.134-0500][gc,start       ] GC(24462) Pause Cleanup
[2020-12-29T09:29:09.134-0500][gc             ] GC(24462) Pause Cleanup 42M->42M(63M) 0.268ms
[2020-12-29T09:29:09.134-0500][gc,cpu         ] GC(24462) User=0.00s Sys=0.00s Real=0.00s
[2020-12-29T09:29:09.134-0500][gc,marking     ] GC(24462) Concurrent Cleanup for Next Mark
[2020-12-29T09:29:09.135-0500][gc,marking     ] GC(24462) Concurrent Cleanup for Next Mark 0.456ms
[2020-12-29T09:29:09.135-0500][gc             ] GC(24462) Concurrent Cycle 68.475ms
[2020-12-29T09:31:19.063-0500][gc,heap        ] GC(24463) Heap before GC invocations=24463 (full 5675): garbage-first heap   total 64512K, used 51642K [0x0000000083000000, 0x0000000100000000)
[2020-12-29T09:31:19.063-0500][gc,heap        ] GC(24463)   region size 1024K, 10 young (10240K), 1 survivors (1024K)
[2020-12-29T09:31:19.063-0500][gc,heap        ] GC(24463)  Metaspace       used 50336K, capacity 52472K, committed 53888K, reserved 1093632K
[2020-12-29T09:31:19.063-0500][gc,heap        ] GC(24463)   class space    used 7457K, capacity 8250K, committed 8832K, reserved 1048576K
[2020-12-29T09:31:19.063-0500][gc,start       ] GC(24463) Pause Young (Normal) (G1 Evacuation Pause)
[2020-12-29T09:31:19.063-0500][gc,task        ] GC(24463) Using 8 workers of 8 for evacuation
[2020-12-29T09:31:19.065-0500][gc,phases      ] GC(24463)   Pre Evacuate Collection Set: 0.0ms
[2020-12-29T09:31:19.065-0500][gc,phases      ] GC(24463)   Evacuate Collection Set: 0.7ms
[2020-12-29T09:31:19.065-0500][gc,phases      ] GC(24463)   Post Evacuate Collection Set: 0.7ms
[2020-12-29T09:31:19.065-0500][gc,phases      ] GC(24463)   Other: 0.2ms
[2020-12-29T09:31:19.065-0500][gc,heap        ] GC(24463) Eden regions: 9->0(9)
[2020-12-29T09:31:19.065-0500][gc,heap        ] GC(24463) Survivor regions: 1->1(2)
[2020-12-29T09:31:19.065-0500][gc,heap        ] GC(24463) Old regions: 41->41
[2020-12-29T09:31:19.065-0500][gc,heap        ] GC(24463) Humongous regions: 4->4
[2020-12-29T09:31:19.065-0500][gc,metaspace   ] GC(24463) Metaspace: 50336K->50336K(1093632K)
[2020-12-29T09:31:19.065-0500][gc,heap        ] GC(24463) Heap after GC invocations=24464 (full 5675): garbage-first heap   total 64512K, used 43428K [0x0000000083000000, 0x0000000100000000)
[2020-12-29T09:31:19.065-0500][gc,heap        ] GC(24463)   region size 1024K, 1 young (1024K), 1 survivors (1024K)
[2020-12-29T09:31:19.065-0500][gc,heap        ] GC(24463)  Metaspace       used 50336K, capacity 52472K, committed 53888K, reserved 1093632K
[2020-12-29T09:31:19.065-0500][gc,heap        ] GC(24463)   class space    used 7457K, capacity 8250K, committed 8832K, reserved 1048576K
[2020-12-29T09:31:19.065-0500][gc             ] GC(24463) Pause Young (Normal) (G1 Evacuation Pause) 51M->42M(63M) 1.764ms
[2020-12-29T09:31:19.065-0500][gc,cpu         ] GC(24463) User=0.00s Sys=0.00s Real=0.00s
[2020-12-29T09:31:45.191-0500][gc,task        ] GC(24464) Using 5 workers of 8 for full compaction
[2020-12-29T09:31:45.191-0500][gc,start       ] GC(24464) Pause Full (System.gc())
[2020-12-29T09:31:45.191-0500][gc,heap        ] GC(24464) Heap before GC invocations=24464 (full 5675): garbage-first heap   total 64512K, used 44452K [0x0000000083000000, 0x0000000100000000)
[2020-12-29T09:31:45.191-0500][gc,heap        ] GC(24464)   region size 1024K, 3 young (3072K), 1 survivors (1024K)
[2020-12-29T09:31:45.191-0500][gc,heap        ] GC(24464)  Metaspace       used 50336K, capacity 52472K, committed 53888K, reserved 1093632K
[2020-12-29T09:31:45.191-0500][gc,heap        ] GC(24464)   class space    used 7457K, capacity 8250K, committed 8832K, reserved 1048576K
[2020-12-29T09:31:45.191-0500][gc,phases,start] GC(24464) Phase 1: Mark live objects
[2020-12-29T09:31:45.211-0500][gc,stringtable ] GC(24464) Cleaned string and symbol table, strings: 33323 processed, 4 removed, symbols: 120973 processed, 0 removed
[2020-12-29T09:31:45.211-0500][gc,phases      ] GC(24464) Phase 1: Mark live objects 20.291ms
[2020-12-29T09:31:45.211-0500][gc,phases,start] GC(24464) Phase 2: Prepare for compaction
[2020-12-29T09:31:45.216-0500][gc,phases      ] GC(24464) Phase 2: Prepare for compaction 4.157ms
[2020-12-29T09:31:45.216-0500][gc,phases,start] GC(24464) Phase 3: Adjust pointers
[2020-12-29T09:31:45.228-0500][gc,phases      ] GC(24464) Phase 3: Adjust pointers 12.227ms
[2020-12-29T09:31:45.228-0500][gc,phases,start] GC(24464) Phase 4: Compact heap
[2020-12-29T09:31:45.232-0500][gc,phases      ] GC(24464) Phase 4: Compact heap 3.731ms
[2020-12-29T09:31:45.237-0500][gc,heap        ] GC(24464) Eden regions: 2->0(10)
[2020-12-29T09:31:45.237-0500][gc,heap        ] GC(24464) Survivor regions: 1->0(2)
[2020-12-29T09:31:45.237-0500][gc,heap        ] GC(24464) Old regions: 41->41
[2020-12-29T09:31:45.237-0500][gc,heap        ] GC(24464) Humongous regions: 4->4
[2020-12-29T09:31:45.237-0500][gc,metaspace   ] GC(24464) Metaspace: 50336K->50336K(1093632K)
[2020-12-29T09:31:45.237-0500][gc,heap        ] GC(24464) Heap after GC invocations=24465 (full 5676): garbage-first heap   total 64512K, used 43337K [0x0000000083000000, 0x0000000100000000)
[2020-12-29T09:31:45.237-0500][gc,heap        ] GC(24464)   region size 1024K, 0 young (0K), 0 survivors (0K)
[2020-12-29T09:31:45.237-0500][gc,heap        ] GC(24464)  Metaspace       used 50336K, capacity 52472K, committed 53888K, reserved 1093632K
[2020-12-29T09:31:45.237-0500][gc,heap        ] GC(24464)   class space    used 7457K, capacity 8250K, committed 8832K, reserved 1048576K
[2020-12-29T09:31:45.237-0500][gc             ] GC(24464) Pause Full (System.gc()) 43M->42M(63M) 46.050ms
[2020-12-29T09:31:45.237-0500][gc,cpu         ] GC(24464) User=0.18s Sys=0.00s Real=0.04s
[2020-12-29T09:34:19.060-0500][gc,heap        ] GC(24465) Heap before GC invocations=24465 (full 5676): garbage-first heap   total 64512K, used 53577K [0x0000000083000000, 0x0000000100000000)
[2020-12-29T09:34:19.060-0500][gc,heap        ] GC(24465)   region size 1024K, 10 young (10240K), 0 survivors (0K)
[2020-12-29T09:34:19.060-0500][gc,heap        ] GC(24465)  Metaspace       used 50336K, capacity 52472K, committed 53888K, reserved 1093632K
[2020-12-29T09:34:19.060-0500][gc,heap        ] GC(24465)   class space    used 7457K, capacity 8250K, committed 8832K, reserved 1048576K
[2020-12-29T09:34:19.061-0500][gc,start       ] GC(24465) Pause Young (Concurrent Start) (G1 Evacuation Pause)
[2020-12-29T09:34:19.061-0500][gc,task        ] GC(24465) Using 8 workers of 8 for evacuation
[2020-12-29T09:34:19.066-0500][gc,phases      ] GC(24465)   Pre Evacuate Collection Set: 0.3ms
[2020-12-29T09:34:19.067-0500][gc,phases      ] GC(24465)   Evacuate Collection Set: 2.4ms
[2020-12-29T09:34:19.067-0500][gc,phases      ] GC(24465)   Post Evacuate Collection Set: 2.7ms
[2020-12-29T09:34:19.067-0500][gc,phases      ] GC(24465)   Other: 0.8ms
[2020-12-29T09:34:19.067-0500][gc,heap        ] GC(24465) Eden regions: 10->0(9)
[2020-12-29T09:34:19.067-0500][gc,heap        ] GC(24465) Survivor regions: 0->1(2)
[2020-12-29T09:34:19.067-0500][gc,heap        ] GC(24465) Old regions: 41->41
[2020-12-29T09:34:19.067-0500][gc,heap        ] GC(24465) Humongous regions: 4->4
[2020-12-29T09:34:19.067-0500][gc,metaspace   ] GC(24465) Metaspace: 50336K->50336K(1093632K)
[2020-12-29T09:34:19.067-0500][gc,heap        ] GC(24465) Heap after GC invocations=24466 (full 5676): garbage-first heap   total 64512K, used 43413K [0x0000000083000000, 0x0000000100000000)
[2020-12-29T09:34:19.067-0500][gc,heap        ] GC(24465)   region size 1024K, 1 young (1024K), 1 survivors (1024K)
[2020-12-29T09:34:19.067-0500][gc,heap        ] GC(24465)  Metaspace       used 50336K, capacity 52472K, committed 53888K, reserved 1093632K
[2020-12-29T09:34:19.067-0500][gc,heap        ] GC(24465)   class space    used 7457K, capacity 8250K, committed 8832K, reserved 1048576K
[2020-12-29T09:34:19.067-0500][gc             ] GC(24465) Pause Young (Concurrent Start) (G1 Evacuation Pause) 52M->42M(63M) 6.416ms
[2020-12-29T09:34:19.067-0500][gc,cpu         ] GC(24465) User=0.02s Sys=0.00s Real=0.00s
[2020-12-29T09:34:19.067-0500][gc             ] GC(24466) Concurrent Cycle
[2020-12-29T09:34:19.067-0500][gc,marking     ] GC(24466) Concurrent Clear Claimed Marks
[2020-12-29T09:34:19.068-0500][gc,marking     ] GC(24466) Concurrent Clear Claimed Marks 0.200ms
[2020-12-29T09:34:19.068-0500][gc,marking     ] GC(24466) Concurrent Scan Root Regions
[2020-12-29T09:34:19.069-0500][gc,marking     ] GC(24466) Concurrent Scan Root Regions 1.705ms
[2020-12-29T09:34:19.069-0500][gc,marking     ] GC(24466) Concurrent Mark (1702656.456s)
[2020-12-29T09:34:19.069-0500][gc,marking     ] GC(24466) Concurrent Mark From Roots
[2020-12-29T09:34:19.069-0500][gc,task        ] GC(24466) Using 2 workers of 2 for marking
[2020-12-29T09:34:19.131-0500][gc,marking     ] GC(24466) Concurrent Mark From Roots 61.520ms
[2020-12-29T09:34:19.131-0500][gc,marking     ] GC(24466) Concurrent Preclean
[2020-12-29T09:34:19.131-0500][gc,marking     ] GC(24466) Concurrent Preclean 0.159ms
[2020-12-29T09:34:19.131-0500][gc,marking     ] GC(24466) Concurrent Mark (1702656.456s, 1702656.518s) 61.784ms
[2020-12-29T09:34:19.131-0500][gc,start       ] GC(24466) Pause Remark
[2020-12-29T09:34:19.135-0500][gc,stringtable ] GC(24466) Cleaned string and symbol table, strings: 33323 processed, 0 removed, symbols: 120973 processed, 0 removed
[2020-12-29T09:34:19.136-0500][gc             ] GC(24466) Pause Remark 42M->42M(63M) 4.341ms
[2020-12-29T09:34:19.136-0500][gc,cpu         ] GC(24466) User=0.02s Sys=0.00s Real=0.00s
[2020-12-29T09:34:19.136-0500][gc,marking     ] GC(24466) Concurrent Rebuild Remembered Sets
[2020-12-29T09:34:19.160-0500][gc,marking     ] GC(24466) Concurrent Rebuild Remembered Sets 24.085ms
[2020-12-29T09:34:19.161-0500][gc,start       ] GC(24466) Pause Cleanup
[2020-12-29T09:34:19.161-0500][gc             ] GC(24466) Pause Cleanup 42M->42M(63M) 0.278ms
[2020-12-29T09:34:19.161-0500][gc,cpu         ] GC(24466) User=0.00s Sys=0.00s Real=0.00s
[2020-12-29T09:34:19.161-0500][gc,marking     ] GC(24466) Concurrent Cleanup for Next Mark
[2020-12-29T09:34:19.161-0500][gc,marking     ] GC(24466) Concurrent Cleanup for Next Mark 0.273ms
[2020-12-29T09:34:19.161-0500][gc             ] GC(24466) Concurrent Cycle 94.193ms
[2020-12-29T09:36:29.068-0500][gc,heap        ] GC(24467) Heap before GC invocations=24467 (full 5676): garbage-first heap   total 64512K, used 52629K [0x0000000083000000, 0x0000000100000000)
[2020-12-29T09:36:29.068-0500][gc,heap        ] GC(24467)   region size 1024K, 10 young (10240K), 1 survivors (1024K)
[2020-12-29T09:36:29.068-0500][gc,heap        ] GC(24467)  Metaspace       used 50336K, capacity 52472K, committed 53888K, reserved 1093632K
[2020-12-29T09:36:29.068-0500][gc,heap        ] GC(24467)   class space    used 7457K, capacity 8250K, committed 8832K, reserved 1048576K
[2020-12-29T09:36:29.068-0500][gc,start       ] GC(24467) Pause Young (Normal) (G1 Evacuation Pause)
[2020-12-29T09:36:29.068-0500][gc,task        ] GC(24467) Using 8 workers of 8 for evacuation
[2020-12-29T09:36:29.075-0500][gc,phases      ] GC(24467)   Pre Evacuate Collection Set: 0.0ms
[2020-12-29T09:36:29.075-0500][gc,phases      ] GC(24467)   Evacuate Collection Set: 3.9ms
[2020-12-29T09:36:29.075-0500][gc,phases      ] GC(24467)   Post Evacuate Collection Set: 2.9ms
[2020-12-29T09:36:29.075-0500][gc,phases      ] GC(24467)   Other: 0.5ms
[2020-12-29T09:36:29.075-0500][gc,heap        ] GC(24467) Eden regions: 9->0(9)
[2020-12-29T09:36:29.075-0500][gc,heap        ] GC(24467) Survivor regions: 1->1(2)
[2020-12-29T09:36:29.075-0500][gc,heap        ] GC(24467) Old regions: 41->41
[2020-12-29T09:36:29.075-0500][gc,heap        ] GC(24467) Humongous regions: 4->4
[2020-12-29T09:36:29.075-0500][gc,metaspace   ] GC(24467) Metaspace: 50336K->50336K(1093632K)
[2020-12-29T09:36:29.075-0500][gc,heap        ] GC(24467) Heap after GC invocations=24468 (full 5676): garbage-first heap   total 64512K, used 43407K [0x0000000083000000, 0x0000000100000000)
[2020-12-29T09:36:29.075-0500][gc,heap        ] GC(24467)   region size 1024K, 1 young (1024K), 1 survivors (1024K)
[2020-12-29T09:36:29.075-0500][gc,heap        ] GC(24467)  Metaspace       used 50336K, capacity 52472K, committed 53888K, reserved 1093632K
[2020-12-29T09:36:29.075-0500][gc,heap        ] GC(24467)   class space    used 7457K, capacity 8250K, committed 8832K, reserved 1048576K
[2020-12-29T09:36:29.076-0500][gc             ] GC(24467) Pause Young (Normal) (G1 Evacuation Pause) 51M->42M(63M) 7.500ms
[2020-12-29T09:36:29.076-0500][gc,cpu         ] GC(24467) User=0.03s Sys=0.01s Real=0.00s
[2020-12-29T09:36:45.190-0500][gc,task        ] GC(24468) Using 5 workers of 8 for full compaction
[2020-12-29T09:36:45.190-0500][gc,start       ] GC(24468) Pause Full (System.gc())
[2020-12-29T09:36:45.190-0500][gc,heap        ] GC(24468) Heap before GC invocations=24468 (full 5676): garbage-first heap   total 64512K, used 44431K [0x0000000083000000, 0x0000000100000000)
[2020-12-29T09:36:45.190-0500][gc,heap        ] GC(24468)   region size 1024K, 3 young (3072K), 1 survivors (1024K)
[2020-12-29T09:36:45.190-0500][gc,heap        ] GC(24468)  Metaspace       used 50336K, capacity 52472K, committed 53888K, reserved 1093632K
[2020-12-29T09:36:45.190-0500][gc,heap        ] GC(24468)   class space    used 7457K, capacity 8250K, committed 8832K, reserved 1048576K
[2020-12-29T09:36:45.190-0500][gc,phases,start] GC(24468) Phase 1: Mark live objects
[2020-12-29T09:36:45.209-0500][gc,stringtable ] GC(24468) Cleaned string and symbol table, strings: 33323 processed, 4 removed, symbols: 120973 processed, 0 removed
[2020-12-29T09:36:45.210-0500][gc,phases      ] GC(24468) Phase 1: Mark live objects 19.097ms
[2020-12-29T09:36:45.210-0500][gc,phases,start] GC(24468) Phase 2: Prepare for compaction
[2020-12-29T09:36:45.213-0500][gc,phases      ] GC(24468) Phase 2: Prepare for compaction 3.398ms
[2020-12-29T09:36:45.213-0500][gc,phases,start] GC(24468) Phase 3: Adjust pointers
[2020-12-29T09:36:45.224-0500][gc,phases      ] GC(24468) Phase 3: Adjust pointers 11.355ms
[2020-12-29T09:36:45.224-0500][gc,phases,start] GC(24468) Phase 4: Compact heap
[2020-12-29T09:36:45.228-0500][gc,phases      ] GC(24468) Phase 4: Compact heap 3.116ms
[2020-12-29T09:36:45.232-0500][gc,heap        ] GC(24468) Eden regions: 2->0(10)
[2020-12-29T09:36:45.232-0500][gc,heap        ] GC(24468) Survivor regions: 1->0(2)
[2020-12-29T09:36:45.232-0500][gc,heap        ] GC(24468) Old regions: 41->41
[2020-12-29T09:36:45.232-0500][gc,heap        ] GC(24468) Humongous regions: 4->4
[2020-12-29T09:36:45.232-0500][gc,metaspace   ] GC(24468) Metaspace: 50336K->50336K(1093632K)
[2020-12-29T09:36:45.232-0500][gc,heap        ] GC(24468) Heap after GC invocations=24469 (full 5677): garbage-first heap   total 64512K, used 43330K [0x0000000083000000, 0x0000000100000000)
[2020-12-29T09:36:45.232-0500][gc,heap        ] GC(24468)   region size 1024K, 0 young (0K), 0 survivors (0K)
[2020-12-29T09:36:45.232-0500][gc,heap        ] GC(24468)  Metaspace       used 50336K, capacity 52472K, committed 53888K, reserved 1093632K
[2020-12-29T09:36:45.232-0500][gc,heap        ] GC(24468)   class space    used 7457K, capacity 8250K, committed 8832K, reserved 1048576K
[2020-12-29T09:36:45.232-0500][gc             ] GC(24468) Pause Full (System.gc()) 43M->42M(63M) 41.943ms
[2020-12-29T09:36:45.232-0500][gc,cpu         ] GC(24468) User=0.17s Sys=0.00s Real=0.04s
[2020-12-29T09:39:00.906-0500][gc,heap        ] GC(24469) Heap before GC invocations=24469 (full 5677): garbage-first heap   total 64512K, used 52546K [0x0000000083000000, 0x0000000100000000)
[2020-12-29T09:39:00.906-0500][gc,heap        ] GC(24469)   region size 1024K, 10 young (10240K), 0 survivors (0K)
[2020-12-29T09:39:00.906-0500][gc,heap        ] GC(24469)  Metaspace       used 50336K, capacity 52472K, committed 53888K, reserved 1093632K
[2020-12-29T09:39:00.906-0500][gc,heap        ] GC(24469)   class space    used 7457K, capacity 8250K, committed 8832K, reserved 1048576K
[2020-12-29T09:39:00.906-0500][gc,start       ] GC(24469) Pause Young (Concurrent Start) (G1 Evacuation Pause)
[2020-12-29T09:39:00.906-0500][gc,task        ] GC(24469) Using 8 workers of 8 for evacuation
[2020-12-29T09:39:00.910-0500][gc,phases      ] GC(24469)   Pre Evacuate Collection Set: 0.3ms
[2020-12-29T09:39:00.910-0500][gc,phases      ] GC(24469)   Evacuate Collection Set: 1.6ms
[2020-12-29T09:39:00.910-0500][gc,phases      ] GC(24469)   Post Evacuate Collection Set: 1.4ms
[2020-12-29T09:39:00.910-0500][gc,phases      ] GC(24469)   Other: 0.4ms
[2020-12-29T09:39:00.910-0500][gc,heap        ] GC(24469) Eden regions: 10->0(9)
[2020-12-29T09:39:00.910-0500][gc,heap        ] GC(24469) Survivor regions: 0->1(2)
[2020-12-29T09:39:00.910-0500][gc,heap        ] GC(24469) Old regions: 41->41
[2020-12-29T09:39:00.910-0500][gc,heap        ] GC(24469) Humongous regions: 4->4
[2020-12-29T09:39:00.910-0500][gc,metaspace   ] GC(24469) Metaspace: 50336K->50336K(1093632K)
[2020-12-29T09:39:00.910-0500][gc,heap        ] GC(24469) Heap after GC invocations=24470 (full 5677): garbage-first heap   total 64512K, used 43415K [0x0000000083000000, 0x0000000100000000)
[2020-12-29T09:39:00.910-0500][gc,heap        ] GC(24469)   region size 1024K, 1 young (1024K), 1 survivors (1024K)
[2020-12-29T09:39:00.910-0500][gc,heap        ] GC(24469)  Metaspace       used 50336K, capacity 52472K, committed 53888K, reserved 1093632K
[2020-12-29T09:39:00.910-0500][gc,heap        ] GC(24469)   class space    used 7457K, capacity 8250K, committed 8832K, reserved 1048576K
[2020-12-29T09:39:00.910-0500][gc             ] GC(24469) Pause Young (Concurrent Start) (G1 Evacuation Pause) 52M->42M(63M) 3.785ms
[2020-12-29T09:39:00.910-0500][gc,cpu         ] GC(24469) User=0.01s Sys=0.01s Real=0.01s
[2020-12-29T09:39:00.910-0500][gc             ] GC(24470) Concurrent Cycle
[2020-12-29T09:39:00.910-0500][gc,marking     ] GC(24470) Concurrent Clear Claimed Marks
[2020-12-29T09:39:00.911-0500][gc,marking     ] GC(24470) Concurrent Clear Claimed Marks 0.209ms
[2020-12-29T09:39:00.911-0500][gc,marking     ] GC(24470) Concurrent Scan Root Regions
[2020-12-29T09:39:00.912-0500][gc,marking     ] GC(24470) Concurrent Scan Root Regions 1.008ms
[2020-12-29T09:39:00.912-0500][gc,marking     ] GC(24470) Concurrent Mark (1702938.299s)
[2020-12-29T09:39:00.912-0500][gc,marking     ] GC(24470) Concurrent Mark From Roots
[2020-12-29T09:39:00.912-0500][gc,task        ] GC(24470) Using 2 workers of 2 for marking
[2020-12-29T09:39:00.963-0500][gc,marking     ] GC(24470) Concurrent Mark From Roots 51.697ms
[2020-12-29T09:39:00.963-0500][gc,marking     ] GC(24470) Concurrent Preclean
[2020-12-29T09:39:00.964-0500][gc,marking     ] GC(24470) Concurrent Preclean 0.160ms
[2020-12-29T09:39:00.964-0500][gc,marking     ] GC(24470) Concurrent Mark (1702938.299s, 1702938.351s) 51.939ms
[2020-12-29T09:39:00.964-0500][gc,start       ] GC(24470) Pause Remark
[2020-12-29T09:39:00.970-0500][gc,stringtable ] GC(24470) Cleaned string and symbol table, strings: 33323 processed, 0 removed, symbols: 120973 processed, 0 removed
[2020-12-29T09:39:00.971-0500][gc             ] GC(24470) Pause Remark 42M->42M(63M) 7.213ms
[2020-12-29T09:39:00.971-0500][gc,cpu         ] GC(24470) User=0.03s Sys=0.00s Real=0.01s
[2020-12-29T09:39:00.971-0500][gc,marking     ] GC(24470) Concurrent Rebuild Remembered Sets
[2020-12-29T09:39:00.996-0500][gc,marking     ] GC(24470) Concurrent Rebuild Remembered Sets 24.676ms
[2020-12-29T09:39:00.996-0500][gc,start       ] GC(24470) Pause Cleanup
[2020-12-29T09:39:00.997-0500][gc             ] GC(24470) Pause Cleanup 42M->42M(63M) 0.244ms
[2020-12-29T09:39:00.997-0500][gc,cpu         ] GC(24470) User=0.00s Sys=0.00s Real=0.00s
[2020-12-29T09:39:00.997-0500][gc,marking     ] GC(24470) Concurrent Cleanup for Next Mark
[2020-12-29T09:39:00.997-0500][gc,marking     ] GC(24470) Concurrent Cleanup for Next Mark 0.194ms
[2020-12-29T09:39:00.997-0500][gc             ] GC(24470) Concurrent Cycle 86.741ms
[2020-12-29T09:41:11.789-0500][gc,heap        ] GC(24471) Heap before GC invocations=24471 (full 5677): garbage-first heap   total 64512K, used 51607K [0x0000000083000000, 0x0000000100000000)
[2020-12-29T09:41:11.789-0500][gc,heap        ] GC(24471)   region size 1024K, 10 young (10240K), 1 survivors (1024K)
[2020-12-29T09:41:11.789-0500][gc,heap        ] GC(24471)  Metaspace       used 50336K, capacity 52472K, committed 53888K, reserved 1093632K
[2020-12-29T09:41:11.789-0500][gc,heap        ] GC(24471)   class space    used 7457K, capacity 8250K, committed 8832K, reserved 1048576K
[2020-12-29T09:41:11.789-0500][gc,start       ] GC(24471) Pause Young (Normal) (G1 Evacuation Pause)
[2020-12-29T09:41:11.789-0500][gc,task        ] GC(24471) Using 8 workers of 8 for evacuation
[2020-12-29T09:41:11.793-0500][gc,phases      ] GC(24471)   Pre Evacuate Collection Set: 0.0ms
[2020-12-29T09:41:11.793-0500][gc,phases      ] GC(24471)   Evacuate Collection Set: 1.0ms
[2020-12-29T09:41:11.793-0500][gc,phases      ] GC(24471)   Post Evacuate Collection Set: 2.9ms
[2020-12-29T09:41:11.793-0500][gc,phases      ] GC(24471)   Other: 0.3ms
[2020-12-29T09:41:11.793-0500][gc,heap        ] GC(24471) Eden regions: 9->0(9)
[2020-12-29T09:41:11.793-0500][gc,heap        ] GC(24471) Survivor regions: 1->1(2)
[2020-12-29T09:41:11.793-0500][gc,heap        ] GC(24471) Old regions: 41->41
[2020-12-29T09:41:11.793-0500][gc,heap        ] GC(24471) Humongous regions: 4->4
[2020-12-29T09:41:11.793-0500][gc,metaspace   ] GC(24471) Metaspace: 50336K->50336K(1093632K)
[2020-12-29T09:41:11.793-0500][gc,heap        ] GC(24471) Heap after GC invocations=24472 (full 5677): garbage-first heap   total 64512K, used 43403K [0x0000000083000000, 0x0000000100000000)
[2020-12-29T09:41:11.793-0500][gc,heap        ] GC(24471)   region size 1024K, 1 young (1024K), 1 survivors (1024K)
[2020-12-29T09:41:11.793-0500][gc,heap        ] GC(24471)  Metaspace       used 50336K, capacity 52472K, committed 53888K, reserved 1093632K
[2020-12-29T09:41:11.793-0500][gc,heap        ] GC(24471)   class space    used 7457K, capacity 8250K, committed 8832K, reserved 1048576K
[2020-12-29T09:41:11.793-0500][gc             ] GC(24471) Pause Young (Normal) (G1 Evacuation Pause) 51M->42M(63M) 4.303ms
[2020-12-29T09:41:11.793-0500][gc,cpu         ] GC(24471) User=0.02s Sys=0.00s Real=0.00s
[2020-12-29T09:41:45.190-0500][gc,task        ] GC(24472) Using 5 workers of 8 for full compaction
[2020-12-29T09:41:45.190-0500][gc,start       ] GC(24472) Pause Full (System.gc())
[2020-12-29T09:41:45.190-0500][gc,heap        ] GC(24472) Heap before GC invocations=24472 (full 5677): garbage-first heap   total 64512K, used 45451K [0x0000000083000000, 0x0000000100000000)
[2020-12-29T09:41:45.190-0500][gc,heap        ] GC(24472)   region size 1024K, 4 young (4096K), 1 survivors (1024K)
[2020-12-29T09:41:45.190-0500][gc,heap        ] GC(24472)  Metaspace       used 50336K, capacity 52472K, committed 53888K, reserved 1093632K
[2020-12-29T09:41:45.190-0500][gc,heap        ] GC(24472)   class space    used 7457K, capacity 8250K, committed 8832K, reserved 1048576K
[2020-12-29T09:41:45.190-0500][gc,phases,start] GC(24472) Phase 1: Mark live objects
[2020-12-29T09:41:45.229-0500][gc,stringtable ] GC(24472) Cleaned string and symbol table, strings: 33323 processed, 4 removed, symbols: 120973 processed, 0 removed
[2020-12-29T09:41:45.229-0500][gc,phases      ] GC(24472) Phase 1: Mark live objects 38.747ms
[2020-12-29T09:41:45.229-0500][gc,phases,start] GC(24472) Phase 2: Prepare for compaction
[2020-12-29T09:41:45.233-0500][gc,phases      ] GC(24472) Phase 2: Prepare for compaction 3.780ms
[2020-12-29T09:41:45.233-0500][gc,phases,start] GC(24472) Phase 3: Adjust pointers
[2020-12-29T09:41:45.244-0500][gc,phases      ] GC(24472) Phase 3: Adjust pointers 11.019ms
[2020-12-29T09:41:45.244-0500][gc,phases,start] GC(24472) Phase 4: Compact heap
[2020-12-29T09:41:45.247-0500][gc,phases      ] GC(24472) Phase 4: Compact heap 3.049ms
[2020-12-29T09:41:45.252-0500][gc,heap        ] GC(24472) Eden regions: 3->0(9)
[2020-12-29T09:41:45.252-0500][gc,heap        ] GC(24472) Survivor regions: 1->0(2)
[2020-12-29T09:41:45.252-0500][gc,heap        ] GC(24472) Old regions: 41->42
[2020-12-29T09:41:45.252-0500][gc,heap        ] GC(24472) Humongous regions: 4->4
[2020-12-29T09:41:45.252-0500][gc,metaspace   ] GC(24472) Metaspace: 50336K->50336K(1093632K)
[2020-12-29T09:41:45.252-0500][gc,heap        ] GC(24472) Heap after GC invocations=24473 (full 5678): garbage-first heap   total 64512K, used 43334K [0x0000000083000000, 0x0000000100000000)
[2020-12-29T09:41:45.252-0500][gc,heap        ] GC(24472)   region size 1024K, 0 young (0K), 0 survivors (0K)
[2020-12-29T09:41:45.252-0500][gc,heap        ] GC(24472)  Metaspace       used 50336K, capacity 52472K, committed 53888K, reserved 1093632K
[2020-12-29T09:41:45.252-0500][gc,heap        ] GC(24472)   class space    used 7457K, capacity 8250K, committed 8832K, reserved 1048576K
[2020-12-29T09:41:45.252-0500][gc             ] GC(24472) Pause Full (System.gc()) 44M->42M(63M) 61.921ms
[2020-12-29T09:41:45.252-0500][gc,cpu         ] GC(24472) User=0.27s Sys=0.00s Real=0.06s
[2020-12-29T09:43:59.070-0500][gc,heap        ] GC(24473) Heap before GC invocations=24473 (full 5678): garbage-first heap   total 64512K, used 52550K [0x0000000083000000, 0x0000000100000000)
[2020-12-29T09:43:59.070-0500][gc,heap        ] GC(24473)   region size 1024K, 9 young (9216K), 0 survivors (0K)
[2020-12-29T09:43:59.070-0500][gc,heap        ] GC(24473)  Metaspace       used 50336K, capacity 52472K, committed 53888K, reserved 1093632K
[2020-12-29T09:43:59.071-0500][gc,heap        ] GC(24473)   class space    used 7457K, capacity 8250K, committed 8832K, reserved 1048576K
[2020-12-29T09:43:59.071-0500][gc,start       ] GC(24473) Pause Young (Concurrent Start) (G1 Evacuation Pause)
[2020-12-29T09:43:59.071-0500][gc,task        ] GC(24473) Using 8 workers of 8 for evacuation
[2020-12-29T09:43:59.078-0500][gc,phases      ] GC(24473)   Pre Evacuate Collection Set: 0.6ms
[2020-12-29T09:43:59.078-0500][gc,phases      ] GC(24473)   Evacuate Collection Set: 3.8ms
[2020-12-29T09:43:59.078-0500][gc,phases      ] GC(24473)   Post Evacuate Collection Set: 2.9ms
[2020-12-29T09:43:59.078-0500][gc,phases      ] GC(24473)   Other: 0.5ms
[2020-12-29T09:43:59.078-0500][gc,heap        ] GC(24473) Eden regions: 9->0(8)
[2020-12-29T09:43:59.078-0500][gc,heap        ] GC(24473) Survivor regions: 0->1(2)
[2020-12-29T09:43:59.078-0500][gc,heap        ] GC(24473) Old regions: 42->42
[2020-12-29T09:43:59.078-0500][gc,heap        ] GC(24473) Humongous regions: 4->4
[2020-12-29T09:43:59.078-0500][gc,metaspace   ] GC(24473) Metaspace: 50336K->50336K(1093632K)
[2020-12-29T09:43:59.078-0500][gc,heap        ] GC(24473) Heap after GC invocations=24474 (full 5678): garbage-first heap   total 64512K, used 43385K [0x0000000083000000, 0x0000000100000000)
[2020-12-29T09:43:59.078-0500][gc,heap        ] GC(24473)   region size 1024K, 1 young (1024K), 1 survivors (1024K)
[2020-12-29T09:43:59.078-0500][gc,heap        ] GC(24473)  Metaspace       used 50336K, capacity 52472K, committed 53888K, reserved 1093632K
[2020-12-29T09:43:59.079-0500][gc,heap        ] GC(24473)   class space    used 7457K, capacity 8250K, committed 8832K, reserved 1048576K
[2020-12-29T09:43:59.079-0500][gc             ] GC(24473) Pause Young (Concurrent Start) (G1 Evacuation Pause) 51M->42M(63M) 7.962ms
[2020-12-29T09:43:59.079-0500][gc,cpu         ] GC(24473) User=0.02s Sys=0.00s Real=0.01s
[2020-12-29T09:43:59.079-0500][gc             ] GC(24474) Concurrent Cycle
[2020-12-29T09:43:59.079-0500][gc,marking     ] GC(24474) Concurrent Clear Claimed Marks
[2020-12-29T09:43:59.079-0500][gc,marking     ] GC(24474) Concurrent Clear Claimed Marks 0.268ms
[2020-12-29T09:43:59.079-0500][gc,marking     ] GC(24474) Concurrent Scan Root Regions
[2020-12-29T09:43:59.081-0500][gc,marking     ] GC(24474) Concurrent Scan Root Regions 1.963ms
[2020-12-29T09:43:59.081-0500][gc,marking     ] GC(24474) Concurrent Mark (1703236.468s)
[2020-12-29T09:43:59.081-0500][gc,marking     ] GC(24474) Concurrent Mark From Roots
[2020-12-29T09:43:59.081-0500][gc,task        ] GC(24474) Using 2 workers of 2 for marking
[2020-12-29T09:43:59.147-0500][gc,marking     ] GC(24474) Concurrent Mark From Roots 65.263ms
[2020-12-29T09:43:59.147-0500][gc,marking     ] GC(24474) Concurrent Preclean
[2020-12-29T09:43:59.147-0500][gc,marking     ] GC(24474) Concurrent Preclean 0.161ms
[2020-12-29T09:43:59.147-0500][gc,marking     ] GC(24474) Concurrent Mark (1703236.468s, 1703236.534s) 65.535ms
[2020-12-29T09:43:59.147-0500][gc,start       ] GC(24474) Pause Remark
[2020-12-29T09:43:59.152-0500][gc,stringtable ] GC(24474) Cleaned string and symbol table, strings: 33323 processed, 0 removed, symbols: 120973 processed, 0 removed
[2020-12-29T09:43:59.153-0500][gc             ] GC(24474) Pause Remark 42M->42M(63M) 5.428ms
[2020-12-29T09:43:59.153-0500][gc,cpu         ] GC(24474) User=0.02s Sys=0.00s Real=0.01s
[2020-12-29T09:43:59.153-0500][gc,marking     ] GC(24474) Concurrent Rebuild Remembered Sets
[2020-12-29T09:43:59.171-0500][gc,marking     ] GC(24474) Concurrent Rebuild Remembered Sets 18.651ms
[2020-12-29T09:43:59.172-0500][gc,start       ] GC(24474) Pause Cleanup
[2020-12-29T09:43:59.172-0500][gc             ] GC(24474) Pause Cleanup 42M->42M(63M) 0.240ms
[2020-12-29T09:43:59.172-0500][gc,cpu         ] GC(24474) User=0.00s Sys=0.00s Real=0.00s
[2020-12-29T09:43:59.172-0500][gc,marking     ] GC(24474) Concurrent Cleanup for Next Mark
[2020-12-29T09:43:59.172-0500][gc,marking     ] GC(24474) Concurrent Cleanup for Next Mark 0.237ms
[2020-12-29T09:43:59.172-0500][gc             ] GC(24474) Concurrent Cycle 93.599ms
[2020-12-29T09:45:59.062-0500][gc,heap        ] GC(24475) Heap before GC invocations=24475 (full 5678): garbage-first heap   total 64512K, used 51571K [0x0000000083000000, 0x0000000100000000)
[2020-12-29T09:45:59.062-0500][gc,heap        ] GC(24475)   region size 1024K, 9 young (9216K), 1 survivors (1024K)
[2020-12-29T09:45:59.062-0500][gc,heap        ] GC(24475)  Metaspace       used 50336K, capacity 52472K, committed 53888K, reserved 1093632K
[2020-12-29T09:45:59.062-0500][gc,heap        ] GC(24475)   class space    used 7457K, capacity 8250K, committed 8832K, reserved 1048576K
[2020-12-29T09:45:59.062-0500][gc,start       ] GC(24475) Pause Young (Normal) (G1 Evacuation Pause)
[2020-12-29T09:45:59.062-0500][gc,task        ] GC(24475) Using 8 workers of 8 for evacuation
[2020-12-29T09:45:59.066-0500][gc,phases      ] GC(24475)   Pre Evacuate Collection Set: 0.0ms
[2020-12-29T09:45:59.066-0500][gc,phases      ] GC(24475)   Evacuate Collection Set: 1.6ms
[2020-12-29T09:45:59.066-0500][gc,phases      ] GC(24475)   Post Evacuate Collection Set: 1.8ms
[2020-12-29T09:45:59.066-0500][gc,phases      ] GC(24475)   Other: 0.6ms
[2020-12-29T09:45:59.066-0500][gc,heap        ] GC(24475) Eden regions: 8->0(9)
[2020-12-29T09:45:59.066-0500][gc,heap        ] GC(24475) Survivor regions: 1->1(2)
[2020-12-29T09:45:59.066-0500][gc,heap        ] GC(24475) Old regions: 41->41
[2020-12-29T09:45:59.066-0500][gc,heap        ] GC(24475) Humongous regions: 4->4
[2020-12-29T09:45:59.066-0500][gc,metaspace   ] GC(24475) Metaspace: 50336K->50336K(1093632K)
[2020-12-29T09:45:59.066-0500][gc,heap        ] GC(24475) Heap after GC invocations=24476 (full 5678): garbage-first heap   total 64512K, used 43415K [0x0000000083000000, 0x0000000100000000)
[2020-12-29T09:45:59.066-0500][gc,heap        ] GC(24475)   region size 1024K, 1 young (1024K), 1 survivors (1024K)
[2020-12-29T09:45:59.066-0500][gc,heap        ] GC(24475)  Metaspace       used 50336K, capacity 52472K, committed 53888K, reserved 1093632K
[2020-12-29T09:45:59.066-0500][gc,heap        ] GC(24475)   class space    used 7457K, capacity 8250K, committed 8832K, reserved 1048576K
[2020-12-29T09:45:59.066-0500][gc             ] GC(24475) Pause Young (Normal) (G1 Evacuation Pause) 50M->42M(63M) 4.181ms
[2020-12-29T09:45:59.066-0500][gc,cpu         ] GC(24475) User=0.02s Sys=0.00s Real=0.00s
[2020-12-29T09:46:45.192-0500][gc,task        ] GC(24476) Using 5 workers of 8 for full compaction
[2020-12-29T09:46:45.192-0500][gc,start       ] GC(24476) Pause Full (System.gc())
[2020-12-29T09:46:45.192-0500][gc,heap        ] GC(24476) Heap before GC invocations=24476 (full 5678): garbage-first heap   total 64512K, used 45463K [0x0000000083000000, 0x0000000100000000)
[2020-12-29T09:46:45.192-0500][gc,heap        ] GC(24476)   region size 1024K, 5 young (5120K), 1 survivors (1024K)
[2020-12-29T09:46:45.192-0500][gc,heap        ] GC(24476)  Metaspace       used 50336K, capacity 52472K, committed 53888K, reserved 1093632K
[2020-12-29T09:46:45.192-0500][gc,heap        ] GC(24476)   class space    used 7457K, capacity 8250K, committed 8832K, reserved 1048576K
[2020-12-29T09:46:45.193-0500][gc,phases,start] GC(24476) Phase 1: Mark live objects
[2020-12-29T09:46:45.235-0500][gc,stringtable ] GC(24476) Cleaned string and symbol table, strings: 33323 processed, 4 removed, symbols: 120973 processed, 0 removed
[2020-12-29T09:46:45.235-0500][gc,phases      ] GC(24476) Phase 1: Mark live objects 42.165ms
[2020-12-29T09:46:45.235-0500][gc,phases,start] GC(24476) Phase 2: Prepare for compaction
[2020-12-29T09:46:45.239-0500][gc,phases      ] GC(24476) Phase 2: Prepare for compaction 4.411ms
[2020-12-29T09:46:45.239-0500][gc,phases,start] GC(24476) Phase 3: Adjust pointers
[2020-12-29T09:46:45.253-0500][gc,phases      ] GC(24476) Phase 3: Adjust pointers 13.377ms
[2020-12-29T09:46:45.253-0500][gc,phases,start] GC(24476) Phase 4: Compact heap
[2020-12-29T09:46:45.256-0500][gc,phases      ] GC(24476) Phase 4: Compact heap 2.838ms
[2020-12-29T09:46:45.260-0500][gc,heap        ] GC(24476) Eden regions: 4->0(9)
[2020-12-29T09:46:45.260-0500][gc,heap        ] GC(24476) Survivor regions: 1->0(2)
[2020-12-29T09:46:45.260-0500][gc,heap        ] GC(24476) Old regions: 41->42
[2020-12-29T09:46:45.260-0500][gc,heap        ] GC(24476) Humongous regions: 4->4
[2020-12-29T09:46:45.260-0500][gc,metaspace   ] GC(24476) Metaspace: 50336K->50336K(1093632K)
[2020-12-29T09:46:45.260-0500][gc,heap        ] GC(24476) Heap after GC invocations=24477 (full 5679): garbage-first heap   total 64512K, used 43344K [0x0000000083000000, 0x0000000100000000)
[2020-12-29T09:46:45.260-0500][gc,heap        ] GC(24476)   region size 1024K, 0 young (0K), 0 survivors (0K)
[2020-12-29T09:46:45.260-0500][gc,heap        ] GC(24476)  Metaspace       used 50336K, capacity 52472K, committed 53888K, reserved 1093632K
[2020-12-29T09:46:45.260-0500][gc,heap        ] GC(24476)   class space    used 7457K, capacity 8250K, committed 8832K, reserved 1048576K
[2020-12-29T09:46:45.260-0500][gc             ] GC(24476) Pause Full (System.gc()) 45M->42M(63M) 68.211ms
[2020-12-29T09:46:45.260-0500][gc,cpu         ] GC(24476) User=0.28s Sys=0.00s Real=0.07s
[2020-12-29T09:48:59.060-0500][gc,heap        ] GC(24477) Heap before GC invocations=24477 (full 5679): garbage-first heap   total 64512K, used 52560K [0x0000000083000000, 0x0000000100000000)
[2020-12-29T09:48:59.060-0500][gc,heap        ] GC(24477)   region size 1024K, 9 young (9216K), 0 survivors (0K)
[2020-12-29T09:48:59.060-0500][gc,heap        ] GC(24477)  Metaspace       used 50336K, capacity 52472K, committed 53888K, reserved 1093632K
[2020-12-29T09:48:59.060-0500][gc,heap        ] GC(24477)   class space    used 7457K, capacity 8250K, committed 8832K, reserved 1048576K
[2020-12-29T09:48:59.060-0500][gc,start       ] GC(24477) Pause Young (Concurrent Start) (G1 Evacuation Pause)
[2020-12-29T09:48:59.060-0500][gc,task        ] GC(24477) Using 8 workers of 8 for evacuation
[2020-12-29T09:48:59.069-0500][gc,phases      ] GC(24477)   Pre Evacuate Collection Set: 0.4ms
[2020-12-29T09:48:59.069-0500][gc,phases      ] GC(24477)   Evacuate Collection Set: 3.2ms
[2020-12-29T09:48:59.069-0500][gc,phases      ] GC(24477)   Post Evacuate Collection Set: 4.4ms
[2020-12-29T09:48:59.069-0500][gc,phases      ] GC(24477)   Other: 0.6ms
[2020-12-29T09:48:59.069-0500][gc,heap        ] GC(24477) Eden regions: 9->0(8)
[2020-12-29T09:48:59.069-0500][gc,heap        ] GC(24477) Survivor regions: 0->1(2)
[2020-12-29T09:48:59.069-0500][gc,heap        ] GC(24477) Old regions: 42->42
[2020-12-29T09:48:59.069-0500][gc,heap        ] GC(24477) Humongous regions: 4->4
[2020-12-29T09:48:59.069-0500][gc,metaspace   ] GC(24477) Metaspace: 50336K->50336K(1093632K)
[2020-12-29T09:48:59.069-0500][gc,heap        ] GC(24477) Heap after GC invocations=24478 (full 5679): garbage-first heap   total 64512K, used 43417K [0x0000000083000000, 0x0000000100000000)
[2020-12-29T09:48:59.069-0500][gc,heap        ] GC(24477)   region size 1024K, 1 young (1024K), 1 survivors (1024K)
[2020-12-29T09:48:59.069-0500][gc,heap        ] GC(24477)  Metaspace       used 50336K, capacity 52472K, committed 53888K, reserved 1093632K
[2020-12-29T09:48:59.069-0500][gc,heap        ] GC(24477)   class space    used 7457K, capacity 8250K, committed 8832K, reserved 1048576K
[2020-12-29T09:48:59.069-0500][gc             ] GC(24477) Pause Young (Concurrent Start) (G1 Evacuation Pause) 51M->42M(63M) 9.272ms
[2020-12-29T09:48:59.070-0500][gc,cpu         ] GC(24477) User=0.02s Sys=0.00s Real=0.01s
[2020-12-29T09:48:59.070-0500][gc             ] GC(24478) Concurrent Cycle
[2020-12-29T09:48:59.070-0500][gc,marking     ] GC(24478) Concurrent Clear Claimed Marks
[2020-12-29T09:48:59.070-0500][gc,marking     ] GC(24478) Concurrent Clear Claimed Marks 0.328ms
[2020-12-29T09:48:59.071-0500][gc,marking     ] GC(24478) Concurrent Scan Root Regions
[2020-12-29T09:48:59.073-0500][gc,marking     ] GC(24478) Concurrent Scan Root Regions 2.132ms
[2020-12-29T09:48:59.073-0500][gc,marking     ] GC(24478) Concurrent Mark (1703536.460s)
[2020-12-29T09:48:59.073-0500][gc,marking     ] GC(24478) Concurrent Mark From Roots
[2020-12-29T09:48:59.073-0500][gc,task        ] GC(24478) Using 2 workers of 2 for marking
[2020-12-29T09:48:59.130-0500][gc,marking     ] GC(24478) Concurrent Mark From Roots 56.945ms
[2020-12-29T09:48:59.130-0500][gc,marking     ] GC(24478) Concurrent Preclean
[2020-12-29T09:48:59.130-0500][gc,marking     ] GC(24478) Concurrent Preclean 0.196ms
[2020-12-29T09:48:59.130-0500][gc,marking     ] GC(24478) Concurrent Mark (1703536.460s, 1703536.517s) 57.270ms
[2020-12-29T09:48:59.130-0500][gc,start       ] GC(24478) Pause Remark
[2020-12-29T09:48:59.135-0500][gc,stringtable ] GC(24478) Cleaned string and symbol table, strings: 33323 processed, 0 removed, symbols: 120973 processed, 0 removed
[2020-12-29T09:48:59.136-0500][gc             ] GC(24478) Pause Remark 43M->43M(63M) 5.401ms
[2020-12-29T09:48:59.136-0500][gc,cpu         ] GC(24478) User=0.03s Sys=0.00s Real=0.00s
[2020-12-29T09:48:59.136-0500][gc,marking     ] GC(24478) Concurrent Rebuild Remembered Sets
[2020-12-29T09:48:59.153-0500][gc,marking     ] GC(24478) Concurrent Rebuild Remembered Sets 17.541ms
[2020-12-29T09:48:59.154-0500][gc,start       ] GC(24478) Pause Cleanup
[2020-12-29T09:48:59.154-0500][gc             ] GC(24478) Pause Cleanup 43M->43M(63M) 0.248ms
[2020-12-29T09:48:59.154-0500][gc,cpu         ] GC(24478) User=0.00s Sys=0.00s Real=0.00s
[2020-12-29T09:48:59.154-0500][gc,marking     ] GC(24478) Concurrent Cleanup for Next Mark
[2020-12-29T09:48:59.154-0500][gc,marking     ] GC(24478) Concurrent Cleanup for Next Mark 0.151ms
[2020-12-29T09:48:59.154-0500][gc             ] GC(24478) Concurrent Cycle 84.323ms
[2020-12-29T09:50:51.017-0500][gc,heap        ] GC(24479) Heap before GC invocations=24479 (full 5679): garbage-first heap   total 64512K, used 50585K [0x0000000083000000, 0x0000000100000000)
[2020-12-29T09:50:51.017-0500][gc,heap        ] GC(24479)   region size 1024K, 9 young (9216K), 1 survivors (1024K)
[2020-12-29T09:50:51.017-0500][gc,heap        ] GC(24479)  Metaspace       used 50336K, capacity 52472K, committed 53888K, reserved 1093632K
[2020-12-29T09:50:51.017-0500][gc,heap        ] GC(24479)   class space    used 7457K, capacity 8250K, committed 8832K, reserved 1048576K
[2020-12-29T09:50:51.017-0500][gc,start       ] GC(24479) Pause Young (Normal) (G1 Evacuation Pause)
[2020-12-29T09:50:51.017-0500][gc,task        ] GC(24479) Using 8 workers of 8 for evacuation
[2020-12-29T09:50:51.019-0500][gc,phases      ] GC(24479)   Pre Evacuate Collection Set: 0.0ms
[2020-12-29T09:50:51.019-0500][gc,phases      ] GC(24479)   Evacuate Collection Set: 0.8ms
[2020-12-29T09:50:51.019-0500][gc,phases      ] GC(24479)   Post Evacuate Collection Set: 1.1ms
[2020-12-29T09:50:51.019-0500][gc,phases      ] GC(24479)   Other: 0.3ms
[2020-12-29T09:50:51.019-0500][gc,heap        ] GC(24479) Eden regions: 8->0(8)
[2020-12-29T09:50:51.019-0500][gc,heap        ] GC(24479) Survivor regions: 1->1(2)
[2020-12-29T09:50:51.019-0500][gc,heap        ] GC(24479) Old regions: 42->42
[2020-12-29T09:50:51.019-0500][gc,heap        ] GC(24479) Humongous regions: 4->4
[2020-12-29T09:50:51.019-0500][gc,metaspace   ] GC(24479) Metaspace: 50336K->50336K(1093632K)
[2020-12-29T09:50:51.019-0500][gc,heap        ] GC(24479) Heap after GC invocations=24480 (full 5679): garbage-first heap   total 64512K, used 43403K [0x0000000083000000, 0x0000000100000000)
[2020-12-29T09:50:51.019-0500][gc,heap        ] GC(24479)   region size 1024K, 1 young (1024K), 1 survivors (1024K)
[2020-12-29T09:50:51.019-0500][gc,heap        ] GC(24479)  Metaspace       used 50336K, capacity 52472K, committed 53888K, reserved 1093632K
[2020-12-29T09:50:51.019-0500][gc,heap        ] GC(24479)   class space    used 7457K, capacity 8250K, committed 8832K, reserved 1048576K
[2020-12-29T09:50:51.019-0500][gc             ] GC(24479) Pause Young (Normal) (G1 Evacuation Pause) 50M->42M(63M) 2.426ms
[2020-12-29T09:50:51.019-0500][gc,cpu         ] GC(24479) User=0.00s Sys=0.01s Real=0.01s
[2020-12-29T09:51:45.189-0500][gc,task        ] GC(24480) Using 5 workers of 8 for full compaction
[2020-12-29T09:51:45.189-0500][gc,start       ] GC(24480) Pause Full (System.gc())
[2020-12-29T09:51:45.189-0500][gc,heap        ] GC(24480) Heap before GC invocations=24480 (full 5679): garbage-first heap   total 64512K, used 46475K [0x0000000083000000, 0x0000000100000000)
[2020-12-29T09:51:45.189-0500][gc,heap        ] GC(24480)   region size 1024K, 5 young (5120K), 1 survivors (1024K)
[2020-12-29T09:51:45.189-0500][gc,heap        ] GC(24480)  Metaspace       used 50336K, capacity 52472K, committed 53888K, reserved 1093632K
[2020-12-29T09:51:45.190-0500][gc,heap        ] GC(24480)   class space    used 7457K, capacity 8250K, committed 8832K, reserved 1048576K
[2020-12-29T09:51:45.190-0500][gc,phases,start] GC(24480) Phase 1: Mark live objects
[2020-12-29T09:51:45.233-0500][gc,stringtable ] GC(24480) Cleaned string and symbol table, strings: 33323 processed, 4 removed, symbols: 120973 processed, 0 removed
[2020-12-29T09:51:45.233-0500][gc,phases      ] GC(24480) Phase 1: Mark live objects 42.879ms
[2020-12-29T09:51:45.233-0500][gc,phases,start] GC(24480) Phase 2: Prepare for compaction
[2020-12-29T09:51:45.237-0500][gc,phases      ] GC(24480) Phase 2: Prepare for compaction 3.988ms
[2020-12-29T09:51:45.237-0500][gc,phases,start] GC(24480) Phase 3: Adjust pointers
[2020-12-29T09:51:45.247-0500][gc,phases      ] GC(24480) Phase 3: Adjust pointers 9.794ms
[2020-12-29T09:51:45.247-0500][gc,phases,start] GC(24480) Phase 4: Compact heap
[2020-12-29T09:51:45.250-0500][gc,phases      ] GC(24480) Phase 4: Compact heap 2.864ms
[2020-12-29T09:51:45.254-0500][gc,heap        ] GC(24480) Eden regions: 4->0(9)
[2020-12-29T09:51:45.254-0500][gc,heap        ] GC(24480) Survivor regions: 1->0(2)
[2020-12-29T09:51:45.254-0500][gc,heap        ] GC(24480) Old regions: 42->42
[2020-12-29T09:51:45.254-0500][gc,heap        ] GC(24480) Humongous regions: 4->4
[2020-12-29T09:51:45.254-0500][gc,metaspace   ] GC(24480) Metaspace: 50336K->50336K(1093632K)
[2020-12-29T09:51:45.254-0500][gc,heap        ] GC(24480) Heap after GC invocations=24481 (full 5680): garbage-first heap   total 64512K, used 43347K [0x0000000083000000, 0x0000000100000000)
[2020-12-29T09:51:45.254-0500][gc,heap        ] GC(24480)   region size 1024K, 0 young (0K), 0 survivors (0K)
[2020-12-29T09:51:45.254-0500][gc,heap        ] GC(24480)  Metaspace       used 50336K, capacity 52472K, committed 53888K, reserved 1093632K
[2020-12-29T09:51:45.254-0500][gc,heap        ] GC(24480)   class space    used 7457K, capacity 8250K, committed 8832K, reserved 1048576K
[2020-12-29T09:51:45.254-0500][gc             ] GC(24480) Pause Full (System.gc()) 45M->42M(63M) 64.901ms
[2020-12-29T09:51:45.254-0500][gc,cpu         ] GC(24480) User=0.29s Sys=0.00s Real=0.06s
[2020-12-29T09:53:59.063-0500][gc,heap        ] GC(24481) Heap before GC invocations=24481 (full 5680): garbage-first heap   total 64512K, used 51539K [0x0000000083000000, 0x0000000100000000)
[2020-12-29T09:53:59.063-0500][gc,heap        ] GC(24481)   region size 1024K, 9 young (9216K), 0 survivors (0K)
[2020-12-29T09:53:59.063-0500][gc,heap        ] GC(24481)  Metaspace       used 50336K, capacity 52472K, committed 53888K, reserved 1093632K
[2020-12-29T09:53:59.063-0500][gc,heap        ] GC(24481)   class space    used 7457K, capacity 8250K, committed 8832K, reserved 1048576K
[2020-12-29T09:53:59.063-0500][gc,start       ] GC(24481) Pause Young (Concurrent Start) (G1 Evacuation Pause)
[2020-12-29T09:53:59.063-0500][gc,task        ] GC(24481) Using 8 workers of 8 for evacuation
[2020-12-29T09:53:59.069-0500][gc,phases      ] GC(24481)   Pre Evacuate Collection Set: 0.3ms
[2020-12-29T09:53:59.069-0500][gc,phases      ] GC(24481)   Evacuate Collection Set: 2.9ms
[2020-12-29T09:53:59.069-0500][gc,phases      ] GC(24481)   Post Evacuate Collection Set: 2.4ms
[2020-12-29T09:53:59.069-0500][gc,phases      ] GC(24481)   Other: 0.5ms
[2020-12-29T09:53:59.069-0500][gc,heap        ] GC(24481) Eden regions: 9->0(8)
[2020-12-29T09:53:59.069-0500][gc,heap        ] GC(24481) Survivor regions: 0->1(2)
[2020-12-29T09:53:59.069-0500][gc,heap        ] GC(24481) Old regions: 42->42
[2020-12-29T09:53:59.069-0500][gc,heap        ] GC(24481) Humongous regions: 4->4
[2020-12-29T09:53:59.069-0500][gc,metaspace   ] GC(24481) Metaspace: 50336K->50336K(1093632K)
[2020-12-29T09:53:59.069-0500][gc,heap        ] GC(24481) Heap after GC invocations=24482 (full 5680): garbage-first heap   total 64512K, used 43438K [0x0000000083000000, 0x0000000100000000)
[2020-12-29T09:53:59.069-0500][gc,heap        ] GC(24481)   region size 1024K, 1 young (1024K), 1 survivors (1024K)
[2020-12-29T09:53:59.069-0500][gc,heap        ] GC(24481)  Metaspace       used 50336K, capacity 52472K, committed 53888K, reserved 1093632K
[2020-12-29T09:53:59.069-0500][gc,heap        ] GC(24481)   class space    used 7457K, capacity 8250K, committed 8832K, reserved 1048576K
[2020-12-29T09:53:59.070-0500][gc             ] GC(24481) Pause Young (Concurrent Start) (G1 Evacuation Pause) 51M->42M(63M) 6.469ms
[2020-12-29T09:53:59.070-0500][gc,cpu         ] GC(24481) User=0.01s Sys=0.01s Real=0.01s
[2020-12-29T09:53:59.070-0500][gc             ] GC(24482) Concurrent Cycle
[2020-12-29T09:53:59.070-0500][gc,marking     ] GC(24482) Concurrent Clear Claimed Marks
[2020-12-29T09:53:59.070-0500][gc,marking     ] GC(24482) Concurrent Clear Claimed Marks 0.204ms
[2020-12-29T09:53:59.070-0500][gc,marking     ] GC(24482) Concurrent Scan Root Regions
[2020-12-29T09:53:59.074-0500][gc,marking     ] GC(24482) Concurrent Scan Root Regions 3.816ms
[2020-12-29T09:53:59.074-0500][gc,marking     ] GC(24482) Concurrent Mark (1703836.461s)
[2020-12-29T09:53:59.074-0500][gc,marking     ] GC(24482) Concurrent Mark From Roots
[2020-12-29T09:53:59.074-0500][gc,task        ] GC(24482) Using 2 workers of 2 for marking
[2020-12-29T09:53:59.133-0500][gc,marking     ] GC(24482) Concurrent Mark From Roots 58.787ms
[2020-12-29T09:53:59.133-0500][gc,marking     ] GC(24482) Concurrent Preclean
[2020-12-29T09:53:59.133-0500][gc,marking     ] GC(24482) Concurrent Preclean 0.154ms
[2020-12-29T09:53:59.133-0500][gc,marking     ] GC(24482) Concurrent Mark (1703836.461s, 1703836.520s) 59.034ms
[2020-12-29T09:53:59.134-0500][gc,start       ] GC(24482) Pause Remark
[2020-12-29T09:53:59.140-0500][gc,stringtable ] GC(24482) Cleaned string and symbol table, strings: 33323 processed, 0 removed, symbols: 120973 processed, 0 removed
[2020-12-29T09:53:59.141-0500][gc             ] GC(24482) Pause Remark 42M->42M(63M) 7.003ms
[2020-12-29T09:53:59.141-0500][gc,cpu         ] GC(24482) User=0.03s Sys=0.00s Real=0.01s
[2020-12-29T09:53:59.141-0500][gc,marking     ] GC(24482) Concurrent Rebuild Remembered Sets
[2020-12-29T09:53:59.163-0500][gc,marking     ] GC(24482) Concurrent Rebuild Remembered Sets 22.128ms
[2020-12-29T09:53:59.163-0500][gc,start       ] GC(24482) Pause Cleanup
[2020-12-29T09:53:59.163-0500][gc             ] GC(24482) Pause Cleanup 42M->42M(63M) 0.209ms
[2020-12-29T09:53:59.163-0500][gc,cpu         ] GC(24482) User=0.00s Sys=0.00s Real=0.00s
[2020-12-29T09:53:59.164-0500][gc,marking     ] GC(24482) Concurrent Cleanup for Next Mark
[2020-12-29T09:53:59.164-0500][gc,marking     ] GC(24482) Concurrent Cleanup for Next Mark 0.211ms
[2020-12-29T09:53:59.164-0500][gc             ] GC(24482) Concurrent Cycle 93.919ms
[2020-12-29T09:55:51.827-0500][gc,heap        ] GC(24483) Heap before GC invocations=24483 (full 5680): garbage-first heap   total 64512K, used 50606K [0x0000000083000000, 0x0000000100000000)
[2020-12-29T09:55:51.827-0500][gc,heap        ] GC(24483)   region size 1024K, 9 young (9216K), 1 survivors (1024K)
[2020-12-29T09:55:51.827-0500][gc,heap        ] GC(24483)  Metaspace       used 50336K, capacity 52472K, committed 53888K, reserved 1093632K
[2020-12-29T09:55:51.827-0500][gc,heap        ] GC(24483)   class space    used 7457K, capacity 8250K, committed 8832K, reserved 1048576K
[2020-12-29T09:55:51.827-0500][gc,start       ] GC(24483) Pause Young (Normal) (G1 Evacuation Pause)
[2020-12-29T09:55:51.828-0500][gc,task        ] GC(24483) Using 8 workers of 8 for evacuation
[2020-12-29T09:55:51.838-0500][gc,phases      ] GC(24483)   Pre Evacuate Collection Set: 0.0ms
[2020-12-29T09:55:51.838-0500][gc,phases      ] GC(24483)   Evacuate Collection Set: 7.4ms
[2020-12-29T09:55:51.838-0500][gc,phases      ] GC(24483)   Post Evacuate Collection Set: 2.3ms
[2020-12-29T09:55:51.838-0500][gc,phases      ] GC(24483)   Other: 0.8ms
[2020-12-29T09:55:51.838-0500][gc,heap        ] GC(24483) Eden regions: 8->0(8)
[2020-12-29T09:55:51.838-0500][gc,heap        ] GC(24483) Survivor regions: 1->1(2)
[2020-12-29T09:55:51.838-0500][gc,heap        ] GC(24483) Old regions: 42->42
[2020-12-29T09:55:51.838-0500][gc,heap        ] GC(24483) Humongous regions: 4->4
[2020-12-29T09:55:51.838-0500][gc,metaspace   ] GC(24483) Metaspace: 50336K->50336K(1093632K)
[2020-12-29T09:55:51.838-0500][gc,heap        ] GC(24483) Heap after GC invocations=24484 (full 5680): garbage-first heap   total 64512K, used 43411K [0x0000000083000000, 0x0000000100000000)
[2020-12-29T09:55:51.838-0500][gc,heap        ] GC(24483)   region size 1024K, 1 young (1024K), 1 survivors (1024K)
[2020-12-29T09:55:51.838-0500][gc,heap        ] GC(24483)  Metaspace       used 50336K, capacity 52472K, committed 53888K, reserved 1093632K
[2020-12-29T09:55:51.838-0500][gc,heap        ] GC(24483)   class space    used 7457K, capacity 8250K, committed 8832K, reserved 1048576K
[2020-12-29T09:55:51.838-0500][gc             ] GC(24483) Pause Young (Normal) (G1 Evacuation Pause) 50M->42M(63M) 10.716ms
[2020-12-29T09:55:51.838-0500][gc,cpu         ] GC(24483) User=0.05s Sys=0.00s Real=0.02s
[2020-12-29T09:56:45.192-0500][gc,task        ] GC(24484) Using 5 workers of 8 for full compaction
[2020-12-29T09:56:45.192-0500][gc,start       ] GC(24484) Pause Full (System.gc())
[2020-12-29T09:56:45.192-0500][gc,heap        ] GC(24484) Heap before GC invocations=24484 (full 5680): garbage-first heap   total 64512K, used 46483K [0x0000000083000000, 0x0000000100000000)
[2020-12-29T09:56:45.192-0500][gc,heap        ] GC(24484)   region size 1024K, 5 young (5120K), 1 survivors (1024K)
[2020-12-29T09:56:45.192-0500][gc,heap        ] GC(24484)  Metaspace       used 50336K, capacity 52472K, committed 53888K, reserved 1093632K
[2020-12-29T09:56:45.192-0500][gc,heap        ] GC(24484)   class space    used 7457K, capacity 8250K, committed 8832K, reserved 1048576K
[2020-12-29T09:56:45.193-0500][gc,phases,start] GC(24484) Phase 1: Mark live objects
[2020-12-29T09:56:45.232-0500][gc,stringtable ] GC(24484) Cleaned string and symbol table, strings: 33323 processed, 4 removed, symbols: 120973 processed, 0 removed
[2020-12-29T09:56:45.232-0500][gc,phases      ] GC(24484) Phase 1: Mark live objects 38.782ms
[2020-12-29T09:56:45.232-0500][gc,phases,start] GC(24484) Phase 2: Prepare for compaction
[2020-12-29T09:56:45.235-0500][gc,phases      ] GC(24484) Phase 2: Prepare for compaction 3.722ms
[2020-12-29T09:56:45.235-0500][gc,phases,start] GC(24484) Phase 3: Adjust pointers
[2020-12-29T09:56:45.247-0500][gc,phases      ] GC(24484) Phase 3: Adjust pointers 11.530ms
[2020-12-29T09:56:45.247-0500][gc,phases,start] GC(24484) Phase 4: Compact heap
[2020-12-29T09:56:45.250-0500][gc,phases      ] GC(24484) Phase 4: Compact heap 3.227ms
[2020-12-29T09:56:45.255-0500][gc,heap        ] GC(24484) Eden regions: 4->0(9)
[2020-12-29T09:56:45.255-0500][gc,heap        ] GC(24484) Survivor regions: 1->0(2)
[2020-12-29T09:56:45.255-0500][gc,heap        ] GC(24484) Old regions: 42->42
[2020-12-29T09:56:45.255-0500][gc,heap        ] GC(24484) Humongous regions: 4->4
[2020-12-29T09:56:45.255-0500][gc,metaspace   ] GC(24484) Metaspace: 50336K->50336K(1093632K)
[2020-12-29T09:56:45.255-0500][gc,heap        ] GC(24484) Heap after GC invocations=24485 (full 5681): garbage-first heap   total 64512K, used 43349K [0x0000000083000000, 0x0000000100000000)
[2020-12-29T09:56:45.255-0500][gc,heap        ] GC(24484)   region size 1024K, 0 young (0K), 0 survivors (0K)
[2020-12-29T09:56:45.255-0500][gc,heap        ] GC(24484)  Metaspace       used 50336K, capacity 52472K, committed 53888K, reserved 1093632K
[2020-12-29T09:56:45.255-0500][gc,heap        ] GC(24484)   class space    used 7457K, capacity 8250K, committed 8832K, reserved 1048576K
[2020-12-29T09:56:45.255-0500][gc             ] GC(24484) Pause Full (System.gc()) 46M->42M(63M) 62.464ms
[2020-12-29T09:56:45.255-0500][gc,cpu         ] GC(24484) User=0.26s Sys=0.00s Real=0.06s
[2020-12-29T09:58:52.795-0500][gc,heap        ] GC(24485) Heap before GC invocations=24485 (full 5681): garbage-first heap   total 64512K, used 52565K [0x0000000083000000, 0x0000000100000000)
[2020-12-29T09:58:52.795-0500][gc,heap        ] GC(24485)   region size 1024K, 9 young (9216K), 0 survivors (0K)
[2020-12-29T09:58:52.795-0500][gc,heap        ] GC(24485)  Metaspace       used 50336K, capacity 52472K, committed 53888K, reserved 1093632K
[2020-12-29T09:58:52.795-0500][gc,heap        ] GC(24485)   class space    used 7457K, capacity 8250K, committed 8832K, reserved 1048576K
[2020-12-29T09:58:52.795-0500][gc,start       ] GC(24485) Pause Young (Concurrent Start) (G1 Evacuation Pause)
[2020-12-29T09:58:52.795-0500][gc,task        ] GC(24485) Using 8 workers of 8 for evacuation
[2020-12-29T09:58:52.798-0500][gc,phases      ] GC(24485)   Pre Evacuate Collection Set: 0.2ms
[2020-12-29T09:58:52.798-0500][gc,phases      ] GC(24485)   Evacuate Collection Set: 1.0ms
[2020-12-29T09:58:52.798-0500][gc,phases      ] GC(24485)   Post Evacuate Collection Set: 1.0ms
[2020-12-29T09:58:52.798-0500][gc,phases      ] GC(24485)   Other: 0.3ms
[2020-12-29T09:58:52.798-0500][gc,heap        ] GC(24485) Eden regions: 9->0(8)
[2020-12-29T09:58:52.798-0500][gc,heap        ] GC(24485) Survivor regions: 0->1(2)
[2020-12-29T09:58:52.798-0500][gc,heap        ] GC(24485) Old regions: 42->42
[2020-12-29T09:58:52.798-0500][gc,heap        ] GC(24485) Humongous regions: 4->4
[2020-12-29T09:58:52.798-0500][gc,metaspace   ] GC(24485) Metaspace: 50336K->50336K(1093632K)
[2020-12-29T09:58:52.798-0500][gc,heap        ] GC(24485) Heap after GC invocations=24486 (full 5681): garbage-first heap   total 64512K, used 43420K [0x0000000083000000, 0x0000000100000000)
[2020-12-29T09:58:52.798-0500][gc,heap        ] GC(24485)   region size 1024K, 1 young (1024K), 1 survivors (1024K)
[2020-12-29T09:58:52.798-0500][gc,heap        ] GC(24485)  Metaspace       used 50336K, capacity 52472K, committed 53888K, reserved 1093632K
[2020-12-29T09:58:52.798-0500][gc,heap        ] GC(24485)   class space    used 7457K, capacity 8250K, committed 8832K, reserved 1048576K
[2020-12-29T09:58:52.798-0500][gc             ] GC(24485) Pause Young (Concurrent Start) (G1 Evacuation Pause) 51M->42M(63M) 2.698ms
[2020-12-29T09:58:52.798-0500][gc,cpu         ] GC(24485) User=0.00s Sys=0.00s Real=0.01s
[2020-12-29T09:58:52.798-0500][gc             ] GC(24486) Concurrent Cycle
[2020-12-29T09:58:52.798-0500][gc,marking     ] GC(24486) Concurrent Clear Claimed Marks
[2020-12-29T09:58:52.798-0500][gc,marking     ] GC(24486) Concurrent Clear Claimed Marks 0.071ms
[2020-12-29T09:58:52.798-0500][gc,marking     ] GC(24486) Concurrent Scan Root Regions
[2020-12-29T09:58:52.799-0500][gc,marking     ] GC(24486) Concurrent Scan Root Regions 0.720ms
[2020-12-29T09:58:52.799-0500][gc,marking     ] GC(24486) Concurrent Mark (1704130.186s)
[2020-12-29T09:58:52.799-0500][gc,marking     ] GC(24486) Concurrent Mark From Roots
[2020-12-29T09:58:52.799-0500][gc,task        ] GC(24486) Using 2 workers of 2 for marking
[2020-12-29T09:58:52.837-0500][gc,marking     ] GC(24486) Concurrent Mark From Roots 37.643ms
[2020-12-29T09:58:52.837-0500][gc,marking     ] GC(24486) Concurrent Preclean
[2020-12-29T09:58:52.837-0500][gc,marking     ] GC(24486) Concurrent Preclean 0.172ms
[2020-12-29T09:58:52.837-0500][gc,marking     ] GC(24486) Concurrent Mark (1704130.186s, 1704130.224s) 37.899ms
[2020-12-29T09:58:52.837-0500][gc,start       ] GC(24486) Pause Remark
[2020-12-29T09:58:52.841-0500][gc,stringtable ] GC(24486) Cleaned string and symbol table, strings: 33323 processed, 0 removed, symbols: 120973 processed, 0 removed
[2020-12-29T09:58:52.842-0500][gc             ] GC(24486) Pause Remark 42M->42M(63M) 4.293ms
[2020-12-29T09:58:52.842-0500][gc,cpu         ] GC(24486) User=0.02s Sys=0.00s Real=0.01s
[2020-12-29T09:58:52.842-0500][gc,marking     ] GC(24486) Concurrent Rebuild Remembered Sets
[2020-12-29T09:58:52.860-0500][gc,marking     ] GC(24486) Concurrent Rebuild Remembered Sets 17.787ms
[2020-12-29T09:58:52.860-0500][gc,start       ] GC(24486) Pause Cleanup
[2020-12-29T09:58:52.860-0500][gc             ] GC(24486) Pause Cleanup 42M->42M(63M) 0.188ms
[2020-12-29T09:58:52.860-0500][gc,cpu         ] GC(24486) User=0.00s Sys=0.00s Real=0.00s
[2020-12-29T09:58:52.860-0500][gc,marking     ] GC(24486) Concurrent Cleanup for Next Mark
[2020-12-29T09:58:52.861-0500][gc,marking     ] GC(24486) Concurrent Cleanup for Next Mark 0.220ms
[2020-12-29T09:58:52.861-0500][gc             ] GC(24486) Concurrent Cycle 62.363ms
[2020-12-29T10:00:50.907-0500][gc,heap        ] GC(24487) Heap before GC invocations=24487 (full 5681): garbage-first heap   total 64512K, used 50588K [0x0000000083000000, 0x0000000100000000)
[2020-12-29T10:00:50.907-0500][gc,heap        ] GC(24487)   region size 1024K, 9 young (9216K), 1 survivors (1024K)
[2020-12-29T10:00:50.907-0500][gc,heap        ] GC(24487)  Metaspace       used 50336K, capacity 52472K, committed 53888K, reserved 1093632K
[2020-12-29T10:00:50.907-0500][gc,heap        ] GC(24487)   class space    used 7457K, capacity 8250K, committed 8832K, reserved 1048576K
[2020-12-29T10:00:50.907-0500][gc,start       ] GC(24487) Pause Young (Normal) (G1 Evacuation Pause)
[2020-12-29T10:00:50.907-0500][gc,task        ] GC(24487) Using 8 workers of 8 for evacuation
[2020-12-29T10:00:50.909-0500][gc,phases      ] GC(24487)   Pre Evacuate Collection Set: 0.0ms
[2020-12-29T10:00:50.909-0500][gc,phases      ] GC(24487)   Evacuate Collection Set: 0.7ms
[2020-12-29T10:00:50.909-0500][gc,phases      ] GC(24487)   Post Evacuate Collection Set: 0.7ms
[2020-12-29T10:00:50.909-0500][gc,phases      ] GC(24487)   Other: 0.2ms
[2020-12-29T10:00:50.909-0500][gc,heap        ] GC(24487) Eden regions: 8->0(8)
[2020-12-29T10:00:50.909-0500][gc,heap        ] GC(24487) Survivor regions: 1->1(2)
[2020-12-29T10:00:50.909-0500][gc,heap        ] GC(24487) Old regions: 42->42
[2020-12-29T10:00:50.909-0500][gc,heap        ] GC(24487) Humongous regions: 4->4
[2020-12-29T10:00:50.909-0500][gc,metaspace   ] GC(24487) Metaspace: 50336K->50336K(1093632K)
[2020-12-29T10:00:50.909-0500][gc,heap        ] GC(24487) Heap after GC invocations=24488 (full 5681): garbage-first heap   total 64512K, used 43413K [0x0000000083000000, 0x0000000100000000)
[2020-12-29T10:00:50.909-0500][gc,heap        ] GC(24487)   region size 1024K, 1 young (1024K), 1 survivors (1024K)
[2020-12-29T10:00:50.909-0500][gc,heap        ] GC(24487)  Metaspace       used 50336K, capacity 52472K, committed 53888K, reserved 1093632K
[2020-12-29T10:00:50.909-0500][gc,heap        ] GC(24487)   class space    used 7457K, capacity 8250K, committed 8832K, reserved 1048576K
[2020-12-29T10:00:50.909-0500][gc             ] GC(24487) Pause Young (Normal) (G1 Evacuation Pause) 50M->42M(63M) 1.819ms
[2020-12-29T10:00:50.909-0500][gc,cpu         ] GC(24487) User=0.00s Sys=0.01s Real=0.01s
[2020-12-29T10:01:45.191-0500][gc,task        ] GC(24488) Using 5 workers of 8 for full compaction
[2020-12-29T10:01:45.191-0500][gc,start       ] GC(24488) Pause Full (System.gc())
[2020-12-29T10:01:45.191-0500][gc,heap        ] GC(24488) Heap before GC invocations=24488 (full 5681): garbage-first heap   total 64512K, used 46485K [0x0000000083000000, 0x0000000100000000)
[2020-12-29T10:01:45.191-0500][gc,heap        ] GC(24488)   region size 1024K, 5 young (5120K), 1 survivors (1024K)
[2020-12-29T10:01:45.191-0500][gc,heap        ] GC(24488)  Metaspace       used 50336K, capacity 52472K, committed 53888K, reserved 1093632K
[2020-12-29T10:01:45.191-0500][gc,heap        ] GC(24488)   class space    used 7457K, capacity 8250K, committed 8832K, reserved 1048576K
[2020-12-29T10:01:45.192-0500][gc,phases,start] GC(24488) Phase 1: Mark live objects
[2020-12-29T10:01:45.224-0500][gc,stringtable ] GC(24488) Cleaned string and symbol table, strings: 33323 processed, 4 removed, symbols: 120973 processed, 0 removed
[2020-12-29T10:01:45.224-0500][gc,phases      ] GC(24488) Phase 1: Mark live objects 32.098ms
[2020-12-29T10:01:45.224-0500][gc,phases,start] GC(24488) Phase 2: Prepare for compaction
[2020-12-29T10:01:45.229-0500][gc,phases      ] GC(24488) Phase 2: Prepare for compaction 4.786ms
[2020-12-29T10:01:45.229-0500][gc,phases,start] GC(24488) Phase 3: Adjust pointers
[2020-12-29T10:01:45.239-0500][gc,phases      ] GC(24488) Phase 3: Adjust pointers 10.444ms
[2020-12-29T10:01:45.239-0500][gc,phases,start] GC(24488) Phase 4: Compact heap
[2020-12-29T10:01:45.242-0500][gc,phases      ] GC(24488) Phase 4: Compact heap 2.791ms
[2020-12-29T10:01:45.246-0500][gc,heap        ] GC(24488) Eden regions: 4->0(10)
[2020-12-29T10:01:45.246-0500][gc,heap        ] GC(24488) Survivor regions: 1->0(2)
[2020-12-29T10:01:45.246-0500][gc,heap        ] GC(24488) Old regions: 42->41
[2020-12-29T10:01:45.246-0500][gc,heap        ] GC(24488) Humongous regions: 4->4
[2020-12-29T10:01:45.246-0500][gc,metaspace   ] GC(24488) Metaspace: 50336K->50336K(1093632K)
[2020-12-29T10:01:45.246-0500][gc,heap        ] GC(24488) Heap after GC invocations=24489 (full 5682): garbage-first heap   total 64512K, used 43351K [0x0000000083000000, 0x0000000100000000)
[2020-12-29T10:01:45.246-0500][gc,heap        ] GC(24488)   region size 1024K, 0 young (0K), 0 survivors (0K)
[2020-12-29T10:01:45.246-0500][gc,heap        ] GC(24488)  Metaspace       used 50336K, capacity 52472K, committed 53888K, reserved 1093632K
[2020-12-29T10:01:45.246-0500][gc,heap        ] GC(24488)   class space    used 7457K, capacity 8250K, committed 8832K, reserved 1048576K
[2020-12-29T10:01:45.246-0500][gc             ] GC(24488) Pause Full (System.gc()) 46M->42M(63M) 55.646ms
[2020-12-29T10:01:45.247-0500][gc,cpu         ] GC(24488) User=0.23s Sys=0.00s Real=0.05s
[2020-12-29T10:04:09.061-0500][gc,heap        ] GC(24489) Heap before GC invocations=24489 (full 5682): garbage-first heap   total 64512K, used 52567K [0x0000000083000000, 0x0000000100000000)
[2020-12-29T10:04:09.061-0500][gc,heap        ] GC(24489)   region size 1024K, 10 young (10240K), 0 survivors (0K)
[2020-12-29T10:04:09.061-0500][gc,heap        ] GC(24489)  Metaspace       used 50336K, capacity 52472K, committed 53888K, reserved 1093632K
[2020-12-29T10:04:09.061-0500][gc,heap        ] GC(24489)   class space    used 7457K, capacity 8250K, committed 8832K, reserved 1048576K
[2020-12-29T10:04:09.061-0500][gc,start       ] GC(24489) Pause Young (Concurrent Start) (G1 Evacuation Pause)
[2020-12-29T10:04:09.061-0500][gc,task        ] GC(24489) Using 8 workers of 8 for evacuation
[2020-12-29T10:04:09.067-0500][gc,phases      ] GC(24489)   Pre Evacuate Collection Set: 0.3ms
[2020-12-29T10:04:09.067-0500][gc,phases      ] GC(24489)   Evacuate Collection Set: 4.0ms
[2020-12-29T10:04:09.067-0500][gc,phases      ] GC(24489)   Post Evacuate Collection Set: 2.1ms
[2020-12-29T10:04:09.068-0500][gc,phases      ] GC(24489)   Other: 0.3ms
[2020-12-29T10:04:09.068-0500][gc,heap        ] GC(24489) Eden regions: 10->0(9)
[2020-12-29T10:04:09.068-0500][gc,heap        ] GC(24489) Survivor regions: 0->1(2)
[2020-12-29T10:04:09.068-0500][gc,heap        ] GC(24489) Old regions: 41->41
[2020-12-29T10:04:09.068-0500][gc,heap        ] GC(24489) Humongous regions: 4->4
[2020-12-29T10:04:09.068-0500][gc,metaspace   ] GC(24489) Metaspace: 50336K->50336K(1093632K)
[2020-12-29T10:04:09.068-0500][gc,heap        ] GC(24489) Heap after GC invocations=24490 (full 5682): garbage-first heap   total 64512K, used 43435K [0x0000000083000000, 0x0000000100000000)
[2020-12-29T10:04:09.068-0500][gc,heap        ] GC(24489)   region size 1024K, 1 young (1024K), 1 survivors (1024K)
[2020-12-29T10:04:09.068-0500][gc,heap        ] GC(24489)  Metaspace       used 50336K, capacity 52472K, committed 53888K, reserved 1093632K
[2020-12-29T10:04:09.068-0500][gc,heap        ] GC(24489)   class space    used 7457K, capacity 8250K, committed 8832K, reserved 1048576K
[2020-12-29T10:04:09.068-0500][gc             ] GC(24489) Pause Young (Concurrent Start) (G1 Evacuation Pause) 52M->42M(63M) 6.852ms
[2020-12-29T10:04:09.068-0500][gc,cpu         ] GC(24489) User=0.01s Sys=0.00s Real=0.01s
[2020-12-29T10:04:09.068-0500][gc             ] GC(24490) Concurrent Cycle
[2020-12-29T10:04:09.068-0500][gc,marking     ] GC(24490) Concurrent Clear Claimed Marks
[2020-12-29T10:04:09.068-0500][gc,marking     ] GC(24490) Concurrent Clear Claimed Marks 0.144ms
[2020-12-29T10:04:09.068-0500][gc,marking     ] GC(24490) Concurrent Scan Root Regions
[2020-12-29T10:04:09.069-0500][gc,marking     ] GC(24490) Concurrent Scan Root Regions 0.854ms
[2020-12-29T10:04:09.069-0500][gc,marking     ] GC(24490) Concurrent Mark (1704446.456s)
[2020-12-29T10:04:09.069-0500][gc,marking     ] GC(24490) Concurrent Mark From Roots
[2020-12-29T10:04:09.069-0500][gc,task        ] GC(24490) Using 2 workers of 2 for marking
[2020-12-29T10:04:09.111-0500][gc,marking     ] GC(24490) Concurrent Mark From Roots 41.746ms
[2020-12-29T10:04:09.111-0500][gc,marking     ] GC(24490) Concurrent Preclean
[2020-12-29T10:04:09.111-0500][gc,marking     ] GC(24490) Concurrent Preclean 0.207ms
[2020-12-29T10:04:09.111-0500][gc,marking     ] GC(24490) Concurrent Mark (1704446.456s, 1704446.498s) 42.091ms
[2020-12-29T10:04:09.112-0500][gc,start       ] GC(24490) Pause Remark
[2020-12-29T10:04:09.116-0500][gc,stringtable ] GC(24490) Cleaned string and symbol table, strings: 33323 processed, 0 removed, symbols: 120973 processed, 0 removed
[2020-12-29T10:04:09.116-0500][gc             ] GC(24490) Pause Remark 42M->42M(63M) 4.135ms
[2020-12-29T10:04:09.116-0500][gc,cpu         ] GC(24490) User=0.02s Sys=0.00s Real=0.00s
[2020-12-29T10:04:09.116-0500][gc,marking     ] GC(24490) Concurrent Rebuild Remembered Sets
[2020-12-29T10:04:09.134-0500][gc,marking     ] GC(24490) Concurrent Rebuild Remembered Sets 17.572ms
[2020-12-29T10:04:09.134-0500][gc,start       ] GC(24490) Pause Cleanup
[2020-12-29T10:04:09.134-0500][gc             ] GC(24490) Pause Cleanup 42M->42M(63M) 0.228ms
[2020-12-29T10:04:09.134-0500][gc,cpu         ] GC(24490) User=0.00s Sys=0.00s Real=0.00s
[2020-12-29T10:04:09.134-0500][gc,marking     ] GC(24490) Concurrent Cleanup for Next Mark
[2020-12-29T10:04:09.135-0500][gc,marking     ] GC(24490) Concurrent Cleanup for Next Mark 0.221ms
[2020-12-29T10:04:09.135-0500][gc             ] GC(24490) Concurrent Cycle 66.834ms
[2020-12-29T10:06:19.060-0500][gc,heap        ] GC(24491) Heap before GC invocations=24491 (full 5682): garbage-first heap   total 64512K, used 51627K [0x0000000083000000, 0x0000000100000000)
[2020-12-29T10:06:19.060-0500][gc,heap        ] GC(24491)   region size 1024K, 10 young (10240K), 1 survivors (1024K)
[2020-12-29T10:06:19.060-0500][gc,heap        ] GC(24491)  Metaspace       used 50336K, capacity 52472K, committed 53888K, reserved 1093632K
[2020-12-29T10:06:19.060-0500][gc,heap        ] GC(24491)   class space    used 7457K, capacity 8250K, committed 8832K, reserved 1048576K
[2020-12-29T10:06:19.060-0500][gc,start       ] GC(24491) Pause Young (Normal) (G1 Evacuation Pause)
[2020-12-29T10:06:19.060-0500][gc,task        ] GC(24491) Using 8 workers of 8 for evacuation
[2020-12-29T10:06:19.065-0500][gc,phases      ] GC(24491)   Pre Evacuate Collection Set: 0.0ms
[2020-12-29T10:06:19.065-0500][gc,phases      ] GC(24491)   Evacuate Collection Set: 2.1ms
[2020-12-29T10:06:19.065-0500][gc,phases      ] GC(24491)   Post Evacuate Collection Set: 2.5ms
[2020-12-29T10:06:19.065-0500][gc,phases      ] GC(24491)   Other: 0.6ms
[2020-12-29T10:06:19.065-0500][gc,heap        ] GC(24491) Eden regions: 9->0(9)
[2020-12-29T10:06:19.065-0500][gc,heap        ] GC(24491) Survivor regions: 1->1(2)
[2020-12-29T10:06:19.065-0500][gc,heap        ] GC(24491) Old regions: 41->41
[2020-12-29T10:06:19.065-0500][gc,heap        ] GC(24491) Humongous regions: 4->4
[2020-12-29T10:06:19.065-0500][gc,metaspace   ] GC(24491) Metaspace: 50336K->50336K(1093632K)
[2020-12-29T10:06:19.065-0500][gc,heap        ] GC(24491) Heap after GC invocations=24492 (full 5682): garbage-first heap   total 64512K, used 43425K [0x0000000083000000, 0x0000000100000000)
[2020-12-29T10:06:19.065-0500][gc,heap        ] GC(24491)   region size 1024K, 1 young (1024K), 1 survivors (1024K)
[2020-12-29T10:06:19.066-0500][gc,heap        ] GC(24491)  Metaspace       used 50336K, capacity 52472K, committed 53888K, reserved 1093632K
[2020-12-29T10:06:19.066-0500][gc,heap        ] GC(24491)   class space    used 7457K, capacity 8250K, committed 8832K, reserved 1048576K
[2020-12-29T10:06:19.066-0500][gc             ] GC(24491) Pause Young (Normal) (G1 Evacuation Pause) 51M->42M(63M) 5.793ms
[2020-12-29T10:06:19.066-0500][gc,cpu         ] GC(24491) User=0.01s Sys=0.00s Real=0.00s
[2020-12-29T10:06:45.189-0500][gc,task        ] GC(24492) Using 5 workers of 8 for full compaction
[2020-12-29T10:06:45.189-0500][gc,start       ] GC(24492) Pause Full (System.gc())
[2020-12-29T10:06:45.189-0500][gc,heap        ] GC(24492) Heap before GC invocations=24492 (full 5682): garbage-first heap   total 64512K, used 44449K [0x0000000083000000, 0x0000000100000000)
[2020-12-29T10:06:45.189-0500][gc,heap        ] GC(24492)   region size 1024K, 3 young (3072K), 1 survivors (1024K)
[2020-12-29T10:06:45.189-0500][gc,heap        ] GC(24492)  Metaspace       used 50336K, capacity 52472K, committed 53888K, reserved 1093632K
[2020-12-29T10:06:45.189-0500][gc,heap        ] GC(24492)   class space    used 7457K, capacity 8250K, committed 8832K, reserved 1048576K
[2020-12-29T10:06:45.189-0500][gc,phases,start] GC(24492) Phase 1: Mark live objects
[2020-12-29T10:06:45.210-0500][gc,stringtable ] GC(24492) Cleaned string and symbol table, strings: 33323 processed, 4 removed, symbols: 120973 processed, 0 removed
[2020-12-29T10:06:45.210-0500][gc,phases      ] GC(24492) Phase 1: Mark live objects 21.105ms
[2020-12-29T10:06:45.210-0500][gc,phases,start] GC(24492) Phase 2: Prepare for compaction
[2020-12-29T10:06:45.214-0500][gc,phases      ] GC(24492) Phase 2: Prepare for compaction 3.920ms
[2020-12-29T10:06:45.214-0500][gc,phases,start] GC(24492) Phase 3: Adjust pointers
[2020-12-29T10:06:45.226-0500][gc,phases      ] GC(24492) Phase 3: Adjust pointers 11.466ms
[2020-12-29T10:06:45.226-0500][gc,phases,start] GC(24492) Phase 4: Compact heap
[2020-12-29T10:06:45.229-0500][gc,phases      ] GC(24492) Phase 4: Compact heap 3.413ms
[2020-12-29T10:06:45.234-0500][gc,heap        ] GC(24492) Eden regions: 2->0(9)
[2020-12-29T10:06:45.234-0500][gc,heap        ] GC(24492) Survivor regions: 1->0(2)
[2020-12-29T10:06:45.234-0500][gc,heap        ] GC(24492) Old regions: 41->42
[2020-12-29T10:06:45.234-0500][gc,heap        ] GC(24492) Humongous regions: 4->4
[2020-12-29T10:06:45.234-0500][gc,metaspace   ] GC(24492) Metaspace: 50336K->50336K(1093632K)
[2020-12-29T10:06:45.234-0500][gc,heap        ] GC(24492) Heap after GC invocations=24493 (full 5683): garbage-first heap   total 64512K, used 43332K [0x0000000083000000, 0x0000000100000000)
[2020-12-29T10:06:45.234-0500][gc,heap        ] GC(24492)   region size 1024K, 0 young (0K), 0 survivors (0K)
[2020-12-29T10:06:45.234-0500][gc,heap        ] GC(24492)  Metaspace       used 50336K, capacity 52472K, committed 53888K, reserved 1093632K
[2020-12-29T10:06:45.234-0500][gc,heap        ] GC(24492)   class space    used 7457K, capacity 8250K, committed 8832K, reserved 1048576K
[2020-12-29T10:06:45.234-0500][gc             ] GC(24492) Pause Full (System.gc()) 44M->42M(63M) 45.130ms
[2020-12-29T10:06:45.234-0500][gc,cpu         ] GC(24492) User=0.19s Sys=0.00s Real=0.04s
[2020-12-29T10:08:49.058-0500][gc,heap        ] GC(24493) Heap before GC invocations=24493 (full 5683): garbage-first heap   total 64512K, used 51524K [0x0000000083000000, 0x0000000100000000)
[2020-12-29T10:08:49.058-0500][gc,heap        ] GC(24493)   region size 1024K, 9 young (9216K), 0 survivors (0K)
[2020-12-29T10:08:49.058-0500][gc,heap        ] GC(24493)  Metaspace       used 50336K, capacity 52472K, committed 53888K, reserved 1093632K
[2020-12-29T10:08:49.058-0500][gc,heap        ] GC(24493)   class space    used 7457K, capacity 8250K, committed 8832K, reserved 1048576K
[2020-12-29T10:08:49.058-0500][gc,start       ] GC(24493) Pause Young (Concurrent Start) (G1 Evacuation Pause)
[2020-12-29T10:08:49.058-0500][gc,task        ] GC(24493) Using 8 workers of 8 for evacuation
[2020-12-29T10:08:49.062-0500][gc,phases      ] GC(24493)   Pre Evacuate Collection Set: 0.2ms
[2020-12-29T10:08:49.062-0500][gc,phases      ] GC(24493)   Evacuate Collection Set: 2.7ms
[2020-12-29T10:08:49.062-0500][gc,phases      ] GC(24493)   Post Evacuate Collection Set: 1.1ms
[2020-12-29T10:08:49.062-0500][gc,phases      ] GC(24493)   Other: 0.3ms
[2020-12-29T10:08:49.062-0500][gc,heap        ] GC(24493) Eden regions: 9->0(8)
[2020-12-29T10:08:49.062-0500][gc,heap        ] GC(24493) Survivor regions: 0->1(2)
[2020-12-29T10:08:49.062-0500][gc,heap        ] GC(24493) Old regions: 42->42
[2020-12-29T10:08:49.062-0500][gc,heap        ] GC(24493) Humongous regions: 4->4
[2020-12-29T10:08:49.062-0500][gc,metaspace   ] GC(24493) Metaspace: 50336K->50336K(1093632K)
[2020-12-29T10:08:49.062-0500][gc,heap        ] GC(24493) Heap after GC invocations=24494 (full 5683): garbage-first heap   total 64512K, used 43432K [0x0000000083000000, 0x0000000100000000)
[2020-12-29T10:08:49.062-0500][gc,heap        ] GC(24493)   region size 1024K, 1 young (1024K), 1 survivors (1024K)
[2020-12-29T10:08:49.062-0500][gc,heap        ] GC(24493)  Metaspace       used 50336K, capacity 52472K, committed 53888K, reserved 1093632K
[2020-12-29T10:08:49.062-0500][gc,heap        ] GC(24493)   class space    used 7457K, capacity 8250K, committed 8832K, reserved 1048576K
[2020-12-29T10:08:49.062-0500][gc             ] GC(24493) Pause Young (Concurrent Start) (G1 Evacuation Pause) 51M->42M(63M) 4.304ms
[2020-12-29T10:08:49.062-0500][gc,cpu         ] GC(24493) User=0.02s Sys=0.00s Real=0.00s
[2020-12-29T10:08:49.062-0500][gc             ] GC(24494) Concurrent Cycle
[2020-12-29T10:08:49.062-0500][gc,marking     ] GC(24494) Concurrent Clear Claimed Marks
[2020-12-29T10:08:49.063-0500][gc,marking     ] GC(24494) Concurrent Clear Claimed Marks 0.132ms
[2020-12-29T10:08:49.063-0500][gc,marking     ] GC(24494) Concurrent Scan Root Regions
[2020-12-29T10:08:49.063-0500][gc,marking     ] GC(24494) Concurrent Scan Root Regions 0.735ms
[2020-12-29T10:08:49.063-0500][gc,marking     ] GC(24494) Concurrent Mark (1704726.450s)
[2020-12-29T10:08:49.063-0500][gc,marking     ] GC(24494) Concurrent Mark From Roots
[2020-12-29T10:08:49.063-0500][gc,task        ] GC(24494) Using 2 workers of 2 for marking
[2020-12-29T10:08:49.107-0500][gc,marking     ] GC(24494) Concurrent Mark From Roots 43.518ms
[2020-12-29T10:08:49.107-0500][gc,marking     ] GC(24494) Concurrent Preclean
[2020-12-29T10:08:49.107-0500][gc,marking     ] GC(24494) Concurrent Preclean 0.155ms
[2020-12-29T10:08:49.107-0500][gc,marking     ] GC(24494) Concurrent Mark (1704726.450s, 1704726.494s) 43.737ms
[2020-12-29T10:08:49.107-0500][gc,start       ] GC(24494) Pause Remark
[2020-12-29T10:08:49.113-0500][gc,stringtable ] GC(24494) Cleaned string and symbol table, strings: 33323 processed, 0 removed, symbols: 120973 processed, 0 removed
[2020-12-29T10:08:49.113-0500][gc             ] GC(24494) Pause Remark 42M->42M(63M) 5.943ms
[2020-12-29T10:08:49.113-0500][gc,cpu         ] GC(24494) User=0.03s Sys=0.00s Real=0.01s
[2020-12-29T10:08:49.113-0500][gc,marking     ] GC(24494) Concurrent Rebuild Remembered Sets
[2020-12-29T10:08:49.132-0500][gc,marking     ] GC(24494) Concurrent Rebuild Remembered Sets 18.446ms
[2020-12-29T10:08:49.132-0500][gc,start       ] GC(24494) Pause Cleanup
[2020-12-29T10:08:49.132-0500][gc             ] GC(24494) Pause Cleanup 42M->42M(63M) 0.194ms
[2020-12-29T10:08:49.132-0500][gc,cpu         ] GC(24494) User=0.00s Sys=0.00s Real=0.00s
[2020-12-29T10:08:49.133-0500][gc,marking     ] GC(24494) Concurrent Cleanup for Next Mark
[2020-12-29T10:08:49.133-0500][gc,marking     ] GC(24494) Concurrent Cleanup for Next Mark 0.218ms
[2020-12-29T10:08:49.133-0500][gc             ] GC(24494) Concurrent Cycle 70.314ms
[2020-12-29T10:10:39.064-0500][gc,heap        ] GC(24495) Heap before GC invocations=24495 (full 5683): garbage-first heap   total 64512K, used 51619K [0x0000000083000000, 0x0000000100000000)
[2020-12-29T10:10:39.065-0500][gc,heap        ] GC(24495)   region size 1024K, 9 young (9216K), 1 survivors (1024K)
[2020-12-29T10:10:39.065-0500][gc,heap        ] GC(24495)  Metaspace       used 50336K, capacity 52472K, committed 53888K, reserved 1093632K
[2020-12-29T10:10:39.065-0500][gc,heap        ] GC(24495)   class space    used 7457K, capacity 8250K, committed 8832K, reserved 1048576K
[2020-12-29T10:10:39.065-0500][gc,start       ] GC(24495) Pause Young (Normal) (G1 Evacuation Pause)
[2020-12-29T10:10:39.065-0500][gc,task        ] GC(24495) Using 8 workers of 8 for evacuation
[2020-12-29T10:10:39.070-0500][gc,phases      ] GC(24495)   Pre Evacuate Collection Set: 0.0ms
[2020-12-29T10:10:39.070-0500][gc,phases      ] GC(24495)   Evacuate Collection Set: 1.3ms
[2020-12-29T10:10:39.070-0500][gc,phases      ] GC(24495)   Post Evacuate Collection Set: 3.7ms
[2020-12-29T10:10:39.070-0500][gc,phases      ] GC(24495)   Other: 0.4ms
[2020-12-29T10:10:39.070-0500][gc,heap        ] GC(24495) Eden regions: 8->0(9)
[2020-12-29T10:10:39.070-0500][gc,heap        ] GC(24495) Survivor regions: 1->1(2)
[2020-12-29T10:10:39.070-0500][gc,heap        ] GC(24495) Old regions: 41->41
[2020-12-29T10:10:39.070-0500][gc,heap        ] GC(24495) Humongous regions: 4->4
[2020-12-29T10:10:39.070-0500][gc,metaspace   ] GC(24495) Metaspace: 50336K->50336K(1093632K)
[2020-12-29T10:10:39.070-0500][gc,heap        ] GC(24495) Heap after GC invocations=24496 (full 5683): garbage-first heap   total 64512K, used 43405K [0x0000000083000000, 0x0000000100000000)
[2020-12-29T10:10:39.070-0500][gc,heap        ] GC(24495)   region size 1024K, 1 young (1024K), 1 survivors (1024K)
[2020-12-29T10:10:39.070-0500][gc,heap        ] GC(24495)  Metaspace       used 50336K, capacity 52472K, committed 53888K, reserved 1093632K
[2020-12-29T10:10:39.070-0500][gc,heap        ] GC(24495)   class space    used 7457K, capacity 8250K, committed 8832K, reserved 1048576K
[2020-12-29T10:10:39.070-0500][gc             ] GC(24495) Pause Young (Normal) (G1 Evacuation Pause) 50M->42M(63M) 5.472ms
[2020-12-29T10:10:39.070-0500][gc,cpu         ] GC(24495) User=0.02s Sys=0.00s Real=0.01s
[2020-12-29T10:11:45.191-0500][gc,task        ] GC(24496) Using 5 workers of 8 for full compaction
[2020-12-29T10:11:45.191-0500][gc,start       ] GC(24496) Pause Full (System.gc())
[2020-12-29T10:11:45.191-0500][gc,heap        ] GC(24496) Heap before GC invocations=24496 (full 5683): garbage-first heap   total 64512K, used 46477K [0x0000000083000000, 0x0000000100000000)
[2020-12-29T10:11:45.191-0500][gc,heap        ] GC(24496)   region size 1024K, 6 young (6144K), 1 survivors (1024K)
[2020-12-29T10:11:45.191-0500][gc,heap        ] GC(24496)  Metaspace       used 50336K, capacity 52472K, committed 53888K, reserved 1093632K
[2020-12-29T10:11:45.191-0500][gc,heap        ] GC(24496)   class space    used 7457K, capacity 8250K, committed 8832K, reserved 1048576K
[2020-12-29T10:11:45.191-0500][gc,phases,start] GC(24496) Phase 1: Mark live objects
[2020-12-29T10:11:45.217-0500][gc,stringtable ] GC(24496) Cleaned string and symbol table, strings: 33323 processed, 4 removed, symbols: 120973 processed, 0 removed
[2020-12-29T10:11:45.217-0500][gc,phases      ] GC(24496) Phase 1: Mark live objects 25.984ms
[2020-12-29T10:11:45.217-0500][gc,phases,start] GC(24496) Phase 2: Prepare for compaction
[2020-12-29T10:11:45.222-0500][gc,phases      ] GC(24496) Phase 2: Prepare for compaction 5.198ms
[2020-12-29T10:11:45.222-0500][gc,phases,start] GC(24496) Phase 3: Adjust pointers
[2020-12-29T10:11:45.235-0500][gc,phases      ] GC(24496) Phase 3: Adjust pointers 12.567ms
[2020-12-29T10:11:45.235-0500][gc,phases,start] GC(24496) Phase 4: Compact heap
[2020-12-29T10:11:45.238-0500][gc,phases      ] GC(24496) Phase 4: Compact heap 2.854ms
[2020-12-29T10:11:45.242-0500][gc,heap        ] GC(24496) Eden regions: 5->0(9)
[2020-12-29T10:11:45.243-0500][gc,heap        ] GC(24496) Survivor regions: 1->0(2)
[2020-12-29T10:11:45.243-0500][gc,heap        ] GC(24496) Old regions: 41->42
[2020-12-29T10:11:45.243-0500][gc,heap        ] GC(24496) Humongous regions: 4->4
[2020-12-29T10:11:45.243-0500][gc,metaspace   ] GC(24496) Metaspace: 50336K->50336K(1093632K)
[2020-12-29T10:11:45.243-0500][gc,heap        ] GC(24496) Heap after GC invocations=24497 (full 5684): garbage-first heap   total 64512K, used 43361K [0x0000000083000000, 0x0000000100000000)
[2020-12-29T10:11:45.243-0500][gc,heap        ] GC(24496)   region size 1024K, 0 young (0K), 0 survivors (0K)
[2020-12-29T10:11:45.243-0500][gc,heap        ] GC(24496)  Metaspace       used 50336K, capacity 52472K, committed 53888K, reserved 1093632K
[2020-12-29T10:11:45.243-0500][gc,heap        ] GC(24496)   class space    used 7457K, capacity 8250K, committed 8832K, reserved 1048576K
[2020-12-29T10:11:45.243-0500][gc             ] GC(24496) Pause Full (System.gc()) 46M->42M(63M) 51.930ms
[2020-12-29T10:11:45.243-0500][gc,cpu         ] GC(24496) User=0.22s Sys=0.00s Real=0.05s
[2020-12-29T10:13:59.061-0500][gc,heap        ] GC(24497) Heap before GC invocations=24497 (full 5684): garbage-first heap   total 64512K, used 51553K [0x0000000083000000, 0x0000000100000000)
[2020-12-29T10:13:59.061-0500][gc,heap        ] GC(24497)   region size 1024K, 9 young (9216K), 0 survivors (0K)
[2020-12-29T10:13:59.061-0500][gc,heap        ] GC(24497)  Metaspace       used 50336K, capacity 52472K, committed 53888K, reserved 1093632K
[2020-12-29T10:13:59.061-0500][gc,heap        ] GC(24497)   class space    used 7457K, capacity 8250K, committed 8832K, reserved 1048576K
[2020-12-29T10:13:59.061-0500][gc,start       ] GC(24497) Pause Young (Concurrent Start) (G1 Evacuation Pause)
[2020-12-29T10:13:59.061-0500][gc,task        ] GC(24497) Using 8 workers of 8 for evacuation
[2020-12-29T10:13:59.063-0500][gc,phases      ] GC(24497)   Pre Evacuate Collection Set: 0.2ms
[2020-12-29T10:13:59.064-0500][gc,phases      ] GC(24497)   Evacuate Collection Set: 1.2ms
[2020-12-29T10:13:59.064-0500][gc,phases      ] GC(24497)   Post Evacuate Collection Set: 1.0ms
[2020-12-29T10:13:59.064-0500][gc,phases      ] GC(24497)   Other: 0.3ms
[2020-12-29T10:13:59.064-0500][gc,heap        ] GC(24497) Eden regions: 9->0(8)
[2020-12-29T10:13:59.064-0500][gc,heap        ] GC(24497) Survivor regions: 0->1(2)
[2020-12-29T10:13:59.064-0500][gc,heap        ] GC(24497) Old regions: 42->42
[2020-12-29T10:13:59.064-0500][gc,heap        ] GC(24497) Humongous regions: 4->4
[2020-12-29T10:13:59.064-0500][gc,metaspace   ] GC(24497) Metaspace: 50336K->50336K(1093632K)
[2020-12-29T10:13:59.064-0500][gc,heap        ] GC(24497) Heap after GC invocations=24498 (full 5684): garbage-first heap   total 64512K, used 43447K [0x0000000083000000, 0x0000000100000000)
[2020-12-29T10:13:59.064-0500][gc,heap        ] GC(24497)   region size 1024K, 1 young (1024K), 1 survivors (1024K)
[2020-12-29T10:13:59.064-0500][gc,heap        ] GC(24497)  Metaspace       used 50336K, capacity 52472K, committed 53888K, reserved 1093632K
[2020-12-29T10:13:59.064-0500][gc,heap        ] GC(24497)   class space    used 7457K, capacity 8250K, committed 8832K, reserved 1048576K
[2020-12-29T10:13:59.064-0500][gc             ] GC(24497) Pause Young (Concurrent Start) (G1 Evacuation Pause) 51M->42M(63M) 2.735ms
[2020-12-29T10:13:59.064-0500][gc,cpu         ] GC(24497) User=0.01s Sys=0.01s Real=0.00s
[2020-12-29T10:13:59.064-0500][gc             ] GC(24498) Concurrent Cycle
[2020-12-29T10:13:59.064-0500][gc,marking     ] GC(24498) Concurrent Clear Claimed Marks
[2020-12-29T10:13:59.064-0500][gc,marking     ] GC(24498) Concurrent Clear Claimed Marks 0.082ms
[2020-12-29T10:13:59.064-0500][gc,marking     ] GC(24498) Concurrent Scan Root Regions
[2020-12-29T10:13:59.065-0500][gc,marking     ] GC(24498) Concurrent Scan Root Regions 0.666ms
[2020-12-29T10:13:59.065-0500][gc,marking     ] GC(24498) Concurrent Mark (1705036.452s)
[2020-12-29T10:13:59.065-0500][gc,marking     ] GC(24498) Concurrent Mark From Roots
[2020-12-29T10:13:59.065-0500][gc,task        ] GC(24498) Using 2 workers of 2 for marking
[2020-12-29T10:13:59.124-0500][gc,marking     ] GC(24498) Concurrent Mark From Roots 58.876ms
[2020-12-29T10:13:59.124-0500][gc,marking     ] GC(24498) Concurrent Preclean
[2020-12-29T10:13:59.124-0500][gc,marking     ] GC(24498) Concurrent Preclean 0.222ms
[2020-12-29T10:13:59.124-0500][gc,marking     ] GC(24498) Concurrent Mark (1705036.452s, 1705036.511s) 59.183ms
[2020-12-29T10:13:59.124-0500][gc,start       ] GC(24498) Pause Remark
[2020-12-29T10:13:59.129-0500][gc,stringtable ] GC(24498) Cleaned string and symbol table, strings: 33323 processed, 0 removed, symbols: 120973 processed, 0 removed
[2020-12-29T10:13:59.130-0500][gc             ] GC(24498) Pause Remark 42M->42M(63M) 5.397ms
[2020-12-29T10:13:59.130-0500][gc,cpu         ] GC(24498) User=0.03s Sys=0.00s Real=0.01s
[2020-12-29T10:13:59.130-0500][gc,marking     ] GC(24498) Concurrent Rebuild Remembered Sets
[2020-12-29T10:13:59.148-0500][gc,marking     ] GC(24498) Concurrent Rebuild Remembered Sets 17.792ms
[2020-12-29T10:13:59.148-0500][gc,start       ] GC(24498) Pause Cleanup
[2020-12-29T10:13:59.148-0500][gc             ] GC(24498) Pause Cleanup 42M->42M(63M) 0.178ms
[2020-12-29T10:13:59.148-0500][gc,cpu         ] GC(24498) User=0.00s Sys=0.00s Real=0.00s
[2020-12-29T10:13:59.148-0500][gc,marking     ] GC(24498) Concurrent Cleanup for Next Mark
[2020-12-29T10:13:59.149-0500][gc,marking     ] GC(24498) Concurrent Cleanup for Next Mark 0.300ms
[2020-12-29T10:13:59.149-0500][gc             ] GC(24498) Concurrent Cycle 84.800ms
[2020-12-29T10:15:53.776-0500][gc,heap        ] GC(24499) Heap before GC invocations=24499 (full 5684): garbage-first heap   total 64512K, used 50615K [0x0000000083000000, 0x0000000100000000)
[2020-12-29T10:15:53.777-0500][gc,heap        ] GC(24499)   region size 1024K, 9 young (9216K), 1 survivors (1024K)
[2020-12-29T10:15:53.777-0500][gc,heap        ] GC(24499)  Metaspace       used 50336K, capacity 52472K, committed 53888K, reserved 1093632K
[2020-12-29T10:15:53.777-0500][gc,heap        ] GC(24499)   class space    used 7457K, capacity 8250K, committed 8832K, reserved 1048576K
[2020-12-29T10:15:53.777-0500][gc,start       ] GC(24499) Pause Young (Normal) (G1 Evacuation Pause)
[2020-12-29T10:15:53.777-0500][gc,task        ] GC(24499) Using 8 workers of 8 for evacuation
[2020-12-29T10:15:53.787-0500][gc,phases      ] GC(24499)   Pre Evacuate Collection Set: 0.0ms
[2020-12-29T10:15:53.787-0500][gc,phases      ] GC(24499)   Evacuate Collection Set: 2.5ms
[2020-12-29T10:15:53.787-0500][gc,phases      ] GC(24499)   Post Evacuate Collection Set: 7.7ms
[2020-12-29T10:15:53.787-0500][gc,phases      ] GC(24499)   Other: 0.4ms
[2020-12-29T10:15:53.787-0500][gc,heap        ] GC(24499) Eden regions: 8->0(8)
[2020-12-29T10:15:53.787-0500][gc,heap        ] GC(24499) Survivor regions: 1->1(2)
[2020-12-29T10:15:53.787-0500][gc,heap        ] GC(24499) Old regions: 42->42
[2020-12-29T10:15:53.787-0500][gc,heap        ] GC(24499) Humongous regions: 4->4
[2020-12-29T10:15:53.787-0500][gc,metaspace   ] GC(24499) Metaspace: 50336K->50336K(1093632K)
[2020-12-29T10:15:53.787-0500][gc,heap        ] GC(24499) Heap after GC invocations=24500 (full 5684): garbage-first heap   total 64512K, used 43435K [0x0000000083000000, 0x0000000100000000)
[2020-12-29T10:15:53.787-0500][gc,heap        ] GC(24499)   region size 1024K, 1 young (1024K), 1 survivors (1024K)
[2020-12-29T10:15:53.787-0500][gc,heap        ] GC(24499)  Metaspace       used 50336K, capacity 52472K, committed 53888K, reserved 1093632K
[2020-12-29T10:15:53.787-0500][gc,heap        ] GC(24499)   class space    used 7457K, capacity 8250K, committed 8832K, reserved 1048576K
[2020-12-29T10:15:53.787-0500][gc             ] GC(24499) Pause Young (Normal) (G1 Evacuation Pause) 50M->42M(63M) 10.870ms
[2020-12-29T10:15:53.788-0500][gc,cpu         ] GC(24499) User=0.05s Sys=0.00s Real=0.01s
[2020-12-29T10:16:45.189-0500][gc,task        ] GC(24500) Using 5 workers of 8 for full compaction
[2020-12-29T10:16:45.189-0500][gc,start       ] GC(24500) Pause Full (System.gc())
[2020-12-29T10:16:45.189-0500][gc,heap        ] GC(24500) Heap before GC invocations=24500 (full 5684): garbage-first heap   total 64512K, used 46507K [0x0000000083000000, 0x0000000100000000)
[2020-12-29T10:16:45.189-0500][gc,heap        ] GC(24500)   region size 1024K, 5 young (5120K), 1 survivors (1024K)
[2020-12-29T10:16:45.189-0500][gc,heap        ] GC(24500)  Metaspace       used 50336K, capacity 52472K, committed 53888K, reserved 1093632K
[2020-12-29T10:16:45.189-0500][gc,heap        ] GC(24500)   class space    used 7457K, capacity 8250K, committed 8832K, reserved 1048576K
[2020-12-29T10:16:45.190-0500][gc,phases,start] GC(24500) Phase 1: Mark live objects
[2020-12-29T10:16:45.219-0500][gc,stringtable ] GC(24500) Cleaned string and symbol table, strings: 33323 processed, 4 removed, symbols: 120973 processed, 0 removed
[2020-12-29T10:16:45.219-0500][gc,phases      ] GC(24500) Phase 1: Mark live objects 29.335ms
[2020-12-29T10:16:45.219-0500][gc,phases,start] GC(24500) Phase 2: Prepare for compaction
[2020-12-29T10:16:45.223-0500][gc,phases      ] GC(24500) Phase 2: Prepare for compaction 4.142ms
[2020-12-29T10:16:45.223-0500][gc,phases,start] GC(24500) Phase 3: Adjust pointers
[2020-12-29T10:16:45.233-0500][gc,phases      ] GC(24500) Phase 3: Adjust pointers 9.553ms
[2020-12-29T10:16:45.233-0500][gc,phases,start] GC(24500) Phase 4: Compact heap
[2020-12-29T10:16:45.236-0500][gc,phases      ] GC(24500) Phase 4: Compact heap 3.255ms
[2020-12-29T10:16:45.241-0500][gc,heap        ] GC(24500) Eden regions: 4->0(10)
[2020-12-29T10:16:45.241-0500][gc,heap        ] GC(24500) Survivor regions: 1->0(2)
[2020-12-29T10:16:45.241-0500][gc,heap        ] GC(24500) Old regions: 42->41
[2020-12-29T10:16:45.241-0500][gc,heap        ] GC(24500) Humongous regions: 4->4
[2020-12-29T10:16:45.241-0500][gc,metaspace   ] GC(24500) Metaspace: 50336K->50336K(1093632K)
[2020-12-29T10:16:45.241-0500][gc,heap        ] GC(24500) Heap after GC invocations=24501 (full 5685): garbage-first heap   total 64512K, used 43348K [0x0000000083000000, 0x0000000100000000)
[2020-12-29T10:16:45.241-0500][gc,heap        ] GC(24500)   region size 1024K, 0 young (0K), 0 survivors (0K)
[2020-12-29T10:16:45.241-0500][gc,heap        ] GC(24500)  Metaspace       used 50336K, capacity 52472K, committed 53888K, reserved 1093632K
[2020-12-29T10:16:45.241-0500][gc,heap        ] GC(24500)   class space    used 7457K, capacity 8250K, committed 8832K, reserved 1048576K
[2020-12-29T10:16:45.241-0500][gc             ] GC(24500) Pause Full (System.gc()) 46M->42M(63M) 51.647ms
[2020-12-29T10:16:45.241-0500][gc,cpu         ] GC(24500) User=0.20s Sys=0.00s Real=0.05s
[2020-12-29T10:19:09.064-0500][gc,heap        ] GC(24501) Heap before GC invocations=24501 (full 5685): garbage-first heap   total 64512K, used 52564K [0x0000000083000000, 0x0000000100000000)
[2020-12-29T10:19:09.064-0500][gc,heap        ] GC(24501)   region size 1024K, 10 young (10240K), 0 survivors (0K)
[2020-12-29T10:19:09.064-0500][gc,heap        ] GC(24501)  Metaspace       used 50336K, capacity 52472K, committed 53888K, reserved 1093632K
[2020-12-29T10:19:09.064-0500][gc,heap        ] GC(24501)   class space    used 7457K, capacity 8250K, committed 8832K, reserved 1048576K
[2020-12-29T10:19:09.064-0500][gc,start       ] GC(24501) Pause Young (Concurrent Start) (G1 Evacuation Pause)
[2020-12-29T10:19:09.064-0500][gc,task        ] GC(24501) Using 8 workers of 8 for evacuation
[2020-12-29T10:19:09.069-0500][gc,phases      ] GC(24501)   Pre Evacuate Collection Set: 0.6ms
[2020-12-29T10:19:09.070-0500][gc,phases      ] GC(24501)   Evacuate Collection Set: 2.4ms
[2020-12-29T10:19:09.070-0500][gc,phases      ] GC(24501)   Post Evacuate Collection Set: 2.2ms
[2020-12-29T10:19:09.070-0500][gc,phases      ] GC(24501)   Other: 0.6ms
[2020-12-29T10:19:09.070-0500][gc,heap        ] GC(24501) Eden regions: 10->0(9)
[2020-12-29T10:19:09.070-0500][gc,heap        ] GC(24501) Survivor regions: 0->1(2)
[2020-12-29T10:19:09.070-0500][gc,heap        ] GC(24501) Old regions: 41->41
[2020-12-29T10:19:09.070-0500][gc,heap        ] GC(24501) Humongous regions: 4->4
[2020-12-29T10:19:09.070-0500][gc,metaspace   ] GC(24501) Metaspace: 50336K->50336K(1093632K)
[2020-12-29T10:19:09.070-0500][gc,heap        ] GC(24501) Heap after GC invocations=24502 (full 5685): garbage-first heap   total 64512K, used 43432K [0x0000000083000000, 0x0000000100000000)
[2020-12-29T10:19:09.070-0500][gc,heap        ] GC(24501)   region size 1024K, 1 young (1024K), 1 survivors (1024K)
[2020-12-29T10:19:09.070-0500][gc,heap        ] GC(24501)  Metaspace       used 50336K, capacity 52472K, committed 53888K, reserved 1093632K
[2020-12-29T10:19:09.070-0500][gc,heap        ] GC(24501)   class space    used 7457K, capacity 8250K, committed 8832K, reserved 1048576K
[2020-12-29T10:19:09.070-0500][gc             ] GC(24501) Pause Young (Concurrent Start) (G1 Evacuation Pause) 52M->42M(63M) 6.372ms
[2020-12-29T10:19:09.071-0500][gc,cpu         ] GC(24501) User=0.01s Sys=0.00s Real=0.01s
[2020-12-29T10:19:09.071-0500][gc             ] GC(24502) Concurrent Cycle
[2020-12-29T10:19:09.071-0500][gc,marking     ] GC(24502) Concurrent Clear Claimed Marks
[2020-12-29T10:19:09.071-0500][gc,marking     ] GC(24502) Concurrent Clear Claimed Marks 0.287ms
[2020-12-29T10:19:09.071-0500][gc,marking     ] GC(24502) Concurrent Scan Root Regions
[2020-12-29T10:19:09.074-0500][gc,marking     ] GC(24502) Concurrent Scan Root Regions 2.282ms
[2020-12-29T10:19:09.074-0500][gc,marking     ] GC(24502) Concurrent Mark (1705346.461s)
[2020-12-29T10:19:09.074-0500][gc,marking     ] GC(24502) Concurrent Mark From Roots
[2020-12-29T10:19:09.074-0500][gc,task        ] GC(24502) Using 2 workers of 2 for marking
[2020-12-29T10:19:09.131-0500][gc,marking     ] GC(24502) Concurrent Mark From Roots 57.006ms
[2020-12-29T10:19:09.131-0500][gc,marking     ] GC(24502) Concurrent Preclean
[2020-12-29T10:19:09.131-0500][gc,marking     ] GC(24502) Concurrent Preclean 0.154ms
[2020-12-29T10:19:09.131-0500][gc,marking     ] GC(24502) Concurrent Mark (1705346.461s, 1705346.518s) 57.275ms
[2020-12-29T10:19:09.131-0500][gc,start       ] GC(24502) Pause Remark
[2020-12-29T10:19:09.137-0500][gc,stringtable ] GC(24502) Cleaned string and symbol table, strings: 33323 processed, 0 removed, symbols: 120973 processed, 0 removed
[2020-12-29T10:19:09.137-0500][gc             ] GC(24502) Pause Remark 42M->42M(63M) 5.764ms
[2020-12-29T10:19:09.137-0500][gc,cpu         ] GC(24502) User=0.02s Sys=0.00s Real=0.00s
[2020-12-29T10:19:09.137-0500][gc,marking     ] GC(24502) Concurrent Rebuild Remembered Sets
[2020-12-29T10:19:09.155-0500][gc,marking     ] GC(24502) Concurrent Rebuild Remembered Sets 17.629ms
[2020-12-29T10:19:09.155-0500][gc,start       ] GC(24502) Pause Cleanup
[2020-12-29T10:19:09.156-0500][gc             ] GC(24502) Pause Cleanup 42M->42M(63M) 0.198ms
[2020-12-29T10:19:09.156-0500][gc,cpu         ] GC(24502) User=0.00s Sys=0.00s Real=0.00s
[2020-12-29T10:19:09.156-0500][gc,marking     ] GC(24502) Concurrent Cleanup for Next Mark
[2020-12-29T10:19:09.156-0500][gc,marking     ] GC(24502) Concurrent Cleanup for Next Mark 0.270ms
[2020-12-29T10:19:09.156-0500][gc             ] GC(24502) Concurrent Cycle 85.176ms
[2020-12-29T10:21:19.069-0500][gc,heap        ] GC(24503) Heap before GC invocations=24503 (full 5685): garbage-first heap   total 64512K, used 51624K [0x0000000083000000, 0x0000000100000000)
[2020-12-29T10:21:19.069-0500][gc,heap        ] GC(24503)   region size 1024K, 10 young (10240K), 1 survivors (1024K)
[2020-12-29T10:21:19.069-0500][gc,heap        ] GC(24503)  Metaspace       used 50336K, capacity 52472K, committed 53888K, reserved 1093632K
[2020-12-29T10:21:19.069-0500][gc,heap        ] GC(24503)   class space    used 7457K, capacity 8250K, committed 8832K, reserved 1048576K
[2020-12-29T10:21:19.069-0500][gc,start       ] GC(24503) Pause Young (Normal) (G1 Evacuation Pause)
[2020-12-29T10:21:19.069-0500][gc,task        ] GC(24503) Using 8 workers of 8 for evacuation
[2020-12-29T10:21:19.074-0500][gc,phases      ] GC(24503)   Pre Evacuate Collection Set: 0.0ms
[2020-12-29T10:21:19.075-0500][gc,phases      ] GC(24503)   Evacuate Collection Set: 2.2ms
[2020-12-29T10:21:19.075-0500][gc,phases      ] GC(24503)   Post Evacuate Collection Set: 2.8ms
[2020-12-29T10:21:19.075-0500][gc,phases      ] GC(24503)   Other: 0.6ms
[2020-12-29T10:21:19.075-0500][gc,heap        ] GC(24503) Eden regions: 9->0(9)
[2020-12-29T10:21:19.075-0500][gc,heap        ] GC(24503) Survivor regions: 1->1(2)
[2020-12-29T10:21:19.075-0500][gc,heap        ] GC(24503) Old regions: 41->41
[2020-12-29T10:21:19.075-0500][gc,heap        ] GC(24503) Humongous regions: 4->4
[2020-12-29T10:21:19.075-0500][gc,metaspace   ] GC(24503) Metaspace: 50336K->50336K(1093632K)
[2020-12-29T10:21:19.075-0500][gc,heap        ] GC(24503) Heap after GC invocations=24504 (full 5685): garbage-first heap   total 64512K, used 43419K [0x0000000083000000, 0x0000000100000000)
[2020-12-29T10:21:19.075-0500][gc,heap        ] GC(24503)   region size 1024K, 1 young (1024K), 1 survivors (1024K)
[2020-12-29T10:21:19.075-0500][gc,heap        ] GC(24503)  Metaspace       used 50336K, capacity 52472K, committed 53888K, reserved 1093632K
[2020-12-29T10:21:19.075-0500][gc,heap        ] GC(24503)   class space    used 7457K, capacity 8250K, committed 8832K, reserved 1048576K
[2020-12-29T10:21:19.075-0500][gc             ] GC(24503) Pause Young (Normal) (G1 Evacuation Pause) 51M->42M(63M) 5.833ms
[2020-12-29T10:21:19.075-0500][gc,cpu         ] GC(24503) User=0.01s Sys=0.01s Real=0.00s
[2020-12-29T10:21:45.190-0500][gc,task        ] GC(24504) Using 5 workers of 8 for full compaction
[2020-12-29T10:21:45.190-0500][gc,start       ] GC(24504) Pause Full (System.gc())
[2020-12-29T10:21:45.190-0500][gc,heap        ] GC(24504) Heap before GC invocations=24504 (full 5685): garbage-first heap   total 64512K, used 44443K [0x0000000083000000, 0x0000000100000000)
[2020-12-29T10:21:45.190-0500][gc,heap        ] GC(24504)   region size 1024K, 3 young (3072K), 1 survivors (1024K)
[2020-12-29T10:21:45.190-0500][gc,heap        ] GC(24504)  Metaspace       used 50336K, capacity 52472K, committed 53888K, reserved 1093632K
[2020-12-29T10:21:45.190-0500][gc,heap        ] GC(24504)   class space    used 7457K, capacity 8250K, committed 8832K, reserved 1048576K
[2020-12-29T10:21:45.190-0500][gc,phases,start] GC(24504) Phase 1: Mark live objects
[2020-12-29T10:21:45.213-0500][gc,stringtable ] GC(24504) Cleaned string and symbol table, strings: 33323 processed, 4 removed, symbols: 120973 processed, 0 removed
[2020-12-29T10:21:45.213-0500][gc,phases      ] GC(24504) Phase 1: Mark live objects 22.927ms
[2020-12-29T10:21:45.213-0500][gc,phases,start] GC(24504) Phase 2: Prepare for compaction
[2020-12-29T10:21:45.217-0500][gc,phases      ] GC(24504) Phase 2: Prepare for compaction 4.240ms
[2020-12-29T10:21:45.218-0500][gc,phases,start] GC(24504) Phase 3: Adjust pointers
[2020-12-29T10:21:45.228-0500][gc,phases      ] GC(24504) Phase 3: Adjust pointers 10.615ms
[2020-12-29T10:21:45.228-0500][gc,phases,start] GC(24504) Phase 4: Compact heap
[2020-12-29T10:21:45.231-0500][gc,phases      ] GC(24504) Phase 4: Compact heap 2.765ms
[2020-12-29T10:21:45.236-0500][gc,heap        ] GC(24504) Eden regions: 2->0(9)
[2020-12-29T10:21:45.236-0500][gc,heap        ] GC(24504) Survivor regions: 1->0(2)
[2020-12-29T10:21:45.236-0500][gc,heap        ] GC(24504) Old regions: 41->42
[2020-12-29T10:21:45.236-0500][gc,heap        ] GC(24504) Humongous regions: 4->4
[2020-12-29T10:21:45.236-0500][gc,metaspace   ] GC(24504) Metaspace: 50336K->50336K(1093632K)
[2020-12-29T10:21:45.236-0500][gc,heap        ] GC(24504) Heap after GC invocations=24505 (full 5686): garbage-first heap   total 64512K, used 43332K [0x0000000083000000, 0x0000000100000000)
[2020-12-29T10:21:45.236-0500][gc,heap        ] GC(24504)   region size 1024K, 0 young (0K), 0 survivors (0K)
[2020-12-29T10:21:45.236-0500][gc,heap        ] GC(24504)  Metaspace       used 50336K, capacity 52472K, committed 53888K, reserved 1093632K
[2020-12-29T10:21:45.236-0500][gc,heap        ] GC(24504)   class space    used 7457K, capacity 8250K, committed 8832K, reserved 1048576K
[2020-12-29T10:21:45.236-0500][gc             ] GC(24504) Pause Full (System.gc()) 43M->42M(63M) 45.659ms
[2020-12-29T10:21:45.236-0500][gc,cpu         ] GC(24504) User=0.19s Sys=0.00s Real=0.04s
[2020-12-29T10:23:53.199-0500][gc,heap        ] GC(24505) Heap before GC invocations=24505 (full 5686): garbage-first heap   total 64512K, used 52548K [0x0000000083000000, 0x0000000100000000)
[2020-12-29T10:23:53.199-0500][gc,heap        ] GC(24505)   region size 1024K, 9 young (9216K), 0 survivors (0K)
[2020-12-29T10:23:53.199-0500][gc,heap        ] GC(24505)  Metaspace       used 50336K, capacity 52472K, committed 53888K, reserved 1093632K
[2020-12-29T10:23:53.199-0500][gc,heap        ] GC(24505)   class space    used 7457K, capacity 8250K, committed 8832K, reserved 1048576K
[2020-12-29T10:23:53.199-0500][gc,start       ] GC(24505) Pause Young (Concurrent Start) (G1 Evacuation Pause)
[2020-12-29T10:23:53.199-0500][gc,task        ] GC(24505) Using 8 workers of 8 for evacuation
[2020-12-29T10:23:53.204-0500][gc,phases      ] GC(24505)   Pre Evacuate Collection Set: 0.3ms
[2020-12-29T10:23:53.205-0500][gc,phases      ] GC(24505)   Evacuate Collection Set: 2.7ms
[2020-12-29T10:23:53.205-0500][gc,phases      ] GC(24505)   Post Evacuate Collection Set: 2.4ms
[2020-12-29T10:23:53.205-0500][gc,phases      ] GC(24505)   Other: 0.7ms
[2020-12-29T10:23:53.205-0500][gc,heap        ] GC(24505) Eden regions: 9->0(8)
[2020-12-29T10:23:53.205-0500][gc,heap        ] GC(24505) Survivor regions: 0->1(2)
[2020-12-29T10:23:53.205-0500][gc,heap        ] GC(24505) Old regions: 42->42
[2020-12-29T10:23:53.205-0500][gc,heap        ] GC(24505) Humongous regions: 4->4
[2020-12-29T10:23:53.205-0500][gc,metaspace   ] GC(24505) Metaspace: 50336K->50336K(1093632K)
[2020-12-29T10:23:53.205-0500][gc,heap        ] GC(24505) Heap after GC invocations=24506 (full 5686): garbage-first heap   total 64512K, used 43401K [0x0000000083000000, 0x0000000100000000)
[2020-12-29T10:23:53.205-0500][gc,heap        ] GC(24505)   region size 1024K, 1 young (1024K), 1 survivors (1024K)
[2020-12-29T10:23:53.205-0500][gc,heap        ] GC(24505)  Metaspace       used 50336K, capacity 52472K, committed 53888K, reserved 1093632K
[2020-12-29T10:23:53.205-0500][gc,heap        ] GC(24505)   class space    used 7457K, capacity 8250K, committed 8832K, reserved 1048576K
[2020-12-29T10:23:53.205-0500][gc             ] GC(24505) Pause Young (Concurrent Start) (G1 Evacuation Pause) 51M->42M(63M) 6.230ms
[2020-12-29T10:23:53.205-0500][gc,cpu         ] GC(24505) User=0.02s Sys=0.00s Real=0.00s
[2020-12-29T10:23:53.205-0500][gc             ] GC(24506) Concurrent Cycle
[2020-12-29T10:23:53.205-0500][gc,marking     ] GC(24506) Concurrent Clear Claimed Marks
[2020-12-29T10:23:53.206-0500][gc,marking     ] GC(24506) Concurrent Clear Claimed Marks 0.149ms
[2020-12-29T10:23:53.206-0500][gc,marking     ] GC(24506) Concurrent Scan Root Regions
[2020-12-29T10:23:53.208-0500][gc,marking     ] GC(24506) Concurrent Scan Root Regions 2.009ms
[2020-12-29T10:23:53.208-0500][gc,marking     ] GC(24506) Concurrent Mark (1705630.595s)
[2020-12-29T10:23:53.208-0500][gc,marking     ] GC(24506) Concurrent Mark From Roots
[2020-12-29T10:23:53.208-0500][gc,task        ] GC(24506) Using 2 workers of 2 for marking
[2020-12-29T10:23:53.269-0500][gc,marking     ] GC(24506) Concurrent Mark From Roots 60.839ms
[2020-12-29T10:23:53.269-0500][gc,marking     ] GC(24506) Concurrent Preclean
[2020-12-29T10:23:53.269-0500][gc,marking     ] GC(24506) Concurrent Preclean 0.152ms
[2020-12-29T10:23:53.269-0500][gc,marking     ] GC(24506) Concurrent Mark (1705630.595s, 1705630.656s) 61.115ms
[2020-12-29T10:23:53.269-0500][gc,start       ] GC(24506) Pause Remark
[2020-12-29T10:23:53.273-0500][gc,stringtable ] GC(24506) Cleaned string and symbol table, strings: 33323 processed, 0 removed, symbols: 120973 processed, 0 removed
[2020-12-29T10:23:53.273-0500][gc             ] GC(24506) Pause Remark 42M->42M(63M) 3.938ms
[2020-12-29T10:23:53.273-0500][gc,cpu         ] GC(24506) User=0.03s Sys=0.00s Real=0.00s
[2020-12-29T10:23:53.273-0500][gc,marking     ] GC(24506) Concurrent Rebuild Remembered Sets
[2020-12-29T10:23:53.294-0500][gc,marking     ] GC(24506) Concurrent Rebuild Remembered Sets 21.046ms
[2020-12-29T10:23:53.295-0500][gc,start       ] GC(24506) Pause Cleanup
[2020-12-29T10:23:53.295-0500][gc             ] GC(24506) Pause Cleanup 42M->42M(63M) 0.335ms
[2020-12-29T10:23:53.295-0500][gc,cpu         ] GC(24506) User=0.00s Sys=0.00s Real=0.00s
[2020-12-29T10:23:53.295-0500][gc,marking     ] GC(24506) Concurrent Cleanup for Next Mark
[2020-12-29T10:23:53.295-0500][gc,marking     ] GC(24506) Concurrent Cleanup for Next Mark 0.199ms
[2020-12-29T10:23:53.295-0500][gc             ] GC(24506) Concurrent Cycle 90.038ms
[2020-12-29T10:25:49.060-0500][gc,heap        ] GC(24507) Heap before GC invocations=24507 (full 5686): garbage-first heap   total 64512K, used 51587K [0x0000000083000000, 0x0000000100000000)
[2020-12-29T10:25:49.060-0500][gc,heap        ] GC(24507)   region size 1024K, 9 young (9216K), 1 survivors (1024K)
[2020-12-29T10:25:49.060-0500][gc,heap        ] GC(24507)  Metaspace       used 50336K, capacity 52472K, committed 53888K, reserved 1093632K
[2020-12-29T10:25:49.060-0500][gc,heap        ] GC(24507)   class space    used 7457K, capacity 8250K, committed 8832K, reserved 1048576K
[2020-12-29T10:25:49.060-0500][gc,start       ] GC(24507) Pause Young (Normal) (G1 Evacuation Pause)
[2020-12-29T10:25:49.060-0500][gc,task        ] GC(24507) Using 8 workers of 8 for evacuation
[2020-12-29T10:25:49.076-0500][gc,phases      ] GC(24507)   Pre Evacuate Collection Set: 0.0ms
[2020-12-29T10:25:49.076-0500][gc,phases      ] GC(24507)   Evacuate Collection Set: 10.0ms
[2020-12-29T10:25:49.076-0500][gc,phases      ] GC(24507)   Post Evacuate Collection Set: 5.9ms
[2020-12-29T10:25:49.076-0500][gc,phases      ] GC(24507)   Other: 0.2ms
[2020-12-29T10:25:49.076-0500][gc,heap        ] GC(24507) Eden regions: 8->0(9)
[2020-12-29T10:25:49.076-0500][gc,heap        ] GC(24507) Survivor regions: 1->1(2)
[2020-12-29T10:25:49.076-0500][gc,heap        ] GC(24507) Old regions: 41->41
[2020-12-29T10:25:49.076-0500][gc,heap        ] GC(24507) Humongous regions: 4->4
[2020-12-29T10:25:49.076-0500][gc,metaspace   ] GC(24507) Metaspace: 50336K->50336K(1093632K)
[2020-12-29T10:25:49.076-0500][gc,heap        ] GC(24507) Heap after GC invocations=24508 (full 5686): garbage-first heap   total 64512K, used 43398K [0x0000000083000000, 0x0000000100000000)
[2020-12-29T10:25:49.076-0500][gc,heap        ] GC(24507)   region size 1024K, 1 young (1024K), 1 survivors (1024K)
[2020-12-29T10:25:49.076-0500][gc,heap        ] GC(24507)  Metaspace       used 50336K, capacity 52472K, committed 53888K, reserved 1093632K
[2020-12-29T10:25:49.076-0500][gc,heap        ] GC(24507)   class space    used 7457K, capacity 8250K, committed 8832K, reserved 1048576K
[2020-12-29T10:25:49.076-0500][gc             ] GC(24507) Pause Young (Normal) (G1 Evacuation Pause) 50M->42M(63M) 16.277ms
[2020-12-29T10:25:49.076-0500][gc,cpu         ] GC(24507) User=0.12s Sys=0.00s Real=0.01s
[2020-12-29T10:26:45.190-0500][gc,task        ] GC(24508) Using 5 workers of 8 for full compaction
[2020-12-29T10:26:45.190-0500][gc,start       ] GC(24508) Pause Full (System.gc())
[2020-12-29T10:26:45.190-0500][gc,heap        ] GC(24508) Heap before GC invocations=24508 (full 5686): garbage-first heap   total 64512K, used 46470K [0x0000000083000000, 0x0000000100000000)
[2020-12-29T10:26:45.190-0500][gc,heap        ] GC(24508)   region size 1024K, 6 young (6144K), 1 survivors (1024K)
[2020-12-29T10:26:45.190-0500][gc,heap        ] GC(24508)  Metaspace       used 50336K, capacity 52472K, committed 53888K, reserved 1093632K
[2020-12-29T10:26:45.190-0500][gc,heap        ] GC(24508)   class space    used 7457K, capacity 8250K, committed 8832K, reserved 1048576K
[2020-12-29T10:26:45.190-0500][gc,phases,start] GC(24508) Phase 1: Mark live objects
[2020-12-29T10:26:45.209-0500][gc,stringtable ] GC(24508) Cleaned string and symbol table, strings: 33323 processed, 4 removed, symbols: 120973 processed, 0 removed
[2020-12-29T10:26:45.209-0500][gc,phases      ] GC(24508) Phase 1: Mark live objects 19.005ms
[2020-12-29T10:26:45.209-0500][gc,phases,start] GC(24508) Phase 2: Prepare for compaction
[2020-12-29T10:26:45.213-0500][gc,phases      ] GC(24508) Phase 2: Prepare for compaction 3.476ms
[2020-12-29T10:26:45.213-0500][gc,phases,start] GC(24508) Phase 3: Adjust pointers
[2020-12-29T10:26:45.223-0500][gc,phases      ] GC(24508) Phase 3: Adjust pointers 10.249ms
[2020-12-29T10:26:45.223-0500][gc,phases,start] GC(24508) Phase 4: Compact heap
[2020-12-29T10:26:45.226-0500][gc,phases      ] GC(24508) Phase 4: Compact heap 2.878ms
[2020-12-29T10:26:45.231-0500][gc,heap        ] GC(24508) Eden regions: 5->0(8)
[2020-12-29T10:26:45.231-0500][gc,heap        ] GC(24508) Survivor regions: 1->0(2)
[2020-12-29T10:26:45.231-0500][gc,heap        ] GC(24508) Old regions: 41->43
[2020-12-29T10:26:45.231-0500][gc,heap        ] GC(24508) Humongous regions: 4->4
[2020-12-29T10:26:45.231-0500][gc,metaspace   ] GC(24508) Metaspace: 50336K->50336K(1093632K)
[2020-12-29T10:26:45.231-0500][gc,heap        ] GC(24508) Heap after GC invocations=24509 (full 5687): garbage-first heap   total 64512K, used 43351K [0x0000000083000000, 0x0000000100000000)
[2020-12-29T10:26:45.231-0500][gc,heap        ] GC(24508)   region size 1024K, 0 young (0K), 0 survivors (0K)
[2020-12-29T10:26:45.231-0500][gc,heap        ] GC(24508)  Metaspace       used 50336K, capacity 52472K, committed 53888K, reserved 1093632K
[2020-12-29T10:26:45.231-0500][gc,heap        ] GC(24508)   class space    used 7457K, capacity 8250K, committed 8832K, reserved 1048576K
[2020-12-29T10:26:45.231-0500][gc             ] GC(24508) Pause Full (System.gc()) 46M->42M(63M) 41.061ms
[2020-12-29T10:26:45.231-0500][gc,cpu         ] GC(24508) User=0.16s Sys=0.00s Real=0.04s
[2020-12-29T10:28:39.059-0500][gc,heap        ] GC(24509) Heap before GC invocations=24509 (full 5687): garbage-first heap   total 64512K, used 51543K [0x0000000083000000, 0x0000000100000000)
[2020-12-29T10:28:39.059-0500][gc,heap        ] GC(24509)   region size 1024K, 8 young (8192K), 0 survivors (0K)
[2020-12-29T10:28:39.059-0500][gc,heap        ] GC(24509)  Metaspace       used 50336K, capacity 52472K, committed 53888K, reserved 1093632K
[2020-12-29T10:28:39.059-0500][gc,heap        ] GC(24509)   class space    used 7457K, capacity 8250K, committed 8832K, reserved 1048576K
[2020-12-29T10:28:39.059-0500][gc,start       ] GC(24509) Pause Young (Concurrent Start) (G1 Evacuation Pause)
[2020-12-29T10:28:39.059-0500][gc,task        ] GC(24509) Using 8 workers of 8 for evacuation
[2020-12-29T10:28:39.061-0500][gc,phases      ] GC(24509)   Pre Evacuate Collection Set: 0.2ms
[2020-12-29T10:28:39.062-0500][gc,phases      ] GC(24509)   Evacuate Collection Set: 1.3ms
[2020-12-29T10:28:39.062-0500][gc,phases      ] GC(24509)   Post Evacuate Collection Set: 0.9ms
[2020-12-29T10:28:39.062-0500][gc,phases      ] GC(24509)   Other: 0.3ms
[2020-12-29T10:28:39.062-0500][gc,heap        ] GC(24509) Eden regions: 8->0(7)
[2020-12-29T10:28:39.062-0500][gc,heap        ] GC(24509) Survivor regions: 0->1(1)
[2020-12-29T10:28:39.062-0500][gc,heap        ] GC(24509) Old regions: 43->43
[2020-12-29T10:28:39.062-0500][gc,heap        ] GC(24509) Humongous regions: 4->4
[2020-12-29T10:28:39.062-0500][gc,metaspace   ] GC(24509) Metaspace: 50336K->50336K(1093632K)
[2020-12-29T10:28:39.062-0500][gc,heap        ] GC(24509) Heap after GC invocations=24510 (full 5687): garbage-first heap   total 64512K, used 43422K [0x0000000083000000, 0x0000000100000000)
[2020-12-29T10:28:39.062-0500][gc,heap        ] GC(24509)   region size 1024K, 1 young (1024K), 1 survivors (1024K)
[2020-12-29T10:28:39.062-0500][gc,heap        ] GC(24509)  Metaspace       used 50336K, capacity 52472K, committed 53888K, reserved 1093632K
[2020-12-29T10:28:39.062-0500][gc,heap        ] GC(24509)   class space    used 7457K, capacity 8250K, committed 8832K, reserved 1048576K
[2020-12-29T10:28:39.062-0500][gc             ] GC(24509) Pause Young (Concurrent Start) (G1 Evacuation Pause) 50M->42M(63M) 2.748ms
[2020-12-29T10:28:39.062-0500][gc,cpu         ] GC(24509) User=0.01s Sys=0.00s Real=0.00s
[2020-12-29T10:28:39.062-0500][gc             ] GC(24510) Concurrent Cycle
[2020-12-29T10:28:39.062-0500][gc,marking     ] GC(24510) Concurrent Clear Claimed Marks
[2020-12-29T10:28:39.062-0500][gc,marking     ] GC(24510) Concurrent Clear Claimed Marks 0.047ms
[2020-12-29T10:28:39.062-0500][gc,marking     ] GC(24510) Concurrent Scan Root Regions
[2020-12-29T10:28:39.063-0500][gc,marking     ] GC(24510) Concurrent Scan Root Regions 0.957ms
[2020-12-29T10:28:39.063-0500][gc,marking     ] GC(24510) Concurrent Mark (1705916.450s)
[2020-12-29T10:28:39.063-0500][gc,marking     ] GC(24510) Concurrent Mark From Roots
[2020-12-29T10:28:39.063-0500][gc,task        ] GC(24510) Using 2 workers of 2 for marking
[2020-12-29T10:28:39.099-0500][gc,marking     ] GC(24510) Concurrent Mark From Roots 36.294ms
[2020-12-29T10:28:39.099-0500][gc,marking     ] GC(24510) Concurrent Preclean
[2020-12-29T10:28:39.099-0500][gc,marking     ] GC(24510) Concurrent Preclean 0.157ms
[2020-12-29T10:28:39.099-0500][gc,marking     ] GC(24510) Concurrent Mark (1705916.450s, 1705916.486s) 36.532ms
[2020-12-29T10:28:39.100-0500][gc,start       ] GC(24510) Pause Remark
[2020-12-29T10:28:39.103-0500][gc,stringtable ] GC(24510) Cleaned string and symbol table, strings: 33323 processed, 0 removed, symbols: 120973 processed, 0 removed
[2020-12-29T10:28:39.104-0500][gc             ] GC(24510) Pause Remark 42M->42M(63M) 4.151ms
[2020-12-29T10:28:39.104-0500][gc,cpu         ] GC(24510) User=0.03s Sys=0.00s Real=0.00s
[2020-12-29T10:28:39.104-0500][gc,marking     ] GC(24510) Concurrent Rebuild Remembered Sets
[2020-12-29T10:28:39.129-0500][gc,marking     ] GC(24510) Concurrent Rebuild Remembered Sets 24.652ms
[2020-12-29T10:28:39.129-0500][gc,start       ] GC(24510) Pause Cleanup
[2020-12-29T10:28:39.129-0500][gc             ] GC(24510) Pause Cleanup 42M->42M(63M) 0.251ms
[2020-12-29T10:28:39.129-0500][gc,cpu         ] GC(24510) User=0.00s Sys=0.00s Real=0.00s
[2020-12-29T10:28:39.129-0500][gc,marking     ] GC(24510) Concurrent Cleanup for Next Mark
[2020-12-29T10:28:39.130-0500][gc,marking     ] GC(24510) Concurrent Cleanup for Next Mark 0.496ms
[2020-12-29T10:28:39.130-0500][gc             ] GC(24510) Concurrent Cycle 68.203ms
[2020-12-29T10:30:17.281-0500][gc,heap        ] GC(24511) Heap before GC invocations=24511 (full 5687): garbage-first heap   total 64512K, used 49565K [0x0000000083000000, 0x0000000100000000)
[2020-12-29T10:30:17.281-0500][gc,heap        ] GC(24511)   region size 1024K, 8 young (8192K), 1 survivors (1024K)
[2020-12-29T10:30:17.281-0500][gc,heap        ] GC(24511)  Metaspace       used 50336K, capacity 52472K, committed 53888K, reserved 1093632K
[2020-12-29T10:30:17.281-0500][gc,heap        ] GC(24511)   class space    used 7457K, capacity 8250K, committed 8832K, reserved 1048576K
[2020-12-29T10:30:17.281-0500][gc,start       ] GC(24511) Pause Young (Normal) (G1 Evacuation Pause)
[2020-12-29T10:30:17.281-0500][gc,task        ] GC(24511) Using 8 workers of 8 for evacuation
[2020-12-29T10:30:17.283-0500][gc,phases      ] GC(24511)   Pre Evacuate Collection Set: 0.0ms
[2020-12-29T10:30:17.283-0500][gc,phases      ] GC(24511)   Evacuate Collection Set: 0.8ms
[2020-12-29T10:30:17.283-0500][gc,phases      ] GC(24511)   Post Evacuate Collection Set: 0.9ms
[2020-12-29T10:30:17.283-0500][gc,phases      ] GC(24511)   Other: 0.3ms
[2020-12-29T10:30:17.283-0500][gc,heap        ] GC(24511) Eden regions: 7->0(8)
[2020-12-29T10:30:17.283-0500][gc,heap        ] GC(24511) Survivor regions: 1->1(1)
[2020-12-29T10:30:17.283-0500][gc,heap        ] GC(24511) Old regions: 42->42
[2020-12-29T10:30:17.283-0500][gc,heap        ] GC(24511) Humongous regions: 4->4
[2020-12-29T10:30:17.283-0500][gc,metaspace   ] GC(24511) Metaspace: 50336K->50336K(1093632K)
[2020-12-29T10:30:17.283-0500][gc,heap        ] GC(24511) Heap after GC invocations=24512 (full 5687): garbage-first heap   total 64512K, used 43417K [0x0000000083000000, 0x0000000100000000)
[2020-12-29T10:30:17.283-0500][gc,heap        ] GC(24511)   region size 1024K, 1 young (1024K), 1 survivors (1024K)
[2020-12-29T10:30:17.283-0500][gc,heap        ] GC(24511)  Metaspace       used 50336K, capacity 52472K, committed 53888K, reserved 1093632K
[2020-12-29T10:30:17.283-0500][gc,heap        ] GC(24511)   class space    used 7457K, capacity 8250K, committed 8832K, reserved 1048576K
[2020-12-29T10:30:17.283-0500][gc             ] GC(24511) Pause Young (Normal) (G1 Evacuation Pause) 49M->42M(63M) 1.897ms
[2020-12-29T10:30:17.283-0500][gc,cpu         ] GC(24511) User=0.00s Sys=0.01s Real=0.00s
[2020-12-29T10:31:45.191-0500][gc,task        ] GC(24512) Using 5 workers of 8 for full compaction
[2020-12-29T10:31:45.191-0500][gc,start       ] GC(24512) Pause Full (System.gc())
[2020-12-29T10:31:45.191-0500][gc,heap        ] GC(24512) Heap before GC invocations=24512 (full 5687): garbage-first heap   total 64512K, used 48537K [0x0000000083000000, 0x0000000100000000)
[2020-12-29T10:31:45.191-0500][gc,heap        ] GC(24512)   region size 1024K, 8 young (8192K), 1 survivors (1024K)
[2020-12-29T10:31:45.191-0500][gc,heap        ] GC(24512)  Metaspace       used 50336K, capacity 52472K, committed 53888K, reserved 1093632K
[2020-12-29T10:31:45.191-0500][gc,heap        ] GC(24512)   class space    used 7457K, capacity 8250K, committed 8832K, reserved 1048576K
[2020-12-29T10:31:45.192-0500][gc,phases,start] GC(24512) Phase 1: Mark live objects
[2020-12-29T10:31:45.229-0500][gc,stringtable ] GC(24512) Cleaned string and symbol table, strings: 33323 processed, 4 removed, symbols: 120973 processed, 0 removed
[2020-12-29T10:31:45.229-0500][gc,phases      ] GC(24512) Phase 1: Mark live objects 37.850ms
[2020-12-29T10:31:45.229-0500][gc,phases,start] GC(24512) Phase 2: Prepare for compaction
[2020-12-29T10:31:45.233-0500][gc,phases      ] GC(24512) Phase 2: Prepare for compaction 3.735ms
[2020-12-29T10:31:45.233-0500][gc,phases,start] GC(24512) Phase 3: Adjust pointers
[2020-12-29T10:31:45.245-0500][gc,phases      ] GC(24512) Phase 3: Adjust pointers 12.049ms
[2020-12-29T10:31:45.245-0500][gc,phases,start] GC(24512) Phase 4: Compact heap
[2020-12-29T10:31:45.248-0500][gc,phases      ] GC(24512) Phase 4: Compact heap 3.097ms
[2020-12-29T10:31:45.253-0500][gc,heap        ] GC(24512) Eden regions: 7->0(9)
[2020-12-29T10:31:45.253-0500][gc,heap        ] GC(24512) Survivor regions: 1->0(1)
[2020-12-29T10:31:45.253-0500][gc,heap        ] GC(24512) Old regions: 42->42
[2020-12-29T10:31:45.253-0500][gc,heap        ] GC(24512) Humongous regions: 4->4
[2020-12-29T10:31:45.253-0500][gc,metaspace   ] GC(24512) Metaspace: 50336K->50336K(1093632K)
[2020-12-29T10:31:45.253-0500][gc,heap        ] GC(24512) Heap after GC invocations=24513 (full 5688): garbage-first heap   total 64512K, used 43361K [0x0000000083000000, 0x0000000100000000)
[2020-12-29T10:31:45.253-0500][gc,heap        ] GC(24512)   region size 1024K, 0 young (0K), 0 survivors (0K)
[2020-12-29T10:31:45.253-0500][gc,heap        ] GC(24512)  Metaspace       used 50336K, capacity 52472K, committed 53888K, reserved 1093632K
[2020-12-29T10:31:45.253-0500][gc,heap        ] GC(24512)   class space    used 7457K, capacity 8250K, committed 8832K, reserved 1048576K
[2020-12-29T10:31:45.253-0500][gc             ] GC(24512) Pause Full (System.gc()) 48M->42M(63M) 62.040ms
[2020-12-29T10:31:45.253-0500][gc,cpu         ] GC(24512) User=0.28s Sys=0.00s Real=0.06s
[2020-12-29T10:33:53.689-0500][gc,heap        ] GC(24513) Heap before GC invocations=24513 (full 5688): garbage-first heap   total 64512K, used 51553K [0x0000000083000000, 0x0000000100000000)
[2020-12-29T10:33:53.689-0500][gc,heap        ] GC(24513)   region size 1024K, 9 young (9216K), 0 survivors (0K)
[2020-12-29T10:33:53.689-0500][gc,heap        ] GC(24513)  Metaspace       used 50336K, capacity 52472K, committed 53888K, reserved 1093632K
[2020-12-29T10:33:53.689-0500][gc,heap        ] GC(24513)   class space    used 7457K, capacity 8250K, committed 8832K, reserved 1048576K
[2020-12-29T10:33:53.689-0500][gc,start       ] GC(24513) Pause Young (Concurrent Start) (G1 Evacuation Pause)
[2020-12-29T10:33:53.690-0500][gc,task        ] GC(24513) Using 8 workers of 8 for evacuation
[2020-12-29T10:33:53.700-0500][gc,phases      ] GC(24513)   Pre Evacuate Collection Set: 0.3ms
[2020-12-29T10:33:53.700-0500][gc,phases      ] GC(24513)   Evacuate Collection Set: 5.0ms
[2020-12-29T10:33:53.700-0500][gc,phases      ] GC(24513)   Post Evacuate Collection Set: 4.6ms
[2020-12-29T10:33:53.700-0500][gc,phases      ] GC(24513)   Other: 0.5ms
[2020-12-29T10:33:53.700-0500][gc,heap        ] GC(24513) Eden regions: 9->0(8)
[2020-12-29T10:33:53.700-0500][gc,heap        ] GC(24513) Survivor regions: 0->1(2)
[2020-12-29T10:33:53.700-0500][gc,heap        ] GC(24513) Old regions: 42->42
[2020-12-29T10:33:53.700-0500][gc,heap        ] GC(24513) Humongous regions: 4->4
[2020-12-29T10:33:53.700-0500][gc,metaspace   ] GC(24513) Metaspace: 50336K->50336K(1093632K)
[2020-12-29T10:33:53.700-0500][gc,heap        ] GC(24513) Heap after GC invocations=24514 (full 5688): garbage-first heap   total 64512K, used 43429K [0x0000000083000000, 0x0000000100000000)
[2020-12-29T10:33:53.700-0500][gc,heap        ] GC(24513)   region size 1024K, 1 young (1024K), 1 survivors (1024K)
[2020-12-29T10:33:53.700-0500][gc,heap        ] GC(24513)  Metaspace       used 50336K, capacity 52472K, committed 53888K, reserved 1093632K
[2020-12-29T10:33:53.700-0500][gc,heap        ] GC(24513)   class space    used 7457K, capacity 8250K, committed 8832K, reserved 1048576K
[2020-12-29T10:33:53.700-0500][gc             ] GC(24513) Pause Young (Concurrent Start) (G1 Evacuation Pause) 51M->42M(63M) 10.411ms
[2020-12-29T10:33:53.700-0500][gc,cpu         ] GC(24513) User=0.04s Sys=0.00s Real=0.01s
[2020-12-29T10:33:53.700-0500][gc             ] GC(24514) Concurrent Cycle
[2020-12-29T10:33:53.700-0500][gc,marking     ] GC(24514) Concurrent Clear Claimed Marks
[2020-12-29T10:33:53.701-0500][gc,marking     ] GC(24514) Concurrent Clear Claimed Marks 0.284ms
[2020-12-29T10:33:53.701-0500][gc,marking     ] GC(24514) Concurrent Scan Root Regions
[2020-12-29T10:33:53.702-0500][gc,marking     ] GC(24514) Concurrent Scan Root Regions 1.142ms
[2020-12-29T10:33:53.702-0500][gc,marking     ] GC(24514) Concurrent Mark (1706231.089s)
[2020-12-29T10:33:53.702-0500][gc,marking     ] GC(24514) Concurrent Mark From Roots
[2020-12-29T10:33:53.702-0500][gc,task        ] GC(24514) Using 2 workers of 2 for marking
[2020-12-29T10:33:53.748-0500][gc,marking     ] GC(24514) Concurrent Mark From Roots 45.703ms
[2020-12-29T10:33:53.748-0500][gc,marking     ] GC(24514) Concurrent Preclean
[2020-12-29T10:33:53.748-0500][gc,marking     ] GC(24514) Concurrent Preclean 0.182ms
[2020-12-29T10:33:53.748-0500][gc,marking     ] GC(24514) Concurrent Mark (1706231.089s, 1706231.135s) 45.979ms
[2020-12-29T10:33:53.748-0500][gc,start       ] GC(24514) Pause Remark
[2020-12-29T10:33:53.754-0500][gc,stringtable ] GC(24514) Cleaned string and symbol table, strings: 33323 processed, 0 removed, symbols: 120973 processed, 0 removed
[2020-12-29T10:33:53.754-0500][gc             ] GC(24514) Pause Remark 42M->42M(63M) 6.092ms
[2020-12-29T10:33:53.754-0500][gc,cpu         ] GC(24514) User=0.03s Sys=0.00s Real=0.00s
[2020-12-29T10:33:53.755-0500][gc,marking     ] GC(24514) Concurrent Rebuild Remembered Sets
[2020-12-29T10:33:53.782-0500][gc,marking     ] GC(24514) Concurrent Rebuild Remembered Sets 27.027ms
[2020-12-29T10:33:53.782-0500][gc,start       ] GC(24514) Pause Cleanup
[2020-12-29T10:33:53.782-0500][gc             ] GC(24514) Pause Cleanup 42M->42M(63M) 0.181ms
[2020-12-29T10:33:53.782-0500][gc,cpu         ] GC(24514) User=0.00s Sys=0.00s Real=0.00s
[2020-12-29T10:33:53.782-0500][gc,marking     ] GC(24514) Concurrent Cleanup for Next Mark
[2020-12-29T10:33:53.783-0500][gc,marking     ] GC(24514) Concurrent Cleanup for Next Mark 0.279ms
[2020-12-29T10:33:53.783-0500][gc             ] GC(24514) Concurrent Cycle 82.482ms
[2020-12-29T10:35:49.069-0500][gc,heap        ] GC(24515) Heap before GC invocations=24515 (full 5688): garbage-first heap   total 64512K, used 50590K [0x0000000083000000, 0x0000000100000000)
[2020-12-29T10:35:49.070-0500][gc,heap        ] GC(24515)   region size 1024K, 9 young (9216K), 1 survivors (1024K)
[2020-12-29T10:35:49.070-0500][gc,heap        ] GC(24515)  Metaspace       used 50336K, capacity 52472K, committed 53888K, reserved 1093632K
[2020-12-29T10:35:49.070-0500][gc,heap        ] GC(24515)   class space    used 7457K, capacity 8250K, committed 8832K, reserved 1048576K
[2020-12-29T10:35:49.070-0500][gc,start       ] GC(24515) Pause Young (Normal) (G1 Evacuation Pause)
[2020-12-29T10:35:49.070-0500][gc,task        ] GC(24515) Using 8 workers of 8 for evacuation
[2020-12-29T10:35:49.076-0500][gc,phases      ] GC(24515)   Pre Evacuate Collection Set: 0.0ms
[2020-12-29T10:35:49.076-0500][gc,phases      ] GC(24515)   Evacuate Collection Set: 2.3ms
[2020-12-29T10:35:49.076-0500][gc,phases      ] GC(24515)   Post Evacuate Collection Set: 3.6ms
[2020-12-29T10:35:49.076-0500][gc,phases      ] GC(24515)   Other: 0.4ms
[2020-12-29T10:35:49.076-0500][gc,heap        ] GC(24515) Eden regions: 8->0(9)
[2020-12-29T10:35:49.076-0500][gc,heap        ] GC(24515) Survivor regions: 1->1(2)
[2020-12-29T10:35:49.076-0500][gc,heap        ] GC(24515) Old regions: 41->41
[2020-12-29T10:35:49.076-0500][gc,heap        ] GC(24515) Humongous regions: 4->4
[2020-12-29T10:35:49.076-0500][gc,metaspace   ] GC(24515) Metaspace: 50336K->50336K(1093632K)
[2020-12-29T10:35:49.076-0500][gc,heap        ] GC(24515) Heap after GC invocations=24516 (full 5688): garbage-first heap   total 64512K, used 43416K [0x0000000083000000, 0x0000000100000000)
[2020-12-29T10:35:49.076-0500][gc,heap        ] GC(24515)   region size 1024K, 1 young (1024K), 1 survivors (1024K)
[2020-12-29T10:35:49.076-0500][gc,heap        ] GC(24515)  Metaspace       used 50336K, capacity 52472K, committed 53888K, reserved 1093632K
[2020-12-29T10:35:49.076-0500][gc,heap        ] GC(24515)   class space    used 7457K, capacity 8250K, committed 8832K, reserved 1048576K
[2020-12-29T10:35:49.076-0500][gc             ] GC(24515) Pause Young (Normal) (G1 Evacuation Pause) 50M->42M(63M) 6.600ms
[2020-12-29T10:35:49.076-0500][gc,cpu         ] GC(24515) User=0.01s Sys=0.01s Real=0.00s
[2020-12-29T10:36:45.190-0500][gc,task        ] GC(24516) Using 5 workers of 8 for full compaction
[2020-12-29T10:36:45.190-0500][gc,start       ] GC(24516) Pause Full (System.gc())
[2020-12-29T10:36:45.190-0500][gc,heap        ] GC(24516) Heap before GC invocations=24516 (full 5688): garbage-first heap   total 64512K, used 45464K [0x0000000083000000, 0x0000000100000000)
[2020-12-29T10:36:45.190-0500][gc,heap        ] GC(24516)   region size 1024K, 5 young (5120K), 1 survivors (1024K)
[2020-12-29T10:36:45.190-0500][gc,heap        ] GC(24516)  Metaspace       used 50336K, capacity 52472K, committed 53888K, reserved 1093632K
[2020-12-29T10:36:45.190-0500][gc,heap        ] GC(24516)   class space    used 7457K, capacity 8250K, committed 8832K, reserved 1048576K
[2020-12-29T10:36:45.190-0500][gc,phases,start] GC(24516) Phase 1: Mark live objects
[2020-12-29T10:36:45.228-0500][gc,stringtable ] GC(24516) Cleaned string and symbol table, strings: 33323 processed, 4 removed, symbols: 120973 processed, 0 removed
[2020-12-29T10:36:45.228-0500][gc,phases      ] GC(24516) Phase 1: Mark live objects 37.958ms
[2020-12-29T10:36:45.228-0500][gc,phases,start] GC(24516) Phase 2: Prepare for compaction
[2020-12-29T10:36:45.233-0500][gc,phases      ] GC(24516) Phase 2: Prepare for compaction 4.371ms
[2020-12-29T10:36:45.233-0500][gc,phases,start] GC(24516) Phase 3: Adjust pointers
[2020-12-29T10:36:45.248-0500][gc,phases      ] GC(24516) Phase 3: Adjust pointers 15.524ms
[2020-12-29T10:36:45.249-0500][gc,phases,start] GC(24516) Phase 4: Compact heap
[2020-12-29T10:36:45.254-0500][gc,phases      ] GC(24516) Phase 4: Compact heap 5.039ms
[2020-12-29T10:36:45.258-0500][gc,heap        ] GC(24516) Eden regions: 4->0(9)
[2020-12-29T10:36:45.258-0500][gc,heap        ] GC(24516) Survivor regions: 1->0(2)
[2020-12-29T10:36:45.258-0500][gc,heap        ] GC(24516) Old regions: 41->42
[2020-12-29T10:36:45.258-0500][gc,heap        ] GC(24516) Humongous regions: 4->4
[2020-12-29T10:36:45.258-0500][gc,metaspace   ] GC(24516) Metaspace: 50336K->50336K(1093632K)
[2020-12-29T10:36:45.258-0500][gc,heap        ] GC(24516) Heap after GC invocations=24517 (full 5689): garbage-first heap   total 64512K, used 43354K [0x0000000083000000, 0x0000000100000000)
[2020-12-29T10:36:45.258-0500][gc,heap        ] GC(24516)   region size 1024K, 0 young (0K), 0 survivors (0K)
[2020-12-29T10:36:45.258-0500][gc,heap        ] GC(24516)  Metaspace       used 50336K, capacity 52472K, committed 53888K, reserved 1093632K
[2020-12-29T10:36:45.258-0500][gc,heap        ] GC(24516)   class space    used 7457K, capacity 8250K, committed 8832K, reserved 1048576K
[2020-12-29T10:36:45.258-0500][gc             ] GC(24516) Pause Full (System.gc()) 46M->42M(63M) 68.144ms
[2020-12-29T10:36:45.258-0500][gc,cpu         ] GC(24516) User=0.29s Sys=0.00s Real=0.07s
[2020-12-29T10:38:49.064-0500][gc,heap        ] GC(24517) Heap before GC invocations=24517 (full 5689): garbage-first heap   total 64512K, used 52570K [0x0000000083000000, 0x0000000100000000)
[2020-12-29T10:38:49.064-0500][gc,heap        ] GC(24517)   region size 1024K, 9 young (9216K), 0 survivors (0K)
[2020-12-29T10:38:49.064-0500][gc,heap        ] GC(24517)  Metaspace       used 50336K, capacity 52472K, committed 53888K, reserved 1093632K
[2020-12-29T10:38:49.064-0500][gc,heap        ] GC(24517)   class space    used 7457K, capacity 8250K, committed 8832K, reserved 1048576K
[2020-12-29T10:38:49.064-0500][gc,start       ] GC(24517) Pause Young (Concurrent Start) (G1 Evacuation Pause)
[2020-12-29T10:38:49.064-0500][gc,task        ] GC(24517) Using 8 workers of 8 for evacuation
[2020-12-29T10:38:49.068-0500][gc,phases      ] GC(24517)   Pre Evacuate Collection Set: 0.3ms
[2020-12-29T10:38:49.068-0500][gc,phases      ] GC(24517)   Evacuate Collection Set: 2.0ms
[2020-12-29T10:38:49.068-0500][gc,phases      ] GC(24517)   Post Evacuate Collection Set: 1.3ms
[2020-12-29T10:38:49.068-0500][gc,phases      ] GC(24517)   Other: 0.4ms
[2020-12-29T10:38:49.068-0500][gc,heap        ] GC(24517) Eden regions: 9->0(8)
[2020-12-29T10:38:49.068-0500][gc,heap        ] GC(24517) Survivor regions: 0->1(2)
[2020-12-29T10:38:49.068-0500][gc,heap        ] GC(24517) Old regions: 42->42
[2020-12-29T10:38:49.068-0500][gc,heap        ] GC(24517) Humongous regions: 4->4
[2020-12-29T10:38:49.068-0500][gc,metaspace   ] GC(24517) Metaspace: 50336K->50336K(1093632K)
[2020-12-29T10:38:49.068-0500][gc,heap        ] GC(24517) Heap after GC invocations=24518 (full 5689): garbage-first heap   total 64512K, used 43447K [0x0000000083000000, 0x0000000100000000)
[2020-12-29T10:38:49.068-0500][gc,heap        ] GC(24517)   region size 1024K, 1 young (1024K), 1 survivors (1024K)
[2020-12-29T10:38:49.068-0500][gc,heap        ] GC(24517)  Metaspace       used 50336K, capacity 52472K, committed 53888K, reserved 1093632K
[2020-12-29T10:38:49.068-0500][gc,heap        ] GC(24517)   class space    used 7457K, capacity 8250K, committed 8832K, reserved 1048576K
[2020-12-29T10:38:49.068-0500][gc             ] GC(24517) Pause Young (Concurrent Start) (G1 Evacuation Pause) 51M->42M(63M) 4.073ms
[2020-12-29T10:38:49.069-0500][gc,cpu         ] GC(24517) User=0.00s Sys=0.00s Real=0.01s
[2020-12-29T10:38:49.069-0500][gc             ] GC(24518) Concurrent Cycle
[2020-12-29T10:38:49.069-0500][gc,marking     ] GC(24518) Concurrent Clear Claimed Marks
[2020-12-29T10:38:49.069-0500][gc,marking     ] GC(24518) Concurrent Clear Claimed Marks 0.080ms
[2020-12-29T10:38:49.069-0500][gc,marking     ] GC(24518) Concurrent Scan Root Regions
[2020-12-29T10:38:49.072-0500][gc,marking     ] GC(24518) Concurrent Scan Root Regions 2.743ms
[2020-12-29T10:38:49.072-0500][gc,marking     ] GC(24518) Concurrent Mark (1706526.459s)
[2020-12-29T10:38:49.072-0500][gc,marking     ] GC(24518) Concurrent Mark From Roots
[2020-12-29T10:38:49.072-0500][gc,task        ] GC(24518) Using 2 workers of 2 for marking
[2020-12-29T10:38:49.135-0500][gc,marking     ] GC(24518) Concurrent Mark From Roots 63.347ms
[2020-12-29T10:38:49.135-0500][gc,marking     ] GC(24518) Concurrent Preclean
[2020-12-29T10:38:49.135-0500][gc,marking     ] GC(24518) Concurrent Preclean 0.153ms
[2020-12-29T10:38:49.135-0500][gc,marking     ] GC(24518) Concurrent Mark (1706526.459s, 1706526.522s) 63.587ms
[2020-12-29T10:38:49.136-0500][gc,start       ] GC(24518) Pause Remark
[2020-12-29T10:38:49.140-0500][gc,stringtable ] GC(24518) Cleaned string and symbol table, strings: 33323 processed, 0 removed, symbols: 120973 processed, 0 removed
[2020-12-29T10:38:49.140-0500][gc             ] GC(24518) Pause Remark 42M->42M(63M) 4.490ms
[2020-12-29T10:38:49.140-0500][gc,cpu         ] GC(24518) User=0.02s Sys=0.00s Real=0.01s
[2020-12-29T10:38:49.140-0500][gc,marking     ] GC(24518) Concurrent Rebuild Remembered Sets
[2020-12-29T10:38:49.158-0500][gc,marking     ] GC(24518) Concurrent Rebuild Remembered Sets 17.967ms
[2020-12-29T10:38:49.159-0500][gc,start       ] GC(24518) Pause Cleanup
[2020-12-29T10:38:49.159-0500][gc             ] GC(24518) Pause Cleanup 42M->42M(63M) 0.170ms
[2020-12-29T10:38:49.159-0500][gc,cpu         ] GC(24518) User=0.00s Sys=0.00s Real=0.00s
[2020-12-29T10:38:49.159-0500][gc,marking     ] GC(24518) Concurrent Cleanup for Next Mark
[2020-12-29T10:38:49.159-0500][gc,marking     ] GC(24518) Concurrent Cleanup for Next Mark 0.179ms
[2020-12-29T10:38:49.159-0500][gc             ] GC(24518) Concurrent Cycle 90.470ms
[2020-12-29T10:40:49.052-0500][gc,heap        ] GC(24519) Heap before GC invocations=24519 (full 5689): garbage-first heap   total 64512K, used 50603K [0x0000000083000000, 0x0000000100000000)
[2020-12-29T10:40:49.053-0500][gc,heap        ] GC(24519)   region size 1024K, 9 young (9216K), 1 survivors (1024K)
[2020-12-29T10:40:49.053-0500][gc,heap        ] GC(24519)  Metaspace       used 50336K, capacity 52472K, committed 53888K, reserved 1093632K
[2020-12-29T10:40:49.053-0500][gc,heap        ] GC(24519)   class space    used 7457K, capacity 8250K, committed 8832K, reserved 1048576K
[2020-12-29T10:40:49.053-0500][gc,start       ] GC(24519) Pause Young (Normal) (G1 Evacuation Pause)
[2020-12-29T10:40:49.053-0500][gc,task        ] GC(24519) Using 8 workers of 8 for evacuation
[2020-12-29T10:40:49.059-0500][gc,phases      ] GC(24519)   Pre Evacuate Collection Set: 0.0ms
[2020-12-29T10:40:49.059-0500][gc,phases      ] GC(24519)   Evacuate Collection Set: 3.2ms
[2020-12-29T10:40:49.059-0500][gc,phases      ] GC(24519)   Post Evacuate Collection Set: 3.0ms
[2020-12-29T10:40:49.059-0500][gc,phases      ] GC(24519)   Other: 0.7ms
[2020-12-29T10:40:49.060-0500][gc,heap        ] GC(24519) Eden regions: 8->0(9)
[2020-12-29T10:40:49.060-0500][gc,heap        ] GC(24519) Survivor regions: 1->1(2)
[2020-12-29T10:40:49.060-0500][gc,heap        ] GC(24519) Old regions: 41->41
[2020-12-29T10:40:49.060-0500][gc,heap        ] GC(24519) Humongous regions: 4->4
[2020-12-29T10:40:49.060-0500][gc,metaspace   ] GC(24519) Metaspace: 50336K->50336K(1093632K)
[2020-12-29T10:40:49.060-0500][gc,heap        ] GC(24519) Heap after GC invocations=24520 (full 5689): garbage-first heap   total 64512K, used 43409K [0x0000000083000000, 0x0000000100000000)
[2020-12-29T10:40:49.060-0500][gc,heap        ] GC(24519)   region size 1024K, 1 young (1024K), 1 survivors (1024K)
[2020-12-29T10:40:49.060-0500][gc,heap        ] GC(24519)  Metaspace       used 50336K, capacity 52472K, committed 53888K, reserved 1093632K
[2020-12-29T10:40:49.060-0500][gc,heap        ] GC(24519)   class space    used 7457K, capacity 8250K, committed 8832K, reserved 1048576K
[2020-12-29T10:40:49.060-0500][gc             ] GC(24519) Pause Young (Normal) (G1 Evacuation Pause) 50M->42M(63M) 7.095ms
[2020-12-29T10:40:49.060-0500][gc,cpu         ] GC(24519) User=0.03s Sys=0.00s Real=0.01s
[2020-12-29T10:41:45.191-0500][gc,task        ] GC(24520) Using 5 workers of 8 for full compaction
[2020-12-29T10:41:45.191-0500][gc,start       ] GC(24520) Pause Full (System.gc())
[2020-12-29T10:41:45.191-0500][gc,heap        ] GC(24520) Heap before GC invocations=24520 (full 5689): garbage-first heap   total 64512K, used 47505K [0x0000000083000000, 0x0000000100000000)
[2020-12-29T10:41:45.191-0500][gc,heap        ] GC(24520)   region size 1024K, 6 young (6144K), 1 survivors (1024K)
[2020-12-29T10:41:45.191-0500][gc,heap        ] GC(24520)  Metaspace       used 50336K, capacity 52472K, committed 53888K, reserved 1093632K
[2020-12-29T10:41:45.191-0500][gc,heap        ] GC(24520)   class space    used 7457K, capacity 8250K, committed 8832K, reserved 1048576K
[2020-12-29T10:41:45.191-0500][gc,phases,start] GC(24520) Phase 1: Mark live objects
[2020-12-29T10:41:45.230-0500][gc,stringtable ] GC(24520) Cleaned string and symbol table, strings: 33323 processed, 4 removed, symbols: 120973 processed, 0 removed
[2020-12-29T10:41:45.230-0500][gc,phases      ] GC(24520) Phase 1: Mark live objects 38.600ms
[2020-12-29T10:41:45.230-0500][gc,phases,start] GC(24520) Phase 2: Prepare for compaction
[2020-12-29T10:41:45.234-0500][gc,phases      ] GC(24520) Phase 2: Prepare for compaction 3.821ms
[2020-12-29T10:41:45.234-0500][gc,phases,start] GC(24520) Phase 3: Adjust pointers
[2020-12-29T10:41:45.243-0500][gc,phases      ] GC(24520) Phase 3: Adjust pointers 9.701ms
[2020-12-29T10:41:45.243-0500][gc,phases,start] GC(24520) Phase 4: Compact heap
[2020-12-29T10:41:45.246-0500][gc,phases      ] GC(24520) Phase 4: Compact heap 2.668ms
[2020-12-29T10:41:45.251-0500][gc,heap        ] GC(24520) Eden regions: 5->0(9)
[2020-12-29T10:41:45.251-0500][gc,heap        ] GC(24520) Survivor regions: 1->0(2)
[2020-12-29T10:41:45.251-0500][gc,heap        ] GC(24520) Old regions: 41->42
[2020-12-29T10:41:45.251-0500][gc,heap        ] GC(24520) Humongous regions: 4->4
[2020-12-29T10:41:45.251-0500][gc,metaspace   ] GC(24520) Metaspace: 50336K->50336K(1093632K)
[2020-12-29T10:41:45.251-0500][gc,heap        ] GC(24520) Heap after GC invocations=24521 (full 5690): garbage-first heap   total 64512K, used 43350K [0x0000000083000000, 0x0000000100000000)
[2020-12-29T10:41:45.251-0500][gc,heap        ] GC(24520)   region size 1024K, 0 young (0K), 0 survivors (0K)
[2020-12-29T10:41:45.251-0500][gc,heap        ] GC(24520)  Metaspace       used 50336K, capacity 52472K, committed 53888K, reserved 1093632K
[2020-12-29T10:41:45.251-0500][gc,heap        ] GC(24520)   class space    used 7457K, capacity 8250K, committed 8832K, reserved 1048576K
[2020-12-29T10:41:45.251-0500][gc             ] GC(24520) Pause Full (System.gc()) 46M->42M(63M) 59.797ms
[2020-12-29T10:41:45.251-0500][gc,cpu         ] GC(24520) User=0.26s Sys=0.00s Real=0.06s
[2020-12-29T10:43:57.906-0500][gc,heap        ] GC(24521) Heap before GC invocations=24521 (full 5690): garbage-first heap   total 64512K, used 52566K [0x0000000083000000, 0x0000000100000000)
[2020-12-29T10:43:57.906-0500][gc,heap        ] GC(24521)   region size 1024K, 9 young (9216K), 0 survivors (0K)
[2020-12-29T10:43:57.906-0500][gc,heap        ] GC(24521)  Metaspace       used 50336K, capacity 52472K, committed 53888K, reserved 1093632K
[2020-12-29T10:43:57.906-0500][gc,heap        ] GC(24521)   class space    used 7457K, capacity 8250K, committed 8832K, reserved 1048576K
[2020-12-29T10:43:57.906-0500][gc,start       ] GC(24521) Pause Young (Concurrent Start) (G1 Evacuation Pause)
[2020-12-29T10:43:57.906-0500][gc,task        ] GC(24521) Using 8 workers of 8 for evacuation
[2020-12-29T10:43:57.909-0500][gc,phases      ] GC(24521)   Pre Evacuate Collection Set: 0.3ms
[2020-12-29T10:43:57.909-0500][gc,phases      ] GC(24521)   Evacuate Collection Set: 1.6ms
[2020-12-29T10:43:57.909-0500][gc,phases      ] GC(24521)   Post Evacuate Collection Set: 1.4ms
[2020-12-29T10:43:57.909-0500][gc,phases      ] GC(24521)   Other: 0.3ms
[2020-12-29T10:43:57.909-0500][gc,heap        ] GC(24521) Eden regions: 9->0(8)
[2020-12-29T10:43:57.909-0500][gc,heap        ] GC(24521) Survivor regions: 0->1(2)
[2020-12-29T10:43:57.909-0500][gc,heap        ] GC(24521) Old regions: 42->42
[2020-12-29T10:43:57.909-0500][gc,heap        ] GC(24521) Humongous regions: 4->4
[2020-12-29T10:43:57.909-0500][gc,metaspace   ] GC(24521) Metaspace: 50336K->50336K(1093632K)
[2020-12-29T10:43:57.909-0500][gc,heap        ] GC(24521) Heap after GC invocations=24522 (full 5690): garbage-first heap   total 64512K, used 43414K [0x0000000083000000, 0x0000000100000000)
[2020-12-29T10:43:57.909-0500][gc,heap        ] GC(24521)   region size 1024K, 1 young (1024K), 1 survivors (1024K)
[2020-12-29T10:43:57.909-0500][gc,heap        ] GC(24521)  Metaspace       used 50336K, capacity 52472K, committed 53888K, reserved 1093632K
[2020-12-29T10:43:57.909-0500][gc,heap        ] GC(24521)   class space    used 7457K, capacity 8250K, committed 8832K, reserved 1048576K
[2020-12-29T10:43:57.909-0500][gc             ] GC(24521) Pause Young (Concurrent Start) (G1 Evacuation Pause) 51M->42M(63M) 3.614ms
[2020-12-29T10:43:57.909-0500][gc,cpu         ] GC(24521) User=0.00s Sys=0.00s Real=0.01s
[2020-12-29T10:43:57.909-0500][gc             ] GC(24522) Concurrent Cycle
[2020-12-29T10:43:57.909-0500][gc,marking     ] GC(24522) Concurrent Clear Claimed Marks
[2020-12-29T10:43:57.910-0500][gc,marking     ] GC(24522) Concurrent Clear Claimed Marks 0.083ms
[2020-12-29T10:43:57.910-0500][gc,marking     ] GC(24522) Concurrent Scan Root Regions
[2020-12-29T10:43:57.910-0500][gc,marking     ] GC(24522) Concurrent Scan Root Regions 0.803ms
[2020-12-29T10:43:57.910-0500][gc,marking     ] GC(24522) Concurrent Mark (1706835.297s)
[2020-12-29T10:43:57.910-0500][gc,marking     ] GC(24522) Concurrent Mark From Roots
[2020-12-29T10:43:57.910-0500][gc,task        ] GC(24522) Using 2 workers of 2 for marking
[2020-12-29T10:43:57.960-0500][gc,marking     ] GC(24522) Concurrent Mark From Roots 49.558ms
[2020-12-29T10:43:57.960-0500][gc,marking     ] GC(24522) Concurrent Preclean
[2020-12-29T10:43:57.960-0500][gc,marking     ] GC(24522) Concurrent Preclean 0.160ms
[2020-12-29T10:43:57.961-0500][gc,marking     ] GC(24522) Concurrent Mark (1706835.297s, 1706835.348s) 50.253ms
[2020-12-29T10:43:57.961-0500][gc,start       ] GC(24522) Pause Remark
[2020-12-29T10:43:57.968-0500][gc,stringtable ] GC(24522) Cleaned string and symbol table, strings: 33323 processed, 0 removed, symbols: 120973 processed, 0 removed
[2020-12-29T10:43:57.968-0500][gc             ] GC(24522) Pause Remark 42M->42M(63M) 7.203ms
[2020-12-29T10:43:57.968-0500][gc,cpu         ] GC(24522) User=0.04s Sys=0.00s Real=0.01s
[2020-12-29T10:43:57.968-0500][gc,marking     ] GC(24522) Concurrent Rebuild Remembered Sets
[2020-12-29T10:43:57.990-0500][gc,marking     ] GC(24522) Concurrent Rebuild Remembered Sets 21.763ms
[2020-12-29T10:43:57.991-0500][gc,start       ] GC(24522) Pause Cleanup
[2020-12-29T10:43:57.991-0500][gc             ] GC(24522) Pause Cleanup 42M->42M(63M) 0.212ms
[2020-12-29T10:43:57.991-0500][gc,cpu         ] GC(24522) User=0.01s Sys=0.00s Real=0.00s
[2020-12-29T10:43:57.991-0500][gc,marking     ] GC(24522) Concurrent Cleanup for Next Mark
[2020-12-29T10:43:57.991-0500][gc,marking     ] GC(24522) Concurrent Cleanup for Next Mark 0.270ms
[2020-12-29T10:43:57.991-0500][gc             ] GC(24522) Concurrent Cycle 81.868ms
[2020-12-29T10:45:49.067-0500][gc,heap        ] GC(24523) Heap before GC invocations=24523 (full 5690): garbage-first heap   total 64512K, used 50574K [0x0000000083000000, 0x0000000100000000)
[2020-12-29T10:45:49.067-0500][gc,heap        ] GC(24523)   region size 1024K, 9 young (9216K), 1 survivors (1024K)
[2020-12-29T10:45:49.067-0500][gc,heap        ] GC(24523)  Metaspace       used 50336K, capacity 52472K, committed 53888K, reserved 1093632K
[2020-12-29T10:45:49.067-0500][gc,heap        ] GC(24523)   class space    used 7457K, capacity 8250K, committed 8832K, reserved 1048576K
[2020-12-29T10:45:49.067-0500][gc,start       ] GC(24523) Pause Young (Normal) (G1 Evacuation Pause)
[2020-12-29T10:45:49.067-0500][gc,task        ] GC(24523) Using 8 workers of 8 for evacuation
[2020-12-29T10:45:49.072-0500][gc,phases      ] GC(24523)   Pre Evacuate Collection Set: 0.0ms
[2020-12-29T10:45:49.072-0500][gc,phases      ] GC(24523)   Evacuate Collection Set: 1.8ms
[2020-12-29T10:45:49.072-0500][gc,phases      ] GC(24523)   Post Evacuate Collection Set: 2.4ms
[2020-12-29T10:45:49.072-0500][gc,phases      ] GC(24523)   Other: 0.5ms
[2020-12-29T10:45:49.072-0500][gc,heap        ] GC(24523) Eden regions: 8->0(9)
[2020-12-29T10:45:49.072-0500][gc,heap        ] GC(24523) Survivor regions: 1->1(2)
[2020-12-29T10:45:49.072-0500][gc,heap        ] GC(24523) Old regions: 41->41
[2020-12-29T10:45:49.072-0500][gc,heap        ] GC(24523) Humongous regions: 4->4
[2020-12-29T10:45:49.072-0500][gc,metaspace   ] GC(24523) Metaspace: 50336K->50336K(1093632K)
[2020-12-29T10:45:49.072-0500][gc,heap        ] GC(24523) Heap after GC invocations=24524 (full 5690): garbage-first heap   total 64512K, used 43405K [0x0000000083000000, 0x0000000100000000)
[2020-12-29T10:45:49.072-0500][gc,heap        ] GC(24523)   region size 1024K, 1 young (1024K), 1 survivors (1024K)
[2020-12-29T10:45:49.072-0500][gc,heap        ] GC(24523)  Metaspace       used 50336K, capacity 52472K, committed 53888K, reserved 1093632K
[2020-12-29T10:45:49.072-0500][gc,heap        ] GC(24523)   class space    used 7457K, capacity 8250K, committed 8832K, reserved 1048576K
[2020-12-29T10:45:49.072-0500][gc             ] GC(24523) Pause Young (Normal) (G1 Evacuation Pause) 50M->42M(63M) 5.192ms
[2020-12-29T10:45:49.073-0500][gc,cpu         ] GC(24523) User=0.01s Sys=0.01s Real=0.01s
[2020-12-29T10:46:45.189-0500][gc,task        ] GC(24524) Using 5 workers of 8 for full compaction
[2020-12-29T10:46:45.189-0500][gc,start       ] GC(24524) Pause Full (System.gc())
[2020-12-29T10:46:45.189-0500][gc,heap        ] GC(24524) Heap before GC invocations=24524 (full 5690): garbage-first heap   total 64512K, used 45453K [0x0000000083000000, 0x0000000100000000)
[2020-12-29T10:46:45.189-0500][gc,heap        ] GC(24524)   region size 1024K, 5 young (5120K), 1 survivors (1024K)
[2020-12-29T10:46:45.189-0500][gc,heap        ] GC(24524)  Metaspace       used 50336K, capacity 52472K, committed 53888K, reserved 1093632K
[2020-12-29T10:46:45.189-0500][gc,heap        ] GC(24524)   class space    used 7457K, capacity 8250K, committed 8832K, reserved 1048576K
[2020-12-29T10:46:45.190-0500][gc,phases,start] GC(24524) Phase 1: Mark live objects
[2020-12-29T10:46:45.233-0500][gc,stringtable ] GC(24524) Cleaned string and symbol table, strings: 33323 processed, 4 removed, symbols: 120973 processed, 0 removed
[2020-12-29T10:46:45.233-0500][gc,phases      ] GC(24524) Phase 1: Mark live objects 42.708ms
[2020-12-29T10:46:45.233-0500][gc,phases,start] GC(24524) Phase 2: Prepare for compaction
[2020-12-29T10:46:45.236-0500][gc,phases      ] GC(24524) Phase 2: Prepare for compaction 3.332ms
[2020-12-29T10:46:45.236-0500][gc,phases,start] GC(24524) Phase 3: Adjust pointers
[2020-12-29T10:46:45.246-0500][gc,phases      ] GC(24524) Phase 3: Adjust pointers 9.904ms
[2020-12-29T10:46:45.246-0500][gc,phases,start] GC(24524) Phase 4: Compact heap
[2020-12-29T10:46:45.249-0500][gc,phases      ] GC(24524) Phase 4: Compact heap 3.034ms
[2020-12-29T10:46:45.253-0500][gc,heap        ] GC(24524) Eden regions: 4->0(8)
[2020-12-29T10:46:45.253-0500][gc,heap        ] GC(24524) Survivor regions: 1->0(2)
[2020-12-29T10:46:45.253-0500][gc,heap        ] GC(24524) Old regions: 41->43
[2020-12-29T10:46:45.253-0500][gc,heap        ] GC(24524) Humongous regions: 4->4
[2020-12-29T10:46:45.253-0500][gc,metaspace   ] GC(24524) Metaspace: 50336K->50336K(1093632K)
[2020-12-29T10:46:45.253-0500][gc,heap        ] GC(24524) Heap after GC invocations=24525 (full 5691): garbage-first heap   total 64512K, used 43351K [0x0000000083000000, 0x0000000100000000)
[2020-12-29T10:46:45.253-0500][gc,heap        ] GC(24524)   region size 1024K, 0 young (0K), 0 survivors (0K)
[2020-12-29T10:46:45.253-0500][gc,heap        ] GC(24524)  Metaspace       used 50336K, capacity 52472K, committed 53888K, reserved 1093632K
[2020-12-29T10:46:45.253-0500][gc,heap        ] GC(24524)   class space    used 7457K, capacity 8250K, committed 8832K, reserved 1048576K
[2020-12-29T10:46:45.253-0500][gc             ] GC(24524) Pause Full (System.gc()) 46M->42M(63M) 64.031ms
[2020-12-29T10:46:45.253-0500][gc,cpu         ] GC(24524) User=0.29s Sys=0.00s Real=0.06s
[2020-12-29T10:48:39.062-0500][gc,heap        ] GC(24525) Heap before GC invocations=24525 (full 5691): garbage-first heap   total 64512K, used 50519K [0x0000000083000000, 0x0000000100000000)
[2020-12-29T10:48:39.063-0500][gc,heap        ] GC(24525)   region size 1024K, 8 young (8192K), 0 survivors (0K)
[2020-12-29T10:48:39.063-0500][gc,heap        ] GC(24525)  Metaspace       used 50336K, capacity 52472K, committed 53888K, reserved 1093632K
[2020-12-29T10:48:39.063-0500][gc,heap        ] GC(24525)   class space    used 7457K, capacity 8250K, committed 8832K, reserved 1048576K
[2020-12-29T10:48:39.063-0500][gc,start       ] GC(24525) Pause Young (Concurrent Start) (G1 Evacuation Pause)
[2020-12-29T10:48:39.063-0500][gc,task        ] GC(24525) Using 8 workers of 8 for evacuation
[2020-12-29T10:48:39.066-0500][gc,phases      ] GC(24525)   Pre Evacuate Collection Set: 0.2ms
[2020-12-29T10:48:39.066-0500][gc,phases      ] GC(24525)   Evacuate Collection Set: 1.8ms
[2020-12-29T10:48:39.066-0500][gc,phases      ] GC(24525)   Post Evacuate Collection Set: 1.5ms
[2020-12-29T10:48:39.066-0500][gc,phases      ] GC(24525)   Other: 0.3ms
[2020-12-29T10:48:39.066-0500][gc,heap        ] GC(24525) Eden regions: 8->0(7)
[2020-12-29T10:48:39.066-0500][gc,heap        ] GC(24525) Survivor regions: 0->1(1)
[2020-12-29T10:48:39.066-0500][gc,heap        ] GC(24525) Old regions: 43->43
[2020-12-29T10:48:39.066-0500][gc,heap        ] GC(24525) Humongous regions: 4->4
[2020-12-29T10:48:39.066-0500][gc,metaspace   ] GC(24525) Metaspace: 50336K->50336K(1093632K)
[2020-12-29T10:48:39.066-0500][gc,heap        ] GC(24525) Heap after GC invocations=24526 (full 5691): garbage-first heap   total 64512K, used 43424K [0x0000000083000000, 0x0000000100000000)
[2020-12-29T10:48:39.066-0500][gc,heap        ] GC(24525)   region size 1024K, 1 young (1024K), 1 survivors (1024K)
[2020-12-29T10:48:39.066-0500][gc,heap        ] GC(24525)  Metaspace       used 50336K, capacity 52472K, committed 53888K, reserved 1093632K
[2020-12-29T10:48:39.066-0500][gc,heap        ] GC(24525)   class space    used 7457K, capacity 8250K, committed 8832K, reserved 1048576K
[2020-12-29T10:48:39.067-0500][gc             ] GC(24525) Pause Young (Concurrent Start) (G1 Evacuation Pause) 50M->42M(63M) 3.935ms
[2020-12-29T10:48:39.067-0500][gc,cpu         ] GC(24525) User=0.01s Sys=0.01s Real=0.00s
[2020-12-29T10:48:39.067-0500][gc             ] GC(24526) Concurrent Cycle
[2020-12-29T10:48:39.067-0500][gc,marking     ] GC(24526) Concurrent Clear Claimed Marks
[2020-12-29T10:48:39.067-0500][gc,marking     ] GC(24526) Concurrent Clear Claimed Marks 0.124ms
[2020-12-29T10:48:39.067-0500][gc,marking     ] GC(24526) Concurrent Scan Root Regions
[2020-12-29T10:48:39.068-0500][gc,marking     ] GC(24526) Concurrent Scan Root Regions 0.832ms
[2020-12-29T10:48:39.068-0500][gc,marking     ] GC(24526) Concurrent Mark (1707116.455s)
[2020-12-29T10:48:39.068-0500][gc,marking     ] GC(24526) Concurrent Mark From Roots
[2020-12-29T10:48:39.068-0500][gc,task        ] GC(24526) Using 2 workers of 2 for marking
[2020-12-29T10:48:39.116-0500][gc,marking     ] GC(24526) Concurrent Mark From Roots 48.583ms
[2020-12-29T10:48:39.116-0500][gc,marking     ] GC(24526) Concurrent Preclean
[2020-12-29T10:48:39.117-0500][gc,marking     ] GC(24526) Concurrent Preclean 0.156ms
[2020-12-29T10:48:39.117-0500][gc,marking     ] GC(24526) Concurrent Mark (1707116.455s, 1707116.504s) 48.828ms
[2020-12-29T10:48:39.117-0500][gc,start       ] GC(24526) Pause Remark
[2020-12-29T10:48:39.121-0500][gc,stringtable ] GC(24526) Cleaned string and symbol table, strings: 33323 processed, 0 removed, symbols: 120973 processed, 0 removed
[2020-12-29T10:48:39.122-0500][gc             ] GC(24526) Pause Remark 42M->42M(63M) 4.827ms
[2020-12-29T10:48:39.122-0500][gc,cpu         ] GC(24526) User=0.02s Sys=0.00s Real=0.01s
[2020-12-29T10:48:39.122-0500][gc,marking     ] GC(24526) Concurrent Rebuild Remembered Sets
[2020-12-29T10:48:39.140-0500][gc,marking     ] GC(24526) Concurrent Rebuild Remembered Sets 17.524ms
[2020-12-29T10:48:39.140-0500][gc,start       ] GC(24526) Pause Cleanup
[2020-12-29T10:48:39.140-0500][gc             ] GC(24526) Pause Cleanup 42M->42M(63M) 0.336ms
[2020-12-29T10:48:39.140-0500][gc,cpu         ] GC(24526) User=0.00s Sys=0.00s Real=0.00s
[2020-12-29T10:48:39.140-0500][gc,marking     ] GC(24526) Concurrent Cleanup for Next Mark
[2020-12-29T10:48:39.141-0500][gc,marking     ] GC(24526) Concurrent Cleanup for Next Mark 0.269ms
[2020-12-29T10:48:39.141-0500][gc             ] GC(24526) Concurrent Cycle 73.904ms
[2020-12-29T10:50:19.062-0500][gc,heap        ] GC(24527) Heap before GC invocations=24527 (full 5691): garbage-first heap   total 64512K, used 50571K [0x0000000083000000, 0x0000000100000000)
[2020-12-29T10:50:19.062-0500][gc,heap        ] GC(24527)   region size 1024K, 8 young (8192K), 1 survivors (1024K)
[2020-12-29T10:50:19.062-0500][gc,heap        ] GC(24527)  Metaspace       used 50336K, capacity 52472K, committed 53888K, reserved 1093632K
[2020-12-29T10:50:19.062-0500][gc,heap        ] GC(24527)   class space    used 7457K, capacity 8250K, committed 8832K, reserved 1048576K
[2020-12-29T10:50:19.062-0500][gc,start       ] GC(24527) Pause Young (Normal) (G1 Evacuation Pause)
[2020-12-29T10:50:19.062-0500][gc,task        ] GC(24527) Using 8 workers of 8 for evacuation
[2020-12-29T10:50:19.067-0500][gc,phases      ] GC(24527)   Pre Evacuate Collection Set: 0.0ms
[2020-12-29T10:50:19.067-0500][gc,phases      ] GC(24527)   Evacuate Collection Set: 1.3ms
[2020-12-29T10:50:19.067-0500][gc,phases      ] GC(24527)   Post Evacuate Collection Set: 3.2ms
[2020-12-29T10:50:19.067-0500][gc,phases      ] GC(24527)   Other: 0.2ms
[2020-12-29T10:50:19.067-0500][gc,heap        ] GC(24527) Eden regions: 7->0(9)
[2020-12-29T10:50:19.067-0500][gc,heap        ] GC(24527) Survivor regions: 1->1(1)
[2020-12-29T10:50:19.067-0500][gc,heap        ] GC(24527) Old regions: 41->41
[2020-12-29T10:50:19.067-0500][gc,heap        ] GC(24527) Humongous regions: 4->4
[2020-12-29T10:50:19.067-0500][gc,metaspace   ] GC(24527) Metaspace: 50336K->50336K(1093632K)
[2020-12-29T10:50:19.067-0500][gc,heap        ] GC(24527) Heap after GC invocations=24528 (full 5691): garbage-first heap   total 64512K, used 43402K [0x0000000083000000, 0x0000000100000000)
[2020-12-29T10:50:19.067-0500][gc,heap        ] GC(24527)   region size 1024K, 1 young (1024K), 1 survivors (1024K)
[2020-12-29T10:50:19.067-0500][gc,heap        ] GC(24527)  Metaspace       used 50336K, capacity 52472K, committed 53888K, reserved 1093632K
[2020-12-29T10:50:19.067-0500][gc,heap        ] GC(24527)   class space    used 7457K, capacity 8250K, committed 8832K, reserved 1048576K
[2020-12-29T10:50:19.067-0500][gc             ] GC(24527) Pause Young (Normal) (G1 Evacuation Pause) 49M->42M(63M) 4.797ms
[2020-12-29T10:50:19.067-0500][gc,cpu         ] GC(24527) User=0.02s Sys=0.01s Real=0.00s
[2020-12-29T10:51:45.190-0500][gc,task        ] GC(24528) Using 5 workers of 8 for full compaction
[2020-12-29T10:51:45.190-0500][gc,start       ] GC(24528) Pause Full (System.gc())
[2020-12-29T10:51:45.190-0500][gc,heap        ] GC(24528) Heap before GC invocations=24528 (full 5691): garbage-first heap   total 64512K, used 47498K [0x0000000083000000, 0x0000000100000000)
[2020-12-29T10:51:45.190-0500][gc,heap        ] GC(24528)   region size 1024K, 7 young (7168K), 1 survivors (1024K)
[2020-12-29T10:51:45.190-0500][gc,heap        ] GC(24528)  Metaspace       used 50336K, capacity 52472K, committed 53888K, reserved 1093632K
[2020-12-29T10:51:45.191-0500][gc,heap        ] GC(24528)   class space    used 7457K, capacity 8250K, committed 8832K, reserved 1048576K
[2020-12-29T10:51:45.191-0500][gc,phases,start] GC(24528) Phase 1: Mark live objects
[2020-12-29T10:51:45.239-0500][gc,stringtable ] GC(24528) Cleaned string and symbol table, strings: 33323 processed, 4 removed, symbols: 120973 processed, 0 removed
[2020-12-29T10:51:45.239-0500][gc,phases      ] GC(24528) Phase 1: Mark live objects 47.972ms
[2020-12-29T10:51:45.239-0500][gc,phases,start] GC(24528) Phase 2: Prepare for compaction
[2020-12-29T10:51:45.243-0500][gc,phases      ] GC(24528) Phase 2: Prepare for compaction 3.548ms
[2020-12-29T10:51:45.243-0500][gc,phases,start] GC(24528) Phase 3: Adjust pointers
[2020-12-29T10:51:45.254-0500][gc,phases      ] GC(24528) Phase 3: Adjust pointers 11.122ms
[2020-12-29T10:51:45.254-0500][gc,phases,start] GC(24528) Phase 4: Compact heap
[2020-12-29T10:51:45.257-0500][gc,phases      ] GC(24528) Phase 4: Compact heap 2.824ms
[2020-12-29T10:51:45.261-0500][gc,heap        ] GC(24528) Eden regions: 6->0(8)
[2020-12-29T10:51:45.261-0500][gc,heap        ] GC(24528) Survivor regions: 1->0(1)
[2020-12-29T10:51:45.261-0500][gc,heap        ] GC(24528) Old regions: 41->43
[2020-12-29T10:51:45.261-0500][gc,heap        ] GC(24528) Humongous regions: 4->4
[2020-12-29T10:51:45.261-0500][gc,metaspace   ] GC(24528) Metaspace: 50336K->50336K(1093632K)
[2020-12-29T10:51:45.261-0500][gc,heap        ] GC(24528) Heap after GC invocations=24529 (full 5692): garbage-first heap   total 64512K, used 43356K [0x0000000083000000, 0x0000000100000000)
[2020-12-29T10:51:45.261-0500][gc,heap        ] GC(24528)   region size 1024K, 0 young (0K), 0 survivors (0K)
[2020-12-29T10:51:45.261-0500][gc,heap        ] GC(24528)  Metaspace       used 50336K, capacity 52472K, committed 53888K, reserved 1093632K
[2020-12-29T10:51:45.261-0500][gc,heap        ] GC(24528)   class space    used 7457K, capacity 8250K, committed 8832K, reserved 1048576K
[2020-12-29T10:51:45.261-0500][gc             ] GC(24528) Pause Full (System.gc()) 48M->42M(63M) 70.830ms
[2020-12-29T10:51:45.261-0500][gc,cpu         ] GC(24528) User=0.31s Sys=0.00s Real=0.07s
[2020-12-29T10:53:39.905-0500][gc,heap        ] GC(24529) Heap before GC invocations=24529 (full 5692): garbage-first heap   total 64512K, used 51548K [0x0000000083000000, 0x0000000100000000)
[2020-12-29T10:53:39.905-0500][gc,heap        ] GC(24529)   region size 1024K, 8 young (8192K), 0 survivors (0K)
[2020-12-29T10:53:39.905-0500][gc,heap        ] GC(24529)  Metaspace       used 50336K, capacity 52472K, committed 53888K, reserved 1093632K
[2020-12-29T10:53:39.905-0500][gc,heap        ] GC(24529)   class space    used 7457K, capacity 8250K, committed 8832K, reserved 1048576K
[2020-12-29T10:53:39.905-0500][gc,start       ] GC(24529) Pause Young (Concurrent Start) (G1 Evacuation Pause)
[2020-12-29T10:53:39.905-0500][gc,task        ] GC(24529) Using 8 workers of 8 for evacuation
[2020-12-29T10:53:39.908-0500][gc,phases      ] GC(24529)   Pre Evacuate Collection Set: 0.2ms
[2020-12-29T10:53:39.908-0500][gc,phases      ] GC(24529)   Evacuate Collection Set: 1.2ms
[2020-12-29T10:53:39.908-0500][gc,phases      ] GC(24529)   Post Evacuate Collection Set: 1.6ms
[2020-12-29T10:53:39.909-0500][gc,phases      ] GC(24529)   Other: 0.3ms
[2020-12-29T10:53:39.909-0500][gc,heap        ] GC(24529) Eden regions: 8->0(7)
[2020-12-29T10:53:39.909-0500][gc,heap        ] GC(24529) Survivor regions: 0->1(1)
[2020-12-29T10:53:39.909-0500][gc,heap        ] GC(24529) Old regions: 43->43
[2020-12-29T10:53:39.909-0500][gc,heap        ] GC(24529) Humongous regions: 4->4
[2020-12-29T10:53:39.909-0500][gc,metaspace   ] GC(24529) Metaspace: 50336K->50336K(1093632K)
[2020-12-29T10:53:39.909-0500][gc,heap        ] GC(24529) Heap after GC invocations=24530 (full 5692): garbage-first heap   total 64512K, used 43418K [0x0000000083000000, 0x0000000100000000)
[2020-12-29T10:53:39.909-0500][gc,heap        ] GC(24529)   region size 1024K, 1 young (1024K), 1 survivors (1024K)
[2020-12-29T10:53:39.909-0500][gc,heap        ] GC(24529)  Metaspace       used 50336K, capacity 52472K, committed 53888K, reserved 1093632K
[2020-12-29T10:53:39.909-0500][gc,heap        ] GC(24529)   class space    used 7457K, capacity 8250K, committed 8832K, reserved 1048576K
[2020-12-29T10:53:39.909-0500][gc             ] GC(24529) Pause Young (Concurrent Start) (G1 Evacuation Pause) 50M->42M(63M) 3.475ms
[2020-12-29T10:53:39.909-0500][gc,cpu         ] GC(24529) User=0.00s Sys=0.01s Real=0.01s
[2020-12-29T10:53:39.909-0500][gc             ] GC(24530) Concurrent Cycle
[2020-12-29T10:53:39.909-0500][gc,marking     ] GC(24530) Concurrent Clear Claimed Marks
[2020-12-29T10:53:39.909-0500][gc,marking     ] GC(24530) Concurrent Clear Claimed Marks 0.211ms
[2020-12-29T10:53:39.909-0500][gc,marking     ] GC(24530) Concurrent Scan Root Regions
[2020-12-29T10:53:39.910-0500][gc,marking     ] GC(24530) Concurrent Scan Root Regions 0.807ms
[2020-12-29T10:53:39.910-0500][gc,marking     ] GC(24530) Concurrent Mark (1707417.297s)
[2020-12-29T10:53:39.910-0500][gc,marking     ] GC(24530) Concurrent Mark From Roots
[2020-12-29T10:53:39.910-0500][gc,task        ] GC(24530) Using 2 workers of 2 for marking
[2020-12-29T10:53:39.958-0500][gc,marking     ] GC(24530) Concurrent Mark From Roots 48.358ms
[2020-12-29T10:53:39.958-0500][gc,marking     ] GC(24530) Concurrent Preclean
[2020-12-29T10:53:39.959-0500][gc,marking     ] GC(24530) Concurrent Preclean 0.473ms
[2020-12-29T10:53:39.959-0500][gc,marking     ] GC(24530) Concurrent Mark (1707417.297s, 1707417.346s) 49.059ms
[2020-12-29T10:53:39.960-0500][gc,start       ] GC(24530) Pause Remark
[2020-12-29T10:53:39.964-0500][gc,stringtable ] GC(24530) Cleaned string and symbol table, strings: 33323 processed, 0 removed, symbols: 120973 processed, 0 removed
[2020-12-29T10:53:39.965-0500][gc             ] GC(24530) Pause Remark 42M->42M(63M) 5.340ms
[2020-12-29T10:53:39.965-0500][gc,cpu         ] GC(24530) User=0.02s Sys=0.00s Real=0.00s
[2020-12-29T10:53:39.965-0500][gc,marking     ] GC(24530) Concurrent Rebuild Remembered Sets
[2020-12-29T10:53:39.985-0500][gc,marking     ] GC(24530) Concurrent Rebuild Remembered Sets 19.894ms
[2020-12-29T10:53:39.985-0500][gc,start       ] GC(24530) Pause Cleanup
[2020-12-29T10:53:39.986-0500][gc             ] GC(24530) Pause Cleanup 42M->42M(63M) 0.315ms
[2020-12-29T10:53:39.986-0500][gc,cpu         ] GC(24530) User=0.00s Sys=0.00s Real=0.00s
[2020-12-29T10:53:39.986-0500][gc,marking     ] GC(24530) Concurrent Cleanup for Next Mark
[2020-12-29T10:53:39.986-0500][gc,marking     ] GC(24530) Concurrent Cleanup for Next Mark 0.225ms
[2020-12-29T10:53:39.986-0500][gc             ] GC(24530) Concurrent Cycle 77.110ms
[2020-12-29T10:55:19.062-0500][gc,heap        ] GC(24531) Heap before GC invocations=24531 (full 5692): garbage-first heap   total 64512K, used 49534K [0x0000000083000000, 0x0000000100000000)
[2020-12-29T10:55:19.062-0500][gc,heap        ] GC(24531)   region size 1024K, 8 young (8192K), 1 survivors (1024K)
[2020-12-29T10:55:19.062-0500][gc,heap        ] GC(24531)  Metaspace       used 50336K, capacity 52472K, committed 53888K, reserved 1093632K
[2020-12-29T10:55:19.062-0500][gc,heap        ] GC(24531)   class space    used 7457K, capacity 8250K, committed 8832K, reserved 1048576K
[2020-12-29T10:55:19.062-0500][gc,start       ] GC(24531) Pause Young (Normal) (G1 Evacuation Pause)
[2020-12-29T10:55:19.062-0500][gc,task        ] GC(24531) Using 8 workers of 8 for evacuation
[2020-12-29T10:55:19.064-0500][gc,phases      ] GC(24531)   Pre Evacuate Collection Set: 0.0ms
[2020-12-29T10:55:19.064-0500][gc,phases      ] GC(24531)   Evacuate Collection Set: 0.7ms
[2020-12-29T10:55:19.064-0500][gc,phases      ] GC(24531)   Post Evacuate Collection Set: 0.7ms
[2020-12-29T10:55:19.064-0500][gc,phases      ] GC(24531)   Other: 0.3ms
[2020-12-29T10:55:19.064-0500][gc,heap        ] GC(24531) Eden regions: 7->0(9)
[2020-12-29T10:55:19.064-0500][gc,heap        ] GC(24531) Survivor regions: 1->1(1)
[2020-12-29T10:55:19.064-0500][gc,heap        ] GC(24531) Old regions: 41->41
[2020-12-29T10:55:19.064-0500][gc,heap        ] GC(24531) Humongous regions: 4->4
[2020-12-29T10:55:19.064-0500][gc,metaspace   ] GC(24531) Metaspace: 50336K->50336K(1093632K)
[2020-12-29T10:55:19.064-0500][gc,heap        ] GC(24531) Heap after GC invocations=24532 (full 5692): garbage-first heap   total 64512K, used 43416K [0x0000000083000000, 0x0000000100000000)
[2020-12-29T10:55:19.064-0500][gc,heap        ] GC(24531)   region size 1024K, 1 young (1024K), 1 survivors (1024K)
[2020-12-29T10:55:19.064-0500][gc,heap        ] GC(24531)  Metaspace       used 50336K, capacity 52472K, committed 53888K, reserved 1093632K
[2020-12-29T10:55:19.064-0500][gc,heap        ] GC(24531)   class space    used 7457K, capacity 8250K, committed 8832K, reserved 1048576K
[2020-12-29T10:55:19.064-0500][gc             ] GC(24531) Pause Young (Normal) (G1 Evacuation Pause) 49M->42M(63M) 1.758ms
[2020-12-29T10:55:19.064-0500][gc,cpu         ] GC(24531) User=0.00s Sys=0.00s Real=0.00s
[2020-12-29T10:56:45.191-0500][gc,task        ] GC(24532) Using 5 workers of 8 for full compaction
[2020-12-29T10:56:45.191-0500][gc,start       ] GC(24532) Pause Full (System.gc())
[2020-12-29T10:56:45.191-0500][gc,heap        ] GC(24532) Heap before GC invocations=24532 (full 5692): garbage-first heap   total 64512K, used 48536K [0x0000000083000000, 0x0000000100000000)
[2020-12-29T10:56:45.191-0500][gc,heap        ] GC(24532)   region size 1024K, 7 young (7168K), 1 survivors (1024K)
[2020-12-29T10:56:45.191-0500][gc,heap        ] GC(24532)  Metaspace       used 50336K, capacity 52472K, committed 53888K, reserved 1093632K
[2020-12-29T10:56:45.191-0500][gc,heap        ] GC(24532)   class space    used 7457K, capacity 8250K, committed 8832K, reserved 1048576K
[2020-12-29T10:56:45.192-0500][gc,phases,start] GC(24532) Phase 1: Mark live objects
[2020-12-29T10:56:45.243-0500][gc,stringtable ] GC(24532) Cleaned string and symbol table, strings: 33323 processed, 4 removed, symbols: 120973 processed, 0 removed
[2020-12-29T10:56:45.243-0500][gc,phases      ] GC(24532) Phase 1: Mark live objects 50.946ms
[2020-12-29T10:56:45.243-0500][gc,phases,start] GC(24532) Phase 2: Prepare for compaction
[2020-12-29T10:56:45.247-0500][gc,phases      ] GC(24532) Phase 2: Prepare for compaction 3.944ms
[2020-12-29T10:56:45.247-0500][gc,phases,start] GC(24532) Phase 3: Adjust pointers
[2020-12-29T10:56:45.260-0500][gc,phases      ] GC(24532) Phase 3: Adjust pointers 13.063ms
[2020-12-29T10:56:45.260-0500][gc,phases,start] GC(24532) Phase 4: Compact heap
[2020-12-29T10:56:45.263-0500][gc,phases      ] GC(24532) Phase 4: Compact heap 2.825ms
[2020-12-29T10:56:45.267-0500][gc,heap        ] GC(24532) Eden regions: 6->0(9)
[2020-12-29T10:56:45.267-0500][gc,heap        ] GC(24532) Survivor regions: 1->0(1)
[2020-12-29T10:56:45.267-0500][gc,heap        ] GC(24532) Old regions: 41->42
[2020-12-29T10:56:45.267-0500][gc,heap        ] GC(24532) Humongous regions: 4->4
[2020-12-29T10:56:45.267-0500][gc,metaspace   ] GC(24532) Metaspace: 50336K->50336K(1093632K)
[2020-12-29T10:56:45.267-0500][gc,heap        ] GC(24532) Heap after GC invocations=24533 (full 5693): garbage-first heap   total 64512K, used 43357K [0x0000000083000000, 0x0000000100000000)
[2020-12-29T10:56:45.267-0500][gc,heap        ] GC(24532)   region size 1024K, 0 young (0K), 0 survivors (0K)
[2020-12-29T10:56:45.267-0500][gc,heap        ] GC(24532)  Metaspace       used 50336K, capacity 52472K, committed 53888K, reserved 1093632K
[2020-12-29T10:56:45.267-0500][gc,heap        ] GC(24532)   class space    used 7457K, capacity 8250K, committed 8832K, reserved 1048576K
[2020-12-29T10:56:45.267-0500][gc             ] GC(24532) Pause Full (System.gc()) 48M->42M(63M) 76.295ms
[2020-12-29T10:56:45.267-0500][gc,cpu         ] GC(24532) User=0.34s Sys=0.00s Real=0.07s
[2020-12-29T10:58:54.622-0500][gc,heap        ] GC(24533) Heap before GC invocations=24533 (full 5693): garbage-first heap   total 64512K, used 51549K [0x0000000083000000, 0x0000000100000000)
[2020-12-29T10:58:54.622-0500][gc,heap        ] GC(24533)   region size 1024K, 9 young (9216K), 0 survivors (0K)
[2020-12-29T10:58:54.622-0500][gc,heap        ] GC(24533)  Metaspace       used 50336K, capacity 52472K, committed 53888K, reserved 1093632K
[2020-12-29T10:58:54.622-0500][gc,heap        ] GC(24533)   class space    used 7457K, capacity 8250K, committed 8832K, reserved 1048576K
[2020-12-29T10:58:54.622-0500][gc,start       ] GC(24533) Pause Young (Concurrent Start) (G1 Evacuation Pause)
[2020-12-29T10:58:54.622-0500][gc,task        ] GC(24533) Using 8 workers of 8 for evacuation
[2020-12-29T10:58:54.625-0500][gc,phases      ] GC(24533)   Pre Evacuate Collection Set: 0.2ms
[2020-12-29T10:58:54.625-0500][gc,phases      ] GC(24533)   Evacuate Collection Set: 1.1ms
[2020-12-29T10:58:54.625-0500][gc,phases      ] GC(24533)   Post Evacuate Collection Set: 1.4ms
[2020-12-29T10:58:54.625-0500][gc,phases      ] GC(24533)   Other: 0.3ms
[2020-12-29T10:58:54.625-0500][gc,heap        ] GC(24533) Eden regions: 9->0(8)
[2020-12-29T10:58:54.625-0500][gc,heap        ] GC(24533) Survivor regions: 0->1(2)
[2020-12-29T10:58:54.625-0500][gc,heap        ] GC(24533) Old regions: 42->42
[2020-12-29T10:58:54.625-0500][gc,heap        ] GC(24533) Humongous regions: 4->4
[2020-12-29T10:58:54.625-0500][gc,metaspace   ] GC(24533) Metaspace: 50336K->50336K(1093632K)
[2020-12-29T10:58:54.625-0500][gc,heap        ] GC(24533) Heap after GC invocations=24534 (full 5693): garbage-first heap   total 64512K, used 43439K [0x0000000083000000, 0x0000000100000000)
[2020-12-29T10:58:54.625-0500][gc,heap        ] GC(24533)   region size 1024K, 1 young (1024K), 1 survivors (1024K)
[2020-12-29T10:58:54.625-0500][gc,heap        ] GC(24533)  Metaspace       used 50336K, capacity 52472K, committed 53888K, reserved 1093632K
[2020-12-29T10:58:54.625-0500][gc,heap        ] GC(24533)   class space    used 7457K, capacity 8250K, committed 8832K, reserved 1048576K
[2020-12-29T10:58:54.625-0500][gc             ] GC(24533) Pause Young (Concurrent Start) (G1 Evacuation Pause) 51M->42M(63M) 3.155ms
[2020-12-29T10:58:54.625-0500][gc,cpu         ] GC(24533) User=0.00s Sys=0.01s Real=0.00s
[2020-12-29T10:58:54.625-0500][gc             ] GC(24534) Concurrent Cycle
[2020-12-29T10:58:54.626-0500][gc,marking     ] GC(24534) Concurrent Clear Claimed Marks
[2020-12-29T10:58:54.626-0500][gc,marking     ] GC(24534) Concurrent Clear Claimed Marks 0.112ms
[2020-12-29T10:58:54.626-0500][gc,marking     ] GC(24534) Concurrent Scan Root Regions
[2020-12-29T10:58:54.626-0500][gc,marking     ] GC(24534) Concurrent Scan Root Regions 0.649ms
[2020-12-29T10:58:54.626-0500][gc,marking     ] GC(24534) Concurrent Mark (1707732.013s)
[2020-12-29T10:58:54.627-0500][gc,marking     ] GC(24534) Concurrent Mark From Roots
[2020-12-29T10:58:54.627-0500][gc,task        ] GC(24534) Using 2 workers of 2 for marking
[2020-12-29T10:58:54.669-0500][gc,marking     ] GC(24534) Concurrent Mark From Roots 42.838ms
[2020-12-29T10:58:54.669-0500][gc,marking     ] GC(24534) Concurrent Preclean
[2020-12-29T10:58:54.670-0500][gc,marking     ] GC(24534) Concurrent Preclean 0.159ms
[2020-12-29T10:58:54.670-0500][gc,marking     ] GC(24534) Concurrent Mark (1707732.013s, 1707732.057s) 43.165ms
[2020-12-29T10:58:54.670-0500][gc,start       ] GC(24534) Pause Remark
[2020-12-29T10:58:54.674-0500][gc,stringtable ] GC(24534) Cleaned string and symbol table, strings: 33323 processed, 0 removed, symbols: 120973 processed, 0 removed
[2020-12-29T10:58:54.674-0500][gc             ] GC(24534) Pause Remark 42M->42M(63M) 4.358ms
[2020-12-29T10:58:54.674-0500][gc,cpu         ] GC(24534) User=0.02s Sys=0.00s Real=0.00s
[2020-12-29T10:58:54.674-0500][gc,marking     ] GC(24534) Concurrent Rebuild Remembered Sets
[2020-12-29T10:58:54.692-0500][gc,marking     ] GC(24534) Concurrent Rebuild Remembered Sets 17.542ms
[2020-12-29T10:58:54.692-0500][gc,start       ] GC(24534) Pause Cleanup
[2020-12-29T10:58:54.693-0500][gc             ] GC(24534) Pause Cleanup 42M->42M(63M) 0.684ms
[2020-12-29T10:58:54.693-0500][gc,cpu         ] GC(24534) User=0.00s Sys=0.00s Real=0.00s
[2020-12-29T10:58:54.693-0500][gc,marking     ] GC(24534) Concurrent Cleanup for Next Mark
[2020-12-29T10:58:54.693-0500][gc,marking     ] GC(24534) Concurrent Cleanup for Next Mark 0.228ms
[2020-12-29T10:58:54.693-0500][gc             ] GC(24534) Concurrent Cycle 67.953ms
[2020-12-29T11:00:49.064-0500][gc,heap        ] GC(24535) Heap before GC invocations=24535 (full 5693): garbage-first heap   total 64512K, used 51623K [0x0000000083000000, 0x0000000100000000)
[2020-12-29T11:00:49.064-0500][gc,heap        ] GC(24535)   region size 1024K, 9 young (9216K), 1 survivors (1024K)
[2020-12-29T11:00:49.064-0500][gc,heap        ] GC(24535)  Metaspace       used 50336K, capacity 52472K, committed 53888K, reserved 1093632K
[2020-12-29T11:00:49.064-0500][gc,heap        ] GC(24535)   class space    used 7457K, capacity 8250K, committed 8832K, reserved 1048576K
[2020-12-29T11:00:49.064-0500][gc,start       ] GC(24535) Pause Young (Normal) (G1 Evacuation Pause)
[2020-12-29T11:00:49.064-0500][gc,task        ] GC(24535) Using 8 workers of 8 for evacuation
[2020-12-29T11:00:49.066-0500][gc,phases      ] GC(24535)   Pre Evacuate Collection Set: 0.0ms
[2020-12-29T11:00:49.066-0500][gc,phases      ] GC(24535)   Evacuate Collection Set: 1.1ms
[2020-12-29T11:00:49.066-0500][gc,phases      ] GC(24535)   Post Evacuate Collection Set: 1.0ms
[2020-12-29T11:00:49.066-0500][gc,phases      ] GC(24535)   Other: 0.3ms
[2020-12-29T11:00:49.066-0500][gc,heap        ] GC(24535) Eden regions: 8->0(9)
[2020-12-29T11:00:49.066-0500][gc,heap        ] GC(24535) Survivor regions: 1->1(2)
[2020-12-29T11:00:49.066-0500][gc,heap        ] GC(24535) Old regions: 41->41
[2020-12-29T11:00:49.066-0500][gc,heap        ] GC(24535) Humongous regions: 4->4
[2020-12-29T11:00:49.066-0500][gc,metaspace   ] GC(24535) Metaspace: 50336K->50336K(1093632K)
[2020-12-29T11:00:49.066-0500][gc,heap        ] GC(24535) Heap after GC invocations=24536 (full 5693): garbage-first heap   total 64512K, used 43444K [0x0000000083000000, 0x0000000100000000)
[2020-12-29T11:00:49.066-0500][gc,heap        ] GC(24535)   region size 1024K, 1 young (1024K), 1 survivors (1024K)
[2020-12-29T11:00:49.066-0500][gc,heap        ] GC(24535)  Metaspace       used 50336K, capacity 52472K, committed 53888K, reserved 1093632K
[2020-12-29T11:00:49.066-0500][gc,heap        ] GC(24535)   class space    used 7457K, capacity 8250K, committed 8832K, reserved 1048576K
[2020-12-29T11:00:49.066-0500][gc             ] GC(24535) Pause Young (Normal) (G1 Evacuation Pause) 50M->42M(63M) 2.441ms
[2020-12-29T11:00:49.067-0500][gc,cpu         ] GC(24535) User=0.01s Sys=0.00s Real=0.00s
[2020-12-29T11:01:45.189-0500][gc,task        ] GC(24536) Using 5 workers of 8 for full compaction
[2020-12-29T11:01:45.189-0500][gc,start       ] GC(24536) Pause Full (System.gc())
[2020-12-29T11:01:45.189-0500][gc,heap        ] GC(24536) Heap before GC invocations=24536 (full 5693): garbage-first heap   total 64512K, used 46516K [0x0000000083000000, 0x0000000100000000)
[2020-12-29T11:01:45.189-0500][gc,heap        ] GC(24536)   region size 1024K, 5 young (5120K), 1 survivors (1024K)
[2020-12-29T11:01:45.189-0500][gc,heap        ] GC(24536)  Metaspace       used 50336K, capacity 52472K, committed 53888K, reserved 1093632K
[2020-12-29T11:01:45.189-0500][gc,heap        ] GC(24536)   class space    used 7457K, capacity 8250K, committed 8832K, reserved 1048576K
[2020-12-29T11:01:45.189-0500][gc,phases,start] GC(24536) Phase 1: Mark live objects
[2020-12-29T11:01:45.210-0500][gc,stringtable ] GC(24536) Cleaned string and symbol table, strings: 33323 processed, 4 removed, symbols: 120973 processed, 0 removed
[2020-12-29T11:01:45.210-0500][gc,phases      ] GC(24536) Phase 1: Mark live objects 20.979ms
[2020-12-29T11:01:45.210-0500][gc,phases,start] GC(24536) Phase 2: Prepare for compaction
[2020-12-29T11:01:45.214-0500][gc,phases      ] GC(24536) Phase 2: Prepare for compaction 3.483ms
[2020-12-29T11:01:45.214-0500][gc,phases,start] GC(24536) Phase 3: Adjust pointers
[2020-12-29T11:01:45.226-0500][gc,phases      ] GC(24536) Phase 3: Adjust pointers 12.383ms
[2020-12-29T11:01:45.226-0500][gc,phases,start] GC(24536) Phase 4: Compact heap
[2020-12-29T11:01:45.231-0500][gc,phases      ] GC(24536) Phase 4: Compact heap 4.518ms
[2020-12-29T11:01:45.237-0500][gc,heap        ] GC(24536) Eden regions: 4->0(10)
[2020-12-29T11:01:45.237-0500][gc,heap        ] GC(24536) Survivor regions: 1->0(2)
[2020-12-29T11:01:45.237-0500][gc,heap        ] GC(24536) Old regions: 41->41
[2020-12-29T11:01:45.237-0500][gc,heap        ] GC(24536) Humongous regions: 4->4
[2020-12-29T11:01:45.237-0500][gc,metaspace   ] GC(24536) Metaspace: 50336K->50336K(1093632K)
[2020-12-29T11:01:45.237-0500][gc,heap        ] GC(24536) Heap after GC invocations=24537 (full 5694): garbage-first heap   total 64512K, used 43349K [0x0000000083000000, 0x0000000100000000)
[2020-12-29T11:01:45.237-0500][gc,heap        ] GC(24536)   region size 1024K, 0 young (0K), 0 survivors (0K)
[2020-12-29T11:01:45.237-0500][gc,heap        ] GC(24536)  Metaspace       used 50336K, capacity 52472K, committed 53888K, reserved 1093632K
[2020-12-29T11:01:45.237-0500][gc,heap        ] GC(24536)   class space    used 7457K, capacity 8250K, committed 8832K, reserved 1048576K
[2020-12-29T11:01:45.237-0500][gc             ] GC(24536) Pause Full (System.gc()) 46M->42M(63M) 48.103ms
[2020-12-29T11:01:45.237-0500][gc,cpu         ] GC(24536) User=0.19s Sys=0.00s Real=0.04s
[2020-12-29T11:04:09.062-0500][gc,heap        ] GC(24537) Heap before GC invocations=24537 (full 5694): garbage-first heap   total 64512K, used 52565K [0x0000000083000000, 0x0000000100000000)
[2020-12-29T11:04:09.063-0500][gc,heap        ] GC(24537)   region size 1024K, 10 young (10240K), 0 survivors (0K)
[2020-12-29T11:04:09.063-0500][gc,heap        ] GC(24537)  Metaspace       used 50336K, capacity 52472K, committed 53888K, reserved 1093632K
[2020-12-29T11:04:09.063-0500][gc,heap        ] GC(24537)   class space    used 7457K, capacity 8250K, committed 8832K, reserved 1048576K
[2020-12-29T11:04:09.063-0500][gc,start       ] GC(24537) Pause Young (Concurrent Start) (G1 Evacuation Pause)
[2020-12-29T11:04:09.063-0500][gc,task        ] GC(24537) Using 8 workers of 8 for evacuation
[2020-12-29T11:04:09.070-0500][gc,phases      ] GC(24537)   Pre Evacuate Collection Set: 0.3ms
[2020-12-29T11:04:09.070-0500][gc,phases      ] GC(24537)   Evacuate Collection Set: 3.7ms
[2020-12-29T11:04:09.070-0500][gc,phases      ] GC(24537)   Post Evacuate Collection Set: 2.9ms
[2020-12-29T11:04:09.070-0500][gc,phases      ] GC(24537)   Other: 0.6ms
[2020-12-29T11:04:09.070-0500][gc,heap        ] GC(24537) Eden regions: 10->0(9)
[2020-12-29T11:04:09.070-0500][gc,heap        ] GC(24537) Survivor regions: 0->1(2)
[2020-12-29T11:04:09.070-0500][gc,heap        ] GC(24537) Old regions: 41->41
[2020-12-29T11:04:09.070-0500][gc,heap        ] GC(24537) Humongous regions: 4->4
[2020-12-29T11:04:09.070-0500][gc,metaspace   ] GC(24537) Metaspace: 50336K->50336K(1093632K)
[2020-12-29T11:04:09.070-0500][gc,heap        ] GC(24537) Heap after GC invocations=24538 (full 5694): garbage-first heap   total 64512K, used 43435K [0x0000000083000000, 0x0000000100000000)
[2020-12-29T11:04:09.070-0500][gc,heap        ] GC(24537)   region size 1024K, 1 young (1024K), 1 survivors (1024K)
[2020-12-29T11:04:09.070-0500][gc,heap        ] GC(24537)  Metaspace       used 50336K, capacity 52472K, committed 53888K, reserved 1093632K
[2020-12-29T11:04:09.070-0500][gc,heap        ] GC(24537)   class space    used 7457K, capacity 8250K, committed 8832K, reserved 1048576K
[2020-12-29T11:04:09.070-0500][gc             ] GC(24537) Pause Young (Concurrent Start) (G1 Evacuation Pause) 52M->42M(63M) 7.542ms
[2020-12-29T11:04:09.070-0500][gc,cpu         ] GC(24537) User=0.01s Sys=0.01s Real=0.01s
[2020-12-29T11:04:09.071-0500][gc             ] GC(24538) Concurrent Cycle
[2020-12-29T11:04:09.071-0500][gc,marking     ] GC(24538) Concurrent Clear Claimed Marks
[2020-12-29T11:04:09.071-0500][gc,marking     ] GC(24538) Concurrent Clear Claimed Marks 0.196ms
[2020-12-29T11:04:09.071-0500][gc,marking     ] GC(24538) Concurrent Scan Root Regions
[2020-12-29T11:04:09.072-0500][gc,marking     ] GC(24538) Concurrent Scan Root Regions 1.332ms
[2020-12-29T11:04:09.073-0500][gc,marking     ] GC(24538) Concurrent Mark (1708046.460s)
[2020-12-29T11:04:09.073-0500][gc,marking     ] GC(24538) Concurrent Mark From Roots
[2020-12-29T11:04:09.073-0500][gc,task        ] GC(24538) Using 2 workers of 2 for marking
[2020-12-29T11:04:09.145-0500][gc,marking     ] GC(24538) Concurrent Mark From Roots 72.060ms
[2020-12-29T11:04:09.145-0500][gc,marking     ] GC(24538) Concurrent Preclean
[2020-12-29T11:04:09.145-0500][gc,marking     ] GC(24538) Concurrent Preclean 0.155ms
[2020-12-29T11:04:09.145-0500][gc,marking     ] GC(24538) Concurrent Mark (1708046.460s, 1708046.532s) 72.330ms
[2020-12-29T11:04:09.145-0500][gc,start       ] GC(24538) Pause Remark
[2020-12-29T11:04:09.150-0500][gc,stringtable ] GC(24538) Cleaned string and symbol table, strings: 33323 processed, 0 removed, symbols: 120973 processed, 0 removed
[2020-12-29T11:04:09.150-0500][gc             ] GC(24538) Pause Remark 42M->42M(63M) 5.106ms
[2020-12-29T11:04:09.150-0500][gc,cpu         ] GC(24538) User=0.02s Sys=0.00s Real=0.01s
[2020-12-29T11:04:09.150-0500][gc,marking     ] GC(24538) Concurrent Rebuild Remembered Sets
[2020-12-29T11:04:09.170-0500][gc,marking     ] GC(24538) Concurrent Rebuild Remembered Sets 19.437ms
[2020-12-29T11:04:09.170-0500][gc,start       ] GC(24538) Pause Cleanup
[2020-12-29T11:04:09.170-0500][gc             ] GC(24538) Pause Cleanup 42M->42M(63M) 0.233ms
[2020-12-29T11:04:09.171-0500][gc,cpu         ] GC(24538) User=0.00s Sys=0.00s Real=0.00s
[2020-12-29T11:04:09.171-0500][gc,marking     ] GC(24538) Concurrent Cleanup for Next Mark
[2020-12-29T11:04:09.171-0500][gc,marking     ] GC(24538) Concurrent Cleanup for Next Mark 0.182ms
[2020-12-29T11:04:09.171-0500][gc             ] GC(24538) Concurrent Cycle 100.150ms
[2020-12-29T11:06:19.062-0500][gc,heap        ] GC(24539) Heap before GC invocations=24539 (full 5694): garbage-first heap   total 64512K, used 52651K [0x0000000083000000, 0x0000000100000000)
[2020-12-29T11:06:19.062-0500][gc,heap        ] GC(24539)   region size 1024K, 10 young (10240K), 1 survivors (1024K)
[2020-12-29T11:06:19.062-0500][gc,heap        ] GC(24539)  Metaspace       used 50336K, capacity 52472K, committed 53888K, reserved 1093632K
[2020-12-29T11:06:19.062-0500][gc,heap        ] GC(24539)   class space    used 7457K, capacity 8250K, committed 8832K, reserved 1048576K
[2020-12-29T11:06:19.062-0500][gc,start       ] GC(24539) Pause Young (Normal) (G1 Evacuation Pause)
[2020-12-29T11:06:19.062-0500][gc,task        ] GC(24539) Using 8 workers of 8 for evacuation
[2020-12-29T11:06:19.066-0500][gc,phases      ] GC(24539)   Pre Evacuate Collection Set: 0.0ms
[2020-12-29T11:06:19.066-0500][gc,phases      ] GC(24539)   Evacuate Collection Set: 0.8ms
[2020-12-29T11:06:19.066-0500][gc,phases      ] GC(24539)   Post Evacuate Collection Set: 2.2ms
[2020-12-29T11:06:19.066-0500][gc,phases      ] GC(24539)   Other: 0.2ms
[2020-12-29T11:06:19.066-0500][gc,heap        ] GC(24539) Eden regions: 9->0(9)
[2020-12-29T11:06:19.066-0500][gc,heap        ] GC(24539) Survivor regions: 1->1(2)
[2020-12-29T11:06:19.066-0500][gc,heap        ] GC(24539) Old regions: 41->41
[2020-12-29T11:06:19.066-0500][gc,heap        ] GC(24539) Humongous regions: 4->4
[2020-12-29T11:06:19.066-0500][gc,metaspace   ] GC(24539) Metaspace: 50336K->50336K(1093632K)
[2020-12-29T11:06:19.066-0500][gc,heap        ] GC(24539) Heap after GC invocations=24540 (full 5694): garbage-first heap   total 64512K, used 43443K [0x0000000083000000, 0x0000000100000000)
[2020-12-29T11:06:19.066-0500][gc,heap        ] GC(24539)   region size 1024K, 1 young (1024K), 1 survivors (1024K)
[2020-12-29T11:06:19.066-0500][gc,heap        ] GC(24539)  Metaspace       used 50336K, capacity 52472K, committed 53888K, reserved 1093632K
[2020-12-29T11:06:19.066-0500][gc,heap        ] GC(24539)   class space    used 7457K, capacity 8250K, committed 8832K, reserved 1048576K
[2020-12-29T11:06:19.066-0500][gc             ] GC(24539) Pause Young (Normal) (G1 Evacuation Pause) 51M->42M(63M) 3.335ms
[2020-12-29T11:06:19.066-0500][gc,cpu         ] GC(24539) User=0.01s Sys=0.00s Real=0.00s
[2020-12-29T11:06:45.190-0500][gc,task        ] GC(24540) Using 5 workers of 8 for full compaction
[2020-12-29T11:06:45.191-0500][gc,start       ] GC(24540) Pause Full (System.gc())
[2020-12-29T11:06:45.191-0500][gc,heap        ] GC(24540) Heap before GC invocations=24540 (full 5694): garbage-first heap   total 64512K, used 44467K [0x0000000083000000, 0x0000000100000000)
[2020-12-29T11:06:45.191-0500][gc,heap        ] GC(24540)   region size 1024K, 3 young (3072K), 1 survivors (1024K)
[2020-12-29T11:06:45.191-0500][gc,heap        ] GC(24540)  Metaspace       used 50336K, capacity 52472K, committed 53888K, reserved 1093632K
[2020-12-29T11:06:45.191-0500][gc,heap        ] GC(24540)   class space    used 7457K, capacity 8250K, committed 8832K, reserved 1048576K
[2020-12-29T11:06:45.192-0500][gc,phases,start] GC(24540) Phase 1: Mark live objects
[2020-12-29T11:06:45.239-0500][gc,stringtable ] GC(24540) Cleaned string and symbol table, strings: 33323 processed, 4 removed, symbols: 120973 processed, 0 removed
[2020-12-29T11:06:45.239-0500][gc,phases      ] GC(24540) Phase 1: Mark live objects 47.072ms
[2020-12-29T11:06:45.239-0500][gc,phases,start] GC(24540) Phase 2: Prepare for compaction
[2020-12-29T11:06:45.243-0500][gc,phases      ] GC(24540) Phase 2: Prepare for compaction 3.922ms
[2020-12-29T11:06:45.243-0500][gc,phases,start] GC(24540) Phase 3: Adjust pointers
[2020-12-29T11:06:45.253-0500][gc,phases      ] GC(24540) Phase 3: Adjust pointers 10.213ms
[2020-12-29T11:06:45.253-0500][gc,phases,start] GC(24540) Phase 4: Compact heap
[2020-12-29T11:06:45.256-0500][gc,phases      ] GC(24540) Phase 4: Compact heap 2.741ms
[2020-12-29T11:06:45.260-0500][gc,heap        ] GC(24540) Eden regions: 2->0(10)
[2020-12-29T11:06:45.260-0500][gc,heap        ] GC(24540) Survivor regions: 1->0(2)
[2020-12-29T11:06:45.260-0500][gc,heap        ] GC(24540) Old regions: 41->41
[2020-12-29T11:06:45.260-0500][gc,heap        ] GC(24540) Humongous regions: 4->4
[2020-12-29T11:06:45.260-0500][gc,metaspace   ] GC(24540) Metaspace: 50336K->50336K(1093632K)
[2020-12-29T11:06:45.260-0500][gc,heap        ] GC(24540) Heap after GC invocations=24541 (full 5695): garbage-first heap   total 64512K, used 43331K [0x0000000083000000, 0x0000000100000000)
[2020-12-29T11:06:45.260-0500][gc,heap        ] GC(24540)   region size 1024K, 0 young (0K), 0 survivors (0K)
[2020-12-29T11:06:45.260-0500][gc,heap        ] GC(24540)  Metaspace       used 50336K, capacity 52472K, committed 53888K, reserved 1093632K
[2020-12-29T11:06:45.260-0500][gc,heap        ] GC(24540)   class space    used 7457K, capacity 8250K, committed 8832K, reserved 1048576K
[2020-12-29T11:06:45.260-0500][gc             ] GC(24540) Pause Full (System.gc()) 44M->42M(63M) 69.442ms
[2020-12-29T11:06:45.260-0500][gc,cpu         ] GC(24540) User=0.30s Sys=0.00s Real=0.07s
[2020-12-29T11:08:59.066-0500][gc,heap        ] GC(24541) Heap before GC invocations=24541 (full 5695): garbage-first heap   total 64512K, used 53571K [0x0000000083000000, 0x0000000100000000)
[2020-12-29T11:08:59.067-0500][gc,heap        ] GC(24541)   region size 1024K, 10 young (10240K), 0 survivors (0K)
[2020-12-29T11:08:59.067-0500][gc,heap        ] GC(24541)  Metaspace       used 50336K, capacity 52472K, committed 53888K, reserved 1093632K
[2020-12-29T11:08:59.067-0500][gc,heap        ] GC(24541)   class space    used 7457K, capacity 8250K, committed 8832K, reserved 1048576K
[2020-12-29T11:08:59.067-0500][gc,start       ] GC(24541) Pause Young (Concurrent Start) (G1 Evacuation Pause)
[2020-12-29T11:08:59.067-0500][gc,task        ] GC(24541) Using 8 workers of 8 for evacuation
[2020-12-29T11:08:59.075-0500][gc,phases      ] GC(24541)   Pre Evacuate Collection Set: 0.3ms
[2020-12-29T11:08:59.075-0500][gc,phases      ] GC(24541)   Evacuate Collection Set: 2.9ms
[2020-12-29T11:08:59.075-0500][gc,phases      ] GC(24541)   Post Evacuate Collection Set: 4.3ms
[2020-12-29T11:08:59.075-0500][gc,phases      ] GC(24541)   Other: 1.0ms
[2020-12-29T11:08:59.075-0500][gc,heap        ] GC(24541) Eden regions: 10->0(9)
[2020-12-29T11:08:59.075-0500][gc,heap        ] GC(24541) Survivor regions: 0->1(2)
[2020-12-29T11:08:59.075-0500][gc,heap        ] GC(24541) Old regions: 41->41
[2020-12-29T11:08:59.075-0500][gc,heap        ] GC(24541) Humongous regions: 4->4
[2020-12-29T11:08:59.075-0500][gc,metaspace   ] GC(24541) Metaspace: 50336K->50336K(1093632K)
[2020-12-29T11:08:59.075-0500][gc,heap        ] GC(24541) Heap after GC invocations=24542 (full 5695): garbage-first heap   total 64512K, used 43441K [0x0000000083000000, 0x0000000100000000)
[2020-12-29T11:08:59.075-0500][gc,heap        ] GC(24541)   region size 1024K, 1 young (1024K), 1 survivors (1024K)
[2020-12-29T11:08:59.075-0500][gc,heap        ] GC(24541)  Metaspace       used 50336K, capacity 52472K, committed 53888K, reserved 1093632K
[2020-12-29T11:08:59.075-0500][gc,heap        ] GC(24541)   class space    used 7457K, capacity 8250K, committed 8832K, reserved 1048576K
[2020-12-29T11:08:59.075-0500][gc             ] GC(24541) Pause Young (Concurrent Start) (G1 Evacuation Pause) 52M->42M(63M) 8.419ms
[2020-12-29T11:08:59.075-0500][gc,cpu         ] GC(24541) User=0.02s Sys=0.00s Real=0.01s
[2020-12-29T11:08:59.075-0500][gc             ] GC(24542) Concurrent Cycle
[2020-12-29T11:08:59.075-0500][gc,marking     ] GC(24542) Concurrent Clear Claimed Marks
[2020-12-29T11:08:59.076-0500][gc,marking     ] GC(24542) Concurrent Clear Claimed Marks 0.167ms
[2020-12-29T11:08:59.076-0500][gc,marking     ] GC(24542) Concurrent Scan Root Regions
[2020-12-29T11:08:59.077-0500][gc,marking     ] GC(24542) Concurrent Scan Root Regions 1.476ms
[2020-12-29T11:08:59.077-0500][gc,marking     ] GC(24542) Concurrent Mark (1708336.464s)
[2020-12-29T11:08:59.077-0500][gc,marking     ] GC(24542) Concurrent Mark From Roots
[2020-12-29T11:08:59.077-0500][gc,task        ] GC(24542) Using 2 workers of 2 for marking
[2020-12-29T11:08:59.141-0500][gc,marking     ] GC(24542) Concurrent Mark From Roots 63.298ms
[2020-12-29T11:08:59.141-0500][gc,marking     ] GC(24542) Concurrent Preclean
[2020-12-29T11:08:59.141-0500][gc,marking     ] GC(24542) Concurrent Preclean 0.152ms
[2020-12-29T11:08:59.141-0500][gc,marking     ] GC(24542) Concurrent Mark (1708336.464s, 1708336.528s) 63.547ms
[2020-12-29T11:08:59.141-0500][gc,start       ] GC(24542) Pause Remark
[2020-12-29T11:08:59.155-0500][gc,stringtable ] GC(24542) Cleaned string and symbol table, strings: 33323 processed, 0 removed, symbols: 120973 processed, 0 removed
[2020-12-29T11:08:59.155-0500][gc             ] GC(24542) Pause Remark 42M->42M(63M) 13.564ms
[2020-12-29T11:08:59.155-0500][gc,cpu         ] GC(24542) User=0.05s Sys=0.00s Real=0.01s
[2020-12-29T11:08:59.155-0500][gc,marking     ] GC(24542) Concurrent Rebuild Remembered Sets
[2020-12-29T11:08:59.173-0500][gc,marking     ] GC(24542) Concurrent Rebuild Remembered Sets 17.578ms
[2020-12-29T11:08:59.173-0500][gc,start       ] GC(24542) Pause Cleanup
[2020-12-29T11:08:59.173-0500][gc             ] GC(24542) Pause Cleanup 42M->42M(63M) 0.210ms
[2020-12-29T11:08:59.173-0500][gc,cpu         ] GC(24542) User=0.00s Sys=0.00s Real=0.00s
[2020-12-29T11:08:59.173-0500][gc,marking     ] GC(24542) Concurrent Cleanup for Next Mark
[2020-12-29T11:08:59.174-0500][gc,marking     ] GC(24542) Concurrent Cleanup for Next Mark 0.222ms
[2020-12-29T11:08:59.174-0500][gc             ] GC(24542) Concurrent Cycle 98.323ms
[2020-12-29T11:11:09.066-0500][gc,heap        ] GC(24543) Heap before GC invocations=24543 (full 5695): garbage-first heap   total 64512K, used 52657K [0x0000000083000000, 0x0000000100000000)
[2020-12-29T11:11:09.066-0500][gc,heap        ] GC(24543)   region size 1024K, 10 young (10240K), 1 survivors (1024K)
[2020-12-29T11:11:09.066-0500][gc,heap        ] GC(24543)  Metaspace       used 50336K, capacity 52472K, committed 53888K, reserved 1093632K
[2020-12-29T11:11:09.066-0500][gc,heap        ] GC(24543)   class space    used 7457K, capacity 8250K, committed 8832K, reserved 1048576K
[2020-12-29T11:11:09.066-0500][gc,start       ] GC(24543) Pause Young (Normal) (G1 Evacuation Pause)
[2020-12-29T11:11:09.066-0500][gc,task        ] GC(24543) Using 8 workers of 8 for evacuation
[2020-12-29T11:11:09.073-0500][gc,phases      ] GC(24543)   Pre Evacuate Collection Set: 0.0ms
[2020-12-29T11:11:09.073-0500][gc,phases      ] GC(24543)   Evacuate Collection Set: 3.7ms
[2020-12-29T11:11:09.073-0500][gc,phases      ] GC(24543)   Post Evacuate Collection Set: 2.7ms
[2020-12-29T11:11:09.073-0500][gc,phases      ] GC(24543)   Other: 0.5ms
[2020-12-29T11:11:09.073-0500][gc,heap        ] GC(24543) Eden regions: 9->0(9)
[2020-12-29T11:11:09.073-0500][gc,heap        ] GC(24543) Survivor regions: 1->1(2)
[2020-12-29T11:11:09.073-0500][gc,heap        ] GC(24543) Old regions: 41->41
[2020-12-29T11:11:09.073-0500][gc,heap        ] GC(24543) Humongous regions: 4->4
[2020-12-29T11:11:09.073-0500][gc,metaspace   ] GC(24543) Metaspace: 50336K->50336K(1093632K)
[2020-12-29T11:11:09.073-0500][gc,heap        ] GC(24543) Heap after GC invocations=24544 (full 5695): garbage-first heap   total 64512K, used 43431K [0x0000000083000000, 0x0000000100000000)
[2020-12-29T11:11:09.073-0500][gc,heap        ] GC(24543)   region size 1024K, 1 young (1024K), 1 survivors (1024K)
[2020-12-29T11:11:09.073-0500][gc,heap        ] GC(24543)  Metaspace       used 50336K, capacity 52472K, committed 53888K, reserved 1093632K
[2020-12-29T11:11:09.073-0500][gc,heap        ] GC(24543)   class space    used 7457K, capacity 8250K, committed 8832K, reserved 1048576K
[2020-12-29T11:11:09.074-0500][gc             ] GC(24543) Pause Young (Normal) (G1 Evacuation Pause) 51M->42M(63M) 7.795ms
[2020-12-29T11:11:09.074-0500][gc,cpu         ] GC(24543) User=0.03s Sys=0.00s Real=0.01s
[2020-12-29T11:11:45.191-0500][gc,task        ] GC(24544) Using 5 workers of 8 for full compaction
[2020-12-29T11:11:45.191-0500][gc,start       ] GC(24544) Pause Full (System.gc())
[2020-12-29T11:11:45.191-0500][gc,heap        ] GC(24544) Heap before GC invocations=24544 (full 5695): garbage-first heap   total 64512K, used 45479K [0x0000000083000000, 0x0000000100000000)
[2020-12-29T11:11:45.191-0500][gc,heap        ] GC(24544)   region size 1024K, 4 young (4096K), 1 survivors (1024K)
[2020-12-29T11:11:45.191-0500][gc,heap        ] GC(24544)  Metaspace       used 50336K, capacity 52472K, committed 53888K, reserved 1093632K
[2020-12-29T11:11:45.191-0500][gc,heap        ] GC(24544)   class space    used 7457K, capacity 8250K, committed 8832K, reserved 1048576K
[2020-12-29T11:11:45.191-0500][gc,phases,start] GC(24544) Phase 1: Mark live objects
[2020-12-29T11:11:45.215-0500][gc,stringtable ] GC(24544) Cleaned string and symbol table, strings: 33323 processed, 4 removed, symbols: 120973 processed, 0 removed
[2020-12-29T11:11:45.215-0500][gc,phases      ] GC(24544) Phase 1: Mark live objects 23.646ms
[2020-12-29T11:11:45.215-0500][gc,phases,start] GC(24544) Phase 2: Prepare for compaction
[2020-12-29T11:11:45.219-0500][gc,phases      ] GC(24544) Phase 2: Prepare for compaction 4.130ms
[2020-12-29T11:11:45.219-0500][gc,phases,start] GC(24544) Phase 3: Adjust pointers
[2020-12-29T11:11:45.231-0500][gc,phases      ] GC(24544) Phase 3: Adjust pointers 11.926ms
[2020-12-29T11:11:45.231-0500][gc,phases,start] GC(24544) Phase 4: Compact heap
[2020-12-29T11:11:45.234-0500][gc,phases      ] GC(24544) Phase 4: Compact heap 2.584ms
[2020-12-29T11:11:45.238-0500][gc,heap        ] GC(24544) Eden regions: 3->0(10)
[2020-12-29T11:11:45.238-0500][gc,heap        ] GC(24544) Survivor regions: 1->0(2)
[2020-12-29T11:11:45.238-0500][gc,heap        ] GC(24544) Old regions: 41->41
[2020-12-29T11:11:45.238-0500][gc,heap        ] GC(24544) Humongous regions: 4->4
[2020-12-29T11:11:45.238-0500][gc,metaspace   ] GC(24544) Metaspace: 50336K->50336K(1093632K)
[2020-12-29T11:11:45.238-0500][gc,heap        ] GC(24544) Heap after GC invocations=24545 (full 5696): garbage-first heap   total 64512K, used 43339K [0x0000000083000000, 0x0000000100000000)
[2020-12-29T11:11:45.238-0500][gc,heap        ] GC(24544)   region size 1024K, 0 young (0K), 0 survivors (0K)
[2020-12-29T11:11:45.238-0500][gc,heap        ] GC(24544)  Metaspace       used 50336K, capacity 52472K, committed 53888K, reserved 1093632K
[2020-12-29T11:11:45.238-0500][gc,heap        ] GC(24544)   class space    used 7457K, capacity 8250K, committed 8832K, reserved 1048576K
[2020-12-29T11:11:45.238-0500][gc             ] GC(24544) Pause Full (System.gc()) 44M->42M(63M) 47.248ms
[2020-12-29T11:11:45.238-0500][gc,cpu         ] GC(24544) User=0.20s Sys=0.00s Real=0.05s
[2020-12-29T11:14:09.062-0500][gc,heap        ] GC(24545) Heap before GC invocations=24545 (full 5696): garbage-first heap   total 64512K, used 53579K [0x0000000083000000, 0x0000000100000000)
[2020-12-29T11:14:09.062-0500][gc,heap        ] GC(24545)   region size 1024K, 10 young (10240K), 0 survivors (0K)
[2020-12-29T11:14:09.062-0500][gc,heap        ] GC(24545)  Metaspace       used 50336K, capacity 52472K, committed 53888K, reserved 1093632K
[2020-12-29T11:14:09.062-0500][gc,heap        ] GC(24545)   class space    used 7457K, capacity 8250K, committed 8832K, reserved 1048576K
[2020-12-29T11:14:09.062-0500][gc,start       ] GC(24545) Pause Young (Concurrent Start) (G1 Evacuation Pause)
[2020-12-29T11:14:09.062-0500][gc,task        ] GC(24545) Using 8 workers of 8 for evacuation
[2020-12-29T11:14:09.068-0500][gc,phases      ] GC(24545)   Pre Evacuate Collection Set: 0.5ms
[2020-12-29T11:14:09.068-0500][gc,phases      ] GC(24545)   Evacuate Collection Set: 2.8ms
[2020-12-29T11:14:09.068-0500][gc,phases      ] GC(24545)   Post Evacuate Collection Set: 2.1ms
[2020-12-29T11:14:09.068-0500][gc,phases      ] GC(24545)   Other: 0.6ms
[2020-12-29T11:14:09.068-0500][gc,heap        ] GC(24545) Eden regions: 10->0(9)
[2020-12-29T11:14:09.068-0500][gc,heap        ] GC(24545) Survivor regions: 0->1(2)
[2020-12-29T11:14:09.068-0500][gc,heap        ] GC(24545) Old regions: 41->41
[2020-12-29T11:14:09.068-0500][gc,heap        ] GC(24545) Humongous regions: 4->4
[2020-12-29T11:14:09.068-0500][gc,metaspace   ] GC(24545) Metaspace: 50336K->50336K(1093632K)
[2020-12-29T11:14:09.068-0500][gc,heap        ] GC(24545) Heap after GC invocations=24546 (full 5696): garbage-first heap   total 64512K, used 43439K [0x0000000083000000, 0x0000000100000000)
[2020-12-29T11:14:09.068-0500][gc,heap        ] GC(24545)   region size 1024K, 1 young (1024K), 1 survivors (1024K)
[2020-12-29T11:14:09.068-0500][gc,heap        ] GC(24545)  Metaspace       used 50336K, capacity 52472K, committed 53888K, reserved 1093632K
[2020-12-29T11:14:09.068-0500][gc,heap        ] GC(24545)   class space    used 7457K, capacity 8250K, committed 8832K, reserved 1048576K
[2020-12-29T11:14:09.069-0500][gc             ] GC(24545) Pause Young (Concurrent Start) (G1 Evacuation Pause) 52M->42M(63M) 6.179ms
[2020-12-29T11:14:09.069-0500][gc,cpu         ] GC(24545) User=0.00s Sys=0.01s Real=0.01s
[2020-12-29T11:14:09.069-0500][gc             ] GC(24546) Concurrent Cycle
[2020-12-29T11:14:09.069-0500][gc,marking     ] GC(24546) Concurrent Clear Claimed Marks
[2020-12-29T11:14:09.069-0500][gc,marking     ] GC(24546) Concurrent Clear Claimed Marks 0.297ms
[2020-12-29T11:14:09.069-0500][gc,marking     ] GC(24546) Concurrent Scan Root Regions
[2020-12-29T11:14:09.072-0500][gc,marking     ] GC(24546) Concurrent Scan Root Regions 2.241ms
[2020-12-29T11:14:09.072-0500][gc,marking     ] GC(24546) Concurrent Mark (1708646.459s)
[2020-12-29T11:14:09.072-0500][gc,marking     ] GC(24546) Concurrent Mark From Roots
[2020-12-29T11:14:09.072-0500][gc,task        ] GC(24546) Using 2 workers of 2 for marking
[2020-12-29T11:14:09.132-0500][gc,marking     ] GC(24546) Concurrent Mark From Roots 60.603ms
[2020-12-29T11:14:09.132-0500][gc,marking     ] GC(24546) Concurrent Preclean
[2020-12-29T11:14:09.132-0500][gc,marking     ] GC(24546) Concurrent Preclean 0.152ms
[2020-12-29T11:14:09.132-0500][gc,marking     ] GC(24546) Concurrent Mark (1708646.459s, 1708646.520s) 60.848ms
[2020-12-29T11:14:09.133-0500][gc,start       ] GC(24546) Pause Remark
[2020-12-29T11:14:09.137-0500][gc,stringtable ] GC(24546) Cleaned string and symbol table, strings: 33323 processed, 0 removed, symbols: 120973 processed, 0 removed
[2020-12-29T11:14:09.137-0500][gc             ] GC(24546) Pause Remark 42M->42M(63M) 4.241ms
[2020-12-29T11:14:09.137-0500][gc,cpu         ] GC(24546) User=0.02s Sys=0.00s Real=0.00s
[2020-12-29T11:14:09.137-0500][gc,marking     ] GC(24546) Concurrent Rebuild Remembered Sets
[2020-12-29T11:14:09.156-0500][gc,marking     ] GC(24546) Concurrent Rebuild Remembered Sets 18.848ms
[2020-12-29T11:14:09.156-0500][gc,start       ] GC(24546) Pause Cleanup
[2020-12-29T11:14:09.157-0500][gc             ] GC(24546) Pause Cleanup 42M->42M(63M) 0.170ms
[2020-12-29T11:14:09.157-0500][gc,cpu         ] GC(24546) User=0.00s Sys=0.00s Real=0.00s
[2020-12-29T11:14:09.157-0500][gc,marking     ] GC(24546) Concurrent Cleanup for Next Mark
[2020-12-29T11:14:09.157-0500][gc,marking     ] GC(24546) Concurrent Cleanup for Next Mark 0.258ms
[2020-12-29T11:14:09.157-0500][gc             ] GC(24546) Concurrent Cycle 88.077ms
[2020-12-29T11:16:19.060-0500][gc,heap        ] GC(24547) Heap before GC invocations=24547 (full 5696): garbage-first heap   total 64512K, used 52655K [0x0000000083000000, 0x0000000100000000)
[2020-12-29T11:16:19.060-0500][gc,heap        ] GC(24547)   region size 1024K, 10 young (10240K), 1 survivors (1024K)
[2020-12-29T11:16:19.060-0500][gc,heap        ] GC(24547)  Metaspace       used 50336K, capacity 52472K, committed 53888K, reserved 1093632K
[2020-12-29T11:16:19.060-0500][gc,heap        ] GC(24547)   class space    used 7457K, capacity 8250K, committed 8832K, reserved 1048576K
[2020-12-29T11:16:19.060-0500][gc,start       ] GC(24547) Pause Young (Normal) (G1 Evacuation Pause)
[2020-12-29T11:16:19.060-0500][gc,task        ] GC(24547) Using 8 workers of 8 for evacuation
[2020-12-29T11:16:19.063-0500][gc,phases      ] GC(24547)   Pre Evacuate Collection Set: 0.0ms
[2020-12-29T11:16:19.063-0500][gc,phases      ] GC(24547)   Evacuate Collection Set: 1.9ms
[2020-12-29T11:16:19.063-0500][gc,phases      ] GC(24547)   Post Evacuate Collection Set: 0.8ms
[2020-12-29T11:16:19.063-0500][gc,phases      ] GC(24547)   Other: 0.2ms
[2020-12-29T11:16:19.063-0500][gc,heap        ] GC(24547) Eden regions: 9->0(9)
[2020-12-29T11:16:19.063-0500][gc,heap        ] GC(24547) Survivor regions: 1->1(2)
[2020-12-29T11:16:19.063-0500][gc,heap        ] GC(24547) Old regions: 41->41
[2020-12-29T11:16:19.063-0500][gc,heap        ] GC(24547) Humongous regions: 4->4
[2020-12-29T11:16:19.063-0500][gc,metaspace   ] GC(24547) Metaspace: 50336K->50336K(1093632K)
[2020-12-29T11:16:19.063-0500][gc,heap        ] GC(24547) Heap after GC invocations=24548 (full 5696): garbage-first heap   total 64512K, used 43433K [0x0000000083000000, 0x0000000100000000)
[2020-12-29T11:16:19.063-0500][gc,heap        ] GC(24547)   region size 1024K, 1 young (1024K), 1 survivors (1024K)
[2020-12-29T11:16:19.063-0500][gc,heap        ] GC(24547)  Metaspace       used 50336K, capacity 52472K, committed 53888K, reserved 1093632K
[2020-12-29T11:16:19.063-0500][gc,heap        ] GC(24547)   class space    used 7457K, capacity 8250K, committed 8832K, reserved 1048576K
[2020-12-29T11:16:19.063-0500][gc             ] GC(24547) Pause Young (Normal) (G1 Evacuation Pause) 51M->42M(63M) 2.980ms
[2020-12-29T11:16:19.063-0500][gc,cpu         ] GC(24547) User=0.01s Sys=0.00s Real=0.00s
[2020-12-29T11:16:45.191-0500][gc,task        ] GC(24548) Using 5 workers of 8 for full compaction
[2020-12-29T11:16:45.191-0500][gc,start       ] GC(24548) Pause Full (System.gc())
[2020-12-29T11:16:45.191-0500][gc,heap        ] GC(24548) Heap before GC invocations=24548 (full 5696): garbage-first heap   total 64512K, used 44457K [0x0000000083000000, 0x0000000100000000)
[2020-12-29T11:16:45.191-0500][gc,heap        ] GC(24548)   region size 1024K, 3 young (3072K), 1 survivors (1024K)
[2020-12-29T11:16:45.191-0500][gc,heap        ] GC(24548)  Metaspace       used 50336K, capacity 52472K, committed 53888K, reserved 1093632K
[2020-12-29T11:16:45.191-0500][gc,heap        ] GC(24548)   class space    used 7457K, capacity 8250K, committed 8832K, reserved 1048576K
[2020-12-29T11:16:45.191-0500][gc,phases,start] GC(24548) Phase 1: Mark live objects
[2020-12-29T11:16:45.219-0500][gc,stringtable ] GC(24548) Cleaned string and symbol table, strings: 33323 processed, 4 removed, symbols: 120973 processed, 0 removed
[2020-12-29T11:16:45.220-0500][gc,phases      ] GC(24548) Phase 1: Mark live objects 28.194ms
[2020-12-29T11:16:45.220-0500][gc,phases,start] GC(24548) Phase 2: Prepare for compaction
[2020-12-29T11:16:45.224-0500][gc,phases      ] GC(24548) Phase 2: Prepare for compaction 4.316ms
[2020-12-29T11:16:45.224-0500][gc,phases,start] GC(24548) Phase 3: Adjust pointers
[2020-12-29T11:16:45.236-0500][gc,phases      ] GC(24548) Phase 3: Adjust pointers 11.570ms
[2020-12-29T11:16:45.236-0500][gc,phases,start] GC(24548) Phase 4: Compact heap
[2020-12-29T11:16:45.239-0500][gc,phases      ] GC(24548) Phase 4: Compact heap 3.201ms
[2020-12-29T11:16:45.244-0500][gc,heap        ] GC(24548) Eden regions: 2->0(10)
[2020-12-29T11:16:45.244-0500][gc,heap        ] GC(24548) Survivor regions: 1->0(2)
[2020-12-29T11:16:45.244-0500][gc,heap        ] GC(24548) Old regions: 41->41
[2020-12-29T11:16:45.244-0500][gc,heap        ] GC(24548) Humongous regions: 4->4
[2020-12-29T11:16:45.244-0500][gc,metaspace   ] GC(24548) Metaspace: 50336K->50336K(1093632K)
[2020-12-29T11:16:45.244-0500][gc,heap        ] GC(24548) Heap after GC invocations=24549 (full 5697): garbage-first heap   total 64512K, used 43331K [0x0000000083000000, 0x0000000100000000)
[2020-12-29T11:16:45.244-0500][gc,heap        ] GC(24548)   region size 1024K, 0 young (0K), 0 survivors (0K)
[2020-12-29T11:16:45.244-0500][gc,heap        ] GC(24548)  Metaspace       used 50336K, capacity 52472K, committed 53888K, reserved 1093632K
[2020-12-29T11:16:45.244-0500][gc,heap        ] GC(24548)   class space    used 7457K, capacity 8250K, committed 8832K, reserved 1048576K
[2020-12-29T11:16:45.244-0500][gc             ] GC(24548) Pause Full (System.gc()) 44M->42M(63M) 52.714ms
[2020-12-29T11:16:45.244-0500][gc,cpu         ] GC(24548) User=0.22s Sys=0.00s Real=0.05s
[2020-12-29T11:19:09.068-0500][gc,heap        ] GC(24549) Heap before GC invocations=24549 (full 5697): garbage-first heap   total 64512K, used 52547K [0x0000000083000000, 0x0000000100000000)
[2020-12-29T11:19:09.068-0500][gc,heap        ] GC(24549)   region size 1024K, 10 young (10240K), 0 survivors (0K)
[2020-12-29T11:19:09.068-0500][gc,heap        ] GC(24549)  Metaspace       used 50336K, capacity 52472K, committed 53888K, reserved 1093632K
[2020-12-29T11:19:09.068-0500][gc,heap        ] GC(24549)   class space    used 7457K, capacity 8250K, committed 8832K, reserved 1048576K
[2020-12-29T11:19:09.069-0500][gc,start       ] GC(24549) Pause Young (Concurrent Start) (G1 Evacuation Pause)
[2020-12-29T11:19:09.069-0500][gc,task        ] GC(24549) Using 8 workers of 8 for evacuation
[2020-12-29T11:19:09.075-0500][gc,phases      ] GC(24549)   Pre Evacuate Collection Set: 0.6ms
[2020-12-29T11:19:09.075-0500][gc,phases      ] GC(24549)   Evacuate Collection Set: 2.5ms
[2020-12-29T11:19:09.075-0500][gc,phases      ] GC(24549)   Post Evacuate Collection Set: 2.5ms
[2020-12-29T11:19:09.075-0500][gc,phases      ] GC(24549)   Other: 0.9ms
[2020-12-29T11:19:09.075-0500][gc,heap        ] GC(24549) Eden regions: 10->0(9)
[2020-12-29T11:19:09.075-0500][gc,heap        ] GC(24549) Survivor regions: 0->1(2)
[2020-12-29T11:19:09.075-0500][gc,heap        ] GC(24549) Old regions: 41->41
[2020-12-29T11:19:09.075-0500][gc,heap        ] GC(24549) Humongous regions: 4->4
[2020-12-29T11:19:09.075-0500][gc,metaspace   ] GC(24549) Metaspace: 50336K->50336K(1093632K)
[2020-12-29T11:19:09.075-0500][gc,heap        ] GC(24549) Heap after GC invocations=24550 (full 5697): garbage-first heap   total 64512K, used 43403K [0x0000000083000000, 0x0000000100000000)
[2020-12-29T11:19:09.075-0500][gc,heap        ] GC(24549)   region size 1024K, 1 young (1024K), 1 survivors (1024K)
[2020-12-29T11:19:09.075-0500][gc,heap        ] GC(24549)  Metaspace       used 50336K, capacity 52472K, committed 53888K, reserved 1093632K
[2020-12-29T11:19:09.075-0500][gc,heap        ] GC(24549)   class space    used 7457K, capacity 8250K, committed 8832K, reserved 1048576K
[2020-12-29T11:19:09.075-0500][gc             ] GC(24549) Pause Young (Concurrent Start) (G1 Evacuation Pause) 52M->42M(63M) 6.201ms
[2020-12-29T11:19:09.075-0500][gc,cpu         ] GC(24549) User=0.02s Sys=0.00s Real=0.00s
[2020-12-29T11:19:09.075-0500][gc             ] GC(24550) Concurrent Cycle
[2020-12-29T11:19:09.076-0500][gc,marking     ] GC(24550) Concurrent Clear Claimed Marks
[2020-12-29T11:19:09.076-0500][gc,marking     ] GC(24550) Concurrent Clear Claimed Marks 0.345ms
[2020-12-29T11:19:09.076-0500][gc,marking     ] GC(24550) Concurrent Scan Root Regions
[2020-12-29T11:19:09.078-0500][gc,marking     ] GC(24550) Concurrent Scan Root Regions 1.883ms
[2020-12-29T11:19:09.078-0500][gc,marking     ] GC(24550) Concurrent Mark (1708946.465s)
[2020-12-29T11:19:09.078-0500][gc,marking     ] GC(24550) Concurrent Mark From Roots
[2020-12-29T11:19:09.078-0500][gc,task        ] GC(24550) Using 2 workers of 2 for marking
[2020-12-29T11:19:09.132-0500][gc,marking     ] GC(24550) Concurrent Mark From Roots 54.237ms
[2020-12-29T11:19:09.132-0500][gc,marking     ] GC(24550) Concurrent Preclean
[2020-12-29T11:19:09.132-0500][gc,marking     ] GC(24550) Concurrent Preclean 0.176ms
[2020-12-29T11:19:09.132-0500][gc,marking     ] GC(24550) Concurrent Mark (1708946.465s, 1708946.519s) 54.531ms
[2020-12-29T11:19:09.133-0500][gc,start       ] GC(24550) Pause Remark
[2020-12-29T11:19:09.137-0500][gc,stringtable ] GC(24550) Cleaned string and symbol table, strings: 33323 processed, 0 removed, symbols: 120973 processed, 0 removed
[2020-12-29T11:19:09.137-0500][gc             ] GC(24550) Pause Remark 42M->42M(63M) 4.232ms
[2020-12-29T11:19:09.137-0500][gc,cpu         ] GC(24550) User=0.03s Sys=0.00s Real=0.00s
[2020-12-29T11:19:09.137-0500][gc,marking     ] GC(24550) Concurrent Rebuild Remembered Sets
[2020-12-29T11:19:09.155-0500][gc,marking     ] GC(24550) Concurrent Rebuild Remembered Sets 17.778ms
[2020-12-29T11:19:09.156-0500][gc,start       ] GC(24550) Pause Cleanup
[2020-12-29T11:19:09.156-0500][gc             ] GC(24550) Pause Cleanup 42M->42M(63M) 0.226ms
[2020-12-29T11:19:09.156-0500][gc,cpu         ] GC(24550) User=0.00s Sys=0.00s Real=0.00s
[2020-12-29T11:19:09.156-0500][gc,marking     ] GC(24550) Concurrent Cleanup for Next Mark
[2020-12-29T11:19:09.156-0500][gc,marking     ] GC(24550) Concurrent Cleanup for Next Mark 0.251ms
[2020-12-29T11:19:09.156-0500][gc             ] GC(24550) Concurrent Cycle 80.738ms
[2020-12-29T11:21:29.067-0500][gc,heap        ] GC(24551) Heap before GC invocations=24551 (full 5697): garbage-first heap   total 64512K, used 52619K [0x0000000083000000, 0x0000000100000000)
[2020-12-29T11:21:29.068-0500][gc,heap        ] GC(24551)   region size 1024K, 10 young (10240K), 1 survivors (1024K)
[2020-12-29T11:21:29.068-0500][gc,heap        ] GC(24551)  Metaspace       used 50336K, capacity 52472K, committed 53888K, reserved 1093632K
[2020-12-29T11:21:29.068-0500][gc,heap        ] GC(24551)   class space    used 7457K, capacity 8250K, committed 8832K, reserved 1048576K
[2020-12-29T11:21:29.068-0500][gc,start       ] GC(24551) Pause Young (Normal) (G1 Evacuation Pause)
[2020-12-29T11:21:29.068-0500][gc,task        ] GC(24551) Using 8 workers of 8 for evacuation
[2020-12-29T11:21:29.072-0500][gc,phases      ] GC(24551)   Pre Evacuate Collection Set: 0.0ms
[2020-12-29T11:21:29.072-0500][gc,phases      ] GC(24551)   Evacuate Collection Set: 1.8ms
[2020-12-29T11:21:29.072-0500][gc,phases      ] GC(24551)   Post Evacuate Collection Set: 2.1ms
[2020-12-29T11:21:29.072-0500][gc,phases      ] GC(24551)   Other: 0.4ms
[2020-12-29T11:21:29.072-0500][gc,heap        ] GC(24551) Eden regions: 9->0(9)
[2020-12-29T11:21:29.072-0500][gc,heap        ] GC(24551) Survivor regions: 1->1(2)
[2020-12-29T11:21:29.072-0500][gc,heap        ] GC(24551) Old regions: 41->41
[2020-12-29T11:21:29.072-0500][gc,heap        ] GC(24551) Humongous regions: 4->4
[2020-12-29T11:21:29.072-0500][gc,metaspace   ] GC(24551) Metaspace: 50336K->50336K(1093632K)
[2020-12-29T11:21:29.072-0500][gc,heap        ] GC(24551) Heap after GC invocations=24552 (full 5697): garbage-first heap   total 64512K, used 43384K [0x0000000083000000, 0x0000000100000000)
[2020-12-29T11:21:29.072-0500][gc,heap        ] GC(24551)   region size 1024K, 1 young (1024K), 1 survivors (1024K)
[2020-12-29T11:21:29.072-0500][gc,heap        ] GC(24551)  Metaspace       used 50336K, capacity 52472K, committed 53888K, reserved 1093632K
[2020-12-29T11:21:29.072-0500][gc,heap        ] GC(24551)   class space    used 7457K, capacity 8250K, committed 8832K, reserved 1048576K
[2020-12-29T11:21:29.072-0500][gc             ] GC(24551) Pause Young (Normal) (G1 Evacuation Pause) 51M->42M(63M) 4.626ms
[2020-12-29T11:21:29.072-0500][gc,cpu         ] GC(24551) User=0.01s Sys=0.01s Real=0.01s
[2020-12-29T11:21:45.192-0500][gc,task        ] GC(24552) Using 5 workers of 8 for full compaction
[2020-12-29T11:21:45.192-0500][gc,start       ] GC(24552) Pause Full (System.gc())
[2020-12-29T11:21:45.192-0500][gc,heap        ] GC(24552) Heap before GC invocations=24552 (full 5697): garbage-first heap   total 64512K, used 43384K [0x0000000083000000, 0x0000000100000000)
[2020-12-29T11:21:45.192-0500][gc,heap        ] GC(24552)   region size 1024K, 2 young (2048K), 1 survivors (1024K)
[2020-12-29T11:21:45.192-0500][gc,heap        ] GC(24552)  Metaspace       used 50336K, capacity 52472K, committed 53888K, reserved 1093632K
[2020-12-29T11:21:45.192-0500][gc,heap        ] GC(24552)   class space    used 7457K, capacity 8250K, committed 8832K, reserved 1048576K
[2020-12-29T11:21:45.193-0500][gc,phases,start] GC(24552) Phase 1: Mark live objects
[2020-12-29T11:21:45.234-0500][gc,stringtable ] GC(24552) Cleaned string and symbol table, strings: 33323 processed, 4 removed, symbols: 120973 processed, 0 removed
[2020-12-29T11:21:45.234-0500][gc,phases      ] GC(24552) Phase 1: Mark live objects 41.157ms
[2020-12-29T11:21:45.234-0500][gc,phases,start] GC(24552) Phase 2: Prepare for compaction
[2020-12-29T11:21:45.240-0500][gc,phases      ] GC(24552) Phase 2: Prepare for compaction 5.871ms
[2020-12-29T11:21:45.240-0500][gc,phases,start] GC(24552) Phase 3: Adjust pointers
[2020-12-29T11:21:45.251-0500][gc,phases      ] GC(24552) Phase 3: Adjust pointers 11.546ms
[2020-12-29T11:21:45.251-0500][gc,phases,start] GC(24552) Phase 4: Compact heap
[2020-12-29T11:21:45.254-0500][gc,phases      ] GC(24552) Phase 4: Compact heap 2.471ms
[2020-12-29T11:21:45.258-0500][gc,heap        ] GC(24552) Eden regions: 1->0(10)
[2020-12-29T11:21:45.258-0500][gc,heap        ] GC(24552) Survivor regions: 1->0(2)
[2020-12-29T11:21:45.258-0500][gc,heap        ] GC(24552) Old regions: 41->41
[2020-12-29T11:21:45.258-0500][gc,heap        ] GC(24552) Humongous regions: 4->4
[2020-12-29T11:21:45.258-0500][gc,metaspace   ] GC(24552) Metaspace: 50336K->50336K(1093632K)
[2020-12-29T11:21:45.258-0500][gc,heap        ] GC(24552) Heap after GC invocations=24553 (full 5698): garbage-first heap   total 64512K, used 43328K [0x0000000083000000, 0x0000000100000000)
[2020-12-29T11:21:45.258-0500][gc,heap        ] GC(24552)   region size 1024K, 0 young (0K), 0 survivors (0K)
[2020-12-29T11:21:45.258-0500][gc,heap        ] GC(24552)  Metaspace       used 50336K, capacity 52472K, committed 53888K, reserved 1093632K
[2020-12-29T11:21:45.258-0500][gc,heap        ] GC(24552)   class space    used 7457K, capacity 8250K, committed 8832K, reserved 1048576K
[2020-12-29T11:21:45.258-0500][gc             ] GC(24552) Pause Full (System.gc()) 43M->42M(63M) 66.488ms
[2020-12-29T11:21:45.259-0500][gc,cpu         ] GC(24552) User=0.29s Sys=0.00s Real=0.07s
[2020-12-29T11:24:09.060-0500][gc,heap        ] GC(24553) Heap before GC invocations=24553 (full 5698): garbage-first heap   total 64512K, used 52544K [0x0000000083000000, 0x0000000100000000)
[2020-12-29T11:24:09.060-0500][gc,heap        ] GC(24553)   region size 1024K, 10 young (10240K), 0 survivors (0K)
[2020-12-29T11:24:09.060-0500][gc,heap        ] GC(24553)  Metaspace       used 50336K, capacity 52472K, committed 53888K, reserved 1093632K
[2020-12-29T11:24:09.060-0500][gc,heap        ] GC(24553)   class space    used 7457K, capacity 8250K, committed 8832K, reserved 1048576K
[2020-12-29T11:24:09.060-0500][gc,start       ] GC(24553) Pause Young (Concurrent Start) (G1 Evacuation Pause)
[2020-12-29T11:24:09.060-0500][gc,task        ] GC(24553) Using 8 workers of 8 for evacuation
[2020-12-29T11:24:09.064-0500][gc,phases      ] GC(24553)   Pre Evacuate Collection Set: 0.2ms
[2020-12-29T11:24:09.064-0500][gc,phases      ] GC(24553)   Evacuate Collection Set: 2.9ms
[2020-12-29T11:24:09.064-0500][gc,phases      ] GC(24553)   Post Evacuate Collection Set: 0.8ms
[2020-12-29T11:24:09.064-0500][gc,phases      ] GC(24553)   Other: 0.2ms
[2020-12-29T11:24:09.064-0500][gc,heap        ] GC(24553) Eden regions: 10->0(9)
[2020-12-29T11:24:09.064-0500][gc,heap        ] GC(24553) Survivor regions: 0->1(2)
[2020-12-29T11:24:09.064-0500][gc,heap        ] GC(24553) Old regions: 41->41
[2020-12-29T11:24:09.064-0500][gc,heap        ] GC(24553) Humongous regions: 4->4
[2020-12-29T11:24:09.064-0500][gc,metaspace   ] GC(24553) Metaspace: 50336K->50336K(1093632K)
[2020-12-29T11:24:09.064-0500][gc,heap        ] GC(24553) Heap after GC invocations=24554 (full 5698): garbage-first heap   total 64512K, used 43404K [0x0000000083000000, 0x0000000100000000)
[2020-12-29T11:24:09.064-0500][gc,heap        ] GC(24553)   region size 1024K, 1 young (1024K), 1 survivors (1024K)
[2020-12-29T11:24:09.064-0500][gc,heap        ] GC(24553)  Metaspace       used 50336K, capacity 52472K, committed 53888K, reserved 1093632K
[2020-12-29T11:24:09.064-0500][gc,heap        ] GC(24553)   class space    used 7457K, capacity 8250K, committed 8832K, reserved 1048576K
[2020-12-29T11:24:09.064-0500][gc             ] GC(24553) Pause Young (Concurrent Start) (G1 Evacuation Pause) 52M->42M(63M) 4.158ms
[2020-12-29T11:24:09.064-0500][gc,cpu         ] GC(24553) User=0.02s Sys=0.00s Real=0.00s
[2020-12-29T11:24:09.064-0500][gc             ] GC(24554) Concurrent Cycle
[2020-12-29T11:24:09.064-0500][gc,marking     ] GC(24554) Concurrent Clear Claimed Marks
[2020-12-29T11:24:09.064-0500][gc,marking     ] GC(24554) Concurrent Clear Claimed Marks 0.077ms
[2020-12-29T11:24:09.065-0500][gc,marking     ] GC(24554) Concurrent Scan Root Regions
[2020-12-29T11:24:09.065-0500][gc,marking     ] GC(24554) Concurrent Scan Root Regions 0.531ms
[2020-12-29T11:24:09.065-0500][gc,marking     ] GC(24554) Concurrent Mark (1709246.452s)
[2020-12-29T11:24:09.065-0500][gc,marking     ] GC(24554) Concurrent Mark From Roots
[2020-12-29T11:24:09.065-0500][gc,task        ] GC(24554) Using 2 workers of 2 for marking
[2020-12-29T11:24:09.101-0500][gc,marking     ] GC(24554) Concurrent Mark From Roots 35.630ms
[2020-12-29T11:24:09.101-0500][gc,marking     ] GC(24554) Concurrent Preclean
[2020-12-29T11:24:09.101-0500][gc,marking     ] GC(24554) Concurrent Preclean 0.151ms
[2020-12-29T11:24:09.101-0500][gc,marking     ] GC(24554) Concurrent Mark (1709246.452s, 1709246.488s) 35.857ms
[2020-12-29T11:24:09.101-0500][gc,start       ] GC(24554) Pause Remark
[2020-12-29T11:24:09.105-0500][gc,stringtable ] GC(24554) Cleaned string and symbol table, strings: 33323 processed, 0 removed, symbols: 120973 processed, 0 removed
[2020-12-29T11:24:09.106-0500][gc             ] GC(24554) Pause Remark 42M->42M(63M) 4.645ms
[2020-12-29T11:24:09.106-0500][gc,cpu         ] GC(24554) User=0.02s Sys=0.00s Real=0.00s
[2020-12-29T11:24:09.106-0500][gc,marking     ] GC(24554) Concurrent Rebuild Remembered Sets
[2020-12-29T11:24:09.124-0500][gc,marking     ] GC(24554) Concurrent Rebuild Remembered Sets 17.559ms
[2020-12-29T11:24:09.124-0500][gc,start       ] GC(24554) Pause Cleanup
[2020-12-29T11:24:09.124-0500][gc             ] GC(24554) Pause Cleanup 42M->42M(63M) 0.357ms
[2020-12-29T11:24:09.124-0500][gc,cpu         ] GC(24554) User=0.00s Sys=0.00s Real=0.00s
[2020-12-29T11:24:09.125-0500][gc,marking     ] GC(24554) Concurrent Cleanup for Next Mark
[2020-12-29T11:24:09.125-0500][gc,marking     ] GC(24554) Concurrent Cleanup for Next Mark 0.220ms
[2020-12-29T11:24:09.125-0500][gc             ] GC(24554) Concurrent Cycle 60.484ms
[2020-12-29T11:26:19.061-0500][gc,heap        ] GC(24555) Heap before GC invocations=24555 (full 5698): garbage-first heap   total 64512K, used 51596K [0x0000000083000000, 0x0000000100000000)
[2020-12-29T11:26:19.061-0500][gc,heap        ] GC(24555)   region size 1024K, 10 young (10240K), 1 survivors (1024K)
[2020-12-29T11:26:19.061-0500][gc,heap        ] GC(24555)  Metaspace       used 50336K, capacity 52472K, committed 53888K, reserved 1093632K
[2020-12-29T11:26:19.061-0500][gc,heap        ] GC(24555)   class space    used 7457K, capacity 8250K, committed 8832K, reserved 1048576K
[2020-12-29T11:26:19.061-0500][gc,start       ] GC(24555) Pause Young (Normal) (G1 Evacuation Pause)
[2020-12-29T11:26:19.061-0500][gc,task        ] GC(24555) Using 8 workers of 8 for evacuation
[2020-12-29T11:26:19.063-0500][gc,phases      ] GC(24555)   Pre Evacuate Collection Set: 0.0ms
[2020-12-29T11:26:19.063-0500][gc,phases      ] GC(24555)   Evacuate Collection Set: 0.9ms
[2020-12-29T11:26:19.063-0500][gc,phases      ] GC(24555)   Post Evacuate Collection Set: 1.0ms
[2020-12-29T11:26:19.064-0500][gc,phases      ] GC(24555)   Other: 0.3ms
[2020-12-29T11:26:19.064-0500][gc,heap        ] GC(24555) Eden regions: 9->0(9)
[2020-12-29T11:26:19.064-0500][gc,heap        ] GC(24555) Survivor regions: 1->1(2)
[2020-12-29T11:26:19.064-0500][gc,heap        ] GC(24555) Old regions: 41->41
[2020-12-29T11:26:19.064-0500][gc,heap        ] GC(24555) Humongous regions: 4->4
[2020-12-29T11:26:19.064-0500][gc,metaspace   ] GC(24555) Metaspace: 50336K->50336K(1093632K)
[2020-12-29T11:26:19.064-0500][gc,heap        ] GC(24555) Heap after GC invocations=24556 (full 5698): garbage-first heap   total 64512K, used 43407K [0x0000000083000000, 0x0000000100000000)
[2020-12-29T11:26:19.064-0500][gc,heap        ] GC(24555)   region size 1024K, 1 young (1024K), 1 survivors (1024K)
[2020-12-29T11:26:19.064-0500][gc,heap        ] GC(24555)  Metaspace       used 50336K, capacity 52472K, committed 53888K, reserved 1093632K
[2020-12-29T11:26:19.064-0500][gc,heap        ] GC(24555)   class space    used 7457K, capacity 8250K, committed 8832K, reserved 1048576K
[2020-12-29T11:26:19.064-0500][gc             ] GC(24555) Pause Young (Normal) (G1 Evacuation Pause) 51M->42M(63M) 2.610ms
[2020-12-29T11:26:19.064-0500][gc,cpu         ] GC(24555) User=0.01s Sys=0.00s Real=0.00s
[2020-12-29T11:26:45.189-0500][gc,task        ] GC(24556) Using 5 workers of 8 for full compaction
[2020-12-29T11:26:45.189-0500][gc,start       ] GC(24556) Pause Full (System.gc())
[2020-12-29T11:26:45.189-0500][gc,heap        ] GC(24556) Heap before GC invocations=24556 (full 5698): garbage-first heap   total 64512K, used 44431K [0x0000000083000000, 0x0000000100000000)
[2020-12-29T11:26:45.189-0500][gc,heap        ] GC(24556)   region size 1024K, 3 young (3072K), 1 survivors (1024K)
[2020-12-29T11:26:45.189-0500][gc,heap        ] GC(24556)  Metaspace       used 50336K, capacity 52472K, committed 53888K, reserved 1093632K
[2020-12-29T11:26:45.189-0500][gc,heap        ] GC(24556)   class space    used 7457K, capacity 8250K, committed 8832K, reserved 1048576K
[2020-12-29T11:26:45.190-0500][gc,phases,start] GC(24556) Phase 1: Mark live objects
[2020-12-29T11:26:45.230-0500][gc,stringtable ] GC(24556) Cleaned string and symbol table, strings: 33323 processed, 4 removed, symbols: 120973 processed, 0 removed
[2020-12-29T11:26:45.230-0500][gc,phases      ] GC(24556) Phase 1: Mark live objects 40.097ms
[2020-12-29T11:26:45.230-0500][gc,phases,start] GC(24556) Phase 2: Prepare for compaction
[2020-12-29T11:26:45.234-0500][gc,phases      ] GC(24556) Phase 2: Prepare for compaction 4.367ms
[2020-12-29T11:26:45.234-0500][gc,phases,start] GC(24556) Phase 3: Adjust pointers
[2020-12-29T11:26:45.247-0500][gc,phases      ] GC(24556) Phase 3: Adjust pointers 13.057ms
[2020-12-29T11:26:45.248-0500][gc,phases,start] GC(24556) Phase 4: Compact heap
[2020-12-29T11:26:45.250-0500][gc,phases      ] GC(24556) Phase 4: Compact heap 2.607ms
[2020-12-29T11:26:45.255-0500][gc,heap        ] GC(24556) Eden regions: 2->0(10)
[2020-12-29T11:26:45.255-0500][gc,heap        ] GC(24556) Survivor regions: 1->0(2)
[2020-12-29T11:26:45.255-0500][gc,heap        ] GC(24556) Old regions: 41->41
[2020-12-29T11:26:45.255-0500][gc,heap        ] GC(24556) Humongous regions: 4->4
[2020-12-29T11:26:45.255-0500][gc,metaspace   ] GC(24556) Metaspace: 50336K->50336K(1093632K)
[2020-12-29T11:26:45.255-0500][gc,heap        ] GC(24556) Heap after GC invocations=24557 (full 5699): garbage-first heap   total 64512K, used 43330K [0x0000000083000000, 0x0000000100000000)
[2020-12-29T11:26:45.255-0500][gc,heap        ] GC(24556)   region size 1024K, 0 young (0K), 0 survivors (0K)
[2020-12-29T11:26:45.255-0500][gc,heap        ] GC(24556)  Metaspace       used 50336K, capacity 52472K, committed 53888K, reserved 1093632K
[2020-12-29T11:26:45.255-0500][gc,heap        ] GC(24556)   class space    used 7457K, capacity 8250K, committed 8832K, reserved 1048576K
[2020-12-29T11:26:45.255-0500][gc             ] GC(24556) Pause Full (System.gc()) 43M->42M(63M) 65.392ms
[2020-12-29T11:26:45.255-0500][gc,cpu         ] GC(24556) User=0.29s Sys=0.00s Real=0.06s
[2020-12-29T11:29:09.061-0500][gc,heap        ] GC(24557) Heap before GC invocations=24557 (full 5699): garbage-first heap   total 64512K, used 52546K [0x0000000083000000, 0x0000000100000000)
[2020-12-29T11:29:09.061-0500][gc,heap        ] GC(24557)   region size 1024K, 10 young (10240K), 0 survivors (0K)
[2020-12-29T11:29:09.061-0500][gc,heap        ] GC(24557)  Metaspace       used 50336K, capacity 52472K, committed 53888K, reserved 1093632K
[2020-12-29T11:29:09.061-0500][gc,heap        ] GC(24557)   class space    used 7457K, capacity 8250K, committed 8832K, reserved 1048576K
[2020-12-29T11:29:09.061-0500][gc,start       ] GC(24557) Pause Young (Concurrent Start) (G1 Evacuation Pause)
[2020-12-29T11:29:09.061-0500][gc,task        ] GC(24557) Using 8 workers of 8 for evacuation
[2020-12-29T11:29:09.063-0500][gc,phases      ] GC(24557)   Pre Evacuate Collection Set: 0.2ms
[2020-12-29T11:29:09.063-0500][gc,phases      ] GC(24557)   Evacuate Collection Set: 1.1ms
[2020-12-29T11:29:09.063-0500][gc,phases      ] GC(24557)   Post Evacuate Collection Set: 1.0ms
[2020-12-29T11:29:09.063-0500][gc,phases      ] GC(24557)   Other: 0.3ms
[2020-12-29T11:29:09.063-0500][gc,heap        ] GC(24557) Eden regions: 10->0(9)
[2020-12-29T11:29:09.063-0500][gc,heap        ] GC(24557) Survivor regions: 0->1(2)
[2020-12-29T11:29:09.063-0500][gc,heap        ] GC(24557) Old regions: 41->41
[2020-12-29T11:29:09.063-0500][gc,heap        ] GC(24557) Humongous regions: 4->4
[2020-12-29T11:29:09.063-0500][gc,metaspace   ] GC(24557) Metaspace: 50336K->50336K(1093632K)
[2020-12-29T11:29:09.063-0500][gc,heap        ] GC(24557) Heap after GC invocations=24558 (full 5699): garbage-first heap   total 64512K, used 43396K [0x0000000083000000, 0x0000000100000000)
[2020-12-29T11:29:09.064-0500][gc,heap        ] GC(24557)   region size 1024K, 1 young (1024K), 1 survivors (1024K)
[2020-12-29T11:29:09.064-0500][gc,heap        ] GC(24557)  Metaspace       used 50336K, capacity 52472K, committed 53888K, reserved 1093632K
[2020-12-29T11:29:09.064-0500][gc,heap        ] GC(24557)   class space    used 7457K, capacity 8250K, committed 8832K, reserved 1048576K
[2020-12-29T11:29:09.064-0500][gc             ] GC(24557) Pause Young (Concurrent Start) (G1 Evacuation Pause) 52M->42M(63M) 2.614ms
[2020-12-29T11:29:09.064-0500][gc,cpu         ] GC(24557) User=0.00s Sys=0.00s Real=0.00s
[2020-12-29T11:29:09.064-0500][gc             ] GC(24558) Concurrent Cycle
[2020-12-29T11:29:09.064-0500][gc,marking     ] GC(24558) Concurrent Clear Claimed Marks
[2020-12-29T11:29:09.064-0500][gc,marking     ] GC(24558) Concurrent Clear Claimed Marks 0.077ms
[2020-12-29T11:29:09.064-0500][gc,marking     ] GC(24558) Concurrent Scan Root Regions
[2020-12-29T11:29:09.064-0500][gc,marking     ] GC(24558) Concurrent Scan Root Regions 0.587ms
[2020-12-29T11:29:09.064-0500][gc,marking     ] GC(24558) Concurrent Mark (1709546.451s)
[2020-12-29T11:29:09.064-0500][gc,marking     ] GC(24558) Concurrent Mark From Roots
[2020-12-29T11:29:09.064-0500][gc,task        ] GC(24558) Using 2 workers of 2 for marking
[2020-12-29T11:29:09.104-0500][gc,marking     ] GC(24558) Concurrent Mark From Roots 39.584ms
[2020-12-29T11:29:09.104-0500][gc,marking     ] GC(24558) Concurrent Preclean
[2020-12-29T11:29:09.104-0500][gc,marking     ] GC(24558) Concurrent Preclean 0.156ms
[2020-12-29T11:29:09.104-0500][gc,marking     ] GC(24558) Concurrent Mark (1709546.451s, 1709546.491s) 39.826ms
[2020-12-29T11:29:09.105-0500][gc,start       ] GC(24558) Pause Remark
[2020-12-29T11:29:09.113-0500][gc,stringtable ] GC(24558) Cleaned string and symbol table, strings: 33323 processed, 0 removed, symbols: 120973 processed, 0 removed
[2020-12-29T11:29:09.113-0500][gc             ] GC(24558) Pause Remark 42M->42M(63M) 8.428ms
[2020-12-29T11:29:09.113-0500][gc,cpu         ] GC(24558) User=0.04s Sys=0.00s Real=0.01s
[2020-12-29T11:29:09.113-0500][gc,marking     ] GC(24558) Concurrent Rebuild Remembered Sets
[2020-12-29T11:29:09.132-0500][gc,marking     ] GC(24558) Concurrent Rebuild Remembered Sets 18.478ms
[2020-12-29T11:29:09.132-0500][gc,start       ] GC(24558) Pause Cleanup
[2020-12-29T11:29:09.133-0500][gc             ] GC(24558) Pause Cleanup 42M->42M(63M) 0.191ms
[2020-12-29T11:29:09.133-0500][gc,cpu         ] GC(24558) User=0.00s Sys=0.00s Real=0.00s
[2020-12-29T11:29:09.133-0500][gc,marking     ] GC(24558) Concurrent Cleanup for Next Mark
[2020-12-29T11:29:09.133-0500][gc,marking     ] GC(24558) Concurrent Cleanup for Next Mark 0.227ms
[2020-12-29T11:29:09.133-0500][gc             ] GC(24558) Concurrent Cycle 69.321ms
[2020-12-29T11:31:29.059-0500][gc,heap        ] GC(24559) Heap before GC invocations=24559 (full 5699): garbage-first heap   total 64512K, used 52612K [0x0000000083000000, 0x0000000100000000)
[2020-12-29T11:31:29.059-0500][gc,heap        ] GC(24559)   region size 1024K, 10 young (10240K), 1 survivors (1024K)
[2020-12-29T11:31:29.059-0500][gc,heap        ] GC(24559)  Metaspace       used 50336K, capacity 52472K, committed 53888K, reserved 1093632K
[2020-12-29T11:31:29.059-0500][gc,heap        ] GC(24559)   class space    used 7457K, capacity 8250K, committed 8832K, reserved 1048576K
[2020-12-29T11:31:29.059-0500][gc,start       ] GC(24559) Pause Young (Normal) (G1 Evacuation Pause)
[2020-12-29T11:31:29.059-0500][gc,task        ] GC(24559) Using 8 workers of 8 for evacuation
[2020-12-29T11:31:29.063-0500][gc,phases      ] GC(24559)   Pre Evacuate Collection Set: 0.0ms
[2020-12-29T11:31:29.063-0500][gc,phases      ] GC(24559)   Evacuate Collection Set: 2.7ms
[2020-12-29T11:31:29.063-0500][gc,phases      ] GC(24559)   Post Evacuate Collection Set: 1.2ms
[2020-12-29T11:31:29.063-0500][gc,phases      ] GC(24559)   Other: 0.2ms
[2020-12-29T11:31:29.063-0500][gc,heap        ] GC(24559) Eden regions: 9->0(9)
[2020-12-29T11:31:29.064-0500][gc,heap        ] GC(24559) Survivor regions: 1->1(2)
[2020-12-29T11:31:29.064-0500][gc,heap        ] GC(24559) Old regions: 41->41
[2020-12-29T11:31:29.064-0500][gc,heap        ] GC(24559) Humongous regions: 4->4
[2020-12-29T11:31:29.064-0500][gc,metaspace   ] GC(24559) Metaspace: 50336K->50336K(1093632K)
[2020-12-29T11:31:29.064-0500][gc,heap        ] GC(24559) Heap after GC invocations=24560 (full 5699): garbage-first heap   total 64512K, used 43413K [0x0000000083000000, 0x0000000100000000)
[2020-12-29T11:31:29.064-0500][gc,heap        ] GC(24559)   region size 1024K, 1 young (1024K), 1 survivors (1024K)
[2020-12-29T11:31:29.064-0500][gc,heap        ] GC(24559)  Metaspace       used 50336K, capacity 52472K, committed 53888K, reserved 1093632K
[2020-12-29T11:31:29.064-0500][gc,heap        ] GC(24559)   class space    used 7457K, capacity 8250K, committed 8832K, reserved 1048576K
[2020-12-29T11:31:29.064-0500][gc             ] GC(24559) Pause Young (Normal) (G1 Evacuation Pause) 51M->42M(63M) 4.164ms
[2020-12-29T11:31:29.064-0500][gc,cpu         ] GC(24559) User=0.01s Sys=0.00s Real=0.00s
[2020-12-29T11:31:45.192-0500][gc,task        ] GC(24560) Using 5 workers of 8 for full compaction
[2020-12-29T11:31:45.192-0500][gc,start       ] GC(24560) Pause Full (System.gc())
[2020-12-29T11:31:45.192-0500][gc,heap        ] GC(24560) Heap before GC invocations=24560 (full 5699): garbage-first heap   total 64512K, used 44437K [0x0000000083000000, 0x0000000100000000)
[2020-12-29T11:31:45.192-0500][gc,heap        ] GC(24560)   region size 1024K, 3 young (3072K), 1 survivors (1024K)
[2020-12-29T11:31:45.192-0500][gc,heap        ] GC(24560)  Metaspace       used 50336K, capacity 52472K, committed 53888K, reserved 1093632K
[2020-12-29T11:31:45.193-0500][gc,heap        ] GC(24560)   class space    used 7457K, capacity 8250K, committed 8832K, reserved 1048576K
[2020-12-29T11:31:45.193-0500][gc,phases,start] GC(24560) Phase 1: Mark live objects
[2020-12-29T11:31:45.229-0500][gc,stringtable ] GC(24560) Cleaned string and symbol table, strings: 33323 processed, 4 removed, symbols: 120973 processed, 0 removed
[2020-12-29T11:31:45.229-0500][gc,phases      ] GC(24560) Phase 1: Mark live objects 36.288ms
[2020-12-29T11:31:45.229-0500][gc,phases,start] GC(24560) Phase 2: Prepare for compaction
[2020-12-29T11:31:45.234-0500][gc,phases      ] GC(24560) Phase 2: Prepare for compaction 4.423ms
[2020-12-29T11:31:45.234-0500][gc,phases,start] GC(24560) Phase 3: Adjust pointers
[2020-12-29T11:31:45.244-0500][gc,phases      ] GC(24560) Phase 3: Adjust pointers 10.632ms
[2020-12-29T11:31:45.245-0500][gc,phases,start] GC(24560) Phase 4: Compact heap
[2020-12-29T11:31:45.247-0500][gc,phases      ] GC(24560) Phase 4: Compact heap 2.682ms
[2020-12-29T11:31:45.252-0500][gc,heap        ] GC(24560) Eden regions: 2->0(9)
[2020-12-29T11:31:45.252-0500][gc,heap        ] GC(24560) Survivor regions: 1->0(2)
[2020-12-29T11:31:45.252-0500][gc,heap        ] GC(24560) Old regions: 41->42
[2020-12-29T11:31:45.252-0500][gc,heap        ] GC(24560) Humongous regions: 4->4
[2020-12-29T11:31:45.252-0500][gc,metaspace   ] GC(24560) Metaspace: 50336K->50336K(1093632K)
[2020-12-29T11:31:45.252-0500][gc,heap        ] GC(24560) Heap after GC invocations=24561 (full 5700): garbage-first heap   total 64512K, used 43328K [0x0000000083000000, 0x0000000100000000)
[2020-12-29T11:31:45.252-0500][gc,heap        ] GC(24560)   region size 1024K, 0 young (0K), 0 survivors (0K)
[2020-12-29T11:31:45.252-0500][gc,heap        ] GC(24560)  Metaspace       used 50336K, capacity 52472K, committed 53888K, reserved 1093632K
[2020-12-29T11:31:45.252-0500][gc,heap        ] GC(24560)   class space    used 7457K, capacity 8250K, committed 8832K, reserved 1048576K
[2020-12-29T11:31:45.252-0500][gc             ] GC(24560) Pause Full (System.gc()) 43M->42M(63M) 59.448ms
[2020-12-29T11:31:45.252-0500][gc,cpu         ] GC(24560) User=0.26s Sys=0.00s Real=0.06s
[2020-12-29T11:33:53.011-0500][gc,heap        ] GC(24561) Heap before GC invocations=24561 (full 5700): garbage-first heap   total 64512K, used 52544K [0x0000000083000000, 0x0000000100000000)
[2020-12-29T11:33:53.011-0500][gc,heap        ] GC(24561)   region size 1024K, 9 young (9216K), 0 survivors (0K)
[2020-12-29T11:33:53.011-0500][gc,heap        ] GC(24561)  Metaspace       used 50336K, capacity 52472K, committed 53888K, reserved 1093632K
[2020-12-29T11:33:53.011-0500][gc,heap        ] GC(24561)   class space    used 7457K, capacity 8250K, committed 8832K, reserved 1048576K
[2020-12-29T11:33:53.011-0500][gc,start       ] GC(24561) Pause Young (Concurrent Start) (G1 Evacuation Pause)
[2020-12-29T11:33:53.011-0500][gc,task        ] GC(24561) Using 8 workers of 8 for evacuation
[2020-12-29T11:33:53.014-0500][gc,phases      ] GC(24561)   Pre Evacuate Collection Set: 0.3ms
[2020-12-29T11:33:53.014-0500][gc,phases      ] GC(24561)   Evacuate Collection Set: 1.0ms
[2020-12-29T11:33:53.014-0500][gc,phases      ] GC(24561)   Post Evacuate Collection Set: 0.9ms
[2020-12-29T11:33:53.014-0500][gc,phases      ] GC(24561)   Other: 0.3ms
[2020-12-29T11:33:53.014-0500][gc,heap        ] GC(24561) Eden regions: 9->0(8)
[2020-12-29T11:33:53.014-0500][gc,heap        ] GC(24561) Survivor regions: 0->1(2)
[2020-12-29T11:33:53.014-0500][gc,heap        ] GC(24561) Old regions: 42->42
[2020-12-29T11:33:53.014-0500][gc,heap        ] GC(24561) Humongous regions: 4->4
[2020-12-29T11:33:53.014-0500][gc,metaspace   ] GC(24561) Metaspace: 50336K->50336K(1093632K)
[2020-12-29T11:33:53.014-0500][gc,heap        ] GC(24561) Heap after GC invocations=24562 (full 5700): garbage-first heap   total 64512K, used 43396K [0x0000000083000000, 0x0000000100000000)
[2020-12-29T11:33:53.014-0500][gc,heap        ] GC(24561)   region size 1024K, 1 young (1024K), 1 survivors (1024K)
[2020-12-29T11:33:53.014-0500][gc,heap        ] GC(24561)  Metaspace       used 50336K, capacity 52472K, committed 53888K, reserved 1093632K
[2020-12-29T11:33:53.014-0500][gc,heap        ] GC(24561)   class space    used 7457K, capacity 8250K, committed 8832K, reserved 1048576K
[2020-12-29T11:33:53.014-0500][gc             ] GC(24561) Pause Young (Concurrent Start) (G1 Evacuation Pause) 51M->42M(63M) 2.479ms
[2020-12-29T11:33:53.014-0500][gc,cpu         ] GC(24561) User=0.00s Sys=0.01s Real=0.00s
[2020-12-29T11:33:53.014-0500][gc             ] GC(24562) Concurrent Cycle
[2020-12-29T11:33:53.014-0500][gc,marking     ] GC(24562) Concurrent Clear Claimed Marks
[2020-12-29T11:33:53.014-0500][gc,marking     ] GC(24562) Concurrent Clear Claimed Marks 0.052ms
[2020-12-29T11:33:53.014-0500][gc,marking     ] GC(24562) Concurrent Scan Root Regions
[2020-12-29T11:33:53.014-0500][gc,marking     ] GC(24562) Concurrent Scan Root Regions 0.488ms
[2020-12-29T11:33:53.015-0500][gc,marking     ] GC(24562) Concurrent Mark (1709830.402s)
[2020-12-29T11:33:53.015-0500][gc,marking     ] GC(24562) Concurrent Mark From Roots
[2020-12-29T11:33:53.015-0500][gc,task        ] GC(24562) Using 2 workers of 2 for marking
[2020-12-29T11:33:53.051-0500][gc,marking     ] GC(24562) Concurrent Mark From Roots 36.489ms
[2020-12-29T11:33:53.051-0500][gc,marking     ] GC(24562) Concurrent Preclean
[2020-12-29T11:33:53.051-0500][gc,marking     ] GC(24562) Concurrent Preclean 0.153ms
[2020-12-29T11:33:53.051-0500][gc,marking     ] GC(24562) Concurrent Mark (1709830.402s, 1709830.438s) 36.722ms
[2020-12-29T11:33:53.052-0500][gc,start       ] GC(24562) Pause Remark
[2020-12-29T11:33:53.056-0500][gc,stringtable ] GC(24562) Cleaned string and symbol table, strings: 33323 processed, 0 removed, symbols: 120973 processed, 0 removed
[2020-12-29T11:33:53.056-0500][gc             ] GC(24562) Pause Remark 42M->42M(63M) 4.444ms
[2020-12-29T11:33:53.056-0500][gc,cpu         ] GC(24562) User=0.02s Sys=0.00s Real=0.00s
[2020-12-29T11:33:53.056-0500][gc,marking     ] GC(24562) Concurrent Rebuild Remembered Sets
[2020-12-29T11:33:53.076-0500][gc,marking     ] GC(24562) Concurrent Rebuild Remembered Sets 20.146ms
[2020-12-29T11:33:53.077-0500][gc,start       ] GC(24562) Pause Cleanup
[2020-12-29T11:33:53.077-0500][gc             ] GC(24562) Pause Cleanup 42M->42M(63M) 0.235ms
[2020-12-29T11:33:53.077-0500][gc,cpu         ] GC(24562) User=0.00s Sys=0.00s Real=0.00s
[2020-12-29T11:33:53.077-0500][gc,marking     ] GC(24562) Concurrent Cleanup for Next Mark
[2020-12-29T11:33:53.078-0500][gc,marking     ] GC(24562) Concurrent Cleanup for Next Mark 0.215ms
[2020-12-29T11:33:53.078-0500][gc             ] GC(24562) Concurrent Cycle 63.699ms
[2020-12-29T11:35:49.068-0500][gc,heap        ] GC(24563) Heap before GC invocations=24563 (full 5700): garbage-first heap   total 64512K, used 51588K [0x0000000083000000, 0x0000000100000000)
[2020-12-29T11:35:49.068-0500][gc,heap        ] GC(24563)   region size 1024K, 9 young (9216K), 1 survivors (1024K)
[2020-12-29T11:35:49.068-0500][gc,heap        ] GC(24563)  Metaspace       used 50336K, capacity 52472K, committed 53888K, reserved 1093632K
[2020-12-29T11:35:49.068-0500][gc,heap        ] GC(24563)   class space    used 7457K, capacity 8250K, committed 8832K, reserved 1048576K
[2020-12-29T11:35:49.068-0500][gc,start       ] GC(24563) Pause Young (Normal) (G1 Evacuation Pause)
[2020-12-29T11:35:49.068-0500][gc,task        ] GC(24563) Using 8 workers of 8 for evacuation
[2020-12-29T11:35:49.072-0500][gc,phases      ] GC(24563)   Pre Evacuate Collection Set: 0.0ms
[2020-12-29T11:35:49.072-0500][gc,phases      ] GC(24563)   Evacuate Collection Set: 2.2ms
[2020-12-29T11:35:49.073-0500][gc,phases      ] GC(24563)   Post Evacuate Collection Set: 2.2ms
[2020-12-29T11:35:49.073-0500][gc,phases      ] GC(24563)   Other: 0.5ms
[2020-12-29T11:35:49.073-0500][gc,heap        ] GC(24563) Eden regions: 8->0(9)
[2020-12-29T11:35:49.073-0500][gc,heap        ] GC(24563) Survivor regions: 1->1(2)
[2020-12-29T11:35:49.073-0500][gc,heap        ] GC(24563) Old regions: 41->41
[2020-12-29T11:35:49.073-0500][gc,heap        ] GC(24563) Humongous regions: 4->4
[2020-12-29T11:35:49.073-0500][gc,metaspace   ] GC(24563) Metaspace: 50336K->50336K(1093632K)
[2020-12-29T11:35:49.073-0500][gc,heap        ] GC(24563) Heap after GC invocations=24564 (full 5700): garbage-first heap   total 64512K, used 43398K [0x0000000083000000, 0x0000000100000000)
[2020-12-29T11:35:49.073-0500][gc,heap        ] GC(24563)   region size 1024K, 1 young (1024K), 1 survivors (1024K)
[2020-12-29T11:35:49.073-0500][gc,heap        ] GC(24563)  Metaspace       used 50336K, capacity 52472K, committed 53888K, reserved 1093632K
[2020-12-29T11:35:49.073-0500][gc,heap        ] GC(24563)   class space    used 7457K, capacity 8250K, committed 8832K, reserved 1048576K
[2020-12-29T11:35:49.073-0500][gc             ] GC(24563) Pause Young (Normal) (G1 Evacuation Pause) 50M->42M(63M) 5.042ms
[2020-12-29T11:35:49.073-0500][gc,cpu         ] GC(24563) User=0.01s Sys=0.01s Real=0.01s
[2020-12-29T11:36:45.190-0500][gc,task        ] GC(24564) Using 5 workers of 8 for full compaction
[2020-12-29T11:36:45.191-0500][gc,start       ] GC(24564) Pause Full (System.gc())
[2020-12-29T11:36:45.191-0500][gc,heap        ] GC(24564) Heap before GC invocations=24564 (full 5700): garbage-first heap   total 64512K, used 46470K [0x0000000083000000, 0x0000000100000000)
[2020-12-29T11:36:45.191-0500][gc,heap        ] GC(24564)   region size 1024K, 5 young (5120K), 1 survivors (1024K)
[2020-12-29T11:36:45.191-0500][gc,heap        ] GC(24564)  Metaspace       used 50336K, capacity 52472K, committed 53888K, reserved 1093632K
[2020-12-29T11:36:45.191-0500][gc,heap        ] GC(24564)   class space    used 7457K, capacity 8250K, committed 8832K, reserved 1048576K
[2020-12-29T11:36:45.191-0500][gc,phases,start] GC(24564) Phase 1: Mark live objects
[2020-12-29T11:36:45.213-0500][gc,stringtable ] GC(24564) Cleaned string and symbol table, strings: 33323 processed, 4 removed, symbols: 120973 processed, 0 removed
[2020-12-29T11:36:45.214-0500][gc,phases      ] GC(24564) Phase 1: Mark live objects 22.748ms
[2020-12-29T11:36:45.214-0500][gc,phases,start] GC(24564) Phase 2: Prepare for compaction
[2020-12-29T11:36:45.217-0500][gc,phases      ] GC(24564) Phase 2: Prepare for compaction 3.904ms
[2020-12-29T11:36:45.218-0500][gc,phases,start] GC(24564) Phase 3: Adjust pointers
[2020-12-29T11:36:45.229-0500][gc,phases      ] GC(24564) Phase 3: Adjust pointers 11.950ms
[2020-12-29T11:36:45.230-0500][gc,phases,start] GC(24564) Phase 4: Compact heap
[2020-12-29T11:36:45.233-0500][gc,phases      ] GC(24564) Phase 4: Compact heap 3.012ms
[2020-12-29T11:36:45.238-0500][gc,heap        ] GC(24564) Eden regions: 4->0(9)
[2020-12-29T11:36:45.238-0500][gc,heap        ] GC(24564) Survivor regions: 1->0(2)
[2020-12-29T11:36:45.238-0500][gc,heap        ] GC(24564) Old regions: 41->42
[2020-12-29T11:36:45.238-0500][gc,heap        ] GC(24564) Humongous regions: 4->4
[2020-12-29T11:36:45.238-0500][gc,metaspace   ] GC(24564) Metaspace: 50336K->50336K(1093632K)
[2020-12-29T11:36:45.238-0500][gc,heap        ] GC(24564) Heap after GC invocations=24565 (full 5701): garbage-first heap   total 64512K, used 43343K [0x0000000083000000, 0x0000000100000000)
[2020-12-29T11:36:45.238-0500][gc,heap        ] GC(24564)   region size 1024K, 0 young (0K), 0 survivors (0K)
[2020-12-29T11:36:45.238-0500][gc,heap        ] GC(24564)  Metaspace       used 50336K, capacity 52472K, committed 53888K, reserved 1093632K
[2020-12-29T11:36:45.238-0500][gc,heap        ] GC(24564)   class space    used 7457K, capacity 8250K, committed 8832K, reserved 1048576K
[2020-12-29T11:36:45.238-0500][gc             ] GC(24564) Pause Full (System.gc()) 45M->42M(63M) 47.679ms
[2020-12-29T11:36:45.238-0500][gc,cpu         ] GC(24564) User=0.18s Sys=0.00s Real=0.05s
[2020-12-29T11:38:56.715-0500][gc,heap        ] GC(24565) Heap before GC invocations=24565 (full 5701): garbage-first heap   total 64512K, used 51535K [0x0000000083000000, 0x0000000100000000)
[2020-12-29T11:38:56.716-0500][gc,heap        ] GC(24565)   region size 1024K, 9 young (9216K), 0 survivors (0K)
[2020-12-29T11:38:56.716-0500][gc,heap        ] GC(24565)  Metaspace       used 50336K, capacity 52472K, committed 53888K, reserved 1093632K
[2020-12-29T11:38:56.716-0500][gc,heap        ] GC(24565)   class space    used 7457K, capacity 8250K, committed 8832K, reserved 1048576K
[2020-12-29T11:38:56.716-0500][gc,start       ] GC(24565) Pause Young (Concurrent Start) (G1 Evacuation Pause)
[2020-12-29T11:38:56.716-0500][gc,task        ] GC(24565) Using 8 workers of 8 for evacuation
[2020-12-29T11:38:56.718-0500][gc,phases      ] GC(24565)   Pre Evacuate Collection Set: 0.2ms
[2020-12-29T11:38:56.718-0500][gc,phases      ] GC(24565)   Evacuate Collection Set: 1.6ms
[2020-12-29T11:38:56.718-0500][gc,phases      ] GC(24565)   Post Evacuate Collection Set: 0.9ms
[2020-12-29T11:38:56.718-0500][gc,phases      ] GC(24565)   Other: 0.2ms
[2020-12-29T11:38:56.719-0500][gc,heap        ] GC(24565) Eden regions: 9->0(8)
[2020-12-29T11:38:56.719-0500][gc,heap        ] GC(24565) Survivor regions: 0->1(2)
[2020-12-29T11:38:56.719-0500][gc,heap        ] GC(24565) Old regions: 42->42
[2020-12-29T11:38:56.719-0500][gc,heap        ] GC(24565) Humongous regions: 4->4
[2020-12-29T11:38:56.719-0500][gc,metaspace   ] GC(24565) Metaspace: 50336K->50336K(1093632K)
[2020-12-29T11:38:56.719-0500][gc,heap        ] GC(24565) Heap after GC invocations=24566 (full 5701): garbage-first heap   total 64512K, used 43401K [0x0000000083000000, 0x0000000100000000)
[2020-12-29T11:38:56.719-0500][gc,heap        ] GC(24565)   region size 1024K, 1 young (1024K), 1 survivors (1024K)
[2020-12-29T11:38:56.719-0500][gc,heap        ] GC(24565)  Metaspace       used 50336K, capacity 52472K, committed 53888K, reserved 1093632K
[2020-12-29T11:38:56.719-0500][gc,heap        ] GC(24565)   class space    used 7457K, capacity 8250K, committed 8832K, reserved 1048576K
[2020-12-29T11:38:56.719-0500][gc             ] GC(24565) Pause Young (Concurrent Start) (G1 Evacuation Pause) 51M->42M(63M) 3.024ms
[2020-12-29T11:38:56.719-0500][gc,cpu         ] GC(24565) User=0.01s Sys=0.00s Real=0.01s
[2020-12-29T11:38:56.719-0500][gc             ] GC(24566) Concurrent Cycle
[2020-12-29T11:38:56.719-0500][gc,marking     ] GC(24566) Concurrent Clear Claimed Marks
[2020-12-29T11:38:56.719-0500][gc,marking     ] GC(24566) Concurrent Clear Claimed Marks 0.180ms
[2020-12-29T11:38:56.719-0500][gc,marking     ] GC(24566) Concurrent Scan Root Regions
[2020-12-29T11:38:56.723-0500][gc,marking     ] GC(24566) Concurrent Scan Root Regions 3.672ms
[2020-12-29T11:38:56.723-0500][gc,marking     ] GC(24566) Concurrent Mark (1710134.110s)
[2020-12-29T11:38:56.723-0500][gc,marking     ] GC(24566) Concurrent Mark From Roots
[2020-12-29T11:38:56.723-0500][gc,task        ] GC(24566) Using 2 workers of 2 for marking
[2020-12-29T11:38:56.764-0500][gc,marking     ] GC(24566) Concurrent Mark From Roots 41.348ms
[2020-12-29T11:38:56.764-0500][gc,marking     ] GC(24566) Concurrent Preclean
[2020-12-29T11:38:56.764-0500][gc,marking     ] GC(24566) Concurrent Preclean 0.154ms
[2020-12-29T11:38:56.764-0500][gc,marking     ] GC(24566) Concurrent Mark (1710134.110s, 1710134.152s) 41.593ms
[2020-12-29T11:38:56.765-0500][gc,start       ] GC(24566) Pause Remark
[2020-12-29T11:38:56.769-0500][gc,stringtable ] GC(24566) Cleaned string and symbol table, strings: 33323 processed, 0 removed, symbols: 120973 processed, 0 removed
[2020-12-29T11:38:56.769-0500][gc             ] GC(24566) Pause Remark 42M->42M(63M) 4.526ms
[2020-12-29T11:38:56.769-0500][gc,cpu         ] GC(24566) User=0.03s Sys=0.00s Real=0.01s
[2020-12-29T11:38:56.769-0500][gc,marking     ] GC(24566) Concurrent Rebuild Remembered Sets
[2020-12-29T11:38:56.791-0500][gc,marking     ] GC(24566) Concurrent Rebuild Remembered Sets 21.137ms
[2020-12-29T11:38:56.791-0500][gc,start       ] GC(24566) Pause Cleanup
[2020-12-29T11:38:56.791-0500][gc             ] GC(24566) Pause Cleanup 42M->42M(63M) 0.202ms
[2020-12-29T11:38:56.791-0500][gc,cpu         ] GC(24566) User=0.00s Sys=0.00s Real=0.00s
[2020-12-29T11:38:56.791-0500][gc,marking     ] GC(24566) Concurrent Cleanup for Next Mark
[2020-12-29T11:38:56.791-0500][gc,marking     ] GC(24566) Concurrent Cleanup for Next Mark 0.241ms
[2020-12-29T11:38:56.791-0500][gc             ] GC(24566) Concurrent Cycle 72.686ms
[2020-12-29T11:40:45.690-0500][gc,heap        ] GC(24567) Heap before GC invocations=24567 (full 5701): garbage-first heap   total 64512K, used 51584K [0x0000000083000000, 0x0000000100000000)
[2020-12-29T11:40:45.690-0500][gc,heap        ] GC(24567)   region size 1024K, 9 young (9216K), 1 survivors (1024K)
[2020-12-29T11:40:45.690-0500][gc,heap        ] GC(24567)  Metaspace       used 50336K, capacity 52472K, committed 53888K, reserved 1093632K
[2020-12-29T11:40:45.690-0500][gc,heap        ] GC(24567)   class space    used 7457K, capacity 8250K, committed 8832K, reserved 1048576K
[2020-12-29T11:40:45.690-0500][gc,start       ] GC(24567) Pause Young (Normal) (G1 Evacuation Pause)
[2020-12-29T11:40:45.690-0500][gc,task        ] GC(24567) Using 8 workers of 8 for evacuation
[2020-12-29T11:40:45.693-0500][gc,phases      ] GC(24567)   Pre Evacuate Collection Set: 0.0ms
[2020-12-29T11:40:45.694-0500][gc,phases      ] GC(24567)   Evacuate Collection Set: 1.7ms
[2020-12-29T11:40:45.694-0500][gc,phases      ] GC(24567)   Post Evacuate Collection Set: 1.5ms
[2020-12-29T11:40:45.694-0500][gc,phases      ] GC(24567)   Other: 0.4ms
[2020-12-29T11:40:45.694-0500][gc,heap        ] GC(24567) Eden regions: 8->0(9)
[2020-12-29T11:40:45.694-0500][gc,heap        ] GC(24567) Survivor regions: 1->1(2)
[2020-12-29T11:40:45.694-0500][gc,heap        ] GC(24567) Old regions: 41->41
[2020-12-29T11:40:45.694-0500][gc,heap        ] GC(24567) Humongous regions: 4->4
[2020-12-29T11:40:45.694-0500][gc,metaspace   ] GC(24567) Metaspace: 50336K->50336K(1093632K)
[2020-12-29T11:40:45.694-0500][gc,heap        ] GC(24567) Heap after GC invocations=24568 (full 5701): garbage-first heap   total 64512K, used 43419K [0x0000000083000000, 0x0000000100000000)
[2020-12-29T11:40:45.694-0500][gc,heap        ] GC(24567)   region size 1024K, 1 young (1024K), 1 survivors (1024K)
[2020-12-29T11:40:45.694-0500][gc,heap        ] GC(24567)  Metaspace       used 50336K, capacity 52472K, committed 53888K, reserved 1093632K
[2020-12-29T11:40:45.694-0500][gc,heap        ] GC(24567)   class space    used 7457K, capacity 8250K, committed 8832K, reserved 1048576K
[2020-12-29T11:40:45.694-0500][gc             ] GC(24567) Pause Young (Normal) (G1 Evacuation Pause) 50M->42M(63M) 3.747ms
[2020-12-29T11:40:45.694-0500][gc,cpu         ] GC(24567) User=0.02s Sys=0.00s Real=0.00s
[2020-12-29T11:41:45.192-0500][gc,task        ] GC(24568) Using 5 workers of 8 for full compaction
[2020-12-29T11:41:45.192-0500][gc,start       ] GC(24568) Pause Full (System.gc())
[2020-12-29T11:41:45.192-0500][gc,heap        ] GC(24568) Heap before GC invocations=24568 (full 5701): garbage-first heap   total 64512K, used 47515K [0x0000000083000000, 0x0000000100000000)
[2020-12-29T11:41:45.192-0500][gc,heap        ] GC(24568)   region size 1024K, 6 young (6144K), 1 survivors (1024K)
[2020-12-29T11:41:45.193-0500][gc,heap        ] GC(24568)  Metaspace       used 50336K, capacity 52472K, committed 53888K, reserved 1093632K
[2020-12-29T11:41:45.193-0500][gc,heap        ] GC(24568)   class space    used 7457K, capacity 8250K, committed 8832K, reserved 1048576K
[2020-12-29T11:41:45.193-0500][gc,phases,start] GC(24568) Phase 1: Mark live objects
[2020-12-29T11:41:45.233-0500][gc,stringtable ] GC(24568) Cleaned string and symbol table, strings: 33323 processed, 4 removed, symbols: 120973 processed, 0 removed
[2020-12-29T11:41:45.233-0500][gc,phases      ] GC(24568) Phase 1: Mark live objects 39.791ms
[2020-12-29T11:41:45.233-0500][gc,phases,start] GC(24568) Phase 2: Prepare for compaction
[2020-12-29T11:41:45.236-0500][gc,phases      ] GC(24568) Phase 2: Prepare for compaction 3.165ms
[2020-12-29T11:41:45.236-0500][gc,phases,start] GC(24568) Phase 3: Adjust pointers
[2020-12-29T11:41:45.248-0500][gc,phases      ] GC(24568) Phase 3: Adjust pointers 11.549ms
[2020-12-29T11:41:45.248-0500][gc,phases,start] GC(24568) Phase 4: Compact heap
[2020-12-29T11:41:45.251-0500][gc,phases      ] GC(24568) Phase 4: Compact heap 2.992ms
[2020-12-29T11:41:45.256-0500][gc,heap        ] GC(24568) Eden regions: 5->0(10)
[2020-12-29T11:41:45.256-0500][gc,heap        ] GC(24568) Survivor regions: 1->0(2)
[2020-12-29T11:41:45.256-0500][gc,heap        ] GC(24568) Old regions: 41->41
[2020-12-29T11:41:45.256-0500][gc,heap        ] GC(24568) Humongous regions: 4->4
[2020-12-29T11:41:45.256-0500][gc,metaspace   ] GC(24568) Metaspace: 50336K->50336K(1093632K)
[2020-12-29T11:41:45.256-0500][gc,heap        ] GC(24568) Heap after GC invocations=24569 (full 5702): garbage-first heap   total 64512K, used 43350K [0x0000000083000000, 0x0000000100000000)
[2020-12-29T11:41:45.256-0500][gc,heap        ] GC(24568)   region size 1024K, 0 young (0K), 0 survivors (0K)
[2020-12-29T11:41:45.256-0500][gc,heap        ] GC(24568)  Metaspace       used 50336K, capacity 52472K, committed 53888K, reserved 1093632K
[2020-12-29T11:41:45.256-0500][gc,heap        ] GC(24568)   class space    used 7457K, capacity 8250K, committed 8832K, reserved 1048576K
[2020-12-29T11:41:45.256-0500][gc             ] GC(24568) Pause Full (System.gc()) 46M->42M(63M) 63.568ms
[2020-12-29T11:41:45.256-0500][gc,cpu         ] GC(24568) User=0.27s Sys=0.00s Real=0.06s
[2020-12-29T11:44:09.060-0500][gc,heap        ] GC(24569) Heap before GC invocations=24569 (full 5702): garbage-first heap   total 64512K, used 53590K [0x0000000083000000, 0x0000000100000000)
[2020-12-29T11:44:09.060-0500][gc,heap        ] GC(24569)   region size 1024K, 10 young (10240K), 0 survivors (0K)
[2020-12-29T11:44:09.060-0500][gc,heap        ] GC(24569)  Metaspace       used 50336K, capacity 52472K, committed 53888K, reserved 1093632K
[2020-12-29T11:44:09.060-0500][gc,heap        ] GC(24569)   class space    used 7457K, capacity 8250K, committed 8832K, reserved 1048576K
[2020-12-29T11:44:09.060-0500][gc,start       ] GC(24569) Pause Young (Concurrent Start) (G1 Evacuation Pause)
[2020-12-29T11:44:09.060-0500][gc,task        ] GC(24569) Using 8 workers of 8 for evacuation
[2020-12-29T11:44:09.064-0500][gc,phases      ] GC(24569)   Pre Evacuate Collection Set: 0.2ms
[2020-12-29T11:44:09.064-0500][gc,phases      ] GC(24569)   Evacuate Collection Set: 1.2ms
[2020-12-29T11:44:09.064-0500][gc,phases      ] GC(24569)   Post Evacuate Collection Set: 1.9ms
[2020-12-29T11:44:09.064-0500][gc,phases      ] GC(24569)   Other: 0.4ms
[2020-12-29T11:44:09.064-0500][gc,heap        ] GC(24569) Eden regions: 10->0(9)
[2020-12-29T11:44:09.064-0500][gc,heap        ] GC(24569) Survivor regions: 0->1(2)
[2020-12-29T11:44:09.064-0500][gc,heap        ] GC(24569) Old regions: 41->41
[2020-12-29T11:44:09.064-0500][gc,heap        ] GC(24569) Humongous regions: 4->4
[2020-12-29T11:44:09.064-0500][gc,metaspace   ] GC(24569) Metaspace: 50336K->50336K(1093632K)
[2020-12-29T11:44:09.064-0500][gc,heap        ] GC(24569) Heap after GC invocations=24570 (full 5702): garbage-first heap   total 64512K, used 43430K [0x0000000083000000, 0x0000000100000000)
[2020-12-29T11:44:09.064-0500][gc,heap        ] GC(24569)   region size 1024K, 1 young (1024K), 1 survivors (1024K)
[2020-12-29T11:44:09.064-0500][gc,heap        ] GC(24569)  Metaspace       used 50336K, capacity 52472K, committed 53888K, reserved 1093632K
[2020-12-29T11:44:09.064-0500][gc,heap        ] GC(24569)   class space    used 7457K, capacity 8250K, committed 8832K, reserved 1048576K
[2020-12-29T11:44:09.064-0500][gc             ] GC(24569) Pause Young (Concurrent Start) (G1 Evacuation Pause) 52M->42M(63M) 3.753ms
[2020-12-29T11:44:09.064-0500][gc,cpu         ] GC(24569) User=0.01s Sys=0.00s Real=0.00s
[2020-12-29T11:44:09.064-0500][gc             ] GC(24570) Concurrent Cycle
[2020-12-29T11:44:09.064-0500][gc,marking     ] GC(24570) Concurrent Clear Claimed Marks
[2020-12-29T11:44:09.064-0500][gc,marking     ] GC(24570) Concurrent Clear Claimed Marks 0.065ms
[2020-12-29T11:44:09.064-0500][gc,marking     ] GC(24570) Concurrent Scan Root Regions
[2020-12-29T11:44:09.065-0500][gc,marking     ] GC(24570) Concurrent Scan Root Regions 0.636ms
[2020-12-29T11:44:09.065-0500][gc,marking     ] GC(24570) Concurrent Mark (1710446.452s)
[2020-12-29T11:44:09.065-0500][gc,marking     ] GC(24570) Concurrent Mark From Roots
[2020-12-29T11:44:09.065-0500][gc,task        ] GC(24570) Using 2 workers of 2 for marking
[2020-12-29T11:44:09.103-0500][gc,marking     ] GC(24570) Concurrent Mark From Roots 38.712ms
[2020-12-29T11:44:09.104-0500][gc,marking     ] GC(24570) Concurrent Preclean
[2020-12-29T11:44:09.104-0500][gc,marking     ] GC(24570) Concurrent Preclean 0.154ms
[2020-12-29T11:44:09.104-0500][gc,marking     ] GC(24570) Concurrent Mark (1710446.452s, 1710446.491s) 38.946ms
[2020-12-29T11:44:09.104-0500][gc,start       ] GC(24570) Pause Remark
[2020-12-29T11:44:09.109-0500][gc,stringtable ] GC(24570) Cleaned string and symbol table, strings: 33323 processed, 0 removed, symbols: 120973 processed, 0 removed
[2020-12-29T11:44:09.109-0500][gc             ] GC(24570) Pause Remark 42M->42M(63M) 4.907ms
[2020-12-29T11:44:09.109-0500][gc,cpu         ] GC(24570) User=0.03s Sys=0.00s Real=0.01s
[2020-12-29T11:44:09.109-0500][gc,marking     ] GC(24570) Concurrent Rebuild Remembered Sets
[2020-12-29T11:44:09.128-0500][gc,marking     ] GC(24570) Concurrent Rebuild Remembered Sets 18.623ms
[2020-12-29T11:44:09.128-0500][gc,start       ] GC(24570) Pause Cleanup
[2020-12-29T11:44:09.128-0500][gc             ] GC(24570) Pause Cleanup 42M->42M(63M) 0.172ms
[2020-12-29T11:44:09.128-0500][gc,cpu         ] GC(24570) User=0.00s Sys=0.00s Real=0.00s
[2020-12-29T11:44:09.128-0500][gc,marking     ] GC(24570) Concurrent Cleanup for Next Mark
[2020-12-29T11:44:09.129-0500][gc,marking     ] GC(24570) Concurrent Cleanup for Next Mark 0.323ms
[2020-12-29T11:44:09.129-0500][gc             ] GC(24570) Concurrent Cycle 64.766ms
[2020-12-29T11:46:19.063-0500][gc,heap        ] GC(24571) Heap before GC invocations=24571 (full 5702): garbage-first heap   total 64512K, used 52646K [0x0000000083000000, 0x0000000100000000)
[2020-12-29T11:46:19.063-0500][gc,heap        ] GC(24571)   region size 1024K, 10 young (10240K), 1 survivors (1024K)
[2020-12-29T11:46:19.063-0500][gc,heap        ] GC(24571)  Metaspace       used 50336K, capacity 52472K, committed 53888K, reserved 1093632K
[2020-12-29T11:46:19.063-0500][gc,heap        ] GC(24571)   class space    used 7457K, capacity 8250K, committed 8832K, reserved 1048576K
[2020-12-29T11:46:19.063-0500][gc,start       ] GC(24571) Pause Young (Normal) (G1 Evacuation Pause)
[2020-12-29T11:46:19.063-0500][gc,task        ] GC(24571) Using 8 workers of 8 for evacuation
[2020-12-29T11:46:19.066-0500][gc,phases      ] GC(24571)   Pre Evacuate Collection Set: 0.0ms
[2020-12-29T11:46:19.066-0500][gc,phases      ] GC(24571)   Evacuate Collection Set: 1.4ms
[2020-12-29T11:46:19.066-0500][gc,phases      ] GC(24571)   Post Evacuate Collection Set: 1.2ms
[2020-12-29T11:46:19.066-0500][gc,phases      ] GC(24571)   Other: 0.4ms
[2020-12-29T11:46:19.066-0500][gc,heap        ] GC(24571) Eden regions: 9->0(9)
[2020-12-29T11:46:19.066-0500][gc,heap        ] GC(24571) Survivor regions: 1->1(2)
[2020-12-29T11:46:19.066-0500][gc,heap        ] GC(24571) Old regions: 41->41
[2020-12-29T11:46:19.066-0500][gc,heap        ] GC(24571) Humongous regions: 4->4
[2020-12-29T11:46:19.066-0500][gc,metaspace   ] GC(24571) Metaspace: 50336K->50336K(1093632K)
[2020-12-29T11:46:19.066-0500][gc,heap        ] GC(24571) Heap after GC invocations=24572 (full 5702): garbage-first heap   total 64512K, used 43438K [0x0000000083000000, 0x0000000100000000)
[2020-12-29T11:46:19.066-0500][gc,heap        ] GC(24571)   region size 1024K, 1 young (1024K), 1 survivors (1024K)
[2020-12-29T11:46:19.066-0500][gc,heap        ] GC(24571)  Metaspace       used 50336K, capacity 52472K, committed 53888K, reserved 1093632K
[2020-12-29T11:46:19.066-0500][gc,heap        ] GC(24571)   class space    used 7457K, capacity 8250K, committed 8832K, reserved 1048576K
[2020-12-29T11:46:19.066-0500][gc             ] GC(24571) Pause Young (Normal) (G1 Evacuation Pause) 51M->42M(63M) 3.052ms
[2020-12-29T11:46:19.066-0500][gc,cpu         ] GC(24571) User=0.01s Sys=0.00s Real=0.00s
[2020-12-29T11:46:45.190-0500][gc,task        ] GC(24572) Using 5 workers of 8 for full compaction
[2020-12-29T11:46:45.190-0500][gc,start       ] GC(24572) Pause Full (System.gc())
[2020-12-29T11:46:45.190-0500][gc,heap        ] GC(24572) Heap before GC invocations=24572 (full 5702): garbage-first heap   total 64512K, used 43438K [0x0000000083000000, 0x0000000100000000)
[2020-12-29T11:46:45.190-0500][gc,heap        ] GC(24572)   region size 1024K, 3 young (3072K), 1 survivors (1024K)
[2020-12-29T11:46:45.190-0500][gc,heap        ] GC(24572)  Metaspace       used 50336K, capacity 52472K, committed 53888K, reserved 1093632K
[2020-12-29T11:46:45.190-0500][gc,heap        ] GC(24572)   class space    used 7457K, capacity 8250K, committed 8832K, reserved 1048576K
[2020-12-29T11:46:45.190-0500][gc,phases,start] GC(24572) Phase 1: Mark live objects
[2020-12-29T11:46:45.210-0500][gc,stringtable ] GC(24572) Cleaned string and symbol table, strings: 33323 processed, 4 removed, symbols: 120973 processed, 0 removed
[2020-12-29T11:46:45.210-0500][gc,phases      ] GC(24572) Phase 1: Mark live objects 20.191ms
[2020-12-29T11:46:45.210-0500][gc,phases,start] GC(24572) Phase 2: Prepare for compaction
[2020-12-29T11:46:45.214-0500][gc,phases      ] GC(24572) Phase 2: Prepare for compaction 3.302ms
[2020-12-29T11:46:45.214-0500][gc,phases,start] GC(24572) Phase 3: Adjust pointers
[2020-12-29T11:46:45.224-0500][gc,phases      ] GC(24572) Phase 3: Adjust pointers 10.690ms
[2020-12-29T11:46:45.224-0500][gc,phases,start] GC(24572) Phase 4: Compact heap
[2020-12-29T11:46:45.227-0500][gc,phases      ] GC(24572) Phase 4: Compact heap 2.745ms
[2020-12-29T11:46:45.232-0500][gc,heap        ] GC(24572) Eden regions: 2->0(10)
[2020-12-29T11:46:45.232-0500][gc,heap        ] GC(24572) Survivor regions: 1->0(2)
[2020-12-29T11:46:45.232-0500][gc,heap        ] GC(24572) Old regions: 41->41
[2020-12-29T11:46:45.232-0500][gc,heap        ] GC(24572) Humongous regions: 4->4
[2020-12-29T11:46:45.232-0500][gc,metaspace   ] GC(24572) Metaspace: 50336K->50336K(1093632K)
[2020-12-29T11:46:45.232-0500][gc,heap        ] GC(24572) Heap after GC invocations=24573 (full 5703): garbage-first heap   total 64512K, used 43330K [0x0000000083000000, 0x0000000100000000)
[2020-12-29T11:46:45.232-0500][gc,heap        ] GC(24572)   region size 1024K, 0 young (0K), 0 survivors (0K)
[2020-12-29T11:46:45.232-0500][gc,heap        ] GC(24572)  Metaspace       used 50336K, capacity 52472K, committed 53888K, reserved 1093632K
[2020-12-29T11:46:45.232-0500][gc,heap        ] GC(24572)   class space    used 7457K, capacity 8250K, committed 8832K, reserved 1048576K
[2020-12-29T11:46:45.232-0500][gc             ] GC(24572) Pause Full (System.gc()) 44M->42M(63M) 41.809ms
[2020-12-29T11:46:45.232-0500][gc,cpu         ] GC(24572) User=0.17s Sys=0.00s Real=0.04s
[2020-12-29T11:49:09.067-0500][gc,heap        ] GC(24573) Heap before GC invocations=24573 (full 5703): garbage-first heap   total 64512K, used 52546K [0x0000000083000000, 0x0000000100000000)
[2020-12-29T11:49:09.068-0500][gc,heap        ] GC(24573)   region size 1024K, 10 young (10240K), 0 survivors (0K)
[2020-12-29T11:49:09.068-0500][gc,heap        ] GC(24573)  Metaspace       used 50336K, capacity 52472K, committed 53888K, reserved 1093632K
[2020-12-29T11:49:09.068-0500][gc,heap        ] GC(24573)   class space    used 7457K, capacity 8250K, committed 8832K, reserved 1048576K
[2020-12-29T11:49:09.068-0500][gc,start       ] GC(24573) Pause Young (Concurrent Start) (G1 Evacuation Pause)
[2020-12-29T11:49:09.068-0500][gc,task        ] GC(24573) Using 8 workers of 8 for evacuation
[2020-12-29T11:49:09.076-0500][gc,phases      ] GC(24573)   Pre Evacuate Collection Set: 0.5ms
[2020-12-29T11:49:09.076-0500][gc,phases      ] GC(24573)   Evacuate Collection Set: 4.7ms
[2020-12-29T11:49:09.076-0500][gc,phases      ] GC(24573)   Post Evacuate Collection Set: 2.5ms
[2020-12-29T11:49:09.076-0500][gc,phases      ] GC(24573)   Other: 0.8ms
[2020-12-29T11:49:09.076-0500][gc,heap        ] GC(24573) Eden regions: 10->0(9)
[2020-12-29T11:49:09.076-0500][gc,heap        ] GC(24573) Survivor regions: 0->1(2)
[2020-12-29T11:49:09.076-0500][gc,heap        ] GC(24573) Old regions: 41->41
[2020-12-29T11:49:09.076-0500][gc,heap        ] GC(24573) Humongous regions: 4->4
[2020-12-29T11:49:09.076-0500][gc,metaspace   ] GC(24573) Metaspace: 50336K->50336K(1093632K)
[2020-12-29T11:49:09.076-0500][gc,heap        ] GC(24573) Heap after GC invocations=24574 (full 5703): garbage-first heap   total 64512K, used 43429K [0x0000000083000000, 0x0000000100000000)
[2020-12-29T11:49:09.076-0500][gc,heap        ] GC(24573)   region size 1024K, 1 young (1024K), 1 survivors (1024K)
[2020-12-29T11:49:09.076-0500][gc,heap        ] GC(24573)  Metaspace       used 50336K, capacity 52472K, committed 53888K, reserved 1093632K
[2020-12-29T11:49:09.076-0500][gc,heap        ] GC(24573)   class space    used 7457K, capacity 8250K, committed 8832K, reserved 1048576K
[2020-12-29T11:49:09.076-0500][gc             ] GC(24573) Pause Young (Concurrent Start) (G1 Evacuation Pause) 52M->42M(63M) 8.736ms
[2020-12-29T11:49:09.077-0500][gc,cpu         ] GC(24573) User=0.04s Sys=0.00s Real=0.01s
[2020-12-29T11:49:09.077-0500][gc             ] GC(24574) Concurrent Cycle
[2020-12-29T11:49:09.077-0500][gc,marking     ] GC(24574) Concurrent Clear Claimed Marks
[2020-12-29T11:49:09.077-0500][gc,marking     ] GC(24574) Concurrent Clear Claimed Marks 0.189ms
[2020-12-29T11:49:09.077-0500][gc,marking     ] GC(24574) Concurrent Scan Root Regions
[2020-12-29T11:49:09.080-0500][gc,marking     ] GC(24574) Concurrent Scan Root Regions 2.473ms
[2020-12-29T11:49:09.080-0500][gc,marking     ] GC(24574) Concurrent Mark (1710746.467s)
[2020-12-29T11:49:09.080-0500][gc,marking     ] GC(24574) Concurrent Mark From Roots
[2020-12-29T11:49:09.080-0500][gc,task        ] GC(24574) Using 2 workers of 2 for marking
[2020-12-29T11:49:09.167-0500][gc,marking     ] GC(24574) Concurrent Mark From Roots 87.622ms
[2020-12-29T11:49:09.167-0500][gc,marking     ] GC(24574) Concurrent Preclean
[2020-12-29T11:49:09.167-0500][gc,marking     ] GC(24574) Concurrent Preclean 0.159ms
[2020-12-29T11:49:09.167-0500][gc,marking     ] GC(24574) Concurrent Mark (1710746.467s, 1710746.554s) 87.876ms
[2020-12-29T11:49:09.168-0500][gc,start       ] GC(24574) Pause Remark
[2020-12-29T11:49:09.172-0500][gc,stringtable ] GC(24574) Cleaned string and symbol table, strings: 33323 processed, 0 removed, symbols: 120973 processed, 0 removed
[2020-12-29T11:49:09.172-0500][gc             ] GC(24574) Pause Remark 42M->42M(63M) 4.265ms
[2020-12-29T11:49:09.172-0500][gc,cpu         ] GC(24574) User=0.02s Sys=0.00s Real=0.00s
[2020-12-29T11:49:09.172-0500][gc,marking     ] GC(24574) Concurrent Rebuild Remembered Sets
[2020-12-29T11:49:09.190-0500][gc,marking     ] GC(24574) Concurrent Rebuild Remembered Sets 17.462ms
[2020-12-29T11:49:09.190-0500][gc,start       ] GC(24574) Pause Cleanup
[2020-12-29T11:49:09.190-0500][gc             ] GC(24574) Pause Cleanup 42M->42M(63M) 0.194ms
[2020-12-29T11:49:09.190-0500][gc,cpu         ] GC(24574) User=0.00s Sys=0.00s Real=0.00s
[2020-12-29T11:49:09.190-0500][gc,marking     ] GC(24574) Concurrent Cleanup for Next Mark
[2020-12-29T11:49:09.191-0500][gc,marking     ] GC(24574) Concurrent Cleanup for Next Mark 0.244ms
[2020-12-29T11:49:09.191-0500][gc             ] GC(24574) Concurrent Cycle 113.900ms
[2020-12-29T11:51:19.063-0500][gc,heap        ] GC(24575) Heap before GC invocations=24575 (full 5703): garbage-first heap   total 64512K, used 51621K [0x0000000083000000, 0x0000000100000000)
[2020-12-29T11:51:19.063-0500][gc,heap        ] GC(24575)   region size 1024K, 10 young (10240K), 1 survivors (1024K)
[2020-12-29T11:51:19.063-0500][gc,heap        ] GC(24575)  Metaspace       used 50336K, capacity 52472K, committed 53888K, reserved 1093632K
[2020-12-29T11:51:19.063-0500][gc,heap        ] GC(24575)   class space    used 7457K, capacity 8250K, committed 8832K, reserved 1048576K
[2020-12-29T11:51:19.063-0500][gc,start       ] GC(24575) Pause Young (Normal) (G1 Evacuation Pause)
[2020-12-29T11:51:19.063-0500][gc,task        ] GC(24575) Using 8 workers of 8 for evacuation
[2020-12-29T11:51:19.064-0500][gc,phases      ] GC(24575)   Pre Evacuate Collection Set: 0.0ms
[2020-12-29T11:51:19.064-0500][gc,phases      ] GC(24575)   Evacuate Collection Set: 0.7ms
[2020-12-29T11:51:19.064-0500][gc,phases      ] GC(24575)   Post Evacuate Collection Set: 0.9ms
[2020-12-29T11:51:19.064-0500][gc,phases      ] GC(24575)   Other: 0.2ms
[2020-12-29T11:51:19.064-0500][gc,heap        ] GC(24575) Eden regions: 9->0(9)
[2020-12-29T11:51:19.064-0500][gc,heap        ] GC(24575) Survivor regions: 1->1(2)
[2020-12-29T11:51:19.064-0500][gc,heap        ] GC(24575) Old regions: 41->41
[2020-12-29T11:51:19.064-0500][gc,heap        ] GC(24575) Humongous regions: 4->4
[2020-12-29T11:51:19.064-0500][gc,metaspace   ] GC(24575) Metaspace: 50336K->50336K(1093632K)
[2020-12-29T11:51:19.064-0500][gc,heap        ] GC(24575) Heap after GC invocations=24576 (full 5703): garbage-first heap   total 64512K, used 43400K [0x0000000083000000, 0x0000000100000000)
[2020-12-29T11:51:19.064-0500][gc,heap        ] GC(24575)   region size 1024K, 1 young (1024K), 1 survivors (1024K)
[2020-12-29T11:51:19.064-0500][gc,heap        ] GC(24575)  Metaspace       used 50336K, capacity 52472K, committed 53888K, reserved 1093632K
[2020-12-29T11:51:19.065-0500][gc,heap        ] GC(24575)   class space    used 7457K, capacity 8250K, committed 8832K, reserved 1048576K
[2020-12-29T11:51:19.065-0500][gc             ] GC(24575) Pause Young (Normal) (G1 Evacuation Pause) 51M->42M(63M) 1.809ms
[2020-12-29T11:51:19.065-0500][gc,cpu         ] GC(24575) User=0.00s Sys=0.00s Real=0.00s
[2020-12-29T11:51:45.189-0500][gc,task        ] GC(24576) Using 5 workers of 8 for full compaction
[2020-12-29T11:51:45.189-0500][gc,start       ] GC(24576) Pause Full (System.gc())
[2020-12-29T11:51:45.189-0500][gc,heap        ] GC(24576) Heap before GC invocations=24576 (full 5703): garbage-first heap   total 64512K, used 44424K [0x0000000083000000, 0x0000000100000000)
[2020-12-29T11:51:45.189-0500][gc,heap        ] GC(24576)   region size 1024K, 3 young (3072K), 1 survivors (1024K)
[2020-12-29T11:51:45.189-0500][gc,heap        ] GC(24576)  Metaspace       used 50336K, capacity 52472K, committed 53888K, reserved 1093632K
[2020-12-29T11:51:45.189-0500][gc,heap        ] GC(24576)   class space    used 7457K, capacity 8250K, committed 8832K, reserved 1048576K
[2020-12-29T11:51:45.189-0500][gc,phases,start] GC(24576) Phase 1: Mark live objects
[2020-12-29T11:51:45.213-0500][gc,stringtable ] GC(24576) Cleaned string and symbol table, strings: 33323 processed, 4 removed, symbols: 120973 processed, 0 removed
[2020-12-29T11:51:45.213-0500][gc,phases      ] GC(24576) Phase 1: Mark live objects 23.827ms
[2020-12-29T11:51:45.213-0500][gc,phases,start] GC(24576) Phase 2: Prepare for compaction
[2020-12-29T11:51:45.216-0500][gc,phases      ] GC(24576) Phase 2: Prepare for compaction 3.162ms
[2020-12-29T11:51:45.216-0500][gc,phases,start] GC(24576) Phase 3: Adjust pointers
[2020-12-29T11:51:45.226-0500][gc,phases      ] GC(24576) Phase 3: Adjust pointers 10.107ms
[2020-12-29T11:51:45.226-0500][gc,phases,start] GC(24576) Phase 4: Compact heap
[2020-12-29T11:51:45.229-0500][gc,phases      ] GC(24576) Phase 4: Compact heap 2.973ms
[2020-12-29T11:51:45.234-0500][gc,heap        ] GC(24576) Eden regions: 2->0(9)
[2020-12-29T11:51:45.234-0500][gc,heap        ] GC(24576) Survivor regions: 1->0(2)
[2020-12-29T11:51:45.234-0500][gc,heap        ] GC(24576) Old regions: 41->42
[2020-12-29T11:51:45.234-0500][gc,heap        ] GC(24576) Humongous regions: 4->4
[2020-12-29T11:51:45.234-0500][gc,metaspace   ] GC(24576) Metaspace: 50336K->50336K(1093632K)
[2020-12-29T11:51:45.234-0500][gc,heap        ] GC(24576) Heap after GC invocations=24577 (full 5704): garbage-first heap   total 64512K, used 43331K [0x0000000083000000, 0x0000000100000000)
[2020-12-29T11:51:45.234-0500][gc,heap        ] GC(24576)   region size 1024K, 0 young (0K), 0 survivors (0K)
[2020-12-29T11:51:45.234-0500][gc,heap        ] GC(24576)  Metaspace       used 50336K, capacity 52472K, committed 53888K, reserved 1093632K
[2020-12-29T11:51:45.234-0500][gc,heap        ] GC(24576)   class space    used 7457K, capacity 8250K, committed 8832K, reserved 1048576K
[2020-12-29T11:51:45.234-0500][gc             ] GC(24576) Pause Full (System.gc()) 43M->42M(63M) 45.193ms
[2020-12-29T11:51:45.234-0500][gc,cpu         ] GC(24576) User=0.19s Sys=0.00s Real=0.04s
[2020-12-29T11:53:59.061-0500][gc,heap        ] GC(24577) Heap before GC invocations=24577 (full 5704): garbage-first heap   total 64512K, used 52547K [0x0000000083000000, 0x0000000100000000)
[2020-12-29T11:53:59.061-0500][gc,heap        ] GC(24577)   region size 1024K, 9 young (9216K), 0 survivors (0K)
[2020-12-29T11:53:59.061-0500][gc,heap        ] GC(24577)  Metaspace       used 50336K, capacity 52472K, committed 53888K, reserved 1093632K
[2020-12-29T11:53:59.061-0500][gc,heap        ] GC(24577)   class space    used 7457K, capacity 8250K, committed 8832K, reserved 1048576K
[2020-12-29T11:53:59.061-0500][gc,start       ] GC(24577) Pause Young (Concurrent Start) (G1 Evacuation Pause)
[2020-12-29T11:53:59.061-0500][gc,task        ] GC(24577) Using 8 workers of 8 for evacuation
[2020-12-29T11:53:59.065-0500][gc,phases      ] GC(24577)   Pre Evacuate Collection Set: 0.4ms
[2020-12-29T11:53:59.065-0500][gc,phases      ] GC(24577)   Evacuate Collection Set: 1.2ms
[2020-12-29T11:53:59.065-0500][gc,phases      ] GC(24577)   Post Evacuate Collection Set: 1.7ms
[2020-12-29T11:53:59.065-0500][gc,phases      ] GC(24577)   Other: 0.3ms
[2020-12-29T11:53:59.065-0500][gc,heap        ] GC(24577) Eden regions: 9->0(8)
[2020-12-29T11:53:59.065-0500][gc,heap        ] GC(24577) Survivor regions: 0->1(2)
[2020-12-29T11:53:59.065-0500][gc,heap        ] GC(24577) Old regions: 42->42
[2020-12-29T11:53:59.065-0500][gc,heap        ] GC(24577) Humongous regions: 4->4
[2020-12-29T11:53:59.065-0500][gc,metaspace   ] GC(24577) Metaspace: 50336K->50336K(1093632K)
[2020-12-29T11:53:59.065-0500][gc,heap        ] GC(24577) Heap after GC invocations=24578 (full 5704): garbage-first heap   total 64512K, used 43410K [0x0000000083000000, 0x0000000100000000)
[2020-12-29T11:53:59.065-0500][gc,heap        ] GC(24577)   region size 1024K, 1 young (1024K), 1 survivors (1024K)
[2020-12-29T11:53:59.065-0500][gc,heap        ] GC(24577)  Metaspace       used 50336K, capacity 52472K, committed 53888K, reserved 1093632K
[2020-12-29T11:53:59.065-0500][gc,heap        ] GC(24577)   class space    used 7457K, capacity 8250K, committed 8832K, reserved 1048576K
[2020-12-29T11:53:59.065-0500][gc             ] GC(24577) Pause Young (Concurrent Start) (G1 Evacuation Pause) 51M->42M(63M) 3.552ms
[2020-12-29T11:53:59.065-0500][gc,cpu         ] GC(24577) User=0.01s Sys=0.00s Real=0.00s
[2020-12-29T11:53:59.065-0500][gc             ] GC(24578) Concurrent Cycle
[2020-12-29T11:53:59.065-0500][gc,marking     ] GC(24578) Concurrent Clear Claimed Marks
[2020-12-29T11:53:59.065-0500][gc,marking     ] GC(24578) Concurrent Clear Claimed Marks 0.048ms
[2020-12-29T11:53:59.065-0500][gc,marking     ] GC(24578) Concurrent Scan Root Regions
[2020-12-29T11:53:59.066-0500][gc,marking     ] GC(24578) Concurrent Scan Root Regions 0.846ms
[2020-12-29T11:53:59.066-0500][gc,marking     ] GC(24578) Concurrent Mark (1711036.453s)
[2020-12-29T11:53:59.066-0500][gc,marking     ] GC(24578) Concurrent Mark From Roots
[2020-12-29T11:53:59.066-0500][gc,task        ] GC(24578) Using 2 workers of 2 for marking
[2020-12-29T11:53:59.103-0500][gc,marking     ] GC(24578) Concurrent Mark From Roots 36.711ms
[2020-12-29T11:53:59.103-0500][gc,marking     ] GC(24578) Concurrent Preclean
[2020-12-29T11:53:59.103-0500][gc,marking     ] GC(24578) Concurrent Preclean 0.152ms
[2020-12-29T11:53:59.103-0500][gc,marking     ] GC(24578) Concurrent Mark (1711036.453s, 1711036.490s) 36.942ms
[2020-12-29T11:53:59.103-0500][gc,start       ] GC(24578) Pause Remark
[2020-12-29T11:53:59.108-0500][gc,stringtable ] GC(24578) Cleaned string and symbol table, strings: 33323 processed, 0 removed, symbols: 120973 processed, 0 removed
[2020-12-29T11:53:59.109-0500][gc             ] GC(24578) Pause Remark 42M->42M(63M) 5.939ms
[2020-12-29T11:53:59.109-0500][gc,cpu         ] GC(24578) User=0.02s Sys=0.00s Real=0.01s
[2020-12-29T11:53:59.109-0500][gc,marking     ] GC(24578) Concurrent Rebuild Remembered Sets
[2020-12-29T11:53:59.127-0500][gc,marking     ] GC(24578) Concurrent Rebuild Remembered Sets 17.556ms
[2020-12-29T11:53:59.127-0500][gc,start       ] GC(24578) Pause Cleanup
[2020-12-29T11:53:59.128-0500][gc             ] GC(24578) Pause Cleanup 42M->42M(63M) 0.214ms
[2020-12-29T11:53:59.128-0500][gc,cpu         ] GC(24578) User=0.00s Sys=0.00s Real=0.01s
[2020-12-29T11:53:59.128-0500][gc,marking     ] GC(24578) Concurrent Cleanup for Next Mark
[2020-12-29T11:53:59.128-0500][gc,marking     ] GC(24578) Concurrent Cleanup for Next Mark 0.528ms
[2020-12-29T11:53:59.128-0500][gc             ] GC(24578) Concurrent Cycle 63.151ms
[2020-12-29T11:55:59.067-0500][gc,heap        ] GC(24579) Heap before GC invocations=24579 (full 5704): garbage-first heap   total 64512K, used 50574K [0x0000000083000000, 0x0000000100000000)
[2020-12-29T11:55:59.067-0500][gc,heap        ] GC(24579)   region size 1024K, 9 young (9216K), 1 survivors (1024K)
[2020-12-29T11:55:59.067-0500][gc,heap        ] GC(24579)  Metaspace       used 50336K, capacity 52472K, committed 53888K, reserved 1093632K
[2020-12-29T11:55:59.067-0500][gc,heap        ] GC(24579)   class space    used 7457K, capacity 8250K, committed 8832K, reserved 1048576K
[2020-12-29T11:55:59.068-0500][gc,start       ] GC(24579) Pause Young (Normal) (G1 Evacuation Pause)
[2020-12-29T11:55:59.068-0500][gc,task        ] GC(24579) Using 8 workers of 8 for evacuation
[2020-12-29T11:55:59.072-0500][gc,phases      ] GC(24579)   Pre Evacuate Collection Set: 0.0ms
[2020-12-29T11:55:59.073-0500][gc,phases      ] GC(24579)   Evacuate Collection Set: 2.0ms
[2020-12-29T11:55:59.073-0500][gc,phases      ] GC(24579)   Post Evacuate Collection Set: 2.7ms
[2020-12-29T11:55:59.073-0500][gc,phases      ] GC(24579)   Other: 0.4ms
[2020-12-29T11:55:59.073-0500][gc,heap        ] GC(24579) Eden regions: 8->0(9)
[2020-12-29T11:55:59.073-0500][gc,heap        ] GC(24579) Survivor regions: 1->1(2)
[2020-12-29T11:55:59.073-0500][gc,heap        ] GC(24579) Old regions: 41->41
[2020-12-29T11:55:59.073-0500][gc,heap        ] GC(24579) Humongous regions: 4->4
[2020-12-29T11:55:59.073-0500][gc,metaspace   ] GC(24579) Metaspace: 50336K->50336K(1093632K)
[2020-12-29T11:55:59.073-0500][gc,heap        ] GC(24579) Heap after GC invocations=24580 (full 5704): garbage-first heap   total 64512K, used 43380K [0x0000000083000000, 0x0000000100000000)
[2020-12-29T11:55:59.073-0500][gc,heap        ] GC(24579)   region size 1024K, 1 young (1024K), 1 survivors (1024K)
[2020-12-29T11:55:59.073-0500][gc,heap        ] GC(24579)  Metaspace       used 50336K, capacity 52472K, committed 53888K, reserved 1093632K
[2020-12-29T11:55:59.073-0500][gc,heap        ] GC(24579)   class space    used 7457K, capacity 8250K, committed 8832K, reserved 1048576K
[2020-12-29T11:55:59.073-0500][gc             ] GC(24579) Pause Young (Normal) (G1 Evacuation Pause) 50M->42M(63M) 5.348ms
[2020-12-29T11:55:59.073-0500][gc,cpu         ] GC(24579) User=0.02s Sys=0.00s Real=0.01s
[2020-12-29T11:56:45.189-0500][gc,task        ] GC(24580) Using 5 workers of 8 for full compaction
[2020-12-29T11:56:45.189-0500][gc,start       ] GC(24580) Pause Full (System.gc())
[2020-12-29T11:56:45.189-0500][gc,heap        ] GC(24580) Heap before GC invocations=24580 (full 5704): garbage-first heap   total 64512K, used 45428K [0x0000000083000000, 0x0000000100000000)
[2020-12-29T11:56:45.189-0500][gc,heap        ] GC(24580)   region size 1024K, 4 young (4096K), 1 survivors (1024K)
[2020-12-29T11:56:45.189-0500][gc,heap        ] GC(24580)  Metaspace       used 50336K, capacity 52472K, committed 53888K, reserved 1093632K
[2020-12-29T11:56:45.189-0500][gc,heap        ] GC(24580)   class space    used 7457K, capacity 8250K, committed 8832K, reserved 1048576K
[2020-12-29T11:56:45.190-0500][gc,phases,start] GC(24580) Phase 1: Mark live objects
[2020-12-29T11:56:45.209-0500][gc,stringtable ] GC(24580) Cleaned string and symbol table, strings: 33323 processed, 4 removed, symbols: 120973 processed, 0 removed
[2020-12-29T11:56:45.209-0500][gc,phases      ] GC(24580) Phase 1: Mark live objects 19.511ms
[2020-12-29T11:56:45.209-0500][gc,phases,start] GC(24580) Phase 2: Prepare for compaction
[2020-12-29T11:56:45.213-0500][gc,phases      ] GC(24580) Phase 2: Prepare for compaction 3.387ms
[2020-12-29T11:56:45.213-0500][gc,phases,start] GC(24580) Phase 3: Adjust pointers
[2020-12-29T11:56:45.222-0500][gc,phases      ] GC(24580) Phase 3: Adjust pointers 9.638ms
[2020-12-29T11:56:45.222-0500][gc,phases,start] GC(24580) Phase 4: Compact heap
[2020-12-29T11:56:45.225-0500][gc,phases      ] GC(24580) Phase 4: Compact heap 2.860ms
[2020-12-29T11:56:45.230-0500][gc,heap        ] GC(24580) Eden regions: 3->0(9)
[2020-12-29T11:56:45.230-0500][gc,heap        ] GC(24580) Survivor regions: 1->0(2)
[2020-12-29T11:56:45.230-0500][gc,heap        ] GC(24580) Old regions: 41->42
[2020-12-29T11:56:45.230-0500][gc,heap        ] GC(24580) Humongous regions: 4->4
[2020-12-29T11:56:45.230-0500][gc,metaspace   ] GC(24580) Metaspace: 50336K->50336K(1093632K)
[2020-12-29T11:56:45.230-0500][gc,heap        ] GC(24580) Heap after GC invocations=24581 (full 5705): garbage-first heap   total 64512K, used 43341K [0x0000000083000000, 0x0000000100000000)
[2020-12-29T11:56:45.230-0500][gc,heap        ] GC(24580)   region size 1024K, 0 young (0K), 0 survivors (0K)
[2020-12-29T11:56:45.230-0500][gc,heap        ] GC(24580)  Metaspace       used 50336K, capacity 52472K, committed 53888K, reserved 1093632K
[2020-12-29T11:56:45.230-0500][gc,heap        ] GC(24580)   class space    used 7457K, capacity 8250K, committed 8832K, reserved 1048576K
[2020-12-29T11:56:45.230-0500][gc             ] GC(24580) Pause Full (System.gc()) 45M->42M(63M) 40.306ms
[2020-12-29T11:56:45.230-0500][gc,cpu         ] GC(24580) User=0.17s Sys=0.00s Real=0.04s
[2020-12-29T11:58:59.062-0500][gc,heap        ] GC(24581) Heap before GC invocations=24581 (full 5705): garbage-first heap   total 64512K, used 52557K [0x0000000083000000, 0x0000000100000000)
[2020-12-29T11:58:59.062-0500][gc,heap        ] GC(24581)   region size 1024K, 9 young (9216K), 0 survivors (0K)
[2020-12-29T11:58:59.062-0500][gc,heap        ] GC(24581)  Metaspace       used 50336K, capacity 52472K, committed 53888K, reserved 1093632K
[2020-12-29T11:58:59.062-0500][gc,heap        ] GC(24581)   class space    used 7457K, capacity 8250K, committed 8832K, reserved 1048576K
[2020-12-29T11:58:59.062-0500][gc,start       ] GC(24581) Pause Young (Concurrent Start) (G1 Evacuation Pause)
[2020-12-29T11:58:59.062-0500][gc,task        ] GC(24581) Using 8 workers of 8 for evacuation
[2020-12-29T11:58:59.066-0500][gc,phases      ] GC(24581)   Pre Evacuate Collection Set: 0.4ms
[2020-12-29T11:58:59.066-0500][gc,phases      ] GC(24581)   Evacuate Collection Set: 1.8ms
[2020-12-29T11:58:59.066-0500][gc,phases      ] GC(24581)   Post Evacuate Collection Set: 1.2ms
[2020-12-29T11:58:59.066-0500][gc,phases      ] GC(24581)   Other: 0.4ms
[2020-12-29T11:58:59.066-0500][gc,heap        ] GC(24581) Eden regions: 9->0(8)
[2020-12-29T11:58:59.066-0500][gc,heap        ] GC(24581) Survivor regions: 0->1(2)
[2020-12-29T11:58:59.066-0500][gc,heap        ] GC(24581) Old regions: 42->42
[2020-12-29T11:58:59.066-0500][gc,heap        ] GC(24581) Humongous regions: 4->4
[2020-12-29T11:58:59.066-0500][gc,metaspace   ] GC(24581) Metaspace: 50336K->50336K(1093632K)
[2020-12-29T11:58:59.066-0500][gc,heap        ] GC(24581) Heap after GC invocations=24582 (full 5705): garbage-first heap   total 64512K, used 43426K [0x0000000083000000, 0x0000000100000000)
[2020-12-29T11:58:59.066-0500][gc,heap        ] GC(24581)   region size 1024K, 1 young (1024K), 1 survivors (1024K)
[2020-12-29T11:58:59.066-0500][gc,heap        ] GC(24581)  Metaspace       used 50336K, capacity 52472K, committed 53888K, reserved 1093632K
[2020-12-29T11:58:59.066-0500][gc,heap        ] GC(24581)   class space    used 7457K, capacity 8250K, committed 8832K, reserved 1048576K
[2020-12-29T11:58:59.066-0500][gc             ] GC(24581) Pause Young (Concurrent Start) (G1 Evacuation Pause) 51M->42M(63M) 4.003ms
[2020-12-29T11:58:59.066-0500][gc,cpu         ] GC(24581) User=0.01s Sys=0.01s Real=0.00s
[2020-12-29T11:58:59.066-0500][gc             ] GC(24582) Concurrent Cycle
[2020-12-29T11:58:59.066-0500][gc,marking     ] GC(24582) Concurrent Clear Claimed Marks
[2020-12-29T11:58:59.066-0500][gc,marking     ] GC(24582) Concurrent Clear Claimed Marks 0.079ms
[2020-12-29T11:58:59.066-0500][gc,marking     ] GC(24582) Concurrent Scan Root Regions
[2020-12-29T11:58:59.068-0500][gc,marking     ] GC(24582) Concurrent Scan Root Regions 1.645ms
[2020-12-29T11:58:59.068-0500][gc,marking     ] GC(24582) Concurrent Mark (1711336.455s)
[2020-12-29T11:58:59.068-0500][gc,marking     ] GC(24582) Concurrent Mark From Roots
[2020-12-29T11:58:59.068-0500][gc,task        ] GC(24582) Using 2 workers of 2 for marking
[2020-12-29T11:58:59.125-0500][gc,marking     ] GC(24582) Concurrent Mark From Roots 56.706ms
[2020-12-29T11:58:59.125-0500][gc,marking     ] GC(24582) Concurrent Preclean
[2020-12-29T11:58:59.125-0500][gc,marking     ] GC(24582) Concurrent Preclean 0.151ms
[2020-12-29T11:58:59.125-0500][gc,marking     ] GC(24582) Concurrent Mark (1711336.455s, 1711336.512s) 56.936ms
[2020-12-29T11:58:59.125-0500][gc,start       ] GC(24582) Pause Remark
[2020-12-29T11:58:59.130-0500][gc,stringtable ] GC(24582) Cleaned string and symbol table, strings: 33323 processed, 0 removed, symbols: 120973 processed, 0 removed
[2020-12-29T11:58:59.130-0500][gc             ] GC(24582) Pause Remark 42M->42M(63M) 5.166ms
[2020-12-29T11:58:59.131-0500][gc,cpu         ] GC(24582) User=0.03s Sys=0.00s Real=0.01s
[2020-12-29T11:58:59.131-0500][gc,marking     ] GC(24582) Concurrent Rebuild Remembered Sets
[2020-12-29T11:58:59.153-0500][gc,marking     ] GC(24582) Concurrent Rebuild Remembered Sets 22.803ms
[2020-12-29T11:58:59.154-0500][gc,start       ] GC(24582) Pause Cleanup
[2020-12-29T11:58:59.154-0500][gc             ] GC(24582) Pause Cleanup 42M->42M(63M) 0.205ms
[2020-12-29T11:58:59.154-0500][gc,cpu         ] GC(24582) User=0.00s Sys=0.00s Real=0.00s
[2020-12-29T11:58:59.154-0500][gc,marking     ] GC(24582) Concurrent Cleanup for Next Mark
[2020-12-29T11:58:59.154-0500][gc,marking     ] GC(24582) Concurrent Cleanup for Next Mark 0.279ms
[2020-12-29T11:58:59.154-0500][gc             ] GC(24582) Concurrent Cycle 88.297ms
[2020-12-29T12:00:56.488-0500][gc,heap        ] GC(24583) Heap before GC invocations=24583 (full 5705): garbage-first heap   total 64512K, used 51618K [0x0000000083000000, 0x0000000100000000)
[2020-12-29T12:00:56.488-0500][gc,heap        ] GC(24583)   region size 1024K, 9 young (9216K), 1 survivors (1024K)
[2020-12-29T12:00:56.488-0500][gc,heap        ] GC(24583)  Metaspace       used 50336K, capacity 52472K, committed 53888K, reserved 1093632K
[2020-12-29T12:00:56.488-0500][gc,heap        ] GC(24583)   class space    used 7457K, capacity 8250K, committed 8832K, reserved 1048576K
[2020-12-29T12:00:56.489-0500][gc,start       ] GC(24583) Pause Young (Normal) (G1 Evacuation Pause)
[2020-12-29T12:00:56.489-0500][gc,task        ] GC(24583) Using 8 workers of 8 for evacuation
[2020-12-29T12:00:56.491-0500][gc,phases      ] GC(24583)   Pre Evacuate Collection Set: 0.1ms
[2020-12-29T12:00:56.492-0500][gc,phases      ] GC(24583)   Evacuate Collection Set: 1.3ms
[2020-12-29T12:00:56.492-0500][gc,phases      ] GC(24583)   Post Evacuate Collection Set: 1.3ms
[2020-12-29T12:00:56.492-0500][gc,phases      ] GC(24583)   Other: 0.5ms
[2020-12-29T12:00:56.492-0500][gc,heap        ] GC(24583) Eden regions: 8->0(8)
[2020-12-29T12:00:56.492-0500][gc,heap        ] GC(24583) Survivor regions: 1->1(2)
[2020-12-29T12:00:56.492-0500][gc,heap        ] GC(24583) Old regions: 42->42
[2020-12-29T12:00:56.492-0500][gc,heap        ] GC(24583) Humongous regions: 4->4
[2020-12-29T12:00:56.492-0500][gc,metaspace   ] GC(24583) Metaspace: 50336K->50336K(1093632K)
[2020-12-29T12:00:56.492-0500][gc,heap        ] GC(24583) Heap after GC invocations=24584 (full 5705): garbage-first heap   total 64512K, used 43403K [0x0000000083000000, 0x0000000100000000)
[2020-12-29T12:00:56.492-0500][gc,heap        ] GC(24583)   region size 1024K, 1 young (1024K), 1 survivors (1024K)
[2020-12-29T12:00:56.492-0500][gc,heap        ] GC(24583)  Metaspace       used 50336K, capacity 52472K, committed 53888K, reserved 1093632K
[2020-12-29T12:00:56.492-0500][gc,heap        ] GC(24583)   class space    used 7457K, capacity 8250K, committed 8832K, reserved 1048576K
[2020-12-29T12:00:56.492-0500][gc             ] GC(24583) Pause Young (Normal) (G1 Evacuation Pause) 50M->42M(63M) 3.310ms
[2020-12-29T12:00:56.492-0500][gc,cpu         ] GC(24583) User=0.00s Sys=0.01s Real=0.00s
[2020-12-29T12:01:45.190-0500][gc,task        ] GC(24584) Using 5 workers of 8 for full compaction
[2020-12-29T12:01:45.191-0500][gc,start       ] GC(24584) Pause Full (System.gc())
[2020-12-29T12:01:45.191-0500][gc,heap        ] GC(24584) Heap before GC invocations=24584 (full 5705): garbage-first heap   total 64512K, used 46475K [0x0000000083000000, 0x0000000100000000)
[2020-12-29T12:01:45.191-0500][gc,heap        ] GC(24584)   region size 1024K, 5 young (5120K), 1 survivors (1024K)
[2020-12-29T12:01:45.191-0500][gc,heap        ] GC(24584)  Metaspace       used 50336K, capacity 52472K, committed 53888K, reserved 1093632K
[2020-12-29T12:01:45.191-0500][gc,heap        ] GC(24584)   class space    used 7457K, capacity 8250K, committed 8832K, reserved 1048576K
[2020-12-29T12:01:45.192-0500][gc,phases,start] GC(24584) Phase 1: Mark live objects
[2020-12-29T12:01:45.239-0500][gc,stringtable ] GC(24584) Cleaned string and symbol table, strings: 33323 processed, 4 removed, symbols: 120973 processed, 0 removed
[2020-12-29T12:01:45.239-0500][gc,phases      ] GC(24584) Phase 1: Mark live objects 47.551ms
[2020-12-29T12:01:45.239-0500][gc,phases,start] GC(24584) Phase 2: Prepare for compaction
[2020-12-29T12:01:45.244-0500][gc,phases      ] GC(24584) Phase 2: Prepare for compaction 4.824ms
[2020-12-29T12:01:45.244-0500][gc,phases,start] GC(24584) Phase 3: Adjust pointers
[2020-12-29T12:01:45.255-0500][gc,phases      ] GC(24584) Phase 3: Adjust pointers 11.295ms
[2020-12-29T12:01:45.256-0500][gc,phases,start] GC(24584) Phase 4: Compact heap
[2020-12-29T12:01:45.258-0500][gc,phases      ] GC(24584) Phase 4: Compact heap 2.609ms
[2020-12-29T12:01:45.262-0500][gc,heap        ] GC(24584) Eden regions: 4->0(10)
[2020-12-29T12:01:45.262-0500][gc,heap        ] GC(24584) Survivor regions: 1->0(2)
[2020-12-29T12:01:45.262-0500][gc,heap        ] GC(24584) Old regions: 42->41
[2020-12-29T12:01:45.263-0500][gc,heap        ] GC(24584) Humongous regions: 4->4
[2020-12-29T12:01:45.263-0500][gc,metaspace   ] GC(24584) Metaspace: 50336K->50336K(1093632K)
[2020-12-29T12:01:45.263-0500][gc,heap        ] GC(24584) Heap after GC invocations=24585 (full 5706): garbage-first heap   total 64512K, used 43350K [0x0000000083000000, 0x0000000100000000)
[2020-12-29T12:01:45.263-0500][gc,heap        ] GC(24584)   region size 1024K, 0 young (0K), 0 survivors (0K)
[2020-12-29T12:01:45.263-0500][gc,heap        ] GC(24584)  Metaspace       used 50336K, capacity 52472K, committed 53888K, reserved 1093632K
[2020-12-29T12:01:45.263-0500][gc,heap        ] GC(24584)   class space    used 7457K, capacity 8250K, committed 8832K, reserved 1048576K
[2020-12-29T12:01:45.263-0500][gc             ] GC(24584) Pause Full (System.gc()) 45M->42M(63M) 71.548ms
[2020-12-29T12:01:45.263-0500][gc,cpu         ] GC(24584) User=0.32s Sys=0.00s Real=0.07s
[2020-12-29T12:04:16.616-0500][gc,heap        ] GC(24585) Heap before GC invocations=24585 (full 5706): garbage-first heap   total 64512K, used 52566K [0x0000000083000000, 0x0000000100000000)
[2020-12-29T12:04:16.616-0500][gc,heap        ] GC(24585)   region size 1024K, 10 young (10240K), 0 survivors (0K)
[2020-12-29T12:04:16.616-0500][gc,heap        ] GC(24585)  Metaspace       used 50336K, capacity 52472K, committed 53888K, reserved 1093632K
[2020-12-29T12:04:16.616-0500][gc,heap        ] GC(24585)   class space    used 7457K, capacity 8250K, committed 8832K, reserved 1048576K
[2020-12-29T12:04:16.616-0500][gc,start       ] GC(24585) Pause Young (Concurrent Start) (G1 Evacuation Pause)
[2020-12-29T12:04:16.617-0500][gc,task        ] GC(24585) Using 8 workers of 8 for evacuation
[2020-12-29T12:04:16.623-0500][gc,phases      ] GC(24585)   Pre Evacuate Collection Set: 0.8ms
[2020-12-29T12:04:16.623-0500][gc,phases      ] GC(24585)   Evacuate Collection Set: 3.0ms
[2020-12-29T12:04:16.623-0500][gc,phases      ] GC(24585)   Post Evacuate Collection Set: 2.7ms
[2020-12-29T12:04:16.623-0500][gc,phases      ] GC(24585)   Other: 0.6ms
[2020-12-29T12:04:16.623-0500][gc,heap        ] GC(24585) Eden regions: 10->0(9)
[2020-12-29T12:04:16.623-0500][gc,heap        ] GC(24585) Survivor regions: 0->1(2)
[2020-12-29T12:04:16.623-0500][gc,heap        ] GC(24585) Old regions: 41->41
[2020-12-29T12:04:16.623-0500][gc,heap        ] GC(24585) Humongous regions: 4->4
[2020-12-29T12:04:16.623-0500][gc,metaspace   ] GC(24585) Metaspace: 50336K->50336K(1093632K)
[2020-12-29T12:04:16.623-0500][gc,heap        ] GC(24585) Heap after GC invocations=24586 (full 5706): garbage-first heap   total 64512K, used 43417K [0x0000000083000000, 0x0000000100000000)
[2020-12-29T12:04:16.623-0500][gc,heap        ] GC(24585)   region size 1024K, 1 young (1024K), 1 survivors (1024K)
[2020-12-29T12:04:16.623-0500][gc,heap        ] GC(24585)  Metaspace       used 50336K, capacity 52472K, committed 53888K, reserved 1093632K
[2020-12-29T12:04:16.624-0500][gc,heap        ] GC(24585)   class space    used 7457K, capacity 8250K, committed 8832K, reserved 1048576K
[2020-12-29T12:04:16.624-0500][gc             ] GC(24585) Pause Young (Concurrent Start) (G1 Evacuation Pause) 52M->42M(63M) 7.101ms
[2020-12-29T12:04:16.624-0500][gc,cpu         ] GC(24585) User=0.01s Sys=0.00s Real=0.01s
[2020-12-29T12:04:16.624-0500][gc             ] GC(24586) Concurrent Cycle
[2020-12-29T12:04:16.624-0500][gc,marking     ] GC(24586) Concurrent Clear Claimed Marks
[2020-12-29T12:04:16.625-0500][gc,marking     ] GC(24586) Concurrent Clear Claimed Marks 0.311ms
[2020-12-29T12:04:16.625-0500][gc,marking     ] GC(24586) Concurrent Scan Root Regions
[2020-12-29T12:04:16.626-0500][gc,marking     ] GC(24586) Concurrent Scan Root Regions 1.568ms
[2020-12-29T12:04:16.626-0500][gc,marking     ] GC(24586) Concurrent Mark (1711654.013s)
[2020-12-29T12:04:16.626-0500][gc,marking     ] GC(24586) Concurrent Mark From Roots
[2020-12-29T12:04:16.626-0500][gc,task        ] GC(24586) Using 2 workers of 2 for marking
[2020-12-29T12:04:16.689-0500][gc,marking     ] GC(24586) Concurrent Mark From Roots 62.388ms
[2020-12-29T12:04:16.689-0500][gc,marking     ] GC(24586) Concurrent Preclean
[2020-12-29T12:04:16.689-0500][gc,marking     ] GC(24586) Concurrent Preclean 0.168ms
[2020-12-29T12:04:16.689-0500][gc,marking     ] GC(24586) Concurrent Mark (1711654.013s, 1711654.076s) 62.660ms
[2020-12-29T12:04:16.689-0500][gc,start       ] GC(24586) Pause Remark
[2020-12-29T12:04:16.695-0500][gc,stringtable ] GC(24586) Cleaned string and symbol table, strings: 33323 processed, 0 removed, symbols: 120973 processed, 0 removed
[2020-12-29T12:04:16.695-0500][gc             ] GC(24586) Pause Remark 42M->42M(63M) 6.231ms
[2020-12-29T12:04:16.696-0500][gc,cpu         ] GC(24586) User=0.04s Sys=0.00s Real=0.00s
[2020-12-29T12:04:16.696-0500][gc,marking     ] GC(24586) Concurrent Rebuild Remembered Sets
[2020-12-29T12:04:16.716-0500][gc,marking     ] GC(24586) Concurrent Rebuild Remembered Sets 20.059ms
[2020-12-29T12:04:16.716-0500][gc,start       ] GC(24586) Pause Cleanup
[2020-12-29T12:04:16.716-0500][gc             ] GC(24586) Pause Cleanup 42M->42M(63M) 0.179ms
[2020-12-29T12:04:16.716-0500][gc,cpu         ] GC(24586) User=0.00s Sys=0.00s Real=0.00s
[2020-12-29T12:04:16.717-0500][gc,marking     ] GC(24586) Concurrent Cleanup for Next Mark
[2020-12-29T12:04:16.717-0500][gc,marking     ] GC(24586) Concurrent Cleanup for Next Mark 0.374ms
[2020-12-29T12:04:16.717-0500][gc             ] GC(24586) Concurrent Cycle 92.937ms
[2020-12-29T12:06:29.068-0500][gc,heap        ] GC(24587) Heap before GC invocations=24587 (full 5706): garbage-first heap   total 64512K, used 51609K [0x0000000083000000, 0x0000000100000000)
[2020-12-29T12:06:29.068-0500][gc,heap        ] GC(24587)   region size 1024K, 10 young (10240K), 1 survivors (1024K)
[2020-12-29T12:06:29.068-0500][gc,heap        ] GC(24587)  Metaspace       used 50336K, capacity 52472K, committed 53888K, reserved 1093632K
[2020-12-29T12:06:29.068-0500][gc,heap        ] GC(24587)   class space    used 7457K, capacity 8250K, committed 8832K, reserved 1048576K
[2020-12-29T12:06:29.068-0500][gc,start       ] GC(24587) Pause Young (Normal) (G1 Evacuation Pause)
[2020-12-29T12:06:29.068-0500][gc,task        ] GC(24587) Using 8 workers of 8 for evacuation
[2020-12-29T12:06:29.073-0500][gc,phases      ] GC(24587)   Pre Evacuate Collection Set: 0.1ms
[2020-12-29T12:06:29.073-0500][gc,phases      ] GC(24587)   Evacuate Collection Set: 2.4ms
[2020-12-29T12:06:29.073-0500][gc,phases      ] GC(24587)   Post Evacuate Collection Set: 2.5ms
[2020-12-29T12:06:29.073-0500][gc,phases      ] GC(24587)   Other: 0.5ms
[2020-12-29T12:06:29.073-0500][gc,heap        ] GC(24587) Eden regions: 9->0(9)
[2020-12-29T12:06:29.073-0500][gc,heap        ] GC(24587) Survivor regions: 1->1(2)
[2020-12-29T12:06:29.074-0500][gc,heap        ] GC(24587) Old regions: 41->41
[2020-12-29T12:06:29.074-0500][gc,heap        ] GC(24587) Humongous regions: 4->4
[2020-12-29T12:06:29.074-0500][gc,metaspace   ] GC(24587) Metaspace: 50336K->50336K(1093632K)
[2020-12-29T12:06:29.074-0500][gc,heap        ] GC(24587) Heap after GC invocations=24588 (full 5706): garbage-first heap   total 64512K, used 43436K [0x0000000083000000, 0x0000000100000000)
[2020-12-29T12:06:29.074-0500][gc,heap        ] GC(24587)   region size 1024K, 1 young (1024K), 1 survivors (1024K)
[2020-12-29T12:06:29.074-0500][gc,heap        ] GC(24587)  Metaspace       used 50336K, capacity 52472K, committed 53888K, reserved 1093632K
[2020-12-29T12:06:29.074-0500][gc,heap        ] GC(24587)   class space    used 7457K, capacity 8250K, committed 8832K, reserved 1048576K
[2020-12-29T12:06:29.074-0500][gc             ] GC(24587) Pause Young (Normal) (G1 Evacuation Pause) 51M->42M(63M) 5.628ms
[2020-12-29T12:06:29.074-0500][gc,cpu         ] GC(24587) User=0.01s Sys=0.01s Real=0.00s
[2020-12-29T12:06:45.191-0500][gc,task        ] GC(24588) Using 5 workers of 8 for full compaction
[2020-12-29T12:06:45.191-0500][gc,start       ] GC(24588) Pause Full (System.gc())
[2020-12-29T12:06:45.191-0500][gc,heap        ] GC(24588) Heap before GC invocations=24588 (full 5706): garbage-first heap   total 64512K, used 43436K [0x0000000083000000, 0x0000000100000000)
[2020-12-29T12:06:45.191-0500][gc,heap        ] GC(24588)   region size 1024K, 2 young (2048K), 1 survivors (1024K)
[2020-12-29T12:06:45.191-0500][gc,heap        ] GC(24588)  Metaspace       used 50336K, capacity 52472K, committed 53888K, reserved 1093632K
[2020-12-29T12:06:45.191-0500][gc,heap        ] GC(24588)   class space    used 7457K, capacity 8250K, committed 8832K, reserved 1048576K
[2020-12-29T12:06:45.191-0500][gc,phases,start] GC(24588) Phase 1: Mark live objects
[2020-12-29T12:06:45.215-0500][gc,stringtable ] GC(24588) Cleaned string and symbol table, strings: 33323 processed, 4 removed, symbols: 120973 processed, 0 removed
[2020-12-29T12:06:45.215-0500][gc,phases      ] GC(24588) Phase 1: Mark live objects 23.515ms
[2020-12-29T12:06:45.215-0500][gc,phases,start] GC(24588) Phase 2: Prepare for compaction
[2020-12-29T12:06:45.219-0500][gc,phases      ] GC(24588) Phase 2: Prepare for compaction 3.985ms
[2020-12-29T12:06:45.219-0500][gc,phases,start] GC(24588) Phase 3: Adjust pointers
[2020-12-29T12:06:45.230-0500][gc,phases      ] GC(24588) Phase 3: Adjust pointers 10.882ms
[2020-12-29T12:06:45.230-0500][gc,phases,start] GC(24588) Phase 4: Compact heap
[2020-12-29T12:06:45.234-0500][gc,phases      ] GC(24588) Phase 4: Compact heap 3.580ms
[2020-12-29T12:06:45.239-0500][gc,heap        ] GC(24588) Eden regions: 1->0(10)
[2020-12-29T12:06:45.239-0500][gc,heap        ] GC(24588) Survivor regions: 1->0(2)
[2020-12-29T12:06:45.239-0500][gc,heap        ] GC(24588) Old regions: 41->41
[2020-12-29T12:06:45.239-0500][gc,heap        ] GC(24588) Humongous regions: 4->4
[2020-12-29T12:06:45.239-0500][gc,metaspace   ] GC(24588) Metaspace: 50336K->50336K(1093632K)
[2020-12-29T12:06:45.239-0500][gc,heap        ] GC(24588) Heap after GC invocations=24589 (full 5707): garbage-first heap   total 64512K, used 43329K [0x0000000083000000, 0x0000000100000000)
[2020-12-29T12:06:45.239-0500][gc,heap        ] GC(24588)   region size 1024K, 0 young (0K), 0 survivors (0K)
[2020-12-29T12:06:45.239-0500][gc,heap        ] GC(24588)  Metaspace       used 50336K, capacity 52472K, committed 53888K, reserved 1093632K
[2020-12-29T12:06:45.239-0500][gc,heap        ] GC(24588)   class space    used 7457K, capacity 8250K, committed 8832K, reserved 1048576K
[2020-12-29T12:06:45.239-0500][gc             ] GC(24588) Pause Full (System.gc()) 43M->42M(63M) 47.991ms
[2020-12-29T12:06:45.239-0500][gc,cpu         ] GC(24588) User=0.20s Sys=0.00s Real=0.05s
[2020-12-29T12:08:59.071-0500][gc,heap        ] GC(24589) Heap before GC invocations=24589 (full 5707): garbage-first heap   total 64512K, used 53569K [0x0000000083000000, 0x0000000100000000)
[2020-12-29T12:08:59.071-0500][gc,heap        ] GC(24589)   region size 1024K, 10 young (10240K), 0 survivors (0K)
[2020-12-29T12:08:59.071-0500][gc,heap        ] GC(24589)  Metaspace       used 50336K, capacity 52472K, committed 53888K, reserved 1093632K
[2020-12-29T12:08:59.071-0500][gc,heap        ] GC(24589)   class space    used 7457K, capacity 8250K, committed 8832K, reserved 1048576K
[2020-12-29T12:08:59.071-0500][gc,start       ] GC(24589) Pause Young (Concurrent Start) (G1 Evacuation Pause)
[2020-12-29T12:08:59.071-0500][gc,task        ] GC(24589) Using 8 workers of 8 for evacuation
[2020-12-29T12:08:59.079-0500][gc,phases      ] GC(24589)   Pre Evacuate Collection Set: 0.5ms
[2020-12-29T12:08:59.079-0500][gc,phases      ] GC(24589)   Evacuate Collection Set: 3.1ms
[2020-12-29T12:08:59.079-0500][gc,phases      ] GC(24589)   Post Evacuate Collection Set: 3.2ms
[2020-12-29T12:08:59.079-0500][gc,phases      ] GC(24589)   Other: 1.1ms
[2020-12-29T12:08:59.079-0500][gc,heap        ] GC(24589) Eden regions: 10->0(9)
[2020-12-29T12:08:59.079-0500][gc,heap        ] GC(24589) Survivor regions: 0->1(2)
[2020-12-29T12:08:59.079-0500][gc,heap        ] GC(24589) Old regions: 41->41
[2020-12-29T12:08:59.079-0500][gc,heap        ] GC(24589) Humongous regions: 4->4
[2020-12-29T12:08:59.079-0500][gc,metaspace   ] GC(24589) Metaspace: 50336K->50336K(1093632K)
[2020-12-29T12:08:59.079-0500][gc,heap        ] GC(24589) Heap after GC invocations=24590 (full 5707): garbage-first heap   total 64512K, used 43413K [0x0000000083000000, 0x0000000100000000)
[2020-12-29T12:08:59.079-0500][gc,heap        ] GC(24589)   region size 1024K, 1 young (1024K), 1 survivors (1024K)
[2020-12-29T12:08:59.080-0500][gc,heap        ] GC(24589)  Metaspace       used 50336K, capacity 52472K, committed 53888K, reserved 1093632K
[2020-12-29T12:08:59.080-0500][gc,heap        ] GC(24589)   class space    used 7457K, capacity 8250K, committed 8832K, reserved 1048576K
[2020-12-29T12:08:59.080-0500][gc             ] GC(24589) Pause Young (Concurrent Start) (G1 Evacuation Pause) 52M->42M(63M) 8.245ms
[2020-12-29T12:08:59.080-0500][gc,cpu         ] GC(24589) User=0.01s Sys=0.01s Real=0.01s
[2020-12-29T12:08:59.080-0500][gc             ] GC(24590) Concurrent Cycle
[2020-12-29T12:08:59.081-0500][gc,marking     ] GC(24590) Concurrent Clear Claimed Marks
[2020-12-29T12:08:59.081-0500][gc,marking     ] GC(24590) Concurrent Clear Claimed Marks 0.464ms
[2020-12-29T12:08:59.081-0500][gc,marking     ] GC(24590) Concurrent Scan Root Regions
[2020-12-29T12:08:59.083-0500][gc,marking     ] GC(24590) Concurrent Scan Root Regions 2.031ms
[2020-12-29T12:08:59.083-0500][gc,marking     ] GC(24590) Concurrent Mark (1711936.470s)
[2020-12-29T12:08:59.083-0500][gc,marking     ] GC(24590) Concurrent Mark From Roots
[2020-12-29T12:08:59.083-0500][gc,task        ] GC(24590) Using 2 workers of 2 for marking
[2020-12-29T12:08:59.139-0500][gc,marking     ] GC(24590) Concurrent Mark From Roots 55.840ms
[2020-12-29T12:08:59.139-0500][gc,marking     ] GC(24590) Concurrent Preclean
[2020-12-29T12:08:59.139-0500][gc,marking     ] GC(24590) Concurrent Preclean 0.152ms
[2020-12-29T12:08:59.139-0500][gc,marking     ] GC(24590) Concurrent Mark (1711936.470s, 1711936.526s) 56.089ms
[2020-12-29T12:08:59.140-0500][gc,start       ] GC(24590) Pause Remark
[2020-12-29T12:08:59.144-0500][gc,stringtable ] GC(24590) Cleaned string and symbol table, strings: 33323 processed, 0 removed, symbols: 120973 processed, 0 removed
[2020-12-29T12:08:59.145-0500][gc             ] GC(24590) Pause Remark 42M->42M(63M) 5.348ms
[2020-12-29T12:08:59.145-0500][gc,cpu         ] GC(24590) User=0.03s Sys=0.00s Real=0.00s
[2020-12-29T12:08:59.145-0500][gc,marking     ] GC(24590) Concurrent Rebuild Remembered Sets
[2020-12-29T12:08:59.163-0500][gc,marking     ] GC(24590) Concurrent Rebuild Remembered Sets 17.531ms
[2020-12-29T12:08:59.163-0500][gc,start       ] GC(24590) Pause Cleanup
[2020-12-29T12:08:59.163-0500][gc             ] GC(24590) Pause Cleanup 42M->42M(63M) 0.388ms
[2020-12-29T12:08:59.163-0500][gc,cpu         ] GC(24590) User=0.00s Sys=0.00s Real=0.00s
[2020-12-29T12:08:59.164-0500][gc,marking     ] GC(24590) Concurrent Cleanup for Next Mark
[2020-12-29T12:08:59.164-0500][gc,marking     ] GC(24590) Concurrent Cleanup for Next Mark 0.324ms
[2020-12-29T12:08:59.164-0500][gc             ] GC(24590) Concurrent Cycle 83.516ms
[2020-12-29T12:11:09.073-0500][gc,heap        ] GC(24591) Heap before GC invocations=24591 (full 5707): garbage-first heap   total 64512K, used 52629K [0x0000000083000000, 0x0000000100000000)
[2020-12-29T12:11:09.073-0500][gc,heap        ] GC(24591)   region size 1024K, 10 young (10240K), 1 survivors (1024K)
[2020-12-29T12:11:09.073-0500][gc,heap        ] GC(24591)  Metaspace       used 50336K, capacity 52472K, committed 53888K, reserved 1093632K
[2020-12-29T12:11:09.073-0500][gc,heap        ] GC(24591)   class space    used 7457K, capacity 8250K, committed 8832K, reserved 1048576K
[2020-12-29T12:11:09.073-0500][gc,start       ] GC(24591) Pause Young (Normal) (G1 Evacuation Pause)
[2020-12-29T12:11:09.073-0500][gc,task        ] GC(24591) Using 8 workers of 8 for evacuation
[2020-12-29T12:11:09.085-0500][gc,phases      ] GC(24591)   Pre Evacuate Collection Set: 0.0ms
[2020-12-29T12:11:09.085-0500][gc,phases      ] GC(24591)   Evacuate Collection Set: 4.3ms
[2020-12-29T12:11:09.085-0500][gc,phases      ] GC(24591)   Post Evacuate Collection Set: 7.1ms
[2020-12-29T12:11:09.085-0500][gc,phases      ] GC(24591)   Other: 0.6ms
[2020-12-29T12:11:09.085-0500][gc,heap        ] GC(24591) Eden regions: 9->0(9)
[2020-12-29T12:11:09.085-0500][gc,heap        ] GC(24591) Survivor regions: 1->1(2)
[2020-12-29T12:11:09.085-0500][gc,heap        ] GC(24591) Old regions: 41->41
[2020-12-29T12:11:09.085-0500][gc,heap        ] GC(24591) Humongous regions: 4->4
[2020-12-29T12:11:09.085-0500][gc,metaspace   ] GC(24591) Metaspace: 50336K->50336K(1093632K)
[2020-12-29T12:11:09.085-0500][gc,heap        ] GC(24591) Heap after GC invocations=24592 (full 5707): garbage-first heap   total 64512K, used 43415K [0x0000000083000000, 0x0000000100000000)
[2020-12-29T12:11:09.085-0500][gc,heap        ] GC(24591)   region size 1024K, 1 young (1024K), 1 survivors (1024K)
[2020-12-29T12:11:09.085-0500][gc,heap        ] GC(24591)  Metaspace       used 50336K, capacity 52472K, committed 53888K, reserved 1093632K
[2020-12-29T12:11:09.085-0500][gc,heap        ] GC(24591)   class space    used 7457K, capacity 8250K, committed 8832K, reserved 1048576K
[2020-12-29T12:11:09.085-0500][gc             ] GC(24591) Pause Young (Normal) (G1 Evacuation Pause) 51M->42M(63M) 12.201ms
[2020-12-29T12:11:09.085-0500][gc,cpu         ] GC(24591) User=0.03s Sys=0.00s Real=0.01s
[2020-12-29T12:11:45.190-0500][gc,task        ] GC(24592) Using 5 workers of 8 for full compaction
[2020-12-29T12:11:45.190-0500][gc,start       ] GC(24592) Pause Full (System.gc())
[2020-12-29T12:11:45.190-0500][gc,heap        ] GC(24592) Heap before GC invocations=24592 (full 5707): garbage-first heap   total 64512K, used 44439K [0x0000000083000000, 0x0000000100000000)
[2020-12-29T12:11:45.190-0500][gc,heap        ] GC(24592)   region size 1024K, 4 young (4096K), 1 survivors (1024K)
[2020-12-29T12:11:45.190-0500][gc,heap        ] GC(24592)  Metaspace       used 50336K, capacity 52472K, committed 53888K, reserved 1093632K
[2020-12-29T12:11:45.190-0500][gc,heap        ] GC(24592)   class space    used 7457K, capacity 8250K, committed 8832K, reserved 1048576K
[2020-12-29T12:11:45.190-0500][gc,phases,start] GC(24592) Phase 1: Mark live objects
[2020-12-29T12:11:45.242-0500][gc,stringtable ] GC(24592) Cleaned string and symbol table, strings: 33323 processed, 4 removed, symbols: 120973 processed, 0 removed
[2020-12-29T12:11:45.242-0500][gc,phases      ] GC(24592) Phase 1: Mark live objects 51.413ms
[2020-12-29T12:11:45.242-0500][gc,phases,start] GC(24592) Phase 2: Prepare for compaction
[2020-12-29T12:11:45.245-0500][gc,phases      ] GC(24592) Phase 2: Prepare for compaction 3.573ms
[2020-12-29T12:11:45.246-0500][gc,phases,start] GC(24592) Phase 3: Adjust pointers
[2020-12-29T12:11:45.256-0500][gc,phases      ] GC(24592) Phase 3: Adjust pointers 10.441ms
[2020-12-29T12:11:45.256-0500][gc,phases,start] GC(24592) Phase 4: Compact heap
[2020-12-29T12:11:45.259-0500][gc,phases      ] GC(24592) Phase 4: Compact heap 2.765ms
[2020-12-29T12:11:45.263-0500][gc,heap        ] GC(24592) Eden regions: 3->0(10)
[2020-12-29T12:11:45.263-0500][gc,heap        ] GC(24592) Survivor regions: 1->0(2)
[2020-12-29T12:11:45.263-0500][gc,heap        ] GC(24592) Old regions: 41->41
[2020-12-29T12:11:45.263-0500][gc,heap        ] GC(24592) Humongous regions: 4->4
[2020-12-29T12:11:45.263-0500][gc,metaspace   ] GC(24592) Metaspace: 50336K->50336K(1093632K)
[2020-12-29T12:11:45.263-0500][gc,heap        ] GC(24592) Heap after GC invocations=24593 (full 5708): garbage-first heap   total 64512K, used 43332K [0x0000000083000000, 0x0000000100000000)
[2020-12-29T12:11:45.263-0500][gc,heap        ] GC(24592)   region size 1024K, 0 young (0K), 0 survivors (0K)
[2020-12-29T12:11:45.263-0500][gc,heap        ] GC(24592)  Metaspace       used 50336K, capacity 52472K, committed 53888K, reserved 1093632K
[2020-12-29T12:11:45.263-0500][gc,heap        ] GC(24592)   class space    used 7457K, capacity 8250K, committed 8832K, reserved 1048576K
[2020-12-29T12:11:45.263-0500][gc             ] GC(24592) Pause Full (System.gc()) 44M->42M(63M) 73.463ms
[2020-12-29T12:11:45.263-0500][gc,cpu         ] GC(24592) User=0.32s Sys=0.00s Real=0.07s
[2020-12-29T12:14:19.060-0500][gc,heap        ] GC(24593) Heap before GC invocations=24593 (full 5708): garbage-first heap   total 64512K, used 53572K [0x0000000083000000, 0x0000000100000000)
[2020-12-29T12:14:19.060-0500][gc,heap        ] GC(24593)   region size 1024K, 10 young (10240K), 0 survivors (0K)
[2020-12-29T12:14:19.060-0500][gc,heap        ] GC(24593)  Metaspace       used 50336K, capacity 52472K, committed 53888K, reserved 1093632K
[2020-12-29T12:14:19.060-0500][gc,heap        ] GC(24593)   class space    used 7457K, capacity 8250K, committed 8832K, reserved 1048576K
[2020-12-29T12:14:19.060-0500][gc,start       ] GC(24593) Pause Young (Concurrent Start) (G1 Evacuation Pause)
[2020-12-29T12:14:19.060-0500][gc,task        ] GC(24593) Using 8 workers of 8 for evacuation
[2020-12-29T12:14:19.068-0500][gc,phases      ] GC(24593)   Pre Evacuate Collection Set: 0.5ms
[2020-12-29T12:14:19.068-0500][gc,phases      ] GC(24593)   Evacuate Collection Set: 4.0ms
[2020-12-29T12:14:19.068-0500][gc,phases      ] GC(24593)   Post Evacuate Collection Set: 2.7ms
[2020-12-29T12:14:19.068-0500][gc,phases      ] GC(24593)   Other: 0.6ms
[2020-12-29T12:14:19.068-0500][gc,heap        ] GC(24593) Eden regions: 10->0(9)
[2020-12-29T12:14:19.068-0500][gc,heap        ] GC(24593) Survivor regions: 0->1(2)
[2020-12-29T12:14:19.068-0500][gc,heap        ] GC(24593) Old regions: 41->41
[2020-12-29T12:14:19.068-0500][gc,heap        ] GC(24593) Humongous regions: 4->4
[2020-12-29T12:14:19.068-0500][gc,metaspace   ] GC(24593) Metaspace: 50336K->50336K(1093632K)
[2020-12-29T12:14:19.068-0500][gc,heap        ] GC(24593) Heap after GC invocations=24594 (full 5708): garbage-first heap   total 64512K, used 43404K [0x0000000083000000, 0x0000000100000000)
[2020-12-29T12:14:19.068-0500][gc,heap        ] GC(24593)   region size 1024K, 1 young (1024K), 1 survivors (1024K)
[2020-12-29T12:14:19.068-0500][gc,heap        ] GC(24593)  Metaspace       used 50336K, capacity 52472K, committed 53888K, reserved 1093632K
[2020-12-29T12:14:19.068-0500][gc,heap        ] GC(24593)   class space    used 7457K, capacity 8250K, committed 8832K, reserved 1048576K
[2020-12-29T12:14:19.068-0500][gc             ] GC(24593) Pause Young (Concurrent Start) (G1 Evacuation Pause) 52M->42M(63M) 8.140ms
[2020-12-29T12:14:19.069-0500][gc,cpu         ] GC(24593) User=0.02s Sys=0.00s Real=0.01s
[2020-12-29T12:14:19.069-0500][gc             ] GC(24594) Concurrent Cycle
[2020-12-29T12:14:19.069-0500][gc,marking     ] GC(24594) Concurrent Clear Claimed Marks
[2020-12-29T12:14:19.070-0500][gc,marking     ] GC(24594) Concurrent Clear Claimed Marks 0.239ms
[2020-12-29T12:14:19.070-0500][gc,marking     ] GC(24594) Concurrent Scan Root Regions
[2020-12-29T12:14:19.071-0500][gc,marking     ] GC(24594) Concurrent Scan Root Regions 1.610ms
[2020-12-29T12:14:19.071-0500][gc,marking     ] GC(24594) Concurrent Mark (1712256.458s)
[2020-12-29T12:14:19.071-0500][gc,marking     ] GC(24594) Concurrent Mark From Roots
[2020-12-29T12:14:19.071-0500][gc,task        ] GC(24594) Using 2 workers of 2 for marking
[2020-12-29T12:14:19.122-0500][gc,marking     ] GC(24594) Concurrent Mark From Roots 50.941ms
[2020-12-29T12:14:19.122-0500][gc,marking     ] GC(24594) Concurrent Preclean
[2020-12-29T12:14:19.123-0500][gc,marking     ] GC(24594) Concurrent Preclean 0.153ms
[2020-12-29T12:14:19.123-0500][gc,marking     ] GC(24594) Concurrent Mark (1712256.458s, 1712256.510s) 51.202ms
[2020-12-29T12:14:19.123-0500][gc,start       ] GC(24594) Pause Remark
[2020-12-29T12:14:19.127-0500][gc,stringtable ] GC(24594) Cleaned string and symbol table, strings: 33323 processed, 0 removed, symbols: 120973 processed, 0 removed
[2020-12-29T12:14:19.127-0500][gc             ] GC(24594) Pause Remark 42M->42M(63M) 4.352ms
[2020-12-29T12:14:19.127-0500][gc,cpu         ] GC(24594) User=0.03s Sys=0.00s Real=0.00s
[2020-12-29T12:14:19.127-0500][gc,marking     ] GC(24594) Concurrent Rebuild Remembered Sets
[2020-12-29T12:14:19.153-0500][gc,marking     ] GC(24594) Concurrent Rebuild Remembered Sets 25.410ms
[2020-12-29T12:14:19.153-0500][gc,start       ] GC(24594) Pause Cleanup
[2020-12-29T12:14:19.153-0500][gc             ] GC(24594) Pause Cleanup 42M->42M(63M) 0.223ms
[2020-12-29T12:14:19.153-0500][gc,cpu         ] GC(24594) User=0.00s Sys=0.00s Real=0.00s
[2020-12-29T12:14:19.154-0500][gc,marking     ] GC(24594) Concurrent Cleanup for Next Mark
[2020-12-29T12:14:19.154-0500][gc,marking     ] GC(24594) Concurrent Cleanup for Next Mark 0.339ms
[2020-12-29T12:14:19.154-0500][gc             ] GC(24594) Concurrent Cycle 84.682ms
[2020-12-29T12:16:29.065-0500][gc,heap        ] GC(24595) Heap before GC invocations=24595 (full 5708): garbage-first heap   total 64512K, used 52620K [0x0000000083000000, 0x0000000100000000)
[2020-12-29T12:16:29.066-0500][gc,heap        ] GC(24595)   region size 1024K, 10 young (10240K), 1 survivors (1024K)
[2020-12-29T12:16:29.066-0500][gc,heap        ] GC(24595)  Metaspace       used 50336K, capacity 52472K, committed 53888K, reserved 1093632K
[2020-12-29T12:16:29.066-0500][gc,heap        ] GC(24595)   class space    used 7457K, capacity 8250K, committed 8832K, reserved 1048576K
[2020-12-29T12:16:29.066-0500][gc,start       ] GC(24595) Pause Young (Normal) (G1 Evacuation Pause)
[2020-12-29T12:16:29.066-0500][gc,task        ] GC(24595) Using 8 workers of 8 for evacuation
[2020-12-29T12:16:29.071-0500][gc,phases      ] GC(24595)   Pre Evacuate Collection Set: 0.0ms
[2020-12-29T12:16:29.071-0500][gc,phases      ] GC(24595)   Evacuate Collection Set: 2.5ms
[2020-12-29T12:16:29.071-0500][gc,phases      ] GC(24595)   Post Evacuate Collection Set: 2.2ms
[2020-12-29T12:16:29.071-0500][gc,phases      ] GC(24595)   Other: 0.4ms
[2020-12-29T12:16:29.071-0500][gc,heap        ] GC(24595) Eden regions: 9->0(9)
[2020-12-29T12:16:29.071-0500][gc,heap        ] GC(24595) Survivor regions: 1->1(2)
[2020-12-29T12:16:29.071-0500][gc,heap        ] GC(24595) Old regions: 41->41
[2020-12-29T12:16:29.071-0500][gc,heap        ] GC(24595) Humongous regions: 4->4
[2020-12-29T12:16:29.071-0500][gc,metaspace   ] GC(24595) Metaspace: 50336K->50336K(1093632K)
[2020-12-29T12:16:29.071-0500][gc,heap        ] GC(24595) Heap after GC invocations=24596 (full 5708): garbage-first heap   total 64512K, used 43415K [0x0000000083000000, 0x0000000100000000)
[2020-12-29T12:16:29.071-0500][gc,heap        ] GC(24595)   region size 1024K, 1 young (1024K), 1 survivors (1024K)
[2020-12-29T12:16:29.071-0500][gc,heap        ] GC(24595)  Metaspace       used 50336K, capacity 52472K, committed 53888K, reserved 1093632K
[2020-12-29T12:16:29.071-0500][gc,heap        ] GC(24595)   class space    used 7457K, capacity 8250K, committed 8832K, reserved 1048576K
[2020-12-29T12:16:29.071-0500][gc             ] GC(24595) Pause Young (Normal) (G1 Evacuation Pause) 51M->42M(63M) 5.458ms
[2020-12-29T12:16:29.071-0500][gc,cpu         ] GC(24595) User=0.01s Sys=0.00s Real=0.01s
[2020-12-29T12:16:45.189-0500][gc,task        ] GC(24596) Using 5 workers of 8 for full compaction
[2020-12-29T12:16:45.189-0500][gc,start       ] GC(24596) Pause Full (System.gc())
[2020-12-29T12:16:45.189-0500][gc,heap        ] GC(24596) Heap before GC invocations=24596 (full 5708): garbage-first heap   total 64512K, used 43415K [0x0000000083000000, 0x0000000100000000)
[2020-12-29T12:16:45.189-0500][gc,heap        ] GC(24596)   region size 1024K, 2 young (2048K), 1 survivors (1024K)
[2020-12-29T12:16:45.189-0500][gc,heap        ] GC(24596)  Metaspace       used 50336K, capacity 52472K, committed 53888K, reserved 1093632K
[2020-12-29T12:16:45.189-0500][gc,heap        ] GC(24596)   class space    used 7457K, capacity 8250K, committed 8832K, reserved 1048576K
[2020-12-29T12:16:45.190-0500][gc,phases,start] GC(24596) Phase 1: Mark live objects
[2020-12-29T12:16:45.231-0500][gc,stringtable ] GC(24596) Cleaned string and symbol table, strings: 33323 processed, 4 removed, symbols: 120973 processed, 0 removed
[2020-12-29T12:16:45.231-0500][gc,phases      ] GC(24596) Phase 1: Mark live objects 40.832ms
[2020-12-29T12:16:45.231-0500][gc,phases,start] GC(24596) Phase 2: Prepare for compaction
[2020-12-29T12:16:45.237-0500][gc,phases      ] GC(24596) Phase 2: Prepare for compaction 5.850ms
[2020-12-29T12:16:45.237-0500][gc,phases,start] GC(24596) Phase 3: Adjust pointers
[2020-12-29T12:16:45.248-0500][gc,phases      ] GC(24596) Phase 3: Adjust pointers 10.786ms
[2020-12-29T12:16:45.248-0500][gc,phases,start] GC(24596) Phase 4: Compact heap
[2020-12-29T12:16:45.251-0500][gc,phases      ] GC(24596) Phase 4: Compact heap 2.785ms
[2020-12-29T12:16:45.255-0500][gc,heap        ] GC(24596) Eden regions: 1->0(10)
[2020-12-29T12:16:45.255-0500][gc,heap        ] GC(24596) Survivor regions: 1->0(2)
[2020-12-29T12:16:45.255-0500][gc,heap        ] GC(24596) Old regions: 41->41
[2020-12-29T12:16:45.255-0500][gc,heap        ] GC(24596) Humongous regions: 4->4
[2020-12-29T12:16:45.255-0500][gc,metaspace   ] GC(24596) Metaspace: 50336K->50336K(1093632K)
[2020-12-29T12:16:45.255-0500][gc,heap        ] GC(24596) Heap after GC invocations=24597 (full 5709): garbage-first heap   total 64512K, used 43333K [0x0000000083000000, 0x0000000100000000)
[2020-12-29T12:16:45.255-0500][gc,heap        ] GC(24596)   region size 1024K, 0 young (0K), 0 survivors (0K)
[2020-12-29T12:16:45.255-0500][gc,heap        ] GC(24596)  Metaspace       used 50336K, capacity 52472K, committed 53888K, reserved 1093632K
[2020-12-29T12:16:45.255-0500][gc,heap        ] GC(24596)   class space    used 7457K, capacity 8250K, committed 8832K, reserved 1048576K
[2020-12-29T12:16:45.255-0500][gc             ] GC(24596) Pause Full (System.gc()) 43M->42M(63M) 65.977ms
[2020-12-29T12:16:45.255-0500][gc,cpu         ] GC(24596) User=0.28s Sys=0.00s Real=0.06s
[2020-12-29T12:19:09.061-0500][gc,heap        ] GC(24597) Heap before GC invocations=24597 (full 5709): garbage-first heap   total 64512K, used 53573K [0x0000000083000000, 0x0000000100000000)
[2020-12-29T12:19:09.061-0500][gc,heap        ] GC(24597)   region size 1024K, 10 young (10240K), 0 survivors (0K)
[2020-12-29T12:19:09.061-0500][gc,heap        ] GC(24597)  Metaspace       used 50336K, capacity 52472K, committed 53888K, reserved 1093632K
[2020-12-29T12:19:09.061-0500][gc,heap        ] GC(24597)   class space    used 7457K, capacity 8250K, committed 8832K, reserved 1048576K
[2020-12-29T12:19:09.061-0500][gc,start       ] GC(24597) Pause Young (Concurrent Start) (G1 Evacuation Pause)
[2020-12-29T12:19:09.061-0500][gc,task        ] GC(24597) Using 8 workers of 8 for evacuation
[2020-12-29T12:19:09.069-0500][gc,phases      ] GC(24597)   Pre Evacuate Collection Set: 0.8ms
[2020-12-29T12:19:09.069-0500][gc,phases      ] GC(24597)   Evacuate Collection Set: 3.6ms
[2020-12-29T12:19:09.070-0500][gc,phases      ] GC(24597)   Post Evacuate Collection Set: 3.5ms
[2020-12-29T12:19:09.070-0500][gc,phases      ] GC(24597)   Other: 0.8ms
[2020-12-29T12:19:09.070-0500][gc,heap        ] GC(24597) Eden regions: 10->0(9)
[2020-12-29T12:19:09.070-0500][gc,heap        ] GC(24597) Survivor regions: 0->1(2)
[2020-12-29T12:19:09.070-0500][gc,heap        ] GC(24597) Old regions: 41->41
[2020-12-29T12:19:09.070-0500][gc,heap        ] GC(24597) Humongous regions: 4->4
[2020-12-29T12:19:09.070-0500][gc,metaspace   ] GC(24597) Metaspace: 50336K->50336K(1093632K)
[2020-12-29T12:19:09.070-0500][gc,heap        ] GC(24597) Heap after GC invocations=24598 (full 5709): garbage-first heap   total 64512K, used 43437K [0x0000000083000000, 0x0000000100000000)
[2020-12-29T12:19:09.070-0500][gc,heap        ] GC(24597)   region size 1024K, 1 young (1024K), 1 survivors (1024K)
[2020-12-29T12:19:09.070-0500][gc,heap        ] GC(24597)  Metaspace       used 50336K, capacity 52472K, committed 53888K, reserved 1093632K
[2020-12-29T12:19:09.070-0500][gc,heap        ] GC(24597)   class space    used 7457K, capacity 8250K, committed 8832K, reserved 1048576K
[2020-12-29T12:19:09.070-0500][gc             ] GC(24597) Pause Young (Concurrent Start) (G1 Evacuation Pause) 52M->42M(63M) 8.904ms
[2020-12-29T12:19:09.070-0500][gc,cpu         ] GC(24597) User=0.02s Sys=0.00s Real=0.01s
[2020-12-29T12:19:09.070-0500][gc             ] GC(24598) Concurrent Cycle
[2020-12-29T12:19:09.070-0500][gc,marking     ] GC(24598) Concurrent Clear Claimed Marks
[2020-12-29T12:19:09.070-0500][gc,marking     ] GC(24598) Concurrent Clear Claimed Marks 0.139ms
[2020-12-29T12:19:09.071-0500][gc,marking     ] GC(24598) Concurrent Scan Root Regions
[2020-12-29T12:19:09.072-0500][gc,marking     ] GC(24598) Concurrent Scan Root Regions 1.714ms
[2020-12-29T12:19:09.072-0500][gc,marking     ] GC(24598) Concurrent Mark (1712546.459s)
[2020-12-29T12:19:09.072-0500][gc,marking     ] GC(24598) Concurrent Mark From Roots
[2020-12-29T12:19:09.072-0500][gc,task        ] GC(24598) Using 2 workers of 2 for marking
[2020-12-29T12:19:09.128-0500][gc,marking     ] GC(24598) Concurrent Mark From Roots 55.857ms
[2020-12-29T12:19:09.128-0500][gc,marking     ] GC(24598) Concurrent Preclean
[2020-12-29T12:19:09.128-0500][gc,marking     ] GC(24598) Concurrent Preclean 0.153ms
[2020-12-29T12:19:09.128-0500][gc,marking     ] GC(24598) Concurrent Mark (1712546.459s, 1712546.515s) 56.120ms
[2020-12-29T12:19:09.129-0500][gc,start       ] GC(24598) Pause Remark
[2020-12-29T12:19:09.133-0500][gc,stringtable ] GC(24598) Cleaned string and symbol table, strings: 33323 processed, 0 removed, symbols: 120973 processed, 0 removed
[2020-12-29T12:19:09.134-0500][gc             ] GC(24598) Pause Remark 42M->42M(63M) 4.723ms
[2020-12-29T12:19:09.134-0500][gc,cpu         ] GC(24598) User=0.02s Sys=0.00s Real=0.00s
[2020-12-29T12:19:09.134-0500][gc,marking     ] GC(24598) Concurrent Rebuild Remembered Sets
[2020-12-29T12:19:09.152-0500][gc,marking     ] GC(24598) Concurrent Rebuild Remembered Sets 17.659ms
[2020-12-29T12:19:09.152-0500][gc,start       ] GC(24598) Pause Cleanup
[2020-12-29T12:19:09.152-0500][gc             ] GC(24598) Pause Cleanup 42M->42M(63M) 0.235ms
[2020-12-29T12:19:09.152-0500][gc,cpu         ] GC(24598) User=0.00s Sys=0.00s Real=0.00s
[2020-12-29T12:19:09.152-0500][gc,marking     ] GC(24598) Concurrent Cleanup for Next Mark
[2020-12-29T12:19:09.153-0500][gc,marking     ] GC(24598) Concurrent Cleanup for Next Mark 0.249ms
[2020-12-29T12:19:09.153-0500][gc             ] GC(24598) Concurrent Cycle 82.342ms
[2020-12-29T12:21:29.061-0500][gc,heap        ] GC(24599) Heap before GC invocations=24599 (full 5709): garbage-first heap   total 64512K, used 52653K [0x0000000083000000, 0x0000000100000000)
[2020-12-29T12:21:29.061-0500][gc,heap        ] GC(24599)   region size 1024K, 10 young (10240K), 1 survivors (1024K)
[2020-12-29T12:21:29.061-0500][gc,heap        ] GC(24599)  Metaspace       used 50336K, capacity 52472K, committed 53888K, reserved 1093632K
[2020-12-29T12:21:29.061-0500][gc,heap        ] GC(24599)   class space    used 7457K, capacity 8250K, committed 8832K, reserved 1048576K
[2020-12-29T12:21:29.061-0500][gc,start       ] GC(24599) Pause Young (Normal) (G1 Evacuation Pause)
[2020-12-29T12:21:29.061-0500][gc,task        ] GC(24599) Using 8 workers of 8 for evacuation
[2020-12-29T12:21:29.066-0500][gc,phases      ] GC(24599)   Pre Evacuate Collection Set: 0.0ms
[2020-12-29T12:21:29.066-0500][gc,phases      ] GC(24599)   Evacuate Collection Set: 2.1ms
[2020-12-29T12:21:29.066-0500][gc,phases      ] GC(24599)   Post Evacuate Collection Set: 2.3ms
[2020-12-29T12:21:29.066-0500][gc,phases      ] GC(24599)   Other: 0.5ms
[2020-12-29T12:21:29.066-0500][gc,heap        ] GC(24599) Eden regions: 9->0(9)
[2020-12-29T12:21:29.066-0500][gc,heap        ] GC(24599) Survivor regions: 1->1(2)
[2020-12-29T12:21:29.066-0500][gc,heap        ] GC(24599) Old regions: 41->41
[2020-12-29T12:21:29.066-0500][gc,heap        ] GC(24599) Humongous regions: 4->4
[2020-12-29T12:21:29.066-0500][gc,metaspace   ] GC(24599) Metaspace: 50336K->50336K(1093632K)
[2020-12-29T12:21:29.066-0500][gc,heap        ] GC(24599) Heap after GC invocations=24600 (full 5709): garbage-first heap   total 64512K, used 43413K [0x0000000083000000, 0x0000000100000000)
[2020-12-29T12:21:29.066-0500][gc,heap        ] GC(24599)   region size 1024K, 1 young (1024K), 1 survivors (1024K)
[2020-12-29T12:21:29.066-0500][gc,heap        ] GC(24599)  Metaspace       used 50336K, capacity 52472K, committed 53888K, reserved 1093632K
[2020-12-29T12:21:29.066-0500][gc,heap        ] GC(24599)   class space    used 7457K, capacity 8250K, committed 8832K, reserved 1048576K
[2020-12-29T12:21:29.066-0500][gc             ] GC(24599) Pause Young (Normal) (G1 Evacuation Pause) 51M->42M(63M) 5.012ms
[2020-12-29T12:21:29.066-0500][gc,cpu         ] GC(24599) User=0.01s Sys=0.00s Real=0.00s
[2020-12-29T12:21:45.190-0500][gc,task        ] GC(24600) Using 5 workers of 8 for full compaction
[2020-12-29T12:21:45.190-0500][gc,start       ] GC(24600) Pause Full (System.gc())
[2020-12-29T12:21:45.190-0500][gc,heap        ] GC(24600) Heap before GC invocations=24600 (full 5709): garbage-first heap   total 64512K, used 44437K [0x0000000083000000, 0x0000000100000000)
[2020-12-29T12:21:45.190-0500][gc,heap        ] GC(24600)   region size 1024K, 3 young (3072K), 1 survivors (1024K)
[2020-12-29T12:21:45.190-0500][gc,heap        ] GC(24600)  Metaspace       used 50336K, capacity 52472K, committed 53888K, reserved 1093632K
[2020-12-29T12:21:45.190-0500][gc,heap        ] GC(24600)   class space    used 7457K, capacity 8250K, committed 8832K, reserved 1048576K
[2020-12-29T12:21:45.190-0500][gc,phases,start] GC(24600) Phase 1: Mark live objects
[2020-12-29T12:21:45.232-0500][gc,stringtable ] GC(24600) Cleaned string and symbol table, strings: 33323 processed, 4 removed, symbols: 120973 processed, 0 removed
[2020-12-29T12:21:45.232-0500][gc,phases      ] GC(24600) Phase 1: Mark live objects 41.567ms
[2020-12-29T12:21:45.232-0500][gc,phases,start] GC(24600) Phase 2: Prepare for compaction
[2020-12-29T12:21:45.237-0500][gc,phases      ] GC(24600) Phase 2: Prepare for compaction 5.498ms
[2020-12-29T12:21:45.237-0500][gc,phases,start] GC(24600) Phase 3: Adjust pointers
[2020-12-29T12:21:45.251-0500][gc,phases      ] GC(24600) Phase 3: Adjust pointers 13.873ms
[2020-12-29T12:21:45.251-0500][gc,phases,start] GC(24600) Phase 4: Compact heap
[2020-12-29T12:21:45.255-0500][gc,phases      ] GC(24600) Phase 4: Compact heap 3.612ms
[2020-12-29T12:21:45.261-0500][gc,heap        ] GC(24600) Eden regions: 2->0(10)
[2020-12-29T12:21:45.261-0500][gc,heap        ] GC(24600) Survivor regions: 1->0(2)
[2020-12-29T12:21:45.262-0500][gc,heap        ] GC(24600) Old regions: 41->41
[2020-12-29T12:21:45.262-0500][gc,heap        ] GC(24600) Humongous regions: 4->4
[2020-12-29T12:21:45.262-0500][gc,metaspace   ] GC(24600) Metaspace: 50336K->50336K(1093632K)
[2020-12-29T12:21:45.262-0500][gc,heap        ] GC(24600) Heap after GC invocations=24601 (full 5710): garbage-first heap   total 64512K, used 43328K [0x0000000083000000, 0x0000000100000000)
[2020-12-29T12:21:45.262-0500][gc,heap        ] GC(24600)   region size 1024K, 0 young (0K), 0 survivors (0K)
[2020-12-29T12:21:45.262-0500][gc,heap        ] GC(24600)  Metaspace       used 50336K, capacity 52472K, committed 53888K, reserved 1093632K
[2020-12-29T12:21:45.262-0500][gc,heap        ] GC(24600)   class space    used 7457K, capacity 8250K, committed 8832K, reserved 1048576K
[2020-12-29T12:21:45.262-0500][gc             ] GC(24600) Pause Full (System.gc()) 43M->42M(63M) 71.651ms
[2020-12-29T12:21:45.262-0500][gc,cpu         ] GC(24600) User=0.29s Sys=0.00s Real=0.07s
[2020-12-29T12:24:13.068-0500][gc,heap        ] GC(24601) Heap before GC invocations=24601 (full 5710): garbage-first heap   total 64512K, used 53568K [0x0000000083000000, 0x0000000100000000)
[2020-12-29T12:24:13.068-0500][gc,heap        ] GC(24601)   region size 1024K, 10 young (10240K), 0 survivors (0K)
[2020-12-29T12:24:13.068-0500][gc,heap        ] GC(24601)  Metaspace       used 50336K, capacity 52472K, committed 53888K, reserved 1093632K
[2020-12-29T12:24:13.068-0500][gc,heap        ] GC(24601)   class space    used 7457K, capacity 8250K, committed 8832K, reserved 1048576K
[2020-12-29T12:24:13.068-0500][gc,start       ] GC(24601) Pause Young (Concurrent Start) (G1 Evacuation Pause)
[2020-12-29T12:24:13.068-0500][gc,task        ] GC(24601) Using 8 workers of 8 for evacuation
[2020-12-29T12:24:13.071-0500][gc,phases      ] GC(24601)   Pre Evacuate Collection Set: 0.3ms
[2020-12-29T12:24:13.071-0500][gc,phases      ] GC(24601)   Evacuate Collection Set: 1.7ms
[2020-12-29T12:24:13.071-0500][gc,phases      ] GC(24601)   Post Evacuate Collection Set: 1.0ms
[2020-12-29T12:24:13.071-0500][gc,phases      ] GC(24601)   Other: 0.4ms
[2020-12-29T12:24:13.071-0500][gc,heap        ] GC(24601) Eden regions: 10->0(9)
[2020-12-29T12:24:13.071-0500][gc,heap        ] GC(24601) Survivor regions: 0->1(2)
[2020-12-29T12:24:13.072-0500][gc,heap        ] GC(24601) Old regions: 41->41
[2020-12-29T12:24:13.072-0500][gc,heap        ] GC(24601) Humongous regions: 4->4
[2020-12-29T12:24:13.072-0500][gc,metaspace   ] GC(24601) Metaspace: 50336K->50336K(1093632K)
[2020-12-29T12:24:13.072-0500][gc,heap        ] GC(24601) Heap after GC invocations=24602 (full 5710): garbage-first heap   total 64512K, used 43395K [0x0000000083000000, 0x0000000100000000)
[2020-12-29T12:24:13.072-0500][gc,heap        ] GC(24601)   region size 1024K, 1 young (1024K), 1 survivors (1024K)
[2020-12-29T12:24:13.072-0500][gc,heap        ] GC(24601)  Metaspace       used 50336K, capacity 52472K, committed 53888K, reserved 1093632K
[2020-12-29T12:24:13.072-0500][gc,heap        ] GC(24601)   class space    used 7457K, capacity 8250K, committed 8832K, reserved 1048576K
[2020-12-29T12:24:13.072-0500][gc             ] GC(24601) Pause Young (Concurrent Start) (G1 Evacuation Pause) 52M->42M(63M) 3.432ms
[2020-12-29T12:24:13.072-0500][gc,cpu         ] GC(24601) User=0.01s Sys=0.00s Real=0.00s
[2020-12-29T12:24:13.072-0500][gc             ] GC(24602) Concurrent Cycle
[2020-12-29T12:24:13.072-0500][gc,marking     ] GC(24602) Concurrent Clear Claimed Marks
[2020-12-29T12:24:13.072-0500][gc,marking     ] GC(24602) Concurrent Clear Claimed Marks 0.171ms
[2020-12-29T12:24:13.072-0500][gc,marking     ] GC(24602) Concurrent Scan Root Regions
[2020-12-29T12:24:13.073-0500][gc,marking     ] GC(24602) Concurrent Scan Root Regions 0.704ms
[2020-12-29T12:24:13.073-0500][gc,marking     ] GC(24602) Concurrent Mark (1712850.460s)
[2020-12-29T12:24:13.073-0500][gc,marking     ] GC(24602) Concurrent Mark From Roots
[2020-12-29T12:24:13.073-0500][gc,task        ] GC(24602) Using 2 workers of 2 for marking
[2020-12-29T12:24:13.117-0500][gc,marking     ] GC(24602) Concurrent Mark From Roots 43.757ms
[2020-12-29T12:24:13.117-0500][gc,marking     ] GC(24602) Concurrent Preclean
[2020-12-29T12:24:13.117-0500][gc,marking     ] GC(24602) Concurrent Preclean 0.176ms
[2020-12-29T12:24:13.117-0500][gc,marking     ] GC(24602) Concurrent Mark (1712850.460s, 1712850.504s) 44.144ms
[2020-12-29T12:24:13.117-0500][gc,start       ] GC(24602) Pause Remark
[2020-12-29T12:24:13.123-0500][gc,stringtable ] GC(24602) Cleaned string and symbol table, strings: 33323 processed, 0 removed, symbols: 120973 processed, 0 removed
[2020-12-29T12:24:13.124-0500][gc             ] GC(24602) Pause Remark 42M->42M(63M) 6.372ms
[2020-12-29T12:24:13.124-0500][gc,cpu         ] GC(24602) User=0.03s Sys=0.00s Real=0.01s
[2020-12-29T12:24:13.124-0500][gc,marking     ] GC(24602) Concurrent Rebuild Remembered Sets
[2020-12-29T12:24:13.145-0500][gc,marking     ] GC(24602) Concurrent Rebuild Remembered Sets 20.839ms
[2020-12-29T12:24:13.145-0500][gc,start       ] GC(24602) Pause Cleanup
[2020-12-29T12:24:13.145-0500][gc             ] GC(24602) Pause Cleanup 42M->42M(63M) 0.231ms
[2020-12-29T12:24:13.145-0500][gc,cpu         ] GC(24602) User=0.00s Sys=0.00s Real=0.00s
[2020-12-29T12:24:13.145-0500][gc,marking     ] GC(24602) Concurrent Cleanup for Next Mark
[2020-12-29T12:24:13.146-0500][gc,marking     ] GC(24602) Concurrent Cleanup for Next Mark 0.401ms
[2020-12-29T12:24:13.146-0500][gc             ] GC(24602) Concurrent Cycle 74.083ms
[2020-12-29T12:26:29.061-0500][gc,heap        ] GC(24603) Heap before GC invocations=24603 (full 5710): garbage-first heap   total 64512K, used 51587K [0x0000000083000000, 0x0000000100000000)
[2020-12-29T12:26:29.061-0500][gc,heap        ] GC(24603)   region size 1024K, 10 young (10240K), 1 survivors (1024K)
[2020-12-29T12:26:29.061-0500][gc,heap        ] GC(24603)  Metaspace       used 50336K, capacity 52472K, committed 53888K, reserved 1093632K
[2020-12-29T12:26:29.061-0500][gc,heap        ] GC(24603)   class space    used 7457K, capacity 8250K, committed 8832K, reserved 1048576K
[2020-12-29T12:26:29.061-0500][gc,start       ] GC(24603) Pause Young (Normal) (G1 Evacuation Pause)
[2020-12-29T12:26:29.061-0500][gc,task        ] GC(24603) Using 8 workers of 8 for evacuation
[2020-12-29T12:26:29.064-0500][gc,phases      ] GC(24603)   Pre Evacuate Collection Set: 0.1ms
[2020-12-29T12:26:29.064-0500][gc,phases      ] GC(24603)   Evacuate Collection Set: 1.1ms
[2020-12-29T12:26:29.064-0500][gc,phases      ] GC(24603)   Post Evacuate Collection Set: 1.1ms
[2020-12-29T12:26:29.064-0500][gc,phases      ] GC(24603)   Other: 0.3ms
[2020-12-29T12:26:29.064-0500][gc,heap        ] GC(24603) Eden regions: 9->0(9)
[2020-12-29T12:26:29.064-0500][gc,heap        ] GC(24603) Survivor regions: 1->1(2)
[2020-12-29T12:26:29.064-0500][gc,heap        ] GC(24603) Old regions: 41->41
[2020-12-29T12:26:29.064-0500][gc,heap        ] GC(24603) Humongous regions: 4->4
[2020-12-29T12:26:29.064-0500][gc,metaspace   ] GC(24603) Metaspace: 50336K->50336K(1093632K)
[2020-12-29T12:26:29.064-0500][gc,heap        ] GC(24603) Heap after GC invocations=24604 (full 5710): garbage-first heap   total 64512K, used 43401K [0x0000000083000000, 0x0000000100000000)
[2020-12-29T12:26:29.064-0500][gc,heap        ] GC(24603)   region size 1024K, 1 young (1024K), 1 survivors (1024K)
[2020-12-29T12:26:29.064-0500][gc,heap        ] GC(24603)  Metaspace       used 50336K, capacity 52472K, committed 53888K, reserved 1093632K
[2020-12-29T12:26:29.064-0500][gc,heap        ] GC(24603)   class space    used 7457K, capacity 8250K, committed 8832K, reserved 1048576K
[2020-12-29T12:26:29.064-0500][gc             ] GC(24603) Pause Young (Normal) (G1 Evacuation Pause) 51M->42M(63M) 2.654ms
[2020-12-29T12:26:29.064-0500][gc,cpu         ] GC(24603) User=0.00s Sys=0.01s Real=0.00s
[2020-12-29T12:26:45.190-0500][gc,task        ] GC(24604) Using 5 workers of 8 for full compaction
[2020-12-29T12:26:45.191-0500][gc,start       ] GC(24604) Pause Full (System.gc())
[2020-12-29T12:26:45.191-0500][gc,heap        ] GC(24604) Heap before GC invocations=24604 (full 5710): garbage-first heap   total 64512K, used 43401K [0x0000000083000000, 0x0000000100000000)
[2020-12-29T12:26:45.191-0500][gc,heap        ] GC(24604)   region size 1024K, 3 young (3072K), 1 survivors (1024K)
[2020-12-29T12:26:45.191-0500][gc,heap        ] GC(24604)  Metaspace       used 50336K, capacity 52472K, committed 53888K, reserved 1093632K
[2020-12-29T12:26:45.191-0500][gc,heap        ] GC(24604)   class space    used 7457K, capacity 8250K, committed 8832K, reserved 1048576K
[2020-12-29T12:26:45.191-0500][gc,phases,start] GC(24604) Phase 1: Mark live objects
[2020-12-29T12:26:45.212-0500][gc,stringtable ] GC(24604) Cleaned string and symbol table, strings: 33323 processed, 4 removed, symbols: 120973 processed, 0 removed
[2020-12-29T12:26:45.212-0500][gc,phases      ] GC(24604) Phase 1: Mark live objects 21.198ms
[2020-12-29T12:26:45.212-0500][gc,phases,start] GC(24604) Phase 2: Prepare for compaction
[2020-12-29T12:26:45.216-0500][gc,phases      ] GC(24604) Phase 2: Prepare for compaction 3.584ms
[2020-12-29T12:26:45.216-0500][gc,phases,start] GC(24604) Phase 3: Adjust pointers
[2020-12-29T12:26:45.227-0500][gc,phases      ] GC(24604) Phase 3: Adjust pointers 11.506ms
[2020-12-29T12:26:45.227-0500][gc,phases,start] GC(24604) Phase 4: Compact heap
[2020-12-29T12:26:45.230-0500][gc,phases      ] GC(24604) Phase 4: Compact heap 2.907ms
[2020-12-29T12:26:45.235-0500][gc,heap        ] GC(24604) Eden regions: 2->0(10)
[2020-12-29T12:26:45.235-0500][gc,heap        ] GC(24604) Survivor regions: 1->0(2)
[2020-12-29T12:26:45.235-0500][gc,heap        ] GC(24604) Old regions: 41->41
[2020-12-29T12:26:45.235-0500][gc,heap        ] GC(24604) Humongous regions: 4->4
[2020-12-29T12:26:45.235-0500][gc,metaspace   ] GC(24604) Metaspace: 50336K->50336K(1093632K)
[2020-12-29T12:26:45.235-0500][gc,heap        ] GC(24604) Heap after GC invocations=24605 (full 5711): garbage-first heap   total 64512K, used 43329K [0x0000000083000000, 0x0000000100000000)
[2020-12-29T12:26:45.235-0500][gc,heap        ] GC(24604)   region size 1024K, 0 young (0K), 0 survivors (0K)
[2020-12-29T12:26:45.235-0500][gc,heap        ] GC(24604)  Metaspace       used 50336K, capacity 52472K, committed 53888K, reserved 1093632K
[2020-12-29T12:26:45.235-0500][gc,heap        ] GC(24604)   class space    used 7457K, capacity 8250K, committed 8832K, reserved 1048576K
[2020-12-29T12:26:45.235-0500][gc             ] GC(24604) Pause Full (System.gc()) 43M->42M(63M) 44.558ms
[2020-12-29T12:26:45.235-0500][gc,cpu         ] GC(24604) User=0.19s Sys=0.00s Real=0.04s
[2020-12-29T12:29:09.068-0500][gc,heap        ] GC(24605) Heap before GC invocations=24605 (full 5711): garbage-first heap   total 64512K, used 52545K [0x0000000083000000, 0x0000000100000000)
[2020-12-29T12:29:09.068-0500][gc,heap        ] GC(24605)   region size 1024K, 10 young (10240K), 0 survivors (0K)
[2020-12-29T12:29:09.068-0500][gc,heap        ] GC(24605)  Metaspace       used 50336K, capacity 52472K, committed 53888K, reserved 1093632K
[2020-12-29T12:29:09.068-0500][gc,heap        ] GC(24605)   class space    used 7457K, capacity 8250K, committed 8832K, reserved 1048576K
[2020-12-29T12:29:09.068-0500][gc,start       ] GC(24605) Pause Young (Concurrent Start) (G1 Evacuation Pause)
[2020-12-29T12:29:09.068-0500][gc,task        ] GC(24605) Using 8 workers of 8 for evacuation
[2020-12-29T12:29:09.080-0500][gc,phases      ] GC(24605)   Pre Evacuate Collection Set: 0.6ms
[2020-12-29T12:29:09.080-0500][gc,phases      ] GC(24605)   Evacuate Collection Set: 5.4ms
[2020-12-29T12:29:09.080-0500][gc,phases      ] GC(24605)   Post Evacuate Collection Set: 4.8ms
[2020-12-29T12:29:09.080-0500][gc,phases      ] GC(24605)   Other: 1.4ms
[2020-12-29T12:29:09.080-0500][gc,heap        ] GC(24605) Eden regions: 10->0(9)
[2020-12-29T12:29:09.080-0500][gc,heap        ] GC(24605) Survivor regions: 0->1(2)
[2020-12-29T12:29:09.080-0500][gc,heap        ] GC(24605) Old regions: 41->41
[2020-12-29T12:29:09.080-0500][gc,heap        ] GC(24605) Humongous regions: 4->4
[2020-12-29T12:29:09.080-0500][gc,metaspace   ] GC(24605) Metaspace: 50336K->50336K(1093632K)
[2020-12-29T12:29:09.080-0500][gc,heap        ] GC(24605) Heap after GC invocations=24606 (full 5711): garbage-first heap   total 64512K, used 43429K [0x0000000083000000, 0x0000000100000000)
[2020-12-29T12:29:09.080-0500][gc,heap        ] GC(24605)   region size 1024K, 1 young (1024K), 1 survivors (1024K)
[2020-12-29T12:29:09.080-0500][gc,heap        ] GC(24605)  Metaspace       used 50336K, capacity 52472K, committed 53888K, reserved 1093632K
[2020-12-29T12:29:09.080-0500][gc,heap        ] GC(24605)   class space    used 7457K, capacity 8250K, committed 8832K, reserved 1048576K
[2020-12-29T12:29:09.080-0500][gc             ] GC(24605) Pause Young (Concurrent Start) (G1 Evacuation Pause) 52M->42M(63M) 12.158ms
[2020-12-29T12:29:09.081-0500][gc,cpu         ] GC(24605) User=0.05s Sys=0.00s Real=0.01s
[2020-12-29T12:29:09.081-0500][gc             ] GC(24606) Concurrent Cycle
[2020-12-29T12:29:09.081-0500][gc,marking     ] GC(24606) Concurrent Clear Claimed Marks
[2020-12-29T12:29:09.081-0500][gc,marking     ] GC(24606) Concurrent Clear Claimed Marks 0.371ms
[2020-12-29T12:29:09.081-0500][gc,marking     ] GC(24606) Concurrent Scan Root Regions
[2020-12-29T12:29:09.083-0500][gc,marking     ] GC(24606) Concurrent Scan Root Regions 1.559ms
[2020-12-29T12:29:09.083-0500][gc,marking     ] GC(24606) Concurrent Mark (1713146.470s)
[2020-12-29T12:29:09.083-0500][gc,marking     ] GC(24606) Concurrent Mark From Roots
[2020-12-29T12:29:09.083-0500][gc,task        ] GC(24606) Using 2 workers of 2 for marking
[2020-12-29T12:29:09.147-0500][gc,marking     ] GC(24606) Concurrent Mark From Roots 63.659ms
[2020-12-29T12:29:09.147-0500][gc,marking     ] GC(24606) Concurrent Preclean
[2020-12-29T12:29:09.147-0500][gc,marking     ] GC(24606) Concurrent Preclean 0.172ms
[2020-12-29T12:29:09.147-0500][gc,marking     ] GC(24606) Concurrent Mark (1713146.470s, 1713146.534s) 63.954ms
[2020-12-29T12:29:09.147-0500][gc,start       ] GC(24606) Pause Remark
[2020-12-29T12:29:09.152-0500][gc,stringtable ] GC(24606) Cleaned string and symbol table, strings: 33323 processed, 0 removed, symbols: 120973 processed, 0 removed
[2020-12-29T12:29:09.153-0500][gc             ] GC(24606) Pause Remark 42M->42M(63M) 5.861ms
[2020-12-29T12:29:09.153-0500][gc,cpu         ] GC(24606) User=0.04s Sys=0.00s Real=0.01s
[2020-12-29T12:29:09.153-0500][gc,marking     ] GC(24606) Concurrent Rebuild Remembered Sets
[2020-12-29T12:29:09.176-0500][gc,marking     ] GC(24606) Concurrent Rebuild Remembered Sets 23.286ms
[2020-12-29T12:29:09.177-0500][gc,start       ] GC(24606) Pause Cleanup
[2020-12-29T12:29:09.177-0500][gc             ] GC(24606) Pause Cleanup 42M->42M(63M) 0.205ms
[2020-12-29T12:29:09.177-0500][gc,cpu         ] GC(24606) User=0.00s Sys=0.00s Real=0.00s
[2020-12-29T12:29:09.177-0500][gc,marking     ] GC(24606) Concurrent Cleanup for Next Mark
[2020-12-29T12:29:09.177-0500][gc,marking     ] GC(24606) Concurrent Cleanup for Next Mark 0.346ms
[2020-12-29T12:29:09.178-0500][gc             ] GC(24606) Concurrent Cycle 96.817ms
[2020-12-29T12:31:29.060-0500][gc,heap        ] GC(24607) Heap before GC invocations=24607 (full 5711): garbage-first heap   total 64512K, used 51621K [0x0000000083000000, 0x0000000100000000)
[2020-12-29T12:31:29.060-0500][gc,heap        ] GC(24607)   region size 1024K, 10 young (10240K), 1 survivors (1024K)
[2020-12-29T12:31:29.060-0500][gc,heap        ] GC(24607)  Metaspace       used 50336K, capacity 52472K, committed 53888K, reserved 1093632K
[2020-12-29T12:31:29.060-0500][gc,heap        ] GC(24607)   class space    used 7457K, capacity 8250K, committed 8832K, reserved 1048576K
[2020-12-29T12:31:29.060-0500][gc,start       ] GC(24607) Pause Young (Normal) (G1 Evacuation Pause)
[2020-12-29T12:31:29.060-0500][gc,task        ] GC(24607) Using 8 workers of 8 for evacuation
[2020-12-29T12:31:29.079-0500][gc,phases      ] GC(24607)   Pre Evacuate Collection Set: 0.1ms
[2020-12-29T12:31:29.079-0500][gc,phases      ] GC(24607)   Evacuate Collection Set: 17.4ms
[2020-12-29T12:31:29.079-0500][gc,phases      ] GC(24607)   Post Evacuate Collection Set: 1.7ms
[2020-12-29T12:31:29.079-0500][gc,phases      ] GC(24607)   Other: 0.3ms
[2020-12-29T12:31:29.079-0500][gc,heap        ] GC(24607) Eden regions: 9->0(9)
[2020-12-29T12:31:29.079-0500][gc,heap        ] GC(24607) Survivor regions: 1->1(2)
[2020-12-29T12:31:29.079-0500][gc,heap        ] GC(24607) Old regions: 41->41
[2020-12-29T12:31:29.079-0500][gc,heap        ] GC(24607) Humongous regions: 4->4
[2020-12-29T12:31:29.079-0500][gc,metaspace   ] GC(24607) Metaspace: 50336K->50336K(1093632K)
[2020-12-29T12:31:29.079-0500][gc,heap        ] GC(24607) Heap after GC invocations=24608 (full 5711): garbage-first heap   total 64512K, used 43392K [0x0000000083000000, 0x0000000100000000)
[2020-12-29T12:31:29.079-0500][gc,heap        ] GC(24607)   region size 1024K, 1 young (1024K), 1 survivors (1024K)
[2020-12-29T12:31:29.079-0500][gc,heap        ] GC(24607)  Metaspace       used 50336K, capacity 52472K, committed 53888K, reserved 1093632K
[2020-12-29T12:31:29.079-0500][gc,heap        ] GC(24607)   class space    used 7457K, capacity 8250K, committed 8832K, reserved 1048576K
[2020-12-29T12:31:29.079-0500][gc             ] GC(24607) Pause Young (Normal) (G1 Evacuation Pause) 51M->42M(63M) 19.500ms
[2020-12-29T12:31:29.079-0500][gc,cpu         ] GC(24607) User=0.13s Sys=0.00s Real=0.02s
[2020-12-29T12:31:45.190-0500][gc,task        ] GC(24608) Using 5 workers of 8 for full compaction
[2020-12-29T12:31:45.190-0500][gc,start       ] GC(24608) Pause Full (System.gc())
[2020-12-29T12:31:45.190-0500][gc,heap        ] GC(24608) Heap before GC invocations=24608 (full 5711): garbage-first heap   total 64512K, used 44416K [0x0000000083000000, 0x0000000100000000)
[2020-12-29T12:31:45.190-0500][gc,heap        ] GC(24608)   region size 1024K, 3 young (3072K), 1 survivors (1024K)
[2020-12-29T12:31:45.190-0500][gc,heap        ] GC(24608)  Metaspace       used 50336K, capacity 52472K, committed 53888K, reserved 1093632K
[2020-12-29T12:31:45.190-0500][gc,heap        ] GC(24608)   class space    used 7457K, capacity 8250K, committed 8832K, reserved 1048576K
[2020-12-29T12:31:45.191-0500][gc,phases,start] GC(24608) Phase 1: Mark live objects
[2020-12-29T12:31:45.235-0500][gc,stringtable ] GC(24608) Cleaned string and symbol table, strings: 33323 processed, 4 removed, symbols: 120973 processed, 0 removed
[2020-12-29T12:31:45.235-0500][gc,phases      ] GC(24608) Phase 1: Mark live objects 43.755ms
[2020-12-29T12:31:45.235-0500][gc,phases,start] GC(24608) Phase 2: Prepare for compaction
[2020-12-29T12:31:45.239-0500][gc,phases      ] GC(24608) Phase 2: Prepare for compaction 4.383ms
[2020-12-29T12:31:45.239-0500][gc,phases,start] GC(24608) Phase 3: Adjust pointers
[2020-12-29T12:31:45.251-0500][gc,phases      ] GC(24608) Phase 3: Adjust pointers 11.639ms
[2020-12-29T12:31:45.251-0500][gc,phases,start] GC(24608) Phase 4: Compact heap
[2020-12-29T12:31:45.254-0500][gc,phases      ] GC(24608) Phase 4: Compact heap 2.909ms
[2020-12-29T12:31:45.258-0500][gc,heap        ] GC(24608) Eden regions: 2->0(9)
[2020-12-29T12:31:45.258-0500][gc,heap        ] GC(24608) Survivor regions: 1->0(2)
[2020-12-29T12:31:45.258-0500][gc,heap        ] GC(24608) Old regions: 41->42
[2020-12-29T12:31:45.258-0500][gc,heap        ] GC(24608) Humongous regions: 4->4
[2020-12-29T12:31:45.258-0500][gc,metaspace   ] GC(24608) Metaspace: 50336K->50336K(1093632K)
[2020-12-29T12:31:45.258-0500][gc,heap        ] GC(24608) Heap after GC invocations=24609 (full 5712): garbage-first heap   total 64512K, used 43328K [0x0000000083000000, 0x0000000100000000)
[2020-12-29T12:31:45.258-0500][gc,heap        ] GC(24608)   region size 1024K, 0 young (0K), 0 survivors (0K)
[2020-12-29T12:31:45.258-0500][gc,heap        ] GC(24608)  Metaspace       used 50336K, capacity 52472K, committed 53888K, reserved 1093632K
[2020-12-29T12:31:45.258-0500][gc,heap        ] GC(24608)   class space    used 7457K, capacity 8250K, committed 8832K, reserved 1048576K
[2020-12-29T12:31:45.258-0500][gc             ] GC(24608) Pause Full (System.gc()) 43M->42M(63M) 68.040ms
[2020-12-29T12:31:45.258-0500][gc,cpu         ] GC(24608) User=0.30s Sys=0.00s Real=0.07s
[2020-12-29T12:33:59.068-0500][gc,heap        ] GC(24609) Heap before GC invocations=24609 (full 5712): garbage-first heap   total 64512K, used 52544K [0x0000000083000000, 0x0000000100000000)
[2020-12-29T12:33:59.068-0500][gc,heap        ] GC(24609)   region size 1024K, 9 young (9216K), 0 survivors (0K)
[2020-12-29T12:33:59.068-0500][gc,heap        ] GC(24609)  Metaspace       used 50336K, capacity 52472K, committed 53888K, reserved 1093632K
[2020-12-29T12:33:59.068-0500][gc,heap        ] GC(24609)   class space    used 7457K, capacity 8250K, committed 8832K, reserved 1048576K
[2020-12-29T12:33:59.069-0500][gc,start       ] GC(24609) Pause Young (Concurrent Start) (G1 Evacuation Pause)
[2020-12-29T12:33:59.069-0500][gc,task        ] GC(24609) Using 8 workers of 8 for evacuation
[2020-12-29T12:33:59.084-0500][gc,phases      ] GC(24609)   Pre Evacuate Collection Set: 0.6ms
[2020-12-29T12:33:59.084-0500][gc,phases      ] GC(24609)   Evacuate Collection Set: 11.9ms
[2020-12-29T12:33:59.084-0500][gc,phases      ] GC(24609)   Post Evacuate Collection Set: 2.6ms
[2020-12-29T12:33:59.084-0500][gc,phases      ] GC(24609)   Other: 0.8ms
[2020-12-29T12:33:59.084-0500][gc,heap        ] GC(24609) Eden regions: 9->0(8)
[2020-12-29T12:33:59.084-0500][gc,heap        ] GC(24609) Survivor regions: 0->1(2)
[2020-12-29T12:33:59.084-0500][gc,heap        ] GC(24609) Old regions: 42->42
[2020-12-29T12:33:59.084-0500][gc,heap        ] GC(24609) Humongous regions: 4->4
[2020-12-29T12:33:59.084-0500][gc,metaspace   ] GC(24609) Metaspace: 50336K->50336K(1093632K)
[2020-12-29T12:33:59.084-0500][gc,heap        ] GC(24609) Heap after GC invocations=24610 (full 5712): garbage-first heap   total 64512K, used 43413K [0x0000000083000000, 0x0000000100000000)
[2020-12-29T12:33:59.084-0500][gc,heap        ] GC(24609)   region size 1024K, 1 young (1024K), 1 survivors (1024K)
[2020-12-29T12:33:59.084-0500][gc,heap        ] GC(24609)  Metaspace       used 50336K, capacity 52472K, committed 53888K, reserved 1093632K
[2020-12-29T12:33:59.084-0500][gc,heap        ] GC(24609)   class space    used 7457K, capacity 8250K, committed 8832K, reserved 1048576K
[2020-12-29T12:33:59.084-0500][gc             ] GC(24609) Pause Young (Concurrent Start) (G1 Evacuation Pause) 51M->42M(63M) 15.616ms
[2020-12-29T12:33:59.084-0500][gc,cpu         ] GC(24609) User=0.06s Sys=0.01s Real=0.01s
[2020-12-29T12:33:59.084-0500][gc             ] GC(24610) Concurrent Cycle
[2020-12-29T12:33:59.084-0500][gc,marking     ] GC(24610) Concurrent Clear Claimed Marks
[2020-12-29T12:33:59.085-0500][gc,marking     ] GC(24610) Concurrent Clear Claimed Marks 0.172ms
[2020-12-29T12:33:59.085-0500][gc,marking     ] GC(24610) Concurrent Scan Root Regions
[2020-12-29T12:33:59.087-0500][gc,marking     ] GC(24610) Concurrent Scan Root Regions 2.039ms
[2020-12-29T12:33:59.087-0500][gc,marking     ] GC(24610) Concurrent Mark (1713436.474s)
[2020-12-29T12:33:59.087-0500][gc,marking     ] GC(24610) Concurrent Mark From Roots
[2020-12-29T12:33:59.087-0500][gc,task        ] GC(24610) Using 2 workers of 2 for marking
[2020-12-29T12:33:59.138-0500][gc,marking     ] GC(24610) Concurrent Mark From Roots 51.079ms
[2020-12-29T12:33:59.138-0500][gc,marking     ] GC(24610) Concurrent Preclean
[2020-12-29T12:33:59.138-0500][gc,marking     ] GC(24610) Concurrent Preclean 0.254ms
[2020-12-29T12:33:59.138-0500][gc,marking     ] GC(24610) Concurrent Mark (1713436.474s, 1713436.525s) 51.439ms
[2020-12-29T12:33:59.138-0500][gc,start       ] GC(24610) Pause Remark
[2020-12-29T12:33:59.143-0500][gc,stringtable ] GC(24610) Cleaned string and symbol table, strings: 33323 processed, 0 removed, symbols: 120973 processed, 0 removed
[2020-12-29T12:33:59.143-0500][gc             ] GC(24610) Pause Remark 42M->42M(63M) 4.997ms
[2020-12-29T12:33:59.143-0500][gc,cpu         ] GC(24610) User=0.03s Sys=0.00s Real=0.00s
[2020-12-29T12:33:59.144-0500][gc,marking     ] GC(24610) Concurrent Rebuild Remembered Sets
[2020-12-29T12:33:59.165-0500][gc,marking     ] GC(24610) Concurrent Rebuild Remembered Sets 21.302ms
[2020-12-29T12:33:59.165-0500][gc,start       ] GC(24610) Pause Cleanup
[2020-12-29T12:33:59.165-0500][gc             ] GC(24610) Pause Cleanup 42M->42M(63M) 0.188ms
[2020-12-29T12:33:59.165-0500][gc,cpu         ] GC(24610) User=0.00s Sys=0.00s Real=0.00s
[2020-12-29T12:33:59.166-0500][gc,marking     ] GC(24610) Concurrent Cleanup for Next Mark
[2020-12-29T12:33:59.166-0500][gc,marking     ] GC(24610) Concurrent Cleanup for Next Mark 0.315ms
[2020-12-29T12:33:59.166-0500][gc             ] GC(24610) Concurrent Cycle 81.471ms
[2020-12-29T12:35:59.060-0500][gc,heap        ] GC(24611) Heap before GC invocations=24611 (full 5712): garbage-first heap   total 64512K, used 51605K [0x0000000083000000, 0x0000000100000000)
[2020-12-29T12:35:59.060-0500][gc,heap        ] GC(24611)   region size 1024K, 9 young (9216K), 1 survivors (1024K)
[2020-12-29T12:35:59.060-0500][gc,heap        ] GC(24611)  Metaspace       used 50336K, capacity 52472K, committed 53888K, reserved 1093632K
[2020-12-29T12:35:59.060-0500][gc,heap        ] GC(24611)   class space    used 7457K, capacity 8250K, committed 8832K, reserved 1048576K
[2020-12-29T12:35:59.060-0500][gc,start       ] GC(24611) Pause Young (Normal) (G1 Evacuation Pause)
[2020-12-29T12:35:59.060-0500][gc,task        ] GC(24611) Using 8 workers of 8 for evacuation
[2020-12-29T12:35:59.064-0500][gc,phases      ] GC(24611)   Pre Evacuate Collection Set: 0.0ms
[2020-12-29T12:35:59.064-0500][gc,phases      ] GC(24611)   Evacuate Collection Set: 1.5ms
[2020-12-29T12:35:59.064-0500][gc,phases      ] GC(24611)   Post Evacuate Collection Set: 2.0ms
[2020-12-29T12:35:59.064-0500][gc,phases      ] GC(24611)   Other: 0.3ms
[2020-12-29T12:35:59.064-0500][gc,heap        ] GC(24611) Eden regions: 8->0(9)
[2020-12-29T12:35:59.064-0500][gc,heap        ] GC(24611) Survivor regions: 1->1(2)
[2020-12-29T12:35:59.064-0500][gc,heap        ] GC(24611) Old regions: 41->41
[2020-12-29T12:35:59.064-0500][gc,heap        ] GC(24611) Humongous regions: 4->4
[2020-12-29T12:35:59.064-0500][gc,metaspace   ] GC(24611) Metaspace: 50336K->50336K(1093632K)
[2020-12-29T12:35:59.064-0500][gc,heap        ] GC(24611) Heap after GC invocations=24612 (full 5712): garbage-first heap   total 64512K, used 43403K [0x0000000083000000, 0x0000000100000000)
[2020-12-29T12:35:59.064-0500][gc,heap        ] GC(24611)   region size 1024K, 1 young (1024K), 1 survivors (1024K)
[2020-12-29T12:35:59.064-0500][gc,heap        ] GC(24611)  Metaspace       used 50336K, capacity 52472K, committed 53888K, reserved 1093632K
[2020-12-29T12:35:59.064-0500][gc,heap        ] GC(24611)   class space    used 7457K, capacity 8250K, committed 8832K, reserved 1048576K
[2020-12-29T12:35:59.064-0500][gc             ] GC(24611) Pause Young (Normal) (G1 Evacuation Pause) 50M->42M(63M) 3.952ms
[2020-12-29T12:35:59.064-0500][gc,cpu         ] GC(24611) User=0.02s Sys=0.00s Real=0.00s
[2020-12-29T12:36:45.192-0500][gc,task        ] GC(24612) Using 5 workers of 8 for full compaction
[2020-12-29T12:36:45.192-0500][gc,start       ] GC(24612) Pause Full (System.gc())
[2020-12-29T12:36:45.192-0500][gc,heap        ] GC(24612) Heap before GC invocations=24612 (full 5712): garbage-first heap   total 64512K, used 46475K [0x0000000083000000, 0x0000000100000000)
[2020-12-29T12:36:45.192-0500][gc,heap        ] GC(24612)   region size 1024K, 5 young (5120K), 1 survivors (1024K)
[2020-12-29T12:36:45.192-0500][gc,heap        ] GC(24612)  Metaspace       used 50336K, capacity 52472K, committed 53888K, reserved 1093632K
[2020-12-29T12:36:45.192-0500][gc,heap        ] GC(24612)   class space    used 7457K, capacity 8250K, committed 8832K, reserved 1048576K
[2020-12-29T12:36:45.193-0500][gc,phases,start] GC(24612) Phase 1: Mark live objects
[2020-12-29T12:36:45.233-0500][gc,stringtable ] GC(24612) Cleaned string and symbol table, strings: 33323 processed, 4 removed, symbols: 120973 processed, 0 removed
[2020-12-29T12:36:45.233-0500][gc,phases      ] GC(24612) Phase 1: Mark live objects 40.265ms
[2020-12-29T12:36:45.233-0500][gc,phases,start] GC(24612) Phase 2: Prepare for compaction
[2020-12-29T12:36:45.238-0500][gc,phases      ] GC(24612) Phase 2: Prepare for compaction 4.165ms
[2020-12-29T12:36:45.238-0500][gc,phases,start] GC(24612) Phase 3: Adjust pointers
[2020-12-29T12:36:45.249-0500][gc,phases      ] GC(24612) Phase 3: Adjust pointers 11.656ms
[2020-12-29T12:36:45.249-0500][gc,phases,start] GC(24612) Phase 4: Compact heap
[2020-12-29T12:36:45.253-0500][gc,phases      ] GC(24612) Phase 4: Compact heap 3.422ms
[2020-12-29T12:36:45.257-0500][gc,heap        ] GC(24612) Eden regions: 4->0(10)
[2020-12-29T12:36:45.257-0500][gc,heap        ] GC(24612) Survivor regions: 1->0(2)
[2020-12-29T12:36:45.257-0500][gc,heap        ] GC(24612) Old regions: 41->41
[2020-12-29T12:36:45.257-0500][gc,heap        ] GC(24612) Humongous regions: 4->4
[2020-12-29T12:36:45.257-0500][gc,metaspace   ] GC(24612) Metaspace: 50336K->50336K(1093632K)
[2020-12-29T12:36:45.257-0500][gc,heap        ] GC(24612) Heap after GC invocations=24613 (full 5713): garbage-first heap   total 64512K, used 43342K [0x0000000083000000, 0x0000000100000000)
[2020-12-29T12:36:45.257-0500][gc,heap        ] GC(24612)   region size 1024K, 0 young (0K), 0 survivors (0K)
[2020-12-29T12:36:45.257-0500][gc,heap        ] GC(24612)  Metaspace       used 50336K, capacity 52472K, committed 53888K, reserved 1093632K
[2020-12-29T12:36:45.257-0500][gc,heap        ] GC(24612)   class space    used 7457K, capacity 8250K, committed 8832K, reserved 1048576K
[2020-12-29T12:36:45.257-0500][gc             ] GC(24612) Pause Full (System.gc()) 45M->42M(63M) 64.990ms
[2020-12-29T12:36:45.257-0500][gc,cpu         ] GC(24612) User=0.26s Sys=0.00s Real=0.06s
[2020-12-29T12:39:08.328-0500][gc,heap        ] GC(24613) Heap before GC invocations=24613 (full 5713): garbage-first heap   total 64512K, used 52558K [0x0000000083000000, 0x0000000100000000)
[2020-12-29T12:39:08.328-0500][gc,heap        ] GC(24613)   region size 1024K, 10 young (10240K), 0 survivors (0K)
[2020-12-29T12:39:08.328-0500][gc,heap        ] GC(24613)  Metaspace       used 50336K, capacity 52472K, committed 53888K, reserved 1093632K
[2020-12-29T12:39:08.328-0500][gc,heap        ] GC(24613)   class space    used 7457K, capacity 8250K, committed 8832K, reserved 1048576K
[2020-12-29T12:39:08.328-0500][gc,start       ] GC(24613) Pause Young (Concurrent Start) (G1 Evacuation Pause)
[2020-12-29T12:39:08.328-0500][gc,task        ] GC(24613) Using 8 workers of 8 for evacuation
[2020-12-29T12:39:08.332-0500][gc,phases      ] GC(24613)   Pre Evacuate Collection Set: 0.4ms
[2020-12-29T12:39:08.332-0500][gc,phases      ] GC(24613)   Evacuate Collection Set: 2.0ms
[2020-12-29T12:39:08.332-0500][gc,phases      ] GC(24613)   Post Evacuate Collection Set: 1.4ms
[2020-12-29T12:39:08.332-0500][gc,phases      ] GC(24613)   Other: 0.5ms
[2020-12-29T12:39:08.332-0500][gc,heap        ] GC(24613) Eden regions: 10->0(9)
[2020-12-29T12:39:08.332-0500][gc,heap        ] GC(24613) Survivor regions: 0->1(2)
[2020-12-29T12:39:08.332-0500][gc,heap        ] GC(24613) Old regions: 41->41
[2020-12-29T12:39:08.332-0500][gc,heap        ] GC(24613) Humongous regions: 4->4
[2020-12-29T12:39:08.332-0500][gc,metaspace   ] GC(24613) Metaspace: 50336K->50336K(1093632K)
[2020-12-29T12:39:08.332-0500][gc,heap        ] GC(24613) Heap after GC invocations=24614 (full 5713): garbage-first heap   total 64512K, used 43422K [0x0000000083000000, 0x0000000100000000)
[2020-12-29T12:39:08.332-0500][gc,heap        ] GC(24613)   region size 1024K, 1 young (1024K), 1 survivors (1024K)
[2020-12-29T12:39:08.332-0500][gc,heap        ] GC(24613)  Metaspace       used 50336K, capacity 52472K, committed 53888K, reserved 1093632K
[2020-12-29T12:39:08.332-0500][gc,heap        ] GC(24613)   class space    used 7457K, capacity 8250K, committed 8832K, reserved 1048576K
[2020-12-29T12:39:08.332-0500][gc             ] GC(24613) Pause Young (Concurrent Start) (G1 Evacuation Pause) 52M->42M(63M) 4.241ms
[2020-12-29T12:39:08.332-0500][gc,cpu         ] GC(24613) User=0.01s Sys=0.00s Real=0.00s
[2020-12-29T12:39:08.332-0500][gc             ] GC(24614) Concurrent Cycle
[2020-12-29T12:39:08.332-0500][gc,marking     ] GC(24614) Concurrent Clear Claimed Marks
[2020-12-29T12:39:08.332-0500][gc,marking     ] GC(24614) Concurrent Clear Claimed Marks 0.071ms
[2020-12-29T12:39:08.332-0500][gc,marking     ] GC(24614) Concurrent Scan Root Regions
[2020-12-29T12:39:08.333-0500][gc,marking     ] GC(24614) Concurrent Scan Root Regions 0.871ms
[2020-12-29T12:39:08.333-0500][gc,marking     ] GC(24614) Concurrent Mark (1713745.720s)
[2020-12-29T12:39:08.333-0500][gc,marking     ] GC(24614) Concurrent Mark From Roots
[2020-12-29T12:39:08.333-0500][gc,task        ] GC(24614) Using 2 workers of 2 for marking
[2020-12-29T12:39:08.374-0500][gc,marking     ] GC(24614) Concurrent Mark From Roots 40.792ms
[2020-12-29T12:39:08.374-0500][gc,marking     ] GC(24614) Concurrent Preclean
[2020-12-29T12:39:08.374-0500][gc,marking     ] GC(24614) Concurrent Preclean 0.155ms
[2020-12-29T12:39:08.374-0500][gc,marking     ] GC(24614) Concurrent Mark (1713745.720s, 1713745.761s) 41.028ms
[2020-12-29T12:39:08.375-0500][gc,start       ] GC(24614) Pause Remark
[2020-12-29T12:39:08.379-0500][gc,stringtable ] GC(24614) Cleaned string and symbol table, strings: 33323 processed, 0 removed, symbols: 120973 processed, 0 removed
[2020-12-29T12:39:08.380-0500][gc             ] GC(24614) Pause Remark 42M->42M(63M) 5.091ms
[2020-12-29T12:39:08.380-0500][gc,cpu         ] GC(24614) User=0.03s Sys=0.00s Real=0.01s
[2020-12-29T12:39:08.380-0500][gc,marking     ] GC(24614) Concurrent Rebuild Remembered Sets
[2020-12-29T12:39:08.399-0500][gc,marking     ] GC(24614) Concurrent Rebuild Remembered Sets 19.610ms
[2020-12-29T12:39:08.400-0500][gc,start       ] GC(24614) Pause Cleanup
[2020-12-29T12:39:08.400-0500][gc             ] GC(24614) Pause Cleanup 42M->42M(63M) 0.153ms
[2020-12-29T12:39:08.400-0500][gc,cpu         ] GC(24614) User=0.00s Sys=0.00s Real=0.00s
[2020-12-29T12:39:08.400-0500][gc,marking     ] GC(24614) Concurrent Cleanup for Next Mark
[2020-12-29T12:39:08.400-0500][gc,marking     ] GC(24614) Concurrent Cleanup for Next Mark 0.266ms
[2020-12-29T12:39:08.400-0500][gc             ] GC(24614) Concurrent Cycle 68.269ms
[2020-12-29T12:41:20.018-0500][gc,heap        ] GC(24615) Heap before GC invocations=24615 (full 5713): garbage-first heap   total 64512K, used 51614K [0x0000000083000000, 0x0000000100000000)
[2020-12-29T12:41:20.018-0500][gc,heap        ] GC(24615)   region size 1024K, 10 young (10240K), 1 survivors (1024K)
[2020-12-29T12:41:20.018-0500][gc,heap        ] GC(24615)  Metaspace       used 50336K, capacity 52472K, committed 53888K, reserved 1093632K
[2020-12-29T12:41:20.018-0500][gc,heap        ] GC(24615)   class space    used 7457K, capacity 8250K, committed 8832K, reserved 1048576K
[2020-12-29T12:41:20.018-0500][gc,start       ] GC(24615) Pause Young (Normal) (G1 Evacuation Pause)
[2020-12-29T12:41:20.018-0500][gc,task        ] GC(24615) Using 8 workers of 8 for evacuation
[2020-12-29T12:41:20.021-0500][gc,phases      ] GC(24615)   Pre Evacuate Collection Set: 0.0ms
[2020-12-29T12:41:20.021-0500][gc,phases      ] GC(24615)   Evacuate Collection Set: 1.0ms
[2020-12-29T12:41:20.021-0500][gc,phases      ] GC(24615)   Post Evacuate Collection Set: 1.4ms
[2020-12-29T12:41:20.021-0500][gc,phases      ] GC(24615)   Other: 0.3ms
[2020-12-29T12:41:20.021-0500][gc,heap        ] GC(24615) Eden regions: 9->0(9)
[2020-12-29T12:41:20.021-0500][gc,heap        ] GC(24615) Survivor regions: 1->1(2)
[2020-12-29T12:41:20.021-0500][gc,heap        ] GC(24615) Old regions: 41->41
[2020-12-29T12:41:20.021-0500][gc,heap        ] GC(24615) Humongous regions: 4->4
[2020-12-29T12:41:20.021-0500][gc,metaspace   ] GC(24615) Metaspace: 50336K->50336K(1093632K)
[2020-12-29T12:41:20.021-0500][gc,heap        ] GC(24615) Heap after GC invocations=24616 (full 5713): garbage-first heap   total 64512K, used 43402K [0x0000000083000000, 0x0000000100000000)
[2020-12-29T12:41:20.021-0500][gc,heap        ] GC(24615)   region size 1024K, 1 young (1024K), 1 survivors (1024K)
[2020-12-29T12:41:20.021-0500][gc,heap        ] GC(24615)  Metaspace       used 50336K, capacity 52472K, committed 53888K, reserved 1093632K
[2020-12-29T12:41:20.021-0500][gc,heap        ] GC(24615)   class space    used 7457K, capacity 8250K, committed 8832K, reserved 1048576K
[2020-12-29T12:41:20.021-0500][gc             ] GC(24615) Pause Young (Normal) (G1 Evacuation Pause) 51M->42M(63M) 2.912ms
[2020-12-29T12:41:20.021-0500][gc,cpu         ] GC(24615) User=0.01s Sys=0.01s Real=0.00s
[2020-12-29T12:41:45.190-0500][gc,task        ] GC(24616) Using 5 workers of 8 for full compaction
[2020-12-29T12:41:45.190-0500][gc,start       ] GC(24616) Pause Full (System.gc())
[2020-12-29T12:41:45.190-0500][gc,heap        ] GC(24616) Heap before GC invocations=24616 (full 5713): garbage-first heap   total 64512K, used 44426K [0x0000000083000000, 0x0000000100000000)
[2020-12-29T12:41:45.190-0500][gc,heap        ] GC(24616)   region size 1024K, 3 young (3072K), 1 survivors (1024K)
[2020-12-29T12:41:45.190-0500][gc,heap        ] GC(24616)  Metaspace       used 50336K, capacity 52472K, committed 53888K, reserved 1093632K
[2020-12-29T12:41:45.190-0500][gc,heap        ] GC(24616)   class space    used 7457K, capacity 8250K, committed 8832K, reserved 1048576K
[2020-12-29T12:41:45.190-0500][gc,phases,start] GC(24616) Phase 1: Mark live objects
[2020-12-29T12:41:45.217-0500][gc,stringtable ] GC(24616) Cleaned string and symbol table, strings: 33323 processed, 4 removed, symbols: 120973 processed, 0 removed
[2020-12-29T12:41:45.217-0500][gc,phases      ] GC(24616) Phase 1: Mark live objects 26.847ms
[2020-12-29T12:41:45.217-0500][gc,phases,start] GC(24616) Phase 2: Prepare for compaction
[2020-12-29T12:41:45.221-0500][gc,phases      ] GC(24616) Phase 2: Prepare for compaction 4.037ms
[2020-12-29T12:41:45.221-0500][gc,phases,start] GC(24616) Phase 3: Adjust pointers
[2020-12-29T12:41:45.234-0500][gc,phases      ] GC(24616) Phase 3: Adjust pointers 12.595ms
[2020-12-29T12:41:45.234-0500][gc,phases,start] GC(24616) Phase 4: Compact heap
[2020-12-29T12:41:45.237-0500][gc,phases      ] GC(24616) Phase 4: Compact heap 2.751ms
[2020-12-29T12:41:45.243-0500][gc,heap        ] GC(24616) Eden regions: 2->0(10)
[2020-12-29T12:41:45.243-0500][gc,heap        ] GC(24616) Survivor regions: 1->0(2)
[2020-12-29T12:41:45.243-0500][gc,heap        ] GC(24616) Old regions: 41->41
[2020-12-29T12:41:45.243-0500][gc,heap        ] GC(24616) Humongous regions: 4->4
[2020-12-29T12:41:45.243-0500][gc,metaspace   ] GC(24616) Metaspace: 50336K->50336K(1093632K)
[2020-12-29T12:41:45.243-0500][gc,heap        ] GC(24616) Heap after GC invocations=24617 (full 5714): garbage-first heap   total 64512K, used 43329K [0x0000000083000000, 0x0000000100000000)
[2020-12-29T12:41:45.243-0500][gc,heap        ] GC(24616)   region size 1024K, 0 young (0K), 0 survivors (0K)
[2020-12-29T12:41:45.243-0500][gc,heap        ] GC(24616)  Metaspace       used 50336K, capacity 52472K, committed 53888K, reserved 1093632K
[2020-12-29T12:41:45.243-0500][gc,heap        ] GC(24616)   class space    used 7457K, capacity 8250K, committed 8832K, reserved 1048576K
[2020-12-29T12:41:45.243-0500][gc             ] GC(24616) Pause Full (System.gc()) 43M->42M(63M) 53.754ms
[2020-12-29T12:41:45.244-0500][gc,cpu         ] GC(24616) User=0.22s Sys=0.00s Real=0.05s
[2020-12-29T12:44:19.060-0500][gc,heap        ] GC(24617) Heap before GC invocations=24617 (full 5714): garbage-first heap   total 64512K, used 53569K [0x0000000083000000, 0x0000000100000000)
[2020-12-29T12:44:19.060-0500][gc,heap        ] GC(24617)   region size 1024K, 10 young (10240K), 0 survivors (0K)
[2020-12-29T12:44:19.060-0500][gc,heap        ] GC(24617)  Metaspace       used 50336K, capacity 52472K, committed 53888K, reserved 1093632K
[2020-12-29T12:44:19.060-0500][gc,heap        ] GC(24617)   class space    used 7457K, capacity 8250K, committed 8832K, reserved 1048576K
[2020-12-29T12:44:19.061-0500][gc,start       ] GC(24617) Pause Young (Concurrent Start) (G1 Evacuation Pause)
[2020-12-29T12:44:19.061-0500][gc,task        ] GC(24617) Using 8 workers of 8 for evacuation
[2020-12-29T12:44:19.066-0500][gc,phases      ] GC(24617)   Pre Evacuate Collection Set: 0.3ms
[2020-12-29T12:44:19.066-0500][gc,phases      ] GC(24617)   Evacuate Collection Set: 3.8ms
[2020-12-29T12:44:19.066-0500][gc,phases      ] GC(24617)   Post Evacuate Collection Set: 1.3ms
[2020-12-29T12:44:19.066-0500][gc,phases      ] GC(24617)   Other: 0.3ms
[2020-12-29T12:44:19.066-0500][gc,heap        ] GC(24617) Eden regions: 10->0(9)
[2020-12-29T12:44:19.066-0500][gc,heap        ] GC(24617) Survivor regions: 0->1(2)
[2020-12-29T12:44:19.066-0500][gc,heap        ] GC(24617) Old regions: 41->41
[2020-12-29T12:44:19.066-0500][gc,heap        ] GC(24617) Humongous regions: 4->4
[2020-12-29T12:44:19.066-0500][gc,metaspace   ] GC(24617) Metaspace: 50336K->50336K(1093632K)
[2020-12-29T12:44:19.066-0500][gc,heap        ] GC(24617) Heap after GC invocations=24618 (full 5714): garbage-first heap   total 64512K, used 43416K [0x0000000083000000, 0x0000000100000000)
[2020-12-29T12:44:19.066-0500][gc,heap        ] GC(24617)   region size 1024K, 1 young (1024K), 1 survivors (1024K)
[2020-12-29T12:44:19.066-0500][gc,heap        ] GC(24617)  Metaspace       used 50336K, capacity 52472K, committed 53888K, reserved 1093632K
[2020-12-29T12:44:19.066-0500][gc,heap        ] GC(24617)   class space    used 7457K, capacity 8250K, committed 8832K, reserved 1048576K
[2020-12-29T12:44:19.066-0500][gc             ] GC(24617) Pause Young (Concurrent Start) (G1 Evacuation Pause) 52M->42M(63M) 5.823ms
[2020-12-29T12:44:19.066-0500][gc,cpu         ] GC(24617) User=0.02s Sys=0.00s Real=0.00s
[2020-12-29T12:44:19.067-0500][gc             ] GC(24618) Concurrent Cycle
[2020-12-29T12:44:19.067-0500][gc,marking     ] GC(24618) Concurrent Clear Claimed Marks
[2020-12-29T12:44:19.067-0500][gc,marking     ] GC(24618) Concurrent Clear Claimed Marks 0.069ms
[2020-12-29T12:44:19.067-0500][gc,marking     ] GC(24618) Concurrent Scan Root Regions
[2020-12-29T12:44:19.067-0500][gc,marking     ] GC(24618) Concurrent Scan Root Regions 0.767ms
[2020-12-29T12:44:19.067-0500][gc,marking     ] GC(24618) Concurrent Mark (1714056.454s)
[2020-12-29T12:44:19.067-0500][gc,marking     ] GC(24618) Concurrent Mark From Roots
[2020-12-29T12:44:19.067-0500][gc,task        ] GC(24618) Using 2 workers of 2 for marking
[2020-12-29T12:44:19.122-0500][gc,marking     ] GC(24618) Concurrent Mark From Roots 54.722ms
[2020-12-29T12:44:19.122-0500][gc,marking     ] GC(24618) Concurrent Preclean
[2020-12-29T12:44:19.122-0500][gc,marking     ] GC(24618) Concurrent Preclean 0.156ms
[2020-12-29T12:44:19.122-0500][gc,marking     ] GC(24618) Concurrent Mark (1714056.454s, 1714056.509s) 54.962ms
[2020-12-29T12:44:19.123-0500][gc,start       ] GC(24618) Pause Remark
[2020-12-29T12:44:19.130-0500][gc,stringtable ] GC(24618) Cleaned string and symbol table, strings: 33323 processed, 0 removed, symbols: 120973 processed, 0 removed
[2020-12-29T12:44:19.130-0500][gc             ] GC(24618) Pause Remark 42M->42M(63M) 7.639ms
[2020-12-29T12:44:19.130-0500][gc,cpu         ] GC(24618) User=0.03s Sys=0.00s Real=0.01s
[2020-12-29T12:44:19.131-0500][gc,marking     ] GC(24618) Concurrent Rebuild Remembered Sets
[2020-12-29T12:44:19.154-0500][gc,marking     ] GC(24618) Concurrent Rebuild Remembered Sets 23.644ms
[2020-12-29T12:44:19.155-0500][gc,start       ] GC(24618) Pause Cleanup
[2020-12-29T12:44:19.155-0500][gc             ] GC(24618) Pause Cleanup 42M->42M(63M) 0.178ms
[2020-12-29T12:44:19.155-0500][gc,cpu         ] GC(24618) User=0.00s Sys=0.00s Real=0.00s
[2020-12-29T12:44:19.155-0500][gc,marking     ] GC(24618) Concurrent Cleanup for Next Mark
[2020-12-29T12:44:19.156-0500][gc,marking     ] GC(24618) Concurrent Cleanup for Next Mark 0.629ms
[2020-12-29T12:44:19.156-0500][gc             ] GC(24618) Concurrent Cycle 89.011ms
[2020-12-29T12:46:29.064-0500][gc,heap        ] GC(24619) Heap before GC invocations=24619 (full 5714): garbage-first heap   total 64512K, used 51608K [0x0000000083000000, 0x0000000100000000)
[2020-12-29T12:46:29.064-0500][gc,heap        ] GC(24619)   region size 1024K, 10 young (10240K), 1 survivors (1024K)
[2020-12-29T12:46:29.064-0500][gc,heap        ] GC(24619)  Metaspace       used 50336K, capacity 52472K, committed 53888K, reserved 1093632K
[2020-12-29T12:46:29.064-0500][gc,heap        ] GC(24619)   class space    used 7457K, capacity 8250K, committed 8832K, reserved 1048576K
[2020-12-29T12:46:29.064-0500][gc,start       ] GC(24619) Pause Young (Normal) (G1 Evacuation Pause)
[2020-12-29T12:46:29.064-0500][gc,task        ] GC(24619) Using 8 workers of 8 for evacuation
[2020-12-29T12:46:29.068-0500][gc,phases      ] GC(24619)   Pre Evacuate Collection Set: 0.1ms
[2020-12-29T12:46:29.068-0500][gc,phases      ] GC(24619)   Evacuate Collection Set: 0.9ms
[2020-12-29T12:46:29.068-0500][gc,phases      ] GC(24619)   Post Evacuate Collection Set: 2.2ms
[2020-12-29T12:46:29.068-0500][gc,phases      ] GC(24619)   Other: 0.3ms
[2020-12-29T12:46:29.068-0500][gc,heap        ] GC(24619) Eden regions: 9->0(9)
[2020-12-29T12:46:29.068-0500][gc,heap        ] GC(24619) Survivor regions: 1->1(2)
[2020-12-29T12:46:29.068-0500][gc,heap        ] GC(24619) Old regions: 41->41
[2020-12-29T12:46:29.068-0500][gc,heap        ] GC(24619) Humongous regions: 4->4
[2020-12-29T12:46:29.068-0500][gc,metaspace   ] GC(24619) Metaspace: 50336K->50336K(1093632K)
[2020-12-29T12:46:29.068-0500][gc,heap        ] GC(24619) Heap after GC invocations=24620 (full 5714): garbage-first heap   total 64512K, used 43411K [0x0000000083000000, 0x0000000100000000)
[2020-12-29T12:46:29.068-0500][gc,heap        ] GC(24619)   region size 1024K, 1 young (1024K), 1 survivors (1024K)
[2020-12-29T12:46:29.068-0500][gc,heap        ] GC(24619)  Metaspace       used 50336K, capacity 52472K, committed 53888K, reserved 1093632K
[2020-12-29T12:46:29.068-0500][gc,heap        ] GC(24619)   class space    used 7457K, capacity 8250K, committed 8832K, reserved 1048576K
[2020-12-29T12:46:29.068-0500][gc             ] GC(24619) Pause Young (Normal) (G1 Evacuation Pause) 51M->42M(63M) 3.460ms
[2020-12-29T12:46:29.068-0500][gc,cpu         ] GC(24619) User=0.01s Sys=0.00s Real=0.01s
[2020-12-29T12:46:45.190-0500][gc,task        ] GC(24620) Using 5 workers of 8 for full compaction
[2020-12-29T12:46:45.190-0500][gc,start       ] GC(24620) Pause Full (System.gc())
[2020-12-29T12:46:45.190-0500][gc,heap        ] GC(24620) Heap before GC invocations=24620 (full 5714): garbage-first heap   total 64512K, used 43411K [0x0000000083000000, 0x0000000100000000)
[2020-12-29T12:46:45.190-0500][gc,heap        ] GC(24620)   region size 1024K, 2 young (2048K), 1 survivors (1024K)
[2020-12-29T12:46:45.190-0500][gc,heap        ] GC(24620)  Metaspace       used 50336K, capacity 52472K, committed 53888K, reserved 1093632K
[2020-12-29T12:46:45.190-0500][gc,heap        ] GC(24620)   class space    used 7457K, capacity 8250K, committed 8832K, reserved 1048576K
[2020-12-29T12:46:45.190-0500][gc,phases,start] GC(24620) Phase 1: Mark live objects
[2020-12-29T12:46:45.225-0500][gc,stringtable ] GC(24620) Cleaned string and symbol table, strings: 33323 processed, 4 removed, symbols: 120973 processed, 0 removed
[2020-12-29T12:46:45.225-0500][gc,phases      ] GC(24620) Phase 1: Mark live objects 34.427ms
[2020-12-29T12:46:45.225-0500][gc,phases,start] GC(24620) Phase 2: Prepare for compaction
[2020-12-29T12:46:45.229-0500][gc,phases      ] GC(24620) Phase 2: Prepare for compaction 3.640ms
[2020-12-29T12:46:45.229-0500][gc,phases,start] GC(24620) Phase 3: Adjust pointers
[2020-12-29T12:46:45.241-0500][gc,phases      ] GC(24620) Phase 3: Adjust pointers 12.414ms
[2020-12-29T12:46:45.241-0500][gc,phases,start] GC(24620) Phase 4: Compact heap
[2020-12-29T12:46:45.244-0500][gc,phases      ] GC(24620) Phase 4: Compact heap 2.971ms
[2020-12-29T12:46:45.248-0500][gc,heap        ] GC(24620) Eden regions: 1->0(10)
[2020-12-29T12:46:45.248-0500][gc,heap        ] GC(24620) Survivor regions: 1->0(2)
[2020-12-29T12:46:45.248-0500][gc,heap        ] GC(24620) Old regions: 41->41
[2020-12-29T12:46:45.248-0500][gc,heap        ] GC(24620) Humongous regions: 4->4
[2020-12-29T12:46:45.248-0500][gc,metaspace   ] GC(24620) Metaspace: 50336K->50336K(1093632K)
[2020-12-29T12:46:45.248-0500][gc,heap        ] GC(24620) Heap after GC invocations=24621 (full 5715): garbage-first heap   total 64512K, used 43329K [0x0000000083000000, 0x0000000100000000)
[2020-12-29T12:46:45.248-0500][gc,heap        ] GC(24620)   region size 1024K, 0 young (0K), 0 survivors (0K)
[2020-12-29T12:46:45.248-0500][gc,heap        ] GC(24620)  Metaspace       used 50336K, capacity 52472K, committed 53888K, reserved 1093632K
[2020-12-29T12:46:45.248-0500][gc,heap        ] GC(24620)   class space    used 7457K, capacity 8250K, committed 8832K, reserved 1048576K
[2020-12-29T12:46:45.248-0500][gc             ] GC(24620) Pause Full (System.gc()) 43M->42M(63M) 58.666ms
[2020-12-29T12:46:45.248-0500][gc,cpu         ] GC(24620) User=0.25s Sys=0.00s Real=0.06s
[2020-12-29T12:49:13.878-0500][gc,heap        ] GC(24621) Heap before GC invocations=24621 (full 5715): garbage-first heap   total 64512K, used 53569K [0x0000000083000000, 0x0000000100000000)
[2020-12-29T12:49:13.878-0500][gc,heap        ] GC(24621)   region size 1024K, 10 young (10240K), 0 survivors (0K)
[2020-12-29T12:49:13.878-0500][gc,heap        ] GC(24621)  Metaspace       used 50336K, capacity 52472K, committed 53888K, reserved 1093632K
[2020-12-29T12:49:13.878-0500][gc,heap        ] GC(24621)   class space    used 7457K, capacity 8250K, committed 8832K, reserved 1048576K
[2020-12-29T12:49:13.878-0500][gc,start       ] GC(24621) Pause Young (Concurrent Start) (G1 Evacuation Pause)
[2020-12-29T12:49:13.878-0500][gc,task        ] GC(24621) Using 8 workers of 8 for evacuation
[2020-12-29T12:49:13.881-0500][gc,phases      ] GC(24621)   Pre Evacuate Collection Set: 0.2ms
[2020-12-29T12:49:13.881-0500][gc,phases      ] GC(24621)   Evacuate Collection Set: 1.1ms
[2020-12-29T12:49:13.881-0500][gc,phases      ] GC(24621)   Post Evacuate Collection Set: 0.9ms
[2020-12-29T12:49:13.881-0500][gc,phases      ] GC(24621)   Other: 0.3ms
[2020-12-29T12:49:13.881-0500][gc,heap        ] GC(24621) Eden regions: 10->0(9)
[2020-12-29T12:49:13.881-0500][gc,heap        ] GC(24621) Survivor regions: 0->1(2)
[2020-12-29T12:49:13.881-0500][gc,heap        ] GC(24621) Old regions: 41->41
[2020-12-29T12:49:13.881-0500][gc,heap        ] GC(24621) Humongous regions: 4->4
[2020-12-29T12:49:13.881-0500][gc,metaspace   ] GC(24621) Metaspace: 50336K->50336K(1093632K)
[2020-12-29T12:49:13.881-0500][gc,heap        ] GC(24621) Heap after GC invocations=24622 (full 5715): garbage-first heap   total 64512K, used 43395K [0x0000000083000000, 0x0000000100000000)
[2020-12-29T12:49:13.881-0500][gc,heap        ] GC(24621)   region size 1024K, 1 young (1024K), 1 survivors (1024K)
[2020-12-29T12:49:13.881-0500][gc,heap        ] GC(24621)  Metaspace       used 50336K, capacity 52472K, committed 53888K, reserved 1093632K
[2020-12-29T12:49:13.881-0500][gc,heap        ] GC(24621)   class space    used 7457K, capacity 8250K, committed 8832K, reserved 1048576K
[2020-12-29T12:49:13.881-0500][gc             ] GC(24621) Pause Young (Concurrent Start) (G1 Evacuation Pause) 52M->42M(63M) 2.615ms
[2020-12-29T12:49:13.881-0500][gc,cpu         ] GC(24621) User=0.01s Sys=0.00s Real=0.00s
[2020-12-29T12:49:13.881-0500][gc             ] GC(24622) Concurrent Cycle
[2020-12-29T12:49:13.881-0500][gc,marking     ] GC(24622) Concurrent Clear Claimed Marks
[2020-12-29T12:49:13.882-0500][gc,marking     ] GC(24622) Concurrent Clear Claimed Marks 0.190ms
[2020-12-29T12:49:13.882-0500][gc,marking     ] GC(24622) Concurrent Scan Root Regions
[2020-12-29T12:49:13.883-0500][gc,marking     ] GC(24622) Concurrent Scan Root Regions 0.997ms
[2020-12-29T12:49:13.883-0500][gc,marking     ] GC(24622) Concurrent Mark (1714351.270s)
[2020-12-29T12:49:13.883-0500][gc,marking     ] GC(24622) Concurrent Mark From Roots
[2020-12-29T12:49:13.883-0500][gc,task        ] GC(24622) Using 2 workers of 2 for marking
[2020-12-29T12:49:13.930-0500][gc,marking     ] GC(24622) Concurrent Mark From Roots 47.611ms
[2020-12-29T12:49:13.930-0500][gc,marking     ] GC(24622) Concurrent Preclean
[2020-12-29T12:49:13.931-0500][gc,marking     ] GC(24622) Concurrent Preclean 0.155ms
[2020-12-29T12:49:13.931-0500][gc,marking     ] GC(24622) Concurrent Mark (1714351.270s, 1714351.318s) 47.844ms
[2020-12-29T12:49:13.931-0500][gc,start       ] GC(24622) Pause Remark
[2020-12-29T12:49:13.936-0500][gc,stringtable ] GC(24622) Cleaned string and symbol table, strings: 33323 processed, 0 removed, symbols: 120973 processed, 0 removed
[2020-12-29T12:49:13.936-0500][gc             ] GC(24622) Pause Remark 42M->42M(63M) 5.503ms
[2020-12-29T12:49:13.936-0500][gc,cpu         ] GC(24622) User=0.04s Sys=0.00s Real=0.00s
[2020-12-29T12:49:13.936-0500][gc,marking     ] GC(24622) Concurrent Rebuild Remembered Sets
[2020-12-29T12:49:13.962-0500][gc,marking     ] GC(24622) Concurrent Rebuild Remembered Sets 25.658ms
[2020-12-29T12:49:13.962-0500][gc,start       ] GC(24622) Pause Cleanup
[2020-12-29T12:49:13.963-0500][gc             ] GC(24622) Pause Cleanup 42M->42M(63M) 0.234ms
[2020-12-29T12:49:13.963-0500][gc,cpu         ] GC(24622) User=0.00s Sys=0.00s Real=0.00s
[2020-12-29T12:49:13.963-0500][gc,marking     ] GC(24622) Concurrent Cleanup for Next Mark
[2020-12-29T12:49:13.963-0500][gc,marking     ] GC(24622) Concurrent Cleanup for Next Mark 0.327ms
[2020-12-29T12:49:13.963-0500][gc             ] GC(24622) Concurrent Cycle 81.891ms
[2020-12-29T12:51:29.061-0500][gc,heap        ] GC(24623) Heap before GC invocations=24623 (full 5715): garbage-first heap   total 64512K, used 51587K [0x0000000083000000, 0x0000000100000000)
[2020-12-29T12:51:29.061-0500][gc,heap        ] GC(24623)   region size 1024K, 10 young (10240K), 1 survivors (1024K)
[2020-12-29T12:51:29.061-0500][gc,heap        ] GC(24623)  Metaspace       used 50336K, capacity 52472K, committed 53888K, reserved 1093632K
[2020-12-29T12:51:29.061-0500][gc,heap        ] GC(24623)   class space    used 7457K, capacity 8250K, committed 8832K, reserved 1048576K
[2020-12-29T12:51:29.061-0500][gc,start       ] GC(24623) Pause Young (Normal) (G1 Evacuation Pause)
[2020-12-29T12:51:29.061-0500][gc,task        ] GC(24623) Using 8 workers of 8 for evacuation
[2020-12-29T12:51:29.064-0500][gc,phases      ] GC(24623)   Pre Evacuate Collection Set: 0.0ms
[2020-12-29T12:51:29.065-0500][gc,phases      ] GC(24623)   Evacuate Collection Set: 1.5ms
[2020-12-29T12:51:29.065-0500][gc,phases      ] GC(24623)   Post Evacuate Collection Set: 1.6ms
[2020-12-29T12:51:29.065-0500][gc,phases      ] GC(24623)   Other: 0.5ms
[2020-12-29T12:51:29.065-0500][gc,heap        ] GC(24623) Eden regions: 9->0(9)
[2020-12-29T12:51:29.065-0500][gc,heap        ] GC(24623) Survivor regions: 1->1(2)
[2020-12-29T12:51:29.065-0500][gc,heap        ] GC(24623) Old regions: 41->41
[2020-12-29T12:51:29.065-0500][gc,heap        ] GC(24623) Humongous regions: 4->4
[2020-12-29T12:51:29.065-0500][gc,metaspace   ] GC(24623) Metaspace: 50336K->50336K(1093632K)
[2020-12-29T12:51:29.065-0500][gc,heap        ] GC(24623) Heap after GC invocations=24624 (full 5715): garbage-first heap   total 64512K, used 43412K [0x0000000083000000, 0x0000000100000000)
[2020-12-29T12:51:29.065-0500][gc,heap        ] GC(24623)   region size 1024K, 1 young (1024K), 1 survivors (1024K)
[2020-12-29T12:51:29.065-0500][gc,heap        ] GC(24623)  Metaspace       used 50336K, capacity 52472K, committed 53888K, reserved 1093632K
[2020-12-29T12:51:29.065-0500][gc,heap        ] GC(24623)   class space    used 7457K, capacity 8250K, committed 8832K, reserved 1048576K
[2020-12-29T12:51:29.065-0500][gc             ] GC(24623) Pause Young (Normal) (G1 Evacuation Pause) 51M->42M(63M) 3.624ms
[2020-12-29T12:51:29.065-0500][gc,cpu         ] GC(24623) User=0.01s Sys=0.01s Real=0.00s
[2020-12-29T12:51:45.190-0500][gc,task        ] GC(24624) Using 5 workers of 8 for full compaction
[2020-12-29T12:51:45.190-0500][gc,start       ] GC(24624) Pause Full (System.gc())
[2020-12-29T12:51:45.190-0500][gc,heap        ] GC(24624) Heap before GC invocations=24624 (full 5715): garbage-first heap   total 64512K, used 44436K [0x0000000083000000, 0x0000000100000000)
[2020-12-29T12:51:45.190-0500][gc,heap        ] GC(24624)   region size 1024K, 3 young (3072K), 1 survivors (1024K)
[2020-12-29T12:51:45.190-0500][gc,heap        ] GC(24624)  Metaspace       used 50336K, capacity 52472K, committed 53888K, reserved 1093632K
[2020-12-29T12:51:45.190-0500][gc,heap        ] GC(24624)   class space    used 7457K, capacity 8250K, committed 8832K, reserved 1048576K
[2020-12-29T12:51:45.191-0500][gc,phases,start] GC(24624) Phase 1: Mark live objects
[2020-12-29T12:51:45.238-0500][gc,stringtable ] GC(24624) Cleaned string and symbol table, strings: 33323 processed, 4 removed, symbols: 120973 processed, 0 removed
[2020-12-29T12:51:45.238-0500][gc,phases      ] GC(24624) Phase 1: Mark live objects 46.849ms
[2020-12-29T12:51:45.238-0500][gc,phases,start] GC(24624) Phase 2: Prepare for compaction
[2020-12-29T12:51:45.241-0500][gc,phases      ] GC(24624) Phase 2: Prepare for compaction 3.264ms
[2020-12-29T12:51:45.241-0500][gc,phases,start] GC(24624) Phase 3: Adjust pointers
[2020-12-29T12:51:45.254-0500][gc,phases      ] GC(24624) Phase 3: Adjust pointers 13.251ms
[2020-12-29T12:51:45.254-0500][gc,phases,start] GC(24624) Phase 4: Compact heap
[2020-12-29T12:51:45.257-0500][gc,phases      ] GC(24624) Phase 4: Compact heap 2.732ms
[2020-12-29T12:51:45.263-0500][gc,heap        ] GC(24624) Eden regions: 2->0(10)
[2020-12-29T12:51:45.264-0500][gc,heap        ] GC(24624) Survivor regions: 1->0(2)
[2020-12-29T12:51:45.264-0500][gc,heap        ] GC(24624) Old regions: 41->41
[2020-12-29T12:51:45.264-0500][gc,heap        ] GC(24624) Humongous regions: 4->4
[2020-12-29T12:51:45.264-0500][gc,metaspace   ] GC(24624) Metaspace: 50336K->50336K(1093632K)
[2020-12-29T12:51:45.264-0500][gc,heap        ] GC(24624) Heap after GC invocations=24625 (full 5716): garbage-first heap   total 64512K, used 43329K [0x0000000083000000, 0x0000000100000000)
[2020-12-29T12:51:45.264-0500][gc,heap        ] GC(24624)   region size 1024K, 0 young (0K), 0 survivors (0K)
[2020-12-29T12:51:45.264-0500][gc,heap        ] GC(24624)  Metaspace       used 50336K, capacity 52472K, committed 53888K, reserved 1093632K
[2020-12-29T12:51:45.264-0500][gc,heap        ] GC(24624)   class space    used 7457K, capacity 8250K, committed 8832K, reserved 1048576K
[2020-12-29T12:51:45.264-0500][gc             ] GC(24624) Pause Full (System.gc()) 43M->42M(63M) 73.253ms
[2020-12-29T12:51:45.264-0500][gc,cpu         ] GC(24624) User=0.32s Sys=0.00s Real=0.07s
[2020-12-29T12:54:09.060-0500][gc,heap        ] GC(24625) Heap before GC invocations=24625 (full 5716): garbage-first heap   total 64512K, used 52545K [0x0000000083000000, 0x0000000100000000)
[2020-12-29T12:54:09.060-0500][gc,heap        ] GC(24625)   region size 1024K, 10 young (10240K), 0 survivors (0K)
[2020-12-29T12:54:09.060-0500][gc,heap        ] GC(24625)  Metaspace       used 50336K, capacity 52472K, committed 53888K, reserved 1093632K
[2020-12-29T12:54:09.060-0500][gc,heap        ] GC(24625)   class space    used 7457K, capacity 8250K, committed 8832K, reserved 1048576K
[2020-12-29T12:54:09.060-0500][gc,start       ] GC(24625) Pause Young (Concurrent Start) (G1 Evacuation Pause)
[2020-12-29T12:54:09.060-0500][gc,task        ] GC(24625) Using 8 workers of 8 for evacuation
[2020-12-29T12:54:09.064-0500][gc,phases      ] GC(24625)   Pre Evacuate Collection Set: 0.2ms
[2020-12-29T12:54:09.064-0500][gc,phases      ] GC(24625)   Evacuate Collection Set: 3.3ms
[2020-12-29T12:54:09.064-0500][gc,phases      ] GC(24625)   Post Evacuate Collection Set: 1.1ms
[2020-12-29T12:54:09.064-0500][gc,phases      ] GC(24625)   Other: 0.3ms
[2020-12-29T12:54:09.064-0500][gc,heap        ] GC(24625) Eden regions: 10->0(9)
[2020-12-29T12:54:09.064-0500][gc,heap        ] GC(24625) Survivor regions: 0->1(2)
[2020-12-29T12:54:09.064-0500][gc,heap        ] GC(24625) Old regions: 41->41
[2020-12-29T12:54:09.064-0500][gc,heap        ] GC(24625) Humongous regions: 4->4
[2020-12-29T12:54:09.065-0500][gc,metaspace   ] GC(24625) Metaspace: 50336K->50336K(1093632K)
[2020-12-29T12:54:09.065-0500][gc,heap        ] GC(24625) Heap after GC invocations=24626 (full 5716): garbage-first heap   total 64512K, used 43442K [0x0000000083000000, 0x0000000100000000)
[2020-12-29T12:54:09.065-0500][gc,heap        ] GC(24625)   region size 1024K, 1 young (1024K), 1 survivors (1024K)
[2020-12-29T12:54:09.065-0500][gc,heap        ] GC(24625)  Metaspace       used 50336K, capacity 52472K, committed 53888K, reserved 1093632K
[2020-12-29T12:54:09.065-0500][gc,heap        ] GC(24625)   class space    used 7457K, capacity 8250K, committed 8832K, reserved 1048576K
[2020-12-29T12:54:09.065-0500][gc             ] GC(24625) Pause Young (Concurrent Start) (G1 Evacuation Pause) 52M->42M(63M) 4.921ms
[2020-12-29T12:54:09.065-0500][gc,cpu         ] GC(24625) User=0.01s Sys=0.00s Real=0.00s
[2020-12-29T12:54:09.065-0500][gc             ] GC(24626) Concurrent Cycle
[2020-12-29T12:54:09.065-0500][gc,marking     ] GC(24626) Concurrent Clear Claimed Marks
[2020-12-29T12:54:09.065-0500][gc,marking     ] GC(24626) Concurrent Clear Claimed Marks 0.065ms
[2020-12-29T12:54:09.065-0500][gc,marking     ] GC(24626) Concurrent Scan Root Regions
[2020-12-29T12:54:09.066-0500][gc,marking     ] GC(24626) Concurrent Scan Root Regions 1.107ms
[2020-12-29T12:54:09.066-0500][gc,marking     ] GC(24626) Concurrent Mark (1714646.453s)
[2020-12-29T12:54:09.066-0500][gc,marking     ] GC(24626) Concurrent Mark From Roots
[2020-12-29T12:54:09.066-0500][gc,task        ] GC(24626) Using 2 workers of 2 for marking
[2020-12-29T12:54:09.110-0500][gc,marking     ] GC(24626) Concurrent Mark From Roots 44.389ms
[2020-12-29T12:54:09.111-0500][gc,marking     ] GC(24626) Concurrent Preclean
[2020-12-29T12:54:09.111-0500][gc,marking     ] GC(24626) Concurrent Preclean 0.155ms
[2020-12-29T12:54:09.111-0500][gc,marking     ] GC(24626) Concurrent Mark (1714646.453s, 1714646.498s) 44.630ms
[2020-12-29T12:54:09.111-0500][gc,start       ] GC(24626) Pause Remark
[2020-12-29T12:54:09.115-0500][gc,stringtable ] GC(24626) Cleaned string and symbol table, strings: 33323 processed, 0 removed, symbols: 120973 processed, 0 removed
[2020-12-29T12:54:09.116-0500][gc             ] GC(24626) Pause Remark 42M->42M(63M) 4.521ms
[2020-12-29T12:54:09.116-0500][gc,cpu         ] GC(24626) User=0.03s Sys=0.00s Real=0.00s
[2020-12-29T12:54:09.116-0500][gc,marking     ] GC(24626) Concurrent Rebuild Remembered Sets
[2020-12-29T12:54:09.136-0500][gc,marking     ] GC(24626) Concurrent Rebuild Remembered Sets 19.809ms
[2020-12-29T12:54:09.136-0500][gc,start       ] GC(24626) Pause Cleanup
[2020-12-29T12:54:09.136-0500][gc             ] GC(24626) Pause Cleanup 42M->42M(63M) 0.509ms
[2020-12-29T12:54:09.137-0500][gc,cpu         ] GC(24626) User=0.00s Sys=0.00s Real=0.00s
[2020-12-29T12:54:09.137-0500][gc,marking     ] GC(24626) Concurrent Cleanup for Next Mark
[2020-12-29T12:54:09.137-0500][gc,marking     ] GC(24626) Concurrent Cleanup for Next Mark 0.640ms
[2020-12-29T12:54:09.137-0500][gc             ] GC(24626) Concurrent Cycle 72.475ms
[2020-12-29T12:56:28.830-0500][gc,heap        ] GC(24627) Heap before GC invocations=24627 (full 5716): garbage-first heap   total 64512K, used 51634K [0x0000000083000000, 0x0000000100000000)
[2020-12-29T12:56:28.830-0500][gc,heap        ] GC(24627)   region size 1024K, 10 young (10240K), 1 survivors (1024K)
[2020-12-29T12:56:28.830-0500][gc,heap        ] GC(24627)  Metaspace       used 50336K, capacity 52472K, committed 53888K, reserved 1093632K
[2020-12-29T12:56:28.830-0500][gc,heap        ] GC(24627)   class space    used 7457K, capacity 8250K, committed 8832K, reserved 1048576K
[2020-12-29T12:56:28.830-0500][gc,start       ] GC(24627) Pause Young (Normal) (G1 Evacuation Pause)
[2020-12-29T12:56:28.830-0500][gc,task        ] GC(24627) Using 8 workers of 8 for evacuation
[2020-12-29T12:56:28.841-0500][gc,phases      ] GC(24627)   Pre Evacuate Collection Set: 0.1ms
[2020-12-29T12:56:28.841-0500][gc,phases      ] GC(24627)   Evacuate Collection Set: 7.9ms
[2020-12-29T12:56:28.841-0500][gc,phases      ] GC(24627)   Post Evacuate Collection Set: 2.7ms
[2020-12-29T12:56:28.841-0500][gc,phases      ] GC(24627)   Other: 0.7ms
[2020-12-29T12:56:28.841-0500][gc,heap        ] GC(24627) Eden regions: 9->0(9)
[2020-12-29T12:56:28.841-0500][gc,heap        ] GC(24627) Survivor regions: 1->1(2)
[2020-12-29T12:56:28.842-0500][gc,heap        ] GC(24627) Old regions: 41->41
[2020-12-29T12:56:28.842-0500][gc,heap        ] GC(24627) Humongous regions: 4->4
[2020-12-29T12:56:28.842-0500][gc,metaspace   ] GC(24627) Metaspace: 50336K->50336K(1093632K)
[2020-12-29T12:56:28.842-0500][gc,heap        ] GC(24627) Heap after GC invocations=24628 (full 5716): garbage-first heap   total 64512K, used 43388K [0x0000000083000000, 0x0000000100000000)
[2020-12-29T12:56:28.842-0500][gc,heap        ] GC(24627)   region size 1024K, 1 young (1024K), 1 survivors (1024K)
[2020-12-29T12:56:28.842-0500][gc,heap        ] GC(24627)  Metaspace       used 50336K, capacity 52472K, committed 53888K, reserved 1093632K
[2020-12-29T12:56:28.842-0500][gc,heap        ] GC(24627)   class space    used 7457K, capacity 8250K, committed 8832K, reserved 1048576K
[2020-12-29T12:56:28.842-0500][gc             ] GC(24627) Pause Young (Normal) (G1 Evacuation Pause) 51M->42M(63M) 11.738ms
[2020-12-29T12:56:28.842-0500][gc,cpu         ] GC(24627) User=0.07s Sys=0.00s Real=0.01s
[2020-12-29T12:56:45.190-0500][gc,task        ] GC(24628) Using 5 workers of 8 for full compaction
[2020-12-29T12:56:45.190-0500][gc,start       ] GC(24628) Pause Full (System.gc())
[2020-12-29T12:56:45.190-0500][gc,heap        ] GC(24628) Heap before GC invocations=24628 (full 5716): garbage-first heap   total 64512K, used 44412K [0x0000000083000000, 0x0000000100000000)
[2020-12-29T12:56:45.190-0500][gc,heap        ] GC(24628)   region size 1024K, 3 young (3072K), 1 survivors (1024K)
[2020-12-29T12:56:45.190-0500][gc,heap        ] GC(24628)  Metaspace       used 50336K, capacity 52472K, committed 53888K, reserved 1093632K
[2020-12-29T12:56:45.190-0500][gc,heap        ] GC(24628)   class space    used 7457K, capacity 8250K, committed 8832K, reserved 1048576K
[2020-12-29T12:56:45.191-0500][gc,phases,start] GC(24628) Phase 1: Mark live objects
[2020-12-29T12:56:45.219-0500][gc,stringtable ] GC(24628) Cleaned string and symbol table, strings: 33323 processed, 4 removed, symbols: 120973 processed, 0 removed
[2020-12-29T12:56:45.220-0500][gc,phases      ] GC(24628) Phase 1: Mark live objects 28.461ms
[2020-12-29T12:56:45.220-0500][gc,phases,start] GC(24628) Phase 2: Prepare for compaction
[2020-12-29T12:56:45.224-0500][gc,phases      ] GC(24628) Phase 2: Prepare for compaction 4.657ms
[2020-12-29T12:56:45.224-0500][gc,phases,start] GC(24628) Phase 3: Adjust pointers
[2020-12-29T12:56:45.237-0500][gc,phases      ] GC(24628) Phase 3: Adjust pointers 12.968ms
[2020-12-29T12:56:45.237-0500][gc,phases,start] GC(24628) Phase 4: Compact heap
[2020-12-29T12:56:45.241-0500][gc,phases      ] GC(24628) Phase 4: Compact heap 3.222ms
[2020-12-29T12:56:45.245-0500][gc,heap        ] GC(24628) Eden regions: 2->0(10)
[2020-12-29T12:56:45.245-0500][gc,heap        ] GC(24628) Survivor regions: 1->0(2)
[2020-12-29T12:56:45.245-0500][gc,heap        ] GC(24628) Old regions: 41->41
[2020-12-29T12:56:45.245-0500][gc,heap        ] GC(24628) Humongous regions: 4->4
[2020-12-29T12:56:45.245-0500][gc,metaspace   ] GC(24628) Metaspace: 50336K->50336K(1093632K)
[2020-12-29T12:56:45.245-0500][gc,heap        ] GC(24628) Heap after GC invocations=24629 (full 5717): garbage-first heap   total 64512K, used 43329K [0x0000000083000000, 0x0000000100000000)
[2020-12-29T12:56:45.245-0500][gc,heap        ] GC(24628)   region size 1024K, 0 young (0K), 0 survivors (0K)
[2020-12-29T12:56:45.245-0500][gc,heap        ] GC(24628)  Metaspace       used 50336K, capacity 52472K, committed 53888K, reserved 1093632K
[2020-12-29T12:56:45.245-0500][gc,heap        ] GC(24628)   class space    used 7457K, capacity 8250K, committed 8832K, reserved 1048576K
[2020-12-29T12:56:45.245-0500][gc             ] GC(24628) Pause Full (System.gc()) 43M->42M(63M) 54.668ms
[2020-12-29T12:56:45.245-0500][gc,cpu         ] GC(24628) User=0.24s Sys=0.00s Real=0.05s
[2020-12-29T12:59:19.058-0500][gc,heap        ] GC(24629) Heap before GC invocations=24629 (full 5717): garbage-first heap   total 64512K, used 53569K [0x0000000083000000, 0x0000000100000000)
[2020-12-29T12:59:19.058-0500][gc,heap        ] GC(24629)   region size 1024K, 10 young (10240K), 0 survivors (0K)
[2020-12-29T12:59:19.058-0500][gc,heap        ] GC(24629)  Metaspace       used 50336K, capacity 52472K, committed 53888K, reserved 1093632K
[2020-12-29T12:59:19.059-0500][gc,heap        ] GC(24629)   class space    used 7457K, capacity 8250K, committed 8832K, reserved 1048576K
[2020-12-29T12:59:19.059-0500][gc,start       ] GC(24629) Pause Young (Concurrent Start) (G1 Evacuation Pause)
[2020-12-29T12:59:19.059-0500][gc,task        ] GC(24629) Using 8 workers of 8 for evacuation
[2020-12-29T12:59:19.064-0500][gc,phases      ] GC(24629)   Pre Evacuate Collection Set: 0.3ms
[2020-12-29T12:59:19.064-0500][gc,phases      ] GC(24629)   Evacuate Collection Set: 3.3ms
[2020-12-29T12:59:19.064-0500][gc,phases      ] GC(24629)   Post Evacuate Collection Set: 1.4ms
[2020-12-29T12:59:19.064-0500][gc,phases      ] GC(24629)   Other: 0.4ms
[2020-12-29T12:59:19.064-0500][gc,heap        ] GC(24629) Eden regions: 10->0(9)
[2020-12-29T12:59:19.064-0500][gc,heap        ] GC(24629) Survivor regions: 0->1(2)
[2020-12-29T12:59:19.064-0500][gc,heap        ] GC(24629) Old regions: 41->41
[2020-12-29T12:59:19.064-0500][gc,heap        ] GC(24629) Humongous regions: 4->4
[2020-12-29T12:59:19.064-0500][gc,metaspace   ] GC(24629) Metaspace: 50336K->50336K(1093632K)
[2020-12-29T12:59:19.064-0500][gc,heap        ] GC(24629) Heap after GC invocations=24630 (full 5717): garbage-first heap   total 64512K, used 43417K [0x0000000083000000, 0x0000000100000000)
[2020-12-29T12:59:19.064-0500][gc,heap        ] GC(24629)   region size 1024K, 1 young (1024K), 1 survivors (1024K)
[2020-12-29T12:59:19.064-0500][gc,heap        ] GC(24629)  Metaspace       used 50336K, capacity 52472K, committed 53888K, reserved 1093632K
[2020-12-29T12:59:19.064-0500][gc,heap        ] GC(24629)   class space    used 7457K, capacity 8250K, committed 8832K, reserved 1048576K
[2020-12-29T12:59:19.064-0500][gc             ] GC(24629) Pause Young (Concurrent Start) (G1 Evacuation Pause) 52M->42M(63M) 5.387ms
[2020-12-29T12:59:19.064-0500][gc,cpu         ] GC(24629) User=0.01s Sys=0.00s Real=0.00s
[2020-12-29T12:59:19.064-0500][gc             ] GC(24630) Concurrent Cycle
[2020-12-29T12:59:19.064-0500][gc,marking     ] GC(24630) Concurrent Clear Claimed Marks
[2020-12-29T12:59:19.064-0500][gc,marking     ] GC(24630) Concurrent Clear Claimed Marks 0.319ms
[2020-12-29T12:59:19.064-0500][gc,marking     ] GC(24630) Concurrent Scan Root Regions
[2020-12-29T12:59:19.065-0500][gc,marking     ] GC(24630) Concurrent Scan Root Regions 0.900ms
[2020-12-29T12:59:19.065-0500][gc,marking     ] GC(24630) Concurrent Mark (1714956.452s)
[2020-12-29T12:59:19.065-0500][gc,marking     ] GC(24630) Concurrent Mark From Roots
[2020-12-29T12:59:19.065-0500][gc,task        ] GC(24630) Using 2 workers of 2 for marking
[2020-12-29T12:59:19.115-0500][gc,marking     ] GC(24630) Concurrent Mark From Roots 49.631ms
[2020-12-29T12:59:19.115-0500][gc,marking     ] GC(24630) Concurrent Preclean
[2020-12-29T12:59:19.115-0500][gc,marking     ] GC(24630) Concurrent Preclean 0.153ms
[2020-12-29T12:59:19.115-0500][gc,marking     ] GC(24630) Concurrent Mark (1714956.452s, 1714956.502s) 49.863ms
[2020-12-29T12:59:19.116-0500][gc,start       ] GC(24630) Pause Remark
[2020-12-29T12:59:19.120-0500][gc,stringtable ] GC(24630) Cleaned string and symbol table, strings: 33323 processed, 0 removed, symbols: 120973 processed, 0 removed
[2020-12-29T12:59:19.121-0500][gc             ] GC(24630) Pause Remark 42M->42M(63M) 5.606ms
[2020-12-29T12:59:19.121-0500][gc,cpu         ] GC(24630) User=0.02s Sys=0.00s Real=0.01s
[2020-12-29T12:59:19.121-0500][gc,marking     ] GC(24630) Concurrent Rebuild Remembered Sets
[2020-12-29T12:59:19.142-0500][gc,marking     ] GC(24630) Concurrent Rebuild Remembered Sets 21.069ms
[2020-12-29T12:59:19.143-0500][gc,start       ] GC(24630) Pause Cleanup
[2020-12-29T12:59:19.143-0500][gc             ] GC(24630) Pause Cleanup 42M->42M(63M) 0.311ms
[2020-12-29T12:59:19.143-0500][gc,cpu         ] GC(24630) User=0.00s Sys=0.00s Real=0.00s
[2020-12-29T12:59:19.143-0500][gc,marking     ] GC(24630) Concurrent Cleanup for Next Mark
[2020-12-29T12:59:19.145-0500][gc,marking     ] GC(24630) Concurrent Cleanup for Next Mark 1.302ms
[2020-12-29T12:59:19.145-0500][gc             ] GC(24630) Concurrent Cycle 81.191ms
[2020-12-29T13:01:30.990-0500][gc,heap        ] GC(24631) Heap before GC invocations=24631 (full 5717): garbage-first heap   total 64512K, used 52633K [0x0000000083000000, 0x0000000100000000)
[2020-12-29T13:01:30.990-0500][gc,heap        ] GC(24631)   region size 1024K, 10 young (10240K), 1 survivors (1024K)
[2020-12-29T13:01:30.990-0500][gc,heap        ] GC(24631)  Metaspace       used 50336K, capacity 52472K, committed 53888K, reserved 1093632K
[2020-12-29T13:01:30.990-0500][gc,heap        ] GC(24631)   class space    used 7457K, capacity 8250K, committed 8832K, reserved 1048576K
[2020-12-29T13:01:30.990-0500][gc,start       ] GC(24631) Pause Young (Normal) (G1 Evacuation Pause)
[2020-12-29T13:01:30.990-0500][gc,task        ] GC(24631) Using 8 workers of 8 for evacuation
[2020-12-29T13:01:30.993-0500][gc,phases      ] GC(24631)   Pre Evacuate Collection Set: 0.1ms
[2020-12-29T13:01:30.993-0500][gc,phases      ] GC(24631)   Evacuate Collection Set: 0.9ms
[2020-12-29T13:01:30.993-0500][gc,phases      ] GC(24631)   Post Evacuate Collection Set: 1.6ms
[2020-12-29T13:01:30.993-0500][gc,phases      ] GC(24631)   Other: 0.3ms
[2020-12-29T13:01:30.993-0500][gc,heap        ] GC(24631) Eden regions: 9->0(9)
[2020-12-29T13:01:30.993-0500][gc,heap        ] GC(24631) Survivor regions: 1->1(2)
[2020-12-29T13:01:30.993-0500][gc,heap        ] GC(24631) Old regions: 41->41
[2020-12-29T13:01:30.993-0500][gc,heap        ] GC(24631) Humongous regions: 4->4
[2020-12-29T13:01:30.993-0500][gc,metaspace   ] GC(24631) Metaspace: 50336K->50336K(1093632K)
[2020-12-29T13:01:30.993-0500][gc,heap        ] GC(24631) Heap after GC invocations=24632 (full 5717): garbage-first heap   total 64512K, used 43378K [0x0000000083000000, 0x0000000100000000)
[2020-12-29T13:01:30.993-0500][gc,heap        ] GC(24631)   region size 1024K, 1 young (1024K), 1 survivors (1024K)
[2020-12-29T13:01:30.993-0500][gc,heap        ] GC(24631)  Metaspace       used 50336K, capacity 52472K, committed 53888K, reserved 1093632K
[2020-12-29T13:01:30.993-0500][gc,heap        ] GC(24631)   class space    used 7457K, capacity 8250K, committed 8832K, reserved 1048576K
[2020-12-29T13:01:30.993-0500][gc             ] GC(24631) Pause Young (Normal) (G1 Evacuation Pause) 51M->42M(63M) 3.484ms
[2020-12-29T13:01:30.993-0500][gc,cpu         ] GC(24631) User=0.00s Sys=0.01s Real=0.00s
[2020-12-29T13:01:45.192-0500][gc,task        ] GC(24632) Using 5 workers of 8 for full compaction
[2020-12-29T13:01:45.192-0500][gc,start       ] GC(24632) Pause Full (System.gc())
[2020-12-29T13:01:45.192-0500][gc,heap        ] GC(24632) Heap before GC invocations=24632 (full 5717): garbage-first heap   total 64512K, used 43378K [0x0000000083000000, 0x0000000100000000)
[2020-12-29T13:01:45.192-0500][gc,heap        ] GC(24632)   region size 1024K, 2 young (2048K), 1 survivors (1024K)
[2020-12-29T13:01:45.192-0500][gc,heap        ] GC(24632)  Metaspace       used 50336K, capacity 52472K, committed 53888K, reserved 1093632K
[2020-12-29T13:01:45.192-0500][gc,heap        ] GC(24632)   class space    used 7457K, capacity 8250K, committed 8832K, reserved 1048576K
[2020-12-29T13:01:45.193-0500][gc,phases,start] GC(24632) Phase 1: Mark live objects
[2020-12-29T13:01:45.224-0500][gc,stringtable ] GC(24632) Cleaned string and symbol table, strings: 33323 processed, 4 removed, symbols: 120973 processed, 0 removed
[2020-12-29T13:01:45.224-0500][gc,phases      ] GC(24632) Phase 1: Mark live objects 30.808ms
[2020-12-29T13:01:45.224-0500][gc,phases,start] GC(24632) Phase 2: Prepare for compaction
[2020-12-29T13:01:45.228-0500][gc,phases      ] GC(24632) Phase 2: Prepare for compaction 4.084ms
[2020-12-29T13:01:45.228-0500][gc,phases,start] GC(24632) Phase 3: Adjust pointers
[2020-12-29T13:01:45.240-0500][gc,phases      ] GC(24632) Phase 3: Adjust pointers 11.807ms
[2020-12-29T13:01:45.240-0500][gc,phases,start] GC(24632) Phase 4: Compact heap
[2020-12-29T13:01:45.242-0500][gc,phases      ] GC(24632) Phase 4: Compact heap 2.806ms
[2020-12-29T13:01:45.247-0500][gc,heap        ] GC(24632) Eden regions: 1->0(10)
[2020-12-29T13:01:45.247-0500][gc,heap        ] GC(24632) Survivor regions: 1->0(2)
[2020-12-29T13:01:45.247-0500][gc,heap        ] GC(24632) Old regions: 41->41
[2020-12-29T13:01:45.247-0500][gc,heap        ] GC(24632) Humongous regions: 4->4
[2020-12-29T13:01:45.247-0500][gc,metaspace   ] GC(24632) Metaspace: 50336K->50336K(1093632K)
[2020-12-29T13:01:45.247-0500][gc,heap        ] GC(24632) Heap after GC invocations=24633 (full 5718): garbage-first heap   total 64512K, used 43329K [0x0000000083000000, 0x0000000100000000)
[2020-12-29T13:01:45.247-0500][gc,heap        ] GC(24632)   region size 1024K, 0 young (0K), 0 survivors (0K)
[2020-12-29T13:01:45.247-0500][gc,heap        ] GC(24632)  Metaspace       used 50336K, capacity 52472K, committed 53888K, reserved 1093632K
[2020-12-29T13:01:45.247-0500][gc,heap        ] GC(24632)   class space    used 7457K, capacity 8250K, committed 8832K, reserved 1048576K
[2020-12-29T13:01:45.247-0500][gc             ] GC(24632) Pause Full (System.gc()) 43M->42M(63M) 54.589ms
[2020-12-29T13:01:45.247-0500][gc,cpu         ] GC(24632) User=0.24s Sys=0.00s Real=0.05s
[2020-12-29T13:04:09.076-0500][gc,heap        ] GC(24633) Heap before GC invocations=24633 (full 5718): garbage-first heap   total 64512K, used 53569K [0x0000000083000000, 0x0000000100000000)
[2020-12-29T13:04:09.076-0500][gc,heap        ] GC(24633)   region size 1024K, 10 young (10240K), 0 survivors (0K)
[2020-12-29T13:04:09.076-0500][gc,heap        ] GC(24633)  Metaspace       used 50336K, capacity 52472K, committed 53888K, reserved 1093632K
[2020-12-29T13:04:09.076-0500][gc,heap        ] GC(24633)   class space    used 7457K, capacity 8250K, committed 8832K, reserved 1048576K
[2020-12-29T13:04:09.076-0500][gc,start       ] GC(24633) Pause Young (Concurrent Start) (G1 Evacuation Pause)
[2020-12-29T13:04:09.076-0500][gc,task        ] GC(24633) Using 8 workers of 8 for evacuation
[2020-12-29T13:04:09.116-0500][gc,phases      ] GC(24633)   Pre Evacuate Collection Set: 0.7ms
[2020-12-29T13:04:09.116-0500][gc,phases      ] GC(24633)   Evacuate Collection Set: 33.7ms
[2020-12-29T13:04:09.116-0500][gc,phases      ] GC(24633)   Post Evacuate Collection Set: 4.8ms
[2020-12-29T13:04:09.116-0500][gc,phases      ] GC(24633)   Other: 0.6ms
[2020-12-29T13:04:09.116-0500][gc,heap        ] GC(24633) Eden regions: 10->0(9)
[2020-12-29T13:04:09.116-0500][gc,heap        ] GC(24633) Survivor regions: 0->1(2)
[2020-12-29T13:04:09.116-0500][gc,heap        ] GC(24633) Old regions: 41->41
[2020-12-29T13:04:09.116-0500][gc,heap        ] GC(24633) Humongous regions: 4->4
[2020-12-29T13:04:09.116-0500][gc,metaspace   ] GC(24633) Metaspace: 50336K->50336K(1093632K)
[2020-12-29T13:04:09.116-0500][gc,heap        ] GC(24633) Heap after GC invocations=24634 (full 5718): garbage-first heap   total 64512K, used 43406K [0x0000000083000000, 0x0000000100000000)
[2020-12-29T13:04:09.116-0500][gc,heap        ] GC(24633)   region size 1024K, 1 young (1024K), 1 survivors (1024K)
[2020-12-29T13:04:09.116-0500][gc,heap        ] GC(24633)  Metaspace       used 50336K, capacity 52472K, committed 53888K, reserved 1093632K
[2020-12-29T13:04:09.116-0500][gc,heap        ] GC(24633)   class space    used 7457K, capacity 8250K, committed 8832K, reserved 1048576K
[2020-12-29T13:04:09.116-0500][gc             ] GC(24633) Pause Young (Concurrent Start) (G1 Evacuation Pause) 52M->42M(63M) 39.611ms
[2020-12-29T13:04:09.116-0500][gc,cpu         ] GC(24633) User=0.24s Sys=0.00s Real=0.04s
[2020-12-29T13:04:09.116-0500][gc             ] GC(24634) Concurrent Cycle
[2020-12-29T13:04:09.116-0500][gc,marking     ] GC(24634) Concurrent Clear Claimed Marks
[2020-12-29T13:04:09.116-0500][gc,marking     ] GC(24634) Concurrent Clear Claimed Marks 0.205ms
[2020-12-29T13:04:09.116-0500][gc,marking     ] GC(24634) Concurrent Scan Root Regions
[2020-12-29T13:04:09.118-0500][gc,marking     ] GC(24634) Concurrent Scan Root Regions 1.093ms
[2020-12-29T13:04:09.118-0500][gc,marking     ] GC(24634) Concurrent Mark (1715246.505s)
[2020-12-29T13:04:09.118-0500][gc,marking     ] GC(24634) Concurrent Mark From Roots
[2020-12-29T13:04:09.118-0500][gc,task        ] GC(24634) Using 2 workers of 2 for marking
[2020-12-29T13:04:09.158-0500][gc,marking     ] GC(24634) Concurrent Mark From Roots 40.582ms
[2020-12-29T13:04:09.158-0500][gc,marking     ] GC(24634) Concurrent Preclean
[2020-12-29T13:04:09.158-0500][gc,marking     ] GC(24634) Concurrent Preclean 0.155ms
[2020-12-29T13:04:09.158-0500][gc,marking     ] GC(24634) Concurrent Mark (1715246.505s, 1715246.545s) 40.827ms
[2020-12-29T13:04:09.159-0500][gc,start       ] GC(24634) Pause Remark
[2020-12-29T13:04:09.163-0500][gc,stringtable ] GC(24634) Cleaned string and symbol table, strings: 33323 processed, 0 removed, symbols: 120973 processed, 0 removed
[2020-12-29T13:04:09.164-0500][gc             ] GC(24634) Pause Remark 42M->42M(63M) 5.215ms
[2020-12-29T13:04:09.164-0500][gc,cpu         ] GC(24634) User=0.03s Sys=0.00s Real=0.00s
[2020-12-29T13:04:09.164-0500][gc,marking     ] GC(24634) Concurrent Rebuild Remembered Sets
[2020-12-29T13:04:09.182-0500][gc,marking     ] GC(24634) Concurrent Rebuild Remembered Sets 18.412ms
[2020-12-29T13:04:09.183-0500][gc,start       ] GC(24634) Pause Cleanup
[2020-12-29T13:04:09.183-0500][gc             ] GC(24634) Pause Cleanup 42M->42M(63M) 0.168ms
[2020-12-29T13:04:09.183-0500][gc,cpu         ] GC(24634) User=0.00s Sys=0.00s Real=0.00s
[2020-12-29T13:04:09.183-0500][gc,marking     ] GC(24634) Concurrent Cleanup for Next Mark
[2020-12-29T13:04:09.184-0500][gc,marking     ] GC(24634) Concurrent Cleanup for Next Mark 0.322ms
[2020-12-29T13:04:09.184-0500][gc             ] GC(24634) Concurrent Cycle 67.375ms
[2020-12-29T13:06:29.068-0500][gc,heap        ] GC(24635) Heap before GC invocations=24635 (full 5718): garbage-first heap   total 64512K, used 52622K [0x0000000083000000, 0x0000000100000000)
[2020-12-29T13:06:29.068-0500][gc,heap        ] GC(24635)   region size 1024K, 10 young (10240K), 1 survivors (1024K)
[2020-12-29T13:06:29.068-0500][gc,heap        ] GC(24635)  Metaspace       used 50336K, capacity 52472K, committed 53888K, reserved 1093632K
[2020-12-29T13:06:29.068-0500][gc,heap        ] GC(24635)   class space    used 7457K, capacity 8250K, committed 8832K, reserved 1048576K
[2020-12-29T13:06:29.068-0500][gc,start       ] GC(24635) Pause Young (Normal) (G1 Evacuation Pause)
[2020-12-29T13:06:29.068-0500][gc,task        ] GC(24635) Using 8 workers of 8 for evacuation
[2020-12-29T13:06:29.074-0500][gc,phases      ] GC(24635)   Pre Evacuate Collection Set: 0.2ms
[2020-12-29T13:06:29.074-0500][gc,phases      ] GC(24635)   Evacuate Collection Set: 2.8ms
[2020-12-29T13:06:29.074-0500][gc,phases      ] GC(24635)   Post Evacuate Collection Set: 2.3ms
[2020-12-29T13:06:29.074-0500][gc,phases      ] GC(24635)   Other: 1.0ms
[2020-12-29T13:06:29.074-0500][gc,heap        ] GC(24635) Eden regions: 9->0(9)
[2020-12-29T13:06:29.074-0500][gc,heap        ] GC(24635) Survivor regions: 1->1(2)
[2020-12-29T13:06:29.074-0500][gc,heap        ] GC(24635) Old regions: 41->41
[2020-12-29T13:06:29.074-0500][gc,heap        ] GC(24635) Humongous regions: 4->4
[2020-12-29T13:06:29.074-0500][gc,metaspace   ] GC(24635) Metaspace: 50336K->50336K(1093632K)
[2020-12-29T13:06:29.074-0500][gc,heap        ] GC(24635) Heap after GC invocations=24636 (full 5718): garbage-first heap   total 64512K, used 43394K [0x0000000083000000, 0x0000000100000000)
[2020-12-29T13:06:29.074-0500][gc,heap        ] GC(24635)   region size 1024K, 1 young (1024K), 1 survivors (1024K)
[2020-12-29T13:06:29.074-0500][gc,heap        ] GC(24635)  Metaspace       used 50336K, capacity 52472K, committed 53888K, reserved 1093632K
[2020-12-29T13:06:29.074-0500][gc,heap        ] GC(24635)   class space    used 7457K, capacity 8250K, committed 8832K, reserved 1048576K
[2020-12-29T13:06:29.074-0500][gc             ] GC(24635) Pause Young (Normal) (G1 Evacuation Pause) 51M->42M(63M) 6.020ms
[2020-12-29T13:06:29.075-0500][gc,cpu         ] GC(24635) User=0.02s Sys=0.00s Real=0.00s
[2020-12-29T13:06:45.190-0500][gc,task        ] GC(24636) Using 5 workers of 8 for full compaction
[2020-12-29T13:06:45.190-0500][gc,start       ] GC(24636) Pause Full (System.gc())
[2020-12-29T13:06:45.191-0500][gc,heap        ] GC(24636) Heap before GC invocations=24636 (full 5718): garbage-first heap   total 64512K, used 43394K [0x0000000083000000, 0x0000000100000000)
[2020-12-29T13:06:45.191-0500][gc,heap        ] GC(24636)   region size 1024K, 2 young (2048K), 1 survivors (1024K)
[2020-12-29T13:06:45.191-0500][gc,heap        ] GC(24636)  Metaspace       used 50336K, capacity 52472K, committed 53888K, reserved 1093632K
[2020-12-29T13:06:45.191-0500][gc,heap        ] GC(24636)   class space    used 7457K, capacity 8250K, committed 8832K, reserved 1048576K
[2020-12-29T13:06:45.191-0500][gc,phases,start] GC(24636) Phase 1: Mark live objects
[2020-12-29T13:06:45.242-0500][gc,stringtable ] GC(24636) Cleaned string and symbol table, strings: 33323 processed, 4 removed, symbols: 120973 processed, 0 removed
[2020-12-29T13:06:45.242-0500][gc,phases      ] GC(24636) Phase 1: Mark live objects 50.389ms
[2020-12-29T13:06:45.242-0500][gc,phases,start] GC(24636) Phase 2: Prepare for compaction
[2020-12-29T13:06:45.247-0500][gc,phases      ] GC(24636) Phase 2: Prepare for compaction 5.079ms
[2020-12-29T13:06:45.247-0500][gc,phases,start] GC(24636) Phase 3: Adjust pointers
[2020-12-29T13:06:45.260-0500][gc,phases      ] GC(24636) Phase 3: Adjust pointers 12.726ms
[2020-12-29T13:06:45.260-0500][gc,phases,start] GC(24636) Phase 4: Compact heap
[2020-12-29T13:06:45.264-0500][gc,phases      ] GC(24636) Phase 4: Compact heap 4.208ms
[2020-12-29T13:06:45.269-0500][gc,heap        ] GC(24636) Eden regions: 1->0(10)
[2020-12-29T13:06:45.269-0500][gc,heap        ] GC(24636) Survivor regions: 1->0(2)
[2020-12-29T13:06:45.269-0500][gc,heap        ] GC(24636) Old regions: 41->41
[2020-12-29T13:06:45.269-0500][gc,heap        ] GC(24636) Humongous regions: 4->4
[2020-12-29T13:06:45.269-0500][gc,metaspace   ] GC(24636) Metaspace: 50336K->50336K(1093632K)
[2020-12-29T13:06:45.269-0500][gc,heap        ] GC(24636) Heap after GC invocations=24637 (full 5719): garbage-first heap   total 64512K, used 43330K [0x0000000083000000, 0x0000000100000000)
[2020-12-29T13:06:45.269-0500][gc,heap        ] GC(24636)   region size 1024K, 0 young (0K), 0 survivors (0K)
[2020-12-29T13:06:45.269-0500][gc,heap        ] GC(24636)  Metaspace       used 50336K, capacity 52472K, committed 53888K, reserved 1093632K
[2020-12-29T13:06:45.269-0500][gc,heap        ] GC(24636)   class space    used 7457K, capacity 8250K, committed 8832K, reserved 1048576K
[2020-12-29T13:06:45.269-0500][gc             ] GC(24636) Pause Full (System.gc()) 43M->42M(63M) 78.277ms
[2020-12-29T13:06:45.269-0500][gc,cpu         ] GC(24636) User=0.33s Sys=0.00s Real=0.08s
[2020-12-29T13:09:01.369-0500][gc,heap        ] GC(24637) Heap before GC invocations=24637 (full 5719): garbage-first heap   total 64512K, used 53570K [0x0000000083000000, 0x0000000100000000)
[2020-12-29T13:09:01.369-0500][gc,heap        ] GC(24637)   region size 1024K, 10 young (10240K), 0 survivors (0K)
[2020-12-29T13:09:01.369-0500][gc,heap        ] GC(24637)  Metaspace       used 50336K, capacity 52472K, committed 53888K, reserved 1093632K
[2020-12-29T13:09:01.369-0500][gc,heap        ] GC(24637)   class space    used 7457K, capacity 8250K, committed 8832K, reserved 1048576K
[2020-12-29T13:09:01.370-0500][gc,start       ] GC(24637) Pause Young (Concurrent Start) (G1 Evacuation Pause)
[2020-12-29T13:09:01.370-0500][gc,task        ] GC(24637) Using 8 workers of 8 for evacuation
[2020-12-29T13:09:01.374-0500][gc,phases      ] GC(24637)   Pre Evacuate Collection Set: 0.7ms
[2020-12-29T13:09:01.374-0500][gc,phases      ] GC(24637)   Evacuate Collection Set: 2.7ms
[2020-12-29T13:09:01.374-0500][gc,phases      ] GC(24637)   Post Evacuate Collection Set: 1.2ms
[2020-12-29T13:09:01.375-0500][gc,phases      ] GC(24637)   Other: 2.7ms
[2020-12-29T13:09:01.375-0500][gc,heap        ] GC(24637) Eden regions: 10->0(9)
[2020-12-29T13:09:01.375-0500][gc,heap        ] GC(24637) Survivor regions: 0->1(2)
[2020-12-29T13:09:01.375-0500][gc,heap        ] GC(24637) Old regions: 41->41
[2020-12-29T13:09:01.375-0500][gc,heap        ] GC(24637) Humongous regions: 4->4
[2020-12-29T13:09:01.375-0500][gc,metaspace   ] GC(24637) Metaspace: 50336K->50336K(1093632K)
[2020-12-29T13:09:01.375-0500][gc,heap        ] GC(24637) Heap after GC invocations=24638 (full 5719): garbage-first heap   total 64512K, used 43406K [0x0000000083000000, 0x0000000100000000)
[2020-12-29T13:09:01.375-0500][gc,heap        ] GC(24637)   region size 1024K, 1 young (1024K), 1 survivors (1024K)
[2020-12-29T13:09:01.375-0500][gc,heap        ] GC(24637)  Metaspace       used 50336K, capacity 52472K, committed 53888K, reserved 1093632K
[2020-12-29T13:09:01.375-0500][gc,heap        ] GC(24637)   class space    used 7457K, capacity 8250K, committed 8832K, reserved 1048576K
[2020-12-29T13:09:01.375-0500][gc             ] GC(24637) Pause Young (Concurrent Start) (G1 Evacuation Pause) 52M->42M(63M) 5.179ms
[2020-12-29T13:09:01.375-0500][gc,cpu         ] GC(24637) User=0.01s Sys=0.00s Real=0.00s
[2020-12-29T13:09:01.375-0500][gc             ] GC(24638) Concurrent Cycle
[2020-12-29T13:09:01.375-0500][gc,marking     ] GC(24638) Concurrent Clear Claimed Marks
[2020-12-29T13:09:01.375-0500][gc,marking     ] GC(24638) Concurrent Clear Claimed Marks 0.282ms
[2020-12-29T13:09:01.375-0500][gc,marking     ] GC(24638) Concurrent Scan Root Regions
[2020-12-29T13:09:01.376-0500][gc,marking     ] GC(24638) Concurrent Scan Root Regions 1.068ms
[2020-12-29T13:09:01.376-0500][gc,marking     ] GC(24638) Concurrent Mark (1715538.763s)
[2020-12-29T13:09:01.376-0500][gc,marking     ] GC(24638) Concurrent Mark From Roots
[2020-12-29T13:09:01.376-0500][gc,task        ] GC(24638) Using 2 workers of 2 for marking
[2020-12-29T13:09:01.419-0500][gc,marking     ] GC(24638) Concurrent Mark From Roots 42.442ms
[2020-12-29T13:09:01.419-0500][gc,marking     ] GC(24638) Concurrent Preclean
[2020-12-29T13:09:01.419-0500][gc,marking     ] GC(24638) Concurrent Preclean 0.159ms
[2020-12-29T13:09:01.419-0500][gc,marking     ] GC(24638) Concurrent Mark (1715538.763s, 1715538.806s) 42.682ms
[2020-12-29T13:09:01.419-0500][gc,start       ] GC(24638) Pause Remark
[2020-12-29T13:09:01.424-0500][gc,stringtable ] GC(24638) Cleaned string and symbol table, strings: 33323 processed, 0 removed, symbols: 120973 processed, 0 removed
[2020-12-29T13:09:01.425-0500][gc             ] GC(24638) Pause Remark 42M->42M(63M) 5.351ms
[2020-12-29T13:09:01.425-0500][gc,cpu         ] GC(24638) User=0.03s Sys=0.00s Real=0.00s
[2020-12-29T13:09:01.425-0500][gc,marking     ] GC(24638) Concurrent Rebuild Remembered Sets
[2020-12-29T13:09:01.447-0500][gc,marking     ] GC(24638) Concurrent Rebuild Remembered Sets 21.814ms
[2020-12-29T13:09:01.447-0500][gc,start       ] GC(24638) Pause Cleanup
[2020-12-29T13:09:01.447-0500][gc             ] GC(24638) Pause Cleanup 42M->42M(63M) 0.209ms
[2020-12-29T13:09:01.447-0500][gc,cpu         ] GC(24638) User=0.00s Sys=0.00s Real=0.00s
[2020-12-29T13:09:01.447-0500][gc,marking     ] GC(24638) Concurrent Cleanup for Next Mark
[2020-12-29T13:09:01.448-0500][gc,marking     ] GC(24638) Concurrent Cleanup for Next Mark 0.366ms
[2020-12-29T13:09:01.448-0500][gc             ] GC(24638) Concurrent Cycle 72.866ms
[2020-12-29T13:11:12.445-0500][gc,heap        ] GC(24639) Heap before GC invocations=24639 (full 5719): garbage-first heap   total 64512K, used 51598K [0x0000000083000000, 0x0000000100000000)
[2020-12-29T13:11:12.445-0500][gc,heap        ] GC(24639)   region size 1024K, 10 young (10240K), 1 survivors (1024K)
[2020-12-29T13:11:12.446-0500][gc,heap        ] GC(24639)  Metaspace       used 50336K, capacity 52472K, committed 53888K, reserved 1093632K
[2020-12-29T13:11:12.446-0500][gc,heap        ] GC(24639)   class space    used 7457K, capacity 8250K, committed 8832K, reserved 1048576K
[2020-12-29T13:11:12.446-0500][gc,start       ] GC(24639) Pause Young (Normal) (G1 Evacuation Pause)
[2020-12-29T13:11:12.446-0500][gc,task        ] GC(24639) Using 8 workers of 8 for evacuation
[2020-12-29T13:11:12.478-0500][gc,phases      ] GC(24639)   Pre Evacuate Collection Set: 0.0ms
[2020-12-29T13:11:12.478-0500][gc,phases      ] GC(24639)   Evacuate Collection Set: 3.0ms
[2020-12-29T13:11:12.478-0500][gc,phases      ] GC(24639)   Post Evacuate Collection Set: 29.3ms
[2020-12-29T13:11:12.478-0500][gc,phases      ] GC(24639)   Other: 0.7ms
[2020-12-29T13:11:12.478-0500][gc,heap        ] GC(24639) Eden regions: 9->0(9)
[2020-12-29T13:11:12.478-0500][gc,heap        ] GC(24639) Survivor regions: 1->1(2)
[2020-12-29T13:11:12.478-0500][gc,heap        ] GC(24639) Old regions: 41->41
[2020-12-29T13:11:12.478-0500][gc,heap        ] GC(24639) Humongous regions: 4->4
[2020-12-29T13:11:12.478-0500][gc,metaspace   ] GC(24639) Metaspace: 50336K->50336K(1093632K)
[2020-12-29T13:11:12.478-0500][gc,heap        ] GC(24639) Heap after GC invocations=24640 (full 5719): garbage-first heap   total 64512K, used 43403K [0x0000000083000000, 0x0000000100000000)
[2020-12-29T13:11:12.478-0500][gc,heap        ] GC(24639)   region size 1024K, 1 young (1024K), 1 survivors (1024K)
[2020-12-29T13:11:12.478-0500][gc,heap        ] GC(24639)  Metaspace       used 50336K, capacity 52472K, committed 53888K, reserved 1093632K
[2020-12-29T13:11:12.479-0500][gc,heap        ] GC(24639)   class space    used 7457K, capacity 8250K, committed 8832K, reserved 1048576K
[2020-12-29T13:11:12.479-0500][gc             ] GC(24639) Pause Young (Normal) (G1 Evacuation Pause) 51M->42M(63M) 32.911ms
[2020-12-29T13:11:12.479-0500][gc,cpu         ] GC(24639) User=0.21s Sys=0.00s Real=0.04s
[2020-12-29T13:11:45.190-0500][gc,task        ] GC(24640) Using 5 workers of 8 for full compaction
[2020-12-29T13:11:45.190-0500][gc,start       ] GC(24640) Pause Full (System.gc())
[2020-12-29T13:11:45.190-0500][gc,heap        ] GC(24640) Heap before GC invocations=24640 (full 5719): garbage-first heap   total 64512K, used 45451K [0x0000000083000000, 0x0000000100000000)
[2020-12-29T13:11:45.190-0500][gc,heap        ] GC(24640)   region size 1024K, 4 young (4096K), 1 survivors (1024K)
[2020-12-29T13:11:45.190-0500][gc,heap        ] GC(24640)  Metaspace       used 50336K, capacity 52472K, committed 53888K, reserved 1093632K
[2020-12-29T13:11:45.190-0500][gc,heap        ] GC(24640)   class space    used 7457K, capacity 8250K, committed 8832K, reserved 1048576K
[2020-12-29T13:11:45.193-0500][gc,phases,start] GC(24640) Phase 1: Mark live objects
[2020-12-29T13:11:45.236-0500][gc,stringtable ] GC(24640) Cleaned string and symbol table, strings: 33323 processed, 4 removed, symbols: 120973 processed, 0 removed
[2020-12-29T13:11:45.236-0500][gc,phases      ] GC(24640) Phase 1: Mark live objects 42.872ms
[2020-12-29T13:11:45.236-0500][gc,phases,start] GC(24640) Phase 2: Prepare for compaction
[2020-12-29T13:11:45.241-0500][gc,phases      ] GC(24640) Phase 2: Prepare for compaction 4.987ms
[2020-12-29T13:11:45.241-0500][gc,phases,start] GC(24640) Phase 3: Adjust pointers
[2020-12-29T13:11:45.252-0500][gc,phases      ] GC(24640) Phase 3: Adjust pointers 11.128ms
[2020-12-29T13:11:45.252-0500][gc,phases,start] GC(24640) Phase 4: Compact heap
[2020-12-29T13:11:45.255-0500][gc,phases      ] GC(24640) Phase 4: Compact heap 2.943ms
[2020-12-29T13:11:45.259-0500][gc,heap        ] GC(24640) Eden regions: 3->0(10)
[2020-12-29T13:11:45.259-0500][gc,heap        ] GC(24640) Survivor regions: 1->0(2)
[2020-12-29T13:11:45.259-0500][gc,heap        ] GC(24640) Old regions: 41->41
[2020-12-29T13:11:45.259-0500][gc,heap        ] GC(24640) Humongous regions: 4->4
[2020-12-29T13:11:45.259-0500][gc,metaspace   ] GC(24640) Metaspace: 50336K->50336K(1093632K)
[2020-12-29T13:11:45.259-0500][gc,heap        ] GC(24640) Heap after GC invocations=24641 (full 5720): garbage-first heap   total 64512K, used 43333K [0x0000000083000000, 0x0000000100000000)
[2020-12-29T13:11:45.259-0500][gc,heap        ] GC(24640)   region size 1024K, 0 young (0K), 0 survivors (0K)
[2020-12-29T13:11:45.259-0500][gc,heap        ] GC(24640)  Metaspace       used 50336K, capacity 52472K, committed 53888K, reserved 1093632K
[2020-12-29T13:11:45.259-0500][gc,heap        ] GC(24640)   class space    used 7457K, capacity 8250K, committed 8832K, reserved 1048576K
[2020-12-29T13:11:45.259-0500][gc             ] GC(24640) Pause Full (System.gc()) 44M->42M(63M) 69.204ms
[2020-12-29T13:11:45.259-0500][gc,cpu         ] GC(24640) User=0.28s Sys=0.00s Real=0.07s
[2020-12-29T13:14:09.441-0500][gc,heap        ] GC(24641) Heap before GC invocations=24641 (full 5720): garbage-first heap   total 64512K, used 53573K [0x0000000083000000, 0x0000000100000000)
[2020-12-29T13:14:09.441-0500][gc,heap        ] GC(24641)   region size 1024K, 10 young (10240K), 0 survivors (0K)
[2020-12-29T13:14:09.441-0500][gc,heap        ] GC(24641)  Metaspace       used 50336K, capacity 52472K, committed 53888K, reserved 1093632K
[2020-12-29T13:14:09.441-0500][gc,heap        ] GC(24641)   class space    used 7457K, capacity 8250K, committed 8832K, reserved 1048576K
[2020-12-29T13:14:09.441-0500][gc,start       ] GC(24641) Pause Young (Concurrent Start) (G1 Evacuation Pause)
[2020-12-29T13:14:09.441-0500][gc,task        ] GC(24641) Using 8 workers of 8 for evacuation
[2020-12-29T13:14:09.445-0500][gc,phases      ] GC(24641)   Pre Evacuate Collection Set: 0.5ms
[2020-12-29T13:14:09.445-0500][gc,phases      ] GC(24641)   Evacuate Collection Set: 1.8ms
[2020-12-29T13:14:09.445-0500][gc,phases      ] GC(24641)   Post Evacuate Collection Set: 1.3ms
[2020-12-29T13:14:09.445-0500][gc,phases      ] GC(24641)   Other: 0.4ms
[2020-12-29T13:14:09.445-0500][gc,heap        ] GC(24641) Eden regions: 10->0(9)
[2020-12-29T13:14:09.445-0500][gc,heap        ] GC(24641) Survivor regions: 0->1(2)
[2020-12-29T13:14:09.445-0500][gc,heap        ] GC(24641) Old regions: 41->41
[2020-12-29T13:14:09.445-0500][gc,heap        ] GC(24641) Humongous regions: 4->4
[2020-12-29T13:14:09.445-0500][gc,metaspace   ] GC(24641) Metaspace: 50336K->50336K(1093632K)
[2020-12-29T13:14:09.445-0500][gc,heap        ] GC(24641) Heap after GC invocations=24642 (full 5720): garbage-first heap   total 64512K, used 43412K [0x0000000083000000, 0x0000000100000000)
[2020-12-29T13:14:09.445-0500][gc,heap        ] GC(24641)   region size 1024K, 1 young (1024K), 1 survivors (1024K)
[2020-12-29T13:14:09.445-0500][gc,heap        ] GC(24641)  Metaspace       used 50336K, capacity 52472K, committed 53888K, reserved 1093632K
[2020-12-29T13:14:09.445-0500][gc,heap        ] GC(24641)   class space    used 7457K, capacity 8250K, committed 8832K, reserved 1048576K
[2020-12-29T13:14:09.445-0500][gc             ] GC(24641) Pause Young (Concurrent Start) (G1 Evacuation Pause) 52M->42M(63M) 3.978ms
[2020-12-29T13:14:09.445-0500][gc,cpu         ] GC(24641) User=0.01s Sys=0.00s Real=0.00s
[2020-12-29T13:14:09.445-0500][gc             ] GC(24642) Concurrent Cycle
[2020-12-29T13:14:09.445-0500][gc,marking     ] GC(24642) Concurrent Clear Claimed Marks
[2020-12-29T13:14:09.445-0500][gc,marking     ] GC(24642) Concurrent Clear Claimed Marks 0.077ms
[2020-12-29T13:14:09.445-0500][gc,marking     ] GC(24642) Concurrent Scan Root Regions
[2020-12-29T13:14:09.446-0500][gc,marking     ] GC(24642) Concurrent Scan Root Regions 1.134ms
[2020-12-29T13:14:09.446-0500][gc,marking     ] GC(24642) Concurrent Mark (1715846.833s)
[2020-12-29T13:14:09.446-0500][gc,marking     ] GC(24642) Concurrent Mark From Roots
[2020-12-29T13:14:09.446-0500][gc,task        ] GC(24642) Using 2 workers of 2 for marking
[2020-12-29T13:14:09.500-0500][gc,marking     ] GC(24642) Concurrent Mark From Roots 53.668ms
[2020-12-29T13:14:09.500-0500][gc,marking     ] GC(24642) Concurrent Preclean
[2020-12-29T13:14:09.500-0500][gc,marking     ] GC(24642) Concurrent Preclean 0.153ms
[2020-12-29T13:14:09.500-0500][gc,marking     ] GC(24642) Concurrent Mark (1715846.833s, 1715846.887s) 53.906ms
[2020-12-29T13:14:09.501-0500][gc,start       ] GC(24642) Pause Remark
[2020-12-29T13:14:09.505-0500][gc,stringtable ] GC(24642) Cleaned string and symbol table, strings: 33323 processed, 0 removed, symbols: 120973 processed, 0 removed
[2020-12-29T13:14:09.506-0500][gc             ] GC(24642) Pause Remark 42M->42M(63M) 4.876ms
[2020-12-29T13:14:09.506-0500][gc,cpu         ] GC(24642) User=0.02s Sys=0.00s Real=0.00s
[2020-12-29T13:14:09.506-0500][gc,marking     ] GC(24642) Concurrent Rebuild Remembered Sets
[2020-12-29T13:14:09.525-0500][gc,marking     ] GC(24642) Concurrent Rebuild Remembered Sets 19.074ms
[2020-12-29T13:14:09.526-0500][gc,start       ] GC(24642) Pause Cleanup
[2020-12-29T13:14:09.526-0500][gc             ] GC(24642) Pause Cleanup 42M->42M(63M) 0.453ms
[2020-12-29T13:14:09.526-0500][gc,cpu         ] GC(24642) User=0.00s Sys=0.00s Real=0.00s
[2020-12-29T13:14:09.526-0500][gc,marking     ] GC(24642) Concurrent Cleanup for Next Mark
[2020-12-29T13:14:09.526-0500][gc,marking     ] GC(24642) Concurrent Cleanup for Next Mark 0.282ms
[2020-12-29T13:14:09.526-0500][gc             ] GC(24642) Concurrent Cycle 81.337ms
[2020-12-29T13:16:29.069-0500][gc,heap        ] GC(24643) Heap before GC invocations=24643 (full 5720): garbage-first heap   total 64512K, used 51604K [0x0000000083000000, 0x0000000100000000)
[2020-12-29T13:16:29.069-0500][gc,heap        ] GC(24643)   region size 1024K, 10 young (10240K), 1 survivors (1024K)
[2020-12-29T13:16:29.069-0500][gc,heap        ] GC(24643)  Metaspace       used 50336K, capacity 52472K, committed 53888K, reserved 1093632K
[2020-12-29T13:16:29.069-0500][gc,heap        ] GC(24643)   class space    used 7457K, capacity 8250K, committed 8832K, reserved 1048576K
[2020-12-29T13:16:29.069-0500][gc,start       ] GC(24643) Pause Young (Normal) (G1 Evacuation Pause)
[2020-12-29T13:16:29.069-0500][gc,task        ] GC(24643) Using 8 workers of 8 for evacuation
[2020-12-29T13:16:29.077-0500][gc,phases      ] GC(24643)   Pre Evacuate Collection Set: 0.2ms
[2020-12-29T13:16:29.077-0500][gc,phases      ] GC(24643)   Evacuate Collection Set: 2.4ms
[2020-12-29T13:16:29.077-0500][gc,phases      ] GC(24643)   Post Evacuate Collection Set: 5.2ms
[2020-12-29T13:16:29.077-0500][gc,phases      ] GC(24643)   Other: 0.6ms
[2020-12-29T13:16:29.077-0500][gc,heap        ] GC(24643) Eden regions: 9->0(9)
[2020-12-29T13:16:29.077-0500][gc,heap        ] GC(24643) Survivor regions: 1->1(2)
[2020-12-29T13:16:29.077-0500][gc,heap        ] GC(24643) Old regions: 41->41
[2020-12-29T13:16:29.077-0500][gc,heap        ] GC(24643) Humongous regions: 4->4
[2020-12-29T13:16:29.077-0500][gc,metaspace   ] GC(24643) Metaspace: 50336K->50336K(1093632K)
[2020-12-29T13:16:29.077-0500][gc,heap        ] GC(24643) Heap after GC invocations=24644 (full 5720): garbage-first heap   total 64512K, used 43417K [0x0000000083000000, 0x0000000100000000)
[2020-12-29T13:16:29.077-0500][gc,heap        ] GC(24643)   region size 1024K, 1 young (1024K), 1 survivors (1024K)
[2020-12-29T13:16:29.077-0500][gc,heap        ] GC(24643)  Metaspace       used 50336K, capacity 52472K, committed 53888K, reserved 1093632K
[2020-12-29T13:16:29.077-0500][gc,heap        ] GC(24643)   class space    used 7457K, capacity 8250K, committed 8832K, reserved 1048576K
[2020-12-29T13:16:29.078-0500][gc             ] GC(24643) Pause Young (Normal) (G1 Evacuation Pause) 51M->42M(63M) 8.641ms
[2020-12-29T13:16:29.078-0500][gc,cpu         ] GC(24643) User=0.03s Sys=0.00s Real=0.01s
[2020-12-29T13:16:45.191-0500][gc,task        ] GC(24644) Using 5 workers of 8 for full compaction
[2020-12-29T13:16:45.192-0500][gc,start       ] GC(24644) Pause Full (System.gc())
[2020-12-29T13:16:45.192-0500][gc,heap        ] GC(24644) Heap before GC invocations=24644 (full 5720): garbage-first heap   total 64512K, used 43417K [0x0000000083000000, 0x0000000100000000)
[2020-12-29T13:16:45.192-0500][gc,heap        ] GC(24644)   region size 1024K, 2 young (2048K), 1 survivors (1024K)
[2020-12-29T13:16:45.192-0500][gc,heap        ] GC(24644)  Metaspace       used 50336K, capacity 52472K, committed 53888K, reserved 1093632K
[2020-12-29T13:16:45.192-0500][gc,heap        ] GC(24644)   class space    used 7457K, capacity 8250K, committed 8832K, reserved 1048576K
[2020-12-29T13:16:45.192-0500][gc,phases,start] GC(24644) Phase 1: Mark live objects
[2020-12-29T13:16:45.218-0500][gc,stringtable ] GC(24644) Cleaned string and symbol table, strings: 33323 processed, 4 removed, symbols: 120973 processed, 0 removed
[2020-12-29T13:16:45.218-0500][gc,phases      ] GC(24644) Phase 1: Mark live objects 26.331ms
[2020-12-29T13:16:45.218-0500][gc,phases,start] GC(24644) Phase 2: Prepare for compaction
[2020-12-29T13:16:45.223-0500][gc,phases      ] GC(24644) Phase 2: Prepare for compaction 4.994ms
[2020-12-29T13:16:45.223-0500][gc,phases,start] GC(24644) Phase 3: Adjust pointers
[2020-12-29T13:16:45.236-0500][gc,phases      ] GC(24644) Phase 3: Adjust pointers 13.157ms
[2020-12-29T13:16:45.237-0500][gc,phases,start] GC(24644) Phase 4: Compact heap
[2020-12-29T13:16:45.242-0500][gc,phases      ] GC(24644) Phase 4: Compact heap 5.161ms
[2020-12-29T13:16:45.248-0500][gc,heap        ] GC(24644) Eden regions: 1->0(10)
[2020-12-29T13:16:45.248-0500][gc,heap        ] GC(24644) Survivor regions: 1->0(2)
[2020-12-29T13:16:45.248-0500][gc,heap        ] GC(24644) Old regions: 41->41
[2020-12-29T13:16:45.248-0500][gc,heap        ] GC(24644) Humongous regions: 4->4
[2020-12-29T13:16:45.248-0500][gc,metaspace   ] GC(24644) Metaspace: 50336K->50336K(1093632K)
[2020-12-29T13:16:45.248-0500][gc,heap        ] GC(24644) Heap after GC invocations=24645 (full 5721): garbage-first heap   total 64512K, used 43330K [0x0000000083000000, 0x0000000100000000)
[2020-12-29T13:16:45.248-0500][gc,heap        ] GC(24644)   region size 1024K, 0 young (0K), 0 survivors (0K)
[2020-12-29T13:16:45.248-0500][gc,heap        ] GC(24644)  Metaspace       used 50336K, capacity 52472K, committed 53888K, reserved 1093632K
[2020-12-29T13:16:45.248-0500][gc,heap        ] GC(24644)   class space    used 7457K, capacity 8250K, committed 8832K, reserved 1048576K
[2020-12-29T13:16:45.248-0500][gc             ] GC(24644) Pause Full (System.gc()) 43M->42M(63M) 56.821ms
[2020-12-29T13:16:45.249-0500][gc,cpu         ] GC(24644) User=0.23s Sys=0.00s Real=0.06s
[2020-12-29T13:19:19.063-0500][gc,heap        ] GC(24645) Heap before GC invocations=24645 (full 5721): garbage-first heap   total 64512K, used 52546K [0x0000000083000000, 0x0000000100000000)
[2020-12-29T13:19:19.063-0500][gc,heap        ] GC(24645)   region size 1024K, 10 young (10240K), 0 survivors (0K)
[2020-12-29T13:19:19.063-0500][gc,heap        ] GC(24645)  Metaspace       used 50336K, capacity 52472K, committed 53888K, reserved 1093632K
[2020-12-29T13:19:19.063-0500][gc,heap        ] GC(24645)   class space    used 7457K, capacity 8250K, committed 8832K, reserved 1048576K
[2020-12-29T13:19:19.063-0500][gc,start       ] GC(24645) Pause Young (Concurrent Start) (G1 Evacuation Pause)
[2020-12-29T13:19:19.063-0500][gc,task        ] GC(24645) Using 8 workers of 8 for evacuation
[2020-12-29T13:19:19.081-0500][gc,phases      ] GC(24645)   Pre Evacuate Collection Set: 0.5ms
[2020-12-29T13:19:19.082-0500][gc,phases      ] GC(24645)   Evacuate Collection Set: 15.0ms
[2020-12-29T13:19:19.082-0500][gc,phases      ] GC(24645)   Post Evacuate Collection Set: 2.9ms
[2020-12-29T13:19:19.082-0500][gc,phases      ] GC(24645)   Other: 0.5ms
[2020-12-29T13:19:19.082-0500][gc,heap        ] GC(24645) Eden regions: 10->0(9)
[2020-12-29T13:19:19.082-0500][gc,heap        ] GC(24645) Survivor regions: 0->1(2)
[2020-12-29T13:19:19.082-0500][gc,heap        ] GC(24645) Old regions: 41->41
[2020-12-29T13:19:19.082-0500][gc,heap        ] GC(24645) Humongous regions: 4->4
[2020-12-29T13:19:19.082-0500][gc,metaspace   ] GC(24645) Metaspace: 50336K->50336K(1093632K)
[2020-12-29T13:19:19.082-0500][gc,heap        ] GC(24645) Heap after GC invocations=24646 (full 5721): garbage-first heap   total 64512K, used 43404K [0x0000000083000000, 0x0000000100000000)
[2020-12-29T13:19:19.082-0500][gc,heap        ] GC(24645)   region size 1024K, 1 young (1024K), 1 survivors (1024K)
[2020-12-29T13:19:19.082-0500][gc,heap        ] GC(24645)  Metaspace       used 50336K, capacity 52472K, committed 53888K, reserved 1093632K
[2020-12-29T13:19:19.082-0500][gc,heap        ] GC(24645)   class space    used 7457K, capacity 8250K, committed 8832K, reserved 1048576K
[2020-12-29T13:19:19.082-0500][gc             ] GC(24645) Pause Young (Concurrent Start) (G1 Evacuation Pause) 52M->42M(63M) 18.929ms
[2020-12-29T13:19:19.082-0500][gc,cpu         ] GC(24645) User=0.11s Sys=0.00s Real=0.02s
[2020-12-29T13:19:19.082-0500][gc             ] GC(24646) Concurrent Cycle
[2020-12-29T13:19:19.082-0500][gc,marking     ] GC(24646) Concurrent Clear Claimed Marks
[2020-12-29T13:19:19.082-0500][gc,marking     ] GC(24646) Concurrent Clear Claimed Marks 0.264ms
[2020-12-29T13:19:19.082-0500][gc,marking     ] GC(24646) Concurrent Scan Root Regions
[2020-12-29T13:19:19.084-0500][gc,marking     ] GC(24646) Concurrent Scan Root Regions 1.260ms
[2020-12-29T13:19:19.084-0500][gc,marking     ] GC(24646) Concurrent Mark (1716156.471s)
[2020-12-29T13:19:19.084-0500][gc,marking     ] GC(24646) Concurrent Mark From Roots
[2020-12-29T13:19:19.084-0500][gc,task        ] GC(24646) Using 2 workers of 2 for marking
[2020-12-29T13:19:19.123-0500][gc,marking     ] GC(24646) Concurrent Mark From Roots 38.899ms
[2020-12-29T13:19:19.123-0500][gc,marking     ] GC(24646) Concurrent Preclean
[2020-12-29T13:19:19.123-0500][gc,marking     ] GC(24646) Concurrent Preclean 0.155ms
[2020-12-29T13:19:19.123-0500][gc,marking     ] GC(24646) Concurrent Mark (1716156.471s, 1716156.510s) 39.158ms
[2020-12-29T13:19:19.123-0500][gc,start       ] GC(24646) Pause Remark
[2020-12-29T13:19:19.129-0500][gc,stringtable ] GC(24646) Cleaned string and symbol table, strings: 33323 processed, 0 removed, symbols: 120973 processed, 0 removed
[2020-12-29T13:19:19.129-0500][gc             ] GC(24646) Pause Remark 42M->42M(63M) 5.966ms
[2020-12-29T13:19:19.129-0500][gc,cpu         ] GC(24646) User=0.04s Sys=0.00s Real=0.01s
[2020-12-29T13:19:19.129-0500][gc,marking     ] GC(24646) Concurrent Rebuild Remembered Sets
[2020-12-29T13:19:19.149-0500][gc,marking     ] GC(24646) Concurrent Rebuild Remembered Sets 19.918ms
[2020-12-29T13:19:19.150-0500][gc,start       ] GC(24646) Pause Cleanup
[2020-12-29T13:19:19.150-0500][gc             ] GC(24646) Pause Cleanup 42M->42M(63M) 0.198ms
[2020-12-29T13:19:19.150-0500][gc,cpu         ] GC(24646) User=0.00s Sys=0.00s Real=0.00s
[2020-12-29T13:19:19.150-0500][gc,marking     ] GC(24646) Concurrent Cleanup for Next Mark
[2020-12-29T13:19:19.150-0500][gc,marking     ] GC(24646) Concurrent Cleanup for Next Mark 0.224ms
[2020-12-29T13:19:19.150-0500][gc             ] GC(24646) Concurrent Cycle 68.222ms
[2020-12-29T13:21:29.669-0500][gc,heap        ] GC(24647) Heap before GC invocations=24647 (full 5721): garbage-first heap   total 64512K, used 51596K [0x0000000083000000, 0x0000000100000000)
[2020-12-29T13:21:29.669-0500][gc,heap        ] GC(24647)   region size 1024K, 10 young (10240K), 1 survivors (1024K)
[2020-12-29T13:21:29.669-0500][gc,heap        ] GC(24647)  Metaspace       used 50336K, capacity 52472K, committed 53888K, reserved 1093632K
[2020-12-29T13:21:29.670-0500][gc,heap        ] GC(24647)   class space    used 7457K, capacity 8250K, committed 8832K, reserved 1048576K
[2020-12-29T13:21:29.670-0500][gc,start       ] GC(24647) Pause Young (Normal) (G1 Evacuation Pause)
[2020-12-29T13:21:29.670-0500][gc,task        ] GC(24647) Using 8 workers of 8 for evacuation
[2020-12-29T13:21:29.677-0500][gc,phases      ] GC(24647)   Pre Evacuate Collection Set: 0.2ms
[2020-12-29T13:21:29.677-0500][gc,phases      ] GC(24647)   Evacuate Collection Set: 3.1ms
[2020-12-29T13:21:29.677-0500][gc,phases      ] GC(24647)   Post Evacuate Collection Set: 3.8ms
[2020-12-29T13:21:29.677-0500][gc,phases      ] GC(24647)   Other: 1.1ms
[2020-12-29T13:21:29.677-0500][gc,heap        ] GC(24647) Eden regions: 9->0(9)
[2020-12-29T13:21:29.677-0500][gc,heap        ] GC(24647) Survivor regions: 1->1(2)
[2020-12-29T13:21:29.677-0500][gc,heap        ] GC(24647) Old regions: 41->41
[2020-12-29T13:21:29.677-0500][gc,heap        ] GC(24647) Humongous regions: 4->4
[2020-12-29T13:21:29.677-0500][gc,metaspace   ] GC(24647) Metaspace: 50336K->50336K(1093632K)
[2020-12-29T13:21:29.677-0500][gc,heap        ] GC(24647) Heap after GC invocations=24648 (full 5721): garbage-first heap   total 64512K, used 43388K [0x0000000083000000, 0x0000000100000000)
[2020-12-29T13:21:29.677-0500][gc,heap        ] GC(24647)   region size 1024K, 1 young (1024K), 1 survivors (1024K)
[2020-12-29T13:21:29.677-0500][gc,heap        ] GC(24647)  Metaspace       used 50336K, capacity 52472K, committed 53888K, reserved 1093632K
[2020-12-29T13:21:29.677-0500][gc,heap        ] GC(24647)   class space    used 7457K, capacity 8250K, committed 8832K, reserved 1048576K
[2020-12-29T13:21:29.677-0500][gc             ] GC(24647) Pause Young (Normal) (G1 Evacuation Pause) 51M->42M(63M) 7.680ms
[2020-12-29T13:21:29.677-0500][gc,cpu         ] GC(24647) User=0.02s Sys=0.00s Real=0.00s
[2020-12-29T13:21:45.190-0500][gc,task        ] GC(24648) Using 5 workers of 8 for full compaction
[2020-12-29T13:21:45.190-0500][gc,start       ] GC(24648) Pause Full (System.gc())
[2020-12-29T13:21:45.190-0500][gc,heap        ] GC(24648) Heap before GC invocations=24648 (full 5721): garbage-first heap   total 64512K, used 43388K [0x0000000083000000, 0x0000000100000000)
[2020-12-29T13:21:45.190-0500][gc,heap        ] GC(24648)   region size 1024K, 2 young (2048K), 1 survivors (1024K)
[2020-12-29T13:21:45.190-0500][gc,heap        ] GC(24648)  Metaspace       used 50336K, capacity 52472K, committed 53888K, reserved 1093632K
[2020-12-29T13:21:45.190-0500][gc,heap        ] GC(24648)   class space    used 7457K, capacity 8250K, committed 8832K, reserved 1048576K
[2020-12-29T13:21:45.191-0500][gc,phases,start] GC(24648) Phase 1: Mark live objects
[2020-12-29T13:21:45.216-0500][gc,stringtable ] GC(24648) Cleaned string and symbol table, strings: 33323 processed, 4 removed, symbols: 120973 processed, 0 removed
[2020-12-29T13:21:45.216-0500][gc,phases      ] GC(24648) Phase 1: Mark live objects 25.192ms
[2020-12-29T13:21:45.216-0500][gc,phases,start] GC(24648) Phase 2: Prepare for compaction
[2020-12-29T13:21:45.220-0500][gc,phases      ] GC(24648) Phase 2: Prepare for compaction 4.236ms
[2020-12-29T13:21:45.220-0500][gc,phases,start] GC(24648) Phase 3: Adjust pointers
[2020-12-29T13:21:45.232-0500][gc,phases      ] GC(24648) Phase 3: Adjust pointers 11.495ms
[2020-12-29T13:21:45.232-0500][gc,phases,start] GC(24648) Phase 4: Compact heap
[2020-12-29T13:21:45.235-0500][gc,phases      ] GC(24648) Phase 4: Compact heap 2.820ms
[2020-12-29T13:21:45.239-0500][gc,heap        ] GC(24648) Eden regions: 1->0(10)
[2020-12-29T13:21:45.239-0500][gc,heap        ] GC(24648) Survivor regions: 1->0(2)
[2020-12-29T13:21:45.239-0500][gc,heap        ] GC(24648) Old regions: 41->41
[2020-12-29T13:21:45.239-0500][gc,heap        ] GC(24648) Humongous regions: 4->4
[2020-12-29T13:21:45.239-0500][gc,metaspace   ] GC(24648) Metaspace: 50336K->50336K(1093632K)
[2020-12-29T13:21:45.239-0500][gc,heap        ] GC(24648) Heap after GC invocations=24649 (full 5722): garbage-first heap   total 64512K, used 43329K [0x0000000083000000, 0x0000000100000000)
[2020-12-29T13:21:45.239-0500][gc,heap        ] GC(24648)   region size 1024K, 0 young (0K), 0 survivors (0K)
[2020-12-29T13:21:45.239-0500][gc,heap        ] GC(24648)  Metaspace       used 50336K, capacity 52472K, committed 53888K, reserved 1093632K
[2020-12-29T13:21:45.240-0500][gc,heap        ] GC(24648)   class space    used 7457K, capacity 8250K, committed 8832K, reserved 1048576K
[2020-12-29T13:21:45.240-0500][gc             ] GC(24648) Pause Full (System.gc()) 43M->42M(63M) 49.210ms
[2020-12-29T13:21:45.240-0500][gc,cpu         ] GC(24648) User=0.21s Sys=0.00s Real=0.05s
[2020-12-29T13:24:17.129-0500][gc,heap        ] GC(24649) Heap before GC invocations=24649 (full 5722): garbage-first heap   total 64512K, used 52545K [0x0000000083000000, 0x0000000100000000)
[2020-12-29T13:24:17.129-0500][gc,heap        ] GC(24649)   region size 1024K, 10 young (10240K), 0 survivors (0K)
[2020-12-29T13:24:17.129-0500][gc,heap        ] GC(24649)  Metaspace       used 50336K, capacity 52472K, committed 53888K, reserved 1093632K
[2020-12-29T13:24:17.129-0500][gc,heap        ] GC(24649)   class space    used 7457K, capacity 8250K, committed 8832K, reserved 1048576K
[2020-12-29T13:24:17.129-0500][gc,start       ] GC(24649) Pause Young (Concurrent Start) (G1 Evacuation Pause)
[2020-12-29T13:24:17.129-0500][gc,task        ] GC(24649) Using 8 workers of 8 for evacuation
[2020-12-29T13:24:17.132-0500][gc,phases      ] GC(24649)   Pre Evacuate Collection Set: 0.3ms
[2020-12-29T13:24:17.132-0500][gc,phases      ] GC(24649)   Evacuate Collection Set: 1.0ms
[2020-12-29T13:24:17.132-0500][gc,phases      ] GC(24649)   Post Evacuate Collection Set: 1.0ms
[2020-12-29T13:24:17.132-0500][gc,phases      ] GC(24649)   Other: 0.2ms
[2020-12-29T13:24:17.132-0500][gc,heap        ] GC(24649) Eden regions: 10->0(9)
[2020-12-29T13:24:17.132-0500][gc,heap        ] GC(24649) Survivor regions: 0->1(2)
[2020-12-29T13:24:17.132-0500][gc,heap        ] GC(24649) Old regions: 41->41
[2020-12-29T13:24:17.132-0500][gc,heap        ] GC(24649) Humongous regions: 4->4
[2020-12-29T13:24:17.132-0500][gc,metaspace   ] GC(24649) Metaspace: 50336K->50336K(1093632K)
[2020-12-29T13:24:17.132-0500][gc,heap        ] GC(24649) Heap after GC invocations=24650 (full 5722): garbage-first heap   total 64512K, used 43390K [0x0000000083000000, 0x0000000100000000)
[2020-12-29T13:24:17.132-0500][gc,heap        ] GC(24649)   region size 1024K, 1 young (1024K), 1 survivors (1024K)
[2020-12-29T13:24:17.132-0500][gc,heap        ] GC(24649)  Metaspace       used 50336K, capacity 52472K, committed 53888K, reserved 1093632K
[2020-12-29T13:24:17.132-0500][gc,heap        ] GC(24649)   class space    used 7457K, capacity 8250K, committed 8832K, reserved 1048576K
[2020-12-29T13:24:17.132-0500][gc             ] GC(24649) Pause Young (Concurrent Start) (G1 Evacuation Pause) 52M->42M(63M) 2.640ms
[2020-12-29T13:24:17.132-0500][gc,cpu         ] GC(24649) User=0.00s Sys=0.00s Real=0.00s
[2020-12-29T13:24:17.132-0500][gc             ] GC(24650) Concurrent Cycle
[2020-12-29T13:24:17.132-0500][gc,marking     ] GC(24650) Concurrent Clear Claimed Marks
[2020-12-29T13:24:17.132-0500][gc,marking     ] GC(24650) Concurrent Clear Claimed Marks 0.044ms
[2020-12-29T13:24:17.132-0500][gc,marking     ] GC(24650) Concurrent Scan Root Regions
[2020-12-29T13:24:17.133-0500][gc,marking     ] GC(24650) Concurrent Scan Root Regions 0.649ms
[2020-12-29T13:24:17.133-0500][gc,marking     ] GC(24650) Concurrent Mark (1716454.520s)
[2020-12-29T13:24:17.133-0500][gc,marking     ] GC(24650) Concurrent Mark From Roots
[2020-12-29T13:24:17.133-0500][gc,task        ] GC(24650) Using 2 workers of 2 for marking
[2020-12-29T13:24:17.189-0500][gc,marking     ] GC(24650) Concurrent Mark From Roots 56.141ms
[2020-12-29T13:24:17.189-0500][gc,marking     ] GC(24650) Concurrent Preclean
[2020-12-29T13:24:17.189-0500][gc,marking     ] GC(24650) Concurrent Preclean 0.149ms
[2020-12-29T13:24:17.189-0500][gc,marking     ] GC(24650) Concurrent Mark (1716454.520s, 1716454.576s) 56.421ms
[2020-12-29T13:24:17.189-0500][gc,start       ] GC(24650) Pause Remark
[2020-12-29T13:24:17.194-0500][gc,stringtable ] GC(24650) Cleaned string and symbol table, strings: 33323 processed, 0 removed, symbols: 120973 processed, 0 removed
[2020-12-29T13:24:17.195-0500][gc             ] GC(24650) Pause Remark 42M->42M(63M) 5.361ms
[2020-12-29T13:24:17.195-0500][gc,cpu         ] GC(24650) User=0.03s Sys=0.00s Real=0.00s
[2020-12-29T13:24:17.195-0500][gc,marking     ] GC(24650) Concurrent Rebuild Remembered Sets
[2020-12-29T13:24:17.213-0500][gc,marking     ] GC(24650) Concurrent Rebuild Remembered Sets 17.691ms
[2020-12-29T13:24:17.213-0500][gc,start       ] GC(24650) Pause Cleanup
[2020-12-29T13:24:17.213-0500][gc             ] GC(24650) Pause Cleanup 42M->42M(63M) 0.219ms
[2020-12-29T13:24:17.213-0500][gc,cpu         ] GC(24650) User=0.00s Sys=0.00s Real=0.00s
[2020-12-29T13:24:17.213-0500][gc,marking     ] GC(24650) Concurrent Cleanup for Next Mark
[2020-12-29T13:24:17.214-0500][gc,marking     ] GC(24650) Concurrent Cleanup for Next Mark 0.283ms
[2020-12-29T13:24:17.214-0500][gc             ] GC(24650) Concurrent Cycle 81.819ms
[2020-12-29T13:26:29.062-0500][gc,heap        ] GC(24651) Heap before GC invocations=24651 (full 5722): garbage-first heap   total 64512K, used 52606K [0x0000000083000000, 0x0000000100000000)
[2020-12-29T13:26:29.062-0500][gc,heap        ] GC(24651)   region size 1024K, 10 young (10240K), 1 survivors (1024K)
[2020-12-29T13:26:29.062-0500][gc,heap        ] GC(24651)  Metaspace       used 50336K, capacity 52472K, committed 53888K, reserved 1093632K
[2020-12-29T13:26:29.062-0500][gc,heap        ] GC(24651)   class space    used 7457K, capacity 8250K, committed 8832K, reserved 1048576K
[2020-12-29T13:26:29.062-0500][gc,start       ] GC(24651) Pause Young (Normal) (G1 Evacuation Pause)
[2020-12-29T13:26:29.062-0500][gc,task        ] GC(24651) Using 8 workers of 8 for evacuation
[2020-12-29T13:26:29.065-0500][gc,phases      ] GC(24651)   Pre Evacuate Collection Set: 0.0ms
[2020-12-29T13:26:29.065-0500][gc,phases      ] GC(24651)   Evacuate Collection Set: 1.0ms
[2020-12-29T13:26:29.065-0500][gc,phases      ] GC(24651)   Post Evacuate Collection Set: 1.4ms
[2020-12-29T13:26:29.065-0500][gc,phases      ] GC(24651)   Other: 0.2ms
[2020-12-29T13:26:29.065-0500][gc,heap        ] GC(24651) Eden regions: 9->0(9)
[2020-12-29T13:26:29.065-0500][gc,heap        ] GC(24651) Survivor regions: 1->1(2)
[2020-12-29T13:26:29.065-0500][gc,heap        ] GC(24651) Old regions: 41->41
[2020-12-29T13:26:29.065-0500][gc,heap        ] GC(24651) Humongous regions: 4->4
[2020-12-29T13:26:29.065-0500][gc,metaspace   ] GC(24651) Metaspace: 50336K->50336K(1093632K)
[2020-12-29T13:26:29.065-0500][gc,heap        ] GC(24651) Heap after GC invocations=24652 (full 5722): garbage-first heap   total 64512K, used 43388K [0x0000000083000000, 0x0000000100000000)
[2020-12-29T13:26:29.065-0500][gc,heap        ] GC(24651)   region size 1024K, 1 young (1024K), 1 survivors (1024K)
[2020-12-29T13:26:29.065-0500][gc,heap        ] GC(24651)  Metaspace       used 50336K, capacity 52472K, committed 53888K, reserved 1093632K
[2020-12-29T13:26:29.065-0500][gc,heap        ] GC(24651)   class space    used 7457K, capacity 8250K, committed 8832K, reserved 1048576K
[2020-12-29T13:26:29.065-0500][gc             ] GC(24651) Pause Young (Normal) (G1 Evacuation Pause) 51M->42M(63M) 2.792ms
[2020-12-29T13:26:29.065-0500][gc,cpu         ] GC(24651) User=0.01s Sys=0.01s Real=0.00s
[2020-12-29T13:26:45.190-0500][gc,task        ] GC(24652) Using 5 workers of 8 for full compaction
[2020-12-29T13:26:45.190-0500][gc,start       ] GC(24652) Pause Full (System.gc())
[2020-12-29T13:26:45.190-0500][gc,heap        ] GC(24652) Heap before GC invocations=24652 (full 5722): garbage-first heap   total 64512K, used 43388K [0x0000000083000000, 0x0000000100000000)
[2020-12-29T13:26:45.190-0500][gc,heap        ] GC(24652)   region size 1024K, 2 young (2048K), 1 survivors (1024K)
[2020-12-29T13:26:45.190-0500][gc,heap        ] GC(24652)  Metaspace       used 50336K, capacity 52472K, committed 53888K, reserved 1093632K
[2020-12-29T13:26:45.190-0500][gc,heap        ] GC(24652)   class space    used 7457K, capacity 8250K, committed 8832K, reserved 1048576K
[2020-12-29T13:26:45.190-0500][gc,phases,start] GC(24652) Phase 1: Mark live objects
[2020-12-29T13:26:45.212-0500][gc,stringtable ] GC(24652) Cleaned string and symbol table, strings: 33323 processed, 4 removed, symbols: 120973 processed, 0 removed
[2020-12-29T13:26:45.212-0500][gc,phases      ] GC(24652) Phase 1: Mark live objects 21.459ms
[2020-12-29T13:26:45.212-0500][gc,phases,start] GC(24652) Phase 2: Prepare for compaction
[2020-12-29T13:26:45.215-0500][gc,phases      ] GC(24652) Phase 2: Prepare for compaction 3.253ms
[2020-12-29T13:26:45.215-0500][gc,phases,start] GC(24652) Phase 3: Adjust pointers
[2020-12-29T13:26:45.225-0500][gc,phases      ] GC(24652) Phase 3: Adjust pointers 9.914ms
[2020-12-29T13:26:45.225-0500][gc,phases,start] GC(24652) Phase 4: Compact heap
[2020-12-29T13:26:45.228-0500][gc,phases      ] GC(24652) Phase 4: Compact heap 2.983ms
[2020-12-29T13:26:45.233-0500][gc,heap        ] GC(24652) Eden regions: 1->0(10)
[2020-12-29T13:26:45.233-0500][gc,heap        ] GC(24652) Survivor regions: 1->0(2)
[2020-12-29T13:26:45.233-0500][gc,heap        ] GC(24652) Old regions: 41->41
[2020-12-29T13:26:45.233-0500][gc,heap        ] GC(24652) Humongous regions: 4->4
[2020-12-29T13:26:45.233-0500][gc,metaspace   ] GC(24652) Metaspace: 50336K->50336K(1093632K)
[2020-12-29T13:26:45.233-0500][gc,heap        ] GC(24652) Heap after GC invocations=24653 (full 5723): garbage-first heap   total 64512K, used 43329K [0x0000000083000000, 0x0000000100000000)
[2020-12-29T13:26:45.233-0500][gc,heap        ] GC(24652)   region size 1024K, 0 young (0K), 0 survivors (0K)
[2020-12-29T13:26:45.233-0500][gc,heap        ] GC(24652)  Metaspace       used 50336K, capacity 52472K, committed 53888K, reserved 1093632K
[2020-12-29T13:26:45.233-0500][gc,heap        ] GC(24652)   class space    used 7457K, capacity 8250K, committed 8832K, reserved 1048576K
[2020-12-29T13:26:45.233-0500][gc             ] GC(24652) Pause Full (System.gc()) 43M->42M(63M) 43.284ms
[2020-12-29T13:26:45.233-0500][gc,cpu         ] GC(24652) User=0.17s Sys=0.00s Real=0.04s
[2020-12-29T13:29:09.063-0500][gc,heap        ] GC(24653) Heap before GC invocations=24653 (full 5723): garbage-first heap   total 64512K, used 53569K [0x0000000083000000, 0x0000000100000000)
[2020-12-29T13:29:09.063-0500][gc,heap        ] GC(24653)   region size 1024K, 10 young (10240K), 0 survivors (0K)
[2020-12-29T13:29:09.063-0500][gc,heap        ] GC(24653)  Metaspace       used 50336K, capacity 52472K, committed 53888K, reserved 1093632K
[2020-12-29T13:29:09.063-0500][gc,heap        ] GC(24653)   class space    used 7457K, capacity 8250K, committed 8832K, reserved 1048576K
[2020-12-29T13:29:09.063-0500][gc,start       ] GC(24653) Pause Young (Concurrent Start) (G1 Evacuation Pause)
[2020-12-29T13:29:09.063-0500][gc,task        ] GC(24653) Using 8 workers of 8 for evacuation
[2020-12-29T13:29:09.065-0500][gc,phases      ] GC(24653)   Pre Evacuate Collection Set: 0.3ms
[2020-12-29T13:29:09.066-0500][gc,phases      ] GC(24653)   Evacuate Collection Set: 1.2ms
[2020-12-29T13:29:09.066-0500][gc,phases      ] GC(24653)   Post Evacuate Collection Set: 1.2ms
[2020-12-29T13:29:09.066-0500][gc,phases      ] GC(24653)   Other: 0.3ms
[2020-12-29T13:29:09.066-0500][gc,heap        ] GC(24653) Eden regions: 10->0(9)
[2020-12-29T13:29:09.066-0500][gc,heap        ] GC(24653) Survivor regions: 0->1(2)
[2020-12-29T13:29:09.066-0500][gc,heap        ] GC(24653) Old regions: 41->41
[2020-12-29T13:29:09.066-0500][gc,heap        ] GC(24653) Humongous regions: 4->4
[2020-12-29T13:29:09.066-0500][gc,metaspace   ] GC(24653) Metaspace: 50336K->50336K(1093632K)
[2020-12-29T13:29:09.066-0500][gc,heap        ] GC(24653) Heap after GC invocations=24654 (full 5723): garbage-first heap   total 64512K, used 43424K [0x0000000083000000, 0x0000000100000000)
[2020-12-29T13:29:09.066-0500][gc,heap        ] GC(24653)   region size 1024K, 1 young (1024K), 1 survivors (1024K)
[2020-12-29T13:29:09.066-0500][gc,heap        ] GC(24653)  Metaspace       used 50336K, capacity 52472K, committed 53888K, reserved 1093632K
[2020-12-29T13:29:09.066-0500][gc,heap        ] GC(24653)   class space    used 7457K, capacity 8250K, committed 8832K, reserved 1048576K
[2020-12-29T13:29:09.066-0500][gc             ] GC(24653) Pause Young (Concurrent Start) (G1 Evacuation Pause) 52M->42M(63M) 3.018ms
[2020-12-29T13:29:09.066-0500][gc,cpu         ] GC(24653) User=0.01s Sys=0.00s Real=0.00s
[2020-12-29T13:29:09.066-0500][gc             ] GC(24654) Concurrent Cycle
[2020-12-29T13:29:09.066-0500][gc,marking     ] GC(24654) Concurrent Clear Claimed Marks
[2020-12-29T13:29:09.066-0500][gc,marking     ] GC(24654) Concurrent Clear Claimed Marks 0.090ms
[2020-12-29T13:29:09.066-0500][gc,marking     ] GC(24654) Concurrent Scan Root Regions
[2020-12-29T13:29:09.067-0500][gc,marking     ] GC(24654) Concurrent Scan Root Regions 0.565ms
[2020-12-29T13:29:09.067-0500][gc,marking     ] GC(24654) Concurrent Mark (1716746.454s)
[2020-12-29T13:29:09.067-0500][gc,marking     ] GC(24654) Concurrent Mark From Roots
[2020-12-29T13:29:09.067-0500][gc,task        ] GC(24654) Using 2 workers of 2 for marking
[2020-12-29T13:29:09.119-0500][gc,marking     ] GC(24654) Concurrent Mark From Roots 52.198ms
[2020-12-29T13:29:09.119-0500][gc,marking     ] GC(24654) Concurrent Preclean
[2020-12-29T13:29:09.119-0500][gc,marking     ] GC(24654) Concurrent Preclean 0.166ms
[2020-12-29T13:29:09.119-0500][gc,marking     ] GC(24654) Concurrent Mark (1716746.454s, 1716746.506s) 52.507ms
[2020-12-29T13:29:09.119-0500][gc,start       ] GC(24654) Pause Remark
[2020-12-29T13:29:09.124-0500][gc,stringtable ] GC(24654) Cleaned string and symbol table, strings: 33323 processed, 0 removed, symbols: 120973 processed, 0 removed
[2020-12-29T13:29:09.125-0500][gc             ] GC(24654) Pause Remark 42M->42M(63M) 5.365ms
[2020-12-29T13:29:09.125-0500][gc,cpu         ] GC(24654) User=0.02s Sys=0.00s Real=0.00s
[2020-12-29T13:29:09.125-0500][gc,marking     ] GC(24654) Concurrent Rebuild Remembered Sets
[2020-12-29T13:29:09.147-0500][gc,marking     ] GC(24654) Concurrent Rebuild Remembered Sets 21.657ms
[2020-12-29T13:29:09.147-0500][gc,start       ] GC(24654) Pause Cleanup
[2020-12-29T13:29:09.147-0500][gc             ] GC(24654) Pause Cleanup 42M->42M(63M) 0.189ms
[2020-12-29T13:29:09.147-0500][gc,cpu         ] GC(24654) User=0.01s Sys=0.00s Real=0.00s
[2020-12-29T13:29:09.147-0500][gc,marking     ] GC(24654) Concurrent Cleanup for Next Mark
[2020-12-29T13:29:09.148-0500][gc,marking     ] GC(24654) Concurrent Cleanup for Next Mark 0.361ms
[2020-12-29T13:29:09.148-0500][gc             ] GC(24654) Concurrent Cycle 81.833ms
[2020-12-29T13:31:22.470-0500][gc,heap        ] GC(24655) Heap before GC invocations=24655 (full 5723): garbage-first heap   total 64512K, used 51616K [0x0000000083000000, 0x0000000100000000)
[2020-12-29T13:31:22.470-0500][gc,heap        ] GC(24655)   region size 1024K, 10 young (10240K), 1 survivors (1024K)
[2020-12-29T13:31:22.470-0500][gc,heap        ] GC(24655)  Metaspace       used 50336K, capacity 52472K, committed 53888K, reserved 1093632K
[2020-12-29T13:31:22.471-0500][gc,heap        ] GC(24655)   class space    used 7457K, capacity 8250K, committed 8832K, reserved 1048576K
[2020-12-29T13:31:22.471-0500][gc,start       ] GC(24655) Pause Young (Normal) (G1 Evacuation Pause)
[2020-12-29T13:31:22.471-0500][gc,task        ] GC(24655) Using 8 workers of 8 for evacuation
[2020-12-29T13:31:22.475-0500][gc,phases      ] GC(24655)   Pre Evacuate Collection Set: 0.0ms
[2020-12-29T13:31:22.475-0500][gc,phases      ] GC(24655)   Evacuate Collection Set: 2.5ms
[2020-12-29T13:31:22.475-0500][gc,phases      ] GC(24655)   Post Evacuate Collection Set: 1.9ms
[2020-12-29T13:31:22.475-0500][gc,phases      ] GC(24655)   Other: 0.5ms
[2020-12-29T13:31:22.475-0500][gc,heap        ] GC(24655) Eden regions: 9->0(9)
[2020-12-29T13:31:22.476-0500][gc,heap        ] GC(24655) Survivor regions: 1->1(2)
[2020-12-29T13:31:22.476-0500][gc,heap        ] GC(24655) Old regions: 41->41
[2020-12-29T13:31:22.476-0500][gc,heap        ] GC(24655) Humongous regions: 4->4
[2020-12-29T13:31:22.476-0500][gc,metaspace   ] GC(24655) Metaspace: 50336K->50336K(1093632K)
[2020-12-29T13:31:22.476-0500][gc,heap        ] GC(24655) Heap after GC invocations=24656 (full 5723): garbage-first heap   total 64512K, used 43397K [0x0000000083000000, 0x0000000100000000)
[2020-12-29T13:31:22.476-0500][gc,heap        ] GC(24655)   region size 1024K, 1 young (1024K), 1 survivors (1024K)
[2020-12-29T13:31:22.476-0500][gc,heap        ] GC(24655)  Metaspace       used 50336K, capacity 52472K, committed 53888K, reserved 1093632K
[2020-12-29T13:31:22.476-0500][gc,heap        ] GC(24655)   class space    used 7457K, capacity 8250K, committed 8832K, reserved 1048576K
[2020-12-29T13:31:22.476-0500][gc             ] GC(24655) Pause Young (Normal) (G1 Evacuation Pause) 51M->42M(63M) 5.148ms
[2020-12-29T13:31:22.476-0500][gc,cpu         ] GC(24655) User=0.01s Sys=0.01s Real=0.00s
[2020-12-29T13:31:45.192-0500][gc,task        ] GC(24656) Using 5 workers of 8 for full compaction
[2020-12-29T13:31:45.192-0500][gc,start       ] GC(24656) Pause Full (System.gc())
[2020-12-29T13:31:45.192-0500][gc,heap        ] GC(24656) Heap before GC invocations=24656 (full 5723): garbage-first heap   total 64512K, used 44421K [0x0000000083000000, 0x0000000100000000)
[2020-12-29T13:31:45.192-0500][gc,heap        ] GC(24656)   region size 1024K, 3 young (3072K), 1 survivors (1024K)
[2020-12-29T13:31:45.192-0500][gc,heap        ] GC(24656)  Metaspace       used 50336K, capacity 52472K, committed 53888K, reserved 1093632K
[2020-12-29T13:31:45.192-0500][gc,heap        ] GC(24656)   class space    used 7457K, capacity 8250K, committed 8832K, reserved 1048576K
[2020-12-29T13:31:45.193-0500][gc,phases,start] GC(24656) Phase 1: Mark live objects
[2020-12-29T13:31:45.233-0500][gc,stringtable ] GC(24656) Cleaned string and symbol table, strings: 33323 processed, 4 removed, symbols: 120973 processed, 0 removed
[2020-12-29T13:31:45.234-0500][gc,phases      ] GC(24656) Phase 1: Mark live objects 40.624ms
[2020-12-29T13:31:45.234-0500][gc,phases,start] GC(24656) Phase 2: Prepare for compaction
[2020-12-29T13:31:45.238-0500][gc,phases      ] GC(24656) Phase 2: Prepare for compaction 4.105ms
[2020-12-29T13:31:45.238-0500][gc,phases,start] GC(24656) Phase 3: Adjust pointers
[2020-12-29T13:31:45.251-0500][gc,phases      ] GC(24656) Phase 3: Adjust pointers 12.836ms
[2020-12-29T13:31:45.251-0500][gc,phases,start] GC(24656) Phase 4: Compact heap
[2020-12-29T13:31:45.253-0500][gc,phases      ] GC(24656) Phase 4: Compact heap 2.747ms
[2020-12-29T13:31:45.258-0500][gc,heap        ] GC(24656) Eden regions: 2->0(10)
[2020-12-29T13:31:45.258-0500][gc,heap        ] GC(24656) Survivor regions: 1->0(2)
[2020-12-29T13:31:45.258-0500][gc,heap        ] GC(24656) Old regions: 41->41
[2020-12-29T13:31:45.258-0500][gc,heap        ] GC(24656) Humongous regions: 4->4
[2020-12-29T13:31:45.258-0500][gc,metaspace   ] GC(24656) Metaspace: 50336K->50336K(1093632K)
[2020-12-29T13:31:45.258-0500][gc,heap        ] GC(24656) Heap after GC invocations=24657 (full 5724): garbage-first heap   total 64512K, used 43331K [0x0000000083000000, 0x0000000100000000)
[2020-12-29T13:31:45.258-0500][gc,heap        ] GC(24656)   region size 1024K, 0 young (0K), 0 survivors (0K)
[2020-12-29T13:31:45.258-0500][gc,heap        ] GC(24656)  Metaspace       used 50336K, capacity 52472K, committed 53888K, reserved 1093632K
[2020-12-29T13:31:45.258-0500][gc,heap        ] GC(24656)   class space    used 7457K, capacity 8250K, committed 8832K, reserved 1048576K
[2020-12-29T13:31:45.258-0500][gc             ] GC(24656) Pause Full (System.gc()) 43M->42M(63M) 65.559ms
[2020-12-29T13:31:45.258-0500][gc,cpu         ] GC(24656) User=0.29s Sys=0.00s Real=0.07s
[2020-12-29T13:34:19.061-0500][gc,heap        ] GC(24657) Heap before GC invocations=24657 (full 5724): garbage-first heap   total 64512K, used 52547K [0x0000000083000000, 0x0000000100000000)
[2020-12-29T13:34:19.061-0500][gc,heap        ] GC(24657)   region size 1024K, 10 young (10240K), 0 survivors (0K)
[2020-12-29T13:34:19.061-0500][gc,heap        ] GC(24657)  Metaspace       used 50336K, capacity 52472K, committed 53888K, reserved 1093632K
[2020-12-29T13:34:19.061-0500][gc,heap        ] GC(24657)   class space    used 7457K, capacity 8250K, committed 8832K, reserved 1048576K
[2020-12-29T13:34:19.061-0500][gc,start       ] GC(24657) Pause Young (Concurrent Start) (G1 Evacuation Pause)
[2020-12-29T13:34:19.061-0500][gc,task        ] GC(24657) Using 8 workers of 8 for evacuation
[2020-12-29T13:34:19.068-0500][gc,phases      ] GC(24657)   Pre Evacuate Collection Set: 0.3ms
[2020-12-29T13:34:19.068-0500][gc,phases      ] GC(24657)   Evacuate Collection Set: 3.5ms
[2020-12-29T13:34:19.068-0500][gc,phases      ] GC(24657)   Post Evacuate Collection Set: 2.8ms
[2020-12-29T13:34:19.068-0500][gc,phases      ] GC(24657)   Other: 0.6ms
[2020-12-29T13:34:19.068-0500][gc,heap        ] GC(24657) Eden regions: 10->0(9)
[2020-12-29T13:34:19.068-0500][gc,heap        ] GC(24657) Survivor regions: 0->1(2)
[2020-12-29T13:34:19.068-0500][gc,heap        ] GC(24657) Old regions: 41->41
[2020-12-29T13:34:19.068-0500][gc,heap        ] GC(24657) Humongous regions: 4->4
[2020-12-29T13:34:19.068-0500][gc,metaspace   ] GC(24657) Metaspace: 50336K->50336K(1093632K)
[2020-12-29T13:34:19.069-0500][gc,heap        ] GC(24657) Heap after GC invocations=24658 (full 5724): garbage-first heap   total 64512K, used 43415K [0x0000000083000000, 0x0000000100000000)
[2020-12-29T13:34:19.069-0500][gc,heap        ] GC(24657)   region size 1024K, 1 young (1024K), 1 survivors (1024K)
[2020-12-29T13:34:19.069-0500][gc,heap        ] GC(24657)  Metaspace       used 50336K, capacity 52472K, committed 53888K, reserved 1093632K
[2020-12-29T13:34:19.069-0500][gc,heap        ] GC(24657)   class space    used 7457K, capacity 8250K, committed 8832K, reserved 1048576K
[2020-12-29T13:34:19.069-0500][gc             ] GC(24657) Pause Young (Concurrent Start) (G1 Evacuation Pause) 52M->42M(63M) 7.388ms
[2020-12-29T13:34:19.069-0500][gc,cpu         ] GC(24657) User=0.01s Sys=0.00s Real=0.01s
[2020-12-29T13:34:19.069-0500][gc             ] GC(24658) Concurrent Cycle
[2020-12-29T13:34:19.069-0500][gc,marking     ] GC(24658) Concurrent Clear Claimed Marks
[2020-12-29T13:34:19.069-0500][gc,marking     ] GC(24658) Concurrent Clear Claimed Marks 0.132ms
[2020-12-29T13:34:19.069-0500][gc,marking     ] GC(24658) Concurrent Scan Root Regions
[2020-12-29T13:34:19.072-0500][gc,marking     ] GC(24658) Concurrent Scan Root Regions 2.952ms
[2020-12-29T13:34:19.072-0500][gc,marking     ] GC(24658) Concurrent Mark (1717056.459s)
[2020-12-29T13:34:19.072-0500][gc,marking     ] GC(24658) Concurrent Mark From Roots
[2020-12-29T13:34:19.072-0500][gc,task        ] GC(24658) Using 2 workers of 2 for marking
[2020-12-29T13:34:19.143-0500][gc,marking     ] GC(24658) Concurrent Mark From Roots 70.282ms
[2020-12-29T13:34:19.143-0500][gc,marking     ] GC(24658) Concurrent Preclean
[2020-12-29T13:34:19.143-0500][gc,marking     ] GC(24658) Concurrent Preclean 0.153ms
[2020-12-29T13:34:19.143-0500][gc,marking     ] GC(24658) Concurrent Mark (1717056.459s, 1717056.530s) 70.531ms
[2020-12-29T13:34:19.143-0500][gc,start       ] GC(24658) Pause Remark
[2020-12-29T13:34:19.147-0500][gc,stringtable ] GC(24658) Cleaned string and symbol table, strings: 33323 processed, 0 removed, symbols: 120973 processed, 0 removed
[2020-12-29T13:34:19.148-0500][gc             ] GC(24658) Pause Remark 42M->42M(63M) 4.471ms
[2020-12-29T13:34:19.148-0500][gc,cpu         ] GC(24658) User=0.02s Sys=0.00s Real=0.01s
[2020-12-29T13:34:19.148-0500][gc,marking     ] GC(24658) Concurrent Rebuild Remembered Sets
[2020-12-29T13:34:19.166-0500][gc,marking     ] GC(24658) Concurrent Rebuild Remembered Sets 17.804ms
[2020-12-29T13:34:19.166-0500][gc,start       ] GC(24658) Pause Cleanup
[2020-12-29T13:34:19.166-0500][gc             ] GC(24658) Pause Cleanup 42M->42M(63M) 0.295ms
[2020-12-29T13:34:19.166-0500][gc,cpu         ] GC(24658) User=0.00s Sys=0.00s Real=0.00s
[2020-12-29T13:34:19.166-0500][gc,marking     ] GC(24658) Concurrent Cleanup for Next Mark
[2020-12-29T13:34:19.166-0500][gc,marking     ] GC(24658) Concurrent Cleanup for Next Mark 0.193ms
[2020-12-29T13:34:19.167-0500][gc             ] GC(24658) Concurrent Cycle 97.479ms
[2020-12-29T13:36:32.734-0500][gc,heap        ] GC(24659) Heap before GC invocations=24659 (full 5724): garbage-first heap   total 64512K, used 52631K [0x0000000083000000, 0x0000000100000000)
[2020-12-29T13:36:32.734-0500][gc,heap        ] GC(24659)   region size 1024K, 10 young (10240K), 1 survivors (1024K)
[2020-12-29T13:36:32.734-0500][gc,heap        ] GC(24659)  Metaspace       used 50336K, capacity 52472K, committed 53888K, reserved 1093632K
[2020-12-29T13:36:32.734-0500][gc,heap        ] GC(24659)   class space    used 7457K, capacity 8250K, committed 8832K, reserved 1048576K
[2020-12-29T13:36:32.734-0500][gc,start       ] GC(24659) Pause Young (Normal) (G1 Evacuation Pause)
[2020-12-29T13:36:32.734-0500][gc,task        ] GC(24659) Using 8 workers of 8 for evacuation
[2020-12-29T13:36:32.738-0500][gc,phases      ] GC(24659)   Pre Evacuate Collection Set: 0.0ms
[2020-12-29T13:36:32.738-0500][gc,phases      ] GC(24659)   Evacuate Collection Set: 2.5ms
[2020-12-29T13:36:32.738-0500][gc,phases      ] GC(24659)   Post Evacuate Collection Set: 1.4ms
[2020-12-29T13:36:32.738-0500][gc,phases      ] GC(24659)   Other: 0.4ms
[2020-12-29T13:36:32.738-0500][gc,heap        ] GC(24659) Eden regions: 9->0(9)
[2020-12-29T13:36:32.738-0500][gc,heap        ] GC(24659) Survivor regions: 1->1(2)
[2020-12-29T13:36:32.738-0500][gc,heap        ] GC(24659) Old regions: 41->41
[2020-12-29T13:36:32.738-0500][gc,heap        ] GC(24659) Humongous regions: 4->4
[2020-12-29T13:36:32.738-0500][gc,metaspace   ] GC(24659) Metaspace: 50336K->50336K(1093632K)
[2020-12-29T13:36:32.738-0500][gc,heap        ] GC(24659) Heap after GC invocations=24660 (full 5724): garbage-first heap   total 64512K, used 43405K [0x0000000083000000, 0x0000000100000000)
[2020-12-29T13:36:32.738-0500][gc,heap        ] GC(24659)   region size 1024K, 1 young (1024K), 1 survivors (1024K)
[2020-12-29T13:36:32.738-0500][gc,heap        ] GC(24659)  Metaspace       used 50336K, capacity 52472K, committed 53888K, reserved 1093632K
[2020-12-29T13:36:32.738-0500][gc,heap        ] GC(24659)   class space    used 7457K, capacity 8250K, committed 8832K, reserved 1048576K
[2020-12-29T13:36:32.738-0500][gc             ] GC(24659) Pause Young (Normal) (G1 Evacuation Pause) 51M->42M(63M) 4.245ms
[2020-12-29T13:36:32.738-0500][gc,cpu         ] GC(24659) User=0.01s Sys=0.00s Real=0.01s
[2020-12-29T13:36:45.190-0500][gc,task        ] GC(24660) Using 5 workers of 8 for full compaction
[2020-12-29T13:36:45.190-0500][gc,start       ] GC(24660) Pause Full (System.gc())
[2020-12-29T13:36:45.190-0500][gc,heap        ] GC(24660) Heap before GC invocations=24660 (full 5724): garbage-first heap   total 64512K, used 43405K [0x0000000083000000, 0x0000000100000000)
[2020-12-29T13:36:45.190-0500][gc,heap        ] GC(24660)   region size 1024K, 2 young (2048K), 1 survivors (1024K)
[2020-12-29T13:36:45.190-0500][gc,heap        ] GC(24660)  Metaspace       used 50336K, capacity 52472K, committed 53888K, reserved 1093632K
[2020-12-29T13:36:45.190-0500][gc,heap        ] GC(24660)   class space    used 7457K, capacity 8250K, committed 8832K, reserved 1048576K
[2020-12-29T13:36:45.190-0500][gc,phases,start] GC(24660) Phase 1: Mark live objects
[2020-12-29T13:36:45.221-0500][gc,stringtable ] GC(24660) Cleaned string and symbol table, strings: 33323 processed, 4 removed, symbols: 120973 processed, 0 removed
[2020-12-29T13:36:45.221-0500][gc,phases      ] GC(24660) Phase 1: Mark live objects 30.861ms
[2020-12-29T13:36:45.221-0500][gc,phases,start] GC(24660) Phase 2: Prepare for compaction
[2020-12-29T13:36:45.225-0500][gc,phases      ] GC(24660) Phase 2: Prepare for compaction 3.884ms
[2020-12-29T13:36:45.225-0500][gc,phases,start] GC(24660) Phase 3: Adjust pointers
[2020-12-29T13:36:45.235-0500][gc,phases      ] GC(24660) Phase 3: Adjust pointers 10.370ms
[2020-12-29T13:36:45.235-0500][gc,phases,start] GC(24660) Phase 4: Compact heap
[2020-12-29T13:36:45.238-0500][gc,phases      ] GC(24660) Phase 4: Compact heap 2.613ms
[2020-12-29T13:36:45.243-0500][gc,heap        ] GC(24660) Eden regions: 1->0(10)
[2020-12-29T13:36:45.243-0500][gc,heap        ] GC(24660) Survivor regions: 1->0(2)
[2020-12-29T13:36:45.243-0500][gc,heap        ] GC(24660) Old regions: 41->41
[2020-12-29T13:36:45.243-0500][gc,heap        ] GC(24660) Humongous regions: 4->4
[2020-12-29T13:36:45.243-0500][gc,metaspace   ] GC(24660) Metaspace: 50336K->50336K(1093632K)
[2020-12-29T13:36:45.243-0500][gc,heap        ] GC(24660) Heap after GC invocations=24661 (full 5725): garbage-first heap   total 64512K, used 43328K [0x0000000083000000, 0x0000000100000000)
[2020-12-29T13:36:45.243-0500][gc,heap        ] GC(24660)   region size 1024K, 0 young (0K), 0 survivors (0K)
[2020-12-29T13:36:45.243-0500][gc,heap        ] GC(24660)  Metaspace       used 50336K, capacity 52472K, committed 53888K, reserved 1093632K
[2020-12-29T13:36:45.243-0500][gc,heap        ] GC(24660)   class space    used 7457K, capacity 8250K, committed 8832K, reserved 1048576K
[2020-12-29T13:36:45.243-0500][gc             ] GC(24660) Pause Full (System.gc()) 43M->42M(63M) 53.018ms
[2020-12-29T13:36:45.243-0500][gc,cpu         ] GC(24660) User=0.22s Sys=0.00s Real=0.05s
[2020-12-29T13:39:04.450-0500][gc,heap        ] GC(24661) Heap before GC invocations=24661 (full 5725): garbage-first heap   total 64512K, used 52544K [0x0000000083000000, 0x0000000100000000)
[2020-12-29T13:39:04.450-0500][gc,heap        ] GC(24661)   region size 1024K, 10 young (10240K), 0 survivors (0K)
[2020-12-29T13:39:04.450-0500][gc,heap        ] GC(24661)  Metaspace       used 50336K, capacity 52472K, committed 53888K, reserved 1093632K
[2020-12-29T13:39:04.450-0500][gc,heap        ] GC(24661)   class space    used 7457K, capacity 8250K, committed 8832K, reserved 1048576K
[2020-12-29T13:39:04.450-0500][gc,start       ] GC(24661) Pause Young (Concurrent Start) (G1 Evacuation Pause)
[2020-12-29T13:39:04.450-0500][gc,task        ] GC(24661) Using 8 workers of 8 for evacuation
[2020-12-29T13:39:04.457-0500][gc,phases      ] GC(24661)   Pre Evacuate Collection Set: 0.4ms
[2020-12-29T13:39:04.457-0500][gc,phases      ] GC(24661)   Evacuate Collection Set: 3.0ms
[2020-12-29T13:39:04.457-0500][gc,phases      ] GC(24661)   Post Evacuate Collection Set: 3.0ms
[2020-12-29T13:39:04.457-0500][gc,phases      ] GC(24661)   Other: 0.6ms
[2020-12-29T13:39:04.457-0500][gc,heap        ] GC(24661) Eden regions: 10->0(9)
[2020-12-29T13:39:04.457-0500][gc,heap        ] GC(24661) Survivor regions: 0->1(2)
[2020-12-29T13:39:04.457-0500][gc,heap        ] GC(24661) Old regions: 41->41
[2020-12-29T13:39:04.457-0500][gc,heap        ] GC(24661) Humongous regions: 4->4
[2020-12-29T13:39:04.457-0500][gc,metaspace   ] GC(24661) Metaspace: 50336K->50336K(1093632K)
[2020-12-29T13:39:04.457-0500][gc,heap        ] GC(24661) Heap after GC invocations=24662 (full 5725): garbage-first heap   total 64512K, used 43396K [0x0000000083000000, 0x0000000100000000)
[2020-12-29T13:39:04.458-0500][gc,heap        ] GC(24661)   region size 1024K, 1 young (1024K), 1 survivors (1024K)
[2020-12-29T13:39:04.458-0500][gc,heap        ] GC(24661)  Metaspace       used 50336K, capacity 52472K, committed 53888K, reserved 1093632K
[2020-12-29T13:39:04.458-0500][gc,heap        ] GC(24661)   class space    used 7457K, capacity 8250K, committed 8832K, reserved 1048576K
[2020-12-29T13:39:04.458-0500][gc             ] GC(24661) Pause Young (Concurrent Start) (G1 Evacuation Pause) 52M->42M(63M) 7.427ms
[2020-12-29T13:39:04.458-0500][gc,cpu         ] GC(24661) User=0.02s Sys=0.00s Real=0.00s
[2020-12-29T13:39:04.458-0500][gc             ] GC(24662) Concurrent Cycle
[2020-12-29T13:39:04.458-0500][gc,marking     ] GC(24662) Concurrent Clear Claimed Marks
[2020-12-29T13:39:04.459-0500][gc,marking     ] GC(24662) Concurrent Clear Claimed Marks 0.330ms
[2020-12-29T13:39:04.459-0500][gc,marking     ] GC(24662) Concurrent Scan Root Regions
[2020-12-29T13:39:04.460-0500][gc,marking     ] GC(24662) Concurrent Scan Root Regions 1.483ms
[2020-12-29T13:39:04.460-0500][gc,marking     ] GC(24662) Concurrent Mark (1717341.847s)
[2020-12-29T13:39:04.460-0500][gc,marking     ] GC(24662) Concurrent Mark From Roots
[2020-12-29T13:39:04.460-0500][gc,task        ] GC(24662) Using 2 workers of 2 for marking
[2020-12-29T13:39:04.522-0500][gc,marking     ] GC(24662) Concurrent Mark From Roots 61.559ms
[2020-12-29T13:39:04.522-0500][gc,marking     ] GC(24662) Concurrent Preclean
[2020-12-29T13:39:04.522-0500][gc,marking     ] GC(24662) Concurrent Preclean 0.156ms
[2020-12-29T13:39:04.522-0500][gc,marking     ] GC(24662) Concurrent Mark (1717341.847s, 1717341.909s) 61.813ms
[2020-12-29T13:39:04.522-0500][gc,start       ] GC(24662) Pause Remark
[2020-12-29T13:39:04.526-0500][gc,stringtable ] GC(24662) Cleaned string and symbol table, strings: 33323 processed, 0 removed, symbols: 120973 processed, 0 removed
[2020-12-29T13:39:04.527-0500][gc             ] GC(24662) Pause Remark 42M->42M(63M) 4.285ms
[2020-12-29T13:39:04.527-0500][gc,cpu         ] GC(24662) User=0.02s Sys=0.00s Real=0.00s
[2020-12-29T13:39:04.527-0500][gc,marking     ] GC(24662) Concurrent Rebuild Remembered Sets
[2020-12-29T13:39:04.549-0500][gc,marking     ] GC(24662) Concurrent Rebuild Remembered Sets 21.656ms
[2020-12-29T13:39:04.549-0500][gc,start       ] GC(24662) Pause Cleanup
[2020-12-29T13:39:04.549-0500][gc             ] GC(24662) Pause Cleanup 42M->42M(63M) 0.156ms
[2020-12-29T13:39:04.549-0500][gc,cpu         ] GC(24662) User=0.00s Sys=0.00s Real=0.00s
[2020-12-29T13:39:04.549-0500][gc,marking     ] GC(24662) Concurrent Cleanup for Next Mark
[2020-12-29T13:39:04.550-0500][gc,marking     ] GC(24662) Concurrent Cleanup for Next Mark 0.301ms
[2020-12-29T13:39:04.550-0500][gc             ] GC(24662) Concurrent Cycle 91.565ms
[2020-12-29T13:41:20.163-0500][gc,heap        ] GC(24663) Heap before GC invocations=24663 (full 5725): garbage-first heap   total 64512K, used 52612K [0x0000000083000000, 0x0000000100000000)
[2020-12-29T13:41:20.163-0500][gc,heap        ] GC(24663)   region size 1024K, 10 young (10240K), 1 survivors (1024K)
[2020-12-29T13:41:20.163-0500][gc,heap        ] GC(24663)  Metaspace       used 50336K, capacity 52472K, committed 53888K, reserved 1093632K
[2020-12-29T13:41:20.163-0500][gc,heap        ] GC(24663)   class space    used 7457K, capacity 8250K, committed 8832K, reserved 1048576K
[2020-12-29T13:41:20.163-0500][gc,start       ] GC(24663) Pause Young (Normal) (G1 Evacuation Pause)
[2020-12-29T13:41:20.163-0500][gc,task        ] GC(24663) Using 8 workers of 8 for evacuation
[2020-12-29T13:41:20.167-0500][gc,phases      ] GC(24663)   Pre Evacuate Collection Set: 0.0ms
[2020-12-29T13:41:20.167-0500][gc,phases      ] GC(24663)   Evacuate Collection Set: 2.7ms
[2020-12-29T13:41:20.167-0500][gc,phases      ] GC(24663)   Post Evacuate Collection Set: 0.9ms
[2020-12-29T13:41:20.167-0500][gc,phases      ] GC(24663)   Other: 0.3ms
[2020-12-29T13:41:20.167-0500][gc,heap        ] GC(24663) Eden regions: 9->0(9)
[2020-12-29T13:41:20.167-0500][gc,heap        ] GC(24663) Survivor regions: 1->1(2)
[2020-12-29T13:41:20.167-0500][gc,heap        ] GC(24663) Old regions: 41->41
[2020-12-29T13:41:20.167-0500][gc,heap        ] GC(24663) Humongous regions: 4->4
[2020-12-29T13:41:20.167-0500][gc,metaspace   ] GC(24663) Metaspace: 50336K->50336K(1093632K)
[2020-12-29T13:41:20.167-0500][gc,heap        ] GC(24663) Heap after GC invocations=24664 (full 5725): garbage-first heap   total 64512K, used 43382K [0x0000000083000000, 0x0000000100000000)
[2020-12-29T13:41:20.167-0500][gc,heap        ] GC(24663)   region size 1024K, 1 young (1024K), 1 survivors (1024K)
[2020-12-29T13:41:20.167-0500][gc,heap        ] GC(24663)  Metaspace       used 50336K, capacity 52472K, committed 53888K, reserved 1093632K
[2020-12-29T13:41:20.167-0500][gc,heap        ] GC(24663)   class space    used 7457K, capacity 8250K, committed 8832K, reserved 1048576K
[2020-12-29T13:41:20.167-0500][gc             ] GC(24663) Pause Young (Normal) (G1 Evacuation Pause) 51M->42M(63M) 3.923ms
[2020-12-29T13:41:20.167-0500][gc,cpu         ] GC(24663) User=0.01s Sys=0.01s Real=0.00s
[2020-12-29T13:41:45.191-0500][gc,task        ] GC(24664) Using 5 workers of 8 for full compaction
[2020-12-29T13:41:45.191-0500][gc,start       ] GC(24664) Pause Full (System.gc())
[2020-12-29T13:41:45.191-0500][gc,heap        ] GC(24664) Heap before GC invocations=24664 (full 5725): garbage-first heap   total 64512K, used 44406K [0x0000000083000000, 0x0000000100000000)
[2020-12-29T13:41:45.191-0500][gc,heap        ] GC(24664)   region size 1024K, 3 young (3072K), 1 survivors (1024K)
[2020-12-29T13:41:45.191-0500][gc,heap        ] GC(24664)  Metaspace       used 50336K, capacity 52472K, committed 53888K, reserved 1093632K
[2020-12-29T13:41:45.192-0500][gc,heap        ] GC(24664)   class space    used 7457K, capacity 8250K, committed 8832K, reserved 1048576K
[2020-12-29T13:41:45.192-0500][gc,phases,start] GC(24664) Phase 1: Mark live objects
[2020-12-29T13:41:45.238-0500][gc,stringtable ] GC(24664) Cleaned string and symbol table, strings: 33323 processed, 4 removed, symbols: 120973 processed, 0 removed
[2020-12-29T13:41:45.238-0500][gc,phases      ] GC(24664) Phase 1: Mark live objects 45.839ms
[2020-12-29T13:41:45.238-0500][gc,phases,start] GC(24664) Phase 2: Prepare for compaction
[2020-12-29T13:41:45.243-0500][gc,phases      ] GC(24664) Phase 2: Prepare for compaction 4.311ms
[2020-12-29T13:41:45.243-0500][gc,phases,start] GC(24664) Phase 3: Adjust pointers
[2020-12-29T13:41:45.254-0500][gc,phases      ] GC(24664) Phase 3: Adjust pointers 11.386ms
[2020-12-29T13:41:45.254-0500][gc,phases,start] GC(24664) Phase 4: Compact heap
[2020-12-29T13:41:45.259-0500][gc,phases      ] GC(24664) Phase 4: Compact heap 5.004ms
[2020-12-29T13:41:45.263-0500][gc,heap        ] GC(24664) Eden regions: 2->0(9)
[2020-12-29T13:41:45.264-0500][gc,heap        ] GC(24664) Survivor regions: 1->0(2)
[2020-12-29T13:41:45.264-0500][gc,heap        ] GC(24664) Old regions: 41->42
[2020-12-29T13:41:45.264-0500][gc,heap        ] GC(24664) Humongous regions: 4->4
[2020-12-29T13:41:45.264-0500][gc,metaspace   ] GC(24664) Metaspace: 50336K->50336K(1093632K)
[2020-12-29T13:41:45.264-0500][gc,heap        ] GC(24664) Heap after GC invocations=24665 (full 5726): garbage-first heap   total 64512K, used 43330K [0x0000000083000000, 0x0000000100000000)
[2020-12-29T13:41:45.264-0500][gc,heap        ] GC(24664)   region size 1024K, 0 young (0K), 0 survivors (0K)
[2020-12-29T13:41:45.264-0500][gc,heap        ] GC(24664)  Metaspace       used 50336K, capacity 52472K, committed 53888K, reserved 1093632K
[2020-12-29T13:41:45.264-0500][gc,heap        ] GC(24664)   class space    used 7457K, capacity 8250K, committed 8832K, reserved 1048576K
[2020-12-29T13:41:45.264-0500][gc             ] GC(24664) Pause Full (System.gc()) 43M->42M(63M) 72.192ms
[2020-12-29T13:41:45.264-0500][gc,cpu         ] GC(24664) User=0.31s Sys=0.00s Real=0.07s
[2020-12-29T13:43:59.063-0500][gc,heap        ] GC(24665) Heap before GC invocations=24665 (full 5726): garbage-first heap   total 64512K, used 51522K [0x0000000083000000, 0x0000000100000000)
[2020-12-29T13:43:59.063-0500][gc,heap        ] GC(24665)   region size 1024K, 9 young (9216K), 0 survivors (0K)
[2020-12-29T13:43:59.063-0500][gc,heap        ] GC(24665)  Metaspace       used 50336K, capacity 52472K, committed 53888K, reserved 1093632K
[2020-12-29T13:43:59.063-0500][gc,heap        ] GC(24665)   class space    used 7457K, capacity 8250K, committed 8832K, reserved 1048576K
[2020-12-29T13:43:59.063-0500][gc,start       ] GC(24665) Pause Young (Concurrent Start) (G1 Evacuation Pause)
[2020-12-29T13:43:59.063-0500][gc,task        ] GC(24665) Using 8 workers of 8 for evacuation
[2020-12-29T13:43:59.066-0500][gc,phases      ] GC(24665)   Pre Evacuate Collection Set: 0.2ms
[2020-12-29T13:43:59.066-0500][gc,phases      ] GC(24665)   Evacuate Collection Set: 1.5ms
[2020-12-29T13:43:59.066-0500][gc,phases      ] GC(24665)   Post Evacuate Collection Set: 1.3ms
[2020-12-29T13:43:59.066-0500][gc,phases      ] GC(24665)   Other: 0.3ms
[2020-12-29T13:43:59.066-0500][gc,heap        ] GC(24665) Eden regions: 9->0(8)
[2020-12-29T13:43:59.066-0500][gc,heap        ] GC(24665) Survivor regions: 0->1(2)
[2020-12-29T13:43:59.066-0500][gc,heap        ] GC(24665) Old regions: 42->42
[2020-12-29T13:43:59.066-0500][gc,heap        ] GC(24665) Humongous regions: 4->4
[2020-12-29T13:43:59.066-0500][gc,metaspace   ] GC(24665) Metaspace: 50336K->50336K(1093632K)
[2020-12-29T13:43:59.066-0500][gc,heap        ] GC(24665) Heap after GC invocations=24666 (full 5726): garbage-first heap   total 64512K, used 43387K [0x0000000083000000, 0x0000000100000000)
[2020-12-29T13:43:59.066-0500][gc,heap        ] GC(24665)   region size 1024K, 1 young (1024K), 1 survivors (1024K)
[2020-12-29T13:43:59.066-0500][gc,heap        ] GC(24665)  Metaspace       used 50336K, capacity 52472K, committed 53888K, reserved 1093632K
[2020-12-29T13:43:59.066-0500][gc,heap        ] GC(24665)   class space    used 7457K, capacity 8250K, committed 8832K, reserved 1048576K
[2020-12-29T13:43:59.066-0500][gc             ] GC(24665) Pause Young (Concurrent Start) (G1 Evacuation Pause) 51M->42M(63M) 3.440ms
[2020-12-29T13:43:59.067-0500][gc,cpu         ] GC(24665) User=0.01s Sys=0.00s Real=0.00s
[2020-12-29T13:43:59.067-0500][gc             ] GC(24666) Concurrent Cycle
[2020-12-29T13:43:59.067-0500][gc,marking     ] GC(24666) Concurrent Clear Claimed Marks
[2020-12-29T13:43:59.067-0500][gc,marking     ] GC(24666) Concurrent Clear Claimed Marks 0.084ms
[2020-12-29T13:43:59.067-0500][gc,marking     ] GC(24666) Concurrent Scan Root Regions
[2020-12-29T13:43:59.067-0500][gc,marking     ] GC(24666) Concurrent Scan Root Regions 0.617ms
[2020-12-29T13:43:59.068-0500][gc,marking     ] GC(24666) Concurrent Mark (1717636.455s)
[2020-12-29T13:43:59.068-0500][gc,marking     ] GC(24666) Concurrent Mark From Roots
[2020-12-29T13:43:59.068-0500][gc,task        ] GC(24666) Using 2 workers of 2 for marking
[2020-12-29T13:43:59.108-0500][gc,marking     ] GC(24666) Concurrent Mark From Roots 40.144ms
[2020-12-29T13:43:59.108-0500][gc,marking     ] GC(24666) Concurrent Preclean
[2020-12-29T13:43:59.108-0500][gc,marking     ] GC(24666) Concurrent Preclean 0.197ms
[2020-12-29T13:43:59.108-0500][gc,marking     ] GC(24666) Concurrent Mark (1717636.455s, 1717636.495s) 40.426ms
[2020-12-29T13:43:59.108-0500][gc,start       ] GC(24666) Pause Remark
[2020-12-29T13:43:59.112-0500][gc,stringtable ] GC(24666) Cleaned string and symbol table, strings: 33323 processed, 0 removed, symbols: 120973 processed, 0 removed
[2020-12-29T13:43:59.112-0500][gc             ] GC(24666) Pause Remark 42M->42M(63M) 4.239ms
[2020-12-29T13:43:59.113-0500][gc,cpu         ] GC(24666) User=0.02s Sys=0.00s Real=0.00s
[2020-12-29T13:43:59.113-0500][gc,marking     ] GC(24666) Concurrent Rebuild Remembered Sets
[2020-12-29T13:43:59.131-0500][gc,marking     ] GC(24666) Concurrent Rebuild Remembered Sets 18.218ms
[2020-12-29T13:43:59.131-0500][gc,start       ] GC(24666) Pause Cleanup
[2020-12-29T13:43:59.131-0500][gc             ] GC(24666) Pause Cleanup 42M->42M(63M) 0.233ms
[2020-12-29T13:43:59.132-0500][gc,cpu         ] GC(24666) User=0.00s Sys=0.00s Real=0.00s
[2020-12-29T13:43:59.132-0500][gc,marking     ] GC(24666) Concurrent Cleanup for Next Mark
[2020-12-29T13:43:59.132-0500][gc,marking     ] GC(24666) Concurrent Cleanup for Next Mark 0.229ms
[2020-12-29T13:43:59.132-0500][gc             ] GC(24666) Concurrent Cycle 65.151ms
[2020-12-29T13:45:59.061-0500][gc,heap        ] GC(24667) Heap before GC invocations=24667 (full 5726): garbage-first heap   total 64512K, used 51579K [0x0000000083000000, 0x0000000100000000)
[2020-12-29T13:45:59.061-0500][gc,heap        ] GC(24667)   region size 1024K, 9 young (9216K), 1 survivors (1024K)
[2020-12-29T13:45:59.061-0500][gc,heap        ] GC(24667)  Metaspace       used 50336K, capacity 52472K, committed 53888K, reserved 1093632K
[2020-12-29T13:45:59.061-0500][gc,heap        ] GC(24667)   class space    used 7457K, capacity 8250K, committed 8832K, reserved 1048576K
[2020-12-29T13:45:59.061-0500][gc,start       ] GC(24667) Pause Young (Normal) (G1 Evacuation Pause)
[2020-12-29T13:45:59.061-0500][gc,task        ] GC(24667) Using 8 workers of 8 for evacuation
[2020-12-29T13:45:59.064-0500][gc,phases      ] GC(24667)   Pre Evacuate Collection Set: 0.0ms
[2020-12-29T13:45:59.064-0500][gc,phases      ] GC(24667)   Evacuate Collection Set: 1.0ms
[2020-12-29T13:45:59.064-0500][gc,phases      ] GC(24667)   Post Evacuate Collection Set: 1.7ms
[2020-12-29T13:45:59.064-0500][gc,phases      ] GC(24667)   Other: 0.2ms
[2020-12-29T13:45:59.064-0500][gc,heap        ] GC(24667) Eden regions: 8->0(8)
[2020-12-29T13:45:59.064-0500][gc,heap        ] GC(24667) Survivor regions: 1->1(2)
[2020-12-29T13:45:59.064-0500][gc,heap        ] GC(24667) Old regions: 42->42
[2020-12-29T13:45:59.064-0500][gc,heap        ] GC(24667) Humongous regions: 4->4
[2020-12-29T13:45:59.064-0500][gc,metaspace   ] GC(24667) Metaspace: 50336K->50336K(1093632K)
[2020-12-29T13:45:59.064-0500][gc,heap        ] GC(24667) Heap after GC invocations=24668 (full 5726): garbage-first heap   total 64512K, used 43413K [0x0000000083000000, 0x0000000100000000)
[2020-12-29T13:45:59.064-0500][gc,heap        ] GC(24667)   region size 1024K, 1 young (1024K), 1 survivors (1024K)
[2020-12-29T13:45:59.064-0500][gc,heap        ] GC(24667)  Metaspace       used 50336K, capacity 52472K, committed 53888K, reserved 1093632K
[2020-12-29T13:45:59.064-0500][gc,heap        ] GC(24667)   class space    used 7457K, capacity 8250K, committed 8832K, reserved 1048576K
[2020-12-29T13:45:59.064-0500][gc             ] GC(24667) Pause Young (Normal) (G1 Evacuation Pause) 50M->42M(63M) 2.982ms
[2020-12-29T13:45:59.064-0500][gc,cpu         ] GC(24667) User=0.01s Sys=0.00s Real=0.00s
[2020-12-29T13:46:45.192-0500][gc,task        ] GC(24668) Using 5 workers of 8 for full compaction
[2020-12-29T13:46:45.192-0500][gc,start       ] GC(24668) Pause Full (System.gc())
[2020-12-29T13:46:45.192-0500][gc,heap        ] GC(24668) Heap before GC invocations=24668 (full 5726): garbage-first heap   total 64512K, used 46485K [0x0000000083000000, 0x0000000100000000)
[2020-12-29T13:46:45.192-0500][gc,heap        ] GC(24668)   region size 1024K, 5 young (5120K), 1 survivors (1024K)
[2020-12-29T13:46:45.192-0500][gc,heap        ] GC(24668)  Metaspace       used 50336K, capacity 52472K, committed 53888K, reserved 1093632K
[2020-12-29T13:46:45.192-0500][gc,heap        ] GC(24668)   class space    used 7457K, capacity 8250K, committed 8832K, reserved 1048576K
[2020-12-29T13:46:45.192-0500][gc,phases,start] GC(24668) Phase 1: Mark live objects
[2020-12-29T13:46:45.213-0500][gc,stringtable ] GC(24668) Cleaned string and symbol table, strings: 33323 processed, 4 removed, symbols: 120973 processed, 0 removed
[2020-12-29T13:46:45.213-0500][gc,phases      ] GC(24668) Phase 1: Mark live objects 21.330ms
[2020-12-29T13:46:45.213-0500][gc,phases,start] GC(24668) Phase 2: Prepare for compaction
[2020-12-29T13:46:45.217-0500][gc,phases      ] GC(24668) Phase 2: Prepare for compaction 4.022ms
[2020-12-29T13:46:45.218-0500][gc,phases,start] GC(24668) Phase 3: Adjust pointers
[2020-12-29T13:46:45.229-0500][gc,phases      ] GC(24668) Phase 3: Adjust pointers 11.160ms
[2020-12-29T13:46:45.229-0500][gc,phases,start] GC(24668) Phase 4: Compact heap
[2020-12-29T13:46:45.231-0500][gc,phases      ] GC(24668) Phase 4: Compact heap 2.633ms
[2020-12-29T13:46:45.236-0500][gc,heap        ] GC(24668) Eden regions: 4->0(10)
[2020-12-29T13:46:45.236-0500][gc,heap        ] GC(24668) Survivor regions: 1->0(2)
[2020-12-29T13:46:45.236-0500][gc,heap        ] GC(24668) Old regions: 42->41
[2020-12-29T13:46:45.236-0500][gc,heap        ] GC(24668) Humongous regions: 4->4
[2020-12-29T13:46:45.236-0500][gc,metaspace   ] GC(24668) Metaspace: 50336K->50336K(1093632K)
[2020-12-29T13:46:45.236-0500][gc,heap        ] GC(24668) Heap after GC invocations=24669 (full 5727): garbage-first heap   total 64512K, used 43348K [0x0000000083000000, 0x0000000100000000)
[2020-12-29T13:46:45.236-0500][gc,heap        ] GC(24668)   region size 1024K, 0 young (0K), 0 survivors (0K)
[2020-12-29T13:46:45.236-0500][gc,heap        ] GC(24668)  Metaspace       used 50336K, capacity 52472K, committed 53888K, reserved 1093632K
[2020-12-29T13:46:45.236-0500][gc,heap        ] GC(24668)   class space    used 7457K, capacity 8250K, committed 8832K, reserved 1048576K
[2020-12-29T13:46:45.236-0500][gc             ] GC(24668) Pause Full (System.gc()) 45M->42M(63M) 44.295ms
[2020-12-29T13:46:45.236-0500][gc,cpu         ] GC(24668) User=0.18s Sys=0.00s Real=0.04s
[2020-12-29T13:49:09.071-0500][gc,heap        ] GC(24669) Heap before GC invocations=24669 (full 5727): garbage-first heap   total 64512K, used 53588K [0x0000000083000000, 0x0000000100000000)
[2020-12-29T13:49:09.071-0500][gc,heap        ] GC(24669)   region size 1024K, 10 young (10240K), 0 survivors (0K)
[2020-12-29T13:49:09.071-0500][gc,heap        ] GC(24669)  Metaspace       used 50336K, capacity 52472K, committed 53888K, reserved 1093632K
[2020-12-29T13:49:09.071-0500][gc,heap        ] GC(24669)   class space    used 7457K, capacity 8250K, committed 8832K, reserved 1048576K
[2020-12-29T13:49:09.072-0500][gc,start       ] GC(24669) Pause Young (Normal) (G1 Evacuation Pause)
[2020-12-29T13:49:09.072-0500][gc,task        ] GC(24669) Using 8 workers of 8 for evacuation
[2020-12-29T13:49:09.090-0500][gc,phases      ] GC(24669)   Pre Evacuate Collection Set: 0.1ms
[2020-12-29T13:49:09.090-0500][gc,phases      ] GC(24669)   Evacuate Collection Set: 12.6ms
[2020-12-29T13:49:09.090-0500][gc,phases      ] GC(24669)   Post Evacuate Collection Set: 5.5ms
[2020-12-29T13:49:09.090-0500][gc,phases      ] GC(24669)   Other: 0.8ms
[2020-12-29T13:49:09.090-0500][gc,heap        ] GC(24669) Eden regions: 10->0(9)
[2020-12-29T13:49:09.090-0500][gc,heap        ] GC(24669) Survivor regions: 0->1(2)
[2020-12-29T13:49:09.090-0500][gc,heap        ] GC(24669) Old regions: 41->41
[2020-12-29T13:49:09.090-0500][gc,heap        ] GC(24669) Humongous regions: 4->4
[2020-12-29T13:49:09.090-0500][gc,metaspace   ] GC(24669) Metaspace: 50336K->50336K(1093632K)
[2020-12-29T13:49:09.090-0500][gc,heap        ] GC(24669) Heap after GC invocations=24670 (full 5727): garbage-first heap   total 64512K, used 43418K [0x0000000083000000, 0x0000000100000000)
[2020-12-29T13:49:09.090-0500][gc,heap        ] GC(24669)   region size 1024K, 1 young (1024K), 1 survivors (1024K)
[2020-12-29T13:49:09.090-0500][gc,heap        ] GC(24669)  Metaspace       used 50336K, capacity 52472K, committed 53888K, reserved 1093632K
[2020-12-29T13:49:09.090-0500][gc,heap        ] GC(24669)   class space    used 7457K, capacity 8250K, committed 8832K, reserved 1048576K
[2020-12-29T13:49:09.090-0500][gc             ] GC(24669) Pause Young (Normal) (G1 Evacuation Pause) 52M->42M(63M) 18.844ms
[2020-12-29T13:49:09.091-0500][gc,cpu         ] GC(24669) User=0.11s Sys=0.00s Real=0.02s
[2020-12-29T13:51:29.061-0500][gc,heap        ] GC(24670) Heap before GC invocations=24670 (full 5727): garbage-first heap   total 64512K, used 52634K [0x0000000083000000, 0x0000000100000000)
[2020-12-29T13:51:29.061-0500][gc,heap        ] GC(24670)   region size 1024K, 10 young (10240K), 1 survivors (1024K)
[2020-12-29T13:51:29.061-0500][gc,heap        ] GC(24670)  Metaspace       used 50336K, capacity 52472K, committed 53888K, reserved 1093632K
[2020-12-29T13:51:29.061-0500][gc,heap        ] GC(24670)   class space    used 7457K, capacity 8250K, committed 8832K, reserved 1048576K
[2020-12-29T13:51:29.061-0500][gc,start       ] GC(24670) Pause Young (Normal) (G1 Evacuation Pause)
[2020-12-29T13:51:29.061-0500][gc,task        ] GC(24670) Using 8 workers of 8 for evacuation
[2020-12-29T13:51:29.063-0500][gc,phases      ] GC(24670)   Pre Evacuate Collection Set: 0.0ms
[2020-12-29T13:51:29.063-0500][gc,phases      ] GC(24670)   Evacuate Collection Set: 0.6ms
[2020-12-29T13:51:29.063-0500][gc,phases      ] GC(24670)   Post Evacuate Collection Set: 1.0ms
[2020-12-29T13:51:29.063-0500][gc,phases      ] GC(24670)   Other: 0.2ms
[2020-12-29T13:51:29.063-0500][gc,heap        ] GC(24670) Eden regions: 9->0(9)
[2020-12-29T13:51:29.063-0500][gc,heap        ] GC(24670) Survivor regions: 1->1(2)
[2020-12-29T13:51:29.063-0500][gc,heap        ] GC(24670) Old regions: 41->41
[2020-12-29T13:51:29.063-0500][gc,heap        ] GC(24670) Humongous regions: 4->4
[2020-12-29T13:51:29.063-0500][gc,metaspace   ] GC(24670) Metaspace: 50336K->50336K(1093632K)
[2020-12-29T13:51:29.063-0500][gc,heap        ] GC(24670) Heap after GC invocations=24671 (full 5727): garbage-first heap   total 64512K, used 43411K [0x0000000083000000, 0x0000000100000000)
[2020-12-29T13:51:29.063-0500][gc,heap        ] GC(24670)   region size 1024K, 1 young (1024K), 1 survivors (1024K)
[2020-12-29T13:51:29.063-0500][gc,heap        ] GC(24670)  Metaspace       used 50336K, capacity 52472K, committed 53888K, reserved 1093632K
[2020-12-29T13:51:29.063-0500][gc,heap        ] GC(24670)   class space    used 7457K, capacity 8250K, committed 8832K, reserved 1048576K
[2020-12-29T13:51:29.063-0500][gc             ] GC(24670) Pause Young (Normal) (G1 Evacuation Pause) 51M->42M(63M) 1.842ms
[2020-12-29T13:51:29.063-0500][gc,cpu         ] GC(24670) User=0.00s Sys=0.00s Real=0.00s
[2020-12-29T13:51:45.192-0500][gc,task        ] GC(24671) Using 5 workers of 8 for full compaction
[2020-12-29T13:51:45.193-0500][gc,start       ] GC(24671) Pause Full (System.gc())
[2020-12-29T13:51:45.194-0500][gc,heap        ] GC(24671) Heap before GC invocations=24671 (full 5727): garbage-first heap   total 64512K, used 44435K [0x0000000083000000, 0x0000000100000000)
[2020-12-29T13:51:45.194-0500][gc,heap        ] GC(24671)   region size 1024K, 3 young (3072K), 1 survivors (1024K)
[2020-12-29T13:51:45.194-0500][gc,heap        ] GC(24671)  Metaspace       used 50336K, capacity 52472K, committed 53888K, reserved 1093632K
[2020-12-29T13:51:45.194-0500][gc,heap        ] GC(24671)   class space    used 7457K, capacity 8250K, committed 8832K, reserved 1048576K
[2020-12-29T13:51:45.196-0500][gc,phases,start] GC(24671) Phase 1: Mark live objects
[2020-12-29T13:51:45.232-0500][gc,stringtable ] GC(24671) Cleaned string and symbol table, strings: 33323 processed, 4 removed, symbols: 120973 processed, 0 removed
[2020-12-29T13:51:45.232-0500][gc,phases      ] GC(24671) Phase 1: Mark live objects 36.581ms
[2020-12-29T13:51:45.232-0500][gc,phases,start] GC(24671) Phase 2: Prepare for compaction
[2020-12-29T13:51:45.236-0500][gc,phases      ] GC(24671) Phase 2: Prepare for compaction 3.493ms
[2020-12-29T13:51:45.236-0500][gc,phases,start] GC(24671) Phase 3: Adjust pointers
[2020-12-29T13:51:45.248-0500][gc,phases      ] GC(24671) Phase 3: Adjust pointers 12.450ms
[2020-12-29T13:51:45.248-0500][gc,phases,start] GC(24671) Phase 4: Compact heap
[2020-12-29T13:51:45.251-0500][gc,phases      ] GC(24671) Phase 4: Compact heap 3.058ms
[2020-12-29T13:51:45.257-0500][gc,heap        ] GC(24671) Eden regions: 2->0(10)
[2020-12-29T13:51:45.257-0500][gc,heap        ] GC(24671) Survivor regions: 1->0(2)
[2020-12-29T13:51:45.257-0500][gc,heap        ] GC(24671) Old regions: 41->41
[2020-12-29T13:51:45.257-0500][gc,heap        ] GC(24671) Humongous regions: 4->4
[2020-12-29T13:51:45.257-0500][gc,metaspace   ] GC(24671) Metaspace: 50336K->50336K(1093632K)
[2020-12-29T13:51:45.257-0500][gc,heap        ] GC(24671) Heap after GC invocations=24672 (full 5728): garbage-first heap   total 64512K, used 43329K [0x0000000083000000, 0x0000000100000000)
[2020-12-29T13:51:45.257-0500][gc,heap        ] GC(24671)   region size 1024K, 0 young (0K), 0 survivors (0K)
[2020-12-29T13:51:45.257-0500][gc,heap        ] GC(24671)  Metaspace       used 50336K, capacity 52472K, committed 53888K, reserved 1093632K
[2020-12-29T13:51:45.257-0500][gc,heap        ] GC(24671)   class space    used 7457K, capacity 8250K, committed 8832K, reserved 1048576K
[2020-12-29T13:51:45.257-0500][gc             ] GC(24671) Pause Full (System.gc()) 43M->42M(63M) 64.007ms
[2020-12-29T13:51:45.257-0500][gc,cpu         ] GC(24671) User=0.26s Sys=0.00s Real=0.06s
[2020-12-29T13:54:19.061-0500][gc,heap        ] GC(24672) Heap before GC invocations=24672 (full 5728): garbage-first heap   total 64512K, used 53569K [0x0000000083000000, 0x0000000100000000)
[2020-12-29T13:54:19.061-0500][gc,heap        ] GC(24672)   region size 1024K, 10 young (10240K), 0 survivors (0K)
[2020-12-29T13:54:19.061-0500][gc,heap        ] GC(24672)  Metaspace       used 50336K, capacity 52472K, committed 53888K, reserved 1093632K
[2020-12-29T13:54:19.061-0500][gc,heap        ] GC(24672)   class space    used 7457K, capacity 8250K, committed 8832K, reserved 1048576K
[2020-12-29T13:54:19.061-0500][gc,start       ] GC(24672) Pause Young (Normal) (G1 Evacuation Pause)
[2020-12-29T13:54:19.061-0500][gc,task        ] GC(24672) Using 8 workers of 8 for evacuation
[2020-12-29T13:54:19.062-0500][gc,phases      ] GC(24672)   Pre Evacuate Collection Set: 0.0ms
[2020-12-29T13:54:19.062-0500][gc,phases      ] GC(24672)   Evacuate Collection Set: 0.5ms
[2020-12-29T13:54:19.062-0500][gc,phases      ] GC(24672)   Post Evacuate Collection Set: 0.8ms
[2020-12-29T13:54:19.062-0500][gc,phases      ] GC(24672)   Other: 0.2ms
[2020-12-29T13:54:19.062-0500][gc,heap        ] GC(24672) Eden regions: 10->0(9)
[2020-12-29T13:54:19.062-0500][gc,heap        ] GC(24672) Survivor regions: 0->1(2)
[2020-12-29T13:54:19.062-0500][gc,heap        ] GC(24672) Old regions: 41->41
[2020-12-29T13:54:19.062-0500][gc,heap        ] GC(24672) Humongous regions: 4->4
[2020-12-29T13:54:19.062-0500][gc,metaspace   ] GC(24672) Metaspace: 50336K->50336K(1093632K)
[2020-12-29T13:54:19.062-0500][gc,heap        ] GC(24672) Heap after GC invocations=24673 (full 5728): garbage-first heap   total 64512K, used 43418K [0x0000000083000000, 0x0000000100000000)
[2020-12-29T13:54:19.062-0500][gc,heap        ] GC(24672)   region size 1024K, 1 young (1024K), 1 survivors (1024K)
[2020-12-29T13:54:19.062-0500][gc,heap        ] GC(24672)  Metaspace       used 50336K, capacity 52472K, committed 53888K, reserved 1093632K
[2020-12-29T13:54:19.062-0500][gc,heap        ] GC(24672)   class space    used 7457K, capacity 8250K, committed 8832K, reserved 1048576K
[2020-12-29T13:54:19.062-0500][gc             ] GC(24672) Pause Young (Normal) (G1 Evacuation Pause) 52M->42M(63M) 1.513ms
[2020-12-29T13:54:19.062-0500][gc,cpu         ] GC(24672) User=0.00s Sys=0.00s Real=0.00s
[2020-12-29T13:56:29.062-0500][gc,heap        ] GC(24673) Heap before GC invocations=24673 (full 5728): garbage-first heap   total 64512K, used 51610K [0x0000000083000000, 0x0000000100000000)
[2020-12-29T13:56:29.062-0500][gc,heap        ] GC(24673)   region size 1024K, 10 young (10240K), 1 survivors (1024K)
[2020-12-29T13:56:29.062-0500][gc,heap        ] GC(24673)  Metaspace       used 50336K, capacity 52472K, committed 53888K, reserved 1093632K
[2020-12-29T13:56:29.062-0500][gc,heap        ] GC(24673)   class space    used 7457K, capacity 8250K, committed 8832K, reserved 1048576K
[2020-12-29T13:56:29.062-0500][gc,start       ] GC(24673) Pause Young (Normal) (G1 Evacuation Pause)
[2020-12-29T13:56:29.062-0500][gc,task        ] GC(24673) Using 8 workers of 8 for evacuation
[2020-12-29T13:56:29.064-0500][gc,phases      ] GC(24673)   Pre Evacuate Collection Set: 0.0ms
[2020-12-29T13:56:29.064-0500][gc,phases      ] GC(24673)   Evacuate Collection Set: 1.2ms
[2020-12-29T13:56:29.064-0500][gc,phases      ] GC(24673)   Post Evacuate Collection Set: 1.0ms
[2020-12-29T13:56:29.064-0500][gc,phases      ] GC(24673)   Other: 0.4ms
[2020-12-29T13:56:29.064-0500][gc,heap        ] GC(24673) Eden regions: 9->0(9)
[2020-12-29T13:56:29.064-0500][gc,heap        ] GC(24673) Survivor regions: 1->1(2)
[2020-12-29T13:56:29.064-0500][gc,heap        ] GC(24673) Old regions: 41->41
[2020-12-29T13:56:29.064-0500][gc,heap        ] GC(24673) Humongous regions: 4->4
[2020-12-29T13:56:29.064-0500][gc,metaspace   ] GC(24673) Metaspace: 50336K->50336K(1093632K)
[2020-12-29T13:56:29.064-0500][gc,heap        ] GC(24673) Heap after GC invocations=24674 (full 5728): garbage-first heap   total 64512K, used 43400K [0x0000000083000000, 0x0000000100000000)
[2020-12-29T13:56:29.064-0500][gc,heap        ] GC(24673)   region size 1024K, 1 young (1024K), 1 survivors (1024K)
[2020-12-29T13:56:29.064-0500][gc,heap        ] GC(24673)  Metaspace       used 50336K, capacity 52472K, committed 53888K, reserved 1093632K
[2020-12-29T13:56:29.064-0500][gc,heap        ] GC(24673)   class space    used 7457K, capacity 8250K, committed 8832K, reserved 1048576K
[2020-12-29T13:56:29.064-0500][gc             ] GC(24673) Pause Young (Normal) (G1 Evacuation Pause) 51M->42M(63M) 2.625ms
[2020-12-29T13:56:29.064-0500][gc,cpu         ] GC(24673) User=0.01s Sys=0.00s Real=0.00s
[2020-12-29T13:56:45.190-0500][gc,task        ] GC(24674) Using 5 workers of 8 for full compaction
[2020-12-29T13:56:45.190-0500][gc,start       ] GC(24674) Pause Full (System.gc())
[2020-12-29T13:56:45.190-0500][gc,heap        ] GC(24674) Heap before GC invocations=24674 (full 5728): garbage-first heap   total 64512K, used 43400K [0x0000000083000000, 0x0000000100000000)
[2020-12-29T13:56:45.190-0500][gc,heap        ] GC(24674)   region size 1024K, 2 young (2048K), 1 survivors (1024K)
[2020-12-29T13:56:45.190-0500][gc,heap        ] GC(24674)  Metaspace       used 50336K, capacity 52472K, committed 53888K, reserved 1093632K
[2020-12-29T13:56:45.190-0500][gc,heap        ] GC(24674)   class space    used 7457K, capacity 8250K, committed 8832K, reserved 1048576K
[2020-12-29T13:56:45.191-0500][gc,phases,start] GC(24674) Phase 1: Mark live objects
[2020-12-29T13:56:45.223-0500][gc,stringtable ] GC(24674) Cleaned string and symbol table, strings: 33323 processed, 4 removed, symbols: 120973 processed, 0 removed
[2020-12-29T13:56:45.223-0500][gc,phases      ] GC(24674) Phase 1: Mark live objects 32.482ms
[2020-12-29T13:56:45.223-0500][gc,phases,start] GC(24674) Phase 2: Prepare for compaction
[2020-12-29T13:56:45.229-0500][gc,phases      ] GC(24674) Phase 2: Prepare for compaction 5.271ms
[2020-12-29T13:56:45.229-0500][gc,phases,start] GC(24674) Phase 3: Adjust pointers
[2020-12-29T13:56:45.239-0500][gc,phases      ] GC(24674) Phase 3: Adjust pointers 10.121ms
[2020-12-29T13:56:45.239-0500][gc,phases,start] GC(24674) Phase 4: Compact heap
[2020-12-29T13:56:45.242-0500][gc,phases      ] GC(24674) Phase 4: Compact heap 2.709ms
[2020-12-29T13:56:45.246-0500][gc,heap        ] GC(24674) Eden regions: 1->0(10)
[2020-12-29T13:56:45.246-0500][gc,heap        ] GC(24674) Survivor regions: 1->0(2)
[2020-12-29T13:56:45.246-0500][gc,heap        ] GC(24674) Old regions: 41->41
[2020-12-29T13:56:45.246-0500][gc,heap        ] GC(24674) Humongous regions: 4->4
[2020-12-29T13:56:45.246-0500][gc,metaspace   ] GC(24674) Metaspace: 50336K->50336K(1093632K)
[2020-12-29T13:56:45.246-0500][gc,heap        ] GC(24674) Heap after GC invocations=24675 (full 5729): garbage-first heap   total 64512K, used 43330K [0x0000000083000000, 0x0000000100000000)
[2020-12-29T13:56:45.246-0500][gc,heap        ] GC(24674)   region size 1024K, 0 young (0K), 0 survivors (0K)
[2020-12-29T13:56:45.246-0500][gc,heap        ] GC(24674)  Metaspace       used 50336K, capacity 52472K, committed 53888K, reserved 1093632K
[2020-12-29T13:56:45.246-0500][gc,heap        ] GC(24674)   class space    used 7457K, capacity 8250K, committed 8832K, reserved 1048576K
[2020-12-29T13:56:45.246-0500][gc             ] GC(24674) Pause Full (System.gc()) 43M->42M(63M) 55.937ms
[2020-12-29T13:56:45.246-0500][gc,cpu         ] GC(24674) User=0.24s Sys=0.00s Real=0.05s
[2020-12-29T13:59:09.433-0500][gc,heap        ] GC(24675) Heap before GC invocations=24675 (full 5729): garbage-first heap   total 64512K, used 53570K [0x0000000083000000, 0x0000000100000000)
[2020-12-29T13:59:09.433-0500][gc,heap        ] GC(24675)   region size 1024K, 10 young (10240K), 0 survivors (0K)
[2020-12-29T13:59:09.434-0500][gc,heap        ] GC(24675)  Metaspace       used 50336K, capacity 52472K, committed 53888K, reserved 1093632K
[2020-12-29T13:59:09.434-0500][gc,heap        ] GC(24675)   class space    used 7457K, capacity 8250K, committed 8832K, reserved 1048576K
[2020-12-29T13:59:09.434-0500][gc,start       ] GC(24675) Pause Young (Normal) (G1 Evacuation Pause)
[2020-12-29T13:59:09.434-0500][gc,task        ] GC(24675) Using 8 workers of 8 for evacuation
[2020-12-29T13:59:09.436-0500][gc,phases      ] GC(24675)   Pre Evacuate Collection Set: 0.0ms
[2020-12-29T13:59:09.436-0500][gc,phases      ] GC(24675)   Evacuate Collection Set: 1.2ms
[2020-12-29T13:59:09.436-0500][gc,phases      ] GC(24675)   Post Evacuate Collection Set: 1.4ms
[2020-12-29T13:59:09.436-0500][gc,phases      ] GC(24675)   Other: 0.3ms
[2020-12-29T13:59:09.436-0500][gc,heap        ] GC(24675) Eden regions: 10->0(9)
[2020-12-29T13:59:09.436-0500][gc,heap        ] GC(24675) Survivor regions: 0->1(2)
[2020-12-29T13:59:09.436-0500][gc,heap        ] GC(24675) Old regions: 41->41
[2020-12-29T13:59:09.436-0500][gc,heap        ] GC(24675) Humongous regions: 4->4
[2020-12-29T13:59:09.436-0500][gc,metaspace   ] GC(24675) Metaspace: 50336K->50336K(1093632K)
[2020-12-29T13:59:09.436-0500][gc,heap        ] GC(24675) Heap after GC invocations=24676 (full 5729): garbage-first heap   total 64512K, used 43396K [0x0000000083000000, 0x0000000100000000)
[2020-12-29T13:59:09.436-0500][gc,heap        ] GC(24675)   region size 1024K, 1 young (1024K), 1 survivors (1024K)
[2020-12-29T13:59:09.436-0500][gc,heap        ] GC(24675)  Metaspace       used 50336K, capacity 52472K, committed 53888K, reserved 1093632K
[2020-12-29T13:59:09.436-0500][gc,heap        ] GC(24675)   class space    used 7457K, capacity 8250K, committed 8832K, reserved 1048576K
[2020-12-29T13:59:09.436-0500][gc             ] GC(24675) Pause Young (Normal) (G1 Evacuation Pause) 52M->42M(63M) 2.823ms
[2020-12-29T13:59:09.436-0500][gc,cpu         ] GC(24675) User=0.01s Sys=0.00s Real=0.00s
[2020-12-29T14:01:29.063-0500][gc,heap        ] GC(24676) Heap before GC invocations=24676 (full 5729): garbage-first heap   total 64512K, used 51588K [0x0000000083000000, 0x0000000100000000)
[2020-12-29T14:01:29.063-0500][gc,heap        ] GC(24676)   region size 1024K, 10 young (10240K), 1 survivors (1024K)
[2020-12-29T14:01:29.063-0500][gc,heap        ] GC(24676)  Metaspace       used 50336K, capacity 52472K, committed 53888K, reserved 1093632K
[2020-12-29T14:01:29.063-0500][gc,heap        ] GC(24676)   class space    used 7457K, capacity 8250K, committed 8832K, reserved 1048576K
[2020-12-29T14:01:29.063-0500][gc,start       ] GC(24676) Pause Young (Normal) (G1 Evacuation Pause)
[2020-12-29T14:01:29.063-0500][gc,task        ] GC(24676) Using 8 workers of 8 for evacuation
[2020-12-29T14:01:29.068-0500][gc,phases      ] GC(24676)   Pre Evacuate Collection Set: 0.0ms
[2020-12-29T14:01:29.068-0500][gc,phases      ] GC(24676)   Evacuate Collection Set: 1.6ms
[2020-12-29T14:01:29.068-0500][gc,phases      ] GC(24676)   Post Evacuate Collection Set: 2.4ms
[2020-12-29T14:01:29.068-0500][gc,phases      ] GC(24676)   Other: 0.5ms
[2020-12-29T14:01:29.068-0500][gc,heap        ] GC(24676) Eden regions: 9->0(9)
[2020-12-29T14:01:29.068-0500][gc,heap        ] GC(24676) Survivor regions: 1->1(2)
[2020-12-29T14:01:29.068-0500][gc,heap        ] GC(24676) Old regions: 41->41
[2020-12-29T14:01:29.068-0500][gc,heap        ] GC(24676) Humongous regions: 4->4
[2020-12-29T14:01:29.068-0500][gc,metaspace   ] GC(24676) Metaspace: 50336K->50336K(1093632K)
[2020-12-29T14:01:29.068-0500][gc,heap        ] GC(24676) Heap after GC invocations=24677 (full 5729): garbage-first heap   total 64512K, used 43386K [0x0000000083000000, 0x0000000100000000)
[2020-12-29T14:01:29.068-0500][gc,heap        ] GC(24676)   region size 1024K, 1 young (1024K), 1 survivors (1024K)
[2020-12-29T14:01:29.068-0500][gc,heap        ] GC(24676)  Metaspace       used 50336K, capacity 52472K, committed 53888K, reserved 1093632K
[2020-12-29T14:01:29.068-0500][gc,heap        ] GC(24676)   class space    used 7457K, capacity 8250K, committed 8832K, reserved 1048576K
[2020-12-29T14:01:29.068-0500][gc             ] GC(24676) Pause Young (Normal) (G1 Evacuation Pause) 51M->42M(63M) 4.629ms
[2020-12-29T14:01:29.068-0500][gc,cpu         ] GC(24676) User=0.00s Sys=0.01s Real=0.01s
[2020-12-29T14:01:45.191-0500][gc,task        ] GC(24677) Using 5 workers of 8 for full compaction
[2020-12-29T14:01:45.192-0500][gc,start       ] GC(24677) Pause Full (System.gc())
[2020-12-29T14:01:45.192-0500][gc,heap        ] GC(24677) Heap before GC invocations=24677 (full 5729): garbage-first heap   total 64512K, used 44410K [0x0000000083000000, 0x0000000100000000)
[2020-12-29T14:01:45.192-0500][gc,heap        ] GC(24677)   region size 1024K, 3 young (3072K), 1 survivors (1024K)
[2020-12-29T14:01:45.192-0500][gc,heap        ] GC(24677)  Metaspace       used 50336K, capacity 52472K, committed 53888K, reserved 1093632K
[2020-12-29T14:01:45.192-0500][gc,heap        ] GC(24677)   class space    used 7457K, capacity 8250K, committed 8832K, reserved 1048576K
[2020-12-29T14:01:45.193-0500][gc,phases,start] GC(24677) Phase 1: Mark live objects
[2020-12-29T14:01:45.232-0500][gc,stringtable ] GC(24677) Cleaned string and symbol table, strings: 33323 processed, 4 removed, symbols: 120973 processed, 0 removed
[2020-12-29T14:01:45.232-0500][gc,phases      ] GC(24677) Phase 1: Mark live objects 39.574ms
[2020-12-29T14:01:45.232-0500][gc,phases,start] GC(24677) Phase 2: Prepare for compaction
[2020-12-29T14:01:45.238-0500][gc,phases      ] GC(24677) Phase 2: Prepare for compaction 6.001ms
[2020-12-29T14:01:45.238-0500][gc,phases,start] GC(24677) Phase 3: Adjust pointers
[2020-12-29T14:01:45.250-0500][gc,phases      ] GC(24677) Phase 3: Adjust pointers 11.341ms
[2020-12-29T14:01:45.250-0500][gc,phases,start] GC(24677) Phase 4: Compact heap
[2020-12-29T14:01:45.253-0500][gc,phases      ] GC(24677) Phase 4: Compact heap 2.944ms
[2020-12-29T14:01:45.257-0500][gc,heap        ] GC(24677) Eden regions: 2->0(10)
[2020-12-29T14:01:45.257-0500][gc,heap        ] GC(24677) Survivor regions: 1->0(2)
[2020-12-29T14:01:45.257-0500][gc,heap        ] GC(24677) Old regions: 41->41
[2020-12-29T14:01:45.257-0500][gc,heap        ] GC(24677) Humongous regions: 4->4
[2020-12-29T14:01:45.257-0500][gc,metaspace   ] GC(24677) Metaspace: 50336K->50336K(1093632K)
[2020-12-29T14:01:45.257-0500][gc,heap        ] GC(24677) Heap after GC invocations=24678 (full 5730): garbage-first heap   total 64512K, used 43330K [0x0000000083000000, 0x0000000100000000)
[2020-12-29T14:01:45.257-0500][gc,heap        ] GC(24677)   region size 1024K, 0 young (0K), 0 survivors (0K)
[2020-12-29T14:01:45.257-0500][gc,heap        ] GC(24677)  Metaspace       used 50336K, capacity 52472K, committed 53888K, reserved 1093632K
[2020-12-29T14:01:45.257-0500][gc,heap        ] GC(24677)   class space    used 7457K, capacity 8250K, committed 8832K, reserved 1048576K
[2020-12-29T14:01:45.257-0500][gc             ] GC(24677) Pause Full (System.gc()) 43M->42M(63M) 65.659ms
[2020-12-29T14:01:45.257-0500][gc,cpu         ] GC(24677) User=0.28s Sys=0.00s Real=0.06s
[2020-12-29T14:04:09.062-0500][gc,heap        ] GC(24678) Heap before GC invocations=24678 (full 5730): garbage-first heap   total 64512K, used 52546K [0x0000000083000000, 0x0000000100000000)
[2020-12-29T14:04:09.062-0500][gc,heap        ] GC(24678)   region size 1024K, 10 young (10240K), 0 survivors (0K)
[2020-12-29T14:04:09.062-0500][gc,heap        ] GC(24678)  Metaspace       used 50336K, capacity 52472K, committed 53888K, reserved 1093632K
[2020-12-29T14:04:09.062-0500][gc,heap        ] GC(24678)   class space    used 7457K, capacity 8250K, committed 8832K, reserved 1048576K
[2020-12-29T14:04:09.062-0500][gc,start       ] GC(24678) Pause Young (Normal) (G1 Evacuation Pause)
[2020-12-29T14:04:09.062-0500][gc,task        ] GC(24678) Using 8 workers of 8 for evacuation
[2020-12-29T14:04:09.064-0500][gc,phases      ] GC(24678)   Pre Evacuate Collection Set: 0.0ms
[2020-12-29T14:04:09.064-0500][gc,phases      ] GC(24678)   Evacuate Collection Set: 0.8ms
[2020-12-29T14:04:09.064-0500][gc,phases      ] GC(24678)   Post Evacuate Collection Set: 1.0ms
[2020-12-29T14:04:09.064-0500][gc,phases      ] GC(24678)   Other: 0.2ms
[2020-12-29T14:04:09.064-0500][gc,heap        ] GC(24678) Eden regions: 10->0(9)
[2020-12-29T14:04:09.064-0500][gc,heap        ] GC(24678) Survivor regions: 0->1(2)
[2020-12-29T14:04:09.064-0500][gc,heap        ] GC(24678) Old regions: 41->41
[2020-12-29T14:04:09.064-0500][gc,heap        ] GC(24678) Humongous regions: 4->4
[2020-12-29T14:04:09.064-0500][gc,metaspace   ] GC(24678) Metaspace: 50336K->50336K(1093632K)
[2020-12-29T14:04:09.064-0500][gc,heap        ] GC(24678) Heap after GC invocations=24679 (full 5730): garbage-first heap   total 64512K, used 43429K [0x0000000083000000, 0x0000000100000000)
[2020-12-29T14:04:09.064-0500][gc,heap        ] GC(24678)   region size 1024K, 1 young (1024K), 1 survivors (1024K)
[2020-12-29T14:04:09.064-0500][gc,heap        ] GC(24678)  Metaspace       used 50336K, capacity 52472K, committed 53888K, reserved 1093632K
[2020-12-29T14:04:09.064-0500][gc,heap        ] GC(24678)   class space    used 7457K, capacity 8250K, committed 8832K, reserved 1048576K
[2020-12-29T14:04:09.064-0500][gc             ] GC(24678) Pause Young (Normal) (G1 Evacuation Pause) 52M->42M(63M) 2.008ms
[2020-12-29T14:04:09.064-0500][gc,cpu         ] GC(24678) User=0.00s Sys=0.00s Real=0.00s
[2020-12-29T14:06:22.241-0500][gc,heap        ] GC(24679) Heap before GC invocations=24679 (full 5730): garbage-first heap   total 64512K, used 51621K [0x0000000083000000, 0x0000000100000000)
[2020-12-29T14:06:22.241-0500][gc,heap        ] GC(24679)   region size 1024K, 10 young (10240K), 1 survivors (1024K)
[2020-12-29T14:06:22.241-0500][gc,heap        ] GC(24679)  Metaspace       used 50336K, capacity 52472K, committed 53888K, reserved 1093632K
[2020-12-29T14:06:22.241-0500][gc,heap        ] GC(24679)   class space    used 7457K, capacity 8250K, committed 8832K, reserved 1048576K
[2020-12-29T14:06:22.241-0500][gc,start       ] GC(24679) Pause Young (Normal) (G1 Evacuation Pause)
[2020-12-29T14:06:22.241-0500][gc,task        ] GC(24679) Using 8 workers of 8 for evacuation
[2020-12-29T14:06:22.243-0500][gc,phases      ] GC(24679)   Pre Evacuate Collection Set: 0.0ms
[2020-12-29T14:06:22.243-0500][gc,phases      ] GC(24679)   Evacuate Collection Set: 0.8ms
[2020-12-29T14:06:22.243-0500][gc,phases      ] GC(24679)   Post Evacuate Collection Set: 1.1ms
[2020-12-29T14:06:22.244-0500][gc,phases      ] GC(24679)   Other: 0.3ms
[2020-12-29T14:06:22.244-0500][gc,heap        ] GC(24679) Eden regions: 9->0(9)
[2020-12-29T14:06:22.244-0500][gc,heap        ] GC(24679) Survivor regions: 1->1(2)
[2020-12-29T14:06:22.244-0500][gc,heap        ] GC(24679) Old regions: 41->41
[2020-12-29T14:06:22.244-0500][gc,heap        ] GC(24679) Humongous regions: 4->4
[2020-12-29T14:06:22.244-0500][gc,metaspace   ] GC(24679) Metaspace: 50336K->50336K(1093632K)
[2020-12-29T14:06:22.244-0500][gc,heap        ] GC(24679) Heap after GC invocations=24680 (full 5730): garbage-first heap   total 64512K, used 43402K [0x0000000083000000, 0x0000000100000000)
[2020-12-29T14:06:22.244-0500][gc,heap        ] GC(24679)   region size 1024K, 1 young (1024K), 1 survivors (1024K)
[2020-12-29T14:06:22.244-0500][gc,heap        ] GC(24679)  Metaspace       used 50336K, capacity 52472K, committed 53888K, reserved 1093632K
[2020-12-29T14:06:22.244-0500][gc,heap        ] GC(24679)   class space    used 7457K, capacity 8250K, committed 8832K, reserved 1048576K
[2020-12-29T14:06:22.244-0500][gc             ] GC(24679) Pause Young (Normal) (G1 Evacuation Pause) 51M->42M(63M) 2.255ms
[2020-12-29T14:06:22.244-0500][gc,cpu         ] GC(24679) User=0.00s Sys=0.00s Real=0.00s
[2020-12-29T14:06:45.190-0500][gc,task        ] GC(24680) Using 5 workers of 8 for full compaction
[2020-12-29T14:06:45.193-0500][gc,start       ] GC(24680) Pause Full (System.gc())
[2020-12-29T14:06:45.193-0500][gc,heap        ] GC(24680) Heap before GC invocations=24680 (full 5730): garbage-first heap   total 64512K, used 44426K [0x0000000083000000, 0x0000000100000000)
[2020-12-29T14:06:45.193-0500][gc,heap        ] GC(24680)   region size 1024K, 3 young (3072K), 1 survivors (1024K)
[2020-12-29T14:06:45.193-0500][gc,heap        ] GC(24680)  Metaspace       used 50336K, capacity 52472K, committed 53888K, reserved 1093632K
[2020-12-29T14:06:45.193-0500][gc,heap        ] GC(24680)   class space    used 7457K, capacity 8250K, committed 8832K, reserved 1048576K
[2020-12-29T14:06:45.193-0500][gc,phases,start] GC(24680) Phase 1: Mark live objects
[2020-12-29T14:06:45.241-0500][gc,stringtable ] GC(24680) Cleaned string and symbol table, strings: 33323 processed, 4 removed, symbols: 120973 processed, 0 removed
[2020-12-29T14:06:45.241-0500][gc,phases      ] GC(24680) Phase 1: Mark live objects 47.313ms
[2020-12-29T14:06:45.241-0500][gc,phases,start] GC(24680) Phase 2: Prepare for compaction
[2020-12-29T14:06:45.245-0500][gc,phases      ] GC(24680) Phase 2: Prepare for compaction 3.935ms
[2020-12-29T14:06:45.245-0500][gc,phases,start] GC(24680) Phase 3: Adjust pointers
[2020-12-29T14:06:45.256-0500][gc,phases      ] GC(24680) Phase 3: Adjust pointers 11.025ms
[2020-12-29T14:06:45.256-0500][gc,phases,start] GC(24680) Phase 4: Compact heap
[2020-12-29T14:06:45.259-0500][gc,phases      ] GC(24680) Phase 4: Compact heap 2.904ms
[2020-12-29T14:06:45.263-0500][gc,heap        ] GC(24680) Eden regions: 2->0(10)
[2020-12-29T14:06:45.263-0500][gc,heap        ] GC(24680) Survivor regions: 1->0(2)
[2020-12-29T14:06:45.263-0500][gc,heap        ] GC(24680) Old regions: 41->41
[2020-12-29T14:06:45.263-0500][gc,heap        ] GC(24680) Humongous regions: 4->4
[2020-12-29T14:06:45.263-0500][gc,metaspace   ] GC(24680) Metaspace: 50336K->50336K(1093632K)
[2020-12-29T14:06:45.263-0500][gc,heap        ] GC(24680) Heap after GC invocations=24681 (full 5731): garbage-first heap   total 64512K, used 43331K [0x0000000083000000, 0x0000000100000000)
[2020-12-29T14:06:45.263-0500][gc,heap        ] GC(24680)   region size 1024K, 0 young (0K), 0 survivors (0K)
[2020-12-29T14:06:45.263-0500][gc,heap        ] GC(24680)  Metaspace       used 50336K, capacity 52472K, committed 53888K, reserved 1093632K
[2020-12-29T14:06:45.263-0500][gc,heap        ] GC(24680)   class space    used 7457K, capacity 8250K, committed 8832K, reserved 1048576K
[2020-12-29T14:06:45.263-0500][gc             ] GC(24680) Pause Full (System.gc()) 43M->42M(63M) 70.282ms
[2020-12-29T14:06:45.263-0500][gc,cpu         ] GC(24680) User=0.29s Sys=0.00s Real=0.07s
[2020-12-29T14:09:09.061-0500][gc,heap        ] GC(24681) Heap before GC invocations=24681 (full 5731): garbage-first heap   total 64512K, used 52547K [0x0000000083000000, 0x0000000100000000)
[2020-12-29T14:09:09.061-0500][gc,heap        ] GC(24681)   region size 1024K, 10 young (10240K), 0 survivors (0K)
[2020-12-29T14:09:09.061-0500][gc,heap        ] GC(24681)  Metaspace       used 50336K, capacity 52472K, committed 53888K, reserved 1093632K
[2020-12-29T14:09:09.061-0500][gc,heap        ] GC(24681)   class space    used 7457K, capacity 8250K, committed 8832K, reserved 1048576K
[2020-12-29T14:09:09.061-0500][gc,start       ] GC(24681) Pause Young (Normal) (G1 Evacuation Pause)
[2020-12-29T14:09:09.061-0500][gc,task        ] GC(24681) Using 8 workers of 8 for evacuation
[2020-12-29T14:09:09.066-0500][gc,phases      ] GC(24681)   Pre Evacuate Collection Set: 0.0ms
[2020-12-29T14:09:09.066-0500][gc,phases      ] GC(24681)   Evacuate Collection Set: 2.0ms
[2020-12-29T14:09:09.066-0500][gc,phases      ] GC(24681)   Post Evacuate Collection Set: 2.5ms
[2020-12-29T14:09:09.066-0500][gc,phases      ] GC(24681)   Other: 0.5ms
[2020-12-29T14:09:09.066-0500][gc,heap        ] GC(24681) Eden regions: 10->0(9)
[2020-12-29T14:09:09.066-0500][gc,heap        ] GC(24681) Survivor regions: 0->1(2)
[2020-12-29T14:09:09.066-0500][gc,heap        ] GC(24681) Old regions: 41->41
[2020-12-29T14:09:09.066-0500][gc,heap        ] GC(24681) Humongous regions: 4->4
[2020-12-29T14:09:09.066-0500][gc,metaspace   ] GC(24681) Metaspace: 50336K->50336K(1093632K)
[2020-12-29T14:09:09.066-0500][gc,heap        ] GC(24681) Heap after GC invocations=24682 (full 5731): garbage-first heap   total 64512K, used 43426K [0x0000000083000000, 0x0000000100000000)
[2020-12-29T14:09:09.066-0500][gc,heap        ] GC(24681)   region size 1024K, 1 young (1024K), 1 survivors (1024K)
[2020-12-29T14:09:09.066-0500][gc,heap        ] GC(24681)  Metaspace       used 50336K, capacity 52472K, committed 53888K, reserved 1093632K
[2020-12-29T14:09:09.067-0500][gc,heap        ] GC(24681)   class space    used 7457K, capacity 8250K, committed 8832K, reserved 1048576K
[2020-12-29T14:09:09.067-0500][gc             ] GC(24681) Pause Young (Normal) (G1 Evacuation Pause) 52M->42M(63M) 5.111ms
[2020-12-29T14:09:09.067-0500][gc,cpu         ] GC(24681) User=0.00s Sys=0.01s Real=0.00s
[2020-12-29T14:11:20.024-0500][gc,heap        ] GC(24682) Heap before GC invocations=24682 (full 5731): garbage-first heap   total 64512K, used 51618K [0x0000000083000000, 0x0000000100000000)
[2020-12-29T14:11:20.024-0500][gc,heap        ] GC(24682)   region size 1024K, 10 young (10240K), 1 survivors (1024K)
[2020-12-29T14:11:20.024-0500][gc,heap        ] GC(24682)  Metaspace       used 50336K, capacity 52472K, committed 53888K, reserved 1093632K
[2020-12-29T14:11:20.024-0500][gc,heap        ] GC(24682)   class space    used 7457K, capacity 8250K, committed 8832K, reserved 1048576K
[2020-12-29T14:11:20.024-0500][gc,start       ] GC(24682) Pause Young (Normal) (G1 Evacuation Pause)
[2020-12-29T14:11:20.026-0500][gc,task        ] GC(24682) Using 8 workers of 8 for evacuation
[2020-12-29T14:11:20.095-0500][gc,phases      ] GC(24682)   Pre Evacuate Collection Set: 0.0ms
[2020-12-29T14:11:20.095-0500][gc,phases      ] GC(24682)   Evacuate Collection Set: 8.6ms
[2020-12-29T14:11:20.095-0500][gc,phases      ] GC(24682)   Post Evacuate Collection Set: 60.0ms
[2020-12-29T14:11:20.095-0500][gc,phases      ] GC(24682)   Other: 3.0ms
[2020-12-29T14:11:20.095-0500][gc,heap        ] GC(24682) Eden regions: 9->0(9)
[2020-12-29T14:11:20.095-0500][gc,heap        ] GC(24682) Survivor regions: 1->1(2)
[2020-12-29T14:11:20.095-0500][gc,heap        ] GC(24682) Old regions: 41->41
[2020-12-29T14:11:20.095-0500][gc,heap        ] GC(24682) Humongous regions: 4->4
[2020-12-29T14:11:20.095-0500][gc,metaspace   ] GC(24682) Metaspace: 50336K->50336K(1093632K)
[2020-12-29T14:11:20.095-0500][gc,heap        ] GC(24682) Heap after GC invocations=24683 (full 5731): garbage-first heap   total 64512K, used 43390K [0x0000000083000000, 0x0000000100000000)
[2020-12-29T14:11:20.095-0500][gc,heap        ] GC(24682)   region size 1024K, 1 young (1024K), 1 survivors (1024K)
[2020-12-29T14:11:20.095-0500][gc,heap        ] GC(24682)  Metaspace       used 50336K, capacity 52472K, committed 53888K, reserved 1093632K
[2020-12-29T14:11:20.095-0500][gc,heap        ] GC(24682)   class space    used 7457K, capacity 8250K, committed 8832K, reserved 1048576K
[2020-12-29T14:11:20.095-0500][gc             ] GC(24682) Pause Young (Normal) (G1 Evacuation Pause) 51M->42M(63M) 71.760ms
[2020-12-29T14:11:20.096-0500][gc,cpu         ] GC(24682) User=0.35s Sys=0.01s Real=0.07s
[2020-12-29T14:11:45.190-0500][gc,task        ] GC(24683) Using 5 workers of 8 for full compaction
[2020-12-29T14:11:45.190-0500][gc,start       ] GC(24683) Pause Full (System.gc())
[2020-12-29T14:11:45.190-0500][gc,heap        ] GC(24683) Heap before GC invocations=24683 (full 5731): garbage-first heap   total 64512K, used 44414K [0x0000000083000000, 0x0000000100000000)
[2020-12-29T14:11:45.190-0500][gc,heap        ] GC(24683)   region size 1024K, 3 young (3072K), 1 survivors (1024K)
[2020-12-29T14:11:45.190-0500][gc,heap        ] GC(24683)  Metaspace       used 50336K, capacity 52472K, committed 53888K, reserved 1093632K
[2020-12-29T14:11:45.190-0500][gc,heap        ] GC(24683)   class space    used 7457K, capacity 8250K, committed 8832K, reserved 1048576K
[2020-12-29T14:11:45.190-0500][gc,phases,start] GC(24683) Phase 1: Mark live objects
[2020-12-29T14:11:45.210-0500][gc,stringtable ] GC(24683) Cleaned string and symbol table, strings: 33323 processed, 4 removed, symbols: 120973 processed, 0 removed
[2020-12-29T14:11:45.210-0500][gc,phases      ] GC(24683) Phase 1: Mark live objects 20.141ms
[2020-12-29T14:11:45.210-0500][gc,phases,start] GC(24683) Phase 2: Prepare for compaction
[2020-12-29T14:11:45.214-0500][gc,phases      ] GC(24683) Phase 2: Prepare for compaction 3.474ms
[2020-12-29T14:11:45.214-0500][gc,phases,start] GC(24683) Phase 3: Adjust pointers
[2020-12-29T14:11:45.224-0500][gc,phases      ] GC(24683) Phase 3: Adjust pointers 10.283ms
[2020-12-29T14:11:45.224-0500][gc,phases,start] GC(24683) Phase 4: Compact heap
[2020-12-29T14:11:45.227-0500][gc,phases      ] GC(24683) Phase 4: Compact heap 2.475ms
[2020-12-29T14:11:45.232-0500][gc,heap        ] GC(24683) Eden regions: 2->0(9)
[2020-12-29T14:11:45.232-0500][gc,heap        ] GC(24683) Survivor regions: 1->0(2)
[2020-12-29T14:11:45.232-0500][gc,heap        ] GC(24683) Old regions: 41->42
[2020-12-29T14:11:45.232-0500][gc,heap        ] GC(24683) Humongous regions: 4->4
[2020-12-29T14:11:45.232-0500][gc,metaspace   ] GC(24683) Metaspace: 50336K->50336K(1093632K)
[2020-12-29T14:11:45.232-0500][gc,heap        ] GC(24683) Heap after GC invocations=24684 (full 5732): garbage-first heap   total 64512K, used 43332K [0x0000000083000000, 0x0000000100000000)
[2020-12-29T14:11:45.232-0500][gc,heap        ] GC(24683)   region size 1024K, 0 young (0K), 0 survivors (0K)
[2020-12-29T14:11:45.232-0500][gc,heap        ] GC(24683)  Metaspace       used 50336K, capacity 52472K, committed 53888K, reserved 1093632K
[2020-12-29T14:11:45.232-0500][gc,heap        ] GC(24683)   class space    used 7457K, capacity 8250K, committed 8832K, reserved 1048576K
[2020-12-29T14:11:45.232-0500][gc             ] GC(24683) Pause Full (System.gc()) 43M->42M(63M) 41.637ms
[2020-12-29T14:11:45.232-0500][gc,cpu         ] GC(24683) User=0.17s Sys=0.00s Real=0.04s
[2020-12-29T14:13:59.063-0500][gc,heap        ] GC(24684) Heap before GC invocations=24684 (full 5732): garbage-first heap   total 64512K, used 51524K [0x0000000083000000, 0x0000000100000000)
[2020-12-29T14:13:59.063-0500][gc,heap        ] GC(24684)   region size 1024K, 9 young (9216K), 0 survivors (0K)
[2020-12-29T14:13:59.063-0500][gc,heap        ] GC(24684)  Metaspace       used 50336K, capacity 52472K, committed 53888K, reserved 1093632K
[2020-12-29T14:13:59.063-0500][gc,heap        ] GC(24684)   class space    used 7457K, capacity 8250K, committed 8832K, reserved 1048576K
[2020-12-29T14:13:59.063-0500][gc,start       ] GC(24684) Pause Young (Normal) (G1 Evacuation Pause)
[2020-12-29T14:13:59.063-0500][gc,task        ] GC(24684) Using 8 workers of 8 for evacuation
[2020-12-29T14:13:59.069-0500][gc,phases      ] GC(24684)   Pre Evacuate Collection Set: 0.0ms
[2020-12-29T14:13:59.069-0500][gc,phases      ] GC(24684)   Evacuate Collection Set: 3.9ms
[2020-12-29T14:13:59.069-0500][gc,phases      ] GC(24684)   Post Evacuate Collection Set: 1.6ms
[2020-12-29T14:13:59.069-0500][gc,phases      ] GC(24684)   Other: 0.3ms
[2020-12-29T14:13:59.069-0500][gc,heap        ] GC(24684) Eden regions: 9->0(8)
[2020-12-29T14:13:59.069-0500][gc,heap        ] GC(24684) Survivor regions: 0->1(2)
[2020-12-29T14:13:59.069-0500][gc,heap        ] GC(24684) Old regions: 42->42
[2020-12-29T14:13:59.069-0500][gc,heap        ] GC(24684) Humongous regions: 4->4
[2020-12-29T14:13:59.069-0500][gc,metaspace   ] GC(24684) Metaspace: 50336K->50336K(1093632K)
[2020-12-29T14:13:59.069-0500][gc,heap        ] GC(24684) Heap after GC invocations=24685 (full 5732): garbage-first heap   total 64512K, used 43420K [0x0000000083000000, 0x0000000100000000)
[2020-12-29T14:13:59.069-0500][gc,heap        ] GC(24684)   region size 1024K, 1 young (1024K), 1 survivors (1024K)
[2020-12-29T14:13:59.069-0500][gc,heap        ] GC(24684)  Metaspace       used 50336K, capacity 52472K, committed 53888K, reserved 1093632K
[2020-12-29T14:13:59.069-0500][gc,heap        ] GC(24684)   class space    used 7457K, capacity 8250K, committed 8832K, reserved 1048576K
[2020-12-29T14:13:59.069-0500][gc             ] GC(24684) Pause Young (Normal) (G1 Evacuation Pause) 51M->42M(63M) 5.863ms
[2020-12-29T14:13:59.069-0500][gc,cpu         ] GC(24684) User=0.03s Sys=0.00s Real=0.01s
[2020-12-29T14:15:59.066-0500][gc,heap        ] GC(24685) Heap before GC invocations=24685 (full 5732): garbage-first heap   total 64512K, used 50588K [0x0000000083000000, 0x0000000100000000)
[2020-12-29T14:15:59.066-0500][gc,heap        ] GC(24685)   region size 1024K, 9 young (9216K), 1 survivors (1024K)
[2020-12-29T14:15:59.066-0500][gc,heap        ] GC(24685)  Metaspace       used 50336K, capacity 52472K, committed 53888K, reserved 1093632K
[2020-12-29T14:15:59.066-0500][gc,heap        ] GC(24685)   class space    used 7457K, capacity 8250K, committed 8832K, reserved 1048576K
[2020-12-29T14:15:59.066-0500][gc,start       ] GC(24685) Pause Young (Normal) (G1 Evacuation Pause)
[2020-12-29T14:15:59.066-0500][gc,task        ] GC(24685) Using 8 workers of 8 for evacuation
[2020-12-29T14:15:59.072-0500][gc,phases      ] GC(24685)   Pre Evacuate Collection Set: 0.0ms
[2020-12-29T14:15:59.073-0500][gc,phases      ] GC(24685)   Evacuate Collection Set: 2.4ms
[2020-12-29T14:15:59.073-0500][gc,phases      ] GC(24685)   Post Evacuate Collection Set: 3.5ms
[2020-12-29T14:15:59.073-0500][gc,phases      ] GC(24685)   Other: 0.5ms
[2020-12-29T14:15:59.073-0500][gc,heap        ] GC(24685) Eden regions: 8->0(8)
[2020-12-29T14:15:59.073-0500][gc,heap        ] GC(24685) Survivor regions: 1->1(2)
[2020-12-29T14:15:59.073-0500][gc,heap        ] GC(24685) Old regions: 42->42
[2020-12-29T14:15:59.073-0500][gc,heap        ] GC(24685) Humongous regions: 4->4
[2020-12-29T14:15:59.073-0500][gc,metaspace   ] GC(24685) Metaspace: 50336K->50336K(1093632K)
[2020-12-29T14:15:59.073-0500][gc,heap        ] GC(24685) Heap after GC invocations=24686 (full 5732): garbage-first heap   total 64512K, used 43394K [0x0000000083000000, 0x0000000100000000)
[2020-12-29T14:15:59.073-0500][gc,heap        ] GC(24685)   region size 1024K, 1 young (1024K), 1 survivors (1024K)
[2020-12-29T14:15:59.073-0500][gc,heap        ] GC(24685)  Metaspace       used 50336K, capacity 52472K, committed 53888K, reserved 1093632K
[2020-12-29T14:15:59.073-0500][gc,heap        ] GC(24685)   class space    used 7457K, capacity 8250K, committed 8832K, reserved 1048576K
[2020-12-29T14:15:59.073-0500][gc             ] GC(24685) Pause Young (Normal) (G1 Evacuation Pause) 50M->42M(63M) 6.736ms
[2020-12-29T14:15:59.073-0500][gc,cpu         ] GC(24685) User=0.01s Sys=0.01s Real=0.01s
[2020-12-29T14:16:45.192-0500][gc,task        ] GC(24686) Using 5 workers of 8 for full compaction
[2020-12-29T14:16:45.192-0500][gc,start       ] GC(24686) Pause Full (System.gc())
[2020-12-29T14:16:45.192-0500][gc,heap        ] GC(24686) Heap before GC invocations=24686 (full 5732): garbage-first heap   total 64512K, used 45442K [0x0000000083000000, 0x0000000100000000)
[2020-12-29T14:16:45.192-0500][gc,heap        ] GC(24686)   region size 1024K, 5 young (5120K), 1 survivors (1024K)
[2020-12-29T14:16:45.192-0500][gc,heap        ] GC(24686)  Metaspace       used 50336K, capacity 52472K, committed 53888K, reserved 1093632K
[2020-12-29T14:16:45.192-0500][gc,heap        ] GC(24686)   class space    used 7457K, capacity 8250K, committed 8832K, reserved 1048576K
[2020-12-29T14:16:45.195-0500][gc,phases,start] GC(24686) Phase 1: Mark live objects
[2020-12-29T14:16:45.239-0500][gc,stringtable ] GC(24686) Cleaned string and symbol table, strings: 33323 processed, 4 removed, symbols: 120973 processed, 0 removed
[2020-12-29T14:16:45.240-0500][gc,phases      ] GC(24686) Phase 1: Mark live objects 44.108ms
[2020-12-29T14:16:45.240-0500][gc,phases,start] GC(24686) Phase 2: Prepare for compaction
[2020-12-29T14:16:45.245-0500][gc,phases      ] GC(24686) Phase 2: Prepare for compaction 5.695ms
[2020-12-29T14:16:45.245-0500][gc,phases,start] GC(24686) Phase 3: Adjust pointers
[2020-12-29T14:16:45.258-0500][gc,phases      ] GC(24686) Phase 3: Adjust pointers 12.690ms
[2020-12-29T14:16:45.258-0500][gc,phases,start] GC(24686) Phase 4: Compact heap
[2020-12-29T14:16:45.261-0500][gc,phases      ] GC(24686) Phase 4: Compact heap 2.961ms
[2020-12-29T14:16:45.265-0500][gc,heap        ] GC(24686) Eden regions: 4->0(9)
[2020-12-29T14:16:45.265-0500][gc,heap        ] GC(24686) Survivor regions: 1->0(2)
[2020-12-29T14:16:45.265-0500][gc,heap        ] GC(24686) Old regions: 42->42
[2020-12-29T14:16:45.265-0500][gc,heap        ] GC(24686) Humongous regions: 4->4
[2020-12-29T14:16:45.265-0500][gc,metaspace   ] GC(24686) Metaspace: 50336K->50336K(1093632K)
[2020-12-29T14:16:45.265-0500][gc,heap        ] GC(24686) Heap after GC invocations=24687 (full 5733): garbage-first heap   total 64512K, used 43344K [0x0000000083000000, 0x0000000100000000)
[2020-12-29T14:16:45.265-0500][gc,heap        ] GC(24686)   region size 1024K, 0 young (0K), 0 survivors (0K)
[2020-12-29T14:16:45.265-0500][gc,heap        ] GC(24686)  Metaspace       used 50336K, capacity 52472K, committed 53888K, reserved 1093632K
[2020-12-29T14:16:45.265-0500][gc,heap        ] GC(24686)   class space    used 7457K, capacity 8250K, committed 8832K, reserved 1048576K
[2020-12-29T14:16:45.266-0500][gc             ] GC(24686) Pause Full (System.gc()) 45M->42M(63M) 73.860ms
[2020-12-29T14:16:45.266-0500][gc,cpu         ] GC(24686) User=0.31s Sys=0.00s Real=0.07s
[2020-12-29T14:18:59.060-0500][gc,heap        ] GC(24687) Heap before GC invocations=24687 (full 5733): garbage-first heap   total 64512K, used 51536K [0x0000000083000000, 0x0000000100000000)
[2020-12-29T14:18:59.061-0500][gc,heap        ] GC(24687)   region size 1024K, 9 young (9216K), 0 survivors (0K)
[2020-12-29T14:18:59.061-0500][gc,heap        ] GC(24687)  Metaspace       used 50336K, capacity 52472K, committed 53888K, reserved 1093632K
[2020-12-29T14:18:59.061-0500][gc,heap        ] GC(24687)   class space    used 7457K, capacity 8250K, committed 8832K, reserved 1048576K
[2020-12-29T14:18:59.061-0500][gc,start       ] GC(24687) Pause Young (Normal) (G1 Evacuation Pause)
[2020-12-29T14:18:59.061-0500][gc,task        ] GC(24687) Using 8 workers of 8 for evacuation
[2020-12-29T14:18:59.062-0500][gc,phases      ] GC(24687)   Pre Evacuate Collection Set: 0.0ms
[2020-12-29T14:18:59.062-0500][gc,phases      ] GC(24687)   Evacuate Collection Set: 0.7ms
[2020-12-29T14:18:59.062-0500][gc,phases      ] GC(24687)   Post Evacuate Collection Set: 0.9ms
[2020-12-29T14:18:59.062-0500][gc,phases      ] GC(24687)   Other: 0.3ms
[2020-12-29T14:18:59.062-0500][gc,heap        ] GC(24687) Eden regions: 9->0(8)
[2020-12-29T14:18:59.062-0500][gc,heap        ] GC(24687) Survivor regions: 0->1(2)
[2020-12-29T14:18:59.062-0500][gc,heap        ] GC(24687) Old regions: 42->42
[2020-12-29T14:18:59.062-0500][gc,heap        ] GC(24687) Humongous regions: 4->4
[2020-12-29T14:18:59.062-0500][gc,metaspace   ] GC(24687) Metaspace: 50336K->50336K(1093632K)
[2020-12-29T14:18:59.062-0500][gc,heap        ] GC(24687) Heap after GC invocations=24688 (full 5733): garbage-first heap   total 64512K, used 43424K [0x0000000083000000, 0x0000000100000000)
[2020-12-29T14:18:59.062-0500][gc,heap        ] GC(24687)   region size 1024K, 1 young (1024K), 1 survivors (1024K)
[2020-12-29T14:18:59.062-0500][gc,heap        ] GC(24687)  Metaspace       used 50336K, capacity 52472K, committed 53888K, reserved 1093632K
[2020-12-29T14:18:59.063-0500][gc,heap        ] GC(24687)   class space    used 7457K, capacity 8250K, committed 8832K, reserved 1048576K
[2020-12-29T14:18:59.063-0500][gc             ] GC(24687) Pause Young (Normal) (G1 Evacuation Pause) 51M->42M(63M) 1.903ms
[2020-12-29T14:18:59.063-0500][gc,cpu         ] GC(24687) User=0.00s Sys=0.00s Real=0.00s
[2020-12-29T14:20:59.060-0500][gc,heap        ] GC(24688) Heap before GC invocations=24688 (full 5733): garbage-first heap   total 64512K, used 51616K [0x0000000083000000, 0x0000000100000000)
[2020-12-29T14:20:59.060-0500][gc,heap        ] GC(24688)   region size 1024K, 9 young (9216K), 1 survivors (1024K)
[2020-12-29T14:20:59.060-0500][gc,heap        ] GC(24688)  Metaspace       used 50336K, capacity 52472K, committed 53888K, reserved 1093632K
[2020-12-29T14:20:59.060-0500][gc,heap        ] GC(24688)   class space    used 7457K, capacity 8250K, committed 8832K, reserved 1048576K
[2020-12-29T14:20:59.060-0500][gc,start       ] GC(24688) Pause Young (Normal) (G1 Evacuation Pause)
[2020-12-29T14:20:59.060-0500][gc,task        ] GC(24688) Using 8 workers of 8 for evacuation
[2020-12-29T14:20:59.064-0500][gc,phases      ] GC(24688)   Pre Evacuate Collection Set: 0.0ms
[2020-12-29T14:20:59.064-0500][gc,phases      ] GC(24688)   Evacuate Collection Set: 1.9ms
[2020-12-29T14:20:59.064-0500][gc,phases      ] GC(24688)   Post Evacuate Collection Set: 2.3ms
[2020-12-29T14:20:59.064-0500][gc,phases      ] GC(24688)   Other: 0.6ms
[2020-12-29T14:20:59.064-0500][gc,heap        ] GC(24688) Eden regions: 8->0(8)
[2020-12-29T14:20:59.065-0500][gc,heap        ] GC(24688) Survivor regions: 1->1(2)
[2020-12-29T14:20:59.065-0500][gc,heap        ] GC(24688) Old regions: 42->42
[2020-12-29T14:20:59.065-0500][gc,heap        ] GC(24688) Humongous regions: 4->4
[2020-12-29T14:20:59.065-0500][gc,metaspace   ] GC(24688) Metaspace: 50336K->50336K(1093632K)
[2020-12-29T14:20:59.065-0500][gc,heap        ] GC(24688) Heap after GC invocations=24689 (full 5733): garbage-first heap   total 64512K, used 43428K [0x0000000083000000, 0x0000000100000000)
[2020-12-29T14:20:59.065-0500][gc,heap        ] GC(24688)   region size 1024K, 1 young (1024K), 1 survivors (1024K)
[2020-12-29T14:20:59.065-0500][gc,heap        ] GC(24688)  Metaspace       used 50336K, capacity 52472K, committed 53888K, reserved 1093632K
[2020-12-29T14:20:59.065-0500][gc,heap        ] GC(24688)   class space    used 7457K, capacity 8250K, committed 8832K, reserved 1048576K
[2020-12-29T14:20:59.065-0500][gc             ] GC(24688) Pause Young (Normal) (G1 Evacuation Pause) 50M->42M(63M) 4.892ms
[2020-12-29T14:20:59.065-0500][gc,cpu         ] GC(24688) User=0.01s Sys=0.00s Real=0.00s
[2020-12-29T14:21:45.191-0500][gc,task        ] GC(24689) Using 5 workers of 8 for full compaction
[2020-12-29T14:21:45.191-0500][gc,start       ] GC(24689) Pause Full (System.gc())
[2020-12-29T14:21:45.191-0500][gc,heap        ] GC(24689) Heap before GC invocations=24689 (full 5733): garbage-first heap   total 64512K, used 46500K [0x0000000083000000, 0x0000000100000000)
[2020-12-29T14:21:45.191-0500][gc,heap        ] GC(24689)   region size 1024K, 5 young (5120K), 1 survivors (1024K)
[2020-12-29T14:21:45.191-0500][gc,heap        ] GC(24689)  Metaspace       used 50336K, capacity 52472K, committed 53888K, reserved 1093632K
[2020-12-29T14:21:45.191-0500][gc,heap        ] GC(24689)   class space    used 7457K, capacity 8250K, committed 8832K, reserved 1048576K
[2020-12-29T14:21:45.198-0500][gc,phases,start] GC(24689) Phase 1: Mark live objects
[2020-12-29T14:21:45.240-0500][gc,stringtable ] GC(24689) Cleaned string and symbol table, strings: 33323 processed, 4 removed, symbols: 120973 processed, 0 removed
[2020-12-29T14:21:45.241-0500][gc,phases      ] GC(24689) Phase 1: Mark live objects 43.024ms
[2020-12-29T14:21:45.241-0500][gc,phases,start] GC(24689) Phase 2: Prepare for compaction
[2020-12-29T14:21:45.246-0500][gc,phases      ] GC(24689) Phase 2: Prepare for compaction 5.438ms
[2020-12-29T14:21:45.246-0500][gc,phases,start] GC(24689) Phase 3: Adjust pointers
[2020-12-29T14:21:45.257-0500][gc,phases      ] GC(24689) Phase 3: Adjust pointers 10.474ms
[2020-12-29T14:21:45.257-0500][gc,phases,start] GC(24689) Phase 4: Compact heap
[2020-12-29T14:21:45.259-0500][gc,phases      ] GC(24689) Phase 4: Compact heap 2.854ms
[2020-12-29T14:21:45.264-0500][gc,heap        ] GC(24689) Eden regions: 4->0(9)
[2020-12-29T14:21:45.264-0500][gc,heap        ] GC(24689) Survivor regions: 1->0(2)
[2020-12-29T14:21:45.264-0500][gc,heap        ] GC(24689) Old regions: 42->42
[2020-12-29T14:21:45.264-0500][gc,heap        ] GC(24689) Humongous regions: 4->4
[2020-12-29T14:21:45.264-0500][gc,metaspace   ] GC(24689) Metaspace: 50336K->50336K(1093632K)
[2020-12-29T14:21:45.264-0500][gc,heap        ] GC(24689) Heap after GC invocations=24690 (full 5734): garbage-first heap   total 64512K, used 43348K [0x0000000083000000, 0x0000000100000000)
[2020-12-29T14:21:45.264-0500][gc,heap        ] GC(24689)   region size 1024K, 0 young (0K), 0 survivors (0K)
[2020-12-29T14:21:45.264-0500][gc,heap        ] GC(24689)  Metaspace       used 50336K, capacity 52472K, committed 53888K, reserved 1093632K
[2020-12-29T14:21:45.264-0500][gc,heap        ] GC(24689)   class space    used 7457K, capacity 8250K, committed 8832K, reserved 1048576K
[2020-12-29T14:21:45.264-0500][gc             ] GC(24689) Pause Full (System.gc()) 45M->42M(63M) 73.060ms
[2020-12-29T14:21:45.264-0500][gc,cpu         ] GC(24689) User=0.27s Sys=0.00s Real=0.07s
[2020-12-29T14:23:59.065-0500][gc,heap        ] GC(24690) Heap before GC invocations=24690 (full 5734): garbage-first heap   total 64512K, used 52564K [0x0000000083000000, 0x0000000100000000)
[2020-12-29T14:23:59.065-0500][gc,heap        ] GC(24690)   region size 1024K, 9 young (9216K), 0 survivors (0K)
[2020-12-29T14:23:59.065-0500][gc,heap        ] GC(24690)  Metaspace       used 50336K, capacity 52472K, committed 53888K, reserved 1093632K
[2020-12-29T14:23:59.065-0500][gc,heap        ] GC(24690)   class space    used 7457K, capacity 8250K, committed 8832K, reserved 1048576K
[2020-12-29T14:23:59.065-0500][gc,start       ] GC(24690) Pause Young (Normal) (G1 Evacuation Pause)
[2020-12-29T14:23:59.065-0500][gc,task        ] GC(24690) Using 8 workers of 8 for evacuation
[2020-12-29T14:23:59.069-0500][gc,phases      ] GC(24690)   Pre Evacuate Collection Set: 0.0ms
[2020-12-29T14:23:59.069-0500][gc,phases      ] GC(24690)   Evacuate Collection Set: 1.2ms
[2020-12-29T14:23:59.069-0500][gc,phases      ] GC(24690)   Post Evacuate Collection Set: 2.0ms
[2020-12-29T14:23:59.069-0500][gc,phases      ] GC(24690)   Other: 0.3ms
[2020-12-29T14:23:59.069-0500][gc,heap        ] GC(24690) Eden regions: 9->0(8)
[2020-12-29T14:23:59.069-0500][gc,heap        ] GC(24690) Survivor regions: 0->1(2)
[2020-12-29T14:23:59.069-0500][gc,heap        ] GC(24690) Old regions: 42->42
[2020-12-29T14:23:59.069-0500][gc,heap        ] GC(24690) Humongous regions: 4->4
[2020-12-29T14:23:59.069-0500][gc,metaspace   ] GC(24690) Metaspace: 50336K->50336K(1093632K)
[2020-12-29T14:23:59.069-0500][gc,heap        ] GC(24690) Heap after GC invocations=24691 (full 5734): garbage-first heap   total 64512K, used 43409K [0x0000000083000000, 0x0000000100000000)
[2020-12-29T14:23:59.069-0500][gc,heap        ] GC(24690)   region size 1024K, 1 young (1024K), 1 survivors (1024K)
[2020-12-29T14:23:59.069-0500][gc,heap        ] GC(24690)  Metaspace       used 50336K, capacity 52472K, committed 53888K, reserved 1093632K
[2020-12-29T14:23:59.069-0500][gc,heap        ] GC(24690)   class space    used 7457K, capacity 8250K, committed 8832K, reserved 1048576K
[2020-12-29T14:23:59.069-0500][gc             ] GC(24690) Pause Young (Normal) (G1 Evacuation Pause) 51M->42M(63M) 3.582ms
[2020-12-29T14:23:59.069-0500][gc,cpu         ] GC(24690) User=0.01s Sys=0.01s Real=0.01s
[2020-12-29T14:25:59.065-0500][gc,heap        ] GC(24691) Heap before GC invocations=24691 (full 5734): garbage-first heap   total 64512K, used 51601K [0x0000000083000000, 0x0000000100000000)
[2020-12-29T14:25:59.065-0500][gc,heap        ] GC(24691)   region size 1024K, 9 young (9216K), 1 survivors (1024K)
[2020-12-29T14:25:59.065-0500][gc,heap        ] GC(24691)  Metaspace       used 50336K, capacity 52472K, committed 53888K, reserved 1093632K
[2020-12-29T14:25:59.065-0500][gc,heap        ] GC(24691)   class space    used 7457K, capacity 8250K, committed 8832K, reserved 1048576K
[2020-12-29T14:25:59.065-0500][gc,start       ] GC(24691) Pause Young (Normal) (G1 Evacuation Pause)
[2020-12-29T14:25:59.065-0500][gc,task        ] GC(24691) Using 8 workers of 8 for evacuation
[2020-12-29T14:25:59.071-0500][gc,phases      ] GC(24691)   Pre Evacuate Collection Set: 0.0ms
[2020-12-29T14:25:59.072-0500][gc,phases      ] GC(24691)   Evacuate Collection Set: 2.2ms
[2020-12-29T14:25:59.072-0500][gc,phases      ] GC(24691)   Post Evacuate Collection Set: 4.0ms
[2020-12-29T14:25:59.072-0500][gc,phases      ] GC(24691)   Other: 0.4ms
[2020-12-29T14:25:59.072-0500][gc,heap        ] GC(24691) Eden regions: 8->0(8)
[2020-12-29T14:25:59.072-0500][gc,heap        ] GC(24691) Survivor regions: 1->1(2)
[2020-12-29T14:25:59.072-0500][gc,heap        ] GC(24691) Old regions: 42->42
[2020-12-29T14:25:59.072-0500][gc,heap        ] GC(24691) Humongous regions: 4->4
[2020-12-29T14:25:59.072-0500][gc,metaspace   ] GC(24691) Metaspace: 50336K->50336K(1093632K)
[2020-12-29T14:25:59.072-0500][gc,heap        ] GC(24691) Heap after GC invocations=24692 (full 5734): garbage-first heap   total 64512K, used 43431K [0x0000000083000000, 0x0000000100000000)
[2020-12-29T14:25:59.072-0500][gc,heap        ] GC(24691)   region size 1024K, 1 young (1024K), 1 survivors (1024K)
[2020-12-29T14:25:59.072-0500][gc,heap        ] GC(24691)  Metaspace       used 50336K, capacity 52472K, committed 53888K, reserved 1093632K
[2020-12-29T14:25:59.072-0500][gc,heap        ] GC(24691)   class space    used 7457K, capacity 8250K, committed 8832K, reserved 1048576K
[2020-12-29T14:25:59.072-0500][gc             ] GC(24691) Pause Young (Normal) (G1 Evacuation Pause) 50M->42M(63M) 7.085ms
[2020-12-29T14:25:59.072-0500][gc,cpu         ] GC(24691) User=0.03s Sys=0.00s Real=0.01s
[2020-12-29T14:26:45.189-0500][gc,task        ] GC(24692) Using 5 workers of 8 for full compaction
[2020-12-29T14:26:45.189-0500][gc,start       ] GC(24692) Pause Full (System.gc())
[2020-12-29T14:26:45.189-0500][gc,heap        ] GC(24692) Heap before GC invocations=24692 (full 5734): garbage-first heap   total 64512K, used 46503K [0x0000000083000000, 0x0000000100000000)
[2020-12-29T14:26:45.189-0500][gc,heap        ] GC(24692)   region size 1024K, 5 young (5120K), 1 survivors (1024K)
[2020-12-29T14:26:45.189-0500][gc,heap        ] GC(24692)  Metaspace       used 50336K, capacity 52472K, committed 53888K, reserved 1093632K
[2020-12-29T14:26:45.189-0500][gc,heap        ] GC(24692)   class space    used 7457K, capacity 8250K, committed 8832K, reserved 1048576K
[2020-12-29T14:26:45.189-0500][gc,phases,start] GC(24692) Phase 1: Mark live objects
[2020-12-29T14:26:45.211-0500][gc,stringtable ] GC(24692) Cleaned string and symbol table, strings: 33323 processed, 4 removed, symbols: 120973 processed, 0 removed
[2020-12-29T14:26:45.211-0500][gc,phases      ] GC(24692) Phase 1: Mark live objects 21.878ms
[2020-12-29T14:26:45.211-0500][gc,phases,start] GC(24692) Phase 2: Prepare for compaction
[2020-12-29T14:26:45.215-0500][gc,phases      ] GC(24692) Phase 2: Prepare for compaction 3.863ms
[2020-12-29T14:26:45.215-0500][gc,phases,start] GC(24692) Phase 3: Adjust pointers
[2020-12-29T14:26:45.226-0500][gc,phases      ] GC(24692) Phase 3: Adjust pointers 10.773ms
[2020-12-29T14:26:45.226-0500][gc,phases,start] GC(24692) Phase 4: Compact heap
[2020-12-29T14:26:45.228-0500][gc,phases      ] GC(24692) Phase 4: Compact heap 2.791ms
[2020-12-29T14:26:45.233-0500][gc,heap        ] GC(24692) Eden regions: 4->0(9)
[2020-12-29T14:26:45.233-0500][gc,heap        ] GC(24692) Survivor regions: 1->0(2)
[2020-12-29T14:26:45.233-0500][gc,heap        ] GC(24692) Old regions: 42->42
[2020-12-29T14:26:45.233-0500][gc,heap        ] GC(24692) Humongous regions: 4->4
[2020-12-29T14:26:45.233-0500][gc,metaspace   ] GC(24692) Metaspace: 50336K->50336K(1093632K)
[2020-12-29T14:26:45.233-0500][gc,heap        ] GC(24692) Heap after GC invocations=24693 (full 5735): garbage-first heap   total 64512K, used 43343K [0x0000000083000000, 0x0000000100000000)
[2020-12-29T14:26:45.233-0500][gc,heap        ] GC(24692)   region size 1024K, 0 young (0K), 0 survivors (0K)
[2020-12-29T14:26:45.233-0500][gc,heap        ] GC(24692)  Metaspace       used 50336K, capacity 52472K, committed 53888K, reserved 1093632K
[2020-12-29T14:26:45.233-0500][gc,heap        ] GC(24692)   class space    used 7457K, capacity 8250K, committed 8832K, reserved 1048576K
[2020-12-29T14:26:45.233-0500][gc             ] GC(24692) Pause Full (System.gc()) 45M->42M(63M) 44.202ms
[2020-12-29T14:26:45.233-0500][gc,cpu         ] GC(24692) User=0.17s Sys=0.00s Real=0.04s
[2020-12-29T14:28:59.063-0500][gc,heap        ] GC(24693) Heap before GC invocations=24693 (full 5735): garbage-first heap   total 64512K, used 51535K [0x0000000083000000, 0x0000000100000000)
[2020-12-29T14:28:59.063-0500][gc,heap        ] GC(24693)   region size 1024K, 9 young (9216K), 0 survivors (0K)
[2020-12-29T14:28:59.063-0500][gc,heap        ] GC(24693)  Metaspace       used 50336K, capacity 52472K, committed 53888K, reserved 1093632K
[2020-12-29T14:28:59.063-0500][gc,heap        ] GC(24693)   class space    used 7457K, capacity 8250K, committed 8832K, reserved 1048576K
[2020-12-29T14:28:59.063-0500][gc,start       ] GC(24693) Pause Young (Normal) (G1 Evacuation Pause)
[2020-12-29T14:28:59.063-0500][gc,task        ] GC(24693) Using 8 workers of 8 for evacuation
[2020-12-29T14:28:59.064-0500][gc,phases      ] GC(24693)   Pre Evacuate Collection Set: 0.0ms
[2020-12-29T14:28:59.064-0500][gc,phases      ] GC(24693)   Evacuate Collection Set: 0.5ms
[2020-12-29T14:28:59.064-0500][gc,phases      ] GC(24693)   Post Evacuate Collection Set: 0.8ms
[2020-12-29T14:28:59.064-0500][gc,phases      ] GC(24693)   Other: 0.2ms
[2020-12-29T14:28:59.064-0500][gc,heap        ] GC(24693) Eden regions: 9->0(8)
[2020-12-29T14:28:59.064-0500][gc,heap        ] GC(24693) Survivor regions: 0->1(2)
[2020-12-29T14:28:59.064-0500][gc,heap        ] GC(24693) Old regions: 42->42
[2020-12-29T14:28:59.064-0500][gc,heap        ] GC(24693) Humongous regions: 4->4
[2020-12-29T14:28:59.064-0500][gc,metaspace   ] GC(24693) Metaspace: 50336K->50336K(1093632K)
[2020-12-29T14:28:59.064-0500][gc,heap        ] GC(24693) Heap after GC invocations=24694 (full 5735): garbage-first heap   total 64512K, used 43393K [0x0000000083000000, 0x0000000100000000)
[2020-12-29T14:28:59.064-0500][gc,heap        ] GC(24693)   region size 1024K, 1 young (1024K), 1 survivors (1024K)
[2020-12-29T14:28:59.064-0500][gc,heap        ] GC(24693)  Metaspace       used 50336K, capacity 52472K, committed 53888K, reserved 1093632K
[2020-12-29T14:28:59.064-0500][gc,heap        ] GC(24693)   class space    used 7457K, capacity 8250K, committed 8832K, reserved 1048576K
[2020-12-29T14:28:59.064-0500][gc             ] GC(24693) Pause Young (Normal) (G1 Evacuation Pause) 51M->42M(63M) 1.644ms
[2020-12-29T14:28:59.064-0500][gc,cpu         ] GC(24693) User=0.01s Sys=0.00s Real=0.00s
[2020-12-29T14:30:59.061-0500][gc,heap        ] GC(24694) Heap before GC invocations=24694 (full 5735): garbage-first heap   total 64512K, used 50561K [0x0000000083000000, 0x0000000100000000)
[2020-12-29T14:30:59.061-0500][gc,heap        ] GC(24694)   region size 1024K, 9 young (9216K), 1 survivors (1024K)
[2020-12-29T14:30:59.061-0500][gc,heap        ] GC(24694)  Metaspace       used 50336K, capacity 52472K, committed 53888K, reserved 1093632K
[2020-12-29T14:30:59.061-0500][gc,heap        ] GC(24694)   class space    used 7457K, capacity 8250K, committed 8832K, reserved 1048576K
[2020-12-29T14:30:59.061-0500][gc,start       ] GC(24694) Pause Young (Normal) (G1 Evacuation Pause)
[2020-12-29T14:30:59.061-0500][gc,task        ] GC(24694) Using 8 workers of 8 for evacuation
[2020-12-29T14:30:59.065-0500][gc,phases      ] GC(24694)   Pre Evacuate Collection Set: 0.0ms
[2020-12-29T14:30:59.065-0500][gc,phases      ] GC(24694)   Evacuate Collection Set: 2.8ms
[2020-12-29T14:30:59.065-0500][gc,phases      ] GC(24694)   Post Evacuate Collection Set: 1.1ms
[2020-12-29T14:30:59.065-0500][gc,phases      ] GC(24694)   Other: 0.2ms
[2020-12-29T14:30:59.065-0500][gc,heap        ] GC(24694) Eden regions: 8->0(8)
[2020-12-29T14:30:59.065-0500][gc,heap        ] GC(24694) Survivor regions: 1->1(2)
[2020-12-29T14:30:59.065-0500][gc,heap        ] GC(24694) Old regions: 42->42
[2020-12-29T14:30:59.065-0500][gc,heap        ] GC(24694) Humongous regions: 4->4
[2020-12-29T14:30:59.065-0500][gc,metaspace   ] GC(24694) Metaspace: 50336K->50336K(1093632K)
[2020-12-29T14:30:59.065-0500][gc,heap        ] GC(24694) Heap after GC invocations=24695 (full 5735): garbage-first heap   total 64512K, used 43406K [0x0000000083000000, 0x0000000100000000)
[2020-12-29T14:30:59.065-0500][gc,heap        ] GC(24694)   region size 1024K, 1 young (1024K), 1 survivors (1024K)
[2020-12-29T14:30:59.065-0500][gc,heap        ] GC(24694)  Metaspace       used 50336K, capacity 52472K, committed 53888K, reserved 1093632K
[2020-12-29T14:30:59.065-0500][gc,heap        ] GC(24694)   class space    used 7457K, capacity 8250K, committed 8832K, reserved 1048576K
[2020-12-29T14:30:59.065-0500][gc             ] GC(24694) Pause Young (Normal) (G1 Evacuation Pause) 50M->42M(63M) 4.221ms
[2020-12-29T14:30:59.065-0500][gc,cpu         ] GC(24694) User=0.02s Sys=0.00s Real=0.00s
[2020-12-29T14:31:45.190-0500][gc,task        ] GC(24695) Using 5 workers of 8 for full compaction
[2020-12-29T14:31:45.190-0500][gc,start       ] GC(24695) Pause Full (System.gc())
[2020-12-29T14:31:45.190-0500][gc,heap        ] GC(24695) Heap before GC invocations=24695 (full 5735): garbage-first heap   total 64512K, used 45454K [0x0000000083000000, 0x0000000100000000)
[2020-12-29T14:31:45.190-0500][gc,heap        ] GC(24695)   region size 1024K, 4 young (4096K), 1 survivors (1024K)
[2020-12-29T14:31:45.190-0500][gc,heap        ] GC(24695)  Metaspace       used 50336K, capacity 52472K, committed 53888K, reserved 1093632K
[2020-12-29T14:31:45.190-0500][gc,heap        ] GC(24695)   class space    used 7457K, capacity 8250K, committed 8832K, reserved 1048576K
[2020-12-29T14:31:45.191-0500][gc,phases,start] GC(24695) Phase 1: Mark live objects
[2020-12-29T14:31:45.213-0500][gc,stringtable ] GC(24695) Cleaned string and symbol table, strings: 33323 processed, 4 removed, symbols: 120973 processed, 0 removed
[2020-12-29T14:31:45.213-0500][gc,phases      ] GC(24695) Phase 1: Mark live objects 22.274ms
[2020-12-29T14:31:45.213-0500][gc,phases,start] GC(24695) Phase 2: Prepare for compaction
[2020-12-29T14:31:45.217-0500][gc,phases      ] GC(24695) Phase 2: Prepare for compaction 3.719ms
[2020-12-29T14:31:45.217-0500][gc,phases,start] GC(24695) Phase 3: Adjust pointers
[2020-12-29T14:31:45.227-0500][gc,phases      ] GC(24695) Phase 3: Adjust pointers 10.515ms
[2020-12-29T14:31:45.227-0500][gc,phases,start] GC(24695) Phase 4: Compact heap
[2020-12-29T14:31:45.230-0500][gc,phases      ] GC(24695) Phase 4: Compact heap 2.838ms
[2020-12-29T14:31:45.235-0500][gc,heap        ] GC(24695) Eden regions: 3->0(10)
[2020-12-29T14:31:45.235-0500][gc,heap        ] GC(24695) Survivor regions: 1->0(2)
[2020-12-29T14:31:45.235-0500][gc,heap        ] GC(24695) Old regions: 42->41
[2020-12-29T14:31:45.235-0500][gc,heap        ] GC(24695) Humongous regions: 4->4
[2020-12-29T14:31:45.235-0500][gc,metaspace   ] GC(24695) Metaspace: 50336K->50336K(1093632K)
[2020-12-29T14:31:45.235-0500][gc,heap        ] GC(24695) Heap after GC invocations=24696 (full 5736): garbage-first heap   total 64512K, used 43343K [0x0000000083000000, 0x0000000100000000)
[2020-12-29T14:31:45.235-0500][gc,heap        ] GC(24695)   region size 1024K, 0 young (0K), 0 survivors (0K)
[2020-12-29T14:31:45.235-0500][gc,heap        ] GC(24695)  Metaspace       used 50336K, capacity 52472K, committed 53888K, reserved 1093632K
[2020-12-29T14:31:45.235-0500][gc,heap        ] GC(24695)   class space    used 7457K, capacity 8250K, committed 8832K, reserved 1048576K
[2020-12-29T14:31:45.235-0500][gc             ] GC(24695) Pause Full (System.gc()) 45M->42M(63M) 44.805ms
[2020-12-29T14:31:45.235-0500][gc,cpu         ] GC(24695) User=0.19s Sys=0.00s Real=0.04s
[2020-12-29T14:34:19.059-0500][gc,heap        ] GC(24696) Heap before GC invocations=24696 (full 5736): garbage-first heap   total 64512K, used 53583K [0x0000000083000000, 0x0000000100000000)
[2020-12-29T14:34:19.059-0500][gc,heap        ] GC(24696)   region size 1024K, 10 young (10240K), 0 survivors (0K)
[2020-12-29T14:34:19.060-0500][gc,heap        ] GC(24696)  Metaspace       used 50336K, capacity 52472K, committed 53888K, reserved 1093632K
[2020-12-29T14:34:19.060-0500][gc,heap        ] GC(24696)   class space    used 7457K, capacity 8250K, committed 8832K, reserved 1048576K
[2020-12-29T14:34:19.060-0500][gc,start       ] GC(24696) Pause Young (Normal) (G1 Evacuation Pause)
[2020-12-29T14:34:19.060-0500][gc,task        ] GC(24696) Using 8 workers of 8 for evacuation
[2020-12-29T14:34:19.069-0500][gc,phases      ] GC(24696)   Pre Evacuate Collection Set: 0.0ms
[2020-12-29T14:34:19.069-0500][gc,phases      ] GC(24696)   Evacuate Collection Set: 5.0ms
[2020-12-29T14:34:19.069-0500][gc,phases      ] GC(24696)   Post Evacuate Collection Set: 3.7ms
[2020-12-29T14:34:19.069-0500][gc,phases      ] GC(24696)   Other: 0.5ms
[2020-12-29T14:34:19.069-0500][gc,heap        ] GC(24696) Eden regions: 10->0(9)
[2020-12-29T14:34:19.069-0500][gc,heap        ] GC(24696) Survivor regions: 0->1(2)
[2020-12-29T14:34:19.069-0500][gc,heap        ] GC(24696) Old regions: 41->41
[2020-12-29T14:34:19.069-0500][gc,heap        ] GC(24696) Humongous regions: 4->4
[2020-12-29T14:34:19.069-0500][gc,metaspace   ] GC(24696) Metaspace: 50336K->50336K(1093632K)
[2020-12-29T14:34:19.069-0500][gc,heap        ] GC(24696) Heap after GC invocations=24697 (full 5736): garbage-first heap   total 64512K, used 43432K [0x0000000083000000, 0x0000000100000000)
[2020-12-29T14:34:19.069-0500][gc,heap        ] GC(24696)   region size 1024K, 1 young (1024K), 1 survivors (1024K)
[2020-12-29T14:34:19.069-0500][gc,heap        ] GC(24696)  Metaspace       used 50336K, capacity 52472K, committed 53888K, reserved 1093632K
[2020-12-29T14:34:19.069-0500][gc,heap        ] GC(24696)   class space    used 7457K, capacity 8250K, committed 8832K, reserved 1048576K
[2020-12-29T14:34:19.069-0500][gc             ] GC(24696) Pause Young (Normal) (G1 Evacuation Pause) 52M->42M(63M) 9.290ms
[2020-12-29T14:34:19.069-0500][gc,cpu         ] GC(24696) User=0.04s Sys=0.01s Real=0.01s
[2020-12-29T14:36:29.907-0500][gc,heap        ] GC(24697) Heap before GC invocations=24697 (full 5736): garbage-first heap   total 64512K, used 52648K [0x0000000083000000, 0x0000000100000000)
[2020-12-29T14:36:29.908-0500][gc,heap        ] GC(24697)   region size 1024K, 10 young (10240K), 1 survivors (1024K)
[2020-12-29T14:36:29.908-0500][gc,heap        ] GC(24697)  Metaspace       used 50336K, capacity 52472K, committed 53888K, reserved 1093632K
[2020-12-29T14:36:29.908-0500][gc,heap        ] GC(24697)   class space    used 7457K, capacity 8250K, committed 8832K, reserved 1048576K
[2020-12-29T14:36:29.908-0500][gc,start       ] GC(24697) Pause Young (Normal) (G1 Evacuation Pause)
[2020-12-29T14:36:29.908-0500][gc,task        ] GC(24697) Using 8 workers of 8 for evacuation
[2020-12-29T14:36:29.909-0500][gc,phases      ] GC(24697)   Pre Evacuate Collection Set: 0.0ms
[2020-12-29T14:36:29.909-0500][gc,phases      ] GC(24697)   Evacuate Collection Set: 0.7ms
[2020-12-29T14:36:29.909-0500][gc,phases      ] GC(24697)   Post Evacuate Collection Set: 0.9ms
[2020-12-29T14:36:29.909-0500][gc,phases      ] GC(24697)   Other: 0.4ms
[2020-12-29T14:36:29.909-0500][gc,heap        ] GC(24697) Eden regions: 9->0(9)
[2020-12-29T14:36:29.909-0500][gc,heap        ] GC(24697) Survivor regions: 1->1(2)
[2020-12-29T14:36:29.909-0500][gc,heap        ] GC(24697) Old regions: 41->41
[2020-12-29T14:36:29.909-0500][gc,heap        ] GC(24697) Humongous regions: 4->4
[2020-12-29T14:36:29.909-0500][gc,metaspace   ] GC(24697) Metaspace: 50336K->50336K(1093632K)
[2020-12-29T14:36:29.909-0500][gc,heap        ] GC(24697) Heap after GC invocations=24698 (full 5736): garbage-first heap   total 64512K, used 43398K [0x0000000083000000, 0x0000000100000000)
[2020-12-29T14:36:29.909-0500][gc,heap        ] GC(24697)   region size 1024K, 1 young (1024K), 1 survivors (1024K)
[2020-12-29T14:36:29.910-0500][gc,heap        ] GC(24697)  Metaspace       used 50336K, capacity 52472K, committed 53888K, reserved 1093632K
[2020-12-29T14:36:29.910-0500][gc,heap        ] GC(24697)   class space    used 7457K, capacity 8250K, committed 8832K, reserved 1048576K
[2020-12-29T14:36:29.910-0500][gc             ] GC(24697) Pause Young (Normal) (G1 Evacuation Pause) 51M->42M(63M) 1.839ms
[2020-12-29T14:36:29.910-0500][gc,cpu         ] GC(24697) User=0.00s Sys=0.00s Real=0.00s
[2020-12-29T14:36:45.189-0500][gc,task        ] GC(24698) Using 5 workers of 8 for full compaction
[2020-12-29T14:36:45.189-0500][gc,start       ] GC(24698) Pause Full (System.gc())
[2020-12-29T14:36:45.189-0500][gc,heap        ] GC(24698) Heap before GC invocations=24698 (full 5736): garbage-first heap   total 64512K, used 43398K [0x0000000083000000, 0x0000000100000000)
[2020-12-29T14:36:45.189-0500][gc,heap        ] GC(24698)   region size 1024K, 2 young (2048K), 1 survivors (1024K)
[2020-12-29T14:36:45.189-0500][gc,heap        ] GC(24698)  Metaspace       used 50336K, capacity 52472K, committed 53888K, reserved 1093632K
[2020-12-29T14:36:45.189-0500][gc,heap        ] GC(24698)   class space    used 7457K, capacity 8250K, committed 8832K, reserved 1048576K
[2020-12-29T14:36:45.189-0500][gc,phases,start] GC(24698) Phase 1: Mark live objects
[2020-12-29T14:36:45.220-0500][gc,stringtable ] GC(24698) Cleaned string and symbol table, strings: 33323 processed, 4 removed, symbols: 120973 processed, 0 removed
[2020-12-29T14:36:45.220-0500][gc,phases      ] GC(24698) Phase 1: Mark live objects 30.872ms
[2020-12-29T14:36:45.220-0500][gc,phases,start] GC(24698) Phase 2: Prepare for compaction
[2020-12-29T14:36:45.226-0500][gc,phases      ] GC(24698) Phase 2: Prepare for compaction 5.232ms
[2020-12-29T14:36:45.226-0500][gc,phases,start] GC(24698) Phase 3: Adjust pointers
[2020-12-29T14:36:45.237-0500][gc,phases      ] GC(24698) Phase 3: Adjust pointers 11.602ms
[2020-12-29T14:36:45.237-0500][gc,phases,start] GC(24698) Phase 4: Compact heap
[2020-12-29T14:36:45.241-0500][gc,phases      ] GC(24698) Phase 4: Compact heap 3.220ms
[2020-12-29T14:36:45.245-0500][gc,heap        ] GC(24698) Eden regions: 1->0(9)
[2020-12-29T14:36:45.245-0500][gc,heap        ] GC(24698) Survivor regions: 1->0(2)
[2020-12-29T14:36:45.245-0500][gc,heap        ] GC(24698) Old regions: 41->42
[2020-12-29T14:36:45.245-0500][gc,heap        ] GC(24698) Humongous regions: 4->4
[2020-12-29T14:36:45.245-0500][gc,metaspace   ] GC(24698) Metaspace: 50336K->50336K(1093632K)
[2020-12-29T14:36:45.245-0500][gc,heap        ] GC(24698) Heap after GC invocations=24699 (full 5737): garbage-first heap   total 64512K, used 43330K [0x0000000083000000, 0x0000000100000000)
[2020-12-29T14:36:45.245-0500][gc,heap        ] GC(24698)   region size 1024K, 0 young (0K), 0 survivors (0K)
[2020-12-29T14:36:45.245-0500][gc,heap        ] GC(24698)  Metaspace       used 50336K, capacity 52472K, committed 53888K, reserved 1093632K
[2020-12-29T14:36:45.245-0500][gc,heap        ] GC(24698)   class space    used 7457K, capacity 8250K, committed 8832K, reserved 1048576K
[2020-12-29T14:36:45.245-0500][gc             ] GC(24698) Pause Full (System.gc()) 43M->42M(63M) 56.076ms
[2020-12-29T14:36:45.245-0500][gc,cpu         ] GC(24698) User=0.23s Sys=0.00s Real=0.05s
[2020-12-29T14:38:49.067-0500][gc,heap        ] GC(24699) Heap before GC invocations=24699 (full 5737): garbage-first heap   total 64512K, used 51522K [0x0000000083000000, 0x0000000100000000)
[2020-12-29T14:38:49.067-0500][gc,heap        ] GC(24699)   region size 1024K, 9 young (9216K), 0 survivors (0K)
[2020-12-29T14:38:49.067-0500][gc,heap        ] GC(24699)  Metaspace       used 50336K, capacity 52472K, committed 53888K, reserved 1093632K
[2020-12-29T14:38:49.067-0500][gc,heap        ] GC(24699)   class space    used 7457K, capacity 8250K, committed 8832K, reserved 1048576K
[2020-12-29T14:38:49.068-0500][gc,start       ] GC(24699) Pause Young (Normal) (G1 Evacuation Pause)
[2020-12-29T14:38:49.068-0500][gc,task        ] GC(24699) Using 8 workers of 8 for evacuation
[2020-12-29T14:38:49.075-0500][gc,phases      ] GC(24699)   Pre Evacuate Collection Set: 0.1ms
[2020-12-29T14:38:49.075-0500][gc,phases      ] GC(24699)   Evacuate Collection Set: 3.8ms
[2020-12-29T14:38:49.075-0500][gc,phases      ] GC(24699)   Post Evacuate Collection Set: 3.0ms
[2020-12-29T14:38:49.075-0500][gc,phases      ] GC(24699)   Other: 0.8ms
[2020-12-29T14:38:49.075-0500][gc,heap        ] GC(24699) Eden regions: 9->0(8)
[2020-12-29T14:38:49.075-0500][gc,heap        ] GC(24699) Survivor regions: 0->1(2)
[2020-12-29T14:38:49.075-0500][gc,heap        ] GC(24699) Old regions: 42->42
[2020-12-29T14:38:49.075-0500][gc,heap        ] GC(24699) Humongous regions: 4->4
[2020-12-29T14:38:49.075-0500][gc,metaspace   ] GC(24699) Metaspace: 50336K->50336K(1093632K)
[2020-12-29T14:38:49.075-0500][gc,heap        ] GC(24699) Heap after GC invocations=24700 (full 5737): garbage-first heap   total 64512K, used 43419K [0x0000000083000000, 0x0000000100000000)
[2020-12-29T14:38:49.075-0500][gc,heap        ] GC(24699)   region size 1024K, 1 young (1024K), 1 survivors (1024K)
[2020-12-29T14:38:49.075-0500][gc,heap        ] GC(24699)  Metaspace       used 50336K, capacity 52472K, committed 53888K, reserved 1093632K
[2020-12-29T14:38:49.075-0500][gc,heap        ] GC(24699)   class space    used 7457K, capacity 8250K, committed 8832K, reserved 1048576K
[2020-12-29T14:38:49.075-0500][gc             ] GC(24699) Pause Young (Normal) (G1 Evacuation Pause) 51M->42M(63M) 7.868ms
[2020-12-29T14:38:49.076-0500][gc,cpu         ] GC(24699) User=0.03s Sys=0.00s Real=0.01s
[2020-12-29T14:40:49.061-0500][gc,heap        ] GC(24700) Heap before GC invocations=24700 (full 5737): garbage-first heap   total 64512K, used 51611K [0x0000000083000000, 0x0000000100000000)
[2020-12-29T14:40:49.062-0500][gc,heap        ] GC(24700)   region size 1024K, 9 young (9216K), 1 survivors (1024K)
[2020-12-29T14:40:49.062-0500][gc,heap        ] GC(24700)  Metaspace       used 50336K, capacity 52472K, committed 53888K, reserved 1093632K
[2020-12-29T14:40:49.062-0500][gc,heap        ] GC(24700)   class space    used 7457K, capacity 8250K, committed 8832K, reserved 1048576K
[2020-12-29T14:40:49.062-0500][gc,start       ] GC(24700) Pause Young (Normal) (G1 Evacuation Pause)
[2020-12-29T14:40:49.062-0500][gc,task        ] GC(24700) Using 8 workers of 8 for evacuation
[2020-12-29T14:40:49.081-0500][gc,phases      ] GC(24700)   Pre Evacuate Collection Set: 0.0ms
[2020-12-29T14:40:49.081-0500][gc,phases      ] GC(24700)   Evacuate Collection Set: 0.8ms
[2020-12-29T14:40:49.081-0500][gc,phases      ] GC(24700)   Post Evacuate Collection Set: 18.7ms
[2020-12-29T14:40:49.081-0500][gc,phases      ] GC(24700)   Other: 0.3ms
[2020-12-29T14:40:49.081-0500][gc,heap        ] GC(24700) Eden regions: 8->0(8)
[2020-12-29T14:40:49.081-0500][gc,heap        ] GC(24700) Survivor regions: 1->1(2)
[2020-12-29T14:40:49.081-0500][gc,heap        ] GC(24700) Old regions: 42->42
[2020-12-29T14:40:49.081-0500][gc,heap        ] GC(24700) Humongous regions: 4->4
[2020-12-29T14:40:49.081-0500][gc,metaspace   ] GC(24700) Metaspace: 50336K->50336K(1093632K)
[2020-12-29T14:40:49.082-0500][gc,heap        ] GC(24700) Heap after GC invocations=24701 (full 5737): garbage-first heap   total 64512K, used 43391K [0x0000000083000000, 0x0000000100000000)
[2020-12-29T14:40:49.082-0500][gc,heap        ] GC(24700)   region size 1024K, 1 young (1024K), 1 survivors (1024K)
[2020-12-29T14:40:49.082-0500][gc,heap        ] GC(24700)  Metaspace       used 50336K, capacity 52472K, committed 53888K, reserved 1093632K
[2020-12-29T14:40:49.082-0500][gc,heap        ] GC(24700)   class space    used 7457K, capacity 8250K, committed 8832K, reserved 1048576K
[2020-12-29T14:40:49.082-0500][gc             ] GC(24700) Pause Young (Normal) (G1 Evacuation Pause) 50M->42M(63M) 20.010ms
[2020-12-29T14:40:49.082-0500][gc,cpu         ] GC(24700) User=0.12s Sys=0.00s Real=0.02s
[2020-12-29T14:41:45.190-0500][gc,task        ] GC(24701) Using 5 workers of 8 for full compaction
[2020-12-29T14:41:45.191-0500][gc,start       ] GC(24701) Pause Full (System.gc())
[2020-12-29T14:41:45.191-0500][gc,heap        ] GC(24701) Heap before GC invocations=24701 (full 5737): garbage-first heap   total 64512K, used 45439K [0x0000000083000000, 0x0000000100000000)
[2020-12-29T14:41:45.191-0500][gc,heap        ] GC(24701)   region size 1024K, 5 young (5120K), 1 survivors (1024K)
[2020-12-29T14:41:45.191-0500][gc,heap        ] GC(24701)  Metaspace       used 50336K, capacity 52472K, committed 53888K, reserved 1093632K
[2020-12-29T14:41:45.191-0500][gc,heap        ] GC(24701)   class space    used 7457K, capacity 8250K, committed 8832K, reserved 1048576K
[2020-12-29T14:41:45.191-0500][gc,phases,start] GC(24701) Phase 1: Mark live objects
[2020-12-29T14:41:45.236-0500][gc,stringtable ] GC(24701) Cleaned string and symbol table, strings: 33323 processed, 4 removed, symbols: 120973 processed, 0 removed
[2020-12-29T14:41:45.236-0500][gc,phases      ] GC(24701) Phase 1: Mark live objects 44.765ms
[2020-12-29T14:41:45.236-0500][gc,phases,start] GC(24701) Phase 2: Prepare for compaction
[2020-12-29T14:41:45.239-0500][gc,phases      ] GC(24701) Phase 2: Prepare for compaction 3.342ms
[2020-12-29T14:41:45.239-0500][gc,phases,start] GC(24701) Phase 3: Adjust pointers
[2020-12-29T14:41:45.253-0500][gc,phases      ] GC(24701) Phase 3: Adjust pointers 13.371ms
[2020-12-29T14:41:45.253-0500][gc,phases,start] GC(24701) Phase 4: Compact heap
[2020-12-29T14:41:45.255-0500][gc,phases      ] GC(24701) Phase 4: Compact heap 2.590ms
[2020-12-29T14:41:45.260-0500][gc,heap        ] GC(24701) Eden regions: 4->0(10)
[2020-12-29T14:41:45.260-0500][gc,heap        ] GC(24701) Survivor regions: 1->0(2)
[2020-12-29T14:41:45.260-0500][gc,heap        ] GC(24701) Old regions: 42->41
[2020-12-29T14:41:45.260-0500][gc,heap        ] GC(24701) Humongous regions: 4->4
[2020-12-29T14:41:45.260-0500][gc,metaspace   ] GC(24701) Metaspace: 50336K->50336K(1093632K)
[2020-12-29T14:41:45.260-0500][gc,heap        ] GC(24701) Heap after GC invocations=24702 (full 5738): garbage-first heap   total 64512K, used 43345K [0x0000000083000000, 0x0000000100000000)
[2020-12-29T14:41:45.260-0500][gc,heap        ] GC(24701)   region size 1024K, 0 young (0K), 0 survivors (0K)
[2020-12-29T14:41:45.260-0500][gc,heap        ] GC(24701)  Metaspace       used 50336K, capacity 52472K, committed 53888K, reserved 1093632K
[2020-12-29T14:41:45.260-0500][gc,heap        ] GC(24701)   class space    used 7457K, capacity 8250K, committed 8832K, reserved 1048576K
[2020-12-29T14:41:45.260-0500][gc             ] GC(24701) Pause Full (System.gc()) 46M->42M(63M) 69.264ms
[2020-12-29T14:41:45.260-0500][gc,cpu         ] GC(24701) User=0.30s Sys=0.00s Real=0.07s
[2020-12-29T14:44:19.061-0500][gc,heap        ] GC(24702) Heap before GC invocations=24702 (full 5738): garbage-first heap   total 64512K, used 52561K [0x0000000083000000, 0x0000000100000000)
[2020-12-29T14:44:19.061-0500][gc,heap        ] GC(24702)   region size 1024K, 10 young (10240K), 0 survivors (0K)
[2020-12-29T14:44:19.061-0500][gc,heap        ] GC(24702)  Metaspace       used 50336K, capacity 52472K, committed 53888K, reserved 1093632K
[2020-12-29T14:44:19.061-0500][gc,heap        ] GC(24702)   class space    used 7457K, capacity 8250K, committed 8832K, reserved 1048576K
[2020-12-29T14:44:19.061-0500][gc,start       ] GC(24702) Pause Young (Normal) (G1 Evacuation Pause)
[2020-12-29T14:44:19.061-0500][gc,task        ] GC(24702) Using 8 workers of 8 for evacuation
[2020-12-29T14:44:19.073-0500][gc,phases      ] GC(24702)   Pre Evacuate Collection Set: 0.0ms
[2020-12-29T14:44:19.073-0500][gc,phases      ] GC(24702)   Evacuate Collection Set: 8.8ms
[2020-12-29T14:44:19.073-0500][gc,phases      ] GC(24702)   Post Evacuate Collection Set: 2.8ms
[2020-12-29T14:44:19.073-0500][gc,phases      ] GC(24702)   Other: 0.4ms
[2020-12-29T14:44:19.073-0500][gc,heap        ] GC(24702) Eden regions: 10->0(9)
[2020-12-29T14:44:19.073-0500][gc,heap        ] GC(24702) Survivor regions: 0->1(2)
[2020-12-29T14:44:19.073-0500][gc,heap        ] GC(24702) Old regions: 41->41
[2020-12-29T14:44:19.073-0500][gc,heap        ] GC(24702) Humongous regions: 4->4
[2020-12-29T14:44:19.073-0500][gc,metaspace   ] GC(24702) Metaspace: 50336K->50336K(1093632K)
[2020-12-29T14:44:19.073-0500][gc,heap        ] GC(24702) Heap after GC invocations=24703 (full 5738): garbage-first heap   total 64512K, used 43433K [0x0000000083000000, 0x0000000100000000)
[2020-12-29T14:44:19.073-0500][gc,heap        ] GC(24702)   region size 1024K, 1 young (1024K), 1 survivors (1024K)
[2020-12-29T14:44:19.073-0500][gc,heap        ] GC(24702)  Metaspace       used 50336K, capacity 52472K, committed 53888K, reserved 1093632K
[2020-12-29T14:44:19.073-0500][gc,heap        ] GC(24702)   class space    used 7457K, capacity 8250K, committed 8832K, reserved 1048576K
[2020-12-29T14:44:19.074-0500][gc             ] GC(24702) Pause Young (Normal) (G1 Evacuation Pause) 52M->42M(63M) 12.345ms
[2020-12-29T14:44:19.074-0500][gc,cpu         ] GC(24702) User=0.06s Sys=0.01s Real=0.01s
[2020-12-29T14:46:29.062-0500][gc,heap        ] GC(24703) Heap before GC invocations=24703 (full 5738): garbage-first heap   total 64512K, used 51625K [0x0000000083000000, 0x0000000100000000)
[2020-12-29T14:46:29.062-0500][gc,heap        ] GC(24703)   region size 1024K, 10 young (10240K), 1 survivors (1024K)
[2020-12-29T14:46:29.062-0500][gc,heap        ] GC(24703)  Metaspace       used 50336K, capacity 52472K, committed 53888K, reserved 1093632K
[2020-12-29T14:46:29.062-0500][gc,heap        ] GC(24703)   class space    used 7457K, capacity 8250K, committed 8832K, reserved 1048576K
[2020-12-29T14:46:29.062-0500][gc,start       ] GC(24703) Pause Young (Normal) (G1 Evacuation Pause)
[2020-12-29T14:46:29.062-0500][gc,task        ] GC(24703) Using 8 workers of 8 for evacuation
[2020-12-29T14:46:29.063-0500][gc,phases      ] GC(24703)   Pre Evacuate Collection Set: 0.0ms
[2020-12-29T14:46:29.064-0500][gc,phases      ] GC(24703)   Evacuate Collection Set: 0.6ms
[2020-12-29T14:46:29.064-0500][gc,phases      ] GC(24703)   Post Evacuate Collection Set: 1.0ms
[2020-12-29T14:46:29.064-0500][gc,phases      ] GC(24703)   Other: 0.2ms
[2020-12-29T14:46:29.064-0500][gc,heap        ] GC(24703) Eden regions: 9->0(9)
[2020-12-29T14:46:29.064-0500][gc,heap        ] GC(24703) Survivor regions: 1->1(2)
[2020-12-29T14:46:29.064-0500][gc,heap        ] GC(24703) Old regions: 41->41
[2020-12-29T14:46:29.064-0500][gc,heap        ] GC(24703) Humongous regions: 4->4
[2020-12-29T14:46:29.064-0500][gc,metaspace   ] GC(24703) Metaspace: 50336K->50336K(1093632K)
[2020-12-29T14:46:29.064-0500][gc,heap        ] GC(24703) Heap after GC invocations=24704 (full 5738): garbage-first heap   total 64512K, used 43413K [0x0000000083000000, 0x0000000100000000)
[2020-12-29T14:46:29.064-0500][gc,heap        ] GC(24703)   region size 1024K, 1 young (1024K), 1 survivors (1024K)
[2020-12-29T14:46:29.064-0500][gc,heap        ] GC(24703)  Metaspace       used 50336K, capacity 52472K, committed 53888K, reserved 1093632K
[2020-12-29T14:46:29.064-0500][gc,heap        ] GC(24703)   class space    used 7457K, capacity 8250K, committed 8832K, reserved 1048576K
[2020-12-29T14:46:29.064-0500][gc             ] GC(24703) Pause Young (Normal) (G1 Evacuation Pause) 51M->42M(63M) 1.831ms
[2020-12-29T14:46:29.064-0500][gc,cpu         ] GC(24703) User=0.00s Sys=0.00s Real=0.00s
[2020-12-29T14:46:45.190-0500][gc,task        ] GC(24704) Using 5 workers of 8 for full compaction
[2020-12-29T14:46:45.190-0500][gc,start       ] GC(24704) Pause Full (System.gc())
[2020-12-29T14:46:45.190-0500][gc,heap        ] GC(24704) Heap before GC invocations=24704 (full 5738): garbage-first heap   total 64512K, used 43413K [0x0000000083000000, 0x0000000100000000)
[2020-12-29T14:46:45.190-0500][gc,heap        ] GC(24704)   region size 1024K, 2 young (2048K), 1 survivors (1024K)
[2020-12-29T14:46:45.190-0500][gc,heap        ] GC(24704)  Metaspace       used 50336K, capacity 52472K, committed 53888K, reserved 1093632K
[2020-12-29T14:46:45.190-0500][gc,heap        ] GC(24704)   class space    used 7457K, capacity 8250K, committed 8832K, reserved 1048576K
[2020-12-29T14:46:45.191-0500][gc,phases,start] GC(24704) Phase 1: Mark live objects
[2020-12-29T14:46:45.239-0500][gc,stringtable ] GC(24704) Cleaned string and symbol table, strings: 33323 processed, 4 removed, symbols: 120973 processed, 0 removed
[2020-12-29T14:46:45.239-0500][gc,phases      ] GC(24704) Phase 1: Mark live objects 48.471ms
[2020-12-29T14:46:45.239-0500][gc,phases,start] GC(24704) Phase 2: Prepare for compaction
[2020-12-29T14:46:45.244-0500][gc,phases      ] GC(24704) Phase 2: Prepare for compaction 4.987ms
[2020-12-29T14:46:45.244-0500][gc,phases,start] GC(24704) Phase 3: Adjust pointers
[2020-12-29T14:46:45.259-0500][gc,phases      ] GC(24704) Phase 3: Adjust pointers 14.186ms
[2020-12-29T14:46:45.259-0500][gc,phases,start] GC(24704) Phase 4: Compact heap
[2020-12-29T14:46:45.262-0500][gc,phases      ] GC(24704) Phase 4: Compact heap 3.083ms
[2020-12-29T14:46:45.266-0500][gc,heap        ] GC(24704) Eden regions: 1->0(9)
[2020-12-29T14:46:45.266-0500][gc,heap        ] GC(24704) Survivor regions: 1->0(2)
[2020-12-29T14:46:45.266-0500][gc,heap        ] GC(24704) Old regions: 41->42
[2020-12-29T14:46:45.266-0500][gc,heap        ] GC(24704) Humongous regions: 4->4
[2020-12-29T14:46:45.266-0500][gc,metaspace   ] GC(24704) Metaspace: 50336K->50336K(1093632K)
[2020-12-29T14:46:45.266-0500][gc,heap        ] GC(24704) Heap after GC invocations=24705 (full 5739): garbage-first heap   total 64512K, used 43330K [0x0000000083000000, 0x0000000100000000)
[2020-12-29T14:46:45.266-0500][gc,heap        ] GC(24704)   region size 1024K, 0 young (0K), 0 survivors (0K)
[2020-12-29T14:46:45.266-0500][gc,heap        ] GC(24704)  Metaspace       used 50336K, capacity 52472K, committed 53888K, reserved 1093632K
[2020-12-29T14:46:45.266-0500][gc,heap        ] GC(24704)   class space    used 7457K, capacity 8250K, committed 8832K, reserved 1048576K
[2020-12-29T14:46:45.267-0500][gc             ] GC(24704) Pause Full (System.gc()) 43M->42M(63M) 76.420ms
[2020-12-29T14:46:45.267-0500][gc,cpu         ] GC(24704) User=0.34s Sys=0.00s Real=0.07s
[2020-12-29T14:48:59.064-0500][gc,heap        ] GC(24705) Heap before GC invocations=24705 (full 5739): garbage-first heap   total 64512K, used 52546K [0x0000000083000000, 0x0000000100000000)
[2020-12-29T14:48:59.064-0500][gc,heap        ] GC(24705)   region size 1024K, 9 young (9216K), 0 survivors (0K)
[2020-12-29T14:48:59.064-0500][gc,heap        ] GC(24705)  Metaspace       used 50336K, capacity 52472K, committed 53888K, reserved 1093632K
[2020-12-29T14:48:59.064-0500][gc,heap        ] GC(24705)   class space    used 7457K, capacity 8250K, committed 8832K, reserved 1048576K
[2020-12-29T14:48:59.064-0500][gc,start       ] GC(24705) Pause Young (Normal) (G1 Evacuation Pause)
[2020-12-29T14:48:59.064-0500][gc,task        ] GC(24705) Using 8 workers of 8 for evacuation
[2020-12-29T14:48:59.070-0500][gc,phases      ] GC(24705)   Pre Evacuate Collection Set: 0.0ms
[2020-12-29T14:48:59.070-0500][gc,phases      ] GC(24705)   Evacuate Collection Set: 1.5ms
[2020-12-29T14:48:59.070-0500][gc,phases      ] GC(24705)   Post Evacuate Collection Set: 3.6ms
[2020-12-29T14:48:59.070-0500][gc,phases      ] GC(24705)   Other: 0.5ms
[2020-12-29T14:48:59.070-0500][gc,heap        ] GC(24705) Eden regions: 9->0(8)
[2020-12-29T14:48:59.070-0500][gc,heap        ] GC(24705) Survivor regions: 0->1(2)
[2020-12-29T14:48:59.070-0500][gc,heap        ] GC(24705) Old regions: 42->42
[2020-12-29T14:48:59.070-0500][gc,heap        ] GC(24705) Humongous regions: 4->4
[2020-12-29T14:48:59.070-0500][gc,metaspace   ] GC(24705) Metaspace: 50336K->50336K(1093632K)
[2020-12-29T14:48:59.070-0500][gc,heap        ] GC(24705) Heap after GC invocations=24706 (full 5739): garbage-first heap   total 64512K, used 43394K [0x0000000083000000, 0x0000000100000000)
[2020-12-29T14:48:59.070-0500][gc,heap        ] GC(24705)   region size 1024K, 1 young (1024K), 1 survivors (1024K)
[2020-12-29T14:48:59.070-0500][gc,heap        ] GC(24705)  Metaspace       used 50336K, capacity 52472K, committed 53888K, reserved 1093632K
[2020-12-29T14:48:59.070-0500][gc,heap        ] GC(24705)   class space    used 7457K, capacity 8250K, committed 8832K, reserved 1048576K
[2020-12-29T14:48:59.070-0500][gc             ] GC(24705) Pause Young (Normal) (G1 Evacuation Pause) 51M->42M(63M) 5.750ms
[2020-12-29T14:48:59.070-0500][gc,cpu         ] GC(24705) User=0.02s Sys=0.00s Real=0.01s
[2020-12-29T14:50:59.063-0500][gc,heap        ] GC(24706) Heap before GC invocations=24706 (full 5739): garbage-first heap   total 64512K, used 50562K [0x0000000083000000, 0x0000000100000000)
[2020-12-29T14:50:59.063-0500][gc,heap        ] GC(24706)   region size 1024K, 9 young (9216K), 1 survivors (1024K)
[2020-12-29T14:50:59.063-0500][gc,heap        ] GC(24706)  Metaspace       used 50336K, capacity 52472K, committed 53888K, reserved 1093632K
[2020-12-29T14:50:59.063-0500][gc,heap        ] GC(24706)   class space    used 7457K, capacity 8250K, committed 8832K, reserved 1048576K
[2020-12-29T14:50:59.064-0500][gc,start       ] GC(24706) Pause Young (Normal) (G1 Evacuation Pause)
[2020-12-29T14:50:59.064-0500][gc,task        ] GC(24706) Using 8 workers of 8 for evacuation
[2020-12-29T14:50:59.072-0500][gc,phases      ] GC(24706)   Pre Evacuate Collection Set: 0.0ms
[2020-12-29T14:50:59.072-0500][gc,phases      ] GC(24706)   Evacuate Collection Set: 5.1ms
[2020-12-29T14:50:59.072-0500][gc,phases      ] GC(24706)   Post Evacuate Collection Set: 2.8ms
[2020-12-29T14:50:59.072-0500][gc,phases      ] GC(24706)   Other: 0.5ms
[2020-12-29T14:50:59.072-0500][gc,heap        ] GC(24706) Eden regions: 8->0(8)
[2020-12-29T14:50:59.072-0500][gc,heap        ] GC(24706) Survivor regions: 1->1(2)
[2020-12-29T14:50:59.072-0500][gc,heap        ] GC(24706) Old regions: 42->42
[2020-12-29T14:50:59.072-0500][gc,heap        ] GC(24706) Humongous regions: 4->4
[2020-12-29T14:50:59.072-0500][gc,metaspace   ] GC(24706) Metaspace: 50336K->50336K(1093632K)
[2020-12-29T14:50:59.072-0500][gc,heap        ] GC(24706) Heap after GC invocations=24707 (full 5739): garbage-first heap   total 64512K, used 43410K [0x0000000083000000, 0x0000000100000000)
[2020-12-29T14:50:59.072-0500][gc,heap        ] GC(24706)   region size 1024K, 1 young (1024K), 1 survivors (1024K)
[2020-12-29T14:50:59.072-0500][gc,heap        ] GC(24706)  Metaspace       used 50336K, capacity 52472K, committed 53888K, reserved 1093632K
[2020-12-29T14:50:59.072-0500][gc,heap        ] GC(24706)   class space    used 7457K, capacity 8250K, committed 8832K, reserved 1048576K
[2020-12-29T14:50:59.072-0500][gc             ] GC(24706) Pause Young (Normal) (G1 Evacuation Pause) 50M->42M(63M) 8.666ms
[2020-12-29T14:50:59.072-0500][gc,cpu         ] GC(24706) User=0.05s Sys=0.00s Real=0.01s
[2020-12-29T14:51:45.189-0500][gc,task        ] GC(24707) Using 5 workers of 8 for full compaction
[2020-12-29T14:51:45.189-0500][gc,start       ] GC(24707) Pause Full (System.gc())
[2020-12-29T14:51:45.189-0500][gc,heap        ] GC(24707) Heap before GC invocations=24707 (full 5739): garbage-first heap   total 64512K, used 46482K [0x0000000083000000, 0x0000000100000000)
[2020-12-29T14:51:45.189-0500][gc,heap        ] GC(24707)   region size 1024K, 5 young (5120K), 1 survivors (1024K)
[2020-12-29T14:51:45.189-0500][gc,heap        ] GC(24707)  Metaspace       used 50336K, capacity 52472K, committed 53888K, reserved 1093632K
[2020-12-29T14:51:45.189-0500][gc,heap        ] GC(24707)   class space    used 7457K, capacity 8250K, committed 8832K, reserved 1048576K
[2020-12-29T14:51:45.190-0500][gc,phases,start] GC(24707) Phase 1: Mark live objects
[2020-12-29T14:51:45.213-0500][gc,stringtable ] GC(24707) Cleaned string and symbol table, strings: 33323 processed, 4 removed, symbols: 120973 processed, 0 removed
[2020-12-29T14:51:45.213-0500][gc,phases      ] GC(24707) Phase 1: Mark live objects 23.528ms
[2020-12-29T14:51:45.213-0500][gc,phases,start] GC(24707) Phase 2: Prepare for compaction
[2020-12-29T14:51:45.217-0500][gc,phases      ] GC(24707) Phase 2: Prepare for compaction 3.622ms
[2020-12-29T14:51:45.217-0500][gc,phases,start] GC(24707) Phase 3: Adjust pointers
[2020-12-29T14:51:45.228-0500][gc,phases      ] GC(24707) Phase 3: Adjust pointers 11.529ms
[2020-12-29T14:51:45.228-0500][gc,phases,start] GC(24707) Phase 4: Compact heap
[2020-12-29T14:51:45.231-0500][gc,phases      ] GC(24707) Phase 4: Compact heap 2.766ms
[2020-12-29T14:51:45.236-0500][gc,heap        ] GC(24707) Eden regions: 4->0(9)
[2020-12-29T14:51:45.236-0500][gc,heap        ] GC(24707) Survivor regions: 1->0(2)
[2020-12-29T14:51:45.236-0500][gc,heap        ] GC(24707) Old regions: 42->42
[2020-12-29T14:51:45.236-0500][gc,heap        ] GC(24707) Humongous regions: 4->4
[2020-12-29T14:51:45.236-0500][gc,metaspace   ] GC(24707) Metaspace: 50336K->50336K(1093632K)
[2020-12-29T14:51:45.236-0500][gc,heap        ] GC(24707) Heap after GC invocations=24708 (full 5740): garbage-first heap   total 64512K, used 43342K [0x0000000083000000, 0x0000000100000000)
[2020-12-29T14:51:45.236-0500][gc,heap        ] GC(24707)   region size 1024K, 0 young (0K), 0 survivors (0K)
[2020-12-29T14:51:45.236-0500][gc,heap        ] GC(24707)  Metaspace       used 50336K, capacity 52472K, committed 53888K, reserved 1093632K
[2020-12-29T14:51:45.236-0500][gc,heap        ] GC(24707)   class space    used 7457K, capacity 8250K, committed 8832K, reserved 1048576K
[2020-12-29T14:51:45.236-0500][gc             ] GC(24707) Pause Full (System.gc()) 45M->42M(63M) 46.553ms
[2020-12-29T14:51:45.236-0500][gc,cpu         ] GC(24707) User=0.20s Sys=0.00s Real=0.04s
[2020-12-29T14:53:59.064-0500][gc,heap        ] GC(24708) Heap before GC invocations=24708 (full 5740): garbage-first heap   total 64512K, used 52558K [0x0000000083000000, 0x0000000100000000)
[2020-12-29T14:53:59.064-0500][gc,heap        ] GC(24708)   region size 1024K, 9 young (9216K), 0 survivors (0K)
[2020-12-29T14:53:59.064-0500][gc,heap        ] GC(24708)  Metaspace       used 50336K, capacity 52472K, committed 53888K, reserved 1093632K
[2020-12-29T14:53:59.064-0500][gc,heap        ] GC(24708)   class space    used 7457K, capacity 8250K, committed 8832K, reserved 1048576K
[2020-12-29T14:53:59.064-0500][gc,start       ] GC(24708) Pause Young (Normal) (G1 Evacuation Pause)
[2020-12-29T14:53:59.064-0500][gc,task        ] GC(24708) Using 8 workers of 8 for evacuation
[2020-12-29T14:53:59.068-0500][gc,phases      ] GC(24708)   Pre Evacuate Collection Set: 0.0ms
[2020-12-29T14:53:59.068-0500][gc,phases      ] GC(24708)   Evacuate Collection Set: 1.4ms
[2020-12-29T14:53:59.068-0500][gc,phases      ] GC(24708)   Post Evacuate Collection Set: 2.2ms
[2020-12-29T14:53:59.068-0500][gc,phases      ] GC(24708)   Other: 0.3ms
[2020-12-29T14:53:59.068-0500][gc,heap        ] GC(24708) Eden regions: 9->0(8)
[2020-12-29T14:53:59.068-0500][gc,heap        ] GC(24708) Survivor regions: 0->1(2)
[2020-12-29T14:53:59.068-0500][gc,heap        ] GC(24708) Old regions: 42->42
[2020-12-29T14:53:59.068-0500][gc,heap        ] GC(24708) Humongous regions: 4->4
[2020-12-29T14:53:59.068-0500][gc,metaspace   ] GC(24708) Metaspace: 50336K->50336K(1093632K)
[2020-12-29T14:53:59.068-0500][gc,heap        ] GC(24708) Heap after GC invocations=24709 (full 5740): garbage-first heap   total 64512K, used 43428K [0x0000000083000000, 0x0000000100000000)
[2020-12-29T14:53:59.068-0500][gc,heap        ] GC(24708)   region size 1024K, 1 young (1024K), 1 survivors (1024K)
[2020-12-29T14:53:59.068-0500][gc,heap        ] GC(24708)  Metaspace       used 50336K, capacity 52472K, committed 53888K, reserved 1093632K
[2020-12-29T14:53:59.068-0500][gc,heap        ] GC(24708)   class space    used 7457K, capacity 8250K, committed 8832K, reserved 1048576K
[2020-12-29T14:53:59.068-0500][gc             ] GC(24708) Pause Young (Normal) (G1 Evacuation Pause) 51M->42M(63M) 4.172ms
[2020-12-29T14:53:59.068-0500][gc,cpu         ] GC(24708) User=0.01s Sys=0.00s Real=0.01s
[2020-12-29T14:55:59.060-0500][gc,heap        ] GC(24709) Heap before GC invocations=24709 (full 5740): garbage-first heap   total 64512K, used 51620K [0x0000000083000000, 0x0000000100000000)
[2020-12-29T14:55:59.060-0500][gc,heap        ] GC(24709)   region size 1024K, 9 young (9216K), 1 survivors (1024K)
[2020-12-29T14:55:59.060-0500][gc,heap        ] GC(24709)  Metaspace       used 50336K, capacity 52472K, committed 53888K, reserved 1093632K
[2020-12-29T14:55:59.060-0500][gc,heap        ] GC(24709)   class space    used 7457K, capacity 8250K, committed 8832K, reserved 1048576K
[2020-12-29T14:55:59.060-0500][gc,start       ] GC(24709) Pause Young (Normal) (G1 Evacuation Pause)
[2020-12-29T14:55:59.060-0500][gc,task        ] GC(24709) Using 8 workers of 8 for evacuation
[2020-12-29T14:55:59.062-0500][gc,phases      ] GC(24709)   Pre Evacuate Collection Set: 0.0ms
[2020-12-29T14:55:59.062-0500][gc,phases      ] GC(24709)   Evacuate Collection Set: 0.7ms
[2020-12-29T14:55:59.062-0500][gc,phases      ] GC(24709)   Post Evacuate Collection Set: 0.8ms
[2020-12-29T14:55:59.062-0500][gc,phases      ] GC(24709)   Other: 0.2ms
[2020-12-29T14:55:59.062-0500][gc,heap        ] GC(24709) Eden regions: 8->0(8)
[2020-12-29T14:55:59.062-0500][gc,heap        ] GC(24709) Survivor regions: 1->1(2)
[2020-12-29T14:55:59.062-0500][gc,heap        ] GC(24709) Old regions: 42->42
[2020-12-29T14:55:59.062-0500][gc,heap        ] GC(24709) Humongous regions: 4->4
[2020-12-29T14:55:59.062-0500][gc,metaspace   ] GC(24709) Metaspace: 50336K->50336K(1093632K)
[2020-12-29T14:55:59.062-0500][gc,heap        ] GC(24709) Heap after GC invocations=24710 (full 5740): garbage-first heap   total 64512K, used 43401K [0x0000000083000000, 0x0000000100000000)
[2020-12-29T14:55:59.062-0500][gc,heap        ] GC(24709)   region size 1024K, 1 young (1024K), 1 survivors (1024K)
[2020-12-29T14:55:59.062-0500][gc,heap        ] GC(24709)  Metaspace       used 50336K, capacity 52472K, committed 53888K, reserved 1093632K
[2020-12-29T14:55:59.062-0500][gc,heap        ] GC(24709)   class space    used 7457K, capacity 8250K, committed 8832K, reserved 1048576K
[2020-12-29T14:55:59.062-0500][gc             ] GC(24709) Pause Young (Normal) (G1 Evacuation Pause) 50M->42M(63M) 1.850ms
[2020-12-29T14:55:59.062-0500][gc,cpu         ] GC(24709) User=0.01s Sys=0.00s Real=0.00s
[2020-12-29T14:56:45.189-0500][gc,task        ] GC(24710) Using 5 workers of 8 for full compaction
[2020-12-29T14:56:45.189-0500][gc,start       ] GC(24710) Pause Full (System.gc())
[2020-12-29T14:56:45.189-0500][gc,heap        ] GC(24710) Heap before GC invocations=24710 (full 5740): garbage-first heap   total 64512K, used 46473K [0x0000000083000000, 0x0000000100000000)
[2020-12-29T14:56:45.189-0500][gc,heap        ] GC(24710)   region size 1024K, 5 young (5120K), 1 survivors (1024K)
[2020-12-29T14:56:45.189-0500][gc,heap        ] GC(24710)  Metaspace       used 50336K, capacity 52472K, committed 53888K, reserved 1093632K
[2020-12-29T14:56:45.189-0500][gc,heap        ] GC(24710)   class space    used 7457K, capacity 8250K, committed 8832K, reserved 1048576K
[2020-12-29T14:56:45.189-0500][gc,phases,start] GC(24710) Phase 1: Mark live objects
[2020-12-29T14:56:45.217-0500][gc,stringtable ] GC(24710) Cleaned string and symbol table, strings: 33323 processed, 4 removed, symbols: 120973 processed, 0 removed
[2020-12-29T14:56:45.217-0500][gc,phases      ] GC(24710) Phase 1: Mark live objects 27.183ms
[2020-12-29T14:56:45.217-0500][gc,phases,start] GC(24710) Phase 2: Prepare for compaction
[2020-12-29T14:56:45.220-0500][gc,phases      ] GC(24710) Phase 2: Prepare for compaction 3.285ms
[2020-12-29T14:56:45.220-0500][gc,phases,start] GC(24710) Phase 3: Adjust pointers
[2020-12-29T14:56:45.230-0500][gc,phases      ] GC(24710) Phase 3: Adjust pointers 9.639ms
[2020-12-29T14:56:45.230-0500][gc,phases,start] GC(24710) Phase 4: Compact heap
[2020-12-29T14:56:45.233-0500][gc,phases      ] GC(24710) Phase 4: Compact heap 2.828ms
[2020-12-29T14:56:45.237-0500][gc,heap        ] GC(24710) Eden regions: 4->0(10)
[2020-12-29T14:56:45.237-0500][gc,heap        ] GC(24710) Survivor regions: 1->0(2)
[2020-12-29T14:56:45.237-0500][gc,heap        ] GC(24710) Old regions: 42->41
[2020-12-29T14:56:45.237-0500][gc,heap        ] GC(24710) Humongous regions: 4->4
[2020-12-29T14:56:45.237-0500][gc,metaspace   ] GC(24710) Metaspace: 50336K->50336K(1093632K)
[2020-12-29T14:56:45.237-0500][gc,heap        ] GC(24710) Heap after GC invocations=24711 (full 5741): garbage-first heap   total 64512K, used 43347K [0x0000000083000000, 0x0000000100000000)
[2020-12-29T14:56:45.237-0500][gc,heap        ] GC(24710)   region size 1024K, 0 young (0K), 0 survivors (0K)
[2020-12-29T14:56:45.237-0500][gc,heap        ] GC(24710)  Metaspace       used 50336K, capacity 52472K, committed 53888K, reserved 1093632K
[2020-12-29T14:56:45.237-0500][gc,heap        ] GC(24710)   class space    used 7457K, capacity 8250K, committed 8832K, reserved 1048576K
[2020-12-29T14:56:45.237-0500][gc             ] GC(24710) Pause Full (System.gc()) 45M->42M(63M) 48.014ms
[2020-12-29T14:56:45.237-0500][gc,cpu         ] GC(24710) User=0.19s Sys=0.00s Real=0.04s
[2020-12-29T14:59:09.209-0500][gc,heap        ] GC(24711) Heap before GC invocations=24711 (full 5741): garbage-first heap   total 64512K, used 52563K [0x0000000083000000, 0x0000000100000000)
[2020-12-29T14:59:09.209-0500][gc,heap        ] GC(24711)   region size 1024K, 10 young (10240K), 0 survivors (0K)
[2020-12-29T14:59:09.209-0500][gc,heap        ] GC(24711)  Metaspace       used 50336K, capacity 52472K, committed 53888K, reserved 1093632K
[2020-12-29T14:59:09.209-0500][gc,heap        ] GC(24711)   class space    used 7457K, capacity 8250K, committed 8832K, reserved 1048576K
[2020-12-29T14:59:09.209-0500][gc,start       ] GC(24711) Pause Young (Normal) (G1 Evacuation Pause)
[2020-12-29T14:59:09.209-0500][gc,task        ] GC(24711) Using 8 workers of 8 for evacuation
[2020-12-29T14:59:09.213-0500][gc,phases      ] GC(24711)   Pre Evacuate Collection Set: 0.0ms
[2020-12-29T14:59:09.213-0500][gc,phases      ] GC(24711)   Evacuate Collection Set: 2.8ms
[2020-12-29T14:59:09.213-0500][gc,phases      ] GC(24711)   Post Evacuate Collection Set: 1.2ms
[2020-12-29T14:59:09.213-0500][gc,phases      ] GC(24711)   Other: 0.2ms
[2020-12-29T14:59:09.213-0500][gc,heap        ] GC(24711) Eden regions: 10->0(9)
[2020-12-29T14:59:09.213-0500][gc,heap        ] GC(24711) Survivor regions: 0->1(2)
[2020-12-29T14:59:09.213-0500][gc,heap        ] GC(24711) Old regions: 41->41
[2020-12-29T14:59:09.213-0500][gc,heap        ] GC(24711) Humongous regions: 4->4
[2020-12-29T14:59:09.213-0500][gc,metaspace   ] GC(24711) Metaspace: 50336K->50336K(1093632K)
[2020-12-29T14:59:09.213-0500][gc,heap        ] GC(24711) Heap after GC invocations=24712 (full 5741): garbage-first heap   total 64512K, used 43427K [0x0000000083000000, 0x0000000100000000)
[2020-12-29T14:59:09.213-0500][gc,heap        ] GC(24711)   region size 1024K, 1 young (1024K), 1 survivors (1024K)
[2020-12-29T14:59:09.213-0500][gc,heap        ] GC(24711)  Metaspace       used 50336K, capacity 52472K, committed 53888K, reserved 1093632K
[2020-12-29T14:59:09.213-0500][gc,heap        ] GC(24711)   class space    used 7457K, capacity 8250K, committed 8832K, reserved 1048576K
[2020-12-29T14:59:09.213-0500][gc             ] GC(24711) Pause Young (Normal) (G1 Evacuation Pause) 52M->42M(63M) 4.211ms
[2020-12-29T14:59:09.213-0500][gc,cpu         ] GC(24711) User=0.02s Sys=0.00s Real=0.00s
[2020-12-29T15:01:29.062-0500][gc,heap        ] GC(24712) Heap before GC invocations=24712 (full 5741): garbage-first heap   total 64512K, used 52643K [0x0000000083000000, 0x0000000100000000)
[2020-12-29T15:01:29.062-0500][gc,heap        ] GC(24712)   region size 1024K, 10 young (10240K), 1 survivors (1024K)
[2020-12-29T15:01:29.062-0500][gc,heap        ] GC(24712)  Metaspace       used 50336K, capacity 52472K, committed 53888K, reserved 1093632K
[2020-12-29T15:01:29.062-0500][gc,heap        ] GC(24712)   class space    used 7457K, capacity 8250K, committed 8832K, reserved 1048576K
[2020-12-29T15:01:29.062-0500][gc,start       ] GC(24712) Pause Young (Normal) (G1 Evacuation Pause)
[2020-12-29T15:01:29.062-0500][gc,task        ] GC(24712) Using 8 workers of 8 for evacuation
[2020-12-29T15:01:29.067-0500][gc,phases      ] GC(24712)   Pre Evacuate Collection Set: 0.0ms
[2020-12-29T15:01:29.067-0500][gc,phases      ] GC(24712)   Evacuate Collection Set: 3.0ms
[2020-12-29T15:01:29.067-0500][gc,phases      ] GC(24712)   Post Evacuate Collection Set: 2.2ms
[2020-12-29T15:01:29.068-0500][gc,phases      ] GC(24712)   Other: 0.4ms
[2020-12-29T15:01:29.068-0500][gc,heap        ] GC(24712) Eden regions: 9->0(9)
[2020-12-29T15:01:29.068-0500][gc,heap        ] GC(24712) Survivor regions: 1->1(2)
[2020-12-29T15:01:29.068-0500][gc,heap        ] GC(24712) Old regions: 41->41
[2020-12-29T15:01:29.068-0500][gc,heap        ] GC(24712) Humongous regions: 4->4
[2020-12-29T15:01:29.068-0500][gc,metaspace   ] GC(24712) Metaspace: 50336K->50336K(1093632K)
[2020-12-29T15:01:29.068-0500][gc,heap        ] GC(24712) Heap after GC invocations=24713 (full 5741): garbage-first heap   total 64512K, used 43439K [0x0000000083000000, 0x0000000100000000)
[2020-12-29T15:01:29.068-0500][gc,heap        ] GC(24712)   region size 1024K, 1 young (1024K), 1 survivors (1024K)
[2020-12-29T15:01:29.068-0500][gc,heap        ] GC(24712)  Metaspace       used 50336K, capacity 52472K, committed 53888K, reserved 1093632K
[2020-12-29T15:01:29.068-0500][gc,heap        ] GC(24712)   class space    used 7457K, capacity 8250K, committed 8832K, reserved 1048576K
[2020-12-29T15:01:29.068-0500][gc             ] GC(24712) Pause Young (Normal) (G1 Evacuation Pause) 51M->42M(63M) 5.774ms
[2020-12-29T15:01:29.068-0500][gc,cpu         ] GC(24712) User=0.02s Sys=0.00s Real=0.00s
[2020-12-29T15:01:45.190-0500][gc,task        ] GC(24713) Using 5 workers of 8 for full compaction
[2020-12-29T15:01:45.190-0500][gc,start       ] GC(24713) Pause Full (System.gc())
[2020-12-29T15:01:45.190-0500][gc,heap        ] GC(24713) Heap before GC invocations=24713 (full 5741): garbage-first heap   total 64512K, used 44463K [0x0000000083000000, 0x0000000100000000)
[2020-12-29T15:01:45.190-0500][gc,heap        ] GC(24713)   region size 1024K, 3 young (3072K), 1 survivors (1024K)
[2020-12-29T15:01:45.190-0500][gc,heap        ] GC(24713)  Metaspace       used 50336K, capacity 52472K, committed 53888K, reserved 1093632K
[2020-12-29T15:01:45.190-0500][gc,heap        ] GC(24713)   class space    used 7457K, capacity 8250K, committed 8832K, reserved 1048576K
[2020-12-29T15:01:45.191-0500][gc,phases,start] GC(24713) Phase 1: Mark live objects
[2020-12-29T15:01:45.229-0500][gc,stringtable ] GC(24713) Cleaned string and symbol table, strings: 33323 processed, 4 removed, symbols: 120973 processed, 0 removed
[2020-12-29T15:01:45.229-0500][gc,phases      ] GC(24713) Phase 1: Mark live objects 38.674ms
[2020-12-29T15:01:45.229-0500][gc,phases,start] GC(24713) Phase 2: Prepare for compaction
[2020-12-29T15:01:45.237-0500][gc,phases      ] GC(24713) Phase 2: Prepare for compaction 8.081ms
[2020-12-29T15:01:45.237-0500][gc,phases,start] GC(24713) Phase 3: Adjust pointers
[2020-12-29T15:01:45.249-0500][gc,phases      ] GC(24713) Phase 3: Adjust pointers 11.444ms
[2020-12-29T15:01:45.249-0500][gc,phases,start] GC(24713) Phase 4: Compact heap
[2020-12-29T15:01:45.252-0500][gc,phases      ] GC(24713) Phase 4: Compact heap 2.795ms
[2020-12-29T15:01:45.256-0500][gc,heap        ] GC(24713) Eden regions: 2->0(10)
[2020-12-29T15:01:45.256-0500][gc,heap        ] GC(24713) Survivor regions: 1->0(2)
[2020-12-29T15:01:45.256-0500][gc,heap        ] GC(24713) Old regions: 41->41
[2020-12-29T15:01:45.256-0500][gc,heap        ] GC(24713) Humongous regions: 4->4
[2020-12-29T15:01:45.256-0500][gc,metaspace   ] GC(24713) Metaspace: 50336K->50336K(1093632K)
[2020-12-29T15:01:45.256-0500][gc,heap        ] GC(24713) Heap after GC invocations=24714 (full 5742): garbage-first heap   total 64512K, used 43330K [0x0000000083000000, 0x0000000100000000)
[2020-12-29T15:01:45.256-0500][gc,heap        ] GC(24713)   region size 1024K, 0 young (0K), 0 survivors (0K)
[2020-12-29T15:01:45.256-0500][gc,heap        ] GC(24713)  Metaspace       used 50336K, capacity 52472K, committed 53888K, reserved 1093632K
[2020-12-29T15:01:45.256-0500][gc,heap        ] GC(24713)   class space    used 7457K, capacity 8250K, committed 8832K, reserved 1048576K
[2020-12-29T15:01:45.256-0500][gc             ] GC(24713) Pause Full (System.gc()) 43M->42M(63M) 66.345ms
[2020-12-29T15:01:45.256-0500][gc,cpu         ] GC(24713) User=0.28s Sys=0.00s Real=0.06s
[2020-12-29T15:04:19.058-0500][gc,heap        ] GC(24714) Heap before GC invocations=24714 (full 5742): garbage-first heap   total 64512K, used 52546K [0x0000000083000000, 0x0000000100000000)
[2020-12-29T15:04:19.058-0500][gc,heap        ] GC(24714)   region size 1024K, 10 young (10240K), 0 survivors (0K)
[2020-12-29T15:04:19.058-0500][gc,heap        ] GC(24714)  Metaspace       used 50336K, capacity 52472K, committed 53888K, reserved 1093632K
[2020-12-29T15:04:19.058-0500][gc,heap        ] GC(24714)   class space    used 7457K, capacity 8250K, committed 8832K, reserved 1048576K
[2020-12-29T15:04:19.059-0500][gc,start       ] GC(24714) Pause Young (Normal) (G1 Evacuation Pause)
[2020-12-29T15:04:19.059-0500][gc,task        ] GC(24714) Using 8 workers of 8 for evacuation
[2020-12-29T15:04:19.062-0500][gc,phases      ] GC(24714)   Pre Evacuate Collection Set: 0.0ms
[2020-12-29T15:04:19.062-0500][gc,phases      ] GC(24714)   Evacuate Collection Set: 0.6ms
[2020-12-29T15:04:19.062-0500][gc,phases      ] GC(24714)   Post Evacuate Collection Set: 2.9ms
[2020-12-29T15:04:19.062-0500][gc,phases      ] GC(24714)   Other: 0.3ms
[2020-12-29T15:04:19.062-0500][gc,heap        ] GC(24714) Eden regions: 10->0(9)
[2020-12-29T15:04:19.062-0500][gc,heap        ] GC(24714) Survivor regions: 0->1(2)
[2020-12-29T15:04:19.062-0500][gc,heap        ] GC(24714) Old regions: 41->41
[2020-12-29T15:04:19.062-0500][gc,heap        ] GC(24714) Humongous regions: 4->4
[2020-12-29T15:04:19.062-0500][gc,metaspace   ] GC(24714) Metaspace: 50336K->50336K(1093632K)
[2020-12-29T15:04:19.062-0500][gc,heap        ] GC(24714) Heap after GC invocations=24715 (full 5742): garbage-first heap   total 64512K, used 43420K [0x0000000083000000, 0x0000000100000000)
[2020-12-29T15:04:19.062-0500][gc,heap        ] GC(24714)   region size 1024K, 1 young (1024K), 1 survivors (1024K)
[2020-12-29T15:04:19.062-0500][gc,heap        ] GC(24714)  Metaspace       used 50336K, capacity 52472K, committed 53888K, reserved 1093632K
[2020-12-29T15:04:19.062-0500][gc,heap        ] GC(24714)   class space    used 7457K, capacity 8250K, committed 8832K, reserved 1048576K
[2020-12-29T15:04:19.062-0500][gc             ] GC(24714) Pause Young (Normal) (G1 Evacuation Pause) 52M->42M(63M) 3.715ms
[2020-12-29T15:04:19.062-0500][gc,cpu         ] GC(24714) User=0.02s Sys=0.00s Real=0.00s
[2020-12-29T15:06:29.059-0500][gc,heap        ] GC(24715) Heap before GC invocations=24715 (full 5742): garbage-first heap   total 64512K, used 52636K [0x0000000083000000, 0x0000000100000000)
[2020-12-29T15:06:29.059-0500][gc,heap        ] GC(24715)   region size 1024K, 10 young (10240K), 1 survivors (1024K)
[2020-12-29T15:06:29.059-0500][gc,heap        ] GC(24715)  Metaspace       used 50336K, capacity 52472K, committed 53888K, reserved 1093632K
[2020-12-29T15:06:29.059-0500][gc,heap        ] GC(24715)   class space    used 7457K, capacity 8250K, committed 8832K, reserved 1048576K
[2020-12-29T15:06:29.059-0500][gc,start       ] GC(24715) Pause Young (Normal) (G1 Evacuation Pause)
[2020-12-29T15:06:29.060-0500][gc,task        ] GC(24715) Using 8 workers of 8 for evacuation
[2020-12-29T15:06:29.061-0500][gc,phases      ] GC(24715)   Pre Evacuate Collection Set: 0.1ms
[2020-12-29T15:06:29.061-0500][gc,phases      ] GC(24715)   Evacuate Collection Set: 0.6ms
[2020-12-29T15:06:29.061-0500][gc,phases      ] GC(24715)   Post Evacuate Collection Set: 0.8ms
[2020-12-29T15:06:29.061-0500][gc,phases      ] GC(24715)   Other: 0.2ms
[2020-12-29T15:06:29.061-0500][gc,heap        ] GC(24715) Eden regions: 9->0(9)
[2020-12-29T15:06:29.061-0500][gc,heap        ] GC(24715) Survivor regions: 1->1(2)
[2020-12-29T15:06:29.061-0500][gc,heap        ] GC(24715) Old regions: 41->41
[2020-12-29T15:06:29.061-0500][gc,heap        ] GC(24715) Humongous regions: 4->4
[2020-12-29T15:06:29.061-0500][gc,metaspace   ] GC(24715) Metaspace: 50336K->50336K(1093632K)
[2020-12-29T15:06:29.061-0500][gc,heap        ] GC(24715) Heap after GC invocations=24716 (full 5742): garbage-first heap   total 64512K, used 43400K [0x0000000083000000, 0x0000000100000000)
[2020-12-29T15:06:29.061-0500][gc,heap        ] GC(24715)   region size 1024K, 1 young (1024K), 1 survivors (1024K)
[2020-12-29T15:06:29.061-0500][gc,heap        ] GC(24715)  Metaspace       used 50336K, capacity 52472K, committed 53888K, reserved 1093632K
[2020-12-29T15:06:29.061-0500][gc,heap        ] GC(24715)   class space    used 7457K, capacity 8250K, committed 8832K, reserved 1048576K
[2020-12-29T15:06:29.061-0500][gc             ] GC(24715) Pause Young (Normal) (G1 Evacuation Pause) 51M->42M(63M) 1.677ms
[2020-12-29T15:06:29.061-0500][gc,cpu         ] GC(24715) User=0.00s Sys=0.00s Real=0.00s
[2020-12-29T15:06:45.188-0500][gc,task        ] GC(24716) Using 5 workers of 8 for full compaction
[2020-12-29T15:06:45.188-0500][gc,start       ] GC(24716) Pause Full (System.gc())
[2020-12-29T15:06:45.188-0500][gc,heap        ] GC(24716) Heap before GC invocations=24716 (full 5742): garbage-first heap   total 64512K, used 44424K [0x0000000083000000, 0x0000000100000000)
[2020-12-29T15:06:45.188-0500][gc,heap        ] GC(24716)   region size 1024K, 3 young (3072K), 1 survivors (1024K)
[2020-12-29T15:06:45.188-0500][gc,heap        ] GC(24716)  Metaspace       used 50336K, capacity 52472K, committed 53888K, reserved 1093632K
[2020-12-29T15:06:45.188-0500][gc,heap        ] GC(24716)   class space    used 7457K, capacity 8250K, committed 8832K, reserved 1048576K
[2020-12-29T15:06:45.189-0500][gc,phases,start] GC(24716) Phase 1: Mark live objects
[2020-12-29T15:06:45.213-0500][gc,stringtable ] GC(24716) Cleaned string and symbol table, strings: 33323 processed, 4 removed, symbols: 120973 processed, 0 removed
[2020-12-29T15:06:45.213-0500][gc,phases      ] GC(24716) Phase 1: Mark live objects 24.209ms
[2020-12-29T15:06:45.213-0500][gc,phases,start] GC(24716) Phase 2: Prepare for compaction
[2020-12-29T15:06:45.216-0500][gc,phases      ] GC(24716) Phase 2: Prepare for compaction 3.484ms
[2020-12-29T15:06:45.216-0500][gc,phases,start] GC(24716) Phase 3: Adjust pointers
[2020-12-29T15:06:45.228-0500][gc,phases      ] GC(24716) Phase 3: Adjust pointers 12.115ms
[2020-12-29T15:06:45.229-0500][gc,phases,start] GC(24716) Phase 4: Compact heap
[2020-12-29T15:06:45.232-0500][gc,phases      ] GC(24716) Phase 4: Compact heap 3.112ms
[2020-12-29T15:06:45.236-0500][gc,heap        ] GC(24716) Eden regions: 2->0(10)
[2020-12-29T15:06:45.236-0500][gc,heap        ] GC(24716) Survivor regions: 1->0(2)
[2020-12-29T15:06:45.236-0500][gc,heap        ] GC(24716) Old regions: 41->41
[2020-12-29T15:06:45.236-0500][gc,heap        ] GC(24716) Humongous regions: 4->4
[2020-12-29T15:06:45.236-0500][gc,metaspace   ] GC(24716) Metaspace: 50336K->50336K(1093632K)
[2020-12-29T15:06:45.236-0500][gc,heap        ] GC(24716) Heap after GC invocations=24717 (full 5743): garbage-first heap   total 64512K, used 43330K [0x0000000083000000, 0x0000000100000000)
[2020-12-29T15:06:45.236-0500][gc,heap        ] GC(24716)   region size 1024K, 0 young (0K), 0 survivors (0K)
[2020-12-29T15:06:45.236-0500][gc,heap        ] GC(24716)  Metaspace       used 50336K, capacity 52472K, committed 53888K, reserved 1093632K
[2020-12-29T15:06:45.236-0500][gc,heap        ] GC(24716)   class space    used 7457K, capacity 8250K, committed 8832K, reserved 1048576K
[2020-12-29T15:06:45.236-0500][gc             ] GC(24716) Pause Full (System.gc()) 43M->42M(63M) 48.240ms
[2020-12-29T15:06:45.237-0500][gc,cpu         ] GC(24716) User=0.19s Sys=0.00s Real=0.04s
[2020-12-29T15:09:02.699-0500][gc,heap        ] GC(24717) Heap before GC invocations=24717 (full 5743): garbage-first heap   total 64512K, used 52546K [0x0000000083000000, 0x0000000100000000)
[2020-12-29T15:09:02.699-0500][gc,heap        ] GC(24717)   region size 1024K, 10 young (10240K), 0 survivors (0K)
[2020-12-29T15:09:02.700-0500][gc,heap        ] GC(24717)  Metaspace       used 50336K, capacity 52472K, committed 53888K, reserved 1093632K
[2020-12-29T15:09:02.700-0500][gc,heap        ] GC(24717)   class space    used 7457K, capacity 8250K, committed 8832K, reserved 1048576K
[2020-12-29T15:09:02.700-0500][gc,start       ] GC(24717) Pause Young (Normal) (G1 Evacuation Pause)
[2020-12-29T15:09:02.700-0500][gc,task        ] GC(24717) Using 8 workers of 8 for evacuation
[2020-12-29T15:09:02.706-0500][gc,phases      ] GC(24717)   Pre Evacuate Collection Set: 0.0ms
[2020-12-29T15:09:02.706-0500][gc,phases      ] GC(24717)   Evacuate Collection Set: 3.8ms
[2020-12-29T15:09:02.706-0500][gc,phases      ] GC(24717)   Post Evacuate Collection Set: 2.4ms
[2020-12-29T15:09:02.706-0500][gc,phases      ] GC(24717)   Other: 0.5ms
[2020-12-29T15:09:02.706-0500][gc,heap        ] GC(24717) Eden regions: 10->0(9)
[2020-12-29T15:09:02.706-0500][gc,heap        ] GC(24717) Survivor regions: 0->1(2)
[2020-12-29T15:09:02.706-0500][gc,heap        ] GC(24717) Old regions: 41->41
[2020-12-29T15:09:02.706-0500][gc,heap        ] GC(24717) Humongous regions: 4->4
[2020-12-29T15:09:02.706-0500][gc,metaspace   ] GC(24717) Metaspace: 50336K->50336K(1093632K)
[2020-12-29T15:09:02.706-0500][gc,heap        ] GC(24717) Heap after GC invocations=24718 (full 5743): garbage-first heap   total 64512K, used 43401K [0x0000000083000000, 0x0000000100000000)
[2020-12-29T15:09:02.706-0500][gc,heap        ] GC(24717)   region size 1024K, 1 young (1024K), 1 survivors (1024K)
[2020-12-29T15:09:02.706-0500][gc,heap        ] GC(24717)  Metaspace       used 50336K, capacity 52472K, committed 53888K, reserved 1093632K
[2020-12-29T15:09:02.706-0500][gc,heap        ] GC(24717)   class space    used 7457K, capacity 8250K, committed 8832K, reserved 1048576K
[2020-12-29T15:09:02.706-0500][gc             ] GC(24717) Pause Young (Normal) (G1 Evacuation Pause) 52M->42M(63M) 6.825ms
[2020-12-29T15:09:02.707-0500][gc,cpu         ] GC(24717) User=0.02s Sys=0.01s Real=0.00s
[2020-12-29T15:11:19.061-0500][gc,heap        ] GC(24718) Heap before GC invocations=24718 (full 5743): garbage-first heap   total 64512K, used 52617K [0x0000000083000000, 0x0000000100000000)
[2020-12-29T15:11:19.061-0500][gc,heap        ] GC(24718)   region size 1024K, 10 young (10240K), 1 survivors (1024K)
[2020-12-29T15:11:19.061-0500][gc,heap        ] GC(24718)  Metaspace       used 50336K, capacity 52472K, committed 53888K, reserved 1093632K
[2020-12-29T15:11:19.061-0500][gc,heap        ] GC(24718)   class space    used 7457K, capacity 8250K, committed 8832K, reserved 1048576K
[2020-12-29T15:11:19.061-0500][gc,start       ] GC(24718) Pause Young (Normal) (G1 Evacuation Pause)
[2020-12-29T15:11:19.061-0500][gc,task        ] GC(24718) Using 8 workers of 8 for evacuation
[2020-12-29T15:11:19.065-0500][gc,phases      ] GC(24718)   Pre Evacuate Collection Set: 0.0ms
[2020-12-29T15:11:19.065-0500][gc,phases      ] GC(24718)   Evacuate Collection Set: 1.0ms
[2020-12-29T15:11:19.065-0500][gc,phases      ] GC(24718)   Post Evacuate Collection Set: 3.1ms
[2020-12-29T15:11:19.065-0500][gc,phases      ] GC(24718)   Other: 0.3ms
[2020-12-29T15:11:19.065-0500][gc,heap        ] GC(24718) Eden regions: 9->0(9)
[2020-12-29T15:11:19.065-0500][gc,heap        ] GC(24718) Survivor regions: 1->1(2)
[2020-12-29T15:11:19.065-0500][gc,heap        ] GC(24718) Old regions: 41->41
[2020-12-29T15:11:19.065-0500][gc,heap        ] GC(24718) Humongous regions: 4->4
[2020-12-29T15:11:19.065-0500][gc,metaspace   ] GC(24718) Metaspace: 50336K->50336K(1093632K)
[2020-12-29T15:11:19.065-0500][gc,heap        ] GC(24718) Heap after GC invocations=24719 (full 5743): garbage-first heap   total 64512K, used 43400K [0x0000000083000000, 0x0000000100000000)
[2020-12-29T15:11:19.065-0500][gc,heap        ] GC(24718)   region size 1024K, 1 young (1024K), 1 survivors (1024K)
[2020-12-29T15:11:19.065-0500][gc,heap        ] GC(24718)  Metaspace       used 50336K, capacity 52472K, committed 53888K, reserved 1093632K
[2020-12-29T15:11:19.065-0500][gc,heap        ] GC(24718)   class space    used 7457K, capacity 8250K, committed 8832K, reserved 1048576K
[2020-12-29T15:11:19.065-0500][gc             ] GC(24718) Pause Young (Normal) (G1 Evacuation Pause) 51M->42M(63M) 4.375ms
[2020-12-29T15:11:19.065-0500][gc,cpu         ] GC(24718) User=0.01s Sys=0.00s Real=0.00s
[2020-12-29T15:11:45.190-0500][gc,task        ] GC(24719) Using 5 workers of 8 for full compaction
[2020-12-29T15:11:45.190-0500][gc,start       ] GC(24719) Pause Full (System.gc())
[2020-12-29T15:11:45.190-0500][gc,heap        ] GC(24719) Heap before GC invocations=24719 (full 5743): garbage-first heap   total 64512K, used 44424K [0x0000000083000000, 0x0000000100000000)
[2020-12-29T15:11:45.190-0500][gc,heap        ] GC(24719)   region size 1024K, 3 young (3072K), 1 survivors (1024K)
[2020-12-29T15:11:45.190-0500][gc,heap        ] GC(24719)  Metaspace       used 50336K, capacity 52472K, committed 53888K, reserved 1093632K
[2020-12-29T15:11:45.190-0500][gc,heap        ] GC(24719)   class space    used 7457K, capacity 8250K, committed 8832K, reserved 1048576K
[2020-12-29T15:11:45.191-0500][gc,phases,start] GC(24719) Phase 1: Mark live objects
[2020-12-29T15:11:45.232-0500][gc,stringtable ] GC(24719) Cleaned string and symbol table, strings: 33323 processed, 4 removed, symbols: 120973 processed, 0 removed
[2020-12-29T15:11:45.232-0500][gc,phases      ] GC(24719) Phase 1: Mark live objects 41.345ms
[2020-12-29T15:11:45.232-0500][gc,phases,start] GC(24719) Phase 2: Prepare for compaction
[2020-12-29T15:11:45.238-0500][gc,phases      ] GC(24719) Phase 2: Prepare for compaction 5.278ms
[2020-12-29T15:11:45.238-0500][gc,phases,start] GC(24719) Phase 3: Adjust pointers
[2020-12-29T15:11:45.249-0500][gc,phases      ] GC(24719) Phase 3: Adjust pointers 11.351ms
[2020-12-29T15:11:45.249-0500][gc,phases,start] GC(24719) Phase 4: Compact heap
[2020-12-29T15:11:45.252-0500][gc,phases      ] GC(24719) Phase 4: Compact heap 3.167ms
[2020-12-29T15:11:45.257-0500][gc,heap        ] GC(24719) Eden regions: 2->0(9)
[2020-12-29T15:11:45.257-0500][gc,heap        ] GC(24719) Survivor regions: 1->0(2)
[2020-12-29T15:11:45.257-0500][gc,heap        ] GC(24719) Old regions: 41->42
[2020-12-29T15:11:45.257-0500][gc,heap        ] GC(24719) Humongous regions: 4->4
[2020-12-29T15:11:45.257-0500][gc,metaspace   ] GC(24719) Metaspace: 50336K->50336K(1093632K)
[2020-12-29T15:11:45.257-0500][gc,heap        ] GC(24719) Heap after GC invocations=24720 (full 5744): garbage-first heap   total 64512K, used 43336K [0x0000000083000000, 0x0000000100000000)
[2020-12-29T15:11:45.257-0500][gc,heap        ] GC(24719)   region size 1024K, 0 young (0K), 0 survivors (0K)
[2020-12-29T15:11:45.257-0500][gc,heap        ] GC(24719)  Metaspace       used 50336K, capacity 52472K, committed 53888K, reserved 1093632K
[2020-12-29T15:11:45.257-0500][gc,heap        ] GC(24719)   class space    used 7457K, capacity 8250K, committed 8832K, reserved 1048576K
[2020-12-29T15:11:45.257-0500][gc             ] GC(24719) Pause Full (System.gc()) 44M->42M(63M) 67.101ms
[2020-12-29T15:11:45.257-0500][gc,cpu         ] GC(24719) User=0.29s Sys=0.00s Real=0.06s
[2020-12-29T15:13:59.066-0500][gc,heap        ] GC(24720) Heap before GC invocations=24720 (full 5744): garbage-first heap   total 64512K, used 51528K [0x0000000083000000, 0x0000000100000000)
[2020-12-29T15:13:59.066-0500][gc,heap        ] GC(24720)   region size 1024K, 9 young (9216K), 0 survivors (0K)
[2020-12-29T15:13:59.066-0500][gc,heap        ] GC(24720)  Metaspace       used 50336K, capacity 52472K, committed 53888K, reserved 1093632K
[2020-12-29T15:13:59.066-0500][gc,heap        ] GC(24720)   class space    used 7457K, capacity 8250K, committed 8832K, reserved 1048576K
[2020-12-29T15:13:59.066-0500][gc,start       ] GC(24720) Pause Young (Normal) (G1 Evacuation Pause)
[2020-12-29T15:13:59.066-0500][gc,task        ] GC(24720) Using 8 workers of 8 for evacuation
[2020-12-29T15:13:59.074-0500][gc,phases      ] GC(24720)   Pre Evacuate Collection Set: 0.0ms
[2020-12-29T15:13:59.075-0500][gc,phases      ] GC(24720)   Evacuate Collection Set: 2.0ms
[2020-12-29T15:13:59.075-0500][gc,phases      ] GC(24720)   Post Evacuate Collection Set: 5.7ms
[2020-12-29T15:13:59.075-0500][gc,phases      ] GC(24720)   Other: 0.7ms
[2020-12-29T15:13:59.075-0500][gc,heap        ] GC(24720) Eden regions: 9->0(8)
[2020-12-29T15:13:59.075-0500][gc,heap        ] GC(24720) Survivor regions: 0->1(2)
[2020-12-29T15:13:59.075-0500][gc,heap        ] GC(24720) Old regions: 42->42
[2020-12-29T15:13:59.075-0500][gc,heap        ] GC(24720) Humongous regions: 4->4
[2020-12-29T15:13:59.075-0500][gc,metaspace   ] GC(24720) Metaspace: 50336K->50336K(1093632K)
[2020-12-29T15:13:59.075-0500][gc,heap        ] GC(24720) Heap after GC invocations=24721 (full 5744): garbage-first heap   total 64512K, used 43422K [0x0000000083000000, 0x0000000100000000)
[2020-12-29T15:13:59.075-0500][gc,heap        ] GC(24720)   region size 1024K, 1 young (1024K), 1 survivors (1024K)
[2020-12-29T15:13:59.075-0500][gc,heap        ] GC(24720)  Metaspace       used 50336K, capacity 52472K, committed 53888K, reserved 1093632K
[2020-12-29T15:13:59.075-0500][gc,heap        ] GC(24720)   class space    used 7457K, capacity 8250K, committed 8832K, reserved 1048576K
[2020-12-29T15:13:59.075-0500][gc             ] GC(24720) Pause Young (Normal) (G1 Evacuation Pause) 51M->42M(63M) 8.419ms
[2020-12-29T15:13:59.075-0500][gc,cpu         ] GC(24720) User=0.04s Sys=0.01s Real=0.01s
[2020-12-29T15:15:59.060-0500][gc,heap        ] GC(24721) Heap before GC invocations=24721 (full 5744): garbage-first heap   total 64512K, used 51614K [0x0000000083000000, 0x0000000100000000)
[2020-12-29T15:15:59.060-0500][gc,heap        ] GC(24721)   region size 1024K, 9 young (9216K), 1 survivors (1024K)
[2020-12-29T15:15:59.060-0500][gc,heap        ] GC(24721)  Metaspace       used 50336K, capacity 52472K, committed 53888K, reserved 1093632K
[2020-12-29T15:15:59.060-0500][gc,heap        ] GC(24721)   class space    used 7457K, capacity 8250K, committed 8832K, reserved 1048576K
[2020-12-29T15:15:59.060-0500][gc,start       ] GC(24721) Pause Young (Normal) (G1 Evacuation Pause)
[2020-12-29T15:15:59.060-0500][gc,task        ] GC(24721) Using 8 workers of 8 for evacuation
[2020-12-29T15:15:59.062-0500][gc,phases      ] GC(24721)   Pre Evacuate Collection Set: 0.0ms
[2020-12-29T15:15:59.062-0500][gc,phases      ] GC(24721)   Evacuate Collection Set: 1.1ms
[2020-12-29T15:15:59.063-0500][gc,phases      ] GC(24721)   Post Evacuate Collection Set: 1.3ms
[2020-12-29T15:15:59.063-0500][gc,phases      ] GC(24721)   Other: 0.3ms
[2020-12-29T15:15:59.063-0500][gc,heap        ] GC(24721) Eden regions: 8->0(8)
[2020-12-29T15:15:59.063-0500][gc,heap        ] GC(24721) Survivor regions: 1->1(2)
[2020-12-29T15:15:59.063-0500][gc,heap        ] GC(24721) Old regions: 42->42
[2020-12-29T15:15:59.063-0500][gc,heap        ] GC(24721) Humongous regions: 4->4
[2020-12-29T15:15:59.063-0500][gc,metaspace   ] GC(24721) Metaspace: 50336K->50336K(1093632K)
[2020-12-29T15:15:59.063-0500][gc,heap        ] GC(24721) Heap after GC invocations=24722 (full 5744): garbage-first heap   total 64512K, used 43405K [0x0000000083000000, 0x0000000100000000)
[2020-12-29T15:15:59.063-0500][gc,heap        ] GC(24721)   region size 1024K, 1 young (1024K), 1 survivors (1024K)
[2020-12-29T15:15:59.063-0500][gc,heap        ] GC(24721)  Metaspace       used 50336K, capacity 52472K, committed 53888K, reserved 1093632K
[2020-12-29T15:15:59.063-0500][gc,heap        ] GC(24721)   class space    used 7457K, capacity 8250K, committed 8832K, reserved 1048576K
[2020-12-29T15:15:59.063-0500][gc             ] GC(24721) Pause Young (Normal) (G1 Evacuation Pause) 50M->42M(63M) 2.640ms
[2020-12-29T15:15:59.063-0500][gc,cpu         ] GC(24721) User=0.00s Sys=0.00s Real=0.00s
[2020-12-29T15:16:45.191-0500][gc,task        ] GC(24722) Using 5 workers of 8 for full compaction
[2020-12-29T15:16:45.191-0500][gc,start       ] GC(24722) Pause Full (System.gc())
[2020-12-29T15:16:45.191-0500][gc,heap        ] GC(24722) Heap before GC invocations=24722 (full 5744): garbage-first heap   total 64512K, used 46477K [0x0000000083000000, 0x0000000100000000)
[2020-12-29T15:16:45.191-0500][gc,heap        ] GC(24722)   region size 1024K, 5 young (5120K), 1 survivors (1024K)
[2020-12-29T15:16:45.191-0500][gc,heap        ] GC(24722)  Metaspace       used 50336K, capacity 52472K, committed 53888K, reserved 1093632K
[2020-12-29T15:16:45.191-0500][gc,heap        ] GC(24722)   class space    used 7457K, capacity 8250K, committed 8832K, reserved 1048576K
[2020-12-29T15:16:45.191-0500][gc,phases,start] GC(24722) Phase 1: Mark live objects
[2020-12-29T15:16:45.218-0500][gc,stringtable ] GC(24722) Cleaned string and symbol table, strings: 33323 processed, 4 removed, symbols: 120973 processed, 0 removed
[2020-12-29T15:16:45.218-0500][gc,phases      ] GC(24722) Phase 1: Mark live objects 26.639ms
[2020-12-29T15:16:45.218-0500][gc,phases,start] GC(24722) Phase 2: Prepare for compaction
[2020-12-29T15:16:45.221-0500][gc,phases      ] GC(24722) Phase 2: Prepare for compaction 3.228ms
[2020-12-29T15:16:45.221-0500][gc,phases,start] GC(24722) Phase 3: Adjust pointers
[2020-12-29T15:16:45.232-0500][gc,phases      ] GC(24722) Phase 3: Adjust pointers 10.689ms
[2020-12-29T15:16:45.232-0500][gc,phases,start] GC(24722) Phase 4: Compact heap
[2020-12-29T15:16:45.234-0500][gc,phases      ] GC(24722) Phase 4: Compact heap 2.598ms
[2020-12-29T15:16:45.239-0500][gc,heap        ] GC(24722) Eden regions: 4->0(10)
[2020-12-29T15:16:45.239-0500][gc,heap        ] GC(24722) Survivor regions: 1->0(2)
[2020-12-29T15:16:45.239-0500][gc,heap        ] GC(24722) Old regions: 42->41
[2020-12-29T15:16:45.239-0500][gc,heap        ] GC(24722) Humongous regions: 4->4
[2020-12-29T15:16:45.239-0500][gc,metaspace   ] GC(24722) Metaspace: 50336K->50336K(1093632K)
[2020-12-29T15:16:45.239-0500][gc,heap        ] GC(24722) Heap after GC invocations=24723 (full 5745): garbage-first heap   total 64512K, used 43344K [0x0000000083000000, 0x0000000100000000)
[2020-12-29T15:16:45.239-0500][gc,heap        ] GC(24722)   region size 1024K, 0 young (0K), 0 survivors (0K)
[2020-12-29T15:16:45.239-0500][gc,heap        ] GC(24722)  Metaspace       used 50336K, capacity 52472K, committed 53888K, reserved 1093632K
[2020-12-29T15:16:45.239-0500][gc,heap        ] GC(24722)   class space    used 7457K, capacity 8250K, committed 8832K, reserved 1048576K
[2020-12-29T15:16:45.239-0500][gc             ] GC(24722) Pause Full (System.gc()) 45M->42M(63M) 48.119ms
[2020-12-29T15:16:45.239-0500][gc,cpu         ] GC(24722) User=0.20s Sys=0.00s Real=0.05s
[2020-12-29T15:19:19.060-0500][gc,heap        ] GC(24723) Heap before GC invocations=24723 (full 5745): garbage-first heap   total 64512K, used 52560K [0x0000000083000000, 0x0000000100000000)
[2020-12-29T15:19:19.060-0500][gc,heap        ] GC(24723)   region size 1024K, 10 young (10240K), 0 survivors (0K)
[2020-12-29T15:19:19.060-0500][gc,heap        ] GC(24723)  Metaspace       used 50336K, capacity 52472K, committed 53888K, reserved 1093632K
[2020-12-29T15:19:19.060-0500][gc,heap        ] GC(24723)   class space    used 7457K, capacity 8250K, committed 8832K, reserved 1048576K
[2020-12-29T15:19:19.060-0500][gc,start       ] GC(24723) Pause Young (Normal) (G1 Evacuation Pause)
[2020-12-29T15:19:19.060-0500][gc,task        ] GC(24723) Using 8 workers of 8 for evacuation
[2020-12-29T15:19:19.062-0500][gc,phases      ] GC(24723)   Pre Evacuate Collection Set: 0.0ms
[2020-12-29T15:19:19.062-0500][gc,phases      ] GC(24723)   Evacuate Collection Set: 0.8ms
[2020-12-29T15:19:19.062-0500][gc,phases      ] GC(24723)   Post Evacuate Collection Set: 1.3ms
[2020-12-29T15:19:19.062-0500][gc,phases      ] GC(24723)   Other: 0.3ms
[2020-12-29T15:19:19.062-0500][gc,heap        ] GC(24723) Eden regions: 10->0(9)
[2020-12-29T15:19:19.062-0500][gc,heap        ] GC(24723) Survivor regions: 0->1(2)
[2020-12-29T15:19:19.062-0500][gc,heap        ] GC(24723) Old regions: 41->41
[2020-12-29T15:19:19.063-0500][gc,heap        ] GC(24723) Humongous regions: 4->4
[2020-12-29T15:19:19.063-0500][gc,metaspace   ] GC(24723) Metaspace: 50336K->50336K(1093632K)
[2020-12-29T15:19:19.063-0500][gc,heap        ] GC(24723) Heap after GC invocations=24724 (full 5745): garbage-first heap   total 64512K, used 43435K [0x0000000083000000, 0x0000000100000000)
[2020-12-29T15:19:19.063-0500][gc,heap        ] GC(24723)   region size 1024K, 1 young (1024K), 1 survivors (1024K)
[2020-12-29T15:19:19.063-0500][gc,heap        ] GC(24723)  Metaspace       used 50336K, capacity 52472K, committed 53888K, reserved 1093632K
[2020-12-29T15:19:19.063-0500][gc,heap        ] GC(24723)   class space    used 7457K, capacity 8250K, committed 8832K, reserved 1048576K
[2020-12-29T15:19:19.063-0500][gc             ] GC(24723) Pause Young (Normal) (G1 Evacuation Pause) 52M->42M(63M) 2.392ms
[2020-12-29T15:19:19.063-0500][gc,cpu         ] GC(24723) User=0.00s Sys=0.00s Real=0.00s
[2020-12-29T15:21:30.514-0500][gc,heap        ] GC(24724) Heap before GC invocations=24724 (full 5745): garbage-first heap   total 64512K, used 52651K [0x0000000083000000, 0x0000000100000000)
[2020-12-29T15:21:30.514-0500][gc,heap        ] GC(24724)   region size 1024K, 10 young (10240K), 1 survivors (1024K)
[2020-12-29T15:21:30.514-0500][gc,heap        ] GC(24724)  Metaspace       used 50336K, capacity 52472K, committed 53888K, reserved 1093632K
[2020-12-29T15:21:30.514-0500][gc,heap        ] GC(24724)   class space    used 7457K, capacity 8250K, committed 8832K, reserved 1048576K
[2020-12-29T15:21:30.514-0500][gc,start       ] GC(24724) Pause Young (Normal) (G1 Evacuation Pause)
[2020-12-29T15:21:30.514-0500][gc,task        ] GC(24724) Using 8 workers of 8 for evacuation
[2020-12-29T15:21:30.527-0500][gc,phases      ] GC(24724)   Pre Evacuate Collection Set: 0.0ms
[2020-12-29T15:21:30.527-0500][gc,phases      ] GC(24724)   Evacuate Collection Set: 11.8ms
[2020-12-29T15:21:30.527-0500][gc,phases      ] GC(24724)   Post Evacuate Collection Set: 1.1ms
[2020-12-29T15:21:30.527-0500][gc,phases      ] GC(24724)   Other: 0.3ms
[2020-12-29T15:21:30.527-0500][gc,heap        ] GC(24724) Eden regions: 9->0(9)
[2020-12-29T15:21:30.527-0500][gc,heap        ] GC(24724) Survivor regions: 1->1(2)
[2020-12-29T15:21:30.527-0500][gc,heap        ] GC(24724) Old regions: 41->41
[2020-12-29T15:21:30.527-0500][gc,heap        ] GC(24724) Humongous regions: 4->4
[2020-12-29T15:21:30.527-0500][gc,metaspace   ] GC(24724) Metaspace: 50336K->50336K(1093632K)
[2020-12-29T15:21:30.527-0500][gc,heap        ] GC(24724) Heap after GC invocations=24725 (full 5745): garbage-first heap   total 64512K, used 43419K [0x0000000083000000, 0x0000000100000000)
[2020-12-29T15:21:30.527-0500][gc,heap        ] GC(24724)   region size 1024K, 1 young (1024K), 1 survivors (1024K)
[2020-12-29T15:21:30.527-0500][gc,heap        ] GC(24724)  Metaspace       used 50336K, capacity 52472K, committed 53888K, reserved 1093632K
[2020-12-29T15:21:30.527-0500][gc,heap        ] GC(24724)   class space    used 7457K, capacity 8250K, committed 8832K, reserved 1048576K
[2020-12-29T15:21:30.527-0500][gc             ] GC(24724) Pause Young (Normal) (G1 Evacuation Pause) 51M->42M(63M) 13.136ms
[2020-12-29T15:21:30.527-0500][gc,cpu         ] GC(24724) User=0.09s Sys=0.00s Real=0.01s
[2020-12-29T15:21:45.189-0500][gc,task        ] GC(24725) Using 5 workers of 8 for full compaction
[2020-12-29T15:21:45.189-0500][gc,start       ] GC(24725) Pause Full (System.gc())
[2020-12-29T15:21:45.189-0500][gc,heap        ] GC(24725) Heap before GC invocations=24725 (full 5745): garbage-first heap   total 64512K, used 43419K [0x0000000083000000, 0x0000000100000000)
[2020-12-29T15:21:45.189-0500][gc,heap        ] GC(24725)   region size 1024K, 2 young (2048K), 1 survivors (1024K)
[2020-12-29T15:21:45.189-0500][gc,heap        ] GC(24725)  Metaspace       used 50336K, capacity 52472K, committed 53888K, reserved 1093632K
[2020-12-29T15:21:45.189-0500][gc,heap        ] GC(24725)   class space    used 7457K, capacity 8250K, committed 8832K, reserved 1048576K
[2020-12-29T15:21:45.190-0500][gc,phases,start] GC(24725) Phase 1: Mark live objects
[2020-12-29T15:21:45.220-0500][gc,stringtable ] GC(24725) Cleaned string and symbol table, strings: 33323 processed, 4 removed, symbols: 120973 processed, 0 removed
[2020-12-29T15:21:45.220-0500][gc,phases      ] GC(24725) Phase 1: Mark live objects 30.009ms
[2020-12-29T15:21:45.220-0500][gc,phases,start] GC(24725) Phase 2: Prepare for compaction
[2020-12-29T15:21:45.223-0500][gc,phases      ] GC(24725) Phase 2: Prepare for compaction 3.626ms
[2020-12-29T15:21:45.223-0500][gc,phases,start] GC(24725) Phase 3: Adjust pointers
[2020-12-29T15:21:45.233-0500][gc,phases      ] GC(24725) Phase 3: Adjust pointers 9.719ms
[2020-12-29T15:21:45.233-0500][gc,phases,start] GC(24725) Phase 4: Compact heap
[2020-12-29T15:21:45.236-0500][gc,phases      ] GC(24725) Phase 4: Compact heap 2.727ms
[2020-12-29T15:21:45.240-0500][gc,heap        ] GC(24725) Eden regions: 1->0(10)
[2020-12-29T15:21:45.240-0500][gc,heap        ] GC(24725) Survivor regions: 1->0(2)
[2020-12-29T15:21:45.240-0500][gc,heap        ] GC(24725) Old regions: 41->41
[2020-12-29T15:21:45.240-0500][gc,heap        ] GC(24725) Humongous regions: 4->4
[2020-12-29T15:21:45.240-0500][gc,metaspace   ] GC(24725) Metaspace: 50336K->50336K(1093632K)
[2020-12-29T15:21:45.240-0500][gc,heap        ] GC(24725) Heap after GC invocations=24726 (full 5746): garbage-first heap   total 64512K, used 43330K [0x0000000083000000, 0x0000000100000000)
[2020-12-29T15:21:45.240-0500][gc,heap        ] GC(24725)   region size 1024K, 0 young (0K), 0 survivors (0K)
[2020-12-29T15:21:45.240-0500][gc,heap        ] GC(24725)  Metaspace       used 50336K, capacity 52472K, committed 53888K, reserved 1093632K
[2020-12-29T15:21:45.240-0500][gc,heap        ] GC(24725)   class space    used 7457K, capacity 8250K, committed 8832K, reserved 1048576K
[2020-12-29T15:21:45.240-0500][gc             ] GC(24725) Pause Full (System.gc()) 43M->42M(63M) 50.994ms
[2020-12-29T15:21:45.240-0500][gc,cpu         ] GC(24725) User=0.22s Sys=0.00s Real=0.05s
[2020-12-29T15:24:11.657-0500][gc,heap        ] GC(24726) Heap before GC invocations=24726 (full 5746): garbage-first heap   total 64512K, used 52546K [0x0000000083000000, 0x0000000100000000)
[2020-12-29T15:24:11.657-0500][gc,heap        ] GC(24726)   region size 1024K, 10 young (10240K), 0 survivors (0K)
[2020-12-29T15:24:11.657-0500][gc,heap        ] GC(24726)  Metaspace       used 50336K, capacity 52472K, committed 53888K, reserved 1093632K
[2020-12-29T15:24:11.657-0500][gc,heap        ] GC(24726)   class space    used 7457K, capacity 8250K, committed 8832K, reserved 1048576K
[2020-12-29T15:24:11.657-0500][gc,start       ] GC(24726) Pause Young (Normal) (G1 Evacuation Pause)
[2020-12-29T15:24:11.657-0500][gc,task        ] GC(24726) Using 8 workers of 8 for evacuation
[2020-12-29T15:24:11.662-0500][gc,phases      ] GC(24726)   Pre Evacuate Collection Set: 0.0ms
[2020-12-29T15:24:11.662-0500][gc,phases      ] GC(24726)   Evacuate Collection Set: 1.5ms
[2020-12-29T15:24:11.662-0500][gc,phases      ] GC(24726)   Post Evacuate Collection Set: 2.9ms
[2020-12-29T15:24:11.662-0500][gc,phases      ] GC(24726)   Other: 0.5ms
[2020-12-29T15:24:11.662-0500][gc,heap        ] GC(24726) Eden regions: 10->0(9)
[2020-12-29T15:24:11.662-0500][gc,heap        ] GC(24726) Survivor regions: 0->1(2)
[2020-12-29T15:24:11.662-0500][gc,heap        ] GC(24726) Old regions: 41->41
[2020-12-29T15:24:11.662-0500][gc,heap        ] GC(24726) Humongous regions: 4->4
[2020-12-29T15:24:11.662-0500][gc,metaspace   ] GC(24726) Metaspace: 50336K->50336K(1093632K)
[2020-12-29T15:24:11.662-0500][gc,heap        ] GC(24726) Heap after GC invocations=24727 (full 5746): garbage-first heap   total 64512K, used 43406K [0x0000000083000000, 0x0000000100000000)
[2020-12-29T15:24:11.662-0500][gc,heap        ] GC(24726)   region size 1024K, 1 young (1024K), 1 survivors (1024K)
[2020-12-29T15:24:11.662-0500][gc,heap        ] GC(24726)  Metaspace       used 50336K, capacity 52472K, committed 53888K, reserved 1093632K
[2020-12-29T15:24:11.662-0500][gc,heap        ] GC(24726)   class space    used 7457K, capacity 8250K, committed 8832K, reserved 1048576K
[2020-12-29T15:24:11.662-0500][gc             ] GC(24726) Pause Young (Normal) (G1 Evacuation Pause) 52M->42M(63M) 4.964ms
[2020-12-29T15:24:11.662-0500][gc,cpu         ] GC(24726) User=0.01s Sys=0.00s Real=0.01s
[2020-12-29T15:26:29.062-0500][gc,heap        ] GC(24727) Heap before GC invocations=24727 (full 5746): garbage-first heap   total 64512K, used 52622K [0x0000000083000000, 0x0000000100000000)
[2020-12-29T15:26:29.062-0500][gc,heap        ] GC(24727)   region size 1024K, 10 young (10240K), 1 survivors (1024K)
[2020-12-29T15:26:29.062-0500][gc,heap        ] GC(24727)  Metaspace       used 50336K, capacity 52472K, committed 53888K, reserved 1093632K
[2020-12-29T15:26:29.062-0500][gc,heap        ] GC(24727)   class space    used 7457K, capacity 8250K, committed 8832K, reserved 1048576K
[2020-12-29T15:26:29.062-0500][gc,start       ] GC(24727) Pause Young (Normal) (G1 Evacuation Pause)
[2020-12-29T15:26:29.062-0500][gc,task        ] GC(24727) Using 8 workers of 8 for evacuation
[2020-12-29T15:26:29.135-0500][gc,phases      ] GC(24727)   Pre Evacuate Collection Set: 0.0ms
[2020-12-29T15:26:29.135-0500][gc,phases      ] GC(24727)   Evacuate Collection Set: 57.2ms
[2020-12-29T15:26:29.135-0500][gc,phases      ] GC(24727)   Post Evacuate Collection Set: 15.9ms
[2020-12-29T15:26:29.135-0500][gc,phases      ] GC(24727)   Other: 0.3ms
[2020-12-29T15:26:29.135-0500][gc,heap        ] GC(24727) Eden regions: 9->0(9)
[2020-12-29T15:26:29.136-0500][gc,heap        ] GC(24727) Survivor regions: 1->1(2)
[2020-12-29T15:26:29.136-0500][gc,heap        ] GC(24727) Old regions: 41->41
[2020-12-29T15:26:29.136-0500][gc,heap        ] GC(24727) Humongous regions: 4->4
[2020-12-29T15:26:29.136-0500][gc,metaspace   ] GC(24727) Metaspace: 50336K->50336K(1093632K)
[2020-12-29T15:26:29.136-0500][gc,heap        ] GC(24727) Heap after GC invocations=24728 (full 5746): garbage-first heap   total 64512K, used 43410K [0x0000000083000000, 0x0000000100000000)
[2020-12-29T15:26:29.136-0500][gc,heap        ] GC(24727)   region size 1024K, 1 young (1024K), 1 survivors (1024K)
[2020-12-29T15:26:29.136-0500][gc,heap        ] GC(24727)  Metaspace       used 50336K, capacity 52472K, committed 53888K, reserved 1093632K
[2020-12-29T15:26:29.136-0500][gc,heap        ] GC(24727)   class space    used 7457K, capacity 8250K, committed 8832K, reserved 1048576K
[2020-12-29T15:26:29.136-0500][gc             ] GC(24727) Pause Young (Normal) (G1 Evacuation Pause) 51M->42M(63M) 73.397ms
[2020-12-29T15:26:29.136-0500][gc,cpu         ] GC(24727) User=0.28s Sys=0.00s Real=0.07s
