[2020-12-28T00:00:56.017-0500][gc,heap        ] GC(23172) Heap before GC invocations=23172 (full 5273): garbage-first heap   total 64512K, used 51599K [0x0000000083000000, 0x0000000100000000)
[2020-12-28T00:00:56.018-0500][gc,heap        ] GC(23172)   region size 1024K, 9 young (9216K), 1 survivors (1024K)
[2020-12-28T00:00:56.018-0500][gc,heap        ] GC(23172)  Metaspace       used 50293K, capacity 52461K, committed 53888K, reserved 1093632K
[2020-12-28T00:00:56.018-0500][gc,heap        ] GC(23172)   class space    used 7457K, capacity 8250K, committed 8832K, reserved 1048576K
[2020-12-28T00:00:56.018-0500][gc,start       ] GC(23172) Pause Young (Normal) (G1 Evacuation Pause)
[2020-12-28T00:00:56.018-0500][gc,task        ] GC(23172) Using 8 workers of 8 for evacuation
[2020-12-28T00:00:56.023-0500][gc,phases      ] GC(23172)   Pre Evacuate Collection Set: 0.0ms
[2020-12-28T00:00:56.024-0500][gc,phases      ] GC(23172)   Evacuate Collection Set: 2.6ms
[2020-12-28T00:00:56.024-0500][gc,phases      ] GC(23172)   Post Evacuate Collection Set: 2.9ms
[2020-12-28T00:00:56.024-0500][gc,phases      ] GC(23172)   Other: 0.5ms
[2020-12-28T00:00:56.024-0500][gc,heap        ] GC(23172) Eden regions: 8->0(8)
[2020-12-28T00:00:56.024-0500][gc,heap        ] GC(23172) Survivor regions: 1->1(2)
[2020-12-28T00:00:56.024-0500][gc,heap        ] GC(23172) Old regions: 42->42
[2020-12-28T00:00:56.024-0500][gc,heap        ] GC(23172) Humongous regions: 4->4
[2020-12-28T00:00:56.024-0500][gc,metaspace   ] GC(23172) Metaspace: 50293K->50293K(1093632K)
[2020-12-28T00:00:56.024-0500][gc,heap        ] GC(23172) Heap after GC invocations=23173 (full 5273): garbage-first heap   total 64512K, used 43373K [0x0000000083000000, 0x0000000100000000)
[2020-12-28T00:00:56.024-0500][gc,heap        ] GC(23172)   region size 1024K, 1 young (1024K), 1 survivors (1024K)
[2020-12-28T00:00:56.024-0500][gc,heap        ] GC(23172)  Metaspace       used 50293K, capacity 52461K, committed 53888K, reserved 1093632K
[2020-12-28T00:00:56.024-0500][gc,heap        ] GC(23172)   class space    used 7457K, capacity 8250K, committed 8832K, reserved 1048576K
[2020-12-28T00:00:56.024-0500][gc             ] GC(23172) Pause Young (Normal) (G1 Evacuation Pause) 50M->42M(63M) 6.143ms
[2020-12-28T00:00:56.024-0500][gc,cpu         ] GC(23172) User=0.01s Sys=0.00s Real=0.01s
[2020-12-28T00:01:45.190-0500][gc,task        ] GC(23173) Using 5 workers of 8 for full compaction
[2020-12-28T00:01:45.190-0500][gc,start       ] GC(23173) Pause Full (System.gc())
[2020-12-28T00:01:45.190-0500][gc,heap        ] GC(23173) Heap before GC invocations=23173 (full 5273): garbage-first heap   total 64512K, used 45421K [0x0000000083000000, 0x0000000100000000)
[2020-12-28T00:01:45.190-0500][gc,heap        ] GC(23173)   region size 1024K, 5 young (5120K), 1 survivors (1024K)
[2020-12-28T00:01:45.190-0500][gc,heap        ] GC(23173)  Metaspace       used 50293K, capacity 52461K, committed 53888K, reserved 1093632K
[2020-12-28T00:01:45.190-0500][gc,heap        ] GC(23173)   class space    used 7457K, capacity 8250K, committed 8832K, reserved 1048576K
[2020-12-28T00:01:45.191-0500][gc,phases,start] GC(23173) Phase 1: Mark live objects
[2020-12-28T00:01:45.233-0500][gc,stringtable ] GC(23173) Cleaned string and symbol table, strings: 33311 processed, 4 removed, symbols: 120973 processed, 0 removed
[2020-12-28T00:01:45.233-0500][gc,phases      ] GC(23173) Phase 1: Mark live objects 42.448ms
[2020-12-28T00:01:45.233-0500][gc,phases,start] GC(23173) Phase 2: Prepare for compaction
[2020-12-28T00:01:45.239-0500][gc,phases      ] GC(23173) Phase 2: Prepare for compaction 6.081ms
[2020-12-28T00:01:45.239-0500][gc,phases,start] GC(23173) Phase 3: Adjust pointers
[2020-12-28T00:01:45.249-0500][gc,phases      ] GC(23173) Phase 3: Adjust pointers 9.988ms
[2020-12-28T00:01:45.249-0500][gc,phases,start] GC(23173) Phase 4: Compact heap
[2020-12-28T00:01:45.252-0500][gc,phases      ] GC(23173) Phase 4: Compact heap 2.684ms
[2020-12-28T00:01:45.256-0500][gc,heap        ] GC(23173) Eden regions: 4->0(9)
[2020-12-28T00:01:45.256-0500][gc,heap        ] GC(23173) Survivor regions: 1->0(2)
[2020-12-28T00:01:45.257-0500][gc,heap        ] GC(23173) Old regions: 42->42
[2020-12-28T00:01:45.257-0500][gc,heap        ] GC(23173) Humongous regions: 4->4
[2020-12-28T00:01:45.257-0500][gc,metaspace   ] GC(23173) Metaspace: 50293K->50293K(1093632K)
[2020-12-28T00:01:45.257-0500][gc,heap        ] GC(23173) Heap after GC invocations=23174 (full 5274): garbage-first heap   total 64512K, used 43336K [0x0000000083000000, 0x0000000100000000)
[2020-12-28T00:01:45.257-0500][gc,heap        ] GC(23173)   region size 1024K, 0 young (0K), 0 survivors (0K)
[2020-12-28T00:01:45.257-0500][gc,heap        ] GC(23173)  Metaspace       used 50293K, capacity 52461K, committed 53888K, reserved 1093632K
[2020-12-28T00:01:45.257-0500][gc,heap        ] GC(23173)   class space    used 7457K, capacity 8250K, committed 8832K, reserved 1048576K
[2020-12-28T00:01:45.257-0500][gc             ] GC(23173) Pause Full (System.gc()) 45M->42M(63M) 66.566ms
[2020-12-28T00:01:45.257-0500][gc,cpu         ] GC(23173) User=0.29s Sys=0.00s Real=0.06s
[2020-12-28T00:03:56.017-0500][gc,heap        ] GC(23174) Heap before GC invocations=23174 (full 5274): garbage-first heap   total 64512K, used 51528K [0x0000000083000000, 0x0000000100000000)
[2020-12-28T00:03:56.017-0500][gc,heap        ] GC(23174)   region size 1024K, 9 young (9216K), 0 survivors (0K)
[2020-12-28T00:03:56.017-0500][gc,heap        ] GC(23174)  Metaspace       used 50293K, capacity 52461K, committed 53888K, reserved 1093632K
[2020-12-28T00:03:56.017-0500][gc,heap        ] GC(23174)   class space    used 7457K, capacity 8250K, committed 8832K, reserved 1048576K
[2020-12-28T00:03:56.017-0500][gc,start       ] GC(23174) Pause Young (Normal) (G1 Evacuation Pause)
[2020-12-28T00:03:56.017-0500][gc,task        ] GC(23174) Using 8 workers of 8 for evacuation
[2020-12-28T00:03:56.028-0500][gc,phases      ] GC(23174)   Pre Evacuate Collection Set: 0.0ms
[2020-12-28T00:03:56.028-0500][gc,phases      ] GC(23174)   Evacuate Collection Set: 5.7ms
[2020-12-28T00:03:56.028-0500][gc,phases      ] GC(23174)   Post Evacuate Collection Set: 5.0ms
[2020-12-28T00:03:56.028-0500][gc,phases      ] GC(23174)   Other: 0.5ms
[2020-12-28T00:03:56.028-0500][gc,heap        ] GC(23174) Eden regions: 9->0(8)
[2020-12-28T00:03:56.028-0500][gc,heap        ] GC(23174) Survivor regions: 0->1(2)
[2020-12-28T00:03:56.028-0500][gc,heap        ] GC(23174) Old regions: 42->42
[2020-12-28T00:03:56.028-0500][gc,heap        ] GC(23174) Humongous regions: 4->4
[2020-12-28T00:03:56.028-0500][gc,metaspace   ] GC(23174) Metaspace: 50293K->50293K(1093632K)
[2020-12-28T00:03:56.028-0500][gc,heap        ] GC(23174) Heap after GC invocations=23175 (full 5274): garbage-first heap   total 64512K, used 43403K [0x0000000083000000, 0x0000000100000000)
[2020-12-28T00:03:56.029-0500][gc,heap        ] GC(23174)   region size 1024K, 1 young (1024K), 1 survivors (1024K)
[2020-12-28T00:03:56.029-0500][gc,heap        ] GC(23174)  Metaspace       used 50293K, capacity 52461K, committed 53888K, reserved 1093632K
[2020-12-28T00:03:56.029-0500][gc,heap        ] GC(23174)   class space    used 7457K, capacity 8250K, committed 8832K, reserved 1048576K
[2020-12-28T00:03:56.029-0500][gc             ] GC(23174) Pause Young (Normal) (G1 Evacuation Pause) 51M->42M(63M) 11.628ms
[2020-12-28T00:03:56.029-0500][gc,cpu         ] GC(23174) User=0.04s Sys=0.00s Real=0.02s
[2020-12-28T00:05:56.018-0500][gc,heap        ] GC(23175) Heap before GC invocations=23175 (full 5274): garbage-first heap   total 64512K, used 51595K [0x0000000083000000, 0x0000000100000000)
[2020-12-28T00:05:56.018-0500][gc,heap        ] GC(23175)   region size 1024K, 9 young (9216K), 1 survivors (1024K)
[2020-12-28T00:05:56.018-0500][gc,heap        ] GC(23175)  Metaspace       used 50293K, capacity 52461K, committed 53888K, reserved 1093632K
[2020-12-28T00:05:56.018-0500][gc,heap        ] GC(23175)   class space    used 7457K, capacity 8250K, committed 8832K, reserved 1048576K
[2020-12-28T00:05:56.018-0500][gc,start       ] GC(23175) Pause Young (Normal) (G1 Evacuation Pause)
[2020-12-28T00:05:56.019-0500][gc,task        ] GC(23175) Using 8 workers of 8 for evacuation
[2020-12-28T00:05:56.023-0500][gc,phases      ] GC(23175)   Pre Evacuate Collection Set: 0.1ms
[2020-12-28T00:05:56.023-0500][gc,phases      ] GC(23175)   Evacuate Collection Set: 1.9ms
[2020-12-28T00:05:56.023-0500][gc,phases      ] GC(23175)   Post Evacuate Collection Set: 2.4ms
[2020-12-28T00:05:56.023-0500][gc,phases      ] GC(23175)   Other: 0.5ms
[2020-12-28T00:05:56.023-0500][gc,heap        ] GC(23175) Eden regions: 8->0(8)
[2020-12-28T00:05:56.023-0500][gc,heap        ] GC(23175) Survivor regions: 1->1(2)
[2020-12-28T00:05:56.023-0500][gc,heap        ] GC(23175) Old regions: 42->42
[2020-12-28T00:05:56.023-0500][gc,heap        ] GC(23175) Humongous regions: 4->4
[2020-12-28T00:05:56.023-0500][gc,metaspace   ] GC(23175) Metaspace: 50293K->50293K(1093632K)
[2020-12-28T00:05:56.023-0500][gc,heap        ] GC(23175) Heap after GC invocations=23176 (full 5274): garbage-first heap   total 64512K, used 43420K [0x0000000083000000, 0x0000000100000000)
[2020-12-28T00:05:56.023-0500][gc,heap        ] GC(23175)   region size 1024K, 1 young (1024K), 1 survivors (1024K)
[2020-12-28T00:05:56.023-0500][gc,heap        ] GC(23175)  Metaspace       used 50293K, capacity 52461K, committed 53888K, reserved 1093632K
[2020-12-28T00:05:56.023-0500][gc,heap        ] GC(23175)   class space    used 7457K, capacity 8250K, committed 8832K, reserved 1048576K
[2020-12-28T00:05:56.023-0500][gc             ] GC(23175) Pause Young (Normal) (G1 Evacuation Pause) 50M->42M(63M) 5.029ms
[2020-12-28T00:05:56.024-0500][gc,cpu         ] GC(23175) User=0.02s Sys=0.00s Real=0.00s
[2020-12-28T00:06:45.190-0500][gc,task        ] GC(23176) Using 5 workers of 8 for full compaction
[2020-12-28T00:06:45.190-0500][gc,start       ] GC(23176) Pause Full (System.gc())
[2020-12-28T00:06:45.190-0500][gc,heap        ] GC(23176) Heap before GC invocations=23176 (full 5274): garbage-first heap   total 64512K, used 46492K [0x0000000083000000, 0x0000000100000000)
[2020-12-28T00:06:45.190-0500][gc,heap        ] GC(23176)   region size 1024K, 5 young (5120K), 1 survivors (1024K)
[2020-12-28T00:06:45.190-0500][gc,heap        ] GC(23176)  Metaspace       used 50293K, capacity 52461K, committed 53888K, reserved 1093632K
[2020-12-28T00:06:45.190-0500][gc,heap        ] GC(23176)   class space    used 7457K, capacity 8250K, committed 8832K, reserved 1048576K
[2020-12-28T00:06:45.190-0500][gc,phases,start] GC(23176) Phase 1: Mark live objects
[2020-12-28T00:06:45.213-0500][gc,stringtable ] GC(23176) Cleaned string and symbol table, strings: 33311 processed, 4 removed, symbols: 120973 processed, 0 removed
[2020-12-28T00:06:45.213-0500][gc,phases      ] GC(23176) Phase 1: Mark live objects 22.645ms
[2020-12-28T00:06:45.213-0500][gc,phases,start] GC(23176) Phase 2: Prepare for compaction
[2020-12-28T00:06:45.217-0500][gc,phases      ] GC(23176) Phase 2: Prepare for compaction 3.731ms
[2020-12-28T00:06:45.217-0500][gc,phases,start] GC(23176) Phase 3: Adjust pointers
[2020-12-28T00:06:45.227-0500][gc,phases      ] GC(23176) Phase 3: Adjust pointers 10.552ms
[2020-12-28T00:06:45.228-0500][gc,phases,start] GC(23176) Phase 4: Compact heap
[2020-12-28T00:06:45.230-0500][gc,phases      ] GC(23176) Phase 4: Compact heap 2.529ms
[2020-12-28T00:06:45.234-0500][gc,heap        ] GC(23176) Eden regions: 4->0(9)
[2020-12-28T00:06:45.234-0500][gc,heap        ] GC(23176) Survivor regions: 1->0(2)
[2020-12-28T00:06:45.234-0500][gc,heap        ] GC(23176) Old regions: 42->42
[2020-12-28T00:06:45.234-0500][gc,heap        ] GC(23176) Humongous regions: 4->4
[2020-12-28T00:06:45.234-0500][gc,metaspace   ] GC(23176) Metaspace: 50293K->50293K(1093632K)
[2020-12-28T00:06:45.234-0500][gc,heap        ] GC(23176) Heap after GC invocations=23177 (full 5275): garbage-first heap   total 64512K, used 43322K [0x0000000083000000, 0x0000000100000000)
[2020-12-28T00:06:45.234-0500][gc,heap        ] GC(23176)   region size 1024K, 0 young (0K), 0 survivors (0K)
[2020-12-28T00:06:45.234-0500][gc,heap        ] GC(23176)  Metaspace       used 50293K, capacity 52461K, committed 53888K, reserved 1093632K
[2020-12-28T00:06:45.234-0500][gc,heap        ] GC(23176)   class space    used 7457K, capacity 8250K, committed 8832K, reserved 1048576K
[2020-12-28T00:06:45.234-0500][gc             ] GC(23176) Pause Full (System.gc()) 45M->42M(63M) 44.033ms
[2020-12-28T00:06:45.234-0500][gc,cpu         ] GC(23176) User=0.17s Sys=0.00s Real=0.04s
[2020-12-28T00:08:56.012-0500][gc,heap        ] GC(23177) Heap before GC invocations=23177 (full 5275): garbage-first heap   total 64512K, used 51514K [0x0000000083000000, 0x0000000100000000)
[2020-12-28T00:08:56.012-0500][gc,heap        ] GC(23177)   region size 1024K, 9 young (9216K), 0 survivors (0K)
[2020-12-28T00:08:56.012-0500][gc,heap        ] GC(23177)  Metaspace       used 50293K, capacity 52461K, committed 53888K, reserved 1093632K
[2020-12-28T00:08:56.012-0500][gc,heap        ] GC(23177)   class space    used 7457K, capacity 8250K, committed 8832K, reserved 1048576K
[2020-12-28T00:08:56.012-0500][gc,start       ] GC(23177) Pause Young (Normal) (G1 Evacuation Pause)
[2020-12-28T00:08:56.012-0500][gc,task        ] GC(23177) Using 8 workers of 8 for evacuation
[2020-12-28T00:08:56.017-0500][gc,phases      ] GC(23177)   Pre Evacuate Collection Set: 0.0ms
[2020-12-28T00:08:56.017-0500][gc,phases      ] GC(23177)   Evacuate Collection Set: 1.8ms
[2020-12-28T00:08:56.017-0500][gc,phases      ] GC(23177)   Post Evacuate Collection Set: 3.0ms
[2020-12-28T00:08:56.018-0500][gc,phases      ] GC(23177)   Other: 0.5ms
[2020-12-28T00:08:56.018-0500][gc,heap        ] GC(23177) Eden regions: 9->0(8)
[2020-12-28T00:08:56.018-0500][gc,heap        ] GC(23177) Survivor regions: 0->1(2)
[2020-12-28T00:08:56.018-0500][gc,heap        ] GC(23177) Old regions: 42->42
[2020-12-28T00:08:56.018-0500][gc,heap        ] GC(23177) Humongous regions: 4->4
[2020-12-28T00:08:56.018-0500][gc,metaspace   ] GC(23177) Metaspace: 50293K->50293K(1093632K)
[2020-12-28T00:08:56.018-0500][gc,heap        ] GC(23177) Heap after GC invocations=23178 (full 5275): garbage-first heap   total 64512K, used 43404K [0x0000000083000000, 0x0000000100000000)
[2020-12-28T00:08:56.018-0500][gc,heap        ] GC(23177)   region size 1024K, 1 young (1024K), 1 survivors (1024K)
[2020-12-28T00:08:56.018-0500][gc,heap        ] GC(23177)  Metaspace       used 50293K, capacity 52461K, committed 53888K, reserved 1093632K
[2020-12-28T00:08:56.018-0500][gc,heap        ] GC(23177)   class space    used 7457K, capacity 8250K, committed 8832K, reserved 1048576K
[2020-12-28T00:08:56.018-0500][gc             ] GC(23177) Pause Young (Normal) (G1 Evacuation Pause) 51M->42M(63M) 5.494ms
[2020-12-28T00:08:56.018-0500][gc,cpu         ] GC(23177) User=0.01s Sys=0.01s Real=0.01s
[2020-12-28T00:10:47.400-0500][gc,heap        ] GC(23178) Heap before GC invocations=23178 (full 5275): garbage-first heap   total 64512K, used 51596K [0x0000000083000000, 0x0000000100000000)
[2020-12-28T00:10:47.400-0500][gc,heap        ] GC(23178)   region size 1024K, 9 young (9216K), 1 survivors (1024K)
[2020-12-28T00:10:47.400-0500][gc,heap        ] GC(23178)  Metaspace       used 50293K, capacity 52461K, committed 53888K, reserved 1093632K
[2020-12-28T00:10:47.400-0500][gc,heap        ] GC(23178)   class space    used 7457K, capacity 8250K, committed 8832K, reserved 1048576K
[2020-12-28T00:10:47.400-0500][gc,start       ] GC(23178) Pause Young (Normal) (G1 Evacuation Pause)
[2020-12-28T00:10:47.400-0500][gc,task        ] GC(23178) Using 8 workers of 8 for evacuation
[2020-12-28T00:10:47.402-0500][gc,phases      ] GC(23178)   Pre Evacuate Collection Set: 0.0ms
[2020-12-28T00:10:47.402-0500][gc,phases      ] GC(23178)   Evacuate Collection Set: 0.7ms
[2020-12-28T00:10:47.402-0500][gc,phases      ] GC(23178)   Post Evacuate Collection Set: 0.8ms
[2020-12-28T00:10:47.402-0500][gc,phases      ] GC(23178)   Other: 0.2ms
[2020-12-28T00:10:47.402-0500][gc,heap        ] GC(23178) Eden regions: 8->0(8)
[2020-12-28T00:10:47.402-0500][gc,heap        ] GC(23178) Survivor regions: 1->1(2)
[2020-12-28T00:10:47.402-0500][gc,heap        ] GC(23178) Old regions: 42->42
[2020-12-28T00:10:47.402-0500][gc,heap        ] GC(23178) Humongous regions: 4->4
[2020-12-28T00:10:47.402-0500][gc,metaspace   ] GC(23178) Metaspace: 50293K->50293K(1093632K)
[2020-12-28T00:10:47.402-0500][gc,heap        ] GC(23178) Heap after GC invocations=23179 (full 5275): garbage-first heap   total 64512K, used 43393K [0x0000000083000000, 0x0000000100000000)
[2020-12-28T00:10:47.402-0500][gc,heap        ] GC(23178)   region size 1024K, 1 young (1024K), 1 survivors (1024K)
[2020-12-28T00:10:47.402-0500][gc,heap        ] GC(23178)  Metaspace       used 50293K, capacity 52461K, committed 53888K, reserved 1093632K
[2020-12-28T00:10:47.402-0500][gc,heap        ] GC(23178)   class space    used 7457K, capacity 8250K, committed 8832K, reserved 1048576K
[2020-12-28T00:10:47.402-0500][gc             ] GC(23178) Pause Young (Normal) (G1 Evacuation Pause) 50M->42M(63M) 1.691ms
[2020-12-28T00:10:47.402-0500][gc,cpu         ] GC(23178) User=0.00s Sys=0.00s Real=0.00s
[2020-12-28T00:11:45.189-0500][gc,task        ] GC(23179) Using 5 workers of 8 for full compaction
[2020-12-28T00:11:45.190-0500][gc,start       ] GC(23179) Pause Full (System.gc())
[2020-12-28T00:11:45.190-0500][gc,heap        ] GC(23179) Heap before GC invocations=23179 (full 5275): garbage-first heap   total 64512K, used 47489K [0x0000000083000000, 0x0000000100000000)
[2020-12-28T00:11:45.190-0500][gc,heap        ] GC(23179)   region size 1024K, 6 young (6144K), 1 survivors (1024K)
[2020-12-28T00:11:45.190-0500][gc,heap        ] GC(23179)  Metaspace       used 50293K, capacity 52461K, committed 53888K, reserved 1093632K
[2020-12-28T00:11:45.190-0500][gc,heap        ] GC(23179)   class space    used 7457K, capacity 8250K, committed 8832K, reserved 1048576K
[2020-12-28T00:11:45.190-0500][gc,phases,start] GC(23179) Phase 1: Mark live objects
[2020-12-28T00:11:45.211-0500][gc,stringtable ] GC(23179) Cleaned string and symbol table, strings: 33311 processed, 4 removed, symbols: 120973 processed, 0 removed
[2020-12-28T00:11:45.211-0500][gc,phases      ] GC(23179) Phase 1: Mark live objects 21.124ms
[2020-12-28T00:11:45.211-0500][gc,phases,start] GC(23179) Phase 2: Prepare for compaction
[2020-12-28T00:11:45.215-0500][gc,phases      ] GC(23179) Phase 2: Prepare for compaction 3.770ms
[2020-12-28T00:11:45.215-0500][gc,phases,start] GC(23179) Phase 3: Adjust pointers
[2020-12-28T00:11:45.226-0500][gc,phases      ] GC(23179) Phase 3: Adjust pointers 10.736ms
[2020-12-28T00:11:45.226-0500][gc,phases,start] GC(23179) Phase 4: Compact heap
[2020-12-28T00:11:45.229-0500][gc,phases      ] GC(23179) Phase 4: Compact heap 3.510ms
[2020-12-28T00:11:45.234-0500][gc,heap        ] GC(23179) Eden regions: 5->0(9)
[2020-12-28T00:11:45.234-0500][gc,heap        ] GC(23179) Survivor regions: 1->0(2)
[2020-12-28T00:11:45.234-0500][gc,heap        ] GC(23179) Old regions: 42->42
[2020-12-28T00:11:45.234-0500][gc,heap        ] GC(23179) Humongous regions: 4->4
[2020-12-28T00:11:45.234-0500][gc,metaspace   ] GC(23179) Metaspace: 50293K->50293K(1093632K)
[2020-12-28T00:11:45.234-0500][gc,heap        ] GC(23179) Heap after GC invocations=23180 (full 5276): garbage-first heap   total 64512K, used 43333K [0x0000000083000000, 0x0000000100000000)
[2020-12-28T00:11:45.234-0500][gc,heap        ] GC(23179)   region size 1024K, 0 young (0K), 0 survivors (0K)
[2020-12-28T00:11:45.234-0500][gc,heap        ] GC(23179)  Metaspace       used 50293K, capacity 52461K, committed 53888K, reserved 1093632K
[2020-12-28T00:11:45.234-0500][gc,heap        ] GC(23179)   class space    used 7457K, capacity 8250K, committed 8832K, reserved 1048576K
[2020-12-28T00:11:45.234-0500][gc             ] GC(23179) Pause Full (System.gc()) 46M->42M(63M) 44.152ms
[2020-12-28T00:11:45.234-0500][gc,cpu         ] GC(23179) User=0.18s Sys=0.00s Real=0.04s
[2020-12-28T00:13:56.015-0500][gc,heap        ] GC(23180) Heap before GC invocations=23180 (full 5276): garbage-first heap   total 64512K, used 52549K [0x0000000083000000, 0x0000000100000000)
[2020-12-28T00:13:56.015-0500][gc,heap        ] GC(23180)   region size 1024K, 9 young (9216K), 0 survivors (0K)
[2020-12-28T00:13:56.015-0500][gc,heap        ] GC(23180)  Metaspace       used 50293K, capacity 52461K, committed 53888K, reserved 1093632K
[2020-12-28T00:13:56.015-0500][gc,heap        ] GC(23180)   class space    used 7457K, capacity 8250K, committed 8832K, reserved 1048576K
[2020-12-28T00:13:56.015-0500][gc,start       ] GC(23180) Pause Young (Normal) (G1 Evacuation Pause)
[2020-12-28T00:13:56.015-0500][gc,task        ] GC(23180) Using 8 workers of 8 for evacuation
[2020-12-28T00:13:56.017-0500][gc,phases      ] GC(23180)   Pre Evacuate Collection Set: 0.0ms
[2020-12-28T00:13:56.017-0500][gc,phases      ] GC(23180)   Evacuate Collection Set: 0.6ms
[2020-12-28T00:13:56.017-0500][gc,phases      ] GC(23180)   Post Evacuate Collection Set: 0.9ms
[2020-12-28T00:13:56.017-0500][gc,phases      ] GC(23180)   Other: 0.2ms
[2020-12-28T00:13:56.017-0500][gc,heap        ] GC(23180) Eden regions: 9->0(8)
[2020-12-28T00:13:56.017-0500][gc,heap        ] GC(23180) Survivor regions: 0->1(2)
[2020-12-28T00:13:56.017-0500][gc,heap        ] GC(23180) Old regions: 42->42
[2020-12-28T00:13:56.017-0500][gc,heap        ] GC(23180) Humongous regions: 4->4
[2020-12-28T00:13:56.017-0500][gc,metaspace   ] GC(23180) Metaspace: 50293K->50293K(1093632K)
[2020-12-28T00:13:56.017-0500][gc,heap        ] GC(23180) Heap after GC invocations=23181 (full 5276): garbage-first heap   total 64512K, used 43406K [0x0000000083000000, 0x0000000100000000)
[2020-12-28T00:13:56.017-0500][gc,heap        ] GC(23180)   region size 1024K, 1 young (1024K), 1 survivors (1024K)
[2020-12-28T00:13:56.017-0500][gc,heap        ] GC(23180)  Metaspace       used 50293K, capacity 52461K, committed 53888K, reserved 1093632K
[2020-12-28T00:13:56.017-0500][gc,heap        ] GC(23180)   class space    used 7457K, capacity 8250K, committed 8832K, reserved 1048576K
[2020-12-28T00:13:56.017-0500][gc             ] GC(23180) Pause Young (Normal) (G1 Evacuation Pause) 51M->42M(63M) 1.753ms
[2020-12-28T00:13:56.017-0500][gc,cpu         ] GC(23180) User=0.00s Sys=0.00s Real=0.00s
[2020-12-28T00:15:56.014-0500][gc,heap        ] GC(23181) Heap before GC invocations=23181 (full 5276): garbage-first heap   total 64512K, used 51598K [0x0000000083000000, 0x0000000100000000)
[2020-12-28T00:15:56.015-0500][gc,heap        ] GC(23181)   region size 1024K, 9 young (9216K), 1 survivors (1024K)
[2020-12-28T00:15:56.015-0500][gc,heap        ] GC(23181)  Metaspace       used 50293K, capacity 52461K, committed 53888K, reserved 1093632K
[2020-12-28T00:15:56.015-0500][gc,heap        ] GC(23181)   class space    used 7457K, capacity 8250K, committed 8832K, reserved 1048576K
[2020-12-28T00:15:56.015-0500][gc,start       ] GC(23181) Pause Young (Normal) (G1 Evacuation Pause)
[2020-12-28T00:15:56.015-0500][gc,task        ] GC(23181) Using 8 workers of 8 for evacuation
[2020-12-28T00:15:56.019-0500][gc,phases      ] GC(23181)   Pre Evacuate Collection Set: 0.0ms
[2020-12-28T00:15:56.019-0500][gc,phases      ] GC(23181)   Evacuate Collection Set: 2.7ms
[2020-12-28T00:15:56.019-0500][gc,phases      ] GC(23181)   Post Evacuate Collection Set: 1.6ms
[2020-12-28T00:15:56.019-0500][gc,phases      ] GC(23181)   Other: 0.2ms
[2020-12-28T00:15:56.019-0500][gc,heap        ] GC(23181) Eden regions: 8->0(8)
[2020-12-28T00:15:56.019-0500][gc,heap        ] GC(23181) Survivor regions: 1->1(2)
[2020-12-28T00:15:56.019-0500][gc,heap        ] GC(23181) Old regions: 42->42
[2020-12-28T00:15:56.019-0500][gc,heap        ] GC(23181) Humongous regions: 4->4
[2020-12-28T00:15:56.019-0500][gc,metaspace   ] GC(23181) Metaspace: 50293K->50293K(1093632K)
[2020-12-28T00:15:56.019-0500][gc,heap        ] GC(23181) Heap after GC invocations=23182 (full 5276): garbage-first heap   total 64512K, used 43414K [0x0000000083000000, 0x0000000100000000)
[2020-12-28T00:15:56.020-0500][gc,heap        ] GC(23181)   region size 1024K, 1 young (1024K), 1 survivors (1024K)
[2020-12-28T00:15:56.020-0500][gc,heap        ] GC(23181)  Metaspace       used 50293K, capacity 52461K, committed 53888K, reserved 1093632K
[2020-12-28T00:15:56.020-0500][gc,heap        ] GC(23181)   class space    used 7457K, capacity 8250K, committed 8832K, reserved 1048576K
[2020-12-28T00:15:56.020-0500][gc             ] GC(23181) Pause Young (Normal) (G1 Evacuation Pause) 50M->42M(63M) 5.061ms
[2020-12-28T00:15:56.020-0500][gc,cpu         ] GC(23181) User=0.01s Sys=0.01s Real=0.01s
[2020-12-28T00:16:45.191-0500][gc,task        ] GC(23182) Using 5 workers of 8 for full compaction
[2020-12-28T00:16:45.191-0500][gc,start       ] GC(23182) Pause Full (System.gc())
[2020-12-28T00:16:45.191-0500][gc,heap        ] GC(23182) Heap before GC invocations=23182 (full 5276): garbage-first heap   total 64512K, used 45462K [0x0000000083000000, 0x0000000100000000)
[2020-12-28T00:16:45.191-0500][gc,heap        ] GC(23182)   region size 1024K, 4 young (4096K), 1 survivors (1024K)
[2020-12-28T00:16:45.191-0500][gc,heap        ] GC(23182)  Metaspace       used 50293K, capacity 52461K, committed 53888K, reserved 1093632K
[2020-12-28T00:16:45.191-0500][gc,heap        ] GC(23182)   class space    used 7457K, capacity 8250K, committed 8832K, reserved 1048576K
[2020-12-28T00:16:45.192-0500][gc,phases,start] GC(23182) Phase 1: Mark live objects
[2020-12-28T00:16:45.232-0500][gc,stringtable ] GC(23182) Cleaned string and symbol table, strings: 33311 processed, 4 removed, symbols: 120973 processed, 0 removed
[2020-12-28T00:16:45.232-0500][gc,phases      ] GC(23182) Phase 1: Mark live objects 39.898ms
[2020-12-28T00:16:45.232-0500][gc,phases,start] GC(23182) Phase 2: Prepare for compaction
[2020-12-28T00:16:45.236-0500][gc,phases      ] GC(23182) Phase 2: Prepare for compaction 4.356ms
[2020-12-28T00:16:45.236-0500][gc,phases,start] GC(23182) Phase 3: Adjust pointers
[2020-12-28T00:16:45.248-0500][gc,phases      ] GC(23182) Phase 3: Adjust pointers 11.995ms
[2020-12-28T00:16:45.248-0500][gc,phases,start] GC(23182) Phase 4: Compact heap
[2020-12-28T00:16:45.251-0500][gc,phases      ] GC(23182) Phase 4: Compact heap 2.552ms
[2020-12-28T00:16:45.255-0500][gc,heap        ] GC(23182) Eden regions: 3->0(10)
[2020-12-28T00:16:45.255-0500][gc,heap        ] GC(23182) Survivor regions: 1->0(2)
[2020-12-28T00:16:45.255-0500][gc,heap        ] GC(23182) Old regions: 42->41
[2020-12-28T00:16:45.255-0500][gc,heap        ] GC(23182) Humongous regions: 4->4
[2020-12-28T00:16:45.255-0500][gc,metaspace   ] GC(23182) Metaspace: 50293K->50293K(1093632K)
[2020-12-28T00:16:45.255-0500][gc,heap        ] GC(23182) Heap after GC invocations=23183 (full 5277): garbage-first heap   total 64512K, used 43326K [0x0000000083000000, 0x0000000100000000)
[2020-12-28T00:16:45.255-0500][gc,heap        ] GC(23182)   region size 1024K, 0 young (0K), 0 survivors (0K)
[2020-12-28T00:16:45.255-0500][gc,heap        ] GC(23182)  Metaspace       used 50293K, capacity 52461K, committed 53888K, reserved 1093632K
[2020-12-28T00:16:45.255-0500][gc,heap        ] GC(23182)   class space    used 7457K, capacity 8250K, committed 8832K, reserved 1048576K
[2020-12-28T00:16:45.255-0500][gc             ] GC(23182) Pause Full (System.gc()) 45M->42M(63M) 64.184ms
[2020-12-28T00:16:45.255-0500][gc,cpu         ] GC(23182) User=0.28s Sys=0.00s Real=0.06s
[2020-12-28T00:19:06.465-0500][gc,heap        ] GC(23183) Heap before GC invocations=23183 (full 5277): garbage-first heap   total 64512K, used 52542K [0x0000000083000000, 0x0000000100000000)
[2020-12-28T00:19:06.465-0500][gc,heap        ] GC(23183)   region size 1024K, 10 young (10240K), 0 survivors (0K)
[2020-12-28T00:19:06.465-0500][gc,heap        ] GC(23183)  Metaspace       used 50293K, capacity 52461K, committed 53888K, reserved 1093632K
[2020-12-28T00:19:06.465-0500][gc,heap        ] GC(23183)   class space    used 7457K, capacity 8250K, committed 8832K, reserved 1048576K
[2020-12-28T00:19:06.465-0500][gc,start       ] GC(23183) Pause Young (Normal) (G1 Evacuation Pause)
[2020-12-28T00:19:06.465-0500][gc,task        ] GC(23183) Using 8 workers of 8 for evacuation
[2020-12-28T00:19:06.471-0500][gc,phases      ] GC(23183)   Pre Evacuate Collection Set: 0.0ms
[2020-12-28T00:19:06.471-0500][gc,phases      ] GC(23183)   Evacuate Collection Set: 1.9ms
[2020-12-28T00:19:06.471-0500][gc,phases      ] GC(23183)   Post Evacuate Collection Set: 3.2ms
[2020-12-28T00:19:06.471-0500][gc,phases      ] GC(23183)   Other: 0.5ms
[2020-12-28T00:19:06.471-0500][gc,heap        ] GC(23183) Eden regions: 10->0(9)
[2020-12-28T00:19:06.471-0500][gc,heap        ] GC(23183) Survivor regions: 0->1(2)
[2020-12-28T00:19:06.471-0500][gc,heap        ] GC(23183) Old regions: 41->41
[2020-12-28T00:19:06.471-0500][gc,heap        ] GC(23183) Humongous regions: 4->4
[2020-12-28T00:19:06.471-0500][gc,metaspace   ] GC(23183) Metaspace: 50293K->50293K(1093632K)
[2020-12-28T00:19:06.471-0500][gc,heap        ] GC(23183) Heap after GC invocations=23184 (full 5277): garbage-first heap   total 64512K, used 43398K [0x0000000083000000, 0x0000000100000000)
[2020-12-28T00:19:06.471-0500][gc,heap        ] GC(23183)   region size 1024K, 1 young (1024K), 1 survivors (1024K)
[2020-12-28T00:19:06.471-0500][gc,heap        ] GC(23183)  Metaspace       used 50293K, capacity 52461K, committed 53888K, reserved 1093632K
[2020-12-28T00:19:06.471-0500][gc,heap        ] GC(23183)   class space    used 7457K, capacity 8250K, committed 8832K, reserved 1048576K
[2020-12-28T00:19:06.471-0500][gc             ] GC(23183) Pause Young (Normal) (G1 Evacuation Pause) 52M->42M(63M) 5.935ms
[2020-12-28T00:19:06.471-0500][gc,cpu         ] GC(23183) User=0.01s Sys=0.01s Real=0.01s
[2020-12-28T00:21:24.706-0500][gc,heap        ] GC(23184) Heap before GC invocations=23184 (full 5277): garbage-first heap   total 64512K, used 51590K [0x0000000083000000, 0x0000000100000000)
[2020-12-28T00:21:24.706-0500][gc,heap        ] GC(23184)   region size 1024K, 10 young (10240K), 1 survivors (1024K)
[2020-12-28T00:21:24.706-0500][gc,heap        ] GC(23184)  Metaspace       used 50293K, capacity 52461K, committed 53888K, reserved 1093632K
[2020-12-28T00:21:24.706-0500][gc,heap        ] GC(23184)   class space    used 7457K, capacity 8250K, committed 8832K, reserved 1048576K
[2020-12-28T00:21:24.706-0500][gc,start       ] GC(23184) Pause Young (Normal) (G1 Evacuation Pause)
[2020-12-28T00:21:24.706-0500][gc,task        ] GC(23184) Using 8 workers of 8 for evacuation
[2020-12-28T00:21:24.714-0500][gc,phases      ] GC(23184)   Pre Evacuate Collection Set: 0.0ms
[2020-12-28T00:21:24.714-0500][gc,phases      ] GC(23184)   Evacuate Collection Set: 4.1ms
[2020-12-28T00:21:24.714-0500][gc,phases      ] GC(23184)   Post Evacuate Collection Set: 3.1ms
[2020-12-28T00:21:24.714-0500][gc,phases      ] GC(23184)   Other: 0.5ms
[2020-12-28T00:21:24.714-0500][gc,heap        ] GC(23184) Eden regions: 9->0(9)
[2020-12-28T00:21:24.714-0500][gc,heap        ] GC(23184) Survivor regions: 1->1(2)
[2020-12-28T00:21:24.714-0500][gc,heap        ] GC(23184) Old regions: 41->41
[2020-12-28T00:21:24.714-0500][gc,heap        ] GC(23184) Humongous regions: 4->4
[2020-12-28T00:21:24.714-0500][gc,metaspace   ] GC(23184) Metaspace: 50293K->50293K(1093632K)
[2020-12-28T00:21:24.714-0500][gc,heap        ] GC(23184) Heap after GC invocations=23185 (full 5277): garbage-first heap   total 64512K, used 43392K [0x0000000083000000, 0x0000000100000000)
[2020-12-28T00:21:24.714-0500][gc,heap        ] GC(23184)   region size 1024K, 1 young (1024K), 1 survivors (1024K)
[2020-12-28T00:21:24.714-0500][gc,heap        ] GC(23184)  Metaspace       used 50293K, capacity 52461K, committed 53888K, reserved 1093632K
[2020-12-28T00:21:24.714-0500][gc,heap        ] GC(23184)   class space    used 7457K, capacity 8250K, committed 8832K, reserved 1048576K
[2020-12-28T00:21:24.714-0500][gc             ] GC(23184) Pause Young (Normal) (G1 Evacuation Pause) 51M->42M(63M) 7.839ms
[2020-12-28T00:21:24.714-0500][gc,cpu         ] GC(23184) User=0.03s Sys=0.00s Real=0.01s
[2020-12-28T00:21:45.191-0500][gc,task        ] GC(23185) Using 5 workers of 8 for full compaction
[2020-12-28T00:21:45.191-0500][gc,start       ] GC(23185) Pause Full (System.gc())
[2020-12-28T00:21:45.191-0500][gc,heap        ] GC(23185) Heap before GC invocations=23185 (full 5277): garbage-first heap   total 64512K, used 44416K [0x0000000083000000, 0x0000000100000000)
[2020-12-28T00:21:45.191-0500][gc,heap        ] GC(23185)   region size 1024K, 3 young (3072K), 1 survivors (1024K)
[2020-12-28T00:21:45.191-0500][gc,heap        ] GC(23185)  Metaspace       used 50293K, capacity 52461K, committed 53888K, reserved 1093632K
[2020-12-28T00:21:45.191-0500][gc,heap        ] GC(23185)   class space    used 7457K, capacity 8250K, committed 8832K, reserved 1048576K
[2020-12-28T00:21:45.192-0500][gc,phases,start] GC(23185) Phase 1: Mark live objects
[2020-12-28T00:21:45.233-0500][gc,stringtable ] GC(23185) Cleaned string and symbol table, strings: 33311 processed, 4 removed, symbols: 120973 processed, 0 removed
[2020-12-28T00:21:45.233-0500][gc,phases      ] GC(23185) Phase 1: Mark live objects 40.414ms
[2020-12-28T00:21:45.233-0500][gc,phases,start] GC(23185) Phase 2: Prepare for compaction
[2020-12-28T00:21:45.237-0500][gc,phases      ] GC(23185) Phase 2: Prepare for compaction 4.010ms
[2020-12-28T00:21:45.237-0500][gc,phases,start] GC(23185) Phase 3: Adjust pointers
[2020-12-28T00:21:45.248-0500][gc,phases      ] GC(23185) Phase 3: Adjust pointers 11.355ms
[2020-12-28T00:21:45.248-0500][gc,phases,start] GC(23185) Phase 4: Compact heap
[2020-12-28T00:21:45.251-0500][gc,phases      ] GC(23185) Phase 4: Compact heap 2.578ms
[2020-12-28T00:21:45.255-0500][gc,heap        ] GC(23185) Eden regions: 2->0(9)
[2020-12-28T00:21:45.255-0500][gc,heap        ] GC(23185) Survivor regions: 1->0(2)
[2020-12-28T00:21:45.255-0500][gc,heap        ] GC(23185) Old regions: 41->42
[2020-12-28T00:21:45.255-0500][gc,heap        ] GC(23185) Humongous regions: 4->4
[2020-12-28T00:21:45.255-0500][gc,metaspace   ] GC(23185) Metaspace: 50293K->50293K(1093632K)
[2020-12-28T00:21:45.255-0500][gc,heap        ] GC(23185) Heap after GC invocations=23186 (full 5278): garbage-first heap   total 64512K, used 43316K [0x0000000083000000, 0x0000000100000000)
[2020-12-28T00:21:45.255-0500][gc,heap        ] GC(23185)   region size 1024K, 0 young (0K), 0 survivors (0K)
[2020-12-28T00:21:45.255-0500][gc,heap        ] GC(23185)  Metaspace       used 50293K, capacity 52461K, committed 53888K, reserved 1093632K
[2020-12-28T00:21:45.255-0500][gc,heap        ] GC(23185)   class space    used 7457K, capacity 8250K, committed 8832K, reserved 1048576K
[2020-12-28T00:21:45.255-0500][gc             ] GC(23185) Pause Full (System.gc()) 43M->42M(63M) 63.488ms
[2020-12-28T00:21:45.255-0500][gc,cpu         ] GC(23185) User=0.29s Sys=0.00s Real=0.06s
[2020-12-28T00:23:56.017-0500][gc,heap        ] GC(23186) Heap before GC invocations=23186 (full 5278): garbage-first heap   total 64512K, used 51508K [0x0000000083000000, 0x0000000100000000)
[2020-12-28T00:23:56.017-0500][gc,heap        ] GC(23186)   region size 1024K, 9 young (9216K), 0 survivors (0K)
[2020-12-28T00:23:56.017-0500][gc,heap        ] GC(23186)  Metaspace       used 50293K, capacity 52461K, committed 53888K, reserved 1093632K
[2020-12-28T00:23:56.017-0500][gc,heap        ] GC(23186)   class space    used 7457K, capacity 8250K, committed 8832K, reserved 1048576K
[2020-12-28T00:23:56.017-0500][gc,start       ] GC(23186) Pause Young (Normal) (G1 Evacuation Pause)
[2020-12-28T00:23:56.017-0500][gc,task        ] GC(23186) Using 8 workers of 8 for evacuation
[2020-12-28T00:23:56.019-0500][gc,phases      ] GC(23186)   Pre Evacuate Collection Set: 0.0ms
[2020-12-28T00:23:56.019-0500][gc,phases      ] GC(23186)   Evacuate Collection Set: 0.5ms
[2020-12-28T00:23:56.019-0500][gc,phases      ] GC(23186)   Post Evacuate Collection Set: 0.8ms
[2020-12-28T00:23:56.019-0500][gc,phases      ] GC(23186)   Other: 0.2ms
[2020-12-28T00:23:56.019-0500][gc,heap        ] GC(23186) Eden regions: 9->0(8)
[2020-12-28T00:23:56.019-0500][gc,heap        ] GC(23186) Survivor regions: 0->1(2)
[2020-12-28T00:23:56.019-0500][gc,heap        ] GC(23186) Old regions: 42->42
[2020-12-28T00:23:56.019-0500][gc,heap        ] GC(23186) Humongous regions: 4->4
[2020-12-28T00:23:56.019-0500][gc,metaspace   ] GC(23186) Metaspace: 50293K->50293K(1093632K)
[2020-12-28T00:23:56.019-0500][gc,heap        ] GC(23186) Heap after GC invocations=23187 (full 5278): garbage-first heap   total 64512K, used 43375K [0x0000000083000000, 0x0000000100000000)
[2020-12-28T00:23:56.019-0500][gc,heap        ] GC(23186)   region size 1024K, 1 young (1024K), 1 survivors (1024K)
[2020-12-28T00:23:56.019-0500][gc,heap        ] GC(23186)  Metaspace       used 50293K, capacity 52461K, committed 53888K, reserved 1093632K
[2020-12-28T00:23:56.019-0500][gc,heap        ] GC(23186)   class space    used 7457K, capacity 8250K, committed 8832K, reserved 1048576K
[2020-12-28T00:23:56.019-0500][gc             ] GC(23186) Pause Young (Normal) (G1 Evacuation Pause) 51M->42M(63M) 1.608ms
[2020-12-28T00:23:56.019-0500][gc,cpu         ] GC(23186) User=0.00s Sys=0.00s Real=0.01s
[2020-12-28T00:25:56.688-0500][gc,heap        ] GC(23187) Heap before GC invocations=23187 (full 5278): garbage-first heap   total 64512K, used 50543K [0x0000000083000000, 0x0000000100000000)
[2020-12-28T00:25:56.688-0500][gc,heap        ] GC(23187)   region size 1024K, 9 young (9216K), 1 survivors (1024K)
[2020-12-28T00:25:56.688-0500][gc,heap        ] GC(23187)  Metaspace       used 50293K, capacity 52461K, committed 53888K, reserved 1093632K
[2020-12-28T00:25:56.688-0500][gc,heap        ] GC(23187)   class space    used 7457K, capacity 8250K, committed 8832K, reserved 1048576K
[2020-12-28T00:25:56.688-0500][gc,start       ] GC(23187) Pause Young (Normal) (G1 Evacuation Pause)
[2020-12-28T00:25:56.688-0500][gc,task        ] GC(23187) Using 8 workers of 8 for evacuation
[2020-12-28T00:25:56.693-0500][gc,phases      ] GC(23187)   Pre Evacuate Collection Set: 0.0ms
[2020-12-28T00:25:56.693-0500][gc,phases      ] GC(23187)   Evacuate Collection Set: 1.8ms
[2020-12-28T00:25:56.693-0500][gc,phases      ] GC(23187)   Post Evacuate Collection Set: 2.6ms
[2020-12-28T00:25:56.693-0500][gc,phases      ] GC(23187)   Other: 0.5ms
[2020-12-28T00:25:56.693-0500][gc,heap        ] GC(23187) Eden regions: 8->0(8)
[2020-12-28T00:25:56.693-0500][gc,heap        ] GC(23187) Survivor regions: 1->1(2)
[2020-12-28T00:25:56.693-0500][gc,heap        ] GC(23187) Old regions: 42->42
[2020-12-28T00:25:56.693-0500][gc,heap        ] GC(23187) Humongous regions: 4->4
[2020-12-28T00:25:56.693-0500][gc,metaspace   ] GC(23187) Metaspace: 50293K->50293K(1093632K)
[2020-12-28T00:25:56.693-0500][gc,heap        ] GC(23187) Heap after GC invocations=23188 (full 5278): garbage-first heap   total 64512K, used 43372K [0x0000000083000000, 0x0000000100000000)
[2020-12-28T00:25:56.693-0500][gc,heap        ] GC(23187)   region size 1024K, 1 young (1024K), 1 survivors (1024K)
[2020-12-28T00:25:56.693-0500][gc,heap        ] GC(23187)  Metaspace       used 50293K, capacity 52461K, committed 53888K, reserved 1093632K
[2020-12-28T00:25:56.693-0500][gc,heap        ] GC(23187)   class space    used 7457K, capacity 8250K, committed 8832K, reserved 1048576K
[2020-12-28T00:25:56.693-0500][gc             ] GC(23187) Pause Young (Normal) (G1 Evacuation Pause) 50M->42M(63M) 5.024ms
[2020-12-28T00:25:56.693-0500][gc,cpu         ] GC(23187) User=0.01s Sys=0.01s Real=0.00s
[2020-12-28T00:26:45.190-0500][gc,task        ] GC(23188) Using 5 workers of 8 for full compaction
[2020-12-28T00:26:45.190-0500][gc,start       ] GC(23188) Pause Full (System.gc())
[2020-12-28T00:26:45.190-0500][gc,heap        ] GC(23188) Heap before GC invocations=23188 (full 5278): garbage-first heap   total 64512K, used 45420K [0x0000000083000000, 0x0000000100000000)
[2020-12-28T00:26:45.190-0500][gc,heap        ] GC(23188)   region size 1024K, 4 young (4096K), 1 survivors (1024K)
[2020-12-28T00:26:45.190-0500][gc,heap        ] GC(23188)  Metaspace       used 50293K, capacity 52461K, committed 53888K, reserved 1093632K
[2020-12-28T00:26:45.190-0500][gc,heap        ] GC(23188)   class space    used 7457K, capacity 8250K, committed 8832K, reserved 1048576K
[2020-12-28T00:26:45.190-0500][gc,phases,start] GC(23188) Phase 1: Mark live objects
[2020-12-28T00:26:45.230-0500][gc,stringtable ] GC(23188) Cleaned string and symbol table, strings: 33311 processed, 4 removed, symbols: 120973 processed, 0 removed
[2020-12-28T00:26:45.230-0500][gc,phases      ] GC(23188) Phase 1: Mark live objects 39.319ms
[2020-12-28T00:26:45.230-0500][gc,phases,start] GC(23188) Phase 2: Prepare for compaction
[2020-12-28T00:26:45.233-0500][gc,phases      ] GC(23188) Phase 2: Prepare for compaction 3.616ms
[2020-12-28T00:26:45.233-0500][gc,phases,start] GC(23188) Phase 3: Adjust pointers
[2020-12-28T00:26:45.243-0500][gc,phases      ] GC(23188) Phase 3: Adjust pointers 9.367ms
[2020-12-28T00:26:45.243-0500][gc,phases,start] GC(23188) Phase 4: Compact heap
[2020-12-28T00:26:45.245-0500][gc,phases      ] GC(23188) Phase 4: Compact heap 2.647ms
[2020-12-28T00:26:45.249-0500][gc,heap        ] GC(23188) Eden regions: 3->0(9)
[2020-12-28T00:26:45.249-0500][gc,heap        ] GC(23188) Survivor regions: 1->0(2)
[2020-12-28T00:26:45.249-0500][gc,heap        ] GC(23188) Old regions: 42->42
[2020-12-28T00:26:45.250-0500][gc,heap        ] GC(23188) Humongous regions: 4->4
[2020-12-28T00:26:45.250-0500][gc,metaspace   ] GC(23188) Metaspace: 50293K->50293K(1093632K)
[2020-12-28T00:26:45.250-0500][gc,heap        ] GC(23188) Heap after GC invocations=23189 (full 5279): garbage-first heap   total 64512K, used 43324K [0x0000000083000000, 0x0000000100000000)
[2020-12-28T00:26:45.250-0500][gc,heap        ] GC(23188)   region size 1024K, 0 young (0K), 0 survivors (0K)
[2020-12-28T00:26:45.250-0500][gc,heap        ] GC(23188)  Metaspace       used 50293K, capacity 52461K, committed 53888K, reserved 1093632K
[2020-12-28T00:26:45.250-0500][gc,heap        ] GC(23188)   class space    used 7457K, capacity 8250K, committed 8832K, reserved 1048576K
[2020-12-28T00:26:45.250-0500][gc             ] GC(23188) Pause Full (System.gc()) 45M->42M(63M) 59.800ms
[2020-12-28T00:26:45.250-0500][gc,cpu         ] GC(23188) User=0.26s Sys=0.00s Real=0.06s
[2020-12-28T00:28:56.024-0500][gc,heap        ] GC(23189) Heap before GC invocations=23189 (full 5279): garbage-first heap   total 64512K, used 51516K [0x0000000083000000, 0x0000000100000000)
[2020-12-28T00:28:56.024-0500][gc,heap        ] GC(23189)   region size 1024K, 9 young (9216K), 0 survivors (0K)
[2020-12-28T00:28:56.024-0500][gc,heap        ] GC(23189)  Metaspace       used 50293K, capacity 52461K, committed 53888K, reserved 1093632K
[2020-12-28T00:28:56.024-0500][gc,heap        ] GC(23189)   class space    used 7457K, capacity 8250K, committed 8832K, reserved 1048576K
[2020-12-28T00:28:56.024-0500][gc,start       ] GC(23189) Pause Young (Normal) (G1 Evacuation Pause)
[2020-12-28T00:28:56.024-0500][gc,task        ] GC(23189) Using 8 workers of 8 for evacuation
[2020-12-28T00:28:56.029-0500][gc,phases      ] GC(23189)   Pre Evacuate Collection Set: 0.0ms
[2020-12-28T00:28:56.029-0500][gc,phases      ] GC(23189)   Evacuate Collection Set: 1.9ms
[2020-12-28T00:28:56.029-0500][gc,phases      ] GC(23189)   Post Evacuate Collection Set: 2.8ms
[2020-12-28T00:28:56.029-0500][gc,phases      ] GC(23189)   Other: 0.7ms
[2020-12-28T00:28:56.029-0500][gc,heap        ] GC(23189) Eden regions: 9->0(8)
[2020-12-28T00:28:56.029-0500][gc,heap        ] GC(23189) Survivor regions: 0->1(2)
[2020-12-28T00:28:56.029-0500][gc,heap        ] GC(23189) Old regions: 42->42
[2020-12-28T00:28:56.029-0500][gc,heap        ] GC(23189) Humongous regions: 4->4
[2020-12-28T00:28:56.029-0500][gc,metaspace   ] GC(23189) Metaspace: 50293K->50293K(1093632K)
[2020-12-28T00:28:56.029-0500][gc,heap        ] GC(23189) Heap after GC invocations=23190 (full 5279): garbage-first heap   total 64512K, used 43378K [0x0000000083000000, 0x0000000100000000)
[2020-12-28T00:28:56.029-0500][gc,heap        ] GC(23189)   region size 1024K, 1 young (1024K), 1 survivors (1024K)
[2020-12-28T00:28:56.030-0500][gc,heap        ] GC(23189)  Metaspace       used 50293K, capacity 52461K, committed 53888K, reserved 1093632K
[2020-12-28T00:28:56.030-0500][gc,heap        ] GC(23189)   class space    used 7457K, capacity 8250K, committed 8832K, reserved 1048576K
[2020-12-28T00:28:56.030-0500][gc             ] GC(23189) Pause Young (Normal) (G1 Evacuation Pause) 51M->42M(63M) 5.502ms
[2020-12-28T00:28:56.030-0500][gc,cpu         ] GC(23189) User=0.02s Sys=0.00s Real=0.01s
[2020-12-28T00:30:56.020-0500][gc,heap        ] GC(23190) Heap before GC invocations=23190 (full 5279): garbage-first heap   total 64512K, used 50546K [0x0000000083000000, 0x0000000100000000)
[2020-12-28T00:30:56.020-0500][gc,heap        ] GC(23190)   region size 1024K, 9 young (9216K), 1 survivors (1024K)
[2020-12-28T00:30:56.020-0500][gc,heap        ] GC(23190)  Metaspace       used 50293K, capacity 52461K, committed 53888K, reserved 1093632K
[2020-12-28T00:30:56.021-0500][gc,heap        ] GC(23190)   class space    used 7457K, capacity 8250K, committed 8832K, reserved 1048576K
[2020-12-28T00:30:56.021-0500][gc,start       ] GC(23190) Pause Young (Normal) (G1 Evacuation Pause)
[2020-12-28T00:30:56.021-0500][gc,task        ] GC(23190) Using 8 workers of 8 for evacuation
[2020-12-28T00:30:56.030-0500][gc,phases      ] GC(23190)   Pre Evacuate Collection Set: 0.0ms
[2020-12-28T00:30:56.030-0500][gc,phases      ] GC(23190)   Evacuate Collection Set: 6.2ms
[2020-12-28T00:30:56.030-0500][gc,phases      ] GC(23190)   Post Evacuate Collection Set: 2.4ms
[2020-12-28T00:30:56.030-0500][gc,phases      ] GC(23190)   Other: 0.8ms
[2020-12-28T00:30:56.030-0500][gc,heap        ] GC(23190) Eden regions: 8->0(8)
[2020-12-28T00:30:56.030-0500][gc,heap        ] GC(23190) Survivor regions: 1->1(2)
[2020-12-28T00:30:56.030-0500][gc,heap        ] GC(23190) Old regions: 42->42
[2020-12-28T00:30:56.030-0500][gc,heap        ] GC(23190) Humongous regions: 4->4
[2020-12-28T00:30:56.030-0500][gc,metaspace   ] GC(23190) Metaspace: 50293K->50293K(1093632K)
[2020-12-28T00:30:56.030-0500][gc,heap        ] GC(23190) Heap after GC invocations=23191 (full 5279): garbage-first heap   total 64512K, used 43379K [0x0000000083000000, 0x0000000100000000)
[2020-12-28T00:30:56.030-0500][gc,heap        ] GC(23190)   region size 1024K, 1 young (1024K), 1 survivors (1024K)
[2020-12-28T00:30:56.030-0500][gc,heap        ] GC(23190)  Metaspace       used 50293K, capacity 52461K, committed 53888K, reserved 1093632K
[2020-12-28T00:30:56.030-0500][gc,heap        ] GC(23190)   class space    used 7457K, capacity 8250K, committed 8832K, reserved 1048576K
[2020-12-28T00:30:56.030-0500][gc             ] GC(23190) Pause Young (Normal) (G1 Evacuation Pause) 50M->42M(63M) 9.311ms
[2020-12-28T00:30:56.030-0500][gc,cpu         ] GC(23190) User=0.05s Sys=0.00s Real=0.01s
[2020-12-28T00:31:45.193-0500][gc,task        ] GC(23191) Using 5 workers of 8 for full compaction
[2020-12-28T00:31:45.193-0500][gc,start       ] GC(23191) Pause Full (System.gc())
[2020-12-28T00:31:45.193-0500][gc,heap        ] GC(23191) Heap before GC invocations=23191 (full 5279): garbage-first heap   total 64512K, used 45427K [0x0000000083000000, 0x0000000100000000)
[2020-12-28T00:31:45.193-0500][gc,heap        ] GC(23191)   region size 1024K, 4 young (4096K), 1 survivors (1024K)
[2020-12-28T00:31:45.193-0500][gc,heap        ] GC(23191)  Metaspace       used 50293K, capacity 52461K, committed 53888K, reserved 1093632K
[2020-12-28T00:31:45.193-0500][gc,heap        ] GC(23191)   class space    used 7457K, capacity 8250K, committed 8832K, reserved 1048576K
[2020-12-28T00:31:45.194-0500][gc,phases,start] GC(23191) Phase 1: Mark live objects
[2020-12-28T00:31:45.234-0500][gc,stringtable ] GC(23191) Cleaned string and symbol table, strings: 33311 processed, 4 removed, symbols: 120973 processed, 0 removed
[2020-12-28T00:31:45.234-0500][gc,phases      ] GC(23191) Phase 1: Mark live objects 40.054ms
[2020-12-28T00:31:45.234-0500][gc,phases,start] GC(23191) Phase 2: Prepare for compaction
[2020-12-28T00:31:45.238-0500][gc,phases      ] GC(23191) Phase 2: Prepare for compaction 3.624ms
[2020-12-28T00:31:45.238-0500][gc,phases,start] GC(23191) Phase 3: Adjust pointers
[2020-12-28T00:31:45.247-0500][gc,phases      ] GC(23191) Phase 3: Adjust pointers 8.989ms
[2020-12-28T00:31:45.247-0500][gc,phases,start] GC(23191) Phase 4: Compact heap
[2020-12-28T00:31:45.250-0500][gc,phases      ] GC(23191) Phase 4: Compact heap 2.989ms
[2020-12-28T00:31:45.254-0500][gc,heap        ] GC(23191) Eden regions: 3->0(9)
[2020-12-28T00:31:45.254-0500][gc,heap        ] GC(23191) Survivor regions: 1->0(2)
[2020-12-28T00:31:45.254-0500][gc,heap        ] GC(23191) Old regions: 42->42
[2020-12-28T00:31:45.254-0500][gc,heap        ] GC(23191) Humongous regions: 4->4
[2020-12-28T00:31:45.254-0500][gc,metaspace   ] GC(23191) Metaspace: 50293K->50293K(1093632K)
[2020-12-28T00:31:45.254-0500][gc,heap        ] GC(23191) Heap after GC invocations=23192 (full 5280): garbage-first heap   total 64512K, used 43329K [0x0000000083000000, 0x0000000100000000)
[2020-12-28T00:31:45.254-0500][gc,heap        ] GC(23191)   region size 1024K, 0 young (0K), 0 survivors (0K)
[2020-12-28T00:31:45.254-0500][gc,heap        ] GC(23191)  Metaspace       used 50293K, capacity 52461K, committed 53888K, reserved 1093632K
[2020-12-28T00:31:45.254-0500][gc,heap        ] GC(23191)   class space    used 7457K, capacity 8250K, committed 8832K, reserved 1048576K
[2020-12-28T00:31:45.254-0500][gc             ] GC(23191) Pause Full (System.gc()) 45M->42M(63M) 61.405ms
[2020-12-28T00:31:45.254-0500][gc,cpu         ] GC(23191) User=0.27s Sys=0.00s Real=0.06s
[2020-12-28T00:33:56.019-0500][gc,heap        ] GC(23192) Heap before GC invocations=23192 (full 5280): garbage-first heap   total 64512K, used 51521K [0x0000000083000000, 0x0000000100000000)
[2020-12-28T00:33:56.019-0500][gc,heap        ] GC(23192)   region size 1024K, 9 young (9216K), 0 survivors (0K)
[2020-12-28T00:33:56.019-0500][gc,heap        ] GC(23192)  Metaspace       used 50293K, capacity 52461K, committed 53888K, reserved 1093632K
[2020-12-28T00:33:56.019-0500][gc,heap        ] GC(23192)   class space    used 7457K, capacity 8250K, committed 8832K, reserved 1048576K
[2020-12-28T00:33:56.019-0500][gc,start       ] GC(23192) Pause Young (Normal) (G1 Evacuation Pause)
[2020-12-28T00:33:56.019-0500][gc,task        ] GC(23192) Using 8 workers of 8 for evacuation
[2020-12-28T00:33:56.030-0500][gc,phases      ] GC(23192)   Pre Evacuate Collection Set: 0.0ms
[2020-12-28T00:33:56.030-0500][gc,phases      ] GC(23192)   Evacuate Collection Set: 8.7ms
[2020-12-28T00:33:56.030-0500][gc,phases      ] GC(23192)   Post Evacuate Collection Set: 2.1ms
[2020-12-28T00:33:56.030-0500][gc,phases      ] GC(23192)   Other: 0.5ms
[2020-12-28T00:33:56.031-0500][gc,heap        ] GC(23192) Eden regions: 9->0(8)
[2020-12-28T00:33:56.031-0500][gc,heap        ] GC(23192) Survivor regions: 0->1(2)
[2020-12-28T00:33:56.031-0500][gc,heap        ] GC(23192) Old regions: 42->42
[2020-12-28T00:33:56.031-0500][gc,heap        ] GC(23192) Humongous regions: 4->4
[2020-12-28T00:33:56.031-0500][gc,metaspace   ] GC(23192) Metaspace: 50293K->50293K(1093632K)
[2020-12-28T00:33:56.031-0500][gc,heap        ] GC(23192) Heap after GC invocations=23193 (full 5280): garbage-first heap   total 64512K, used 43409K [0x0000000083000000, 0x0000000100000000)
[2020-12-28T00:33:56.031-0500][gc,heap        ] GC(23192)   region size 1024K, 1 young (1024K), 1 survivors (1024K)
[2020-12-28T00:33:56.031-0500][gc,heap        ] GC(23192)  Metaspace       used 50293K, capacity 52461K, committed 53888K, reserved 1093632K
[2020-12-28T00:33:56.031-0500][gc,heap        ] GC(23192)   class space    used 7457K, capacity 8250K, committed 8832K, reserved 1048576K
[2020-12-28T00:33:56.031-0500][gc             ] GC(23192) Pause Young (Normal) (G1 Evacuation Pause) 51M->42M(63M) 11.514ms
[2020-12-28T00:33:56.031-0500][gc,cpu         ] GC(23192) User=0.05s Sys=0.00s Real=0.01s
[2020-12-28T00:35:56.013-0500][gc,heap        ] GC(23193) Heap before GC invocations=23193 (full 5280): garbage-first heap   total 64512K, used 51601K [0x0000000083000000, 0x0000000100000000)
[2020-12-28T00:35:56.013-0500][gc,heap        ] GC(23193)   region size 1024K, 9 young (9216K), 1 survivors (1024K)
[2020-12-28T00:35:56.013-0500][gc,heap        ] GC(23193)  Metaspace       used 50293K, capacity 52461K, committed 53888K, reserved 1093632K
[2020-12-28T00:35:56.013-0500][gc,heap        ] GC(23193)   class space    used 7457K, capacity 8250K, committed 8832K, reserved 1048576K
[2020-12-28T00:35:56.013-0500][gc,start       ] GC(23193) Pause Young (Normal) (G1 Evacuation Pause)
[2020-12-28T00:35:56.013-0500][gc,task        ] GC(23193) Using 8 workers of 8 for evacuation
[2020-12-28T00:35:56.015-0500][gc,phases      ] GC(23193)   Pre Evacuate Collection Set: 0.0ms
[2020-12-28T00:35:56.015-0500][gc,phases      ] GC(23193)   Evacuate Collection Set: 0.9ms
[2020-12-28T00:35:56.015-0500][gc,phases      ] GC(23193)   Post Evacuate Collection Set: 0.7ms
[2020-12-28T00:35:56.015-0500][gc,phases      ] GC(23193)   Other: 0.2ms
[2020-12-28T00:35:56.015-0500][gc,heap        ] GC(23193) Eden regions: 8->0(8)
[2020-12-28T00:35:56.015-0500][gc,heap        ] GC(23193) Survivor regions: 1->1(2)
[2020-12-28T00:35:56.015-0500][gc,heap        ] GC(23193) Old regions: 42->42
[2020-12-28T00:35:56.015-0500][gc,heap        ] GC(23193) Humongous regions: 4->4
[2020-12-28T00:35:56.015-0500][gc,metaspace   ] GC(23193) Metaspace: 50293K->50293K(1093632K)
[2020-12-28T00:35:56.015-0500][gc,heap        ] GC(23193) Heap after GC invocations=23194 (full 5280): garbage-first heap   total 64512K, used 43381K [0x0000000083000000, 0x0000000100000000)
[2020-12-28T00:35:56.015-0500][gc,heap        ] GC(23193)   region size 1024K, 1 young (1024K), 1 survivors (1024K)
[2020-12-28T00:35:56.015-0500][gc,heap        ] GC(23193)  Metaspace       used 50293K, capacity 52461K, committed 53888K, reserved 1093632K
[2020-12-28T00:35:56.015-0500][gc,heap        ] GC(23193)   class space    used 7457K, capacity 8250K, committed 8832K, reserved 1048576K
[2020-12-28T00:35:56.015-0500][gc             ] GC(23193) Pause Young (Normal) (G1 Evacuation Pause) 50M->42M(63M) 1.781ms
[2020-12-28T00:35:56.015-0500][gc,cpu         ] GC(23193) User=0.01s Sys=0.00s Real=0.00s
[2020-12-28T00:36:45.190-0500][gc,task        ] GC(23194) Using 5 workers of 8 for full compaction
[2020-12-28T00:36:45.190-0500][gc,start       ] GC(23194) Pause Full (System.gc())
[2020-12-28T00:36:45.190-0500][gc,heap        ] GC(23194) Heap before GC invocations=23194 (full 5280): garbage-first heap   total 64512K, used 45429K [0x0000000083000000, 0x0000000100000000)
[2020-12-28T00:36:45.190-0500][gc,heap        ] GC(23194)   region size 1024K, 5 young (5120K), 1 survivors (1024K)
[2020-12-28T00:36:45.190-0500][gc,heap        ] GC(23194)  Metaspace       used 50293K, capacity 52461K, committed 53888K, reserved 1093632K
[2020-12-28T00:36:45.190-0500][gc,heap        ] GC(23194)   class space    used 7457K, capacity 8250K, committed 8832K, reserved 1048576K
[2020-12-28T00:36:45.191-0500][gc,phases,start] GC(23194) Phase 1: Mark live objects
[2020-12-28T00:36:45.227-0500][gc,stringtable ] GC(23194) Cleaned string and symbol table, strings: 33311 processed, 4 removed, symbols: 120973 processed, 0 removed
[2020-12-28T00:36:45.227-0500][gc,phases      ] GC(23194) Phase 1: Mark live objects 36.453ms
[2020-12-28T00:36:45.227-0500][gc,phases,start] GC(23194) Phase 2: Prepare for compaction
[2020-12-28T00:36:45.230-0500][gc,phases      ] GC(23194) Phase 2: Prepare for compaction 3.148ms
[2020-12-28T00:36:45.230-0500][gc,phases,start] GC(23194) Phase 3: Adjust pointers
[2020-12-28T00:36:45.239-0500][gc,phases      ] GC(23194) Phase 3: Adjust pointers 9.024ms
[2020-12-28T00:36:45.239-0500][gc,phases,start] GC(23194) Phase 4: Compact heap
[2020-12-28T00:36:45.242-0500][gc,phases      ] GC(23194) Phase 4: Compact heap 3.021ms
[2020-12-28T00:36:45.247-0500][gc,heap        ] GC(23194) Eden regions: 4->0(10)
[2020-12-28T00:36:45.247-0500][gc,heap        ] GC(23194) Survivor regions: 1->0(2)
[2020-12-28T00:36:45.247-0500][gc,heap        ] GC(23194) Old regions: 42->41
[2020-12-28T00:36:45.247-0500][gc,heap        ] GC(23194) Humongous regions: 4->4
[2020-12-28T00:36:45.247-0500][gc,metaspace   ] GC(23194) Metaspace: 50293K->50293K(1093632K)
[2020-12-28T00:36:45.247-0500][gc,heap        ] GC(23194) Heap after GC invocations=23195 (full 5281): garbage-first heap   total 64512K, used 43334K [0x0000000083000000, 0x0000000100000000)
[2020-12-28T00:36:45.247-0500][gc,heap        ] GC(23194)   region size 1024K, 0 young (0K), 0 survivors (0K)
[2020-12-28T00:36:45.247-0500][gc,heap        ] GC(23194)  Metaspace       used 50293K, capacity 52461K, committed 53888K, reserved 1093632K
[2020-12-28T00:36:45.247-0500][gc,heap        ] GC(23194)   class space    used 7457K, capacity 8250K, committed 8832K, reserved 1048576K
[2020-12-28T00:36:45.247-0500][gc             ] GC(23194) Pause Full (System.gc()) 45M->42M(63M) 56.865ms
[2020-12-28T00:36:45.247-0500][gc,cpu         ] GC(23194) User=0.24s Sys=0.00s Real=0.05s
[2020-12-28T00:39:05.687-0500][gc,heap        ] GC(23195) Heap before GC invocations=23195 (full 5281): garbage-first heap   total 64512K, used 52550K [0x0000000083000000, 0x0000000100000000)
[2020-12-28T00:39:05.687-0500][gc,heap        ] GC(23195)   region size 1024K, 10 young (10240K), 0 survivors (0K)
[2020-12-28T00:39:05.687-0500][gc,heap        ] GC(23195)  Metaspace       used 50293K, capacity 52461K, committed 53888K, reserved 1093632K
[2020-12-28T00:39:05.687-0500][gc,heap        ] GC(23195)   class space    used 7457K, capacity 8250K, committed 8832K, reserved 1048576K
[2020-12-28T00:39:05.687-0500][gc,start       ] GC(23195) Pause Young (Normal) (G1 Evacuation Pause)
[2020-12-28T00:39:05.687-0500][gc,task        ] GC(23195) Using 8 workers of 8 for evacuation
[2020-12-28T00:39:05.713-0500][gc,phases      ] GC(23195)   Pre Evacuate Collection Set: 0.0ms
[2020-12-28T00:39:05.713-0500][gc,phases      ] GC(23195)   Evacuate Collection Set: 24.3ms
[2020-12-28T00:39:05.713-0500][gc,phases      ] GC(23195)   Post Evacuate Collection Set: 1.5ms
[2020-12-28T00:39:05.713-0500][gc,phases      ] GC(23195)   Other: 0.5ms
[2020-12-28T00:39:05.713-0500][gc,heap        ] GC(23195) Eden regions: 10->0(9)
[2020-12-28T00:39:05.713-0500][gc,heap        ] GC(23195) Survivor regions: 0->1(2)
[2020-12-28T00:39:05.713-0500][gc,heap        ] GC(23195) Old regions: 41->41
[2020-12-28T00:39:05.713-0500][gc,heap        ] GC(23195) Humongous regions: 4->4
[2020-12-28T00:39:05.713-0500][gc,metaspace   ] GC(23195) Metaspace: 50293K->50293K(1093632K)
[2020-12-28T00:39:05.713-0500][gc,heap        ] GC(23195) Heap after GC invocations=23196 (full 5281): garbage-first heap   total 64512K, used 43403K [0x0000000083000000, 0x0000000100000000)
[2020-12-28T00:39:05.713-0500][gc,heap        ] GC(23195)   region size 1024K, 1 young (1024K), 1 survivors (1024K)
[2020-12-28T00:39:05.713-0500][gc,heap        ] GC(23195)  Metaspace       used 50293K, capacity 52461K, committed 53888K, reserved 1093632K
[2020-12-28T00:39:05.713-0500][gc,heap        ] GC(23195)   class space    used 7457K, capacity 8250K, committed 8832K, reserved 1048576K
[2020-12-28T00:39:05.713-0500][gc             ] GC(23195) Pause Young (Normal) (G1 Evacuation Pause) 52M->42M(63M) 26.109ms
[2020-12-28T00:39:05.713-0500][gc,cpu         ] GC(23195) User=0.19s Sys=0.00s Real=0.03s
[2020-12-28T00:41:16.018-0500][gc,heap        ] GC(23196) Heap before GC invocations=23196 (full 5281): garbage-first heap   total 64512K, used 51595K [0x0000000083000000, 0x0000000100000000)
[2020-12-28T00:41:16.018-0500][gc,heap        ] GC(23196)   region size 1024K, 10 young (10240K), 1 survivors (1024K)
[2020-12-28T00:41:16.018-0500][gc,heap        ] GC(23196)  Metaspace       used 50293K, capacity 52461K, committed 53888K, reserved 1093632K
[2020-12-28T00:41:16.018-0500][gc,heap        ] GC(23196)   class space    used 7457K, capacity 8250K, committed 8832K, reserved 1048576K
[2020-12-28T00:41:16.018-0500][gc,start       ] GC(23196) Pause Young (Normal) (G1 Evacuation Pause)
[2020-12-28T00:41:16.018-0500][gc,task        ] GC(23196) Using 8 workers of 8 for evacuation
[2020-12-28T00:41:16.033-0500][gc,phases      ] GC(23196)   Pre Evacuate Collection Set: 0.0ms
[2020-12-28T00:41:16.034-0500][gc,phases      ] GC(23196)   Evacuate Collection Set: 7.1ms
[2020-12-28T00:41:16.034-0500][gc,phases      ] GC(23196)   Post Evacuate Collection Set: 8.3ms
[2020-12-28T00:41:16.034-0500][gc,phases      ] GC(23196)   Other: 0.5ms
[2020-12-28T00:41:16.034-0500][gc,heap        ] GC(23196) Eden regions: 9->0(9)
[2020-12-28T00:41:16.034-0500][gc,heap        ] GC(23196) Survivor regions: 1->1(2)
[2020-12-28T00:41:16.034-0500][gc,heap        ] GC(23196) Old regions: 41->41
[2020-12-28T00:41:16.034-0500][gc,heap        ] GC(23196) Humongous regions: 4->4
[2020-12-28T00:41:16.034-0500][gc,metaspace   ] GC(23196) Metaspace: 50293K->50293K(1093632K)
[2020-12-28T00:41:16.034-0500][gc,heap        ] GC(23196) Heap after GC invocations=23197 (full 5281): garbage-first heap   total 64512K, used 43411K [0x0000000083000000, 0x0000000100000000)
[2020-12-28T00:41:16.034-0500][gc,heap        ] GC(23196)   region size 1024K, 1 young (1024K), 1 survivors (1024K)
[2020-12-28T00:41:16.034-0500][gc,heap        ] GC(23196)  Metaspace       used 50293K, capacity 52461K, committed 53888K, reserved 1093632K
[2020-12-28T00:41:16.034-0500][gc,heap        ] GC(23196)   class space    used 7457K, capacity 8250K, committed 8832K, reserved 1048576K
[2020-12-28T00:41:16.034-0500][gc             ] GC(23196) Pause Young (Normal) (G1 Evacuation Pause) 51M->42M(63M) 16.438ms
[2020-12-28T00:41:16.035-0500][gc,cpu         ] GC(23196) User=0.09s Sys=0.01s Real=0.01s
[2020-12-28T00:41:45.190-0500][gc,task        ] GC(23197) Using 5 workers of 8 for full compaction
[2020-12-28T00:41:45.190-0500][gc,start       ] GC(23197) Pause Full (System.gc())
[2020-12-28T00:41:45.190-0500][gc,heap        ] GC(23197) Heap before GC invocations=23197 (full 5281): garbage-first heap   total 64512K, used 44435K [0x0000000083000000, 0x0000000100000000)
[2020-12-28T00:41:45.190-0500][gc,heap        ] GC(23197)   region size 1024K, 3 young (3072K), 1 survivors (1024K)
[2020-12-28T00:41:45.190-0500][gc,heap        ] GC(23197)  Metaspace       used 50293K, capacity 52461K, committed 53888K, reserved 1093632K
[2020-12-28T00:41:45.190-0500][gc,heap        ] GC(23197)   class space    used 7457K, capacity 8250K, committed 8832K, reserved 1048576K
[2020-12-28T00:41:45.190-0500][gc,phases,start] GC(23197) Phase 1: Mark live objects
[2020-12-28T00:41:45.216-0500][gc,stringtable ] GC(23197) Cleaned string and symbol table, strings: 33311 processed, 4 removed, symbols: 120973 processed, 0 removed
[2020-12-28T00:41:45.216-0500][gc,phases      ] GC(23197) Phase 1: Mark live objects 25.696ms
[2020-12-28T00:41:45.216-0500][gc,phases,start] GC(23197) Phase 2: Prepare for compaction
[2020-12-28T00:41:45.220-0500][gc,phases      ] GC(23197) Phase 2: Prepare for compaction 4.125ms
[2020-12-28T00:41:45.220-0500][gc,phases,start] GC(23197) Phase 3: Adjust pointers
[2020-12-28T00:41:45.233-0500][gc,phases      ] GC(23197) Phase 3: Adjust pointers 12.481ms
[2020-12-28T00:41:45.233-0500][gc,phases,start] GC(23197) Phase 4: Compact heap
[2020-12-28T00:41:45.235-0500][gc,phases      ] GC(23197) Phase 4: Compact heap 2.717ms
[2020-12-28T00:41:45.239-0500][gc,heap        ] GC(23197) Eden regions: 2->0(10)
[2020-12-28T00:41:45.239-0500][gc,heap        ] GC(23197) Survivor regions: 1->0(2)
[2020-12-28T00:41:45.239-0500][gc,heap        ] GC(23197) Old regions: 41->41
[2020-12-28T00:41:45.240-0500][gc,heap        ] GC(23197) Humongous regions: 4->4
[2020-12-28T00:41:45.240-0500][gc,metaspace   ] GC(23197) Metaspace: 50293K->50293K(1093632K)
[2020-12-28T00:41:45.240-0500][gc,heap        ] GC(23197) Heap after GC invocations=23198 (full 5282): garbage-first heap   total 64512K, used 43313K [0x0000000083000000, 0x0000000100000000)
[2020-12-28T00:41:45.240-0500][gc,heap        ] GC(23197)   region size 1024K, 0 young (0K), 0 survivors (0K)
[2020-12-28T00:41:45.240-0500][gc,heap        ] GC(23197)  Metaspace       used 50293K, capacity 52461K, committed 53888K, reserved 1093632K
[2020-12-28T00:41:45.240-0500][gc,heap        ] GC(23197)   class space    used 7457K, capacity 8250K, committed 8832K, reserved 1048576K
[2020-12-28T00:41:45.240-0500][gc             ] GC(23197) Pause Full (System.gc()) 43M->42M(63M) 49.608ms
[2020-12-28T00:41:45.240-0500][gc,cpu         ] GC(23197) User=0.22s Sys=0.00s Real=0.05s
[2020-12-28T00:44:16.012-0500][gc,heap        ] GC(23198) Heap before GC invocations=23198 (full 5282): garbage-first heap   total 64512K, used 52529K [0x0000000083000000, 0x0000000100000000)
[2020-12-28T00:44:16.013-0500][gc,heap        ] GC(23198)   region size 1024K, 10 young (10240K), 0 survivors (0K)
[2020-12-28T00:44:16.013-0500][gc,heap        ] GC(23198)  Metaspace       used 50293K, capacity 52461K, committed 53888K, reserved 1093632K
[2020-12-28T00:44:16.013-0500][gc,heap        ] GC(23198)   class space    used 7457K, capacity 8250K, committed 8832K, reserved 1048576K
[2020-12-28T00:44:16.013-0500][gc,start       ] GC(23198) Pause Young (Normal) (G1 Evacuation Pause)
[2020-12-28T00:44:16.013-0500][gc,task        ] GC(23198) Using 8 workers of 8 for evacuation
[2020-12-28T00:44:16.020-0500][gc,phases      ] GC(23198)   Pre Evacuate Collection Set: 0.0ms
[2020-12-28T00:44:16.020-0500][gc,phases      ] GC(23198)   Evacuate Collection Set: 1.9ms
[2020-12-28T00:44:16.020-0500][gc,phases      ] GC(23198)   Post Evacuate Collection Set: 4.6ms
[2020-12-28T00:44:16.020-0500][gc,phases      ] GC(23198)   Other: 0.5ms
[2020-12-28T00:44:16.020-0500][gc,heap        ] GC(23198) Eden regions: 10->0(9)
[2020-12-28T00:44:16.020-0500][gc,heap        ] GC(23198) Survivor regions: 0->1(2)
[2020-12-28T00:44:16.020-0500][gc,heap        ] GC(23198) Old regions: 41->41
[2020-12-28T00:44:16.020-0500][gc,heap        ] GC(23198) Humongous regions: 4->4
[2020-12-28T00:44:16.020-0500][gc,metaspace   ] GC(23198) Metaspace: 50293K->50293K(1093632K)
[2020-12-28T00:44:16.020-0500][gc,heap        ] GC(23198) Heap after GC invocations=23199 (full 5282): garbage-first heap   total 64512K, used 43380K [0x0000000083000000, 0x0000000100000000)
[2020-12-28T00:44:16.020-0500][gc,heap        ] GC(23198)   region size 1024K, 1 young (1024K), 1 survivors (1024K)
[2020-12-28T00:44:16.020-0500][gc,heap        ] GC(23198)  Metaspace       used 50293K, capacity 52461K, committed 53888K, reserved 1093632K
[2020-12-28T00:44:16.020-0500][gc,heap        ] GC(23198)   class space    used 7457K, capacity 8250K, committed 8832K, reserved 1048576K
[2020-12-28T00:44:16.020-0500][gc             ] GC(23198) Pause Young (Normal) (G1 Evacuation Pause) 52M->42M(63M) 7.189ms
[2020-12-28T00:44:16.020-0500][gc,cpu         ] GC(23198) User=0.02s Sys=0.00s Real=0.01s
[2020-12-28T00:46:36.011-0500][gc,heap        ] GC(23199) Heap before GC invocations=23199 (full 5282): garbage-first heap   total 64512K, used 51572K [0x0000000083000000, 0x0000000100000000)
[2020-12-28T00:46:36.011-0500][gc,heap        ] GC(23199)   region size 1024K, 10 young (10240K), 1 survivors (1024K)
[2020-12-28T00:46:36.011-0500][gc,heap        ] GC(23199)  Metaspace       used 50293K, capacity 52461K, committed 53888K, reserved 1093632K
[2020-12-28T00:46:36.011-0500][gc,heap        ] GC(23199)   class space    used 7457K, capacity 8250K, committed 8832K, reserved 1048576K
[2020-12-28T00:46:36.011-0500][gc,start       ] GC(23199) Pause Young (Normal) (G1 Evacuation Pause)
[2020-12-28T00:46:36.011-0500][gc,task        ] GC(23199) Using 8 workers of 8 for evacuation
[2020-12-28T00:46:36.017-0500][gc,phases      ] GC(23199)   Pre Evacuate Collection Set: 0.0ms
[2020-12-28T00:46:36.017-0500][gc,phases      ] GC(23199)   Evacuate Collection Set: 1.5ms
[2020-12-28T00:46:36.017-0500][gc,phases      ] GC(23199)   Post Evacuate Collection Set: 3.9ms
[2020-12-28T00:46:36.017-0500][gc,phases      ] GC(23199)   Other: 0.5ms
[2020-12-28T00:46:36.017-0500][gc,heap        ] GC(23199) Eden regions: 9->0(9)
[2020-12-28T00:46:36.017-0500][gc,heap        ] GC(23199) Survivor regions: 1->1(2)
[2020-12-28T00:46:36.017-0500][gc,heap        ] GC(23199) Old regions: 41->41
[2020-12-28T00:46:36.017-0500][gc,heap        ] GC(23199) Humongous regions: 4->4
[2020-12-28T00:46:36.017-0500][gc,metaspace   ] GC(23199) Metaspace: 50293K->50293K(1093632K)
[2020-12-28T00:46:36.017-0500][gc,heap        ] GC(23199) Heap after GC invocations=23200 (full 5282): garbage-first heap   total 64512K, used 43373K [0x0000000083000000, 0x0000000100000000)
[2020-12-28T00:46:36.017-0500][gc,heap        ] GC(23199)   region size 1024K, 1 young (1024K), 1 survivors (1024K)
[2020-12-28T00:46:36.017-0500][gc,heap        ] GC(23199)  Metaspace       used 50293K, capacity 52461K, committed 53888K, reserved 1093632K
[2020-12-28T00:46:36.017-0500][gc,heap        ] GC(23199)   class space    used 7457K, capacity 8250K, committed 8832K, reserved 1048576K
[2020-12-28T00:46:36.017-0500][gc             ] GC(23199) Pause Young (Normal) (G1 Evacuation Pause) 51M->42M(63M) 6.197ms
[2020-12-28T00:46:36.017-0500][gc,cpu         ] GC(23199) User=0.01s Sys=0.00s Real=0.00s
[2020-12-28T00:46:45.190-0500][gc,task        ] GC(23200) Using 5 workers of 8 for full compaction
[2020-12-28T00:46:45.190-0500][gc,start       ] GC(23200) Pause Full (System.gc())
[2020-12-28T00:46:45.190-0500][gc,heap        ] GC(23200) Heap before GC invocations=23200 (full 5282): garbage-first heap   total 64512K, used 43373K [0x0000000083000000, 0x0000000100000000)
[2020-12-28T00:46:45.190-0500][gc,heap        ] GC(23200)   region size 1024K, 2 young (2048K), 1 survivors (1024K)
[2020-12-28T00:46:45.190-0500][gc,heap        ] GC(23200)  Metaspace       used 50293K, capacity 52461K, committed 53888K, reserved 1093632K
[2020-12-28T00:46:45.190-0500][gc,heap        ] GC(23200)   class space    used 7457K, capacity 8250K, committed 8832K, reserved 1048576K
[2020-12-28T00:46:45.191-0500][gc,phases,start] GC(23200) Phase 1: Mark live objects
[2020-12-28T00:46:45.236-0500][gc,stringtable ] GC(23200) Cleaned string and symbol table, strings: 33311 processed, 4 removed, symbols: 120973 processed, 0 removed
[2020-12-28T00:46:45.236-0500][gc,phases      ] GC(23200) Phase 1: Mark live objects 45.736ms
[2020-12-28T00:46:45.236-0500][gc,phases,start] GC(23200) Phase 2: Prepare for compaction
[2020-12-28T00:46:45.240-0500][gc,phases      ] GC(23200) Phase 2: Prepare for compaction 3.647ms
[2020-12-28T00:46:45.240-0500][gc,phases,start] GC(23200) Phase 3: Adjust pointers
[2020-12-28T00:46:45.250-0500][gc,phases      ] GC(23200) Phase 3: Adjust pointers 9.866ms
[2020-12-28T00:46:45.250-0500][gc,phases,start] GC(23200) Phase 4: Compact heap
[2020-12-28T00:46:45.253-0500][gc,phases      ] GC(23200) Phase 4: Compact heap 2.853ms
[2020-12-28T00:46:45.257-0500][gc,heap        ] GC(23200) Eden regions: 1->0(9)
[2020-12-28T00:46:45.257-0500][gc,heap        ] GC(23200) Survivor regions: 1->0(2)
[2020-12-28T00:46:45.257-0500][gc,heap        ] GC(23200) Old regions: 41->42
[2020-12-28T00:46:45.257-0500][gc,heap        ] GC(23200) Humongous regions: 4->4
[2020-12-28T00:46:45.257-0500][gc,metaspace   ] GC(23200) Metaspace: 50293K->50293K(1093632K)
[2020-12-28T00:46:45.257-0500][gc,heap        ] GC(23200) Heap after GC invocations=23201 (full 5283): garbage-first heap   total 64512K, used 43310K [0x0000000083000000, 0x0000000100000000)
[2020-12-28T00:46:45.257-0500][gc,heap        ] GC(23200)   region size 1024K, 0 young (0K), 0 survivors (0K)
[2020-12-28T00:46:45.257-0500][gc,heap        ] GC(23200)  Metaspace       used 50293K, capacity 52461K, committed 53888K, reserved 1093632K
[2020-12-28T00:46:45.257-0500][gc,heap        ] GC(23200)   class space    used 7457K, capacity 8250K, committed 8832K, reserved 1048576K
[2020-12-28T00:46:45.257-0500][gc             ] GC(23200) Pause Full (System.gc()) 43M->42M(63M) 66.921ms
[2020-12-28T00:46:45.257-0500][gc,cpu         ] GC(23200) User=0.30s Sys=0.00s Real=0.06s
[2020-12-28T00:48:56.016-0500][gc,heap        ] GC(23201) Heap before GC invocations=23201 (full 5283): garbage-first heap   total 64512K, used 52526K [0x0000000083000000, 0x0000000100000000)
[2020-12-28T00:48:56.016-0500][gc,heap        ] GC(23201)   region size 1024K, 9 young (9216K), 0 survivors (0K)
[2020-12-28T00:48:56.016-0500][gc,heap        ] GC(23201)  Metaspace       used 50293K, capacity 52461K, committed 53888K, reserved 1093632K
[2020-12-28T00:48:56.016-0500][gc,heap        ] GC(23201)   class space    used 7457K, capacity 8250K, committed 8832K, reserved 1048576K
[2020-12-28T00:48:56.016-0500][gc,start       ] GC(23201) Pause Young (Normal) (G1 Evacuation Pause)
[2020-12-28T00:48:56.016-0500][gc,task        ] GC(23201) Using 8 workers of 8 for evacuation
[2020-12-28T00:48:56.017-0500][gc,phases      ] GC(23201)   Pre Evacuate Collection Set: 0.0ms
[2020-12-28T00:48:56.017-0500][gc,phases      ] GC(23201)   Evacuate Collection Set: 0.5ms
[2020-12-28T00:48:56.017-0500][gc,phases      ] GC(23201)   Post Evacuate Collection Set: 1.0ms
[2020-12-28T00:48:56.017-0500][gc,phases      ] GC(23201)   Other: 0.2ms
[2020-12-28T00:48:56.017-0500][gc,heap        ] GC(23201) Eden regions: 9->0(8)
[2020-12-28T00:48:56.017-0500][gc,heap        ] GC(23201) Survivor regions: 0->1(2)
[2020-12-28T00:48:56.017-0500][gc,heap        ] GC(23201) Old regions: 42->42
[2020-12-28T00:48:56.017-0500][gc,heap        ] GC(23201) Humongous regions: 4->4
[2020-12-28T00:48:56.017-0500][gc,metaspace   ] GC(23201) Metaspace: 50293K->50293K(1093632K)
[2020-12-28T00:48:56.017-0500][gc,heap        ] GC(23201) Heap after GC invocations=23202 (full 5283): garbage-first heap   total 64512K, used 43362K [0x0000000083000000, 0x0000000100000000)
[2020-12-28T00:48:56.017-0500][gc,heap        ] GC(23201)   region size 1024K, 1 young (1024K), 1 survivors (1024K)
[2020-12-28T00:48:56.017-0500][gc,heap        ] GC(23201)  Metaspace       used 50293K, capacity 52461K, committed 53888K, reserved 1093632K
[2020-12-28T00:48:56.017-0500][gc,heap        ] GC(23201)   class space    used 7457K, capacity 8250K, committed 8832K, reserved 1048576K
[2020-12-28T00:48:56.017-0500][gc             ] GC(23201) Pause Young (Normal) (G1 Evacuation Pause) 51M->42M(63M) 1.670ms
[2020-12-28T00:48:56.017-0500][gc,cpu         ] GC(23201) User=0.00s Sys=0.01s Real=0.00s
[2020-12-28T00:50:56.013-0500][gc,heap        ] GC(23202) Heap before GC invocations=23202 (full 5283): garbage-first heap   total 64512K, used 51554K [0x0000000083000000, 0x0000000100000000)
[2020-12-28T00:50:56.014-0500][gc,heap        ] GC(23202)   region size 1024K, 9 young (9216K), 1 survivors (1024K)
[2020-12-28T00:50:56.014-0500][gc,heap        ] GC(23202)  Metaspace       used 50293K, capacity 52461K, committed 53888K, reserved 1093632K
[2020-12-28T00:50:56.014-0500][gc,heap        ] GC(23202)   class space    used 7457K, capacity 8250K, committed 8832K, reserved 1048576K
[2020-12-28T00:50:56.014-0500][gc,start       ] GC(23202) Pause Young (Normal) (G1 Evacuation Pause)
[2020-12-28T00:50:56.014-0500][gc,task        ] GC(23202) Using 8 workers of 8 for evacuation
[2020-12-28T00:50:56.015-0500][gc,phases      ] GC(23202)   Pre Evacuate Collection Set: 0.0ms
[2020-12-28T00:50:56.015-0500][gc,phases      ] GC(23202)   Evacuate Collection Set: 0.6ms
[2020-12-28T00:50:56.015-0500][gc,phases      ] GC(23202)   Post Evacuate Collection Set: 0.7ms
[2020-12-28T00:50:56.015-0500][gc,phases      ] GC(23202)   Other: 0.3ms
[2020-12-28T00:50:56.015-0500][gc,heap        ] GC(23202) Eden regions: 8->0(8)
[2020-12-28T00:50:56.015-0500][gc,heap        ] GC(23202) Survivor regions: 1->1(2)
[2020-12-28T00:50:56.015-0500][gc,heap        ] GC(23202) Old regions: 42->42
[2020-12-28T00:50:56.015-0500][gc,heap        ] GC(23202) Humongous regions: 4->4
[2020-12-28T00:50:56.015-0500][gc,metaspace   ] GC(23202) Metaspace: 50293K->50293K(1093632K)
[2020-12-28T00:50:56.015-0500][gc,heap        ] GC(23202) Heap after GC invocations=23203 (full 5283): garbage-first heap   total 64512K, used 43372K [0x0000000083000000, 0x0000000100000000)
[2020-12-28T00:50:56.015-0500][gc,heap        ] GC(23202)   region size 1024K, 1 young (1024K), 1 survivors (1024K)
[2020-12-28T00:50:56.015-0500][gc,heap        ] GC(23202)  Metaspace       used 50293K, capacity 52461K, committed 53888K, reserved 1093632K
[2020-12-28T00:50:56.015-0500][gc,heap        ] GC(23202)   class space    used 7457K, capacity 8250K, committed 8832K, reserved 1048576K
[2020-12-28T00:50:56.015-0500][gc             ] GC(23202) Pause Young (Normal) (G1 Evacuation Pause) 50M->42M(63M) 1.605ms
[2020-12-28T00:50:56.015-0500][gc,cpu         ] GC(23202) User=0.00s Sys=0.00s Real=0.00s
[2020-12-28T00:51:45.190-0500][gc,task        ] GC(23203) Using 5 workers of 8 for full compaction
[2020-12-28T00:51:45.190-0500][gc,start       ] GC(23203) Pause Full (System.gc())
[2020-12-28T00:51:45.190-0500][gc,heap        ] GC(23203) Heap before GC invocations=23203 (full 5283): garbage-first heap   total 64512K, used 46444K [0x0000000083000000, 0x0000000100000000)
[2020-12-28T00:51:45.190-0500][gc,heap        ] GC(23203)   region size 1024K, 5 young (5120K), 1 survivors (1024K)
[2020-12-28T00:51:45.190-0500][gc,heap        ] GC(23203)  Metaspace       used 50293K, capacity 52461K, committed 53888K, reserved 1093632K
[2020-12-28T00:51:45.190-0500][gc,heap        ] GC(23203)   class space    used 7457K, capacity 8250K, committed 8832K, reserved 1048576K
[2020-12-28T00:51:45.190-0500][gc,phases,start] GC(23203) Phase 1: Mark live objects
[2020-12-28T00:51:45.237-0500][gc,stringtable ] GC(23203) Cleaned string and symbol table, strings: 33311 processed, 4 removed, symbols: 120973 processed, 0 removed
[2020-12-28T00:51:45.238-0500][gc,phases      ] GC(23203) Phase 1: Mark live objects 47.037ms
[2020-12-28T00:51:45.238-0500][gc,phases,start] GC(23203) Phase 2: Prepare for compaction
[2020-12-28T00:51:45.241-0500][gc,phases      ] GC(23203) Phase 2: Prepare for compaction 3.133ms
[2020-12-28T00:51:45.241-0500][gc,phases,start] GC(23203) Phase 3: Adjust pointers
[2020-12-28T00:51:45.250-0500][gc,phases      ] GC(23203) Phase 3: Adjust pointers 9.286ms
[2020-12-28T00:51:45.250-0500][gc,phases,start] GC(23203) Phase 4: Compact heap
[2020-12-28T00:51:45.253-0500][gc,phases      ] GC(23203) Phase 4: Compact heap 2.687ms
[2020-12-28T00:51:45.257-0500][gc,heap        ] GC(23203) Eden regions: 4->0(9)
[2020-12-28T00:51:45.257-0500][gc,heap        ] GC(23203) Survivor regions: 1->0(2)
[2020-12-28T00:51:45.257-0500][gc,heap        ] GC(23203) Old regions: 42->42
[2020-12-28T00:51:45.257-0500][gc,heap        ] GC(23203) Humongous regions: 4->4
[2020-12-28T00:51:45.257-0500][gc,metaspace   ] GC(23203) Metaspace: 50293K->50293K(1093632K)
[2020-12-28T00:51:45.257-0500][gc,heap        ] GC(23203) Heap after GC invocations=23204 (full 5284): garbage-first heap   total 64512K, used 43330K [0x0000000083000000, 0x0000000100000000)
[2020-12-28T00:51:45.257-0500][gc,heap        ] GC(23203)   region size 1024K, 0 young (0K), 0 survivors (0K)
[2020-12-28T00:51:45.257-0500][gc,heap        ] GC(23203)  Metaspace       used 50293K, capacity 52461K, committed 53888K, reserved 1093632K
[2020-12-28T00:51:45.257-0500][gc,heap        ] GC(23203)   class space    used 7457K, capacity 8250K, committed 8832K, reserved 1048576K
[2020-12-28T00:51:45.257-0500][gc             ] GC(23203) Pause Full (System.gc()) 45M->42M(63M) 66.987ms
[2020-12-28T00:51:45.257-0500][gc,cpu         ] GC(23203) User=0.30s Sys=0.00s Real=0.06s
[2020-12-28T00:53:56.014-0500][gc,heap        ] GC(23204) Heap before GC invocations=23204 (full 5284): garbage-first heap   total 64512K, used 51522K [0x0000000083000000, 0x0000000100000000)
[2020-12-28T00:53:56.014-0500][gc,heap        ] GC(23204)   region size 1024K, 9 young (9216K), 0 survivors (0K)
[2020-12-28T00:53:56.014-0500][gc,heap        ] GC(23204)  Metaspace       used 50293K, capacity 52461K, committed 53888K, reserved 1093632K
[2020-12-28T00:53:56.014-0500][gc,heap        ] GC(23204)   class space    used 7457K, capacity 8250K, committed 8832K, reserved 1048576K
[2020-12-28T00:53:56.014-0500][gc,start       ] GC(23204) Pause Young (Normal) (G1 Evacuation Pause)
[2020-12-28T00:53:56.014-0500][gc,task        ] GC(23204) Using 8 workers of 8 for evacuation
[2020-12-28T00:53:56.022-0500][gc,phases      ] GC(23204)   Pre Evacuate Collection Set: 0.0ms
[2020-12-28T00:53:56.022-0500][gc,phases      ] GC(23204)   Evacuate Collection Set: 6.1ms
[2020-12-28T00:53:56.022-0500][gc,phases      ] GC(23204)   Post Evacuate Collection Set: 1.4ms
[2020-12-28T00:53:56.022-0500][gc,phases      ] GC(23204)   Other: 0.3ms
[2020-12-28T00:53:56.022-0500][gc,heap        ] GC(23204) Eden regions: 9->0(8)
[2020-12-28T00:53:56.022-0500][gc,heap        ] GC(23204) Survivor regions: 0->1(2)
[2020-12-28T00:53:56.022-0500][gc,heap        ] GC(23204) Old regions: 42->42
[2020-12-28T00:53:56.022-0500][gc,heap        ] GC(23204) Humongous regions: 4->4
[2020-12-28T00:53:56.022-0500][gc,metaspace   ] GC(23204) Metaspace: 50293K->50293K(1093632K)
[2020-12-28T00:53:56.022-0500][gc,heap        ] GC(23204) Heap after GC invocations=23205 (full 5284): garbage-first heap   total 64512K, used 43403K [0x0000000083000000, 0x0000000100000000)
[2020-12-28T00:53:56.022-0500][gc,heap        ] GC(23204)   region size 1024K, 1 young (1024K), 1 survivors (1024K)
[2020-12-28T00:53:56.022-0500][gc,heap        ] GC(23204)  Metaspace       used 50293K, capacity 52461K, committed 53888K, reserved 1093632K
[2020-12-28T00:53:56.022-0500][gc,heap        ] GC(23204)   class space    used 7457K, capacity 8250K, committed 8832K, reserved 1048576K
[2020-12-28T00:53:56.022-0500][gc             ] GC(23204) Pause Young (Normal) (G1 Evacuation Pause) 51M->42M(63M) 7.846ms
[2020-12-28T00:53:56.022-0500][gc,cpu         ] GC(23204) User=0.04s Sys=0.00s Real=0.01s
[2020-12-28T00:55:56.013-0500][gc,heap        ] GC(23205) Heap before GC invocations=23205 (full 5284): garbage-first heap   total 64512K, used 50571K [0x0000000083000000, 0x0000000100000000)
[2020-12-28T00:55:56.013-0500][gc,heap        ] GC(23205)   region size 1024K, 9 young (9216K), 1 survivors (1024K)
[2020-12-28T00:55:56.013-0500][gc,heap        ] GC(23205)  Metaspace       used 50293K, capacity 52461K, committed 53888K, reserved 1093632K
[2020-12-28T00:55:56.013-0500][gc,heap        ] GC(23205)   class space    used 7457K, capacity 8250K, committed 8832K, reserved 1048576K
[2020-12-28T00:55:56.013-0500][gc,start       ] GC(23205) Pause Young (Normal) (G1 Evacuation Pause)
[2020-12-28T00:55:56.013-0500][gc,task        ] GC(23205) Using 8 workers of 8 for evacuation
[2020-12-28T00:55:56.018-0500][gc,phases      ] GC(23205)   Pre Evacuate Collection Set: 0.0ms
[2020-12-28T00:55:56.018-0500][gc,phases      ] GC(23205)   Evacuate Collection Set: 2.2ms
[2020-12-28T00:55:56.018-0500][gc,phases      ] GC(23205)   Post Evacuate Collection Set: 2.4ms
[2020-12-28T00:55:56.018-0500][gc,phases      ] GC(23205)   Other: 0.5ms
[2020-12-28T00:55:56.018-0500][gc,heap        ] GC(23205) Eden regions: 8->0(8)
[2020-12-28T00:55:56.018-0500][gc,heap        ] GC(23205) Survivor regions: 1->1(2)
[2020-12-28T00:55:56.018-0500][gc,heap        ] GC(23205) Old regions: 42->42
[2020-12-28T00:55:56.018-0500][gc,heap        ] GC(23205) Humongous regions: 4->4
[2020-12-28T00:55:56.018-0500][gc,metaspace   ] GC(23205) Metaspace: 50293K->50293K(1093632K)
[2020-12-28T00:55:56.018-0500][gc,heap        ] GC(23205) Heap after GC invocations=23206 (full 5284): garbage-first heap   total 64512K, used 43418K [0x0000000083000000, 0x0000000100000000)
[2020-12-28T00:55:56.019-0500][gc,heap        ] GC(23205)   region size 1024K, 1 young (1024K), 1 survivors (1024K)
[2020-12-28T00:55:56.019-0500][gc,heap        ] GC(23205)  Metaspace       used 50293K, capacity 52461K, committed 53888K, reserved 1093632K
[2020-12-28T00:55:56.019-0500][gc,heap        ] GC(23205)   class space    used 7457K, capacity 8250K, committed 8832K, reserved 1048576K
[2020-12-28T00:55:56.019-0500][gc             ] GC(23205) Pause Young (Normal) (G1 Evacuation Pause) 50M->42M(63M) 5.303ms
[2020-12-28T00:55:56.019-0500][gc,cpu         ] GC(23205) User=0.01s Sys=0.01s Real=0.01s
[2020-12-28T00:56:45.192-0500][gc,task        ] GC(23206) Using 5 workers of 8 for full compaction
[2020-12-28T00:56:45.192-0500][gc,start       ] GC(23206) Pause Full (System.gc())
[2020-12-28T00:56:45.192-0500][gc,heap        ] GC(23206) Heap before GC invocations=23206 (full 5284): garbage-first heap   total 64512K, used 46490K [0x0000000083000000, 0x0000000100000000)
[2020-12-28T00:56:45.192-0500][gc,heap        ] GC(23206)   region size 1024K, 5 young (5120K), 1 survivors (1024K)
[2020-12-28T00:56:45.192-0500][gc,heap        ] GC(23206)  Metaspace       used 50293K, capacity 52461K, committed 53888K, reserved 1093632K
[2020-12-28T00:56:45.192-0500][gc,heap        ] GC(23206)   class space    used 7457K, capacity 8250K, committed 8832K, reserved 1048576K
[2020-12-28T00:56:45.193-0500][gc,phases,start] GC(23206) Phase 1: Mark live objects
[2020-12-28T00:56:45.238-0500][gc,stringtable ] GC(23206) Cleaned string and symbol table, strings: 33311 processed, 4 removed, symbols: 120973 processed, 0 removed
[2020-12-28T00:56:45.238-0500][gc,phases      ] GC(23206) Phase 1: Mark live objects 44.942ms
[2020-12-28T00:56:45.238-0500][gc,phases,start] GC(23206) Phase 2: Prepare for compaction
[2020-12-28T00:56:45.241-0500][gc,phases      ] GC(23206) Phase 2: Prepare for compaction 3.708ms
[2020-12-28T00:56:45.241-0500][gc,phases,start] GC(23206) Phase 3: Adjust pointers
[2020-12-28T00:56:45.251-0500][gc,phases      ] GC(23206) Phase 3: Adjust pointers 10.006ms
[2020-12-28T00:56:45.252-0500][gc,phases,start] GC(23206) Phase 4: Compact heap
[2020-12-28T00:56:45.254-0500][gc,phases      ] GC(23206) Phase 4: Compact heap 2.858ms
[2020-12-28T00:56:45.258-0500][gc,heap        ] GC(23206) Eden regions: 4->0(10)
[2020-12-28T00:56:45.258-0500][gc,heap        ] GC(23206) Survivor regions: 1->0(2)
[2020-12-28T00:56:45.258-0500][gc,heap        ] GC(23206) Old regions: 42->41
[2020-12-28T00:56:45.258-0500][gc,heap        ] GC(23206) Humongous regions: 4->4
[2020-12-28T00:56:45.258-0500][gc,metaspace   ] GC(23206) Metaspace: 50293K->50293K(1093632K)
[2020-12-28T00:56:45.258-0500][gc,heap        ] GC(23206) Heap after GC invocations=23207 (full 5285): garbage-first heap   total 64512K, used 43329K [0x0000000083000000, 0x0000000100000000)
[2020-12-28T00:56:45.258-0500][gc,heap        ] GC(23206)   region size 1024K, 0 young (0K), 0 survivors (0K)
[2020-12-28T00:56:45.258-0500][gc,heap        ] GC(23206)  Metaspace       used 50293K, capacity 52461K, committed 53888K, reserved 1093632K
[2020-12-28T00:56:45.258-0500][gc,heap        ] GC(23206)   class space    used 7457K, capacity 8250K, committed 8832K, reserved 1048576K
[2020-12-28T00:56:45.258-0500][gc             ] GC(23206) Pause Full (System.gc()) 45M->42M(63M) 66.438ms
[2020-12-28T00:56:45.259-0500][gc,cpu         ] GC(23206) User=0.29s Sys=0.00s Real=0.07s
[2020-12-28T00:59:16.014-0500][gc,heap        ] GC(23207) Heap before GC invocations=23207 (full 5285): garbage-first heap   total 64512K, used 53569K [0x0000000083000000, 0x0000000100000000)
[2020-12-28T00:59:16.014-0500][gc,heap        ] GC(23207)   region size 1024K, 10 young (10240K), 0 survivors (0K)
[2020-12-28T00:59:16.014-0500][gc,heap        ] GC(23207)  Metaspace       used 50293K, capacity 52461K, committed 53888K, reserved 1093632K
[2020-12-28T00:59:16.014-0500][gc,heap        ] GC(23207)   class space    used 7457K, capacity 8250K, committed 8832K, reserved 1048576K
[2020-12-28T00:59:16.014-0500][gc,start       ] GC(23207) Pause Young (Normal) (G1 Evacuation Pause)
[2020-12-28T00:59:16.014-0500][gc,task        ] GC(23207) Using 8 workers of 8 for evacuation
[2020-12-28T00:59:16.019-0500][gc,phases      ] GC(23207)   Pre Evacuate Collection Set: 0.0ms
[2020-12-28T00:59:16.019-0500][gc,phases      ] GC(23207)   Evacuate Collection Set: 2.5ms
[2020-12-28T00:59:16.019-0500][gc,phases      ] GC(23207)   Post Evacuate Collection Set: 2.0ms
[2020-12-28T00:59:16.019-0500][gc,phases      ] GC(23207)   Other: 0.5ms
[2020-12-28T00:59:16.019-0500][gc,heap        ] GC(23207) Eden regions: 10->0(9)
[2020-12-28T00:59:16.019-0500][gc,heap        ] GC(23207) Survivor regions: 0->1(2)
[2020-12-28T00:59:16.019-0500][gc,heap        ] GC(23207) Old regions: 41->41
[2020-12-28T00:59:16.019-0500][gc,heap        ] GC(23207) Humongous regions: 4->4
[2020-12-28T00:59:16.019-0500][gc,metaspace   ] GC(23207) Metaspace: 50293K->50293K(1093632K)
[2020-12-28T00:59:16.019-0500][gc,heap        ] GC(23207) Heap after GC invocations=23208 (full 5285): garbage-first heap   total 64512K, used 43418K [0x0000000083000000, 0x0000000100000000)
[2020-12-28T00:59:16.019-0500][gc,heap        ] GC(23207)   region size 1024K, 1 young (1024K), 1 survivors (1024K)
[2020-12-28T00:59:16.019-0500][gc,heap        ] GC(23207)  Metaspace       used 50293K, capacity 52461K, committed 53888K, reserved 1093632K
[2020-12-28T00:59:16.019-0500][gc,heap        ] GC(23207)   class space    used 7457K, capacity 8250K, committed 8832K, reserved 1048576K
[2020-12-28T00:59:16.019-0500][gc             ] GC(23207) Pause Young (Normal) (G1 Evacuation Pause) 52M->42M(63M) 5.210ms
[2020-12-28T00:59:16.019-0500][gc,cpu         ] GC(23207) User=0.02s Sys=0.00s Real=0.01s
[2020-12-28T01:01:30.126-0500][gc,heap        ] GC(23208) Heap before GC invocations=23208 (full 5285): garbage-first heap   total 64512K, used 52634K [0x0000000083000000, 0x0000000100000000)
[2020-12-28T01:01:30.127-0500][gc,heap        ] GC(23208)   region size 1024K, 10 young (10240K), 1 survivors (1024K)
[2020-12-28T01:01:30.127-0500][gc,heap        ] GC(23208)  Metaspace       used 50293K, capacity 52461K, committed 53888K, reserved 1093632K
[2020-12-28T01:01:30.127-0500][gc,heap        ] GC(23208)   class space    used 7457K, capacity 8250K, committed 8832K, reserved 1048576K
[2020-12-28T01:01:30.127-0500][gc,start       ] GC(23208) Pause Young (Normal) (G1 Evacuation Pause)
[2020-12-28T01:01:30.127-0500][gc,task        ] GC(23208) Using 8 workers of 8 for evacuation
[2020-12-28T01:01:30.131-0500][gc,phases      ] GC(23208)   Pre Evacuate Collection Set: 0.0ms
[2020-12-28T01:01:30.131-0500][gc,phases      ] GC(23208)   Evacuate Collection Set: 1.3ms
[2020-12-28T01:01:30.131-0500][gc,phases      ] GC(23208)   Post Evacuate Collection Set: 2.3ms
[2020-12-28T01:01:30.131-0500][gc,phases      ] GC(23208)   Other: 0.5ms
[2020-12-28T01:01:30.131-0500][gc,heap        ] GC(23208) Eden regions: 9->0(9)
[2020-12-28T01:01:30.131-0500][gc,heap        ] GC(23208) Survivor regions: 1->1(2)
[2020-12-28T01:01:30.131-0500][gc,heap        ] GC(23208) Old regions: 41->41
[2020-12-28T01:01:30.131-0500][gc,heap        ] GC(23208) Humongous regions: 4->4
[2020-12-28T01:01:30.131-0500][gc,metaspace   ] GC(23208) Metaspace: 50293K->50293K(1093632K)
[2020-12-28T01:01:30.131-0500][gc,heap        ] GC(23208) Heap after GC invocations=23209 (full 5285): garbage-first heap   total 64512K, used 43383K [0x0000000083000000, 0x0000000100000000)
[2020-12-28T01:01:30.131-0500][gc,heap        ] GC(23208)   region size 1024K, 1 young (1024K), 1 survivors (1024K)
[2020-12-28T01:01:30.131-0500][gc,heap        ] GC(23208)  Metaspace       used 50293K, capacity 52461K, committed 53888K, reserved 1093632K
[2020-12-28T01:01:30.131-0500][gc,heap        ] GC(23208)   class space    used 7457K, capacity 8250K, committed 8832K, reserved 1048576K
[2020-12-28T01:01:30.131-0500][gc             ] GC(23208) Pause Young (Normal) (G1 Evacuation Pause) 51M->42M(63M) 4.207ms
[2020-12-28T01:01:30.131-0500][gc,cpu         ] GC(23208) User=0.00s Sys=0.01s Real=0.01s
[2020-12-28T01:01:45.191-0500][gc,task        ] GC(23209) Using 5 workers of 8 for full compaction
[2020-12-28T01:01:45.191-0500][gc,start       ] GC(23209) Pause Full (System.gc())
[2020-12-28T01:01:45.191-0500][gc,heap        ] GC(23209) Heap before GC invocations=23209 (full 5285): garbage-first heap   total 64512K, used 43383K [0x0000000083000000, 0x0000000100000000)
[2020-12-28T01:01:45.191-0500][gc,heap        ] GC(23209)   region size 1024K, 2 young (2048K), 1 survivors (1024K)
[2020-12-28T01:01:45.191-0500][gc,heap        ] GC(23209)  Metaspace       used 50293K, capacity 52461K, committed 53888K, reserved 1093632K
[2020-12-28T01:01:45.191-0500][gc,heap        ] GC(23209)   class space    used 7457K, capacity 8250K, committed 8832K, reserved 1048576K
[2020-12-28T01:01:45.191-0500][gc,phases,start] GC(23209) Phase 1: Mark live objects
[2020-12-28T01:01:45.238-0500][gc,stringtable ] GC(23209) Cleaned string and symbol table, strings: 33311 processed, 4 removed, symbols: 120973 processed, 0 removed
[2020-12-28T01:01:45.238-0500][gc,phases      ] GC(23209) Phase 1: Mark live objects 46.675ms
[2020-12-28T01:01:45.238-0500][gc,phases,start] GC(23209) Phase 2: Prepare for compaction
[2020-12-28T01:01:45.241-0500][gc,phases      ] GC(23209) Phase 2: Prepare for compaction 3.050ms
[2020-12-28T01:01:45.241-0500][gc,phases,start] GC(23209) Phase 3: Adjust pointers
[2020-12-28T01:01:45.252-0500][gc,phases      ] GC(23209) Phase 3: Adjust pointers 10.697ms
[2020-12-28T01:01:45.252-0500][gc,phases,start] GC(23209) Phase 4: Compact heap
[2020-12-28T01:01:45.254-0500][gc,phases      ] GC(23209) Phase 4: Compact heap 2.583ms
[2020-12-28T01:01:45.258-0500][gc,heap        ] GC(23209) Eden regions: 1->0(10)
[2020-12-28T01:01:45.258-0500][gc,heap        ] GC(23209) Survivor regions: 1->0(2)
[2020-12-28T01:01:45.258-0500][gc,heap        ] GC(23209) Old regions: 41->41
[2020-12-28T01:01:45.258-0500][gc,heap        ] GC(23209) Humongous regions: 4->4
[2020-12-28T01:01:45.258-0500][gc,metaspace   ] GC(23209) Metaspace: 50293K->50293K(1093632K)
[2020-12-28T01:01:45.258-0500][gc,heap        ] GC(23209) Heap after GC invocations=23210 (full 5286): garbage-first heap   total 64512K, used 43310K [0x0000000083000000, 0x0000000100000000)
[2020-12-28T01:01:45.258-0500][gc,heap        ] GC(23209)   region size 1024K, 0 young (0K), 0 survivors (0K)
[2020-12-28T01:01:45.258-0500][gc,heap        ] GC(23209)  Metaspace       used 50293K, capacity 52461K, committed 53888K, reserved 1093632K
[2020-12-28T01:01:45.258-0500][gc,heap        ] GC(23209)   class space    used 7457K, capacity 8250K, committed 8832K, reserved 1048576K
[2020-12-28T01:01:45.259-0500][gc             ] GC(23209) Pause Full (System.gc()) 43M->42M(63M) 67.772ms
[2020-12-28T01:01:45.259-0500][gc,cpu         ] GC(23209) User=0.29s Sys=0.00s Real=0.07s
[2020-12-28T01:04:16.013-0500][gc,heap        ] GC(23210) Heap before GC invocations=23210 (full 5286): garbage-first heap   total 64512K, used 52526K [0x0000000083000000, 0x0000000100000000)
[2020-12-28T01:04:16.013-0500][gc,heap        ] GC(23210)   region size 1024K, 10 young (10240K), 0 survivors (0K)
[2020-12-28T01:04:16.013-0500][gc,heap        ] GC(23210)  Metaspace       used 50293K, capacity 52461K, committed 53888K, reserved 1093632K
[2020-12-28T01:04:16.013-0500][gc,heap        ] GC(23210)   class space    used 7457K, capacity 8250K, committed 8832K, reserved 1048576K
[2020-12-28T01:04:16.013-0500][gc,start       ] GC(23210) Pause Young (Normal) (G1 Evacuation Pause)
[2020-12-28T01:04:16.013-0500][gc,task        ] GC(23210) Using 8 workers of 8 for evacuation
[2020-12-28T01:04:16.017-0500][gc,phases      ] GC(23210)   Pre Evacuate Collection Set: 0.0ms
[2020-12-28T01:04:16.017-0500][gc,phases      ] GC(23210)   Evacuate Collection Set: 1.4ms
[2020-12-28T01:04:16.017-0500][gc,phases      ] GC(23210)   Post Evacuate Collection Set: 2.2ms
[2020-12-28T01:04:16.017-0500][gc,phases      ] GC(23210)   Other: 0.4ms
[2020-12-28T01:04:16.017-0500][gc,heap        ] GC(23210) Eden regions: 10->0(9)
[2020-12-28T01:04:16.017-0500][gc,heap        ] GC(23210) Survivor regions: 0->1(2)
[2020-12-28T01:04:16.017-0500][gc,heap        ] GC(23210) Old regions: 41->41
[2020-12-28T01:04:16.017-0500][gc,heap        ] GC(23210) Humongous regions: 4->4
[2020-12-28T01:04:16.017-0500][gc,metaspace   ] GC(23210) Metaspace: 50293K->50293K(1093632K)
[2020-12-28T01:04:16.017-0500][gc,heap        ] GC(23210) Heap after GC invocations=23211 (full 5286): garbage-first heap   total 64512K, used 43399K [0x0000000083000000, 0x0000000100000000)
[2020-12-28T01:04:16.017-0500][gc,heap        ] GC(23210)   region size 1024K, 1 young (1024K), 1 survivors (1024K)
[2020-12-28T01:04:16.017-0500][gc,heap        ] GC(23210)  Metaspace       used 50293K, capacity 52461K, committed 53888K, reserved 1093632K
[2020-12-28T01:04:16.017-0500][gc,heap        ] GC(23210)   class space    used 7457K, capacity 8250K, committed 8832K, reserved 1048576K
[2020-12-28T01:04:16.017-0500][gc             ] GC(23210) Pause Young (Normal) (G1 Evacuation Pause) 52M->42M(63M) 4.272ms
[2020-12-28T01:04:16.017-0500][gc,cpu         ] GC(23210) User=0.01s Sys=0.00s Real=0.00s
[2020-12-28T01:06:36.012-0500][gc,heap        ] GC(23211) Heap before GC invocations=23211 (full 5286): garbage-first heap   total 64512K, used 51591K [0x0000000083000000, 0x0000000100000000)
[2020-12-28T01:06:36.012-0500][gc,heap        ] GC(23211)   region size 1024K, 10 young (10240K), 1 survivors (1024K)
[2020-12-28T01:06:36.012-0500][gc,heap        ] GC(23211)  Metaspace       used 50293K, capacity 52461K, committed 53888K, reserved 1093632K
[2020-12-28T01:06:36.012-0500][gc,heap        ] GC(23211)   class space    used 7457K, capacity 8250K, committed 8832K, reserved 1048576K
[2020-12-28T01:06:36.012-0500][gc,start       ] GC(23211) Pause Young (Normal) (G1 Evacuation Pause)
[2020-12-28T01:06:36.012-0500][gc,task        ] GC(23211) Using 8 workers of 8 for evacuation
[2020-12-28T01:06:36.016-0500][gc,phases      ] GC(23211)   Pre Evacuate Collection Set: 0.0ms
[2020-12-28T01:06:36.016-0500][gc,phases      ] GC(23211)   Evacuate Collection Set: 1.7ms
[2020-12-28T01:06:36.016-0500][gc,phases      ] GC(23211)   Post Evacuate Collection Set: 2.0ms
[2020-12-28T01:06:36.016-0500][gc,phases      ] GC(23211)   Other: 0.5ms
[2020-12-28T01:06:36.016-0500][gc,heap        ] GC(23211) Eden regions: 9->0(9)
[2020-12-28T01:06:36.016-0500][gc,heap        ] GC(23211) Survivor regions: 1->1(2)
[2020-12-28T01:06:36.016-0500][gc,heap        ] GC(23211) Old regions: 41->41
[2020-12-28T01:06:36.016-0500][gc,heap        ] GC(23211) Humongous regions: 4->4
[2020-12-28T01:06:36.016-0500][gc,metaspace   ] GC(23211) Metaspace: 50293K->50293K(1093632K)
[2020-12-28T01:06:36.016-0500][gc,heap        ] GC(23211) Heap after GC invocations=23212 (full 5286): garbage-first heap   total 64512K, used 43387K [0x0000000083000000, 0x0000000100000000)
[2020-12-28T01:06:36.016-0500][gc,heap        ] GC(23211)   region size 1024K, 1 young (1024K), 1 survivors (1024K)
[2020-12-28T01:06:36.016-0500][gc,heap        ] GC(23211)  Metaspace       used 50293K, capacity 52461K, committed 53888K, reserved 1093632K
[2020-12-28T01:06:36.016-0500][gc,heap        ] GC(23211)   class space    used 7457K, capacity 8250K, committed 8832K, reserved 1048576K
[2020-12-28T01:06:36.016-0500][gc             ] GC(23211) Pause Young (Normal) (G1 Evacuation Pause) 51M->42M(63M) 4.457ms
[2020-12-28T01:06:36.016-0500][gc,cpu         ] GC(23211) User=0.01s Sys=0.00s Real=0.00s
[2020-12-28T01:06:45.190-0500][gc,task        ] GC(23212) Using 5 workers of 8 for full compaction
[2020-12-28T01:06:45.190-0500][gc,start       ] GC(23212) Pause Full (System.gc())
[2020-12-28T01:06:45.190-0500][gc,heap        ] GC(23212) Heap before GC invocations=23212 (full 5286): garbage-first heap   total 64512K, used 43387K [0x0000000083000000, 0x0000000100000000)
[2020-12-28T01:06:45.190-0500][gc,heap        ] GC(23212)   region size 1024K, 2 young (2048K), 1 survivors (1024K)
[2020-12-28T01:06:45.190-0500][gc,heap        ] GC(23212)  Metaspace       used 50293K, capacity 52461K, committed 53888K, reserved 1093632K
[2020-12-28T01:06:45.190-0500][gc,heap        ] GC(23212)   class space    used 7457K, capacity 8250K, committed 8832K, reserved 1048576K
[2020-12-28T01:06:45.191-0500][gc,phases,start] GC(23212) Phase 1: Mark live objects
[2020-12-28T01:06:45.210-0500][gc,stringtable ] GC(23212) Cleaned string and symbol table, strings: 33311 processed, 4 removed, symbols: 120973 processed, 0 removed
[2020-12-28T01:06:45.210-0500][gc,phases      ] GC(23212) Phase 1: Mark live objects 19.432ms
[2020-12-28T01:06:45.210-0500][gc,phases,start] GC(23212) Phase 2: Prepare for compaction
[2020-12-28T01:06:45.213-0500][gc,phases      ] GC(23212) Phase 2: Prepare for compaction 3.269ms
[2020-12-28T01:06:45.213-0500][gc,phases,start] GC(23212) Phase 3: Adjust pointers
[2020-12-28T01:06:45.223-0500][gc,phases      ] GC(23212) Phase 3: Adjust pointers 9.831ms
[2020-12-28T01:06:45.223-0500][gc,phases,start] GC(23212) Phase 4: Compact heap
[2020-12-28T01:06:45.226-0500][gc,phases      ] GC(23212) Phase 4: Compact heap 2.810ms
[2020-12-28T01:06:45.230-0500][gc,heap        ] GC(23212) Eden regions: 1->0(10)
[2020-12-28T01:06:45.230-0500][gc,heap        ] GC(23212) Survivor regions: 1->0(2)
[2020-12-28T01:06:45.230-0500][gc,heap        ] GC(23212) Old regions: 41->41
[2020-12-28T01:06:45.230-0500][gc,heap        ] GC(23212) Humongous regions: 4->4
[2020-12-28T01:06:45.230-0500][gc,metaspace   ] GC(23212) Metaspace: 50293K->50293K(1093632K)
[2020-12-28T01:06:45.230-0500][gc,heap        ] GC(23212) Heap after GC invocations=23213 (full 5287): garbage-first heap   total 64512K, used 43310K [0x0000000083000000, 0x0000000100000000)
[2020-12-28T01:06:45.230-0500][gc,heap        ] GC(23212)   region size 1024K, 0 young (0K), 0 survivors (0K)
[2020-12-28T01:06:45.230-0500][gc,heap        ] GC(23212)  Metaspace       used 50293K, capacity 52461K, committed 53888K, reserved 1093632K
[2020-12-28T01:06:45.230-0500][gc,heap        ] GC(23212)   class space    used 7457K, capacity 8250K, committed 8832K, reserved 1048576K
[2020-12-28T01:06:45.230-0500][gc             ] GC(23212) Pause Full (System.gc()) 42M->42M(63M) 39.840ms
[2020-12-28T01:06:45.230-0500][gc,cpu         ] GC(23212) User=0.15s Sys=0.00s Real=0.04s
[2020-12-28T01:09:06.013-0500][gc,heap        ] GC(23213) Heap before GC invocations=23213 (full 5287): garbage-first heap   total 64512K, used 53550K [0x0000000083000000, 0x0000000100000000)
[2020-12-28T01:09:06.013-0500][gc,heap        ] GC(23213)   region size 1024K, 10 young (10240K), 0 survivors (0K)
[2020-12-28T01:09:06.013-0500][gc,heap        ] GC(23213)  Metaspace       used 50293K, capacity 52461K, committed 53888K, reserved 1093632K
[2020-12-28T01:09:06.013-0500][gc,heap        ] GC(23213)   class space    used 7457K, capacity 8250K, committed 8832K, reserved 1048576K
[2020-12-28T01:09:06.013-0500][gc,start       ] GC(23213) Pause Young (Normal) (G1 Evacuation Pause)
[2020-12-28T01:09:06.013-0500][gc,task        ] GC(23213) Using 8 workers of 8 for evacuation
[2020-12-28T01:09:06.021-0500][gc,phases      ] GC(23213)   Pre Evacuate Collection Set: 0.0ms
[2020-12-28T01:09:06.021-0500][gc,phases      ] GC(23213)   Evacuate Collection Set: 4.2ms
[2020-12-28T01:09:06.021-0500][gc,phases      ] GC(23213)   Post Evacuate Collection Set: 3.3ms
[2020-12-28T01:09:06.021-0500][gc,phases      ] GC(23213)   Other: 0.4ms
[2020-12-28T01:09:06.021-0500][gc,heap        ] GC(23213) Eden regions: 10->0(9)
[2020-12-28T01:09:06.021-0500][gc,heap        ] GC(23213) Survivor regions: 0->1(2)
[2020-12-28T01:09:06.021-0500][gc,heap        ] GC(23213) Old regions: 41->41
[2020-12-28T01:09:06.021-0500][gc,heap        ] GC(23213) Humongous regions: 4->4
[2020-12-28T01:09:06.021-0500][gc,metaspace   ] GC(23213) Metaspace: 50293K->50293K(1093632K)
[2020-12-28T01:09:06.021-0500][gc,heap        ] GC(23213) Heap after GC invocations=23214 (full 5287): garbage-first heap   total 64512K, used 43385K [0x0000000083000000, 0x0000000100000000)
[2020-12-28T01:09:06.021-0500][gc,heap        ] GC(23213)   region size 1024K, 1 young (1024K), 1 survivors (1024K)
[2020-12-28T01:09:06.021-0500][gc,heap        ] GC(23213)  Metaspace       used 50293K, capacity 52461K, committed 53888K, reserved 1093632K
[2020-12-28T01:09:06.021-0500][gc,heap        ] GC(23213)   class space    used 7457K, capacity 8250K, committed 8832K, reserved 1048576K
[2020-12-28T01:09:06.021-0500][gc             ] GC(23213) Pause Young (Normal) (G1 Evacuation Pause) 52M->42M(63M) 8.122ms
[2020-12-28T01:09:06.021-0500][gc,cpu         ] GC(23213) User=0.02s Sys=0.01s Real=0.01s
[2020-12-28T01:11:16.014-0500][gc,heap        ] GC(23214) Heap before GC invocations=23214 (full 5287): garbage-first heap   total 64512K, used 51577K [0x0000000083000000, 0x0000000100000000)
[2020-12-28T01:11:16.015-0500][gc,heap        ] GC(23214)   region size 1024K, 10 young (10240K), 1 survivors (1024K)
[2020-12-28T01:11:16.015-0500][gc,heap        ] GC(23214)  Metaspace       used 50293K, capacity 52461K, committed 53888K, reserved 1093632K
[2020-12-28T01:11:16.015-0500][gc,heap        ] GC(23214)   class space    used 7457K, capacity 8250K, committed 8832K, reserved 1048576K
[2020-12-28T01:11:16.015-0500][gc,start       ] GC(23214) Pause Young (Normal) (G1 Evacuation Pause)
[2020-12-28T01:11:16.015-0500][gc,task        ] GC(23214) Using 8 workers of 8 for evacuation
[2020-12-28T01:11:16.021-0500][gc,phases      ] GC(23214)   Pre Evacuate Collection Set: 0.0ms
[2020-12-28T01:11:16.021-0500][gc,phases      ] GC(23214)   Evacuate Collection Set: 3.4ms
[2020-12-28T01:11:16.021-0500][gc,phases      ] GC(23214)   Post Evacuate Collection Set: 2.3ms
[2020-12-28T01:11:16.021-0500][gc,phases      ] GC(23214)   Other: 0.6ms
[2020-12-28T01:11:16.021-0500][gc,heap        ] GC(23214) Eden regions: 9->0(9)
[2020-12-28T01:11:16.021-0500][gc,heap        ] GC(23214) Survivor regions: 1->1(2)
[2020-12-28T01:11:16.021-0500][gc,heap        ] GC(23214) Old regions: 41->41
[2020-12-28T01:11:16.021-0500][gc,heap        ] GC(23214) Humongous regions: 4->4
[2020-12-28T01:11:16.021-0500][gc,metaspace   ] GC(23214) Metaspace: 50293K->50293K(1093632K)
[2020-12-28T01:11:16.021-0500][gc,heap        ] GC(23214) Heap after GC invocations=23215 (full 5287): garbage-first heap   total 64512K, used 43402K [0x0000000083000000, 0x0000000100000000)
[2020-12-28T01:11:16.021-0500][gc,heap        ] GC(23214)   region size 1024K, 1 young (1024K), 1 survivors (1024K)
[2020-12-28T01:11:16.021-0500][gc,heap        ] GC(23214)  Metaspace       used 50293K, capacity 52461K, committed 53888K, reserved 1093632K
[2020-12-28T01:11:16.021-0500][gc,heap        ] GC(23214)   class space    used 7457K, capacity 8250K, committed 8832K, reserved 1048576K
[2020-12-28T01:11:16.021-0500][gc             ] GC(23214) Pause Young (Normal) (G1 Evacuation Pause) 51M->42M(63M) 6.635ms
[2020-12-28T01:11:16.021-0500][gc,cpu         ] GC(23214) User=0.02s Sys=0.00s Real=0.01s
[2020-12-28T01:11:45.191-0500][gc,task        ] GC(23215) Using 5 workers of 8 for full compaction
[2020-12-28T01:11:45.191-0500][gc,start       ] GC(23215) Pause Full (System.gc())
[2020-12-28T01:11:45.191-0500][gc,heap        ] GC(23215) Heap before GC invocations=23215 (full 5287): garbage-first heap   total 64512K, used 44426K [0x0000000083000000, 0x0000000100000000)
[2020-12-28T01:11:45.191-0500][gc,heap        ] GC(23215)   region size 1024K, 3 young (3072K), 1 survivors (1024K)
[2020-12-28T01:11:45.191-0500][gc,heap        ] GC(23215)  Metaspace       used 50293K, capacity 52461K, committed 53888K, reserved 1093632K
[2020-12-28T01:11:45.191-0500][gc,heap        ] GC(23215)   class space    used 7457K, capacity 8250K, committed 8832K, reserved 1048576K
[2020-12-28T01:11:45.192-0500][gc,phases,start] GC(23215) Phase 1: Mark live objects
[2020-12-28T01:11:45.217-0500][gc,stringtable ] GC(23215) Cleaned string and symbol table, strings: 33311 processed, 4 removed, symbols: 120973 processed, 0 removed
[2020-12-28T01:11:45.217-0500][gc,phases      ] GC(23215) Phase 1: Mark live objects 25.114ms
[2020-12-28T01:11:45.217-0500][gc,phases,start] GC(23215) Phase 2: Prepare for compaction
[2020-12-28T01:11:45.220-0500][gc,phases      ] GC(23215) Phase 2: Prepare for compaction 3.719ms
[2020-12-28T01:11:45.220-0500][gc,phases,start] GC(23215) Phase 3: Adjust pointers
[2020-12-28T01:11:45.230-0500][gc,phases      ] GC(23215) Phase 3: Adjust pointers 9.594ms
[2020-12-28T01:11:45.230-0500][gc,phases,start] GC(23215) Phase 4: Compact heap
[2020-12-28T01:11:45.233-0500][gc,phases      ] GC(23215) Phase 4: Compact heap 2.765ms
[2020-12-28T01:11:45.237-0500][gc,heap        ] GC(23215) Eden regions: 2->0(9)
[2020-12-28T01:11:45.237-0500][gc,heap        ] GC(23215) Survivor regions: 1->0(2)
[2020-12-28T01:11:45.237-0500][gc,heap        ] GC(23215) Old regions: 41->42
[2020-12-28T01:11:45.237-0500][gc,heap        ] GC(23215) Humongous regions: 4->4
[2020-12-28T01:11:45.237-0500][gc,metaspace   ] GC(23215) Metaspace: 50293K->50293K(1093632K)
[2020-12-28T01:11:45.237-0500][gc,heap        ] GC(23215) Heap after GC invocations=23216 (full 5288): garbage-first heap   total 64512K, used 43314K [0x0000000083000000, 0x0000000100000000)
[2020-12-28T01:11:45.237-0500][gc,heap        ] GC(23215)   region size 1024K, 0 young (0K), 0 survivors (0K)
[2020-12-28T01:11:45.237-0500][gc,heap        ] GC(23215)  Metaspace       used 50293K, capacity 52461K, committed 53888K, reserved 1093632K
[2020-12-28T01:11:45.237-0500][gc,heap        ] GC(23215)   class space    used 7457K, capacity 8250K, committed 8832K, reserved 1048576K
[2020-12-28T01:11:45.237-0500][gc             ] GC(23215) Pause Full (System.gc()) 44M->42M(63M) 45.823ms
[2020-12-28T01:11:45.237-0500][gc,cpu         ] GC(23215) User=0.20s Sys=0.00s Real=0.04s
[2020-12-28T01:13:48.142-0500][gc,heap        ] GC(23216) Heap before GC invocations=23216 (full 5288): garbage-first heap   total 64512K, used 52530K [0x0000000083000000, 0x0000000100000000)
[2020-12-28T01:13:48.142-0500][gc,heap        ] GC(23216)   region size 1024K, 9 young (9216K), 0 survivors (0K)
[2020-12-28T01:13:48.142-0500][gc,heap        ] GC(23216)  Metaspace       used 50293K, capacity 52461K, committed 53888K, reserved 1093632K
[2020-12-28T01:13:48.142-0500][gc,heap        ] GC(23216)   class space    used 7457K, capacity 8250K, committed 8832K, reserved 1048576K
[2020-12-28T01:13:48.142-0500][gc,start       ] GC(23216) Pause Young (Normal) (G1 Evacuation Pause)
[2020-12-28T01:13:48.142-0500][gc,task        ] GC(23216) Using 8 workers of 8 for evacuation
[2020-12-28T01:13:48.148-0500][gc,phases      ] GC(23216)   Pre Evacuate Collection Set: 0.0ms
[2020-12-28T01:13:48.148-0500][gc,phases      ] GC(23216)   Evacuate Collection Set: 1.5ms
[2020-12-28T01:13:48.148-0500][gc,phases      ] GC(23216)   Post Evacuate Collection Set: 4.7ms
[2020-12-28T01:13:48.148-0500][gc,phases      ] GC(23216)   Other: 0.5ms
[2020-12-28T01:13:48.148-0500][gc,heap        ] GC(23216) Eden regions: 9->0(8)
[2020-12-28T01:13:48.148-0500][gc,heap        ] GC(23216) Survivor regions: 0->1(2)
[2020-12-28T01:13:48.148-0500][gc,heap        ] GC(23216) Old regions: 42->42
[2020-12-28T01:13:48.149-0500][gc,heap        ] GC(23216) Humongous regions: 4->4
[2020-12-28T01:13:48.149-0500][gc,metaspace   ] GC(23216) Metaspace: 50293K->50293K(1093632K)
[2020-12-28T01:13:48.149-0500][gc,heap        ] GC(23216) Heap after GC invocations=23217 (full 5288): garbage-first heap   total 64512K, used 43380K [0x0000000083000000, 0x0000000100000000)
[2020-12-28T01:13:48.149-0500][gc,heap        ] GC(23216)   region size 1024K, 1 young (1024K), 1 survivors (1024K)
[2020-12-28T01:13:48.149-0500][gc,heap        ] GC(23216)  Metaspace       used 50293K, capacity 52461K, committed 53888K, reserved 1093632K
[2020-12-28T01:13:48.149-0500][gc,heap        ] GC(23216)   class space    used 7457K, capacity 8250K, committed 8832K, reserved 1048576K
[2020-12-28T01:13:48.149-0500][gc             ] GC(23216) Pause Young (Normal) (G1 Evacuation Pause) 51M->42M(63M) 6.847ms
[2020-12-28T01:13:48.149-0500][gc,cpu         ] GC(23216) User=0.02s Sys=0.01s Real=0.01s
[2020-12-28T01:15:47.687-0500][gc,heap        ] GC(23217) Heap before GC invocations=23217 (full 5288): garbage-first heap   total 64512K, used 50548K [0x0000000083000000, 0x0000000100000000)
[2020-12-28T01:15:47.687-0500][gc,heap        ] GC(23217)   region size 1024K, 9 young (9216K), 1 survivors (1024K)
[2020-12-28T01:15:47.687-0500][gc,heap        ] GC(23217)  Metaspace       used 50293K, capacity 52461K, committed 53888K, reserved 1093632K
[2020-12-28T01:15:47.687-0500][gc,heap        ] GC(23217)   class space    used 7457K, capacity 8250K, committed 8832K, reserved 1048576K
[2020-12-28T01:15:47.687-0500][gc,start       ] GC(23217) Pause Young (Normal) (G1 Evacuation Pause)
[2020-12-28T01:15:47.687-0500][gc,task        ] GC(23217) Using 8 workers of 8 for evacuation
[2020-12-28T01:15:47.698-0500][gc,phases      ] GC(23217)   Pre Evacuate Collection Set: 0.0ms
[2020-12-28T01:15:47.698-0500][gc,phases      ] GC(23217)   Evacuate Collection Set: 7.8ms
[2020-12-28T01:15:47.698-0500][gc,phases      ] GC(23217)   Post Evacuate Collection Set: 2.7ms
[2020-12-28T01:15:47.698-0500][gc,phases      ] GC(23217)   Other: 0.2ms
[2020-12-28T01:15:47.698-0500][gc,heap        ] GC(23217) Eden regions: 8->0(8)
[2020-12-28T01:15:47.698-0500][gc,heap        ] GC(23217) Survivor regions: 1->1(2)
[2020-12-28T01:15:47.698-0500][gc,heap        ] GC(23217) Old regions: 42->42
[2020-12-28T01:15:47.698-0500][gc,heap        ] GC(23217) Humongous regions: 4->4
[2020-12-28T01:15:47.698-0500][gc,metaspace   ] GC(23217) Metaspace: 50293K->50293K(1093632K)
[2020-12-28T01:15:47.698-0500][gc,heap        ] GC(23217) Heap after GC invocations=23218 (full 5288): garbage-first heap   total 64512K, used 43371K [0x0000000083000000, 0x0000000100000000)
[2020-12-28T01:15:47.698-0500][gc,heap        ] GC(23217)   region size 1024K, 1 young (1024K), 1 survivors (1024K)
[2020-12-28T01:15:47.698-0500][gc,heap        ] GC(23217)  Metaspace       used 50293K, capacity 52461K, committed 53888K, reserved 1093632K
[2020-12-28T01:15:47.698-0500][gc,heap        ] GC(23217)   class space    used 7457K, capacity 8250K, committed 8832K, reserved 1048576K
[2020-12-28T01:15:47.698-0500][gc             ] GC(23217) Pause Young (Normal) (G1 Evacuation Pause) 50M->42M(63M) 10.793ms
[2020-12-28T01:15:47.698-0500][gc,cpu         ] GC(23217) User=0.05s Sys=0.00s Real=0.02s
[2020-12-28T01:16:45.189-0500][gc,task        ] GC(23218) Using 5 workers of 8 for full compaction
[2020-12-28T01:16:45.189-0500][gc,start       ] GC(23218) Pause Full (System.gc())
[2020-12-28T01:16:45.189-0500][gc,heap        ] GC(23218) Heap before GC invocations=23218 (full 5288): garbage-first heap   total 64512K, used 46443K [0x0000000083000000, 0x0000000100000000)
[2020-12-28T01:16:45.189-0500][gc,heap        ] GC(23218)   region size 1024K, 5 young (5120K), 1 survivors (1024K)
[2020-12-28T01:16:45.190-0500][gc,heap        ] GC(23218)  Metaspace       used 50293K, capacity 52461K, committed 53888K, reserved 1093632K
[2020-12-28T01:16:45.190-0500][gc,heap        ] GC(23218)   class space    used 7457K, capacity 8250K, committed 8832K, reserved 1048576K
[2020-12-28T01:16:45.190-0500][gc,phases,start] GC(23218) Phase 1: Mark live objects
[2020-12-28T01:16:45.228-0500][gc,stringtable ] GC(23218) Cleaned string and symbol table, strings: 33311 processed, 4 removed, symbols: 120973 processed, 0 removed
[2020-12-28T01:16:45.228-0500][gc,phases      ] GC(23218) Phase 1: Mark live objects 38.285ms
[2020-12-28T01:16:45.228-0500][gc,phases,start] GC(23218) Phase 2: Prepare for compaction
[2020-12-28T01:16:45.233-0500][gc,phases      ] GC(23218) Phase 2: Prepare for compaction 4.873ms
[2020-12-28T01:16:45.233-0500][gc,phases,start] GC(23218) Phase 3: Adjust pointers
[2020-12-28T01:16:45.247-0500][gc,phases      ] GC(23218) Phase 3: Adjust pointers 13.601ms
[2020-12-28T01:16:45.247-0500][gc,phases,start] GC(23218) Phase 4: Compact heap
[2020-12-28T01:16:45.249-0500][gc,phases      ] GC(23218) Phase 4: Compact heap 2.577ms
[2020-12-28T01:16:45.254-0500][gc,heap        ] GC(23218) Eden regions: 4->0(9)
[2020-12-28T01:16:45.254-0500][gc,heap        ] GC(23218) Survivor regions: 1->0(2)
[2020-12-28T01:16:45.254-0500][gc,heap        ] GC(23218) Old regions: 42->42
[2020-12-28T01:16:45.254-0500][gc,heap        ] GC(23218) Humongous regions: 4->4
[2020-12-28T01:16:45.254-0500][gc,metaspace   ] GC(23218) Metaspace: 50293K->50293K(1093632K)
[2020-12-28T01:16:45.254-0500][gc,heap        ] GC(23218) Heap after GC invocations=23219 (full 5289): garbage-first heap   total 64512K, used 43326K [0x0000000083000000, 0x0000000100000000)
[2020-12-28T01:16:45.254-0500][gc,heap        ] GC(23218)   region size 1024K, 0 young (0K), 0 survivors (0K)
[2020-12-28T01:16:45.254-0500][gc,heap        ] GC(23218)  Metaspace       used 50293K, capacity 52461K, committed 53888K, reserved 1093632K
[2020-12-28T01:16:45.254-0500][gc,heap        ] GC(23218)   class space    used 7457K, capacity 8250K, committed 8832K, reserved 1048576K
[2020-12-28T01:16:45.254-0500][gc             ] GC(23218) Pause Full (System.gc()) 45M->42M(63M) 64.329ms
[2020-12-28T01:16:45.254-0500][gc,cpu         ] GC(23218) User=0.28s Sys=0.00s Real=0.06s
[2020-12-28T01:18:56.016-0500][gc,heap        ] GC(23219) Heap before GC invocations=23219 (full 5289): garbage-first heap   total 64512K, used 51518K [0x0000000083000000, 0x0000000100000000)
[2020-12-28T01:18:56.016-0500][gc,heap        ] GC(23219)   region size 1024K, 9 young (9216K), 0 survivors (0K)
[2020-12-28T01:18:56.016-0500][gc,heap        ] GC(23219)  Metaspace       used 50293K, capacity 52461K, committed 53888K, reserved 1093632K
[2020-12-28T01:18:56.016-0500][gc,heap        ] GC(23219)   class space    used 7457K, capacity 8250K, committed 8832K, reserved 1048576K
[2020-12-28T01:18:56.016-0500][gc,start       ] GC(23219) Pause Young (Normal) (G1 Evacuation Pause)
[2020-12-28T01:18:56.016-0500][gc,task        ] GC(23219) Using 8 workers of 8 for evacuation
[2020-12-28T01:18:56.019-0500][gc,phases      ] GC(23219)   Pre Evacuate Collection Set: 0.0ms
[2020-12-28T01:18:56.019-0500][gc,phases      ] GC(23219)   Evacuate Collection Set: 0.8ms
[2020-12-28T01:18:56.019-0500][gc,phases      ] GC(23219)   Post Evacuate Collection Set: 2.6ms
[2020-12-28T01:18:56.019-0500][gc,phases      ] GC(23219)   Other: 0.2ms
[2020-12-28T01:18:56.019-0500][gc,heap        ] GC(23219) Eden regions: 9->0(8)
[2020-12-28T01:18:56.019-0500][gc,heap        ] GC(23219) Survivor regions: 0->1(2)
[2020-12-28T01:18:56.019-0500][gc,heap        ] GC(23219) Old regions: 42->42
[2020-12-28T01:18:56.019-0500][gc,heap        ] GC(23219) Humongous regions: 4->4
[2020-12-28T01:18:56.019-0500][gc,metaspace   ] GC(23219) Metaspace: 50293K->50293K(1093632K)
[2020-12-28T01:18:56.019-0500][gc,heap        ] GC(23219) Heap after GC invocations=23220 (full 5289): garbage-first heap   total 64512K, used 43376K [0x0000000083000000, 0x0000000100000000)
[2020-12-28T01:18:56.020-0500][gc,heap        ] GC(23219)   region size 1024K, 1 young (1024K), 1 survivors (1024K)
[2020-12-28T01:18:56.020-0500][gc,heap        ] GC(23219)  Metaspace       used 50293K, capacity 52461K, committed 53888K, reserved 1093632K
[2020-12-28T01:18:56.020-0500][gc,heap        ] GC(23219)   class space    used 7457K, capacity 8250K, committed 8832K, reserved 1048576K
[2020-12-28T01:18:56.020-0500][gc             ] GC(23219) Pause Young (Normal) (G1 Evacuation Pause) 51M->42M(63M) 3.684ms
[2020-12-28T01:18:56.020-0500][gc,cpu         ] GC(23219) User=0.01s Sys=0.00s Real=0.01s
[2020-12-28T01:20:57.956-0500][gc,heap        ] GC(23220) Heap before GC invocations=23220 (full 5289): garbage-first heap   total 64512K, used 50544K [0x0000000083000000, 0x0000000100000000)
[2020-12-28T01:20:57.956-0500][gc,heap        ] GC(23220)   region size 1024K, 9 young (9216K), 1 survivors (1024K)
[2020-12-28T01:20:57.956-0500][gc,heap        ] GC(23220)  Metaspace       used 50293K, capacity 52461K, committed 53888K, reserved 1093632K
[2020-12-28T01:20:57.956-0500][gc,heap        ] GC(23220)   class space    used 7457K, capacity 8250K, committed 8832K, reserved 1048576K
[2020-12-28T01:20:57.956-0500][gc,start       ] GC(23220) Pause Young (Normal) (G1 Evacuation Pause)
[2020-12-28T01:20:57.956-0500][gc,task        ] GC(23220) Using 8 workers of 8 for evacuation
[2020-12-28T01:20:57.962-0500][gc,phases      ] GC(23220)   Pre Evacuate Collection Set: 0.0ms
[2020-12-28T01:20:57.962-0500][gc,phases      ] GC(23220)   Evacuate Collection Set: 2.7ms
[2020-12-28T01:20:57.962-0500][gc,phases      ] GC(23220)   Post Evacuate Collection Set: 2.3ms
[2020-12-28T01:20:57.962-0500][gc,phases      ] GC(23220)   Other: 0.4ms
[2020-12-28T01:20:57.962-0500][gc,heap        ] GC(23220) Eden regions: 8->0(8)
[2020-12-28T01:20:57.962-0500][gc,heap        ] GC(23220) Survivor regions: 1->1(2)
[2020-12-28T01:20:57.962-0500][gc,heap        ] GC(23220) Old regions: 42->42
[2020-12-28T01:20:57.962-0500][gc,heap        ] GC(23220) Humongous regions: 4->4
[2020-12-28T01:20:57.962-0500][gc,metaspace   ] GC(23220) Metaspace: 50293K->50293K(1093632K)
[2020-12-28T01:20:57.962-0500][gc,heap        ] GC(23220) Heap after GC invocations=23221 (full 5289): garbage-first heap   total 64512K, used 43375K [0x0000000083000000, 0x0000000100000000)
[2020-12-28T01:20:57.962-0500][gc,heap        ] GC(23220)   region size 1024K, 1 young (1024K), 1 survivors (1024K)
[2020-12-28T01:20:57.962-0500][gc,heap        ] GC(23220)  Metaspace       used 50293K, capacity 52461K, committed 53888K, reserved 1093632K
[2020-12-28T01:20:57.962-0500][gc,heap        ] GC(23220)   class space    used 7457K, capacity 8250K, committed 8832K, reserved 1048576K
[2020-12-28T01:20:57.962-0500][gc             ] GC(23220) Pause Young (Normal) (G1 Evacuation Pause) 50M->42M(63M) 5.818ms
[2020-12-28T01:20:57.962-0500][gc,cpu         ] GC(23220) User=0.02s Sys=0.00s Real=0.01s
[2020-12-28T01:21:45.192-0500][gc,task        ] GC(23221) Using 5 workers of 8 for full compaction
[2020-12-28T01:21:45.192-0500][gc,start       ] GC(23221) Pause Full (System.gc())
[2020-12-28T01:21:45.192-0500][gc,heap        ] GC(23221) Heap before GC invocations=23221 (full 5289): garbage-first heap   total 64512K, used 45423K [0x0000000083000000, 0x0000000100000000)
[2020-12-28T01:21:45.192-0500][gc,heap        ] GC(23221)   region size 1024K, 4 young (4096K), 1 survivors (1024K)
[2020-12-28T01:21:45.192-0500][gc,heap        ] GC(23221)  Metaspace       used 50293K, capacity 52461K, committed 53888K, reserved 1093632K
[2020-12-28T01:21:45.192-0500][gc,heap        ] GC(23221)   class space    used 7457K, capacity 8250K, committed 8832K, reserved 1048576K
[2020-12-28T01:21:45.193-0500][gc,phases,start] GC(23221) Phase 1: Mark live objects
[2020-12-28T01:21:45.220-0500][gc,stringtable ] GC(23221) Cleaned string and symbol table, strings: 33311 processed, 4 removed, symbols: 120973 processed, 0 removed
[2020-12-28T01:21:45.220-0500][gc,phases      ] GC(23221) Phase 1: Mark live objects 27.283ms
[2020-12-28T01:21:45.220-0500][gc,phases,start] GC(23221) Phase 2: Prepare for compaction
[2020-12-28T01:21:45.224-0500][gc,phases      ] GC(23221) Phase 2: Prepare for compaction 3.891ms
[2020-12-28T01:21:45.224-0500][gc,phases,start] GC(23221) Phase 3: Adjust pointers
[2020-12-28T01:21:45.233-0500][gc,phases      ] GC(23221) Phase 3: Adjust pointers 8.770ms
[2020-12-28T01:21:45.233-0500][gc,phases,start] GC(23221) Phase 4: Compact heap
[2020-12-28T01:21:45.236-0500][gc,phases      ] GC(23221) Phase 4: Compact heap 2.755ms
[2020-12-28T01:21:45.240-0500][gc,heap        ] GC(23221) Eden regions: 3->0(9)
[2020-12-28T01:21:45.240-0500][gc,heap        ] GC(23221) Survivor regions: 1->0(2)
[2020-12-28T01:21:45.240-0500][gc,heap        ] GC(23221) Old regions: 42->42
[2020-12-28T01:21:45.240-0500][gc,heap        ] GC(23221) Humongous regions: 4->4
[2020-12-28T01:21:45.240-0500][gc,metaspace   ] GC(23221) Metaspace: 50293K->50293K(1093632K)
[2020-12-28T01:21:45.240-0500][gc,heap        ] GC(23221) Heap after GC invocations=23222 (full 5290): garbage-first heap   total 64512K, used 43324K [0x0000000083000000, 0x0000000100000000)
[2020-12-28T01:21:45.240-0500][gc,heap        ] GC(23221)   region size 1024K, 0 young (0K), 0 survivors (0K)
[2020-12-28T01:21:45.240-0500][gc,heap        ] GC(23221)  Metaspace       used 50293K, capacity 52461K, committed 53888K, reserved 1093632K
[2020-12-28T01:21:45.240-0500][gc,heap        ] GC(23221)   class space    used 7457K, capacity 8250K, committed 8832K, reserved 1048576K
[2020-12-28T01:21:45.240-0500][gc             ] GC(23221) Pause Full (System.gc()) 45M->42M(63M) 47.847ms
[2020-12-28T01:21:45.240-0500][gc,cpu         ] GC(23221) User=0.18s Sys=0.00s Real=0.05s
[2020-12-28T01:23:56.016-0500][gc,heap        ] GC(23222) Heap before GC invocations=23222 (full 5290): garbage-first heap   total 64512K, used 51516K [0x0000000083000000, 0x0000000100000000)
[2020-12-28T01:23:56.016-0500][gc,heap        ] GC(23222)   region size 1024K, 9 young (9216K), 0 survivors (0K)
[2020-12-28T01:23:56.016-0500][gc,heap        ] GC(23222)  Metaspace       used 50293K, capacity 52461K, committed 53888K, reserved 1093632K
[2020-12-28T01:23:56.016-0500][gc,heap        ] GC(23222)   class space    used 7457K, capacity 8250K, committed 8832K, reserved 1048576K
[2020-12-28T01:23:56.016-0500][gc,start       ] GC(23222) Pause Young (Normal) (G1 Evacuation Pause)
[2020-12-28T01:23:56.016-0500][gc,task        ] GC(23222) Using 8 workers of 8 for evacuation
[2020-12-28T01:23:56.021-0500][gc,phases      ] GC(23222)   Pre Evacuate Collection Set: 0.0ms
[2020-12-28T01:23:56.021-0500][gc,phases      ] GC(23222)   Evacuate Collection Set: 1.1ms
[2020-12-28T01:23:56.021-0500][gc,phases      ] GC(23222)   Post Evacuate Collection Set: 3.2ms
[2020-12-28T01:23:56.021-0500][gc,phases      ] GC(23222)   Other: 0.3ms
[2020-12-28T01:23:56.021-0500][gc,heap        ] GC(23222) Eden regions: 9->0(8)
[2020-12-28T01:23:56.021-0500][gc,heap        ] GC(23222) Survivor regions: 0->1(2)
[2020-12-28T01:23:56.021-0500][gc,heap        ] GC(23222) Old regions: 42->42
[2020-12-28T01:23:56.021-0500][gc,heap        ] GC(23222) Humongous regions: 4->4
[2020-12-28T01:23:56.021-0500][gc,metaspace   ] GC(23222) Metaspace: 50293K->50293K(1093632K)
[2020-12-28T01:23:56.021-0500][gc,heap        ] GC(23222) Heap after GC invocations=23223 (full 5290): garbage-first heap   total 64512K, used 43371K [0x0000000083000000, 0x0000000100000000)
[2020-12-28T01:23:56.021-0500][gc,heap        ] GC(23222)   region size 1024K, 1 young (1024K), 1 survivors (1024K)
[2020-12-28T01:23:56.021-0500][gc,heap        ] GC(23222)  Metaspace       used 50293K, capacity 52461K, committed 53888K, reserved 1093632K
[2020-12-28T01:23:56.021-0500][gc,heap        ] GC(23222)   class space    used 7457K, capacity 8250K, committed 8832K, reserved 1048576K
[2020-12-28T01:23:56.021-0500][gc             ] GC(23222) Pause Young (Normal) (G1 Evacuation Pause) 51M->42M(63M) 4.973ms
[2020-12-28T01:23:56.021-0500][gc,cpu         ] GC(23222) User=0.01s Sys=0.00s Real=0.01s
[2020-12-28T01:25:56.021-0500][gc,heap        ] GC(23223) Heap before GC invocations=23223 (full 5290): garbage-first heap   total 64512K, used 51563K [0x0000000083000000, 0x0000000100000000)
[2020-12-28T01:25:56.021-0500][gc,heap        ] GC(23223)   region size 1024K, 9 young (9216K), 1 survivors (1024K)
[2020-12-28T01:25:56.021-0500][gc,heap        ] GC(23223)  Metaspace       used 50293K, capacity 52461K, committed 53888K, reserved 1093632K
[2020-12-28T01:25:56.021-0500][gc,heap        ] GC(23223)   class space    used 7457K, capacity 8250K, committed 8832K, reserved 1048576K
[2020-12-28T01:25:56.022-0500][gc,start       ] GC(23223) Pause Young (Normal) (G1 Evacuation Pause)
[2020-12-28T01:25:56.022-0500][gc,task        ] GC(23223) Using 8 workers of 8 for evacuation
[2020-12-28T01:25:56.028-0500][gc,phases      ] GC(23223)   Pre Evacuate Collection Set: 0.0ms
[2020-12-28T01:25:56.028-0500][gc,phases      ] GC(23223)   Evacuate Collection Set: 2.2ms
[2020-12-28T01:25:56.028-0500][gc,phases      ] GC(23223)   Post Evacuate Collection Set: 3.5ms
[2020-12-28T01:25:56.028-0500][gc,phases      ] GC(23223)   Other: 0.5ms
[2020-12-28T01:25:56.028-0500][gc,heap        ] GC(23223) Eden regions: 8->0(8)
[2020-12-28T01:25:56.028-0500][gc,heap        ] GC(23223) Survivor regions: 1->1(2)
[2020-12-28T01:25:56.028-0500][gc,heap        ] GC(23223) Old regions: 42->42
[2020-12-28T01:25:56.028-0500][gc,heap        ] GC(23223) Humongous regions: 4->4
[2020-12-28T01:25:56.028-0500][gc,metaspace   ] GC(23223) Metaspace: 50293K->50293K(1093632K)
[2020-12-28T01:25:56.028-0500][gc,heap        ] GC(23223) Heap after GC invocations=23224 (full 5290): garbage-first heap   total 64512K, used 43379K [0x0000000083000000, 0x0000000100000000)
[2020-12-28T01:25:56.028-0500][gc,heap        ] GC(23223)   region size 1024K, 1 young (1024K), 1 survivors (1024K)
[2020-12-28T01:25:56.029-0500][gc,heap        ] GC(23223)  Metaspace       used 50293K, capacity 52461K, committed 53888K, reserved 1093632K
[2020-12-28T01:25:56.029-0500][gc,heap        ] GC(23223)   class space    used 7457K, capacity 8250K, committed 8832K, reserved 1048576K
[2020-12-28T01:25:56.029-0500][gc             ] GC(23223) Pause Young (Normal) (G1 Evacuation Pause) 50M->42M(63M) 7.111ms
[2020-12-28T01:25:56.029-0500][gc,cpu         ] GC(23223) User=0.02s Sys=0.01s Real=0.01s
[2020-12-28T01:26:45.192-0500][gc,task        ] GC(23224) Using 5 workers of 8 for full compaction
[2020-12-28T01:26:45.192-0500][gc,start       ] GC(23224) Pause Full (System.gc())
[2020-12-28T01:26:45.192-0500][gc,heap        ] GC(23224) Heap before GC invocations=23224 (full 5290): garbage-first heap   total 64512K, used 45427K [0x0000000083000000, 0x0000000100000000)
[2020-12-28T01:26:45.192-0500][gc,heap        ] GC(23224)   region size 1024K, 4 young (4096K), 1 survivors (1024K)
[2020-12-28T01:26:45.193-0500][gc,heap        ] GC(23224)  Metaspace       used 50293K, capacity 52461K, committed 53888K, reserved 1093632K
[2020-12-28T01:26:45.193-0500][gc,heap        ] GC(23224)   class space    used 7457K, capacity 8250K, committed 8832K, reserved 1048576K
[2020-12-28T01:26:45.193-0500][gc,phases,start] GC(23224) Phase 1: Mark live objects
[2020-12-28T01:26:45.232-0500][gc,stringtable ] GC(23224) Cleaned string and symbol table, strings: 33311 processed, 4 removed, symbols: 120973 processed, 0 removed
[2020-12-28T01:26:45.232-0500][gc,phases      ] GC(23224) Phase 1: Mark live objects 38.597ms
[2020-12-28T01:26:45.232-0500][gc,phases,start] GC(23224) Phase 2: Prepare for compaction
[2020-12-28T01:26:45.236-0500][gc,phases      ] GC(23224) Phase 2: Prepare for compaction 4.416ms
[2020-12-28T01:26:45.236-0500][gc,phases,start] GC(23224) Phase 3: Adjust pointers
[2020-12-28T01:26:45.249-0500][gc,phases      ] GC(23224) Phase 3: Adjust pointers 12.796ms
[2020-12-28T01:26:45.249-0500][gc,phases,start] GC(23224) Phase 4: Compact heap
[2020-12-28T01:26:45.252-0500][gc,phases      ] GC(23224) Phase 4: Compact heap 3.070ms
[2020-12-28T01:26:45.256-0500][gc,heap        ] GC(23224) Eden regions: 3->0(9)
[2020-12-28T01:26:45.256-0500][gc,heap        ] GC(23224) Survivor regions: 1->0(2)
[2020-12-28T01:26:45.256-0500][gc,heap        ] GC(23224) Old regions: 42->42
[2020-12-28T01:26:45.256-0500][gc,heap        ] GC(23224) Humongous regions: 4->4
[2020-12-28T01:26:45.256-0500][gc,metaspace   ] GC(23224) Metaspace: 50293K->50293K(1093632K)
[2020-12-28T01:26:45.256-0500][gc,heap        ] GC(23224) Heap after GC invocations=23225 (full 5291): garbage-first heap   total 64512K, used 43325K [0x0000000083000000, 0x0000000100000000)
[2020-12-28T01:26:45.256-0500][gc,heap        ] GC(23224)   region size 1024K, 0 young (0K), 0 survivors (0K)
[2020-12-28T01:26:45.256-0500][gc,heap        ] GC(23224)  Metaspace       used 50293K, capacity 52461K, committed 53888K, reserved 1093632K
[2020-12-28T01:26:45.256-0500][gc,heap        ] GC(23224)   class space    used 7457K, capacity 8250K, committed 8832K, reserved 1048576K
[2020-12-28T01:26:45.257-0500][gc             ] GC(23224) Pause Full (System.gc()) 45M->42M(63M) 64.122ms
[2020-12-28T01:26:45.257-0500][gc,cpu         ] GC(23224) User=0.29s Sys=0.00s Real=0.06s
[2020-12-28T01:28:56.018-0500][gc,heap        ] GC(23225) Heap before GC invocations=23225 (full 5291): garbage-first heap   total 64512K, used 52541K [0x0000000083000000, 0x0000000100000000)
[2020-12-28T01:28:56.018-0500][gc,heap        ] GC(23225)   region size 1024K, 9 young (9216K), 0 survivors (0K)
[2020-12-28T01:28:56.018-0500][gc,heap        ] GC(23225)  Metaspace       used 50293K, capacity 52461K, committed 53888K, reserved 1093632K
[2020-12-28T01:28:56.018-0500][gc,heap        ] GC(23225)   class space    used 7457K, capacity 8250K, committed 8832K, reserved 1048576K
[2020-12-28T01:28:56.019-0500][gc,start       ] GC(23225) Pause Young (Normal) (G1 Evacuation Pause)
[2020-12-28T01:28:56.019-0500][gc,task        ] GC(23225) Using 8 workers of 8 for evacuation
[2020-12-28T01:28:56.022-0500][gc,phases      ] GC(23225)   Pre Evacuate Collection Set: 0.0ms
[2020-12-28T01:28:56.022-0500][gc,phases      ] GC(23225)   Evacuate Collection Set: 1.0ms
[2020-12-28T01:28:56.022-0500][gc,phases      ] GC(23225)   Post Evacuate Collection Set: 2.3ms
[2020-12-28T01:28:56.022-0500][gc,phases      ] GC(23225)   Other: 0.3ms
[2020-12-28T01:28:56.022-0500][gc,heap        ] GC(23225) Eden regions: 9->0(8)
[2020-12-28T01:28:56.022-0500][gc,heap        ] GC(23225) Survivor regions: 0->1(2)
[2020-12-28T01:28:56.022-0500][gc,heap        ] GC(23225) Old regions: 42->42
[2020-12-28T01:28:56.022-0500][gc,heap        ] GC(23225) Humongous regions: 4->4
[2020-12-28T01:28:56.022-0500][gc,metaspace   ] GC(23225) Metaspace: 50293K->50293K(1093632K)
[2020-12-28T01:28:56.022-0500][gc,heap        ] GC(23225) Heap after GC invocations=23226 (full 5291): garbage-first heap   total 64512K, used 43383K [0x0000000083000000, 0x0000000100000000)
[2020-12-28T01:28:56.022-0500][gc,heap        ] GC(23225)   region size 1024K, 1 young (1024K), 1 survivors (1024K)
[2020-12-28T01:28:56.022-0500][gc,heap        ] GC(23225)  Metaspace       used 50293K, capacity 52461K, committed 53888K, reserved 1093632K
[2020-12-28T01:28:56.022-0500][gc,heap        ] GC(23225)   class space    used 7457K, capacity 8250K, committed 8832K, reserved 1048576K
[2020-12-28T01:28:56.022-0500][gc             ] GC(23225) Pause Young (Normal) (G1 Evacuation Pause) 51M->42M(63M) 3.834ms
[2020-12-28T01:28:56.023-0500][gc,cpu         ] GC(23225) User=0.01s Sys=0.01s Real=0.00s
[2020-12-28T01:30:48.617-0500][gc,heap        ] GC(23226) Heap before GC invocations=23226 (full 5291): garbage-first heap   total 64512K, used 51575K [0x0000000083000000, 0x0000000100000000)
[2020-12-28T01:30:48.617-0500][gc,heap        ] GC(23226)   region size 1024K, 9 young (9216K), 1 survivors (1024K)
[2020-12-28T01:30:48.617-0500][gc,heap        ] GC(23226)  Metaspace       used 50293K, capacity 52461K, committed 53888K, reserved 1093632K
[2020-12-28T01:30:48.617-0500][gc,heap        ] GC(23226)   class space    used 7457K, capacity 8250K, committed 8832K, reserved 1048576K
[2020-12-28T01:30:48.617-0500][gc,start       ] GC(23226) Pause Young (Normal) (G1 Evacuation Pause)
[2020-12-28T01:30:48.617-0500][gc,task        ] GC(23226) Using 8 workers of 8 for evacuation
[2020-12-28T01:30:48.657-0500][gc,phases      ] GC(23226)   Pre Evacuate Collection Set: 0.0ms
[2020-12-28T01:30:48.657-0500][gc,phases      ] GC(23226)   Evacuate Collection Set: 21.9ms
[2020-12-28T01:30:48.657-0500][gc,phases      ] GC(23226)   Post Evacuate Collection Set: 18.1ms
[2020-12-28T01:30:48.657-0500][gc,phases      ] GC(23226)   Other: 0.2ms
[2020-12-28T01:30:48.657-0500][gc,heap        ] GC(23226) Eden regions: 8->0(8)
[2020-12-28T01:30:48.657-0500][gc,heap        ] GC(23226) Survivor regions: 1->1(2)
[2020-12-28T01:30:48.657-0500][gc,heap        ] GC(23226) Old regions: 42->42
[2020-12-28T01:30:48.657-0500][gc,heap        ] GC(23226) Humongous regions: 4->4
[2020-12-28T01:30:48.657-0500][gc,metaspace   ] GC(23226) Metaspace: 50293K->50293K(1093632K)
[2020-12-28T01:30:48.657-0500][gc,heap        ] GC(23226) Heap after GC invocations=23227 (full 5291): garbage-first heap   total 64512K, used 43393K [0x0000000083000000, 0x0000000100000000)
[2020-12-28T01:30:48.657-0500][gc,heap        ] GC(23226)   region size 1024K, 1 young (1024K), 1 survivors (1024K)
[2020-12-28T01:30:48.657-0500][gc,heap        ] GC(23226)  Metaspace       used 50293K, capacity 52461K, committed 53888K, reserved 1093632K
[2020-12-28T01:30:48.657-0500][gc,heap        ] GC(23226)   class space    used 7457K, capacity 8250K, committed 8832K, reserved 1048576K
[2020-12-28T01:30:48.657-0500][gc             ] GC(23226) Pause Young (Normal) (G1 Evacuation Pause) 50M->42M(63M) 40.230ms
[2020-12-28T01:30:48.657-0500][gc,cpu         ] GC(23226) User=0.23s Sys=0.00s Real=0.04s
[2020-12-28T01:31:45.190-0500][gc,task        ] GC(23227) Using 5 workers of 8 for full compaction
[2020-12-28T01:31:45.190-0500][gc,start       ] GC(23227) Pause Full (System.gc())
[2020-12-28T01:31:45.190-0500][gc,heap        ] GC(23227) Heap before GC invocations=23227 (full 5291): garbage-first heap   total 64512K, used 46465K [0x0000000083000000, 0x0000000100000000)
[2020-12-28T01:31:45.190-0500][gc,heap        ] GC(23227)   region size 1024K, 5 young (5120K), 1 survivors (1024K)
[2020-12-28T01:31:45.190-0500][gc,heap        ] GC(23227)  Metaspace       used 50293K, capacity 52461K, committed 53888K, reserved 1093632K
[2020-12-28T01:31:45.190-0500][gc,heap        ] GC(23227)   class space    used 7457K, capacity 8250K, committed 8832K, reserved 1048576K
[2020-12-28T01:31:45.191-0500][gc,phases,start] GC(23227) Phase 1: Mark live objects
[2020-12-28T01:31:45.228-0500][gc,stringtable ] GC(23227) Cleaned string and symbol table, strings: 33311 processed, 4 removed, symbols: 120973 processed, 0 removed
[2020-12-28T01:31:45.228-0500][gc,phases      ] GC(23227) Phase 1: Mark live objects 37.460ms
[2020-12-28T01:31:45.228-0500][gc,phases,start] GC(23227) Phase 2: Prepare for compaction
[2020-12-28T01:31:45.232-0500][gc,phases      ] GC(23227) Phase 2: Prepare for compaction 3.387ms
[2020-12-28T01:31:45.232-0500][gc,phases,start] GC(23227) Phase 3: Adjust pointers
[2020-12-28T01:31:45.242-0500][gc,phases      ] GC(23227) Phase 3: Adjust pointers 10.649ms
[2020-12-28T01:31:45.242-0500][gc,phases,start] GC(23227) Phase 4: Compact heap
[2020-12-28T01:31:45.245-0500][gc,phases      ] GC(23227) Phase 4: Compact heap 2.679ms
[2020-12-28T01:31:45.249-0500][gc,heap        ] GC(23227) Eden regions: 4->0(8)
[2020-12-28T01:31:45.249-0500][gc,heap        ] GC(23227) Survivor regions: 1->0(2)
[2020-12-28T01:31:45.249-0500][gc,heap        ] GC(23227) Old regions: 42->43
[2020-12-28T01:31:45.249-0500][gc,heap        ] GC(23227) Humongous regions: 4->4
[2020-12-28T01:31:45.249-0500][gc,metaspace   ] GC(23227) Metaspace: 50293K->50293K(1093632K)
[2020-12-28T01:31:45.249-0500][gc,heap        ] GC(23227) Heap after GC invocations=23228 (full 5292): garbage-first heap   total 64512K, used 43331K [0x0000000083000000, 0x0000000100000000)
[2020-12-28T01:31:45.249-0500][gc,heap        ] GC(23227)   region size 1024K, 0 young (0K), 0 survivors (0K)
[2020-12-28T01:31:45.249-0500][gc,heap        ] GC(23227)  Metaspace       used 50293K, capacity 52461K, committed 53888K, reserved 1093632K
[2020-12-28T01:31:45.249-0500][gc,heap        ] GC(23227)   class space    used 7457K, capacity 8250K, committed 8832K, reserved 1048576K
[2020-12-28T01:31:45.249-0500][gc             ] GC(23227) Pause Full (System.gc()) 46M->42M(63M) 59.112ms
[2020-12-28T01:31:45.249-0500][gc,cpu         ] GC(23227) User=0.27s Sys=0.00s Real=0.06s
[2020-12-28T01:33:46.011-0500][gc,heap        ] GC(23228) Heap before GC invocations=23228 (full 5292): garbage-first heap   total 64512K, used 50499K [0x0000000083000000, 0x0000000100000000)
[2020-12-28T01:33:46.011-0500][gc,heap        ] GC(23228)   region size 1024K, 8 young (8192K), 0 survivors (0K)
[2020-12-28T01:33:46.011-0500][gc,heap        ] GC(23228)  Metaspace       used 50293K, capacity 52461K, committed 53888K, reserved 1093632K
[2020-12-28T01:33:46.011-0500][gc,heap        ] GC(23228)   class space    used 7457K, capacity 8250K, committed 8832K, reserved 1048576K
[2020-12-28T01:33:46.011-0500][gc,start       ] GC(23228) Pause Young (Normal) (G1 Evacuation Pause)
[2020-12-28T01:33:46.011-0500][gc,task        ] GC(23228) Using 8 workers of 8 for evacuation
[2020-12-28T01:33:46.015-0500][gc,phases      ] GC(23228)   Pre Evacuate Collection Set: 0.0ms
[2020-12-28T01:33:46.016-0500][gc,phases      ] GC(23228)   Evacuate Collection Set: 3.3ms
[2020-12-28T01:33:46.016-0500][gc,phases      ] GC(23228)   Post Evacuate Collection Set: 1.0ms
[2020-12-28T01:33:46.016-0500][gc,phases      ] GC(23228)   Other: 0.3ms
[2020-12-28T01:33:46.016-0500][gc,heap        ] GC(23228) Eden regions: 8->0(7)
[2020-12-28T01:33:46.016-0500][gc,heap        ] GC(23228) Survivor regions: 0->1(1)
[2020-12-28T01:33:46.016-0500][gc,heap        ] GC(23228) Old regions: 43->43
[2020-12-28T01:33:46.016-0500][gc,heap        ] GC(23228) Humongous regions: 4->4
[2020-12-28T01:33:46.016-0500][gc,metaspace   ] GC(23228) Metaspace: 50293K->50293K(1093632K)
[2020-12-28T01:33:46.016-0500][gc,heap        ] GC(23228) Heap after GC invocations=23229 (full 5292): garbage-first heap   total 64512K, used 43380K [0x0000000083000000, 0x0000000100000000)
[2020-12-28T01:33:46.016-0500][gc,heap        ] GC(23228)   region size 1024K, 1 young (1024K), 1 survivors (1024K)
[2020-12-28T01:33:46.016-0500][gc,heap        ] GC(23228)  Metaspace       used 50293K, capacity 52461K, committed 53888K, reserved 1093632K
[2020-12-28T01:33:46.016-0500][gc,heap        ] GC(23228)   class space    used 7457K, capacity 8250K, committed 8832K, reserved 1048576K
[2020-12-28T01:33:46.016-0500][gc             ] GC(23228) Pause Young (Normal) (G1 Evacuation Pause) 50M->42M(63M) 4.658ms
[2020-12-28T01:33:46.016-0500][gc,cpu         ] GC(23228) User=0.03s Sys=0.00s Real=0.00s
[2020-12-28T01:35:28.703-0500][gc,heap        ] GC(23229) Heap before GC invocations=23229 (full 5292): garbage-first heap   total 64512K, used 49524K [0x0000000083000000, 0x0000000100000000)
[2020-12-28T01:35:28.703-0500][gc,heap        ] GC(23229)   region size 1024K, 8 young (8192K), 1 survivors (1024K)
[2020-12-28T01:35:28.703-0500][gc,heap        ] GC(23229)  Metaspace       used 50293K, capacity 52461K, committed 53888K, reserved 1093632K
[2020-12-28T01:35:28.703-0500][gc,heap        ] GC(23229)   class space    used 7457K, capacity 8250K, committed 8832K, reserved 1048576K
[2020-12-28T01:35:28.703-0500][gc,start       ] GC(23229) Pause Young (Normal) (G1 Evacuation Pause)
[2020-12-28T01:35:28.703-0500][gc,task        ] GC(23229) Using 8 workers of 8 for evacuation
[2020-12-28T01:35:28.705-0500][gc,phases      ] GC(23229)   Pre Evacuate Collection Set: 0.0ms
[2020-12-28T01:35:28.705-0500][gc,phases      ] GC(23229)   Evacuate Collection Set: 0.7ms
[2020-12-28T01:35:28.705-0500][gc,phases      ] GC(23229)   Post Evacuate Collection Set: 1.0ms
[2020-12-28T01:35:28.705-0500][gc,phases      ] GC(23229)   Other: 0.3ms
[2020-12-28T01:35:28.705-0500][gc,heap        ] GC(23229) Eden regions: 7->0(7)
[2020-12-28T01:35:28.705-0500][gc,heap        ] GC(23229) Survivor regions: 1->1(1)
[2020-12-28T01:35:28.705-0500][gc,heap        ] GC(23229) Old regions: 43->43
[2020-12-28T01:35:28.705-0500][gc,heap        ] GC(23229) Humongous regions: 4->4
[2020-12-28T01:35:28.705-0500][gc,metaspace   ] GC(23229) Metaspace: 50293K->50293K(1093632K)
[2020-12-28T01:35:28.705-0500][gc,heap        ] GC(23229) Heap after GC invocations=23230 (full 5292): garbage-first heap   total 64512K, used 43379K [0x0000000083000000, 0x0000000100000000)
[2020-12-28T01:35:28.705-0500][gc,heap        ] GC(23229)   region size 1024K, 1 young (1024K), 1 survivors (1024K)
[2020-12-28T01:35:28.705-0500][gc,heap        ] GC(23229)  Metaspace       used 50293K, capacity 52461K, committed 53888K, reserved 1093632K
[2020-12-28T01:35:28.705-0500][gc,heap        ] GC(23229)   class space    used 7457K, capacity 8250K, committed 8832K, reserved 1048576K
[2020-12-28T01:35:28.705-0500][gc             ] GC(23229) Pause Young (Normal) (G1 Evacuation Pause) 49M->42M(63M) 2.125ms
[2020-12-28T01:35:28.705-0500][gc,cpu         ] GC(23229) User=0.00s Sys=0.00s Real=0.00s
[2020-12-28T01:36:45.190-0500][gc,task        ] GC(23230) Using 5 workers of 8 for full compaction
[2020-12-28T01:36:45.190-0500][gc,start       ] GC(23230) Pause Full (System.gc())
[2020-12-28T01:36:45.190-0500][gc,heap        ] GC(23230) Heap before GC invocations=23230 (full 5292): garbage-first heap   total 64512K, used 47475K [0x0000000083000000, 0x0000000100000000)
[2020-12-28T01:36:45.190-0500][gc,heap        ] GC(23230)   region size 1024K, 6 young (6144K), 1 survivors (1024K)
[2020-12-28T01:36:45.190-0500][gc,heap        ] GC(23230)  Metaspace       used 50293K, capacity 52461K, committed 53888K, reserved 1093632K
[2020-12-28T01:36:45.190-0500][gc,heap        ] GC(23230)   class space    used 7457K, capacity 8250K, committed 8832K, reserved 1048576K
[2020-12-28T01:36:45.190-0500][gc,phases,start] GC(23230) Phase 1: Mark live objects
[2020-12-28T01:36:45.212-0500][gc,stringtable ] GC(23230) Cleaned string and symbol table, strings: 33311 processed, 4 removed, symbols: 120973 processed, 0 removed
[2020-12-28T01:36:45.212-0500][gc,phases      ] GC(23230) Phase 1: Mark live objects 22.000ms
[2020-12-28T01:36:45.212-0500][gc,phases,start] GC(23230) Phase 2: Prepare for compaction
[2020-12-28T01:36:45.216-0500][gc,phases      ] GC(23230) Phase 2: Prepare for compaction 4.262ms
[2020-12-28T01:36:45.216-0500][gc,phases,start] GC(23230) Phase 3: Adjust pointers
[2020-12-28T01:36:45.228-0500][gc,phases      ] GC(23230) Phase 3: Adjust pointers 11.590ms
[2020-12-28T01:36:45.228-0500][gc,phases,start] GC(23230) Phase 4: Compact heap
[2020-12-28T01:36:45.232-0500][gc,phases      ] GC(23230) Phase 4: Compact heap 3.951ms
[2020-12-28T01:36:45.237-0500][gc,heap        ] GC(23230) Eden regions: 5->0(9)
[2020-12-28T01:36:45.237-0500][gc,heap        ] GC(23230) Survivor regions: 1->0(1)
[2020-12-28T01:36:45.237-0500][gc,heap        ] GC(23230) Old regions: 43->42
[2020-12-28T01:36:45.237-0500][gc,heap        ] GC(23230) Humongous regions: 4->4
[2020-12-28T01:36:45.237-0500][gc,metaspace   ] GC(23230) Metaspace: 50293K->50293K(1093632K)
[2020-12-28T01:36:45.237-0500][gc,heap        ] GC(23230) Heap after GC invocations=23231 (full 5293): garbage-first heap   total 64512K, used 43328K [0x0000000083000000, 0x0000000100000000)
[2020-12-28T01:36:45.237-0500][gc,heap        ] GC(23230)   region size 1024K, 0 young (0K), 0 survivors (0K)
[2020-12-28T01:36:45.237-0500][gc,heap        ] GC(23230)  Metaspace       used 50293K, capacity 52461K, committed 53888K, reserved 1093632K
[2020-12-28T01:36:45.237-0500][gc,heap        ] GC(23230)   class space    used 7457K, capacity 8250K, committed 8832K, reserved 1048576K
[2020-12-28T01:36:45.237-0500][gc             ] GC(23230) Pause Full (System.gc()) 47M->42M(63M) 47.704ms
[2020-12-28T01:36:45.238-0500][gc,cpu         ] GC(23230) User=0.20s Sys=0.00s Real=0.04s
[2020-12-28T01:38:56.011-0500][gc,heap        ] GC(23231) Heap before GC invocations=23231 (full 5293): garbage-first heap   total 64512K, used 51520K [0x0000000083000000, 0x0000000100000000)
[2020-12-28T01:38:56.011-0500][gc,heap        ] GC(23231)   region size 1024K, 9 young (9216K), 0 survivors (0K)
[2020-12-28T01:38:56.011-0500][gc,heap        ] GC(23231)  Metaspace       used 50293K, capacity 52461K, committed 53888K, reserved 1093632K
[2020-12-28T01:38:56.011-0500][gc,heap        ] GC(23231)   class space    used 7457K, capacity 8250K, committed 8832K, reserved 1048576K
[2020-12-28T01:38:56.011-0500][gc,start       ] GC(23231) Pause Young (Normal) (G1 Evacuation Pause)
[2020-12-28T01:38:56.011-0500][gc,task        ] GC(23231) Using 8 workers of 8 for evacuation
[2020-12-28T01:38:56.012-0500][gc,phases      ] GC(23231)   Pre Evacuate Collection Set: 0.0ms
[2020-12-28T01:38:56.012-0500][gc,phases      ] GC(23231)   Evacuate Collection Set: 0.6ms
[2020-12-28T01:38:56.012-0500][gc,phases      ] GC(23231)   Post Evacuate Collection Set: 0.8ms
[2020-12-28T01:38:56.012-0500][gc,phases      ] GC(23231)   Other: 0.2ms
[2020-12-28T01:38:56.012-0500][gc,heap        ] GC(23231) Eden regions: 9->0(8)
[2020-12-28T01:38:56.012-0500][gc,heap        ] GC(23231) Survivor regions: 0->1(2)
[2020-12-28T01:38:56.012-0500][gc,heap        ] GC(23231) Old regions: 42->42
[2020-12-28T01:38:56.012-0500][gc,heap        ] GC(23231) Humongous regions: 4->4
[2020-12-28T01:38:56.012-0500][gc,metaspace   ] GC(23231) Metaspace: 50293K->50293K(1093632K)
[2020-12-28T01:38:56.012-0500][gc,heap        ] GC(23231) Heap after GC invocations=23232 (full 5293): garbage-first heap   total 64512K, used 43408K [0x0000000083000000, 0x0000000100000000)
[2020-12-28T01:38:56.012-0500][gc,heap        ] GC(23231)   region size 1024K, 1 young (1024K), 1 survivors (1024K)
[2020-12-28T01:38:56.012-0500][gc,heap        ] GC(23231)  Metaspace       used 50293K, capacity 52461K, committed 53888K, reserved 1093632K
[2020-12-28T01:38:56.012-0500][gc,heap        ] GC(23231)   class space    used 7457K, capacity 8250K, committed 8832K, reserved 1048576K
[2020-12-28T01:38:56.012-0500][gc             ] GC(23231) Pause Young (Normal) (G1 Evacuation Pause) 51M->42M(63M) 1.662ms
[2020-12-28T01:38:56.012-0500][gc,cpu         ] GC(23231) User=0.00s Sys=0.00s Real=0.00s
[2020-12-28T01:40:56.013-0500][gc,heap        ] GC(23232) Heap before GC invocations=23232 (full 5293): garbage-first heap   total 64512K, used 50576K [0x0000000083000000, 0x0000000100000000)
[2020-12-28T01:40:56.013-0500][gc,heap        ] GC(23232)   region size 1024K, 9 young (9216K), 1 survivors (1024K)
[2020-12-28T01:40:56.013-0500][gc,heap        ] GC(23232)  Metaspace       used 50293K, capacity 52461K, committed 53888K, reserved 1093632K
[2020-12-28T01:40:56.013-0500][gc,heap        ] GC(23232)   class space    used 7457K, capacity 8250K, committed 8832K, reserved 1048576K
[2020-12-28T01:40:56.013-0500][gc,start       ] GC(23232) Pause Young (Normal) (G1 Evacuation Pause)
[2020-12-28T01:40:56.013-0500][gc,task        ] GC(23232) Using 8 workers of 8 for evacuation
[2020-12-28T01:40:56.014-0500][gc,phases      ] GC(23232)   Pre Evacuate Collection Set: 0.0ms
[2020-12-28T01:40:56.014-0500][gc,phases      ] GC(23232)   Evacuate Collection Set: 0.7ms
[2020-12-28T01:40:56.014-0500][gc,phases      ] GC(23232)   Post Evacuate Collection Set: 0.8ms
[2020-12-28T01:40:56.014-0500][gc,phases      ] GC(23232)   Other: 0.3ms
[2020-12-28T01:40:56.014-0500][gc,heap        ] GC(23232) Eden regions: 8->0(8)
[2020-12-28T01:40:56.014-0500][gc,heap        ] GC(23232) Survivor regions: 1->1(2)
[2020-12-28T01:40:56.014-0500][gc,heap        ] GC(23232) Old regions: 42->42
[2020-12-28T01:40:56.014-0500][gc,heap        ] GC(23232) Humongous regions: 4->4
[2020-12-28T01:40:56.014-0500][gc,metaspace   ] GC(23232) Metaspace: 50293K->50293K(1093632K)
[2020-12-28T01:40:56.014-0500][gc,heap        ] GC(23232) Heap after GC invocations=23233 (full 5293): garbage-first heap   total 64512K, used 43390K [0x0000000083000000, 0x0000000100000000)
[2020-12-28T01:40:56.014-0500][gc,heap        ] GC(23232)   region size 1024K, 1 young (1024K), 1 survivors (1024K)
[2020-12-28T01:40:56.014-0500][gc,heap        ] GC(23232)  Metaspace       used 50293K, capacity 52461K, committed 53888K, reserved 1093632K
[2020-12-28T01:40:56.014-0500][gc,heap        ] GC(23232)   class space    used 7457K, capacity 8250K, committed 8832K, reserved 1048576K
[2020-12-28T01:40:56.015-0500][gc             ] GC(23232) Pause Young (Normal) (G1 Evacuation Pause) 50M->42M(63M) 1.828ms
[2020-12-28T01:40:56.015-0500][gc,cpu         ] GC(23232) User=0.01s Sys=0.00s Real=0.00s
[2020-12-28T01:41:23.329-0500][gc,heap        ] GC(23233) Heap before GC invocations=23233 (full 5293): garbage-first heap   total 64512K, used 50558K [0x0000000083000000, 0x0000000100000000)
[2020-12-28T01:41:23.329-0500][gc,heap        ] GC(23233)   region size 1024K, 9 young (9216K), 1 survivors (1024K)
[2020-12-28T01:41:23.329-0500][gc,heap        ] GC(23233)  Metaspace       used 50310K, capacity 52486K, committed 53888K, reserved 1093632K
[2020-12-28T01:41:23.329-0500][gc,heap        ] GC(23233)   class space    used 7459K, capacity 8254K, committed 8832K, reserved 1048576K
[2020-12-28T01:41:23.329-0500][gc,start       ] GC(23233) Pause Young (Normal) (G1 Evacuation Pause)
[2020-12-28T01:41:23.329-0500][gc,task        ] GC(23233) Using 8 workers of 8 for evacuation
[2020-12-28T01:41:23.333-0500][gc,phases      ] GC(23233)   Pre Evacuate Collection Set: 0.0ms
[2020-12-28T01:41:23.333-0500][gc,phases      ] GC(23233)   Evacuate Collection Set: 1.5ms
[2020-12-28T01:41:23.333-0500][gc,phases      ] GC(23233)   Post Evacuate Collection Set: 2.3ms
[2020-12-28T01:41:23.333-0500][gc,phases      ] GC(23233)   Other: 0.2ms
[2020-12-28T01:41:23.333-0500][gc,heap        ] GC(23233) Eden regions: 8->0(8)
[2020-12-28T01:41:23.333-0500][gc,heap        ] GC(23233) Survivor regions: 1->1(2)
[2020-12-28T01:41:23.333-0500][gc,heap        ] GC(23233) Old regions: 42->42
[2020-12-28T01:41:23.333-0500][gc,heap        ] GC(23233) Humongous regions: 4->4
[2020-12-28T01:41:23.333-0500][gc,metaspace   ] GC(23233) Metaspace: 50310K->50310K(1093632K)
[2020-12-28T01:41:23.333-0500][gc,heap        ] GC(23233) Heap after GC invocations=23234 (full 5293): garbage-first heap   total 64512K, used 43604K [0x0000000083000000, 0x0000000100000000)
[2020-12-28T01:41:23.334-0500][gc,heap        ] GC(23233)   region size 1024K, 1 young (1024K), 1 survivors (1024K)
[2020-12-28T01:41:23.334-0500][gc,heap        ] GC(23233)  Metaspace       used 50310K, capacity 52486K, committed 53888K, reserved 1093632K
[2020-12-28T01:41:23.334-0500][gc,heap        ] GC(23233)   class space    used 7459K, capacity 8254K, committed 8832K, reserved 1048576K
[2020-12-28T01:41:23.334-0500][gc             ] GC(23233) Pause Young (Normal) (G1 Evacuation Pause) 50M->42M(63M) 4.163ms
[2020-12-28T01:41:23.334-0500][gc,cpu         ] GC(23233) User=0.02s Sys=0.00s Real=0.00s
[2020-12-28T01:41:41.622-0500][gc,heap        ] GC(23234) Heap before GC invocations=23234 (full 5293): garbage-first heap   total 64512K, used 50772K [0x0000000083000000, 0x0000000100000000)
[2020-12-28T01:41:41.622-0500][gc,heap        ] GC(23234)   region size 1024K, 9 young (9216K), 1 survivors (1024K)
[2020-12-28T01:41:41.622-0500][gc,heap        ] GC(23234)  Metaspace       used 50333K, capacity 52498K, committed 53888K, reserved 1093632K
[2020-12-28T01:41:41.622-0500][gc,heap        ] GC(23234)   class space    used 7459K, capacity 8255K, committed 8832K, reserved 1048576K
[2020-12-28T01:41:41.622-0500][gc,start       ] GC(23234) Pause Young (Normal) (G1 Evacuation Pause)
[2020-12-28T01:41:41.622-0500][gc,task        ] GC(23234) Using 8 workers of 8 for evacuation
[2020-12-28T01:41:41.630-0500][gc,phases      ] GC(23234)   Pre Evacuate Collection Set: 0.0ms
[2020-12-28T01:41:41.630-0500][gc,phases      ] GC(23234)   Evacuate Collection Set: 6.0ms
[2020-12-28T01:41:41.630-0500][gc,phases      ] GC(23234)   Post Evacuate Collection Set: 1.4ms
[2020-12-28T01:41:41.630-0500][gc,phases      ] GC(23234)   Other: 0.2ms
[2020-12-28T01:41:41.630-0500][gc,heap        ] GC(23234) Eden regions: 8->0(6)
[2020-12-28T01:41:41.630-0500][gc,heap        ] GC(23234) Survivor regions: 1->2(2)
[2020-12-28T01:41:41.630-0500][gc,heap        ] GC(23234) Old regions: 42->42
[2020-12-28T01:41:41.630-0500][gc,heap        ] GC(23234) Humongous regions: 4->4
[2020-12-28T01:41:41.630-0500][gc,metaspace   ] GC(23234) Metaspace: 50333K->50333K(1093632K)
[2020-12-28T01:41:41.630-0500][gc,heap        ] GC(23234) Heap after GC invocations=23235 (full 5293): garbage-first heap   total 64512K, used 44512K [0x0000000083000000, 0x0000000100000000)
[2020-12-28T01:41:41.630-0500][gc,heap        ] GC(23234)   region size 1024K, 2 young (2048K), 2 survivors (2048K)
[2020-12-28T01:41:41.630-0500][gc,heap        ] GC(23234)  Metaspace       used 50333K, capacity 52498K, committed 53888K, reserved 1093632K
[2020-12-28T01:41:41.630-0500][gc,heap        ] GC(23234)   class space    used 7459K, capacity 8255K, committed 8832K, reserved 1048576K
[2020-12-28T01:41:41.630-0500][gc             ] GC(23234) Pause Young (Normal) (G1 Evacuation Pause) 50M->43M(63M) 7.867ms
[2020-12-28T01:41:41.630-0500][gc,cpu         ] GC(23234) User=0.03s Sys=0.01s Real=0.01s
[2020-12-28T01:41:45.190-0500][gc,task        ] GC(23235) Using 5 workers of 8 for full compaction
[2020-12-28T01:41:45.190-0500][gc,start       ] GC(23235) Pause Full (System.gc())
[2020-12-28T01:41:45.190-0500][gc,heap        ] GC(23235) Heap before GC invocations=23235 (full 5293): garbage-first heap   total 64512K, used 44512K [0x0000000083000000, 0x0000000100000000)
[2020-12-28T01:41:45.190-0500][gc,heap        ] GC(23235)   region size 1024K, 3 young (3072K), 2 survivors (2048K)
[2020-12-28T01:41:45.190-0500][gc,heap        ] GC(23235)  Metaspace       used 50333K, capacity 52498K, committed 53888K, reserved 1093632K
[2020-12-28T01:41:45.190-0500][gc,heap        ] GC(23235)   class space    used 7459K, capacity 8255K, committed 8832K, reserved 1048576K
[2020-12-28T01:41:45.190-0500][gc,phases,start] GC(23235) Phase 1: Mark live objects
[2020-12-28T01:41:45.212-0500][gc,stringtable ] GC(23235) Cleaned string and symbol table, strings: 33458 processed, 4 removed, symbols: 120983 processed, 0 removed
[2020-12-28T01:41:45.212-0500][gc,phases      ] GC(23235) Phase 1: Mark live objects 21.292ms
[2020-12-28T01:41:45.212-0500][gc,phases,start] GC(23235) Phase 2: Prepare for compaction
[2020-12-28T01:41:45.215-0500][gc,phases      ] GC(23235) Phase 2: Prepare for compaction 3.780ms
[2020-12-28T01:41:45.215-0500][gc,phases,start] GC(23235) Phase 3: Adjust pointers
[2020-12-28T01:41:45.227-0500][gc,phases      ] GC(23235) Phase 3: Adjust pointers 11.297ms
[2020-12-28T01:41:45.227-0500][gc,phases,start] GC(23235) Phase 4: Compact heap
[2020-12-28T01:41:45.233-0500][gc,phases      ] GC(23235) Phase 4: Compact heap 5.928ms
[2020-12-28T01:41:45.239-0500][gc,heap        ] GC(23235) Eden regions: 1->0(8)
[2020-12-28T01:41:45.239-0500][gc,heap        ] GC(23235) Survivor regions: 2->0(2)
[2020-12-28T01:41:45.239-0500][gc,heap        ] GC(23235) Old regions: 42->42
[2020-12-28T01:41:45.239-0500][gc,heap        ] GC(23235) Humongous regions: 4->4
[2020-12-28T01:41:45.239-0500][gc,metaspace   ] GC(23235) Metaspace: 50333K->50333K(1093632K)
[2020-12-28T01:41:45.239-0500][gc,heap        ] GC(23235) Heap after GC invocations=23236 (full 5294): garbage-first heap   total 64512K, used 44276K [0x0000000083000000, 0x0000000100000000)
[2020-12-28T01:41:45.239-0500][gc,heap        ] GC(23235)   region size 1024K, 0 young (0K), 0 survivors (0K)
[2020-12-28T01:41:45.239-0500][gc,heap        ] GC(23235)  Metaspace       used 50333K, capacity 52498K, committed 53888K, reserved 1093632K
[2020-12-28T01:41:45.239-0500][gc,heap        ] GC(23235)   class space    used 7459K, capacity 8255K, committed 8832K, reserved 1048576K
[2020-12-28T01:41:45.239-0500][gc             ] GC(23235) Pause Full (System.gc()) 43M->43M(63M) 48.950ms
[2020-12-28T01:41:45.239-0500][gc,cpu         ] GC(23235) User=0.19s Sys=0.00s Real=0.05s
[2020-12-28T01:43:39.695-0500][gc,heap        ] GC(23236) Heap before GC invocations=23236 (full 5294): garbage-first heap   total 64512K, used 52468K [0x0000000083000000, 0x0000000100000000)
[2020-12-28T01:43:39.695-0500][gc,heap        ] GC(23236)   region size 1024K, 8 young (8192K), 0 survivors (0K)
[2020-12-28T01:43:39.695-0500][gc,heap        ] GC(23236)  Metaspace       used 50333K, capacity 52498K, committed 53888K, reserved 1093632K
[2020-12-28T01:43:39.695-0500][gc,heap        ] GC(23236)   class space    used 7459K, capacity 8255K, committed 8832K, reserved 1048576K
[2020-12-28T01:43:39.695-0500][gc,start       ] GC(23236) Pause Young (Normal) (G1 Evacuation Pause)
[2020-12-28T01:43:39.695-0500][gc,task        ] GC(23236) Using 8 workers of 8 for evacuation
[2020-12-28T01:43:39.701-0500][gc,phases      ] GC(23236)   Pre Evacuate Collection Set: 0.0ms
[2020-12-28T01:43:39.701-0500][gc,phases      ] GC(23236)   Evacuate Collection Set: 2.9ms
[2020-12-28T01:43:39.701-0500][gc,phases      ] GC(23236)   Post Evacuate Collection Set: 2.6ms
[2020-12-28T01:43:39.701-0500][gc,phases      ] GC(23236)   Other: 0.6ms
[2020-12-28T01:43:39.701-0500][gc,heap        ] GC(23236) Eden regions: 8->0(7)
[2020-12-28T01:43:39.701-0500][gc,heap        ] GC(23236) Survivor regions: 0->1(1)
[2020-12-28T01:43:39.701-0500][gc,heap        ] GC(23236) Old regions: 42->42
[2020-12-28T01:43:39.701-0500][gc,heap        ] GC(23236) Humongous regions: 4->4
[2020-12-28T01:43:39.701-0500][gc,metaspace   ] GC(23236) Metaspace: 50333K->50333K(1093632K)
[2020-12-28T01:43:39.701-0500][gc,heap        ] GC(23236) Heap after GC invocations=23237 (full 5294): garbage-first heap   total 64512K, used 44441K [0x0000000083000000, 0x0000000100000000)
[2020-12-28T01:43:39.701-0500][gc,heap        ] GC(23236)   region size 1024K, 1 young (1024K), 1 survivors (1024K)
[2020-12-28T01:43:39.701-0500][gc,heap        ] GC(23236)  Metaspace       used 50333K, capacity 52498K, committed 53888K, reserved 1093632K
[2020-12-28T01:43:39.701-0500][gc,heap        ] GC(23236)   class space    used 7459K, capacity 8255K, committed 8832K, reserved 1048576K
[2020-12-28T01:43:39.701-0500][gc             ] GC(23236) Pause Young (Normal) (G1 Evacuation Pause) 51M->43M(63M) 6.177ms
[2020-12-28T01:43:39.701-0500][gc,cpu         ] GC(23236) User=0.02s Sys=0.00s Real=0.01s
[2020-12-28T01:45:29.062-0500][gc,heap        ] GC(23237) Heap before GC invocations=23237 (full 5294): garbage-first heap   total 64512K, used 50585K [0x0000000083000000, 0x0000000100000000)
[2020-12-28T01:45:29.062-0500][gc,heap        ] GC(23237)   region size 1024K, 8 young (8192K), 1 survivors (1024K)
[2020-12-28T01:45:29.062-0500][gc,heap        ] GC(23237)  Metaspace       used 50333K, capacity 52498K, committed 53888K, reserved 1093632K
[2020-12-28T01:45:29.062-0500][gc,heap        ] GC(23237)   class space    used 7459K, capacity 8255K, committed 8832K, reserved 1048576K
[2020-12-28T01:45:29.062-0500][gc,start       ] GC(23237) Pause Young (Normal) (G1 Evacuation Pause)
[2020-12-28T01:45:29.062-0500][gc,task        ] GC(23237) Using 8 workers of 8 for evacuation
[2020-12-28T01:45:29.066-0500][gc,phases      ] GC(23237)   Pre Evacuate Collection Set: 0.0ms
[2020-12-28T01:45:29.066-0500][gc,phases      ] GC(23237)   Evacuate Collection Set: 1.0ms
[2020-12-28T01:45:29.066-0500][gc,phases      ] GC(23237)   Post Evacuate Collection Set: 2.3ms
[2020-12-28T01:45:29.066-0500][gc,phases      ] GC(23237)   Other: 0.3ms
[2020-12-28T01:45:29.066-0500][gc,heap        ] GC(23237) Eden regions: 7->0(8)
[2020-12-28T01:45:29.066-0500][gc,heap        ] GC(23237) Survivor regions: 1->1(1)
[2020-12-28T01:45:29.066-0500][gc,heap        ] GC(23237) Old regions: 42->42
[2020-12-28T01:45:29.066-0500][gc,heap        ] GC(23237) Humongous regions: 4->4
[2020-12-28T01:45:29.066-0500][gc,metaspace   ] GC(23237) Metaspace: 50333K->50333K(1093632K)
[2020-12-28T01:45:29.066-0500][gc,heap        ] GC(23237) Heap after GC invocations=23238 (full 5294): garbage-first heap   total 64512K, used 44367K [0x0000000083000000, 0x0000000100000000)
[2020-12-28T01:45:29.066-0500][gc,heap        ] GC(23237)   region size 1024K, 1 young (1024K), 1 survivors (1024K)
[2020-12-28T01:45:29.066-0500][gc,heap        ] GC(23237)  Metaspace       used 50333K, capacity 52498K, committed 53888K, reserved 1093632K
[2020-12-28T01:45:29.066-0500][gc,heap        ] GC(23237)   class space    used 7459K, capacity 8255K, committed 8832K, reserved 1048576K
[2020-12-28T01:45:29.066-0500][gc             ] GC(23237) Pause Young (Normal) (G1 Evacuation Pause) 50M->43M(63M) 3.694ms
[2020-12-28T01:45:29.066-0500][gc,cpu         ] GC(23237) User=0.01s Sys=0.01s Real=0.00s
[2020-12-28T01:46:45.190-0500][gc,task        ] GC(23238) Using 5 workers of 8 for full compaction
[2020-12-28T01:46:45.190-0500][gc,start       ] GC(23238) Pause Full (System.gc())
[2020-12-28T01:46:45.190-0500][gc,heap        ] GC(23238) Heap before GC invocations=23238 (full 5294): garbage-first heap   total 64512K, used 48463K [0x0000000083000000, 0x0000000100000000)
[2020-12-28T01:46:45.190-0500][gc,heap        ] GC(23238)   region size 1024K, 7 young (7168K), 1 survivors (1024K)
[2020-12-28T01:46:45.190-0500][gc,heap        ] GC(23238)  Metaspace       used 50333K, capacity 52498K, committed 53888K, reserved 1093632K
[2020-12-28T01:46:45.190-0500][gc,heap        ] GC(23238)   class space    used 7459K, capacity 8255K, committed 8832K, reserved 1048576K
[2020-12-28T01:46:45.190-0500][gc,phases,start] GC(23238) Phase 1: Mark live objects
[2020-12-28T01:46:45.215-0500][gc,stringtable ] GC(23238) Cleaned string and symbol table, strings: 33458 processed, 4 removed, symbols: 120983 processed, 0 removed
[2020-12-28T01:46:45.215-0500][gc,phases      ] GC(23238) Phase 1: Mark live objects 24.618ms
[2020-12-28T01:46:45.215-0500][gc,phases,start] GC(23238) Phase 2: Prepare for compaction
[2020-12-28T01:46:45.219-0500][gc,phases      ] GC(23238) Phase 2: Prepare for compaction 3.911ms
[2020-12-28T01:46:45.219-0500][gc,phases,start] GC(23238) Phase 3: Adjust pointers
[2020-12-28T01:46:45.231-0500][gc,phases      ] GC(23238) Phase 3: Adjust pointers 11.818ms
[2020-12-28T01:46:45.231-0500][gc,phases,start] GC(23238) Phase 4: Compact heap
[2020-12-28T01:46:45.255-0500][gc,phases      ] GC(23238) Phase 4: Compact heap 23.960ms
[2020-12-28T01:46:45.259-0500][gc,heap        ] GC(23238) Eden regions: 6->0(8)
[2020-12-28T01:46:45.259-0500][gc,heap        ] GC(23238) Survivor regions: 1->0(1)
[2020-12-28T01:46:45.259-0500][gc,heap        ] GC(23238) Old regions: 42->42
[2020-12-28T01:46:45.259-0500][gc,heap        ] GC(23238) Humongous regions: 4->4
[2020-12-28T01:46:45.259-0500][gc,metaspace   ] GC(23238) Metaspace: 50333K->50333K(1093632K)
[2020-12-28T01:46:45.259-0500][gc,heap        ] GC(23238) Heap after GC invocations=23239 (full 5295): garbage-first heap   total 64512K, used 44299K [0x0000000083000000, 0x0000000100000000)
[2020-12-28T01:46:45.259-0500][gc,heap        ] GC(23238)   region size 1024K, 0 young (0K), 0 survivors (0K)
[2020-12-28T01:46:45.259-0500][gc,heap        ] GC(23238)  Metaspace       used 50333K, capacity 52498K, committed 53888K, reserved 1093632K
[2020-12-28T01:46:45.259-0500][gc,heap        ] GC(23238)   class space    used 7459K, capacity 8255K, committed 8832K, reserved 1048576K
[2020-12-28T01:46:45.259-0500][gc             ] GC(23238) Pause Full (System.gc()) 48M->43M(63M) 69.293ms
[2020-12-28T01:46:45.259-0500][gc,cpu         ] GC(23238) User=0.22s Sys=0.00s Real=0.06s
[2020-12-28T01:48:39.060-0500][gc,heap        ] GC(23239) Heap before GC invocations=23239 (full 5295): garbage-first heap   total 64512K, used 51467K [0x0000000083000000, 0x0000000100000000)
[2020-12-28T01:48:39.060-0500][gc,heap        ] GC(23239)   region size 1024K, 8 young (8192K), 0 survivors (0K)
[2020-12-28T01:48:39.060-0500][gc,heap        ] GC(23239)  Metaspace       used 50333K, capacity 52498K, committed 53888K, reserved 1093632K
[2020-12-28T01:48:39.060-0500][gc,heap        ] GC(23239)   class space    used 7459K, capacity 8255K, committed 8832K, reserved 1048576K
[2020-12-28T01:48:39.060-0500][gc,start       ] GC(23239) Pause Young (Normal) (G1 Evacuation Pause)
[2020-12-28T01:48:39.060-0500][gc,task        ] GC(23239) Using 8 workers of 8 for evacuation
[2020-12-28T01:48:39.062-0500][gc,phases      ] GC(23239)   Pre Evacuate Collection Set: 0.0ms
[2020-12-28T01:48:39.062-0500][gc,phases      ] GC(23239)   Evacuate Collection Set: 0.9ms
[2020-12-28T01:48:39.062-0500][gc,phases      ] GC(23239)   Post Evacuate Collection Set: 1.3ms
[2020-12-28T01:48:39.063-0500][gc,phases      ] GC(23239)   Other: 0.3ms
[2020-12-28T01:48:39.063-0500][gc,heap        ] GC(23239) Eden regions: 8->0(8)
[2020-12-28T01:48:39.063-0500][gc,heap        ] GC(23239) Survivor regions: 0->1(1)
[2020-12-28T01:48:39.063-0500][gc,heap        ] GC(23239) Old regions: 42->42
[2020-12-28T01:48:39.063-0500][gc,heap        ] GC(23239) Humongous regions: 4->4
[2020-12-28T01:48:39.063-0500][gc,metaspace   ] GC(23239) Metaspace: 50333K->50333K(1093632K)
[2020-12-28T01:48:39.063-0500][gc,heap        ] GC(23239) Heap after GC invocations=23240 (full 5295): garbage-first heap   total 64512K, used 44363K [0x0000000083000000, 0x0000000100000000)
[2020-12-28T01:48:39.063-0500][gc,heap        ] GC(23239)   region size 1024K, 1 young (1024K), 1 survivors (1024K)
[2020-12-28T01:48:39.063-0500][gc,heap        ] GC(23239)  Metaspace       used 50333K, capacity 52498K, committed 53888K, reserved 1093632K
[2020-12-28T01:48:39.063-0500][gc,heap        ] GC(23239)   class space    used 7459K, capacity 8255K, committed 8832K, reserved 1048576K
[2020-12-28T01:48:39.063-0500][gc             ] GC(23239) Pause Young (Normal) (G1 Evacuation Pause) 51M->43M(63M) 2.612ms
[2020-12-28T01:48:39.063-0500][gc,cpu         ] GC(23239) User=0.00s Sys=0.00s Real=0.00s
[2020-12-28T01:50:36.742-0500][gc,heap        ] GC(23240) Heap before GC invocations=23240 (full 5295): garbage-first heap   total 64512K, used 51531K [0x0000000083000000, 0x0000000100000000)
[2020-12-28T01:50:36.742-0500][gc,heap        ] GC(23240)   region size 1024K, 9 young (9216K), 1 survivors (1024K)
[2020-12-28T01:50:36.742-0500][gc,heap        ] GC(23240)  Metaspace       used 50333K, capacity 52498K, committed 53888K, reserved 1093632K
[2020-12-28T01:50:36.742-0500][gc,heap        ] GC(23240)   class space    used 7459K, capacity 8255K, committed 8832K, reserved 1048576K
[2020-12-28T01:50:36.742-0500][gc,start       ] GC(23240) Pause Young (Normal) (G1 Evacuation Pause)
[2020-12-28T01:50:36.742-0500][gc,task        ] GC(23240) Using 8 workers of 8 for evacuation
[2020-12-28T01:50:36.752-0500][gc,phases      ] GC(23240)   Pre Evacuate Collection Set: 0.0ms
[2020-12-28T01:50:36.752-0500][gc,phases      ] GC(23240)   Evacuate Collection Set: 8.6ms
[2020-12-28T01:50:36.752-0500][gc,phases      ] GC(23240)   Post Evacuate Collection Set: 0.9ms
[2020-12-28T01:50:36.752-0500][gc,phases      ] GC(23240)   Other: 0.3ms
[2020-12-28T01:50:36.752-0500][gc,heap        ] GC(23240) Eden regions: 8->0(8)
[2020-12-28T01:50:36.752-0500][gc,heap        ] GC(23240) Survivor regions: 1->1(2)
[2020-12-28T01:50:36.752-0500][gc,heap        ] GC(23240) Old regions: 42->42
[2020-12-28T01:50:36.752-0500][gc,heap        ] GC(23240) Humongous regions: 4->4
[2020-12-28T01:50:36.752-0500][gc,metaspace   ] GC(23240) Metaspace: 50333K->50333K(1093632K)
[2020-12-28T01:50:36.752-0500][gc,heap        ] GC(23240) Heap after GC invocations=23241 (full 5295): garbage-first heap   total 64512K, used 44362K [0x0000000083000000, 0x0000000100000000)
[2020-12-28T01:50:36.752-0500][gc,heap        ] GC(23240)   region size 1024K, 1 young (1024K), 1 survivors (1024K)
[2020-12-28T01:50:36.752-0500][gc,heap        ] GC(23240)  Metaspace       used 50333K, capacity 52498K, committed 53888K, reserved 1093632K
[2020-12-28T01:50:36.752-0500][gc,heap        ] GC(23240)   class space    used 7459K, capacity 8255K, committed 8832K, reserved 1048576K
[2020-12-28T01:50:36.752-0500][gc             ] GC(23240) Pause Young (Normal) (G1 Evacuation Pause) 51M->43M(63M) 9.867ms
[2020-12-28T01:50:36.752-0500][gc,cpu         ] GC(23240) User=0.06s Sys=0.00s Real=0.01s
[2020-12-28T01:51:45.191-0500][gc,task        ] GC(23241) Using 5 workers of 8 for full compaction
[2020-12-28T01:51:45.191-0500][gc,start       ] GC(23241) Pause Full (System.gc())
[2020-12-28T01:51:45.191-0500][gc,heap        ] GC(23241) Heap before GC invocations=23241 (full 5295): garbage-first heap   total 64512K, used 48458K [0x0000000083000000, 0x0000000100000000)
[2020-12-28T01:51:45.191-0500][gc,heap        ] GC(23241)   region size 1024K, 6 young (6144K), 1 survivors (1024K)
[2020-12-28T01:51:45.191-0500][gc,heap        ] GC(23241)  Metaspace       used 50333K, capacity 52498K, committed 53888K, reserved 1093632K
[2020-12-28T01:51:45.191-0500][gc,heap        ] GC(23241)   class space    used 7459K, capacity 8255K, committed 8832K, reserved 1048576K
[2020-12-28T01:51:45.192-0500][gc,phases,start] GC(23241) Phase 1: Mark live objects
[2020-12-28T01:51:45.229-0500][gc,stringtable ] GC(23241) Cleaned string and symbol table, strings: 33458 processed, 4 removed, symbols: 120983 processed, 0 removed
[2020-12-28T01:51:45.229-0500][gc,phases      ] GC(23241) Phase 1: Mark live objects 37.196ms
[2020-12-28T01:51:45.229-0500][gc,phases,start] GC(23241) Phase 2: Prepare for compaction
[2020-12-28T01:51:45.233-0500][gc,phases      ] GC(23241) Phase 2: Prepare for compaction 4.244ms
[2020-12-28T01:51:45.233-0500][gc,phases,start] GC(23241) Phase 3: Adjust pointers
[2020-12-28T01:51:45.244-0500][gc,phases      ] GC(23241) Phase 3: Adjust pointers 10.917ms
[2020-12-28T01:51:45.244-0500][gc,phases,start] GC(23241) Phase 4: Compact heap
[2020-12-28T01:51:45.261-0500][gc,phases      ] GC(23241) Phase 4: Compact heap 17.022ms
[2020-12-28T01:51:45.266-0500][gc,heap        ] GC(23241) Eden regions: 5->0(9)
[2020-12-28T01:51:45.266-0500][gc,heap        ] GC(23241) Survivor regions: 1->0(2)
[2020-12-28T01:51:45.266-0500][gc,heap        ] GC(23241) Old regions: 42->42
[2020-12-28T01:51:45.266-0500][gc,heap        ] GC(23241) Humongous regions: 4->4
[2020-12-28T01:51:45.266-0500][gc,metaspace   ] GC(23241) Metaspace: 50333K->50333K(1093632K)
[2020-12-28T01:51:45.266-0500][gc,heap        ] GC(23241) Heap after GC invocations=23242 (full 5296): garbage-first heap   total 64512K, used 44290K [0x0000000083000000, 0x0000000100000000)
[2020-12-28T01:51:45.266-0500][gc,heap        ] GC(23241)   region size 1024K, 0 young (0K), 0 survivors (0K)
[2020-12-28T01:51:45.266-0500][gc,heap        ] GC(23241)  Metaspace       used 50333K, capacity 52498K, committed 53888K, reserved 1093632K
[2020-12-28T01:51:45.266-0500][gc,heap        ] GC(23241)   class space    used 7459K, capacity 8255K, committed 8832K, reserved 1048576K
[2020-12-28T01:51:45.266-0500][gc             ] GC(23241) Pause Full (System.gc()) 47M->43M(63M) 74.573ms
[2020-12-28T01:51:45.266-0500][gc,cpu         ] GC(23241) User=0.27s Sys=0.00s Real=0.07s
[2020-12-28T01:53:59.067-0500][gc,heap        ] GC(23242) Heap before GC invocations=23242 (full 5296): garbage-first heap   total 64512K, used 53506K [0x0000000083000000, 0x0000000100000000)
[2020-12-28T01:53:59.067-0500][gc,heap        ] GC(23242)   region size 1024K, 9 young (9216K), 0 survivors (0K)
[2020-12-28T01:53:59.067-0500][gc,heap        ] GC(23242)  Metaspace       used 50333K, capacity 52498K, committed 53888K, reserved 1093632K
[2020-12-28T01:53:59.068-0500][gc,heap        ] GC(23242)   class space    used 7459K, capacity 8255K, committed 8832K, reserved 1048576K
[2020-12-28T01:53:59.068-0500][gc,start       ] GC(23242) Pause Young (Normal) (G1 Evacuation Pause)
[2020-12-28T01:53:59.068-0500][gc,task        ] GC(23242) Using 8 workers of 8 for evacuation
[2020-12-28T01:53:59.071-0500][gc,phases      ] GC(23242)   Pre Evacuate Collection Set: 0.0ms
[2020-12-28T01:53:59.072-0500][gc,phases      ] GC(23242)   Evacuate Collection Set: 1.3ms
[2020-12-28T01:53:59.072-0500][gc,phases      ] GC(23242)   Post Evacuate Collection Set: 2.3ms
[2020-12-28T01:53:59.072-0500][gc,phases      ] GC(23242)   Other: 0.5ms
[2020-12-28T01:53:59.072-0500][gc,heap        ] GC(23242) Eden regions: 9->0(8)
[2020-12-28T01:53:59.072-0500][gc,heap        ] GC(23242) Survivor regions: 0->1(2)
[2020-12-28T01:53:59.072-0500][gc,heap        ] GC(23242) Old regions: 42->42
[2020-12-28T01:53:59.072-0500][gc,heap        ] GC(23242) Humongous regions: 4->4
[2020-12-28T01:53:59.072-0500][gc,metaspace   ] GC(23242) Metaspace: 50333K->50333K(1093632K)
[2020-12-28T01:53:59.072-0500][gc,heap        ] GC(23242) Heap after GC invocations=23243 (full 5296): garbage-first heap   total 64512K, used 44341K [0x0000000083000000, 0x0000000100000000)
[2020-12-28T01:53:59.072-0500][gc,heap        ] GC(23242)   region size 1024K, 1 young (1024K), 1 survivors (1024K)
[2020-12-28T01:53:59.072-0500][gc,heap        ] GC(23242)  Metaspace       used 50333K, capacity 52498K, committed 53888K, reserved 1093632K
[2020-12-28T01:53:59.072-0500][gc,heap        ] GC(23242)   class space    used 7459K, capacity 8255K, committed 8832K, reserved 1048576K
[2020-12-28T01:53:59.072-0500][gc             ] GC(23242) Pause Young (Normal) (G1 Evacuation Pause) 52M->43M(63M) 4.207ms
[2020-12-28T01:53:59.072-0500][gc,cpu         ] GC(23242) User=0.01s Sys=0.00s Real=0.01s
[2020-12-28T01:55:59.075-0500][gc,heap        ] GC(23243) Heap before GC invocations=23243 (full 5296): garbage-first heap   total 64512K, used 52533K [0x0000000083000000, 0x0000000100000000)
[2020-12-28T01:55:59.075-0500][gc,heap        ] GC(23243)   region size 1024K, 9 young (9216K), 1 survivors (1024K)
[2020-12-28T01:55:59.075-0500][gc,heap        ] GC(23243)  Metaspace       used 50333K, capacity 52498K, committed 53888K, reserved 1093632K
[2020-12-28T01:55:59.075-0500][gc,heap        ] GC(23243)   class space    used 7459K, capacity 8255K, committed 8832K, reserved 1048576K
[2020-12-28T01:55:59.075-0500][gc,start       ] GC(23243) Pause Young (Normal) (G1 Evacuation Pause)
[2020-12-28T01:55:59.075-0500][gc,task        ] GC(23243) Using 8 workers of 8 for evacuation
[2020-12-28T01:55:59.080-0500][gc,phases      ] GC(23243)   Pre Evacuate Collection Set: 0.0ms
[2020-12-28T01:55:59.080-0500][gc,phases      ] GC(23243)   Evacuate Collection Set: 0.6ms
[2020-12-28T01:55:59.080-0500][gc,phases      ] GC(23243)   Post Evacuate Collection Set: 4.4ms
[2020-12-28T01:55:59.080-0500][gc,phases      ] GC(23243)   Other: 0.5ms
[2020-12-28T01:55:59.081-0500][gc,heap        ] GC(23243) Eden regions: 8->0(8)
[2020-12-28T01:55:59.081-0500][gc,heap        ] GC(23243) Survivor regions: 1->1(2)
[2020-12-28T01:55:59.081-0500][gc,heap        ] GC(23243) Old regions: 42->42
[2020-12-28T01:55:59.081-0500][gc,heap        ] GC(23243) Humongous regions: 4->4
[2020-12-28T01:55:59.081-0500][gc,metaspace   ] GC(23243) Metaspace: 50333K->50333K(1093632K)
[2020-12-28T01:55:59.081-0500][gc,heap        ] GC(23243) Heap after GC invocations=23244 (full 5296): garbage-first heap   total 64512K, used 44365K [0x0000000083000000, 0x0000000100000000)
[2020-12-28T01:55:59.081-0500][gc,heap        ] GC(23243)   region size 1024K, 1 young (1024K), 1 survivors (1024K)
[2020-12-28T01:55:59.081-0500][gc,heap        ] GC(23243)  Metaspace       used 50333K, capacity 52498K, committed 53888K, reserved 1093632K
[2020-12-28T01:55:59.081-0500][gc,heap        ] GC(23243)   class space    used 7459K, capacity 8255K, committed 8832K, reserved 1048576K
[2020-12-28T01:55:59.081-0500][gc             ] GC(23243) Pause Young (Normal) (G1 Evacuation Pause) 51M->43M(63M) 5.750ms
[2020-12-28T01:55:59.081-0500][gc,cpu         ] GC(23243) User=0.02s Sys=0.00s Real=0.01s
[2020-12-28T01:56:45.190-0500][gc,task        ] GC(23244) Using 5 workers of 8 for full compaction
[2020-12-28T01:56:45.190-0500][gc,start       ] GC(23244) Pause Full (System.gc())
[2020-12-28T01:56:45.190-0500][gc,heap        ] GC(23244) Heap before GC invocations=23244 (full 5296): garbage-first heap   total 64512K, used 46413K [0x0000000083000000, 0x0000000100000000)
[2020-12-28T01:56:45.190-0500][gc,heap        ] GC(23244)   region size 1024K, 4 young (4096K), 1 survivors (1024K)
[2020-12-28T01:56:45.190-0500][gc,heap        ] GC(23244)  Metaspace       used 50333K, capacity 52498K, committed 53888K, reserved 1093632K
[2020-12-28T01:56:45.190-0500][gc,heap        ] GC(23244)   class space    used 7459K, capacity 8255K, committed 8832K, reserved 1048576K
[2020-12-28T01:56:45.191-0500][gc,phases,start] GC(23244) Phase 1: Mark live objects
[2020-12-28T01:56:45.220-0500][gc,stringtable ] GC(23244) Cleaned string and symbol table, strings: 33458 processed, 4 removed, symbols: 120983 processed, 0 removed
[2020-12-28T01:56:45.220-0500][gc,phases      ] GC(23244) Phase 1: Mark live objects 29.535ms
[2020-12-28T01:56:45.220-0500][gc,phases,start] GC(23244) Phase 2: Prepare for compaction
[2020-12-28T01:56:45.224-0500][gc,phases      ] GC(23244) Phase 2: Prepare for compaction 4.004ms
[2020-12-28T01:56:45.224-0500][gc,phases,start] GC(23244) Phase 3: Adjust pointers
[2020-12-28T01:56:45.236-0500][gc,phases      ] GC(23244) Phase 3: Adjust pointers 11.221ms
[2020-12-28T01:56:45.236-0500][gc,phases,start] GC(23244) Phase 4: Compact heap
[2020-12-28T01:56:45.238-0500][gc,phases      ] GC(23244) Phase 4: Compact heap 2.522ms
[2020-12-28T01:56:45.242-0500][gc,heap        ] GC(23244) Eden regions: 3->0(9)
[2020-12-28T01:56:45.242-0500][gc,heap        ] GC(23244) Survivor regions: 1->0(2)
[2020-12-28T01:56:45.242-0500][gc,heap        ] GC(23244) Old regions: 42->42
[2020-12-28T01:56:45.242-0500][gc,heap        ] GC(23244) Humongous regions: 4->4
[2020-12-28T01:56:45.242-0500][gc,metaspace   ] GC(23244) Metaspace: 50333K->50333K(1093632K)
[2020-12-28T01:56:45.242-0500][gc,heap        ] GC(23244) Heap after GC invocations=23245 (full 5297): garbage-first heap   total 64512K, used 44285K [0x0000000083000000, 0x0000000100000000)
[2020-12-28T01:56:45.242-0500][gc,heap        ] GC(23244)   region size 1024K, 0 young (0K), 0 survivors (0K)
[2020-12-28T01:56:45.242-0500][gc,heap        ] GC(23244)  Metaspace       used 50333K, capacity 52498K, committed 53888K, reserved 1093632K
[2020-12-28T01:56:45.242-0500][gc,heap        ] GC(23244)   class space    used 7459K, capacity 8255K, committed 8832K, reserved 1048576K
[2020-12-28T01:56:45.242-0500][gc             ] GC(23244) Pause Full (System.gc()) 46M->43M(63M) 52.522ms
[2020-12-28T01:56:45.243-0500][gc,cpu         ] GC(23244) User=0.22s Sys=0.00s Real=0.05s
[2020-12-28T01:58:59.061-0500][gc,heap        ] GC(23245) Heap before GC invocations=23245 (full 5297): garbage-first heap   total 64512K, used 52477K [0x0000000083000000, 0x0000000100000000)
[2020-12-28T01:58:59.061-0500][gc,heap        ] GC(23245)   region size 1024K, 9 young (9216K), 0 survivors (0K)
[2020-12-28T01:58:59.061-0500][gc,heap        ] GC(23245)  Metaspace       used 50333K, capacity 52498K, committed 53888K, reserved 1093632K
[2020-12-28T01:58:59.061-0500][gc,heap        ] GC(23245)   class space    used 7459K, capacity 8255K, committed 8832K, reserved 1048576K
[2020-12-28T01:58:59.061-0500][gc,start       ] GC(23245) Pause Young (Normal) (G1 Evacuation Pause)
[2020-12-28T01:58:59.061-0500][gc,task        ] GC(23245) Using 8 workers of 8 for evacuation
[2020-12-28T01:58:59.063-0500][gc,phases      ] GC(23245)   Pre Evacuate Collection Set: 0.0ms
[2020-12-28T01:58:59.063-0500][gc,phases      ] GC(23245)   Evacuate Collection Set: 0.6ms
[2020-12-28T01:58:59.063-0500][gc,phases      ] GC(23245)   Post Evacuate Collection Set: 1.0ms
[2020-12-28T01:58:59.063-0500][gc,phases      ] GC(23245)   Other: 0.2ms
[2020-12-28T01:58:59.063-0500][gc,heap        ] GC(23245) Eden regions: 9->0(8)
[2020-12-28T01:58:59.063-0500][gc,heap        ] GC(23245) Survivor regions: 0->1(2)
[2020-12-28T01:58:59.063-0500][gc,heap        ] GC(23245) Old regions: 42->42
[2020-12-28T01:58:59.063-0500][gc,heap        ] GC(23245) Humongous regions: 4->4
[2020-12-28T01:58:59.063-0500][gc,metaspace   ] GC(23245) Metaspace: 50333K->50333K(1093632K)
[2020-12-28T01:58:59.063-0500][gc,heap        ] GC(23245) Heap after GC invocations=23246 (full 5297): garbage-first heap   total 64512K, used 44338K [0x0000000083000000, 0x0000000100000000)
[2020-12-28T01:58:59.063-0500][gc,heap        ] GC(23245)   region size 1024K, 1 young (1024K), 1 survivors (1024K)
[2020-12-28T01:58:59.063-0500][gc,heap        ] GC(23245)  Metaspace       used 50333K, capacity 52498K, committed 53888K, reserved 1093632K
[2020-12-28T01:58:59.063-0500][gc,heap        ] GC(23245)   class space    used 7459K, capacity 8255K, committed 8832K, reserved 1048576K
[2020-12-28T01:58:59.063-0500][gc             ] GC(23245) Pause Young (Normal) (G1 Evacuation Pause) 52M->43M(63M) 1.902ms
[2020-12-28T01:58:59.063-0500][gc,cpu         ] GC(23245) User=0.00s Sys=0.01s Real=0.00s
[2020-12-28T02:00:59.069-0500][gc,heap        ] GC(23246) Heap before GC invocations=23246 (full 5297): garbage-first heap   total 64512K, used 51506K [0x0000000083000000, 0x0000000100000000)
[2020-12-28T02:00:59.069-0500][gc,heap        ] GC(23246)   region size 1024K, 9 young (9216K), 1 survivors (1024K)
[2020-12-28T02:00:59.069-0500][gc,heap        ] GC(23246)  Metaspace       used 50333K, capacity 52498K, committed 53888K, reserved 1093632K
[2020-12-28T02:00:59.069-0500][gc,heap        ] GC(23246)   class space    used 7459K, capacity 8255K, committed 8832K, reserved 1048576K
[2020-12-28T02:00:59.069-0500][gc,start       ] GC(23246) Pause Young (Normal) (G1 Evacuation Pause)
[2020-12-28T02:00:59.069-0500][gc,task        ] GC(23246) Using 8 workers of 8 for evacuation
[2020-12-28T02:00:59.076-0500][gc,phases      ] GC(23246)   Pre Evacuate Collection Set: 0.1ms
[2020-12-28T02:00:59.076-0500][gc,phases      ] GC(23246)   Evacuate Collection Set: 1.8ms
[2020-12-28T02:00:59.076-0500][gc,phases      ] GC(23246)   Post Evacuate Collection Set: 4.1ms
[2020-12-28T02:00:59.076-0500][gc,phases      ] GC(23246)   Other: 0.6ms
[2020-12-28T02:00:59.076-0500][gc,heap        ] GC(23246) Eden regions: 8->0(8)
[2020-12-28T02:00:59.076-0500][gc,heap        ] GC(23246) Survivor regions: 1->1(2)
[2020-12-28T02:00:59.076-0500][gc,heap        ] GC(23246) Old regions: 42->42
[2020-12-28T02:00:59.076-0500][gc,heap        ] GC(23246) Humongous regions: 4->4
[2020-12-28T02:00:59.076-0500][gc,metaspace   ] GC(23246) Metaspace: 50333K->50333K(1093632K)
[2020-12-28T02:00:59.076-0500][gc,heap        ] GC(23246) Heap after GC invocations=23247 (full 5297): garbage-first heap   total 64512K, used 44342K [0x0000000083000000, 0x0000000100000000)
[2020-12-28T02:00:59.076-0500][gc,heap        ] GC(23246)   region size 1024K, 1 young (1024K), 1 survivors (1024K)
[2020-12-28T02:00:59.076-0500][gc,heap        ] GC(23246)  Metaspace       used 50333K, capacity 52498K, committed 53888K, reserved 1093632K
[2020-12-28T02:00:59.076-0500][gc,heap        ] GC(23246)   class space    used 7459K, capacity 8255K, committed 8832K, reserved 1048576K
[2020-12-28T02:00:59.076-0500][gc             ] GC(23246) Pause Young (Normal) (G1 Evacuation Pause) 51M->43M(63M) 6.796ms
[2020-12-28T02:00:59.076-0500][gc,cpu         ] GC(23246) User=0.02s Sys=0.00s Real=0.00s
[2020-12-28T02:01:45.190-0500][gc,task        ] GC(23247) Using 5 workers of 8 for full compaction
[2020-12-28T02:01:45.190-0500][gc,start       ] GC(23247) Pause Full (System.gc())
[2020-12-28T02:01:45.190-0500][gc,heap        ] GC(23247) Heap before GC invocations=23247 (full 5297): garbage-first heap   total 64512K, used 45366K [0x0000000083000000, 0x0000000100000000)
[2020-12-28T02:01:45.190-0500][gc,heap        ] GC(23247)   region size 1024K, 4 young (4096K), 1 survivors (1024K)
[2020-12-28T02:01:45.190-0500][gc,heap        ] GC(23247)  Metaspace       used 50333K, capacity 52498K, committed 53888K, reserved 1093632K
[2020-12-28T02:01:45.190-0500][gc,heap        ] GC(23247)   class space    used 7459K, capacity 8255K, committed 8832K, reserved 1048576K
[2020-12-28T02:01:45.191-0500][gc,phases,start] GC(23247) Phase 1: Mark live objects
[2020-12-28T02:01:45.220-0500][gc,stringtable ] GC(23247) Cleaned string and symbol table, strings: 33458 processed, 4 removed, symbols: 120983 processed, 0 removed
[2020-12-28T02:01:45.220-0500][gc,phases      ] GC(23247) Phase 1: Mark live objects 29.374ms
[2020-12-28T02:01:45.220-0500][gc,phases,start] GC(23247) Phase 2: Prepare for compaction
[2020-12-28T02:01:45.223-0500][gc,phases      ] GC(23247) Phase 2: Prepare for compaction 3.287ms
[2020-12-28T02:01:45.223-0500][gc,phases,start] GC(23247) Phase 3: Adjust pointers
[2020-12-28T02:01:45.233-0500][gc,phases      ] GC(23247) Phase 3: Adjust pointers 9.748ms
[2020-12-28T02:01:45.233-0500][gc,phases,start] GC(23247) Phase 4: Compact heap
[2020-12-28T02:01:45.236-0500][gc,phases      ] GC(23247) Phase 4: Compact heap 2.812ms
[2020-12-28T02:01:45.240-0500][gc,heap        ] GC(23247) Eden regions: 3->0(8)
[2020-12-28T02:01:45.240-0500][gc,heap        ] GC(23247) Survivor regions: 1->0(2)
[2020-12-28T02:01:45.240-0500][gc,heap        ] GC(23247) Old regions: 42->43
[2020-12-28T02:01:45.240-0500][gc,heap        ] GC(23247) Humongous regions: 4->4
[2020-12-28T02:01:45.240-0500][gc,metaspace   ] GC(23247) Metaspace: 50333K->50333K(1093632K)
[2020-12-28T02:01:45.240-0500][gc,heap        ] GC(23247) Heap after GC invocations=23248 (full 5298): garbage-first heap   total 64512K, used 44287K [0x0000000083000000, 0x0000000100000000)
[2020-12-28T02:01:45.240-0500][gc,heap        ] GC(23247)   region size 1024K, 0 young (0K), 0 survivors (0K)
[2020-12-28T02:01:45.240-0500][gc,heap        ] GC(23247)  Metaspace       used 50333K, capacity 52498K, committed 53888K, reserved 1093632K
[2020-12-28T02:01:45.240-0500][gc,heap        ] GC(23247)   class space    used 7459K, capacity 8255K, committed 8832K, reserved 1048576K
[2020-12-28T02:01:45.240-0500][gc             ] GC(23247) Pause Full (System.gc()) 46M->43M(63M) 50.324ms
[2020-12-28T02:01:45.240-0500][gc,cpu         ] GC(23247) User=0.22s Sys=0.00s Real=0.05s
[2020-12-28T02:03:49.059-0500][gc,heap        ] GC(23248) Heap before GC invocations=23248 (full 5298): garbage-first heap   total 64512K, used 51455K [0x0000000083000000, 0x0000000100000000)
[2020-12-28T02:03:49.059-0500][gc,heap        ] GC(23248)   region size 1024K, 8 young (8192K), 0 survivors (0K)
[2020-12-28T02:03:49.059-0500][gc,heap        ] GC(23248)  Metaspace       used 50333K, capacity 52498K, committed 53888K, reserved 1093632K
[2020-12-28T02:03:49.059-0500][gc,heap        ] GC(23248)   class space    used 7459K, capacity 8255K, committed 8832K, reserved 1048576K
[2020-12-28T02:03:49.059-0500][gc,start       ] GC(23248) Pause Young (Normal) (G1 Evacuation Pause)
[2020-12-28T02:03:49.059-0500][gc,task        ] GC(23248) Using 8 workers of 8 for evacuation
[2020-12-28T02:03:49.061-0500][gc,phases      ] GC(23248)   Pre Evacuate Collection Set: 0.0ms
[2020-12-28T02:03:49.061-0500][gc,phases      ] GC(23248)   Evacuate Collection Set: 1.2ms
[2020-12-28T02:03:49.061-0500][gc,phases      ] GC(23248)   Post Evacuate Collection Set: 1.1ms
[2020-12-28T02:03:49.061-0500][gc,phases      ] GC(23248)   Other: 0.3ms
[2020-12-28T02:03:49.061-0500][gc,heap        ] GC(23248) Eden regions: 8->0(7)
[2020-12-28T02:03:49.061-0500][gc,heap        ] GC(23248) Survivor regions: 0->1(1)
[2020-12-28T02:03:49.061-0500][gc,heap        ] GC(23248) Old regions: 43->43
[2020-12-28T02:03:49.061-0500][gc,heap        ] GC(23248) Humongous regions: 4->4
[2020-12-28T02:03:49.062-0500][gc,metaspace   ] GC(23248) Metaspace: 50333K->50333K(1093632K)
[2020-12-28T02:03:49.062-0500][gc,heap        ] GC(23248) Heap after GC invocations=23249 (full 5298): garbage-first heap   total 64512K, used 44360K [0x0000000083000000, 0x0000000100000000)
[2020-12-28T02:03:49.062-0500][gc,heap        ] GC(23248)   region size 1024K, 1 young (1024K), 1 survivors (1024K)
[2020-12-28T02:03:49.062-0500][gc,heap        ] GC(23248)  Metaspace       used 50333K, capacity 52498K, committed 53888K, reserved 1093632K
[2020-12-28T02:03:49.062-0500][gc,heap        ] GC(23248)   class space    used 7459K, capacity 8255K, committed 8832K, reserved 1048576K
[2020-12-28T02:03:49.062-0500][gc             ] GC(23248) Pause Young (Normal) (G1 Evacuation Pause) 51M->43M(63M) 2.708ms
[2020-12-28T02:03:49.062-0500][gc,cpu         ] GC(23248) User=0.00s Sys=0.00s Real=0.00s
[2020-12-28T02:05:29.060-0500][gc,heap        ] GC(23249) Heap before GC invocations=23249 (full 5298): garbage-first heap   total 64512K, used 50504K [0x0000000083000000, 0x0000000100000000)
[2020-12-28T02:05:29.060-0500][gc,heap        ] GC(23249)   region size 1024K, 8 young (8192K), 1 survivors (1024K)
[2020-12-28T02:05:29.060-0500][gc,heap        ] GC(23249)  Metaspace       used 50333K, capacity 52498K, committed 53888K, reserved 1093632K
[2020-12-28T02:05:29.060-0500][gc,heap        ] GC(23249)   class space    used 7459K, capacity 8255K, committed 8832K, reserved 1048576K
[2020-12-28T02:05:29.060-0500][gc,start       ] GC(23249) Pause Young (Normal) (G1 Evacuation Pause)
[2020-12-28T02:05:29.060-0500][gc,task        ] GC(23249) Using 8 workers of 8 for evacuation
[2020-12-28T02:05:29.062-0500][gc,phases      ] GC(23249)   Pre Evacuate Collection Set: 0.1ms
[2020-12-28T02:05:29.062-0500][gc,phases      ] GC(23249)   Evacuate Collection Set: 0.5ms
[2020-12-28T02:05:29.062-0500][gc,phases      ] GC(23249)   Post Evacuate Collection Set: 1.0ms
[2020-12-28T02:05:29.062-0500][gc,phases      ] GC(23249)   Other: 0.2ms
[2020-12-28T02:05:29.062-0500][gc,heap        ] GC(23249) Eden regions: 7->0(7)
[2020-12-28T02:05:29.062-0500][gc,heap        ] GC(23249) Survivor regions: 1->1(1)
[2020-12-28T02:05:29.062-0500][gc,heap        ] GC(23249) Old regions: 43->43
[2020-12-28T02:05:29.062-0500][gc,heap        ] GC(23249) Humongous regions: 4->4
[2020-12-28T02:05:29.062-0500][gc,metaspace   ] GC(23249) Metaspace: 50333K->50333K(1093632K)
[2020-12-28T02:05:29.062-0500][gc,heap        ] GC(23249) Heap after GC invocations=23250 (full 5298): garbage-first heap   total 64512K, used 44371K [0x0000000083000000, 0x0000000100000000)
[2020-12-28T02:05:29.062-0500][gc,heap        ] GC(23249)   region size 1024K, 1 young (1024K), 1 survivors (1024K)
[2020-12-28T02:05:29.062-0500][gc,heap        ] GC(23249)  Metaspace       used 50333K, capacity 52498K, committed 53888K, reserved 1093632K
[2020-12-28T02:05:29.062-0500][gc,heap        ] GC(23249)   class space    used 7459K, capacity 8255K, committed 8832K, reserved 1048576K
[2020-12-28T02:05:29.062-0500][gc             ] GC(23249) Pause Young (Normal) (G1 Evacuation Pause) 50M->43M(63M) 1.784ms
[2020-12-28T02:05:29.062-0500][gc,cpu         ] GC(23249) User=0.00s Sys=0.00s Real=0.00s
[2020-12-28T02:06:45.192-0500][gc,task        ] GC(23250) Using 5 workers of 8 for full compaction
[2020-12-28T02:06:45.192-0500][gc,start       ] GC(23250) Pause Full (System.gc())
[2020-12-28T02:06:45.192-0500][gc,heap        ] GC(23250) Heap before GC invocations=23250 (full 5298): garbage-first heap   total 64512K, used 49491K [0x0000000083000000, 0x0000000100000000)
[2020-12-28T02:06:45.192-0500][gc,heap        ] GC(23250)   region size 1024K, 7 young (7168K), 1 survivors (1024K)
[2020-12-28T02:06:45.192-0500][gc,heap        ] GC(23250)  Metaspace       used 50333K, capacity 52498K, committed 53888K, reserved 1093632K
[2020-12-28T02:06:45.192-0500][gc,heap        ] GC(23250)   class space    used 7459K, capacity 8255K, committed 8832K, reserved 1048576K
[2020-12-28T02:06:45.193-0500][gc,phases,start] GC(23250) Phase 1: Mark live objects
[2020-12-28T02:06:45.235-0500][gc,stringtable ] GC(23250) Cleaned string and symbol table, strings: 33458 processed, 4 removed, symbols: 120983 processed, 0 removed
[2020-12-28T02:06:45.235-0500][gc,phases      ] GC(23250) Phase 1: Mark live objects 41.994ms
[2020-12-28T02:06:45.235-0500][gc,phases,start] GC(23250) Phase 2: Prepare for compaction
[2020-12-28T02:06:45.240-0500][gc,phases      ] GC(23250) Phase 2: Prepare for compaction 4.498ms
[2020-12-28T02:06:45.240-0500][gc,phases,start] GC(23250) Phase 3: Adjust pointers
[2020-12-28T02:06:45.249-0500][gc,phases      ] GC(23250) Phase 3: Adjust pointers 9.587ms
[2020-12-28T02:06:45.249-0500][gc,phases,start] GC(23250) Phase 4: Compact heap
[2020-12-28T02:06:45.252-0500][gc,phases      ] GC(23250) Phase 4: Compact heap 2.526ms
[2020-12-28T02:06:45.256-0500][gc,heap        ] GC(23250) Eden regions: 6->0(8)
[2020-12-28T02:06:45.256-0500][gc,heap        ] GC(23250) Survivor regions: 1->0(1)
[2020-12-28T02:06:45.256-0500][gc,heap        ] GC(23250) Old regions: 43->43
[2020-12-28T02:06:45.256-0500][gc,heap        ] GC(23250) Humongous regions: 4->4
[2020-12-28T02:06:45.256-0500][gc,metaspace   ] GC(23250) Metaspace: 50333K->50333K(1093632K)
[2020-12-28T02:06:45.256-0500][gc,heap        ] GC(23250) Heap after GC invocations=23251 (full 5299): garbage-first heap   total 64512K, used 44300K [0x0000000083000000, 0x0000000100000000)
[2020-12-28T02:06:45.256-0500][gc,heap        ] GC(23250)   region size 1024K, 0 young (0K), 0 survivors (0K)
[2020-12-28T02:06:45.256-0500][gc,heap        ] GC(23250)  Metaspace       used 50333K, capacity 52498K, committed 53888K, reserved 1093632K
[2020-12-28T02:06:45.256-0500][gc,heap        ] GC(23250)   class space    used 7459K, capacity 8255K, committed 8832K, reserved 1048576K
[2020-12-28T02:06:45.256-0500][gc             ] GC(23250) Pause Full (System.gc()) 48M->43M(63M) 63.886ms
[2020-12-28T02:06:45.256-0500][gc,cpu         ] GC(23250) User=0.28s Sys=0.00s Real=0.06s
[2020-12-28T02:08:39.065-0500][gc,heap        ] GC(23251) Heap before GC invocations=23251 (full 5299): garbage-first heap   total 64512K, used 52492K [0x0000000083000000, 0x0000000100000000)
[2020-12-28T02:08:39.065-0500][gc,heap        ] GC(23251)   region size 1024K, 8 young (8192K), 0 survivors (0K)
[2020-12-28T02:08:39.065-0500][gc,heap        ] GC(23251)  Metaspace       used 50333K, capacity 52498K, committed 53888K, reserved 1093632K
[2020-12-28T02:08:39.065-0500][gc,heap        ] GC(23251)   class space    used 7459K, capacity 8255K, committed 8832K, reserved 1048576K
[2020-12-28T02:08:39.065-0500][gc,start       ] GC(23251) Pause Young (Normal) (G1 Evacuation Pause)
[2020-12-28T02:08:39.065-0500][gc,task        ] GC(23251) Using 8 workers of 8 for evacuation
[2020-12-28T02:08:39.069-0500][gc,phases      ] GC(23251)   Pre Evacuate Collection Set: 0.0ms
[2020-12-28T02:08:39.069-0500][gc,phases      ] GC(23251)   Evacuate Collection Set: 1.4ms
[2020-12-28T02:08:39.069-0500][gc,phases      ] GC(23251)   Post Evacuate Collection Set: 2.3ms
[2020-12-28T02:08:39.069-0500][gc,phases      ] GC(23251)   Other: 0.6ms
[2020-12-28T02:08:39.069-0500][gc,heap        ] GC(23251) Eden regions: 8->0(7)
[2020-12-28T02:08:39.069-0500][gc,heap        ] GC(23251) Survivor regions: 0->1(1)
[2020-12-28T02:08:39.069-0500][gc,heap        ] GC(23251) Old regions: 43->43
[2020-12-28T02:08:39.069-0500][gc,heap        ] GC(23251) Humongous regions: 4->4
[2020-12-28T02:08:39.069-0500][gc,metaspace   ] GC(23251) Metaspace: 50333K->50333K(1093632K)
[2020-12-28T02:08:39.069-0500][gc,heap        ] GC(23251) Heap after GC invocations=23252 (full 5299): garbage-first heap   total 64512K, used 44385K [0x0000000083000000, 0x0000000100000000)
[2020-12-28T02:08:39.069-0500][gc,heap        ] GC(23251)   region size 1024K, 1 young (1024K), 1 survivors (1024K)
[2020-12-28T02:08:39.069-0500][gc,heap        ] GC(23251)  Metaspace       used 50333K, capacity 52498K, committed 53888K, reserved 1093632K
[2020-12-28T02:08:39.069-0500][gc,heap        ] GC(23251)   class space    used 7459K, capacity 8255K, committed 8832K, reserved 1048576K
[2020-12-28T02:08:39.069-0500][gc             ] GC(23251) Pause Young (Normal) (G1 Evacuation Pause) 51M->43M(63M) 4.277ms
[2020-12-28T02:08:39.070-0500][gc,cpu         ] GC(23251) User=0.01s Sys=0.01s Real=0.01s
[2020-12-28T02:10:20.517-0500][gc,heap        ] GC(23252) Heap before GC invocations=23252 (full 5299): garbage-first heap   total 64512K, used 50529K [0x0000000083000000, 0x0000000100000000)
[2020-12-28T02:10:20.517-0500][gc,heap        ] GC(23252)   region size 1024K, 8 young (8192K), 1 survivors (1024K)
[2020-12-28T02:10:20.517-0500][gc,heap        ] GC(23252)  Metaspace       used 50333K, capacity 52498K, committed 53888K, reserved 1093632K
[2020-12-28T02:10:20.517-0500][gc,heap        ] GC(23252)   class space    used 7459K, capacity 8255K, committed 8832K, reserved 1048576K
[2020-12-28T02:10:20.517-0500][gc,start       ] GC(23252) Pause Young (Normal) (G1 Evacuation Pause)
[2020-12-28T02:10:20.517-0500][gc,task        ] GC(23252) Using 8 workers of 8 for evacuation
[2020-12-28T02:10:20.519-0500][gc,phases      ] GC(23252)   Pre Evacuate Collection Set: 0.0ms
[2020-12-28T02:10:20.519-0500][gc,phases      ] GC(23252)   Evacuate Collection Set: 0.6ms
[2020-12-28T02:10:20.519-0500][gc,phases      ] GC(23252)   Post Evacuate Collection Set: 0.9ms
[2020-12-28T02:10:20.519-0500][gc,phases      ] GC(23252)   Other: 0.3ms
[2020-12-28T02:10:20.519-0500][gc,heap        ] GC(23252) Eden regions: 7->0(7)
[2020-12-28T02:10:20.519-0500][gc,heap        ] GC(23252) Survivor regions: 1->1(1)
[2020-12-28T02:10:20.519-0500][gc,heap        ] GC(23252) Old regions: 43->43
[2020-12-28T02:10:20.519-0500][gc,heap        ] GC(23252) Humongous regions: 4->4
[2020-12-28T02:10:20.519-0500][gc,metaspace   ] GC(23252) Metaspace: 50333K->50333K(1093632K)
[2020-12-28T02:10:20.519-0500][gc,heap        ] GC(23252) Heap after GC invocations=23253 (full 5299): garbage-first heap   total 64512K, used 44357K [0x0000000083000000, 0x0000000100000000)
[2020-12-28T02:10:20.519-0500][gc,heap        ] GC(23252)   region size 1024K, 1 young (1024K), 1 survivors (1024K)
[2020-12-28T02:10:20.519-0500][gc,heap        ] GC(23252)  Metaspace       used 50333K, capacity 52498K, committed 53888K, reserved 1093632K
[2020-12-28T02:10:20.519-0500][gc,heap        ] GC(23252)   class space    used 7459K, capacity 8255K, committed 8832K, reserved 1048576K
[2020-12-28T02:10:20.519-0500][gc             ] GC(23252) Pause Young (Normal) (G1 Evacuation Pause) 50M->43M(63M) 1.735ms
[2020-12-28T02:10:20.519-0500][gc,cpu         ] GC(23252) User=0.00s Sys=0.00s Real=0.01s
[2020-12-28T02:11:45.192-0500][gc,task        ] GC(23253) Using 5 workers of 8 for full compaction
[2020-12-28T02:11:45.192-0500][gc,start       ] GC(23253) Pause Full (System.gc())
[2020-12-28T02:11:45.192-0500][gc,heap        ] GC(23253) Heap before GC invocations=23253 (full 5299): garbage-first heap   total 64512K, used 48453K [0x0000000083000000, 0x0000000100000000)
[2020-12-28T02:11:45.192-0500][gc,heap        ] GC(23253)   region size 1024K, 7 young (7168K), 1 survivors (1024K)
[2020-12-28T02:11:45.192-0500][gc,heap        ] GC(23253)  Metaspace       used 50333K, capacity 52498K, committed 53888K, reserved 1093632K
[2020-12-28T02:11:45.192-0500][gc,heap        ] GC(23253)   class space    used 7459K, capacity 8255K, committed 8832K, reserved 1048576K
[2020-12-28T02:11:45.193-0500][gc,phases,start] GC(23253) Phase 1: Mark live objects
[2020-12-28T02:11:45.223-0500][gc,stringtable ] GC(23253) Cleaned string and symbol table, strings: 33458 processed, 4 removed, symbols: 120983 processed, 0 removed
[2020-12-28T02:11:45.224-0500][gc,phases      ] GC(23253) Phase 1: Mark live objects 30.846ms
[2020-12-28T02:11:45.224-0500][gc,phases,start] GC(23253) Phase 2: Prepare for compaction
[2020-12-28T02:11:45.228-0500][gc,phases      ] GC(23253) Phase 2: Prepare for compaction 4.530ms
[2020-12-28T02:11:45.228-0500][gc,phases,start] GC(23253) Phase 3: Adjust pointers
[2020-12-28T02:11:45.242-0500][gc,phases      ] GC(23253) Phase 3: Adjust pointers 13.625ms
[2020-12-28T02:11:45.242-0500][gc,phases,start] GC(23253) Phase 4: Compact heap
[2020-12-28T02:11:45.245-0500][gc,phases      ] GC(23253) Phase 4: Compact heap 2.929ms
[2020-12-28T02:11:45.249-0500][gc,heap        ] GC(23253) Eden regions: 6->0(9)
[2020-12-28T02:11:45.249-0500][gc,heap        ] GC(23253) Survivor regions: 1->0(1)
[2020-12-28T02:11:45.249-0500][gc,heap        ] GC(23253) Old regions: 43->42
[2020-12-28T02:11:45.249-0500][gc,heap        ] GC(23253) Humongous regions: 4->4
[2020-12-28T02:11:45.249-0500][gc,metaspace   ] GC(23253) Metaspace: 50333K->50333K(1093632K)
[2020-12-28T02:11:45.249-0500][gc,heap        ] GC(23253) Heap after GC invocations=23254 (full 5300): garbage-first heap   total 64512K, used 44296K [0x0000000083000000, 0x0000000100000000)
[2020-12-28T02:11:45.249-0500][gc,heap        ] GC(23253)   region size 1024K, 0 young (0K), 0 survivors (0K)
[2020-12-28T02:11:45.249-0500][gc,heap        ] GC(23253)  Metaspace       used 50333K, capacity 52498K, committed 53888K, reserved 1093632K
[2020-12-28T02:11:45.249-0500][gc,heap        ] GC(23253)   class space    used 7459K, capacity 8255K, committed 8832K, reserved 1048576K
[2020-12-28T02:11:45.249-0500][gc             ] GC(23253) Pause Full (System.gc()) 48M->43M(63M) 57.180ms
[2020-12-28T02:11:45.249-0500][gc,cpu         ] GC(23253) User=0.25s Sys=0.00s Real=0.06s
[2020-12-28T02:13:59.069-0500][gc,heap        ] GC(23254) Heap before GC invocations=23254 (full 5300): garbage-first heap   total 64512K, used 53512K [0x0000000083000000, 0x0000000100000000)
[2020-12-28T02:13:59.070-0500][gc,heap        ] GC(23254)   region size 1024K, 9 young (9216K), 0 survivors (0K)
[2020-12-28T02:13:59.070-0500][gc,heap        ] GC(23254)  Metaspace       used 50333K, capacity 52498K, committed 53888K, reserved 1093632K
[2020-12-28T02:13:59.070-0500][gc,heap        ] GC(23254)   class space    used 7459K, capacity 8255K, committed 8832K, reserved 1048576K
[2020-12-28T02:13:59.070-0500][gc,start       ] GC(23254) Pause Young (Normal) (G1 Evacuation Pause)
[2020-12-28T02:13:59.070-0500][gc,task        ] GC(23254) Using 8 workers of 8 for evacuation
[2020-12-28T02:13:59.075-0500][gc,phases      ] GC(23254)   Pre Evacuate Collection Set: 0.0ms
[2020-12-28T02:13:59.075-0500][gc,phases      ] GC(23254)   Evacuate Collection Set: 2.0ms
[2020-12-28T02:13:59.075-0500][gc,phases      ] GC(23254)   Post Evacuate Collection Set: 2.7ms
[2020-12-28T02:13:59.075-0500][gc,phases      ] GC(23254)   Other: 0.5ms
[2020-12-28T02:13:59.075-0500][gc,heap        ] GC(23254) Eden regions: 9->0(8)
[2020-12-28T02:13:59.075-0500][gc,heap        ] GC(23254) Survivor regions: 0->1(2)
[2020-12-28T02:13:59.075-0500][gc,heap        ] GC(23254) Old regions: 42->42
[2020-12-28T02:13:59.075-0500][gc,heap        ] GC(23254) Humongous regions: 4->4
[2020-12-28T02:13:59.075-0500][gc,metaspace   ] GC(23254) Metaspace: 50333K->50333K(1093632K)
[2020-12-28T02:13:59.075-0500][gc,heap        ] GC(23254) Heap after GC invocations=23255 (full 5300): garbage-first heap   total 64512K, used 44346K [0x0000000083000000, 0x0000000100000000)
[2020-12-28T02:13:59.075-0500][gc,heap        ] GC(23254)   region size 1024K, 1 young (1024K), 1 survivors (1024K)
[2020-12-28T02:13:59.075-0500][gc,heap        ] GC(23254)  Metaspace       used 50333K, capacity 52498K, committed 53888K, reserved 1093632K
[2020-12-28T02:13:59.075-0500][gc,heap        ] GC(23254)   class space    used 7459K, capacity 8255K, committed 8832K, reserved 1048576K
[2020-12-28T02:13:59.075-0500][gc             ] GC(23254) Pause Young (Normal) (G1 Evacuation Pause) 52M->43M(63M) 5.378ms
[2020-12-28T02:13:59.075-0500][gc,cpu         ] GC(23254) User=0.02s Sys=0.01s Real=0.00s
[2020-12-28T02:15:59.732-0500][gc,heap        ] GC(23255) Heap before GC invocations=23255 (full 5300): garbage-first heap   total 64512K, used 51514K [0x0000000083000000, 0x0000000100000000)
[2020-12-28T02:15:59.732-0500][gc,heap        ] GC(23255)   region size 1024K, 9 young (9216K), 1 survivors (1024K)
[2020-12-28T02:15:59.732-0500][gc,heap        ] GC(23255)  Metaspace       used 50333K, capacity 52498K, committed 53888K, reserved 1093632K
[2020-12-28T02:15:59.732-0500][gc,heap        ] GC(23255)   class space    used 7459K, capacity 8255K, committed 8832K, reserved 1048576K
[2020-12-28T02:15:59.732-0500][gc,start       ] GC(23255) Pause Young (Normal) (G1 Evacuation Pause)
[2020-12-28T02:15:59.732-0500][gc,task        ] GC(23255) Using 8 workers of 8 for evacuation
[2020-12-28T02:15:59.738-0500][gc,phases      ] GC(23255)   Pre Evacuate Collection Set: 0.0ms
[2020-12-28T02:15:59.738-0500][gc,phases      ] GC(23255)   Evacuate Collection Set: 4.0ms
[2020-12-28T02:15:59.738-0500][gc,phases      ] GC(23255)   Post Evacuate Collection Set: 1.6ms
[2020-12-28T02:15:59.738-0500][gc,phases      ] GC(23255)   Other: 0.6ms
[2020-12-28T02:15:59.738-0500][gc,heap        ] GC(23255) Eden regions: 8->0(8)
[2020-12-28T02:15:59.738-0500][gc,heap        ] GC(23255) Survivor regions: 1->1(2)
[2020-12-28T02:15:59.738-0500][gc,heap        ] GC(23255) Old regions: 42->42
[2020-12-28T02:15:59.738-0500][gc,heap        ] GC(23255) Humongous regions: 4->4
[2020-12-28T02:15:59.738-0500][gc,metaspace   ] GC(23255) Metaspace: 50333K->50333K(1093632K)
[2020-12-28T02:15:59.738-0500][gc,heap        ] GC(23255) Heap after GC invocations=23256 (full 5300): garbage-first heap   total 64512K, used 44343K [0x0000000083000000, 0x0000000100000000)
[2020-12-28T02:15:59.738-0500][gc,heap        ] GC(23255)   region size 1024K, 1 young (1024K), 1 survivors (1024K)
[2020-12-28T02:15:59.738-0500][gc,heap        ] GC(23255)  Metaspace       used 50333K, capacity 52498K, committed 53888K, reserved 1093632K
[2020-12-28T02:15:59.738-0500][gc,heap        ] GC(23255)   class space    used 7459K, capacity 8255K, committed 8832K, reserved 1048576K
[2020-12-28T02:15:59.738-0500][gc             ] GC(23255) Pause Young (Normal) (G1 Evacuation Pause) 51M->43M(63M) 6.081ms
[2020-12-28T02:15:59.738-0500][gc,cpu         ] GC(23255) User=0.03s Sys=0.00s Real=0.01s
[2020-12-28T02:16:45.190-0500][gc,task        ] GC(23256) Using 5 workers of 8 for full compaction
[2020-12-28T02:16:45.191-0500][gc,start       ] GC(23256) Pause Full (System.gc())
[2020-12-28T02:16:45.191-0500][gc,heap        ] GC(23256) Heap before GC invocations=23256 (full 5300): garbage-first heap   total 64512K, used 46391K [0x0000000083000000, 0x0000000100000000)
[2020-12-28T02:16:45.191-0500][gc,heap        ] GC(23256)   region size 1024K, 4 young (4096K), 1 survivors (1024K)
[2020-12-28T02:16:45.191-0500][gc,heap        ] GC(23256)  Metaspace       used 50333K, capacity 52498K, committed 53888K, reserved 1093632K
[2020-12-28T02:16:45.191-0500][gc,heap        ] GC(23256)   class space    used 7459K, capacity 8255K, committed 8832K, reserved 1048576K
[2020-12-28T02:16:45.191-0500][gc,phases,start] GC(23256) Phase 1: Mark live objects
[2020-12-28T02:16:45.629-0500][gc,stringtable ] GC(23256) Cleaned string and symbol table, strings: 33458 processed, 145 removed, symbols: 120983 processed, 0 removed
[2020-12-28T02:16:45.629-0500][gc,phases      ] GC(23256) Phase 1: Mark live objects 437.439ms
[2020-12-28T02:16:45.629-0500][gc,phases,start] GC(23256) Phase 2: Prepare for compaction
[2020-12-28T02:16:45.634-0500][gc,phases      ] GC(23256) Phase 2: Prepare for compaction 5.141ms
[2020-12-28T02:16:45.634-0500][gc,phases,start] GC(23256) Phase 3: Adjust pointers
[2020-12-28T02:16:45.644-0500][gc,phases      ] GC(23256) Phase 3: Adjust pointers 9.707ms
[2020-12-28T02:16:45.644-0500][gc,phases,start] GC(23256) Phase 4: Compact heap
[2020-12-28T02:16:45.647-0500][gc,phases      ] GC(23256) Phase 4: Compact heap 3.671ms
[2020-12-28T02:16:45.652-0500][gc,heap        ] GC(23256) Eden regions: 3->0(9)
[2020-12-28T02:16:45.652-0500][gc,heap        ] GC(23256) Survivor regions: 1->0(2)
[2020-12-28T02:16:45.652-0500][gc,heap        ] GC(23256) Old regions: 42->42
[2020-12-28T02:16:45.652-0500][gc,heap        ] GC(23256) Humongous regions: 4->4
[2020-12-28T02:16:45.652-0500][gc,metaspace   ] GC(23256) Metaspace: 50333K->50313K(1093632K)
[2020-12-28T02:16:45.652-0500][gc,heap        ] GC(23256) Heap after GC invocations=23257 (full 5301): garbage-first heap   total 64512K, used 43334K [0x0000000083000000, 0x0000000100000000)
[2020-12-28T02:16:45.652-0500][gc,heap        ] GC(23256)   region size 1024K, 0 young (0K), 0 survivors (0K)
[2020-12-28T02:16:45.652-0500][gc,heap        ] GC(23256)  Metaspace       used 50313K, capacity 52468K, committed 53888K, reserved 1093632K
[2020-12-28T02:16:45.652-0500][gc,heap        ] GC(23256)   class space    used 7457K, capacity 8250K, committed 8832K, reserved 1048576K
[2020-12-28T02:16:45.652-0500][gc             ] GC(23256) Pause Full (System.gc()) 46M->42M(63M) 461.314ms
[2020-12-28T02:16:45.652-0500][gc,cpu         ] GC(23256) User=2.21s Sys=0.00s Real=0.46s
[2020-12-28T02:18:59.058-0500][gc,heap        ] GC(23257) Heap before GC invocations=23257 (full 5301): garbage-first heap   total 64512K, used 52550K [0x0000000083000000, 0x0000000100000000)
[2020-12-28T02:18:59.059-0500][gc,heap        ] GC(23257)   region size 1024K, 9 young (9216K), 0 survivors (0K)
[2020-12-28T02:18:59.059-0500][gc,heap        ] GC(23257)  Metaspace       used 50313K, capacity 52468K, committed 53888K, reserved 1093632K
[2020-12-28T02:18:59.059-0500][gc,heap        ] GC(23257)   class space    used 7457K, capacity 8250K, committed 8832K, reserved 1048576K
[2020-12-28T02:18:59.059-0500][gc,start       ] GC(23257) Pause Young (Normal) (G1 Evacuation Pause)
[2020-12-28T02:18:59.059-0500][gc,task        ] GC(23257) Using 8 workers of 8 for evacuation
[2020-12-28T02:18:59.060-0500][gc,phases      ] GC(23257)   Pre Evacuate Collection Set: 0.0ms
[2020-12-28T02:18:59.060-0500][gc,phases      ] GC(23257)   Evacuate Collection Set: 0.7ms
[2020-12-28T02:18:59.060-0500][gc,phases      ] GC(23257)   Post Evacuate Collection Set: 0.9ms
[2020-12-28T02:18:59.060-0500][gc,phases      ] GC(23257)   Other: 0.3ms
[2020-12-28T02:18:59.060-0500][gc,heap        ] GC(23257) Eden regions: 9->0(8)
[2020-12-28T02:18:59.060-0500][gc,heap        ] GC(23257) Survivor regions: 0->1(2)
[2020-12-28T02:18:59.060-0500][gc,heap        ] GC(23257) Old regions: 42->42
[2020-12-28T02:18:59.060-0500][gc,heap        ] GC(23257) Humongous regions: 4->4
[2020-12-28T02:18:59.060-0500][gc,metaspace   ] GC(23257) Metaspace: 50313K->50313K(1093632K)
[2020-12-28T02:18:59.060-0500][gc,heap        ] GC(23257) Heap after GC invocations=23258 (full 5301): garbage-first heap   total 64512K, used 43415K [0x0000000083000000, 0x0000000100000000)
[2020-12-28T02:18:59.060-0500][gc,heap        ] GC(23257)   region size 1024K, 1 young (1024K), 1 survivors (1024K)
[2020-12-28T02:18:59.060-0500][gc,heap        ] GC(23257)  Metaspace       used 50313K, capacity 52468K, committed 53888K, reserved 1093632K
[2020-12-28T02:18:59.060-0500][gc,heap        ] GC(23257)   class space    used 7457K, capacity 8250K, committed 8832K, reserved 1048576K
[2020-12-28T02:18:59.060-0500][gc             ] GC(23257) Pause Young (Normal) (G1 Evacuation Pause) 51M->42M(63M) 1.856ms
[2020-12-28T02:18:59.061-0500][gc,cpu         ] GC(23257) User=0.01s Sys=0.00s Real=0.00s
[2020-12-28T02:20:59.065-0500][gc,heap        ] GC(23258) Heap before GC invocations=23258 (full 5301): garbage-first heap   total 64512K, used 50583K [0x0000000083000000, 0x0000000100000000)
[2020-12-28T02:20:59.065-0500][gc,heap        ] GC(23258)   region size 1024K, 9 young (9216K), 1 survivors (1024K)
[2020-12-28T02:20:59.065-0500][gc,heap        ] GC(23258)  Metaspace       used 50313K, capacity 52468K, committed 53888K, reserved 1093632K
[2020-12-28T02:20:59.065-0500][gc,heap        ] GC(23258)   class space    used 7457K, capacity 8250K, committed 8832K, reserved 1048576K
[2020-12-28T02:20:59.066-0500][gc,start       ] GC(23258) Pause Young (Normal) (G1 Evacuation Pause)
[2020-12-28T02:20:59.066-0500][gc,task        ] GC(23258) Using 8 workers of 8 for evacuation
[2020-12-28T02:20:59.074-0500][gc,phases      ] GC(23258)   Pre Evacuate Collection Set: 0.0ms
[2020-12-28T02:20:59.074-0500][gc,phases      ] GC(23258)   Evacuate Collection Set: 6.9ms
[2020-12-28T02:20:59.074-0500][gc,phases      ] GC(23258)   Post Evacuate Collection Set: 1.5ms
[2020-12-28T02:20:59.074-0500][gc,phases      ] GC(23258)   Other: 0.7ms
[2020-12-28T02:20:59.075-0500][gc,heap        ] GC(23258) Eden regions: 8->0(8)
[2020-12-28T02:20:59.075-0500][gc,heap        ] GC(23258) Survivor regions: 1->1(2)
[2020-12-28T02:20:59.075-0500][gc,heap        ] GC(23258) Old regions: 42->42
[2020-12-28T02:20:59.075-0500][gc,heap        ] GC(23258) Humongous regions: 4->4
[2020-12-28T02:20:59.075-0500][gc,metaspace   ] GC(23258) Metaspace: 50313K->50313K(1093632K)
[2020-12-28T02:20:59.075-0500][gc,heap        ] GC(23258) Heap after GC invocations=23259 (full 5301): garbage-first heap   total 64512K, used 43386K [0x0000000083000000, 0x0000000100000000)
[2020-12-28T02:20:59.075-0500][gc,heap        ] GC(23258)   region size 1024K, 1 young (1024K), 1 survivors (1024K)
[2020-12-28T02:20:59.075-0500][gc,heap        ] GC(23258)  Metaspace       used 50313K, capacity 52468K, committed 53888K, reserved 1093632K
[2020-12-28T02:20:59.075-0500][gc,heap        ] GC(23258)   class space    used 7457K, capacity 8250K, committed 8832K, reserved 1048576K
[2020-12-28T02:20:59.075-0500][gc             ] GC(23258) Pause Young (Normal) (G1 Evacuation Pause) 50M->42M(63M) 9.190ms
[2020-12-28T02:20:59.075-0500][gc,cpu         ] GC(23258) User=0.05s Sys=0.00s Real=0.01s
[2020-12-28T02:21:45.190-0500][gc,task        ] GC(23259) Using 5 workers of 8 for full compaction
[2020-12-28T02:21:45.190-0500][gc,start       ] GC(23259) Pause Full (System.gc())
[2020-12-28T02:21:45.190-0500][gc,heap        ] GC(23259) Heap before GC invocations=23259 (full 5301): garbage-first heap   total 64512K, used 46458K [0x0000000083000000, 0x0000000100000000)
[2020-12-28T02:21:45.190-0500][gc,heap        ] GC(23259)   region size 1024K, 5 young (5120K), 1 survivors (1024K)
[2020-12-28T02:21:45.190-0500][gc,heap        ] GC(23259)  Metaspace       used 50313K, capacity 52468K, committed 53888K, reserved 1093632K
[2020-12-28T02:21:45.190-0500][gc,heap        ] GC(23259)   class space    used 7457K, capacity 8250K, committed 8832K, reserved 1048576K
[2020-12-28T02:21:45.192-0500][gc,phases,start] GC(23259) Phase 1: Mark live objects
[2020-12-28T02:21:45.223-0500][gc,stringtable ] GC(23259) Cleaned string and symbol table, strings: 33317 processed, 4 removed, symbols: 120983 processed, 10 removed
[2020-12-28T02:21:45.223-0500][gc,phases      ] GC(23259) Phase 1: Mark live objects 30.860ms
[2020-12-28T02:21:45.223-0500][gc,phases,start] GC(23259) Phase 2: Prepare for compaction
[2020-12-28T02:21:45.227-0500][gc,phases      ] GC(23259) Phase 2: Prepare for compaction 3.798ms
[2020-12-28T02:21:45.227-0500][gc,phases,start] GC(23259) Phase 3: Adjust pointers
[2020-12-28T02:21:45.237-0500][gc,phases      ] GC(23259) Phase 3: Adjust pointers 9.885ms
[2020-12-28T02:21:45.237-0500][gc,phases,start] GC(23259) Phase 4: Compact heap
[2020-12-28T02:21:45.241-0500][gc,phases      ] GC(23259) Phase 4: Compact heap 3.581ms
[2020-12-28T02:21:45.246-0500][gc,heap        ] GC(23259) Eden regions: 4->0(9)
[2020-12-28T02:21:45.246-0500][gc,heap        ] GC(23259) Survivor regions: 1->0(2)
[2020-12-28T02:21:45.246-0500][gc,heap        ] GC(23259) Old regions: 42->42
[2020-12-28T02:21:45.246-0500][gc,heap        ] GC(23259) Humongous regions: 4->4
[2020-12-28T02:21:45.246-0500][gc,metaspace   ] GC(23259) Metaspace: 50313K->50313K(1093632K)
[2020-12-28T02:21:45.246-0500][gc,heap        ] GC(23259) Heap after GC invocations=23260 (full 5302): garbage-first heap   total 64512K, used 43335K [0x0000000083000000, 0x0000000100000000)
[2020-12-28T02:21:45.246-0500][gc,heap        ] GC(23259)   region size 1024K, 0 young (0K), 0 survivors (0K)
[2020-12-28T02:21:45.246-0500][gc,heap        ] GC(23259)  Metaspace       used 50313K, capacity 52468K, committed 53888K, reserved 1093632K
[2020-12-28T02:21:45.246-0500][gc,heap        ] GC(23259)   class space    used 7457K, capacity 8250K, committed 8832K, reserved 1048576K
[2020-12-28T02:21:45.246-0500][gc             ] GC(23259) Pause Full (System.gc()) 45M->42M(63M) 56.706ms
[2020-12-28T02:21:45.246-0500][gc,cpu         ] GC(23259) User=0.22s Sys=0.00s Real=0.05s
[2020-12-28T02:23:59.067-0500][gc,heap        ] GC(23260) Heap before GC invocations=23260 (full 5302): garbage-first heap   total 64512K, used 52551K [0x0000000083000000, 0x0000000100000000)
[2020-12-28T02:23:59.067-0500][gc,heap        ] GC(23260)   region size 1024K, 9 young (9216K), 0 survivors (0K)
[2020-12-28T02:23:59.067-0500][gc,heap        ] GC(23260)  Metaspace       used 50313K, capacity 52468K, committed 53888K, reserved 1093632K
[2020-12-28T02:23:59.067-0500][gc,heap        ] GC(23260)   class space    used 7457K, capacity 8250K, committed 8832K, reserved 1048576K
[2020-12-28T02:23:59.067-0500][gc,start       ] GC(23260) Pause Young (Normal) (G1 Evacuation Pause)
[2020-12-28T02:23:59.067-0500][gc,task        ] GC(23260) Using 8 workers of 8 for evacuation
[2020-12-28T02:23:59.076-0500][gc,phases      ] GC(23260)   Pre Evacuate Collection Set: 0.0ms
[2020-12-28T02:23:59.076-0500][gc,phases      ] GC(23260)   Evacuate Collection Set: 4.3ms
[2020-12-28T02:23:59.076-0500][gc,phases      ] GC(23260)   Post Evacuate Collection Set: 4.4ms
[2020-12-28T02:23:59.076-0500][gc,phases      ] GC(23260)   Other: 0.6ms
[2020-12-28T02:23:59.076-0500][gc,heap        ] GC(23260) Eden regions: 9->0(8)
[2020-12-28T02:23:59.076-0500][gc,heap        ] GC(23260) Survivor regions: 0->1(2)
[2020-12-28T02:23:59.077-0500][gc,heap        ] GC(23260) Old regions: 42->42
[2020-12-28T02:23:59.077-0500][gc,heap        ] GC(23260) Humongous regions: 4->4
[2020-12-28T02:23:59.077-0500][gc,metaspace   ] GC(23260) Metaspace: 50313K->50313K(1093632K)
[2020-12-28T02:23:59.077-0500][gc,heap        ] GC(23260) Heap after GC invocations=23261 (full 5302): garbage-first heap   total 64512K, used 43416K [0x0000000083000000, 0x0000000100000000)
[2020-12-28T02:23:59.077-0500][gc,heap        ] GC(23260)   region size 1024K, 1 young (1024K), 1 survivors (1024K)
[2020-12-28T02:23:59.077-0500][gc,heap        ] GC(23260)  Metaspace       used 50313K, capacity 52468K, committed 53888K, reserved 1093632K
[2020-12-28T02:23:59.077-0500][gc,heap        ] GC(23260)   class space    used 7457K, capacity 8250K, committed 8832K, reserved 1048576K
[2020-12-28T02:23:59.077-0500][gc             ] GC(23260) Pause Young (Normal) (G1 Evacuation Pause) 51M->42M(63M) 9.477ms
[2020-12-28T02:23:59.077-0500][gc,cpu         ] GC(23260) User=0.05s Sys=0.00s Real=0.01s
[2020-12-28T02:25:59.065-0500][gc,heap        ] GC(23261) Heap before GC invocations=23261 (full 5302): garbage-first heap   total 64512K, used 51608K [0x0000000083000000, 0x0000000100000000)
[2020-12-28T02:25:59.065-0500][gc,heap        ] GC(23261)   region size 1024K, 9 young (9216K), 1 survivors (1024K)
[2020-12-28T02:25:59.065-0500][gc,heap        ] GC(23261)  Metaspace       used 50313K, capacity 52468K, committed 53888K, reserved 1093632K
[2020-12-28T02:25:59.065-0500][gc,heap        ] GC(23261)   class space    used 7457K, capacity 8250K, committed 8832K, reserved 1048576K
[2020-12-28T02:25:59.065-0500][gc,start       ] GC(23261) Pause Young (Normal) (G1 Evacuation Pause)
[2020-12-28T02:25:59.065-0500][gc,task        ] GC(23261) Using 8 workers of 8 for evacuation
[2020-12-28T02:25:59.074-0500][gc,phases      ] GC(23261)   Pre Evacuate Collection Set: 0.1ms
[2020-12-28T02:25:59.074-0500][gc,phases      ] GC(23261)   Evacuate Collection Set: 5.2ms
[2020-12-28T02:25:59.074-0500][gc,phases      ] GC(23261)   Post Evacuate Collection Set: 2.5ms
[2020-12-28T02:25:59.074-0500][gc,phases      ] GC(23261)   Other: 1.0ms
[2020-12-28T02:25:59.074-0500][gc,heap        ] GC(23261) Eden regions: 8->0(8)
[2020-12-28T02:25:59.074-0500][gc,heap        ] GC(23261) Survivor regions: 1->1(2)
[2020-12-28T02:25:59.074-0500][gc,heap        ] GC(23261) Old regions: 42->42
[2020-12-28T02:25:59.074-0500][gc,heap        ] GC(23261) Humongous regions: 4->4
[2020-12-28T02:25:59.074-0500][gc,metaspace   ] GC(23261) Metaspace: 50313K->50313K(1093632K)
[2020-12-28T02:25:59.074-0500][gc,heap        ] GC(23261) Heap after GC invocations=23262 (full 5302): garbage-first heap   total 64512K, used 43413K [0x0000000083000000, 0x0000000100000000)
[2020-12-28T02:25:59.074-0500][gc,heap        ] GC(23261)   region size 1024K, 1 young (1024K), 1 survivors (1024K)
[2020-12-28T02:25:59.074-0500][gc,heap        ] GC(23261)  Metaspace       used 50313K, capacity 52468K, committed 53888K, reserved 1093632K
[2020-12-28T02:25:59.074-0500][gc,heap        ] GC(23261)   class space    used 7457K, capacity 8250K, committed 8832K, reserved 1048576K
[2020-12-28T02:25:59.074-0500][gc             ] GC(23261) Pause Young (Normal) (G1 Evacuation Pause) 50M->42M(63M) 8.864ms
[2020-12-28T02:25:59.074-0500][gc,cpu         ] GC(23261) User=0.03s Sys=0.00s Real=0.01s
[2020-12-28T02:26:45.195-0500][gc,task        ] GC(23262) Using 5 workers of 8 for full compaction
[2020-12-28T02:26:45.195-0500][gc,start       ] GC(23262) Pause Full (System.gc())
[2020-12-28T02:26:45.195-0500][gc,heap        ] GC(23262) Heap before GC invocations=23262 (full 5302): garbage-first heap   total 64512K, used 46485K [0x0000000083000000, 0x0000000100000000)
[2020-12-28T02:26:45.195-0500][gc,heap        ] GC(23262)   region size 1024K, 5 young (5120K), 1 survivors (1024K)
[2020-12-28T02:26:45.195-0500][gc,heap        ] GC(23262)  Metaspace       used 50313K, capacity 52468K, committed 53888K, reserved 1093632K
[2020-12-28T02:26:45.195-0500][gc,heap        ] GC(23262)   class space    used 7457K, capacity 8250K, committed 8832K, reserved 1048576K
[2020-12-28T02:26:45.196-0500][gc,phases,start] GC(23262) Phase 1: Mark live objects
[2020-12-28T02:26:45.241-0500][gc,stringtable ] GC(23262) Cleaned string and symbol table, strings: 33317 processed, 4 removed, symbols: 120973 processed, 0 removed
[2020-12-28T02:26:45.241-0500][gc,phases      ] GC(23262) Phase 1: Mark live objects 45.218ms
[2020-12-28T02:26:45.241-0500][gc,phases,start] GC(23262) Phase 2: Prepare for compaction
[2020-12-28T02:26:45.246-0500][gc,phases      ] GC(23262) Phase 2: Prepare for compaction 4.777ms
[2020-12-28T02:26:45.246-0500][gc,phases,start] GC(23262) Phase 3: Adjust pointers
[2020-12-28T02:26:45.256-0500][gc,phases      ] GC(23262) Phase 3: Adjust pointers 9.763ms
[2020-12-28T02:26:45.256-0500][gc,phases,start] GC(23262) Phase 4: Compact heap
[2020-12-28T02:26:45.258-0500][gc,phases      ] GC(23262) Phase 4: Compact heap 2.606ms
[2020-12-28T02:26:45.262-0500][gc,heap        ] GC(23262) Eden regions: 4->0(10)
[2020-12-28T02:26:45.262-0500][gc,heap        ] GC(23262) Survivor regions: 1->0(2)
[2020-12-28T02:26:45.262-0500][gc,heap        ] GC(23262) Old regions: 42->41
[2020-12-28T02:26:45.262-0500][gc,heap        ] GC(23262) Humongous regions: 4->4
[2020-12-28T02:26:45.262-0500][gc,metaspace   ] GC(23262) Metaspace: 50313K->50313K(1093632K)
[2020-12-28T02:26:45.262-0500][gc,heap        ] GC(23262) Heap after GC invocations=23263 (full 5303): garbage-first heap   total 64512K, used 43326K [0x0000000083000000, 0x0000000100000000)
[2020-12-28T02:26:45.262-0500][gc,heap        ] GC(23262)   region size 1024K, 0 young (0K), 0 survivors (0K)
[2020-12-28T02:26:45.262-0500][gc,heap        ] GC(23262)  Metaspace       used 50313K, capacity 52468K, committed 53888K, reserved 1093632K
[2020-12-28T02:26:45.262-0500][gc,heap        ] GC(23262)   class space    used 7457K, capacity 8250K, committed 8832K, reserved 1048576K
[2020-12-28T02:26:45.262-0500][gc             ] GC(23262) Pause Full (System.gc()) 45M->42M(63M) 67.737ms
[2020-12-28T02:26:45.263-0500][gc,cpu         ] GC(23262) User=0.27s Sys=0.00s Real=0.07s
[2020-12-28T02:29:16.299-0500][gc,heap        ] GC(23263) Heap before GC invocations=23263 (full 5303): garbage-first heap   total 64512K, used 52542K [0x0000000083000000, 0x0000000100000000)
[2020-12-28T02:29:16.299-0500][gc,heap        ] GC(23263)   region size 1024K, 10 young (10240K), 0 survivors (0K)
[2020-12-28T02:29:16.299-0500][gc,heap        ] GC(23263)  Metaspace       used 50313K, capacity 52468K, committed 53888K, reserved 1093632K
[2020-12-28T02:29:16.299-0500][gc,heap        ] GC(23263)   class space    used 7457K, capacity 8250K, committed 8832K, reserved 1048576K
[2020-12-28T02:29:16.300-0500][gc,start       ] GC(23263) Pause Young (Normal) (G1 Evacuation Pause)
[2020-12-28T02:29:16.300-0500][gc,task        ] GC(23263) Using 8 workers of 8 for evacuation
[2020-12-28T02:29:16.305-0500][gc,phases      ] GC(23263)   Pre Evacuate Collection Set: 0.0ms
[2020-12-28T02:29:16.305-0500][gc,phases      ] GC(23263)   Evacuate Collection Set: 1.3ms
[2020-12-28T02:29:16.305-0500][gc,phases      ] GC(23263)   Post Evacuate Collection Set: 1.6ms
[2020-12-28T02:29:16.305-0500][gc,phases      ] GC(23263)   Other: 2.9ms
[2020-12-28T02:29:16.305-0500][gc,heap        ] GC(23263) Eden regions: 10->0(9)
[2020-12-28T02:29:16.305-0500][gc,heap        ] GC(23263) Survivor regions: 0->1(2)
[2020-12-28T02:29:16.305-0500][gc,heap        ] GC(23263) Old regions: 41->41
[2020-12-28T02:29:16.305-0500][gc,heap        ] GC(23263) Humongous regions: 4->4
[2020-12-28T02:29:16.305-0500][gc,metaspace   ] GC(23263) Metaspace: 50313K->50313K(1093632K)
[2020-12-28T02:29:16.305-0500][gc,heap        ] GC(23263) Heap after GC invocations=23264 (full 5303): garbage-first heap   total 64512K, used 43392K [0x0000000083000000, 0x0000000100000000)
[2020-12-28T02:29:16.305-0500][gc,heap        ] GC(23263)   region size 1024K, 1 young (1024K), 1 survivors (1024K)
[2020-12-28T02:29:16.305-0500][gc,heap        ] GC(23263)  Metaspace       used 50313K, capacity 52468K, committed 53888K, reserved 1093632K
[2020-12-28T02:29:16.305-0500][gc,heap        ] GC(23263)   class space    used 7457K, capacity 8250K, committed 8832K, reserved 1048576K
[2020-12-28T02:29:16.306-0500][gc             ] GC(23263) Pause Young (Normal) (G1 Evacuation Pause) 52M->42M(63M) 5.581ms
[2020-12-28T02:29:16.306-0500][gc,cpu         ] GC(23263) User=0.01s Sys=0.01s Real=0.00s
[2020-12-28T02:31:29.068-0500][gc,heap        ] GC(23264) Heap before GC invocations=23264 (full 5303): garbage-first heap   total 64512K, used 51584K [0x0000000083000000, 0x0000000100000000)
[2020-12-28T02:31:29.068-0500][gc,heap        ] GC(23264)   region size 1024K, 10 young (10240K), 1 survivors (1024K)
[2020-12-28T02:31:29.069-0500][gc,heap        ] GC(23264)  Metaspace       used 50313K, capacity 52468K, committed 53888K, reserved 1093632K
[2020-12-28T02:31:29.069-0500][gc,heap        ] GC(23264)   class space    used 7457K, capacity 8250K, committed 8832K, reserved 1048576K
[2020-12-28T02:31:29.069-0500][gc,start       ] GC(23264) Pause Young (Normal) (G1 Evacuation Pause)
[2020-12-28T02:31:29.069-0500][gc,task        ] GC(23264) Using 8 workers of 8 for evacuation
[2020-12-28T02:31:29.074-0500][gc,phases      ] GC(23264)   Pre Evacuate Collection Set: 0.0ms
[2020-12-28T02:31:29.074-0500][gc,phases      ] GC(23264)   Evacuate Collection Set: 1.6ms
[2020-12-28T02:31:29.074-0500][gc,phases      ] GC(23264)   Post Evacuate Collection Set: 2.8ms
[2020-12-28T02:31:29.074-0500][gc,phases      ] GC(23264)   Other: 1.3ms
[2020-12-28T02:31:29.074-0500][gc,heap        ] GC(23264) Eden regions: 9->0(9)
[2020-12-28T02:31:29.074-0500][gc,heap        ] GC(23264) Survivor regions: 1->1(2)
[2020-12-28T02:31:29.074-0500][gc,heap        ] GC(23264) Old regions: 41->41
[2020-12-28T02:31:29.074-0500][gc,heap        ] GC(23264) Humongous regions: 4->4
[2020-12-28T02:31:29.074-0500][gc,metaspace   ] GC(23264) Metaspace: 50313K->50313K(1093632K)
[2020-12-28T02:31:29.074-0500][gc,heap        ] GC(23264) Heap after GC invocations=23265 (full 5303): garbage-first heap   total 64512K, used 43380K [0x0000000083000000, 0x0000000100000000)
[2020-12-28T02:31:29.074-0500][gc,heap        ] GC(23264)   region size 1024K, 1 young (1024K), 1 survivors (1024K)
[2020-12-28T02:31:29.074-0500][gc,heap        ] GC(23264)  Metaspace       used 50313K, capacity 52468K, committed 53888K, reserved 1093632K
[2020-12-28T02:31:29.074-0500][gc,heap        ] GC(23264)   class space    used 7457K, capacity 8250K, committed 8832K, reserved 1048576K
[2020-12-28T02:31:29.074-0500][gc             ] GC(23264) Pause Young (Normal) (G1 Evacuation Pause) 51M->42M(63M) 5.452ms
[2020-12-28T02:31:29.075-0500][gc,cpu         ] GC(23264) User=0.00s Sys=0.01s Real=0.00s
[2020-12-28T02:31:45.189-0500][gc,task        ] GC(23265) Using 5 workers of 8 for full compaction
[2020-12-28T02:31:45.189-0500][gc,start       ] GC(23265) Pause Full (System.gc())
[2020-12-28T02:31:45.189-0500][gc,heap        ] GC(23265) Heap before GC invocations=23265 (full 5303): garbage-first heap   total 64512K, used 43380K [0x0000000083000000, 0x0000000100000000)
[2020-12-28T02:31:45.189-0500][gc,heap        ] GC(23265)   region size 1024K, 2 young (2048K), 1 survivors (1024K)
[2020-12-28T02:31:45.189-0500][gc,heap        ] GC(23265)  Metaspace       used 50313K, capacity 52468K, committed 53888K, reserved 1093632K
[2020-12-28T02:31:45.189-0500][gc,heap        ] GC(23265)   class space    used 7457K, capacity 8250K, committed 8832K, reserved 1048576K
[2020-12-28T02:31:45.190-0500][gc,phases,start] GC(23265) Phase 1: Mark live objects
[2020-12-28T02:31:45.228-0500][gc,stringtable ] GC(23265) Cleaned string and symbol table, strings: 33317 processed, 4 removed, symbols: 120973 processed, 0 removed
[2020-12-28T02:31:45.229-0500][gc,phases      ] GC(23265) Phase 1: Mark live objects 38.468ms
[2020-12-28T02:31:45.229-0500][gc,phases,start] GC(23265) Phase 2: Prepare for compaction
[2020-12-28T02:31:45.232-0500][gc,phases      ] GC(23265) Phase 2: Prepare for compaction 3.026ms
[2020-12-28T02:31:45.232-0500][gc,phases,start] GC(23265) Phase 3: Adjust pointers
[2020-12-28T02:31:45.241-0500][gc,phases      ] GC(23265) Phase 3: Adjust pointers 9.810ms
[2020-12-28T02:31:45.241-0500][gc,phases,start] GC(23265) Phase 4: Compact heap
[2020-12-28T02:31:45.244-0500][gc,phases      ] GC(23265) Phase 4: Compact heap 2.399ms
[2020-12-28T02:31:45.248-0500][gc,heap        ] GC(23265) Eden regions: 1->0(10)
[2020-12-28T02:31:45.248-0500][gc,heap        ] GC(23265) Survivor regions: 1->0(2)
[2020-12-28T02:31:45.248-0500][gc,heap        ] GC(23265) Old regions: 41->41
[2020-12-28T02:31:45.248-0500][gc,heap        ] GC(23265) Humongous regions: 4->4
[2020-12-28T02:31:45.248-0500][gc,metaspace   ] GC(23265) Metaspace: 50313K->50313K(1093632K)
[2020-12-28T02:31:45.248-0500][gc,heap        ] GC(23265) Heap after GC invocations=23266 (full 5304): garbage-first heap   total 64512K, used 43314K [0x0000000083000000, 0x0000000100000000)
[2020-12-28T02:31:45.248-0500][gc,heap        ] GC(23265)   region size 1024K, 0 young (0K), 0 survivors (0K)
[2020-12-28T02:31:45.248-0500][gc,heap        ] GC(23265)  Metaspace       used 50313K, capacity 52468K, committed 53888K, reserved 1093632K
[2020-12-28T02:31:45.248-0500][gc,heap        ] GC(23265)   class space    used 7457K, capacity 8250K, committed 8832K, reserved 1048576K
[2020-12-28T02:31:45.248-0500][gc             ] GC(23265) Pause Full (System.gc()) 43M->42M(63M) 59.101ms
[2020-12-28T02:31:45.248-0500][gc,cpu         ] GC(23265) User=0.27s Sys=0.00s Real=0.06s
[2020-12-28T02:34:11.907-0500][gc,heap        ] GC(23266) Heap before GC invocations=23266 (full 5304): garbage-first heap   total 64512K, used 52530K [0x0000000083000000, 0x0000000100000000)
[2020-12-28T02:34:11.907-0500][gc,heap        ] GC(23266)   region size 1024K, 10 young (10240K), 0 survivors (0K)
[2020-12-28T02:34:11.907-0500][gc,heap        ] GC(23266)  Metaspace       used 50313K, capacity 52468K, committed 53888K, reserved 1093632K
[2020-12-28T02:34:11.907-0500][gc,heap        ] GC(23266)   class space    used 7457K, capacity 8250K, committed 8832K, reserved 1048576K
[2020-12-28T02:34:11.908-0500][gc,start       ] GC(23266) Pause Young (Normal) (G1 Evacuation Pause)
[2020-12-28T02:34:11.908-0500][gc,task        ] GC(23266) Using 8 workers of 8 for evacuation
[2020-12-28T02:34:11.910-0500][gc,phases      ] GC(23266)   Pre Evacuate Collection Set: 0.0ms
[2020-12-28T02:34:11.910-0500][gc,phases      ] GC(23266)   Evacuate Collection Set: 1.0ms
[2020-12-28T02:34:11.910-0500][gc,phases      ] GC(23266)   Post Evacuate Collection Set: 1.5ms
[2020-12-28T02:34:11.910-0500][gc,phases      ] GC(23266)   Other: 0.3ms
[2020-12-28T02:34:11.910-0500][gc,heap        ] GC(23266) Eden regions: 10->0(9)
[2020-12-28T02:34:11.910-0500][gc,heap        ] GC(23266) Survivor regions: 0->1(2)
[2020-12-28T02:34:11.910-0500][gc,heap        ] GC(23266) Old regions: 41->41
[2020-12-28T02:34:11.910-0500][gc,heap        ] GC(23266) Humongous regions: 4->4
[2020-12-28T02:34:11.910-0500][gc,metaspace   ] GC(23266) Metaspace: 50313K->50313K(1093632K)
[2020-12-28T02:34:11.910-0500][gc,heap        ] GC(23266) Heap after GC invocations=23267 (full 5304): garbage-first heap   total 64512K, used 43387K [0x0000000083000000, 0x0000000100000000)
[2020-12-28T02:34:11.910-0500][gc,heap        ] GC(23266)   region size 1024K, 1 young (1024K), 1 survivors (1024K)
[2020-12-28T02:34:11.910-0500][gc,heap        ] GC(23266)  Metaspace       used 50313K, capacity 52468K, committed 53888K, reserved 1093632K
[2020-12-28T02:34:11.910-0500][gc,heap        ] GC(23266)   class space    used 7457K, capacity 8250K, committed 8832K, reserved 1048576K
[2020-12-28T02:34:11.910-0500][gc             ] GC(23266) Pause Young (Normal) (G1 Evacuation Pause) 52M->42M(63M) 2.941ms
[2020-12-28T02:34:11.911-0500][gc,cpu         ] GC(23266) User=0.00s Sys=0.00s Real=0.01s
[2020-12-28T02:36:29.065-0500][gc,heap        ] GC(23267) Heap before GC invocations=23267 (full 5304): garbage-first heap   total 64512K, used 52603K [0x0000000083000000, 0x0000000100000000)
[2020-12-28T02:36:29.065-0500][gc,heap        ] GC(23267)   region size 1024K, 10 young (10240K), 1 survivors (1024K)
[2020-12-28T02:36:29.065-0500][gc,heap        ] GC(23267)  Metaspace       used 50313K, capacity 52468K, committed 53888K, reserved 1093632K
[2020-12-28T02:36:29.065-0500][gc,heap        ] GC(23267)   class space    used 7457K, capacity 8250K, committed 8832K, reserved 1048576K
[2020-12-28T02:36:29.065-0500][gc,start       ] GC(23267) Pause Young (Normal) (G1 Evacuation Pause)
[2020-12-28T02:36:29.065-0500][gc,task        ] GC(23267) Using 8 workers of 8 for evacuation
[2020-12-28T02:36:29.073-0500][gc,phases      ] GC(23267)   Pre Evacuate Collection Set: 0.1ms
[2020-12-28T02:36:29.073-0500][gc,phases      ] GC(23267)   Evacuate Collection Set: 1.9ms
[2020-12-28T02:36:29.073-0500][gc,phases      ] GC(23267)   Post Evacuate Collection Set: 5.3ms
[2020-12-28T02:36:29.073-0500][gc,phases      ] GC(23267)   Other: 0.6ms
[2020-12-28T02:36:29.073-0500][gc,heap        ] GC(23267) Eden regions: 9->0(9)
[2020-12-28T02:36:29.073-0500][gc,heap        ] GC(23267) Survivor regions: 1->1(2)
[2020-12-28T02:36:29.073-0500][gc,heap        ] GC(23267) Old regions: 41->41
[2020-12-28T02:36:29.073-0500][gc,heap        ] GC(23267) Humongous regions: 4->4
[2020-12-28T02:36:29.073-0500][gc,metaspace   ] GC(23267) Metaspace: 50313K->50313K(1093632K)
[2020-12-28T02:36:29.073-0500][gc,heap        ] GC(23267) Heap after GC invocations=23268 (full 5304): garbage-first heap   total 64512K, used 43392K [0x0000000083000000, 0x0000000100000000)
[2020-12-28T02:36:29.073-0500][gc,heap        ] GC(23267)   region size 1024K, 1 young (1024K), 1 survivors (1024K)
[2020-12-28T02:36:29.073-0500][gc,heap        ] GC(23267)  Metaspace       used 50313K, capacity 52468K, committed 53888K, reserved 1093632K
[2020-12-28T02:36:29.073-0500][gc,heap        ] GC(23267)   class space    used 7457K, capacity 8250K, committed 8832K, reserved 1048576K
[2020-12-28T02:36:29.073-0500][gc             ] GC(23267) Pause Young (Normal) (G1 Evacuation Pause) 51M->42M(63M) 8.026ms
[2020-12-28T02:36:29.073-0500][gc,cpu         ] GC(23267) User=0.02s Sys=0.01s Real=0.01s
[2020-12-28T02:36:45.191-0500][gc,task        ] GC(23268) Using 5 workers of 8 for full compaction
[2020-12-28T02:36:45.191-0500][gc,start       ] GC(23268) Pause Full (System.gc())
[2020-12-28T02:36:45.191-0500][gc,heap        ] GC(23268) Heap before GC invocations=23268 (full 5304): garbage-first heap   total 64512K, used 44416K [0x0000000083000000, 0x0000000100000000)
[2020-12-28T02:36:45.191-0500][gc,heap        ] GC(23268)   region size 1024K, 3 young (3072K), 1 survivors (1024K)
[2020-12-28T02:36:45.191-0500][gc,heap        ] GC(23268)  Metaspace       used 50313K, capacity 52468K, committed 53888K, reserved 1093632K
[2020-12-28T02:36:45.191-0500][gc,heap        ] GC(23268)   class space    used 7457K, capacity 8250K, committed 8832K, reserved 1048576K
[2020-12-28T02:36:45.193-0500][gc,phases,start] GC(23268) Phase 1: Mark live objects
[2020-12-28T02:36:45.235-0500][gc,stringtable ] GC(23268) Cleaned string and symbol table, strings: 33317 processed, 4 removed, symbols: 120973 processed, 0 removed
[2020-12-28T02:36:45.235-0500][gc,phases      ] GC(23268) Phase 1: Mark live objects 41.638ms
[2020-12-28T02:36:45.235-0500][gc,phases,start] GC(23268) Phase 2: Prepare for compaction
[2020-12-28T02:36:45.238-0500][gc,phases      ] GC(23268) Phase 2: Prepare for compaction 3.706ms
[2020-12-28T02:36:45.238-0500][gc,phases,start] GC(23268) Phase 3: Adjust pointers
[2020-12-28T02:36:45.248-0500][gc,phases      ] GC(23268) Phase 3: Adjust pointers 9.791ms
[2020-12-28T02:36:45.248-0500][gc,phases,start] GC(23268) Phase 4: Compact heap
[2020-12-28T02:36:45.251-0500][gc,phases      ] GC(23268) Phase 4: Compact heap 2.465ms
[2020-12-28T02:36:45.255-0500][gc,heap        ] GC(23268) Eden regions: 2->0(10)
[2020-12-28T02:36:45.255-0500][gc,heap        ] GC(23268) Survivor regions: 1->0(2)
[2020-12-28T02:36:45.255-0500][gc,heap        ] GC(23268) Old regions: 41->41
[2020-12-28T02:36:45.255-0500][gc,heap        ] GC(23268) Humongous regions: 4->4
[2020-12-28T02:36:45.255-0500][gc,metaspace   ] GC(23268) Metaspace: 50313K->50313K(1093632K)
[2020-12-28T02:36:45.255-0500][gc,heap        ] GC(23268) Heap after GC invocations=23269 (full 5305): garbage-first heap   total 64512K, used 43313K [0x0000000083000000, 0x0000000100000000)
[2020-12-28T02:36:45.255-0500][gc,heap        ] GC(23268)   region size 1024K, 0 young (0K), 0 survivors (0K)
[2020-12-28T02:36:45.255-0500][gc,heap        ] GC(23268)  Metaspace       used 50313K, capacity 52468K, committed 53888K, reserved 1093632K
[2020-12-28T02:36:45.255-0500][gc,heap        ] GC(23268)   class space    used 7457K, capacity 8250K, committed 8832K, reserved 1048576K
[2020-12-28T02:36:45.255-0500][gc             ] GC(23268) Pause Full (System.gc()) 43M->42M(63M) 64.103ms
[2020-12-28T02:36:45.255-0500][gc,cpu         ] GC(23268) User=0.27s Sys=0.00s Real=0.06s
[2020-12-28T02:39:01.389-0500][gc,heap        ] GC(23269) Heap before GC invocations=23269 (full 5305): garbage-first heap   total 64512K, used 52529K [0x0000000083000000, 0x0000000100000000)
[2020-12-28T02:39:01.389-0500][gc,heap        ] GC(23269)   region size 1024K, 10 young (10240K), 0 survivors (0K)
[2020-12-28T02:39:01.389-0500][gc,heap        ] GC(23269)  Metaspace       used 50313K, capacity 52468K, committed 53888K, reserved 1093632K
[2020-12-28T02:39:01.389-0500][gc,heap        ] GC(23269)   class space    used 7457K, capacity 8250K, committed 8832K, reserved 1048576K
[2020-12-28T02:39:01.390-0500][gc,start       ] GC(23269) Pause Young (Normal) (G1 Evacuation Pause)
[2020-12-28T02:39:01.390-0500][gc,task        ] GC(23269) Using 8 workers of 8 for evacuation
[2020-12-28T02:39:01.395-0500][gc,phases      ] GC(23269)   Pre Evacuate Collection Set: 0.1ms
[2020-12-28T02:39:01.395-0500][gc,phases      ] GC(23269)   Evacuate Collection Set: 1.6ms
[2020-12-28T02:39:01.395-0500][gc,phases      ] GC(23269)   Post Evacuate Collection Set: 3.0ms
[2020-12-28T02:39:01.395-0500][gc,phases      ] GC(23269)   Other: 0.6ms
[2020-12-28T02:39:01.395-0500][gc,heap        ] GC(23269) Eden regions: 10->0(9)
[2020-12-28T02:39:01.395-0500][gc,heap        ] GC(23269) Survivor regions: 0->1(2)
[2020-12-28T02:39:01.395-0500][gc,heap        ] GC(23269) Old regions: 41->41
[2020-12-28T02:39:01.395-0500][gc,heap        ] GC(23269) Humongous regions: 4->4
[2020-12-28T02:39:01.395-0500][gc,metaspace   ] GC(23269) Metaspace: 50313K->50313K(1093632K)
[2020-12-28T02:39:01.395-0500][gc,heap        ] GC(23269) Heap after GC invocations=23270 (full 5305): garbage-first heap   total 64512K, used 43394K [0x0000000083000000, 0x0000000100000000)
[2020-12-28T02:39:01.395-0500][gc,heap        ] GC(23269)   region size 1024K, 1 young (1024K), 1 survivors (1024K)
[2020-12-28T02:39:01.395-0500][gc,heap        ] GC(23269)  Metaspace       used 50313K, capacity 52468K, committed 53888K, reserved 1093632K
[2020-12-28T02:39:01.395-0500][gc,heap        ] GC(23269)   class space    used 7457K, capacity 8250K, committed 8832K, reserved 1048576K
[2020-12-28T02:39:01.395-0500][gc             ] GC(23269) Pause Young (Normal) (G1 Evacuation Pause) 52M->42M(63M) 5.376ms
[2020-12-28T02:39:01.395-0500][gc,cpu         ] GC(23269) User=0.01s Sys=0.01s Real=0.00s
[2020-12-28T02:41:19.062-0500][gc,heap        ] GC(23270) Heap before GC invocations=23270 (full 5305): garbage-first heap   total 64512K, used 52610K [0x0000000083000000, 0x0000000100000000)
[2020-12-28T02:41:19.062-0500][gc,heap        ] GC(23270)   region size 1024K, 10 young (10240K), 1 survivors (1024K)
[2020-12-28T02:41:19.062-0500][gc,heap        ] GC(23270)  Metaspace       used 50313K, capacity 52468K, committed 53888K, reserved 1093632K
[2020-12-28T02:41:19.062-0500][gc,heap        ] GC(23270)   class space    used 7457K, capacity 8250K, committed 8832K, reserved 1048576K
[2020-12-28T02:41:19.062-0500][gc,start       ] GC(23270) Pause Young (Normal) (G1 Evacuation Pause)
[2020-12-28T02:41:19.063-0500][gc,task        ] GC(23270) Using 8 workers of 8 for evacuation
[2020-12-28T02:41:19.068-0500][gc,phases      ] GC(23270)   Pre Evacuate Collection Set: 0.0ms
[2020-12-28T02:41:19.068-0500][gc,phases      ] GC(23270)   Evacuate Collection Set: 1.4ms
[2020-12-28T02:41:19.068-0500][gc,phases      ] GC(23270)   Post Evacuate Collection Set: 3.6ms
[2020-12-28T02:41:19.068-0500][gc,phases      ] GC(23270)   Other: 0.7ms
[2020-12-28T02:41:19.068-0500][gc,heap        ] GC(23270) Eden regions: 9->0(9)
[2020-12-28T02:41:19.068-0500][gc,heap        ] GC(23270) Survivor regions: 1->1(2)
[2020-12-28T02:41:19.068-0500][gc,heap        ] GC(23270) Old regions: 41->41
[2020-12-28T02:41:19.068-0500][gc,heap        ] GC(23270) Humongous regions: 4->4
[2020-12-28T02:41:19.068-0500][gc,metaspace   ] GC(23270) Metaspace: 50313K->50313K(1093632K)
[2020-12-28T02:41:19.068-0500][gc,heap        ] GC(23270) Heap after GC invocations=23271 (full 5305): garbage-first heap   total 64512K, used 43387K [0x0000000083000000, 0x0000000100000000)
[2020-12-28T02:41:19.068-0500][gc,heap        ] GC(23270)   region size 1024K, 1 young (1024K), 1 survivors (1024K)
[2020-12-28T02:41:19.068-0500][gc,heap        ] GC(23270)  Metaspace       used 50313K, capacity 52468K, committed 53888K, reserved 1093632K
[2020-12-28T02:41:19.068-0500][gc,heap        ] GC(23270)   class space    used 7457K, capacity 8250K, committed 8832K, reserved 1048576K
[2020-12-28T02:41:19.068-0500][gc             ] GC(23270) Pause Young (Normal) (G1 Evacuation Pause) 51M->42M(63M) 5.695ms
[2020-12-28T02:41:19.068-0500][gc,cpu         ] GC(23270) User=0.01s Sys=0.00s Real=0.01s
[2020-12-28T02:41:45.189-0500][gc,task        ] GC(23271) Using 5 workers of 8 for full compaction
[2020-12-28T02:41:45.189-0500][gc,start       ] GC(23271) Pause Full (System.gc())
[2020-12-28T02:41:45.189-0500][gc,heap        ] GC(23271) Heap before GC invocations=23271 (full 5305): garbage-first heap   total 64512K, used 44411K [0x0000000083000000, 0x0000000100000000)
[2020-12-28T02:41:45.189-0500][gc,heap        ] GC(23271)   region size 1024K, 3 young (3072K), 1 survivors (1024K)
[2020-12-28T02:41:45.189-0500][gc,heap        ] GC(23271)  Metaspace       used 50313K, capacity 52468K, committed 53888K, reserved 1093632K
[2020-12-28T02:41:45.189-0500][gc,heap        ] GC(23271)   class space    used 7457K, capacity 8250K, committed 8832K, reserved 1048576K
[2020-12-28T02:41:45.189-0500][gc,phases,start] GC(23271) Phase 1: Mark live objects
[2020-12-28T02:41:45.209-0500][gc,stringtable ] GC(23271) Cleaned string and symbol table, strings: 33317 processed, 4 removed, symbols: 120973 processed, 0 removed
[2020-12-28T02:41:45.209-0500][gc,phases      ] GC(23271) Phase 1: Mark live objects 20.284ms
[2020-12-28T02:41:45.209-0500][gc,phases,start] GC(23271) Phase 2: Prepare for compaction
[2020-12-28T02:41:45.213-0500][gc,phases      ] GC(23271) Phase 2: Prepare for compaction 4.020ms
[2020-12-28T02:41:45.213-0500][gc,phases,start] GC(23271) Phase 3: Adjust pointers
[2020-12-28T02:41:45.223-0500][gc,phases      ] GC(23271) Phase 3: Adjust pointers 9.548ms
[2020-12-28T02:41:45.223-0500][gc,phases,start] GC(23271) Phase 4: Compact heap
[2020-12-28T02:41:45.226-0500][gc,phases      ] GC(23271) Phase 4: Compact heap 3.010ms
[2020-12-28T02:41:45.230-0500][gc,heap        ] GC(23271) Eden regions: 2->0(10)
[2020-12-28T02:41:45.230-0500][gc,heap        ] GC(23271) Survivor regions: 1->0(2)
[2020-12-28T02:41:45.230-0500][gc,heap        ] GC(23271) Old regions: 41->41
[2020-12-28T02:41:45.230-0500][gc,heap        ] GC(23271) Humongous regions: 4->4
[2020-12-28T02:41:45.230-0500][gc,metaspace   ] GC(23271) Metaspace: 50313K->50313K(1093632K)
[2020-12-28T02:41:45.230-0500][gc,heap        ] GC(23271) Heap after GC invocations=23272 (full 5306): garbage-first heap   total 64512K, used 43319K [0x0000000083000000, 0x0000000100000000)
[2020-12-28T02:41:45.230-0500][gc,heap        ] GC(23271)   region size 1024K, 0 young (0K), 0 survivors (0K)
[2020-12-28T02:41:45.230-0500][gc,heap        ] GC(23271)  Metaspace       used 50313K, capacity 52468K, committed 53888K, reserved 1093632K
[2020-12-28T02:41:45.230-0500][gc,heap        ] GC(23271)   class space    used 7457K, capacity 8250K, committed 8832K, reserved 1048576K
[2020-12-28T02:41:45.230-0500][gc             ] GC(23271) Pause Full (System.gc()) 44M->42M(63M) 41.830ms
[2020-12-28T02:41:45.230-0500][gc,cpu         ] GC(23271) User=0.17s Sys=0.00s Real=0.04s
[2020-12-28T02:44:13.129-0500][gc,heap        ] GC(23272) Heap before GC invocations=23272 (full 5306): garbage-first heap   total 64512K, used 53559K [0x0000000083000000, 0x0000000100000000)
[2020-12-28T02:44:13.129-0500][gc,heap        ] GC(23272)   region size 1024K, 10 young (10240K), 0 survivors (0K)
[2020-12-28T02:44:13.129-0500][gc,heap        ] GC(23272)  Metaspace       used 50313K, capacity 52468K, committed 53888K, reserved 1093632K
[2020-12-28T02:44:13.129-0500][gc,heap        ] GC(23272)   class space    used 7457K, capacity 8250K, committed 8832K, reserved 1048576K
[2020-12-28T02:44:13.129-0500][gc,start       ] GC(23272) Pause Young (Normal) (G1 Evacuation Pause)
[2020-12-28T02:44:13.129-0500][gc,task        ] GC(23272) Using 8 workers of 8 for evacuation
[2020-12-28T02:44:13.134-0500][gc,phases      ] GC(23272)   Pre Evacuate Collection Set: 0.1ms
[2020-12-28T02:44:13.134-0500][gc,phases      ] GC(23272)   Evacuate Collection Set: 1.8ms
[2020-12-28T02:44:13.134-0500][gc,phases      ] GC(23272)   Post Evacuate Collection Set: 3.2ms
[2020-12-28T02:44:13.134-0500][gc,phases      ] GC(23272)   Other: 0.6ms
[2020-12-28T02:44:13.134-0500][gc,heap        ] GC(23272) Eden regions: 10->0(9)
[2020-12-28T02:44:13.134-0500][gc,heap        ] GC(23272) Survivor regions: 0->1(2)
[2020-12-28T02:44:13.134-0500][gc,heap        ] GC(23272) Old regions: 41->41
[2020-12-28T02:44:13.134-0500][gc,heap        ] GC(23272) Humongous regions: 4->4
[2020-12-28T02:44:13.134-0500][gc,metaspace   ] GC(23272) Metaspace: 50313K->50313K(1093632K)
[2020-12-28T02:44:13.134-0500][gc,heap        ] GC(23272) Heap after GC invocations=23273 (full 5306): garbage-first heap   total 64512K, used 43393K [0x0000000083000000, 0x0000000100000000)
[2020-12-28T02:44:13.135-0500][gc,heap        ] GC(23272)   region size 1024K, 1 young (1024K), 1 survivors (1024K)
[2020-12-28T02:44:13.135-0500][gc,heap        ] GC(23272)  Metaspace       used 50313K, capacity 52468K, committed 53888K, reserved 1093632K
[2020-12-28T02:44:13.135-0500][gc,heap        ] GC(23272)   class space    used 7457K, capacity 8250K, committed 8832K, reserved 1048576K
[2020-12-28T02:44:13.135-0500][gc             ] GC(23272) Pause Young (Normal) (G1 Evacuation Pause) 52M->42M(63M) 5.721ms
[2020-12-28T02:44:13.135-0500][gc,cpu         ] GC(23272) User=0.01s Sys=0.00s Real=0.00s
[2020-12-28T02:46:29.567-0500][gc,heap        ] GC(23273) Heap before GC invocations=23273 (full 5306): garbage-first heap   total 64512K, used 52609K [0x0000000083000000, 0x0000000100000000)
[2020-12-28T02:46:29.568-0500][gc,heap        ] GC(23273)   region size 1024K, 10 young (10240K), 1 survivors (1024K)
[2020-12-28T02:46:29.568-0500][gc,heap        ] GC(23273)  Metaspace       used 50313K, capacity 52468K, committed 53888K, reserved 1093632K
[2020-12-28T02:46:29.568-0500][gc,heap        ] GC(23273)   class space    used 7457K, capacity 8250K, committed 8832K, reserved 1048576K
[2020-12-28T02:46:29.568-0500][gc,start       ] GC(23273) Pause Young (Normal) (G1 Evacuation Pause)
[2020-12-28T02:46:29.568-0500][gc,task        ] GC(23273) Using 8 workers of 8 for evacuation
[2020-12-28T02:46:29.572-0500][gc,phases      ] GC(23273)   Pre Evacuate Collection Set: 0.0ms
[2020-12-28T02:46:29.572-0500][gc,phases      ] GC(23273)   Evacuate Collection Set: 1.4ms
[2020-12-28T02:46:29.572-0500][gc,phases      ] GC(23273)   Post Evacuate Collection Set: 2.5ms
[2020-12-28T02:46:29.572-0500][gc,phases      ] GC(23273)   Other: 0.8ms
[2020-12-28T02:46:29.572-0500][gc,heap        ] GC(23273) Eden regions: 9->0(9)
[2020-12-28T02:46:29.572-0500][gc,heap        ] GC(23273) Survivor regions: 1->1(2)
[2020-12-28T02:46:29.572-0500][gc,heap        ] GC(23273) Old regions: 41->41
[2020-12-28T02:46:29.572-0500][gc,heap        ] GC(23273) Humongous regions: 4->4
[2020-12-28T02:46:29.572-0500][gc,metaspace   ] GC(23273) Metaspace: 50313K->50313K(1093632K)
[2020-12-28T02:46:29.572-0500][gc,heap        ] GC(23273) Heap after GC invocations=23274 (full 5306): garbage-first heap   total 64512K, used 43394K [0x0000000083000000, 0x0000000100000000)
[2020-12-28T02:46:29.572-0500][gc,heap        ] GC(23273)   region size 1024K, 1 young (1024K), 1 survivors (1024K)
[2020-12-28T02:46:29.572-0500][gc,heap        ] GC(23273)  Metaspace       used 50313K, capacity 52468K, committed 53888K, reserved 1093632K
[2020-12-28T02:46:29.572-0500][gc,heap        ] GC(23273)   class space    used 7457K, capacity 8250K, committed 8832K, reserved 1048576K
[2020-12-28T02:46:29.573-0500][gc             ] GC(23273) Pause Young (Normal) (G1 Evacuation Pause) 51M->42M(63M) 4.704ms
[2020-12-28T02:46:29.573-0500][gc,cpu         ] GC(23273) User=0.01s Sys=0.01s Real=0.00s
[2020-12-28T02:46:45.190-0500][gc,task        ] GC(23274) Using 5 workers of 8 for full compaction
[2020-12-28T02:46:45.190-0500][gc,start       ] GC(23274) Pause Full (System.gc())
[2020-12-28T02:46:45.190-0500][gc,heap        ] GC(23274) Heap before GC invocations=23274 (full 5306): garbage-first heap   total 64512K, used 43394K [0x0000000083000000, 0x0000000100000000)
[2020-12-28T02:46:45.190-0500][gc,heap        ] GC(23274)   region size 1024K, 2 young (2048K), 1 survivors (1024K)
[2020-12-28T02:46:45.191-0500][gc,heap        ] GC(23274)  Metaspace       used 50313K, capacity 52468K, committed 53888K, reserved 1093632K
[2020-12-28T02:46:45.191-0500][gc,heap        ] GC(23274)   class space    used 7457K, capacity 8250K, committed 8832K, reserved 1048576K
[2020-12-28T02:46:45.191-0500][gc,phases,start] GC(23274) Phase 1: Mark live objects
[2020-12-28T02:46:45.234-0500][gc,stringtable ] GC(23274) Cleaned string and symbol table, strings: 33317 processed, 4 removed, symbols: 120973 processed, 0 removed
[2020-12-28T02:46:45.234-0500][gc,phases      ] GC(23274) Phase 1: Mark live objects 42.526ms
[2020-12-28T02:46:45.234-0500][gc,phases,start] GC(23274) Phase 2: Prepare for compaction
[2020-12-28T02:46:45.237-0500][gc,phases      ] GC(23274) Phase 2: Prepare for compaction 3.419ms
[2020-12-28T02:46:45.237-0500][gc,phases,start] GC(23274) Phase 3: Adjust pointers
[2020-12-28T02:46:45.247-0500][gc,phases      ] GC(23274) Phase 3: Adjust pointers 10.037ms
[2020-12-28T02:46:45.247-0500][gc,phases,start] GC(23274) Phase 4: Compact heap
[2020-12-28T02:46:45.250-0500][gc,phases      ] GC(23274) Phase 4: Compact heap 2.368ms
[2020-12-28T02:46:45.254-0500][gc,heap        ] GC(23274) Eden regions: 1->0(10)
[2020-12-28T02:46:45.254-0500][gc,heap        ] GC(23274) Survivor regions: 1->0(2)
[2020-12-28T02:46:45.254-0500][gc,heap        ] GC(23274) Old regions: 41->41
[2020-12-28T02:46:45.254-0500][gc,heap        ] GC(23274) Humongous regions: 4->4
[2020-12-28T02:46:45.254-0500][gc,metaspace   ] GC(23274) Metaspace: 50313K->50313K(1093632K)
[2020-12-28T02:46:45.254-0500][gc,heap        ] GC(23274) Heap after GC invocations=23275 (full 5307): garbage-first heap   total 64512K, used 43313K [0x0000000083000000, 0x0000000100000000)
[2020-12-28T02:46:45.254-0500][gc,heap        ] GC(23274)   region size 1024K, 0 young (0K), 0 survivors (0K)
[2020-12-28T02:46:45.254-0500][gc,heap        ] GC(23274)  Metaspace       used 50313K, capacity 52468K, committed 53888K, reserved 1093632K
[2020-12-28T02:46:45.254-0500][gc,heap        ] GC(23274)   class space    used 7457K, capacity 8250K, committed 8832K, reserved 1048576K
[2020-12-28T02:46:45.254-0500][gc             ] GC(23274) Pause Full (System.gc()) 43M->42M(63M) 63.483ms
[2020-12-28T02:46:45.254-0500][gc,cpu         ] GC(23274) User=0.28s Sys=0.00s Real=0.06s
[2020-12-28T02:49:19.059-0500][gc,heap        ] GC(23275) Heap before GC invocations=23275 (full 5307): garbage-first heap   total 64512K, used 53553K [0x0000000083000000, 0x0000000100000000)
[2020-12-28T02:49:19.059-0500][gc,heap        ] GC(23275)   region size 1024K, 10 young (10240K), 0 survivors (0K)
[2020-12-28T02:49:19.059-0500][gc,heap        ] GC(23275)  Metaspace       used 50313K, capacity 52468K, committed 53888K, reserved 1093632K
[2020-12-28T02:49:19.059-0500][gc,heap        ] GC(23275)   class space    used 7457K, capacity 8250K, committed 8832K, reserved 1048576K
[2020-12-28T02:49:19.059-0500][gc,start       ] GC(23275) Pause Young (Normal) (G1 Evacuation Pause)
[2020-12-28T02:49:19.059-0500][gc,task        ] GC(23275) Using 8 workers of 8 for evacuation
[2020-12-28T02:49:19.060-0500][gc,phases      ] GC(23275)   Pre Evacuate Collection Set: 0.0ms
[2020-12-28T02:49:19.060-0500][gc,phases      ] GC(23275)   Evacuate Collection Set: 0.6ms
[2020-12-28T02:49:19.060-0500][gc,phases      ] GC(23275)   Post Evacuate Collection Set: 0.9ms
[2020-12-28T02:49:19.060-0500][gc,phases      ] GC(23275)   Other: 0.2ms
[2020-12-28T02:49:19.060-0500][gc,heap        ] GC(23275) Eden regions: 10->0(9)
[2020-12-28T02:49:19.060-0500][gc,heap        ] GC(23275) Survivor regions: 0->1(2)
[2020-12-28T02:49:19.060-0500][gc,heap        ] GC(23275) Old regions: 41->41
[2020-12-28T02:49:19.060-0500][gc,heap        ] GC(23275) Humongous regions: 4->4
[2020-12-28T02:49:19.060-0500][gc,metaspace   ] GC(23275) Metaspace: 50313K->50313K(1093632K)
[2020-12-28T02:49:19.060-0500][gc,heap        ] GC(23275) Heap after GC invocations=23276 (full 5307): garbage-first heap   total 64512K, used 43384K [0x0000000083000000, 0x0000000100000000)
[2020-12-28T02:49:19.060-0500][gc,heap        ] GC(23275)   region size 1024K, 1 young (1024K), 1 survivors (1024K)
[2020-12-28T02:49:19.060-0500][gc,heap        ] GC(23275)  Metaspace       used 50313K, capacity 52468K, committed 53888K, reserved 1093632K
[2020-12-28T02:49:19.060-0500][gc,heap        ] GC(23275)   class space    used 7457K, capacity 8250K, committed 8832K, reserved 1048576K
[2020-12-28T02:49:19.060-0500][gc             ] GC(23275) Pause Young (Normal) (G1 Evacuation Pause) 52M->42M(63M) 1.712ms
[2020-12-28T02:49:19.061-0500][gc,cpu         ] GC(23275) User=0.01s Sys=0.00s Real=0.00s
[2020-12-28T02:51:29.309-0500][gc,heap        ] GC(23276) Heap before GC invocations=23276 (full 5307): garbage-first heap   total 64512K, used 52600K [0x0000000083000000, 0x0000000100000000)
[2020-12-28T02:51:29.309-0500][gc,heap        ] GC(23276)   region size 1024K, 10 young (10240K), 1 survivors (1024K)
[2020-12-28T02:51:29.309-0500][gc,heap        ] GC(23276)  Metaspace       used 50313K, capacity 52468K, committed 53888K, reserved 1093632K
[2020-12-28T02:51:29.309-0500][gc,heap        ] GC(23276)   class space    used 7457K, capacity 8250K, committed 8832K, reserved 1048576K
[2020-12-28T02:51:29.309-0500][gc,start       ] GC(23276) Pause Young (Normal) (G1 Evacuation Pause)
[2020-12-28T02:51:29.309-0500][gc,task        ] GC(23276) Using 8 workers of 8 for evacuation
[2020-12-28T02:51:29.312-0500][gc,phases      ] GC(23276)   Pre Evacuate Collection Set: 0.0ms
[2020-12-28T02:51:29.312-0500][gc,phases      ] GC(23276)   Evacuate Collection Set: 1.2ms
[2020-12-28T02:51:29.312-0500][gc,phases      ] GC(23276)   Post Evacuate Collection Set: 2.0ms
[2020-12-28T02:51:29.312-0500][gc,phases      ] GC(23276)   Other: 0.5ms
[2020-12-28T02:51:29.313-0500][gc,heap        ] GC(23276) Eden regions: 9->0(9)
[2020-12-28T02:51:29.313-0500][gc,heap        ] GC(23276) Survivor regions: 1->1(2)
[2020-12-28T02:51:29.313-0500][gc,heap        ] GC(23276) Old regions: 41->41
[2020-12-28T02:51:29.313-0500][gc,heap        ] GC(23276) Humongous regions: 4->4
[2020-12-28T02:51:29.313-0500][gc,metaspace   ] GC(23276) Metaspace: 50313K->50313K(1093632K)
[2020-12-28T02:51:29.313-0500][gc,heap        ] GC(23276) Heap after GC invocations=23277 (full 5307): garbage-first heap   total 64512K, used 43369K [0x0000000083000000, 0x0000000100000000)
[2020-12-28T02:51:29.313-0500][gc,heap        ] GC(23276)   region size 1024K, 1 young (1024K), 1 survivors (1024K)
[2020-12-28T02:51:29.313-0500][gc,heap        ] GC(23276)  Metaspace       used 50313K, capacity 52468K, committed 53888K, reserved 1093632K
[2020-12-28T02:51:29.313-0500][gc,heap        ] GC(23276)   class space    used 7457K, capacity 8250K, committed 8832K, reserved 1048576K
[2020-12-28T02:51:29.313-0500][gc             ] GC(23276) Pause Young (Normal) (G1 Evacuation Pause) 51M->42M(63M) 3.857ms
[2020-12-28T02:51:29.313-0500][gc,cpu         ] GC(23276) User=0.01s Sys=0.00s Real=0.00s
[2020-12-28T02:51:45.189-0500][gc,task        ] GC(23277) Using 5 workers of 8 for full compaction
[2020-12-28T02:51:45.189-0500][gc,start       ] GC(23277) Pause Full (System.gc())
[2020-12-28T02:51:45.189-0500][gc,heap        ] GC(23277) Heap before GC invocations=23277 (full 5307): garbage-first heap   total 64512K, used 43369K [0x0000000083000000, 0x0000000100000000)
[2020-12-28T02:51:45.189-0500][gc,heap        ] GC(23277)   region size 1024K, 2 young (2048K), 1 survivors (1024K)
[2020-12-28T02:51:45.189-0500][gc,heap        ] GC(23277)  Metaspace       used 50313K, capacity 52468K, committed 53888K, reserved 1093632K
[2020-12-28T02:51:45.189-0500][gc,heap        ] GC(23277)   class space    used 7457K, capacity 8250K, committed 8832K, reserved 1048576K
[2020-12-28T02:51:45.190-0500][gc,phases,start] GC(23277) Phase 1: Mark live objects
[2020-12-28T02:51:45.208-0500][gc,stringtable ] GC(23277) Cleaned string and symbol table, strings: 33317 processed, 4 removed, symbols: 120973 processed, 0 removed
[2020-12-28T02:51:45.208-0500][gc,phases      ] GC(23277) Phase 1: Mark live objects 18.644ms
[2020-12-28T02:51:45.208-0500][gc,phases,start] GC(23277) Phase 2: Prepare for compaction
[2020-12-28T02:51:45.211-0500][gc,phases      ] GC(23277) Phase 2: Prepare for compaction 3.042ms
[2020-12-28T02:51:45.211-0500][gc,phases,start] GC(23277) Phase 3: Adjust pointers
[2020-12-28T02:51:45.221-0500][gc,phases      ] GC(23277) Phase 3: Adjust pointers 9.211ms
[2020-12-28T02:51:45.221-0500][gc,phases,start] GC(23277) Phase 4: Compact heap
[2020-12-28T02:51:45.223-0500][gc,phases      ] GC(23277) Phase 4: Compact heap 2.655ms
[2020-12-28T02:51:45.228-0500][gc,heap        ] GC(23277) Eden regions: 1->0(11)
[2020-12-28T02:51:45.228-0500][gc,heap        ] GC(23277) Survivor regions: 1->0(2)
[2020-12-28T02:51:45.228-0500][gc,heap        ] GC(23277) Old regions: 41->40
[2020-12-28T02:51:45.228-0500][gc,heap        ] GC(23277) Humongous regions: 4->4
[2020-12-28T02:51:45.228-0500][gc,metaspace   ] GC(23277) Metaspace: 50313K->50313K(1093632K)
[2020-12-28T02:51:45.228-0500][gc,heap        ] GC(23277) Heap after GC invocations=23278 (full 5308): garbage-first heap   total 64512K, used 43313K [0x0000000083000000, 0x0000000100000000)
[2020-12-28T02:51:45.228-0500][gc,heap        ] GC(23277)   region size 1024K, 0 young (0K), 0 survivors (0K)
[2020-12-28T02:51:45.228-0500][gc,heap        ] GC(23277)  Metaspace       used 50313K, capacity 52468K, committed 53888K, reserved 1093632K
[2020-12-28T02:51:45.228-0500][gc,heap        ] GC(23277)   class space    used 7457K, capacity 8250K, committed 8832K, reserved 1048576K
[2020-12-28T02:51:45.228-0500][gc             ] GC(23277) Pause Full (System.gc()) 43M->42M(63M) 38.457ms
[2020-12-28T02:51:45.228-0500][gc,cpu         ] GC(23277) User=0.16s Sys=0.00s Real=0.04s
[2020-12-28T02:54:29.066-0500][gc,heap        ] GC(23278) Heap before GC invocations=23278 (full 5308): garbage-first heap   total 64512K, used 54577K [0x0000000083000000, 0x0000000100000000)
[2020-12-28T02:54:29.066-0500][gc,heap        ] GC(23278)   region size 1024K, 11 young (11264K), 0 survivors (0K)
[2020-12-28T02:54:29.066-0500][gc,heap        ] GC(23278)  Metaspace       used 50313K, capacity 52468K, committed 53888K, reserved 1093632K
[2020-12-28T02:54:29.066-0500][gc,heap        ] GC(23278)   class space    used 7457K, capacity 8250K, committed 8832K, reserved 1048576K
[2020-12-28T02:54:29.066-0500][gc,start       ] GC(23278) Pause Young (Normal) (G1 Evacuation Pause)
[2020-12-28T02:54:29.066-0500][gc,task        ] GC(23278) Using 8 workers of 8 for evacuation
[2020-12-28T02:54:29.070-0500][gc,phases      ] GC(23278)   Pre Evacuate Collection Set: 0.0ms
[2020-12-28T02:54:29.070-0500][gc,phases      ] GC(23278)   Evacuate Collection Set: 2.2ms
[2020-12-28T02:54:29.070-0500][gc,phases      ] GC(23278)   Post Evacuate Collection Set: 2.0ms
[2020-12-28T02:54:29.071-0500][gc,phases      ] GC(23278)   Other: 0.7ms
[2020-12-28T02:54:29.071-0500][gc,heap        ] GC(23278) Eden regions: 11->0(10)
[2020-12-28T02:54:29.071-0500][gc,heap        ] GC(23278) Survivor regions: 0->1(2)
[2020-12-28T02:54:29.071-0500][gc,heap        ] GC(23278) Old regions: 40->40
[2020-12-28T02:54:29.071-0500][gc,heap        ] GC(23278) Humongous regions: 4->4
[2020-12-28T02:54:29.071-0500][gc,metaspace   ] GC(23278) Metaspace: 50313K->50313K(1093632K)
[2020-12-28T02:54:29.071-0500][gc,heap        ] GC(23278) Heap after GC invocations=23279 (full 5308): garbage-first heap   total 64512K, used 43420K [0x0000000083000000, 0x0000000100000000)
[2020-12-28T02:54:29.071-0500][gc,heap        ] GC(23278)   region size 1024K, 1 young (1024K), 1 survivors (1024K)
[2020-12-28T02:54:29.071-0500][gc,heap        ] GC(23278)  Metaspace       used 50313K, capacity 52468K, committed 53888K, reserved 1093632K
[2020-12-28T02:54:29.071-0500][gc,heap        ] GC(23278)   class space    used 7457K, capacity 8250K, committed 8832K, reserved 1048576K
[2020-12-28T02:54:29.071-0500][gc             ] GC(23278) Pause Young (Normal) (G1 Evacuation Pause) 53M->42M(63M) 4.871ms
[2020-12-28T02:54:29.071-0500][gc,cpu         ] GC(23278) User=0.01s Sys=0.00s Real=0.01s
[2020-12-28T02:56:45.192-0500][gc,task        ] GC(23279) Using 5 workers of 8 for full compaction
[2020-12-28T02:56:45.193-0500][gc,start       ] GC(23279) Pause Full (System.gc())
[2020-12-28T02:56:45.193-0500][gc,heap        ] GC(23279) Heap before GC invocations=23279 (full 5308): garbage-first heap   total 64512K, used 51612K [0x0000000083000000, 0x0000000100000000)
[2020-12-28T02:56:45.193-0500][gc,heap        ] GC(23279)   region size 1024K, 11 young (11264K), 1 survivors (1024K)
[2020-12-28T02:56:45.193-0500][gc,heap        ] GC(23279)  Metaspace       used 50313K, capacity 52468K, committed 53888K, reserved 1093632K
[2020-12-28T02:56:45.193-0500][gc,heap        ] GC(23279)   class space    used 7457K, capacity 8250K, committed 8832K, reserved 1048576K
[2020-12-28T02:56:45.194-0500][gc,phases,start] GC(23279) Phase 1: Mark live objects
[2020-12-28T02:56:45.237-0500][gc,stringtable ] GC(23279) Cleaned string and symbol table, strings: 33317 processed, 4 removed, symbols: 120973 processed, 0 removed
[2020-12-28T02:56:45.237-0500][gc,phases      ] GC(23279) Phase 1: Mark live objects 43.403ms
[2020-12-28T02:56:45.237-0500][gc,phases,start] GC(23279) Phase 2: Prepare for compaction
[2020-12-28T02:56:45.241-0500][gc,phases      ] GC(23279) Phase 2: Prepare for compaction 3.237ms
[2020-12-28T02:56:45.241-0500][gc,phases,start] GC(23279) Phase 3: Adjust pointers
[2020-12-28T02:56:45.250-0500][gc,phases      ] GC(23279) Phase 3: Adjust pointers 9.431ms
[2020-12-28T02:56:45.250-0500][gc,phases,start] GC(23279) Phase 4: Compact heap
[2020-12-28T02:56:45.253-0500][gc,phases      ] GC(23279) Phase 4: Compact heap 2.580ms
[2020-12-28T02:56:45.257-0500][gc,heap        ] GC(23279) Eden regions: 10->0(8)
[2020-12-28T02:56:45.257-0500][gc,heap        ] GC(23279) Survivor regions: 1->0(2)
[2020-12-28T02:56:45.257-0500][gc,heap        ] GC(23279) Old regions: 40->43
[2020-12-28T02:56:45.257-0500][gc,heap        ] GC(23279) Humongous regions: 4->4
[2020-12-28T02:56:45.257-0500][gc,metaspace   ] GC(23279) Metaspace: 50313K->50313K(1093632K)
[2020-12-28T02:56:45.257-0500][gc,heap        ] GC(23279) Heap after GC invocations=23280 (full 5309): garbage-first heap   total 64512K, used 43355K [0x0000000083000000, 0x0000000100000000)
[2020-12-28T02:56:45.257-0500][gc,heap        ] GC(23279)   region size 1024K, 0 young (0K), 0 survivors (0K)
[2020-12-28T02:56:45.257-0500][gc,heap        ] GC(23279)  Metaspace       used 50313K, capacity 52468K, committed 53888K, reserved 1093632K
[2020-12-28T02:56:45.257-0500][gc,heap        ] GC(23279)   class space    used 7457K, capacity 8250K, committed 8832K, reserved 1048576K
[2020-12-28T02:56:45.257-0500][gc             ] GC(23279) Pause Full (System.gc()) 51M->42M(63M) 64.606ms
[2020-12-28T02:56:45.257-0500][gc,cpu         ] GC(23279) User=0.28s Sys=0.00s Real=0.06s
[2020-12-28T02:58:41.915-0500][gc,heap        ] GC(23280) Heap before GC invocations=23280 (full 5309): garbage-first heap   total 64512K, used 50523K [0x0000000083000000, 0x0000000100000000)
[2020-12-28T02:58:41.915-0500][gc,heap        ] GC(23280)   region size 1024K, 8 young (8192K), 0 survivors (0K)
[2020-12-28T02:58:41.915-0500][gc,heap        ] GC(23280)  Metaspace       used 50313K, capacity 52468K, committed 53888K, reserved 1093632K
[2020-12-28T02:58:41.915-0500][gc,heap        ] GC(23280)   class space    used 7457K, capacity 8250K, committed 8832K, reserved 1048576K
[2020-12-28T02:58:41.915-0500][gc,start       ] GC(23280) Pause Young (Normal) (G1 Evacuation Pause)
[2020-12-28T02:58:41.915-0500][gc,task        ] GC(23280) Using 8 workers of 8 for evacuation
[2020-12-28T02:58:41.919-0500][gc,phases      ] GC(23280)   Pre Evacuate Collection Set: 0.0ms
[2020-12-28T02:58:41.919-0500][gc,phases      ] GC(23280)   Evacuate Collection Set: 1.2ms
[2020-12-28T02:58:41.919-0500][gc,phases      ] GC(23280)   Post Evacuate Collection Set: 2.4ms
[2020-12-28T02:58:41.919-0500][gc,phases      ] GC(23280)   Other: 0.5ms
[2020-12-28T02:58:41.919-0500][gc,heap        ] GC(23280) Eden regions: 8->0(7)
[2020-12-28T02:58:41.919-0500][gc,heap        ] GC(23280) Survivor regions: 0->1(1)
[2020-12-28T02:58:41.919-0500][gc,heap        ] GC(23280) Old regions: 43->43
[2020-12-28T02:58:41.919-0500][gc,heap        ] GC(23280) Humongous regions: 4->4
[2020-12-28T02:58:41.919-0500][gc,metaspace   ] GC(23280) Metaspace: 50313K->50313K(1093632K)
[2020-12-28T02:58:41.919-0500][gc,heap        ] GC(23280) Heap after GC invocations=23281 (full 5309): garbage-first heap   total 64512K, used 43412K [0x0000000083000000, 0x0000000100000000)
[2020-12-28T02:58:41.919-0500][gc,heap        ] GC(23280)   region size 1024K, 1 young (1024K), 1 survivors (1024K)
[2020-12-28T02:58:41.919-0500][gc,heap        ] GC(23280)  Metaspace       used 50313K, capacity 52468K, committed 53888K, reserved 1093632K
[2020-12-28T02:58:41.919-0500][gc,heap        ] GC(23280)   class space    used 7457K, capacity 8250K, committed 8832K, reserved 1048576K
[2020-12-28T02:58:41.919-0500][gc             ] GC(23280) Pause Young (Normal) (G1 Evacuation Pause) 50M->42M(63M) 4.223ms
[2020-12-28T02:58:41.919-0500][gc,cpu         ] GC(23280) User=0.01s Sys=0.00s Real=0.01s
[2020-12-28T03:00:26.278-0500][gc,heap        ] GC(23281) Heap before GC invocations=23281 (full 5309): garbage-first heap   total 64512K, used 50580K [0x0000000083000000, 0x0000000100000000)
[2020-12-28T03:00:26.279-0500][gc,heap        ] GC(23281)   region size 1024K, 8 young (8192K), 1 survivors (1024K)
[2020-12-28T03:00:26.279-0500][gc,heap        ] GC(23281)  Metaspace       used 50313K, capacity 52468K, committed 53888K, reserved 1093632K
[2020-12-28T03:00:26.279-0500][gc,heap        ] GC(23281)   class space    used 7457K, capacity 8250K, committed 8832K, reserved 1048576K
[2020-12-28T03:00:26.279-0500][gc,start       ] GC(23281) Pause Young (Normal) (G1 Evacuation Pause)
[2020-12-28T03:00:26.279-0500][gc,task        ] GC(23281) Using 8 workers of 8 for evacuation
[2020-12-28T03:00:26.283-0500][gc,phases      ] GC(23281)   Pre Evacuate Collection Set: 0.0ms
[2020-12-28T03:00:26.283-0500][gc,phases      ] GC(23281)   Evacuate Collection Set: 1.2ms
[2020-12-28T03:00:26.283-0500][gc,phases      ] GC(23281)   Post Evacuate Collection Set: 2.2ms
[2020-12-28T03:00:26.283-0500][gc,phases      ] GC(23281)   Other: 0.7ms
[2020-12-28T03:00:26.283-0500][gc,heap        ] GC(23281) Eden regions: 7->0(7)
[2020-12-28T03:00:26.283-0500][gc,heap        ] GC(23281) Survivor regions: 1->1(1)
[2020-12-28T03:00:26.283-0500][gc,heap        ] GC(23281) Old regions: 43->43
[2020-12-28T03:00:26.283-0500][gc,heap        ] GC(23281) Humongous regions: 4->4
[2020-12-28T03:00:26.283-0500][gc,metaspace   ] GC(23281) Metaspace: 50313K->50313K(1093632K)
[2020-12-28T03:00:26.283-0500][gc,heap        ] GC(23281) Heap after GC invocations=23282 (full 5309): garbage-first heap   total 64512K, used 43412K [0x0000000083000000, 0x0000000100000000)
[2020-12-28T03:00:26.283-0500][gc,heap        ] GC(23281)   region size 1024K, 1 young (1024K), 1 survivors (1024K)
[2020-12-28T03:00:26.283-0500][gc,heap        ] GC(23281)  Metaspace       used 50313K, capacity 52468K, committed 53888K, reserved 1093632K
[2020-12-28T03:00:26.283-0500][gc,heap        ] GC(23281)   class space    used 7457K, capacity 8250K, committed 8832K, reserved 1048576K
[2020-12-28T03:00:26.283-0500][gc             ] GC(23281) Pause Young (Normal) (G1 Evacuation Pause) 49M->42M(63M) 4.037ms
[2020-12-28T03:00:26.283-0500][gc,cpu         ] GC(23281) User=0.01s Sys=0.00s Real=0.00s
[2020-12-28T03:01:45.190-0500][gc,task        ] GC(23282) Using 5 workers of 8 for full compaction
[2020-12-28T03:01:45.190-0500][gc,start       ] GC(23282) Pause Full (System.gc())
[2020-12-28T03:01:45.190-0500][gc,heap        ] GC(23282) Heap before GC invocations=23282 (full 5309): garbage-first heap   total 64512K, used 48532K [0x0000000083000000, 0x0000000100000000)
[2020-12-28T03:01:45.190-0500][gc,heap        ] GC(23282)   region size 1024K, 7 young (7168K), 1 survivors (1024K)
[2020-12-28T03:01:45.190-0500][gc,heap        ] GC(23282)  Metaspace       used 50313K, capacity 52468K, committed 53888K, reserved 1093632K
[2020-12-28T03:01:45.190-0500][gc,heap        ] GC(23282)   class space    used 7457K, capacity 8250K, committed 8832K, reserved 1048576K
[2020-12-28T03:01:45.190-0500][gc,phases,start] GC(23282) Phase 1: Mark live objects
[2020-12-28T03:01:45.210-0500][gc,stringtable ] GC(23282) Cleaned string and symbol table, strings: 33317 processed, 4 removed, symbols: 120973 processed, 0 removed
[2020-12-28T03:01:45.210-0500][gc,phases      ] GC(23282) Phase 1: Mark live objects 20.227ms
[2020-12-28T03:01:45.210-0500][gc,phases,start] GC(23282) Phase 2: Prepare for compaction
[2020-12-28T03:01:45.214-0500][gc,phases      ] GC(23282) Phase 2: Prepare for compaction 3.661ms
[2020-12-28T03:01:45.214-0500][gc,phases,start] GC(23282) Phase 3: Adjust pointers
[2020-12-28T03:01:45.223-0500][gc,phases      ] GC(23282) Phase 3: Adjust pointers 8.869ms
[2020-12-28T03:01:45.223-0500][gc,phases,start] GC(23282) Phase 4: Compact heap
[2020-12-28T03:01:45.226-0500][gc,phases      ] GC(23282) Phase 4: Compact heap 2.583ms
[2020-12-28T03:01:45.230-0500][gc,heap        ] GC(23282) Eden regions: 6->0(9)
[2020-12-28T03:01:45.230-0500][gc,heap        ] GC(23282) Survivor regions: 1->0(1)
[2020-12-28T03:01:45.230-0500][gc,heap        ] GC(23282) Old regions: 43->42
[2020-12-28T03:01:45.230-0500][gc,heap        ] GC(23282) Humongous regions: 4->4
[2020-12-28T03:01:45.230-0500][gc,metaspace   ] GC(23282) Metaspace: 50313K->50313K(1093632K)
[2020-12-28T03:01:45.230-0500][gc,heap        ] GC(23282) Heap after GC invocations=23283 (full 5310): garbage-first heap   total 64512K, used 43331K [0x0000000083000000, 0x0000000100000000)
[2020-12-28T03:01:45.230-0500][gc,heap        ] GC(23282)   region size 1024K, 0 young (0K), 0 survivors (0K)
[2020-12-28T03:01:45.230-0500][gc,heap        ] GC(23282)  Metaspace       used 50313K, capacity 52468K, committed 53888K, reserved 1093632K
[2020-12-28T03:01:45.230-0500][gc,heap        ] GC(23282)   class space    used 7457K, capacity 8250K, committed 8832K, reserved 1048576K
[2020-12-28T03:01:45.230-0500][gc             ] GC(23282) Pause Full (System.gc()) 47M->42M(63M) 40.002ms
[2020-12-28T03:01:45.230-0500][gc,cpu         ] GC(23282) User=0.17s Sys=0.00s Real=0.04s
[2020-12-28T03:03:59.061-0500][gc,heap        ] GC(23283) Heap before GC invocations=23283 (full 5310): garbage-first heap   total 64512K, used 51523K [0x0000000083000000, 0x0000000100000000)
[2020-12-28T03:03:59.061-0500][gc,heap        ] GC(23283)   region size 1024K, 9 young (9216K), 0 survivors (0K)
[2020-12-28T03:03:59.061-0500][gc,heap        ] GC(23283)  Metaspace       used 50313K, capacity 52468K, committed 53888K, reserved 1093632K
[2020-12-28T03:03:59.061-0500][gc,heap        ] GC(23283)   class space    used 7457K, capacity 8250K, committed 8832K, reserved 1048576K
[2020-12-28T03:03:59.061-0500][gc,start       ] GC(23283) Pause Young (Normal) (G1 Evacuation Pause)
[2020-12-28T03:03:59.061-0500][gc,task        ] GC(23283) Using 8 workers of 8 for evacuation
[2020-12-28T03:03:59.063-0500][gc,phases      ] GC(23283)   Pre Evacuate Collection Set: 0.0ms
[2020-12-28T03:03:59.063-0500][gc,phases      ] GC(23283)   Evacuate Collection Set: 0.6ms
[2020-12-28T03:03:59.063-0500][gc,phases      ] GC(23283)   Post Evacuate Collection Set: 0.8ms
[2020-12-28T03:03:59.063-0500][gc,phases      ] GC(23283)   Other: 0.2ms
[2020-12-28T03:03:59.063-0500][gc,heap        ] GC(23283) Eden regions: 9->0(8)
[2020-12-28T03:03:59.063-0500][gc,heap        ] GC(23283) Survivor regions: 0->1(2)
[2020-12-28T03:03:59.063-0500][gc,heap        ] GC(23283) Old regions: 42->42
[2020-12-28T03:03:59.063-0500][gc,heap        ] GC(23283) Humongous regions: 4->4
[2020-12-28T03:03:59.063-0500][gc,metaspace   ] GC(23283) Metaspace: 50313K->50313K(1093632K)
[2020-12-28T03:03:59.063-0500][gc,heap        ] GC(23283) Heap after GC invocations=23284 (full 5310): garbage-first heap   total 64512K, used 43383K [0x0000000083000000, 0x0000000100000000)
[2020-12-28T03:03:59.063-0500][gc,heap        ] GC(23283)   region size 1024K, 1 young (1024K), 1 survivors (1024K)
[2020-12-28T03:03:59.063-0500][gc,heap        ] GC(23283)  Metaspace       used 50313K, capacity 52468K, committed 53888K, reserved 1093632K
[2020-12-28T03:03:59.063-0500][gc,heap        ] GC(23283)   class space    used 7457K, capacity 8250K, committed 8832K, reserved 1048576K
[2020-12-28T03:03:59.063-0500][gc             ] GC(23283) Pause Young (Normal) (G1 Evacuation Pause) 51M->42M(63M) 1.603ms
[2020-12-28T03:03:59.063-0500][gc,cpu         ] GC(23283) User=0.00s Sys=0.00s Real=0.00s
[2020-12-28T03:05:59.062-0500][gc,heap        ] GC(23284) Heap before GC invocations=23284 (full 5310): garbage-first heap   total 64512K, used 51575K [0x0000000083000000, 0x0000000100000000)
[2020-12-28T03:05:59.062-0500][gc,heap        ] GC(23284)   region size 1024K, 9 young (9216K), 1 survivors (1024K)
[2020-12-28T03:05:59.062-0500][gc,heap        ] GC(23284)  Metaspace       used 50313K, capacity 52468K, committed 53888K, reserved 1093632K
[2020-12-28T03:05:59.062-0500][gc,heap        ] GC(23284)   class space    used 7457K, capacity 8250K, committed 8832K, reserved 1048576K
[2020-12-28T03:05:59.062-0500][gc,start       ] GC(23284) Pause Young (Normal) (G1 Evacuation Pause)
[2020-12-28T03:05:59.062-0500][gc,task        ] GC(23284) Using 8 workers of 8 for evacuation
[2020-12-28T03:05:59.064-0500][gc,phases      ] GC(23284)   Pre Evacuate Collection Set: 0.0ms
[2020-12-28T03:05:59.064-0500][gc,phases      ] GC(23284)   Evacuate Collection Set: 0.5ms
[2020-12-28T03:05:59.064-0500][gc,phases      ] GC(23284)   Post Evacuate Collection Set: 1.4ms
[2020-12-28T03:05:59.064-0500][gc,phases      ] GC(23284)   Other: 0.2ms
[2020-12-28T03:05:59.064-0500][gc,heap        ] GC(23284) Eden regions: 8->0(8)
[2020-12-28T03:05:59.064-0500][gc,heap        ] GC(23284) Survivor regions: 1->1(2)
[2020-12-28T03:05:59.064-0500][gc,heap        ] GC(23284) Old regions: 42->42
[2020-12-28T03:05:59.064-0500][gc,heap        ] GC(23284) Humongous regions: 4->4
[2020-12-28T03:05:59.064-0500][gc,metaspace   ] GC(23284) Metaspace: 50313K->50313K(1093632K)
[2020-12-28T03:05:59.065-0500][gc,heap        ] GC(23284) Heap after GC invocations=23285 (full 5310): garbage-first heap   total 64512K, used 43380K [0x0000000083000000, 0x0000000100000000)
[2020-12-28T03:05:59.065-0500][gc,heap        ] GC(23284)   region size 1024K, 1 young (1024K), 1 survivors (1024K)
[2020-12-28T03:05:59.065-0500][gc,heap        ] GC(23284)  Metaspace       used 50313K, capacity 52468K, committed 53888K, reserved 1093632K
[2020-12-28T03:05:59.065-0500][gc,heap        ] GC(23284)   class space    used 7457K, capacity 8250K, committed 8832K, reserved 1048576K
[2020-12-28T03:05:59.065-0500][gc             ] GC(23284) Pause Young (Normal) (G1 Evacuation Pause) 50M->42M(63M) 2.373ms
[2020-12-28T03:05:59.065-0500][gc,cpu         ] GC(23284) User=0.00s Sys=0.00s Real=0.00s
[2020-12-28T03:06:45.191-0500][gc,task        ] GC(23285) Using 5 workers of 8 for full compaction
[2020-12-28T03:06:45.192-0500][gc,start       ] GC(23285) Pause Full (System.gc())
[2020-12-28T03:06:45.192-0500][gc,heap        ] GC(23285) Heap before GC invocations=23285 (full 5310): garbage-first heap   total 64512K, used 44404K [0x0000000083000000, 0x0000000100000000)
[2020-12-28T03:06:45.192-0500][gc,heap        ] GC(23285)   region size 1024K, 4 young (4096K), 1 survivors (1024K)
[2020-12-28T03:06:45.192-0500][gc,heap        ] GC(23285)  Metaspace       used 50313K, capacity 52468K, committed 53888K, reserved 1093632K
[2020-12-28T03:06:45.192-0500][gc,heap        ] GC(23285)   class space    used 7457K, capacity 8250K, committed 8832K, reserved 1048576K
[2020-12-28T03:06:45.193-0500][gc,phases,start] GC(23285) Phase 1: Mark live objects
[2020-12-28T03:06:45.221-0500][gc,stringtable ] GC(23285) Cleaned string and symbol table, strings: 33317 processed, 4 removed, symbols: 120973 processed, 0 removed
[2020-12-28T03:06:45.221-0500][gc,phases      ] GC(23285) Phase 1: Mark live objects 28.534ms
[2020-12-28T03:06:45.221-0500][gc,phases,start] GC(23285) Phase 2: Prepare for compaction
[2020-12-28T03:06:45.224-0500][gc,phases      ] GC(23285) Phase 2: Prepare for compaction 3.135ms
[2020-12-28T03:06:45.224-0500][gc,phases,start] GC(23285) Phase 3: Adjust pointers
[2020-12-28T03:06:45.234-0500][gc,phases      ] GC(23285) Phase 3: Adjust pointers 9.855ms
[2020-12-28T03:06:45.234-0500][gc,phases,start] GC(23285) Phase 4: Compact heap
[2020-12-28T03:06:45.237-0500][gc,phases      ] GC(23285) Phase 4: Compact heap 2.474ms
[2020-12-28T03:06:45.241-0500][gc,heap        ] GC(23285) Eden regions: 3->0(10)
[2020-12-28T03:06:45.241-0500][gc,heap        ] GC(23285) Survivor regions: 1->0(2)
[2020-12-28T03:06:45.241-0500][gc,heap        ] GC(23285) Old regions: 42->41
[2020-12-28T03:06:45.241-0500][gc,heap        ] GC(23285) Humongous regions: 4->4
[2020-12-28T03:06:45.241-0500][gc,metaspace   ] GC(23285) Metaspace: 50313K->50313K(1093632K)
[2020-12-28T03:06:45.241-0500][gc,heap        ] GC(23285) Heap after GC invocations=23286 (full 5311): garbage-first heap   total 64512K, used 43325K [0x0000000083000000, 0x0000000100000000)
[2020-12-28T03:06:45.241-0500][gc,heap        ] GC(23285)   region size 1024K, 0 young (0K), 0 survivors (0K)
[2020-12-28T03:06:45.241-0500][gc,heap        ] GC(23285)  Metaspace       used 50313K, capacity 52468K, committed 53888K, reserved 1093632K
[2020-12-28T03:06:45.241-0500][gc,heap        ] GC(23285)   class space    used 7457K, capacity 8250K, committed 8832K, reserved 1048576K
[2020-12-28T03:06:45.241-0500][gc             ] GC(23285) Pause Full (System.gc()) 45M->42M(63M) 49.448ms
[2020-12-28T03:06:45.241-0500][gc,cpu         ] GC(23285) User=0.21s Sys=0.00s Real=0.05s
[2020-12-28T03:09:09.060-0500][gc,heap        ] GC(23286) Heap before GC invocations=23286 (full 5311): garbage-first heap   total 64512K, used 52541K [0x0000000083000000, 0x0000000100000000)
[2020-12-28T03:09:09.060-0500][gc,heap        ] GC(23286)   region size 1024K, 10 young (10240K), 0 survivors (0K)
[2020-12-28T03:09:09.060-0500][gc,heap        ] GC(23286)  Metaspace       used 50313K, capacity 52468K, committed 53888K, reserved 1093632K
[2020-12-28T03:09:09.060-0500][gc,heap        ] GC(23286)   class space    used 7457K, capacity 8250K, committed 8832K, reserved 1048576K
[2020-12-28T03:09:09.060-0500][gc,start       ] GC(23286) Pause Young (Normal) (G1 Evacuation Pause)
[2020-12-28T03:09:09.060-0500][gc,task        ] GC(23286) Using 8 workers of 8 for evacuation
[2020-12-28T03:09:09.062-0500][gc,phases      ] GC(23286)   Pre Evacuate Collection Set: 0.0ms
[2020-12-28T03:09:09.062-0500][gc,phases      ] GC(23286)   Evacuate Collection Set: 0.9ms
[2020-12-28T03:09:09.062-0500][gc,phases      ] GC(23286)   Post Evacuate Collection Set: 1.4ms
[2020-12-28T03:09:09.062-0500][gc,phases      ] GC(23286)   Other: 0.3ms
[2020-12-28T03:09:09.062-0500][gc,heap        ] GC(23286) Eden regions: 10->0(9)
[2020-12-28T03:09:09.062-0500][gc,heap        ] GC(23286) Survivor regions: 0->1(2)
[2020-12-28T03:09:09.062-0500][gc,heap        ] GC(23286) Old regions: 41->41
[2020-12-28T03:09:09.062-0500][gc,heap        ] GC(23286) Humongous regions: 4->4
[2020-12-28T03:09:09.062-0500][gc,metaspace   ] GC(23286) Metaspace: 50313K->50313K(1093632K)
[2020-12-28T03:09:09.062-0500][gc,heap        ] GC(23286) Heap after GC invocations=23287 (full 5311): garbage-first heap   total 64512K, used 43420K [0x0000000083000000, 0x0000000100000000)
[2020-12-28T03:09:09.062-0500][gc,heap        ] GC(23286)   region size 1024K, 1 young (1024K), 1 survivors (1024K)
[2020-12-28T03:09:09.062-0500][gc,heap        ] GC(23286)  Metaspace       used 50313K, capacity 52468K, committed 53888K, reserved 1093632K
[2020-12-28T03:09:09.062-0500][gc,heap        ] GC(23286)   class space    used 7457K, capacity 8250K, committed 8832K, reserved 1048576K
[2020-12-28T03:09:09.062-0500][gc             ] GC(23286) Pause Young (Normal) (G1 Evacuation Pause) 52M->42M(63M) 2.550ms
[2020-12-28T03:09:09.062-0500][gc,cpu         ] GC(23286) User=0.01s Sys=0.00s Real=0.00s
[2020-12-28T03:11:19.072-0500][gc,heap        ] GC(23287) Heap before GC invocations=23287 (full 5311): garbage-first heap   total 64512K, used 51612K [0x0000000083000000, 0x0000000100000000)
[2020-12-28T03:11:19.072-0500][gc,heap        ] GC(23287)   region size 1024K, 10 young (10240K), 1 survivors (1024K)
[2020-12-28T03:11:19.072-0500][gc,heap        ] GC(23287)  Metaspace       used 50313K, capacity 52468K, committed 53888K, reserved 1093632K
[2020-12-28T03:11:19.072-0500][gc,heap        ] GC(23287)   class space    used 7457K, capacity 8250K, committed 8832K, reserved 1048576K
[2020-12-28T03:11:19.072-0500][gc,start       ] GC(23287) Pause Young (Normal) (G1 Evacuation Pause)
[2020-12-28T03:11:19.072-0500][gc,task        ] GC(23287) Using 8 workers of 8 for evacuation
[2020-12-28T03:11:19.077-0500][gc,phases      ] GC(23287)   Pre Evacuate Collection Set: 0.0ms
[2020-12-28T03:11:19.077-0500][gc,phases      ] GC(23287)   Evacuate Collection Set: 1.5ms
[2020-12-28T03:11:19.077-0500][gc,phases      ] GC(23287)   Post Evacuate Collection Set: 2.6ms
[2020-12-28T03:11:19.077-0500][gc,phases      ] GC(23287)   Other: 0.7ms
[2020-12-28T03:11:19.077-0500][gc,heap        ] GC(23287) Eden regions: 9->0(9)
[2020-12-28T03:11:19.077-0500][gc,heap        ] GC(23287) Survivor regions: 1->1(2)
[2020-12-28T03:11:19.077-0500][gc,heap        ] GC(23287) Old regions: 41->41
[2020-12-28T03:11:19.077-0500][gc,heap        ] GC(23287) Humongous regions: 4->4
[2020-12-28T03:11:19.077-0500][gc,metaspace   ] GC(23287) Metaspace: 50313K->50313K(1093632K)
[2020-12-28T03:11:19.077-0500][gc,heap        ] GC(23287) Heap after GC invocations=23288 (full 5311): garbage-first heap   total 64512K, used 43391K [0x0000000083000000, 0x0000000100000000)
[2020-12-28T03:11:19.077-0500][gc,heap        ] GC(23287)   region size 1024K, 1 young (1024K), 1 survivors (1024K)
[2020-12-28T03:11:19.077-0500][gc,heap        ] GC(23287)  Metaspace       used 50313K, capacity 52468K, committed 53888K, reserved 1093632K
[2020-12-28T03:11:19.077-0500][gc,heap        ] GC(23287)   class space    used 7457K, capacity 8250K, committed 8832K, reserved 1048576K
[2020-12-28T03:11:19.077-0500][gc             ] GC(23287) Pause Young (Normal) (G1 Evacuation Pause) 51M->42M(63M) 4.764ms
[2020-12-28T03:11:19.077-0500][gc,cpu         ] GC(23287) User=0.01s Sys=0.01s Real=0.00s
[2020-12-28T03:11:45.191-0500][gc,task        ] GC(23288) Using 5 workers of 8 for full compaction
[2020-12-28T03:11:45.191-0500][gc,start       ] GC(23288) Pause Full (System.gc())
[2020-12-28T03:11:45.191-0500][gc,heap        ] GC(23288) Heap before GC invocations=23288 (full 5311): garbage-first heap   total 64512K, used 44415K [0x0000000083000000, 0x0000000100000000)
[2020-12-28T03:11:45.191-0500][gc,heap        ] GC(23288)   region size 1024K, 3 young (3072K), 1 survivors (1024K)
[2020-12-28T03:11:45.191-0500][gc,heap        ] GC(23288)  Metaspace       used 50313K, capacity 52468K, committed 53888K, reserved 1093632K
[2020-12-28T03:11:45.191-0500][gc,heap        ] GC(23288)   class space    used 7457K, capacity 8250K, committed 8832K, reserved 1048576K
[2020-12-28T03:11:45.192-0500][gc,phases,start] GC(23288) Phase 1: Mark live objects
[2020-12-28T03:11:45.230-0500][gc,stringtable ] GC(23288) Cleaned string and symbol table, strings: 33317 processed, 4 removed, symbols: 120973 processed, 0 removed
[2020-12-28T03:11:45.230-0500][gc,phases      ] GC(23288) Phase 1: Mark live objects 37.927ms
[2020-12-28T03:11:45.230-0500][gc,phases,start] GC(23288) Phase 2: Prepare for compaction
[2020-12-28T03:11:45.236-0500][gc,phases      ] GC(23288) Phase 2: Prepare for compaction 5.847ms
[2020-12-28T03:11:45.236-0500][gc,phases,start] GC(23288) Phase 3: Adjust pointers
[2020-12-28T03:11:45.245-0500][gc,phases      ] GC(23288) Phase 3: Adjust pointers 9.781ms
[2020-12-28T03:11:45.245-0500][gc,phases,start] GC(23288) Phase 4: Compact heap
[2020-12-28T03:11:45.248-0500][gc,phases      ] GC(23288) Phase 4: Compact heap 2.694ms
[2020-12-28T03:11:45.252-0500][gc,heap        ] GC(23288) Eden regions: 2->0(11)
[2020-12-28T03:11:45.252-0500][gc,heap        ] GC(23288) Survivor regions: 1->0(2)
[2020-12-28T03:11:45.252-0500][gc,heap        ] GC(23288) Old regions: 41->40
[2020-12-28T03:11:45.252-0500][gc,heap        ] GC(23288) Humongous regions: 4->4
[2020-12-28T03:11:45.252-0500][gc,metaspace   ] GC(23288) Metaspace: 50313K->50313K(1093632K)
[2020-12-28T03:11:45.252-0500][gc,heap        ] GC(23288) Heap after GC invocations=23289 (full 5312): garbage-first heap   total 64512K, used 43315K [0x0000000083000000, 0x0000000100000000)
[2020-12-28T03:11:45.252-0500][gc,heap        ] GC(23288)   region size 1024K, 0 young (0K), 0 survivors (0K)
[2020-12-28T03:11:45.252-0500][gc,heap        ] GC(23288)  Metaspace       used 50313K, capacity 52468K, committed 53888K, reserved 1093632K
[2020-12-28T03:11:45.252-0500][gc,heap        ] GC(23288)   class space    used 7457K, capacity 8250K, committed 8832K, reserved 1048576K
[2020-12-28T03:11:45.252-0500][gc             ] GC(23288) Pause Full (System.gc()) 43M->42M(63M) 61.256ms
[2020-12-28T03:11:45.253-0500][gc,cpu         ] GC(23288) User=0.27s Sys=0.00s Real=0.06s
[2020-12-28T03:14:29.061-0500][gc,heap        ] GC(23289) Heap before GC invocations=23289 (full 5312): garbage-first heap   total 64512K, used 53555K [0x0000000083000000, 0x0000000100000000)
[2020-12-28T03:14:29.062-0500][gc,heap        ] GC(23289)   region size 1024K, 11 young (11264K), 0 survivors (0K)
[2020-12-28T03:14:29.062-0500][gc,heap        ] GC(23289)  Metaspace       used 50313K, capacity 52468K, committed 53888K, reserved 1093632K
[2020-12-28T03:14:29.062-0500][gc,heap        ] GC(23289)   class space    used 7457K, capacity 8250K, committed 8832K, reserved 1048576K
[2020-12-28T03:14:29.062-0500][gc,start       ] GC(23289) Pause Young (Normal) (G1 Evacuation Pause)
[2020-12-28T03:14:29.062-0500][gc,task        ] GC(23289) Using 8 workers of 8 for evacuation
[2020-12-28T03:14:29.067-0500][gc,phases      ] GC(23289)   Pre Evacuate Collection Set: 0.0ms
[2020-12-28T03:14:29.067-0500][gc,phases      ] GC(23289)   Evacuate Collection Set: 2.0ms
[2020-12-28T03:14:29.067-0500][gc,phases      ] GC(23289)   Post Evacuate Collection Set: 2.6ms
[2020-12-28T03:14:29.067-0500][gc,phases      ] GC(23289)   Other: 0.9ms
[2020-12-28T03:14:29.067-0500][gc,heap        ] GC(23289) Eden regions: 11->0(10)
[2020-12-28T03:14:29.067-0500][gc,heap        ] GC(23289) Survivor regions: 0->1(2)
[2020-12-28T03:14:29.067-0500][gc,heap        ] GC(23289) Old regions: 40->40
[2020-12-28T03:14:29.067-0500][gc,heap        ] GC(23289) Humongous regions: 4->4
[2020-12-28T03:14:29.067-0500][gc,metaspace   ] GC(23289) Metaspace: 50313K->50313K(1093632K)
[2020-12-28T03:14:29.067-0500][gc,heap        ] GC(23289) Heap after GC invocations=23290 (full 5312): garbage-first heap   total 64512K, used 43411K [0x0000000083000000, 0x0000000100000000)
[2020-12-28T03:14:29.067-0500][gc,heap        ] GC(23289)   region size 1024K, 1 young (1024K), 1 survivors (1024K)
[2020-12-28T03:14:29.067-0500][gc,heap        ] GC(23289)  Metaspace       used 50313K, capacity 52468K, committed 53888K, reserved 1093632K
[2020-12-28T03:14:29.067-0500][gc,heap        ] GC(23289)   class space    used 7457K, capacity 8250K, committed 8832K, reserved 1048576K
[2020-12-28T03:14:29.067-0500][gc             ] GC(23289) Pause Young (Normal) (G1 Evacuation Pause) 53M->42M(63M) 5.237ms
[2020-12-28T03:14:29.067-0500][gc,cpu         ] GC(23289) User=0.01s Sys=0.01s Real=0.00s
[2020-12-28T03:16:45.189-0500][gc,task        ] GC(23290) Using 5 workers of 8 for full compaction
[2020-12-28T03:16:45.189-0500][gc,start       ] GC(23290) Pause Full (System.gc())
[2020-12-28T03:16:45.189-0500][gc,heap        ] GC(23290) Heap before GC invocations=23290 (full 5312): garbage-first heap   total 64512K, used 52627K [0x0000000083000000, 0x0000000100000000)
[2020-12-28T03:16:45.189-0500][gc,heap        ] GC(23290)   region size 1024K, 11 young (11264K), 1 survivors (1024K)
[2020-12-28T03:16:45.189-0500][gc,heap        ] GC(23290)  Metaspace       used 50313K, capacity 52468K, committed 53888K, reserved 1093632K
[2020-12-28T03:16:45.189-0500][gc,heap        ] GC(23290)   class space    used 7457K, capacity 8250K, committed 8832K, reserved 1048576K
[2020-12-28T03:16:45.189-0500][gc,phases,start] GC(23290) Phase 1: Mark live objects
[2020-12-28T03:16:45.226-0500][gc,stringtable ] GC(23290) Cleaned string and symbol table, strings: 33317 processed, 4 removed, symbols: 120973 processed, 0 removed
[2020-12-28T03:16:45.226-0500][gc,phases      ] GC(23290) Phase 1: Mark live objects 37.069ms
[2020-12-28T03:16:45.226-0500][gc,phases,start] GC(23290) Phase 2: Prepare for compaction
[2020-12-28T03:16:45.232-0500][gc,phases      ] GC(23290) Phase 2: Prepare for compaction 5.113ms
[2020-12-28T03:16:45.232-0500][gc,phases,start] GC(23290) Phase 3: Adjust pointers
[2020-12-28T03:16:45.242-0500][gc,phases      ] GC(23290) Phase 3: Adjust pointers 10.182ms
[2020-12-28T03:16:45.242-0500][gc,phases,start] GC(23290) Phase 4: Compact heap
[2020-12-28T03:16:45.245-0500][gc,phases      ] GC(23290) Phase 4: Compact heap 2.641ms
[2020-12-28T03:16:45.249-0500][gc,heap        ] GC(23290) Eden regions: 10->0(9)
[2020-12-28T03:16:45.249-0500][gc,heap        ] GC(23290) Survivor regions: 1->0(2)
[2020-12-28T03:16:45.249-0500][gc,heap        ] GC(23290) Old regions: 40->42
[2020-12-28T03:16:45.249-0500][gc,heap        ] GC(23290) Humongous regions: 4->4
[2020-12-28T03:16:45.249-0500][gc,metaspace   ] GC(23290) Metaspace: 50313K->50313K(1093632K)
[2020-12-28T03:16:45.249-0500][gc,heap        ] GC(23290) Heap after GC invocations=23291 (full 5313): garbage-first heap   total 64512K, used 43353K [0x0000000083000000, 0x0000000100000000)
[2020-12-28T03:16:45.249-0500][gc,heap        ] GC(23290)   region size 1024K, 0 young (0K), 0 survivors (0K)
[2020-12-28T03:16:45.249-0500][gc,heap        ] GC(23290)  Metaspace       used 50313K, capacity 52468K, committed 53888K, reserved 1093632K
[2020-12-28T03:16:45.249-0500][gc,heap        ] GC(23290)   class space    used 7457K, capacity 8250K, committed 8832K, reserved 1048576K
[2020-12-28T03:16:45.249-0500][gc             ] GC(23290) Pause Full (System.gc()) 51M->42M(63M) 60.188ms
[2020-12-28T03:16:45.249-0500][gc,cpu         ] GC(23290) User=0.26s Sys=0.00s Real=0.06s
[2020-12-28T03:18:59.065-0500][gc,heap        ] GC(23291) Heap before GC invocations=23291 (full 5313): garbage-first heap   total 64512K, used 51545K [0x0000000083000000, 0x0000000100000000)
[2020-12-28T03:18:59.065-0500][gc,heap        ] GC(23291)   region size 1024K, 9 young (9216K), 0 survivors (0K)
[2020-12-28T03:18:59.065-0500][gc,heap        ] GC(23291)  Metaspace       used 50313K, capacity 52468K, committed 53888K, reserved 1093632K
[2020-12-28T03:18:59.065-0500][gc,heap        ] GC(23291)   class space    used 7457K, capacity 8250K, committed 8832K, reserved 1048576K
[2020-12-28T03:18:59.065-0500][gc,start       ] GC(23291) Pause Young (Normal) (G1 Evacuation Pause)
[2020-12-28T03:18:59.065-0500][gc,task        ] GC(23291) Using 8 workers of 8 for evacuation
[2020-12-28T03:18:59.068-0500][gc,phases      ] GC(23291)   Pre Evacuate Collection Set: 0.0ms
[2020-12-28T03:18:59.068-0500][gc,phases      ] GC(23291)   Evacuate Collection Set: 1.1ms
[2020-12-28T03:18:59.068-0500][gc,phases      ] GC(23291)   Post Evacuate Collection Set: 1.5ms
[2020-12-28T03:18:59.068-0500][gc,phases      ] GC(23291)   Other: 0.3ms
[2020-12-28T03:18:59.068-0500][gc,heap        ] GC(23291) Eden regions: 9->0(8)
[2020-12-28T03:18:59.068-0500][gc,heap        ] GC(23291) Survivor regions: 0->1(2)
[2020-12-28T03:18:59.068-0500][gc,heap        ] GC(23291) Old regions: 42->42
[2020-12-28T03:18:59.068-0500][gc,heap        ] GC(23291) Humongous regions: 4->4
[2020-12-28T03:18:59.068-0500][gc,metaspace   ] GC(23291) Metaspace: 50313K->50313K(1093632K)
[2020-12-28T03:18:59.068-0500][gc,heap        ] GC(23291) Heap after GC invocations=23292 (full 5313): garbage-first heap   total 64512K, used 43410K [0x0000000083000000, 0x0000000100000000)
[2020-12-28T03:18:59.068-0500][gc,heap        ] GC(23291)   region size 1024K, 1 young (1024K), 1 survivors (1024K)
[2020-12-28T03:18:59.068-0500][gc,heap        ] GC(23291)  Metaspace       used 50313K, capacity 52468K, committed 53888K, reserved 1093632K
[2020-12-28T03:18:59.068-0500][gc,heap        ] GC(23291)   class space    used 7457K, capacity 8250K, committed 8832K, reserved 1048576K
[2020-12-28T03:18:59.068-0500][gc             ] GC(23291) Pause Young (Normal) (G1 Evacuation Pause) 51M->42M(63M) 2.988ms
[2020-12-28T03:18:59.068-0500][gc,cpu         ] GC(23291) User=0.00s Sys=0.01s Real=0.01s
[2020-12-28T03:20:59.069-0500][gc,heap        ] GC(23292) Heap before GC invocations=23292 (full 5313): garbage-first heap   total 64512K, used 50578K [0x0000000083000000, 0x0000000100000000)
[2020-12-28T03:20:59.069-0500][gc,heap        ] GC(23292)   region size 1024K, 9 young (9216K), 1 survivors (1024K)
[2020-12-28T03:20:59.069-0500][gc,heap        ] GC(23292)  Metaspace       used 50313K, capacity 52468K, committed 53888K, reserved 1093632K
[2020-12-28T03:20:59.069-0500][gc,heap        ] GC(23292)   class space    used 7457K, capacity 8250K, committed 8832K, reserved 1048576K
[2020-12-28T03:20:59.069-0500][gc,start       ] GC(23292) Pause Young (Normal) (G1 Evacuation Pause)
[2020-12-28T03:20:59.069-0500][gc,task        ] GC(23292) Using 8 workers of 8 for evacuation
[2020-12-28T03:20:59.074-0500][gc,phases      ] GC(23292)   Pre Evacuate Collection Set: 0.0ms
[2020-12-28T03:20:59.074-0500][gc,phases      ] GC(23292)   Evacuate Collection Set: 1.5ms
[2020-12-28T03:20:59.074-0500][gc,phases      ] GC(23292)   Post Evacuate Collection Set: 3.0ms
[2020-12-28T03:20:59.074-0500][gc,phases      ] GC(23292)   Other: 0.6ms
[2020-12-28T03:20:59.074-0500][gc,heap        ] GC(23292) Eden regions: 8->0(8)
[2020-12-28T03:20:59.074-0500][gc,heap        ] GC(23292) Survivor regions: 1->1(2)
[2020-12-28T03:20:59.074-0500][gc,heap        ] GC(23292) Old regions: 42->42
[2020-12-28T03:20:59.074-0500][gc,heap        ] GC(23292) Humongous regions: 4->4
[2020-12-28T03:20:59.074-0500][gc,metaspace   ] GC(23292) Metaspace: 50313K->50313K(1093632K)
[2020-12-28T03:20:59.074-0500][gc,heap        ] GC(23292) Heap after GC invocations=23293 (full 5313): garbage-first heap   total 64512K, used 43404K [0x0000000083000000, 0x0000000100000000)
[2020-12-28T03:20:59.074-0500][gc,heap        ] GC(23292)   region size 1024K, 1 young (1024K), 1 survivors (1024K)
[2020-12-28T03:20:59.074-0500][gc,heap        ] GC(23292)  Metaspace       used 50313K, capacity 52468K, committed 53888K, reserved 1093632K
[2020-12-28T03:20:59.074-0500][gc,heap        ] GC(23292)   class space    used 7457K, capacity 8250K, committed 8832K, reserved 1048576K
[2020-12-28T03:20:59.075-0500][gc             ] GC(23292) Pause Young (Normal) (G1 Evacuation Pause) 50M->42M(63M) 5.240ms
[2020-12-28T03:20:59.075-0500][gc,cpu         ] GC(23292) User=0.00s Sys=0.01s Real=0.00s
[2020-12-28T03:21:45.190-0500][gc,task        ] GC(23293) Using 5 workers of 8 for full compaction
[2020-12-28T03:21:45.190-0500][gc,start       ] GC(23293) Pause Full (System.gc())
[2020-12-28T03:21:45.190-0500][gc,heap        ] GC(23293) Heap before GC invocations=23293 (full 5313): garbage-first heap   total 64512K, used 45452K [0x0000000083000000, 0x0000000100000000)
[2020-12-28T03:21:45.190-0500][gc,heap        ] GC(23293)   region size 1024K, 4 young (4096K), 1 survivors (1024K)
[2020-12-28T03:21:45.190-0500][gc,heap        ] GC(23293)  Metaspace       used 50313K, capacity 52468K, committed 53888K, reserved 1093632K
[2020-12-28T03:21:45.190-0500][gc,heap        ] GC(23293)   class space    used 7457K, capacity 8250K, committed 8832K, reserved 1048576K
[2020-12-28T03:21:45.190-0500][gc,phases,start] GC(23293) Phase 1: Mark live objects
[2020-12-28T03:21:45.230-0500][gc,stringtable ] GC(23293) Cleaned string and symbol table, strings: 33317 processed, 4 removed, symbols: 120973 processed, 0 removed
[2020-12-28T03:21:45.230-0500][gc,phases      ] GC(23293) Phase 1: Mark live objects 39.483ms
[2020-12-28T03:21:45.230-0500][gc,phases,start] GC(23293) Phase 2: Prepare for compaction
[2020-12-28T03:21:45.236-0500][gc,phases      ] GC(23293) Phase 2: Prepare for compaction 5.703ms
[2020-12-28T03:21:45.236-0500][gc,phases,start] GC(23293) Phase 3: Adjust pointers
[2020-12-28T03:21:45.247-0500][gc,phases      ] GC(23293) Phase 3: Adjust pointers 10.740ms
[2020-12-28T03:21:45.247-0500][gc,phases,start] GC(23293) Phase 4: Compact heap
[2020-12-28T03:21:45.249-0500][gc,phases      ] GC(23293) Phase 4: Compact heap 2.468ms
[2020-12-28T03:21:45.253-0500][gc,heap        ] GC(23293) Eden regions: 3->0(10)
[2020-12-28T03:21:45.253-0500][gc,heap        ] GC(23293) Survivor regions: 1->0(2)
[2020-12-28T03:21:45.253-0500][gc,heap        ] GC(23293) Old regions: 42->41
[2020-12-28T03:21:45.253-0500][gc,heap        ] GC(23293) Humongous regions: 4->4
[2020-12-28T03:21:45.253-0500][gc,metaspace   ] GC(23293) Metaspace: 50313K->50313K(1093632K)
[2020-12-28T03:21:45.253-0500][gc,heap        ] GC(23293) Heap after GC invocations=23294 (full 5314): garbage-first heap   total 64512K, used 43325K [0x0000000083000000, 0x0000000100000000)
[2020-12-28T03:21:45.253-0500][gc,heap        ] GC(23293)   region size 1024K, 0 young (0K), 0 survivors (0K)
[2020-12-28T03:21:45.253-0500][gc,heap        ] GC(23293)  Metaspace       used 50313K, capacity 52468K, committed 53888K, reserved 1093632K
[2020-12-28T03:21:45.253-0500][gc,heap        ] GC(23293)   class space    used 7457K, capacity 8250K, committed 8832K, reserved 1048576K
[2020-12-28T03:21:45.253-0500][gc             ] GC(23293) Pause Full (System.gc()) 45M->42M(63M) 63.332ms
[2020-12-28T03:21:45.253-0500][gc,cpu         ] GC(23293) User=0.28s Sys=0.00s Real=0.06s
[2020-12-28T03:24:19.061-0500][gc,heap        ] GC(23294) Heap before GC invocations=23294 (full 5314): garbage-first heap   total 64512K, used 53565K [0x0000000083000000, 0x0000000100000000)
[2020-12-28T03:24:19.061-0500][gc,heap        ] GC(23294)   region size 1024K, 10 young (10240K), 0 survivors (0K)
[2020-12-28T03:24:19.061-0500][gc,heap        ] GC(23294)  Metaspace       used 50313K, capacity 52468K, committed 53888K, reserved 1093632K
[2020-12-28T03:24:19.061-0500][gc,heap        ] GC(23294)   class space    used 7457K, capacity 8250K, committed 8832K, reserved 1048576K
[2020-12-28T03:24:19.061-0500][gc,start       ] GC(23294) Pause Young (Normal) (G1 Evacuation Pause)
[2020-12-28T03:24:19.061-0500][gc,task        ] GC(23294) Using 8 workers of 8 for evacuation
[2020-12-28T03:24:19.064-0500][gc,phases      ] GC(23294)   Pre Evacuate Collection Set: 0.0ms
[2020-12-28T03:24:19.064-0500][gc,phases      ] GC(23294)   Evacuate Collection Set: 1.0ms
[2020-12-28T03:24:19.064-0500][gc,phases      ] GC(23294)   Post Evacuate Collection Set: 1.9ms
[2020-12-28T03:24:19.064-0500][gc,phases      ] GC(23294)   Other: 0.3ms
[2020-12-28T03:24:19.064-0500][gc,heap        ] GC(23294) Eden regions: 10->0(9)
[2020-12-28T03:24:19.064-0500][gc,heap        ] GC(23294) Survivor regions: 0->1(2)
[2020-12-28T03:24:19.064-0500][gc,heap        ] GC(23294) Old regions: 41->41
[2020-12-28T03:24:19.064-0500][gc,heap        ] GC(23294) Humongous regions: 4->4
[2020-12-28T03:24:19.064-0500][gc,metaspace   ] GC(23294) Metaspace: 50313K->50313K(1093632K)
[2020-12-28T03:24:19.064-0500][gc,heap        ] GC(23294) Heap after GC invocations=23295 (full 5314): garbage-first heap   total 64512K, used 43409K [0x0000000083000000, 0x0000000100000000)
[2020-12-28T03:24:19.064-0500][gc,heap        ] GC(23294)   region size 1024K, 1 young (1024K), 1 survivors (1024K)
[2020-12-28T03:24:19.064-0500][gc,heap        ] GC(23294)  Metaspace       used 50313K, capacity 52468K, committed 53888K, reserved 1093632K
[2020-12-28T03:24:19.064-0500][gc,heap        ] GC(23294)   class space    used 7457K, capacity 8250K, committed 8832K, reserved 1048576K
[2020-12-28T03:24:19.064-0500][gc             ] GC(23294) Pause Young (Normal) (G1 Evacuation Pause) 52M->42M(63M) 3.314ms
[2020-12-28T03:24:19.064-0500][gc,cpu         ] GC(23294) User=0.00s Sys=0.00s Real=0.00s
[2020-12-28T03:26:34.490-0500][gc,heap        ] GC(23295) Heap before GC invocations=23295 (full 5314): garbage-first heap   total 64512K, used 51601K [0x0000000083000000, 0x0000000100000000)
[2020-12-28T03:26:34.490-0500][gc,heap        ] GC(23295)   region size 1024K, 10 young (10240K), 1 survivors (1024K)
[2020-12-28T03:26:34.490-0500][gc,heap        ] GC(23295)  Metaspace       used 50313K, capacity 52468K, committed 53888K, reserved 1093632K
[2020-12-28T03:26:34.490-0500][gc,heap        ] GC(23295)   class space    used 7457K, capacity 8250K, committed 8832K, reserved 1048576K
[2020-12-28T03:26:34.490-0500][gc,start       ] GC(23295) Pause Young (Normal) (G1 Evacuation Pause)
[2020-12-28T03:26:34.490-0500][gc,task        ] GC(23295) Using 8 workers of 8 for evacuation
[2020-12-28T03:26:34.492-0500][gc,phases      ] GC(23295)   Pre Evacuate Collection Set: 0.0ms
[2020-12-28T03:26:34.492-0500][gc,phases      ] GC(23295)   Evacuate Collection Set: 0.8ms
[2020-12-28T03:26:34.492-0500][gc,phases      ] GC(23295)   Post Evacuate Collection Set: 1.6ms
[2020-12-28T03:26:34.493-0500][gc,phases      ] GC(23295)   Other: 0.3ms
[2020-12-28T03:26:34.493-0500][gc,heap        ] GC(23295) Eden regions: 9->0(9)
[2020-12-28T03:26:34.493-0500][gc,heap        ] GC(23295) Survivor regions: 1->1(2)
[2020-12-28T03:26:34.493-0500][gc,heap        ] GC(23295) Old regions: 41->41
[2020-12-28T03:26:34.493-0500][gc,heap        ] GC(23295) Humongous regions: 4->4
[2020-12-28T03:26:34.493-0500][gc,metaspace   ] GC(23295) Metaspace: 50313K->50313K(1093632K)
[2020-12-28T03:26:34.493-0500][gc,heap        ] GC(23295) Heap after GC invocations=23296 (full 5314): garbage-first heap   total 64512K, used 43379K [0x0000000083000000, 0x0000000100000000)
[2020-12-28T03:26:34.493-0500][gc,heap        ] GC(23295)   region size 1024K, 1 young (1024K), 1 survivors (1024K)
[2020-12-28T03:26:34.493-0500][gc,heap        ] GC(23295)  Metaspace       used 50313K, capacity 52468K, committed 53888K, reserved 1093632K
[2020-12-28T03:26:34.493-0500][gc,heap        ] GC(23295)   class space    used 7457K, capacity 8250K, committed 8832K, reserved 1048576K
[2020-12-28T03:26:34.493-0500][gc             ] GC(23295) Pause Young (Normal) (G1 Evacuation Pause) 51M->42M(63M) 2.861ms
[2020-12-28T03:26:34.493-0500][gc,cpu         ] GC(23295) User=0.00s Sys=0.01s Real=0.00s
[2020-12-28T03:26:45.191-0500][gc,task        ] GC(23296) Using 5 workers of 8 for full compaction
[2020-12-28T03:26:45.191-0500][gc,start       ] GC(23296) Pause Full (System.gc())
[2020-12-28T03:26:45.191-0500][gc,heap        ] GC(23296) Heap before GC invocations=23296 (full 5314): garbage-first heap   total 64512K, used 43379K [0x0000000083000000, 0x0000000100000000)
[2020-12-28T03:26:45.191-0500][gc,heap        ] GC(23296)   region size 1024K, 2 young (2048K), 1 survivors (1024K)
[2020-12-28T03:26:45.191-0500][gc,heap        ] GC(23296)  Metaspace       used 50313K, capacity 52468K, committed 53888K, reserved 1093632K
[2020-12-28T03:26:45.191-0500][gc,heap        ] GC(23296)   class space    used 7457K, capacity 8250K, committed 8832K, reserved 1048576K
[2020-12-28T03:26:45.192-0500][gc,phases,start] GC(23296) Phase 1: Mark live objects
[2020-12-28T03:26:45.221-0500][gc,stringtable ] GC(23296) Cleaned string and symbol table, strings: 33317 processed, 4 removed, symbols: 120973 processed, 0 removed
[2020-12-28T03:26:45.221-0500][gc,phases      ] GC(23296) Phase 1: Mark live objects 29.530ms
[2020-12-28T03:26:45.222-0500][gc,phases,start] GC(23296) Phase 2: Prepare for compaction
[2020-12-28T03:26:45.225-0500][gc,phases      ] GC(23296) Phase 2: Prepare for compaction 3.295ms
[2020-12-28T03:26:45.225-0500][gc,phases,start] GC(23296) Phase 3: Adjust pointers
[2020-12-28T03:26:45.235-0500][gc,phases      ] GC(23296) Phase 3: Adjust pointers 9.995ms
[2020-12-28T03:26:45.235-0500][gc,phases,start] GC(23296) Phase 4: Compact heap
[2020-12-28T03:26:45.238-0500][gc,phases      ] GC(23296) Phase 4: Compact heap 2.706ms
[2020-12-28T03:26:45.242-0500][gc,heap        ] GC(23296) Eden regions: 1->0(10)
[2020-12-28T03:26:45.242-0500][gc,heap        ] GC(23296) Survivor regions: 1->0(2)
[2020-12-28T03:26:45.242-0500][gc,heap        ] GC(23296) Old regions: 41->41
[2020-12-28T03:26:45.242-0500][gc,heap        ] GC(23296) Humongous regions: 4->4
[2020-12-28T03:26:45.242-0500][gc,metaspace   ] GC(23296) Metaspace: 50313K->50313K(1093632K)
[2020-12-28T03:26:45.242-0500][gc,heap        ] GC(23296) Heap after GC invocations=23297 (full 5315): garbage-first heap   total 64512K, used 43312K [0x0000000083000000, 0x0000000100000000)
[2020-12-28T03:26:45.242-0500][gc,heap        ] GC(23296)   region size 1024K, 0 young (0K), 0 survivors (0K)
[2020-12-28T03:26:45.242-0500][gc,heap        ] GC(23296)  Metaspace       used 50313K, capacity 52468K, committed 53888K, reserved 1093632K
[2020-12-28T03:26:45.242-0500][gc,heap        ] GC(23296)   class space    used 7457K, capacity 8250K, committed 8832K, reserved 1048576K
[2020-12-28T03:26:45.242-0500][gc             ] GC(23296) Pause Full (System.gc()) 43M->42M(63M) 50.558ms
[2020-12-28T03:26:45.242-0500][gc,cpu         ] GC(23296) User=0.21s Sys=0.00s Real=0.05s
[2020-12-28T03:29:09.069-0500][gc,heap        ] GC(23297) Heap before GC invocations=23297 (full 5315): garbage-first heap   total 64512K, used 53552K [0x0000000083000000, 0x0000000100000000)
[2020-12-28T03:29:09.069-0500][gc,heap        ] GC(23297)   region size 1024K, 10 young (10240K), 0 survivors (0K)
[2020-12-28T03:29:09.069-0500][gc,heap        ] GC(23297)  Metaspace       used 50313K, capacity 52468K, committed 53888K, reserved 1093632K
[2020-12-28T03:29:09.069-0500][gc,heap        ] GC(23297)   class space    used 7457K, capacity 8250K, committed 8832K, reserved 1048576K
[2020-12-28T03:29:09.069-0500][gc,start       ] GC(23297) Pause Young (Normal) (G1 Evacuation Pause)
[2020-12-28T03:29:09.069-0500][gc,task        ] GC(23297) Using 8 workers of 8 for evacuation
[2020-12-28T03:29:09.073-0500][gc,phases      ] GC(23297)   Pre Evacuate Collection Set: 0.0ms
[2020-12-28T03:29:09.074-0500][gc,phases      ] GC(23297)   Evacuate Collection Set: 1.8ms
[2020-12-28T03:29:09.074-0500][gc,phases      ] GC(23297)   Post Evacuate Collection Set: 2.4ms
[2020-12-28T03:29:09.074-0500][gc,phases      ] GC(23297)   Other: 0.5ms
[2020-12-28T03:29:09.074-0500][gc,heap        ] GC(23297) Eden regions: 10->0(9)
[2020-12-28T03:29:09.074-0500][gc,heap        ] GC(23297) Survivor regions: 0->1(2)
[2020-12-28T03:29:09.074-0500][gc,heap        ] GC(23297) Old regions: 41->41
[2020-12-28T03:29:09.074-0500][gc,heap        ] GC(23297) Humongous regions: 4->4
[2020-12-28T03:29:09.074-0500][gc,metaspace   ] GC(23297) Metaspace: 50313K->50313K(1093632K)
[2020-12-28T03:29:09.074-0500][gc,heap        ] GC(23297) Heap after GC invocations=23298 (full 5315): garbage-first heap   total 64512K, used 43380K [0x0000000083000000, 0x0000000100000000)
[2020-12-28T03:29:09.074-0500][gc,heap        ] GC(23297)   region size 1024K, 1 young (1024K), 1 survivors (1024K)
[2020-12-28T03:29:09.074-0500][gc,heap        ] GC(23297)  Metaspace       used 50313K, capacity 52468K, committed 53888K, reserved 1093632K
[2020-12-28T03:29:09.074-0500][gc,heap        ] GC(23297)   class space    used 7457K, capacity 8250K, committed 8832K, reserved 1048576K
[2020-12-28T03:29:09.074-0500][gc             ] GC(23297) Pause Young (Normal) (G1 Evacuation Pause) 52M->42M(63M) 4.869ms
[2020-12-28T03:29:09.074-0500][gc,cpu         ] GC(23297) User=0.01s Sys=0.00s Real=0.00s
[2020-12-28T03:31:29.060-0500][gc,heap        ] GC(23298) Heap before GC invocations=23298 (full 5315): garbage-first heap   total 64512K, used 51572K [0x0000000083000000, 0x0000000100000000)
[2020-12-28T03:31:29.060-0500][gc,heap        ] GC(23298)   region size 1024K, 10 young (10240K), 1 survivors (1024K)
[2020-12-28T03:31:29.061-0500][gc,heap        ] GC(23298)  Metaspace       used 50313K, capacity 52468K, committed 53888K, reserved 1093632K
[2020-12-28T03:31:29.061-0500][gc,heap        ] GC(23298)   class space    used 7457K, capacity 8250K, committed 8832K, reserved 1048576K
[2020-12-28T03:31:29.061-0500][gc,start       ] GC(23298) Pause Young (Normal) (G1 Evacuation Pause)
[2020-12-28T03:31:29.061-0500][gc,task        ] GC(23298) Using 8 workers of 8 for evacuation
[2020-12-28T03:31:29.066-0500][gc,phases      ] GC(23298)   Pre Evacuate Collection Set: 0.0ms
[2020-12-28T03:31:29.066-0500][gc,phases      ] GC(23298)   Evacuate Collection Set: 1.5ms
[2020-12-28T03:31:29.066-0500][gc,phases      ] GC(23298)   Post Evacuate Collection Set: 3.9ms
[2020-12-28T03:31:29.067-0500][gc,phases      ] GC(23298)   Other: 0.5ms
[2020-12-28T03:31:29.067-0500][gc,heap        ] GC(23298) Eden regions: 9->0(9)
[2020-12-28T03:31:29.067-0500][gc,heap        ] GC(23298) Survivor regions: 1->1(2)
[2020-12-28T03:31:29.067-0500][gc,heap        ] GC(23298) Old regions: 41->41
[2020-12-28T03:31:29.067-0500][gc,heap        ] GC(23298) Humongous regions: 4->4
[2020-12-28T03:31:29.067-0500][gc,metaspace   ] GC(23298) Metaspace: 50313K->50313K(1093632K)
[2020-12-28T03:31:29.067-0500][gc,heap        ] GC(23298) Heap after GC invocations=23299 (full 5315): garbage-first heap   total 64512K, used 43394K [0x0000000083000000, 0x0000000100000000)
[2020-12-28T03:31:29.067-0500][gc,heap        ] GC(23298)   region size 1024K, 1 young (1024K), 1 survivors (1024K)
[2020-12-28T03:31:29.067-0500][gc,heap        ] GC(23298)  Metaspace       used 50313K, capacity 52468K, committed 53888K, reserved 1093632K
[2020-12-28T03:31:29.067-0500][gc,heap        ] GC(23298)   class space    used 7457K, capacity 8250K, committed 8832K, reserved 1048576K
[2020-12-28T03:31:29.067-0500][gc             ] GC(23298) Pause Young (Normal) (G1 Evacuation Pause) 51M->42M(63M) 6.425ms
[2020-12-28T03:31:29.067-0500][gc,cpu         ] GC(23298) User=0.01s Sys=0.01s Real=0.00s
[2020-12-28T03:31:45.191-0500][gc,task        ] GC(23299) Using 5 workers of 8 for full compaction
[2020-12-28T03:31:45.191-0500][gc,start       ] GC(23299) Pause Full (System.gc())
[2020-12-28T03:31:45.191-0500][gc,heap        ] GC(23299) Heap before GC invocations=23299 (full 5315): garbage-first heap   total 64512K, used 44418K [0x0000000083000000, 0x0000000100000000)
[2020-12-28T03:31:45.191-0500][gc,heap        ] GC(23299)   region size 1024K, 3 young (3072K), 1 survivors (1024K)
[2020-12-28T03:31:45.191-0500][gc,heap        ] GC(23299)  Metaspace       used 50313K, capacity 52468K, committed 53888K, reserved 1093632K
[2020-12-28T03:31:45.191-0500][gc,heap        ] GC(23299)   class space    used 7457K, capacity 8250K, committed 8832K, reserved 1048576K
[2020-12-28T03:31:45.192-0500][gc,phases,start] GC(23299) Phase 1: Mark live objects
[2020-12-28T03:31:45.237-0500][gc,stringtable ] GC(23299) Cleaned string and symbol table, strings: 33317 processed, 4 removed, symbols: 120973 processed, 0 removed
[2020-12-28T03:31:45.237-0500][gc,phases      ] GC(23299) Phase 1: Mark live objects 44.901ms
[2020-12-28T03:31:45.237-0500][gc,phases,start] GC(23299) Phase 2: Prepare for compaction
[2020-12-28T03:31:45.242-0500][gc,phases      ] GC(23299) Phase 2: Prepare for compaction 5.604ms
[2020-12-28T03:31:45.242-0500][gc,phases,start] GC(23299) Phase 3: Adjust pointers
[2020-12-28T03:31:45.253-0500][gc,phases      ] GC(23299) Phase 3: Adjust pointers 10.784ms
[2020-12-28T03:31:45.253-0500][gc,phases,start] GC(23299) Phase 4: Compact heap
[2020-12-28T03:31:45.256-0500][gc,phases      ] GC(23299) Phase 4: Compact heap 2.720ms
[2020-12-28T03:31:45.260-0500][gc,heap        ] GC(23299) Eden regions: 2->0(10)
[2020-12-28T03:31:45.260-0500][gc,heap        ] GC(23299) Survivor regions: 1->0(2)
[2020-12-28T03:31:45.260-0500][gc,heap        ] GC(23299) Old regions: 41->41
[2020-12-28T03:31:45.260-0500][gc,heap        ] GC(23299) Humongous regions: 4->4
[2020-12-28T03:31:45.260-0500][gc,metaspace   ] GC(23299) Metaspace: 50313K->50313K(1093632K)
[2020-12-28T03:31:45.260-0500][gc,heap        ] GC(23299) Heap after GC invocations=23300 (full 5316): garbage-first heap   total 64512K, used 43319K [0x0000000083000000, 0x0000000100000000)
[2020-12-28T03:31:45.260-0500][gc,heap        ] GC(23299)   region size 1024K, 0 young (0K), 0 survivors (0K)
[2020-12-28T03:31:45.260-0500][gc,heap        ] GC(23299)  Metaspace       used 50313K, capacity 52468K, committed 53888K, reserved 1093632K
[2020-12-28T03:31:45.260-0500][gc,heap        ] GC(23299)   class space    used 7457K, capacity 8250K, committed 8832K, reserved 1048576K
[2020-12-28T03:31:45.260-0500][gc             ] GC(23299) Pause Full (System.gc()) 43M->42M(63M) 69.079ms
[2020-12-28T03:31:45.260-0500][gc,cpu         ] GC(23299) User=0.30s Sys=0.00s Real=0.07s
[2020-12-28T03:34:09.883-0500][gc,heap        ] GC(23300) Heap before GC invocations=23300 (full 5316): garbage-first heap   total 64512K, used 53559K [0x0000000083000000, 0x0000000100000000)
[2020-12-28T03:34:09.883-0500][gc,heap        ] GC(23300)   region size 1024K, 10 young (10240K), 0 survivors (0K)
[2020-12-28T03:34:09.883-0500][gc,heap        ] GC(23300)  Metaspace       used 50313K, capacity 52468K, committed 53888K, reserved 1093632K
[2020-12-28T03:34:09.883-0500][gc,heap        ] GC(23300)   class space    used 7457K, capacity 8250K, committed 8832K, reserved 1048576K
[2020-12-28T03:34:09.883-0500][gc,start       ] GC(23300) Pause Young (Normal) (G1 Evacuation Pause)
[2020-12-28T03:34:09.883-0500][gc,task        ] GC(23300) Using 8 workers of 8 for evacuation
[2020-12-28T03:34:09.885-0500][gc,phases      ] GC(23300)   Pre Evacuate Collection Set: 0.0ms
[2020-12-28T03:34:09.885-0500][gc,phases      ] GC(23300)   Evacuate Collection Set: 0.6ms
[2020-12-28T03:34:09.885-0500][gc,phases      ] GC(23300)   Post Evacuate Collection Set: 1.1ms
[2020-12-28T03:34:09.885-0500][gc,phases      ] GC(23300)   Other: 0.2ms
[2020-12-28T03:34:09.885-0500][gc,heap        ] GC(23300) Eden regions: 10->0(9)
[2020-12-28T03:34:09.885-0500][gc,heap        ] GC(23300) Survivor regions: 0->1(2)
[2020-12-28T03:34:09.885-0500][gc,heap        ] GC(23300) Old regions: 41->41
[2020-12-28T03:34:09.885-0500][gc,heap        ] GC(23300) Humongous regions: 4->4
[2020-12-28T03:34:09.885-0500][gc,metaspace   ] GC(23300) Metaspace: 50313K->50313K(1093632K)
[2020-12-28T03:34:09.885-0500][gc,heap        ] GC(23300) Heap after GC invocations=23301 (full 5316): garbage-first heap   total 64512K, used 43393K [0x0000000083000000, 0x0000000100000000)
[2020-12-28T03:34:09.885-0500][gc,heap        ] GC(23300)   region size 1024K, 1 young (1024K), 1 survivors (1024K)
[2020-12-28T03:34:09.885-0500][gc,heap        ] GC(23300)  Metaspace       used 50313K, capacity 52468K, committed 53888K, reserved 1093632K
[2020-12-28T03:34:09.885-0500][gc,heap        ] GC(23300)   class space    used 7457K, capacity 8250K, committed 8832K, reserved 1048576K
[2020-12-28T03:34:09.885-0500][gc             ] GC(23300) Pause Young (Normal) (G1 Evacuation Pause) 52M->42M(63M) 1.903ms
[2020-12-28T03:34:09.885-0500][gc,cpu         ] GC(23300) User=0.01s Sys=0.00s Real=0.00s
[2020-12-28T03:36:29.059-0500][gc,heap        ] GC(23301) Heap before GC invocations=23301 (full 5316): garbage-first heap   total 64512K, used 52609K [0x0000000083000000, 0x0000000100000000)
[2020-12-28T03:36:29.059-0500][gc,heap        ] GC(23301)   region size 1024K, 10 young (10240K), 1 survivors (1024K)
[2020-12-28T03:36:29.059-0500][gc,heap        ] GC(23301)  Metaspace       used 50313K, capacity 52468K, committed 53888K, reserved 1093632K
[2020-12-28T03:36:29.059-0500][gc,heap        ] GC(23301)   class space    used 7457K, capacity 8250K, committed 8832K, reserved 1048576K
[2020-12-28T03:36:29.059-0500][gc,start       ] GC(23301) Pause Young (Normal) (G1 Evacuation Pause)
[2020-12-28T03:36:29.059-0500][gc,task        ] GC(23301) Using 8 workers of 8 for evacuation
[2020-12-28T03:36:29.060-0500][gc,phases      ] GC(23301)   Pre Evacuate Collection Set: 0.0ms
[2020-12-28T03:36:29.061-0500][gc,phases      ] GC(23301)   Evacuate Collection Set: 0.5ms
[2020-12-28T03:36:29.061-0500][gc,phases      ] GC(23301)   Post Evacuate Collection Set: 0.8ms
[2020-12-28T03:36:29.061-0500][gc,phases      ] GC(23301)   Other: 0.2ms
[2020-12-28T03:36:29.061-0500][gc,heap        ] GC(23301) Eden regions: 9->0(9)
[2020-12-28T03:36:29.061-0500][gc,heap        ] GC(23301) Survivor regions: 1->1(2)
[2020-12-28T03:36:29.061-0500][gc,heap        ] GC(23301) Old regions: 41->41
[2020-12-28T03:36:29.061-0500][gc,heap        ] GC(23301) Humongous regions: 4->4
[2020-12-28T03:36:29.061-0500][gc,metaspace   ] GC(23301) Metaspace: 50313K->50313K(1093632K)
[2020-12-28T03:36:29.061-0500][gc,heap        ] GC(23301) Heap after GC invocations=23302 (full 5316): garbage-first heap   total 64512K, used 43391K [0x0000000083000000, 0x0000000100000000)
[2020-12-28T03:36:29.061-0500][gc,heap        ] GC(23301)   region size 1024K, 1 young (1024K), 1 survivors (1024K)
[2020-12-28T03:36:29.061-0500][gc,heap        ] GC(23301)  Metaspace       used 50313K, capacity 52468K, committed 53888K, reserved 1093632K
[2020-12-28T03:36:29.061-0500][gc,heap        ] GC(23301)   class space    used 7457K, capacity 8250K, committed 8832K, reserved 1048576K
[2020-12-28T03:36:29.061-0500][gc             ] GC(23301) Pause Young (Normal) (G1 Evacuation Pause) 51M->42M(63M) 1.703ms
[2020-12-28T03:36:29.061-0500][gc,cpu         ] GC(23301) User=0.00s Sys=0.00s Real=0.00s
[2020-12-28T03:36:45.190-0500][gc,task        ] GC(23302) Using 5 workers of 8 for full compaction
[2020-12-28T03:36:45.190-0500][gc,start       ] GC(23302) Pause Full (System.gc())
[2020-12-28T03:36:45.190-0500][gc,heap        ] GC(23302) Heap before GC invocations=23302 (full 5316): garbage-first heap   total 64512K, used 44415K [0x0000000083000000, 0x0000000100000000)
[2020-12-28T03:36:45.190-0500][gc,heap        ] GC(23302)   region size 1024K, 3 young (3072K), 1 survivors (1024K)
[2020-12-28T03:36:45.190-0500][gc,heap        ] GC(23302)  Metaspace       used 50313K, capacity 52468K, committed 53888K, reserved 1093632K
[2020-12-28T03:36:45.190-0500][gc,heap        ] GC(23302)   class space    used 7457K, capacity 8250K, committed 8832K, reserved 1048576K
[2020-12-28T03:36:45.191-0500][gc,phases,start] GC(23302) Phase 1: Mark live objects
[2020-12-28T03:36:45.213-0500][gc,stringtable ] GC(23302) Cleaned string and symbol table, strings: 33317 processed, 4 removed, symbols: 120973 processed, 0 removed
[2020-12-28T03:36:45.214-0500][gc,phases      ] GC(23302) Phase 1: Mark live objects 22.930ms
[2020-12-28T03:36:45.214-0500][gc,phases,start] GC(23302) Phase 2: Prepare for compaction
[2020-12-28T03:36:45.218-0500][gc,phases      ] GC(23302) Phase 2: Prepare for compaction 3.978ms
[2020-12-28T03:36:45.218-0500][gc,phases,start] GC(23302) Phase 3: Adjust pointers
[2020-12-28T03:36:45.229-0500][gc,phases      ] GC(23302) Phase 3: Adjust pointers 11.231ms
[2020-12-28T03:36:45.229-0500][gc,phases,start] GC(23302) Phase 4: Compact heap
[2020-12-28T03:36:45.231-0500][gc,phases      ] GC(23302) Phase 4: Compact heap 2.446ms
[2020-12-28T03:36:45.236-0500][gc,heap        ] GC(23302) Eden regions: 2->0(10)
[2020-12-28T03:36:45.236-0500][gc,heap        ] GC(23302) Survivor regions: 1->0(2)
[2020-12-28T03:36:45.236-0500][gc,heap        ] GC(23302) Old regions: 41->41
[2020-12-28T03:36:45.236-0500][gc,heap        ] GC(23302) Humongous regions: 4->4
[2020-12-28T03:36:45.236-0500][gc,metaspace   ] GC(23302) Metaspace: 50313K->50313K(1093632K)
[2020-12-28T03:36:45.236-0500][gc,heap        ] GC(23302) Heap after GC invocations=23303 (full 5317): garbage-first heap   total 64512K, used 43314K [0x0000000083000000, 0x0000000100000000)
[2020-12-28T03:36:45.236-0500][gc,heap        ] GC(23302)   region size 1024K, 0 young (0K), 0 survivors (0K)
[2020-12-28T03:36:45.236-0500][gc,heap        ] GC(23302)  Metaspace       used 50313K, capacity 52468K, committed 53888K, reserved 1093632K
[2020-12-28T03:36:45.236-0500][gc,heap        ] GC(23302)   class space    used 7457K, capacity 8250K, committed 8832K, reserved 1048576K
[2020-12-28T03:36:45.236-0500][gc             ] GC(23302) Pause Full (System.gc()) 43M->42M(63M) 46.123ms
[2020-12-28T03:36:45.236-0500][gc,cpu         ] GC(23302) User=0.19s Sys=0.00s Real=0.04s
[2020-12-28T03:39:09.061-0500][gc,heap        ] GC(23303) Heap before GC invocations=23303 (full 5317): garbage-first heap   total 64512K, used 52530K [0x0000000083000000, 0x0000000100000000)
[2020-12-28T03:39:09.061-0500][gc,heap        ] GC(23303)   region size 1024K, 10 young (10240K), 0 survivors (0K)
[2020-12-28T03:39:09.061-0500][gc,heap        ] GC(23303)  Metaspace       used 50313K, capacity 52468K, committed 53888K, reserved 1093632K
[2020-12-28T03:39:09.061-0500][gc,heap        ] GC(23303)   class space    used 7457K, capacity 8250K, committed 8832K, reserved 1048576K
[2020-12-28T03:39:09.062-0500][gc,start       ] GC(23303) Pause Young (Normal) (G1 Evacuation Pause)
[2020-12-28T03:39:09.062-0500][gc,task        ] GC(23303) Using 8 workers of 8 for evacuation
[2020-12-28T03:39:09.067-0500][gc,phases      ] GC(23303)   Pre Evacuate Collection Set: 0.0ms
[2020-12-28T03:39:09.067-0500][gc,phases      ] GC(23303)   Evacuate Collection Set: 1.9ms
[2020-12-28T03:39:09.067-0500][gc,phases      ] GC(23303)   Post Evacuate Collection Set: 2.9ms
[2020-12-28T03:39:09.067-0500][gc,phases      ] GC(23303)   Other: 0.7ms
[2020-12-28T03:39:09.067-0500][gc,heap        ] GC(23303) Eden regions: 10->0(9)
[2020-12-28T03:39:09.067-0500][gc,heap        ] GC(23303) Survivor regions: 0->1(2)
[2020-12-28T03:39:09.067-0500][gc,heap        ] GC(23303) Old regions: 41->41
[2020-12-28T03:39:09.067-0500][gc,heap        ] GC(23303) Humongous regions: 4->4
[2020-12-28T03:39:09.067-0500][gc,metaspace   ] GC(23303) Metaspace: 50313K->50313K(1093632K)
[2020-12-28T03:39:09.067-0500][gc,heap        ] GC(23303) Heap after GC invocations=23304 (full 5317): garbage-first heap   total 64512K, used 43384K [0x0000000083000000, 0x0000000100000000)
[2020-12-28T03:39:09.067-0500][gc,heap        ] GC(23303)   region size 1024K, 1 young (1024K), 1 survivors (1024K)
[2020-12-28T03:39:09.067-0500][gc,heap        ] GC(23303)  Metaspace       used 50313K, capacity 52468K, committed 53888K, reserved 1093632K
[2020-12-28T03:39:09.067-0500][gc,heap        ] GC(23303)   class space    used 7457K, capacity 8250K, committed 8832K, reserved 1048576K
[2020-12-28T03:39:09.067-0500][gc             ] GC(23303) Pause Young (Normal) (G1 Evacuation Pause) 52M->42M(63M) 5.733ms
[2020-12-28T03:39:09.067-0500][gc,cpu         ] GC(23303) User=0.01s Sys=0.00s Real=0.00s
[2020-12-28T03:41:29.059-0500][gc,heap        ] GC(23304) Heap before GC invocations=23304 (full 5317): garbage-first heap   total 64512K, used 52600K [0x0000000083000000, 0x0000000100000000)
[2020-12-28T03:41:29.059-0500][gc,heap        ] GC(23304)   region size 1024K, 10 young (10240K), 1 survivors (1024K)
[2020-12-28T03:41:29.059-0500][gc,heap        ] GC(23304)  Metaspace       used 50313K, capacity 52468K, committed 53888K, reserved 1093632K
[2020-12-28T03:41:29.059-0500][gc,heap        ] GC(23304)   class space    used 7457K, capacity 8250K, committed 8832K, reserved 1048576K
[2020-12-28T03:41:29.059-0500][gc,start       ] GC(23304) Pause Young (Normal) (G1 Evacuation Pause)
[2020-12-28T03:41:29.059-0500][gc,task        ] GC(23304) Using 8 workers of 8 for evacuation
[2020-12-28T03:41:29.062-0500][gc,phases      ] GC(23304)   Pre Evacuate Collection Set: 0.0ms
[2020-12-28T03:41:29.062-0500][gc,phases      ] GC(23304)   Evacuate Collection Set: 0.6ms
[2020-12-28T03:41:29.062-0500][gc,phases      ] GC(23304)   Post Evacuate Collection Set: 1.6ms
[2020-12-28T03:41:29.062-0500][gc,phases      ] GC(23304)   Other: 0.2ms
[2020-12-28T03:41:29.062-0500][gc,heap        ] GC(23304) Eden regions: 9->0(9)
[2020-12-28T03:41:29.062-0500][gc,heap        ] GC(23304) Survivor regions: 1->1(2)
[2020-12-28T03:41:29.062-0500][gc,heap        ] GC(23304) Old regions: 41->41
[2020-12-28T03:41:29.062-0500][gc,heap        ] GC(23304) Humongous regions: 4->4
[2020-12-28T03:41:29.062-0500][gc,metaspace   ] GC(23304) Metaspace: 50313K->50313K(1093632K)
[2020-12-28T03:41:29.062-0500][gc,heap        ] GC(23304) Heap after GC invocations=23305 (full 5317): garbage-first heap   total 64512K, used 43365K [0x0000000083000000, 0x0000000100000000)
[2020-12-28T03:41:29.062-0500][gc,heap        ] GC(23304)   region size 1024K, 1 young (1024K), 1 survivors (1024K)
[2020-12-28T03:41:29.062-0500][gc,heap        ] GC(23304)  Metaspace       used 50313K, capacity 52468K, committed 53888K, reserved 1093632K
[2020-12-28T03:41:29.062-0500][gc,heap        ] GC(23304)   class space    used 7457K, capacity 8250K, committed 8832K, reserved 1048576K
[2020-12-28T03:41:29.062-0500][gc             ] GC(23304) Pause Young (Normal) (G1 Evacuation Pause) 51M->42M(63M) 2.510ms
[2020-12-28T03:41:29.062-0500][gc,cpu         ] GC(23304) User=0.01s Sys=0.00s Real=0.00s
[2020-12-28T03:41:45.189-0500][gc,task        ] GC(23305) Using 5 workers of 8 for full compaction
[2020-12-28T03:41:45.189-0500][gc,start       ] GC(23305) Pause Full (System.gc())
[2020-12-28T03:41:45.189-0500][gc,heap        ] GC(23305) Heap before GC invocations=23305 (full 5317): garbage-first heap   total 64512K, used 44389K [0x0000000083000000, 0x0000000100000000)
[2020-12-28T03:41:45.189-0500][gc,heap        ] GC(23305)   region size 1024K, 3 young (3072K), 1 survivors (1024K)
[2020-12-28T03:41:45.189-0500][gc,heap        ] GC(23305)  Metaspace       used 50313K, capacity 52468K, committed 53888K, reserved 1093632K
[2020-12-28T03:41:45.189-0500][gc,heap        ] GC(23305)   class space    used 7457K, capacity 8250K, committed 8832K, reserved 1048576K
[2020-12-28T03:41:45.190-0500][gc,phases,start] GC(23305) Phase 1: Mark live objects
[2020-12-28T03:41:45.228-0500][gc,stringtable ] GC(23305) Cleaned string and symbol table, strings: 33317 processed, 4 removed, symbols: 120973 processed, 0 removed
[2020-12-28T03:41:45.228-0500][gc,phases      ] GC(23305) Phase 1: Mark live objects 37.965ms
[2020-12-28T03:41:45.228-0500][gc,phases,start] GC(23305) Phase 2: Prepare for compaction
[2020-12-28T03:41:45.231-0500][gc,phases      ] GC(23305) Phase 2: Prepare for compaction 3.515ms
[2020-12-28T03:41:45.231-0500][gc,phases,start] GC(23305) Phase 3: Adjust pointers
[2020-12-28T03:41:45.241-0500][gc,phases      ] GC(23305) Phase 3: Adjust pointers 10.136ms
[2020-12-28T03:41:45.241-0500][gc,phases,start] GC(23305) Phase 4: Compact heap
[2020-12-28T03:41:45.244-0500][gc,phases      ] GC(23305) Phase 4: Compact heap 2.415ms
[2020-12-28T03:41:45.248-0500][gc,heap        ] GC(23305) Eden regions: 2->0(11)
[2020-12-28T03:41:45.248-0500][gc,heap        ] GC(23305) Survivor regions: 1->0(2)
[2020-12-28T03:41:45.248-0500][gc,heap        ] GC(23305) Old regions: 41->40
[2020-12-28T03:41:45.248-0500][gc,heap        ] GC(23305) Humongous regions: 4->4
[2020-12-28T03:41:45.248-0500][gc,metaspace   ] GC(23305) Metaspace: 50313K->50313K(1093632K)
[2020-12-28T03:41:45.248-0500][gc,heap        ] GC(23305) Heap after GC invocations=23306 (full 5318): garbage-first heap   total 64512K, used 43313K [0x0000000083000000, 0x0000000100000000)
[2020-12-28T03:41:45.248-0500][gc,heap        ] GC(23305)   region size 1024K, 0 young (0K), 0 survivors (0K)
[2020-12-28T03:41:45.248-0500][gc,heap        ] GC(23305)  Metaspace       used 50313K, capacity 52468K, committed 53888K, reserved 1093632K
[2020-12-28T03:41:45.248-0500][gc,heap        ] GC(23305)   class space    used 7457K, capacity 8250K, committed 8832K, reserved 1048576K
[2020-12-28T03:41:45.248-0500][gc             ] GC(23305) Pause Full (System.gc()) 43M->42M(63M) 59.045ms
[2020-12-28T03:41:45.248-0500][gc,cpu         ] GC(23305) User=0.26s Sys=0.00s Real=0.06s
[2020-12-28T03:44:30.669-0500][gc,heap        ] GC(23306) Heap before GC invocations=23306 (full 5318): garbage-first heap   total 64512K, used 53553K [0x0000000083000000, 0x0000000100000000)
[2020-12-28T03:44:30.669-0500][gc,heap        ] GC(23306)   region size 1024K, 11 young (11264K), 0 survivors (0K)
[2020-12-28T03:44:30.669-0500][gc,heap        ] GC(23306)  Metaspace       used 50313K, capacity 52468K, committed 53888K, reserved 1093632K
[2020-12-28T03:44:30.669-0500][gc,heap        ] GC(23306)   class space    used 7457K, capacity 8250K, committed 8832K, reserved 1048576K
[2020-12-28T03:44:30.669-0500][gc,start       ] GC(23306) Pause Young (Normal) (G1 Evacuation Pause)
[2020-12-28T03:44:30.669-0500][gc,task        ] GC(23306) Using 8 workers of 8 for evacuation
[2020-12-28T03:44:30.673-0500][gc,phases      ] GC(23306)   Pre Evacuate Collection Set: 0.0ms
[2020-12-28T03:44:30.673-0500][gc,phases      ] GC(23306)   Evacuate Collection Set: 1.1ms
[2020-12-28T03:44:30.673-0500][gc,phases      ] GC(23306)   Post Evacuate Collection Set: 2.4ms
[2020-12-28T03:44:30.673-0500][gc,phases      ] GC(23306)   Other: 0.5ms
[2020-12-28T03:44:30.673-0500][gc,heap        ] GC(23306) Eden regions: 11->0(10)
[2020-12-28T03:44:30.673-0500][gc,heap        ] GC(23306) Survivor regions: 0->1(2)
[2020-12-28T03:44:30.673-0500][gc,heap        ] GC(23306) Old regions: 40->40
[2020-12-28T03:44:30.673-0500][gc,heap        ] GC(23306) Humongous regions: 4->4
[2020-12-28T03:44:30.673-0500][gc,metaspace   ] GC(23306) Metaspace: 50313K->50313K(1093632K)
[2020-12-28T03:44:30.673-0500][gc,heap        ] GC(23306) Heap after GC invocations=23307 (full 5318): garbage-first heap   total 64512K, used 43386K [0x0000000083000000, 0x0000000100000000)
[2020-12-28T03:44:30.673-0500][gc,heap        ] GC(23306)   region size 1024K, 1 young (1024K), 1 survivors (1024K)
[2020-12-28T03:44:30.673-0500][gc,heap        ] GC(23306)  Metaspace       used 50313K, capacity 52468K, committed 53888K, reserved 1093632K
[2020-12-28T03:44:30.673-0500][gc,heap        ] GC(23306)   class space    used 7457K, capacity 8250K, committed 8832K, reserved 1048576K
[2020-12-28T03:44:30.673-0500][gc             ] GC(23306) Pause Young (Normal) (G1 Evacuation Pause) 53M->42M(63M) 4.268ms
[2020-12-28T03:44:30.673-0500][gc,cpu         ] GC(23306) User=0.01s Sys=0.00s Real=0.00s
[2020-12-28T03:46:45.191-0500][gc,task        ] GC(23307) Using 5 workers of 8 for full compaction
[2020-12-28T03:46:45.191-0500][gc,start       ] GC(23307) Pause Full (System.gc())
[2020-12-28T03:46:45.191-0500][gc,heap        ] GC(23307) Heap before GC invocations=23307 (full 5318): garbage-first heap   total 64512K, used 51578K [0x0000000083000000, 0x0000000100000000)
[2020-12-28T03:46:45.191-0500][gc,heap        ] GC(23307)   region size 1024K, 10 young (10240K), 1 survivors (1024K)
[2020-12-28T03:46:45.191-0500][gc,heap        ] GC(23307)  Metaspace       used 50313K, capacity 52468K, committed 53888K, reserved 1093632K
[2020-12-28T03:46:45.191-0500][gc,heap        ] GC(23307)   class space    used 7457K, capacity 8250K, committed 8832K, reserved 1048576K
[2020-12-28T03:46:45.191-0500][gc,phases,start] GC(23307) Phase 1: Mark live objects
[2020-12-28T03:46:45.219-0500][gc,stringtable ] GC(23307) Cleaned string and symbol table, strings: 33317 processed, 4 removed, symbols: 120973 processed, 0 removed
[2020-12-28T03:46:45.219-0500][gc,phases      ] GC(23307) Phase 1: Mark live objects 28.045ms
[2020-12-28T03:46:45.219-0500][gc,phases,start] GC(23307) Phase 2: Prepare for compaction
[2020-12-28T03:46:45.223-0500][gc,phases      ] GC(23307) Phase 2: Prepare for compaction 3.914ms
[2020-12-28T03:46:45.223-0500][gc,phases,start] GC(23307) Phase 3: Adjust pointers
[2020-12-28T03:46:45.232-0500][gc,phases      ] GC(23307) Phase 3: Adjust pointers 9.194ms
[2020-12-28T03:46:45.232-0500][gc,phases,start] GC(23307) Phase 4: Compact heap
[2020-12-28T03:46:45.235-0500][gc,phases      ] GC(23307) Phase 4: Compact heap 2.434ms
[2020-12-28T03:46:45.239-0500][gc,heap        ] GC(23307) Eden regions: 9->0(10)
[2020-12-28T03:46:45.239-0500][gc,heap        ] GC(23307) Survivor regions: 1->0(2)
[2020-12-28T03:46:45.239-0500][gc,heap        ] GC(23307) Old regions: 40->41
[2020-12-28T03:46:45.239-0500][gc,heap        ] GC(23307) Humongous regions: 4->4
[2020-12-28T03:46:45.239-0500][gc,metaspace   ] GC(23307) Metaspace: 50313K->50313K(1093632K)
[2020-12-28T03:46:45.239-0500][gc,heap        ] GC(23307) Heap after GC invocations=23308 (full 5319): garbage-first heap   total 64512K, used 43351K [0x0000000083000000, 0x0000000100000000)
[2020-12-28T03:46:45.239-0500][gc,heap        ] GC(23307)   region size 1024K, 0 young (0K), 0 survivors (0K)
[2020-12-28T03:46:45.239-0500][gc,heap        ] GC(23307)  Metaspace       used 50313K, capacity 52468K, committed 53888K, reserved 1093632K
[2020-12-28T03:46:45.239-0500][gc,heap        ] GC(23307)   class space    used 7457K, capacity 8250K, committed 8832K, reserved 1048576K
[2020-12-28T03:46:45.239-0500][gc             ] GC(23307) Pause Full (System.gc()) 51M->42M(63M) 48.383ms
[2020-12-28T03:46:45.239-0500][gc,cpu         ] GC(23307) User=0.21s Sys=0.00s Real=0.05s
[2020-12-28T03:49:13.596-0500][gc,heap        ] GC(23308) Heap before GC invocations=23308 (full 5319): garbage-first heap   total 64512K, used 52567K [0x0000000083000000, 0x0000000100000000)
[2020-12-28T03:49:13.596-0500][gc,heap        ] GC(23308)   region size 1024K, 10 young (10240K), 0 survivors (0K)
[2020-12-28T03:49:13.596-0500][gc,heap        ] GC(23308)  Metaspace       used 50313K, capacity 52468K, committed 53888K, reserved 1093632K
[2020-12-28T03:49:13.596-0500][gc,heap        ] GC(23308)   class space    used 7457K, capacity 8250K, committed 8832K, reserved 1048576K
[2020-12-28T03:49:13.596-0500][gc,start       ] GC(23308) Pause Young (Normal) (G1 Evacuation Pause)
[2020-12-28T03:49:13.596-0500][gc,task        ] GC(23308) Using 8 workers of 8 for evacuation
[2020-12-28T03:49:13.599-0500][gc,phases      ] GC(23308)   Pre Evacuate Collection Set: 0.0ms
[2020-12-28T03:49:13.599-0500][gc,phases      ] GC(23308)   Evacuate Collection Set: 0.8ms
[2020-12-28T03:49:13.599-0500][gc,phases      ] GC(23308)   Post Evacuate Collection Set: 1.6ms
[2020-12-28T03:49:13.599-0500][gc,phases      ] GC(23308)   Other: 0.3ms
[2020-12-28T03:49:13.599-0500][gc,heap        ] GC(23308) Eden regions: 10->0(9)
[2020-12-28T03:49:13.599-0500][gc,heap        ] GC(23308) Survivor regions: 0->1(2)
[2020-12-28T03:49:13.599-0500][gc,heap        ] GC(23308) Old regions: 41->41
[2020-12-28T03:49:13.599-0500][gc,heap        ] GC(23308) Humongous regions: 4->4
[2020-12-28T03:49:13.599-0500][gc,metaspace   ] GC(23308) Metaspace: 50313K->50313K(1093632K)
[2020-12-28T03:49:13.599-0500][gc,heap        ] GC(23308) Heap after GC invocations=23309 (full 5319): garbage-first heap   total 64512K, used 43424K [0x0000000083000000, 0x0000000100000000)
[2020-12-28T03:49:13.599-0500][gc,heap        ] GC(23308)   region size 1024K, 1 young (1024K), 1 survivors (1024K)
[2020-12-28T03:49:13.599-0500][gc,heap        ] GC(23308)  Metaspace       used 50313K, capacity 52468K, committed 53888K, reserved 1093632K
[2020-12-28T03:49:13.599-0500][gc,heap        ] GC(23308)   class space    used 7457K, capacity 8250K, committed 8832K, reserved 1048576K
[2020-12-28T03:49:13.599-0500][gc             ] GC(23308) Pause Young (Normal) (G1 Evacuation Pause) 52M->42M(63M) 2.774ms
[2020-12-28T03:49:13.599-0500][gc,cpu         ] GC(23308) User=0.00s Sys=0.00s Real=0.01s
[2020-12-28T03:51:29.059-0500][gc,heap        ] GC(23309) Heap before GC invocations=23309 (full 5319): garbage-first heap   total 64512K, used 51616K [0x0000000083000000, 0x0000000100000000)
[2020-12-28T03:51:29.059-0500][gc,heap        ] GC(23309)   region size 1024K, 10 young (10240K), 1 survivors (1024K)
[2020-12-28T03:51:29.059-0500][gc,heap        ] GC(23309)  Metaspace       used 50313K, capacity 52468K, committed 53888K, reserved 1093632K
[2020-12-28T03:51:29.059-0500][gc,heap        ] GC(23309)   class space    used 7457K, capacity 8250K, committed 8832K, reserved 1048576K
[2020-12-28T03:51:29.059-0500][gc,start       ] GC(23309) Pause Young (Normal) (G1 Evacuation Pause)
[2020-12-28T03:51:29.059-0500][gc,task        ] GC(23309) Using 8 workers of 8 for evacuation
[2020-12-28T03:51:29.063-0500][gc,phases      ] GC(23309)   Pre Evacuate Collection Set: 0.0ms
[2020-12-28T03:51:29.063-0500][gc,phases      ] GC(23309)   Evacuate Collection Set: 1.4ms
[2020-12-28T03:51:29.063-0500][gc,phases      ] GC(23309)   Post Evacuate Collection Set: 2.0ms
[2020-12-28T03:51:29.063-0500][gc,phases      ] GC(23309)   Other: 0.5ms
[2020-12-28T03:51:29.063-0500][gc,heap        ] GC(23309) Eden regions: 9->0(9)
[2020-12-28T03:51:29.063-0500][gc,heap        ] GC(23309) Survivor regions: 1->1(2)
[2020-12-28T03:51:29.063-0500][gc,heap        ] GC(23309) Old regions: 41->41
[2020-12-28T03:51:29.063-0500][gc,heap        ] GC(23309) Humongous regions: 4->4
[2020-12-28T03:51:29.063-0500][gc,metaspace   ] GC(23309) Metaspace: 50313K->50313K(1093632K)
[2020-12-28T03:51:29.063-0500][gc,heap        ] GC(23309) Heap after GC invocations=23310 (full 5319): garbage-first heap   total 64512K, used 43415K [0x0000000083000000, 0x0000000100000000)
[2020-12-28T03:51:29.063-0500][gc,heap        ] GC(23309)   region size 1024K, 1 young (1024K), 1 survivors (1024K)
[2020-12-28T03:51:29.063-0500][gc,heap        ] GC(23309)  Metaspace       used 50313K, capacity 52468K, committed 53888K, reserved 1093632K
[2020-12-28T03:51:29.063-0500][gc,heap        ] GC(23309)   class space    used 7457K, capacity 8250K, committed 8832K, reserved 1048576K
[2020-12-28T03:51:29.064-0500][gc             ] GC(23309) Pause Young (Normal) (G1 Evacuation Pause) 51M->42M(63M) 4.033ms
[2020-12-28T03:51:29.064-0500][gc,cpu         ] GC(23309) User=0.01s Sys=0.00s Real=0.00s
[2020-12-28T03:51:45.189-0500][gc,task        ] GC(23310) Using 5 workers of 8 for full compaction
[2020-12-28T03:51:45.189-0500][gc,start       ] GC(23310) Pause Full (System.gc())
[2020-12-28T03:51:45.189-0500][gc,heap        ] GC(23310) Heap before GC invocations=23310 (full 5319): garbage-first heap   total 64512K, used 44439K [0x0000000083000000, 0x0000000100000000)
[2020-12-28T03:51:45.189-0500][gc,heap        ] GC(23310)   region size 1024K, 3 young (3072K), 1 survivors (1024K)
[2020-12-28T03:51:45.189-0500][gc,heap        ] GC(23310)  Metaspace       used 50313K, capacity 52468K, committed 53888K, reserved 1093632K
[2020-12-28T03:51:45.189-0500][gc,heap        ] GC(23310)   class space    used 7457K, capacity 8250K, committed 8832K, reserved 1048576K
[2020-12-28T03:51:45.190-0500][gc,phases,start] GC(23310) Phase 1: Mark live objects
[2020-12-28T03:51:45.228-0500][gc,stringtable ] GC(23310) Cleaned string and symbol table, strings: 33317 processed, 4 removed, symbols: 120973 processed, 0 removed
[2020-12-28T03:51:45.228-0500][gc,phases      ] GC(23310) Phase 1: Mark live objects 38.271ms
[2020-12-28T03:51:45.228-0500][gc,phases,start] GC(23310) Phase 2: Prepare for compaction
[2020-12-28T03:51:45.231-0500][gc,phases      ] GC(23310) Phase 2: Prepare for compaction 3.037ms
[2020-12-28T03:51:45.231-0500][gc,phases,start] GC(23310) Phase 3: Adjust pointers
[2020-12-28T03:51:45.240-0500][gc,phases      ] GC(23310) Phase 3: Adjust pointers 9.483ms
[2020-12-28T03:51:45.241-0500][gc,phases,start] GC(23310) Phase 4: Compact heap
[2020-12-28T03:51:45.243-0500][gc,phases      ] GC(23310) Phase 4: Compact heap 2.537ms
[2020-12-28T03:51:45.247-0500][gc,heap        ] GC(23310) Eden regions: 2->0(10)
[2020-12-28T03:51:45.247-0500][gc,heap        ] GC(23310) Survivor regions: 1->0(2)
[2020-12-28T03:51:45.247-0500][gc,heap        ] GC(23310) Old regions: 41->41
[2020-12-28T03:51:45.247-0500][gc,heap        ] GC(23310) Humongous regions: 4->4
[2020-12-28T03:51:45.247-0500][gc,metaspace   ] GC(23310) Metaspace: 50313K->50313K(1093632K)
[2020-12-28T03:51:45.247-0500][gc,heap        ] GC(23310) Heap after GC invocations=23311 (full 5320): garbage-first heap   total 64512K, used 43315K [0x0000000083000000, 0x0000000100000000)
[2020-12-28T03:51:45.247-0500][gc,heap        ] GC(23310)   region size 1024K, 0 young (0K), 0 survivors (0K)
[2020-12-28T03:51:45.247-0500][gc,heap        ] GC(23310)  Metaspace       used 50313K, capacity 52468K, committed 53888K, reserved 1093632K
[2020-12-28T03:51:45.247-0500][gc,heap        ] GC(23310)   class space    used 7457K, capacity 8250K, committed 8832K, reserved 1048576K
[2020-12-28T03:51:45.247-0500][gc             ] GC(23310) Pause Full (System.gc()) 43M->42M(63M) 57.973ms
[2020-12-28T03:51:45.247-0500][gc,cpu         ] GC(23310) User=0.26s Sys=0.00s Real=0.05s
[2020-12-28T03:54:09.067-0500][gc,heap        ] GC(23311) Heap before GC invocations=23311 (full 5320): garbage-first heap   total 64512K, used 53555K [0x0000000083000000, 0x0000000100000000)
[2020-12-28T03:54:09.067-0500][gc,heap        ] GC(23311)   region size 1024K, 10 young (10240K), 0 survivors (0K)
[2020-12-28T03:54:09.067-0500][gc,heap        ] GC(23311)  Metaspace       used 50313K, capacity 52468K, committed 53888K, reserved 1093632K
[2020-12-28T03:54:09.067-0500][gc,heap        ] GC(23311)   class space    used 7457K, capacity 8250K, committed 8832K, reserved 1048576K
[2020-12-28T03:54:09.067-0500][gc,start       ] GC(23311) Pause Young (Normal) (G1 Evacuation Pause)
[2020-12-28T03:54:09.067-0500][gc,task        ] GC(23311) Using 8 workers of 8 for evacuation
[2020-12-28T03:54:09.071-0500][gc,phases      ] GC(23311)   Pre Evacuate Collection Set: 0.0ms
[2020-12-28T03:54:09.071-0500][gc,phases      ] GC(23311)   Evacuate Collection Set: 0.9ms
[2020-12-28T03:54:09.071-0500][gc,phases      ] GC(23311)   Post Evacuate Collection Set: 3.5ms
[2020-12-28T03:54:09.071-0500][gc,phases      ] GC(23311)   Other: 0.2ms
[2020-12-28T03:54:09.071-0500][gc,heap        ] GC(23311) Eden regions: 10->0(9)
[2020-12-28T03:54:09.071-0500][gc,heap        ] GC(23311) Survivor regions: 0->1(2)
[2020-12-28T03:54:09.071-0500][gc,heap        ] GC(23311) Old regions: 41->41
[2020-12-28T03:54:09.071-0500][gc,heap        ] GC(23311) Humongous regions: 4->4
[2020-12-28T03:54:09.071-0500][gc,metaspace   ] GC(23311) Metaspace: 50313K->50313K(1093632K)
[2020-12-28T03:54:09.071-0500][gc,heap        ] GC(23311) Heap after GC invocations=23312 (full 5320): garbage-first heap   total 64512K, used 43388K [0x0000000083000000, 0x0000000100000000)
[2020-12-28T03:54:09.071-0500][gc,heap        ] GC(23311)   region size 1024K, 1 young (1024K), 1 survivors (1024K)
[2020-12-28T03:54:09.071-0500][gc,heap        ] GC(23311)  Metaspace       used 50313K, capacity 52468K, committed 53888K, reserved 1093632K
[2020-12-28T03:54:09.071-0500][gc,heap        ] GC(23311)   class space    used 7457K, capacity 8250K, committed 8832K, reserved 1048576K
[2020-12-28T03:54:09.071-0500][gc             ] GC(23311) Pause Young (Normal) (G1 Evacuation Pause) 52M->42M(63M) 4.691ms
[2020-12-28T03:54:09.071-0500][gc,cpu         ] GC(23311) User=0.00s Sys=0.00s Real=0.01s
[2020-12-28T03:56:29.064-0500][gc,heap        ] GC(23312) Heap before GC invocations=23312 (full 5320): garbage-first heap   total 64512K, used 52604K [0x0000000083000000, 0x0000000100000000)
[2020-12-28T03:56:29.064-0500][gc,heap        ] GC(23312)   region size 1024K, 10 young (10240K), 1 survivors (1024K)
[2020-12-28T03:56:29.064-0500][gc,heap        ] GC(23312)  Metaspace       used 50313K, capacity 52468K, committed 53888K, reserved 1093632K
[2020-12-28T03:56:29.064-0500][gc,heap        ] GC(23312)   class space    used 7457K, capacity 8250K, committed 8832K, reserved 1048576K
[2020-12-28T03:56:29.064-0500][gc,start       ] GC(23312) Pause Young (Normal) (G1 Evacuation Pause)
[2020-12-28T03:56:29.064-0500][gc,task        ] GC(23312) Using 8 workers of 8 for evacuation
[2020-12-28T03:56:29.070-0500][gc,phases      ] GC(23312)   Pre Evacuate Collection Set: 0.0ms
[2020-12-28T03:56:29.070-0500][gc,phases      ] GC(23312)   Evacuate Collection Set: 1.6ms
[2020-12-28T03:56:29.070-0500][gc,phases      ] GC(23312)   Post Evacuate Collection Set: 4.3ms
[2020-12-28T03:56:29.070-0500][gc,phases      ] GC(23312)   Other: 0.3ms
[2020-12-28T03:56:29.070-0500][gc,heap        ] GC(23312) Eden regions: 9->0(9)
[2020-12-28T03:56:29.070-0500][gc,heap        ] GC(23312) Survivor regions: 1->1(2)
[2020-12-28T03:56:29.070-0500][gc,heap        ] GC(23312) Old regions: 41->41
[2020-12-28T03:56:29.070-0500][gc,heap        ] GC(23312) Humongous regions: 4->4
[2020-12-28T03:56:29.070-0500][gc,metaspace   ] GC(23312) Metaspace: 50313K->50313K(1093632K)
[2020-12-28T03:56:29.070-0500][gc,heap        ] GC(23312) Heap after GC invocations=23313 (full 5320): garbage-first heap   total 64512K, used 43375K [0x0000000083000000, 0x0000000100000000)
[2020-12-28T03:56:29.070-0500][gc,heap        ] GC(23312)   region size 1024K, 1 young (1024K), 1 survivors (1024K)
[2020-12-28T03:56:29.070-0500][gc,heap        ] GC(23312)  Metaspace       used 50313K, capacity 52468K, committed 53888K, reserved 1093632K
[2020-12-28T03:56:29.070-0500][gc,heap        ] GC(23312)   class space    used 7457K, capacity 8250K, committed 8832K, reserved 1048576K
[2020-12-28T03:56:29.070-0500][gc             ] GC(23312) Pause Young (Normal) (G1 Evacuation Pause) 51M->42M(63M) 6.268ms
[2020-12-28T03:56:29.070-0500][gc,cpu         ] GC(23312) User=0.02s Sys=0.00s Real=0.01s
[2020-12-28T03:56:45.192-0500][gc,task        ] GC(23313) Using 5 workers of 8 for full compaction
[2020-12-28T03:56:45.192-0500][gc,start       ] GC(23313) Pause Full (System.gc())
[2020-12-28T03:56:45.192-0500][gc,heap        ] GC(23313) Heap before GC invocations=23313 (full 5320): garbage-first heap   total 64512K, used 43375K [0x0000000083000000, 0x0000000100000000)
[2020-12-28T03:56:45.192-0500][gc,heap        ] GC(23313)   region size 1024K, 2 young (2048K), 1 survivors (1024K)
[2020-12-28T03:56:45.192-0500][gc,heap        ] GC(23313)  Metaspace       used 50313K, capacity 52468K, committed 53888K, reserved 1093632K
[2020-12-28T03:56:45.192-0500][gc,heap        ] GC(23313)   class space    used 7457K, capacity 8250K, committed 8832K, reserved 1048576K
[2020-12-28T03:56:45.192-0500][gc,phases,start] GC(23313) Phase 1: Mark live objects
[2020-12-28T03:56:45.216-0500][gc,stringtable ] GC(23313) Cleaned string and symbol table, strings: 33317 processed, 4 removed, symbols: 120973 processed, 0 removed
[2020-12-28T03:56:45.216-0500][gc,phases      ] GC(23313) Phase 1: Mark live objects 24.552ms
[2020-12-28T03:56:45.217-0500][gc,phases,start] GC(23313) Phase 2: Prepare for compaction
[2020-12-28T03:56:45.220-0500][gc,phases      ] GC(23313) Phase 2: Prepare for compaction 3.863ms
[2020-12-28T03:56:45.220-0500][gc,phases,start] GC(23313) Phase 3: Adjust pointers
[2020-12-28T03:56:45.229-0500][gc,phases      ] GC(23313) Phase 3: Adjust pointers 8.885ms
[2020-12-28T03:56:45.229-0500][gc,phases,start] GC(23313) Phase 4: Compact heap
[2020-12-28T03:56:45.232-0500][gc,phases      ] GC(23313) Phase 4: Compact heap 2.399ms
[2020-12-28T03:56:45.236-0500][gc,heap        ] GC(23313) Eden regions: 1->0(10)
[2020-12-28T03:56:45.236-0500][gc,heap        ] GC(23313) Survivor regions: 1->0(2)
[2020-12-28T03:56:45.236-0500][gc,heap        ] GC(23313) Old regions: 41->41
[2020-12-28T03:56:45.236-0500][gc,heap        ] GC(23313) Humongous regions: 4->4
[2020-12-28T03:56:45.236-0500][gc,metaspace   ] GC(23313) Metaspace: 50313K->50313K(1093632K)
[2020-12-28T03:56:45.236-0500][gc,heap        ] GC(23313) Heap after GC invocations=23314 (full 5321): garbage-first heap   total 64512K, used 43313K [0x0000000083000000, 0x0000000100000000)
[2020-12-28T03:56:45.236-0500][gc,heap        ] GC(23313)   region size 1024K, 0 young (0K), 0 survivors (0K)
[2020-12-28T03:56:45.236-0500][gc,heap        ] GC(23313)  Metaspace       used 50313K, capacity 52468K, committed 53888K, reserved 1093632K
[2020-12-28T03:56:45.236-0500][gc,heap        ] GC(23313)   class space    used 7457K, capacity 8250K, committed 8832K, reserved 1048576K
[2020-12-28T03:56:45.236-0500][gc             ] GC(23313) Pause Full (System.gc()) 43M->42M(63M) 44.559ms
[2020-12-28T03:56:45.236-0500][gc,cpu         ] GC(23313) User=0.15s Sys=0.00s Real=0.04s
[2020-12-28T03:59:19.060-0500][gc,heap        ] GC(23314) Heap before GC invocations=23314 (full 5321): garbage-first heap   total 64512K, used 53553K [0x0000000083000000, 0x0000000100000000)
[2020-12-28T03:59:19.060-0500][gc,heap        ] GC(23314)   region size 1024K, 10 young (10240K), 0 survivors (0K)
[2020-12-28T03:59:19.060-0500][gc,heap        ] GC(23314)  Metaspace       used 50313K, capacity 52468K, committed 53888K, reserved 1093632K
[2020-12-28T03:59:19.060-0500][gc,heap        ] GC(23314)   class space    used 7457K, capacity 8250K, committed 8832K, reserved 1048576K
[2020-12-28T03:59:19.060-0500][gc,start       ] GC(23314) Pause Young (Normal) (G1 Evacuation Pause)
[2020-12-28T03:59:19.060-0500][gc,task        ] GC(23314) Using 8 workers of 8 for evacuation
[2020-12-28T03:59:19.064-0500][gc,phases      ] GC(23314)   Pre Evacuate Collection Set: 0.0ms
[2020-12-28T03:59:19.064-0500][gc,phases      ] GC(23314)   Evacuate Collection Set: 1.6ms
[2020-12-28T03:59:19.064-0500][gc,phases      ] GC(23314)   Post Evacuate Collection Set: 2.4ms
[2020-12-28T03:59:19.064-0500][gc,phases      ] GC(23314)   Other: 0.4ms
[2020-12-28T03:59:19.064-0500][gc,heap        ] GC(23314) Eden regions: 10->0(9)
[2020-12-28T03:59:19.064-0500][gc,heap        ] GC(23314) Survivor regions: 0->1(2)
[2020-12-28T03:59:19.064-0500][gc,heap        ] GC(23314) Old regions: 41->41
[2020-12-28T03:59:19.064-0500][gc,heap        ] GC(23314) Humongous regions: 4->4
[2020-12-28T03:59:19.064-0500][gc,metaspace   ] GC(23314) Metaspace: 50313K->50313K(1093632K)
[2020-12-28T03:59:19.064-0500][gc,heap        ] GC(23314) Heap after GC invocations=23315 (full 5321): garbage-first heap   total 64512K, used 43385K [0x0000000083000000, 0x0000000100000000)
[2020-12-28T03:59:19.064-0500][gc,heap        ] GC(23314)   region size 1024K, 1 young (1024K), 1 survivors (1024K)
[2020-12-28T03:59:19.064-0500][gc,heap        ] GC(23314)  Metaspace       used 50313K, capacity 52468K, committed 53888K, reserved 1093632K
[2020-12-28T03:59:19.065-0500][gc,heap        ] GC(23314)   class space    used 7457K, capacity 8250K, committed 8832K, reserved 1048576K
[2020-12-28T03:59:19.065-0500][gc             ] GC(23314) Pause Young (Normal) (G1 Evacuation Pause) 52M->42M(63M) 4.629ms
[2020-12-28T03:59:19.065-0500][gc,cpu         ] GC(23314) User=0.01s Sys=0.01s Real=0.00s
[2020-12-28T04:01:39.060-0500][gc,heap        ] GC(23315) Heap before GC invocations=23315 (full 5321): garbage-first heap   total 64512K, used 51577K [0x0000000083000000, 0x0000000100000000)
[2020-12-28T04:01:39.060-0500][gc,heap        ] GC(23315)   region size 1024K, 10 young (10240K), 1 survivors (1024K)
[2020-12-28T04:01:39.060-0500][gc,heap        ] GC(23315)  Metaspace       used 50313K, capacity 52468K, committed 53888K, reserved 1093632K
[2020-12-28T04:01:39.060-0500][gc,heap        ] GC(23315)   class space    used 7457K, capacity 8250K, committed 8832K, reserved 1048576K
[2020-12-28T04:01:39.060-0500][gc,start       ] GC(23315) Pause Young (Normal) (G1 Evacuation Pause)
[2020-12-28T04:01:39.060-0500][gc,task        ] GC(23315) Using 8 workers of 8 for evacuation
[2020-12-28T04:01:39.065-0500][gc,phases      ] GC(23315)   Pre Evacuate Collection Set: 0.0ms
[2020-12-28T04:01:39.065-0500][gc,phases      ] GC(23315)   Evacuate Collection Set: 1.8ms
[2020-12-28T04:01:39.065-0500][gc,phases      ] GC(23315)   Post Evacuate Collection Set: 2.3ms
[2020-12-28T04:01:39.065-0500][gc,phases      ] GC(23315)   Other: 0.5ms
[2020-12-28T04:01:39.065-0500][gc,heap        ] GC(23315) Eden regions: 9->0(9)
[2020-12-28T04:01:39.065-0500][gc,heap        ] GC(23315) Survivor regions: 1->1(2)
[2020-12-28T04:01:39.065-0500][gc,heap        ] GC(23315) Old regions: 41->41
[2020-12-28T04:01:39.065-0500][gc,heap        ] GC(23315) Humongous regions: 4->4
[2020-12-28T04:01:39.065-0500][gc,metaspace   ] GC(23315) Metaspace: 50313K->50313K(1093632K)
[2020-12-28T04:01:39.065-0500][gc,heap        ] GC(23315) Heap after GC invocations=23316 (full 5321): garbage-first heap   total 64512K, used 43373K [0x0000000083000000, 0x0000000100000000)
[2020-12-28T04:01:39.065-0500][gc,heap        ] GC(23315)   region size 1024K, 1 young (1024K), 1 survivors (1024K)
[2020-12-28T04:01:39.065-0500][gc,heap        ] GC(23315)  Metaspace       used 50313K, capacity 52468K, committed 53888K, reserved 1093632K
[2020-12-28T04:01:39.065-0500][gc,heap        ] GC(23315)   class space    used 7457K, capacity 8250K, committed 8832K, reserved 1048576K
[2020-12-28T04:01:39.065-0500][gc             ] GC(23315) Pause Young (Normal) (G1 Evacuation Pause) 51M->42M(63M) 4.684ms
[2020-12-28T04:01:39.065-0500][gc,cpu         ] GC(23315) User=0.00s Sys=0.01s Real=0.00s
[2020-12-28T04:01:45.191-0500][gc,task        ] GC(23316) Using 5 workers of 8 for full compaction
[2020-12-28T04:01:45.191-0500][gc,start       ] GC(23316) Pause Full (System.gc())
[2020-12-28T04:01:45.191-0500][gc,heap        ] GC(23316) Heap before GC invocations=23316 (full 5321): garbage-first heap   total 64512K, used 43373K [0x0000000083000000, 0x0000000100000000)
[2020-12-28T04:01:45.191-0500][gc,heap        ] GC(23316)   region size 1024K, 2 young (2048K), 1 survivors (1024K)
[2020-12-28T04:01:45.191-0500][gc,heap        ] GC(23316)  Metaspace       used 50313K, capacity 52468K, committed 53888K, reserved 1093632K
[2020-12-28T04:01:45.191-0500][gc,heap        ] GC(23316)   class space    used 7457K, capacity 8250K, committed 8832K, reserved 1048576K
[2020-12-28T04:01:45.191-0500][gc,phases,start] GC(23316) Phase 1: Mark live objects
[2020-12-28T04:01:45.234-0500][gc,stringtable ] GC(23316) Cleaned string and symbol table, strings: 33317 processed, 4 removed, symbols: 120973 processed, 0 removed
[2020-12-28T04:01:45.234-0500][gc,phases      ] GC(23316) Phase 1: Mark live objects 43.064ms
[2020-12-28T04:01:45.234-0500][gc,phases,start] GC(23316) Phase 2: Prepare for compaction
[2020-12-28T04:01:45.238-0500][gc,phases      ] GC(23316) Phase 2: Prepare for compaction 3.635ms
[2020-12-28T04:01:45.238-0500][gc,phases,start] GC(23316) Phase 3: Adjust pointers
[2020-12-28T04:01:45.247-0500][gc,phases      ] GC(23316) Phase 3: Adjust pointers 8.969ms
[2020-12-28T04:01:45.247-0500][gc,phases,start] GC(23316) Phase 4: Compact heap
[2020-12-28T04:01:45.250-0500][gc,phases      ] GC(23316) Phase 4: Compact heap 2.324ms
[2020-12-28T04:01:45.254-0500][gc,heap        ] GC(23316) Eden regions: 1->0(9)
[2020-12-28T04:01:45.254-0500][gc,heap        ] GC(23316) Survivor regions: 1->0(2)
[2020-12-28T04:01:45.254-0500][gc,heap        ] GC(23316) Old regions: 41->42
[2020-12-28T04:01:45.254-0500][gc,heap        ] GC(23316) Humongous regions: 4->4
[2020-12-28T04:01:45.254-0500][gc,metaspace   ] GC(23316) Metaspace: 50313K->50313K(1093632K)
[2020-12-28T04:01:45.254-0500][gc,heap        ] GC(23316) Heap after GC invocations=23317 (full 5322): garbage-first heap   total 64512K, used 43312K [0x0000000083000000, 0x0000000100000000)
[2020-12-28T04:01:45.254-0500][gc,heap        ] GC(23316)   region size 1024K, 0 young (0K), 0 survivors (0K)
[2020-12-28T04:01:45.254-0500][gc,heap        ] GC(23316)  Metaspace       used 50313K, capacity 52468K, committed 53888K, reserved 1093632K
[2020-12-28T04:01:45.254-0500][gc,heap        ] GC(23316)   class space    used 7457K, capacity 8250K, committed 8832K, reserved 1048576K
[2020-12-28T04:01:45.254-0500][gc             ] GC(23316) Pause Full (System.gc()) 43M->42M(63M) 62.964ms
[2020-12-28T04:01:45.254-0500][gc,cpu         ] GC(23316) User=0.28s Sys=0.00s Real=0.06s
[2020-12-28T04:03:59.061-0500][gc,heap        ] GC(23317) Heap before GC invocations=23317 (full 5322): garbage-first heap   total 64512K, used 51504K [0x0000000083000000, 0x0000000100000000)
[2020-12-28T04:03:59.061-0500][gc,heap        ] GC(23317)   region size 1024K, 9 young (9216K), 0 survivors (0K)
[2020-12-28T04:03:59.061-0500][gc,heap        ] GC(23317)  Metaspace       used 50313K, capacity 52468K, committed 53888K, reserved 1093632K
[2020-12-28T04:03:59.061-0500][gc,heap        ] GC(23317)   class space    used 7457K, capacity 8250K, committed 8832K, reserved 1048576K
[2020-12-28T04:03:59.061-0500][gc,start       ] GC(23317) Pause Young (Normal) (G1 Evacuation Pause)
[2020-12-28T04:03:59.061-0500][gc,task        ] GC(23317) Using 8 workers of 8 for evacuation
[2020-12-28T04:03:59.062-0500][gc,phases      ] GC(23317)   Pre Evacuate Collection Set: 0.0ms
[2020-12-28T04:03:59.063-0500][gc,phases      ] GC(23317)   Evacuate Collection Set: 0.7ms
[2020-12-28T04:03:59.063-0500][gc,phases      ] GC(23317)   Post Evacuate Collection Set: 1.0ms
[2020-12-28T04:03:59.063-0500][gc,phases      ] GC(23317)   Other: 0.2ms
[2020-12-28T04:03:59.063-0500][gc,heap        ] GC(23317) Eden regions: 9->0(8)
[2020-12-28T04:03:59.063-0500][gc,heap        ] GC(23317) Survivor regions: 0->1(2)
[2020-12-28T04:03:59.063-0500][gc,heap        ] GC(23317) Old regions: 42->42
[2020-12-28T04:03:59.063-0500][gc,heap        ] GC(23317) Humongous regions: 4->4
[2020-12-28T04:03:59.063-0500][gc,metaspace   ] GC(23317) Metaspace: 50313K->50313K(1093632K)
[2020-12-28T04:03:59.063-0500][gc,heap        ] GC(23317) Heap after GC invocations=23318 (full 5322): garbage-first heap   total 64512K, used 43392K [0x0000000083000000, 0x0000000100000000)
[2020-12-28T04:03:59.063-0500][gc,heap        ] GC(23317)   region size 1024K, 1 young (1024K), 1 survivors (1024K)
[2020-12-28T04:03:59.063-0500][gc,heap        ] GC(23317)  Metaspace       used 50313K, capacity 52468K, committed 53888K, reserved 1093632K
[2020-12-28T04:03:59.063-0500][gc,heap        ] GC(23317)   class space    used 7457K, capacity 8250K, committed 8832K, reserved 1048576K
[2020-12-28T04:03:59.063-0500][gc             ] GC(23317) Pause Young (Normal) (G1 Evacuation Pause) 51M->42M(63M) 1.973ms
[2020-12-28T04:03:59.063-0500][gc,cpu         ] GC(23317) User=0.00s Sys=0.00s Real=0.00s
[2020-12-28T04:05:59.068-0500][gc,heap        ] GC(23318) Heap before GC invocations=23318 (full 5322): garbage-first heap   total 64512K, used 50560K [0x0000000083000000, 0x0000000100000000)
[2020-12-28T04:05:59.068-0500][gc,heap        ] GC(23318)   region size 1024K, 9 young (9216K), 1 survivors (1024K)
[2020-12-28T04:05:59.068-0500][gc,heap        ] GC(23318)  Metaspace       used 50313K, capacity 52468K, committed 53888K, reserved 1093632K
[2020-12-28T04:05:59.068-0500][gc,heap        ] GC(23318)   class space    used 7457K, capacity 8250K, committed 8832K, reserved 1048576K
[2020-12-28T04:05:59.068-0500][gc,start       ] GC(23318) Pause Young (Normal) (G1 Evacuation Pause)
[2020-12-28T04:05:59.068-0500][gc,task        ] GC(23318) Using 8 workers of 8 for evacuation
[2020-12-28T04:05:59.072-0500][gc,phases      ] GC(23318)   Pre Evacuate Collection Set: 0.0ms
[2020-12-28T04:05:59.072-0500][gc,phases      ] GC(23318)   Evacuate Collection Set: 1.6ms
[2020-12-28T04:05:59.072-0500][gc,phases      ] GC(23318)   Post Evacuate Collection Set: 2.5ms
[2020-12-28T04:05:59.072-0500][gc,phases      ] GC(23318)   Other: 0.6ms
[2020-12-28T04:05:59.072-0500][gc,heap        ] GC(23318) Eden regions: 8->0(8)
[2020-12-28T04:05:59.072-0500][gc,heap        ] GC(23318) Survivor regions: 1->1(2)
[2020-12-28T04:05:59.073-0500][gc,heap        ] GC(23318) Old regions: 42->42
[2020-12-28T04:05:59.073-0500][gc,heap        ] GC(23318) Humongous regions: 4->4
[2020-12-28T04:05:59.073-0500][gc,metaspace   ] GC(23318) Metaspace: 50313K->50313K(1093632K)
[2020-12-28T04:05:59.073-0500][gc,heap        ] GC(23318) Heap after GC invocations=23319 (full 5322): garbage-first heap   total 64512K, used 43362K [0x0000000083000000, 0x0000000100000000)
[2020-12-28T04:05:59.073-0500][gc,heap        ] GC(23318)   region size 1024K, 1 young (1024K), 1 survivors (1024K)
[2020-12-28T04:05:59.073-0500][gc,heap        ] GC(23318)  Metaspace       used 50313K, capacity 52468K, committed 53888K, reserved 1093632K
[2020-12-28T04:05:59.073-0500][gc,heap        ] GC(23318)   class space    used 7457K, capacity 8250K, committed 8832K, reserved 1048576K
[2020-12-28T04:05:59.073-0500][gc             ] GC(23318) Pause Young (Normal) (G1 Evacuation Pause) 50M->42M(63M) 4.863ms
[2020-12-28T04:05:59.073-0500][gc,cpu         ] GC(23318) User=0.01s Sys=0.01s Real=0.00s
[2020-12-28T04:06:45.193-0500][gc,task        ] GC(23319) Using 5 workers of 8 for full compaction
[2020-12-28T04:06:45.193-0500][gc,start       ] GC(23319) Pause Full (System.gc())
[2020-12-28T04:06:45.193-0500][gc,heap        ] GC(23319) Heap before GC invocations=23319 (full 5322): garbage-first heap   total 64512K, used 46434K [0x0000000083000000, 0x0000000100000000)
[2020-12-28T04:06:45.193-0500][gc,heap        ] GC(23319)   region size 1024K, 5 young (5120K), 1 survivors (1024K)
[2020-12-28T04:06:45.193-0500][gc,heap        ] GC(23319)  Metaspace       used 50313K, capacity 52468K, committed 53888K, reserved 1093632K
[2020-12-28T04:06:45.193-0500][gc,heap        ] GC(23319)   class space    used 7457K, capacity 8250K, committed 8832K, reserved 1048576K
[2020-12-28T04:06:45.194-0500][gc,phases,start] GC(23319) Phase 1: Mark live objects
[2020-12-28T04:06:45.242-0500][gc,stringtable ] GC(23319) Cleaned string and symbol table, strings: 33317 processed, 4 removed, symbols: 120973 processed, 0 removed
[2020-12-28T04:06:45.243-0500][gc,phases      ] GC(23319) Phase 1: Mark live objects 48.947ms
[2020-12-28T04:06:45.243-0500][gc,phases,start] GC(23319) Phase 2: Prepare for compaction
[2020-12-28T04:06:45.247-0500][gc,phases      ] GC(23319) Phase 2: Prepare for compaction 4.193ms
[2020-12-28T04:06:45.247-0500][gc,phases,start] GC(23319) Phase 3: Adjust pointers
[2020-12-28T04:06:45.257-0500][gc,phases      ] GC(23319) Phase 3: Adjust pointers 10.516ms
[2020-12-28T04:06:45.257-0500][gc,phases,start] GC(23319) Phase 4: Compact heap
[2020-12-28T04:06:45.260-0500][gc,phases      ] GC(23319) Phase 4: Compact heap 2.540ms
[2020-12-28T04:06:45.265-0500][gc,heap        ] GC(23319) Eden regions: 4->0(10)
[2020-12-28T04:06:45.265-0500][gc,heap        ] GC(23319) Survivor regions: 1->0(2)
[2020-12-28T04:06:45.265-0500][gc,heap        ] GC(23319) Old regions: 42->41
[2020-12-28T04:06:45.265-0500][gc,heap        ] GC(23319) Humongous regions: 4->4
[2020-12-28T04:06:45.265-0500][gc,metaspace   ] GC(23319) Metaspace: 50313K->50313K(1093632K)
[2020-12-28T04:06:45.265-0500][gc,heap        ] GC(23319) Heap after GC invocations=23320 (full 5323): garbage-first heap   total 64512K, used 43330K [0x0000000083000000, 0x0000000100000000)
[2020-12-28T04:06:45.265-0500][gc,heap        ] GC(23319)   region size 1024K, 0 young (0K), 0 survivors (0K)
[2020-12-28T04:06:45.265-0500][gc,heap        ] GC(23319)  Metaspace       used 50313K, capacity 52468K, committed 53888K, reserved 1093632K
[2020-12-28T04:06:45.265-0500][gc,heap        ] GC(23319)   class space    used 7457K, capacity 8250K, committed 8832K, reserved 1048576K
[2020-12-28T04:06:45.265-0500][gc             ] GC(23319) Pause Full (System.gc()) 45M->42M(63M) 72.369ms
[2020-12-28T04:06:45.265-0500][gc,cpu         ] GC(23319) User=0.32s Sys=0.00s Real=0.07s
[2020-12-28T04:09:09.061-0500][gc,heap        ] GC(23320) Heap before GC invocations=23320 (full 5323): garbage-first heap   total 64512K, used 53570K [0x0000000083000000, 0x0000000100000000)
[2020-12-28T04:09:09.061-0500][gc,heap        ] GC(23320)   region size 1024K, 10 young (10240K), 0 survivors (0K)
[2020-12-28T04:09:09.061-0500][gc,heap        ] GC(23320)  Metaspace       used 50313K, capacity 52468K, committed 53888K, reserved 1093632K
[2020-12-28T04:09:09.061-0500][gc,heap        ] GC(23320)   class space    used 7457K, capacity 8250K, committed 8832K, reserved 1048576K
[2020-12-28T04:09:09.061-0500][gc,start       ] GC(23320) Pause Young (Normal) (G1 Evacuation Pause)
[2020-12-28T04:09:09.061-0500][gc,task        ] GC(23320) Using 8 workers of 8 for evacuation
[2020-12-28T04:09:09.068-0500][gc,phases      ] GC(23320)   Pre Evacuate Collection Set: 0.0ms
[2020-12-28T04:09:09.068-0500][gc,phases      ] GC(23320)   Evacuate Collection Set: 1.4ms
[2020-12-28T04:09:09.068-0500][gc,phases      ] GC(23320)   Post Evacuate Collection Set: 5.6ms
[2020-12-28T04:09:09.068-0500][gc,phases      ] GC(23320)   Other: 0.5ms
[2020-12-28T04:09:09.068-0500][gc,heap        ] GC(23320) Eden regions: 10->0(9)
[2020-12-28T04:09:09.068-0500][gc,heap        ] GC(23320) Survivor regions: 0->1(2)
[2020-12-28T04:09:09.068-0500][gc,heap        ] GC(23320) Old regions: 41->41
[2020-12-28T04:09:09.068-0500][gc,heap        ] GC(23320) Humongous regions: 4->4
[2020-12-28T04:09:09.068-0500][gc,metaspace   ] GC(23320) Metaspace: 50313K->50313K(1093632K)
[2020-12-28T04:09:09.068-0500][gc,heap        ] GC(23320) Heap after GC invocations=23321 (full 5323): garbage-first heap   total 64512K, used 43430K [0x0000000083000000, 0x0000000100000000)
[2020-12-28T04:09:09.068-0500][gc,heap        ] GC(23320)   region size 1024K, 1 young (1024K), 1 survivors (1024K)
[2020-12-28T04:09:09.068-0500][gc,heap        ] GC(23320)  Metaspace       used 50313K, capacity 52468K, committed 53888K, reserved 1093632K
[2020-12-28T04:09:09.068-0500][gc,heap        ] GC(23320)   class space    used 7457K, capacity 8250K, committed 8832K, reserved 1048576K
[2020-12-28T04:09:09.068-0500][gc             ] GC(23320) Pause Young (Normal) (G1 Evacuation Pause) 52M->42M(63M) 7.678ms
[2020-12-28T04:09:09.069-0500][gc,cpu         ] GC(23320) User=0.03s Sys=0.01s Real=0.01s
[2020-12-28T04:11:14.260-0500][gc,heap        ] GC(23321) Heap before GC invocations=23321 (full 5323): garbage-first heap   total 64512K, used 51622K [0x0000000083000000, 0x0000000100000000)
[2020-12-28T04:11:14.260-0500][gc,heap        ] GC(23321)   region size 1024K, 10 young (10240K), 1 survivors (1024K)
[2020-12-28T04:11:14.260-0500][gc,heap        ] GC(23321)  Metaspace       used 50313K, capacity 52468K, committed 53888K, reserved 1093632K
[2020-12-28T04:11:14.260-0500][gc,heap        ] GC(23321)   class space    used 7457K, capacity 8250K, committed 8832K, reserved 1048576K
[2020-12-28T04:11:14.260-0500][gc,start       ] GC(23321) Pause Young (Normal) (G1 Evacuation Pause)
[2020-12-28T04:11:14.260-0500][gc,task        ] GC(23321) Using 8 workers of 8 for evacuation
[2020-12-28T04:11:14.267-0500][gc,phases      ] GC(23321)   Pre Evacuate Collection Set: 0.0ms
[2020-12-28T04:11:14.267-0500][gc,phases      ] GC(23321)   Evacuate Collection Set: 1.3ms
[2020-12-28T04:11:14.267-0500][gc,phases      ] GC(23321)   Post Evacuate Collection Set: 5.2ms
[2020-12-28T04:11:14.267-0500][gc,phases      ] GC(23321)   Other: 0.4ms
[2020-12-28T04:11:14.267-0500][gc,heap        ] GC(23321) Eden regions: 9->0(9)
[2020-12-28T04:11:14.267-0500][gc,heap        ] GC(23321) Survivor regions: 1->1(2)
[2020-12-28T04:11:14.267-0500][gc,heap        ] GC(23321) Old regions: 41->41
[2020-12-28T04:11:14.267-0500][gc,heap        ] GC(23321) Humongous regions: 4->4
[2020-12-28T04:11:14.267-0500][gc,metaspace   ] GC(23321) Metaspace: 50313K->50313K(1093632K)
[2020-12-28T04:11:14.267-0500][gc,heap        ] GC(23321) Heap after GC invocations=23322 (full 5323): garbage-first heap   total 64512K, used 43401K [0x0000000083000000, 0x0000000100000000)
[2020-12-28T04:11:14.267-0500][gc,heap        ] GC(23321)   region size 1024K, 1 young (1024K), 1 survivors (1024K)
[2020-12-28T04:11:14.267-0500][gc,heap        ] GC(23321)  Metaspace       used 50313K, capacity 52468K, committed 53888K, reserved 1093632K
[2020-12-28T04:11:14.267-0500][gc,heap        ] GC(23321)   class space    used 7457K, capacity 8250K, committed 8832K, reserved 1048576K
[2020-12-28T04:11:14.267-0500][gc             ] GC(23321) Pause Young (Normal) (G1 Evacuation Pause) 51M->42M(63M) 7.037ms
[2020-12-28T04:11:14.267-0500][gc,cpu         ] GC(23321) User=0.03s Sys=0.00s Real=0.00s
[2020-12-28T04:11:45.191-0500][gc,task        ] GC(23322) Using 5 workers of 8 for full compaction
[2020-12-28T04:11:45.191-0500][gc,start       ] GC(23322) Pause Full (System.gc())
[2020-12-28T04:11:45.191-0500][gc,heap        ] GC(23322) Heap before GC invocations=23322 (full 5323): garbage-first heap   total 64512K, used 45449K [0x0000000083000000, 0x0000000100000000)
[2020-12-28T04:11:45.191-0500][gc,heap        ] GC(23322)   region size 1024K, 4 young (4096K), 1 survivors (1024K)
[2020-12-28T04:11:45.191-0500][gc,heap        ] GC(23322)  Metaspace       used 50313K, capacity 52468K, committed 53888K, reserved 1093632K
[2020-12-28T04:11:45.191-0500][gc,heap        ] GC(23322)   class space    used 7457K, capacity 8250K, committed 8832K, reserved 1048576K
[2020-12-28T04:11:45.191-0500][gc,phases,start] GC(23322) Phase 1: Mark live objects
[2020-12-28T04:11:45.223-0500][gc,stringtable ] GC(23322) Cleaned string and symbol table, strings: 33317 processed, 4 removed, symbols: 120973 processed, 0 removed
[2020-12-28T04:11:45.223-0500][gc,phases      ] GC(23322) Phase 1: Mark live objects 31.864ms
[2020-12-28T04:11:45.223-0500][gc,phases,start] GC(23322) Phase 2: Prepare for compaction
[2020-12-28T04:11:45.230-0500][gc,phases      ] GC(23322) Phase 2: Prepare for compaction 6.328ms
[2020-12-28T04:11:45.230-0500][gc,phases,start] GC(23322) Phase 3: Adjust pointers
[2020-12-28T04:11:45.241-0500][gc,phases      ] GC(23322) Phase 3: Adjust pointers 11.695ms
[2020-12-28T04:11:45.241-0500][gc,phases,start] GC(23322) Phase 4: Compact heap
[2020-12-28T04:11:45.244-0500][gc,phases      ] GC(23322) Phase 4: Compact heap 2.491ms
[2020-12-28T04:11:45.248-0500][gc,heap        ] GC(23322) Eden regions: 3->0(10)
[2020-12-28T04:11:45.248-0500][gc,heap        ] GC(23322) Survivor regions: 1->0(2)
[2020-12-28T04:11:45.248-0500][gc,heap        ] GC(23322) Old regions: 41->41
[2020-12-28T04:11:45.248-0500][gc,heap        ] GC(23322) Humongous regions: 4->4
[2020-12-28T04:11:45.248-0500][gc,metaspace   ] GC(23322) Metaspace: 50313K->50313K(1093632K)
[2020-12-28T04:11:45.248-0500][gc,heap        ] GC(23322) Heap after GC invocations=23323 (full 5324): garbage-first heap   total 64512K, used 43317K [0x0000000083000000, 0x0000000100000000)
[2020-12-28T04:11:45.248-0500][gc,heap        ] GC(23322)   region size 1024K, 0 young (0K), 0 survivors (0K)
[2020-12-28T04:11:45.248-0500][gc,heap        ] GC(23322)  Metaspace       used 50313K, capacity 52468K, committed 53888K, reserved 1093632K
[2020-12-28T04:11:45.248-0500][gc,heap        ] GC(23322)   class space    used 7457K, capacity 8250K, committed 8832K, reserved 1048576K
[2020-12-28T04:11:45.248-0500][gc             ] GC(23322) Pause Full (System.gc()) 44M->42M(63M) 57.341ms
[2020-12-28T04:11:45.248-0500][gc,cpu         ] GC(23322) User=0.26s Sys=0.00s Real=0.06s
[2020-12-28T04:14:19.060-0500][gc,heap        ] GC(23323) Heap before GC invocations=23323 (full 5324): garbage-first heap   total 64512K, used 53557K [0x0000000083000000, 0x0000000100000000)
[2020-12-28T04:14:19.060-0500][gc,heap        ] GC(23323)   region size 1024K, 10 young (10240K), 0 survivors (0K)
[2020-12-28T04:14:19.060-0500][gc,heap        ] GC(23323)  Metaspace       used 50313K, capacity 52468K, committed 53888K, reserved 1093632K
[2020-12-28T04:14:19.060-0500][gc,heap        ] GC(23323)   class space    used 7457K, capacity 8250K, committed 8832K, reserved 1048576K
[2020-12-28T04:14:19.060-0500][gc,start       ] GC(23323) Pause Young (Normal) (G1 Evacuation Pause)
[2020-12-28T04:14:19.060-0500][gc,task        ] GC(23323) Using 8 workers of 8 for evacuation
[2020-12-28T04:14:19.078-0500][gc,phases      ] GC(23323)   Pre Evacuate Collection Set: 0.0ms
[2020-12-28T04:14:19.078-0500][gc,phases      ] GC(23323)   Evacuate Collection Set: 2.2ms
[2020-12-28T04:14:19.078-0500][gc,phases      ] GC(23323)   Post Evacuate Collection Set: 15.0ms
[2020-12-28T04:14:19.078-0500][gc,phases      ] GC(23323)   Other: 0.5ms
[2020-12-28T04:14:19.078-0500][gc,heap        ] GC(23323) Eden regions: 10->0(9)
[2020-12-28T04:14:19.078-0500][gc,heap        ] GC(23323) Survivor regions: 0->1(2)
[2020-12-28T04:14:19.078-0500][gc,heap        ] GC(23323) Old regions: 41->41
[2020-12-28T04:14:19.078-0500][gc,heap        ] GC(23323) Humongous regions: 4->4
[2020-12-28T04:14:19.078-0500][gc,metaspace   ] GC(23323) Metaspace: 50313K->50313K(1093632K)
[2020-12-28T04:14:19.078-0500][gc,heap        ] GC(23323) Heap after GC invocations=23324 (full 5324): garbage-first heap   total 64512K, used 43404K [0x0000000083000000, 0x0000000100000000)
[2020-12-28T04:14:19.078-0500][gc,heap        ] GC(23323)   region size 1024K, 1 young (1024K), 1 survivors (1024K)
[2020-12-28T04:14:19.078-0500][gc,heap        ] GC(23323)  Metaspace       used 50313K, capacity 52468K, committed 53888K, reserved 1093632K
[2020-12-28T04:14:19.078-0500][gc,heap        ] GC(23323)   class space    used 7457K, capacity 8250K, committed 8832K, reserved 1048576K
[2020-12-28T04:14:19.078-0500][gc             ] GC(23323) Pause Young (Normal) (G1 Evacuation Pause) 52M->42M(63M) 18.009ms
[2020-12-28T04:14:19.078-0500][gc,cpu         ] GC(23323) User=0.10s Sys=0.00s Real=0.02s
[2020-12-28T04:16:30.719-0500][gc,heap        ] GC(23324) Heap before GC invocations=23324 (full 5324): garbage-first heap   total 64512K, used 52620K [0x0000000083000000, 0x0000000100000000)
[2020-12-28T04:16:30.719-0500][gc,heap        ] GC(23324)   region size 1024K, 10 young (10240K), 1 survivors (1024K)
[2020-12-28T04:16:30.719-0500][gc,heap        ] GC(23324)  Metaspace       used 50313K, capacity 52468K, committed 53888K, reserved 1093632K
[2020-12-28T04:16:30.719-0500][gc,heap        ] GC(23324)   class space    used 7457K, capacity 8250K, committed 8832K, reserved 1048576K
[2020-12-28T04:16:30.719-0500][gc,start       ] GC(23324) Pause Young (Normal) (G1 Evacuation Pause)
[2020-12-28T04:16:30.719-0500][gc,task        ] GC(23324) Using 8 workers of 8 for evacuation
[2020-12-28T04:16:30.723-0500][gc,phases      ] GC(23324)   Pre Evacuate Collection Set: 0.0ms
[2020-12-28T04:16:30.724-0500][gc,phases      ] GC(23324)   Evacuate Collection Set: 1.7ms
[2020-12-28T04:16:30.724-0500][gc,phases      ] GC(23324)   Post Evacuate Collection Set: 2.1ms
[2020-12-28T04:16:30.724-0500][gc,phases      ] GC(23324)   Other: 0.5ms
[2020-12-28T04:16:30.724-0500][gc,heap        ] GC(23324) Eden regions: 9->0(9)
[2020-12-28T04:16:30.724-0500][gc,heap        ] GC(23324) Survivor regions: 1->1(2)
[2020-12-28T04:16:30.724-0500][gc,heap        ] GC(23324) Old regions: 41->41
[2020-12-28T04:16:30.724-0500][gc,heap        ] GC(23324) Humongous regions: 4->4
[2020-12-28T04:16:30.724-0500][gc,metaspace   ] GC(23324) Metaspace: 50313K->50313K(1093632K)
[2020-12-28T04:16:30.724-0500][gc,heap        ] GC(23324) Heap after GC invocations=23325 (full 5324): garbage-first heap   total 64512K, used 43388K [0x0000000083000000, 0x0000000100000000)
[2020-12-28T04:16:30.724-0500][gc,heap        ] GC(23324)   region size 1024K, 1 young (1024K), 1 survivors (1024K)
[2020-12-28T04:16:30.724-0500][gc,heap        ] GC(23324)  Metaspace       used 50313K, capacity 52468K, committed 53888K, reserved 1093632K
[2020-12-28T04:16:30.724-0500][gc,heap        ] GC(23324)   class space    used 7457K, capacity 8250K, committed 8832K, reserved 1048576K
[2020-12-28T04:16:30.724-0500][gc             ] GC(23324) Pause Young (Normal) (G1 Evacuation Pause) 51M->42M(63M) 4.488ms
[2020-12-28T04:16:30.724-0500][gc,cpu         ] GC(23324) User=0.01s Sys=0.01s Real=0.00s
[2020-12-28T04:16:45.191-0500][gc,task        ] GC(23325) Using 5 workers of 8 for full compaction
[2020-12-28T04:16:45.191-0500][gc,start       ] GC(23325) Pause Full (System.gc())
[2020-12-28T04:16:45.191-0500][gc,heap        ] GC(23325) Heap before GC invocations=23325 (full 5324): garbage-first heap   total 64512K, used 43388K [0x0000000083000000, 0x0000000100000000)
[2020-12-28T04:16:45.191-0500][gc,heap        ] GC(23325)   region size 1024K, 2 young (2048K), 1 survivors (1024K)
[2020-12-28T04:16:45.191-0500][gc,heap        ] GC(23325)  Metaspace       used 50313K, capacity 52468K, committed 53888K, reserved 1093632K
[2020-12-28T04:16:45.191-0500][gc,heap        ] GC(23325)   class space    used 7457K, capacity 8250K, committed 8832K, reserved 1048576K
[2020-12-28T04:16:45.192-0500][gc,phases,start] GC(23325) Phase 1: Mark live objects
[2020-12-28T04:16:45.245-0500][gc,stringtable ] GC(23325) Cleaned string and symbol table, strings: 33317 processed, 4 removed, symbols: 120973 processed, 0 removed
[2020-12-28T04:16:45.245-0500][gc,phases      ] GC(23325) Phase 1: Mark live objects 53.648ms
[2020-12-28T04:16:45.245-0500][gc,phases,start] GC(23325) Phase 2: Prepare for compaction
[2020-12-28T04:16:45.250-0500][gc,phases      ] GC(23325) Phase 2: Prepare for compaction 4.531ms
[2020-12-28T04:16:45.250-0500][gc,phases,start] GC(23325) Phase 3: Adjust pointers
[2020-12-28T04:16:45.261-0500][gc,phases      ] GC(23325) Phase 3: Adjust pointers 10.923ms
[2020-12-28T04:16:45.261-0500][gc,phases,start] GC(23325) Phase 4: Compact heap
[2020-12-28T04:16:45.264-0500][gc,phases      ] GC(23325) Phase 4: Compact heap 3.260ms
[2020-12-28T04:16:45.268-0500][gc,heap        ] GC(23325) Eden regions: 1->0(10)
[2020-12-28T04:16:45.268-0500][gc,heap        ] GC(23325) Survivor regions: 1->0(2)
[2020-12-28T04:16:45.268-0500][gc,heap        ] GC(23325) Old regions: 41->41
[2020-12-28T04:16:45.269-0500][gc,heap        ] GC(23325) Humongous regions: 4->4
[2020-12-28T04:16:45.269-0500][gc,metaspace   ] GC(23325) Metaspace: 50313K->50313K(1093632K)
[2020-12-28T04:16:45.269-0500][gc,heap        ] GC(23325) Heap after GC invocations=23326 (full 5325): garbage-first heap   total 64512K, used 43313K [0x0000000083000000, 0x0000000100000000)
[2020-12-28T04:16:45.269-0500][gc,heap        ] GC(23325)   region size 1024K, 0 young (0K), 0 survivors (0K)
[2020-12-28T04:16:45.269-0500][gc,heap        ] GC(23325)  Metaspace       used 50313K, capacity 52468K, committed 53888K, reserved 1093632K
[2020-12-28T04:16:45.269-0500][gc,heap        ] GC(23325)   class space    used 7457K, capacity 8250K, committed 8832K, reserved 1048576K
[2020-12-28T04:16:45.269-0500][gc             ] GC(23325) Pause Full (System.gc()) 43M->42M(63M) 77.578ms
[2020-12-28T04:16:45.269-0500][gc,cpu         ] GC(23325) User=0.34s Sys=0.00s Real=0.08s
[2020-12-28T04:19:19.061-0500][gc,heap        ] GC(23326) Heap before GC invocations=23326 (full 5325): garbage-first heap   total 64512K, used 52529K [0x0000000083000000, 0x0000000100000000)
[2020-12-28T04:19:19.062-0500][gc,heap        ] GC(23326)   region size 1024K, 10 young (10240K), 0 survivors (0K)
[2020-12-28T04:19:19.062-0500][gc,heap        ] GC(23326)  Metaspace       used 50313K, capacity 52468K, committed 53888K, reserved 1093632K
[2020-12-28T04:19:19.062-0500][gc,heap        ] GC(23326)   class space    used 7457K, capacity 8250K, committed 8832K, reserved 1048576K
[2020-12-28T04:19:19.062-0500][gc,start       ] GC(23326) Pause Young (Normal) (G1 Evacuation Pause)
[2020-12-28T04:19:19.062-0500][gc,task        ] GC(23326) Using 8 workers of 8 for evacuation
[2020-12-28T04:19:19.067-0500][gc,phases      ] GC(23326)   Pre Evacuate Collection Set: 0.0ms
[2020-12-28T04:19:19.067-0500][gc,phases      ] GC(23326)   Evacuate Collection Set: 1.1ms
[2020-12-28T04:19:19.067-0500][gc,phases      ] GC(23326)   Post Evacuate Collection Set: 4.3ms
[2020-12-28T04:19:19.067-0500][gc,phases      ] GC(23326)   Other: 0.4ms
[2020-12-28T04:19:19.068-0500][gc,heap        ] GC(23326) Eden regions: 10->0(9)
[2020-12-28T04:19:19.068-0500][gc,heap        ] GC(23326) Survivor regions: 0->1(2)
[2020-12-28T04:19:19.068-0500][gc,heap        ] GC(23326) Old regions: 41->41
[2020-12-28T04:19:19.068-0500][gc,heap        ] GC(23326) Humongous regions: 4->4
[2020-12-28T04:19:19.068-0500][gc,metaspace   ] GC(23326) Metaspace: 50313K->50313K(1093632K)
[2020-12-28T04:19:19.068-0500][gc,heap        ] GC(23326) Heap after GC invocations=23327 (full 5325): garbage-first heap   total 64512K, used 43402K [0x0000000083000000, 0x0000000100000000)
[2020-12-28T04:19:19.068-0500][gc,heap        ] GC(23326)   region size 1024K, 1 young (1024K), 1 survivors (1024K)
[2020-12-28T04:19:19.068-0500][gc,heap        ] GC(23326)  Metaspace       used 50313K, capacity 52468K, committed 53888K, reserved 1093632K
[2020-12-28T04:19:19.068-0500][gc,heap        ] GC(23326)   class space    used 7457K, capacity 8250K, committed 8832K, reserved 1048576K
[2020-12-28T04:19:19.068-0500][gc             ] GC(23326) Pause Young (Normal) (G1 Evacuation Pause) 52M->42M(63M) 6.048ms
[2020-12-28T04:19:19.068-0500][gc,cpu         ] GC(23326) User=0.01s Sys=0.01s Real=0.01s
[2020-12-28T04:21:29.734-0500][gc,heap        ] GC(23327) Heap before GC invocations=23327 (full 5325): garbage-first heap   total 64512K, used 51594K [0x0000000083000000, 0x0000000100000000)
[2020-12-28T04:21:29.734-0500][gc,heap        ] GC(23327)   region size 1024K, 10 young (10240K), 1 survivors (1024K)
[2020-12-28T04:21:29.734-0500][gc,heap        ] GC(23327)  Metaspace       used 50313K, capacity 52468K, committed 53888K, reserved 1093632K
[2020-12-28T04:21:29.734-0500][gc,heap        ] GC(23327)   class space    used 7457K, capacity 8250K, committed 8832K, reserved 1048576K
[2020-12-28T04:21:29.734-0500][gc,start       ] GC(23327) Pause Young (Normal) (G1 Evacuation Pause)
[2020-12-28T04:21:29.734-0500][gc,task        ] GC(23327) Using 8 workers of 8 for evacuation
[2020-12-28T04:21:29.738-0500][gc,phases      ] GC(23327)   Pre Evacuate Collection Set: 0.0ms
[2020-12-28T04:21:29.738-0500][gc,phases      ] GC(23327)   Evacuate Collection Set: 1.2ms
[2020-12-28T04:21:29.738-0500][gc,phases      ] GC(23327)   Post Evacuate Collection Set: 2.3ms
[2020-12-28T04:21:29.738-0500][gc,phases      ] GC(23327)   Other: 0.7ms
[2020-12-28T04:21:29.738-0500][gc,heap        ] GC(23327) Eden regions: 9->0(9)
[2020-12-28T04:21:29.738-0500][gc,heap        ] GC(23327) Survivor regions: 1->1(2)
[2020-12-28T04:21:29.738-0500][gc,heap        ] GC(23327) Old regions: 41->41
[2020-12-28T04:21:29.738-0500][gc,heap        ] GC(23327) Humongous regions: 4->4
[2020-12-28T04:21:29.738-0500][gc,metaspace   ] GC(23327) Metaspace: 50313K->50313K(1093632K)
[2020-12-28T04:21:29.738-0500][gc,heap        ] GC(23327) Heap after GC invocations=23328 (full 5325): garbage-first heap   total 64512K, used 43368K [0x0000000083000000, 0x0000000100000000)
[2020-12-28T04:21:29.738-0500][gc,heap        ] GC(23327)   region size 1024K, 1 young (1024K), 1 survivors (1024K)
[2020-12-28T04:21:29.738-0500][gc,heap        ] GC(23327)  Metaspace       used 50313K, capacity 52468K, committed 53888K, reserved 1093632K
[2020-12-28T04:21:29.738-0500][gc,heap        ] GC(23327)   class space    used 7457K, capacity 8250K, committed 8832K, reserved 1048576K
[2020-12-28T04:21:29.738-0500][gc             ] GC(23327) Pause Young (Normal) (G1 Evacuation Pause) 51M->42M(63M) 4.396ms
[2020-12-28T04:21:29.739-0500][gc,cpu         ] GC(23327) User=0.00s Sys=0.00s Real=0.01s
[2020-12-28T04:21:45.192-0500][gc,task        ] GC(23328) Using 5 workers of 8 for full compaction
[2020-12-28T04:21:45.192-0500][gc,start       ] GC(23328) Pause Full (System.gc())
[2020-12-28T04:21:45.192-0500][gc,heap        ] GC(23328) Heap before GC invocations=23328 (full 5325): garbage-first heap   total 64512K, used 43368K [0x0000000083000000, 0x0000000100000000)
[2020-12-28T04:21:45.192-0500][gc,heap        ] GC(23328)   region size 1024K, 2 young (2048K), 1 survivors (1024K)
[2020-12-28T04:21:45.192-0500][gc,heap        ] GC(23328)  Metaspace       used 50313K, capacity 52468K, committed 53888K, reserved 1093632K
[2020-12-28T04:21:45.192-0500][gc,heap        ] GC(23328)   class space    used 7457K, capacity 8250K, committed 8832K, reserved 1048576K
[2020-12-28T04:21:45.192-0500][gc,phases,start] GC(23328) Phase 1: Mark live objects
[2020-12-28T04:21:45.240-0500][gc,stringtable ] GC(23328) Cleaned string and symbol table, strings: 33317 processed, 4 removed, symbols: 120973 processed, 0 removed
[2020-12-28T04:21:45.240-0500][gc,phases      ] GC(23328) Phase 1: Mark live objects 48.133ms
[2020-12-28T04:21:45.240-0500][gc,phases,start] GC(23328) Phase 2: Prepare for compaction
[2020-12-28T04:21:45.244-0500][gc,phases      ] GC(23328) Phase 2: Prepare for compaction 3.306ms
[2020-12-28T04:21:45.244-0500][gc,phases,start] GC(23328) Phase 3: Adjust pointers
[2020-12-28T04:21:45.254-0500][gc,phases      ] GC(23328) Phase 3: Adjust pointers 10.036ms
[2020-12-28T04:21:45.254-0500][gc,phases,start] GC(23328) Phase 4: Compact heap
[2020-12-28T04:21:45.257-0500][gc,phases      ] GC(23328) Phase 4: Compact heap 2.623ms
[2020-12-28T04:21:45.261-0500][gc,heap        ] GC(23328) Eden regions: 1->0(10)
[2020-12-28T04:21:45.261-0500][gc,heap        ] GC(23328) Survivor regions: 1->0(2)
[2020-12-28T04:21:45.261-0500][gc,heap        ] GC(23328) Old regions: 41->41
[2020-12-28T04:21:45.261-0500][gc,heap        ] GC(23328) Humongous regions: 4->4
[2020-12-28T04:21:45.261-0500][gc,metaspace   ] GC(23328) Metaspace: 50313K->50313K(1093632K)
[2020-12-28T04:21:45.261-0500][gc,heap        ] GC(23328) Heap after GC invocations=23329 (full 5326): garbage-first heap   total 64512K, used 43313K [0x0000000083000000, 0x0000000100000000)
[2020-12-28T04:21:45.261-0500][gc,heap        ] GC(23328)   region size 1024K, 0 young (0K), 0 survivors (0K)
[2020-12-28T04:21:45.261-0500][gc,heap        ] GC(23328)  Metaspace       used 50313K, capacity 52468K, committed 53888K, reserved 1093632K
[2020-12-28T04:21:45.261-0500][gc,heap        ] GC(23328)   class space    used 7457K, capacity 8250K, committed 8832K, reserved 1048576K
[2020-12-28T04:21:45.261-0500][gc             ] GC(23328) Pause Full (System.gc()) 43M->42M(63M) 69.032ms
[2020-12-28T04:21:45.261-0500][gc,cpu         ] GC(23328) User=0.30s Sys=0.00s Real=0.07s
[2020-12-28T04:24:14.392-0500][gc,heap        ] GC(23329) Heap before GC invocations=23329 (full 5326): garbage-first heap   total 64512K, used 53553K [0x0000000083000000, 0x0000000100000000)
[2020-12-28T04:24:14.392-0500][gc,heap        ] GC(23329)   region size 1024K, 10 young (10240K), 0 survivors (0K)
[2020-12-28T04:24:14.392-0500][gc,heap        ] GC(23329)  Metaspace       used 50313K, capacity 52468K, committed 53888K, reserved 1093632K
[2020-12-28T04:24:14.392-0500][gc,heap        ] GC(23329)   class space    used 7457K, capacity 8250K, committed 8832K, reserved 1048576K
[2020-12-28T04:24:14.392-0500][gc,start       ] GC(23329) Pause Young (Normal) (G1 Evacuation Pause)
[2020-12-28T04:24:14.392-0500][gc,task        ] GC(23329) Using 8 workers of 8 for evacuation
[2020-12-28T04:24:14.397-0500][gc,phases      ] GC(23329)   Pre Evacuate Collection Set: 0.0ms
[2020-12-28T04:24:14.397-0500][gc,phases      ] GC(23329)   Evacuate Collection Set: 1.5ms
[2020-12-28T04:24:14.397-0500][gc,phases      ] GC(23329)   Post Evacuate Collection Set: 2.8ms
[2020-12-28T04:24:14.397-0500][gc,phases      ] GC(23329)   Other: 0.6ms
[2020-12-28T04:24:14.397-0500][gc,heap        ] GC(23329) Eden regions: 10->0(9)
[2020-12-28T04:24:14.397-0500][gc,heap        ] GC(23329) Survivor regions: 0->1(2)
[2020-12-28T04:24:14.397-0500][gc,heap        ] GC(23329) Old regions: 41->41
[2020-12-28T04:24:14.397-0500][gc,heap        ] GC(23329) Humongous regions: 4->4
[2020-12-28T04:24:14.397-0500][gc,metaspace   ] GC(23329) Metaspace: 50313K->50313K(1093632K)
[2020-12-28T04:24:14.397-0500][gc,heap        ] GC(23329) Heap after GC invocations=23330 (full 5326): garbage-first heap   total 64512K, used 43380K [0x0000000083000000, 0x0000000100000000)
[2020-12-28T04:24:14.397-0500][gc,heap        ] GC(23329)   region size 1024K, 1 young (1024K), 1 survivors (1024K)
[2020-12-28T04:24:14.397-0500][gc,heap        ] GC(23329)  Metaspace       used 50313K, capacity 52468K, committed 53888K, reserved 1093632K
[2020-12-28T04:24:14.397-0500][gc,heap        ] GC(23329)   class space    used 7457K, capacity 8250K, committed 8832K, reserved 1048576K
[2020-12-28T04:24:14.397-0500][gc             ] GC(23329) Pause Young (Normal) (G1 Evacuation Pause) 52M->42M(63M) 4.930ms
[2020-12-28T04:24:14.397-0500][gc,cpu         ] GC(23329) User=0.01s Sys=0.00s Real=0.00s
[2020-12-28T04:26:29.059-0500][gc,heap        ] GC(23330) Heap before GC invocations=23330 (full 5326): garbage-first heap   total 64512K, used 52596K [0x0000000083000000, 0x0000000100000000)
[2020-12-28T04:26:29.059-0500][gc,heap        ] GC(23330)   region size 1024K, 10 young (10240K), 1 survivors (1024K)
[2020-12-28T04:26:29.059-0500][gc,heap        ] GC(23330)  Metaspace       used 50313K, capacity 52468K, committed 53888K, reserved 1093632K
[2020-12-28T04:26:29.059-0500][gc,heap        ] GC(23330)   class space    used 7457K, capacity 8250K, committed 8832K, reserved 1048576K
[2020-12-28T04:26:29.059-0500][gc,start       ] GC(23330) Pause Young (Normal) (G1 Evacuation Pause)
[2020-12-28T04:26:29.059-0500][gc,task        ] GC(23330) Using 8 workers of 8 for evacuation
[2020-12-28T04:26:29.063-0500][gc,phases      ] GC(23330)   Pre Evacuate Collection Set: 0.0ms
[2020-12-28T04:26:29.063-0500][gc,phases      ] GC(23330)   Evacuate Collection Set: 2.8ms
[2020-12-28T04:26:29.063-0500][gc,phases      ] GC(23330)   Post Evacuate Collection Set: 0.9ms
[2020-12-28T04:26:29.063-0500][gc,phases      ] GC(23330)   Other: 0.2ms
[2020-12-28T04:26:29.063-0500][gc,heap        ] GC(23330) Eden regions: 9->0(9)
[2020-12-28T04:26:29.063-0500][gc,heap        ] GC(23330) Survivor regions: 1->1(2)
[2020-12-28T04:26:29.063-0500][gc,heap        ] GC(23330) Old regions: 41->41
[2020-12-28T04:26:29.063-0500][gc,heap        ] GC(23330) Humongous regions: 4->4
[2020-12-28T04:26:29.063-0500][gc,metaspace   ] GC(23330) Metaspace: 50313K->50313K(1093632K)
[2020-12-28T04:26:29.063-0500][gc,heap        ] GC(23330) Heap after GC invocations=23331 (full 5326): garbage-first heap   total 64512K, used 43377K [0x0000000083000000, 0x0000000100000000)
[2020-12-28T04:26:29.063-0500][gc,heap        ] GC(23330)   region size 1024K, 1 young (1024K), 1 survivors (1024K)
[2020-12-28T04:26:29.063-0500][gc,heap        ] GC(23330)  Metaspace       used 50313K, capacity 52468K, committed 53888K, reserved 1093632K
[2020-12-28T04:26:29.063-0500][gc,heap        ] GC(23330)   class space    used 7457K, capacity 8250K, committed 8832K, reserved 1048576K
[2020-12-28T04:26:29.063-0500][gc             ] GC(23330) Pause Young (Normal) (G1 Evacuation Pause) 51M->42M(63M) 4.069ms
[2020-12-28T04:26:29.063-0500][gc,cpu         ] GC(23330) User=0.01s Sys=0.00s Real=0.00s
[2020-12-28T04:26:45.189-0500][gc,task        ] GC(23331) Using 5 workers of 8 for full compaction
[2020-12-28T04:26:45.189-0500][gc,start       ] GC(23331) Pause Full (System.gc())
[2020-12-28T04:26:45.189-0500][gc,heap        ] GC(23331) Heap before GC invocations=23331 (full 5326): garbage-first heap   total 64512K, used 44401K [0x0000000083000000, 0x0000000100000000)
[2020-12-28T04:26:45.189-0500][gc,heap        ] GC(23331)   region size 1024K, 3 young (3072K), 1 survivors (1024K)
[2020-12-28T04:26:45.189-0500][gc,heap        ] GC(23331)  Metaspace       used 50313K, capacity 52468K, committed 53888K, reserved 1093632K
[2020-12-28T04:26:45.189-0500][gc,heap        ] GC(23331)   class space    used 7457K, capacity 8250K, committed 8832K, reserved 1048576K
[2020-12-28T04:26:45.190-0500][gc,phases,start] GC(23331) Phase 1: Mark live objects
[2020-12-28T04:26:45.233-0500][gc,stringtable ] GC(23331) Cleaned string and symbol table, strings: 33317 processed, 4 removed, symbols: 120973 processed, 0 removed
[2020-12-28T04:26:45.234-0500][gc,phases      ] GC(23331) Phase 1: Mark live objects 43.700ms
[2020-12-28T04:26:45.234-0500][gc,phases,start] GC(23331) Phase 2: Prepare for compaction
[2020-12-28T04:26:45.240-0500][gc,phases      ] GC(23331) Phase 2: Prepare for compaction 5.947ms
[2020-12-28T04:26:45.240-0500][gc,phases,start] GC(23331) Phase 3: Adjust pointers
[2020-12-28T04:26:45.250-0500][gc,phases      ] GC(23331) Phase 3: Adjust pointers 10.045ms
[2020-12-28T04:26:45.250-0500][gc,phases,start] GC(23331) Phase 4: Compact heap
[2020-12-28T04:26:45.252-0500][gc,phases      ] GC(23331) Phase 4: Compact heap 2.386ms
[2020-12-28T04:26:45.256-0500][gc,heap        ] GC(23331) Eden regions: 2->0(10)
[2020-12-28T04:26:45.256-0500][gc,heap        ] GC(23331) Survivor regions: 1->0(2)
[2020-12-28T04:26:45.256-0500][gc,heap        ] GC(23331) Old regions: 41->41
[2020-12-28T04:26:45.256-0500][gc,heap        ] GC(23331) Humongous regions: 4->4
[2020-12-28T04:26:45.256-0500][gc,metaspace   ] GC(23331) Metaspace: 50313K->50313K(1093632K)
[2020-12-28T04:26:45.256-0500][gc,heap        ] GC(23331) Heap after GC invocations=23332 (full 5327): garbage-first heap   total 64512K, used 43313K [0x0000000083000000, 0x0000000100000000)
[2020-12-28T04:26:45.256-0500][gc,heap        ] GC(23331)   region size 1024K, 0 young (0K), 0 survivors (0K)
[2020-12-28T04:26:45.256-0500][gc,heap        ] GC(23331)  Metaspace       used 50313K, capacity 52468K, committed 53888K, reserved 1093632K
[2020-12-28T04:26:45.256-0500][gc,heap        ] GC(23331)   class space    used 7457K, capacity 8250K, committed 8832K, reserved 1048576K
[2020-12-28T04:26:45.256-0500][gc             ] GC(23331) Pause Full (System.gc()) 43M->42M(63M) 67.120ms
[2020-12-28T04:26:45.256-0500][gc,cpu         ] GC(23331) User=0.30s Sys=0.00s Real=0.06s
[2020-12-28T04:29:13.744-0500][gc,heap        ] GC(23332) Heap before GC invocations=23332 (full 5327): garbage-first heap   total 64512K, used 52529K [0x0000000083000000, 0x0000000100000000)
[2020-12-28T04:29:13.744-0500][gc,heap        ] GC(23332)   region size 1024K, 10 young (10240K), 0 survivors (0K)
[2020-12-28T04:29:13.744-0500][gc,heap        ] GC(23332)  Metaspace       used 50313K, capacity 52468K, committed 53888K, reserved 1093632K
[2020-12-28T04:29:13.744-0500][gc,heap        ] GC(23332)   class space    used 7457K, capacity 8250K, committed 8832K, reserved 1048576K
[2020-12-28T04:29:13.744-0500][gc,start       ] GC(23332) Pause Young (Normal) (G1 Evacuation Pause)
[2020-12-28T04:29:13.744-0500][gc,task        ] GC(23332) Using 8 workers of 8 for evacuation
[2020-12-28T04:29:13.750-0500][gc,phases      ] GC(23332)   Pre Evacuate Collection Set: 0.0ms
[2020-12-28T04:29:13.750-0500][gc,phases      ] GC(23332)   Evacuate Collection Set: 2.1ms
[2020-12-28T04:29:13.750-0500][gc,phases      ] GC(23332)   Post Evacuate Collection Set: 3.0ms
[2020-12-28T04:29:13.750-0500][gc,phases      ] GC(23332)   Other: 0.7ms
[2020-12-28T04:29:13.750-0500][gc,heap        ] GC(23332) Eden regions: 10->0(9)
[2020-12-28T04:29:13.750-0500][gc,heap        ] GC(23332) Survivor regions: 0->1(2)
[2020-12-28T04:29:13.750-0500][gc,heap        ] GC(23332) Old regions: 41->41
[2020-12-28T04:29:13.750-0500][gc,heap        ] GC(23332) Humongous regions: 4->4
[2020-12-28T04:29:13.750-0500][gc,metaspace   ] GC(23332) Metaspace: 50313K->50313K(1093632K)
[2020-12-28T04:29:13.750-0500][gc,heap        ] GC(23332) Heap after GC invocations=23333 (full 5327): garbage-first heap   total 64512K, used 43401K [0x0000000083000000, 0x0000000100000000)
[2020-12-28T04:29:13.750-0500][gc,heap        ] GC(23332)   region size 1024K, 1 young (1024K), 1 survivors (1024K)
[2020-12-28T04:29:13.750-0500][gc,heap        ] GC(23332)  Metaspace       used 50313K, capacity 52468K, committed 53888K, reserved 1093632K
[2020-12-28T04:29:13.750-0500][gc,heap        ] GC(23332)   class space    used 7457K, capacity 8250K, committed 8832K, reserved 1048576K
[2020-12-28T04:29:13.750-0500][gc             ] GC(23332) Pause Young (Normal) (G1 Evacuation Pause) 52M->42M(63M) 5.985ms
[2020-12-28T04:29:13.750-0500][gc,cpu         ] GC(23332) User=0.02s Sys=0.00s Real=0.01s
[2020-12-28T04:31:29.065-0500][gc,heap        ] GC(23333) Heap before GC invocations=23333 (full 5327): garbage-first heap   total 64512K, used 52617K [0x0000000083000000, 0x0000000100000000)
[2020-12-28T04:31:29.065-0500][gc,heap        ] GC(23333)   region size 1024K, 10 young (10240K), 1 survivors (1024K)
[2020-12-28T04:31:29.065-0500][gc,heap        ] GC(23333)  Metaspace       used 50313K, capacity 52468K, committed 53888K, reserved 1093632K
[2020-12-28T04:31:29.065-0500][gc,heap        ] GC(23333)   class space    used 7457K, capacity 8250K, committed 8832K, reserved 1048576K
[2020-12-28T04:31:29.065-0500][gc,start       ] GC(23333) Pause Young (Normal) (G1 Evacuation Pause)
[2020-12-28T04:31:29.065-0500][gc,task        ] GC(23333) Using 8 workers of 8 for evacuation
[2020-12-28T04:31:29.070-0500][gc,phases      ] GC(23333)   Pre Evacuate Collection Set: 0.0ms
[2020-12-28T04:31:29.070-0500][gc,phases      ] GC(23333)   Evacuate Collection Set: 1.8ms
[2020-12-28T04:31:29.070-0500][gc,phases      ] GC(23333)   Post Evacuate Collection Set: 2.4ms
[2020-12-28T04:31:29.070-0500][gc,phases      ] GC(23333)   Other: 0.6ms
[2020-12-28T04:31:29.070-0500][gc,heap        ] GC(23333) Eden regions: 9->0(9)
[2020-12-28T04:31:29.070-0500][gc,heap        ] GC(23333) Survivor regions: 1->1(2)
[2020-12-28T04:31:29.070-0500][gc,heap        ] GC(23333) Old regions: 41->41
[2020-12-28T04:31:29.070-0500][gc,heap        ] GC(23333) Humongous regions: 4->4
[2020-12-28T04:31:29.070-0500][gc,metaspace   ] GC(23333) Metaspace: 50313K->50313K(1093632K)
[2020-12-28T04:31:29.070-0500][gc,heap        ] GC(23333) Heap after GC invocations=23334 (full 5327): garbage-first heap   total 64512K, used 43395K [0x0000000083000000, 0x0000000100000000)
[2020-12-28T04:31:29.070-0500][gc,heap        ] GC(23333)   region size 1024K, 1 young (1024K), 1 survivors (1024K)
[2020-12-28T04:31:29.070-0500][gc,heap        ] GC(23333)  Metaspace       used 50313K, capacity 52468K, committed 53888K, reserved 1093632K
[2020-12-28T04:31:29.070-0500][gc,heap        ] GC(23333)   class space    used 7457K, capacity 8250K, committed 8832K, reserved 1048576K
[2020-12-28T04:31:29.070-0500][gc             ] GC(23333) Pause Young (Normal) (G1 Evacuation Pause) 51M->42M(63M) 4.866ms
[2020-12-28T04:31:29.070-0500][gc,cpu         ] GC(23333) User=0.01s Sys=0.01s Real=0.01s
[2020-12-28T04:31:45.191-0500][gc,task        ] GC(23334) Using 5 workers of 8 for full compaction
[2020-12-28T04:31:45.192-0500][gc,start       ] GC(23334) Pause Full (System.gc())
[2020-12-28T04:31:45.192-0500][gc,heap        ] GC(23334) Heap before GC invocations=23334 (full 5327): garbage-first heap   total 64512K, used 43395K [0x0000000083000000, 0x0000000100000000)
[2020-12-28T04:31:45.192-0500][gc,heap        ] GC(23334)   region size 1024K, 2 young (2048K), 1 survivors (1024K)
[2020-12-28T04:31:45.192-0500][gc,heap        ] GC(23334)  Metaspace       used 50313K, capacity 52468K, committed 53888K, reserved 1093632K
[2020-12-28T04:31:45.192-0500][gc,heap        ] GC(23334)   class space    used 7457K, capacity 8250K, committed 8832K, reserved 1048576K
[2020-12-28T04:31:45.192-0500][gc,phases,start] GC(23334) Phase 1: Mark live objects
[2020-12-28T04:31:45.231-0500][gc,stringtable ] GC(23334) Cleaned string and symbol table, strings: 33317 processed, 4 removed, symbols: 120973 processed, 0 removed
[2020-12-28T04:31:45.231-0500][gc,phases      ] GC(23334) Phase 1: Mark live objects 38.661ms
[2020-12-28T04:31:45.231-0500][gc,phases,start] GC(23334) Phase 2: Prepare for compaction
[2020-12-28T04:31:45.238-0500][gc,phases      ] GC(23334) Phase 2: Prepare for compaction 7.093ms
[2020-12-28T04:31:45.238-0500][gc,phases,start] GC(23334) Phase 3: Adjust pointers
[2020-12-28T04:31:45.250-0500][gc,phases      ] GC(23334) Phase 3: Adjust pointers 11.544ms
[2020-12-28T04:31:45.250-0500][gc,phases,start] GC(23334) Phase 4: Compact heap
[2020-12-28T04:31:45.252-0500][gc,phases      ] GC(23334) Phase 4: Compact heap 2.513ms
[2020-12-28T04:31:45.256-0500][gc,heap        ] GC(23334) Eden regions: 1->0(10)
[2020-12-28T04:31:45.257-0500][gc,heap        ] GC(23334) Survivor regions: 1->0(2)
[2020-12-28T04:31:45.257-0500][gc,heap        ] GC(23334) Old regions: 41->41
[2020-12-28T04:31:45.257-0500][gc,heap        ] GC(23334) Humongous regions: 4->4
[2020-12-28T04:31:45.257-0500][gc,metaspace   ] GC(23334) Metaspace: 50313K->50313K(1093632K)
[2020-12-28T04:31:45.257-0500][gc,heap        ] GC(23334) Heap after GC invocations=23335 (full 5328): garbage-first heap   total 64512K, used 43313K [0x0000000083000000, 0x0000000100000000)
[2020-12-28T04:31:45.257-0500][gc,heap        ] GC(23334)   region size 1024K, 0 young (0K), 0 survivors (0K)
[2020-12-28T04:31:45.257-0500][gc,heap        ] GC(23334)  Metaspace       used 50313K, capacity 52468K, committed 53888K, reserved 1093632K
[2020-12-28T04:31:45.257-0500][gc,heap        ] GC(23334)   class space    used 7457K, capacity 8250K, committed 8832K, reserved 1048576K
[2020-12-28T04:31:45.257-0500][gc             ] GC(23334) Pause Full (System.gc()) 43M->42M(63M) 65.027ms
[2020-12-28T04:31:45.257-0500][gc,cpu         ] GC(23334) User=0.29s Sys=0.00s Real=0.06s
[2020-12-28T04:34:19.060-0500][gc,heap        ] GC(23335) Heap before GC invocations=23335 (full 5328): garbage-first heap   total 64512K, used 52529K [0x0000000083000000, 0x0000000100000000)
[2020-12-28T04:34:19.061-0500][gc,heap        ] GC(23335)   region size 1024K, 10 young (10240K), 0 survivors (0K)
[2020-12-28T04:34:19.061-0500][gc,heap        ] GC(23335)  Metaspace       used 50313K, capacity 52468K, committed 53888K, reserved 1093632K
[2020-12-28T04:34:19.061-0500][gc,heap        ] GC(23335)   class space    used 7457K, capacity 8250K, committed 8832K, reserved 1048576K
[2020-12-28T04:34:19.061-0500][gc,start       ] GC(23335) Pause Young (Normal) (G1 Evacuation Pause)
[2020-12-28T04:34:19.061-0500][gc,task        ] GC(23335) Using 8 workers of 8 for evacuation
[2020-12-28T04:34:19.065-0500][gc,phases      ] GC(23335)   Pre Evacuate Collection Set: 0.0ms
[2020-12-28T04:34:19.065-0500][gc,phases      ] GC(23335)   Evacuate Collection Set: 2.0ms
[2020-12-28T04:34:19.065-0500][gc,phases      ] GC(23335)   Post Evacuate Collection Set: 2.2ms
[2020-12-28T04:34:19.065-0500][gc,phases      ] GC(23335)   Other: 0.5ms
[2020-12-28T04:34:19.066-0500][gc,heap        ] GC(23335) Eden regions: 10->0(9)
[2020-12-28T04:34:19.066-0500][gc,heap        ] GC(23335) Survivor regions: 0->1(2)
[2020-12-28T04:34:19.066-0500][gc,heap        ] GC(23335) Old regions: 41->41
[2020-12-28T04:34:19.066-0500][gc,heap        ] GC(23335) Humongous regions: 4->4
[2020-12-28T04:34:19.066-0500][gc,metaspace   ] GC(23335) Metaspace: 50313K->50313K(1093632K)
[2020-12-28T04:34:19.066-0500][gc,heap        ] GC(23335) Heap after GC invocations=23336 (full 5328): garbage-first heap   total 64512K, used 43383K [0x0000000083000000, 0x0000000100000000)
[2020-12-28T04:34:19.066-0500][gc,heap        ] GC(23335)   region size 1024K, 1 young (1024K), 1 survivors (1024K)
[2020-12-28T04:34:19.066-0500][gc,heap        ] GC(23335)  Metaspace       used 50313K, capacity 52468K, committed 53888K, reserved 1093632K
[2020-12-28T04:34:19.066-0500][gc,heap        ] GC(23335)   class space    used 7457K, capacity 8250K, committed 8832K, reserved 1048576K
[2020-12-28T04:34:19.066-0500][gc             ] GC(23335) Pause Young (Normal) (G1 Evacuation Pause) 52M->42M(63M) 5.044ms
[2020-12-28T04:34:19.066-0500][gc,cpu         ] GC(23335) User=0.01s Sys=0.01s Real=0.00s
[2020-12-28T04:36:29.067-0500][gc,heap        ] GC(23336) Heap before GC invocations=23336 (full 5328): garbage-first heap   total 64512K, used 51575K [0x0000000083000000, 0x0000000100000000)
[2020-12-28T04:36:29.067-0500][gc,heap        ] GC(23336)   region size 1024K, 10 young (10240K), 1 survivors (1024K)
[2020-12-28T04:36:29.067-0500][gc,heap        ] GC(23336)  Metaspace       used 50313K, capacity 52468K, committed 53888K, reserved 1093632K
[2020-12-28T04:36:29.067-0500][gc,heap        ] GC(23336)   class space    used 7457K, capacity 8250K, committed 8832K, reserved 1048576K
[2020-12-28T04:36:29.068-0500][gc,start       ] GC(23336) Pause Young (Normal) (G1 Evacuation Pause)
[2020-12-28T04:36:29.068-0500][gc,task        ] GC(23336) Using 8 workers of 8 for evacuation
[2020-12-28T04:36:29.072-0500][gc,phases      ] GC(23336)   Pre Evacuate Collection Set: 0.0ms
[2020-12-28T04:36:29.072-0500][gc,phases      ] GC(23336)   Evacuate Collection Set: 1.5ms
[2020-12-28T04:36:29.072-0500][gc,phases      ] GC(23336)   Post Evacuate Collection Set: 2.4ms
[2020-12-28T04:36:29.072-0500][gc,phases      ] GC(23336)   Other: 0.6ms
[2020-12-28T04:36:29.072-0500][gc,heap        ] GC(23336) Eden regions: 9->0(9)
[2020-12-28T04:36:29.072-0500][gc,heap        ] GC(23336) Survivor regions: 1->1(2)
[2020-12-28T04:36:29.072-0500][gc,heap        ] GC(23336) Old regions: 41->41
[2020-12-28T04:36:29.072-0500][gc,heap        ] GC(23336) Humongous regions: 4->4
[2020-12-28T04:36:29.072-0500][gc,metaspace   ] GC(23336) Metaspace: 50313K->50313K(1093632K)
[2020-12-28T04:36:29.072-0500][gc,heap        ] GC(23336) Heap after GC invocations=23337 (full 5328): garbage-first heap   total 64512K, used 43367K [0x0000000083000000, 0x0000000100000000)
[2020-12-28T04:36:29.072-0500][gc,heap        ] GC(23336)   region size 1024K, 1 young (1024K), 1 survivors (1024K)
[2020-12-28T04:36:29.072-0500][gc,heap        ] GC(23336)  Metaspace       used 50313K, capacity 52468K, committed 53888K, reserved 1093632K
[2020-12-28T04:36:29.072-0500][gc,heap        ] GC(23336)   class space    used 7457K, capacity 8250K, committed 8832K, reserved 1048576K
[2020-12-28T04:36:29.072-0500][gc             ] GC(23336) Pause Young (Normal) (G1 Evacuation Pause) 51M->42M(63M) 4.488ms
[2020-12-28T04:36:29.072-0500][gc,cpu         ] GC(23336) User=0.00s Sys=0.01s Real=0.01s
[2020-12-28T04:36:45.190-0500][gc,task        ] GC(23337) Using 5 workers of 8 for full compaction
[2020-12-28T04:36:45.190-0500][gc,start       ] GC(23337) Pause Full (System.gc())
[2020-12-28T04:36:45.190-0500][gc,heap        ] GC(23337) Heap before GC invocations=23337 (full 5328): garbage-first heap   total 64512K, used 43367K [0x0000000083000000, 0x0000000100000000)
[2020-12-28T04:36:45.190-0500][gc,heap        ] GC(23337)   region size 1024K, 2 young (2048K), 1 survivors (1024K)
[2020-12-28T04:36:45.190-0500][gc,heap        ] GC(23337)  Metaspace       used 50313K, capacity 52468K, committed 53888K, reserved 1093632K
[2020-12-28T04:36:45.190-0500][gc,heap        ] GC(23337)   class space    used 7457K, capacity 8250K, committed 8832K, reserved 1048576K
[2020-12-28T04:36:45.191-0500][gc,phases,start] GC(23337) Phase 1: Mark live objects
[2020-12-28T04:36:45.230-0500][gc,stringtable ] GC(23337) Cleaned string and symbol table, strings: 33317 processed, 4 removed, symbols: 120973 processed, 0 removed
[2020-12-28T04:36:45.230-0500][gc,phases      ] GC(23337) Phase 1: Mark live objects 39.406ms
[2020-12-28T04:36:45.230-0500][gc,phases,start] GC(23337) Phase 2: Prepare for compaction
[2020-12-28T04:36:45.237-0500][gc,phases      ] GC(23337) Phase 2: Prepare for compaction 6.993ms
[2020-12-28T04:36:45.237-0500][gc,phases,start] GC(23337) Phase 3: Adjust pointers
[2020-12-28T04:36:45.249-0500][gc,phases      ] GC(23337) Phase 3: Adjust pointers 12.202ms
[2020-12-28T04:36:45.249-0500][gc,phases,start] GC(23337) Phase 4: Compact heap
[2020-12-28T04:36:45.252-0500][gc,phases      ] GC(23337) Phase 4: Compact heap 2.549ms
[2020-12-28T04:36:45.256-0500][gc,heap        ] GC(23337) Eden regions: 1->0(10)
[2020-12-28T04:36:45.256-0500][gc,heap        ] GC(23337) Survivor regions: 1->0(2)
[2020-12-28T04:36:45.256-0500][gc,heap        ] GC(23337) Old regions: 41->41
[2020-12-28T04:36:45.256-0500][gc,heap        ] GC(23337) Humongous regions: 4->4
[2020-12-28T04:36:45.256-0500][gc,metaspace   ] GC(23337) Metaspace: 50313K->50313K(1093632K)
[2020-12-28T04:36:45.256-0500][gc,heap        ] GC(23337) Heap after GC invocations=23338 (full 5329): garbage-first heap   total 64512K, used 43313K [0x0000000083000000, 0x0000000100000000)
[2020-12-28T04:36:45.256-0500][gc,heap        ] GC(23337)   region size 1024K, 0 young (0K), 0 survivors (0K)
[2020-12-28T04:36:45.256-0500][gc,heap        ] GC(23337)  Metaspace       used 50313K, capacity 52468K, committed 53888K, reserved 1093632K
[2020-12-28T04:36:45.256-0500][gc,heap        ] GC(23337)   class space    used 7457K, capacity 8250K, committed 8832K, reserved 1048576K
[2020-12-28T04:36:45.256-0500][gc             ] GC(23337) Pause Full (System.gc()) 43M->42M(63M) 66.185ms
[2020-12-28T04:36:45.256-0500][gc,cpu         ] GC(23337) User=0.29s Sys=0.00s Real=0.06s
[2020-12-28T04:39:08.374-0500][gc,heap        ] GC(23338) Heap before GC invocations=23338 (full 5329): garbage-first heap   total 64512K, used 52529K [0x0000000083000000, 0x0000000100000000)
[2020-12-28T04:39:08.374-0500][gc,heap        ] GC(23338)   region size 1024K, 10 young (10240K), 0 survivors (0K)
[2020-12-28T04:39:08.374-0500][gc,heap        ] GC(23338)  Metaspace       used 50313K, capacity 52468K, committed 53888K, reserved 1093632K
[2020-12-28T04:39:08.374-0500][gc,heap        ] GC(23338)   class space    used 7457K, capacity 8250K, committed 8832K, reserved 1048576K
[2020-12-28T04:39:08.374-0500][gc,start       ] GC(23338) Pause Young (Normal) (G1 Evacuation Pause)
[2020-12-28T04:39:08.374-0500][gc,task        ] GC(23338) Using 8 workers of 8 for evacuation
[2020-12-28T04:39:08.384-0500][gc,phases      ] GC(23338)   Pre Evacuate Collection Set: 0.0ms
[2020-12-28T04:39:08.384-0500][gc,phases      ] GC(23338)   Evacuate Collection Set: 2.2ms
[2020-12-28T04:39:08.384-0500][gc,phases      ] GC(23338)   Post Evacuate Collection Set: 7.6ms
[2020-12-28T04:39:08.385-0500][gc,phases      ] GC(23338)   Other: 0.4ms
[2020-12-28T04:39:08.385-0500][gc,heap        ] GC(23338) Eden regions: 10->0(9)
[2020-12-28T04:39:08.385-0500][gc,heap        ] GC(23338) Survivor regions: 0->1(2)
[2020-12-28T04:39:08.385-0500][gc,heap        ] GC(23338) Old regions: 41->41
[2020-12-28T04:39:08.385-0500][gc,heap        ] GC(23338) Humongous regions: 4->4
[2020-12-28T04:39:08.385-0500][gc,metaspace   ] GC(23338) Metaspace: 50313K->50313K(1093632K)
[2020-12-28T04:39:08.385-0500][gc,heap        ] GC(23338) Heap after GC invocations=23339 (full 5329): garbage-first heap   total 64512K, used 43385K [0x0000000083000000, 0x0000000100000000)
[2020-12-28T04:39:08.385-0500][gc,heap        ] GC(23338)   region size 1024K, 1 young (1024K), 1 survivors (1024K)
[2020-12-28T04:39:08.385-0500][gc,heap        ] GC(23338)  Metaspace       used 50313K, capacity 52468K, committed 53888K, reserved 1093632K
[2020-12-28T04:39:08.385-0500][gc,heap        ] GC(23338)   class space    used 7457K, capacity 8250K, committed 8832K, reserved 1048576K
[2020-12-28T04:39:08.385-0500][gc             ] GC(23338) Pause Young (Normal) (G1 Evacuation Pause) 52M->42M(63M) 10.391ms
[2020-12-28T04:39:08.385-0500][gc,cpu         ] GC(23338) User=0.05s Sys=0.00s Real=0.01s
[2020-12-28T04:41:19.062-0500][gc,heap        ] GC(23339) Heap before GC invocations=23339 (full 5329): garbage-first heap   total 64512K, used 52601K [0x0000000083000000, 0x0000000100000000)
[2020-12-28T04:41:19.062-0500][gc,heap        ] GC(23339)   region size 1024K, 10 young (10240K), 1 survivors (1024K)
[2020-12-28T04:41:19.062-0500][gc,heap        ] GC(23339)  Metaspace       used 50313K, capacity 52468K, committed 53888K, reserved 1093632K
[2020-12-28T04:41:19.062-0500][gc,heap        ] GC(23339)   class space    used 7457K, capacity 8250K, committed 8832K, reserved 1048576K
[2020-12-28T04:41:19.062-0500][gc,start       ] GC(23339) Pause Young (Normal) (G1 Evacuation Pause)
[2020-12-28T04:41:19.062-0500][gc,task        ] GC(23339) Using 8 workers of 8 for evacuation
[2020-12-28T04:41:19.065-0500][gc,phases      ] GC(23339)   Pre Evacuate Collection Set: 0.0ms
[2020-12-28T04:41:19.065-0500][gc,phases      ] GC(23339)   Evacuate Collection Set: 0.7ms
[2020-12-28T04:41:19.065-0500][gc,phases      ] GC(23339)   Post Evacuate Collection Set: 1.6ms
[2020-12-28T04:41:19.065-0500][gc,phases      ] GC(23339)   Other: 0.3ms
[2020-12-28T04:41:19.065-0500][gc,heap        ] GC(23339) Eden regions: 9->0(9)
[2020-12-28T04:41:19.065-0500][gc,heap        ] GC(23339) Survivor regions: 1->1(2)
[2020-12-28T04:41:19.065-0500][gc,heap        ] GC(23339) Old regions: 41->41
[2020-12-28T04:41:19.065-0500][gc,heap        ] GC(23339) Humongous regions: 4->4
[2020-12-28T04:41:19.065-0500][gc,metaspace   ] GC(23339) Metaspace: 50313K->50313K(1093632K)
[2020-12-28T04:41:19.065-0500][gc,heap        ] GC(23339) Heap after GC invocations=23340 (full 5329): garbage-first heap   total 64512K, used 43375K [0x0000000083000000, 0x0000000100000000)
[2020-12-28T04:41:19.065-0500][gc,heap        ] GC(23339)   region size 1024K, 1 young (1024K), 1 survivors (1024K)
[2020-12-28T04:41:19.065-0500][gc,heap        ] GC(23339)  Metaspace       used 50313K, capacity 52468K, committed 53888K, reserved 1093632K
[2020-12-28T04:41:19.065-0500][gc,heap        ] GC(23339)   class space    used 7457K, capacity 8250K, committed 8832K, reserved 1048576K
[2020-12-28T04:41:19.065-0500][gc             ] GC(23339) Pause Young (Normal) (G1 Evacuation Pause) 51M->42M(63M) 2.679ms
[2020-12-28T04:41:19.065-0500][gc,cpu         ] GC(23339) User=0.00s Sys=0.00s Real=0.00s
[2020-12-28T04:41:45.190-0500][gc,task        ] GC(23340) Using 5 workers of 8 for full compaction
[2020-12-28T04:41:45.190-0500][gc,start       ] GC(23340) Pause Full (System.gc())
[2020-12-28T04:41:45.190-0500][gc,heap        ] GC(23340) Heap before GC invocations=23340 (full 5329): garbage-first heap   total 64512K, used 43375K [0x0000000083000000, 0x0000000100000000)
[2020-12-28T04:41:45.190-0500][gc,heap        ] GC(23340)   region size 1024K, 3 young (3072K), 1 survivors (1024K)
[2020-12-28T04:41:45.190-0500][gc,heap        ] GC(23340)  Metaspace       used 50313K, capacity 52468K, committed 53888K, reserved 1093632K
[2020-12-28T04:41:45.190-0500][gc,heap        ] GC(23340)   class space    used 7457K, capacity 8250K, committed 8832K, reserved 1048576K
[2020-12-28T04:41:45.190-0500][gc,phases,start] GC(23340) Phase 1: Mark live objects
[2020-12-28T04:41:45.209-0500][gc,stringtable ] GC(23340) Cleaned string and symbol table, strings: 33317 processed, 4 removed, symbols: 120973 processed, 0 removed
[2020-12-28T04:41:45.209-0500][gc,phases      ] GC(23340) Phase 1: Mark live objects 18.601ms
[2020-12-28T04:41:45.209-0500][gc,phases,start] GC(23340) Phase 2: Prepare for compaction
[2020-12-28T04:41:45.214-0500][gc,phases      ] GC(23340) Phase 2: Prepare for compaction 5.061ms
[2020-12-28T04:41:45.214-0500][gc,phases,start] GC(23340) Phase 3: Adjust pointers
[2020-12-28T04:41:45.224-0500][gc,phases      ] GC(23340) Phase 3: Adjust pointers 10.156ms
[2020-12-28T04:41:45.224-0500][gc,phases,start] GC(23340) Phase 4: Compact heap
[2020-12-28T04:41:45.227-0500][gc,phases      ] GC(23340) Phase 4: Compact heap 2.889ms
[2020-12-28T04:41:45.231-0500][gc,heap        ] GC(23340) Eden regions: 2->0(11)
[2020-12-28T04:41:45.231-0500][gc,heap        ] GC(23340) Survivor regions: 1->0(2)
[2020-12-28T04:41:45.231-0500][gc,heap        ] GC(23340) Old regions: 41->40
[2020-12-28T04:41:45.231-0500][gc,heap        ] GC(23340) Humongous regions: 4->4
[2020-12-28T04:41:45.231-0500][gc,metaspace   ] GC(23340) Metaspace: 50313K->50313K(1093632K)
[2020-12-28T04:41:45.232-0500][gc,heap        ] GC(23340) Heap after GC invocations=23341 (full 5330): garbage-first heap   total 64512K, used 43319K [0x0000000083000000, 0x0000000100000000)
[2020-12-28T04:41:45.232-0500][gc,heap        ] GC(23340)   region size 1024K, 0 young (0K), 0 survivors (0K)
[2020-12-28T04:41:45.232-0500][gc,heap        ] GC(23340)  Metaspace       used 50313K, capacity 52468K, committed 53888K, reserved 1093632K
[2020-12-28T04:41:45.232-0500][gc,heap        ] GC(23340)   class space    used 7457K, capacity 8250K, committed 8832K, reserved 1048576K
[2020-12-28T04:41:45.232-0500][gc             ] GC(23340) Pause Full (System.gc()) 44M->42M(63M) 41.823ms
[2020-12-28T04:41:45.232-0500][gc,cpu         ] GC(23340) User=0.16s Sys=0.00s Real=0.04s
[2020-12-28T04:44:29.067-0500][gc,heap        ] GC(23341) Heap before GC invocations=23341 (full 5330): garbage-first heap   total 64512K, used 53559K [0x0000000083000000, 0x0000000100000000)
[2020-12-28T04:44:29.067-0500][gc,heap        ] GC(23341)   region size 1024K, 11 young (11264K), 0 survivors (0K)
[2020-12-28T04:44:29.067-0500][gc,heap        ] GC(23341)  Metaspace       used 50313K, capacity 52468K, committed 53888K, reserved 1093632K
[2020-12-28T04:44:29.067-0500][gc,heap        ] GC(23341)   class space    used 7457K, capacity 8250K, committed 8832K, reserved 1048576K
[2020-12-28T04:44:29.067-0500][gc,start       ] GC(23341) Pause Young (Normal) (G1 Evacuation Pause)
[2020-12-28T04:44:29.067-0500][gc,task        ] GC(23341) Using 8 workers of 8 for evacuation
[2020-12-28T04:44:29.073-0500][gc,phases      ] GC(23341)   Pre Evacuate Collection Set: 0.0ms
[2020-12-28T04:44:29.073-0500][gc,phases      ] GC(23341)   Evacuate Collection Set: 2.9ms
[2020-12-28T04:44:29.073-0500][gc,phases      ] GC(23341)   Post Evacuate Collection Set: 2.6ms
[2020-12-28T04:44:29.073-0500][gc,phases      ] GC(23341)   Other: 0.6ms
[2020-12-28T04:44:29.073-0500][gc,heap        ] GC(23341) Eden regions: 11->0(10)
[2020-12-28T04:44:29.073-0500][gc,heap        ] GC(23341) Survivor regions: 0->1(2)
[2020-12-28T04:44:29.073-0500][gc,heap        ] GC(23341) Old regions: 40->40
[2020-12-28T04:44:29.073-0500][gc,heap        ] GC(23341) Humongous regions: 4->4
[2020-12-28T04:44:29.073-0500][gc,metaspace   ] GC(23341) Metaspace: 50313K->50313K(1093632K)
[2020-12-28T04:44:29.073-0500][gc,heap        ] GC(23341) Heap after GC invocations=23342 (full 5330): garbage-first heap   total 64512K, used 43414K [0x0000000083000000, 0x0000000100000000)
[2020-12-28T04:44:29.073-0500][gc,heap        ] GC(23341)   region size 1024K, 1 young (1024K), 1 survivors (1024K)
[2020-12-28T04:44:29.073-0500][gc,heap        ] GC(23341)  Metaspace       used 50313K, capacity 52468K, committed 53888K, reserved 1093632K
[2020-12-28T04:44:29.073-0500][gc,heap        ] GC(23341)   class space    used 7457K, capacity 8250K, committed 8832K, reserved 1048576K
[2020-12-28T04:44:29.074-0500][gc             ] GC(23341) Pause Young (Normal) (G1 Evacuation Pause) 53M->42M(63M) 6.262ms
[2020-12-28T04:44:29.074-0500][gc,cpu         ] GC(23341) User=0.02s Sys=0.01s Real=0.01s
[2020-12-28T04:46:45.189-0500][gc,task        ] GC(23342) Using 5 workers of 8 for full compaction
[2020-12-28T04:46:45.189-0500][gc,start       ] GC(23342) Pause Full (System.gc())
[2020-12-28T04:46:45.189-0500][gc,heap        ] GC(23342) Heap before GC invocations=23342 (full 5330): garbage-first heap   total 64512K, used 51606K [0x0000000083000000, 0x0000000100000000)
[2020-12-28T04:46:45.189-0500][gc,heap        ] GC(23342)   region size 1024K, 10 young (10240K), 1 survivors (1024K)
[2020-12-28T04:46:45.189-0500][gc,heap        ] GC(23342)  Metaspace       used 50313K, capacity 52468K, committed 53888K, reserved 1093632K
[2020-12-28T04:46:45.189-0500][gc,heap        ] GC(23342)   class space    used 7457K, capacity 8250K, committed 8832K, reserved 1048576K
[2020-12-28T04:46:45.190-0500][gc,phases,start] GC(23342) Phase 1: Mark live objects
[2020-12-28T04:46:45.226-0500][gc,stringtable ] GC(23342) Cleaned string and symbol table, strings: 33317 processed, 4 removed, symbols: 120973 processed, 0 removed
[2020-12-28T04:46:45.227-0500][gc,phases      ] GC(23342) Phase 1: Mark live objects 36.949ms
[2020-12-28T04:46:45.227-0500][gc,phases,start] GC(23342) Phase 2: Prepare for compaction
[2020-12-28T04:46:45.230-0500][gc,phases      ] GC(23342) Phase 2: Prepare for compaction 3.417ms
[2020-12-28T04:46:45.230-0500][gc,phases,start] GC(23342) Phase 3: Adjust pointers
[2020-12-28T04:46:45.240-0500][gc,phases      ] GC(23342) Phase 3: Adjust pointers 10.329ms
[2020-12-28T04:46:45.240-0500][gc,phases,start] GC(23342) Phase 4: Compact heap
[2020-12-28T04:46:45.243-0500][gc,phases      ] GC(23342) Phase 4: Compact heap 2.602ms
[2020-12-28T04:46:45.247-0500][gc,heap        ] GC(23342) Eden regions: 9->0(9)
[2020-12-28T04:46:45.247-0500][gc,heap        ] GC(23342) Survivor regions: 1->0(2)
[2020-12-28T04:46:45.247-0500][gc,heap        ] GC(23342) Old regions: 40->42
[2020-12-28T04:46:45.247-0500][gc,heap        ] GC(23342) Humongous regions: 4->4
[2020-12-28T04:46:45.247-0500][gc,metaspace   ] GC(23342) Metaspace: 50313K->50313K(1093632K)
[2020-12-28T04:46:45.247-0500][gc,heap        ] GC(23342) Heap after GC invocations=23343 (full 5331): garbage-first heap   total 64512K, used 43350K [0x0000000083000000, 0x0000000100000000)
[2020-12-28T04:46:45.247-0500][gc,heap        ] GC(23342)   region size 1024K, 0 young (0K), 0 survivors (0K)
[2020-12-28T04:46:45.247-0500][gc,heap        ] GC(23342)  Metaspace       used 50313K, capacity 52468K, committed 53888K, reserved 1093632K
[2020-12-28T04:46:45.247-0500][gc,heap        ] GC(23342)   class space    used 7457K, capacity 8250K, committed 8832K, reserved 1048576K
[2020-12-28T04:46:45.247-0500][gc             ] GC(23342) Pause Full (System.gc()) 51M->42M(63M) 58.312ms
[2020-12-28T04:46:45.247-0500][gc,cpu         ] GC(23342) User=0.25s Sys=0.00s Real=0.05s
[2020-12-28T04:48:59.064-0500][gc,heap        ] GC(23343) Heap before GC invocations=23343 (full 5331): garbage-first heap   total 64512K, used 52566K [0x0000000083000000, 0x0000000100000000)
[2020-12-28T04:48:59.064-0500][gc,heap        ] GC(23343)   region size 1024K, 9 young (9216K), 0 survivors (0K)
[2020-12-28T04:48:59.064-0500][gc,heap        ] GC(23343)  Metaspace       used 50313K, capacity 52468K, committed 53888K, reserved 1093632K
[2020-12-28T04:48:59.064-0500][gc,heap        ] GC(23343)   class space    used 7457K, capacity 8250K, committed 8832K, reserved 1048576K
[2020-12-28T04:48:59.064-0500][gc,start       ] GC(23343) Pause Young (Normal) (G1 Evacuation Pause)
[2020-12-28T04:48:59.064-0500][gc,task        ] GC(23343) Using 8 workers of 8 for evacuation
[2020-12-28T04:48:59.081-0500][gc,phases      ] GC(23343)   Pre Evacuate Collection Set: 0.0ms
[2020-12-28T04:48:59.081-0500][gc,phases      ] GC(23343)   Evacuate Collection Set: 3.7ms
[2020-12-28T04:48:59.081-0500][gc,phases      ] GC(23343)   Post Evacuate Collection Set: 12.2ms
[2020-12-28T04:48:59.081-0500][gc,phases      ] GC(23343)   Other: 0.4ms
[2020-12-28T04:48:59.081-0500][gc,heap        ] GC(23343) Eden regions: 9->0(8)
[2020-12-28T04:48:59.081-0500][gc,heap        ] GC(23343) Survivor regions: 0->1(2)
[2020-12-28T04:48:59.081-0500][gc,heap        ] GC(23343) Old regions: 42->42
[2020-12-28T04:48:59.081-0500][gc,heap        ] GC(23343) Humongous regions: 4->4
[2020-12-28T04:48:59.081-0500][gc,metaspace   ] GC(23343) Metaspace: 50313K->50313K(1093632K)
[2020-12-28T04:48:59.081-0500][gc,heap        ] GC(23343) Heap after GC invocations=23344 (full 5331): garbage-first heap   total 64512K, used 43432K [0x0000000083000000, 0x0000000100000000)
[2020-12-28T04:48:59.081-0500][gc,heap        ] GC(23343)   region size 1024K, 1 young (1024K), 1 survivors (1024K)
[2020-12-28T04:48:59.081-0500][gc,heap        ] GC(23343)  Metaspace       used 50313K, capacity 52468K, committed 53888K, reserved 1093632K
[2020-12-28T04:48:59.081-0500][gc,heap        ] GC(23343)   class space    used 7457K, capacity 8250K, committed 8832K, reserved 1048576K
[2020-12-28T04:48:59.081-0500][gc             ] GC(23343) Pause Young (Normal) (G1 Evacuation Pause) 51M->42M(63M) 16.382ms
[2020-12-28T04:48:59.081-0500][gc,cpu         ] GC(23343) User=0.11s Sys=0.00s Real=0.02s
[2020-12-28T04:50:59.065-0500][gc,heap        ] GC(23344) Heap before GC invocations=23344 (full 5331): garbage-first heap   total 64512K, used 50600K [0x0000000083000000, 0x0000000100000000)
[2020-12-28T04:50:59.065-0500][gc,heap        ] GC(23344)   region size 1024K, 9 young (9216K), 1 survivors (1024K)
[2020-12-28T04:50:59.065-0500][gc,heap        ] GC(23344)  Metaspace       used 50313K, capacity 52468K, committed 53888K, reserved 1093632K
[2020-12-28T04:50:59.065-0500][gc,heap        ] GC(23344)   class space    used 7457K, capacity 8250K, committed 8832K, reserved 1048576K
[2020-12-28T04:50:59.065-0500][gc,start       ] GC(23344) Pause Young (Normal) (G1 Evacuation Pause)
[2020-12-28T04:50:59.065-0500][gc,task        ] GC(23344) Using 8 workers of 8 for evacuation
[2020-12-28T04:50:59.069-0500][gc,phases      ] GC(23344)   Pre Evacuate Collection Set: 0.0ms
[2020-12-28T04:50:59.069-0500][gc,phases      ] GC(23344)   Evacuate Collection Set: 1.3ms
[2020-12-28T04:50:59.069-0500][gc,phases      ] GC(23344)   Post Evacuate Collection Set: 2.0ms
[2020-12-28T04:50:59.069-0500][gc,phases      ] GC(23344)   Other: 0.4ms
[2020-12-28T04:50:59.069-0500][gc,heap        ] GC(23344) Eden regions: 8->0(8)
[2020-12-28T04:50:59.069-0500][gc,heap        ] GC(23344) Survivor regions: 1->1(2)
[2020-12-28T04:50:59.069-0500][gc,heap        ] GC(23344) Old regions: 42->42
[2020-12-28T04:50:59.069-0500][gc,heap        ] GC(23344) Humongous regions: 4->4
[2020-12-28T04:50:59.069-0500][gc,metaspace   ] GC(23344) Metaspace: 50313K->50313K(1093632K)
[2020-12-28T04:50:59.069-0500][gc,heap        ] GC(23344) Heap after GC invocations=23345 (full 5331): garbage-first heap   total 64512K, used 43410K [0x0000000083000000, 0x0000000100000000)
[2020-12-28T04:50:59.069-0500][gc,heap        ] GC(23344)   region size 1024K, 1 young (1024K), 1 survivors (1024K)
[2020-12-28T04:50:59.069-0500][gc,heap        ] GC(23344)  Metaspace       used 50313K, capacity 52468K, committed 53888K, reserved 1093632K
[2020-12-28T04:50:59.069-0500][gc,heap        ] GC(23344)   class space    used 7457K, capacity 8250K, committed 8832K, reserved 1048576K
[2020-12-28T04:50:59.069-0500][gc             ] GC(23344) Pause Young (Normal) (G1 Evacuation Pause) 50M->42M(63M) 3.889ms
[2020-12-28T04:50:59.069-0500][gc,cpu         ] GC(23344) User=0.01s Sys=0.00s Real=0.01s
[2020-12-28T04:51:45.189-0500][gc,task        ] GC(23345) Using 5 workers of 8 for full compaction
[2020-12-28T04:51:45.189-0500][gc,start       ] GC(23345) Pause Full (System.gc())
[2020-12-28T04:51:45.189-0500][gc,heap        ] GC(23345) Heap before GC invocations=23345 (full 5331): garbage-first heap   total 64512K, used 45458K [0x0000000083000000, 0x0000000100000000)
[2020-12-28T04:51:45.189-0500][gc,heap        ] GC(23345)   region size 1024K, 4 young (4096K), 1 survivors (1024K)
[2020-12-28T04:51:45.189-0500][gc,heap        ] GC(23345)  Metaspace       used 50313K, capacity 52468K, committed 53888K, reserved 1093632K
[2020-12-28T04:51:45.189-0500][gc,heap        ] GC(23345)   class space    used 7457K, capacity 8250K, committed 8832K, reserved 1048576K
[2020-12-28T04:51:45.190-0500][gc,phases,start] GC(23345) Phase 1: Mark live objects
[2020-12-28T04:51:45.230-0500][gc,stringtable ] GC(23345) Cleaned string and symbol table, strings: 33317 processed, 4 removed, symbols: 120973 processed, 0 removed
[2020-12-28T04:51:45.230-0500][gc,phases      ] GC(23345) Phase 1: Mark live objects 40.134ms
[2020-12-28T04:51:45.230-0500][gc,phases,start] GC(23345) Phase 2: Prepare for compaction
[2020-12-28T04:51:45.233-0500][gc,phases      ] GC(23345) Phase 2: Prepare for compaction 3.411ms
[2020-12-28T04:51:45.233-0500][gc,phases,start] GC(23345) Phase 3: Adjust pointers
[2020-12-28T04:51:45.243-0500][gc,phases      ] GC(23345) Phase 3: Adjust pointers 9.977ms
[2020-12-28T04:51:45.243-0500][gc,phases,start] GC(23345) Phase 4: Compact heap
[2020-12-28T04:51:45.246-0500][gc,phases      ] GC(23345) Phase 4: Compact heap 2.389ms
[2020-12-28T04:51:45.250-0500][gc,heap        ] GC(23345) Eden regions: 3->0(9)
[2020-12-28T04:51:45.250-0500][gc,heap        ] GC(23345) Survivor regions: 1->0(2)
[2020-12-28T04:51:45.250-0500][gc,heap        ] GC(23345) Old regions: 42->42
[2020-12-28T04:51:45.250-0500][gc,heap        ] GC(23345) Humongous regions: 4->4
[2020-12-28T04:51:45.250-0500][gc,metaspace   ] GC(23345) Metaspace: 50313K->50313K(1093632K)
[2020-12-28T04:51:45.250-0500][gc,heap        ] GC(23345) Heap after GC invocations=23346 (full 5332): garbage-first heap   total 64512K, used 43324K [0x0000000083000000, 0x0000000100000000)
[2020-12-28T04:51:45.250-0500][gc,heap        ] GC(23345)   region size 1024K, 0 young (0K), 0 survivors (0K)
[2020-12-28T04:51:45.250-0500][gc,heap        ] GC(23345)  Metaspace       used 50313K, capacity 52468K, committed 53888K, reserved 1093632K
[2020-12-28T04:51:45.250-0500][gc,heap        ] GC(23345)   class space    used 7457K, capacity 8250K, committed 8832K, reserved 1048576K
[2020-12-28T04:51:45.250-0500][gc             ] GC(23345) Pause Full (System.gc()) 45M->42M(63M) 60.930ms
[2020-12-28T04:51:45.250-0500][gc,cpu         ] GC(23345) User=0.26s Sys=0.00s Real=0.06s
[2020-12-28T04:53:59.066-0500][gc,heap        ] GC(23346) Heap before GC invocations=23346 (full 5332): garbage-first heap   total 64512K, used 51516K [0x0000000083000000, 0x0000000100000000)
[2020-12-28T04:53:59.067-0500][gc,heap        ] GC(23346)   region size 1024K, 9 young (9216K), 0 survivors (0K)
[2020-12-28T04:53:59.067-0500][gc,heap        ] GC(23346)  Metaspace       used 50313K, capacity 52468K, committed 53888K, reserved 1093632K
[2020-12-28T04:53:59.067-0500][gc,heap        ] GC(23346)   class space    used 7457K, capacity 8250K, committed 8832K, reserved 1048576K
[2020-12-28T04:53:59.067-0500][gc,start       ] GC(23346) Pause Young (Normal) (G1 Evacuation Pause)
[2020-12-28T04:53:59.067-0500][gc,task        ] GC(23346) Using 8 workers of 8 for evacuation
[2020-12-28T04:53:59.070-0500][gc,phases      ] GC(23346)   Pre Evacuate Collection Set: 0.0ms
[2020-12-28T04:53:59.070-0500][gc,phases      ] GC(23346)   Evacuate Collection Set: 1.1ms
[2020-12-28T04:53:59.070-0500][gc,phases      ] GC(23346)   Post Evacuate Collection Set: 2.2ms
[2020-12-28T04:53:59.070-0500][gc,phases      ] GC(23346)   Other: 0.4ms
[2020-12-28T04:53:59.070-0500][gc,heap        ] GC(23346) Eden regions: 9->0(8)
[2020-12-28T04:53:59.070-0500][gc,heap        ] GC(23346) Survivor regions: 0->1(2)
[2020-12-28T04:53:59.070-0500][gc,heap        ] GC(23346) Old regions: 42->42
[2020-12-28T04:53:59.070-0500][gc,heap        ] GC(23346) Humongous regions: 4->4
[2020-12-28T04:53:59.070-0500][gc,metaspace   ] GC(23346) Metaspace: 50313K->50313K(1093632K)
[2020-12-28T04:53:59.070-0500][gc,heap        ] GC(23346) Heap after GC invocations=23347 (full 5332): garbage-first heap   total 64512K, used 43380K [0x0000000083000000, 0x0000000100000000)
[2020-12-28T04:53:59.070-0500][gc,heap        ] GC(23346)   region size 1024K, 1 young (1024K), 1 survivors (1024K)
[2020-12-28T04:53:59.070-0500][gc,heap        ] GC(23346)  Metaspace       used 50313K, capacity 52468K, committed 53888K, reserved 1093632K
[2020-12-28T04:53:59.071-0500][gc,heap        ] GC(23346)   class space    used 7457K, capacity 8250K, committed 8832K, reserved 1048576K
[2020-12-28T04:53:59.071-0500][gc             ] GC(23346) Pause Young (Normal) (G1 Evacuation Pause) 51M->42M(63M) 3.844ms
[2020-12-28T04:53:59.071-0500][gc,cpu         ] GC(23346) User=0.00s Sys=0.01s Real=0.01s
[2020-12-28T04:55:59.070-0500][gc,heap        ] GC(23347) Heap before GC invocations=23347 (full 5332): garbage-first heap   total 64512K, used 50548K [0x0000000083000000, 0x0000000100000000)
[2020-12-28T04:55:59.070-0500][gc,heap        ] GC(23347)   region size 1024K, 9 young (9216K), 1 survivors (1024K)
[2020-12-28T04:55:59.070-0500][gc,heap        ] GC(23347)  Metaspace       used 50313K, capacity 52468K, committed 53888K, reserved 1093632K
[2020-12-28T04:55:59.070-0500][gc,heap        ] GC(23347)   class space    used 7457K, capacity 8250K, committed 8832K, reserved 1048576K
[2020-12-28T04:55:59.070-0500][gc,start       ] GC(23347) Pause Young (Normal) (G1 Evacuation Pause)
[2020-12-28T04:55:59.070-0500][gc,task        ] GC(23347) Using 8 workers of 8 for evacuation
[2020-12-28T04:55:59.073-0500][gc,phases      ] GC(23347)   Pre Evacuate Collection Set: 0.0ms
[2020-12-28T04:55:59.073-0500][gc,phases      ] GC(23347)   Evacuate Collection Set: 1.2ms
[2020-12-28T04:55:59.073-0500][gc,phases      ] GC(23347)   Post Evacuate Collection Set: 2.0ms
[2020-12-28T04:55:59.074-0500][gc,phases      ] GC(23347)   Other: 0.5ms
[2020-12-28T04:55:59.074-0500][gc,heap        ] GC(23347) Eden regions: 8->0(8)
[2020-12-28T04:55:59.074-0500][gc,heap        ] GC(23347) Survivor regions: 1->1(2)
[2020-12-28T04:55:59.074-0500][gc,heap        ] GC(23347) Old regions: 42->42
[2020-12-28T04:55:59.074-0500][gc,heap        ] GC(23347) Humongous regions: 4->4
[2020-12-28T04:55:59.074-0500][gc,metaspace   ] GC(23347) Metaspace: 50313K->50313K(1093632K)
[2020-12-28T04:55:59.074-0500][gc,heap        ] GC(23347) Heap after GC invocations=23348 (full 5332): garbage-first heap   total 64512K, used 43376K [0x0000000083000000, 0x0000000100000000)
[2020-12-28T04:55:59.074-0500][gc,heap        ] GC(23347)   region size 1024K, 1 young (1024K), 1 survivors (1024K)
[2020-12-28T04:55:59.074-0500][gc,heap        ] GC(23347)  Metaspace       used 50313K, capacity 52468K, committed 53888K, reserved 1093632K
[2020-12-28T04:55:59.074-0500][gc,heap        ] GC(23347)   class space    used 7457K, capacity 8250K, committed 8832K, reserved 1048576K
[2020-12-28T04:55:59.074-0500][gc             ] GC(23347) Pause Young (Normal) (G1 Evacuation Pause) 50M->42M(63M) 3.974ms
[2020-12-28T04:55:59.074-0500][gc,cpu         ] GC(23347) User=0.00s Sys=0.00s Real=0.00s
[2020-12-28T04:56:45.190-0500][gc,task        ] GC(23348) Using 5 workers of 8 for full compaction
[2020-12-28T04:56:45.190-0500][gc,start       ] GC(23348) Pause Full (System.gc())
[2020-12-28T04:56:45.190-0500][gc,heap        ] GC(23348) Heap before GC invocations=23348 (full 5332): garbage-first heap   total 64512K, used 45424K [0x0000000083000000, 0x0000000100000000)
[2020-12-28T04:56:45.190-0500][gc,heap        ] GC(23348)   region size 1024K, 4 young (4096K), 1 survivors (1024K)
[2020-12-28T04:56:45.190-0500][gc,heap        ] GC(23348)  Metaspace       used 50313K, capacity 52468K, committed 53888K, reserved 1093632K
[2020-12-28T04:56:45.190-0500][gc,heap        ] GC(23348)   class space    used 7457K, capacity 8250K, committed 8832K, reserved 1048576K
[2020-12-28T04:56:45.190-0500][gc,phases,start] GC(23348) Phase 1: Mark live objects
[2020-12-28T04:56:45.229-0500][gc,stringtable ] GC(23348) Cleaned string and symbol table, strings: 33317 processed, 4 removed, symbols: 120973 processed, 0 removed
[2020-12-28T04:56:45.229-0500][gc,phases      ] GC(23348) Phase 1: Mark live objects 38.704ms
[2020-12-28T04:56:45.229-0500][gc,phases,start] GC(23348) Phase 2: Prepare for compaction
[2020-12-28T04:56:45.233-0500][gc,phases      ] GC(23348) Phase 2: Prepare for compaction 3.613ms
[2020-12-28T04:56:45.233-0500][gc,phases,start] GC(23348) Phase 3: Adjust pointers
[2020-12-28T04:56:45.243-0500][gc,phases      ] GC(23348) Phase 3: Adjust pointers 10.318ms
[2020-12-28T04:56:45.243-0500][gc,phases,start] GC(23348) Phase 4: Compact heap
[2020-12-28T04:56:45.246-0500][gc,phases      ] GC(23348) Phase 4: Compact heap 2.770ms
[2020-12-28T04:56:45.250-0500][gc,heap        ] GC(23348) Eden regions: 3->0(9)
[2020-12-28T04:56:45.251-0500][gc,heap        ] GC(23348) Survivor regions: 1->0(2)
[2020-12-28T04:56:45.251-0500][gc,heap        ] GC(23348) Old regions: 42->42
[2020-12-28T04:56:45.251-0500][gc,heap        ] GC(23348) Humongous regions: 4->4
[2020-12-28T04:56:45.251-0500][gc,metaspace   ] GC(23348) Metaspace: 50313K->50313K(1093632K)
[2020-12-28T04:56:45.251-0500][gc,heap        ] GC(23348) Heap after GC invocations=23349 (full 5333): garbage-first heap   total 64512K, used 43329K [0x0000000083000000, 0x0000000100000000)
[2020-12-28T04:56:45.251-0500][gc,heap        ] GC(23348)   region size 1024K, 0 young (0K), 0 survivors (0K)
[2020-12-28T04:56:45.251-0500][gc,heap        ] GC(23348)  Metaspace       used 50313K, capacity 52468K, committed 53888K, reserved 1093632K
[2020-12-28T04:56:45.251-0500][gc,heap        ] GC(23348)   class space    used 7457K, capacity 8250K, committed 8832K, reserved 1048576K
[2020-12-28T04:56:45.251-0500][gc             ] GC(23348) Pause Full (System.gc()) 45M->42M(63M) 60.955ms
[2020-12-28T04:56:45.251-0500][gc,cpu         ] GC(23348) User=0.27s Sys=0.00s Real=0.06s
[2020-12-28T04:58:59.060-0500][gc,heap        ] GC(23349) Heap before GC invocations=23349 (full 5333): garbage-first heap   total 64512K, used 51521K [0x0000000083000000, 0x0000000100000000)
[2020-12-28T04:58:59.060-0500][gc,heap        ] GC(23349)   region size 1024K, 9 young (9216K), 0 survivors (0K)
[2020-12-28T04:58:59.060-0500][gc,heap        ] GC(23349)  Metaspace       used 50313K, capacity 52468K, committed 53888K, reserved 1093632K
[2020-12-28T04:58:59.060-0500][gc,heap        ] GC(23349)   class space    used 7457K, capacity 8250K, committed 8832K, reserved 1048576K
[2020-12-28T04:58:59.060-0500][gc,start       ] GC(23349) Pause Young (Normal) (G1 Evacuation Pause)
[2020-12-28T04:58:59.060-0500][gc,task        ] GC(23349) Using 8 workers of 8 for evacuation
[2020-12-28T04:58:59.062-0500][gc,phases      ] GC(23349)   Pre Evacuate Collection Set: 0.0ms
[2020-12-28T04:58:59.062-0500][gc,phases      ] GC(23349)   Evacuate Collection Set: 0.8ms
[2020-12-28T04:58:59.062-0500][gc,phases      ] GC(23349)   Post Evacuate Collection Set: 0.9ms
[2020-12-28T04:58:59.062-0500][gc,phases      ] GC(23349)   Other: 0.2ms
[2020-12-28T04:58:59.062-0500][gc,heap        ] GC(23349) Eden regions: 9->0(8)
[2020-12-28T04:58:59.062-0500][gc,heap        ] GC(23349) Survivor regions: 0->1(2)
[2020-12-28T04:58:59.062-0500][gc,heap        ] GC(23349) Old regions: 42->42
[2020-12-28T04:58:59.062-0500][gc,heap        ] GC(23349) Humongous regions: 4->4
[2020-12-28T04:58:59.062-0500][gc,metaspace   ] GC(23349) Metaspace: 50313K->50313K(1093632K)
[2020-12-28T04:58:59.062-0500][gc,heap        ] GC(23349) Heap after GC invocations=23350 (full 5333): garbage-first heap   total 64512K, used 43409K [0x0000000083000000, 0x0000000100000000)
[2020-12-28T04:58:59.062-0500][gc,heap        ] GC(23349)   region size 1024K, 1 young (1024K), 1 survivors (1024K)
[2020-12-28T04:58:59.062-0500][gc,heap        ] GC(23349)  Metaspace       used 50313K, capacity 52468K, committed 53888K, reserved 1093632K
[2020-12-28T04:58:59.062-0500][gc,heap        ] GC(23349)   class space    used 7457K, capacity 8250K, committed 8832K, reserved 1048576K
[2020-12-28T04:58:59.062-0500][gc             ] GC(23349) Pause Young (Normal) (G1 Evacuation Pause) 51M->42M(63M) 2.026ms
[2020-12-28T04:58:59.062-0500][gc,cpu         ] GC(23349) User=0.01s Sys=0.01s Real=0.00s
[2020-12-28T05:00:59.063-0500][gc,heap        ] GC(23350) Heap before GC invocations=23350 (full 5333): garbage-first heap   total 64512K, used 50577K [0x0000000083000000, 0x0000000100000000)
[2020-12-28T05:00:59.063-0500][gc,heap        ] GC(23350)   region size 1024K, 9 young (9216K), 1 survivors (1024K)
[2020-12-28T05:00:59.063-0500][gc,heap        ] GC(23350)  Metaspace       used 50313K, capacity 52468K, committed 53888K, reserved 1093632K
[2020-12-28T05:00:59.063-0500][gc,heap        ] GC(23350)   class space    used 7457K, capacity 8250K, committed 8832K, reserved 1048576K
[2020-12-28T05:00:59.064-0500][gc,start       ] GC(23350) Pause Young (Normal) (G1 Evacuation Pause)
[2020-12-28T05:00:59.064-0500][gc,task        ] GC(23350) Using 8 workers of 8 for evacuation
[2020-12-28T05:00:59.066-0500][gc,phases      ] GC(23350)   Pre Evacuate Collection Set: 0.1ms
[2020-12-28T05:00:59.066-0500][gc,phases      ] GC(23350)   Evacuate Collection Set: 0.9ms
[2020-12-28T05:00:59.066-0500][gc,phases      ] GC(23350)   Post Evacuate Collection Set: 1.3ms
[2020-12-28T05:00:59.066-0500][gc,phases      ] GC(23350)   Other: 0.4ms
[2020-12-28T05:00:59.066-0500][gc,heap        ] GC(23350) Eden regions: 8->0(8)
[2020-12-28T05:00:59.066-0500][gc,heap        ] GC(23350) Survivor regions: 1->1(2)
[2020-12-28T05:00:59.066-0500][gc,heap        ] GC(23350) Old regions: 42->42
[2020-12-28T05:00:59.066-0500][gc,heap        ] GC(23350) Humongous regions: 4->4
[2020-12-28T05:00:59.066-0500][gc,metaspace   ] GC(23350) Metaspace: 50313K->50313K(1093632K)
[2020-12-28T05:00:59.066-0500][gc,heap        ] GC(23350) Heap after GC invocations=23351 (full 5333): garbage-first heap   total 64512K, used 43408K [0x0000000083000000, 0x0000000100000000)
[2020-12-28T05:00:59.066-0500][gc,heap        ] GC(23350)   region size 1024K, 1 young (1024K), 1 survivors (1024K)
[2020-12-28T05:00:59.066-0500][gc,heap        ] GC(23350)  Metaspace       used 50313K, capacity 52468K, committed 53888K, reserved 1093632K
[2020-12-28T05:00:59.066-0500][gc,heap        ] GC(23350)   class space    used 7457K, capacity 8250K, committed 8832K, reserved 1048576K
[2020-12-28T05:00:59.066-0500][gc             ] GC(23350) Pause Young (Normal) (G1 Evacuation Pause) 50M->42M(63M) 2.871ms
[2020-12-28T05:00:59.067-0500][gc,cpu         ] GC(23350) User=0.00s Sys=0.01s Real=0.00s
[2020-12-28T05:01:45.188-0500][gc,task        ] GC(23351) Using 5 workers of 8 for full compaction
[2020-12-28T05:01:45.189-0500][gc,start       ] GC(23351) Pause Full (System.gc())
[2020-12-28T05:01:45.189-0500][gc,heap        ] GC(23351) Heap before GC invocations=23351 (full 5333): garbage-first heap   total 64512K, used 46480K [0x0000000083000000, 0x0000000100000000)
[2020-12-28T05:01:45.189-0500][gc,heap        ] GC(23351)   region size 1024K, 5 young (5120K), 1 survivors (1024K)
[2020-12-28T05:01:45.189-0500][gc,heap        ] GC(23351)  Metaspace       used 50313K, capacity 52468K, committed 53888K, reserved 1093632K
[2020-12-28T05:01:45.189-0500][gc,heap        ] GC(23351)   class space    used 7457K, capacity 8250K, committed 8832K, reserved 1048576K
[2020-12-28T05:01:45.189-0500][gc,phases,start] GC(23351) Phase 1: Mark live objects
[2020-12-28T05:01:45.210-0500][gc,stringtable ] GC(23351) Cleaned string and symbol table, strings: 33317 processed, 4 removed, symbols: 120973 processed, 0 removed
[2020-12-28T05:01:45.210-0500][gc,phases      ] GC(23351) Phase 1: Mark live objects 21.104ms
[2020-12-28T05:01:45.210-0500][gc,phases,start] GC(23351) Phase 2: Prepare for compaction
[2020-12-28T05:01:45.213-0500][gc,phases      ] GC(23351) Phase 2: Prepare for compaction 3.400ms
[2020-12-28T05:01:45.213-0500][gc,phases,start] GC(23351) Phase 3: Adjust pointers
[2020-12-28T05:01:45.224-0500][gc,phases      ] GC(23351) Phase 3: Adjust pointers 10.015ms
[2020-12-28T05:01:45.224-0500][gc,phases,start] GC(23351) Phase 4: Compact heap
[2020-12-28T05:01:45.226-0500][gc,phases      ] GC(23351) Phase 4: Compact heap 2.912ms
[2020-12-28T05:01:45.231-0500][gc,heap        ] GC(23351) Eden regions: 4->0(9)
[2020-12-28T05:01:45.231-0500][gc,heap        ] GC(23351) Survivor regions: 1->0(2)
[2020-12-28T05:01:45.231-0500][gc,heap        ] GC(23351) Old regions: 42->42
[2020-12-28T05:01:45.231-0500][gc,heap        ] GC(23351) Humongous regions: 4->4
[2020-12-28T05:01:45.231-0500][gc,metaspace   ] GC(23351) Metaspace: 50313K->50313K(1093632K)
[2020-12-28T05:01:45.231-0500][gc,heap        ] GC(23351) Heap after GC invocations=23352 (full 5334): garbage-first heap   total 64512K, used 43330K [0x0000000083000000, 0x0000000100000000)
[2020-12-28T05:01:45.231-0500][gc,heap        ] GC(23351)   region size 1024K, 0 young (0K), 0 survivors (0K)
[2020-12-28T05:01:45.231-0500][gc,heap        ] GC(23351)  Metaspace       used 50313K, capacity 52468K, committed 53888K, reserved 1093632K
[2020-12-28T05:01:45.231-0500][gc,heap        ] GC(23351)   class space    used 7457K, capacity 8250K, committed 8832K, reserved 1048576K
[2020-12-28T05:01:45.231-0500][gc             ] GC(23351) Pause Full (System.gc()) 45M->42M(63M) 42.791ms
[2020-12-28T05:01:45.231-0500][gc,cpu         ] GC(23351) User=0.18s Sys=0.00s Real=0.04s
[2020-12-28T05:03:59.060-0500][gc,heap        ] GC(23352) Heap before GC invocations=23352 (full 5334): garbage-first heap   total 64512K, used 51522K [0x0000000083000000, 0x0000000100000000)
[2020-12-28T05:03:59.060-0500][gc,heap        ] GC(23352)   region size 1024K, 9 young (9216K), 0 survivors (0K)
[2020-12-28T05:03:59.060-0500][gc,heap        ] GC(23352)  Metaspace       used 50313K, capacity 52468K, committed 53888K, reserved 1093632K
[2020-12-28T05:03:59.060-0500][gc,heap        ] GC(23352)   class space    used 7457K, capacity 8250K, committed 8832K, reserved 1048576K
[2020-12-28T05:03:59.060-0500][gc,start       ] GC(23352) Pause Young (Normal) (G1 Evacuation Pause)
[2020-12-28T05:03:59.060-0500][gc,task        ] GC(23352) Using 8 workers of 8 for evacuation
[2020-12-28T05:03:59.063-0500][gc,phases      ] GC(23352)   Pre Evacuate Collection Set: 0.0ms
[2020-12-28T05:03:59.063-0500][gc,phases      ] GC(23352)   Evacuate Collection Set: 1.2ms
[2020-12-28T05:03:59.063-0500][gc,phases      ] GC(23352)   Post Evacuate Collection Set: 1.5ms
[2020-12-28T05:03:59.063-0500][gc,phases      ] GC(23352)   Other: 0.5ms
[2020-12-28T05:03:59.063-0500][gc,heap        ] GC(23352) Eden regions: 9->0(8)
[2020-12-28T05:03:59.064-0500][gc,heap        ] GC(23352) Survivor regions: 0->1(2)
[2020-12-28T05:03:59.064-0500][gc,heap        ] GC(23352) Old regions: 42->42
[2020-12-28T05:03:59.064-0500][gc,heap        ] GC(23352) Humongous regions: 4->4
[2020-12-28T05:03:59.064-0500][gc,metaspace   ] GC(23352) Metaspace: 50313K->50313K(1093632K)
[2020-12-28T05:03:59.064-0500][gc,heap        ] GC(23352) Heap after GC invocations=23353 (full 5334): garbage-first heap   total 64512K, used 43415K [0x0000000083000000, 0x0000000100000000)
[2020-12-28T05:03:59.064-0500][gc,heap        ] GC(23352)   region size 1024K, 1 young (1024K), 1 survivors (1024K)
[2020-12-28T05:03:59.064-0500][gc,heap        ] GC(23352)  Metaspace       used 50313K, capacity 52468K, committed 53888K, reserved 1093632K
[2020-12-28T05:03:59.064-0500][gc,heap        ] GC(23352)   class space    used 7457K, capacity 8250K, committed 8832K, reserved 1048576K
[2020-12-28T05:03:59.064-0500][gc             ] GC(23352) Pause Young (Normal) (G1 Evacuation Pause) 51M->42M(63M) 3.263ms
[2020-12-28T05:03:59.064-0500][gc,cpu         ] GC(23352) User=0.00s Sys=0.00s Real=0.00s
[2020-12-28T05:05:59.061-0500][gc,heap        ] GC(23353) Heap before GC invocations=23353 (full 5334): garbage-first heap   total 64512K, used 51607K [0x0000000083000000, 0x0000000100000000)
[2020-12-28T05:05:59.062-0500][gc,heap        ] GC(23353)   region size 1024K, 9 young (9216K), 1 survivors (1024K)
[2020-12-28T05:05:59.062-0500][gc,heap        ] GC(23353)  Metaspace       used 50313K, capacity 52468K, committed 53888K, reserved 1093632K
[2020-12-28T05:05:59.062-0500][gc,heap        ] GC(23353)   class space    used 7457K, capacity 8250K, committed 8832K, reserved 1048576K
[2020-12-28T05:05:59.062-0500][gc,start       ] GC(23353) Pause Young (Normal) (G1 Evacuation Pause)
[2020-12-28T05:05:59.062-0500][gc,task        ] GC(23353) Using 8 workers of 8 for evacuation
[2020-12-28T05:05:59.068-0500][gc,phases      ] GC(23353)   Pre Evacuate Collection Set: 0.0ms
[2020-12-28T05:05:59.068-0500][gc,phases      ] GC(23353)   Evacuate Collection Set: 2.5ms
[2020-12-28T05:05:59.068-0500][gc,phases      ] GC(23353)   Post Evacuate Collection Set: 3.5ms
[2020-12-28T05:05:59.068-0500][gc,phases      ] GC(23353)   Other: 0.5ms
[2020-12-28T05:05:59.068-0500][gc,heap        ] GC(23353) Eden regions: 8->0(8)
[2020-12-28T05:05:59.068-0500][gc,heap        ] GC(23353) Survivor regions: 1->1(2)
[2020-12-28T05:05:59.068-0500][gc,heap        ] GC(23353) Old regions: 42->42
[2020-12-28T05:05:59.068-0500][gc,heap        ] GC(23353) Humongous regions: 4->4
[2020-12-28T05:05:59.068-0500][gc,metaspace   ] GC(23353) Metaspace: 50313K->50313K(1093632K)
[2020-12-28T05:05:59.068-0500][gc,heap        ] GC(23353) Heap after GC invocations=23354 (full 5334): garbage-first heap   total 64512K, used 43413K [0x0000000083000000, 0x0000000100000000)
[2020-12-28T05:05:59.068-0500][gc,heap        ] GC(23353)   region size 1024K, 1 young (1024K), 1 survivors (1024K)
[2020-12-28T05:05:59.068-0500][gc,heap        ] GC(23353)  Metaspace       used 50313K, capacity 52468K, committed 53888K, reserved 1093632K
[2020-12-28T05:05:59.068-0500][gc,heap        ] GC(23353)   class space    used 7457K, capacity 8250K, committed 8832K, reserved 1048576K
[2020-12-28T05:05:59.069-0500][gc             ] GC(23353) Pause Young (Normal) (G1 Evacuation Pause) 50M->42M(63M) 6.831ms
[2020-12-28T05:05:59.069-0500][gc,cpu         ] GC(23353) User=0.02s Sys=0.00s Real=0.01s
[2020-12-28T05:06:45.190-0500][gc,task        ] GC(23354) Using 5 workers of 8 for full compaction
[2020-12-28T05:06:45.190-0500][gc,start       ] GC(23354) Pause Full (System.gc())
[2020-12-28T05:06:45.190-0500][gc,heap        ] GC(23354) Heap before GC invocations=23354 (full 5334): garbage-first heap   total 64512K, used 46485K [0x0000000083000000, 0x0000000100000000)
[2020-12-28T05:06:45.190-0500][gc,heap        ] GC(23354)   region size 1024K, 5 young (5120K), 1 survivors (1024K)
[2020-12-28T05:06:45.190-0500][gc,heap        ] GC(23354)  Metaspace       used 50313K, capacity 52468K, committed 53888K, reserved 1093632K
[2020-12-28T05:06:45.190-0500][gc,heap        ] GC(23354)   class space    used 7457K, capacity 8250K, committed 8832K, reserved 1048576K
[2020-12-28T05:06:45.191-0500][gc,phases,start] GC(23354) Phase 1: Mark live objects
[2020-12-28T05:06:45.234-0500][gc,stringtable ] GC(23354) Cleaned string and symbol table, strings: 33317 processed, 4 removed, symbols: 120973 processed, 0 removed
[2020-12-28T05:06:45.234-0500][gc,phases      ] GC(23354) Phase 1: Mark live objects 43.242ms
[2020-12-28T05:06:45.234-0500][gc,phases,start] GC(23354) Phase 2: Prepare for compaction
[2020-12-28T05:06:45.238-0500][gc,phases      ] GC(23354) Phase 2: Prepare for compaction 3.735ms
[2020-12-28T05:06:45.238-0500][gc,phases,start] GC(23354) Phase 3: Adjust pointers
[2020-12-28T05:06:45.250-0500][gc,phases      ] GC(23354) Phase 3: Adjust pointers 11.688ms
[2020-12-28T05:06:45.250-0500][gc,phases,start] GC(23354) Phase 4: Compact heap
[2020-12-28T05:06:45.254-0500][gc,phases      ] GC(23354) Phase 4: Compact heap 3.862ms
[2020-12-28T05:06:45.259-0500][gc,heap        ] GC(23354) Eden regions: 4->0(10)
[2020-12-28T05:06:45.259-0500][gc,heap        ] GC(23354) Survivor regions: 1->0(2)
[2020-12-28T05:06:45.259-0500][gc,heap        ] GC(23354) Old regions: 42->41
[2020-12-28T05:06:45.259-0500][gc,heap        ] GC(23354) Humongous regions: 4->4
[2020-12-28T05:06:45.259-0500][gc,metaspace   ] GC(23354) Metaspace: 50313K->50313K(1093632K)
[2020-12-28T05:06:45.259-0500][gc,heap        ] GC(23354) Heap after GC invocations=23355 (full 5335): garbage-first heap   total 64512K, used 43324K [0x0000000083000000, 0x0000000100000000)
[2020-12-28T05:06:45.259-0500][gc,heap        ] GC(23354)   region size 1024K, 0 young (0K), 0 survivors (0K)
[2020-12-28T05:06:45.259-0500][gc,heap        ] GC(23354)  Metaspace       used 50313K, capacity 52468K, committed 53888K, reserved 1093632K
[2020-12-28T05:06:45.259-0500][gc,heap        ] GC(23354)   class space    used 7457K, capacity 8250K, committed 8832K, reserved 1048576K
[2020-12-28T05:06:45.259-0500][gc             ] GC(23354) Pause Full (System.gc()) 45M->42M(63M) 68.456ms
[2020-12-28T05:06:45.259-0500][gc,cpu         ] GC(23354) User=0.30s Sys=0.00s Real=0.07s
[2020-12-28T05:09:09.060-0500][gc,heap        ] GC(23355) Heap before GC invocations=23355 (full 5335): garbage-first heap   total 64512K, used 52540K [0x0000000083000000, 0x0000000100000000)
[2020-12-28T05:09:09.060-0500][gc,heap        ] GC(23355)   region size 1024K, 10 young (10240K), 0 survivors (0K)
[2020-12-28T05:09:09.060-0500][gc,heap        ] GC(23355)  Metaspace       used 50313K, capacity 52468K, committed 53888K, reserved 1093632K
[2020-12-28T05:09:09.060-0500][gc,heap        ] GC(23355)   class space    used 7457K, capacity 8250K, committed 8832K, reserved 1048576K
[2020-12-28T05:09:09.060-0500][gc,start       ] GC(23355) Pause Young (Normal) (G1 Evacuation Pause)
[2020-12-28T05:09:09.060-0500][gc,task        ] GC(23355) Using 8 workers of 8 for evacuation
[2020-12-28T05:09:09.064-0500][gc,phases      ] GC(23355)   Pre Evacuate Collection Set: 0.0ms
[2020-12-28T05:09:09.064-0500][gc,phases      ] GC(23355)   Evacuate Collection Set: 1.3ms
[2020-12-28T05:09:09.064-0500][gc,phases      ] GC(23355)   Post Evacuate Collection Set: 2.2ms
[2020-12-28T05:09:09.064-0500][gc,phases      ] GC(23355)   Other: 0.5ms
[2020-12-28T05:09:09.064-0500][gc,heap        ] GC(23355) Eden regions: 10->0(9)
[2020-12-28T05:09:09.064-0500][gc,heap        ] GC(23355) Survivor regions: 0->1(2)
[2020-12-28T05:09:09.064-0500][gc,heap        ] GC(23355) Old regions: 41->41
[2020-12-28T05:09:09.064-0500][gc,heap        ] GC(23355) Humongous regions: 4->4
[2020-12-28T05:09:09.064-0500][gc,metaspace   ] GC(23355) Metaspace: 50313K->50313K(1093632K)
[2020-12-28T05:09:09.064-0500][gc,heap        ] GC(23355) Heap after GC invocations=23356 (full 5335): garbage-first heap   total 64512K, used 43401K [0x0000000083000000, 0x0000000100000000)
[2020-12-28T05:09:09.064-0500][gc,heap        ] GC(23355)   region size 1024K, 1 young (1024K), 1 survivors (1024K)
[2020-12-28T05:09:09.064-0500][gc,heap        ] GC(23355)  Metaspace       used 50313K, capacity 52468K, committed 53888K, reserved 1093632K
[2020-12-28T05:09:09.064-0500][gc,heap        ] GC(23355)   class space    used 7457K, capacity 8250K, committed 8832K, reserved 1048576K
[2020-12-28T05:09:09.065-0500][gc             ] GC(23355) Pause Young (Normal) (G1 Evacuation Pause) 52M->42M(63M) 4.138ms
[2020-12-28T05:09:09.065-0500][gc,cpu         ] GC(23355) User=0.00s Sys=0.01s Real=0.00s
[2020-12-28T05:11:20.901-0500][gc,heap        ] GC(23356) Heap before GC invocations=23356 (full 5335): garbage-first heap   total 64512K, used 51593K [0x0000000083000000, 0x0000000100000000)
[2020-12-28T05:11:20.901-0500][gc,heap        ] GC(23356)   region size 1024K, 10 young (10240K), 1 survivors (1024K)
[2020-12-28T05:11:20.901-0500][gc,heap        ] GC(23356)  Metaspace       used 50313K, capacity 52468K, committed 53888K, reserved 1093632K
[2020-12-28T05:11:20.901-0500][gc,heap        ] GC(23356)   class space    used 7457K, capacity 8250K, committed 8832K, reserved 1048576K
[2020-12-28T05:11:20.901-0500][gc,start       ] GC(23356) Pause Young (Normal) (G1 Evacuation Pause)
[2020-12-28T05:11:20.901-0500][gc,task        ] GC(23356) Using 8 workers of 8 for evacuation
[2020-12-28T05:11:20.908-0500][gc,phases      ] GC(23356)   Pre Evacuate Collection Set: 0.0ms
[2020-12-28T05:11:20.908-0500][gc,phases      ] GC(23356)   Evacuate Collection Set: 3.3ms
[2020-12-28T05:11:20.908-0500][gc,phases      ] GC(23356)   Post Evacuate Collection Set: 2.7ms
[2020-12-28T05:11:20.908-0500][gc,phases      ] GC(23356)   Other: 0.5ms
[2020-12-28T05:11:20.908-0500][gc,heap        ] GC(23356) Eden regions: 9->0(9)
[2020-12-28T05:11:20.908-0500][gc,heap        ] GC(23356) Survivor regions: 1->1(2)
[2020-12-28T05:11:20.908-0500][gc,heap        ] GC(23356) Old regions: 41->41
[2020-12-28T05:11:20.908-0500][gc,heap        ] GC(23356) Humongous regions: 4->4
[2020-12-28T05:11:20.908-0500][gc,metaspace   ] GC(23356) Metaspace: 50313K->50313K(1093632K)
[2020-12-28T05:11:20.908-0500][gc,heap        ] GC(23356) Heap after GC invocations=23357 (full 5335): garbage-first heap   total 64512K, used 43374K [0x0000000083000000, 0x0000000100000000)
[2020-12-28T05:11:20.908-0500][gc,heap        ] GC(23356)   region size 1024K, 1 young (1024K), 1 survivors (1024K)
[2020-12-28T05:11:20.908-0500][gc,heap        ] GC(23356)  Metaspace       used 50313K, capacity 52468K, committed 53888K, reserved 1093632K
[2020-12-28T05:11:20.908-0500][gc,heap        ] GC(23356)   class space    used 7457K, capacity 8250K, committed 8832K, reserved 1048576K
[2020-12-28T05:11:20.908-0500][gc             ] GC(23356) Pause Young (Normal) (G1 Evacuation Pause) 51M->42M(63M) 6.781ms
[2020-12-28T05:11:20.908-0500][gc,cpu         ] GC(23356) User=0.02s Sys=0.01s Real=0.01s
[2020-12-28T05:11:45.189-0500][gc,task        ] GC(23357) Using 5 workers of 8 for full compaction
[2020-12-28T05:11:45.190-0500][gc,start       ] GC(23357) Pause Full (System.gc())
[2020-12-28T05:11:45.190-0500][gc,heap        ] GC(23357) Heap before GC invocations=23357 (full 5335): garbage-first heap   total 64512K, used 44398K [0x0000000083000000, 0x0000000100000000)
[2020-12-28T05:11:45.190-0500][gc,heap        ] GC(23357)   region size 1024K, 3 young (3072K), 1 survivors (1024K)
[2020-12-28T05:11:45.190-0500][gc,heap        ] GC(23357)  Metaspace       used 50313K, capacity 52468K, committed 53888K, reserved 1093632K
[2020-12-28T05:11:45.190-0500][gc,heap        ] GC(23357)   class space    used 7457K, capacity 8250K, committed 8832K, reserved 1048576K
[2020-12-28T05:11:45.191-0500][gc,phases,start] GC(23357) Phase 1: Mark live objects
[2020-12-28T05:11:45.236-0500][gc,stringtable ] GC(23357) Cleaned string and symbol table, strings: 33317 processed, 4 removed, symbols: 120973 processed, 0 removed
[2020-12-28T05:11:45.236-0500][gc,phases      ] GC(23357) Phase 1: Mark live objects 45.335ms
[2020-12-28T05:11:45.236-0500][gc,phases,start] GC(23357) Phase 2: Prepare for compaction
[2020-12-28T05:11:45.240-0500][gc,phases      ] GC(23357) Phase 2: Prepare for compaction 3.792ms
[2020-12-28T05:11:45.240-0500][gc,phases,start] GC(23357) Phase 3: Adjust pointers
[2020-12-28T05:11:45.250-0500][gc,phases      ] GC(23357) Phase 3: Adjust pointers 9.966ms
[2020-12-28T05:11:45.250-0500][gc,phases,start] GC(23357) Phase 4: Compact heap
[2020-12-28T05:11:45.253-0500][gc,phases      ] GC(23357) Phase 4: Compact heap 2.672ms
[2020-12-28T05:11:45.257-0500][gc,heap        ] GC(23357) Eden regions: 2->0(10)
[2020-12-28T05:11:45.257-0500][gc,heap        ] GC(23357) Survivor regions: 1->0(2)
[2020-12-28T05:11:45.257-0500][gc,heap        ] GC(23357) Old regions: 41->41
[2020-12-28T05:11:45.257-0500][gc,heap        ] GC(23357) Humongous regions: 4->4
[2020-12-28T05:11:45.257-0500][gc,metaspace   ] GC(23357) Metaspace: 50313K->50313K(1093632K)
[2020-12-28T05:11:45.257-0500][gc,heap        ] GC(23357) Heap after GC invocations=23358 (full 5336): garbage-first heap   total 64512K, used 43313K [0x0000000083000000, 0x0000000100000000)
[2020-12-28T05:11:45.257-0500][gc,heap        ] GC(23357)   region size 1024K, 0 young (0K), 0 survivors (0K)
[2020-12-28T05:11:45.257-0500][gc,heap        ] GC(23357)  Metaspace       used 50313K, capacity 52468K, committed 53888K, reserved 1093632K
[2020-12-28T05:11:45.257-0500][gc,heap        ] GC(23357)   class space    used 7457K, capacity 8250K, committed 8832K, reserved 1048576K
[2020-12-28T05:11:45.257-0500][gc             ] GC(23357) Pause Full (System.gc()) 43M->42M(63M) 67.132ms
[2020-12-28T05:11:45.257-0500][gc,cpu         ] GC(23357) User=0.29s Sys=0.00s Real=0.06s
[2020-12-28T05:14:12.638-0500][gc,heap        ] GC(23358) Heap before GC invocations=23358 (full 5336): garbage-first heap   total 64512K, used 52529K [0x0000000083000000, 0x0000000100000000)
[2020-12-28T05:14:12.638-0500][gc,heap        ] GC(23358)   region size 1024K, 10 young (10240K), 0 survivors (0K)
[2020-12-28T05:14:12.638-0500][gc,heap        ] GC(23358)  Metaspace       used 50313K, capacity 52468K, committed 53888K, reserved 1093632K
[2020-12-28T05:14:12.638-0500][gc,heap        ] GC(23358)   class space    used 7457K, capacity 8250K, committed 8832K, reserved 1048576K
[2020-12-28T05:14:12.638-0500][gc,start       ] GC(23358) Pause Young (Normal) (G1 Evacuation Pause)
[2020-12-28T05:14:12.638-0500][gc,task        ] GC(23358) Using 8 workers of 8 for evacuation
[2020-12-28T05:14:12.645-0500][gc,phases      ] GC(23358)   Pre Evacuate Collection Set: 0.0ms
[2020-12-28T05:14:12.645-0500][gc,phases      ] GC(23358)   Evacuate Collection Set: 1.4ms
[2020-12-28T05:14:12.645-0500][gc,phases      ] GC(23358)   Post Evacuate Collection Set: 4.7ms
[2020-12-28T05:14:12.645-0500][gc,phases      ] GC(23358)   Other: 0.4ms
[2020-12-28T05:14:12.645-0500][gc,heap        ] GC(23358) Eden regions: 10->0(9)
[2020-12-28T05:14:12.645-0500][gc,heap        ] GC(23358) Survivor regions: 0->1(2)
[2020-12-28T05:14:12.645-0500][gc,heap        ] GC(23358) Old regions: 41->41
[2020-12-28T05:14:12.645-0500][gc,heap        ] GC(23358) Humongous regions: 4->4
[2020-12-28T05:14:12.645-0500][gc,metaspace   ] GC(23358) Metaspace: 50313K->50313K(1093632K)
[2020-12-28T05:14:12.645-0500][gc,heap        ] GC(23358) Heap after GC invocations=23359 (full 5336): garbage-first heap   total 64512K, used 43382K [0x0000000083000000, 0x0000000100000000)
[2020-12-28T05:14:12.645-0500][gc,heap        ] GC(23358)   region size 1024K, 1 young (1024K), 1 survivors (1024K)
[2020-12-28T05:14:12.645-0500][gc,heap        ] GC(23358)  Metaspace       used 50313K, capacity 52468K, committed 53888K, reserved 1093632K
[2020-12-28T05:14:12.645-0500][gc,heap        ] GC(23358)   class space    used 7457K, capacity 8250K, committed 8832K, reserved 1048576K
[2020-12-28T05:14:12.645-0500][gc             ] GC(23358) Pause Young (Normal) (G1 Evacuation Pause) 52M->42M(63M) 6.657ms
[2020-12-28T05:14:12.645-0500][gc,cpu         ] GC(23358) User=0.02s Sys=0.00s Real=0.00s
[2020-12-28T05:16:29.063-0500][gc,heap        ] GC(23359) Heap before GC invocations=23359 (full 5336): garbage-first heap   total 64512K, used 51574K [0x0000000083000000, 0x0000000100000000)
[2020-12-28T05:16:29.063-0500][gc,heap        ] GC(23359)   region size 1024K, 10 young (10240K), 1 survivors (1024K)
[2020-12-28T05:16:29.063-0500][gc,heap        ] GC(23359)  Metaspace       used 50313K, capacity 52468K, committed 53888K, reserved 1093632K
[2020-12-28T05:16:29.063-0500][gc,heap        ] GC(23359)   class space    used 7457K, capacity 8250K, committed 8832K, reserved 1048576K
[2020-12-28T05:16:29.063-0500][gc,start       ] GC(23359) Pause Young (Normal) (G1 Evacuation Pause)
[2020-12-28T05:16:29.063-0500][gc,task        ] GC(23359) Using 8 workers of 8 for evacuation
[2020-12-28T05:16:29.068-0500][gc,phases      ] GC(23359)   Pre Evacuate Collection Set: 0.0ms
[2020-12-28T05:16:29.068-0500][gc,phases      ] GC(23359)   Evacuate Collection Set: 1.4ms
[2020-12-28T05:16:29.068-0500][gc,phases      ] GC(23359)   Post Evacuate Collection Set: 3.3ms
[2020-12-28T05:16:29.068-0500][gc,phases      ] GC(23359)   Other: 0.5ms
[2020-12-28T05:16:29.068-0500][gc,heap        ] GC(23359) Eden regions: 9->0(9)
[2020-12-28T05:16:29.068-0500][gc,heap        ] GC(23359) Survivor regions: 1->1(2)
[2020-12-28T05:16:29.068-0500][gc,heap        ] GC(23359) Old regions: 41->41
[2020-12-28T05:16:29.068-0500][gc,heap        ] GC(23359) Humongous regions: 4->4
[2020-12-28T05:16:29.068-0500][gc,metaspace   ] GC(23359) Metaspace: 50313K->50313K(1093632K)
[2020-12-28T05:16:29.068-0500][gc,heap        ] GC(23359) Heap after GC invocations=23360 (full 5336): garbage-first heap   total 64512K, used 43380K [0x0000000083000000, 0x0000000100000000)
[2020-12-28T05:16:29.068-0500][gc,heap        ] GC(23359)   region size 1024K, 1 young (1024K), 1 survivors (1024K)
[2020-12-28T05:16:29.068-0500][gc,heap        ] GC(23359)  Metaspace       used 50313K, capacity 52468K, committed 53888K, reserved 1093632K
[2020-12-28T05:16:29.068-0500][gc,heap        ] GC(23359)   class space    used 7457K, capacity 8250K, committed 8832K, reserved 1048576K
[2020-12-28T05:16:29.068-0500][gc             ] GC(23359) Pause Young (Normal) (G1 Evacuation Pause) 51M->42M(63M) 5.467ms
[2020-12-28T05:16:29.069-0500][gc,cpu         ] GC(23359) User=0.00s Sys=0.01s Real=0.01s
[2020-12-28T05:16:45.192-0500][gc,task        ] GC(23360) Using 5 workers of 8 for full compaction
[2020-12-28T05:16:45.192-0500][gc,start       ] GC(23360) Pause Full (System.gc())
[2020-12-28T05:16:45.192-0500][gc,heap        ] GC(23360) Heap before GC invocations=23360 (full 5336): garbage-first heap   total 64512K, used 44404K [0x0000000083000000, 0x0000000100000000)
[2020-12-28T05:16:45.192-0500][gc,heap        ] GC(23360)   region size 1024K, 3 young (3072K), 1 survivors (1024K)
[2020-12-28T05:16:45.192-0500][gc,heap        ] GC(23360)  Metaspace       used 50313K, capacity 52468K, committed 53888K, reserved 1093632K
[2020-12-28T05:16:45.192-0500][gc,heap        ] GC(23360)   class space    used 7457K, capacity 8250K, committed 8832K, reserved 1048576K
[2020-12-28T05:16:45.193-0500][gc,phases,start] GC(23360) Phase 1: Mark live objects
[2020-12-28T05:16:45.239-0500][gc,stringtable ] GC(23360) Cleaned string and symbol table, strings: 33317 processed, 4 removed, symbols: 120973 processed, 0 removed
[2020-12-28T05:16:45.239-0500][gc,phases      ] GC(23360) Phase 1: Mark live objects 46.431ms
[2020-12-28T05:16:45.239-0500][gc,phases,start] GC(23360) Phase 2: Prepare for compaction
[2020-12-28T05:16:45.242-0500][gc,phases      ] GC(23360) Phase 2: Prepare for compaction 3.013ms
[2020-12-28T05:16:45.242-0500][gc,phases,start] GC(23360) Phase 3: Adjust pointers
[2020-12-28T05:16:45.253-0500][gc,phases      ] GC(23360) Phase 3: Adjust pointers 11.029ms
[2020-12-28T05:16:45.253-0500][gc,phases,start] GC(23360) Phase 4: Compact heap
[2020-12-28T05:16:45.256-0500][gc,phases      ] GC(23360) Phase 4: Compact heap 2.827ms
[2020-12-28T05:16:45.260-0500][gc,heap        ] GC(23360) Eden regions: 2->0(10)
[2020-12-28T05:16:45.260-0500][gc,heap        ] GC(23360) Survivor regions: 1->0(2)
[2020-12-28T05:16:45.260-0500][gc,heap        ] GC(23360) Old regions: 41->41
[2020-12-28T05:16:45.260-0500][gc,heap        ] GC(23360) Humongous regions: 4->4
[2020-12-28T05:16:45.260-0500][gc,metaspace   ] GC(23360) Metaspace: 50313K->50313K(1093632K)
[2020-12-28T05:16:45.260-0500][gc,heap        ] GC(23360) Heap after GC invocations=23361 (full 5337): garbage-first heap   total 64512K, used 43312K [0x0000000083000000, 0x0000000100000000)
[2020-12-28T05:16:45.260-0500][gc,heap        ] GC(23360)   region size 1024K, 0 young (0K), 0 survivors (0K)
[2020-12-28T05:16:45.261-0500][gc,heap        ] GC(23360)  Metaspace       used 50313K, capacity 52468K, committed 53888K, reserved 1093632K
[2020-12-28T05:16:45.261-0500][gc,heap        ] GC(23360)   class space    used 7457K, capacity 8250K, committed 8832K, reserved 1048576K
[2020-12-28T05:16:45.261-0500][gc             ] GC(23360) Pause Full (System.gc()) 43M->42M(63M) 68.352ms
[2020-12-28T05:16:45.261-0500][gc,cpu         ] GC(23360) User=0.30s Sys=0.00s Real=0.07s
[2020-12-28T05:19:09.062-0500][gc,heap        ] GC(23361) Heap before GC invocations=23361 (full 5337): garbage-first heap   total 64512K, used 52528K [0x0000000083000000, 0x0000000100000000)
[2020-12-28T05:19:09.062-0500][gc,heap        ] GC(23361)   region size 1024K, 10 young (10240K), 0 survivors (0K)
[2020-12-28T05:19:09.062-0500][gc,heap        ] GC(23361)  Metaspace       used 50313K, capacity 52468K, committed 53888K, reserved 1093632K
[2020-12-28T05:19:09.062-0500][gc,heap        ] GC(23361)   class space    used 7457K, capacity 8250K, committed 8832K, reserved 1048576K
[2020-12-28T05:19:09.062-0500][gc,start       ] GC(23361) Pause Young (Normal) (G1 Evacuation Pause)
[2020-12-28T05:19:09.062-0500][gc,task        ] GC(23361) Using 8 workers of 8 for evacuation
[2020-12-28T05:19:09.066-0500][gc,phases      ] GC(23361)   Pre Evacuate Collection Set: 0.0ms
[2020-12-28T05:19:09.066-0500][gc,phases      ] GC(23361)   Evacuate Collection Set: 2.6ms
[2020-12-28T05:19:09.066-0500][gc,phases      ] GC(23361)   Post Evacuate Collection Set: 1.0ms
[2020-12-28T05:19:09.066-0500][gc,phases      ] GC(23361)   Other: 0.2ms
[2020-12-28T05:19:09.066-0500][gc,heap        ] GC(23361) Eden regions: 10->0(9)
[2020-12-28T05:19:09.066-0500][gc,heap        ] GC(23361) Survivor regions: 0->1(2)
[2020-12-28T05:19:09.066-0500][gc,heap        ] GC(23361) Old regions: 41->41
[2020-12-28T05:19:09.066-0500][gc,heap        ] GC(23361) Humongous regions: 4->4
[2020-12-28T05:19:09.066-0500][gc,metaspace   ] GC(23361) Metaspace: 50313K->50313K(1093632K)
[2020-12-28T05:19:09.066-0500][gc,heap        ] GC(23361) Heap after GC invocations=23362 (full 5337): garbage-first heap   total 64512K, used 43409K [0x0000000083000000, 0x0000000100000000)
[2020-12-28T05:19:09.066-0500][gc,heap        ] GC(23361)   region size 1024K, 1 young (1024K), 1 survivors (1024K)
[2020-12-28T05:19:09.066-0500][gc,heap        ] GC(23361)  Metaspace       used 50313K, capacity 52468K, committed 53888K, reserved 1093632K
[2020-12-28T05:19:09.066-0500][gc,heap        ] GC(23361)   class space    used 7457K, capacity 8250K, committed 8832K, reserved 1048576K
[2020-12-28T05:19:09.066-0500][gc             ] GC(23361) Pause Young (Normal) (G1 Evacuation Pause) 52M->42M(63M) 3.855ms
[2020-12-28T05:19:09.066-0500][gc,cpu         ] GC(23361) User=0.01s Sys=0.00s Real=0.00s
[2020-12-28T05:21:29.062-0500][gc,heap        ] GC(23362) Heap before GC invocations=23362 (full 5337): garbage-first heap   total 64512K, used 52625K [0x0000000083000000, 0x0000000100000000)
[2020-12-28T05:21:29.063-0500][gc,heap        ] GC(23362)   region size 1024K, 10 young (10240K), 1 survivors (1024K)
[2020-12-28T05:21:29.063-0500][gc,heap        ] GC(23362)  Metaspace       used 50313K, capacity 52468K, committed 53888K, reserved 1093632K
[2020-12-28T05:21:29.063-0500][gc,heap        ] GC(23362)   class space    used 7457K, capacity 8250K, committed 8832K, reserved 1048576K
[2020-12-28T05:21:29.063-0500][gc,start       ] GC(23362) Pause Young (Normal) (G1 Evacuation Pause)
[2020-12-28T05:21:29.063-0500][gc,task        ] GC(23362) Using 8 workers of 8 for evacuation
[2020-12-28T05:21:29.065-0500][gc,phases      ] GC(23362)   Pre Evacuate Collection Set: 0.0ms
[2020-12-28T05:21:29.065-0500][gc,phases      ] GC(23362)   Evacuate Collection Set: 1.0ms
[2020-12-28T05:21:29.065-0500][gc,phases      ] GC(23362)   Post Evacuate Collection Set: 1.5ms
[2020-12-28T05:21:29.066-0500][gc,phases      ] GC(23362)   Other: 0.4ms
[2020-12-28T05:21:29.066-0500][gc,heap        ] GC(23362) Eden regions: 9->0(9)
[2020-12-28T05:21:29.066-0500][gc,heap        ] GC(23362) Survivor regions: 1->1(2)
[2020-12-28T05:21:29.066-0500][gc,heap        ] GC(23362) Old regions: 41->41
[2020-12-28T05:21:29.066-0500][gc,heap        ] GC(23362) Humongous regions: 4->4
[2020-12-28T05:21:29.066-0500][gc,metaspace   ] GC(23362) Metaspace: 50313K->50313K(1093632K)
[2020-12-28T05:21:29.066-0500][gc,heap        ] GC(23362) Heap after GC invocations=23363 (full 5337): garbage-first heap   total 64512K, used 43383K [0x0000000083000000, 0x0000000100000000)
[2020-12-28T05:21:29.066-0500][gc,heap        ] GC(23362)   region size 1024K, 1 young (1024K), 1 survivors (1024K)
[2020-12-28T05:21:29.066-0500][gc,heap        ] GC(23362)  Metaspace       used 50313K, capacity 52468K, committed 53888K, reserved 1093632K
[2020-12-28T05:21:29.066-0500][gc,heap        ] GC(23362)   class space    used 7457K, capacity 8250K, committed 8832K, reserved 1048576K
[2020-12-28T05:21:29.066-0500][gc             ] GC(23362) Pause Young (Normal) (G1 Evacuation Pause) 51M->42M(63M) 2.956ms
[2020-12-28T05:21:29.066-0500][gc,cpu         ] GC(23362) User=0.00s Sys=0.01s Real=0.00s
[2020-12-28T05:21:45.192-0500][gc,task        ] GC(23363) Using 5 workers of 8 for full compaction
[2020-12-28T05:21:45.192-0500][gc,start       ] GC(23363) Pause Full (System.gc())
[2020-12-28T05:21:45.192-0500][gc,heap        ] GC(23363) Heap before GC invocations=23363 (full 5337): garbage-first heap   total 64512K, used 43383K [0x0000000083000000, 0x0000000100000000)
[2020-12-28T05:21:45.192-0500][gc,heap        ] GC(23363)   region size 1024K, 2 young (2048K), 1 survivors (1024K)
[2020-12-28T05:21:45.192-0500][gc,heap        ] GC(23363)  Metaspace       used 50313K, capacity 52468K, committed 53888K, reserved 1093632K
[2020-12-28T05:21:45.192-0500][gc,heap        ] GC(23363)   class space    used 7457K, capacity 8250K, committed 8832K, reserved 1048576K
[2020-12-28T05:21:45.193-0500][gc,phases,start] GC(23363) Phase 1: Mark live objects
[2020-12-28T05:21:45.232-0500][gc,stringtable ] GC(23363) Cleaned string and symbol table, strings: 33317 processed, 4 removed, symbols: 120973 processed, 0 removed
[2020-12-28T05:21:45.232-0500][gc,phases      ] GC(23363) Phase 1: Mark live objects 38.708ms
[2020-12-28T05:21:45.232-0500][gc,phases,start] GC(23363) Phase 2: Prepare for compaction
[2020-12-28T05:21:45.236-0500][gc,phases      ] GC(23363) Phase 2: Prepare for compaction 3.970ms
[2020-12-28T05:21:45.236-0500][gc,phases,start] GC(23363) Phase 3: Adjust pointers
[2020-12-28T05:21:45.246-0500][gc,phases      ] GC(23363) Phase 3: Adjust pointers 10.285ms
[2020-12-28T05:21:45.246-0500][gc,phases,start] GC(23363) Phase 4: Compact heap
[2020-12-28T05:21:45.249-0500][gc,phases      ] GC(23363) Phase 4: Compact heap 2.926ms
[2020-12-28T05:21:45.254-0500][gc,heap        ] GC(23363) Eden regions: 1->0(10)
[2020-12-28T05:21:45.254-0500][gc,heap        ] GC(23363) Survivor regions: 1->0(2)
[2020-12-28T05:21:45.254-0500][gc,heap        ] GC(23363) Old regions: 41->41
[2020-12-28T05:21:45.254-0500][gc,heap        ] GC(23363) Humongous regions: 4->4
[2020-12-28T05:21:45.254-0500][gc,metaspace   ] GC(23363) Metaspace: 50313K->50313K(1093632K)
[2020-12-28T05:21:45.254-0500][gc,heap        ] GC(23363) Heap after GC invocations=23364 (full 5338): garbage-first heap   total 64512K, used 43311K [0x0000000083000000, 0x0000000100000000)
[2020-12-28T05:21:45.254-0500][gc,heap        ] GC(23363)   region size 1024K, 0 young (0K), 0 survivors (0K)
[2020-12-28T05:21:45.254-0500][gc,heap        ] GC(23363)  Metaspace       used 50313K, capacity 52468K, committed 53888K, reserved 1093632K
[2020-12-28T05:21:45.254-0500][gc,heap        ] GC(23363)   class space    used 7457K, capacity 8250K, committed 8832K, reserved 1048576K
[2020-12-28T05:21:45.254-0500][gc             ] GC(23363) Pause Full (System.gc()) 43M->42M(63M) 62.176ms
[2020-12-28T05:21:45.254-0500][gc,cpu         ] GC(23363) User=0.26s Sys=0.00s Real=0.06s
[2020-12-28T05:24:10.941-0500][gc,heap        ] GC(23364) Heap before GC invocations=23364 (full 5338): garbage-first heap   total 64512K, used 53551K [0x0000000083000000, 0x0000000100000000)
[2020-12-28T05:24:10.941-0500][gc,heap        ] GC(23364)   region size 1024K, 10 young (10240K), 0 survivors (0K)
[2020-12-28T05:24:10.941-0500][gc,heap        ] GC(23364)  Metaspace       used 50313K, capacity 52468K, committed 53888K, reserved 1093632K
[2020-12-28T05:24:10.941-0500][gc,heap        ] GC(23364)   class space    used 7457K, capacity 8250K, committed 8832K, reserved 1048576K
[2020-12-28T05:24:10.941-0500][gc,start       ] GC(23364) Pause Young (Normal) (G1 Evacuation Pause)
[2020-12-28T05:24:10.941-0500][gc,task        ] GC(23364) Using 8 workers of 8 for evacuation
[2020-12-28T05:24:10.947-0500][gc,phases      ] GC(23364)   Pre Evacuate Collection Set: 0.0ms
[2020-12-28T05:24:10.947-0500][gc,phases      ] GC(23364)   Evacuate Collection Set: 1.7ms
[2020-12-28T05:24:10.947-0500][gc,phases      ] GC(23364)   Post Evacuate Collection Set: 3.7ms
[2020-12-28T05:24:10.947-0500][gc,phases      ] GC(23364)   Other: 0.6ms
[2020-12-28T05:24:10.947-0500][gc,heap        ] GC(23364) Eden regions: 10->0(9)
[2020-12-28T05:24:10.947-0500][gc,heap        ] GC(23364) Survivor regions: 0->1(2)
[2020-12-28T05:24:10.947-0500][gc,heap        ] GC(23364) Old regions: 41->41
[2020-12-28T05:24:10.947-0500][gc,heap        ] GC(23364) Humongous regions: 4->4
[2020-12-28T05:24:10.947-0500][gc,metaspace   ] GC(23364) Metaspace: 50313K->50313K(1093632K)
[2020-12-28T05:24:10.947-0500][gc,heap        ] GC(23364) Heap after GC invocations=23365 (full 5338): garbage-first heap   total 64512K, used 43378K [0x0000000083000000, 0x0000000100000000)
[2020-12-28T05:24:10.947-0500][gc,heap        ] GC(23364)   region size 1024K, 1 young (1024K), 1 survivors (1024K)
[2020-12-28T05:24:10.947-0500][gc,heap        ] GC(23364)  Metaspace       used 50313K, capacity 52468K, committed 53888K, reserved 1093632K
[2020-12-28T05:24:10.947-0500][gc,heap        ] GC(23364)   class space    used 7457K, capacity 8250K, committed 8832K, reserved 1048576K
[2020-12-28T05:24:10.947-0500][gc             ] GC(23364) Pause Young (Normal) (G1 Evacuation Pause) 52M->42M(63M) 6.064ms
[2020-12-28T05:24:10.947-0500][gc,cpu         ] GC(23364) User=0.01s Sys=0.00s Real=0.00s
[2020-12-28T05:26:29.064-0500][gc,heap        ] GC(23365) Heap before GC invocations=23365 (full 5338): garbage-first heap   total 64512K, used 51570K [0x0000000083000000, 0x0000000100000000)
[2020-12-28T05:26:29.064-0500][gc,heap        ] GC(23365)   region size 1024K, 10 young (10240K), 1 survivors (1024K)
[2020-12-28T05:26:29.064-0500][gc,heap        ] GC(23365)  Metaspace       used 50313K, capacity 52468K, committed 53888K, reserved 1093632K
[2020-12-28T05:26:29.064-0500][gc,heap        ] GC(23365)   class space    used 7457K, capacity 8250K, committed 8832K, reserved 1048576K
[2020-12-28T05:26:29.065-0500][gc,start       ] GC(23365) Pause Young (Normal) (G1 Evacuation Pause)
[2020-12-28T05:26:29.065-0500][gc,task        ] GC(23365) Using 8 workers of 8 for evacuation
[2020-12-28T05:26:29.067-0500][gc,phases      ] GC(23365)   Pre Evacuate Collection Set: 0.0ms
[2020-12-28T05:26:29.068-0500][gc,phases      ] GC(23365)   Evacuate Collection Set: 1.1ms
[2020-12-28T05:26:29.068-0500][gc,phases      ] GC(23365)   Post Evacuate Collection Set: 1.7ms
[2020-12-28T05:26:29.068-0500][gc,phases      ] GC(23365)   Other: 0.3ms
[2020-12-28T05:26:29.068-0500][gc,heap        ] GC(23365) Eden regions: 9->0(9)
[2020-12-28T05:26:29.068-0500][gc,heap        ] GC(23365) Survivor regions: 1->1(2)
[2020-12-28T05:26:29.068-0500][gc,heap        ] GC(23365) Old regions: 41->41
[2020-12-28T05:26:29.068-0500][gc,heap        ] GC(23365) Humongous regions: 4->4
[2020-12-28T05:26:29.068-0500][gc,metaspace   ] GC(23365) Metaspace: 50313K->50313K(1093632K)
[2020-12-28T05:26:29.068-0500][gc,heap        ] GC(23365) Heap after GC invocations=23366 (full 5338): garbage-first heap   total 64512K, used 43373K [0x0000000083000000, 0x0000000100000000)
[2020-12-28T05:26:29.068-0500][gc,heap        ] GC(23365)   region size 1024K, 1 young (1024K), 1 survivors (1024K)
[2020-12-28T05:26:29.068-0500][gc,heap        ] GC(23365)  Metaspace       used 50313K, capacity 52468K, committed 53888K, reserved 1093632K
[2020-12-28T05:26:29.068-0500][gc,heap        ] GC(23365)   class space    used 7457K, capacity 8250K, committed 8832K, reserved 1048576K
[2020-12-28T05:26:29.068-0500][gc             ] GC(23365) Pause Young (Normal) (G1 Evacuation Pause) 51M->42M(63M) 3.248ms
[2020-12-28T05:26:29.068-0500][gc,cpu         ] GC(23365) User=0.01s Sys=0.01s Real=0.01s
[2020-12-28T05:26:45.192-0500][gc,task        ] GC(23366) Using 5 workers of 8 for full compaction
[2020-12-28T05:26:45.192-0500][gc,start       ] GC(23366) Pause Full (System.gc())
[2020-12-28T05:26:45.192-0500][gc,heap        ] GC(23366) Heap before GC invocations=23366 (full 5338): garbage-first heap   total 64512K, used 43373K [0x0000000083000000, 0x0000000100000000)
[2020-12-28T05:26:45.192-0500][gc,heap        ] GC(23366)   region size 1024K, 2 young (2048K), 1 survivors (1024K)
[2020-12-28T05:26:45.192-0500][gc,heap        ] GC(23366)  Metaspace       used 50313K, capacity 52468K, committed 53888K, reserved 1093632K
[2020-12-28T05:26:45.192-0500][gc,heap        ] GC(23366)   class space    used 7457K, capacity 8250K, committed 8832K, reserved 1048576K
[2020-12-28T05:26:45.193-0500][gc,phases,start] GC(23366) Phase 1: Mark live objects
[2020-12-28T05:26:45.240-0500][gc,stringtable ] GC(23366) Cleaned string and symbol table, strings: 33317 processed, 4 removed, symbols: 120973 processed, 0 removed
[2020-12-28T05:26:45.240-0500][gc,phases      ] GC(23366) Phase 1: Mark live objects 47.215ms
[2020-12-28T05:26:45.240-0500][gc,phases,start] GC(23366) Phase 2: Prepare for compaction
[2020-12-28T05:26:45.245-0500][gc,phases      ] GC(23366) Phase 2: Prepare for compaction 4.904ms
[2020-12-28T05:26:45.245-0500][gc,phases,start] GC(23366) Phase 3: Adjust pointers
[2020-12-28T05:26:45.259-0500][gc,phases      ] GC(23366) Phase 3: Adjust pointers 13.789ms
[2020-12-28T05:26:45.259-0500][gc,phases,start] GC(23366) Phase 4: Compact heap
[2020-12-28T05:26:45.263-0500][gc,phases      ] GC(23366) Phase 4: Compact heap 3.988ms
[2020-12-28T05:26:45.267-0500][gc,heap        ] GC(23366) Eden regions: 1->0(10)
[2020-12-28T05:26:45.267-0500][gc,heap        ] GC(23366) Survivor regions: 1->0(2)
[2020-12-28T05:26:45.267-0500][gc,heap        ] GC(23366) Old regions: 41->41
[2020-12-28T05:26:45.267-0500][gc,heap        ] GC(23366) Humongous regions: 4->4
[2020-12-28T05:26:45.267-0500][gc,metaspace   ] GC(23366) Metaspace: 50313K->50313K(1093632K)
[2020-12-28T05:26:45.267-0500][gc,heap        ] GC(23366) Heap after GC invocations=23367 (full 5339): garbage-first heap   total 64512K, used 43311K [0x0000000083000000, 0x0000000100000000)
[2020-12-28T05:26:45.267-0500][gc,heap        ] GC(23366)   region size 1024K, 0 young (0K), 0 survivors (0K)
[2020-12-28T05:26:45.267-0500][gc,heap        ] GC(23366)  Metaspace       used 50313K, capacity 52468K, committed 53888K, reserved 1093632K
[2020-12-28T05:26:45.267-0500][gc,heap        ] GC(23366)   class space    used 7457K, capacity 8250K, committed 8832K, reserved 1048576K
[2020-12-28T05:26:45.267-0500][gc             ] GC(23366) Pause Full (System.gc()) 43M->42M(63M) 75.007ms
[2020-12-28T05:26:45.267-0500][gc,cpu         ] GC(23366) User=0.33s Sys=0.00s Real=0.07s
[2020-12-28T05:29:11.019-0500][gc,heap        ] GC(23367) Heap before GC invocations=23367 (full 5339): garbage-first heap   total 64512K, used 52527K [0x0000000083000000, 0x0000000100000000)
[2020-12-28T05:29:11.019-0500][gc,heap        ] GC(23367)   region size 1024K, 10 young (10240K), 0 survivors (0K)
[2020-12-28T05:29:11.019-0500][gc,heap        ] GC(23367)  Metaspace       used 50313K, capacity 52468K, committed 53888K, reserved 1093632K
[2020-12-28T05:29:11.019-0500][gc,heap        ] GC(23367)   class space    used 7457K, capacity 8250K, committed 8832K, reserved 1048576K
[2020-12-28T05:29:11.019-0500][gc,start       ] GC(23367) Pause Young (Normal) (G1 Evacuation Pause)
[2020-12-28T05:29:11.019-0500][gc,task        ] GC(23367) Using 8 workers of 8 for evacuation
[2020-12-28T05:29:11.021-0500][gc,phases      ] GC(23367)   Pre Evacuate Collection Set: 0.0ms
[2020-12-28T05:29:11.021-0500][gc,phases      ] GC(23367)   Evacuate Collection Set: 0.6ms
[2020-12-28T05:29:11.021-0500][gc,phases      ] GC(23367)   Post Evacuate Collection Set: 1.0ms
[2020-12-28T05:29:11.021-0500][gc,phases      ] GC(23367)   Other: 0.3ms
[2020-12-28T05:29:11.021-0500][gc,heap        ] GC(23367) Eden regions: 10->0(9)
[2020-12-28T05:29:11.021-0500][gc,heap        ] GC(23367) Survivor regions: 0->1(2)
[2020-12-28T05:29:11.021-0500][gc,heap        ] GC(23367) Old regions: 41->41
[2020-12-28T05:29:11.021-0500][gc,heap        ] GC(23367) Humongous regions: 4->4
[2020-12-28T05:29:11.021-0500][gc,metaspace   ] GC(23367) Metaspace: 50313K->50313K(1093632K)
[2020-12-28T05:29:11.021-0500][gc,heap        ] GC(23367) Heap after GC invocations=23368 (full 5339): garbage-first heap   total 64512K, used 43379K [0x0000000083000000, 0x0000000100000000)
[2020-12-28T05:29:11.021-0500][gc,heap        ] GC(23367)   region size 1024K, 1 young (1024K), 1 survivors (1024K)
[2020-12-28T05:29:11.021-0500][gc,heap        ] GC(23367)  Metaspace       used 50313K, capacity 52468K, committed 53888K, reserved 1093632K
[2020-12-28T05:29:11.021-0500][gc,heap        ] GC(23367)   class space    used 7457K, capacity 8250K, committed 8832K, reserved 1048576K
[2020-12-28T05:29:11.021-0500][gc             ] GC(23367) Pause Young (Normal) (G1 Evacuation Pause) 52M->42M(63M) 1.836ms
[2020-12-28T05:29:11.021-0500][gc,cpu         ] GC(23367) User=0.01s Sys=0.00s Real=0.00s
[2020-12-28T05:31:29.060-0500][gc,heap        ] GC(23368) Heap before GC invocations=23368 (full 5339): garbage-first heap   total 64512K, used 51571K [0x0000000083000000, 0x0000000100000000)
[2020-12-28T05:31:29.060-0500][gc,heap        ] GC(23368)   region size 1024K, 10 young (10240K), 1 survivors (1024K)
[2020-12-28T05:31:29.060-0500][gc,heap        ] GC(23368)  Metaspace       used 50313K, capacity 52468K, committed 53888K, reserved 1093632K
[2020-12-28T05:31:29.060-0500][gc,heap        ] GC(23368)   class space    used 7457K, capacity 8250K, committed 8832K, reserved 1048576K
[2020-12-28T05:31:29.060-0500][gc,start       ] GC(23368) Pause Young (Normal) (G1 Evacuation Pause)
[2020-12-28T05:31:29.060-0500][gc,task        ] GC(23368) Using 8 workers of 8 for evacuation
[2020-12-28T05:31:29.062-0500][gc,phases      ] GC(23368)   Pre Evacuate Collection Set: 0.0ms
[2020-12-28T05:31:29.062-0500][gc,phases      ] GC(23368)   Evacuate Collection Set: 0.9ms
[2020-12-28T05:31:29.062-0500][gc,phases      ] GC(23368)   Post Evacuate Collection Set: 1.1ms
[2020-12-28T05:31:29.062-0500][gc,phases      ] GC(23368)   Other: 0.3ms
[2020-12-28T05:31:29.062-0500][gc,heap        ] GC(23368) Eden regions: 9->0(9)
[2020-12-28T05:31:29.062-0500][gc,heap        ] GC(23368) Survivor regions: 1->1(2)
[2020-12-28T05:31:29.062-0500][gc,heap        ] GC(23368) Old regions: 41->41
[2020-12-28T05:31:29.062-0500][gc,heap        ] GC(23368) Humongous regions: 4->4
[2020-12-28T05:31:29.062-0500][gc,metaspace   ] GC(23368) Metaspace: 50313K->50313K(1093632K)
[2020-12-28T05:31:29.062-0500][gc,heap        ] GC(23368) Heap after GC invocations=23369 (full 5339): garbage-first heap   total 64512K, used 43367K [0x0000000083000000, 0x0000000100000000)
[2020-12-28T05:31:29.062-0500][gc,heap        ] GC(23368)   region size 1024K, 1 young (1024K), 1 survivors (1024K)
[2020-12-28T05:31:29.062-0500][gc,heap        ] GC(23368)  Metaspace       used 50313K, capacity 52468K, committed 53888K, reserved 1093632K
[2020-12-28T05:31:29.062-0500][gc,heap        ] GC(23368)   class space    used 7457K, capacity 8250K, committed 8832K, reserved 1048576K
[2020-12-28T05:31:29.062-0500][gc             ] GC(23368) Pause Young (Normal) (G1 Evacuation Pause) 51M->42M(63M) 2.263ms
[2020-12-28T05:31:29.062-0500][gc,cpu         ] GC(23368) User=0.00s Sys=0.01s Real=0.00s
[2020-12-28T05:31:45.191-0500][gc,task        ] GC(23369) Using 5 workers of 8 for full compaction
[2020-12-28T05:31:45.191-0500][gc,start       ] GC(23369) Pause Full (System.gc())
[2020-12-28T05:31:45.191-0500][gc,heap        ] GC(23369) Heap before GC invocations=23369 (full 5339): garbage-first heap   total 64512K, used 44391K [0x0000000083000000, 0x0000000100000000)
[2020-12-28T05:31:45.191-0500][gc,heap        ] GC(23369)   region size 1024K, 3 young (3072K), 1 survivors (1024K)
[2020-12-28T05:31:45.191-0500][gc,heap        ] GC(23369)  Metaspace       used 50313K, capacity 52468K, committed 53888K, reserved 1093632K
[2020-12-28T05:31:45.191-0500][gc,heap        ] GC(23369)   class space    used 7457K, capacity 8250K, committed 8832K, reserved 1048576K
[2020-12-28T05:31:45.191-0500][gc,phases,start] GC(23369) Phase 1: Mark live objects
[2020-12-28T05:31:45.239-0500][gc,stringtable ] GC(23369) Cleaned string and symbol table, strings: 33317 processed, 4 removed, symbols: 120973 processed, 0 removed
[2020-12-28T05:31:45.239-0500][gc,phases      ] GC(23369) Phase 1: Mark live objects 47.733ms
[2020-12-28T05:31:45.239-0500][gc,phases,start] GC(23369) Phase 2: Prepare for compaction
[2020-12-28T05:31:45.243-0500][gc,phases      ] GC(23369) Phase 2: Prepare for compaction 3.898ms
[2020-12-28T05:31:45.243-0500][gc,phases,start] GC(23369) Phase 3: Adjust pointers
[2020-12-28T05:31:45.254-0500][gc,phases      ] GC(23369) Phase 3: Adjust pointers 10.746ms
[2020-12-28T05:31:45.254-0500][gc,phases,start] GC(23369) Phase 4: Compact heap
[2020-12-28T05:31:45.257-0500][gc,phases      ] GC(23369) Phase 4: Compact heap 2.832ms
[2020-12-28T05:31:45.261-0500][gc,heap        ] GC(23369) Eden regions: 2->0(10)
[2020-12-28T05:31:45.261-0500][gc,heap        ] GC(23369) Survivor regions: 1->0(2)
[2020-12-28T05:31:45.261-0500][gc,heap        ] GC(23369) Old regions: 41->41
[2020-12-28T05:31:45.261-0500][gc,heap        ] GC(23369) Humongous regions: 4->4
[2020-12-28T05:31:45.261-0500][gc,metaspace   ] GC(23369) Metaspace: 50313K->50313K(1093632K)
[2020-12-28T05:31:45.261-0500][gc,heap        ] GC(23369) Heap after GC invocations=23370 (full 5340): garbage-first heap   total 64512K, used 43312K [0x0000000083000000, 0x0000000100000000)
[2020-12-28T05:31:45.261-0500][gc,heap        ] GC(23369)   region size 1024K, 0 young (0K), 0 survivors (0K)
[2020-12-28T05:31:45.261-0500][gc,heap        ] GC(23369)  Metaspace       used 50313K, capacity 52468K, committed 53888K, reserved 1093632K
[2020-12-28T05:31:45.261-0500][gc,heap        ] GC(23369)   class space    used 7457K, capacity 8250K, committed 8832K, reserved 1048576K
[2020-12-28T05:31:45.261-0500][gc             ] GC(23369) Pause Full (System.gc()) 43M->42M(63M) 70.469ms
[2020-12-28T05:31:45.261-0500][gc,cpu         ] GC(23369) User=0.31s Sys=0.00s Real=0.07s
[2020-12-28T05:34:11.508-0500][gc,heap        ] GC(23370) Heap before GC invocations=23370 (full 5340): garbage-first heap   total 64512K, used 52528K [0x0000000083000000, 0x0000000100000000)
[2020-12-28T05:34:11.508-0500][gc,heap        ] GC(23370)   region size 1024K, 10 young (10240K), 0 survivors (0K)
[2020-12-28T05:34:11.508-0500][gc,heap        ] GC(23370)  Metaspace       used 50313K, capacity 52468K, committed 53888K, reserved 1093632K
[2020-12-28T05:34:11.508-0500][gc,heap        ] GC(23370)   class space    used 7457K, capacity 8250K, committed 8832K, reserved 1048576K
[2020-12-28T05:34:11.508-0500][gc,start       ] GC(23370) Pause Young (Normal) (G1 Evacuation Pause)
[2020-12-28T05:34:11.508-0500][gc,task        ] GC(23370) Using 8 workers of 8 for evacuation
[2020-12-28T05:34:11.516-0500][gc,phases      ] GC(23370)   Pre Evacuate Collection Set: 0.0ms
[2020-12-28T05:34:11.516-0500][gc,phases      ] GC(23370)   Evacuate Collection Set: 3.2ms
[2020-12-28T05:34:11.516-0500][gc,phases      ] GC(23370)   Post Evacuate Collection Set: 4.0ms
[2020-12-28T05:34:11.516-0500][gc,phases      ] GC(23370)   Other: 0.5ms
[2020-12-28T05:34:11.516-0500][gc,heap        ] GC(23370) Eden regions: 10->0(9)
[2020-12-28T05:34:11.516-0500][gc,heap        ] GC(23370) Survivor regions: 0->1(2)
[2020-12-28T05:34:11.516-0500][gc,heap        ] GC(23370) Old regions: 41->41
[2020-12-28T05:34:11.516-0500][gc,heap        ] GC(23370) Humongous regions: 4->4
[2020-12-28T05:34:11.516-0500][gc,metaspace   ] GC(23370) Metaspace: 50313K->50313K(1093632K)
[2020-12-28T05:34:11.516-0500][gc,heap        ] GC(23370) Heap after GC invocations=23371 (full 5340): garbage-first heap   total 64512K, used 43384K [0x0000000083000000, 0x0000000100000000)
[2020-12-28T05:34:11.516-0500][gc,heap        ] GC(23370)   region size 1024K, 1 young (1024K), 1 survivors (1024K)
[2020-12-28T05:34:11.516-0500][gc,heap        ] GC(23370)  Metaspace       used 50313K, capacity 52468K, committed 53888K, reserved 1093632K
[2020-12-28T05:34:11.516-0500][gc,heap        ] GC(23370)   class space    used 7457K, capacity 8250K, committed 8832K, reserved 1048576K
[2020-12-28T05:34:11.516-0500][gc             ] GC(23370) Pause Young (Normal) (G1 Evacuation Pause) 52M->42M(63M) 8.110ms
[2020-12-28T05:34:11.517-0500][gc,cpu         ] GC(23370) User=0.03s Sys=0.00s Real=0.00s
[2020-12-28T05:36:29.060-0500][gc,heap        ] GC(23371) Heap before GC invocations=23371 (full 5340): garbage-first heap   total 64512K, used 51576K [0x0000000083000000, 0x0000000100000000)
[2020-12-28T05:36:29.060-0500][gc,heap        ] GC(23371)   region size 1024K, 10 young (10240K), 1 survivors (1024K)
[2020-12-28T05:36:29.060-0500][gc,heap        ] GC(23371)  Metaspace       used 50313K, capacity 52468K, committed 53888K, reserved 1093632K
[2020-12-28T05:36:29.060-0500][gc,heap        ] GC(23371)   class space    used 7457K, capacity 8250K, committed 8832K, reserved 1048576K
[2020-12-28T05:36:29.060-0500][gc,start       ] GC(23371) Pause Young (Normal) (G1 Evacuation Pause)
[2020-12-28T05:36:29.060-0500][gc,task        ] GC(23371) Using 8 workers of 8 for evacuation
[2020-12-28T05:36:29.065-0500][gc,phases      ] GC(23371)   Pre Evacuate Collection Set: 0.0ms
[2020-12-28T05:36:29.065-0500][gc,phases      ] GC(23371)   Evacuate Collection Set: 1.0ms
[2020-12-28T05:36:29.065-0500][gc,phases      ] GC(23371)   Post Evacuate Collection Set: 3.6ms
[2020-12-28T05:36:29.065-0500][gc,phases      ] GC(23371)   Other: 0.4ms
[2020-12-28T05:36:29.065-0500][gc,heap        ] GC(23371) Eden regions: 9->0(9)
[2020-12-28T05:36:29.065-0500][gc,heap        ] GC(23371) Survivor regions: 1->1(2)
[2020-12-28T05:36:29.065-0500][gc,heap        ] GC(23371) Old regions: 41->41
[2020-12-28T05:36:29.065-0500][gc,heap        ] GC(23371) Humongous regions: 4->4
[2020-12-28T05:36:29.065-0500][gc,metaspace   ] GC(23371) Metaspace: 50313K->50313K(1093632K)
[2020-12-28T05:36:29.065-0500][gc,heap        ] GC(23371) Heap after GC invocations=23372 (full 5340): garbage-first heap   total 64512K, used 43378K [0x0000000083000000, 0x0000000100000000)
[2020-12-28T05:36:29.065-0500][gc,heap        ] GC(23371)   region size 1024K, 1 young (1024K), 1 survivors (1024K)
[2020-12-28T05:36:29.065-0500][gc,heap        ] GC(23371)  Metaspace       used 50313K, capacity 52468K, committed 53888K, reserved 1093632K
[2020-12-28T05:36:29.065-0500][gc,heap        ] GC(23371)   class space    used 7457K, capacity 8250K, committed 8832K, reserved 1048576K
[2020-12-28T05:36:29.065-0500][gc             ] GC(23371) Pause Young (Normal) (G1 Evacuation Pause) 51M->42M(63M) 5.010ms
[2020-12-28T05:36:29.065-0500][gc,cpu         ] GC(23371) User=0.01s Sys=0.01s Real=0.00s
[2020-12-28T05:36:45.190-0500][gc,task        ] GC(23372) Using 5 workers of 8 for full compaction
[2020-12-28T05:36:45.190-0500][gc,start       ] GC(23372) Pause Full (System.gc())
[2020-12-28T05:36:45.190-0500][gc,heap        ] GC(23372) Heap before GC invocations=23372 (full 5340): garbage-first heap   total 64512K, used 44402K [0x0000000083000000, 0x0000000100000000)
[2020-12-28T05:36:45.190-0500][gc,heap        ] GC(23372)   region size 1024K, 3 young (3072K), 1 survivors (1024K)
[2020-12-28T05:36:45.190-0500][gc,heap        ] GC(23372)  Metaspace       used 50313K, capacity 52468K, committed 53888K, reserved 1093632K
[2020-12-28T05:36:45.190-0500][gc,heap        ] GC(23372)   class space    used 7457K, capacity 8250K, committed 8832K, reserved 1048576K
[2020-12-28T05:36:45.191-0500][gc,phases,start] GC(23372) Phase 1: Mark live objects
[2020-12-28T05:36:45.231-0500][gc,stringtable ] GC(23372) Cleaned string and symbol table, strings: 33317 processed, 4 removed, symbols: 120973 processed, 0 removed
[2020-12-28T05:36:45.231-0500][gc,phases      ] GC(23372) Phase 1: Mark live objects 40.143ms
[2020-12-28T05:36:45.231-0500][gc,phases,start] GC(23372) Phase 2: Prepare for compaction
[2020-12-28T05:36:45.236-0500][gc,phases      ] GC(23372) Phase 2: Prepare for compaction 5.246ms
[2020-12-28T05:36:45.236-0500][gc,phases,start] GC(23372) Phase 3: Adjust pointers
[2020-12-28T05:36:45.247-0500][gc,phases      ] GC(23372) Phase 3: Adjust pointers 10.880ms
[2020-12-28T05:36:45.247-0500][gc,phases,start] GC(23372) Phase 4: Compact heap
[2020-12-28T05:36:45.250-0500][gc,phases      ] GC(23372) Phase 4: Compact heap 2.594ms
[2020-12-28T05:36:45.254-0500][gc,heap        ] GC(23372) Eden regions: 2->0(10)
[2020-12-28T05:36:45.254-0500][gc,heap        ] GC(23372) Survivor regions: 1->0(2)
[2020-12-28T05:36:45.254-0500][gc,heap        ] GC(23372) Old regions: 41->41
[2020-12-28T05:36:45.254-0500][gc,heap        ] GC(23372) Humongous regions: 4->4
[2020-12-28T05:36:45.254-0500][gc,metaspace   ] GC(23372) Metaspace: 50313K->50313K(1093632K)
[2020-12-28T05:36:45.254-0500][gc,heap        ] GC(23372) Heap after GC invocations=23373 (full 5341): garbage-first heap   total 64512K, used 43311K [0x0000000083000000, 0x0000000100000000)
[2020-12-28T05:36:45.254-0500][gc,heap        ] GC(23372)   region size 1024K, 0 young (0K), 0 survivors (0K)
[2020-12-28T05:36:45.254-0500][gc,heap        ] GC(23372)  Metaspace       used 50313K, capacity 52468K, committed 53888K, reserved 1093632K
[2020-12-28T05:36:45.255-0500][gc,heap        ] GC(23372)   class space    used 7457K, capacity 8250K, committed 8832K, reserved 1048576K
[2020-12-28T05:36:45.255-0500][gc             ] GC(23372) Pause Full (System.gc()) 43M->42M(63M) 64.339ms
[2020-12-28T05:36:45.255-0500][gc,cpu         ] GC(23372) User=0.28s Sys=0.00s Real=0.06s
[2020-12-28T05:39:09.061-0500][gc,heap        ] GC(23373) Heap before GC invocations=23373 (full 5341): garbage-first heap   total 64512K, used 52527K [0x0000000083000000, 0x0000000100000000)
[2020-12-28T05:39:09.061-0500][gc,heap        ] GC(23373)   region size 1024K, 10 young (10240K), 0 survivors (0K)
[2020-12-28T05:39:09.061-0500][gc,heap        ] GC(23373)  Metaspace       used 50313K, capacity 52468K, committed 53888K, reserved 1093632K
[2020-12-28T05:39:09.061-0500][gc,heap        ] GC(23373)   class space    used 7457K, capacity 8250K, committed 8832K, reserved 1048576K
[2020-12-28T05:39:09.061-0500][gc,start       ] GC(23373) Pause Young (Normal) (G1 Evacuation Pause)
[2020-12-28T05:39:09.061-0500][gc,task        ] GC(23373) Using 8 workers of 8 for evacuation
[2020-12-28T05:39:09.064-0500][gc,phases      ] GC(23373)   Pre Evacuate Collection Set: 0.0ms
[2020-12-28T05:39:09.064-0500][gc,phases      ] GC(23373)   Evacuate Collection Set: 1.2ms
[2020-12-28T05:39:09.064-0500][gc,phases      ] GC(23373)   Post Evacuate Collection Set: 1.9ms
[2020-12-28T05:39:09.064-0500][gc,phases      ] GC(23373)   Other: 0.4ms
[2020-12-28T05:39:09.064-0500][gc,heap        ] GC(23373) Eden regions: 10->0(9)
[2020-12-28T05:39:09.064-0500][gc,heap        ] GC(23373) Survivor regions: 0->1(2)
[2020-12-28T05:39:09.064-0500][gc,heap        ] GC(23373) Old regions: 41->41
[2020-12-28T05:39:09.064-0500][gc,heap        ] GC(23373) Humongous regions: 4->4
[2020-12-28T05:39:09.064-0500][gc,metaspace   ] GC(23373) Metaspace: 50313K->50313K(1093632K)
[2020-12-28T05:39:09.064-0500][gc,heap        ] GC(23373) Heap after GC invocations=23374 (full 5341): garbage-first heap   total 64512K, used 43409K [0x0000000083000000, 0x0000000100000000)
[2020-12-28T05:39:09.064-0500][gc,heap        ] GC(23373)   region size 1024K, 1 young (1024K), 1 survivors (1024K)
[2020-12-28T05:39:09.064-0500][gc,heap        ] GC(23373)  Metaspace       used 50313K, capacity 52468K, committed 53888K, reserved 1093632K
[2020-12-28T05:39:09.064-0500][gc,heap        ] GC(23373)   class space    used 7457K, capacity 8250K, committed 8832K, reserved 1048576K
[2020-12-28T05:39:09.064-0500][gc             ] GC(23373) Pause Young (Normal) (G1 Evacuation Pause) 52M->42M(63M) 3.695ms
[2020-12-28T05:39:09.065-0500][gc,cpu         ] GC(23373) User=0.00s Sys=0.01s Real=0.00s
[2020-12-28T05:41:24.586-0500][gc,heap        ] GC(23374) Heap before GC invocations=23374 (full 5341): garbage-first heap   total 64512K, used 52625K [0x0000000083000000, 0x0000000100000000)
[2020-12-28T05:41:24.586-0500][gc,heap        ] GC(23374)   region size 1024K, 10 young (10240K), 1 survivors (1024K)
[2020-12-28T05:41:24.586-0500][gc,heap        ] GC(23374)  Metaspace       used 50313K, capacity 52468K, committed 53888K, reserved 1093632K
[2020-12-28T05:41:24.586-0500][gc,heap        ] GC(23374)   class space    used 7457K, capacity 8250K, committed 8832K, reserved 1048576K
[2020-12-28T05:41:24.586-0500][gc,start       ] GC(23374) Pause Young (Normal) (G1 Evacuation Pause)
[2020-12-28T05:41:24.586-0500][gc,task        ] GC(23374) Using 8 workers of 8 for evacuation
[2020-12-28T05:41:24.594-0500][gc,phases      ] GC(23374)   Pre Evacuate Collection Set: 0.0ms
[2020-12-28T05:41:24.594-0500][gc,phases      ] GC(23374)   Evacuate Collection Set: 3.9ms
[2020-12-28T05:41:24.594-0500][gc,phases      ] GC(23374)   Post Evacuate Collection Set: 3.9ms
[2020-12-28T05:41:24.594-0500][gc,phases      ] GC(23374)   Other: 0.7ms
[2020-12-28T05:41:24.594-0500][gc,heap        ] GC(23374) Eden regions: 9->0(9)
[2020-12-28T05:41:24.594-0500][gc,heap        ] GC(23374) Survivor regions: 1->1(2)
[2020-12-28T05:41:24.594-0500][gc,heap        ] GC(23374) Old regions: 41->41
[2020-12-28T05:41:24.594-0500][gc,heap        ] GC(23374) Humongous regions: 4->4
[2020-12-28T05:41:24.594-0500][gc,metaspace   ] GC(23374) Metaspace: 50313K->50313K(1093632K)
[2020-12-28T05:41:24.594-0500][gc,heap        ] GC(23374) Heap after GC invocations=23375 (full 5341): garbage-first heap   total 64512K, used 43382K [0x0000000083000000, 0x0000000100000000)
[2020-12-28T05:41:24.594-0500][gc,heap        ] GC(23374)   region size 1024K, 1 young (1024K), 1 survivors (1024K)
[2020-12-28T05:41:24.594-0500][gc,heap        ] GC(23374)  Metaspace       used 50313K, capacity 52468K, committed 53888K, reserved 1093632K
[2020-12-28T05:41:24.594-0500][gc,heap        ] GC(23374)   class space    used 7457K, capacity 8250K, committed 8832K, reserved 1048576K
[2020-12-28T05:41:24.594-0500][gc             ] GC(23374) Pause Young (Normal) (G1 Evacuation Pause) 51M->42M(63M) 8.413ms
[2020-12-28T05:41:24.595-0500][gc,cpu         ] GC(23374) User=0.02s Sys=0.00s Real=0.01s
[2020-12-28T05:41:45.192-0500][gc,task        ] GC(23375) Using 5 workers of 8 for full compaction
[2020-12-28T05:41:45.193-0500][gc,start       ] GC(23375) Pause Full (System.gc())
[2020-12-28T05:41:45.193-0500][gc,heap        ] GC(23375) Heap before GC invocations=23375 (full 5341): garbage-first heap   total 64512K, used 44406K [0x0000000083000000, 0x0000000100000000)
[2020-12-28T05:41:45.193-0500][gc,heap        ] GC(23375)   region size 1024K, 3 young (3072K), 1 survivors (1024K)
[2020-12-28T05:41:45.193-0500][gc,heap        ] GC(23375)  Metaspace       used 50313K, capacity 52468K, committed 53888K, reserved 1093632K
[2020-12-28T05:41:45.193-0500][gc,heap        ] GC(23375)   class space    used 7457K, capacity 8250K, committed 8832K, reserved 1048576K
[2020-12-28T05:41:45.193-0500][gc,phases,start] GC(23375) Phase 1: Mark live objects
[2020-12-28T05:41:45.242-0500][gc,stringtable ] GC(23375) Cleaned string and symbol table, strings: 33317 processed, 4 removed, symbols: 120973 processed, 0 removed
[2020-12-28T05:41:45.242-0500][gc,phases      ] GC(23375) Phase 1: Mark live objects 48.539ms
[2020-12-28T05:41:45.242-0500][gc,phases,start] GC(23375) Phase 2: Prepare for compaction
[2020-12-28T05:41:45.245-0500][gc,phases      ] GC(23375) Phase 2: Prepare for compaction 3.300ms
[2020-12-28T05:41:45.245-0500][gc,phases,start] GC(23375) Phase 3: Adjust pointers
[2020-12-28T05:41:45.255-0500][gc,phases      ] GC(23375) Phase 3: Adjust pointers 9.610ms
[2020-12-28T05:41:45.255-0500][gc,phases,start] GC(23375) Phase 4: Compact heap
[2020-12-28T05:41:45.258-0500][gc,phases      ] GC(23375) Phase 4: Compact heap 2.675ms
[2020-12-28T05:41:45.262-0500][gc,heap        ] GC(23375) Eden regions: 2->0(9)
[2020-12-28T05:41:45.262-0500][gc,heap        ] GC(23375) Survivor regions: 1->0(2)
[2020-12-28T05:41:45.262-0500][gc,heap        ] GC(23375) Old regions: 41->42
[2020-12-28T05:41:45.262-0500][gc,heap        ] GC(23375) Humongous regions: 4->4
[2020-12-28T05:41:45.262-0500][gc,metaspace   ] GC(23375) Metaspace: 50313K->50313K(1093632K)
[2020-12-28T05:41:45.262-0500][gc,heap        ] GC(23375) Heap after GC invocations=23376 (full 5342): garbage-first heap   total 64512K, used 43312K [0x0000000083000000, 0x0000000100000000)
[2020-12-28T05:41:45.262-0500][gc,heap        ] GC(23375)   region size 1024K, 0 young (0K), 0 survivors (0K)
[2020-12-28T05:41:45.262-0500][gc,heap        ] GC(23375)  Metaspace       used 50313K, capacity 52468K, committed 53888K, reserved 1093632K
[2020-12-28T05:41:45.262-0500][gc,heap        ] GC(23375)   class space    used 7457K, capacity 8250K, committed 8832K, reserved 1048576K
[2020-12-28T05:41:45.262-0500][gc             ] GC(23375) Pause Full (System.gc()) 43M->42M(63M) 69.313ms
[2020-12-28T05:41:45.262-0500][gc,cpu         ] GC(23375) User=0.31s Sys=0.00s Real=0.07s
[2020-12-28T05:43:59.067-0500][gc,heap        ] GC(23376) Heap before GC invocations=23376 (full 5342): garbage-first heap   total 64512K, used 52528K [0x0000000083000000, 0x0000000100000000)
[2020-12-28T05:43:59.067-0500][gc,heap        ] GC(23376)   region size 1024K, 9 young (9216K), 0 survivors (0K)
[2020-12-28T05:43:59.068-0500][gc,heap        ] GC(23376)  Metaspace       used 50313K, capacity 52468K, committed 53888K, reserved 1093632K
[2020-12-28T05:43:59.068-0500][gc,heap        ] GC(23376)   class space    used 7457K, capacity 8250K, committed 8832K, reserved 1048576K
[2020-12-28T05:43:59.068-0500][gc,start       ] GC(23376) Pause Young (Normal) (G1 Evacuation Pause)
[2020-12-28T05:43:59.068-0500][gc,task        ] GC(23376) Using 8 workers of 8 for evacuation
[2020-12-28T05:43:59.074-0500][gc,phases      ] GC(23376)   Pre Evacuate Collection Set: 0.0ms
[2020-12-28T05:43:59.074-0500][gc,phases      ] GC(23376)   Evacuate Collection Set: 2.2ms
[2020-12-28T05:43:59.074-0500][gc,phases      ] GC(23376)   Post Evacuate Collection Set: 3.9ms
[2020-12-28T05:43:59.074-0500][gc,phases      ] GC(23376)   Other: 0.4ms
[2020-12-28T05:43:59.074-0500][gc,heap        ] GC(23376) Eden regions: 9->0(8)
[2020-12-28T05:43:59.074-0500][gc,heap        ] GC(23376) Survivor regions: 0->1(2)
[2020-12-28T05:43:59.074-0500][gc,heap        ] GC(23376) Old regions: 42->42
[2020-12-28T05:43:59.074-0500][gc,heap        ] GC(23376) Humongous regions: 4->4
[2020-12-28T05:43:59.074-0500][gc,metaspace   ] GC(23376) Metaspace: 50313K->50313K(1093632K)
[2020-12-28T05:43:59.074-0500][gc,heap        ] GC(23376) Heap after GC invocations=23377 (full 5342): garbage-first heap   total 64512K, used 43365K [0x0000000083000000, 0x0000000100000000)
[2020-12-28T05:43:59.074-0500][gc,heap        ] GC(23376)   region size 1024K, 1 young (1024K), 1 survivors (1024K)
[2020-12-28T05:43:59.074-0500][gc,heap        ] GC(23376)  Metaspace       used 50313K, capacity 52468K, committed 53888K, reserved 1093632K
[2020-12-28T05:43:59.074-0500][gc,heap        ] GC(23376)   class space    used 7457K, capacity 8250K, committed 8832K, reserved 1048576K
[2020-12-28T05:43:59.074-0500][gc             ] GC(23376) Pause Young (Normal) (G1 Evacuation Pause) 51M->42M(63M) 6.862ms
[2020-12-28T05:43:59.075-0500][gc,cpu         ] GC(23376) User=0.02s Sys=0.00s Real=0.00s
[2020-12-28T05:45:59.071-0500][gc,heap        ] GC(23377) Heap before GC invocations=23377 (full 5342): garbage-first heap   total 64512K, used 51557K [0x0000000083000000, 0x0000000100000000)
[2020-12-28T05:45:59.071-0500][gc,heap        ] GC(23377)   region size 1024K, 9 young (9216K), 1 survivors (1024K)
[2020-12-28T05:45:59.071-0500][gc,heap        ] GC(23377)  Metaspace       used 50313K, capacity 52468K, committed 53888K, reserved 1093632K
[2020-12-28T05:45:59.071-0500][gc,heap        ] GC(23377)   class space    used 7457K, capacity 8250K, committed 8832K, reserved 1048576K
[2020-12-28T05:45:59.071-0500][gc,start       ] GC(23377) Pause Young (Normal) (G1 Evacuation Pause)
[2020-12-28T05:45:59.071-0500][gc,task        ] GC(23377) Using 8 workers of 8 for evacuation
[2020-12-28T05:45:59.074-0500][gc,phases      ] GC(23377)   Pre Evacuate Collection Set: 0.0ms
[2020-12-28T05:45:59.074-0500][gc,phases      ] GC(23377)   Evacuate Collection Set: 1.4ms
[2020-12-28T05:45:59.074-0500][gc,phases      ] GC(23377)   Post Evacuate Collection Set: 1.5ms
[2020-12-28T05:45:59.074-0500][gc,phases      ] GC(23377)   Other: 0.4ms
[2020-12-28T05:45:59.074-0500][gc,heap        ] GC(23377) Eden regions: 8->0(8)
[2020-12-28T05:45:59.074-0500][gc,heap        ] GC(23377) Survivor regions: 1->1(2)
[2020-12-28T05:45:59.074-0500][gc,heap        ] GC(23377) Old regions: 42->42
[2020-12-28T05:45:59.074-0500][gc,heap        ] GC(23377) Humongous regions: 4->4
[2020-12-28T05:45:59.074-0500][gc,metaspace   ] GC(23377) Metaspace: 50313K->50313K(1093632K)
[2020-12-28T05:45:59.074-0500][gc,heap        ] GC(23377) Heap after GC invocations=23378 (full 5342): garbage-first heap   total 64512K, used 43362K [0x0000000083000000, 0x0000000100000000)
[2020-12-28T05:45:59.074-0500][gc,heap        ] GC(23377)   region size 1024K, 1 young (1024K), 1 survivors (1024K)
[2020-12-28T05:45:59.074-0500][gc,heap        ] GC(23377)  Metaspace       used 50313K, capacity 52468K, committed 53888K, reserved 1093632K
[2020-12-28T05:45:59.074-0500][gc,heap        ] GC(23377)   class space    used 7457K, capacity 8250K, committed 8832K, reserved 1048576K
[2020-12-28T05:45:59.074-0500][gc             ] GC(23377) Pause Young (Normal) (G1 Evacuation Pause) 50M->42M(63M) 3.326ms
[2020-12-28T05:45:59.074-0500][gc,cpu         ] GC(23377) User=0.01s Sys=0.00s Real=0.00s
[2020-12-28T05:46:45.190-0500][gc,task        ] GC(23378) Using 5 workers of 8 for full compaction
[2020-12-28T05:46:45.190-0500][gc,start       ] GC(23378) Pause Full (System.gc())
[2020-12-28T05:46:45.190-0500][gc,heap        ] GC(23378) Heap before GC invocations=23378 (full 5342): garbage-first heap   total 64512K, used 45410K [0x0000000083000000, 0x0000000100000000)
[2020-12-28T05:46:45.190-0500][gc,heap        ] GC(23378)   region size 1024K, 4 young (4096K), 1 survivors (1024K)
[2020-12-28T05:46:45.190-0500][gc,heap        ] GC(23378)  Metaspace       used 50313K, capacity 52468K, committed 53888K, reserved 1093632K
[2020-12-28T05:46:45.190-0500][gc,heap        ] GC(23378)   class space    used 7457K, capacity 8250K, committed 8832K, reserved 1048576K
[2020-12-28T05:46:45.190-0500][gc,phases,start] GC(23378) Phase 1: Mark live objects
[2020-12-28T05:46:45.221-0500][gc,stringtable ] GC(23378) Cleaned string and symbol table, strings: 33317 processed, 4 removed, symbols: 120973 processed, 0 removed
[2020-12-28T05:46:45.221-0500][gc,phases      ] GC(23378) Phase 1: Mark live objects 30.244ms
[2020-12-28T05:46:45.221-0500][gc,phases,start] GC(23378) Phase 2: Prepare for compaction
[2020-12-28T05:46:45.224-0500][gc,phases      ] GC(23378) Phase 2: Prepare for compaction 3.098ms
[2020-12-28T05:46:45.224-0500][gc,phases,start] GC(23378) Phase 3: Adjust pointers
[2020-12-28T05:46:45.234-0500][gc,phases      ] GC(23378) Phase 3: Adjust pointers 10.050ms
[2020-12-28T05:46:45.234-0500][gc,phases,start] GC(23378) Phase 4: Compact heap
[2020-12-28T05:46:45.237-0500][gc,phases      ] GC(23378) Phase 4: Compact heap 2.929ms
[2020-12-28T05:46:45.241-0500][gc,heap        ] GC(23378) Eden regions: 3->0(9)
[2020-12-28T05:46:45.241-0500][gc,heap        ] GC(23378) Survivor regions: 1->0(2)
[2020-12-28T05:46:45.241-0500][gc,heap        ] GC(23378) Old regions: 42->42
[2020-12-28T05:46:45.241-0500][gc,heap        ] GC(23378) Humongous regions: 4->4
[2020-12-28T05:46:45.241-0500][gc,metaspace   ] GC(23378) Metaspace: 50313K->50313K(1093632K)
[2020-12-28T05:46:45.241-0500][gc,heap        ] GC(23378) Heap after GC invocations=23379 (full 5343): garbage-first heap   total 64512K, used 43324K [0x0000000083000000, 0x0000000100000000)
[2020-12-28T05:46:45.241-0500][gc,heap        ] GC(23378)   region size 1024K, 0 young (0K), 0 survivors (0K)
[2020-12-28T05:46:45.241-0500][gc,heap        ] GC(23378)  Metaspace       used 50313K, capacity 52468K, committed 53888K, reserved 1093632K
[2020-12-28T05:46:45.241-0500][gc,heap        ] GC(23378)   class space    used 7457K, capacity 8250K, committed 8832K, reserved 1048576K
[2020-12-28T05:46:45.241-0500][gc             ] GC(23378) Pause Full (System.gc()) 45M->42M(63M) 51.199ms
[2020-12-28T05:46:45.241-0500][gc,cpu         ] GC(23378) User=0.23s Sys=0.00s Real=0.05s
[2020-12-28T05:48:59.063-0500][gc,heap        ] GC(23379) Heap before GC invocations=23379 (full 5343): garbage-first heap   total 64512K, used 52540K [0x0000000083000000, 0x0000000100000000)
[2020-12-28T05:48:59.063-0500][gc,heap        ] GC(23379)   region size 1024K, 9 young (9216K), 0 survivors (0K)
[2020-12-28T05:48:59.063-0500][gc,heap        ] GC(23379)  Metaspace       used 50313K, capacity 52468K, committed 53888K, reserved 1093632K
[2020-12-28T05:48:59.063-0500][gc,heap        ] GC(23379)   class space    used 7457K, capacity 8250K, committed 8832K, reserved 1048576K
[2020-12-28T05:48:59.063-0500][gc,start       ] GC(23379) Pause Young (Normal) (G1 Evacuation Pause)
[2020-12-28T05:48:59.063-0500][gc,task        ] GC(23379) Using 8 workers of 8 for evacuation
[2020-12-28T05:48:59.076-0500][gc,phases      ] GC(23379)   Pre Evacuate Collection Set: 0.0ms
[2020-12-28T05:48:59.076-0500][gc,phases      ] GC(23379)   Evacuate Collection Set: 11.4ms
[2020-12-28T05:48:59.076-0500][gc,phases      ] GC(23379)   Post Evacuate Collection Set: 1.5ms
[2020-12-28T05:48:59.076-0500][gc,phases      ] GC(23379)   Other: 0.4ms
[2020-12-28T05:48:59.076-0500][gc,heap        ] GC(23379) Eden regions: 9->0(8)
[2020-12-28T05:48:59.076-0500][gc,heap        ] GC(23379) Survivor regions: 0->1(2)
[2020-12-28T05:48:59.077-0500][gc,heap        ] GC(23379) Old regions: 42->42
[2020-12-28T05:48:59.077-0500][gc,heap        ] GC(23379) Humongous regions: 4->4
[2020-12-28T05:48:59.077-0500][gc,metaspace   ] GC(23379) Metaspace: 50313K->50313K(1093632K)
[2020-12-28T05:48:59.077-0500][gc,heap        ] GC(23379) Heap after GC invocations=23380 (full 5343): garbage-first heap   total 64512K, used 43384K [0x0000000083000000, 0x0000000100000000)
[2020-12-28T05:48:59.077-0500][gc,heap        ] GC(23379)   region size 1024K, 1 young (1024K), 1 survivors (1024K)
[2020-12-28T05:48:59.077-0500][gc,heap        ] GC(23379)  Metaspace       used 50313K, capacity 52468K, committed 53888K, reserved 1093632K
[2020-12-28T05:48:59.077-0500][gc,heap        ] GC(23379)   class space    used 7457K, capacity 8250K, committed 8832K, reserved 1048576K
[2020-12-28T05:48:59.077-0500][gc             ] GC(23379) Pause Young (Normal) (G1 Evacuation Pause) 51M->42M(63M) 13.329ms
[2020-12-28T05:48:59.077-0500][gc,cpu         ] GC(23379) User=0.09s Sys=0.00s Real=0.01s
[2020-12-28T05:50:59.064-0500][gc,heap        ] GC(23380) Heap before GC invocations=23380 (full 5343): garbage-first heap   total 64512K, used 50552K [0x0000000083000000, 0x0000000100000000)
[2020-12-28T05:50:59.064-0500][gc,heap        ] GC(23380)   region size 1024K, 9 young (9216K), 1 survivors (1024K)
[2020-12-28T05:50:59.064-0500][gc,heap        ] GC(23380)  Metaspace       used 50313K, capacity 52468K, committed 53888K, reserved 1093632K
[2020-12-28T05:50:59.064-0500][gc,heap        ] GC(23380)   class space    used 7457K, capacity 8250K, committed 8832K, reserved 1048576K
[2020-12-28T05:50:59.064-0500][gc,start       ] GC(23380) Pause Young (Normal) (G1 Evacuation Pause)
[2020-12-28T05:50:59.064-0500][gc,task        ] GC(23380) Using 8 workers of 8 for evacuation
[2020-12-28T05:50:59.096-0500][gc,phases      ] GC(23380)   Pre Evacuate Collection Set: 0.0ms
[2020-12-28T05:50:59.097-0500][gc,phases      ] GC(23380)   Evacuate Collection Set: 14.8ms
[2020-12-28T05:50:59.097-0500][gc,phases      ] GC(23380)   Post Evacuate Collection Set: 17.3ms
[2020-12-28T05:50:59.097-0500][gc,phases      ] GC(23380)   Other: 0.4ms
[2020-12-28T05:50:59.097-0500][gc,heap        ] GC(23380) Eden regions: 8->0(8)
[2020-12-28T05:50:59.097-0500][gc,heap        ] GC(23380) Survivor regions: 1->1(2)
[2020-12-28T05:50:59.097-0500][gc,heap        ] GC(23380) Old regions: 42->42
[2020-12-28T05:50:59.097-0500][gc,heap        ] GC(23380) Humongous regions: 4->4
[2020-12-28T05:50:59.097-0500][gc,metaspace   ] GC(23380) Metaspace: 50313K->50313K(1093632K)
[2020-12-28T05:50:59.097-0500][gc,heap        ] GC(23380) Heap after GC invocations=23381 (full 5343): garbage-first heap   total 64512K, used 43400K [0x0000000083000000, 0x0000000100000000)
[2020-12-28T05:50:59.097-0500][gc,heap        ] GC(23380)   region size 1024K, 1 young (1024K), 1 survivors (1024K)
[2020-12-28T05:50:59.097-0500][gc,heap        ] GC(23380)  Metaspace       used 50313K, capacity 52468K, committed 53888K, reserved 1093632K
[2020-12-28T05:50:59.097-0500][gc,heap        ] GC(23380)   class space    used 7457K, capacity 8250K, committed 8832K, reserved 1048576K
[2020-12-28T05:50:59.097-0500][gc             ] GC(23380) Pause Young (Normal) (G1 Evacuation Pause) 50M->42M(63M) 32.577ms
[2020-12-28T05:50:59.097-0500][gc,cpu         ] GC(23380) User=0.12s Sys=0.00s Real=0.03s
[2020-12-28T05:51:45.193-0500][gc,task        ] GC(23381) Using 5 workers of 8 for full compaction
[2020-12-28T05:51:45.193-0500][gc,start       ] GC(23381) Pause Full (System.gc())
[2020-12-28T05:51:45.193-0500][gc,heap        ] GC(23381) Heap before GC invocations=23381 (full 5343): garbage-first heap   total 64512K, used 45448K [0x0000000083000000, 0x0000000100000000)
[2020-12-28T05:51:45.193-0500][gc,heap        ] GC(23381)   region size 1024K, 5 young (5120K), 1 survivors (1024K)
[2020-12-28T05:51:45.193-0500][gc,heap        ] GC(23381)  Metaspace       used 50313K, capacity 52468K, committed 53888K, reserved 1093632K
[2020-12-28T05:51:45.193-0500][gc,heap        ] GC(23381)   class space    used 7457K, capacity 8250K, committed 8832K, reserved 1048576K
[2020-12-28T05:51:45.194-0500][gc,phases,start] GC(23381) Phase 1: Mark live objects
[2020-12-28T05:51:45.231-0500][gc,stringtable ] GC(23381) Cleaned string and symbol table, strings: 33317 processed, 4 removed, symbols: 120973 processed, 0 removed
[2020-12-28T05:51:45.231-0500][gc,phases      ] GC(23381) Phase 1: Mark live objects 37.054ms
[2020-12-28T05:51:45.231-0500][gc,phases,start] GC(23381) Phase 2: Prepare for compaction
[2020-12-28T05:51:45.236-0500][gc,phases      ] GC(23381) Phase 2: Prepare for compaction 4.859ms
[2020-12-28T05:51:45.236-0500][gc,phases,start] GC(23381) Phase 3: Adjust pointers
[2020-12-28T05:51:45.248-0500][gc,phases      ] GC(23381) Phase 3: Adjust pointers 12.513ms
[2020-12-28T05:51:45.248-0500][gc,phases,start] GC(23381) Phase 4: Compact heap
[2020-12-28T05:51:45.251-0500][gc,phases      ] GC(23381) Phase 4: Compact heap 3.212ms
[2020-12-28T05:51:45.256-0500][gc,heap        ] GC(23381) Eden regions: 4->0(10)
[2020-12-28T05:51:45.256-0500][gc,heap        ] GC(23381) Survivor regions: 1->0(2)
[2020-12-28T05:51:45.256-0500][gc,heap        ] GC(23381) Old regions: 42->41
[2020-12-28T05:51:45.256-0500][gc,heap        ] GC(23381) Humongous regions: 4->4
[2020-12-28T05:51:45.256-0500][gc,metaspace   ] GC(23381) Metaspace: 50313K->50313K(1093632K)
[2020-12-28T05:51:45.256-0500][gc,heap        ] GC(23381) Heap after GC invocations=23382 (full 5344): garbage-first heap   total 64512K, used 43329K [0x0000000083000000, 0x0000000100000000)
[2020-12-28T05:51:45.256-0500][gc,heap        ] GC(23381)   region size 1024K, 0 young (0K), 0 survivors (0K)
[2020-12-28T05:51:45.256-0500][gc,heap        ] GC(23381)  Metaspace       used 50313K, capacity 52468K, committed 53888K, reserved 1093632K
[2020-12-28T05:51:45.256-0500][gc,heap        ] GC(23381)   class space    used 7457K, capacity 8250K, committed 8832K, reserved 1048576K
[2020-12-28T05:51:45.256-0500][gc             ] GC(23381) Pause Full (System.gc()) 45M->42M(63M) 62.552ms
[2020-12-28T05:51:45.256-0500][gc,cpu         ] GC(23381) User=0.27s Sys=0.00s Real=0.06s
[2020-12-28T05:54:09.064-0500][gc,heap        ] GC(23382) Heap before GC invocations=23382 (full 5344): garbage-first heap   total 64512K, used 52545K [0x0000000083000000, 0x0000000100000000)
[2020-12-28T05:54:09.064-0500][gc,heap        ] GC(23382)   region size 1024K, 10 young (10240K), 0 survivors (0K)
[2020-12-28T05:54:09.064-0500][gc,heap        ] GC(23382)  Metaspace       used 50313K, capacity 52468K, committed 53888K, reserved 1093632K
[2020-12-28T05:54:09.064-0500][gc,heap        ] GC(23382)   class space    used 7457K, capacity 8250K, committed 8832K, reserved 1048576K
[2020-12-28T05:54:09.064-0500][gc,start       ] GC(23382) Pause Young (Normal) (G1 Evacuation Pause)
[2020-12-28T05:54:09.064-0500][gc,task        ] GC(23382) Using 8 workers of 8 for evacuation
[2020-12-28T05:54:09.071-0500][gc,phases      ] GC(23382)   Pre Evacuate Collection Set: 0.1ms
[2020-12-28T05:54:09.071-0500][gc,phases      ] GC(23382)   Evacuate Collection Set: 3.8ms
[2020-12-28T05:54:09.071-0500][gc,phases      ] GC(23382)   Post Evacuate Collection Set: 2.9ms
[2020-12-28T05:54:09.071-0500][gc,phases      ] GC(23382)   Other: 0.5ms
[2020-12-28T05:54:09.071-0500][gc,heap        ] GC(23382) Eden regions: 10->0(9)
[2020-12-28T05:54:09.071-0500][gc,heap        ] GC(23382) Survivor regions: 0->1(2)
[2020-12-28T05:54:09.071-0500][gc,heap        ] GC(23382) Old regions: 41->41
[2020-12-28T05:54:09.071-0500][gc,heap        ] GC(23382) Humongous regions: 4->4
[2020-12-28T05:54:09.071-0500][gc,metaspace   ] GC(23382) Metaspace: 50313K->50313K(1093632K)
[2020-12-28T05:54:09.071-0500][gc,heap        ] GC(23382) Heap after GC invocations=23383 (full 5344): garbage-first heap   total 64512K, used 43424K [0x0000000083000000, 0x0000000100000000)
[2020-12-28T05:54:09.071-0500][gc,heap        ] GC(23382)   region size 1024K, 1 young (1024K), 1 survivors (1024K)
[2020-12-28T05:54:09.071-0500][gc,heap        ] GC(23382)  Metaspace       used 50313K, capacity 52468K, committed 53888K, reserved 1093632K
[2020-12-28T05:54:09.071-0500][gc,heap        ] GC(23382)   class space    used 7457K, capacity 8250K, committed 8832K, reserved 1048576K
[2020-12-28T05:54:09.071-0500][gc             ] GC(23382) Pause Young (Normal) (G1 Evacuation Pause) 52M->42M(63M) 7.370ms
[2020-12-28T05:54:09.072-0500][gc,cpu         ] GC(23382) User=0.02s Sys=0.00s Real=0.01s
[2020-12-28T05:56:29.063-0500][gc,heap        ] GC(23383) Heap before GC invocations=23383 (full 5344): garbage-first heap   total 64512K, used 52640K [0x0000000083000000, 0x0000000100000000)
[2020-12-28T05:56:29.063-0500][gc,heap        ] GC(23383)   region size 1024K, 10 young (10240K), 1 survivors (1024K)
[2020-12-28T05:56:29.063-0500][gc,heap        ] GC(23383)  Metaspace       used 50313K, capacity 52468K, committed 53888K, reserved 1093632K
[2020-12-28T05:56:29.063-0500][gc,heap        ] GC(23383)   class space    used 7457K, capacity 8250K, committed 8832K, reserved 1048576K
[2020-12-28T05:56:29.064-0500][gc,start       ] GC(23383) Pause Young (Normal) (G1 Evacuation Pause)
[2020-12-28T05:56:29.064-0500][gc,task        ] GC(23383) Using 8 workers of 8 for evacuation
[2020-12-28T05:56:29.068-0500][gc,phases      ] GC(23383)   Pre Evacuate Collection Set: 0.0ms
[2020-12-28T05:56:29.068-0500][gc,phases      ] GC(23383)   Evacuate Collection Set: 1.5ms
[2020-12-28T05:56:29.068-0500][gc,phases      ] GC(23383)   Post Evacuate Collection Set: 2.9ms
[2020-12-28T05:56:29.068-0500][gc,phases      ] GC(23383)   Other: 0.6ms
[2020-12-28T05:56:29.069-0500][gc,heap        ] GC(23383) Eden regions: 9->0(9)
[2020-12-28T05:56:29.069-0500][gc,heap        ] GC(23383) Survivor regions: 1->1(2)
[2020-12-28T05:56:29.069-0500][gc,heap        ] GC(23383) Old regions: 41->41
[2020-12-28T05:56:29.069-0500][gc,heap        ] GC(23383) Humongous regions: 4->4
[2020-12-28T05:56:29.069-0500][gc,metaspace   ] GC(23383) Metaspace: 50313K->50313K(1093632K)
[2020-12-28T05:56:29.069-0500][gc,heap        ] GC(23383) Heap after GC invocations=23384 (full 5344): garbage-first heap   total 64512K, used 43408K [0x0000000083000000, 0x0000000100000000)
[2020-12-28T05:56:29.069-0500][gc,heap        ] GC(23383)   region size 1024K, 1 young (1024K), 1 survivors (1024K)
[2020-12-28T05:56:29.069-0500][gc,heap        ] GC(23383)  Metaspace       used 50313K, capacity 52468K, committed 53888K, reserved 1093632K
[2020-12-28T05:56:29.069-0500][gc,heap        ] GC(23383)   class space    used 7457K, capacity 8250K, committed 8832K, reserved 1048576K
[2020-12-28T05:56:29.069-0500][gc             ] GC(23383) Pause Young (Normal) (G1 Evacuation Pause) 51M->42M(63M) 5.179ms
[2020-12-28T05:56:29.069-0500][gc,cpu         ] GC(23383) User=0.01s Sys=0.01s Real=0.01s
[2020-12-28T05:56:45.191-0500][gc,task        ] GC(23384) Using 5 workers of 8 for full compaction
[2020-12-28T05:56:45.191-0500][gc,start       ] GC(23384) Pause Full (System.gc())
[2020-12-28T05:56:45.191-0500][gc,heap        ] GC(23384) Heap before GC invocations=23384 (full 5344): garbage-first heap   total 64512K, used 43408K [0x0000000083000000, 0x0000000100000000)
[2020-12-28T05:56:45.191-0500][gc,heap        ] GC(23384)   region size 1024K, 3 young (3072K), 1 survivors (1024K)
[2020-12-28T05:56:45.191-0500][gc,heap        ] GC(23384)  Metaspace       used 50313K, capacity 52468K, committed 53888K, reserved 1093632K
[2020-12-28T05:56:45.191-0500][gc,heap        ] GC(23384)   class space    used 7457K, capacity 8250K, committed 8832K, reserved 1048576K
[2020-12-28T05:56:45.192-0500][gc,phases,start] GC(23384) Phase 1: Mark live objects
[2020-12-28T05:56:45.231-0500][gc,stringtable ] GC(23384) Cleaned string and symbol table, strings: 33317 processed, 4 removed, symbols: 120973 processed, 0 removed
[2020-12-28T05:56:45.231-0500][gc,phases      ] GC(23384) Phase 1: Mark live objects 39.080ms
[2020-12-28T05:56:45.231-0500][gc,phases,start] GC(23384) Phase 2: Prepare for compaction
[2020-12-28T05:56:45.236-0500][gc,phases      ] GC(23384) Phase 2: Prepare for compaction 5.058ms
[2020-12-28T05:56:45.236-0500][gc,phases,start] GC(23384) Phase 3: Adjust pointers
[2020-12-28T05:56:45.248-0500][gc,phases      ] GC(23384) Phase 3: Adjust pointers 11.834ms
[2020-12-28T05:56:45.248-0500][gc,phases,start] GC(23384) Phase 4: Compact heap
[2020-12-28T05:56:45.250-0500][gc,phases      ] GC(23384) Phase 4: Compact heap 2.778ms
[2020-12-28T05:56:45.254-0500][gc,heap        ] GC(23384) Eden regions: 2->0(10)
[2020-12-28T05:56:45.254-0500][gc,heap        ] GC(23384) Survivor regions: 1->0(2)
[2020-12-28T05:56:45.254-0500][gc,heap        ] GC(23384) Old regions: 41->41
[2020-12-28T05:56:45.254-0500][gc,heap        ] GC(23384) Humongous regions: 4->4
[2020-12-28T05:56:45.254-0500][gc,metaspace   ] GC(23384) Metaspace: 50313K->50313K(1093632K)
[2020-12-28T05:56:45.255-0500][gc,heap        ] GC(23384) Heap after GC invocations=23385 (full 5345): garbage-first heap   total 64512K, used 43311K [0x0000000083000000, 0x0000000100000000)
[2020-12-28T05:56:45.255-0500][gc,heap        ] GC(23384)   region size 1024K, 0 young (0K), 0 survivors (0K)
[2020-12-28T05:56:45.255-0500][gc,heap        ] GC(23384)  Metaspace       used 50313K, capacity 52468K, committed 53888K, reserved 1093632K
[2020-12-28T05:56:45.255-0500][gc,heap        ] GC(23384)   class space    used 7457K, capacity 8250K, committed 8832K, reserved 1048576K
[2020-12-28T05:56:45.255-0500][gc             ] GC(23384) Pause Full (System.gc()) 43M->42M(63M) 63.569ms
[2020-12-28T05:56:45.255-0500][gc,cpu         ] GC(23384) User=0.28s Sys=0.00s Real=0.06s
[2020-12-28T05:59:10.669-0500][gc,heap        ] GC(23385) Heap before GC invocations=23385 (full 5345): garbage-first heap   total 64512K, used 52527K [0x0000000083000000, 0x0000000100000000)
[2020-12-28T05:59:10.669-0500][gc,heap        ] GC(23385)   region size 1024K, 10 young (10240K), 0 survivors (0K)
[2020-12-28T05:59:10.669-0500][gc,heap        ] GC(23385)  Metaspace       used 50313K, capacity 52468K, committed 53888K, reserved 1093632K
[2020-12-28T05:59:10.669-0500][gc,heap        ] GC(23385)   class space    used 7457K, capacity 8250K, committed 8832K, reserved 1048576K
[2020-12-28T05:59:10.669-0500][gc,start       ] GC(23385) Pause Young (Normal) (G1 Evacuation Pause)
[2020-12-28T05:59:10.669-0500][gc,task        ] GC(23385) Using 8 workers of 8 for evacuation
[2020-12-28T05:59:10.673-0500][gc,phases      ] GC(23385)   Pre Evacuate Collection Set: 0.0ms
[2020-12-28T05:59:10.674-0500][gc,phases      ] GC(23385)   Evacuate Collection Set: 1.4ms
[2020-12-28T05:59:10.674-0500][gc,phases      ] GC(23385)   Post Evacuate Collection Set: 2.7ms
[2020-12-28T05:59:10.674-0500][gc,phases      ] GC(23385)   Other: 0.5ms
[2020-12-28T05:59:10.674-0500][gc,heap        ] GC(23385) Eden regions: 10->0(9)
[2020-12-28T05:59:10.674-0500][gc,heap        ] GC(23385) Survivor regions: 0->1(2)
[2020-12-28T05:59:10.674-0500][gc,heap        ] GC(23385) Old regions: 41->41
[2020-12-28T05:59:10.674-0500][gc,heap        ] GC(23385) Humongous regions: 4->4
[2020-12-28T05:59:10.674-0500][gc,metaspace   ] GC(23385) Metaspace: 50313K->50313K(1093632K)
[2020-12-28T05:59:10.674-0500][gc,heap        ] GC(23385) Heap after GC invocations=23386 (full 5345): garbage-first heap   total 64512K, used 43386K [0x0000000083000000, 0x0000000100000000)
[2020-12-28T05:59:10.674-0500][gc,heap        ] GC(23385)   region size 1024K, 1 young (1024K), 1 survivors (1024K)
[2020-12-28T05:59:10.674-0500][gc,heap        ] GC(23385)  Metaspace       used 50313K, capacity 52468K, committed 53888K, reserved 1093632K
[2020-12-28T05:59:10.674-0500][gc,heap        ] GC(23385)   class space    used 7457K, capacity 8250K, committed 8832K, reserved 1048576K
[2020-12-28T05:59:10.674-0500][gc             ] GC(23385) Pause Young (Normal) (G1 Evacuation Pause) 52M->42M(63M) 4.786ms
[2020-12-28T05:59:10.674-0500][gc,cpu         ] GC(23385) User=0.01s Sys=0.00s Real=0.00s
[2020-12-28T06:01:29.063-0500][gc,heap        ] GC(23386) Heap before GC invocations=23386 (full 5345): garbage-first heap   total 64512K, used 52602K [0x0000000083000000, 0x0000000100000000)
[2020-12-28T06:01:29.063-0500][gc,heap        ] GC(23386)   region size 1024K, 10 young (10240K), 1 survivors (1024K)
[2020-12-28T06:01:29.063-0500][gc,heap        ] GC(23386)  Metaspace       used 50313K, capacity 52468K, committed 53888K, reserved 1093632K
[2020-12-28T06:01:29.063-0500][gc,heap        ] GC(23386)   class space    used 7457K, capacity 8250K, committed 8832K, reserved 1048576K
[2020-12-28T06:01:29.063-0500][gc,start       ] GC(23386) Pause Young (Normal) (G1 Evacuation Pause)
[2020-12-28T06:01:29.063-0500][gc,task        ] GC(23386) Using 8 workers of 8 for evacuation
[2020-12-28T06:01:29.065-0500][gc,phases      ] GC(23386)   Pre Evacuate Collection Set: 0.0ms
[2020-12-28T06:01:29.065-0500][gc,phases      ] GC(23386)   Evacuate Collection Set: 0.9ms
[2020-12-28T06:01:29.065-0500][gc,phases      ] GC(23386)   Post Evacuate Collection Set: 1.1ms
[2020-12-28T06:01:29.065-0500][gc,phases      ] GC(23386)   Other: 0.2ms
[2020-12-28T06:01:29.065-0500][gc,heap        ] GC(23386) Eden regions: 9->0(9)
[2020-12-28T06:01:29.065-0500][gc,heap        ] GC(23386) Survivor regions: 1->1(2)
[2020-12-28T06:01:29.065-0500][gc,heap        ] GC(23386) Old regions: 41->41
[2020-12-28T06:01:29.065-0500][gc,heap        ] GC(23386) Humongous regions: 4->4
[2020-12-28T06:01:29.065-0500][gc,metaspace   ] GC(23386) Metaspace: 50313K->50313K(1093632K)
[2020-12-28T06:01:29.065-0500][gc,heap        ] GC(23386) Heap after GC invocations=23387 (full 5345): garbage-first heap   total 64512K, used 43375K [0x0000000083000000, 0x0000000100000000)
[2020-12-28T06:01:29.065-0500][gc,heap        ] GC(23386)   region size 1024K, 1 young (1024K), 1 survivors (1024K)
[2020-12-28T06:01:29.065-0500][gc,heap        ] GC(23386)  Metaspace       used 50313K, capacity 52468K, committed 53888K, reserved 1093632K
[2020-12-28T06:01:29.065-0500][gc,heap        ] GC(23386)   class space    used 7457K, capacity 8250K, committed 8832K, reserved 1048576K
[2020-12-28T06:01:29.065-0500][gc             ] GC(23386) Pause Young (Normal) (G1 Evacuation Pause) 51M->42M(63M) 2.216ms
[2020-12-28T06:01:29.065-0500][gc,cpu         ] GC(23386) User=0.01s Sys=0.00s Real=0.00s
[2020-12-28T06:01:45.189-0500][gc,task        ] GC(23387) Using 5 workers of 8 for full compaction
[2020-12-28T06:01:45.189-0500][gc,start       ] GC(23387) Pause Full (System.gc())
[2020-12-28T06:01:45.189-0500][gc,heap        ] GC(23387) Heap before GC invocations=23387 (full 5345): garbage-first heap   total 64512K, used 43375K [0x0000000083000000, 0x0000000100000000)
[2020-12-28T06:01:45.189-0500][gc,heap        ] GC(23387)   region size 1024K, 2 young (2048K), 1 survivors (1024K)
[2020-12-28T06:01:45.189-0500][gc,heap        ] GC(23387)  Metaspace       used 50313K, capacity 52468K, committed 53888K, reserved 1093632K
[2020-12-28T06:01:45.189-0500][gc,heap        ] GC(23387)   class space    used 7457K, capacity 8250K, committed 8832K, reserved 1048576K
[2020-12-28T06:01:45.189-0500][gc,phases,start] GC(23387) Phase 1: Mark live objects
[2020-12-28T06:01:45.206-0500][gc,stringtable ] GC(23387) Cleaned string and symbol table, strings: 33317 processed, 4 removed, symbols: 120973 processed, 0 removed
[2020-12-28T06:01:45.206-0500][gc,phases      ] GC(23387) Phase 1: Mark live objects 16.595ms
[2020-12-28T06:01:45.206-0500][gc,phases,start] GC(23387) Phase 2: Prepare for compaction
[2020-12-28T06:01:45.209-0500][gc,phases      ] GC(23387) Phase 2: Prepare for compaction 3.376ms
[2020-12-28T06:01:45.209-0500][gc,phases,start] GC(23387) Phase 3: Adjust pointers
[2020-12-28T06:01:45.218-0500][gc,phases      ] GC(23387) Phase 3: Adjust pointers 8.966ms
[2020-12-28T06:01:45.218-0500][gc,phases,start] GC(23387) Phase 4: Compact heap
[2020-12-28T06:01:45.221-0500][gc,phases      ] GC(23387) Phase 4: Compact heap 2.822ms
[2020-12-28T06:01:45.225-0500][gc,heap        ] GC(23387) Eden regions: 1->0(10)
[2020-12-28T06:01:45.225-0500][gc,heap        ] GC(23387) Survivor regions: 1->0(2)
[2020-12-28T06:01:45.225-0500][gc,heap        ] GC(23387) Old regions: 41->41
[2020-12-28T06:01:45.225-0500][gc,heap        ] GC(23387) Humongous regions: 4->4
[2020-12-28T06:01:45.225-0500][gc,metaspace   ] GC(23387) Metaspace: 50313K->50313K(1093632K)
[2020-12-28T06:01:45.225-0500][gc,heap        ] GC(23387) Heap after GC invocations=23388 (full 5346): garbage-first heap   total 64512K, used 43311K [0x0000000083000000, 0x0000000100000000)
[2020-12-28T06:01:45.225-0500][gc,heap        ] GC(23387)   region size 1024K, 0 young (0K), 0 survivors (0K)
[2020-12-28T06:01:45.225-0500][gc,heap        ] GC(23387)  Metaspace       used 50313K, capacity 52468K, committed 53888K, reserved 1093632K
[2020-12-28T06:01:45.225-0500][gc,heap        ] GC(23387)   class space    used 7457K, capacity 8250K, committed 8832K, reserved 1048576K
[2020-12-28T06:01:45.225-0500][gc             ] GC(23387) Pause Full (System.gc()) 43M->42M(63M) 36.482ms
[2020-12-28T06:01:45.226-0500][gc,cpu         ] GC(23387) User=0.15s Sys=0.00s Real=0.03s
[2020-12-28T06:04:19.060-0500][gc,heap        ] GC(23388) Heap before GC invocations=23388 (full 5346): garbage-first heap   total 64512K, used 52527K [0x0000000083000000, 0x0000000100000000)
[2020-12-28T06:04:19.060-0500][gc,heap        ] GC(23388)   region size 1024K, 10 young (10240K), 0 survivors (0K)
[2020-12-28T06:04:19.060-0500][gc,heap        ] GC(23388)  Metaspace       used 50313K, capacity 52468K, committed 53888K, reserved 1093632K
[2020-12-28T06:04:19.060-0500][gc,heap        ] GC(23388)   class space    used 7457K, capacity 8250K, committed 8832K, reserved 1048576K
[2020-12-28T06:04:19.060-0500][gc,start       ] GC(23388) Pause Young (Normal) (G1 Evacuation Pause)
[2020-12-28T06:04:19.060-0500][gc,task        ] GC(23388) Using 8 workers of 8 for evacuation
[2020-12-28T06:04:19.063-0500][gc,phases      ] GC(23388)   Pre Evacuate Collection Set: 0.0ms
[2020-12-28T06:04:19.063-0500][gc,phases      ] GC(23388)   Evacuate Collection Set: 1.0ms
[2020-12-28T06:04:19.063-0500][gc,phases      ] GC(23388)   Post Evacuate Collection Set: 1.9ms
[2020-12-28T06:04:19.063-0500][gc,phases      ] GC(23388)   Other: 0.3ms
[2020-12-28T06:04:19.063-0500][gc,heap        ] GC(23388) Eden regions: 10->0(9)
[2020-12-28T06:04:19.063-0500][gc,heap        ] GC(23388) Survivor regions: 0->1(2)
[2020-12-28T06:04:19.063-0500][gc,heap        ] GC(23388) Old regions: 41->41
[2020-12-28T06:04:19.063-0500][gc,heap        ] GC(23388) Humongous regions: 4->4
[2020-12-28T06:04:19.063-0500][gc,metaspace   ] GC(23388) Metaspace: 50313K->50313K(1093632K)
[2020-12-28T06:04:19.063-0500][gc,heap        ] GC(23388) Heap after GC invocations=23389 (full 5346): garbage-first heap   total 64512K, used 43373K [0x0000000083000000, 0x0000000100000000)
[2020-12-28T06:04:19.063-0500][gc,heap        ] GC(23388)   region size 1024K, 1 young (1024K), 1 survivors (1024K)
[2020-12-28T06:04:19.063-0500][gc,heap        ] GC(23388)  Metaspace       used 50313K, capacity 52468K, committed 53888K, reserved 1093632K
[2020-12-28T06:04:19.063-0500][gc,heap        ] GC(23388)   class space    used 7457K, capacity 8250K, committed 8832K, reserved 1048576K
[2020-12-28T06:04:19.064-0500][gc             ] GC(23388) Pause Young (Normal) (G1 Evacuation Pause) 52M->42M(63M) 3.664ms
[2020-12-28T06:04:19.064-0500][gc,cpu         ] GC(23388) User=0.01s Sys=0.00s Real=0.00s
[2020-12-28T06:06:33.217-0500][gc,heap        ] GC(23389) Heap before GC invocations=23389 (full 5346): garbage-first heap   total 64512K, used 52589K [0x0000000083000000, 0x0000000100000000)
[2020-12-28T06:06:33.218-0500][gc,heap        ] GC(23389)   region size 1024K, 10 young (10240K), 1 survivors (1024K)
[2020-12-28T06:06:33.218-0500][gc,heap        ] GC(23389)  Metaspace       used 50313K, capacity 52468K, committed 53888K, reserved 1093632K
[2020-12-28T06:06:33.218-0500][gc,heap        ] GC(23389)   class space    used 7457K, capacity 8250K, committed 8832K, reserved 1048576K
[2020-12-28T06:06:33.218-0500][gc,start       ] GC(23389) Pause Young (Normal) (G1 Evacuation Pause)
[2020-12-28T06:06:33.218-0500][gc,task        ] GC(23389) Using 8 workers of 8 for evacuation
[2020-12-28T06:06:33.225-0500][gc,phases      ] GC(23389)   Pre Evacuate Collection Set: 0.0ms
[2020-12-28T06:06:33.225-0500][gc,phases      ] GC(23389)   Evacuate Collection Set: 5.3ms
[2020-12-28T06:06:33.225-0500][gc,phases      ] GC(23389)   Post Evacuate Collection Set: 1.9ms
[2020-12-28T06:06:33.225-0500][gc,phases      ] GC(23389)   Other: 0.5ms
[2020-12-28T06:06:33.225-0500][gc,heap        ] GC(23389) Eden regions: 9->0(9)
[2020-12-28T06:06:33.225-0500][gc,heap        ] GC(23389) Survivor regions: 1->1(2)
[2020-12-28T06:06:33.225-0500][gc,heap        ] GC(23389) Old regions: 41->41
[2020-12-28T06:06:33.225-0500][gc,heap        ] GC(23389) Humongous regions: 4->4
[2020-12-28T06:06:33.225-0500][gc,metaspace   ] GC(23389) Metaspace: 50313K->50313K(1093632K)
[2020-12-28T06:06:33.225-0500][gc,heap        ] GC(23389) Heap after GC invocations=23390 (full 5346): garbage-first heap   total 64512K, used 43365K [0x0000000083000000, 0x0000000100000000)
[2020-12-28T06:06:33.225-0500][gc,heap        ] GC(23389)   region size 1024K, 1 young (1024K), 1 survivors (1024K)
[2020-12-28T06:06:33.225-0500][gc,heap        ] GC(23389)  Metaspace       used 50313K, capacity 52468K, committed 53888K, reserved 1093632K
[2020-12-28T06:06:33.225-0500][gc,heap        ] GC(23389)   class space    used 7457K, capacity 8250K, committed 8832K, reserved 1048576K
[2020-12-28T06:06:33.225-0500][gc             ] GC(23389) Pause Young (Normal) (G1 Evacuation Pause) 51M->42M(63M) 7.702ms
[2020-12-28T06:06:33.225-0500][gc,cpu         ] GC(23389) User=0.02s Sys=0.00s Real=0.01s
[2020-12-28T06:06:45.189-0500][gc,task        ] GC(23390) Using 5 workers of 8 for full compaction
[2020-12-28T06:06:45.189-0500][gc,start       ] GC(23390) Pause Full (System.gc())
[2020-12-28T06:06:45.189-0500][gc,heap        ] GC(23390) Heap before GC invocations=23390 (full 5346): garbage-first heap   total 64512K, used 43365K [0x0000000083000000, 0x0000000100000000)
[2020-12-28T06:06:45.189-0500][gc,heap        ] GC(23390)   region size 1024K, 2 young (2048K), 1 survivors (1024K)
[2020-12-28T06:06:45.189-0500][gc,heap        ] GC(23390)  Metaspace       used 50313K, capacity 52468K, committed 53888K, reserved 1093632K
[2020-12-28T06:06:45.189-0500][gc,heap        ] GC(23390)   class space    used 7457K, capacity 8250K, committed 8832K, reserved 1048576K
[2020-12-28T06:06:45.190-0500][gc,phases,start] GC(23390) Phase 1: Mark live objects
[2020-12-28T06:06:45.234-0500][gc,stringtable ] GC(23390) Cleaned string and symbol table, strings: 33317 processed, 4 removed, symbols: 120973 processed, 0 removed
[2020-12-28T06:06:45.234-0500][gc,phases      ] GC(23390) Phase 1: Mark live objects 43.935ms
[2020-12-28T06:06:45.234-0500][gc,phases,start] GC(23390) Phase 2: Prepare for compaction
[2020-12-28T06:06:45.237-0500][gc,phases      ] GC(23390) Phase 2: Prepare for compaction 3.517ms
[2020-12-28T06:06:45.237-0500][gc,phases,start] GC(23390) Phase 3: Adjust pointers
[2020-12-28T06:06:45.248-0500][gc,phases      ] GC(23390) Phase 3: Adjust pointers 10.729ms
[2020-12-28T06:06:45.248-0500][gc,phases,start] GC(23390) Phase 4: Compact heap
[2020-12-28T06:06:45.251-0500][gc,phases      ] GC(23390) Phase 4: Compact heap 2.900ms
[2020-12-28T06:06:45.255-0500][gc,heap        ] GC(23390) Eden regions: 1->0(9)
[2020-12-28T06:06:45.255-0500][gc,heap        ] GC(23390) Survivor regions: 1->0(2)
[2020-12-28T06:06:45.255-0500][gc,heap        ] GC(23390) Old regions: 41->42
[2020-12-28T06:06:45.255-0500][gc,heap        ] GC(23390) Humongous regions: 4->4
[2020-12-28T06:06:45.255-0500][gc,metaspace   ] GC(23390) Metaspace: 50313K->50313K(1093632K)
[2020-12-28T06:06:45.255-0500][gc,heap        ] GC(23390) Heap after GC invocations=23391 (full 5347): garbage-first heap   total 64512K, used 43312K [0x0000000083000000, 0x0000000100000000)
[2020-12-28T06:06:45.255-0500][gc,heap        ] GC(23390)   region size 1024K, 0 young (0K), 0 survivors (0K)
[2020-12-28T06:06:45.255-0500][gc,heap        ] GC(23390)  Metaspace       used 50313K, capacity 52468K, committed 53888K, reserved 1093632K
[2020-12-28T06:06:45.255-0500][gc,heap        ] GC(23390)   class space    used 7457K, capacity 8250K, committed 8832K, reserved 1048576K
[2020-12-28T06:06:45.255-0500][gc             ] GC(23390) Pause Full (System.gc()) 43M->42M(63M) 66.324ms
[2020-12-28T06:06:45.255-0500][gc,cpu         ] GC(23390) User=0.28s Sys=0.00s Real=0.06s
[2020-12-28T06:08:49.069-0500][gc,heap        ] GC(23391) Heap before GC invocations=23391 (full 5347): garbage-first heap   total 64512K, used 52528K [0x0000000083000000, 0x0000000100000000)
[2020-12-28T06:08:49.069-0500][gc,heap        ] GC(23391)   region size 1024K, 9 young (9216K), 0 survivors (0K)
[2020-12-28T06:08:49.069-0500][gc,heap        ] GC(23391)  Metaspace       used 50313K, capacity 52468K, committed 53888K, reserved 1093632K
[2020-12-28T06:08:49.069-0500][gc,heap        ] GC(23391)   class space    used 7457K, capacity 8250K, committed 8832K, reserved 1048576K
[2020-12-28T06:08:49.069-0500][gc,start       ] GC(23391) Pause Young (Normal) (G1 Evacuation Pause)
[2020-12-28T06:08:49.070-0500][gc,task        ] GC(23391) Using 8 workers of 8 for evacuation
[2020-12-28T06:08:49.084-0500][gc,phases      ] GC(23391)   Pre Evacuate Collection Set: 0.0ms
[2020-12-28T06:08:49.085-0500][gc,phases      ] GC(23391)   Evacuate Collection Set: 4.3ms
[2020-12-28T06:08:49.085-0500][gc,phases      ] GC(23391)   Post Evacuate Collection Set: 10.3ms
[2020-12-28T06:08:49.085-0500][gc,phases      ] GC(23391)   Other: 0.7ms
[2020-12-28T06:08:49.085-0500][gc,heap        ] GC(23391) Eden regions: 9->0(8)
[2020-12-28T06:08:49.085-0500][gc,heap        ] GC(23391) Survivor regions: 0->1(2)
[2020-12-28T06:08:49.085-0500][gc,heap        ] GC(23391) Old regions: 42->42
[2020-12-28T06:08:49.085-0500][gc,heap        ] GC(23391) Humongous regions: 4->4
[2020-12-28T06:08:49.085-0500][gc,metaspace   ] GC(23391) Metaspace: 50313K->50313K(1093632K)
[2020-12-28T06:08:49.085-0500][gc,heap        ] GC(23391) Heap after GC invocations=23392 (full 5347): garbage-first heap   total 64512K, used 43393K [0x0000000083000000, 0x0000000100000000)
[2020-12-28T06:08:49.085-0500][gc,heap        ] GC(23391)   region size 1024K, 1 young (1024K), 1 survivors (1024K)
[2020-12-28T06:08:49.085-0500][gc,heap        ] GC(23391)  Metaspace       used 50313K, capacity 52468K, committed 53888K, reserved 1093632K
[2020-12-28T06:08:49.085-0500][gc,heap        ] GC(23391)   class space    used 7457K, capacity 8250K, committed 8832K, reserved 1048576K
[2020-12-28T06:08:49.085-0500][gc             ] GC(23391) Pause Young (Normal) (G1 Evacuation Pause) 51M->42M(63M) 15.427ms
[2020-12-28T06:08:49.085-0500][gc,cpu         ] GC(23391) User=0.05s Sys=0.00s Real=0.01s
[2020-12-28T06:10:49.062-0500][gc,heap        ] GC(23392) Heap before GC invocations=23392 (full 5347): garbage-first heap   total 64512K, used 50561K [0x0000000083000000, 0x0000000100000000)
[2020-12-28T06:10:49.062-0500][gc,heap        ] GC(23392)   region size 1024K, 9 young (9216K), 1 survivors (1024K)
[2020-12-28T06:10:49.062-0500][gc,heap        ] GC(23392)  Metaspace       used 50313K, capacity 52468K, committed 53888K, reserved 1093632K
[2020-12-28T06:10:49.063-0500][gc,heap        ] GC(23392)   class space    used 7457K, capacity 8250K, committed 8832K, reserved 1048576K
[2020-12-28T06:10:49.063-0500][gc,start       ] GC(23392) Pause Young (Normal) (G1 Evacuation Pause)
[2020-12-28T06:10:49.063-0500][gc,task        ] GC(23392) Using 8 workers of 8 for evacuation
[2020-12-28T06:10:49.067-0500][gc,phases      ] GC(23392)   Pre Evacuate Collection Set: 0.0ms
[2020-12-28T06:10:49.067-0500][gc,phases      ] GC(23392)   Evacuate Collection Set: 2.0ms
[2020-12-28T06:10:49.068-0500][gc,phases      ] GC(23392)   Post Evacuate Collection Set: 1.9ms
[2020-12-28T06:10:49.068-0500][gc,phases      ] GC(23392)   Other: 1.3ms
[2020-12-28T06:10:49.068-0500][gc,heap        ] GC(23392) Eden regions: 8->0(8)
[2020-12-28T06:10:49.068-0500][gc,heap        ] GC(23392) Survivor regions: 1->1(2)
[2020-12-28T06:10:49.068-0500][gc,heap        ] GC(23392) Old regions: 42->42
[2020-12-28T06:10:49.068-0500][gc,heap        ] GC(23392) Humongous regions: 4->4
[2020-12-28T06:10:49.068-0500][gc,metaspace   ] GC(23392) Metaspace: 50313K->50313K(1093632K)
[2020-12-28T06:10:49.068-0500][gc,heap        ] GC(23392) Heap after GC invocations=23393 (full 5347): garbage-first heap   total 64512K, used 43402K [0x0000000083000000, 0x0000000100000000)
[2020-12-28T06:10:49.068-0500][gc,heap        ] GC(23392)   region size 1024K, 1 young (1024K), 1 survivors (1024K)
[2020-12-28T06:10:49.068-0500][gc,heap        ] GC(23392)  Metaspace       used 50313K, capacity 52468K, committed 53888K, reserved 1093632K
[2020-12-28T06:10:49.068-0500][gc,heap        ] GC(23392)   class space    used 7457K, capacity 8250K, committed 8832K, reserved 1048576K
[2020-12-28T06:10:49.068-0500][gc             ] GC(23392) Pause Young (Normal) (G1 Evacuation Pause) 50M->42M(63M) 5.399ms
[2020-12-28T06:10:49.068-0500][gc,cpu         ] GC(23392) User=0.01s Sys=0.00s Real=0.01s
[2020-12-28T06:11:45.191-0500][gc,task        ] GC(23393) Using 5 workers of 8 for full compaction
[2020-12-28T06:11:45.191-0500][gc,start       ] GC(23393) Pause Full (System.gc())
[2020-12-28T06:11:45.191-0500][gc,heap        ] GC(23393) Heap before GC invocations=23393 (full 5347): garbage-first heap   total 64512K, used 46474K [0x0000000083000000, 0x0000000100000000)
[2020-12-28T06:11:45.191-0500][gc,heap        ] GC(23393)   region size 1024K, 5 young (5120K), 1 survivors (1024K)
[2020-12-28T06:11:45.191-0500][gc,heap        ] GC(23393)  Metaspace       used 50313K, capacity 52468K, committed 53888K, reserved 1093632K
[2020-12-28T06:11:45.191-0500][gc,heap        ] GC(23393)   class space    used 7457K, capacity 8250K, committed 8832K, reserved 1048576K
[2020-12-28T06:11:45.191-0500][gc,phases,start] GC(23393) Phase 1: Mark live objects
[2020-12-28T06:11:45.233-0500][gc,stringtable ] GC(23393) Cleaned string and symbol table, strings: 33317 processed, 4 removed, symbols: 120973 processed, 0 removed
[2020-12-28T06:11:45.233-0500][gc,phases      ] GC(23393) Phase 1: Mark live objects 41.260ms
[2020-12-28T06:11:45.233-0500][gc,phases,start] GC(23393) Phase 2: Prepare for compaction
[2020-12-28T06:11:45.236-0500][gc,phases      ] GC(23393) Phase 2: Prepare for compaction 3.045ms
[2020-12-28T06:11:45.236-0500][gc,phases,start] GC(23393) Phase 3: Adjust pointers
[2020-12-28T06:11:45.245-0500][gc,phases      ] GC(23393) Phase 3: Adjust pointers 9.111ms
[2020-12-28T06:11:45.245-0500][gc,phases,start] GC(23393) Phase 4: Compact heap
[2020-12-28T06:11:45.248-0500][gc,phases      ] GC(23393) Phase 4: Compact heap 2.921ms
[2020-12-28T06:11:45.252-0500][gc,heap        ] GC(23393) Eden regions: 4->0(9)
[2020-12-28T06:11:45.252-0500][gc,heap        ] GC(23393) Survivor regions: 1->0(2)
[2020-12-28T06:11:45.252-0500][gc,heap        ] GC(23393) Old regions: 42->42
[2020-12-28T06:11:45.252-0500][gc,heap        ] GC(23393) Humongous regions: 4->4
[2020-12-28T06:11:45.252-0500][gc,metaspace   ] GC(23393) Metaspace: 50313K->50313K(1093632K)
[2020-12-28T06:11:45.252-0500][gc,heap        ] GC(23393) Heap after GC invocations=23394 (full 5348): garbage-first heap   total 64512K, used 43331K [0x0000000083000000, 0x0000000100000000)
[2020-12-28T06:11:45.252-0500][gc,heap        ] GC(23393)   region size 1024K, 0 young (0K), 0 survivors (0K)
[2020-12-28T06:11:45.252-0500][gc,heap        ] GC(23393)  Metaspace       used 50313K, capacity 52468K, committed 53888K, reserved 1093632K
[2020-12-28T06:11:45.252-0500][gc,heap        ] GC(23393)   class space    used 7457K, capacity 8250K, committed 8832K, reserved 1048576K
[2020-12-28T06:11:45.252-0500][gc             ] GC(23393) Pause Full (System.gc()) 46M->42M(63M) 61.376ms
[2020-12-28T06:11:45.252-0500][gc,cpu         ] GC(23393) User=0.26s Sys=0.00s Real=0.06s
[2020-12-28T06:13:59.069-0500][gc,heap        ] GC(23394) Heap before GC invocations=23394 (full 5348): garbage-first heap   total 64512K, used 52547K [0x0000000083000000, 0x0000000100000000)
[2020-12-28T06:13:59.069-0500][gc,heap        ] GC(23394)   region size 1024K, 9 young (9216K), 0 survivors (0K)
[2020-12-28T06:13:59.069-0500][gc,heap        ] GC(23394)  Metaspace       used 50313K, capacity 52468K, committed 53888K, reserved 1093632K
[2020-12-28T06:13:59.069-0500][gc,heap        ] GC(23394)   class space    used 7457K, capacity 8250K, committed 8832K, reserved 1048576K
[2020-12-28T06:13:59.069-0500][gc,start       ] GC(23394) Pause Young (Normal) (G1 Evacuation Pause)
[2020-12-28T06:13:59.069-0500][gc,task        ] GC(23394) Using 8 workers of 8 for evacuation
[2020-12-28T06:13:59.075-0500][gc,phases      ] GC(23394)   Pre Evacuate Collection Set: 0.0ms
[2020-12-28T06:13:59.075-0500][gc,phases      ] GC(23394)   Evacuate Collection Set: 2.2ms
[2020-12-28T06:13:59.075-0500][gc,phases      ] GC(23394)   Post Evacuate Collection Set: 3.1ms
[2020-12-28T06:13:59.075-0500][gc,phases      ] GC(23394)   Other: 0.6ms
[2020-12-28T06:13:59.075-0500][gc,heap        ] GC(23394) Eden regions: 9->0(8)
[2020-12-28T06:13:59.075-0500][gc,heap        ] GC(23394) Survivor regions: 0->1(2)
[2020-12-28T06:13:59.075-0500][gc,heap        ] GC(23394) Old regions: 42->42
[2020-12-28T06:13:59.075-0500][gc,heap        ] GC(23394) Humongous regions: 4->4
[2020-12-28T06:13:59.075-0500][gc,metaspace   ] GC(23394) Metaspace: 50313K->50313K(1093632K)
[2020-12-28T06:13:59.075-0500][gc,heap        ] GC(23394) Heap after GC invocations=23395 (full 5348): garbage-first heap   total 64512K, used 43384K [0x0000000083000000, 0x0000000100000000)
[2020-12-28T06:13:59.075-0500][gc,heap        ] GC(23394)   region size 1024K, 1 young (1024K), 1 survivors (1024K)
[2020-12-28T06:13:59.075-0500][gc,heap        ] GC(23394)  Metaspace       used 50313K, capacity 52468K, committed 53888K, reserved 1093632K
[2020-12-28T06:13:59.075-0500][gc,heap        ] GC(23394)   class space    used 7457K, capacity 8250K, committed 8832K, reserved 1048576K
[2020-12-28T06:13:59.075-0500][gc             ] GC(23394) Pause Young (Normal) (G1 Evacuation Pause) 51M->42M(63M) 6.098ms
[2020-12-28T06:13:59.076-0500][gc,cpu         ] GC(23394) User=0.01s Sys=0.00s Real=0.00s
[2020-12-28T06:15:59.067-0500][gc,heap        ] GC(23395) Heap before GC invocations=23395 (full 5348): garbage-first heap   total 64512K, used 51576K [0x0000000083000000, 0x0000000100000000)
[2020-12-28T06:15:59.067-0500][gc,heap        ] GC(23395)   region size 1024K, 9 young (9216K), 1 survivors (1024K)
[2020-12-28T06:15:59.067-0500][gc,heap        ] GC(23395)  Metaspace       used 50313K, capacity 52468K, committed 53888K, reserved 1093632K
[2020-12-28T06:15:59.067-0500][gc,heap        ] GC(23395)   class space    used 7457K, capacity 8250K, committed 8832K, reserved 1048576K
[2020-12-28T06:15:59.067-0500][gc,start       ] GC(23395) Pause Young (Normal) (G1 Evacuation Pause)
[2020-12-28T06:15:59.067-0500][gc,task        ] GC(23395) Using 8 workers of 8 for evacuation
[2020-12-28T06:15:59.073-0500][gc,phases      ] GC(23395)   Pre Evacuate Collection Set: 0.0ms
[2020-12-28T06:15:59.073-0500][gc,phases      ] GC(23395)   Evacuate Collection Set: 3.4ms
[2020-12-28T06:15:59.073-0500][gc,phases      ] GC(23395)   Post Evacuate Collection Set: 2.4ms
[2020-12-28T06:15:59.074-0500][gc,phases      ] GC(23395)   Other: 0.7ms
[2020-12-28T06:15:59.074-0500][gc,heap        ] GC(23395) Eden regions: 8->0(8)
[2020-12-28T06:15:59.074-0500][gc,heap        ] GC(23395) Survivor regions: 1->1(2)
[2020-12-28T06:15:59.074-0500][gc,heap        ] GC(23395) Old regions: 42->42
[2020-12-28T06:15:59.074-0500][gc,heap        ] GC(23395) Humongous regions: 4->4
[2020-12-28T06:15:59.074-0500][gc,metaspace   ] GC(23395) Metaspace: 50313K->50313K(1093632K)
[2020-12-28T06:15:59.074-0500][gc,heap        ] GC(23395) Heap after GC invocations=23396 (full 5348): garbage-first heap   total 64512K, used 43383K [0x0000000083000000, 0x0000000100000000)
[2020-12-28T06:15:59.074-0500][gc,heap        ] GC(23395)   region size 1024K, 1 young (1024K), 1 survivors (1024K)
[2020-12-28T06:15:59.074-0500][gc,heap        ] GC(23395)  Metaspace       used 50313K, capacity 52468K, committed 53888K, reserved 1093632K
[2020-12-28T06:15:59.074-0500][gc,heap        ] GC(23395)   class space    used 7457K, capacity 8250K, committed 8832K, reserved 1048576K
[2020-12-28T06:15:59.074-0500][gc             ] GC(23395) Pause Young (Normal) (G1 Evacuation Pause) 50M->42M(63M) 6.546ms
[2020-12-28T06:15:59.074-0500][gc,cpu         ] GC(23395) User=0.02s Sys=0.01s Real=0.01s
[2020-12-28T06:16:45.190-0500][gc,task        ] GC(23396) Using 5 workers of 8 for full compaction
[2020-12-28T06:16:45.191-0500][gc,start       ] GC(23396) Pause Full (System.gc())
[2020-12-28T06:16:45.191-0500][gc,heap        ] GC(23396) Heap before GC invocations=23396 (full 5348): garbage-first heap   total 64512K, used 44407K [0x0000000083000000, 0x0000000100000000)
[2020-12-28T06:16:45.191-0500][gc,heap        ] GC(23396)   region size 1024K, 4 young (4096K), 1 survivors (1024K)
[2020-12-28T06:16:45.191-0500][gc,heap        ] GC(23396)  Metaspace       used 50313K, capacity 52468K, committed 53888K, reserved 1093632K
[2020-12-28T06:16:45.191-0500][gc,heap        ] GC(23396)   class space    used 7457K, capacity 8250K, committed 8832K, reserved 1048576K
[2020-12-28T06:16:45.191-0500][gc,phases,start] GC(23396) Phase 1: Mark live objects
[2020-12-28T06:16:45.234-0500][gc,stringtable ] GC(23396) Cleaned string and symbol table, strings: 33317 processed, 4 removed, symbols: 120973 processed, 0 removed
[2020-12-28T06:16:45.234-0500][gc,phases      ] GC(23396) Phase 1: Mark live objects 42.454ms
[2020-12-28T06:16:45.234-0500][gc,phases,start] GC(23396) Phase 2: Prepare for compaction
[2020-12-28T06:16:45.237-0500][gc,phases      ] GC(23396) Phase 2: Prepare for compaction 3.714ms
[2020-12-28T06:16:45.237-0500][gc,phases,start] GC(23396) Phase 3: Adjust pointers
[2020-12-28T06:16:45.248-0500][gc,phases      ] GC(23396) Phase 3: Adjust pointers 10.197ms
[2020-12-28T06:16:45.248-0500][gc,phases,start] GC(23396) Phase 4: Compact heap
[2020-12-28T06:16:45.250-0500][gc,phases      ] GC(23396) Phase 4: Compact heap 2.457ms
[2020-12-28T06:16:45.254-0500][gc,heap        ] GC(23396) Eden regions: 3->0(9)
[2020-12-28T06:16:45.254-0500][gc,heap        ] GC(23396) Survivor regions: 1->0(2)
[2020-12-28T06:16:45.254-0500][gc,heap        ] GC(23396) Old regions: 42->42
[2020-12-28T06:16:45.254-0500][gc,heap        ] GC(23396) Humongous regions: 4->4
[2020-12-28T06:16:45.254-0500][gc,metaspace   ] GC(23396) Metaspace: 50313K->50313K(1093632K)
[2020-12-28T06:16:45.254-0500][gc,heap        ] GC(23396) Heap after GC invocations=23397 (full 5349): garbage-first heap   total 64512K, used 43324K [0x0000000083000000, 0x0000000100000000)
[2020-12-28T06:16:45.254-0500][gc,heap        ] GC(23396)   region size 1024K, 0 young (0K), 0 survivors (0K)
[2020-12-28T06:16:45.254-0500][gc,heap        ] GC(23396)  Metaspace       used 50313K, capacity 52468K, committed 53888K, reserved 1093632K
[2020-12-28T06:16:45.254-0500][gc,heap        ] GC(23396)   class space    used 7457K, capacity 8250K, committed 8832K, reserved 1048576K
[2020-12-28T06:16:45.254-0500][gc             ] GC(23396) Pause Full (System.gc()) 45M->42M(63M) 63.592ms
[2020-12-28T06:16:45.254-0500][gc,cpu         ] GC(23396) User=0.27s Sys=0.00s Real=0.06s
[2020-12-28T06:18:59.073-0500][gc,heap        ] GC(23397) Heap before GC invocations=23397 (full 5349): garbage-first heap   total 64512K, used 52540K [0x0000000083000000, 0x0000000100000000)
[2020-12-28T06:18:59.073-0500][gc,heap        ] GC(23397)   region size 1024K, 9 young (9216K), 0 survivors (0K)
[2020-12-28T06:18:59.073-0500][gc,heap        ] GC(23397)  Metaspace       used 50313K, capacity 52468K, committed 53888K, reserved 1093632K
[2020-12-28T06:18:59.073-0500][gc,heap        ] GC(23397)   class space    used 7457K, capacity 8250K, committed 8832K, reserved 1048576K
[2020-12-28T06:18:59.073-0500][gc,start       ] GC(23397) Pause Young (Normal) (G1 Evacuation Pause)
[2020-12-28T06:18:59.073-0500][gc,task        ] GC(23397) Using 8 workers of 8 for evacuation
[2020-12-28T06:18:59.077-0500][gc,phases      ] GC(23397)   Pre Evacuate Collection Set: 0.0ms
[2020-12-28T06:18:59.077-0500][gc,phases      ] GC(23397)   Evacuate Collection Set: 1.4ms
[2020-12-28T06:18:59.077-0500][gc,phases      ] GC(23397)   Post Evacuate Collection Set: 2.7ms
[2020-12-28T06:18:59.077-0500][gc,phases      ] GC(23397)   Other: 0.6ms
[2020-12-28T06:18:59.077-0500][gc,heap        ] GC(23397) Eden regions: 9->0(8)
[2020-12-28T06:18:59.077-0500][gc,heap        ] GC(23397) Survivor regions: 0->1(2)
[2020-12-28T06:18:59.078-0500][gc,heap        ] GC(23397) Old regions: 42->42
[2020-12-28T06:18:59.078-0500][gc,heap        ] GC(23397) Humongous regions: 4->4
[2020-12-28T06:18:59.078-0500][gc,metaspace   ] GC(23397) Metaspace: 50313K->50313K(1093632K)
[2020-12-28T06:18:59.078-0500][gc,heap        ] GC(23397) Heap after GC invocations=23398 (full 5349): garbage-first heap   total 64512K, used 43376K [0x0000000083000000, 0x0000000100000000)
[2020-12-28T06:18:59.078-0500][gc,heap        ] GC(23397)   region size 1024K, 1 young (1024K), 1 survivors (1024K)
[2020-12-28T06:18:59.078-0500][gc,heap        ] GC(23397)  Metaspace       used 50313K, capacity 52468K, committed 53888K, reserved 1093632K
[2020-12-28T06:18:59.078-0500][gc,heap        ] GC(23397)   class space    used 7457K, capacity 8250K, committed 8832K, reserved 1048576K
[2020-12-28T06:18:59.078-0500][gc             ] GC(23397) Pause Young (Normal) (G1 Evacuation Pause) 51M->42M(63M) 4.845ms
[2020-12-28T06:18:59.078-0500][gc,cpu         ] GC(23397) User=0.02s Sys=0.00s Real=0.00s
[2020-12-28T06:20:59.381-0500][gc,heap        ] GC(23398) Heap before GC invocations=23398 (full 5349): garbage-first heap   total 64512K, used 50544K [0x0000000083000000, 0x0000000100000000)
[2020-12-28T06:20:59.381-0500][gc,heap        ] GC(23398)   region size 1024K, 9 young (9216K), 1 survivors (1024K)
[2020-12-28T06:20:59.381-0500][gc,heap        ] GC(23398)  Metaspace       used 50313K, capacity 52468K, committed 53888K, reserved 1093632K
[2020-12-28T06:20:59.381-0500][gc,heap        ] GC(23398)   class space    used 7457K, capacity 8250K, committed 8832K, reserved 1048576K
[2020-12-28T06:20:59.382-0500][gc,start       ] GC(23398) Pause Young (Normal) (G1 Evacuation Pause)
[2020-12-28T06:20:59.382-0500][gc,task        ] GC(23398) Using 8 workers of 8 for evacuation
[2020-12-28T06:20:59.386-0500][gc,phases      ] GC(23398)   Pre Evacuate Collection Set: 0.0ms
[2020-12-28T06:20:59.386-0500][gc,phases      ] GC(23398)   Evacuate Collection Set: 2.0ms
[2020-12-28T06:20:59.386-0500][gc,phases      ] GC(23398)   Post Evacuate Collection Set: 2.3ms
[2020-12-28T06:20:59.386-0500][gc,phases      ] GC(23398)   Other: 0.5ms
[2020-12-28T06:20:59.386-0500][gc,heap        ] GC(23398) Eden regions: 8->0(8)
[2020-12-28T06:20:59.386-0500][gc,heap        ] GC(23398) Survivor regions: 1->1(2)
[2020-12-28T06:20:59.386-0500][gc,heap        ] GC(23398) Old regions: 42->42
[2020-12-28T06:20:59.386-0500][gc,heap        ] GC(23398) Humongous regions: 4->4
[2020-12-28T06:20:59.386-0500][gc,metaspace   ] GC(23398) Metaspace: 50313K->50313K(1093632K)
[2020-12-28T06:20:59.386-0500][gc,heap        ] GC(23398) Heap after GC invocations=23399 (full 5349): garbage-first heap   total 64512K, used 43380K [0x0000000083000000, 0x0000000100000000)
[2020-12-28T06:20:59.386-0500][gc,heap        ] GC(23398)   region size 1024K, 1 young (1024K), 1 survivors (1024K)
[2020-12-28T06:20:59.387-0500][gc,heap        ] GC(23398)  Metaspace       used 50313K, capacity 52468K, committed 53888K, reserved 1093632K
[2020-12-28T06:20:59.387-0500][gc,heap        ] GC(23398)   class space    used 7457K, capacity 8250K, committed 8832K, reserved 1048576K
[2020-12-28T06:20:59.387-0500][gc             ] GC(23398) Pause Young (Normal) (G1 Evacuation Pause) 50M->42M(63M) 5.001ms
[2020-12-28T06:20:59.387-0500][gc,cpu         ] GC(23398) User=0.01s Sys=0.00s Real=0.00s
[2020-12-28T06:21:45.190-0500][gc,task        ] GC(23399) Using 5 workers of 8 for full compaction
[2020-12-28T06:21:45.191-0500][gc,start       ] GC(23399) Pause Full (System.gc())
[2020-12-28T06:21:45.191-0500][gc,heap        ] GC(23399) Heap before GC invocations=23399 (full 5349): garbage-first heap   total 64512K, used 45428K [0x0000000083000000, 0x0000000100000000)
[2020-12-28T06:21:45.191-0500][gc,heap        ] GC(23399)   region size 1024K, 4 young (4096K), 1 survivors (1024K)
[2020-12-28T06:21:45.191-0500][gc,heap        ] GC(23399)  Metaspace       used 50313K, capacity 52468K, committed 53888K, reserved 1093632K
[2020-12-28T06:21:45.191-0500][gc,heap        ] GC(23399)   class space    used 7457K, capacity 8250K, committed 8832K, reserved 1048576K
[2020-12-28T06:21:45.191-0500][gc,phases,start] GC(23399) Phase 1: Mark live objects
[2020-12-28T06:21:45.234-0500][gc,stringtable ] GC(23399) Cleaned string and symbol table, strings: 33317 processed, 4 removed, symbols: 120973 processed, 0 removed
[2020-12-28T06:21:45.234-0500][gc,phases      ] GC(23399) Phase 1: Mark live objects 42.719ms
[2020-12-28T06:21:45.234-0500][gc,phases,start] GC(23399) Phase 2: Prepare for compaction
[2020-12-28T06:21:45.237-0500][gc,phases      ] GC(23399) Phase 2: Prepare for compaction 3.257ms
[2020-12-28T06:21:45.237-0500][gc,phases,start] GC(23399) Phase 3: Adjust pointers
[2020-12-28T06:21:45.246-0500][gc,phases      ] GC(23399) Phase 3: Adjust pointers 9.175ms
[2020-12-28T06:21:45.246-0500][gc,phases,start] GC(23399) Phase 4: Compact heap
[2020-12-28T06:21:45.249-0500][gc,phases      ] GC(23399) Phase 4: Compact heap 2.726ms
[2020-12-28T06:21:45.253-0500][gc,heap        ] GC(23399) Eden regions: 3->0(10)
[2020-12-28T06:21:45.253-0500][gc,heap        ] GC(23399) Survivor regions: 1->0(2)
[2020-12-28T06:21:45.253-0500][gc,heap        ] GC(23399) Old regions: 42->41
[2020-12-28T06:21:45.253-0500][gc,heap        ] GC(23399) Humongous regions: 4->4
[2020-12-28T06:21:45.253-0500][gc,metaspace   ] GC(23399) Metaspace: 50313K->50313K(1093632K)
[2020-12-28T06:21:45.253-0500][gc,heap        ] GC(23399) Heap after GC invocations=23400 (full 5350): garbage-first heap   total 64512K, used 43323K [0x0000000083000000, 0x0000000100000000)
[2020-12-28T06:21:45.253-0500][gc,heap        ] GC(23399)   region size 1024K, 0 young (0K), 0 survivors (0K)
[2020-12-28T06:21:45.254-0500][gc,heap        ] GC(23399)  Metaspace       used 50313K, capacity 52468K, committed 53888K, reserved 1093632K
[2020-12-28T06:21:45.254-0500][gc,heap        ] GC(23399)   class space    used 7457K, capacity 8250K, committed 8832K, reserved 1048576K
[2020-12-28T06:21:45.254-0500][gc             ] GC(23399) Pause Full (System.gc()) 45M->42M(63M) 63.003ms
[2020-12-28T06:21:45.254-0500][gc,cpu         ] GC(23399) User=0.27s Sys=0.00s Real=0.06s
[2020-12-28T06:24:19.059-0500][gc,heap        ] GC(23400) Heap before GC invocations=23400 (full 5350): garbage-first heap   total 64512K, used 53563K [0x0000000083000000, 0x0000000100000000)
[2020-12-28T06:24:19.059-0500][gc,heap        ] GC(23400)   region size 1024K, 10 young (10240K), 0 survivors (0K)
[2020-12-28T06:24:19.059-0500][gc,heap        ] GC(23400)  Metaspace       used 50313K, capacity 52468K, committed 53888K, reserved 1093632K
[2020-12-28T06:24:19.059-0500][gc,heap        ] GC(23400)   class space    used 7457K, capacity 8250K, committed 8832K, reserved 1048576K
[2020-12-28T06:24:19.059-0500][gc,start       ] GC(23400) Pause Young (Normal) (G1 Evacuation Pause)
[2020-12-28T06:24:19.059-0500][gc,task        ] GC(23400) Using 8 workers of 8 for evacuation
[2020-12-28T06:24:19.068-0500][gc,phases      ] GC(23400)   Pre Evacuate Collection Set: 0.0ms
[2020-12-28T06:24:19.068-0500][gc,phases      ] GC(23400)   Evacuate Collection Set: 1.3ms
[2020-12-28T06:24:19.068-0500][gc,phases      ] GC(23400)   Post Evacuate Collection Set: 7.2ms
[2020-12-28T06:24:19.069-0500][gc,phases      ] GC(23400)   Other: 0.5ms
[2020-12-28T06:24:19.069-0500][gc,heap        ] GC(23400) Eden regions: 10->0(9)
[2020-12-28T06:24:19.069-0500][gc,heap        ] GC(23400) Survivor regions: 0->1(2)
[2020-12-28T06:24:19.069-0500][gc,heap        ] GC(23400) Old regions: 41->41
[2020-12-28T06:24:19.069-0500][gc,heap        ] GC(23400) Humongous regions: 4->4
[2020-12-28T06:24:19.069-0500][gc,metaspace   ] GC(23400) Metaspace: 50313K->50313K(1093632K)
[2020-12-28T06:24:19.069-0500][gc,heap        ] GC(23400) Heap after GC invocations=23401 (full 5350): garbage-first heap   total 64512K, used 43412K [0x0000000083000000, 0x0000000100000000)
[2020-12-28T06:24:19.069-0500][gc,heap        ] GC(23400)   region size 1024K, 1 young (1024K), 1 survivors (1024K)
[2020-12-28T06:24:19.069-0500][gc,heap        ] GC(23400)  Metaspace       used 50313K, capacity 52468K, committed 53888K, reserved 1093632K
[2020-12-28T06:24:19.069-0500][gc,heap        ] GC(23400)   class space    used 7457K, capacity 8250K, committed 8832K, reserved 1048576K
[2020-12-28T06:24:19.069-0500][gc             ] GC(23400) Pause Young (Normal) (G1 Evacuation Pause) 52M->42M(63M) 9.609ms
[2020-12-28T06:24:19.069-0500][gc,cpu         ] GC(23400) User=0.05s Sys=0.00s Real=0.01s
[2020-12-28T06:26:29.330-0500][gc,heap        ] GC(23401) Heap before GC invocations=23401 (full 5350): garbage-first heap   total 64512K, used 52628K [0x0000000083000000, 0x0000000100000000)
[2020-12-28T06:26:29.331-0500][gc,heap        ] GC(23401)   region size 1024K, 10 young (10240K), 1 survivors (1024K)
[2020-12-28T06:26:29.331-0500][gc,heap        ] GC(23401)  Metaspace       used 50313K, capacity 52468K, committed 53888K, reserved 1093632K
[2020-12-28T06:26:29.331-0500][gc,heap        ] GC(23401)   class space    used 7457K, capacity 8250K, committed 8832K, reserved 1048576K
[2020-12-28T06:26:29.331-0500][gc,start       ] GC(23401) Pause Young (Normal) (G1 Evacuation Pause)
[2020-12-28T06:26:29.331-0500][gc,task        ] GC(23401) Using 8 workers of 8 for evacuation
[2020-12-28T06:26:29.337-0500][gc,phases      ] GC(23401)   Pre Evacuate Collection Set: 0.0ms
[2020-12-28T06:26:29.337-0500][gc,phases      ] GC(23401)   Evacuate Collection Set: 3.3ms
[2020-12-28T06:26:29.337-0500][gc,phases      ] GC(23401)   Post Evacuate Collection Set: 3.1ms
[2020-12-28T06:26:29.337-0500][gc,phases      ] GC(23401)   Other: 0.6ms
[2020-12-28T06:26:29.338-0500][gc,heap        ] GC(23401) Eden regions: 9->0(9)
[2020-12-28T06:26:29.338-0500][gc,heap        ] GC(23401) Survivor regions: 1->1(2)
[2020-12-28T06:26:29.338-0500][gc,heap        ] GC(23401) Old regions: 41->41
[2020-12-28T06:26:29.338-0500][gc,heap        ] GC(23401) Humongous regions: 4->4
[2020-12-28T06:26:29.338-0500][gc,metaspace   ] GC(23401) Metaspace: 50313K->50313K(1093632K)
[2020-12-28T06:26:29.338-0500][gc,heap        ] GC(23401) Heap after GC invocations=23402 (full 5350): garbage-first heap   total 64512K, used 43378K [0x0000000083000000, 0x0000000100000000)
[2020-12-28T06:26:29.338-0500][gc,heap        ] GC(23401)   region size 1024K, 1 young (1024K), 1 survivors (1024K)
[2020-12-28T06:26:29.338-0500][gc,heap        ] GC(23401)  Metaspace       used 50313K, capacity 52468K, committed 53888K, reserved 1093632K
[2020-12-28T06:26:29.338-0500][gc,heap        ] GC(23401)   class space    used 7457K, capacity 8250K, committed 8832K, reserved 1048576K
[2020-12-28T06:26:29.338-0500][gc             ] GC(23401) Pause Young (Normal) (G1 Evacuation Pause) 51M->42M(63M) 7.094ms
[2020-12-28T06:26:29.338-0500][gc,cpu         ] GC(23401) User=0.02s Sys=0.01s Real=0.00s
[2020-12-28T06:26:45.189-0500][gc,task        ] GC(23402) Using 5 workers of 8 for full compaction
[2020-12-28T06:26:45.189-0500][gc,start       ] GC(23402) Pause Full (System.gc())
[2020-12-28T06:26:45.189-0500][gc,heap        ] GC(23402) Heap before GC invocations=23402 (full 5350): garbage-first heap   total 64512K, used 43378K [0x0000000083000000, 0x0000000100000000)
[2020-12-28T06:26:45.189-0500][gc,heap        ] GC(23402)   region size 1024K, 2 young (2048K), 1 survivors (1024K)
[2020-12-28T06:26:45.189-0500][gc,heap        ] GC(23402)  Metaspace       used 50313K, capacity 52468K, committed 53888K, reserved 1093632K
[2020-12-28T06:26:45.189-0500][gc,heap        ] GC(23402)   class space    used 7457K, capacity 8250K, committed 8832K, reserved 1048576K
[2020-12-28T06:26:45.190-0500][gc,phases,start] GC(23402) Phase 1: Mark live objects
[2020-12-28T06:26:45.237-0500][gc,stringtable ] GC(23402) Cleaned string and symbol table, strings: 33317 processed, 4 removed, symbols: 120973 processed, 0 removed
[2020-12-28T06:26:45.237-0500][gc,phases      ] GC(23402) Phase 1: Mark live objects 47.214ms
[2020-12-28T06:26:45.237-0500][gc,phases,start] GC(23402) Phase 2: Prepare for compaction
[2020-12-28T06:26:45.240-0500][gc,phases      ] GC(23402) Phase 2: Prepare for compaction 3.168ms
[2020-12-28T06:26:45.240-0500][gc,phases,start] GC(23402) Phase 3: Adjust pointers
[2020-12-28T06:26:45.251-0500][gc,phases      ] GC(23402) Phase 3: Adjust pointers 11.053ms
[2020-12-28T06:26:45.251-0500][gc,phases,start] GC(23402) Phase 4: Compact heap
[2020-12-28T06:26:45.255-0500][gc,phases      ] GC(23402) Phase 4: Compact heap 3.368ms
[2020-12-28T06:26:45.259-0500][gc,heap        ] GC(23402) Eden regions: 1->0(10)
[2020-12-28T06:26:45.259-0500][gc,heap        ] GC(23402) Survivor regions: 1->0(2)
[2020-12-28T06:26:45.259-0500][gc,heap        ] GC(23402) Old regions: 41->41
[2020-12-28T06:26:45.259-0500][gc,heap        ] GC(23402) Humongous regions: 4->4
[2020-12-28T06:26:45.259-0500][gc,metaspace   ] GC(23402) Metaspace: 50313K->50313K(1093632K)
[2020-12-28T06:26:45.259-0500][gc,heap        ] GC(23402) Heap after GC invocations=23403 (full 5351): garbage-first heap   total 64512K, used 43311K [0x0000000083000000, 0x0000000100000000)
[2020-12-28T06:26:45.259-0500][gc,heap        ] GC(23402)   region size 1024K, 0 young (0K), 0 survivors (0K)
[2020-12-28T06:26:45.259-0500][gc,heap        ] GC(23402)  Metaspace       used 50313K, capacity 52468K, committed 53888K, reserved 1093632K
[2020-12-28T06:26:45.259-0500][gc,heap        ] GC(23402)   class space    used 7457K, capacity 8250K, committed 8832K, reserved 1048576K
[2020-12-28T06:26:45.259-0500][gc             ] GC(23402) Pause Full (System.gc()) 43M->42M(63M) 69.942ms
[2020-12-28T06:26:45.259-0500][gc,cpu         ] GC(23402) User=0.31s Sys=0.00s Real=0.07s
[2020-12-28T06:29:08.421-0500][gc,heap        ] GC(23403) Heap before GC invocations=23403 (full 5351): garbage-first heap   total 64512K, used 52527K [0x0000000083000000, 0x0000000100000000)
[2020-12-28T06:29:08.421-0500][gc,heap        ] GC(23403)   region size 1024K, 10 young (10240K), 0 survivors (0K)
[2020-12-28T06:29:08.421-0500][gc,heap        ] GC(23403)  Metaspace       used 50313K, capacity 52468K, committed 53888K, reserved 1093632K
[2020-12-28T06:29:08.421-0500][gc,heap        ] GC(23403)   class space    used 7457K, capacity 8250K, committed 8832K, reserved 1048576K
[2020-12-28T06:29:08.421-0500][gc,start       ] GC(23403) Pause Young (Normal) (G1 Evacuation Pause)
[2020-12-28T06:29:08.421-0500][gc,task        ] GC(23403) Using 8 workers of 8 for evacuation
[2020-12-28T06:29:08.426-0500][gc,phases      ] GC(23403)   Pre Evacuate Collection Set: 0.0ms
[2020-12-28T06:29:08.426-0500][gc,phases      ] GC(23403)   Evacuate Collection Set: 1.6ms
[2020-12-28T06:29:08.426-0500][gc,phases      ] GC(23403)   Post Evacuate Collection Set: 2.6ms
[2020-12-28T06:29:08.426-0500][gc,phases      ] GC(23403)   Other: 0.5ms
[2020-12-28T06:29:08.426-0500][gc,heap        ] GC(23403) Eden regions: 10->0(9)
[2020-12-28T06:29:08.426-0500][gc,heap        ] GC(23403) Survivor regions: 0->1(2)
[2020-12-28T06:29:08.426-0500][gc,heap        ] GC(23403) Old regions: 41->41
[2020-12-28T06:29:08.426-0500][gc,heap        ] GC(23403) Humongous regions: 4->4
[2020-12-28T06:29:08.426-0500][gc,metaspace   ] GC(23403) Metaspace: 50313K->50313K(1093632K)
[2020-12-28T06:29:08.426-0500][gc,heap        ] GC(23403) Heap after GC invocations=23404 (full 5351): garbage-first heap   total 64512K, used 43398K [0x0000000083000000, 0x0000000100000000)
[2020-12-28T06:29:08.426-0500][gc,heap        ] GC(23403)   region size 1024K, 1 young (1024K), 1 survivors (1024K)
[2020-12-28T06:29:08.426-0500][gc,heap        ] GC(23403)  Metaspace       used 50313K, capacity 52468K, committed 53888K, reserved 1093632K
[2020-12-28T06:29:08.426-0500][gc,heap        ] GC(23403)   class space    used 7457K, capacity 8250K, committed 8832K, reserved 1048576K
[2020-12-28T06:29:08.426-0500][gc             ] GC(23403) Pause Young (Normal) (G1 Evacuation Pause) 52M->42M(63M) 4.867ms
[2020-12-28T06:29:08.426-0500][gc,cpu         ] GC(23403) User=0.00s Sys=0.01s Real=0.00s
[2020-12-28T06:31:19.062-0500][gc,heap        ] GC(23404) Heap before GC invocations=23404 (full 5351): garbage-first heap   total 64512K, used 51590K [0x0000000083000000, 0x0000000100000000)
[2020-12-28T06:31:19.062-0500][gc,heap        ] GC(23404)   region size 1024K, 10 young (10240K), 1 survivors (1024K)
[2020-12-28T06:31:19.062-0500][gc,heap        ] GC(23404)  Metaspace       used 50313K, capacity 52468K, committed 53888K, reserved 1093632K
[2020-12-28T06:31:19.062-0500][gc,heap        ] GC(23404)   class space    used 7457K, capacity 8250K, committed 8832K, reserved 1048576K
[2020-12-28T06:31:19.062-0500][gc,start       ] GC(23404) Pause Young (Normal) (G1 Evacuation Pause)
[2020-12-28T06:31:19.062-0500][gc,task        ] GC(23404) Using 8 workers of 8 for evacuation
[2020-12-28T06:31:19.064-0500][gc,phases      ] GC(23404)   Pre Evacuate Collection Set: 0.0ms
[2020-12-28T06:31:19.064-0500][gc,phases      ] GC(23404)   Evacuate Collection Set: 0.6ms
[2020-12-28T06:31:19.064-0500][gc,phases      ] GC(23404)   Post Evacuate Collection Set: 0.8ms
[2020-12-28T06:31:19.064-0500][gc,phases      ] GC(23404)   Other: 0.2ms
[2020-12-28T06:31:19.064-0500][gc,heap        ] GC(23404) Eden regions: 9->0(9)
[2020-12-28T06:31:19.064-0500][gc,heap        ] GC(23404) Survivor regions: 1->1(2)
[2020-12-28T06:31:19.064-0500][gc,heap        ] GC(23404) Old regions: 41->41
[2020-12-28T06:31:19.064-0500][gc,heap        ] GC(23404) Humongous regions: 4->4
[2020-12-28T06:31:19.064-0500][gc,metaspace   ] GC(23404) Metaspace: 50313K->50313K(1093632K)
[2020-12-28T06:31:19.064-0500][gc,heap        ] GC(23404) Heap after GC invocations=23405 (full 5351): garbage-first heap   total 64512K, used 43380K [0x0000000083000000, 0x0000000100000000)
[2020-12-28T06:31:19.064-0500][gc,heap        ] GC(23404)   region size 1024K, 1 young (1024K), 1 survivors (1024K)
[2020-12-28T06:31:19.064-0500][gc,heap        ] GC(23404)  Metaspace       used 50313K, capacity 52468K, committed 53888K, reserved 1093632K
[2020-12-28T06:31:19.064-0500][gc,heap        ] GC(23404)   class space    used 7457K, capacity 8250K, committed 8832K, reserved 1048576K
[2020-12-28T06:31:19.064-0500][gc             ] GC(23404) Pause Young (Normal) (G1 Evacuation Pause) 51M->42M(63M) 1.692ms
[2020-12-28T06:31:19.064-0500][gc,cpu         ] GC(23404) User=0.00s Sys=0.00s Real=0.00s
[2020-12-28T06:31:45.189-0500][gc,task        ] GC(23405) Using 5 workers of 8 for full compaction
[2020-12-28T06:31:45.189-0500][gc,start       ] GC(23405) Pause Full (System.gc())
[2020-12-28T06:31:45.189-0500][gc,heap        ] GC(23405) Heap before GC invocations=23405 (full 5351): garbage-first heap   total 64512K, used 44404K [0x0000000083000000, 0x0000000100000000)
[2020-12-28T06:31:45.189-0500][gc,heap        ] GC(23405)   region size 1024K, 3 young (3072K), 1 survivors (1024K)
[2020-12-28T06:31:45.189-0500][gc,heap        ] GC(23405)  Metaspace       used 50313K, capacity 52468K, committed 53888K, reserved 1093632K
[2020-12-28T06:31:45.189-0500][gc,heap        ] GC(23405)   class space    used 7457K, capacity 8250K, committed 8832K, reserved 1048576K
[2020-12-28T06:31:45.190-0500][gc,phases,start] GC(23405) Phase 1: Mark live objects
[2020-12-28T06:31:45.209-0500][gc,stringtable ] GC(23405) Cleaned string and symbol table, strings: 33317 processed, 4 removed, symbols: 120973 processed, 0 removed
[2020-12-28T06:31:45.209-0500][gc,phases      ] GC(23405) Phase 1: Mark live objects 18.955ms
[2020-12-28T06:31:45.209-0500][gc,phases,start] GC(23405) Phase 2: Prepare for compaction
[2020-12-28T06:31:45.212-0500][gc,phases      ] GC(23405) Phase 2: Prepare for compaction 3.138ms
[2020-12-28T06:31:45.212-0500][gc,phases,start] GC(23405) Phase 3: Adjust pointers
[2020-12-28T06:31:45.221-0500][gc,phases      ] GC(23405) Phase 3: Adjust pointers 9.595ms
[2020-12-28T06:31:45.222-0500][gc,phases,start] GC(23405) Phase 4: Compact heap
[2020-12-28T06:31:45.225-0500][gc,phases      ] GC(23405) Phase 4: Compact heap 2.961ms
[2020-12-28T06:31:45.229-0500][gc,heap        ] GC(23405) Eden regions: 2->0(9)
[2020-12-28T06:31:45.229-0500][gc,heap        ] GC(23405) Survivor regions: 1->0(2)
[2020-12-28T06:31:45.229-0500][gc,heap        ] GC(23405) Old regions: 41->42
[2020-12-28T06:31:45.229-0500][gc,heap        ] GC(23405) Humongous regions: 4->4
[2020-12-28T06:31:45.229-0500][gc,metaspace   ] GC(23405) Metaspace: 50313K->50313K(1093632K)
[2020-12-28T06:31:45.229-0500][gc,heap        ] GC(23405) Heap after GC invocations=23406 (full 5352): garbage-first heap   total 64512K, used 43312K [0x0000000083000000, 0x0000000100000000)
[2020-12-28T06:31:45.229-0500][gc,heap        ] GC(23405)   region size 1024K, 0 young (0K), 0 survivors (0K)
[2020-12-28T06:31:45.229-0500][gc,heap        ] GC(23405)  Metaspace       used 50313K, capacity 52468K, committed 53888K, reserved 1093632K
[2020-12-28T06:31:45.229-0500][gc,heap        ] GC(23405)   class space    used 7457K, capacity 8250K, committed 8832K, reserved 1048576K
[2020-12-28T06:31:45.229-0500][gc             ] GC(23405) Pause Full (System.gc()) 43M->42M(63M) 39.341ms
[2020-12-28T06:31:45.229-0500][gc,cpu         ] GC(23405) User=0.16s Sys=0.00s Real=0.04s
[2020-12-28T06:33:59.063-0500][gc,heap        ] GC(23406) Heap before GC invocations=23406 (full 5352): garbage-first heap   total 64512K, used 51504K [0x0000000083000000, 0x0000000100000000)
[2020-12-28T06:33:59.063-0500][gc,heap        ] GC(23406)   region size 1024K, 9 young (9216K), 0 survivors (0K)
[2020-12-28T06:33:59.063-0500][gc,heap        ] GC(23406)  Metaspace       used 50313K, capacity 52468K, committed 53888K, reserved 1093632K
[2020-12-28T06:33:59.063-0500][gc,heap        ] GC(23406)   class space    used 7457K, capacity 8250K, committed 8832K, reserved 1048576K
[2020-12-28T06:33:59.063-0500][gc,start       ] GC(23406) Pause Young (Normal) (G1 Evacuation Pause)
[2020-12-28T06:33:59.063-0500][gc,task        ] GC(23406) Using 8 workers of 8 for evacuation
[2020-12-28T06:33:59.066-0500][gc,phases      ] GC(23406)   Pre Evacuate Collection Set: 0.0ms
[2020-12-28T06:33:59.066-0500][gc,phases      ] GC(23406)   Evacuate Collection Set: 0.9ms
[2020-12-28T06:33:59.066-0500][gc,phases      ] GC(23406)   Post Evacuate Collection Set: 1.4ms
[2020-12-28T06:33:59.066-0500][gc,phases      ] GC(23406)   Other: 0.3ms
[2020-12-28T06:33:59.066-0500][gc,heap        ] GC(23406) Eden regions: 9->0(8)
[2020-12-28T06:33:59.066-0500][gc,heap        ] GC(23406) Survivor regions: 0->1(2)
[2020-12-28T06:33:59.066-0500][gc,heap        ] GC(23406) Old regions: 42->42
[2020-12-28T06:33:59.066-0500][gc,heap        ] GC(23406) Humongous regions: 4->4
[2020-12-28T06:33:59.066-0500][gc,metaspace   ] GC(23406) Metaspace: 50313K->50313K(1093632K)
[2020-12-28T06:33:59.066-0500][gc,heap        ] GC(23406) Heap after GC invocations=23407 (full 5352): garbage-first heap   total 64512K, used 43397K [0x0000000083000000, 0x0000000100000000)
[2020-12-28T06:33:59.066-0500][gc,heap        ] GC(23406)   region size 1024K, 1 young (1024K), 1 survivors (1024K)
[2020-12-28T06:33:59.066-0500][gc,heap        ] GC(23406)  Metaspace       used 50313K, capacity 52468K, committed 53888K, reserved 1093632K
[2020-12-28T06:33:59.066-0500][gc,heap        ] GC(23406)   class space    used 7457K, capacity 8250K, committed 8832K, reserved 1048576K
[2020-12-28T06:33:59.066-0500][gc             ] GC(23406) Pause Young (Normal) (G1 Evacuation Pause) 51M->42M(63M) 2.771ms
[2020-12-28T06:33:59.066-0500][gc,cpu         ] GC(23406) User=0.01s Sys=0.00s Real=0.00s
[2020-12-28T06:35:59.069-0500][gc,heap        ] GC(23407) Heap before GC invocations=23407 (full 5352): garbage-first heap   total 64512K, used 51589K [0x0000000083000000, 0x0000000100000000)
[2020-12-28T06:35:59.069-0500][gc,heap        ] GC(23407)   region size 1024K, 9 young (9216K), 1 survivors (1024K)
[2020-12-28T06:35:59.069-0500][gc,heap        ] GC(23407)  Metaspace       used 50313K, capacity 52468K, committed 53888K, reserved 1093632K
[2020-12-28T06:35:59.069-0500][gc,heap        ] GC(23407)   class space    used 7457K, capacity 8250K, committed 8832K, reserved 1048576K
[2020-12-28T06:35:59.069-0500][gc,start       ] GC(23407) Pause Young (Normal) (G1 Evacuation Pause)
[2020-12-28T06:35:59.069-0500][gc,task        ] GC(23407) Using 8 workers of 8 for evacuation
[2020-12-28T06:35:59.073-0500][gc,phases      ] GC(23407)   Pre Evacuate Collection Set: 0.0ms
[2020-12-28T06:35:59.073-0500][gc,phases      ] GC(23407)   Evacuate Collection Set: 1.3ms
[2020-12-28T06:35:59.073-0500][gc,phases      ] GC(23407)   Post Evacuate Collection Set: 2.1ms
[2020-12-28T06:35:59.073-0500][gc,phases      ] GC(23407)   Other: 0.5ms
[2020-12-28T06:35:59.073-0500][gc,heap        ] GC(23407) Eden regions: 8->0(8)
[2020-12-28T06:35:59.073-0500][gc,heap        ] GC(23407) Survivor regions: 1->1(2)
[2020-12-28T06:35:59.073-0500][gc,heap        ] GC(23407) Old regions: 42->42
[2020-12-28T06:35:59.073-0500][gc,heap        ] GC(23407) Humongous regions: 4->4
[2020-12-28T06:35:59.073-0500][gc,metaspace   ] GC(23407) Metaspace: 50313K->50313K(1093632K)
[2020-12-28T06:35:59.073-0500][gc,heap        ] GC(23407) Heap after GC invocations=23408 (full 5352): garbage-first heap   total 64512K, used 43368K [0x0000000083000000, 0x0000000100000000)
[2020-12-28T06:35:59.073-0500][gc,heap        ] GC(23407)   region size 1024K, 1 young (1024K), 1 survivors (1024K)
[2020-12-28T06:35:59.073-0500][gc,heap        ] GC(23407)  Metaspace       used 50313K, capacity 52468K, committed 53888K, reserved 1093632K
[2020-12-28T06:35:59.073-0500][gc,heap        ] GC(23407)   class space    used 7457K, capacity 8250K, committed 8832K, reserved 1048576K
[2020-12-28T06:35:59.073-0500][gc             ] GC(23407) Pause Young (Normal) (G1 Evacuation Pause) 50M->42M(63M) 4.058ms
[2020-12-28T06:35:59.074-0500][gc,cpu         ] GC(23407) User=0.00s Sys=0.00s Real=0.00s
[2020-12-28T06:36:45.192-0500][gc,task        ] GC(23408) Using 5 workers of 8 for full compaction
[2020-12-28T06:36:45.192-0500][gc,start       ] GC(23408) Pause Full (System.gc())
[2020-12-28T06:36:45.192-0500][gc,heap        ] GC(23408) Heap before GC invocations=23408 (full 5352): garbage-first heap   total 64512K, used 45416K [0x0000000083000000, 0x0000000100000000)
[2020-12-28T06:36:45.192-0500][gc,heap        ] GC(23408)   region size 1024K, 4 young (4096K), 1 survivors (1024K)
[2020-12-28T06:36:45.192-0500][gc,heap        ] GC(23408)  Metaspace       used 50313K, capacity 52468K, committed 53888K, reserved 1093632K
[2020-12-28T06:36:45.192-0500][gc,heap        ] GC(23408)   class space    used 7457K, capacity 8250K, committed 8832K, reserved 1048576K
[2020-12-28T06:36:45.193-0500][gc,phases,start] GC(23408) Phase 1: Mark live objects
[2020-12-28T06:36:45.229-0500][gc,stringtable ] GC(23408) Cleaned string and symbol table, strings: 33317 processed, 4 removed, symbols: 120973 processed, 0 removed
[2020-12-28T06:36:45.229-0500][gc,phases      ] GC(23408) Phase 1: Mark live objects 36.532ms
[2020-12-28T06:36:45.229-0500][gc,phases,start] GC(23408) Phase 2: Prepare for compaction
[2020-12-28T06:36:45.234-0500][gc,phases      ] GC(23408) Phase 2: Prepare for compaction 4.804ms
[2020-12-28T06:36:45.234-0500][gc,phases,start] GC(23408) Phase 3: Adjust pointers
[2020-12-28T06:36:45.245-0500][gc,phases      ] GC(23408) Phase 3: Adjust pointers 10.718ms
[2020-12-28T06:36:45.245-0500][gc,phases,start] GC(23408) Phase 4: Compact heap
[2020-12-28T06:36:45.249-0500][gc,phases      ] GC(23408) Phase 4: Compact heap 3.923ms
[2020-12-28T06:36:45.253-0500][gc,heap        ] GC(23408) Eden regions: 3->0(10)
[2020-12-28T06:36:45.253-0500][gc,heap        ] GC(23408) Survivor regions: 1->0(2)
[2020-12-28T06:36:45.253-0500][gc,heap        ] GC(23408) Old regions: 42->41
[2020-12-28T06:36:45.253-0500][gc,heap        ] GC(23408) Humongous regions: 4->4
[2020-12-28T06:36:45.253-0500][gc,metaspace   ] GC(23408) Metaspace: 50313K->50313K(1093632K)
[2020-12-28T06:36:45.253-0500][gc,heap        ] GC(23408) Heap after GC invocations=23409 (full 5353): garbage-first heap   total 64512K, used 43323K [0x0000000083000000, 0x0000000100000000)
[2020-12-28T06:36:45.253-0500][gc,heap        ] GC(23408)   region size 1024K, 0 young (0K), 0 survivors (0K)
[2020-12-28T06:36:45.253-0500][gc,heap        ] GC(23408)  Metaspace       used 50313K, capacity 52468K, committed 53888K, reserved 1093632K
[2020-12-28T06:36:45.253-0500][gc,heap        ] GC(23408)   class space    used 7457K, capacity 8250K, committed 8832K, reserved 1048576K
[2020-12-28T06:36:45.253-0500][gc             ] GC(23408) Pause Full (System.gc()) 45M->42M(63M) 61.396ms
[2020-12-28T06:36:45.254-0500][gc,cpu         ] GC(23408) User=0.25s Sys=0.00s Real=0.06s
[2020-12-28T06:39:09.062-0500][gc,heap        ] GC(23409) Heap before GC invocations=23409 (full 5353): garbage-first heap   total 64512K, used 52539K [0x0000000083000000, 0x0000000100000000)
[2020-12-28T06:39:09.062-0500][gc,heap        ] GC(23409)   region size 1024K, 10 young (10240K), 0 survivors (0K)
[2020-12-28T06:39:09.062-0500][gc,heap        ] GC(23409)  Metaspace       used 50313K, capacity 52468K, committed 53888K, reserved 1093632K
[2020-12-28T06:39:09.062-0500][gc,heap        ] GC(23409)   class space    used 7457K, capacity 8250K, committed 8832K, reserved 1048576K
[2020-12-28T06:39:09.062-0500][gc,start       ] GC(23409) Pause Young (Normal) (G1 Evacuation Pause)
[2020-12-28T06:39:09.062-0500][gc,task        ] GC(23409) Using 8 workers of 8 for evacuation
[2020-12-28T06:39:09.066-0500][gc,phases      ] GC(23409)   Pre Evacuate Collection Set: 0.0ms
[2020-12-28T06:39:09.066-0500][gc,phases      ] GC(23409)   Evacuate Collection Set: 1.5ms
[2020-12-28T06:39:09.066-0500][gc,phases      ] GC(23409)   Post Evacuate Collection Set: 2.5ms
[2020-12-28T06:39:09.067-0500][gc,phases      ] GC(23409)   Other: 0.5ms
[2020-12-28T06:39:09.067-0500][gc,heap        ] GC(23409) Eden regions: 10->0(9)
[2020-12-28T06:39:09.067-0500][gc,heap        ] GC(23409) Survivor regions: 0->1(2)
[2020-12-28T06:39:09.067-0500][gc,heap        ] GC(23409) Old regions: 41->41
[2020-12-28T06:39:09.067-0500][gc,heap        ] GC(23409) Humongous regions: 4->4
[2020-12-28T06:39:09.067-0500][gc,metaspace   ] GC(23409) Metaspace: 50313K->50313K(1093632K)
[2020-12-28T06:39:09.067-0500][gc,heap        ] GC(23409) Heap after GC invocations=23410 (full 5353): garbage-first heap   total 64512K, used 43403K [0x0000000083000000, 0x0000000100000000)
[2020-12-28T06:39:09.067-0500][gc,heap        ] GC(23409)   region size 1024K, 1 young (1024K), 1 survivors (1024K)
[2020-12-28T06:39:09.067-0500][gc,heap        ] GC(23409)  Metaspace       used 50313K, capacity 52468K, committed 53888K, reserved 1093632K
[2020-12-28T06:39:09.067-0500][gc,heap        ] GC(23409)   class space    used 7457K, capacity 8250K, committed 8832K, reserved 1048576K
[2020-12-28T06:39:09.067-0500][gc             ] GC(23409) Pause Young (Normal) (G1 Evacuation Pause) 52M->42M(63M) 4.738ms
[2020-12-28T06:39:09.067-0500][gc,cpu         ] GC(23409) User=0.01s Sys=0.00s Real=0.00s
[2020-12-28T06:41:29.061-0500][gc,heap        ] GC(23410) Heap before GC invocations=23410 (full 5353): garbage-first heap   total 64512K, used 51595K [0x0000000083000000, 0x0000000100000000)
[2020-12-28T06:41:29.061-0500][gc,heap        ] GC(23410)   region size 1024K, 10 young (10240K), 1 survivors (1024K)
[2020-12-28T06:41:29.061-0500][gc,heap        ] GC(23410)  Metaspace       used 50313K, capacity 52468K, committed 53888K, reserved 1093632K
[2020-12-28T06:41:29.061-0500][gc,heap        ] GC(23410)   class space    used 7457K, capacity 8250K, committed 8832K, reserved 1048576K
[2020-12-28T06:41:29.061-0500][gc,start       ] GC(23410) Pause Young (Normal) (G1 Evacuation Pause)
[2020-12-28T06:41:29.061-0500][gc,task        ] GC(23410) Using 8 workers of 8 for evacuation
[2020-12-28T06:41:29.065-0500][gc,phases      ] GC(23410)   Pre Evacuate Collection Set: 0.0ms
[2020-12-28T06:41:29.065-0500][gc,phases      ] GC(23410)   Evacuate Collection Set: 1.5ms
[2020-12-28T06:41:29.065-0500][gc,phases      ] GC(23410)   Post Evacuate Collection Set: 2.1ms
[2020-12-28T06:41:29.065-0500][gc,phases      ] GC(23410)   Other: 0.8ms
[2020-12-28T06:41:29.065-0500][gc,heap        ] GC(23410) Eden regions: 9->0(9)
[2020-12-28T06:41:29.065-0500][gc,heap        ] GC(23410) Survivor regions: 1->1(2)
[2020-12-28T06:41:29.065-0500][gc,heap        ] GC(23410) Old regions: 41->41
[2020-12-28T06:41:29.065-0500][gc,heap        ] GC(23410) Humongous regions: 4->4
[2020-12-28T06:41:29.065-0500][gc,metaspace   ] GC(23410) Metaspace: 50313K->50313K(1093632K)
[2020-12-28T06:41:29.065-0500][gc,heap        ] GC(23410) Heap after GC invocations=23411 (full 5353): garbage-first heap   total 64512K, used 43402K [0x0000000083000000, 0x0000000100000000)
[2020-12-28T06:41:29.065-0500][gc,heap        ] GC(23410)   region size 1024K, 1 young (1024K), 1 survivors (1024K)
[2020-12-28T06:41:29.065-0500][gc,heap        ] GC(23410)  Metaspace       used 50313K, capacity 52468K, committed 53888K, reserved 1093632K
[2020-12-28T06:41:29.065-0500][gc,heap        ] GC(23410)   class space    used 7457K, capacity 8250K, committed 8832K, reserved 1048576K
[2020-12-28T06:41:29.065-0500][gc             ] GC(23410) Pause Young (Normal) (G1 Evacuation Pause) 51M->42M(63M) 4.656ms
[2020-12-28T06:41:29.066-0500][gc,cpu         ] GC(23410) User=0.01s Sys=0.00s Real=0.00s
[2020-12-28T06:41:45.192-0500][gc,task        ] GC(23411) Using 5 workers of 8 for full compaction
[2020-12-28T06:41:45.192-0500][gc,start       ] GC(23411) Pause Full (System.gc())
[2020-12-28T06:41:45.192-0500][gc,heap        ] GC(23411) Heap before GC invocations=23411 (full 5353): garbage-first heap   total 64512K, used 44426K [0x0000000083000000, 0x0000000100000000)
[2020-12-28T06:41:45.192-0500][gc,heap        ] GC(23411)   region size 1024K, 3 young (3072K), 1 survivors (1024K)
[2020-12-28T06:41:45.192-0500][gc,heap        ] GC(23411)  Metaspace       used 50313K, capacity 52468K, committed 53888K, reserved 1093632K
[2020-12-28T06:41:45.192-0500][gc,heap        ] GC(23411)   class space    used 7457K, capacity 8250K, committed 8832K, reserved 1048576K
[2020-12-28T06:41:45.193-0500][gc,phases,start] GC(23411) Phase 1: Mark live objects
[2020-12-28T06:41:45.229-0500][gc,stringtable ] GC(23411) Cleaned string and symbol table, strings: 33317 processed, 4 removed, symbols: 120973 processed, 0 removed
[2020-12-28T06:41:45.229-0500][gc,phases      ] GC(23411) Phase 1: Mark live objects 36.065ms
[2020-12-28T06:41:45.229-0500][gc,phases,start] GC(23411) Phase 2: Prepare for compaction
[2020-12-28T06:41:45.235-0500][gc,phases      ] GC(23411) Phase 2: Prepare for compaction 6.024ms
[2020-12-28T06:41:45.235-0500][gc,phases,start] GC(23411) Phase 3: Adjust pointers
[2020-12-28T06:41:45.246-0500][gc,phases      ] GC(23411) Phase 3: Adjust pointers 10.682ms
[2020-12-28T06:41:45.246-0500][gc,phases,start] GC(23411) Phase 4: Compact heap
[2020-12-28T06:41:45.248-0500][gc,phases      ] GC(23411) Phase 4: Compact heap 2.491ms
[2020-12-28T06:41:45.252-0500][gc,heap        ] GC(23411) Eden regions: 2->0(9)
[2020-12-28T06:41:45.252-0500][gc,heap        ] GC(23411) Survivor regions: 1->0(2)
[2020-12-28T06:41:45.252-0500][gc,heap        ] GC(23411) Old regions: 41->42
[2020-12-28T06:41:45.253-0500][gc,heap        ] GC(23411) Humongous regions: 4->4
[2020-12-28T06:41:45.253-0500][gc,metaspace   ] GC(23411) Metaspace: 50313K->50313K(1093632K)
[2020-12-28T06:41:45.253-0500][gc,heap        ] GC(23411) Heap after GC invocations=23412 (full 5354): garbage-first heap   total 64512K, used 43311K [0x0000000083000000, 0x0000000100000000)
[2020-12-28T06:41:45.253-0500][gc,heap        ] GC(23411)   region size 1024K, 0 young (0K), 0 survivors (0K)
[2020-12-28T06:41:45.253-0500][gc,heap        ] GC(23411)  Metaspace       used 50313K, capacity 52468K, committed 53888K, reserved 1093632K
[2020-12-28T06:41:45.253-0500][gc,heap        ] GC(23411)   class space    used 7457K, capacity 8250K, committed 8832K, reserved 1048576K
[2020-12-28T06:41:45.253-0500][gc             ] GC(23411) Pause Full (System.gc()) 43M->42M(63M) 60.451ms
[2020-12-28T06:41:45.253-0500][gc,cpu         ] GC(23411) User=0.26s Sys=0.00s Real=0.06s
[2020-12-28T06:43:59.068-0500][gc,heap        ] GC(23412) Heap before GC invocations=23412 (full 5354): garbage-first heap   total 64512K, used 52527K [0x0000000083000000, 0x0000000100000000)
[2020-12-28T06:43:59.068-0500][gc,heap        ] GC(23412)   region size 1024K, 9 young (9216K), 0 survivors (0K)
[2020-12-28T06:43:59.068-0500][gc,heap        ] GC(23412)  Metaspace       used 50313K, capacity 52468K, committed 53888K, reserved 1093632K
[2020-12-28T06:43:59.068-0500][gc,heap        ] GC(23412)   class space    used 7457K, capacity 8250K, committed 8832K, reserved 1048576K
[2020-12-28T06:43:59.068-0500][gc,start       ] GC(23412) Pause Young (Normal) (G1 Evacuation Pause)
[2020-12-28T06:43:59.068-0500][gc,task        ] GC(23412) Using 8 workers of 8 for evacuation
[2020-12-28T06:43:59.097-0500][gc,phases      ] GC(23412)   Pre Evacuate Collection Set: 0.0ms
[2020-12-28T06:43:59.097-0500][gc,phases      ] GC(23412)   Evacuate Collection Set: 3.6ms
[2020-12-28T06:43:59.097-0500][gc,phases      ] GC(23412)   Post Evacuate Collection Set: 25.1ms
[2020-12-28T06:43:59.097-0500][gc,phases      ] GC(23412)   Other: 0.5ms
[2020-12-28T06:43:59.098-0500][gc,heap        ] GC(23412) Eden regions: 9->0(8)
[2020-12-28T06:43:59.098-0500][gc,heap        ] GC(23412) Survivor regions: 0->1(2)
[2020-12-28T06:43:59.098-0500][gc,heap        ] GC(23412) Old regions: 42->42
[2020-12-28T06:43:59.098-0500][gc,heap        ] GC(23412) Humongous regions: 4->4
[2020-12-28T06:43:59.098-0500][gc,metaspace   ] GC(23412) Metaspace: 50313K->50313K(1093632K)
[2020-12-28T06:43:59.098-0500][gc,heap        ] GC(23412) Heap after GC invocations=23413 (full 5354): garbage-first heap   total 64512K, used 43392K [0x0000000083000000, 0x0000000100000000)
[2020-12-28T06:43:59.098-0500][gc,heap        ] GC(23412)   region size 1024K, 1 young (1024K), 1 survivors (1024K)
[2020-12-28T06:43:59.098-0500][gc,heap        ] GC(23412)  Metaspace       used 50313K, capacity 52468K, committed 53888K, reserved 1093632K
[2020-12-28T06:43:59.098-0500][gc,heap        ] GC(23412)   class space    used 7457K, capacity 8250K, committed 8832K, reserved 1048576K
[2020-12-28T06:43:59.098-0500][gc             ] GC(23412) Pause Young (Normal) (G1 Evacuation Pause) 51M->42M(63M) 29.736ms
[2020-12-28T06:43:59.098-0500][gc,cpu         ] GC(23412) User=0.17s Sys=0.00s Real=0.03s
[2020-12-28T06:45:59.063-0500][gc,heap        ] GC(23413) Heap before GC invocations=23413 (full 5354): garbage-first heap   total 64512K, used 50560K [0x0000000083000000, 0x0000000100000000)
[2020-12-28T06:45:59.063-0500][gc,heap        ] GC(23413)   region size 1024K, 9 young (9216K), 1 survivors (1024K)
[2020-12-28T06:45:59.063-0500][gc,heap        ] GC(23413)  Metaspace       used 50313K, capacity 52468K, committed 53888K, reserved 1093632K
[2020-12-28T06:45:59.063-0500][gc,heap        ] GC(23413)   class space    used 7457K, capacity 8250K, committed 8832K, reserved 1048576K
[2020-12-28T06:45:59.063-0500][gc,start       ] GC(23413) Pause Young (Normal) (G1 Evacuation Pause)
[2020-12-28T06:45:59.063-0500][gc,task        ] GC(23413) Using 8 workers of 8 for evacuation
[2020-12-28T06:45:59.071-0500][gc,phases      ] GC(23413)   Pre Evacuate Collection Set: 0.0ms
[2020-12-28T06:45:59.071-0500][gc,phases      ] GC(23413)   Evacuate Collection Set: 2.0ms
[2020-12-28T06:45:59.071-0500][gc,phases      ] GC(23413)   Post Evacuate Collection Set: 5.9ms
[2020-12-28T06:45:59.072-0500][gc,phases      ] GC(23413)   Other: 0.6ms
[2020-12-28T06:45:59.072-0500][gc,heap        ] GC(23413) Eden regions: 8->0(8)
[2020-12-28T06:45:59.072-0500][gc,heap        ] GC(23413) Survivor regions: 1->1(2)
[2020-12-28T06:45:59.072-0500][gc,heap        ] GC(23413) Old regions: 42->42
[2020-12-28T06:45:59.072-0500][gc,heap        ] GC(23413) Humongous regions: 4->4
[2020-12-28T06:45:59.072-0500][gc,metaspace   ] GC(23413) Metaspace: 50313K->50313K(1093632K)
[2020-12-28T06:45:59.072-0500][gc,heap        ] GC(23413) Heap after GC invocations=23414 (full 5354): garbage-first heap   total 64512K, used 43397K [0x0000000083000000, 0x0000000100000000)
[2020-12-28T06:45:59.072-0500][gc,heap        ] GC(23413)   region size 1024K, 1 young (1024K), 1 survivors (1024K)
[2020-12-28T06:45:59.072-0500][gc,heap        ] GC(23413)  Metaspace       used 50313K, capacity 52468K, committed 53888K, reserved 1093632K
[2020-12-28T06:45:59.072-0500][gc,heap        ] GC(23413)   class space    used 7457K, capacity 8250K, committed 8832K, reserved 1048576K
[2020-12-28T06:45:59.072-0500][gc             ] GC(23413) Pause Young (Normal) (G1 Evacuation Pause) 50M->42M(63M) 8.533ms
[2020-12-28T06:45:59.072-0500][gc,cpu         ] GC(23413) User=0.03s Sys=0.01s Real=0.01s
[2020-12-28T06:46:45.190-0500][gc,task        ] GC(23414) Using 5 workers of 8 for full compaction
[2020-12-28T06:46:45.190-0500][gc,start       ] GC(23414) Pause Full (System.gc())
[2020-12-28T06:46:45.190-0500][gc,heap        ] GC(23414) Heap before GC invocations=23414 (full 5354): garbage-first heap   total 64512K, used 46469K [0x0000000083000000, 0x0000000100000000)
[2020-12-28T06:46:45.190-0500][gc,heap        ] GC(23414)   region size 1024K, 5 young (5120K), 1 survivors (1024K)
[2020-12-28T06:46:45.190-0500][gc,heap        ] GC(23414)  Metaspace       used 50313K, capacity 52468K, committed 53888K, reserved 1093632K
[2020-12-28T06:46:45.190-0500][gc,heap        ] GC(23414)   class space    used 7457K, capacity 8250K, committed 8832K, reserved 1048576K
[2020-12-28T06:46:45.191-0500][gc,phases,start] GC(23414) Phase 1: Mark live objects
[2020-12-28T06:46:45.216-0500][gc,stringtable ] GC(23414) Cleaned string and symbol table, strings: 33317 processed, 4 removed, symbols: 120973 processed, 0 removed
[2020-12-28T06:46:45.216-0500][gc,phases      ] GC(23414) Phase 1: Mark live objects 25.046ms
[2020-12-28T06:46:45.216-0500][gc,phases,start] GC(23414) Phase 2: Prepare for compaction
[2020-12-28T06:46:45.219-0500][gc,phases      ] GC(23414) Phase 2: Prepare for compaction 3.531ms
[2020-12-28T06:46:45.219-0500][gc,phases,start] GC(23414) Phase 3: Adjust pointers
[2020-12-28T06:46:45.229-0500][gc,phases      ] GC(23414) Phase 3: Adjust pointers 9.785ms
[2020-12-28T06:46:45.229-0500][gc,phases,start] GC(23414) Phase 4: Compact heap
[2020-12-28T06:46:45.232-0500][gc,phases      ] GC(23414) Phase 4: Compact heap 2.781ms
[2020-12-28T06:46:45.237-0500][gc,heap        ] GC(23414) Eden regions: 4->0(10)
[2020-12-28T06:46:45.237-0500][gc,heap        ] GC(23414) Survivor regions: 1->0(2)
[2020-12-28T06:46:45.237-0500][gc,heap        ] GC(23414) Old regions: 42->41
[2020-12-28T06:46:45.237-0500][gc,heap        ] GC(23414) Humongous regions: 4->4
[2020-12-28T06:46:45.237-0500][gc,metaspace   ] GC(23414) Metaspace: 50313K->50313K(1093632K)
[2020-12-28T06:46:45.237-0500][gc,heap        ] GC(23414) Heap after GC invocations=23415 (full 5355): garbage-first heap   total 64512K, used 43328K [0x0000000083000000, 0x0000000100000000)
[2020-12-28T06:46:45.237-0500][gc,heap        ] GC(23414)   region size 1024K, 0 young (0K), 0 survivors (0K)
[2020-12-28T06:46:45.237-0500][gc,heap        ] GC(23414)  Metaspace       used 50313K, capacity 52468K, committed 53888K, reserved 1093632K
[2020-12-28T06:46:45.237-0500][gc,heap        ] GC(23414)   class space    used 7457K, capacity 8250K, committed 8832K, reserved 1048576K
[2020-12-28T06:46:45.237-0500][gc             ] GC(23414) Pause Full (System.gc()) 45M->42M(63M) 46.571ms
[2020-12-28T06:46:45.237-0500][gc,cpu         ] GC(23414) User=0.19s Sys=0.00s Real=0.04s
[2020-12-28T06:49:09.071-0500][gc,heap        ] GC(23415) Heap before GC invocations=23415 (full 5355): garbage-first heap   total 64512K, used 52544K [0x0000000083000000, 0x0000000100000000)
[2020-12-28T06:49:09.071-0500][gc,heap        ] GC(23415)   region size 1024K, 10 young (10240K), 0 survivors (0K)
[2020-12-28T06:49:09.071-0500][gc,heap        ] GC(23415)  Metaspace       used 50313K, capacity 52468K, committed 53888K, reserved 1093632K
[2020-12-28T06:49:09.071-0500][gc,heap        ] GC(23415)   class space    used 7457K, capacity 8250K, committed 8832K, reserved 1048576K
[2020-12-28T06:49:09.071-0500][gc,start       ] GC(23415) Pause Young (Normal) (G1 Evacuation Pause)
[2020-12-28T06:49:09.071-0500][gc,task        ] GC(23415) Using 8 workers of 8 for evacuation
[2020-12-28T06:49:09.076-0500][gc,phases      ] GC(23415)   Pre Evacuate Collection Set: 0.0ms
[2020-12-28T06:49:09.076-0500][gc,phases      ] GC(23415)   Evacuate Collection Set: 2.1ms
[2020-12-28T06:49:09.076-0500][gc,phases      ] GC(23415)   Post Evacuate Collection Set: 2.6ms
[2020-12-28T06:49:09.076-0500][gc,phases      ] GC(23415)   Other: 0.5ms
[2020-12-28T06:49:09.076-0500][gc,heap        ] GC(23415) Eden regions: 10->0(9)
[2020-12-28T06:49:09.076-0500][gc,heap        ] GC(23415) Survivor regions: 0->1(2)
[2020-12-28T06:49:09.076-0500][gc,heap        ] GC(23415) Old regions: 41->41
[2020-12-28T06:49:09.076-0500][gc,heap        ] GC(23415) Humongous regions: 4->4
[2020-12-28T06:49:09.076-0500][gc,metaspace   ] GC(23415) Metaspace: 50313K->50313K(1093632K)
[2020-12-28T06:49:09.076-0500][gc,heap        ] GC(23415) Heap after GC invocations=23416 (full 5355): garbage-first heap   total 64512K, used 43399K [0x0000000083000000, 0x0000000100000000)
[2020-12-28T06:49:09.076-0500][gc,heap        ] GC(23415)   region size 1024K, 1 young (1024K), 1 survivors (1024K)
[2020-12-28T06:49:09.076-0500][gc,heap        ] GC(23415)  Metaspace       used 50313K, capacity 52468K, committed 53888K, reserved 1093632K
[2020-12-28T06:49:09.076-0500][gc,heap        ] GC(23415)   class space    used 7457K, capacity 8250K, committed 8832K, reserved 1048576K
[2020-12-28T06:49:09.076-0500][gc             ] GC(23415) Pause Young (Normal) (G1 Evacuation Pause) 52M->42M(63M) 5.361ms
[2020-12-28T06:49:09.076-0500][gc,cpu         ] GC(23415) User=0.01s Sys=0.00s Real=0.00s
[2020-12-28T06:51:25.823-0500][gc,heap        ] GC(23416) Heap before GC invocations=23416 (full 5355): garbage-first heap   total 64512K, used 51591K [0x0000000083000000, 0x0000000100000000)
[2020-12-28T06:51:25.823-0500][gc,heap        ] GC(23416)   region size 1024K, 10 young (10240K), 1 survivors (1024K)
[2020-12-28T06:51:25.823-0500][gc,heap        ] GC(23416)  Metaspace       used 50313K, capacity 52468K, committed 53888K, reserved 1093632K
[2020-12-28T06:51:25.823-0500][gc,heap        ] GC(23416)   class space    used 7457K, capacity 8250K, committed 8832K, reserved 1048576K
[2020-12-28T06:51:25.823-0500][gc,start       ] GC(23416) Pause Young (Normal) (G1 Evacuation Pause)
[2020-12-28T06:51:25.823-0500][gc,task        ] GC(23416) Using 8 workers of 8 for evacuation
[2020-12-28T06:51:25.828-0500][gc,phases      ] GC(23416)   Pre Evacuate Collection Set: 0.0ms
[2020-12-28T06:51:25.828-0500][gc,phases      ] GC(23416)   Evacuate Collection Set: 2.4ms
[2020-12-28T06:51:25.828-0500][gc,phases      ] GC(23416)   Post Evacuate Collection Set: 1.9ms
[2020-12-28T06:51:25.828-0500][gc,phases      ] GC(23416)   Other: 0.6ms
[2020-12-28T06:51:25.828-0500][gc,heap        ] GC(23416) Eden regions: 9->0(9)
[2020-12-28T06:51:25.828-0500][gc,heap        ] GC(23416) Survivor regions: 1->1(2)
[2020-12-28T06:51:25.828-0500][gc,heap        ] GC(23416) Old regions: 41->41
[2020-12-28T06:51:25.828-0500][gc,heap        ] GC(23416) Humongous regions: 4->4
[2020-12-28T06:51:25.828-0500][gc,metaspace   ] GC(23416) Metaspace: 50313K->50313K(1093632K)
[2020-12-28T06:51:25.828-0500][gc,heap        ] GC(23416) Heap after GC invocations=23417 (full 5355): garbage-first heap   total 64512K, used 43391K [0x0000000083000000, 0x0000000100000000)
[2020-12-28T06:51:25.828-0500][gc,heap        ] GC(23416)   region size 1024K, 1 young (1024K), 1 survivors (1024K)
[2020-12-28T06:51:25.828-0500][gc,heap        ] GC(23416)  Metaspace       used 50313K, capacity 52468K, committed 53888K, reserved 1093632K
[2020-12-28T06:51:25.828-0500][gc,heap        ] GC(23416)   class space    used 7457K, capacity 8250K, committed 8832K, reserved 1048576K
[2020-12-28T06:51:25.828-0500][gc             ] GC(23416) Pause Young (Normal) (G1 Evacuation Pause) 51M->42M(63M) 5.070ms
[2020-12-28T06:51:25.828-0500][gc,cpu         ] GC(23416) User=0.01s Sys=0.01s Real=0.01s
[2020-12-28T06:51:45.192-0500][gc,task        ] GC(23417) Using 5 workers of 8 for full compaction
[2020-12-28T06:51:45.192-0500][gc,start       ] GC(23417) Pause Full (System.gc())
[2020-12-28T06:51:45.192-0500][gc,heap        ] GC(23417) Heap before GC invocations=23417 (full 5355): garbage-first heap   total 64512K, used 44415K [0x0000000083000000, 0x0000000100000000)
[2020-12-28T06:51:45.192-0500][gc,heap        ] GC(23417)   region size 1024K, 3 young (3072K), 1 survivors (1024K)
[2020-12-28T06:51:45.192-0500][gc,heap        ] GC(23417)  Metaspace       used 50313K, capacity 52468K, committed 53888K, reserved 1093632K
[2020-12-28T06:51:45.192-0500][gc,heap        ] GC(23417)   class space    used 7457K, capacity 8250K, committed 8832K, reserved 1048576K
[2020-12-28T06:51:45.193-0500][gc,phases,start] GC(23417) Phase 1: Mark live objects
[2020-12-28T06:51:45.230-0500][gc,stringtable ] GC(23417) Cleaned string and symbol table, strings: 33317 processed, 4 removed, symbols: 120973 processed, 0 removed
[2020-12-28T06:51:45.230-0500][gc,phases      ] GC(23417) Phase 1: Mark live objects 37.465ms
[2020-12-28T06:51:45.230-0500][gc,phases,start] GC(23417) Phase 2: Prepare for compaction
[2020-12-28T06:51:45.234-0500][gc,phases      ] GC(23417) Phase 2: Prepare for compaction 4.338ms
[2020-12-28T06:51:45.234-0500][gc,phases,start] GC(23417) Phase 3: Adjust pointers
[2020-12-28T06:51:45.246-0500][gc,phases      ] GC(23417) Phase 3: Adjust pointers 12.010ms
[2020-12-28T06:51:45.246-0500][gc,phases,start] GC(23417) Phase 4: Compact heap
[2020-12-28T06:51:45.249-0500][gc,phases      ] GC(23417) Phase 4: Compact heap 2.666ms
[2020-12-28T06:51:45.253-0500][gc,heap        ] GC(23417) Eden regions: 2->0(9)
[2020-12-28T06:51:45.253-0500][gc,heap        ] GC(23417) Survivor regions: 1->0(2)
[2020-12-28T06:51:45.253-0500][gc,heap        ] GC(23417) Old regions: 41->42
[2020-12-28T06:51:45.253-0500][gc,heap        ] GC(23417) Humongous regions: 4->4
[2020-12-28T06:51:45.253-0500][gc,metaspace   ] GC(23417) Metaspace: 50313K->50313K(1093632K)
[2020-12-28T06:51:45.253-0500][gc,heap        ] GC(23417) Heap after GC invocations=23418 (full 5356): garbage-first heap   total 64512K, used 43313K [0x0000000083000000, 0x0000000100000000)
[2020-12-28T06:51:45.253-0500][gc,heap        ] GC(23417)   region size 1024K, 0 young (0K), 0 survivors (0K)
[2020-12-28T06:51:45.253-0500][gc,heap        ] GC(23417)  Metaspace       used 50313K, capacity 52468K, committed 53888K, reserved 1093632K
[2020-12-28T06:51:45.253-0500][gc,heap        ] GC(23417)   class space    used 7457K, capacity 8250K, committed 8832K, reserved 1048576K
[2020-12-28T06:51:45.253-0500][gc             ] GC(23417) Pause Full (System.gc()) 43M->42M(63M) 61.580ms
[2020-12-28T06:51:45.254-0500][gc,cpu         ] GC(23417) User=0.27s Sys=0.00s Real=0.06s
[2020-12-28T06:53:59.062-0500][gc,heap        ] GC(23418) Heap before GC invocations=23418 (full 5356): garbage-first heap   total 64512K, used 51505K [0x0000000083000000, 0x0000000100000000)
[2020-12-28T06:53:59.062-0500][gc,heap        ] GC(23418)   region size 1024K, 9 young (9216K), 0 survivors (0K)
[2020-12-28T06:53:59.062-0500][gc,heap        ] GC(23418)  Metaspace       used 50313K, capacity 52468K, committed 53888K, reserved 1093632K
[2020-12-28T06:53:59.062-0500][gc,heap        ] GC(23418)   class space    used 7457K, capacity 8250K, committed 8832K, reserved 1048576K
[2020-12-28T06:53:59.062-0500][gc,start       ] GC(23418) Pause Young (Normal) (G1 Evacuation Pause)
[2020-12-28T06:53:59.062-0500][gc,task        ] GC(23418) Using 8 workers of 8 for evacuation
[2020-12-28T06:53:59.064-0500][gc,phases      ] GC(23418)   Pre Evacuate Collection Set: 0.0ms
[2020-12-28T06:53:59.064-0500][gc,phases      ] GC(23418)   Evacuate Collection Set: 1.0ms
[2020-12-28T06:53:59.064-0500][gc,phases      ] GC(23418)   Post Evacuate Collection Set: 0.8ms
[2020-12-28T06:53:59.064-0500][gc,phases      ] GC(23418)   Other: 0.2ms
[2020-12-28T06:53:59.064-0500][gc,heap        ] GC(23418) Eden regions: 9->0(8)
[2020-12-28T06:53:59.064-0500][gc,heap        ] GC(23418) Survivor regions: 0->1(2)
[2020-12-28T06:53:59.064-0500][gc,heap        ] GC(23418) Old regions: 42->42
[2020-12-28T06:53:59.064-0500][gc,heap        ] GC(23418) Humongous regions: 4->4
[2020-12-28T06:53:59.064-0500][gc,metaspace   ] GC(23418) Metaspace: 50313K->50313K(1093632K)
[2020-12-28T06:53:59.064-0500][gc,heap        ] GC(23418) Heap after GC invocations=23419 (full 5356): garbage-first heap   total 64512K, used 43363K [0x0000000083000000, 0x0000000100000000)
[2020-12-28T06:53:59.064-0500][gc,heap        ] GC(23418)   region size 1024K, 1 young (1024K), 1 survivors (1024K)
[2020-12-28T06:53:59.064-0500][gc,heap        ] GC(23418)  Metaspace       used 50313K, capacity 52468K, committed 53888K, reserved 1093632K
[2020-12-28T06:53:59.064-0500][gc,heap        ] GC(23418)   class space    used 7457K, capacity 8250K, committed 8832K, reserved 1048576K
[2020-12-28T06:53:59.064-0500][gc             ] GC(23418) Pause Young (Normal) (G1 Evacuation Pause) 51M->42M(63M) 2.107ms
[2020-12-28T06:53:59.064-0500][gc,cpu         ] GC(23418) User=0.01s Sys=0.01s Real=0.00s
[2020-12-28T06:55:59.069-0500][gc,heap        ] GC(23419) Heap before GC invocations=23419 (full 5356): garbage-first heap   total 64512K, used 51555K [0x0000000083000000, 0x0000000100000000)
[2020-12-28T06:55:59.069-0500][gc,heap        ] GC(23419)   region size 1024K, 9 young (9216K), 1 survivors (1024K)
[2020-12-28T06:55:59.069-0500][gc,heap        ] GC(23419)  Metaspace       used 50313K, capacity 52468K, committed 53888K, reserved 1093632K
[2020-12-28T06:55:59.069-0500][gc,heap        ] GC(23419)   class space    used 7457K, capacity 8250K, committed 8832K, reserved 1048576K
[2020-12-28T06:55:59.069-0500][gc,start       ] GC(23419) Pause Young (Normal) (G1 Evacuation Pause)
[2020-12-28T06:55:59.069-0500][gc,task        ] GC(23419) Using 8 workers of 8 for evacuation
[2020-12-28T06:55:59.073-0500][gc,phases      ] GC(23419)   Pre Evacuate Collection Set: 0.0ms
[2020-12-28T06:55:59.073-0500][gc,phases      ] GC(23419)   Evacuate Collection Set: 1.2ms
[2020-12-28T06:55:59.073-0500][gc,phases      ] GC(23419)   Post Evacuate Collection Set: 2.9ms
[2020-12-28T06:55:59.073-0500][gc,phases      ] GC(23419)   Other: 0.5ms
[2020-12-28T06:55:59.073-0500][gc,heap        ] GC(23419) Eden regions: 8->0(8)
[2020-12-28T06:55:59.073-0500][gc,heap        ] GC(23419) Survivor regions: 1->1(2)
[2020-12-28T06:55:59.073-0500][gc,heap        ] GC(23419) Old regions: 42->42
[2020-12-28T06:55:59.073-0500][gc,heap        ] GC(23419) Humongous regions: 4->4
[2020-12-28T06:55:59.073-0500][gc,metaspace   ] GC(23419) Metaspace: 50313K->50313K(1093632K)
[2020-12-28T06:55:59.073-0500][gc,heap        ] GC(23419) Heap after GC invocations=23420 (full 5356): garbage-first heap   total 64512K, used 43366K [0x0000000083000000, 0x0000000100000000)
[2020-12-28T06:55:59.073-0500][gc,heap        ] GC(23419)   region size 1024K, 1 young (1024K), 1 survivors (1024K)
[2020-12-28T06:55:59.073-0500][gc,heap        ] GC(23419)  Metaspace       used 50313K, capacity 52468K, committed 53888K, reserved 1093632K
[2020-12-28T06:55:59.073-0500][gc,heap        ] GC(23419)   class space    used 7457K, capacity 8250K, committed 8832K, reserved 1048576K
[2020-12-28T06:55:59.073-0500][gc             ] GC(23419) Pause Young (Normal) (G1 Evacuation Pause) 50M->42M(63M) 4.700ms
[2020-12-28T06:55:59.074-0500][gc,cpu         ] GC(23419) User=0.01s Sys=0.01s Real=0.00s
[2020-12-28T06:56:45.190-0500][gc,task        ] GC(23420) Using 5 workers of 8 for full compaction
[2020-12-28T06:56:45.190-0500][gc,start       ] GC(23420) Pause Full (System.gc())
[2020-12-28T06:56:45.191-0500][gc,heap        ] GC(23420) Heap before GC invocations=23420 (full 5356): garbage-first heap   total 64512K, used 44390K [0x0000000083000000, 0x0000000100000000)
[2020-12-28T06:56:45.191-0500][gc,heap        ] GC(23420)   region size 1024K, 4 young (4096K), 1 survivors (1024K)
[2020-12-28T06:56:45.191-0500][gc,heap        ] GC(23420)  Metaspace       used 50313K, capacity 52468K, committed 53888K, reserved 1093632K
[2020-12-28T06:56:45.191-0500][gc,heap        ] GC(23420)   class space    used 7457K, capacity 8250K, committed 8832K, reserved 1048576K
[2020-12-28T06:56:45.191-0500][gc,phases,start] GC(23420) Phase 1: Mark live objects
[2020-12-28T06:56:45.230-0500][gc,stringtable ] GC(23420) Cleaned string and symbol table, strings: 33317 processed, 4 removed, symbols: 120973 processed, 0 removed
[2020-12-28T06:56:45.230-0500][gc,phases      ] GC(23420) Phase 1: Mark live objects 38.948ms
[2020-12-28T06:56:45.230-0500][gc,phases,start] GC(23420) Phase 2: Prepare for compaction
[2020-12-28T06:56:45.235-0500][gc,phases      ] GC(23420) Phase 2: Prepare for compaction 4.608ms
[2020-12-28T06:56:45.235-0500][gc,phases,start] GC(23420) Phase 3: Adjust pointers
[2020-12-28T06:56:45.247-0500][gc,phases      ] GC(23420) Phase 3: Adjust pointers 11.589ms
[2020-12-28T06:56:45.247-0500][gc,phases,start] GC(23420) Phase 4: Compact heap
[2020-12-28T06:56:45.249-0500][gc,phases      ] GC(23420) Phase 4: Compact heap 2.290ms
[2020-12-28T06:56:45.253-0500][gc,heap        ] GC(23420) Eden regions: 3->0(10)
[2020-12-28T06:56:45.253-0500][gc,heap        ] GC(23420) Survivor regions: 1->0(2)
[2020-12-28T06:56:45.253-0500][gc,heap        ] GC(23420) Old regions: 42->41
[2020-12-28T06:56:45.253-0500][gc,heap        ] GC(23420) Humongous regions: 4->4
[2020-12-28T06:56:45.253-0500][gc,metaspace   ] GC(23420) Metaspace: 50313K->50313K(1093632K)
[2020-12-28T06:56:45.253-0500][gc,heap        ] GC(23420) Heap after GC invocations=23421 (full 5357): garbage-first heap   total 64512K, used 43325K [0x0000000083000000, 0x0000000100000000)
[2020-12-28T06:56:45.253-0500][gc,heap        ] GC(23420)   region size 1024K, 0 young (0K), 0 survivors (0K)
[2020-12-28T06:56:45.253-0500][gc,heap        ] GC(23420)  Metaspace       used 50313K, capacity 52468K, committed 53888K, reserved 1093632K
[2020-12-28T06:56:45.253-0500][gc,heap        ] GC(23420)   class space    used 7457K, capacity 8250K, committed 8832K, reserved 1048576K
[2020-12-28T06:56:45.253-0500][gc             ] GC(23420) Pause Full (System.gc()) 45M->42M(63M) 62.927ms
[2020-12-28T06:56:45.253-0500][gc,cpu         ] GC(23420) User=0.27s Sys=0.00s Real=0.06s
[2020-12-28T06:59:18.906-0500][gc,heap        ] GC(23421) Heap before GC invocations=23421 (full 5357): garbage-first heap   total 64512K, used 53565K [0x0000000083000000, 0x0000000100000000)
[2020-12-28T06:59:18.906-0500][gc,heap        ] GC(23421)   region size 1024K, 10 young (10240K), 0 survivors (0K)
[2020-12-28T06:59:18.906-0500][gc,heap        ] GC(23421)  Metaspace       used 50313K, capacity 52468K, committed 53888K, reserved 1093632K
[2020-12-28T06:59:18.906-0500][gc,heap        ] GC(23421)   class space    used 7457K, capacity 8250K, committed 8832K, reserved 1048576K
[2020-12-28T06:59:18.906-0500][gc,start       ] GC(23421) Pause Young (Normal) (G1 Evacuation Pause)
[2020-12-28T06:59:18.906-0500][gc,task        ] GC(23421) Using 8 workers of 8 for evacuation
[2020-12-28T06:59:18.907-0500][gc,phases      ] GC(23421)   Pre Evacuate Collection Set: 0.0ms
[2020-12-28T06:59:18.907-0500][gc,phases      ] GC(23421)   Evacuate Collection Set: 0.5ms
[2020-12-28T06:59:18.907-0500][gc,phases      ] GC(23421)   Post Evacuate Collection Set: 0.9ms
[2020-12-28T06:59:18.907-0500][gc,phases      ] GC(23421)   Other: 0.2ms
[2020-12-28T06:59:18.907-0500][gc,heap        ] GC(23421) Eden regions: 10->0(9)
[2020-12-28T06:59:18.907-0500][gc,heap        ] GC(23421) Survivor regions: 0->1(2)
[2020-12-28T06:59:18.907-0500][gc,heap        ] GC(23421) Old regions: 41->41
[2020-12-28T06:59:18.907-0500][gc,heap        ] GC(23421) Humongous regions: 4->4
[2020-12-28T06:59:18.907-0500][gc,metaspace   ] GC(23421) Metaspace: 50313K->50313K(1093632K)
[2020-12-28T06:59:18.907-0500][gc,heap        ] GC(23421) Heap after GC invocations=23422 (full 5357): garbage-first heap   total 64512K, used 43391K [0x0000000083000000, 0x0000000100000000)
[2020-12-28T06:59:18.907-0500][gc,heap        ] GC(23421)   region size 1024K, 1 young (1024K), 1 survivors (1024K)
[2020-12-28T06:59:18.907-0500][gc,heap        ] GC(23421)  Metaspace       used 50313K, capacity 52468K, committed 53888K, reserved 1093632K
[2020-12-28T06:59:18.907-0500][gc,heap        ] GC(23421)   class space    used 7457K, capacity 8250K, committed 8832K, reserved 1048576K
[2020-12-28T06:59:18.907-0500][gc             ] GC(23421) Pause Young (Normal) (G1 Evacuation Pause) 52M->42M(63M) 1.615ms
[2020-12-28T06:59:18.907-0500][gc,cpu         ] GC(23421) User=0.01s Sys=0.00s Real=0.00s
[2020-12-28T07:01:29.454-0500][gc,heap        ] GC(23422) Heap before GC invocations=23422 (full 5357): garbage-first heap   total 64512K, used 51583K [0x0000000083000000, 0x0000000100000000)
[2020-12-28T07:01:29.454-0500][gc,heap        ] GC(23422)   region size 1024K, 10 young (10240K), 1 survivors (1024K)
[2020-12-28T07:01:29.454-0500][gc,heap        ] GC(23422)  Metaspace       used 50313K, capacity 52468K, committed 53888K, reserved 1093632K
[2020-12-28T07:01:29.454-0500][gc,heap        ] GC(23422)   class space    used 7457K, capacity 8250K, committed 8832K, reserved 1048576K
[2020-12-28T07:01:29.454-0500][gc,start       ] GC(23422) Pause Young (Normal) (G1 Evacuation Pause)
[2020-12-28T07:01:29.454-0500][gc,task        ] GC(23422) Using 8 workers of 8 for evacuation
[2020-12-28T07:01:29.459-0500][gc,phases      ] GC(23422)   Pre Evacuate Collection Set: 0.0ms
[2020-12-28T07:01:29.459-0500][gc,phases      ] GC(23422)   Evacuate Collection Set: 0.5ms
[2020-12-28T07:01:29.459-0500][gc,phases      ] GC(23422)   Post Evacuate Collection Set: 4.9ms
[2020-12-28T07:01:29.459-0500][gc,phases      ] GC(23422)   Other: 0.2ms
[2020-12-28T07:01:29.459-0500][gc,heap        ] GC(23422) Eden regions: 9->0(9)
[2020-12-28T07:01:29.459-0500][gc,heap        ] GC(23422) Survivor regions: 1->1(2)
[2020-12-28T07:01:29.459-0500][gc,heap        ] GC(23422) Old regions: 41->41
[2020-12-28T07:01:29.459-0500][gc,heap        ] GC(23422) Humongous regions: 4->4
[2020-12-28T07:01:29.459-0500][gc,metaspace   ] GC(23422) Metaspace: 50313K->50313K(1093632K)
[2020-12-28T07:01:29.459-0500][gc,heap        ] GC(23422) Heap after GC invocations=23423 (full 5357): garbage-first heap   total 64512K, used 43380K [0x0000000083000000, 0x0000000100000000)
[2020-12-28T07:01:29.459-0500][gc,heap        ] GC(23422)   region size 1024K, 1 young (1024K), 1 survivors (1024K)
[2020-12-28T07:01:29.459-0500][gc,heap        ] GC(23422)  Metaspace       used 50313K, capacity 52468K, committed 53888K, reserved 1093632K
[2020-12-28T07:01:29.459-0500][gc,heap        ] GC(23422)   class space    used 7457K, capacity 8250K, committed 8832K, reserved 1048576K
[2020-12-28T07:01:29.459-0500][gc             ] GC(23422) Pause Young (Normal) (G1 Evacuation Pause) 51M->42M(63M) 5.686ms
[2020-12-28T07:01:29.459-0500][gc,cpu         ] GC(23422) User=0.01s Sys=0.01s Real=0.01s
[2020-12-28T07:01:45.192-0500][gc,task        ] GC(23423) Using 5 workers of 8 for full compaction
[2020-12-28T07:01:45.192-0500][gc,start       ] GC(23423) Pause Full (System.gc())
[2020-12-28T07:01:45.192-0500][gc,heap        ] GC(23423) Heap before GC invocations=23423 (full 5357): garbage-first heap   total 64512K, used 43380K [0x0000000083000000, 0x0000000100000000)
[2020-12-28T07:01:45.192-0500][gc,heap        ] GC(23423)   region size 1024K, 2 young (2048K), 1 survivors (1024K)
[2020-12-28T07:01:45.192-0500][gc,heap        ] GC(23423)  Metaspace       used 50313K, capacity 52468K, committed 53888K, reserved 1093632K
[2020-12-28T07:01:45.192-0500][gc,heap        ] GC(23423)   class space    used 7457K, capacity 8250K, committed 8832K, reserved 1048576K
[2020-12-28T07:01:45.193-0500][gc,phases,start] GC(23423) Phase 1: Mark live objects
[2020-12-28T07:01:45.230-0500][gc,stringtable ] GC(23423) Cleaned string and symbol table, strings: 33317 processed, 4 removed, symbols: 120973 processed, 0 removed
[2020-12-28T07:01:45.230-0500][gc,phases      ] GC(23423) Phase 1: Mark live objects 37.605ms
[2020-12-28T07:01:45.230-0500][gc,phases,start] GC(23423) Phase 2: Prepare for compaction
[2020-12-28T07:01:45.234-0500][gc,phases      ] GC(23423) Phase 2: Prepare for compaction 3.770ms
[2020-12-28T07:01:45.234-0500][gc,phases,start] GC(23423) Phase 3: Adjust pointers
[2020-12-28T07:01:45.246-0500][gc,phases      ] GC(23423) Phase 3: Adjust pointers 12.305ms
[2020-12-28T07:01:45.247-0500][gc,phases,start] GC(23423) Phase 4: Compact heap
[2020-12-28T07:01:45.250-0500][gc,phases      ] GC(23423) Phase 4: Compact heap 3.025ms
[2020-12-28T07:01:45.254-0500][gc,heap        ] GC(23423) Eden regions: 1->0(10)
[2020-12-28T07:01:45.254-0500][gc,heap        ] GC(23423) Survivor regions: 1->0(2)
[2020-12-28T07:01:45.254-0500][gc,heap        ] GC(23423) Old regions: 41->41
[2020-12-28T07:01:45.254-0500][gc,heap        ] GC(23423) Humongous regions: 4->4
[2020-12-28T07:01:45.254-0500][gc,metaspace   ] GC(23423) Metaspace: 50313K->50313K(1093632K)
[2020-12-28T07:01:45.254-0500][gc,heap        ] GC(23423) Heap after GC invocations=23424 (full 5358): garbage-first heap   total 64512K, used 43312K [0x0000000083000000, 0x0000000100000000)
[2020-12-28T07:01:45.254-0500][gc,heap        ] GC(23423)   region size 1024K, 0 young (0K), 0 survivors (0K)
[2020-12-28T07:01:45.254-0500][gc,heap        ] GC(23423)  Metaspace       used 50313K, capacity 52468K, committed 53888K, reserved 1093632K
[2020-12-28T07:01:45.254-0500][gc,heap        ] GC(23423)   class space    used 7457K, capacity 8250K, committed 8832K, reserved 1048576K
[2020-12-28T07:01:45.254-0500][gc             ] GC(23423) Pause Full (System.gc()) 43M->42M(63M) 62.178ms
[2020-12-28T07:01:45.254-0500][gc,cpu         ] GC(23423) User=0.27s Sys=0.00s Real=0.06s
[2020-12-28T07:04:09.060-0500][gc,heap        ] GC(23424) Heap before GC invocations=23424 (full 5358): garbage-first heap   total 64512K, used 52528K [0x0000000083000000, 0x0000000100000000)
[2020-12-28T07:04:09.060-0500][gc,heap        ] GC(23424)   region size 1024K, 10 young (10240K), 0 survivors (0K)
[2020-12-28T07:04:09.060-0500][gc,heap        ] GC(23424)  Metaspace       used 50313K, capacity 52468K, committed 53888K, reserved 1093632K
[2020-12-28T07:04:09.060-0500][gc,heap        ] GC(23424)   class space    used 7457K, capacity 8250K, committed 8832K, reserved 1048576K
[2020-12-28T07:04:09.060-0500][gc,start       ] GC(23424) Pause Young (Normal) (G1 Evacuation Pause)
[2020-12-28T07:04:09.060-0500][gc,task        ] GC(23424) Using 8 workers of 8 for evacuation
[2020-12-28T07:04:09.063-0500][gc,phases      ] GC(23424)   Pre Evacuate Collection Set: 0.0ms
[2020-12-28T07:04:09.063-0500][gc,phases      ] GC(23424)   Evacuate Collection Set: 0.8ms
[2020-12-28T07:04:09.063-0500][gc,phases      ] GC(23424)   Post Evacuate Collection Set: 1.7ms
[2020-12-28T07:04:09.063-0500][gc,phases      ] GC(23424)   Other: 0.2ms
[2020-12-28T07:04:09.063-0500][gc,heap        ] GC(23424) Eden regions: 10->0(9)
[2020-12-28T07:04:09.063-0500][gc,heap        ] GC(23424) Survivor regions: 0->1(2)
[2020-12-28T07:04:09.063-0500][gc,heap        ] GC(23424) Old regions: 41->41
[2020-12-28T07:04:09.063-0500][gc,heap        ] GC(23424) Humongous regions: 4->4
[2020-12-28T07:04:09.063-0500][gc,metaspace   ] GC(23424) Metaspace: 50313K->50313K(1093632K)
[2020-12-28T07:04:09.063-0500][gc,heap        ] GC(23424) Heap after GC invocations=23425 (full 5358): garbage-first heap   total 64512K, used 43389K [0x0000000083000000, 0x0000000100000000)
[2020-12-28T07:04:09.063-0500][gc,heap        ] GC(23424)   region size 1024K, 1 young (1024K), 1 survivors (1024K)
[2020-12-28T07:04:09.063-0500][gc,heap        ] GC(23424)  Metaspace       used 50313K, capacity 52468K, committed 53888K, reserved 1093632K
[2020-12-28T07:04:09.063-0500][gc,heap        ] GC(23424)   class space    used 7457K, capacity 8250K, committed 8832K, reserved 1048576K
[2020-12-28T07:04:09.063-0500][gc             ] GC(23424) Pause Young (Normal) (G1 Evacuation Pause) 52M->42M(63M) 2.747ms
[2020-12-28T07:04:09.063-0500][gc,cpu         ] GC(23424) User=0.01s Sys=0.01s Real=0.00s
[2020-12-28T07:06:29.061-0500][gc,heap        ] GC(23425) Heap before GC invocations=23425 (full 5358): garbage-first heap   total 64512K, used 51581K [0x0000000083000000, 0x0000000100000000)
[2020-12-28T07:06:29.061-0500][gc,heap        ] GC(23425)   region size 1024K, 10 young (10240K), 1 survivors (1024K)
[2020-12-28T07:06:29.061-0500][gc,heap        ] GC(23425)  Metaspace       used 50313K, capacity 52468K, committed 53888K, reserved 1093632K
[2020-12-28T07:06:29.062-0500][gc,heap        ] GC(23425)   class space    used 7457K, capacity 8250K, committed 8832K, reserved 1048576K
[2020-12-28T07:06:29.062-0500][gc,start       ] GC(23425) Pause Young (Normal) (G1 Evacuation Pause)
[2020-12-28T07:06:29.062-0500][gc,task        ] GC(23425) Using 8 workers of 8 for evacuation
[2020-12-28T07:06:29.067-0500][gc,phases      ] GC(23425)   Pre Evacuate Collection Set: 0.0ms
[2020-12-28T07:06:29.067-0500][gc,phases      ] GC(23425)   Evacuate Collection Set: 1.8ms
[2020-12-28T07:06:29.067-0500][gc,phases      ] GC(23425)   Post Evacuate Collection Set: 3.0ms
[2020-12-28T07:06:29.067-0500][gc,phases      ] GC(23425)   Other: 0.5ms
[2020-12-28T07:06:29.067-0500][gc,heap        ] GC(23425) Eden regions: 9->0(9)
[2020-12-28T07:06:29.067-0500][gc,heap        ] GC(23425) Survivor regions: 1->1(2)
[2020-12-28T07:06:29.067-0500][gc,heap        ] GC(23425) Old regions: 41->41
[2020-12-28T07:06:29.067-0500][gc,heap        ] GC(23425) Humongous regions: 4->4
[2020-12-28T07:06:29.067-0500][gc,metaspace   ] GC(23425) Metaspace: 50313K->50313K(1093632K)
[2020-12-28T07:06:29.067-0500][gc,heap        ] GC(23425) Heap after GC invocations=23426 (full 5358): garbage-first heap   total 64512K, used 43396K [0x0000000083000000, 0x0000000100000000)
[2020-12-28T07:06:29.067-0500][gc,heap        ] GC(23425)   region size 1024K, 1 young (1024K), 1 survivors (1024K)
[2020-12-28T07:06:29.067-0500][gc,heap        ] GC(23425)  Metaspace       used 50313K, capacity 52468K, committed 53888K, reserved 1093632K
[2020-12-28T07:06:29.067-0500][gc,heap        ] GC(23425)   class space    used 7457K, capacity 8250K, committed 8832K, reserved 1048576K
[2020-12-28T07:06:29.067-0500][gc             ] GC(23425) Pause Young (Normal) (G1 Evacuation Pause) 51M->42M(63M) 5.379ms
[2020-12-28T07:06:29.067-0500][gc,cpu         ] GC(23425) User=0.01s Sys=0.01s Real=0.00s
[2020-12-28T07:06:45.191-0500][gc,task        ] GC(23426) Using 5 workers of 8 for full compaction
[2020-12-28T07:06:45.191-0500][gc,start       ] GC(23426) Pause Full (System.gc())
[2020-12-28T07:06:45.191-0500][gc,heap        ] GC(23426) Heap before GC invocations=23426 (full 5358): garbage-first heap   total 64512K, used 44420K [0x0000000083000000, 0x0000000100000000)
[2020-12-28T07:06:45.191-0500][gc,heap        ] GC(23426)   region size 1024K, 3 young (3072K), 1 survivors (1024K)
[2020-12-28T07:06:45.191-0500][gc,heap        ] GC(23426)  Metaspace       used 50313K, capacity 52468K, committed 53888K, reserved 1093632K
[2020-12-28T07:06:45.191-0500][gc,heap        ] GC(23426)   class space    used 7457K, capacity 8250K, committed 8832K, reserved 1048576K
[2020-12-28T07:06:45.192-0500][gc,phases,start] GC(23426) Phase 1: Mark live objects
[2020-12-28T07:06:45.233-0500][gc,stringtable ] GC(23426) Cleaned string and symbol table, strings: 33317 processed, 4 removed, symbols: 120973 processed, 0 removed
[2020-12-28T07:06:45.233-0500][gc,phases      ] GC(23426) Phase 1: Mark live objects 40.775ms
[2020-12-28T07:06:45.233-0500][gc,phases,start] GC(23426) Phase 2: Prepare for compaction
[2020-12-28T07:06:45.236-0500][gc,phases      ] GC(23426) Phase 2: Prepare for compaction 3.616ms
[2020-12-28T07:06:45.236-0500][gc,phases,start] GC(23426) Phase 3: Adjust pointers
[2020-12-28T07:06:45.247-0500][gc,phases      ] GC(23426) Phase 3: Adjust pointers 10.322ms
[2020-12-28T07:06:45.247-0500][gc,phases,start] GC(23426) Phase 4: Compact heap
[2020-12-28T07:06:45.250-0500][gc,phases      ] GC(23426) Phase 4: Compact heap 2.817ms
[2020-12-28T07:06:45.254-0500][gc,heap        ] GC(23426) Eden regions: 2->0(10)
[2020-12-28T07:06:45.254-0500][gc,heap        ] GC(23426) Survivor regions: 1->0(2)
[2020-12-28T07:06:45.254-0500][gc,heap        ] GC(23426) Old regions: 41->41
[2020-12-28T07:06:45.254-0500][gc,heap        ] GC(23426) Humongous regions: 4->4
[2020-12-28T07:06:45.254-0500][gc,metaspace   ] GC(23426) Metaspace: 50313K->50313K(1093632K)
[2020-12-28T07:06:45.254-0500][gc,heap        ] GC(23426) Heap after GC invocations=23427 (full 5359): garbage-first heap   total 64512K, used 43312K [0x0000000083000000, 0x0000000100000000)
[2020-12-28T07:06:45.254-0500][gc,heap        ] GC(23426)   region size 1024K, 0 young (0K), 0 survivors (0K)
[2020-12-28T07:06:45.254-0500][gc,heap        ] GC(23426)  Metaspace       used 50313K, capacity 52468K, committed 53888K, reserved 1093632K
[2020-12-28T07:06:45.254-0500][gc,heap        ] GC(23426)   class space    used 7457K, capacity 8250K, committed 8832K, reserved 1048576K
[2020-12-28T07:06:45.254-0500][gc             ] GC(23426) Pause Full (System.gc()) 43M->42M(63M) 62.671ms
[2020-12-28T07:06:45.254-0500][gc,cpu         ] GC(23426) User=0.27s Sys=0.00s Real=0.06s
[2020-12-28T07:09:05.207-0500][gc,heap        ] GC(23427) Heap before GC invocations=23427 (full 5359): garbage-first heap   total 64512K, used 52528K [0x0000000083000000, 0x0000000100000000)
[2020-12-28T07:09:05.207-0500][gc,heap        ] GC(23427)   region size 1024K, 10 young (10240K), 0 survivors (0K)
[2020-12-28T07:09:05.207-0500][gc,heap        ] GC(23427)  Metaspace       used 50313K, capacity 52468K, committed 53888K, reserved 1093632K
[2020-12-28T07:09:05.207-0500][gc,heap        ] GC(23427)   class space    used 7457K, capacity 8250K, committed 8832K, reserved 1048576K
[2020-12-28T07:09:05.207-0500][gc,start       ] GC(23427) Pause Young (Normal) (G1 Evacuation Pause)
[2020-12-28T07:09:05.207-0500][gc,task        ] GC(23427) Using 8 workers of 8 for evacuation
[2020-12-28T07:09:05.212-0500][gc,phases      ] GC(23427)   Pre Evacuate Collection Set: 0.0ms
[2020-12-28T07:09:05.212-0500][gc,phases      ] GC(23427)   Evacuate Collection Set: 3.4ms
[2020-12-28T07:09:05.212-0500][gc,phases      ] GC(23427)   Post Evacuate Collection Set: 2.1ms
[2020-12-28T07:09:05.213-0500][gc,phases      ] GC(23427)   Other: 0.5ms
[2020-12-28T07:09:05.213-0500][gc,heap        ] GC(23427) Eden regions: 10->0(9)
[2020-12-28T07:09:05.213-0500][gc,heap        ] GC(23427) Survivor regions: 0->1(2)
[2020-12-28T07:09:05.213-0500][gc,heap        ] GC(23427) Old regions: 41->41
[2020-12-28T07:09:05.213-0500][gc,heap        ] GC(23427) Humongous regions: 4->4
[2020-12-28T07:09:05.213-0500][gc,metaspace   ] GC(23427) Metaspace: 50313K->50313K(1093632K)
[2020-12-28T07:09:05.213-0500][gc,heap        ] GC(23427) Heap after GC invocations=23428 (full 5359): garbage-first heap   total 64512K, used 43406K [0x0000000083000000, 0x0000000100000000)
[2020-12-28T07:09:05.213-0500][gc,heap        ] GC(23427)   region size 1024K, 1 young (1024K), 1 survivors (1024K)
[2020-12-28T07:09:05.213-0500][gc,heap        ] GC(23427)  Metaspace       used 50313K, capacity 52468K, committed 53888K, reserved 1093632K
[2020-12-28T07:09:05.213-0500][gc,heap        ] GC(23427)   class space    used 7457K, capacity 8250K, committed 8832K, reserved 1048576K
[2020-12-28T07:09:05.213-0500][gc             ] GC(23427) Pause Young (Normal) (G1 Evacuation Pause) 52M->42M(63M) 6.070ms
[2020-12-28T07:09:05.213-0500][gc,cpu         ] GC(23427) User=0.01s Sys=0.01s Real=0.01s
[2020-12-28T07:11:19.068-0500][gc,heap        ] GC(23428) Heap before GC invocations=23428 (full 5359): garbage-first heap   total 64512K, used 51598K [0x0000000083000000, 0x0000000100000000)
[2020-12-28T07:11:19.068-0500][gc,heap        ] GC(23428)   region size 1024K, 10 young (10240K), 1 survivors (1024K)
[2020-12-28T07:11:19.068-0500][gc,heap        ] GC(23428)  Metaspace       used 50313K, capacity 52468K, committed 53888K, reserved 1093632K
[2020-12-28T07:11:19.068-0500][gc,heap        ] GC(23428)   class space    used 7457K, capacity 8250K, committed 8832K, reserved 1048576K
[2020-12-28T07:11:19.068-0500][gc,start       ] GC(23428) Pause Young (Normal) (G1 Evacuation Pause)
[2020-12-28T07:11:19.068-0500][gc,task        ] GC(23428) Using 8 workers of 8 for evacuation
[2020-12-28T07:11:19.075-0500][gc,phases      ] GC(23428)   Pre Evacuate Collection Set: 0.0ms
[2020-12-28T07:11:19.075-0500][gc,phases      ] GC(23428)   Evacuate Collection Set: 4.3ms
[2020-12-28T07:11:19.075-0500][gc,phases      ] GC(23428)   Post Evacuate Collection Set: 2.4ms
[2020-12-28T07:11:19.075-0500][gc,phases      ] GC(23428)   Other: 0.4ms
[2020-12-28T07:11:19.075-0500][gc,heap        ] GC(23428) Eden regions: 9->0(9)
[2020-12-28T07:11:19.075-0500][gc,heap        ] GC(23428) Survivor regions: 1->1(2)
[2020-12-28T07:11:19.075-0500][gc,heap        ] GC(23428) Old regions: 41->41
[2020-12-28T07:11:19.075-0500][gc,heap        ] GC(23428) Humongous regions: 4->4
[2020-12-28T07:11:19.075-0500][gc,metaspace   ] GC(23428) Metaspace: 50313K->50313K(1093632K)
[2020-12-28T07:11:19.075-0500][gc,heap        ] GC(23428) Heap after GC invocations=23429 (full 5359): garbage-first heap   total 64512K, used 43377K [0x0000000083000000, 0x0000000100000000)
[2020-12-28T07:11:19.075-0500][gc,heap        ] GC(23428)   region size 1024K, 1 young (1024K), 1 survivors (1024K)
[2020-12-28T07:11:19.075-0500][gc,heap        ] GC(23428)  Metaspace       used 50313K, capacity 52468K, committed 53888K, reserved 1093632K
[2020-12-28T07:11:19.075-0500][gc,heap        ] GC(23428)   class space    used 7457K, capacity 8250K, committed 8832K, reserved 1048576K
[2020-12-28T07:11:19.075-0500][gc             ] GC(23428) Pause Young (Normal) (G1 Evacuation Pause) 51M->42M(63M) 7.225ms
[2020-12-28T07:11:19.076-0500][gc,cpu         ] GC(23428) User=0.03s Sys=0.00s Real=0.00s
[2020-12-28T07:11:45.190-0500][gc,task        ] GC(23429) Using 5 workers of 8 for full compaction
[2020-12-28T07:11:45.190-0500][gc,start       ] GC(23429) Pause Full (System.gc())
[2020-12-28T07:11:45.190-0500][gc,heap        ] GC(23429) Heap before GC invocations=23429 (full 5359): garbage-first heap   total 64512K, used 43377K [0x0000000083000000, 0x0000000100000000)
[2020-12-28T07:11:45.190-0500][gc,heap        ] GC(23429)   region size 1024K, 3 young (3072K), 1 survivors (1024K)
[2020-12-28T07:11:45.190-0500][gc,heap        ] GC(23429)  Metaspace       used 50313K, capacity 52468K, committed 53888K, reserved 1093632K
[2020-12-28T07:11:45.190-0500][gc,heap        ] GC(23429)   class space    used 7457K, capacity 8250K, committed 8832K, reserved 1048576K
[2020-12-28T07:11:45.191-0500][gc,phases,start] GC(23429) Phase 1: Mark live objects
[2020-12-28T07:11:45.231-0500][gc,stringtable ] GC(23429) Cleaned string and symbol table, strings: 33317 processed, 4 removed, symbols: 120973 processed, 0 removed
[2020-12-28T07:11:45.231-0500][gc,phases      ] GC(23429) Phase 1: Mark live objects 40.577ms
[2020-12-28T07:11:45.231-0500][gc,phases,start] GC(23429) Phase 2: Prepare for compaction
[2020-12-28T07:11:45.234-0500][gc,phases      ] GC(23429) Phase 2: Prepare for compaction 3.036ms
[2020-12-28T07:11:45.234-0500][gc,phases,start] GC(23429) Phase 3: Adjust pointers
[2020-12-28T07:11:45.244-0500][gc,phases      ] GC(23429) Phase 3: Adjust pointers 10.196ms
[2020-12-28T07:11:45.245-0500][gc,phases,start] GC(23429) Phase 4: Compact heap
[2020-12-28T07:11:45.247-0500][gc,phases      ] GC(23429) Phase 4: Compact heap 2.318ms
[2020-12-28T07:11:45.251-0500][gc,heap        ] GC(23429) Eden regions: 2->0(9)
[2020-12-28T07:11:45.251-0500][gc,heap        ] GC(23429) Survivor regions: 1->0(2)
[2020-12-28T07:11:45.251-0500][gc,heap        ] GC(23429) Old regions: 41->42
[2020-12-28T07:11:45.251-0500][gc,heap        ] GC(23429) Humongous regions: 4->4
[2020-12-28T07:11:45.251-0500][gc,metaspace   ] GC(23429) Metaspace: 50313K->50313K(1093632K)
[2020-12-28T07:11:45.251-0500][gc,heap        ] GC(23429) Heap after GC invocations=23430 (full 5360): garbage-first heap   total 64512K, used 43314K [0x0000000083000000, 0x0000000100000000)
[2020-12-28T07:11:45.251-0500][gc,heap        ] GC(23429)   region size 1024K, 0 young (0K), 0 survivors (0K)
[2020-12-28T07:11:45.251-0500][gc,heap        ] GC(23429)  Metaspace       used 50313K, capacity 52468K, committed 53888K, reserved 1093632K
[2020-12-28T07:11:45.251-0500][gc,heap        ] GC(23429)   class space    used 7457K, capacity 8250K, committed 8832K, reserved 1048576K
[2020-12-28T07:11:45.251-0500][gc             ] GC(23429) Pause Full (System.gc()) 43M->42M(63M) 61.006ms
[2020-12-28T07:11:45.251-0500][gc,cpu         ] GC(23429) User=0.27s Sys=0.00s Real=0.06s
[2020-12-28T07:13:59.070-0500][gc,heap        ] GC(23430) Heap before GC invocations=23430 (full 5360): garbage-first heap   total 64512K, used 52530K [0x0000000083000000, 0x0000000100000000)
[2020-12-28T07:13:59.070-0500][gc,heap        ] GC(23430)   region size 1024K, 9 young (9216K), 0 survivors (0K)
[2020-12-28T07:13:59.070-0500][gc,heap        ] GC(23430)  Metaspace       used 50313K, capacity 52468K, committed 53888K, reserved 1093632K
[2020-12-28T07:13:59.070-0500][gc,heap        ] GC(23430)   class space    used 7457K, capacity 8250K, committed 8832K, reserved 1048576K
[2020-12-28T07:13:59.070-0500][gc,start       ] GC(23430) Pause Young (Normal) (G1 Evacuation Pause)
[2020-12-28T07:13:59.070-0500][gc,task        ] GC(23430) Using 8 workers of 8 for evacuation
[2020-12-28T07:13:59.079-0500][gc,phases      ] GC(23430)   Pre Evacuate Collection Set: 0.0ms
[2020-12-28T07:13:59.079-0500][gc,phases      ] GC(23430)   Evacuate Collection Set: 4.4ms
[2020-12-28T07:13:59.079-0500][gc,phases      ] GC(23430)   Post Evacuate Collection Set: 3.8ms
[2020-12-28T07:13:59.079-0500][gc,phases      ] GC(23430)   Other: 0.5ms
[2020-12-28T07:13:59.079-0500][gc,heap        ] GC(23430) Eden regions: 9->0(8)
[2020-12-28T07:13:59.079-0500][gc,heap        ] GC(23430) Survivor regions: 0->1(2)
[2020-12-28T07:13:59.079-0500][gc,heap        ] GC(23430) Old regions: 42->42
[2020-12-28T07:13:59.079-0500][gc,heap        ] GC(23430) Humongous regions: 4->4
[2020-12-28T07:13:59.079-0500][gc,metaspace   ] GC(23430) Metaspace: 50313K->50313K(1093632K)
[2020-12-28T07:13:59.079-0500][gc,heap        ] GC(23430) Heap after GC invocations=23431 (full 5360): garbage-first heap   total 64512K, used 43373K [0x0000000083000000, 0x0000000100000000)
[2020-12-28T07:13:59.079-0500][gc,heap        ] GC(23430)   region size 1024K, 1 young (1024K), 1 survivors (1024K)
[2020-12-28T07:13:59.079-0500][gc,heap        ] GC(23430)  Metaspace       used 50313K, capacity 52468K, committed 53888K, reserved 1093632K
[2020-12-28T07:13:59.079-0500][gc,heap        ] GC(23430)   class space    used 7457K, capacity 8250K, committed 8832K, reserved 1048576K
[2020-12-28T07:13:59.079-0500][gc             ] GC(23430) Pause Young (Normal) (G1 Evacuation Pause) 51M->42M(63M) 8.861ms
[2020-12-28T07:13:59.079-0500][gc,cpu         ] GC(23430) User=0.04s Sys=0.00s Real=0.01s
[2020-12-28T07:16:02.318-0500][gc,heap        ] GC(23431) Heap before GC invocations=23431 (full 5360): garbage-first heap   total 64512K, used 51565K [0x0000000083000000, 0x0000000100000000)
[2020-12-28T07:16:02.318-0500][gc,heap        ] GC(23431)   region size 1024K, 9 young (9216K), 1 survivors (1024K)
[2020-12-28T07:16:02.318-0500][gc,heap        ] GC(23431)  Metaspace       used 50313K, capacity 52468K, committed 53888K, reserved 1093632K
[2020-12-28T07:16:02.318-0500][gc,heap        ] GC(23431)   class space    used 7457K, capacity 8250K, committed 8832K, reserved 1048576K
[2020-12-28T07:16:02.318-0500][gc,start       ] GC(23431) Pause Young (Normal) (G1 Evacuation Pause)
[2020-12-28T07:16:02.318-0500][gc,task        ] GC(23431) Using 8 workers of 8 for evacuation
[2020-12-28T07:16:02.322-0500][gc,phases      ] GC(23431)   Pre Evacuate Collection Set: 0.0ms
[2020-12-28T07:16:02.322-0500][gc,phases      ] GC(23431)   Evacuate Collection Set: 1.6ms
[2020-12-28T07:16:02.322-0500][gc,phases      ] GC(23431)   Post Evacuate Collection Set: 2.4ms
[2020-12-28T07:16:02.322-0500][gc,phases      ] GC(23431)   Other: 0.5ms
[2020-12-28T07:16:02.323-0500][gc,heap        ] GC(23431) Eden regions: 8->0(8)
[2020-12-28T07:16:02.323-0500][gc,heap        ] GC(23431) Survivor regions: 1->1(2)
[2020-12-28T07:16:02.323-0500][gc,heap        ] GC(23431) Old regions: 42->42
[2020-12-28T07:16:02.323-0500][gc,heap        ] GC(23431) Humongous regions: 4->4
[2020-12-28T07:16:02.323-0500][gc,metaspace   ] GC(23431) Metaspace: 50313K->50313K(1093632K)
[2020-12-28T07:16:02.323-0500][gc,heap        ] GC(23431) Heap after GC invocations=23432 (full 5360): garbage-first heap   total 64512K, used 43370K [0x0000000083000000, 0x0000000100000000)
[2020-12-28T07:16:02.323-0500][gc,heap        ] GC(23431)   region size 1024K, 1 young (1024K), 1 survivors (1024K)
[2020-12-28T07:16:02.323-0500][gc,heap        ] GC(23431)  Metaspace       used 50313K, capacity 52468K, committed 53888K, reserved 1093632K
[2020-12-28T07:16:02.323-0500][gc,heap        ] GC(23431)   class space    used 7457K, capacity 8250K, committed 8832K, reserved 1048576K
[2020-12-28T07:16:02.323-0500][gc             ] GC(23431) Pause Young (Normal) (G1 Evacuation Pause) 50M->42M(63M) 4.569ms
[2020-12-28T07:16:02.323-0500][gc,cpu         ] GC(23431) User=0.00s Sys=0.01s Real=0.00s
[2020-12-28T07:16:45.190-0500][gc,task        ] GC(23432) Using 5 workers of 8 for full compaction
[2020-12-28T07:16:45.190-0500][gc,start       ] GC(23432) Pause Full (System.gc())
[2020-12-28T07:16:45.190-0500][gc,heap        ] GC(23432) Heap before GC invocations=23432 (full 5360): garbage-first heap   total 64512K, used 45418K [0x0000000083000000, 0x0000000100000000)
[2020-12-28T07:16:45.190-0500][gc,heap        ] GC(23432)   region size 1024K, 4 young (4096K), 1 survivors (1024K)
[2020-12-28T07:16:45.190-0500][gc,heap        ] GC(23432)  Metaspace       used 50313K, capacity 52468K, committed 53888K, reserved 1093632K
[2020-12-28T07:16:45.190-0500][gc,heap        ] GC(23432)   class space    used 7457K, capacity 8250K, committed 8832K, reserved 1048576K
[2020-12-28T07:16:45.190-0500][gc,phases,start] GC(23432) Phase 1: Mark live objects
[2020-12-28T07:16:45.219-0500][gc,stringtable ] GC(23432) Cleaned string and symbol table, strings: 33317 processed, 4 removed, symbols: 120973 processed, 0 removed
[2020-12-28T07:16:45.219-0500][gc,phases      ] GC(23432) Phase 1: Mark live objects 28.588ms
[2020-12-28T07:16:45.219-0500][gc,phases,start] GC(23432) Phase 2: Prepare for compaction
[2020-12-28T07:16:45.224-0500][gc,phases      ] GC(23432) Phase 2: Prepare for compaction 4.991ms
[2020-12-28T07:16:45.224-0500][gc,phases,start] GC(23432) Phase 3: Adjust pointers
[2020-12-28T07:16:45.233-0500][gc,phases      ] GC(23432) Phase 3: Adjust pointers 9.056ms
[2020-12-28T07:16:45.233-0500][gc,phases,start] GC(23432) Phase 4: Compact heap
[2020-12-28T07:16:45.236-0500][gc,phases      ] GC(23432) Phase 4: Compact heap 2.495ms
[2020-12-28T07:16:45.240-0500][gc,heap        ] GC(23432) Eden regions: 3->0(10)
[2020-12-28T07:16:45.240-0500][gc,heap        ] GC(23432) Survivor regions: 1->0(2)
[2020-12-28T07:16:45.240-0500][gc,heap        ] GC(23432) Old regions: 42->41
[2020-12-28T07:16:45.240-0500][gc,heap        ] GC(23432) Humongous regions: 4->4
[2020-12-28T07:16:45.240-0500][gc,metaspace   ] GC(23432) Metaspace: 50313K->50313K(1093632K)
[2020-12-28T07:16:45.240-0500][gc,heap        ] GC(23432) Heap after GC invocations=23433 (full 5361): garbage-first heap   total 64512K, used 43321K [0x0000000083000000, 0x0000000100000000)
[2020-12-28T07:16:45.240-0500][gc,heap        ] GC(23432)   region size 1024K, 0 young (0K), 0 survivors (0K)
[2020-12-28T07:16:45.240-0500][gc,heap        ] GC(23432)  Metaspace       used 50313K, capacity 52468K, committed 53888K, reserved 1093632K
[2020-12-28T07:16:45.240-0500][gc,heap        ] GC(23432)   class space    used 7457K, capacity 8250K, committed 8832K, reserved 1048576K
[2020-12-28T07:16:45.240-0500][gc             ] GC(23432) Pause Full (System.gc()) 45M->42M(63M) 49.870ms
[2020-12-28T07:16:45.240-0500][gc,cpu         ] GC(23432) User=0.21s Sys=0.00s Real=0.05s
[2020-12-28T07:19:09.965-0500][gc,heap        ] GC(23433) Heap before GC invocations=23433 (full 5361): garbage-first heap   total 64512K, used 53561K [0x0000000083000000, 0x0000000100000000)
[2020-12-28T07:19:09.965-0500][gc,heap        ] GC(23433)   region size 1024K, 10 young (10240K), 0 survivors (0K)
[2020-12-28T07:19:09.965-0500][gc,heap        ] GC(23433)  Metaspace       used 50313K, capacity 52468K, committed 53888K, reserved 1093632K
[2020-12-28T07:19:09.965-0500][gc,heap        ] GC(23433)   class space    used 7457K, capacity 8250K, committed 8832K, reserved 1048576K
[2020-12-28T07:19:09.965-0500][gc,start       ] GC(23433) Pause Young (Normal) (G1 Evacuation Pause)
[2020-12-28T07:19:09.965-0500][gc,task        ] GC(23433) Using 8 workers of 8 for evacuation
[2020-12-28T07:19:09.973-0500][gc,phases      ] GC(23433)   Pre Evacuate Collection Set: 0.0ms
[2020-12-28T07:19:09.973-0500][gc,phases      ] GC(23433)   Evacuate Collection Set: 5.8ms
[2020-12-28T07:19:09.973-0500][gc,phases      ] GC(23433)   Post Evacuate Collection Set: 1.7ms
[2020-12-28T07:19:09.973-0500][gc,phases      ] GC(23433)   Other: 0.2ms
[2020-12-28T07:19:09.973-0500][gc,heap        ] GC(23433) Eden regions: 10->0(9)
[2020-12-28T07:19:09.973-0500][gc,heap        ] GC(23433) Survivor regions: 0->1(2)
[2020-12-28T07:19:09.973-0500][gc,heap        ] GC(23433) Old regions: 41->41
[2020-12-28T07:19:09.973-0500][gc,heap        ] GC(23433) Humongous regions: 4->4
[2020-12-28T07:19:09.973-0500][gc,metaspace   ] GC(23433) Metaspace: 50313K->50313K(1093632K)
[2020-12-28T07:19:09.973-0500][gc,heap        ] GC(23433) Heap after GC invocations=23434 (full 5361): garbage-first heap   total 64512K, used 43392K [0x0000000083000000, 0x0000000100000000)
[2020-12-28T07:19:09.973-0500][gc,heap        ] GC(23433)   region size 1024K, 1 young (1024K), 1 survivors (1024K)
[2020-12-28T07:19:09.973-0500][gc,heap        ] GC(23433)  Metaspace       used 50313K, capacity 52468K, committed 53888K, reserved 1093632K
[2020-12-28T07:19:09.973-0500][gc,heap        ] GC(23433)   class space    used 7457K, capacity 8250K, committed 8832K, reserved 1048576K
[2020-12-28T07:19:09.973-0500][gc             ] GC(23433) Pause Young (Normal) (G1 Evacuation Pause) 52M->42M(63M) 7.781ms
[2020-12-28T07:19:09.973-0500][gc,cpu         ] GC(23433) User=0.04s Sys=0.01s Real=0.01s
[2020-12-28T07:21:22.906-0500][gc,heap        ] GC(23434) Heap before GC invocations=23434 (full 5361): garbage-first heap   total 64512K, used 51584K [0x0000000083000000, 0x0000000100000000)
[2020-12-28T07:21:22.906-0500][gc,heap        ] GC(23434)   region size 1024K, 10 young (10240K), 1 survivors (1024K)
[2020-12-28T07:21:22.906-0500][gc,heap        ] GC(23434)  Metaspace       used 50313K, capacity 52468K, committed 53888K, reserved 1093632K
[2020-12-28T07:21:22.906-0500][gc,heap        ] GC(23434)   class space    used 7457K, capacity 8250K, committed 8832K, reserved 1048576K
[2020-12-28T07:21:22.906-0500][gc,start       ] GC(23434) Pause Young (Normal) (G1 Evacuation Pause)
[2020-12-28T07:21:22.906-0500][gc,task        ] GC(23434) Using 8 workers of 8 for evacuation
[2020-12-28T07:21:22.930-0500][gc,phases      ] GC(23434)   Pre Evacuate Collection Set: 0.0ms
[2020-12-28T07:21:22.931-0500][gc,phases      ] GC(23434)   Evacuate Collection Set: 1.4ms
[2020-12-28T07:21:22.931-0500][gc,phases      ] GC(23434)   Post Evacuate Collection Set: 22.3ms
[2020-12-28T07:21:22.931-0500][gc,phases      ] GC(23434)   Other: 0.6ms
[2020-12-28T07:21:22.931-0500][gc,heap        ] GC(23434) Eden regions: 9->0(9)
[2020-12-28T07:21:22.931-0500][gc,heap        ] GC(23434) Survivor regions: 1->1(2)
[2020-12-28T07:21:22.931-0500][gc,heap        ] GC(23434) Old regions: 41->41
[2020-12-28T07:21:22.931-0500][gc,heap        ] GC(23434) Humongous regions: 4->4
[2020-12-28T07:21:22.931-0500][gc,metaspace   ] GC(23434) Metaspace: 50313K->50313K(1093632K)
[2020-12-28T07:21:22.931-0500][gc,heap        ] GC(23434) Heap after GC invocations=23435 (full 5361): garbage-first heap   total 64512K, used 43390K [0x0000000083000000, 0x0000000100000000)
[2020-12-28T07:21:22.931-0500][gc,heap        ] GC(23434)   region size 1024K, 1 young (1024K), 1 survivors (1024K)
[2020-12-28T07:21:22.931-0500][gc,heap        ] GC(23434)  Metaspace       used 50313K, capacity 52468K, committed 53888K, reserved 1093632K
[2020-12-28T07:21:22.931-0500][gc,heap        ] GC(23434)   class space    used 7457K, capacity 8250K, committed 8832K, reserved 1048576K
[2020-12-28T07:21:22.932-0500][gc             ] GC(23434) Pause Young (Normal) (G1 Evacuation Pause) 51M->42M(63M) 25.076ms
[2020-12-28T07:21:22.932-0500][gc,cpu         ] GC(23434) User=0.16s Sys=0.00s Real=0.03s
[2020-12-28T07:21:45.190-0500][gc,task        ] GC(23435) Using 5 workers of 8 for full compaction
[2020-12-28T07:21:45.191-0500][gc,start       ] GC(23435) Pause Full (System.gc())
[2020-12-28T07:21:45.191-0500][gc,heap        ] GC(23435) Heap before GC invocations=23435 (full 5361): garbage-first heap   total 64512K, used 44414K [0x0000000083000000, 0x0000000100000000)
[2020-12-28T07:21:45.191-0500][gc,heap        ] GC(23435)   region size 1024K, 3 young (3072K), 1 survivors (1024K)
[2020-12-28T07:21:45.191-0500][gc,heap        ] GC(23435)  Metaspace       used 50313K, capacity 52468K, committed 53888K, reserved 1093632K
[2020-12-28T07:21:45.191-0500][gc,heap        ] GC(23435)   class space    used 7457K, capacity 8250K, committed 8832K, reserved 1048576K
[2020-12-28T07:21:45.191-0500][gc,phases,start] GC(23435) Phase 1: Mark live objects
[2020-12-28T07:21:45.234-0500][gc,stringtable ] GC(23435) Cleaned string and symbol table, strings: 33317 processed, 4 removed, symbols: 120973 processed, 0 removed
[2020-12-28T07:21:45.234-0500][gc,phases      ] GC(23435) Phase 1: Mark live objects 42.481ms
[2020-12-28T07:21:45.234-0500][gc,phases,start] GC(23435) Phase 2: Prepare for compaction
[2020-12-28T07:21:45.237-0500][gc,phases      ] GC(23435) Phase 2: Prepare for compaction 3.078ms
[2020-12-28T07:21:45.237-0500][gc,phases,start] GC(23435) Phase 3: Adjust pointers
[2020-12-28T07:21:45.246-0500][gc,phases      ] GC(23435) Phase 3: Adjust pointers 9.631ms
[2020-12-28T07:21:45.246-0500][gc,phases,start] GC(23435) Phase 4: Compact heap
[2020-12-28T07:21:45.249-0500][gc,phases      ] GC(23435) Phase 4: Compact heap 2.742ms
[2020-12-28T07:21:45.253-0500][gc,heap        ] GC(23435) Eden regions: 2->0(9)
[2020-12-28T07:21:45.253-0500][gc,heap        ] GC(23435) Survivor regions: 1->0(2)
[2020-12-28T07:21:45.253-0500][gc,heap        ] GC(23435) Old regions: 41->42
[2020-12-28T07:21:45.254-0500][gc,heap        ] GC(23435) Humongous regions: 4->4
[2020-12-28T07:21:45.254-0500][gc,metaspace   ] GC(23435) Metaspace: 50313K->50313K(1093632K)
[2020-12-28T07:21:45.254-0500][gc,heap        ] GC(23435) Heap after GC invocations=23436 (full 5362): garbage-first heap   total 64512K, used 43317K [0x0000000083000000, 0x0000000100000000)
[2020-12-28T07:21:45.254-0500][gc,heap        ] GC(23435)   region size 1024K, 0 young (0K), 0 survivors (0K)
[2020-12-28T07:21:45.254-0500][gc,heap        ] GC(23435)  Metaspace       used 50313K, capacity 52468K, committed 53888K, reserved 1093632K
[2020-12-28T07:21:45.254-0500][gc,heap        ] GC(23435)   class space    used 7457K, capacity 8250K, committed 8832K, reserved 1048576K
[2020-12-28T07:21:45.254-0500][gc             ] GC(23435) Pause Full (System.gc()) 43M->42M(63M) 63.044ms
[2020-12-28T07:21:45.254-0500][gc,cpu         ] GC(23435) User=0.28s Sys=0.00s Real=0.06s
[2020-12-28T07:23:59.070-0500][gc,heap        ] GC(23436) Heap before GC invocations=23436 (full 5362): garbage-first heap   total 64512K, used 51509K [0x0000000083000000, 0x0000000100000000)
[2020-12-28T07:23:59.070-0500][gc,heap        ] GC(23436)   region size 1024K, 9 young (9216K), 0 survivors (0K)
[2020-12-28T07:23:59.070-0500][gc,heap        ] GC(23436)  Metaspace       used 50313K, capacity 52468K, committed 53888K, reserved 1093632K
[2020-12-28T07:23:59.070-0500][gc,heap        ] GC(23436)   class space    used 7457K, capacity 8250K, committed 8832K, reserved 1048576K
[2020-12-28T07:23:59.070-0500][gc,start       ] GC(23436) Pause Young (Normal) (G1 Evacuation Pause)
[2020-12-28T07:23:59.070-0500][gc,task        ] GC(23436) Using 8 workers of 8 for evacuation
[2020-12-28T07:23:59.075-0500][gc,phases      ] GC(23436)   Pre Evacuate Collection Set: 0.0ms
[2020-12-28T07:23:59.075-0500][gc,phases      ] GC(23436)   Evacuate Collection Set: 1.2ms
[2020-12-28T07:23:59.075-0500][gc,phases      ] GC(23436)   Post Evacuate Collection Set: 3.4ms
[2020-12-28T07:23:59.075-0500][gc,phases      ] GC(23436)   Other: 0.7ms
[2020-12-28T07:23:59.075-0500][gc,heap        ] GC(23436) Eden regions: 9->0(8)
[2020-12-28T07:23:59.075-0500][gc,heap        ] GC(23436) Survivor regions: 0->1(2)
[2020-12-28T07:23:59.075-0500][gc,heap        ] GC(23436) Old regions: 42->42
[2020-12-28T07:23:59.075-0500][gc,heap        ] GC(23436) Humongous regions: 4->4
[2020-12-28T07:23:59.075-0500][gc,metaspace   ] GC(23436) Metaspace: 50313K->50313K(1093632K)
[2020-12-28T07:23:59.075-0500][gc,heap        ] GC(23436) Heap after GC invocations=23437 (full 5362): garbage-first heap   total 64512K, used 43381K [0x0000000083000000, 0x0000000100000000)
[2020-12-28T07:23:59.075-0500][gc,heap        ] GC(23436)   region size 1024K, 1 young (1024K), 1 survivors (1024K)
[2020-12-28T07:23:59.075-0500][gc,heap        ] GC(23436)  Metaspace       used 50313K, capacity 52468K, committed 53888K, reserved 1093632K
[2020-12-28T07:23:59.075-0500][gc,heap        ] GC(23436)   class space    used 7457K, capacity 8250K, committed 8832K, reserved 1048576K
[2020-12-28T07:23:59.075-0500][gc             ] GC(23436) Pause Young (Normal) (G1 Evacuation Pause) 51M->42M(63M) 5.326ms
[2020-12-28T07:23:59.075-0500][gc,cpu         ] GC(23436) User=0.02s Sys=0.00s Real=0.00s
[2020-12-28T07:25:59.062-0500][gc,heap        ] GC(23437) Heap before GC invocations=23437 (full 5362): garbage-first heap   total 64512K, used 50549K [0x0000000083000000, 0x0000000100000000)
[2020-12-28T07:25:59.062-0500][gc,heap        ] GC(23437)   region size 1024K, 9 young (9216K), 1 survivors (1024K)
[2020-12-28T07:25:59.062-0500][gc,heap        ] GC(23437)  Metaspace       used 50313K, capacity 52468K, committed 53888K, reserved 1093632K
[2020-12-28T07:25:59.062-0500][gc,heap        ] GC(23437)   class space    used 7457K, capacity 8250K, committed 8832K, reserved 1048576K
[2020-12-28T07:25:59.062-0500][gc,start       ] GC(23437) Pause Young (Normal) (G1 Evacuation Pause)
[2020-12-28T07:25:59.062-0500][gc,task        ] GC(23437) Using 8 workers of 8 for evacuation
[2020-12-28T07:25:59.065-0500][gc,phases      ] GC(23437)   Pre Evacuate Collection Set: 0.0ms
[2020-12-28T07:25:59.065-0500][gc,phases      ] GC(23437)   Evacuate Collection Set: 0.5ms
[2020-12-28T07:25:59.065-0500][gc,phases      ] GC(23437)   Post Evacuate Collection Set: 2.8ms
[2020-12-28T07:25:59.065-0500][gc,phases      ] GC(23437)   Other: 0.2ms
[2020-12-28T07:25:59.065-0500][gc,heap        ] GC(23437) Eden regions: 8->0(8)
[2020-12-28T07:25:59.065-0500][gc,heap        ] GC(23437) Survivor regions: 1->1(2)
[2020-12-28T07:25:59.065-0500][gc,heap        ] GC(23437) Old regions: 42->42
[2020-12-28T07:25:59.065-0500][gc,heap        ] GC(23437) Humongous regions: 4->4
[2020-12-28T07:25:59.065-0500][gc,metaspace   ] GC(23437) Metaspace: 50313K->50313K(1093632K)
[2020-12-28T07:25:59.065-0500][gc,heap        ] GC(23437) Heap after GC invocations=23438 (full 5362): garbage-first heap   total 64512K, used 43371K [0x0000000083000000, 0x0000000100000000)
[2020-12-28T07:25:59.065-0500][gc,heap        ] GC(23437)   region size 1024K, 1 young (1024K), 1 survivors (1024K)
[2020-12-28T07:25:59.065-0500][gc,heap        ] GC(23437)  Metaspace       used 50313K, capacity 52468K, committed 53888K, reserved 1093632K
[2020-12-28T07:25:59.065-0500][gc,heap        ] GC(23437)   class space    used 7457K, capacity 8250K, committed 8832K, reserved 1048576K
[2020-12-28T07:25:59.066-0500][gc             ] GC(23437) Pause Young (Normal) (G1 Evacuation Pause) 50M->42M(63M) 3.599ms
[2020-12-28T07:25:59.066-0500][gc,cpu         ] GC(23437) User=0.02s Sys=0.00s Real=0.00s
[2020-12-28T07:26:45.190-0500][gc,task        ] GC(23438) Using 5 workers of 8 for full compaction
[2020-12-28T07:26:45.191-0500][gc,start       ] GC(23438) Pause Full (System.gc())
[2020-12-28T07:26:45.191-0500][gc,heap        ] GC(23438) Heap before GC invocations=23438 (full 5362): garbage-first heap   total 64512K, used 46443K [0x0000000083000000, 0x0000000100000000)
[2020-12-28T07:26:45.191-0500][gc,heap        ] GC(23438)   region size 1024K, 5 young (5120K), 1 survivors (1024K)
[2020-12-28T07:26:45.191-0500][gc,heap        ] GC(23438)  Metaspace       used 50313K, capacity 52468K, committed 53888K, reserved 1093632K
[2020-12-28T07:26:45.191-0500][gc,heap        ] GC(23438)   class space    used 7457K, capacity 8250K, committed 8832K, reserved 1048576K
[2020-12-28T07:26:45.191-0500][gc,phases,start] GC(23438) Phase 1: Mark live objects
[2020-12-28T07:26:45.235-0500][gc,stringtable ] GC(23438) Cleaned string and symbol table, strings: 33317 processed, 4 removed, symbols: 120973 processed, 0 removed
[2020-12-28T07:26:45.235-0500][gc,phases      ] GC(23438) Phase 1: Mark live objects 43.930ms
[2020-12-28T07:26:45.235-0500][gc,phases,start] GC(23438) Phase 2: Prepare for compaction
[2020-12-28T07:26:45.239-0500][gc,phases      ] GC(23438) Phase 2: Prepare for compaction 3.864ms
[2020-12-28T07:26:45.239-0500][gc,phases,start] GC(23438) Phase 3: Adjust pointers
[2020-12-28T07:26:45.249-0500][gc,phases      ] GC(23438) Phase 3: Adjust pointers 10.150ms
[2020-12-28T07:26:45.249-0500][gc,phases,start] GC(23438) Phase 4: Compact heap
[2020-12-28T07:26:45.252-0500][gc,phases      ] GC(23438) Phase 4: Compact heap 2.603ms
[2020-12-28T07:26:45.256-0500][gc,heap        ] GC(23438) Eden regions: 4->0(10)
[2020-12-28T07:26:45.256-0500][gc,heap        ] GC(23438) Survivor regions: 1->0(2)
[2020-12-28T07:26:45.256-0500][gc,heap        ] GC(23438) Old regions: 42->41
[2020-12-28T07:26:45.256-0500][gc,heap        ] GC(23438) Humongous regions: 4->4
[2020-12-28T07:26:45.256-0500][gc,metaspace   ] GC(23438) Metaspace: 50313K->50313K(1093632K)
[2020-12-28T07:26:45.256-0500][gc,heap        ] GC(23438) Heap after GC invocations=23439 (full 5363): garbage-first heap   total 64512K, used 43329K [0x0000000083000000, 0x0000000100000000)
[2020-12-28T07:26:45.256-0500][gc,heap        ] GC(23438)   region size 1024K, 0 young (0K), 0 survivors (0K)
[2020-12-28T07:26:45.256-0500][gc,heap        ] GC(23438)  Metaspace       used 50313K, capacity 52468K, committed 53888K, reserved 1093632K
[2020-12-28T07:26:45.256-0500][gc,heap        ] GC(23438)   class space    used 7457K, capacity 8250K, committed 8832K, reserved 1048576K
[2020-12-28T07:26:45.256-0500][gc             ] GC(23438) Pause Full (System.gc()) 45M->42M(63M) 65.507ms
[2020-12-28T07:26:45.256-0500][gc,cpu         ] GC(23438) User=0.29s Sys=0.00s Real=0.06s
[2020-12-28T07:29:19.060-0500][gc,heap        ] GC(23439) Heap before GC invocations=23439 (full 5363): garbage-first heap   total 64512K, used 52545K [0x0000000083000000, 0x0000000100000000)
[2020-12-28T07:29:19.060-0500][gc,heap        ] GC(23439)   region size 1024K, 10 young (10240K), 0 survivors (0K)
[2020-12-28T07:29:19.060-0500][gc,heap        ] GC(23439)  Metaspace       used 50313K, capacity 52468K, committed 53888K, reserved 1093632K
[2020-12-28T07:29:19.060-0500][gc,heap        ] GC(23439)   class space    used 7457K, capacity 8250K, committed 8832K, reserved 1048576K
[2020-12-28T07:29:19.060-0500][gc,start       ] GC(23439) Pause Young (Normal) (G1 Evacuation Pause)
[2020-12-28T07:29:19.060-0500][gc,task        ] GC(23439) Using 8 workers of 8 for evacuation
[2020-12-28T07:29:19.066-0500][gc,phases      ] GC(23439)   Pre Evacuate Collection Set: 0.0ms
[2020-12-28T07:29:19.066-0500][gc,phases      ] GC(23439)   Evacuate Collection Set: 1.8ms
[2020-12-28T07:29:19.066-0500][gc,phases      ] GC(23439)   Post Evacuate Collection Set: 3.6ms
[2020-12-28T07:29:19.066-0500][gc,phases      ] GC(23439)   Other: 0.6ms
[2020-12-28T07:29:19.066-0500][gc,heap        ] GC(23439) Eden regions: 10->0(9)
[2020-12-28T07:29:19.066-0500][gc,heap        ] GC(23439) Survivor regions: 0->1(2)
[2020-12-28T07:29:19.066-0500][gc,heap        ] GC(23439) Old regions: 41->41
[2020-12-28T07:29:19.066-0500][gc,heap        ] GC(23439) Humongous regions: 4->4
[2020-12-28T07:29:19.066-0500][gc,metaspace   ] GC(23439) Metaspace: 50313K->50313K(1093632K)
[2020-12-28T07:29:19.066-0500][gc,heap        ] GC(23439) Heap after GC invocations=23440 (full 5363): garbage-first heap   total 64512K, used 43398K [0x0000000083000000, 0x0000000100000000)
[2020-12-28T07:29:19.066-0500][gc,heap        ] GC(23439)   region size 1024K, 1 young (1024K), 1 survivors (1024K)
[2020-12-28T07:29:19.066-0500][gc,heap        ] GC(23439)  Metaspace       used 50313K, capacity 52468K, committed 53888K, reserved 1093632K
[2020-12-28T07:29:19.066-0500][gc,heap        ] GC(23439)   class space    used 7457K, capacity 8250K, committed 8832K, reserved 1048576K
[2020-12-28T07:29:19.066-0500][gc             ] GC(23439) Pause Young (Normal) (G1 Evacuation Pause) 52M->42M(63M) 6.577ms
[2020-12-28T07:29:19.067-0500][gc,cpu         ] GC(23439) User=0.02s Sys=0.01s Real=0.00s
[2020-12-28T07:31:29.804-0500][gc,heap        ] GC(23440) Heap before GC invocations=23440 (full 5363): garbage-first heap   total 64512K, used 52614K [0x0000000083000000, 0x0000000100000000)
[2020-12-28T07:31:29.804-0500][gc,heap        ] GC(23440)   region size 1024K, 10 young (10240K), 1 survivors (1024K)
[2020-12-28T07:31:29.804-0500][gc,heap        ] GC(23440)  Metaspace       used 50313K, capacity 52468K, committed 53888K, reserved 1093632K
[2020-12-28T07:31:29.804-0500][gc,heap        ] GC(23440)   class space    used 7457K, capacity 8250K, committed 8832K, reserved 1048576K
[2020-12-28T07:31:29.804-0500][gc,start       ] GC(23440) Pause Young (Normal) (G1 Evacuation Pause)
[2020-12-28T07:31:29.804-0500][gc,task        ] GC(23440) Using 8 workers of 8 for evacuation
[2020-12-28T07:31:29.806-0500][gc,phases      ] GC(23440)   Pre Evacuate Collection Set: 0.0ms
[2020-12-28T07:31:29.806-0500][gc,phases      ] GC(23440)   Evacuate Collection Set: 1.0ms
[2020-12-28T07:31:29.806-0500][gc,phases      ] GC(23440)   Post Evacuate Collection Set: 1.1ms
[2020-12-28T07:31:29.807-0500][gc,phases      ] GC(23440)   Other: 0.4ms
[2020-12-28T07:31:29.807-0500][gc,heap        ] GC(23440) Eden regions: 9->0(9)
[2020-12-28T07:31:29.807-0500][gc,heap        ] GC(23440) Survivor regions: 1->1(2)
[2020-12-28T07:31:29.807-0500][gc,heap        ] GC(23440) Old regions: 41->41
[2020-12-28T07:31:29.807-0500][gc,heap        ] GC(23440) Humongous regions: 4->4
[2020-12-28T07:31:29.807-0500][gc,metaspace   ] GC(23440) Metaspace: 50313K->50313K(1093632K)
[2020-12-28T07:31:29.807-0500][gc,heap        ] GC(23440) Heap after GC invocations=23441 (full 5363): garbage-first heap   total 64512K, used 43381K [0x0000000083000000, 0x0000000100000000)
[2020-12-28T07:31:29.807-0500][gc,heap        ] GC(23440)   region size 1024K, 1 young (1024K), 1 survivors (1024K)
[2020-12-28T07:31:29.807-0500][gc,heap        ] GC(23440)  Metaspace       used 50313K, capacity 52468K, committed 53888K, reserved 1093632K
[2020-12-28T07:31:29.807-0500][gc,heap        ] GC(23440)   class space    used 7457K, capacity 8250K, committed 8832K, reserved 1048576K
[2020-12-28T07:31:29.807-0500][gc             ] GC(23440) Pause Young (Normal) (G1 Evacuation Pause) 51M->42M(63M) 2.466ms
[2020-12-28T07:31:29.807-0500][gc,cpu         ] GC(23440) User=0.00s Sys=0.01s Real=0.00s
[2020-12-28T07:31:45.190-0500][gc,task        ] GC(23441) Using 5 workers of 8 for full compaction
[2020-12-28T07:31:45.191-0500][gc,start       ] GC(23441) Pause Full (System.gc())
[2020-12-28T07:31:45.191-0500][gc,heap        ] GC(23441) Heap before GC invocations=23441 (full 5363): garbage-first heap   total 64512K, used 43381K [0x0000000083000000, 0x0000000100000000)
[2020-12-28T07:31:45.191-0500][gc,heap        ] GC(23441)   region size 1024K, 2 young (2048K), 1 survivors (1024K)
[2020-12-28T07:31:45.191-0500][gc,heap        ] GC(23441)  Metaspace       used 50313K, capacity 52468K, committed 53888K, reserved 1093632K
[2020-12-28T07:31:45.191-0500][gc,heap        ] GC(23441)   class space    used 7457K, capacity 8250K, committed 8832K, reserved 1048576K
[2020-12-28T07:31:45.191-0500][gc,phases,start] GC(23441) Phase 1: Mark live objects
[2020-12-28T07:31:45.235-0500][gc,stringtable ] GC(23441) Cleaned string and symbol table, strings: 33317 processed, 4 removed, symbols: 120973 processed, 0 removed
[2020-12-28T07:31:45.235-0500][gc,phases      ] GC(23441) Phase 1: Mark live objects 43.987ms
[2020-12-28T07:31:45.235-0500][gc,phases,start] GC(23441) Phase 2: Prepare for compaction
[2020-12-28T07:31:45.238-0500][gc,phases      ] GC(23441) Phase 2: Prepare for compaction 3.152ms
[2020-12-28T07:31:45.238-0500][gc,phases,start] GC(23441) Phase 3: Adjust pointers
[2020-12-28T07:31:45.248-0500][gc,phases      ] GC(23441) Phase 3: Adjust pointers 9.735ms
[2020-12-28T07:31:45.248-0500][gc,phases,start] GC(23441) Phase 4: Compact heap
[2020-12-28T07:31:45.251-0500][gc,phases      ] GC(23441) Phase 4: Compact heap 2.519ms
[2020-12-28T07:31:45.255-0500][gc,heap        ] GC(23441) Eden regions: 1->0(10)
[2020-12-28T07:31:45.255-0500][gc,heap        ] GC(23441) Survivor regions: 1->0(2)
[2020-12-28T07:31:45.255-0500][gc,heap        ] GC(23441) Old regions: 41->41
[2020-12-28T07:31:45.255-0500][gc,heap        ] GC(23441) Humongous regions: 4->4
[2020-12-28T07:31:45.255-0500][gc,metaspace   ] GC(23441) Metaspace: 50313K->50313K(1093632K)
[2020-12-28T07:31:45.255-0500][gc,heap        ] GC(23441) Heap after GC invocations=23442 (full 5364): garbage-first heap   total 64512K, used 43312K [0x0000000083000000, 0x0000000100000000)
[2020-12-28T07:31:45.255-0500][gc,heap        ] GC(23441)   region size 1024K, 0 young (0K), 0 survivors (0K)
[2020-12-28T07:31:45.255-0500][gc,heap        ] GC(23441)  Metaspace       used 50313K, capacity 52468K, committed 53888K, reserved 1093632K
[2020-12-28T07:31:45.255-0500][gc,heap        ] GC(23441)   class space    used 7457K, capacity 8250K, committed 8832K, reserved 1048576K
[2020-12-28T07:31:45.255-0500][gc             ] GC(23441) Pause Full (System.gc()) 43M->42M(63M) 64.233ms
[2020-12-28T07:31:45.255-0500][gc,cpu         ] GC(23441) User=0.28s Sys=0.00s Real=0.06s
[2020-12-28T07:34:19.059-0500][gc,heap        ] GC(23442) Heap before GC invocations=23442 (full 5364): garbage-first heap   total 64512K, used 53552K [0x0000000083000000, 0x0000000100000000)
[2020-12-28T07:34:19.060-0500][gc,heap        ] GC(23442)   region size 1024K, 10 young (10240K), 0 survivors (0K)
[2020-12-28T07:34:19.060-0500][gc,heap        ] GC(23442)  Metaspace       used 50313K, capacity 52468K, committed 53888K, reserved 1093632K
[2020-12-28T07:34:19.060-0500][gc,heap        ] GC(23442)   class space    used 7457K, capacity 8250K, committed 8832K, reserved 1048576K
[2020-12-28T07:34:19.060-0500][gc,start       ] GC(23442) Pause Young (Normal) (G1 Evacuation Pause)
[2020-12-28T07:34:19.060-0500][gc,task        ] GC(23442) Using 8 workers of 8 for evacuation
[2020-12-28T07:34:19.061-0500][gc,phases      ] GC(23442)   Pre Evacuate Collection Set: 0.0ms
[2020-12-28T07:34:19.061-0500][gc,phases      ] GC(23442)   Evacuate Collection Set: 0.6ms
[2020-12-28T07:34:19.061-0500][gc,phases      ] GC(23442)   Post Evacuate Collection Set: 0.9ms
[2020-12-28T07:34:19.061-0500][gc,phases      ] GC(23442)   Other: 0.3ms
[2020-12-28T07:34:19.061-0500][gc,heap        ] GC(23442) Eden regions: 10->0(9)
[2020-12-28T07:34:19.061-0500][gc,heap        ] GC(23442) Survivor regions: 0->1(2)
[2020-12-28T07:34:19.061-0500][gc,heap        ] GC(23442) Old regions: 41->41
[2020-12-28T07:34:19.061-0500][gc,heap        ] GC(23442) Humongous regions: 4->4
[2020-12-28T07:34:19.061-0500][gc,metaspace   ] GC(23442) Metaspace: 50313K->50313K(1093632K)
[2020-12-28T07:34:19.061-0500][gc,heap        ] GC(23442) Heap after GC invocations=23443 (full 5364): garbage-first heap   total 64512K, used 43375K [0x0000000083000000, 0x0000000100000000)
[2020-12-28T07:34:19.061-0500][gc,heap        ] GC(23442)   region size 1024K, 1 young (1024K), 1 survivors (1024K)
[2020-12-28T07:34:19.061-0500][gc,heap        ] GC(23442)  Metaspace       used 50313K, capacity 52468K, committed 53888K, reserved 1093632K
[2020-12-28T07:34:19.061-0500][gc,heap        ] GC(23442)   class space    used 7457K, capacity 8250K, committed 8832K, reserved 1048576K
[2020-12-28T07:34:19.061-0500][gc             ] GC(23442) Pause Young (Normal) (G1 Evacuation Pause) 52M->42M(63M) 1.693ms
[2020-12-28T07:34:19.061-0500][gc,cpu         ] GC(23442) User=0.00s Sys=0.00s Real=0.00s
[2020-12-28T07:36:30.514-0500][gc,heap        ] GC(23443) Heap before GC invocations=23443 (full 5364): garbage-first heap   total 64512K, used 52591K [0x0000000083000000, 0x0000000100000000)
[2020-12-28T07:36:30.514-0500][gc,heap        ] GC(23443)   region size 1024K, 10 young (10240K), 1 survivors (1024K)
[2020-12-28T07:36:30.514-0500][gc,heap        ] GC(23443)  Metaspace       used 50313K, capacity 52468K, committed 53888K, reserved 1093632K
[2020-12-28T07:36:30.514-0500][gc,heap        ] GC(23443)   class space    used 7457K, capacity 8250K, committed 8832K, reserved 1048576K
[2020-12-28T07:36:30.514-0500][gc,start       ] GC(23443) Pause Young (Normal) (G1 Evacuation Pause)
[2020-12-28T07:36:30.514-0500][gc,task        ] GC(23443) Using 8 workers of 8 for evacuation
[2020-12-28T07:36:30.518-0500][gc,phases      ] GC(23443)   Pre Evacuate Collection Set: 0.0ms
[2020-12-28T07:36:30.518-0500][gc,phases      ] GC(23443)   Evacuate Collection Set: 1.4ms
[2020-12-28T07:36:30.518-0500][gc,phases      ] GC(23443)   Post Evacuate Collection Set: 2.6ms
[2020-12-28T07:36:30.518-0500][gc,phases      ] GC(23443)   Other: 0.5ms
[2020-12-28T07:36:30.518-0500][gc,heap        ] GC(23443) Eden regions: 9->0(9)
[2020-12-28T07:36:30.518-0500][gc,heap        ] GC(23443) Survivor regions: 1->1(2)
[2020-12-28T07:36:30.518-0500][gc,heap        ] GC(23443) Old regions: 41->41
[2020-12-28T07:36:30.518-0500][gc,heap        ] GC(23443) Humongous regions: 4->4
[2020-12-28T07:36:30.519-0500][gc,metaspace   ] GC(23443) Metaspace: 50313K->50313K(1093632K)
[2020-12-28T07:36:30.519-0500][gc,heap        ] GC(23443) Heap after GC invocations=23444 (full 5364): garbage-first heap   total 64512K, used 43369K [0x0000000083000000, 0x0000000100000000)
[2020-12-28T07:36:30.519-0500][gc,heap        ] GC(23443)   region size 1024K, 1 young (1024K), 1 survivors (1024K)
[2020-12-28T07:36:30.519-0500][gc,heap        ] GC(23443)  Metaspace       used 50313K, capacity 52468K, committed 53888K, reserved 1093632K
[2020-12-28T07:36:30.519-0500][gc,heap        ] GC(23443)   class space    used 7457K, capacity 8250K, committed 8832K, reserved 1048576K
[2020-12-28T07:36:30.519-0500][gc             ] GC(23443) Pause Young (Normal) (G1 Evacuation Pause) 51M->42M(63M) 4.597ms
[2020-12-28T07:36:30.519-0500][gc,cpu         ] GC(23443) User=0.01s Sys=0.00s Real=0.01s
[2020-12-28T07:36:45.191-0500][gc,task        ] GC(23444) Using 5 workers of 8 for full compaction
[2020-12-28T07:36:45.192-0500][gc,start       ] GC(23444) Pause Full (System.gc())
[2020-12-28T07:36:45.192-0500][gc,heap        ] GC(23444) Heap before GC invocations=23444 (full 5364): garbage-first heap   total 64512K, used 43369K [0x0000000083000000, 0x0000000100000000)
[2020-12-28T07:36:45.192-0500][gc,heap        ] GC(23444)   region size 1024K, 2 young (2048K), 1 survivors (1024K)
[2020-12-28T07:36:45.192-0500][gc,heap        ] GC(23444)  Metaspace       used 50313K, capacity 52468K, committed 53888K, reserved 1093632K
[2020-12-28T07:36:45.192-0500][gc,heap        ] GC(23444)   class space    used 7457K, capacity 8250K, committed 8832K, reserved 1048576K
[2020-12-28T07:36:45.192-0500][gc,phases,start] GC(23444) Phase 1: Mark live objects
[2020-12-28T07:36:45.214-0500][gc,stringtable ] GC(23444) Cleaned string and symbol table, strings: 33317 processed, 4 removed, symbols: 120973 processed, 0 removed
[2020-12-28T07:36:45.214-0500][gc,phases      ] GC(23444) Phase 1: Mark live objects 22.326ms
[2020-12-28T07:36:45.214-0500][gc,phases,start] GC(23444) Phase 2: Prepare for compaction
[2020-12-28T07:36:45.218-0500][gc,phases      ] GC(23444) Phase 2: Prepare for compaction 3.753ms
[2020-12-28T07:36:45.218-0500][gc,phases,start] GC(23444) Phase 3: Adjust pointers
[2020-12-28T07:36:45.228-0500][gc,phases      ] GC(23444) Phase 3: Adjust pointers 10.344ms
[2020-12-28T07:36:45.228-0500][gc,phases,start] GC(23444) Phase 4: Compact heap
[2020-12-28T07:36:45.231-0500][gc,phases      ] GC(23444) Phase 4: Compact heap 2.875ms
[2020-12-28T07:36:45.235-0500][gc,heap        ] GC(23444) Eden regions: 1->0(10)
[2020-12-28T07:36:45.236-0500][gc,heap        ] GC(23444) Survivor regions: 1->0(2)
[2020-12-28T07:36:45.236-0500][gc,heap        ] GC(23444) Old regions: 41->41
[2020-12-28T07:36:45.236-0500][gc,heap        ] GC(23444) Humongous regions: 4->4
[2020-12-28T07:36:45.236-0500][gc,metaspace   ] GC(23444) Metaspace: 50313K->50313K(1093632K)
[2020-12-28T07:36:45.236-0500][gc,heap        ] GC(23444) Heap after GC invocations=23445 (full 5365): garbage-first heap   total 64512K, used 43315K [0x0000000083000000, 0x0000000100000000)
[2020-12-28T07:36:45.236-0500][gc,heap        ] GC(23444)   region size 1024K, 0 young (0K), 0 survivors (0K)
[2020-12-28T07:36:45.236-0500][gc,heap        ] GC(23444)  Metaspace       used 50313K, capacity 52468K, committed 53888K, reserved 1093632K
[2020-12-28T07:36:45.236-0500][gc,heap        ] GC(23444)   class space    used 7457K, capacity 8250K, committed 8832K, reserved 1048576K
[2020-12-28T07:36:45.236-0500][gc             ] GC(23444) Pause Full (System.gc()) 43M->42M(63M) 44.023ms
[2020-12-28T07:36:45.236-0500][gc,cpu         ] GC(23444) User=0.17s Sys=0.00s Real=0.04s
[2020-12-28T07:39:09.061-0500][gc,heap        ] GC(23445) Heap before GC invocations=23445 (full 5365): garbage-first heap   total 64512K, used 52531K [0x0000000083000000, 0x0000000100000000)
[2020-12-28T07:39:09.061-0500][gc,heap        ] GC(23445)   region size 1024K, 10 young (10240K), 0 survivors (0K)
[2020-12-28T07:39:09.061-0500][gc,heap        ] GC(23445)  Metaspace       used 50313K, capacity 52468K, committed 53888K, reserved 1093632K
[2020-12-28T07:39:09.061-0500][gc,heap        ] GC(23445)   class space    used 7457K, capacity 8250K, committed 8832K, reserved 1048576K
[2020-12-28T07:39:09.061-0500][gc,start       ] GC(23445) Pause Young (Normal) (G1 Evacuation Pause)
[2020-12-28T07:39:09.061-0500][gc,task        ] GC(23445) Using 8 workers of 8 for evacuation
[2020-12-28T07:39:09.066-0500][gc,phases      ] GC(23445)   Pre Evacuate Collection Set: 0.0ms
[2020-12-28T07:39:09.066-0500][gc,phases      ] GC(23445)   Evacuate Collection Set: 1.4ms
[2020-12-28T07:39:09.066-0500][gc,phases      ] GC(23445)   Post Evacuate Collection Set: 2.9ms
[2020-12-28T07:39:09.066-0500][gc,phases      ] GC(23445)   Other: 0.4ms
[2020-12-28T07:39:09.066-0500][gc,heap        ] GC(23445) Eden regions: 10->0(9)
[2020-12-28T07:39:09.066-0500][gc,heap        ] GC(23445) Survivor regions: 0->1(2)
[2020-12-28T07:39:09.066-0500][gc,heap        ] GC(23445) Old regions: 41->41
[2020-12-28T07:39:09.066-0500][gc,heap        ] GC(23445) Humongous regions: 4->4
[2020-12-28T07:39:09.066-0500][gc,metaspace   ] GC(23445) Metaspace: 50313K->50313K(1093632K)
[2020-12-28T07:39:09.066-0500][gc,heap        ] GC(23445) Heap after GC invocations=23446 (full 5365): garbage-first heap   total 64512K, used 43389K [0x0000000083000000, 0x0000000100000000)
[2020-12-28T07:39:09.066-0500][gc,heap        ] GC(23445)   region size 1024K, 1 young (1024K), 1 survivors (1024K)
[2020-12-28T07:39:09.066-0500][gc,heap        ] GC(23445)  Metaspace       used 50313K, capacity 52468K, committed 53888K, reserved 1093632K
[2020-12-28T07:39:09.066-0500][gc,heap        ] GC(23445)   class space    used 7457K, capacity 8250K, committed 8832K, reserved 1048576K
[2020-12-28T07:39:09.066-0500][gc             ] GC(23445) Pause Young (Normal) (G1 Evacuation Pause) 52M->42M(63M) 4.961ms
[2020-12-28T07:39:09.067-0500][gc,cpu         ] GC(23445) User=0.00s Sys=0.01s Real=0.00s
[2020-12-28T07:41:19.066-0500][gc,heap        ] GC(23446) Heap before GC invocations=23446 (full 5365): garbage-first heap   total 64512K, used 51581K [0x0000000083000000, 0x0000000100000000)
[2020-12-28T07:41:19.067-0500][gc,heap        ] GC(23446)   region size 1024K, 10 young (10240K), 1 survivors (1024K)
[2020-12-28T07:41:19.067-0500][gc,heap        ] GC(23446)  Metaspace       used 50313K, capacity 52468K, committed 53888K, reserved 1093632K
[2020-12-28T07:41:19.067-0500][gc,heap        ] GC(23446)   class space    used 7457K, capacity 8250K, committed 8832K, reserved 1048576K
[2020-12-28T07:41:19.067-0500][gc,start       ] GC(23446) Pause Young (Normal) (G1 Evacuation Pause)
[2020-12-28T07:41:19.067-0500][gc,task        ] GC(23446) Using 8 workers of 8 for evacuation
[2020-12-28T07:41:19.071-0500][gc,phases      ] GC(23446)   Pre Evacuate Collection Set: 0.0ms
[2020-12-28T07:41:19.071-0500][gc,phases      ] GC(23446)   Evacuate Collection Set: 1.3ms
[2020-12-28T07:41:19.071-0500][gc,phases      ] GC(23446)   Post Evacuate Collection Set: 2.7ms
[2020-12-28T07:41:19.071-0500][gc,phases      ] GC(23446)   Other: 0.5ms
[2020-12-28T07:41:19.071-0500][gc,heap        ] GC(23446) Eden regions: 9->0(9)
[2020-12-28T07:41:19.071-0500][gc,heap        ] GC(23446) Survivor regions: 1->1(2)
[2020-12-28T07:41:19.071-0500][gc,heap        ] GC(23446) Old regions: 41->41
[2020-12-28T07:41:19.071-0500][gc,heap        ] GC(23446) Humongous regions: 4->4
[2020-12-28T07:41:19.071-0500][gc,metaspace   ] GC(23446) Metaspace: 50313K->50313K(1093632K)
[2020-12-28T07:41:19.071-0500][gc,heap        ] GC(23446) Heap after GC invocations=23447 (full 5365): garbage-first heap   total 64512K, used 43375K [0x0000000083000000, 0x0000000100000000)
[2020-12-28T07:41:19.071-0500][gc,heap        ] GC(23446)   region size 1024K, 1 young (1024K), 1 survivors (1024K)
[2020-12-28T07:41:19.071-0500][gc,heap        ] GC(23446)  Metaspace       used 50313K, capacity 52468K, committed 53888K, reserved 1093632K
[2020-12-28T07:41:19.071-0500][gc,heap        ] GC(23446)   class space    used 7457K, capacity 8250K, committed 8832K, reserved 1048576K
[2020-12-28T07:41:19.071-0500][gc             ] GC(23446) Pause Young (Normal) (G1 Evacuation Pause) 51M->42M(63M) 4.609ms
[2020-12-28T07:41:19.071-0500][gc,cpu         ] GC(23446) User=0.00s Sys=0.01s Real=0.01s
[2020-12-28T07:41:45.190-0500][gc,task        ] GC(23447) Using 5 workers of 8 for full compaction
[2020-12-28T07:41:45.191-0500][gc,start       ] GC(23447) Pause Full (System.gc())
[2020-12-28T07:41:45.191-0500][gc,heap        ] GC(23447) Heap before GC invocations=23447 (full 5365): garbage-first heap   total 64512K, used 44399K [0x0000000083000000, 0x0000000100000000)
[2020-12-28T07:41:45.191-0500][gc,heap        ] GC(23447)   region size 1024K, 3 young (3072K), 1 survivors (1024K)
[2020-12-28T07:41:45.191-0500][gc,heap        ] GC(23447)  Metaspace       used 50313K, capacity 52468K, committed 53888K, reserved 1093632K
[2020-12-28T07:41:45.191-0500][gc,heap        ] GC(23447)   class space    used 7457K, capacity 8250K, committed 8832K, reserved 1048576K
[2020-12-28T07:41:45.191-0500][gc,phases,start] GC(23447) Phase 1: Mark live objects
[2020-12-28T07:41:45.238-0500][gc,stringtable ] GC(23447) Cleaned string and symbol table, strings: 33317 processed, 4 removed, symbols: 120973 processed, 0 removed
[2020-12-28T07:41:45.238-0500][gc,phases      ] GC(23447) Phase 1: Mark live objects 47.164ms
[2020-12-28T07:41:45.238-0500][gc,phases,start] GC(23447) Phase 2: Prepare for compaction
[2020-12-28T07:41:45.242-0500][gc,phases      ] GC(23447) Phase 2: Prepare for compaction 3.080ms
[2020-12-28T07:41:45.242-0500][gc,phases,start] GC(23447) Phase 3: Adjust pointers
[2020-12-28T07:41:45.252-0500][gc,phases      ] GC(23447) Phase 3: Adjust pointers 10.354ms
[2020-12-28T07:41:45.252-0500][gc,phases,start] GC(23447) Phase 4: Compact heap
[2020-12-28T07:41:45.255-0500][gc,phases      ] GC(23447) Phase 4: Compact heap 2.895ms
[2020-12-28T07:41:45.259-0500][gc,heap        ] GC(23447) Eden regions: 2->0(10)
[2020-12-28T07:41:45.259-0500][gc,heap        ] GC(23447) Survivor regions: 1->0(2)
[2020-12-28T07:41:45.259-0500][gc,heap        ] GC(23447) Old regions: 41->41
[2020-12-28T07:41:45.259-0500][gc,heap        ] GC(23447) Humongous regions: 4->4
[2020-12-28T07:41:45.259-0500][gc,metaspace   ] GC(23447) Metaspace: 50313K->50313K(1093632K)
[2020-12-28T07:41:45.259-0500][gc,heap        ] GC(23447) Heap after GC invocations=23448 (full 5366): garbage-first heap   total 64512K, used 43313K [0x0000000083000000, 0x0000000100000000)
[2020-12-28T07:41:45.259-0500][gc,heap        ] GC(23447)   region size 1024K, 0 young (0K), 0 survivors (0K)
[2020-12-28T07:41:45.259-0500][gc,heap        ] GC(23447)  Metaspace       used 50313K, capacity 52468K, committed 53888K, reserved 1093632K
[2020-12-28T07:41:45.259-0500][gc,heap        ] GC(23447)   class space    used 7457K, capacity 8250K, committed 8832K, reserved 1048576K
[2020-12-28T07:41:45.259-0500][gc             ] GC(23447) Pause Full (System.gc()) 43M->42M(63M) 68.565ms
[2020-12-28T07:41:45.259-0500][gc,cpu         ] GC(23447) User=0.30s Sys=0.00s Real=0.07s
[2020-12-28T07:44:12.375-0500][gc,heap        ] GC(23448) Heap before GC invocations=23448 (full 5366): garbage-first heap   total 64512K, used 52529K [0x0000000083000000, 0x0000000100000000)
[2020-12-28T07:44:12.375-0500][gc,heap        ] GC(23448)   region size 1024K, 10 young (10240K), 0 survivors (0K)
[2020-12-28T07:44:12.375-0500][gc,heap        ] GC(23448)  Metaspace       used 50313K, capacity 52468K, committed 53888K, reserved 1093632K
[2020-12-28T07:44:12.375-0500][gc,heap        ] GC(23448)   class space    used 7457K, capacity 8250K, committed 8832K, reserved 1048576K
[2020-12-28T07:44:12.375-0500][gc,start       ] GC(23448) Pause Young (Normal) (G1 Evacuation Pause)
[2020-12-28T07:44:12.376-0500][gc,task        ] GC(23448) Using 8 workers of 8 for evacuation
[2020-12-28T07:44:12.380-0500][gc,phases      ] GC(23448)   Pre Evacuate Collection Set: 0.0ms
[2020-12-28T07:44:12.380-0500][gc,phases      ] GC(23448)   Evacuate Collection Set: 2.8ms
[2020-12-28T07:44:12.380-0500][gc,phases      ] GC(23448)   Post Evacuate Collection Set: 1.9ms
[2020-12-28T07:44:12.380-0500][gc,phases      ] GC(23448)   Other: 0.3ms
[2020-12-28T07:44:12.381-0500][gc,heap        ] GC(23448) Eden regions: 10->0(9)
[2020-12-28T07:44:12.381-0500][gc,heap        ] GC(23448) Survivor regions: 0->1(2)
[2020-12-28T07:44:12.381-0500][gc,heap        ] GC(23448) Old regions: 41->41
[2020-12-28T07:44:12.381-0500][gc,heap        ] GC(23448) Humongous regions: 4->4
[2020-12-28T07:44:12.381-0500][gc,metaspace   ] GC(23448) Metaspace: 50313K->50313K(1093632K)
[2020-12-28T07:44:12.381-0500][gc,heap        ] GC(23448) Heap after GC invocations=23449 (full 5366): garbage-first heap   total 64512K, used 43405K [0x0000000083000000, 0x0000000100000000)
[2020-12-28T07:44:12.381-0500][gc,heap        ] GC(23448)   region size 1024K, 1 young (1024K), 1 survivors (1024K)
[2020-12-28T07:44:12.381-0500][gc,heap        ] GC(23448)  Metaspace       used 50313K, capacity 52468K, committed 53888K, reserved 1093632K
[2020-12-28T07:44:12.381-0500][gc,heap        ] GC(23448)   class space    used 7457K, capacity 8250K, committed 8832K, reserved 1048576K
[2020-12-28T07:44:12.381-0500][gc             ] GC(23448) Pause Young (Normal) (G1 Evacuation Pause) 52M->42M(63M) 5.234ms
[2020-12-28T07:44:12.381-0500][gc,cpu         ] GC(23448) User=0.02s Sys=0.00s Real=0.01s
[2020-12-28T07:46:29.069-0500][gc,heap        ] GC(23449) Heap before GC invocations=23449 (full 5366): garbage-first heap   total 64512K, used 51597K [0x0000000083000000, 0x0000000100000000)
[2020-12-28T07:46:29.069-0500][gc,heap        ] GC(23449)   region size 1024K, 10 young (10240K), 1 survivors (1024K)
[2020-12-28T07:46:29.069-0500][gc,heap        ] GC(23449)  Metaspace       used 50313K, capacity 52468K, committed 53888K, reserved 1093632K
[2020-12-28T07:46:29.069-0500][gc,heap        ] GC(23449)   class space    used 7457K, capacity 8250K, committed 8832K, reserved 1048576K
[2020-12-28T07:46:29.069-0500][gc,start       ] GC(23449) Pause Young (Normal) (G1 Evacuation Pause)
[2020-12-28T07:46:29.069-0500][gc,task        ] GC(23449) Using 8 workers of 8 for evacuation
[2020-12-28T07:46:29.073-0500][gc,phases      ] GC(23449)   Pre Evacuate Collection Set: 0.0ms
[2020-12-28T07:46:29.073-0500][gc,phases      ] GC(23449)   Evacuate Collection Set: 1.2ms
[2020-12-28T07:46:29.073-0500][gc,phases      ] GC(23449)   Post Evacuate Collection Set: 2.2ms
[2020-12-28T07:46:29.073-0500][gc,phases      ] GC(23449)   Other: 0.5ms
[2020-12-28T07:46:29.073-0500][gc,heap        ] GC(23449) Eden regions: 9->0(9)
[2020-12-28T07:46:29.073-0500][gc,heap        ] GC(23449) Survivor regions: 1->1(2)
[2020-12-28T07:46:29.073-0500][gc,heap        ] GC(23449) Old regions: 41->41
[2020-12-28T07:46:29.073-0500][gc,heap        ] GC(23449) Humongous regions: 4->4
[2020-12-28T07:46:29.073-0500][gc,metaspace   ] GC(23449) Metaspace: 50313K->50313K(1093632K)
[2020-12-28T07:46:29.073-0500][gc,heap        ] GC(23449) Heap after GC invocations=23450 (full 5366): garbage-first heap   total 64512K, used 43389K [0x0000000083000000, 0x0000000100000000)
[2020-12-28T07:46:29.073-0500][gc,heap        ] GC(23449)   region size 1024K, 1 young (1024K), 1 survivors (1024K)
[2020-12-28T07:46:29.073-0500][gc,heap        ] GC(23449)  Metaspace       used 50313K, capacity 52468K, committed 53888K, reserved 1093632K
[2020-12-28T07:46:29.073-0500][gc,heap        ] GC(23449)   class space    used 7457K, capacity 8250K, committed 8832K, reserved 1048576K
[2020-12-28T07:46:29.073-0500][gc             ] GC(23449) Pause Young (Normal) (G1 Evacuation Pause) 51M->42M(63M) 4.147ms
[2020-12-28T07:46:29.073-0500][gc,cpu         ] GC(23449) User=0.01s Sys=0.01s Real=0.00s
[2020-12-28T07:46:45.192-0500][gc,task        ] GC(23450) Using 5 workers of 8 for full compaction
[2020-12-28T07:46:45.192-0500][gc,start       ] GC(23450) Pause Full (System.gc())
[2020-12-28T07:46:45.192-0500][gc,heap        ] GC(23450) Heap before GC invocations=23450 (full 5366): garbage-first heap   total 64512K, used 43389K [0x0000000083000000, 0x0000000100000000)
[2020-12-28T07:46:45.192-0500][gc,heap        ] GC(23450)   region size 1024K, 2 young (2048K), 1 survivors (1024K)
[2020-12-28T07:46:45.192-0500][gc,heap        ] GC(23450)  Metaspace       used 50313K, capacity 52468K, committed 53888K, reserved 1093632K
[2020-12-28T07:46:45.192-0500][gc,heap        ] GC(23450)   class space    used 7457K, capacity 8250K, committed 8832K, reserved 1048576K
[2020-12-28T07:46:45.193-0500][gc,phases,start] GC(23450) Phase 1: Mark live objects
[2020-12-28T07:46:45.240-0500][gc,stringtable ] GC(23450) Cleaned string and symbol table, strings: 33317 processed, 4 removed, symbols: 120973 processed, 0 removed
[2020-12-28T07:46:45.240-0500][gc,phases      ] GC(23450) Phase 1: Mark live objects 47.553ms
[2020-12-28T07:46:45.240-0500][gc,phases,start] GC(23450) Phase 2: Prepare for compaction
[2020-12-28T07:46:45.243-0500][gc,phases      ] GC(23450) Phase 2: Prepare for compaction 2.963ms
[2020-12-28T07:46:45.243-0500][gc,phases,start] GC(23450) Phase 3: Adjust pointers
[2020-12-28T07:46:45.253-0500][gc,phases      ] GC(23450) Phase 3: Adjust pointers 9.640ms
[2020-12-28T07:46:45.253-0500][gc,phases,start] GC(23450) Phase 4: Compact heap
[2020-12-28T07:46:45.256-0500][gc,phases      ] GC(23450) Phase 4: Compact heap 2.704ms
[2020-12-28T07:46:45.260-0500][gc,heap        ] GC(23450) Eden regions: 1->0(10)
[2020-12-28T07:46:45.260-0500][gc,heap        ] GC(23450) Survivor regions: 1->0(2)
[2020-12-28T07:46:45.260-0500][gc,heap        ] GC(23450) Old regions: 41->41
[2020-12-28T07:46:45.260-0500][gc,heap        ] GC(23450) Humongous regions: 4->4
[2020-12-28T07:46:45.260-0500][gc,metaspace   ] GC(23450) Metaspace: 50313K->50313K(1093632K)
[2020-12-28T07:46:45.260-0500][gc,heap        ] GC(23450) Heap after GC invocations=23451 (full 5367): garbage-first heap   total 64512K, used 43316K [0x0000000083000000, 0x0000000100000000)
[2020-12-28T07:46:45.260-0500][gc,heap        ] GC(23450)   region size 1024K, 0 young (0K), 0 survivors (0K)
[2020-12-28T07:46:45.260-0500][gc,heap        ] GC(23450)  Metaspace       used 50313K, capacity 52468K, committed 53888K, reserved 1093632K
[2020-12-28T07:46:45.260-0500][gc,heap        ] GC(23450)   class space    used 7457K, capacity 8250K, committed 8832K, reserved 1048576K
[2020-12-28T07:46:45.260-0500][gc             ] GC(23450) Pause Full (System.gc()) 43M->42M(63M) 67.767ms
[2020-12-28T07:46:45.260-0500][gc,cpu         ] GC(23450) User=0.29s Sys=0.00s Real=0.07s
[2020-12-28T07:49:19.061-0500][gc,heap        ] GC(23451) Heap before GC invocations=23451 (full 5367): garbage-first heap   total 64512K, used 53556K [0x0000000083000000, 0x0000000100000000)
[2020-12-28T07:49:19.061-0500][gc,heap        ] GC(23451)   region size 1024K, 10 young (10240K), 0 survivors (0K)
[2020-12-28T07:49:19.061-0500][gc,heap        ] GC(23451)  Metaspace       used 50313K, capacity 52468K, committed 53888K, reserved 1093632K
[2020-12-28T07:49:19.061-0500][gc,heap        ] GC(23451)   class space    used 7457K, capacity 8250K, committed 8832K, reserved 1048576K
[2020-12-28T07:49:19.062-0500][gc,start       ] GC(23451) Pause Young (Normal) (G1 Evacuation Pause)
[2020-12-28T07:49:19.062-0500][gc,task        ] GC(23451) Using 8 workers of 8 for evacuation
[2020-12-28T07:49:19.066-0500][gc,phases      ] GC(23451)   Pre Evacuate Collection Set: 0.0ms
[2020-12-28T07:49:19.066-0500][gc,phases      ] GC(23451)   Evacuate Collection Set: 1.4ms
[2020-12-28T07:49:19.066-0500][gc,phases      ] GC(23451)   Post Evacuate Collection Set: 2.4ms
[2020-12-28T07:49:19.066-0500][gc,phases      ] GC(23451)   Other: 0.4ms
[2020-12-28T07:49:19.066-0500][gc,heap        ] GC(23451) Eden regions: 10->0(9)
[2020-12-28T07:49:19.066-0500][gc,heap        ] GC(23451) Survivor regions: 0->1(2)
[2020-12-28T07:49:19.066-0500][gc,heap        ] GC(23451) Old regions: 41->41
[2020-12-28T07:49:19.066-0500][gc,heap        ] GC(23451) Humongous regions: 4->4
[2020-12-28T07:49:19.066-0500][gc,metaspace   ] GC(23451) Metaspace: 50313K->50313K(1093632K)
[2020-12-28T07:49:19.066-0500][gc,heap        ] GC(23451) Heap after GC invocations=23452 (full 5367): garbage-first heap   total 64512K, used 43383K [0x0000000083000000, 0x0000000100000000)
[2020-12-28T07:49:19.066-0500][gc,heap        ] GC(23451)   region size 1024K, 1 young (1024K), 1 survivors (1024K)
[2020-12-28T07:49:19.066-0500][gc,heap        ] GC(23451)  Metaspace       used 50313K, capacity 52468K, committed 53888K, reserved 1093632K
[2020-12-28T07:49:19.066-0500][gc,heap        ] GC(23451)   class space    used 7457K, capacity 8250K, committed 8832K, reserved 1048576K
[2020-12-28T07:49:19.066-0500][gc             ] GC(23451) Pause Young (Normal) (G1 Evacuation Pause) 52M->42M(63M) 4.400ms
[2020-12-28T07:49:19.066-0500][gc,cpu         ] GC(23451) User=0.00s Sys=0.01s Real=0.00s
[2020-12-28T07:51:39.061-0500][gc,heap        ] GC(23452) Heap before GC invocations=23452 (full 5367): garbage-first heap   total 64512K, used 52599K [0x0000000083000000, 0x0000000100000000)
[2020-12-28T07:51:39.061-0500][gc,heap        ] GC(23452)   region size 1024K, 10 young (10240K), 1 survivors (1024K)
[2020-12-28T07:51:39.061-0500][gc,heap        ] GC(23452)  Metaspace       used 50313K, capacity 52468K, committed 53888K, reserved 1093632K
[2020-12-28T07:51:39.061-0500][gc,heap        ] GC(23452)   class space    used 7457K, capacity 8250K, committed 8832K, reserved 1048576K
[2020-12-28T07:51:39.062-0500][gc,start       ] GC(23452) Pause Young (Normal) (G1 Evacuation Pause)
[2020-12-28T07:51:39.062-0500][gc,task        ] GC(23452) Using 8 workers of 8 for evacuation
[2020-12-28T07:51:39.067-0500][gc,phases      ] GC(23452)   Pre Evacuate Collection Set: 0.0ms
[2020-12-28T07:51:39.067-0500][gc,phases      ] GC(23452)   Evacuate Collection Set: 1.1ms
[2020-12-28T07:51:39.067-0500][gc,phases      ] GC(23452)   Post Evacuate Collection Set: 4.5ms
[2020-12-28T07:51:39.067-0500][gc,phases      ] GC(23452)   Other: 0.4ms
[2020-12-28T07:51:39.067-0500][gc,heap        ] GC(23452) Eden regions: 9->0(9)
[2020-12-28T07:51:39.067-0500][gc,heap        ] GC(23452) Survivor regions: 1->1(2)
[2020-12-28T07:51:39.068-0500][gc,heap        ] GC(23452) Old regions: 41->41
[2020-12-28T07:51:39.068-0500][gc,heap        ] GC(23452) Humongous regions: 4->4
[2020-12-28T07:51:39.068-0500][gc,metaspace   ] GC(23452) Metaspace: 50313K->50313K(1093632K)
[2020-12-28T07:51:39.068-0500][gc,heap        ] GC(23452) Heap after GC invocations=23453 (full 5367): garbage-first heap   total 64512K, used 43392K [0x0000000083000000, 0x0000000100000000)
[2020-12-28T07:51:39.068-0500][gc,heap        ] GC(23452)   region size 1024K, 1 young (1024K), 1 survivors (1024K)
[2020-12-28T07:51:39.068-0500][gc,heap        ] GC(23452)  Metaspace       used 50313K, capacity 52468K, committed 53888K, reserved 1093632K
[2020-12-28T07:51:39.068-0500][gc,heap        ] GC(23452)   class space    used 7457K, capacity 8250K, committed 8832K, reserved 1048576K
[2020-12-28T07:51:39.068-0500][gc             ] GC(23452) Pause Young (Normal) (G1 Evacuation Pause) 51M->42M(63M) 6.124ms
[2020-12-28T07:51:39.068-0500][gc,cpu         ] GC(23452) User=0.00s Sys=0.01s Real=0.01s
[2020-12-28T07:51:45.192-0500][gc,task        ] GC(23453) Using 5 workers of 8 for full compaction
[2020-12-28T07:51:45.192-0500][gc,start       ] GC(23453) Pause Full (System.gc())
[2020-12-28T07:51:45.192-0500][gc,heap        ] GC(23453) Heap before GC invocations=23453 (full 5367): garbage-first heap   total 64512K, used 43392K [0x0000000083000000, 0x0000000100000000)
[2020-12-28T07:51:45.192-0500][gc,heap        ] GC(23453)   region size 1024K, 2 young (2048K), 1 survivors (1024K)
[2020-12-28T07:51:45.192-0500][gc,heap        ] GC(23453)  Metaspace       used 50313K, capacity 52468K, committed 53888K, reserved 1093632K
[2020-12-28T07:51:45.192-0500][gc,heap        ] GC(23453)   class space    used 7457K, capacity 8250K, committed 8832K, reserved 1048576K
[2020-12-28T07:51:45.192-0500][gc,phases,start] GC(23453) Phase 1: Mark live objects
[2020-12-28T07:51:45.241-0500][gc,stringtable ] GC(23453) Cleaned string and symbol table, strings: 33317 processed, 4 removed, symbols: 120973 processed, 0 removed
[2020-12-28T07:51:45.242-0500][gc,phases      ] GC(23453) Phase 1: Mark live objects 49.080ms
[2020-12-28T07:51:45.242-0500][gc,phases,start] GC(23453) Phase 2: Prepare for compaction
[2020-12-28T07:51:45.247-0500][gc,phases      ] GC(23453) Phase 2: Prepare for compaction 5.185ms
[2020-12-28T07:51:45.247-0500][gc,phases,start] GC(23453) Phase 3: Adjust pointers
[2020-12-28T07:51:45.261-0500][gc,phases      ] GC(23453) Phase 3: Adjust pointers 13.786ms
[2020-12-28T07:51:45.261-0500][gc,phases,start] GC(23453) Phase 4: Compact heap
[2020-12-28T07:51:45.265-0500][gc,phases      ] GC(23453) Phase 4: Compact heap 4.088ms
[2020-12-28T07:51:45.270-0500][gc,heap        ] GC(23453) Eden regions: 1->0(10)
[2020-12-28T07:51:45.270-0500][gc,heap        ] GC(23453) Survivor regions: 1->0(2)
[2020-12-28T07:51:45.270-0500][gc,heap        ] GC(23453) Old regions: 41->41
[2020-12-28T07:51:45.270-0500][gc,heap        ] GC(23453) Humongous regions: 4->4
[2020-12-28T07:51:45.270-0500][gc,metaspace   ] GC(23453) Metaspace: 50313K->50313K(1093632K)
[2020-12-28T07:51:45.270-0500][gc,heap        ] GC(23453) Heap after GC invocations=23454 (full 5368): garbage-first heap   total 64512K, used 43310K [0x0000000083000000, 0x0000000100000000)
[2020-12-28T07:51:45.270-0500][gc,heap        ] GC(23453)   region size 1024K, 0 young (0K), 0 survivors (0K)
[2020-12-28T07:51:45.270-0500][gc,heap        ] GC(23453)  Metaspace       used 50313K, capacity 52468K, committed 53888K, reserved 1093632K
[2020-12-28T07:51:45.270-0500][gc,heap        ] GC(23453)   class space    used 7457K, capacity 8250K, committed 8832K, reserved 1048576K
[2020-12-28T07:51:45.270-0500][gc             ] GC(23453) Pause Full (System.gc()) 43M->42M(63M) 78.072ms
[2020-12-28T07:51:45.270-0500][gc,cpu         ] GC(23453) User=0.34s Sys=0.00s Real=0.08s
[2020-12-28T07:54:09.065-0500][gc,heap        ] GC(23454) Heap before GC invocations=23454 (full 5368): garbage-first heap   total 64512K, used 52526K [0x0000000083000000, 0x0000000100000000)
[2020-12-28T07:54:09.066-0500][gc,heap        ] GC(23454)   region size 1024K, 10 young (10240K), 0 survivors (0K)
[2020-12-28T07:54:09.066-0500][gc,heap        ] GC(23454)  Metaspace       used 50313K, capacity 52468K, committed 53888K, reserved 1093632K
[2020-12-28T07:54:09.066-0500][gc,heap        ] GC(23454)   class space    used 7457K, capacity 8250K, committed 8832K, reserved 1048576K
[2020-12-28T07:54:09.066-0500][gc,start       ] GC(23454) Pause Young (Normal) (G1 Evacuation Pause)
[2020-12-28T07:54:09.066-0500][gc,task        ] GC(23454) Using 8 workers of 8 for evacuation
[2020-12-28T07:54:09.072-0500][gc,phases      ] GC(23454)   Pre Evacuate Collection Set: 0.0ms
[2020-12-28T07:54:09.072-0500][gc,phases      ] GC(23454)   Evacuate Collection Set: 1.9ms
[2020-12-28T07:54:09.072-0500][gc,phases      ] GC(23454)   Post Evacuate Collection Set: 4.0ms
[2020-12-28T07:54:09.072-0500][gc,phases      ] GC(23454)   Other: 0.6ms
[2020-12-28T07:54:09.072-0500][gc,heap        ] GC(23454) Eden regions: 10->0(9)
[2020-12-28T07:54:09.072-0500][gc,heap        ] GC(23454) Survivor regions: 0->1(2)
[2020-12-28T07:54:09.072-0500][gc,heap        ] GC(23454) Old regions: 41->41
[2020-12-28T07:54:09.072-0500][gc,heap        ] GC(23454) Humongous regions: 4->4
[2020-12-28T07:54:09.072-0500][gc,metaspace   ] GC(23454) Metaspace: 50313K->50313K(1093632K)
[2020-12-28T07:54:09.072-0500][gc,heap        ] GC(23454) Heap after GC invocations=23455 (full 5368): garbage-first heap   total 64512K, used 43392K [0x0000000083000000, 0x0000000100000000)
[2020-12-28T07:54:09.072-0500][gc,heap        ] GC(23454)   region size 1024K, 1 young (1024K), 1 survivors (1024K)
[2020-12-28T07:54:09.072-0500][gc,heap        ] GC(23454)  Metaspace       used 50313K, capacity 52468K, committed 53888K, reserved 1093632K
[2020-12-28T07:54:09.072-0500][gc,heap        ] GC(23454)   class space    used 7457K, capacity 8250K, committed 8832K, reserved 1048576K
[2020-12-28T07:54:09.072-0500][gc             ] GC(23454) Pause Young (Normal) (G1 Evacuation Pause) 52M->42M(63M) 6.574ms
[2020-12-28T07:54:09.072-0500][gc,cpu         ] GC(23454) User=0.02s Sys=0.00s Real=0.01s
[2020-12-28T07:56:29.061-0500][gc,heap        ] GC(23455) Heap before GC invocations=23455 (full 5368): garbage-first heap   total 64512K, used 51584K [0x0000000083000000, 0x0000000100000000)
[2020-12-28T07:56:29.061-0500][gc,heap        ] GC(23455)   region size 1024K, 10 young (10240K), 1 survivors (1024K)
[2020-12-28T07:56:29.062-0500][gc,heap        ] GC(23455)  Metaspace       used 50313K, capacity 52468K, committed 53888K, reserved 1093632K
[2020-12-28T07:56:29.062-0500][gc,heap        ] GC(23455)   class space    used 7457K, capacity 8250K, committed 8832K, reserved 1048576K
[2020-12-28T07:56:29.062-0500][gc,start       ] GC(23455) Pause Young (Normal) (G1 Evacuation Pause)
[2020-12-28T07:56:29.062-0500][gc,task        ] GC(23455) Using 8 workers of 8 for evacuation
[2020-12-28T07:56:29.065-0500][gc,phases      ] GC(23455)   Pre Evacuate Collection Set: 0.0ms
[2020-12-28T07:56:29.065-0500][gc,phases      ] GC(23455)   Evacuate Collection Set: 1.3ms
[2020-12-28T07:56:29.065-0500][gc,phases      ] GC(23455)   Post Evacuate Collection Set: 1.6ms
[2020-12-28T07:56:29.065-0500][gc,phases      ] GC(23455)   Other: 0.4ms
[2020-12-28T07:56:29.065-0500][gc,heap        ] GC(23455) Eden regions: 9->0(9)
[2020-12-28T07:56:29.065-0500][gc,heap        ] GC(23455) Survivor regions: 1->1(2)
[2020-12-28T07:56:29.065-0500][gc,heap        ] GC(23455) Old regions: 41->41
[2020-12-28T07:56:29.065-0500][gc,heap        ] GC(23455) Humongous regions: 4->4
[2020-12-28T07:56:29.065-0500][gc,metaspace   ] GC(23455) Metaspace: 50313K->50313K(1093632K)
[2020-12-28T07:56:29.065-0500][gc,heap        ] GC(23455) Heap after GC invocations=23456 (full 5368): garbage-first heap   total 64512K, used 43394K [0x0000000083000000, 0x0000000100000000)
[2020-12-28T07:56:29.065-0500][gc,heap        ] GC(23455)   region size 1024K, 1 young (1024K), 1 survivors (1024K)
[2020-12-28T07:56:29.065-0500][gc,heap        ] GC(23455)  Metaspace       used 50313K, capacity 52468K, committed 53888K, reserved 1093632K
[2020-12-28T07:56:29.065-0500][gc,heap        ] GC(23455)   class space    used 7457K, capacity 8250K, committed 8832K, reserved 1048576K
[2020-12-28T07:56:29.065-0500][gc             ] GC(23455) Pause Young (Normal) (G1 Evacuation Pause) 51M->42M(63M) 3.334ms
[2020-12-28T07:56:29.065-0500][gc,cpu         ] GC(23455) User=0.01s Sys=0.01s Real=0.00s
[2020-12-28T07:56:45.192-0500][gc,task        ] GC(23456) Using 5 workers of 8 for full compaction
[2020-12-28T07:56:45.192-0500][gc,start       ] GC(23456) Pause Full (System.gc())
[2020-12-28T07:56:45.192-0500][gc,heap        ] GC(23456) Heap before GC invocations=23456 (full 5368): garbage-first heap   total 64512K, used 44418K [0x0000000083000000, 0x0000000100000000)
[2020-12-28T07:56:45.192-0500][gc,heap        ] GC(23456)   region size 1024K, 3 young (3072K), 1 survivors (1024K)
[2020-12-28T07:56:45.192-0500][gc,heap        ] GC(23456)  Metaspace       used 50313K, capacity 52468K, committed 53888K, reserved 1093632K
[2020-12-28T07:56:45.192-0500][gc,heap        ] GC(23456)   class space    used 7457K, capacity 8250K, committed 8832K, reserved 1048576K
[2020-12-28T07:56:45.193-0500][gc,phases,start] GC(23456) Phase 1: Mark live objects
[2020-12-28T07:56:45.230-0500][gc,stringtable ] GC(23456) Cleaned string and symbol table, strings: 33317 processed, 4 removed, symbols: 120973 processed, 0 removed
[2020-12-28T07:56:45.230-0500][gc,phases      ] GC(23456) Phase 1: Mark live objects 37.216ms
[2020-12-28T07:56:45.230-0500][gc,phases,start] GC(23456) Phase 2: Prepare for compaction
[2020-12-28T07:56:45.236-0500][gc,phases      ] GC(23456) Phase 2: Prepare for compaction 6.307ms
[2020-12-28T07:56:45.236-0500][gc,phases,start] GC(23456) Phase 3: Adjust pointers
[2020-12-28T07:56:45.251-0500][gc,phases      ] GC(23456) Phase 3: Adjust pointers 14.474ms
[2020-12-28T07:56:45.251-0500][gc,phases,start] GC(23456) Phase 4: Compact heap
[2020-12-28T07:56:45.253-0500][gc,phases      ] GC(23456) Phase 4: Compact heap 2.507ms
[2020-12-28T07:56:45.258-0500][gc,heap        ] GC(23456) Eden regions: 2->0(10)
[2020-12-28T07:56:45.258-0500][gc,heap        ] GC(23456) Survivor regions: 1->0(2)
[2020-12-28T07:56:45.258-0500][gc,heap        ] GC(23456) Old regions: 41->41
[2020-12-28T07:56:45.258-0500][gc,heap        ] GC(23456) Humongous regions: 4->4
[2020-12-28T07:56:45.258-0500][gc,metaspace   ] GC(23456) Metaspace: 50313K->50313K(1093632K)
[2020-12-28T07:56:45.258-0500][gc,heap        ] GC(23456) Heap after GC invocations=23457 (full 5369): garbage-first heap   total 64512K, used 43317K [0x0000000083000000, 0x0000000100000000)
[2020-12-28T07:56:45.258-0500][gc,heap        ] GC(23456)   region size 1024K, 0 young (0K), 0 survivors (0K)
[2020-12-28T07:56:45.258-0500][gc,heap        ] GC(23456)  Metaspace       used 50313K, capacity 52468K, committed 53888K, reserved 1093632K
[2020-12-28T07:56:45.258-0500][gc,heap        ] GC(23456)   class space    used 7457K, capacity 8250K, committed 8832K, reserved 1048576K
[2020-12-28T07:56:45.259-0500][gc             ] GC(23456) Pause Full (System.gc()) 43M->42M(63M) 66.253ms
[2020-12-28T07:56:45.259-0500][gc,cpu         ] GC(23456) User=0.30s Sys=0.00s Real=0.07s
[2020-12-28T07:59:17.564-0500][gc,heap        ] GC(23457) Heap before GC invocations=23457 (full 5369): garbage-first heap   total 64512K, used 52533K [0x0000000083000000, 0x0000000100000000)
[2020-12-28T07:59:17.564-0500][gc,heap        ] GC(23457)   region size 1024K, 10 young (10240K), 0 survivors (0K)
[2020-12-28T07:59:17.564-0500][gc,heap        ] GC(23457)  Metaspace       used 50313K, capacity 52468K, committed 53888K, reserved 1093632K
[2020-12-28T07:59:17.564-0500][gc,heap        ] GC(23457)   class space    used 7457K, capacity 8250K, committed 8832K, reserved 1048576K
[2020-12-28T07:59:17.564-0500][gc,start       ] GC(23457) Pause Young (Normal) (G1 Evacuation Pause)
[2020-12-28T07:59:17.565-0500][gc,task        ] GC(23457) Using 8 workers of 8 for evacuation
[2020-12-28T07:59:17.568-0500][gc,phases      ] GC(23457)   Pre Evacuate Collection Set: 0.0ms
[2020-12-28T07:59:17.568-0500][gc,phases      ] GC(23457)   Evacuate Collection Set: 0.9ms
[2020-12-28T07:59:17.568-0500][gc,phases      ] GC(23457)   Post Evacuate Collection Set: 2.4ms
[2020-12-28T07:59:17.568-0500][gc,phases      ] GC(23457)   Other: 0.2ms
[2020-12-28T07:59:17.568-0500][gc,heap        ] GC(23457) Eden regions: 10->0(9)
[2020-12-28T07:59:17.568-0500][gc,heap        ] GC(23457) Survivor regions: 0->1(2)
[2020-12-28T07:59:17.568-0500][gc,heap        ] GC(23457) Old regions: 41->41
[2020-12-28T07:59:17.568-0500][gc,heap        ] GC(23457) Humongous regions: 4->4
[2020-12-28T07:59:17.568-0500][gc,metaspace   ] GC(23457) Metaspace: 50313K->50313K(1093632K)
[2020-12-28T07:59:17.568-0500][gc,heap        ] GC(23457) Heap after GC invocations=23458 (full 5369): garbage-first heap   total 64512K, used 43390K [0x0000000083000000, 0x0000000100000000)
[2020-12-28T07:59:17.568-0500][gc,heap        ] GC(23457)   region size 1024K, 1 young (1024K), 1 survivors (1024K)
[2020-12-28T07:59:17.568-0500][gc,heap        ] GC(23457)  Metaspace       used 50313K, capacity 52468K, committed 53888K, reserved 1093632K
[2020-12-28T07:59:17.568-0500][gc,heap        ] GC(23457)   class space    used 7457K, capacity 8250K, committed 8832K, reserved 1048576K
[2020-12-28T07:59:17.568-0500][gc             ] GC(23457) Pause Young (Normal) (G1 Evacuation Pause) 52M->42M(63M) 3.761ms
[2020-12-28T07:59:17.568-0500][gc,cpu         ] GC(23457) User=0.00s Sys=0.01s Real=0.01s
[2020-12-28T08:01:29.060-0500][gc,heap        ] GC(23458) Heap before GC invocations=23458 (full 5369): garbage-first heap   total 64512K, used 51582K [0x0000000083000000, 0x0000000100000000)
[2020-12-28T08:01:29.061-0500][gc,heap        ] GC(23458)   region size 1024K, 10 young (10240K), 1 survivors (1024K)
[2020-12-28T08:01:29.061-0500][gc,heap        ] GC(23458)  Metaspace       used 50313K, capacity 52468K, committed 53888K, reserved 1093632K
[2020-12-28T08:01:29.061-0500][gc,heap        ] GC(23458)   class space    used 7457K, capacity 8250K, committed 8832K, reserved 1048576K
[2020-12-28T08:01:29.061-0500][gc,start       ] GC(23458) Pause Young (Normal) (G1 Evacuation Pause)
[2020-12-28T08:01:29.061-0500][gc,task        ] GC(23458) Using 8 workers of 8 for evacuation
[2020-12-28T08:01:29.062-0500][gc,phases      ] GC(23458)   Pre Evacuate Collection Set: 0.0ms
[2020-12-28T08:01:29.062-0500][gc,phases      ] GC(23458)   Evacuate Collection Set: 0.7ms
[2020-12-28T08:01:29.062-0500][gc,phases      ] GC(23458)   Post Evacuate Collection Set: 0.9ms
[2020-12-28T08:01:29.062-0500][gc,phases      ] GC(23458)   Other: 0.3ms
[2020-12-28T08:01:29.062-0500][gc,heap        ] GC(23458) Eden regions: 9->0(9)
[2020-12-28T08:01:29.062-0500][gc,heap        ] GC(23458) Survivor regions: 1->1(2)
[2020-12-28T08:01:29.062-0500][gc,heap        ] GC(23458) Old regions: 41->41
[2020-12-28T08:01:29.062-0500][gc,heap        ] GC(23458) Humongous regions: 4->4
[2020-12-28T08:01:29.062-0500][gc,metaspace   ] GC(23458) Metaspace: 50313K->50313K(1093632K)
[2020-12-28T08:01:29.062-0500][gc,heap        ] GC(23458) Heap after GC invocations=23459 (full 5369): garbage-first heap   total 64512K, used 43396K [0x0000000083000000, 0x0000000100000000)
[2020-12-28T08:01:29.062-0500][gc,heap        ] GC(23458)   region size 1024K, 1 young (1024K), 1 survivors (1024K)
[2020-12-28T08:01:29.062-0500][gc,heap        ] GC(23458)  Metaspace       used 50313K, capacity 52468K, committed 53888K, reserved 1093632K
[2020-12-28T08:01:29.062-0500][gc,heap        ] GC(23458)   class space    used 7457K, capacity 8250K, committed 8832K, reserved 1048576K
[2020-12-28T08:01:29.062-0500][gc             ] GC(23458) Pause Young (Normal) (G1 Evacuation Pause) 51M->42M(63M) 1.867ms
[2020-12-28T08:01:29.063-0500][gc,cpu         ] GC(23458) User=0.00s Sys=0.01s Real=0.00s
[2020-12-28T08:01:45.192-0500][gc,task        ] GC(23459) Using 5 workers of 8 for full compaction
[2020-12-28T08:01:45.192-0500][gc,start       ] GC(23459) Pause Full (System.gc())
[2020-12-28T08:01:45.192-0500][gc,heap        ] GC(23459) Heap before GC invocations=23459 (full 5369): garbage-first heap   total 64512K, used 44420K [0x0000000083000000, 0x0000000100000000)
[2020-12-28T08:01:45.192-0500][gc,heap        ] GC(23459)   region size 1024K, 3 young (3072K), 1 survivors (1024K)
[2020-12-28T08:01:45.192-0500][gc,heap        ] GC(23459)  Metaspace       used 50313K, capacity 52468K, committed 53888K, reserved 1093632K
[2020-12-28T08:01:45.192-0500][gc,heap        ] GC(23459)   class space    used 7457K, capacity 8250K, committed 8832K, reserved 1048576K
[2020-12-28T08:01:45.192-0500][gc,phases,start] GC(23459) Phase 1: Mark live objects
[2020-12-28T08:01:45.225-0500][gc,stringtable ] GC(23459) Cleaned string and symbol table, strings: 33317 processed, 4 removed, symbols: 120973 processed, 0 removed
[2020-12-28T08:01:45.225-0500][gc,phases      ] GC(23459) Phase 1: Mark live objects 32.805ms
[2020-12-28T08:01:45.225-0500][gc,phases,start] GC(23459) Phase 2: Prepare for compaction
[2020-12-28T08:01:45.228-0500][gc,phases      ] GC(23459) Phase 2: Prepare for compaction 3.154ms
[2020-12-28T08:01:45.228-0500][gc,phases,start] GC(23459) Phase 3: Adjust pointers
[2020-12-28T08:01:45.239-0500][gc,phases      ] GC(23459) Phase 3: Adjust pointers 10.213ms
[2020-12-28T08:01:45.239-0500][gc,phases,start] GC(23459) Phase 4: Compact heap
[2020-12-28T08:01:45.241-0500][gc,phases      ] GC(23459) Phase 4: Compact heap 2.574ms
[2020-12-28T08:01:45.246-0500][gc,heap        ] GC(23459) Eden regions: 2->0(9)
[2020-12-28T08:01:45.246-0500][gc,heap        ] GC(23459) Survivor regions: 1->0(2)
[2020-12-28T08:01:45.246-0500][gc,heap        ] GC(23459) Old regions: 41->42
[2020-12-28T08:01:45.246-0500][gc,heap        ] GC(23459) Humongous regions: 4->4
[2020-12-28T08:01:45.246-0500][gc,metaspace   ] GC(23459) Metaspace: 50313K->50313K(1093632K)
[2020-12-28T08:01:45.246-0500][gc,heap        ] GC(23459) Heap after GC invocations=23460 (full 5370): garbage-first heap   total 64512K, used 43313K [0x0000000083000000, 0x0000000100000000)
[2020-12-28T08:01:45.246-0500][gc,heap        ] GC(23459)   region size 1024K, 0 young (0K), 0 survivors (0K)
[2020-12-28T08:01:45.246-0500][gc,heap        ] GC(23459)  Metaspace       used 50313K, capacity 52468K, committed 53888K, reserved 1093632K
[2020-12-28T08:01:45.246-0500][gc,heap        ] GC(23459)   class space    used 7457K, capacity 8250K, committed 8832K, reserved 1048576K
[2020-12-28T08:01:45.246-0500][gc             ] GC(23459) Pause Full (System.gc()) 43M->42M(63M) 53.708ms
[2020-12-28T08:01:45.246-0500][gc,cpu         ] GC(23459) User=0.23s Sys=0.00s Real=0.05s
[2020-12-28T08:03:59.067-0500][gc,heap        ] GC(23460) Heap before GC invocations=23460 (full 5370): garbage-first heap   total 64512K, used 52529K [0x0000000083000000, 0x0000000100000000)
[2020-12-28T08:03:59.067-0500][gc,heap        ] GC(23460)   region size 1024K, 9 young (9216K), 0 survivors (0K)
[2020-12-28T08:03:59.067-0500][gc,heap        ] GC(23460)  Metaspace       used 50313K, capacity 52468K, committed 53888K, reserved 1093632K
[2020-12-28T08:03:59.067-0500][gc,heap        ] GC(23460)   class space    used 7457K, capacity 8250K, committed 8832K, reserved 1048576K
[2020-12-28T08:03:59.067-0500][gc,start       ] GC(23460) Pause Young (Normal) (G1 Evacuation Pause)
[2020-12-28T08:03:59.067-0500][gc,task        ] GC(23460) Using 8 workers of 8 for evacuation
[2020-12-28T08:03:59.070-0500][gc,phases      ] GC(23460)   Pre Evacuate Collection Set: 0.0ms
[2020-12-28T08:03:59.070-0500][gc,phases      ] GC(23460)   Evacuate Collection Set: 1.4ms
[2020-12-28T08:03:59.070-0500][gc,phases      ] GC(23460)   Post Evacuate Collection Set: 2.0ms
[2020-12-28T08:03:59.071-0500][gc,phases      ] GC(23460)   Other: 0.4ms
[2020-12-28T08:03:59.071-0500][gc,heap        ] GC(23460) Eden regions: 9->0(8)
[2020-12-28T08:03:59.071-0500][gc,heap        ] GC(23460) Survivor regions: 0->1(2)
[2020-12-28T08:03:59.071-0500][gc,heap        ] GC(23460) Old regions: 42->42
[2020-12-28T08:03:59.071-0500][gc,heap        ] GC(23460) Humongous regions: 4->4
[2020-12-28T08:03:59.071-0500][gc,metaspace   ] GC(23460) Metaspace: 50313K->50313K(1093632K)
[2020-12-28T08:03:59.071-0500][gc,heap        ] GC(23460) Heap after GC invocations=23461 (full 5370): garbage-first heap   total 64512K, used 43367K [0x0000000083000000, 0x0000000100000000)
[2020-12-28T08:03:59.071-0500][gc,heap        ] GC(23460)   region size 1024K, 1 young (1024K), 1 survivors (1024K)
[2020-12-28T08:03:59.071-0500][gc,heap        ] GC(23460)  Metaspace       used 50313K, capacity 52468K, committed 53888K, reserved 1093632K
[2020-12-28T08:03:59.071-0500][gc,heap        ] GC(23460)   class space    used 7457K, capacity 8250K, committed 8832K, reserved 1048576K
[2020-12-28T08:03:59.071-0500][gc             ] GC(23460) Pause Young (Normal) (G1 Evacuation Pause) 51M->42M(63M) 3.847ms
[2020-12-28T08:03:59.071-0500][gc,cpu         ] GC(23460) User=0.00s Sys=0.01s Real=0.01s
[2020-12-28T08:05:59.066-0500][gc,heap        ] GC(23461) Heap before GC invocations=23461 (full 5370): garbage-first heap   total 64512K, used 50535K [0x0000000083000000, 0x0000000100000000)
[2020-12-28T08:05:59.066-0500][gc,heap        ] GC(23461)   region size 1024K, 9 young (9216K), 1 survivors (1024K)
[2020-12-28T08:05:59.066-0500][gc,heap        ] GC(23461)  Metaspace       used 50313K, capacity 52468K, committed 53888K, reserved 1093632K
[2020-12-28T08:05:59.066-0500][gc,heap        ] GC(23461)   class space    used 7457K, capacity 8250K, committed 8832K, reserved 1048576K
[2020-12-28T08:05:59.066-0500][gc,start       ] GC(23461) Pause Young (Normal) (G1 Evacuation Pause)
[2020-12-28T08:05:59.066-0500][gc,task        ] GC(23461) Using 8 workers of 8 for evacuation
[2020-12-28T08:05:59.071-0500][gc,phases      ] GC(23461)   Pre Evacuate Collection Set: 0.0ms
[2020-12-28T08:05:59.072-0500][gc,phases      ] GC(23461)   Evacuate Collection Set: 1.1ms
[2020-12-28T08:05:59.072-0500][gc,phases      ] GC(23461)   Post Evacuate Collection Set: 4.2ms
[2020-12-28T08:05:59.072-0500][gc,phases      ] GC(23461)   Other: 0.4ms
[2020-12-28T08:05:59.072-0500][gc,heap        ] GC(23461) Eden regions: 8->0(8)
[2020-12-28T08:05:59.072-0500][gc,heap        ] GC(23461) Survivor regions: 1->1(2)
[2020-12-28T08:05:59.072-0500][gc,heap        ] GC(23461) Old regions: 42->42
[2020-12-28T08:05:59.072-0500][gc,heap        ] GC(23461) Humongous regions: 4->4
[2020-12-28T08:05:59.072-0500][gc,metaspace   ] GC(23461) Metaspace: 50313K->50313K(1093632K)
[2020-12-28T08:05:59.072-0500][gc,heap        ] GC(23461) Heap after GC invocations=23462 (full 5370): garbage-first heap   total 64512K, used 43368K [0x0000000083000000, 0x0000000100000000)
[2020-12-28T08:05:59.072-0500][gc,heap        ] GC(23461)   region size 1024K, 1 young (1024K), 1 survivors (1024K)
[2020-12-28T08:05:59.072-0500][gc,heap        ] GC(23461)  Metaspace       used 50313K, capacity 52468K, committed 53888K, reserved 1093632K
[2020-12-28T08:05:59.072-0500][gc,heap        ] GC(23461)   class space    used 7457K, capacity 8250K, committed 8832K, reserved 1048576K
[2020-12-28T08:05:59.072-0500][gc             ] GC(23461) Pause Young (Normal) (G1 Evacuation Pause) 50M->42M(63M) 5.896ms
[2020-12-28T08:05:59.072-0500][gc,cpu         ] GC(23461) User=0.02s Sys=0.01s Real=0.01s
[2020-12-28T08:06:45.189-0500][gc,task        ] GC(23462) Using 5 workers of 8 for full compaction
[2020-12-28T08:06:45.189-0500][gc,start       ] GC(23462) Pause Full (System.gc())
[2020-12-28T08:06:45.189-0500][gc,heap        ] GC(23462) Heap before GC invocations=23462 (full 5370): garbage-first heap   total 64512K, used 45416K [0x0000000083000000, 0x0000000100000000)
[2020-12-28T08:06:45.189-0500][gc,heap        ] GC(23462)   region size 1024K, 4 young (4096K), 1 survivors (1024K)
[2020-12-28T08:06:45.189-0500][gc,heap        ] GC(23462)  Metaspace       used 50313K, capacity 52468K, committed 53888K, reserved 1093632K
[2020-12-28T08:06:45.189-0500][gc,heap        ] GC(23462)   class space    used 7457K, capacity 8250K, committed 8832K, reserved 1048576K
[2020-12-28T08:06:45.189-0500][gc,phases,start] GC(23462) Phase 1: Mark live objects
[2020-12-28T08:06:45.208-0500][gc,stringtable ] GC(23462) Cleaned string and symbol table, strings: 33317 processed, 4 removed, symbols: 120973 processed, 0 removed
[2020-12-28T08:06:45.208-0500][gc,phases      ] GC(23462) Phase 1: Mark live objects 18.671ms
[2020-12-28T08:06:45.208-0500][gc,phases,start] GC(23462) Phase 2: Prepare for compaction
[2020-12-28T08:06:45.212-0500][gc,phases      ] GC(23462) Phase 2: Prepare for compaction 4.001ms
[2020-12-28T08:06:45.212-0500][gc,phases,start] GC(23462) Phase 3: Adjust pointers
[2020-12-28T08:06:45.223-0500][gc,phases      ] GC(23462) Phase 3: Adjust pointers 10.473ms
[2020-12-28T08:06:45.223-0500][gc,phases,start] GC(23462) Phase 4: Compact heap
[2020-12-28T08:06:45.226-0500][gc,phases      ] GC(23462) Phase 4: Compact heap 3.328ms
[2020-12-28T08:06:45.230-0500][gc,heap        ] GC(23462) Eden regions: 3->0(10)
[2020-12-28T08:06:45.230-0500][gc,heap        ] GC(23462) Survivor regions: 1->0(2)
[2020-12-28T08:06:45.230-0500][gc,heap        ] GC(23462) Old regions: 42->41
[2020-12-28T08:06:45.230-0500][gc,heap        ] GC(23462) Humongous regions: 4->4
[2020-12-28T08:06:45.230-0500][gc,metaspace   ] GC(23462) Metaspace: 50313K->50313K(1093632K)
[2020-12-28T08:06:45.230-0500][gc,heap        ] GC(23462) Heap after GC invocations=23463 (full 5371): garbage-first heap   total 64512K, used 43325K [0x0000000083000000, 0x0000000100000000)
[2020-12-28T08:06:45.230-0500][gc,heap        ] GC(23462)   region size 1024K, 0 young (0K), 0 survivors (0K)
[2020-12-28T08:06:45.230-0500][gc,heap        ] GC(23462)  Metaspace       used 50313K, capacity 52468K, committed 53888K, reserved 1093632K
[2020-12-28T08:06:45.230-0500][gc,heap        ] GC(23462)   class space    used 7457K, capacity 8250K, committed 8832K, reserved 1048576K
[2020-12-28T08:06:45.230-0500][gc             ] GC(23462) Pause Full (System.gc()) 45M->42M(63M) 41.192ms
[2020-12-28T08:06:45.230-0500][gc,cpu         ] GC(23462) User=0.16s Sys=0.00s Real=0.04s
[2020-12-28T08:09:09.062-0500][gc,heap        ] GC(23463) Heap before GC invocations=23463 (full 5371): garbage-first heap   total 64512K, used 52541K [0x0000000083000000, 0x0000000100000000)
[2020-12-28T08:09:09.062-0500][gc,heap        ] GC(23463)   region size 1024K, 10 young (10240K), 0 survivors (0K)
[2020-12-28T08:09:09.062-0500][gc,heap        ] GC(23463)  Metaspace       used 50313K, capacity 52468K, committed 53888K, reserved 1093632K
[2020-12-28T08:09:09.062-0500][gc,heap        ] GC(23463)   class space    used 7457K, capacity 8250K, committed 8832K, reserved 1048576K
[2020-12-28T08:09:09.062-0500][gc,start       ] GC(23463) Pause Young (Normal) (G1 Evacuation Pause)
[2020-12-28T08:09:09.062-0500][gc,task        ] GC(23463) Using 8 workers of 8 for evacuation
[2020-12-28T08:09:09.068-0500][gc,phases      ] GC(23463)   Pre Evacuate Collection Set: 0.0ms
[2020-12-28T08:09:09.068-0500][gc,phases      ] GC(23463)   Evacuate Collection Set: 3.2ms
[2020-12-28T08:09:09.068-0500][gc,phases      ] GC(23463)   Post Evacuate Collection Set: 2.4ms
[2020-12-28T08:09:09.068-0500][gc,phases      ] GC(23463)   Other: 0.4ms
[2020-12-28T08:09:09.068-0500][gc,heap        ] GC(23463) Eden regions: 10->0(9)
[2020-12-28T08:09:09.068-0500][gc,heap        ] GC(23463) Survivor regions: 0->1(2)
[2020-12-28T08:09:09.068-0500][gc,heap        ] GC(23463) Old regions: 41->41
[2020-12-28T08:09:09.068-0500][gc,heap        ] GC(23463) Humongous regions: 4->4
[2020-12-28T08:09:09.068-0500][gc,metaspace   ] GC(23463) Metaspace: 50313K->50313K(1093632K)
[2020-12-28T08:09:09.068-0500][gc,heap        ] GC(23463) Heap after GC invocations=23464 (full 5371): garbage-first heap   total 64512K, used 43393K [0x0000000083000000, 0x0000000100000000)
[2020-12-28T08:09:09.068-0500][gc,heap        ] GC(23463)   region size 1024K, 1 young (1024K), 1 survivors (1024K)
[2020-12-28T08:09:09.068-0500][gc,heap        ] GC(23463)  Metaspace       used 50313K, capacity 52468K, committed 53888K, reserved 1093632K
[2020-12-28T08:09:09.068-0500][gc,heap        ] GC(23463)   class space    used 7457K, capacity 8250K, committed 8832K, reserved 1048576K
[2020-12-28T08:09:09.068-0500][gc             ] GC(23463) Pause Young (Normal) (G1 Evacuation Pause) 52M->42M(63M) 6.162ms
[2020-12-28T08:09:09.068-0500][gc,cpu         ] GC(23463) User=0.01s Sys=0.01s Real=0.01s
[2020-12-28T08:11:19.069-0500][gc,heap        ] GC(23464) Heap before GC invocations=23464 (full 5371): garbage-first heap   total 64512K, used 51585K [0x0000000083000000, 0x0000000100000000)
[2020-12-28T08:11:19.069-0500][gc,heap        ] GC(23464)   region size 1024K, 10 young (10240K), 1 survivors (1024K)
[2020-12-28T08:11:19.069-0500][gc,heap        ] GC(23464)  Metaspace       used 50313K, capacity 52468K, committed 53888K, reserved 1093632K
[2020-12-28T08:11:19.069-0500][gc,heap        ] GC(23464)   class space    used 7457K, capacity 8250K, committed 8832K, reserved 1048576K
[2020-12-28T08:11:19.069-0500][gc,start       ] GC(23464) Pause Young (Normal) (G1 Evacuation Pause)
[2020-12-28T08:11:19.069-0500][gc,task        ] GC(23464) Using 8 workers of 8 for evacuation
[2020-12-28T08:11:19.074-0500][gc,phases      ] GC(23464)   Pre Evacuate Collection Set: 0.0ms
[2020-12-28T08:11:19.074-0500][gc,phases      ] GC(23464)   Evacuate Collection Set: 1.6ms
[2020-12-28T08:11:19.074-0500][gc,phases      ] GC(23464)   Post Evacuate Collection Set: 2.6ms
[2020-12-28T08:11:19.074-0500][gc,phases      ] GC(23464)   Other: 0.5ms
[2020-12-28T08:11:19.074-0500][gc,heap        ] GC(23464) Eden regions: 9->0(9)
[2020-12-28T08:11:19.074-0500][gc,heap        ] GC(23464) Survivor regions: 1->1(2)
[2020-12-28T08:11:19.074-0500][gc,heap        ] GC(23464) Old regions: 41->41
[2020-12-28T08:11:19.074-0500][gc,heap        ] GC(23464) Humongous regions: 4->4
[2020-12-28T08:11:19.074-0500][gc,metaspace   ] GC(23464) Metaspace: 50313K->50313K(1093632K)
[2020-12-28T08:11:19.074-0500][gc,heap        ] GC(23464) Heap after GC invocations=23465 (full 5371): garbage-first heap   total 64512K, used 43403K [0x0000000083000000, 0x0000000100000000)
[2020-12-28T08:11:19.074-0500][gc,heap        ] GC(23464)   region size 1024K, 1 young (1024K), 1 survivors (1024K)
[2020-12-28T08:11:19.074-0500][gc,heap        ] GC(23464)  Metaspace       used 50313K, capacity 52468K, committed 53888K, reserved 1093632K
[2020-12-28T08:11:19.074-0500][gc,heap        ] GC(23464)   class space    used 7457K, capacity 8250K, committed 8832K, reserved 1048576K
[2020-12-28T08:11:19.074-0500][gc             ] GC(23464) Pause Young (Normal) (G1 Evacuation Pause) 51M->42M(63M) 4.978ms
[2020-12-28T08:11:19.074-0500][gc,cpu         ] GC(23464) User=0.02s Sys=0.00s Real=0.00s
[2020-12-28T08:11:45.192-0500][gc,task        ] GC(23465) Using 5 workers of 8 for full compaction
[2020-12-28T08:11:45.192-0500][gc,start       ] GC(23465) Pause Full (System.gc())
[2020-12-28T08:11:45.192-0500][gc,heap        ] GC(23465) Heap before GC invocations=23465 (full 5371): garbage-first heap   total 64512K, used 44427K [0x0000000083000000, 0x0000000100000000)
[2020-12-28T08:11:45.192-0500][gc,heap        ] GC(23465)   region size 1024K, 3 young (3072K), 1 survivors (1024K)
[2020-12-28T08:11:45.192-0500][gc,heap        ] GC(23465)  Metaspace       used 50313K, capacity 52468K, committed 53888K, reserved 1093632K
[2020-12-28T08:11:45.193-0500][gc,heap        ] GC(23465)   class space    used 7457K, capacity 8250K, committed 8832K, reserved 1048576K
[2020-12-28T08:11:45.193-0500][gc,phases,start] GC(23465) Phase 1: Mark live objects
[2020-12-28T08:11:45.233-0500][gc,stringtable ] GC(23465) Cleaned string and symbol table, strings: 33317 processed, 4 removed, symbols: 120973 processed, 0 removed
[2020-12-28T08:11:45.233-0500][gc,phases      ] GC(23465) Phase 1: Mark live objects 40.499ms
[2020-12-28T08:11:45.233-0500][gc,phases,start] GC(23465) Phase 2: Prepare for compaction
[2020-12-28T08:11:45.238-0500][gc,phases      ] GC(23465) Phase 2: Prepare for compaction 4.232ms
[2020-12-28T08:11:45.238-0500][gc,phases,start] GC(23465) Phase 3: Adjust pointers
[2020-12-28T08:11:45.248-0500][gc,phases      ] GC(23465) Phase 3: Adjust pointers 10.602ms
[2020-12-28T08:11:45.248-0500][gc,phases,start] GC(23465) Phase 4: Compact heap
[2020-12-28T08:11:45.251-0500][gc,phases      ] GC(23465) Phase 4: Compact heap 2.901ms
[2020-12-28T08:11:45.255-0500][gc,heap        ] GC(23465) Eden regions: 2->0(10)
[2020-12-28T08:11:45.256-0500][gc,heap        ] GC(23465) Survivor regions: 1->0(2)
[2020-12-28T08:11:45.256-0500][gc,heap        ] GC(23465) Old regions: 41->41
[2020-12-28T08:11:45.256-0500][gc,heap        ] GC(23465) Humongous regions: 4->4
[2020-12-28T08:11:45.256-0500][gc,metaspace   ] GC(23465) Metaspace: 50313K->50313K(1093632K)
[2020-12-28T08:11:45.256-0500][gc,heap        ] GC(23465) Heap after GC invocations=23466 (full 5372): garbage-first heap   total 64512K, used 43314K [0x0000000083000000, 0x0000000100000000)
[2020-12-28T08:11:45.256-0500][gc,heap        ] GC(23465)   region size 1024K, 0 young (0K), 0 survivors (0K)
[2020-12-28T08:11:45.256-0500][gc,heap        ] GC(23465)  Metaspace       used 50313K, capacity 52468K, committed 53888K, reserved 1093632K
[2020-12-28T08:11:45.256-0500][gc,heap        ] GC(23465)   class space    used 7457K, capacity 8250K, committed 8832K, reserved 1048576K
[2020-12-28T08:11:45.256-0500][gc             ] GC(23465) Pause Full (System.gc()) 43M->42M(63M) 63.193ms
[2020-12-28T08:11:45.256-0500][gc,cpu         ] GC(23465) User=0.28s Sys=0.00s Real=0.06s
[2020-12-28T08:14:11.483-0500][gc,heap        ] GC(23466) Heap before GC invocations=23466 (full 5372): garbage-first heap   total 64512K, used 52530K [0x0000000083000000, 0x0000000100000000)
[2020-12-28T08:14:11.483-0500][gc,heap        ] GC(23466)   region size 1024K, 10 young (10240K), 0 survivors (0K)
[2020-12-28T08:14:11.483-0500][gc,heap        ] GC(23466)  Metaspace       used 50313K, capacity 52468K, committed 53888K, reserved 1093632K
[2020-12-28T08:14:11.483-0500][gc,heap        ] GC(23466)   class space    used 7457K, capacity 8250K, committed 8832K, reserved 1048576K
[2020-12-28T08:14:11.483-0500][gc,start       ] GC(23466) Pause Young (Normal) (G1 Evacuation Pause)
[2020-12-28T08:14:11.483-0500][gc,task        ] GC(23466) Using 8 workers of 8 for evacuation
[2020-12-28T08:14:11.485-0500][gc,phases      ] GC(23466)   Pre Evacuate Collection Set: 0.0ms
[2020-12-28T08:14:11.485-0500][gc,phases      ] GC(23466)   Evacuate Collection Set: 0.7ms
[2020-12-28T08:14:11.485-0500][gc,phases      ] GC(23466)   Post Evacuate Collection Set: 1.3ms
[2020-12-28T08:14:11.485-0500][gc,phases      ] GC(23466)   Other: 0.3ms
[2020-12-28T08:14:11.485-0500][gc,heap        ] GC(23466) Eden regions: 10->0(9)
[2020-12-28T08:14:11.485-0500][gc,heap        ] GC(23466) Survivor regions: 0->1(2)
[2020-12-28T08:14:11.485-0500][gc,heap        ] GC(23466) Old regions: 41->41
[2020-12-28T08:14:11.485-0500][gc,heap        ] GC(23466) Humongous regions: 4->4
[2020-12-28T08:14:11.485-0500][gc,metaspace   ] GC(23466) Metaspace: 50313K->50313K(1093632K)
[2020-12-28T08:14:11.485-0500][gc,heap        ] GC(23466) Heap after GC invocations=23467 (full 5372): garbage-first heap   total 64512K, used 43385K [0x0000000083000000, 0x0000000100000000)
[2020-12-28T08:14:11.485-0500][gc,heap        ] GC(23466)   region size 1024K, 1 young (1024K), 1 survivors (1024K)
[2020-12-28T08:14:11.485-0500][gc,heap        ] GC(23466)  Metaspace       used 50313K, capacity 52468K, committed 53888K, reserved 1093632K
[2020-12-28T08:14:11.485-0500][gc,heap        ] GC(23466)   class space    used 7457K, capacity 8250K, committed 8832K, reserved 1048576K
[2020-12-28T08:14:11.485-0500][gc             ] GC(23466) Pause Young (Normal) (G1 Evacuation Pause) 52M->42M(63M) 2.462ms
[2020-12-28T08:14:11.485-0500][gc,cpu         ] GC(23466) User=0.00s Sys=0.01s Real=0.00s
[2020-12-28T08:16:29.063-0500][gc,heap        ] GC(23467) Heap before GC invocations=23467 (full 5372): garbage-first heap   total 64512K, used 52601K [0x0000000083000000, 0x0000000100000000)
[2020-12-28T08:16:29.063-0500][gc,heap        ] GC(23467)   region size 1024K, 10 young (10240K), 1 survivors (1024K)
[2020-12-28T08:16:29.063-0500][gc,heap        ] GC(23467)  Metaspace       used 50313K, capacity 52468K, committed 53888K, reserved 1093632K
[2020-12-28T08:16:29.063-0500][gc,heap        ] GC(23467)   class space    used 7457K, capacity 8250K, committed 8832K, reserved 1048576K
[2020-12-28T08:16:29.063-0500][gc,start       ] GC(23467) Pause Young (Normal) (G1 Evacuation Pause)
[2020-12-28T08:16:29.063-0500][gc,task        ] GC(23467) Using 8 workers of 8 for evacuation
[2020-12-28T08:16:29.067-0500][gc,phases      ] GC(23467)   Pre Evacuate Collection Set: 0.0ms
[2020-12-28T08:16:29.067-0500][gc,phases      ] GC(23467)   Evacuate Collection Set: 0.7ms
[2020-12-28T08:16:29.067-0500][gc,phases      ] GC(23467)   Post Evacuate Collection Set: 3.4ms
[2020-12-28T08:16:29.067-0500][gc,phases      ] GC(23467)   Other: 0.2ms
[2020-12-28T08:16:29.067-0500][gc,heap        ] GC(23467) Eden regions: 9->0(9)
[2020-12-28T08:16:29.067-0500][gc,heap        ] GC(23467) Survivor regions: 1->1(2)
[2020-12-28T08:16:29.067-0500][gc,heap        ] GC(23467) Old regions: 41->41
[2020-12-28T08:16:29.067-0500][gc,heap        ] GC(23467) Humongous regions: 4->4
[2020-12-28T08:16:29.067-0500][gc,metaspace   ] GC(23467) Metaspace: 50313K->50313K(1093632K)
[2020-12-28T08:16:29.067-0500][gc,heap        ] GC(23467) Heap after GC invocations=23468 (full 5372): garbage-first heap   total 64512K, used 43380K [0x0000000083000000, 0x0000000100000000)
[2020-12-28T08:16:29.067-0500][gc,heap        ] GC(23467)   region size 1024K, 1 young (1024K), 1 survivors (1024K)
[2020-12-28T08:16:29.067-0500][gc,heap        ] GC(23467)  Metaspace       used 50313K, capacity 52468K, committed 53888K, reserved 1093632K
[2020-12-28T08:16:29.067-0500][gc,heap        ] GC(23467)   class space    used 7457K, capacity 8250K, committed 8832K, reserved 1048576K
[2020-12-28T08:16:29.067-0500][gc             ] GC(23467) Pause Young (Normal) (G1 Evacuation Pause) 51M->42M(63M) 4.473ms
[2020-12-28T08:16:29.067-0500][gc,cpu         ] GC(23467) User=0.02s Sys=0.00s Real=0.00s
[2020-12-28T08:16:45.189-0500][gc,task        ] GC(23468) Using 5 workers of 8 for full compaction
[2020-12-28T08:16:45.190-0500][gc,start       ] GC(23468) Pause Full (System.gc())
[2020-12-28T08:16:45.190-0500][gc,heap        ] GC(23468) Heap before GC invocations=23468 (full 5372): garbage-first heap   total 64512K, used 44404K [0x0000000083000000, 0x0000000100000000)
[2020-12-28T08:16:45.190-0500][gc,heap        ] GC(23468)   region size 1024K, 3 young (3072K), 1 survivors (1024K)
[2020-12-28T08:16:45.190-0500][gc,heap        ] GC(23468)  Metaspace       used 50313K, capacity 52468K, committed 53888K, reserved 1093632K
[2020-12-28T08:16:45.190-0500][gc,heap        ] GC(23468)   class space    used 7457K, capacity 8250K, committed 8832K, reserved 1048576K
[2020-12-28T08:16:45.190-0500][gc,phases,start] GC(23468) Phase 1: Mark live objects
[2020-12-28T08:16:45.229-0500][gc,stringtable ] GC(23468) Cleaned string and symbol table, strings: 33317 processed, 4 removed, symbols: 120973 processed, 0 removed
[2020-12-28T08:16:45.229-0500][gc,phases      ] GC(23468) Phase 1: Mark live objects 38.645ms
[2020-12-28T08:16:45.229-0500][gc,phases,start] GC(23468) Phase 2: Prepare for compaction
[2020-12-28T08:16:45.232-0500][gc,phases      ] GC(23468) Phase 2: Prepare for compaction 3.685ms
[2020-12-28T08:16:45.233-0500][gc,phases,start] GC(23468) Phase 3: Adjust pointers
[2020-12-28T08:16:45.242-0500][gc,phases      ] GC(23468) Phase 3: Adjust pointers 9.329ms
[2020-12-28T08:16:45.242-0500][gc,phases,start] GC(23468) Phase 4: Compact heap
[2020-12-28T08:16:45.245-0500][gc,phases      ] GC(23468) Phase 4: Compact heap 2.834ms
[2020-12-28T08:16:45.249-0500][gc,heap        ] GC(23468) Eden regions: 2->0(9)
[2020-12-28T08:16:45.249-0500][gc,heap        ] GC(23468) Survivor regions: 1->0(2)
[2020-12-28T08:16:45.249-0500][gc,heap        ] GC(23468) Old regions: 41->42
[2020-12-28T08:16:45.249-0500][gc,heap        ] GC(23468) Humongous regions: 4->4
[2020-12-28T08:16:45.249-0500][gc,metaspace   ] GC(23468) Metaspace: 50313K->50313K(1093632K)
[2020-12-28T08:16:45.249-0500][gc,heap        ] GC(23468) Heap after GC invocations=23469 (full 5373): garbage-first heap   total 64512K, used 43312K [0x0000000083000000, 0x0000000100000000)
[2020-12-28T08:16:45.249-0500][gc,heap        ] GC(23468)   region size 1024K, 0 young (0K), 0 survivors (0K)
[2020-12-28T08:16:45.249-0500][gc,heap        ] GC(23468)  Metaspace       used 50313K, capacity 52468K, committed 53888K, reserved 1093632K
[2020-12-28T08:16:45.249-0500][gc,heap        ] GC(23468)   class space    used 7457K, capacity 8250K, committed 8832K, reserved 1048576K
[2020-12-28T08:16:45.249-0500][gc             ] GC(23468) Pause Full (System.gc()) 43M->42M(63M) 59.330ms
[2020-12-28T08:16:45.249-0500][gc,cpu         ] GC(23468) User=0.26s Sys=0.00s Real=0.06s
[2020-12-28T08:18:59.067-0500][gc,heap        ] GC(23469) Heap before GC invocations=23469 (full 5373): garbage-first heap   total 64512K, used 51504K [0x0000000083000000, 0x0000000100000000)
[2020-12-28T08:18:59.067-0500][gc,heap        ] GC(23469)   region size 1024K, 9 young (9216K), 0 survivors (0K)
[2020-12-28T08:18:59.067-0500][gc,heap        ] GC(23469)  Metaspace       used 50313K, capacity 52468K, committed 53888K, reserved 1093632K
[2020-12-28T08:18:59.067-0500][gc,heap        ] GC(23469)   class space    used 7457K, capacity 8250K, committed 8832K, reserved 1048576K
[2020-12-28T08:18:59.067-0500][gc,start       ] GC(23469) Pause Young (Normal) (G1 Evacuation Pause)
[2020-12-28T08:18:59.067-0500][gc,task        ] GC(23469) Using 8 workers of 8 for evacuation
[2020-12-28T08:18:59.082-0500][gc,phases      ] GC(23469)   Pre Evacuate Collection Set: 0.0ms
[2020-12-28T08:18:59.082-0500][gc,phases      ] GC(23469)   Evacuate Collection Set: 9.7ms
[2020-12-28T08:18:59.082-0500][gc,phases      ] GC(23469)   Post Evacuate Collection Set: 4.8ms
[2020-12-28T08:18:59.082-0500][gc,phases      ] GC(23469)   Other: 0.6ms
[2020-12-28T08:18:59.082-0500][gc,heap        ] GC(23469) Eden regions: 9->0(8)
[2020-12-28T08:18:59.082-0500][gc,heap        ] GC(23469) Survivor regions: 0->1(2)
[2020-12-28T08:18:59.082-0500][gc,heap        ] GC(23469) Old regions: 42->42
[2020-12-28T08:18:59.082-0500][gc,heap        ] GC(23469) Humongous regions: 4->4
[2020-12-28T08:18:59.082-0500][gc,metaspace   ] GC(23469) Metaspace: 50313K->50313K(1093632K)
[2020-12-28T08:18:59.082-0500][gc,heap        ] GC(23469) Heap after GC invocations=23470 (full 5373): garbage-first heap   total 64512K, used 43370K [0x0000000083000000, 0x0000000100000000)
[2020-12-28T08:18:59.082-0500][gc,heap        ] GC(23469)   region size 1024K, 1 young (1024K), 1 survivors (1024K)
[2020-12-28T08:18:59.082-0500][gc,heap        ] GC(23469)  Metaspace       used 50313K, capacity 52468K, committed 53888K, reserved 1093632K
[2020-12-28T08:18:59.082-0500][gc,heap        ] GC(23469)   class space    used 7457K, capacity 8250K, committed 8832K, reserved 1048576K
[2020-12-28T08:18:59.082-0500][gc             ] GC(23469) Pause Young (Normal) (G1 Evacuation Pause) 51M->42M(63M) 15.047ms
[2020-12-28T08:18:59.083-0500][gc,cpu         ] GC(23469) User=0.10s Sys=0.00s Real=0.02s
[2020-12-28T08:20:59.069-0500][gc,heap        ] GC(23470) Heap before GC invocations=23470 (full 5373): garbage-first heap   total 64512K, used 50538K [0x0000000083000000, 0x0000000100000000)
[2020-12-28T08:20:59.069-0500][gc,heap        ] GC(23470)   region size 1024K, 9 young (9216K), 1 survivors (1024K)
[2020-12-28T08:20:59.069-0500][gc,heap        ] GC(23470)  Metaspace       used 50313K, capacity 52468K, committed 53888K, reserved 1093632K
[2020-12-28T08:20:59.069-0500][gc,heap        ] GC(23470)   class space    used 7457K, capacity 8250K, committed 8832K, reserved 1048576K
[2020-12-28T08:20:59.069-0500][gc,start       ] GC(23470) Pause Young (Normal) (G1 Evacuation Pause)
[2020-12-28T08:20:59.069-0500][gc,task        ] GC(23470) Using 8 workers of 8 for evacuation
[2020-12-28T08:20:59.079-0500][gc,phases      ] GC(23470)   Pre Evacuate Collection Set: 0.0ms
[2020-12-28T08:20:59.079-0500][gc,phases      ] GC(23470)   Evacuate Collection Set: 1.1ms
[2020-12-28T08:20:59.079-0500][gc,phases      ] GC(23470)   Post Evacuate Collection Set: 8.1ms
[2020-12-28T08:20:59.079-0500][gc,phases      ] GC(23470)   Other: 0.4ms
[2020-12-28T08:20:59.079-0500][gc,heap        ] GC(23470) Eden regions: 8->0(8)
[2020-12-28T08:20:59.079-0500][gc,heap        ] GC(23470) Survivor regions: 1->1(2)
[2020-12-28T08:20:59.079-0500][gc,heap        ] GC(23470) Old regions: 42->42
[2020-12-28T08:20:59.079-0500][gc,heap        ] GC(23470) Humongous regions: 4->4
[2020-12-28T08:20:59.079-0500][gc,metaspace   ] GC(23470) Metaspace: 50313K->50313K(1093632K)
[2020-12-28T08:20:59.079-0500][gc,heap        ] GC(23470) Heap after GC invocations=23471 (full 5373): garbage-first heap   total 64512K, used 43366K [0x0000000083000000, 0x0000000100000000)
[2020-12-28T08:20:59.079-0500][gc,heap        ] GC(23470)   region size 1024K, 1 young (1024K), 1 survivors (1024K)
[2020-12-28T08:20:59.079-0500][gc,heap        ] GC(23470)  Metaspace       used 50313K, capacity 52468K, committed 53888K, reserved 1093632K
[2020-12-28T08:20:59.079-0500][gc,heap        ] GC(23470)   class space    used 7457K, capacity 8250K, committed 8832K, reserved 1048576K
[2020-12-28T08:20:59.079-0500][gc             ] GC(23470) Pause Young (Normal) (G1 Evacuation Pause) 50M->42M(63M) 9.861ms
[2020-12-28T08:20:59.079-0500][gc,cpu         ] GC(23470) User=0.04s Sys=0.01s Real=0.01s
[2020-12-28T08:21:45.190-0500][gc,task        ] GC(23471) Using 5 workers of 8 for full compaction
[2020-12-28T08:21:45.190-0500][gc,start       ] GC(23471) Pause Full (System.gc())
[2020-12-28T08:21:45.190-0500][gc,heap        ] GC(23471) Heap before GC invocations=23471 (full 5373): garbage-first heap   total 64512K, used 45414K [0x0000000083000000, 0x0000000100000000)
[2020-12-28T08:21:45.190-0500][gc,heap        ] GC(23471)   region size 1024K, 4 young (4096K), 1 survivors (1024K)
[2020-12-28T08:21:45.190-0500][gc,heap        ] GC(23471)  Metaspace       used 50313K, capacity 52468K, committed 53888K, reserved 1093632K
[2020-12-28T08:21:45.190-0500][gc,heap        ] GC(23471)   class space    used 7457K, capacity 8250K, committed 8832K, reserved 1048576K
[2020-12-28T08:21:45.191-0500][gc,phases,start] GC(23471) Phase 1: Mark live objects
[2020-12-28T08:21:45.230-0500][gc,stringtable ] GC(23471) Cleaned string and symbol table, strings: 33317 processed, 4 removed, symbols: 120973 processed, 0 removed
[2020-12-28T08:21:45.230-0500][gc,phases      ] GC(23471) Phase 1: Mark live objects 39.414ms
[2020-12-28T08:21:45.230-0500][gc,phases,start] GC(23471) Phase 2: Prepare for compaction
[2020-12-28T08:21:45.234-0500][gc,phases      ] GC(23471) Phase 2: Prepare for compaction 3.944ms
[2020-12-28T08:21:45.234-0500][gc,phases,start] GC(23471) Phase 3: Adjust pointers
[2020-12-28T08:21:45.244-0500][gc,phases      ] GC(23471) Phase 3: Adjust pointers 9.353ms
[2020-12-28T08:21:45.244-0500][gc,phases,start] GC(23471) Phase 4: Compact heap
[2020-12-28T08:21:45.247-0500][gc,phases      ] GC(23471) Phase 4: Compact heap 3.021ms
[2020-12-28T08:21:45.251-0500][gc,heap        ] GC(23471) Eden regions: 3->0(10)
[2020-12-28T08:21:45.251-0500][gc,heap        ] GC(23471) Survivor regions: 1->0(2)
[2020-12-28T08:21:45.251-0500][gc,heap        ] GC(23471) Old regions: 42->41
[2020-12-28T08:21:45.251-0500][gc,heap        ] GC(23471) Humongous regions: 4->4
[2020-12-28T08:21:45.251-0500][gc,metaspace   ] GC(23471) Metaspace: 50313K->50313K(1093632K)
[2020-12-28T08:21:45.251-0500][gc,heap        ] GC(23471) Heap after GC invocations=23472 (full 5374): garbage-first heap   total 64512K, used 43325K [0x0000000083000000, 0x0000000100000000)
[2020-12-28T08:21:45.251-0500][gc,heap        ] GC(23471)   region size 1024K, 0 young (0K), 0 survivors (0K)
[2020-12-28T08:21:45.251-0500][gc,heap        ] GC(23471)  Metaspace       used 50313K, capacity 52468K, committed 53888K, reserved 1093632K
[2020-12-28T08:21:45.251-0500][gc,heap        ] GC(23471)   class space    used 7457K, capacity 8250K, committed 8832K, reserved 1048576K
[2020-12-28T08:21:45.251-0500][gc             ] GC(23471) Pause Full (System.gc()) 45M->42M(63M) 60.744ms
[2020-12-28T08:21:45.251-0500][gc,cpu         ] GC(23471) User=0.26s Sys=0.00s Real=0.06s
[2020-12-28T08:24:19.062-0500][gc,heap        ] GC(23472) Heap before GC invocations=23472 (full 5374): garbage-first heap   total 64512K, used 52541K [0x0000000083000000, 0x0000000100000000)
[2020-12-28T08:24:19.062-0500][gc,heap        ] GC(23472)   region size 1024K, 10 young (10240K), 0 survivors (0K)
[2020-12-28T08:24:19.062-0500][gc,heap        ] GC(23472)  Metaspace       used 50313K, capacity 52468K, committed 53888K, reserved 1093632K
[2020-12-28T08:24:19.062-0500][gc,heap        ] GC(23472)   class space    used 7457K, capacity 8250K, committed 8832K, reserved 1048576K
[2020-12-28T08:24:19.062-0500][gc,start       ] GC(23472) Pause Young (Normal) (G1 Evacuation Pause)
[2020-12-28T08:24:19.062-0500][gc,task        ] GC(23472) Using 8 workers of 8 for evacuation
[2020-12-28T08:24:19.067-0500][gc,phases      ] GC(23472)   Pre Evacuate Collection Set: 0.0ms
[2020-12-28T08:24:19.067-0500][gc,phases      ] GC(23472)   Evacuate Collection Set: 1.6ms
[2020-12-28T08:24:19.067-0500][gc,phases      ] GC(23472)   Post Evacuate Collection Set: 3.1ms
[2020-12-28T08:24:19.067-0500][gc,phases      ] GC(23472)   Other: 0.5ms
[2020-12-28T08:24:19.067-0500][gc,heap        ] GC(23472) Eden regions: 10->0(9)
[2020-12-28T08:24:19.067-0500][gc,heap        ] GC(23472) Survivor regions: 0->1(2)
[2020-12-28T08:24:19.067-0500][gc,heap        ] GC(23472) Old regions: 41->41
[2020-12-28T08:24:19.067-0500][gc,heap        ] GC(23472) Humongous regions: 4->4
[2020-12-28T08:24:19.068-0500][gc,metaspace   ] GC(23472) Metaspace: 50313K->50313K(1093632K)
[2020-12-28T08:24:19.068-0500][gc,heap        ] GC(23472) Heap after GC invocations=23473 (full 5374): garbage-first heap   total 64512K, used 43410K [0x0000000083000000, 0x0000000100000000)
[2020-12-28T08:24:19.068-0500][gc,heap        ] GC(23472)   region size 1024K, 1 young (1024K), 1 survivors (1024K)
[2020-12-28T08:24:19.068-0500][gc,heap        ] GC(23472)  Metaspace       used 50313K, capacity 52468K, committed 53888K, reserved 1093632K
[2020-12-28T08:24:19.068-0500][gc,heap        ] GC(23472)   class space    used 7457K, capacity 8250K, committed 8832K, reserved 1048576K
[2020-12-28T08:24:19.068-0500][gc             ] GC(23472) Pause Young (Normal) (G1 Evacuation Pause) 52M->42M(63M) 5.391ms
[2020-12-28T08:24:19.068-0500][gc,cpu         ] GC(23472) User=0.01s Sys=0.01s Real=0.00s
[2020-12-28T08:26:29.396-0500][gc,heap        ] GC(23473) Heap before GC invocations=23473 (full 5374): garbage-first heap   total 64512K, used 51602K [0x0000000083000000, 0x0000000100000000)
[2020-12-28T08:26:29.396-0500][gc,heap        ] GC(23473)   region size 1024K, 10 young (10240K), 1 survivors (1024K)
[2020-12-28T08:26:29.397-0500][gc,heap        ] GC(23473)  Metaspace       used 50313K, capacity 52468K, committed 53888K, reserved 1093632K
[2020-12-28T08:26:29.397-0500][gc,heap        ] GC(23473)   class space    used 7457K, capacity 8250K, committed 8832K, reserved 1048576K
[2020-12-28T08:26:29.397-0500][gc,start       ] GC(23473) Pause Young (Normal) (G1 Evacuation Pause)
[2020-12-28T08:26:29.397-0500][gc,task        ] GC(23473) Using 8 workers of 8 for evacuation
[2020-12-28T08:26:29.400-0500][gc,phases      ] GC(23473)   Pre Evacuate Collection Set: 0.0ms
[2020-12-28T08:26:29.400-0500][gc,phases      ] GC(23473)   Evacuate Collection Set: 1.2ms
[2020-12-28T08:26:29.400-0500][gc,phases      ] GC(23473)   Post Evacuate Collection Set: 2.1ms
[2020-12-28T08:26:29.400-0500][gc,phases      ] GC(23473)   Other: 0.6ms
[2020-12-28T08:26:29.400-0500][gc,heap        ] GC(23473) Eden regions: 9->0(9)
[2020-12-28T08:26:29.400-0500][gc,heap        ] GC(23473) Survivor regions: 1->1(2)
[2020-12-28T08:26:29.400-0500][gc,heap        ] GC(23473) Old regions: 41->41
[2020-12-28T08:26:29.400-0500][gc,heap        ] GC(23473) Humongous regions: 4->4
[2020-12-28T08:26:29.400-0500][gc,metaspace   ] GC(23473) Metaspace: 50313K->50313K(1093632K)
[2020-12-28T08:26:29.401-0500][gc,heap        ] GC(23473) Heap after GC invocations=23474 (full 5374): garbage-first heap   total 64512K, used 43381K [0x0000000083000000, 0x0000000100000000)
[2020-12-28T08:26:29.401-0500][gc,heap        ] GC(23473)   region size 1024K, 1 young (1024K), 1 survivors (1024K)
[2020-12-28T08:26:29.401-0500][gc,heap        ] GC(23473)  Metaspace       used 50313K, capacity 52468K, committed 53888K, reserved 1093632K
[2020-12-28T08:26:29.401-0500][gc,heap        ] GC(23473)   class space    used 7457K, capacity 8250K, committed 8832K, reserved 1048576K
[2020-12-28T08:26:29.401-0500][gc             ] GC(23473) Pause Young (Normal) (G1 Evacuation Pause) 51M->42M(63M) 3.973ms
[2020-12-28T08:26:29.401-0500][gc,cpu         ] GC(23473) User=0.00s Sys=0.01s Real=0.01s
[2020-12-28T08:26:45.193-0500][gc,task        ] GC(23474) Using 5 workers of 8 for full compaction
[2020-12-28T08:26:45.193-0500][gc,start       ] GC(23474) Pause Full (System.gc())
[2020-12-28T08:26:45.193-0500][gc,heap        ] GC(23474) Heap before GC invocations=23474 (full 5374): garbage-first heap   total 64512K, used 43381K [0x0000000083000000, 0x0000000100000000)
[2020-12-28T08:26:45.193-0500][gc,heap        ] GC(23474)   region size 1024K, 2 young (2048K), 1 survivors (1024K)
[2020-12-28T08:26:45.193-0500][gc,heap        ] GC(23474)  Metaspace       used 50313K, capacity 52468K, committed 53888K, reserved 1093632K
[2020-12-28T08:26:45.193-0500][gc,heap        ] GC(23474)   class space    used 7457K, capacity 8250K, committed 8832K, reserved 1048576K
[2020-12-28T08:26:45.194-0500][gc,phases,start] GC(23474) Phase 1: Mark live objects
[2020-12-28T08:26:45.233-0500][gc,stringtable ] GC(23474) Cleaned string and symbol table, strings: 33317 processed, 4 removed, symbols: 120973 processed, 0 removed
[2020-12-28T08:26:45.233-0500][gc,phases      ] GC(23474) Phase 1: Mark live objects 39.787ms
[2020-12-28T08:26:45.233-0500][gc,phases,start] GC(23474) Phase 2: Prepare for compaction
[2020-12-28T08:26:45.237-0500][gc,phases      ] GC(23474) Phase 2: Prepare for compaction 3.779ms
[2020-12-28T08:26:45.237-0500][gc,phases,start] GC(23474) Phase 3: Adjust pointers
[2020-12-28T08:26:45.247-0500][gc,phases      ] GC(23474) Phase 3: Adjust pointers 9.905ms
[2020-12-28T08:26:45.247-0500][gc,phases,start] GC(23474) Phase 4: Compact heap
[2020-12-28T08:26:45.250-0500][gc,phases      ] GC(23474) Phase 4: Compact heap 2.781ms
[2020-12-28T08:26:45.254-0500][gc,heap        ] GC(23474) Eden regions: 1->0(9)
[2020-12-28T08:26:45.254-0500][gc,heap        ] GC(23474) Survivor regions: 1->0(2)
[2020-12-28T08:26:45.254-0500][gc,heap        ] GC(23474) Old regions: 41->42
[2020-12-28T08:26:45.254-0500][gc,heap        ] GC(23474) Humongous regions: 4->4
[2020-12-28T08:26:45.254-0500][gc,metaspace   ] GC(23474) Metaspace: 50313K->50313K(1093632K)
[2020-12-28T08:26:45.254-0500][gc,heap        ] GC(23474) Heap after GC invocations=23475 (full 5375): garbage-first heap   total 64512K, used 43313K [0x0000000083000000, 0x0000000100000000)
[2020-12-28T08:26:45.254-0500][gc,heap        ] GC(23474)   region size 1024K, 0 young (0K), 0 survivors (0K)
[2020-12-28T08:26:45.254-0500][gc,heap        ] GC(23474)  Metaspace       used 50313K, capacity 52468K, committed 53888K, reserved 1093632K
[2020-12-28T08:26:45.254-0500][gc,heap        ] GC(23474)   class space    used 7457K, capacity 8250K, committed 8832K, reserved 1048576K
[2020-12-28T08:26:45.254-0500][gc             ] GC(23474) Pause Full (System.gc()) 43M->42M(63M) 61.531ms
[2020-12-28T08:26:45.254-0500][gc,cpu         ] GC(23474) User=0.27s Sys=0.00s Real=0.06s
[2020-12-28T08:28:59.062-0500][gc,heap        ] GC(23475) Heap before GC invocations=23475 (full 5375): garbage-first heap   total 64512K, used 51505K [0x0000000083000000, 0x0000000100000000)
[2020-12-28T08:28:59.062-0500][gc,heap        ] GC(23475)   region size 1024K, 9 young (9216K), 0 survivors (0K)
[2020-12-28T08:28:59.062-0500][gc,heap        ] GC(23475)  Metaspace       used 50313K, capacity 52468K, committed 53888K, reserved 1093632K
[2020-12-28T08:28:59.062-0500][gc,heap        ] GC(23475)   class space    used 7457K, capacity 8250K, committed 8832K, reserved 1048576K
[2020-12-28T08:28:59.063-0500][gc,start       ] GC(23475) Pause Young (Normal) (G1 Evacuation Pause)
[2020-12-28T08:28:59.063-0500][gc,task        ] GC(23475) Using 8 workers of 8 for evacuation
[2020-12-28T08:28:59.067-0500][gc,phases      ] GC(23475)   Pre Evacuate Collection Set: 0.0ms
[2020-12-28T08:28:59.067-0500][gc,phases      ] GC(23475)   Evacuate Collection Set: 1.5ms
[2020-12-28T08:28:59.067-0500][gc,phases      ] GC(23475)   Post Evacuate Collection Set: 2.4ms
[2020-12-28T08:28:59.067-0500][gc,phases      ] GC(23475)   Other: 0.4ms
[2020-12-28T08:28:59.067-0500][gc,heap        ] GC(23475) Eden regions: 9->0(8)
[2020-12-28T08:28:59.067-0500][gc,heap        ] GC(23475) Survivor regions: 0->1(2)
[2020-12-28T08:28:59.067-0500][gc,heap        ] GC(23475) Old regions: 42->42
[2020-12-28T08:28:59.067-0500][gc,heap        ] GC(23475) Humongous regions: 4->4
[2020-12-28T08:28:59.067-0500][gc,metaspace   ] GC(23475) Metaspace: 50313K->50313K(1093632K)
[2020-12-28T08:28:59.067-0500][gc,heap        ] GC(23475) Heap after GC invocations=23476 (full 5375): garbage-first heap   total 64512K, used 43399K [0x0000000083000000, 0x0000000100000000)
[2020-12-28T08:28:59.067-0500][gc,heap        ] GC(23475)   region size 1024K, 1 young (1024K), 1 survivors (1024K)
[2020-12-28T08:28:59.067-0500][gc,heap        ] GC(23475)  Metaspace       used 50313K, capacity 52468K, committed 53888K, reserved 1093632K
[2020-12-28T08:28:59.067-0500][gc,heap        ] GC(23475)   class space    used 7457K, capacity 8250K, committed 8832K, reserved 1048576K
[2020-12-28T08:28:59.067-0500][gc             ] GC(23475) Pause Young (Normal) (G1 Evacuation Pause) 51M->42M(63M) 4.448ms
[2020-12-28T08:28:59.067-0500][gc,cpu         ] GC(23475) User=0.00s Sys=0.01s Real=0.00s
[2020-12-28T08:30:59.060-0500][gc,heap        ] GC(23476) Heap before GC invocations=23476 (full 5375): garbage-first heap   total 64512K, used 51591K [0x0000000083000000, 0x0000000100000000)
[2020-12-28T08:30:59.060-0500][gc,heap        ] GC(23476)   region size 1024K, 9 young (9216K), 1 survivors (1024K)
[2020-12-28T08:30:59.060-0500][gc,heap        ] GC(23476)  Metaspace       used 50313K, capacity 52468K, committed 53888K, reserved 1093632K
[2020-12-28T08:30:59.060-0500][gc,heap        ] GC(23476)   class space    used 7457K, capacity 8250K, committed 8832K, reserved 1048576K
[2020-12-28T08:30:59.060-0500][gc,start       ] GC(23476) Pause Young (Normal) (G1 Evacuation Pause)
[2020-12-28T08:30:59.060-0500][gc,task        ] GC(23476) Using 8 workers of 8 for evacuation
[2020-12-28T08:30:59.062-0500][gc,phases      ] GC(23476)   Pre Evacuate Collection Set: 0.0ms
[2020-12-28T08:30:59.062-0500][gc,phases      ] GC(23476)   Evacuate Collection Set: 0.8ms
[2020-12-28T08:30:59.062-0500][gc,phases      ] GC(23476)   Post Evacuate Collection Set: 0.9ms
[2020-12-28T08:30:59.062-0500][gc,phases      ] GC(23476)   Other: 0.2ms
[2020-12-28T08:30:59.062-0500][gc,heap        ] GC(23476) Eden regions: 8->0(8)
[2020-12-28T08:30:59.062-0500][gc,heap        ] GC(23476) Survivor regions: 1->1(2)
[2020-12-28T08:30:59.062-0500][gc,heap        ] GC(23476) Old regions: 42->42
[2020-12-28T08:30:59.062-0500][gc,heap        ] GC(23476) Humongous regions: 4->4
[2020-12-28T08:30:59.062-0500][gc,metaspace   ] GC(23476) Metaspace: 50313K->50313K(1093632K)
[2020-12-28T08:30:59.062-0500][gc,heap        ] GC(23476) Heap after GC invocations=23477 (full 5375): garbage-first heap   total 64512K, used 43393K [0x0000000083000000, 0x0000000100000000)
[2020-12-28T08:30:59.062-0500][gc,heap        ] GC(23476)   region size 1024K, 1 young (1024K), 1 survivors (1024K)
[2020-12-28T08:30:59.062-0500][gc,heap        ] GC(23476)  Metaspace       used 50313K, capacity 52468K, committed 53888K, reserved 1093632K
[2020-12-28T08:30:59.062-0500][gc,heap        ] GC(23476)   class space    used 7457K, capacity 8250K, committed 8832K, reserved 1048576K
[2020-12-28T08:30:59.062-0500][gc             ] GC(23476) Pause Young (Normal) (G1 Evacuation Pause) 50M->42M(63M) 1.986ms
[2020-12-28T08:30:59.062-0500][gc,cpu         ] GC(23476) User=0.00s Sys=0.00s Real=0.00s
[2020-12-28T08:31:45.190-0500][gc,task        ] GC(23477) Using 5 workers of 8 for full compaction
[2020-12-28T08:31:45.190-0500][gc,start       ] GC(23477) Pause Full (System.gc())
[2020-12-28T08:31:45.190-0500][gc,heap        ] GC(23477) Heap before GC invocations=23477 (full 5375): garbage-first heap   total 64512K, used 46465K [0x0000000083000000, 0x0000000100000000)
[2020-12-28T08:31:45.190-0500][gc,heap        ] GC(23477)   region size 1024K, 5 young (5120K), 1 survivors (1024K)
[2020-12-28T08:31:45.190-0500][gc,heap        ] GC(23477)  Metaspace       used 50313K, capacity 52468K, committed 53888K, reserved 1093632K
[2020-12-28T08:31:45.190-0500][gc,heap        ] GC(23477)   class space    used 7457K, capacity 8250K, committed 8832K, reserved 1048576K
[2020-12-28T08:31:45.190-0500][gc,phases,start] GC(23477) Phase 1: Mark live objects
[2020-12-28T08:31:45.211-0500][gc,stringtable ] GC(23477) Cleaned string and symbol table, strings: 33317 processed, 4 removed, symbols: 120973 processed, 0 removed
[2020-12-28T08:31:45.211-0500][gc,phases      ] GC(23477) Phase 1: Mark live objects 20.639ms
[2020-12-28T08:31:45.211-0500][gc,phases,start] GC(23477) Phase 2: Prepare for compaction
[2020-12-28T08:31:45.214-0500][gc,phases      ] GC(23477) Phase 2: Prepare for compaction 3.463ms
[2020-12-28T08:31:45.214-0500][gc,phases,start] GC(23477) Phase 3: Adjust pointers
[2020-12-28T08:31:45.223-0500][gc,phases      ] GC(23477) Phase 3: Adjust pointers 9.071ms
[2020-12-28T08:31:45.223-0500][gc,phases,start] GC(23477) Phase 4: Compact heap
[2020-12-28T08:31:45.226-0500][gc,phases      ] GC(23477) Phase 4: Compact heap 2.669ms
[2020-12-28T08:31:45.230-0500][gc,heap        ] GC(23477) Eden regions: 4->0(9)
[2020-12-28T08:31:45.231-0500][gc,heap        ] GC(23477) Survivor regions: 1->0(2)
[2020-12-28T08:31:45.231-0500][gc,heap        ] GC(23477) Old regions: 42->42
[2020-12-28T08:31:45.231-0500][gc,heap        ] GC(23477) Humongous regions: 4->4
[2020-12-28T08:31:45.231-0500][gc,metaspace   ] GC(23477) Metaspace: 50313K->50313K(1093632K)
[2020-12-28T08:31:45.231-0500][gc,heap        ] GC(23477) Heap after GC invocations=23478 (full 5376): garbage-first heap   total 64512K, used 43325K [0x0000000083000000, 0x0000000100000000)
[2020-12-28T08:31:45.231-0500][gc,heap        ] GC(23477)   region size 1024K, 0 young (0K), 0 survivors (0K)
[2020-12-28T08:31:45.231-0500][gc,heap        ] GC(23477)  Metaspace       used 50313K, capacity 52468K, committed 53888K, reserved 1093632K
[2020-12-28T08:31:45.231-0500][gc,heap        ] GC(23477)   class space    used 7457K, capacity 8250K, committed 8832K, reserved 1048576K
[2020-12-28T08:31:45.231-0500][gc             ] GC(23477) Pause Full (System.gc()) 45M->42M(63M) 40.750ms
[2020-12-28T08:31:45.231-0500][gc,cpu         ] GC(23477) User=0.16s Sys=0.00s Real=0.04s
[2020-12-28T08:33:59.061-0500][gc,heap        ] GC(23478) Heap before GC invocations=23478 (full 5376): garbage-first heap   total 64512K, used 51517K [0x0000000083000000, 0x0000000100000000)
[2020-12-28T08:33:59.061-0500][gc,heap        ] GC(23478)   region size 1024K, 9 young (9216K), 0 survivors (0K)
[2020-12-28T08:33:59.061-0500][gc,heap        ] GC(23478)  Metaspace       used 50313K, capacity 52468K, committed 53888K, reserved 1093632K
[2020-12-28T08:33:59.061-0500][gc,heap        ] GC(23478)   class space    used 7457K, capacity 8250K, committed 8832K, reserved 1048576K
[2020-12-28T08:33:59.061-0500][gc,start       ] GC(23478) Pause Young (Normal) (G1 Evacuation Pause)
[2020-12-28T08:33:59.061-0500][gc,task        ] GC(23478) Using 8 workers of 8 for evacuation
[2020-12-28T08:33:59.063-0500][gc,phases      ] GC(23478)   Pre Evacuate Collection Set: 0.0ms
[2020-12-28T08:33:59.063-0500][gc,phases      ] GC(23478)   Evacuate Collection Set: 0.5ms
[2020-12-28T08:33:59.063-0500][gc,phases      ] GC(23478)   Post Evacuate Collection Set: 1.1ms
[2020-12-28T08:33:59.063-0500][gc,phases      ] GC(23478)   Other: 0.2ms
[2020-12-28T08:33:59.063-0500][gc,heap        ] GC(23478) Eden regions: 9->0(8)
[2020-12-28T08:33:59.063-0500][gc,heap        ] GC(23478) Survivor regions: 0->1(2)
[2020-12-28T08:33:59.063-0500][gc,heap        ] GC(23478) Old regions: 42->42
[2020-12-28T08:33:59.063-0500][gc,heap        ] GC(23478) Humongous regions: 4->4
[2020-12-28T08:33:59.063-0500][gc,metaspace   ] GC(23478) Metaspace: 50313K->50313K(1093632K)
[2020-12-28T08:33:59.063-0500][gc,heap        ] GC(23478) Heap after GC invocations=23479 (full 5376): garbage-first heap   total 64512K, used 43408K [0x0000000083000000, 0x0000000100000000)
[2020-12-28T08:33:59.063-0500][gc,heap        ] GC(23478)   region size 1024K, 1 young (1024K), 1 survivors (1024K)
[2020-12-28T08:33:59.063-0500][gc,heap        ] GC(23478)  Metaspace       used 50313K, capacity 52468K, committed 53888K, reserved 1093632K
[2020-12-28T08:33:59.063-0500][gc,heap        ] GC(23478)   class space    used 7457K, capacity 8250K, committed 8832K, reserved 1048576K
[2020-12-28T08:33:59.063-0500][gc             ] GC(23478) Pause Young (Normal) (G1 Evacuation Pause) 51M->42M(63M) 1.814ms
[2020-12-28T08:33:59.063-0500][gc,cpu         ] GC(23478) User=0.00s Sys=0.00s Real=0.00s
[2020-12-28T08:35:59.065-0500][gc,heap        ] GC(23479) Heap before GC invocations=23479 (full 5376): garbage-first heap   total 64512K, used 50576K [0x0000000083000000, 0x0000000100000000)
[2020-12-28T08:35:59.065-0500][gc,heap        ] GC(23479)   region size 1024K, 9 young (9216K), 1 survivors (1024K)
[2020-12-28T08:35:59.065-0500][gc,heap        ] GC(23479)  Metaspace       used 50313K, capacity 52468K, committed 53888K, reserved 1093632K
[2020-12-28T08:35:59.065-0500][gc,heap        ] GC(23479)   class space    used 7457K, capacity 8250K, committed 8832K, reserved 1048576K
[2020-12-28T08:35:59.065-0500][gc,start       ] GC(23479) Pause Young (Normal) (G1 Evacuation Pause)
[2020-12-28T08:35:59.065-0500][gc,task        ] GC(23479) Using 8 workers of 8 for evacuation
[2020-12-28T08:35:59.067-0500][gc,phases      ] GC(23479)   Pre Evacuate Collection Set: 0.0ms
[2020-12-28T08:35:59.067-0500][gc,phases      ] GC(23479)   Evacuate Collection Set: 0.9ms
[2020-12-28T08:35:59.067-0500][gc,phases      ] GC(23479)   Post Evacuate Collection Set: 1.4ms
[2020-12-28T08:35:59.067-0500][gc,phases      ] GC(23479)   Other: 0.3ms
[2020-12-28T08:35:59.067-0500][gc,heap        ] GC(23479) Eden regions: 8->0(8)
[2020-12-28T08:35:59.067-0500][gc,heap        ] GC(23479) Survivor regions: 1->1(2)
[2020-12-28T08:35:59.067-0500][gc,heap        ] GC(23479) Old regions: 42->42
[2020-12-28T08:35:59.067-0500][gc,heap        ] GC(23479) Humongous regions: 4->4
[2020-12-28T08:35:59.067-0500][gc,metaspace   ] GC(23479) Metaspace: 50313K->50313K(1093632K)
[2020-12-28T08:35:59.067-0500][gc,heap        ] GC(23479) Heap after GC invocations=23480 (full 5376): garbage-first heap   total 64512K, used 43381K [0x0000000083000000, 0x0000000100000000)
[2020-12-28T08:35:59.067-0500][gc,heap        ] GC(23479)   region size 1024K, 1 young (1024K), 1 survivors (1024K)
[2020-12-28T08:35:59.067-0500][gc,heap        ] GC(23479)  Metaspace       used 50313K, capacity 52468K, committed 53888K, reserved 1093632K
[2020-12-28T08:35:59.067-0500][gc,heap        ] GC(23479)   class space    used 7457K, capacity 8250K, committed 8832K, reserved 1048576K
[2020-12-28T08:35:59.067-0500][gc             ] GC(23479) Pause Young (Normal) (G1 Evacuation Pause) 50M->42M(63M) 2.691ms
[2020-12-28T08:35:59.068-0500][gc,cpu         ] GC(23479) User=0.00s Sys=0.01s Real=0.00s
[2020-12-28T08:36:45.191-0500][gc,task        ] GC(23480) Using 5 workers of 8 for full compaction
[2020-12-28T08:36:45.192-0500][gc,start       ] GC(23480) Pause Full (System.gc())
[2020-12-28T08:36:45.192-0500][gc,heap        ] GC(23480) Heap before GC invocations=23480 (full 5376): garbage-first heap   total 64512K, used 46453K [0x0000000083000000, 0x0000000100000000)
[2020-12-28T08:36:45.192-0500][gc,heap        ] GC(23480)   region size 1024K, 5 young (5120K), 1 survivors (1024K)
[2020-12-28T08:36:45.192-0500][gc,heap        ] GC(23480)  Metaspace       used 50313K, capacity 52468K, committed 53888K, reserved 1093632K
[2020-12-28T08:36:45.192-0500][gc,heap        ] GC(23480)   class space    used 7457K, capacity 8250K, committed 8832K, reserved 1048576K
[2020-12-28T08:36:45.192-0500][gc,phases,start] GC(23480) Phase 1: Mark live objects
[2020-12-28T08:36:45.230-0500][gc,stringtable ] GC(23480) Cleaned string and symbol table, strings: 33320 processed, 4 removed, symbols: 120973 processed, 0 removed
[2020-12-28T08:36:45.230-0500][gc,phases      ] GC(23480) Phase 1: Mark live objects 37.991ms
[2020-12-28T08:36:45.230-0500][gc,phases,start] GC(23480) Phase 2: Prepare for compaction
[2020-12-28T08:36:45.235-0500][gc,phases      ] GC(23480) Phase 2: Prepare for compaction 5.084ms
[2020-12-28T08:36:45.235-0500][gc,phases,start] GC(23480) Phase 3: Adjust pointers
[2020-12-28T08:36:45.251-0500][gc,phases      ] GC(23480) Phase 3: Adjust pointers 15.605ms
[2020-12-28T08:36:45.251-0500][gc,phases,start] GC(23480) Phase 4: Compact heap
[2020-12-28T08:36:45.254-0500][gc,phases      ] GC(23480) Phase 4: Compact heap 3.406ms
[2020-12-28T08:36:45.260-0500][gc,heap        ] GC(23480) Eden regions: 4->0(9)
[2020-12-28T08:36:45.260-0500][gc,heap        ] GC(23480) Survivor regions: 1->0(2)
[2020-12-28T08:36:45.260-0500][gc,heap        ] GC(23480) Old regions: 42->42
[2020-12-28T08:36:45.260-0500][gc,heap        ] GC(23480) Humongous regions: 4->4
[2020-12-28T08:36:45.260-0500][gc,metaspace   ] GC(23480) Metaspace: 50313K->50313K(1093632K)
[2020-12-28T08:36:45.260-0500][gc,heap        ] GC(23480) Heap after GC invocations=23481 (full 5377): garbage-first heap   total 64512K, used 43329K [0x0000000083000000, 0x0000000100000000)
[2020-12-28T08:36:45.260-0500][gc,heap        ] GC(23480)   region size 1024K, 0 young (0K), 0 survivors (0K)
[2020-12-28T08:36:45.260-0500][gc,heap        ] GC(23480)  Metaspace       used 50313K, capacity 52468K, committed 53888K, reserved 1093632K
[2020-12-28T08:36:45.260-0500][gc,heap        ] GC(23480)   class space    used 7457K, capacity 8250K, committed 8832K, reserved 1048576K
[2020-12-28T08:36:45.260-0500][gc             ] GC(23480) Pause Full (System.gc()) 45M->42M(63M) 68.574ms
[2020-12-28T08:36:45.260-0500][gc,cpu         ] GC(23480) User=0.29s Sys=0.00s Real=0.07s
[2020-12-28T08:38:59.060-0500][gc,heap        ] GC(23481) Heap before GC invocations=23481 (full 5377): garbage-first heap   total 64512K, used 51521K [0x0000000083000000, 0x0000000100000000)
[2020-12-28T08:38:59.060-0500][gc,heap        ] GC(23481)   region size 1024K, 9 young (9216K), 0 survivors (0K)
[2020-12-28T08:38:59.060-0500][gc,heap        ] GC(23481)  Metaspace       used 50313K, capacity 52468K, committed 53888K, reserved 1093632K
[2020-12-28T08:38:59.060-0500][gc,heap        ] GC(23481)   class space    used 7457K, capacity 8250K, committed 8832K, reserved 1048576K
[2020-12-28T08:38:59.060-0500][gc,start       ] GC(23481) Pause Young (Normal) (G1 Evacuation Pause)
[2020-12-28T08:38:59.060-0500][gc,task        ] GC(23481) Using 8 workers of 8 for evacuation
[2020-12-28T08:38:59.062-0500][gc,phases      ] GC(23481)   Pre Evacuate Collection Set: 0.0ms
[2020-12-28T08:38:59.062-0500][gc,phases      ] GC(23481)   Evacuate Collection Set: 0.6ms
[2020-12-28T08:38:59.062-0500][gc,phases      ] GC(23481)   Post Evacuate Collection Set: 0.9ms
[2020-12-28T08:38:59.062-0500][gc,phases      ] GC(23481)   Other: 0.2ms
[2020-12-28T08:38:59.062-0500][gc,heap        ] GC(23481) Eden regions: 9->0(8)
[2020-12-28T08:38:59.062-0500][gc,heap        ] GC(23481) Survivor regions: 0->1(2)
[2020-12-28T08:38:59.062-0500][gc,heap        ] GC(23481) Old regions: 42->42
[2020-12-28T08:38:59.062-0500][gc,heap        ] GC(23481) Humongous regions: 4->4
[2020-12-28T08:38:59.062-0500][gc,metaspace   ] GC(23481) Metaspace: 50313K->50313K(1093632K)
[2020-12-28T08:38:59.062-0500][gc,heap        ] GC(23481) Heap after GC invocations=23482 (full 5377): garbage-first heap   total 64512K, used 43391K [0x0000000083000000, 0x0000000100000000)
[2020-12-28T08:38:59.062-0500][gc,heap        ] GC(23481)   region size 1024K, 1 young (1024K), 1 survivors (1024K)
[2020-12-28T08:38:59.062-0500][gc,heap        ] GC(23481)  Metaspace       used 50313K, capacity 52468K, committed 53888K, reserved 1093632K
[2020-12-28T08:38:59.062-0500][gc,heap        ] GC(23481)   class space    used 7457K, capacity 8250K, committed 8832K, reserved 1048576K
[2020-12-28T08:38:59.062-0500][gc             ] GC(23481) Pause Young (Normal) (G1 Evacuation Pause) 51M->42M(63M) 1.769ms
[2020-12-28T08:38:59.062-0500][gc,cpu         ] GC(23481) User=0.00s Sys=0.00s Real=0.00s
[2020-12-28T08:40:59.062-0500][gc,heap        ] GC(23482) Heap before GC invocations=23482 (full 5377): garbage-first heap   total 64512K, used 50559K [0x0000000083000000, 0x0000000100000000)
[2020-12-28T08:40:59.062-0500][gc,heap        ] GC(23482)   region size 1024K, 9 young (9216K), 1 survivors (1024K)
[2020-12-28T08:40:59.062-0500][gc,heap        ] GC(23482)  Metaspace       used 50313K, capacity 52468K, committed 53888K, reserved 1093632K
[2020-12-28T08:40:59.062-0500][gc,heap        ] GC(23482)   class space    used 7457K, capacity 8250K, committed 8832K, reserved 1048576K
[2020-12-28T08:40:59.062-0500][gc,start       ] GC(23482) Pause Young (Normal) (G1 Evacuation Pause)
[2020-12-28T08:40:59.062-0500][gc,task        ] GC(23482) Using 8 workers of 8 for evacuation
[2020-12-28T08:40:59.068-0500][gc,phases      ] GC(23482)   Pre Evacuate Collection Set: 0.0ms
[2020-12-28T08:40:59.069-0500][gc,phases      ] GC(23482)   Evacuate Collection Set: 3.7ms
[2020-12-28T08:40:59.069-0500][gc,phases      ] GC(23482)   Post Evacuate Collection Set: 2.2ms
[2020-12-28T08:40:59.069-0500][gc,phases      ] GC(23482)   Other: 0.6ms
[2020-12-28T08:40:59.069-0500][gc,heap        ] GC(23482) Eden regions: 8->0(8)
[2020-12-28T08:40:59.069-0500][gc,heap        ] GC(23482) Survivor regions: 1->1(2)
[2020-12-28T08:40:59.069-0500][gc,heap        ] GC(23482) Old regions: 42->42
[2020-12-28T08:40:59.069-0500][gc,heap        ] GC(23482) Humongous regions: 4->4
[2020-12-28T08:40:59.069-0500][gc,metaspace   ] GC(23482) Metaspace: 50313K->50313K(1093632K)
[2020-12-28T08:40:59.069-0500][gc,heap        ] GC(23482) Heap after GC invocations=23483 (full 5377): garbage-first heap   total 64512K, used 43406K [0x0000000083000000, 0x0000000100000000)
[2020-12-28T08:40:59.069-0500][gc,heap        ] GC(23482)   region size 1024K, 1 young (1024K), 1 survivors (1024K)
[2020-12-28T08:40:59.069-0500][gc,heap        ] GC(23482)  Metaspace       used 50313K, capacity 52468K, committed 53888K, reserved 1093632K
[2020-12-28T08:40:59.069-0500][gc,heap        ] GC(23482)   class space    used 7457K, capacity 8250K, committed 8832K, reserved 1048576K
[2020-12-28T08:40:59.069-0500][gc             ] GC(23482) Pause Young (Normal) (G1 Evacuation Pause) 50M->42M(63M) 6.655ms
[2020-12-28T08:40:59.069-0500][gc,cpu         ] GC(23482) User=0.03s Sys=0.00s Real=0.01s
[2020-12-28T08:41:45.189-0500][gc,task        ] GC(23483) Using 5 workers of 8 for full compaction
[2020-12-28T08:41:45.189-0500][gc,start       ] GC(23483) Pause Full (System.gc())
[2020-12-28T08:41:45.189-0500][gc,heap        ] GC(23483) Heap before GC invocations=23483 (full 5377): garbage-first heap   total 64512K, used 46478K [0x0000000083000000, 0x0000000100000000)
[2020-12-28T08:41:45.189-0500][gc,heap        ] GC(23483)   region size 1024K, 5 young (5120K), 1 survivors (1024K)
[2020-12-28T08:41:45.189-0500][gc,heap        ] GC(23483)  Metaspace       used 50313K, capacity 52468K, committed 53888K, reserved 1093632K
[2020-12-28T08:41:45.189-0500][gc,heap        ] GC(23483)   class space    used 7457K, capacity 8250K, committed 8832K, reserved 1048576K
[2020-12-28T08:41:45.190-0500][gc,phases,start] GC(23483) Phase 1: Mark live objects
[2020-12-28T08:41:45.210-0500][gc,stringtable ] GC(23483) Cleaned string and symbol table, strings: 33320 processed, 4 removed, symbols: 120973 processed, 0 removed
[2020-12-28T08:41:45.210-0500][gc,phases      ] GC(23483) Phase 1: Mark live objects 20.484ms
[2020-12-28T08:41:45.210-0500][gc,phases,start] GC(23483) Phase 2: Prepare for compaction
[2020-12-28T08:41:45.214-0500][gc,phases      ] GC(23483) Phase 2: Prepare for compaction 3.418ms
[2020-12-28T08:41:45.214-0500][gc,phases,start] GC(23483) Phase 3: Adjust pointers
[2020-12-28T08:41:45.224-0500][gc,phases      ] GC(23483) Phase 3: Adjust pointers 9.939ms
[2020-12-28T08:41:45.224-0500][gc,phases,start] GC(23483) Phase 4: Compact heap
[2020-12-28T08:41:45.226-0500][gc,phases      ] GC(23483) Phase 4: Compact heap 2.830ms
[2020-12-28T08:41:45.231-0500][gc,heap        ] GC(23483) Eden regions: 4->0(9)
[2020-12-28T08:41:45.231-0500][gc,heap        ] GC(23483) Survivor regions: 1->0(2)
[2020-12-28T08:41:45.231-0500][gc,heap        ] GC(23483) Old regions: 42->42
[2020-12-28T08:41:45.231-0500][gc,heap        ] GC(23483) Humongous regions: 4->4
[2020-12-28T08:41:45.231-0500][gc,metaspace   ] GC(23483) Metaspace: 50313K->50313K(1093632K)
[2020-12-28T08:41:45.231-0500][gc,heap        ] GC(23483) Heap after GC invocations=23484 (full 5378): garbage-first heap   total 64512K, used 43324K [0x0000000083000000, 0x0000000100000000)
[2020-12-28T08:41:45.231-0500][gc,heap        ] GC(23483)   region size 1024K, 0 young (0K), 0 survivors (0K)
[2020-12-28T08:41:45.231-0500][gc,heap        ] GC(23483)  Metaspace       used 50313K, capacity 52468K, committed 53888K, reserved 1093632K
[2020-12-28T08:41:45.231-0500][gc,heap        ] GC(23483)   class space    used 7457K, capacity 8250K, committed 8832K, reserved 1048576K
[2020-12-28T08:41:45.231-0500][gc             ] GC(23483) Pause Full (System.gc()) 45M->42M(63M) 41.613ms
[2020-12-28T08:41:45.231-0500][gc,cpu         ] GC(23483) User=0.16s Sys=0.00s Real=0.04s
[2020-12-28T08:43:59.062-0500][gc,heap        ] GC(23484) Heap before GC invocations=23484 (full 5378): garbage-first heap   total 64512K, used 52540K [0x0000000083000000, 0x0000000100000000)
[2020-12-28T08:43:59.062-0500][gc,heap        ] GC(23484)   region size 1024K, 9 young (9216K), 0 survivors (0K)
[2020-12-28T08:43:59.062-0500][gc,heap        ] GC(23484)  Metaspace       used 50313K, capacity 52468K, committed 53888K, reserved 1093632K
[2020-12-28T08:43:59.062-0500][gc,heap        ] GC(23484)   class space    used 7457K, capacity 8250K, committed 8832K, reserved 1048576K
[2020-12-28T08:43:59.062-0500][gc,start       ] GC(23484) Pause Young (Normal) (G1 Evacuation Pause)
[2020-12-28T08:43:59.062-0500][gc,task        ] GC(23484) Using 8 workers of 8 for evacuation
[2020-12-28T08:43:59.064-0500][gc,phases      ] GC(23484)   Pre Evacuate Collection Set: 0.0ms
[2020-12-28T08:43:59.064-0500][gc,phases      ] GC(23484)   Evacuate Collection Set: 1.0ms
[2020-12-28T08:43:59.064-0500][gc,phases      ] GC(23484)   Post Evacuate Collection Set: 0.8ms
[2020-12-28T08:43:59.064-0500][gc,phases      ] GC(23484)   Other: 0.3ms
[2020-12-28T08:43:59.064-0500][gc,heap        ] GC(23484) Eden regions: 9->0(8)
[2020-12-28T08:43:59.064-0500][gc,heap        ] GC(23484) Survivor regions: 0->1(2)
[2020-12-28T08:43:59.064-0500][gc,heap        ] GC(23484) Old regions: 42->42
[2020-12-28T08:43:59.064-0500][gc,heap        ] GC(23484) Humongous regions: 4->4
[2020-12-28T08:43:59.064-0500][gc,metaspace   ] GC(23484) Metaspace: 50313K->50313K(1093632K)
[2020-12-28T08:43:59.064-0500][gc,heap        ] GC(23484) Heap after GC invocations=23485 (full 5378): garbage-first heap   total 64512K, used 43380K [0x0000000083000000, 0x0000000100000000)
[2020-12-28T08:43:59.064-0500][gc,heap        ] GC(23484)   region size 1024K, 1 young (1024K), 1 survivors (1024K)
[2020-12-28T08:43:59.064-0500][gc,heap        ] GC(23484)  Metaspace       used 50313K, capacity 52468K, committed 53888K, reserved 1093632K
[2020-12-28T08:43:59.064-0500][gc,heap        ] GC(23484)   class space    used 7457K, capacity 8250K, committed 8832K, reserved 1048576K
[2020-12-28T08:43:59.064-0500][gc             ] GC(23484) Pause Young (Normal) (G1 Evacuation Pause) 51M->42M(63M) 2.197ms
[2020-12-28T08:43:59.064-0500][gc,cpu         ] GC(23484) User=0.01s Sys=0.01s Real=0.00s
[2020-12-28T08:45:59.063-0500][gc,heap        ] GC(23485) Heap before GC invocations=23485 (full 5378): garbage-first heap   total 64512K, used 51572K [0x0000000083000000, 0x0000000100000000)
[2020-12-28T08:45:59.063-0500][gc,heap        ] GC(23485)   region size 1024K, 9 young (9216K), 1 survivors (1024K)
[2020-12-28T08:45:59.063-0500][gc,heap        ] GC(23485)  Metaspace       used 50313K, capacity 52468K, committed 53888K, reserved 1093632K
[2020-12-28T08:45:59.063-0500][gc,heap        ] GC(23485)   class space    used 7457K, capacity 8250K, committed 8832K, reserved 1048576K
[2020-12-28T08:45:59.063-0500][gc,start       ] GC(23485) Pause Young (Normal) (G1 Evacuation Pause)
[2020-12-28T08:45:59.063-0500][gc,task        ] GC(23485) Using 8 workers of 8 for evacuation
[2020-12-28T08:45:59.066-0500][gc,phases      ] GC(23485)   Pre Evacuate Collection Set: 0.0ms
[2020-12-28T08:45:59.066-0500][gc,phases      ] GC(23485)   Evacuate Collection Set: 1.5ms
[2020-12-28T08:45:59.066-0500][gc,phases      ] GC(23485)   Post Evacuate Collection Set: 1.3ms
[2020-12-28T08:45:59.066-0500][gc,phases      ] GC(23485)   Other: 0.3ms
[2020-12-28T08:45:59.066-0500][gc,heap        ] GC(23485) Eden regions: 8->0(8)
[2020-12-28T08:45:59.066-0500][gc,heap        ] GC(23485) Survivor regions: 1->1(2)
[2020-12-28T08:45:59.066-0500][gc,heap        ] GC(23485) Old regions: 42->42
[2020-12-28T08:45:59.066-0500][gc,heap        ] GC(23485) Humongous regions: 4->4
[2020-12-28T08:45:59.066-0500][gc,metaspace   ] GC(23485) Metaspace: 50313K->50313K(1093632K)
[2020-12-28T08:45:59.066-0500][gc,heap        ] GC(23485) Heap after GC invocations=23486 (full 5378): garbage-first heap   total 64512K, used 43402K [0x0000000083000000, 0x0000000100000000)
[2020-12-28T08:45:59.066-0500][gc,heap        ] GC(23485)   region size 1024K, 1 young (1024K), 1 survivors (1024K)
[2020-12-28T08:45:59.066-0500][gc,heap        ] GC(23485)  Metaspace       used 50313K, capacity 52468K, committed 53888K, reserved 1093632K
[2020-12-28T08:45:59.066-0500][gc,heap        ] GC(23485)   class space    used 7457K, capacity 8250K, committed 8832K, reserved 1048576K
[2020-12-28T08:45:59.066-0500][gc             ] GC(23485) Pause Young (Normal) (G1 Evacuation Pause) 50M->42M(63M) 3.187ms
[2020-12-28T08:45:59.066-0500][gc,cpu         ] GC(23485) User=0.01s Sys=0.01s Real=0.00s
[2020-12-28T08:46:45.192-0500][gc,task        ] GC(23486) Using 5 workers of 8 for full compaction
[2020-12-28T08:46:45.192-0500][gc,start       ] GC(23486) Pause Full (System.gc())
[2020-12-28T08:46:45.192-0500][gc,heap        ] GC(23486) Heap before GC invocations=23486 (full 5378): garbage-first heap   total 64512K, used 46474K [0x0000000083000000, 0x0000000100000000)
[2020-12-28T08:46:45.192-0500][gc,heap        ] GC(23486)   region size 1024K, 5 young (5120K), 1 survivors (1024K)
[2020-12-28T08:46:45.192-0500][gc,heap        ] GC(23486)  Metaspace       used 50313K, capacity 52468K, committed 53888K, reserved 1093632K
[2020-12-28T08:46:45.192-0500][gc,heap        ] GC(23486)   class space    used 7457K, capacity 8250K, committed 8832K, reserved 1048576K
[2020-12-28T08:46:45.193-0500][gc,phases,start] GC(23486) Phase 1: Mark live objects
[2020-12-28T08:46:45.233-0500][gc,stringtable ] GC(23486) Cleaned string and symbol table, strings: 33320 processed, 4 removed, symbols: 120973 processed, 0 removed
[2020-12-28T08:46:45.233-0500][gc,phases      ] GC(23486) Phase 1: Mark live objects 40.200ms
[2020-12-28T08:46:45.233-0500][gc,phases,start] GC(23486) Phase 2: Prepare for compaction
[2020-12-28T08:46:45.237-0500][gc,phases      ] GC(23486) Phase 2: Prepare for compaction 4.267ms
[2020-12-28T08:46:45.238-0500][gc,phases,start] GC(23486) Phase 3: Adjust pointers
[2020-12-28T08:46:45.248-0500][gc,phases      ] GC(23486) Phase 3: Adjust pointers 10.891ms
[2020-12-28T08:46:45.248-0500][gc,phases,start] GC(23486) Phase 4: Compact heap
[2020-12-28T08:46:45.252-0500][gc,phases      ] GC(23486) Phase 4: Compact heap 3.190ms
[2020-12-28T08:46:45.257-0500][gc,heap        ] GC(23486) Eden regions: 4->0(10)
[2020-12-28T08:46:45.257-0500][gc,heap        ] GC(23486) Survivor regions: 1->0(2)
[2020-12-28T08:46:45.257-0500][gc,heap        ] GC(23486) Old regions: 42->41
[2020-12-28T08:46:45.257-0500][gc,heap        ] GC(23486) Humongous regions: 4->4
[2020-12-28T08:46:45.257-0500][gc,metaspace   ] GC(23486) Metaspace: 50313K->50313K(1093632K)
[2020-12-28T08:46:45.257-0500][gc,heap        ] GC(23486) Heap after GC invocations=23487 (full 5379): garbage-first heap   total 64512K, used 43331K [0x0000000083000000, 0x0000000100000000)
[2020-12-28T08:46:45.257-0500][gc,heap        ] GC(23486)   region size 1024K, 0 young (0K), 0 survivors (0K)
[2020-12-28T08:46:45.257-0500][gc,heap        ] GC(23486)  Metaspace       used 50313K, capacity 52468K, committed 53888K, reserved 1093632K
[2020-12-28T08:46:45.257-0500][gc,heap        ] GC(23486)   class space    used 7457K, capacity 8250K, committed 8832K, reserved 1048576K
[2020-12-28T08:46:45.257-0500][gc             ] GC(23486) Pause Full (System.gc()) 45M->42M(63M) 65.237ms
[2020-12-28T08:46:45.258-0500][gc,cpu         ] GC(23486) User=0.26s Sys=0.00s Real=0.07s
[2020-12-28T08:49:12.312-0500][gc,heap        ] GC(23487) Heap before GC invocations=23487 (full 5379): garbage-first heap   total 64512K, used 52547K [0x0000000083000000, 0x0000000100000000)
[2020-12-28T08:49:12.312-0500][gc,heap        ] GC(23487)   region size 1024K, 10 young (10240K), 0 survivors (0K)
[2020-12-28T08:49:12.312-0500][gc,heap        ] GC(23487)  Metaspace       used 50313K, capacity 52468K, committed 53888K, reserved 1093632K
[2020-12-28T08:49:12.312-0500][gc,heap        ] GC(23487)   class space    used 7457K, capacity 8250K, committed 8832K, reserved 1048576K
[2020-12-28T08:49:12.312-0500][gc,start       ] GC(23487) Pause Young (Normal) (G1 Evacuation Pause)
[2020-12-28T08:49:12.312-0500][gc,task        ] GC(23487) Using 8 workers of 8 for evacuation
[2020-12-28T08:49:12.321-0500][gc,phases      ] GC(23487)   Pre Evacuate Collection Set: 0.0ms
[2020-12-28T08:49:12.321-0500][gc,phases      ] GC(23487)   Evacuate Collection Set: 3.1ms
[2020-12-28T08:49:12.321-0500][gc,phases      ] GC(23487)   Post Evacuate Collection Set: 5.0ms
[2020-12-28T08:49:12.321-0500][gc,phases      ] GC(23487)   Other: 0.7ms
[2020-12-28T08:49:12.321-0500][gc,heap        ] GC(23487) Eden regions: 10->0(9)
[2020-12-28T08:49:12.321-0500][gc,heap        ] GC(23487) Survivor regions: 0->1(2)
[2020-12-28T08:49:12.321-0500][gc,heap        ] GC(23487) Old regions: 41->41
[2020-12-28T08:49:12.321-0500][gc,heap        ] GC(23487) Humongous regions: 4->4
[2020-12-28T08:49:12.321-0500][gc,metaspace   ] GC(23487) Metaspace: 50313K->50313K(1093632K)
[2020-12-28T08:49:12.321-0500][gc,heap        ] GC(23487) Heap after GC invocations=23488 (full 5379): garbage-first heap   total 64512K, used 43400K [0x0000000083000000, 0x0000000100000000)
[2020-12-28T08:49:12.321-0500][gc,heap        ] GC(23487)   region size 1024K, 1 young (1024K), 1 survivors (1024K)
[2020-12-28T08:49:12.321-0500][gc,heap        ] GC(23487)  Metaspace       used 50313K, capacity 52468K, committed 53888K, reserved 1093632K
[2020-12-28T08:49:12.321-0500][gc,heap        ] GC(23487)   class space    used 7457K, capacity 8250K, committed 8832K, reserved 1048576K
[2020-12-28T08:49:12.321-0500][gc             ] GC(23487) Pause Young (Normal) (G1 Evacuation Pause) 52M->42M(63M) 9.030ms
[2020-12-28T08:49:12.321-0500][gc,cpu         ] GC(23487) User=0.02s Sys=0.00s Real=0.01s
[2020-12-28T08:51:29.062-0500][gc,heap        ] GC(23488) Heap before GC invocations=23488 (full 5379): garbage-first heap   total 64512K, used 52616K [0x0000000083000000, 0x0000000100000000)
[2020-12-28T08:51:29.062-0500][gc,heap        ] GC(23488)   region size 1024K, 10 young (10240K), 1 survivors (1024K)
[2020-12-28T08:51:29.062-0500][gc,heap        ] GC(23488)  Metaspace       used 50313K, capacity 52468K, committed 53888K, reserved 1093632K
[2020-12-28T08:51:29.062-0500][gc,heap        ] GC(23488)   class space    used 7457K, capacity 8250K, committed 8832K, reserved 1048576K
[2020-12-28T08:51:29.062-0500][gc,start       ] GC(23488) Pause Young (Normal) (G1 Evacuation Pause)
[2020-12-28T08:51:29.062-0500][gc,task        ] GC(23488) Using 8 workers of 8 for evacuation
[2020-12-28T08:51:29.090-0500][gc,phases      ] GC(23488)   Pre Evacuate Collection Set: 0.0ms
[2020-12-28T08:51:29.090-0500][gc,phases      ] GC(23488)   Evacuate Collection Set: 27.0ms
[2020-12-28T08:51:29.090-0500][gc,phases      ] GC(23488)   Post Evacuate Collection Set: 0.9ms
[2020-12-28T08:51:29.090-0500][gc,phases      ] GC(23488)   Other: 0.3ms
[2020-12-28T08:51:29.090-0500][gc,heap        ] GC(23488) Eden regions: 9->0(9)
[2020-12-28T08:51:29.090-0500][gc,heap        ] GC(23488) Survivor regions: 1->1(2)
[2020-12-28T08:51:29.090-0500][gc,heap        ] GC(23488) Old regions: 41->41
[2020-12-28T08:51:29.090-0500][gc,heap        ] GC(23488) Humongous regions: 4->4
[2020-12-28T08:51:29.090-0500][gc,metaspace   ] GC(23488) Metaspace: 50313K->50313K(1093632K)
[2020-12-28T08:51:29.090-0500][gc,heap        ] GC(23488) Heap after GC invocations=23489 (full 5379): garbage-first heap   total 64512K, used 43406K [0x0000000083000000, 0x0000000100000000)
[2020-12-28T08:51:29.090-0500][gc,heap        ] GC(23488)   region size 1024K, 1 young (1024K), 1 survivors (1024K)
[2020-12-28T08:51:29.090-0500][gc,heap        ] GC(23488)  Metaspace       used 50313K, capacity 52468K, committed 53888K, reserved 1093632K
[2020-12-28T08:51:29.090-0500][gc,heap        ] GC(23488)   class space    used 7457K, capacity 8250K, committed 8832K, reserved 1048576K
[2020-12-28T08:51:29.090-0500][gc             ] GC(23488) Pause Young (Normal) (G1 Evacuation Pause) 51M->42M(63M) 28.357ms
[2020-12-28T08:51:29.090-0500][gc,cpu         ] GC(23488) User=0.22s Sys=0.00s Real=0.03s
[2020-12-28T08:51:45.190-0500][gc,task        ] GC(23489) Using 5 workers of 8 for full compaction
[2020-12-28T08:51:45.190-0500][gc,start       ] GC(23489) Pause Full (System.gc())
[2020-12-28T08:51:45.190-0500][gc,heap        ] GC(23489) Heap before GC invocations=23489 (full 5379): garbage-first heap   total 64512K, used 43406K [0x0000000083000000, 0x0000000100000000)
[2020-12-28T08:51:45.190-0500][gc,heap        ] GC(23489)   region size 1024K, 2 young (2048K), 1 survivors (1024K)
[2020-12-28T08:51:45.190-0500][gc,heap        ] GC(23489)  Metaspace       used 50313K, capacity 52468K, committed 53888K, reserved 1093632K
[2020-12-28T08:51:45.190-0500][gc,heap        ] GC(23489)   class space    used 7457K, capacity 8250K, committed 8832K, reserved 1048576K
[2020-12-28T08:51:45.190-0500][gc,phases,start] GC(23489) Phase 1: Mark live objects
[2020-12-28T08:51:45.245-0500][gc,stringtable ] GC(23489) Cleaned string and symbol table, strings: 33320 processed, 4 removed, symbols: 120973 processed, 0 removed
[2020-12-28T08:51:45.245-0500][gc,phases      ] GC(23489) Phase 1: Mark live objects 55.343ms
[2020-12-28T08:51:45.245-0500][gc,phases,start] GC(23489) Phase 2: Prepare for compaction
[2020-12-28T08:51:45.254-0500][gc,phases      ] GC(23489) Phase 2: Prepare for compaction 8.180ms
[2020-12-28T08:51:45.254-0500][gc,phases,start] GC(23489) Phase 3: Adjust pointers
[2020-12-28T08:51:45.268-0500][gc,phases      ] GC(23489) Phase 3: Adjust pointers 14.286ms
[2020-12-28T08:51:45.268-0500][gc,phases,start] GC(23489) Phase 4: Compact heap
[2020-12-28T08:51:45.272-0500][gc,phases      ] GC(23489) Phase 4: Compact heap 3.750ms
[2020-12-28T08:51:45.278-0500][gc,heap        ] GC(23489) Eden regions: 1->0(10)
[2020-12-28T08:51:45.278-0500][gc,heap        ] GC(23489) Survivor regions: 1->0(2)
[2020-12-28T08:51:45.278-0500][gc,heap        ] GC(23489) Old regions: 41->41
[2020-12-28T08:51:45.278-0500][gc,heap        ] GC(23489) Humongous regions: 4->4
[2020-12-28T08:51:45.278-0500][gc,metaspace   ] GC(23489) Metaspace: 50313K->50313K(1093632K)
[2020-12-28T08:51:45.278-0500][gc,heap        ] GC(23489) Heap after GC invocations=23490 (full 5380): garbage-first heap   total 64512K, used 43312K [0x0000000083000000, 0x0000000100000000)
[2020-12-28T08:51:45.278-0500][gc,heap        ] GC(23489)   region size 1024K, 0 young (0K), 0 survivors (0K)
[2020-12-28T08:51:45.278-0500][gc,heap        ] GC(23489)  Metaspace       used 50313K, capacity 52468K, committed 53888K, reserved 1093632K
[2020-12-28T08:51:45.278-0500][gc,heap        ] GC(23489)   class space    used 7457K, capacity 8250K, committed 8832K, reserved 1048576K
[2020-12-28T08:51:45.278-0500][gc             ] GC(23489) Pause Full (System.gc()) 43M->42M(63M) 88.107ms
[2020-12-28T08:51:45.278-0500][gc,cpu         ] GC(23489) User=0.33s Sys=0.00s Real=0.09s
[2020-12-28T08:54:13.385-0500][gc,heap        ] GC(23490) Heap before GC invocations=23490 (full 5380): garbage-first heap   total 64512K, used 52528K [0x0000000083000000, 0x0000000100000000)
[2020-12-28T08:54:13.385-0500][gc,heap        ] GC(23490)   region size 1024K, 10 young (10240K), 0 survivors (0K)
[2020-12-28T08:54:13.385-0500][gc,heap        ] GC(23490)  Metaspace       used 50313K, capacity 52468K, committed 53888K, reserved 1093632K
[2020-12-28T08:54:13.385-0500][gc,heap        ] GC(23490)   class space    used 7457K, capacity 8250K, committed 8832K, reserved 1048576K
[2020-12-28T08:54:13.385-0500][gc,start       ] GC(23490) Pause Young (Normal) (G1 Evacuation Pause)
[2020-12-28T08:54:13.385-0500][gc,task        ] GC(23490) Using 8 workers of 8 for evacuation
[2020-12-28T08:54:13.394-0500][gc,phases      ] GC(23490)   Pre Evacuate Collection Set: 0.0ms
[2020-12-28T08:54:13.394-0500][gc,phases      ] GC(23490)   Evacuate Collection Set: 6.2ms
[2020-12-28T08:54:13.394-0500][gc,phases      ] GC(23490)   Post Evacuate Collection Set: 2.5ms
[2020-12-28T08:54:13.394-0500][gc,phases      ] GC(23490)   Other: 0.2ms
[2020-12-28T08:54:13.394-0500][gc,heap        ] GC(23490) Eden regions: 10->0(9)
[2020-12-28T08:54:13.394-0500][gc,heap        ] GC(23490) Survivor regions: 0->1(2)
[2020-12-28T08:54:13.394-0500][gc,heap        ] GC(23490) Old regions: 41->41
[2020-12-28T08:54:13.394-0500][gc,heap        ] GC(23490) Humongous regions: 4->4
[2020-12-28T08:54:13.394-0500][gc,metaspace   ] GC(23490) Metaspace: 50313K->50313K(1093632K)
[2020-12-28T08:54:13.394-0500][gc,heap        ] GC(23490) Heap after GC invocations=23491 (full 5380): garbage-first heap   total 64512K, used 43380K [0x0000000083000000, 0x0000000100000000)
[2020-12-28T08:54:13.394-0500][gc,heap        ] GC(23490)   region size 1024K, 1 young (1024K), 1 survivors (1024K)
[2020-12-28T08:54:13.394-0500][gc,heap        ] GC(23490)  Metaspace       used 50313K, capacity 52468K, committed 53888K, reserved 1093632K
[2020-12-28T08:54:13.394-0500][gc,heap        ] GC(23490)   class space    used 7457K, capacity 8250K, committed 8832K, reserved 1048576K
[2020-12-28T08:54:13.394-0500][gc             ] GC(23490) Pause Young (Normal) (G1 Evacuation Pause) 52M->42M(63M) 8.953ms
[2020-12-28T08:54:13.394-0500][gc,cpu         ] GC(23490) User=0.05s Sys=0.00s Real=0.01s
[2020-12-28T08:56:29.915-0500][gc,heap        ] GC(23491) Heap before GC invocations=23491 (full 5380): garbage-first heap   total 64512K, used 51572K [0x0000000083000000, 0x0000000100000000)
[2020-12-28T08:56:29.915-0500][gc,heap        ] GC(23491)   region size 1024K, 10 young (10240K), 1 survivors (1024K)
[2020-12-28T08:56:29.915-0500][gc,heap        ] GC(23491)  Metaspace       used 50313K, capacity 52468K, committed 53888K, reserved 1093632K
[2020-12-28T08:56:29.915-0500][gc,heap        ] GC(23491)   class space    used 7457K, capacity 8250K, committed 8832K, reserved 1048576K
[2020-12-28T08:56:29.915-0500][gc,start       ] GC(23491) Pause Young (Normal) (G1 Evacuation Pause)
[2020-12-28T08:56:29.915-0500][gc,task        ] GC(23491) Using 8 workers of 8 for evacuation
[2020-12-28T08:56:29.917-0500][gc,phases      ] GC(23491)   Pre Evacuate Collection Set: 0.0ms
[2020-12-28T08:56:29.917-0500][gc,phases      ] GC(23491)   Evacuate Collection Set: 0.7ms
[2020-12-28T08:56:29.917-0500][gc,phases      ] GC(23491)   Post Evacuate Collection Set: 1.2ms
[2020-12-28T08:56:29.917-0500][gc,phases      ] GC(23491)   Other: 0.3ms
[2020-12-28T08:56:29.917-0500][gc,heap        ] GC(23491) Eden regions: 9->0(9)
[2020-12-28T08:56:29.917-0500][gc,heap        ] GC(23491) Survivor regions: 1->1(2)
[2020-12-28T08:56:29.917-0500][gc,heap        ] GC(23491) Old regions: 41->41
[2020-12-28T08:56:29.917-0500][gc,heap        ] GC(23491) Humongous regions: 4->4
[2020-12-28T08:56:29.917-0500][gc,metaspace   ] GC(23491) Metaspace: 50313K->50313K(1093632K)
[2020-12-28T08:56:29.917-0500][gc,heap        ] GC(23491) Heap after GC invocations=23492 (full 5380): garbage-first heap   total 64512K, used 43364K [0x0000000083000000, 0x0000000100000000)
[2020-12-28T08:56:29.917-0500][gc,heap        ] GC(23491)   region size 1024K, 1 young (1024K), 1 survivors (1024K)
[2020-12-28T08:56:29.917-0500][gc,heap        ] GC(23491)  Metaspace       used 50313K, capacity 52468K, committed 53888K, reserved 1093632K
[2020-12-28T08:56:29.917-0500][gc,heap        ] GC(23491)   class space    used 7457K, capacity 8250K, committed 8832K, reserved 1048576K
[2020-12-28T08:56:29.917-0500][gc             ] GC(23491) Pause Young (Normal) (G1 Evacuation Pause) 51M->42M(63M) 2.187ms
[2020-12-28T08:56:29.917-0500][gc,cpu         ] GC(23491) User=0.00s Sys=0.01s Real=0.00s
[2020-12-28T08:56:45.192-0500][gc,task        ] GC(23492) Using 5 workers of 8 for full compaction
[2020-12-28T08:56:45.192-0500][gc,start       ] GC(23492) Pause Full (System.gc())
[2020-12-28T08:56:45.192-0500][gc,heap        ] GC(23492) Heap before GC invocations=23492 (full 5380): garbage-first heap   total 64512K, used 43364K [0x0000000083000000, 0x0000000100000000)
[2020-12-28T08:56:45.192-0500][gc,heap        ] GC(23492)   region size 1024K, 2 young (2048K), 1 survivors (1024K)
[2020-12-28T08:56:45.192-0500][gc,heap        ] GC(23492)  Metaspace       used 50313K, capacity 52468K, committed 53888K, reserved 1093632K
[2020-12-28T08:56:45.192-0500][gc,heap        ] GC(23492)   class space    used 7457K, capacity 8250K, committed 8832K, reserved 1048576K
[2020-12-28T08:56:45.193-0500][gc,phases,start] GC(23492) Phase 1: Mark live objects
[2020-12-28T08:56:45.212-0500][gc,stringtable ] GC(23492) Cleaned string and symbol table, strings: 33320 processed, 4 removed, symbols: 120973 processed, 0 removed
[2020-12-28T08:56:45.212-0500][gc,phases      ] GC(23492) Phase 1: Mark live objects 19.852ms
[2020-12-28T08:56:45.212-0500][gc,phases,start] GC(23492) Phase 2: Prepare for compaction
[2020-12-28T08:56:45.216-0500][gc,phases      ] GC(23492) Phase 2: Prepare for compaction 3.327ms
[2020-12-28T08:56:45.216-0500][gc,phases,start] GC(23492) Phase 3: Adjust pointers
[2020-12-28T08:56:45.226-0500][gc,phases      ] GC(23492) Phase 3: Adjust pointers 9.666ms
[2020-12-28T08:56:45.226-0500][gc,phases,start] GC(23492) Phase 4: Compact heap
[2020-12-28T08:56:45.228-0500][gc,phases      ] GC(23492) Phase 4: Compact heap 2.755ms
[2020-12-28T08:56:45.233-0500][gc,heap        ] GC(23492) Eden regions: 1->0(10)
[2020-12-28T08:56:45.233-0500][gc,heap        ] GC(23492) Survivor regions: 1->0(2)
[2020-12-28T08:56:45.233-0500][gc,heap        ] GC(23492) Old regions: 41->41
[2020-12-28T08:56:45.233-0500][gc,heap        ] GC(23492) Humongous regions: 4->4
[2020-12-28T08:56:45.233-0500][gc,metaspace   ] GC(23492) Metaspace: 50313K->50313K(1093632K)
[2020-12-28T08:56:45.233-0500][gc,heap        ] GC(23492) Heap after GC invocations=23493 (full 5381): garbage-first heap   total 64512K, used 43312K [0x0000000083000000, 0x0000000100000000)
[2020-12-28T08:56:45.233-0500][gc,heap        ] GC(23492)   region size 1024K, 0 young (0K), 0 survivors (0K)
[2020-12-28T08:56:45.233-0500][gc,heap        ] GC(23492)  Metaspace       used 50313K, capacity 52468K, committed 53888K, reserved 1093632K
[2020-12-28T08:56:45.233-0500][gc,heap        ] GC(23492)   class space    used 7457K, capacity 8250K, committed 8832K, reserved 1048576K
[2020-12-28T08:56:45.233-0500][gc             ] GC(23492) Pause Full (System.gc()) 43M->42M(63M) 40.436ms
[2020-12-28T08:56:45.233-0500][gc,cpu         ] GC(23492) User=0.17s Sys=0.00s Real=0.04s
[2020-12-28T08:59:19.061-0500][gc,heap        ] GC(23493) Heap before GC invocations=23493 (full 5381): garbage-first heap   total 64512K, used 52528K [0x0000000083000000, 0x0000000100000000)
[2020-12-28T08:59:19.061-0500][gc,heap        ] GC(23493)   region size 1024K, 10 young (10240K), 0 survivors (0K)
[2020-12-28T08:59:19.061-0500][gc,heap        ] GC(23493)  Metaspace       used 50313K, capacity 52468K, committed 53888K, reserved 1093632K
[2020-12-28T08:59:19.061-0500][gc,heap        ] GC(23493)   class space    used 7457K, capacity 8250K, committed 8832K, reserved 1048576K
[2020-12-28T08:59:19.061-0500][gc,start       ] GC(23493) Pause Young (Normal) (G1 Evacuation Pause)
[2020-12-28T08:59:19.061-0500][gc,task        ] GC(23493) Using 8 workers of 8 for evacuation
[2020-12-28T08:59:19.084-0500][gc,phases      ] GC(23493)   Pre Evacuate Collection Set: 0.0ms
[2020-12-28T08:59:19.084-0500][gc,phases      ] GC(23493)   Evacuate Collection Set: 9.6ms
[2020-12-28T08:59:19.084-0500][gc,phases      ] GC(23493)   Post Evacuate Collection Set: 12.9ms
[2020-12-28T08:59:19.084-0500][gc,phases      ] GC(23493)   Other: 0.6ms
[2020-12-28T08:59:19.084-0500][gc,heap        ] GC(23493) Eden regions: 10->0(9)
[2020-12-28T08:59:19.084-0500][gc,heap        ] GC(23493) Survivor regions: 0->1(2)
[2020-12-28T08:59:19.084-0500][gc,heap        ] GC(23493) Old regions: 41->41
[2020-12-28T08:59:19.084-0500][gc,heap        ] GC(23493) Humongous regions: 4->4
[2020-12-28T08:59:19.084-0500][gc,metaspace   ] GC(23493) Metaspace: 50313K->50313K(1093632K)
[2020-12-28T08:59:19.084-0500][gc,heap        ] GC(23493) Heap after GC invocations=23494 (full 5381): garbage-first heap   total 64512K, used 43386K [0x0000000083000000, 0x0000000100000000)
[2020-12-28T08:59:19.084-0500][gc,heap        ] GC(23493)   region size 1024K, 1 young (1024K), 1 survivors (1024K)
[2020-12-28T08:59:19.084-0500][gc,heap        ] GC(23493)  Metaspace       used 50313K, capacity 52468K, committed 53888K, reserved 1093632K
[2020-12-28T08:59:19.084-0500][gc,heap        ] GC(23493)   class space    used 7457K, capacity 8250K, committed 8832K, reserved 1048576K
[2020-12-28T08:59:19.084-0500][gc             ] GC(23493) Pause Young (Normal) (G1 Evacuation Pause) 52M->42M(63M) 22.975ms
[2020-12-28T08:59:19.084-0500][gc,cpu         ] GC(23493) User=0.12s Sys=0.00s Real=0.02s
[2020-12-28T09:01:39.061-0500][gc,heap        ] GC(23494) Heap before GC invocations=23494 (full 5381): garbage-first heap   total 64512K, used 51578K [0x0000000083000000, 0x0000000100000000)
[2020-12-28T09:01:39.061-0500][gc,heap        ] GC(23494)   region size 1024K, 10 young (10240K), 1 survivors (1024K)
[2020-12-28T09:01:39.061-0500][gc,heap        ] GC(23494)  Metaspace       used 50313K, capacity 52468K, committed 53888K, reserved 1093632K
[2020-12-28T09:01:39.061-0500][gc,heap        ] GC(23494)   class space    used 7457K, capacity 8250K, committed 8832K, reserved 1048576K
[2020-12-28T09:01:39.061-0500][gc,start       ] GC(23494) Pause Young (Normal) (G1 Evacuation Pause)
[2020-12-28T09:01:39.061-0500][gc,task        ] GC(23494) Using 8 workers of 8 for evacuation
[2020-12-28T09:01:39.065-0500][gc,phases      ] GC(23494)   Pre Evacuate Collection Set: 0.0ms
[2020-12-28T09:01:39.065-0500][gc,phases      ] GC(23494)   Evacuate Collection Set: 1.8ms
[2020-12-28T09:01:39.065-0500][gc,phases      ] GC(23494)   Post Evacuate Collection Set: 2.0ms
[2020-12-28T09:01:39.066-0500][gc,phases      ] GC(23494)   Other: 0.5ms
[2020-12-28T09:01:39.066-0500][gc,heap        ] GC(23494) Eden regions: 9->0(9)
[2020-12-28T09:01:39.066-0500][gc,heap        ] GC(23494) Survivor regions: 1->1(2)
[2020-12-28T09:01:39.066-0500][gc,heap        ] GC(23494) Old regions: 41->41
[2020-12-28T09:01:39.066-0500][gc,heap        ] GC(23494) Humongous regions: 4->4
[2020-12-28T09:01:39.066-0500][gc,metaspace   ] GC(23494) Metaspace: 50313K->50313K(1093632K)
[2020-12-28T09:01:39.066-0500][gc,heap        ] GC(23494) Heap after GC invocations=23495 (full 5381): garbage-first heap   total 64512K, used 43388K [0x0000000083000000, 0x0000000100000000)
[2020-12-28T09:01:39.066-0500][gc,heap        ] GC(23494)   region size 1024K, 1 young (1024K), 1 survivors (1024K)
[2020-12-28T09:01:39.066-0500][gc,heap        ] GC(23494)  Metaspace       used 50313K, capacity 52468K, committed 53888K, reserved 1093632K
[2020-12-28T09:01:39.066-0500][gc,heap        ] GC(23494)   class space    used 7457K, capacity 8250K, committed 8832K, reserved 1048576K
[2020-12-28T09:01:39.066-0500][gc             ] GC(23494) Pause Young (Normal) (G1 Evacuation Pause) 51M->42M(63M) 4.411ms
[2020-12-28T09:01:39.066-0500][gc,cpu         ] GC(23494) User=0.01s Sys=0.01s Real=0.00s
[2020-12-28T09:01:45.189-0500][gc,task        ] GC(23495) Using 5 workers of 8 for full compaction
[2020-12-28T09:01:45.189-0500][gc,start       ] GC(23495) Pause Full (System.gc())
[2020-12-28T09:01:45.189-0500][gc,heap        ] GC(23495) Heap before GC invocations=23495 (full 5381): garbage-first heap   total 64512K, used 43388K [0x0000000083000000, 0x0000000100000000)
[2020-12-28T09:01:45.189-0500][gc,heap        ] GC(23495)   region size 1024K, 2 young (2048K), 1 survivors (1024K)
[2020-12-28T09:01:45.189-0500][gc,heap        ] GC(23495)  Metaspace       used 50313K, capacity 52468K, committed 53888K, reserved 1093632K
[2020-12-28T09:01:45.189-0500][gc,heap        ] GC(23495)   class space    used 7457K, capacity 8250K, committed 8832K, reserved 1048576K
[2020-12-28T09:01:45.190-0500][gc,phases,start] GC(23495) Phase 1: Mark live objects
[2020-12-28T09:01:45.218-0500][gc,stringtable ] GC(23495) Cleaned string and symbol table, strings: 33320 processed, 4 removed, symbols: 120973 processed, 0 removed
[2020-12-28T09:01:45.219-0500][gc,phases      ] GC(23495) Phase 1: Mark live objects 28.805ms
[2020-12-28T09:01:45.219-0500][gc,phases,start] GC(23495) Phase 2: Prepare for compaction
[2020-12-28T09:01:45.222-0500][gc,phases      ] GC(23495) Phase 2: Prepare for compaction 3.276ms
[2020-12-28T09:01:45.222-0500][gc,phases,start] GC(23495) Phase 3: Adjust pointers
[2020-12-28T09:01:45.231-0500][gc,phases      ] GC(23495) Phase 3: Adjust pointers 9.271ms
[2020-12-28T09:01:45.231-0500][gc,phases,start] GC(23495) Phase 4: Compact heap
[2020-12-28T09:01:45.234-0500][gc,phases      ] GC(23495) Phase 4: Compact heap 2.348ms
[2020-12-28T09:01:45.238-0500][gc,heap        ] GC(23495) Eden regions: 1->0(10)
[2020-12-28T09:01:45.238-0500][gc,heap        ] GC(23495) Survivor regions: 1->0(2)
[2020-12-28T09:01:45.238-0500][gc,heap        ] GC(23495) Old regions: 41->41
[2020-12-28T09:01:45.238-0500][gc,heap        ] GC(23495) Humongous regions: 4->4
[2020-12-28T09:01:45.238-0500][gc,metaspace   ] GC(23495) Metaspace: 50313K->50313K(1093632K)
[2020-12-28T09:01:45.238-0500][gc,heap        ] GC(23495) Heap after GC invocations=23496 (full 5382): garbage-first heap   total 64512K, used 43311K [0x0000000083000000, 0x0000000100000000)
[2020-12-28T09:01:45.238-0500][gc,heap        ] GC(23495)   region size 1024K, 0 young (0K), 0 survivors (0K)
[2020-12-28T09:01:45.238-0500][gc,heap        ] GC(23495)  Metaspace       used 50313K, capacity 52468K, committed 53888K, reserved 1093632K
[2020-12-28T09:01:45.238-0500][gc,heap        ] GC(23495)   class space    used 7457K, capacity 8250K, committed 8832K, reserved 1048576K
[2020-12-28T09:01:45.238-0500][gc             ] GC(23495) Pause Full (System.gc()) 42M->42M(63M) 48.794ms
[2020-12-28T09:01:45.238-0500][gc,cpu         ] GC(23495) User=0.21s Sys=0.00s Real=0.05s
[2020-12-28T09:04:12.905-0500][gc,heap        ] GC(23496) Heap before GC invocations=23496 (full 5382): garbage-first heap   total 64512K, used 53551K [0x0000000083000000, 0x0000000100000000)
[2020-12-28T09:04:12.905-0500][gc,heap        ] GC(23496)   region size 1024K, 10 young (10240K), 0 survivors (0K)
[2020-12-28T09:04:12.905-0500][gc,heap        ] GC(23496)  Metaspace       used 50313K, capacity 52468K, committed 53888K, reserved 1093632K
[2020-12-28T09:04:12.905-0500][gc,heap        ] GC(23496)   class space    used 7457K, capacity 8250K, committed 8832K, reserved 1048576K
[2020-12-28T09:04:12.905-0500][gc,start       ] GC(23496) Pause Young (Normal) (G1 Evacuation Pause)
[2020-12-28T09:04:12.905-0500][gc,task        ] GC(23496) Using 8 workers of 8 for evacuation
[2020-12-28T09:04:12.908-0500][gc,phases      ] GC(23496)   Pre Evacuate Collection Set: 0.0ms
[2020-12-28T09:04:12.908-0500][gc,phases      ] GC(23496)   Evacuate Collection Set: 0.8ms
[2020-12-28T09:04:12.908-0500][gc,phases      ] GC(23496)   Post Evacuate Collection Set: 1.5ms
[2020-12-28T09:04:12.908-0500][gc,phases      ] GC(23496)   Other: 0.2ms
[2020-12-28T09:04:12.908-0500][gc,heap        ] GC(23496) Eden regions: 10->0(9)
[2020-12-28T09:04:12.908-0500][gc,heap        ] GC(23496) Survivor regions: 0->1(2)
[2020-12-28T09:04:12.908-0500][gc,heap        ] GC(23496) Old regions: 41->41
[2020-12-28T09:04:12.908-0500][gc,heap        ] GC(23496) Humongous regions: 4->4
[2020-12-28T09:04:12.908-0500][gc,metaspace   ] GC(23496) Metaspace: 50313K->50313K(1093632K)
[2020-12-28T09:04:12.908-0500][gc,heap        ] GC(23496) Heap after GC invocations=23497 (full 5382): garbage-first heap   total 64512K, used 43376K [0x0000000083000000, 0x0000000100000000)
[2020-12-28T09:04:12.908-0500][gc,heap        ] GC(23496)   region size 1024K, 1 young (1024K), 1 survivors (1024K)
[2020-12-28T09:04:12.908-0500][gc,heap        ] GC(23496)  Metaspace       used 50313K, capacity 52468K, committed 53888K, reserved 1093632K
[2020-12-28T09:04:12.908-0500][gc,heap        ] GC(23496)   class space    used 7457K, capacity 8250K, committed 8832K, reserved 1048576K
[2020-12-28T09:04:12.908-0500][gc             ] GC(23496) Pause Young (Normal) (G1 Evacuation Pause) 52M->42M(63M) 2.577ms
[2020-12-28T09:04:12.908-0500][gc,cpu         ] GC(23496) User=0.01s Sys=0.01s Real=0.01s
[2020-12-28T09:06:23.151-0500][gc,heap        ] GC(23497) Heap before GC invocations=23497 (full 5382): garbage-first heap   total 64512K, used 52592K [0x0000000083000000, 0x0000000100000000)
[2020-12-28T09:06:23.151-0500][gc,heap        ] GC(23497)   region size 1024K, 10 young (10240K), 1 survivors (1024K)
[2020-12-28T09:06:23.151-0500][gc,heap        ] GC(23497)  Metaspace       used 50313K, capacity 52468K, committed 53888K, reserved 1093632K
[2020-12-28T09:06:23.151-0500][gc,heap        ] GC(23497)   class space    used 7457K, capacity 8250K, committed 8832K, reserved 1048576K
[2020-12-28T09:06:23.151-0500][gc,start       ] GC(23497) Pause Young (Normal) (G1 Evacuation Pause)
[2020-12-28T09:06:23.151-0500][gc,task        ] GC(23497) Using 8 workers of 8 for evacuation
[2020-12-28T09:06:23.153-0500][gc,phases      ] GC(23497)   Pre Evacuate Collection Set: 0.0ms
[2020-12-28T09:06:23.153-0500][gc,phases      ] GC(23497)   Evacuate Collection Set: 0.7ms
[2020-12-28T09:06:23.153-0500][gc,phases      ] GC(23497)   Post Evacuate Collection Set: 1.7ms
[2020-12-28T09:06:23.153-0500][gc,phases      ] GC(23497)   Other: 0.2ms
[2020-12-28T09:06:23.153-0500][gc,heap        ] GC(23497) Eden regions: 9->0(9)
[2020-12-28T09:06:23.153-0500][gc,heap        ] GC(23497) Survivor regions: 1->1(2)
[2020-12-28T09:06:23.153-0500][gc,heap        ] GC(23497) Old regions: 41->41
[2020-12-28T09:06:23.153-0500][gc,heap        ] GC(23497) Humongous regions: 4->4
[2020-12-28T09:06:23.153-0500][gc,metaspace   ] GC(23497) Metaspace: 50313K->50313K(1093632K)
[2020-12-28T09:06:23.153-0500][gc,heap        ] GC(23497) Heap after GC invocations=23498 (full 5382): garbage-first heap   total 64512K, used 43377K [0x0000000083000000, 0x0000000100000000)
[2020-12-28T09:06:23.153-0500][gc,heap        ] GC(23497)   region size 1024K, 1 young (1024K), 1 survivors (1024K)
[2020-12-28T09:06:23.153-0500][gc,heap        ] GC(23497)  Metaspace       used 50313K, capacity 52468K, committed 53888K, reserved 1093632K
[2020-12-28T09:06:23.153-0500][gc,heap        ] GC(23497)   class space    used 7457K, capacity 8250K, committed 8832K, reserved 1048576K
[2020-12-28T09:06:23.153-0500][gc             ] GC(23497) Pause Young (Normal) (G1 Evacuation Pause) 51M->42M(63M) 2.674ms
[2020-12-28T09:06:23.153-0500][gc,cpu         ] GC(23497) User=0.00s Sys=0.00s Real=0.00s
[2020-12-28T09:06:45.189-0500][gc,task        ] GC(23498) Using 5 workers of 8 for full compaction
[2020-12-28T09:06:45.189-0500][gc,start       ] GC(23498) Pause Full (System.gc())
[2020-12-28T09:06:45.189-0500][gc,heap        ] GC(23498) Heap before GC invocations=23498 (full 5382): garbage-first heap   total 64512K, used 44401K [0x0000000083000000, 0x0000000100000000)
[2020-12-28T09:06:45.189-0500][gc,heap        ] GC(23498)   region size 1024K, 3 young (3072K), 1 survivors (1024K)
[2020-12-28T09:06:45.189-0500][gc,heap        ] GC(23498)  Metaspace       used 50313K, capacity 52468K, committed 53888K, reserved 1093632K
[2020-12-28T09:06:45.189-0500][gc,heap        ] GC(23498)   class space    used 7457K, capacity 8250K, committed 8832K, reserved 1048576K
[2020-12-28T09:06:45.189-0500][gc,phases,start] GC(23498) Phase 1: Mark live objects
[2020-12-28T09:06:45.209-0500][gc,stringtable ] GC(23498) Cleaned string and symbol table, strings: 33320 processed, 4 removed, symbols: 120973 processed, 0 removed
[2020-12-28T09:06:45.209-0500][gc,phases      ] GC(23498) Phase 1: Mark live objects 19.740ms
[2020-12-28T09:06:45.209-0500][gc,phases,start] GC(23498) Phase 2: Prepare for compaction
[2020-12-28T09:06:45.213-0500][gc,phases      ] GC(23498) Phase 2: Prepare for compaction 3.957ms
[2020-12-28T09:06:45.213-0500][gc,phases,start] GC(23498) Phase 3: Adjust pointers
[2020-12-28T09:06:45.223-0500][gc,phases      ] GC(23498) Phase 3: Adjust pointers 9.743ms
[2020-12-28T09:06:45.223-0500][gc,phases,start] GC(23498) Phase 4: Compact heap
[2020-12-28T09:06:45.226-0500][gc,phases      ] GC(23498) Phase 4: Compact heap 3.094ms
[2020-12-28T09:06:45.230-0500][gc,heap        ] GC(23498) Eden regions: 2->0(10)
[2020-12-28T09:06:45.230-0500][gc,heap        ] GC(23498) Survivor regions: 1->0(2)
[2020-12-28T09:06:45.230-0500][gc,heap        ] GC(23498) Old regions: 41->41
[2020-12-28T09:06:45.230-0500][gc,heap        ] GC(23498) Humongous regions: 4->4
[2020-12-28T09:06:45.230-0500][gc,metaspace   ] GC(23498) Metaspace: 50313K->50313K(1093632K)
[2020-12-28T09:06:45.230-0500][gc,heap        ] GC(23498) Heap after GC invocations=23499 (full 5383): garbage-first heap   total 64512K, used 43313K [0x0000000083000000, 0x0000000100000000)
[2020-12-28T09:06:45.230-0500][gc,heap        ] GC(23498)   region size 1024K, 0 young (0K), 0 survivors (0K)
[2020-12-28T09:06:45.230-0500][gc,heap        ] GC(23498)  Metaspace       used 50313K, capacity 52468K, committed 53888K, reserved 1093632K
[2020-12-28T09:06:45.231-0500][gc,heap        ] GC(23498)   class space    used 7457K, capacity 8250K, committed 8832K, reserved 1048576K
[2020-12-28T09:06:45.231-0500][gc             ] GC(23498) Pause Full (System.gc()) 43M->42M(63M) 41.503ms
[2020-12-28T09:06:45.231-0500][gc,cpu         ] GC(23498) User=0.17s Sys=0.00s Real=0.04s
[2020-12-28T09:09:09.059-0500][gc,heap        ] GC(23499) Heap before GC invocations=23499 (full 5383): garbage-first heap   total 64512K, used 52529K [0x0000000083000000, 0x0000000100000000)
[2020-12-28T09:09:09.059-0500][gc,heap        ] GC(23499)   region size 1024K, 10 young (10240K), 0 survivors (0K)
[2020-12-28T09:09:09.059-0500][gc,heap        ] GC(23499)  Metaspace       used 50313K, capacity 52468K, committed 53888K, reserved 1093632K
[2020-12-28T09:09:09.060-0500][gc,heap        ] GC(23499)   class space    used 7457K, capacity 8250K, committed 8832K, reserved 1048576K
[2020-12-28T09:09:09.060-0500][gc,start       ] GC(23499) Pause Young (Normal) (G1 Evacuation Pause)
[2020-12-28T09:09:09.060-0500][gc,task        ] GC(23499) Using 8 workers of 8 for evacuation
[2020-12-28T09:09:09.062-0500][gc,phases      ] GC(23499)   Pre Evacuate Collection Set: 0.0ms
[2020-12-28T09:09:09.062-0500][gc,phases      ] GC(23499)   Evacuate Collection Set: 0.8ms
[2020-12-28T09:09:09.062-0500][gc,phases      ] GC(23499)   Post Evacuate Collection Set: 1.7ms
[2020-12-28T09:09:09.062-0500][gc,phases      ] GC(23499)   Other: 0.2ms
[2020-12-28T09:09:09.062-0500][gc,heap        ] GC(23499) Eden regions: 10->0(9)
[2020-12-28T09:09:09.062-0500][gc,heap        ] GC(23499) Survivor regions: 0->1(2)
[2020-12-28T09:09:09.062-0500][gc,heap        ] GC(23499) Old regions: 41->41
[2020-12-28T09:09:09.062-0500][gc,heap        ] GC(23499) Humongous regions: 4->4
[2020-12-28T09:09:09.062-0500][gc,metaspace   ] GC(23499) Metaspace: 50313K->50313K(1093632K)
[2020-12-28T09:09:09.062-0500][gc,heap        ] GC(23499) Heap after GC invocations=23500 (full 5383): garbage-first heap   total 64512K, used 43393K [0x0000000083000000, 0x0000000100000000)
[2020-12-28T09:09:09.062-0500][gc,heap        ] GC(23499)   region size 1024K, 1 young (1024K), 1 survivors (1024K)
[2020-12-28T09:09:09.062-0500][gc,heap        ] GC(23499)  Metaspace       used 50313K, capacity 52468K, committed 53888K, reserved 1093632K
[2020-12-28T09:09:09.062-0500][gc,heap        ] GC(23499)   class space    used 7457K, capacity 8250K, committed 8832K, reserved 1048576K
[2020-12-28T09:09:09.062-0500][gc             ] GC(23499) Pause Young (Normal) (G1 Evacuation Pause) 52M->42M(63M) 2.717ms
[2020-12-28T09:09:09.062-0500][gc,cpu         ] GC(23499) User=0.00s Sys=0.01s Real=0.00s
[2020-12-28T09:11:19.061-0500][gc,heap        ] GC(23500) Heap before GC invocations=23500 (full 5383): garbage-first heap   total 64512K, used 51585K [0x0000000083000000, 0x0000000100000000)
[2020-12-28T09:11:19.061-0500][gc,heap        ] GC(23500)   region size 1024K, 10 young (10240K), 1 survivors (1024K)
[2020-12-28T09:11:19.061-0500][gc,heap        ] GC(23500)  Metaspace       used 50313K, capacity 52468K, committed 53888K, reserved 1093632K
[2020-12-28T09:11:19.061-0500][gc,heap        ] GC(23500)   class space    used 7457K, capacity 8250K, committed 8832K, reserved 1048576K
[2020-12-28T09:11:19.061-0500][gc,start       ] GC(23500) Pause Young (Normal) (G1 Evacuation Pause)
[2020-12-28T09:11:19.061-0500][gc,task        ] GC(23500) Using 8 workers of 8 for evacuation
[2020-12-28T09:11:19.067-0500][gc,phases      ] GC(23500)   Pre Evacuate Collection Set: 0.0ms
[2020-12-28T09:11:19.068-0500][gc,phases      ] GC(23500)   Evacuate Collection Set: 3.8ms
[2020-12-28T09:11:19.068-0500][gc,phases      ] GC(23500)   Post Evacuate Collection Set: 2.0ms
[2020-12-28T09:11:19.068-0500][gc,phases      ] GC(23500)   Other: 0.4ms
[2020-12-28T09:11:19.068-0500][gc,heap        ] GC(23500) Eden regions: 9->0(9)
[2020-12-28T09:11:19.068-0500][gc,heap        ] GC(23500) Survivor regions: 1->1(2)
[2020-12-28T09:11:19.068-0500][gc,heap        ] GC(23500) Old regions: 41->41
[2020-12-28T09:11:19.068-0500][gc,heap        ] GC(23500) Humongous regions: 4->4
[2020-12-28T09:11:19.068-0500][gc,metaspace   ] GC(23500) Metaspace: 50313K->50313K(1093632K)
[2020-12-28T09:11:19.068-0500][gc,heap        ] GC(23500) Heap after GC invocations=23501 (full 5383): garbage-first heap   total 64512K, used 43394K [0x0000000083000000, 0x0000000100000000)
[2020-12-28T09:11:19.068-0500][gc,heap        ] GC(23500)   region size 1024K, 1 young (1024K), 1 survivors (1024K)
[2020-12-28T09:11:19.068-0500][gc,heap        ] GC(23500)  Metaspace       used 50313K, capacity 52468K, committed 53888K, reserved 1093632K
[2020-12-28T09:11:19.068-0500][gc,heap        ] GC(23500)   class space    used 7457K, capacity 8250K, committed 8832K, reserved 1048576K
[2020-12-28T09:11:19.068-0500][gc             ] GC(23500) Pause Young (Normal) (G1 Evacuation Pause) 51M->42M(63M) 6.649ms
[2020-12-28T09:11:19.068-0500][gc,cpu         ] GC(23500) User=0.02s Sys=0.00s Real=0.01s
[2020-12-28T09:11:45.189-0500][gc,task        ] GC(23501) Using 5 workers of 8 for full compaction
[2020-12-28T09:11:45.189-0500][gc,start       ] GC(23501) Pause Full (System.gc())
[2020-12-28T09:11:45.189-0500][gc,heap        ] GC(23501) Heap before GC invocations=23501 (full 5383): garbage-first heap   total 64512K, used 44418K [0x0000000083000000, 0x0000000100000000)
[2020-12-28T09:11:45.189-0500][gc,heap        ] GC(23501)   region size 1024K, 3 young (3072K), 1 survivors (1024K)
[2020-12-28T09:11:45.189-0500][gc,heap        ] GC(23501)  Metaspace       used 50313K, capacity 52468K, committed 53888K, reserved 1093632K
[2020-12-28T09:11:45.189-0500][gc,heap        ] GC(23501)   class space    used 7457K, capacity 8250K, committed 8832K, reserved 1048576K
[2020-12-28T09:11:45.190-0500][gc,phases,start] GC(23501) Phase 1: Mark live objects
[2020-12-28T09:11:45.229-0500][gc,stringtable ] GC(23501) Cleaned string and symbol table, strings: 33320 processed, 4 removed, symbols: 120973 processed, 0 removed
[2020-12-28T09:11:45.229-0500][gc,phases      ] GC(23501) Phase 1: Mark live objects 39.010ms
[2020-12-28T09:11:45.229-0500][gc,phases,start] GC(23501) Phase 2: Prepare for compaction
[2020-12-28T09:11:45.232-0500][gc,phases      ] GC(23501) Phase 2: Prepare for compaction 3.282ms
[2020-12-28T09:11:45.232-0500][gc,phases,start] GC(23501) Phase 3: Adjust pointers
[2020-12-28T09:11:45.241-0500][gc,phases      ] GC(23501) Phase 3: Adjust pointers 9.139ms
[2020-12-28T09:11:45.241-0500][gc,phases,start] GC(23501) Phase 4: Compact heap
[2020-12-28T09:11:45.244-0500][gc,phases      ] GC(23501) Phase 4: Compact heap 2.918ms
[2020-12-28T09:11:45.249-0500][gc,heap        ] GC(23501) Eden regions: 2->0(9)
[2020-12-28T09:11:45.249-0500][gc,heap        ] GC(23501) Survivor regions: 1->0(2)
[2020-12-28T09:11:45.249-0500][gc,heap        ] GC(23501) Old regions: 41->42
[2020-12-28T09:11:45.249-0500][gc,heap        ] GC(23501) Humongous regions: 4->4
[2020-12-28T09:11:45.249-0500][gc,metaspace   ] GC(23501) Metaspace: 50313K->50313K(1093632K)
[2020-12-28T09:11:45.249-0500][gc,heap        ] GC(23501) Heap after GC invocations=23502 (full 5384): garbage-first heap   total 64512K, used 43314K [0x0000000083000000, 0x0000000100000000)
[2020-12-28T09:11:45.249-0500][gc,heap        ] GC(23501)   region size 1024K, 0 young (0K), 0 survivors (0K)
[2020-12-28T09:11:45.249-0500][gc,heap        ] GC(23501)  Metaspace       used 50313K, capacity 52468K, committed 53888K, reserved 1093632K
[2020-12-28T09:11:45.249-0500][gc,heap        ] GC(23501)   class space    used 7457K, capacity 8250K, committed 8832K, reserved 1048576K
[2020-12-28T09:11:45.249-0500][gc             ] GC(23501) Pause Full (System.gc()) 44M->42M(63M) 59.552ms
[2020-12-28T09:11:45.249-0500][gc,cpu         ] GC(23501) User=0.26s Sys=0.00s Real=0.06s
[2020-12-28T09:13:59.062-0500][gc,heap        ] GC(23502) Heap before GC invocations=23502 (full 5384): garbage-first heap   total 64512K, used 51506K [0x0000000083000000, 0x0000000100000000)
[2020-12-28T09:13:59.062-0500][gc,heap        ] GC(23502)   region size 1024K, 9 young (9216K), 0 survivors (0K)
[2020-12-28T09:13:59.062-0500][gc,heap        ] GC(23502)  Metaspace       used 50313K, capacity 52468K, committed 53888K, reserved 1093632K
[2020-12-28T09:13:59.063-0500][gc,heap        ] GC(23502)   class space    used 7457K, capacity 8250K, committed 8832K, reserved 1048576K
[2020-12-28T09:13:59.063-0500][gc,start       ] GC(23502) Pause Young (Normal) (G1 Evacuation Pause)
[2020-12-28T09:13:59.063-0500][gc,task        ] GC(23502) Using 8 workers of 8 for evacuation
[2020-12-28T09:13:59.065-0500][gc,phases      ] GC(23502)   Pre Evacuate Collection Set: 0.0ms
[2020-12-28T09:13:59.066-0500][gc,phases      ] GC(23502)   Evacuate Collection Set: 0.8ms
[2020-12-28T09:13:59.066-0500][gc,phases      ] GC(23502)   Post Evacuate Collection Set: 2.0ms
[2020-12-28T09:13:59.066-0500][gc,phases      ] GC(23502)   Other: 0.2ms
[2020-12-28T09:13:59.066-0500][gc,heap        ] GC(23502) Eden regions: 9->0(8)
[2020-12-28T09:13:59.066-0500][gc,heap        ] GC(23502) Survivor regions: 0->1(2)
[2020-12-28T09:13:59.066-0500][gc,heap        ] GC(23502) Old regions: 42->42
[2020-12-28T09:13:59.066-0500][gc,heap        ] GC(23502) Humongous regions: 4->4
[2020-12-28T09:13:59.066-0500][gc,metaspace   ] GC(23502) Metaspace: 50313K->50313K(1093632K)
[2020-12-28T09:13:59.066-0500][gc,heap        ] GC(23502) Heap after GC invocations=23503 (full 5384): garbage-first heap   total 64512K, used 43369K [0x0000000083000000, 0x0000000100000000)
[2020-12-28T09:13:59.066-0500][gc,heap        ] GC(23502)   region size 1024K, 1 young (1024K), 1 survivors (1024K)
[2020-12-28T09:13:59.066-0500][gc,heap        ] GC(23502)  Metaspace       used 50313K, capacity 52468K, committed 53888K, reserved 1093632K
[2020-12-28T09:13:59.066-0500][gc,heap        ] GC(23502)   class space    used 7457K, capacity 8250K, committed 8832K, reserved 1048576K
[2020-12-28T09:13:59.066-0500][gc             ] GC(23502) Pause Young (Normal) (G1 Evacuation Pause) 51M->42M(63M) 3.195ms
[2020-12-28T09:13:59.066-0500][gc,cpu         ] GC(23502) User=0.00s Sys=0.01s Real=0.00s
[2020-12-28T09:15:59.066-0500][gc,heap        ] GC(23503) Heap before GC invocations=23503 (full 5384): garbage-first heap   total 64512K, used 51561K [0x0000000083000000, 0x0000000100000000)
[2020-12-28T09:15:59.066-0500][gc,heap        ] GC(23503)   region size 1024K, 9 young (9216K), 1 survivors (1024K)
[2020-12-28T09:15:59.066-0500][gc,heap        ] GC(23503)  Metaspace       used 50313K, capacity 52468K, committed 53888K, reserved 1093632K
[2020-12-28T09:15:59.066-0500][gc,heap        ] GC(23503)   class space    used 7457K, capacity 8250K, committed 8832K, reserved 1048576K
[2020-12-28T09:15:59.066-0500][gc,start       ] GC(23503) Pause Young (Normal) (G1 Evacuation Pause)
[2020-12-28T09:15:59.066-0500][gc,task        ] GC(23503) Using 8 workers of 8 for evacuation
[2020-12-28T09:15:59.068-0500][gc,phases      ] GC(23503)   Pre Evacuate Collection Set: 0.0ms
[2020-12-28T09:15:59.068-0500][gc,phases      ] GC(23503)   Evacuate Collection Set: 0.7ms
[2020-12-28T09:15:59.068-0500][gc,phases      ] GC(23503)   Post Evacuate Collection Set: 1.1ms
[2020-12-28T09:15:59.068-0500][gc,phases      ] GC(23503)   Other: 0.3ms
[2020-12-28T09:15:59.068-0500][gc,heap        ] GC(23503) Eden regions: 8->0(8)
[2020-12-28T09:15:59.068-0500][gc,heap        ] GC(23503) Survivor regions: 1->1(2)
[2020-12-28T09:15:59.068-0500][gc,heap        ] GC(23503) Old regions: 42->42
[2020-12-28T09:15:59.068-0500][gc,heap        ] GC(23503) Humongous regions: 4->4
[2020-12-28T09:15:59.068-0500][gc,metaspace   ] GC(23503) Metaspace: 50313K->50313K(1093632K)
[2020-12-28T09:15:59.068-0500][gc,heap        ] GC(23503) Heap after GC invocations=23504 (full 5384): garbage-first heap   total 64512K, used 43374K [0x0000000083000000, 0x0000000100000000)
[2020-12-28T09:15:59.068-0500][gc,heap        ] GC(23503)   region size 1024K, 1 young (1024K), 1 survivors (1024K)
[2020-12-28T09:15:59.068-0500][gc,heap        ] GC(23503)  Metaspace       used 50313K, capacity 52468K, committed 53888K, reserved 1093632K
[2020-12-28T09:15:59.068-0500][gc,heap        ] GC(23503)   class space    used 7457K, capacity 8250K, committed 8832K, reserved 1048576K
[2020-12-28T09:15:59.069-0500][gc             ] GC(23503) Pause Young (Normal) (G1 Evacuation Pause) 50M->42M(63M) 2.282ms
[2020-12-28T09:15:59.069-0500][gc,cpu         ] GC(23503) User=0.00s Sys=0.01s Real=0.01s
[2020-12-28T09:16:45.192-0500][gc,task        ] GC(23504) Using 5 workers of 8 for full compaction
[2020-12-28T09:16:45.192-0500][gc,start       ] GC(23504) Pause Full (System.gc())
[2020-12-28T09:16:45.192-0500][gc,heap        ] GC(23504) Heap before GC invocations=23504 (full 5384): garbage-first heap   total 64512K, used 45422K [0x0000000083000000, 0x0000000100000000)
[2020-12-28T09:16:45.192-0500][gc,heap        ] GC(23504)   region size 1024K, 4 young (4096K), 1 survivors (1024K)
[2020-12-28T09:16:45.192-0500][gc,heap        ] GC(23504)  Metaspace       used 50313K, capacity 52468K, committed 53888K, reserved 1093632K
[2020-12-28T09:16:45.192-0500][gc,heap        ] GC(23504)   class space    used 7457K, capacity 8250K, committed 8832K, reserved 1048576K
[2020-12-28T09:16:45.193-0500][gc,phases,start] GC(23504) Phase 1: Mark live objects
[2020-12-28T09:16:45.231-0500][gc,stringtable ] GC(23504) Cleaned string and symbol table, strings: 33320 processed, 4 removed, symbols: 120973 processed, 0 removed
[2020-12-28T09:16:45.231-0500][gc,phases      ] GC(23504) Phase 1: Mark live objects 38.037ms
[2020-12-28T09:16:45.231-0500][gc,phases,start] GC(23504) Phase 2: Prepare for compaction
[2020-12-28T09:16:45.236-0500][gc,phases      ] GC(23504) Phase 2: Prepare for compaction 4.913ms
[2020-12-28T09:16:45.236-0500][gc,phases,start] GC(23504) Phase 3: Adjust pointers
[2020-12-28T09:16:45.248-0500][gc,phases      ] GC(23504) Phase 3: Adjust pointers 12.182ms
[2020-12-28T09:16:45.248-0500][gc,phases,start] GC(23504) Phase 4: Compact heap
[2020-12-28T09:16:45.252-0500][gc,phases      ] GC(23504) Phase 4: Compact heap 3.251ms
[2020-12-28T09:16:45.256-0500][gc,heap        ] GC(23504) Eden regions: 3->0(9)
[2020-12-28T09:16:45.256-0500][gc,heap        ] GC(23504) Survivor regions: 1->0(2)
[2020-12-28T09:16:45.256-0500][gc,heap        ] GC(23504) Old regions: 42->42
[2020-12-28T09:16:45.256-0500][gc,heap        ] GC(23504) Humongous regions: 4->4
[2020-12-28T09:16:45.256-0500][gc,metaspace   ] GC(23504) Metaspace: 50313K->50313K(1093632K)
[2020-12-28T09:16:45.256-0500][gc,heap        ] GC(23504) Heap after GC invocations=23505 (full 5385): garbage-first heap   total 64512K, used 43325K [0x0000000083000000, 0x0000000100000000)
[2020-12-28T09:16:45.256-0500][gc,heap        ] GC(23504)   region size 1024K, 0 young (0K), 0 survivors (0K)
[2020-12-28T09:16:45.256-0500][gc,heap        ] GC(23504)  Metaspace       used 50313K, capacity 52468K, committed 53888K, reserved 1093632K
[2020-12-28T09:16:45.256-0500][gc,heap        ] GC(23504)   class space    used 7457K, capacity 8250K, committed 8832K, reserved 1048576K
[2020-12-28T09:16:45.256-0500][gc             ] GC(23504) Pause Full (System.gc()) 45M->42M(63M) 63.418ms
[2020-12-28T09:16:45.256-0500][gc,cpu         ] GC(23504) User=0.28s Sys=0.00s Real=0.06s
[2020-12-28T09:18:59.069-0500][gc,heap        ] GC(23505) Heap before GC invocations=23505 (full 5385): garbage-first heap   total 64512K, used 52541K [0x0000000083000000, 0x0000000100000000)
[2020-12-28T09:18:59.069-0500][gc,heap        ] GC(23505)   region size 1024K, 9 young (9216K), 0 survivors (0K)
[2020-12-28T09:18:59.069-0500][gc,heap        ] GC(23505)  Metaspace       used 50313K, capacity 52468K, committed 53888K, reserved 1093632K
[2020-12-28T09:18:59.069-0500][gc,heap        ] GC(23505)   class space    used 7457K, capacity 8250K, committed 8832K, reserved 1048576K
[2020-12-28T09:18:59.069-0500][gc,start       ] GC(23505) Pause Young (Normal) (G1 Evacuation Pause)
[2020-12-28T09:18:59.069-0500][gc,task        ] GC(23505) Using 8 workers of 8 for evacuation
[2020-12-28T09:18:59.073-0500][gc,phases      ] GC(23505)   Pre Evacuate Collection Set: 0.0ms
[2020-12-28T09:18:59.073-0500][gc,phases      ] GC(23505)   Evacuate Collection Set: 1.5ms
[2020-12-28T09:18:59.074-0500][gc,phases      ] GC(23505)   Post Evacuate Collection Set: 2.5ms
[2020-12-28T09:18:59.074-0500][gc,phases      ] GC(23505)   Other: 0.5ms
[2020-12-28T09:18:59.074-0500][gc,heap        ] GC(23505) Eden regions: 9->0(8)
[2020-12-28T09:18:59.074-0500][gc,heap        ] GC(23505) Survivor regions: 0->1(2)
[2020-12-28T09:18:59.074-0500][gc,heap        ] GC(23505) Old regions: 42->42
[2020-12-28T09:18:59.074-0500][gc,heap        ] GC(23505) Humongous regions: 4->4
[2020-12-28T09:18:59.074-0500][gc,metaspace   ] GC(23505) Metaspace: 50313K->50313K(1093632K)
[2020-12-28T09:18:59.074-0500][gc,heap        ] GC(23505) Heap after GC invocations=23506 (full 5385): garbage-first heap   total 64512K, used 43376K [0x0000000083000000, 0x0000000100000000)
[2020-12-28T09:18:59.074-0500][gc,heap        ] GC(23505)   region size 1024K, 1 young (1024K), 1 survivors (1024K)
[2020-12-28T09:18:59.074-0500][gc,heap        ] GC(23505)  Metaspace       used 50313K, capacity 52468K, committed 53888K, reserved 1093632K
[2020-12-28T09:18:59.074-0500][gc,heap        ] GC(23505)   class space    used 7457K, capacity 8250K, committed 8832K, reserved 1048576K
[2020-12-28T09:18:59.074-0500][gc             ] GC(23505) Pause Young (Normal) (G1 Evacuation Pause) 51M->42M(63M) 4.677ms
[2020-12-28T09:18:59.074-0500][gc,cpu         ] GC(23505) User=0.01s Sys=0.01s Real=0.00s
[2020-12-28T09:20:59.069-0500][gc,heap        ] GC(23506) Heap before GC invocations=23506 (full 5385): garbage-first heap   total 64512K, used 51568K [0x0000000083000000, 0x0000000100000000)
[2020-12-28T09:20:59.069-0500][gc,heap        ] GC(23506)   region size 1024K, 9 young (9216K), 1 survivors (1024K)
[2020-12-28T09:20:59.069-0500][gc,heap        ] GC(23506)  Metaspace       used 50313K, capacity 52468K, committed 53888K, reserved 1093632K
[2020-12-28T09:20:59.069-0500][gc,heap        ] GC(23506)   class space    used 7457K, capacity 8250K, committed 8832K, reserved 1048576K
[2020-12-28T09:20:59.069-0500][gc,start       ] GC(23506) Pause Young (Normal) (G1 Evacuation Pause)
[2020-12-28T09:20:59.069-0500][gc,task        ] GC(23506) Using 8 workers of 8 for evacuation
[2020-12-28T09:20:59.073-0500][gc,phases      ] GC(23506)   Pre Evacuate Collection Set: 0.0ms
[2020-12-28T09:20:59.073-0500][gc,phases      ] GC(23506)   Evacuate Collection Set: 1.4ms
[2020-12-28T09:20:59.073-0500][gc,phases      ] GC(23506)   Post Evacuate Collection Set: 2.0ms
[2020-12-28T09:20:59.073-0500][gc,phases      ] GC(23506)   Other: 0.4ms
[2020-12-28T09:20:59.073-0500][gc,heap        ] GC(23506) Eden regions: 8->0(8)
[2020-12-28T09:20:59.073-0500][gc,heap        ] GC(23506) Survivor regions: 1->1(2)
[2020-12-28T09:20:59.073-0500][gc,heap        ] GC(23506) Old regions: 42->42
[2020-12-28T09:20:59.073-0500][gc,heap        ] GC(23506) Humongous regions: 4->4
[2020-12-28T09:20:59.073-0500][gc,metaspace   ] GC(23506) Metaspace: 50313K->50313K(1093632K)
[2020-12-28T09:20:59.073-0500][gc,heap        ] GC(23506) Heap after GC invocations=23507 (full 5385): garbage-first heap   total 64512K, used 43381K [0x0000000083000000, 0x0000000100000000)
[2020-12-28T09:20:59.073-0500][gc,heap        ] GC(23506)   region size 1024K, 1 young (1024K), 1 survivors (1024K)
[2020-12-28T09:20:59.073-0500][gc,heap        ] GC(23506)  Metaspace       used 50313K, capacity 52468K, committed 53888K, reserved 1093632K
[2020-12-28T09:20:59.073-0500][gc,heap        ] GC(23506)   class space    used 7457K, capacity 8250K, committed 8832K, reserved 1048576K
[2020-12-28T09:20:59.073-0500][gc             ] GC(23506) Pause Young (Normal) (G1 Evacuation Pause) 50M->42M(63M) 4.087ms
[2020-12-28T09:20:59.073-0500][gc,cpu         ] GC(23506) User=0.01s Sys=0.01s Real=0.00s
[2020-12-28T09:21:45.189-0500][gc,task        ] GC(23507) Using 5 workers of 8 for full compaction
[2020-12-28T09:21:45.189-0500][gc,start       ] GC(23507) Pause Full (System.gc())
[2020-12-28T09:21:45.189-0500][gc,heap        ] GC(23507) Heap before GC invocations=23507 (full 5385): garbage-first heap   total 64512K, used 46453K [0x0000000083000000, 0x0000000100000000)
[2020-12-28T09:21:45.189-0500][gc,heap        ] GC(23507)   region size 1024K, 5 young (5120K), 1 survivors (1024K)
[2020-12-28T09:21:45.190-0500][gc,heap        ] GC(23507)  Metaspace       used 50313K, capacity 52468K, committed 53888K, reserved 1093632K
[2020-12-28T09:21:45.190-0500][gc,heap        ] GC(23507)   class space    used 7457K, capacity 8250K, committed 8832K, reserved 1048576K
[2020-12-28T09:21:45.190-0500][gc,phases,start] GC(23507) Phase 1: Mark live objects
[2020-12-28T09:21:45.231-0500][gc,stringtable ] GC(23507) Cleaned string and symbol table, strings: 33320 processed, 4 removed, symbols: 120973 processed, 0 removed
[2020-12-28T09:21:45.231-0500][gc,phases      ] GC(23507) Phase 1: Mark live objects 41.470ms
[2020-12-28T09:21:45.231-0500][gc,phases,start] GC(23507) Phase 2: Prepare for compaction
[2020-12-28T09:21:45.235-0500][gc,phases      ] GC(23507) Phase 2: Prepare for compaction 3.496ms
[2020-12-28T09:21:45.235-0500][gc,phases,start] GC(23507) Phase 3: Adjust pointers
[2020-12-28T09:21:45.244-0500][gc,phases      ] GC(23507) Phase 3: Adjust pointers 9.043ms
[2020-12-28T09:21:45.244-0500][gc,phases,start] GC(23507) Phase 4: Compact heap
[2020-12-28T09:21:45.247-0500][gc,phases      ] GC(23507) Phase 4: Compact heap 2.778ms
[2020-12-28T09:21:45.251-0500][gc,heap        ] GC(23507) Eden regions: 4->0(9)
[2020-12-28T09:21:45.251-0500][gc,heap        ] GC(23507) Survivor regions: 1->0(2)
[2020-12-28T09:21:45.251-0500][gc,heap        ] GC(23507) Old regions: 42->42
[2020-12-28T09:21:45.251-0500][gc,heap        ] GC(23507) Humongous regions: 4->4
[2020-12-28T09:21:45.251-0500][gc,metaspace   ] GC(23507) Metaspace: 50313K->50313K(1093632K)
[2020-12-28T09:21:45.251-0500][gc,heap        ] GC(23507) Heap after GC invocations=23508 (full 5386): garbage-first heap   total 64512K, used 43331K [0x0000000083000000, 0x0000000100000000)
[2020-12-28T09:21:45.251-0500][gc,heap        ] GC(23507)   region size 1024K, 0 young (0K), 0 survivors (0K)
[2020-12-28T09:21:45.251-0500][gc,heap        ] GC(23507)  Metaspace       used 50313K, capacity 52468K, committed 53888K, reserved 1093632K
[2020-12-28T09:21:45.251-0500][gc,heap        ] GC(23507)   class space    used 7457K, capacity 8250K, committed 8832K, reserved 1048576K
[2020-12-28T09:21:45.251-0500][gc             ] GC(23507) Pause Full (System.gc()) 45M->42M(63M) 62.052ms
[2020-12-28T09:21:45.252-0500][gc,cpu         ] GC(23507) User=0.28s Sys=0.00s Real=0.06s
[2020-12-28T09:23:59.068-0500][gc,heap        ] GC(23508) Heap before GC invocations=23508 (full 5386): garbage-first heap   total 64512K, used 51523K [0x0000000083000000, 0x0000000100000000)
[2020-12-28T09:23:59.068-0500][gc,heap        ] GC(23508)   region size 1024K, 9 young (9216K), 0 survivors (0K)
[2020-12-28T09:23:59.068-0500][gc,heap        ] GC(23508)  Metaspace       used 50313K, capacity 52468K, committed 53888K, reserved 1093632K
[2020-12-28T09:23:59.068-0500][gc,heap        ] GC(23508)   class space    used 7457K, capacity 8250K, committed 8832K, reserved 1048576K
[2020-12-28T09:23:59.068-0500][gc,start       ] GC(23508) Pause Young (Normal) (G1 Evacuation Pause)
[2020-12-28T09:23:59.068-0500][gc,task        ] GC(23508) Using 8 workers of 8 for evacuation
[2020-12-28T09:23:59.074-0500][gc,phases      ] GC(23508)   Pre Evacuate Collection Set: 0.0ms
[2020-12-28T09:23:59.074-0500][gc,phases      ] GC(23508)   Evacuate Collection Set: 1.4ms
[2020-12-28T09:23:59.074-0500][gc,phases      ] GC(23508)   Post Evacuate Collection Set: 4.5ms
[2020-12-28T09:23:59.074-0500][gc,phases      ] GC(23508)   Other: 0.4ms
[2020-12-28T09:23:59.074-0500][gc,heap        ] GC(23508) Eden regions: 9->0(8)
[2020-12-28T09:23:59.074-0500][gc,heap        ] GC(23508) Survivor regions: 0->1(2)
[2020-12-28T09:23:59.074-0500][gc,heap        ] GC(23508) Old regions: 42->42
[2020-12-28T09:23:59.075-0500][gc,heap        ] GC(23508) Humongous regions: 4->4
[2020-12-28T09:23:59.075-0500][gc,metaspace   ] GC(23508) Metaspace: 50313K->50313K(1093632K)
[2020-12-28T09:23:59.075-0500][gc,heap        ] GC(23508) Heap after GC invocations=23509 (full 5386): garbage-first heap   total 64512K, used 43391K [0x0000000083000000, 0x0000000100000000)
[2020-12-28T09:23:59.075-0500][gc,heap        ] GC(23508)   region size 1024K, 1 young (1024K), 1 survivors (1024K)
[2020-12-28T09:23:59.075-0500][gc,heap        ] GC(23508)  Metaspace       used 50313K, capacity 52468K, committed 53888K, reserved 1093632K
[2020-12-28T09:23:59.075-0500][gc,heap        ] GC(23508)   class space    used 7457K, capacity 8250K, committed 8832K, reserved 1048576K
[2020-12-28T09:23:59.075-0500][gc             ] GC(23508) Pause Young (Normal) (G1 Evacuation Pause) 51M->42M(63M) 6.765ms
[2020-12-28T09:23:59.075-0500][gc,cpu         ] GC(23508) User=0.02s Sys=0.00s Real=0.01s
[2020-12-28T09:25:59.061-0500][gc,heap        ] GC(23509) Heap before GC invocations=23509 (full 5386): garbage-first heap   total 64512K, used 50559K [0x0000000083000000, 0x0000000100000000)
[2020-12-28T09:25:59.061-0500][gc,heap        ] GC(23509)   region size 1024K, 9 young (9216K), 1 survivors (1024K)
[2020-12-28T09:25:59.061-0500][gc,heap        ] GC(23509)  Metaspace       used 50313K, capacity 52468K, committed 53888K, reserved 1093632K
[2020-12-28T09:25:59.061-0500][gc,heap        ] GC(23509)   class space    used 7457K, capacity 8250K, committed 8832K, reserved 1048576K
[2020-12-28T09:25:59.061-0500][gc,start       ] GC(23509) Pause Young (Normal) (G1 Evacuation Pause)
[2020-12-28T09:25:59.061-0500][gc,task        ] GC(23509) Using 8 workers of 8 for evacuation
[2020-12-28T09:25:59.068-0500][gc,phases      ] GC(23509)   Pre Evacuate Collection Set: 0.0ms
[2020-12-28T09:25:59.068-0500][gc,phases      ] GC(23509)   Evacuate Collection Set: 3.5ms
[2020-12-28T09:25:59.068-0500][gc,phases      ] GC(23509)   Post Evacuate Collection Set: 2.7ms
[2020-12-28T09:25:59.068-0500][gc,phases      ] GC(23509)   Other: 0.5ms
[2020-12-28T09:25:59.068-0500][gc,heap        ] GC(23509) Eden regions: 8->0(8)
[2020-12-28T09:25:59.068-0500][gc,heap        ] GC(23509) Survivor regions: 1->1(2)
[2020-12-28T09:25:59.068-0500][gc,heap        ] GC(23509) Old regions: 42->42
[2020-12-28T09:25:59.068-0500][gc,heap        ] GC(23509) Humongous regions: 4->4
[2020-12-28T09:25:59.068-0500][gc,metaspace   ] GC(23509) Metaspace: 50313K->50313K(1093632K)
[2020-12-28T09:25:59.068-0500][gc,heap        ] GC(23509) Heap after GC invocations=23510 (full 5386): garbage-first heap   total 64512K, used 43417K [0x0000000083000000, 0x0000000100000000)
[2020-12-28T09:25:59.068-0500][gc,heap        ] GC(23509)   region size 1024K, 1 young (1024K), 1 survivors (1024K)
[2020-12-28T09:25:59.068-0500][gc,heap        ] GC(23509)  Metaspace       used 50313K, capacity 52468K, committed 53888K, reserved 1093632K
[2020-12-28T09:25:59.068-0500][gc,heap        ] GC(23509)   class space    used 7457K, capacity 8250K, committed 8832K, reserved 1048576K
[2020-12-28T09:25:59.068-0500][gc             ] GC(23509) Pause Young (Normal) (G1 Evacuation Pause) 50M->42M(63M) 6.787ms
[2020-12-28T09:25:59.068-0500][gc,cpu         ] GC(23509) User=0.03s Sys=0.00s Real=0.01s
[2020-12-28T09:26:45.191-0500][gc,task        ] GC(23510) Using 5 workers of 8 for full compaction
[2020-12-28T09:26:45.191-0500][gc,start       ] GC(23510) Pause Full (System.gc())
[2020-12-28T09:26:45.191-0500][gc,heap        ] GC(23510) Heap before GC invocations=23510 (full 5386): garbage-first heap   total 64512K, used 46489K [0x0000000083000000, 0x0000000100000000)
[2020-12-28T09:26:45.191-0500][gc,heap        ] GC(23510)   region size 1024K, 5 young (5120K), 1 survivors (1024K)
[2020-12-28T09:26:45.191-0500][gc,heap        ] GC(23510)  Metaspace       used 50313K, capacity 52468K, committed 53888K, reserved 1093632K
[2020-12-28T09:26:45.191-0500][gc,heap        ] GC(23510)   class space    used 7457K, capacity 8250K, committed 8832K, reserved 1048576K
[2020-12-28T09:26:45.191-0500][gc,phases,start] GC(23510) Phase 1: Mark live objects
[2020-12-28T09:26:45.232-0500][gc,stringtable ] GC(23510) Cleaned string and symbol table, strings: 33320 processed, 4 removed, symbols: 120973 processed, 0 removed
[2020-12-28T09:26:45.232-0500][gc,phases      ] GC(23510) Phase 1: Mark live objects 40.507ms
[2020-12-28T09:26:45.232-0500][gc,phases,start] GC(23510) Phase 2: Prepare for compaction
[2020-12-28T09:26:45.235-0500][gc,phases      ] GC(23510) Phase 2: Prepare for compaction 3.169ms
[2020-12-28T09:26:45.235-0500][gc,phases,start] GC(23510) Phase 3: Adjust pointers
[2020-12-28T09:26:45.246-0500][gc,phases      ] GC(23510) Phase 3: Adjust pointers 10.445ms
[2020-12-28T09:26:45.246-0500][gc,phases,start] GC(23510) Phase 4: Compact heap
[2020-12-28T09:26:45.248-0500][gc,phases      ] GC(23510) Phase 4: Compact heap 2.844ms
[2020-12-28T09:26:45.253-0500][gc,heap        ] GC(23510) Eden regions: 4->0(9)
[2020-12-28T09:26:45.253-0500][gc,heap        ] GC(23510) Survivor regions: 1->0(2)
[2020-12-28T09:26:45.253-0500][gc,heap        ] GC(23510) Old regions: 42->42
[2020-12-28T09:26:45.253-0500][gc,heap        ] GC(23510) Humongous regions: 4->4
[2020-12-28T09:26:45.253-0500][gc,metaspace   ] GC(23510) Metaspace: 50313K->50313K(1093632K)
[2020-12-28T09:26:45.253-0500][gc,heap        ] GC(23510) Heap after GC invocations=23511 (full 5387): garbage-first heap   total 64512K, used 43327K [0x0000000083000000, 0x0000000100000000)
[2020-12-28T09:26:45.253-0500][gc,heap        ] GC(23510)   region size 1024K, 0 young (0K), 0 survivors (0K)
[2020-12-28T09:26:45.253-0500][gc,heap        ] GC(23510)  Metaspace       used 50313K, capacity 52468K, committed 53888K, reserved 1093632K
[2020-12-28T09:26:45.253-0500][gc,heap        ] GC(23510)   class space    used 7457K, capacity 8250K, committed 8832K, reserved 1048576K
[2020-12-28T09:26:45.253-0500][gc             ] GC(23510) Pause Full (System.gc()) 45M->42M(63M) 62.229ms
[2020-12-28T09:26:45.253-0500][gc,cpu         ] GC(23510) User=0.28s Sys=0.00s Real=0.06s
[2020-12-28T09:28:59.073-0500][gc,heap        ] GC(23511) Heap before GC invocations=23511 (full 5387): garbage-first heap   total 64512K, used 52543K [0x0000000083000000, 0x0000000100000000)
[2020-12-28T09:28:59.073-0500][gc,heap        ] GC(23511)   region size 1024K, 9 young (9216K), 0 survivors (0K)
[2020-12-28T09:28:59.073-0500][gc,heap        ] GC(23511)  Metaspace       used 50313K, capacity 52468K, committed 53888K, reserved 1093632K
[2020-12-28T09:28:59.073-0500][gc,heap        ] GC(23511)   class space    used 7457K, capacity 8250K, committed 8832K, reserved 1048576K
[2020-12-28T09:28:59.073-0500][gc,start       ] GC(23511) Pause Young (Normal) (G1 Evacuation Pause)
[2020-12-28T09:28:59.073-0500][gc,task        ] GC(23511) Using 8 workers of 8 for evacuation
[2020-12-28T09:28:59.078-0500][gc,phases      ] GC(23511)   Pre Evacuate Collection Set: 0.0ms
[2020-12-28T09:28:59.078-0500][gc,phases      ] GC(23511)   Evacuate Collection Set: 2.2ms
[2020-12-28T09:28:59.078-0500][gc,phases      ] GC(23511)   Post Evacuate Collection Set: 2.5ms
[2020-12-28T09:28:59.078-0500][gc,phases      ] GC(23511)   Other: 0.5ms
[2020-12-28T09:28:59.078-0500][gc,heap        ] GC(23511) Eden regions: 9->0(8)
[2020-12-28T09:28:59.078-0500][gc,heap        ] GC(23511) Survivor regions: 0->1(2)
[2020-12-28T09:28:59.078-0500][gc,heap        ] GC(23511) Old regions: 42->42
[2020-12-28T09:28:59.078-0500][gc,heap        ] GC(23511) Humongous regions: 4->4
[2020-12-28T09:28:59.078-0500][gc,metaspace   ] GC(23511) Metaspace: 50313K->50313K(1093632K)
[2020-12-28T09:28:59.078-0500][gc,heap        ] GC(23511) Heap after GC invocations=23512 (full 5387): garbage-first heap   total 64512K, used 43380K [0x0000000083000000, 0x0000000100000000)
[2020-12-28T09:28:59.078-0500][gc,heap        ] GC(23511)   region size 1024K, 1 young (1024K), 1 survivors (1024K)
[2020-12-28T09:28:59.078-0500][gc,heap        ] GC(23511)  Metaspace       used 50313K, capacity 52468K, committed 53888K, reserved 1093632K
[2020-12-28T09:28:59.078-0500][gc,heap        ] GC(23511)   class space    used 7457K, capacity 8250K, committed 8832K, reserved 1048576K
[2020-12-28T09:28:59.079-0500][gc             ] GC(23511) Pause Young (Normal) (G1 Evacuation Pause) 51M->42M(63M) 5.299ms
[2020-12-28T09:28:59.079-0500][gc,cpu         ] GC(23511) User=0.01s Sys=0.00s Real=0.01s
[2020-12-28T09:30:59.069-0500][gc,heap        ] GC(23512) Heap before GC invocations=23512 (full 5387): garbage-first heap   total 64512K, used 51572K [0x0000000083000000, 0x0000000100000000)
[2020-12-28T09:30:59.069-0500][gc,heap        ] GC(23512)   region size 1024K, 9 young (9216K), 1 survivors (1024K)
[2020-12-28T09:30:59.069-0500][gc,heap        ] GC(23512)  Metaspace       used 50313K, capacity 52468K, committed 53888K, reserved 1093632K
[2020-12-28T09:30:59.069-0500][gc,heap        ] GC(23512)   class space    used 7457K, capacity 8250K, committed 8832K, reserved 1048576K
[2020-12-28T09:30:59.069-0500][gc,start       ] GC(23512) Pause Young (Normal) (G1 Evacuation Pause)
[2020-12-28T09:30:59.069-0500][gc,task        ] GC(23512) Using 8 workers of 8 for evacuation
[2020-12-28T09:30:59.074-0500][gc,phases      ] GC(23512)   Pre Evacuate Collection Set: 0.0ms
[2020-12-28T09:30:59.074-0500][gc,phases      ] GC(23512)   Evacuate Collection Set: 1.4ms
[2020-12-28T09:30:59.074-0500][gc,phases      ] GC(23512)   Post Evacuate Collection Set: 3.3ms
[2020-12-28T09:30:59.074-0500][gc,phases      ] GC(23512)   Other: 0.5ms
[2020-12-28T09:30:59.074-0500][gc,heap        ] GC(23512) Eden regions: 8->0(8)
[2020-12-28T09:30:59.074-0500][gc,heap        ] GC(23512) Survivor regions: 1->1(2)
[2020-12-28T09:30:59.074-0500][gc,heap        ] GC(23512) Old regions: 42->42
[2020-12-28T09:30:59.074-0500][gc,heap        ] GC(23512) Humongous regions: 4->4
[2020-12-28T09:30:59.074-0500][gc,metaspace   ] GC(23512) Metaspace: 50313K->50313K(1093632K)
[2020-12-28T09:30:59.074-0500][gc,heap        ] GC(23512) Heap after GC invocations=23513 (full 5387): garbage-first heap   total 64512K, used 43394K [0x0000000083000000, 0x0000000100000000)
[2020-12-28T09:30:59.074-0500][gc,heap        ] GC(23512)   region size 1024K, 1 young (1024K), 1 survivors (1024K)
[2020-12-28T09:30:59.074-0500][gc,heap        ] GC(23512)  Metaspace       used 50313K, capacity 52468K, committed 53888K, reserved 1093632K
[2020-12-28T09:30:59.074-0500][gc,heap        ] GC(23512)   class space    used 7457K, capacity 8250K, committed 8832K, reserved 1048576K
[2020-12-28T09:30:59.074-0500][gc             ] GC(23512) Pause Young (Normal) (G1 Evacuation Pause) 50M->42M(63M) 5.475ms
[2020-12-28T09:30:59.074-0500][gc,cpu         ] GC(23512) User=0.01s Sys=0.01s Real=0.00s
[2020-12-28T09:31:45.189-0500][gc,task        ] GC(23513) Using 5 workers of 8 for full compaction
[2020-12-28T09:31:45.189-0500][gc,start       ] GC(23513) Pause Full (System.gc())
[2020-12-28T09:31:45.189-0500][gc,heap        ] GC(23513) Heap before GC invocations=23513 (full 5387): garbage-first heap   total 64512K, used 45442K [0x0000000083000000, 0x0000000100000000)
[2020-12-28T09:31:45.189-0500][gc,heap        ] GC(23513)   region size 1024K, 4 young (4096K), 1 survivors (1024K)
[2020-12-28T09:31:45.189-0500][gc,heap        ] GC(23513)  Metaspace       used 50313K, capacity 52468K, committed 53888K, reserved 1093632K
[2020-12-28T09:31:45.189-0500][gc,heap        ] GC(23513)   class space    used 7457K, capacity 8250K, committed 8832K, reserved 1048576K
[2020-12-28T09:31:45.190-0500][gc,phases,start] GC(23513) Phase 1: Mark live objects
[2020-12-28T09:31:45.233-0500][gc,stringtable ] GC(23513) Cleaned string and symbol table, strings: 33320 processed, 4 removed, symbols: 120973 processed, 0 removed
[2020-12-28T09:31:45.233-0500][gc,phases      ] GC(23513) Phase 1: Mark live objects 42.762ms
[2020-12-28T09:31:45.233-0500][gc,phases,start] GC(23513) Phase 2: Prepare for compaction
[2020-12-28T09:31:45.236-0500][gc,phases      ] GC(23513) Phase 2: Prepare for compaction 3.460ms
[2020-12-28T09:31:45.236-0500][gc,phases,start] GC(23513) Phase 3: Adjust pointers
[2020-12-28T09:31:45.246-0500][gc,phases      ] GC(23513) Phase 3: Adjust pointers 9.800ms
[2020-12-28T09:31:45.246-0500][gc,phases,start] GC(23513) Phase 4: Compact heap
[2020-12-28T09:31:45.249-0500][gc,phases      ] GC(23513) Phase 4: Compact heap 3.056ms
[2020-12-28T09:31:45.253-0500][gc,heap        ] GC(23513) Eden regions: 3->0(10)
[2020-12-28T09:31:45.253-0500][gc,heap        ] GC(23513) Survivor regions: 1->0(2)
[2020-12-28T09:31:45.253-0500][gc,heap        ] GC(23513) Old regions: 42->41
[2020-12-28T09:31:45.253-0500][gc,heap        ] GC(23513) Humongous regions: 4->4
[2020-12-28T09:31:45.253-0500][gc,metaspace   ] GC(23513) Metaspace: 50313K->50313K(1093632K)
[2020-12-28T09:31:45.253-0500][gc,heap        ] GC(23513) Heap after GC invocations=23514 (full 5388): garbage-first heap   total 64512K, used 43325K [0x0000000083000000, 0x0000000100000000)
[2020-12-28T09:31:45.253-0500][gc,heap        ] GC(23513)   region size 1024K, 0 young (0K), 0 survivors (0K)
[2020-12-28T09:31:45.253-0500][gc,heap        ] GC(23513)  Metaspace       used 50313K, capacity 52468K, committed 53888K, reserved 1093632K
[2020-12-28T09:31:45.253-0500][gc,heap        ] GC(23513)   class space    used 7457K, capacity 8250K, committed 8832K, reserved 1048576K
[2020-12-28T09:31:45.253-0500][gc             ] GC(23513) Pause Full (System.gc()) 45M->42M(63M) 64.155ms
[2020-12-28T09:31:45.254-0500][gc,cpu         ] GC(23513) User=0.27s Sys=0.00s Real=0.06s
[2020-12-28T09:34:19.061-0500][gc,heap        ] GC(23514) Heap before GC invocations=23514 (full 5388): garbage-first heap   total 64512K, used 52541K [0x0000000083000000, 0x0000000100000000)
[2020-12-28T09:34:19.061-0500][gc,heap        ] GC(23514)   region size 1024K, 10 young (10240K), 0 survivors (0K)
[2020-12-28T09:34:19.061-0500][gc,heap        ] GC(23514)  Metaspace       used 50313K, capacity 52468K, committed 53888K, reserved 1093632K
[2020-12-28T09:34:19.061-0500][gc,heap        ] GC(23514)   class space    used 7457K, capacity 8250K, committed 8832K, reserved 1048576K
[2020-12-28T09:34:19.061-0500][gc,start       ] GC(23514) Pause Young (Normal) (G1 Evacuation Pause)
[2020-12-28T09:34:19.061-0500][gc,task        ] GC(23514) Using 8 workers of 8 for evacuation
[2020-12-28T09:34:19.070-0500][gc,phases      ] GC(23514)   Pre Evacuate Collection Set: 0.0ms
[2020-12-28T09:34:19.070-0500][gc,phases      ] GC(23514)   Evacuate Collection Set: 6.3ms
[2020-12-28T09:34:19.070-0500][gc,phases      ] GC(23514)   Post Evacuate Collection Set: 2.4ms
[2020-12-28T09:34:19.070-0500][gc,phases      ] GC(23514)   Other: 0.2ms
[2020-12-28T09:34:19.070-0500][gc,heap        ] GC(23514) Eden regions: 10->0(9)
[2020-12-28T09:34:19.070-0500][gc,heap        ] GC(23514) Survivor regions: 0->1(2)
[2020-12-28T09:34:19.070-0500][gc,heap        ] GC(23514) Old regions: 41->41
[2020-12-28T09:34:19.070-0500][gc,heap        ] GC(23514) Humongous regions: 4->4
[2020-12-28T09:34:19.070-0500][gc,metaspace   ] GC(23514) Metaspace: 50313K->50313K(1093632K)
[2020-12-28T09:34:19.070-0500][gc,heap        ] GC(23514) Heap after GC invocations=23515 (full 5388): garbage-first heap   total 64512K, used 43411K [0x0000000083000000, 0x0000000100000000)
[2020-12-28T09:34:19.070-0500][gc,heap        ] GC(23514)   region size 1024K, 1 young (1024K), 1 survivors (1024K)
[2020-12-28T09:34:19.070-0500][gc,heap        ] GC(23514)  Metaspace       used 50313K, capacity 52468K, committed 53888K, reserved 1093632K
[2020-12-28T09:34:19.070-0500][gc,heap        ] GC(23514)   class space    used 7457K, capacity 8250K, committed 8832K, reserved 1048576K
[2020-12-28T09:34:19.070-0500][gc             ] GC(23514) Pause Young (Normal) (G1 Evacuation Pause) 52M->42M(63M) 8.998ms
[2020-12-28T09:34:19.070-0500][gc,cpu         ] GC(23514) User=0.04s Sys=0.00s Real=0.01s
[2020-12-28T09:36:39.060-0500][gc,heap        ] GC(23515) Heap before GC invocations=23515 (full 5388): garbage-first heap   total 64512K, used 51603K [0x0000000083000000, 0x0000000100000000)
[2020-12-28T09:36:39.060-0500][gc,heap        ] GC(23515)   region size 1024K, 10 young (10240K), 1 survivors (1024K)
[2020-12-28T09:36:39.060-0500][gc,heap        ] GC(23515)  Metaspace       used 50313K, capacity 52468K, committed 53888K, reserved 1093632K
[2020-12-28T09:36:39.060-0500][gc,heap        ] GC(23515)   class space    used 7457K, capacity 8250K, committed 8832K, reserved 1048576K
[2020-12-28T09:36:39.060-0500][gc,start       ] GC(23515) Pause Young (Normal) (G1 Evacuation Pause)
[2020-12-28T09:36:39.060-0500][gc,task        ] GC(23515) Using 8 workers of 8 for evacuation
[2020-12-28T09:36:39.066-0500][gc,phases      ] GC(23515)   Pre Evacuate Collection Set: 0.0ms
[2020-12-28T09:36:39.066-0500][gc,phases      ] GC(23515)   Evacuate Collection Set: 2.7ms
[2020-12-28T09:36:39.066-0500][gc,phases      ] GC(23515)   Post Evacuate Collection Set: 2.9ms
[2020-12-28T09:36:39.066-0500][gc,phases      ] GC(23515)   Other: 0.5ms
[2020-12-28T09:36:39.066-0500][gc,heap        ] GC(23515) Eden regions: 9->0(9)
[2020-12-28T09:36:39.066-0500][gc,heap        ] GC(23515) Survivor regions: 1->1(2)
[2020-12-28T09:36:39.066-0500][gc,heap        ] GC(23515) Old regions: 41->41
[2020-12-28T09:36:39.066-0500][gc,heap        ] GC(23515) Humongous regions: 4->4
[2020-12-28T09:36:39.066-0500][gc,metaspace   ] GC(23515) Metaspace: 50313K->50313K(1093632K)
[2020-12-28T09:36:39.066-0500][gc,heap        ] GC(23515) Heap after GC invocations=23516 (full 5388): garbage-first heap   total 64512K, used 43404K [0x0000000083000000, 0x0000000100000000)
[2020-12-28T09:36:39.066-0500][gc,heap        ] GC(23515)   region size 1024K, 1 young (1024K), 1 survivors (1024K)
[2020-12-28T09:36:39.066-0500][gc,heap        ] GC(23515)  Metaspace       used 50313K, capacity 52468K, committed 53888K, reserved 1093632K
[2020-12-28T09:36:39.066-0500][gc,heap        ] GC(23515)   class space    used 7457K, capacity 8250K, committed 8832K, reserved 1048576K
[2020-12-28T09:36:39.066-0500][gc             ] GC(23515) Pause Young (Normal) (G1 Evacuation Pause) 51M->42M(63M) 6.323ms
[2020-12-28T09:36:39.067-0500][gc,cpu         ] GC(23515) User=0.01s Sys=0.01s Real=0.00s
[2020-12-28T09:36:45.189-0500][gc,task        ] GC(23516) Using 5 workers of 8 for full compaction
[2020-12-28T09:36:45.189-0500][gc,start       ] GC(23516) Pause Full (System.gc())
[2020-12-28T09:36:45.189-0500][gc,heap        ] GC(23516) Heap before GC invocations=23516 (full 5388): garbage-first heap   total 64512K, used 43404K [0x0000000083000000, 0x0000000100000000)
[2020-12-28T09:36:45.189-0500][gc,heap        ] GC(23516)   region size 1024K, 2 young (2048K), 1 survivors (1024K)
[2020-12-28T09:36:45.189-0500][gc,heap        ] GC(23516)  Metaspace       used 50313K, capacity 52468K, committed 53888K, reserved 1093632K
[2020-12-28T09:36:45.189-0500][gc,heap        ] GC(23516)   class space    used 7457K, capacity 8250K, committed 8832K, reserved 1048576K
[2020-12-28T09:36:45.190-0500][gc,phases,start] GC(23516) Phase 1: Mark live objects
[2020-12-28T09:36:45.228-0500][gc,stringtable ] GC(23516) Cleaned string and symbol table, strings: 33320 processed, 4 removed, symbols: 120973 processed, 0 removed
[2020-12-28T09:36:45.228-0500][gc,phases      ] GC(23516) Phase 1: Mark live objects 37.372ms
[2020-12-28T09:36:45.228-0500][gc,phases,start] GC(23516) Phase 2: Prepare for compaction
[2020-12-28T09:36:45.233-0500][gc,phases      ] GC(23516) Phase 2: Prepare for compaction 5.207ms
[2020-12-28T09:36:45.233-0500][gc,phases,start] GC(23516) Phase 3: Adjust pointers
[2020-12-28T09:36:45.245-0500][gc,phases      ] GC(23516) Phase 3: Adjust pointers 12.227ms
[2020-12-28T09:36:45.245-0500][gc,phases,start] GC(23516) Phase 4: Compact heap
[2020-12-28T09:36:45.248-0500][gc,phases      ] GC(23516) Phase 4: Compact heap 2.628ms
[2020-12-28T09:36:45.253-0500][gc,heap        ] GC(23516) Eden regions: 1->0(9)
[2020-12-28T09:36:45.253-0500][gc,heap        ] GC(23516) Survivor regions: 1->0(2)
[2020-12-28T09:36:45.253-0500][gc,heap        ] GC(23516) Old regions: 41->42
[2020-12-28T09:36:45.253-0500][gc,heap        ] GC(23516) Humongous regions: 4->4
[2020-12-28T09:36:45.253-0500][gc,metaspace   ] GC(23516) Metaspace: 50313K->50313K(1093632K)
[2020-12-28T09:36:45.253-0500][gc,heap        ] GC(23516) Heap after GC invocations=23517 (full 5389): garbage-first heap   total 64512K, used 43311K [0x0000000083000000, 0x0000000100000000)
[2020-12-28T09:36:45.253-0500][gc,heap        ] GC(23516)   region size 1024K, 0 young (0K), 0 survivors (0K)
[2020-12-28T09:36:45.253-0500][gc,heap        ] GC(23516)  Metaspace       used 50313K, capacity 52468K, committed 53888K, reserved 1093632K
[2020-12-28T09:36:45.253-0500][gc,heap        ] GC(23516)   class space    used 7457K, capacity 8250K, committed 8832K, reserved 1048576K
[2020-12-28T09:36:45.253-0500][gc             ] GC(23516) Pause Full (System.gc()) 43M->42M(63M) 64.061ms
[2020-12-28T09:36:45.253-0500][gc,cpu         ] GC(23516) User=0.28s Sys=0.00s Real=0.06s
[2020-12-28T09:38:49.067-0500][gc,heap        ] GC(23517) Heap before GC invocations=23517 (full 5389): garbage-first heap   total 64512K, used 51503K [0x0000000083000000, 0x0000000100000000)
[2020-12-28T09:38:49.067-0500][gc,heap        ] GC(23517)   region size 1024K, 9 young (9216K), 0 survivors (0K)
[2020-12-28T09:38:49.067-0500][gc,heap        ] GC(23517)  Metaspace       used 50313K, capacity 52468K, committed 53888K, reserved 1093632K
[2020-12-28T09:38:49.068-0500][gc,heap        ] GC(23517)   class space    used 7457K, capacity 8250K, committed 8832K, reserved 1048576K
[2020-12-28T09:38:49.068-0500][gc,start       ] GC(23517) Pause Young (Normal) (G1 Evacuation Pause)
[2020-12-28T09:38:49.068-0500][gc,task        ] GC(23517) Using 8 workers of 8 for evacuation
[2020-12-28T09:38:49.071-0500][gc,phases      ] GC(23517)   Pre Evacuate Collection Set: 0.0ms
[2020-12-28T09:38:49.071-0500][gc,phases      ] GC(23517)   Evacuate Collection Set: 1.3ms
[2020-12-28T09:38:49.071-0500][gc,phases      ] GC(23517)   Post Evacuate Collection Set: 2.2ms
[2020-12-28T09:38:49.071-0500][gc,phases      ] GC(23517)   Other: 0.5ms
[2020-12-28T09:38:49.071-0500][gc,heap        ] GC(23517) Eden regions: 9->0(8)
[2020-12-28T09:38:49.071-0500][gc,heap        ] GC(23517) Survivor regions: 0->1(2)
[2020-12-28T09:38:49.072-0500][gc,heap        ] GC(23517) Old regions: 42->42
[2020-12-28T09:38:49.072-0500][gc,heap        ] GC(23517) Humongous regions: 4->4
[2020-12-28T09:38:49.072-0500][gc,metaspace   ] GC(23517) Metaspace: 50313K->50313K(1093632K)
[2020-12-28T09:38:49.072-0500][gc,heap        ] GC(23517) Heap after GC invocations=23518 (full 5389): garbage-first heap   total 64512K, used 43388K [0x0000000083000000, 0x0000000100000000)
[2020-12-28T09:38:49.072-0500][gc,heap        ] GC(23517)   region size 1024K, 1 young (1024K), 1 survivors (1024K)
[2020-12-28T09:38:49.072-0500][gc,heap        ] GC(23517)  Metaspace       used 50313K, capacity 52468K, committed 53888K, reserved 1093632K
[2020-12-28T09:38:49.072-0500][gc,heap        ] GC(23517)   class space    used 7457K, capacity 8250K, committed 8832K, reserved 1048576K
[2020-12-28T09:38:49.072-0500][gc             ] GC(23517) Pause Young (Normal) (G1 Evacuation Pause) 51M->42M(63M) 4.086ms
[2020-12-28T09:38:49.072-0500][gc,cpu         ] GC(23517) User=0.00s Sys=0.01s Real=0.01s
[2020-12-28T09:40:49.076-0500][gc,heap        ] GC(23518) Heap before GC invocations=23518 (full 5389): garbage-first heap   total 64512K, used 51580K [0x0000000083000000, 0x0000000100000000)
[2020-12-28T09:40:49.076-0500][gc,heap        ] GC(23518)   region size 1024K, 9 young (9216K), 1 survivors (1024K)
[2020-12-28T09:40:49.076-0500][gc,heap        ] GC(23518)  Metaspace       used 50313K, capacity 52468K, committed 53888K, reserved 1093632K
[2020-12-28T09:40:49.076-0500][gc,heap        ] GC(23518)   class space    used 7457K, capacity 8250K, committed 8832K, reserved 1048576K
[2020-12-28T09:40:49.077-0500][gc,start       ] GC(23518) Pause Young (Normal) (G1 Evacuation Pause)
[2020-12-28T09:40:49.077-0500][gc,task        ] GC(23518) Using 8 workers of 8 for evacuation
[2020-12-28T09:40:49.082-0500][gc,phases      ] GC(23518)   Pre Evacuate Collection Set: 0.0ms
[2020-12-28T09:40:49.082-0500][gc,phases      ] GC(23518)   Evacuate Collection Set: 1.7ms
[2020-12-28T09:40:49.082-0500][gc,phases      ] GC(23518)   Post Evacuate Collection Set: 3.1ms
[2020-12-28T09:40:49.082-0500][gc,phases      ] GC(23518)   Other: 0.5ms
[2020-12-28T09:40:49.082-0500][gc,heap        ] GC(23518) Eden regions: 8->0(8)
[2020-12-28T09:40:49.082-0500][gc,heap        ] GC(23518) Survivor regions: 1->1(2)
[2020-12-28T09:40:49.082-0500][gc,heap        ] GC(23518) Old regions: 42->42
[2020-12-28T09:40:49.082-0500][gc,heap        ] GC(23518) Humongous regions: 4->4
[2020-12-28T09:40:49.082-0500][gc,metaspace   ] GC(23518) Metaspace: 50313K->50313K(1093632K)
[2020-12-28T09:40:49.082-0500][gc,heap        ] GC(23518) Heap after GC invocations=23519 (full 5389): garbage-first heap   total 64512K, used 43366K [0x0000000083000000, 0x0000000100000000)
[2020-12-28T09:40:49.082-0500][gc,heap        ] GC(23518)   region size 1024K, 1 young (1024K), 1 survivors (1024K)
[2020-12-28T09:40:49.082-0500][gc,heap        ] GC(23518)  Metaspace       used 50313K, capacity 52468K, committed 53888K, reserved 1093632K
[2020-12-28T09:40:49.082-0500][gc,heap        ] GC(23518)   class space    used 7457K, capacity 8250K, committed 8832K, reserved 1048576K
[2020-12-28T09:40:49.082-0500][gc             ] GC(23518) Pause Young (Normal) (G1 Evacuation Pause) 50M->42M(63M) 5.430ms
[2020-12-28T09:40:49.082-0500][gc,cpu         ] GC(23518) User=0.01s Sys=0.01s Real=0.01s
[2020-12-28T09:41:45.190-0500][gc,task        ] GC(23519) Using 5 workers of 8 for full compaction
[2020-12-28T09:41:45.190-0500][gc,start       ] GC(23519) Pause Full (System.gc())
[2020-12-28T09:41:45.190-0500][gc,heap        ] GC(23519) Heap before GC invocations=23519 (full 5389): garbage-first heap   total 64512K, used 46438K [0x0000000083000000, 0x0000000100000000)
[2020-12-28T09:41:45.190-0500][gc,heap        ] GC(23519)   region size 1024K, 5 young (5120K), 1 survivors (1024K)
[2020-12-28T09:41:45.190-0500][gc,heap        ] GC(23519)  Metaspace       used 50313K, capacity 52468K, committed 53888K, reserved 1093632K
[2020-12-28T09:41:45.190-0500][gc,heap        ] GC(23519)   class space    used 7457K, capacity 8250K, committed 8832K, reserved 1048576K
[2020-12-28T09:41:45.191-0500][gc,phases,start] GC(23519) Phase 1: Mark live objects
[2020-12-28T09:41:45.220-0500][gc,stringtable ] GC(23519) Cleaned string and symbol table, strings: 33320 processed, 4 removed, symbols: 120973 processed, 0 removed
[2020-12-28T09:41:45.220-0500][gc,phases      ] GC(23519) Phase 1: Mark live objects 29.253ms
[2020-12-28T09:41:45.220-0500][gc,phases,start] GC(23519) Phase 2: Prepare for compaction
[2020-12-28T09:41:45.225-0500][gc,phases      ] GC(23519) Phase 2: Prepare for compaction 4.739ms
[2020-12-28T09:41:45.225-0500][gc,phases,start] GC(23519) Phase 3: Adjust pointers
[2020-12-28T09:41:45.239-0500][gc,phases      ] GC(23519) Phase 3: Adjust pointers 14.342ms
[2020-12-28T09:41:45.239-0500][gc,phases,start] GC(23519) Phase 4: Compact heap
[2020-12-28T09:41:45.243-0500][gc,phases      ] GC(23519) Phase 4: Compact heap 3.833ms
[2020-12-28T09:41:45.248-0500][gc,heap        ] GC(23519) Eden regions: 4->0(10)
[2020-12-28T09:41:45.248-0500][gc,heap        ] GC(23519) Survivor regions: 1->0(2)
[2020-12-28T09:41:45.248-0500][gc,heap        ] GC(23519) Old regions: 42->41
[2020-12-28T09:41:45.248-0500][gc,heap        ] GC(23519) Humongous regions: 4->4
[2020-12-28T09:41:45.248-0500][gc,metaspace   ] GC(23519) Metaspace: 50313K->50313K(1093632K)
[2020-12-28T09:41:45.248-0500][gc,heap        ] GC(23519) Heap after GC invocations=23520 (full 5390): garbage-first heap   total 64512K, used 43331K [0x0000000083000000, 0x0000000100000000)
[2020-12-28T09:41:45.248-0500][gc,heap        ] GC(23519)   region size 1024K, 0 young (0K), 0 survivors (0K)
[2020-12-28T09:41:45.248-0500][gc,heap        ] GC(23519)  Metaspace       used 50313K, capacity 52468K, committed 53888K, reserved 1093632K
[2020-12-28T09:41:45.248-0500][gc,heap        ] GC(23519)   class space    used 7457K, capacity 8250K, committed 8832K, reserved 1048576K
[2020-12-28T09:41:45.248-0500][gc             ] GC(23519) Pause Full (System.gc()) 46M->42M(63M) 58.319ms
[2020-12-28T09:41:45.248-0500][gc,cpu         ] GC(23519) User=0.24s Sys=0.00s Real=0.06s
[2020-12-28T09:44:10.171-0500][gc,heap        ] GC(23520) Heap before GC invocations=23520 (full 5390): garbage-first heap   total 64512K, used 53571K [0x0000000083000000, 0x0000000100000000)
[2020-12-28T09:44:10.171-0500][gc,heap        ] GC(23520)   region size 1024K, 10 young (10240K), 0 survivors (0K)
[2020-12-28T09:44:10.171-0500][gc,heap        ] GC(23520)  Metaspace       used 50313K, capacity 52468K, committed 53888K, reserved 1093632K
[2020-12-28T09:44:10.171-0500][gc,heap        ] GC(23520)   class space    used 7457K, capacity 8250K, committed 8832K, reserved 1048576K
[2020-12-28T09:44:10.171-0500][gc,start       ] GC(23520) Pause Young (Normal) (G1 Evacuation Pause)
[2020-12-28T09:44:10.171-0500][gc,task        ] GC(23520) Using 8 workers of 8 for evacuation
[2020-12-28T09:44:10.173-0500][gc,phases      ] GC(23520)   Pre Evacuate Collection Set: 0.0ms
[2020-12-28T09:44:10.173-0500][gc,phases      ] GC(23520)   Evacuate Collection Set: 0.5ms
[2020-12-28T09:44:10.173-0500][gc,phases      ] GC(23520)   Post Evacuate Collection Set: 1.1ms
[2020-12-28T09:44:10.173-0500][gc,phases      ] GC(23520)   Other: 0.3ms
[2020-12-28T09:44:10.173-0500][gc,heap        ] GC(23520) Eden regions: 10->0(9)
[2020-12-28T09:44:10.173-0500][gc,heap        ] GC(23520) Survivor regions: 0->1(2)
[2020-12-28T09:44:10.173-0500][gc,heap        ] GC(23520) Old regions: 41->41
[2020-12-28T09:44:10.173-0500][gc,heap        ] GC(23520) Humongous regions: 4->4
[2020-12-28T09:44:10.173-0500][gc,metaspace   ] GC(23520) Metaspace: 50313K->50313K(1093632K)
[2020-12-28T09:44:10.173-0500][gc,heap        ] GC(23520) Heap after GC invocations=23521 (full 5390): garbage-first heap   total 64512K, used 43398K [0x0000000083000000, 0x0000000100000000)
[2020-12-28T09:44:10.173-0500][gc,heap        ] GC(23520)   region size 1024K, 1 young (1024K), 1 survivors (1024K)
[2020-12-28T09:44:10.173-0500][gc,heap        ] GC(23520)  Metaspace       used 50313K, capacity 52468K, committed 53888K, reserved 1093632K
[2020-12-28T09:44:10.173-0500][gc,heap        ] GC(23520)   class space    used 7457K, capacity 8250K, committed 8832K, reserved 1048576K
[2020-12-28T09:44:10.173-0500][gc             ] GC(23520) Pause Young (Normal) (G1 Evacuation Pause) 52M->42M(63M) 2.022ms
[2020-12-28T09:44:10.174-0500][gc,cpu         ] GC(23520) User=0.01s Sys=0.00s Real=0.00s
[2020-12-28T09:46:29.059-0500][gc,heap        ] GC(23521) Heap before GC invocations=23521 (full 5390): garbage-first heap   total 64512K, used 51590K [0x0000000083000000, 0x0000000100000000)
[2020-12-28T09:46:29.059-0500][gc,heap        ] GC(23521)   region size 1024K, 10 young (10240K), 1 survivors (1024K)
[2020-12-28T09:46:29.059-0500][gc,heap        ] GC(23521)  Metaspace       used 50313K, capacity 52468K, committed 53888K, reserved 1093632K
[2020-12-28T09:46:29.059-0500][gc,heap        ] GC(23521)   class space    used 7457K, capacity 8250K, committed 8832K, reserved 1048576K
[2020-12-28T09:46:29.059-0500][gc,start       ] GC(23521) Pause Young (Normal) (G1 Evacuation Pause)
[2020-12-28T09:46:29.059-0500][gc,task        ] GC(23521) Using 8 workers of 8 for evacuation
[2020-12-28T09:46:29.061-0500][gc,phases      ] GC(23521)   Pre Evacuate Collection Set: 0.0ms
[2020-12-28T09:46:29.061-0500][gc,phases      ] GC(23521)   Evacuate Collection Set: 0.7ms
[2020-12-28T09:46:29.061-0500][gc,phases      ] GC(23521)   Post Evacuate Collection Set: 0.8ms
[2020-12-28T09:46:29.061-0500][gc,phases      ] GC(23521)   Other: 0.2ms
[2020-12-28T09:46:29.061-0500][gc,heap        ] GC(23521) Eden regions: 9->0(9)
[2020-12-28T09:46:29.061-0500][gc,heap        ] GC(23521) Survivor regions: 1->1(2)
[2020-12-28T09:46:29.061-0500][gc,heap        ] GC(23521) Old regions: 41->41
[2020-12-28T09:46:29.061-0500][gc,heap        ] GC(23521) Humongous regions: 4->4
[2020-12-28T09:46:29.061-0500][gc,metaspace   ] GC(23521) Metaspace: 50313K->50313K(1093632K)
[2020-12-28T09:46:29.061-0500][gc,heap        ] GC(23521) Heap after GC invocations=23522 (full 5390): garbage-first heap   total 64512K, used 43397K [0x0000000083000000, 0x0000000100000000)
[2020-12-28T09:46:29.061-0500][gc,heap        ] GC(23521)   region size 1024K, 1 young (1024K), 1 survivors (1024K)
[2020-12-28T09:46:29.061-0500][gc,heap        ] GC(23521)  Metaspace       used 50313K, capacity 52468K, committed 53888K, reserved 1093632K
[2020-12-28T09:46:29.061-0500][gc,heap        ] GC(23521)   class space    used 7457K, capacity 8250K, committed 8832K, reserved 1048576K
[2020-12-28T09:46:29.061-0500][gc             ] GC(23521) Pause Young (Normal) (G1 Evacuation Pause) 51M->42M(63M) 1.745ms
[2020-12-28T09:46:29.061-0500][gc,cpu         ] GC(23521) User=0.00s Sys=0.00s Real=0.00s
[2020-12-28T09:46:45.192-0500][gc,task        ] GC(23522) Using 5 workers of 8 for full compaction
[2020-12-28T09:46:45.192-0500][gc,start       ] GC(23522) Pause Full (System.gc())
[2020-12-28T09:46:45.192-0500][gc,heap        ] GC(23522) Heap before GC invocations=23522 (full 5390): garbage-first heap   total 64512K, used 44421K [0x0000000083000000, 0x0000000100000000)
[2020-12-28T09:46:45.192-0500][gc,heap        ] GC(23522)   region size 1024K, 3 young (3072K), 1 survivors (1024K)
[2020-12-28T09:46:45.192-0500][gc,heap        ] GC(23522)  Metaspace       used 50313K, capacity 52468K, committed 53888K, reserved 1093632K
[2020-12-28T09:46:45.192-0500][gc,heap        ] GC(23522)   class space    used 7457K, capacity 8250K, committed 8832K, reserved 1048576K
[2020-12-28T09:46:45.192-0500][gc,phases,start] GC(23522) Phase 1: Mark live objects
[2020-12-28T09:46:45.231-0500][gc,stringtable ] GC(23522) Cleaned string and symbol table, strings: 33320 processed, 4 removed, symbols: 120973 processed, 0 removed
[2020-12-28T09:46:45.231-0500][gc,phases      ] GC(23522) Phase 1: Mark live objects 39.033ms
[2020-12-28T09:46:45.231-0500][gc,phases,start] GC(23522) Phase 2: Prepare for compaction
[2020-12-28T09:46:45.237-0500][gc,phases      ] GC(23522) Phase 2: Prepare for compaction 5.842ms
[2020-12-28T09:46:45.237-0500][gc,phases,start] GC(23522) Phase 3: Adjust pointers
[2020-12-28T09:46:45.249-0500][gc,phases      ] GC(23522) Phase 3: Adjust pointers 11.371ms
[2020-12-28T09:46:45.249-0500][gc,phases,start] GC(23522) Phase 4: Compact heap
[2020-12-28T09:46:45.252-0500][gc,phases      ] GC(23522) Phase 4: Compact heap 3.562ms
[2020-12-28T09:46:45.257-0500][gc,heap        ] GC(23522) Eden regions: 2->0(10)
[2020-12-28T09:46:45.257-0500][gc,heap        ] GC(23522) Survivor regions: 1->0(2)
[2020-12-28T09:46:45.257-0500][gc,heap        ] GC(23522) Old regions: 41->41
[2020-12-28T09:46:45.257-0500][gc,heap        ] GC(23522) Humongous regions: 4->4
[2020-12-28T09:46:45.257-0500][gc,metaspace   ] GC(23522) Metaspace: 50313K->50313K(1093632K)
[2020-12-28T09:46:45.257-0500][gc,heap        ] GC(23522) Heap after GC invocations=23523 (full 5391): garbage-first heap   total 64512K, used 43312K [0x0000000083000000, 0x0000000100000000)
[2020-12-28T09:46:45.257-0500][gc,heap        ] GC(23522)   region size 1024K, 0 young (0K), 0 survivors (0K)
[2020-12-28T09:46:45.257-0500][gc,heap        ] GC(23522)  Metaspace       used 50313K, capacity 52468K, committed 53888K, reserved 1093632K
[2020-12-28T09:46:45.257-0500][gc,heap        ] GC(23522)   class space    used 7457K, capacity 8250K, committed 8832K, reserved 1048576K
[2020-12-28T09:46:45.257-0500][gc             ] GC(23522) Pause Full (System.gc()) 43M->42M(63M) 64.981ms
[2020-12-28T09:46:45.257-0500][gc,cpu         ] GC(23522) User=0.28s Sys=0.00s Real=0.06s
[2020-12-28T09:49:14.048-0500][gc,heap        ] GC(23523) Heap before GC invocations=23523 (full 5391): garbage-first heap   total 64512K, used 53552K [0x0000000083000000, 0x0000000100000000)
[2020-12-28T09:49:14.048-0500][gc,heap        ] GC(23523)   region size 1024K, 10 young (10240K), 0 survivors (0K)
[2020-12-28T09:49:14.048-0500][gc,heap        ] GC(23523)  Metaspace       used 50313K, capacity 52468K, committed 53888K, reserved 1093632K
[2020-12-28T09:49:14.048-0500][gc,heap        ] GC(23523)   class space    used 7457K, capacity 8250K, committed 8832K, reserved 1048576K
[2020-12-28T09:49:14.048-0500][gc,start       ] GC(23523) Pause Young (Normal) (G1 Evacuation Pause)
[2020-12-28T09:49:14.048-0500][gc,task        ] GC(23523) Using 8 workers of 8 for evacuation
[2020-12-28T09:49:14.053-0500][gc,phases      ] GC(23523)   Pre Evacuate Collection Set: 0.0ms
[2020-12-28T09:49:14.053-0500][gc,phases      ] GC(23523)   Evacuate Collection Set: 1.3ms
[2020-12-28T09:49:14.053-0500][gc,phases      ] GC(23523)   Post Evacuate Collection Set: 1.4ms
[2020-12-28T09:49:14.053-0500][gc,phases      ] GC(23523)   Other: 2.5ms
[2020-12-28T09:49:14.053-0500][gc,heap        ] GC(23523) Eden regions: 10->0(9)
[2020-12-28T09:49:14.053-0500][gc,heap        ] GC(23523) Survivor regions: 0->1(2)
[2020-12-28T09:49:14.053-0500][gc,heap        ] GC(23523) Old regions: 41->41
[2020-12-28T09:49:14.053-0500][gc,heap        ] GC(23523) Humongous regions: 4->4
[2020-12-28T09:49:14.053-0500][gc,metaspace   ] GC(23523) Metaspace: 50313K->50313K(1093632K)
[2020-12-28T09:49:14.053-0500][gc,heap        ] GC(23523) Heap after GC invocations=23524 (full 5391): garbage-first heap   total 64512K, used 43379K [0x0000000083000000, 0x0000000100000000)
[2020-12-28T09:49:14.053-0500][gc,heap        ] GC(23523)   region size 1024K, 1 young (1024K), 1 survivors (1024K)
[2020-12-28T09:49:14.053-0500][gc,heap        ] GC(23523)  Metaspace       used 50313K, capacity 52468K, committed 53888K, reserved 1093632K
[2020-12-28T09:49:14.053-0500][gc,heap        ] GC(23523)   class space    used 7457K, capacity 8250K, committed 8832K, reserved 1048576K
[2020-12-28T09:49:14.053-0500][gc             ] GC(23523) Pause Young (Normal) (G1 Evacuation Pause) 52M->42M(63M) 5.300ms
[2020-12-28T09:49:14.053-0500][gc,cpu         ] GC(23523) User=0.01s Sys=0.00s Real=0.00s
[2020-12-28T09:51:29.340-0500][gc,heap        ] GC(23524) Heap before GC invocations=23524 (full 5391): garbage-first heap   total 64512K, used 51571K [0x0000000083000000, 0x0000000100000000)
[2020-12-28T09:51:29.340-0500][gc,heap        ] GC(23524)   region size 1024K, 10 young (10240K), 1 survivors (1024K)
[2020-12-28T09:51:29.340-0500][gc,heap        ] GC(23524)  Metaspace       used 50313K, capacity 52468K, committed 53888K, reserved 1093632K
[2020-12-28T09:51:29.340-0500][gc,heap        ] GC(23524)   class space    used 7457K, capacity 8250K, committed 8832K, reserved 1048576K
[2020-12-28T09:51:29.341-0500][gc,start       ] GC(23524) Pause Young (Normal) (G1 Evacuation Pause)
[2020-12-28T09:51:29.341-0500][gc,task        ] GC(23524) Using 8 workers of 8 for evacuation
[2020-12-28T09:51:29.348-0500][gc,phases      ] GC(23524)   Pre Evacuate Collection Set: 0.0ms
[2020-12-28T09:51:29.348-0500][gc,phases      ] GC(23524)   Evacuate Collection Set: 1.7ms
[2020-12-28T09:51:29.348-0500][gc,phases      ] GC(23524)   Post Evacuate Collection Set: 5.0ms
[2020-12-28T09:51:29.348-0500][gc,phases      ] GC(23524)   Other: 0.5ms
[2020-12-28T09:51:29.348-0500][gc,heap        ] GC(23524) Eden regions: 9->0(9)
[2020-12-28T09:51:29.348-0500][gc,heap        ] GC(23524) Survivor regions: 1->1(2)
[2020-12-28T09:51:29.348-0500][gc,heap        ] GC(23524) Old regions: 41->41
[2020-12-28T09:51:29.348-0500][gc,heap        ] GC(23524) Humongous regions: 4->4
[2020-12-28T09:51:29.348-0500][gc,metaspace   ] GC(23524) Metaspace: 50313K->50313K(1093632K)
[2020-12-28T09:51:29.348-0500][gc,heap        ] GC(23524) Heap after GC invocations=23525 (full 5391): garbage-first heap   total 64512K, used 43363K [0x0000000083000000, 0x0000000100000000)
[2020-12-28T09:51:29.348-0500][gc,heap        ] GC(23524)   region size 1024K, 1 young (1024K), 1 survivors (1024K)
[2020-12-28T09:51:29.348-0500][gc,heap        ] GC(23524)  Metaspace       used 50313K, capacity 52468K, committed 53888K, reserved 1093632K
[2020-12-28T09:51:29.348-0500][gc,heap        ] GC(23524)   class space    used 7457K, capacity 8250K, committed 8832K, reserved 1048576K
[2020-12-28T09:51:29.348-0500][gc             ] GC(23524) Pause Young (Normal) (G1 Evacuation Pause) 51M->42M(63M) 7.389ms
[2020-12-28T09:51:29.348-0500][gc,cpu         ] GC(23524) User=0.03s Sys=0.00s Real=0.01s
[2020-12-28T09:51:45.190-0500][gc,task        ] GC(23525) Using 5 workers of 8 for full compaction
[2020-12-28T09:51:45.190-0500][gc,start       ] GC(23525) Pause Full (System.gc())
[2020-12-28T09:51:45.190-0500][gc,heap        ] GC(23525) Heap before GC invocations=23525 (full 5391): garbage-first heap   total 64512K, used 43363K [0x0000000083000000, 0x0000000100000000)
[2020-12-28T09:51:45.191-0500][gc,heap        ] GC(23525)   region size 1024K, 2 young (2048K), 1 survivors (1024K)
[2020-12-28T09:51:45.191-0500][gc,heap        ] GC(23525)  Metaspace       used 50313K, capacity 52468K, committed 53888K, reserved 1093632K
[2020-12-28T09:51:45.191-0500][gc,heap        ] GC(23525)   class space    used 7457K, capacity 8250K, committed 8832K, reserved 1048576K
[2020-12-28T09:51:45.191-0500][gc,phases,start] GC(23525) Phase 1: Mark live objects
[2020-12-28T09:51:45.226-0500][gc,stringtable ] GC(23525) Cleaned string and symbol table, strings: 33320 processed, 4 removed, symbols: 120973 processed, 0 removed
[2020-12-28T09:51:45.226-0500][gc,phases      ] GC(23525) Phase 1: Mark live objects 34.540ms
[2020-12-28T09:51:45.226-0500][gc,phases,start] GC(23525) Phase 2: Prepare for compaction
[2020-12-28T09:51:45.230-0500][gc,phases      ] GC(23525) Phase 2: Prepare for compaction 4.593ms
[2020-12-28T09:51:45.230-0500][gc,phases,start] GC(23525) Phase 3: Adjust pointers
[2020-12-28T09:51:45.242-0500][gc,phases      ] GC(23525) Phase 3: Adjust pointers 11.324ms
[2020-12-28T09:51:45.242-0500][gc,phases,start] GC(23525) Phase 4: Compact heap
[2020-12-28T09:51:45.245-0500][gc,phases      ] GC(23525) Phase 4: Compact heap 2.994ms
[2020-12-28T09:51:45.249-0500][gc,heap        ] GC(23525) Eden regions: 1->0(11)
[2020-12-28T09:51:45.249-0500][gc,heap        ] GC(23525) Survivor regions: 1->0(2)
[2020-12-28T09:51:45.249-0500][gc,heap        ] GC(23525) Old regions: 41->40
[2020-12-28T09:51:45.249-0500][gc,heap        ] GC(23525) Humongous regions: 4->4
[2020-12-28T09:51:45.249-0500][gc,metaspace   ] GC(23525) Metaspace: 50313K->50313K(1093632K)
[2020-12-28T09:51:45.249-0500][gc,heap        ] GC(23525) Heap after GC invocations=23526 (full 5392): garbage-first heap   total 64512K, used 43312K [0x0000000083000000, 0x0000000100000000)
[2020-12-28T09:51:45.249-0500][gc,heap        ] GC(23525)   region size 1024K, 0 young (0K), 0 survivors (0K)
[2020-12-28T09:51:45.249-0500][gc,heap        ] GC(23525)  Metaspace       used 50313K, capacity 52468K, committed 53888K, reserved 1093632K
[2020-12-28T09:51:45.249-0500][gc,heap        ] GC(23525)   class space    used 7457K, capacity 8250K, committed 8832K, reserved 1048576K
[2020-12-28T09:51:45.249-0500][gc             ] GC(23525) Pause Full (System.gc()) 43M->42M(63M) 58.948ms
[2020-12-28T09:51:45.249-0500][gc,cpu         ] GC(23525) User=0.26s Sys=0.00s Real=0.06s
[2020-12-28T09:54:29.066-0500][gc,heap        ] GC(23526) Heap before GC invocations=23526 (full 5392): garbage-first heap   total 64512K, used 53552K [0x0000000083000000, 0x0000000100000000)
[2020-12-28T09:54:29.066-0500][gc,heap        ] GC(23526)   region size 1024K, 11 young (11264K), 0 survivors (0K)
[2020-12-28T09:54:29.066-0500][gc,heap        ] GC(23526)  Metaspace       used 50313K, capacity 52468K, committed 53888K, reserved 1093632K
[2020-12-28T09:54:29.067-0500][gc,heap        ] GC(23526)   class space    used 7457K, capacity 8250K, committed 8832K, reserved 1048576K
[2020-12-28T09:54:29.067-0500][gc,start       ] GC(23526) Pause Young (Normal) (G1 Evacuation Pause)
[2020-12-28T09:54:29.067-0500][gc,task        ] GC(23526) Using 8 workers of 8 for evacuation
[2020-12-28T09:54:29.069-0500][gc,phases      ] GC(23526)   Pre Evacuate Collection Set: 0.0ms
[2020-12-28T09:54:29.069-0500][gc,phases      ] GC(23526)   Evacuate Collection Set: 1.0ms
[2020-12-28T09:54:29.069-0500][gc,phases      ] GC(23526)   Post Evacuate Collection Set: 1.0ms
[2020-12-28T09:54:29.069-0500][gc,phases      ] GC(23526)   Other: 0.3ms
[2020-12-28T09:54:29.069-0500][gc,heap        ] GC(23526) Eden regions: 11->0(10)
[2020-12-28T09:54:29.069-0500][gc,heap        ] GC(23526) Survivor regions: 0->1(2)
[2020-12-28T09:54:29.069-0500][gc,heap        ] GC(23526) Old regions: 40->40
[2020-12-28T09:54:29.069-0500][gc,heap        ] GC(23526) Humongous regions: 4->4
[2020-12-28T09:54:29.069-0500][gc,metaspace   ] GC(23526) Metaspace: 50313K->50313K(1093632K)
[2020-12-28T09:54:29.069-0500][gc,heap        ] GC(23526) Heap after GC invocations=23527 (full 5392): garbage-first heap   total 64512K, used 43379K [0x0000000083000000, 0x0000000100000000)
[2020-12-28T09:54:29.069-0500][gc,heap        ] GC(23526)   region size 1024K, 1 young (1024K), 1 survivors (1024K)
[2020-12-28T09:54:29.069-0500][gc,heap        ] GC(23526)  Metaspace       used 50313K, capacity 52468K, committed 53888K, reserved 1093632K
[2020-12-28T09:54:29.069-0500][gc,heap        ] GC(23526)   class space    used 7457K, capacity 8250K, committed 8832K, reserved 1048576K
[2020-12-28T09:54:29.069-0500][gc             ] GC(23526) Pause Young (Normal) (G1 Evacuation Pause) 53M->42M(63M) 2.340ms
[2020-12-28T09:54:29.069-0500][gc,cpu         ] GC(23526) User=0.00s Sys=0.00s Real=0.01s
[2020-12-28T09:56:45.190-0500][gc,task        ] GC(23527) Using 5 workers of 8 for full compaction
[2020-12-28T09:56:45.190-0500][gc,start       ] GC(23527) Pause Full (System.gc())
[2020-12-28T09:56:45.190-0500][gc,heap        ] GC(23527) Heap before GC invocations=23527 (full 5392): garbage-first heap   total 64512K, used 50547K [0x0000000083000000, 0x0000000100000000)
[2020-12-28T09:56:45.190-0500][gc,heap        ] GC(23527)   region size 1024K, 10 young (10240K), 1 survivors (1024K)
[2020-12-28T09:56:45.190-0500][gc,heap        ] GC(23527)  Metaspace       used 50313K, capacity 52468K, committed 53888K, reserved 1093632K
[2020-12-28T09:56:45.190-0500][gc,heap        ] GC(23527)   class space    used 7457K, capacity 8250K, committed 8832K, reserved 1048576K
[2020-12-28T09:56:45.191-0500][gc,phases,start] GC(23527) Phase 1: Mark live objects
[2020-12-28T09:56:45.216-0500][gc,stringtable ] GC(23527) Cleaned string and symbol table, strings: 33320 processed, 4 removed, symbols: 120973 processed, 0 removed
[2020-12-28T09:56:45.216-0500][gc,phases      ] GC(23527) Phase 1: Mark live objects 25.567ms
[2020-12-28T09:56:45.216-0500][gc,phases,start] GC(23527) Phase 2: Prepare for compaction
[2020-12-28T09:56:45.220-0500][gc,phases      ] GC(23527) Phase 2: Prepare for compaction 3.431ms
[2020-12-28T09:56:45.220-0500][gc,phases,start] GC(23527) Phase 3: Adjust pointers
[2020-12-28T09:56:45.233-0500][gc,phases      ] GC(23527) Phase 3: Adjust pointers 12.940ms
[2020-12-28T09:56:45.233-0500][gc,phases,start] GC(23527) Phase 4: Compact heap
[2020-12-28T09:56:45.236-0500][gc,phases      ] GC(23527) Phase 4: Compact heap 3.210ms
[2020-12-28T09:56:45.241-0500][gc,heap        ] GC(23527) Eden regions: 9->0(9)
[2020-12-28T09:56:45.241-0500][gc,heap        ] GC(23527) Survivor regions: 1->0(2)
[2020-12-28T09:56:45.241-0500][gc,heap        ] GC(23527) Old regions: 40->42
[2020-12-28T09:56:45.241-0500][gc,heap        ] GC(23527) Humongous regions: 4->4
[2020-12-28T09:56:45.241-0500][gc,metaspace   ] GC(23527) Metaspace: 50313K->50313K(1093632K)
[2020-12-28T09:56:45.241-0500][gc,heap        ] GC(23527) Heap after GC invocations=23528 (full 5393): garbage-first heap   total 64512K, used 43351K [0x0000000083000000, 0x0000000100000000)
[2020-12-28T09:56:45.241-0500][gc,heap        ] GC(23527)   region size 1024K, 0 young (0K), 0 survivors (0K)
[2020-12-28T09:56:45.241-0500][gc,heap        ] GC(23527)  Metaspace       used 50313K, capacity 52468K, committed 53888K, reserved 1093632K
[2020-12-28T09:56:45.241-0500][gc,heap        ] GC(23527)   class space    used 7457K, capacity 8250K, committed 8832K, reserved 1048576K
[2020-12-28T09:56:45.241-0500][gc             ] GC(23527) Pause Full (System.gc()) 51M->42M(63M) 50.254ms
[2020-12-28T09:56:45.241-0500][gc,cpu         ] GC(23527) User=0.21s Sys=0.00s Real=0.05s
[2020-12-28T09:58:59.063-0500][gc,heap        ] GC(23528) Heap before GC invocations=23528 (full 5393): garbage-first heap   total 64512K, used 52567K [0x0000000083000000, 0x0000000100000000)
[2020-12-28T09:58:59.063-0500][gc,heap        ] GC(23528)   region size 1024K, 9 young (9216K), 0 survivors (0K)
[2020-12-28T09:58:59.063-0500][gc,heap        ] GC(23528)  Metaspace       used 50313K, capacity 52468K, committed 53888K, reserved 1093632K
[2020-12-28T09:58:59.063-0500][gc,heap        ] GC(23528)   class space    used 7457K, capacity 8250K, committed 8832K, reserved 1048576K
[2020-12-28T09:58:59.063-0500][gc,start       ] GC(23528) Pause Young (Normal) (G1 Evacuation Pause)
[2020-12-28T09:58:59.063-0500][gc,task        ] GC(23528) Using 8 workers of 8 for evacuation
[2020-12-28T09:58:59.101-0500][gc,phases      ] GC(23528)   Pre Evacuate Collection Set: 0.1ms
[2020-12-28T09:58:59.101-0500][gc,phases      ] GC(23528)   Evacuate Collection Set: 33.2ms
[2020-12-28T09:58:59.101-0500][gc,phases      ] GC(23528)   Post Evacuate Collection Set: 4.0ms
[2020-12-28T09:58:59.101-0500][gc,phases      ] GC(23528)   Other: 0.6ms
[2020-12-28T09:58:59.101-0500][gc,heap        ] GC(23528) Eden regions: 9->0(8)
[2020-12-28T09:58:59.101-0500][gc,heap        ] GC(23528) Survivor regions: 0->1(2)
[2020-12-28T09:58:59.101-0500][gc,heap        ] GC(23528) Old regions: 42->42
[2020-12-28T09:58:59.101-0500][gc,heap        ] GC(23528) Humongous regions: 4->4
[2020-12-28T09:58:59.101-0500][gc,metaspace   ] GC(23528) Metaspace: 50313K->50313K(1093632K)
[2020-12-28T09:58:59.101-0500][gc,heap        ] GC(23528) Heap after GC invocations=23529 (full 5393): garbage-first heap   total 64512K, used 43430K [0x0000000083000000, 0x0000000100000000)
[2020-12-28T09:58:59.101-0500][gc,heap        ] GC(23528)   region size 1024K, 1 young (1024K), 1 survivors (1024K)
[2020-12-28T09:58:59.101-0500][gc,heap        ] GC(23528)  Metaspace       used 50313K, capacity 52468K, committed 53888K, reserved 1093632K
[2020-12-28T09:58:59.101-0500][gc,heap        ] GC(23528)   class space    used 7457K, capacity 8250K, committed 8832K, reserved 1048576K
[2020-12-28T09:58:59.101-0500][gc             ] GC(23528) Pause Young (Normal) (G1 Evacuation Pause) 51M->42M(63M) 37.956ms
[2020-12-28T09:58:59.101-0500][gc,cpu         ] GC(23528) User=0.24s Sys=0.00s Real=0.04s
[2020-12-28T10:00:59.064-0500][gc,heap        ] GC(23529) Heap before GC invocations=23529 (full 5393): garbage-first heap   total 64512K, used 51622K [0x0000000083000000, 0x0000000100000000)
[2020-12-28T10:00:59.064-0500][gc,heap        ] GC(23529)   region size 1024K, 9 young (9216K), 1 survivors (1024K)
[2020-12-28T10:00:59.064-0500][gc,heap        ] GC(23529)  Metaspace       used 50313K, capacity 52468K, committed 53888K, reserved 1093632K
[2020-12-28T10:00:59.064-0500][gc,heap        ] GC(23529)   class space    used 7457K, capacity 8250K, committed 8832K, reserved 1048576K
[2020-12-28T10:00:59.064-0500][gc,start       ] GC(23529) Pause Young (Normal) (G1 Evacuation Pause)
[2020-12-28T10:00:59.064-0500][gc,task        ] GC(23529) Using 8 workers of 8 for evacuation
[2020-12-28T10:00:59.074-0500][gc,phases      ] GC(23529)   Pre Evacuate Collection Set: 0.0ms
[2020-12-28T10:00:59.075-0500][gc,phases      ] GC(23529)   Evacuate Collection Set: 1.5ms
[2020-12-28T10:00:59.075-0500][gc,phases      ] GC(23529)   Post Evacuate Collection Set: 8.3ms
[2020-12-28T10:00:59.075-0500][gc,phases      ] GC(23529)   Other: 0.5ms
[2020-12-28T10:00:59.075-0500][gc,heap        ] GC(23529) Eden regions: 8->0(8)
[2020-12-28T10:00:59.075-0500][gc,heap        ] GC(23529) Survivor regions: 1->1(2)
[2020-12-28T10:00:59.075-0500][gc,heap        ] GC(23529) Old regions: 42->42
[2020-12-28T10:00:59.075-0500][gc,heap        ] GC(23529) Humongous regions: 4->4
[2020-12-28T10:00:59.075-0500][gc,metaspace   ] GC(23529) Metaspace: 50313K->50313K(1093632K)
[2020-12-28T10:00:59.075-0500][gc,heap        ] GC(23529) Heap after GC invocations=23530 (full 5393): garbage-first heap   total 64512K, used 43447K [0x0000000083000000, 0x0000000100000000)
[2020-12-28T10:00:59.075-0500][gc,heap        ] GC(23529)   region size 1024K, 1 young (1024K), 1 survivors (1024K)
[2020-12-28T10:00:59.075-0500][gc,heap        ] GC(23529)  Metaspace       used 50313K, capacity 52468K, committed 53888K, reserved 1093632K
[2020-12-28T10:00:59.075-0500][gc,heap        ] GC(23529)   class space    used 7457K, capacity 8250K, committed 8832K, reserved 1048576K
[2020-12-28T10:00:59.075-0500][gc             ] GC(23529) Pause Young (Normal) (G1 Evacuation Pause) 50M->42M(63M) 10.546ms
[2020-12-28T10:00:59.075-0500][gc,cpu         ] GC(23529) User=0.05s Sys=0.00s Real=0.01s
[2020-12-28T10:01:45.191-0500][gc,task        ] GC(23530) Using 5 workers of 8 for full compaction
[2020-12-28T10:01:45.191-0500][gc,start       ] GC(23530) Pause Full (System.gc())
[2020-12-28T10:01:45.191-0500][gc,heap        ] GC(23530) Heap before GC invocations=23530 (full 5393): garbage-first heap   total 64512K, used 45495K [0x0000000083000000, 0x0000000100000000)
[2020-12-28T10:01:45.191-0500][gc,heap        ] GC(23530)   region size 1024K, 5 young (5120K), 1 survivors (1024K)
[2020-12-28T10:01:45.191-0500][gc,heap        ] GC(23530)  Metaspace       used 50313K, capacity 52468K, committed 53888K, reserved 1093632K
[2020-12-28T10:01:45.191-0500][gc,heap        ] GC(23530)   class space    used 7457K, capacity 8250K, committed 8832K, reserved 1048576K
[2020-12-28T10:01:45.191-0500][gc,phases,start] GC(23530) Phase 1: Mark live objects
[2020-12-28T10:01:45.212-0500][gc,stringtable ] GC(23530) Cleaned string and symbol table, strings: 33320 processed, 4 removed, symbols: 120973 processed, 0 removed
[2020-12-28T10:01:45.212-0500][gc,phases      ] GC(23530) Phase 1: Mark live objects 20.351ms
[2020-12-28T10:01:45.212-0500][gc,phases,start] GC(23530) Phase 2: Prepare for compaction
[2020-12-28T10:01:45.215-0500][gc,phases      ] GC(23530) Phase 2: Prepare for compaction 3.342ms
[2020-12-28T10:01:45.215-0500][gc,phases,start] GC(23530) Phase 3: Adjust pointers
[2020-12-28T10:01:45.225-0500][gc,phases      ] GC(23530) Phase 3: Adjust pointers 10.148ms
[2020-12-28T10:01:45.225-0500][gc,phases,start] GC(23530) Phase 4: Compact heap
[2020-12-28T10:01:45.228-0500][gc,phases      ] GC(23530) Phase 4: Compact heap 2.758ms
[2020-12-28T10:01:45.232-0500][gc,heap        ] GC(23530) Eden regions: 4->0(10)
[2020-12-28T10:01:45.232-0500][gc,heap        ] GC(23530) Survivor regions: 1->0(2)
[2020-12-28T10:01:45.232-0500][gc,heap        ] GC(23530) Old regions: 42->41
[2020-12-28T10:01:45.232-0500][gc,heap        ] GC(23530) Humongous regions: 4->4
[2020-12-28T10:01:45.232-0500][gc,metaspace   ] GC(23530) Metaspace: 50313K->50313K(1093632K)
[2020-12-28T10:01:45.232-0500][gc,heap        ] GC(23530) Heap after GC invocations=23531 (full 5394): garbage-first heap   total 64512K, used 43326K [0x0000000083000000, 0x0000000100000000)
[2020-12-28T10:01:45.233-0500][gc,heap        ] GC(23530)   region size 1024K, 0 young (0K), 0 survivors (0K)
[2020-12-28T10:01:45.233-0500][gc,heap        ] GC(23530)  Metaspace       used 50313K, capacity 52468K, committed 53888K, reserved 1093632K
[2020-12-28T10:01:45.233-0500][gc,heap        ] GC(23530)   class space    used 7457K, capacity 8250K, committed 8832K, reserved 1048576K
[2020-12-28T10:01:45.233-0500][gc             ] GC(23530) Pause Full (System.gc()) 45M->42M(63M) 41.555ms
[2020-12-28T10:01:45.233-0500][gc,cpu         ] GC(23530) User=0.18s Sys=0.00s Real=0.04s
[2020-12-28T10:04:10.435-0500][gc,heap        ] GC(23531) Heap before GC invocations=23531 (full 5394): garbage-first heap   total 64512K, used 52542K [0x0000000083000000, 0x0000000100000000)
[2020-12-28T10:04:10.435-0500][gc,heap        ] GC(23531)   region size 1024K, 10 young (10240K), 0 survivors (0K)
[2020-12-28T10:04:10.435-0500][gc,heap        ] GC(23531)  Metaspace       used 50313K, capacity 52468K, committed 53888K, reserved 1093632K
[2020-12-28T10:04:10.435-0500][gc,heap        ] GC(23531)   class space    used 7457K, capacity 8250K, committed 8832K, reserved 1048576K
[2020-12-28T10:04:10.435-0500][gc,start       ] GC(23531) Pause Young (Normal) (G1 Evacuation Pause)
[2020-12-28T10:04:10.435-0500][gc,task        ] GC(23531) Using 8 workers of 8 for evacuation
[2020-12-28T10:04:10.437-0500][gc,phases      ] GC(23531)   Pre Evacuate Collection Set: 0.0ms
[2020-12-28T10:04:10.437-0500][gc,phases      ] GC(23531)   Evacuate Collection Set: 0.5ms
[2020-12-28T10:04:10.437-0500][gc,phases      ] GC(23531)   Post Evacuate Collection Set: 0.7ms
[2020-12-28T10:04:10.437-0500][gc,phases      ] GC(23531)   Other: 0.2ms
[2020-12-28T10:04:10.437-0500][gc,heap        ] GC(23531) Eden regions: 10->0(9)
[2020-12-28T10:04:10.437-0500][gc,heap        ] GC(23531) Survivor regions: 0->1(2)
[2020-12-28T10:04:10.437-0500][gc,heap        ] GC(23531) Old regions: 41->41
[2020-12-28T10:04:10.437-0500][gc,heap        ] GC(23531) Humongous regions: 4->4
[2020-12-28T10:04:10.437-0500][gc,metaspace   ] GC(23531) Metaspace: 50313K->50313K(1093632K)
[2020-12-28T10:04:10.437-0500][gc,heap        ] GC(23531) Heap after GC invocations=23532 (full 5394): garbage-first heap   total 64512K, used 43399K [0x0000000083000000, 0x0000000100000000)
[2020-12-28T10:04:10.437-0500][gc,heap        ] GC(23531)   region size 1024K, 1 young (1024K), 1 survivors (1024K)
[2020-12-28T10:04:10.437-0500][gc,heap        ] GC(23531)  Metaspace       used 50313K, capacity 52468K, committed 53888K, reserved 1093632K
[2020-12-28T10:04:10.437-0500][gc,heap        ] GC(23531)   class space    used 7457K, capacity 8250K, committed 8832K, reserved 1048576K
[2020-12-28T10:04:10.437-0500][gc             ] GC(23531) Pause Young (Normal) (G1 Evacuation Pause) 52M->42M(63M) 1.483ms
[2020-12-28T10:04:10.437-0500][gc,cpu         ] GC(23531) User=0.00s Sys=0.00s Real=0.00s
[2020-12-28T10:06:20.565-0500][gc,heap        ] GC(23532) Heap before GC invocations=23532 (full 5394): garbage-first heap   total 64512K, used 51591K [0x0000000083000000, 0x0000000100000000)
[2020-12-28T10:06:20.565-0500][gc,heap        ] GC(23532)   region size 1024K, 10 young (10240K), 1 survivors (1024K)
[2020-12-28T10:06:20.565-0500][gc,heap        ] GC(23532)  Metaspace       used 50313K, capacity 52468K, committed 53888K, reserved 1093632K
[2020-12-28T10:06:20.565-0500][gc,heap        ] GC(23532)   class space    used 7457K, capacity 8250K, committed 8832K, reserved 1048576K
[2020-12-28T10:06:20.566-0500][gc,start       ] GC(23532) Pause Young (Normal) (G1 Evacuation Pause)
[2020-12-28T10:06:20.566-0500][gc,task        ] GC(23532) Using 8 workers of 8 for evacuation
[2020-12-28T10:06:20.570-0500][gc,phases      ] GC(23532)   Pre Evacuate Collection Set: 0.0ms
[2020-12-28T10:06:20.570-0500][gc,phases      ] GC(23532)   Evacuate Collection Set: 1.4ms
[2020-12-28T10:06:20.570-0500][gc,phases      ] GC(23532)   Post Evacuate Collection Set: 2.8ms
[2020-12-28T10:06:20.570-0500][gc,phases      ] GC(23532)   Other: 0.5ms
[2020-12-28T10:06:20.570-0500][gc,heap        ] GC(23532) Eden regions: 9->0(9)
[2020-12-28T10:06:20.570-0500][gc,heap        ] GC(23532) Survivor regions: 1->1(2)
[2020-12-28T10:06:20.570-0500][gc,heap        ] GC(23532) Old regions: 41->41
[2020-12-28T10:06:20.570-0500][gc,heap        ] GC(23532) Humongous regions: 4->4
[2020-12-28T10:06:20.570-0500][gc,metaspace   ] GC(23532) Metaspace: 50313K->50313K(1093632K)
[2020-12-28T10:06:20.570-0500][gc,heap        ] GC(23532) Heap after GC invocations=23533 (full 5394): garbage-first heap   total 64512K, used 43384K [0x0000000083000000, 0x0000000100000000)
[2020-12-28T10:06:20.570-0500][gc,heap        ] GC(23532)   region size 1024K, 1 young (1024K), 1 survivors (1024K)
[2020-12-28T10:06:20.570-0500][gc,heap        ] GC(23532)  Metaspace       used 50313K, capacity 52468K, committed 53888K, reserved 1093632K
[2020-12-28T10:06:20.570-0500][gc,heap        ] GC(23532)   class space    used 7457K, capacity 8250K, committed 8832K, reserved 1048576K
[2020-12-28T10:06:20.570-0500][gc             ] GC(23532) Pause Young (Normal) (G1 Evacuation Pause) 51M->42M(63M) 4.922ms
[2020-12-28T10:06:20.571-0500][gc,cpu         ] GC(23532) User=0.00s Sys=0.01s Real=0.01s
[2020-12-28T10:06:45.191-0500][gc,task        ] GC(23533) Using 5 workers of 8 for full compaction
[2020-12-28T10:06:45.191-0500][gc,start       ] GC(23533) Pause Full (System.gc())
[2020-12-28T10:06:45.191-0500][gc,heap        ] GC(23533) Heap before GC invocations=23533 (full 5394): garbage-first heap   total 64512K, used 44408K [0x0000000083000000, 0x0000000100000000)
[2020-12-28T10:06:45.191-0500][gc,heap        ] GC(23533)   region size 1024K, 3 young (3072K), 1 survivors (1024K)
[2020-12-28T10:06:45.191-0500][gc,heap        ] GC(23533)  Metaspace       used 50313K, capacity 52468K, committed 53888K, reserved 1093632K
[2020-12-28T10:06:45.191-0500][gc,heap        ] GC(23533)   class space    used 7457K, capacity 8250K, committed 8832K, reserved 1048576K
[2020-12-28T10:06:45.191-0500][gc,phases,start] GC(23533) Phase 1: Mark live objects
[2020-12-28T10:06:45.217-0500][gc,stringtable ] GC(23533) Cleaned string and symbol table, strings: 33320 processed, 4 removed, symbols: 120973 processed, 0 removed
[2020-12-28T10:06:45.217-0500][gc,phases      ] GC(23533) Phase 1: Mark live objects 25.622ms
[2020-12-28T10:06:45.217-0500][gc,phases,start] GC(23533) Phase 2: Prepare for compaction
[2020-12-28T10:06:45.221-0500][gc,phases      ] GC(23533) Phase 2: Prepare for compaction 3.981ms
[2020-12-28T10:06:45.221-0500][gc,phases,start] GC(23533) Phase 3: Adjust pointers
[2020-12-28T10:06:45.233-0500][gc,phases      ] GC(23533) Phase 3: Adjust pointers 11.896ms
[2020-12-28T10:06:45.233-0500][gc,phases,start] GC(23533) Phase 4: Compact heap
[2020-12-28T10:06:45.237-0500][gc,phases      ] GC(23533) Phase 4: Compact heap 3.541ms
[2020-12-28T10:06:45.241-0500][gc,heap        ] GC(23533) Eden regions: 2->0(9)
[2020-12-28T10:06:45.241-0500][gc,heap        ] GC(23533) Survivor regions: 1->0(2)
[2020-12-28T10:06:45.241-0500][gc,heap        ] GC(23533) Old regions: 41->42
[2020-12-28T10:06:45.241-0500][gc,heap        ] GC(23533) Humongous regions: 4->4
[2020-12-28T10:06:45.241-0500][gc,metaspace   ] GC(23533) Metaspace: 50313K->50313K(1093632K)
[2020-12-28T10:06:45.241-0500][gc,heap        ] GC(23533) Heap after GC invocations=23534 (full 5395): garbage-first heap   total 64512K, used 43319K [0x0000000083000000, 0x0000000100000000)
[2020-12-28T10:06:45.241-0500][gc,heap        ] GC(23533)   region size 1024K, 0 young (0K), 0 survivors (0K)
[2020-12-28T10:06:45.241-0500][gc,heap        ] GC(23533)  Metaspace       used 50313K, capacity 52468K, committed 53888K, reserved 1093632K
[2020-12-28T10:06:45.241-0500][gc,heap        ] GC(23533)   class space    used 7457K, capacity 8250K, committed 8832K, reserved 1048576K
[2020-12-28T10:06:45.241-0500][gc             ] GC(23533) Pause Full (System.gc()) 44M->42M(63M) 50.158ms
[2020-12-28T10:06:45.241-0500][gc,cpu         ] GC(23533) User=0.20s Sys=0.00s Real=0.05s
[2020-12-28T10:08:57.822-0500][gc,heap        ] GC(23534) Heap before GC invocations=23534 (full 5395): garbage-first heap   total 64512K, used 52535K [0x0000000083000000, 0x0000000100000000)
[2020-12-28T10:08:57.822-0500][gc,heap        ] GC(23534)   region size 1024K, 9 young (9216K), 0 survivors (0K)
[2020-12-28T10:08:57.822-0500][gc,heap        ] GC(23534)  Metaspace       used 50313K, capacity 52468K, committed 53888K, reserved 1093632K
[2020-12-28T10:08:57.822-0500][gc,heap        ] GC(23534)   class space    used 7457K, capacity 8250K, committed 8832K, reserved 1048576K
[2020-12-28T10:08:57.822-0500][gc,start       ] GC(23534) Pause Young (Normal) (G1 Evacuation Pause)
[2020-12-28T10:08:57.822-0500][gc,task        ] GC(23534) Using 8 workers of 8 for evacuation
[2020-12-28T10:08:57.823-0500][gc,phases      ] GC(23534)   Pre Evacuate Collection Set: 0.0ms
[2020-12-28T10:08:57.824-0500][gc,phases      ] GC(23534)   Evacuate Collection Set: 0.6ms
[2020-12-28T10:08:57.824-0500][gc,phases      ] GC(23534)   Post Evacuate Collection Set: 1.1ms
[2020-12-28T10:08:57.824-0500][gc,phases      ] GC(23534)   Other: 0.3ms
[2020-12-28T10:08:57.824-0500][gc,heap        ] GC(23534) Eden regions: 9->0(8)
[2020-12-28T10:08:57.824-0500][gc,heap        ] GC(23534) Survivor regions: 0->1(2)
[2020-12-28T10:08:57.824-0500][gc,heap        ] GC(23534) Old regions: 42->42
[2020-12-28T10:08:57.824-0500][gc,heap        ] GC(23534) Humongous regions: 4->4
[2020-12-28T10:08:57.824-0500][gc,metaspace   ] GC(23534) Metaspace: 50313K->50313K(1093632K)
[2020-12-28T10:08:57.824-0500][gc,heap        ] GC(23534) Heap after GC invocations=23535 (full 5395): garbage-first heap   total 64512K, used 43404K [0x0000000083000000, 0x0000000100000000)
[2020-12-28T10:08:57.824-0500][gc,heap        ] GC(23534)   region size 1024K, 1 young (1024K), 1 survivors (1024K)
[2020-12-28T10:08:57.824-0500][gc,heap        ] GC(23534)  Metaspace       used 50313K, capacity 52468K, committed 53888K, reserved 1093632K
[2020-12-28T10:08:57.824-0500][gc,heap        ] GC(23534)   class space    used 7457K, capacity 8250K, committed 8832K, reserved 1048576K
[2020-12-28T10:08:57.824-0500][gc             ] GC(23534) Pause Young (Normal) (G1 Evacuation Pause) 51M->42M(63M) 1.949ms
[2020-12-28T10:08:57.824-0500][gc,cpu         ] GC(23534) User=0.00s Sys=0.01s Real=0.00s
[2020-12-28T10:10:59.061-0500][gc,heap        ] GC(23535) Heap before GC invocations=23535 (full 5395): garbage-first heap   total 64512K, used 50572K [0x0000000083000000, 0x0000000100000000)
[2020-12-28T10:10:59.061-0500][gc,heap        ] GC(23535)   region size 1024K, 9 young (9216K), 1 survivors (1024K)
[2020-12-28T10:10:59.061-0500][gc,heap        ] GC(23535)  Metaspace       used 50313K, capacity 52468K, committed 53888K, reserved 1093632K
[2020-12-28T10:10:59.061-0500][gc,heap        ] GC(23535)   class space    used 7457K, capacity 8250K, committed 8832K, reserved 1048576K
[2020-12-28T10:10:59.061-0500][gc,start       ] GC(23535) Pause Young (Normal) (G1 Evacuation Pause)
[2020-12-28T10:10:59.061-0500][gc,task        ] GC(23535) Using 8 workers of 8 for evacuation
[2020-12-28T10:10:59.065-0500][gc,phases      ] GC(23535)   Pre Evacuate Collection Set: 0.0ms
[2020-12-28T10:10:59.065-0500][gc,phases      ] GC(23535)   Evacuate Collection Set: 1.7ms
[2020-12-28T10:10:59.065-0500][gc,phases      ] GC(23535)   Post Evacuate Collection Set: 2.5ms
[2020-12-28T10:10:59.066-0500][gc,phases      ] GC(23535)   Other: 0.3ms
[2020-12-28T10:10:59.066-0500][gc,heap        ] GC(23535) Eden regions: 8->0(8)
[2020-12-28T10:10:59.066-0500][gc,heap        ] GC(23535) Survivor regions: 1->1(2)
[2020-12-28T10:10:59.066-0500][gc,heap        ] GC(23535) Old regions: 42->42
[2020-12-28T10:10:59.066-0500][gc,heap        ] GC(23535) Humongous regions: 4->4
[2020-12-28T10:10:59.066-0500][gc,metaspace   ] GC(23535) Metaspace: 50313K->50313K(1093632K)
[2020-12-28T10:10:59.066-0500][gc,heap        ] GC(23535) Heap after GC invocations=23536 (full 5395): garbage-first heap   total 64512K, used 43394K [0x0000000083000000, 0x0000000100000000)
[2020-12-28T10:10:59.066-0500][gc,heap        ] GC(23535)   region size 1024K, 1 young (1024K), 1 survivors (1024K)
[2020-12-28T10:10:59.066-0500][gc,heap        ] GC(23535)  Metaspace       used 50313K, capacity 52468K, committed 53888K, reserved 1093632K
[2020-12-28T10:10:59.066-0500][gc,heap        ] GC(23535)   class space    used 7457K, capacity 8250K, committed 8832K, reserved 1048576K
[2020-12-28T10:10:59.066-0500][gc             ] GC(23535) Pause Young (Normal) (G1 Evacuation Pause) 50M->42M(63M) 4.669ms
[2020-12-28T10:10:59.066-0500][gc,cpu         ] GC(23535) User=0.00s Sys=0.01s Real=0.00s
[2020-12-28T10:11:45.190-0500][gc,task        ] GC(23536) Using 5 workers of 8 for full compaction
[2020-12-28T10:11:45.190-0500][gc,start       ] GC(23536) Pause Full (System.gc())
[2020-12-28T10:11:45.190-0500][gc,heap        ] GC(23536) Heap before GC invocations=23536 (full 5395): garbage-first heap   total 64512K, used 46466K [0x0000000083000000, 0x0000000100000000)
[2020-12-28T10:11:45.190-0500][gc,heap        ] GC(23536)   region size 1024K, 5 young (5120K), 1 survivors (1024K)
[2020-12-28T10:11:45.190-0500][gc,heap        ] GC(23536)  Metaspace       used 50313K, capacity 52468K, committed 53888K, reserved 1093632K
[2020-12-28T10:11:45.190-0500][gc,heap        ] GC(23536)   class space    used 7457K, capacity 8250K, committed 8832K, reserved 1048576K
[2020-12-28T10:11:45.190-0500][gc,phases,start] GC(23536) Phase 1: Mark live objects
[2020-12-28T10:11:45.229-0500][gc,stringtable ] GC(23536) Cleaned string and symbol table, strings: 33320 processed, 4 removed, symbols: 120973 processed, 0 removed
[2020-12-28T10:11:45.229-0500][gc,phases      ] GC(23536) Phase 1: Mark live objects 38.474ms
[2020-12-28T10:11:45.229-0500][gc,phases,start] GC(23536) Phase 2: Prepare for compaction
[2020-12-28T10:11:45.233-0500][gc,phases      ] GC(23536) Phase 2: Prepare for compaction 4.177ms
[2020-12-28T10:11:45.233-0500][gc,phases,start] GC(23536) Phase 3: Adjust pointers
[2020-12-28T10:11:45.243-0500][gc,phases      ] GC(23536) Phase 3: Adjust pointers 9.590ms
[2020-12-28T10:11:45.243-0500][gc,phases,start] GC(23536) Phase 4: Compact heap
[2020-12-28T10:11:45.246-0500][gc,phases      ] GC(23536) Phase 4: Compact heap 3.399ms
[2020-12-28T10:11:45.251-0500][gc,heap        ] GC(23536) Eden regions: 4->0(9)
[2020-12-28T10:11:45.251-0500][gc,heap        ] GC(23536) Survivor regions: 1->0(2)
[2020-12-28T10:11:45.251-0500][gc,heap        ] GC(23536) Old regions: 42->42
[2020-12-28T10:11:45.251-0500][gc,heap        ] GC(23536) Humongous regions: 4->4
[2020-12-28T10:11:45.251-0500][gc,metaspace   ] GC(23536) Metaspace: 50313K->50313K(1093632K)
[2020-12-28T10:11:45.251-0500][gc,heap        ] GC(23536) Heap after GC invocations=23537 (full 5396): garbage-first heap   total 64512K, used 43329K [0x0000000083000000, 0x0000000100000000)
[2020-12-28T10:11:45.251-0500][gc,heap        ] GC(23536)   region size 1024K, 0 young (0K), 0 survivors (0K)
[2020-12-28T10:11:45.251-0500][gc,heap        ] GC(23536)  Metaspace       used 50313K, capacity 52468K, committed 53888K, reserved 1093632K
[2020-12-28T10:11:45.251-0500][gc,heap        ] GC(23536)   class space    used 7457K, capacity 8250K, committed 8832K, reserved 1048576K
[2020-12-28T10:11:45.251-0500][gc             ] GC(23536) Pause Full (System.gc()) 45M->42M(63M) 61.302ms
[2020-12-28T10:11:45.251-0500][gc,cpu         ] GC(23536) User=0.26s Sys=0.00s Real=0.06s
[2020-12-28T10:13:59.064-0500][gc,heap        ] GC(23537) Heap before GC invocations=23537 (full 5396): garbage-first heap   total 64512K, used 51521K [0x0000000083000000, 0x0000000100000000)
[2020-12-28T10:13:59.064-0500][gc,heap        ] GC(23537)   region size 1024K, 9 young (9216K), 0 survivors (0K)
[2020-12-28T10:13:59.064-0500][gc,heap        ] GC(23537)  Metaspace       used 50313K, capacity 52468K, committed 53888K, reserved 1093632K
[2020-12-28T10:13:59.064-0500][gc,heap        ] GC(23537)   class space    used 7457K, capacity 8250K, committed 8832K, reserved 1048576K
[2020-12-28T10:13:59.065-0500][gc,start       ] GC(23537) Pause Young (Normal) (G1 Evacuation Pause)
[2020-12-28T10:13:59.065-0500][gc,task        ] GC(23537) Using 8 workers of 8 for evacuation
[2020-12-28T10:13:59.068-0500][gc,phases      ] GC(23537)   Pre Evacuate Collection Set: 0.0ms
[2020-12-28T10:13:59.068-0500][gc,phases      ] GC(23537)   Evacuate Collection Set: 2.7ms
[2020-12-28T10:13:59.068-0500][gc,phases      ] GC(23537)   Post Evacuate Collection Set: 1.0ms
[2020-12-28T10:13:59.068-0500][gc,phases      ] GC(23537)   Other: 0.2ms
[2020-12-28T10:13:59.068-0500][gc,heap        ] GC(23537) Eden regions: 9->0(8)
[2020-12-28T10:13:59.068-0500][gc,heap        ] GC(23537) Survivor regions: 0->1(2)
[2020-12-28T10:13:59.068-0500][gc,heap        ] GC(23537) Old regions: 42->42
[2020-12-28T10:13:59.068-0500][gc,heap        ] GC(23537) Humongous regions: 4->4
[2020-12-28T10:13:59.068-0500][gc,metaspace   ] GC(23537) Metaspace: 50313K->50313K(1093632K)
[2020-12-28T10:13:59.068-0500][gc,heap        ] GC(23537) Heap after GC invocations=23538 (full 5396): garbage-first heap   total 64512K, used 43387K [0x0000000083000000, 0x0000000100000000)
[2020-12-28T10:13:59.068-0500][gc,heap        ] GC(23537)   region size 1024K, 1 young (1024K), 1 survivors (1024K)
[2020-12-28T10:13:59.068-0500][gc,heap        ] GC(23537)  Metaspace       used 50313K, capacity 52468K, committed 53888K, reserved 1093632K
[2020-12-28T10:13:59.068-0500][gc,heap        ] GC(23537)   class space    used 7457K, capacity 8250K, committed 8832K, reserved 1048576K
[2020-12-28T10:13:59.068-0500][gc             ] GC(23537) Pause Young (Normal) (G1 Evacuation Pause) 51M->42M(63M) 3.963ms
[2020-12-28T10:13:59.069-0500][gc,cpu         ] GC(23537) User=0.01s Sys=0.00s Real=0.01s
[2020-12-28T10:15:59.061-0500][gc,heap        ] GC(23538) Heap before GC invocations=23538 (full 5396): garbage-first heap   total 64512K, used 50555K [0x0000000083000000, 0x0000000100000000)
[2020-12-28T10:15:59.061-0500][gc,heap        ] GC(23538)   region size 1024K, 9 young (9216K), 1 survivors (1024K)
[2020-12-28T10:15:59.061-0500][gc,heap        ] GC(23538)  Metaspace       used 50313K, capacity 52468K, committed 53888K, reserved 1093632K
[2020-12-28T10:15:59.061-0500][gc,heap        ] GC(23538)   class space    used 7457K, capacity 8250K, committed 8832K, reserved 1048576K
[2020-12-28T10:15:59.062-0500][gc,start       ] GC(23538) Pause Young (Normal) (G1 Evacuation Pause)
[2020-12-28T10:15:59.062-0500][gc,task        ] GC(23538) Using 8 workers of 8 for evacuation
[2020-12-28T10:15:59.064-0500][gc,phases      ] GC(23538)   Pre Evacuate Collection Set: 0.0ms
[2020-12-28T10:15:59.064-0500][gc,phases      ] GC(23538)   Evacuate Collection Set: 0.6ms
[2020-12-28T10:15:59.064-0500][gc,phases      ] GC(23538)   Post Evacuate Collection Set: 1.5ms
[2020-12-28T10:15:59.064-0500][gc,phases      ] GC(23538)   Other: 0.3ms
[2020-12-28T10:15:59.064-0500][gc,heap        ] GC(23538) Eden regions: 8->0(8)
[2020-12-28T10:15:59.064-0500][gc,heap        ] GC(23538) Survivor regions: 1->1(2)
[2020-12-28T10:15:59.064-0500][gc,heap        ] GC(23538) Old regions: 42->42
[2020-12-28T10:15:59.064-0500][gc,heap        ] GC(23538) Humongous regions: 4->4
[2020-12-28T10:15:59.064-0500][gc,metaspace   ] GC(23538) Metaspace: 50313K->50313K(1093632K)
[2020-12-28T10:15:59.064-0500][gc,heap        ] GC(23538) Heap after GC invocations=23539 (full 5396): garbage-first heap   total 64512K, used 43388K [0x0000000083000000, 0x0000000100000000)
[2020-12-28T10:15:59.064-0500][gc,heap        ] GC(23538)   region size 1024K, 1 young (1024K), 1 survivors (1024K)
[2020-12-28T10:15:59.064-0500][gc,heap        ] GC(23538)  Metaspace       used 50313K, capacity 52468K, committed 53888K, reserved 1093632K
[2020-12-28T10:15:59.064-0500][gc,heap        ] GC(23538)   class space    used 7457K, capacity 8250K, committed 8832K, reserved 1048576K
[2020-12-28T10:15:59.064-0500][gc             ] GC(23538) Pause Young (Normal) (G1 Evacuation Pause) 50M->42M(63M) 2.382ms
[2020-12-28T10:15:59.064-0500][gc,cpu         ] GC(23538) User=0.00s Sys=0.01s Real=0.00s
[2020-12-28T10:16:45.190-0500][gc,task        ] GC(23539) Using 5 workers of 8 for full compaction
[2020-12-28T10:16:45.190-0500][gc,start       ] GC(23539) Pause Full (System.gc())
[2020-12-28T10:16:45.190-0500][gc,heap        ] GC(23539) Heap before GC invocations=23539 (full 5396): garbage-first heap   total 64512K, used 46460K [0x0000000083000000, 0x0000000100000000)
[2020-12-28T10:16:45.190-0500][gc,heap        ] GC(23539)   region size 1024K, 5 young (5120K), 1 survivors (1024K)
[2020-12-28T10:16:45.190-0500][gc,heap        ] GC(23539)  Metaspace       used 50313K, capacity 52468K, committed 53888K, reserved 1093632K
[2020-12-28T10:16:45.190-0500][gc,heap        ] GC(23539)   class space    used 7457K, capacity 8250K, committed 8832K, reserved 1048576K
[2020-12-28T10:16:45.191-0500][gc,phases,start] GC(23539) Phase 1: Mark live objects
[2020-12-28T10:16:45.228-0500][gc,stringtable ] GC(23539) Cleaned string and symbol table, strings: 33320 processed, 4 removed, symbols: 120973 processed, 0 removed
[2020-12-28T10:16:45.228-0500][gc,phases      ] GC(23539) Phase 1: Mark live objects 37.792ms
[2020-12-28T10:16:45.228-0500][gc,phases,start] GC(23539) Phase 2: Prepare for compaction
[2020-12-28T10:16:45.232-0500][gc,phases      ] GC(23539) Phase 2: Prepare for compaction 3.285ms
[2020-12-28T10:16:45.232-0500][gc,phases,start] GC(23539) Phase 3: Adjust pointers
[2020-12-28T10:16:45.242-0500][gc,phases      ] GC(23539) Phase 3: Adjust pointers 10.603ms
[2020-12-28T10:16:45.242-0500][gc,phases,start] GC(23539) Phase 4: Compact heap
[2020-12-28T10:16:45.245-0500][gc,phases      ] GC(23539) Phase 4: Compact heap 2.740ms
[2020-12-28T10:16:45.249-0500][gc,heap        ] GC(23539) Eden regions: 4->0(10)
[2020-12-28T10:16:45.249-0500][gc,heap        ] GC(23539) Survivor regions: 1->0(2)
[2020-12-28T10:16:45.249-0500][gc,heap        ] GC(23539) Old regions: 42->41
[2020-12-28T10:16:45.249-0500][gc,heap        ] GC(23539) Humongous regions: 4->4
[2020-12-28T10:16:45.249-0500][gc,metaspace   ] GC(23539) Metaspace: 50313K->50313K(1093632K)
[2020-12-28T10:16:45.249-0500][gc,heap        ] GC(23539) Heap after GC invocations=23540 (full 5397): garbage-first heap   total 64512K, used 43326K [0x0000000083000000, 0x0000000100000000)
[2020-12-28T10:16:45.250-0500][gc,heap        ] GC(23539)   region size 1024K, 0 young (0K), 0 survivors (0K)
[2020-12-28T10:16:45.250-0500][gc,heap        ] GC(23539)  Metaspace       used 50313K, capacity 52468K, committed 53888K, reserved 1093632K
[2020-12-28T10:16:45.250-0500][gc,heap        ] GC(23539)   class space    used 7457K, capacity 8250K, committed 8832K, reserved 1048576K
[2020-12-28T10:16:45.250-0500][gc             ] GC(23539) Pause Full (System.gc()) 45M->42M(63M) 59.665ms
[2020-12-28T10:16:45.250-0500][gc,cpu         ] GC(23539) User=0.27s Sys=0.00s Real=0.06s
[2020-12-28T10:19:09.061-0500][gc,heap        ] GC(23540) Heap before GC invocations=23540 (full 5397): garbage-first heap   total 64512K, used 52542K [0x0000000083000000, 0x0000000100000000)
[2020-12-28T10:19:09.061-0500][gc,heap        ] GC(23540)   region size 1024K, 10 young (10240K), 0 survivors (0K)
[2020-12-28T10:19:09.061-0500][gc,heap        ] GC(23540)  Metaspace       used 50313K, capacity 52468K, committed 53888K, reserved 1093632K
[2020-12-28T10:19:09.061-0500][gc,heap        ] GC(23540)   class space    used 7457K, capacity 8250K, committed 8832K, reserved 1048576K
[2020-12-28T10:19:09.061-0500][gc,start       ] GC(23540) Pause Young (Normal) (G1 Evacuation Pause)
[2020-12-28T10:19:09.061-0500][gc,task        ] GC(23540) Using 8 workers of 8 for evacuation
[2020-12-28T10:19:09.063-0500][gc,phases      ] GC(23540)   Pre Evacuate Collection Set: 0.0ms
[2020-12-28T10:19:09.063-0500][gc,phases      ] GC(23540)   Evacuate Collection Set: 0.5ms
[2020-12-28T10:19:09.063-0500][gc,phases      ] GC(23540)   Post Evacuate Collection Set: 1.1ms
[2020-12-28T10:19:09.063-0500][gc,phases      ] GC(23540)   Other: 0.2ms
[2020-12-28T10:19:09.063-0500][gc,heap        ] GC(23540) Eden regions: 10->0(9)
[2020-12-28T10:19:09.063-0500][gc,heap        ] GC(23540) Survivor regions: 0->1(2)
[2020-12-28T10:19:09.063-0500][gc,heap        ] GC(23540) Old regions: 41->41
[2020-12-28T10:19:09.063-0500][gc,heap        ] GC(23540) Humongous regions: 4->4
[2020-12-28T10:19:09.063-0500][gc,metaspace   ] GC(23540) Metaspace: 50313K->50313K(1093632K)
[2020-12-28T10:19:09.063-0500][gc,heap        ] GC(23540) Heap after GC invocations=23541 (full 5397): garbage-first heap   total 64512K, used 43390K [0x0000000083000000, 0x0000000100000000)
[2020-12-28T10:19:09.063-0500][gc,heap        ] GC(23540)   region size 1024K, 1 young (1024K), 1 survivors (1024K)
[2020-12-28T10:19:09.063-0500][gc,heap        ] GC(23540)  Metaspace       used 50313K, capacity 52468K, committed 53888K, reserved 1093632K
[2020-12-28T10:19:09.063-0500][gc,heap        ] GC(23540)   class space    used 7457K, capacity 8250K, committed 8832K, reserved 1048576K
[2020-12-28T10:19:09.063-0500][gc             ] GC(23540) Pause Young (Normal) (G1 Evacuation Pause) 52M->42M(63M) 1.852ms
[2020-12-28T10:19:09.063-0500][gc,cpu         ] GC(23540) User=0.00s Sys=0.00s Real=0.00s
[2020-12-28T10:21:29.060-0500][gc,heap        ] GC(23541) Heap before GC invocations=23541 (full 5397): garbage-first heap   total 64512K, used 52606K [0x0000000083000000, 0x0000000100000000)
[2020-12-28T10:21:29.060-0500][gc,heap        ] GC(23541)   region size 1024K, 10 young (10240K), 1 survivors (1024K)
[2020-12-28T10:21:29.060-0500][gc,heap        ] GC(23541)  Metaspace       used 50313K, capacity 52468K, committed 53888K, reserved 1093632K
[2020-12-28T10:21:29.060-0500][gc,heap        ] GC(23541)   class space    used 7457K, capacity 8250K, committed 8832K, reserved 1048576K
[2020-12-28T10:21:29.060-0500][gc,start       ] GC(23541) Pause Young (Normal) (G1 Evacuation Pause)
[2020-12-28T10:21:29.060-0500][gc,task        ] GC(23541) Using 8 workers of 8 for evacuation
[2020-12-28T10:21:29.062-0500][gc,phases      ] GC(23541)   Pre Evacuate Collection Set: 0.0ms
[2020-12-28T10:21:29.062-0500][gc,phases      ] GC(23541)   Evacuate Collection Set: 0.7ms
[2020-12-28T10:21:29.062-0500][gc,phases      ] GC(23541)   Post Evacuate Collection Set: 1.0ms
[2020-12-28T10:21:29.062-0500][gc,phases      ] GC(23541)   Other: 0.2ms
[2020-12-28T10:21:29.062-0500][gc,heap        ] GC(23541) Eden regions: 9->0(9)
[2020-12-28T10:21:29.062-0500][gc,heap        ] GC(23541) Survivor regions: 1->1(2)
[2020-12-28T10:21:29.062-0500][gc,heap        ] GC(23541) Old regions: 41->41
[2020-12-28T10:21:29.062-0500][gc,heap        ] GC(23541) Humongous regions: 4->4
[2020-12-28T10:21:29.062-0500][gc,metaspace   ] GC(23541) Metaspace: 50313K->50313K(1093632K)
[2020-12-28T10:21:29.062-0500][gc,heap        ] GC(23541) Heap after GC invocations=23542 (full 5397): garbage-first heap   total 64512K, used 43389K [0x0000000083000000, 0x0000000100000000)
[2020-12-28T10:21:29.062-0500][gc,heap        ] GC(23541)   region size 1024K, 1 young (1024K), 1 survivors (1024K)
[2020-12-28T10:21:29.062-0500][gc,heap        ] GC(23541)  Metaspace       used 50313K, capacity 52468K, committed 53888K, reserved 1093632K
[2020-12-28T10:21:29.062-0500][gc,heap        ] GC(23541)   class space    used 7457K, capacity 8250K, committed 8832K, reserved 1048576K
[2020-12-28T10:21:29.062-0500][gc             ] GC(23541) Pause Young (Normal) (G1 Evacuation Pause) 51M->42M(63M) 1.884ms
[2020-12-28T10:21:29.062-0500][gc,cpu         ] GC(23541) User=0.00s Sys=0.00s Real=0.00s
[2020-12-28T10:21:45.190-0500][gc,task        ] GC(23542) Using 5 workers of 8 for full compaction
[2020-12-28T10:21:45.190-0500][gc,start       ] GC(23542) Pause Full (System.gc())
[2020-12-28T10:21:45.190-0500][gc,heap        ] GC(23542) Heap before GC invocations=23542 (full 5397): garbage-first heap   total 64512K, used 44413K [0x0000000083000000, 0x0000000100000000)
[2020-12-28T10:21:45.190-0500][gc,heap        ] GC(23542)   region size 1024K, 3 young (3072K), 1 survivors (1024K)
[2020-12-28T10:21:45.190-0500][gc,heap        ] GC(23542)  Metaspace       used 50313K, capacity 52468K, committed 53888K, reserved 1093632K
[2020-12-28T10:21:45.190-0500][gc,heap        ] GC(23542)   class space    used 7457K, capacity 8250K, committed 8832K, reserved 1048576K
[2020-12-28T10:21:45.190-0500][gc,phases,start] GC(23542) Phase 1: Mark live objects
[2020-12-28T10:21:45.209-0500][gc,stringtable ] GC(23542) Cleaned string and symbol table, strings: 33320 processed, 4 removed, symbols: 120973 processed, 0 removed
[2020-12-28T10:21:45.209-0500][gc,phases      ] GC(23542) Phase 1: Mark live objects 18.734ms
[2020-12-28T10:21:45.209-0500][gc,phases,start] GC(23542) Phase 2: Prepare for compaction
[2020-12-28T10:21:45.212-0500][gc,phases      ] GC(23542) Phase 2: Prepare for compaction 3.227ms
[2020-12-28T10:21:45.212-0500][gc,phases,start] GC(23542) Phase 3: Adjust pointers
[2020-12-28T10:21:45.222-0500][gc,phases      ] GC(23542) Phase 3: Adjust pointers 9.488ms
[2020-12-28T10:21:45.222-0500][gc,phases,start] GC(23542) Phase 4: Compact heap
[2020-12-28T10:21:45.225-0500][gc,phases      ] GC(23542) Phase 4: Compact heap 2.863ms
[2020-12-28T10:21:45.229-0500][gc,heap        ] GC(23542) Eden regions: 2->0(10)
[2020-12-28T10:21:45.229-0500][gc,heap        ] GC(23542) Survivor regions: 1->0(2)
[2020-12-28T10:21:45.229-0500][gc,heap        ] GC(23542) Old regions: 41->41
[2020-12-28T10:21:45.229-0500][gc,heap        ] GC(23542) Humongous regions: 4->4
[2020-12-28T10:21:45.229-0500][gc,metaspace   ] GC(23542) Metaspace: 50313K->50313K(1093632K)
[2020-12-28T10:21:45.229-0500][gc,heap        ] GC(23542) Heap after GC invocations=23543 (full 5398): garbage-first heap   total 64512K, used 43311K [0x0000000083000000, 0x0000000100000000)
[2020-12-28T10:21:45.229-0500][gc,heap        ] GC(23542)   region size 1024K, 0 young (0K), 0 survivors (0K)
[2020-12-28T10:21:45.229-0500][gc,heap        ] GC(23542)  Metaspace       used 50313K, capacity 52468K, committed 53888K, reserved 1093632K
[2020-12-28T10:21:45.229-0500][gc,heap        ] GC(23542)   class space    used 7457K, capacity 8250K, committed 8832K, reserved 1048576K
[2020-12-28T10:21:45.229-0500][gc             ] GC(23542) Pause Full (System.gc()) 43M->42M(63M) 39.283ms
[2020-12-28T10:21:45.229-0500][gc,cpu         ] GC(23542) User=0.15s Sys=0.00s Real=0.04s
[2020-12-28T10:24:10.674-0500][gc,heap        ] GC(23543) Heap before GC invocations=23543 (full 5398): garbage-first heap   total 64512K, used 52527K [0x0000000083000000, 0x0000000100000000)
[2020-12-28T10:24:10.674-0500][gc,heap        ] GC(23543)   region size 1024K, 10 young (10240K), 0 survivors (0K)
[2020-12-28T10:24:10.674-0500][gc,heap        ] GC(23543)  Metaspace       used 50313K, capacity 52468K, committed 53888K, reserved 1093632K
[2020-12-28T10:24:10.674-0500][gc,heap        ] GC(23543)   class space    used 7457K, capacity 8250K, committed 8832K, reserved 1048576K
[2020-12-28T10:24:10.674-0500][gc,start       ] GC(23543) Pause Young (Normal) (G1 Evacuation Pause)
[2020-12-28T10:24:10.674-0500][gc,task        ] GC(23543) Using 8 workers of 8 for evacuation
[2020-12-28T10:24:10.681-0500][gc,phases      ] GC(23543)   Pre Evacuate Collection Set: 0.0ms
[2020-12-28T10:24:10.681-0500][gc,phases      ] GC(23543)   Evacuate Collection Set: 1.5ms
[2020-12-28T10:24:10.681-0500][gc,phases      ] GC(23543)   Post Evacuate Collection Set: 5.0ms
[2020-12-28T10:24:10.681-0500][gc,phases      ] GC(23543)   Other: 0.5ms
[2020-12-28T10:24:10.681-0500][gc,heap        ] GC(23543) Eden regions: 10->0(9)
[2020-12-28T10:24:10.681-0500][gc,heap        ] GC(23543) Survivor regions: 0->1(2)
[2020-12-28T10:24:10.681-0500][gc,heap        ] GC(23543) Old regions: 41->41
[2020-12-28T10:24:10.681-0500][gc,heap        ] GC(23543) Humongous regions: 4->4
[2020-12-28T10:24:10.681-0500][gc,metaspace   ] GC(23543) Metaspace: 50313K->50313K(1093632K)
[2020-12-28T10:24:10.681-0500][gc,heap        ] GC(23543) Heap after GC invocations=23544 (full 5398): garbage-first heap   total 64512K, used 43390K [0x0000000083000000, 0x0000000100000000)
[2020-12-28T10:24:10.681-0500][gc,heap        ] GC(23543)   region size 1024K, 1 young (1024K), 1 survivors (1024K)
[2020-12-28T10:24:10.681-0500][gc,heap        ] GC(23543)  Metaspace       used 50313K, capacity 52468K, committed 53888K, reserved 1093632K
[2020-12-28T10:24:10.681-0500][gc,heap        ] GC(23543)   class space    used 7457K, capacity 8250K, committed 8832K, reserved 1048576K
[2020-12-28T10:24:10.681-0500][gc             ] GC(23543) Pause Young (Normal) (G1 Evacuation Pause) 52M->42M(63M) 7.135ms
[2020-12-28T10:24:10.681-0500][gc,cpu         ] GC(23543) User=0.02s Sys=0.01s Real=0.01s
[2020-12-28T10:26:29.062-0500][gc,heap        ] GC(23544) Heap before GC invocations=23544 (full 5398): garbage-first heap   total 64512K, used 52606K [0x0000000083000000, 0x0000000100000000)
[2020-12-28T10:26:29.063-0500][gc,heap        ] GC(23544)   region size 1024K, 10 young (10240K), 1 survivors (1024K)
[2020-12-28T10:26:29.063-0500][gc,heap        ] GC(23544)  Metaspace       used 50313K, capacity 52468K, committed 53888K, reserved 1093632K
[2020-12-28T10:26:29.063-0500][gc,heap        ] GC(23544)   class space    used 7457K, capacity 8250K, committed 8832K, reserved 1048576K
[2020-12-28T10:26:29.063-0500][gc,start       ] GC(23544) Pause Young (Normal) (G1 Evacuation Pause)
[2020-12-28T10:26:29.063-0500][gc,task        ] GC(23544) Using 8 workers of 8 for evacuation
[2020-12-28T10:26:29.068-0500][gc,phases      ] GC(23544)   Pre Evacuate Collection Set: 0.0ms
[2020-12-28T10:26:29.068-0500][gc,phases      ] GC(23544)   Evacuate Collection Set: 1.6ms
[2020-12-28T10:26:29.068-0500][gc,phases      ] GC(23544)   Post Evacuate Collection Set: 3.3ms
[2020-12-28T10:26:29.068-0500][gc,phases      ] GC(23544)   Other: 0.5ms
[2020-12-28T10:26:29.068-0500][gc,heap        ] GC(23544) Eden regions: 9->0(9)
[2020-12-28T10:26:29.068-0500][gc,heap        ] GC(23544) Survivor regions: 1->1(2)
[2020-12-28T10:26:29.068-0500][gc,heap        ] GC(23544) Old regions: 41->41
[2020-12-28T10:26:29.068-0500][gc,heap        ] GC(23544) Humongous regions: 4->4
[2020-12-28T10:26:29.068-0500][gc,metaspace   ] GC(23544) Metaspace: 50313K->50313K(1093632K)
[2020-12-28T10:26:29.068-0500][gc,heap        ] GC(23544) Heap after GC invocations=23545 (full 5398): garbage-first heap   total 64512K, used 43376K [0x0000000083000000, 0x0000000100000000)
[2020-12-28T10:26:29.068-0500][gc,heap        ] GC(23544)   region size 1024K, 1 young (1024K), 1 survivors (1024K)
[2020-12-28T10:26:29.068-0500][gc,heap        ] GC(23544)  Metaspace       used 50313K, capacity 52468K, committed 53888K, reserved 1093632K
[2020-12-28T10:26:29.068-0500][gc,heap        ] GC(23544)   class space    used 7457K, capacity 8250K, committed 8832K, reserved 1048576K
[2020-12-28T10:26:29.068-0500][gc             ] GC(23544) Pause Young (Normal) (G1 Evacuation Pause) 51M->42M(63M) 5.643ms
[2020-12-28T10:26:29.068-0500][gc,cpu         ] GC(23544) User=0.01s Sys=0.01s Real=0.01s
[2020-12-28T10:26:45.191-0500][gc,task        ] GC(23545) Using 5 workers of 8 for full compaction
[2020-12-28T10:26:45.191-0500][gc,start       ] GC(23545) Pause Full (System.gc())
[2020-12-28T10:26:45.191-0500][gc,heap        ] GC(23545) Heap before GC invocations=23545 (full 5398): garbage-first heap   total 64512K, used 43376K [0x0000000083000000, 0x0000000100000000)
[2020-12-28T10:26:45.191-0500][gc,heap        ] GC(23545)   region size 1024K, 3 young (3072K), 1 survivors (1024K)
[2020-12-28T10:26:45.191-0500][gc,heap        ] GC(23545)  Metaspace       used 50313K, capacity 52468K, committed 53888K, reserved 1093632K
[2020-12-28T10:26:45.191-0500][gc,heap        ] GC(23545)   class space    used 7457K, capacity 8250K, committed 8832K, reserved 1048576K
[2020-12-28T10:26:45.192-0500][gc,phases,start] GC(23545) Phase 1: Mark live objects
[2020-12-28T10:26:45.234-0500][gc,stringtable ] GC(23545) Cleaned string and symbol table, strings: 33320 processed, 4 removed, symbols: 120973 processed, 0 removed
[2020-12-28T10:26:45.234-0500][gc,phases      ] GC(23545) Phase 1: Mark live objects 42.671ms
[2020-12-28T10:26:45.234-0500][gc,phases,start] GC(23545) Phase 2: Prepare for compaction
[2020-12-28T10:26:45.238-0500][gc,phases      ] GC(23545) Phase 2: Prepare for compaction 3.596ms
[2020-12-28T10:26:45.238-0500][gc,phases,start] GC(23545) Phase 3: Adjust pointers
[2020-12-28T10:26:45.248-0500][gc,phases      ] GC(23545) Phase 3: Adjust pointers 9.884ms
[2020-12-28T10:26:45.248-0500][gc,phases,start] GC(23545) Phase 4: Compact heap
[2020-12-28T10:26:45.251-0500][gc,phases      ] GC(23545) Phase 4: Compact heap 2.882ms
[2020-12-28T10:26:45.255-0500][gc,heap        ] GC(23545) Eden regions: 2->0(10)
[2020-12-28T10:26:45.255-0500][gc,heap        ] GC(23545) Survivor regions: 1->0(2)
[2020-12-28T10:26:45.255-0500][gc,heap        ] GC(23545) Old regions: 41->41
[2020-12-28T10:26:45.255-0500][gc,heap        ] GC(23545) Humongous regions: 4->4
[2020-12-28T10:26:45.255-0500][gc,metaspace   ] GC(23545) Metaspace: 50313K->50313K(1093632K)
[2020-12-28T10:26:45.255-0500][gc,heap        ] GC(23545) Heap after GC invocations=23546 (full 5399): garbage-first heap   total 64512K, used 43312K [0x0000000083000000, 0x0000000100000000)
[2020-12-28T10:26:45.255-0500][gc,heap        ] GC(23545)   region size 1024K, 0 young (0K), 0 survivors (0K)
[2020-12-28T10:26:45.255-0500][gc,heap        ] GC(23545)  Metaspace       used 50313K, capacity 52468K, committed 53888K, reserved 1093632K
[2020-12-28T10:26:45.255-0500][gc,heap        ] GC(23545)   class space    used 7457K, capacity 8250K, committed 8832K, reserved 1048576K
[2020-12-28T10:26:45.255-0500][gc             ] GC(23545) Pause Full (System.gc()) 43M->42M(63M) 64.274ms
[2020-12-28T10:26:45.255-0500][gc,cpu         ] GC(23545) User=0.28s Sys=0.00s Real=0.06s
[2020-12-28T10:29:12.332-0500][gc,heap        ] GC(23546) Heap before GC invocations=23546 (full 5399): garbage-first heap   total 64512K, used 52528K [0x0000000083000000, 0x0000000100000000)
[2020-12-28T10:29:12.332-0500][gc,heap        ] GC(23546)   region size 1024K, 10 young (10240K), 0 survivors (0K)
[2020-12-28T10:29:12.332-0500][gc,heap        ] GC(23546)  Metaspace       used 50313K, capacity 52468K, committed 53888K, reserved 1093632K
[2020-12-28T10:29:12.332-0500][gc,heap        ] GC(23546)   class space    used 7457K, capacity 8250K, committed 8832K, reserved 1048576K
[2020-12-28T10:29:12.332-0500][gc,start       ] GC(23546) Pause Young (Normal) (G1 Evacuation Pause)
[2020-12-28T10:29:12.332-0500][gc,task        ] GC(23546) Using 8 workers of 8 for evacuation
[2020-12-28T10:29:12.338-0500][gc,phases      ] GC(23546)   Pre Evacuate Collection Set: 0.0ms
[2020-12-28T10:29:12.339-0500][gc,phases      ] GC(23546)   Evacuate Collection Set: 1.7ms
[2020-12-28T10:29:12.339-0500][gc,phases      ] GC(23546)   Post Evacuate Collection Set: 4.2ms
[2020-12-28T10:29:12.339-0500][gc,phases      ] GC(23546)   Other: 0.5ms
[2020-12-28T10:29:12.339-0500][gc,heap        ] GC(23546) Eden regions: 10->0(9)
[2020-12-28T10:29:12.339-0500][gc,heap        ] GC(23546) Survivor regions: 0->1(2)
[2020-12-28T10:29:12.339-0500][gc,heap        ] GC(23546) Old regions: 41->41
[2020-12-28T10:29:12.339-0500][gc,heap        ] GC(23546) Humongous regions: 4->4
[2020-12-28T10:29:12.339-0500][gc,metaspace   ] GC(23546) Metaspace: 50313K->50313K(1093632K)
[2020-12-28T10:29:12.339-0500][gc,heap        ] GC(23546) Heap after GC invocations=23547 (full 5399): garbage-first heap   total 64512K, used 43381K [0x0000000083000000, 0x0000000100000000)
[2020-12-28T10:29:12.339-0500][gc,heap        ] GC(23546)   region size 1024K, 1 young (1024K), 1 survivors (1024K)
[2020-12-28T10:29:12.339-0500][gc,heap        ] GC(23546)  Metaspace       used 50313K, capacity 52468K, committed 53888K, reserved 1093632K
[2020-12-28T10:29:12.339-0500][gc,heap        ] GC(23546)   class space    used 7457K, capacity 8250K, committed 8832K, reserved 1048576K
[2020-12-28T10:29:12.339-0500][gc             ] GC(23546) Pause Young (Normal) (G1 Evacuation Pause) 52M->42M(63M) 6.659ms
[2020-12-28T10:29:12.339-0500][gc,cpu         ] GC(23546) User=0.02s Sys=0.01s Real=0.01s
[2020-12-28T10:31:29.068-0500][gc,heap        ] GC(23547) Heap before GC invocations=23547 (full 5399): garbage-first heap   total 64512K, used 51573K [0x0000000083000000, 0x0000000100000000)
[2020-12-28T10:31:29.068-0500][gc,heap        ] GC(23547)   region size 1024K, 10 young (10240K), 1 survivors (1024K)
[2020-12-28T10:31:29.068-0500][gc,heap        ] GC(23547)  Metaspace       used 50313K, capacity 52468K, committed 53888K, reserved 1093632K
[2020-12-28T10:31:29.068-0500][gc,heap        ] GC(23547)   class space    used 7457K, capacity 8250K, committed 8832K, reserved 1048576K
[2020-12-28T10:31:29.068-0500][gc,start       ] GC(23547) Pause Young (Normal) (G1 Evacuation Pause)
[2020-12-28T10:31:29.068-0500][gc,task        ] GC(23547) Using 8 workers of 8 for evacuation
[2020-12-28T10:31:29.074-0500][gc,phases      ] GC(23547)   Pre Evacuate Collection Set: 0.0ms
[2020-12-28T10:31:29.074-0500][gc,phases      ] GC(23547)   Evacuate Collection Set: 2.1ms
[2020-12-28T10:31:29.074-0500][gc,phases      ] GC(23547)   Post Evacuate Collection Set: 3.4ms
[2020-12-28T10:31:29.074-0500][gc,phases      ] GC(23547)   Other: 0.5ms
[2020-12-28T10:31:29.074-0500][gc,heap        ] GC(23547) Eden regions: 9->0(9)
[2020-12-28T10:31:29.074-0500][gc,heap        ] GC(23547) Survivor regions: 1->1(2)
[2020-12-28T10:31:29.074-0500][gc,heap        ] GC(23547) Old regions: 41->41
[2020-12-28T10:31:29.074-0500][gc,heap        ] GC(23547) Humongous regions: 4->4
[2020-12-28T10:31:29.074-0500][gc,metaspace   ] GC(23547) Metaspace: 50313K->50313K(1093632K)
[2020-12-28T10:31:29.074-0500][gc,heap        ] GC(23547) Heap after GC invocations=23548 (full 5399): garbage-first heap   total 64512K, used 43372K [0x0000000083000000, 0x0000000100000000)
[2020-12-28T10:31:29.074-0500][gc,heap        ] GC(23547)   region size 1024K, 1 young (1024K), 1 survivors (1024K)
[2020-12-28T10:31:29.074-0500][gc,heap        ] GC(23547)  Metaspace       used 50313K, capacity 52468K, committed 53888K, reserved 1093632K
[2020-12-28T10:31:29.074-0500][gc,heap        ] GC(23547)   class space    used 7457K, capacity 8250K, committed 8832K, reserved 1048576K
[2020-12-28T10:31:29.074-0500][gc             ] GC(23547) Pause Young (Normal) (G1 Evacuation Pause) 51M->42M(63M) 6.121ms
[2020-12-28T10:31:29.074-0500][gc,cpu         ] GC(23547) User=0.02s Sys=0.00s Real=0.00s
[2020-12-28T10:31:45.191-0500][gc,task        ] GC(23548) Using 5 workers of 8 for full compaction
[2020-12-28T10:31:45.191-0500][gc,start       ] GC(23548) Pause Full (System.gc())
[2020-12-28T10:31:45.192-0500][gc,heap        ] GC(23548) Heap before GC invocations=23548 (full 5399): garbage-first heap   total 64512K, used 43372K [0x0000000083000000, 0x0000000100000000)
[2020-12-28T10:31:45.192-0500][gc,heap        ] GC(23548)   region size 1024K, 2 young (2048K), 1 survivors (1024K)
[2020-12-28T10:31:45.192-0500][gc,heap        ] GC(23548)  Metaspace       used 50313K, capacity 52468K, committed 53888K, reserved 1093632K
[2020-12-28T10:31:45.192-0500][gc,heap        ] GC(23548)   class space    used 7457K, capacity 8250K, committed 8832K, reserved 1048576K
[2020-12-28T10:31:45.192-0500][gc,phases,start] GC(23548) Phase 1: Mark live objects
[2020-12-28T10:31:45.217-0500][gc,stringtable ] GC(23548) Cleaned string and symbol table, strings: 33320 processed, 4 removed, symbols: 120973 processed, 0 removed
[2020-12-28T10:31:45.217-0500][gc,phases      ] GC(23548) Phase 1: Mark live objects 24.673ms
[2020-12-28T10:31:45.217-0500][gc,phases,start] GC(23548) Phase 2: Prepare for compaction
[2020-12-28T10:31:45.221-0500][gc,phases      ] GC(23548) Phase 2: Prepare for compaction 4.058ms
[2020-12-28T10:31:45.221-0500][gc,phases,start] GC(23548) Phase 3: Adjust pointers
[2020-12-28T10:31:45.235-0500][gc,phases      ] GC(23548) Phase 3: Adjust pointers 14.425ms
[2020-12-28T10:31:45.235-0500][gc,phases,start] GC(23548) Phase 4: Compact heap
[2020-12-28T10:31:45.241-0500][gc,phases      ] GC(23548) Phase 4: Compact heap 5.039ms
[2020-12-28T10:31:45.246-0500][gc,heap        ] GC(23548) Eden regions: 1->0(10)
[2020-12-28T10:31:45.246-0500][gc,heap        ] GC(23548) Survivor regions: 1->0(2)
[2020-12-28T10:31:45.246-0500][gc,heap        ] GC(23548) Old regions: 41->41
[2020-12-28T10:31:45.246-0500][gc,heap        ] GC(23548) Humongous regions: 4->4
[2020-12-28T10:31:45.246-0500][gc,metaspace   ] GC(23548) Metaspace: 50313K->50313K(1093632K)
[2020-12-28T10:31:45.246-0500][gc,heap        ] GC(23548) Heap after GC invocations=23549 (full 5400): garbage-first heap   total 64512K, used 43311K [0x0000000083000000, 0x0000000100000000)
[2020-12-28T10:31:45.246-0500][gc,heap        ] GC(23548)   region size 1024K, 0 young (0K), 0 survivors (0K)
[2020-12-28T10:31:45.246-0500][gc,heap        ] GC(23548)  Metaspace       used 50313K, capacity 52468K, committed 53888K, reserved 1093632K
[2020-12-28T10:31:45.246-0500][gc,heap        ] GC(23548)   class space    used 7457K, capacity 8250K, committed 8832K, reserved 1048576K
[2020-12-28T10:31:45.246-0500][gc             ] GC(23548) Pause Full (System.gc()) 43M->42M(63M) 54.586ms
[2020-12-28T10:31:45.246-0500][gc,cpu         ] GC(23548) User=0.22s Sys=0.00s Real=0.05s
[2020-12-28T10:34:09.064-0500][gc,heap        ] GC(23549) Heap before GC invocations=23549 (full 5400): garbage-first heap   total 64512K, used 52527K [0x0000000083000000, 0x0000000100000000)
[2020-12-28T10:34:09.064-0500][gc,heap        ] GC(23549)   region size 1024K, 10 young (10240K), 0 survivors (0K)
[2020-12-28T10:34:09.064-0500][gc,heap        ] GC(23549)  Metaspace       used 50313K, capacity 52468K, committed 53888K, reserved 1093632K
[2020-12-28T10:34:09.064-0500][gc,heap        ] GC(23549)   class space    used 7457K, capacity 8250K, committed 8832K, reserved 1048576K
[2020-12-28T10:34:09.064-0500][gc,start       ] GC(23549) Pause Young (Normal) (G1 Evacuation Pause)
[2020-12-28T10:34:09.064-0500][gc,task        ] GC(23549) Using 8 workers of 8 for evacuation
[2020-12-28T10:34:09.066-0500][gc,phases      ] GC(23549)   Pre Evacuate Collection Set: 0.0ms
[2020-12-28T10:34:09.066-0500][gc,phases      ] GC(23549)   Evacuate Collection Set: 0.6ms
[2020-12-28T10:34:09.066-0500][gc,phases      ] GC(23549)   Post Evacuate Collection Set: 1.2ms
[2020-12-28T10:34:09.066-0500][gc,phases      ] GC(23549)   Other: 0.2ms
[2020-12-28T10:34:09.066-0500][gc,heap        ] GC(23549) Eden regions: 10->0(9)
[2020-12-28T10:34:09.066-0500][gc,heap        ] GC(23549) Survivor regions: 0->1(2)
[2020-12-28T10:34:09.066-0500][gc,heap        ] GC(23549) Old regions: 41->41
[2020-12-28T10:34:09.066-0500][gc,heap        ] GC(23549) Humongous regions: 4->4
[2020-12-28T10:34:09.066-0500][gc,metaspace   ] GC(23549) Metaspace: 50313K->50313K(1093632K)
[2020-12-28T10:34:09.066-0500][gc,heap        ] GC(23549) Heap after GC invocations=23550 (full 5400): garbage-first heap   total 64512K, used 43394K [0x0000000083000000, 0x0000000100000000)
[2020-12-28T10:34:09.066-0500][gc,heap        ] GC(23549)   region size 1024K, 1 young (1024K), 1 survivors (1024K)
[2020-12-28T10:34:09.066-0500][gc,heap        ] GC(23549)  Metaspace       used 50313K, capacity 52468K, committed 53888K, reserved 1093632K
[2020-12-28T10:34:09.066-0500][gc,heap        ] GC(23549)   class space    used 7457K, capacity 8250K, committed 8832K, reserved 1048576K
[2020-12-28T10:34:09.066-0500][gc             ] GC(23549) Pause Young (Normal) (G1 Evacuation Pause) 52M->42M(63M) 2.073ms
[2020-12-28T10:34:09.066-0500][gc,cpu         ] GC(23549) User=0.00s Sys=0.00s Real=0.00s
[2020-12-28T10:36:29.058-0500][gc,heap        ] GC(23550) Heap before GC invocations=23550 (full 5400): garbage-first heap   total 64512K, used 51586K [0x0000000083000000, 0x0000000100000000)
[2020-12-28T10:36:29.058-0500][gc,heap        ] GC(23550)   region size 1024K, 10 young (10240K), 1 survivors (1024K)
[2020-12-28T10:36:29.058-0500][gc,heap        ] GC(23550)  Metaspace       used 50313K, capacity 52468K, committed 53888K, reserved 1093632K
[2020-12-28T10:36:29.058-0500][gc,heap        ] GC(23550)   class space    used 7457K, capacity 8250K, committed 8832K, reserved 1048576K
[2020-12-28T10:36:29.058-0500][gc,start       ] GC(23550) Pause Young (Normal) (G1 Evacuation Pause)
[2020-12-28T10:36:29.058-0500][gc,task        ] GC(23550) Using 8 workers of 8 for evacuation
[2020-12-28T10:36:29.063-0500][gc,phases      ] GC(23550)   Pre Evacuate Collection Set: 0.0ms
[2020-12-28T10:36:29.063-0500][gc,phases      ] GC(23550)   Evacuate Collection Set: 1.1ms
[2020-12-28T10:36:29.063-0500][gc,phases      ] GC(23550)   Post Evacuate Collection Set: 3.5ms
[2020-12-28T10:36:29.063-0500][gc,phases      ] GC(23550)   Other: 0.3ms
[2020-12-28T10:36:29.063-0500][gc,heap        ] GC(23550) Eden regions: 9->0(9)
[2020-12-28T10:36:29.063-0500][gc,heap        ] GC(23550) Survivor regions: 1->1(2)
[2020-12-28T10:36:29.063-0500][gc,heap        ] GC(23550) Old regions: 41->41
[2020-12-28T10:36:29.063-0500][gc,heap        ] GC(23550) Humongous regions: 4->4
[2020-12-28T10:36:29.063-0500][gc,metaspace   ] GC(23550) Metaspace: 50313K->50313K(1093632K)
[2020-12-28T10:36:29.063-0500][gc,heap        ] GC(23550) Heap after GC invocations=23551 (full 5400): garbage-first heap   total 64512K, used 43393K [0x0000000083000000, 0x0000000100000000)
[2020-12-28T10:36:29.063-0500][gc,heap        ] GC(23550)   region size 1024K, 1 young (1024K), 1 survivors (1024K)
[2020-12-28T10:36:29.063-0500][gc,heap        ] GC(23550)  Metaspace       used 50313K, capacity 52468K, committed 53888K, reserved 1093632K
[2020-12-28T10:36:29.063-0500][gc,heap        ] GC(23550)   class space    used 7457K, capacity 8250K, committed 8832K, reserved 1048576K
[2020-12-28T10:36:29.063-0500][gc             ] GC(23550) Pause Young (Normal) (G1 Evacuation Pause) 51M->42M(63M) 4.915ms
[2020-12-28T10:36:29.063-0500][gc,cpu         ] GC(23550) User=0.00s Sys=0.00s Real=0.00s
[2020-12-28T10:36:45.191-0500][gc,task        ] GC(23551) Using 5 workers of 8 for full compaction
[2020-12-28T10:36:45.191-0500][gc,start       ] GC(23551) Pause Full (System.gc())
[2020-12-28T10:36:45.191-0500][gc,heap        ] GC(23551) Heap before GC invocations=23551 (full 5400): garbage-first heap   total 64512K, used 44417K [0x0000000083000000, 0x0000000100000000)
[2020-12-28T10:36:45.191-0500][gc,heap        ] GC(23551)   region size 1024K, 3 young (3072K), 1 survivors (1024K)
[2020-12-28T10:36:45.191-0500][gc,heap        ] GC(23551)  Metaspace       used 50313K, capacity 52468K, committed 53888K, reserved 1093632K
[2020-12-28T10:36:45.191-0500][gc,heap        ] GC(23551)   class space    used 7457K, capacity 8250K, committed 8832K, reserved 1048576K
[2020-12-28T10:36:45.191-0500][gc,phases,start] GC(23551) Phase 1: Mark live objects
[2020-12-28T10:36:45.216-0500][gc,stringtable ] GC(23551) Cleaned string and symbol table, strings: 33320 processed, 4 removed, symbols: 120973 processed, 0 removed
[2020-12-28T10:36:45.216-0500][gc,phases      ] GC(23551) Phase 1: Mark live objects 24.783ms
[2020-12-28T10:36:45.216-0500][gc,phases,start] GC(23551) Phase 2: Prepare for compaction
[2020-12-28T10:36:45.220-0500][gc,phases      ] GC(23551) Phase 2: Prepare for compaction 4.110ms
[2020-12-28T10:36:45.220-0500][gc,phases,start] GC(23551) Phase 3: Adjust pointers
[2020-12-28T10:36:45.231-0500][gc,phases      ] GC(23551) Phase 3: Adjust pointers 11.432ms
[2020-12-28T10:36:45.232-0500][gc,phases,start] GC(23551) Phase 4: Compact heap
[2020-12-28T10:36:45.235-0500][gc,phases      ] GC(23551) Phase 4: Compact heap 3.072ms
[2020-12-28T10:36:45.239-0500][gc,heap        ] GC(23551) Eden regions: 2->0(10)
[2020-12-28T10:36:45.239-0500][gc,heap        ] GC(23551) Survivor regions: 1->0(2)
[2020-12-28T10:36:45.239-0500][gc,heap        ] GC(23551) Old regions: 41->41
[2020-12-28T10:36:45.239-0500][gc,heap        ] GC(23551) Humongous regions: 4->4
[2020-12-28T10:36:45.239-0500][gc,metaspace   ] GC(23551) Metaspace: 50313K->50313K(1093632K)
[2020-12-28T10:36:45.239-0500][gc,heap        ] GC(23551) Heap after GC invocations=23552 (full 5401): garbage-first heap   total 64512K, used 43312K [0x0000000083000000, 0x0000000100000000)
[2020-12-28T10:36:45.239-0500][gc,heap        ] GC(23551)   region size 1024K, 0 young (0K), 0 survivors (0K)
[2020-12-28T10:36:45.239-0500][gc,heap        ] GC(23551)  Metaspace       used 50313K, capacity 52468K, committed 53888K, reserved 1093632K
[2020-12-28T10:36:45.239-0500][gc,heap        ] GC(23551)   class space    used 7457K, capacity 8250K, committed 8832K, reserved 1048576K
[2020-12-28T10:36:45.239-0500][gc             ] GC(23551) Pause Full (System.gc()) 43M->42M(63M) 48.361ms
[2020-12-28T10:36:45.239-0500][gc,cpu         ] GC(23551) User=0.18s Sys=0.00s Real=0.05s
[2020-12-28T10:39:09.061-0500][gc,heap        ] GC(23552) Heap before GC invocations=23552 (full 5401): garbage-first heap   total 64512K, used 53552K [0x0000000083000000, 0x0000000100000000)
[2020-12-28T10:39:09.061-0500][gc,heap        ] GC(23552)   region size 1024K, 10 young (10240K), 0 survivors (0K)
[2020-12-28T10:39:09.061-0500][gc,heap        ] GC(23552)  Metaspace       used 50313K, capacity 52468K, committed 53888K, reserved 1093632K
[2020-12-28T10:39:09.061-0500][gc,heap        ] GC(23552)   class space    used 7457K, capacity 8250K, committed 8832K, reserved 1048576K
[2020-12-28T10:39:09.061-0500][gc,start       ] GC(23552) Pause Young (Normal) (G1 Evacuation Pause)
[2020-12-28T10:39:09.061-0500][gc,task        ] GC(23552) Using 8 workers of 8 for evacuation
[2020-12-28T10:39:09.063-0500][gc,phases      ] GC(23552)   Pre Evacuate Collection Set: 0.0ms
[2020-12-28T10:39:09.063-0500][gc,phases      ] GC(23552)   Evacuate Collection Set: 0.6ms
[2020-12-28T10:39:09.063-0500][gc,phases      ] GC(23552)   Post Evacuate Collection Set: 1.2ms
[2020-12-28T10:39:09.063-0500][gc,phases      ] GC(23552)   Other: 0.2ms
[2020-12-28T10:39:09.063-0500][gc,heap        ] GC(23552) Eden regions: 10->0(9)
[2020-12-28T10:39:09.063-0500][gc,heap        ] GC(23552) Survivor regions: 0->1(2)
[2020-12-28T10:39:09.063-0500][gc,heap        ] GC(23552) Old regions: 41->41
[2020-12-28T10:39:09.063-0500][gc,heap        ] GC(23552) Humongous regions: 4->4
[2020-12-28T10:39:09.063-0500][gc,metaspace   ] GC(23552) Metaspace: 50313K->50313K(1093632K)
[2020-12-28T10:39:09.063-0500][gc,heap        ] GC(23552) Heap after GC invocations=23553 (full 5401): garbage-first heap   total 64512K, used 43380K [0x0000000083000000, 0x0000000100000000)
[2020-12-28T10:39:09.063-0500][gc,heap        ] GC(23552)   region size 1024K, 1 young (1024K), 1 survivors (1024K)
[2020-12-28T10:39:09.063-0500][gc,heap        ] GC(23552)  Metaspace       used 50313K, capacity 52468K, committed 53888K, reserved 1093632K
[2020-12-28T10:39:09.063-0500][gc,heap        ] GC(23552)   class space    used 7457K, capacity 8250K, committed 8832K, reserved 1048576K
[2020-12-28T10:39:09.063-0500][gc             ] GC(23552) Pause Young (Normal) (G1 Evacuation Pause) 52M->42M(63M) 2.003ms
[2020-12-28T10:39:09.063-0500][gc,cpu         ] GC(23552) User=0.00s Sys=0.00s Real=0.00s
[2020-12-28T10:41:25.805-0500][gc,heap        ] GC(23553) Heap before GC invocations=23553 (full 5401): garbage-first heap   total 64512K, used 51572K [0x0000000083000000, 0x0000000100000000)
[2020-12-28T10:41:25.805-0500][gc,heap        ] GC(23553)   region size 1024K, 10 young (10240K), 1 survivors (1024K)
[2020-12-28T10:41:25.806-0500][gc,heap        ] GC(23553)  Metaspace       used 50313K, capacity 52468K, committed 53888K, reserved 1093632K
[2020-12-28T10:41:25.806-0500][gc,heap        ] GC(23553)   class space    used 7457K, capacity 8250K, committed 8832K, reserved 1048576K
[2020-12-28T10:41:25.806-0500][gc,start       ] GC(23553) Pause Young (Normal) (G1 Evacuation Pause)
[2020-12-28T10:41:25.806-0500][gc,task        ] GC(23553) Using 8 workers of 8 for evacuation
[2020-12-28T10:41:25.815-0500][gc,phases      ] GC(23553)   Pre Evacuate Collection Set: 0.0ms
[2020-12-28T10:41:25.815-0500][gc,phases      ] GC(23553)   Evacuate Collection Set: 2.5ms
[2020-12-28T10:41:25.815-0500][gc,phases      ] GC(23553)   Post Evacuate Collection Set: 6.5ms
[2020-12-28T10:41:25.815-0500][gc,phases      ] GC(23553)   Other: 0.7ms
[2020-12-28T10:41:25.815-0500][gc,heap        ] GC(23553) Eden regions: 9->0(9)
[2020-12-28T10:41:25.815-0500][gc,heap        ] GC(23553) Survivor regions: 1->1(2)
[2020-12-28T10:41:25.815-0500][gc,heap        ] GC(23553) Old regions: 41->41
[2020-12-28T10:41:25.815-0500][gc,heap        ] GC(23553) Humongous regions: 4->4
[2020-12-28T10:41:25.815-0500][gc,metaspace   ] GC(23553) Metaspace: 50313K->50313K(1093632K)
[2020-12-28T10:41:25.815-0500][gc,heap        ] GC(23553) Heap after GC invocations=23554 (full 5401): garbage-first heap   total 64512K, used 43373K [0x0000000083000000, 0x0000000100000000)
[2020-12-28T10:41:25.815-0500][gc,heap        ] GC(23553)   region size 1024K, 1 young (1024K), 1 survivors (1024K)
[2020-12-28T10:41:25.815-0500][gc,heap        ] GC(23553)  Metaspace       used 50313K, capacity 52468K, committed 53888K, reserved 1093632K
[2020-12-28T10:41:25.815-0500][gc,heap        ] GC(23553)   class space    used 7457K, capacity 8250K, committed 8832K, reserved 1048576K
[2020-12-28T10:41:25.815-0500][gc             ] GC(23553) Pause Young (Normal) (G1 Evacuation Pause) 51M->42M(63M) 9.734ms
[2020-12-28T10:41:25.816-0500][gc,cpu         ] GC(23553) User=0.03s Sys=0.00s Real=0.01s
[2020-12-28T10:41:45.191-0500][gc,task        ] GC(23554) Using 5 workers of 8 for full compaction
[2020-12-28T10:41:45.191-0500][gc,start       ] GC(23554) Pause Full (System.gc())
[2020-12-28T10:41:45.191-0500][gc,heap        ] GC(23554) Heap before GC invocations=23554 (full 5401): garbage-first heap   total 64512K, used 44397K [0x0000000083000000, 0x0000000100000000)
[2020-12-28T10:41:45.191-0500][gc,heap        ] GC(23554)   region size 1024K, 3 young (3072K), 1 survivors (1024K)
[2020-12-28T10:41:45.191-0500][gc,heap        ] GC(23554)  Metaspace       used 50313K, capacity 52468K, committed 53888K, reserved 1093632K
[2020-12-28T10:41:45.191-0500][gc,heap        ] GC(23554)   class space    used 7457K, capacity 8250K, committed 8832K, reserved 1048576K
[2020-12-28T10:41:45.192-0500][gc,phases,start] GC(23554) Phase 1: Mark live objects
[2020-12-28T10:41:45.227-0500][gc,stringtable ] GC(23554) Cleaned string and symbol table, strings: 33320 processed, 4 removed, symbols: 120973 processed, 0 removed
[2020-12-28T10:41:45.228-0500][gc,phases      ] GC(23554) Phase 1: Mark live objects 35.366ms
[2020-12-28T10:41:45.228-0500][gc,phases,start] GC(23554) Phase 2: Prepare for compaction
[2020-12-28T10:41:45.233-0500][gc,phases      ] GC(23554) Phase 2: Prepare for compaction 5.667ms
[2020-12-28T10:41:45.233-0500][gc,phases,start] GC(23554) Phase 3: Adjust pointers
[2020-12-28T10:41:45.244-0500][gc,phases      ] GC(23554) Phase 3: Adjust pointers 10.601ms
[2020-12-28T10:41:45.244-0500][gc,phases,start] GC(23554) Phase 4: Compact heap
[2020-12-28T10:41:45.247-0500][gc,phases      ] GC(23554) Phase 4: Compact heap 2.576ms
[2020-12-28T10:41:45.251-0500][gc,heap        ] GC(23554) Eden regions: 2->0(10)
[2020-12-28T10:41:45.251-0500][gc,heap        ] GC(23554) Survivor regions: 1->0(2)
[2020-12-28T10:41:45.251-0500][gc,heap        ] GC(23554) Old regions: 41->41
[2020-12-28T10:41:45.251-0500][gc,heap        ] GC(23554) Humongous regions: 4->4
[2020-12-28T10:41:45.252-0500][gc,metaspace   ] GC(23554) Metaspace: 50313K->50313K(1093632K)
[2020-12-28T10:41:45.252-0500][gc,heap        ] GC(23554) Heap after GC invocations=23555 (full 5402): garbage-first heap   total 64512K, used 43312K [0x0000000083000000, 0x0000000100000000)
[2020-12-28T10:41:45.252-0500][gc,heap        ] GC(23554)   region size 1024K, 0 young (0K), 0 survivors (0K)
[2020-12-28T10:41:45.252-0500][gc,heap        ] GC(23554)  Metaspace       used 50313K, capacity 52468K, committed 53888K, reserved 1093632K
[2020-12-28T10:41:45.252-0500][gc,heap        ] GC(23554)   class space    used 7457K, capacity 8250K, committed 8832K, reserved 1048576K
[2020-12-28T10:41:45.252-0500][gc             ] GC(23554) Pause Full (System.gc()) 43M->42M(63M) 60.378ms
[2020-12-28T10:41:45.252-0500][gc,cpu         ] GC(23554) User=0.26s Sys=0.00s Real=0.06s
[2020-12-28T10:44:14.704-0500][gc,heap        ] GC(23555) Heap before GC invocations=23555 (full 5402): garbage-first heap   total 64512K, used 52528K [0x0000000083000000, 0x0000000100000000)
[2020-12-28T10:44:14.705-0500][gc,heap        ] GC(23555)   region size 1024K, 10 young (10240K), 0 survivors (0K)
[2020-12-28T10:44:14.705-0500][gc,heap        ] GC(23555)  Metaspace       used 50313K, capacity 52468K, committed 53888K, reserved 1093632K
[2020-12-28T10:44:14.705-0500][gc,heap        ] GC(23555)   class space    used 7457K, capacity 8250K, committed 8832K, reserved 1048576K
[2020-12-28T10:44:14.705-0500][gc,start       ] GC(23555) Pause Young (Normal) (G1 Evacuation Pause)
[2020-12-28T10:44:14.705-0500][gc,task        ] GC(23555) Using 8 workers of 8 for evacuation
[2020-12-28T10:44:14.711-0500][gc,phases      ] GC(23555)   Pre Evacuate Collection Set: 0.0ms
[2020-12-28T10:44:14.712-0500][gc,phases      ] GC(23555)   Evacuate Collection Set: 2.9ms
[2020-12-28T10:44:14.712-0500][gc,phases      ] GC(23555)   Post Evacuate Collection Set: 3.4ms
[2020-12-28T10:44:14.712-0500][gc,phases      ] GC(23555)   Other: 0.8ms
[2020-12-28T10:44:14.712-0500][gc,heap        ] GC(23555) Eden regions: 10->0(9)
[2020-12-28T10:44:14.712-0500][gc,heap        ] GC(23555) Survivor regions: 0->1(2)
[2020-12-28T10:44:14.712-0500][gc,heap        ] GC(23555) Old regions: 41->41
[2020-12-28T10:44:14.712-0500][gc,heap        ] GC(23555) Humongous regions: 4->4
[2020-12-28T10:44:14.712-0500][gc,metaspace   ] GC(23555) Metaspace: 50313K->50313K(1093632K)
[2020-12-28T10:44:14.712-0500][gc,heap        ] GC(23555) Heap after GC invocations=23556 (full 5402): garbage-first heap   total 64512K, used 43372K [0x0000000083000000, 0x0000000100000000)
[2020-12-28T10:44:14.712-0500][gc,heap        ] GC(23555)   region size 1024K, 1 young (1024K), 1 survivors (1024K)
[2020-12-28T10:44:14.712-0500][gc,heap        ] GC(23555)  Metaspace       used 50313K, capacity 52468K, committed 53888K, reserved 1093632K
[2020-12-28T10:44:14.712-0500][gc,heap        ] GC(23555)   class space    used 7457K, capacity 8250K, committed 8832K, reserved 1048576K
[2020-12-28T10:44:14.712-0500][gc             ] GC(23555) Pause Young (Normal) (G1 Evacuation Pause) 52M->42M(63M) 7.053ms
[2020-12-28T10:44:14.712-0500][gc,cpu         ] GC(23555) User=0.02s Sys=0.00s Real=0.01s
[2020-12-28T10:46:29.059-0500][gc,heap        ] GC(23556) Heap before GC invocations=23556 (full 5402): garbage-first heap   total 64512K, used 52588K [0x0000000083000000, 0x0000000100000000)
[2020-12-28T10:46:29.059-0500][gc,heap        ] GC(23556)   region size 1024K, 10 young (10240K), 1 survivors (1024K)
[2020-12-28T10:46:29.059-0500][gc,heap        ] GC(23556)  Metaspace       used 50313K, capacity 52468K, committed 53888K, reserved 1093632K
[2020-12-28T10:46:29.059-0500][gc,heap        ] GC(23556)   class space    used 7457K, capacity 8250K, committed 8832K, reserved 1048576K
[2020-12-28T10:46:29.059-0500][gc,start       ] GC(23556) Pause Young (Normal) (G1 Evacuation Pause)
[2020-12-28T10:46:29.059-0500][gc,task        ] GC(23556) Using 8 workers of 8 for evacuation
[2020-12-28T10:46:29.064-0500][gc,phases      ] GC(23556)   Pre Evacuate Collection Set: 0.0ms
[2020-12-28T10:46:29.064-0500][gc,phases      ] GC(23556)   Evacuate Collection Set: 2.5ms
[2020-12-28T10:46:29.064-0500][gc,phases      ] GC(23556)   Post Evacuate Collection Set: 1.6ms
[2020-12-28T10:46:29.064-0500][gc,phases      ] GC(23556)   Other: 0.2ms
[2020-12-28T10:46:29.064-0500][gc,heap        ] GC(23556) Eden regions: 9->0(9)
[2020-12-28T10:46:29.064-0500][gc,heap        ] GC(23556) Survivor regions: 1->1(2)
[2020-12-28T10:46:29.064-0500][gc,heap        ] GC(23556) Old regions: 41->41
[2020-12-28T10:46:29.064-0500][gc,heap        ] GC(23556) Humongous regions: 4->4
[2020-12-28T10:46:29.064-0500][gc,metaspace   ] GC(23556) Metaspace: 50313K->50313K(1093632K)
[2020-12-28T10:46:29.064-0500][gc,heap        ] GC(23556) Heap after GC invocations=23557 (full 5402): garbage-first heap   total 64512K, used 43380K [0x0000000083000000, 0x0000000100000000)
[2020-12-28T10:46:29.064-0500][gc,heap        ] GC(23556)   region size 1024K, 1 young (1024K), 1 survivors (1024K)
[2020-12-28T10:46:29.064-0500][gc,heap        ] GC(23556)  Metaspace       used 50313K, capacity 52468K, committed 53888K, reserved 1093632K
[2020-12-28T10:46:29.064-0500][gc,heap        ] GC(23556)   class space    used 7457K, capacity 8250K, committed 8832K, reserved 1048576K
[2020-12-28T10:46:29.064-0500][gc             ] GC(23556) Pause Young (Normal) (G1 Evacuation Pause) 51M->42M(63M) 4.345ms
[2020-12-28T10:46:29.064-0500][gc,cpu         ] GC(23556) User=0.02s Sys=0.01s Real=0.00s
[2020-12-28T10:46:45.191-0500][gc,task        ] GC(23557) Using 5 workers of 8 for full compaction
[2020-12-28T10:46:45.191-0500][gc,start       ] GC(23557) Pause Full (System.gc())
[2020-12-28T10:46:45.191-0500][gc,heap        ] GC(23557) Heap before GC invocations=23557 (full 5402): garbage-first heap   total 64512K, used 43380K [0x0000000083000000, 0x0000000100000000)
[2020-12-28T10:46:45.191-0500][gc,heap        ] GC(23557)   region size 1024K, 3 young (3072K), 1 survivors (1024K)
[2020-12-28T10:46:45.191-0500][gc,heap        ] GC(23557)  Metaspace       used 50313K, capacity 52468K, committed 53888K, reserved 1093632K
[2020-12-28T10:46:45.191-0500][gc,heap        ] GC(23557)   class space    used 7457K, capacity 8250K, committed 8832K, reserved 1048576K
[2020-12-28T10:46:45.191-0500][gc,phases,start] GC(23557) Phase 1: Mark live objects
[2020-12-28T10:46:45.216-0500][gc,stringtable ] GC(23557) Cleaned string and symbol table, strings: 33320 processed, 4 removed, symbols: 120973 processed, 0 removed
[2020-12-28T10:46:45.216-0500][gc,phases      ] GC(23557) Phase 1: Mark live objects 25.036ms
[2020-12-28T10:46:45.216-0500][gc,phases,start] GC(23557) Phase 2: Prepare for compaction
[2020-12-28T10:46:45.221-0500][gc,phases      ] GC(23557) Phase 2: Prepare for compaction 4.524ms
[2020-12-28T10:46:45.221-0500][gc,phases,start] GC(23557) Phase 3: Adjust pointers
[2020-12-28T10:46:45.234-0500][gc,phases      ] GC(23557) Phase 3: Adjust pointers 13.396ms
[2020-12-28T10:46:45.234-0500][gc,phases,start] GC(23557) Phase 4: Compact heap
[2020-12-28T10:46:45.238-0500][gc,phases      ] GC(23557) Phase 4: Compact heap 3.242ms
[2020-12-28T10:46:45.242-0500][gc,heap        ] GC(23557) Eden regions: 2->0(10)
[2020-12-28T10:46:45.242-0500][gc,heap        ] GC(23557) Survivor regions: 1->0(2)
[2020-12-28T10:46:45.242-0500][gc,heap        ] GC(23557) Old regions: 41->41
[2020-12-28T10:46:45.242-0500][gc,heap        ] GC(23557) Humongous regions: 4->4
[2020-12-28T10:46:45.242-0500][gc,metaspace   ] GC(23557) Metaspace: 50313K->50313K(1093632K)
[2020-12-28T10:46:45.242-0500][gc,heap        ] GC(23557) Heap after GC invocations=23558 (full 5403): garbage-first heap   total 64512K, used 43312K [0x0000000083000000, 0x0000000100000000)
[2020-12-28T10:46:45.242-0500][gc,heap        ] GC(23557)   region size 1024K, 0 young (0K), 0 survivors (0K)
[2020-12-28T10:46:45.242-0500][gc,heap        ] GC(23557)  Metaspace       used 50313K, capacity 52468K, committed 53888K, reserved 1093632K
[2020-12-28T10:46:45.242-0500][gc,heap        ] GC(23557)   class space    used 7457K, capacity 8250K, committed 8832K, reserved 1048576K
[2020-12-28T10:46:45.242-0500][gc             ] GC(23557) Pause Full (System.gc()) 43M->42M(63M) 51.574ms
[2020-12-28T10:46:45.243-0500][gc,cpu         ] GC(23557) User=0.21s Sys=0.00s Real=0.05s
[2020-12-28T10:49:14.775-0500][gc,heap        ] GC(23558) Heap before GC invocations=23558 (full 5403): garbage-first heap   total 64512K, used 52528K [0x0000000083000000, 0x0000000100000000)
[2020-12-28T10:49:14.775-0500][gc,heap        ] GC(23558)   region size 1024K, 10 young (10240K), 0 survivors (0K)
[2020-12-28T10:49:14.775-0500][gc,heap        ] GC(23558)  Metaspace       used 50313K, capacity 52468K, committed 53888K, reserved 1093632K
[2020-12-28T10:49:14.775-0500][gc,heap        ] GC(23558)   class space    used 7457K, capacity 8250K, committed 8832K, reserved 1048576K
[2020-12-28T10:49:14.775-0500][gc,start       ] GC(23558) Pause Young (Normal) (G1 Evacuation Pause)
[2020-12-28T10:49:14.775-0500][gc,task        ] GC(23558) Using 8 workers of 8 for evacuation
[2020-12-28T10:49:14.779-0500][gc,phases      ] GC(23558)   Pre Evacuate Collection Set: 0.0ms
[2020-12-28T10:49:14.779-0500][gc,phases      ] GC(23558)   Evacuate Collection Set: 1.8ms
[2020-12-28T10:49:14.779-0500][gc,phases      ] GC(23558)   Post Evacuate Collection Set: 1.5ms
[2020-12-28T10:49:14.779-0500][gc,phases      ] GC(23558)   Other: 0.3ms
[2020-12-28T10:49:14.779-0500][gc,heap        ] GC(23558) Eden regions: 10->0(9)
[2020-12-28T10:49:14.779-0500][gc,heap        ] GC(23558) Survivor regions: 0->1(2)
[2020-12-28T10:49:14.779-0500][gc,heap        ] GC(23558) Old regions: 41->41
[2020-12-28T10:49:14.779-0500][gc,heap        ] GC(23558) Humongous regions: 4->4
[2020-12-28T10:49:14.779-0500][gc,metaspace   ] GC(23558) Metaspace: 50313K->50313K(1093632K)
[2020-12-28T10:49:14.779-0500][gc,heap        ] GC(23558) Heap after GC invocations=23559 (full 5403): garbage-first heap   total 64512K, used 43375K [0x0000000083000000, 0x0000000100000000)
[2020-12-28T10:49:14.779-0500][gc,heap        ] GC(23558)   region size 1024K, 1 young (1024K), 1 survivors (1024K)
[2020-12-28T10:49:14.779-0500][gc,heap        ] GC(23558)  Metaspace       used 50313K, capacity 52468K, committed 53888K, reserved 1093632K
[2020-12-28T10:49:14.779-0500][gc,heap        ] GC(23558)   class space    used 7457K, capacity 8250K, committed 8832K, reserved 1048576K
[2020-12-28T10:49:14.779-0500][gc             ] GC(23558) Pause Young (Normal) (G1 Evacuation Pause) 52M->42M(63M) 3.849ms
[2020-12-28T10:49:14.779-0500][gc,cpu         ] GC(23558) User=0.00s Sys=0.00s Real=0.01s
[2020-12-28T10:51:29.059-0500][gc,heap        ] GC(23559) Heap before GC invocations=23559 (full 5403): garbage-first heap   total 64512K, used 52591K [0x0000000083000000, 0x0000000100000000)
[2020-12-28T10:51:29.059-0500][gc,heap        ] GC(23559)   region size 1024K, 10 young (10240K), 1 survivors (1024K)
[2020-12-28T10:51:29.059-0500][gc,heap        ] GC(23559)  Metaspace       used 50313K, capacity 52468K, committed 53888K, reserved 1093632K
[2020-12-28T10:51:29.059-0500][gc,heap        ] GC(23559)   class space    used 7457K, capacity 8250K, committed 8832K, reserved 1048576K
[2020-12-28T10:51:29.059-0500][gc,start       ] GC(23559) Pause Young (Normal) (G1 Evacuation Pause)
[2020-12-28T10:51:29.059-0500][gc,task        ] GC(23559) Using 8 workers of 8 for evacuation
[2020-12-28T10:51:29.066-0500][gc,phases      ] GC(23559)   Pre Evacuate Collection Set: 0.0ms
[2020-12-28T10:51:29.066-0500][gc,phases      ] GC(23559)   Evacuate Collection Set: 0.6ms
[2020-12-28T10:51:29.066-0500][gc,phases      ] GC(23559)   Post Evacuate Collection Set: 6.1ms
[2020-12-28T10:51:29.066-0500][gc,phases      ] GC(23559)   Other: 0.3ms
[2020-12-28T10:51:29.066-0500][gc,heap        ] GC(23559) Eden regions: 9->0(9)
[2020-12-28T10:51:29.066-0500][gc,heap        ] GC(23559) Survivor regions: 1->1(2)
[2020-12-28T10:51:29.066-0500][gc,heap        ] GC(23559) Old regions: 41->41
[2020-12-28T10:51:29.066-0500][gc,heap        ] GC(23559) Humongous regions: 4->4
[2020-12-28T10:51:29.066-0500][gc,metaspace   ] GC(23559) Metaspace: 50313K->50313K(1093632K)
[2020-12-28T10:51:29.066-0500][gc,heap        ] GC(23559) Heap after GC invocations=23560 (full 5403): garbage-first heap   total 64512K, used 43397K [0x0000000083000000, 0x0000000100000000)
[2020-12-28T10:51:29.066-0500][gc,heap        ] GC(23559)   region size 1024K, 1 young (1024K), 1 survivors (1024K)
[2020-12-28T10:51:29.066-0500][gc,heap        ] GC(23559)  Metaspace       used 50313K, capacity 52468K, committed 53888K, reserved 1093632K
[2020-12-28T10:51:29.066-0500][gc,heap        ] GC(23559)   class space    used 7457K, capacity 8250K, committed 8832K, reserved 1048576K
[2020-12-28T10:51:29.066-0500][gc             ] GC(23559) Pause Young (Normal) (G1 Evacuation Pause) 51M->42M(63M) 7.103ms
[2020-12-28T10:51:29.066-0500][gc,cpu         ] GC(23559) User=0.04s Sys=0.00s Real=0.00s
[2020-12-28T10:51:45.191-0500][gc,task        ] GC(23560) Using 5 workers of 8 for full compaction
[2020-12-28T10:51:45.191-0500][gc,start       ] GC(23560) Pause Full (System.gc())
[2020-12-28T10:51:45.191-0500][gc,heap        ] GC(23560) Heap before GC invocations=23560 (full 5403): garbage-first heap   total 64512K, used 44421K [0x0000000083000000, 0x0000000100000000)
[2020-12-28T10:51:45.191-0500][gc,heap        ] GC(23560)   region size 1024K, 3 young (3072K), 1 survivors (1024K)
[2020-12-28T10:51:45.191-0500][gc,heap        ] GC(23560)  Metaspace       used 50313K, capacity 52468K, committed 53888K, reserved 1093632K
[2020-12-28T10:51:45.191-0500][gc,heap        ] GC(23560)   class space    used 7457K, capacity 8250K, committed 8832K, reserved 1048576K
[2020-12-28T10:51:45.191-0500][gc,phases,start] GC(23560) Phase 1: Mark live objects
[2020-12-28T10:51:45.220-0500][gc,stringtable ] GC(23560) Cleaned string and symbol table, strings: 33320 processed, 4 removed, symbols: 120973 processed, 0 removed
[2020-12-28T10:51:45.221-0500][gc,phases      ] GC(23560) Phase 1: Mark live objects 29.667ms
[2020-12-28T10:51:45.221-0500][gc,phases,start] GC(23560) Phase 2: Prepare for compaction
[2020-12-28T10:51:45.226-0500][gc,phases      ] GC(23560) Phase 2: Prepare for compaction 5.606ms
[2020-12-28T10:51:45.226-0500][gc,phases,start] GC(23560) Phase 3: Adjust pointers
[2020-12-28T10:51:45.240-0500][gc,phases      ] GC(23560) Phase 3: Adjust pointers 14.111ms
[2020-12-28T10:51:45.240-0500][gc,phases,start] GC(23560) Phase 4: Compact heap
[2020-12-28T10:51:45.243-0500][gc,phases      ] GC(23560) Phase 4: Compact heap 2.791ms
[2020-12-28T10:51:45.250-0500][gc,heap        ] GC(23560) Eden regions: 2->0(10)
[2020-12-28T10:51:45.250-0500][gc,heap        ] GC(23560) Survivor regions: 1->0(2)
[2020-12-28T10:51:45.250-0500][gc,heap        ] GC(23560) Old regions: 41->41
[2020-12-28T10:51:45.250-0500][gc,heap        ] GC(23560) Humongous regions: 4->4
[2020-12-28T10:51:45.250-0500][gc,metaspace   ] GC(23560) Metaspace: 50313K->50313K(1093632K)
[2020-12-28T10:51:45.250-0500][gc,heap        ] GC(23560) Heap after GC invocations=23561 (full 5404): garbage-first heap   total 64512K, used 43313K [0x0000000083000000, 0x0000000100000000)
[2020-12-28T10:51:45.250-0500][gc,heap        ] GC(23560)   region size 1024K, 0 young (0K), 0 survivors (0K)
[2020-12-28T10:51:45.250-0500][gc,heap        ] GC(23560)  Metaspace       used 50313K, capacity 52468K, committed 53888K, reserved 1093632K
[2020-12-28T10:51:45.250-0500][gc,heap        ] GC(23560)   class space    used 7457K, capacity 8250K, committed 8832K, reserved 1048576K
[2020-12-28T10:51:45.250-0500][gc             ] GC(23560) Pause Full (System.gc()) 43M->42M(63M) 59.894ms
[2020-12-28T10:51:45.251-0500][gc,cpu         ] GC(23560) User=0.25s Sys=0.00s Real=0.06s
[2020-12-28T10:54:11.405-0500][gc,heap        ] GC(23561) Heap before GC invocations=23561 (full 5404): garbage-first heap   total 64512K, used 53553K [0x0000000083000000, 0x0000000100000000)
[2020-12-28T10:54:11.405-0500][gc,heap        ] GC(23561)   region size 1024K, 10 young (10240K), 0 survivors (0K)
[2020-12-28T10:54:11.405-0500][gc,heap        ] GC(23561)  Metaspace       used 50313K, capacity 52468K, committed 53888K, reserved 1093632K
[2020-12-28T10:54:11.405-0500][gc,heap        ] GC(23561)   class space    used 7457K, capacity 8250K, committed 8832K, reserved 1048576K
[2020-12-28T10:54:11.405-0500][gc,start       ] GC(23561) Pause Young (Normal) (G1 Evacuation Pause)
[2020-12-28T10:54:11.405-0500][gc,task        ] GC(23561) Using 8 workers of 8 for evacuation
[2020-12-28T10:54:11.431-0500][gc,phases      ] GC(23561)   Pre Evacuate Collection Set: 0.0ms
[2020-12-28T10:54:11.431-0500][gc,phases      ] GC(23561)   Evacuate Collection Set: 17.9ms
[2020-12-28T10:54:11.431-0500][gc,phases      ] GC(23561)   Post Evacuate Collection Set: 7.4ms
[2020-12-28T10:54:11.431-0500][gc,phases      ] GC(23561)   Other: 0.3ms
[2020-12-28T10:54:11.431-0500][gc,heap        ] GC(23561) Eden regions: 10->0(9)
[2020-12-28T10:54:11.431-0500][gc,heap        ] GC(23561) Survivor regions: 0->1(2)
[2020-12-28T10:54:11.431-0500][gc,heap        ] GC(23561) Old regions: 41->41
[2020-12-28T10:54:11.431-0500][gc,heap        ] GC(23561) Humongous regions: 4->4
[2020-12-28T10:54:11.431-0500][gc,metaspace   ] GC(23561) Metaspace: 50313K->50313K(1093632K)
[2020-12-28T10:54:11.431-0500][gc,heap        ] GC(23561) Heap after GC invocations=23562 (full 5404): garbage-first heap   total 64512K, used 43388K [0x0000000083000000, 0x0000000100000000)
[2020-12-28T10:54:11.431-0500][gc,heap        ] GC(23561)   region size 1024K, 1 young (1024K), 1 survivors (1024K)
[2020-12-28T10:54:11.431-0500][gc,heap        ] GC(23561)  Metaspace       used 50313K, capacity 52468K, committed 53888K, reserved 1093632K
[2020-12-28T10:54:11.431-0500][gc,heap        ] GC(23561)   class space    used 7457K, capacity 8250K, committed 8832K, reserved 1048576K
[2020-12-28T10:54:11.431-0500][gc             ] GC(23561) Pause Young (Normal) (G1 Evacuation Pause) 52M->42M(63M) 25.600ms
[2020-12-28T10:54:11.431-0500][gc,cpu         ] GC(23561) User=0.18s Sys=0.00s Real=0.03s
[2020-12-28T10:56:29.060-0500][gc,heap        ] GC(23562) Heap before GC invocations=23562 (full 5404): garbage-first heap   total 64512K, used 51580K [0x0000000083000000, 0x0000000100000000)
[2020-12-28T10:56:29.060-0500][gc,heap        ] GC(23562)   region size 1024K, 10 young (10240K), 1 survivors (1024K)
[2020-12-28T10:56:29.060-0500][gc,heap        ] GC(23562)  Metaspace       used 50313K, capacity 52468K, committed 53888K, reserved 1093632K
[2020-12-28T10:56:29.060-0500][gc,heap        ] GC(23562)   class space    used 7457K, capacity 8250K, committed 8832K, reserved 1048576K
[2020-12-28T10:56:29.060-0500][gc,start       ] GC(23562) Pause Young (Normal) (G1 Evacuation Pause)
[2020-12-28T10:56:29.060-0500][gc,task        ] GC(23562) Using 8 workers of 8 for evacuation
[2020-12-28T10:56:29.062-0500][gc,phases      ] GC(23562)   Pre Evacuate Collection Set: 0.0ms
[2020-12-28T10:56:29.062-0500][gc,phases      ] GC(23562)   Evacuate Collection Set: 0.5ms
[2020-12-28T10:56:29.062-0500][gc,phases      ] GC(23562)   Post Evacuate Collection Set: 0.7ms
[2020-12-28T10:56:29.062-0500][gc,phases      ] GC(23562)   Other: 0.2ms
[2020-12-28T10:56:29.062-0500][gc,heap        ] GC(23562) Eden regions: 9->0(9)
[2020-12-28T10:56:29.062-0500][gc,heap        ] GC(23562) Survivor regions: 1->1(2)
[2020-12-28T10:56:29.062-0500][gc,heap        ] GC(23562) Old regions: 41->41
[2020-12-28T10:56:29.062-0500][gc,heap        ] GC(23562) Humongous regions: 4->4
[2020-12-28T10:56:29.062-0500][gc,metaspace   ] GC(23562) Metaspace: 50313K->50313K(1093632K)
[2020-12-28T10:56:29.062-0500][gc,heap        ] GC(23562) Heap after GC invocations=23563 (full 5404): garbage-first heap   total 64512K, used 43377K [0x0000000083000000, 0x0000000100000000)
[2020-12-28T10:56:29.062-0500][gc,heap        ] GC(23562)   region size 1024K, 1 young (1024K), 1 survivors (1024K)
[2020-12-28T10:56:29.062-0500][gc,heap        ] GC(23562)  Metaspace       used 50313K, capacity 52468K, committed 53888K, reserved 1093632K
[2020-12-28T10:56:29.062-0500][gc,heap        ] GC(23562)   class space    used 7457K, capacity 8250K, committed 8832K, reserved 1048576K
[2020-12-28T10:56:29.062-0500][gc             ] GC(23562) Pause Young (Normal) (G1 Evacuation Pause) 51M->42M(63M) 1.470ms
[2020-12-28T10:56:29.062-0500][gc,cpu         ] GC(23562) User=0.00s Sys=0.01s Real=0.00s
[2020-12-28T10:56:45.189-0500][gc,task        ] GC(23563) Using 5 workers of 8 for full compaction
[2020-12-28T10:56:45.189-0500][gc,start       ] GC(23563) Pause Full (System.gc())
[2020-12-28T10:56:45.189-0500][gc,heap        ] GC(23563) Heap before GC invocations=23563 (full 5404): garbage-first heap   total 64512K, used 43377K [0x0000000083000000, 0x0000000100000000)
[2020-12-28T10:56:45.189-0500][gc,heap        ] GC(23563)   region size 1024K, 2 young (2048K), 1 survivors (1024K)
[2020-12-28T10:56:45.189-0500][gc,heap        ] GC(23563)  Metaspace       used 50313K, capacity 52468K, committed 53888K, reserved 1093632K
[2020-12-28T10:56:45.189-0500][gc,heap        ] GC(23563)   class space    used 7457K, capacity 8250K, committed 8832K, reserved 1048576K
[2020-12-28T10:56:45.190-0500][gc,phases,start] GC(23563) Phase 1: Mark live objects
[2020-12-28T10:56:45.212-0500][gc,stringtable ] GC(23563) Cleaned string and symbol table, strings: 33320 processed, 4 removed, symbols: 120973 processed, 0 removed
[2020-12-28T10:56:45.212-0500][gc,phases      ] GC(23563) Phase 1: Mark live objects 22.820ms
[2020-12-28T10:56:45.212-0500][gc,phases,start] GC(23563) Phase 2: Prepare for compaction
[2020-12-28T10:56:45.216-0500][gc,phases      ] GC(23563) Phase 2: Prepare for compaction 3.570ms
[2020-12-28T10:56:45.216-0500][gc,phases,start] GC(23563) Phase 3: Adjust pointers
[2020-12-28T10:56:45.228-0500][gc,phases      ] GC(23563) Phase 3: Adjust pointers 11.437ms
[2020-12-28T10:56:45.228-0500][gc,phases,start] GC(23563) Phase 4: Compact heap
[2020-12-28T10:56:45.231-0500][gc,phases      ] GC(23563) Phase 4: Compact heap 2.988ms
[2020-12-28T10:56:45.235-0500][gc,heap        ] GC(23563) Eden regions: 1->0(9)
[2020-12-28T10:56:45.235-0500][gc,heap        ] GC(23563) Survivor regions: 1->0(2)
[2020-12-28T10:56:45.235-0500][gc,heap        ] GC(23563) Old regions: 41->42
[2020-12-28T10:56:45.235-0500][gc,heap        ] GC(23563) Humongous regions: 4->4
[2020-12-28T10:56:45.235-0500][gc,metaspace   ] GC(23563) Metaspace: 50313K->50313K(1093632K)
[2020-12-28T10:56:45.235-0500][gc,heap        ] GC(23563) Heap after GC invocations=23564 (full 5405): garbage-first heap   total 64512K, used 43311K [0x0000000083000000, 0x0000000100000000)
[2020-12-28T10:56:45.235-0500][gc,heap        ] GC(23563)   region size 1024K, 0 young (0K), 0 survivors (0K)
[2020-12-28T10:56:45.235-0500][gc,heap        ] GC(23563)  Metaspace       used 50313K, capacity 52468K, committed 53888K, reserved 1093632K
[2020-12-28T10:56:45.235-0500][gc,heap        ] GC(23563)   class space    used 7457K, capacity 8250K, committed 8832K, reserved 1048576K
[2020-12-28T10:56:45.235-0500][gc             ] GC(23563) Pause Full (System.gc()) 43M->42M(63M) 46.039ms
[2020-12-28T10:56:45.236-0500][gc,cpu         ] GC(23563) User=0.19s Sys=0.00s Real=0.04s
[2020-12-28T10:58:59.061-0500][gc,heap        ] GC(23564) Heap before GC invocations=23564 (full 5405): garbage-first heap   total 64512K, used 52527K [0x0000000083000000, 0x0000000100000000)
[2020-12-28T10:58:59.061-0500][gc,heap        ] GC(23564)   region size 1024K, 9 young (9216K), 0 survivors (0K)
[2020-12-28T10:58:59.061-0500][gc,heap        ] GC(23564)  Metaspace       used 50313K, capacity 52468K, committed 53888K, reserved 1093632K
[2020-12-28T10:58:59.061-0500][gc,heap        ] GC(23564)   class space    used 7457K, capacity 8250K, committed 8832K, reserved 1048576K
[2020-12-28T10:58:59.061-0500][gc,start       ] GC(23564) Pause Young (Normal) (G1 Evacuation Pause)
[2020-12-28T10:58:59.061-0500][gc,task        ] GC(23564) Using 8 workers of 8 for evacuation
[2020-12-28T10:58:59.066-0500][gc,phases      ] GC(23564)   Pre Evacuate Collection Set: 0.0ms
[2020-12-28T10:58:59.066-0500][gc,phases      ] GC(23564)   Evacuate Collection Set: 3.2ms
[2020-12-28T10:58:59.066-0500][gc,phases      ] GC(23564)   Post Evacuate Collection Set: 1.3ms
[2020-12-28T10:58:59.066-0500][gc,phases      ] GC(23564)   Other: 0.3ms
[2020-12-28T10:58:59.066-0500][gc,heap        ] GC(23564) Eden regions: 9->0(8)
[2020-12-28T10:58:59.066-0500][gc,heap        ] GC(23564) Survivor regions: 0->1(2)
[2020-12-28T10:58:59.066-0500][gc,heap        ] GC(23564) Old regions: 42->42
[2020-12-28T10:58:59.066-0500][gc,heap        ] GC(23564) Humongous regions: 4->4
[2020-12-28T10:58:59.066-0500][gc,metaspace   ] GC(23564) Metaspace: 50313K->50313K(1093632K)
[2020-12-28T10:58:59.066-0500][gc,heap        ] GC(23564) Heap after GC invocations=23565 (full 5405): garbage-first heap   total 64512K, used 43391K [0x0000000083000000, 0x0000000100000000)
[2020-12-28T10:58:59.066-0500][gc,heap        ] GC(23564)   region size 1024K, 1 young (1024K), 1 survivors (1024K)
[2020-12-28T10:58:59.066-0500][gc,heap        ] GC(23564)  Metaspace       used 50313K, capacity 52468K, committed 53888K, reserved 1093632K
[2020-12-28T10:58:59.066-0500][gc,heap        ] GC(23564)   class space    used 7457K, capacity 8250K, committed 8832K, reserved 1048576K
[2020-12-28T10:58:59.066-0500][gc             ] GC(23564) Pause Young (Normal) (G1 Evacuation Pause) 51M->42M(63M) 4.848ms
[2020-12-28T10:58:59.066-0500][gc,cpu         ] GC(23564) User=0.02s Sys=0.00s Real=0.00s
[2020-12-28T11:00:59.063-0500][gc,heap        ] GC(23565) Heap before GC invocations=23565 (full 5405): garbage-first heap   total 64512K, used 51583K [0x0000000083000000, 0x0000000100000000)
[2020-12-28T11:00:59.063-0500][gc,heap        ] GC(23565)   region size 1024K, 9 young (9216K), 1 survivors (1024K)
[2020-12-28T11:00:59.063-0500][gc,heap        ] GC(23565)  Metaspace       used 50313K, capacity 52468K, committed 53888K, reserved 1093632K
[2020-12-28T11:00:59.063-0500][gc,heap        ] GC(23565)   class space    used 7457K, capacity 8250K, committed 8832K, reserved 1048576K
[2020-12-28T11:00:59.063-0500][gc,start       ] GC(23565) Pause Young (Normal) (G1 Evacuation Pause)
[2020-12-28T11:00:59.063-0500][gc,task        ] GC(23565) Using 8 workers of 8 for evacuation
[2020-12-28T11:00:59.065-0500][gc,phases      ] GC(23565)   Pre Evacuate Collection Set: 0.0ms
[2020-12-28T11:00:59.065-0500][gc,phases      ] GC(23565)   Evacuate Collection Set: 0.6ms
[2020-12-28T11:00:59.065-0500][gc,phases      ] GC(23565)   Post Evacuate Collection Set: 1.0ms
[2020-12-28T11:00:59.065-0500][gc,phases      ] GC(23565)   Other: 0.2ms
[2020-12-28T11:00:59.065-0500][gc,heap        ] GC(23565) Eden regions: 8->0(8)
[2020-12-28T11:00:59.065-0500][gc,heap        ] GC(23565) Survivor regions: 1->1(2)
[2020-12-28T11:00:59.065-0500][gc,heap        ] GC(23565) Old regions: 42->42
[2020-12-28T11:00:59.065-0500][gc,heap        ] GC(23565) Humongous regions: 4->4
[2020-12-28T11:00:59.065-0500][gc,metaspace   ] GC(23565) Metaspace: 50313K->50313K(1093632K)
[2020-12-28T11:00:59.065-0500][gc,heap        ] GC(23565) Heap after GC invocations=23566 (full 5405): garbage-first heap   total 64512K, used 43363K [0x0000000083000000, 0x0000000100000000)
[2020-12-28T11:00:59.065-0500][gc,heap        ] GC(23565)   region size 1024K, 1 young (1024K), 1 survivors (1024K)
[2020-12-28T11:00:59.065-0500][gc,heap        ] GC(23565)  Metaspace       used 50313K, capacity 52468K, committed 53888K, reserved 1093632K
[2020-12-28T11:00:59.065-0500][gc,heap        ] GC(23565)   class space    used 7457K, capacity 8250K, committed 8832K, reserved 1048576K
[2020-12-28T11:00:59.065-0500][gc             ] GC(23565) Pause Young (Normal) (G1 Evacuation Pause) 50M->42M(63M) 1.962ms
[2020-12-28T11:00:59.065-0500][gc,cpu         ] GC(23565) User=0.00s Sys=0.01s Real=0.00s
[2020-12-28T11:01:45.191-0500][gc,task        ] GC(23566) Using 5 workers of 8 for full compaction
[2020-12-28T11:01:45.191-0500][gc,start       ] GC(23566) Pause Full (System.gc())
[2020-12-28T11:01:45.191-0500][gc,heap        ] GC(23566) Heap before GC invocations=23566 (full 5405): garbage-first heap   total 64512K, used 45411K [0x0000000083000000, 0x0000000100000000)
[2020-12-28T11:01:45.191-0500][gc,heap        ] GC(23566)   region size 1024K, 4 young (4096K), 1 survivors (1024K)
[2020-12-28T11:01:45.191-0500][gc,heap        ] GC(23566)  Metaspace       used 50313K, capacity 52468K, committed 53888K, reserved 1093632K
[2020-12-28T11:01:45.191-0500][gc,heap        ] GC(23566)   class space    used 7457K, capacity 8250K, committed 8832K, reserved 1048576K
[2020-12-28T11:01:45.191-0500][gc,phases,start] GC(23566) Phase 1: Mark live objects
[2020-12-28T11:01:45.220-0500][gc,stringtable ] GC(23566) Cleaned string and symbol table, strings: 33320 processed, 4 removed, symbols: 120973 processed, 0 removed
[2020-12-28T11:01:45.220-0500][gc,phases      ] GC(23566) Phase 1: Mark live objects 28.986ms
[2020-12-28T11:01:45.220-0500][gc,phases,start] GC(23566) Phase 2: Prepare for compaction
[2020-12-28T11:01:45.224-0500][gc,phases      ] GC(23566) Phase 2: Prepare for compaction 3.534ms
[2020-12-28T11:01:45.224-0500][gc,phases,start] GC(23566) Phase 3: Adjust pointers
[2020-12-28T11:01:45.238-0500][gc,phases      ] GC(23566) Phase 3: Adjust pointers 14.237ms
[2020-12-28T11:01:45.238-0500][gc,phases,start] GC(23566) Phase 4: Compact heap
[2020-12-28T11:01:45.242-0500][gc,phases      ] GC(23566) Phase 4: Compact heap 3.278ms
[2020-12-28T11:01:45.248-0500][gc,heap        ] GC(23566) Eden regions: 3->0(10)
[2020-12-28T11:01:45.248-0500][gc,heap        ] GC(23566) Survivor regions: 1->0(2)
[2020-12-28T11:01:45.248-0500][gc,heap        ] GC(23566) Old regions: 42->41
[2020-12-28T11:01:45.248-0500][gc,heap        ] GC(23566) Humongous regions: 4->4
[2020-12-28T11:01:45.249-0500][gc,metaspace   ] GC(23566) Metaspace: 50313K->50313K(1093632K)
[2020-12-28T11:01:45.249-0500][gc,heap        ] GC(23566) Heap after GC invocations=23567 (full 5406): garbage-first heap   total 64512K, used 43323K [0x0000000083000000, 0x0000000100000000)
[2020-12-28T11:01:45.249-0500][gc,heap        ] GC(23566)   region size 1024K, 0 young (0K), 0 survivors (0K)
[2020-12-28T11:01:45.249-0500][gc,heap        ] GC(23566)  Metaspace       used 50313K, capacity 52468K, committed 53888K, reserved 1093632K
[2020-12-28T11:01:45.249-0500][gc,heap        ] GC(23566)   class space    used 7457K, capacity 8250K, committed 8832K, reserved 1048576K
[2020-12-28T11:01:45.249-0500][gc             ] GC(23566) Pause Full (System.gc()) 45M->42M(63M) 57.470ms
[2020-12-28T11:01:45.249-0500][gc,cpu         ] GC(23566) User=0.24s Sys=0.00s Real=0.06s
[2020-12-28T11:04:09.061-0500][gc,heap        ] GC(23567) Heap before GC invocations=23567 (full 5406): garbage-first heap   total 64512K, used 52539K [0x0000000083000000, 0x0000000100000000)
[2020-12-28T11:04:09.061-0500][gc,heap        ] GC(23567)   region size 1024K, 10 young (10240K), 0 survivors (0K)
[2020-12-28T11:04:09.061-0500][gc,heap        ] GC(23567)  Metaspace       used 50313K, capacity 52468K, committed 53888K, reserved 1093632K
[2020-12-28T11:04:09.061-0500][gc,heap        ] GC(23567)   class space    used 7457K, capacity 8250K, committed 8832K, reserved 1048576K
[2020-12-28T11:04:09.061-0500][gc,start       ] GC(23567) Pause Young (Normal) (G1 Evacuation Pause)
[2020-12-28T11:04:09.061-0500][gc,task        ] GC(23567) Using 8 workers of 8 for evacuation
[2020-12-28T11:04:09.062-0500][gc,phases      ] GC(23567)   Pre Evacuate Collection Set: 0.0ms
[2020-12-28T11:04:09.062-0500][gc,phases      ] GC(23567)   Evacuate Collection Set: 0.6ms
[2020-12-28T11:04:09.062-0500][gc,phases      ] GC(23567)   Post Evacuate Collection Set: 0.8ms
[2020-12-28T11:04:09.062-0500][gc,phases      ] GC(23567)   Other: 0.2ms
[2020-12-28T11:04:09.062-0500][gc,heap        ] GC(23567) Eden regions: 10->0(9)
[2020-12-28T11:04:09.062-0500][gc,heap        ] GC(23567) Survivor regions: 0->1(2)
[2020-12-28T11:04:09.062-0500][gc,heap        ] GC(23567) Old regions: 41->41
[2020-12-28T11:04:09.062-0500][gc,heap        ] GC(23567) Humongous regions: 4->4
[2020-12-28T11:04:09.062-0500][gc,metaspace   ] GC(23567) Metaspace: 50313K->50313K(1093632K)
[2020-12-28T11:04:09.062-0500][gc,heap        ] GC(23567) Heap after GC invocations=23568 (full 5406): garbage-first heap   total 64512K, used 43405K [0x0000000083000000, 0x0000000100000000)
[2020-12-28T11:04:09.062-0500][gc,heap        ] GC(23567)   region size 1024K, 1 young (1024K), 1 survivors (1024K)
[2020-12-28T11:04:09.062-0500][gc,heap        ] GC(23567)  Metaspace       used 50313K, capacity 52468K, committed 53888K, reserved 1093632K
[2020-12-28T11:04:09.062-0500][gc,heap        ] GC(23567)   class space    used 7457K, capacity 8250K, committed 8832K, reserved 1048576K
[2020-12-28T11:04:09.062-0500][gc             ] GC(23567) Pause Young (Normal) (G1 Evacuation Pause) 52M->42M(63M) 1.630ms
[2020-12-28T11:04:09.062-0500][gc,cpu         ] GC(23567) User=0.00s Sys=0.01s Real=0.00s
[2020-12-28T11:06:29.060-0500][gc,heap        ] GC(23568) Heap before GC invocations=23568 (full 5406): garbage-first heap   total 64512K, used 52621K [0x0000000083000000, 0x0000000100000000)
[2020-12-28T11:06:29.060-0500][gc,heap        ] GC(23568)   region size 1024K, 10 young (10240K), 1 survivors (1024K)
[2020-12-28T11:06:29.060-0500][gc,heap        ] GC(23568)  Metaspace       used 50313K, capacity 52468K, committed 53888K, reserved 1093632K
[2020-12-28T11:06:29.060-0500][gc,heap        ] GC(23568)   class space    used 7457K, capacity 8250K, committed 8832K, reserved 1048576K
[2020-12-28T11:06:29.060-0500][gc,start       ] GC(23568) Pause Young (Normal) (G1 Evacuation Pause)
[2020-12-28T11:06:29.060-0500][gc,task        ] GC(23568) Using 8 workers of 8 for evacuation
[2020-12-28T11:06:29.063-0500][gc,phases      ] GC(23568)   Pre Evacuate Collection Set: 0.0ms
[2020-12-28T11:06:29.063-0500][gc,phases      ] GC(23568)   Evacuate Collection Set: 1.2ms
[2020-12-28T11:06:29.063-0500][gc,phases      ] GC(23568)   Post Evacuate Collection Set: 1.7ms
[2020-12-28T11:06:29.063-0500][gc,phases      ] GC(23568)   Other: 0.2ms
[2020-12-28T11:06:29.063-0500][gc,heap        ] GC(23568) Eden regions: 9->0(9)
[2020-12-28T11:06:29.063-0500][gc,heap        ] GC(23568) Survivor regions: 1->1(2)
[2020-12-28T11:06:29.063-0500][gc,heap        ] GC(23568) Old regions: 41->41
[2020-12-28T11:06:29.063-0500][gc,heap        ] GC(23568) Humongous regions: 4->4
[2020-12-28T11:06:29.063-0500][gc,metaspace   ] GC(23568) Metaspace: 50313K->50313K(1093632K)
[2020-12-28T11:06:29.063-0500][gc,heap        ] GC(23568) Heap after GC invocations=23569 (full 5406): garbage-first heap   total 64512K, used 43377K [0x0000000083000000, 0x0000000100000000)
[2020-12-28T11:06:29.063-0500][gc,heap        ] GC(23568)   region size 1024K, 1 young (1024K), 1 survivors (1024K)
[2020-12-28T11:06:29.063-0500][gc,heap        ] GC(23568)  Metaspace       used 50313K, capacity 52468K, committed 53888K, reserved 1093632K
[2020-12-28T11:06:29.063-0500][gc,heap        ] GC(23568)   class space    used 7457K, capacity 8250K, committed 8832K, reserved 1048576K
[2020-12-28T11:06:29.063-0500][gc             ] GC(23568) Pause Young (Normal) (G1 Evacuation Pause) 51M->42M(63M) 3.358ms
[2020-12-28T11:06:29.063-0500][gc,cpu         ] GC(23568) User=0.00s Sys=0.00s Real=0.00s
[2020-12-28T11:06:45.191-0500][gc,task        ] GC(23569) Using 5 workers of 8 for full compaction
[2020-12-28T11:06:45.191-0500][gc,start       ] GC(23569) Pause Full (System.gc())
[2020-12-28T11:06:45.191-0500][gc,heap        ] GC(23569) Heap before GC invocations=23569 (full 5406): garbage-first heap   total 64512K, used 44401K [0x0000000083000000, 0x0000000100000000)
[2020-12-28T11:06:45.191-0500][gc,heap        ] GC(23569)   region size 1024K, 3 young (3072K), 1 survivors (1024K)
[2020-12-28T11:06:45.191-0500][gc,heap        ] GC(23569)  Metaspace       used 50313K, capacity 52468K, committed 53888K, reserved 1093632K
[2020-12-28T11:06:45.191-0500][gc,heap        ] GC(23569)   class space    used 7457K, capacity 8250K, committed 8832K, reserved 1048576K
[2020-12-28T11:06:45.192-0500][gc,phases,start] GC(23569) Phase 1: Mark live objects
[2020-12-28T11:06:45.218-0500][gc,stringtable ] GC(23569) Cleaned string and symbol table, strings: 33320 processed, 4 removed, symbols: 120973 processed, 0 removed
[2020-12-28T11:06:45.218-0500][gc,phases      ] GC(23569) Phase 1: Mark live objects 26.075ms
[2020-12-28T11:06:45.218-0500][gc,phases,start] GC(23569) Phase 2: Prepare for compaction
[2020-12-28T11:06:45.223-0500][gc,phases      ] GC(23569) Phase 2: Prepare for compaction 5.585ms
[2020-12-28T11:06:45.223-0500][gc,phases,start] GC(23569) Phase 3: Adjust pointers
[2020-12-28T11:06:45.235-0500][gc,phases      ] GC(23569) Phase 3: Adjust pointers 11.757ms
[2020-12-28T11:06:45.235-0500][gc,phases,start] GC(23569) Phase 4: Compact heap
[2020-12-28T11:06:45.238-0500][gc,phases      ] GC(23569) Phase 4: Compact heap 3.125ms
[2020-12-28T11:06:45.243-0500][gc,heap        ] GC(23569) Eden regions: 2->0(10)
[2020-12-28T11:06:45.243-0500][gc,heap        ] GC(23569) Survivor regions: 1->0(2)
[2020-12-28T11:06:45.243-0500][gc,heap        ] GC(23569) Old regions: 41->41
[2020-12-28T11:06:45.243-0500][gc,heap        ] GC(23569) Humongous regions: 4->4
[2020-12-28T11:06:45.243-0500][gc,metaspace   ] GC(23569) Metaspace: 50313K->50313K(1093632K)
[2020-12-28T11:06:45.243-0500][gc,heap        ] GC(23569) Heap after GC invocations=23570 (full 5407): garbage-first heap   total 64512K, used 43311K [0x0000000083000000, 0x0000000100000000)
[2020-12-28T11:06:45.243-0500][gc,heap        ] GC(23569)   region size 1024K, 0 young (0K), 0 survivors (0K)
[2020-12-28T11:06:45.243-0500][gc,heap        ] GC(23569)  Metaspace       used 50313K, capacity 52468K, committed 53888K, reserved 1093632K
[2020-12-28T11:06:45.243-0500][gc,heap        ] GC(23569)   class space    used 7457K, capacity 8250K, committed 8832K, reserved 1048576K
[2020-12-28T11:06:45.243-0500][gc             ] GC(23569) Pause Full (System.gc()) 43M->42M(63M) 51.772ms
[2020-12-28T11:06:45.243-0500][gc,cpu         ] GC(23569) User=0.21s Sys=0.00s Real=0.05s
[2020-12-28T11:09:02.007-0500][gc,heap        ] GC(23570) Heap before GC invocations=23570 (full 5407): garbage-first heap   total 64512K, used 52527K [0x0000000083000000, 0x0000000100000000)
[2020-12-28T11:09:02.007-0500][gc,heap        ] GC(23570)   region size 1024K, 10 young (10240K), 0 survivors (0K)
[2020-12-28T11:09:02.007-0500][gc,heap        ] GC(23570)  Metaspace       used 50313K, capacity 52468K, committed 53888K, reserved 1093632K
[2020-12-28T11:09:02.007-0500][gc,heap        ] GC(23570)   class space    used 7457K, capacity 8250K, committed 8832K, reserved 1048576K
[2020-12-28T11:09:02.007-0500][gc,start       ] GC(23570) Pause Young (Normal) (G1 Evacuation Pause)
[2020-12-28T11:09:02.007-0500][gc,task        ] GC(23570) Using 8 workers of 8 for evacuation
[2020-12-28T11:09:02.009-0500][gc,phases      ] GC(23570)   Pre Evacuate Collection Set: 0.0ms
[2020-12-28T11:09:02.009-0500][gc,phases      ] GC(23570)   Evacuate Collection Set: 0.6ms
[2020-12-28T11:09:02.009-0500][gc,phases      ] GC(23570)   Post Evacuate Collection Set: 0.9ms
[2020-12-28T11:09:02.009-0500][gc,phases      ] GC(23570)   Other: 0.2ms
[2020-12-28T11:09:02.009-0500][gc,heap        ] GC(23570) Eden regions: 10->0(9)
[2020-12-28T11:09:02.009-0500][gc,heap        ] GC(23570) Survivor regions: 0->1(2)
[2020-12-28T11:09:02.009-0500][gc,heap        ] GC(23570) Old regions: 41->41
[2020-12-28T11:09:02.009-0500][gc,heap        ] GC(23570) Humongous regions: 4->4
[2020-12-28T11:09:02.009-0500][gc,metaspace   ] GC(23570) Metaspace: 50313K->50313K(1093632K)
[2020-12-28T11:09:02.009-0500][gc,heap        ] GC(23570) Heap after GC invocations=23571 (full 5407): garbage-first heap   total 64512K, used 43392K [0x0000000083000000, 0x0000000100000000)
[2020-12-28T11:09:02.009-0500][gc,heap        ] GC(23570)   region size 1024K, 1 young (1024K), 1 survivors (1024K)
[2020-12-28T11:09:02.009-0500][gc,heap        ] GC(23570)  Metaspace       used 50313K, capacity 52468K, committed 53888K, reserved 1093632K
[2020-12-28T11:09:02.009-0500][gc,heap        ] GC(23570)   class space    used 7457K, capacity 8250K, committed 8832K, reserved 1048576K
[2020-12-28T11:09:02.009-0500][gc             ] GC(23570) Pause Young (Normal) (G1 Evacuation Pause) 52M->42M(63M) 1.862ms
[2020-12-28T11:09:02.009-0500][gc,cpu         ] GC(23570) User=0.01s Sys=0.00s Real=0.01s
[2020-12-28T11:11:18.179-0500][gc,heap        ] GC(23571) Heap before GC invocations=23571 (full 5407): garbage-first heap   total 64512K, used 51584K [0x0000000083000000, 0x0000000100000000)
[2020-12-28T11:11:18.179-0500][gc,heap        ] GC(23571)   region size 1024K, 10 young (10240K), 1 survivors (1024K)
[2020-12-28T11:11:18.179-0500][gc,heap        ] GC(23571)  Metaspace       used 50313K, capacity 52468K, committed 53888K, reserved 1093632K
[2020-12-28T11:11:18.179-0500][gc,heap        ] GC(23571)   class space    used 7457K, capacity 8250K, committed 8832K, reserved 1048576K
[2020-12-28T11:11:18.179-0500][gc,start       ] GC(23571) Pause Young (Normal) (G1 Evacuation Pause)
[2020-12-28T11:11:18.179-0500][gc,task        ] GC(23571) Using 8 workers of 8 for evacuation
[2020-12-28T11:11:18.181-0500][gc,phases      ] GC(23571)   Pre Evacuate Collection Set: 0.0ms
[2020-12-28T11:11:18.181-0500][gc,phases      ] GC(23571)   Evacuate Collection Set: 0.9ms
[2020-12-28T11:11:18.181-0500][gc,phases      ] GC(23571)   Post Evacuate Collection Set: 1.7ms
[2020-12-28T11:11:18.181-0500][gc,phases      ] GC(23571)   Other: 0.3ms
[2020-12-28T11:11:18.181-0500][gc,heap        ] GC(23571) Eden regions: 9->0(9)
[2020-12-28T11:11:18.181-0500][gc,heap        ] GC(23571) Survivor regions: 1->1(2)
[2020-12-28T11:11:18.182-0500][gc,heap        ] GC(23571) Old regions: 41->41
[2020-12-28T11:11:18.182-0500][gc,heap        ] GC(23571) Humongous regions: 4->4
[2020-12-28T11:11:18.182-0500][gc,metaspace   ] GC(23571) Metaspace: 50313K->50313K(1093632K)
[2020-12-28T11:11:18.182-0500][gc,heap        ] GC(23571) Heap after GC invocations=23572 (full 5407): garbage-first heap   total 64512K, used 43388K [0x0000000083000000, 0x0000000100000000)
[2020-12-28T11:11:18.182-0500][gc,heap        ] GC(23571)   region size 1024K, 1 young (1024K), 1 survivors (1024K)
[2020-12-28T11:11:18.182-0500][gc,heap        ] GC(23571)  Metaspace       used 50313K, capacity 52468K, committed 53888K, reserved 1093632K
[2020-12-28T11:11:18.182-0500][gc,heap        ] GC(23571)   class space    used 7457K, capacity 8250K, committed 8832K, reserved 1048576K
[2020-12-28T11:11:18.182-0500][gc             ] GC(23571) Pause Young (Normal) (G1 Evacuation Pause) 51M->42M(63M) 2.882ms
[2020-12-28T11:11:18.182-0500][gc,cpu         ] GC(23571) User=0.00s Sys=0.01s Real=0.00s
[2020-12-28T11:11:45.191-0500][gc,task        ] GC(23572) Using 5 workers of 8 for full compaction
[2020-12-28T11:11:45.191-0500][gc,start       ] GC(23572) Pause Full (System.gc())
[2020-12-28T11:11:45.191-0500][gc,heap        ] GC(23572) Heap before GC invocations=23572 (full 5407): garbage-first heap   total 64512K, used 44412K [0x0000000083000000, 0x0000000100000000)
[2020-12-28T11:11:45.191-0500][gc,heap        ] GC(23572)   region size 1024K, 3 young (3072K), 1 survivors (1024K)
[2020-12-28T11:11:45.191-0500][gc,heap        ] GC(23572)  Metaspace       used 50313K, capacity 52468K, committed 53888K, reserved 1093632K
[2020-12-28T11:11:45.191-0500][gc,heap        ] GC(23572)   class space    used 7457K, capacity 8250K, committed 8832K, reserved 1048576K
[2020-12-28T11:11:45.191-0500][gc,phases,start] GC(23572) Phase 1: Mark live objects
[2020-12-28T11:11:45.221-0500][gc,stringtable ] GC(23572) Cleaned string and symbol table, strings: 33320 processed, 4 removed, symbols: 120973 processed, 0 removed
[2020-12-28T11:11:45.221-0500][gc,phases      ] GC(23572) Phase 1: Mark live objects 29.822ms
[2020-12-28T11:11:45.221-0500][gc,phases,start] GC(23572) Phase 2: Prepare for compaction
[2020-12-28T11:11:45.225-0500][gc,phases      ] GC(23572) Phase 2: Prepare for compaction 3.307ms
[2020-12-28T11:11:45.225-0500][gc,phases,start] GC(23572) Phase 3: Adjust pointers
[2020-12-28T11:11:45.235-0500][gc,phases      ] GC(23572) Phase 3: Adjust pointers 10.564ms
[2020-12-28T11:11:45.235-0500][gc,phases,start] GC(23572) Phase 4: Compact heap
[2020-12-28T11:11:45.238-0500][gc,phases      ] GC(23572) Phase 4: Compact heap 2.942ms
[2020-12-28T11:11:45.242-0500][gc,heap        ] GC(23572) Eden regions: 2->0(10)
[2020-12-28T11:11:45.243-0500][gc,heap        ] GC(23572) Survivor regions: 1->0(2)
[2020-12-28T11:11:45.243-0500][gc,heap        ] GC(23572) Old regions: 41->41
[2020-12-28T11:11:45.243-0500][gc,heap        ] GC(23572) Humongous regions: 4->4
[2020-12-28T11:11:45.243-0500][gc,metaspace   ] GC(23572) Metaspace: 50313K->50313K(1093632K)
[2020-12-28T11:11:45.243-0500][gc,heap        ] GC(23572) Heap after GC invocations=23573 (full 5408): garbage-first heap   total 64512K, used 43312K [0x0000000083000000, 0x0000000100000000)
[2020-12-28T11:11:45.243-0500][gc,heap        ] GC(23572)   region size 1024K, 0 young (0K), 0 survivors (0K)
[2020-12-28T11:11:45.243-0500][gc,heap        ] GC(23572)  Metaspace       used 50313K, capacity 52468K, committed 53888K, reserved 1093632K
[2020-12-28T11:11:45.243-0500][gc,heap        ] GC(23572)   class space    used 7457K, capacity 8250K, committed 8832K, reserved 1048576K
[2020-12-28T11:11:45.243-0500][gc             ] GC(23572) Pause Full (System.gc()) 44M->42M(63M) 51.540ms
[2020-12-28T11:11:45.243-0500][gc,cpu         ] GC(23572) User=0.22s Sys=0.00s Real=0.05s
[2020-12-28T11:14:19.061-0500][gc,heap        ] GC(23573) Heap before GC invocations=23573 (full 5408): garbage-first heap   total 64512K, used 52528K [0x0000000083000000, 0x0000000100000000)
[2020-12-28T11:14:19.061-0500][gc,heap        ] GC(23573)   region size 1024K, 10 young (10240K), 0 survivors (0K)
[2020-12-28T11:14:19.061-0500][gc,heap        ] GC(23573)  Metaspace       used 50313K, capacity 52468K, committed 53888K, reserved 1093632K
[2020-12-28T11:14:19.061-0500][gc,heap        ] GC(23573)   class space    used 7457K, capacity 8250K, committed 8832K, reserved 1048576K
[2020-12-28T11:14:19.061-0500][gc,start       ] GC(23573) Pause Young (Normal) (G1 Evacuation Pause)
[2020-12-28T11:14:19.061-0500][gc,task        ] GC(23573) Using 8 workers of 8 for evacuation
[2020-12-28T11:14:19.065-0500][gc,phases      ] GC(23573)   Pre Evacuate Collection Set: 0.0ms
[2020-12-28T11:14:19.065-0500][gc,phases      ] GC(23573)   Evacuate Collection Set: 1.8ms
[2020-12-28T11:14:19.065-0500][gc,phases      ] GC(23573)   Post Evacuate Collection Set: 2.3ms
[2020-12-28T11:14:19.065-0500][gc,phases      ] GC(23573)   Other: 0.4ms
[2020-12-28T11:14:19.065-0500][gc,heap        ] GC(23573) Eden regions: 10->0(9)
[2020-12-28T11:14:19.066-0500][gc,heap        ] GC(23573) Survivor regions: 0->1(2)
[2020-12-28T11:14:19.066-0500][gc,heap        ] GC(23573) Old regions: 41->41
[2020-12-28T11:14:19.066-0500][gc,heap        ] GC(23573) Humongous regions: 4->4
[2020-12-28T11:14:19.066-0500][gc,metaspace   ] GC(23573) Metaspace: 50313K->50313K(1093632K)
[2020-12-28T11:14:19.066-0500][gc,heap        ] GC(23573) Heap after GC invocations=23574 (full 5408): garbage-first heap   total 64512K, used 43384K [0x0000000083000000, 0x0000000100000000)
[2020-12-28T11:14:19.066-0500][gc,heap        ] GC(23573)   region size 1024K, 1 young (1024K), 1 survivors (1024K)
[2020-12-28T11:14:19.066-0500][gc,heap        ] GC(23573)  Metaspace       used 50313K, capacity 52468K, committed 53888K, reserved 1093632K
[2020-12-28T11:14:19.066-0500][gc,heap        ] GC(23573)   class space    used 7457K, capacity 8250K, committed 8832K, reserved 1048576K
[2020-12-28T11:14:19.066-0500][gc             ] GC(23573) Pause Young (Normal) (G1 Evacuation Pause) 52M->42M(63M) 4.902ms
[2020-12-28T11:14:19.066-0500][gc,cpu         ] GC(23573) User=0.00s Sys=0.00s Real=0.00s
[2020-12-28T11:16:29.451-0500][gc,heap        ] GC(23574) Heap before GC invocations=23574 (full 5408): garbage-first heap   total 64512K, used 51576K [0x0000000083000000, 0x0000000100000000)
[2020-12-28T11:16:29.451-0500][gc,heap        ] GC(23574)   region size 1024K, 10 young (10240K), 1 survivors (1024K)
[2020-12-28T11:16:29.451-0500][gc,heap        ] GC(23574)  Metaspace       used 50313K, capacity 52468K, committed 53888K, reserved 1093632K
[2020-12-28T11:16:29.451-0500][gc,heap        ] GC(23574)   class space    used 7457K, capacity 8250K, committed 8832K, reserved 1048576K
[2020-12-28T11:16:29.451-0500][gc,start       ] GC(23574) Pause Young (Normal) (G1 Evacuation Pause)
[2020-12-28T11:16:29.451-0500][gc,task        ] GC(23574) Using 8 workers of 8 for evacuation
[2020-12-28T11:16:29.457-0500][gc,phases      ] GC(23574)   Pre Evacuate Collection Set: 0.0ms
[2020-12-28T11:16:29.457-0500][gc,phases      ] GC(23574)   Evacuate Collection Set: 1.4ms
[2020-12-28T11:16:29.457-0500][gc,phases      ] GC(23574)   Post Evacuate Collection Set: 3.8ms
[2020-12-28T11:16:29.457-0500][gc,phases      ] GC(23574)   Other: 0.6ms
[2020-12-28T11:16:29.457-0500][gc,heap        ] GC(23574) Eden regions: 9->0(9)
[2020-12-28T11:16:29.457-0500][gc,heap        ] GC(23574) Survivor regions: 1->1(2)
[2020-12-28T11:16:29.457-0500][gc,heap        ] GC(23574) Old regions: 41->41
[2020-12-28T11:16:29.457-0500][gc,heap        ] GC(23574) Humongous regions: 4->4
[2020-12-28T11:16:29.457-0500][gc,metaspace   ] GC(23574) Metaspace: 50313K->50313K(1093632K)
[2020-12-28T11:16:29.457-0500][gc,heap        ] GC(23574) Heap after GC invocations=23575 (full 5408): garbage-first heap   total 64512K, used 43367K [0x0000000083000000, 0x0000000100000000)
[2020-12-28T11:16:29.457-0500][gc,heap        ] GC(23574)   region size 1024K, 1 young (1024K), 1 survivors (1024K)
[2020-12-28T11:16:29.457-0500][gc,heap        ] GC(23574)  Metaspace       used 50313K, capacity 52468K, committed 53888K, reserved 1093632K
[2020-12-28T11:16:29.457-0500][gc,heap        ] GC(23574)   class space    used 7457K, capacity 8250K, committed 8832K, reserved 1048576K
[2020-12-28T11:16:29.457-0500][gc             ] GC(23574) Pause Young (Normal) (G1 Evacuation Pause) 51M->42M(63M) 5.837ms
[2020-12-28T11:16:29.457-0500][gc,cpu         ] GC(23574) User=0.01s Sys=0.01s Real=0.00s
[2020-12-28T11:16:45.192-0500][gc,task        ] GC(23575) Using 5 workers of 8 for full compaction
[2020-12-28T11:16:45.193-0500][gc,start       ] GC(23575) Pause Full (System.gc())
[2020-12-28T11:16:45.193-0500][gc,heap        ] GC(23575) Heap before GC invocations=23575 (full 5408): garbage-first heap   total 64512K, used 43367K [0x0000000083000000, 0x0000000100000000)
[2020-12-28T11:16:45.193-0500][gc,heap        ] GC(23575)   region size 1024K, 2 young (2048K), 1 survivors (1024K)
[2020-12-28T11:16:45.193-0500][gc,heap        ] GC(23575)  Metaspace       used 50313K, capacity 52468K, committed 53888K, reserved 1093632K
[2020-12-28T11:16:45.193-0500][gc,heap        ] GC(23575)   class space    used 7457K, capacity 8250K, committed 8832K, reserved 1048576K
[2020-12-28T11:16:45.193-0500][gc,phases,start] GC(23575) Phase 1: Mark live objects
[2020-12-28T11:16:45.230-0500][gc,stringtable ] GC(23575) Cleaned string and symbol table, strings: 33320 processed, 4 removed, symbols: 120973 processed, 0 removed
[2020-12-28T11:16:45.230-0500][gc,phases      ] GC(23575) Phase 1: Mark live objects 36.845ms
[2020-12-28T11:16:45.230-0500][gc,phases,start] GC(23575) Phase 2: Prepare for compaction
[2020-12-28T11:16:45.233-0500][gc,phases      ] GC(23575) Phase 2: Prepare for compaction 3.358ms
[2020-12-28T11:16:45.234-0500][gc,phases,start] GC(23575) Phase 3: Adjust pointers
[2020-12-28T11:16:45.244-0500][gc,phases      ] GC(23575) Phase 3: Adjust pointers 10.448ms
[2020-12-28T11:16:45.244-0500][gc,phases,start] GC(23575) Phase 4: Compact heap
[2020-12-28T11:16:45.247-0500][gc,phases      ] GC(23575) Phase 4: Compact heap 2.510ms
[2020-12-28T11:16:45.252-0500][gc,heap        ] GC(23575) Eden regions: 1->0(10)
[2020-12-28T11:16:45.252-0500][gc,heap        ] GC(23575) Survivor regions: 1->0(2)
[2020-12-28T11:16:45.252-0500][gc,heap        ] GC(23575) Old regions: 41->41
[2020-12-28T11:16:45.252-0500][gc,heap        ] GC(23575) Humongous regions: 4->4
[2020-12-28T11:16:45.252-0500][gc,metaspace   ] GC(23575) Metaspace: 50313K->50313K(1093632K)
[2020-12-28T11:16:45.252-0500][gc,heap        ] GC(23575) Heap after GC invocations=23576 (full 5409): garbage-first heap   total 64512K, used 43311K [0x0000000083000000, 0x0000000100000000)
[2020-12-28T11:16:45.252-0500][gc,heap        ] GC(23575)   region size 1024K, 0 young (0K), 0 survivors (0K)
[2020-12-28T11:16:45.252-0500][gc,heap        ] GC(23575)  Metaspace       used 50313K, capacity 52468K, committed 53888K, reserved 1093632K
[2020-12-28T11:16:45.252-0500][gc,heap        ] GC(23575)   class space    used 7457K, capacity 8250K, committed 8832K, reserved 1048576K
[2020-12-28T11:16:45.252-0500][gc             ] GC(23575) Pause Full (System.gc()) 43M->42M(63M) 59.600ms
[2020-12-28T11:16:45.252-0500][gc,cpu         ] GC(23575) User=0.25s Sys=0.00s Real=0.06s
[2020-12-28T11:19:19.060-0500][gc,heap        ] GC(23576) Heap before GC invocations=23576 (full 5409): garbage-first heap   total 64512K, used 53551K [0x0000000083000000, 0x0000000100000000)
[2020-12-28T11:19:19.060-0500][gc,heap        ] GC(23576)   region size 1024K, 10 young (10240K), 0 survivors (0K)
[2020-12-28T11:19:19.060-0500][gc,heap        ] GC(23576)  Metaspace       used 50313K, capacity 52468K, committed 53888K, reserved 1093632K
[2020-12-28T11:19:19.060-0500][gc,heap        ] GC(23576)   class space    used 7457K, capacity 8250K, committed 8832K, reserved 1048576K
[2020-12-28T11:19:19.060-0500][gc,start       ] GC(23576) Pause Young (Normal) (G1 Evacuation Pause)
[2020-12-28T11:19:19.060-0500][gc,task        ] GC(23576) Using 8 workers of 8 for evacuation
[2020-12-28T11:19:19.064-0500][gc,phases      ] GC(23576)   Pre Evacuate Collection Set: 0.0ms
[2020-12-28T11:19:19.064-0500][gc,phases      ] GC(23576)   Evacuate Collection Set: 1.5ms
[2020-12-28T11:19:19.064-0500][gc,phases      ] GC(23576)   Post Evacuate Collection Set: 2.1ms
[2020-12-28T11:19:19.064-0500][gc,phases      ] GC(23576)   Other: 0.5ms
[2020-12-28T11:19:19.064-0500][gc,heap        ] GC(23576) Eden regions: 10->0(9)
[2020-12-28T11:19:19.064-0500][gc,heap        ] GC(23576) Survivor regions: 0->1(2)
[2020-12-28T11:19:19.064-0500][gc,heap        ] GC(23576) Old regions: 41->41
[2020-12-28T11:19:19.064-0500][gc,heap        ] GC(23576) Humongous regions: 4->4
[2020-12-28T11:19:19.064-0500][gc,metaspace   ] GC(23576) Metaspace: 50313K->50313K(1093632K)
[2020-12-28T11:19:19.064-0500][gc,heap        ] GC(23576) Heap after GC invocations=23577 (full 5409): garbage-first heap   total 64512K, used 43399K [0x0000000083000000, 0x0000000100000000)
[2020-12-28T11:19:19.064-0500][gc,heap        ] GC(23576)   region size 1024K, 1 young (1024K), 1 survivors (1024K)
[2020-12-28T11:19:19.064-0500][gc,heap        ] GC(23576)  Metaspace       used 50313K, capacity 52468K, committed 53888K, reserved 1093632K
[2020-12-28T11:19:19.064-0500][gc,heap        ] GC(23576)   class space    used 7457K, capacity 8250K, committed 8832K, reserved 1048576K
[2020-12-28T11:19:19.065-0500][gc             ] GC(23576) Pause Young (Normal) (G1 Evacuation Pause) 52M->42M(63M) 4.215ms
[2020-12-28T11:19:19.065-0500][gc,cpu         ] GC(23576) User=0.00s Sys=0.01s Real=0.00s
[2020-12-28T11:21:29.803-0500][gc,heap        ] GC(23577) Heap before GC invocations=23577 (full 5409): garbage-first heap   total 64512K, used 51591K [0x0000000083000000, 0x0000000100000000)
[2020-12-28T11:21:29.804-0500][gc,heap        ] GC(23577)   region size 1024K, 10 young (10240K), 1 survivors (1024K)
[2020-12-28T11:21:29.804-0500][gc,heap        ] GC(23577)  Metaspace       used 50313K, capacity 52468K, committed 53888K, reserved 1093632K
[2020-12-28T11:21:29.804-0500][gc,heap        ] GC(23577)   class space    used 7457K, capacity 8250K, committed 8832K, reserved 1048576K
[2020-12-28T11:21:29.804-0500][gc,start       ] GC(23577) Pause Young (Normal) (G1 Evacuation Pause)
[2020-12-28T11:21:29.804-0500][gc,task        ] GC(23577) Using 8 workers of 8 for evacuation
[2020-12-28T11:21:29.813-0500][gc,phases      ] GC(23577)   Pre Evacuate Collection Set: 0.0ms
[2020-12-28T11:21:29.813-0500][gc,phases      ] GC(23577)   Evacuate Collection Set: 5.8ms
[2020-12-28T11:21:29.813-0500][gc,phases      ] GC(23577)   Post Evacuate Collection Set: 2.7ms
[2020-12-28T11:21:29.813-0500][gc,phases      ] GC(23577)   Other: 0.8ms
[2020-12-28T11:21:29.813-0500][gc,heap        ] GC(23577) Eden regions: 9->0(9)
[2020-12-28T11:21:29.813-0500][gc,heap        ] GC(23577) Survivor regions: 1->1(2)
[2020-12-28T11:21:29.813-0500][gc,heap        ] GC(23577) Old regions: 41->41
[2020-12-28T11:21:29.813-0500][gc,heap        ] GC(23577) Humongous regions: 4->4
[2020-12-28T11:21:29.813-0500][gc,metaspace   ] GC(23577) Metaspace: 50313K->50313K(1093632K)
[2020-12-28T11:21:29.813-0500][gc,heap        ] GC(23577) Heap after GC invocations=23578 (full 5409): garbage-first heap   total 64512K, used 43368K [0x0000000083000000, 0x0000000100000000)
[2020-12-28T11:21:29.813-0500][gc,heap        ] GC(23577)   region size 1024K, 1 young (1024K), 1 survivors (1024K)
[2020-12-28T11:21:29.813-0500][gc,heap        ] GC(23577)  Metaspace       used 50313K, capacity 52468K, committed 53888K, reserved 1093632K
[2020-12-28T11:21:29.813-0500][gc,heap        ] GC(23577)   class space    used 7457K, capacity 8250K, committed 8832K, reserved 1048576K
[2020-12-28T11:21:29.813-0500][gc             ] GC(23577) Pause Young (Normal) (G1 Evacuation Pause) 51M->42M(63M) 9.206ms
[2020-12-28T11:21:29.813-0500][gc,cpu         ] GC(23577) User=0.03s Sys=0.01s Real=0.01s
[2020-12-28T11:21:45.191-0500][gc,task        ] GC(23578) Using 5 workers of 8 for full compaction
[2020-12-28T11:21:45.191-0500][gc,start       ] GC(23578) Pause Full (System.gc())
[2020-12-28T11:21:45.191-0500][gc,heap        ] GC(23578) Heap before GC invocations=23578 (full 5409): garbage-first heap   total 64512K, used 43368K [0x0000000083000000, 0x0000000100000000)
[2020-12-28T11:21:45.191-0500][gc,heap        ] GC(23578)   region size 1024K, 2 young (2048K), 1 survivors (1024K)
[2020-12-28T11:21:45.191-0500][gc,heap        ] GC(23578)  Metaspace       used 50313K, capacity 52468K, committed 53888K, reserved 1093632K
[2020-12-28T11:21:45.191-0500][gc,heap        ] GC(23578)   class space    used 7457K, capacity 8250K, committed 8832K, reserved 1048576K
[2020-12-28T11:21:45.192-0500][gc,phases,start] GC(23578) Phase 1: Mark live objects
[2020-12-28T11:21:45.219-0500][gc,stringtable ] GC(23578) Cleaned string and symbol table, strings: 33320 processed, 4 removed, symbols: 120973 processed, 0 removed
[2020-12-28T11:21:45.219-0500][gc,phases      ] GC(23578) Phase 1: Mark live objects 27.714ms
[2020-12-28T11:21:45.219-0500][gc,phases,start] GC(23578) Phase 2: Prepare for compaction
[2020-12-28T11:21:45.224-0500][gc,phases      ] GC(23578) Phase 2: Prepare for compaction 4.631ms
[2020-12-28T11:21:45.224-0500][gc,phases,start] GC(23578) Phase 3: Adjust pointers
[2020-12-28T11:21:45.235-0500][gc,phases      ] GC(23578) Phase 3: Adjust pointers 11.172ms
[2020-12-28T11:21:45.235-0500][gc,phases,start] GC(23578) Phase 4: Compact heap
[2020-12-28T11:21:45.238-0500][gc,phases      ] GC(23578) Phase 4: Compact heap 2.679ms
[2020-12-28T11:21:45.242-0500][gc,heap        ] GC(23578) Eden regions: 1->0(9)
[2020-12-28T11:21:45.242-0500][gc,heap        ] GC(23578) Survivor regions: 1->0(2)
[2020-12-28T11:21:45.242-0500][gc,heap        ] GC(23578) Old regions: 41->42
[2020-12-28T11:21:45.242-0500][gc,heap        ] GC(23578) Humongous regions: 4->4
[2020-12-28T11:21:45.242-0500][gc,metaspace   ] GC(23578) Metaspace: 50313K->50313K(1093632K)
[2020-12-28T11:21:45.242-0500][gc,heap        ] GC(23578) Heap after GC invocations=23579 (full 5410): garbage-first heap   total 64512K, used 43311K [0x0000000083000000, 0x0000000100000000)
[2020-12-28T11:21:45.242-0500][gc,heap        ] GC(23578)   region size 1024K, 0 young (0K), 0 survivors (0K)
[2020-12-28T11:21:45.242-0500][gc,heap        ] GC(23578)  Metaspace       used 50313K, capacity 52468K, committed 53888K, reserved 1093632K
[2020-12-28T11:21:45.243-0500][gc,heap        ] GC(23578)   class space    used 7457K, capacity 8250K, committed 8832K, reserved 1048576K
[2020-12-28T11:21:45.243-0500][gc             ] GC(23578) Pause Full (System.gc()) 43M->42M(63M) 51.234ms
[2020-12-28T11:21:45.243-0500][gc,cpu         ] GC(23578) User=0.22s Sys=0.00s Real=0.05s
[2020-12-28T11:23:59.063-0500][gc,heap        ] GC(23579) Heap before GC invocations=23579 (full 5410): garbage-first heap   total 64512K, used 51503K [0x0000000083000000, 0x0000000100000000)
[2020-12-28T11:23:59.063-0500][gc,heap        ] GC(23579)   region size 1024K, 9 young (9216K), 0 survivors (0K)
[2020-12-28T11:23:59.063-0500][gc,heap        ] GC(23579)  Metaspace       used 50313K, capacity 52468K, committed 53888K, reserved 1093632K
[2020-12-28T11:23:59.063-0500][gc,heap        ] GC(23579)   class space    used 7457K, capacity 8250K, committed 8832K, reserved 1048576K
[2020-12-28T11:23:59.063-0500][gc,start       ] GC(23579) Pause Young (Normal) (G1 Evacuation Pause)
[2020-12-28T11:23:59.063-0500][gc,task        ] GC(23579) Using 8 workers of 8 for evacuation
[2020-12-28T11:23:59.066-0500][gc,phases      ] GC(23579)   Pre Evacuate Collection Set: 0.0ms
[2020-12-28T11:23:59.066-0500][gc,phases      ] GC(23579)   Evacuate Collection Set: 1.0ms
[2020-12-28T11:23:59.066-0500][gc,phases      ] GC(23579)   Post Evacuate Collection Set: 1.9ms
[2020-12-28T11:23:59.066-0500][gc,phases      ] GC(23579)   Other: 0.3ms
[2020-12-28T11:23:59.066-0500][gc,heap        ] GC(23579) Eden regions: 9->0(8)
[2020-12-28T11:23:59.066-0500][gc,heap        ] GC(23579) Survivor regions: 0->1(2)
[2020-12-28T11:23:59.066-0500][gc,heap        ] GC(23579) Old regions: 42->42
[2020-12-28T11:23:59.066-0500][gc,heap        ] GC(23579) Humongous regions: 4->4
[2020-12-28T11:23:59.066-0500][gc,metaspace   ] GC(23579) Metaspace: 50313K->50313K(1093632K)
[2020-12-28T11:23:59.066-0500][gc,heap        ] GC(23579) Heap after GC invocations=23580 (full 5410): garbage-first heap   total 64512K, used 43377K [0x0000000083000000, 0x0000000100000000)
[2020-12-28T11:23:59.066-0500][gc,heap        ] GC(23579)   region size 1024K, 1 young (1024K), 1 survivors (1024K)
[2020-12-28T11:23:59.066-0500][gc,heap        ] GC(23579)  Metaspace       used 50313K, capacity 52468K, committed 53888K, reserved 1093632K
[2020-12-28T11:23:59.066-0500][gc,heap        ] GC(23579)   class space    used 7457K, capacity 8250K, committed 8832K, reserved 1048576K
[2020-12-28T11:23:59.066-0500][gc             ] GC(23579) Pause Young (Normal) (G1 Evacuation Pause) 51M->42M(63M) 3.296ms
[2020-12-28T11:23:59.066-0500][gc,cpu         ] GC(23579) User=0.00s Sys=0.01s Real=0.00s
[2020-12-28T11:25:50.032-0500][gc,heap        ] GC(23580) Heap before GC invocations=23580 (full 5410): garbage-first heap   total 64512K, used 51569K [0x0000000083000000, 0x0000000100000000)
[2020-12-28T11:25:50.032-0500][gc,heap        ] GC(23580)   region size 1024K, 9 young (9216K), 1 survivors (1024K)
[2020-12-28T11:25:50.032-0500][gc,heap        ] GC(23580)  Metaspace       used 50313K, capacity 52468K, committed 53888K, reserved 1093632K
[2020-12-28T11:25:50.032-0500][gc,heap        ] GC(23580)   class space    used 7457K, capacity 8250K, committed 8832K, reserved 1048576K
[2020-12-28T11:25:50.032-0500][gc,start       ] GC(23580) Pause Young (Normal) (G1 Evacuation Pause)
[2020-12-28T11:25:50.032-0500][gc,task        ] GC(23580) Using 8 workers of 8 for evacuation
[2020-12-28T11:25:50.039-0500][gc,phases      ] GC(23580)   Pre Evacuate Collection Set: 0.0ms
[2020-12-28T11:25:50.040-0500][gc,phases      ] GC(23580)   Evacuate Collection Set: 4.2ms
[2020-12-28T11:25:50.040-0500][gc,phases      ] GC(23580)   Post Evacuate Collection Set: 2.7ms
[2020-12-28T11:25:50.040-0500][gc,phases      ] GC(23580)   Other: 0.5ms
[2020-12-28T11:25:50.040-0500][gc,heap        ] GC(23580) Eden regions: 8->0(8)
[2020-12-28T11:25:50.040-0500][gc,heap        ] GC(23580) Survivor regions: 1->1(2)
[2020-12-28T11:25:50.040-0500][gc,heap        ] GC(23580) Old regions: 42->42
[2020-12-28T11:25:50.040-0500][gc,heap        ] GC(23580) Humongous regions: 4->4
[2020-12-28T11:25:50.040-0500][gc,metaspace   ] GC(23580) Metaspace: 50313K->50313K(1093632K)
[2020-12-28T11:25:50.040-0500][gc,heap        ] GC(23580) Heap after GC invocations=23581 (full 5410): garbage-first heap   total 64512K, used 43376K [0x0000000083000000, 0x0000000100000000)
[2020-12-28T11:25:50.040-0500][gc,heap        ] GC(23580)   region size 1024K, 1 young (1024K), 1 survivors (1024K)
[2020-12-28T11:25:50.040-0500][gc,heap        ] GC(23580)  Metaspace       used 50313K, capacity 52468K, committed 53888K, reserved 1093632K
[2020-12-28T11:25:50.040-0500][gc,heap        ] GC(23580)   class space    used 7457K, capacity 8250K, committed 8832K, reserved 1048576K
[2020-12-28T11:25:50.040-0500][gc             ] GC(23580) Pause Young (Normal) (G1 Evacuation Pause) 50M->42M(63M) 7.671ms
[2020-12-28T11:25:50.040-0500][gc,cpu         ] GC(23580) User=0.02s Sys=0.00s Real=0.01s
[2020-12-28T11:26:45.191-0500][gc,task        ] GC(23581) Using 5 workers of 8 for full compaction
[2020-12-28T11:26:45.191-0500][gc,start       ] GC(23581) Pause Full (System.gc())
[2020-12-28T11:26:45.191-0500][gc,heap        ] GC(23581) Heap before GC invocations=23581 (full 5410): garbage-first heap   total 64512K, used 46448K [0x0000000083000000, 0x0000000100000000)
[2020-12-28T11:26:45.191-0500][gc,heap        ] GC(23581)   region size 1024K, 5 young (5120K), 1 survivors (1024K)
[2020-12-28T11:26:45.191-0500][gc,heap        ] GC(23581)  Metaspace       used 50313K, capacity 52468K, committed 53888K, reserved 1093632K
[2020-12-28T11:26:45.191-0500][gc,heap        ] GC(23581)   class space    used 7457K, capacity 8250K, committed 8832K, reserved 1048576K
[2020-12-28T11:26:45.192-0500][gc,phases,start] GC(23581) Phase 1: Mark live objects
[2020-12-28T11:26:45.236-0500][gc,stringtable ] GC(23581) Cleaned string and symbol table, strings: 33320 processed, 4 removed, symbols: 120973 processed, 0 removed
[2020-12-28T11:26:45.236-0500][gc,phases      ] GC(23581) Phase 1: Mark live objects 44.550ms
[2020-12-28T11:26:45.236-0500][gc,phases,start] GC(23581) Phase 2: Prepare for compaction
[2020-12-28T11:26:45.240-0500][gc,phases      ] GC(23581) Phase 2: Prepare for compaction 3.738ms
[2020-12-28T11:26:45.240-0500][gc,phases,start] GC(23581) Phase 3: Adjust pointers
[2020-12-28T11:26:45.251-0500][gc,phases      ] GC(23581) Phase 3: Adjust pointers 11.349ms
[2020-12-28T11:26:45.251-0500][gc,phases,start] GC(23581) Phase 4: Compact heap
[2020-12-28T11:26:45.254-0500][gc,phases      ] GC(23581) Phase 4: Compact heap 2.834ms
[2020-12-28T11:26:45.259-0500][gc,heap        ] GC(23581) Eden regions: 4->0(10)
[2020-12-28T11:26:45.259-0500][gc,heap        ] GC(23581) Survivor regions: 1->0(2)
[2020-12-28T11:26:45.259-0500][gc,heap        ] GC(23581) Old regions: 42->41
[2020-12-28T11:26:45.259-0500][gc,heap        ] GC(23581) Humongous regions: 4->4
[2020-12-28T11:26:45.259-0500][gc,metaspace   ] GC(23581) Metaspace: 50313K->50313K(1093632K)
[2020-12-28T11:26:45.259-0500][gc,heap        ] GC(23581) Heap after GC invocations=23582 (full 5411): garbage-first heap   total 64512K, used 43326K [0x0000000083000000, 0x0000000100000000)
[2020-12-28T11:26:45.259-0500][gc,heap        ] GC(23581)   region size 1024K, 0 young (0K), 0 survivors (0K)
[2020-12-28T11:26:45.259-0500][gc,heap        ] GC(23581)  Metaspace       used 50313K, capacity 52468K, committed 53888K, reserved 1093632K
[2020-12-28T11:26:45.259-0500][gc,heap        ] GC(23581)   class space    used 7457K, capacity 8250K, committed 8832K, reserved 1048576K
[2020-12-28T11:26:45.259-0500][gc             ] GC(23581) Pause Full (System.gc()) 45M->42M(63M) 68.327ms
[2020-12-28T11:26:45.259-0500][gc,cpu         ] GC(23581) User=0.31s Sys=0.00s Real=0.07s
[2020-12-28T11:29:09.066-0500][gc,heap        ] GC(23582) Heap before GC invocations=23582 (full 5411): garbage-first heap   total 64512K, used 53566K [0x0000000083000000, 0x0000000100000000)
[2020-12-28T11:29:09.066-0500][gc,heap        ] GC(23582)   region size 1024K, 10 young (10240K), 0 survivors (0K)
[2020-12-28T11:29:09.066-0500][gc,heap        ] GC(23582)  Metaspace       used 50313K, capacity 52468K, committed 53888K, reserved 1093632K
[2020-12-28T11:29:09.066-0500][gc,heap        ] GC(23582)   class space    used 7457K, capacity 8250K, committed 8832K, reserved 1048576K
[2020-12-28T11:29:09.066-0500][gc,start       ] GC(23582) Pause Young (Normal) (G1 Evacuation Pause)
[2020-12-28T11:29:09.066-0500][gc,task        ] GC(23582) Using 8 workers of 8 for evacuation
[2020-12-28T11:29:09.110-0500][gc,phases      ] GC(23582)   Pre Evacuate Collection Set: 0.0ms
[2020-12-28T11:29:09.110-0500][gc,phases      ] GC(23582)   Evacuate Collection Set: 25.6ms
[2020-12-28T11:29:09.110-0500][gc,phases      ] GC(23582)   Post Evacuate Collection Set: 17.4ms
[2020-12-28T11:29:09.110-0500][gc,phases      ] GC(23582)   Other: 0.3ms
[2020-12-28T11:29:09.110-0500][gc,heap        ] GC(23582) Eden regions: 10->0(9)
[2020-12-28T11:29:09.110-0500][gc,heap        ] GC(23582) Survivor regions: 0->1(2)
[2020-12-28T11:29:09.110-0500][gc,heap        ] GC(23582) Old regions: 41->41
[2020-12-28T11:29:09.110-0500][gc,heap        ] GC(23582) Humongous regions: 4->4
[2020-12-28T11:29:09.110-0500][gc,metaspace   ] GC(23582) Metaspace: 50313K->50313K(1093632K)
[2020-12-28T11:29:09.110-0500][gc,heap        ] GC(23582) Heap after GC invocations=23583 (full 5411): garbage-first heap   total 64512K, used 43400K [0x0000000083000000, 0x0000000100000000)
[2020-12-28T11:29:09.110-0500][gc,heap        ] GC(23582)   region size 1024K, 1 young (1024K), 1 survivors (1024K)
[2020-12-28T11:29:09.110-0500][gc,heap        ] GC(23582)  Metaspace       used 50313K, capacity 52468K, committed 53888K, reserved 1093632K
[2020-12-28T11:29:09.110-0500][gc,heap        ] GC(23582)   class space    used 7457K, capacity 8250K, committed 8832K, reserved 1048576K
[2020-12-28T11:29:09.110-0500][gc             ] GC(23582) Pause Young (Normal) (G1 Evacuation Pause) 52M->42M(63M) 43.369ms
[2020-12-28T11:29:09.110-0500][gc,cpu         ] GC(23582) User=0.24s Sys=0.00s Real=0.05s
[2020-12-28T11:31:29.064-0500][gc,heap        ] GC(23583) Heap before GC invocations=23583 (full 5411): garbage-first heap   total 64512K, used 52616K [0x0000000083000000, 0x0000000100000000)
[2020-12-28T11:31:29.064-0500][gc,heap        ] GC(23583)   region size 1024K, 10 young (10240K), 1 survivors (1024K)
[2020-12-28T11:31:29.064-0500][gc,heap        ] GC(23583)  Metaspace       used 50313K, capacity 52468K, committed 53888K, reserved 1093632K
[2020-12-28T11:31:29.064-0500][gc,heap        ] GC(23583)   class space    used 7457K, capacity 8250K, committed 8832K, reserved 1048576K
[2020-12-28T11:31:29.064-0500][gc,start       ] GC(23583) Pause Young (Normal) (G1 Evacuation Pause)
[2020-12-28T11:31:29.064-0500][gc,task        ] GC(23583) Using 8 workers of 8 for evacuation
[2020-12-28T11:31:29.077-0500][gc,phases      ] GC(23583)   Pre Evacuate Collection Set: 0.1ms
[2020-12-28T11:31:29.077-0500][gc,phases      ] GC(23583)   Evacuate Collection Set: 5.3ms
[2020-12-28T11:31:29.078-0500][gc,phases      ] GC(23583)   Post Evacuate Collection Set: 8.0ms
[2020-12-28T11:31:29.078-0500][gc,phases      ] GC(23583)   Other: 0.4ms
[2020-12-28T11:31:29.078-0500][gc,heap        ] GC(23583) Eden regions: 9->0(9)
[2020-12-28T11:31:29.078-0500][gc,heap        ] GC(23583) Survivor regions: 1->1(2)
[2020-12-28T11:31:29.078-0500][gc,heap        ] GC(23583) Old regions: 41->41
[2020-12-28T11:31:29.078-0500][gc,heap        ] GC(23583) Humongous regions: 4->4
[2020-12-28T11:31:29.078-0500][gc,metaspace   ] GC(23583) Metaspace: 50313K->50313K(1093632K)
[2020-12-28T11:31:29.078-0500][gc,heap        ] GC(23583) Heap after GC invocations=23584 (full 5411): garbage-first heap   total 64512K, used 43401K [0x0000000083000000, 0x0000000100000000)
[2020-12-28T11:31:29.078-0500][gc,heap        ] GC(23583)   region size 1024K, 1 young (1024K), 1 survivors (1024K)
[2020-12-28T11:31:29.078-0500][gc,heap        ] GC(23583)  Metaspace       used 50313K, capacity 52468K, committed 53888K, reserved 1093632K
[2020-12-28T11:31:29.078-0500][gc,heap        ] GC(23583)   class space    used 7457K, capacity 8250K, committed 8832K, reserved 1048576K
[2020-12-28T11:31:29.078-0500][gc             ] GC(23583) Pause Young (Normal) (G1 Evacuation Pause) 51M->42M(63M) 14.214ms
[2020-12-28T11:31:29.078-0500][gc,cpu         ] GC(23583) User=0.06s Sys=0.00s Real=0.02s
[2020-12-28T11:31:45.190-0500][gc,task        ] GC(23584) Using 5 workers of 8 for full compaction
[2020-12-28T11:31:45.190-0500][gc,start       ] GC(23584) Pause Full (System.gc())
[2020-12-28T11:31:45.190-0500][gc,heap        ] GC(23584) Heap before GC invocations=23584 (full 5411): garbage-first heap   total 64512K, used 43401K [0x0000000083000000, 0x0000000100000000)
[2020-12-28T11:31:45.190-0500][gc,heap        ] GC(23584)   region size 1024K, 3 young (3072K), 1 survivors (1024K)
[2020-12-28T11:31:45.190-0500][gc,heap        ] GC(23584)  Metaspace       used 50313K, capacity 52468K, committed 53888K, reserved 1093632K
[2020-12-28T11:31:45.190-0500][gc,heap        ] GC(23584)   class space    used 7457K, capacity 8250K, committed 8832K, reserved 1048576K
[2020-12-28T11:31:45.191-0500][gc,phases,start] GC(23584) Phase 1: Mark live objects
[2020-12-28T11:31:45.223-0500][gc,stringtable ] GC(23584) Cleaned string and symbol table, strings: 33320 processed, 4 removed, symbols: 120973 processed, 0 removed
[2020-12-28T11:31:45.223-0500][gc,phases      ] GC(23584) Phase 1: Mark live objects 32.252ms
[2020-12-28T11:31:45.223-0500][gc,phases,start] GC(23584) Phase 2: Prepare for compaction
[2020-12-28T11:31:45.228-0500][gc,phases      ] GC(23584) Phase 2: Prepare for compaction 5.032ms
[2020-12-28T11:31:45.228-0500][gc,phases,start] GC(23584) Phase 3: Adjust pointers
[2020-12-28T11:31:45.242-0500][gc,phases      ] GC(23584) Phase 3: Adjust pointers 13.447ms
[2020-12-28T11:31:45.242-0500][gc,phases,start] GC(23584) Phase 4: Compact heap
[2020-12-28T11:31:45.245-0500][gc,phases      ] GC(23584) Phase 4: Compact heap 3.274ms
[2020-12-28T11:31:45.251-0500][gc,heap        ] GC(23584) Eden regions: 2->0(9)
[2020-12-28T11:31:45.251-0500][gc,heap        ] GC(23584) Survivor regions: 1->0(2)
[2020-12-28T11:31:45.251-0500][gc,heap        ] GC(23584) Old regions: 41->42
[2020-12-28T11:31:45.251-0500][gc,heap        ] GC(23584) Humongous regions: 4->4
[2020-12-28T11:31:45.251-0500][gc,metaspace   ] GC(23584) Metaspace: 50313K->50313K(1093632K)
[2020-12-28T11:31:45.251-0500][gc,heap        ] GC(23584) Heap after GC invocations=23585 (full 5412): garbage-first heap   total 64512K, used 43311K [0x0000000083000000, 0x0000000100000000)
[2020-12-28T11:31:45.251-0500][gc,heap        ] GC(23584)   region size 1024K, 0 young (0K), 0 survivors (0K)
[2020-12-28T11:31:45.251-0500][gc,heap        ] GC(23584)  Metaspace       used 50313K, capacity 52468K, committed 53888K, reserved 1093632K
[2020-12-28T11:31:45.251-0500][gc,heap        ] GC(23584)   class space    used 7457K, capacity 8250K, committed 8832K, reserved 1048576K
[2020-12-28T11:31:45.251-0500][gc             ] GC(23584) Pause Full (System.gc()) 43M->42M(63M) 60.781ms
[2020-12-28T11:31:45.251-0500][gc,cpu         ] GC(23584) User=0.27s Sys=0.00s Real=0.06s
[2020-12-28T11:33:59.062-0500][gc,heap        ] GC(23585) Heap before GC invocations=23585 (full 5412): garbage-first heap   total 64512K, used 52527K [0x0000000083000000, 0x0000000100000000)
[2020-12-28T11:33:59.062-0500][gc,heap        ] GC(23585)   region size 1024K, 9 young (9216K), 0 survivors (0K)
[2020-12-28T11:33:59.062-0500][gc,heap        ] GC(23585)  Metaspace       used 50313K, capacity 52468K, committed 53888K, reserved 1093632K
[2020-12-28T11:33:59.062-0500][gc,heap        ] GC(23585)   class space    used 7457K, capacity 8250K, committed 8832K, reserved 1048576K
[2020-12-28T11:33:59.062-0500][gc,start       ] GC(23585) Pause Young (Normal) (G1 Evacuation Pause)
[2020-12-28T11:33:59.062-0500][gc,task        ] GC(23585) Using 8 workers of 8 for evacuation
[2020-12-28T11:33:59.064-0500][gc,phases      ] GC(23585)   Pre Evacuate Collection Set: 0.0ms
[2020-12-28T11:33:59.064-0500][gc,phases      ] GC(23585)   Evacuate Collection Set: 0.6ms
[2020-12-28T11:33:59.064-0500][gc,phases      ] GC(23585)   Post Evacuate Collection Set: 0.9ms
[2020-12-28T11:33:59.064-0500][gc,phases      ] GC(23585)   Other: 0.2ms
[2020-12-28T11:33:59.064-0500][gc,heap        ] GC(23585) Eden regions: 9->0(8)
[2020-12-28T11:33:59.064-0500][gc,heap        ] GC(23585) Survivor regions: 0->1(2)
[2020-12-28T11:33:59.064-0500][gc,heap        ] GC(23585) Old regions: 42->42
[2020-12-28T11:33:59.064-0500][gc,heap        ] GC(23585) Humongous regions: 4->4
[2020-12-28T11:33:59.064-0500][gc,metaspace   ] GC(23585) Metaspace: 50313K->50313K(1093632K)
[2020-12-28T11:33:59.064-0500][gc,heap        ] GC(23585) Heap after GC invocations=23586 (full 5412): garbage-first heap   total 64512K, used 43395K [0x0000000083000000, 0x0000000100000000)
[2020-12-28T11:33:59.064-0500][gc,heap        ] GC(23585)   region size 1024K, 1 young (1024K), 1 survivors (1024K)
[2020-12-28T11:33:59.064-0500][gc,heap        ] GC(23585)  Metaspace       used 50313K, capacity 52468K, committed 53888K, reserved 1093632K
[2020-12-28T11:33:59.064-0500][gc,heap        ] GC(23585)   class space    used 7457K, capacity 8250K, committed 8832K, reserved 1048576K
[2020-12-28T11:33:59.064-0500][gc             ] GC(23585) Pause Young (Normal) (G1 Evacuation Pause) 51M->42M(63M) 1.770ms
[2020-12-28T11:33:59.064-0500][gc,cpu         ] GC(23585) User=0.00s Sys=0.00s Real=0.00s
[2020-12-28T11:35:59.067-0500][gc,heap        ] GC(23586) Heap before GC invocations=23586 (full 5412): garbage-first heap   total 64512K, used 50563K [0x0000000083000000, 0x0000000100000000)
[2020-12-28T11:35:59.067-0500][gc,heap        ] GC(23586)   region size 1024K, 9 young (9216K), 1 survivors (1024K)
[2020-12-28T11:35:59.067-0500][gc,heap        ] GC(23586)  Metaspace       used 50313K, capacity 52468K, committed 53888K, reserved 1093632K
[2020-12-28T11:35:59.067-0500][gc,heap        ] GC(23586)   class space    used 7457K, capacity 8250K, committed 8832K, reserved 1048576K
[2020-12-28T11:35:59.067-0500][gc,start       ] GC(23586) Pause Young (Normal) (G1 Evacuation Pause)
[2020-12-28T11:35:59.067-0500][gc,task        ] GC(23586) Using 8 workers of 8 for evacuation
[2020-12-28T11:35:59.081-0500][gc,phases      ] GC(23586)   Pre Evacuate Collection Set: 0.0ms
[2020-12-28T11:35:59.081-0500][gc,phases      ] GC(23586)   Evacuate Collection Set: 11.6ms
[2020-12-28T11:35:59.081-0500][gc,phases      ] GC(23586)   Post Evacuate Collection Set: 2.7ms
[2020-12-28T11:35:59.081-0500][gc,phases      ] GC(23586)   Other: 0.3ms
[2020-12-28T11:35:59.081-0500][gc,heap        ] GC(23586) Eden regions: 8->0(8)
[2020-12-28T11:35:59.081-0500][gc,heap        ] GC(23586) Survivor regions: 1->1(2)
[2020-12-28T11:35:59.081-0500][gc,heap        ] GC(23586) Old regions: 42->42
[2020-12-28T11:35:59.081-0500][gc,heap        ] GC(23586) Humongous regions: 4->4
[2020-12-28T11:35:59.081-0500][gc,metaspace   ] GC(23586) Metaspace: 50313K->50313K(1093632K)
[2020-12-28T11:35:59.081-0500][gc,heap        ] GC(23586) Heap after GC invocations=23587 (full 5412): garbage-first heap   total 64512K, used 43359K [0x0000000083000000, 0x0000000100000000)
[2020-12-28T11:35:59.081-0500][gc,heap        ] GC(23586)   region size 1024K, 1 young (1024K), 1 survivors (1024K)
[2020-12-28T11:35:59.081-0500][gc,heap        ] GC(23586)  Metaspace       used 50313K, capacity 52468K, committed 53888K, reserved 1093632K
[2020-12-28T11:35:59.082-0500][gc,heap        ] GC(23586)   class space    used 7457K, capacity 8250K, committed 8832K, reserved 1048576K
[2020-12-28T11:35:59.082-0500][gc             ] GC(23586) Pause Young (Normal) (G1 Evacuation Pause) 50M->42M(63M) 14.766ms
[2020-12-28T11:35:59.082-0500][gc,cpu         ] GC(23586) User=0.06s Sys=0.00s Real=0.02s
[2020-12-28T11:36:45.190-0500][gc,task        ] GC(23587) Using 5 workers of 8 for full compaction
[2020-12-28T11:36:45.190-0500][gc,start       ] GC(23587) Pause Full (System.gc())
[2020-12-28T11:36:45.190-0500][gc,heap        ] GC(23587) Heap before GC invocations=23587 (full 5412): garbage-first heap   total 64512K, used 45407K [0x0000000083000000, 0x0000000100000000)
[2020-12-28T11:36:45.190-0500][gc,heap        ] GC(23587)   region size 1024K, 4 young (4096K), 1 survivors (1024K)
[2020-12-28T11:36:45.190-0500][gc,heap        ] GC(23587)  Metaspace       used 50313K, capacity 52468K, committed 53888K, reserved 1093632K
[2020-12-28T11:36:45.190-0500][gc,heap        ] GC(23587)   class space    used 7457K, capacity 8250K, committed 8832K, reserved 1048576K
[2020-12-28T11:36:45.190-0500][gc,phases,start] GC(23587) Phase 1: Mark live objects
[2020-12-28T11:36:45.217-0500][gc,stringtable ] GC(23587) Cleaned string and symbol table, strings: 33320 processed, 4 removed, symbols: 120973 processed, 0 removed
[2020-12-28T11:36:45.217-0500][gc,phases      ] GC(23587) Phase 1: Mark live objects 26.515ms
[2020-12-28T11:36:45.217-0500][gc,phases,start] GC(23587) Phase 2: Prepare for compaction
[2020-12-28T11:36:45.223-0500][gc,phases      ] GC(23587) Phase 2: Prepare for compaction 5.616ms
[2020-12-28T11:36:45.223-0500][gc,phases,start] GC(23587) Phase 3: Adjust pointers
[2020-12-28T11:36:45.238-0500][gc,phases      ] GC(23587) Phase 3: Adjust pointers 14.900ms
[2020-12-28T11:36:45.238-0500][gc,phases,start] GC(23587) Phase 4: Compact heap
[2020-12-28T11:36:45.243-0500][gc,phases      ] GC(23587) Phase 4: Compact heap 5.479ms
[2020-12-28T11:36:45.251-0500][gc,heap        ] GC(23587) Eden regions: 3->0(9)
[2020-12-28T11:36:45.251-0500][gc,heap        ] GC(23587) Survivor regions: 1->0(2)
[2020-12-28T11:36:45.251-0500][gc,heap        ] GC(23587) Old regions: 42->42
[2020-12-28T11:36:45.251-0500][gc,heap        ] GC(23587) Humongous regions: 4->4
[2020-12-28T11:36:45.251-0500][gc,metaspace   ] GC(23587) Metaspace: 50313K->50313K(1093632K)
[2020-12-28T11:36:45.251-0500][gc,heap        ] GC(23587) Heap after GC invocations=23588 (full 5413): garbage-first heap   total 64512K, used 43324K [0x0000000083000000, 0x0000000100000000)
[2020-12-28T11:36:45.251-0500][gc,heap        ] GC(23587)   region size 1024K, 0 young (0K), 0 survivors (0K)
[2020-12-28T11:36:45.251-0500][gc,heap        ] GC(23587)  Metaspace       used 50313K, capacity 52468K, committed 53888K, reserved 1093632K
[2020-12-28T11:36:45.251-0500][gc,heap        ] GC(23587)   class space    used 7457K, capacity 8250K, committed 8832K, reserved 1048576K
[2020-12-28T11:36:45.251-0500][gc             ] GC(23587) Pause Full (System.gc()) 45M->42M(63M) 60.814ms
[2020-12-28T11:36:45.251-0500][gc,cpu         ] GC(23587) User=0.23s Sys=0.00s Real=0.06s
[2020-12-28T11:38:50.652-0500][gc,heap        ] GC(23588) Heap before GC invocations=23588 (full 5413): garbage-first heap   total 64512K, used 52540K [0x0000000083000000, 0x0000000100000000)
[2020-12-28T11:38:50.652-0500][gc,heap        ] GC(23588)   region size 1024K, 9 young (9216K), 0 survivors (0K)
[2020-12-28T11:38:50.652-0500][gc,heap        ] GC(23588)  Metaspace       used 50313K, capacity 52468K, committed 53888K, reserved 1093632K
[2020-12-28T11:38:50.652-0500][gc,heap        ] GC(23588)   class space    used 7457K, capacity 8250K, committed 8832K, reserved 1048576K
[2020-12-28T11:38:50.652-0500][gc,start       ] GC(23588) Pause Young (Normal) (G1 Evacuation Pause)
[2020-12-28T11:38:50.652-0500][gc,task        ] GC(23588) Using 8 workers of 8 for evacuation
[2020-12-28T11:38:50.655-0500][gc,phases      ] GC(23588)   Pre Evacuate Collection Set: 0.0ms
[2020-12-28T11:38:50.655-0500][gc,phases      ] GC(23588)   Evacuate Collection Set: 1.2ms
[2020-12-28T11:38:50.655-0500][gc,phases      ] GC(23588)   Post Evacuate Collection Set: 1.4ms
[2020-12-28T11:38:50.655-0500][gc,phases      ] GC(23588)   Other: 0.2ms
[2020-12-28T11:38:50.655-0500][gc,heap        ] GC(23588) Eden regions: 9->0(8)
[2020-12-28T11:38:50.655-0500][gc,heap        ] GC(23588) Survivor regions: 0->1(2)
[2020-12-28T11:38:50.655-0500][gc,heap        ] GC(23588) Old regions: 42->42
[2020-12-28T11:38:50.655-0500][gc,heap        ] GC(23588) Humongous regions: 4->4
[2020-12-28T11:38:50.655-0500][gc,metaspace   ] GC(23588) Metaspace: 50313K->50313K(1093632K)
[2020-12-28T11:38:50.655-0500][gc,heap        ] GC(23588) Heap after GC invocations=23589 (full 5413): garbage-first heap   total 64512K, used 43386K [0x0000000083000000, 0x0000000100000000)
[2020-12-28T11:38:50.655-0500][gc,heap        ] GC(23588)   region size 1024K, 1 young (1024K), 1 survivors (1024K)
[2020-12-28T11:38:50.655-0500][gc,heap        ] GC(23588)  Metaspace       used 50313K, capacity 52468K, committed 53888K, reserved 1093632K
[2020-12-28T11:38:50.655-0500][gc,heap        ] GC(23588)   class space    used 7457K, capacity 8250K, committed 8832K, reserved 1048576K
[2020-12-28T11:38:50.655-0500][gc             ] GC(23588) Pause Young (Normal) (G1 Evacuation Pause) 51M->42M(63M) 3.082ms
[2020-12-28T11:38:50.655-0500][gc,cpu         ] GC(23588) User=0.01s Sys=0.00s Real=0.00s
[2020-12-28T11:40:52.633-0500][gc,heap        ] GC(23589) Heap before GC invocations=23589 (full 5413): garbage-first heap   total 64512K, used 51578K [0x0000000083000000, 0x0000000100000000)
[2020-12-28T11:40:52.633-0500][gc,heap        ] GC(23589)   region size 1024K, 9 young (9216K), 1 survivors (1024K)
[2020-12-28T11:40:52.633-0500][gc,heap        ] GC(23589)  Metaspace       used 50313K, capacity 52468K, committed 53888K, reserved 1093632K
[2020-12-28T11:40:52.633-0500][gc,heap        ] GC(23589)   class space    used 7457K, capacity 8250K, committed 8832K, reserved 1048576K
[2020-12-28T11:40:52.633-0500][gc,start       ] GC(23589) Pause Young (Normal) (G1 Evacuation Pause)
[2020-12-28T11:40:52.633-0500][gc,task        ] GC(23589) Using 8 workers of 8 for evacuation
[2020-12-28T11:40:52.698-0500][gc,phases      ] GC(23589)   Pre Evacuate Collection Set: 0.0ms
[2020-12-28T11:40:52.698-0500][gc,phases      ] GC(23589)   Evacuate Collection Set: 32.1ms
[2020-12-28T11:40:52.698-0500][gc,phases      ] GC(23589)   Post Evacuate Collection Set: 32.8ms
[2020-12-28T11:40:52.699-0500][gc,phases      ] GC(23589)   Other: 0.4ms
[2020-12-28T11:40:52.699-0500][gc,heap        ] GC(23589) Eden regions: 8->0(8)
[2020-12-28T11:40:52.699-0500][gc,heap        ] GC(23589) Survivor regions: 1->1(2)
[2020-12-28T11:40:52.699-0500][gc,heap        ] GC(23589) Old regions: 42->42
[2020-12-28T11:40:52.699-0500][gc,heap        ] GC(23589) Humongous regions: 4->4
[2020-12-28T11:40:52.699-0500][gc,metaspace   ] GC(23589) Metaspace: 50313K->50313K(1093632K)
[2020-12-28T11:40:52.699-0500][gc,heap        ] GC(23589) Heap after GC invocations=23590 (full 5413): garbage-first heap   total 64512K, used 43374K [0x0000000083000000, 0x0000000100000000)
[2020-12-28T11:40:52.699-0500][gc,heap        ] GC(23589)   region size 1024K, 1 young (1024K), 1 survivors (1024K)
[2020-12-28T11:40:52.699-0500][gc,heap        ] GC(23589)  Metaspace       used 50313K, capacity 52468K, committed 53888K, reserved 1093632K
[2020-12-28T11:40:52.699-0500][gc,heap        ] GC(23589)   class space    used 7457K, capacity 8250K, committed 8832K, reserved 1048576K
[2020-12-28T11:40:52.699-0500][gc             ] GC(23589) Pause Young (Normal) (G1 Evacuation Pause) 50M->42M(63M) 65.990ms
[2020-12-28T11:40:52.699-0500][gc,cpu         ] GC(23589) User=0.41s Sys=0.00s Real=0.07s
[2020-12-28T11:41:45.190-0500][gc,task        ] GC(23590) Using 5 workers of 8 for full compaction
[2020-12-28T11:41:45.190-0500][gc,start       ] GC(23590) Pause Full (System.gc())
[2020-12-28T11:41:45.190-0500][gc,heap        ] GC(23590) Heap before GC invocations=23590 (full 5413): garbage-first heap   total 64512K, used 46446K [0x0000000083000000, 0x0000000100000000)
[2020-12-28T11:41:45.190-0500][gc,heap        ] GC(23590)   region size 1024K, 5 young (5120K), 1 survivors (1024K)
[2020-12-28T11:41:45.190-0500][gc,heap        ] GC(23590)  Metaspace       used 50313K, capacity 52468K, committed 53888K, reserved 1093632K
[2020-12-28T11:41:45.190-0500][gc,heap        ] GC(23590)   class space    used 7457K, capacity 8250K, committed 8832K, reserved 1048576K
[2020-12-28T11:41:45.190-0500][gc,phases,start] GC(23590) Phase 1: Mark live objects
[2020-12-28T11:41:45.218-0500][gc,stringtable ] GC(23590) Cleaned string and symbol table, strings: 33320 processed, 4 removed, symbols: 120973 processed, 0 removed
[2020-12-28T11:41:45.219-0500][gc,phases      ] GC(23590) Phase 1: Mark live objects 28.353ms
[2020-12-28T11:41:45.219-0500][gc,phases,start] GC(23590) Phase 2: Prepare for compaction
[2020-12-28T11:41:45.223-0500][gc,phases      ] GC(23590) Phase 2: Prepare for compaction 4.312ms
[2020-12-28T11:41:45.223-0500][gc,phases,start] GC(23590) Phase 3: Adjust pointers
[2020-12-28T11:41:45.237-0500][gc,phases      ] GC(23590) Phase 3: Adjust pointers 14.097ms
[2020-12-28T11:41:45.237-0500][gc,phases,start] GC(23590) Phase 4: Compact heap
[2020-12-28T11:41:45.242-0500][gc,phases      ] GC(23590) Phase 4: Compact heap 4.724ms
[2020-12-28T11:41:45.248-0500][gc,heap        ] GC(23590) Eden regions: 4->0(8)
[2020-12-28T11:41:45.248-0500][gc,heap        ] GC(23590) Survivor regions: 1->0(2)
[2020-12-28T11:41:45.248-0500][gc,heap        ] GC(23590) Old regions: 42->43
[2020-12-28T11:41:45.248-0500][gc,heap        ] GC(23590) Humongous regions: 4->4
[2020-12-28T11:41:45.248-0500][gc,metaspace   ] GC(23590) Metaspace: 50313K->50313K(1093632K)
[2020-12-28T11:41:45.248-0500][gc,heap        ] GC(23590) Heap after GC invocations=23591 (full 5414): garbage-first heap   total 64512K, used 43325K [0x0000000083000000, 0x0000000100000000)
[2020-12-28T11:41:45.248-0500][gc,heap        ] GC(23590)   region size 1024K, 0 young (0K), 0 survivors (0K)
[2020-12-28T11:41:45.248-0500][gc,heap        ] GC(23590)  Metaspace       used 50313K, capacity 52468K, committed 53888K, reserved 1093632K
[2020-12-28T11:41:45.248-0500][gc,heap        ] GC(23590)   class space    used 7457K, capacity 8250K, committed 8832K, reserved 1048576K
[2020-12-28T11:41:45.248-0500][gc             ] GC(23590) Pause Full (System.gc()) 45M->42M(63M) 57.937ms
[2020-12-28T11:41:45.248-0500][gc,cpu         ] GC(23590) User=0.24s Sys=0.00s Real=0.06s
[2020-12-28T11:43:39.060-0500][gc,heap        ] GC(23591) Heap before GC invocations=23591 (full 5414): garbage-first heap   total 64512K, used 50493K [0x0000000083000000, 0x0000000100000000)
[2020-12-28T11:43:39.060-0500][gc,heap        ] GC(23591)   region size 1024K, 8 young (8192K), 0 survivors (0K)
[2020-12-28T11:43:39.060-0500][gc,heap        ] GC(23591)  Metaspace       used 50313K, capacity 52468K, committed 53888K, reserved 1093632K
[2020-12-28T11:43:39.060-0500][gc,heap        ] GC(23591)   class space    used 7457K, capacity 8250K, committed 8832K, reserved 1048576K
[2020-12-28T11:43:39.060-0500][gc,start       ] GC(23591) Pause Young (Normal) (G1 Evacuation Pause)
[2020-12-28T11:43:39.060-0500][gc,task        ] GC(23591) Using 8 workers of 8 for evacuation
[2020-12-28T11:43:39.061-0500][gc,phases      ] GC(23591)   Pre Evacuate Collection Set: 0.0ms
[2020-12-28T11:43:39.061-0500][gc,phases      ] GC(23591)   Evacuate Collection Set: 0.7ms
[2020-12-28T11:43:39.061-0500][gc,phases      ] GC(23591)   Post Evacuate Collection Set: 0.9ms
[2020-12-28T11:43:39.061-0500][gc,phases      ] GC(23591)   Other: 0.2ms
[2020-12-28T11:43:39.061-0500][gc,heap        ] GC(23591) Eden regions: 8->0(7)
[2020-12-28T11:43:39.061-0500][gc,heap        ] GC(23591) Survivor regions: 0->1(1)
[2020-12-28T11:43:39.061-0500][gc,heap        ] GC(23591) Old regions: 43->43
[2020-12-28T11:43:39.061-0500][gc,heap        ] GC(23591) Humongous regions: 4->4
[2020-12-28T11:43:39.061-0500][gc,metaspace   ] GC(23591) Metaspace: 50313K->50313K(1093632K)
[2020-12-28T11:43:39.061-0500][gc,heap        ] GC(23591) Heap after GC invocations=23592 (full 5414): garbage-first heap   total 64512K, used 43386K [0x0000000083000000, 0x0000000100000000)
[2020-12-28T11:43:39.061-0500][gc,heap        ] GC(23591)   region size 1024K, 1 young (1024K), 1 survivors (1024K)
[2020-12-28T11:43:39.061-0500][gc,heap        ] GC(23591)  Metaspace       used 50313K, capacity 52468K, committed 53888K, reserved 1093632K
[2020-12-28T11:43:39.061-0500][gc,heap        ] GC(23591)   class space    used 7457K, capacity 8250K, committed 8832K, reserved 1048576K
[2020-12-28T11:43:39.089-0500][gc             ] GC(23591) Pause Young (Normal) (G1 Evacuation Pause) 50M->42M(63M) 29.334ms
[2020-12-28T11:43:39.089-0500][gc,cpu         ] GC(23591) User=0.02s Sys=0.01s Real=0.03s
[2020-12-28T11:45:24.689-0500][gc,heap        ] GC(23592) Heap before GC invocations=23592 (full 5414): garbage-first heap   total 64512K, used 49530K [0x0000000083000000, 0x0000000100000000)
[2020-12-28T11:45:24.689-0500][gc,heap        ] GC(23592)   region size 1024K, 8 young (8192K), 1 survivors (1024K)
[2020-12-28T11:45:24.689-0500][gc,heap        ] GC(23592)  Metaspace       used 50313K, capacity 52468K, committed 53888K, reserved 1093632K
[2020-12-28T11:45:24.689-0500][gc,heap        ] GC(23592)   class space    used 7457K, capacity 8250K, committed 8832K, reserved 1048576K
[2020-12-28T11:45:24.689-0500][gc,start       ] GC(23592) Pause Young (Normal) (G1 Evacuation Pause)
[2020-12-28T11:45:24.689-0500][gc,task        ] GC(23592) Using 8 workers of 8 for evacuation
[2020-12-28T11:45:24.691-0500][gc,phases      ] GC(23592)   Pre Evacuate Collection Set: 0.0ms
[2020-12-28T11:45:24.691-0500][gc,phases      ] GC(23592)   Evacuate Collection Set: 1.0ms
[2020-12-28T11:45:24.691-0500][gc,phases      ] GC(23592)   Post Evacuate Collection Set: 1.1ms
[2020-12-28T11:45:24.691-0500][gc,phases      ] GC(23592)   Other: 0.2ms
[2020-12-28T11:45:24.691-0500][gc,heap        ] GC(23592) Eden regions: 7->0(7)
[2020-12-28T11:45:24.691-0500][gc,heap        ] GC(23592) Survivor regions: 1->1(1)
[2020-12-28T11:45:24.691-0500][gc,heap        ] GC(23592) Old regions: 43->43
[2020-12-28T11:45:24.691-0500][gc,heap        ] GC(23592) Humongous regions: 4->4
[2020-12-28T11:45:24.691-0500][gc,metaspace   ] GC(23592) Metaspace: 50313K->50313K(1093632K)
[2020-12-28T11:45:24.691-0500][gc,heap        ] GC(23592) Heap after GC invocations=23593 (full 5414): garbage-first heap   total 64512K, used 43382K [0x0000000083000000, 0x0000000100000000)
[2020-12-28T11:45:24.691-0500][gc,heap        ] GC(23592)   region size 1024K, 1 young (1024K), 1 survivors (1024K)
[2020-12-28T11:45:24.691-0500][gc,heap        ] GC(23592)  Metaspace       used 50313K, capacity 52468K, committed 53888K, reserved 1093632K
[2020-12-28T11:45:24.691-0500][gc,heap        ] GC(23592)   class space    used 7457K, capacity 8250K, committed 8832K, reserved 1048576K
[2020-12-28T11:45:24.691-0500][gc             ] GC(23592) Pause Young (Normal) (G1 Evacuation Pause) 49M->42M(63M) 2.380ms
[2020-12-28T11:45:24.691-0500][gc,cpu         ] GC(23592) User=0.00s Sys=0.00s Real=0.00s
[2020-12-28T11:46:45.190-0500][gc,task        ] GC(23593) Using 5 workers of 8 for full compaction
[2020-12-28T11:46:45.190-0500][gc,start       ] GC(23593) Pause Full (System.gc())
[2020-12-28T11:46:45.190-0500][gc,heap        ] GC(23593) Heap before GC invocations=23593 (full 5414): garbage-first heap   total 64512K, used 48502K [0x0000000083000000, 0x0000000100000000)
[2020-12-28T11:46:45.190-0500][gc,heap        ] GC(23593)   region size 1024K, 7 young (7168K), 1 survivors (1024K)
[2020-12-28T11:46:45.190-0500][gc,heap        ] GC(23593)  Metaspace       used 50313K, capacity 52468K, committed 53888K, reserved 1093632K
[2020-12-28T11:46:45.190-0500][gc,heap        ] GC(23593)   class space    used 7457K, capacity 8250K, committed 8832K, reserved 1048576K
[2020-12-28T11:46:45.191-0500][gc,phases,start] GC(23593) Phase 1: Mark live objects
[2020-12-28T11:46:45.214-0500][gc,stringtable ] GC(23593) Cleaned string and symbol table, strings: 33320 processed, 4 removed, symbols: 120973 processed, 0 removed
[2020-12-28T11:46:45.214-0500][gc,phases      ] GC(23593) Phase 1: Mark live objects 23.495ms
[2020-12-28T11:46:45.214-0500][gc,phases,start] GC(23593) Phase 2: Prepare for compaction
[2020-12-28T11:46:45.218-0500][gc,phases      ] GC(23593) Phase 2: Prepare for compaction 4.166ms
[2020-12-28T11:46:45.218-0500][gc,phases,start] GC(23593) Phase 3: Adjust pointers
[2020-12-28T11:46:45.230-0500][gc,phases      ] GC(23593) Phase 3: Adjust pointers 12.038ms
[2020-12-28T11:46:45.230-0500][gc,phases,start] GC(23593) Phase 4: Compact heap
[2020-12-28T11:46:45.234-0500][gc,phases      ] GC(23593) Phase 4: Compact heap 3.206ms
[2020-12-28T11:46:45.240-0500][gc,heap        ] GC(23593) Eden regions: 6->0(10)
[2020-12-28T11:46:45.240-0500][gc,heap        ] GC(23593) Survivor regions: 1->0(1)
[2020-12-28T11:46:45.240-0500][gc,heap        ] GC(23593) Old regions: 43->41
[2020-12-28T11:46:45.240-0500][gc,heap        ] GC(23593) Humongous regions: 4->4
[2020-12-28T11:46:45.240-0500][gc,metaspace   ] GC(23593) Metaspace: 50313K->50313K(1093632K)
[2020-12-28T11:46:45.240-0500][gc,heap        ] GC(23593) Heap after GC invocations=23594 (full 5415): garbage-first heap   total 64512K, used 43335K [0x0000000083000000, 0x0000000100000000)
[2020-12-28T11:46:45.240-0500][gc,heap        ] GC(23593)   region size 1024K, 0 young (0K), 0 survivors (0K)
[2020-12-28T11:46:45.240-0500][gc,heap        ] GC(23593)  Metaspace       used 50313K, capacity 52468K, committed 53888K, reserved 1093632K
[2020-12-28T11:46:45.240-0500][gc,heap        ] GC(23593)   class space    used 7457K, capacity 8250K, committed 8832K, reserved 1048576K
[2020-12-28T11:46:45.240-0500][gc             ] GC(23593) Pause Full (System.gc()) 47M->42M(63M) 49.566ms
[2020-12-28T11:46:45.240-0500][gc,cpu         ] GC(23593) User=0.21s Sys=0.00s Real=0.05s
[2020-12-28T11:49:19.064-0500][gc,heap        ] GC(23594) Heap before GC invocations=23594 (full 5415): garbage-first heap   total 64512K, used 52551K [0x0000000083000000, 0x0000000100000000)
[2020-12-28T11:49:19.064-0500][gc,heap        ] GC(23594)   region size 1024K, 10 young (10240K), 0 survivors (0K)
[2020-12-28T11:49:19.064-0500][gc,heap        ] GC(23594)  Metaspace       used 50313K, capacity 52468K, committed 53888K, reserved 1093632K
[2020-12-28T11:49:19.064-0500][gc,heap        ] GC(23594)   class space    used 7457K, capacity 8250K, committed 8832K, reserved 1048576K
[2020-12-28T11:49:19.064-0500][gc,start       ] GC(23594) Pause Young (Normal) (G1 Evacuation Pause)
[2020-12-28T11:49:19.064-0500][gc,task        ] GC(23594) Using 8 workers of 8 for evacuation
[2020-12-28T11:49:19.067-0500][gc,phases      ] GC(23594)   Pre Evacuate Collection Set: 0.0ms
[2020-12-28T11:49:19.067-0500][gc,phases      ] GC(23594)   Evacuate Collection Set: 0.7ms
[2020-12-28T11:49:19.067-0500][gc,phases      ] GC(23594)   Post Evacuate Collection Set: 1.9ms
[2020-12-28T11:49:19.067-0500][gc,phases      ] GC(23594)   Other: 0.3ms
[2020-12-28T11:49:19.067-0500][gc,heap        ] GC(23594) Eden regions: 10->0(9)
[2020-12-28T11:49:19.067-0500][gc,heap        ] GC(23594) Survivor regions: 0->1(2)
[2020-12-28T11:49:19.067-0500][gc,heap        ] GC(23594) Old regions: 41->41
[2020-12-28T11:49:19.067-0500][gc,heap        ] GC(23594) Humongous regions: 4->4
[2020-12-28T11:49:19.067-0500][gc,metaspace   ] GC(23594) Metaspace: 50313K->50313K(1093632K)
[2020-12-28T11:49:19.067-0500][gc,heap        ] GC(23594) Heap after GC invocations=23595 (full 5415): garbage-first heap   total 64512K, used 43422K [0x0000000083000000, 0x0000000100000000)
[2020-12-28T11:49:19.067-0500][gc,heap        ] GC(23594)   region size 1024K, 1 young (1024K), 1 survivors (1024K)
[2020-12-28T11:49:19.067-0500][gc,heap        ] GC(23594)  Metaspace       used 50313K, capacity 52468K, committed 53888K, reserved 1093632K
[2020-12-28T11:49:19.067-0500][gc,heap        ] GC(23594)   class space    used 7457K, capacity 8250K, committed 8832K, reserved 1048576K
[2020-12-28T11:49:19.067-0500][gc             ] GC(23594) Pause Young (Normal) (G1 Evacuation Pause) 52M->42M(63M) 2.912ms
[2020-12-28T11:49:19.067-0500][gc,cpu         ] GC(23594) User=0.00s Sys=0.00s Real=0.00s
[2020-12-28T11:51:39.073-0500][gc,heap        ] GC(23595) Heap before GC invocations=23595 (full 5415): garbage-first heap   total 64512K, used 51614K [0x0000000083000000, 0x0000000100000000)
[2020-12-28T11:51:39.073-0500][gc,heap        ] GC(23595)   region size 1024K, 10 young (10240K), 1 survivors (1024K)
[2020-12-28T11:51:39.073-0500][gc,heap        ] GC(23595)  Metaspace       used 50313K, capacity 52468K, committed 53888K, reserved 1093632K
[2020-12-28T11:51:39.073-0500][gc,heap        ] GC(23595)   class space    used 7457K, capacity 8250K, committed 8832K, reserved 1048576K
[2020-12-28T11:51:39.073-0500][gc,start       ] GC(23595) Pause Young (Normal) (G1 Evacuation Pause)
[2020-12-28T11:51:39.073-0500][gc,task        ] GC(23595) Using 8 workers of 8 for evacuation
[2020-12-28T11:51:39.081-0500][gc,phases      ] GC(23595)   Pre Evacuate Collection Set: 0.0ms
[2020-12-28T11:51:39.081-0500][gc,phases      ] GC(23595)   Evacuate Collection Set: 6.5ms
[2020-12-28T11:51:39.081-0500][gc,phases      ] GC(23595)   Post Evacuate Collection Set: 1.0ms
[2020-12-28T11:51:39.081-0500][gc,phases      ] GC(23595)   Other: 0.3ms
[2020-12-28T11:51:39.081-0500][gc,heap        ] GC(23595) Eden regions: 9->0(9)
[2020-12-28T11:51:39.081-0500][gc,heap        ] GC(23595) Survivor regions: 1->1(2)
[2020-12-28T11:51:39.081-0500][gc,heap        ] GC(23595) Old regions: 41->41
[2020-12-28T11:51:39.081-0500][gc,heap        ] GC(23595) Humongous regions: 4->4
[2020-12-28T11:51:39.081-0500][gc,metaspace   ] GC(23595) Metaspace: 50313K->50313K(1093632K)
[2020-12-28T11:51:39.081-0500][gc,heap        ] GC(23595) Heap after GC invocations=23596 (full 5415): garbage-first heap   total 64512K, used 43400K [0x0000000083000000, 0x0000000100000000)
[2020-12-28T11:51:39.081-0500][gc,heap        ] GC(23595)   region size 1024K, 1 young (1024K), 1 survivors (1024K)
[2020-12-28T11:51:39.081-0500][gc,heap        ] GC(23595)  Metaspace       used 50313K, capacity 52468K, committed 53888K, reserved 1093632K
[2020-12-28T11:51:39.081-0500][gc,heap        ] GC(23595)   class space    used 7457K, capacity 8250K, committed 8832K, reserved 1048576K
[2020-12-28T11:51:39.081-0500][gc             ] GC(23595) Pause Young (Normal) (G1 Evacuation Pause) 51M->42M(63M) 7.735ms
[2020-12-28T11:51:39.081-0500][gc,cpu         ] GC(23595) User=0.04s Sys=0.00s Real=0.01s
[2020-12-28T11:51:45.192-0500][gc,task        ] GC(23596) Using 5 workers of 8 for full compaction
[2020-12-28T11:51:45.192-0500][gc,start       ] GC(23596) Pause Full (System.gc())
[2020-12-28T11:51:45.192-0500][gc,heap        ] GC(23596) Heap before GC invocations=23596 (full 5415): garbage-first heap   total 64512K, used 43400K [0x0000000083000000, 0x0000000100000000)
[2020-12-28T11:51:45.192-0500][gc,heap        ] GC(23596)   region size 1024K, 2 young (2048K), 1 survivors (1024K)
[2020-12-28T11:51:45.192-0500][gc,heap        ] GC(23596)  Metaspace       used 50313K, capacity 52468K, committed 53888K, reserved 1093632K
[2020-12-28T11:51:45.192-0500][gc,heap        ] GC(23596)   class space    used 7457K, capacity 8250K, committed 8832K, reserved 1048576K
[2020-12-28T11:51:45.193-0500][gc,phases,start] GC(23596) Phase 1: Mark live objects
[2020-12-28T11:51:45.240-0500][gc,stringtable ] GC(23596) Cleaned string and symbol table, strings: 33320 processed, 4 removed, symbols: 120973 processed, 0 removed
[2020-12-28T11:51:45.240-0500][gc,phases      ] GC(23596) Phase 1: Mark live objects 47.124ms
[2020-12-28T11:51:45.240-0500][gc,phases,start] GC(23596) Phase 2: Prepare for compaction
[2020-12-28T11:51:45.267-0500][gc,phases      ] GC(23596) Phase 2: Prepare for compaction 26.839ms
[2020-12-28T11:51:45.267-0500][gc,phases,start] GC(23596) Phase 3: Adjust pointers
[2020-12-28T11:51:45.305-0500][gc,phases      ] GC(23596) Phase 3: Adjust pointers 37.366ms
[2020-12-28T11:51:45.305-0500][gc,phases,start] GC(23596) Phase 4: Compact heap
[2020-12-28T11:51:45.311-0500][gc,phases      ] GC(23596) Phase 4: Compact heap 6.288ms
[2020-12-28T11:51:45.319-0500][gc,heap        ] GC(23596) Eden regions: 1->0(10)
[2020-12-28T11:51:45.319-0500][gc,heap        ] GC(23596) Survivor regions: 1->0(2)
[2020-12-28T11:51:45.319-0500][gc,heap        ] GC(23596) Old regions: 41->41
[2020-12-28T11:51:45.319-0500][gc,heap        ] GC(23596) Humongous regions: 4->4
[2020-12-28T11:51:45.319-0500][gc,metaspace   ] GC(23596) Metaspace: 50313K->50313K(1093632K)
[2020-12-28T11:51:45.319-0500][gc,heap        ] GC(23596) Heap after GC invocations=23597 (full 5416): garbage-first heap   total 64512K, used 43310K [0x0000000083000000, 0x0000000100000000)
[2020-12-28T11:51:45.319-0500][gc,heap        ] GC(23596)   region size 1024K, 0 young (0K), 0 survivors (0K)
[2020-12-28T11:51:45.319-0500][gc,heap        ] GC(23596)  Metaspace       used 50313K, capacity 52468K, committed 53888K, reserved 1093632K
[2020-12-28T11:51:45.319-0500][gc,heap        ] GC(23596)   class space    used 7457K, capacity 8250K, committed 8832K, reserved 1048576K
[2020-12-28T11:51:45.319-0500][gc             ] GC(23596) Pause Full (System.gc()) 42M->42M(63M) 126.822ms
[2020-12-28T11:51:45.319-0500][gc,cpu         ] GC(23596) User=0.44s Sys=0.00s Real=0.13s
[2020-12-28T11:54:19.060-0500][gc,heap        ] GC(23597) Heap before GC invocations=23597 (full 5416): garbage-first heap   total 64512K, used 52526K [0x0000000083000000, 0x0000000100000000)
[2020-12-28T11:54:19.060-0500][gc,heap        ] GC(23597)   region size 1024K, 10 young (10240K), 0 survivors (0K)
[2020-12-28T11:54:19.060-0500][gc,heap        ] GC(23597)  Metaspace       used 50313K, capacity 52468K, committed 53888K, reserved 1093632K
[2020-12-28T11:54:19.060-0500][gc,heap        ] GC(23597)   class space    used 7457K, capacity 8250K, committed 8832K, reserved 1048576K
[2020-12-28T11:54:19.060-0500][gc,start       ] GC(23597) Pause Young (Normal) (G1 Evacuation Pause)
[2020-12-28T11:54:19.060-0500][gc,task        ] GC(23597) Using 8 workers of 8 for evacuation
[2020-12-28T11:54:19.063-0500][gc,phases      ] GC(23597)   Pre Evacuate Collection Set: 0.0ms
[2020-12-28T11:54:19.063-0500][gc,phases      ] GC(23597)   Evacuate Collection Set: 1.1ms
[2020-12-28T11:54:19.063-0500][gc,phases      ] GC(23597)   Post Evacuate Collection Set: 1.5ms
[2020-12-28T11:54:19.063-0500][gc,phases      ] GC(23597)   Other: 0.3ms
[2020-12-28T11:54:19.063-0500][gc,heap        ] GC(23597) Eden regions: 10->0(9)
[2020-12-28T11:54:19.063-0500][gc,heap        ] GC(23597) Survivor regions: 0->1(2)
[2020-12-28T11:54:19.063-0500][gc,heap        ] GC(23597) Old regions: 41->41
[2020-12-28T11:54:19.063-0500][gc,heap        ] GC(23597) Humongous regions: 4->4
[2020-12-28T11:54:19.063-0500][gc,metaspace   ] GC(23597) Metaspace: 50313K->50313K(1093632K)
[2020-12-28T11:54:19.063-0500][gc,heap        ] GC(23597) Heap after GC invocations=23598 (full 5416): garbage-first heap   total 64512K, used 43398K [0x0000000083000000, 0x0000000100000000)
[2020-12-28T11:54:19.063-0500][gc,heap        ] GC(23597)   region size 1024K, 1 young (1024K), 1 survivors (1024K)
[2020-12-28T11:54:19.063-0500][gc,heap        ] GC(23597)  Metaspace       used 50313K, capacity 52468K, committed 53888K, reserved 1093632K
[2020-12-28T11:54:19.063-0500][gc,heap        ] GC(23597)   class space    used 7457K, capacity 8250K, committed 8832K, reserved 1048576K
[2020-12-28T11:54:19.063-0500][gc             ] GC(23597) Pause Young (Normal) (G1 Evacuation Pause) 52M->42M(63M) 3.130ms
[2020-12-28T11:54:19.064-0500][gc,cpu         ] GC(23597) User=0.01s Sys=0.00s Real=0.00s
[2020-12-28T11:56:34.211-0500][gc,heap        ] GC(23598) Heap before GC invocations=23598 (full 5416): garbage-first heap   total 64512K, used 51590K [0x0000000083000000, 0x0000000100000000)
[2020-12-28T11:56:34.211-0500][gc,heap        ] GC(23598)   region size 1024K, 10 young (10240K), 1 survivors (1024K)
[2020-12-28T11:56:34.211-0500][gc,heap        ] GC(23598)  Metaspace       used 50313K, capacity 52468K, committed 53888K, reserved 1093632K
[2020-12-28T11:56:34.211-0500][gc,heap        ] GC(23598)   class space    used 7457K, capacity 8250K, committed 8832K, reserved 1048576K
[2020-12-28T11:56:34.211-0500][gc,start       ] GC(23598) Pause Young (Normal) (G1 Evacuation Pause)
[2020-12-28T11:56:34.211-0500][gc,task        ] GC(23598) Using 8 workers of 8 for evacuation
[2020-12-28T11:56:34.225-0500][gc,phases      ] GC(23598)   Pre Evacuate Collection Set: 0.0ms
[2020-12-28T11:56:34.226-0500][gc,phases      ] GC(23598)   Evacuate Collection Set: 8.2ms
[2020-12-28T11:56:34.226-0500][gc,phases      ] GC(23598)   Post Evacuate Collection Set: 5.9ms
[2020-12-28T11:56:34.226-0500][gc,phases      ] GC(23598)   Other: 0.5ms
[2020-12-28T11:56:34.226-0500][gc,heap        ] GC(23598) Eden regions: 9->0(9)
[2020-12-28T11:56:34.226-0500][gc,heap        ] GC(23598) Survivor regions: 1->1(2)
[2020-12-28T11:56:34.226-0500][gc,heap        ] GC(23598) Old regions: 41->41
[2020-12-28T11:56:34.226-0500][gc,heap        ] GC(23598) Humongous regions: 4->4
[2020-12-28T11:56:34.226-0500][gc,metaspace   ] GC(23598) Metaspace: 50313K->50313K(1093632K)
[2020-12-28T11:56:34.226-0500][gc,heap        ] GC(23598) Heap after GC invocations=23599 (full 5416): garbage-first heap   total 64512K, used 43368K [0x0000000083000000, 0x0000000100000000)
[2020-12-28T11:56:34.226-0500][gc,heap        ] GC(23598)   region size 1024K, 1 young (1024K), 1 survivors (1024K)
[2020-12-28T11:56:34.226-0500][gc,heap        ] GC(23598)  Metaspace       used 50313K, capacity 52468K, committed 53888K, reserved 1093632K
[2020-12-28T11:56:34.226-0500][gc,heap        ] GC(23598)   class space    used 7457K, capacity 8250K, committed 8832K, reserved 1048576K
[2020-12-28T11:56:34.226-0500][gc             ] GC(23598) Pause Young (Normal) (G1 Evacuation Pause) 51M->42M(63M) 14.699ms
[2020-12-28T11:56:34.226-0500][gc,cpu         ] GC(23598) User=0.06s Sys=0.00s Real=0.01s
[2020-12-28T11:56:45.193-0500][gc,task        ] GC(23599) Using 5 workers of 8 for full compaction
[2020-12-28T11:56:45.193-0500][gc,start       ] GC(23599) Pause Full (System.gc())
[2020-12-28T11:56:45.193-0500][gc,heap        ] GC(23599) Heap before GC invocations=23599 (full 5416): garbage-first heap   total 64512K, used 43368K [0x0000000083000000, 0x0000000100000000)
[2020-12-28T11:56:45.193-0500][gc,heap        ] GC(23599)   region size 1024K, 2 young (2048K), 1 survivors (1024K)
[2020-12-28T11:56:45.193-0500][gc,heap        ] GC(23599)  Metaspace       used 50313K, capacity 52468K, committed 53888K, reserved 1093632K
[2020-12-28T11:56:45.193-0500][gc,heap        ] GC(23599)   class space    used 7457K, capacity 8250K, committed 8832K, reserved 1048576K
[2020-12-28T11:56:45.194-0500][gc,phases,start] GC(23599) Phase 1: Mark live objects
[2020-12-28T11:56:45.265-0500][gc,stringtable ] GC(23599) Cleaned string and symbol table, strings: 33320 processed, 4 removed, symbols: 120973 processed, 0 removed
[2020-12-28T11:56:45.265-0500][gc,phases      ] GC(23599) Phase 1: Mark live objects 70.974ms
[2020-12-28T11:56:45.265-0500][gc,phases,start] GC(23599) Phase 2: Prepare for compaction
[2020-12-28T11:56:45.271-0500][gc,phases      ] GC(23599) Phase 2: Prepare for compaction 5.965ms
[2020-12-28T11:56:45.271-0500][gc,phases,start] GC(23599) Phase 3: Adjust pointers
[2020-12-28T11:56:45.289-0500][gc,phases      ] GC(23599) Phase 3: Adjust pointers 18.110ms
[2020-12-28T11:56:45.289-0500][gc,phases,start] GC(23599) Phase 4: Compact heap
[2020-12-28T11:56:45.293-0500][gc,phases      ] GC(23599) Phase 4: Compact heap 3.853ms
[2020-12-28T11:56:45.302-0500][gc,heap        ] GC(23599) Eden regions: 1->0(10)
[2020-12-28T11:56:45.302-0500][gc,heap        ] GC(23599) Survivor regions: 1->0(2)
[2020-12-28T11:56:45.302-0500][gc,heap        ] GC(23599) Old regions: 41->41
[2020-12-28T11:56:45.302-0500][gc,heap        ] GC(23599) Humongous regions: 4->4
[2020-12-28T11:56:45.302-0500][gc,metaspace   ] GC(23599) Metaspace: 50313K->50313K(1093632K)
[2020-12-28T11:56:45.302-0500][gc,heap        ] GC(23599) Heap after GC invocations=23600 (full 5417): garbage-first heap   total 64512K, used 43312K [0x0000000083000000, 0x0000000100000000)
[2020-12-28T11:56:45.302-0500][gc,heap        ] GC(23599)   region size 1024K, 0 young (0K), 0 survivors (0K)
[2020-12-28T11:56:45.302-0500][gc,heap        ] GC(23599)  Metaspace       used 50313K, capacity 52468K, committed 53888K, reserved 1093632K
[2020-12-28T11:56:45.302-0500][gc,heap        ] GC(23599)   class space    used 7457K, capacity 8250K, committed 8832K, reserved 1048576K
[2020-12-28T11:56:45.302-0500][gc             ] GC(23599) Pause Full (System.gc()) 43M->42M(63M) 109.169ms
[2020-12-28T11:56:45.302-0500][gc,cpu         ] GC(23599) User=0.46s Sys=0.00s Real=0.11s
[2020-12-28T11:59:19.061-0500][gc,heap        ] GC(23600) Heap before GC invocations=23600 (full 5417): garbage-first heap   total 64512K, used 53552K [0x0000000083000000, 0x0000000100000000)
[2020-12-28T11:59:19.061-0500][gc,heap        ] GC(23600)   region size 1024K, 10 young (10240K), 0 survivors (0K)
[2020-12-28T11:59:19.061-0500][gc,heap        ] GC(23600)  Metaspace       used 50313K, capacity 52468K, committed 53888K, reserved 1093632K
[2020-12-28T11:59:19.061-0500][gc,heap        ] GC(23600)   class space    used 7457K, capacity 8250K, committed 8832K, reserved 1048576K
[2020-12-28T11:59:19.061-0500][gc,start       ] GC(23600) Pause Young (Normal) (G1 Evacuation Pause)
[2020-12-28T11:59:19.061-0500][gc,task        ] GC(23600) Using 8 workers of 8 for evacuation
[2020-12-28T11:59:19.063-0500][gc,phases      ] GC(23600)   Pre Evacuate Collection Set: 0.0ms
[2020-12-28T11:59:19.063-0500][gc,phases      ] GC(23600)   Evacuate Collection Set: 0.6ms
[2020-12-28T11:59:19.063-0500][gc,phases      ] GC(23600)   Post Evacuate Collection Set: 1.5ms
[2020-12-28T11:59:19.063-0500][gc,phases      ] GC(23600)   Other: 0.3ms
[2020-12-28T11:59:19.063-0500][gc,heap        ] GC(23600) Eden regions: 10->0(9)
[2020-12-28T11:59:19.063-0500][gc,heap        ] GC(23600) Survivor regions: 0->1(2)
[2020-12-28T11:59:19.063-0500][gc,heap        ] GC(23600) Old regions: 41->41
[2020-12-28T11:59:19.063-0500][gc,heap        ] GC(23600) Humongous regions: 4->4
[2020-12-28T11:59:19.063-0500][gc,metaspace   ] GC(23600) Metaspace: 50313K->50313K(1093632K)
[2020-12-28T11:59:19.063-0500][gc,heap        ] GC(23600) Heap after GC invocations=23601 (full 5417): garbage-first heap   total 64512K, used 43400K [0x0000000083000000, 0x0000000100000000)
[2020-12-28T11:59:19.063-0500][gc,heap        ] GC(23600)   region size 1024K, 1 young (1024K), 1 survivors (1024K)
[2020-12-28T11:59:19.063-0500][gc,heap        ] GC(23600)  Metaspace       used 50313K, capacity 52468K, committed 53888K, reserved 1093632K
[2020-12-28T11:59:19.063-0500][gc,heap        ] GC(23600)   class space    used 7457K, capacity 8250K, committed 8832K, reserved 1048576K
[2020-12-28T11:59:19.063-0500][gc             ] GC(23600) Pause Young (Normal) (G1 Evacuation Pause) 52M->42M(63M) 2.464ms
[2020-12-28T11:59:19.063-0500][gc,cpu         ] GC(23600) User=0.01s Sys=0.00s Real=0.00s
[2020-12-28T12:01:29.067-0500][gc,heap        ] GC(23601) Heap before GC invocations=23601 (full 5417): garbage-first heap   total 64512K, used 52616K [0x0000000083000000, 0x0000000100000000)
[2020-12-28T12:01:29.068-0500][gc,heap        ] GC(23601)   region size 1024K, 10 young (10240K), 1 survivors (1024K)
[2020-12-28T12:01:29.068-0500][gc,heap        ] GC(23601)  Metaspace       used 50313K, capacity 52468K, committed 53888K, reserved 1093632K
[2020-12-28T12:01:29.068-0500][gc,heap        ] GC(23601)   class space    used 7457K, capacity 8250K, committed 8832K, reserved 1048576K
[2020-12-28T12:01:29.068-0500][gc,start       ] GC(23601) Pause Young (Normal) (G1 Evacuation Pause)
[2020-12-28T12:01:29.068-0500][gc,task        ] GC(23601) Using 8 workers of 8 for evacuation
[2020-12-28T12:01:29.074-0500][gc,phases      ] GC(23601)   Pre Evacuate Collection Set: 0.1ms
[2020-12-28T12:01:29.074-0500][gc,phases      ] GC(23601)   Evacuate Collection Set: 2.6ms
[2020-12-28T12:01:29.074-0500][gc,phases      ] GC(23601)   Post Evacuate Collection Set: 2.8ms
[2020-12-28T12:01:29.074-0500][gc,phases      ] GC(23601)   Other: 1.0ms
[2020-12-28T12:01:29.074-0500][gc,heap        ] GC(23601) Eden regions: 9->0(9)
[2020-12-28T12:01:29.074-0500][gc,heap        ] GC(23601) Survivor regions: 1->1(2)
[2020-12-28T12:01:29.074-0500][gc,heap        ] GC(23601) Old regions: 41->41
[2020-12-28T12:01:29.074-0500][gc,heap        ] GC(23601) Humongous regions: 4->4
[2020-12-28T12:01:29.074-0500][gc,metaspace   ] GC(23601) Metaspace: 50313K->50313K(1093632K)
[2020-12-28T12:01:29.074-0500][gc,heap        ] GC(23601) Heap after GC invocations=23602 (full 5417): garbage-first heap   total 64512K, used 43367K [0x0000000083000000, 0x0000000100000000)
[2020-12-28T12:01:29.074-0500][gc,heap        ] GC(23601)   region size 1024K, 1 young (1024K), 1 survivors (1024K)
[2020-12-28T12:01:29.074-0500][gc,heap        ] GC(23601)  Metaspace       used 50313K, capacity 52468K, committed 53888K, reserved 1093632K
[2020-12-28T12:01:29.074-0500][gc,heap        ] GC(23601)   class space    used 7457K, capacity 8250K, committed 8832K, reserved 1048576K
[2020-12-28T12:01:29.074-0500][gc             ] GC(23601) Pause Young (Normal) (G1 Evacuation Pause) 51M->42M(63M) 6.186ms
[2020-12-28T12:01:29.074-0500][gc,cpu         ] GC(23601) User=0.01s Sys=0.00s Real=0.01s
[2020-12-28T12:01:45.190-0500][gc,task        ] GC(23602) Using 5 workers of 8 for full compaction
[2020-12-28T12:01:45.190-0500][gc,start       ] GC(23602) Pause Full (System.gc())
[2020-12-28T12:01:45.190-0500][gc,heap        ] GC(23602) Heap before GC invocations=23602 (full 5417): garbage-first heap   total 64512K, used 43367K [0x0000000083000000, 0x0000000100000000)
[2020-12-28T12:01:45.190-0500][gc,heap        ] GC(23602)   region size 1024K, 2 young (2048K), 1 survivors (1024K)
[2020-12-28T12:01:45.190-0500][gc,heap        ] GC(23602)  Metaspace       used 50313K, capacity 52468K, committed 53888K, reserved 1093632K
[2020-12-28T12:01:45.190-0500][gc,heap        ] GC(23602)   class space    used 7457K, capacity 8250K, committed 8832K, reserved 1048576K
[2020-12-28T12:01:45.191-0500][gc,phases,start] GC(23602) Phase 1: Mark live objects
[2020-12-28T12:01:45.216-0500][gc,stringtable ] GC(23602) Cleaned string and symbol table, strings: 33320 processed, 4 removed, symbols: 120973 processed, 0 removed
[2020-12-28T12:01:45.216-0500][gc,phases      ] GC(23602) Phase 1: Mark live objects 24.887ms
[2020-12-28T12:01:45.216-0500][gc,phases,start] GC(23602) Phase 2: Prepare for compaction
[2020-12-28T12:01:45.220-0500][gc,phases      ] GC(23602) Phase 2: Prepare for compaction 4.083ms
[2020-12-28T12:01:45.220-0500][gc,phases,start] GC(23602) Phase 3: Adjust pointers
[2020-12-28T12:01:45.233-0500][gc,phases      ] GC(23602) Phase 3: Adjust pointers 13.504ms
[2020-12-28T12:01:45.233-0500][gc,phases,start] GC(23602) Phase 4: Compact heap
[2020-12-28T12:01:45.237-0500][gc,phases      ] GC(23602) Phase 4: Compact heap 3.111ms
[2020-12-28T12:01:45.244-0500][gc,heap        ] GC(23602) Eden regions: 1->0(10)
[2020-12-28T12:01:45.244-0500][gc,heap        ] GC(23602) Survivor regions: 1->0(2)
[2020-12-28T12:01:45.244-0500][gc,heap        ] GC(23602) Old regions: 41->41
[2020-12-28T12:01:45.244-0500][gc,heap        ] GC(23602) Humongous regions: 4->4
[2020-12-28T12:01:45.244-0500][gc,metaspace   ] GC(23602) Metaspace: 50313K->50313K(1093632K)
[2020-12-28T12:01:45.244-0500][gc,heap        ] GC(23602) Heap after GC invocations=23603 (full 5418): garbage-first heap   total 64512K, used 43317K [0x0000000083000000, 0x0000000100000000)
[2020-12-28T12:01:45.244-0500][gc,heap        ] GC(23602)   region size 1024K, 0 young (0K), 0 survivors (0K)
[2020-12-28T12:01:45.244-0500][gc,heap        ] GC(23602)  Metaspace       used 50313K, capacity 52468K, committed 53888K, reserved 1093632K
[2020-12-28T12:01:45.244-0500][gc,heap        ] GC(23602)   class space    used 7457K, capacity 8250K, committed 8832K, reserved 1048576K
[2020-12-28T12:01:45.244-0500][gc             ] GC(23602) Pause Full (System.gc()) 43M->42M(63M) 53.583ms
[2020-12-28T12:01:45.244-0500][gc,cpu         ] GC(23602) User=0.20s Sys=0.00s Real=0.05s
[2020-12-28T12:04:09.238-0500][gc,heap        ] GC(23603) Heap before GC invocations=23603 (full 5418): garbage-first heap   total 64512K, used 52533K [0x0000000083000000, 0x0000000100000000)
[2020-12-28T12:04:09.238-0500][gc,heap        ] GC(23603)   region size 1024K, 10 young (10240K), 0 survivors (0K)
[2020-12-28T12:04:09.238-0500][gc,heap        ] GC(23603)  Metaspace       used 50313K, capacity 52468K, committed 53888K, reserved 1093632K
[2020-12-28T12:04:09.238-0500][gc,heap        ] GC(23603)   class space    used 7457K, capacity 8250K, committed 8832K, reserved 1048576K
[2020-12-28T12:04:09.238-0500][gc,start       ] GC(23603) Pause Young (Normal) (G1 Evacuation Pause)
[2020-12-28T12:04:09.238-0500][gc,task        ] GC(23603) Using 8 workers of 8 for evacuation
[2020-12-28T12:04:09.242-0500][gc,phases      ] GC(23603)   Pre Evacuate Collection Set: 0.0ms
[2020-12-28T12:04:09.242-0500][gc,phases      ] GC(23603)   Evacuate Collection Set: 1.0ms
[2020-12-28T12:04:09.242-0500][gc,phases      ] GC(23603)   Post Evacuate Collection Set: 2.4ms
[2020-12-28T12:04:09.242-0500][gc,phases      ] GC(23603)   Other: 0.3ms
[2020-12-28T12:04:09.242-0500][gc,heap        ] GC(23603) Eden regions: 10->0(9)
[2020-12-28T12:04:09.242-0500][gc,heap        ] GC(23603) Survivor regions: 0->1(2)
[2020-12-28T12:04:09.242-0500][gc,heap        ] GC(23603) Old regions: 41->41
[2020-12-28T12:04:09.242-0500][gc,heap        ] GC(23603) Humongous regions: 4->4
[2020-12-28T12:04:09.242-0500][gc,metaspace   ] GC(23603) Metaspace: 50313K->50313K(1093632K)
[2020-12-28T12:04:09.242-0500][gc,heap        ] GC(23603) Heap after GC invocations=23604 (full 5418): garbage-first heap   total 64512K, used 43391K [0x0000000083000000, 0x0000000100000000)
[2020-12-28T12:04:09.242-0500][gc,heap        ] GC(23603)   region size 1024K, 1 young (1024K), 1 survivors (1024K)
[2020-12-28T12:04:09.242-0500][gc,heap        ] GC(23603)  Metaspace       used 50313K, capacity 52468K, committed 53888K, reserved 1093632K
[2020-12-28T12:04:09.242-0500][gc,heap        ] GC(23603)   class space    used 7457K, capacity 8250K, committed 8832K, reserved 1048576K
[2020-12-28T12:04:09.242-0500][gc             ] GC(23603) Pause Young (Normal) (G1 Evacuation Pause) 52M->42M(63M) 3.654ms
[2020-12-28T12:04:09.242-0500][gc,cpu         ] GC(23603) User=0.01s Sys=0.00s Real=0.00s
[2020-12-28T12:06:29.061-0500][gc,heap        ] GC(23604) Heap before GC invocations=23604 (full 5418): garbage-first heap   total 64512K, used 51583K [0x0000000083000000, 0x0000000100000000)
[2020-12-28T12:06:29.061-0500][gc,heap        ] GC(23604)   region size 1024K, 10 young (10240K), 1 survivors (1024K)
[2020-12-28T12:06:29.061-0500][gc,heap        ] GC(23604)  Metaspace       used 50313K, capacity 52468K, committed 53888K, reserved 1093632K
[2020-12-28T12:06:29.061-0500][gc,heap        ] GC(23604)   class space    used 7457K, capacity 8250K, committed 8832K, reserved 1048576K
[2020-12-28T12:06:29.061-0500][gc,start       ] GC(23604) Pause Young (Normal) (G1 Evacuation Pause)
[2020-12-28T12:06:29.061-0500][gc,task        ] GC(23604) Using 8 workers of 8 for evacuation
[2020-12-28T12:06:29.063-0500][gc,phases      ] GC(23604)   Pre Evacuate Collection Set: 0.0ms
[2020-12-28T12:06:29.064-0500][gc,phases      ] GC(23604)   Evacuate Collection Set: 0.9ms
[2020-12-28T12:06:29.064-0500][gc,phases      ] GC(23604)   Post Evacuate Collection Set: 1.7ms
[2020-12-28T12:06:29.064-0500][gc,phases      ] GC(23604)   Other: 0.2ms
[2020-12-28T12:06:29.064-0500][gc,heap        ] GC(23604) Eden regions: 9->0(9)
[2020-12-28T12:06:29.064-0500][gc,heap        ] GC(23604) Survivor regions: 1->1(2)
[2020-12-28T12:06:29.064-0500][gc,heap        ] GC(23604) Old regions: 41->41
[2020-12-28T12:06:29.064-0500][gc,heap        ] GC(23604) Humongous regions: 4->4
[2020-12-28T12:06:29.064-0500][gc,metaspace   ] GC(23604) Metaspace: 50313K->50313K(1093632K)
[2020-12-28T12:06:29.064-0500][gc,heap        ] GC(23604) Heap after GC invocations=23605 (full 5418): garbage-first heap   total 64512K, used 43384K [0x0000000083000000, 0x0000000100000000)
[2020-12-28T12:06:29.064-0500][gc,heap        ] GC(23604)   region size 1024K, 1 young (1024K), 1 survivors (1024K)
[2020-12-28T12:06:29.064-0500][gc,heap        ] GC(23604)  Metaspace       used 50313K, capacity 52468K, committed 53888K, reserved 1093632K
[2020-12-28T12:06:29.064-0500][gc,heap        ] GC(23604)   class space    used 7457K, capacity 8250K, committed 8832K, reserved 1048576K
[2020-12-28T12:06:29.064-0500][gc             ] GC(23604) Pause Young (Normal) (G1 Evacuation Pause) 51M->42M(63M) 2.885ms
[2020-12-28T12:06:29.064-0500][gc,cpu         ] GC(23604) User=0.00s Sys=0.00s Real=0.00s
[2020-12-28T12:06:45.190-0500][gc,task        ] GC(23605) Using 5 workers of 8 for full compaction
[2020-12-28T12:06:45.190-0500][gc,start       ] GC(23605) Pause Full (System.gc())
[2020-12-28T12:06:45.190-0500][gc,heap        ] GC(23605) Heap before GC invocations=23605 (full 5418): garbage-first heap   total 64512K, used 44408K [0x0000000083000000, 0x0000000100000000)
[2020-12-28T12:06:45.190-0500][gc,heap        ] GC(23605)   region size 1024K, 3 young (3072K), 1 survivors (1024K)
[2020-12-28T12:06:45.190-0500][gc,heap        ] GC(23605)  Metaspace       used 50313K, capacity 52468K, committed 53888K, reserved 1093632K
[2020-12-28T12:06:45.190-0500][gc,heap        ] GC(23605)   class space    used 7457K, capacity 8250K, committed 8832K, reserved 1048576K
[2020-12-28T12:06:45.190-0500][gc,phases,start] GC(23605) Phase 1: Mark live objects
[2020-12-28T12:06:45.218-0500][gc,stringtable ] GC(23605) Cleaned string and symbol table, strings: 33320 processed, 4 removed, symbols: 120973 processed, 0 removed
[2020-12-28T12:06:45.218-0500][gc,phases      ] GC(23605) Phase 1: Mark live objects 27.780ms
[2020-12-28T12:06:45.218-0500][gc,phases,start] GC(23605) Phase 2: Prepare for compaction
[2020-12-28T12:06:45.222-0500][gc,phases      ] GC(23605) Phase 2: Prepare for compaction 4.221ms
[2020-12-28T12:06:45.223-0500][gc,phases,start] GC(23605) Phase 3: Adjust pointers
[2020-12-28T12:06:45.236-0500][gc,phases      ] GC(23605) Phase 3: Adjust pointers 13.115ms
[2020-12-28T12:06:45.236-0500][gc,phases,start] GC(23605) Phase 4: Compact heap
[2020-12-28T12:06:45.239-0500][gc,phases      ] GC(23605) Phase 4: Compact heap 3.357ms
[2020-12-28T12:06:45.248-0500][gc,heap        ] GC(23605) Eden regions: 2->0(9)
[2020-12-28T12:06:45.248-0500][gc,heap        ] GC(23605) Survivor regions: 1->0(2)
[2020-12-28T12:06:45.248-0500][gc,heap        ] GC(23605) Old regions: 41->42
[2020-12-28T12:06:45.248-0500][gc,heap        ] GC(23605) Humongous regions: 4->4
[2020-12-28T12:06:45.248-0500][gc,metaspace   ] GC(23605) Metaspace: 50313K->50313K(1093632K)
[2020-12-28T12:06:45.248-0500][gc,heap        ] GC(23605) Heap after GC invocations=23606 (full 5419): garbage-first heap   total 64512K, used 43313K [0x0000000083000000, 0x0000000100000000)
[2020-12-28T12:06:45.248-0500][gc,heap        ] GC(23605)   region size 1024K, 0 young (0K), 0 survivors (0K)
[2020-12-28T12:06:45.248-0500][gc,heap        ] GC(23605)  Metaspace       used 50313K, capacity 52468K, committed 53888K, reserved 1093632K
[2020-12-28T12:06:45.248-0500][gc,heap        ] GC(23605)   class space    used 7457K, capacity 8250K, committed 8832K, reserved 1048576K
[2020-12-28T12:06:45.248-0500][gc             ] GC(23605) Pause Full (System.gc()) 43M->42M(63M) 58.152ms
[2020-12-28T12:06:45.248-0500][gc,cpu         ] GC(23605) User=0.23s Sys=0.00s Real=0.06s
[2020-12-28T12:08:49.899-0500][gc,heap        ] GC(23606) Heap before GC invocations=23606 (full 5419): garbage-first heap   total 64512K, used 52529K [0x0000000083000000, 0x0000000100000000)
[2020-12-28T12:08:49.899-0500][gc,heap        ] GC(23606)   region size 1024K, 9 young (9216K), 0 survivors (0K)
[2020-12-28T12:08:49.899-0500][gc,heap        ] GC(23606)  Metaspace       used 50313K, capacity 52468K, committed 53888K, reserved 1093632K
[2020-12-28T12:08:49.899-0500][gc,heap        ] GC(23606)   class space    used 7457K, capacity 8250K, committed 8832K, reserved 1048576K
[2020-12-28T12:08:49.899-0500][gc,start       ] GC(23606) Pause Young (Normal) (G1 Evacuation Pause)
[2020-12-28T12:08:49.899-0500][gc,task        ] GC(23606) Using 8 workers of 8 for evacuation
[2020-12-28T12:08:49.902-0500][gc,phases      ] GC(23606)   Pre Evacuate Collection Set: 0.0ms
[2020-12-28T12:08:49.902-0500][gc,phases      ] GC(23606)   Evacuate Collection Set: 1.7ms
[2020-12-28T12:08:49.902-0500][gc,phases      ] GC(23606)   Post Evacuate Collection Set: 1.0ms
[2020-12-28T12:08:49.902-0500][gc,phases      ] GC(23606)   Other: 0.3ms
[2020-12-28T12:08:49.902-0500][gc,heap        ] GC(23606) Eden regions: 9->0(8)
[2020-12-28T12:08:49.902-0500][gc,heap        ] GC(23606) Survivor regions: 0->1(2)
[2020-12-28T12:08:49.902-0500][gc,heap        ] GC(23606) Old regions: 42->42
[2020-12-28T12:08:49.902-0500][gc,heap        ] GC(23606) Humongous regions: 4->4
[2020-12-28T12:08:49.902-0500][gc,metaspace   ] GC(23606) Metaspace: 50313K->50313K(1093632K)
[2020-12-28T12:08:49.902-0500][gc,heap        ] GC(23606) Heap after GC invocations=23607 (full 5419): garbage-first heap   total 64512K, used 43376K [0x0000000083000000, 0x0000000100000000)
[2020-12-28T12:08:49.902-0500][gc,heap        ] GC(23606)   region size 1024K, 1 young (1024K), 1 survivors (1024K)
[2020-12-28T12:08:49.902-0500][gc,heap        ] GC(23606)  Metaspace       used 50313K, capacity 52468K, committed 53888K, reserved 1093632K
[2020-12-28T12:08:49.902-0500][gc,heap        ] GC(23606)   class space    used 7457K, capacity 8250K, committed 8832K, reserved 1048576K
[2020-12-28T12:08:49.902-0500][gc             ] GC(23606) Pause Young (Normal) (G1 Evacuation Pause) 51M->42M(63M) 3.095ms
[2020-12-28T12:08:49.902-0500][gc,cpu         ] GC(23606) User=0.00s Sys=0.01s Real=0.00s
[2020-12-28T12:10:54.666-0500][gc,heap        ] GC(23607) Heap before GC invocations=23607 (full 5419): garbage-first heap   total 64512K, used 50544K [0x0000000083000000, 0x0000000100000000)
[2020-12-28T12:10:54.666-0500][gc,heap        ] GC(23607)   region size 1024K, 9 young (9216K), 1 survivors (1024K)
[2020-12-28T12:10:54.666-0500][gc,heap        ] GC(23607)  Metaspace       used 50313K, capacity 52468K, committed 53888K, reserved 1093632K
[2020-12-28T12:10:54.666-0500][gc,heap        ] GC(23607)   class space    used 7457K, capacity 8250K, committed 8832K, reserved 1048576K
[2020-12-28T12:10:54.667-0500][gc,start       ] GC(23607) Pause Young (Normal) (G1 Evacuation Pause)
[2020-12-28T12:10:54.667-0500][gc,task        ] GC(23607) Using 8 workers of 8 for evacuation
[2020-12-28T12:10:54.671-0500][gc,phases      ] GC(23607)   Pre Evacuate Collection Set: 0.0ms
[2020-12-28T12:10:54.671-0500][gc,phases      ] GC(23607)   Evacuate Collection Set: 2.3ms
[2020-12-28T12:10:54.671-0500][gc,phases      ] GC(23607)   Post Evacuate Collection Set: 1.9ms
[2020-12-28T12:10:54.671-0500][gc,phases      ] GC(23607)   Other: 0.5ms
[2020-12-28T12:10:54.671-0500][gc,heap        ] GC(23607) Eden regions: 8->0(8)
[2020-12-28T12:10:54.671-0500][gc,heap        ] GC(23607) Survivor regions: 1->1(2)
[2020-12-28T12:10:54.671-0500][gc,heap        ] GC(23607) Old regions: 42->42
[2020-12-28T12:10:54.671-0500][gc,heap        ] GC(23607) Humongous regions: 4->4
[2020-12-28T12:10:54.671-0500][gc,metaspace   ] GC(23607) Metaspace: 50313K->50313K(1093632K)
[2020-12-28T12:10:54.671-0500][gc,heap        ] GC(23607) Heap after GC invocations=23608 (full 5419): garbage-first heap   total 64512K, used 43374K [0x0000000083000000, 0x0000000100000000)
[2020-12-28T12:10:54.671-0500][gc,heap        ] GC(23607)   region size 1024K, 1 young (1024K), 1 survivors (1024K)
[2020-12-28T12:10:54.671-0500][gc,heap        ] GC(23607)  Metaspace       used 50313K, capacity 52468K, committed 53888K, reserved 1093632K
[2020-12-28T12:10:54.672-0500][gc,heap        ] GC(23607)   class space    used 7457K, capacity 8250K, committed 8832K, reserved 1048576K
[2020-12-28T12:10:54.672-0500][gc             ] GC(23607) Pause Young (Normal) (G1 Evacuation Pause) 50M->42M(63M) 5.016ms
[2020-12-28T12:10:54.672-0500][gc,cpu         ] GC(23607) User=0.01s Sys=0.00s Real=0.01s
[2020-12-28T12:11:45.189-0500][gc,task        ] GC(23608) Using 5 workers of 8 for full compaction
[2020-12-28T12:11:45.189-0500][gc,start       ] GC(23608) Pause Full (System.gc())
[2020-12-28T12:11:45.189-0500][gc,heap        ] GC(23608) Heap before GC invocations=23608 (full 5419): garbage-first heap   total 64512K, used 46446K [0x0000000083000000, 0x0000000100000000)
[2020-12-28T12:11:45.189-0500][gc,heap        ] GC(23608)   region size 1024K, 5 young (5120K), 1 survivors (1024K)
[2020-12-28T12:11:45.189-0500][gc,heap        ] GC(23608)  Metaspace       used 50313K, capacity 52468K, committed 53888K, reserved 1093632K
[2020-12-28T12:11:45.189-0500][gc,heap        ] GC(23608)   class space    used 7457K, capacity 8250K, committed 8832K, reserved 1048576K
[2020-12-28T12:11:45.189-0500][gc,phases,start] GC(23608) Phase 1: Mark live objects
[2020-12-28T12:11:45.214-0500][gc,stringtable ] GC(23608) Cleaned string and symbol table, strings: 33320 processed, 4 removed, symbols: 120973 processed, 0 removed
[2020-12-28T12:11:45.214-0500][gc,phases      ] GC(23608) Phase 1: Mark live objects 24.222ms
[2020-12-28T12:11:45.214-0500][gc,phases,start] GC(23608) Phase 2: Prepare for compaction
[2020-12-28T12:11:45.218-0500][gc,phases      ] GC(23608) Phase 2: Prepare for compaction 3.958ms
[2020-12-28T12:11:45.218-0500][gc,phases,start] GC(23608) Phase 3: Adjust pointers
[2020-12-28T12:11:45.227-0500][gc,phases      ] GC(23608) Phase 3: Adjust pointers 9.716ms
[2020-12-28T12:11:45.228-0500][gc,phases,start] GC(23608) Phase 4: Compact heap
[2020-12-28T12:11:45.230-0500][gc,phases      ] GC(23608) Phase 4: Compact heap 2.475ms
[2020-12-28T12:11:45.235-0500][gc,heap        ] GC(23608) Eden regions: 4->0(9)
[2020-12-28T12:11:45.235-0500][gc,heap        ] GC(23608) Survivor regions: 1->0(2)
[2020-12-28T12:11:45.235-0500][gc,heap        ] GC(23608) Old regions: 42->42
[2020-12-28T12:11:45.235-0500][gc,heap        ] GC(23608) Humongous regions: 4->4
[2020-12-28T12:11:45.235-0500][gc,metaspace   ] GC(23608) Metaspace: 50313K->50313K(1093632K)
[2020-12-28T12:11:45.235-0500][gc,heap        ] GC(23608) Heap after GC invocations=23609 (full 5420): garbage-first heap   total 64512K, used 43325K [0x0000000083000000, 0x0000000100000000)
[2020-12-28T12:11:45.235-0500][gc,heap        ] GC(23608)   region size 1024K, 0 young (0K), 0 survivors (0K)
[2020-12-28T12:11:45.235-0500][gc,heap        ] GC(23608)  Metaspace       used 50313K, capacity 52468K, committed 53888K, reserved 1093632K
[2020-12-28T12:11:45.235-0500][gc,heap        ] GC(23608)   class space    used 7457K, capacity 8250K, committed 8832K, reserved 1048576K
[2020-12-28T12:11:45.235-0500][gc             ] GC(23608) Pause Full (System.gc()) 45M->42M(63M) 45.613ms
[2020-12-28T12:11:45.235-0500][gc,cpu         ] GC(23608) User=0.18s Sys=0.00s Real=0.04s
[2020-12-28T12:13:59.064-0500][gc,heap        ] GC(23609) Heap before GC invocations=23609 (full 5420): garbage-first heap   total 64512K, used 52541K [0x0000000083000000, 0x0000000100000000)
[2020-12-28T12:13:59.064-0500][gc,heap        ] GC(23609)   region size 1024K, 9 young (9216K), 0 survivors (0K)
[2020-12-28T12:13:59.064-0500][gc,heap        ] GC(23609)  Metaspace       used 50313K, capacity 52468K, committed 53888K, reserved 1093632K
[2020-12-28T12:13:59.064-0500][gc,heap        ] GC(23609)   class space    used 7457K, capacity 8250K, committed 8832K, reserved 1048576K
[2020-12-28T12:13:59.064-0500][gc,start       ] GC(23609) Pause Young (Normal) (G1 Evacuation Pause)
[2020-12-28T12:13:59.064-0500][gc,task        ] GC(23609) Using 8 workers of 8 for evacuation
[2020-12-28T12:13:59.066-0500][gc,phases      ] GC(23609)   Pre Evacuate Collection Set: 0.0ms
[2020-12-28T12:13:59.066-0500][gc,phases      ] GC(23609)   Evacuate Collection Set: 0.9ms
[2020-12-28T12:13:59.066-0500][gc,phases      ] GC(23609)   Post Evacuate Collection Set: 0.9ms
[2020-12-28T12:13:59.066-0500][gc,phases      ] GC(23609)   Other: 0.2ms
[2020-12-28T12:13:59.066-0500][gc,heap        ] GC(23609) Eden regions: 9->0(8)
[2020-12-28T12:13:59.066-0500][gc,heap        ] GC(23609) Survivor regions: 0->1(2)
[2020-12-28T12:13:59.066-0500][gc,heap        ] GC(23609) Old regions: 42->42
[2020-12-28T12:13:59.066-0500][gc,heap        ] GC(23609) Humongous regions: 4->4
[2020-12-28T12:13:59.066-0500][gc,metaspace   ] GC(23609) Metaspace: 50313K->50313K(1093632K)
[2020-12-28T12:13:59.066-0500][gc,heap        ] GC(23609) Heap after GC invocations=23610 (full 5420): garbage-first heap   total 64512K, used 43378K [0x0000000083000000, 0x0000000100000000)
[2020-12-28T12:13:59.066-0500][gc,heap        ] GC(23609)   region size 1024K, 1 young (1024K), 1 survivors (1024K)
[2020-12-28T12:13:59.066-0500][gc,heap        ] GC(23609)  Metaspace       used 50313K, capacity 52468K, committed 53888K, reserved 1093632K
[2020-12-28T12:13:59.066-0500][gc,heap        ] GC(23609)   class space    used 7457K, capacity 8250K, committed 8832K, reserved 1048576K
[2020-12-28T12:13:59.066-0500][gc             ] GC(23609) Pause Young (Normal) (G1 Evacuation Pause) 51M->42M(63M) 1.996ms
[2020-12-28T12:13:59.066-0500][gc,cpu         ] GC(23609) User=0.00s Sys=0.01s Real=0.00s
[2020-12-28T12:15:59.062-0500][gc,heap        ] GC(23610) Heap before GC invocations=23610 (full 5420): garbage-first heap   total 64512K, used 50546K [0x0000000083000000, 0x0000000100000000)
[2020-12-28T12:15:59.062-0500][gc,heap        ] GC(23610)   region size 1024K, 9 young (9216K), 1 survivors (1024K)
[2020-12-28T12:15:59.062-0500][gc,heap        ] GC(23610)  Metaspace       used 50313K, capacity 52468K, committed 53888K, reserved 1093632K
[2020-12-28T12:15:59.062-0500][gc,heap        ] GC(23610)   class space    used 7457K, capacity 8250K, committed 8832K, reserved 1048576K
[2020-12-28T12:15:59.062-0500][gc,start       ] GC(23610) Pause Young (Normal) (G1 Evacuation Pause)
[2020-12-28T12:15:59.062-0500][gc,task        ] GC(23610) Using 8 workers of 8 for evacuation
[2020-12-28T12:15:59.064-0500][gc,phases      ] GC(23610)   Pre Evacuate Collection Set: 0.0ms
[2020-12-28T12:15:59.064-0500][gc,phases      ] GC(23610)   Evacuate Collection Set: 0.7ms
[2020-12-28T12:15:59.064-0500][gc,phases      ] GC(23610)   Post Evacuate Collection Set: 1.6ms
[2020-12-28T12:15:59.064-0500][gc,phases      ] GC(23610)   Other: 0.2ms
[2020-12-28T12:15:59.064-0500][gc,heap        ] GC(23610) Eden regions: 8->0(8)
[2020-12-28T12:15:59.064-0500][gc,heap        ] GC(23610) Survivor regions: 1->1(2)
[2020-12-28T12:15:59.064-0500][gc,heap        ] GC(23610) Old regions: 42->42
[2020-12-28T12:15:59.064-0500][gc,heap        ] GC(23610) Humongous regions: 4->4
[2020-12-28T12:15:59.064-0500][gc,metaspace   ] GC(23610) Metaspace: 50313K->50313K(1093632K)
[2020-12-28T12:15:59.064-0500][gc,heap        ] GC(23610) Heap after GC invocations=23611 (full 5420): garbage-first heap   total 64512K, used 43404K [0x0000000083000000, 0x0000000100000000)
[2020-12-28T12:15:59.064-0500][gc,heap        ] GC(23610)   region size 1024K, 1 young (1024K), 1 survivors (1024K)
[2020-12-28T12:15:59.064-0500][gc,heap        ] GC(23610)  Metaspace       used 50313K, capacity 52468K, committed 53888K, reserved 1093632K
[2020-12-28T12:15:59.064-0500][gc,heap        ] GC(23610)   class space    used 7457K, capacity 8250K, committed 8832K, reserved 1048576K
[2020-12-28T12:15:59.064-0500][gc             ] GC(23610) Pause Young (Normal) (G1 Evacuation Pause) 50M->42M(63M) 2.610ms
[2020-12-28T12:15:59.064-0500][gc,cpu         ] GC(23610) User=0.01s Sys=0.01s Real=0.00s
[2020-12-28T12:16:45.190-0500][gc,task        ] GC(23611) Using 5 workers of 8 for full compaction
[2020-12-28T12:16:45.190-0500][gc,start       ] GC(23611) Pause Full (System.gc())
[2020-12-28T12:16:45.190-0500][gc,heap        ] GC(23611) Heap before GC invocations=23611 (full 5420): garbage-first heap   total 64512K, used 45452K [0x0000000083000000, 0x0000000100000000)
[2020-12-28T12:16:45.190-0500][gc,heap        ] GC(23611)   region size 1024K, 4 young (4096K), 1 survivors (1024K)
[2020-12-28T12:16:45.190-0500][gc,heap        ] GC(23611)  Metaspace       used 50313K, capacity 52468K, committed 53888K, reserved 1093632K
[2020-12-28T12:16:45.190-0500][gc,heap        ] GC(23611)   class space    used 7457K, capacity 8250K, committed 8832K, reserved 1048576K
[2020-12-28T12:16:45.191-0500][gc,phases,start] GC(23611) Phase 1: Mark live objects
[2020-12-28T12:16:45.245-0500][gc,stringtable ] GC(23611) Cleaned string and symbol table, strings: 33320 processed, 4 removed, symbols: 120973 processed, 0 removed
[2020-12-28T12:16:45.245-0500][gc,phases      ] GC(23611) Phase 1: Mark live objects 53.977ms
[2020-12-28T12:16:45.245-0500][gc,phases,start] GC(23611) Phase 2: Prepare for compaction
[2020-12-28T12:16:45.250-0500][gc,phases      ] GC(23611) Phase 2: Prepare for compaction 4.958ms
[2020-12-28T12:16:45.250-0500][gc,phases,start] GC(23611) Phase 3: Adjust pointers
[2020-12-28T12:16:45.263-0500][gc,phases      ] GC(23611) Phase 3: Adjust pointers 12.990ms
[2020-12-28T12:16:45.263-0500][gc,phases,start] GC(23611) Phase 4: Compact heap
[2020-12-28T12:16:45.267-0500][gc,phases      ] GC(23611) Phase 4: Compact heap 3.810ms
[2020-12-28T12:16:45.273-0500][gc,heap        ] GC(23611) Eden regions: 3->0(9)
[2020-12-28T12:16:45.273-0500][gc,heap        ] GC(23611) Survivor regions: 1->0(2)
[2020-12-28T12:16:45.273-0500][gc,heap        ] GC(23611) Old regions: 42->42
[2020-12-28T12:16:45.273-0500][gc,heap        ] GC(23611) Humongous regions: 4->4
[2020-12-28T12:16:45.273-0500][gc,metaspace   ] GC(23611) Metaspace: 50313K->50313K(1093632K)
[2020-12-28T12:16:45.273-0500][gc,heap        ] GC(23611) Heap after GC invocations=23612 (full 5421): garbage-first heap   total 64512K, used 43325K [0x0000000083000000, 0x0000000100000000)
[2020-12-28T12:16:45.273-0500][gc,heap        ] GC(23611)   region size 1024K, 0 young (0K), 0 survivors (0K)
[2020-12-28T12:16:45.273-0500][gc,heap        ] GC(23611)  Metaspace       used 50313K, capacity 52468K, committed 53888K, reserved 1093632K
[2020-12-28T12:16:45.273-0500][gc,heap        ] GC(23611)   class space    used 7457K, capacity 8250K, committed 8832K, reserved 1048576K
[2020-12-28T12:16:45.273-0500][gc             ] GC(23611) Pause Full (System.gc()) 45M->42M(63M) 82.950ms
[2020-12-28T12:16:45.273-0500][gc,cpu         ] GC(23611) User=0.32s Sys=0.00s Real=0.08s
[2020-12-28T12:18:59.069-0500][gc,heap        ] GC(23612) Heap before GC invocations=23612 (full 5421): garbage-first heap   total 64512K, used 52541K [0x0000000083000000, 0x0000000100000000)
[2020-12-28T12:18:59.069-0500][gc,heap        ] GC(23612)   region size 1024K, 9 young (9216K), 0 survivors (0K)
[2020-12-28T12:18:59.069-0500][gc,heap        ] GC(23612)  Metaspace       used 50313K, capacity 52468K, committed 53888K, reserved 1093632K
[2020-12-28T12:18:59.069-0500][gc,heap        ] GC(23612)   class space    used 7457K, capacity 8250K, committed 8832K, reserved 1048576K
[2020-12-28T12:18:59.069-0500][gc,start       ] GC(23612) Pause Young (Normal) (G1 Evacuation Pause)
[2020-12-28T12:18:59.069-0500][gc,task        ] GC(23612) Using 8 workers of 8 for evacuation
[2020-12-28T12:18:59.078-0500][gc,phases      ] GC(23612)   Pre Evacuate Collection Set: 0.2ms
[2020-12-28T12:18:59.078-0500][gc,phases      ] GC(23612)   Evacuate Collection Set: 3.7ms
[2020-12-28T12:18:59.078-0500][gc,phases      ] GC(23612)   Post Evacuate Collection Set: 4.7ms
[2020-12-28T12:18:59.079-0500][gc,phases      ] GC(23612)   Other: 0.7ms
[2020-12-28T12:18:59.079-0500][gc,heap        ] GC(23612) Eden regions: 9->0(8)
[2020-12-28T12:18:59.079-0500][gc,heap        ] GC(23612) Survivor regions: 0->1(2)
[2020-12-28T12:18:59.079-0500][gc,heap        ] GC(23612) Old regions: 42->42
[2020-12-28T12:18:59.079-0500][gc,heap        ] GC(23612) Humongous regions: 4->4
[2020-12-28T12:18:59.079-0500][gc,metaspace   ] GC(23612) Metaspace: 50313K->50313K(1093632K)
[2020-12-28T12:18:59.079-0500][gc,heap        ] GC(23612) Heap after GC invocations=23613 (full 5421): garbage-first heap   total 64512K, used 43399K [0x0000000083000000, 0x0000000100000000)
[2020-12-28T12:18:59.079-0500][gc,heap        ] GC(23612)   region size 1024K, 1 young (1024K), 1 survivors (1024K)
[2020-12-28T12:18:59.079-0500][gc,heap        ] GC(23612)  Metaspace       used 50313K, capacity 52468K, committed 53888K, reserved 1093632K
[2020-12-28T12:18:59.079-0500][gc,heap        ] GC(23612)   class space    used 7457K, capacity 8250K, committed 8832K, reserved 1048576K
[2020-12-28T12:18:59.079-0500][gc             ] GC(23612) Pause Young (Normal) (G1 Evacuation Pause) 51M->42M(63M) 9.424ms
[2020-12-28T12:18:59.079-0500][gc,cpu         ] GC(23612) User=0.04s Sys=0.00s Real=0.01s
[2020-12-28T12:20:59.059-0500][gc,heap        ] GC(23613) Heap before GC invocations=23613 (full 5421): garbage-first heap   total 64512K, used 51591K [0x0000000083000000, 0x0000000100000000)
[2020-12-28T12:20:59.059-0500][gc,heap        ] GC(23613)   region size 1024K, 9 young (9216K), 1 survivors (1024K)
[2020-12-28T12:20:59.059-0500][gc,heap        ] GC(23613)  Metaspace       used 50313K, capacity 52468K, committed 53888K, reserved 1093632K
[2020-12-28T12:20:59.059-0500][gc,heap        ] GC(23613)   class space    used 7457K, capacity 8250K, committed 8832K, reserved 1048576K
[2020-12-28T12:20:59.059-0500][gc,start       ] GC(23613) Pause Young (Normal) (G1 Evacuation Pause)
[2020-12-28T12:20:59.059-0500][gc,task        ] GC(23613) Using 8 workers of 8 for evacuation
[2020-12-28T12:20:59.062-0500][gc,phases      ] GC(23613)   Pre Evacuate Collection Set: 0.0ms
[2020-12-28T12:20:59.062-0500][gc,phases      ] GC(23613)   Evacuate Collection Set: 1.4ms
[2020-12-28T12:20:59.062-0500][gc,phases      ] GC(23613)   Post Evacuate Collection Set: 0.9ms
[2020-12-28T12:20:59.062-0500][gc,phases      ] GC(23613)   Other: 0.2ms
[2020-12-28T12:20:59.062-0500][gc,heap        ] GC(23613) Eden regions: 8->0(8)
[2020-12-28T12:20:59.062-0500][gc,heap        ] GC(23613) Survivor regions: 1->1(2)
[2020-12-28T12:20:59.062-0500][gc,heap        ] GC(23613) Old regions: 42->42
[2020-12-28T12:20:59.062-0500][gc,heap        ] GC(23613) Humongous regions: 4->4
[2020-12-28T12:20:59.062-0500][gc,metaspace   ] GC(23613) Metaspace: 50313K->50313K(1093632K)
[2020-12-28T12:20:59.062-0500][gc,heap        ] GC(23613) Heap after GC invocations=23614 (full 5421): garbage-first heap   total 64512K, used 43414K [0x0000000083000000, 0x0000000100000000)
[2020-12-28T12:20:59.062-0500][gc,heap        ] GC(23613)   region size 1024K, 1 young (1024K), 1 survivors (1024K)
[2020-12-28T12:20:59.062-0500][gc,heap        ] GC(23613)  Metaspace       used 50313K, capacity 52468K, committed 53888K, reserved 1093632K
[2020-12-28T12:20:59.062-0500][gc,heap        ] GC(23613)   class space    used 7457K, capacity 8250K, committed 8832K, reserved 1048576K
[2020-12-28T12:20:59.062-0500][gc             ] GC(23613) Pause Young (Normal) (G1 Evacuation Pause) 50M->42M(63M) 2.520ms
[2020-12-28T12:20:59.062-0500][gc,cpu         ] GC(23613) User=0.01s Sys=0.00s Real=0.00s
[2020-12-28T12:21:45.191-0500][gc,task        ] GC(23614) Using 5 workers of 8 for full compaction
[2020-12-28T12:21:45.191-0500][gc,start       ] GC(23614) Pause Full (System.gc())
[2020-12-28T12:21:45.192-0500][gc,heap        ] GC(23614) Heap before GC invocations=23614 (full 5421): garbage-first heap   total 64512K, used 46486K [0x0000000083000000, 0x0000000100000000)
[2020-12-28T12:21:45.192-0500][gc,heap        ] GC(23614)   region size 1024K, 5 young (5120K), 1 survivors (1024K)
[2020-12-28T12:21:45.192-0500][gc,heap        ] GC(23614)  Metaspace       used 50313K, capacity 52468K, committed 53888K, reserved 1093632K
[2020-12-28T12:21:45.192-0500][gc,heap        ] GC(23614)   class space    used 7457K, capacity 8250K, committed 8832K, reserved 1048576K
[2020-12-28T12:21:45.192-0500][gc,phases,start] GC(23614) Phase 1: Mark live objects
[2020-12-28T12:21:45.234-0500][gc,stringtable ] GC(23614) Cleaned string and symbol table, strings: 33320 processed, 4 removed, symbols: 120973 processed, 0 removed
[2020-12-28T12:21:45.234-0500][gc,phases      ] GC(23614) Phase 1: Mark live objects 41.647ms
[2020-12-28T12:21:45.234-0500][gc,phases,start] GC(23614) Phase 2: Prepare for compaction
[2020-12-28T12:21:45.238-0500][gc,phases      ] GC(23614) Phase 2: Prepare for compaction 4.533ms
[2020-12-28T12:21:45.238-0500][gc,phases,start] GC(23614) Phase 3: Adjust pointers
[2020-12-28T12:21:45.250-0500][gc,phases      ] GC(23614) Phase 3: Adjust pointers 11.990ms
[2020-12-28T12:21:45.251-0500][gc,phases,start] GC(23614) Phase 4: Compact heap
[2020-12-28T12:21:45.254-0500][gc,phases      ] GC(23614) Phase 4: Compact heap 3.305ms
[2020-12-28T12:21:45.259-0500][gc,heap        ] GC(23614) Eden regions: 4->0(10)
[2020-12-28T12:21:45.259-0500][gc,heap        ] GC(23614) Survivor regions: 1->0(2)
[2020-12-28T12:21:45.259-0500][gc,heap        ] GC(23614) Old regions: 42->41
[2020-12-28T12:21:45.259-0500][gc,heap        ] GC(23614) Humongous regions: 4->4
[2020-12-28T12:21:45.259-0500][gc,metaspace   ] GC(23614) Metaspace: 50313K->50313K(1093632K)
[2020-12-28T12:21:45.259-0500][gc,heap        ] GC(23614) Heap after GC invocations=23615 (full 5422): garbage-first heap   total 64512K, used 43325K [0x0000000083000000, 0x0000000100000000)
[2020-12-28T12:21:45.259-0500][gc,heap        ] GC(23614)   region size 1024K, 0 young (0K), 0 survivors (0K)
[2020-12-28T12:21:45.259-0500][gc,heap        ] GC(23614)  Metaspace       used 50313K, capacity 52468K, committed 53888K, reserved 1093632K
[2020-12-28T12:21:45.259-0500][gc,heap        ] GC(23614)   class space    used 7457K, capacity 8250K, committed 8832K, reserved 1048576K
[2020-12-28T12:21:45.259-0500][gc             ] GC(23614) Pause Full (System.gc()) 45M->42M(63M) 67.332ms
[2020-12-28T12:21:45.259-0500][gc,cpu         ] GC(23614) User=0.28s Sys=0.00s Real=0.07s
[2020-12-28T12:24:09.823-0500][gc,heap        ] GC(23615) Heap before GC invocations=23615 (full 5422): garbage-first heap   total 64512K, used 53565K [0x0000000083000000, 0x0000000100000000)
[2020-12-28T12:24:09.823-0500][gc,heap        ] GC(23615)   region size 1024K, 10 young (10240K), 0 survivors (0K)
[2020-12-28T12:24:09.823-0500][gc,heap        ] GC(23615)  Metaspace       used 50313K, capacity 52468K, committed 53888K, reserved 1093632K
[2020-12-28T12:24:09.823-0500][gc,heap        ] GC(23615)   class space    used 7457K, capacity 8250K, committed 8832K, reserved 1048576K
[2020-12-28T12:24:09.824-0500][gc,start       ] GC(23615) Pause Young (Normal) (G1 Evacuation Pause)
[2020-12-28T12:24:09.824-0500][gc,task        ] GC(23615) Using 8 workers of 8 for evacuation
[2020-12-28T12:24:09.827-0500][gc,phases      ] GC(23615)   Pre Evacuate Collection Set: 0.0ms
[2020-12-28T12:24:09.827-0500][gc,phases      ] GC(23615)   Evacuate Collection Set: 1.2ms
[2020-12-28T12:24:09.827-0500][gc,phases      ] GC(23615)   Post Evacuate Collection Set: 2.1ms
[2020-12-28T12:24:09.827-0500][gc,phases      ] GC(23615)   Other: 0.4ms
[2020-12-28T12:24:09.827-0500][gc,heap        ] GC(23615) Eden regions: 10->0(9)
[2020-12-28T12:24:09.827-0500][gc,heap        ] GC(23615) Survivor regions: 0->1(2)
[2020-12-28T12:24:09.827-0500][gc,heap        ] GC(23615) Old regions: 41->41
[2020-12-28T12:24:09.827-0500][gc,heap        ] GC(23615) Humongous regions: 4->4
[2020-12-28T12:24:09.827-0500][gc,metaspace   ] GC(23615) Metaspace: 50313K->50313K(1093632K)
[2020-12-28T12:24:09.827-0500][gc,heap        ] GC(23615) Heap after GC invocations=23616 (full 5422): garbage-first heap   total 64512K, used 43393K [0x0000000083000000, 0x0000000100000000)
[2020-12-28T12:24:09.827-0500][gc,heap        ] GC(23615)   region size 1024K, 1 young (1024K), 1 survivors (1024K)
[2020-12-28T12:24:09.827-0500][gc,heap        ] GC(23615)  Metaspace       used 50313K, capacity 52468K, committed 53888K, reserved 1093632K
[2020-12-28T12:24:09.827-0500][gc,heap        ] GC(23615)   class space    used 7457K, capacity 8250K, committed 8832K, reserved 1048576K
[2020-12-28T12:24:09.827-0500][gc             ] GC(23615) Pause Young (Normal) (G1 Evacuation Pause) 52M->42M(63M) 3.890ms
[2020-12-28T12:24:09.828-0500][gc,cpu         ] GC(23615) User=0.01s Sys=0.01s Real=0.00s
[2020-12-28T12:26:29.058-0500][gc,heap        ] GC(23616) Heap before GC invocations=23616 (full 5422): garbage-first heap   total 64512K, used 51585K [0x0000000083000000, 0x0000000100000000)
[2020-12-28T12:26:29.059-0500][gc,heap        ] GC(23616)   region size 1024K, 10 young (10240K), 1 survivors (1024K)
[2020-12-28T12:26:29.059-0500][gc,heap        ] GC(23616)  Metaspace       used 50313K, capacity 52468K, committed 53888K, reserved 1093632K
[2020-12-28T12:26:29.059-0500][gc,heap        ] GC(23616)   class space    used 7457K, capacity 8250K, committed 8832K, reserved 1048576K
[2020-12-28T12:26:29.059-0500][gc,start       ] GC(23616) Pause Young (Normal) (G1 Evacuation Pause)
[2020-12-28T12:26:29.059-0500][gc,task        ] GC(23616) Using 8 workers of 8 for evacuation
[2020-12-28T12:26:29.060-0500][gc,phases      ] GC(23616)   Pre Evacuate Collection Set: 0.0ms
[2020-12-28T12:26:29.060-0500][gc,phases      ] GC(23616)   Evacuate Collection Set: 0.8ms
[2020-12-28T12:26:29.060-0500][gc,phases      ] GC(23616)   Post Evacuate Collection Set: 0.7ms
[2020-12-28T12:26:29.060-0500][gc,phases      ] GC(23616)   Other: 0.2ms
[2020-12-28T12:26:29.060-0500][gc,heap        ] GC(23616) Eden regions: 9->0(9)
[2020-12-28T12:26:29.060-0500][gc,heap        ] GC(23616) Survivor regions: 1->1(2)
[2020-12-28T12:26:29.060-0500][gc,heap        ] GC(23616) Old regions: 41->41
[2020-12-28T12:26:29.060-0500][gc,heap        ] GC(23616) Humongous regions: 4->4
[2020-12-28T12:26:29.060-0500][gc,metaspace   ] GC(23616) Metaspace: 50313K->50313K(1093632K)
[2020-12-28T12:26:29.060-0500][gc,heap        ] GC(23616) Heap after GC invocations=23617 (full 5422): garbage-first heap   total 64512K, used 43414K [0x0000000083000000, 0x0000000100000000)
[2020-12-28T12:26:29.060-0500][gc,heap        ] GC(23616)   region size 1024K, 1 young (1024K), 1 survivors (1024K)
[2020-12-28T12:26:29.060-0500][gc,heap        ] GC(23616)  Metaspace       used 50313K, capacity 52468K, committed 53888K, reserved 1093632K
[2020-12-28T12:26:29.060-0500][gc,heap        ] GC(23616)   class space    used 7457K, capacity 8250K, committed 8832K, reserved 1048576K
[2020-12-28T12:26:29.060-0500][gc             ] GC(23616) Pause Young (Normal) (G1 Evacuation Pause) 51M->42M(63M) 1.817ms
[2020-12-28T12:26:29.061-0500][gc,cpu         ] GC(23616) User=0.01s Sys=0.01s Real=0.00s
[2020-12-28T12:26:45.190-0500][gc,task        ] GC(23617) Using 5 workers of 8 for full compaction
[2020-12-28T12:26:45.190-0500][gc,start       ] GC(23617) Pause Full (System.gc())
[2020-12-28T12:26:45.190-0500][gc,heap        ] GC(23617) Heap before GC invocations=23617 (full 5422): garbage-first heap   total 64512K, used 44438K [0x0000000083000000, 0x0000000100000000)
[2020-12-28T12:26:45.190-0500][gc,heap        ] GC(23617)   region size 1024K, 3 young (3072K), 1 survivors (1024K)
[2020-12-28T12:26:45.190-0500][gc,heap        ] GC(23617)  Metaspace       used 50313K, capacity 52468K, committed 53888K, reserved 1093632K
[2020-12-28T12:26:45.190-0500][gc,heap        ] GC(23617)   class space    used 7457K, capacity 8250K, committed 8832K, reserved 1048576K
[2020-12-28T12:26:45.190-0500][gc,phases,start] GC(23617) Phase 1: Mark live objects
[2020-12-28T12:26:45.236-0500][gc,stringtable ] GC(23617) Cleaned string and symbol table, strings: 33320 processed, 4 removed, symbols: 120973 processed, 0 removed
[2020-12-28T12:26:45.236-0500][gc,phases      ] GC(23617) Phase 1: Mark live objects 45.709ms
[2020-12-28T12:26:45.236-0500][gc,phases,start] GC(23617) Phase 2: Prepare for compaction
[2020-12-28T12:26:45.240-0500][gc,phases      ] GC(23617) Phase 2: Prepare for compaction 3.991ms
[2020-12-28T12:26:45.240-0500][gc,phases,start] GC(23617) Phase 3: Adjust pointers
[2020-12-28T12:26:45.252-0500][gc,phases      ] GC(23617) Phase 3: Adjust pointers 12.020ms
[2020-12-28T12:26:45.252-0500][gc,phases,start] GC(23617) Phase 4: Compact heap
[2020-12-28T12:26:45.255-0500][gc,phases      ] GC(23617) Phase 4: Compact heap 2.871ms
[2020-12-28T12:26:45.259-0500][gc,heap        ] GC(23617) Eden regions: 2->0(11)
[2020-12-28T12:26:45.260-0500][gc,heap        ] GC(23617) Survivor regions: 1->0(2)
[2020-12-28T12:26:45.260-0500][gc,heap        ] GC(23617) Old regions: 41->40
[2020-12-28T12:26:45.260-0500][gc,heap        ] GC(23617) Humongous regions: 4->4
[2020-12-28T12:26:45.260-0500][gc,metaspace   ] GC(23617) Metaspace: 50313K->50313K(1093632K)
[2020-12-28T12:26:45.260-0500][gc,heap        ] GC(23617) Heap after GC invocations=23618 (full 5423): garbage-first heap   total 64512K, used 43312K [0x0000000083000000, 0x0000000100000000)
[2020-12-28T12:26:45.260-0500][gc,heap        ] GC(23617)   region size 1024K, 0 young (0K), 0 survivors (0K)
[2020-12-28T12:26:45.260-0500][gc,heap        ] GC(23617)  Metaspace       used 50313K, capacity 52468K, committed 53888K, reserved 1093632K
[2020-12-28T12:26:45.260-0500][gc,heap        ] GC(23617)   class space    used 7457K, capacity 8250K, committed 8832K, reserved 1048576K
[2020-12-28T12:26:45.260-0500][gc             ] GC(23617) Pause Full (System.gc()) 43M->42M(63M) 69.879ms
[2020-12-28T12:26:45.260-0500][gc,cpu         ] GC(23617) User=0.32s Sys=0.00s Real=0.07s
[2020-12-28T12:29:29.069-0500][gc,heap        ] GC(23618) Heap before GC invocations=23618 (full 5423): garbage-first heap   total 64512K, used 54576K [0x0000000083000000, 0x0000000100000000)
[2020-12-28T12:29:29.069-0500][gc,heap        ] GC(23618)   region size 1024K, 11 young (11264K), 0 survivors (0K)
[2020-12-28T12:29:29.069-0500][gc,heap        ] GC(23618)  Metaspace       used 50313K, capacity 52468K, committed 53888K, reserved 1093632K
[2020-12-28T12:29:29.069-0500][gc,heap        ] GC(23618)   class space    used 7457K, capacity 8250K, committed 8832K, reserved 1048576K
[2020-12-28T12:29:29.069-0500][gc,start       ] GC(23618) Pause Young (Normal) (G1 Evacuation Pause)
[2020-12-28T12:29:29.069-0500][gc,task        ] GC(23618) Using 8 workers of 8 for evacuation
[2020-12-28T12:29:29.076-0500][gc,phases      ] GC(23618)   Pre Evacuate Collection Set: 0.1ms
[2020-12-28T12:29:29.076-0500][gc,phases      ] GC(23618)   Evacuate Collection Set: 2.0ms
[2020-12-28T12:29:29.076-0500][gc,phases      ] GC(23618)   Post Evacuate Collection Set: 4.4ms
[2020-12-28T12:29:29.076-0500][gc,phases      ] GC(23618)   Other: 0.5ms
[2020-12-28T12:29:29.076-0500][gc,heap        ] GC(23618) Eden regions: 11->0(10)
[2020-12-28T12:29:29.076-0500][gc,heap        ] GC(23618) Survivor regions: 0->1(2)
[2020-12-28T12:29:29.076-0500][gc,heap        ] GC(23618) Old regions: 40->40
[2020-12-28T12:29:29.076-0500][gc,heap        ] GC(23618) Humongous regions: 4->4
[2020-12-28T12:29:29.076-0500][gc,metaspace   ] GC(23618) Metaspace: 50313K->50313K(1093632K)
[2020-12-28T12:29:29.076-0500][gc,heap        ] GC(23618) Heap after GC invocations=23619 (full 5423): garbage-first heap   total 64512K, used 43377K [0x0000000083000000, 0x0000000100000000)
[2020-12-28T12:29:29.076-0500][gc,heap        ] GC(23618)   region size 1024K, 1 young (1024K), 1 survivors (1024K)
[2020-12-28T12:29:29.076-0500][gc,heap        ] GC(23618)  Metaspace       used 50313K, capacity 52468K, committed 53888K, reserved 1093632K
[2020-12-28T12:29:29.076-0500][gc,heap        ] GC(23618)   class space    used 7457K, capacity 8250K, committed 8832K, reserved 1048576K
[2020-12-28T12:29:29.076-0500][gc             ] GC(23618) Pause Young (Normal) (G1 Evacuation Pause) 53M->42M(63M) 7.222ms
[2020-12-28T12:29:29.077-0500][gc,cpu         ] GC(23618) User=0.02s Sys=0.01s Real=0.00s
[2020-12-28T12:31:45.191-0500][gc,task        ] GC(23619) Using 5 workers of 8 for full compaction
[2020-12-28T12:31:45.191-0500][gc,start       ] GC(23619) Pause Full (System.gc())
[2020-12-28T12:31:45.191-0500][gc,heap        ] GC(23619) Heap before GC invocations=23619 (full 5423): garbage-first heap   total 64512K, used 51569K [0x0000000083000000, 0x0000000100000000)
[2020-12-28T12:31:45.191-0500][gc,heap        ] GC(23619)   region size 1024K, 10 young (10240K), 1 survivors (1024K)
[2020-12-28T12:31:45.191-0500][gc,heap        ] GC(23619)  Metaspace       used 50313K, capacity 52468K, committed 53888K, reserved 1093632K
[2020-12-28T12:31:45.191-0500][gc,heap        ] GC(23619)   class space    used 7457K, capacity 8250K, committed 8832K, reserved 1048576K
[2020-12-28T12:31:45.192-0500][gc,phases,start] GC(23619) Phase 1: Mark live objects
[2020-12-28T12:31:45.235-0500][gc,stringtable ] GC(23619) Cleaned string and symbol table, strings: 33320 processed, 4 removed, symbols: 120973 processed, 0 removed
[2020-12-28T12:31:45.235-0500][gc,phases      ] GC(23619) Phase 1: Mark live objects 43.308ms
[2020-12-28T12:31:45.235-0500][gc,phases,start] GC(23619) Phase 2: Prepare for compaction
[2020-12-28T12:31:45.239-0500][gc,phases      ] GC(23619) Phase 2: Prepare for compaction 3.435ms
[2020-12-28T12:31:45.239-0500][gc,phases,start] GC(23619) Phase 3: Adjust pointers
[2020-12-28T12:31:45.249-0500][gc,phases      ] GC(23619) Phase 3: Adjust pointers 10.462ms
[2020-12-28T12:31:45.249-0500][gc,phases,start] GC(23619) Phase 4: Compact heap
[2020-12-28T12:31:45.252-0500][gc,phases      ] GC(23619) Phase 4: Compact heap 2.670ms
[2020-12-28T12:31:45.257-0500][gc,heap        ] GC(23619) Eden regions: 9->0(9)
[2020-12-28T12:31:45.257-0500][gc,heap        ] GC(23619) Survivor regions: 1->0(2)
[2020-12-28T12:31:45.257-0500][gc,heap        ] GC(23619) Old regions: 40->42
[2020-12-28T12:31:45.257-0500][gc,heap        ] GC(23619) Humongous regions: 4->4
[2020-12-28T12:31:45.257-0500][gc,metaspace   ] GC(23619) Metaspace: 50313K->50313K(1093632K)
[2020-12-28T12:31:45.257-0500][gc,heap        ] GC(23619) Heap after GC invocations=23620 (full 5424): garbage-first heap   total 64512K, used 43345K [0x0000000083000000, 0x0000000100000000)
[2020-12-28T12:31:45.257-0500][gc,heap        ] GC(23619)   region size 1024K, 0 young (0K), 0 survivors (0K)
[2020-12-28T12:31:45.257-0500][gc,heap        ] GC(23619)  Metaspace       used 50313K, capacity 52468K, committed 53888K, reserved 1093632K
[2020-12-28T12:31:45.257-0500][gc,heap        ] GC(23619)   class space    used 7457K, capacity 8250K, committed 8832K, reserved 1048576K
[2020-12-28T12:31:45.257-0500][gc             ] GC(23619) Pause Full (System.gc()) 50M->42M(63M) 65.411ms
[2020-12-28T12:31:45.257-0500][gc,cpu         ] GC(23619) User=0.29s Sys=0.00s Real=0.06s
[2020-12-28T12:33:59.062-0500][gc,heap        ] GC(23620) Heap before GC invocations=23620 (full 5424): garbage-first heap   total 64512K, used 52561K [0x0000000083000000, 0x0000000100000000)
[2020-12-28T12:33:59.062-0500][gc,heap        ] GC(23620)   region size 1024K, 9 young (9216K), 0 survivors (0K)
[2020-12-28T12:33:59.062-0500][gc,heap        ] GC(23620)  Metaspace       used 50313K, capacity 52468K, committed 53888K, reserved 1093632K
[2020-12-28T12:33:59.062-0500][gc,heap        ] GC(23620)   class space    used 7457K, capacity 8250K, committed 8832K, reserved 1048576K
[2020-12-28T12:33:59.062-0500][gc,start       ] GC(23620) Pause Young (Normal) (G1 Evacuation Pause)
[2020-12-28T12:33:59.062-0500][gc,task        ] GC(23620) Using 8 workers of 8 for evacuation
[2020-12-28T12:33:59.065-0500][gc,phases      ] GC(23620)   Pre Evacuate Collection Set: 0.0ms
[2020-12-28T12:33:59.065-0500][gc,phases      ] GC(23620)   Evacuate Collection Set: 2.5ms
[2020-12-28T12:33:59.065-0500][gc,phases      ] GC(23620)   Post Evacuate Collection Set: 1.1ms
[2020-12-28T12:33:59.065-0500][gc,phases      ] GC(23620)   Other: 0.3ms
[2020-12-28T12:33:59.065-0500][gc,heap        ] GC(23620) Eden regions: 9->0(8)
[2020-12-28T12:33:59.065-0500][gc,heap        ] GC(23620) Survivor regions: 0->1(2)
[2020-12-28T12:33:59.065-0500][gc,heap        ] GC(23620) Old regions: 42->42
[2020-12-28T12:33:59.065-0500][gc,heap        ] GC(23620) Humongous regions: 4->4
[2020-12-28T12:33:59.065-0500][gc,metaspace   ] GC(23620) Metaspace: 50313K->50313K(1093632K)
[2020-12-28T12:33:59.066-0500][gc,heap        ] GC(23620) Heap after GC invocations=23621 (full 5424): garbage-first heap   total 64512K, used 43424K [0x0000000083000000, 0x0000000100000000)
[2020-12-28T12:33:59.066-0500][gc,heap        ] GC(23620)   region size 1024K, 1 young (1024K), 1 survivors (1024K)
[2020-12-28T12:33:59.066-0500][gc,heap        ] GC(23620)  Metaspace       used 50313K, capacity 52468K, committed 53888K, reserved 1093632K
[2020-12-28T12:33:59.066-0500][gc,heap        ] GC(23620)   class space    used 7457K, capacity 8250K, committed 8832K, reserved 1048576K
[2020-12-28T12:33:59.066-0500][gc             ] GC(23620) Pause Young (Normal) (G1 Evacuation Pause) 51M->42M(63M) 3.889ms
[2020-12-28T12:33:59.066-0500][gc,cpu         ] GC(23620) User=0.02s Sys=0.00s Real=0.00s
[2020-12-28T12:35:59.066-0500][gc,heap        ] GC(23621) Heap before GC invocations=23621 (full 5424): garbage-first heap   total 64512K, used 51616K [0x0000000083000000, 0x0000000100000000)
[2020-12-28T12:35:59.066-0500][gc,heap        ] GC(23621)   region size 1024K, 9 young (9216K), 1 survivors (1024K)
[2020-12-28T12:35:59.066-0500][gc,heap        ] GC(23621)  Metaspace       used 50313K, capacity 52468K, committed 53888K, reserved 1093632K
[2020-12-28T12:35:59.066-0500][gc,heap        ] GC(23621)   class space    used 7457K, capacity 8250K, committed 8832K, reserved 1048576K
[2020-12-28T12:35:59.066-0500][gc,start       ] GC(23621) Pause Young (Normal) (G1 Evacuation Pause)
[2020-12-28T12:35:59.066-0500][gc,task        ] GC(23621) Using 8 workers of 8 for evacuation
[2020-12-28T12:35:59.070-0500][gc,phases      ] GC(23621)   Pre Evacuate Collection Set: 0.0ms
[2020-12-28T12:35:59.071-0500][gc,phases      ] GC(23621)   Evacuate Collection Set: 1.6ms
[2020-12-28T12:35:59.071-0500][gc,phases      ] GC(23621)   Post Evacuate Collection Set: 2.3ms
[2020-12-28T12:35:59.071-0500][gc,phases      ] GC(23621)   Other: 0.5ms
[2020-12-28T12:35:59.071-0500][gc,heap        ] GC(23621) Eden regions: 8->0(8)
[2020-12-28T12:35:59.071-0500][gc,heap        ] GC(23621) Survivor regions: 1->1(2)
[2020-12-28T12:35:59.071-0500][gc,heap        ] GC(23621) Old regions: 42->42
[2020-12-28T12:35:59.071-0500][gc,heap        ] GC(23621) Humongous regions: 4->4
[2020-12-28T12:35:59.071-0500][gc,metaspace   ] GC(23621) Metaspace: 50313K->50313K(1093632K)
[2020-12-28T12:35:59.071-0500][gc,heap        ] GC(23621) Heap after GC invocations=23622 (full 5424): garbage-first heap   total 64512K, used 43395K [0x0000000083000000, 0x0000000100000000)
[2020-12-28T12:35:59.071-0500][gc,heap        ] GC(23621)   region size 1024K, 1 young (1024K), 1 survivors (1024K)
[2020-12-28T12:35:59.071-0500][gc,heap        ] GC(23621)  Metaspace       used 50313K, capacity 52468K, committed 53888K, reserved 1093632K
[2020-12-28T12:35:59.071-0500][gc,heap        ] GC(23621)   class space    used 7457K, capacity 8250K, committed 8832K, reserved 1048576K
[2020-12-28T12:35:59.071-0500][gc             ] GC(23621) Pause Young (Normal) (G1 Evacuation Pause) 50M->42M(63M) 4.420ms
[2020-12-28T12:35:59.071-0500][gc,cpu         ] GC(23621) User=0.01s Sys=0.01s Real=0.01s
[2020-12-28T12:36:45.191-0500][gc,task        ] GC(23622) Using 5 workers of 8 for full compaction
[2020-12-28T12:36:45.191-0500][gc,start       ] GC(23622) Pause Full (System.gc())
[2020-12-28T12:36:45.191-0500][gc,heap        ] GC(23622) Heap before GC invocations=23622 (full 5424): garbage-first heap   total 64512K, used 46467K [0x0000000083000000, 0x0000000100000000)
[2020-12-28T12:36:45.191-0500][gc,heap        ] GC(23622)   region size 1024K, 5 young (5120K), 1 survivors (1024K)
[2020-12-28T12:36:45.191-0500][gc,heap        ] GC(23622)  Metaspace       used 50313K, capacity 52468K, committed 53888K, reserved 1093632K
[2020-12-28T12:36:45.191-0500][gc,heap        ] GC(23622)   class space    used 7457K, capacity 8250K, committed 8832K, reserved 1048576K
[2020-12-28T12:36:45.192-0500][gc,phases,start] GC(23622) Phase 1: Mark live objects
[2020-12-28T12:36:45.239-0500][gc,stringtable ] GC(23622) Cleaned string and symbol table, strings: 33320 processed, 4 removed, symbols: 120973 processed, 0 removed
[2020-12-28T12:36:45.239-0500][gc,phases      ] GC(23622) Phase 1: Mark live objects 47.471ms
[2020-12-28T12:36:45.239-0500][gc,phases,start] GC(23622) Phase 2: Prepare for compaction
[2020-12-28T12:36:45.243-0500][gc,phases      ] GC(23622) Phase 2: Prepare for compaction 3.302ms
[2020-12-28T12:36:45.243-0500][gc,phases,start] GC(23622) Phase 3: Adjust pointers
[2020-12-28T12:36:45.254-0500][gc,phases      ] GC(23622) Phase 3: Adjust pointers 11.651ms
[2020-12-28T12:36:45.255-0500][gc,phases,start] GC(23622) Phase 4: Compact heap
[2020-12-28T12:36:45.257-0500][gc,phases      ] GC(23622) Phase 4: Compact heap 2.838ms
[2020-12-28T12:36:45.262-0500][gc,heap        ] GC(23622) Eden regions: 4->0(9)
[2020-12-28T12:36:45.262-0500][gc,heap        ] GC(23622) Survivor regions: 1->0(2)
[2020-12-28T12:36:45.262-0500][gc,heap        ] GC(23622) Old regions: 42->42
[2020-12-28T12:36:45.262-0500][gc,heap        ] GC(23622) Humongous regions: 4->4
[2020-12-28T12:36:45.262-0500][gc,metaspace   ] GC(23622) Metaspace: 50313K->50313K(1093632K)
[2020-12-28T12:36:45.262-0500][gc,heap        ] GC(23622) Heap after GC invocations=23623 (full 5425): garbage-first heap   total 64512K, used 43334K [0x0000000083000000, 0x0000000100000000)
[2020-12-28T12:36:45.262-0500][gc,heap        ] GC(23622)   region size 1024K, 0 young (0K), 0 survivors (0K)
[2020-12-28T12:36:45.262-0500][gc,heap        ] GC(23622)  Metaspace       used 50313K, capacity 52468K, committed 53888K, reserved 1093632K
[2020-12-28T12:36:45.262-0500][gc,heap        ] GC(23622)   class space    used 7457K, capacity 8250K, committed 8832K, reserved 1048576K
[2020-12-28T12:36:45.262-0500][gc             ] GC(23622) Pause Full (System.gc()) 45M->42M(63M) 71.201ms
[2020-12-28T12:36:45.262-0500][gc,cpu         ] GC(23622) User=0.31s Sys=0.00s Real=0.07s
[2020-12-28T12:38:50.203-0500][gc,heap        ] GC(23623) Heap before GC invocations=23623 (full 5425): garbage-first heap   total 64512K, used 51526K [0x0000000083000000, 0x0000000100000000)
[2020-12-28T12:38:50.203-0500][gc,heap        ] GC(23623)   region size 1024K, 9 young (9216K), 0 survivors (0K)
[2020-12-28T12:38:50.203-0500][gc,heap        ] GC(23623)  Metaspace       used 50313K, capacity 52468K, committed 53888K, reserved 1093632K
[2020-12-28T12:38:50.203-0500][gc,heap        ] GC(23623)   class space    used 7457K, capacity 8250K, committed 8832K, reserved 1048576K
[2020-12-28T12:38:50.204-0500][gc,start       ] GC(23623) Pause Young (Normal) (G1 Evacuation Pause)
[2020-12-28T12:38:50.204-0500][gc,task        ] GC(23623) Using 8 workers of 8 for evacuation
[2020-12-28T12:38:50.209-0500][gc,phases      ] GC(23623)   Pre Evacuate Collection Set: 0.0ms
[2020-12-28T12:38:50.209-0500][gc,phases      ] GC(23623)   Evacuate Collection Set: 2.4ms
[2020-12-28T12:38:50.209-0500][gc,phases      ] GC(23623)   Post Evacuate Collection Set: 2.5ms
[2020-12-28T12:38:50.209-0500][gc,phases      ] GC(23623)   Other: 0.5ms
[2020-12-28T12:38:50.209-0500][gc,heap        ] GC(23623) Eden regions: 9->0(8)
[2020-12-28T12:38:50.209-0500][gc,heap        ] GC(23623) Survivor regions: 0->1(2)
[2020-12-28T12:38:50.209-0500][gc,heap        ] GC(23623) Old regions: 42->42
[2020-12-28T12:38:50.209-0500][gc,heap        ] GC(23623) Humongous regions: 4->4
[2020-12-28T12:38:50.209-0500][gc,metaspace   ] GC(23623) Metaspace: 50313K->50313K(1093632K)
[2020-12-28T12:38:50.209-0500][gc,heap        ] GC(23623) Heap after GC invocations=23624 (full 5425): garbage-first heap   total 64512K, used 43396K [0x0000000083000000, 0x0000000100000000)
[2020-12-28T12:38:50.209-0500][gc,heap        ] GC(23623)   region size 1024K, 1 young (1024K), 1 survivors (1024K)
[2020-12-28T12:38:50.209-0500][gc,heap        ] GC(23623)  Metaspace       used 50313K, capacity 52468K, committed 53888K, reserved 1093632K
[2020-12-28T12:38:50.209-0500][gc,heap        ] GC(23623)   class space    used 7457K, capacity 8250K, committed 8832K, reserved 1048576K
[2020-12-28T12:38:50.209-0500][gc             ] GC(23623) Pause Young (Normal) (G1 Evacuation Pause) 51M->42M(63M) 5.534ms
[2020-12-28T12:38:50.209-0500][gc,cpu         ] GC(23623) User=0.00s Sys=0.01s Real=0.01s
[2020-12-28T12:40:49.060-0500][gc,heap        ] GC(23624) Heap before GC invocations=23624 (full 5425): garbage-first heap   total 64512K, used 50564K [0x0000000083000000, 0x0000000100000000)
[2020-12-28T12:40:49.060-0500][gc,heap        ] GC(23624)   region size 1024K, 9 young (9216K), 1 survivors (1024K)
[2020-12-28T12:40:49.060-0500][gc,heap        ] GC(23624)  Metaspace       used 50313K, capacity 52468K, committed 53888K, reserved 1093632K
[2020-12-28T12:40:49.060-0500][gc,heap        ] GC(23624)   class space    used 7457K, capacity 8250K, committed 8832K, reserved 1048576K
[2020-12-28T12:40:49.060-0500][gc,start       ] GC(23624) Pause Young (Normal) (G1 Evacuation Pause)
[2020-12-28T12:40:49.060-0500][gc,task        ] GC(23624) Using 8 workers of 8 for evacuation
[2020-12-28T12:40:49.062-0500][gc,phases      ] GC(23624)   Pre Evacuate Collection Set: 0.0ms
[2020-12-28T12:40:49.062-0500][gc,phases      ] GC(23624)   Evacuate Collection Set: 0.6ms
[2020-12-28T12:40:49.062-0500][gc,phases      ] GC(23624)   Post Evacuate Collection Set: 1.4ms
[2020-12-28T12:40:49.062-0500][gc,phases      ] GC(23624)   Other: 0.3ms
[2020-12-28T12:40:49.062-0500][gc,heap        ] GC(23624) Eden regions: 8->0(8)
[2020-12-28T12:40:49.062-0500][gc,heap        ] GC(23624) Survivor regions: 1->1(2)
[2020-12-28T12:40:49.062-0500][gc,heap        ] GC(23624) Old regions: 42->42
[2020-12-28T12:40:49.062-0500][gc,heap        ] GC(23624) Humongous regions: 4->4
[2020-12-28T12:40:49.062-0500][gc,metaspace   ] GC(23624) Metaspace: 50313K->50313K(1093632K)
[2020-12-28T12:40:49.062-0500][gc,heap        ] GC(23624) Heap after GC invocations=23625 (full 5425): garbage-first heap   total 64512K, used 43393K [0x0000000083000000, 0x0000000100000000)
[2020-12-28T12:40:49.062-0500][gc,heap        ] GC(23624)   region size 1024K, 1 young (1024K), 1 survivors (1024K)
[2020-12-28T12:40:49.062-0500][gc,heap        ] GC(23624)  Metaspace       used 50313K, capacity 52468K, committed 53888K, reserved 1093632K
[2020-12-28T12:40:49.062-0500][gc,heap        ] GC(23624)   class space    used 7457K, capacity 8250K, committed 8832K, reserved 1048576K
[2020-12-28T12:40:49.062-0500][gc             ] GC(23624) Pause Young (Normal) (G1 Evacuation Pause) 50M->42M(63M) 2.266ms
[2020-12-28T12:40:49.062-0500][gc,cpu         ] GC(23624) User=0.00s Sys=0.00s Real=0.00s
[2020-12-28T12:41:45.190-0500][gc,task        ] GC(23625) Using 5 workers of 8 for full compaction
[2020-12-28T12:41:45.190-0500][gc,start       ] GC(23625) Pause Full (System.gc())
[2020-12-28T12:41:45.190-0500][gc,heap        ] GC(23625) Heap before GC invocations=23625 (full 5425): garbage-first heap   total 64512K, used 46465K [0x0000000083000000, 0x0000000100000000)
[2020-12-28T12:41:45.190-0500][gc,heap        ] GC(23625)   region size 1024K, 5 young (5120K), 1 survivors (1024K)
[2020-12-28T12:41:45.190-0500][gc,heap        ] GC(23625)  Metaspace       used 50313K, capacity 52468K, committed 53888K, reserved 1093632K
[2020-12-28T12:41:45.190-0500][gc,heap        ] GC(23625)   class space    used 7457K, capacity 8250K, committed 8832K, reserved 1048576K
[2020-12-28T12:41:45.191-0500][gc,phases,start] GC(23625) Phase 1: Mark live objects
[2020-12-28T12:41:45.226-0500][gc,stringtable ] GC(23625) Cleaned string and symbol table, strings: 33320 processed, 4 removed, symbols: 120973 processed, 0 removed
[2020-12-28T12:41:45.226-0500][gc,phases      ] GC(23625) Phase 1: Mark live objects 34.732ms
[2020-12-28T12:41:45.226-0500][gc,phases,start] GC(23625) Phase 2: Prepare for compaction
[2020-12-28T12:41:45.231-0500][gc,phases      ] GC(23625) Phase 2: Prepare for compaction 5.092ms
[2020-12-28T12:41:45.231-0500][gc,phases,start] GC(23625) Phase 3: Adjust pointers
[2020-12-28T12:41:45.242-0500][gc,phases      ] GC(23625) Phase 3: Adjust pointers 11.298ms
[2020-12-28T12:41:45.242-0500][gc,phases,start] GC(23625) Phase 4: Compact heap
[2020-12-28T12:41:45.245-0500][gc,phases      ] GC(23625) Phase 4: Compact heap 2.808ms
[2020-12-28T12:41:45.249-0500][gc,heap        ] GC(23625) Eden regions: 4->0(10)
[2020-12-28T12:41:45.249-0500][gc,heap        ] GC(23625) Survivor regions: 1->0(2)
[2020-12-28T12:41:45.250-0500][gc,heap        ] GC(23625) Old regions: 42->41
[2020-12-28T12:41:45.250-0500][gc,heap        ] GC(23625) Humongous regions: 4->4
[2020-12-28T12:41:45.250-0500][gc,metaspace   ] GC(23625) Metaspace: 50313K->50313K(1093632K)
[2020-12-28T12:41:45.250-0500][gc,heap        ] GC(23625) Heap after GC invocations=23626 (full 5426): garbage-first heap   total 64512K, used 43326K [0x0000000083000000, 0x0000000100000000)
[2020-12-28T12:41:45.250-0500][gc,heap        ] GC(23625)   region size 1024K, 0 young (0K), 0 survivors (0K)
[2020-12-28T12:41:45.250-0500][gc,heap        ] GC(23625)  Metaspace       used 50313K, capacity 52468K, committed 53888K, reserved 1093632K
[2020-12-28T12:41:45.250-0500][gc,heap        ] GC(23625)   class space    used 7457K, capacity 8250K, committed 8832K, reserved 1048576K
[2020-12-28T12:41:45.250-0500][gc             ] GC(23625) Pause Full (System.gc()) 46M->42M(63M) 59.439ms
[2020-12-28T12:41:45.250-0500][gc,cpu         ] GC(23625) User=0.26s Sys=0.00s Real=0.06s
[2020-12-28T12:44:09.062-0500][gc,heap        ] GC(23626) Heap before GC invocations=23626 (full 5426): garbage-first heap   total 64512K, used 53566K [0x0000000083000000, 0x0000000100000000)
[2020-12-28T12:44:09.062-0500][gc,heap        ] GC(23626)   region size 1024K, 10 young (10240K), 0 survivors (0K)
[2020-12-28T12:44:09.062-0500][gc,heap        ] GC(23626)  Metaspace       used 50313K, capacity 52468K, committed 53888K, reserved 1093632K
[2020-12-28T12:44:09.062-0500][gc,heap        ] GC(23626)   class space    used 7457K, capacity 8250K, committed 8832K, reserved 1048576K
[2020-12-28T12:44:09.062-0500][gc,start       ] GC(23626) Pause Young (Normal) (G1 Evacuation Pause)
[2020-12-28T12:44:09.062-0500][gc,task        ] GC(23626) Using 8 workers of 8 for evacuation
[2020-12-28T12:44:09.065-0500][gc,phases      ] GC(23626)   Pre Evacuate Collection Set: 0.0ms
[2020-12-28T12:44:09.065-0500][gc,phases      ] GC(23626)   Evacuate Collection Set: 0.7ms
[2020-12-28T12:44:09.065-0500][gc,phases      ] GC(23626)   Post Evacuate Collection Set: 1.6ms
[2020-12-28T12:44:09.065-0500][gc,phases      ] GC(23626)   Other: 0.2ms
[2020-12-28T12:44:09.065-0500][gc,heap        ] GC(23626) Eden regions: 10->0(9)
[2020-12-28T12:44:09.065-0500][gc,heap        ] GC(23626) Survivor regions: 0->1(2)
[2020-12-28T12:44:09.065-0500][gc,heap        ] GC(23626) Old regions: 41->41
[2020-12-28T12:44:09.065-0500][gc,heap        ] GC(23626) Humongous regions: 4->4
[2020-12-28T12:44:09.065-0500][gc,metaspace   ] GC(23626) Metaspace: 50313K->50313K(1093632K)
[2020-12-28T12:44:09.065-0500][gc,heap        ] GC(23626) Heap after GC invocations=23627 (full 5426): garbage-first heap   total 64512K, used 43417K [0x0000000083000000, 0x0000000100000000)
[2020-12-28T12:44:09.065-0500][gc,heap        ] GC(23626)   region size 1024K, 1 young (1024K), 1 survivors (1024K)
[2020-12-28T12:44:09.065-0500][gc,heap        ] GC(23626)  Metaspace       used 50313K, capacity 52468K, committed 53888K, reserved 1093632K
[2020-12-28T12:44:09.065-0500][gc,heap        ] GC(23626)   class space    used 7457K, capacity 8250K, committed 8832K, reserved 1048576K
[2020-12-28T12:44:09.065-0500][gc             ] GC(23626) Pause Young (Normal) (G1 Evacuation Pause) 52M->42M(63M) 2.531ms
[2020-12-28T12:44:09.065-0500][gc,cpu         ] GC(23626) User=0.00s Sys=0.00s Real=0.00s
[2020-12-28T12:46:29.060-0500][gc,heap        ] GC(23627) Heap before GC invocations=23627 (full 5426): garbage-first heap   total 64512K, used 51609K [0x0000000083000000, 0x0000000100000000)
[2020-12-28T12:46:29.060-0500][gc,heap        ] GC(23627)   region size 1024K, 10 young (10240K), 1 survivors (1024K)
[2020-12-28T12:46:29.060-0500][gc,heap        ] GC(23627)  Metaspace       used 50313K, capacity 52468K, committed 53888K, reserved 1093632K
[2020-12-28T12:46:29.060-0500][gc,heap        ] GC(23627)   class space    used 7457K, capacity 8250K, committed 8832K, reserved 1048576K
[2020-12-28T12:46:29.060-0500][gc,start       ] GC(23627) Pause Young (Normal) (G1 Evacuation Pause)
[2020-12-28T12:46:29.060-0500][gc,task        ] GC(23627) Using 8 workers of 8 for evacuation
[2020-12-28T12:46:29.063-0500][gc,phases      ] GC(23627)   Pre Evacuate Collection Set: 0.0ms
[2020-12-28T12:46:29.063-0500][gc,phases      ] GC(23627)   Evacuate Collection Set: 0.8ms
[2020-12-28T12:46:29.063-0500][gc,phases      ] GC(23627)   Post Evacuate Collection Set: 1.7ms
[2020-12-28T12:46:29.063-0500][gc,phases      ] GC(23627)   Other: 0.2ms
[2020-12-28T12:46:29.063-0500][gc,heap        ] GC(23627) Eden regions: 9->0(9)
[2020-12-28T12:46:29.063-0500][gc,heap        ] GC(23627) Survivor regions: 1->1(2)
[2020-12-28T12:46:29.063-0500][gc,heap        ] GC(23627) Old regions: 41->41
[2020-12-28T12:46:29.063-0500][gc,heap        ] GC(23627) Humongous regions: 4->4
[2020-12-28T12:46:29.063-0500][gc,metaspace   ] GC(23627) Metaspace: 50313K->50313K(1093632K)
[2020-12-28T12:46:29.063-0500][gc,heap        ] GC(23627) Heap after GC invocations=23628 (full 5426): garbage-first heap   total 64512K, used 43391K [0x0000000083000000, 0x0000000100000000)
[2020-12-28T12:46:29.063-0500][gc,heap        ] GC(23627)   region size 1024K, 1 young (1024K), 1 survivors (1024K)
[2020-12-28T12:46:29.063-0500][gc,heap        ] GC(23627)  Metaspace       used 50313K, capacity 52468K, committed 53888K, reserved 1093632K
[2020-12-28T12:46:29.063-0500][gc,heap        ] GC(23627)   class space    used 7457K, capacity 8250K, committed 8832K, reserved 1048576K
[2020-12-28T12:46:29.063-0500][gc             ] GC(23627) Pause Young (Normal) (G1 Evacuation Pause) 51M->42M(63M) 2.737ms
[2020-12-28T12:46:29.063-0500][gc,cpu         ] GC(23627) User=0.01s Sys=0.00s Real=0.00s
[2020-12-28T12:46:45.191-0500][gc,task        ] GC(23628) Using 5 workers of 8 for full compaction
[2020-12-28T12:46:45.191-0500][gc,start       ] GC(23628) Pause Full (System.gc())
[2020-12-28T12:46:45.191-0500][gc,heap        ] GC(23628) Heap before GC invocations=23628 (full 5426): garbage-first heap   total 64512K, used 43391K [0x0000000083000000, 0x0000000100000000)
[2020-12-28T12:46:45.191-0500][gc,heap        ] GC(23628)   region size 1024K, 2 young (2048K), 1 survivors (1024K)
[2020-12-28T12:46:45.191-0500][gc,heap        ] GC(23628)  Metaspace       used 50313K, capacity 52468K, committed 53888K, reserved 1093632K
[2020-12-28T12:46:45.191-0500][gc,heap        ] GC(23628)   class space    used 7457K, capacity 8250K, committed 8832K, reserved 1048576K
[2020-12-28T12:46:45.192-0500][gc,phases,start] GC(23628) Phase 1: Mark live objects
[2020-12-28T12:46:45.234-0500][gc,stringtable ] GC(23628) Cleaned string and symbol table, strings: 33320 processed, 4 removed, symbols: 120973 processed, 0 removed
[2020-12-28T12:46:45.234-0500][gc,phases      ] GC(23628) Phase 1: Mark live objects 42.269ms
[2020-12-28T12:46:45.234-0500][gc,phases,start] GC(23628) Phase 2: Prepare for compaction
[2020-12-28T12:46:45.239-0500][gc,phases      ] GC(23628) Phase 2: Prepare for compaction 4.885ms
[2020-12-28T12:46:45.239-0500][gc,phases,start] GC(23628) Phase 3: Adjust pointers
[2020-12-28T12:46:45.249-0500][gc,phases      ] GC(23628) Phase 3: Adjust pointers 9.939ms
[2020-12-28T12:46:45.249-0500][gc,phases,start] GC(23628) Phase 4: Compact heap
[2020-12-28T12:46:45.251-0500][gc,phases      ] GC(23628) Phase 4: Compact heap 2.382ms
[2020-12-28T12:46:45.255-0500][gc,heap        ] GC(23628) Eden regions: 1->0(10)
[2020-12-28T12:46:45.255-0500][gc,heap        ] GC(23628) Survivor regions: 1->0(2)
[2020-12-28T12:46:45.256-0500][gc,heap        ] GC(23628) Old regions: 41->41
[2020-12-28T12:46:45.256-0500][gc,heap        ] GC(23628) Humongous regions: 4->4
[2020-12-28T12:46:45.256-0500][gc,metaspace   ] GC(23628) Metaspace: 50313K->50313K(1093632K)
[2020-12-28T12:46:45.256-0500][gc,heap        ] GC(23628) Heap after GC invocations=23629 (full 5427): garbage-first heap   total 64512K, used 43313K [0x0000000083000000, 0x0000000100000000)
[2020-12-28T12:46:45.256-0500][gc,heap        ] GC(23628)   region size 1024K, 0 young (0K), 0 survivors (0K)
[2020-12-28T12:46:45.256-0500][gc,heap        ] GC(23628)  Metaspace       used 50313K, capacity 52468K, committed 53888K, reserved 1093632K
[2020-12-28T12:46:45.256-0500][gc,heap        ] GC(23628)   class space    used 7457K, capacity 8250K, committed 8832K, reserved 1048576K
[2020-12-28T12:46:45.256-0500][gc             ] GC(23628) Pause Full (System.gc()) 43M->42M(63M) 64.450ms
[2020-12-28T12:46:45.256-0500][gc,cpu         ] GC(23628) User=0.28s Sys=0.00s Real=0.06s
[2020-12-28T12:49:12.096-0500][gc,heap        ] GC(23629) Heap before GC invocations=23629 (full 5427): garbage-first heap   total 64512K, used 52529K [0x0000000083000000, 0x0000000100000000)
[2020-12-28T12:49:12.096-0500][gc,heap        ] GC(23629)   region size 1024K, 10 young (10240K), 0 survivors (0K)
[2020-12-28T12:49:12.096-0500][gc,heap        ] GC(23629)  Metaspace       used 50313K, capacity 52468K, committed 53888K, reserved 1093632K
[2020-12-28T12:49:12.096-0500][gc,heap        ] GC(23629)   class space    used 7457K, capacity 8250K, committed 8832K, reserved 1048576K
[2020-12-28T12:49:12.096-0500][gc,start       ] GC(23629) Pause Young (Normal) (G1 Evacuation Pause)
[2020-12-28T12:49:12.096-0500][gc,task        ] GC(23629) Using 8 workers of 8 for evacuation
[2020-12-28T12:49:12.100-0500][gc,phases      ] GC(23629)   Pre Evacuate Collection Set: 0.0ms
[2020-12-28T12:49:12.100-0500][gc,phases      ] GC(23629)   Evacuate Collection Set: 3.3ms
[2020-12-28T12:49:12.100-0500][gc,phases      ] GC(23629)   Post Evacuate Collection Set: 0.7ms
[2020-12-28T12:49:12.100-0500][gc,phases      ] GC(23629)   Other: 0.3ms
[2020-12-28T12:49:12.100-0500][gc,heap        ] GC(23629) Eden regions: 10->0(9)
[2020-12-28T12:49:12.100-0500][gc,heap        ] GC(23629) Survivor regions: 0->1(2)
[2020-12-28T12:49:12.100-0500][gc,heap        ] GC(23629) Old regions: 41->41
[2020-12-28T12:49:12.100-0500][gc,heap        ] GC(23629) Humongous regions: 4->4
[2020-12-28T12:49:12.100-0500][gc,metaspace   ] GC(23629) Metaspace: 50313K->50313K(1093632K)
[2020-12-28T12:49:12.100-0500][gc,heap        ] GC(23629) Heap after GC invocations=23630 (full 5427): garbage-first heap   total 64512K, used 43379K [0x0000000083000000, 0x0000000100000000)
[2020-12-28T12:49:12.101-0500][gc,heap        ] GC(23629)   region size 1024K, 1 young (1024K), 1 survivors (1024K)
[2020-12-28T12:49:12.101-0500][gc,heap        ] GC(23629)  Metaspace       used 50313K, capacity 52468K, committed 53888K, reserved 1093632K
[2020-12-28T12:49:12.101-0500][gc,heap        ] GC(23629)   class space    used 7457K, capacity 8250K, committed 8832K, reserved 1048576K
[2020-12-28T12:49:12.101-0500][gc             ] GC(23629) Pause Young (Normal) (G1 Evacuation Pause) 52M->42M(63M) 4.440ms
[2020-12-28T12:49:12.101-0500][gc,cpu         ] GC(23629) User=0.01s Sys=0.00s Real=0.01s
[2020-12-28T12:51:29.063-0500][gc,heap        ] GC(23630) Heap before GC invocations=23630 (full 5427): garbage-first heap   total 64512K, used 51571K [0x0000000083000000, 0x0000000100000000)
[2020-12-28T12:51:29.064-0500][gc,heap        ] GC(23630)   region size 1024K, 10 young (10240K), 1 survivors (1024K)
[2020-12-28T12:51:29.064-0500][gc,heap        ] GC(23630)  Metaspace       used 50313K, capacity 52468K, committed 53888K, reserved 1093632K
[2020-12-28T12:51:29.064-0500][gc,heap        ] GC(23630)   class space    used 7457K, capacity 8250K, committed 8832K, reserved 1048576K
[2020-12-28T12:51:29.064-0500][gc,start       ] GC(23630) Pause Young (Normal) (G1 Evacuation Pause)
[2020-12-28T12:51:29.064-0500][gc,task        ] GC(23630) Using 8 workers of 8 for evacuation
[2020-12-28T12:51:29.067-0500][gc,phases      ] GC(23630)   Pre Evacuate Collection Set: 0.0ms
[2020-12-28T12:51:29.067-0500][gc,phases      ] GC(23630)   Evacuate Collection Set: 1.9ms
[2020-12-28T12:51:29.067-0500][gc,phases      ] GC(23630)   Post Evacuate Collection Set: 1.2ms
[2020-12-28T12:51:29.067-0500][gc,phases      ] GC(23630)   Other: 0.4ms
[2020-12-28T12:51:29.067-0500][gc,heap        ] GC(23630) Eden regions: 9->0(9)
[2020-12-28T12:51:29.067-0500][gc,heap        ] GC(23630) Survivor regions: 1->1(2)
[2020-12-28T12:51:29.067-0500][gc,heap        ] GC(23630) Old regions: 41->41
[2020-12-28T12:51:29.067-0500][gc,heap        ] GC(23630) Humongous regions: 4->4
[2020-12-28T12:51:29.067-0500][gc,metaspace   ] GC(23630) Metaspace: 50313K->50313K(1093632K)
[2020-12-28T12:51:29.067-0500][gc,heap        ] GC(23630) Heap after GC invocations=23631 (full 5427): garbage-first heap   total 64512K, used 43368K [0x0000000083000000, 0x0000000100000000)
[2020-12-28T12:51:29.067-0500][gc,heap        ] GC(23630)   region size 1024K, 1 young (1024K), 1 survivors (1024K)
[2020-12-28T12:51:29.067-0500][gc,heap        ] GC(23630)  Metaspace       used 50313K, capacity 52468K, committed 53888K, reserved 1093632K
[2020-12-28T12:51:29.067-0500][gc,heap        ] GC(23630)   class space    used 7457K, capacity 8250K, committed 8832K, reserved 1048576K
[2020-12-28T12:51:29.067-0500][gc             ] GC(23630) Pause Young (Normal) (G1 Evacuation Pause) 51M->42M(63M) 3.526ms
[2020-12-28T12:51:29.067-0500][gc,cpu         ] GC(23630) User=0.01s Sys=0.00s Real=0.00s
[2020-12-28T12:51:45.190-0500][gc,task        ] GC(23631) Using 5 workers of 8 for full compaction
[2020-12-28T12:51:45.190-0500][gc,start       ] GC(23631) Pause Full (System.gc())
[2020-12-28T12:51:45.190-0500][gc,heap        ] GC(23631) Heap before GC invocations=23631 (full 5427): garbage-first heap   total 64512K, used 43368K [0x0000000083000000, 0x0000000100000000)
[2020-12-28T12:51:45.190-0500][gc,heap        ] GC(23631)   region size 1024K, 2 young (2048K), 1 survivors (1024K)
[2020-12-28T12:51:45.190-0500][gc,heap        ] GC(23631)  Metaspace       used 50313K, capacity 52468K, committed 53888K, reserved 1093632K
[2020-12-28T12:51:45.190-0500][gc,heap        ] GC(23631)   class space    used 7457K, capacity 8250K, committed 8832K, reserved 1048576K
[2020-12-28T12:51:45.191-0500][gc,phases,start] GC(23631) Phase 1: Mark live objects
[2020-12-28T12:51:45.228-0500][gc,stringtable ] GC(23631) Cleaned string and symbol table, strings: 33320 processed, 4 removed, symbols: 120973 processed, 0 removed
[2020-12-28T12:51:45.228-0500][gc,phases      ] GC(23631) Phase 1: Mark live objects 37.482ms
[2020-12-28T12:51:45.228-0500][gc,phases,start] GC(23631) Phase 2: Prepare for compaction
[2020-12-28T12:51:45.234-0500][gc,phases      ] GC(23631) Phase 2: Prepare for compaction 6.047ms
[2020-12-28T12:51:45.234-0500][gc,phases,start] GC(23631) Phase 3: Adjust pointers
[2020-12-28T12:51:45.248-0500][gc,phases      ] GC(23631) Phase 3: Adjust pointers 14.018ms
[2020-12-28T12:51:45.248-0500][gc,phases,start] GC(23631) Phase 4: Compact heap
[2020-12-28T12:51:45.251-0500][gc,phases      ] GC(23631) Phase 4: Compact heap 2.908ms
[2020-12-28T12:51:45.256-0500][gc,heap        ] GC(23631) Eden regions: 1->0(11)
[2020-12-28T12:51:45.256-0500][gc,heap        ] GC(23631) Survivor regions: 1->0(2)
[2020-12-28T12:51:45.256-0500][gc,heap        ] GC(23631) Old regions: 41->40
[2020-12-28T12:51:45.256-0500][gc,heap        ] GC(23631) Humongous regions: 4->4
[2020-12-28T12:51:45.256-0500][gc,metaspace   ] GC(23631) Metaspace: 50313K->50313K(1093632K)
[2020-12-28T12:51:45.256-0500][gc,heap        ] GC(23631) Heap after GC invocations=23632 (full 5428): garbage-first heap   total 64512K, used 43313K [0x0000000083000000, 0x0000000100000000)
[2020-12-28T12:51:45.256-0500][gc,heap        ] GC(23631)   region size 1024K, 0 young (0K), 0 survivors (0K)
[2020-12-28T12:51:45.256-0500][gc,heap        ] GC(23631)  Metaspace       used 50313K, capacity 52468K, committed 53888K, reserved 1093632K
[2020-12-28T12:51:45.256-0500][gc,heap        ] GC(23631)   class space    used 7457K, capacity 8250K, committed 8832K, reserved 1048576K
[2020-12-28T12:51:45.256-0500][gc             ] GC(23631) Pause Full (System.gc()) 43M->42M(63M) 65.832ms
[2020-12-28T12:51:45.256-0500][gc,cpu         ] GC(23631) User=0.28s Sys=0.00s Real=0.06s
[2020-12-28T12:54:29.059-0500][gc,heap        ] GC(23632) Heap before GC invocations=23632 (full 5428): garbage-first heap   total 64512K, used 54577K [0x0000000083000000, 0x0000000100000000)
[2020-12-28T12:54:29.059-0500][gc,heap        ] GC(23632)   region size 1024K, 11 young (11264K), 0 survivors (0K)
[2020-12-28T12:54:29.059-0500][gc,heap        ] GC(23632)  Metaspace       used 50313K, capacity 52468K, committed 53888K, reserved 1093632K
[2020-12-28T12:54:29.059-0500][gc,heap        ] GC(23632)   class space    used 7457K, capacity 8250K, committed 8832K, reserved 1048576K
[2020-12-28T12:54:29.059-0500][gc,start       ] GC(23632) Pause Young (Normal) (G1 Evacuation Pause)
[2020-12-28T12:54:29.059-0500][gc,task        ] GC(23632) Using 8 workers of 8 for evacuation
[2020-12-28T12:54:29.061-0500][gc,phases      ] GC(23632)   Pre Evacuate Collection Set: 0.0ms
[2020-12-28T12:54:29.061-0500][gc,phases      ] GC(23632)   Evacuate Collection Set: 0.8ms
[2020-12-28T12:54:29.061-0500][gc,phases      ] GC(23632)   Post Evacuate Collection Set: 1.1ms
[2020-12-28T12:54:29.061-0500][gc,phases      ] GC(23632)   Other: 0.2ms
[2020-12-28T12:54:29.061-0500][gc,heap        ] GC(23632) Eden regions: 11->0(10)
[2020-12-28T12:54:29.061-0500][gc,heap        ] GC(23632) Survivor regions: 0->1(2)
[2020-12-28T12:54:29.061-0500][gc,heap        ] GC(23632) Old regions: 40->40
[2020-12-28T12:54:29.061-0500][gc,heap        ] GC(23632) Humongous regions: 4->4
[2020-12-28T12:54:29.061-0500][gc,metaspace   ] GC(23632) Metaspace: 50313K->50313K(1093632K)
[2020-12-28T12:54:29.061-0500][gc,heap        ] GC(23632) Heap after GC invocations=23633 (full 5428): garbage-first heap   total 64512K, used 43405K [0x0000000083000000, 0x0000000100000000)
[2020-12-28T12:54:29.061-0500][gc,heap        ] GC(23632)   region size 1024K, 1 young (1024K), 1 survivors (1024K)
[2020-12-28T12:54:29.061-0500][gc,heap        ] GC(23632)  Metaspace       used 50313K, capacity 52468K, committed 53888K, reserved 1093632K
[2020-12-28T12:54:29.061-0500][gc,heap        ] GC(23632)   class space    used 7457K, capacity 8250K, committed 8832K, reserved 1048576K
[2020-12-28T12:54:29.061-0500][gc             ] GC(23632) Pause Young (Normal) (G1 Evacuation Pause) 53M->42M(63M) 2.160ms
[2020-12-28T12:54:29.061-0500][gc,cpu         ] GC(23632) User=0.01s Sys=0.00s Real=0.00s
[2020-12-28T12:56:45.190-0500][gc,task        ] GC(23633) Using 5 workers of 8 for full compaction
[2020-12-28T12:56:45.190-0500][gc,start       ] GC(23633) Pause Full (System.gc())
[2020-12-28T12:56:45.190-0500][gc,heap        ] GC(23633) Heap before GC invocations=23633 (full 5428): garbage-first heap   total 64512K, used 51597K [0x0000000083000000, 0x0000000100000000)
[2020-12-28T12:56:45.190-0500][gc,heap        ] GC(23633)   region size 1024K, 10 young (10240K), 1 survivors (1024K)
[2020-12-28T12:56:45.190-0500][gc,heap        ] GC(23633)  Metaspace       used 50313K, capacity 52468K, committed 53888K, reserved 1093632K
[2020-12-28T12:56:45.190-0500][gc,heap        ] GC(23633)   class space    used 7457K, capacity 8250K, committed 8832K, reserved 1048576K
[2020-12-28T12:56:45.190-0500][gc,phases,start] GC(23633) Phase 1: Mark live objects
[2020-12-28T12:56:45.225-0500][gc,stringtable ] GC(23633) Cleaned string and symbol table, strings: 33320 processed, 4 removed, symbols: 120973 processed, 0 removed
[2020-12-28T12:56:45.225-0500][gc,phases      ] GC(23633) Phase 1: Mark live objects 34.743ms
[2020-12-28T12:56:45.225-0500][gc,phases,start] GC(23633) Phase 2: Prepare for compaction
[2020-12-28T12:56:45.230-0500][gc,phases      ] GC(23633) Phase 2: Prepare for compaction 4.868ms
[2020-12-28T12:56:45.230-0500][gc,phases,start] GC(23633) Phase 3: Adjust pointers
[2020-12-28T12:56:45.242-0500][gc,phases      ] GC(23633) Phase 3: Adjust pointers 11.573ms
[2020-12-28T12:56:45.242-0500][gc,phases,start] GC(23633) Phase 4: Compact heap
[2020-12-28T12:56:45.246-0500][gc,phases      ] GC(23633) Phase 4: Compact heap 4.537ms
[2020-12-28T12:56:45.250-0500][gc,heap        ] GC(23633) Eden regions: 9->0(9)
[2020-12-28T12:56:45.251-0500][gc,heap        ] GC(23633) Survivor regions: 1->0(2)
[2020-12-28T12:56:45.251-0500][gc,heap        ] GC(23633) Old regions: 40->42
[2020-12-28T12:56:45.251-0500][gc,heap        ] GC(23633) Humongous regions: 4->4
[2020-12-28T12:56:45.251-0500][gc,metaspace   ] GC(23633) Metaspace: 50313K->50313K(1093632K)
[2020-12-28T12:56:45.251-0500][gc,heap        ] GC(23633) Heap after GC invocations=23634 (full 5429): garbage-first heap   total 64512K, used 43352K [0x0000000083000000, 0x0000000100000000)
[2020-12-28T12:56:45.251-0500][gc,heap        ] GC(23633)   region size 1024K, 0 young (0K), 0 survivors (0K)
[2020-12-28T12:56:45.251-0500][gc,heap        ] GC(23633)  Metaspace       used 50313K, capacity 52468K, committed 53888K, reserved 1093632K
[2020-12-28T12:56:45.251-0500][gc,heap        ] GC(23633)   class space    used 7457K, capacity 8250K, committed 8832K, reserved 1048576K
[2020-12-28T12:56:45.251-0500][gc             ] GC(23633) Pause Full (System.gc()) 51M->42M(63M) 60.798ms
[2020-12-28T12:56:45.251-0500][gc,cpu         ] GC(23633) User=0.26s Sys=0.00s Real=0.06s
[2020-12-28T12:58:59.069-0500][gc,heap        ] GC(23634) Heap before GC invocations=23634 (full 5429): garbage-first heap   total 64512K, used 52568K [0x0000000083000000, 0x0000000100000000)
[2020-12-28T12:58:59.069-0500][gc,heap        ] GC(23634)   region size 1024K, 9 young (9216K), 0 survivors (0K)
[2020-12-28T12:58:59.070-0500][gc,heap        ] GC(23634)  Metaspace       used 50313K, capacity 52468K, committed 53888K, reserved 1093632K
[2020-12-28T12:58:59.070-0500][gc,heap        ] GC(23634)   class space    used 7457K, capacity 8250K, committed 8832K, reserved 1048576K
[2020-12-28T12:58:59.070-0500][gc,start       ] GC(23634) Pause Young (Normal) (G1 Evacuation Pause)
[2020-12-28T12:58:59.070-0500][gc,task        ] GC(23634) Using 8 workers of 8 for evacuation
[2020-12-28T12:58:59.076-0500][gc,phases      ] GC(23634)   Pre Evacuate Collection Set: 0.0ms
[2020-12-28T12:58:59.076-0500][gc,phases      ] GC(23634)   Evacuate Collection Set: 2.7ms
[2020-12-28T12:58:59.076-0500][gc,phases      ] GC(23634)   Post Evacuate Collection Set: 3.7ms
[2020-12-28T12:58:59.076-0500][gc,phases      ] GC(23634)   Other: 0.5ms
[2020-12-28T12:58:59.077-0500][gc,heap        ] GC(23634) Eden regions: 9->0(8)
[2020-12-28T12:58:59.077-0500][gc,heap        ] GC(23634) Survivor regions: 0->1(2)
[2020-12-28T12:58:59.077-0500][gc,heap        ] GC(23634) Old regions: 42->42
[2020-12-28T12:58:59.077-0500][gc,heap        ] GC(23634) Humongous regions: 4->4
[2020-12-28T12:58:59.077-0500][gc,metaspace   ] GC(23634) Metaspace: 50313K->50313K(1093632K)
[2020-12-28T12:58:59.077-0500][gc,heap        ] GC(23634) Heap after GC invocations=23635 (full 5429): garbage-first heap   total 64512K, used 43406K [0x0000000083000000, 0x0000000100000000)
[2020-12-28T12:58:59.077-0500][gc,heap        ] GC(23634)   region size 1024K, 1 young (1024K), 1 survivors (1024K)
[2020-12-28T12:58:59.077-0500][gc,heap        ] GC(23634)  Metaspace       used 50313K, capacity 52468K, committed 53888K, reserved 1093632K
[2020-12-28T12:58:59.077-0500][gc,heap        ] GC(23634)   class space    used 7457K, capacity 8250K, committed 8832K, reserved 1048576K
[2020-12-28T12:58:59.077-0500][gc             ] GC(23634) Pause Young (Normal) (G1 Evacuation Pause) 51M->42M(63M) 7.114ms
[2020-12-28T12:58:59.077-0500][gc,cpu         ] GC(23634) User=0.01s Sys=0.01s Real=0.00s
[2020-12-28T13:00:59.070-0500][gc,heap        ] GC(23635) Heap before GC invocations=23635 (full 5429): garbage-first heap   total 64512K, used 51598K [0x0000000083000000, 0x0000000100000000)
[2020-12-28T13:00:59.070-0500][gc,heap        ] GC(23635)   region size 1024K, 9 young (9216K), 1 survivors (1024K)
[2020-12-28T13:00:59.070-0500][gc,heap        ] GC(23635)  Metaspace       used 50313K, capacity 52468K, committed 53888K, reserved 1093632K
[2020-12-28T13:00:59.070-0500][gc,heap        ] GC(23635)   class space    used 7457K, capacity 8250K, committed 8832K, reserved 1048576K
[2020-12-28T13:00:59.070-0500][gc,start       ] GC(23635) Pause Young (Normal) (G1 Evacuation Pause)
[2020-12-28T13:00:59.070-0500][gc,task        ] GC(23635) Using 8 workers of 8 for evacuation
[2020-12-28T13:00:59.076-0500][gc,phases      ] GC(23635)   Pre Evacuate Collection Set: 0.0ms
[2020-12-28T13:00:59.076-0500][gc,phases      ] GC(23635)   Evacuate Collection Set: 2.6ms
[2020-12-28T13:00:59.076-0500][gc,phases      ] GC(23635)   Post Evacuate Collection Set: 3.4ms
[2020-12-28T13:00:59.076-0500][gc,phases      ] GC(23635)   Other: 0.6ms
[2020-12-28T13:00:59.076-0500][gc,heap        ] GC(23635) Eden regions: 8->0(8)
[2020-12-28T13:00:59.076-0500][gc,heap        ] GC(23635) Survivor regions: 1->1(2)
[2020-12-28T13:00:59.076-0500][gc,heap        ] GC(23635) Old regions: 42->42
[2020-12-28T13:00:59.077-0500][gc,heap        ] GC(23635) Humongous regions: 4->4
[2020-12-28T13:00:59.077-0500][gc,metaspace   ] GC(23635) Metaspace: 50313K->50313K(1093632K)
[2020-12-28T13:00:59.077-0500][gc,heap        ] GC(23635) Heap after GC invocations=23636 (full 5429): garbage-first heap   total 64512K, used 43405K [0x0000000083000000, 0x0000000100000000)
[2020-12-28T13:00:59.077-0500][gc,heap        ] GC(23635)   region size 1024K, 1 young (1024K), 1 survivors (1024K)
[2020-12-28T13:00:59.077-0500][gc,heap        ] GC(23635)  Metaspace       used 50313K, capacity 52468K, committed 53888K, reserved 1093632K
[2020-12-28T13:00:59.077-0500][gc,heap        ] GC(23635)   class space    used 7457K, capacity 8250K, committed 8832K, reserved 1048576K
[2020-12-28T13:00:59.077-0500][gc             ] GC(23635) Pause Young (Normal) (G1 Evacuation Pause) 50M->42M(63M) 7.015ms
[2020-12-28T13:00:59.077-0500][gc,cpu         ] GC(23635) User=0.01s Sys=0.01s Real=0.00s
[2020-12-28T13:01:45.188-0500][gc,task        ] GC(23636) Using 5 workers of 8 for full compaction
[2020-12-28T13:01:45.188-0500][gc,start       ] GC(23636) Pause Full (System.gc())
[2020-12-28T13:01:45.188-0500][gc,heap        ] GC(23636) Heap before GC invocations=23636 (full 5429): garbage-first heap   total 64512K, used 44429K [0x0000000083000000, 0x0000000100000000)
[2020-12-28T13:01:45.188-0500][gc,heap        ] GC(23636)   region size 1024K, 4 young (4096K), 1 survivors (1024K)
[2020-12-28T13:01:45.188-0500][gc,heap        ] GC(23636)  Metaspace       used 50313K, capacity 52468K, committed 53888K, reserved 1093632K
[2020-12-28T13:01:45.188-0500][gc,heap        ] GC(23636)   class space    used 7457K, capacity 8250K, committed 8832K, reserved 1048576K
[2020-12-28T13:01:45.189-0500][gc,phases,start] GC(23636) Phase 1: Mark live objects
[2020-12-28T13:01:45.210-0500][gc,stringtable ] GC(23636) Cleaned string and symbol table, strings: 33320 processed, 4 removed, symbols: 120973 processed, 0 removed
[2020-12-28T13:01:45.210-0500][gc,phases      ] GC(23636) Phase 1: Mark live objects 21.370ms
[2020-12-28T13:01:45.210-0500][gc,phases,start] GC(23636) Phase 2: Prepare for compaction
[2020-12-28T13:01:45.214-0500][gc,phases      ] GC(23636) Phase 2: Prepare for compaction 4.236ms
[2020-12-28T13:01:45.214-0500][gc,phases,start] GC(23636) Phase 3: Adjust pointers
[2020-12-28T13:01:45.225-0500][gc,phases      ] GC(23636) Phase 3: Adjust pointers 11.086ms
[2020-12-28T13:01:45.225-0500][gc,phases,start] GC(23636) Phase 4: Compact heap
[2020-12-28T13:01:45.228-0500][gc,phases      ] GC(23636) Phase 4: Compact heap 2.854ms
[2020-12-28T13:01:45.233-0500][gc,heap        ] GC(23636) Eden regions: 3->0(10)
[2020-12-28T13:01:45.233-0500][gc,heap        ] GC(23636) Survivor regions: 1->0(2)
[2020-12-28T13:01:45.233-0500][gc,heap        ] GC(23636) Old regions: 42->41
[2020-12-28T13:01:45.233-0500][gc,heap        ] GC(23636) Humongous regions: 4->4
[2020-12-28T13:01:45.233-0500][gc,metaspace   ] GC(23636) Metaspace: 50313K->50313K(1093632K)
[2020-12-28T13:01:45.233-0500][gc,heap        ] GC(23636) Heap after GC invocations=23637 (full 5430): garbage-first heap   total 64512K, used 43327K [0x0000000083000000, 0x0000000100000000)
[2020-12-28T13:01:45.233-0500][gc,heap        ] GC(23636)   region size 1024K, 0 young (0K), 0 survivors (0K)
[2020-12-28T13:01:45.233-0500][gc,heap        ] GC(23636)  Metaspace       used 50313K, capacity 52468K, committed 53888K, reserved 1093632K
[2020-12-28T13:01:45.233-0500][gc,heap        ] GC(23636)   class space    used 7457K, capacity 8250K, committed 8832K, reserved 1048576K
[2020-12-28T13:01:45.233-0500][gc             ] GC(23636) Pause Full (System.gc()) 45M->42M(63M) 44.526ms
[2020-12-28T13:01:45.233-0500][gc,cpu         ] GC(23636) User=0.19s Sys=0.00s Real=0.04s
[2020-12-28T13:04:09.856-0500][gc,heap        ] GC(23637) Heap before GC invocations=23637 (full 5430): garbage-first heap   total 64512K, used 52543K [0x0000000083000000, 0x0000000100000000)
[2020-12-28T13:04:09.856-0500][gc,heap        ] GC(23637)   region size 1024K, 10 young (10240K), 0 survivors (0K)
[2020-12-28T13:04:09.856-0500][gc,heap        ] GC(23637)  Metaspace       used 50313K, capacity 52468K, committed 53888K, reserved 1093632K
[2020-12-28T13:04:09.856-0500][gc,heap        ] GC(23637)   class space    used 7457K, capacity 8250K, committed 8832K, reserved 1048576K
[2020-12-28T13:04:09.856-0500][gc,start       ] GC(23637) Pause Young (Normal) (G1 Evacuation Pause)
[2020-12-28T13:04:09.856-0500][gc,task        ] GC(23637) Using 8 workers of 8 for evacuation
[2020-12-28T13:04:09.861-0500][gc,phases      ] GC(23637)   Pre Evacuate Collection Set: 0.0ms
[2020-12-28T13:04:09.861-0500][gc,phases      ] GC(23637)   Evacuate Collection Set: 1.9ms
[2020-12-28T13:04:09.861-0500][gc,phases      ] GC(23637)   Post Evacuate Collection Set: 2.6ms
[2020-12-28T13:04:09.861-0500][gc,phases      ] GC(23637)   Other: 0.5ms
[2020-12-28T13:04:09.861-0500][gc,heap        ] GC(23637) Eden regions: 10->0(9)
[2020-12-28T13:04:09.861-0500][gc,heap        ] GC(23637) Survivor regions: 0->1(2)
[2020-12-28T13:04:09.861-0500][gc,heap        ] GC(23637) Old regions: 41->41
[2020-12-28T13:04:09.861-0500][gc,heap        ] GC(23637) Humongous regions: 4->4
[2020-12-28T13:04:09.861-0500][gc,metaspace   ] GC(23637) Metaspace: 50313K->50313K(1093632K)
[2020-12-28T13:04:09.861-0500][gc,heap        ] GC(23637) Heap after GC invocations=23638 (full 5430): garbage-first heap   total 64512K, used 43399K [0x0000000083000000, 0x0000000100000000)
[2020-12-28T13:04:09.861-0500][gc,heap        ] GC(23637)   region size 1024K, 1 young (1024K), 1 survivors (1024K)
[2020-12-28T13:04:09.861-0500][gc,heap        ] GC(23637)  Metaspace       used 50313K, capacity 52468K, committed 53888K, reserved 1093632K
[2020-12-28T13:04:09.861-0500][gc,heap        ] GC(23637)   class space    used 7457K, capacity 8250K, committed 8832K, reserved 1048576K
[2020-12-28T13:04:09.861-0500][gc             ] GC(23637) Pause Young (Normal) (G1 Evacuation Pause) 52M->42M(63M) 5.130ms
[2020-12-28T13:04:09.861-0500][gc,cpu         ] GC(23637) User=0.01s Sys=0.01s Real=0.01s
[2020-12-28T13:06:29.060-0500][gc,heap        ] GC(23638) Heap before GC invocations=23638 (full 5430): garbage-first heap   total 64512K, used 52615K [0x0000000083000000, 0x0000000100000000)
[2020-12-28T13:06:29.060-0500][gc,heap        ] GC(23638)   region size 1024K, 10 young (10240K), 1 survivors (1024K)
[2020-12-28T13:06:29.060-0500][gc,heap        ] GC(23638)  Metaspace       used 50313K, capacity 52468K, committed 53888K, reserved 1093632K
[2020-12-28T13:06:29.060-0500][gc,heap        ] GC(23638)   class space    used 7457K, capacity 8250K, committed 8832K, reserved 1048576K
[2020-12-28T13:06:29.060-0500][gc,start       ] GC(23638) Pause Young (Normal) (G1 Evacuation Pause)
[2020-12-28T13:06:29.060-0500][gc,task        ] GC(23638) Using 8 workers of 8 for evacuation
[2020-12-28T13:06:29.095-0500][gc,phases      ] GC(23638)   Pre Evacuate Collection Set: 0.0ms
[2020-12-28T13:06:29.095-0500][gc,phases      ] GC(23638)   Evacuate Collection Set: 6.1ms
[2020-12-28T13:06:29.095-0500][gc,phases      ] GC(23638)   Post Evacuate Collection Set: 28.6ms
[2020-12-28T13:06:29.095-0500][gc,phases      ] GC(23638)   Other: 0.4ms
[2020-12-28T13:06:29.095-0500][gc,heap        ] GC(23638) Eden regions: 9->0(9)
[2020-12-28T13:06:29.095-0500][gc,heap        ] GC(23638) Survivor regions: 1->1(2)
[2020-12-28T13:06:29.095-0500][gc,heap        ] GC(23638) Old regions: 41->41
[2020-12-28T13:06:29.095-0500][gc,heap        ] GC(23638) Humongous regions: 4->4
[2020-12-28T13:06:29.095-0500][gc,metaspace   ] GC(23638) Metaspace: 50313K->50313K(1093632K)
[2020-12-28T13:06:29.095-0500][gc,heap        ] GC(23638) Heap after GC invocations=23639 (full 5430): garbage-first heap   total 64512K, used 43412K [0x0000000083000000, 0x0000000100000000)
[2020-12-28T13:06:29.095-0500][gc,heap        ] GC(23638)   region size 1024K, 1 young (1024K), 1 survivors (1024K)
[2020-12-28T13:06:29.095-0500][gc,heap        ] GC(23638)  Metaspace       used 50313K, capacity 52468K, committed 53888K, reserved 1093632K
[2020-12-28T13:06:29.095-0500][gc,heap        ] GC(23638)   class space    used 7457K, capacity 8250K, committed 8832K, reserved 1048576K
[2020-12-28T13:06:29.095-0500][gc             ] GC(23638) Pause Young (Normal) (G1 Evacuation Pause) 51M->42M(63M) 35.432ms
[2020-12-28T13:06:29.095-0500][gc,cpu         ] GC(23638) User=0.19s Sys=0.00s Real=0.03s
[2020-12-28T13:06:45.192-0500][gc,task        ] GC(23639) Using 5 workers of 8 for full compaction
[2020-12-28T13:06:45.192-0500][gc,start       ] GC(23639) Pause Full (System.gc())
[2020-12-28T13:06:45.192-0500][gc,heap        ] GC(23639) Heap before GC invocations=23639 (full 5430): garbage-first heap   total 64512K, used 43412K [0x0000000083000000, 0x0000000100000000)
[2020-12-28T13:06:45.192-0500][gc,heap        ] GC(23639)   region size 1024K, 3 young (3072K), 1 survivors (1024K)
[2020-12-28T13:06:45.192-0500][gc,heap        ] GC(23639)  Metaspace       used 50313K, capacity 52468K, committed 53888K, reserved 1093632K
[2020-12-28T13:06:45.192-0500][gc,heap        ] GC(23639)   class space    used 7457K, capacity 8250K, committed 8832K, reserved 1048576K
[2020-12-28T13:06:45.192-0500][gc,phases,start] GC(23639) Phase 1: Mark live objects
[2020-12-28T13:06:45.218-0500][gc,stringtable ] GC(23639) Cleaned string and symbol table, strings: 33320 processed, 4 removed, symbols: 120973 processed, 0 removed
[2020-12-28T13:06:45.218-0500][gc,phases      ] GC(23639) Phase 1: Mark live objects 25.686ms
[2020-12-28T13:06:45.218-0500][gc,phases,start] GC(23639) Phase 2: Prepare for compaction
[2020-12-28T13:06:45.221-0500][gc,phases      ] GC(23639) Phase 2: Prepare for compaction 3.444ms
[2020-12-28T13:06:45.221-0500][gc,phases,start] GC(23639) Phase 3: Adjust pointers
[2020-12-28T13:06:45.232-0500][gc,phases      ] GC(23639) Phase 3: Adjust pointers 11.118ms
[2020-12-28T13:06:45.233-0500][gc,phases,start] GC(23639) Phase 4: Compact heap
[2020-12-28T13:06:45.236-0500][gc,phases      ] GC(23639) Phase 4: Compact heap 3.802ms
[2020-12-28T13:06:45.241-0500][gc,heap        ] GC(23639) Eden regions: 2->0(9)
[2020-12-28T13:06:45.241-0500][gc,heap        ] GC(23639) Survivor regions: 1->0(2)
[2020-12-28T13:06:45.241-0500][gc,heap        ] GC(23639) Old regions: 41->42
[2020-12-28T13:06:45.241-0500][gc,heap        ] GC(23639) Humongous regions: 4->4
[2020-12-28T13:06:45.241-0500][gc,metaspace   ] GC(23639) Metaspace: 50313K->50313K(1093632K)
[2020-12-28T13:06:45.241-0500][gc,heap        ] GC(23639) Heap after GC invocations=23640 (full 5431): garbage-first heap   total 64512K, used 43313K [0x0000000083000000, 0x0000000100000000)
[2020-12-28T13:06:45.241-0500][gc,heap        ] GC(23639)   region size 1024K, 0 young (0K), 0 survivors (0K)
[2020-12-28T13:06:45.241-0500][gc,heap        ] GC(23639)  Metaspace       used 50313K, capacity 52468K, committed 53888K, reserved 1093632K
[2020-12-28T13:06:45.241-0500][gc,heap        ] GC(23639)   class space    used 7457K, capacity 8250K, committed 8832K, reserved 1048576K
[2020-12-28T13:06:45.241-0500][gc             ] GC(23639) Pause Full (System.gc()) 43M->42M(63M) 49.331ms
[2020-12-28T13:06:45.241-0500][gc,cpu         ] GC(23639) User=0.21s Sys=0.00s Real=0.05s
[2020-12-28T13:08:51.034-0500][gc,heap        ] GC(23640) Heap before GC invocations=23640 (full 5431): garbage-first heap   total 64512K, used 52529K [0x0000000083000000, 0x0000000100000000)
[2020-12-28T13:08:51.034-0500][gc,heap        ] GC(23640)   region size 1024K, 9 young (9216K), 0 survivors (0K)
[2020-12-28T13:08:51.034-0500][gc,heap        ] GC(23640)  Metaspace       used 50313K, capacity 52468K, committed 53888K, reserved 1093632K
[2020-12-28T13:08:51.034-0500][gc,heap        ] GC(23640)   class space    used 7457K, capacity 8250K, committed 8832K, reserved 1048576K
[2020-12-28T13:08:51.034-0500][gc,start       ] GC(23640) Pause Young (Normal) (G1 Evacuation Pause)
[2020-12-28T13:08:51.034-0500][gc,task        ] GC(23640) Using 8 workers of 8 for evacuation
[2020-12-28T13:08:51.037-0500][gc,phases      ] GC(23640)   Pre Evacuate Collection Set: 0.0ms
[2020-12-28T13:08:51.037-0500][gc,phases      ] GC(23640)   Evacuate Collection Set: 1.7ms
[2020-12-28T13:08:51.037-0500][gc,phases      ] GC(23640)   Post Evacuate Collection Set: 1.7ms
[2020-12-28T13:08:51.037-0500][gc,phases      ] GC(23640)   Other: 0.2ms
[2020-12-28T13:08:51.037-0500][gc,heap        ] GC(23640) Eden regions: 9->0(8)
[2020-12-28T13:08:51.037-0500][gc,heap        ] GC(23640) Survivor regions: 0->1(2)
[2020-12-28T13:08:51.037-0500][gc,heap        ] GC(23640) Old regions: 42->42
[2020-12-28T13:08:51.037-0500][gc,heap        ] GC(23640) Humongous regions: 4->4
[2020-12-28T13:08:51.037-0500][gc,metaspace   ] GC(23640) Metaspace: 50313K->50313K(1093632K)
[2020-12-28T13:08:51.037-0500][gc,heap        ] GC(23640) Heap after GC invocations=23641 (full 5431): garbage-first heap   total 64512K, used 43378K [0x0000000083000000, 0x0000000100000000)
[2020-12-28T13:08:51.037-0500][gc,heap        ] GC(23640)   region size 1024K, 1 young (1024K), 1 survivors (1024K)
[2020-12-28T13:08:51.037-0500][gc,heap        ] GC(23640)  Metaspace       used 50313K, capacity 52468K, committed 53888K, reserved 1093632K
[2020-12-28T13:08:51.037-0500][gc,heap        ] GC(23640)   class space    used 7457K, capacity 8250K, committed 8832K, reserved 1048576K
[2020-12-28T13:08:51.037-0500][gc             ] GC(23640) Pause Young (Normal) (G1 Evacuation Pause) 51M->42M(63M) 3.613ms
[2020-12-28T13:08:51.037-0500][gc,cpu         ] GC(23640) User=0.02s Sys=0.00s Real=0.00s
[2020-12-28T13:10:52.550-0500][gc,heap        ] GC(23641) Heap before GC invocations=23641 (full 5431): garbage-first heap   total 64512K, used 50546K [0x0000000083000000, 0x0000000100000000)
[2020-12-28T13:10:52.550-0500][gc,heap        ] GC(23641)   region size 1024K, 9 young (9216K), 1 survivors (1024K)
[2020-12-28T13:10:52.550-0500][gc,heap        ] GC(23641)  Metaspace       used 50313K, capacity 52468K, committed 53888K, reserved 1093632K
[2020-12-28T13:10:52.550-0500][gc,heap        ] GC(23641)   class space    used 7457K, capacity 8250K, committed 8832K, reserved 1048576K
[2020-12-28T13:10:52.550-0500][gc,start       ] GC(23641) Pause Young (Normal) (G1 Evacuation Pause)
[2020-12-28T13:10:52.550-0500][gc,task        ] GC(23641) Using 8 workers of 8 for evacuation
[2020-12-28T13:10:52.551-0500][gc,phases      ] GC(23641)   Pre Evacuate Collection Set: 0.0ms
[2020-12-28T13:10:52.551-0500][gc,phases      ] GC(23641)   Evacuate Collection Set: 0.7ms
[2020-12-28T13:10:52.551-0500][gc,phases      ] GC(23641)   Post Evacuate Collection Set: 0.8ms
[2020-12-28T13:10:52.551-0500][gc,phases      ] GC(23641)   Other: 0.2ms
[2020-12-28T13:10:52.551-0500][gc,heap        ] GC(23641) Eden regions: 8->0(8)
[2020-12-28T13:10:52.551-0500][gc,heap        ] GC(23641) Survivor regions: 1->1(2)
[2020-12-28T13:10:52.551-0500][gc,heap        ] GC(23641) Old regions: 42->42
[2020-12-28T13:10:52.551-0500][gc,heap        ] GC(23641) Humongous regions: 4->4
[2020-12-28T13:10:52.551-0500][gc,metaspace   ] GC(23641) Metaspace: 50313K->50313K(1093632K)
[2020-12-28T13:10:52.551-0500][gc,heap        ] GC(23641) Heap after GC invocations=23642 (full 5431): garbage-first heap   total 64512K, used 43366K [0x0000000083000000, 0x0000000100000000)
[2020-12-28T13:10:52.551-0500][gc,heap        ] GC(23641)   region size 1024K, 1 young (1024K), 1 survivors (1024K)
[2020-12-28T13:10:52.551-0500][gc,heap        ] GC(23641)  Metaspace       used 50313K, capacity 52468K, committed 53888K, reserved 1093632K
[2020-12-28T13:10:52.551-0500][gc,heap        ] GC(23641)   class space    used 7457K, capacity 8250K, committed 8832K, reserved 1048576K
[2020-12-28T13:10:52.551-0500][gc             ] GC(23641) Pause Young (Normal) (G1 Evacuation Pause) 50M->42M(63M) 1.787ms
[2020-12-28T13:10:52.552-0500][gc,cpu         ] GC(23641) User=0.00s Sys=0.00s Real=0.00s
[2020-12-28T13:11:45.190-0500][gc,task        ] GC(23642) Using 5 workers of 8 for full compaction
[2020-12-28T13:11:45.190-0500][gc,start       ] GC(23642) Pause Full (System.gc())
[2020-12-28T13:11:45.190-0500][gc,heap        ] GC(23642) Heap before GC invocations=23642 (full 5431): garbage-first heap   total 64512K, used 46438K [0x0000000083000000, 0x0000000100000000)
[2020-12-28T13:11:45.190-0500][gc,heap        ] GC(23642)   region size 1024K, 5 young (5120K), 1 survivors (1024K)
[2020-12-28T13:11:45.190-0500][gc,heap        ] GC(23642)  Metaspace       used 50313K, capacity 52468K, committed 53888K, reserved 1093632K
[2020-12-28T13:11:45.190-0500][gc,heap        ] GC(23642)   class space    used 7457K, capacity 8250K, committed 8832K, reserved 1048576K
[2020-12-28T13:11:45.190-0500][gc,phases,start] GC(23642) Phase 1: Mark live objects
[2020-12-28T13:11:45.214-0500][gc,stringtable ] GC(23642) Cleaned string and symbol table, strings: 33320 processed, 4 removed, symbols: 120973 processed, 0 removed
[2020-12-28T13:11:45.214-0500][gc,phases      ] GC(23642) Phase 1: Mark live objects 23.378ms
[2020-12-28T13:11:45.214-0500][gc,phases,start] GC(23642) Phase 2: Prepare for compaction
[2020-12-28T13:11:45.218-0500][gc,phases      ] GC(23642) Phase 2: Prepare for compaction 3.981ms
[2020-12-28T13:11:45.218-0500][gc,phases,start] GC(23642) Phase 3: Adjust pointers
[2020-12-28T13:11:45.230-0500][gc,phases      ] GC(23642) Phase 3: Adjust pointers 11.607ms
[2020-12-28T13:11:45.230-0500][gc,phases,start] GC(23642) Phase 4: Compact heap
[2020-12-28T13:11:45.232-0500][gc,phases      ] GC(23642) Phase 4: Compact heap 2.834ms
[2020-12-28T13:11:45.237-0500][gc,heap        ] GC(23642) Eden regions: 4->0(9)
[2020-12-28T13:11:45.237-0500][gc,heap        ] GC(23642) Survivor regions: 1->0(2)
[2020-12-28T13:11:45.237-0500][gc,heap        ] GC(23642) Old regions: 42->42
[2020-12-28T13:11:45.237-0500][gc,heap        ] GC(23642) Humongous regions: 4->4
[2020-12-28T13:11:45.237-0500][gc,metaspace   ] GC(23642) Metaspace: 50313K->50313K(1093632K)
[2020-12-28T13:11:45.237-0500][gc,heap        ] GC(23642) Heap after GC invocations=23643 (full 5432): garbage-first heap   total 64512K, used 43329K [0x0000000083000000, 0x0000000100000000)
[2020-12-28T13:11:45.237-0500][gc,heap        ] GC(23642)   region size 1024K, 0 young (0K), 0 survivors (0K)
[2020-12-28T13:11:45.237-0500][gc,heap        ] GC(23642)  Metaspace       used 50313K, capacity 52468K, committed 53888K, reserved 1093632K
[2020-12-28T13:11:45.237-0500][gc,heap        ] GC(23642)   class space    used 7457K, capacity 8250K, committed 8832K, reserved 1048576K
[2020-12-28T13:11:45.237-0500][gc             ] GC(23642) Pause Full (System.gc()) 45M->42M(63M) 46.903ms
[2020-12-28T13:11:45.237-0500][gc,cpu         ] GC(23642) User=0.19s Sys=0.00s Real=0.04s
[2020-12-28T13:13:59.062-0500][gc,heap        ] GC(23643) Heap before GC invocations=23643 (full 5432): garbage-first heap   total 64512K, used 51521K [0x0000000083000000, 0x0000000100000000)
[2020-12-28T13:13:59.062-0500][gc,heap        ] GC(23643)   region size 1024K, 9 young (9216K), 0 survivors (0K)
[2020-12-28T13:13:59.062-0500][gc,heap        ] GC(23643)  Metaspace       used 50313K, capacity 52468K, committed 53888K, reserved 1093632K
[2020-12-28T13:13:59.062-0500][gc,heap        ] GC(23643)   class space    used 7457K, capacity 8250K, committed 8832K, reserved 1048576K
[2020-12-28T13:13:59.062-0500][gc,start       ] GC(23643) Pause Young (Normal) (G1 Evacuation Pause)
[2020-12-28T13:13:59.062-0500][gc,task        ] GC(23643) Using 8 workers of 8 for evacuation
[2020-12-28T13:13:59.076-0500][gc,phases      ] GC(23643)   Pre Evacuate Collection Set: 0.0ms
[2020-12-28T13:13:59.076-0500][gc,phases      ] GC(23643)   Evacuate Collection Set: 4.3ms
[2020-12-28T13:13:59.076-0500][gc,phases      ] GC(23643)   Post Evacuate Collection Set: 8.8ms
[2020-12-28T13:13:59.076-0500][gc,phases      ] GC(23643)   Other: 0.5ms
[2020-12-28T13:13:59.076-0500][gc,heap        ] GC(23643) Eden regions: 9->0(8)
[2020-12-28T13:13:59.076-0500][gc,heap        ] GC(23643) Survivor regions: 0->1(2)
[2020-12-28T13:13:59.076-0500][gc,heap        ] GC(23643) Old regions: 42->42
[2020-12-28T13:13:59.076-0500][gc,heap        ] GC(23643) Humongous regions: 4->4
[2020-12-28T13:13:59.076-0500][gc,metaspace   ] GC(23643) Metaspace: 50313K->50313K(1093632K)
[2020-12-28T13:13:59.076-0500][gc,heap        ] GC(23643) Heap after GC invocations=23644 (full 5432): garbage-first heap   total 64512K, used 43415K [0x0000000083000000, 0x0000000100000000)
[2020-12-28T13:13:59.076-0500][gc,heap        ] GC(23643)   region size 1024K, 1 young (1024K), 1 survivors (1024K)
[2020-12-28T13:13:59.076-0500][gc,heap        ] GC(23643)  Metaspace       used 50313K, capacity 52468K, committed 53888K, reserved 1093632K
[2020-12-28T13:13:59.076-0500][gc,heap        ] GC(23643)   class space    used 7457K, capacity 8250K, committed 8832K, reserved 1048576K
[2020-12-28T13:13:59.076-0500][gc             ] GC(23643) Pause Young (Normal) (G1 Evacuation Pause) 51M->42M(63M) 13.889ms
[2020-12-28T13:13:59.076-0500][gc,cpu         ] GC(23643) User=0.05s Sys=0.00s Real=0.01s
[2020-12-28T13:15:59.063-0500][gc,heap        ] GC(23644) Heap before GC invocations=23644 (full 5432): garbage-first heap   total 64512K, used 50583K [0x0000000083000000, 0x0000000100000000)
[2020-12-28T13:15:59.063-0500][gc,heap        ] GC(23644)   region size 1024K, 9 young (9216K), 1 survivors (1024K)
[2020-12-28T13:15:59.063-0500][gc,heap        ] GC(23644)  Metaspace       used 50313K, capacity 52468K, committed 53888K, reserved 1093632K
[2020-12-28T13:15:59.063-0500][gc,heap        ] GC(23644)   class space    used 7457K, capacity 8250K, committed 8832K, reserved 1048576K
[2020-12-28T13:15:59.063-0500][gc,start       ] GC(23644) Pause Young (Normal) (G1 Evacuation Pause)
[2020-12-28T13:15:59.063-0500][gc,task        ] GC(23644) Using 8 workers of 8 for evacuation
[2020-12-28T13:15:59.079-0500][gc,phases      ] GC(23644)   Pre Evacuate Collection Set: 0.0ms
[2020-12-28T13:15:59.080-0500][gc,phases      ] GC(23644)   Evacuate Collection Set: 11.5ms
[2020-12-28T13:15:59.080-0500][gc,phases      ] GC(23644)   Post Evacuate Collection Set: 4.7ms
[2020-12-28T13:15:59.080-0500][gc,phases      ] GC(23644)   Other: 0.6ms
[2020-12-28T13:15:59.080-0500][gc,heap        ] GC(23644) Eden regions: 8->0(8)
[2020-12-28T13:15:59.080-0500][gc,heap        ] GC(23644) Survivor regions: 1->1(2)
[2020-12-28T13:15:59.080-0500][gc,heap        ] GC(23644) Old regions: 42->42
[2020-12-28T13:15:59.080-0500][gc,heap        ] GC(23644) Humongous regions: 4->4
[2020-12-28T13:15:59.080-0500][gc,metaspace   ] GC(23644) Metaspace: 50313K->50313K(1093632K)
[2020-12-28T13:15:59.080-0500][gc,heap        ] GC(23644) Heap after GC invocations=23645 (full 5432): garbage-first heap   total 64512K, used 43407K [0x0000000083000000, 0x0000000100000000)
[2020-12-28T13:15:59.080-0500][gc,heap        ] GC(23644)   region size 1024K, 1 young (1024K), 1 survivors (1024K)
[2020-12-28T13:15:59.080-0500][gc,heap        ] GC(23644)  Metaspace       used 50313K, capacity 52468K, committed 53888K, reserved 1093632K
[2020-12-28T13:15:59.080-0500][gc,heap        ] GC(23644)   class space    used 7457K, capacity 8250K, committed 8832K, reserved 1048576K
[2020-12-28T13:15:59.080-0500][gc             ] GC(23644) Pause Young (Normal) (G1 Evacuation Pause) 50M->42M(63M) 17.004ms
[2020-12-28T13:15:59.080-0500][gc,cpu         ] GC(23644) User=0.09s Sys=0.00s Real=0.02s
[2020-12-28T13:16:45.189-0500][gc,task        ] GC(23645) Using 5 workers of 8 for full compaction
[2020-12-28T13:16:45.189-0500][gc,start       ] GC(23645) Pause Full (System.gc())
[2020-12-28T13:16:45.189-0500][gc,heap        ] GC(23645) Heap before GC invocations=23645 (full 5432): garbage-first heap   total 64512K, used 46479K [0x0000000083000000, 0x0000000100000000)
[2020-12-28T13:16:45.189-0500][gc,heap        ] GC(23645)   region size 1024K, 5 young (5120K), 1 survivors (1024K)
[2020-12-28T13:16:45.189-0500][gc,heap        ] GC(23645)  Metaspace       used 50313K, capacity 52468K, committed 53888K, reserved 1093632K
[2020-12-28T13:16:45.189-0500][gc,heap        ] GC(23645)   class space    used 7457K, capacity 8250K, committed 8832K, reserved 1048576K
[2020-12-28T13:16:45.190-0500][gc,phases,start] GC(23645) Phase 1: Mark live objects
[2020-12-28T13:16:45.213-0500][gc,stringtable ] GC(23645) Cleaned string and symbol table, strings: 33320 processed, 4 removed, symbols: 120973 processed, 0 removed
[2020-12-28T13:16:45.213-0500][gc,phases      ] GC(23645) Phase 1: Mark live objects 23.625ms
[2020-12-28T13:16:45.213-0500][gc,phases,start] GC(23645) Phase 2: Prepare for compaction
[2020-12-28T13:16:45.217-0500][gc,phases      ] GC(23645) Phase 2: Prepare for compaction 3.412ms
[2020-12-28T13:16:45.217-0500][gc,phases,start] GC(23645) Phase 3: Adjust pointers
[2020-12-28T13:16:45.228-0500][gc,phases      ] GC(23645) Phase 3: Adjust pointers 10.953ms
[2020-12-28T13:16:45.228-0500][gc,phases,start] GC(23645) Phase 4: Compact heap
[2020-12-28T13:16:45.230-0500][gc,phases      ] GC(23645) Phase 4: Compact heap 2.559ms
[2020-12-28T13:16:45.235-0500][gc,heap        ] GC(23645) Eden regions: 4->0(9)
[2020-12-28T13:16:45.235-0500][gc,heap        ] GC(23645) Survivor regions: 1->0(2)
[2020-12-28T13:16:45.235-0500][gc,heap        ] GC(23645) Old regions: 42->42
[2020-12-28T13:16:45.235-0500][gc,heap        ] GC(23645) Humongous regions: 4->4
[2020-12-28T13:16:45.235-0500][gc,metaspace   ] GC(23645) Metaspace: 50313K->50313K(1093632K)
[2020-12-28T13:16:45.235-0500][gc,heap        ] GC(23645) Heap after GC invocations=23646 (full 5433): garbage-first heap   total 64512K, used 43329K [0x0000000083000000, 0x0000000100000000)
[2020-12-28T13:16:45.235-0500][gc,heap        ] GC(23645)   region size 1024K, 0 young (0K), 0 survivors (0K)
[2020-12-28T13:16:45.235-0500][gc,heap        ] GC(23645)  Metaspace       used 50313K, capacity 52468K, committed 53888K, reserved 1093632K
[2020-12-28T13:16:45.235-0500][gc,heap        ] GC(23645)   class space    used 7457K, capacity 8250K, committed 8832K, reserved 1048576K
[2020-12-28T13:16:45.235-0500][gc             ] GC(23645) Pause Full (System.gc()) 45M->42M(63M) 45.626ms
[2020-12-28T13:16:45.235-0500][gc,cpu         ] GC(23645) User=0.20s Sys=0.00s Real=0.04s
[2020-12-28T13:18:59.061-0500][gc,heap        ] GC(23646) Heap before GC invocations=23646 (full 5433): garbage-first heap   total 64512K, used 51521K [0x0000000083000000, 0x0000000100000000)
[2020-12-28T13:18:59.061-0500][gc,heap        ] GC(23646)   region size 1024K, 9 young (9216K), 0 survivors (0K)
[2020-12-28T13:18:59.061-0500][gc,heap        ] GC(23646)  Metaspace       used 50313K, capacity 52468K, committed 53888K, reserved 1093632K
[2020-12-28T13:18:59.061-0500][gc,heap        ] GC(23646)   class space    used 7457K, capacity 8250K, committed 8832K, reserved 1048576K
[2020-12-28T13:18:59.061-0500][gc,start       ] GC(23646) Pause Young (Normal) (G1 Evacuation Pause)
[2020-12-28T13:18:59.061-0500][gc,task        ] GC(23646) Using 8 workers of 8 for evacuation
[2020-12-28T13:18:59.067-0500][gc,phases      ] GC(23646)   Pre Evacuate Collection Set: 0.0ms
[2020-12-28T13:18:59.067-0500][gc,phases      ] GC(23646)   Evacuate Collection Set: 3.5ms
[2020-12-28T13:18:59.067-0500][gc,phases      ] GC(23646)   Post Evacuate Collection Set: 1.6ms
[2020-12-28T13:18:59.067-0500][gc,phases      ] GC(23646)   Other: 0.2ms
[2020-12-28T13:18:59.067-0500][gc,heap        ] GC(23646) Eden regions: 9->0(8)
[2020-12-28T13:18:59.067-0500][gc,heap        ] GC(23646) Survivor regions: 0->1(2)
[2020-12-28T13:18:59.067-0500][gc,heap        ] GC(23646) Old regions: 42->42
[2020-12-28T13:18:59.067-0500][gc,heap        ] GC(23646) Humongous regions: 4->4
[2020-12-28T13:18:59.067-0500][gc,metaspace   ] GC(23646) Metaspace: 50313K->50313K(1093632K)
[2020-12-28T13:18:59.067-0500][gc,heap        ] GC(23646) Heap after GC invocations=23647 (full 5433): garbage-first heap   total 64512K, used 43422K [0x0000000083000000, 0x0000000100000000)
[2020-12-28T13:18:59.067-0500][gc,heap        ] GC(23646)   region size 1024K, 1 young (1024K), 1 survivors (1024K)
[2020-12-28T13:18:59.067-0500][gc,heap        ] GC(23646)  Metaspace       used 50313K, capacity 52468K, committed 53888K, reserved 1093632K
[2020-12-28T13:18:59.067-0500][gc,heap        ] GC(23646)   class space    used 7457K, capacity 8250K, committed 8832K, reserved 1048576K
[2020-12-28T13:18:59.067-0500][gc             ] GC(23646) Pause Young (Normal) (G1 Evacuation Pause) 51M->42M(63M) 5.494ms
[2020-12-28T13:18:59.067-0500][gc,cpu         ] GC(23646) User=0.03s Sys=0.00s Real=0.00s
[2020-12-28T13:20:59.059-0500][gc,heap        ] GC(23647) Heap before GC invocations=23647 (full 5433): garbage-first heap   total 64512K, used 50590K [0x0000000083000000, 0x0000000100000000)
[2020-12-28T13:20:59.059-0500][gc,heap        ] GC(23647)   region size 1024K, 9 young (9216K), 1 survivors (1024K)
[2020-12-28T13:20:59.059-0500][gc,heap        ] GC(23647)  Metaspace       used 50313K, capacity 52468K, committed 53888K, reserved 1093632K
[2020-12-28T13:20:59.059-0500][gc,heap        ] GC(23647)   class space    used 7457K, capacity 8250K, committed 8832K, reserved 1048576K
[2020-12-28T13:20:59.059-0500][gc,start       ] GC(23647) Pause Young (Normal) (G1 Evacuation Pause)
[2020-12-28T13:20:59.059-0500][gc,task        ] GC(23647) Using 8 workers of 8 for evacuation
[2020-12-28T13:20:59.060-0500][gc,phases      ] GC(23647)   Pre Evacuate Collection Set: 0.0ms
[2020-12-28T13:20:59.060-0500][gc,phases      ] GC(23647)   Evacuate Collection Set: 0.6ms
[2020-12-28T13:20:59.060-0500][gc,phases      ] GC(23647)   Post Evacuate Collection Set: 0.9ms
[2020-12-28T13:20:59.060-0500][gc,phases      ] GC(23647)   Other: 0.2ms
[2020-12-28T13:20:59.060-0500][gc,heap        ] GC(23647) Eden regions: 8->0(8)
[2020-12-28T13:20:59.060-0500][gc,heap        ] GC(23647) Survivor regions: 1->1(2)
[2020-12-28T13:20:59.061-0500][gc,heap        ] GC(23647) Old regions: 42->42
[2020-12-28T13:20:59.061-0500][gc,heap        ] GC(23647) Humongous regions: 4->4
[2020-12-28T13:20:59.061-0500][gc,metaspace   ] GC(23647) Metaspace: 50313K->50313K(1093632K)
[2020-12-28T13:20:59.061-0500][gc,heap        ] GC(23647) Heap after GC invocations=23648 (full 5433): garbage-first heap   total 64512K, used 43414K [0x0000000083000000, 0x0000000100000000)
[2020-12-28T13:20:59.061-0500][gc,heap        ] GC(23647)   region size 1024K, 1 young (1024K), 1 survivors (1024K)
[2020-12-28T13:20:59.061-0500][gc,heap        ] GC(23647)  Metaspace       used 50313K, capacity 52468K, committed 53888K, reserved 1093632K
[2020-12-28T13:20:59.061-0500][gc,heap        ] GC(23647)   class space    used 7457K, capacity 8250K, committed 8832K, reserved 1048576K
[2020-12-28T13:20:59.061-0500][gc             ] GC(23647) Pause Young (Normal) (G1 Evacuation Pause) 50M->42M(63M) 1.738ms
[2020-12-28T13:20:59.061-0500][gc,cpu         ] GC(23647) User=0.00s Sys=0.00s Real=0.00s
[2020-12-28T13:21:45.189-0500][gc,task        ] GC(23648) Using 5 workers of 8 for full compaction
[2020-12-28T13:21:45.189-0500][gc,start       ] GC(23648) Pause Full (System.gc())
[2020-12-28T13:21:45.189-0500][gc,heap        ] GC(23648) Heap before GC invocations=23648 (full 5433): garbage-first heap   total 64512K, used 45462K [0x0000000083000000, 0x0000000100000000)
[2020-12-28T13:21:45.189-0500][gc,heap        ] GC(23648)   region size 1024K, 5 young (5120K), 1 survivors (1024K)
[2020-12-28T13:21:45.189-0500][gc,heap        ] GC(23648)  Metaspace       used 50313K, capacity 52468K, committed 53888K, reserved 1093632K
[2020-12-28T13:21:45.189-0500][gc,heap        ] GC(23648)   class space    used 7457K, capacity 8250K, committed 8832K, reserved 1048576K
[2020-12-28T13:21:45.191-0500][gc,phases,start] GC(23648) Phase 1: Mark live objects
[2020-12-28T13:21:45.238-0500][gc,stringtable ] GC(23648) Cleaned string and symbol table, strings: 33320 processed, 4 removed, symbols: 120973 processed, 0 removed
[2020-12-28T13:21:45.238-0500][gc,phases      ] GC(23648) Phase 1: Mark live objects 47.180ms
[2020-12-28T13:21:45.238-0500][gc,phases,start] GC(23648) Phase 2: Prepare for compaction
[2020-12-28T13:21:45.243-0500][gc,phases      ] GC(23648) Phase 2: Prepare for compaction 5.045ms
[2020-12-28T13:21:45.243-0500][gc,phases,start] GC(23648) Phase 3: Adjust pointers
[2020-12-28T13:21:45.257-0500][gc,phases      ] GC(23648) Phase 3: Adjust pointers 13.872ms
[2020-12-28T13:21:45.257-0500][gc,phases,start] GC(23648) Phase 4: Compact heap
[2020-12-28T13:21:45.260-0500][gc,phases      ] GC(23648) Phase 4: Compact heap 3.004ms
[2020-12-28T13:21:45.265-0500][gc,heap        ] GC(23648) Eden regions: 4->0(9)
[2020-12-28T13:21:45.265-0500][gc,heap        ] GC(23648) Survivor regions: 1->0(2)
[2020-12-28T13:21:45.265-0500][gc,heap        ] GC(23648) Old regions: 42->42
[2020-12-28T13:21:45.265-0500][gc,heap        ] GC(23648) Humongous regions: 4->4
[2020-12-28T13:21:45.265-0500][gc,metaspace   ] GC(23648) Metaspace: 50313K->50313K(1093632K)
[2020-12-28T13:21:45.265-0500][gc,heap        ] GC(23648) Heap after GC invocations=23649 (full 5434): garbage-first heap   total 64512K, used 43326K [0x0000000083000000, 0x0000000100000000)
[2020-12-28T13:21:45.265-0500][gc,heap        ] GC(23648)   region size 1024K, 0 young (0K), 0 survivors (0K)
[2020-12-28T13:21:45.265-0500][gc,heap        ] GC(23648)  Metaspace       used 50313K, capacity 52468K, committed 53888K, reserved 1093632K
[2020-12-28T13:21:45.265-0500][gc,heap        ] GC(23648)   class space    used 7457K, capacity 8250K, committed 8832K, reserved 1048576K
[2020-12-28T13:21:45.265-0500][gc             ] GC(23648) Pause Full (System.gc()) 45M->42M(63M) 75.702ms
[2020-12-28T13:21:45.265-0500][gc,cpu         ] GC(23648) User=0.29s Sys=0.00s Real=0.07s
[2020-12-28T13:23:59.059-0500][gc,heap        ] GC(23649) Heap before GC invocations=23649 (full 5434): garbage-first heap   total 64512K, used 51518K [0x0000000083000000, 0x0000000100000000)
[2020-12-28T13:23:59.059-0500][gc,heap        ] GC(23649)   region size 1024K, 9 young (9216K), 0 survivors (0K)
[2020-12-28T13:23:59.059-0500][gc,heap        ] GC(23649)  Metaspace       used 50313K, capacity 52468K, committed 53888K, reserved 1093632K
[2020-12-28T13:23:59.059-0500][gc,heap        ] GC(23649)   class space    used 7457K, capacity 8250K, committed 8832K, reserved 1048576K
[2020-12-28T13:23:59.059-0500][gc,start       ] GC(23649) Pause Young (Normal) (G1 Evacuation Pause)
[2020-12-28T13:23:59.059-0500][gc,task        ] GC(23649) Using 8 workers of 8 for evacuation
[2020-12-28T13:23:59.061-0500][gc,phases      ] GC(23649)   Pre Evacuate Collection Set: 0.0ms
[2020-12-28T13:23:59.061-0500][gc,phases      ] GC(23649)   Evacuate Collection Set: 0.6ms
[2020-12-28T13:23:59.061-0500][gc,phases      ] GC(23649)   Post Evacuate Collection Set: 1.1ms
[2020-12-28T13:23:59.061-0500][gc,phases      ] GC(23649)   Other: 0.3ms
[2020-12-28T13:23:59.061-0500][gc,heap        ] GC(23649) Eden regions: 9->0(8)
[2020-12-28T13:23:59.061-0500][gc,heap        ] GC(23649) Survivor regions: 0->1(2)
[2020-12-28T13:23:59.061-0500][gc,heap        ] GC(23649) Old regions: 42->42
[2020-12-28T13:23:59.061-0500][gc,heap        ] GC(23649) Humongous regions: 4->4
[2020-12-28T13:23:59.061-0500][gc,metaspace   ] GC(23649) Metaspace: 50313K->50313K(1093632K)
[2020-12-28T13:23:59.061-0500][gc,heap        ] GC(23649) Heap after GC invocations=23650 (full 5434): garbage-first heap   total 64512K, used 43416K [0x0000000083000000, 0x0000000100000000)
[2020-12-28T13:23:59.061-0500][gc,heap        ] GC(23649)   region size 1024K, 1 young (1024K), 1 survivors (1024K)
[2020-12-28T13:23:59.061-0500][gc,heap        ] GC(23649)  Metaspace       used 50313K, capacity 52468K, committed 53888K, reserved 1093632K
[2020-12-28T13:23:59.061-0500][gc,heap        ] GC(23649)   class space    used 7457K, capacity 8250K, committed 8832K, reserved 1048576K
[2020-12-28T13:23:59.061-0500][gc             ] GC(23649) Pause Young (Normal) (G1 Evacuation Pause) 51M->42M(63M) 2.006ms
[2020-12-28T13:23:59.061-0500][gc,cpu         ] GC(23649) User=0.00s Sys=0.00s Real=0.00s
[2020-12-28T13:25:59.060-0500][gc,heap        ] GC(23650) Heap before GC invocations=23650 (full 5434): garbage-first heap   total 64512K, used 51608K [0x0000000083000000, 0x0000000100000000)
[2020-12-28T13:25:59.060-0500][gc,heap        ] GC(23650)   region size 1024K, 9 young (9216K), 1 survivors (1024K)
[2020-12-28T13:25:59.060-0500][gc,heap        ] GC(23650)  Metaspace       used 50313K, capacity 52468K, committed 53888K, reserved 1093632K
[2020-12-28T13:25:59.060-0500][gc,heap        ] GC(23650)   class space    used 7457K, capacity 8250K, committed 8832K, reserved 1048576K
[2020-12-28T13:25:59.060-0500][gc,start       ] GC(23650) Pause Young (Normal) (G1 Evacuation Pause)
[2020-12-28T13:25:59.060-0500][gc,task        ] GC(23650) Using 8 workers of 8 for evacuation
[2020-12-28T13:25:59.062-0500][gc,phases      ] GC(23650)   Pre Evacuate Collection Set: 0.0ms
[2020-12-28T13:25:59.062-0500][gc,phases      ] GC(23650)   Evacuate Collection Set: 0.9ms
[2020-12-28T13:25:59.062-0500][gc,phases      ] GC(23650)   Post Evacuate Collection Set: 1.4ms
[2020-12-28T13:25:59.062-0500][gc,phases      ] GC(23650)   Other: 0.3ms
[2020-12-28T13:25:59.062-0500][gc,heap        ] GC(23650) Eden regions: 8->0(8)
[2020-12-28T13:25:59.062-0500][gc,heap        ] GC(23650) Survivor regions: 1->1(2)
[2020-12-28T13:25:59.062-0500][gc,heap        ] GC(23650) Old regions: 42->42
[2020-12-28T13:25:59.062-0500][gc,heap        ] GC(23650) Humongous regions: 4->4
[2020-12-28T13:25:59.063-0500][gc,metaspace   ] GC(23650) Metaspace: 50313K->50313K(1093632K)
[2020-12-28T13:25:59.063-0500][gc,heap        ] GC(23650) Heap after GC invocations=23651 (full 5434): garbage-first heap   total 64512K, used 43403K [0x0000000083000000, 0x0000000100000000)
[2020-12-28T13:25:59.063-0500][gc,heap        ] GC(23650)   region size 1024K, 1 young (1024K), 1 survivors (1024K)
[2020-12-28T13:25:59.063-0500][gc,heap        ] GC(23650)  Metaspace       used 50313K, capacity 52468K, committed 53888K, reserved 1093632K
[2020-12-28T13:25:59.063-0500][gc,heap        ] GC(23650)   class space    used 7457K, capacity 8250K, committed 8832K, reserved 1048576K
[2020-12-28T13:25:59.063-0500][gc             ] GC(23650) Pause Young (Normal) (G1 Evacuation Pause) 50M->42M(63M) 2.767ms
[2020-12-28T13:25:59.063-0500][gc,cpu         ] GC(23650) User=0.00s Sys=0.00s Real=0.00s
[2020-12-28T13:26:45.190-0500][gc,task        ] GC(23651) Using 5 workers of 8 for full compaction
[2020-12-28T13:26:45.190-0500][gc,start       ] GC(23651) Pause Full (System.gc())
[2020-12-28T13:26:45.190-0500][gc,heap        ] GC(23651) Heap before GC invocations=23651 (full 5434): garbage-first heap   total 64512K, used 46475K [0x0000000083000000, 0x0000000100000000)
[2020-12-28T13:26:45.190-0500][gc,heap        ] GC(23651)   region size 1024K, 5 young (5120K), 1 survivors (1024K)
[2020-12-28T13:26:45.190-0500][gc,heap        ] GC(23651)  Metaspace       used 50313K, capacity 52468K, committed 53888K, reserved 1093632K
[2020-12-28T13:26:45.190-0500][gc,heap        ] GC(23651)   class space    used 7457K, capacity 8250K, committed 8832K, reserved 1048576K
[2020-12-28T13:26:45.190-0500][gc,phases,start] GC(23651) Phase 1: Mark live objects
[2020-12-28T13:26:45.214-0500][gc,stringtable ] GC(23651) Cleaned string and symbol table, strings: 33320 processed, 4 removed, symbols: 120973 processed, 0 removed
[2020-12-28T13:26:45.214-0500][gc,phases      ] GC(23651) Phase 1: Mark live objects 24.393ms
[2020-12-28T13:26:45.215-0500][gc,phases,start] GC(23651) Phase 2: Prepare for compaction
[2020-12-28T13:26:45.219-0500][gc,phases      ] GC(23651) Phase 2: Prepare for compaction 4.672ms
[2020-12-28T13:26:45.219-0500][gc,phases,start] GC(23651) Phase 3: Adjust pointers
[2020-12-28T13:26:45.232-0500][gc,phases      ] GC(23651) Phase 3: Adjust pointers 12.356ms
[2020-12-28T13:26:45.232-0500][gc,phases,start] GC(23651) Phase 4: Compact heap
[2020-12-28T13:26:45.235-0500][gc,phases      ] GC(23651) Phase 4: Compact heap 3.226ms
[2020-12-28T13:26:45.241-0500][gc,heap        ] GC(23651) Eden regions: 4->0(9)
[2020-12-28T13:26:45.241-0500][gc,heap        ] GC(23651) Survivor regions: 1->0(2)
[2020-12-28T13:26:45.241-0500][gc,heap        ] GC(23651) Old regions: 42->42
[2020-12-28T13:26:45.241-0500][gc,heap        ] GC(23651) Humongous regions: 4->4
[2020-12-28T13:26:45.241-0500][gc,metaspace   ] GC(23651) Metaspace: 50313K->50313K(1093632K)
[2020-12-28T13:26:45.241-0500][gc,heap        ] GC(23651) Heap after GC invocations=23652 (full 5435): garbage-first heap   total 64512K, used 43336K [0x0000000083000000, 0x0000000100000000)
[2020-12-28T13:26:45.241-0500][gc,heap        ] GC(23651)   region size 1024K, 0 young (0K), 0 survivors (0K)
[2020-12-28T13:26:45.241-0500][gc,heap        ] GC(23651)  Metaspace       used 50313K, capacity 52468K, committed 53888K, reserved 1093632K
[2020-12-28T13:26:45.241-0500][gc,heap        ] GC(23651)   class space    used 7457K, capacity 8250K, committed 8832K, reserved 1048576K
[2020-12-28T13:26:45.241-0500][gc             ] GC(23651) Pause Full (System.gc()) 45M->42M(63M) 51.385ms
[2020-12-28T13:26:45.241-0500][gc,cpu         ] GC(23651) User=0.22s Sys=0.00s Real=0.05s
[2020-12-28T13:28:59.064-0500][gc,heap        ] GC(23652) Heap before GC invocations=23652 (full 5435): garbage-first heap   total 64512K, used 52552K [0x0000000083000000, 0x0000000100000000)
[2020-12-28T13:28:59.064-0500][gc,heap        ] GC(23652)   region size 1024K, 9 young (9216K), 0 survivors (0K)
[2020-12-28T13:28:59.064-0500][gc,heap        ] GC(23652)  Metaspace       used 50313K, capacity 52468K, committed 53888K, reserved 1093632K
[2020-12-28T13:28:59.064-0500][gc,heap        ] GC(23652)   class space    used 7457K, capacity 8250K, committed 8832K, reserved 1048576K
[2020-12-28T13:28:59.064-0500][gc,start       ] GC(23652) Pause Young (Normal) (G1 Evacuation Pause)
[2020-12-28T13:28:59.064-0500][gc,task        ] GC(23652) Using 8 workers of 8 for evacuation
[2020-12-28T13:28:59.072-0500][gc,phases      ] GC(23652)   Pre Evacuate Collection Set: 0.0ms
[2020-12-28T13:28:59.072-0500][gc,phases      ] GC(23652)   Evacuate Collection Set: 5.7ms
[2020-12-28T13:28:59.072-0500][gc,phases      ] GC(23652)   Post Evacuate Collection Set: 2.1ms
[2020-12-28T13:28:59.072-0500][gc,phases      ] GC(23652)   Other: 0.3ms
[2020-12-28T13:28:59.072-0500][gc,heap        ] GC(23652) Eden regions: 9->0(8)
[2020-12-28T13:28:59.072-0500][gc,heap        ] GC(23652) Survivor regions: 0->1(2)
[2020-12-28T13:28:59.072-0500][gc,heap        ] GC(23652) Old regions: 42->42
[2020-12-28T13:28:59.072-0500][gc,heap        ] GC(23652) Humongous regions: 4->4
[2020-12-28T13:28:59.072-0500][gc,metaspace   ] GC(23652) Metaspace: 50313K->50313K(1093632K)
[2020-12-28T13:28:59.072-0500][gc,heap        ] GC(23652) Heap after GC invocations=23653 (full 5435): garbage-first heap   total 64512K, used 43398K [0x0000000083000000, 0x0000000100000000)
[2020-12-28T13:28:59.072-0500][gc,heap        ] GC(23652)   region size 1024K, 1 young (1024K), 1 survivors (1024K)
[2020-12-28T13:28:59.072-0500][gc,heap        ] GC(23652)  Metaspace       used 50313K, capacity 52468K, committed 53888K, reserved 1093632K
[2020-12-28T13:28:59.072-0500][gc,heap        ] GC(23652)   class space    used 7457K, capacity 8250K, committed 8832K, reserved 1048576K
[2020-12-28T13:28:59.072-0500][gc             ] GC(23652) Pause Young (Normal) (G1 Evacuation Pause) 51M->42M(63M) 8.138ms
[2020-12-28T13:28:59.072-0500][gc,cpu         ] GC(23652) User=0.05s Sys=0.00s Real=0.01s
[2020-12-28T13:30:51.015-0500][gc,heap        ] GC(23653) Heap before GC invocations=23653 (full 5435): garbage-first heap   total 64512K, used 51590K [0x0000000083000000, 0x0000000100000000)
[2020-12-28T13:30:51.016-0500][gc,heap        ] GC(23653)   region size 1024K, 9 young (9216K), 1 survivors (1024K)
[2020-12-28T13:30:51.016-0500][gc,heap        ] GC(23653)  Metaspace       used 50313K, capacity 52468K, committed 53888K, reserved 1093632K
[2020-12-28T13:30:51.016-0500][gc,heap        ] GC(23653)   class space    used 7457K, capacity 8250K, committed 8832K, reserved 1048576K
[2020-12-28T13:30:51.016-0500][gc,start       ] GC(23653) Pause Young (Normal) (G1 Evacuation Pause)
[2020-12-28T13:30:51.016-0500][gc,task        ] GC(23653) Using 8 workers of 8 for evacuation
[2020-12-28T13:30:51.044-0500][gc,phases      ] GC(23653)   Pre Evacuate Collection Set: 0.0ms
[2020-12-28T13:30:51.044-0500][gc,phases      ] GC(23653)   Evacuate Collection Set: 26.5ms
[2020-12-28T13:30:51.044-0500][gc,phases      ] GC(23653)   Post Evacuate Collection Set: 1.7ms
[2020-12-28T13:30:51.044-0500][gc,phases      ] GC(23653)   Other: 0.3ms
[2020-12-28T13:30:51.044-0500][gc,heap        ] GC(23653) Eden regions: 8->0(8)
[2020-12-28T13:30:51.044-0500][gc,heap        ] GC(23653) Survivor regions: 1->1(2)
[2020-12-28T13:30:51.044-0500][gc,heap        ] GC(23653) Old regions: 42->42
[2020-12-28T13:30:51.044-0500][gc,heap        ] GC(23653) Humongous regions: 4->4
[2020-12-28T13:30:51.044-0500][gc,metaspace   ] GC(23653) Metaspace: 50313K->50313K(1093632K)
[2020-12-28T13:30:51.044-0500][gc,heap        ] GC(23653) Heap after GC invocations=23654 (full 5435): garbage-first heap   total 64512K, used 43399K [0x0000000083000000, 0x0000000100000000)
[2020-12-28T13:30:51.044-0500][gc,heap        ] GC(23653)   region size 1024K, 1 young (1024K), 1 survivors (1024K)
[2020-12-28T13:30:51.044-0500][gc,heap        ] GC(23653)  Metaspace       used 50313K, capacity 52468K, committed 53888K, reserved 1093632K
[2020-12-28T13:30:51.044-0500][gc,heap        ] GC(23653)   class space    used 7457K, capacity 8250K, committed 8832K, reserved 1048576K
[2020-12-28T13:30:51.044-0500][gc             ] GC(23653) Pause Young (Normal) (G1 Evacuation Pause) 50M->42M(63M) 28.547ms
[2020-12-28T13:30:51.044-0500][gc,cpu         ] GC(23653) User=0.22s Sys=0.00s Real=0.03s
[2020-12-28T13:31:45.188-0500][gc,task        ] GC(23654) Using 5 workers of 8 for full compaction
[2020-12-28T13:31:45.189-0500][gc,start       ] GC(23654) Pause Full (System.gc())
[2020-12-28T13:31:45.189-0500][gc,heap        ] GC(23654) Heap before GC invocations=23654 (full 5435): garbage-first heap   total 64512K, used 46471K [0x0000000083000000, 0x0000000100000000)
[2020-12-28T13:31:45.189-0500][gc,heap        ] GC(23654)   region size 1024K, 5 young (5120K), 1 survivors (1024K)
[2020-12-28T13:31:45.189-0500][gc,heap        ] GC(23654)  Metaspace       used 50313K, capacity 52468K, committed 53888K, reserved 1093632K
[2020-12-28T13:31:45.189-0500][gc,heap        ] GC(23654)   class space    used 7457K, capacity 8250K, committed 8832K, reserved 1048576K
[2020-12-28T13:31:45.189-0500][gc,phases,start] GC(23654) Phase 1: Mark live objects
[2020-12-28T13:31:45.210-0500][gc,stringtable ] GC(23654) Cleaned string and symbol table, strings: 33320 processed, 4 removed, symbols: 120973 processed, 0 removed
[2020-12-28T13:31:45.210-0500][gc,phases      ] GC(23654) Phase 1: Mark live objects 21.108ms
[2020-12-28T13:31:45.210-0500][gc,phases,start] GC(23654) Phase 2: Prepare for compaction
[2020-12-28T13:31:45.214-0500][gc,phases      ] GC(23654) Phase 2: Prepare for compaction 3.716ms
[2020-12-28T13:31:45.214-0500][gc,phases,start] GC(23654) Phase 3: Adjust pointers
[2020-12-28T13:31:45.224-0500][gc,phases      ] GC(23654) Phase 3: Adjust pointers 10.027ms
[2020-12-28T13:31:45.224-0500][gc,phases,start] GC(23654) Phase 4: Compact heap
[2020-12-28T13:31:45.226-0500][gc,phases      ] GC(23654) Phase 4: Compact heap 2.587ms
[2020-12-28T13:31:45.231-0500][gc,heap        ] GC(23654) Eden regions: 4->0(9)
[2020-12-28T13:31:45.231-0500][gc,heap        ] GC(23654) Survivor regions: 1->0(2)
[2020-12-28T13:31:45.231-0500][gc,heap        ] GC(23654) Old regions: 42->42
[2020-12-28T13:31:45.231-0500][gc,heap        ] GC(23654) Humongous regions: 4->4
[2020-12-28T13:31:45.231-0500][gc,metaspace   ] GC(23654) Metaspace: 50313K->50313K(1093632K)
[2020-12-28T13:31:45.231-0500][gc,heap        ] GC(23654) Heap after GC invocations=23655 (full 5436): garbage-first heap   total 64512K, used 43332K [0x0000000083000000, 0x0000000100000000)
[2020-12-28T13:31:45.231-0500][gc,heap        ] GC(23654)   region size 1024K, 0 young (0K), 0 survivors (0K)
[2020-12-28T13:31:45.231-0500][gc,heap        ] GC(23654)  Metaspace       used 50313K, capacity 52468K, committed 53888K, reserved 1093632K
[2020-12-28T13:31:45.231-0500][gc,heap        ] GC(23654)   class space    used 7457K, capacity 8250K, committed 8832K, reserved 1048576K
[2020-12-28T13:31:45.231-0500][gc             ] GC(23654) Pause Full (System.gc()) 45M->42M(63M) 42.357ms
[2020-12-28T13:31:45.231-0500][gc,cpu         ] GC(23654) User=0.17s Sys=0.00s Real=0.04s
[2020-12-28T13:33:59.059-0500][gc,heap        ] GC(23655) Heap before GC invocations=23655 (full 5436): garbage-first heap   total 64512K, used 51524K [0x0000000083000000, 0x0000000100000000)
[2020-12-28T13:33:59.060-0500][gc,heap        ] GC(23655)   region size 1024K, 9 young (9216K), 0 survivors (0K)
[2020-12-28T13:33:59.060-0500][gc,heap        ] GC(23655)  Metaspace       used 50313K, capacity 52468K, committed 53888K, reserved 1093632K
[2020-12-28T13:33:59.060-0500][gc,heap        ] GC(23655)   class space    used 7457K, capacity 8250K, committed 8832K, reserved 1048576K
[2020-12-28T13:33:59.060-0500][gc,start       ] GC(23655) Pause Young (Normal) (G1 Evacuation Pause)
[2020-12-28T13:33:59.060-0500][gc,task        ] GC(23655) Using 8 workers of 8 for evacuation
[2020-12-28T13:33:59.082-0500][gc,phases      ] GC(23655)   Pre Evacuate Collection Set: 0.0ms
[2020-12-28T13:33:59.082-0500][gc,phases      ] GC(23655)   Evacuate Collection Set: 5.8ms
[2020-12-28T13:33:59.082-0500][gc,phases      ] GC(23655)   Post Evacuate Collection Set: 15.8ms
[2020-12-28T13:33:59.082-0500][gc,phases      ] GC(23655)   Other: 0.7ms
[2020-12-28T13:33:59.082-0500][gc,heap        ] GC(23655) Eden regions: 9->0(8)
[2020-12-28T13:33:59.082-0500][gc,heap        ] GC(23655) Survivor regions: 0->1(2)
[2020-12-28T13:33:59.082-0500][gc,heap        ] GC(23655) Old regions: 42->42
[2020-12-28T13:33:59.082-0500][gc,heap        ] GC(23655) Humongous regions: 4->4
[2020-12-28T13:33:59.082-0500][gc,metaspace   ] GC(23655) Metaspace: 50313K->50313K(1093632K)
[2020-12-28T13:33:59.082-0500][gc,heap        ] GC(23655) Heap after GC invocations=23656 (full 5436): garbage-first heap   total 64512K, used 43403K [0x0000000083000000, 0x0000000100000000)
[2020-12-28T13:33:59.082-0500][gc,heap        ] GC(23655)   region size 1024K, 1 young (1024K), 1 survivors (1024K)
[2020-12-28T13:33:59.082-0500][gc,heap        ] GC(23655)  Metaspace       used 50313K, capacity 52468K, committed 53888K, reserved 1093632K
[2020-12-28T13:33:59.082-0500][gc,heap        ] GC(23655)   class space    used 7457K, capacity 8250K, committed 8832K, reserved 1048576K
[2020-12-28T13:33:59.082-0500][gc             ] GC(23655) Pause Young (Normal) (G1 Evacuation Pause) 51M->42M(63M) 22.298ms
[2020-12-28T13:33:59.082-0500][gc,cpu         ] GC(23655) User=0.13s Sys=0.00s Real=0.02s
[2020-12-28T13:35:49.330-0500][gc,heap        ] GC(23656) Heap before GC invocations=23656 (full 5436): garbage-first heap   total 64512K, used 51595K [0x0000000083000000, 0x0000000100000000)
[2020-12-28T13:35:49.330-0500][gc,heap        ] GC(23656)   region size 1024K, 9 young (9216K), 1 survivors (1024K)
[2020-12-28T13:35:49.330-0500][gc,heap        ] GC(23656)  Metaspace       used 50313K, capacity 52468K, committed 53888K, reserved 1093632K
[2020-12-28T13:35:49.330-0500][gc,heap        ] GC(23656)   class space    used 7457K, capacity 8250K, committed 8832K, reserved 1048576K
[2020-12-28T13:35:49.330-0500][gc,start       ] GC(23656) Pause Young (Normal) (G1 Evacuation Pause)
[2020-12-28T13:35:49.330-0500][gc,task        ] GC(23656) Using 8 workers of 8 for evacuation
[2020-12-28T13:35:49.342-0500][gc,phases      ] GC(23656)   Pre Evacuate Collection Set: 0.0ms
[2020-12-28T13:35:49.342-0500][gc,phases      ] GC(23656)   Evacuate Collection Set: 5.7ms
[2020-12-28T13:35:49.342-0500][gc,phases      ] GC(23656)   Post Evacuate Collection Set: 6.2ms
[2020-12-28T13:35:49.342-0500][gc,phases      ] GC(23656)   Other: 0.4ms
[2020-12-28T13:35:49.342-0500][gc,heap        ] GC(23656) Eden regions: 8->0(8)
[2020-12-28T13:35:49.342-0500][gc,heap        ] GC(23656) Survivor regions: 1->1(2)
[2020-12-28T13:35:49.342-0500][gc,heap        ] GC(23656) Old regions: 42->42
[2020-12-28T13:35:49.342-0500][gc,heap        ] GC(23656) Humongous regions: 4->4
[2020-12-28T13:35:49.342-0500][gc,metaspace   ] GC(23656) Metaspace: 50313K->50313K(1093632K)
[2020-12-28T13:35:49.342-0500][gc,heap        ] GC(23656) Heap after GC invocations=23657 (full 5436): garbage-first heap   total 64512K, used 43399K [0x0000000083000000, 0x0000000100000000)
[2020-12-28T13:35:49.342-0500][gc,heap        ] GC(23656)   region size 1024K, 1 young (1024K), 1 survivors (1024K)
[2020-12-28T13:35:49.342-0500][gc,heap        ] GC(23656)  Metaspace       used 50313K, capacity 52468K, committed 53888K, reserved 1093632K
[2020-12-28T13:35:49.342-0500][gc,heap        ] GC(23656)   class space    used 7457K, capacity 8250K, committed 8832K, reserved 1048576K
[2020-12-28T13:35:49.342-0500][gc             ] GC(23656) Pause Young (Normal) (G1 Evacuation Pause) 50M->42M(63M) 12.521ms
[2020-12-28T13:35:49.342-0500][gc,cpu         ] GC(23656) User=0.07s Sys=0.01s Real=0.01s
[2020-12-28T13:36:45.192-0500][gc,task        ] GC(23657) Using 5 workers of 8 for full compaction
[2020-12-28T13:36:45.192-0500][gc,start       ] GC(23657) Pause Full (System.gc())
[2020-12-28T13:36:45.192-0500][gc,heap        ] GC(23657) Heap before GC invocations=23657 (full 5436): garbage-first heap   total 64512K, used 46471K [0x0000000083000000, 0x0000000100000000)
[2020-12-28T13:36:45.192-0500][gc,heap        ] GC(23657)   region size 1024K, 5 young (5120K), 1 survivors (1024K)
[2020-12-28T13:36:45.192-0500][gc,heap        ] GC(23657)  Metaspace       used 50313K, capacity 52468K, committed 53888K, reserved 1093632K
[2020-12-28T13:36:45.192-0500][gc,heap        ] GC(23657)   class space    used 7457K, capacity 8250K, committed 8832K, reserved 1048576K
[2020-12-28T13:36:45.193-0500][gc,phases,start] GC(23657) Phase 1: Mark live objects
[2020-12-28T13:36:45.241-0500][gc,stringtable ] GC(23657) Cleaned string and symbol table, strings: 33320 processed, 4 removed, symbols: 120973 processed, 0 removed
[2020-12-28T13:36:45.241-0500][gc,phases      ] GC(23657) Phase 1: Mark live objects 48.116ms
[2020-12-28T13:36:45.241-0500][gc,phases,start] GC(23657) Phase 2: Prepare for compaction
[2020-12-28T13:36:45.245-0500][gc,phases      ] GC(23657) Phase 2: Prepare for compaction 4.106ms
[2020-12-28T13:36:45.245-0500][gc,phases,start] GC(23657) Phase 3: Adjust pointers
[2020-12-28T13:36:45.256-0500][gc,phases      ] GC(23657) Phase 3: Adjust pointers 10.669ms
[2020-12-28T13:36:45.256-0500][gc,phases,start] GC(23657) Phase 4: Compact heap
[2020-12-28T13:36:45.259-0500][gc,phases      ] GC(23657) Phase 4: Compact heap 2.753ms
[2020-12-28T13:36:45.263-0500][gc,heap        ] GC(23657) Eden regions: 4->0(9)
[2020-12-28T13:36:45.263-0500][gc,heap        ] GC(23657) Survivor regions: 1->0(2)
[2020-12-28T13:36:45.263-0500][gc,heap        ] GC(23657) Old regions: 42->42
[2020-12-28T13:36:45.263-0500][gc,heap        ] GC(23657) Humongous regions: 4->4
[2020-12-28T13:36:45.263-0500][gc,metaspace   ] GC(23657) Metaspace: 50313K->50313K(1093632K)
[2020-12-28T13:36:45.263-0500][gc,heap        ] GC(23657) Heap after GC invocations=23658 (full 5437): garbage-first heap   total 64512K, used 43328K [0x0000000083000000, 0x0000000100000000)
[2020-12-28T13:36:45.263-0500][gc,heap        ] GC(23657)   region size 1024K, 0 young (0K), 0 survivors (0K)
[2020-12-28T13:36:45.263-0500][gc,heap        ] GC(23657)  Metaspace       used 50313K, capacity 52468K, committed 53888K, reserved 1093632K
[2020-12-28T13:36:45.263-0500][gc,heap        ] GC(23657)   class space    used 7457K, capacity 8250K, committed 8832K, reserved 1048576K
[2020-12-28T13:36:45.263-0500][gc             ] GC(23657) Pause Full (System.gc()) 45M->42M(63M) 71.511ms
[2020-12-28T13:36:45.263-0500][gc,cpu         ] GC(23657) User=0.31s Sys=0.00s Real=0.07s
[2020-12-28T13:38:49.063-0500][gc,heap        ] GC(23658) Heap before GC invocations=23658 (full 5437): garbage-first heap   total 64512K, used 52544K [0x0000000083000000, 0x0000000100000000)
[2020-12-28T13:38:49.063-0500][gc,heap        ] GC(23658)   region size 1024K, 9 young (9216K), 0 survivors (0K)
[2020-12-28T13:38:49.063-0500][gc,heap        ] GC(23658)  Metaspace       used 50313K, capacity 52468K, committed 53888K, reserved 1093632K
[2020-12-28T13:38:49.063-0500][gc,heap        ] GC(23658)   class space    used 7457K, capacity 8250K, committed 8832K, reserved 1048576K
[2020-12-28T13:38:49.063-0500][gc,start       ] GC(23658) Pause Young (Normal) (G1 Evacuation Pause)
[2020-12-28T13:38:49.063-0500][gc,task        ] GC(23658) Using 8 workers of 8 for evacuation
[2020-12-28T13:38:49.068-0500][gc,phases      ] GC(23658)   Pre Evacuate Collection Set: 0.0ms
[2020-12-28T13:38:49.068-0500][gc,phases      ] GC(23658)   Evacuate Collection Set: 1.7ms
[2020-12-28T13:38:49.068-0500][gc,phases      ] GC(23658)   Post Evacuate Collection Set: 2.4ms
[2020-12-28T13:38:49.068-0500][gc,phases      ] GC(23658)   Other: 0.4ms
[2020-12-28T13:38:49.068-0500][gc,heap        ] GC(23658) Eden regions: 9->0(8)
[2020-12-28T13:38:49.068-0500][gc,heap        ] GC(23658) Survivor regions: 0->1(2)
[2020-12-28T13:38:49.068-0500][gc,heap        ] GC(23658) Old regions: 42->42
[2020-12-28T13:38:49.068-0500][gc,heap        ] GC(23658) Humongous regions: 4->4
[2020-12-28T13:38:49.068-0500][gc,metaspace   ] GC(23658) Metaspace: 50313K->50313K(1093632K)
[2020-12-28T13:38:49.068-0500][gc,heap        ] GC(23658) Heap after GC invocations=23659 (full 5437): garbage-first heap   total 64512K, used 43401K [0x0000000083000000, 0x0000000100000000)
[2020-12-28T13:38:49.068-0500][gc,heap        ] GC(23658)   region size 1024K, 1 young (1024K), 1 survivors (1024K)
[2020-12-28T13:38:49.068-0500][gc,heap        ] GC(23658)  Metaspace       used 50313K, capacity 52468K, committed 53888K, reserved 1093632K
[2020-12-28T13:38:49.068-0500][gc,heap        ] GC(23658)   class space    used 7457K, capacity 8250K, committed 8832K, reserved 1048576K
[2020-12-28T13:38:49.068-0500][gc             ] GC(23658) Pause Young (Normal) (G1 Evacuation Pause) 51M->42M(63M) 4.911ms
[2020-12-28T13:38:49.068-0500][gc,cpu         ] GC(23658) User=0.01s Sys=0.01s Real=0.01s
[2020-12-28T13:40:42.891-0500][gc,heap        ] GC(23659) Heap before GC invocations=23659 (full 5437): garbage-first heap   total 64512K, used 50569K [0x0000000083000000, 0x0000000100000000)
[2020-12-28T13:40:42.891-0500][gc,heap        ] GC(23659)   region size 1024K, 9 young (9216K), 1 survivors (1024K)
[2020-12-28T13:40:42.891-0500][gc,heap        ] GC(23659)  Metaspace       used 50313K, capacity 52468K, committed 53888K, reserved 1093632K
[2020-12-28T13:40:42.891-0500][gc,heap        ] GC(23659)   class space    used 7457K, capacity 8250K, committed 8832K, reserved 1048576K
[2020-12-28T13:40:42.891-0500][gc,start       ] GC(23659) Pause Young (Normal) (G1 Evacuation Pause)
[2020-12-28T13:40:42.891-0500][gc,task        ] GC(23659) Using 8 workers of 8 for evacuation
[2020-12-28T13:40:42.895-0500][gc,phases      ] GC(23659)   Pre Evacuate Collection Set: 0.0ms
[2020-12-28T13:40:42.895-0500][gc,phases      ] GC(23659)   Evacuate Collection Set: 1.2ms
[2020-12-28T13:40:42.895-0500][gc,phases      ] GC(23659)   Post Evacuate Collection Set: 2.8ms
[2020-12-28T13:40:42.895-0500][gc,phases      ] GC(23659)   Other: 0.5ms
[2020-12-28T13:40:42.895-0500][gc,heap        ] GC(23659) Eden regions: 8->0(8)
[2020-12-28T13:40:42.895-0500][gc,heap        ] GC(23659) Survivor regions: 1->1(2)
[2020-12-28T13:40:42.895-0500][gc,heap        ] GC(23659) Old regions: 42->42
[2020-12-28T13:40:42.895-0500][gc,heap        ] GC(23659) Humongous regions: 4->4
[2020-12-28T13:40:42.895-0500][gc,metaspace   ] GC(23659) Metaspace: 50313K->50313K(1093632K)
[2020-12-28T13:40:42.896-0500][gc,heap        ] GC(23659) Heap after GC invocations=23660 (full 5437): garbage-first heap   total 64512K, used 43393K [0x0000000083000000, 0x0000000100000000)
[2020-12-28T13:40:42.896-0500][gc,heap        ] GC(23659)   region size 1024K, 1 young (1024K), 1 survivors (1024K)
[2020-12-28T13:40:42.896-0500][gc,heap        ] GC(23659)  Metaspace       used 50313K, capacity 52468K, committed 53888K, reserved 1093632K
[2020-12-28T13:40:42.896-0500][gc,heap        ] GC(23659)   class space    used 7457K, capacity 8250K, committed 8832K, reserved 1048576K
[2020-12-28T13:40:42.896-0500][gc             ] GC(23659) Pause Young (Normal) (G1 Evacuation Pause) 50M->42M(63M) 4.566ms
[2020-12-28T13:40:42.896-0500][gc,cpu         ] GC(23659) User=0.01s Sys=0.00s Real=0.00s
[2020-12-28T13:41:45.189-0500][gc,task        ] GC(23660) Using 5 workers of 8 for full compaction
[2020-12-28T13:41:45.189-0500][gc,start       ] GC(23660) Pause Full (System.gc())
[2020-12-28T13:41:45.189-0500][gc,heap        ] GC(23660) Heap before GC invocations=23660 (full 5437): garbage-first heap   total 64512K, used 47489K [0x0000000083000000, 0x0000000100000000)
[2020-12-28T13:41:45.189-0500][gc,heap        ] GC(23660)   region size 1024K, 6 young (6144K), 1 survivors (1024K)
[2020-12-28T13:41:45.189-0500][gc,heap        ] GC(23660)  Metaspace       used 50313K, capacity 52468K, committed 53888K, reserved 1093632K
[2020-12-28T13:41:45.189-0500][gc,heap        ] GC(23660)   class space    used 7457K, capacity 8250K, committed 8832K, reserved 1048576K
[2020-12-28T13:41:45.189-0500][gc,phases,start] GC(23660) Phase 1: Mark live objects
[2020-12-28T13:41:45.211-0500][gc,stringtable ] GC(23660) Cleaned string and symbol table, strings: 33320 processed, 4 removed, symbols: 120973 processed, 0 removed
[2020-12-28T13:41:45.211-0500][gc,phases      ] GC(23660) Phase 1: Mark live objects 21.962ms
[2020-12-28T13:41:45.211-0500][gc,phases,start] GC(23660) Phase 2: Prepare for compaction
[2020-12-28T13:41:45.214-0500][gc,phases      ] GC(23660) Phase 2: Prepare for compaction 3.330ms
[2020-12-28T13:41:45.214-0500][gc,phases,start] GC(23660) Phase 3: Adjust pointers
[2020-12-28T13:41:45.226-0500][gc,phases      ] GC(23660) Phase 3: Adjust pointers 11.588ms
[2020-12-28T13:41:45.226-0500][gc,phases,start] GC(23660) Phase 4: Compact heap
[2020-12-28T13:41:45.228-0500][gc,phases      ] GC(23660) Phase 4: Compact heap 2.387ms
[2020-12-28T13:41:45.233-0500][gc,heap        ] GC(23660) Eden regions: 5->0(9)
[2020-12-28T13:41:45.233-0500][gc,heap        ] GC(23660) Survivor regions: 1->0(2)
[2020-12-28T13:41:45.233-0500][gc,heap        ] GC(23660) Old regions: 42->42
[2020-12-28T13:41:45.233-0500][gc,heap        ] GC(23660) Humongous regions: 4->4
[2020-12-28T13:41:45.233-0500][gc,metaspace   ] GC(23660) Metaspace: 50313K->50313K(1093632K)
[2020-12-28T13:41:45.233-0500][gc,heap        ] GC(23660) Heap after GC invocations=23661 (full 5438): garbage-first heap   total 64512K, used 43327K [0x0000000083000000, 0x0000000100000000)
[2020-12-28T13:41:45.233-0500][gc,heap        ] GC(23660)   region size 1024K, 0 young (0K), 0 survivors (0K)
[2020-12-28T13:41:45.233-0500][gc,heap        ] GC(23660)  Metaspace       used 50313K, capacity 52468K, committed 53888K, reserved 1093632K
[2020-12-28T13:41:45.233-0500][gc,heap        ] GC(23660)   class space    used 7457K, capacity 8250K, committed 8832K, reserved 1048576K
[2020-12-28T13:41:45.233-0500][gc             ] GC(23660) Pause Full (System.gc()) 46M->42M(63M) 44.182ms
[2020-12-28T13:41:45.233-0500][gc,cpu         ] GC(23660) User=0.18s Sys=0.00s Real=0.04s
[2020-12-28T13:43:49.674-0500][gc,heap        ] GC(23661) Heap before GC invocations=23661 (full 5438): garbage-first heap   total 64512K, used 51519K [0x0000000083000000, 0x0000000100000000)
[2020-12-28T13:43:49.674-0500][gc,heap        ] GC(23661)   region size 1024K, 9 young (9216K), 0 survivors (0K)
[2020-12-28T13:43:49.674-0500][gc,heap        ] GC(23661)  Metaspace       used 50313K, capacity 52468K, committed 53888K, reserved 1093632K
[2020-12-28T13:43:49.674-0500][gc,heap        ] GC(23661)   class space    used 7457K, capacity 8250K, committed 8832K, reserved 1048576K
[2020-12-28T13:43:49.674-0500][gc,start       ] GC(23661) Pause Young (Normal) (G1 Evacuation Pause)
[2020-12-28T13:43:49.674-0500][gc,task        ] GC(23661) Using 8 workers of 8 for evacuation
[2020-12-28T13:43:49.676-0500][gc,phases      ] GC(23661)   Pre Evacuate Collection Set: 0.0ms
[2020-12-28T13:43:49.676-0500][gc,phases      ] GC(23661)   Evacuate Collection Set: 0.5ms
[2020-12-28T13:43:49.676-0500][gc,phases      ] GC(23661)   Post Evacuate Collection Set: 1.0ms
[2020-12-28T13:43:49.676-0500][gc,phases      ] GC(23661)   Other: 0.2ms
[2020-12-28T13:43:49.676-0500][gc,heap        ] GC(23661) Eden regions: 9->0(8)
[2020-12-28T13:43:49.676-0500][gc,heap        ] GC(23661) Survivor regions: 0->1(2)
[2020-12-28T13:43:49.676-0500][gc,heap        ] GC(23661) Old regions: 42->42
[2020-12-28T13:43:49.676-0500][gc,heap        ] GC(23661) Humongous regions: 4->4
[2020-12-28T13:43:49.676-0500][gc,metaspace   ] GC(23661) Metaspace: 50313K->50313K(1093632K)
[2020-12-28T13:43:49.676-0500][gc,heap        ] GC(23661) Heap after GC invocations=23662 (full 5438): garbage-first heap   total 64512K, used 43400K [0x0000000083000000, 0x0000000100000000)
[2020-12-28T13:43:49.676-0500][gc,heap        ] GC(23661)   region size 1024K, 1 young (1024K), 1 survivors (1024K)
[2020-12-28T13:43:49.676-0500][gc,heap        ] GC(23661)  Metaspace       used 50313K, capacity 52468K, committed 53888K, reserved 1093632K
[2020-12-28T13:43:49.676-0500][gc,heap        ] GC(23661)   class space    used 7457K, capacity 8250K, committed 8832K, reserved 1048576K
[2020-12-28T13:43:49.676-0500][gc             ] GC(23661) Pause Young (Normal) (G1 Evacuation Pause) 51M->42M(63M) 2.252ms
[2020-12-28T13:43:49.676-0500][gc,cpu         ] GC(23661) User=0.01s Sys=0.00s Real=0.00s
[2020-12-28T13:45:49.062-0500][gc,heap        ] GC(23662) Heap before GC invocations=23662 (full 5438): garbage-first heap   total 64512K, used 51592K [0x0000000083000000, 0x0000000100000000)
[2020-12-28T13:45:49.062-0500][gc,heap        ] GC(23662)   region size 1024K, 9 young (9216K), 1 survivors (1024K)
[2020-12-28T13:45:49.062-0500][gc,heap        ] GC(23662)  Metaspace       used 50313K, capacity 52468K, committed 53888K, reserved 1093632K
[2020-12-28T13:45:49.062-0500][gc,heap        ] GC(23662)   class space    used 7457K, capacity 8250K, committed 8832K, reserved 1048576K
[2020-12-28T13:45:49.062-0500][gc,start       ] GC(23662) Pause Young (Normal) (G1 Evacuation Pause)
[2020-12-28T13:45:49.062-0500][gc,task        ] GC(23662) Using 8 workers of 8 for evacuation
[2020-12-28T13:45:49.064-0500][gc,phases      ] GC(23662)   Pre Evacuate Collection Set: 0.0ms
[2020-12-28T13:45:49.064-0500][gc,phases      ] GC(23662)   Evacuate Collection Set: 0.6ms
[2020-12-28T13:45:49.064-0500][gc,phases      ] GC(23662)   Post Evacuate Collection Set: 1.5ms
[2020-12-28T13:45:49.064-0500][gc,phases      ] GC(23662)   Other: 0.2ms
[2020-12-28T13:45:49.064-0500][gc,heap        ] GC(23662) Eden regions: 8->0(8)
[2020-12-28T13:45:49.064-0500][gc,heap        ] GC(23662) Survivor regions: 1->1(2)
[2020-12-28T13:45:49.064-0500][gc,heap        ] GC(23662) Old regions: 42->42
[2020-12-28T13:45:49.064-0500][gc,heap        ] GC(23662) Humongous regions: 4->4
[2020-12-28T13:45:49.064-0500][gc,metaspace   ] GC(23662) Metaspace: 50313K->50313K(1093632K)
[2020-12-28T13:45:49.064-0500][gc,heap        ] GC(23662) Heap after GC invocations=23663 (full 5438): garbage-first heap   total 64512K, used 43396K [0x0000000083000000, 0x0000000100000000)
[2020-12-28T13:45:49.064-0500][gc,heap        ] GC(23662)   region size 1024K, 1 young (1024K), 1 survivors (1024K)
[2020-12-28T13:45:49.064-0500][gc,heap        ] GC(23662)  Metaspace       used 50313K, capacity 52468K, committed 53888K, reserved 1093632K
[2020-12-28T13:45:49.064-0500][gc,heap        ] GC(23662)   class space    used 7457K, capacity 8250K, committed 8832K, reserved 1048576K
[2020-12-28T13:45:49.064-0500][gc             ] GC(23662) Pause Young (Normal) (G1 Evacuation Pause) 50M->42M(63M) 2.409ms
[2020-12-28T13:45:49.064-0500][gc,cpu         ] GC(23662) User=0.00s Sys=0.00s Real=0.00s
[2020-12-28T13:46:45.191-0500][gc,task        ] GC(23663) Using 5 workers of 8 for full compaction
[2020-12-28T13:46:45.191-0500][gc,start       ] GC(23663) Pause Full (System.gc())
[2020-12-28T13:46:45.191-0500][gc,heap        ] GC(23663) Heap before GC invocations=23663 (full 5438): garbage-first heap   total 64512K, used 46468K [0x0000000083000000, 0x0000000100000000)
[2020-12-28T13:46:45.191-0500][gc,heap        ] GC(23663)   region size 1024K, 5 young (5120K), 1 survivors (1024K)
[2020-12-28T13:46:45.191-0500][gc,heap        ] GC(23663)  Metaspace       used 50313K, capacity 52468K, committed 53888K, reserved 1093632K
[2020-12-28T13:46:45.191-0500][gc,heap        ] GC(23663)   class space    used 7457K, capacity 8250K, committed 8832K, reserved 1048576K
[2020-12-28T13:46:45.192-0500][gc,phases,start] GC(23663) Phase 1: Mark live objects
[2020-12-28T13:46:45.232-0500][gc,stringtable ] GC(23663) Cleaned string and symbol table, strings: 33320 processed, 4 removed, symbols: 120973 processed, 0 removed
[2020-12-28T13:46:45.233-0500][gc,phases      ] GC(23663) Phase 1: Mark live objects 40.659ms
[2020-12-28T13:46:45.233-0500][gc,phases,start] GC(23663) Phase 2: Prepare for compaction
[2020-12-28T13:46:45.238-0500][gc,phases      ] GC(23663) Phase 2: Prepare for compaction 5.765ms
[2020-12-28T13:46:45.238-0500][gc,phases,start] GC(23663) Phase 3: Adjust pointers
[2020-12-28T13:46:45.249-0500][gc,phases      ] GC(23663) Phase 3: Adjust pointers 10.197ms
[2020-12-28T13:46:45.249-0500][gc,phases,start] GC(23663) Phase 4: Compact heap
[2020-12-28T13:46:45.251-0500][gc,phases      ] GC(23663) Phase 4: Compact heap 2.593ms
[2020-12-28T13:46:45.256-0500][gc,heap        ] GC(23663) Eden regions: 4->0(10)
[2020-12-28T13:46:45.256-0500][gc,heap        ] GC(23663) Survivor regions: 1->0(2)
[2020-12-28T13:46:45.256-0500][gc,heap        ] GC(23663) Old regions: 42->41
[2020-12-28T13:46:45.256-0500][gc,heap        ] GC(23663) Humongous regions: 4->4
[2020-12-28T13:46:45.256-0500][gc,metaspace   ] GC(23663) Metaspace: 50313K->50313K(1093632K)
[2020-12-28T13:46:45.256-0500][gc,heap        ] GC(23663) Heap after GC invocations=23664 (full 5439): garbage-first heap   total 64512K, used 43332K [0x0000000083000000, 0x0000000100000000)
[2020-12-28T13:46:45.256-0500][gc,heap        ] GC(23663)   region size 1024K, 0 young (0K), 0 survivors (0K)
[2020-12-28T13:46:45.256-0500][gc,heap        ] GC(23663)  Metaspace       used 50313K, capacity 52468K, committed 53888K, reserved 1093632K
[2020-12-28T13:46:45.256-0500][gc,heap        ] GC(23663)   class space    used 7457K, capacity 8250K, committed 8832K, reserved 1048576K
[2020-12-28T13:46:45.256-0500][gc             ] GC(23663) Pause Full (System.gc()) 46M->42M(63M) 64.485ms
[2020-12-28T13:46:45.256-0500][gc,cpu         ] GC(23663) User=0.29s Sys=0.00s Real=0.06s
[2020-12-28T13:49:02.124-0500][gc,heap        ] GC(23664) Heap before GC invocations=23664 (full 5439): garbage-first heap   total 64512K, used 53572K [0x0000000083000000, 0x0000000100000000)
[2020-12-28T13:49:02.124-0500][gc,heap        ] GC(23664)   region size 1024K, 10 young (10240K), 0 survivors (0K)
[2020-12-28T13:49:02.124-0500][gc,heap        ] GC(23664)  Metaspace       used 50313K, capacity 52468K, committed 53888K, reserved 1093632K
[2020-12-28T13:49:02.124-0500][gc,heap        ] GC(23664)   class space    used 7457K, capacity 8250K, committed 8832K, reserved 1048576K
[2020-12-28T13:49:02.124-0500][gc,start       ] GC(23664) Pause Young (Normal) (G1 Evacuation Pause)
[2020-12-28T13:49:02.124-0500][gc,task        ] GC(23664) Using 8 workers of 8 for evacuation
[2020-12-28T13:49:02.126-0500][gc,phases      ] GC(23664)   Pre Evacuate Collection Set: 0.0ms
[2020-12-28T13:49:02.126-0500][gc,phases      ] GC(23664)   Evacuate Collection Set: 1.0ms
[2020-12-28T13:49:02.126-0500][gc,phases      ] GC(23664)   Post Evacuate Collection Set: 1.2ms
[2020-12-28T13:49:02.126-0500][gc,phases      ] GC(23664)   Other: 0.3ms
[2020-12-28T13:49:02.126-0500][gc,heap        ] GC(23664) Eden regions: 10->0(9)
[2020-12-28T13:49:02.126-0500][gc,heap        ] GC(23664) Survivor regions: 0->1(2)
[2020-12-28T13:49:02.126-0500][gc,heap        ] GC(23664) Old regions: 41->41
[2020-12-28T13:49:02.126-0500][gc,heap        ] GC(23664) Humongous regions: 4->4
[2020-12-28T13:49:02.126-0500][gc,metaspace   ] GC(23664) Metaspace: 50313K->50313K(1093632K)
[2020-12-28T13:49:02.126-0500][gc,heap        ] GC(23664) Heap after GC invocations=23665 (full 5439): garbage-first heap   total 64512K, used 43404K [0x0000000083000000, 0x0000000100000000)
[2020-12-28T13:49:02.126-0500][gc,heap        ] GC(23664)   region size 1024K, 1 young (1024K), 1 survivors (1024K)
[2020-12-28T13:49:02.126-0500][gc,heap        ] GC(23664)  Metaspace       used 50313K, capacity 52468K, committed 53888K, reserved 1093632K
[2020-12-28T13:49:02.126-0500][gc,heap        ] GC(23664)   class space    used 7457K, capacity 8250K, committed 8832K, reserved 1048576K
[2020-12-28T13:49:02.126-0500][gc             ] GC(23664) Pause Young (Normal) (G1 Evacuation Pause) 52M->42M(63M) 2.487ms
[2020-12-28T13:49:02.126-0500][gc,cpu         ] GC(23664) User=0.01s Sys=0.00s Real=0.00s
[2020-12-28T13:51:15.129-0500][gc,heap        ] GC(23665) Heap before GC invocations=23665 (full 5439): garbage-first heap   total 64512K, used 52620K [0x0000000083000000, 0x0000000100000000)
[2020-12-28T13:51:15.129-0500][gc,heap        ] GC(23665)   region size 1024K, 10 young (10240K), 1 survivors (1024K)
[2020-12-28T13:51:15.129-0500][gc,heap        ] GC(23665)  Metaspace       used 50313K, capacity 52468K, committed 53888K, reserved 1093632K
[2020-12-28T13:51:15.129-0500][gc,heap        ] GC(23665)   class space    used 7457K, capacity 8250K, committed 8832K, reserved 1048576K
[2020-12-28T13:51:15.129-0500][gc,start       ] GC(23665) Pause Young (Normal) (G1 Evacuation Pause)
[2020-12-28T13:51:15.129-0500][gc,task        ] GC(23665) Using 8 workers of 8 for evacuation
[2020-12-28T13:51:15.134-0500][gc,phases      ] GC(23665)   Pre Evacuate Collection Set: 0.0ms
[2020-12-28T13:51:15.134-0500][gc,phases      ] GC(23665)   Evacuate Collection Set: 2.5ms
[2020-12-28T13:51:15.134-0500][gc,phases      ] GC(23665)   Post Evacuate Collection Set: 2.5ms
[2020-12-28T13:51:15.135-0500][gc,phases      ] GC(23665)   Other: 0.4ms
[2020-12-28T13:51:15.135-0500][gc,heap        ] GC(23665) Eden regions: 9->0(9)
[2020-12-28T13:51:15.135-0500][gc,heap        ] GC(23665) Survivor regions: 1->1(2)
[2020-12-28T13:51:15.135-0500][gc,heap        ] GC(23665) Old regions: 41->41
[2020-12-28T13:51:15.135-0500][gc,heap        ] GC(23665) Humongous regions: 4->4
[2020-12-28T13:51:15.135-0500][gc,metaspace   ] GC(23665) Metaspace: 50313K->50313K(1093632K)
[2020-12-28T13:51:15.135-0500][gc,heap        ] GC(23665) Heap after GC invocations=23666 (full 5439): garbage-first heap   total 64512K, used 43410K [0x0000000083000000, 0x0000000100000000)
[2020-12-28T13:51:15.135-0500][gc,heap        ] GC(23665)   region size 1024K, 1 young (1024K), 1 survivors (1024K)
[2020-12-28T13:51:15.135-0500][gc,heap        ] GC(23665)  Metaspace       used 50313K, capacity 52468K, committed 53888K, reserved 1093632K
[2020-12-28T13:51:15.135-0500][gc,heap        ] GC(23665)   class space    used 7457K, capacity 8250K, committed 8832K, reserved 1048576K
[2020-12-28T13:51:15.135-0500][gc             ] GC(23665) Pause Young (Normal) (G1 Evacuation Pause) 51M->42M(63M) 5.454ms
[2020-12-28T13:51:15.135-0500][gc,cpu         ] GC(23665) User=0.02s Sys=0.00s Real=0.00s
[2020-12-28T13:51:45.190-0500][gc,task        ] GC(23666) Using 5 workers of 8 for full compaction
[2020-12-28T13:51:45.190-0500][gc,start       ] GC(23666) Pause Full (System.gc())
[2020-12-28T13:51:45.190-0500][gc,heap        ] GC(23666) Heap before GC invocations=23666 (full 5439): garbage-first heap   total 64512K, used 45458K [0x0000000083000000, 0x0000000100000000)
[2020-12-28T13:51:45.190-0500][gc,heap        ] GC(23666)   region size 1024K, 4 young (4096K), 1 survivors (1024K)
[2020-12-28T13:51:45.190-0500][gc,heap        ] GC(23666)  Metaspace       used 50313K, capacity 52468K, committed 53888K, reserved 1093632K
[2020-12-28T13:51:45.190-0500][gc,heap        ] GC(23666)   class space    used 7457K, capacity 8250K, committed 8832K, reserved 1048576K
[2020-12-28T13:51:45.191-0500][gc,phases,start] GC(23666) Phase 1: Mark live objects
[2020-12-28T13:51:45.222-0500][gc,stringtable ] GC(23666) Cleaned string and symbol table, strings: 33320 processed, 4 removed, symbols: 120973 processed, 0 removed
[2020-12-28T13:51:45.222-0500][gc,phases      ] GC(23666) Phase 1: Mark live objects 31.357ms
[2020-12-28T13:51:45.222-0500][gc,phases,start] GC(23666) Phase 2: Prepare for compaction
[2020-12-28T13:51:45.257-0500][gc,phases      ] GC(23666) Phase 2: Prepare for compaction 35.288ms
[2020-12-28T13:51:45.257-0500][gc,phases,start] GC(23666) Phase 3: Adjust pointers
[2020-12-28T13:51:45.268-0500][gc,phases      ] GC(23666) Phase 3: Adjust pointers 10.813ms
[2020-12-28T13:51:45.268-0500][gc,phases,start] GC(23666) Phase 4: Compact heap
[2020-12-28T13:51:45.271-0500][gc,phases      ] GC(23666) Phase 4: Compact heap 2.918ms
[2020-12-28T13:51:45.276-0500][gc,heap        ] GC(23666) Eden regions: 3->0(10)
[2020-12-28T13:51:45.276-0500][gc,heap        ] GC(23666) Survivor regions: 1->0(2)
[2020-12-28T13:51:45.276-0500][gc,heap        ] GC(23666) Old regions: 41->41
[2020-12-28T13:51:45.276-0500][gc,heap        ] GC(23666) Humongous regions: 4->4
[2020-12-28T13:51:45.276-0500][gc,metaspace   ] GC(23666) Metaspace: 50313K->50313K(1093632K)
[2020-12-28T13:51:45.276-0500][gc,heap        ] GC(23666) Heap after GC invocations=23667 (full 5440): garbage-first heap   total 64512K, used 43319K [0x0000000083000000, 0x0000000100000000)
[2020-12-28T13:51:45.276-0500][gc,heap        ] GC(23666)   region size 1024K, 0 young (0K), 0 survivors (0K)
[2020-12-28T13:51:45.276-0500][gc,heap        ] GC(23666)  Metaspace       used 50313K, capacity 52468K, committed 53888K, reserved 1093632K
[2020-12-28T13:51:45.276-0500][gc,heap        ] GC(23666)   class space    used 7457K, capacity 8250K, committed 8832K, reserved 1048576K
[2020-12-28T13:51:45.276-0500][gc             ] GC(23666) Pause Full (System.gc()) 44M->42M(63M) 85.537ms
[2020-12-28T13:51:45.276-0500][gc,cpu         ] GC(23666) User=0.24s Sys=0.00s Real=0.08s
[2020-12-28T13:54:09.064-0500][gc,heap        ] GC(23667) Heap before GC invocations=23667 (full 5440): garbage-first heap   total 64512K, used 52535K [0x0000000083000000, 0x0000000100000000)
[2020-12-28T13:54:09.064-0500][gc,heap        ] GC(23667)   region size 1024K, 10 young (10240K), 0 survivors (0K)
[2020-12-28T13:54:09.064-0500][gc,heap        ] GC(23667)  Metaspace       used 50313K, capacity 52468K, committed 53888K, reserved 1093632K
[2020-12-28T13:54:09.064-0500][gc,heap        ] GC(23667)   class space    used 7457K, capacity 8250K, committed 8832K, reserved 1048576K
[2020-12-28T13:54:09.064-0500][gc,start       ] GC(23667) Pause Young (Normal) (G1 Evacuation Pause)
[2020-12-28T13:54:09.064-0500][gc,task        ] GC(23667) Using 8 workers of 8 for evacuation
[2020-12-28T13:54:09.068-0500][gc,phases      ] GC(23667)   Pre Evacuate Collection Set: 0.0ms
[2020-12-28T13:54:09.068-0500][gc,phases      ] GC(23667)   Evacuate Collection Set: 1.1ms
[2020-12-28T13:54:09.068-0500][gc,phases      ] GC(23667)   Post Evacuate Collection Set: 2.5ms
[2020-12-28T13:54:09.068-0500][gc,phases      ] GC(23667)   Other: 0.5ms
[2020-12-28T13:54:09.068-0500][gc,heap        ] GC(23667) Eden regions: 10->0(9)
[2020-12-28T13:54:09.068-0500][gc,heap        ] GC(23667) Survivor regions: 0->1(2)
[2020-12-28T13:54:09.068-0500][gc,heap        ] GC(23667) Old regions: 41->41
[2020-12-28T13:54:09.068-0500][gc,heap        ] GC(23667) Humongous regions: 4->4
[2020-12-28T13:54:09.068-0500][gc,metaspace   ] GC(23667) Metaspace: 50313K->50313K(1093632K)
[2020-12-28T13:54:09.068-0500][gc,heap        ] GC(23667) Heap after GC invocations=23668 (full 5440): garbage-first heap   total 64512K, used 43417K [0x0000000083000000, 0x0000000100000000)
[2020-12-28T13:54:09.068-0500][gc,heap        ] GC(23667)   region size 1024K, 1 young (1024K), 1 survivors (1024K)
[2020-12-28T13:54:09.068-0500][gc,heap        ] GC(23667)  Metaspace       used 50313K, capacity 52468K, committed 53888K, reserved 1093632K
[2020-12-28T13:54:09.069-0500][gc,heap        ] GC(23667)   class space    used 7457K, capacity 8250K, committed 8832K, reserved 1048576K
[2020-12-28T13:54:09.069-0500][gc             ] GC(23667) Pause Young (Normal) (G1 Evacuation Pause) 52M->42M(63M) 4.125ms
[2020-12-28T13:54:09.069-0500][gc,cpu         ] GC(23667) User=0.00s Sys=0.00s Real=0.01s
[2020-12-28T13:56:19.060-0500][gc,heap        ] GC(23668) Heap before GC invocations=23668 (full 5440): garbage-first heap   total 64512K, used 51609K [0x0000000083000000, 0x0000000100000000)
[2020-12-28T13:56:19.060-0500][gc,heap        ] GC(23668)   region size 1024K, 10 young (10240K), 1 survivors (1024K)
[2020-12-28T13:56:19.060-0500][gc,heap        ] GC(23668)  Metaspace       used 50313K, capacity 52468K, committed 53888K, reserved 1093632K
[2020-12-28T13:56:19.060-0500][gc,heap        ] GC(23668)   class space    used 7457K, capacity 8250K, committed 8832K, reserved 1048576K
[2020-12-28T13:56:19.060-0500][gc,start       ] GC(23668) Pause Young (Normal) (G1 Evacuation Pause)
[2020-12-28T13:56:19.060-0500][gc,task        ] GC(23668) Using 8 workers of 8 for evacuation
[2020-12-28T13:56:19.066-0500][gc,phases      ] GC(23668)   Pre Evacuate Collection Set: 0.0ms
[2020-12-28T13:56:19.066-0500][gc,phases      ] GC(23668)   Evacuate Collection Set: 1.0ms
[2020-12-28T13:56:19.066-0500][gc,phases      ] GC(23668)   Post Evacuate Collection Set: 4.1ms
[2020-12-28T13:56:19.066-0500][gc,phases      ] GC(23668)   Other: 0.2ms
[2020-12-28T13:56:19.066-0500][gc,heap        ] GC(23668) Eden regions: 9->0(9)
[2020-12-28T13:56:19.066-0500][gc,heap        ] GC(23668) Survivor regions: 1->1(2)
[2020-12-28T13:56:19.066-0500][gc,heap        ] GC(23668) Old regions: 41->41
[2020-12-28T13:56:19.066-0500][gc,heap        ] GC(23668) Humongous regions: 4->4
[2020-12-28T13:56:19.066-0500][gc,metaspace   ] GC(23668) Metaspace: 50313K->50313K(1093632K)
[2020-12-28T13:56:19.066-0500][gc,heap        ] GC(23668) Heap after GC invocations=23669 (full 5440): garbage-first heap   total 64512K, used 43410K [0x0000000083000000, 0x0000000100000000)
[2020-12-28T13:56:19.066-0500][gc,heap        ] GC(23668)   region size 1024K, 1 young (1024K), 1 survivors (1024K)
[2020-12-28T13:56:19.066-0500][gc,heap        ] GC(23668)  Metaspace       used 50313K, capacity 52468K, committed 53888K, reserved 1093632K
[2020-12-28T13:56:19.066-0500][gc,heap        ] GC(23668)   class space    used 7457K, capacity 8250K, committed 8832K, reserved 1048576K
[2020-12-28T13:56:19.066-0500][gc             ] GC(23668) Pause Young (Normal) (G1 Evacuation Pause) 51M->42M(63M) 5.331ms
[2020-12-28T13:56:19.066-0500][gc,cpu         ] GC(23668) User=0.01s Sys=0.00s Real=0.00s
[2020-12-28T13:56:45.189-0500][gc,task        ] GC(23669) Using 5 workers of 8 for full compaction
[2020-12-28T13:56:45.189-0500][gc,start       ] GC(23669) Pause Full (System.gc())
[2020-12-28T13:56:45.189-0500][gc,heap        ] GC(23669) Heap before GC invocations=23669 (full 5440): garbage-first heap   total 64512K, used 43410K [0x0000000083000000, 0x0000000100000000)
[2020-12-28T13:56:45.189-0500][gc,heap        ] GC(23669)   region size 1024K, 3 young (3072K), 1 survivors (1024K)
[2020-12-28T13:56:45.189-0500][gc,heap        ] GC(23669)  Metaspace       used 50313K, capacity 52468K, committed 53888K, reserved 1093632K
[2020-12-28T13:56:45.189-0500][gc,heap        ] GC(23669)   class space    used 7457K, capacity 8250K, committed 8832K, reserved 1048576K
[2020-12-28T13:56:45.190-0500][gc,phases,start] GC(23669) Phase 1: Mark live objects
[2020-12-28T13:56:45.212-0500][gc,stringtable ] GC(23669) Cleaned string and symbol table, strings: 33320 processed, 4 removed, symbols: 120973 processed, 0 removed
[2020-12-28T13:56:45.212-0500][gc,phases      ] GC(23669) Phase 1: Mark live objects 22.314ms
[2020-12-28T13:56:45.212-0500][gc,phases,start] GC(23669) Phase 2: Prepare for compaction
[2020-12-28T13:56:45.216-0500][gc,phases      ] GC(23669) Phase 2: Prepare for compaction 3.859ms
[2020-12-28T13:56:45.216-0500][gc,phases,start] GC(23669) Phase 3: Adjust pointers
[2020-12-28T13:56:45.227-0500][gc,phases      ] GC(23669) Phase 3: Adjust pointers 10.706ms
[2020-12-28T13:56:45.227-0500][gc,phases,start] GC(23669) Phase 4: Compact heap
[2020-12-28T13:56:45.230-0500][gc,phases      ] GC(23669) Phase 4: Compact heap 2.851ms
[2020-12-28T13:56:45.234-0500][gc,heap        ] GC(23669) Eden regions: 2->0(10)
[2020-12-28T13:56:45.234-0500][gc,heap        ] GC(23669) Survivor regions: 1->0(2)
[2020-12-28T13:56:45.234-0500][gc,heap        ] GC(23669) Old regions: 41->41
[2020-12-28T13:56:45.234-0500][gc,heap        ] GC(23669) Humongous regions: 4->4
[2020-12-28T13:56:45.234-0500][gc,metaspace   ] GC(23669) Metaspace: 50313K->50313K(1093632K)
[2020-12-28T13:56:45.234-0500][gc,heap        ] GC(23669) Heap after GC invocations=23670 (full 5441): garbage-first heap   total 64512K, used 43315K [0x0000000083000000, 0x0000000100000000)
[2020-12-28T13:56:45.234-0500][gc,heap        ] GC(23669)   region size 1024K, 0 young (0K), 0 survivors (0K)
[2020-12-28T13:56:45.234-0500][gc,heap        ] GC(23669)  Metaspace       used 50313K, capacity 52468K, committed 53888K, reserved 1093632K
[2020-12-28T13:56:45.234-0500][gc,heap        ] GC(23669)   class space    used 7457K, capacity 8250K, committed 8832K, reserved 1048576K
[2020-12-28T13:56:45.234-0500][gc             ] GC(23669) Pause Full (System.gc()) 43M->42M(63M) 45.085ms
[2020-12-28T13:56:45.235-0500][gc,cpu         ] GC(23669) User=0.20s Sys=0.00s Real=0.04s
[2020-12-28T13:59:09.065-0500][gc,heap        ] GC(23670) Heap before GC invocations=23670 (full 5441): garbage-first heap   total 64512K, used 52531K [0x0000000083000000, 0x0000000100000000)
[2020-12-28T13:59:09.065-0500][gc,heap        ] GC(23670)   region size 1024K, 10 young (10240K), 0 survivors (0K)
[2020-12-28T13:59:09.065-0500][gc,heap        ] GC(23670)  Metaspace       used 50313K, capacity 52468K, committed 53888K, reserved 1093632K
[2020-12-28T13:59:09.065-0500][gc,heap        ] GC(23670)   class space    used 7457K, capacity 8250K, committed 8832K, reserved 1048576K
[2020-12-28T13:59:09.065-0500][gc,start       ] GC(23670) Pause Young (Normal) (G1 Evacuation Pause)
[2020-12-28T13:59:09.065-0500][gc,task        ] GC(23670) Using 8 workers of 8 for evacuation
[2020-12-28T13:59:09.072-0500][gc,phases      ] GC(23670)   Pre Evacuate Collection Set: 0.0ms
[2020-12-28T13:59:09.072-0500][gc,phases      ] GC(23670)   Evacuate Collection Set: 1.5ms
[2020-12-28T13:59:09.072-0500][gc,phases      ] GC(23670)   Post Evacuate Collection Set: 5.4ms
[2020-12-28T13:59:09.072-0500][gc,phases      ] GC(23670)   Other: 0.5ms
[2020-12-28T13:59:09.072-0500][gc,heap        ] GC(23670) Eden regions: 10->0(9)
[2020-12-28T13:59:09.072-0500][gc,heap        ] GC(23670) Survivor regions: 0->1(2)
[2020-12-28T13:59:09.072-0500][gc,heap        ] GC(23670) Old regions: 41->41
[2020-12-28T13:59:09.072-0500][gc,heap        ] GC(23670) Humongous regions: 4->4
[2020-12-28T13:59:09.072-0500][gc,metaspace   ] GC(23670) Metaspace: 50313K->50313K(1093632K)
[2020-12-28T13:59:09.073-0500][gc,heap        ] GC(23670) Heap after GC invocations=23671 (full 5441): garbage-first heap   total 64512K, used 43411K [0x0000000083000000, 0x0000000100000000)
[2020-12-28T13:59:09.073-0500][gc,heap        ] GC(23670)   region size 1024K, 1 young (1024K), 1 survivors (1024K)
[2020-12-28T13:59:09.073-0500][gc,heap        ] GC(23670)  Metaspace       used 50313K, capacity 52468K, committed 53888K, reserved 1093632K
[2020-12-28T13:59:09.073-0500][gc,heap        ] GC(23670)   class space    used 7457K, capacity 8250K, committed 8832K, reserved 1048576K
[2020-12-28T13:59:09.073-0500][gc             ] GC(23670) Pause Young (Normal) (G1 Evacuation Pause) 52M->42M(63M) 7.697ms
[2020-12-28T13:59:09.073-0500][gc,cpu         ] GC(23670) User=0.03s Sys=0.00s Real=0.01s
[2020-12-28T14:01:19.065-0500][gc,heap        ] GC(23671) Heap before GC invocations=23671 (full 5441): garbage-first heap   total 64512K, used 51603K [0x0000000083000000, 0x0000000100000000)
[2020-12-28T14:01:19.065-0500][gc,heap        ] GC(23671)   region size 1024K, 10 young (10240K), 1 survivors (1024K)
[2020-12-28T14:01:19.065-0500][gc,heap        ] GC(23671)  Metaspace       used 50313K, capacity 52468K, committed 53888K, reserved 1093632K
[2020-12-28T14:01:19.065-0500][gc,heap        ] GC(23671)   class space    used 7457K, capacity 8250K, committed 8832K, reserved 1048576K
[2020-12-28T14:01:19.066-0500][gc,start       ] GC(23671) Pause Young (Normal) (G1 Evacuation Pause)
[2020-12-28T14:01:19.066-0500][gc,task        ] GC(23671) Using 8 workers of 8 for evacuation
[2020-12-28T14:01:19.068-0500][gc,phases      ] GC(23671)   Pre Evacuate Collection Set: 0.0ms
[2020-12-28T14:01:19.068-0500][gc,phases      ] GC(23671)   Evacuate Collection Set: 0.8ms
[2020-12-28T14:01:19.068-0500][gc,phases      ] GC(23671)   Post Evacuate Collection Set: 1.3ms
[2020-12-28T14:01:19.068-0500][gc,phases      ] GC(23671)   Other: 0.3ms
[2020-12-28T14:01:19.068-0500][gc,heap        ] GC(23671) Eden regions: 9->0(9)
[2020-12-28T14:01:19.068-0500][gc,heap        ] GC(23671) Survivor regions: 1->1(2)
[2020-12-28T14:01:19.068-0500][gc,heap        ] GC(23671) Old regions: 41->41
[2020-12-28T14:01:19.068-0500][gc,heap        ] GC(23671) Humongous regions: 4->4
[2020-12-28T14:01:19.068-0500][gc,metaspace   ] GC(23671) Metaspace: 50313K->50313K(1093632K)
[2020-12-28T14:01:19.068-0500][gc,heap        ] GC(23671) Heap after GC invocations=23672 (full 5441): garbage-first heap   total 64512K, used 43391K [0x0000000083000000, 0x0000000100000000)
[2020-12-28T14:01:19.068-0500][gc,heap        ] GC(23671)   region size 1024K, 1 young (1024K), 1 survivors (1024K)
[2020-12-28T14:01:19.068-0500][gc,heap        ] GC(23671)  Metaspace       used 50313K, capacity 52468K, committed 53888K, reserved 1093632K
[2020-12-28T14:01:19.068-0500][gc,heap        ] GC(23671)   class space    used 7457K, capacity 8250K, committed 8832K, reserved 1048576K
[2020-12-28T14:01:19.068-0500][gc             ] GC(23671) Pause Young (Normal) (G1 Evacuation Pause) 51M->42M(63M) 2.557ms
[2020-12-28T14:01:19.068-0500][gc,cpu         ] GC(23671) User=0.00s Sys=0.01s Real=0.01s
[2020-12-28T14:01:45.189-0500][gc,task        ] GC(23672) Using 5 workers of 8 for full compaction
[2020-12-28T14:01:45.189-0500][gc,start       ] GC(23672) Pause Full (System.gc())
[2020-12-28T14:01:45.189-0500][gc,heap        ] GC(23672) Heap before GC invocations=23672 (full 5441): garbage-first heap   total 64512K, used 44415K [0x0000000083000000, 0x0000000100000000)
[2020-12-28T14:01:45.189-0500][gc,heap        ] GC(23672)   region size 1024K, 3 young (3072K), 1 survivors (1024K)
[2020-12-28T14:01:45.190-0500][gc,heap        ] GC(23672)  Metaspace       used 50313K, capacity 52468K, committed 53888K, reserved 1093632K
[2020-12-28T14:01:45.190-0500][gc,heap        ] GC(23672)   class space    used 7457K, capacity 8250K, committed 8832K, reserved 1048576K
[2020-12-28T14:01:45.190-0500][gc,phases,start] GC(23672) Phase 1: Mark live objects
[2020-12-28T14:01:45.225-0500][gc,stringtable ] GC(23672) Cleaned string and symbol table, strings: 33320 processed, 4 removed, symbols: 120973 processed, 0 removed
[2020-12-28T14:01:45.225-0500][gc,phases      ] GC(23672) Phase 1: Mark live objects 34.908ms
[2020-12-28T14:01:45.225-0500][gc,phases,start] GC(23672) Phase 2: Prepare for compaction
[2020-12-28T14:01:45.229-0500][gc,phases      ] GC(23672) Phase 2: Prepare for compaction 4.598ms
[2020-12-28T14:01:45.230-0500][gc,phases,start] GC(23672) Phase 3: Adjust pointers
[2020-12-28T14:01:45.241-0500][gc,phases      ] GC(23672) Phase 3: Adjust pointers 11.063ms
[2020-12-28T14:01:45.241-0500][gc,phases,start] GC(23672) Phase 4: Compact heap
[2020-12-28T14:01:45.244-0500][gc,phases      ] GC(23672) Phase 4: Compact heap 3.329ms
[2020-12-28T14:01:45.250-0500][gc,heap        ] GC(23672) Eden regions: 2->0(9)
[2020-12-28T14:01:45.250-0500][gc,heap        ] GC(23672) Survivor regions: 1->0(2)
[2020-12-28T14:01:45.250-0500][gc,heap        ] GC(23672) Old regions: 41->42
[2020-12-28T14:01:45.250-0500][gc,heap        ] GC(23672) Humongous regions: 4->4
[2020-12-28T14:01:45.250-0500][gc,metaspace   ] GC(23672) Metaspace: 50313K->50313K(1093632K)
[2020-12-28T14:01:45.250-0500][gc,heap        ] GC(23672) Heap after GC invocations=23673 (full 5442): garbage-first heap   total 64512K, used 43322K [0x0000000083000000, 0x0000000100000000)
[2020-12-28T14:01:45.250-0500][gc,heap        ] GC(23672)   region size 1024K, 0 young (0K), 0 survivors (0K)
[2020-12-28T14:01:45.250-0500][gc,heap        ] GC(23672)  Metaspace       used 50313K, capacity 52468K, committed 53888K, reserved 1093632K
[2020-12-28T14:01:45.250-0500][gc,heap        ] GC(23672)   class space    used 7457K, capacity 8250K, committed 8832K, reserved 1048576K
[2020-12-28T14:01:45.250-0500][gc             ] GC(23672) Pause Full (System.gc()) 44M->42M(63M) 60.431ms
[2020-12-28T14:01:45.250-0500][gc,cpu         ] GC(23672) User=0.27s Sys=0.00s Real=0.06s
[2020-12-28T14:03:59.060-0500][gc,heap        ] GC(23673) Heap before GC invocations=23673 (full 5442): garbage-first heap   total 64512K, used 52538K [0x0000000083000000, 0x0000000100000000)
[2020-12-28T14:03:59.060-0500][gc,heap        ] GC(23673)   region size 1024K, 9 young (9216K), 0 survivors (0K)
[2020-12-28T14:03:59.060-0500][gc,heap        ] GC(23673)  Metaspace       used 50313K, capacity 52468K, committed 53888K, reserved 1093632K
[2020-12-28T14:03:59.060-0500][gc,heap        ] GC(23673)   class space    used 7457K, capacity 8250K, committed 8832K, reserved 1048576K
[2020-12-28T14:03:59.060-0500][gc,start       ] GC(23673) Pause Young (Normal) (G1 Evacuation Pause)
[2020-12-28T14:03:59.060-0500][gc,task        ] GC(23673) Using 8 workers of 8 for evacuation
[2020-12-28T14:03:59.063-0500][gc,phases      ] GC(23673)   Pre Evacuate Collection Set: 0.0ms
[2020-12-28T14:03:59.063-0500][gc,phases      ] GC(23673)   Evacuate Collection Set: 0.9ms
[2020-12-28T14:03:59.063-0500][gc,phases      ] GC(23673)   Post Evacuate Collection Set: 1.9ms
[2020-12-28T14:03:59.063-0500][gc,phases      ] GC(23673)   Other: 0.3ms
[2020-12-28T14:03:59.063-0500][gc,heap        ] GC(23673) Eden regions: 9->0(8)
[2020-12-28T14:03:59.063-0500][gc,heap        ] GC(23673) Survivor regions: 0->1(2)
[2020-12-28T14:03:59.063-0500][gc,heap        ] GC(23673) Old regions: 42->42
[2020-12-28T14:03:59.063-0500][gc,heap        ] GC(23673) Humongous regions: 4->4
[2020-12-28T14:03:59.063-0500][gc,metaspace   ] GC(23673) Metaspace: 50313K->50313K(1093632K)
[2020-12-28T14:03:59.063-0500][gc,heap        ] GC(23673) Heap after GC invocations=23674 (full 5442): garbage-first heap   total 64512K, used 43404K [0x0000000083000000, 0x0000000100000000)
[2020-12-28T14:03:59.063-0500][gc,heap        ] GC(23673)   region size 1024K, 1 young (1024K), 1 survivors (1024K)
[2020-12-28T14:03:59.063-0500][gc,heap        ] GC(23673)  Metaspace       used 50313K, capacity 52468K, committed 53888K, reserved 1093632K
[2020-12-28T14:03:59.063-0500][gc,heap        ] GC(23673)   class space    used 7457K, capacity 8250K, committed 8832K, reserved 1048576K
[2020-12-28T14:03:59.063-0500][gc             ] GC(23673) Pause Young (Normal) (G1 Evacuation Pause) 51M->42M(63M) 3.467ms
[2020-12-28T14:03:59.064-0500][gc,cpu         ] GC(23673) User=0.00s Sys=0.00s Real=0.00s
[2020-12-28T14:05:50.758-0500][gc,heap        ] GC(23674) Heap before GC invocations=23674 (full 5442): garbage-first heap   total 64512K, used 50572K [0x0000000083000000, 0x0000000100000000)
[2020-12-28T14:05:50.758-0500][gc,heap        ] GC(23674)   region size 1024K, 9 young (9216K), 1 survivors (1024K)
[2020-12-28T14:05:50.758-0500][gc,heap        ] GC(23674)  Metaspace       used 50313K, capacity 52468K, committed 53888K, reserved 1093632K
[2020-12-28T14:05:50.758-0500][gc,heap        ] GC(23674)   class space    used 7457K, capacity 8250K, committed 8832K, reserved 1048576K
[2020-12-28T14:05:50.758-0500][gc,start       ] GC(23674) Pause Young (Normal) (G1 Evacuation Pause)
[2020-12-28T14:05:50.758-0500][gc,task        ] GC(23674) Using 8 workers of 8 for evacuation
[2020-12-28T14:05:50.762-0500][gc,phases      ] GC(23674)   Pre Evacuate Collection Set: 0.0ms
[2020-12-28T14:05:50.762-0500][gc,phases      ] GC(23674)   Evacuate Collection Set: 1.8ms
[2020-12-28T14:05:50.762-0500][gc,phases      ] GC(23674)   Post Evacuate Collection Set: 2.2ms
[2020-12-28T14:05:50.762-0500][gc,phases      ] GC(23674)   Other: 0.5ms
[2020-12-28T14:05:50.762-0500][gc,heap        ] GC(23674) Eden regions: 8->0(8)
[2020-12-28T14:05:50.762-0500][gc,heap        ] GC(23674) Survivor regions: 1->1(2)
[2020-12-28T14:05:50.762-0500][gc,heap        ] GC(23674) Old regions: 42->42
[2020-12-28T14:05:50.762-0500][gc,heap        ] GC(23674) Humongous regions: 4->4
[2020-12-28T14:05:50.763-0500][gc,metaspace   ] GC(23674) Metaspace: 50313K->50313K(1093632K)
[2020-12-28T14:05:50.763-0500][gc,heap        ] GC(23674) Heap after GC invocations=23675 (full 5442): garbage-first heap   total 64512K, used 43379K [0x0000000083000000, 0x0000000100000000)
[2020-12-28T14:05:50.763-0500][gc,heap        ] GC(23674)   region size 1024K, 1 young (1024K), 1 survivors (1024K)
[2020-12-28T14:05:50.763-0500][gc,heap        ] GC(23674)  Metaspace       used 50313K, capacity 52468K, committed 53888K, reserved 1093632K
[2020-12-28T14:05:50.763-0500][gc,heap        ] GC(23674)   class space    used 7457K, capacity 8250K, committed 8832K, reserved 1048576K
[2020-12-28T14:05:50.763-0500][gc             ] GC(23674) Pause Young (Normal) (G1 Evacuation Pause) 50M->42M(63M) 4.647ms
[2020-12-28T14:05:50.763-0500][gc,cpu         ] GC(23674) User=0.01s Sys=0.01s Real=0.00s
[2020-12-28T14:06:45.191-0500][gc,task        ] GC(23675) Using 5 workers of 8 for full compaction
[2020-12-28T14:06:45.191-0500][gc,start       ] GC(23675) Pause Full (System.gc())
[2020-12-28T14:06:45.191-0500][gc,heap        ] GC(23675) Heap before GC invocations=23675 (full 5442): garbage-first heap   total 64512K, used 46451K [0x0000000083000000, 0x0000000100000000)
[2020-12-28T14:06:45.191-0500][gc,heap        ] GC(23675)   region size 1024K, 5 young (5120K), 1 survivors (1024K)
[2020-12-28T14:06:45.191-0500][gc,heap        ] GC(23675)  Metaspace       used 50313K, capacity 52468K, committed 53888K, reserved 1093632K
[2020-12-28T14:06:45.191-0500][gc,heap        ] GC(23675)   class space    used 7457K, capacity 8250K, committed 8832K, reserved 1048576K
[2020-12-28T14:06:45.191-0500][gc,phases,start] GC(23675) Phase 1: Mark live objects
[2020-12-28T14:06:45.218-0500][gc,stringtable ] GC(23675) Cleaned string and symbol table, strings: 33320 processed, 4 removed, symbols: 120973 processed, 0 removed
[2020-12-28T14:06:45.218-0500][gc,phases      ] GC(23675) Phase 1: Mark live objects 26.834ms
[2020-12-28T14:06:45.218-0500][gc,phases,start] GC(23675) Phase 2: Prepare for compaction
[2020-12-28T14:06:45.223-0500][gc,phases      ] GC(23675) Phase 2: Prepare for compaction 4.937ms
[2020-12-28T14:06:45.223-0500][gc,phases,start] GC(23675) Phase 3: Adjust pointers
[2020-12-28T14:06:45.236-0500][gc,phases      ] GC(23675) Phase 3: Adjust pointers 12.252ms
[2020-12-28T14:06:45.236-0500][gc,phases,start] GC(23675) Phase 4: Compact heap
[2020-12-28T14:06:45.243-0500][gc,phases      ] GC(23675) Phase 4: Compact heap 7.642ms
[2020-12-28T14:06:45.249-0500][gc,heap        ] GC(23675) Eden regions: 4->0(9)
[2020-12-28T14:06:45.249-0500][gc,heap        ] GC(23675) Survivor regions: 1->0(2)
[2020-12-28T14:06:45.249-0500][gc,heap        ] GC(23675) Old regions: 42->42
[2020-12-28T14:06:45.249-0500][gc,heap        ] GC(23675) Humongous regions: 4->4
[2020-12-28T14:06:45.249-0500][gc,metaspace   ] GC(23675) Metaspace: 50313K->50313K(1093632K)
[2020-12-28T14:06:45.249-0500][gc,heap        ] GC(23675) Heap after GC invocations=23676 (full 5443): garbage-first heap   total 64512K, used 43339K [0x0000000083000000, 0x0000000100000000)
[2020-12-28T14:06:45.249-0500][gc,heap        ] GC(23675)   region size 1024K, 0 young (0K), 0 survivors (0K)
[2020-12-28T14:06:45.249-0500][gc,heap        ] GC(23675)  Metaspace       used 50313K, capacity 52468K, committed 53888K, reserved 1093632K
[2020-12-28T14:06:45.249-0500][gc,heap        ] GC(23675)   class space    used 7457K, capacity 8250K, committed 8832K, reserved 1048576K
[2020-12-28T14:06:45.249-0500][gc             ] GC(23675) Pause Full (System.gc()) 46M->42M(63M) 58.087ms
[2020-12-28T14:06:45.249-0500][gc,cpu         ] GC(23675) User=0.24s Sys=0.00s Real=0.06s
[2020-12-28T14:08:49.063-0500][gc,heap        ] GC(23676) Heap before GC invocations=23676 (full 5443): garbage-first heap   total 64512K, used 52555K [0x0000000083000000, 0x0000000100000000)
[2020-12-28T14:08:49.063-0500][gc,heap        ] GC(23676)   region size 1024K, 9 young (9216K), 0 survivors (0K)
[2020-12-28T14:08:49.063-0500][gc,heap        ] GC(23676)  Metaspace       used 50313K, capacity 52468K, committed 53888K, reserved 1093632K
[2020-12-28T14:08:49.063-0500][gc,heap        ] GC(23676)   class space    used 7457K, capacity 8250K, committed 8832K, reserved 1048576K
[2020-12-28T14:08:49.063-0500][gc,start       ] GC(23676) Pause Young (Normal) (G1 Evacuation Pause)
[2020-12-28T14:08:49.063-0500][gc,task        ] GC(23676) Using 8 workers of 8 for evacuation
[2020-12-28T14:08:49.068-0500][gc,phases      ] GC(23676)   Pre Evacuate Collection Set: 0.1ms
[2020-12-28T14:08:49.068-0500][gc,phases      ] GC(23676)   Evacuate Collection Set: 2.0ms
[2020-12-28T14:08:49.068-0500][gc,phases      ] GC(23676)   Post Evacuate Collection Set: 2.7ms
[2020-12-28T14:08:49.068-0500][gc,phases      ] GC(23676)   Other: 0.5ms
[2020-12-28T14:08:49.068-0500][gc,heap        ] GC(23676) Eden regions: 9->0(8)
[2020-12-28T14:08:49.068-0500][gc,heap        ] GC(23676) Survivor regions: 0->1(2)
[2020-12-28T14:08:49.068-0500][gc,heap        ] GC(23676) Old regions: 42->42
[2020-12-28T14:08:49.068-0500][gc,heap        ] GC(23676) Humongous regions: 4->4
[2020-12-28T14:08:49.068-0500][gc,metaspace   ] GC(23676) Metaspace: 50313K->50313K(1093632K)
[2020-12-28T14:08:49.068-0500][gc,heap        ] GC(23676) Heap after GC invocations=23677 (full 5443): garbage-first heap   total 64512K, used 43422K [0x0000000083000000, 0x0000000100000000)
[2020-12-28T14:08:49.068-0500][gc,heap        ] GC(23676)   region size 1024K, 1 young (1024K), 1 survivors (1024K)
[2020-12-28T14:08:49.068-0500][gc,heap        ] GC(23676)  Metaspace       used 50313K, capacity 52468K, committed 53888K, reserved 1093632K
[2020-12-28T14:08:49.069-0500][gc,heap        ] GC(23676)   class space    used 7457K, capacity 8250K, committed 8832K, reserved 1048576K
[2020-12-28T14:08:49.069-0500][gc             ] GC(23676) Pause Young (Normal) (G1 Evacuation Pause) 51M->42M(63M) 5.603ms
[2020-12-28T14:08:49.069-0500][gc,cpu         ] GC(23676) User=0.00s Sys=0.00s Real=0.01s
[2020-12-28T14:10:46.160-0500][gc,heap        ] GC(23677) Heap before GC invocations=23677 (full 5443): garbage-first heap   total 64512K, used 50590K [0x0000000083000000, 0x0000000100000000)
[2020-12-28T14:10:46.160-0500][gc,heap        ] GC(23677)   region size 1024K, 9 young (9216K), 1 survivors (1024K)
[2020-12-28T14:10:46.160-0500][gc,heap        ] GC(23677)  Metaspace       used 50313K, capacity 52468K, committed 53888K, reserved 1093632K
[2020-12-28T14:10:46.160-0500][gc,heap        ] GC(23677)   class space    used 7457K, capacity 8250K, committed 8832K, reserved 1048576K
[2020-12-28T14:10:46.160-0500][gc,start       ] GC(23677) Pause Young (Normal) (G1 Evacuation Pause)
[2020-12-28T14:10:46.160-0500][gc,task        ] GC(23677) Using 8 workers of 8 for evacuation
[2020-12-28T14:10:46.162-0500][gc,phases      ] GC(23677)   Pre Evacuate Collection Set: 0.0ms
[2020-12-28T14:10:46.162-0500][gc,phases      ] GC(23677)   Evacuate Collection Set: 1.0ms
[2020-12-28T14:10:46.162-0500][gc,phases      ] GC(23677)   Post Evacuate Collection Set: 0.8ms
[2020-12-28T14:10:46.162-0500][gc,phases      ] GC(23677)   Other: 0.2ms
[2020-12-28T14:10:46.162-0500][gc,heap        ] GC(23677) Eden regions: 8->0(8)
[2020-12-28T14:10:46.162-0500][gc,heap        ] GC(23677) Survivor regions: 1->1(2)
[2020-12-28T14:10:46.162-0500][gc,heap        ] GC(23677) Old regions: 42->42
[2020-12-28T14:10:46.162-0500][gc,heap        ] GC(23677) Humongous regions: 4->4
[2020-12-28T14:10:46.162-0500][gc,metaspace   ] GC(23677) Metaspace: 50313K->50313K(1093632K)
[2020-12-28T14:10:46.162-0500][gc,heap        ] GC(23677) Heap after GC invocations=23678 (full 5443): garbage-first heap   total 64512K, used 43409K [0x0000000083000000, 0x0000000100000000)
[2020-12-28T14:10:46.162-0500][gc,heap        ] GC(23677)   region size 1024K, 1 young (1024K), 1 survivors (1024K)
[2020-12-28T14:10:46.162-0500][gc,heap        ] GC(23677)  Metaspace       used 50313K, capacity 52468K, committed 53888K, reserved 1093632K
[2020-12-28T14:10:46.162-0500][gc,heap        ] GC(23677)   class space    used 7457K, capacity 8250K, committed 8832K, reserved 1048576K
[2020-12-28T14:10:46.162-0500][gc             ] GC(23677) Pause Young (Normal) (G1 Evacuation Pause) 50M->42M(63M) 2.218ms
[2020-12-28T14:10:46.162-0500][gc,cpu         ] GC(23677) User=0.01s Sys=0.00s Real=0.00s
[2020-12-28T14:11:45.191-0500][gc,task        ] GC(23678) Using 5 workers of 8 for full compaction
[2020-12-28T14:11:45.191-0500][gc,start       ] GC(23678) Pause Full (System.gc())
[2020-12-28T14:11:45.192-0500][gc,heap        ] GC(23678) Heap before GC invocations=23678 (full 5443): garbage-first heap   total 64512K, used 47505K [0x0000000083000000, 0x0000000100000000)
[2020-12-28T14:11:45.192-0500][gc,heap        ] GC(23678)   region size 1024K, 6 young (6144K), 1 survivors (1024K)
[2020-12-28T14:11:45.192-0500][gc,heap        ] GC(23678)  Metaspace       used 50313K, capacity 52468K, committed 53888K, reserved 1093632K
[2020-12-28T14:11:45.192-0500][gc,heap        ] GC(23678)   class space    used 7457K, capacity 8250K, committed 8832K, reserved 1048576K
[2020-12-28T14:11:45.193-0500][gc,phases,start] GC(23678) Phase 1: Mark live objects
[2020-12-28T14:11:45.242-0500][gc,stringtable ] GC(23678) Cleaned string and symbol table, strings: 33320 processed, 4 removed, symbols: 120973 processed, 0 removed
[2020-12-28T14:11:45.242-0500][gc,phases      ] GC(23678) Phase 1: Mark live objects 49.725ms
[2020-12-28T14:11:45.242-0500][gc,phases,start] GC(23678) Phase 2: Prepare for compaction
[2020-12-28T14:11:45.246-0500][gc,phases      ] GC(23678) Phase 2: Prepare for compaction 4.182ms
[2020-12-28T14:11:45.247-0500][gc,phases,start] GC(23678) Phase 3: Adjust pointers
[2020-12-28T14:11:45.258-0500][gc,phases      ] GC(23678) Phase 3: Adjust pointers 11.439ms
[2020-12-28T14:11:45.258-0500][gc,phases,start] GC(23678) Phase 4: Compact heap
[2020-12-28T14:11:45.261-0500][gc,phases      ] GC(23678) Phase 4: Compact heap 2.694ms
[2020-12-28T14:11:45.265-0500][gc,heap        ] GC(23678) Eden regions: 5->0(8)
[2020-12-28T14:11:45.265-0500][gc,heap        ] GC(23678) Survivor regions: 1->0(2)
[2020-12-28T14:11:45.265-0500][gc,heap        ] GC(23678) Old regions: 42->43
[2020-12-28T14:11:45.265-0500][gc,heap        ] GC(23678) Humongous regions: 4->4
[2020-12-28T14:11:45.265-0500][gc,metaspace   ] GC(23678) Metaspace: 50313K->50313K(1093632K)
[2020-12-28T14:11:45.265-0500][gc,heap        ] GC(23678) Heap after GC invocations=23679 (full 5444): garbage-first heap   total 64512K, used 43330K [0x0000000083000000, 0x0000000100000000)
[2020-12-28T14:11:45.265-0500][gc,heap        ] GC(23678)   region size 1024K, 0 young (0K), 0 survivors (0K)
[2020-12-28T14:11:45.265-0500][gc,heap        ] GC(23678)  Metaspace       used 50313K, capacity 52468K, committed 53888K, reserved 1093632K
[2020-12-28T14:11:45.265-0500][gc,heap        ] GC(23678)   class space    used 7457K, capacity 8250K, committed 8832K, reserved 1048576K
[2020-12-28T14:11:45.265-0500][gc             ] GC(23678) Pause Full (System.gc()) 46M->42M(63M) 73.922ms
[2020-12-28T14:11:45.265-0500][gc,cpu         ] GC(23678) User=0.33s Sys=0.00s Real=0.07s
[2020-12-28T14:13:39.060-0500][gc,heap        ] GC(23679) Heap before GC invocations=23679 (full 5444): garbage-first heap   total 64512K, used 51522K [0x0000000083000000, 0x0000000100000000)
[2020-12-28T14:13:39.060-0500][gc,heap        ] GC(23679)   region size 1024K, 8 young (8192K), 0 survivors (0K)
[2020-12-28T14:13:39.060-0500][gc,heap        ] GC(23679)  Metaspace       used 50313K, capacity 52468K, committed 53888K, reserved 1093632K
[2020-12-28T14:13:39.060-0500][gc,heap        ] GC(23679)   class space    used 7457K, capacity 8250K, committed 8832K, reserved 1048576K
[2020-12-28T14:13:39.060-0500][gc,start       ] GC(23679) Pause Young (Normal) (G1 Evacuation Pause)
[2020-12-28T14:13:39.060-0500][gc,task        ] GC(23679) Using 8 workers of 8 for evacuation
[2020-12-28T14:13:39.062-0500][gc,phases      ] GC(23679)   Pre Evacuate Collection Set: 0.0ms
[2020-12-28T14:13:39.062-0500][gc,phases      ] GC(23679)   Evacuate Collection Set: 0.9ms
[2020-12-28T14:13:39.062-0500][gc,phases      ] GC(23679)   Post Evacuate Collection Set: 0.8ms
[2020-12-28T14:13:39.062-0500][gc,phases      ] GC(23679)   Other: 0.2ms
[2020-12-28T14:13:39.062-0500][gc,heap        ] GC(23679) Eden regions: 8->0(7)
[2020-12-28T14:13:39.062-0500][gc,heap        ] GC(23679) Survivor regions: 0->1(1)
[2020-12-28T14:13:39.062-0500][gc,heap        ] GC(23679) Old regions: 43->43
[2020-12-28T14:13:39.062-0500][gc,heap        ] GC(23679) Humongous regions: 4->4
[2020-12-28T14:13:39.062-0500][gc,metaspace   ] GC(23679) Metaspace: 50313K->50313K(1093632K)
[2020-12-28T14:13:39.062-0500][gc,heap        ] GC(23679) Heap after GC invocations=23680 (full 5444): garbage-first heap   total 64512K, used 43409K [0x0000000083000000, 0x0000000100000000)
[2020-12-28T14:13:39.062-0500][gc,heap        ] GC(23679)   region size 1024K, 1 young (1024K), 1 survivors (1024K)
[2020-12-28T14:13:39.062-0500][gc,heap        ] GC(23679)  Metaspace       used 50313K, capacity 52468K, committed 53888K, reserved 1093632K
[2020-12-28T14:13:39.062-0500][gc,heap        ] GC(23679)   class space    used 7457K, capacity 8250K, committed 8832K, reserved 1048576K
[2020-12-28T14:13:39.062-0500][gc             ] GC(23679) Pause Young (Normal) (G1 Evacuation Pause) 50M->42M(63M) 1.952ms
[2020-12-28T14:13:39.062-0500][gc,cpu         ] GC(23679) User=0.01s Sys=0.00s Real=0.00s
[2020-12-28T14:15:19.063-0500][gc,heap        ] GC(23680) Heap before GC invocations=23680 (full 5444): garbage-first heap   total 64512K, used 50577K [0x0000000083000000, 0x0000000100000000)
[2020-12-28T14:15:19.063-0500][gc,heap        ] GC(23680)   region size 1024K, 8 young (8192K), 1 survivors (1024K)
[2020-12-28T14:15:19.064-0500][gc,heap        ] GC(23680)  Metaspace       used 50313K, capacity 52468K, committed 53888K, reserved 1093632K
[2020-12-28T14:15:19.064-0500][gc,heap        ] GC(23680)   class space    used 7457K, capacity 8250K, committed 8832K, reserved 1048576K
[2020-12-28T14:15:19.064-0500][gc,start       ] GC(23680) Pause Young (Normal) (G1 Evacuation Pause)
[2020-12-28T14:15:19.064-0500][gc,task        ] GC(23680) Using 8 workers of 8 for evacuation
[2020-12-28T14:15:19.069-0500][gc,phases      ] GC(23680)   Pre Evacuate Collection Set: 0.0ms
[2020-12-28T14:15:19.069-0500][gc,phases      ] GC(23680)   Evacuate Collection Set: 2.6ms
[2020-12-28T14:15:19.069-0500][gc,phases      ] GC(23680)   Post Evacuate Collection Set: 2.6ms
[2020-12-28T14:15:19.069-0500][gc,phases      ] GC(23680)   Other: 0.5ms
[2020-12-28T14:15:19.069-0500][gc,heap        ] GC(23680) Eden regions: 7->0(7)
[2020-12-28T14:15:19.069-0500][gc,heap        ] GC(23680) Survivor regions: 1->1(1)
[2020-12-28T14:15:19.069-0500][gc,heap        ] GC(23680) Old regions: 43->43
[2020-12-28T14:15:19.069-0500][gc,heap        ] GC(23680) Humongous regions: 4->4
[2020-12-28T14:15:19.069-0500][gc,metaspace   ] GC(23680) Metaspace: 50313K->50313K(1093632K)
[2020-12-28T14:15:19.069-0500][gc,heap        ] GC(23680) Heap after GC invocations=23681 (full 5444): garbage-first heap   total 64512K, used 43398K [0x0000000083000000, 0x0000000100000000)
[2020-12-28T14:15:19.069-0500][gc,heap        ] GC(23680)   region size 1024K, 1 young (1024K), 1 survivors (1024K)
[2020-12-28T14:15:19.069-0500][gc,heap        ] GC(23680)  Metaspace       used 50313K, capacity 52468K, committed 53888K, reserved 1093632K
[2020-12-28T14:15:19.069-0500][gc,heap        ] GC(23680)   class space    used 7457K, capacity 8250K, committed 8832K, reserved 1048576K
[2020-12-28T14:15:19.070-0500][gc             ] GC(23680) Pause Young (Normal) (G1 Evacuation Pause) 49M->42M(63M) 5.893ms
[2020-12-28T14:15:19.070-0500][gc,cpu         ] GC(23680) User=0.02s Sys=0.00s Real=0.01s
[2020-12-28T14:16:45.191-0500][gc,task        ] GC(23681) Using 5 workers of 8 for full compaction
[2020-12-28T14:16:45.192-0500][gc,start       ] GC(23681) Pause Full (System.gc())
[2020-12-28T14:16:45.192-0500][gc,heap        ] GC(23681) Heap before GC invocations=23681 (full 5444): garbage-first heap   total 64512K, used 47494K [0x0000000083000000, 0x0000000100000000)
[2020-12-28T14:16:45.192-0500][gc,heap        ] GC(23681)   region size 1024K, 7 young (7168K), 1 survivors (1024K)
[2020-12-28T14:16:45.192-0500][gc,heap        ] GC(23681)  Metaspace       used 50313K, capacity 52468K, committed 53888K, reserved 1093632K
[2020-12-28T14:16:45.192-0500][gc,heap        ] GC(23681)   class space    used 7457K, capacity 8250K, committed 8832K, reserved 1048576K
[2020-12-28T14:16:45.192-0500][gc,phases,start] GC(23681) Phase 1: Mark live objects
[2020-12-28T14:16:45.218-0500][gc,stringtable ] GC(23681) Cleaned string and symbol table, strings: 33320 processed, 4 removed, symbols: 120973 processed, 0 removed
[2020-12-28T14:16:45.218-0500][gc,phases      ] GC(23681) Phase 1: Mark live objects 25.939ms
[2020-12-28T14:16:45.218-0500][gc,phases,start] GC(23681) Phase 2: Prepare for compaction
[2020-12-28T14:16:45.223-0500][gc,phases      ] GC(23681) Phase 2: Prepare for compaction 5.014ms
[2020-12-28T14:16:45.223-0500][gc,phases,start] GC(23681) Phase 3: Adjust pointers
[2020-12-28T14:16:45.235-0500][gc,phases      ] GC(23681) Phase 3: Adjust pointers 11.722ms
[2020-12-28T14:16:45.235-0500][gc,phases,start] GC(23681) Phase 4: Compact heap
[2020-12-28T14:16:45.238-0500][gc,phases      ] GC(23681) Phase 4: Compact heap 3.270ms
[2020-12-28T14:16:45.243-0500][gc,heap        ] GC(23681) Eden regions: 6->0(9)
[2020-12-28T14:16:45.243-0500][gc,heap        ] GC(23681) Survivor regions: 1->0(1)
[2020-12-28T14:16:45.243-0500][gc,heap        ] GC(23681) Old regions: 43->42
[2020-12-28T14:16:45.243-0500][gc,heap        ] GC(23681) Humongous regions: 4->4
[2020-12-28T14:16:45.243-0500][gc,metaspace   ] GC(23681) Metaspace: 50313K->50313K(1093632K)
[2020-12-28T14:16:45.243-0500][gc,heap        ] GC(23681) Heap after GC invocations=23682 (full 5445): garbage-first heap   total 64512K, used 43332K [0x0000000083000000, 0x0000000100000000)
[2020-12-28T14:16:45.243-0500][gc,heap        ] GC(23681)   region size 1024K, 0 young (0K), 0 survivors (0K)
[2020-12-28T14:16:45.243-0500][gc,heap        ] GC(23681)  Metaspace       used 50313K, capacity 52468K, committed 53888K, reserved 1093632K
[2020-12-28T14:16:45.243-0500][gc,heap        ] GC(23681)   class space    used 7457K, capacity 8250K, committed 8832K, reserved 1048576K
[2020-12-28T14:16:45.243-0500][gc             ] GC(23681) Pause Full (System.gc()) 47M->42M(63M) 51.165ms
[2020-12-28T14:16:45.243-0500][gc,cpu         ] GC(23681) User=0.21s Sys=0.00s Real=0.05s
[2020-12-28T14:18:51.531-0500][gc,heap        ] GC(23682) Heap before GC invocations=23682 (full 5445): garbage-first heap   total 64512K, used 51524K [0x0000000083000000, 0x0000000100000000)
[2020-12-28T14:18:51.531-0500][gc,heap        ] GC(23682)   region size 1024K, 9 young (9216K), 0 survivors (0K)
[2020-12-28T14:18:51.531-0500][gc,heap        ] GC(23682)  Metaspace       used 50313K, capacity 52468K, committed 53888K, reserved 1093632K
[2020-12-28T14:18:51.531-0500][gc,heap        ] GC(23682)   class space    used 7457K, capacity 8250K, committed 8832K, reserved 1048576K
[2020-12-28T14:18:51.531-0500][gc,start       ] GC(23682) Pause Young (Normal) (G1 Evacuation Pause)
[2020-12-28T14:18:51.531-0500][gc,task        ] GC(23682) Using 8 workers of 8 for evacuation
[2020-12-28T14:18:51.538-0500][gc,phases      ] GC(23682)   Pre Evacuate Collection Set: 0.0ms
[2020-12-28T14:18:51.538-0500][gc,phases      ] GC(23682)   Evacuate Collection Set: 2.6ms
[2020-12-28T14:18:51.538-0500][gc,phases      ] GC(23682)   Post Evacuate Collection Set: 3.7ms
[2020-12-28T14:18:51.538-0500][gc,phases      ] GC(23682)   Other: 0.9ms
[2020-12-28T14:18:51.538-0500][gc,heap        ] GC(23682) Eden regions: 9->0(8)
[2020-12-28T14:18:51.538-0500][gc,heap        ] GC(23682) Survivor regions: 0->1(2)
[2020-12-28T14:18:51.538-0500][gc,heap        ] GC(23682) Old regions: 42->42
[2020-12-28T14:18:51.538-0500][gc,heap        ] GC(23682) Humongous regions: 4->4
[2020-12-28T14:18:51.538-0500][gc,metaspace   ] GC(23682) Metaspace: 50313K->50313K(1093632K)
[2020-12-28T14:18:51.538-0500][gc,heap        ] GC(23682) Heap after GC invocations=23683 (full 5445): garbage-first heap   total 64512K, used 43394K [0x0000000083000000, 0x0000000100000000)
[2020-12-28T14:18:51.538-0500][gc,heap        ] GC(23682)   region size 1024K, 1 young (1024K), 1 survivors (1024K)
[2020-12-28T14:18:51.538-0500][gc,heap        ] GC(23682)  Metaspace       used 50313K, capacity 52468K, committed 53888K, reserved 1093632K
[2020-12-28T14:18:51.538-0500][gc,heap        ] GC(23682)   class space    used 7457K, capacity 8250K, committed 8832K, reserved 1048576K
[2020-12-28T14:18:51.538-0500][gc             ] GC(23682) Pause Young (Normal) (G1 Evacuation Pause) 51M->42M(63M) 7.121ms
[2020-12-28T14:18:51.539-0500][gc,cpu         ] GC(23682) User=0.02s Sys=0.01s Real=0.01s
[2020-12-28T14:20:49.062-0500][gc,heap        ] GC(23683) Heap before GC invocations=23683 (full 5445): garbage-first heap   total 64512K, used 51586K [0x0000000083000000, 0x0000000100000000)
[2020-12-28T14:20:49.062-0500][gc,heap        ] GC(23683)   region size 1024K, 9 young (9216K), 1 survivors (1024K)
[2020-12-28T14:20:49.062-0500][gc,heap        ] GC(23683)  Metaspace       used 50313K, capacity 52468K, committed 53888K, reserved 1093632K
[2020-12-28T14:20:49.062-0500][gc,heap        ] GC(23683)   class space    used 7457K, capacity 8250K, committed 8832K, reserved 1048576K
[2020-12-28T14:20:49.062-0500][gc,start       ] GC(23683) Pause Young (Normal) (G1 Evacuation Pause)
[2020-12-28T14:20:49.062-0500][gc,task        ] GC(23683) Using 8 workers of 8 for evacuation
[2020-12-28T14:20:49.066-0500][gc,phases      ] GC(23683)   Pre Evacuate Collection Set: 0.0ms
[2020-12-28T14:20:49.066-0500][gc,phases      ] GC(23683)   Evacuate Collection Set: 1.4ms
[2020-12-28T14:20:49.066-0500][gc,phases      ] GC(23683)   Post Evacuate Collection Set: 2.1ms
[2020-12-28T14:20:49.066-0500][gc,phases      ] GC(23683)   Other: 0.5ms
[2020-12-28T14:20:49.066-0500][gc,heap        ] GC(23683) Eden regions: 8->0(8)
[2020-12-28T14:20:49.066-0500][gc,heap        ] GC(23683) Survivor regions: 1->1(2)
[2020-12-28T14:20:49.066-0500][gc,heap        ] GC(23683) Old regions: 42->42
[2020-12-28T14:20:49.066-0500][gc,heap        ] GC(23683) Humongous regions: 4->4
[2020-12-28T14:20:49.066-0500][gc,metaspace   ] GC(23683) Metaspace: 50313K->50313K(1093632K)
[2020-12-28T14:20:49.066-0500][gc,heap        ] GC(23683) Heap after GC invocations=23684 (full 5445): garbage-first heap   total 64512K, used 43396K [0x0000000083000000, 0x0000000100000000)
[2020-12-28T14:20:49.066-0500][gc,heap        ] GC(23683)   region size 1024K, 1 young (1024K), 1 survivors (1024K)
[2020-12-28T14:20:49.066-0500][gc,heap        ] GC(23683)  Metaspace       used 50313K, capacity 52468K, committed 53888K, reserved 1093632K
[2020-12-28T14:20:49.066-0500][gc,heap        ] GC(23683)   class space    used 7457K, capacity 8250K, committed 8832K, reserved 1048576K
[2020-12-28T14:20:49.066-0500][gc             ] GC(23683) Pause Young (Normal) (G1 Evacuation Pause) 50M->42M(63M) 4.197ms
[2020-12-28T14:20:49.066-0500][gc,cpu         ] GC(23683) User=0.01s Sys=0.00s Real=0.00s
[2020-12-28T14:21:45.190-0500][gc,task        ] GC(23684) Using 5 workers of 8 for full compaction
[2020-12-28T14:21:45.190-0500][gc,start       ] GC(23684) Pause Full (System.gc())
[2020-12-28T14:21:45.190-0500][gc,heap        ] GC(23684) Heap before GC invocations=23684 (full 5445): garbage-first heap   total 64512K, used 45444K [0x0000000083000000, 0x0000000100000000)
[2020-12-28T14:21:45.190-0500][gc,heap        ] GC(23684)   region size 1024K, 5 young (5120K), 1 survivors (1024K)
[2020-12-28T14:21:45.190-0500][gc,heap        ] GC(23684)  Metaspace       used 50313K, capacity 52468K, committed 53888K, reserved 1093632K
[2020-12-28T14:21:45.190-0500][gc,heap        ] GC(23684)   class space    used 7457K, capacity 8250K, committed 8832K, reserved 1048576K
[2020-12-28T14:21:45.190-0500][gc,phases,start] GC(23684) Phase 1: Mark live objects
[2020-12-28T14:21:45.238-0500][gc,stringtable ] GC(23684) Cleaned string and symbol table, strings: 33320 processed, 4 removed, symbols: 120973 processed, 0 removed
[2020-12-28T14:21:45.238-0500][gc,phases      ] GC(23684) Phase 1: Mark live objects 47.832ms
[2020-12-28T14:21:45.238-0500][gc,phases,start] GC(23684) Phase 2: Prepare for compaction
[2020-12-28T14:21:45.243-0500][gc,phases      ] GC(23684) Phase 2: Prepare for compaction 4.184ms
[2020-12-28T14:21:45.243-0500][gc,phases,start] GC(23684) Phase 3: Adjust pointers
[2020-12-28T14:21:45.253-0500][gc,phases      ] GC(23684) Phase 3: Adjust pointers 10.892ms
[2020-12-28T14:21:45.254-0500][gc,phases,start] GC(23684) Phase 4: Compact heap
[2020-12-28T14:21:45.256-0500][gc,phases      ] GC(23684) Phase 4: Compact heap 2.710ms
[2020-12-28T14:21:45.261-0500][gc,heap        ] GC(23684) Eden regions: 4->0(10)
[2020-12-28T14:21:45.261-0500][gc,heap        ] GC(23684) Survivor regions: 1->0(2)
[2020-12-28T14:21:45.261-0500][gc,heap        ] GC(23684) Old regions: 42->41
[2020-12-28T14:21:45.261-0500][gc,heap        ] GC(23684) Humongous regions: 4->4
[2020-12-28T14:21:45.261-0500][gc,metaspace   ] GC(23684) Metaspace: 50313K->50313K(1093632K)
[2020-12-28T14:21:45.261-0500][gc,heap        ] GC(23684) Heap after GC invocations=23685 (full 5446): garbage-first heap   total 64512K, used 43326K [0x0000000083000000, 0x0000000100000000)
[2020-12-28T14:21:45.261-0500][gc,heap        ] GC(23684)   region size 1024K, 0 young (0K), 0 survivors (0K)
[2020-12-28T14:21:45.261-0500][gc,heap        ] GC(23684)  Metaspace       used 50313K, capacity 52468K, committed 53888K, reserved 1093632K
[2020-12-28T14:21:45.261-0500][gc,heap        ] GC(23684)   class space    used 7457K, capacity 8250K, committed 8832K, reserved 1048576K
[2020-12-28T14:21:45.261-0500][gc             ] GC(23684) Pause Full (System.gc()) 45M->42M(63M) 70.817ms
[2020-12-28T14:21:45.261-0500][gc,cpu         ] GC(23684) User=0.31s Sys=0.00s Real=0.07s
[2020-12-28T14:23:59.070-0500][gc,heap        ] GC(23685) Heap before GC invocations=23685 (full 5446): garbage-first heap   total 64512K, used 53566K [0x0000000083000000, 0x0000000100000000)
[2020-12-28T14:23:59.070-0500][gc,heap        ] GC(23685)   region size 1024K, 10 young (10240K), 0 survivors (0K)
[2020-12-28T14:23:59.070-0500][gc,heap        ] GC(23685)  Metaspace       used 50313K, capacity 52468K, committed 53888K, reserved 1093632K
[2020-12-28T14:23:59.070-0500][gc,heap        ] GC(23685)   class space    used 7457K, capacity 8250K, committed 8832K, reserved 1048576K
[2020-12-28T14:23:59.070-0500][gc,start       ] GC(23685) Pause Young (Normal) (G1 Evacuation Pause)
[2020-12-28T14:23:59.070-0500][gc,task        ] GC(23685) Using 8 workers of 8 for evacuation
[2020-12-28T14:23:59.075-0500][gc,phases      ] GC(23685)   Pre Evacuate Collection Set: 0.0ms
[2020-12-28T14:23:59.076-0500][gc,phases      ] GC(23685)   Evacuate Collection Set: 2.1ms
[2020-12-28T14:23:59.076-0500][gc,phases      ] GC(23685)   Post Evacuate Collection Set: 2.8ms
[2020-12-28T14:23:59.076-0500][gc,phases      ] GC(23685)   Other: 0.6ms
[2020-12-28T14:23:59.076-0500][gc,heap        ] GC(23685) Eden regions: 10->0(9)
[2020-12-28T14:23:59.076-0500][gc,heap        ] GC(23685) Survivor regions: 0->1(2)
[2020-12-28T14:23:59.076-0500][gc,heap        ] GC(23685) Old regions: 41->41
[2020-12-28T14:23:59.076-0500][gc,heap        ] GC(23685) Humongous regions: 4->4
[2020-12-28T14:23:59.076-0500][gc,metaspace   ] GC(23685) Metaspace: 50313K->50313K(1093632K)
[2020-12-28T14:23:59.076-0500][gc,heap        ] GC(23685) Heap after GC invocations=23686 (full 5446): garbage-first heap   total 64512K, used 43403K [0x0000000083000000, 0x0000000100000000)
[2020-12-28T14:23:59.076-0500][gc,heap        ] GC(23685)   region size 1024K, 1 young (1024K), 1 survivors (1024K)
[2020-12-28T14:23:59.076-0500][gc,heap        ] GC(23685)  Metaspace       used 50313K, capacity 52468K, committed 53888K, reserved 1093632K
[2020-12-28T14:23:59.076-0500][gc,heap        ] GC(23685)   class space    used 7457K, capacity 8250K, committed 8832K, reserved 1048576K
[2020-12-28T14:23:59.076-0500][gc             ] GC(23685) Pause Young (Normal) (G1 Evacuation Pause) 52M->42M(63M) 5.631ms
[2020-12-28T14:23:59.076-0500][gc,cpu         ] GC(23685) User=0.01s Sys=0.01s Real=0.00s
[2020-12-28T14:26:12.551-0500][gc,heap        ] GC(23686) Heap before GC invocations=23686 (full 5446): garbage-first heap   total 64512K, used 51595K [0x0000000083000000, 0x0000000100000000)
[2020-12-28T14:26:12.551-0500][gc,heap        ] GC(23686)   region size 1024K, 10 young (10240K), 1 survivors (1024K)
[2020-12-28T14:26:12.551-0500][gc,heap        ] GC(23686)  Metaspace       used 50313K, capacity 52468K, committed 53888K, reserved 1093632K
[2020-12-28T14:26:12.551-0500][gc,heap        ] GC(23686)   class space    used 7457K, capacity 8250K, committed 8832K, reserved 1048576K
[2020-12-28T14:26:12.551-0500][gc,start       ] GC(23686) Pause Young (Normal) (G1 Evacuation Pause)
[2020-12-28T14:26:12.551-0500][gc,task        ] GC(23686) Using 8 workers of 8 for evacuation
[2020-12-28T14:26:12.554-0500][gc,phases      ] GC(23686)   Pre Evacuate Collection Set: 0.0ms
[2020-12-28T14:26:12.554-0500][gc,phases      ] GC(23686)   Evacuate Collection Set: 0.7ms
[2020-12-28T14:26:12.554-0500][gc,phases      ] GC(23686)   Post Evacuate Collection Set: 2.0ms
[2020-12-28T14:26:12.554-0500][gc,phases      ] GC(23686)   Other: 0.2ms
[2020-12-28T14:26:12.554-0500][gc,heap        ] GC(23686) Eden regions: 9->0(9)
[2020-12-28T14:26:12.554-0500][gc,heap        ] GC(23686) Survivor regions: 1->1(2)
[2020-12-28T14:26:12.554-0500][gc,heap        ] GC(23686) Old regions: 41->41
[2020-12-28T14:26:12.554-0500][gc,heap        ] GC(23686) Humongous regions: 4->4
[2020-12-28T14:26:12.554-0500][gc,metaspace   ] GC(23686) Metaspace: 50313K->50313K(1093632K)
[2020-12-28T14:26:12.554-0500][gc,heap        ] GC(23686) Heap after GC invocations=23687 (full 5446): garbage-first heap   total 64512K, used 43398K [0x0000000083000000, 0x0000000100000000)
[2020-12-28T14:26:12.554-0500][gc,heap        ] GC(23686)   region size 1024K, 1 young (1024K), 1 survivors (1024K)
[2020-12-28T14:26:12.554-0500][gc,heap        ] GC(23686)  Metaspace       used 50313K, capacity 52468K, committed 53888K, reserved 1093632K
[2020-12-28T14:26:12.554-0500][gc,heap        ] GC(23686)   class space    used 7457K, capacity 8250K, committed 8832K, reserved 1048576K
[2020-12-28T14:26:12.554-0500][gc             ] GC(23686) Pause Young (Normal) (G1 Evacuation Pause) 51M->42M(63M) 2.980ms
[2020-12-28T14:26:12.554-0500][gc,cpu         ] GC(23686) User=0.01s Sys=0.00s Real=0.00s
[2020-12-28T14:26:45.190-0500][gc,task        ] GC(23687) Using 5 workers of 8 for full compaction
[2020-12-28T14:26:45.191-0500][gc,start       ] GC(23687) Pause Full (System.gc())
[2020-12-28T14:26:45.191-0500][gc,heap        ] GC(23687) Heap before GC invocations=23687 (full 5446): garbage-first heap   total 64512K, used 44422K [0x0000000083000000, 0x0000000100000000)
[2020-12-28T14:26:45.191-0500][gc,heap        ] GC(23687)   region size 1024K, 4 young (4096K), 1 survivors (1024K)
[2020-12-28T14:26:45.191-0500][gc,heap        ] GC(23687)  Metaspace       used 50313K, capacity 52468K, committed 53888K, reserved 1093632K
[2020-12-28T14:26:45.191-0500][gc,heap        ] GC(23687)   class space    used 7457K, capacity 8250K, committed 8832K, reserved 1048576K
[2020-12-28T14:26:45.191-0500][gc,phases,start] GC(23687) Phase 1: Mark live objects
[2020-12-28T14:26:45.216-0500][gc,stringtable ] GC(23687) Cleaned string and symbol table, strings: 33320 processed, 4 removed, symbols: 120973 processed, 0 removed
[2020-12-28T14:26:45.217-0500][gc,phases      ] GC(23687) Phase 1: Mark live objects 25.616ms
[2020-12-28T14:26:45.217-0500][gc,phases,start] GC(23687) Phase 2: Prepare for compaction
[2020-12-28T14:26:45.221-0500][gc,phases      ] GC(23687) Phase 2: Prepare for compaction 4.833ms
[2020-12-28T14:26:45.221-0500][gc,phases,start] GC(23687) Phase 3: Adjust pointers
[2020-12-28T14:26:45.233-0500][gc,phases      ] GC(23687) Phase 3: Adjust pointers 11.910ms
[2020-12-28T14:26:45.233-0500][gc,phases,start] GC(23687) Phase 4: Compact heap
[2020-12-28T14:26:45.237-0500][gc,phases      ] GC(23687) Phase 4: Compact heap 3.804ms
[2020-12-28T14:26:45.242-0500][gc,heap        ] GC(23687) Eden regions: 3->0(10)
[2020-12-28T14:26:45.242-0500][gc,heap        ] GC(23687) Survivor regions: 1->0(2)
[2020-12-28T14:26:45.242-0500][gc,heap        ] GC(23687) Old regions: 41->41
[2020-12-28T14:26:45.242-0500][gc,heap        ] GC(23687) Humongous regions: 4->4
[2020-12-28T14:26:45.242-0500][gc,metaspace   ] GC(23687) Metaspace: 50313K->50313K(1093632K)
[2020-12-28T14:26:45.242-0500][gc,heap        ] GC(23687) Heap after GC invocations=23688 (full 5447): garbage-first heap   total 64512K, used 43325K [0x0000000083000000, 0x0000000100000000)
[2020-12-28T14:26:45.242-0500][gc,heap        ] GC(23687)   region size 1024K, 0 young (0K), 0 survivors (0K)
[2020-12-28T14:26:45.242-0500][gc,heap        ] GC(23687)  Metaspace       used 50313K, capacity 52468K, committed 53888K, reserved 1093632K
[2020-12-28T14:26:45.242-0500][gc,heap        ] GC(23687)   class space    used 7457K, capacity 8250K, committed 8832K, reserved 1048576K
[2020-12-28T14:26:45.242-0500][gc             ] GC(23687) Pause Full (System.gc()) 44M->42M(63M) 51.406ms
[2020-12-28T14:26:45.242-0500][gc,cpu         ] GC(23687) User=0.21s Sys=0.00s Real=0.05s
[2020-12-28T14:29:09.060-0500][gc,heap        ] GC(23688) Heap before GC invocations=23688 (full 5447): garbage-first heap   total 64512K, used 52541K [0x0000000083000000, 0x0000000100000000)
[2020-12-28T14:29:09.060-0500][gc,heap        ] GC(23688)   region size 1024K, 10 young (10240K), 0 survivors (0K)
[2020-12-28T14:29:09.060-0500][gc,heap        ] GC(23688)  Metaspace       used 50313K, capacity 52468K, committed 53888K, reserved 1093632K
[2020-12-28T14:29:09.060-0500][gc,heap        ] GC(23688)   class space    used 7457K, capacity 8250K, committed 8832K, reserved 1048576K
[2020-12-28T14:29:09.060-0500][gc,start       ] GC(23688) Pause Young (Normal) (G1 Evacuation Pause)
[2020-12-28T14:29:09.060-0500][gc,task        ] GC(23688) Using 8 workers of 8 for evacuation
[2020-12-28T14:29:09.062-0500][gc,phases      ] GC(23688)   Pre Evacuate Collection Set: 0.0ms
[2020-12-28T14:29:09.062-0500][gc,phases      ] GC(23688)   Evacuate Collection Set: 0.6ms
[2020-12-28T14:29:09.062-0500][gc,phases      ] GC(23688)   Post Evacuate Collection Set: 1.0ms
[2020-12-28T14:29:09.062-0500][gc,phases      ] GC(23688)   Other: 0.2ms
[2020-12-28T14:29:09.062-0500][gc,heap        ] GC(23688) Eden regions: 10->0(9)
[2020-12-28T14:29:09.062-0500][gc,heap        ] GC(23688) Survivor regions: 0->1(2)
[2020-12-28T14:29:09.062-0500][gc,heap        ] GC(23688) Old regions: 41->41
[2020-12-28T14:29:09.062-0500][gc,heap        ] GC(23688) Humongous regions: 4->4
[2020-12-28T14:29:09.062-0500][gc,metaspace   ] GC(23688) Metaspace: 50313K->50313K(1093632K)
[2020-12-28T14:29:09.062-0500][gc,heap        ] GC(23688) Heap after GC invocations=23689 (full 5447): garbage-first heap   total 64512K, used 43407K [0x0000000083000000, 0x0000000100000000)
[2020-12-28T14:29:09.062-0500][gc,heap        ] GC(23688)   region size 1024K, 1 young (1024K), 1 survivors (1024K)
[2020-12-28T14:29:09.062-0500][gc,heap        ] GC(23688)  Metaspace       used 50313K, capacity 52468K, committed 53888K, reserved 1093632K
[2020-12-28T14:29:09.062-0500][gc,heap        ] GC(23688)   class space    used 7457K, capacity 8250K, committed 8832K, reserved 1048576K
[2020-12-28T14:29:09.062-0500][gc             ] GC(23688) Pause Young (Normal) (G1 Evacuation Pause) 52M->42M(63M) 1.951ms
[2020-12-28T14:29:09.062-0500][gc,cpu         ] GC(23688) User=0.00s Sys=0.00s Real=0.00s
[2020-12-28T14:31:19.067-0500][gc,heap        ] GC(23689) Heap before GC invocations=23689 (full 5447): garbage-first heap   total 64512K, used 51599K [0x0000000083000000, 0x0000000100000000)
[2020-12-28T14:31:19.067-0500][gc,heap        ] GC(23689)   region size 1024K, 10 young (10240K), 1 survivors (1024K)
[2020-12-28T14:31:19.067-0500][gc,heap        ] GC(23689)  Metaspace       used 50313K, capacity 52468K, committed 53888K, reserved 1093632K
[2020-12-28T14:31:19.067-0500][gc,heap        ] GC(23689)   class space    used 7457K, capacity 8250K, committed 8832K, reserved 1048576K
[2020-12-28T14:31:19.067-0500][gc,start       ] GC(23689) Pause Young (Normal) (G1 Evacuation Pause)
[2020-12-28T14:31:19.067-0500][gc,task        ] GC(23689) Using 8 workers of 8 for evacuation
[2020-12-28T14:31:19.074-0500][gc,phases      ] GC(23689)   Pre Evacuate Collection Set: 0.0ms
[2020-12-28T14:31:19.074-0500][gc,phases      ] GC(23689)   Evacuate Collection Set: 1.7ms
[2020-12-28T14:31:19.074-0500][gc,phases      ] GC(23689)   Post Evacuate Collection Set: 5.0ms
[2020-12-28T14:31:19.074-0500][gc,phases      ] GC(23689)   Other: 0.5ms
[2020-12-28T14:31:19.074-0500][gc,heap        ] GC(23689) Eden regions: 9->0(9)
[2020-12-28T14:31:19.074-0500][gc,heap        ] GC(23689) Survivor regions: 1->1(2)
[2020-12-28T14:31:19.074-0500][gc,heap        ] GC(23689) Old regions: 41->41
[2020-12-28T14:31:19.074-0500][gc,heap        ] GC(23689) Humongous regions: 4->4
[2020-12-28T14:31:19.074-0500][gc,metaspace   ] GC(23689) Metaspace: 50313K->50313K(1093632K)
[2020-12-28T14:31:19.074-0500][gc,heap        ] GC(23689) Heap after GC invocations=23690 (full 5447): garbage-first heap   total 64512K, used 43391K [0x0000000083000000, 0x0000000100000000)
[2020-12-28T14:31:19.074-0500][gc,heap        ] GC(23689)   region size 1024K, 1 young (1024K), 1 survivors (1024K)
[2020-12-28T14:31:19.074-0500][gc,heap        ] GC(23689)  Metaspace       used 50313K, capacity 52468K, committed 53888K, reserved 1093632K
[2020-12-28T14:31:19.074-0500][gc,heap        ] GC(23689)   class space    used 7457K, capacity 8250K, committed 8832K, reserved 1048576K
[2020-12-28T14:31:19.075-0500][gc             ] GC(23689) Pause Young (Normal) (G1 Evacuation Pause) 51M->42M(63M) 7.406ms
[2020-12-28T14:31:19.075-0500][gc,cpu         ] GC(23689) User=0.02s Sys=0.00s Real=0.01s
[2020-12-28T14:31:45.191-0500][gc,task        ] GC(23690) Using 5 workers of 8 for full compaction
[2020-12-28T14:31:45.191-0500][gc,start       ] GC(23690) Pause Full (System.gc())
[2020-12-28T14:31:45.191-0500][gc,heap        ] GC(23690) Heap before GC invocations=23690 (full 5447): garbage-first heap   total 64512K, used 44415K [0x0000000083000000, 0x0000000100000000)
[2020-12-28T14:31:45.191-0500][gc,heap        ] GC(23690)   region size 1024K, 3 young (3072K), 1 survivors (1024K)
[2020-12-28T14:31:45.191-0500][gc,heap        ] GC(23690)  Metaspace       used 50313K, capacity 52468K, committed 53888K, reserved 1093632K
[2020-12-28T14:31:45.191-0500][gc,heap        ] GC(23690)   class space    used 7457K, capacity 8250K, committed 8832K, reserved 1048576K
[2020-12-28T14:31:45.191-0500][gc,phases,start] GC(23690) Phase 1: Mark live objects
[2020-12-28T14:31:45.230-0500][gc,stringtable ] GC(23690) Cleaned string and symbol table, strings: 33320 processed, 4 removed, symbols: 120973 processed, 0 removed
[2020-12-28T14:31:45.230-0500][gc,phases      ] GC(23690) Phase 1: Mark live objects 38.605ms
[2020-12-28T14:31:45.230-0500][gc,phases,start] GC(23690) Phase 2: Prepare for compaction
[2020-12-28T14:31:45.236-0500][gc,phases      ] GC(23690) Phase 2: Prepare for compaction 5.692ms
[2020-12-28T14:31:45.236-0500][gc,phases,start] GC(23690) Phase 3: Adjust pointers
[2020-12-28T14:31:45.247-0500][gc,phases      ] GC(23690) Phase 3: Adjust pointers 11.529ms
[2020-12-28T14:31:45.248-0500][gc,phases,start] GC(23690) Phase 4: Compact heap
[2020-12-28T14:31:45.250-0500][gc,phases      ] GC(23690) Phase 4: Compact heap 2.788ms
[2020-12-28T14:31:45.255-0500][gc,heap        ] GC(23690) Eden regions: 2->0(10)
[2020-12-28T14:31:45.255-0500][gc,heap        ] GC(23690) Survivor regions: 1->0(2)
[2020-12-28T14:31:45.255-0500][gc,heap        ] GC(23690) Old regions: 41->41
[2020-12-28T14:31:45.255-0500][gc,heap        ] GC(23690) Humongous regions: 4->4
[2020-12-28T14:31:45.255-0500][gc,metaspace   ] GC(23690) Metaspace: 50313K->50313K(1093632K)
[2020-12-28T14:31:45.255-0500][gc,heap        ] GC(23690) Heap after GC invocations=23691 (full 5448): garbage-first heap   total 64512K, used 43315K [0x0000000083000000, 0x0000000100000000)
[2020-12-28T14:31:45.255-0500][gc,heap        ] GC(23690)   region size 1024K, 0 young (0K), 0 survivors (0K)
[2020-12-28T14:31:45.255-0500][gc,heap        ] GC(23690)  Metaspace       used 50313K, capacity 52468K, committed 53888K, reserved 1093632K
[2020-12-28T14:31:45.255-0500][gc,heap        ] GC(23690)   class space    used 7457K, capacity 8250K, committed 8832K, reserved 1048576K
[2020-12-28T14:31:45.255-0500][gc             ] GC(23690) Pause Full (System.gc()) 43M->42M(63M) 64.758ms
[2020-12-28T14:31:45.256-0500][gc,cpu         ] GC(23690) User=0.28s Sys=0.00s Real=0.06s
[2020-12-28T14:34:09.062-0500][gc,heap        ] GC(23691) Heap before GC invocations=23691 (full 5448): garbage-first heap   total 64512K, used 52531K [0x0000000083000000, 0x0000000100000000)
[2020-12-28T14:34:09.062-0500][gc,heap        ] GC(23691)   region size 1024K, 10 young (10240K), 0 survivors (0K)
[2020-12-28T14:34:09.062-0500][gc,heap        ] GC(23691)  Metaspace       used 50313K, capacity 52468K, committed 53888K, reserved 1093632K
[2020-12-28T14:34:09.062-0500][gc,heap        ] GC(23691)   class space    used 7457K, capacity 8250K, committed 8832K, reserved 1048576K
[2020-12-28T14:34:09.062-0500][gc,start       ] GC(23691) Pause Young (Normal) (G1 Evacuation Pause)
[2020-12-28T14:34:09.062-0500][gc,task        ] GC(23691) Using 8 workers of 8 for evacuation
[2020-12-28T14:34:09.064-0500][gc,phases      ] GC(23691)   Pre Evacuate Collection Set: 0.0ms
[2020-12-28T14:34:09.064-0500][gc,phases      ] GC(23691)   Evacuate Collection Set: 0.6ms
[2020-12-28T14:34:09.064-0500][gc,phases      ] GC(23691)   Post Evacuate Collection Set: 1.0ms
[2020-12-28T14:34:09.064-0500][gc,phases      ] GC(23691)   Other: 0.3ms
[2020-12-28T14:34:09.064-0500][gc,heap        ] GC(23691) Eden regions: 10->0(9)
[2020-12-28T14:34:09.064-0500][gc,heap        ] GC(23691) Survivor regions: 0->1(2)
[2020-12-28T14:34:09.064-0500][gc,heap        ] GC(23691) Old regions: 41->41
[2020-12-28T14:34:09.064-0500][gc,heap        ] GC(23691) Humongous regions: 4->4
[2020-12-28T14:34:09.064-0500][gc,metaspace   ] GC(23691) Metaspace: 50313K->50313K(1093632K)
[2020-12-28T14:34:09.064-0500][gc,heap        ] GC(23691) Heap after GC invocations=23692 (full 5448): garbage-first heap   total 64512K, used 43417K [0x0000000083000000, 0x0000000100000000)
[2020-12-28T14:34:09.064-0500][gc,heap        ] GC(23691)   region size 1024K, 1 young (1024K), 1 survivors (1024K)
[2020-12-28T14:34:09.064-0500][gc,heap        ] GC(23691)  Metaspace       used 50313K, capacity 52468K, committed 53888K, reserved 1093632K
[2020-12-28T14:34:09.064-0500][gc,heap        ] GC(23691)   class space    used 7457K, capacity 8250K, committed 8832K, reserved 1048576K
[2020-12-28T14:34:09.064-0500][gc             ] GC(23691) Pause Young (Normal) (G1 Evacuation Pause) 52M->42M(63M) 1.869ms
[2020-12-28T14:34:09.064-0500][gc,cpu         ] GC(23691) User=0.01s Sys=0.00s Real=0.00s
[2020-12-28T14:36:19.060-0500][gc,heap        ] GC(23692) Heap before GC invocations=23692 (full 5448): garbage-first heap   total 64512K, used 52633K [0x0000000083000000, 0x0000000100000000)
[2020-12-28T14:36:19.061-0500][gc,heap        ] GC(23692)   region size 1024K, 10 young (10240K), 1 survivors (1024K)
[2020-12-28T14:36:19.061-0500][gc,heap        ] GC(23692)  Metaspace       used 50313K, capacity 52468K, committed 53888K, reserved 1093632K
[2020-12-28T14:36:19.061-0500][gc,heap        ] GC(23692)   class space    used 7457K, capacity 8250K, committed 8832K, reserved 1048576K
[2020-12-28T14:36:19.061-0500][gc,start       ] GC(23692) Pause Young (Normal) (G1 Evacuation Pause)
[2020-12-28T14:36:19.061-0500][gc,task        ] GC(23692) Using 8 workers of 8 for evacuation
[2020-12-28T14:36:19.062-0500][gc,phases      ] GC(23692)   Pre Evacuate Collection Set: 0.0ms
[2020-12-28T14:36:19.062-0500][gc,phases      ] GC(23692)   Evacuate Collection Set: 0.6ms
[2020-12-28T14:36:19.062-0500][gc,phases      ] GC(23692)   Post Evacuate Collection Set: 0.9ms
[2020-12-28T14:36:19.062-0500][gc,phases      ] GC(23692)   Other: 0.2ms
[2020-12-28T14:36:19.062-0500][gc,heap        ] GC(23692) Eden regions: 9->0(9)
[2020-12-28T14:36:19.062-0500][gc,heap        ] GC(23692) Survivor regions: 1->1(2)
[2020-12-28T14:36:19.062-0500][gc,heap        ] GC(23692) Old regions: 41->41
[2020-12-28T14:36:19.062-0500][gc,heap        ] GC(23692) Humongous regions: 4->4
[2020-12-28T14:36:19.062-0500][gc,metaspace   ] GC(23692) Metaspace: 50313K->50313K(1093632K)
[2020-12-28T14:36:19.062-0500][gc,heap        ] GC(23692) Heap after GC invocations=23693 (full 5448): garbage-first heap   total 64512K, used 43390K [0x0000000083000000, 0x0000000100000000)
[2020-12-28T14:36:19.062-0500][gc,heap        ] GC(23692)   region size 1024K, 1 young (1024K), 1 survivors (1024K)
[2020-12-28T14:36:19.062-0500][gc,heap        ] GC(23692)  Metaspace       used 50313K, capacity 52468K, committed 53888K, reserved 1093632K
[2020-12-28T14:36:19.062-0500][gc,heap        ] GC(23692)   class space    used 7457K, capacity 8250K, committed 8832K, reserved 1048576K
[2020-12-28T14:36:19.062-0500][gc             ] GC(23692) Pause Young (Normal) (G1 Evacuation Pause) 51M->42M(63M) 1.734ms
[2020-12-28T14:36:19.062-0500][gc,cpu         ] GC(23692) User=0.01s Sys=0.00s Real=0.00s
[2020-12-28T14:36:45.189-0500][gc,task        ] GC(23693) Using 5 workers of 8 for full compaction
[2020-12-28T14:36:45.189-0500][gc,start       ] GC(23693) Pause Full (System.gc())
[2020-12-28T14:36:45.189-0500][gc,heap        ] GC(23693) Heap before GC invocations=23693 (full 5448): garbage-first heap   total 64512K, used 44414K [0x0000000083000000, 0x0000000100000000)
[2020-12-28T14:36:45.189-0500][gc,heap        ] GC(23693)   region size 1024K, 3 young (3072K), 1 survivors (1024K)
[2020-12-28T14:36:45.189-0500][gc,heap        ] GC(23693)  Metaspace       used 50313K, capacity 52468K, committed 53888K, reserved 1093632K
[2020-12-28T14:36:45.189-0500][gc,heap        ] GC(23693)   class space    used 7457K, capacity 8250K, committed 8832K, reserved 1048576K
[2020-12-28T14:36:45.189-0500][gc,phases,start] GC(23693) Phase 1: Mark live objects
[2020-12-28T14:36:45.222-0500][gc,stringtable ] GC(23693) Cleaned string and symbol table, strings: 33320 processed, 4 removed, symbols: 120973 processed, 0 removed
[2020-12-28T14:36:45.222-0500][gc,phases      ] GC(23693) Phase 1: Mark live objects 33.125ms
[2020-12-28T14:36:45.222-0500][gc,phases,start] GC(23693) Phase 2: Prepare for compaction
[2020-12-28T14:36:45.227-0500][gc,phases      ] GC(23693) Phase 2: Prepare for compaction 4.306ms
[2020-12-28T14:36:45.227-0500][gc,phases,start] GC(23693) Phase 3: Adjust pointers
[2020-12-28T14:36:45.239-0500][gc,phases      ] GC(23693) Phase 3: Adjust pointers 12.149ms
[2020-12-28T14:36:45.239-0500][gc,phases,start] GC(23693) Phase 4: Compact heap
[2020-12-28T14:36:45.242-0500][gc,phases      ] GC(23693) Phase 4: Compact heap 2.787ms
[2020-12-28T14:36:45.246-0500][gc,heap        ] GC(23693) Eden regions: 2->0(10)
[2020-12-28T14:36:45.246-0500][gc,heap        ] GC(23693) Survivor regions: 1->0(2)
[2020-12-28T14:36:45.246-0500][gc,heap        ] GC(23693) Old regions: 41->41
[2020-12-28T14:36:45.246-0500][gc,heap        ] GC(23693) Humongous regions: 4->4
[2020-12-28T14:36:45.246-0500][gc,metaspace   ] GC(23693) Metaspace: 50313K->50313K(1093632K)
[2020-12-28T14:36:45.246-0500][gc,heap        ] GC(23693) Heap after GC invocations=23694 (full 5449): garbage-first heap   total 64512K, used 43326K [0x0000000083000000, 0x0000000100000000)
[2020-12-28T14:36:45.246-0500][gc,heap        ] GC(23693)   region size 1024K, 0 young (0K), 0 survivors (0K)
[2020-12-28T14:36:45.247-0500][gc,heap        ] GC(23693)  Metaspace       used 50313K, capacity 52468K, committed 53888K, reserved 1093632K
[2020-12-28T14:36:45.247-0500][gc,heap        ] GC(23693)   class space    used 7457K, capacity 8250K, committed 8832K, reserved 1048576K
[2020-12-28T14:36:45.247-0500][gc             ] GC(23693) Pause Full (System.gc()) 44M->42M(63M) 57.834ms
[2020-12-28T14:36:45.247-0500][gc,cpu         ] GC(23693) User=0.25s Sys=0.00s Real=0.05s
[2020-12-28T14:39:09.061-0500][gc,heap        ] GC(23694) Heap before GC invocations=23694 (full 5449): garbage-first heap   total 64512K, used 52542K [0x0000000083000000, 0x0000000100000000)
[2020-12-28T14:39:09.061-0500][gc,heap        ] GC(23694)   region size 1024K, 10 young (10240K), 0 survivors (0K)
[2020-12-28T14:39:09.061-0500][gc,heap        ] GC(23694)  Metaspace       used 50313K, capacity 52468K, committed 53888K, reserved 1093632K
[2020-12-28T14:39:09.061-0500][gc,heap        ] GC(23694)   class space    used 7457K, capacity 8250K, committed 8832K, reserved 1048576K
[2020-12-28T14:39:09.061-0500][gc,start       ] GC(23694) Pause Young (Normal) (G1 Evacuation Pause)
[2020-12-28T14:39:09.061-0500][gc,task        ] GC(23694) Using 8 workers of 8 for evacuation
[2020-12-28T14:39:09.102-0500][gc,phases      ] GC(23694)   Pre Evacuate Collection Set: 0.0ms
[2020-12-28T14:39:09.102-0500][gc,phases      ] GC(23694)   Evacuate Collection Set: 29.8ms
[2020-12-28T14:39:09.102-0500][gc,phases      ] GC(23694)   Post Evacuate Collection Set: 10.7ms
[2020-12-28T14:39:09.102-0500][gc,phases      ] GC(23694)   Other: 0.3ms
[2020-12-28T14:39:09.102-0500][gc,heap        ] GC(23694) Eden regions: 10->0(9)
[2020-12-28T14:39:09.102-0500][gc,heap        ] GC(23694) Survivor regions: 0->1(2)
[2020-12-28T14:39:09.102-0500][gc,heap        ] GC(23694) Old regions: 41->41
[2020-12-28T14:39:09.102-0500][gc,heap        ] GC(23694) Humongous regions: 4->4
[2020-12-28T14:39:09.102-0500][gc,metaspace   ] GC(23694) Metaspace: 50313K->50313K(1093632K)
[2020-12-28T14:39:09.102-0500][gc,heap        ] GC(23694) Heap after GC invocations=23695 (full 5449): garbage-first heap   total 64512K, used 43421K [0x0000000083000000, 0x0000000100000000)
[2020-12-28T14:39:09.102-0500][gc,heap        ] GC(23694)   region size 1024K, 1 young (1024K), 1 survivors (1024K)
[2020-12-28T14:39:09.102-0500][gc,heap        ] GC(23694)  Metaspace       used 50313K, capacity 52468K, committed 53888K, reserved 1093632K
[2020-12-28T14:39:09.102-0500][gc,heap        ] GC(23694)   class space    used 7457K, capacity 8250K, committed 8832K, reserved 1048576K
[2020-12-28T14:39:09.102-0500][gc             ] GC(23694) Pause Young (Normal) (G1 Evacuation Pause) 52M->42M(63M) 40.798ms
[2020-12-28T14:39:09.102-0500][gc,cpu         ] GC(23694) User=0.27s Sys=0.00s Real=0.04s
[2020-12-28T14:41:13.771-0500][gc,heap        ] GC(23695) Heap before GC invocations=23695 (full 5449): garbage-first heap   total 64512K, used 52637K [0x0000000083000000, 0x0000000100000000)
[2020-12-28T14:41:13.771-0500][gc,heap        ] GC(23695)   region size 1024K, 10 young (10240K), 1 survivors (1024K)
[2020-12-28T14:41:13.771-0500][gc,heap        ] GC(23695)  Metaspace       used 50313K, capacity 52468K, committed 53888K, reserved 1093632K
[2020-12-28T14:41:13.771-0500][gc,heap        ] GC(23695)   class space    used 7457K, capacity 8250K, committed 8832K, reserved 1048576K
[2020-12-28T14:41:13.771-0500][gc,start       ] GC(23695) Pause Young (Normal) (G1 Evacuation Pause)
[2020-12-28T14:41:13.771-0500][gc,task        ] GC(23695) Using 8 workers of 8 for evacuation
[2020-12-28T14:41:13.775-0500][gc,phases      ] GC(23695)   Pre Evacuate Collection Set: 0.0ms
[2020-12-28T14:41:13.775-0500][gc,phases      ] GC(23695)   Evacuate Collection Set: 1.7ms
[2020-12-28T14:41:13.775-0500][gc,phases      ] GC(23695)   Post Evacuate Collection Set: 2.1ms
[2020-12-28T14:41:13.775-0500][gc,phases      ] GC(23695)   Other: 0.5ms
[2020-12-28T14:41:13.775-0500][gc,heap        ] GC(23695) Eden regions: 9->0(9)
[2020-12-28T14:41:13.775-0500][gc,heap        ] GC(23695) Survivor regions: 1->1(2)
[2020-12-28T14:41:13.775-0500][gc,heap        ] GC(23695) Old regions: 41->41
[2020-12-28T14:41:13.775-0500][gc,heap        ] GC(23695) Humongous regions: 4->4
[2020-12-28T14:41:13.775-0500][gc,metaspace   ] GC(23695) Metaspace: 50313K->50313K(1093632K)
[2020-12-28T14:41:13.775-0500][gc,heap        ] GC(23695) Heap after GC invocations=23696 (full 5449): garbage-first heap   total 64512K, used 43399K [0x0000000083000000, 0x0000000100000000)
[2020-12-28T14:41:13.775-0500][gc,heap        ] GC(23695)   region size 1024K, 1 young (1024K), 1 survivors (1024K)
[2020-12-28T14:41:13.775-0500][gc,heap        ] GC(23695)  Metaspace       used 50313K, capacity 52468K, committed 53888K, reserved 1093632K
[2020-12-28T14:41:13.775-0500][gc,heap        ] GC(23695)   class space    used 7457K, capacity 8250K, committed 8832K, reserved 1048576K
[2020-12-28T14:41:13.775-0500][gc             ] GC(23695) Pause Young (Normal) (G1 Evacuation Pause) 51M->42M(63M) 4.403ms
[2020-12-28T14:41:13.775-0500][gc,cpu         ] GC(23695) User=0.01s Sys=0.00s Real=0.00s
[2020-12-28T14:41:45.191-0500][gc,task        ] GC(23696) Using 5 workers of 8 for full compaction
[2020-12-28T14:41:45.191-0500][gc,start       ] GC(23696) Pause Full (System.gc())
[2020-12-28T14:41:45.191-0500][gc,heap        ] GC(23696) Heap before GC invocations=23696 (full 5449): garbage-first heap   total 64512K, used 44423K [0x0000000083000000, 0x0000000100000000)
[2020-12-28T14:41:45.191-0500][gc,heap        ] GC(23696)   region size 1024K, 4 young (4096K), 1 survivors (1024K)
[2020-12-28T14:41:45.191-0500][gc,heap        ] GC(23696)  Metaspace       used 50313K, capacity 52468K, committed 53888K, reserved 1093632K
[2020-12-28T14:41:45.191-0500][gc,heap        ] GC(23696)   class space    used 7457K, capacity 8250K, committed 8832K, reserved 1048576K
[2020-12-28T14:41:45.192-0500][gc,phases,start] GC(23696) Phase 1: Mark live objects
[2020-12-28T14:41:45.235-0500][gc,stringtable ] GC(23696) Cleaned string and symbol table, strings: 33320 processed, 4 removed, symbols: 120973 processed, 0 removed
[2020-12-28T14:41:45.235-0500][gc,phases      ] GC(23696) Phase 1: Mark live objects 43.305ms
[2020-12-28T14:41:45.235-0500][gc,phases,start] GC(23696) Phase 2: Prepare for compaction
[2020-12-28T14:41:45.240-0500][gc,phases      ] GC(23696) Phase 2: Prepare for compaction 5.388ms
[2020-12-28T14:41:45.240-0500][gc,phases,start] GC(23696) Phase 3: Adjust pointers
[2020-12-28T14:41:45.252-0500][gc,phases      ] GC(23696) Phase 3: Adjust pointers 11.375ms
[2020-12-28T14:41:45.252-0500][gc,phases,start] GC(23696) Phase 4: Compact heap
[2020-12-28T14:41:45.254-0500][gc,phases      ] GC(23696) Phase 4: Compact heap 2.644ms
[2020-12-28T14:41:45.259-0500][gc,heap        ] GC(23696) Eden regions: 3->0(10)
[2020-12-28T14:41:45.259-0500][gc,heap        ] GC(23696) Survivor regions: 1->0(2)
[2020-12-28T14:41:45.259-0500][gc,heap        ] GC(23696) Old regions: 41->41
[2020-12-28T14:41:45.259-0500][gc,heap        ] GC(23696) Humongous regions: 4->4
[2020-12-28T14:41:45.259-0500][gc,metaspace   ] GC(23696) Metaspace: 50313K->50313K(1093632K)
[2020-12-28T14:41:45.259-0500][gc,heap        ] GC(23696) Heap after GC invocations=23697 (full 5450): garbage-first heap   total 64512K, used 43320K [0x0000000083000000, 0x0000000100000000)
[2020-12-28T14:41:45.259-0500][gc,heap        ] GC(23696)   region size 1024K, 0 young (0K), 0 survivors (0K)
[2020-12-28T14:41:45.259-0500][gc,heap        ] GC(23696)  Metaspace       used 50313K, capacity 52468K, committed 53888K, reserved 1093632K
[2020-12-28T14:41:45.259-0500][gc,heap        ] GC(23696)   class space    used 7457K, capacity 8250K, committed 8832K, reserved 1048576K
[2020-12-28T14:41:45.259-0500][gc             ] GC(23696) Pause Full (System.gc()) 44M->42M(63M) 67.946ms
[2020-12-28T14:41:45.259-0500][gc,cpu         ] GC(23696) User=0.30s Sys=0.00s Real=0.07s
[2020-12-28T14:44:09.061-0500][gc,heap        ] GC(23697) Heap before GC invocations=23697 (full 5450): garbage-first heap   total 64512K, used 52536K [0x0000000083000000, 0x0000000100000000)
[2020-12-28T14:44:09.061-0500][gc,heap        ] GC(23697)   region size 1024K, 10 young (10240K), 0 survivors (0K)
[2020-12-28T14:44:09.061-0500][gc,heap        ] GC(23697)  Metaspace       used 50313K, capacity 52468K, committed 53888K, reserved 1093632K
[2020-12-28T14:44:09.061-0500][gc,heap        ] GC(23697)   class space    used 7457K, capacity 8250K, committed 8832K, reserved 1048576K
[2020-12-28T14:44:09.061-0500][gc,start       ] GC(23697) Pause Young (Normal) (G1 Evacuation Pause)
[2020-12-28T14:44:09.061-0500][gc,task        ] GC(23697) Using 8 workers of 8 for evacuation
[2020-12-28T14:44:09.065-0500][gc,phases      ] GC(23697)   Pre Evacuate Collection Set: 0.0ms
[2020-12-28T14:44:09.065-0500][gc,phases      ] GC(23697)   Evacuate Collection Set: 1.5ms
[2020-12-28T14:44:09.065-0500][gc,phases      ] GC(23697)   Post Evacuate Collection Set: 2.7ms
[2020-12-28T14:44:09.066-0500][gc,phases      ] GC(23697)   Other: 0.5ms
[2020-12-28T14:44:09.066-0500][gc,heap        ] GC(23697) Eden regions: 10->0(9)
[2020-12-28T14:44:09.066-0500][gc,heap        ] GC(23697) Survivor regions: 0->1(2)
[2020-12-28T14:44:09.066-0500][gc,heap        ] GC(23697) Old regions: 41->41
[2020-12-28T14:44:09.066-0500][gc,heap        ] GC(23697) Humongous regions: 4->4
[2020-12-28T14:44:09.066-0500][gc,metaspace   ] GC(23697) Metaspace: 50313K->50313K(1093632K)
[2020-12-28T14:44:09.066-0500][gc,heap        ] GC(23697) Heap after GC invocations=23698 (full 5450): garbage-first heap   total 64512K, used 43401K [0x0000000083000000, 0x0000000100000000)
[2020-12-28T14:44:09.066-0500][gc,heap        ] GC(23697)   region size 1024K, 1 young (1024K), 1 survivors (1024K)
[2020-12-28T14:44:09.066-0500][gc,heap        ] GC(23697)  Metaspace       used 50313K, capacity 52468K, committed 53888K, reserved 1093632K
[2020-12-28T14:44:09.066-0500][gc,heap        ] GC(23697)   class space    used 7457K, capacity 8250K, committed 8832K, reserved 1048576K
[2020-12-28T14:44:09.066-0500][gc             ] GC(23697) Pause Young (Normal) (G1 Evacuation Pause) 52M->42M(63M) 4.870ms
[2020-12-28T14:44:09.066-0500][gc,cpu         ] GC(23697) User=0.00s Sys=0.01s Real=0.00s
[2020-12-28T14:46:19.061-0500][gc,heap        ] GC(23698) Heap before GC invocations=23698 (full 5450): garbage-first heap   total 64512K, used 51593K [0x0000000083000000, 0x0000000100000000)
[2020-12-28T14:46:19.061-0500][gc,heap        ] GC(23698)   region size 1024K, 10 young (10240K), 1 survivors (1024K)
[2020-12-28T14:46:19.061-0500][gc,heap        ] GC(23698)  Metaspace       used 50313K, capacity 52468K, committed 53888K, reserved 1093632K
[2020-12-28T14:46:19.061-0500][gc,heap        ] GC(23698)   class space    used 7457K, capacity 8250K, committed 8832K, reserved 1048576K
[2020-12-28T14:46:19.062-0500][gc,start       ] GC(23698) Pause Young (Normal) (G1 Evacuation Pause)
[2020-12-28T14:46:19.062-0500][gc,task        ] GC(23698) Using 8 workers of 8 for evacuation
[2020-12-28T14:46:19.064-0500][gc,phases      ] GC(23698)   Pre Evacuate Collection Set: 0.1ms
[2020-12-28T14:46:19.064-0500][gc,phases      ] GC(23698)   Evacuate Collection Set: 1.0ms
[2020-12-28T14:46:19.064-0500][gc,phases      ] GC(23698)   Post Evacuate Collection Set: 1.5ms
[2020-12-28T14:46:19.064-0500][gc,phases      ] GC(23698)   Other: 0.4ms
[2020-12-28T14:46:19.064-0500][gc,heap        ] GC(23698) Eden regions: 9->0(9)
[2020-12-28T14:46:19.064-0500][gc,heap        ] GC(23698) Survivor regions: 1->1(2)
[2020-12-28T14:46:19.064-0500][gc,heap        ] GC(23698) Old regions: 41->41
[2020-12-28T14:46:19.064-0500][gc,heap        ] GC(23698) Humongous regions: 4->4
[2020-12-28T14:46:19.064-0500][gc,metaspace   ] GC(23698) Metaspace: 50313K->50313K(1093632K)
[2020-12-28T14:46:19.064-0500][gc,heap        ] GC(23698) Heap after GC invocations=23699 (full 5450): garbage-first heap   total 64512K, used 43397K [0x0000000083000000, 0x0000000100000000)
[2020-12-28T14:46:19.064-0500][gc,heap        ] GC(23698)   region size 1024K, 1 young (1024K), 1 survivors (1024K)
[2020-12-28T14:46:19.064-0500][gc,heap        ] GC(23698)  Metaspace       used 50313K, capacity 52468K, committed 53888K, reserved 1093632K
[2020-12-28T14:46:19.064-0500][gc,heap        ] GC(23698)   class space    used 7457K, capacity 8250K, committed 8832K, reserved 1048576K
[2020-12-28T14:46:19.065-0500][gc             ] GC(23698) Pause Young (Normal) (G1 Evacuation Pause) 51M->42M(63M) 2.969ms
[2020-12-28T14:46:19.065-0500][gc,cpu         ] GC(23698) User=0.01s Sys=0.01s Real=0.00s
[2020-12-28T14:46:45.189-0500][gc,task        ] GC(23699) Using 5 workers of 8 for full compaction
[2020-12-28T14:46:45.190-0500][gc,start       ] GC(23699) Pause Full (System.gc())
[2020-12-28T14:46:45.190-0500][gc,heap        ] GC(23699) Heap before GC invocations=23699 (full 5450): garbage-first heap   total 64512K, used 44421K [0x0000000083000000, 0x0000000100000000)
[2020-12-28T14:46:45.190-0500][gc,heap        ] GC(23699)   region size 1024K, 3 young (3072K), 1 survivors (1024K)
[2020-12-28T14:46:45.190-0500][gc,heap        ] GC(23699)  Metaspace       used 50313K, capacity 52468K, committed 53888K, reserved 1093632K
[2020-12-28T14:46:45.190-0500][gc,heap        ] GC(23699)   class space    used 7457K, capacity 8250K, committed 8832K, reserved 1048576K
[2020-12-28T14:46:45.190-0500][gc,phases,start] GC(23699) Phase 1: Mark live objects
[2020-12-28T14:46:45.209-0500][gc,stringtable ] GC(23699) Cleaned string and symbol table, strings: 33320 processed, 4 removed, symbols: 120973 processed, 0 removed
[2020-12-28T14:46:45.209-0500][gc,phases      ] GC(23699) Phase 1: Mark live objects 19.102ms
[2020-12-28T14:46:45.209-0500][gc,phases,start] GC(23699) Phase 2: Prepare for compaction
[2020-12-28T14:46:45.213-0500][gc,phases      ] GC(23699) Phase 2: Prepare for compaction 4.161ms
[2020-12-28T14:46:45.213-0500][gc,phases,start] GC(23699) Phase 3: Adjust pointers
[2020-12-28T14:46:45.226-0500][gc,phases      ] GC(23699) Phase 3: Adjust pointers 12.496ms
[2020-12-28T14:46:45.226-0500][gc,phases,start] GC(23699) Phase 4: Compact heap
[2020-12-28T14:46:45.228-0500][gc,phases      ] GC(23699) Phase 4: Compact heap 2.704ms
[2020-12-28T14:46:45.233-0500][gc,heap        ] GC(23699) Eden regions: 2->0(10)
[2020-12-28T14:46:45.233-0500][gc,heap        ] GC(23699) Survivor regions: 1->0(2)
[2020-12-28T14:46:45.233-0500][gc,heap        ] GC(23699) Old regions: 41->41
[2020-12-28T14:46:45.233-0500][gc,heap        ] GC(23699) Humongous regions: 4->4
[2020-12-28T14:46:45.233-0500][gc,metaspace   ] GC(23699) Metaspace: 50313K->50313K(1093632K)
[2020-12-28T14:46:45.233-0500][gc,heap        ] GC(23699) Heap after GC invocations=23700 (full 5451): garbage-first heap   total 64512K, used 43315K [0x0000000083000000, 0x0000000100000000)
[2020-12-28T14:46:45.233-0500][gc,heap        ] GC(23699)   region size 1024K, 0 young (0K), 0 survivors (0K)
[2020-12-28T14:46:45.233-0500][gc,heap        ] GC(23699)  Metaspace       used 50313K, capacity 52468K, committed 53888K, reserved 1093632K
[2020-12-28T14:46:45.233-0500][gc,heap        ] GC(23699)   class space    used 7457K, capacity 8250K, committed 8832K, reserved 1048576K
[2020-12-28T14:46:45.233-0500][gc             ] GC(23699) Pause Full (System.gc()) 44M->42M(63M) 43.453ms
[2020-12-28T14:46:45.233-0500][gc,cpu         ] GC(23699) User=0.18s Sys=0.00s Real=0.04s
[2020-12-28T14:49:09.060-0500][gc,heap        ] GC(23700) Heap before GC invocations=23700 (full 5451): garbage-first heap   total 64512K, used 52531K [0x0000000083000000, 0x0000000100000000)
[2020-12-28T14:49:09.060-0500][gc,heap        ] GC(23700)   region size 1024K, 10 young (10240K), 0 survivors (0K)
[2020-12-28T14:49:09.060-0500][gc,heap        ] GC(23700)  Metaspace       used 50313K, capacity 52468K, committed 53888K, reserved 1093632K
[2020-12-28T14:49:09.060-0500][gc,heap        ] GC(23700)   class space    used 7457K, capacity 8250K, committed 8832K, reserved 1048576K
[2020-12-28T14:49:09.060-0500][gc,start       ] GC(23700) Pause Young (Normal) (G1 Evacuation Pause)
[2020-12-28T14:49:09.060-0500][gc,task        ] GC(23700) Using 8 workers of 8 for evacuation
[2020-12-28T14:49:09.065-0500][gc,phases      ] GC(23700)   Pre Evacuate Collection Set: 0.0ms
[2020-12-28T14:49:09.065-0500][gc,phases      ] GC(23700)   Evacuate Collection Set: 0.7ms
[2020-12-28T14:49:09.065-0500][gc,phases      ] GC(23700)   Post Evacuate Collection Set: 4.0ms
[2020-12-28T14:49:09.065-0500][gc,phases      ] GC(23700)   Other: 0.3ms
[2020-12-28T14:49:09.065-0500][gc,heap        ] GC(23700) Eden regions: 10->0(9)
[2020-12-28T14:49:09.065-0500][gc,heap        ] GC(23700) Survivor regions: 0->1(2)
[2020-12-28T14:49:09.065-0500][gc,heap        ] GC(23700) Old regions: 41->41
[2020-12-28T14:49:09.065-0500][gc,heap        ] GC(23700) Humongous regions: 4->4
[2020-12-28T14:49:09.065-0500][gc,metaspace   ] GC(23700) Metaspace: 50313K->50313K(1093632K)
[2020-12-28T14:49:09.065-0500][gc,heap        ] GC(23700) Heap after GC invocations=23701 (full 5451): garbage-first heap   total 64512K, used 43393K [0x0000000083000000, 0x0000000100000000)
[2020-12-28T14:49:09.065-0500][gc,heap        ] GC(23700)   region size 1024K, 1 young (1024K), 1 survivors (1024K)
[2020-12-28T14:49:09.065-0500][gc,heap        ] GC(23700)  Metaspace       used 50313K, capacity 52468K, committed 53888K, reserved 1093632K
[2020-12-28T14:49:09.065-0500][gc,heap        ] GC(23700)   class space    used 7457K, capacity 8250K, committed 8832K, reserved 1048576K
[2020-12-28T14:49:09.065-0500][gc             ] GC(23700) Pause Young (Normal) (G1 Evacuation Pause) 52M->42M(63M) 5.003ms
[2020-12-28T14:49:09.065-0500][gc,cpu         ] GC(23700) User=0.01s Sys=0.00s Real=0.00s
[2020-12-28T14:51:19.070-0500][gc,heap        ] GC(23701) Heap before GC invocations=23701 (full 5451): garbage-first heap   total 64512K, used 51585K [0x0000000083000000, 0x0000000100000000)
[2020-12-28T14:51:19.070-0500][gc,heap        ] GC(23701)   region size 1024K, 10 young (10240K), 1 survivors (1024K)
[2020-12-28T14:51:19.070-0500][gc,heap        ] GC(23701)  Metaspace       used 50313K, capacity 52468K, committed 53888K, reserved 1093632K
[2020-12-28T14:51:19.071-0500][gc,heap        ] GC(23701)   class space    used 7457K, capacity 8250K, committed 8832K, reserved 1048576K
[2020-12-28T14:51:19.071-0500][gc,start       ] GC(23701) Pause Young (Normal) (G1 Evacuation Pause)
[2020-12-28T14:51:19.071-0500][gc,task        ] GC(23701) Using 8 workers of 8 for evacuation
[2020-12-28T14:51:19.075-0500][gc,phases      ] GC(23701)   Pre Evacuate Collection Set: 0.0ms
[2020-12-28T14:51:19.075-0500][gc,phases      ] GC(23701)   Evacuate Collection Set: 1.6ms
[2020-12-28T14:51:19.075-0500][gc,phases      ] GC(23701)   Post Evacuate Collection Set: 2.4ms
[2020-12-28T14:51:19.075-0500][gc,phases      ] GC(23701)   Other: 0.5ms
[2020-12-28T14:51:19.075-0500][gc,heap        ] GC(23701) Eden regions: 9->0(9)
[2020-12-28T14:51:19.075-0500][gc,heap        ] GC(23701) Survivor regions: 1->1(2)
[2020-12-28T14:51:19.075-0500][gc,heap        ] GC(23701) Old regions: 41->41
[2020-12-28T14:51:19.075-0500][gc,heap        ] GC(23701) Humongous regions: 4->4
[2020-12-28T14:51:19.075-0500][gc,metaspace   ] GC(23701) Metaspace: 50313K->50313K(1093632K)
[2020-12-28T14:51:19.075-0500][gc,heap        ] GC(23701) Heap after GC invocations=23702 (full 5451): garbage-first heap   total 64512K, used 43404K [0x0000000083000000, 0x0000000100000000)
[2020-12-28T14:51:19.075-0500][gc,heap        ] GC(23701)   region size 1024K, 1 young (1024K), 1 survivors (1024K)
[2020-12-28T14:51:19.075-0500][gc,heap        ] GC(23701)  Metaspace       used 50313K, capacity 52468K, committed 53888K, reserved 1093632K
[2020-12-28T14:51:19.075-0500][gc,heap        ] GC(23701)   class space    used 7457K, capacity 8250K, committed 8832K, reserved 1048576K
[2020-12-28T14:51:19.075-0500][gc             ] GC(23701) Pause Young (Normal) (G1 Evacuation Pause) 51M->42M(63M) 4.638ms
[2020-12-28T14:51:19.075-0500][gc,cpu         ] GC(23701) User=0.01s Sys=0.01s Real=0.00s
[2020-12-28T14:51:45.190-0500][gc,task        ] GC(23702) Using 5 workers of 8 for full compaction
[2020-12-28T14:51:45.190-0500][gc,start       ] GC(23702) Pause Full (System.gc())
[2020-12-28T14:51:45.191-0500][gc,heap        ] GC(23702) Heap before GC invocations=23702 (full 5451): garbage-first heap   total 64512K, used 44428K [0x0000000083000000, 0x0000000100000000)
[2020-12-28T14:51:45.191-0500][gc,heap        ] GC(23702)   region size 1024K, 3 young (3072K), 1 survivors (1024K)
[2020-12-28T14:51:45.191-0500][gc,heap        ] GC(23702)  Metaspace       used 50313K, capacity 52468K, committed 53888K, reserved 1093632K
[2020-12-28T14:51:45.191-0500][gc,heap        ] GC(23702)   class space    used 7457K, capacity 8250K, committed 8832K, reserved 1048576K
[2020-12-28T14:51:45.191-0500][gc,phases,start] GC(23702) Phase 1: Mark live objects
[2020-12-28T14:51:45.232-0500][gc,stringtable ] GC(23702) Cleaned string and symbol table, strings: 33320 processed, 4 removed, symbols: 120973 processed, 0 removed
[2020-12-28T14:51:45.232-0500][gc,phases      ] GC(23702) Phase 1: Mark live objects 41.069ms
[2020-12-28T14:51:45.232-0500][gc,phases,start] GC(23702) Phase 2: Prepare for compaction
[2020-12-28T14:51:45.237-0500][gc,phases      ] GC(23702) Phase 2: Prepare for compaction 5.028ms
[2020-12-28T14:51:45.237-0500][gc,phases,start] GC(23702) Phase 3: Adjust pointers
[2020-12-28T14:51:45.249-0500][gc,phases      ] GC(23702) Phase 3: Adjust pointers 12.046ms
[2020-12-28T14:51:45.249-0500][gc,phases,start] GC(23702) Phase 4: Compact heap
[2020-12-28T14:51:45.252-0500][gc,phases      ] GC(23702) Phase 4: Compact heap 2.888ms
[2020-12-28T14:51:45.257-0500][gc,heap        ] GC(23702) Eden regions: 2->0(10)
[2020-12-28T14:51:45.257-0500][gc,heap        ] GC(23702) Survivor regions: 1->0(2)
[2020-12-28T14:51:45.257-0500][gc,heap        ] GC(23702) Old regions: 41->41
[2020-12-28T14:51:45.257-0500][gc,heap        ] GC(23702) Humongous regions: 4->4
[2020-12-28T14:51:45.257-0500][gc,metaspace   ] GC(23702) Metaspace: 50313K->50313K(1093632K)
[2020-12-28T14:51:45.257-0500][gc,heap        ] GC(23702) Heap after GC invocations=23703 (full 5452): garbage-first heap   total 64512K, used 43315K [0x0000000083000000, 0x0000000100000000)
[2020-12-28T14:51:45.257-0500][gc,heap        ] GC(23702)   region size 1024K, 0 young (0K), 0 survivors (0K)
[2020-12-28T14:51:45.257-0500][gc,heap        ] GC(23702)  Metaspace       used 50313K, capacity 52468K, committed 53888K, reserved 1093632K
[2020-12-28T14:51:45.257-0500][gc,heap        ] GC(23702)   class space    used 7457K, capacity 8250K, committed 8832K, reserved 1048576K
[2020-12-28T14:51:45.257-0500][gc             ] GC(23702) Pause Full (System.gc()) 43M->42M(63M) 66.256ms
[2020-12-28T14:51:45.257-0500][gc,cpu         ] GC(23702) User=0.29s Sys=0.00s Real=0.06s
[2020-12-28T14:54:06.623-0500][gc,heap        ] GC(23703) Heap before GC invocations=23703 (full 5452): garbage-first heap   total 64512K, used 52531K [0x0000000083000000, 0x0000000100000000)
[2020-12-28T14:54:06.623-0500][gc,heap        ] GC(23703)   region size 1024K, 10 young (10240K), 0 survivors (0K)
[2020-12-28T14:54:06.623-0500][gc,heap        ] GC(23703)  Metaspace       used 50313K, capacity 52468K, committed 53888K, reserved 1093632K
[2020-12-28T14:54:06.623-0500][gc,heap        ] GC(23703)   class space    used 7457K, capacity 8250K, committed 8832K, reserved 1048576K
[2020-12-28T14:54:06.623-0500][gc,start       ] GC(23703) Pause Young (Normal) (G1 Evacuation Pause)
[2020-12-28T14:54:06.623-0500][gc,task        ] GC(23703) Using 8 workers of 8 for evacuation
[2020-12-28T14:54:06.627-0500][gc,phases      ] GC(23703)   Pre Evacuate Collection Set: 0.0ms
[2020-12-28T14:54:06.627-0500][gc,phases      ] GC(23703)   Evacuate Collection Set: 1.4ms
[2020-12-28T14:54:06.627-0500][gc,phases      ] GC(23703)   Post Evacuate Collection Set: 1.9ms
[2020-12-28T14:54:06.627-0500][gc,phases      ] GC(23703)   Other: 0.3ms
[2020-12-28T14:54:06.627-0500][gc,heap        ] GC(23703) Eden regions: 10->0(9)
[2020-12-28T14:54:06.627-0500][gc,heap        ] GC(23703) Survivor regions: 0->1(2)
[2020-12-28T14:54:06.627-0500][gc,heap        ] GC(23703) Old regions: 41->41
[2020-12-28T14:54:06.627-0500][gc,heap        ] GC(23703) Humongous regions: 4->4
[2020-12-28T14:54:06.627-0500][gc,metaspace   ] GC(23703) Metaspace: 50313K->50313K(1093632K)
[2020-12-28T14:54:06.627-0500][gc,heap        ] GC(23703) Heap after GC invocations=23704 (full 5452): garbage-first heap   total 64512K, used 43399K [0x0000000083000000, 0x0000000100000000)
[2020-12-28T14:54:06.627-0500][gc,heap        ] GC(23703)   region size 1024K, 1 young (1024K), 1 survivors (1024K)
[2020-12-28T14:54:06.627-0500][gc,heap        ] GC(23703)  Metaspace       used 50313K, capacity 52468K, committed 53888K, reserved 1093632K
[2020-12-28T14:54:06.627-0500][gc,heap        ] GC(23703)   class space    used 7457K, capacity 8250K, committed 8832K, reserved 1048576K
[2020-12-28T14:54:06.627-0500][gc             ] GC(23703) Pause Young (Normal) (G1 Evacuation Pause) 52M->42M(63M) 3.759ms
[2020-12-28T14:54:06.627-0500][gc,cpu         ] GC(23703) User=0.01s Sys=0.00s Real=0.00s
[2020-12-28T14:56:19.062-0500][gc,heap        ] GC(23704) Heap before GC invocations=23704 (full 5452): garbage-first heap   total 64512K, used 52615K [0x0000000083000000, 0x0000000100000000)
[2020-12-28T14:56:19.063-0500][gc,heap        ] GC(23704)   region size 1024K, 10 young (10240K), 1 survivors (1024K)
[2020-12-28T14:56:19.063-0500][gc,heap        ] GC(23704)  Metaspace       used 50313K, capacity 52468K, committed 53888K, reserved 1093632K
[2020-12-28T14:56:19.063-0500][gc,heap        ] GC(23704)   class space    used 7457K, capacity 8250K, committed 8832K, reserved 1048576K
[2020-12-28T14:56:19.063-0500][gc,start       ] GC(23704) Pause Young (Normal) (G1 Evacuation Pause)
[2020-12-28T14:56:19.063-0500][gc,task        ] GC(23704) Using 8 workers of 8 for evacuation
[2020-12-28T14:56:19.065-0500][gc,phases      ] GC(23704)   Pre Evacuate Collection Set: 0.0ms
[2020-12-28T14:56:19.065-0500][gc,phases      ] GC(23704)   Evacuate Collection Set: 1.1ms
[2020-12-28T14:56:19.065-0500][gc,phases      ] GC(23704)   Post Evacuate Collection Set: 1.4ms
[2020-12-28T14:56:19.065-0500][gc,phases      ] GC(23704)   Other: 0.3ms
[2020-12-28T14:56:19.065-0500][gc,heap        ] GC(23704) Eden regions: 9->0(9)
[2020-12-28T14:56:19.065-0500][gc,heap        ] GC(23704) Survivor regions: 1->1(2)
[2020-12-28T14:56:19.065-0500][gc,heap        ] GC(23704) Old regions: 41->41
[2020-12-28T14:56:19.066-0500][gc,heap        ] GC(23704) Humongous regions: 4->4
[2020-12-28T14:56:19.066-0500][gc,metaspace   ] GC(23704) Metaspace: 50313K->50313K(1093632K)
[2020-12-28T14:56:19.066-0500][gc,heap        ] GC(23704) Heap after GC invocations=23705 (full 5452): garbage-first heap   total 64512K, used 43395K [0x0000000083000000, 0x0000000100000000)
[2020-12-28T14:56:19.066-0500][gc,heap        ] GC(23704)   region size 1024K, 1 young (1024K), 1 survivors (1024K)
[2020-12-28T14:56:19.066-0500][gc,heap        ] GC(23704)  Metaspace       used 50313K, capacity 52468K, committed 53888K, reserved 1093632K
[2020-12-28T14:56:19.066-0500][gc,heap        ] GC(23704)   class space    used 7457K, capacity 8250K, committed 8832K, reserved 1048576K
[2020-12-28T14:56:19.066-0500][gc             ] GC(23704) Pause Young (Normal) (G1 Evacuation Pause) 51M->42M(63M) 2.948ms
[2020-12-28T14:56:19.066-0500][gc,cpu         ] GC(23704) User=0.00s Sys=0.00s Real=0.00s
[2020-12-28T14:56:45.190-0500][gc,task        ] GC(23705) Using 5 workers of 8 for full compaction
[2020-12-28T14:56:45.190-0500][gc,start       ] GC(23705) Pause Full (System.gc())
[2020-12-28T14:56:45.190-0500][gc,heap        ] GC(23705) Heap before GC invocations=23705 (full 5452): garbage-first heap   total 64512K, used 44419K [0x0000000083000000, 0x0000000100000000)
[2020-12-28T14:56:45.190-0500][gc,heap        ] GC(23705)   region size 1024K, 3 young (3072K), 1 survivors (1024K)
[2020-12-28T14:56:45.190-0500][gc,heap        ] GC(23705)  Metaspace       used 50313K, capacity 52468K, committed 53888K, reserved 1093632K
[2020-12-28T14:56:45.190-0500][gc,heap        ] GC(23705)   class space    used 7457K, capacity 8250K, committed 8832K, reserved 1048576K
[2020-12-28T14:56:45.191-0500][gc,phases,start] GC(23705) Phase 1: Mark live objects
[2020-12-28T14:56:45.231-0500][gc,stringtable ] GC(23705) Cleaned string and symbol table, strings: 33320 processed, 4 removed, symbols: 120973 processed, 0 removed
[2020-12-28T14:56:45.231-0500][gc,phases      ] GC(23705) Phase 1: Mark live objects 40.753ms
[2020-12-28T14:56:45.231-0500][gc,phases,start] GC(23705) Phase 2: Prepare for compaction
[2020-12-28T14:56:45.235-0500][gc,phases      ] GC(23705) Phase 2: Prepare for compaction 3.229ms
[2020-12-28T14:56:45.235-0500][gc,phases,start] GC(23705) Phase 3: Adjust pointers
[2020-12-28T14:56:45.244-0500][gc,phases      ] GC(23705) Phase 3: Adjust pointers 9.451ms
[2020-12-28T14:56:45.244-0500][gc,phases,start] GC(23705) Phase 4: Compact heap
[2020-12-28T14:56:45.248-0500][gc,phases      ] GC(23705) Phase 4: Compact heap 3.434ms
[2020-12-28T14:56:45.252-0500][gc,heap        ] GC(23705) Eden regions: 2->0(9)
[2020-12-28T14:56:45.252-0500][gc,heap        ] GC(23705) Survivor regions: 1->0(2)
[2020-12-28T14:56:45.252-0500][gc,heap        ] GC(23705) Old regions: 41->42
[2020-12-28T14:56:45.252-0500][gc,heap        ] GC(23705) Humongous regions: 4->4
[2020-12-28T14:56:45.252-0500][gc,metaspace   ] GC(23705) Metaspace: 50313K->50313K(1093632K)
[2020-12-28T14:56:45.252-0500][gc,heap        ] GC(23705) Heap after GC invocations=23706 (full 5453): garbage-first heap   total 64512K, used 43313K [0x0000000083000000, 0x0000000100000000)
[2020-12-28T14:56:45.252-0500][gc,heap        ] GC(23705)   region size 1024K, 0 young (0K), 0 survivors (0K)
[2020-12-28T14:56:45.252-0500][gc,heap        ] GC(23705)  Metaspace       used 50313K, capacity 52468K, committed 53888K, reserved 1093632K
[2020-12-28T14:56:45.252-0500][gc,heap        ] GC(23705)   class space    used 7457K, capacity 8250K, committed 8832K, reserved 1048576K
[2020-12-28T14:56:45.252-0500][gc             ] GC(23705) Pause Full (System.gc()) 44M->42M(63M) 62.024ms
[2020-12-28T14:56:45.252-0500][gc,cpu         ] GC(23705) User=0.26s Sys=0.00s Real=0.06s
[2020-12-28T14:58:49.059-0500][gc,heap        ] GC(23706) Heap before GC invocations=23706 (full 5453): garbage-first heap   total 64512K, used 51505K [0x0000000083000000, 0x0000000100000000)
[2020-12-28T14:58:49.059-0500][gc,heap        ] GC(23706)   region size 1024K, 9 young (9216K), 0 survivors (0K)
[2020-12-28T14:58:49.059-0500][gc,heap        ] GC(23706)  Metaspace       used 50313K, capacity 52468K, committed 53888K, reserved 1093632K
[2020-12-28T14:58:49.059-0500][gc,heap        ] GC(23706)   class space    used 7457K, capacity 8250K, committed 8832K, reserved 1048576K
[2020-12-28T14:58:49.059-0500][gc,start       ] GC(23706) Pause Young (Normal) (G1 Evacuation Pause)
[2020-12-28T14:58:49.059-0500][gc,task        ] GC(23706) Using 8 workers of 8 for evacuation
[2020-12-28T14:58:49.062-0500][gc,phases      ] GC(23706)   Pre Evacuate Collection Set: 0.0ms
[2020-12-28T14:58:49.062-0500][gc,phases      ] GC(23706)   Evacuate Collection Set: 0.9ms
[2020-12-28T14:58:49.062-0500][gc,phases      ] GC(23706)   Post Evacuate Collection Set: 1.6ms
[2020-12-28T14:58:49.062-0500][gc,phases      ] GC(23706)   Other: 0.3ms
[2020-12-28T14:58:49.062-0500][gc,heap        ] GC(23706) Eden regions: 9->0(8)
[2020-12-28T14:58:49.062-0500][gc,heap        ] GC(23706) Survivor regions: 0->1(2)
[2020-12-28T14:58:49.062-0500][gc,heap        ] GC(23706) Old regions: 42->42
[2020-12-28T14:58:49.062-0500][gc,heap        ] GC(23706) Humongous regions: 4->4
[2020-12-28T14:58:49.062-0500][gc,metaspace   ] GC(23706) Metaspace: 50313K->50313K(1093632K)
[2020-12-28T14:58:49.062-0500][gc,heap        ] GC(23706) Heap after GC invocations=23707 (full 5453): garbage-first heap   total 64512K, used 43416K [0x0000000083000000, 0x0000000100000000)
[2020-12-28T14:58:49.062-0500][gc,heap        ] GC(23706)   region size 1024K, 1 young (1024K), 1 survivors (1024K)
[2020-12-28T14:58:49.062-0500][gc,heap        ] GC(23706)  Metaspace       used 50313K, capacity 52468K, committed 53888K, reserved 1093632K
[2020-12-28T14:58:49.062-0500][gc,heap        ] GC(23706)   class space    used 7457K, capacity 8250K, committed 8832K, reserved 1048576K
[2020-12-28T14:58:49.062-0500][gc             ] GC(23706) Pause Young (Normal) (G1 Evacuation Pause) 51M->42M(63M) 2.816ms
[2020-12-28T14:58:49.062-0500][gc,cpu         ] GC(23706) User=0.01s Sys=0.01s Real=0.00s
[2020-12-28T15:00:49.066-0500][gc,heap        ] GC(23707) Heap before GC invocations=23707 (full 5453): garbage-first heap   total 64512K, used 51608K [0x0000000083000000, 0x0000000100000000)
[2020-12-28T15:00:49.067-0500][gc,heap        ] GC(23707)   region size 1024K, 9 young (9216K), 1 survivors (1024K)
[2020-12-28T15:00:49.067-0500][gc,heap        ] GC(23707)  Metaspace       used 50313K, capacity 52468K, committed 53888K, reserved 1093632K
[2020-12-28T15:00:49.067-0500][gc,heap        ] GC(23707)   class space    used 7457K, capacity 8250K, committed 8832K, reserved 1048576K
[2020-12-28T15:00:49.067-0500][gc,start       ] GC(23707) Pause Young (Normal) (G1 Evacuation Pause)
[2020-12-28T15:00:49.067-0500][gc,task        ] GC(23707) Using 8 workers of 8 for evacuation
[2020-12-28T15:00:49.075-0500][gc,phases      ] GC(23707)   Pre Evacuate Collection Set: 0.0ms
[2020-12-28T15:00:49.075-0500][gc,phases      ] GC(23707)   Evacuate Collection Set: 3.6ms
[2020-12-28T15:00:49.075-0500][gc,phases      ] GC(23707)   Post Evacuate Collection Set: 3.8ms
[2020-12-28T15:00:49.075-0500][gc,phases      ] GC(23707)   Other: 1.2ms
[2020-12-28T15:00:49.075-0500][gc,heap        ] GC(23707) Eden regions: 8->0(8)
[2020-12-28T15:00:49.075-0500][gc,heap        ] GC(23707) Survivor regions: 1->1(2)
[2020-12-28T15:00:49.076-0500][gc,heap        ] GC(23707) Old regions: 42->42
[2020-12-28T15:00:49.076-0500][gc,heap        ] GC(23707) Humongous regions: 4->4
[2020-12-28T15:00:49.076-0500][gc,metaspace   ] GC(23707) Metaspace: 50313K->50313K(1093632K)
[2020-12-28T15:00:49.076-0500][gc,heap        ] GC(23707) Heap after GC invocations=23708 (full 5453): garbage-first heap   total 64512K, used 43398K [0x0000000083000000, 0x0000000100000000)
[2020-12-28T15:00:49.076-0500][gc,heap        ] GC(23707)   region size 1024K, 1 young (1024K), 1 survivors (1024K)
[2020-12-28T15:00:49.076-0500][gc,heap        ] GC(23707)  Metaspace       used 50313K, capacity 52468K, committed 53888K, reserved 1093632K
[2020-12-28T15:00:49.076-0500][gc,heap        ] GC(23707)   class space    used 7457K, capacity 8250K, committed 8832K, reserved 1048576K
[2020-12-28T15:00:49.076-0500][gc             ] GC(23707) Pause Young (Normal) (G1 Evacuation Pause) 50M->42M(63M) 8.457ms
[2020-12-28T15:00:49.076-0500][gc,cpu         ] GC(23707) User=0.03s Sys=0.01s Real=0.01s
[2020-12-28T15:01:45.190-0500][gc,task        ] GC(23708) Using 5 workers of 8 for full compaction
[2020-12-28T15:01:45.190-0500][gc,start       ] GC(23708) Pause Full (System.gc())
[2020-12-28T15:01:45.190-0500][gc,heap        ] GC(23708) Heap before GC invocations=23708 (full 5453): garbage-first heap   total 64512K, used 47494K [0x0000000083000000, 0x0000000100000000)
[2020-12-28T15:01:45.190-0500][gc,heap        ] GC(23708)   region size 1024K, 6 young (6144K), 1 survivors (1024K)
[2020-12-28T15:01:45.190-0500][gc,heap        ] GC(23708)  Metaspace       used 50313K, capacity 52468K, committed 53888K, reserved 1093632K
[2020-12-28T15:01:45.190-0500][gc,heap        ] GC(23708)   class space    used 7457K, capacity 8250K, committed 8832K, reserved 1048576K
[2020-12-28T15:01:45.190-0500][gc,phases,start] GC(23708) Phase 1: Mark live objects
[2020-12-28T15:01:45.222-0500][gc,stringtable ] GC(23708) Cleaned string and symbol table, strings: 33320 processed, 4 removed, symbols: 120973 processed, 0 removed
[2020-12-28T15:01:45.222-0500][gc,phases      ] GC(23708) Phase 1: Mark live objects 31.721ms
[2020-12-28T15:01:45.222-0500][gc,phases,start] GC(23708) Phase 2: Prepare for compaction
[2020-12-28T15:01:45.225-0500][gc,phases      ] GC(23708) Phase 2: Prepare for compaction 3.461ms
[2020-12-28T15:01:45.225-0500][gc,phases,start] GC(23708) Phase 3: Adjust pointers
[2020-12-28T15:01:45.236-0500][gc,phases      ] GC(23708) Phase 3: Adjust pointers 10.923ms
[2020-12-28T15:01:45.236-0500][gc,phases,start] GC(23708) Phase 4: Compact heap
[2020-12-28T15:01:45.239-0500][gc,phases      ] GC(23708) Phase 4: Compact heap 2.825ms
[2020-12-28T15:01:45.244-0500][gc,heap        ] GC(23708) Eden regions: 5->0(10)
[2020-12-28T15:01:45.244-0500][gc,heap        ] GC(23708) Survivor regions: 1->0(2)
[2020-12-28T15:01:45.244-0500][gc,heap        ] GC(23708) Old regions: 42->41
[2020-12-28T15:01:45.244-0500][gc,heap        ] GC(23708) Humongous regions: 4->4
[2020-12-28T15:01:45.244-0500][gc,metaspace   ] GC(23708) Metaspace: 50313K->50313K(1093632K)
[2020-12-28T15:01:45.244-0500][gc,heap        ] GC(23708) Heap after GC invocations=23709 (full 5454): garbage-first heap   total 64512K, used 43336K [0x0000000083000000, 0x0000000100000000)
[2020-12-28T15:01:45.244-0500][gc,heap        ] GC(23708)   region size 1024K, 0 young (0K), 0 survivors (0K)
[2020-12-28T15:01:45.244-0500][gc,heap        ] GC(23708)  Metaspace       used 50313K, capacity 52468K, committed 53888K, reserved 1093632K
[2020-12-28T15:01:45.244-0500][gc,heap        ] GC(23708)   class space    used 7457K, capacity 8250K, committed 8832K, reserved 1048576K
[2020-12-28T15:01:45.244-0500][gc             ] GC(23708) Pause Full (System.gc()) 46M->42M(63M) 53.994ms
[2020-12-28T15:01:45.244-0500][gc,cpu         ] GC(23708) User=0.20s Sys=0.00s Real=0.05s
[2020-12-28T15:04:09.059-0500][gc,heap        ] GC(23709) Heap before GC invocations=23709 (full 5454): garbage-first heap   total 64512K, used 52552K [0x0000000083000000, 0x0000000100000000)
[2020-12-28T15:04:09.059-0500][gc,heap        ] GC(23709)   region size 1024K, 10 young (10240K), 0 survivors (0K)
[2020-12-28T15:04:09.059-0500][gc,heap        ] GC(23709)  Metaspace       used 50313K, capacity 52468K, committed 53888K, reserved 1093632K
[2020-12-28T15:04:09.059-0500][gc,heap        ] GC(23709)   class space    used 7457K, capacity 8250K, committed 8832K, reserved 1048576K
[2020-12-28T15:04:09.059-0500][gc,start       ] GC(23709) Pause Young (Normal) (G1 Evacuation Pause)
[2020-12-28T15:04:09.059-0500][gc,task        ] GC(23709) Using 8 workers of 8 for evacuation
[2020-12-28T15:04:09.061-0500][gc,phases      ] GC(23709)   Pre Evacuate Collection Set: 0.0ms
[2020-12-28T15:04:09.061-0500][gc,phases      ] GC(23709)   Evacuate Collection Set: 0.6ms
[2020-12-28T15:04:09.061-0500][gc,phases      ] GC(23709)   Post Evacuate Collection Set: 0.8ms
[2020-12-28T15:04:09.061-0500][gc,phases      ] GC(23709)   Other: 0.2ms
[2020-12-28T15:04:09.061-0500][gc,heap        ] GC(23709) Eden regions: 10->0(9)
[2020-12-28T15:04:09.061-0500][gc,heap        ] GC(23709) Survivor regions: 0->1(2)
[2020-12-28T15:04:09.061-0500][gc,heap        ] GC(23709) Old regions: 41->41
[2020-12-28T15:04:09.061-0500][gc,heap        ] GC(23709) Humongous regions: 4->4
[2020-12-28T15:04:09.061-0500][gc,metaspace   ] GC(23709) Metaspace: 50313K->50313K(1093632K)
[2020-12-28T15:04:09.061-0500][gc,heap        ] GC(23709) Heap after GC invocations=23710 (full 5454): garbage-first heap   total 64512K, used 43438K [0x0000000083000000, 0x0000000100000000)
[2020-12-28T15:04:09.061-0500][gc,heap        ] GC(23709)   region size 1024K, 1 young (1024K), 1 survivors (1024K)
[2020-12-28T15:04:09.061-0500][gc,heap        ] GC(23709)  Metaspace       used 50313K, capacity 52468K, committed 53888K, reserved 1093632K
[2020-12-28T15:04:09.061-0500][gc,heap        ] GC(23709)   class space    used 7457K, capacity 8250K, committed 8832K, reserved 1048576K
[2020-12-28T15:04:09.061-0500][gc             ] GC(23709) Pause Young (Normal) (G1 Evacuation Pause) 52M->42M(63M) 1.630ms
[2020-12-28T15:04:09.061-0500][gc,cpu         ] GC(23709) User=0.00s Sys=0.00s Real=0.00s
[2020-12-28T15:06:19.060-0500][gc,heap        ] GC(23710) Heap before GC invocations=23710 (full 5454): garbage-first heap   total 64512K, used 51630K [0x0000000083000000, 0x0000000100000000)
[2020-12-28T15:06:19.060-0500][gc,heap        ] GC(23710)   region size 1024K, 10 young (10240K), 1 survivors (1024K)
[2020-12-28T15:06:19.060-0500][gc,heap        ] GC(23710)  Metaspace       used 50313K, capacity 52468K, committed 53888K, reserved 1093632K
[2020-12-28T15:06:19.060-0500][gc,heap        ] GC(23710)   class space    used 7457K, capacity 8250K, committed 8832K, reserved 1048576K
[2020-12-28T15:06:19.060-0500][gc,start       ] GC(23710) Pause Young (Normal) (G1 Evacuation Pause)
[2020-12-28T15:06:19.060-0500][gc,task        ] GC(23710) Using 8 workers of 8 for evacuation
[2020-12-28T15:06:19.066-0500][gc,phases      ] GC(23710)   Pre Evacuate Collection Set: 0.0ms
[2020-12-28T15:06:19.066-0500][gc,phases      ] GC(23710)   Evacuate Collection Set: 2.5ms
[2020-12-28T15:06:19.066-0500][gc,phases      ] GC(23710)   Post Evacuate Collection Set: 2.5ms
[2020-12-28T15:06:19.066-0500][gc,phases      ] GC(23710)   Other: 0.5ms
[2020-12-28T15:06:19.066-0500][gc,heap        ] GC(23710) Eden regions: 9->0(9)
[2020-12-28T15:06:19.066-0500][gc,heap        ] GC(23710) Survivor regions: 1->1(2)
[2020-12-28T15:06:19.066-0500][gc,heap        ] GC(23710) Old regions: 41->41
[2020-12-28T15:06:19.066-0500][gc,heap        ] GC(23710) Humongous regions: 4->4
[2020-12-28T15:06:19.066-0500][gc,metaspace   ] GC(23710) Metaspace: 50313K->50313K(1093632K)
[2020-12-28T15:06:19.066-0500][gc,heap        ] GC(23710) Heap after GC invocations=23711 (full 5454): garbage-first heap   total 64512K, used 43423K [0x0000000083000000, 0x0000000100000000)
[2020-12-28T15:06:19.066-0500][gc,heap        ] GC(23710)   region size 1024K, 1 young (1024K), 1 survivors (1024K)
[2020-12-28T15:06:19.066-0500][gc,heap        ] GC(23710)  Metaspace       used 50313K, capacity 52468K, committed 53888K, reserved 1093632K
[2020-12-28T15:06:19.066-0500][gc,heap        ] GC(23710)   class space    used 7457K, capacity 8250K, committed 8832K, reserved 1048576K
[2020-12-28T15:06:19.066-0500][gc             ] GC(23710) Pause Young (Normal) (G1 Evacuation Pause) 51M->42M(63M) 5.756ms
[2020-12-28T15:06:19.066-0500][gc,cpu         ] GC(23710) User=0.02s Sys=0.00s Real=0.00s
[2020-12-28T15:06:45.192-0500][gc,task        ] GC(23711) Using 5 workers of 8 for full compaction
[2020-12-28T15:06:45.192-0500][gc,start       ] GC(23711) Pause Full (System.gc())
[2020-12-28T15:06:45.192-0500][gc,heap        ] GC(23711) Heap before GC invocations=23711 (full 5454): garbage-first heap   total 64512K, used 44447K [0x0000000083000000, 0x0000000100000000)
[2020-12-28T15:06:45.192-0500][gc,heap        ] GC(23711)   region size 1024K, 3 young (3072K), 1 survivors (1024K)
[2020-12-28T15:06:45.192-0500][gc,heap        ] GC(23711)  Metaspace       used 50313K, capacity 52468K, committed 53888K, reserved 1093632K
[2020-12-28T15:06:45.193-0500][gc,heap        ] GC(23711)   class space    used 7457K, capacity 8250K, committed 8832K, reserved 1048576K
[2020-12-28T15:06:45.193-0500][gc,phases,start] GC(23711) Phase 1: Mark live objects
[2020-12-28T15:06:45.220-0500][gc,stringtable ] GC(23711) Cleaned string and symbol table, strings: 33320 processed, 4 removed, symbols: 120973 processed, 0 removed
[2020-12-28T15:06:45.221-0500][gc,phases      ] GC(23711) Phase 1: Mark live objects 27.156ms
[2020-12-28T15:06:45.221-0500][gc,phases,start] GC(23711) Phase 2: Prepare for compaction
[2020-12-28T15:06:45.226-0500][gc,phases      ] GC(23711) Phase 2: Prepare for compaction 4.922ms
[2020-12-28T15:06:45.226-0500][gc,phases,start] GC(23711) Phase 3: Adjust pointers
[2020-12-28T15:06:45.236-0500][gc,phases      ] GC(23711) Phase 3: Adjust pointers 10.592ms
[2020-12-28T15:06:45.236-0500][gc,phases,start] GC(23711) Phase 4: Compact heap
[2020-12-28T15:06:45.239-0500][gc,phases      ] GC(23711) Phase 4: Compact heap 2.963ms
[2020-12-28T15:06:45.244-0500][gc,heap        ] GC(23711) Eden regions: 2->0(10)
[2020-12-28T15:06:45.244-0500][gc,heap        ] GC(23711) Survivor regions: 1->0(2)
[2020-12-28T15:06:45.244-0500][gc,heap        ] GC(23711) Old regions: 41->41
[2020-12-28T15:06:45.244-0500][gc,heap        ] GC(23711) Humongous regions: 4->4
[2020-12-28T15:06:45.244-0500][gc,metaspace   ] GC(23711) Metaspace: 50313K->50313K(1093632K)
[2020-12-28T15:06:45.244-0500][gc,heap        ] GC(23711) Heap after GC invocations=23712 (full 5455): garbage-first heap   total 64512K, used 43315K [0x0000000083000000, 0x0000000100000000)
[2020-12-28T15:06:45.244-0500][gc,heap        ] GC(23711)   region size 1024K, 0 young (0K), 0 survivors (0K)
[2020-12-28T15:06:45.244-0500][gc,heap        ] GC(23711)  Metaspace       used 50313K, capacity 52468K, committed 53888K, reserved 1093632K
[2020-12-28T15:06:45.244-0500][gc,heap        ] GC(23711)   class space    used 7457K, capacity 8250K, committed 8832K, reserved 1048576K
[2020-12-28T15:06:45.244-0500][gc             ] GC(23711) Pause Full (System.gc()) 44M->42M(63M) 51.797ms
[2020-12-28T15:06:45.244-0500][gc,cpu         ] GC(23711) User=0.22s Sys=0.00s Real=0.05s
[2020-12-28T15:09:04.807-0500][gc,heap        ] GC(23712) Heap before GC invocations=23712 (full 5455): garbage-first heap   total 64512K, used 52531K [0x0000000083000000, 0x0000000100000000)
[2020-12-28T15:09:04.807-0500][gc,heap        ] GC(23712)   region size 1024K, 10 young (10240K), 0 survivors (0K)
[2020-12-28T15:09:04.807-0500][gc,heap        ] GC(23712)  Metaspace       used 50313K, capacity 52468K, committed 53888K, reserved 1093632K
[2020-12-28T15:09:04.807-0500][gc,heap        ] GC(23712)   class space    used 7457K, capacity 8250K, committed 8832K, reserved 1048576K
[2020-12-28T15:09:04.807-0500][gc,start       ] GC(23712) Pause Young (Normal) (G1 Evacuation Pause)
[2020-12-28T15:09:04.807-0500][gc,task        ] GC(23712) Using 8 workers of 8 for evacuation
[2020-12-28T15:09:04.813-0500][gc,phases      ] GC(23712)   Pre Evacuate Collection Set: 0.0ms
[2020-12-28T15:09:04.813-0500][gc,phases      ] GC(23712)   Evacuate Collection Set: 1.9ms
[2020-12-28T15:09:04.813-0500][gc,phases      ] GC(23712)   Post Evacuate Collection Set: 3.5ms
[2020-12-28T15:09:04.813-0500][gc,phases      ] GC(23712)   Other: 0.6ms
[2020-12-28T15:09:04.813-0500][gc,heap        ] GC(23712) Eden regions: 10->0(9)
[2020-12-28T15:09:04.813-0500][gc,heap        ] GC(23712) Survivor regions: 0->1(2)
[2020-12-28T15:09:04.813-0500][gc,heap        ] GC(23712) Old regions: 41->41
[2020-12-28T15:09:04.813-0500][gc,heap        ] GC(23712) Humongous regions: 4->4
[2020-12-28T15:09:04.813-0500][gc,metaspace   ] GC(23712) Metaspace: 50313K->50313K(1093632K)
[2020-12-28T15:09:04.813-0500][gc,heap        ] GC(23712) Heap after GC invocations=23713 (full 5455): garbage-first heap   total 64512K, used 43399K [0x0000000083000000, 0x0000000100000000)
[2020-12-28T15:09:04.813-0500][gc,heap        ] GC(23712)   region size 1024K, 1 young (1024K), 1 survivors (1024K)
[2020-12-28T15:09:04.813-0500][gc,heap        ] GC(23712)  Metaspace       used 50313K, capacity 52468K, committed 53888K, reserved 1093632K
[2020-12-28T15:09:04.814-0500][gc,heap        ] GC(23712)   class space    used 7457K, capacity 8250K, committed 8832K, reserved 1048576K
[2020-12-28T15:09:04.814-0500][gc             ] GC(23712) Pause Young (Normal) (G1 Evacuation Pause) 52M->42M(63M) 6.358ms
[2020-12-28T15:09:04.814-0500][gc,cpu         ] GC(23712) User=0.02s Sys=0.00s Real=0.01s
[2020-12-28T15:11:19.065-0500][gc,heap        ] GC(23713) Heap before GC invocations=23713 (full 5455): garbage-first heap   total 64512K, used 52615K [0x0000000083000000, 0x0000000100000000)
[2020-12-28T15:11:19.066-0500][gc,heap        ] GC(23713)   region size 1024K, 10 young (10240K), 1 survivors (1024K)
[2020-12-28T15:11:19.066-0500][gc,heap        ] GC(23713)  Metaspace       used 50313K, capacity 52468K, committed 53888K, reserved 1093632K
[2020-12-28T15:11:19.066-0500][gc,heap        ] GC(23713)   class space    used 7457K, capacity 8250K, committed 8832K, reserved 1048576K
[2020-12-28T15:11:19.066-0500][gc,start       ] GC(23713) Pause Young (Normal) (G1 Evacuation Pause)
[2020-12-28T15:11:19.066-0500][gc,task        ] GC(23713) Using 8 workers of 8 for evacuation
[2020-12-28T15:11:19.072-0500][gc,phases      ] GC(23713)   Pre Evacuate Collection Set: 0.0ms
[2020-12-28T15:11:19.072-0500][gc,phases      ] GC(23713)   Evacuate Collection Set: 3.7ms
[2020-12-28T15:11:19.072-0500][gc,phases      ] GC(23713)   Post Evacuate Collection Set: 2.2ms
[2020-12-28T15:11:19.072-0500][gc,phases      ] GC(23713)   Other: 0.5ms
[2020-12-28T15:11:19.072-0500][gc,heap        ] GC(23713) Eden regions: 9->0(9)
[2020-12-28T15:11:19.072-0500][gc,heap        ] GC(23713) Survivor regions: 1->1(2)
[2020-12-28T15:11:19.072-0500][gc,heap        ] GC(23713) Old regions: 41->41
[2020-12-28T15:11:19.072-0500][gc,heap        ] GC(23713) Humongous regions: 4->4
[2020-12-28T15:11:19.072-0500][gc,metaspace   ] GC(23713) Metaspace: 50313K->50313K(1093632K)
[2020-12-28T15:11:19.072-0500][gc,heap        ] GC(23713) Heap after GC invocations=23714 (full 5455): garbage-first heap   total 64512K, used 43399K [0x0000000083000000, 0x0000000100000000)
[2020-12-28T15:11:19.072-0500][gc,heap        ] GC(23713)   region size 1024K, 1 young (1024K), 1 survivors (1024K)
[2020-12-28T15:11:19.072-0500][gc,heap        ] GC(23713)  Metaspace       used 50313K, capacity 52468K, committed 53888K, reserved 1093632K
[2020-12-28T15:11:19.072-0500][gc,heap        ] GC(23713)   class space    used 7457K, capacity 8250K, committed 8832K, reserved 1048576K
[2020-12-28T15:11:19.072-0500][gc             ] GC(23713) Pause Young (Normal) (G1 Evacuation Pause) 51M->42M(63M) 6.565ms
[2020-12-28T15:11:19.072-0500][gc,cpu         ] GC(23713) User=0.02s Sys=0.00s Real=0.01s
[2020-12-28T15:11:45.189-0500][gc,task        ] GC(23714) Using 5 workers of 8 for full compaction
[2020-12-28T15:11:45.189-0500][gc,start       ] GC(23714) Pause Full (System.gc())
[2020-12-28T15:11:45.189-0500][gc,heap        ] GC(23714) Heap before GC invocations=23714 (full 5455): garbage-first heap   total 64512K, used 44423K [0x0000000083000000, 0x0000000100000000)
[2020-12-28T15:11:45.189-0500][gc,heap        ] GC(23714)   region size 1024K, 3 young (3072K), 1 survivors (1024K)
[2020-12-28T15:11:45.189-0500][gc,heap        ] GC(23714)  Metaspace       used 50313K, capacity 52468K, committed 53888K, reserved 1093632K
[2020-12-28T15:11:45.189-0500][gc,heap        ] GC(23714)   class space    used 7457K, capacity 8250K, committed 8832K, reserved 1048576K
[2020-12-28T15:11:45.190-0500][gc,phases,start] GC(23714) Phase 1: Mark live objects
[2020-12-28T15:11:45.208-0500][gc,stringtable ] GC(23714) Cleaned string and symbol table, strings: 33320 processed, 4 removed, symbols: 120973 processed, 0 removed
[2020-12-28T15:11:45.208-0500][gc,phases      ] GC(23714) Phase 1: Mark live objects 17.934ms
[2020-12-28T15:11:45.208-0500][gc,phases,start] GC(23714) Phase 2: Prepare for compaction
[2020-12-28T15:11:45.211-0500][gc,phases      ] GC(23714) Phase 2: Prepare for compaction 3.326ms
[2020-12-28T15:11:45.211-0500][gc,phases,start] GC(23714) Phase 3: Adjust pointers
[2020-12-28T15:11:45.222-0500][gc,phases      ] GC(23714) Phase 3: Adjust pointers 11.256ms
[2020-12-28T15:11:45.222-0500][gc,phases,start] GC(23714) Phase 4: Compact heap
[2020-12-28T15:11:45.225-0500][gc,phases      ] GC(23714) Phase 4: Compact heap 2.943ms
[2020-12-28T15:11:45.230-0500][gc,heap        ] GC(23714) Eden regions: 2->0(9)
[2020-12-28T15:11:45.230-0500][gc,heap        ] GC(23714) Survivor regions: 1->0(2)
[2020-12-28T15:11:45.230-0500][gc,heap        ] GC(23714) Old regions: 41->42
[2020-12-28T15:11:45.230-0500][gc,heap        ] GC(23714) Humongous regions: 4->4
[2020-12-28T15:11:45.230-0500][gc,metaspace   ] GC(23714) Metaspace: 50313K->50313K(1093632K)
[2020-12-28T15:11:45.230-0500][gc,heap        ] GC(23714) Heap after GC invocations=23715 (full 5456): garbage-first heap   total 64512K, used 43315K [0x0000000083000000, 0x0000000100000000)
[2020-12-28T15:11:45.230-0500][gc,heap        ] GC(23714)   region size 1024K, 0 young (0K), 0 survivors (0K)
[2020-12-28T15:11:45.230-0500][gc,heap        ] GC(23714)  Metaspace       used 50313K, capacity 52468K, committed 53888K, reserved 1093632K
[2020-12-28T15:11:45.230-0500][gc,heap        ] GC(23714)   class space    used 7457K, capacity 8250K, committed 8832K, reserved 1048576K
[2020-12-28T15:11:45.230-0500][gc             ] GC(23714) Pause Full (System.gc()) 44M->42M(63M) 40.564ms
[2020-12-28T15:11:45.230-0500][gc,cpu         ] GC(23714) User=0.17s Sys=0.00s Real=0.04s
[2020-12-28T15:13:59.068-0500][gc,heap        ] GC(23715) Heap before GC invocations=23715 (full 5456): garbage-first heap   total 64512K, used 52531K [0x0000000083000000, 0x0000000100000000)
[2020-12-28T15:13:59.068-0500][gc,heap        ] GC(23715)   region size 1024K, 9 young (9216K), 0 survivors (0K)
[2020-12-28T15:13:59.068-0500][gc,heap        ] GC(23715)  Metaspace       used 50313K, capacity 52468K, committed 53888K, reserved 1093632K
[2020-12-28T15:13:59.068-0500][gc,heap        ] GC(23715)   class space    used 7457K, capacity 8250K, committed 8832K, reserved 1048576K
[2020-12-28T15:13:59.068-0500][gc,start       ] GC(23715) Pause Young (Normal) (G1 Evacuation Pause)
[2020-12-28T15:13:59.068-0500][gc,task        ] GC(23715) Using 8 workers of 8 for evacuation
[2020-12-28T15:13:59.072-0500][gc,phases      ] GC(23715)   Pre Evacuate Collection Set: 0.0ms
[2020-12-28T15:13:59.072-0500][gc,phases      ] GC(23715)   Evacuate Collection Set: 1.4ms
[2020-12-28T15:13:59.072-0500][gc,phases      ] GC(23715)   Post Evacuate Collection Set: 2.3ms
[2020-12-28T15:13:59.072-0500][gc,phases      ] GC(23715)   Other: 0.5ms
[2020-12-28T15:13:59.072-0500][gc,heap        ] GC(23715) Eden regions: 9->0(8)
[2020-12-28T15:13:59.073-0500][gc,heap        ] GC(23715) Survivor regions: 0->1(2)
[2020-12-28T15:13:59.073-0500][gc,heap        ] GC(23715) Old regions: 42->42
[2020-12-28T15:13:59.073-0500][gc,heap        ] GC(23715) Humongous regions: 4->4
[2020-12-28T15:13:59.073-0500][gc,metaspace   ] GC(23715) Metaspace: 50313K->50313K(1093632K)
[2020-12-28T15:13:59.073-0500][gc,heap        ] GC(23715) Heap after GC invocations=23716 (full 5456): garbage-first heap   total 64512K, used 43375K [0x0000000083000000, 0x0000000100000000)
[2020-12-28T15:13:59.073-0500][gc,heap        ] GC(23715)   region size 1024K, 1 young (1024K), 1 survivors (1024K)
[2020-12-28T15:13:59.073-0500][gc,heap        ] GC(23715)  Metaspace       used 50313K, capacity 52468K, committed 53888K, reserved 1093632K
[2020-12-28T15:13:59.073-0500][gc,heap        ] GC(23715)   class space    used 7457K, capacity 8250K, committed 8832K, reserved 1048576K
[2020-12-28T15:13:59.073-0500][gc             ] GC(23715) Pause Young (Normal) (G1 Evacuation Pause) 51M->42M(63M) 4.486ms
[2020-12-28T15:13:59.073-0500][gc,cpu         ] GC(23715) User=0.00s Sys=0.01s Real=0.00s
[2020-12-28T15:15:58.842-0500][gc,heap        ] GC(23716) Heap before GC invocations=23716 (full 5456): garbage-first heap   total 64512K, used 50543K [0x0000000083000000, 0x0000000100000000)
[2020-12-28T15:15:58.842-0500][gc,heap        ] GC(23716)   region size 1024K, 9 young (9216K), 1 survivors (1024K)
[2020-12-28T15:15:58.842-0500][gc,heap        ] GC(23716)  Metaspace       used 50313K, capacity 52468K, committed 53888K, reserved 1093632K
[2020-12-28T15:15:58.842-0500][gc,heap        ] GC(23716)   class space    used 7457K, capacity 8250K, committed 8832K, reserved 1048576K
[2020-12-28T15:15:58.842-0500][gc,start       ] GC(23716) Pause Young (Normal) (G1 Evacuation Pause)
[2020-12-28T15:15:58.842-0500][gc,task        ] GC(23716) Using 8 workers of 8 for evacuation
[2020-12-28T15:15:58.846-0500][gc,phases      ] GC(23716)   Pre Evacuate Collection Set: 0.0ms
[2020-12-28T15:15:58.846-0500][gc,phases      ] GC(23716)   Evacuate Collection Set: 1.3ms
[2020-12-28T15:15:58.846-0500][gc,phases      ] GC(23716)   Post Evacuate Collection Set: 2.0ms
[2020-12-28T15:15:58.846-0500][gc,phases      ] GC(23716)   Other: 0.5ms
[2020-12-28T15:15:58.846-0500][gc,heap        ] GC(23716) Eden regions: 8->0(8)
[2020-12-28T15:15:58.846-0500][gc,heap        ] GC(23716) Survivor regions: 1->1(2)
[2020-12-28T15:15:58.846-0500][gc,heap        ] GC(23716) Old regions: 42->42
[2020-12-28T15:15:58.846-0500][gc,heap        ] GC(23716) Humongous regions: 4->4
[2020-12-28T15:15:58.846-0500][gc,metaspace   ] GC(23716) Metaspace: 50313K->50313K(1093632K)
[2020-12-28T15:15:58.846-0500][gc,heap        ] GC(23716) Heap after GC invocations=23717 (full 5456): garbage-first heap   total 64512K, used 43386K [0x0000000083000000, 0x0000000100000000)
[2020-12-28T15:15:58.846-0500][gc,heap        ] GC(23716)   region size 1024K, 1 young (1024K), 1 survivors (1024K)
[2020-12-28T15:15:58.846-0500][gc,heap        ] GC(23716)  Metaspace       used 50313K, capacity 52468K, committed 53888K, reserved 1093632K
[2020-12-28T15:15:58.846-0500][gc,heap        ] GC(23716)   class space    used 7457K, capacity 8250K, committed 8832K, reserved 1048576K
[2020-12-28T15:15:58.846-0500][gc             ] GC(23716) Pause Young (Normal) (G1 Evacuation Pause) 50M->42M(63M) 4.088ms
[2020-12-28T15:15:58.846-0500][gc,cpu         ] GC(23716) User=0.00s Sys=0.00s Real=0.00s
[2020-12-28T15:16:45.193-0500][gc,task        ] GC(23717) Using 5 workers of 8 for full compaction
[2020-12-28T15:16:45.193-0500][gc,start       ] GC(23717) Pause Full (System.gc())
[2020-12-28T15:16:45.193-0500][gc,heap        ] GC(23717) Heap before GC invocations=23717 (full 5456): garbage-first heap   total 64512K, used 45434K [0x0000000083000000, 0x0000000100000000)
[2020-12-28T15:16:45.193-0500][gc,heap        ] GC(23717)   region size 1024K, 5 young (5120K), 1 survivors (1024K)
[2020-12-28T15:16:45.193-0500][gc,heap        ] GC(23717)  Metaspace       used 50313K, capacity 52468K, committed 53888K, reserved 1093632K
[2020-12-28T15:16:45.193-0500][gc,heap        ] GC(23717)   class space    used 7457K, capacity 8250K, committed 8832K, reserved 1048576K
[2020-12-28T15:16:45.194-0500][gc,phases,start] GC(23717) Phase 1: Mark live objects
[2020-12-28T15:16:45.228-0500][gc,stringtable ] GC(23717) Cleaned string and symbol table, strings: 33320 processed, 4 removed, symbols: 120973 processed, 0 removed
[2020-12-28T15:16:45.229-0500][gc,phases      ] GC(23717) Phase 1: Mark live objects 34.721ms
[2020-12-28T15:16:45.229-0500][gc,phases,start] GC(23717) Phase 2: Prepare for compaction
[2020-12-28T15:16:45.232-0500][gc,phases      ] GC(23717) Phase 2: Prepare for compaction 3.890ms
[2020-12-28T15:16:45.233-0500][gc,phases,start] GC(23717) Phase 3: Adjust pointers
[2020-12-28T15:16:45.244-0500][gc,phases      ] GC(23717) Phase 3: Adjust pointers 11.070ms
[2020-12-28T15:16:45.244-0500][gc,phases,start] GC(23717) Phase 4: Compact heap
[2020-12-28T15:16:45.246-0500][gc,phases      ] GC(23717) Phase 4: Compact heap 2.737ms
[2020-12-28T15:16:45.251-0500][gc,heap        ] GC(23717) Eden regions: 4->0(9)
[2020-12-28T15:16:45.251-0500][gc,heap        ] GC(23717) Survivor regions: 1->0(2)
[2020-12-28T15:16:45.251-0500][gc,heap        ] GC(23717) Old regions: 42->42
[2020-12-28T15:16:45.251-0500][gc,heap        ] GC(23717) Humongous regions: 4->4
[2020-12-28T15:16:45.251-0500][gc,metaspace   ] GC(23717) Metaspace: 50313K->50313K(1093632K)
[2020-12-28T15:16:45.251-0500][gc,heap        ] GC(23717) Heap after GC invocations=23718 (full 5457): garbage-first heap   total 64512K, used 43327K [0x0000000083000000, 0x0000000100000000)
[2020-12-28T15:16:45.251-0500][gc,heap        ] GC(23717)   region size 1024K, 0 young (0K), 0 survivors (0K)
[2020-12-28T15:16:45.251-0500][gc,heap        ] GC(23717)  Metaspace       used 50313K, capacity 52468K, committed 53888K, reserved 1093632K
[2020-12-28T15:16:45.251-0500][gc,heap        ] GC(23717)   class space    used 7457K, capacity 8250K, committed 8832K, reserved 1048576K
[2020-12-28T15:16:45.251-0500][gc             ] GC(23717) Pause Full (System.gc()) 45M->42M(63M) 57.832ms
[2020-12-28T15:16:45.251-0500][gc,cpu         ] GC(23717) User=0.25s Sys=0.00s Real=0.06s
[2020-12-28T15:18:59.064-0500][gc,heap        ] GC(23718) Heap before GC invocations=23718 (full 5457): garbage-first heap   total 64512K, used 51519K [0x0000000083000000, 0x0000000100000000)
[2020-12-28T15:18:59.064-0500][gc,heap        ] GC(23718)   region size 1024K, 9 young (9216K), 0 survivors (0K)
[2020-12-28T15:18:59.064-0500][gc,heap        ] GC(23718)  Metaspace       used 50313K, capacity 52468K, committed 53888K, reserved 1093632K
[2020-12-28T15:18:59.064-0500][gc,heap        ] GC(23718)   class space    used 7457K, capacity 8250K, committed 8832K, reserved 1048576K
[2020-12-28T15:18:59.064-0500][gc,start       ] GC(23718) Pause Young (Normal) (G1 Evacuation Pause)
[2020-12-28T15:18:59.064-0500][gc,task        ] GC(23718) Using 8 workers of 8 for evacuation
[2020-12-28T15:18:59.067-0500][gc,phases      ] GC(23718)   Pre Evacuate Collection Set: 0.0ms
[2020-12-28T15:18:59.067-0500][gc,phases      ] GC(23718)   Evacuate Collection Set: 1.0ms
[2020-12-28T15:18:59.067-0500][gc,phases      ] GC(23718)   Post Evacuate Collection Set: 1.9ms
[2020-12-28T15:18:59.067-0500][gc,phases      ] GC(23718)   Other: 0.3ms
[2020-12-28T15:18:59.067-0500][gc,heap        ] GC(23718) Eden regions: 9->0(8)
[2020-12-28T15:18:59.067-0500][gc,heap        ] GC(23718) Survivor regions: 0->1(2)
[2020-12-28T15:18:59.067-0500][gc,heap        ] GC(23718) Old regions: 42->42
[2020-12-28T15:18:59.067-0500][gc,heap        ] GC(23718) Humongous regions: 4->4
[2020-12-28T15:18:59.068-0500][gc,metaspace   ] GC(23718) Metaspace: 50313K->50313K(1093632K)
[2020-12-28T15:18:59.068-0500][gc,heap        ] GC(23718) Heap after GC invocations=23719 (full 5457): garbage-first heap   total 64512K, used 43386K [0x0000000083000000, 0x0000000100000000)
[2020-12-28T15:18:59.068-0500][gc,heap        ] GC(23718)   region size 1024K, 1 young (1024K), 1 survivors (1024K)
[2020-12-28T15:18:59.068-0500][gc,heap        ] GC(23718)  Metaspace       used 50313K, capacity 52468K, committed 53888K, reserved 1093632K
[2020-12-28T15:18:59.068-0500][gc,heap        ] GC(23718)   class space    used 7457K, capacity 8250K, committed 8832K, reserved 1048576K
[2020-12-28T15:18:59.068-0500][gc             ] GC(23718) Pause Young (Normal) (G1 Evacuation Pause) 51M->42M(63M) 3.360ms
[2020-12-28T15:18:59.068-0500][gc,cpu         ] GC(23718) User=0.00s Sys=0.01s Real=0.01s
[2020-12-28T15:20:59.063-0500][gc,heap        ] GC(23719) Heap before GC invocations=23719 (full 5457): garbage-first heap   total 64512K, used 51578K [0x0000000083000000, 0x0000000100000000)
[2020-12-28T15:20:59.063-0500][gc,heap        ] GC(23719)   region size 1024K, 9 young (9216K), 1 survivors (1024K)
[2020-12-28T15:20:59.063-0500][gc,heap        ] GC(23719)  Metaspace       used 50313K, capacity 52468K, committed 53888K, reserved 1093632K
[2020-12-28T15:20:59.063-0500][gc,heap        ] GC(23719)   class space    used 7457K, capacity 8250K, committed 8832K, reserved 1048576K
[2020-12-28T15:20:59.063-0500][gc,start       ] GC(23719) Pause Young (Normal) (G1 Evacuation Pause)
[2020-12-28T15:20:59.063-0500][gc,task        ] GC(23719) Using 8 workers of 8 for evacuation
[2020-12-28T15:20:59.066-0500][gc,phases      ] GC(23719)   Pre Evacuate Collection Set: 0.0ms
[2020-12-28T15:20:59.066-0500][gc,phases      ] GC(23719)   Evacuate Collection Set: 1.4ms
[2020-12-28T15:20:59.066-0500][gc,phases      ] GC(23719)   Post Evacuate Collection Set: 1.1ms
[2020-12-28T15:20:59.066-0500][gc,phases      ] GC(23719)   Other: 0.3ms
[2020-12-28T15:20:59.066-0500][gc,heap        ] GC(23719) Eden regions: 8->0(8)
[2020-12-28T15:20:59.066-0500][gc,heap        ] GC(23719) Survivor regions: 1->1(2)
[2020-12-28T15:20:59.066-0500][gc,heap        ] GC(23719) Old regions: 42->42
[2020-12-28T15:20:59.066-0500][gc,heap        ] GC(23719) Humongous regions: 4->4
[2020-12-28T15:20:59.066-0500][gc,metaspace   ] GC(23719) Metaspace: 50313K->50313K(1093632K)
[2020-12-28T15:20:59.066-0500][gc,heap        ] GC(23719) Heap after GC invocations=23720 (full 5457): garbage-first heap   total 64512K, used 43424K [0x0000000083000000, 0x0000000100000000)
[2020-12-28T15:20:59.066-0500][gc,heap        ] GC(23719)   region size 1024K, 1 young (1024K), 1 survivors (1024K)
[2020-12-28T15:20:59.066-0500][gc,heap        ] GC(23719)  Metaspace       used 50313K, capacity 52468K, committed 53888K, reserved 1093632K
[2020-12-28T15:20:59.066-0500][gc,heap        ] GC(23719)   class space    used 7457K, capacity 8250K, committed 8832K, reserved 1048576K
[2020-12-28T15:20:59.066-0500][gc             ] GC(23719) Pause Young (Normal) (G1 Evacuation Pause) 50M->42M(63M) 2.733ms
[2020-12-28T15:20:59.066-0500][gc,cpu         ] GC(23719) User=0.01s Sys=0.01s Real=0.00s
[2020-12-28T15:21:45.190-0500][gc,task        ] GC(23720) Using 5 workers of 8 for full compaction
[2020-12-28T15:21:45.190-0500][gc,start       ] GC(23720) Pause Full (System.gc())
[2020-12-28T15:21:45.190-0500][gc,heap        ] GC(23720) Heap before GC invocations=23720 (full 5457): garbage-first heap   total 64512K, used 46496K [0x0000000083000000, 0x0000000100000000)
[2020-12-28T15:21:45.190-0500][gc,heap        ] GC(23720)   region size 1024K, 5 young (5120K), 1 survivors (1024K)
[2020-12-28T15:21:45.190-0500][gc,heap        ] GC(23720)  Metaspace       used 50313K, capacity 52468K, committed 53888K, reserved 1093632K
[2020-12-28T15:21:45.190-0500][gc,heap        ] GC(23720)   class space    used 7457K, capacity 8250K, committed 8832K, reserved 1048576K
[2020-12-28T15:21:45.190-0500][gc,phases,start] GC(23720) Phase 1: Mark live objects
[2020-12-28T15:21:45.239-0500][gc,stringtable ] GC(23720) Cleaned string and symbol table, strings: 33320 processed, 4 removed, symbols: 120973 processed, 0 removed
[2020-12-28T15:21:45.239-0500][gc,phases      ] GC(23720) Phase 1: Mark live objects 48.583ms
[2020-12-28T15:21:45.239-0500][gc,phases,start] GC(23720) Phase 2: Prepare for compaction
[2020-12-28T15:21:45.242-0500][gc,phases      ] GC(23720) Phase 2: Prepare for compaction 3.454ms
[2020-12-28T15:21:45.242-0500][gc,phases,start] GC(23720) Phase 3: Adjust pointers
[2020-12-28T15:21:45.252-0500][gc,phases      ] GC(23720) Phase 3: Adjust pointers 9.794ms
[2020-12-28T15:21:45.252-0500][gc,phases,start] GC(23720) Phase 4: Compact heap
[2020-12-28T15:21:45.255-0500][gc,phases      ] GC(23720) Phase 4: Compact heap 2.759ms
[2020-12-28T15:21:45.259-0500][gc,heap        ] GC(23720) Eden regions: 4->0(10)
[2020-12-28T15:21:45.259-0500][gc,heap        ] GC(23720) Survivor regions: 1->0(2)
[2020-12-28T15:21:45.259-0500][gc,heap        ] GC(23720) Old regions: 42->41
[2020-12-28T15:21:45.259-0500][gc,heap        ] GC(23720) Humongous regions: 4->4
[2020-12-28T15:21:45.259-0500][gc,metaspace   ] GC(23720) Metaspace: 50313K->50313K(1093632K)
[2020-12-28T15:21:45.259-0500][gc,heap        ] GC(23720) Heap after GC invocations=23721 (full 5458): garbage-first heap   total 64512K, used 43326K [0x0000000083000000, 0x0000000100000000)
[2020-12-28T15:21:45.259-0500][gc,heap        ] GC(23720)   region size 1024K, 0 young (0K), 0 survivors (0K)
[2020-12-28T15:21:45.259-0500][gc,heap        ] GC(23720)  Metaspace       used 50313K, capacity 52468K, committed 53888K, reserved 1093632K
[2020-12-28T15:21:45.259-0500][gc,heap        ] GC(23720)   class space    used 7457K, capacity 8250K, committed 8832K, reserved 1048576K
[2020-12-28T15:21:45.259-0500][gc             ] GC(23720) Pause Full (System.gc()) 45M->42M(63M) 69.679ms
[2020-12-28T15:21:45.259-0500][gc,cpu         ] GC(23720) User=0.32s Sys=0.00s Real=0.07s
[2020-12-28T15:24:09.061-0500][gc,heap        ] GC(23721) Heap before GC invocations=23721 (full 5458): garbage-first heap   total 64512K, used 52542K [0x0000000083000000, 0x0000000100000000)
[2020-12-28T15:24:09.061-0500][gc,heap        ] GC(23721)   region size 1024K, 10 young (10240K), 0 survivors (0K)
[2020-12-28T15:24:09.061-0500][gc,heap        ] GC(23721)  Metaspace       used 50313K, capacity 52468K, committed 53888K, reserved 1093632K
[2020-12-28T15:24:09.061-0500][gc,heap        ] GC(23721)   class space    used 7457K, capacity 8250K, committed 8832K, reserved 1048576K
[2020-12-28T15:24:09.062-0500][gc,start       ] GC(23721) Pause Young (Normal) (G1 Evacuation Pause)
[2020-12-28T15:24:09.062-0500][gc,task        ] GC(23721) Using 8 workers of 8 for evacuation
[2020-12-28T15:24:09.066-0500][gc,phases      ] GC(23721)   Pre Evacuate Collection Set: 0.0ms
[2020-12-28T15:24:09.066-0500][gc,phases      ] GC(23721)   Evacuate Collection Set: 1.8ms
[2020-12-28T15:24:09.066-0500][gc,phases      ] GC(23721)   Post Evacuate Collection Set: 2.3ms
[2020-12-28T15:24:09.066-0500][gc,phases      ] GC(23721)   Other: 0.5ms
[2020-12-28T15:24:09.066-0500][gc,heap        ] GC(23721) Eden regions: 10->0(9)
[2020-12-28T15:24:09.066-0500][gc,heap        ] GC(23721) Survivor regions: 0->1(2)
[2020-12-28T15:24:09.066-0500][gc,heap        ] GC(23721) Old regions: 41->41
[2020-12-28T15:24:09.066-0500][gc,heap        ] GC(23721) Humongous regions: 4->4
[2020-12-28T15:24:09.066-0500][gc,metaspace   ] GC(23721) Metaspace: 50313K->50313K(1093632K)
[2020-12-28T15:24:09.066-0500][gc,heap        ] GC(23721) Heap after GC invocations=23722 (full 5458): garbage-first heap   total 64512K, used 43402K [0x0000000083000000, 0x0000000100000000)
[2020-12-28T15:24:09.066-0500][gc,heap        ] GC(23721)   region size 1024K, 1 young (1024K), 1 survivors (1024K)
[2020-12-28T15:24:09.066-0500][gc,heap        ] GC(23721)  Metaspace       used 50313K, capacity 52468K, committed 53888K, reserved 1093632K
[2020-12-28T15:24:09.066-0500][gc,heap        ] GC(23721)   class space    used 7457K, capacity 8250K, committed 8832K, reserved 1048576K
[2020-12-28T15:24:09.066-0500][gc             ] GC(23721) Pause Young (Normal) (G1 Evacuation Pause) 52M->42M(63M) 4.786ms
[2020-12-28T15:24:09.066-0500][gc,cpu         ] GC(23721) User=0.00s Sys=0.01s Real=0.00s
[2020-12-28T15:26:21.134-0500][gc,heap        ] GC(23722) Heap before GC invocations=23722 (full 5458): garbage-first heap   total 64512K, used 51594K [0x0000000083000000, 0x0000000100000000)
[2020-12-28T15:26:21.134-0500][gc,heap        ] GC(23722)   region size 1024K, 10 young (10240K), 1 survivors (1024K)
[2020-12-28T15:26:21.134-0500][gc,heap        ] GC(23722)  Metaspace       used 50313K, capacity 52468K, committed 53888K, reserved 1093632K
[2020-12-28T15:26:21.134-0500][gc,heap        ] GC(23722)   class space    used 7457K, capacity 8250K, committed 8832K, reserved 1048576K
[2020-12-28T15:26:21.134-0500][gc,start       ] GC(23722) Pause Young (Normal) (G1 Evacuation Pause)
[2020-12-28T15:26:21.134-0500][gc,task        ] GC(23722) Using 8 workers of 8 for evacuation
[2020-12-28T15:26:21.138-0500][gc,phases      ] GC(23722)   Pre Evacuate Collection Set: 0.0ms
[2020-12-28T15:26:21.138-0500][gc,phases      ] GC(23722)   Evacuate Collection Set: 1.4ms
[2020-12-28T15:26:21.138-0500][gc,phases      ] GC(23722)   Post Evacuate Collection Set: 2.7ms
[2020-12-28T15:26:21.139-0500][gc,phases      ] GC(23722)   Other: 0.7ms
[2020-12-28T15:26:21.139-0500][gc,heap        ] GC(23722) Eden regions: 9->0(9)
[2020-12-28T15:26:21.139-0500][gc,heap        ] GC(23722) Survivor regions: 1->1(2)
[2020-12-28T15:26:21.139-0500][gc,heap        ] GC(23722) Old regions: 41->41
[2020-12-28T15:26:21.139-0500][gc,heap        ] GC(23722) Humongous regions: 4->4
[2020-12-28T15:26:21.139-0500][gc,metaspace   ] GC(23722) Metaspace: 50313K->50313K(1093632K)
[2020-12-28T15:26:21.139-0500][gc,heap        ] GC(23722) Heap after GC invocations=23723 (full 5458): garbage-first heap   total 64512K, used 43382K [0x0000000083000000, 0x0000000100000000)
[2020-12-28T15:26:21.139-0500][gc,heap        ] GC(23722)   region size 1024K, 1 young (1024K), 1 survivors (1024K)
[2020-12-28T15:26:21.139-0500][gc,heap        ] GC(23722)  Metaspace       used 50313K, capacity 52468K, committed 53888K, reserved 1093632K
[2020-12-28T15:26:21.139-0500][gc,heap        ] GC(23722)   class space    used 7457K, capacity 8250K, committed 8832K, reserved 1048576K
[2020-12-28T15:26:21.139-0500][gc             ] GC(23722) Pause Young (Normal) (G1 Evacuation Pause) 51M->42M(63M) 4.843ms
[2020-12-28T15:26:21.139-0500][gc,cpu         ] GC(23722) User=0.01s Sys=0.00s Real=0.01s
[2020-12-28T15:26:45.190-0500][gc,task        ] GC(23723) Using 5 workers of 8 for full compaction
[2020-12-28T15:26:45.190-0500][gc,start       ] GC(23723) Pause Full (System.gc())
[2020-12-28T15:26:45.190-0500][gc,heap        ] GC(23723) Heap before GC invocations=23723 (full 5458): garbage-first heap   total 64512K, used 44406K [0x0000000083000000, 0x0000000100000000)
[2020-12-28T15:26:45.190-0500][gc,heap        ] GC(23723)   region size 1024K, 3 young (3072K), 1 survivors (1024K)
[2020-12-28T15:26:45.190-0500][gc,heap        ] GC(23723)  Metaspace       used 50313K, capacity 52468K, committed 53888K, reserved 1093632K
[2020-12-28T15:26:45.190-0500][gc,heap        ] GC(23723)   class space    used 7457K, capacity 8250K, committed 8832K, reserved 1048576K
[2020-12-28T15:26:45.190-0500][gc,phases,start] GC(23723) Phase 1: Mark live objects
[2020-12-28T15:26:45.237-0500][gc,stringtable ] GC(23723) Cleaned string and symbol table, strings: 33320 processed, 4 removed, symbols: 120973 processed, 0 removed
[2020-12-28T15:26:45.237-0500][gc,phases      ] GC(23723) Phase 1: Mark live objects 46.591ms
[2020-12-28T15:26:45.237-0500][gc,phases,start] GC(23723) Phase 2: Prepare for compaction
[2020-12-28T15:26:45.240-0500][gc,phases      ] GC(23723) Phase 2: Prepare for compaction 3.281ms
[2020-12-28T15:26:45.240-0500][gc,phases,start] GC(23723) Phase 3: Adjust pointers
[2020-12-28T15:26:45.250-0500][gc,phases      ] GC(23723) Phase 3: Adjust pointers 9.171ms
[2020-12-28T15:26:45.250-0500][gc,phases,start] GC(23723) Phase 4: Compact heap
[2020-12-28T15:26:45.253-0500][gc,phases      ] GC(23723) Phase 4: Compact heap 2.853ms
[2020-12-28T15:26:45.257-0500][gc,heap        ] GC(23723) Eden regions: 2->0(10)
[2020-12-28T15:26:45.257-0500][gc,heap        ] GC(23723) Survivor regions: 1->0(2)
[2020-12-28T15:26:45.257-0500][gc,heap        ] GC(23723) Old regions: 41->41
[2020-12-28T15:26:45.257-0500][gc,heap        ] GC(23723) Humongous regions: 4->4
[2020-12-28T15:26:45.257-0500][gc,metaspace   ] GC(23723) Metaspace: 50313K->50313K(1093632K)
[2020-12-28T15:26:45.257-0500][gc,heap        ] GC(23723) Heap after GC invocations=23724 (full 5459): garbage-first heap   total 64512K, used 43314K [0x0000000083000000, 0x0000000100000000)
[2020-12-28T15:26:45.257-0500][gc,heap        ] GC(23723)   region size 1024K, 0 young (0K), 0 survivors (0K)
[2020-12-28T15:26:45.257-0500][gc,heap        ] GC(23723)  Metaspace       used 50313K, capacity 52468K, committed 53888K, reserved 1093632K
[2020-12-28T15:26:45.257-0500][gc,heap        ] GC(23723)   class space    used 7457K, capacity 8250K, committed 8832K, reserved 1048576K
[2020-12-28T15:26:45.257-0500][gc             ] GC(23723) Pause Full (System.gc()) 43M->42M(63M) 67.037ms
[2020-12-28T15:26:45.257-0500][gc,cpu         ] GC(23723) User=0.29s Sys=0.00s Real=0.06s
[2020-12-28T15:29:11.052-0500][gc,heap        ] GC(23724) Heap before GC invocations=23724 (full 5459): garbage-first heap   total 64512K, used 52530K [0x0000000083000000, 0x0000000100000000)
[2020-12-28T15:29:11.052-0500][gc,heap        ] GC(23724)   region size 1024K, 10 young (10240K), 0 survivors (0K)
[2020-12-28T15:29:11.052-0500][gc,heap        ] GC(23724)  Metaspace       used 50313K, capacity 52468K, committed 53888K, reserved 1093632K
[2020-12-28T15:29:11.052-0500][gc,heap        ] GC(23724)   class space    used 7457K, capacity 8250K, committed 8832K, reserved 1048576K
[2020-12-28T15:29:11.052-0500][gc,start       ] GC(23724) Pause Young (Normal) (G1 Evacuation Pause)
[2020-12-28T15:29:11.052-0500][gc,task        ] GC(23724) Using 8 workers of 8 for evacuation
[2020-12-28T15:29:11.057-0500][gc,phases      ] GC(23724)   Pre Evacuate Collection Set: 0.0ms
[2020-12-28T15:29:11.058-0500][gc,phases      ] GC(23724)   Evacuate Collection Set: 2.6ms
[2020-12-28T15:29:11.058-0500][gc,phases      ] GC(23724)   Post Evacuate Collection Set: 2.4ms
[2020-12-28T15:29:11.058-0500][gc,phases      ] GC(23724)   Other: 0.5ms
[2020-12-28T15:29:11.058-0500][gc,heap        ] GC(23724) Eden regions: 10->0(9)
[2020-12-28T15:29:11.058-0500][gc,heap        ] GC(23724) Survivor regions: 0->1(2)
[2020-12-28T15:29:11.058-0500][gc,heap        ] GC(23724) Old regions: 41->41
[2020-12-28T15:29:11.058-0500][gc,heap        ] GC(23724) Humongous regions: 4->4
[2020-12-28T15:29:11.058-0500][gc,metaspace   ] GC(23724) Metaspace: 50313K->50313K(1093632K)
[2020-12-28T15:29:11.058-0500][gc,heap        ] GC(23724) Heap after GC invocations=23725 (full 5459): garbage-first heap   total 64512K, used 43385K [0x0000000083000000, 0x0000000100000000)
[2020-12-28T15:29:11.058-0500][gc,heap        ] GC(23724)   region size 1024K, 1 young (1024K), 1 survivors (1024K)
[2020-12-28T15:29:11.058-0500][gc,heap        ] GC(23724)  Metaspace       used 50313K, capacity 52468K, committed 53888K, reserved 1093632K
[2020-12-28T15:29:11.058-0500][gc,heap        ] GC(23724)   class space    used 7457K, capacity 8250K, committed 8832K, reserved 1048576K
[2020-12-28T15:29:11.058-0500][gc             ] GC(23724) Pause Young (Normal) (G1 Evacuation Pause) 52M->42M(63M) 5.724ms
[2020-12-28T15:29:11.058-0500][gc,cpu         ] GC(23724) User=0.01s Sys=0.00s Real=0.00s
[2020-12-28T15:31:29.063-0500][gc,heap        ] GC(23725) Heap before GC invocations=23725 (full 5459): garbage-first heap   total 64512K, used 52601K [0x0000000083000000, 0x0000000100000000)
[2020-12-28T15:31:29.063-0500][gc,heap        ] GC(23725)   region size 1024K, 10 young (10240K), 1 survivors (1024K)
[2020-12-28T15:31:29.063-0500][gc,heap        ] GC(23725)  Metaspace       used 50313K, capacity 52468K, committed 53888K, reserved 1093632K
[2020-12-28T15:31:29.063-0500][gc,heap        ] GC(23725)   class space    used 7457K, capacity 8250K, committed 8832K, reserved 1048576K
[2020-12-28T15:31:29.063-0500][gc,start       ] GC(23725) Pause Young (Normal) (G1 Evacuation Pause)
[2020-12-28T15:31:29.063-0500][gc,task        ] GC(23725) Using 8 workers of 8 for evacuation
[2020-12-28T15:31:29.073-0500][gc,phases      ] GC(23725)   Pre Evacuate Collection Set: 0.0ms
[2020-12-28T15:31:29.073-0500][gc,phases      ] GC(23725)   Evacuate Collection Set: 2.1ms
[2020-12-28T15:31:29.074-0500][gc,phases      ] GC(23725)   Post Evacuate Collection Set: 8.0ms
[2020-12-28T15:31:29.074-0500][gc,phases      ] GC(23725)   Other: 0.8ms
[2020-12-28T15:31:29.074-0500][gc,heap        ] GC(23725) Eden regions: 9->0(9)
[2020-12-28T15:31:29.074-0500][gc,heap        ] GC(23725) Survivor regions: 1->1(2)
[2020-12-28T15:31:29.074-0500][gc,heap        ] GC(23725) Old regions: 41->41
[2020-12-28T15:31:29.074-0500][gc,heap        ] GC(23725) Humongous regions: 4->4
[2020-12-28T15:31:29.074-0500][gc,metaspace   ] GC(23725) Metaspace: 50313K->50313K(1093632K)
[2020-12-28T15:31:29.074-0500][gc,heap        ] GC(23725) Heap after GC invocations=23726 (full 5459): garbage-first heap   total 64512K, used 43385K [0x0000000083000000, 0x0000000100000000)
[2020-12-28T15:31:29.074-0500][gc,heap        ] GC(23725)   region size 1024K, 1 young (1024K), 1 survivors (1024K)
[2020-12-28T15:31:29.074-0500][gc,heap        ] GC(23725)  Metaspace       used 50313K, capacity 52468K, committed 53888K, reserved 1093632K
[2020-12-28T15:31:29.074-0500][gc,heap        ] GC(23725)   class space    used 7457K, capacity 8250K, committed 8832K, reserved 1048576K
[2020-12-28T15:31:29.074-0500][gc             ] GC(23725) Pause Young (Normal) (G1 Evacuation Pause) 51M->42M(63M) 11.027ms
[2020-12-28T15:31:29.074-0500][gc,cpu         ] GC(23725) User=0.04s Sys=0.00s Real=0.01s
[2020-12-28T15:31:45.190-0500][gc,task        ] GC(23726) Using 5 workers of 8 for full compaction
[2020-12-28T15:31:45.190-0500][gc,start       ] GC(23726) Pause Full (System.gc())
[2020-12-28T15:31:45.190-0500][gc,heap        ] GC(23726) Heap before GC invocations=23726 (full 5459): garbage-first heap   total 64512K, used 43385K [0x0000000083000000, 0x0000000100000000)
[2020-12-28T15:31:45.190-0500][gc,heap        ] GC(23726)   region size 1024K, 2 young (2048K), 1 survivors (1024K)
[2020-12-28T15:31:45.190-0500][gc,heap        ] GC(23726)  Metaspace       used 50313K, capacity 52468K, committed 53888K, reserved 1093632K
[2020-12-28T15:31:45.190-0500][gc,heap        ] GC(23726)   class space    used 7457K, capacity 8250K, committed 8832K, reserved 1048576K
[2020-12-28T15:31:45.190-0500][gc,phases,start] GC(23726) Phase 1: Mark live objects
[2020-12-28T15:31:45.210-0500][gc,stringtable ] GC(23726) Cleaned string and symbol table, strings: 33320 processed, 4 removed, symbols: 120973 processed, 0 removed
[2020-12-28T15:31:45.210-0500][gc,phases      ] GC(23726) Phase 1: Mark live objects 19.832ms
[2020-12-28T15:31:45.210-0500][gc,phases,start] GC(23726) Phase 2: Prepare for compaction
[2020-12-28T15:31:45.214-0500][gc,phases      ] GC(23726) Phase 2: Prepare for compaction 3.868ms
[2020-12-28T15:31:45.214-0500][gc,phases,start] GC(23726) Phase 3: Adjust pointers
[2020-12-28T15:31:45.224-0500][gc,phases      ] GC(23726) Phase 3: Adjust pointers 9.839ms
[2020-12-28T15:31:45.224-0500][gc,phases,start] GC(23726) Phase 4: Compact heap
[2020-12-28T15:31:45.227-0500][gc,phases      ] GC(23726) Phase 4: Compact heap 3.092ms
[2020-12-28T15:31:45.231-0500][gc,heap        ] GC(23726) Eden regions: 1->0(10)
[2020-12-28T15:31:45.232-0500][gc,heap        ] GC(23726) Survivor regions: 1->0(2)
[2020-12-28T15:31:45.232-0500][gc,heap        ] GC(23726) Old regions: 41->41
[2020-12-28T15:31:45.232-0500][gc,heap        ] GC(23726) Humongous regions: 4->4
[2020-12-28T15:31:45.232-0500][gc,metaspace   ] GC(23726) Metaspace: 50313K->50313K(1093632K)
[2020-12-28T15:31:45.232-0500][gc,heap        ] GC(23726) Heap after GC invocations=23727 (full 5460): garbage-first heap   total 64512K, used 43311K [0x0000000083000000, 0x0000000100000000)
[2020-12-28T15:31:45.232-0500][gc,heap        ] GC(23726)   region size 1024K, 0 young (0K), 0 survivors (0K)
[2020-12-28T15:31:45.232-0500][gc,heap        ] GC(23726)  Metaspace       used 50313K, capacity 52468K, committed 53888K, reserved 1093632K
[2020-12-28T15:31:45.232-0500][gc,heap        ] GC(23726)   class space    used 7457K, capacity 8250K, committed 8832K, reserved 1048576K
[2020-12-28T15:31:45.232-0500][gc             ] GC(23726) Pause Full (System.gc()) 43M->42M(63M) 41.571ms
[2020-12-28T15:31:45.232-0500][gc,cpu         ] GC(23726) User=0.17s Sys=0.00s Real=0.04s
[2020-12-28T15:34:09.060-0500][gc,heap        ] GC(23727) Heap before GC invocations=23727 (full 5460): garbage-first heap   total 64512K, used 52527K [0x0000000083000000, 0x0000000100000000)
[2020-12-28T15:34:09.060-0500][gc,heap        ] GC(23727)   region size 1024K, 10 young (10240K), 0 survivors (0K)
[2020-12-28T15:34:09.060-0500][gc,heap        ] GC(23727)  Metaspace       used 50313K, capacity 52468K, committed 53888K, reserved 1093632K
[2020-12-28T15:34:09.060-0500][gc,heap        ] GC(23727)   class space    used 7457K, capacity 8250K, committed 8832K, reserved 1048576K
[2020-12-28T15:34:09.060-0500][gc,start       ] GC(23727) Pause Young (Normal) (G1 Evacuation Pause)
[2020-12-28T15:34:09.060-0500][gc,task        ] GC(23727) Using 8 workers of 8 for evacuation
[2020-12-28T15:34:09.068-0500][gc,phases      ] GC(23727)   Pre Evacuate Collection Set: 0.0ms
[2020-12-28T15:34:09.068-0500][gc,phases      ] GC(23727)   Evacuate Collection Set: 4.3ms
[2020-12-28T15:34:09.068-0500][gc,phases      ] GC(23727)   Post Evacuate Collection Set: 2.7ms
[2020-12-28T15:34:09.068-0500][gc,phases      ] GC(23727)   Other: 0.6ms
[2020-12-28T15:34:09.068-0500][gc,heap        ] GC(23727) Eden regions: 10->0(9)
[2020-12-28T15:34:09.068-0500][gc,heap        ] GC(23727) Survivor regions: 0->1(2)
[2020-12-28T15:34:09.068-0500][gc,heap        ] GC(23727) Old regions: 41->41
[2020-12-28T15:34:09.068-0500][gc,heap        ] GC(23727) Humongous regions: 4->4
[2020-12-28T15:34:09.068-0500][gc,metaspace   ] GC(23727) Metaspace: 50313K->50313K(1093632K)
[2020-12-28T15:34:09.068-0500][gc,heap        ] GC(23727) Heap after GC invocations=23728 (full 5460): garbage-first heap   total 64512K, used 43414K [0x0000000083000000, 0x0000000100000000)
[2020-12-28T15:34:09.068-0500][gc,heap        ] GC(23727)   region size 1024K, 1 young (1024K), 1 survivors (1024K)
[2020-12-28T15:34:09.068-0500][gc,heap        ] GC(23727)  Metaspace       used 50313K, capacity 52468K, committed 53888K, reserved 1093632K
[2020-12-28T15:34:09.068-0500][gc,heap        ] GC(23727)   class space    used 7457K, capacity 8250K, committed 8832K, reserved 1048576K
[2020-12-28T15:34:09.068-0500][gc             ] GC(23727) Pause Young (Normal) (G1 Evacuation Pause) 52M->42M(63M) 8.067ms
[2020-12-28T15:34:09.069-0500][gc,cpu         ] GC(23727) User=0.02s Sys=0.01s Real=0.00s
[2020-12-28T15:36:29.067-0500][gc,heap        ] GC(23728) Heap before GC invocations=23728 (full 5460): garbage-first heap   total 64512K, used 52630K [0x0000000083000000, 0x0000000100000000)
[2020-12-28T15:36:29.067-0500][gc,heap        ] GC(23728)   region size 1024K, 10 young (10240K), 1 survivors (1024K)
[2020-12-28T15:36:29.067-0500][gc,heap        ] GC(23728)  Metaspace       used 50313K, capacity 52468K, committed 53888K, reserved 1093632K
[2020-12-28T15:36:29.067-0500][gc,heap        ] GC(23728)   class space    used 7457K, capacity 8250K, committed 8832K, reserved 1048576K
[2020-12-28T15:36:29.067-0500][gc,start       ] GC(23728) Pause Young (Normal) (G1 Evacuation Pause)
[2020-12-28T15:36:29.067-0500][gc,task        ] GC(23728) Using 8 workers of 8 for evacuation
[2020-12-28T15:36:29.073-0500][gc,phases      ] GC(23728)   Pre Evacuate Collection Set: 0.0ms
[2020-12-28T15:36:29.073-0500][gc,phases      ] GC(23728)   Evacuate Collection Set: 1.5ms
[2020-12-28T15:36:29.073-0500][gc,phases      ] GC(23728)   Post Evacuate Collection Set: 3.5ms
[2020-12-28T15:36:29.073-0500][gc,phases      ] GC(23728)   Other: 0.7ms
[2020-12-28T15:36:29.073-0500][gc,heap        ] GC(23728) Eden regions: 9->0(9)
[2020-12-28T15:36:29.073-0500][gc,heap        ] GC(23728) Survivor regions: 1->1(2)
[2020-12-28T15:36:29.073-0500][gc,heap        ] GC(23728) Old regions: 41->41
[2020-12-28T15:36:29.073-0500][gc,heap        ] GC(23728) Humongous regions: 4->4
[2020-12-28T15:36:29.073-0500][gc,metaspace   ] GC(23728) Metaspace: 50313K->50313K(1093632K)
[2020-12-28T15:36:29.073-0500][gc,heap        ] GC(23728) Heap after GC invocations=23729 (full 5460): garbage-first heap   total 64512K, used 43391K [0x0000000083000000, 0x0000000100000000)
[2020-12-28T15:36:29.073-0500][gc,heap        ] GC(23728)   region size 1024K, 1 young (1024K), 1 survivors (1024K)
[2020-12-28T15:36:29.073-0500][gc,heap        ] GC(23728)  Metaspace       used 50313K, capacity 52468K, committed 53888K, reserved 1093632K
[2020-12-28T15:36:29.073-0500][gc,heap        ] GC(23728)   class space    used 7457K, capacity 8250K, committed 8832K, reserved 1048576K
[2020-12-28T15:36:29.073-0500][gc             ] GC(23728) Pause Young (Normal) (G1 Evacuation Pause) 51M->42M(63M) 5.846ms
[2020-12-28T15:36:29.073-0500][gc,cpu         ] GC(23728) User=0.01s Sys=0.00s Real=0.01s
[2020-12-28T15:36:45.189-0500][gc,task        ] GC(23729) Using 5 workers of 8 for full compaction
[2020-12-28T15:36:45.189-0500][gc,start       ] GC(23729) Pause Full (System.gc())
[2020-12-28T15:36:45.189-0500][gc,heap        ] GC(23729) Heap before GC invocations=23729 (full 5460): garbage-first heap   total 64512K, used 44415K [0x0000000083000000, 0x0000000100000000)
[2020-12-28T15:36:45.189-0500][gc,heap        ] GC(23729)   region size 1024K, 3 young (3072K), 1 survivors (1024K)
[2020-12-28T15:36:45.189-0500][gc,heap        ] GC(23729)  Metaspace       used 50313K, capacity 52468K, committed 53888K, reserved 1093632K
[2020-12-28T15:36:45.189-0500][gc,heap        ] GC(23729)   class space    used 7457K, capacity 8250K, committed 8832K, reserved 1048576K
[2020-12-28T15:36:45.189-0500][gc,phases,start] GC(23729) Phase 1: Mark live objects
[2020-12-28T15:36:45.242-0500][gc,stringtable ] GC(23729) Cleaned string and symbol table, strings: 33320 processed, 4 removed, symbols: 120973 processed, 0 removed
[2020-12-28T15:36:45.242-0500][gc,phases      ] GC(23729) Phase 1: Mark live objects 52.358ms
[2020-12-28T15:36:45.242-0500][gc,phases,start] GC(23729) Phase 2: Prepare for compaction
[2020-12-28T15:36:45.247-0500][gc,phases      ] GC(23729) Phase 2: Prepare for compaction 5.193ms
[2020-12-28T15:36:45.247-0500][gc,phases,start] GC(23729) Phase 3: Adjust pointers
[2020-12-28T15:36:45.268-0500][gc,phases      ] GC(23729) Phase 3: Adjust pointers 21.210ms
[2020-12-28T15:36:45.268-0500][gc,phases,start] GC(23729) Phase 4: Compact heap
[2020-12-28T15:36:45.274-0500][gc,phases      ] GC(23729) Phase 4: Compact heap 5.758ms
[2020-12-28T15:36:45.283-0500][gc,heap        ] GC(23729) Eden regions: 2->0(10)
[2020-12-28T15:36:45.283-0500][gc,heap        ] GC(23729) Survivor regions: 1->0(2)
[2020-12-28T15:36:45.283-0500][gc,heap        ] GC(23729) Old regions: 41->41
[2020-12-28T15:36:45.283-0500][gc,heap        ] GC(23729) Humongous regions: 4->4
[2020-12-28T15:36:45.283-0500][gc,metaspace   ] GC(23729) Metaspace: 50313K->50313K(1093632K)
[2020-12-28T15:36:45.283-0500][gc,heap        ] GC(23729) Heap after GC invocations=23730 (full 5461): garbage-first heap   total 64512K, used 43312K [0x0000000083000000, 0x0000000100000000)
[2020-12-28T15:36:45.283-0500][gc,heap        ] GC(23729)   region size 1024K, 0 young (0K), 0 survivors (0K)
[2020-12-28T15:36:45.283-0500][gc,heap        ] GC(23729)  Metaspace       used 50313K, capacity 52468K, committed 53888K, reserved 1093632K
[2020-12-28T15:36:45.283-0500][gc,heap        ] GC(23729)   class space    used 7457K, capacity 8250K, committed 8832K, reserved 1048576K
[2020-12-28T15:36:45.283-0500][gc             ] GC(23729) Pause Full (System.gc()) 43M->42M(63M) 94.273ms
[2020-12-28T15:36:45.283-0500][gc,cpu         ] GC(23729) User=0.37s Sys=0.00s Real=0.09s
[2020-12-28T15:39:06.889-0500][gc,heap        ] GC(23730) Heap before GC invocations=23730 (full 5461): garbage-first heap   total 64512K, used 52528K [0x0000000083000000, 0x0000000100000000)
[2020-12-28T15:39:06.889-0500][gc,heap        ] GC(23730)   region size 1024K, 10 young (10240K), 0 survivors (0K)
[2020-12-28T15:39:06.889-0500][gc,heap        ] GC(23730)  Metaspace       used 50313K, capacity 52468K, committed 53888K, reserved 1093632K
[2020-12-28T15:39:06.889-0500][gc,heap        ] GC(23730)   class space    used 7457K, capacity 8250K, committed 8832K, reserved 1048576K
[2020-12-28T15:39:06.889-0500][gc,start       ] GC(23730) Pause Young (Normal) (G1 Evacuation Pause)
[2020-12-28T15:39:06.889-0500][gc,task        ] GC(23730) Using 8 workers of 8 for evacuation
[2020-12-28T15:39:06.890-0500][gc,phases      ] GC(23730)   Pre Evacuate Collection Set: 0.0ms
[2020-12-28T15:39:06.890-0500][gc,phases      ] GC(23730)   Evacuate Collection Set: 0.7ms
[2020-12-28T15:39:06.891-0500][gc,phases      ] GC(23730)   Post Evacuate Collection Set: 0.8ms
[2020-12-28T15:39:06.891-0500][gc,phases      ] GC(23730)   Other: 0.2ms
[2020-12-28T15:39:06.891-0500][gc,heap        ] GC(23730) Eden regions: 10->0(9)
[2020-12-28T15:39:06.891-0500][gc,heap        ] GC(23730) Survivor regions: 0->1(2)
[2020-12-28T15:39:06.891-0500][gc,heap        ] GC(23730) Old regions: 41->41
[2020-12-28T15:39:06.891-0500][gc,heap        ] GC(23730) Humongous regions: 4->4
[2020-12-28T15:39:06.891-0500][gc,metaspace   ] GC(23730) Metaspace: 50313K->50313K(1093632K)
[2020-12-28T15:39:06.891-0500][gc,heap        ] GC(23730) Heap after GC invocations=23731 (full 5461): garbage-first heap   total 64512K, used 43387K [0x0000000083000000, 0x0000000100000000)
[2020-12-28T15:39:06.891-0500][gc,heap        ] GC(23730)   region size 1024K, 1 young (1024K), 1 survivors (1024K)
[2020-12-28T15:39:06.891-0500][gc,heap        ] GC(23730)  Metaspace       used 50313K, capacity 52468K, committed 53888K, reserved 1093632K
[2020-12-28T15:39:06.891-0500][gc,heap        ] GC(23730)   class space    used 7457K, capacity 8250K, committed 8832K, reserved 1048576K
[2020-12-28T15:39:06.891-0500][gc             ] GC(23730) Pause Young (Normal) (G1 Evacuation Pause) 52M->42M(63M) 1.768ms
[2020-12-28T15:39:06.891-0500][gc,cpu         ] GC(23730) User=0.00s Sys=0.01s Real=0.00s
[2020-12-28T15:41:19.058-0500][gc,heap        ] GC(23731) Heap before GC invocations=23731 (full 5461): garbage-first heap   total 64512K, used 51579K [0x0000000083000000, 0x0000000100000000)
[2020-12-28T15:41:19.058-0500][gc,heap        ] GC(23731)   region size 1024K, 10 young (10240K), 1 survivors (1024K)
[2020-12-28T15:41:19.058-0500][gc,heap        ] GC(23731)  Metaspace       used 50313K, capacity 52468K, committed 53888K, reserved 1093632K
[2020-12-28T15:41:19.058-0500][gc,heap        ] GC(23731)   class space    used 7457K, capacity 8250K, committed 8832K, reserved 1048576K
[2020-12-28T15:41:19.058-0500][gc,start       ] GC(23731) Pause Young (Normal) (G1 Evacuation Pause)
[2020-12-28T15:41:19.058-0500][gc,task        ] GC(23731) Using 8 workers of 8 for evacuation
[2020-12-28T15:41:19.061-0500][gc,phases      ] GC(23731)   Pre Evacuate Collection Set: 0.0ms
[2020-12-28T15:41:19.061-0500][gc,phases      ] GC(23731)   Evacuate Collection Set: 0.8ms
[2020-12-28T15:41:19.061-0500][gc,phases      ] GC(23731)   Post Evacuate Collection Set: 1.8ms
[2020-12-28T15:41:19.061-0500][gc,phases      ] GC(23731)   Other: 0.2ms
[2020-12-28T15:41:19.061-0500][gc,heap        ] GC(23731) Eden regions: 9->0(9)
[2020-12-28T15:41:19.061-0500][gc,heap        ] GC(23731) Survivor regions: 1->1(2)
[2020-12-28T15:41:19.061-0500][gc,heap        ] GC(23731) Old regions: 41->41
[2020-12-28T15:41:19.061-0500][gc,heap        ] GC(23731) Humongous regions: 4->4
[2020-12-28T15:41:19.061-0500][gc,metaspace   ] GC(23731) Metaspace: 50313K->50313K(1093632K)
[2020-12-28T15:41:19.061-0500][gc,heap        ] GC(23731) Heap after GC invocations=23732 (full 5461): garbage-first heap   total 64512K, used 43394K [0x0000000083000000, 0x0000000100000000)
[2020-12-28T15:41:19.061-0500][gc,heap        ] GC(23731)   region size 1024K, 1 young (1024K), 1 survivors (1024K)
[2020-12-28T15:41:19.061-0500][gc,heap        ] GC(23731)  Metaspace       used 50313K, capacity 52468K, committed 53888K, reserved 1093632K
[2020-12-28T15:41:19.061-0500][gc,heap        ] GC(23731)   class space    used 7457K, capacity 8250K, committed 8832K, reserved 1048576K
[2020-12-28T15:41:19.061-0500][gc             ] GC(23731) Pause Young (Normal) (G1 Evacuation Pause) 51M->42M(63M) 3.003ms
[2020-12-28T15:41:19.061-0500][gc,cpu         ] GC(23731) User=0.01s Sys=0.01s Real=0.00s
[2020-12-28T15:41:45.188-0500][gc,task        ] GC(23732) Using 5 workers of 8 for full compaction
[2020-12-28T15:41:45.188-0500][gc,start       ] GC(23732) Pause Full (System.gc())
[2020-12-28T15:41:45.188-0500][gc,heap        ] GC(23732) Heap before GC invocations=23732 (full 5461): garbage-first heap   total 64512K, used 44418K [0x0000000083000000, 0x0000000100000000)
[2020-12-28T15:41:45.188-0500][gc,heap        ] GC(23732)   region size 1024K, 3 young (3072K), 1 survivors (1024K)
[2020-12-28T15:41:45.188-0500][gc,heap        ] GC(23732)  Metaspace       used 50313K, capacity 52468K, committed 53888K, reserved 1093632K
[2020-12-28T15:41:45.188-0500][gc,heap        ] GC(23732)   class space    used 7457K, capacity 8250K, committed 8832K, reserved 1048576K
[2020-12-28T15:41:45.189-0500][gc,phases,start] GC(23732) Phase 1: Mark live objects
[2020-12-28T15:41:45.209-0500][gc,stringtable ] GC(23732) Cleaned string and symbol table, strings: 33320 processed, 4 removed, symbols: 120973 processed, 0 removed
[2020-12-28T15:41:45.209-0500][gc,phases      ] GC(23732) Phase 1: Mark live objects 20.813ms
[2020-12-28T15:41:45.209-0500][gc,phases,start] GC(23732) Phase 2: Prepare for compaction
[2020-12-28T15:41:45.213-0500][gc,phases      ] GC(23732) Phase 2: Prepare for compaction 3.973ms
[2020-12-28T15:41:45.213-0500][gc,phases,start] GC(23732) Phase 3: Adjust pointers
[2020-12-28T15:41:45.225-0500][gc,phases      ] GC(23732) Phase 3: Adjust pointers 11.948ms
[2020-12-28T15:41:45.225-0500][gc,phases,start] GC(23732) Phase 4: Compact heap
[2020-12-28T15:41:45.233-0500][gc,phases      ] GC(23732) Phase 4: Compact heap 7.620ms
[2020-12-28T15:41:45.243-0500][gc,heap        ] GC(23732) Eden regions: 2->0(9)
[2020-12-28T15:41:45.243-0500][gc,heap        ] GC(23732) Survivor regions: 1->0(2)
[2020-12-28T15:41:45.243-0500][gc,heap        ] GC(23732) Old regions: 41->42
[2020-12-28T15:41:45.243-0500][gc,heap        ] GC(23732) Humongous regions: 4->4
[2020-12-28T15:41:45.243-0500][gc,metaspace   ] GC(23732) Metaspace: 50313K->50313K(1093632K)
[2020-12-28T15:41:45.243-0500][gc,heap        ] GC(23732) Heap after GC invocations=23733 (full 5462): garbage-first heap   total 64512K, used 43317K [0x0000000083000000, 0x0000000100000000)
[2020-12-28T15:41:45.243-0500][gc,heap        ] GC(23732)   region size 1024K, 0 young (0K), 0 survivors (0K)
[2020-12-28T15:41:45.243-0500][gc,heap        ] GC(23732)  Metaspace       used 50313K, capacity 52468K, committed 53888K, reserved 1093632K
[2020-12-28T15:41:45.243-0500][gc,heap        ] GC(23732)   class space    used 7457K, capacity 8250K, committed 8832K, reserved 1048576K
[2020-12-28T15:41:45.243-0500][gc             ] GC(23732) Pause Full (System.gc()) 44M->42M(63M) 54.451ms
[2020-12-28T15:41:45.243-0500][gc,cpu         ] GC(23732) User=0.19s Sys=0.00s Real=0.05s
[2020-12-28T15:43:59.059-0500][gc,heap        ] GC(23733) Heap before GC invocations=23733 (full 5462): garbage-first heap   total 64512K, used 51509K [0x0000000083000000, 0x0000000100000000)
[2020-12-28T15:43:59.059-0500][gc,heap        ] GC(23733)   region size 1024K, 9 young (9216K), 0 survivors (0K)
[2020-12-28T15:43:59.059-0500][gc,heap        ] GC(23733)  Metaspace       used 50313K, capacity 52468K, committed 53888K, reserved 1093632K
[2020-12-28T15:43:59.059-0500][gc,heap        ] GC(23733)   class space    used 7457K, capacity 8250K, committed 8832K, reserved 1048576K
[2020-12-28T15:43:59.059-0500][gc,start       ] GC(23733) Pause Young (Normal) (G1 Evacuation Pause)
[2020-12-28T15:43:59.059-0500][gc,task        ] GC(23733) Using 8 workers of 8 for evacuation
[2020-12-28T15:43:59.062-0500][gc,phases      ] GC(23733)   Pre Evacuate Collection Set: 0.0ms
[2020-12-28T15:43:59.062-0500][gc,phases      ] GC(23733)   Evacuate Collection Set: 0.7ms
[2020-12-28T15:43:59.062-0500][gc,phases      ] GC(23733)   Post Evacuate Collection Set: 1.9ms
[2020-12-28T15:43:59.062-0500][gc,phases      ] GC(23733)   Other: 0.2ms
[2020-12-28T15:43:59.062-0500][gc,heap        ] GC(23733) Eden regions: 9->0(8)
[2020-12-28T15:43:59.062-0500][gc,heap        ] GC(23733) Survivor regions: 0->1(2)
[2020-12-28T15:43:59.062-0500][gc,heap        ] GC(23733) Old regions: 42->42
[2020-12-28T15:43:59.062-0500][gc,heap        ] GC(23733) Humongous regions: 4->4
[2020-12-28T15:43:59.062-0500][gc,metaspace   ] GC(23733) Metaspace: 50313K->50313K(1093632K)
[2020-12-28T15:43:59.062-0500][gc,heap        ] GC(23733) Heap after GC invocations=23734 (full 5462): garbage-first heap   total 64512K, used 43387K [0x0000000083000000, 0x0000000100000000)
[2020-12-28T15:43:59.062-0500][gc,heap        ] GC(23733)   region size 1024K, 1 young (1024K), 1 survivors (1024K)
[2020-12-28T15:43:59.062-0500][gc,heap        ] GC(23733)  Metaspace       used 50313K, capacity 52468K, committed 53888K, reserved 1093632K
[2020-12-28T15:43:59.062-0500][gc,heap        ] GC(23733)   class space    used 7457K, capacity 8250K, committed 8832K, reserved 1048576K
[2020-12-28T15:43:59.062-0500][gc             ] GC(23733) Pause Young (Normal) (G1 Evacuation Pause) 51M->42M(63M) 2.812ms
[2020-12-28T15:43:59.062-0500][gc,cpu         ] GC(23733) User=0.01s Sys=0.00s Real=0.00s
[2020-12-28T15:45:59.062-0500][gc,heap        ] GC(23734) Heap before GC invocations=23734 (full 5462): garbage-first heap   total 64512K, used 51579K [0x0000000083000000, 0x0000000100000000)
[2020-12-28T15:45:59.062-0500][gc,heap        ] GC(23734)   region size 1024K, 9 young (9216K), 1 survivors (1024K)
[2020-12-28T15:45:59.062-0500][gc,heap        ] GC(23734)  Metaspace       used 50313K, capacity 52468K, committed 53888K, reserved 1093632K
[2020-12-28T15:45:59.062-0500][gc,heap        ] GC(23734)   class space    used 7457K, capacity 8250K, committed 8832K, reserved 1048576K
[2020-12-28T15:45:59.062-0500][gc,start       ] GC(23734) Pause Young (Normal) (G1 Evacuation Pause)
[2020-12-28T15:45:59.062-0500][gc,task        ] GC(23734) Using 8 workers of 8 for evacuation
[2020-12-28T15:45:59.064-0500][gc,phases      ] GC(23734)   Pre Evacuate Collection Set: 0.0ms
[2020-12-28T15:45:59.064-0500][gc,phases      ] GC(23734)   Evacuate Collection Set: 0.7ms
[2020-12-28T15:45:59.064-0500][gc,phases      ] GC(23734)   Post Evacuate Collection Set: 1.2ms
[2020-12-28T15:45:59.064-0500][gc,phases      ] GC(23734)   Other: 0.2ms
[2020-12-28T15:45:59.064-0500][gc,heap        ] GC(23734) Eden regions: 8->0(8)
[2020-12-28T15:45:59.064-0500][gc,heap        ] GC(23734) Survivor regions: 1->1(2)
[2020-12-28T15:45:59.064-0500][gc,heap        ] GC(23734) Old regions: 42->42
[2020-12-28T15:45:59.064-0500][gc,heap        ] GC(23734) Humongous regions: 4->4
[2020-12-28T15:45:59.064-0500][gc,metaspace   ] GC(23734) Metaspace: 50313K->50313K(1093632K)
[2020-12-28T15:45:59.064-0500][gc,heap        ] GC(23734) Heap after GC invocations=23735 (full 5462): garbage-first heap   total 64512K, used 43390K [0x0000000083000000, 0x0000000100000000)
[2020-12-28T15:45:59.064-0500][gc,heap        ] GC(23734)   region size 1024K, 1 young (1024K), 1 survivors (1024K)
[2020-12-28T15:45:59.064-0500][gc,heap        ] GC(23734)  Metaspace       used 50313K, capacity 52468K, committed 53888K, reserved 1093632K
[2020-12-28T15:45:59.064-0500][gc,heap        ] GC(23734)   class space    used 7457K, capacity 8250K, committed 8832K, reserved 1048576K
[2020-12-28T15:45:59.064-0500][gc             ] GC(23734) Pause Young (Normal) (G1 Evacuation Pause) 50M->42M(63M) 2.092ms
[2020-12-28T15:45:59.064-0500][gc,cpu         ] GC(23734) User=0.00s Sys=0.00s Real=0.00s
[2020-12-28T15:46:45.192-0500][gc,task        ] GC(23735) Using 5 workers of 8 for full compaction
[2020-12-28T15:46:45.192-0500][gc,start       ] GC(23735) Pause Full (System.gc())
[2020-12-28T15:46:45.192-0500][gc,heap        ] GC(23735) Heap before GC invocations=23735 (full 5462): garbage-first heap   total 64512K, used 46462K [0x0000000083000000, 0x0000000100000000)
[2020-12-28T15:46:45.192-0500][gc,heap        ] GC(23735)   region size 1024K, 5 young (5120K), 1 survivors (1024K)
[2020-12-28T15:46:45.192-0500][gc,heap        ] GC(23735)  Metaspace       used 50313K, capacity 52468K, committed 53888K, reserved 1093632K
[2020-12-28T15:46:45.192-0500][gc,heap        ] GC(23735)   class space    used 7457K, capacity 8250K, committed 8832K, reserved 1048576K
[2020-12-28T15:46:45.193-0500][gc,phases,start] GC(23735) Phase 1: Mark live objects
[2020-12-28T15:46:45.229-0500][gc,stringtable ] GC(23735) Cleaned string and symbol table, strings: 33320 processed, 4 removed, symbols: 120973 processed, 0 removed
[2020-12-28T15:46:45.229-0500][gc,phases      ] GC(23735) Phase 1: Mark live objects 36.785ms
[2020-12-28T15:46:45.229-0500][gc,phases,start] GC(23735) Phase 2: Prepare for compaction
[2020-12-28T15:46:45.234-0500][gc,phases      ] GC(23735) Phase 2: Prepare for compaction 4.818ms
[2020-12-28T15:46:45.234-0500][gc,phases,start] GC(23735) Phase 3: Adjust pointers
[2020-12-28T15:46:45.247-0500][gc,phases      ] GC(23735) Phase 3: Adjust pointers 12.643ms
[2020-12-28T15:46:45.247-0500][gc,phases,start] GC(23735) Phase 4: Compact heap
[2020-12-28T15:46:45.250-0500][gc,phases      ] GC(23735) Phase 4: Compact heap 2.756ms
[2020-12-28T15:46:45.254-0500][gc,heap        ] GC(23735) Eden regions: 4->0(10)
[2020-12-28T15:46:45.254-0500][gc,heap        ] GC(23735) Survivor regions: 1->0(2)
[2020-12-28T15:46:45.254-0500][gc,heap        ] GC(23735) Old regions: 42->41
[2020-12-28T15:46:45.254-0500][gc,heap        ] GC(23735) Humongous regions: 4->4
[2020-12-28T15:46:45.254-0500][gc,metaspace   ] GC(23735) Metaspace: 50313K->50313K(1093632K)
[2020-12-28T15:46:45.254-0500][gc,heap        ] GC(23735) Heap after GC invocations=23736 (full 5463): garbage-first heap   total 64512K, used 43324K [0x0000000083000000, 0x0000000100000000)
[2020-12-28T15:46:45.254-0500][gc,heap        ] GC(23735)   region size 1024K, 0 young (0K), 0 survivors (0K)
[2020-12-28T15:46:45.254-0500][gc,heap        ] GC(23735)  Metaspace       used 50313K, capacity 52468K, committed 53888K, reserved 1093632K
[2020-12-28T15:46:45.254-0500][gc,heap        ] GC(23735)   class space    used 7457K, capacity 8250K, committed 8832K, reserved 1048576K
[2020-12-28T15:46:45.254-0500][gc             ] GC(23735) Pause Full (System.gc()) 45M->42M(63M) 62.371ms
[2020-12-28T15:46:45.254-0500][gc,cpu         ] GC(23735) User=0.28s Sys=0.00s Real=0.06s
[2020-12-28T15:49:13.659-0500][gc,heap        ] GC(23736) Heap before GC invocations=23736 (full 5463): garbage-first heap   total 64512K, used 53564K [0x0000000083000000, 0x0000000100000000)
[2020-12-28T15:49:13.659-0500][gc,heap        ] GC(23736)   region size 1024K, 10 young (10240K), 0 survivors (0K)
[2020-12-28T15:49:13.659-0500][gc,heap        ] GC(23736)  Metaspace       used 50313K, capacity 52468K, committed 53888K, reserved 1093632K
[2020-12-28T15:49:13.659-0500][gc,heap        ] GC(23736)   class space    used 7457K, capacity 8250K, committed 8832K, reserved 1048576K
[2020-12-28T15:49:13.659-0500][gc,start       ] GC(23736) Pause Young (Normal) (G1 Evacuation Pause)
[2020-12-28T15:49:13.659-0500][gc,task        ] GC(23736) Using 8 workers of 8 for evacuation
[2020-12-28T15:49:13.661-0500][gc,phases      ] GC(23736)   Pre Evacuate Collection Set: 0.0ms
[2020-12-28T15:49:13.661-0500][gc,phases      ] GC(23736)   Evacuate Collection Set: 0.7ms
[2020-12-28T15:49:13.661-0500][gc,phases      ] GC(23736)   Post Evacuate Collection Set: 1.3ms
[2020-12-28T15:49:13.661-0500][gc,phases      ] GC(23736)   Other: 0.3ms
[2020-12-28T15:49:13.661-0500][gc,heap        ] GC(23736) Eden regions: 10->0(9)
[2020-12-28T15:49:13.661-0500][gc,heap        ] GC(23736) Survivor regions: 0->1(2)
[2020-12-28T15:49:13.661-0500][gc,heap        ] GC(23736) Old regions: 41->41
[2020-12-28T15:49:13.661-0500][gc,heap        ] GC(23736) Humongous regions: 4->4
[2020-12-28T15:49:13.661-0500][gc,metaspace   ] GC(23736) Metaspace: 50313K->50313K(1093632K)
[2020-12-28T15:49:13.661-0500][gc,heap        ] GC(23736) Heap after GC invocations=23737 (full 5463): garbage-first heap   total 64512K, used 43393K [0x0000000083000000, 0x0000000100000000)
[2020-12-28T15:49:13.661-0500][gc,heap        ] GC(23736)   region size 1024K, 1 young (1024K), 1 survivors (1024K)
[2020-12-28T15:49:13.661-0500][gc,heap        ] GC(23736)  Metaspace       used 50313K, capacity 52468K, committed 53888K, reserved 1093632K
[2020-12-28T15:49:13.661-0500][gc,heap        ] GC(23736)   class space    used 7457K, capacity 8250K, committed 8832K, reserved 1048576K
[2020-12-28T15:49:13.661-0500][gc             ] GC(23736) Pause Young (Normal) (G1 Evacuation Pause) 52M->42M(63M) 2.243ms
[2020-12-28T15:49:13.661-0500][gc,cpu         ] GC(23736) User=0.01s Sys=0.00s Real=0.00s
[2020-12-28T15:51:22.607-0500][gc,heap        ] GC(23737) Heap before GC invocations=23737 (full 5463): garbage-first heap   total 64512K, used 51585K [0x0000000083000000, 0x0000000100000000)
[2020-12-28T15:51:22.608-0500][gc,heap        ] GC(23737)   region size 1024K, 10 young (10240K), 1 survivors (1024K)
[2020-12-28T15:51:22.608-0500][gc,heap        ] GC(23737)  Metaspace       used 50313K, capacity 52468K, committed 53888K, reserved 1093632K
[2020-12-28T15:51:22.608-0500][gc,heap        ] GC(23737)   class space    used 7457K, capacity 8250K, committed 8832K, reserved 1048576K
[2020-12-28T15:51:22.608-0500][gc,start       ] GC(23737) Pause Young (Normal) (G1 Evacuation Pause)
[2020-12-28T15:51:22.608-0500][gc,task        ] GC(23737) Using 8 workers of 8 for evacuation
[2020-12-28T15:51:22.609-0500][gc,phases      ] GC(23737)   Pre Evacuate Collection Set: 0.0ms
[2020-12-28T15:51:22.609-0500][gc,phases      ] GC(23737)   Evacuate Collection Set: 0.6ms
[2020-12-28T15:51:22.609-0500][gc,phases      ] GC(23737)   Post Evacuate Collection Set: 1.0ms
[2020-12-28T15:51:22.609-0500][gc,phases      ] GC(23737)   Other: 0.2ms
[2020-12-28T15:51:22.609-0500][gc,heap        ] GC(23737) Eden regions: 9->0(9)
[2020-12-28T15:51:22.609-0500][gc,heap        ] GC(23737) Survivor regions: 1->1(2)
[2020-12-28T15:51:22.609-0500][gc,heap        ] GC(23737) Old regions: 41->41
[2020-12-28T15:51:22.609-0500][gc,heap        ] GC(23737) Humongous regions: 4->4
[2020-12-28T15:51:22.609-0500][gc,metaspace   ] GC(23737) Metaspace: 50313K->50313K(1093632K)
[2020-12-28T15:51:22.609-0500][gc,heap        ] GC(23737) Heap after GC invocations=23738 (full 5463): garbage-first heap   total 64512K, used 43399K [0x0000000083000000, 0x0000000100000000)
[2020-12-28T15:51:22.609-0500][gc,heap        ] GC(23737)   region size 1024K, 1 young (1024K), 1 survivors (1024K)
[2020-12-28T15:51:22.609-0500][gc,heap        ] GC(23737)  Metaspace       used 50313K, capacity 52468K, committed 53888K, reserved 1093632K
[2020-12-28T15:51:22.609-0500][gc,heap        ] GC(23737)   class space    used 7457K, capacity 8250K, committed 8832K, reserved 1048576K
[2020-12-28T15:51:22.609-0500][gc             ] GC(23737) Pause Young (Normal) (G1 Evacuation Pause) 51M->42M(63M) 1.803ms
[2020-12-28T15:51:22.610-0500][gc,cpu         ] GC(23737) User=0.00s Sys=0.00s Real=0.01s
[2020-12-28T15:51:45.189-0500][gc,task        ] GC(23738) Using 5 workers of 8 for full compaction
[2020-12-28T15:51:45.189-0500][gc,start       ] GC(23738) Pause Full (System.gc())
[2020-12-28T15:51:45.189-0500][gc,heap        ] GC(23738) Heap before GC invocations=23738 (full 5463): garbage-first heap   total 64512K, used 44423K [0x0000000083000000, 0x0000000100000000)
[2020-12-28T15:51:45.189-0500][gc,heap        ] GC(23738)   region size 1024K, 3 young (3072K), 1 survivors (1024K)
[2020-12-28T15:51:45.189-0500][gc,heap        ] GC(23738)  Metaspace       used 50313K, capacity 52468K, committed 53888K, reserved 1093632K
[2020-12-28T15:51:45.190-0500][gc,heap        ] GC(23738)   class space    used 7457K, capacity 8250K, committed 8832K, reserved 1048576K
[2020-12-28T15:51:45.190-0500][gc,phases,start] GC(23738) Phase 1: Mark live objects
[2020-12-28T15:51:45.229-0500][gc,stringtable ] GC(23738) Cleaned string and symbol table, strings: 33320 processed, 4 removed, symbols: 120973 processed, 0 removed
[2020-12-28T15:51:45.230-0500][gc,phases      ] GC(23738) Phase 1: Mark live objects 39.486ms
[2020-12-28T15:51:45.230-0500][gc,phases,start] GC(23738) Phase 2: Prepare for compaction
[2020-12-28T15:51:45.234-0500][gc,phases      ] GC(23738) Phase 2: Prepare for compaction 4.616ms
[2020-12-28T15:51:45.234-0500][gc,phases,start] GC(23738) Phase 3: Adjust pointers
[2020-12-28T15:51:45.245-0500][gc,phases      ] GC(23738) Phase 3: Adjust pointers 10.839ms
[2020-12-28T15:51:45.245-0500][gc,phases,start] GC(23738) Phase 4: Compact heap
[2020-12-28T15:51:45.248-0500][gc,phases      ] GC(23738) Phase 4: Compact heap 2.555ms
[2020-12-28T15:51:45.252-0500][gc,heap        ] GC(23738) Eden regions: 2->0(9)
[2020-12-28T15:51:45.252-0500][gc,heap        ] GC(23738) Survivor regions: 1->0(2)
[2020-12-28T15:51:45.252-0500][gc,heap        ] GC(23738) Old regions: 41->42
[2020-12-28T15:51:45.252-0500][gc,heap        ] GC(23738) Humongous regions: 4->4
[2020-12-28T15:51:45.252-0500][gc,metaspace   ] GC(23738) Metaspace: 50313K->50313K(1093632K)
[2020-12-28T15:51:45.252-0500][gc,heap        ] GC(23738) Heap after GC invocations=23739 (full 5464): garbage-first heap   total 64512K, used 43314K [0x0000000083000000, 0x0000000100000000)
[2020-12-28T15:51:45.252-0500][gc,heap        ] GC(23738)   region size 1024K, 0 young (0K), 0 survivors (0K)
[2020-12-28T15:51:45.252-0500][gc,heap        ] GC(23738)  Metaspace       used 50313K, capacity 52468K, committed 53888K, reserved 1093632K
[2020-12-28T15:51:45.252-0500][gc,heap        ] GC(23738)   class space    used 7457K, capacity 8250K, committed 8832K, reserved 1048576K
[2020-12-28T15:51:45.252-0500][gc             ] GC(23738) Pause Full (System.gc()) 43M->42M(63M) 62.987ms
[2020-12-28T15:51:45.252-0500][gc,cpu         ] GC(23738) User=0.27s Sys=0.00s Real=0.06s
[2020-12-28T15:53:59.062-0500][gc,heap        ] GC(23739) Heap before GC invocations=23739 (full 5464): garbage-first heap   total 64512K, used 51506K [0x0000000083000000, 0x0000000100000000)
[2020-12-28T15:53:59.062-0500][gc,heap        ] GC(23739)   region size 1024K, 9 young (9216K), 0 survivors (0K)
[2020-12-28T15:53:59.062-0500][gc,heap        ] GC(23739)  Metaspace       used 50313K, capacity 52468K, committed 53888K, reserved 1093632K
[2020-12-28T15:53:59.062-0500][gc,heap        ] GC(23739)   class space    used 7457K, capacity 8250K, committed 8832K, reserved 1048576K
[2020-12-28T15:53:59.062-0500][gc,start       ] GC(23739) Pause Young (Normal) (G1 Evacuation Pause)
[2020-12-28T15:53:59.063-0500][gc,task        ] GC(23739) Using 8 workers of 8 for evacuation
[2020-12-28T15:53:59.065-0500][gc,phases      ] GC(23739)   Pre Evacuate Collection Set: 0.0ms
[2020-12-28T15:53:59.065-0500][gc,phases      ] GC(23739)   Evacuate Collection Set: 0.6ms
[2020-12-28T15:53:59.065-0500][gc,phases      ] GC(23739)   Post Evacuate Collection Set: 1.6ms
[2020-12-28T15:53:59.065-0500][gc,phases      ] GC(23739)   Other: 0.2ms
[2020-12-28T15:53:59.065-0500][gc,heap        ] GC(23739) Eden regions: 9->0(8)
[2020-12-28T15:53:59.065-0500][gc,heap        ] GC(23739) Survivor regions: 0->1(2)
[2020-12-28T15:53:59.065-0500][gc,heap        ] GC(23739) Old regions: 42->42
[2020-12-28T15:53:59.065-0500][gc,heap        ] GC(23739) Humongous regions: 4->4
[2020-12-28T15:53:59.065-0500][gc,metaspace   ] GC(23739) Metaspace: 50313K->50313K(1093632K)
[2020-12-28T15:53:59.065-0500][gc,heap        ] GC(23739) Heap after GC invocations=23740 (full 5464): garbage-first heap   total 64512K, used 43373K [0x0000000083000000, 0x0000000100000000)
[2020-12-28T15:53:59.065-0500][gc,heap        ] GC(23739)   region size 1024K, 1 young (1024K), 1 survivors (1024K)
[2020-12-28T15:53:59.065-0500][gc,heap        ] GC(23739)  Metaspace       used 50313K, capacity 52468K, committed 53888K, reserved 1093632K
[2020-12-28T15:53:59.065-0500][gc,heap        ] GC(23739)   class space    used 7457K, capacity 8250K, committed 8832K, reserved 1048576K
[2020-12-28T15:53:59.065-0500][gc             ] GC(23739) Pause Young (Normal) (G1 Evacuation Pause) 51M->42M(63M) 2.409ms
[2020-12-28T15:53:59.065-0500][gc,cpu         ] GC(23739) User=0.00s Sys=0.00s Real=0.00s
[2020-12-28T15:55:59.061-0500][gc,heap        ] GC(23740) Heap before GC invocations=23740 (full 5464): garbage-first heap   total 64512K, used 50541K [0x0000000083000000, 0x0000000100000000)
[2020-12-28T15:55:59.061-0500][gc,heap        ] GC(23740)   region size 1024K, 9 young (9216K), 1 survivors (1024K)
[2020-12-28T15:55:59.061-0500][gc,heap        ] GC(23740)  Metaspace       used 50313K, capacity 52468K, committed 53888K, reserved 1093632K
[2020-12-28T15:55:59.061-0500][gc,heap        ] GC(23740)   class space    used 7457K, capacity 8250K, committed 8832K, reserved 1048576K
[2020-12-28T15:55:59.061-0500][gc,start       ] GC(23740) Pause Young (Normal) (G1 Evacuation Pause)
[2020-12-28T15:55:59.061-0500][gc,task        ] GC(23740) Using 8 workers of 8 for evacuation
[2020-12-28T15:55:59.062-0500][gc,phases      ] GC(23740)   Pre Evacuate Collection Set: 0.0ms
[2020-12-28T15:55:59.062-0500][gc,phases      ] GC(23740)   Evacuate Collection Set: 0.7ms
[2020-12-28T15:55:59.062-0500][gc,phases      ] GC(23740)   Post Evacuate Collection Set: 0.7ms
[2020-12-28T15:55:59.062-0500][gc,phases      ] GC(23740)   Other: 0.2ms
[2020-12-28T15:55:59.062-0500][gc,heap        ] GC(23740) Eden regions: 8->0(8)
[2020-12-28T15:55:59.062-0500][gc,heap        ] GC(23740) Survivor regions: 1->1(2)
[2020-12-28T15:55:59.062-0500][gc,heap        ] GC(23740) Old regions: 42->42
[2020-12-28T15:55:59.062-0500][gc,heap        ] GC(23740) Humongous regions: 4->4
[2020-12-28T15:55:59.062-0500][gc,metaspace   ] GC(23740) Metaspace: 50313K->50313K(1093632K)
[2020-12-28T15:55:59.062-0500][gc,heap        ] GC(23740) Heap after GC invocations=23741 (full 5464): garbage-first heap   total 64512K, used 43399K [0x0000000083000000, 0x0000000100000000)
[2020-12-28T15:55:59.062-0500][gc,heap        ] GC(23740)   region size 1024K, 1 young (1024K), 1 survivors (1024K)
[2020-12-28T15:55:59.062-0500][gc,heap        ] GC(23740)  Metaspace       used 50313K, capacity 52468K, committed 53888K, reserved 1093632K
[2020-12-28T15:55:59.062-0500][gc,heap        ] GC(23740)   class space    used 7457K, capacity 8250K, committed 8832K, reserved 1048576K
[2020-12-28T15:55:59.062-0500][gc             ] GC(23740) Pause Young (Normal) (G1 Evacuation Pause) 50M->42M(63M) 1.637ms
[2020-12-28T15:55:59.062-0500][gc,cpu         ] GC(23740) User=0.00s Sys=0.00s Real=0.00s
[2020-12-28T15:56:45.190-0500][gc,task        ] GC(23741) Using 5 workers of 8 for full compaction
[2020-12-28T15:56:45.190-0500][gc,start       ] GC(23741) Pause Full (System.gc())
[2020-12-28T15:56:45.190-0500][gc,heap        ] GC(23741) Heap before GC invocations=23741 (full 5464): garbage-first heap   total 64512K, used 46471K [0x0000000083000000, 0x0000000100000000)
[2020-12-28T15:56:45.190-0500][gc,heap        ] GC(23741)   region size 1024K, 5 young (5120K), 1 survivors (1024K)
[2020-12-28T15:56:45.190-0500][gc,heap        ] GC(23741)  Metaspace       used 50313K, capacity 52468K, committed 53888K, reserved 1093632K
[2020-12-28T15:56:45.190-0500][gc,heap        ] GC(23741)   class space    used 7457K, capacity 8250K, committed 8832K, reserved 1048576K
[2020-12-28T15:56:45.190-0500][gc,phases,start] GC(23741) Phase 1: Mark live objects
[2020-12-28T15:56:45.208-0500][gc,stringtable ] GC(23741) Cleaned string and symbol table, strings: 33320 processed, 4 removed, symbols: 120973 processed, 0 removed
[2020-12-28T15:56:45.208-0500][gc,phases      ] GC(23741) Phase 1: Mark live objects 18.400ms
[2020-12-28T15:56:45.208-0500][gc,phases,start] GC(23741) Phase 2: Prepare for compaction
[2020-12-28T15:56:45.212-0500][gc,phases      ] GC(23741) Phase 2: Prepare for compaction 3.654ms
[2020-12-28T15:56:45.212-0500][gc,phases,start] GC(23741) Phase 3: Adjust pointers
[2020-12-28T15:56:45.223-0500][gc,phases      ] GC(23741) Phase 3: Adjust pointers 10.974ms
[2020-12-28T15:56:45.223-0500][gc,phases,start] GC(23741) Phase 4: Compact heap
[2020-12-28T15:56:45.226-0500][gc,phases      ] GC(23741) Phase 4: Compact heap 3.230ms
[2020-12-28T15:56:45.231-0500][gc,heap        ] GC(23741) Eden regions: 4->0(9)
[2020-12-28T15:56:45.231-0500][gc,heap        ] GC(23741) Survivor regions: 1->0(2)
[2020-12-28T15:56:45.231-0500][gc,heap        ] GC(23741) Old regions: 42->42
[2020-12-28T15:56:45.231-0500][gc,heap        ] GC(23741) Humongous regions: 4->4
[2020-12-28T15:56:45.231-0500][gc,metaspace   ] GC(23741) Metaspace: 50313K->50313K(1093632K)
[2020-12-28T15:56:45.231-0500][gc,heap        ] GC(23741) Heap after GC invocations=23742 (full 5465): garbage-first heap   total 64512K, used 43325K [0x0000000083000000, 0x0000000100000000)
[2020-12-28T15:56:45.231-0500][gc,heap        ] GC(23741)   region size 1024K, 0 young (0K), 0 survivors (0K)
[2020-12-28T15:56:45.231-0500][gc,heap        ] GC(23741)  Metaspace       used 50313K, capacity 52468K, committed 53888K, reserved 1093632K
[2020-12-28T15:56:45.231-0500][gc,heap        ] GC(23741)   class space    used 7457K, capacity 8250K, committed 8832K, reserved 1048576K
[2020-12-28T15:56:45.231-0500][gc             ] GC(23741) Pause Full (System.gc()) 45M->42M(63M) 41.079ms
[2020-12-28T15:56:45.231-0500][gc,cpu         ] GC(23741) User=0.17s Sys=0.00s Real=0.04s
[2020-12-28T15:58:59.063-0500][gc,heap        ] GC(23742) Heap before GC invocations=23742 (full 5465): garbage-first heap   total 64512K, used 52541K [0x0000000083000000, 0x0000000100000000)
[2020-12-28T15:58:59.063-0500][gc,heap        ] GC(23742)   region size 1024K, 9 young (9216K), 0 survivors (0K)
[2020-12-28T15:58:59.063-0500][gc,heap        ] GC(23742)  Metaspace       used 50313K, capacity 52468K, committed 53888K, reserved 1093632K
[2020-12-28T15:58:59.063-0500][gc,heap        ] GC(23742)   class space    used 7457K, capacity 8250K, committed 8832K, reserved 1048576K
[2020-12-28T15:58:59.063-0500][gc,start       ] GC(23742) Pause Young (Normal) (G1 Evacuation Pause)
[2020-12-28T15:58:59.063-0500][gc,task        ] GC(23742) Using 8 workers of 8 for evacuation
[2020-12-28T15:58:59.075-0500][gc,phases      ] GC(23742)   Pre Evacuate Collection Set: 0.0ms
[2020-12-28T15:58:59.075-0500][gc,phases      ] GC(23742)   Evacuate Collection Set: 6.5ms
[2020-12-28T15:58:59.075-0500][gc,phases      ] GC(23742)   Post Evacuate Collection Set: 4.8ms
[2020-12-28T15:58:59.075-0500][gc,phases      ] GC(23742)   Other: 0.4ms
[2020-12-28T15:58:59.075-0500][gc,heap        ] GC(23742) Eden regions: 9->0(8)
[2020-12-28T15:58:59.075-0500][gc,heap        ] GC(23742) Survivor regions: 0->1(2)
[2020-12-28T15:58:59.075-0500][gc,heap        ] GC(23742) Old regions: 42->42
[2020-12-28T15:58:59.075-0500][gc,heap        ] GC(23742) Humongous regions: 4->4
[2020-12-28T15:58:59.075-0500][gc,metaspace   ] GC(23742) Metaspace: 50313K->50313K(1093632K)
[2020-12-28T15:58:59.075-0500][gc,heap        ] GC(23742) Heap after GC invocations=23743 (full 5465): garbage-first heap   total 64512K, used 43408K [0x0000000083000000, 0x0000000100000000)
[2020-12-28T15:58:59.075-0500][gc,heap        ] GC(23742)   region size 1024K, 1 young (1024K), 1 survivors (1024K)
[2020-12-28T15:58:59.075-0500][gc,heap        ] GC(23742)  Metaspace       used 50313K, capacity 52468K, committed 53888K, reserved 1093632K
[2020-12-28T15:58:59.075-0500][gc,heap        ] GC(23742)   class space    used 7457K, capacity 8250K, committed 8832K, reserved 1048576K
[2020-12-28T15:58:59.075-0500][gc             ] GC(23742) Pause Young (Normal) (G1 Evacuation Pause) 51M->42M(63M) 11.841ms
[2020-12-28T15:58:59.075-0500][gc,cpu         ] GC(23742) User=0.06s Sys=0.00s Real=0.01s
[2020-12-28T16:00:52.934-0500][gc,heap        ] GC(23743) Heap before GC invocations=23743 (full 5465): garbage-first heap   total 64512K, used 50576K [0x0000000083000000, 0x0000000100000000)
[2020-12-28T16:00:52.934-0500][gc,heap        ] GC(23743)   region size 1024K, 9 young (9216K), 1 survivors (1024K)
[2020-12-28T16:00:52.934-0500][gc,heap        ] GC(23743)  Metaspace       used 50313K, capacity 52468K, committed 53888K, reserved 1093632K
[2020-12-28T16:00:52.934-0500][gc,heap        ] GC(23743)   class space    used 7457K, capacity 8250K, committed 8832K, reserved 1048576K
[2020-12-28T16:00:52.934-0500][gc,start       ] GC(23743) Pause Young (Normal) (G1 Evacuation Pause)
[2020-12-28T16:00:52.934-0500][gc,task        ] GC(23743) Using 8 workers of 8 for evacuation
[2020-12-28T16:00:52.936-0500][gc,phases      ] GC(23743)   Pre Evacuate Collection Set: 0.0ms
[2020-12-28T16:00:52.936-0500][gc,phases      ] GC(23743)   Evacuate Collection Set: 0.8ms
[2020-12-28T16:00:52.936-0500][gc,phases      ] GC(23743)   Post Evacuate Collection Set: 1.1ms
[2020-12-28T16:00:52.936-0500][gc,phases      ] GC(23743)   Other: 0.2ms
[2020-12-28T16:00:52.936-0500][gc,heap        ] GC(23743) Eden regions: 8->0(8)
[2020-12-28T16:00:52.936-0500][gc,heap        ] GC(23743) Survivor regions: 1->1(2)
[2020-12-28T16:00:52.936-0500][gc,heap        ] GC(23743) Old regions: 42->42
[2020-12-28T16:00:52.936-0500][gc,heap        ] GC(23743) Humongous regions: 4->4
[2020-12-28T16:00:52.936-0500][gc,metaspace   ] GC(23743) Metaspace: 50313K->50313K(1093632K)
[2020-12-28T16:00:52.936-0500][gc,heap        ] GC(23743) Heap after GC invocations=23744 (full 5465): garbage-first heap   total 64512K, used 43397K [0x0000000083000000, 0x0000000100000000)
[2020-12-28T16:00:52.936-0500][gc,heap        ] GC(23743)   region size 1024K, 1 young (1024K), 1 survivors (1024K)
[2020-12-28T16:00:52.936-0500][gc,heap        ] GC(23743)  Metaspace       used 50313K, capacity 52468K, committed 53888K, reserved 1093632K
[2020-12-28T16:00:52.936-0500][gc,heap        ] GC(23743)   class space    used 7457K, capacity 8250K, committed 8832K, reserved 1048576K
[2020-12-28T16:00:52.936-0500][gc             ] GC(23743) Pause Young (Normal) (G1 Evacuation Pause) 50M->42M(63M) 2.085ms
[2020-12-28T16:00:52.936-0500][gc,cpu         ] GC(23743) User=0.00s Sys=0.00s Real=0.00s
[2020-12-28T16:01:45.192-0500][gc,task        ] GC(23744) Using 5 workers of 8 for full compaction
[2020-12-28T16:01:45.192-0500][gc,start       ] GC(23744) Pause Full (System.gc())
[2020-12-28T16:01:45.192-0500][gc,heap        ] GC(23744) Heap before GC invocations=23744 (full 5465): garbage-first heap   total 64512K, used 46469K [0x0000000083000000, 0x0000000100000000)
[2020-12-28T16:01:45.192-0500][gc,heap        ] GC(23744)   region size 1024K, 5 young (5120K), 1 survivors (1024K)
[2020-12-28T16:01:45.192-0500][gc,heap        ] GC(23744)  Metaspace       used 50313K, capacity 52468K, committed 53888K, reserved 1093632K
[2020-12-28T16:01:45.192-0500][gc,heap        ] GC(23744)   class space    used 7457K, capacity 8250K, committed 8832K, reserved 1048576K
[2020-12-28T16:01:45.193-0500][gc,phases,start] GC(23744) Phase 1: Mark live objects
[2020-12-28T16:01:45.233-0500][gc,stringtable ] GC(23744) Cleaned string and symbol table, strings: 33320 processed, 4 removed, symbols: 120973 processed, 0 removed
[2020-12-28T16:01:45.233-0500][gc,phases      ] GC(23744) Phase 1: Mark live objects 39.584ms
[2020-12-28T16:01:45.233-0500][gc,phases,start] GC(23744) Phase 2: Prepare for compaction
[2020-12-28T16:01:45.237-0500][gc,phases      ] GC(23744) Phase 2: Prepare for compaction 4.495ms
[2020-12-28T16:01:45.237-0500][gc,phases,start] GC(23744) Phase 3: Adjust pointers
[2020-12-28T16:01:45.249-0500][gc,phases      ] GC(23744) Phase 3: Adjust pointers 11.682ms
[2020-12-28T16:01:45.249-0500][gc,phases,start] GC(23744) Phase 4: Compact heap
[2020-12-28T16:01:45.252-0500][gc,phases      ] GC(23744) Phase 4: Compact heap 3.481ms
[2020-12-28T16:01:45.257-0500][gc,heap        ] GC(23744) Eden regions: 4->0(9)
[2020-12-28T16:01:45.257-0500][gc,heap        ] GC(23744) Survivor regions: 1->0(2)
[2020-12-28T16:01:45.257-0500][gc,heap        ] GC(23744) Old regions: 42->42
[2020-12-28T16:01:45.257-0500][gc,heap        ] GC(23744) Humongous regions: 4->4
[2020-12-28T16:01:45.257-0500][gc,metaspace   ] GC(23744) Metaspace: 50313K->50313K(1093632K)
[2020-12-28T16:01:45.257-0500][gc,heap        ] GC(23744) Heap after GC invocations=23745 (full 5466): garbage-first heap   total 64512K, used 43326K [0x0000000083000000, 0x0000000100000000)
[2020-12-28T16:01:45.257-0500][gc,heap        ] GC(23744)   region size 1024K, 0 young (0K), 0 survivors (0K)
[2020-12-28T16:01:45.257-0500][gc,heap        ] GC(23744)  Metaspace       used 50313K, capacity 52468K, committed 53888K, reserved 1093632K
[2020-12-28T16:01:45.257-0500][gc,heap        ] GC(23744)   class space    used 7457K, capacity 8250K, committed 8832K, reserved 1048576K
[2020-12-28T16:01:45.257-0500][gc             ] GC(23744) Pause Full (System.gc()) 45M->42M(63M) 64.601ms
[2020-12-28T16:01:45.257-0500][gc,cpu         ] GC(23744) User=0.28s Sys=0.00s Real=0.06s
[2020-12-28T16:03:59.060-0500][gc,heap        ] GC(23745) Heap before GC invocations=23745 (full 5466): garbage-first heap   total 64512K, used 51518K [0x0000000083000000, 0x0000000100000000)
[2020-12-28T16:03:59.060-0500][gc,heap        ] GC(23745)   region size 1024K, 9 young (9216K), 0 survivors (0K)
[2020-12-28T16:03:59.060-0500][gc,heap        ] GC(23745)  Metaspace       used 50313K, capacity 52468K, committed 53888K, reserved 1093632K
[2020-12-28T16:03:59.060-0500][gc,heap        ] GC(23745)   class space    used 7457K, capacity 8250K, committed 8832K, reserved 1048576K
[2020-12-28T16:03:59.060-0500][gc,start       ] GC(23745) Pause Young (Normal) (G1 Evacuation Pause)
[2020-12-28T16:03:59.060-0500][gc,task        ] GC(23745) Using 8 workers of 8 for evacuation
[2020-12-28T16:03:59.062-0500][gc,phases      ] GC(23745)   Pre Evacuate Collection Set: 0.0ms
[2020-12-28T16:03:59.062-0500][gc,phases      ] GC(23745)   Evacuate Collection Set: 1.0ms
[2020-12-28T16:03:59.062-0500][gc,phases      ] GC(23745)   Post Evacuate Collection Set: 0.8ms
[2020-12-28T16:03:59.062-0500][gc,phases      ] GC(23745)   Other: 0.2ms
[2020-12-28T16:03:59.062-0500][gc,heap        ] GC(23745) Eden regions: 9->0(8)
[2020-12-28T16:03:59.062-0500][gc,heap        ] GC(23745) Survivor regions: 0->1(2)
[2020-12-28T16:03:59.062-0500][gc,heap        ] GC(23745) Old regions: 42->42
[2020-12-28T16:03:59.062-0500][gc,heap        ] GC(23745) Humongous regions: 4->4
[2020-12-28T16:03:59.062-0500][gc,metaspace   ] GC(23745) Metaspace: 50313K->50313K(1093632K)
[2020-12-28T16:03:59.062-0500][gc,heap        ] GC(23745) Heap after GC invocations=23746 (full 5466): garbage-first heap   total 64512K, used 43408K [0x0000000083000000, 0x0000000100000000)
[2020-12-28T16:03:59.062-0500][gc,heap        ] GC(23745)   region size 1024K, 1 young (1024K), 1 survivors (1024K)
[2020-12-28T16:03:59.062-0500][gc,heap        ] GC(23745)  Metaspace       used 50313K, capacity 52468K, committed 53888K, reserved 1093632K
[2020-12-28T16:03:59.062-0500][gc,heap        ] GC(23745)   class space    used 7457K, capacity 8250K, committed 8832K, reserved 1048576K
[2020-12-28T16:03:59.062-0500][gc             ] GC(23745) Pause Young (Normal) (G1 Evacuation Pause) 51M->42M(63M) 2.082ms
[2020-12-28T16:03:59.062-0500][gc,cpu         ] GC(23745) User=0.01s Sys=0.00s Real=0.00s
[2020-12-28T16:05:59.060-0500][gc,heap        ] GC(23746) Heap before GC invocations=23746 (full 5466): garbage-first heap   total 64512K, used 51600K [0x0000000083000000, 0x0000000100000000)
[2020-12-28T16:05:59.060-0500][gc,heap        ] GC(23746)   region size 1024K, 9 young (9216K), 1 survivors (1024K)
[2020-12-28T16:05:59.060-0500][gc,heap        ] GC(23746)  Metaspace       used 50313K, capacity 52468K, committed 53888K, reserved 1093632K
[2020-12-28T16:05:59.060-0500][gc,heap        ] GC(23746)   class space    used 7457K, capacity 8250K, committed 8832K, reserved 1048576K
[2020-12-28T16:05:59.060-0500][gc,start       ] GC(23746) Pause Young (Normal) (G1 Evacuation Pause)
[2020-12-28T16:05:59.060-0500][gc,task        ] GC(23746) Using 8 workers of 8 for evacuation
[2020-12-28T16:05:59.062-0500][gc,phases      ] GC(23746)   Pre Evacuate Collection Set: 0.0ms
[2020-12-28T16:05:59.062-0500][gc,phases      ] GC(23746)   Evacuate Collection Set: 0.8ms
[2020-12-28T16:05:59.062-0500][gc,phases      ] GC(23746)   Post Evacuate Collection Set: 1.0ms
[2020-12-28T16:05:59.062-0500][gc,phases      ] GC(23746)   Other: 0.2ms
[2020-12-28T16:05:59.062-0500][gc,heap        ] GC(23746) Eden regions: 8->0(8)
[2020-12-28T16:05:59.062-0500][gc,heap        ] GC(23746) Survivor regions: 1->1(2)
[2020-12-28T16:05:59.062-0500][gc,heap        ] GC(23746) Old regions: 42->42
[2020-12-28T16:05:59.062-0500][gc,heap        ] GC(23746) Humongous regions: 4->4
[2020-12-28T16:05:59.062-0500][gc,metaspace   ] GC(23746) Metaspace: 50313K->50313K(1093632K)
[2020-12-28T16:05:59.062-0500][gc,heap        ] GC(23746) Heap after GC invocations=23747 (full 5466): garbage-first heap   total 64512K, used 43424K [0x0000000083000000, 0x0000000100000000)
[2020-12-28T16:05:59.062-0500][gc,heap        ] GC(23746)   region size 1024K, 1 young (1024K), 1 survivors (1024K)
[2020-12-28T16:05:59.062-0500][gc,heap        ] GC(23746)  Metaspace       used 50313K, capacity 52468K, committed 53888K, reserved 1093632K
[2020-12-28T16:05:59.062-0500][gc,heap        ] GC(23746)   class space    used 7457K, capacity 8250K, committed 8832K, reserved 1048576K
[2020-12-28T16:05:59.063-0500][gc             ] GC(23746) Pause Young (Normal) (G1 Evacuation Pause) 50M->42M(63M) 2.049ms
[2020-12-28T16:05:59.063-0500][gc,cpu         ] GC(23746) User=0.00s Sys=0.01s Real=0.00s
[2020-12-28T16:06:45.189-0500][gc,task        ] GC(23747) Using 5 workers of 8 for full compaction
[2020-12-28T16:06:45.189-0500][gc,start       ] GC(23747) Pause Full (System.gc())
[2020-12-28T16:06:45.189-0500][gc,heap        ] GC(23747) Heap before GC invocations=23747 (full 5466): garbage-first heap   total 64512K, used 45472K [0x0000000083000000, 0x0000000100000000)
[2020-12-28T16:06:45.189-0500][gc,heap        ] GC(23747)   region size 1024K, 5 young (5120K), 1 survivors (1024K)
[2020-12-28T16:06:45.189-0500][gc,heap        ] GC(23747)  Metaspace       used 50313K, capacity 52468K, committed 53888K, reserved 1093632K
[2020-12-28T16:06:45.189-0500][gc,heap        ] GC(23747)   class space    used 7457K, capacity 8250K, committed 8832K, reserved 1048576K
[2020-12-28T16:06:45.189-0500][gc,phases,start] GC(23747) Phase 1: Mark live objects
[2020-12-28T16:06:45.211-0500][gc,stringtable ] GC(23747) Cleaned string and symbol table, strings: 33320 processed, 4 removed, symbols: 120973 processed, 0 removed
[2020-12-28T16:06:45.211-0500][gc,phases      ] GC(23747) Phase 1: Mark live objects 21.675ms
[2020-12-28T16:06:45.211-0500][gc,phases,start] GC(23747) Phase 2: Prepare for compaction
[2020-12-28T16:06:45.215-0500][gc,phases      ] GC(23747) Phase 2: Prepare for compaction 4.050ms
[2020-12-28T16:06:45.215-0500][gc,phases,start] GC(23747) Phase 3: Adjust pointers
[2020-12-28T16:06:45.226-0500][gc,phases      ] GC(23747) Phase 3: Adjust pointers 11.068ms
[2020-12-28T16:06:45.226-0500][gc,phases,start] GC(23747) Phase 4: Compact heap
[2020-12-28T16:06:45.232-0500][gc,phases      ] GC(23747) Phase 4: Compact heap 5.401ms
[2020-12-28T16:06:45.236-0500][gc,heap        ] GC(23747) Eden regions: 4->0(9)
[2020-12-28T16:06:45.236-0500][gc,heap        ] GC(23747) Survivor regions: 1->0(2)
[2020-12-28T16:06:45.236-0500][gc,heap        ] GC(23747) Old regions: 42->42
[2020-12-28T16:06:45.236-0500][gc,heap        ] GC(23747) Humongous regions: 4->4
[2020-12-28T16:06:45.236-0500][gc,metaspace   ] GC(23747) Metaspace: 50313K->50313K(1093632K)
[2020-12-28T16:06:45.236-0500][gc,heap        ] GC(23747) Heap after GC invocations=23748 (full 5467): garbage-first heap   total 64512K, used 43324K [0x0000000083000000, 0x0000000100000000)
[2020-12-28T16:06:45.236-0500][gc,heap        ] GC(23747)   region size 1024K, 0 young (0K), 0 survivors (0K)
[2020-12-28T16:06:45.236-0500][gc,heap        ] GC(23747)  Metaspace       used 50313K, capacity 52468K, committed 53888K, reserved 1093632K
[2020-12-28T16:06:45.236-0500][gc,heap        ] GC(23747)   class space    used 7457K, capacity 8250K, committed 8832K, reserved 1048576K
[2020-12-28T16:06:45.236-0500][gc             ] GC(23747) Pause Full (System.gc()) 45M->42M(63M) 47.358ms
[2020-12-28T16:06:45.236-0500][gc,cpu         ] GC(23747) User=0.19s Sys=0.00s Real=0.04s
[2020-12-28T16:08:49.060-0500][gc,heap        ] GC(23748) Heap before GC invocations=23748 (full 5467): garbage-first heap   total 64512K, used 52540K [0x0000000083000000, 0x0000000100000000)
[2020-12-28T16:08:49.060-0500][gc,heap        ] GC(23748)   region size 1024K, 9 young (9216K), 0 survivors (0K)
[2020-12-28T16:08:49.060-0500][gc,heap        ] GC(23748)  Metaspace       used 50313K, capacity 52468K, committed 53888K, reserved 1093632K
[2020-12-28T16:08:49.060-0500][gc,heap        ] GC(23748)   class space    used 7457K, capacity 8250K, committed 8832K, reserved 1048576K
[2020-12-28T16:08:49.061-0500][gc,start       ] GC(23748) Pause Young (Normal) (G1 Evacuation Pause)
[2020-12-28T16:08:49.061-0500][gc,task        ] GC(23748) Using 8 workers of 8 for evacuation
[2020-12-28T16:08:49.062-0500][gc,phases      ] GC(23748)   Pre Evacuate Collection Set: 0.0ms
[2020-12-28T16:08:49.062-0500][gc,phases      ] GC(23748)   Evacuate Collection Set: 0.6ms
[2020-12-28T16:08:49.062-0500][gc,phases      ] GC(23748)   Post Evacuate Collection Set: 1.1ms
[2020-12-28T16:08:49.062-0500][gc,phases      ] GC(23748)   Other: 0.3ms
[2020-12-28T16:08:49.062-0500][gc,heap        ] GC(23748) Eden regions: 9->0(8)
[2020-12-28T16:08:49.062-0500][gc,heap        ] GC(23748) Survivor regions: 0->1(2)
[2020-12-28T16:08:49.062-0500][gc,heap        ] GC(23748) Old regions: 42->42
[2020-12-28T16:08:49.062-0500][gc,heap        ] GC(23748) Humongous regions: 4->4
[2020-12-28T16:08:49.062-0500][gc,metaspace   ] GC(23748) Metaspace: 50313K->50313K(1093632K)
[2020-12-28T16:08:49.062-0500][gc,heap        ] GC(23748) Heap after GC invocations=23749 (full 5467): garbage-first heap   total 64512K, used 43415K [0x0000000083000000, 0x0000000100000000)
[2020-12-28T16:08:49.062-0500][gc,heap        ] GC(23748)   region size 1024K, 1 young (1024K), 1 survivors (1024K)
[2020-12-28T16:08:49.062-0500][gc,heap        ] GC(23748)  Metaspace       used 50313K, capacity 52468K, committed 53888K, reserved 1093632K
[2020-12-28T16:08:49.062-0500][gc,heap        ] GC(23748)   class space    used 7457K, capacity 8250K, committed 8832K, reserved 1048576K
[2020-12-28T16:08:49.063-0500][gc             ] GC(23748) Pause Young (Normal) (G1 Evacuation Pause) 51M->42M(63M) 1.985ms
[2020-12-28T16:08:49.063-0500][gc,cpu         ] GC(23748) User=0.00s Sys=0.00s Real=0.00s
[2020-12-28T16:10:49.062-0500][gc,heap        ] GC(23749) Heap before GC invocations=23749 (full 5467): garbage-first heap   total 64512K, used 51607K [0x0000000083000000, 0x0000000100000000)
[2020-12-28T16:10:49.062-0500][gc,heap        ] GC(23749)   region size 1024K, 9 young (9216K), 1 survivors (1024K)
[2020-12-28T16:10:49.062-0500][gc,heap        ] GC(23749)  Metaspace       used 50313K, capacity 52468K, committed 53888K, reserved 1093632K
[2020-12-28T16:10:49.062-0500][gc,heap        ] GC(23749)   class space    used 7457K, capacity 8250K, committed 8832K, reserved 1048576K
[2020-12-28T16:10:49.062-0500][gc,start       ] GC(23749) Pause Young (Normal) (G1 Evacuation Pause)
[2020-12-28T16:10:49.062-0500][gc,task        ] GC(23749) Using 8 workers of 8 for evacuation
[2020-12-28T16:10:49.064-0500][gc,phases      ] GC(23749)   Pre Evacuate Collection Set: 0.0ms
[2020-12-28T16:10:49.064-0500][gc,phases      ] GC(23749)   Evacuate Collection Set: 1.1ms
[2020-12-28T16:10:49.064-0500][gc,phases      ] GC(23749)   Post Evacuate Collection Set: 0.8ms
[2020-12-28T16:10:49.064-0500][gc,phases      ] GC(23749)   Other: 0.3ms
[2020-12-28T16:10:49.064-0500][gc,heap        ] GC(23749) Eden regions: 8->0(8)
[2020-12-28T16:10:49.064-0500][gc,heap        ] GC(23749) Survivor regions: 1->1(2)
[2020-12-28T16:10:49.064-0500][gc,heap        ] GC(23749) Old regions: 42->42
[2020-12-28T16:10:49.064-0500][gc,heap        ] GC(23749) Humongous regions: 4->4
[2020-12-28T16:10:49.064-0500][gc,metaspace   ] GC(23749) Metaspace: 50313K->50313K(1093632K)
[2020-12-28T16:10:49.064-0500][gc,heap        ] GC(23749) Heap after GC invocations=23750 (full 5467): garbage-first heap   total 64512K, used 43379K [0x0000000083000000, 0x0000000100000000)
[2020-12-28T16:10:49.064-0500][gc,heap        ] GC(23749)   region size 1024K, 1 young (1024K), 1 survivors (1024K)
[2020-12-28T16:10:49.064-0500][gc,heap        ] GC(23749)  Metaspace       used 50313K, capacity 52468K, committed 53888K, reserved 1093632K
[2020-12-28T16:10:49.064-0500][gc,heap        ] GC(23749)   class space    used 7457K, capacity 8250K, committed 8832K, reserved 1048576K
[2020-12-28T16:10:49.064-0500][gc             ] GC(23749) Pause Young (Normal) (G1 Evacuation Pause) 50M->42M(63M) 2.210ms
[2020-12-28T16:10:49.064-0500][gc,cpu         ] GC(23749) User=0.01s Sys=0.00s Real=0.00s
[2020-12-28T16:11:45.190-0500][gc,task        ] GC(23750) Using 5 workers of 8 for full compaction
[2020-12-28T16:11:45.190-0500][gc,start       ] GC(23750) Pause Full (System.gc())
[2020-12-28T16:11:45.190-0500][gc,heap        ] GC(23750) Heap before GC invocations=23750 (full 5467): garbage-first heap   total 64512K, used 45427K [0x0000000083000000, 0x0000000100000000)
[2020-12-28T16:11:45.190-0500][gc,heap        ] GC(23750)   region size 1024K, 5 young (5120K), 1 survivors (1024K)
[2020-12-28T16:11:45.190-0500][gc,heap        ] GC(23750)  Metaspace       used 50313K, capacity 52468K, committed 53888K, reserved 1093632K
[2020-12-28T16:11:45.190-0500][gc,heap        ] GC(23750)   class space    used 7457K, capacity 8250K, committed 8832K, reserved 1048576K
[2020-12-28T16:11:45.190-0500][gc,phases,start] GC(23750) Phase 1: Mark live objects
[2020-12-28T16:11:45.235-0500][gc,stringtable ] GC(23750) Cleaned string and symbol table, strings: 33320 processed, 4 removed, symbols: 120973 processed, 0 removed
[2020-12-28T16:11:45.235-0500][gc,phases      ] GC(23750) Phase 1: Mark live objects 44.508ms
[2020-12-28T16:11:45.235-0500][gc,phases,start] GC(23750) Phase 2: Prepare for compaction
[2020-12-28T16:11:45.240-0500][gc,phases      ] GC(23750) Phase 2: Prepare for compaction 4.571ms
[2020-12-28T16:11:45.240-0500][gc,phases,start] GC(23750) Phase 3: Adjust pointers
[2020-12-28T16:11:45.250-0500][gc,phases      ] GC(23750) Phase 3: Adjust pointers 10.348ms
[2020-12-28T16:11:45.250-0500][gc,phases,start] GC(23750) Phase 4: Compact heap
[2020-12-28T16:11:45.253-0500][gc,phases      ] GC(23750) Phase 4: Compact heap 3.196ms
[2020-12-28T16:11:45.257-0500][gc,heap        ] GC(23750) Eden regions: 4->0(9)
[2020-12-28T16:11:45.257-0500][gc,heap        ] GC(23750) Survivor regions: 1->0(2)
[2020-12-28T16:11:45.258-0500][gc,heap        ] GC(23750) Old regions: 42->42
[2020-12-28T16:11:45.258-0500][gc,heap        ] GC(23750) Humongous regions: 4->4
[2020-12-28T16:11:45.258-0500][gc,metaspace   ] GC(23750) Metaspace: 50313K->50313K(1093632K)
[2020-12-28T16:11:45.258-0500][gc,heap        ] GC(23750) Heap after GC invocations=23751 (full 5468): garbage-first heap   total 64512K, used 43325K [0x0000000083000000, 0x0000000100000000)
[2020-12-28T16:11:45.258-0500][gc,heap        ] GC(23750)   region size 1024K, 0 young (0K), 0 survivors (0K)
[2020-12-28T16:11:45.258-0500][gc,heap        ] GC(23750)  Metaspace       used 50313K, capacity 52468K, committed 53888K, reserved 1093632K
[2020-12-28T16:11:45.258-0500][gc,heap        ] GC(23750)   class space    used 7457K, capacity 8250K, committed 8832K, reserved 1048576K
[2020-12-28T16:11:45.258-0500][gc             ] GC(23750) Pause Full (System.gc()) 45M->42M(63M) 67.730ms
[2020-12-28T16:11:45.258-0500][gc,cpu         ] GC(23750) User=0.28s Sys=0.00s Real=0.07s
[2020-12-28T16:13:59.064-0500][gc,heap        ] GC(23751) Heap before GC invocations=23751 (full 5468): garbage-first heap   total 64512K, used 51517K [0x0000000083000000, 0x0000000100000000)
[2020-12-28T16:13:59.064-0500][gc,heap        ] GC(23751)   region size 1024K, 9 young (9216K), 0 survivors (0K)
[2020-12-28T16:13:59.064-0500][gc,heap        ] GC(23751)  Metaspace       used 50313K, capacity 52468K, committed 53888K, reserved 1093632K
[2020-12-28T16:13:59.064-0500][gc,heap        ] GC(23751)   class space    used 7457K, capacity 8250K, committed 8832K, reserved 1048576K
[2020-12-28T16:13:59.064-0500][gc,start       ] GC(23751) Pause Young (Normal) (G1 Evacuation Pause)
[2020-12-28T16:13:59.064-0500][gc,task        ] GC(23751) Using 8 workers of 8 for evacuation
[2020-12-28T16:13:59.071-0500][gc,phases      ] GC(23751)   Pre Evacuate Collection Set: 0.0ms
[2020-12-28T16:13:59.071-0500][gc,phases      ] GC(23751)   Evacuate Collection Set: 1.6ms
[2020-12-28T16:13:59.071-0500][gc,phases      ] GC(23751)   Post Evacuate Collection Set: 4.9ms
[2020-12-28T16:13:59.071-0500][gc,phases      ] GC(23751)   Other: 0.6ms
[2020-12-28T16:13:59.071-0500][gc,heap        ] GC(23751) Eden regions: 9->0(8)
[2020-12-28T16:13:59.071-0500][gc,heap        ] GC(23751) Survivor regions: 0->1(2)
[2020-12-28T16:13:59.071-0500][gc,heap        ] GC(23751) Old regions: 42->42
[2020-12-28T16:13:59.072-0500][gc,heap        ] GC(23751) Humongous regions: 4->4
[2020-12-28T16:13:59.072-0500][gc,metaspace   ] GC(23751) Metaspace: 50313K->50313K(1093632K)
[2020-12-28T16:13:59.072-0500][gc,heap        ] GC(23751) Heap after GC invocations=23752 (full 5468): garbage-first heap   total 64512K, used 43415K [0x0000000083000000, 0x0000000100000000)
[2020-12-28T16:13:59.072-0500][gc,heap        ] GC(23751)   region size 1024K, 1 young (1024K), 1 survivors (1024K)
[2020-12-28T16:13:59.072-0500][gc,heap        ] GC(23751)  Metaspace       used 50313K, capacity 52468K, committed 53888K, reserved 1093632K
[2020-12-28T16:13:59.072-0500][gc,heap        ] GC(23751)   class space    used 7457K, capacity 8250K, committed 8832K, reserved 1048576K
[2020-12-28T16:13:59.072-0500][gc             ] GC(23751) Pause Young (Normal) (G1 Evacuation Pause) 51M->42M(63M) 7.340ms
[2020-12-28T16:13:59.072-0500][gc,cpu         ] GC(23751) User=0.02s Sys=0.01s Real=0.01s
[2020-12-28T16:15:59.063-0500][gc,heap        ] GC(23752) Heap before GC invocations=23752 (full 5468): garbage-first heap   total 64512K, used 50583K [0x0000000083000000, 0x0000000100000000)
[2020-12-28T16:15:59.063-0500][gc,heap        ] GC(23752)   region size 1024K, 9 young (9216K), 1 survivors (1024K)
[2020-12-28T16:15:59.063-0500][gc,heap        ] GC(23752)  Metaspace       used 50313K, capacity 52468K, committed 53888K, reserved 1093632K
[2020-12-28T16:15:59.063-0500][gc,heap        ] GC(23752)   class space    used 7457K, capacity 8250K, committed 8832K, reserved 1048576K
[2020-12-28T16:15:59.063-0500][gc,start       ] GC(23752) Pause Young (Normal) (G1 Evacuation Pause)
[2020-12-28T16:15:59.063-0500][gc,task        ] GC(23752) Using 8 workers of 8 for evacuation
[2020-12-28T16:15:59.066-0500][gc,phases      ] GC(23752)   Pre Evacuate Collection Set: 0.0ms
[2020-12-28T16:15:59.066-0500][gc,phases      ] GC(23752)   Evacuate Collection Set: 1.0ms
[2020-12-28T16:15:59.066-0500][gc,phases      ] GC(23752)   Post Evacuate Collection Set: 1.6ms
[2020-12-28T16:15:59.066-0500][gc,phases      ] GC(23752)   Other: 0.3ms
[2020-12-28T16:15:59.066-0500][gc,heap        ] GC(23752) Eden regions: 8->0(8)
[2020-12-28T16:15:59.066-0500][gc,heap        ] GC(23752) Survivor regions: 1->1(2)
[2020-12-28T16:15:59.066-0500][gc,heap        ] GC(23752) Old regions: 42->42
[2020-12-28T16:15:59.066-0500][gc,heap        ] GC(23752) Humongous regions: 4->4
[2020-12-28T16:15:59.066-0500][gc,metaspace   ] GC(23752) Metaspace: 50313K->50313K(1093632K)
[2020-12-28T16:15:59.066-0500][gc,heap        ] GC(23752) Heap after GC invocations=23753 (full 5468): garbage-first heap   total 64512K, used 43400K [0x0000000083000000, 0x0000000100000000)
[2020-12-28T16:15:59.066-0500][gc,heap        ] GC(23752)   region size 1024K, 1 young (1024K), 1 survivors (1024K)
[2020-12-28T16:15:59.066-0500][gc,heap        ] GC(23752)  Metaspace       used 50313K, capacity 52468K, committed 53888K, reserved 1093632K
[2020-12-28T16:15:59.066-0500][gc,heap        ] GC(23752)   class space    used 7457K, capacity 8250K, committed 8832K, reserved 1048576K
[2020-12-28T16:15:59.066-0500][gc             ] GC(23752) Pause Young (Normal) (G1 Evacuation Pause) 50M->42M(63M) 2.937ms
[2020-12-28T16:15:59.066-0500][gc,cpu         ] GC(23752) User=0.01s Sys=0.00s Real=0.00s
[2020-12-28T16:16:45.190-0500][gc,task        ] GC(23753) Using 5 workers of 8 for full compaction
[2020-12-28T16:16:45.190-0500][gc,start       ] GC(23753) Pause Full (System.gc())
[2020-12-28T16:16:45.190-0500][gc,heap        ] GC(23753) Heap before GC invocations=23753 (full 5468): garbage-first heap   total 64512K, used 46472K [0x0000000083000000, 0x0000000100000000)
[2020-12-28T16:16:45.190-0500][gc,heap        ] GC(23753)   region size 1024K, 5 young (5120K), 1 survivors (1024K)
[2020-12-28T16:16:45.190-0500][gc,heap        ] GC(23753)  Metaspace       used 50313K, capacity 52468K, committed 53888K, reserved 1093632K
[2020-12-28T16:16:45.190-0500][gc,heap        ] GC(23753)   class space    used 7457K, capacity 8250K, committed 8832K, reserved 1048576K
[2020-12-28T16:16:45.191-0500][gc,phases,start] GC(23753) Phase 1: Mark live objects
[2020-12-28T16:16:45.237-0500][gc,stringtable ] GC(23753) Cleaned string and symbol table, strings: 33320 processed, 4 removed, symbols: 120973 processed, 0 removed
[2020-12-28T16:16:45.237-0500][gc,phases      ] GC(23753) Phase 1: Mark live objects 46.190ms
[2020-12-28T16:16:45.237-0500][gc,phases,start] GC(23753) Phase 2: Prepare for compaction
[2020-12-28T16:16:45.241-0500][gc,phases      ] GC(23753) Phase 2: Prepare for compaction 3.690ms
[2020-12-28T16:16:45.241-0500][gc,phases,start] GC(23753) Phase 3: Adjust pointers
[2020-12-28T16:16:45.252-0500][gc,phases      ] GC(23753) Phase 3: Adjust pointers 11.368ms
[2020-12-28T16:16:45.252-0500][gc,phases,start] GC(23753) Phase 4: Compact heap
[2020-12-28T16:16:45.255-0500][gc,phases      ] GC(23753) Phase 4: Compact heap 2.994ms
[2020-12-28T16:16:45.260-0500][gc,heap        ] GC(23753) Eden regions: 4->0(10)
[2020-12-28T16:16:45.260-0500][gc,heap        ] GC(23753) Survivor regions: 1->0(2)
[2020-12-28T16:16:45.260-0500][gc,heap        ] GC(23753) Old regions: 42->41
[2020-12-28T16:16:45.260-0500][gc,heap        ] GC(23753) Humongous regions: 4->4
[2020-12-28T16:16:45.260-0500][gc,metaspace   ] GC(23753) Metaspace: 50313K->50313K(1093632K)
[2020-12-28T16:16:45.260-0500][gc,heap        ] GC(23753) Heap after GC invocations=23754 (full 5469): garbage-first heap   total 64512K, used 43328K [0x0000000083000000, 0x0000000100000000)
[2020-12-28T16:16:45.260-0500][gc,heap        ] GC(23753)   region size 1024K, 0 young (0K), 0 survivors (0K)
[2020-12-28T16:16:45.260-0500][gc,heap        ] GC(23753)  Metaspace       used 50313K, capacity 52468K, committed 53888K, reserved 1093632K
[2020-12-28T16:16:45.260-0500][gc,heap        ] GC(23753)   class space    used 7457K, capacity 8250K, committed 8832K, reserved 1048576K
[2020-12-28T16:16:45.260-0500][gc             ] GC(23753) Pause Full (System.gc()) 45M->42M(63M) 69.676ms
[2020-12-28T16:16:45.260-0500][gc,cpu         ] GC(23753) User=0.31s Sys=0.00s Real=0.07s
[2020-12-28T16:19:09.062-0500][gc,heap        ] GC(23754) Heap before GC invocations=23754 (full 5469): garbage-first heap   total 64512K, used 52544K [0x0000000083000000, 0x0000000100000000)
[2020-12-28T16:19:09.062-0500][gc,heap        ] GC(23754)   region size 1024K, 10 young (10240K), 0 survivors (0K)
[2020-12-28T16:19:09.062-0500][gc,heap        ] GC(23754)  Metaspace       used 50313K, capacity 52468K, committed 53888K, reserved 1093632K
[2020-12-28T16:19:09.062-0500][gc,heap        ] GC(23754)   class space    used 7457K, capacity 8250K, committed 8832K, reserved 1048576K
[2020-12-28T16:19:09.062-0500][gc,start       ] GC(23754) Pause Young (Normal) (G1 Evacuation Pause)
[2020-12-28T16:19:09.062-0500][gc,task        ] GC(23754) Using 8 workers of 8 for evacuation
[2020-12-28T16:19:09.067-0500][gc,phases      ] GC(23754)   Pre Evacuate Collection Set: 0.0ms
[2020-12-28T16:19:09.067-0500][gc,phases      ] GC(23754)   Evacuate Collection Set: 3.3ms
[2020-12-28T16:19:09.067-0500][gc,phases      ] GC(23754)   Post Evacuate Collection Set: 1.6ms
[2020-12-28T16:19:09.067-0500][gc,phases      ] GC(23754)   Other: 0.4ms
[2020-12-28T16:19:09.067-0500][gc,heap        ] GC(23754) Eden regions: 10->0(9)
[2020-12-28T16:19:09.067-0500][gc,heap        ] GC(23754) Survivor regions: 0->1(2)
[2020-12-28T16:19:09.067-0500][gc,heap        ] GC(23754) Old regions: 41->41
[2020-12-28T16:19:09.067-0500][gc,heap        ] GC(23754) Humongous regions: 4->4
[2020-12-28T16:19:09.067-0500][gc,metaspace   ] GC(23754) Metaspace: 50313K->50313K(1093632K)
[2020-12-28T16:19:09.067-0500][gc,heap        ] GC(23754) Heap after GC invocations=23755 (full 5469): garbage-first heap   total 64512K, used 43410K [0x0000000083000000, 0x0000000100000000)
[2020-12-28T16:19:09.067-0500][gc,heap        ] GC(23754)   region size 1024K, 1 young (1024K), 1 survivors (1024K)
[2020-12-28T16:19:09.067-0500][gc,heap        ] GC(23754)  Metaspace       used 50313K, capacity 52468K, committed 53888K, reserved 1093632K
[2020-12-28T16:19:09.067-0500][gc,heap        ] GC(23754)   class space    used 7457K, capacity 8250K, committed 8832K, reserved 1048576K
[2020-12-28T16:19:09.067-0500][gc             ] GC(23754) Pause Young (Normal) (G1 Evacuation Pause) 52M->42M(63M) 5.324ms
[2020-12-28T16:19:09.068-0500][gc,cpu         ] GC(23754) User=0.02s Sys=0.00s Real=0.00s
[2020-12-28T16:21:22.463-0500][gc,heap        ] GC(23755) Heap before GC invocations=23755 (full 5469): garbage-first heap   total 64512K, used 52626K [0x0000000083000000, 0x0000000100000000)
[2020-12-28T16:21:22.464-0500][gc,heap        ] GC(23755)   region size 1024K, 10 young (10240K), 1 survivors (1024K)
[2020-12-28T16:21:22.464-0500][gc,heap        ] GC(23755)  Metaspace       used 50313K, capacity 52468K, committed 53888K, reserved 1093632K
[2020-12-28T16:21:22.464-0500][gc,heap        ] GC(23755)   class space    used 7457K, capacity 8250K, committed 8832K, reserved 1048576K
[2020-12-28T16:21:22.464-0500][gc,start       ] GC(23755) Pause Young (Normal) (G1 Evacuation Pause)
[2020-12-28T16:21:22.464-0500][gc,task        ] GC(23755) Using 8 workers of 8 for evacuation
[2020-12-28T16:21:22.468-0500][gc,phases      ] GC(23755)   Pre Evacuate Collection Set: 0.0ms
[2020-12-28T16:21:22.468-0500][gc,phases      ] GC(23755)   Evacuate Collection Set: 1.5ms
[2020-12-28T16:21:22.468-0500][gc,phases      ] GC(23755)   Post Evacuate Collection Set: 2.1ms
[2020-12-28T16:21:22.468-0500][gc,phases      ] GC(23755)   Other: 0.6ms
[2020-12-28T16:21:22.468-0500][gc,heap        ] GC(23755) Eden regions: 9->0(9)
[2020-12-28T16:21:22.468-0500][gc,heap        ] GC(23755) Survivor regions: 1->1(2)
[2020-12-28T16:21:22.468-0500][gc,heap        ] GC(23755) Old regions: 41->41
[2020-12-28T16:21:22.468-0500][gc,heap        ] GC(23755) Humongous regions: 4->4
[2020-12-28T16:21:22.468-0500][gc,metaspace   ] GC(23755) Metaspace: 50313K->50313K(1093632K)
[2020-12-28T16:21:22.468-0500][gc,heap        ] GC(23755) Heap after GC invocations=23756 (full 5469): garbage-first heap   total 64512K, used 43390K [0x0000000083000000, 0x0000000100000000)
[2020-12-28T16:21:22.468-0500][gc,heap        ] GC(23755)   region size 1024K, 1 young (1024K), 1 survivors (1024K)
[2020-12-28T16:21:22.468-0500][gc,heap        ] GC(23755)  Metaspace       used 50313K, capacity 52468K, committed 53888K, reserved 1093632K
[2020-12-28T16:21:22.468-0500][gc,heap        ] GC(23755)   class space    used 7457K, capacity 8250K, committed 8832K, reserved 1048576K
[2020-12-28T16:21:22.468-0500][gc             ] GC(23755) Pause Young (Normal) (G1 Evacuation Pause) 51M->42M(63M) 4.609ms
[2020-12-28T16:21:22.468-0500][gc,cpu         ] GC(23755) User=0.01s Sys=0.01s Real=0.01s
[2020-12-28T16:21:45.191-0500][gc,task        ] GC(23756) Using 5 workers of 8 for full compaction
[2020-12-28T16:21:45.191-0500][gc,start       ] GC(23756) Pause Full (System.gc())
[2020-12-28T16:21:45.191-0500][gc,heap        ] GC(23756) Heap before GC invocations=23756 (full 5469): garbage-first heap   total 64512K, used 44414K [0x0000000083000000, 0x0000000100000000)
[2020-12-28T16:21:45.191-0500][gc,heap        ] GC(23756)   region size 1024K, 3 young (3072K), 1 survivors (1024K)
[2020-12-28T16:21:45.191-0500][gc,heap        ] GC(23756)  Metaspace       used 50313K, capacity 52468K, committed 53888K, reserved 1093632K
[2020-12-28T16:21:45.191-0500][gc,heap        ] GC(23756)   class space    used 7457K, capacity 8250K, committed 8832K, reserved 1048576K
[2020-12-28T16:21:45.191-0500][gc,phases,start] GC(23756) Phase 1: Mark live objects
[2020-12-28T16:21:45.221-0500][gc,stringtable ] GC(23756) Cleaned string and symbol table, strings: 33320 processed, 4 removed, symbols: 120973 processed, 0 removed
[2020-12-28T16:21:45.221-0500][gc,phases      ] GC(23756) Phase 1: Mark live objects 29.448ms
[2020-12-28T16:21:45.221-0500][gc,phases,start] GC(23756) Phase 2: Prepare for compaction
[2020-12-28T16:21:45.226-0500][gc,phases      ] GC(23756) Phase 2: Prepare for compaction 5.203ms
[2020-12-28T16:21:45.226-0500][gc,phases,start] GC(23756) Phase 3: Adjust pointers
[2020-12-28T16:21:45.238-0500][gc,phases      ] GC(23756) Phase 3: Adjust pointers 12.575ms
[2020-12-28T16:21:45.239-0500][gc,phases,start] GC(23756) Phase 4: Compact heap
[2020-12-28T16:21:45.241-0500][gc,phases      ] GC(23756) Phase 4: Compact heap 2.735ms
[2020-12-28T16:21:45.246-0500][gc,heap        ] GC(23756) Eden regions: 2->0(10)
[2020-12-28T16:21:45.246-0500][gc,heap        ] GC(23756) Survivor regions: 1->0(2)
[2020-12-28T16:21:45.246-0500][gc,heap        ] GC(23756) Old regions: 41->41
[2020-12-28T16:21:45.246-0500][gc,heap        ] GC(23756) Humongous regions: 4->4
[2020-12-28T16:21:45.246-0500][gc,metaspace   ] GC(23756) Metaspace: 50313K->50313K(1093632K)
[2020-12-28T16:21:45.246-0500][gc,heap        ] GC(23756) Heap after GC invocations=23757 (full 5470): garbage-first heap   total 64512K, used 43314K [0x0000000083000000, 0x0000000100000000)
[2020-12-28T16:21:45.246-0500][gc,heap        ] GC(23756)   region size 1024K, 0 young (0K), 0 survivors (0K)
[2020-12-28T16:21:45.246-0500][gc,heap        ] GC(23756)  Metaspace       used 50313K, capacity 52468K, committed 53888K, reserved 1093632K
[2020-12-28T16:21:45.246-0500][gc,heap        ] GC(23756)   class space    used 7457K, capacity 8250K, committed 8832K, reserved 1048576K
[2020-12-28T16:21:45.246-0500][gc             ] GC(23756) Pause Full (System.gc()) 43M->42M(63M) 55.025ms
[2020-12-28T16:21:45.246-0500][gc,cpu         ] GC(23756) User=0.23s Sys=0.00s Real=0.05s
[2020-12-28T16:24:09.069-0500][gc,heap        ] GC(23757) Heap before GC invocations=23757 (full 5470): garbage-first heap   total 64512K, used 52530K [0x0000000083000000, 0x0000000100000000)
[2020-12-28T16:24:09.069-0500][gc,heap        ] GC(23757)   region size 1024K, 10 young (10240K), 0 survivors (0K)
[2020-12-28T16:24:09.069-0500][gc,heap        ] GC(23757)  Metaspace       used 50313K, capacity 52468K, committed 53888K, reserved 1093632K
[2020-12-28T16:24:09.070-0500][gc,heap        ] GC(23757)   class space    used 7457K, capacity 8250K, committed 8832K, reserved 1048576K
[2020-12-28T16:24:09.070-0500][gc,start       ] GC(23757) Pause Young (Normal) (G1 Evacuation Pause)
[2020-12-28T16:24:09.070-0500][gc,task        ] GC(23757) Using 8 workers of 8 for evacuation
[2020-12-28T16:24:09.073-0500][gc,phases      ] GC(23757)   Pre Evacuate Collection Set: 0.0ms
[2020-12-28T16:24:09.073-0500][gc,phases      ] GC(23757)   Evacuate Collection Set: 1.3ms
[2020-12-28T16:24:09.073-0500][gc,phases      ] GC(23757)   Post Evacuate Collection Set: 2.3ms
[2020-12-28T16:24:09.074-0500][gc,phases      ] GC(23757)   Other: 0.4ms
[2020-12-28T16:24:09.074-0500][gc,heap        ] GC(23757) Eden regions: 10->0(9)
[2020-12-28T16:24:09.074-0500][gc,heap        ] GC(23757) Survivor regions: 0->1(2)
[2020-12-28T16:24:09.074-0500][gc,heap        ] GC(23757) Old regions: 41->41
[2020-12-28T16:24:09.074-0500][gc,heap        ] GC(23757) Humongous regions: 4->4
[2020-12-28T16:24:09.074-0500][gc,metaspace   ] GC(23757) Metaspace: 50313K->50313K(1093632K)
[2020-12-28T16:24:09.074-0500][gc,heap        ] GC(23757) Heap after GC invocations=23758 (full 5470): garbage-first heap   total 64512K, used 43382K [0x0000000083000000, 0x0000000100000000)
[2020-12-28T16:24:09.074-0500][gc,heap        ] GC(23757)   region size 1024K, 1 young (1024K), 1 survivors (1024K)
[2020-12-28T16:24:09.074-0500][gc,heap        ] GC(23757)  Metaspace       used 50313K, capacity 52468K, committed 53888K, reserved 1093632K
[2020-12-28T16:24:09.074-0500][gc,heap        ] GC(23757)   class space    used 7457K, capacity 8250K, committed 8832K, reserved 1048576K
[2020-12-28T16:24:09.074-0500][gc             ] GC(23757) Pause Young (Normal) (G1 Evacuation Pause) 52M->42M(63M) 4.215ms
[2020-12-28T16:24:09.074-0500][gc,cpu         ] GC(23757) User=0.01s Sys=0.01s Real=0.00s
[2020-12-28T16:26:21.244-0500][gc,heap        ] GC(23758) Heap before GC invocations=23758 (full 5470): garbage-first heap   total 64512K, used 51574K [0x0000000083000000, 0x0000000100000000)
[2020-12-28T16:26:21.245-0500][gc,heap        ] GC(23758)   region size 1024K, 10 young (10240K), 1 survivors (1024K)
[2020-12-28T16:26:21.245-0500][gc,heap        ] GC(23758)  Metaspace       used 50313K, capacity 52468K, committed 53888K, reserved 1093632K
[2020-12-28T16:26:21.245-0500][gc,heap        ] GC(23758)   class space    used 7457K, capacity 8250K, committed 8832K, reserved 1048576K
[2020-12-28T16:26:21.245-0500][gc,start       ] GC(23758) Pause Young (Normal) (G1 Evacuation Pause)
[2020-12-28T16:26:21.245-0500][gc,task        ] GC(23758) Using 8 workers of 8 for evacuation
[2020-12-28T16:26:21.253-0500][gc,phases      ] GC(23758)   Pre Evacuate Collection Set: 0.0ms
[2020-12-28T16:26:21.253-0500][gc,phases      ] GC(23758)   Evacuate Collection Set: 6.6ms
[2020-12-28T16:26:21.253-0500][gc,phases      ] GC(23758)   Post Evacuate Collection Set: 1.4ms
[2020-12-28T16:26:21.253-0500][gc,phases      ] GC(23758)   Other: 0.4ms
[2020-12-28T16:26:21.253-0500][gc,heap        ] GC(23758) Eden regions: 9->0(9)
[2020-12-28T16:26:21.253-0500][gc,heap        ] GC(23758) Survivor regions: 1->1(2)
[2020-12-28T16:26:21.253-0500][gc,heap        ] GC(23758) Old regions: 41->41
[2020-12-28T16:26:21.253-0500][gc,heap        ] GC(23758) Humongous regions: 4->4
[2020-12-28T16:26:21.253-0500][gc,metaspace   ] GC(23758) Metaspace: 50313K->50313K(1093632K)
[2020-12-28T16:26:21.253-0500][gc,heap        ] GC(23758) Heap after GC invocations=23759 (full 5470): garbage-first heap   total 64512K, used 43380K [0x0000000083000000, 0x0000000100000000)
[2020-12-28T16:26:21.253-0500][gc,heap        ] GC(23758)   region size 1024K, 1 young (1024K), 1 survivors (1024K)
[2020-12-28T16:26:21.253-0500][gc,heap        ] GC(23758)  Metaspace       used 50313K, capacity 52468K, committed 53888K, reserved 1093632K
[2020-12-28T16:26:21.253-0500][gc,heap        ] GC(23758)   class space    used 7457K, capacity 8250K, committed 8832K, reserved 1048576K
[2020-12-28T16:26:21.253-0500][gc             ] GC(23758) Pause Young (Normal) (G1 Evacuation Pause) 51M->42M(63M) 8.230ms
[2020-12-28T16:26:21.253-0500][gc,cpu         ] GC(23758) User=0.05s Sys=0.00s Real=0.01s
[2020-12-28T16:26:45.190-0500][gc,task        ] GC(23759) Using 5 workers of 8 for full compaction
[2020-12-28T16:26:45.190-0500][gc,start       ] GC(23759) Pause Full (System.gc())
[2020-12-28T16:26:45.190-0500][gc,heap        ] GC(23759) Heap before GC invocations=23759 (full 5470): garbage-first heap   total 64512K, used 44404K [0x0000000083000000, 0x0000000100000000)
[2020-12-28T16:26:45.190-0500][gc,heap        ] GC(23759)   region size 1024K, 3 young (3072K), 1 survivors (1024K)
[2020-12-28T16:26:45.190-0500][gc,heap        ] GC(23759)  Metaspace       used 50313K, capacity 52468K, committed 53888K, reserved 1093632K
[2020-12-28T16:26:45.190-0500][gc,heap        ] GC(23759)   class space    used 7457K, capacity 8250K, committed 8832K, reserved 1048576K
[2020-12-28T16:26:45.190-0500][gc,phases,start] GC(23759) Phase 1: Mark live objects
[2020-12-28T16:26:45.213-0500][gc,stringtable ] GC(23759) Cleaned string and symbol table, strings: 33320 processed, 4 removed, symbols: 120973 processed, 0 removed
[2020-12-28T16:26:45.214-0500][gc,phases      ] GC(23759) Phase 1: Mark live objects 23.000ms
[2020-12-28T16:26:45.214-0500][gc,phases,start] GC(23759) Phase 2: Prepare for compaction
[2020-12-28T16:26:45.218-0500][gc,phases      ] GC(23759) Phase 2: Prepare for compaction 4.134ms
[2020-12-28T16:26:45.218-0500][gc,phases,start] GC(23759) Phase 3: Adjust pointers
[2020-12-28T16:26:45.230-0500][gc,phases      ] GC(23759) Phase 3: Adjust pointers 11.969ms
[2020-12-28T16:26:45.230-0500][gc,phases,start] GC(23759) Phase 4: Compact heap
[2020-12-28T16:26:45.233-0500][gc,phases      ] GC(23759) Phase 4: Compact heap 2.689ms
[2020-12-28T16:26:45.238-0500][gc,heap        ] GC(23759) Eden regions: 2->0(9)
[2020-12-28T16:26:45.238-0500][gc,heap        ] GC(23759) Survivor regions: 1->0(2)
[2020-12-28T16:26:45.238-0500][gc,heap        ] GC(23759) Old regions: 41->42
[2020-12-28T16:26:45.238-0500][gc,heap        ] GC(23759) Humongous regions: 4->4
[2020-12-28T16:26:45.238-0500][gc,metaspace   ] GC(23759) Metaspace: 50313K->50313K(1093632K)
[2020-12-28T16:26:45.238-0500][gc,heap        ] GC(23759) Heap after GC invocations=23760 (full 5471): garbage-first heap   total 64512K, used 43315K [0x0000000083000000, 0x0000000100000000)
[2020-12-28T16:26:45.238-0500][gc,heap        ] GC(23759)   region size 1024K, 0 young (0K), 0 survivors (0K)
[2020-12-28T16:26:45.238-0500][gc,heap        ] GC(23759)  Metaspace       used 50313K, capacity 52468K, committed 53888K, reserved 1093632K
[2020-12-28T16:26:45.239-0500][gc,heap        ] GC(23759)   class space    used 7457K, capacity 8250K, committed 8832K, reserved 1048576K
[2020-12-28T16:26:45.239-0500][gc             ] GC(23759) Pause Full (System.gc()) 43M->42M(63M) 48.328ms
[2020-12-28T16:26:45.239-0500][gc,cpu         ] GC(23759) User=0.20s Sys=0.00s Real=0.05s
[2020-12-28T16:28:59.062-0500][gc,heap        ] GC(23760) Heap before GC invocations=23760 (full 5471): garbage-first heap   total 64512K, used 51507K [0x0000000083000000, 0x0000000100000000)
[2020-12-28T16:28:59.062-0500][gc,heap        ] GC(23760)   region size 1024K, 9 young (9216K), 0 survivors (0K)
[2020-12-28T16:28:59.062-0500][gc,heap        ] GC(23760)  Metaspace       used 50313K, capacity 52468K, committed 53888K, reserved 1093632K
[2020-12-28T16:28:59.062-0500][gc,heap        ] GC(23760)   class space    used 7457K, capacity 8250K, committed 8832K, reserved 1048576K
[2020-12-28T16:28:59.062-0500][gc,start       ] GC(23760) Pause Young (Normal) (G1 Evacuation Pause)
[2020-12-28T16:28:59.062-0500][gc,task        ] GC(23760) Using 8 workers of 8 for evacuation
[2020-12-28T16:28:59.073-0500][gc,phases      ] GC(23760)   Pre Evacuate Collection Set: 0.0ms
[2020-12-28T16:28:59.073-0500][gc,phases      ] GC(23760)   Evacuate Collection Set: 0.7ms
[2020-12-28T16:28:59.073-0500][gc,phases      ] GC(23760)   Post Evacuate Collection Set: 10.1ms
[2020-12-28T16:28:59.073-0500][gc,phases      ] GC(23760)   Other: 0.2ms
[2020-12-28T16:28:59.073-0500][gc,heap        ] GC(23760) Eden regions: 9->0(8)
[2020-12-28T16:28:59.073-0500][gc,heap        ] GC(23760) Survivor regions: 0->1(2)
[2020-12-28T16:28:59.073-0500][gc,heap        ] GC(23760) Old regions: 42->42
[2020-12-28T16:28:59.073-0500][gc,heap        ] GC(23760) Humongous regions: 4->4
[2020-12-28T16:28:59.073-0500][gc,metaspace   ] GC(23760) Metaspace: 50313K->50313K(1093632K)
[2020-12-28T16:28:59.074-0500][gc,heap        ] GC(23760) Heap after GC invocations=23761 (full 5471): garbage-first heap   total 64512K, used 43371K [0x0000000083000000, 0x0000000100000000)
[2020-12-28T16:28:59.074-0500][gc,heap        ] GC(23760)   region size 1024K, 1 young (1024K), 1 survivors (1024K)
[2020-12-28T16:28:59.074-0500][gc,heap        ] GC(23760)  Metaspace       used 50313K, capacity 52468K, committed 53888K, reserved 1093632K
[2020-12-28T16:28:59.074-0500][gc,heap        ] GC(23760)   class space    used 7457K, capacity 8250K, committed 8832K, reserved 1048576K
[2020-12-28T16:28:59.074-0500][gc             ] GC(23760) Pause Young (Normal) (G1 Evacuation Pause) 51M->42M(63M) 11.183ms
[2020-12-28T16:28:59.074-0500][gc,cpu         ] GC(23760) User=0.05s Sys=0.00s Real=0.01s
[2020-12-28T16:30:59.063-0500][gc,heap        ] GC(23761) Heap before GC invocations=23761 (full 5471): garbage-first heap   total 64512K, used 50539K [0x0000000083000000, 0x0000000100000000)
[2020-12-28T16:30:59.063-0500][gc,heap        ] GC(23761)   region size 1024K, 9 young (9216K), 1 survivors (1024K)
[2020-12-28T16:30:59.063-0500][gc,heap        ] GC(23761)  Metaspace       used 50313K, capacity 52468K, committed 53888K, reserved 1093632K
[2020-12-28T16:30:59.063-0500][gc,heap        ] GC(23761)   class space    used 7457K, capacity 8250K, committed 8832K, reserved 1048576K
[2020-12-28T16:30:59.063-0500][gc,start       ] GC(23761) Pause Young (Normal) (G1 Evacuation Pause)
[2020-12-28T16:30:59.063-0500][gc,task        ] GC(23761) Using 8 workers of 8 for evacuation
[2020-12-28T16:30:59.065-0500][gc,phases      ] GC(23761)   Pre Evacuate Collection Set: 0.0ms
[2020-12-28T16:30:59.065-0500][gc,phases      ] GC(23761)   Evacuate Collection Set: 0.6ms
[2020-12-28T16:30:59.065-0500][gc,phases      ] GC(23761)   Post Evacuate Collection Set: 1.5ms
[2020-12-28T16:30:59.065-0500][gc,phases      ] GC(23761)   Other: 0.3ms
[2020-12-28T16:30:59.065-0500][gc,heap        ] GC(23761) Eden regions: 8->0(8)
[2020-12-28T16:30:59.065-0500][gc,heap        ] GC(23761) Survivor regions: 1->1(2)
[2020-12-28T16:30:59.065-0500][gc,heap        ] GC(23761) Old regions: 42->42
[2020-12-28T16:30:59.065-0500][gc,heap        ] GC(23761) Humongous regions: 4->4
[2020-12-28T16:30:59.065-0500][gc,metaspace   ] GC(23761) Metaspace: 50313K->50313K(1093632K)
[2020-12-28T16:30:59.065-0500][gc,heap        ] GC(23761) Heap after GC invocations=23762 (full 5471): garbage-first heap   total 64512K, used 43372K [0x0000000083000000, 0x0000000100000000)
[2020-12-28T16:30:59.065-0500][gc,heap        ] GC(23761)   region size 1024K, 1 young (1024K), 1 survivors (1024K)
[2020-12-28T16:30:59.065-0500][gc,heap        ] GC(23761)  Metaspace       used 50313K, capacity 52468K, committed 53888K, reserved 1093632K
[2020-12-28T16:30:59.065-0500][gc,heap        ] GC(23761)   class space    used 7457K, capacity 8250K, committed 8832K, reserved 1048576K
[2020-12-28T16:30:59.065-0500][gc             ] GC(23761) Pause Young (Normal) (G1 Evacuation Pause) 50M->42M(63M) 2.362ms
[2020-12-28T16:30:59.065-0500][gc,cpu         ] GC(23761) User=0.00s Sys=0.01s Real=0.00s
[2020-12-28T16:31:45.191-0500][gc,task        ] GC(23762) Using 5 workers of 8 for full compaction
[2020-12-28T16:31:45.191-0500][gc,start       ] GC(23762) Pause Full (System.gc())
[2020-12-28T16:31:45.191-0500][gc,heap        ] GC(23762) Heap before GC invocations=23762 (full 5471): garbage-first heap   total 64512K, used 45420K [0x0000000083000000, 0x0000000100000000)
[2020-12-28T16:31:45.191-0500][gc,heap        ] GC(23762)   region size 1024K, 4 young (4096K), 1 survivors (1024K)
[2020-12-28T16:31:45.191-0500][gc,heap        ] GC(23762)  Metaspace       used 50313K, capacity 52468K, committed 53888K, reserved 1093632K
[2020-12-28T16:31:45.191-0500][gc,heap        ] GC(23762)   class space    used 7457K, capacity 8250K, committed 8832K, reserved 1048576K
[2020-12-28T16:31:45.191-0500][gc,phases,start] GC(23762) Phase 1: Mark live objects
[2020-12-28T16:31:45.216-0500][gc,stringtable ] GC(23762) Cleaned string and symbol table, strings: 33320 processed, 4 removed, symbols: 120973 processed, 0 removed
[2020-12-28T16:31:45.216-0500][gc,phases      ] GC(23762) Phase 1: Mark live objects 24.679ms
[2020-12-28T16:31:45.216-0500][gc,phases,start] GC(23762) Phase 2: Prepare for compaction
[2020-12-28T16:31:45.220-0500][gc,phases      ] GC(23762) Phase 2: Prepare for compaction 3.882ms
[2020-12-28T16:31:45.220-0500][gc,phases,start] GC(23762) Phase 3: Adjust pointers
[2020-12-28T16:31:45.233-0500][gc,phases      ] GC(23762) Phase 3: Adjust pointers 13.081ms
[2020-12-28T16:31:45.233-0500][gc,phases,start] GC(23762) Phase 4: Compact heap
[2020-12-28T16:31:45.237-0500][gc,phases      ] GC(23762) Phase 4: Compact heap 4.617ms
[2020-12-28T16:31:45.243-0500][gc,heap        ] GC(23762) Eden regions: 3->0(8)
[2020-12-28T16:31:45.243-0500][gc,heap        ] GC(23762) Survivor regions: 1->0(2)
[2020-12-28T16:31:45.243-0500][gc,heap        ] GC(23762) Old regions: 42->43
[2020-12-28T16:31:45.243-0500][gc,heap        ] GC(23762) Humongous regions: 4->4
[2020-12-28T16:31:45.243-0500][gc,metaspace   ] GC(23762) Metaspace: 50313K->50313K(1093632K)
[2020-12-28T16:31:45.243-0500][gc,heap        ] GC(23762) Heap after GC invocations=23763 (full 5472): garbage-first heap   total 64512K, used 43325K [0x0000000083000000, 0x0000000100000000)
[2020-12-28T16:31:45.243-0500][gc,heap        ] GC(23762)   region size 1024K, 0 young (0K), 0 survivors (0K)
[2020-12-28T16:31:45.243-0500][gc,heap        ] GC(23762)  Metaspace       used 50313K, capacity 52468K, committed 53888K, reserved 1093632K
[2020-12-28T16:31:45.243-0500][gc,heap        ] GC(23762)   class space    used 7457K, capacity 8250K, committed 8832K, reserved 1048576K
[2020-12-28T16:31:45.243-0500][gc             ] GC(23762) Pause Full (System.gc()) 45M->42M(63M) 52.034ms
[2020-12-28T16:31:45.243-0500][gc,cpu         ] GC(23762) User=0.20s Sys=0.00s Real=0.05s
[2020-12-28T16:33:49.061-0500][gc,heap        ] GC(23763) Heap before GC invocations=23763 (full 5472): garbage-first heap   total 64512K, used 51517K [0x0000000083000000, 0x0000000100000000)
[2020-12-28T16:33:49.061-0500][gc,heap        ] GC(23763)   region size 1024K, 8 young (8192K), 0 survivors (0K)
[2020-12-28T16:33:49.061-0500][gc,heap        ] GC(23763)  Metaspace       used 50313K, capacity 52468K, committed 53888K, reserved 1093632K
[2020-12-28T16:33:49.061-0500][gc,heap        ] GC(23763)   class space    used 7457K, capacity 8250K, committed 8832K, reserved 1048576K
[2020-12-28T16:33:49.061-0500][gc,start       ] GC(23763) Pause Young (Normal) (G1 Evacuation Pause)
[2020-12-28T16:33:49.061-0500][gc,task        ] GC(23763) Using 8 workers of 8 for evacuation
[2020-12-28T16:33:49.064-0500][gc,phases      ] GC(23763)   Pre Evacuate Collection Set: 0.0ms
[2020-12-28T16:33:49.065-0500][gc,phases      ] GC(23763)   Evacuate Collection Set: 0.7ms
[2020-12-28T16:33:49.065-0500][gc,phases      ] GC(23763)   Post Evacuate Collection Set: 2.8ms
[2020-12-28T16:33:49.065-0500][gc,phases      ] GC(23763)   Other: 0.3ms
[2020-12-28T16:33:49.065-0500][gc,heap        ] GC(23763) Eden regions: 8->0(7)
[2020-12-28T16:33:49.065-0500][gc,heap        ] GC(23763) Survivor regions: 0->1(1)
[2020-12-28T16:33:49.065-0500][gc,heap        ] GC(23763) Old regions: 43->43
[2020-12-28T16:33:49.065-0500][gc,heap        ] GC(23763) Humongous regions: 4->4
[2020-12-28T16:33:49.065-0500][gc,metaspace   ] GC(23763) Metaspace: 50313K->50313K(1093632K)
[2020-12-28T16:33:49.065-0500][gc,heap        ] GC(23763) Heap after GC invocations=23764 (full 5472): garbage-first heap   total 64512K, used 43400K [0x0000000083000000, 0x0000000100000000)
[2020-12-28T16:33:49.065-0500][gc,heap        ] GC(23763)   region size 1024K, 1 young (1024K), 1 survivors (1024K)
[2020-12-28T16:33:49.065-0500][gc,heap        ] GC(23763)  Metaspace       used 50313K, capacity 52468K, committed 53888K, reserved 1093632K
[2020-12-28T16:33:49.065-0500][gc,heap        ] GC(23763)   class space    used 7457K, capacity 8250K, committed 8832K, reserved 1048576K
[2020-12-28T16:33:49.065-0500][gc             ] GC(23763) Pause Young (Normal) (G1 Evacuation Pause) 50M->42M(63M) 3.927ms
[2020-12-28T16:33:49.065-0500][gc,cpu         ] GC(23763) User=0.02s Sys=0.00s Real=0.00s
[2020-12-28T16:35:29.168-0500][gc,heap        ] GC(23764) Heap before GC invocations=23764 (full 5472): garbage-first heap   total 64512K, used 50568K [0x0000000083000000, 0x0000000100000000)
[2020-12-28T16:35:29.168-0500][gc,heap        ] GC(23764)   region size 1024K, 8 young (8192K), 1 survivors (1024K)
[2020-12-28T16:35:29.168-0500][gc,heap        ] GC(23764)  Metaspace       used 50313K, capacity 52468K, committed 53888K, reserved 1093632K
[2020-12-28T16:35:29.168-0500][gc,heap        ] GC(23764)   class space    used 7457K, capacity 8250K, committed 8832K, reserved 1048576K
[2020-12-28T16:35:29.168-0500][gc,start       ] GC(23764) Pause Young (Normal) (G1 Evacuation Pause)
[2020-12-28T16:35:29.168-0500][gc,task        ] GC(23764) Using 8 workers of 8 for evacuation
[2020-12-28T16:35:29.171-0500][gc,phases      ] GC(23764)   Pre Evacuate Collection Set: 0.0ms
[2020-12-28T16:35:29.171-0500][gc,phases      ] GC(23764)   Evacuate Collection Set: 0.8ms
[2020-12-28T16:35:29.171-0500][gc,phases      ] GC(23764)   Post Evacuate Collection Set: 2.1ms
[2020-12-28T16:35:29.171-0500][gc,phases      ] GC(23764)   Other: 0.3ms
[2020-12-28T16:35:29.171-0500][gc,heap        ] GC(23764) Eden regions: 7->0(7)
[2020-12-28T16:35:29.171-0500][gc,heap        ] GC(23764) Survivor regions: 1->1(1)
[2020-12-28T16:35:29.171-0500][gc,heap        ] GC(23764) Old regions: 43->43
[2020-12-28T16:35:29.171-0500][gc,heap        ] GC(23764) Humongous regions: 4->4
[2020-12-28T16:35:29.171-0500][gc,metaspace   ] GC(23764) Metaspace: 50313K->50313K(1093632K)
[2020-12-28T16:35:29.171-0500][gc,heap        ] GC(23764) Heap after GC invocations=23765 (full 5472): garbage-first heap   total 64512K, used 43369K [0x0000000083000000, 0x0000000100000000)
[2020-12-28T16:35:29.171-0500][gc,heap        ] GC(23764)   region size 1024K, 1 young (1024K), 1 survivors (1024K)
[2020-12-28T16:35:29.171-0500][gc,heap        ] GC(23764)  Metaspace       used 50313K, capacity 52468K, committed 53888K, reserved 1093632K
[2020-12-28T16:35:29.171-0500][gc,heap        ] GC(23764)   class space    used 7457K, capacity 8250K, committed 8832K, reserved 1048576K
[2020-12-28T16:35:29.171-0500][gc             ] GC(23764) Pause Young (Normal) (G1 Evacuation Pause) 49M->42M(63M) 3.233ms
[2020-12-28T16:35:29.171-0500][gc,cpu         ] GC(23764) User=0.00s Sys=0.00s Real=0.00s
[2020-12-28T16:36:45.189-0500][gc,task        ] GC(23765) Using 5 workers of 8 for full compaction
[2020-12-28T16:36:45.189-0500][gc,start       ] GC(23765) Pause Full (System.gc())
[2020-12-28T16:36:45.189-0500][gc,heap        ] GC(23765) Heap before GC invocations=23765 (full 5472): garbage-first heap   total 64512K, used 47465K [0x0000000083000000, 0x0000000100000000)
[2020-12-28T16:36:45.189-0500][gc,heap        ] GC(23765)   region size 1024K, 6 young (6144K), 1 survivors (1024K)
[2020-12-28T16:36:45.189-0500][gc,heap        ] GC(23765)  Metaspace       used 50313K, capacity 52468K, committed 53888K, reserved 1093632K
[2020-12-28T16:36:45.189-0500][gc,heap        ] GC(23765)   class space    used 7457K, capacity 8250K, committed 8832K, reserved 1048576K
[2020-12-28T16:36:45.189-0500][gc,phases,start] GC(23765) Phase 1: Mark live objects
[2020-12-28T16:36:45.210-0500][gc,stringtable ] GC(23765) Cleaned string and symbol table, strings: 33320 processed, 4 removed, symbols: 120973 processed, 0 removed
[2020-12-28T16:36:45.210-0500][gc,phases      ] GC(23765) Phase 1: Mark live objects 20.517ms
[2020-12-28T16:36:45.210-0500][gc,phases,start] GC(23765) Phase 2: Prepare for compaction
[2020-12-28T16:36:45.215-0500][gc,phases      ] GC(23765) Phase 2: Prepare for compaction 5.097ms
[2020-12-28T16:36:45.215-0500][gc,phases,start] GC(23765) Phase 3: Adjust pointers
[2020-12-28T16:36:45.226-0500][gc,phases      ] GC(23765) Phase 3: Adjust pointers 11.096ms
[2020-12-28T16:36:45.226-0500][gc,phases,start] GC(23765) Phase 4: Compact heap
[2020-12-28T16:36:45.230-0500][gc,phases      ] GC(23765) Phase 4: Compact heap 3.200ms
[2020-12-28T16:36:45.234-0500][gc,heap        ] GC(23765) Eden regions: 5->0(9)
[2020-12-28T16:36:45.234-0500][gc,heap        ] GC(23765) Survivor regions: 1->0(1)
[2020-12-28T16:36:45.234-0500][gc,heap        ] GC(23765) Old regions: 43->42
[2020-12-28T16:36:45.234-0500][gc,heap        ] GC(23765) Humongous regions: 4->4
[2020-12-28T16:36:45.234-0500][gc,metaspace   ] GC(23765) Metaspace: 50313K->50313K(1093632K)
[2020-12-28T16:36:45.234-0500][gc,heap        ] GC(23765) Heap after GC invocations=23766 (full 5473): garbage-first heap   total 64512K, used 43328K [0x0000000083000000, 0x0000000100000000)
[2020-12-28T16:36:45.234-0500][gc,heap        ] GC(23765)   region size 1024K, 0 young (0K), 0 survivors (0K)
[2020-12-28T16:36:45.234-0500][gc,heap        ] GC(23765)  Metaspace       used 50313K, capacity 52468K, committed 53888K, reserved 1093632K
[2020-12-28T16:36:45.234-0500][gc,heap        ] GC(23765)   class space    used 7457K, capacity 8250K, committed 8832K, reserved 1048576K
[2020-12-28T16:36:45.234-0500][gc             ] GC(23765) Pause Full (System.gc()) 47M->42M(63M) 44.750ms
[2020-12-28T16:36:45.234-0500][gc,cpu         ] GC(23765) User=0.18s Sys=0.00s Real=0.04s
[2020-12-28T16:38:55.367-0500][gc,heap        ] GC(23766) Heap before GC invocations=23766 (full 5473): garbage-first heap   total 64512K, used 51520K [0x0000000083000000, 0x0000000100000000)
[2020-12-28T16:38:55.367-0500][gc,heap        ] GC(23766)   region size 1024K, 9 young (9216K), 0 survivors (0K)
[2020-12-28T16:38:55.367-0500][gc,heap        ] GC(23766)  Metaspace       used 50313K, capacity 52468K, committed 53888K, reserved 1093632K
[2020-12-28T16:38:55.367-0500][gc,heap        ] GC(23766)   class space    used 7457K, capacity 8250K, committed 8832K, reserved 1048576K
[2020-12-28T16:38:55.367-0500][gc,start       ] GC(23766) Pause Young (Normal) (G1 Evacuation Pause)
[2020-12-28T16:38:55.367-0500][gc,task        ] GC(23766) Using 8 workers of 8 for evacuation
[2020-12-28T16:38:55.370-0500][gc,phases      ] GC(23766)   Pre Evacuate Collection Set: 0.0ms
[2020-12-28T16:38:55.370-0500][gc,phases      ] GC(23766)   Evacuate Collection Set: 0.7ms
[2020-12-28T16:38:55.370-0500][gc,phases      ] GC(23766)   Post Evacuate Collection Set: 1.3ms
[2020-12-28T16:38:55.370-0500][gc,phases      ] GC(23766)   Other: 0.2ms
[2020-12-28T16:38:55.370-0500][gc,heap        ] GC(23766) Eden regions: 9->0(8)
[2020-12-28T16:38:55.370-0500][gc,heap        ] GC(23766) Survivor regions: 0->1(2)
[2020-12-28T16:38:55.370-0500][gc,heap        ] GC(23766) Old regions: 42->42
[2020-12-28T16:38:55.370-0500][gc,heap        ] GC(23766) Humongous regions: 4->4
[2020-12-28T16:38:55.370-0500][gc,metaspace   ] GC(23766) Metaspace: 50313K->50313K(1093632K)
[2020-12-28T16:38:55.370-0500][gc,heap        ] GC(23766) Heap after GC invocations=23767 (full 5473): garbage-first heap   total 64512K, used 43392K [0x0000000083000000, 0x0000000100000000)
[2020-12-28T16:38:55.370-0500][gc,heap        ] GC(23766)   region size 1024K, 1 young (1024K), 1 survivors (1024K)
[2020-12-28T16:38:55.370-0500][gc,heap        ] GC(23766)  Metaspace       used 50313K, capacity 52468K, committed 53888K, reserved 1093632K
[2020-12-28T16:38:55.370-0500][gc,heap        ] GC(23766)   class space    used 7457K, capacity 8250K, committed 8832K, reserved 1048576K
[2020-12-28T16:38:55.370-0500][gc             ] GC(23766) Pause Young (Normal) (G1 Evacuation Pause) 51M->42M(63M) 2.324ms
[2020-12-28T16:38:55.370-0500][gc,cpu         ] GC(23766) User=0.00s Sys=0.00s Real=0.01s
[2020-12-28T16:40:49.060-0500][gc,heap        ] GC(23767) Heap before GC invocations=23767 (full 5473): garbage-first heap   total 64512K, used 50560K [0x0000000083000000, 0x0000000100000000)
[2020-12-28T16:40:49.060-0500][gc,heap        ] GC(23767)   region size 1024K, 9 young (9216K), 1 survivors (1024K)
[2020-12-28T16:40:49.060-0500][gc,heap        ] GC(23767)  Metaspace       used 50313K, capacity 52468K, committed 53888K, reserved 1093632K
[2020-12-28T16:40:49.060-0500][gc,heap        ] GC(23767)   class space    used 7457K, capacity 8250K, committed 8832K, reserved 1048576K
[2020-12-28T16:40:49.060-0500][gc,start       ] GC(23767) Pause Young (Normal) (G1 Evacuation Pause)
[2020-12-28T16:40:49.060-0500][gc,task        ] GC(23767) Using 8 workers of 8 for evacuation
[2020-12-28T16:40:49.063-0500][gc,phases      ] GC(23767)   Pre Evacuate Collection Set: 0.0ms
[2020-12-28T16:40:49.063-0500][gc,phases      ] GC(23767)   Evacuate Collection Set: 1.1ms
[2020-12-28T16:40:49.063-0500][gc,phases      ] GC(23767)   Post Evacuate Collection Set: 1.4ms
[2020-12-28T16:40:49.063-0500][gc,phases      ] GC(23767)   Other: 0.2ms
[2020-12-28T16:40:49.063-0500][gc,heap        ] GC(23767) Eden regions: 8->0(8)
[2020-12-28T16:40:49.063-0500][gc,heap        ] GC(23767) Survivor regions: 1->1(2)
[2020-12-28T16:40:49.063-0500][gc,heap        ] GC(23767) Old regions: 42->42
[2020-12-28T16:40:49.063-0500][gc,heap        ] GC(23767) Humongous regions: 4->4
[2020-12-28T16:40:49.063-0500][gc,metaspace   ] GC(23767) Metaspace: 50313K->50313K(1093632K)
[2020-12-28T16:40:49.063-0500][gc,heap        ] GC(23767) Heap after GC invocations=23768 (full 5473): garbage-first heap   total 64512K, used 43419K [0x0000000083000000, 0x0000000100000000)
[2020-12-28T16:40:49.063-0500][gc,heap        ] GC(23767)   region size 1024K, 1 young (1024K), 1 survivors (1024K)
[2020-12-28T16:40:49.063-0500][gc,heap        ] GC(23767)  Metaspace       used 50313K, capacity 52468K, committed 53888K, reserved 1093632K
[2020-12-28T16:40:49.063-0500][gc,heap        ] GC(23767)   class space    used 7457K, capacity 8250K, committed 8832K, reserved 1048576K
[2020-12-28T16:40:49.063-0500][gc             ] GC(23767) Pause Young (Normal) (G1 Evacuation Pause) 50M->42M(63M) 2.820ms
[2020-12-28T16:40:49.063-0500][gc,cpu         ] GC(23767) User=0.00s Sys=0.00s Real=0.00s
[2020-12-28T16:41:45.190-0500][gc,task        ] GC(23768) Using 5 workers of 8 for full compaction
[2020-12-28T16:41:45.190-0500][gc,start       ] GC(23768) Pause Full (System.gc())
[2020-12-28T16:41:45.190-0500][gc,heap        ] GC(23768) Heap before GC invocations=23768 (full 5473): garbage-first heap   total 64512K, used 45467K [0x0000000083000000, 0x0000000100000000)
[2020-12-28T16:41:45.190-0500][gc,heap        ] GC(23768)   region size 1024K, 5 young (5120K), 1 survivors (1024K)
[2020-12-28T16:41:45.190-0500][gc,heap        ] GC(23768)  Metaspace       used 50313K, capacity 52468K, committed 53888K, reserved 1093632K
[2020-12-28T16:41:45.190-0500][gc,heap        ] GC(23768)   class space    used 7457K, capacity 8250K, committed 8832K, reserved 1048576K
[2020-12-28T16:41:45.190-0500][gc,phases,start] GC(23768) Phase 1: Mark live objects
[2020-12-28T16:41:45.214-0500][gc,stringtable ] GC(23768) Cleaned string and symbol table, strings: 33320 processed, 4 removed, symbols: 120973 processed, 0 removed
[2020-12-28T16:41:45.214-0500][gc,phases      ] GC(23768) Phase 1: Mark live objects 23.948ms
[2020-12-28T16:41:45.214-0500][gc,phases,start] GC(23768) Phase 2: Prepare for compaction
[2020-12-28T16:41:45.218-0500][gc,phases      ] GC(23768) Phase 2: Prepare for compaction 3.703ms
[2020-12-28T16:41:45.218-0500][gc,phases,start] GC(23768) Phase 3: Adjust pointers
[2020-12-28T16:41:45.227-0500][gc,phases      ] GC(23768) Phase 3: Adjust pointers 9.677ms
[2020-12-28T16:41:45.227-0500][gc,phases,start] GC(23768) Phase 4: Compact heap
[2020-12-28T16:41:45.230-0500][gc,phases      ] GC(23768) Phase 4: Compact heap 2.873ms
[2020-12-28T16:41:45.235-0500][gc,heap        ] GC(23768) Eden regions: 4->0(9)
[2020-12-28T16:41:45.235-0500][gc,heap        ] GC(23768) Survivor regions: 1->0(2)
[2020-12-28T16:41:45.235-0500][gc,heap        ] GC(23768) Old regions: 42->42
[2020-12-28T16:41:45.235-0500][gc,heap        ] GC(23768) Humongous regions: 4->4
[2020-12-28T16:41:45.235-0500][gc,metaspace   ] GC(23768) Metaspace: 50313K->50313K(1093632K)
[2020-12-28T16:41:45.235-0500][gc,heap        ] GC(23768) Heap after GC invocations=23769 (full 5474): garbage-first heap   total 64512K, used 43327K [0x0000000083000000, 0x0000000100000000)
[2020-12-28T16:41:45.235-0500][gc,heap        ] GC(23768)   region size 1024K, 0 young (0K), 0 survivors (0K)
[2020-12-28T16:41:45.235-0500][gc,heap        ] GC(23768)  Metaspace       used 50313K, capacity 52468K, committed 53888K, reserved 1093632K
[2020-12-28T16:41:45.235-0500][gc,heap        ] GC(23768)   class space    used 7457K, capacity 8250K, committed 8832K, reserved 1048576K
[2020-12-28T16:41:45.235-0500][gc             ] GC(23768) Pause Full (System.gc()) 46M->42M(63M) 45.189ms
[2020-12-28T16:41:45.235-0500][gc,cpu         ] GC(23768) User=0.17s Sys=0.00s Real=0.04s
[2020-12-28T16:43:53.455-0500][gc,heap        ] GC(23769) Heap before GC invocations=23769 (full 5474): garbage-first heap   total 64512K, used 51519K [0x0000000083000000, 0x0000000100000000)
[2020-12-28T16:43:53.455-0500][gc,heap        ] GC(23769)   region size 1024K, 9 young (9216K), 0 survivors (0K)
[2020-12-28T16:43:53.455-0500][gc,heap        ] GC(23769)  Metaspace       used 50313K, capacity 52468K, committed 53888K, reserved 1093632K
[2020-12-28T16:43:53.455-0500][gc,heap        ] GC(23769)   class space    used 7457K, capacity 8250K, committed 8832K, reserved 1048576K
[2020-12-28T16:43:53.455-0500][gc,start       ] GC(23769) Pause Young (Normal) (G1 Evacuation Pause)
[2020-12-28T16:43:53.455-0500][gc,task        ] GC(23769) Using 8 workers of 8 for evacuation
[2020-12-28T16:43:53.459-0500][gc,phases      ] GC(23769)   Pre Evacuate Collection Set: 0.0ms
[2020-12-28T16:43:53.459-0500][gc,phases      ] GC(23769)   Evacuate Collection Set: 2.9ms
[2020-12-28T16:43:53.459-0500][gc,phases      ] GC(23769)   Post Evacuate Collection Set: 1.3ms
[2020-12-28T16:43:53.459-0500][gc,phases      ] GC(23769)   Other: 0.2ms
[2020-12-28T16:43:53.459-0500][gc,heap        ] GC(23769) Eden regions: 9->0(8)
[2020-12-28T16:43:53.459-0500][gc,heap        ] GC(23769) Survivor regions: 0->1(2)
[2020-12-28T16:43:53.459-0500][gc,heap        ] GC(23769) Old regions: 42->42
[2020-12-28T16:43:53.459-0500][gc,heap        ] GC(23769) Humongous regions: 4->4
[2020-12-28T16:43:53.459-0500][gc,metaspace   ] GC(23769) Metaspace: 50313K->50313K(1093632K)
[2020-12-28T16:43:53.459-0500][gc,heap        ] GC(23769) Heap after GC invocations=23770 (full 5474): garbage-first heap   total 64512K, used 43391K [0x0000000083000000, 0x0000000100000000)
[2020-12-28T16:43:53.459-0500][gc,heap        ] GC(23769)   region size 1024K, 1 young (1024K), 1 survivors (1024K)
[2020-12-28T16:43:53.459-0500][gc,heap        ] GC(23769)  Metaspace       used 50313K, capacity 52468K, committed 53888K, reserved 1093632K
[2020-12-28T16:43:53.459-0500][gc,heap        ] GC(23769)   class space    used 7457K, capacity 8250K, committed 8832K, reserved 1048576K
[2020-12-28T16:43:53.459-0500][gc             ] GC(23769) Pause Young (Normal) (G1 Evacuation Pause) 51M->42M(63M) 4.503ms
[2020-12-28T16:43:53.459-0500][gc,cpu         ] GC(23769) User=0.01s Sys=0.00s Real=0.01s
[2020-12-28T16:45:58.552-0500][gc,heap        ] GC(23770) Heap before GC invocations=23770 (full 5474): garbage-first heap   total 64512K, used 51583K [0x0000000083000000, 0x0000000100000000)
[2020-12-28T16:45:58.552-0500][gc,heap        ] GC(23770)   region size 1024K, 9 young (9216K), 1 survivors (1024K)
[2020-12-28T16:45:58.552-0500][gc,heap        ] GC(23770)  Metaspace       used 50313K, capacity 52468K, committed 53888K, reserved 1093632K
[2020-12-28T16:45:58.552-0500][gc,heap        ] GC(23770)   class space    used 7457K, capacity 8250K, committed 8832K, reserved 1048576K
[2020-12-28T16:45:58.552-0500][gc,start       ] GC(23770) Pause Young (Normal) (G1 Evacuation Pause)
[2020-12-28T16:45:58.552-0500][gc,task        ] GC(23770) Using 8 workers of 8 for evacuation
[2020-12-28T16:45:58.556-0500][gc,phases      ] GC(23770)   Pre Evacuate Collection Set: 0.0ms
[2020-12-28T16:45:58.556-0500][gc,phases      ] GC(23770)   Evacuate Collection Set: 0.7ms
[2020-12-28T16:45:58.556-0500][gc,phases      ] GC(23770)   Post Evacuate Collection Set: 2.6ms
[2020-12-28T16:45:58.556-0500][gc,phases      ] GC(23770)   Other: 0.2ms
[2020-12-28T16:45:58.556-0500][gc,heap        ] GC(23770) Eden regions: 8->0(8)
[2020-12-28T16:45:58.556-0500][gc,heap        ] GC(23770) Survivor regions: 1->1(2)
[2020-12-28T16:45:58.556-0500][gc,heap        ] GC(23770) Old regions: 42->42
[2020-12-28T16:45:58.556-0500][gc,heap        ] GC(23770) Humongous regions: 4->4
[2020-12-28T16:45:58.556-0500][gc,metaspace   ] GC(23770) Metaspace: 50313K->50313K(1093632K)
[2020-12-28T16:45:58.556-0500][gc,heap        ] GC(23770) Heap after GC invocations=23771 (full 5474): garbage-first heap   total 64512K, used 43377K [0x0000000083000000, 0x0000000100000000)
[2020-12-28T16:45:58.556-0500][gc,heap        ] GC(23770)   region size 1024K, 1 young (1024K), 1 survivors (1024K)
[2020-12-28T16:45:58.556-0500][gc,heap        ] GC(23770)  Metaspace       used 50313K, capacity 52468K, committed 53888K, reserved 1093632K
[2020-12-28T16:45:58.556-0500][gc,heap        ] GC(23770)   class space    used 7457K, capacity 8250K, committed 8832K, reserved 1048576K
[2020-12-28T16:45:58.556-0500][gc             ] GC(23770) Pause Young (Normal) (G1 Evacuation Pause) 50M->42M(63M) 3.551ms
[2020-12-28T16:45:58.556-0500][gc,cpu         ] GC(23770) User=0.02s Sys=0.00s Real=0.00s
[2020-12-28T16:46:45.191-0500][gc,task        ] GC(23771) Using 5 workers of 8 for full compaction
[2020-12-28T16:46:45.191-0500][gc,start       ] GC(23771) Pause Full (System.gc())
[2020-12-28T16:46:45.191-0500][gc,heap        ] GC(23771) Heap before GC invocations=23771 (full 5474): garbage-first heap   total 64512K, used 45425K [0x0000000083000000, 0x0000000100000000)
[2020-12-28T16:46:45.191-0500][gc,heap        ] GC(23771)   region size 1024K, 5 young (5120K), 1 survivors (1024K)
[2020-12-28T16:46:45.191-0500][gc,heap        ] GC(23771)  Metaspace       used 50313K, capacity 52468K, committed 53888K, reserved 1093632K
[2020-12-28T16:46:45.191-0500][gc,heap        ] GC(23771)   class space    used 7457K, capacity 8250K, committed 8832K, reserved 1048576K
[2020-12-28T16:46:45.191-0500][gc,phases,start] GC(23771) Phase 1: Mark live objects
[2020-12-28T16:46:45.228-0500][gc,stringtable ] GC(23771) Cleaned string and symbol table, strings: 33320 processed, 4 removed, symbols: 120973 processed, 0 removed
[2020-12-28T16:46:45.228-0500][gc,phases      ] GC(23771) Phase 1: Mark live objects 36.735ms
[2020-12-28T16:46:45.228-0500][gc,phases,start] GC(23771) Phase 2: Prepare for compaction
[2020-12-28T16:46:45.232-0500][gc,phases      ] GC(23771) Phase 2: Prepare for compaction 4.142ms
[2020-12-28T16:46:45.232-0500][gc,phases,start] GC(23771) Phase 3: Adjust pointers
[2020-12-28T16:46:45.243-0500][gc,phases      ] GC(23771) Phase 3: Adjust pointers 10.601ms
[2020-12-28T16:46:45.243-0500][gc,phases,start] GC(23771) Phase 4: Compact heap
[2020-12-28T16:46:45.247-0500][gc,phases      ] GC(23771) Phase 4: Compact heap 3.523ms
[2020-12-28T16:46:45.251-0500][gc,heap        ] GC(23771) Eden regions: 4->0(9)
[2020-12-28T16:46:45.251-0500][gc,heap        ] GC(23771) Survivor regions: 1->0(2)
[2020-12-28T16:46:45.251-0500][gc,heap        ] GC(23771) Old regions: 42->42
[2020-12-28T16:46:45.251-0500][gc,heap        ] GC(23771) Humongous regions: 4->4
[2020-12-28T16:46:45.251-0500][gc,metaspace   ] GC(23771) Metaspace: 50313K->50313K(1093632K)
[2020-12-28T16:46:45.251-0500][gc,heap        ] GC(23771) Heap after GC invocations=23772 (full 5475): garbage-first heap   total 64512K, used 43323K [0x0000000083000000, 0x0000000100000000)
[2020-12-28T16:46:45.251-0500][gc,heap        ] GC(23771)   region size 1024K, 0 young (0K), 0 survivors (0K)
[2020-12-28T16:46:45.251-0500][gc,heap        ] GC(23771)  Metaspace       used 50313K, capacity 52468K, committed 53888K, reserved 1093632K
[2020-12-28T16:46:45.251-0500][gc,heap        ] GC(23771)   class space    used 7457K, capacity 8250K, committed 8832K, reserved 1048576K
[2020-12-28T16:46:45.251-0500][gc             ] GC(23771) Pause Full (System.gc()) 45M->42M(63M) 60.619ms
[2020-12-28T16:46:45.252-0500][gc,cpu         ] GC(23771) User=0.26s Sys=0.00s Real=0.06s
[2020-12-28T16:48:59.069-0500][gc,heap        ] GC(23772) Heap before GC invocations=23772 (full 5475): garbage-first heap   total 64512K, used 52539K [0x0000000083000000, 0x0000000100000000)
[2020-12-28T16:48:59.069-0500][gc,heap        ] GC(23772)   region size 1024K, 9 young (9216K), 0 survivors (0K)
[2020-12-28T16:48:59.069-0500][gc,heap        ] GC(23772)  Metaspace       used 50313K, capacity 52468K, committed 53888K, reserved 1093632K
[2020-12-28T16:48:59.070-0500][gc,heap        ] GC(23772)   class space    used 7457K, capacity 8250K, committed 8832K, reserved 1048576K
[2020-12-28T16:48:59.070-0500][gc,start       ] GC(23772) Pause Young (Normal) (G1 Evacuation Pause)
[2020-12-28T16:48:59.070-0500][gc,task        ] GC(23772) Using 8 workers of 8 for evacuation
[2020-12-28T16:48:59.075-0500][gc,phases      ] GC(23772)   Pre Evacuate Collection Set: 0.0ms
[2020-12-28T16:48:59.076-0500][gc,phases      ] GC(23772)   Evacuate Collection Set: 1.8ms
[2020-12-28T16:48:59.076-0500][gc,phases      ] GC(23772)   Post Evacuate Collection Set: 3.5ms
[2020-12-28T16:48:59.076-0500][gc,phases      ] GC(23772)   Other: 0.8ms
[2020-12-28T16:48:59.076-0500][gc,heap        ] GC(23772) Eden regions: 9->0(8)
[2020-12-28T16:48:59.076-0500][gc,heap        ] GC(23772) Survivor regions: 0->1(2)
[2020-12-28T16:48:59.076-0500][gc,heap        ] GC(23772) Old regions: 42->42
[2020-12-28T16:48:59.076-0500][gc,heap        ] GC(23772) Humongous regions: 4->4
[2020-12-28T16:48:59.076-0500][gc,metaspace   ] GC(23772) Metaspace: 50313K->50313K(1093632K)
[2020-12-28T16:48:59.076-0500][gc,heap        ] GC(23772) Heap after GC invocations=23773 (full 5475): garbage-first heap   total 64512K, used 43381K [0x0000000083000000, 0x0000000100000000)
[2020-12-28T16:48:59.076-0500][gc,heap        ] GC(23772)   region size 1024K, 1 young (1024K), 1 survivors (1024K)
[2020-12-28T16:48:59.076-0500][gc,heap        ] GC(23772)  Metaspace       used 50313K, capacity 52468K, committed 53888K, reserved 1093632K
[2020-12-28T16:48:59.076-0500][gc,heap        ] GC(23772)   class space    used 7457K, capacity 8250K, committed 8832K, reserved 1048576K
[2020-12-28T16:48:59.076-0500][gc             ] GC(23772) Pause Young (Normal) (G1 Evacuation Pause) 51M->42M(63M) 6.199ms
[2020-12-28T16:48:59.076-0500][gc,cpu         ] GC(23772) User=0.01s Sys=0.01s Real=0.00s
[2020-12-28T16:50:59.070-0500][gc,heap        ] GC(23773) Heap before GC invocations=23773 (full 5475): garbage-first heap   total 64512K, used 50549K [0x0000000083000000, 0x0000000100000000)
[2020-12-28T16:50:59.070-0500][gc,heap        ] GC(23773)   region size 1024K, 9 young (9216K), 1 survivors (1024K)
[2020-12-28T16:50:59.070-0500][gc,heap        ] GC(23773)  Metaspace       used 50313K, capacity 52468K, committed 53888K, reserved 1093632K
[2020-12-28T16:50:59.070-0500][gc,heap        ] GC(23773)   class space    used 7457K, capacity 8250K, committed 8832K, reserved 1048576K
[2020-12-28T16:50:59.070-0500][gc,start       ] GC(23773) Pause Young (Normal) (G1 Evacuation Pause)
[2020-12-28T16:50:59.070-0500][gc,task        ] GC(23773) Using 8 workers of 8 for evacuation
[2020-12-28T16:50:59.075-0500][gc,phases      ] GC(23773)   Pre Evacuate Collection Set: 0.0ms
[2020-12-28T16:50:59.075-0500][gc,phases      ] GC(23773)   Evacuate Collection Set: 1.2ms
[2020-12-28T16:50:59.075-0500][gc,phases      ] GC(23773)   Post Evacuate Collection Set: 3.3ms
[2020-12-28T16:50:59.075-0500][gc,phases      ] GC(23773)   Other: 0.6ms
[2020-12-28T16:50:59.075-0500][gc,heap        ] GC(23773) Eden regions: 8->0(8)
[2020-12-28T16:50:59.075-0500][gc,heap        ] GC(23773) Survivor regions: 1->1(2)
[2020-12-28T16:50:59.075-0500][gc,heap        ] GC(23773) Old regions: 42->42
[2020-12-28T16:50:59.075-0500][gc,heap        ] GC(23773) Humongous regions: 4->4
[2020-12-28T16:50:59.075-0500][gc,metaspace   ] GC(23773) Metaspace: 50313K->50313K(1093632K)
[2020-12-28T16:50:59.075-0500][gc,heap        ] GC(23773) Heap after GC invocations=23774 (full 5475): garbage-first heap   total 64512K, used 43375K [0x0000000083000000, 0x0000000100000000)
[2020-12-28T16:50:59.075-0500][gc,heap        ] GC(23773)   region size 1024K, 1 young (1024K), 1 survivors (1024K)
[2020-12-28T16:50:59.075-0500][gc,heap        ] GC(23773)  Metaspace       used 50313K, capacity 52468K, committed 53888K, reserved 1093632K
[2020-12-28T16:50:59.075-0500][gc,heap        ] GC(23773)   class space    used 7457K, capacity 8250K, committed 8832K, reserved 1048576K
[2020-12-28T16:50:59.075-0500][gc             ] GC(23773) Pause Young (Normal) (G1 Evacuation Pause) 50M->42M(63M) 5.202ms
[2020-12-28T16:50:59.075-0500][gc,cpu         ] GC(23773) User=0.01s Sys=0.00s Real=0.00s
[2020-12-28T16:51:45.190-0500][gc,task        ] GC(23774) Using 5 workers of 8 for full compaction
[2020-12-28T16:51:45.190-0500][gc,start       ] GC(23774) Pause Full (System.gc())
[2020-12-28T16:51:45.190-0500][gc,heap        ] GC(23774) Heap before GC invocations=23774 (full 5475): garbage-first heap   total 64512K, used 44399K [0x0000000083000000, 0x0000000100000000)
[2020-12-28T16:51:45.190-0500][gc,heap        ] GC(23774)   region size 1024K, 4 young (4096K), 1 survivors (1024K)
[2020-12-28T16:51:45.190-0500][gc,heap        ] GC(23774)  Metaspace       used 50313K, capacity 52468K, committed 53888K, reserved 1093632K
[2020-12-28T16:51:45.190-0500][gc,heap        ] GC(23774)   class space    used 7457K, capacity 8250K, committed 8832K, reserved 1048576K
[2020-12-28T16:51:45.190-0500][gc,phases,start] GC(23774) Phase 1: Mark live objects
[2020-12-28T16:51:45.230-0500][gc,stringtable ] GC(23774) Cleaned string and symbol table, strings: 33320 processed, 4 removed, symbols: 120973 processed, 0 removed
[2020-12-28T16:51:45.230-0500][gc,phases      ] GC(23774) Phase 1: Mark live objects 40.005ms
[2020-12-28T16:51:45.230-0500][gc,phases,start] GC(23774) Phase 2: Prepare for compaction
[2020-12-28T16:51:45.235-0500][gc,phases      ] GC(23774) Phase 2: Prepare for compaction 4.185ms
[2020-12-28T16:51:45.235-0500][gc,phases,start] GC(23774) Phase 3: Adjust pointers
[2020-12-28T16:51:45.248-0500][gc,phases      ] GC(23774) Phase 3: Adjust pointers 12.843ms
[2020-12-28T16:51:45.248-0500][gc,phases,start] GC(23774) Phase 4: Compact heap
[2020-12-28T16:51:45.251-0500][gc,phases      ] GC(23774) Phase 4: Compact heap 2.991ms
[2020-12-28T16:51:45.255-0500][gc,heap        ] GC(23774) Eden regions: 3->0(10)
[2020-12-28T16:51:45.255-0500][gc,heap        ] GC(23774) Survivor regions: 1->0(2)
[2020-12-28T16:51:45.255-0500][gc,heap        ] GC(23774) Old regions: 42->41
[2020-12-28T16:51:45.255-0500][gc,heap        ] GC(23774) Humongous regions: 4->4
[2020-12-28T16:51:45.255-0500][gc,metaspace   ] GC(23774) Metaspace: 50313K->50313K(1093632K)
[2020-12-28T16:51:45.255-0500][gc,heap        ] GC(23774) Heap after GC invocations=23775 (full 5476): garbage-first heap   total 64512K, used 43323K [0x0000000083000000, 0x0000000100000000)
[2020-12-28T16:51:45.255-0500][gc,heap        ] GC(23774)   region size 1024K, 0 young (0K), 0 survivors (0K)
[2020-12-28T16:51:45.255-0500][gc,heap        ] GC(23774)  Metaspace       used 50313K, capacity 52468K, committed 53888K, reserved 1093632K
[2020-12-28T16:51:45.255-0500][gc,heap        ] GC(23774)   class space    used 7457K, capacity 8250K, committed 8832K, reserved 1048576K
[2020-12-28T16:51:45.255-0500][gc             ] GC(23774) Pause Full (System.gc()) 45M->42M(63M) 65.235ms
[2020-12-28T16:51:45.255-0500][gc,cpu         ] GC(23774) User=0.28s Sys=0.00s Real=0.06s
[2020-12-28T16:54:17.392-0500][gc,heap        ] GC(23775) Heap before GC invocations=23775 (full 5476): garbage-first heap   total 64512K, used 53563K [0x0000000083000000, 0x0000000100000000)
[2020-12-28T16:54:17.392-0500][gc,heap        ] GC(23775)   region size 1024K, 10 young (10240K), 0 survivors (0K)
[2020-12-28T16:54:17.392-0500][gc,heap        ] GC(23775)  Metaspace       used 50313K, capacity 52468K, committed 53888K, reserved 1093632K
[2020-12-28T16:54:17.392-0500][gc,heap        ] GC(23775)   class space    used 7457K, capacity 8250K, committed 8832K, reserved 1048576K
[2020-12-28T16:54:17.392-0500][gc,start       ] GC(23775) Pause Young (Normal) (G1 Evacuation Pause)
[2020-12-28T16:54:17.392-0500][gc,task        ] GC(23775) Using 8 workers of 8 for evacuation
[2020-12-28T16:54:17.402-0500][gc,phases      ] GC(23775)   Pre Evacuate Collection Set: 0.0ms
[2020-12-28T16:54:17.402-0500][gc,phases      ] GC(23775)   Evacuate Collection Set: 5.3ms
[2020-12-28T16:54:17.402-0500][gc,phases      ] GC(23775)   Post Evacuate Collection Set: 4.2ms
[2020-12-28T16:54:17.402-0500][gc,phases      ] GC(23775)   Other: 0.6ms
[2020-12-28T16:54:17.402-0500][gc,heap        ] GC(23775) Eden regions: 10->0(9)
[2020-12-28T16:54:17.402-0500][gc,heap        ] GC(23775) Survivor regions: 0->1(2)
[2020-12-28T16:54:17.402-0500][gc,heap        ] GC(23775) Old regions: 41->41
[2020-12-28T16:54:17.402-0500][gc,heap        ] GC(23775) Humongous regions: 4->4
[2020-12-28T16:54:17.402-0500][gc,metaspace   ] GC(23775) Metaspace: 50313K->50313K(1093632K)
[2020-12-28T16:54:17.402-0500][gc,heap        ] GC(23775) Heap after GC invocations=23776 (full 5476): garbage-first heap   total 64512K, used 43386K [0x0000000083000000, 0x0000000100000000)
[2020-12-28T16:54:17.402-0500][gc,heap        ] GC(23775)   region size 1024K, 1 young (1024K), 1 survivors (1024K)
[2020-12-28T16:54:17.403-0500][gc,heap        ] GC(23775)  Metaspace       used 50313K, capacity 52468K, committed 53888K, reserved 1093632K
[2020-12-28T16:54:17.403-0500][gc,heap        ] GC(23775)   class space    used 7457K, capacity 8250K, committed 8832K, reserved 1048576K
[2020-12-28T16:54:17.403-0500][gc             ] GC(23775) Pause Young (Normal) (G1 Evacuation Pause) 52M->42M(63M) 10.716ms
[2020-12-28T16:54:17.403-0500][gc,cpu         ] GC(23775) User=0.04s Sys=0.00s Real=0.01s
[2020-12-28T16:56:29.098-0500][gc,heap        ] GC(23776) Heap before GC invocations=23776 (full 5476): garbage-first heap   total 64512K, used 52602K [0x0000000083000000, 0x0000000100000000)
[2020-12-28T16:56:29.098-0500][gc,heap        ] GC(23776)   region size 1024K, 10 young (10240K), 1 survivors (1024K)
[2020-12-28T16:56:29.098-0500][gc,heap        ] GC(23776)  Metaspace       used 50313K, capacity 52468K, committed 53888K, reserved 1093632K
[2020-12-28T16:56:29.098-0500][gc,heap        ] GC(23776)   class space    used 7457K, capacity 8250K, committed 8832K, reserved 1048576K
[2020-12-28T16:56:29.098-0500][gc,start       ] GC(23776) Pause Young (Normal) (G1 Evacuation Pause)
[2020-12-28T16:56:29.098-0500][gc,task        ] GC(23776) Using 8 workers of 8 for evacuation
[2020-12-28T16:56:29.102-0500][gc,phases      ] GC(23776)   Pre Evacuate Collection Set: 0.0ms
[2020-12-28T16:56:29.102-0500][gc,phases      ] GC(23776)   Evacuate Collection Set: 1.3ms
[2020-12-28T16:56:29.102-0500][gc,phases      ] GC(23776)   Post Evacuate Collection Set: 2.4ms
[2020-12-28T16:56:29.102-0500][gc,phases      ] GC(23776)   Other: 0.2ms
[2020-12-28T16:56:29.102-0500][gc,heap        ] GC(23776) Eden regions: 9->0(9)
[2020-12-28T16:56:29.102-0500][gc,heap        ] GC(23776) Survivor regions: 1->1(2)
[2020-12-28T16:56:29.102-0500][gc,heap        ] GC(23776) Old regions: 41->41
[2020-12-28T16:56:29.102-0500][gc,heap        ] GC(23776) Humongous regions: 4->4
[2020-12-28T16:56:29.102-0500][gc,metaspace   ] GC(23776) Metaspace: 50313K->50313K(1093632K)
[2020-12-28T16:56:29.102-0500][gc,heap        ] GC(23776) Heap after GC invocations=23777 (full 5476): garbage-first heap   total 64512K, used 43377K [0x0000000083000000, 0x0000000100000000)
[2020-12-28T16:56:29.102-0500][gc,heap        ] GC(23776)   region size 1024K, 1 young (1024K), 1 survivors (1024K)
[2020-12-28T16:56:29.102-0500][gc,heap        ] GC(23776)  Metaspace       used 50313K, capacity 52468K, committed 53888K, reserved 1093632K
[2020-12-28T16:56:29.102-0500][gc,heap        ] GC(23776)   class space    used 7457K, capacity 8250K, committed 8832K, reserved 1048576K
[2020-12-28T16:56:29.102-0500][gc             ] GC(23776) Pause Young (Normal) (G1 Evacuation Pause) 51M->42M(63M) 3.995ms
[2020-12-28T16:56:29.102-0500][gc,cpu         ] GC(23776) User=0.01s Sys=0.00s Real=0.00s
[2020-12-28T16:56:45.190-0500][gc,task        ] GC(23777) Using 5 workers of 8 for full compaction
[2020-12-28T16:56:45.191-0500][gc,start       ] GC(23777) Pause Full (System.gc())
[2020-12-28T16:56:45.191-0500][gc,heap        ] GC(23777) Heap before GC invocations=23777 (full 5476): garbage-first heap   total 64512K, used 43377K [0x0000000083000000, 0x0000000100000000)
[2020-12-28T16:56:45.191-0500][gc,heap        ] GC(23777)   region size 1024K, 2 young (2048K), 1 survivors (1024K)
[2020-12-28T16:56:45.191-0500][gc,heap        ] GC(23777)  Metaspace       used 50313K, capacity 52468K, committed 53888K, reserved 1093632K
[2020-12-28T16:56:45.191-0500][gc,heap        ] GC(23777)   class space    used 7457K, capacity 8250K, committed 8832K, reserved 1048576K
[2020-12-28T16:56:45.191-0500][gc,phases,start] GC(23777) Phase 1: Mark live objects
[2020-12-28T16:56:45.214-0500][gc,stringtable ] GC(23777) Cleaned string and symbol table, strings: 33320 processed, 4 removed, symbols: 120973 processed, 0 removed
[2020-12-28T16:56:45.214-0500][gc,phases      ] GC(23777) Phase 1: Mark live objects 23.228ms
[2020-12-28T16:56:45.214-0500][gc,phases,start] GC(23777) Phase 2: Prepare for compaction
[2020-12-28T16:56:45.219-0500][gc,phases      ] GC(23777) Phase 2: Prepare for compaction 4.718ms
[2020-12-28T16:56:45.219-0500][gc,phases,start] GC(23777) Phase 3: Adjust pointers
[2020-12-28T16:56:45.229-0500][gc,phases      ] GC(23777) Phase 3: Adjust pointers 9.852ms
[2020-12-28T16:56:45.229-0500][gc,phases,start] GC(23777) Phase 4: Compact heap
[2020-12-28T16:56:45.233-0500][gc,phases      ] GC(23777) Phase 4: Compact heap 3.947ms
[2020-12-28T16:56:45.237-0500][gc,heap        ] GC(23777) Eden regions: 1->0(10)
[2020-12-28T16:56:45.237-0500][gc,heap        ] GC(23777) Survivor regions: 1->0(2)
[2020-12-28T16:56:45.237-0500][gc,heap        ] GC(23777) Old regions: 41->41
[2020-12-28T16:56:45.237-0500][gc,heap        ] GC(23777) Humongous regions: 4->4
[2020-12-28T16:56:45.237-0500][gc,metaspace   ] GC(23777) Metaspace: 50313K->50313K(1093632K)
[2020-12-28T16:56:45.237-0500][gc,heap        ] GC(23777) Heap after GC invocations=23778 (full 5477): garbage-first heap   total 64512K, used 43311K [0x0000000083000000, 0x0000000100000000)
[2020-12-28T16:56:45.237-0500][gc,heap        ] GC(23777)   region size 1024K, 0 young (0K), 0 survivors (0K)
[2020-12-28T16:56:45.237-0500][gc,heap        ] GC(23777)  Metaspace       used 50313K, capacity 52468K, committed 53888K, reserved 1093632K
[2020-12-28T16:56:45.237-0500][gc,heap        ] GC(23777)   class space    used 7457K, capacity 8250K, committed 8832K, reserved 1048576K
[2020-12-28T16:56:45.237-0500][gc             ] GC(23777) Pause Full (System.gc()) 43M->42M(63M) 46.676ms
[2020-12-28T16:56:45.237-0500][gc,cpu         ] GC(23777) User=0.17s Sys=0.00s Real=0.04s
[2020-12-28T16:59:09.069-0500][gc,heap        ] GC(23778) Heap before GC invocations=23778 (full 5477): garbage-first heap   total 64512K, used 53551K [0x0000000083000000, 0x0000000100000000)
[2020-12-28T16:59:09.070-0500][gc,heap        ] GC(23778)   region size 1024K, 10 young (10240K), 0 survivors (0K)
[2020-12-28T16:59:09.070-0500][gc,heap        ] GC(23778)  Metaspace       used 50313K, capacity 52468K, committed 53888K, reserved 1093632K
[2020-12-28T16:59:09.070-0500][gc,heap        ] GC(23778)   class space    used 7457K, capacity 8250K, committed 8832K, reserved 1048576K
[2020-12-28T16:59:09.070-0500][gc,start       ] GC(23778) Pause Young (Normal) (G1 Evacuation Pause)
[2020-12-28T16:59:09.070-0500][gc,task        ] GC(23778) Using 8 workers of 8 for evacuation
[2020-12-28T16:59:09.075-0500][gc,phases      ] GC(23778)   Pre Evacuate Collection Set: 0.0ms
[2020-12-28T16:59:09.075-0500][gc,phases      ] GC(23778)   Evacuate Collection Set: 2.2ms
[2020-12-28T16:59:09.075-0500][gc,phases      ] GC(23778)   Post Evacuate Collection Set: 2.6ms
[2020-12-28T16:59:09.075-0500][gc,phases      ] GC(23778)   Other: 0.4ms
[2020-12-28T16:59:09.075-0500][gc,heap        ] GC(23778) Eden regions: 10->0(9)
[2020-12-28T16:59:09.075-0500][gc,heap        ] GC(23778) Survivor regions: 0->1(2)
[2020-12-28T16:59:09.075-0500][gc,heap        ] GC(23778) Old regions: 41->41
[2020-12-28T16:59:09.075-0500][gc,heap        ] GC(23778) Humongous regions: 4->4
[2020-12-28T16:59:09.075-0500][gc,metaspace   ] GC(23778) Metaspace: 50313K->50313K(1093632K)
[2020-12-28T16:59:09.075-0500][gc,heap        ] GC(23778) Heap after GC invocations=23779 (full 5477): garbage-first heap   total 64512K, used 43395K [0x0000000083000000, 0x0000000100000000)
[2020-12-28T16:59:09.075-0500][gc,heap        ] GC(23778)   region size 1024K, 1 young (1024K), 1 survivors (1024K)
[2020-12-28T16:59:09.075-0500][gc,heap        ] GC(23778)  Metaspace       used 50313K, capacity 52468K, committed 53888K, reserved 1093632K
[2020-12-28T16:59:09.075-0500][gc,heap        ] GC(23778)   class space    used 7457K, capacity 8250K, committed 8832K, reserved 1048576K
[2020-12-28T16:59:09.075-0500][gc             ] GC(23778) Pause Young (Normal) (G1 Evacuation Pause) 52M->42M(63M) 5.438ms
[2020-12-28T16:59:09.075-0500][gc,cpu         ] GC(23778) User=0.01s Sys=0.00s Real=0.00s
[2020-12-28T17:01:19.062-0500][gc,heap        ] GC(23779) Heap before GC invocations=23779 (full 5477): garbage-first heap   total 64512K, used 52611K [0x0000000083000000, 0x0000000100000000)
[2020-12-28T17:01:19.062-0500][gc,heap        ] GC(23779)   region size 1024K, 10 young (10240K), 1 survivors (1024K)
[2020-12-28T17:01:19.062-0500][gc,heap        ] GC(23779)  Metaspace       used 50313K, capacity 52468K, committed 53888K, reserved 1093632K
[2020-12-28T17:01:19.062-0500][gc,heap        ] GC(23779)   class space    used 7457K, capacity 8250K, committed 8832K, reserved 1048576K
[2020-12-28T17:01:19.062-0500][gc,start       ] GC(23779) Pause Young (Normal) (G1 Evacuation Pause)
[2020-12-28T17:01:19.062-0500][gc,task        ] GC(23779) Using 8 workers of 8 for evacuation
[2020-12-28T17:01:19.064-0500][gc,phases      ] GC(23779)   Pre Evacuate Collection Set: 0.0ms
[2020-12-28T17:01:19.064-0500][gc,phases      ] GC(23779)   Evacuate Collection Set: 0.8ms
[2020-12-28T17:01:19.064-0500][gc,phases      ] GC(23779)   Post Evacuate Collection Set: 0.7ms
[2020-12-28T17:01:19.064-0500][gc,phases      ] GC(23779)   Other: 0.2ms
[2020-12-28T17:01:19.064-0500][gc,heap        ] GC(23779) Eden regions: 9->0(9)
[2020-12-28T17:01:19.064-0500][gc,heap        ] GC(23779) Survivor regions: 1->1(2)
[2020-12-28T17:01:19.064-0500][gc,heap        ] GC(23779) Old regions: 41->41
[2020-12-28T17:01:19.064-0500][gc,heap        ] GC(23779) Humongous regions: 4->4
[2020-12-28T17:01:19.064-0500][gc,metaspace   ] GC(23779) Metaspace: 50313K->50313K(1093632K)
[2020-12-28T17:01:19.064-0500][gc,heap        ] GC(23779) Heap after GC invocations=23780 (full 5477): garbage-first heap   total 64512K, used 43380K [0x0000000083000000, 0x0000000100000000)
[2020-12-28T17:01:19.064-0500][gc,heap        ] GC(23779)   region size 1024K, 1 young (1024K), 1 survivors (1024K)
[2020-12-28T17:01:19.064-0500][gc,heap        ] GC(23779)  Metaspace       used 50313K, capacity 52468K, committed 53888K, reserved 1093632K
[2020-12-28T17:01:19.064-0500][gc,heap        ] GC(23779)   class space    used 7457K, capacity 8250K, committed 8832K, reserved 1048576K
[2020-12-28T17:01:19.064-0500][gc             ] GC(23779) Pause Young (Normal) (G1 Evacuation Pause) 51M->42M(63M) 1.719ms
[2020-12-28T17:01:19.064-0500][gc,cpu         ] GC(23779) User=0.00s Sys=0.01s Real=0.00s
[2020-12-28T17:01:45.191-0500][gc,task        ] GC(23780) Using 5 workers of 8 for full compaction
[2020-12-28T17:01:45.191-0500][gc,start       ] GC(23780) Pause Full (System.gc())
[2020-12-28T17:01:45.191-0500][gc,heap        ] GC(23780) Heap before GC invocations=23780 (full 5477): garbage-first heap   total 64512K, used 44404K [0x0000000083000000, 0x0000000100000000)
[2020-12-28T17:01:45.191-0500][gc,heap        ] GC(23780)   region size 1024K, 3 young (3072K), 1 survivors (1024K)
[2020-12-28T17:01:45.191-0500][gc,heap        ] GC(23780)  Metaspace       used 50313K, capacity 52468K, committed 53888K, reserved 1093632K
[2020-12-28T17:01:45.191-0500][gc,heap        ] GC(23780)   class space    used 7457K, capacity 8250K, committed 8832K, reserved 1048576K
[2020-12-28T17:01:45.191-0500][gc,phases,start] GC(23780) Phase 1: Mark live objects
[2020-12-28T17:01:45.216-0500][gc,stringtable ] GC(23780) Cleaned string and symbol table, strings: 33320 processed, 4 removed, symbols: 120973 processed, 0 removed
[2020-12-28T17:01:45.216-0500][gc,phases      ] GC(23780) Phase 1: Mark live objects 24.549ms
[2020-12-28T17:01:45.216-0500][gc,phases,start] GC(23780) Phase 2: Prepare for compaction
[2020-12-28T17:01:45.220-0500][gc,phases      ] GC(23780) Phase 2: Prepare for compaction 3.887ms
[2020-12-28T17:01:45.220-0500][gc,phases,start] GC(23780) Phase 3: Adjust pointers
[2020-12-28T17:01:45.231-0500][gc,phases      ] GC(23780) Phase 3: Adjust pointers 10.919ms
[2020-12-28T17:01:45.231-0500][gc,phases,start] GC(23780) Phase 4: Compact heap
[2020-12-28T17:01:45.233-0500][gc,phases      ] GC(23780) Phase 4: Compact heap 2.785ms
[2020-12-28T17:01:45.238-0500][gc,heap        ] GC(23780) Eden regions: 2->0(10)
[2020-12-28T17:01:45.238-0500][gc,heap        ] GC(23780) Survivor regions: 1->0(2)
[2020-12-28T17:01:45.238-0500][gc,heap        ] GC(23780) Old regions: 41->41
[2020-12-28T17:01:45.238-0500][gc,heap        ] GC(23780) Humongous regions: 4->4
[2020-12-28T17:01:45.238-0500][gc,metaspace   ] GC(23780) Metaspace: 50313K->50313K(1093632K)
[2020-12-28T17:01:45.238-0500][gc,heap        ] GC(23780) Heap after GC invocations=23781 (full 5478): garbage-first heap   total 64512K, used 43313K [0x0000000083000000, 0x0000000100000000)
[2020-12-28T17:01:45.238-0500][gc,heap        ] GC(23780)   region size 1024K, 0 young (0K), 0 survivors (0K)
[2020-12-28T17:01:45.238-0500][gc,heap        ] GC(23780)  Metaspace       used 50313K, capacity 52468K, committed 53888K, reserved 1093632K
[2020-12-28T17:01:45.238-0500][gc,heap        ] GC(23780)   class space    used 7457K, capacity 8250K, committed 8832K, reserved 1048576K
[2020-12-28T17:01:45.238-0500][gc             ] GC(23780) Pause Full (System.gc()) 43M->42M(63M) 47.204ms
[2020-12-28T17:01:45.238-0500][gc,cpu         ] GC(23780) User=0.19s Sys=0.00s Real=0.05s
[2020-12-28T17:04:14.515-0500][gc,heap        ] GC(23781) Heap before GC invocations=23781 (full 5478): garbage-first heap   total 64512K, used 52529K [0x0000000083000000, 0x0000000100000000)
[2020-12-28T17:04:14.515-0500][gc,heap        ] GC(23781)   region size 1024K, 10 young (10240K), 0 survivors (0K)
[2020-12-28T17:04:14.515-0500][gc,heap        ] GC(23781)  Metaspace       used 50313K, capacity 52468K, committed 53888K, reserved 1093632K
[2020-12-28T17:04:14.515-0500][gc,heap        ] GC(23781)   class space    used 7457K, capacity 8250K, committed 8832K, reserved 1048576K
[2020-12-28T17:04:14.515-0500][gc,start       ] GC(23781) Pause Young (Normal) (G1 Evacuation Pause)
[2020-12-28T17:04:14.515-0500][gc,task        ] GC(23781) Using 8 workers of 8 for evacuation
[2020-12-28T17:04:14.520-0500][gc,phases      ] GC(23781)   Pre Evacuate Collection Set: 0.0ms
[2020-12-28T17:04:14.520-0500][gc,phases      ] GC(23781)   Evacuate Collection Set: 2.7ms
[2020-12-28T17:04:14.520-0500][gc,phases      ] GC(23781)   Post Evacuate Collection Set: 2.3ms
[2020-12-28T17:04:14.520-0500][gc,phases      ] GC(23781)   Other: 0.4ms
[2020-12-28T17:04:14.520-0500][gc,heap        ] GC(23781) Eden regions: 10->0(9)
[2020-12-28T17:04:14.520-0500][gc,heap        ] GC(23781) Survivor regions: 0->1(2)
[2020-12-28T17:04:14.520-0500][gc,heap        ] GC(23781) Old regions: 41->41
[2020-12-28T17:04:14.520-0500][gc,heap        ] GC(23781) Humongous regions: 4->4
[2020-12-28T17:04:14.520-0500][gc,metaspace   ] GC(23781) Metaspace: 50313K->50313K(1093632K)
[2020-12-28T17:04:14.520-0500][gc,heap        ] GC(23781) Heap after GC invocations=23782 (full 5478): garbage-first heap   total 64512K, used 43381K [0x0000000083000000, 0x0000000100000000)
[2020-12-28T17:04:14.520-0500][gc,heap        ] GC(23781)   region size 1024K, 1 young (1024K), 1 survivors (1024K)
[2020-12-28T17:04:14.520-0500][gc,heap        ] GC(23781)  Metaspace       used 50313K, capacity 52468K, committed 53888K, reserved 1093632K
[2020-12-28T17:04:14.520-0500][gc,heap        ] GC(23781)   class space    used 7457K, capacity 8250K, committed 8832K, reserved 1048576K
[2020-12-28T17:04:14.521-0500][gc             ] GC(23781) Pause Young (Normal) (G1 Evacuation Pause) 52M->42M(63M) 5.370ms
[2020-12-28T17:04:14.521-0500][gc,cpu         ] GC(23781) User=0.02s Sys=0.01s Real=0.01s
[2020-12-28T17:06:29.064-0500][gc,heap        ] GC(23782) Heap before GC invocations=23782 (full 5478): garbage-first heap   total 64512K, used 51573K [0x0000000083000000, 0x0000000100000000)
[2020-12-28T17:06:29.065-0500][gc,heap        ] GC(23782)   region size 1024K, 10 young (10240K), 1 survivors (1024K)
[2020-12-28T17:06:29.065-0500][gc,heap        ] GC(23782)  Metaspace       used 50313K, capacity 52468K, committed 53888K, reserved 1093632K
[2020-12-28T17:06:29.065-0500][gc,heap        ] GC(23782)   class space    used 7457K, capacity 8250K, committed 8832K, reserved 1048576K
[2020-12-28T17:06:29.065-0500][gc,start       ] GC(23782) Pause Young (Normal) (G1 Evacuation Pause)
[2020-12-28T17:06:29.065-0500][gc,task        ] GC(23782) Using 8 workers of 8 for evacuation
[2020-12-28T17:06:29.069-0500][gc,phases      ] GC(23782)   Pre Evacuate Collection Set: 0.0ms
[2020-12-28T17:06:29.069-0500][gc,phases      ] GC(23782)   Evacuate Collection Set: 1.7ms
[2020-12-28T17:06:29.069-0500][gc,phases      ] GC(23782)   Post Evacuate Collection Set: 2.0ms
[2020-12-28T17:06:29.069-0500][gc,phases      ] GC(23782)   Other: 0.4ms
[2020-12-28T17:06:29.069-0500][gc,heap        ] GC(23782) Eden regions: 9->0(9)
[2020-12-28T17:06:29.069-0500][gc,heap        ] GC(23782) Survivor regions: 1->1(2)
[2020-12-28T17:06:29.069-0500][gc,heap        ] GC(23782) Old regions: 41->41
[2020-12-28T17:06:29.069-0500][gc,heap        ] GC(23782) Humongous regions: 4->4
[2020-12-28T17:06:29.069-0500][gc,metaspace   ] GC(23782) Metaspace: 50313K->50313K(1093632K)
[2020-12-28T17:06:29.069-0500][gc,heap        ] GC(23782) Heap after GC invocations=23783 (full 5478): garbage-first heap   total 64512K, used 43395K [0x0000000083000000, 0x0000000100000000)
[2020-12-28T17:06:29.069-0500][gc,heap        ] GC(23782)   region size 1024K, 1 young (1024K), 1 survivors (1024K)
[2020-12-28T17:06:29.069-0500][gc,heap        ] GC(23782)  Metaspace       used 50313K, capacity 52468K, committed 53888K, reserved 1093632K
[2020-12-28T17:06:29.069-0500][gc,heap        ] GC(23782)   class space    used 7457K, capacity 8250K, committed 8832K, reserved 1048576K
[2020-12-28T17:06:29.069-0500][gc             ] GC(23782) Pause Young (Normal) (G1 Evacuation Pause) 51M->42M(63M) 4.190ms
[2020-12-28T17:06:29.069-0500][gc,cpu         ] GC(23782) User=0.00s Sys=0.01s Real=0.01s
[2020-12-28T17:06:45.192-0500][gc,task        ] GC(23783) Using 5 workers of 8 for full compaction
[2020-12-28T17:06:45.192-0500][gc,start       ] GC(23783) Pause Full (System.gc())
[2020-12-28T17:06:45.192-0500][gc,heap        ] GC(23783) Heap before GC invocations=23783 (full 5478): garbage-first heap   total 64512K, used 43395K [0x0000000083000000, 0x0000000100000000)
[2020-12-28T17:06:45.192-0500][gc,heap        ] GC(23783)   region size 1024K, 2 young (2048K), 1 survivors (1024K)
[2020-12-28T17:06:45.192-0500][gc,heap        ] GC(23783)  Metaspace       used 50313K, capacity 52468K, committed 53888K, reserved 1093632K
[2020-12-28T17:06:45.192-0500][gc,heap        ] GC(23783)   class space    used 7457K, capacity 8250K, committed 8832K, reserved 1048576K
[2020-12-28T17:06:45.192-0500][gc,phases,start] GC(23783) Phase 1: Mark live objects
[2020-12-28T17:06:45.211-0500][gc,stringtable ] GC(23783) Cleaned string and symbol table, strings: 33320 processed, 4 removed, symbols: 120973 processed, 0 removed
[2020-12-28T17:06:45.211-0500][gc,phases      ] GC(23783) Phase 1: Mark live objects 18.961ms
[2020-12-28T17:06:45.211-0500][gc,phases,start] GC(23783) Phase 2: Prepare for compaction
[2020-12-28T17:06:45.215-0500][gc,phases      ] GC(23783) Phase 2: Prepare for compaction 3.768ms
[2020-12-28T17:06:45.215-0500][gc,phases,start] GC(23783) Phase 3: Adjust pointers
[2020-12-28T17:06:45.225-0500][gc,phases      ] GC(23783) Phase 3: Adjust pointers 9.926ms
[2020-12-28T17:06:45.225-0500][gc,phases,start] GC(23783) Phase 4: Compact heap
[2020-12-28T17:06:45.228-0500][gc,phases      ] GC(23783) Phase 4: Compact heap 3.119ms
[2020-12-28T17:06:45.232-0500][gc,heap        ] GC(23783) Eden regions: 1->0(9)
[2020-12-28T17:06:45.233-0500][gc,heap        ] GC(23783) Survivor regions: 1->0(2)
[2020-12-28T17:06:45.233-0500][gc,heap        ] GC(23783) Old regions: 41->42
[2020-12-28T17:06:45.233-0500][gc,heap        ] GC(23783) Humongous regions: 4->4
[2020-12-28T17:06:45.233-0500][gc,metaspace   ] GC(23783) Metaspace: 50313K->50313K(1093632K)
[2020-12-28T17:06:45.233-0500][gc,heap        ] GC(23783) Heap after GC invocations=23784 (full 5479): garbage-first heap   total 64512K, used 43311K [0x0000000083000000, 0x0000000100000000)
[2020-12-28T17:06:45.233-0500][gc,heap        ] GC(23783)   region size 1024K, 0 young (0K), 0 survivors (0K)
[2020-12-28T17:06:45.233-0500][gc,heap        ] GC(23783)  Metaspace       used 50313K, capacity 52468K, committed 53888K, reserved 1093632K
[2020-12-28T17:06:45.233-0500][gc,heap        ] GC(23783)   class space    used 7457K, capacity 8250K, committed 8832K, reserved 1048576K
[2020-12-28T17:06:45.233-0500][gc             ] GC(23783) Pause Full (System.gc()) 43M->42M(63M) 40.888ms
[2020-12-28T17:06:45.233-0500][gc,cpu         ] GC(23783) User=0.17s Sys=0.00s Real=0.04s
[2020-12-28T17:08:59.059-0500][gc,heap        ] GC(23784) Heap before GC invocations=23784 (full 5479): garbage-first heap   total 64512K, used 51503K [0x0000000083000000, 0x0000000100000000)
[2020-12-28T17:08:59.059-0500][gc,heap        ] GC(23784)   region size 1024K, 9 young (9216K), 0 survivors (0K)
[2020-12-28T17:08:59.059-0500][gc,heap        ] GC(23784)  Metaspace       used 50313K, capacity 52468K, committed 53888K, reserved 1093632K
[2020-12-28T17:08:59.059-0500][gc,heap        ] GC(23784)   class space    used 7457K, capacity 8250K, committed 8832K, reserved 1048576K
[2020-12-28T17:08:59.059-0500][gc,start       ] GC(23784) Pause Young (Normal) (G1 Evacuation Pause)
[2020-12-28T17:08:59.059-0500][gc,task        ] GC(23784) Using 8 workers of 8 for evacuation
[2020-12-28T17:08:59.061-0500][gc,phases      ] GC(23784)   Pre Evacuate Collection Set: 0.0ms
[2020-12-28T17:08:59.061-0500][gc,phases      ] GC(23784)   Evacuate Collection Set: 0.6ms
[2020-12-28T17:08:59.061-0500][gc,phases      ] GC(23784)   Post Evacuate Collection Set: 1.1ms
[2020-12-28T17:08:59.061-0500][gc,phases      ] GC(23784)   Other: 0.3ms
[2020-12-28T17:08:59.061-0500][gc,heap        ] GC(23784) Eden regions: 9->0(8)
[2020-12-28T17:08:59.061-0500][gc,heap        ] GC(23784) Survivor regions: 0->1(2)
[2020-12-28T17:08:59.061-0500][gc,heap        ] GC(23784) Old regions: 42->42
[2020-12-28T17:08:59.061-0500][gc,heap        ] GC(23784) Humongous regions: 4->4
[2020-12-28T17:08:59.061-0500][gc,metaspace   ] GC(23784) Metaspace: 50313K->50313K(1093632K)
[2020-12-28T17:08:59.061-0500][gc,heap        ] GC(23784) Heap after GC invocations=23785 (full 5479): garbage-first heap   total 64512K, used 43395K [0x0000000083000000, 0x0000000100000000)
[2020-12-28T17:08:59.061-0500][gc,heap        ] GC(23784)   region size 1024K, 1 young (1024K), 1 survivors (1024K)
[2020-12-28T17:08:59.061-0500][gc,heap        ] GC(23784)  Metaspace       used 50313K, capacity 52468K, committed 53888K, reserved 1093632K
[2020-12-28T17:08:59.061-0500][gc,heap        ] GC(23784)   class space    used 7457K, capacity 8250K, committed 8832K, reserved 1048576K
[2020-12-28T17:08:59.061-0500][gc             ] GC(23784) Pause Young (Normal) (G1 Evacuation Pause) 51M->42M(63M) 1.987ms
[2020-12-28T17:08:59.061-0500][gc,cpu         ] GC(23784) User=0.00s Sys=0.00s Real=0.00s
[2020-12-28T17:10:59.059-0500][gc,heap        ] GC(23785) Heap before GC invocations=23785 (full 5479): garbage-first heap   total 64512K, used 50563K [0x0000000083000000, 0x0000000100000000)
[2020-12-28T17:10:59.059-0500][gc,heap        ] GC(23785)   region size 1024K, 9 young (9216K), 1 survivors (1024K)
[2020-12-28T17:10:59.059-0500][gc,heap        ] GC(23785)  Metaspace       used 50313K, capacity 52468K, committed 53888K, reserved 1093632K
[2020-12-28T17:10:59.059-0500][gc,heap        ] GC(23785)   class space    used 7457K, capacity 8250K, committed 8832K, reserved 1048576K
[2020-12-28T17:10:59.059-0500][gc,start       ] GC(23785) Pause Young (Normal) (G1 Evacuation Pause)
[2020-12-28T17:10:59.059-0500][gc,task        ] GC(23785) Using 8 workers of 8 for evacuation
[2020-12-28T17:10:59.061-0500][gc,phases      ] GC(23785)   Pre Evacuate Collection Set: 0.0ms
[2020-12-28T17:10:59.061-0500][gc,phases      ] GC(23785)   Evacuate Collection Set: 0.9ms
[2020-12-28T17:10:59.061-0500][gc,phases      ] GC(23785)   Post Evacuate Collection Set: 1.2ms
[2020-12-28T17:10:59.061-0500][gc,phases      ] GC(23785)   Other: 0.2ms
[2020-12-28T17:10:59.061-0500][gc,heap        ] GC(23785) Eden regions: 8->0(8)
[2020-12-28T17:10:59.061-0500][gc,heap        ] GC(23785) Survivor regions: 1->1(2)
[2020-12-28T17:10:59.061-0500][gc,heap        ] GC(23785) Old regions: 42->42
[2020-12-28T17:10:59.061-0500][gc,heap        ] GC(23785) Humongous regions: 4->4
[2020-12-28T17:10:59.065-0500][gc,metaspace   ] GC(23785) Metaspace: 50313K->50313K(1093632K)
[2020-12-28T17:10:59.065-0500][gc,heap        ] GC(23785) Heap after GC invocations=23786 (full 5479): garbage-first heap   total 64512K, used 43390K [0x0000000083000000, 0x0000000100000000)
[2020-12-28T17:10:59.065-0500][gc,heap        ] GC(23785)   region size 1024K, 1 young (1024K), 1 survivors (1024K)
[2020-12-28T17:10:59.065-0500][gc,heap        ] GC(23785)  Metaspace       used 50313K, capacity 52468K, committed 53888K, reserved 1093632K
[2020-12-28T17:10:59.065-0500][gc,heap        ] GC(23785)   class space    used 7457K, capacity 8250K, committed 8832K, reserved 1048576K
[2020-12-28T17:10:59.065-0500][gc             ] GC(23785) Pause Young (Normal) (G1 Evacuation Pause) 50M->42M(63M) 6.219ms
[2020-12-28T17:10:59.065-0500][gc,cpu         ] GC(23785) User=0.00s Sys=0.01s Real=0.00s
[2020-12-28T17:11:45.190-0500][gc,task        ] GC(23786) Using 5 workers of 8 for full compaction
[2020-12-28T17:11:45.190-0500][gc,start       ] GC(23786) Pause Full (System.gc())
[2020-12-28T17:11:45.190-0500][gc,heap        ] GC(23786) Heap before GC invocations=23786 (full 5479): garbage-first heap   total 64512K, used 46462K [0x0000000083000000, 0x0000000100000000)
[2020-12-28T17:11:45.190-0500][gc,heap        ] GC(23786)   region size 1024K, 5 young (5120K), 1 survivors (1024K)
[2020-12-28T17:11:45.190-0500][gc,heap        ] GC(23786)  Metaspace       used 50313K, capacity 52468K, committed 53888K, reserved 1093632K
[2020-12-28T17:11:45.190-0500][gc,heap        ] GC(23786)   class space    used 7457K, capacity 8250K, committed 8832K, reserved 1048576K
[2020-12-28T17:11:45.190-0500][gc,phases,start] GC(23786) Phase 1: Mark live objects
[2020-12-28T17:11:45.212-0500][gc,stringtable ] GC(23786) Cleaned string and symbol table, strings: 33320 processed, 4 removed, symbols: 120973 processed, 0 removed
[2020-12-28T17:11:45.212-0500][gc,phases      ] GC(23786) Phase 1: Mark live objects 21.890ms
[2020-12-28T17:11:45.212-0500][gc,phases,start] GC(23786) Phase 2: Prepare for compaction
[2020-12-28T17:11:45.216-0500][gc,phases      ] GC(23786) Phase 2: Prepare for compaction 3.627ms
[2020-12-28T17:11:45.216-0500][gc,phases,start] GC(23786) Phase 3: Adjust pointers
[2020-12-28T17:11:45.226-0500][gc,phases      ] GC(23786) Phase 3: Adjust pointers 10.733ms
[2020-12-28T17:11:45.227-0500][gc,phases,start] GC(23786) Phase 4: Compact heap
[2020-12-28T17:11:45.229-0500][gc,phases      ] GC(23786) Phase 4: Compact heap 2.881ms
[2020-12-28T17:11:45.234-0500][gc,heap        ] GC(23786) Eden regions: 4->0(8)
[2020-12-28T17:11:45.234-0500][gc,heap        ] GC(23786) Survivor regions: 1->0(2)
[2020-12-28T17:11:45.234-0500][gc,heap        ] GC(23786) Old regions: 42->43
[2020-12-28T17:11:45.234-0500][gc,heap        ] GC(23786) Humongous regions: 4->4
[2020-12-28T17:11:45.234-0500][gc,metaspace   ] GC(23786) Metaspace: 50313K->50313K(1093632K)
[2020-12-28T17:11:45.234-0500][gc,heap        ] GC(23786) Heap after GC invocations=23787 (full 5480): garbage-first heap   total 64512K, used 43323K [0x0000000083000000, 0x0000000100000000)
[2020-12-28T17:11:45.234-0500][gc,heap        ] GC(23786)   region size 1024K, 0 young (0K), 0 survivors (0K)
[2020-12-28T17:11:45.234-0500][gc,heap        ] GC(23786)  Metaspace       used 50313K, capacity 52468K, committed 53888K, reserved 1093632K
[2020-12-28T17:11:45.234-0500][gc,heap        ] GC(23786)   class space    used 7457K, capacity 8250K, committed 8832K, reserved 1048576K
[2020-12-28T17:11:45.234-0500][gc             ] GC(23786) Pause Full (System.gc()) 45M->42M(63M) 44.256ms
[2020-12-28T17:11:45.234-0500][gc,cpu         ] GC(23786) User=0.19s Sys=0.00s Real=0.04s
[2020-12-28T17:13:49.059-0500][gc,heap        ] GC(23787) Heap before GC invocations=23787 (full 5480): garbage-first heap   total 64512K, used 51515K [0x0000000083000000, 0x0000000100000000)
[2020-12-28T17:13:49.059-0500][gc,heap        ] GC(23787)   region size 1024K, 8 young (8192K), 0 survivors (0K)
[2020-12-28T17:13:49.059-0500][gc,heap        ] GC(23787)  Metaspace       used 50313K, capacity 52468K, committed 53888K, reserved 1093632K
[2020-12-28T17:13:49.059-0500][gc,heap        ] GC(23787)   class space    used 7457K, capacity 8250K, committed 8832K, reserved 1048576K
[2020-12-28T17:13:49.059-0500][gc,start       ] GC(23787) Pause Young (Normal) (G1 Evacuation Pause)
[2020-12-28T17:13:49.059-0500][gc,task        ] GC(23787) Using 8 workers of 8 for evacuation
[2020-12-28T17:13:49.076-0500][gc,phases      ] GC(23787)   Pre Evacuate Collection Set: 0.0ms
[2020-12-28T17:13:49.076-0500][gc,phases      ] GC(23787)   Evacuate Collection Set: 15.5ms
[2020-12-28T17:13:49.076-0500][gc,phases      ] GC(23787)   Post Evacuate Collection Set: 1.3ms
[2020-12-28T17:13:49.076-0500][gc,phases      ] GC(23787)   Other: 0.2ms
[2020-12-28T17:13:49.076-0500][gc,heap        ] GC(23787) Eden regions: 8->0(7)
[2020-12-28T17:13:49.076-0500][gc,heap        ] GC(23787) Survivor regions: 0->1(1)
[2020-12-28T17:13:49.076-0500][gc,heap        ] GC(23787) Old regions: 43->43
[2020-12-28T17:13:49.076-0500][gc,heap        ] GC(23787) Humongous regions: 4->4
[2020-12-28T17:13:49.076-0500][gc,metaspace   ] GC(23787) Metaspace: 50313K->50313K(1093632K)
[2020-12-28T17:13:49.076-0500][gc,heap        ] GC(23787) Heap after GC invocations=23788 (full 5480): garbage-first heap   total 64512K, used 43397K [0x0000000083000000, 0x0000000100000000)
[2020-12-28T17:13:49.076-0500][gc,heap        ] GC(23787)   region size 1024K, 1 young (1024K), 1 survivors (1024K)
[2020-12-28T17:13:49.076-0500][gc,heap        ] GC(23787)  Metaspace       used 50313K, capacity 52468K, committed 53888K, reserved 1093632K
[2020-12-28T17:13:49.076-0500][gc,heap        ] GC(23787)   class space    used 7457K, capacity 8250K, committed 8832K, reserved 1048576K
[2020-12-28T17:13:49.076-0500][gc             ] GC(23787) Pause Young (Normal) (G1 Evacuation Pause) 50M->42M(63M) 17.043ms
[2020-12-28T17:13:49.076-0500][gc,cpu         ] GC(23787) User=0.12s Sys=0.00s Real=0.01s
[2020-12-28T17:15:29.061-0500][gc,heap        ] GC(23788) Heap before GC invocations=23788 (full 5480): garbage-first heap   total 64512K, used 50565K [0x0000000083000000, 0x0000000100000000)
[2020-12-28T17:15:29.061-0500][gc,heap        ] GC(23788)   region size 1024K, 8 young (8192K), 1 survivors (1024K)
[2020-12-28T17:15:29.061-0500][gc,heap        ] GC(23788)  Metaspace       used 50313K, capacity 52468K, committed 53888K, reserved 1093632K
[2020-12-28T17:15:29.061-0500][gc,heap        ] GC(23788)   class space    used 7457K, capacity 8250K, committed 8832K, reserved 1048576K
[2020-12-28T17:15:29.061-0500][gc,start       ] GC(23788) Pause Young (Normal) (G1 Evacuation Pause)
[2020-12-28T17:15:29.061-0500][gc,task        ] GC(23788) Using 8 workers of 8 for evacuation
[2020-12-28T17:15:29.077-0500][gc,phases      ] GC(23788)   Pre Evacuate Collection Set: 0.0ms
[2020-12-28T17:15:29.077-0500][gc,phases      ] GC(23788)   Evacuate Collection Set: 13.5ms
[2020-12-28T17:15:29.077-0500][gc,phases      ] GC(23788)   Post Evacuate Collection Set: 2.5ms
[2020-12-28T17:15:29.077-0500][gc,phases      ] GC(23788)   Other: 0.2ms
[2020-12-28T17:15:29.077-0500][gc,heap        ] GC(23788) Eden regions: 7->0(7)
[2020-12-28T17:15:29.077-0500][gc,heap        ] GC(23788) Survivor regions: 1->1(1)
[2020-12-28T17:15:29.077-0500][gc,heap        ] GC(23788) Old regions: 43->43
[2020-12-28T17:15:29.077-0500][gc,heap        ] GC(23788) Humongous regions: 4->4
[2020-12-28T17:15:29.077-0500][gc,metaspace   ] GC(23788) Metaspace: 50313K->50313K(1093632K)
[2020-12-28T17:15:29.077-0500][gc,heap        ] GC(23788) Heap after GC invocations=23789 (full 5480): garbage-first heap   total 64512K, used 43375K [0x0000000083000000, 0x0000000100000000)
[2020-12-28T17:15:29.077-0500][gc,heap        ] GC(23788)   region size 1024K, 1 young (1024K), 1 survivors (1024K)
[2020-12-28T17:15:29.078-0500][gc,heap        ] GC(23788)  Metaspace       used 50313K, capacity 52468K, committed 53888K, reserved 1093632K
[2020-12-28T17:15:29.078-0500][gc,heap        ] GC(23788)   class space    used 7457K, capacity 8250K, committed 8832K, reserved 1048576K
[2020-12-28T17:15:29.078-0500][gc             ] GC(23788) Pause Young (Normal) (G1 Evacuation Pause) 49M->42M(63M) 16.246ms
[2020-12-28T17:15:29.078-0500][gc,cpu         ] GC(23788) User=0.04s Sys=0.00s Real=0.02s
[2020-12-28T17:16:45.190-0500][gc,task        ] GC(23789) Using 5 workers of 8 for full compaction
[2020-12-28T17:16:45.190-0500][gc,start       ] GC(23789) Pause Full (System.gc())
[2020-12-28T17:16:45.190-0500][gc,heap        ] GC(23789) Heap before GC invocations=23789 (full 5480): garbage-first heap   total 64512K, used 47471K [0x0000000083000000, 0x0000000100000000)
[2020-12-28T17:16:45.190-0500][gc,heap        ] GC(23789)   region size 1024K, 7 young (7168K), 1 survivors (1024K)
[2020-12-28T17:16:45.190-0500][gc,heap        ] GC(23789)  Metaspace       used 50313K, capacity 52468K, committed 53888K, reserved 1093632K
[2020-12-28T17:16:45.190-0500][gc,heap        ] GC(23789)   class space    used 7457K, capacity 8250K, committed 8832K, reserved 1048576K
[2020-12-28T17:16:45.190-0500][gc,phases,start] GC(23789) Phase 1: Mark live objects
[2020-12-28T17:16:45.212-0500][gc,stringtable ] GC(23789) Cleaned string and symbol table, strings: 33320 processed, 4 removed, symbols: 120973 processed, 0 removed
[2020-12-28T17:16:45.212-0500][gc,phases      ] GC(23789) Phase 1: Mark live objects 21.485ms
[2020-12-28T17:16:45.212-0500][gc,phases,start] GC(23789) Phase 2: Prepare for compaction
[2020-12-28T17:16:45.216-0500][gc,phases      ] GC(23789) Phase 2: Prepare for compaction 3.851ms
[2020-12-28T17:16:45.216-0500][gc,phases,start] GC(23789) Phase 3: Adjust pointers
[2020-12-28T17:16:45.227-0500][gc,phases      ] GC(23789) Phase 3: Adjust pointers 10.973ms
[2020-12-28T17:16:45.227-0500][gc,phases,start] GC(23789) Phase 4: Compact heap
[2020-12-28T17:16:45.231-0500][gc,phases      ] GC(23789) Phase 4: Compact heap 3.848ms
[2020-12-28T17:16:45.236-0500][gc,heap        ] GC(23789) Eden regions: 6->0(9)
[2020-12-28T17:16:45.236-0500][gc,heap        ] GC(23789) Survivor regions: 1->0(1)
[2020-12-28T17:16:45.236-0500][gc,heap        ] GC(23789) Old regions: 43->42
[2020-12-28T17:16:45.236-0500][gc,heap        ] GC(23789) Humongous regions: 4->4
[2020-12-28T17:16:45.236-0500][gc,metaspace   ] GC(23789) Metaspace: 50313K->50313K(1093632K)
[2020-12-28T17:16:45.236-0500][gc,heap        ] GC(23789) Heap after GC invocations=23790 (full 5481): garbage-first heap   total 64512K, used 43333K [0x0000000083000000, 0x0000000100000000)
[2020-12-28T17:16:45.236-0500][gc,heap        ] GC(23789)   region size 1024K, 0 young (0K), 0 survivors (0K)
[2020-12-28T17:16:45.236-0500][gc,heap        ] GC(23789)  Metaspace       used 50313K, capacity 52468K, committed 53888K, reserved 1093632K
[2020-12-28T17:16:45.236-0500][gc,heap        ] GC(23789)   class space    used 7457K, capacity 8250K, committed 8832K, reserved 1048576K
[2020-12-28T17:16:45.236-0500][gc             ] GC(23789) Pause Full (System.gc()) 47M->42M(63M) 46.047ms
[2020-12-28T17:16:45.237-0500][gc,cpu         ] GC(23789) User=0.19s Sys=0.00s Real=0.04s
[2020-12-28T17:18:50.303-0500][gc,heap        ] GC(23790) Heap before GC invocations=23790 (full 5481): garbage-first heap   total 64512K, used 52549K [0x0000000083000000, 0x0000000100000000)
[2020-12-28T17:18:50.303-0500][gc,heap        ] GC(23790)   region size 1024K, 9 young (9216K), 0 survivors (0K)
[2020-12-28T17:18:50.303-0500][gc,heap        ] GC(23790)  Metaspace       used 50313K, capacity 52468K, committed 53888K, reserved 1093632K
[2020-12-28T17:18:50.303-0500][gc,heap        ] GC(23790)   class space    used 7457K, capacity 8250K, committed 8832K, reserved 1048576K
[2020-12-28T17:18:50.303-0500][gc,start       ] GC(23790) Pause Young (Normal) (G1 Evacuation Pause)
[2020-12-28T17:18:50.303-0500][gc,task        ] GC(23790) Using 8 workers of 8 for evacuation
[2020-12-28T17:18:50.309-0500][gc,phases      ] GC(23790)   Pre Evacuate Collection Set: 0.0ms
[2020-12-28T17:18:50.309-0500][gc,phases      ] GC(23790)   Evacuate Collection Set: 1.8ms
[2020-12-28T17:18:50.309-0500][gc,phases      ] GC(23790)   Post Evacuate Collection Set: 3.4ms
[2020-12-28T17:18:50.309-0500][gc,phases      ] GC(23790)   Other: 0.5ms
[2020-12-28T17:18:50.309-0500][gc,heap        ] GC(23790) Eden regions: 9->0(8)
[2020-12-28T17:18:50.309-0500][gc,heap        ] GC(23790) Survivor regions: 0->1(2)
[2020-12-28T17:18:50.309-0500][gc,heap        ] GC(23790) Old regions: 42->42
[2020-12-28T17:18:50.309-0500][gc,heap        ] GC(23790) Humongous regions: 4->4
[2020-12-28T17:18:50.309-0500][gc,metaspace   ] GC(23790) Metaspace: 50313K->50313K(1093632K)
[2020-12-28T17:18:50.309-0500][gc,heap        ] GC(23790) Heap after GC invocations=23791 (full 5481): garbage-first heap   total 64512K, used 43407K [0x0000000083000000, 0x0000000100000000)
[2020-12-28T17:18:50.309-0500][gc,heap        ] GC(23790)   region size 1024K, 1 young (1024K), 1 survivors (1024K)
[2020-12-28T17:18:50.309-0500][gc,heap        ] GC(23790)  Metaspace       used 50313K, capacity 52468K, committed 53888K, reserved 1093632K
[2020-12-28T17:18:50.309-0500][gc,heap        ] GC(23790)   class space    used 7457K, capacity 8250K, committed 8832K, reserved 1048576K
[2020-12-28T17:18:50.309-0500][gc             ] GC(23790) Pause Young (Normal) (G1 Evacuation Pause) 51M->42M(63M) 5.945ms
[2020-12-28T17:18:50.309-0500][gc,cpu         ] GC(23790) User=0.02s Sys=0.00s Real=0.01s
[2020-12-28T17:20:51.469-0500][gc,heap        ] GC(23791) Heap before GC invocations=23791 (full 5481): garbage-first heap   total 64512K, used 50575K [0x0000000083000000, 0x0000000100000000)
[2020-12-28T17:20:51.469-0500][gc,heap        ] GC(23791)   region size 1024K, 9 young (9216K), 1 survivors (1024K)
[2020-12-28T17:20:51.469-0500][gc,heap        ] GC(23791)  Metaspace       used 50313K, capacity 52468K, committed 53888K, reserved 1093632K
[2020-12-28T17:20:51.469-0500][gc,heap        ] GC(23791)   class space    used 7457K, capacity 8250K, committed 8832K, reserved 1048576K
[2020-12-28T17:20:51.469-0500][gc,start       ] GC(23791) Pause Young (Normal) (G1 Evacuation Pause)
[2020-12-28T17:20:51.469-0500][gc,task        ] GC(23791) Using 8 workers of 8 for evacuation
[2020-12-28T17:20:51.471-0500][gc,phases      ] GC(23791)   Pre Evacuate Collection Set: 0.0ms
[2020-12-28T17:20:51.471-0500][gc,phases      ] GC(23791)   Evacuate Collection Set: 0.5ms
[2020-12-28T17:20:51.471-0500][gc,phases      ] GC(23791)   Post Evacuate Collection Set: 1.0ms
[2020-12-28T17:20:51.471-0500][gc,phases      ] GC(23791)   Other: 0.2ms
[2020-12-28T17:20:51.471-0500][gc,heap        ] GC(23791) Eden regions: 8->0(8)
[2020-12-28T17:20:51.471-0500][gc,heap        ] GC(23791) Survivor regions: 1->1(2)
[2020-12-28T17:20:51.471-0500][gc,heap        ] GC(23791) Old regions: 42->42
[2020-12-28T17:20:51.471-0500][gc,heap        ] GC(23791) Humongous regions: 4->4
[2020-12-28T17:20:51.471-0500][gc,metaspace   ] GC(23791) Metaspace: 50313K->50313K(1093632K)
[2020-12-28T17:20:51.471-0500][gc,heap        ] GC(23791) Heap after GC invocations=23792 (full 5481): garbage-first heap   total 64512K, used 43385K [0x0000000083000000, 0x0000000100000000)
[2020-12-28T17:20:51.471-0500][gc,heap        ] GC(23791)   region size 1024K, 1 young (1024K), 1 survivors (1024K)
[2020-12-28T17:20:51.471-0500][gc,heap        ] GC(23791)  Metaspace       used 50313K, capacity 52468K, committed 53888K, reserved 1093632K
[2020-12-28T17:20:51.471-0500][gc,heap        ] GC(23791)   class space    used 7457K, capacity 8250K, committed 8832K, reserved 1048576K
[2020-12-28T17:20:51.471-0500][gc             ] GC(23791) Pause Young (Normal) (G1 Evacuation Pause) 50M->42M(63M) 1.718ms
[2020-12-28T17:20:51.471-0500][gc,cpu         ] GC(23791) User=0.00s Sys=0.00s Real=0.00s
[2020-12-28T17:21:45.190-0500][gc,task        ] GC(23792) Using 5 workers of 8 for full compaction
[2020-12-28T17:21:45.190-0500][gc,start       ] GC(23792) Pause Full (System.gc())
[2020-12-28T17:21:45.190-0500][gc,heap        ] GC(23792) Heap before GC invocations=23792 (full 5481): garbage-first heap   total 64512K, used 45433K [0x0000000083000000, 0x0000000100000000)
[2020-12-28T17:21:45.190-0500][gc,heap        ] GC(23792)   region size 1024K, 5 young (5120K), 1 survivors (1024K)
[2020-12-28T17:21:45.190-0500][gc,heap        ] GC(23792)  Metaspace       used 50313K, capacity 52468K, committed 53888K, reserved 1093632K
[2020-12-28T17:21:45.190-0500][gc,heap        ] GC(23792)   class space    used 7457K, capacity 8250K, committed 8832K, reserved 1048576K
[2020-12-28T17:21:45.191-0500][gc,phases,start] GC(23792) Phase 1: Mark live objects
[2020-12-28T17:21:45.234-0500][gc,stringtable ] GC(23792) Cleaned string and symbol table, strings: 33320 processed, 4 removed, symbols: 120973 processed, 0 removed
[2020-12-28T17:21:45.234-0500][gc,phases      ] GC(23792) Phase 1: Mark live objects 43.522ms
[2020-12-28T17:21:45.234-0500][gc,phases,start] GC(23792) Phase 2: Prepare for compaction
[2020-12-28T17:21:45.237-0500][gc,phases      ] GC(23792) Phase 2: Prepare for compaction 3.259ms
[2020-12-28T17:21:45.237-0500][gc,phases,start] GC(23792) Phase 3: Adjust pointers
[2020-12-28T17:21:45.247-0500][gc,phases      ] GC(23792) Phase 3: Adjust pointers 9.831ms
[2020-12-28T17:21:45.247-0500][gc,phases,start] GC(23792) Phase 4: Compact heap
[2020-12-28T17:21:45.250-0500][gc,phases      ] GC(23792) Phase 4: Compact heap 2.900ms
[2020-12-28T17:21:45.254-0500][gc,heap        ] GC(23792) Eden regions: 4->0(9)
[2020-12-28T17:21:45.254-0500][gc,heap        ] GC(23792) Survivor regions: 1->0(2)
[2020-12-28T17:21:45.254-0500][gc,heap        ] GC(23792) Old regions: 42->42
[2020-12-28T17:21:45.254-0500][gc,heap        ] GC(23792) Humongous regions: 4->4
[2020-12-28T17:21:45.254-0500][gc,metaspace   ] GC(23792) Metaspace: 50313K->50313K(1093632K)
[2020-12-28T17:21:45.254-0500][gc,heap        ] GC(23792) Heap after GC invocations=23793 (full 5482): garbage-first heap   total 64512K, used 43326K [0x0000000083000000, 0x0000000100000000)
[2020-12-28T17:21:45.254-0500][gc,heap        ] GC(23792)   region size 1024K, 0 young (0K), 0 survivors (0K)
[2020-12-28T17:21:45.254-0500][gc,heap        ] GC(23792)  Metaspace       used 50313K, capacity 52468K, committed 53888K, reserved 1093632K
[2020-12-28T17:21:45.254-0500][gc,heap        ] GC(23792)   class space    used 7457K, capacity 8250K, committed 8832K, reserved 1048576K
[2020-12-28T17:21:45.255-0500][gc             ] GC(23792) Pause Full (System.gc()) 45M->42M(63M) 64.451ms
[2020-12-28T17:21:45.255-0500][gc,cpu         ] GC(23792) User=0.28s Sys=0.00s Real=0.06s
[2020-12-28T17:23:59.063-0500][gc,heap        ] GC(23793) Heap before GC invocations=23793 (full 5482): garbage-first heap   total 64512K, used 52542K [0x0000000083000000, 0x0000000100000000)
[2020-12-28T17:23:59.063-0500][gc,heap        ] GC(23793)   region size 1024K, 9 young (9216K), 0 survivors (0K)
[2020-12-28T17:23:59.063-0500][gc,heap        ] GC(23793)  Metaspace       used 50313K, capacity 52468K, committed 53888K, reserved 1093632K
[2020-12-28T17:23:59.063-0500][gc,heap        ] GC(23793)   class space    used 7457K, capacity 8250K, committed 8832K, reserved 1048576K
[2020-12-28T17:23:59.063-0500][gc,start       ] GC(23793) Pause Young (Normal) (G1 Evacuation Pause)
[2020-12-28T17:23:59.063-0500][gc,task        ] GC(23793) Using 8 workers of 8 for evacuation
[2020-12-28T17:23:59.065-0500][gc,phases      ] GC(23793)   Pre Evacuate Collection Set: 0.0ms
[2020-12-28T17:23:59.065-0500][gc,phases      ] GC(23793)   Evacuate Collection Set: 1.0ms
[2020-12-28T17:23:59.065-0500][gc,phases      ] GC(23793)   Post Evacuate Collection Set: 1.2ms
[2020-12-28T17:23:59.065-0500][gc,phases      ] GC(23793)   Other: 0.3ms
[2020-12-28T17:23:59.065-0500][gc,heap        ] GC(23793) Eden regions: 9->0(8)
[2020-12-28T17:23:59.065-0500][gc,heap        ] GC(23793) Survivor regions: 0->1(2)
[2020-12-28T17:23:59.065-0500][gc,heap        ] GC(23793) Old regions: 42->42
[2020-12-28T17:23:59.065-0500][gc,heap        ] GC(23793) Humongous regions: 4->4
[2020-12-28T17:23:59.065-0500][gc,metaspace   ] GC(23793) Metaspace: 50313K->50313K(1093632K)
[2020-12-28T17:23:59.065-0500][gc,heap        ] GC(23793) Heap after GC invocations=23794 (full 5482): garbage-first heap   total 64512K, used 43409K [0x0000000083000000, 0x0000000100000000)
[2020-12-28T17:23:59.065-0500][gc,heap        ] GC(23793)   region size 1024K, 1 young (1024K), 1 survivors (1024K)
[2020-12-28T17:23:59.065-0500][gc,heap        ] GC(23793)  Metaspace       used 50313K, capacity 52468K, committed 53888K, reserved 1093632K
[2020-12-28T17:23:59.065-0500][gc,heap        ] GC(23793)   class space    used 7457K, capacity 8250K, committed 8832K, reserved 1048576K
[2020-12-28T17:23:59.065-0500][gc             ] GC(23793) Pause Young (Normal) (G1 Evacuation Pause) 51M->42M(63M) 2.584ms
[2020-12-28T17:23:59.065-0500][gc,cpu         ] GC(23793) User=0.01s Sys=0.01s Real=0.00s
[2020-12-28T17:25:59.061-0500][gc,heap        ] GC(23794) Heap before GC invocations=23794 (full 5482): garbage-first heap   total 64512K, used 50577K [0x0000000083000000, 0x0000000100000000)
[2020-12-28T17:25:59.061-0500][gc,heap        ] GC(23794)   region size 1024K, 9 young (9216K), 1 survivors (1024K)
[2020-12-28T17:25:59.061-0500][gc,heap        ] GC(23794)  Metaspace       used 50313K, capacity 52468K, committed 53888K, reserved 1093632K
[2020-12-28T17:25:59.062-0500][gc,heap        ] GC(23794)   class space    used 7457K, capacity 8250K, committed 8832K, reserved 1048576K
[2020-12-28T17:25:59.062-0500][gc,start       ] GC(23794) Pause Young (Normal) (G1 Evacuation Pause)
[2020-12-28T17:25:59.062-0500][gc,task        ] GC(23794) Using 8 workers of 8 for evacuation
[2020-12-28T17:25:59.064-0500][gc,phases      ] GC(23794)   Pre Evacuate Collection Set: 0.0ms
[2020-12-28T17:25:59.064-0500][gc,phases      ] GC(23794)   Evacuate Collection Set: 0.7ms
[2020-12-28T17:25:59.064-0500][gc,phases      ] GC(23794)   Post Evacuate Collection Set: 1.1ms
[2020-12-28T17:25:59.064-0500][gc,phases      ] GC(23794)   Other: 0.3ms
[2020-12-28T17:25:59.064-0500][gc,heap        ] GC(23794) Eden regions: 8->0(8)
[2020-12-28T17:25:59.064-0500][gc,heap        ] GC(23794) Survivor regions: 1->1(2)
[2020-12-28T17:25:59.064-0500][gc,heap        ] GC(23794) Old regions: 42->42
[2020-12-28T17:25:59.064-0500][gc,heap        ] GC(23794) Humongous regions: 4->4
[2020-12-28T17:25:59.064-0500][gc,metaspace   ] GC(23794) Metaspace: 50313K->50313K(1093632K)
[2020-12-28T17:25:59.064-0500][gc,heap        ] GC(23794) Heap after GC invocations=23795 (full 5482): garbage-first heap   total 64512K, used 43379K [0x0000000083000000, 0x0000000100000000)
[2020-12-28T17:25:59.064-0500][gc,heap        ] GC(23794)   region size 1024K, 1 young (1024K), 1 survivors (1024K)
[2020-12-28T17:25:59.064-0500][gc,heap        ] GC(23794)  Metaspace       used 50313K, capacity 52468K, committed 53888K, reserved 1093632K
[2020-12-28T17:25:59.064-0500][gc,heap        ] GC(23794)   class space    used 7457K, capacity 8250K, committed 8832K, reserved 1048576K
[2020-12-28T17:25:59.064-0500][gc             ] GC(23794) Pause Young (Normal) (G1 Evacuation Pause) 50M->42M(63M) 2.148ms
[2020-12-28T17:25:59.064-0500][gc,cpu         ] GC(23794) User=0.00s Sys=0.01s Real=0.00s
[2020-12-28T17:26:45.189-0500][gc,task        ] GC(23795) Using 5 workers of 8 for full compaction
[2020-12-28T17:26:45.190-0500][gc,start       ] GC(23795) Pause Full (System.gc())
[2020-12-28T17:26:45.190-0500][gc,heap        ] GC(23795) Heap before GC invocations=23795 (full 5482): garbage-first heap   total 64512K, used 45427K [0x0000000083000000, 0x0000000100000000)
[2020-12-28T17:26:45.190-0500][gc,heap        ] GC(23795)   region size 1024K, 4 young (4096K), 1 survivors (1024K)
[2020-12-28T17:26:45.190-0500][gc,heap        ] GC(23795)  Metaspace       used 50313K, capacity 52468K, committed 53888K, reserved 1093632K
[2020-12-28T17:26:45.190-0500][gc,heap        ] GC(23795)   class space    used 7457K, capacity 8250K, committed 8832K, reserved 1048576K
[2020-12-28T17:26:45.190-0500][gc,phases,start] GC(23795) Phase 1: Mark live objects
[2020-12-28T17:26:45.240-0500][gc,stringtable ] GC(23795) Cleaned string and symbol table, strings: 33320 processed, 4 removed, symbols: 120973 processed, 0 removed
[2020-12-28T17:26:45.240-0500][gc,phases      ] GC(23795) Phase 1: Mark live objects 50.168ms
[2020-12-28T17:26:45.240-0500][gc,phases,start] GC(23795) Phase 2: Prepare for compaction
[2020-12-28T17:26:45.244-0500][gc,phases      ] GC(23795) Phase 2: Prepare for compaction 4.053ms
[2020-12-28T17:26:45.244-0500][gc,phases,start] GC(23795) Phase 3: Adjust pointers
[2020-12-28T17:26:45.255-0500][gc,phases      ] GC(23795) Phase 3: Adjust pointers 10.095ms
[2020-12-28T17:26:45.255-0500][gc,phases,start] GC(23795) Phase 4: Compact heap
[2020-12-28T17:26:45.258-0500][gc,phases      ] GC(23795) Phase 4: Compact heap 3.171ms
[2020-12-28T17:26:45.263-0500][gc,heap        ] GC(23795) Eden regions: 3->0(10)
[2020-12-28T17:26:45.263-0500][gc,heap        ] GC(23795) Survivor regions: 1->0(2)
[2020-12-28T17:26:45.263-0500][gc,heap        ] GC(23795) Old regions: 42->41
[2020-12-28T17:26:45.263-0500][gc,heap        ] GC(23795) Humongous regions: 4->4
[2020-12-28T17:26:45.263-0500][gc,metaspace   ] GC(23795) Metaspace: 50313K->50313K(1093632K)
[2020-12-28T17:26:45.263-0500][gc,heap        ] GC(23795) Heap after GC invocations=23796 (full 5483): garbage-first heap   total 64512K, used 43324K [0x0000000083000000, 0x0000000100000000)
[2020-12-28T17:26:45.263-0500][gc,heap        ] GC(23795)   region size 1024K, 0 young (0K), 0 survivors (0K)
[2020-12-28T17:26:45.263-0500][gc,heap        ] GC(23795)  Metaspace       used 50313K, capacity 52468K, committed 53888K, reserved 1093632K
[2020-12-28T17:26:45.263-0500][gc,heap        ] GC(23795)   class space    used 7457K, capacity 8250K, committed 8832K, reserved 1048576K
[2020-12-28T17:26:45.263-0500][gc             ] GC(23795) Pause Full (System.gc()) 45M->42M(63M) 73.335ms
[2020-12-28T17:26:45.263-0500][gc,cpu         ] GC(23795) User=0.32s Sys=0.00s Real=0.07s
[2020-12-28T17:29:18.309-0500][gc,heap        ] GC(23796) Heap before GC invocations=23796 (full 5483): garbage-first heap   total 64512K, used 52540K [0x0000000083000000, 0x0000000100000000)
[2020-12-28T17:29:18.309-0500][gc,heap        ] GC(23796)   region size 1024K, 10 young (10240K), 0 survivors (0K)
[2020-12-28T17:29:18.309-0500][gc,heap        ] GC(23796)  Metaspace       used 50313K, capacity 52468K, committed 53888K, reserved 1093632K
[2020-12-28T17:29:18.309-0500][gc,heap        ] GC(23796)   class space    used 7457K, capacity 8250K, committed 8832K, reserved 1048576K
[2020-12-28T17:29:18.309-0500][gc,start       ] GC(23796) Pause Young (Normal) (G1 Evacuation Pause)
[2020-12-28T17:29:18.309-0500][gc,task        ] GC(23796) Using 8 workers of 8 for evacuation
[2020-12-28T17:29:18.311-0500][gc,phases      ] GC(23796)   Pre Evacuate Collection Set: 0.0ms
[2020-12-28T17:29:18.311-0500][gc,phases      ] GC(23796)   Evacuate Collection Set: 0.5ms
[2020-12-28T17:29:18.311-0500][gc,phases      ] GC(23796)   Post Evacuate Collection Set: 1.3ms
[2020-12-28T17:29:18.311-0500][gc,phases      ] GC(23796)   Other: 0.2ms
[2020-12-28T17:29:18.311-0500][gc,heap        ] GC(23796) Eden regions: 10->0(9)
[2020-12-28T17:29:18.311-0500][gc,heap        ] GC(23796) Survivor regions: 0->1(2)
[2020-12-28T17:29:18.311-0500][gc,heap        ] GC(23796) Old regions: 41->41
[2020-12-28T17:29:18.311-0500][gc,heap        ] GC(23796) Humongous regions: 4->4
[2020-12-28T17:29:18.311-0500][gc,metaspace   ] GC(23796) Metaspace: 50313K->50313K(1093632K)
[2020-12-28T17:29:18.311-0500][gc,heap        ] GC(23796) Heap after GC invocations=23797 (full 5483): garbage-first heap   total 64512K, used 43386K [0x0000000083000000, 0x0000000100000000)
[2020-12-28T17:29:18.311-0500][gc,heap        ] GC(23796)   region size 1024K, 1 young (1024K), 1 survivors (1024K)
[2020-12-28T17:29:18.311-0500][gc,heap        ] GC(23796)  Metaspace       used 50313K, capacity 52468K, committed 53888K, reserved 1093632K
[2020-12-28T17:29:18.311-0500][gc,heap        ] GC(23796)   class space    used 7457K, capacity 8250K, committed 8832K, reserved 1048576K
[2020-12-28T17:29:18.311-0500][gc             ] GC(23796) Pause Young (Normal) (G1 Evacuation Pause) 52M->42M(63M) 2.061ms
[2020-12-28T17:29:18.311-0500][gc,cpu         ] GC(23796) User=0.00s Sys=0.00s Real=0.00s
[2020-12-28T17:31:29.395-0500][gc,heap        ] GC(23797) Heap before GC invocations=23797 (full 5483): garbage-first heap   total 64512K, used 52602K [0x0000000083000000, 0x0000000100000000)
[2020-12-28T17:31:29.396-0500][gc,heap        ] GC(23797)   region size 1024K, 10 young (10240K), 1 survivors (1024K)
[2020-12-28T17:31:29.396-0500][gc,heap        ] GC(23797)  Metaspace       used 50313K, capacity 52468K, committed 53888K, reserved 1093632K
[2020-12-28T17:31:29.396-0500][gc,heap        ] GC(23797)   class space    used 7457K, capacity 8250K, committed 8832K, reserved 1048576K
[2020-12-28T17:31:29.396-0500][gc,start       ] GC(23797) Pause Young (Normal) (G1 Evacuation Pause)
[2020-12-28T17:31:29.396-0500][gc,task        ] GC(23797) Using 8 workers of 8 for evacuation
[2020-12-28T17:31:29.400-0500][gc,phases      ] GC(23797)   Pre Evacuate Collection Set: 0.0ms
[2020-12-28T17:31:29.400-0500][gc,phases      ] GC(23797)   Evacuate Collection Set: 1.7ms
[2020-12-28T17:31:29.400-0500][gc,phases      ] GC(23797)   Post Evacuate Collection Set: 2.4ms
[2020-12-28T17:31:29.400-0500][gc,phases      ] GC(23797)   Other: 0.5ms
[2020-12-28T17:31:29.400-0500][gc,heap        ] GC(23797) Eden regions: 9->0(9)
[2020-12-28T17:31:29.400-0500][gc,heap        ] GC(23797) Survivor regions: 1->1(2)
[2020-12-28T17:31:29.400-0500][gc,heap        ] GC(23797) Old regions: 41->41
[2020-12-28T17:31:29.400-0500][gc,heap        ] GC(23797) Humongous regions: 4->4
[2020-12-28T17:31:29.400-0500][gc,metaspace   ] GC(23797) Metaspace: 50313K->50313K(1093632K)
[2020-12-28T17:31:29.400-0500][gc,heap        ] GC(23797) Heap after GC invocations=23798 (full 5483): garbage-first heap   total 64512K, used 43373K [0x0000000083000000, 0x0000000100000000)
[2020-12-28T17:31:29.400-0500][gc,heap        ] GC(23797)   region size 1024K, 1 young (1024K), 1 survivors (1024K)
[2020-12-28T17:31:29.400-0500][gc,heap        ] GC(23797)  Metaspace       used 50313K, capacity 52468K, committed 53888K, reserved 1093632K
[2020-12-28T17:31:29.400-0500][gc,heap        ] GC(23797)   class space    used 7457K, capacity 8250K, committed 8832K, reserved 1048576K
[2020-12-28T17:31:29.401-0500][gc             ] GC(23797) Pause Young (Normal) (G1 Evacuation Pause) 51M->42M(63M) 4.797ms
[2020-12-28T17:31:29.401-0500][gc,cpu         ] GC(23797) User=0.00s Sys=0.01s Real=0.01s
[2020-12-28T17:31:45.191-0500][gc,task        ] GC(23798) Using 5 workers of 8 for full compaction
[2020-12-28T17:31:45.191-0500][gc,start       ] GC(23798) Pause Full (System.gc())
[2020-12-28T17:31:45.191-0500][gc,heap        ] GC(23798) Heap before GC invocations=23798 (full 5483): garbage-first heap   total 64512K, used 43373K [0x0000000083000000, 0x0000000100000000)
[2020-12-28T17:31:45.191-0500][gc,heap        ] GC(23798)   region size 1024K, 2 young (2048K), 1 survivors (1024K)
[2020-12-28T17:31:45.191-0500][gc,heap        ] GC(23798)  Metaspace       used 50313K, capacity 52468K, committed 53888K, reserved 1093632K
[2020-12-28T17:31:45.191-0500][gc,heap        ] GC(23798)   class space    used 7457K, capacity 8250K, committed 8832K, reserved 1048576K
[2020-12-28T17:31:45.194-0500][gc,phases,start] GC(23798) Phase 1: Mark live objects
[2020-12-28T17:31:45.241-0500][gc,stringtable ] GC(23798) Cleaned string and symbol table, strings: 33320 processed, 4 removed, symbols: 120973 processed, 0 removed
[2020-12-28T17:31:45.241-0500][gc,phases      ] GC(23798) Phase 1: Mark live objects 47.185ms
[2020-12-28T17:31:45.241-0500][gc,phases,start] GC(23798) Phase 2: Prepare for compaction
[2020-12-28T17:31:45.245-0500][gc,phases      ] GC(23798) Phase 2: Prepare for compaction 3.708ms
[2020-12-28T17:31:45.245-0500][gc,phases,start] GC(23798) Phase 3: Adjust pointers
[2020-12-28T17:31:45.256-0500][gc,phases      ] GC(23798) Phase 3: Adjust pointers 10.517ms
[2020-12-28T17:31:45.256-0500][gc,phases,start] GC(23798) Phase 4: Compact heap
[2020-12-28T17:31:45.258-0500][gc,phases      ] GC(23798) Phase 4: Compact heap 2.724ms
[2020-12-28T17:31:45.263-0500][gc,heap        ] GC(23798) Eden regions: 1->0(11)
[2020-12-28T17:31:45.263-0500][gc,heap        ] GC(23798) Survivor regions: 1->0(2)
[2020-12-28T17:31:45.263-0500][gc,heap        ] GC(23798) Old regions: 41->40
[2020-12-28T17:31:45.263-0500][gc,heap        ] GC(23798) Humongous regions: 4->4
[2020-12-28T17:31:45.263-0500][gc,metaspace   ] GC(23798) Metaspace: 50313K->50313K(1093632K)
[2020-12-28T17:31:45.263-0500][gc,heap        ] GC(23798) Heap after GC invocations=23799 (full 5484): garbage-first heap   total 64512K, used 43311K [0x0000000083000000, 0x0000000100000000)
[2020-12-28T17:31:45.263-0500][gc,heap        ] GC(23798)   region size 1024K, 0 young (0K), 0 survivors (0K)
[2020-12-28T17:31:45.263-0500][gc,heap        ] GC(23798)  Metaspace       used 50313K, capacity 52468K, committed 53888K, reserved 1093632K
[2020-12-28T17:31:45.263-0500][gc,heap        ] GC(23798)   class space    used 7457K, capacity 8250K, committed 8832K, reserved 1048576K
[2020-12-28T17:31:45.263-0500][gc             ] GC(23798) Pause Full (System.gc()) 43M->42M(63M) 71.763ms
[2020-12-28T17:31:45.263-0500][gc,cpu         ] GC(23798) User=0.31s Sys=0.00s Real=0.07s
[2020-12-28T17:34:29.063-0500][gc,heap        ] GC(23799) Heap before GC invocations=23799 (full 5484): garbage-first heap   total 64512K, used 54575K [0x0000000083000000, 0x0000000100000000)
[2020-12-28T17:34:29.063-0500][gc,heap        ] GC(23799)   region size 1024K, 11 young (11264K), 0 survivors (0K)
[2020-12-28T17:34:29.063-0500][gc,heap        ] GC(23799)  Metaspace       used 50313K, capacity 52468K, committed 53888K, reserved 1093632K
[2020-12-28T17:34:29.063-0500][gc,heap        ] GC(23799)   class space    used 7457K, capacity 8250K, committed 8832K, reserved 1048576K
[2020-12-28T17:34:29.063-0500][gc,start       ] GC(23799) Pause Young (Normal) (G1 Evacuation Pause)
[2020-12-28T17:34:29.063-0500][gc,task        ] GC(23799) Using 8 workers of 8 for evacuation
[2020-12-28T17:34:29.067-0500][gc,phases      ] GC(23799)   Pre Evacuate Collection Set: 0.0ms
[2020-12-28T17:34:29.067-0500][gc,phases      ] GC(23799)   Evacuate Collection Set: 1.4ms
[2020-12-28T17:34:29.067-0500][gc,phases      ] GC(23799)   Post Evacuate Collection Set: 2.3ms
[2020-12-28T17:34:29.067-0500][gc,phases      ] GC(23799)   Other: 0.4ms
[2020-12-28T17:34:29.067-0500][gc,heap        ] GC(23799) Eden regions: 11->0(10)
[2020-12-28T17:34:29.067-0500][gc,heap        ] GC(23799) Survivor regions: 0->1(2)
[2020-12-28T17:34:29.067-0500][gc,heap        ] GC(23799) Old regions: 40->40
[2020-12-28T17:34:29.067-0500][gc,heap        ] GC(23799) Humongous regions: 4->4
[2020-12-28T17:34:29.067-0500][gc,metaspace   ] GC(23799) Metaspace: 50313K->50313K(1093632K)
[2020-12-28T17:34:29.067-0500][gc,heap        ] GC(23799) Heap after GC invocations=23800 (full 5484): garbage-first heap   total 64512K, used 43413K [0x0000000083000000, 0x0000000100000000)
[2020-12-28T17:34:29.067-0500][gc,heap        ] GC(23799)   region size 1024K, 1 young (1024K), 1 survivors (1024K)
[2020-12-28T17:34:29.067-0500][gc,heap        ] GC(23799)  Metaspace       used 50313K, capacity 52468K, committed 53888K, reserved 1093632K
[2020-12-28T17:34:29.067-0500][gc,heap        ] GC(23799)   class space    used 7457K, capacity 8250K, committed 8832K, reserved 1048576K
[2020-12-28T17:34:29.067-0500][gc             ] GC(23799) Pause Young (Normal) (G1 Evacuation Pause) 53M->42M(63M) 4.312ms
[2020-12-28T17:34:29.068-0500][gc,cpu         ] GC(23799) User=0.01s Sys=0.00s Real=0.01s
[2020-12-28T17:36:45.190-0500][gc,task        ] GC(23800) Using 5 workers of 8 for full compaction
[2020-12-28T17:36:45.190-0500][gc,start       ] GC(23800) Pause Full (System.gc())
[2020-12-28T17:36:45.191-0500][gc,heap        ] GC(23800) Heap before GC invocations=23800 (full 5484): garbage-first heap   total 64512K, used 52629K [0x0000000083000000, 0x0000000100000000)
[2020-12-28T17:36:45.191-0500][gc,heap        ] GC(23800)   region size 1024K, 11 young (11264K), 1 survivors (1024K)
[2020-12-28T17:36:45.191-0500][gc,heap        ] GC(23800)  Metaspace       used 50313K, capacity 52468K, committed 53888K, reserved 1093632K
[2020-12-28T17:36:45.191-0500][gc,heap        ] GC(23800)   class space    used 7457K, capacity 8250K, committed 8832K, reserved 1048576K
[2020-12-28T17:36:45.191-0500][gc,phases,start] GC(23800) Phase 1: Mark live objects
[2020-12-28T17:36:45.230-0500][gc,stringtable ] GC(23800) Cleaned string and symbol table, strings: 33320 processed, 4 removed, symbols: 120973 processed, 0 removed
[2020-12-28T17:36:45.230-0500][gc,phases      ] GC(23800) Phase 1: Mark live objects 38.673ms
[2020-12-28T17:36:45.230-0500][gc,phases,start] GC(23800) Phase 2: Prepare for compaction
[2020-12-28T17:36:45.235-0500][gc,phases      ] GC(23800) Phase 2: Prepare for compaction 5.254ms
[2020-12-28T17:36:45.235-0500][gc,phases,start] GC(23800) Phase 3: Adjust pointers
[2020-12-28T17:36:45.247-0500][gc,phases      ] GC(23800) Phase 3: Adjust pointers 11.340ms
[2020-12-28T17:36:45.247-0500][gc,phases,start] GC(23800) Phase 4: Compact heap
[2020-12-28T17:36:45.249-0500][gc,phases      ] GC(23800) Phase 4: Compact heap 2.741ms
[2020-12-28T17:36:45.255-0500][gc,heap        ] GC(23800) Eden regions: 10->0(9)
[2020-12-28T17:36:45.255-0500][gc,heap        ] GC(23800) Survivor regions: 1->0(2)
[2020-12-28T17:36:45.255-0500][gc,heap        ] GC(23800) Old regions: 40->42
[2020-12-28T17:36:45.255-0500][gc,heap        ] GC(23800) Humongous regions: 4->4
[2020-12-28T17:36:45.255-0500][gc,metaspace   ] GC(23800) Metaspace: 50313K->50313K(1093632K)
[2020-12-28T17:36:45.255-0500][gc,heap        ] GC(23800) Heap after GC invocations=23801 (full 5485): garbage-first heap   total 64512K, used 43355K [0x0000000083000000, 0x0000000100000000)
[2020-12-28T17:36:45.255-0500][gc,heap        ] GC(23800)   region size 1024K, 0 young (0K), 0 survivors (0K)
[2020-12-28T17:36:45.255-0500][gc,heap        ] GC(23800)  Metaspace       used 50313K, capacity 52468K, committed 53888K, reserved 1093632K
[2020-12-28T17:36:45.255-0500][gc,heap        ] GC(23800)   class space    used 7457K, capacity 8250K, committed 8832K, reserved 1048576K
[2020-12-28T17:36:45.255-0500][gc             ] GC(23800) Pause Full (System.gc()) 51M->42M(63M) 64.403ms
[2020-12-28T17:36:45.255-0500][gc,cpu         ] GC(23800) User=0.28s Sys=0.00s Real=0.06s
[2020-12-28T17:38:49.398-0500][gc,heap        ] GC(23801) Heap before GC invocations=23801 (full 5485): garbage-first heap   total 64512K, used 51547K [0x0000000083000000, 0x0000000100000000)
[2020-12-28T17:38:49.398-0500][gc,heap        ] GC(23801)   region size 1024K, 9 young (9216K), 0 survivors (0K)
[2020-12-28T17:38:49.398-0500][gc,heap        ] GC(23801)  Metaspace       used 50313K, capacity 52468K, committed 53888K, reserved 1093632K
[2020-12-28T17:38:49.398-0500][gc,heap        ] GC(23801)   class space    used 7457K, capacity 8250K, committed 8832K, reserved 1048576K
[2020-12-28T17:38:49.398-0500][gc,start       ] GC(23801) Pause Young (Normal) (G1 Evacuation Pause)
[2020-12-28T17:38:49.398-0500][gc,task        ] GC(23801) Using 8 workers of 8 for evacuation
[2020-12-28T17:38:49.403-0500][gc,phases      ] GC(23801)   Pre Evacuate Collection Set: 0.0ms
[2020-12-28T17:38:49.403-0500][gc,phases      ] GC(23801)   Evacuate Collection Set: 2.3ms
[2020-12-28T17:38:49.403-0500][gc,phases      ] GC(23801)   Post Evacuate Collection Set: 2.5ms
[2020-12-28T17:38:49.403-0500][gc,phases      ] GC(23801)   Other: 0.5ms
[2020-12-28T17:38:49.403-0500][gc,heap        ] GC(23801) Eden regions: 9->0(8)
[2020-12-28T17:38:49.404-0500][gc,heap        ] GC(23801) Survivor regions: 0->1(2)
[2020-12-28T17:38:49.404-0500][gc,heap        ] GC(23801) Old regions: 42->42
[2020-12-28T17:38:49.404-0500][gc,heap        ] GC(23801) Humongous regions: 4->4
[2020-12-28T17:38:49.404-0500][gc,metaspace   ] GC(23801) Metaspace: 50313K->50313K(1093632K)
[2020-12-28T17:38:49.404-0500][gc,heap        ] GC(23801) Heap after GC invocations=23802 (full 5485): garbage-first heap   total 64512K, used 43415K [0x0000000083000000, 0x0000000100000000)
[2020-12-28T17:38:49.404-0500][gc,heap        ] GC(23801)   region size 1024K, 1 young (1024K), 1 survivors (1024K)
[2020-12-28T17:38:49.404-0500][gc,heap        ] GC(23801)  Metaspace       used 50313K, capacity 52468K, committed 53888K, reserved 1093632K
[2020-12-28T17:38:49.404-0500][gc,heap        ] GC(23801)   class space    used 7457K, capacity 8250K, committed 8832K, reserved 1048576K
[2020-12-28T17:38:49.404-0500][gc             ] GC(23801) Pause Young (Normal) (G1 Evacuation Pause) 51M->42M(63M) 5.505ms
[2020-12-28T17:38:49.404-0500][gc,cpu         ] GC(23801) User=0.01s Sys=0.01s Real=0.00s
[2020-12-28T17:40:50.953-0500][gc,heap        ] GC(23802) Heap before GC invocations=23802 (full 5485): garbage-first heap   total 64512K, used 50583K [0x0000000083000000, 0x0000000100000000)
[2020-12-28T17:40:50.953-0500][gc,heap        ] GC(23802)   region size 1024K, 9 young (9216K), 1 survivors (1024K)
[2020-12-28T17:40:50.953-0500][gc,heap        ] GC(23802)  Metaspace       used 50313K, capacity 52468K, committed 53888K, reserved 1093632K
[2020-12-28T17:40:50.953-0500][gc,heap        ] GC(23802)   class space    used 7457K, capacity 8250K, committed 8832K, reserved 1048576K
[2020-12-28T17:40:50.953-0500][gc,start       ] GC(23802) Pause Young (Normal) (G1 Evacuation Pause)
[2020-12-28T17:40:50.953-0500][gc,task        ] GC(23802) Using 8 workers of 8 for evacuation
[2020-12-28T17:40:50.954-0500][gc,phases      ] GC(23802)   Pre Evacuate Collection Set: 0.0ms
[2020-12-28T17:40:50.955-0500][gc,phases      ] GC(23802)   Evacuate Collection Set: 0.5ms
[2020-12-28T17:40:50.955-0500][gc,phases      ] GC(23802)   Post Evacuate Collection Set: 0.9ms
[2020-12-28T17:40:50.955-0500][gc,phases      ] GC(23802)   Other: 0.2ms
[2020-12-28T17:40:50.955-0500][gc,heap        ] GC(23802) Eden regions: 8->0(8)
[2020-12-28T17:40:50.955-0500][gc,heap        ] GC(23802) Survivor regions: 1->1(2)
[2020-12-28T17:40:50.955-0500][gc,heap        ] GC(23802) Old regions: 42->42
[2020-12-28T17:40:50.955-0500][gc,heap        ] GC(23802) Humongous regions: 4->4
[2020-12-28T17:40:50.955-0500][gc,metaspace   ] GC(23802) Metaspace: 50313K->50313K(1093632K)
[2020-12-28T17:40:50.955-0500][gc,heap        ] GC(23802) Heap after GC invocations=23803 (full 5485): garbage-first heap   total 64512K, used 43410K [0x0000000083000000, 0x0000000100000000)
[2020-12-28T17:40:50.955-0500][gc,heap        ] GC(23802)   region size 1024K, 1 young (1024K), 1 survivors (1024K)
[2020-12-28T17:40:50.955-0500][gc,heap        ] GC(23802)  Metaspace       used 50313K, capacity 52468K, committed 53888K, reserved 1093632K
[2020-12-28T17:40:50.955-0500][gc,heap        ] GC(23802)   class space    used 7457K, capacity 8250K, committed 8832K, reserved 1048576K
[2020-12-28T17:40:50.955-0500][gc             ] GC(23802) Pause Young (Normal) (G1 Evacuation Pause) 50M->42M(63M) 1.653ms
[2020-12-28T17:40:50.955-0500][gc,cpu         ] GC(23802) User=0.00s Sys=0.00s Real=0.00s
[2020-12-28T17:41:45.190-0500][gc,task        ] GC(23803) Using 5 workers of 8 for full compaction
[2020-12-28T17:41:45.190-0500][gc,start       ] GC(23803) Pause Full (System.gc())
[2020-12-28T17:41:45.190-0500][gc,heap        ] GC(23803) Heap before GC invocations=23803 (full 5485): garbage-first heap   total 64512K, used 45458K [0x0000000083000000, 0x0000000100000000)
[2020-12-28T17:41:45.190-0500][gc,heap        ] GC(23803)   region size 1024K, 5 young (5120K), 1 survivors (1024K)
[2020-12-28T17:41:45.190-0500][gc,heap        ] GC(23803)  Metaspace       used 50313K, capacity 52468K, committed 53888K, reserved 1093632K
[2020-12-28T17:41:45.190-0500][gc,heap        ] GC(23803)   class space    used 7457K, capacity 8250K, committed 8832K, reserved 1048576K
[2020-12-28T17:41:45.191-0500][gc,phases,start] GC(23803) Phase 1: Mark live objects
[2020-12-28T17:41:45.227-0500][gc,stringtable ] GC(23803) Cleaned string and symbol table, strings: 33320 processed, 4 removed, symbols: 120973 processed, 0 removed
[2020-12-28T17:41:45.228-0500][gc,phases      ] GC(23803) Phase 1: Mark live objects 36.480ms
[2020-12-28T17:41:45.228-0500][gc,phases,start] GC(23803) Phase 2: Prepare for compaction
[2020-12-28T17:41:45.233-0500][gc,phases      ] GC(23803) Phase 2: Prepare for compaction 5.276ms
[2020-12-28T17:41:45.233-0500][gc,phases,start] GC(23803) Phase 3: Adjust pointers
[2020-12-28T17:41:45.245-0500][gc,phases      ] GC(23803) Phase 3: Adjust pointers 12.284ms
[2020-12-28T17:41:45.245-0500][gc,phases,start] GC(23803) Phase 4: Compact heap
[2020-12-28T17:41:45.248-0500][gc,phases      ] GC(23803) Phase 4: Compact heap 2.732ms
[2020-12-28T17:41:45.252-0500][gc,heap        ] GC(23803) Eden regions: 4->0(9)
[2020-12-28T17:41:45.252-0500][gc,heap        ] GC(23803) Survivor regions: 1->0(2)
[2020-12-28T17:41:45.252-0500][gc,heap        ] GC(23803) Old regions: 42->42
[2020-12-28T17:41:45.252-0500][gc,heap        ] GC(23803) Humongous regions: 4->4
[2020-12-28T17:41:45.252-0500][gc,metaspace   ] GC(23803) Metaspace: 50313K->50313K(1093632K)
[2020-12-28T17:41:45.252-0500][gc,heap        ] GC(23803) Heap after GC invocations=23804 (full 5486): garbage-first heap   total 64512K, used 43330K [0x0000000083000000, 0x0000000100000000)
[2020-12-28T17:41:45.252-0500][gc,heap        ] GC(23803)   region size 1024K, 0 young (0K), 0 survivors (0K)
[2020-12-28T17:41:45.252-0500][gc,heap        ] GC(23803)  Metaspace       used 50313K, capacity 52468K, committed 53888K, reserved 1093632K
[2020-12-28T17:41:45.252-0500][gc,heap        ] GC(23803)   class space    used 7457K, capacity 8250K, committed 8832K, reserved 1048576K
[2020-12-28T17:41:45.252-0500][gc             ] GC(23803) Pause Full (System.gc()) 46M->42M(63M) 62.136ms
[2020-12-28T17:41:45.252-0500][gc,cpu         ] GC(23803) User=0.27s Sys=0.00s Real=0.06s
[2020-12-28T17:43:59.062-0500][gc,heap        ] GC(23804) Heap before GC invocations=23804 (full 5486): garbage-first heap   total 64512K, used 51522K [0x0000000083000000, 0x0000000100000000)
[2020-12-28T17:43:59.062-0500][gc,heap        ] GC(23804)   region size 1024K, 9 young (9216K), 0 survivors (0K)
[2020-12-28T17:43:59.062-0500][gc,heap        ] GC(23804)  Metaspace       used 50313K, capacity 52468K, committed 53888K, reserved 1093632K
[2020-12-28T17:43:59.062-0500][gc,heap        ] GC(23804)   class space    used 7457K, capacity 8250K, committed 8832K, reserved 1048576K
[2020-12-28T17:43:59.062-0500][gc,start       ] GC(23804) Pause Young (Normal) (G1 Evacuation Pause)
[2020-12-28T17:43:59.062-0500][gc,task        ] GC(23804) Using 8 workers of 8 for evacuation
[2020-12-28T17:43:59.064-0500][gc,phases      ] GC(23804)   Pre Evacuate Collection Set: 0.0ms
[2020-12-28T17:43:59.064-0500][gc,phases      ] GC(23804)   Evacuate Collection Set: 0.7ms
[2020-12-28T17:43:59.064-0500][gc,phases      ] GC(23804)   Post Evacuate Collection Set: 1.3ms
[2020-12-28T17:43:59.064-0500][gc,phases      ] GC(23804)   Other: 0.2ms
[2020-12-28T17:43:59.064-0500][gc,heap        ] GC(23804) Eden regions: 9->0(8)
[2020-12-28T17:43:59.064-0500][gc,heap        ] GC(23804) Survivor regions: 0->1(2)
[2020-12-28T17:43:59.064-0500][gc,heap        ] GC(23804) Old regions: 42->42
[2020-12-28T17:43:59.064-0500][gc,heap        ] GC(23804) Humongous regions: 4->4
[2020-12-28T17:43:59.064-0500][gc,metaspace   ] GC(23804) Metaspace: 50313K->50313K(1093632K)
[2020-12-28T17:43:59.064-0500][gc,heap        ] GC(23804) Heap after GC invocations=23805 (full 5486): garbage-first heap   total 64512K, used 43386K [0x0000000083000000, 0x0000000100000000)
[2020-12-28T17:43:59.064-0500][gc,heap        ] GC(23804)   region size 1024K, 1 young (1024K), 1 survivors (1024K)
[2020-12-28T17:43:59.064-0500][gc,heap        ] GC(23804)  Metaspace       used 50313K, capacity 52468K, committed 53888K, reserved 1093632K
[2020-12-28T17:43:59.064-0500][gc,heap        ] GC(23804)   class space    used 7457K, capacity 8250K, committed 8832K, reserved 1048576K
[2020-12-28T17:43:59.064-0500][gc             ] GC(23804) Pause Young (Normal) (G1 Evacuation Pause) 51M->42M(63M) 2.300ms
[2020-12-28T17:43:59.064-0500][gc,cpu         ] GC(23804) User=0.01s Sys=0.01s Real=0.00s
[2020-12-28T17:46:00.013-0500][gc,heap        ] GC(23805) Heap before GC invocations=23805 (full 5486): garbage-first heap   total 64512K, used 50554K [0x0000000083000000, 0x0000000100000000)
[2020-12-28T17:46:00.013-0500][gc,heap        ] GC(23805)   region size 1024K, 9 young (9216K), 1 survivors (1024K)
[2020-12-28T17:46:00.013-0500][gc,heap        ] GC(23805)  Metaspace       used 50313K, capacity 52468K, committed 53888K, reserved 1093632K
[2020-12-28T17:46:00.013-0500][gc,heap        ] GC(23805)   class space    used 7457K, capacity 8250K, committed 8832K, reserved 1048576K
[2020-12-28T17:46:00.014-0500][gc,start       ] GC(23805) Pause Young (Normal) (G1 Evacuation Pause)
[2020-12-28T17:46:00.014-0500][gc,task        ] GC(23805) Using 8 workers of 8 for evacuation
[2020-12-28T17:46:00.022-0500][gc,phases      ] GC(23805)   Pre Evacuate Collection Set: 0.0ms
[2020-12-28T17:46:00.022-0500][gc,phases      ] GC(23805)   Evacuate Collection Set: 2.0ms
[2020-12-28T17:46:00.022-0500][gc,phases      ] GC(23805)   Post Evacuate Collection Set: 5.7ms
[2020-12-28T17:46:00.022-0500][gc,phases      ] GC(23805)   Other: 0.6ms
[2020-12-28T17:46:00.022-0500][gc,heap        ] GC(23805) Eden regions: 8->0(8)
[2020-12-28T17:46:00.022-0500][gc,heap        ] GC(23805) Survivor regions: 1->1(2)
[2020-12-28T17:46:00.022-0500][gc,heap        ] GC(23805) Old regions: 42->42
[2020-12-28T17:46:00.022-0500][gc,heap        ] GC(23805) Humongous regions: 4->4
[2020-12-28T17:46:00.022-0500][gc,metaspace   ] GC(23805) Metaspace: 50313K->50313K(1093632K)
[2020-12-28T17:46:00.022-0500][gc,heap        ] GC(23805) Heap after GC invocations=23806 (full 5486): garbage-first heap   total 64512K, used 43375K [0x0000000083000000, 0x0000000100000000)
[2020-12-28T17:46:00.022-0500][gc,heap        ] GC(23805)   region size 1024K, 1 young (1024K), 1 survivors (1024K)
[2020-12-28T17:46:00.022-0500][gc,heap        ] GC(23805)  Metaspace       used 50313K, capacity 52468K, committed 53888K, reserved 1093632K
[2020-12-28T17:46:00.022-0500][gc,heap        ] GC(23805)   class space    used 7457K, capacity 8250K, committed 8832K, reserved 1048576K
[2020-12-28T17:46:00.022-0500][gc             ] GC(23805) Pause Young (Normal) (G1 Evacuation Pause) 50M->42M(63M) 8.533ms
[2020-12-28T17:46:00.022-0500][gc,cpu         ] GC(23805) User=0.01s Sys=0.00s Real=0.01s
[2020-12-28T17:46:45.189-0500][gc,task        ] GC(23806) Using 5 workers of 8 for full compaction
[2020-12-28T17:46:45.189-0500][gc,start       ] GC(23806) Pause Full (System.gc())
[2020-12-28T17:46:45.189-0500][gc,heap        ] GC(23806) Heap before GC invocations=23806 (full 5486): garbage-first heap   total 64512K, used 45423K [0x0000000083000000, 0x0000000100000000)
[2020-12-28T17:46:45.189-0500][gc,heap        ] GC(23806)   region size 1024K, 4 young (4096K), 1 survivors (1024K)
[2020-12-28T17:46:45.189-0500][gc,heap        ] GC(23806)  Metaspace       used 50313K, capacity 52468K, committed 53888K, reserved 1093632K
[2020-12-28T17:46:45.189-0500][gc,heap        ] GC(23806)   class space    used 7457K, capacity 8250K, committed 8832K, reserved 1048576K
[2020-12-28T17:46:45.190-0500][gc,phases,start] GC(23806) Phase 1: Mark live objects
[2020-12-28T17:46:45.231-0500][gc,stringtable ] GC(23806) Cleaned string and symbol table, strings: 33320 processed, 4 removed, symbols: 120973 processed, 0 removed
[2020-12-28T17:46:45.231-0500][gc,phases      ] GC(23806) Phase 1: Mark live objects 40.687ms
[2020-12-28T17:46:45.231-0500][gc,phases,start] GC(23806) Phase 2: Prepare for compaction
[2020-12-28T17:46:45.235-0500][gc,phases      ] GC(23806) Phase 2: Prepare for compaction 3.997ms
[2020-12-28T17:46:45.235-0500][gc,phases,start] GC(23806) Phase 3: Adjust pointers
[2020-12-28T17:46:45.245-0500][gc,phases      ] GC(23806) Phase 3: Adjust pointers 10.575ms
[2020-12-28T17:46:45.245-0500][gc,phases,start] GC(23806) Phase 4: Compact heap
[2020-12-28T17:46:45.249-0500][gc,phases      ] GC(23806) Phase 4: Compact heap 3.128ms
[2020-12-28T17:46:45.253-0500][gc,heap        ] GC(23806) Eden regions: 3->0(9)
[2020-12-28T17:46:45.253-0500][gc,heap        ] GC(23806) Survivor regions: 1->0(2)
[2020-12-28T17:46:45.253-0500][gc,heap        ] GC(23806) Old regions: 42->42
[2020-12-28T17:46:45.253-0500][gc,heap        ] GC(23806) Humongous regions: 4->4
[2020-12-28T17:46:45.253-0500][gc,metaspace   ] GC(23806) Metaspace: 50313K->50313K(1093632K)
[2020-12-28T17:46:45.253-0500][gc,heap        ] GC(23806) Heap after GC invocations=23807 (full 5487): garbage-first heap   total 64512K, used 43323K [0x0000000083000000, 0x0000000100000000)
[2020-12-28T17:46:45.253-0500][gc,heap        ] GC(23806)   region size 1024K, 0 young (0K), 0 survivors (0K)
[2020-12-28T17:46:45.253-0500][gc,heap        ] GC(23806)  Metaspace       used 50313K, capacity 52468K, committed 53888K, reserved 1093632K
[2020-12-28T17:46:45.253-0500][gc,heap        ] GC(23806)   class space    used 7457K, capacity 8250K, committed 8832K, reserved 1048576K
[2020-12-28T17:46:45.253-0500][gc             ] GC(23806) Pause Full (System.gc()) 45M->42M(63M) 63.587ms
[2020-12-28T17:46:45.253-0500][gc,cpu         ] GC(23806) User=0.26s Sys=0.00s Real=0.06s
[2020-12-28T17:48:59.064-0500][gc,heap        ] GC(23807) Heap before GC invocations=23807 (full 5487): garbage-first heap   total 64512K, used 51515K [0x0000000083000000, 0x0000000100000000)
[2020-12-28T17:48:59.064-0500][gc,heap        ] GC(23807)   region size 1024K, 9 young (9216K), 0 survivors (0K)
[2020-12-28T17:48:59.064-0500][gc,heap        ] GC(23807)  Metaspace       used 50313K, capacity 52468K, committed 53888K, reserved 1093632K
[2020-12-28T17:48:59.064-0500][gc,heap        ] GC(23807)   class space    used 7457K, capacity 8250K, committed 8832K, reserved 1048576K
[2020-12-28T17:48:59.064-0500][gc,start       ] GC(23807) Pause Young (Normal) (G1 Evacuation Pause)
[2020-12-28T17:48:59.064-0500][gc,task        ] GC(23807) Using 8 workers of 8 for evacuation
[2020-12-28T17:48:59.067-0500][gc,phases      ] GC(23807)   Pre Evacuate Collection Set: 0.0ms
[2020-12-28T17:48:59.067-0500][gc,phases      ] GC(23807)   Evacuate Collection Set: 0.7ms
[2020-12-28T17:48:59.067-0500][gc,phases      ] GC(23807)   Post Evacuate Collection Set: 1.2ms
[2020-12-28T17:48:59.067-0500][gc,phases      ] GC(23807)   Other: 0.3ms
[2020-12-28T17:48:59.067-0500][gc,heap        ] GC(23807) Eden regions: 9->0(8)
[2020-12-28T17:48:59.067-0500][gc,heap        ] GC(23807) Survivor regions: 0->1(2)
[2020-12-28T17:48:59.067-0500][gc,heap        ] GC(23807) Old regions: 42->42
[2020-12-28T17:48:59.067-0500][gc,heap        ] GC(23807) Humongous regions: 4->4
[2020-12-28T17:48:59.067-0500][gc,metaspace   ] GC(23807) Metaspace: 50313K->50313K(1093632K)
[2020-12-28T17:48:59.067-0500][gc,heap        ] GC(23807) Heap after GC invocations=23808 (full 5487): garbage-first heap   total 64512K, used 43374K [0x0000000083000000, 0x0000000100000000)
[2020-12-28T17:48:59.067-0500][gc,heap        ] GC(23807)   region size 1024K, 1 young (1024K), 1 survivors (1024K)
[2020-12-28T17:48:59.067-0500][gc,heap        ] GC(23807)  Metaspace       used 50313K, capacity 52468K, committed 53888K, reserved 1093632K
[2020-12-28T17:48:59.067-0500][gc,heap        ] GC(23807)   class space    used 7457K, capacity 8250K, committed 8832K, reserved 1048576K
[2020-12-28T17:48:59.067-0500][gc             ] GC(23807) Pause Young (Normal) (G1 Evacuation Pause) 51M->42M(63M) 2.408ms
[2020-12-28T17:48:59.067-0500][gc,cpu         ] GC(23807) User=0.00s Sys=0.00s Real=0.00s
[2020-12-28T17:50:59.069-0500][gc,heap        ] GC(23808) Heap before GC invocations=23808 (full 5487): garbage-first heap   total 64512K, used 51566K [0x0000000083000000, 0x0000000100000000)
[2020-12-28T17:50:59.070-0500][gc,heap        ] GC(23808)   region size 1024K, 9 young (9216K), 1 survivors (1024K)
[2020-12-28T17:50:59.070-0500][gc,heap        ] GC(23808)  Metaspace       used 50313K, capacity 52468K, committed 53888K, reserved 1093632K
[2020-12-28T17:50:59.070-0500][gc,heap        ] GC(23808)   class space    used 7457K, capacity 8250K, committed 8832K, reserved 1048576K
[2020-12-28T17:50:59.070-0500][gc,start       ] GC(23808) Pause Young (Normal) (G1 Evacuation Pause)
[2020-12-28T17:50:59.070-0500][gc,task        ] GC(23808) Using 8 workers of 8 for evacuation
[2020-12-28T17:50:59.075-0500][gc,phases      ] GC(23808)   Pre Evacuate Collection Set: 0.0ms
[2020-12-28T17:50:59.075-0500][gc,phases      ] GC(23808)   Evacuate Collection Set: 1.4ms
[2020-12-28T17:50:59.075-0500][gc,phases      ] GC(23808)   Post Evacuate Collection Set: 3.1ms
[2020-12-28T17:50:59.075-0500][gc,phases      ] GC(23808)   Other: 1.1ms
[2020-12-28T17:50:59.075-0500][gc,heap        ] GC(23808) Eden regions: 8->0(8)
[2020-12-28T17:50:59.075-0500][gc,heap        ] GC(23808) Survivor regions: 1->1(2)
[2020-12-28T17:50:59.075-0500][gc,heap        ] GC(23808) Old regions: 42->42
[2020-12-28T17:50:59.075-0500][gc,heap        ] GC(23808) Humongous regions: 4->4
[2020-12-28T17:50:59.075-0500][gc,metaspace   ] GC(23808) Metaspace: 50313K->50313K(1093632K)
[2020-12-28T17:50:59.075-0500][gc,heap        ] GC(23808) Heap after GC invocations=23809 (full 5487): garbage-first heap   total 64512K, used 43382K [0x0000000083000000, 0x0000000100000000)
[2020-12-28T17:50:59.075-0500][gc,heap        ] GC(23808)   region size 1024K, 1 young (1024K), 1 survivors (1024K)
[2020-12-28T17:50:59.075-0500][gc,heap        ] GC(23808)  Metaspace       used 50313K, capacity 52468K, committed 53888K, reserved 1093632K
[2020-12-28T17:50:59.075-0500][gc,heap        ] GC(23808)   class space    used 7457K, capacity 8250K, committed 8832K, reserved 1048576K
[2020-12-28T17:50:59.075-0500][gc             ] GC(23808) Pause Young (Normal) (G1 Evacuation Pause) 50M->42M(63M) 5.481ms
[2020-12-28T17:50:59.076-0500][gc,cpu         ] GC(23808) User=0.00s Sys=0.01s Real=0.00s
[2020-12-28T17:51:45.191-0500][gc,task        ] GC(23809) Using 5 workers of 8 for full compaction
[2020-12-28T17:51:45.191-0500][gc,start       ] GC(23809) Pause Full (System.gc())
[2020-12-28T17:51:45.191-0500][gc,heap        ] GC(23809) Heap before GC invocations=23809 (full 5487): garbage-first heap   total 64512K, used 45430K [0x0000000083000000, 0x0000000100000000)
[2020-12-28T17:51:45.191-0500][gc,heap        ] GC(23809)   region size 1024K, 4 young (4096K), 1 survivors (1024K)
[2020-12-28T17:51:45.191-0500][gc,heap        ] GC(23809)  Metaspace       used 50313K, capacity 52468K, committed 53888K, reserved 1093632K
[2020-12-28T17:51:45.192-0500][gc,heap        ] GC(23809)   class space    used 7457K, capacity 8250K, committed 8832K, reserved 1048576K
[2020-12-28T17:51:45.192-0500][gc,phases,start] GC(23809) Phase 1: Mark live objects
[2020-12-28T17:51:45.227-0500][gc,stringtable ] GC(23809) Cleaned string and symbol table, strings: 33320 processed, 4 removed, symbols: 120973 processed, 0 removed
[2020-12-28T17:51:45.227-0500][gc,phases      ] GC(23809) Phase 1: Mark live objects 34.902ms
[2020-12-28T17:51:45.227-0500][gc,phases,start] GC(23809) Phase 2: Prepare for compaction
[2020-12-28T17:51:45.230-0500][gc,phases      ] GC(23809) Phase 2: Prepare for compaction 3.053ms
[2020-12-28T17:51:45.230-0500][gc,phases,start] GC(23809) Phase 3: Adjust pointers
[2020-12-28T17:51:45.240-0500][gc,phases      ] GC(23809) Phase 3: Adjust pointers 9.955ms
[2020-12-28T17:51:45.240-0500][gc,phases,start] GC(23809) Phase 4: Compact heap
[2020-12-28T17:51:45.243-0500][gc,phases      ] GC(23809) Phase 4: Compact heap 2.841ms
[2020-12-28T17:51:45.247-0500][gc,heap        ] GC(23809) Eden regions: 3->0(9)
[2020-12-28T17:51:45.247-0500][gc,heap        ] GC(23809) Survivor regions: 1->0(2)
[2020-12-28T17:51:45.247-0500][gc,heap        ] GC(23809) Old regions: 42->42
[2020-12-28T17:51:45.247-0500][gc,heap        ] GC(23809) Humongous regions: 4->4
[2020-12-28T17:51:45.247-0500][gc,metaspace   ] GC(23809) Metaspace: 50313K->50313K(1093632K)
[2020-12-28T17:51:45.247-0500][gc,heap        ] GC(23809) Heap after GC invocations=23810 (full 5488): garbage-first heap   total 64512K, used 43325K [0x0000000083000000, 0x0000000100000000)
[2020-12-28T17:51:45.247-0500][gc,heap        ] GC(23809)   region size 1024K, 0 young (0K), 0 survivors (0K)
[2020-12-28T17:51:45.247-0500][gc,heap        ] GC(23809)  Metaspace       used 50313K, capacity 52468K, committed 53888K, reserved 1093632K
[2020-12-28T17:51:45.247-0500][gc,heap        ] GC(23809)   class space    used 7457K, capacity 8250K, committed 8832K, reserved 1048576K
[2020-12-28T17:51:45.247-0500][gc             ] GC(23809) Pause Full (System.gc()) 45M->42M(63M) 55.686ms
[2020-12-28T17:51:45.247-0500][gc,cpu         ] GC(23809) User=0.25s Sys=0.00s Real=0.05s
[2020-12-28T17:53:59.061-0500][gc,heap        ] GC(23810) Heap before GC invocations=23810 (full 5488): garbage-first heap   total 64512K, used 52541K [0x0000000083000000, 0x0000000100000000)
[2020-12-28T17:53:59.062-0500][gc,heap        ] GC(23810)   region size 1024K, 9 young (9216K), 0 survivors (0K)
[2020-12-28T17:53:59.062-0500][gc,heap        ] GC(23810)  Metaspace       used 50313K, capacity 52468K, committed 53888K, reserved 1093632K
[2020-12-28T17:53:59.062-0500][gc,heap        ] GC(23810)   class space    used 7457K, capacity 8250K, committed 8832K, reserved 1048576K
[2020-12-28T17:53:59.062-0500][gc,start       ] GC(23810) Pause Young (Normal) (G1 Evacuation Pause)
[2020-12-28T17:53:59.062-0500][gc,task        ] GC(23810) Using 8 workers of 8 for evacuation
[2020-12-28T17:53:59.066-0500][gc,phases      ] GC(23810)   Pre Evacuate Collection Set: 0.0ms
[2020-12-28T17:53:59.067-0500][gc,phases      ] GC(23810)   Evacuate Collection Set: 1.3ms
[2020-12-28T17:53:59.067-0500][gc,phases      ] GC(23810)   Post Evacuate Collection Set: 3.2ms
[2020-12-28T17:53:59.067-0500][gc,phases      ] GC(23810)   Other: 0.5ms
[2020-12-28T17:53:59.067-0500][gc,heap        ] GC(23810) Eden regions: 9->0(8)
[2020-12-28T17:53:59.067-0500][gc,heap        ] GC(23810) Survivor regions: 0->1(2)
[2020-12-28T17:53:59.067-0500][gc,heap        ] GC(23810) Old regions: 42->42
[2020-12-28T17:53:59.067-0500][gc,heap        ] GC(23810) Humongous regions: 4->4
[2020-12-28T17:53:59.067-0500][gc,metaspace   ] GC(23810) Metaspace: 50313K->50313K(1093632K)
[2020-12-28T17:53:59.067-0500][gc,heap        ] GC(23810) Heap after GC invocations=23811 (full 5488): garbage-first heap   total 64512K, used 43398K [0x0000000083000000, 0x0000000100000000)
[2020-12-28T17:53:59.067-0500][gc,heap        ] GC(23810)   region size 1024K, 1 young (1024K), 1 survivors (1024K)
[2020-12-28T17:53:59.067-0500][gc,heap        ] GC(23810)  Metaspace       used 50313K, capacity 52468K, committed 53888K, reserved 1093632K
[2020-12-28T17:53:59.067-0500][gc,heap        ] GC(23810)   class space    used 7457K, capacity 8250K, committed 8832K, reserved 1048576K
[2020-12-28T17:53:59.067-0500][gc             ] GC(23810) Pause Young (Normal) (G1 Evacuation Pause) 51M->42M(63M) 5.243ms
[2020-12-28T17:53:59.067-0500][gc,cpu         ] GC(23810) User=0.01s Sys=0.01s Real=0.00s
[2020-12-28T17:55:59.063-0500][gc,heap        ] GC(23811) Heap before GC invocations=23811 (full 5488): garbage-first heap   total 64512K, used 51590K [0x0000000083000000, 0x0000000100000000)
[2020-12-28T17:55:59.063-0500][gc,heap        ] GC(23811)   region size 1024K, 9 young (9216K), 1 survivors (1024K)
[2020-12-28T17:55:59.063-0500][gc,heap        ] GC(23811)  Metaspace       used 50313K, capacity 52468K, committed 53888K, reserved 1093632K
[2020-12-28T17:55:59.063-0500][gc,heap        ] GC(23811)   class space    used 7457K, capacity 8250K, committed 8832K, reserved 1048576K
[2020-12-28T17:55:59.063-0500][gc,start       ] GC(23811) Pause Young (Normal) (G1 Evacuation Pause)
[2020-12-28T17:55:59.063-0500][gc,task        ] GC(23811) Using 8 workers of 8 for evacuation
[2020-12-28T17:55:59.070-0500][gc,phases      ] GC(23811)   Pre Evacuate Collection Set: 0.0ms
[2020-12-28T17:55:59.070-0500][gc,phases      ] GC(23811)   Evacuate Collection Set: 1.3ms
[2020-12-28T17:55:59.070-0500][gc,phases      ] GC(23811)   Post Evacuate Collection Set: 5.5ms
[2020-12-28T17:55:59.070-0500][gc,phases      ] GC(23811)   Other: 0.4ms
[2020-12-28T17:55:59.070-0500][gc,heap        ] GC(23811) Eden regions: 8->0(8)
[2020-12-28T17:55:59.070-0500][gc,heap        ] GC(23811) Survivor regions: 1->1(2)
[2020-12-28T17:55:59.070-0500][gc,heap        ] GC(23811) Old regions: 42->42
[2020-12-28T17:55:59.070-0500][gc,heap        ] GC(23811) Humongous regions: 4->4
[2020-12-28T17:55:59.070-0500][gc,metaspace   ] GC(23811) Metaspace: 50313K->50313K(1093632K)
[2020-12-28T17:55:59.071-0500][gc,heap        ] GC(23811) Heap after GC invocations=23812 (full 5488): garbage-first heap   total 64512K, used 43409K [0x0000000083000000, 0x0000000100000000)
[2020-12-28T17:55:59.071-0500][gc,heap        ] GC(23811)   region size 1024K, 1 young (1024K), 1 survivors (1024K)
[2020-12-28T17:55:59.071-0500][gc,heap        ] GC(23811)  Metaspace       used 50313K, capacity 52468K, committed 53888K, reserved 1093632K
[2020-12-28T17:55:59.071-0500][gc,heap        ] GC(23811)   class space    used 7457K, capacity 8250K, committed 8832K, reserved 1048576K
[2020-12-28T17:55:59.071-0500][gc             ] GC(23811) Pause Young (Normal) (G1 Evacuation Pause) 50M->42M(63M) 7.409ms
[2020-12-28T17:55:59.071-0500][gc,cpu         ] GC(23811) User=0.02s Sys=0.00s Real=0.01s
[2020-12-28T17:56:45.190-0500][gc,task        ] GC(23812) Using 5 workers of 8 for full compaction
[2020-12-28T17:56:45.190-0500][gc,start       ] GC(23812) Pause Full (System.gc())
[2020-12-28T17:56:45.190-0500][gc,heap        ] GC(23812) Heap before GC invocations=23812 (full 5488): garbage-first heap   total 64512K, used 46481K [0x0000000083000000, 0x0000000100000000)
[2020-12-28T17:56:45.190-0500][gc,heap        ] GC(23812)   region size 1024K, 5 young (5120K), 1 survivors (1024K)
[2020-12-28T17:56:45.190-0500][gc,heap        ] GC(23812)  Metaspace       used 50313K, capacity 52468K, committed 53888K, reserved 1093632K
[2020-12-28T17:56:45.190-0500][gc,heap        ] GC(23812)   class space    used 7457K, capacity 8250K, committed 8832K, reserved 1048576K
[2020-12-28T17:56:45.191-0500][gc,phases,start] GC(23812) Phase 1: Mark live objects
[2020-12-28T17:56:45.228-0500][gc,stringtable ] GC(23812) Cleaned string and symbol table, strings: 33320 processed, 4 removed, symbols: 120973 processed, 0 removed
[2020-12-28T17:56:45.228-0500][gc,phases      ] GC(23812) Phase 1: Mark live objects 37.873ms
[2020-12-28T17:56:45.228-0500][gc,phases,start] GC(23812) Phase 2: Prepare for compaction
[2020-12-28T17:56:45.232-0500][gc,phases      ] GC(23812) Phase 2: Prepare for compaction 3.119ms
[2020-12-28T17:56:45.232-0500][gc,phases,start] GC(23812) Phase 3: Adjust pointers
[2020-12-28T17:56:45.242-0500][gc,phases      ] GC(23812) Phase 3: Adjust pointers 10.243ms
[2020-12-28T17:56:45.242-0500][gc,phases,start] GC(23812) Phase 4: Compact heap
[2020-12-28T17:56:45.244-0500][gc,phases      ] GC(23812) Phase 4: Compact heap 2.519ms
[2020-12-28T17:56:45.248-0500][gc,heap        ] GC(23812) Eden regions: 4->0(8)
[2020-12-28T17:56:45.248-0500][gc,heap        ] GC(23812) Survivor regions: 1->0(2)
[2020-12-28T17:56:45.248-0500][gc,heap        ] GC(23812) Old regions: 42->43
[2020-12-28T17:56:45.248-0500][gc,heap        ] GC(23812) Humongous regions: 4->4
[2020-12-28T17:56:45.248-0500][gc,metaspace   ] GC(23812) Metaspace: 50313K->50313K(1093632K)
[2020-12-28T17:56:45.248-0500][gc,heap        ] GC(23812) Heap after GC invocations=23813 (full 5489): garbage-first heap   total 64512K, used 43323K [0x0000000083000000, 0x0000000100000000)
[2020-12-28T17:56:45.248-0500][gc,heap        ] GC(23812)   region size 1024K, 0 young (0K), 0 survivors (0K)
[2020-12-28T17:56:45.248-0500][gc,heap        ] GC(23812)  Metaspace       used 50313K, capacity 52468K, committed 53888K, reserved 1093632K
[2020-12-28T17:56:45.248-0500][gc,heap        ] GC(23812)   class space    used 7457K, capacity 8250K, committed 8832K, reserved 1048576K
[2020-12-28T17:56:45.248-0500][gc             ] GC(23812) Pause Full (System.gc()) 45M->42M(63M) 58.486ms
[2020-12-28T17:56:45.249-0500][gc,cpu         ] GC(23812) User=0.25s Sys=0.00s Real=0.06s
[2020-12-28T17:58:48.208-0500][gc,heap        ] GC(23813) Heap before GC invocations=23813 (full 5489): garbage-first heap   total 64512K, used 51515K [0x0000000083000000, 0x0000000100000000)
[2020-12-28T17:58:48.208-0500][gc,heap        ] GC(23813)   region size 1024K, 8 young (8192K), 0 survivors (0K)
[2020-12-28T17:58:48.208-0500][gc,heap        ] GC(23813)  Metaspace       used 50313K, capacity 52468K, committed 53888K, reserved 1093632K
[2020-12-28T17:58:48.208-0500][gc,heap        ] GC(23813)   class space    used 7457K, capacity 8250K, committed 8832K, reserved 1048576K
[2020-12-28T17:58:48.208-0500][gc,start       ] GC(23813) Pause Young (Normal) (G1 Evacuation Pause)
[2020-12-28T17:58:48.208-0500][gc,task        ] GC(23813) Using 8 workers of 8 for evacuation
[2020-12-28T17:58:48.217-0500][gc,phases      ] GC(23813)   Pre Evacuate Collection Set: 0.0ms
[2020-12-28T17:58:48.217-0500][gc,phases      ] GC(23813)   Evacuate Collection Set: 3.3ms
[2020-12-28T17:58:48.217-0500][gc,phases      ] GC(23813)   Post Evacuate Collection Set: 5.1ms
[2020-12-28T17:58:48.217-0500][gc,phases      ] GC(23813)   Other: 0.5ms
[2020-12-28T17:58:48.218-0500][gc,heap        ] GC(23813) Eden regions: 8->0(7)
[2020-12-28T17:58:48.218-0500][gc,heap        ] GC(23813) Survivor regions: 0->1(1)
[2020-12-28T17:58:48.218-0500][gc,heap        ] GC(23813) Old regions: 43->43
[2020-12-28T17:58:48.218-0500][gc,heap        ] GC(23813) Humongous regions: 4->4
[2020-12-28T17:58:48.218-0500][gc,metaspace   ] GC(23813) Metaspace: 50313K->50313K(1093632K)
[2020-12-28T17:58:48.218-0500][gc,heap        ] GC(23813) Heap after GC invocations=23814 (full 5489): garbage-first heap   total 64512K, used 43374K [0x0000000083000000, 0x0000000100000000)
[2020-12-28T17:58:48.218-0500][gc,heap        ] GC(23813)   region size 1024K, 1 young (1024K), 1 survivors (1024K)
[2020-12-28T17:58:48.218-0500][gc,heap        ] GC(23813)  Metaspace       used 50313K, capacity 52468K, committed 53888K, reserved 1093632K
[2020-12-28T17:58:48.218-0500][gc,heap        ] GC(23813)   class space    used 7457K, capacity 8250K, committed 8832K, reserved 1048576K
[2020-12-28T17:58:48.218-0500][gc             ] GC(23813) Pause Young (Normal) (G1 Evacuation Pause) 50M->42M(63M) 9.510ms
[2020-12-28T17:58:48.218-0500][gc,cpu         ] GC(23813) User=0.03s Sys=0.00s Real=0.00s
[2020-12-28T18:00:29.059-0500][gc,heap        ] GC(23814) Heap before GC invocations=23814 (full 5489): garbage-first heap   total 64512K, used 50542K [0x0000000083000000, 0x0000000100000000)
[2020-12-28T18:00:29.059-0500][gc,heap        ] GC(23814)   region size 1024K, 8 young (8192K), 1 survivors (1024K)
[2020-12-28T18:00:29.059-0500][gc,heap        ] GC(23814)  Metaspace       used 50313K, capacity 52468K, committed 53888K, reserved 1093632K
[2020-12-28T18:00:29.059-0500][gc,heap        ] GC(23814)   class space    used 7457K, capacity 8250K, committed 8832K, reserved 1048576K
[2020-12-28T18:00:29.059-0500][gc,start       ] GC(23814) Pause Young (Normal) (G1 Evacuation Pause)
[2020-12-28T18:00:29.060-0500][gc,task        ] GC(23814) Using 8 workers of 8 for evacuation
[2020-12-28T18:00:29.064-0500][gc,phases      ] GC(23814)   Pre Evacuate Collection Set: 0.1ms
[2020-12-28T18:00:29.064-0500][gc,phases      ] GC(23814)   Evacuate Collection Set: 3.1ms
[2020-12-28T18:00:29.064-0500][gc,phases      ] GC(23814)   Post Evacuate Collection Set: 1.1ms
[2020-12-28T18:00:29.064-0500][gc,phases      ] GC(23814)   Other: 0.3ms
[2020-12-28T18:00:29.064-0500][gc,heap        ] GC(23814) Eden regions: 7->0(7)
[2020-12-28T18:00:29.064-0500][gc,heap        ] GC(23814) Survivor regions: 1->1(1)
[2020-12-28T18:00:29.064-0500][gc,heap        ] GC(23814) Old regions: 43->43
[2020-12-28T18:00:29.064-0500][gc,heap        ] GC(23814) Humongous regions: 4->4
[2020-12-28T18:00:29.064-0500][gc,metaspace   ] GC(23814) Metaspace: 50313K->50313K(1093632K)
[2020-12-28T18:00:29.064-0500][gc,heap        ] GC(23814) Heap after GC invocations=23815 (full 5489): garbage-first heap   total 64512K, used 43403K [0x0000000083000000, 0x0000000100000000)
[2020-12-28T18:00:29.064-0500][gc,heap        ] GC(23814)   region size 1024K, 1 young (1024K), 1 survivors (1024K)
[2020-12-28T18:00:29.064-0500][gc,heap        ] GC(23814)  Metaspace       used 50313K, capacity 52468K, committed 53888K, reserved 1093632K
[2020-12-28T18:00:29.064-0500][gc,heap        ] GC(23814)   class space    used 7457K, capacity 8250K, committed 8832K, reserved 1048576K
[2020-12-28T18:00:29.064-0500][gc             ] GC(23814) Pause Young (Normal) (G1 Evacuation Pause) 49M->42M(63M) 4.653ms
[2020-12-28T18:00:29.064-0500][gc,cpu         ] GC(23814) User=0.02s Sys=0.00s Real=0.00s
[2020-12-28T18:01:45.191-0500][gc,task        ] GC(23815) Using 5 workers of 8 for full compaction
[2020-12-28T18:01:45.191-0500][gc,start       ] GC(23815) Pause Full (System.gc())
[2020-12-28T18:01:45.191-0500][gc,heap        ] GC(23815) Heap before GC invocations=23815 (full 5489): garbage-first heap   total 64512K, used 48523K [0x0000000083000000, 0x0000000100000000)
[2020-12-28T18:01:45.191-0500][gc,heap        ] GC(23815)   region size 1024K, 7 young (7168K), 1 survivors (1024K)
[2020-12-28T18:01:45.191-0500][gc,heap        ] GC(23815)  Metaspace       used 50313K, capacity 52468K, committed 53888K, reserved 1093632K
[2020-12-28T18:01:45.191-0500][gc,heap        ] GC(23815)   class space    used 7457K, capacity 8250K, committed 8832K, reserved 1048576K
[2020-12-28T18:01:45.191-0500][gc,phases,start] GC(23815) Phase 1: Mark live objects
[2020-12-28T18:01:45.209-0500][gc,stringtable ] GC(23815) Cleaned string and symbol table, strings: 33320 processed, 4 removed, symbols: 120973 processed, 0 removed
[2020-12-28T18:01:45.209-0500][gc,phases      ] GC(23815) Phase 1: Mark live objects 17.856ms
[2020-12-28T18:01:45.209-0500][gc,phases,start] GC(23815) Phase 2: Prepare for compaction
[2020-12-28T18:01:45.212-0500][gc,phases      ] GC(23815) Phase 2: Prepare for compaction 3.257ms
[2020-12-28T18:01:45.212-0500][gc,phases,start] GC(23815) Phase 3: Adjust pointers
[2020-12-28T18:01:45.222-0500][gc,phases      ] GC(23815) Phase 3: Adjust pointers 10.283ms
[2020-12-28T18:01:45.222-0500][gc,phases,start] GC(23815) Phase 4: Compact heap
[2020-12-28T18:01:45.225-0500][gc,phases      ] GC(23815) Phase 4: Compact heap 2.594ms
[2020-12-28T18:01:45.229-0500][gc,heap        ] GC(23815) Eden regions: 6->0(8)
[2020-12-28T18:01:45.229-0500][gc,heap        ] GC(23815) Survivor regions: 1->0(1)
[2020-12-28T18:01:45.229-0500][gc,heap        ] GC(23815) Old regions: 43->43
[2020-12-28T18:01:45.229-0500][gc,heap        ] GC(23815) Humongous regions: 4->4
[2020-12-28T18:01:45.229-0500][gc,metaspace   ] GC(23815) Metaspace: 50313K->50313K(1093632K)
[2020-12-28T18:01:45.229-0500][gc,heap        ] GC(23815) Heap after GC invocations=23816 (full 5490): garbage-first heap   total 64512K, used 43331K [0x0000000083000000, 0x0000000100000000)
[2020-12-28T18:01:45.229-0500][gc,heap        ] GC(23815)   region size 1024K, 0 young (0K), 0 survivors (0K)
[2020-12-28T18:01:45.229-0500][gc,heap        ] GC(23815)  Metaspace       used 50313K, capacity 52468K, committed 53888K, reserved 1093632K
[2020-12-28T18:01:45.229-0500][gc,heap        ] GC(23815)   class space    used 7457K, capacity 8250K, committed 8832K, reserved 1048576K
[2020-12-28T18:01:45.229-0500][gc             ] GC(23815) Pause Full (System.gc()) 47M->42M(63M) 38.599ms
[2020-12-28T18:01:45.229-0500][gc,cpu         ] GC(23815) User=0.15s Sys=0.00s Real=0.04s
[2020-12-28T18:03:49.061-0500][gc,heap        ] GC(23816) Heap before GC invocations=23816 (full 5490): garbage-first heap   total 64512K, used 50499K [0x0000000083000000, 0x0000000100000000)
[2020-12-28T18:03:49.061-0500][gc,heap        ] GC(23816)   region size 1024K, 8 young (8192K), 0 survivors (0K)
[2020-12-28T18:03:49.061-0500][gc,heap        ] GC(23816)  Metaspace       used 50313K, capacity 52468K, committed 53888K, reserved 1093632K
[2020-12-28T18:03:49.061-0500][gc,heap        ] GC(23816)   class space    used 7457K, capacity 8250K, committed 8832K, reserved 1048576K
[2020-12-28T18:03:49.061-0500][gc,start       ] GC(23816) Pause Young (Normal) (G1 Evacuation Pause)
[2020-12-28T18:03:49.061-0500][gc,task        ] GC(23816) Using 8 workers of 8 for evacuation
[2020-12-28T18:03:49.065-0500][gc,phases      ] GC(23816)   Pre Evacuate Collection Set: 0.0ms
[2020-12-28T18:03:49.066-0500][gc,phases      ] GC(23816)   Evacuate Collection Set: 0.6ms
[2020-12-28T18:03:49.066-0500][gc,phases      ] GC(23816)   Post Evacuate Collection Set: 3.6ms
[2020-12-28T18:03:49.066-0500][gc,phases      ] GC(23816)   Other: 0.3ms
[2020-12-28T18:03:49.066-0500][gc,heap        ] GC(23816) Eden regions: 8->0(7)
[2020-12-28T18:03:49.066-0500][gc,heap        ] GC(23816) Survivor regions: 0->1(1)
[2020-12-28T18:03:49.066-0500][gc,heap        ] GC(23816) Old regions: 43->43
[2020-12-28T18:03:49.066-0500][gc,heap        ] GC(23816) Humongous regions: 4->4
[2020-12-28T18:03:49.066-0500][gc,metaspace   ] GC(23816) Metaspace: 50313K->50313K(1093632K)
[2020-12-28T18:03:49.066-0500][gc,heap        ] GC(23816) Heap after GC invocations=23817 (full 5490): garbage-first heap   total 64512K, used 43409K [0x0000000083000000, 0x0000000100000000)
[2020-12-28T18:03:49.066-0500][gc,heap        ] GC(23816)   region size 1024K, 1 young (1024K), 1 survivors (1024K)
[2020-12-28T18:03:49.066-0500][gc,heap        ] GC(23816)  Metaspace       used 50313K, capacity 52468K, committed 53888K, reserved 1093632K
[2020-12-28T18:03:49.066-0500][gc,heap        ] GC(23816)   class space    used 7457K, capacity 8250K, committed 8832K, reserved 1048576K
[2020-12-28T18:03:49.066-0500][gc             ] GC(23816) Pause Young (Normal) (G1 Evacuation Pause) 50M->42M(63M) 5.004ms
[2020-12-28T18:03:49.066-0500][gc,cpu         ] GC(23816) User=0.02s Sys=0.00s Real=0.00s
[2020-12-28T18:05:29.068-0500][gc,heap        ] GC(23817) Heap before GC invocations=23817 (full 5490): garbage-first heap   total 64512K, used 49553K [0x0000000083000000, 0x0000000100000000)
[2020-12-28T18:05:29.068-0500][gc,heap        ] GC(23817)   region size 1024K, 8 young (8192K), 1 survivors (1024K)
[2020-12-28T18:05:29.068-0500][gc,heap        ] GC(23817)  Metaspace       used 50313K, capacity 52468K, committed 53888K, reserved 1093632K
[2020-12-28T18:05:29.068-0500][gc,heap        ] GC(23817)   class space    used 7457K, capacity 8250K, committed 8832K, reserved 1048576K
[2020-12-28T18:05:29.068-0500][gc,start       ] GC(23817) Pause Young (Normal) (G1 Evacuation Pause)
[2020-12-28T18:05:29.068-0500][gc,task        ] GC(23817) Using 8 workers of 8 for evacuation
[2020-12-28T18:05:29.072-0500][gc,phases      ] GC(23817)   Pre Evacuate Collection Set: 0.0ms
[2020-12-28T18:05:29.072-0500][gc,phases      ] GC(23817)   Evacuate Collection Set: 1.7ms
[2020-12-28T18:05:29.072-0500][gc,phases      ] GC(23817)   Post Evacuate Collection Set: 2.1ms
[2020-12-28T18:05:29.073-0500][gc,phases      ] GC(23817)   Other: 0.5ms
[2020-12-28T18:05:29.073-0500][gc,heap        ] GC(23817) Eden regions: 7->0(7)
[2020-12-28T18:05:29.073-0500][gc,heap        ] GC(23817) Survivor regions: 1->1(1)
[2020-12-28T18:05:29.073-0500][gc,heap        ] GC(23817) Old regions: 43->43
[2020-12-28T18:05:29.073-0500][gc,heap        ] GC(23817) Humongous regions: 4->4
[2020-12-28T18:05:29.073-0500][gc,metaspace   ] GC(23817) Metaspace: 50313K->50313K(1093632K)
[2020-12-28T18:05:29.073-0500][gc,heap        ] GC(23817) Heap after GC invocations=23818 (full 5490): garbage-first heap   total 64512K, used 43388K [0x0000000083000000, 0x0000000100000000)
[2020-12-28T18:05:29.073-0500][gc,heap        ] GC(23817)   region size 1024K, 1 young (1024K), 1 survivors (1024K)
[2020-12-28T18:05:29.073-0500][gc,heap        ] GC(23817)  Metaspace       used 50313K, capacity 52468K, committed 53888K, reserved 1093632K
[2020-12-28T18:05:29.073-0500][gc,heap        ] GC(23817)   class space    used 7457K, capacity 8250K, committed 8832K, reserved 1048576K
[2020-12-28T18:05:29.073-0500][gc             ] GC(23817) Pause Young (Normal) (G1 Evacuation Pause) 49M->42M(63M) 4.706ms
[2020-12-28T18:05:29.073-0500][gc,cpu         ] GC(23817) User=0.00s Sys=0.02s Real=0.00s
[2020-12-28T18:06:45.192-0500][gc,task        ] GC(23818) Using 5 workers of 8 for full compaction
[2020-12-28T18:06:45.192-0500][gc,start       ] GC(23818) Pause Full (System.gc())
[2020-12-28T18:06:45.192-0500][gc,heap        ] GC(23818) Heap before GC invocations=23818 (full 5490): garbage-first heap   total 64512K, used 46460K [0x0000000083000000, 0x0000000100000000)
[2020-12-28T18:06:45.192-0500][gc,heap        ] GC(23818)   region size 1024K, 6 young (6144K), 1 survivors (1024K)
[2020-12-28T18:06:45.192-0500][gc,heap        ] GC(23818)  Metaspace       used 50313K, capacity 52468K, committed 53888K, reserved 1093632K
[2020-12-28T18:06:45.192-0500][gc,heap        ] GC(23818)   class space    used 7457K, capacity 8250K, committed 8832K, reserved 1048576K
[2020-12-28T18:06:45.193-0500][gc,phases,start] GC(23818) Phase 1: Mark live objects
[2020-12-28T18:06:45.239-0500][gc,stringtable ] GC(23818) Cleaned string and symbol table, strings: 33320 processed, 4 removed, symbols: 120973 processed, 0 removed
[2020-12-28T18:06:45.239-0500][gc,phases      ] GC(23818) Phase 1: Mark live objects 46.676ms
[2020-12-28T18:06:45.239-0500][gc,phases,start] GC(23818) Phase 2: Prepare for compaction
[2020-12-28T18:06:45.244-0500][gc,phases      ] GC(23818) Phase 2: Prepare for compaction 4.583ms
[2020-12-28T18:06:45.244-0500][gc,phases,start] GC(23818) Phase 3: Adjust pointers
[2020-12-28T18:06:45.255-0500][gc,phases      ] GC(23818) Phase 3: Adjust pointers 11.324ms
[2020-12-28T18:06:45.256-0500][gc,phases,start] GC(23818) Phase 4: Compact heap
[2020-12-28T18:06:45.258-0500][gc,phases      ] GC(23818) Phase 4: Compact heap 2.533ms
[2020-12-28T18:06:45.262-0500][gc,heap        ] GC(23818) Eden regions: 5->0(9)
[2020-12-28T18:06:45.262-0500][gc,heap        ] GC(23818) Survivor regions: 1->0(1)
[2020-12-28T18:06:45.262-0500][gc,heap        ] GC(23818) Old regions: 43->42
[2020-12-28T18:06:45.262-0500][gc,heap        ] GC(23818) Humongous regions: 4->4
[2020-12-28T18:06:45.262-0500][gc,metaspace   ] GC(23818) Metaspace: 50313K->50313K(1093632K)
[2020-12-28T18:06:45.262-0500][gc,heap        ] GC(23818) Heap after GC invocations=23819 (full 5491): garbage-first heap   total 64512K, used 43328K [0x0000000083000000, 0x0000000100000000)
[2020-12-28T18:06:45.262-0500][gc,heap        ] GC(23818)   region size 1024K, 0 young (0K), 0 survivors (0K)
[2020-12-28T18:06:45.262-0500][gc,heap        ] GC(23818)  Metaspace       used 50313K, capacity 52468K, committed 53888K, reserved 1093632K
[2020-12-28T18:06:45.262-0500][gc,heap        ] GC(23818)   class space    used 7457K, capacity 8250K, committed 8832K, reserved 1048576K
[2020-12-28T18:06:45.262-0500][gc             ] GC(23818) Pause Full (System.gc()) 47M->42M(63M) 70.140ms
[2020-12-28T18:06:45.262-0500][gc,cpu         ] GC(23818) User=0.27s Sys=0.00s Real=0.07s
[2020-12-28T18:08:56.166-0500][gc,heap        ] GC(23819) Heap before GC invocations=23819 (full 5491): garbage-first heap   total 64512K, used 51520K [0x0000000083000000, 0x0000000100000000)
[2020-12-28T18:08:56.166-0500][gc,heap        ] GC(23819)   region size 1024K, 9 young (9216K), 0 survivors (0K)
[2020-12-28T18:08:56.166-0500][gc,heap        ] GC(23819)  Metaspace       used 50313K, capacity 52468K, committed 53888K, reserved 1093632K
[2020-12-28T18:08:56.166-0500][gc,heap        ] GC(23819)   class space    used 7457K, capacity 8250K, committed 8832K, reserved 1048576K
[2020-12-28T18:08:56.166-0500][gc,start       ] GC(23819) Pause Young (Normal) (G1 Evacuation Pause)
[2020-12-28T18:08:56.166-0500][gc,task        ] GC(23819) Using 8 workers of 8 for evacuation
[2020-12-28T18:08:56.172-0500][gc,phases      ] GC(23819)   Pre Evacuate Collection Set: 0.0ms
[2020-12-28T18:08:56.172-0500][gc,phases      ] GC(23819)   Evacuate Collection Set: 1.8ms
[2020-12-28T18:08:56.172-0500][gc,phases      ] GC(23819)   Post Evacuate Collection Set: 3.7ms
[2020-12-28T18:08:56.172-0500][gc,phases      ] GC(23819)   Other: 0.5ms
[2020-12-28T18:08:56.172-0500][gc,heap        ] GC(23819) Eden regions: 9->0(8)
[2020-12-28T18:08:56.172-0500][gc,heap        ] GC(23819) Survivor regions: 0->1(2)
[2020-12-28T18:08:56.172-0500][gc,heap        ] GC(23819) Old regions: 42->42
[2020-12-28T18:08:56.172-0500][gc,heap        ] GC(23819) Humongous regions: 4->4
[2020-12-28T18:08:56.172-0500][gc,metaspace   ] GC(23819) Metaspace: 50313K->50313K(1093632K)
[2020-12-28T18:08:56.172-0500][gc,heap        ] GC(23819) Heap after GC invocations=23820 (full 5491): garbage-first heap   total 64512K, used 43393K [0x0000000083000000, 0x0000000100000000)
[2020-12-28T18:08:56.172-0500][gc,heap        ] GC(23819)   region size 1024K, 1 young (1024K), 1 survivors (1024K)
[2020-12-28T18:08:56.172-0500][gc,heap        ] GC(23819)  Metaspace       used 50313K, capacity 52468K, committed 53888K, reserved 1093632K
[2020-12-28T18:08:56.172-0500][gc,heap        ] GC(23819)   class space    used 7457K, capacity 8250K, committed 8832K, reserved 1048576K
[2020-12-28T18:08:56.172-0500][gc             ] GC(23819) Pause Young (Normal) (G1 Evacuation Pause) 51M->42M(63M) 6.141ms
[2020-12-28T18:08:56.173-0500][gc,cpu         ] GC(23819) User=0.01s Sys=0.01s Real=0.01s
[2020-12-28T18:10:49.526-0500][gc,heap        ] GC(23820) Heap before GC invocations=23820 (full 5491): garbage-first heap   total 64512K, used 50561K [0x0000000083000000, 0x0000000100000000)
[2020-12-28T18:10:49.527-0500][gc,heap        ] GC(23820)   region size 1024K, 9 young (9216K), 1 survivors (1024K)
[2020-12-28T18:10:49.527-0500][gc,heap        ] GC(23820)  Metaspace       used 50313K, capacity 52468K, committed 53888K, reserved 1093632K
[2020-12-28T18:10:49.527-0500][gc,heap        ] GC(23820)   class space    used 7457K, capacity 8250K, committed 8832K, reserved 1048576K
[2020-12-28T18:10:49.527-0500][gc,start       ] GC(23820) Pause Young (Normal) (G1 Evacuation Pause)
[2020-12-28T18:10:49.527-0500][gc,task        ] GC(23820) Using 8 workers of 8 for evacuation
[2020-12-28T18:10:49.533-0500][gc,phases      ] GC(23820)   Pre Evacuate Collection Set: 0.0ms
[2020-12-28T18:10:49.533-0500][gc,phases      ] GC(23820)   Evacuate Collection Set: 1.9ms
[2020-12-28T18:10:49.533-0500][gc,phases      ] GC(23820)   Post Evacuate Collection Set: 4.2ms
[2020-12-28T18:10:49.533-0500][gc,phases      ] GC(23820)   Other: 0.5ms
[2020-12-28T18:10:49.533-0500][gc,heap        ] GC(23820) Eden regions: 8->0(8)
[2020-12-28T18:10:49.533-0500][gc,heap        ] GC(23820) Survivor regions: 1->1(2)
[2020-12-28T18:10:49.533-0500][gc,heap        ] GC(23820) Old regions: 42->42
[2020-12-28T18:10:49.533-0500][gc,heap        ] GC(23820) Humongous regions: 4->4
[2020-12-28T18:10:49.533-0500][gc,metaspace   ] GC(23820) Metaspace: 50313K->50313K(1093632K)
[2020-12-28T18:10:49.533-0500][gc,heap        ] GC(23820) Heap after GC invocations=23821 (full 5491): garbage-first heap   total 64512K, used 43388K [0x0000000083000000, 0x0000000100000000)
[2020-12-28T18:10:49.533-0500][gc,heap        ] GC(23820)   region size 1024K, 1 young (1024K), 1 survivors (1024K)
[2020-12-28T18:10:49.534-0500][gc,heap        ] GC(23820)  Metaspace       used 50313K, capacity 52468K, committed 53888K, reserved 1093632K
[2020-12-28T18:10:49.534-0500][gc,heap        ] GC(23820)   class space    used 7457K, capacity 8250K, committed 8832K, reserved 1048576K
[2020-12-28T18:10:49.534-0500][gc             ] GC(23820) Pause Young (Normal) (G1 Evacuation Pause) 50M->42M(63M) 6.954ms
[2020-12-28T18:10:49.534-0500][gc,cpu         ] GC(23820) User=0.02s Sys=0.01s Real=0.01s
[2020-12-28T18:11:45.188-0500][gc,task        ] GC(23821) Using 5 workers of 8 for full compaction
[2020-12-28T18:11:45.188-0500][gc,start       ] GC(23821) Pause Full (System.gc())
[2020-12-28T18:11:45.188-0500][gc,heap        ] GC(23821) Heap before GC invocations=23821 (full 5491): garbage-first heap   total 64512K, used 46460K [0x0000000083000000, 0x0000000100000000)
[2020-12-28T18:11:45.188-0500][gc,heap        ] GC(23821)   region size 1024K, 5 young (5120K), 1 survivors (1024K)
[2020-12-28T18:11:45.188-0500][gc,heap        ] GC(23821)  Metaspace       used 50313K, capacity 52468K, committed 53888K, reserved 1093632K
[2020-12-28T18:11:45.188-0500][gc,heap        ] GC(23821)   class space    used 7457K, capacity 8250K, committed 8832K, reserved 1048576K
[2020-12-28T18:11:45.189-0500][gc,phases,start] GC(23821) Phase 1: Mark live objects
[2020-12-28T18:11:45.242-0500][gc,stringtable ] GC(23821) Cleaned string and symbol table, strings: 33320 processed, 4 removed, symbols: 120973 processed, 0 removed
[2020-12-28T18:11:45.242-0500][gc,phases      ] GC(23821) Phase 1: Mark live objects 53.083ms
[2020-12-28T18:11:45.242-0500][gc,phases,start] GC(23821) Phase 2: Prepare for compaction
[2020-12-28T18:11:45.247-0500][gc,phases      ] GC(23821) Phase 2: Prepare for compaction 4.733ms
[2020-12-28T18:11:45.247-0500][gc,phases,start] GC(23821) Phase 3: Adjust pointers
[2020-12-28T18:11:45.259-0500][gc,phases      ] GC(23821) Phase 3: Adjust pointers 12.289ms
[2020-12-28T18:11:45.259-0500][gc,phases,start] GC(23821) Phase 4: Compact heap
[2020-12-28T18:11:45.262-0500][gc,phases      ] GC(23821) Phase 4: Compact heap 2.822ms
[2020-12-28T18:11:45.266-0500][gc,heap        ] GC(23821) Eden regions: 4->0(10)
[2020-12-28T18:11:45.266-0500][gc,heap        ] GC(23821) Survivor regions: 1->0(2)
[2020-12-28T18:11:45.266-0500][gc,heap        ] GC(23821) Old regions: 42->41
[2020-12-28T18:11:45.266-0500][gc,heap        ] GC(23821) Humongous regions: 4->4
[2020-12-28T18:11:45.266-0500][gc,metaspace   ] GC(23821) Metaspace: 50313K->50313K(1093632K)
[2020-12-28T18:11:45.266-0500][gc,heap        ] GC(23821) Heap after GC invocations=23822 (full 5492): garbage-first heap   total 64512K, used 43332K [0x0000000083000000, 0x0000000100000000)
[2020-12-28T18:11:45.266-0500][gc,heap        ] GC(23821)   region size 1024K, 0 young (0K), 0 survivors (0K)
[2020-12-28T18:11:45.266-0500][gc,heap        ] GC(23821)  Metaspace       used 50313K, capacity 52468K, committed 53888K, reserved 1093632K
[2020-12-28T18:11:45.266-0500][gc,heap        ] GC(23821)   class space    used 7457K, capacity 8250K, committed 8832K, reserved 1048576K
[2020-12-28T18:11:45.266-0500][gc             ] GC(23821) Pause Full (System.gc()) 46M->42M(63M) 78.132ms
[2020-12-28T18:11:45.267-0500][gc,cpu         ] GC(23821) User=0.29s Sys=0.00s Real=0.07s
[2020-12-28T18:14:13.936-0500][gc,heap        ] GC(23822) Heap before GC invocations=23822 (full 5492): garbage-first heap   total 64512K, used 53572K [0x0000000083000000, 0x0000000100000000)
[2020-12-28T18:14:13.936-0500][gc,heap        ] GC(23822)   region size 1024K, 10 young (10240K), 0 survivors (0K)
[2020-12-28T18:14:13.936-0500][gc,heap        ] GC(23822)  Metaspace       used 50313K, capacity 52468K, committed 53888K, reserved 1093632K
[2020-12-28T18:14:13.936-0500][gc,heap        ] GC(23822)   class space    used 7457K, capacity 8250K, committed 8832K, reserved 1048576K
[2020-12-28T18:14:13.936-0500][gc,start       ] GC(23822) Pause Young (Normal) (G1 Evacuation Pause)
[2020-12-28T18:14:13.936-0500][gc,task        ] GC(23822) Using 8 workers of 8 for evacuation
[2020-12-28T18:14:13.942-0500][gc,phases      ] GC(23822)   Pre Evacuate Collection Set: 0.0ms
[2020-12-28T18:14:13.942-0500][gc,phases      ] GC(23822)   Evacuate Collection Set: 2.6ms
[2020-12-28T18:14:13.942-0500][gc,phases      ] GC(23822)   Post Evacuate Collection Set: 2.3ms
[2020-12-28T18:14:13.942-0500][gc,phases      ] GC(23822)   Other: 0.3ms
[2020-12-28T18:14:13.942-0500][gc,heap        ] GC(23822) Eden regions: 10->0(9)
[2020-12-28T18:14:13.942-0500][gc,heap        ] GC(23822) Survivor regions: 0->1(2)
[2020-12-28T18:14:13.942-0500][gc,heap        ] GC(23822) Old regions: 41->41
[2020-12-28T18:14:13.942-0500][gc,heap        ] GC(23822) Humongous regions: 4->4
[2020-12-28T18:14:13.942-0500][gc,metaspace   ] GC(23822) Metaspace: 50313K->50313K(1093632K)
[2020-12-28T18:14:13.942-0500][gc,heap        ] GC(23822) Heap after GC invocations=23823 (full 5492): garbage-first heap   total 64512K, used 43400K [0x0000000083000000, 0x0000000100000000)
[2020-12-28T18:14:13.942-0500][gc,heap        ] GC(23822)   region size 1024K, 1 young (1024K), 1 survivors (1024K)
[2020-12-28T18:14:13.942-0500][gc,heap        ] GC(23822)  Metaspace       used 50313K, capacity 52468K, committed 53888K, reserved 1093632K
[2020-12-28T18:14:13.942-0500][gc,heap        ] GC(23822)   class space    used 7457K, capacity 8250K, committed 8832K, reserved 1048576K
[2020-12-28T18:14:13.942-0500][gc             ] GC(23822) Pause Young (Normal) (G1 Evacuation Pause) 52M->42M(63M) 5.460ms
[2020-12-28T18:14:13.942-0500][gc,cpu         ] GC(23822) User=0.01s Sys=0.01s Real=0.01s
[2020-12-28T18:16:29.063-0500][gc,heap        ] GC(23823) Heap before GC invocations=23823 (full 5492): garbage-first heap   total 64512K, used 52616K [0x0000000083000000, 0x0000000100000000)
[2020-12-28T18:16:29.064-0500][gc,heap        ] GC(23823)   region size 1024K, 10 young (10240K), 1 survivors (1024K)
[2020-12-28T18:16:29.064-0500][gc,heap        ] GC(23823)  Metaspace       used 50313K, capacity 52468K, committed 53888K, reserved 1093632K
[2020-12-28T18:16:29.064-0500][gc,heap        ] GC(23823)   class space    used 7457K, capacity 8250K, committed 8832K, reserved 1048576K
[2020-12-28T18:16:29.064-0500][gc,start       ] GC(23823) Pause Young (Normal) (G1 Evacuation Pause)
[2020-12-28T18:16:29.064-0500][gc,task        ] GC(23823) Using 8 workers of 8 for evacuation
[2020-12-28T18:16:29.066-0500][gc,phases      ] GC(23823)   Pre Evacuate Collection Set: 0.0ms
[2020-12-28T18:16:29.066-0500][gc,phases      ] GC(23823)   Evacuate Collection Set: 1.0ms
[2020-12-28T18:16:29.066-0500][gc,phases      ] GC(23823)   Post Evacuate Collection Set: 1.4ms
[2020-12-28T18:16:29.066-0500][gc,phases      ] GC(23823)   Other: 0.4ms
[2020-12-28T18:16:29.066-0500][gc,heap        ] GC(23823) Eden regions: 9->0(9)
[2020-12-28T18:16:29.066-0500][gc,heap        ] GC(23823) Survivor regions: 1->1(2)
[2020-12-28T18:16:29.066-0500][gc,heap        ] GC(23823) Old regions: 41->41
[2020-12-28T18:16:29.067-0500][gc,heap        ] GC(23823) Humongous regions: 4->4
[2020-12-28T18:16:29.067-0500][gc,metaspace   ] GC(23823) Metaspace: 50313K->50313K(1093632K)
[2020-12-28T18:16:29.067-0500][gc,heap        ] GC(23823) Heap after GC invocations=23824 (full 5492): garbage-first heap   total 64512K, used 43381K [0x0000000083000000, 0x0000000100000000)
[2020-12-28T18:16:29.067-0500][gc,heap        ] GC(23823)   region size 1024K, 1 young (1024K), 1 survivors (1024K)
[2020-12-28T18:16:29.067-0500][gc,heap        ] GC(23823)  Metaspace       used 50313K, capacity 52468K, committed 53888K, reserved 1093632K
[2020-12-28T18:16:29.067-0500][gc,heap        ] GC(23823)   class space    used 7457K, capacity 8250K, committed 8832K, reserved 1048576K
[2020-12-28T18:16:29.067-0500][gc             ] GC(23823) Pause Young (Normal) (G1 Evacuation Pause) 51M->42M(63M) 3.007ms
[2020-12-28T18:16:29.067-0500][gc,cpu         ] GC(23823) User=0.01s Sys=0.00s Real=0.00s
[2020-12-28T18:16:45.191-0500][gc,task        ] GC(23824) Using 5 workers of 8 for full compaction
[2020-12-28T18:16:45.191-0500][gc,start       ] GC(23824) Pause Full (System.gc())
[2020-12-28T18:16:45.191-0500][gc,heap        ] GC(23824) Heap before GC invocations=23824 (full 5492): garbage-first heap   total 64512K, used 43381K [0x0000000083000000, 0x0000000100000000)
[2020-12-28T18:16:45.191-0500][gc,heap        ] GC(23824)   region size 1024K, 2 young (2048K), 1 survivors (1024K)
[2020-12-28T18:16:45.191-0500][gc,heap        ] GC(23824)  Metaspace       used 50313K, capacity 52468K, committed 53888K, reserved 1093632K
[2020-12-28T18:16:45.191-0500][gc,heap        ] GC(23824)   class space    used 7457K, capacity 8250K, committed 8832K, reserved 1048576K
[2020-12-28T18:16:45.191-0500][gc,phases,start] GC(23824) Phase 1: Mark live objects
[2020-12-28T18:16:45.221-0500][gc,stringtable ] GC(23824) Cleaned string and symbol table, strings: 33320 processed, 4 removed, symbols: 120973 processed, 0 removed
[2020-12-28T18:16:45.221-0500][gc,phases      ] GC(23824) Phase 1: Mark live objects 30.249ms
[2020-12-28T18:16:45.221-0500][gc,phases,start] GC(23824) Phase 2: Prepare for compaction
[2020-12-28T18:16:45.226-0500][gc,phases      ] GC(23824) Phase 2: Prepare for compaction 4.542ms
[2020-12-28T18:16:45.226-0500][gc,phases,start] GC(23824) Phase 3: Adjust pointers
[2020-12-28T18:16:45.236-0500][gc,phases      ] GC(23824) Phase 3: Adjust pointers 9.956ms
[2020-12-28T18:16:45.236-0500][gc,phases,start] GC(23824) Phase 4: Compact heap
[2020-12-28T18:16:45.239-0500][gc,phases      ] GC(23824) Phase 4: Compact heap 2.776ms
[2020-12-28T18:16:45.243-0500][gc,heap        ] GC(23824) Eden regions: 1->0(10)
[2020-12-28T18:16:45.243-0500][gc,heap        ] GC(23824) Survivor regions: 1->0(2)
[2020-12-28T18:16:45.243-0500][gc,heap        ] GC(23824) Old regions: 41->41
[2020-12-28T18:16:45.243-0500][gc,heap        ] GC(23824) Humongous regions: 4->4
[2020-12-28T18:16:45.243-0500][gc,metaspace   ] GC(23824) Metaspace: 50313K->50313K(1093632K)
[2020-12-28T18:16:45.243-0500][gc,heap        ] GC(23824) Heap after GC invocations=23825 (full 5493): garbage-first heap   total 64512K, used 43316K [0x0000000083000000, 0x0000000100000000)
[2020-12-28T18:16:45.243-0500][gc,heap        ] GC(23824)   region size 1024K, 0 young (0K), 0 survivors (0K)
[2020-12-28T18:16:45.243-0500][gc,heap        ] GC(23824)  Metaspace       used 50313K, capacity 52468K, committed 53888K, reserved 1093632K
[2020-12-28T18:16:45.243-0500][gc,heap        ] GC(23824)   class space    used 7457K, capacity 8250K, committed 8832K, reserved 1048576K
[2020-12-28T18:16:45.243-0500][gc             ] GC(23824) Pause Full (System.gc()) 43M->42M(63M) 52.231ms
[2020-12-28T18:16:45.243-0500][gc,cpu         ] GC(23824) User=0.22s Sys=0.00s Real=0.05s
[2020-12-28T18:19:11.410-0500][gc,heap        ] GC(23825) Heap before GC invocations=23825 (full 5493): garbage-first heap   total 64512K, used 53556K [0x0000000083000000, 0x0000000100000000)
[2020-12-28T18:19:11.410-0500][gc,heap        ] GC(23825)   region size 1024K, 10 young (10240K), 0 survivors (0K)
[2020-12-28T18:19:11.410-0500][gc,heap        ] GC(23825)  Metaspace       used 50313K, capacity 52468K, committed 53888K, reserved 1093632K
[2020-12-28T18:19:11.410-0500][gc,heap        ] GC(23825)   class space    used 7457K, capacity 8250K, committed 8832K, reserved 1048576K
[2020-12-28T18:19:11.410-0500][gc,start       ] GC(23825) Pause Young (Normal) (G1 Evacuation Pause)
[2020-12-28T18:19:11.410-0500][gc,task        ] GC(23825) Using 8 workers of 8 for evacuation
[2020-12-28T18:19:11.415-0500][gc,phases      ] GC(23825)   Pre Evacuate Collection Set: 0.0ms
[2020-12-28T18:19:11.415-0500][gc,phases      ] GC(23825)   Evacuate Collection Set: 1.3ms
[2020-12-28T18:19:11.415-0500][gc,phases      ] GC(23825)   Post Evacuate Collection Set: 3.4ms
[2020-12-28T18:19:11.415-0500][gc,phases      ] GC(23825)   Other: 0.2ms
[2020-12-28T18:19:11.415-0500][gc,heap        ] GC(23825) Eden regions: 10->0(9)
[2020-12-28T18:19:11.415-0500][gc,heap        ] GC(23825) Survivor regions: 0->1(2)
[2020-12-28T18:19:11.415-0500][gc,heap        ] GC(23825) Old regions: 41->41
[2020-12-28T18:19:11.415-0500][gc,heap        ] GC(23825) Humongous regions: 4->4
[2020-12-28T18:19:11.415-0500][gc,metaspace   ] GC(23825) Metaspace: 50313K->50313K(1093632K)
[2020-12-28T18:19:11.415-0500][gc,heap        ] GC(23825) Heap after GC invocations=23826 (full 5493): garbage-first heap   total 64512K, used 43386K [0x0000000083000000, 0x0000000100000000)
[2020-12-28T18:19:11.415-0500][gc,heap        ] GC(23825)   region size 1024K, 1 young (1024K), 1 survivors (1024K)
[2020-12-28T18:19:11.415-0500][gc,heap        ] GC(23825)  Metaspace       used 50313K, capacity 52468K, committed 53888K, reserved 1093632K
[2020-12-28T18:19:11.415-0500][gc,heap        ] GC(23825)   class space    used 7457K, capacity 8250K, committed 8832K, reserved 1048576K
[2020-12-28T18:19:11.415-0500][gc             ] GC(23825) Pause Young (Normal) (G1 Evacuation Pause) 52M->42M(63M) 4.899ms
[2020-12-28T18:19:11.415-0500][gc,cpu         ] GC(23825) User=0.01s Sys=0.01s Real=0.00s
[2020-12-28T18:21:29.067-0500][gc,heap        ] GC(23826) Heap before GC invocations=23826 (full 5493): garbage-first heap   total 64512K, used 52602K [0x0000000083000000, 0x0000000100000000)
[2020-12-28T18:21:29.067-0500][gc,heap        ] GC(23826)   region size 1024K, 10 young (10240K), 1 survivors (1024K)
[2020-12-28T18:21:29.067-0500][gc,heap        ] GC(23826)  Metaspace       used 50313K, capacity 52468K, committed 53888K, reserved 1093632K
[2020-12-28T18:21:29.067-0500][gc,heap        ] GC(23826)   class space    used 7457K, capacity 8250K, committed 8832K, reserved 1048576K
[2020-12-28T18:21:29.068-0500][gc,start       ] GC(23826) Pause Young (Normal) (G1 Evacuation Pause)
[2020-12-28T18:21:29.068-0500][gc,task        ] GC(23826) Using 8 workers of 8 for evacuation
[2020-12-28T18:21:29.071-0500][gc,phases      ] GC(23826)   Pre Evacuate Collection Set: 0.0ms
[2020-12-28T18:21:29.071-0500][gc,phases      ] GC(23826)   Evacuate Collection Set: 1.6ms
[2020-12-28T18:21:29.071-0500][gc,phases      ] GC(23826)   Post Evacuate Collection Set: 1.8ms
[2020-12-28T18:21:29.071-0500][gc,phases      ] GC(23826)   Other: 0.6ms
[2020-12-28T18:21:29.071-0500][gc,heap        ] GC(23826) Eden regions: 9->0(9)
[2020-12-28T18:21:29.071-0500][gc,heap        ] GC(23826) Survivor regions: 1->1(2)
[2020-12-28T18:21:29.071-0500][gc,heap        ] GC(23826) Old regions: 41->41
[2020-12-28T18:21:29.071-0500][gc,heap        ] GC(23826) Humongous regions: 4->4
[2020-12-28T18:21:29.071-0500][gc,metaspace   ] GC(23826) Metaspace: 50313K->50313K(1093632K)
[2020-12-28T18:21:29.071-0500][gc,heap        ] GC(23826) Heap after GC invocations=23827 (full 5493): garbage-first heap   total 64512K, used 43392K [0x0000000083000000, 0x0000000100000000)
[2020-12-28T18:21:29.071-0500][gc,heap        ] GC(23826)   region size 1024K, 1 young (1024K), 1 survivors (1024K)
[2020-12-28T18:21:29.071-0500][gc,heap        ] GC(23826)  Metaspace       used 50313K, capacity 52468K, committed 53888K, reserved 1093632K
[2020-12-28T18:21:29.071-0500][gc,heap        ] GC(23826)   class space    used 7457K, capacity 8250K, committed 8832K, reserved 1048576K
[2020-12-28T18:21:29.072-0500][gc             ] GC(23826) Pause Young (Normal) (G1 Evacuation Pause) 51M->42M(63M) 3.965ms
[2020-12-28T18:21:29.072-0500][gc,cpu         ] GC(23826) User=0.01s Sys=0.01s Real=0.01s
[2020-12-28T18:21:45.191-0500][gc,task        ] GC(23827) Using 5 workers of 8 for full compaction
[2020-12-28T18:21:45.191-0500][gc,start       ] GC(23827) Pause Full (System.gc())
[2020-12-28T18:21:45.192-0500][gc,heap        ] GC(23827) Heap before GC invocations=23827 (full 5493): garbage-first heap   total 64512K, used 43392K [0x0000000083000000, 0x0000000100000000)
[2020-12-28T18:21:45.192-0500][gc,heap        ] GC(23827)   region size 1024K, 2 young (2048K), 1 survivors (1024K)
[2020-12-28T18:21:45.192-0500][gc,heap        ] GC(23827)  Metaspace       used 50313K, capacity 52468K, committed 53888K, reserved 1093632K
[2020-12-28T18:21:45.192-0500][gc,heap        ] GC(23827)   class space    used 7457K, capacity 8250K, committed 8832K, reserved 1048576K
[2020-12-28T18:21:45.192-0500][gc,phases,start] GC(23827) Phase 1: Mark live objects
[2020-12-28T18:21:45.219-0500][gc,stringtable ] GC(23827) Cleaned string and symbol table, strings: 33320 processed, 4 removed, symbols: 120973 processed, 0 removed
[2020-12-28T18:21:45.219-0500][gc,phases      ] GC(23827) Phase 1: Mark live objects 27.308ms
[2020-12-28T18:21:45.219-0500][gc,phases,start] GC(23827) Phase 2: Prepare for compaction
[2020-12-28T18:21:45.225-0500][gc,phases      ] GC(23827) Phase 2: Prepare for compaction 5.704ms
[2020-12-28T18:21:45.225-0500][gc,phases,start] GC(23827) Phase 3: Adjust pointers
[2020-12-28T18:21:45.237-0500][gc,phases      ] GC(23827) Phase 3: Adjust pointers 12.076ms
[2020-12-28T18:21:45.237-0500][gc,phases,start] GC(23827) Phase 4: Compact heap
[2020-12-28T18:21:45.240-0500][gc,phases      ] GC(23827) Phase 4: Compact heap 2.687ms
[2020-12-28T18:21:45.244-0500][gc,heap        ] GC(23827) Eden regions: 1->0(10)
[2020-12-28T18:21:45.244-0500][gc,heap        ] GC(23827) Survivor regions: 1->0(2)
[2020-12-28T18:21:45.244-0500][gc,heap        ] GC(23827) Old regions: 41->41
[2020-12-28T18:21:45.244-0500][gc,heap        ] GC(23827) Humongous regions: 4->4
[2020-12-28T18:21:45.244-0500][gc,metaspace   ] GC(23827) Metaspace: 50313K->50313K(1093632K)
[2020-12-28T18:21:45.244-0500][gc,heap        ] GC(23827) Heap after GC invocations=23828 (full 5494): garbage-first heap   total 64512K, used 43313K [0x0000000083000000, 0x0000000100000000)
[2020-12-28T18:21:45.244-0500][gc,heap        ] GC(23827)   region size 1024K, 0 young (0K), 0 survivors (0K)
[2020-12-28T18:21:45.244-0500][gc,heap        ] GC(23827)  Metaspace       used 50313K, capacity 52468K, committed 53888K, reserved 1093632K
[2020-12-28T18:21:45.244-0500][gc,heap        ] GC(23827)   class space    used 7457K, capacity 8250K, committed 8832K, reserved 1048576K
[2020-12-28T18:21:45.244-0500][gc             ] GC(23827) Pause Full (System.gc()) 43M->42M(63M) 52.507ms
[2020-12-28T18:21:45.244-0500][gc,cpu         ] GC(23827) User=0.22s Sys=0.00s Real=0.05s
[2020-12-28T18:24:09.952-0500][gc,heap        ] GC(23828) Heap before GC invocations=23828 (full 5494): garbage-first heap   total 64512K, used 52529K [0x0000000083000000, 0x0000000100000000)
[2020-12-28T18:24:09.952-0500][gc,heap        ] GC(23828)   region size 1024K, 10 young (10240K), 0 survivors (0K)
[2020-12-28T18:24:09.952-0500][gc,heap        ] GC(23828)  Metaspace       used 50313K, capacity 52468K, committed 53888K, reserved 1093632K
[2020-12-28T18:24:09.952-0500][gc,heap        ] GC(23828)   class space    used 7457K, capacity 8250K, committed 8832K, reserved 1048576K
[2020-12-28T18:24:09.952-0500][gc,start       ] GC(23828) Pause Young (Normal) (G1 Evacuation Pause)
[2020-12-28T18:24:09.952-0500][gc,task        ] GC(23828) Using 8 workers of 8 for evacuation
[2020-12-28T18:24:09.956-0500][gc,phases      ] GC(23828)   Pre Evacuate Collection Set: 0.0ms
[2020-12-28T18:24:09.956-0500][gc,phases      ] GC(23828)   Evacuate Collection Set: 1.4ms
[2020-12-28T18:24:09.956-0500][gc,phases      ] GC(23828)   Post Evacuate Collection Set: 2.4ms
[2020-12-28T18:24:09.956-0500][gc,phases      ] GC(23828)   Other: 0.6ms
[2020-12-28T18:24:09.956-0500][gc,heap        ] GC(23828) Eden regions: 10->0(9)
[2020-12-28T18:24:09.956-0500][gc,heap        ] GC(23828) Survivor regions: 0->1(2)
[2020-12-28T18:24:09.956-0500][gc,heap        ] GC(23828) Old regions: 41->41
[2020-12-28T18:24:09.956-0500][gc,heap        ] GC(23828) Humongous regions: 4->4
[2020-12-28T18:24:09.957-0500][gc,metaspace   ] GC(23828) Metaspace: 50313K->50313K(1093632K)
[2020-12-28T18:24:09.957-0500][gc,heap        ] GC(23828) Heap after GC invocations=23829 (full 5494): garbage-first heap   total 64512K, used 43375K [0x0000000083000000, 0x0000000100000000)
[2020-12-28T18:24:09.957-0500][gc,heap        ] GC(23828)   region size 1024K, 1 young (1024K), 1 survivors (1024K)
[2020-12-28T18:24:09.957-0500][gc,heap        ] GC(23828)  Metaspace       used 50313K, capacity 52468K, committed 53888K, reserved 1093632K
[2020-12-28T18:24:09.957-0500][gc,heap        ] GC(23828)   class space    used 7457K, capacity 8250K, committed 8832K, reserved 1048576K
[2020-12-28T18:24:09.957-0500][gc             ] GC(23828) Pause Young (Normal) (G1 Evacuation Pause) 52M->42M(63M) 4.497ms
[2020-12-28T18:24:09.957-0500][gc,cpu         ] GC(23828) User=0.00s Sys=0.01s Real=0.00s
[2020-12-28T18:26:29.062-0500][gc,heap        ] GC(23829) Heap before GC invocations=23829 (full 5494): garbage-first heap   total 64512K, used 51567K [0x0000000083000000, 0x0000000100000000)
[2020-12-28T18:26:29.062-0500][gc,heap        ] GC(23829)   region size 1024K, 10 young (10240K), 1 survivors (1024K)
[2020-12-28T18:26:29.062-0500][gc,heap        ] GC(23829)  Metaspace       used 50313K, capacity 52468K, committed 53888K, reserved 1093632K
[2020-12-28T18:26:29.062-0500][gc,heap        ] GC(23829)   class space    used 7457K, capacity 8250K, committed 8832K, reserved 1048576K
[2020-12-28T18:26:29.063-0500][gc,start       ] GC(23829) Pause Young (Normal) (G1 Evacuation Pause)
[2020-12-28T18:26:29.063-0500][gc,task        ] GC(23829) Using 8 workers of 8 for evacuation
[2020-12-28T18:26:29.066-0500][gc,phases      ] GC(23829)   Pre Evacuate Collection Set: 0.0ms
[2020-12-28T18:26:29.066-0500][gc,phases      ] GC(23829)   Evacuate Collection Set: 1.2ms
[2020-12-28T18:26:29.066-0500][gc,phases      ] GC(23829)   Post Evacuate Collection Set: 2.2ms
[2020-12-28T18:26:29.066-0500][gc,phases      ] GC(23829)   Other: 0.4ms
[2020-12-28T18:26:29.066-0500][gc,heap        ] GC(23829) Eden regions: 9->0(9)
[2020-12-28T18:26:29.066-0500][gc,heap        ] GC(23829) Survivor regions: 1->1(2)
[2020-12-28T18:26:29.066-0500][gc,heap        ] GC(23829) Old regions: 41->41
[2020-12-28T18:26:29.066-0500][gc,heap        ] GC(23829) Humongous regions: 4->4
[2020-12-28T18:26:29.066-0500][gc,metaspace   ] GC(23829) Metaspace: 50313K->50313K(1093632K)
[2020-12-28T18:26:29.066-0500][gc,heap        ] GC(23829) Heap after GC invocations=23830 (full 5494): garbage-first heap   total 64512K, used 43380K [0x0000000083000000, 0x0000000100000000)
[2020-12-28T18:26:29.066-0500][gc,heap        ] GC(23829)   region size 1024K, 1 young (1024K), 1 survivors (1024K)
[2020-12-28T18:26:29.066-0500][gc,heap        ] GC(23829)  Metaspace       used 50313K, capacity 52468K, committed 53888K, reserved 1093632K
[2020-12-28T18:26:29.066-0500][gc,heap        ] GC(23829)   class space    used 7457K, capacity 8250K, committed 8832K, reserved 1048576K
[2020-12-28T18:26:29.066-0500][gc             ] GC(23829) Pause Young (Normal) (G1 Evacuation Pause) 51M->42M(63M) 3.855ms
[2020-12-28T18:26:29.067-0500][gc,cpu         ] GC(23829) User=0.00s Sys=0.01s Real=0.00s
[2020-12-28T18:26:45.192-0500][gc,task        ] GC(23830) Using 5 workers of 8 for full compaction
[2020-12-28T18:26:45.192-0500][gc,start       ] GC(23830) Pause Full (System.gc())
[2020-12-28T18:26:45.192-0500][gc,heap        ] GC(23830) Heap before GC invocations=23830 (full 5494): garbage-first heap   total 64512K, used 44404K [0x0000000083000000, 0x0000000100000000)
[2020-12-28T18:26:45.192-0500][gc,heap        ] GC(23830)   region size 1024K, 3 young (3072K), 1 survivors (1024K)
[2020-12-28T18:26:45.192-0500][gc,heap        ] GC(23830)  Metaspace       used 50313K, capacity 52468K, committed 53888K, reserved 1093632K
[2020-12-28T18:26:45.192-0500][gc,heap        ] GC(23830)   class space    used 7457K, capacity 8250K, committed 8832K, reserved 1048576K
[2020-12-28T18:26:45.193-0500][gc,phases,start] GC(23830) Phase 1: Mark live objects
[2020-12-28T18:26:45.239-0500][gc,stringtable ] GC(23830) Cleaned string and symbol table, strings: 33320 processed, 4 removed, symbols: 120973 processed, 0 removed
[2020-12-28T18:26:45.239-0500][gc,phases      ] GC(23830) Phase 1: Mark live objects 46.425ms
[2020-12-28T18:26:45.239-0500][gc,phases,start] GC(23830) Phase 2: Prepare for compaction
[2020-12-28T18:26:45.243-0500][gc,phases      ] GC(23830) Phase 2: Prepare for compaction 3.607ms
[2020-12-28T18:26:45.243-0500][gc,phases,start] GC(23830) Phase 3: Adjust pointers
[2020-12-28T18:26:45.253-0500][gc,phases      ] GC(23830) Phase 3: Adjust pointers 10.258ms
[2020-12-28T18:26:45.253-0500][gc,phases,start] GC(23830) Phase 4: Compact heap
[2020-12-28T18:26:45.256-0500][gc,phases      ] GC(23830) Phase 4: Compact heap 2.965ms
[2020-12-28T18:26:45.260-0500][gc,heap        ] GC(23830) Eden regions: 2->0(10)
[2020-12-28T18:26:45.260-0500][gc,heap        ] GC(23830) Survivor regions: 1->0(2)
[2020-12-28T18:26:45.260-0500][gc,heap        ] GC(23830) Old regions: 41->41
[2020-12-28T18:26:45.260-0500][gc,heap        ] GC(23830) Humongous regions: 4->4
[2020-12-28T18:26:45.260-0500][gc,metaspace   ] GC(23830) Metaspace: 50313K->50313K(1093632K)
[2020-12-28T18:26:45.260-0500][gc,heap        ] GC(23830) Heap after GC invocations=23831 (full 5495): garbage-first heap   total 64512K, used 43313K [0x0000000083000000, 0x0000000100000000)
[2020-12-28T18:26:45.260-0500][gc,heap        ] GC(23830)   region size 1024K, 0 young (0K), 0 survivors (0K)
[2020-12-28T18:26:45.260-0500][gc,heap        ] GC(23830)  Metaspace       used 50313K, capacity 52468K, committed 53888K, reserved 1093632K
[2020-12-28T18:26:45.260-0500][gc,heap        ] GC(23830)   class space    used 7457K, capacity 8250K, committed 8832K, reserved 1048576K
[2020-12-28T18:26:45.261-0500][gc             ] GC(23830) Pause Full (System.gc()) 43M->42M(63M) 68.253ms
[2020-12-28T18:26:45.261-0500][gc,cpu         ] GC(23830) User=0.30s Sys=0.00s Real=0.07s
[2020-12-28T18:29:13.802-0500][gc,heap        ] GC(23831) Heap before GC invocations=23831 (full 5495): garbage-first heap   total 64512K, used 52529K [0x0000000083000000, 0x0000000100000000)
[2020-12-28T18:29:13.803-0500][gc,heap        ] GC(23831)   region size 1024K, 10 young (10240K), 0 survivors (0K)
[2020-12-28T18:29:13.803-0500][gc,heap        ] GC(23831)  Metaspace       used 50313K, capacity 52468K, committed 53888K, reserved 1093632K
[2020-12-28T18:29:13.803-0500][gc,heap        ] GC(23831)   class space    used 7457K, capacity 8250K, committed 8832K, reserved 1048576K
[2020-12-28T18:29:13.803-0500][gc,start       ] GC(23831) Pause Young (Normal) (G1 Evacuation Pause)
[2020-12-28T18:29:13.803-0500][gc,task        ] GC(23831) Using 8 workers of 8 for evacuation
[2020-12-28T18:29:13.812-0500][gc,phases      ] GC(23831)   Pre Evacuate Collection Set: 0.0ms
[2020-12-28T18:29:13.812-0500][gc,phases      ] GC(23831)   Evacuate Collection Set: 2.7ms
[2020-12-28T18:29:13.812-0500][gc,phases      ] GC(23831)   Post Evacuate Collection Set: 6.4ms
[2020-12-28T18:29:13.812-0500][gc,phases      ] GC(23831)   Other: 0.5ms
[2020-12-28T18:29:13.812-0500][gc,heap        ] GC(23831) Eden regions: 10->0(9)
[2020-12-28T18:29:13.812-0500][gc,heap        ] GC(23831) Survivor regions: 0->1(2)
[2020-12-28T18:29:13.812-0500][gc,heap        ] GC(23831) Old regions: 41->41
[2020-12-28T18:29:13.813-0500][gc,heap        ] GC(23831) Humongous regions: 4->4
[2020-12-28T18:29:13.813-0500][gc,metaspace   ] GC(23831) Metaspace: 50313K->50313K(1093632K)
[2020-12-28T18:29:13.813-0500][gc,heap        ] GC(23831) Heap after GC invocations=23832 (full 5495): garbage-first heap   total 64512K, used 43390K [0x0000000083000000, 0x0000000100000000)
[2020-12-28T18:29:13.813-0500][gc,heap        ] GC(23831)   region size 1024K, 1 young (1024K), 1 survivors (1024K)
[2020-12-28T18:29:13.813-0500][gc,heap        ] GC(23831)  Metaspace       used 50313K, capacity 52468K, committed 53888K, reserved 1093632K
[2020-12-28T18:29:13.813-0500][gc,heap        ] GC(23831)   class space    used 7457K, capacity 8250K, committed 8832K, reserved 1048576K
[2020-12-28T18:29:13.813-0500][gc             ] GC(23831) Pause Young (Normal) (G1 Evacuation Pause) 52M->42M(63M) 10.195ms
[2020-12-28T18:29:13.813-0500][gc,cpu         ] GC(23831) User=0.02s Sys=0.01s Real=0.01s
[2020-12-28T18:31:29.060-0500][gc,heap        ] GC(23832) Heap before GC invocations=23832 (full 5495): garbage-first heap   total 64512K, used 51582K [0x0000000083000000, 0x0000000100000000)
[2020-12-28T18:31:29.060-0500][gc,heap        ] GC(23832)   region size 1024K, 10 young (10240K), 1 survivors (1024K)
[2020-12-28T18:31:29.060-0500][gc,heap        ] GC(23832)  Metaspace       used 50313K, capacity 52468K, committed 53888K, reserved 1093632K
[2020-12-28T18:31:29.060-0500][gc,heap        ] GC(23832)   class space    used 7457K, capacity 8250K, committed 8832K, reserved 1048576K
[2020-12-28T18:31:29.060-0500][gc,start       ] GC(23832) Pause Young (Normal) (G1 Evacuation Pause)
[2020-12-28T18:31:29.060-0500][gc,task        ] GC(23832) Using 8 workers of 8 for evacuation
[2020-12-28T18:31:29.062-0500][gc,phases      ] GC(23832)   Pre Evacuate Collection Set: 0.0ms
[2020-12-28T18:31:29.062-0500][gc,phases      ] GC(23832)   Evacuate Collection Set: 0.8ms
[2020-12-28T18:31:29.062-0500][gc,phases      ] GC(23832)   Post Evacuate Collection Set: 1.3ms
[2020-12-28T18:31:29.062-0500][gc,phases      ] GC(23832)   Other: 0.3ms
[2020-12-28T18:31:29.062-0500][gc,heap        ] GC(23832) Eden regions: 9->0(9)
[2020-12-28T18:31:29.062-0500][gc,heap        ] GC(23832) Survivor regions: 1->1(2)
[2020-12-28T18:31:29.062-0500][gc,heap        ] GC(23832) Old regions: 41->41
[2020-12-28T18:31:29.062-0500][gc,heap        ] GC(23832) Humongous regions: 4->4
[2020-12-28T18:31:29.062-0500][gc,metaspace   ] GC(23832) Metaspace: 50313K->50313K(1093632K)
[2020-12-28T18:31:29.062-0500][gc,heap        ] GC(23832) Heap after GC invocations=23833 (full 5495): garbage-first heap   total 64512K, used 43397K [0x0000000083000000, 0x0000000100000000)
[2020-12-28T18:31:29.062-0500][gc,heap        ] GC(23832)   region size 1024K, 1 young (1024K), 1 survivors (1024K)
[2020-12-28T18:31:29.063-0500][gc,heap        ] GC(23832)  Metaspace       used 50313K, capacity 52468K, committed 53888K, reserved 1093632K
[2020-12-28T18:31:29.063-0500][gc,heap        ] GC(23832)   class space    used 7457K, capacity 8250K, committed 8832K, reserved 1048576K
[2020-12-28T18:31:29.063-0500][gc             ] GC(23832) Pause Young (Normal) (G1 Evacuation Pause) 51M->42M(63M) 2.511ms
[2020-12-28T18:31:29.063-0500][gc,cpu         ] GC(23832) User=0.01s Sys=0.00s Real=0.00s
[2020-12-28T18:31:45.189-0500][gc,task        ] GC(23833) Using 5 workers of 8 for full compaction
[2020-12-28T18:31:45.189-0500][gc,start       ] GC(23833) Pause Full (System.gc())
[2020-12-28T18:31:45.189-0500][gc,heap        ] GC(23833) Heap before GC invocations=23833 (full 5495): garbage-first heap   total 64512K, used 44421K [0x0000000083000000, 0x0000000100000000)
[2020-12-28T18:31:45.189-0500][gc,heap        ] GC(23833)   region size 1024K, 3 young (3072K), 1 survivors (1024K)
[2020-12-28T18:31:45.189-0500][gc,heap        ] GC(23833)  Metaspace       used 50313K, capacity 52468K, committed 53888K, reserved 1093632K
[2020-12-28T18:31:45.189-0500][gc,heap        ] GC(23833)   class space    used 7457K, capacity 8250K, committed 8832K, reserved 1048576K
[2020-12-28T18:31:45.189-0500][gc,phases,start] GC(23833) Phase 1: Mark live objects
[2020-12-28T18:31:45.216-0500][gc,stringtable ] GC(23833) Cleaned string and symbol table, strings: 33320 processed, 4 removed, symbols: 120973 processed, 0 removed
[2020-12-28T18:31:45.216-0500][gc,phases      ] GC(23833) Phase 1: Mark live objects 27.188ms
[2020-12-28T18:31:45.216-0500][gc,phases,start] GC(23833) Phase 2: Prepare for compaction
[2020-12-28T18:31:45.220-0500][gc,phases      ] GC(23833) Phase 2: Prepare for compaction 3.415ms
[2020-12-28T18:31:45.220-0500][gc,phases,start] GC(23833) Phase 3: Adjust pointers
[2020-12-28T18:31:45.229-0500][gc,phases      ] GC(23833) Phase 3: Adjust pointers 9.291ms
[2020-12-28T18:31:45.229-0500][gc,phases,start] GC(23833) Phase 4: Compact heap
[2020-12-28T18:31:45.232-0500][gc,phases      ] GC(23833) Phase 4: Compact heap 3.075ms
[2020-12-28T18:31:45.236-0500][gc,heap        ] GC(23833) Eden regions: 2->0(10)
[2020-12-28T18:31:45.236-0500][gc,heap        ] GC(23833) Survivor regions: 1->0(2)
[2020-12-28T18:31:45.236-0500][gc,heap        ] GC(23833) Old regions: 41->41
[2020-12-28T18:31:45.236-0500][gc,heap        ] GC(23833) Humongous regions: 4->4
[2020-12-28T18:31:45.236-0500][gc,metaspace   ] GC(23833) Metaspace: 50313K->50313K(1093632K)
[2020-12-28T18:31:45.236-0500][gc,heap        ] GC(23833) Heap after GC invocations=23834 (full 5496): garbage-first heap   total 64512K, used 43321K [0x0000000083000000, 0x0000000100000000)
[2020-12-28T18:31:45.236-0500][gc,heap        ] GC(23833)   region size 1024K, 0 young (0K), 0 survivors (0K)
[2020-12-28T18:31:45.236-0500][gc,heap        ] GC(23833)  Metaspace       used 50313K, capacity 52468K, committed 53888K, reserved 1093632K
[2020-12-28T18:31:45.236-0500][gc,heap        ] GC(23833)   class space    used 7457K, capacity 8250K, committed 8832K, reserved 1048576K
[2020-12-28T18:31:45.236-0500][gc             ] GC(23833) Pause Full (System.gc()) 43M->42M(63M) 47.850ms
[2020-12-28T18:31:45.237-0500][gc,cpu         ] GC(23833) User=0.19s Sys=0.00s Real=0.04s
[2020-12-28T18:34:11.907-0500][gc,heap        ] GC(23834) Heap before GC invocations=23834 (full 5496): garbage-first heap   total 64512K, used 52537K [0x0000000083000000, 0x0000000100000000)
[2020-12-28T18:34:11.907-0500][gc,heap        ] GC(23834)   region size 1024K, 10 young (10240K), 0 survivors (0K)
[2020-12-28T18:34:11.907-0500][gc,heap        ] GC(23834)  Metaspace       used 50313K, capacity 52468K, committed 53888K, reserved 1093632K
[2020-12-28T18:34:11.907-0500][gc,heap        ] GC(23834)   class space    used 7457K, capacity 8250K, committed 8832K, reserved 1048576K
[2020-12-28T18:34:11.907-0500][gc,start       ] GC(23834) Pause Young (Normal) (G1 Evacuation Pause)
[2020-12-28T18:34:11.907-0500][gc,task        ] GC(23834) Using 8 workers of 8 for evacuation
[2020-12-28T18:34:11.912-0500][gc,phases      ] GC(23834)   Pre Evacuate Collection Set: 0.0ms
[2020-12-28T18:34:11.912-0500][gc,phases      ] GC(23834)   Evacuate Collection Set: 1.6ms
[2020-12-28T18:34:11.912-0500][gc,phases      ] GC(23834)   Post Evacuate Collection Set: 2.5ms
[2020-12-28T18:34:11.912-0500][gc,phases      ] GC(23834)   Other: 0.5ms
[2020-12-28T18:34:11.912-0500][gc,heap        ] GC(23834) Eden regions: 10->0(9)
[2020-12-28T18:34:11.912-0500][gc,heap        ] GC(23834) Survivor regions: 0->1(2)
[2020-12-28T18:34:11.912-0500][gc,heap        ] GC(23834) Old regions: 41->41
[2020-12-28T18:34:11.912-0500][gc,heap        ] GC(23834) Humongous regions: 4->4
[2020-12-28T18:34:11.912-0500][gc,metaspace   ] GC(23834) Metaspace: 50313K->50313K(1093632K)
[2020-12-28T18:34:11.912-0500][gc,heap        ] GC(23834) Heap after GC invocations=23835 (full 5496): garbage-first heap   total 64512K, used 43388K [0x0000000083000000, 0x0000000100000000)
[2020-12-28T18:34:11.912-0500][gc,heap        ] GC(23834)   region size 1024K, 1 young (1024K), 1 survivors (1024K)
[2020-12-28T18:34:11.912-0500][gc,heap        ] GC(23834)  Metaspace       used 50313K, capacity 52468K, committed 53888K, reserved 1093632K
[2020-12-28T18:34:11.912-0500][gc,heap        ] GC(23834)   class space    used 7457K, capacity 8250K, committed 8832K, reserved 1048576K
[2020-12-28T18:34:11.912-0500][gc             ] GC(23834) Pause Young (Normal) (G1 Evacuation Pause) 52M->42M(63M) 4.830ms
[2020-12-28T18:34:11.912-0500][gc,cpu         ] GC(23834) User=0.00s Sys=0.01s Real=0.01s
[2020-12-28T18:36:29.069-0500][gc,heap        ] GC(23835) Heap before GC invocations=23835 (full 5496): garbage-first heap   total 64512K, used 52604K [0x0000000083000000, 0x0000000100000000)
[2020-12-28T18:36:29.069-0500][gc,heap        ] GC(23835)   region size 1024K, 10 young (10240K), 1 survivors (1024K)
[2020-12-28T18:36:29.069-0500][gc,heap        ] GC(23835)  Metaspace       used 50313K, capacity 52468K, committed 53888K, reserved 1093632K
[2020-12-28T18:36:29.069-0500][gc,heap        ] GC(23835)   class space    used 7457K, capacity 8250K, committed 8832K, reserved 1048576K
[2020-12-28T18:36:29.069-0500][gc,start       ] GC(23835) Pause Young (Normal) (G1 Evacuation Pause)
[2020-12-28T18:36:29.069-0500][gc,task        ] GC(23835) Using 8 workers of 8 for evacuation
[2020-12-28T18:36:29.076-0500][gc,phases      ] GC(23835)   Pre Evacuate Collection Set: 0.0ms
[2020-12-28T18:36:29.076-0500][gc,phases      ] GC(23835)   Evacuate Collection Set: 1.5ms
[2020-12-28T18:36:29.076-0500][gc,phases      ] GC(23835)   Post Evacuate Collection Set: 4.7ms
[2020-12-28T18:36:29.076-0500][gc,phases      ] GC(23835)   Other: 0.4ms
[2020-12-28T18:36:29.076-0500][gc,heap        ] GC(23835) Eden regions: 9->0(9)
[2020-12-28T18:36:29.076-0500][gc,heap        ] GC(23835) Survivor regions: 1->1(2)
[2020-12-28T18:36:29.076-0500][gc,heap        ] GC(23835) Old regions: 41->41
[2020-12-28T18:36:29.076-0500][gc,heap        ] GC(23835) Humongous regions: 4->4
[2020-12-28T18:36:29.076-0500][gc,metaspace   ] GC(23835) Metaspace: 50313K->50313K(1093632K)
[2020-12-28T18:36:29.076-0500][gc,heap        ] GC(23835) Heap after GC invocations=23836 (full 5496): garbage-first heap   total 64512K, used 43405K [0x0000000083000000, 0x0000000100000000)
[2020-12-28T18:36:29.076-0500][gc,heap        ] GC(23835)   region size 1024K, 1 young (1024K), 1 survivors (1024K)
[2020-12-28T18:36:29.076-0500][gc,heap        ] GC(23835)  Metaspace       used 50313K, capacity 52468K, committed 53888K, reserved 1093632K
[2020-12-28T18:36:29.076-0500][gc,heap        ] GC(23835)   class space    used 7457K, capacity 8250K, committed 8832K, reserved 1048576K
[2020-12-28T18:36:29.076-0500][gc             ] GC(23835) Pause Young (Normal) (G1 Evacuation Pause) 51M->42M(63M) 6.911ms
[2020-12-28T18:36:29.076-0500][gc,cpu         ] GC(23835) User=0.03s Sys=0.00s Real=0.00s
[2020-12-28T18:36:45.190-0500][gc,task        ] GC(23836) Using 5 workers of 8 for full compaction
[2020-12-28T18:36:45.191-0500][gc,start       ] GC(23836) Pause Full (System.gc())
[2020-12-28T18:36:45.191-0500][gc,heap        ] GC(23836) Heap before GC invocations=23836 (full 5496): garbage-first heap   total 64512K, used 43405K [0x0000000083000000, 0x0000000100000000)
[2020-12-28T18:36:45.191-0500][gc,heap        ] GC(23836)   region size 1024K, 2 young (2048K), 1 survivors (1024K)
[2020-12-28T18:36:45.191-0500][gc,heap        ] GC(23836)  Metaspace       used 50313K, capacity 52468K, committed 53888K, reserved 1093632K
[2020-12-28T18:36:45.191-0500][gc,heap        ] GC(23836)   class space    used 7457K, capacity 8250K, committed 8832K, reserved 1048576K
[2020-12-28T18:36:45.191-0500][gc,phases,start] GC(23836) Phase 1: Mark live objects
[2020-12-28T18:36:45.229-0500][gc,stringtable ] GC(23836) Cleaned string and symbol table, strings: 33320 processed, 4 removed, symbols: 120973 processed, 0 removed
[2020-12-28T18:36:45.229-0500][gc,phases      ] GC(23836) Phase 1: Mark live objects 37.947ms
[2020-12-28T18:36:45.229-0500][gc,phases,start] GC(23836) Phase 2: Prepare for compaction
[2020-12-28T18:36:45.235-0500][gc,phases      ] GC(23836) Phase 2: Prepare for compaction 5.367ms
[2020-12-28T18:36:45.235-0500][gc,phases,start] GC(23836) Phase 3: Adjust pointers
[2020-12-28T18:36:45.246-0500][gc,phases      ] GC(23836) Phase 3: Adjust pointers 11.345ms
[2020-12-28T18:36:45.246-0500][gc,phases,start] GC(23836) Phase 4: Compact heap
[2020-12-28T18:36:45.249-0500][gc,phases      ] GC(23836) Phase 4: Compact heap 2.839ms
[2020-12-28T18:36:45.253-0500][gc,heap        ] GC(23836) Eden regions: 1->0(10)
[2020-12-28T18:36:45.254-0500][gc,heap        ] GC(23836) Survivor regions: 1->0(2)
[2020-12-28T18:36:45.254-0500][gc,heap        ] GC(23836) Old regions: 41->41
[2020-12-28T18:36:45.254-0500][gc,heap        ] GC(23836) Humongous regions: 4->4
[2020-12-28T18:36:45.254-0500][gc,metaspace   ] GC(23836) Metaspace: 50313K->50313K(1093632K)
[2020-12-28T18:36:45.254-0500][gc,heap        ] GC(23836) Heap after GC invocations=23837 (full 5497): garbage-first heap   total 64512K, used 43313K [0x0000000083000000, 0x0000000100000000)
[2020-12-28T18:36:45.254-0500][gc,heap        ] GC(23836)   region size 1024K, 0 young (0K), 0 survivors (0K)
[2020-12-28T18:36:45.254-0500][gc,heap        ] GC(23836)  Metaspace       used 50313K, capacity 52468K, committed 53888K, reserved 1093632K
[2020-12-28T18:36:45.254-0500][gc,heap        ] GC(23836)   class space    used 7457K, capacity 8250K, committed 8832K, reserved 1048576K
[2020-12-28T18:36:45.254-0500][gc             ] GC(23836) Pause Full (System.gc()) 43M->42M(63M) 63.031ms
[2020-12-28T18:36:45.254-0500][gc,cpu         ] GC(23836) User=0.28s Sys=0.00s Real=0.06s
[2020-12-28T18:39:05.378-0500][gc,heap        ] GC(23837) Heap before GC invocations=23837 (full 5497): garbage-first heap   total 64512K, used 52529K [0x0000000083000000, 0x0000000100000000)
[2020-12-28T18:39:05.378-0500][gc,heap        ] GC(23837)   region size 1024K, 10 young (10240K), 0 survivors (0K)
[2020-12-28T18:39:05.378-0500][gc,heap        ] GC(23837)  Metaspace       used 50313K, capacity 52468K, committed 53888K, reserved 1093632K
[2020-12-28T18:39:05.378-0500][gc,heap        ] GC(23837)   class space    used 7457K, capacity 8250K, committed 8832K, reserved 1048576K
[2020-12-28T18:39:05.379-0500][gc,start       ] GC(23837) Pause Young (Normal) (G1 Evacuation Pause)
[2020-12-28T18:39:05.379-0500][gc,task        ] GC(23837) Using 8 workers of 8 for evacuation
[2020-12-28T18:39:05.384-0500][gc,phases      ] GC(23837)   Pre Evacuate Collection Set: 0.0ms
[2020-12-28T18:39:05.384-0500][gc,phases      ] GC(23837)   Evacuate Collection Set: 2.2ms
[2020-12-28T18:39:05.384-0500][gc,phases      ] GC(23837)   Post Evacuate Collection Set: 3.3ms
[2020-12-28T18:39:05.384-0500][gc,phases      ] GC(23837)   Other: 0.6ms
[2020-12-28T18:39:05.385-0500][gc,heap        ] GC(23837) Eden regions: 10->0(9)
[2020-12-28T18:39:05.385-0500][gc,heap        ] GC(23837) Survivor regions: 0->1(2)
[2020-12-28T18:39:05.385-0500][gc,heap        ] GC(23837) Old regions: 41->41
[2020-12-28T18:39:05.385-0500][gc,heap        ] GC(23837) Humongous regions: 4->4
[2020-12-28T18:39:05.385-0500][gc,metaspace   ] GC(23837) Metaspace: 50313K->50313K(1093632K)
[2020-12-28T18:39:05.385-0500][gc,heap        ] GC(23837) Heap after GC invocations=23838 (full 5497): garbage-first heap   total 64512K, used 43389K [0x0000000083000000, 0x0000000100000000)
[2020-12-28T18:39:05.385-0500][gc,heap        ] GC(23837)   region size 1024K, 1 young (1024K), 1 survivors (1024K)
[2020-12-28T18:39:05.385-0500][gc,heap        ] GC(23837)  Metaspace       used 50313K, capacity 52468K, committed 53888K, reserved 1093632K
[2020-12-28T18:39:05.385-0500][gc,heap        ] GC(23837)   class space    used 7457K, capacity 8250K, committed 8832K, reserved 1048576K
[2020-12-28T18:39:05.385-0500][gc             ] GC(23837) Pause Young (Normal) (G1 Evacuation Pause) 52M->42M(63M) 6.345ms
[2020-12-28T18:39:05.385-0500][gc,cpu         ] GC(23837) User=0.02s Sys=0.00s Real=0.00s
[2020-12-28T18:41:20.464-0500][gc,heap        ] GC(23838) Heap before GC invocations=23838 (full 5497): garbage-first heap   total 64512K, used 52605K [0x0000000083000000, 0x0000000100000000)
[2020-12-28T18:41:20.464-0500][gc,heap        ] GC(23838)   region size 1024K, 10 young (10240K), 1 survivors (1024K)
[2020-12-28T18:41:20.464-0500][gc,heap        ] GC(23838)  Metaspace       used 50313K, capacity 52468K, committed 53888K, reserved 1093632K
[2020-12-28T18:41:20.464-0500][gc,heap        ] GC(23838)   class space    used 7457K, capacity 8250K, committed 8832K, reserved 1048576K
[2020-12-28T18:41:20.464-0500][gc,start       ] GC(23838) Pause Young (Normal) (G1 Evacuation Pause)
[2020-12-28T18:41:20.464-0500][gc,task        ] GC(23838) Using 8 workers of 8 for evacuation
[2020-12-28T18:41:20.468-0500][gc,phases      ] GC(23838)   Pre Evacuate Collection Set: 0.0ms
[2020-12-28T18:41:20.468-0500][gc,phases      ] GC(23838)   Evacuate Collection Set: 1.3ms
[2020-12-28T18:41:20.468-0500][gc,phases      ] GC(23838)   Post Evacuate Collection Set: 1.7ms
[2020-12-28T18:41:20.468-0500][gc,phases      ] GC(23838)   Other: 0.5ms
[2020-12-28T18:41:20.468-0500][gc,heap        ] GC(23838) Eden regions: 9->0(9)
[2020-12-28T18:41:20.468-0500][gc,heap        ] GC(23838) Survivor regions: 1->1(2)
[2020-12-28T18:41:20.468-0500][gc,heap        ] GC(23838) Old regions: 41->41
[2020-12-28T18:41:20.468-0500][gc,heap        ] GC(23838) Humongous regions: 4->4
[2020-12-28T18:41:20.468-0500][gc,metaspace   ] GC(23838) Metaspace: 50313K->50313K(1093632K)
[2020-12-28T18:41:20.468-0500][gc,heap        ] GC(23838) Heap after GC invocations=23839 (full 5497): garbage-first heap   total 64512K, used 43368K [0x0000000083000000, 0x0000000100000000)
[2020-12-28T18:41:20.468-0500][gc,heap        ] GC(23838)   region size 1024K, 1 young (1024K), 1 survivors (1024K)
[2020-12-28T18:41:20.468-0500][gc,heap        ] GC(23838)  Metaspace       used 50313K, capacity 52468K, committed 53888K, reserved 1093632K
[2020-12-28T18:41:20.468-0500][gc,heap        ] GC(23838)   class space    used 7457K, capacity 8250K, committed 8832K, reserved 1048576K
[2020-12-28T18:41:20.468-0500][gc             ] GC(23838) Pause Young (Normal) (G1 Evacuation Pause) 51M->42M(63M) 3.516ms
[2020-12-28T18:41:20.468-0500][gc,cpu         ] GC(23838) User=0.01s Sys=0.01s Real=0.01s
[2020-12-28T18:41:45.190-0500][gc,task        ] GC(23839) Using 5 workers of 8 for full compaction
[2020-12-28T18:41:45.190-0500][gc,start       ] GC(23839) Pause Full (System.gc())
[2020-12-28T18:41:45.190-0500][gc,heap        ] GC(23839) Heap before GC invocations=23839 (full 5497): garbage-first heap   total 64512K, used 44392K [0x0000000083000000, 0x0000000100000000)
[2020-12-28T18:41:45.190-0500][gc,heap        ] GC(23839)   region size 1024K, 3 young (3072K), 1 survivors (1024K)
[2020-12-28T18:41:45.190-0500][gc,heap        ] GC(23839)  Metaspace       used 50313K, capacity 52468K, committed 53888K, reserved 1093632K
[2020-12-28T18:41:45.190-0500][gc,heap        ] GC(23839)   class space    used 7457K, capacity 8250K, committed 8832K, reserved 1048576K
[2020-12-28T18:41:45.191-0500][gc,phases,start] GC(23839) Phase 1: Mark live objects
[2020-12-28T18:41:45.226-0500][gc,stringtable ] GC(23839) Cleaned string and symbol table, strings: 33320 processed, 4 removed, symbols: 120973 processed, 0 removed
[2020-12-28T18:41:45.226-0500][gc,phases      ] GC(23839) Phase 1: Mark live objects 35.223ms
[2020-12-28T18:41:45.226-0500][gc,phases,start] GC(23839) Phase 2: Prepare for compaction
[2020-12-28T18:41:45.230-0500][gc,phases      ] GC(23839) Phase 2: Prepare for compaction 4.397ms
[2020-12-28T18:41:45.230-0500][gc,phases,start] GC(23839) Phase 3: Adjust pointers
[2020-12-28T18:41:45.244-0500][gc,phases      ] GC(23839) Phase 3: Adjust pointers 13.236ms
[2020-12-28T18:41:45.244-0500][gc,phases,start] GC(23839) Phase 4: Compact heap
[2020-12-28T18:41:45.246-0500][gc,phases      ] GC(23839) Phase 4: Compact heap 2.768ms
[2020-12-28T18:41:45.251-0500][gc,heap        ] GC(23839) Eden regions: 2->0(9)
[2020-12-28T18:41:45.251-0500][gc,heap        ] GC(23839) Survivor regions: 1->0(2)
[2020-12-28T18:41:45.251-0500][gc,heap        ] GC(23839) Old regions: 41->42
[2020-12-28T18:41:45.251-0500][gc,heap        ] GC(23839) Humongous regions: 4->4
[2020-12-28T18:41:45.251-0500][gc,metaspace   ] GC(23839) Metaspace: 50313K->50313K(1093632K)
[2020-12-28T18:41:45.251-0500][gc,heap        ] GC(23839) Heap after GC invocations=23840 (full 5498): garbage-first heap   total 64512K, used 43315K [0x0000000083000000, 0x0000000100000000)
[2020-12-28T18:41:45.251-0500][gc,heap        ] GC(23839)   region size 1024K, 0 young (0K), 0 survivors (0K)
[2020-12-28T18:41:45.251-0500][gc,heap        ] GC(23839)  Metaspace       used 50313K, capacity 52468K, committed 53888K, reserved 1093632K
[2020-12-28T18:41:45.251-0500][gc,heap        ] GC(23839)   class space    used 7457K, capacity 8250K, committed 8832K, reserved 1048576K
[2020-12-28T18:41:45.251-0500][gc             ] GC(23839) Pause Full (System.gc()) 43M->42M(63M) 60.869ms
[2020-12-28T18:41:45.251-0500][gc,cpu         ] GC(23839) User=0.25s Sys=0.00s Real=0.06s
[2020-12-28T18:43:59.061-0500][gc,heap        ] GC(23840) Heap before GC invocations=23840 (full 5498): garbage-first heap   total 64512K, used 51507K [0x0000000083000000, 0x0000000100000000)
[2020-12-28T18:43:59.061-0500][gc,heap        ] GC(23840)   region size 1024K, 9 young (9216K), 0 survivors (0K)
[2020-12-28T18:43:59.061-0500][gc,heap        ] GC(23840)  Metaspace       used 50313K, capacity 52468K, committed 53888K, reserved 1093632K
[2020-12-28T18:43:59.061-0500][gc,heap        ] GC(23840)   class space    used 7457K, capacity 8250K, committed 8832K, reserved 1048576K
[2020-12-28T18:43:59.061-0500][gc,start       ] GC(23840) Pause Young (Normal) (G1 Evacuation Pause)
[2020-12-28T18:43:59.061-0500][gc,task        ] GC(23840) Using 8 workers of 8 for evacuation
[2020-12-28T18:43:59.063-0500][gc,phases      ] GC(23840)   Pre Evacuate Collection Set: 0.0ms
[2020-12-28T18:43:59.063-0500][gc,phases      ] GC(23840)   Evacuate Collection Set: 0.9ms
[2020-12-28T18:43:59.063-0500][gc,phases      ] GC(23840)   Post Evacuate Collection Set: 1.3ms
[2020-12-28T18:43:59.063-0500][gc,phases      ] GC(23840)   Other: 0.2ms
[2020-12-28T18:43:59.063-0500][gc,heap        ] GC(23840) Eden regions: 9->0(8)
[2020-12-28T18:43:59.063-0500][gc,heap        ] GC(23840) Survivor regions: 0->1(2)
[2020-12-28T18:43:59.063-0500][gc,heap        ] GC(23840) Old regions: 42->42
[2020-12-28T18:43:59.063-0500][gc,heap        ] GC(23840) Humongous regions: 4->4
[2020-12-28T18:43:59.063-0500][gc,metaspace   ] GC(23840) Metaspace: 50313K->50313K(1093632K)
[2020-12-28T18:43:59.063-0500][gc,heap        ] GC(23840) Heap after GC invocations=23841 (full 5498): garbage-first heap   total 64512K, used 43392K [0x0000000083000000, 0x0000000100000000)
[2020-12-28T18:43:59.063-0500][gc,heap        ] GC(23840)   region size 1024K, 1 young (1024K), 1 survivors (1024K)
[2020-12-28T18:43:59.063-0500][gc,heap        ] GC(23840)  Metaspace       used 50313K, capacity 52468K, committed 53888K, reserved 1093632K
[2020-12-28T18:43:59.063-0500][gc,heap        ] GC(23840)   class space    used 7457K, capacity 8250K, committed 8832K, reserved 1048576K
[2020-12-28T18:43:59.063-0500][gc             ] GC(23840) Pause Young (Normal) (G1 Evacuation Pause) 51M->42M(63M) 2.514ms
[2020-12-28T18:43:59.063-0500][gc,cpu         ] GC(23840) User=0.01s Sys=0.00s Real=0.00s
[2020-12-28T18:45:59.062-0500][gc,heap        ] GC(23841) Heap before GC invocations=23841 (full 5498): garbage-first heap   total 64512K, used 51584K [0x0000000083000000, 0x0000000100000000)
[2020-12-28T18:45:59.062-0500][gc,heap        ] GC(23841)   region size 1024K, 9 young (9216K), 1 survivors (1024K)
[2020-12-28T18:45:59.062-0500][gc,heap        ] GC(23841)  Metaspace       used 50313K, capacity 52468K, committed 53888K, reserved 1093632K
[2020-12-28T18:45:59.062-0500][gc,heap        ] GC(23841)   class space    used 7457K, capacity 8250K, committed 8832K, reserved 1048576K
[2020-12-28T18:45:59.062-0500][gc,start       ] GC(23841) Pause Young (Normal) (G1 Evacuation Pause)
[2020-12-28T18:45:59.062-0500][gc,task        ] GC(23841) Using 8 workers of 8 for evacuation
[2020-12-28T18:45:59.064-0500][gc,phases      ] GC(23841)   Pre Evacuate Collection Set: 0.0ms
[2020-12-28T18:45:59.064-0500][gc,phases      ] GC(23841)   Evacuate Collection Set: 0.7ms
[2020-12-28T18:45:59.064-0500][gc,phases      ] GC(23841)   Post Evacuate Collection Set: 0.8ms
[2020-12-28T18:45:59.064-0500][gc,phases      ] GC(23841)   Other: 0.4ms
[2020-12-28T18:45:59.064-0500][gc,heap        ] GC(23841) Eden regions: 8->0(8)
[2020-12-28T18:45:59.064-0500][gc,heap        ] GC(23841) Survivor regions: 1->1(2)
[2020-12-28T18:45:59.064-0500][gc,heap        ] GC(23841) Old regions: 42->42
[2020-12-28T18:45:59.064-0500][gc,heap        ] GC(23841) Humongous regions: 4->4
[2020-12-28T18:45:59.064-0500][gc,metaspace   ] GC(23841) Metaspace: 50313K->50313K(1093632K)
[2020-12-28T18:45:59.064-0500][gc,heap        ] GC(23841) Heap after GC invocations=23842 (full 5498): garbage-first heap   total 64512K, used 43370K [0x0000000083000000, 0x0000000100000000)
[2020-12-28T18:45:59.064-0500][gc,heap        ] GC(23841)   region size 1024K, 1 young (1024K), 1 survivors (1024K)
[2020-12-28T18:45:59.064-0500][gc,heap        ] GC(23841)  Metaspace       used 50313K, capacity 52468K, committed 53888K, reserved 1093632K
[2020-12-28T18:45:59.064-0500][gc,heap        ] GC(23841)   class space    used 7457K, capacity 8250K, committed 8832K, reserved 1048576K
[2020-12-28T18:45:59.064-0500][gc             ] GC(23841) Pause Young (Normal) (G1 Evacuation Pause) 50M->42M(63M) 1.870ms
[2020-12-28T18:45:59.064-0500][gc,cpu         ] GC(23841) User=0.01s Sys=0.00s Real=0.00s
[2020-12-28T18:46:45.189-0500][gc,task        ] GC(23842) Using 5 workers of 8 for full compaction
[2020-12-28T18:46:45.189-0500][gc,start       ] GC(23842) Pause Full (System.gc())
[2020-12-28T18:46:45.189-0500][gc,heap        ] GC(23842) Heap before GC invocations=23842 (full 5498): garbage-first heap   total 64512K, used 46442K [0x0000000083000000, 0x0000000100000000)
[2020-12-28T18:46:45.189-0500][gc,heap        ] GC(23842)   region size 1024K, 5 young (5120K), 1 survivors (1024K)
[2020-12-28T18:46:45.189-0500][gc,heap        ] GC(23842)  Metaspace       used 50313K, capacity 52468K, committed 53888K, reserved 1093632K
[2020-12-28T18:46:45.189-0500][gc,heap        ] GC(23842)   class space    used 7457K, capacity 8250K, committed 8832K, reserved 1048576K
[2020-12-28T18:46:45.189-0500][gc,phases,start] GC(23842) Phase 1: Mark live objects
[2020-12-28T18:46:45.206-0500][gc,stringtable ] GC(23842) Cleaned string and symbol table, strings: 33320 processed, 4 removed, symbols: 120973 processed, 0 removed
[2020-12-28T18:46:45.206-0500][gc,phases      ] GC(23842) Phase 1: Mark live objects 17.213ms
[2020-12-28T18:46:45.206-0500][gc,phases,start] GC(23842) Phase 2: Prepare for compaction
[2020-12-28T18:46:45.210-0500][gc,phases      ] GC(23842) Phase 2: Prepare for compaction 3.050ms
[2020-12-28T18:46:45.210-0500][gc,phases,start] GC(23842) Phase 3: Adjust pointers
[2020-12-28T18:46:45.219-0500][gc,phases      ] GC(23842) Phase 3: Adjust pointers 8.990ms
[2020-12-28T18:46:45.219-0500][gc,phases,start] GC(23842) Phase 4: Compact heap
[2020-12-28T18:46:45.221-0500][gc,phases      ] GC(23842) Phase 4: Compact heap 2.335ms
[2020-12-28T18:46:45.225-0500][gc,heap        ] GC(23842) Eden regions: 4->0(9)
[2020-12-28T18:46:45.225-0500][gc,heap        ] GC(23842) Survivor regions: 1->0(2)
[2020-12-28T18:46:45.225-0500][gc,heap        ] GC(23842) Old regions: 42->42
[2020-12-28T18:46:45.225-0500][gc,heap        ] GC(23842) Humongous regions: 4->4
[2020-12-28T18:46:45.225-0500][gc,metaspace   ] GC(23842) Metaspace: 50313K->50313K(1093632K)
[2020-12-28T18:46:45.225-0500][gc,heap        ] GC(23842) Heap after GC invocations=23843 (full 5499): garbage-first heap   total 64512K, used 43331K [0x0000000083000000, 0x0000000100000000)
[2020-12-28T18:46:45.225-0500][gc,heap        ] GC(23842)   region size 1024K, 0 young (0K), 0 survivors (0K)
[2020-12-28T18:46:45.225-0500][gc,heap        ] GC(23842)  Metaspace       used 50313K, capacity 52468K, committed 53888K, reserved 1093632K
[2020-12-28T18:46:45.225-0500][gc,heap        ] GC(23842)   class space    used 7457K, capacity 8250K, committed 8832K, reserved 1048576K
[2020-12-28T18:46:45.225-0500][gc             ] GC(23842) Pause Full (System.gc()) 45M->42M(63M) 36.125ms
[2020-12-28T18:46:45.225-0500][gc,cpu         ] GC(23842) User=0.15s Sys=0.00s Real=0.03s
[2020-12-28T18:48:59.067-0500][gc,heap        ] GC(23843) Heap before GC invocations=23843 (full 5499): garbage-first heap   total 64512K, used 51523K [0x0000000083000000, 0x0000000100000000)
[2020-12-28T18:48:59.067-0500][gc,heap        ] GC(23843)   region size 1024K, 9 young (9216K), 0 survivors (0K)
[2020-12-28T18:48:59.067-0500][gc,heap        ] GC(23843)  Metaspace       used 50313K, capacity 52468K, committed 53888K, reserved 1093632K
[2020-12-28T18:48:59.068-0500][gc,heap        ] GC(23843)   class space    used 7457K, capacity 8250K, committed 8832K, reserved 1048576K
[2020-12-28T18:48:59.068-0500][gc,start       ] GC(23843) Pause Young (Normal) (G1 Evacuation Pause)
[2020-12-28T18:48:59.068-0500][gc,task        ] GC(23843) Using 8 workers of 8 for evacuation
[2020-12-28T18:48:59.072-0500][gc,phases      ] GC(23843)   Pre Evacuate Collection Set: 0.0ms
[2020-12-28T18:48:59.072-0500][gc,phases      ] GC(23843)   Evacuate Collection Set: 1.9ms
[2020-12-28T18:48:59.072-0500][gc,phases      ] GC(23843)   Post Evacuate Collection Set: 2.3ms
[2020-12-28T18:48:59.072-0500][gc,phases      ] GC(23843)   Other: 0.5ms
[2020-12-28T18:48:59.072-0500][gc,heap        ] GC(23843) Eden regions: 9->0(8)
[2020-12-28T18:48:59.072-0500][gc,heap        ] GC(23843) Survivor regions: 0->1(2)
[2020-12-28T18:48:59.072-0500][gc,heap        ] GC(23843) Old regions: 42->42
[2020-12-28T18:48:59.072-0500][gc,heap        ] GC(23843) Humongous regions: 4->4
[2020-12-28T18:48:59.072-0500][gc,metaspace   ] GC(23843) Metaspace: 50313K->50313K(1093632K)
[2020-12-28T18:48:59.072-0500][gc,heap        ] GC(23843) Heap after GC invocations=23844 (full 5499): garbage-first heap   total 64512K, used 43414K [0x0000000083000000, 0x0000000100000000)
[2020-12-28T18:48:59.072-0500][gc,heap        ] GC(23843)   region size 1024K, 1 young (1024K), 1 survivors (1024K)
[2020-12-28T18:48:59.072-0500][gc,heap        ] GC(23843)  Metaspace       used 50313K, capacity 52468K, committed 53888K, reserved 1093632K
[2020-12-28T18:48:59.072-0500][gc,heap        ] GC(23843)   class space    used 7457K, capacity 8250K, committed 8832K, reserved 1048576K
[2020-12-28T18:48:59.073-0500][gc             ] GC(23843) Pause Young (Normal) (G1 Evacuation Pause) 51M->42M(63M) 4.956ms
[2020-12-28T18:48:59.073-0500][gc,cpu         ] GC(23843) User=0.01s Sys=0.01s Real=0.01s
[2020-12-28T18:50:59.071-0500][gc,heap        ] GC(23844) Heap before GC invocations=23844 (full 5499): garbage-first heap   total 64512K, used 51606K [0x0000000083000000, 0x0000000100000000)
[2020-12-28T18:50:59.071-0500][gc,heap        ] GC(23844)   region size 1024K, 9 young (9216K), 1 survivors (1024K)
[2020-12-28T18:50:59.071-0500][gc,heap        ] GC(23844)  Metaspace       used 50313K, capacity 52468K, committed 53888K, reserved 1093632K
[2020-12-28T18:50:59.071-0500][gc,heap        ] GC(23844)   class space    used 7457K, capacity 8250K, committed 8832K, reserved 1048576K
[2020-12-28T18:50:59.071-0500][gc,start       ] GC(23844) Pause Young (Normal) (G1 Evacuation Pause)
[2020-12-28T18:50:59.071-0500][gc,task        ] GC(23844) Using 8 workers of 8 for evacuation
[2020-12-28T18:50:59.075-0500][gc,phases      ] GC(23844)   Pre Evacuate Collection Set: 0.0ms
[2020-12-28T18:50:59.075-0500][gc,phases      ] GC(23844)   Evacuate Collection Set: 1.7ms
[2020-12-28T18:50:59.075-0500][gc,phases      ] GC(23844)   Post Evacuate Collection Set: 2.1ms
[2020-12-28T18:50:59.075-0500][gc,phases      ] GC(23844)   Other: 0.6ms
[2020-12-28T18:50:59.075-0500][gc,heap        ] GC(23844) Eden regions: 8->0(8)
[2020-12-28T18:50:59.075-0500][gc,heap        ] GC(23844) Survivor regions: 1->1(2)
[2020-12-28T18:50:59.075-0500][gc,heap        ] GC(23844) Old regions: 42->42
[2020-12-28T18:50:59.075-0500][gc,heap        ] GC(23844) Humongous regions: 4->4
[2020-12-28T18:50:59.075-0500][gc,metaspace   ] GC(23844) Metaspace: 50313K->50313K(1093632K)
[2020-12-28T18:50:59.075-0500][gc,heap        ] GC(23844) Heap after GC invocations=23845 (full 5499): garbage-first heap   total 64512K, used 43384K [0x0000000083000000, 0x0000000100000000)
[2020-12-28T18:50:59.075-0500][gc,heap        ] GC(23844)   region size 1024K, 1 young (1024K), 1 survivors (1024K)
[2020-12-28T18:50:59.076-0500][gc,heap        ] GC(23844)  Metaspace       used 50313K, capacity 52468K, committed 53888K, reserved 1093632K
[2020-12-28T18:50:59.076-0500][gc,heap        ] GC(23844)   class space    used 7457K, capacity 8250K, committed 8832K, reserved 1048576K
[2020-12-28T18:50:59.076-0500][gc             ] GC(23844) Pause Young (Normal) (G1 Evacuation Pause) 50M->42M(63M) 4.528ms
[2020-12-28T18:50:59.076-0500][gc,cpu         ] GC(23844) User=0.00s Sys=0.01s Real=0.00s
[2020-12-28T18:51:45.189-0500][gc,task        ] GC(23845) Using 5 workers of 8 for full compaction
[2020-12-28T18:51:45.189-0500][gc,start       ] GC(23845) Pause Full (System.gc())
[2020-12-28T18:51:45.189-0500][gc,heap        ] GC(23845) Heap before GC invocations=23845 (full 5499): garbage-first heap   total 64512K, used 45432K [0x0000000083000000, 0x0000000100000000)
[2020-12-28T18:51:45.189-0500][gc,heap        ] GC(23845)   region size 1024K, 5 young (5120K), 1 survivors (1024K)
[2020-12-28T18:51:45.189-0500][gc,heap        ] GC(23845)  Metaspace       used 50313K, capacity 52468K, committed 53888K, reserved 1093632K
[2020-12-28T18:51:45.189-0500][gc,heap        ] GC(23845)   class space    used 7457K, capacity 8250K, committed 8832K, reserved 1048576K
[2020-12-28T18:51:45.189-0500][gc,phases,start] GC(23845) Phase 1: Mark live objects
[2020-12-28T18:51:45.209-0500][gc,stringtable ] GC(23845) Cleaned string and symbol table, strings: 33320 processed, 4 removed, symbols: 120973 processed, 0 removed
[2020-12-28T18:51:45.209-0500][gc,phases      ] GC(23845) Phase 1: Mark live objects 19.831ms
[2020-12-28T18:51:45.209-0500][gc,phases,start] GC(23845) Phase 2: Prepare for compaction
[2020-12-28T18:51:45.212-0500][gc,phases      ] GC(23845) Phase 2: Prepare for compaction 3.322ms
[2020-12-28T18:51:45.212-0500][gc,phases,start] GC(23845) Phase 3: Adjust pointers
[2020-12-28T18:51:45.223-0500][gc,phases      ] GC(23845) Phase 3: Adjust pointers 10.191ms
[2020-12-28T18:51:45.223-0500][gc,phases,start] GC(23845) Phase 4: Compact heap
[2020-12-28T18:51:45.225-0500][gc,phases      ] GC(23845) Phase 4: Compact heap 2.701ms
[2020-12-28T18:51:45.230-0500][gc,heap        ] GC(23845) Eden regions: 4->0(10)
[2020-12-28T18:51:45.230-0500][gc,heap        ] GC(23845) Survivor regions: 1->0(2)
[2020-12-28T18:51:45.230-0500][gc,heap        ] GC(23845) Old regions: 42->41
[2020-12-28T18:51:45.230-0500][gc,heap        ] GC(23845) Humongous regions: 4->4
[2020-12-28T18:51:45.230-0500][gc,metaspace   ] GC(23845) Metaspace: 50313K->50313K(1093632K)
[2020-12-28T18:51:45.230-0500][gc,heap        ] GC(23845) Heap after GC invocations=23846 (full 5500): garbage-first heap   total 64512K, used 43330K [0x0000000083000000, 0x0000000100000000)
[2020-12-28T18:51:45.230-0500][gc,heap        ] GC(23845)   region size 1024K, 0 young (0K), 0 survivors (0K)
[2020-12-28T18:51:45.230-0500][gc,heap        ] GC(23845)  Metaspace       used 50313K, capacity 52468K, committed 53888K, reserved 1093632K
[2020-12-28T18:51:45.230-0500][gc,heap        ] GC(23845)   class space    used 7457K, capacity 8250K, committed 8832K, reserved 1048576K
[2020-12-28T18:51:45.230-0500][gc             ] GC(23845) Pause Full (System.gc()) 45M->42M(63M) 40.811ms
[2020-12-28T18:51:45.230-0500][gc,cpu         ] GC(23845) User=0.18s Sys=0.00s Real=0.04s
[2020-12-28T18:54:19.061-0500][gc,heap        ] GC(23846) Heap before GC invocations=23846 (full 5500): garbage-first heap   total 64512K, used 52546K [0x0000000083000000, 0x0000000100000000)
[2020-12-28T18:54:19.061-0500][gc,heap        ] GC(23846)   region size 1024K, 10 young (10240K), 0 survivors (0K)
[2020-12-28T18:54:19.061-0500][gc,heap        ] GC(23846)  Metaspace       used 50313K, capacity 52468K, committed 53888K, reserved 1093632K
[2020-12-28T18:54:19.061-0500][gc,heap        ] GC(23846)   class space    used 7457K, capacity 8250K, committed 8832K, reserved 1048576K
[2020-12-28T18:54:19.061-0500][gc,start       ] GC(23846) Pause Young (Normal) (G1 Evacuation Pause)
[2020-12-28T18:54:19.061-0500][gc,task        ] GC(23846) Using 8 workers of 8 for evacuation
[2020-12-28T18:54:19.063-0500][gc,phases      ] GC(23846)   Pre Evacuate Collection Set: 0.0ms
[2020-12-28T18:54:19.063-0500][gc,phases      ] GC(23846)   Evacuate Collection Set: 0.7ms
[2020-12-28T18:54:19.063-0500][gc,phases      ] GC(23846)   Post Evacuate Collection Set: 1.3ms
[2020-12-28T18:54:19.063-0500][gc,phases      ] GC(23846)   Other: 0.3ms
[2020-12-28T18:54:19.063-0500][gc,heap        ] GC(23846) Eden regions: 10->0(9)
[2020-12-28T18:54:19.063-0500][gc,heap        ] GC(23846) Survivor regions: 0->1(2)
[2020-12-28T18:54:19.063-0500][gc,heap        ] GC(23846) Old regions: 41->41
[2020-12-28T18:54:19.063-0500][gc,heap        ] GC(23846) Humongous regions: 4->4
[2020-12-28T18:54:19.063-0500][gc,metaspace   ] GC(23846) Metaspace: 50313K->50313K(1093632K)
[2020-12-28T18:54:19.063-0500][gc,heap        ] GC(23846) Heap after GC invocations=23847 (full 5500): garbage-first heap   total 64512K, used 43402K [0x0000000083000000, 0x0000000100000000)
[2020-12-28T18:54:19.063-0500][gc,heap        ] GC(23846)   region size 1024K, 1 young (1024K), 1 survivors (1024K)
[2020-12-28T18:54:19.063-0500][gc,heap        ] GC(23846)  Metaspace       used 50313K, capacity 52468K, committed 53888K, reserved 1093632K
[2020-12-28T18:54:19.063-0500][gc,heap        ] GC(23846)   class space    used 7457K, capacity 8250K, committed 8832K, reserved 1048576K
[2020-12-28T18:54:19.063-0500][gc             ] GC(23846) Pause Young (Normal) (G1 Evacuation Pause) 52M->42M(63M) 2.468ms
[2020-12-28T18:54:19.063-0500][gc,cpu         ] GC(23846) User=0.00s Sys=0.00s Real=0.00s
[2020-12-28T18:56:31.335-0500][gc,heap        ] GC(23847) Heap before GC invocations=23847 (full 5500): garbage-first heap   total 64512K, used 52618K [0x0000000083000000, 0x0000000100000000)
[2020-12-28T18:56:31.335-0500][gc,heap        ] GC(23847)   region size 1024K, 10 young (10240K), 1 survivors (1024K)
[2020-12-28T18:56:31.335-0500][gc,heap        ] GC(23847)  Metaspace       used 50313K, capacity 52468K, committed 53888K, reserved 1093632K
[2020-12-28T18:56:31.335-0500][gc,heap        ] GC(23847)   class space    used 7457K, capacity 8250K, committed 8832K, reserved 1048576K
[2020-12-28T18:56:31.335-0500][gc,start       ] GC(23847) Pause Young (Normal) (G1 Evacuation Pause)
[2020-12-28T18:56:31.335-0500][gc,task        ] GC(23847) Using 8 workers of 8 for evacuation
[2020-12-28T18:56:31.348-0500][gc,phases      ] GC(23847)   Pre Evacuate Collection Set: 4.6ms
[2020-12-28T18:56:31.348-0500][gc,phases      ] GC(23847)   Evacuate Collection Set: 2.4ms
[2020-12-28T18:56:31.348-0500][gc,phases      ] GC(23847)   Post Evacuate Collection Set: 5.4ms
[2020-12-28T18:56:31.348-0500][gc,phases      ] GC(23847)   Other: 0.6ms
[2020-12-28T18:56:31.348-0500][gc,heap        ] GC(23847) Eden regions: 9->0(9)
[2020-12-28T18:56:31.348-0500][gc,heap        ] GC(23847) Survivor regions: 1->1(2)
[2020-12-28T18:56:31.348-0500][gc,heap        ] GC(23847) Old regions: 41->41
[2020-12-28T18:56:31.348-0500][gc,heap        ] GC(23847) Humongous regions: 4->4
[2020-12-28T18:56:31.348-0500][gc,metaspace   ] GC(23847) Metaspace: 50313K->50313K(1093632K)
[2020-12-28T18:56:31.348-0500][gc,heap        ] GC(23847) Heap after GC invocations=23848 (full 5500): garbage-first heap   total 64512K, used 43382K [0x0000000083000000, 0x0000000100000000)
[2020-12-28T18:56:31.348-0500][gc,heap        ] GC(23847)   region size 1024K, 1 young (1024K), 1 survivors (1024K)
[2020-12-28T18:56:31.348-0500][gc,heap        ] GC(23847)  Metaspace       used 50313K, capacity 52468K, committed 53888K, reserved 1093632K
[2020-12-28T18:56:31.348-0500][gc,heap        ] GC(23847)   class space    used 7457K, capacity 8250K, committed 8832K, reserved 1048576K
[2020-12-28T18:56:31.348-0500][gc             ] GC(23847) Pause Young (Normal) (G1 Evacuation Pause) 51M->42M(63M) 13.013ms
[2020-12-28T18:56:31.348-0500][gc,cpu         ] GC(23847) User=0.04s Sys=0.00s Real=0.02s
[2020-12-28T18:56:45.190-0500][gc,task        ] GC(23848) Using 5 workers of 8 for full compaction
[2020-12-28T18:56:45.190-0500][gc,start       ] GC(23848) Pause Full (System.gc())
[2020-12-28T18:56:45.190-0500][gc,heap        ] GC(23848) Heap before GC invocations=23848 (full 5500): garbage-first heap   total 64512K, used 43382K [0x0000000083000000, 0x0000000100000000)
[2020-12-28T18:56:45.190-0500][gc,heap        ] GC(23848)   region size 1024K, 2 young (2048K), 1 survivors (1024K)
[2020-12-28T18:56:45.190-0500][gc,heap        ] GC(23848)  Metaspace       used 50313K, capacity 52468K, committed 53888K, reserved 1093632K
[2020-12-28T18:56:45.190-0500][gc,heap        ] GC(23848)   class space    used 7457K, capacity 8250K, committed 8832K, reserved 1048576K
[2020-12-28T18:56:45.191-0500][gc,phases,start] GC(23848) Phase 1: Mark live objects
[2020-12-28T18:56:45.228-0500][gc,stringtable ] GC(23848) Cleaned string and symbol table, strings: 33320 processed, 4 removed, symbols: 120973 processed, 0 removed
[2020-12-28T18:56:45.228-0500][gc,phases      ] GC(23848) Phase 1: Mark live objects 37.185ms
[2020-12-28T18:56:45.228-0500][gc,phases,start] GC(23848) Phase 2: Prepare for compaction
[2020-12-28T18:56:45.232-0500][gc,phases      ] GC(23848) Phase 2: Prepare for compaction 3.532ms
[2020-12-28T18:56:45.232-0500][gc,phases,start] GC(23848) Phase 3: Adjust pointers
[2020-12-28T18:56:45.241-0500][gc,phases      ] GC(23848) Phase 3: Adjust pointers 9.175ms
[2020-12-28T18:56:45.241-0500][gc,phases,start] GC(23848) Phase 4: Compact heap
[2020-12-28T18:56:45.244-0500][gc,phases      ] GC(23848) Phase 4: Compact heap 3.112ms
[2020-12-28T18:56:45.248-0500][gc,heap        ] GC(23848) Eden regions: 1->0(9)
[2020-12-28T18:56:45.248-0500][gc,heap        ] GC(23848) Survivor regions: 1->0(2)
[2020-12-28T18:56:45.248-0500][gc,heap        ] GC(23848) Old regions: 41->42
[2020-12-28T18:56:45.248-0500][gc,heap        ] GC(23848) Humongous regions: 4->4
[2020-12-28T18:56:45.248-0500][gc,metaspace   ] GC(23848) Metaspace: 50313K->50313K(1093632K)
[2020-12-28T18:56:45.248-0500][gc,heap        ] GC(23848) Heap after GC invocations=23849 (full 5501): garbage-first heap   total 64512K, used 43311K [0x0000000083000000, 0x0000000100000000)
[2020-12-28T18:56:45.248-0500][gc,heap        ] GC(23848)   region size 1024K, 0 young (0K), 0 survivors (0K)
[2020-12-28T18:56:45.248-0500][gc,heap        ] GC(23848)  Metaspace       used 50313K, capacity 52468K, committed 53888K, reserved 1093632K
[2020-12-28T18:56:45.248-0500][gc,heap        ] GC(23848)   class space    used 7457K, capacity 8250K, committed 8832K, reserved 1048576K
[2020-12-28T18:56:45.248-0500][gc             ] GC(23848) Pause Full (System.gc()) 43M->42M(63M) 58.076ms
[2020-12-28T18:56:45.248-0500][gc,cpu         ] GC(23848) User=0.26s Sys=0.00s Real=0.06s
[2020-12-28T18:58:59.062-0500][gc,heap        ] GC(23849) Heap before GC invocations=23849 (full 5501): garbage-first heap   total 64512K, used 52527K [0x0000000083000000, 0x0000000100000000)
[2020-12-28T18:58:59.062-0500][gc,heap        ] GC(23849)   region size 1024K, 9 young (9216K), 0 survivors (0K)
[2020-12-28T18:58:59.062-0500][gc,heap        ] GC(23849)  Metaspace       used 50313K, capacity 52468K, committed 53888K, reserved 1093632K
[2020-12-28T18:58:59.062-0500][gc,heap        ] GC(23849)   class space    used 7457K, capacity 8250K, committed 8832K, reserved 1048576K
[2020-12-28T18:58:59.062-0500][gc,start       ] GC(23849) Pause Young (Normal) (G1 Evacuation Pause)
[2020-12-28T18:58:59.062-0500][gc,task        ] GC(23849) Using 8 workers of 8 for evacuation
[2020-12-28T18:58:59.068-0500][gc,phases      ] GC(23849)   Pre Evacuate Collection Set: 0.0ms
[2020-12-28T18:58:59.068-0500][gc,phases      ] GC(23849)   Evacuate Collection Set: 3.0ms
[2020-12-28T18:58:59.068-0500][gc,phases      ] GC(23849)   Post Evacuate Collection Set: 2.1ms
[2020-12-28T18:58:59.068-0500][gc,phases      ] GC(23849)   Other: 0.4ms
[2020-12-28T18:58:59.068-0500][gc,heap        ] GC(23849) Eden regions: 9->0(8)
[2020-12-28T18:58:59.068-0500][gc,heap        ] GC(23849) Survivor regions: 0->1(2)
[2020-12-28T18:58:59.068-0500][gc,heap        ] GC(23849) Old regions: 42->42
[2020-12-28T18:58:59.068-0500][gc,heap        ] GC(23849) Humongous regions: 4->4
[2020-12-28T18:58:59.068-0500][gc,metaspace   ] GC(23849) Metaspace: 50313K->50313K(1093632K)
[2020-12-28T18:58:59.068-0500][gc,heap        ] GC(23849) Heap after GC invocations=23850 (full 5501): garbage-first heap   total 64512K, used 43368K [0x0000000083000000, 0x0000000100000000)
[2020-12-28T18:58:59.068-0500][gc,heap        ] GC(23849)   region size 1024K, 1 young (1024K), 1 survivors (1024K)
[2020-12-28T18:58:59.068-0500][gc,heap        ] GC(23849)  Metaspace       used 50313K, capacity 52468K, committed 53888K, reserved 1093632K
[2020-12-28T18:58:59.068-0500][gc,heap        ] GC(23849)   class space    used 7457K, capacity 8250K, committed 8832K, reserved 1048576K
[2020-12-28T18:58:59.068-0500][gc             ] GC(23849) Pause Young (Normal) (G1 Evacuation Pause) 51M->42M(63M) 5.538ms
[2020-12-28T18:58:59.068-0500][gc,cpu         ] GC(23849) User=0.02s Sys=0.00s Real=0.01s
[2020-12-28T19:00:59.064-0500][gc,heap        ] GC(23850) Heap before GC invocations=23850 (full 5501): garbage-first heap   total 64512K, used 50536K [0x0000000083000000, 0x0000000100000000)
[2020-12-28T19:00:59.064-0500][gc,heap        ] GC(23850)   region size 1024K, 9 young (9216K), 1 survivors (1024K)
[2020-12-28T19:00:59.064-0500][gc,heap        ] GC(23850)  Metaspace       used 50313K, capacity 52468K, committed 53888K, reserved 1093632K
[2020-12-28T19:00:59.064-0500][gc,heap        ] GC(23850)   class space    used 7457K, capacity 8250K, committed 8832K, reserved 1048576K
[2020-12-28T19:00:59.064-0500][gc,start       ] GC(23850) Pause Young (Normal) (G1 Evacuation Pause)
[2020-12-28T19:00:59.064-0500][gc,task        ] GC(23850) Using 8 workers of 8 for evacuation
[2020-12-28T19:00:59.094-0500][gc,phases      ] GC(23850)   Pre Evacuate Collection Set: 0.0ms
[2020-12-28T19:00:59.094-0500][gc,phases      ] GC(23850)   Evacuate Collection Set: 1.7ms
[2020-12-28T19:00:59.094-0500][gc,phases      ] GC(23850)   Post Evacuate Collection Set: 27.8ms
[2020-12-28T19:00:59.094-0500][gc,phases      ] GC(23850)   Other: 0.3ms
[2020-12-28T19:00:59.094-0500][gc,heap        ] GC(23850) Eden regions: 8->0(8)
[2020-12-28T19:00:59.094-0500][gc,heap        ] GC(23850) Survivor regions: 1->1(2)
[2020-12-28T19:00:59.094-0500][gc,heap        ] GC(23850) Old regions: 42->42
[2020-12-28T19:00:59.094-0500][gc,heap        ] GC(23850) Humongous regions: 4->4
[2020-12-28T19:00:59.094-0500][gc,metaspace   ] GC(23850) Metaspace: 50313K->50313K(1093632K)
[2020-12-28T19:00:59.094-0500][gc,heap        ] GC(23850) Heap after GC invocations=23851 (full 5501): garbage-first heap   total 64512K, used 43392K [0x0000000083000000, 0x0000000100000000)
[2020-12-28T19:00:59.094-0500][gc,heap        ] GC(23850)   region size 1024K, 1 young (1024K), 1 survivors (1024K)
[2020-12-28T19:00:59.094-0500][gc,heap        ] GC(23850)  Metaspace       used 50313K, capacity 52468K, committed 53888K, reserved 1093632K
[2020-12-28T19:00:59.094-0500][gc,heap        ] GC(23850)   class space    used 7457K, capacity 8250K, committed 8832K, reserved 1048576K
[2020-12-28T19:00:59.094-0500][gc             ] GC(23850) Pause Young (Normal) (G1 Evacuation Pause) 50M->42M(63M) 29.843ms
[2020-12-28T19:00:59.094-0500][gc,cpu         ] GC(23850) User=0.20s Sys=0.00s Real=0.03s
[2020-12-28T19:01:45.189-0500][gc,task        ] GC(23851) Using 5 workers of 8 for full compaction
[2020-12-28T19:01:45.189-0500][gc,start       ] GC(23851) Pause Full (System.gc())
[2020-12-28T19:01:45.189-0500][gc,heap        ] GC(23851) Heap before GC invocations=23851 (full 5501): garbage-first heap   total 64512K, used 45440K [0x0000000083000000, 0x0000000100000000)
[2020-12-28T19:01:45.189-0500][gc,heap        ] GC(23851)   region size 1024K, 5 young (5120K), 1 survivors (1024K)
[2020-12-28T19:01:45.189-0500][gc,heap        ] GC(23851)  Metaspace       used 50313K, capacity 52468K, committed 53888K, reserved 1093632K
[2020-12-28T19:01:45.190-0500][gc,heap        ] GC(23851)   class space    used 7457K, capacity 8250K, committed 8832K, reserved 1048576K
[2020-12-28T19:01:45.190-0500][gc,phases,start] GC(23851) Phase 1: Mark live objects
[2020-12-28T19:01:45.232-0500][gc,stringtable ] GC(23851) Cleaned string and symbol table, strings: 33320 processed, 4 removed, symbols: 120973 processed, 0 removed
[2020-12-28T19:01:45.232-0500][gc,phases      ] GC(23851) Phase 1: Mark live objects 42.652ms
[2020-12-28T19:01:45.232-0500][gc,phases,start] GC(23851) Phase 2: Prepare for compaction
[2020-12-28T19:01:45.236-0500][gc,phases      ] GC(23851) Phase 2: Prepare for compaction 3.095ms
[2020-12-28T19:01:45.236-0500][gc,phases,start] GC(23851) Phase 3: Adjust pointers
[2020-12-28T19:01:45.246-0500][gc,phases      ] GC(23851) Phase 3: Adjust pointers 10.139ms
[2020-12-28T19:01:45.246-0500][gc,phases,start] GC(23851) Phase 4: Compact heap
[2020-12-28T19:01:45.249-0500][gc,phases      ] GC(23851) Phase 4: Compact heap 3.110ms
[2020-12-28T19:01:45.253-0500][gc,heap        ] GC(23851) Eden regions: 4->0(10)
[2020-12-28T19:01:45.253-0500][gc,heap        ] GC(23851) Survivor regions: 1->0(2)
[2020-12-28T19:01:45.253-0500][gc,heap        ] GC(23851) Old regions: 42->41
[2020-12-28T19:01:45.253-0500][gc,heap        ] GC(23851) Humongous regions: 4->4
[2020-12-28T19:01:45.253-0500][gc,metaspace   ] GC(23851) Metaspace: 50313K->50313K(1093632K)
[2020-12-28T19:01:45.253-0500][gc,heap        ] GC(23851) Heap after GC invocations=23852 (full 5502): garbage-first heap   total 64512K, used 43326K [0x0000000083000000, 0x0000000100000000)
[2020-12-28T19:01:45.253-0500][gc,heap        ] GC(23851)   region size 1024K, 0 young (0K), 0 survivors (0K)
[2020-12-28T19:01:45.253-0500][gc,heap        ] GC(23851)  Metaspace       used 50313K, capacity 52468K, committed 53888K, reserved 1093632K
[2020-12-28T19:01:45.253-0500][gc,heap        ] GC(23851)   class space    used 7457K, capacity 8250K, committed 8832K, reserved 1048576K
[2020-12-28T19:01:45.253-0500][gc             ] GC(23851) Pause Full (System.gc()) 45M->42M(63M) 63.766ms
[2020-12-28T19:01:45.253-0500][gc,cpu         ] GC(23851) User=0.26s Sys=0.00s Real=0.06s
[2020-12-28T19:04:09.061-0500][gc,heap        ] GC(23852) Heap before GC invocations=23852 (full 5502): garbage-first heap   total 64512K, used 53566K [0x0000000083000000, 0x0000000100000000)
[2020-12-28T19:04:09.062-0500][gc,heap        ] GC(23852)   region size 1024K, 10 young (10240K), 0 survivors (0K)
[2020-12-28T19:04:09.062-0500][gc,heap        ] GC(23852)  Metaspace       used 50313K, capacity 52468K, committed 53888K, reserved 1093632K
[2020-12-28T19:04:09.062-0500][gc,heap        ] GC(23852)   class space    used 7457K, capacity 8250K, committed 8832K, reserved 1048576K
[2020-12-28T19:04:09.062-0500][gc,start       ] GC(23852) Pause Young (Normal) (G1 Evacuation Pause)
[2020-12-28T19:04:09.062-0500][gc,task        ] GC(23852) Using 8 workers of 8 for evacuation
[2020-12-28T19:04:09.066-0500][gc,phases      ] GC(23852)   Pre Evacuate Collection Set: 0.0ms
[2020-12-28T19:04:09.066-0500][gc,phases      ] GC(23852)   Evacuate Collection Set: 2.8ms
[2020-12-28T19:04:09.066-0500][gc,phases      ] GC(23852)   Post Evacuate Collection Set: 1.6ms
[2020-12-28T19:04:09.066-0500][gc,phases      ] GC(23852)   Other: 0.3ms
[2020-12-28T19:04:09.066-0500][gc,heap        ] GC(23852) Eden regions: 10->0(9)
[2020-12-28T19:04:09.066-0500][gc,heap        ] GC(23852) Survivor regions: 0->1(2)
[2020-12-28T19:04:09.066-0500][gc,heap        ] GC(23852) Old regions: 41->41
[2020-12-28T19:04:09.066-0500][gc,heap        ] GC(23852) Humongous regions: 4->4
[2020-12-28T19:04:09.066-0500][gc,metaspace   ] GC(23852) Metaspace: 50313K->50313K(1093632K)
[2020-12-28T19:04:09.066-0500][gc,heap        ] GC(23852) Heap after GC invocations=23853 (full 5502): garbage-first heap   total 64512K, used 43398K [0x0000000083000000, 0x0000000100000000)
[2020-12-28T19:04:09.066-0500][gc,heap        ] GC(23852)   region size 1024K, 1 young (1024K), 1 survivors (1024K)
[2020-12-28T19:04:09.066-0500][gc,heap        ] GC(23852)  Metaspace       used 50313K, capacity 52468K, committed 53888K, reserved 1093632K
[2020-12-28T19:04:09.066-0500][gc,heap        ] GC(23852)   class space    used 7457K, capacity 8250K, committed 8832K, reserved 1048576K
[2020-12-28T19:04:09.066-0500][gc             ] GC(23852) Pause Young (Normal) (G1 Evacuation Pause) 52M->42M(63M) 4.804ms
[2020-12-28T19:04:09.067-0500][gc,cpu         ] GC(23852) User=0.02s Sys=0.01s Real=0.00s
[2020-12-28T19:06:29.060-0500][gc,heap        ] GC(23853) Heap before GC invocations=23853 (full 5502): garbage-first heap   total 64512K, used 52614K [0x0000000083000000, 0x0000000100000000)
[2020-12-28T19:06:29.060-0500][gc,heap        ] GC(23853)   region size 1024K, 10 young (10240K), 1 survivors (1024K)
[2020-12-28T19:06:29.060-0500][gc,heap        ] GC(23853)  Metaspace       used 50313K, capacity 52468K, committed 53888K, reserved 1093632K
[2020-12-28T19:06:29.060-0500][gc,heap        ] GC(23853)   class space    used 7457K, capacity 8250K, committed 8832K, reserved 1048576K
[2020-12-28T19:06:29.060-0500][gc,start       ] GC(23853) Pause Young (Normal) (G1 Evacuation Pause)
[2020-12-28T19:06:29.060-0500][gc,task        ] GC(23853) Using 8 workers of 8 for evacuation
[2020-12-28T19:06:29.063-0500][gc,phases      ] GC(23853)   Pre Evacuate Collection Set: 0.0ms
[2020-12-28T19:06:29.063-0500][gc,phases      ] GC(23853)   Evacuate Collection Set: 1.2ms
[2020-12-28T19:06:29.063-0500][gc,phases      ] GC(23853)   Post Evacuate Collection Set: 2.1ms
[2020-12-28T19:06:29.063-0500][gc,phases      ] GC(23853)   Other: 0.4ms
[2020-12-28T19:06:29.063-0500][gc,heap        ] GC(23853) Eden regions: 9->0(9)
[2020-12-28T19:06:29.063-0500][gc,heap        ] GC(23853) Survivor regions: 1->1(2)
[2020-12-28T19:06:29.063-0500][gc,heap        ] GC(23853) Old regions: 41->41
[2020-12-28T19:06:29.063-0500][gc,heap        ] GC(23853) Humongous regions: 4->4
[2020-12-28T19:06:29.063-0500][gc,metaspace   ] GC(23853) Metaspace: 50313K->50313K(1093632K)
[2020-12-28T19:06:29.063-0500][gc,heap        ] GC(23853) Heap after GC invocations=23854 (full 5502): garbage-first heap   total 64512K, used 43381K [0x0000000083000000, 0x0000000100000000)
[2020-12-28T19:06:29.063-0500][gc,heap        ] GC(23853)   region size 1024K, 1 young (1024K), 1 survivors (1024K)
[2020-12-28T19:06:29.063-0500][gc,heap        ] GC(23853)  Metaspace       used 50313K, capacity 52468K, committed 53888K, reserved 1093632K
[2020-12-28T19:06:29.064-0500][gc,heap        ] GC(23853)   class space    used 7457K, capacity 8250K, committed 8832K, reserved 1048576K
[2020-12-28T19:06:29.064-0500][gc             ] GC(23853) Pause Young (Normal) (G1 Evacuation Pause) 51M->42M(63M) 3.787ms
[2020-12-28T19:06:29.064-0500][gc,cpu         ] GC(23853) User=0.01s Sys=0.01s Real=0.00s
[2020-12-28T19:06:45.190-0500][gc,task        ] GC(23854) Using 5 workers of 8 for full compaction
[2020-12-28T19:06:45.190-0500][gc,start       ] GC(23854) Pause Full (System.gc())
[2020-12-28T19:06:45.190-0500][gc,heap        ] GC(23854) Heap before GC invocations=23854 (full 5502): garbage-first heap   total 64512K, used 44405K [0x0000000083000000, 0x0000000100000000)
[2020-12-28T19:06:45.190-0500][gc,heap        ] GC(23854)   region size 1024K, 3 young (3072K), 1 survivors (1024K)
[2020-12-28T19:06:45.190-0500][gc,heap        ] GC(23854)  Metaspace       used 50313K, capacity 52468K, committed 53888K, reserved 1093632K
[2020-12-28T19:06:45.190-0500][gc,heap        ] GC(23854)   class space    used 7457K, capacity 8250K, committed 8832K, reserved 1048576K
[2020-12-28T19:06:45.191-0500][gc,phases,start] GC(23854) Phase 1: Mark live objects
[2020-12-28T19:06:45.232-0500][gc,stringtable ] GC(23854) Cleaned string and symbol table, strings: 33320 processed, 4 removed, symbols: 120973 processed, 0 removed
[2020-12-28T19:06:45.232-0500][gc,phases      ] GC(23854) Phase 1: Mark live objects 41.125ms
[2020-12-28T19:06:45.232-0500][gc,phases,start] GC(23854) Phase 2: Prepare for compaction
[2020-12-28T19:06:45.237-0500][gc,phases      ] GC(23854) Phase 2: Prepare for compaction 4.424ms
[2020-12-28T19:06:45.237-0500][gc,phases,start] GC(23854) Phase 3: Adjust pointers
[2020-12-28T19:06:45.247-0500][gc,phases      ] GC(23854) Phase 3: Adjust pointers 10.872ms
[2020-12-28T19:06:45.247-0500][gc,phases,start] GC(23854) Phase 4: Compact heap
[2020-12-28T19:06:45.250-0500][gc,phases      ] GC(23854) Phase 4: Compact heap 2.469ms
[2020-12-28T19:06:45.254-0500][gc,heap        ] GC(23854) Eden regions: 2->0(9)
[2020-12-28T19:06:45.254-0500][gc,heap        ] GC(23854) Survivor regions: 1->0(2)
[2020-12-28T19:06:45.254-0500][gc,heap        ] GC(23854) Old regions: 41->42
[2020-12-28T19:06:45.254-0500][gc,heap        ] GC(23854) Humongous regions: 4->4
[2020-12-28T19:06:45.254-0500][gc,metaspace   ] GC(23854) Metaspace: 50313K->50313K(1093632K)
[2020-12-28T19:06:45.254-0500][gc,heap        ] GC(23854) Heap after GC invocations=23855 (full 5503): garbage-first heap   total 64512K, used 43313K [0x0000000083000000, 0x0000000100000000)
[2020-12-28T19:06:45.254-0500][gc,heap        ] GC(23854)   region size 1024K, 0 young (0K), 0 survivors (0K)
[2020-12-28T19:06:45.254-0500][gc,heap        ] GC(23854)  Metaspace       used 50313K, capacity 52468K, committed 53888K, reserved 1093632K
[2020-12-28T19:06:45.254-0500][gc,heap        ] GC(23854)   class space    used 7457K, capacity 8250K, committed 8832K, reserved 1048576K
[2020-12-28T19:06:45.254-0500][gc             ] GC(23854) Pause Full (System.gc()) 43M->42M(63M) 64.137ms
[2020-12-28T19:06:45.254-0500][gc,cpu         ] GC(23854) User=0.23s Sys=0.00s Real=0.06s
[2020-12-28T19:08:51.935-0500][gc,heap        ] GC(23855) Heap before GC invocations=23855 (full 5503): garbage-first heap   total 64512K, used 52529K [0x0000000083000000, 0x0000000100000000)
[2020-12-28T19:08:51.935-0500][gc,heap        ] GC(23855)   region size 1024K, 9 young (9216K), 0 survivors (0K)
[2020-12-28T19:08:51.935-0500][gc,heap        ] GC(23855)  Metaspace       used 50313K, capacity 52468K, committed 53888K, reserved 1093632K
[2020-12-28T19:08:51.935-0500][gc,heap        ] GC(23855)   class space    used 7457K, capacity 8250K, committed 8832K, reserved 1048576K
[2020-12-28T19:08:51.935-0500][gc,start       ] GC(23855) Pause Young (Normal) (G1 Evacuation Pause)
[2020-12-28T19:08:51.935-0500][gc,task        ] GC(23855) Using 8 workers of 8 for evacuation
[2020-12-28T19:08:51.938-0500][gc,phases      ] GC(23855)   Pre Evacuate Collection Set: 0.0ms
[2020-12-28T19:08:51.938-0500][gc,phases      ] GC(23855)   Evacuate Collection Set: 1.1ms
[2020-12-28T19:08:51.938-0500][gc,phases      ] GC(23855)   Post Evacuate Collection Set: 1.0ms
[2020-12-28T19:08:51.938-0500][gc,phases      ] GC(23855)   Other: 0.2ms
[2020-12-28T19:08:51.938-0500][gc,heap        ] GC(23855) Eden regions: 9->0(8)
[2020-12-28T19:08:51.938-0500][gc,heap        ] GC(23855) Survivor regions: 0->1(2)
[2020-12-28T19:08:51.938-0500][gc,heap        ] GC(23855) Old regions: 42->42
[2020-12-28T19:08:51.938-0500][gc,heap        ] GC(23855) Humongous regions: 4->4
[2020-12-28T19:08:51.938-0500][gc,metaspace   ] GC(23855) Metaspace: 50313K->50313K(1093632K)
[2020-12-28T19:08:51.938-0500][gc,heap        ] GC(23855) Heap after GC invocations=23856 (full 5503): garbage-first heap   total 64512K, used 43375K [0x0000000083000000, 0x0000000100000000)
[2020-12-28T19:08:51.938-0500][gc,heap        ] GC(23855)   region size 1024K, 1 young (1024K), 1 survivors (1024K)
[2020-12-28T19:08:51.938-0500][gc,heap        ] GC(23855)  Metaspace       used 50313K, capacity 52468K, committed 53888K, reserved 1093632K
[2020-12-28T19:08:51.938-0500][gc,heap        ] GC(23855)   class space    used 7457K, capacity 8250K, committed 8832K, reserved 1048576K
[2020-12-28T19:08:51.938-0500][gc             ] GC(23855) Pause Young (Normal) (G1 Evacuation Pause) 51M->42M(63M) 2.417ms
[2020-12-28T19:08:51.938-0500][gc,cpu         ] GC(23855) User=0.00s Sys=0.01s Real=0.01s
[2020-12-28T19:10:53.607-0500][gc,heap        ] GC(23856) Heap before GC invocations=23856 (full 5503): garbage-first heap   total 64512K, used 50543K [0x0000000083000000, 0x0000000100000000)
[2020-12-28T19:10:53.607-0500][gc,heap        ] GC(23856)   region size 1024K, 9 young (9216K), 1 survivors (1024K)
[2020-12-28T19:10:53.607-0500][gc,heap        ] GC(23856)  Metaspace       used 50313K, capacity 52468K, committed 53888K, reserved 1093632K
[2020-12-28T19:10:53.607-0500][gc,heap        ] GC(23856)   class space    used 7457K, capacity 8250K, committed 8832K, reserved 1048576K
[2020-12-28T19:10:53.607-0500][gc,start       ] GC(23856) Pause Young (Normal) (G1 Evacuation Pause)
[2020-12-28T19:10:53.607-0500][gc,task        ] GC(23856) Using 8 workers of 8 for evacuation
[2020-12-28T19:10:53.609-0500][gc,phases      ] GC(23856)   Pre Evacuate Collection Set: 0.0ms
[2020-12-28T19:10:53.609-0500][gc,phases      ] GC(23856)   Evacuate Collection Set: 0.7ms
[2020-12-28T19:10:53.609-0500][gc,phases      ] GC(23856)   Post Evacuate Collection Set: 0.8ms
[2020-12-28T19:10:53.609-0500][gc,phases      ] GC(23856)   Other: 0.2ms
[2020-12-28T19:10:53.609-0500][gc,heap        ] GC(23856) Eden regions: 8->0(8)
[2020-12-28T19:10:53.609-0500][gc,heap        ] GC(23856) Survivor regions: 1->1(2)
[2020-12-28T19:10:53.609-0500][gc,heap        ] GC(23856) Old regions: 42->42
[2020-12-28T19:10:53.609-0500][gc,heap        ] GC(23856) Humongous regions: 4->4
[2020-12-28T19:10:53.609-0500][gc,metaspace   ] GC(23856) Metaspace: 50313K->50313K(1093632K)
[2020-12-28T19:10:53.609-0500][gc,heap        ] GC(23856) Heap after GC invocations=23857 (full 5503): garbage-first heap   total 64512K, used 43375K [0x0000000083000000, 0x0000000100000000)
[2020-12-28T19:10:53.609-0500][gc,heap        ] GC(23856)   region size 1024K, 1 young (1024K), 1 survivors (1024K)
[2020-12-28T19:10:53.609-0500][gc,heap        ] GC(23856)  Metaspace       used 50313K, capacity 52468K, committed 53888K, reserved 1093632K
[2020-12-28T19:10:53.609-0500][gc,heap        ] GC(23856)   class space    used 7457K, capacity 8250K, committed 8832K, reserved 1048576K
[2020-12-28T19:10:53.609-0500][gc             ] GC(23856) Pause Young (Normal) (G1 Evacuation Pause) 50M->42M(63M) 1.702ms
[2020-12-28T19:10:53.609-0500][gc,cpu         ] GC(23856) User=0.00s Sys=0.00s Real=0.01s
[2020-12-28T19:11:45.191-0500][gc,task        ] GC(23857) Using 5 workers of 8 for full compaction
[2020-12-28T19:11:45.191-0500][gc,start       ] GC(23857) Pause Full (System.gc())
[2020-12-28T19:11:45.191-0500][gc,heap        ] GC(23857) Heap before GC invocations=23857 (full 5503): garbage-first heap   total 64512K, used 45423K [0x0000000083000000, 0x0000000100000000)
[2020-12-28T19:11:45.191-0500][gc,heap        ] GC(23857)   region size 1024K, 5 young (5120K), 1 survivors (1024K)
[2020-12-28T19:11:45.191-0500][gc,heap        ] GC(23857)  Metaspace       used 50313K, capacity 52468K, committed 53888K, reserved 1093632K
[2020-12-28T19:11:45.191-0500][gc,heap        ] GC(23857)   class space    used 7457K, capacity 8250K, committed 8832K, reserved 1048576K
[2020-12-28T19:11:45.192-0500][gc,phases,start] GC(23857) Phase 1: Mark live objects
[2020-12-28T19:11:45.243-0500][gc,stringtable ] GC(23857) Cleaned string and symbol table, strings: 33320 processed, 4 removed, symbols: 120973 processed, 0 removed
[2020-12-28T19:11:45.243-0500][gc,phases      ] GC(23857) Phase 1: Mark live objects 50.940ms
[2020-12-28T19:11:45.243-0500][gc,phases,start] GC(23857) Phase 2: Prepare for compaction
[2020-12-28T19:11:45.247-0500][gc,phases      ] GC(23857) Phase 2: Prepare for compaction 3.990ms
[2020-12-28T19:11:45.247-0500][gc,phases,start] GC(23857) Phase 3: Adjust pointers
[2020-12-28T19:11:45.260-0500][gc,phases      ] GC(23857) Phase 3: Adjust pointers 12.808ms
[2020-12-28T19:11:45.260-0500][gc,phases,start] GC(23857) Phase 4: Compact heap
[2020-12-28T19:11:45.264-0500][gc,phases      ] GC(23857) Phase 4: Compact heap 3.979ms
[2020-12-28T19:11:45.268-0500][gc,heap        ] GC(23857) Eden regions: 4->0(10)
[2020-12-28T19:11:45.268-0500][gc,heap        ] GC(23857) Survivor regions: 1->0(2)
[2020-12-28T19:11:45.268-0500][gc,heap        ] GC(23857) Old regions: 42->41
[2020-12-28T19:11:45.268-0500][gc,heap        ] GC(23857) Humongous regions: 4->4
[2020-12-28T19:11:45.268-0500][gc,metaspace   ] GC(23857) Metaspace: 50313K->50313K(1093632K)
[2020-12-28T19:11:45.268-0500][gc,heap        ] GC(23857) Heap after GC invocations=23858 (full 5504): garbage-first heap   total 64512K, used 43324K [0x0000000083000000, 0x0000000100000000)
[2020-12-28T19:11:45.268-0500][gc,heap        ] GC(23857)   region size 1024K, 0 young (0K), 0 survivors (0K)
[2020-12-28T19:11:45.268-0500][gc,heap        ] GC(23857)  Metaspace       used 50313K, capacity 52468K, committed 53888K, reserved 1093632K
[2020-12-28T19:11:45.268-0500][gc,heap        ] GC(23857)   class space    used 7457K, capacity 8250K, committed 8832K, reserved 1048576K
[2020-12-28T19:11:45.268-0500][gc             ] GC(23857) Pause Full (System.gc()) 45M->42M(63M) 76.704ms
[2020-12-28T19:11:45.268-0500][gc,cpu         ] GC(23857) User=0.23s Sys=0.00s Real=0.08s
[2020-12-28T19:14:19.061-0500][gc,heap        ] GC(23858) Heap before GC invocations=23858 (full 5504): garbage-first heap   total 64512K, used 53564K [0x0000000083000000, 0x0000000100000000)
[2020-12-28T19:14:19.061-0500][gc,heap        ] GC(23858)   region size 1024K, 10 young (10240K), 0 survivors (0K)
[2020-12-28T19:14:19.062-0500][gc,heap        ] GC(23858)  Metaspace       used 50313K, capacity 52468K, committed 53888K, reserved 1093632K
[2020-12-28T19:14:19.062-0500][gc,heap        ] GC(23858)   class space    used 7457K, capacity 8250K, committed 8832K, reserved 1048576K
[2020-12-28T19:14:19.062-0500][gc,start       ] GC(23858) Pause Young (Normal) (G1 Evacuation Pause)
[2020-12-28T19:14:19.062-0500][gc,task        ] GC(23858) Using 8 workers of 8 for evacuation
[2020-12-28T19:14:19.063-0500][gc,phases      ] GC(23858)   Pre Evacuate Collection Set: 0.0ms
[2020-12-28T19:14:19.063-0500][gc,phases      ] GC(23858)   Evacuate Collection Set: 0.6ms
[2020-12-28T19:14:19.063-0500][gc,phases      ] GC(23858)   Post Evacuate Collection Set: 0.9ms
[2020-12-28T19:14:19.063-0500][gc,phases      ] GC(23858)   Other: 0.2ms
[2020-12-28T19:14:19.063-0500][gc,heap        ] GC(23858) Eden regions: 10->0(9)
[2020-12-28T19:14:19.063-0500][gc,heap        ] GC(23858) Survivor regions: 0->1(2)
[2020-12-28T19:14:19.063-0500][gc,heap        ] GC(23858) Old regions: 41->41
[2020-12-28T19:14:19.063-0500][gc,heap        ] GC(23858) Humongous regions: 4->4
[2020-12-28T19:14:19.063-0500][gc,metaspace   ] GC(23858) Metaspace: 50313K->50313K(1093632K)
[2020-12-28T19:14:19.063-0500][gc,heap        ] GC(23858) Heap after GC invocations=23859 (full 5504): garbage-first heap   total 64512K, used 43394K [0x0000000083000000, 0x0000000100000000)
[2020-12-28T19:14:19.063-0500][gc,heap        ] GC(23858)   region size 1024K, 1 young (1024K), 1 survivors (1024K)
[2020-12-28T19:14:19.063-0500][gc,heap        ] GC(23858)  Metaspace       used 50313K, capacity 52468K, committed 53888K, reserved 1093632K
[2020-12-28T19:14:19.063-0500][gc,heap        ] GC(23858)   class space    used 7457K, capacity 8250K, committed 8832K, reserved 1048576K
[2020-12-28T19:14:19.063-0500][gc             ] GC(23858) Pause Young (Normal) (G1 Evacuation Pause) 52M->42M(63M) 1.816ms
[2020-12-28T19:14:19.063-0500][gc,cpu         ] GC(23858) User=0.00s Sys=0.01s Real=0.00s
[2020-12-28T19:16:32.342-0500][gc,heap        ] GC(23859) Heap before GC invocations=23859 (full 5504): garbage-first heap   total 64512K, used 51586K [0x0000000083000000, 0x0000000100000000)
[2020-12-28T19:16:32.342-0500][gc,heap        ] GC(23859)   region size 1024K, 10 young (10240K), 1 survivors (1024K)
[2020-12-28T19:16:32.342-0500][gc,heap        ] GC(23859)  Metaspace       used 50313K, capacity 52468K, committed 53888K, reserved 1093632K
[2020-12-28T19:16:32.342-0500][gc,heap        ] GC(23859)   class space    used 7457K, capacity 8250K, committed 8832K, reserved 1048576K
[2020-12-28T19:16:32.342-0500][gc,start       ] GC(23859) Pause Young (Normal) (G1 Evacuation Pause)
[2020-12-28T19:16:32.342-0500][gc,task        ] GC(23859) Using 8 workers of 8 for evacuation
[2020-12-28T19:16:32.344-0500][gc,phases      ] GC(23859)   Pre Evacuate Collection Set: 0.0ms
[2020-12-28T19:16:32.344-0500][gc,phases      ] GC(23859)   Evacuate Collection Set: 0.7ms
[2020-12-28T19:16:32.344-0500][gc,phases      ] GC(23859)   Post Evacuate Collection Set: 0.8ms
[2020-12-28T19:16:32.344-0500][gc,phases      ] GC(23859)   Other: 0.2ms
[2020-12-28T19:16:32.344-0500][gc,heap        ] GC(23859) Eden regions: 9->0(9)
[2020-12-28T19:16:32.344-0500][gc,heap        ] GC(23859) Survivor regions: 1->1(2)
[2020-12-28T19:16:32.344-0500][gc,heap        ] GC(23859) Old regions: 41->41
[2020-12-28T19:16:32.344-0500][gc,heap        ] GC(23859) Humongous regions: 4->4
[2020-12-28T19:16:32.344-0500][gc,metaspace   ] GC(23859) Metaspace: 50313K->50313K(1093632K)
[2020-12-28T19:16:32.344-0500][gc,heap        ] GC(23859) Heap after GC invocations=23860 (full 5504): garbage-first heap   total 64512K, used 43377K [0x0000000083000000, 0x0000000100000000)
[2020-12-28T19:16:32.344-0500][gc,heap        ] GC(23859)   region size 1024K, 1 young (1024K), 1 survivors (1024K)
[2020-12-28T19:16:32.344-0500][gc,heap        ] GC(23859)  Metaspace       used 50313K, capacity 52468K, committed 53888K, reserved 1093632K
[2020-12-28T19:16:32.344-0500][gc,heap        ] GC(23859)   class space    used 7457K, capacity 8250K, committed 8832K, reserved 1048576K
[2020-12-28T19:16:32.344-0500][gc             ] GC(23859) Pause Young (Normal) (G1 Evacuation Pause) 51M->42M(63M) 1.775ms
[2020-12-28T19:16:32.344-0500][gc,cpu         ] GC(23859) User=0.01s Sys=0.00s Real=0.00s
[2020-12-28T19:16:45.191-0500][gc,task        ] GC(23860) Using 5 workers of 8 for full compaction
[2020-12-28T19:16:45.191-0500][gc,start       ] GC(23860) Pause Full (System.gc())
[2020-12-28T19:16:45.191-0500][gc,heap        ] GC(23860) Heap before GC invocations=23860 (full 5504): garbage-first heap   total 64512K, used 43377K [0x0000000083000000, 0x0000000100000000)
[2020-12-28T19:16:45.191-0500][gc,heap        ] GC(23860)   region size 1024K, 2 young (2048K), 1 survivors (1024K)
[2020-12-28T19:16:45.191-0500][gc,heap        ] GC(23860)  Metaspace       used 50313K, capacity 52468K, committed 53888K, reserved 1093632K
[2020-12-28T19:16:45.191-0500][gc,heap        ] GC(23860)   class space    used 7457K, capacity 8250K, committed 8832K, reserved 1048576K
[2020-12-28T19:16:45.192-0500][gc,phases,start] GC(23860) Phase 1: Mark live objects
[2020-12-28T19:16:45.212-0500][gc,stringtable ] GC(23860) Cleaned string and symbol table, strings: 33320 processed, 4 removed, symbols: 120973 processed, 0 removed
[2020-12-28T19:16:45.212-0500][gc,phases      ] GC(23860) Phase 1: Mark live objects 20.596ms
[2020-12-28T19:16:45.212-0500][gc,phases,start] GC(23860) Phase 2: Prepare for compaction
[2020-12-28T19:16:45.216-0500][gc,phases      ] GC(23860) Phase 2: Prepare for compaction 4.027ms
[2020-12-28T19:16:45.216-0500][gc,phases,start] GC(23860) Phase 3: Adjust pointers
[2020-12-28T19:16:45.227-0500][gc,phases      ] GC(23860) Phase 3: Adjust pointers 10.976ms
[2020-12-28T19:16:45.227-0500][gc,phases,start] GC(23860) Phase 4: Compact heap
[2020-12-28T19:16:45.231-0500][gc,phases      ] GC(23860) Phase 4: Compact heap 3.888ms
[2020-12-28T19:16:45.236-0500][gc,heap        ] GC(23860) Eden regions: 1->0(9)
[2020-12-28T19:16:45.236-0500][gc,heap        ] GC(23860) Survivor regions: 1->0(2)
[2020-12-28T19:16:45.236-0500][gc,heap        ] GC(23860) Old regions: 41->42
[2020-12-28T19:16:45.236-0500][gc,heap        ] GC(23860) Humongous regions: 4->4
[2020-12-28T19:16:45.236-0500][gc,metaspace   ] GC(23860) Metaspace: 50313K->50313K(1093632K)
[2020-12-28T19:16:45.236-0500][gc,heap        ] GC(23860) Heap after GC invocations=23861 (full 5505): garbage-first heap   total 64512K, used 43311K [0x0000000083000000, 0x0000000100000000)
[2020-12-28T19:16:45.237-0500][gc,heap        ] GC(23860)   region size 1024K, 0 young (0K), 0 survivors (0K)
[2020-12-28T19:16:45.237-0500][gc,heap        ] GC(23860)  Metaspace       used 50313K, capacity 52468K, committed 53888K, reserved 1093632K
[2020-12-28T19:16:45.237-0500][gc,heap        ] GC(23860)   class space    used 7457K, capacity 8250K, committed 8832K, reserved 1048576K
[2020-12-28T19:16:45.237-0500][gc             ] GC(23860) Pause Full (System.gc()) 43M->42M(63M) 45.247ms
[2020-12-28T19:16:45.237-0500][gc,cpu         ] GC(23860) User=0.18s Sys=0.00s Real=0.04s
[2020-12-28T19:18:59.061-0500][gc,heap        ] GC(23861) Heap before GC invocations=23861 (full 5505): garbage-first heap   total 64512K, used 52527K [0x0000000083000000, 0x0000000100000000)
[2020-12-28T19:18:59.061-0500][gc,heap        ] GC(23861)   region size 1024K, 9 young (9216K), 0 survivors (0K)
[2020-12-28T19:18:59.061-0500][gc,heap        ] GC(23861)  Metaspace       used 50313K, capacity 52468K, committed 53888K, reserved 1093632K
[2020-12-28T19:18:59.061-0500][gc,heap        ] GC(23861)   class space    used 7457K, capacity 8250K, committed 8832K, reserved 1048576K
[2020-12-28T19:18:59.061-0500][gc,start       ] GC(23861) Pause Young (Normal) (G1 Evacuation Pause)
[2020-12-28T19:18:59.061-0500][gc,task        ] GC(23861) Using 8 workers of 8 for evacuation
[2020-12-28T19:18:59.062-0500][gc,phases      ] GC(23861)   Pre Evacuate Collection Set: 0.0ms
[2020-12-28T19:18:59.062-0500][gc,phases      ] GC(23861)   Evacuate Collection Set: 0.6ms
[2020-12-28T19:18:59.062-0500][gc,phases      ] GC(23861)   Post Evacuate Collection Set: 0.9ms
[2020-12-28T19:18:59.062-0500][gc,phases      ] GC(23861)   Other: 0.2ms
[2020-12-28T19:18:59.062-0500][gc,heap        ] GC(23861) Eden regions: 9->0(8)
[2020-12-28T19:18:59.062-0500][gc,heap        ] GC(23861) Survivor regions: 0->1(2)
[2020-12-28T19:18:59.062-0500][gc,heap        ] GC(23861) Old regions: 42->42
[2020-12-28T19:18:59.062-0500][gc,heap        ] GC(23861) Humongous regions: 4->4
[2020-12-28T19:18:59.062-0500][gc,metaspace   ] GC(23861) Metaspace: 50313K->50313K(1093632K)
[2020-12-28T19:18:59.062-0500][gc,heap        ] GC(23861) Heap after GC invocations=23862 (full 5505): garbage-first heap   total 64512K, used 43397K [0x0000000083000000, 0x0000000100000000)
[2020-12-28T19:18:59.062-0500][gc,heap        ] GC(23861)   region size 1024K, 1 young (1024K), 1 survivors (1024K)
[2020-12-28T19:18:59.062-0500][gc,heap        ] GC(23861)  Metaspace       used 50313K, capacity 52468K, committed 53888K, reserved 1093632K
[2020-12-28T19:18:59.062-0500][gc,heap        ] GC(23861)   class space    used 7457K, capacity 8250K, committed 8832K, reserved 1048576K
[2020-12-28T19:18:59.062-0500][gc             ] GC(23861) Pause Young (Normal) (G1 Evacuation Pause) 51M->42M(63M) 1.788ms
[2020-12-28T19:18:59.062-0500][gc,cpu         ] GC(23861) User=0.00s Sys=0.01s Real=0.00s
[2020-12-28T19:20:59.061-0500][gc,heap        ] GC(23862) Heap before GC invocations=23862 (full 5505): garbage-first heap   total 64512K, used 50565K [0x0000000083000000, 0x0000000100000000)
[2020-12-28T19:20:59.061-0500][gc,heap        ] GC(23862)   region size 1024K, 9 young (9216K), 1 survivors (1024K)
[2020-12-28T19:20:59.061-0500][gc,heap        ] GC(23862)  Metaspace       used 50313K, capacity 52468K, committed 53888K, reserved 1093632K
[2020-12-28T19:20:59.061-0500][gc,heap        ] GC(23862)   class space    used 7457K, capacity 8250K, committed 8832K, reserved 1048576K
[2020-12-28T19:20:59.061-0500][gc,start       ] GC(23862) Pause Young (Normal) (G1 Evacuation Pause)
[2020-12-28T19:20:59.061-0500][gc,task        ] GC(23862) Using 8 workers of 8 for evacuation
[2020-12-28T19:20:59.069-0500][gc,phases      ] GC(23862)   Pre Evacuate Collection Set: 0.0ms
[2020-12-28T19:20:59.069-0500][gc,phases      ] GC(23862)   Evacuate Collection Set: 7.0ms
[2020-12-28T19:20:59.069-0500][gc,phases      ] GC(23862)   Post Evacuate Collection Set: 0.8ms
[2020-12-28T19:20:59.069-0500][gc,phases      ] GC(23862)   Other: 0.3ms
[2020-12-28T19:20:59.069-0500][gc,heap        ] GC(23862) Eden regions: 8->0(8)
[2020-12-28T19:20:59.069-0500][gc,heap        ] GC(23862) Survivor regions: 1->1(2)
[2020-12-28T19:20:59.069-0500][gc,heap        ] GC(23862) Old regions: 42->42
[2020-12-28T19:20:59.069-0500][gc,heap        ] GC(23862) Humongous regions: 4->4
[2020-12-28T19:20:59.069-0500][gc,metaspace   ] GC(23862) Metaspace: 50313K->50313K(1093632K)
[2020-12-28T19:20:59.069-0500][gc,heap        ] GC(23862) Heap after GC invocations=23863 (full 5505): garbage-first heap   total 64512K, used 43392K [0x0000000083000000, 0x0000000100000000)
[2020-12-28T19:20:59.069-0500][gc,heap        ] GC(23862)   region size 1024K, 1 young (1024K), 1 survivors (1024K)
[2020-12-28T19:20:59.069-0500][gc,heap        ] GC(23862)  Metaspace       used 50313K, capacity 52468K, committed 53888K, reserved 1093632K
[2020-12-28T19:20:59.069-0500][gc,heap        ] GC(23862)   class space    used 7457K, capacity 8250K, committed 8832K, reserved 1048576K
[2020-12-28T19:20:59.069-0500][gc             ] GC(23862) Pause Young (Normal) (G1 Evacuation Pause) 50M->42M(63M) 8.163ms
[2020-12-28T19:20:59.069-0500][gc,cpu         ] GC(23862) User=0.03s Sys=0.00s Real=0.01s
[2020-12-28T19:21:45.189-0500][gc,task        ] GC(23863) Using 5 workers of 8 for full compaction
[2020-12-28T19:21:45.189-0500][gc,start       ] GC(23863) Pause Full (System.gc())
[2020-12-28T19:21:45.189-0500][gc,heap        ] GC(23863) Heap before GC invocations=23863 (full 5505): garbage-first heap   total 64512K, used 45440K [0x0000000083000000, 0x0000000100000000)
[2020-12-28T19:21:45.189-0500][gc,heap        ] GC(23863)   region size 1024K, 5 young (5120K), 1 survivors (1024K)
[2020-12-28T19:21:45.189-0500][gc,heap        ] GC(23863)  Metaspace       used 50313K, capacity 52468K, committed 53888K, reserved 1093632K
[2020-12-28T19:21:45.189-0500][gc,heap        ] GC(23863)   class space    used 7457K, capacity 8250K, committed 8832K, reserved 1048576K
[2020-12-28T19:21:45.189-0500][gc,phases,start] GC(23863) Phase 1: Mark live objects
[2020-12-28T19:21:45.220-0500][gc,stringtable ] GC(23863) Cleaned string and symbol table, strings: 33320 processed, 4 removed, symbols: 120973 processed, 0 removed
[2020-12-28T19:21:45.220-0500][gc,phases      ] GC(23863) Phase 1: Mark live objects 31.087ms
[2020-12-28T19:21:45.220-0500][gc,phases,start] GC(23863) Phase 2: Prepare for compaction
[2020-12-28T19:21:45.226-0500][gc,phases      ] GC(23863) Phase 2: Prepare for compaction 5.914ms
[2020-12-28T19:21:45.226-0500][gc,phases,start] GC(23863) Phase 3: Adjust pointers
[2020-12-28T19:21:45.241-0500][gc,phases      ] GC(23863) Phase 3: Adjust pointers 14.569ms
[2020-12-28T19:21:45.241-0500][gc,phases,start] GC(23863) Phase 4: Compact heap
[2020-12-28T19:21:45.244-0500][gc,phases      ] GC(23863) Phase 4: Compact heap 3.509ms
[2020-12-28T19:21:45.251-0500][gc,heap        ] GC(23863) Eden regions: 4->0(9)
[2020-12-28T19:21:45.251-0500][gc,heap        ] GC(23863) Survivor regions: 1->0(2)
[2020-12-28T19:21:45.251-0500][gc,heap        ] GC(23863) Old regions: 42->42
[2020-12-28T19:21:45.251-0500][gc,heap        ] GC(23863) Humongous regions: 4->4
[2020-12-28T19:21:45.251-0500][gc,metaspace   ] GC(23863) Metaspace: 50313K->50313K(1093632K)
[2020-12-28T19:21:45.251-0500][gc,heap        ] GC(23863) Heap after GC invocations=23864 (full 5506): garbage-first heap   total 64512K, used 43330K [0x0000000083000000, 0x0000000100000000)
[2020-12-28T19:21:45.251-0500][gc,heap        ] GC(23863)   region size 1024K, 0 young (0K), 0 survivors (0K)
[2020-12-28T19:21:45.251-0500][gc,heap        ] GC(23863)  Metaspace       used 50313K, capacity 52468K, committed 53888K, reserved 1093632K
[2020-12-28T19:21:45.251-0500][gc,heap        ] GC(23863)   class space    used 7457K, capacity 8250K, committed 8832K, reserved 1048576K
[2020-12-28T19:21:45.251-0500][gc             ] GC(23863) Pause Full (System.gc()) 45M->42M(63M) 62.699ms
[2020-12-28T19:21:45.252-0500][gc,cpu         ] GC(23863) User=0.25s Sys=0.00s Real=0.06s
[2020-12-28T19:23:59.061-0500][gc,heap        ] GC(23864) Heap before GC invocations=23864 (full 5506): garbage-first heap   total 64512K, used 52546K [0x0000000083000000, 0x0000000100000000)
[2020-12-28T19:23:59.061-0500][gc,heap        ] GC(23864)   region size 1024K, 9 young (9216K), 0 survivors (0K)
[2020-12-28T19:23:59.061-0500][gc,heap        ] GC(23864)  Metaspace       used 50313K, capacity 52468K, committed 53888K, reserved 1093632K
[2020-12-28T19:23:59.061-0500][gc,heap        ] GC(23864)   class space    used 7457K, capacity 8250K, committed 8832K, reserved 1048576K
[2020-12-28T19:23:59.061-0500][gc,start       ] GC(23864) Pause Young (Normal) (G1 Evacuation Pause)
[2020-12-28T19:23:59.061-0500][gc,task        ] GC(23864) Using 8 workers of 8 for evacuation
[2020-12-28T19:23:59.077-0500][gc,phases      ] GC(23864)   Pre Evacuate Collection Set: 0.0ms
[2020-12-28T19:23:59.077-0500][gc,phases      ] GC(23864)   Evacuate Collection Set: 12.4ms
[2020-12-28T19:23:59.077-0500][gc,phases      ] GC(23864)   Post Evacuate Collection Set: 3.2ms
[2020-12-28T19:23:59.077-0500][gc,phases      ] GC(23864)   Other: 0.5ms
[2020-12-28T19:23:59.077-0500][gc,heap        ] GC(23864) Eden regions: 9->0(8)
[2020-12-28T19:23:59.077-0500][gc,heap        ] GC(23864) Survivor regions: 0->1(2)
[2020-12-28T19:23:59.077-0500][gc,heap        ] GC(23864) Old regions: 42->42
[2020-12-28T19:23:59.077-0500][gc,heap        ] GC(23864) Humongous regions: 4->4
[2020-12-28T19:23:59.077-0500][gc,metaspace   ] GC(23864) Metaspace: 50313K->50313K(1093632K)
[2020-12-28T19:23:59.077-0500][gc,heap        ] GC(23864) Heap after GC invocations=23865 (full 5506): garbage-first heap   total 64512K, used 43413K [0x0000000083000000, 0x0000000100000000)
[2020-12-28T19:23:59.077-0500][gc,heap        ] GC(23864)   region size 1024K, 1 young (1024K), 1 survivors (1024K)
[2020-12-28T19:23:59.077-0500][gc,heap        ] GC(23864)  Metaspace       used 50313K, capacity 52468K, committed 53888K, reserved 1093632K
[2020-12-28T19:23:59.077-0500][gc,heap        ] GC(23864)   class space    used 7457K, capacity 8250K, committed 8832K, reserved 1048576K
[2020-12-28T19:23:59.077-0500][gc             ] GC(23864) Pause Young (Normal) (G1 Evacuation Pause) 51M->42M(63M) 16.087ms
[2020-12-28T19:23:59.077-0500][gc,cpu         ] GC(23864) User=0.10s Sys=0.00s Real=0.01s
[2020-12-28T19:25:59.063-0500][gc,heap        ] GC(23865) Heap before GC invocations=23865 (full 5506): garbage-first heap   total 64512K, used 50581K [0x0000000083000000, 0x0000000100000000)
[2020-12-28T19:25:59.063-0500][gc,heap        ] GC(23865)   region size 1024K, 9 young (9216K), 1 survivors (1024K)
[2020-12-28T19:25:59.063-0500][gc,heap        ] GC(23865)  Metaspace       used 50313K, capacity 52468K, committed 53888K, reserved 1093632K
[2020-12-28T19:25:59.063-0500][gc,heap        ] GC(23865)   class space    used 7457K, capacity 8250K, committed 8832K, reserved 1048576K
[2020-12-28T19:25:59.063-0500][gc,start       ] GC(23865) Pause Young (Normal) (G1 Evacuation Pause)
[2020-12-28T19:25:59.063-0500][gc,task        ] GC(23865) Using 8 workers of 8 for evacuation
[2020-12-28T19:25:59.099-0500][gc,phases      ] GC(23865)   Pre Evacuate Collection Set: 0.0ms
[2020-12-28T19:25:59.099-0500][gc,phases      ] GC(23865)   Evacuate Collection Set: 27.0ms
[2020-12-28T19:25:59.099-0500][gc,phases      ] GC(23865)   Post Evacuate Collection Set: 8.9ms
[2020-12-28T19:25:59.099-0500][gc,phases      ] GC(23865)   Other: 0.3ms
[2020-12-28T19:25:59.099-0500][gc,heap        ] GC(23865) Eden regions: 8->0(8)
[2020-12-28T19:25:59.099-0500][gc,heap        ] GC(23865) Survivor regions: 1->1(2)
[2020-12-28T19:25:59.099-0500][gc,heap        ] GC(23865) Old regions: 42->42
[2020-12-28T19:25:59.099-0500][gc,heap        ] GC(23865) Humongous regions: 4->4
[2020-12-28T19:25:59.099-0500][gc,metaspace   ] GC(23865) Metaspace: 50313K->50313K(1093632K)
[2020-12-28T19:25:59.099-0500][gc,heap        ] GC(23865) Heap after GC invocations=23866 (full 5506): garbage-first heap   total 64512K, used 43402K [0x0000000083000000, 0x0000000100000000)
[2020-12-28T19:25:59.099-0500][gc,heap        ] GC(23865)   region size 1024K, 1 young (1024K), 1 survivors (1024K)
[2020-12-28T19:25:59.099-0500][gc,heap        ] GC(23865)  Metaspace       used 50313K, capacity 52468K, committed 53888K, reserved 1093632K
[2020-12-28T19:25:59.099-0500][gc,heap        ] GC(23865)   class space    used 7457K, capacity 8250K, committed 8832K, reserved 1048576K
[2020-12-28T19:25:59.099-0500][gc             ] GC(23865) Pause Young (Normal) (G1 Evacuation Pause) 50M->42M(63M) 36.185ms
[2020-12-28T19:25:59.099-0500][gc,cpu         ] GC(23865) User=0.21s Sys=0.00s Real=0.04s
[2020-12-28T19:26:45.191-0500][gc,task        ] GC(23866) Using 5 workers of 8 for full compaction
[2020-12-28T19:26:45.191-0500][gc,start       ] GC(23866) Pause Full (System.gc())
[2020-12-28T19:26:45.191-0500][gc,heap        ] GC(23866) Heap before GC invocations=23866 (full 5506): garbage-first heap   total 64512K, used 45450K [0x0000000083000000, 0x0000000100000000)
[2020-12-28T19:26:45.191-0500][gc,heap        ] GC(23866)   region size 1024K, 5 young (5120K), 1 survivors (1024K)
[2020-12-28T19:26:45.191-0500][gc,heap        ] GC(23866)  Metaspace       used 50313K, capacity 52468K, committed 53888K, reserved 1093632K
[2020-12-28T19:26:45.191-0500][gc,heap        ] GC(23866)   class space    used 7457K, capacity 8250K, committed 8832K, reserved 1048576K
[2020-12-28T19:26:45.191-0500][gc,phases,start] GC(23866) Phase 1: Mark live objects
[2020-12-28T19:26:45.214-0500][gc,stringtable ] GC(23866) Cleaned string and symbol table, strings: 33320 processed, 4 removed, symbols: 120973 processed, 0 removed
[2020-12-28T19:26:45.214-0500][gc,phases      ] GC(23866) Phase 1: Mark live objects 22.148ms
[2020-12-28T19:26:45.214-0500][gc,phases,start] GC(23866) Phase 2: Prepare for compaction
[2020-12-28T19:26:45.218-0500][gc,phases      ] GC(23866) Phase 2: Prepare for compaction 4.262ms
[2020-12-28T19:26:45.218-0500][gc,phases,start] GC(23866) Phase 3: Adjust pointers
[2020-12-28T19:26:45.230-0500][gc,phases      ] GC(23866) Phase 3: Adjust pointers 12.193ms
[2020-12-28T19:26:45.230-0500][gc,phases,start] GC(23866) Phase 4: Compact heap
[2020-12-28T19:26:45.233-0500][gc,phases      ] GC(23866) Phase 4: Compact heap 2.673ms
[2020-12-28T19:26:45.237-0500][gc,heap        ] GC(23866) Eden regions: 4->0(8)
[2020-12-28T19:26:45.237-0500][gc,heap        ] GC(23866) Survivor regions: 1->0(2)
[2020-12-28T19:26:45.237-0500][gc,heap        ] GC(23866) Old regions: 42->43
[2020-12-28T19:26:45.237-0500][gc,heap        ] GC(23866) Humongous regions: 4->4
[2020-12-28T19:26:45.237-0500][gc,metaspace   ] GC(23866) Metaspace: 50313K->50313K(1093632K)
[2020-12-28T19:26:45.237-0500][gc,heap        ] GC(23866) Heap after GC invocations=23867 (full 5507): garbage-first heap   total 64512K, used 43329K [0x0000000083000000, 0x0000000100000000)
[2020-12-28T19:26:45.237-0500][gc,heap        ] GC(23866)   region size 1024K, 0 young (0K), 0 survivors (0K)
[2020-12-28T19:26:45.237-0500][gc,heap        ] GC(23866)  Metaspace       used 50313K, capacity 52468K, committed 53888K, reserved 1093632K
[2020-12-28T19:26:45.238-0500][gc,heap        ] GC(23866)   class space    used 7457K, capacity 8250K, committed 8832K, reserved 1048576K
[2020-12-28T19:26:45.238-0500][gc             ] GC(23866) Pause Full (System.gc()) 45M->42M(63M) 46.334ms
[2020-12-28T19:26:45.238-0500][gc,cpu         ] GC(23866) User=0.20s Sys=0.00s Real=0.05s
[2020-12-28T19:28:49.060-0500][gc,heap        ] GC(23867) Heap before GC invocations=23867 (full 5507): garbage-first heap   total 64512K, used 50497K [0x0000000083000000, 0x0000000100000000)
[2020-12-28T19:28:49.060-0500][gc,heap        ] GC(23867)   region size 1024K, 8 young (8192K), 0 survivors (0K)
[2020-12-28T19:28:49.060-0500][gc,heap        ] GC(23867)  Metaspace       used 50313K, capacity 52468K, committed 53888K, reserved 1093632K
[2020-12-28T19:28:49.060-0500][gc,heap        ] GC(23867)   class space    used 7457K, capacity 8250K, committed 8832K, reserved 1048576K
[2020-12-28T19:28:49.060-0500][gc,start       ] GC(23867) Pause Young (Normal) (G1 Evacuation Pause)
[2020-12-28T19:28:49.060-0500][gc,task        ] GC(23867) Using 8 workers of 8 for evacuation
[2020-12-28T19:28:49.065-0500][gc,phases      ] GC(23867)   Pre Evacuate Collection Set: 0.0ms
[2020-12-28T19:28:49.065-0500][gc,phases      ] GC(23867)   Evacuate Collection Set: 3.7ms
[2020-12-28T19:28:49.065-0500][gc,phases      ] GC(23867)   Post Evacuate Collection Set: 1.0ms
[2020-12-28T19:28:49.065-0500][gc,phases      ] GC(23867)   Other: 0.3ms
[2020-12-28T19:28:49.065-0500][gc,heap        ] GC(23867) Eden regions: 8->0(7)
[2020-12-28T19:28:49.065-0500][gc,heap        ] GC(23867) Survivor regions: 0->1(1)
[2020-12-28T19:28:49.065-0500][gc,heap        ] GC(23867) Old regions: 43->43
[2020-12-28T19:28:49.065-0500][gc,heap        ] GC(23867) Humongous regions: 4->4
[2020-12-28T19:28:49.065-0500][gc,metaspace   ] GC(23867) Metaspace: 50313K->50313K(1093632K)
[2020-12-28T19:28:49.065-0500][gc,heap        ] GC(23867) Heap after GC invocations=23868 (full 5507): garbage-first heap   total 64512K, used 43376K [0x0000000083000000, 0x0000000100000000)
[2020-12-28T19:28:49.065-0500][gc,heap        ] GC(23867)   region size 1024K, 1 young (1024K), 1 survivors (1024K)
[2020-12-28T19:28:49.065-0500][gc,heap        ] GC(23867)  Metaspace       used 50313K, capacity 52468K, committed 53888K, reserved 1093632K
[2020-12-28T19:28:49.065-0500][gc,heap        ] GC(23867)   class space    used 7457K, capacity 8250K, committed 8832K, reserved 1048576K
[2020-12-28T19:28:49.065-0500][gc             ] GC(23867) Pause Young (Normal) (G1 Evacuation Pause) 50M->42M(63M) 5.113ms
[2020-12-28T19:28:49.065-0500][gc,cpu         ] GC(23867) User=0.01s Sys=0.01s Real=0.00s
[2020-12-28T19:30:30.699-0500][gc,heap        ] GC(23868) Heap before GC invocations=23868 (full 5507): garbage-first heap   total 64512K, used 49520K [0x0000000083000000, 0x0000000100000000)
[2020-12-28T19:30:30.699-0500][gc,heap        ] GC(23868)   region size 1024K, 8 young (8192K), 1 survivors (1024K)
[2020-12-28T19:30:30.699-0500][gc,heap        ] GC(23868)  Metaspace       used 50313K, capacity 52468K, committed 53888K, reserved 1093632K
[2020-12-28T19:30:30.699-0500][gc,heap        ] GC(23868)   class space    used 7457K, capacity 8250K, committed 8832K, reserved 1048576K
[2020-12-28T19:30:30.699-0500][gc,start       ] GC(23868) Pause Young (Normal) (G1 Evacuation Pause)
[2020-12-28T19:30:30.699-0500][gc,task        ] GC(23868) Using 8 workers of 8 for evacuation
[2020-12-28T19:30:30.701-0500][gc,phases      ] GC(23868)   Pre Evacuate Collection Set: 0.0ms
[2020-12-28T19:30:30.701-0500][gc,phases      ] GC(23868)   Evacuate Collection Set: 0.8ms
[2020-12-28T19:30:30.701-0500][gc,phases      ] GC(23868)   Post Evacuate Collection Set: 0.9ms
[2020-12-28T19:30:30.701-0500][gc,phases      ] GC(23868)   Other: 0.3ms
[2020-12-28T19:30:30.701-0500][gc,heap        ] GC(23868) Eden regions: 7->0(7)
[2020-12-28T19:30:30.701-0500][gc,heap        ] GC(23868) Survivor regions: 1->1(1)
[2020-12-28T19:30:30.701-0500][gc,heap        ] GC(23868) Old regions: 43->43
[2020-12-28T19:30:30.701-0500][gc,heap        ] GC(23868) Humongous regions: 4->4
[2020-12-28T19:30:30.701-0500][gc,metaspace   ] GC(23868) Metaspace: 50313K->50313K(1093632K)
[2020-12-28T19:30:30.701-0500][gc,heap        ] GC(23868) Heap after GC invocations=23869 (full 5507): garbage-first heap   total 64512K, used 43384K [0x0000000083000000, 0x0000000100000000)
[2020-12-28T19:30:30.701-0500][gc,heap        ] GC(23868)   region size 1024K, 1 young (1024K), 1 survivors (1024K)
[2020-12-28T19:30:30.701-0500][gc,heap        ] GC(23868)  Metaspace       used 50313K, capacity 52468K, committed 53888K, reserved 1093632K
[2020-12-28T19:30:30.701-0500][gc,heap        ] GC(23868)   class space    used 7457K, capacity 8250K, committed 8832K, reserved 1048576K
[2020-12-28T19:30:30.701-0500][gc             ] GC(23868) Pause Young (Normal) (G1 Evacuation Pause) 49M->42M(63M) 2.056ms
[2020-12-28T19:30:30.701-0500][gc,cpu         ] GC(23868) User=0.01s Sys=0.00s Real=0.00s
[2020-12-28T19:31:45.188-0500][gc,task        ] GC(23869) Using 5 workers of 8 for full compaction
[2020-12-28T19:31:45.188-0500][gc,start       ] GC(23869) Pause Full (System.gc())
[2020-12-28T19:31:45.188-0500][gc,heap        ] GC(23869) Heap before GC invocations=23869 (full 5507): garbage-first heap   total 64512K, used 46456K [0x0000000083000000, 0x0000000100000000)
[2020-12-28T19:31:45.188-0500][gc,heap        ] GC(23869)   region size 1024K, 6 young (6144K), 1 survivors (1024K)
[2020-12-28T19:31:45.188-0500][gc,heap        ] GC(23869)  Metaspace       used 50313K, capacity 52468K, committed 53888K, reserved 1093632K
[2020-12-28T19:31:45.188-0500][gc,heap        ] GC(23869)   class space    used 7457K, capacity 8250K, committed 8832K, reserved 1048576K
[2020-12-28T19:31:45.189-0500][gc,phases,start] GC(23869) Phase 1: Mark live objects
[2020-12-28T19:31:45.211-0500][gc,stringtable ] GC(23869) Cleaned string and symbol table, strings: 33320 processed, 4 removed, symbols: 120973 processed, 0 removed
[2020-12-28T19:31:45.212-0500][gc,phases      ] GC(23869) Phase 1: Mark live objects 22.879ms
[2020-12-28T19:31:45.212-0500][gc,phases,start] GC(23869) Phase 2: Prepare for compaction
[2020-12-28T19:31:45.216-0500][gc,phases      ] GC(23869) Phase 2: Prepare for compaction 4.102ms
[2020-12-28T19:31:45.216-0500][gc,phases,start] GC(23869) Phase 3: Adjust pointers
[2020-12-28T19:31:45.228-0500][gc,phases      ] GC(23869) Phase 3: Adjust pointers 11.819ms
[2020-12-28T19:31:45.228-0500][gc,phases,start] GC(23869) Phase 4: Compact heap
[2020-12-28T19:31:45.231-0500][gc,phases      ] GC(23869) Phase 4: Compact heap 3.181ms
[2020-12-28T19:31:45.235-0500][gc,heap        ] GC(23869) Eden regions: 5->0(9)
[2020-12-28T19:31:45.235-0500][gc,heap        ] GC(23869) Survivor regions: 1->0(1)
[2020-12-28T19:31:45.235-0500][gc,heap        ] GC(23869) Old regions: 43->42
[2020-12-28T19:31:45.235-0500][gc,heap        ] GC(23869) Humongous regions: 4->4
[2020-12-28T19:31:45.235-0500][gc,metaspace   ] GC(23869) Metaspace: 50313K->50313K(1093632K)
[2020-12-28T19:31:45.235-0500][gc,heap        ] GC(23869) Heap after GC invocations=23870 (full 5508): garbage-first heap   total 64512K, used 43329K [0x0000000083000000, 0x0000000100000000)
[2020-12-28T19:31:45.235-0500][gc,heap        ] GC(23869)   region size 1024K, 0 young (0K), 0 survivors (0K)
[2020-12-28T19:31:45.235-0500][gc,heap        ] GC(23869)  Metaspace       used 50313K, capacity 52468K, committed 53888K, reserved 1093632K
[2020-12-28T19:31:45.235-0500][gc,heap        ] GC(23869)   class space    used 7457K, capacity 8250K, committed 8832K, reserved 1048576K
[2020-12-28T19:31:45.235-0500][gc             ] GC(23869) Pause Full (System.gc()) 47M->42M(63M) 46.938ms
[2020-12-28T19:31:45.235-0500][gc,cpu         ] GC(23869) User=0.19s Sys=0.00s Real=0.04s
[2020-12-28T19:33:59.063-0500][gc,heap        ] GC(23870) Heap before GC invocations=23870 (full 5508): garbage-first heap   total 64512K, used 52545K [0x0000000083000000, 0x0000000100000000)
[2020-12-28T19:33:59.063-0500][gc,heap        ] GC(23870)   region size 1024K, 9 young (9216K), 0 survivors (0K)
[2020-12-28T19:33:59.063-0500][gc,heap        ] GC(23870)  Metaspace       used 50313K, capacity 52468K, committed 53888K, reserved 1093632K
[2020-12-28T19:33:59.063-0500][gc,heap        ] GC(23870)   class space    used 7457K, capacity 8250K, committed 8832K, reserved 1048576K
[2020-12-28T19:33:59.063-0500][gc,start       ] GC(23870) Pause Young (Normal) (G1 Evacuation Pause)
[2020-12-28T19:33:59.063-0500][gc,task        ] GC(23870) Using 8 workers of 8 for evacuation
[2020-12-28T19:33:59.067-0500][gc,phases      ] GC(23870)   Pre Evacuate Collection Set: 0.0ms
[2020-12-28T19:33:59.067-0500][gc,phases      ] GC(23870)   Evacuate Collection Set: 0.8ms
[2020-12-28T19:33:59.067-0500][gc,phases      ] GC(23870)   Post Evacuate Collection Set: 3.1ms
[2020-12-28T19:33:59.067-0500][gc,phases      ] GC(23870)   Other: 0.2ms
[2020-12-28T19:33:59.068-0500][gc,heap        ] GC(23870) Eden regions: 9->0(8)
[2020-12-28T19:33:59.068-0500][gc,heap        ] GC(23870) Survivor regions: 0->1(2)
[2020-12-28T19:33:59.068-0500][gc,heap        ] GC(23870) Old regions: 42->42
[2020-12-28T19:33:59.068-0500][gc,heap        ] GC(23870) Humongous regions: 4->4
[2020-12-28T19:33:59.068-0500][gc,metaspace   ] GC(23870) Metaspace: 50313K->50313K(1093632K)
[2020-12-28T19:33:59.068-0500][gc,heap        ] GC(23870) Heap after GC invocations=23871 (full 5508): garbage-first heap   total 64512K, used 43382K [0x0000000083000000, 0x0000000100000000)
[2020-12-28T19:33:59.068-0500][gc,heap        ] GC(23870)   region size 1024K, 1 young (1024K), 1 survivors (1024K)
[2020-12-28T19:33:59.068-0500][gc,heap        ] GC(23870)  Metaspace       used 50313K, capacity 52468K, committed 53888K, reserved 1093632K
[2020-12-28T19:33:59.068-0500][gc,heap        ] GC(23870)   class space    used 7457K, capacity 8250K, committed 8832K, reserved 1048576K
[2020-12-28T19:33:59.068-0500][gc             ] GC(23870) Pause Young (Normal) (G1 Evacuation Pause) 51M->42M(63M) 4.180ms
[2020-12-28T19:33:59.068-0500][gc,cpu         ] GC(23870) User=0.01s Sys=0.00s Real=0.01s
[2020-12-28T19:35:59.069-0500][gc,heap        ] GC(23871) Heap before GC invocations=23871 (full 5508): garbage-first heap   total 64512K, used 51574K [0x0000000083000000, 0x0000000100000000)
[2020-12-28T19:35:59.069-0500][gc,heap        ] GC(23871)   region size 1024K, 9 young (9216K), 1 survivors (1024K)
[2020-12-28T19:35:59.069-0500][gc,heap        ] GC(23871)  Metaspace       used 50313K, capacity 52468K, committed 53888K, reserved 1093632K
[2020-12-28T19:35:59.069-0500][gc,heap        ] GC(23871)   class space    used 7457K, capacity 8250K, committed 8832K, reserved 1048576K
[2020-12-28T19:35:59.069-0500][gc,start       ] GC(23871) Pause Young (Normal) (G1 Evacuation Pause)
[2020-12-28T19:35:59.069-0500][gc,task        ] GC(23871) Using 8 workers of 8 for evacuation
[2020-12-28T19:35:59.072-0500][gc,phases      ] GC(23871)   Pre Evacuate Collection Set: 0.0ms
[2020-12-28T19:35:59.072-0500][gc,phases      ] GC(23871)   Evacuate Collection Set: 1.0ms
[2020-12-28T19:35:59.072-0500][gc,phases      ] GC(23871)   Post Evacuate Collection Set: 1.2ms
[2020-12-28T19:35:59.072-0500][gc,phases      ] GC(23871)   Other: 0.4ms
[2020-12-28T19:35:59.072-0500][gc,heap        ] GC(23871) Eden regions: 8->0(8)
[2020-12-28T19:35:59.072-0500][gc,heap        ] GC(23871) Survivor regions: 1->1(2)
[2020-12-28T19:35:59.072-0500][gc,heap        ] GC(23871) Old regions: 42->42
[2020-12-28T19:35:59.072-0500][gc,heap        ] GC(23871) Humongous regions: 4->4
[2020-12-28T19:35:59.072-0500][gc,metaspace   ] GC(23871) Metaspace: 50313K->50313K(1093632K)
[2020-12-28T19:35:59.072-0500][gc,heap        ] GC(23871) Heap after GC invocations=23872 (full 5508): garbage-first heap   total 64512K, used 43411K [0x0000000083000000, 0x0000000100000000)
[2020-12-28T19:35:59.072-0500][gc,heap        ] GC(23871)   region size 1024K, 1 young (1024K), 1 survivors (1024K)
[2020-12-28T19:35:59.072-0500][gc,heap        ] GC(23871)  Metaspace       used 50313K, capacity 52468K, committed 53888K, reserved 1093632K
[2020-12-28T19:35:59.072-0500][gc,heap        ] GC(23871)   class space    used 7457K, capacity 8250K, committed 8832K, reserved 1048576K
[2020-12-28T19:35:59.072-0500][gc             ] GC(23871) Pause Young (Normal) (G1 Evacuation Pause) 50M->42M(63M) 2.647ms
[2020-12-28T19:35:59.072-0500][gc,cpu         ] GC(23871) User=0.01s Sys=0.00s Real=0.00s
[2020-12-28T19:36:45.190-0500][gc,task        ] GC(23872) Using 5 workers of 8 for full compaction
[2020-12-28T19:36:45.190-0500][gc,start       ] GC(23872) Pause Full (System.gc())
[2020-12-28T19:36:45.190-0500][gc,heap        ] GC(23872) Heap before GC invocations=23872 (full 5508): garbage-first heap   total 64512K, used 44435K [0x0000000083000000, 0x0000000100000000)
[2020-12-28T19:36:45.190-0500][gc,heap        ] GC(23872)   region size 1024K, 4 young (4096K), 1 survivors (1024K)
[2020-12-28T19:36:45.190-0500][gc,heap        ] GC(23872)  Metaspace       used 50313K, capacity 52468K, committed 53888K, reserved 1093632K
[2020-12-28T19:36:45.190-0500][gc,heap        ] GC(23872)   class space    used 7457K, capacity 8250K, committed 8832K, reserved 1048576K
[2020-12-28T19:36:45.190-0500][gc,phases,start] GC(23872) Phase 1: Mark live objects
[2020-12-28T19:36:45.215-0500][gc,stringtable ] GC(23872) Cleaned string and symbol table, strings: 33320 processed, 4 removed, symbols: 120973 processed, 0 removed
[2020-12-28T19:36:45.215-0500][gc,phases      ] GC(23872) Phase 1: Mark live objects 24.743ms
[2020-12-28T19:36:45.215-0500][gc,phases,start] GC(23872) Phase 2: Prepare for compaction
[2020-12-28T19:36:45.219-0500][gc,phases      ] GC(23872) Phase 2: Prepare for compaction 3.868ms
[2020-12-28T19:36:45.219-0500][gc,phases,start] GC(23872) Phase 3: Adjust pointers
[2020-12-28T19:36:45.232-0500][gc,phases      ] GC(23872) Phase 3: Adjust pointers 13.224ms
[2020-12-28T19:36:45.232-0500][gc,phases,start] GC(23872) Phase 4: Compact heap
[2020-12-28T19:36:45.236-0500][gc,phases      ] GC(23872) Phase 4: Compact heap 3.423ms
[2020-12-28T19:36:45.241-0500][gc,heap        ] GC(23872) Eden regions: 3->0(10)
[2020-12-28T19:36:45.241-0500][gc,heap        ] GC(23872) Survivor regions: 1->0(2)
[2020-12-28T19:36:45.241-0500][gc,heap        ] GC(23872) Old regions: 42->41
[2020-12-28T19:36:45.241-0500][gc,heap        ] GC(23872) Humongous regions: 4->4
[2020-12-28T19:36:45.241-0500][gc,metaspace   ] GC(23872) Metaspace: 50313K->50313K(1093632K)
[2020-12-28T19:36:45.241-0500][gc,heap        ] GC(23872) Heap after GC invocations=23873 (full 5509): garbage-first heap   total 64512K, used 43326K [0x0000000083000000, 0x0000000100000000)
[2020-12-28T19:36:45.241-0500][gc,heap        ] GC(23872)   region size 1024K, 0 young (0K), 0 survivors (0K)
[2020-12-28T19:36:45.241-0500][gc,heap        ] GC(23872)  Metaspace       used 50313K, capacity 52468K, committed 53888K, reserved 1093632K
[2020-12-28T19:36:45.241-0500][gc,heap        ] GC(23872)   class space    used 7457K, capacity 8250K, committed 8832K, reserved 1048576K
[2020-12-28T19:36:45.241-0500][gc             ] GC(23872) Pause Full (System.gc()) 45M->42M(63M) 51.088ms
[2020-12-28T19:36:45.241-0500][gc,cpu         ] GC(23872) User=0.20s Sys=0.00s Real=0.05s
[2020-12-28T19:38:59.066-0500][gc,heap        ] GC(23873) Heap before GC invocations=23873 (full 5509): garbage-first heap   total 64512K, used 53566K [0x0000000083000000, 0x0000000100000000)
[2020-12-28T19:38:59.066-0500][gc,heap        ] GC(23873)   region size 1024K, 10 young (10240K), 0 survivors (0K)
[2020-12-28T19:38:59.066-0500][gc,heap        ] GC(23873)  Metaspace       used 50313K, capacity 52468K, committed 53888K, reserved 1093632K
[2020-12-28T19:38:59.066-0500][gc,heap        ] GC(23873)   class space    used 7457K, capacity 8250K, committed 8832K, reserved 1048576K
[2020-12-28T19:38:59.066-0500][gc,start       ] GC(23873) Pause Young (Normal) (G1 Evacuation Pause)
[2020-12-28T19:38:59.066-0500][gc,task        ] GC(23873) Using 8 workers of 8 for evacuation
[2020-12-28T19:38:59.095-0500][gc,phases      ] GC(23873)   Pre Evacuate Collection Set: 0.0ms
[2020-12-28T19:38:59.095-0500][gc,phases      ] GC(23873)   Evacuate Collection Set: 5.0ms
[2020-12-28T19:38:59.095-0500][gc,phases      ] GC(23873)   Post Evacuate Collection Set: 23.0ms
[2020-12-28T19:38:59.095-0500][gc,phases      ] GC(23873)   Other: 0.3ms
[2020-12-28T19:38:59.095-0500][gc,heap        ] GC(23873) Eden regions: 10->0(9)
[2020-12-28T19:38:59.095-0500][gc,heap        ] GC(23873) Survivor regions: 0->1(2)
[2020-12-28T19:38:59.095-0500][gc,heap        ] GC(23873) Old regions: 41->41
[2020-12-28T19:38:59.095-0500][gc,heap        ] GC(23873) Humongous regions: 4->4
[2020-12-28T19:38:59.095-0500][gc,metaspace   ] GC(23873) Metaspace: 50313K->50313K(1093632K)
[2020-12-28T19:38:59.095-0500][gc,heap        ] GC(23873) Heap after GC invocations=23874 (full 5509): garbage-first heap   total 64512K, used 43404K [0x0000000083000000, 0x0000000100000000)
[2020-12-28T19:38:59.095-0500][gc,heap        ] GC(23873)   region size 1024K, 1 young (1024K), 1 survivors (1024K)
[2020-12-28T19:38:59.095-0500][gc,heap        ] GC(23873)  Metaspace       used 50313K, capacity 52468K, committed 53888K, reserved 1093632K
[2020-12-28T19:38:59.095-0500][gc,heap        ] GC(23873)   class space    used 7457K, capacity 8250K, committed 8832K, reserved 1048576K
[2020-12-28T19:38:59.095-0500][gc             ] GC(23873) Pause Young (Normal) (G1 Evacuation Pause) 52M->42M(63M) 28.600ms
[2020-12-28T19:38:59.095-0500][gc,cpu         ] GC(23873) User=0.15s Sys=0.00s Real=0.03s
[2020-12-28T19:41:12.315-0500][gc,heap        ] GC(23874) Heap before GC invocations=23874 (full 5509): garbage-first heap   total 64512K, used 51596K [0x0000000083000000, 0x0000000100000000)
[2020-12-28T19:41:12.315-0500][gc,heap        ] GC(23874)   region size 1024K, 10 young (10240K), 1 survivors (1024K)
[2020-12-28T19:41:12.315-0500][gc,heap        ] GC(23874)  Metaspace       used 50313K, capacity 52468K, committed 53888K, reserved 1093632K
[2020-12-28T19:41:12.315-0500][gc,heap        ] GC(23874)   class space    used 7457K, capacity 8250K, committed 8832K, reserved 1048576K
[2020-12-28T19:41:12.315-0500][gc,start       ] GC(23874) Pause Young (Normal) (G1 Evacuation Pause)
[2020-12-28T19:41:12.315-0500][gc,task        ] GC(23874) Using 8 workers of 8 for evacuation
[2020-12-28T19:41:12.318-0500][gc,phases      ] GC(23874)   Pre Evacuate Collection Set: 0.0ms
[2020-12-28T19:41:12.318-0500][gc,phases      ] GC(23874)   Evacuate Collection Set: 0.9ms
[2020-12-28T19:41:12.318-0500][gc,phases      ] GC(23874)   Post Evacuate Collection Set: 1.8ms
[2020-12-28T19:41:12.318-0500][gc,phases      ] GC(23874)   Other: 0.2ms
[2020-12-28T19:41:12.318-0500][gc,heap        ] GC(23874) Eden regions: 9->0(9)
[2020-12-28T19:41:12.318-0500][gc,heap        ] GC(23874) Survivor regions: 1->1(2)
[2020-12-28T19:41:12.318-0500][gc,heap        ] GC(23874) Old regions: 41->41
[2020-12-28T19:41:12.318-0500][gc,heap        ] GC(23874) Humongous regions: 4->4
[2020-12-28T19:41:12.318-0500][gc,metaspace   ] GC(23874) Metaspace: 50313K->50313K(1093632K)
[2020-12-28T19:41:12.318-0500][gc,heap        ] GC(23874) Heap after GC invocations=23875 (full 5509): garbage-first heap   total 64512K, used 43396K [0x0000000083000000, 0x0000000100000000)
[2020-12-28T19:41:12.318-0500][gc,heap        ] GC(23874)   region size 1024K, 1 young (1024K), 1 survivors (1024K)
[2020-12-28T19:41:12.318-0500][gc,heap        ] GC(23874)  Metaspace       used 50313K, capacity 52468K, committed 53888K, reserved 1093632K
[2020-12-28T19:41:12.318-0500][gc,heap        ] GC(23874)   class space    used 7457K, capacity 8250K, committed 8832K, reserved 1048576K
[2020-12-28T19:41:12.318-0500][gc             ] GC(23874) Pause Young (Normal) (G1 Evacuation Pause) 51M->42M(63M) 2.941ms
[2020-12-28T19:41:12.318-0500][gc,cpu         ] GC(23874) User=0.01s Sys=0.00s Real=0.01s
[2020-12-28T19:41:45.188-0500][gc,task        ] GC(23875) Using 5 workers of 8 for full compaction
[2020-12-28T19:41:45.188-0500][gc,start       ] GC(23875) Pause Full (System.gc())
[2020-12-28T19:41:45.188-0500][gc,heap        ] GC(23875) Heap before GC invocations=23875 (full 5509): garbage-first heap   total 64512K, used 45444K [0x0000000083000000, 0x0000000100000000)
[2020-12-28T19:41:45.188-0500][gc,heap        ] GC(23875)   region size 1024K, 4 young (4096K), 1 survivors (1024K)
[2020-12-28T19:41:45.188-0500][gc,heap        ] GC(23875)  Metaspace       used 50313K, capacity 52468K, committed 53888K, reserved 1093632K
[2020-12-28T19:41:45.188-0500][gc,heap        ] GC(23875)   class space    used 7457K, capacity 8250K, committed 8832K, reserved 1048576K
[2020-12-28T19:41:45.189-0500][gc,phases,start] GC(23875) Phase 1: Mark live objects
[2020-12-28T19:41:45.211-0500][gc,stringtable ] GC(23875) Cleaned string and symbol table, strings: 33320 processed, 4 removed, symbols: 120973 processed, 0 removed
[2020-12-28T19:41:45.211-0500][gc,phases      ] GC(23875) Phase 1: Mark live objects 22.302ms
[2020-12-28T19:41:45.211-0500][gc,phases,start] GC(23875) Phase 2: Prepare for compaction
[2020-12-28T19:41:45.215-0500][gc,phases      ] GC(23875) Phase 2: Prepare for compaction 3.928ms
[2020-12-28T19:41:45.215-0500][gc,phases,start] GC(23875) Phase 3: Adjust pointers
[2020-12-28T19:41:45.226-0500][gc,phases      ] GC(23875) Phase 3: Adjust pointers 10.798ms
[2020-12-28T19:41:45.226-0500][gc,phases,start] GC(23875) Phase 4: Compact heap
[2020-12-28T19:41:45.229-0500][gc,phases      ] GC(23875) Phase 4: Compact heap 3.212ms
[2020-12-28T19:41:45.234-0500][gc,heap        ] GC(23875) Eden regions: 3->0(9)
[2020-12-28T19:41:45.234-0500][gc,heap        ] GC(23875) Survivor regions: 1->0(2)
[2020-12-28T19:41:45.234-0500][gc,heap        ] GC(23875) Old regions: 41->42
[2020-12-28T19:41:45.234-0500][gc,heap        ] GC(23875) Humongous regions: 4->4
[2020-12-28T19:41:45.234-0500][gc,metaspace   ] GC(23875) Metaspace: 50313K->50313K(1093632K)
[2020-12-28T19:41:45.234-0500][gc,heap        ] GC(23875) Heap after GC invocations=23876 (full 5510): garbage-first heap   total 64512K, used 43315K [0x0000000083000000, 0x0000000100000000)
[2020-12-28T19:41:45.234-0500][gc,heap        ] GC(23875)   region size 1024K, 0 young (0K), 0 survivors (0K)
[2020-12-28T19:41:45.234-0500][gc,heap        ] GC(23875)  Metaspace       used 50313K, capacity 52468K, committed 53888K, reserved 1093632K
[2020-12-28T19:41:45.234-0500][gc,heap        ] GC(23875)   class space    used 7457K, capacity 8250K, committed 8832K, reserved 1048576K
[2020-12-28T19:41:45.234-0500][gc             ] GC(23875) Pause Full (System.gc()) 44M->42M(63M) 46.027ms
[2020-12-28T19:41:45.234-0500][gc,cpu         ] GC(23875) User=0.19s Sys=0.00s Real=0.04s
[2020-12-28T19:43:59.061-0500][gc,heap        ] GC(23876) Heap before GC invocations=23876 (full 5510): garbage-first heap   total 64512K, used 52531K [0x0000000083000000, 0x0000000100000000)
[2020-12-28T19:43:59.061-0500][gc,heap        ] GC(23876)   region size 1024K, 9 young (9216K), 0 survivors (0K)
[2020-12-28T19:43:59.061-0500][gc,heap        ] GC(23876)  Metaspace       used 50313K, capacity 52468K, committed 53888K, reserved 1093632K
[2020-12-28T19:43:59.061-0500][gc,heap        ] GC(23876)   class space    used 7457K, capacity 8250K, committed 8832K, reserved 1048576K
[2020-12-28T19:43:59.061-0500][gc,start       ] GC(23876) Pause Young (Normal) (G1 Evacuation Pause)
[2020-12-28T19:43:59.061-0500][gc,task        ] GC(23876) Using 8 workers of 8 for evacuation
[2020-12-28T19:43:59.062-0500][gc,phases      ] GC(23876)   Pre Evacuate Collection Set: 0.0ms
[2020-12-28T19:43:59.063-0500][gc,phases      ] GC(23876)   Evacuate Collection Set: 0.7ms
[2020-12-28T19:43:59.063-0500][gc,phases      ] GC(23876)   Post Evacuate Collection Set: 1.0ms
[2020-12-28T19:43:59.063-0500][gc,phases      ] GC(23876)   Other: 0.2ms
[2020-12-28T19:43:59.063-0500][gc,heap        ] GC(23876) Eden regions: 9->0(8)
[2020-12-28T19:43:59.063-0500][gc,heap        ] GC(23876) Survivor regions: 0->1(2)
[2020-12-28T19:43:59.063-0500][gc,heap        ] GC(23876) Old regions: 42->42
[2020-12-28T19:43:59.063-0500][gc,heap        ] GC(23876) Humongous regions: 4->4
[2020-12-28T19:43:59.063-0500][gc,metaspace   ] GC(23876) Metaspace: 50313K->50313K(1093632K)
[2020-12-28T19:43:59.063-0500][gc,heap        ] GC(23876) Heap after GC invocations=23877 (full 5510): garbage-first heap   total 64512K, used 43385K [0x0000000083000000, 0x0000000100000000)
[2020-12-28T19:43:59.063-0500][gc,heap        ] GC(23876)   region size 1024K, 1 young (1024K), 1 survivors (1024K)
[2020-12-28T19:43:59.063-0500][gc,heap        ] GC(23876)  Metaspace       used 50313K, capacity 52468K, committed 53888K, reserved 1093632K
[2020-12-28T19:43:59.063-0500][gc,heap        ] GC(23876)   class space    used 7457K, capacity 8250K, committed 8832K, reserved 1048576K
[2020-12-28T19:43:59.063-0500][gc             ] GC(23876) Pause Young (Normal) (G1 Evacuation Pause) 51M->42M(63M) 2.033ms
[2020-12-28T19:43:59.063-0500][gc,cpu         ] GC(23876) User=0.00s Sys=0.01s Real=0.00s
[2020-12-28T19:45:59.065-0500][gc,heap        ] GC(23877) Heap before GC invocations=23877 (full 5510): garbage-first heap   total 64512K, used 50553K [0x0000000083000000, 0x0000000100000000)
[2020-12-28T19:45:59.066-0500][gc,heap        ] GC(23877)   region size 1024K, 9 young (9216K), 1 survivors (1024K)
[2020-12-28T19:45:59.066-0500][gc,heap        ] GC(23877)  Metaspace       used 50313K, capacity 52468K, committed 53888K, reserved 1093632K
[2020-12-28T19:45:59.066-0500][gc,heap        ] GC(23877)   class space    used 7457K, capacity 8250K, committed 8832K, reserved 1048576K
[2020-12-28T19:45:59.066-0500][gc,start       ] GC(23877) Pause Young (Normal) (G1 Evacuation Pause)
[2020-12-28T19:45:59.066-0500][gc,task        ] GC(23877) Using 8 workers of 8 for evacuation
[2020-12-28T19:45:59.128-0500][gc,phases      ] GC(23877)   Pre Evacuate Collection Set: 0.0ms
[2020-12-28T19:45:59.128-0500][gc,phases      ] GC(23877)   Evacuate Collection Set: 34.0ms
[2020-12-28T19:45:59.128-0500][gc,phases      ] GC(23877)   Post Evacuate Collection Set: 27.9ms
[2020-12-28T19:45:59.128-0500][gc,phases      ] GC(23877)   Other: 0.3ms
[2020-12-28T19:45:59.128-0500][gc,heap        ] GC(23877) Eden regions: 8->0(8)
[2020-12-28T19:45:59.128-0500][gc,heap        ] GC(23877) Survivor regions: 1->1(2)
[2020-12-28T19:45:59.128-0500][gc,heap        ] GC(23877) Old regions: 42->42
[2020-12-28T19:45:59.128-0500][gc,heap        ] GC(23877) Humongous regions: 4->4
[2020-12-28T19:45:59.128-0500][gc,metaspace   ] GC(23877) Metaspace: 50313K->50313K(1093632K)
[2020-12-28T19:45:59.128-0500][gc,heap        ] GC(23877) Heap after GC invocations=23878 (full 5510): garbage-first heap   total 64512K, used 43367K [0x0000000083000000, 0x0000000100000000)
[2020-12-28T19:45:59.128-0500][gc,heap        ] GC(23877)   region size 1024K, 1 young (1024K), 1 survivors (1024K)
[2020-12-28T19:45:59.128-0500][gc,heap        ] GC(23877)  Metaspace       used 50313K, capacity 52468K, committed 53888K, reserved 1093632K
[2020-12-28T19:45:59.128-0500][gc,heap        ] GC(23877)   class space    used 7457K, capacity 8250K, committed 8832K, reserved 1048576K
[2020-12-28T19:45:59.128-0500][gc             ] GC(23877) Pause Young (Normal) (G1 Evacuation Pause) 50M->42M(63M) 62.412ms
[2020-12-28T19:45:59.128-0500][gc,cpu         ] GC(23877) User=0.36s Sys=0.00s Real=0.07s
[2020-12-28T19:46:45.189-0500][gc,task        ] GC(23878) Using 5 workers of 8 for full compaction
[2020-12-28T19:46:45.189-0500][gc,start       ] GC(23878) Pause Full (System.gc())
[2020-12-28T19:46:45.189-0500][gc,heap        ] GC(23878) Heap before GC invocations=23878 (full 5510): garbage-first heap   total 64512K, used 44391K [0x0000000083000000, 0x0000000100000000)
[2020-12-28T19:46:45.189-0500][gc,heap        ] GC(23878)   region size 1024K, 4 young (4096K), 1 survivors (1024K)
[2020-12-28T19:46:45.189-0500][gc,heap        ] GC(23878)  Metaspace       used 50313K, capacity 52468K, committed 53888K, reserved 1093632K
[2020-12-28T19:46:45.189-0500][gc,heap        ] GC(23878)   class space    used 7457K, capacity 8250K, committed 8832K, reserved 1048576K
[2020-12-28T19:46:45.189-0500][gc,phases,start] GC(23878) Phase 1: Mark live objects
[2020-12-28T19:46:45.209-0500][gc,stringtable ] GC(23878) Cleaned string and symbol table, strings: 33320 processed, 4 removed, symbols: 120973 processed, 0 removed
[2020-12-28T19:46:45.209-0500][gc,phases      ] GC(23878) Phase 1: Mark live objects 20.060ms
[2020-12-28T19:46:45.209-0500][gc,phases,start] GC(23878) Phase 2: Prepare for compaction
[2020-12-28T19:46:45.213-0500][gc,phases      ] GC(23878) Phase 2: Prepare for compaction 3.802ms
[2020-12-28T19:46:45.213-0500][gc,phases,start] GC(23878) Phase 3: Adjust pointers
[2020-12-28T19:46:45.224-0500][gc,phases      ] GC(23878) Phase 3: Adjust pointers 10.682ms
[2020-12-28T19:46:45.224-0500][gc,phases,start] GC(23878) Phase 4: Compact heap
[2020-12-28T19:46:45.227-0500][gc,phases      ] GC(23878) Phase 4: Compact heap 2.859ms
[2020-12-28T19:46:45.232-0500][gc,heap        ] GC(23878) Eden regions: 3->0(9)
[2020-12-28T19:46:45.232-0500][gc,heap        ] GC(23878) Survivor regions: 1->0(2)
[2020-12-28T19:46:45.232-0500][gc,heap        ] GC(23878) Old regions: 42->42
[2020-12-28T19:46:45.232-0500][gc,heap        ] GC(23878) Humongous regions: 4->4
[2020-12-28T19:46:45.232-0500][gc,metaspace   ] GC(23878) Metaspace: 50313K->50313K(1093632K)
[2020-12-28T19:46:45.232-0500][gc,heap        ] GC(23878) Heap after GC invocations=23879 (full 5511): garbage-first heap   total 64512K, used 43325K [0x0000000083000000, 0x0000000100000000)
[2020-12-28T19:46:45.232-0500][gc,heap        ] GC(23878)   region size 1024K, 0 young (0K), 0 survivors (0K)
[2020-12-28T19:46:45.232-0500][gc,heap        ] GC(23878)  Metaspace       used 50313K, capacity 52468K, committed 53888K, reserved 1093632K
[2020-12-28T19:46:45.232-0500][gc,heap        ] GC(23878)   class space    used 7457K, capacity 8250K, committed 8832K, reserved 1048576K
[2020-12-28T19:46:45.232-0500][gc             ] GC(23878) Pause Full (System.gc()) 45M->42M(63M) 42.821ms
[2020-12-28T19:46:45.232-0500][gc,cpu         ] GC(23878) User=0.18s Sys=0.00s Real=0.04s
[2020-12-28T19:48:59.064-0500][gc,heap        ] GC(23879) Heap before GC invocations=23879 (full 5511): garbage-first heap   total 64512K, used 51517K [0x0000000083000000, 0x0000000100000000)
[2020-12-28T19:48:59.064-0500][gc,heap        ] GC(23879)   region size 1024K, 9 young (9216K), 0 survivors (0K)
[2020-12-28T19:48:59.064-0500][gc,heap        ] GC(23879)  Metaspace       used 50313K, capacity 52468K, committed 53888K, reserved 1093632K
[2020-12-28T19:48:59.064-0500][gc,heap        ] GC(23879)   class space    used 7457K, capacity 8250K, committed 8832K, reserved 1048576K
[2020-12-28T19:48:59.064-0500][gc,start       ] GC(23879) Pause Young (Normal) (G1 Evacuation Pause)
[2020-12-28T19:48:59.064-0500][gc,task        ] GC(23879) Using 8 workers of 8 for evacuation
[2020-12-28T19:48:59.089-0500][gc,phases      ] GC(23879)   Pre Evacuate Collection Set: 0.0ms
[2020-12-28T19:48:59.089-0500][gc,phases      ] GC(23879)   Evacuate Collection Set: 20.7ms
[2020-12-28T19:48:59.089-0500][gc,phases      ] GC(23879)   Post Evacuate Collection Set: 4.3ms
[2020-12-28T19:48:59.089-0500][gc,phases      ] GC(23879)   Other: 0.3ms
[2020-12-28T19:48:59.089-0500][gc,heap        ] GC(23879) Eden regions: 9->0(8)
[2020-12-28T19:48:59.089-0500][gc,heap        ] GC(23879) Survivor regions: 0->1(2)
[2020-12-28T19:48:59.089-0500][gc,heap        ] GC(23879) Old regions: 42->42
[2020-12-28T19:48:59.089-0500][gc,heap        ] GC(23879) Humongous regions: 4->4
[2020-12-28T19:48:59.089-0500][gc,metaspace   ] GC(23879) Metaspace: 50313K->50313K(1093632K)
[2020-12-28T19:48:59.089-0500][gc,heap        ] GC(23879) Heap after GC invocations=23880 (full 5511): garbage-first heap   total 64512K, used 43377K [0x0000000083000000, 0x0000000100000000)
[2020-12-28T19:48:59.089-0500][gc,heap        ] GC(23879)   region size 1024K, 1 young (1024K), 1 survivors (1024K)
[2020-12-28T19:48:59.089-0500][gc,heap        ] GC(23879)  Metaspace       used 50313K, capacity 52468K, committed 53888K, reserved 1093632K
[2020-12-28T19:48:59.089-0500][gc,heap        ] GC(23879)   class space    used 7457K, capacity 8250K, committed 8832K, reserved 1048576K
[2020-12-28T19:48:59.089-0500][gc             ] GC(23879) Pause Young (Normal) (G1 Evacuation Pause) 51M->42M(63M) 25.475ms
[2020-12-28T19:48:59.090-0500][gc,cpu         ] GC(23879) User=0.12s Sys=0.00s Real=0.03s
[2020-12-28T19:51:02.124-0500][gc,heap        ] GC(23880) Heap before GC invocations=23880 (full 5511): garbage-first heap   total 64512K, used 51569K [0x0000000083000000, 0x0000000100000000)
[2020-12-28T19:51:02.124-0500][gc,heap        ] GC(23880)   region size 1024K, 9 young (9216K), 1 survivors (1024K)
[2020-12-28T19:51:02.124-0500][gc,heap        ] GC(23880)  Metaspace       used 50313K, capacity 52468K, committed 53888K, reserved 1093632K
[2020-12-28T19:51:02.124-0500][gc,heap        ] GC(23880)   class space    used 7457K, capacity 8250K, committed 8832K, reserved 1048576K
[2020-12-28T19:51:02.124-0500][gc,start       ] GC(23880) Pause Young (Normal) (G1 Evacuation Pause)
[2020-12-28T19:51:02.124-0500][gc,task        ] GC(23880) Using 8 workers of 8 for evacuation
[2020-12-28T19:51:02.125-0500][gc,phases      ] GC(23880)   Pre Evacuate Collection Set: 0.0ms
[2020-12-28T19:51:02.125-0500][gc,phases      ] GC(23880)   Evacuate Collection Set: 0.6ms
[2020-12-28T19:51:02.125-0500][gc,phases      ] GC(23880)   Post Evacuate Collection Set: 0.8ms
[2020-12-28T19:51:02.126-0500][gc,phases      ] GC(23880)   Other: 0.2ms
[2020-12-28T19:51:02.126-0500][gc,heap        ] GC(23880) Eden regions: 8->0(8)
[2020-12-28T19:51:02.126-0500][gc,heap        ] GC(23880) Survivor regions: 1->1(2)
[2020-12-28T19:51:02.126-0500][gc,heap        ] GC(23880) Old regions: 42->42
[2020-12-28T19:51:02.126-0500][gc,heap        ] GC(23880) Humongous regions: 4->4
[2020-12-28T19:51:02.126-0500][gc,metaspace   ] GC(23880) Metaspace: 50313K->50313K(1093632K)
[2020-12-28T19:51:02.126-0500][gc,heap        ] GC(23880) Heap after GC invocations=23881 (full 5511): garbage-first heap   total 64512K, used 43384K [0x0000000083000000, 0x0000000100000000)
[2020-12-28T19:51:02.126-0500][gc,heap        ] GC(23880)   region size 1024K, 1 young (1024K), 1 survivors (1024K)
[2020-12-28T19:51:02.126-0500][gc,heap        ] GC(23880)  Metaspace       used 50313K, capacity 52468K, committed 53888K, reserved 1093632K
[2020-12-28T19:51:02.126-0500][gc,heap        ] GC(23880)   class space    used 7457K, capacity 8250K, committed 8832K, reserved 1048576K
[2020-12-28T19:51:02.126-0500][gc             ] GC(23880) Pause Young (Normal) (G1 Evacuation Pause) 50M->42M(63M) 1.651ms
[2020-12-28T19:51:02.126-0500][gc,cpu         ] GC(23880) User=0.00s Sys=0.00s Real=0.00s
[2020-12-28T19:51:45.191-0500][gc,task        ] GC(23881) Using 5 workers of 8 for full compaction
[2020-12-28T19:51:45.191-0500][gc,start       ] GC(23881) Pause Full (System.gc())
[2020-12-28T19:51:45.191-0500][gc,heap        ] GC(23881) Heap before GC invocations=23881 (full 5511): garbage-first heap   total 64512K, used 45432K [0x0000000083000000, 0x0000000100000000)
[2020-12-28T19:51:45.191-0500][gc,heap        ] GC(23881)   region size 1024K, 4 young (4096K), 1 survivors (1024K)
[2020-12-28T19:51:45.191-0500][gc,heap        ] GC(23881)  Metaspace       used 50313K, capacity 52468K, committed 53888K, reserved 1093632K
[2020-12-28T19:51:45.191-0500][gc,heap        ] GC(23881)   class space    used 7457K, capacity 8250K, committed 8832K, reserved 1048576K
[2020-12-28T19:51:45.191-0500][gc,phases,start] GC(23881) Phase 1: Mark live objects
[2020-12-28T19:51:45.214-0500][gc,stringtable ] GC(23881) Cleaned string and symbol table, strings: 33320 processed, 4 removed, symbols: 120973 processed, 0 removed
[2020-12-28T19:51:45.214-0500][gc,phases      ] GC(23881) Phase 1: Mark live objects 22.805ms
[2020-12-28T19:51:45.214-0500][gc,phases,start] GC(23881) Phase 2: Prepare for compaction
[2020-12-28T19:51:45.218-0500][gc,phases      ] GC(23881) Phase 2: Prepare for compaction 3.904ms
[2020-12-28T19:51:45.218-0500][gc,phases,start] GC(23881) Phase 3: Adjust pointers
[2020-12-28T19:51:45.229-0500][gc,phases      ] GC(23881) Phase 3: Adjust pointers 10.958ms
[2020-12-28T19:51:45.229-0500][gc,phases,start] GC(23881) Phase 4: Compact heap
[2020-12-28T19:51:45.232-0500][gc,phases      ] GC(23881) Phase 4: Compact heap 3.023ms
[2020-12-28T19:51:45.237-0500][gc,heap        ] GC(23881) Eden regions: 3->0(10)
[2020-12-28T19:51:45.237-0500][gc,heap        ] GC(23881) Survivor regions: 1->0(2)
[2020-12-28T19:51:45.237-0500][gc,heap        ] GC(23881) Old regions: 42->41
[2020-12-28T19:51:45.237-0500][gc,heap        ] GC(23881) Humongous regions: 4->4
[2020-12-28T19:51:45.237-0500][gc,metaspace   ] GC(23881) Metaspace: 50313K->50313K(1093632K)
[2020-12-28T19:51:45.237-0500][gc,heap        ] GC(23881) Heap after GC invocations=23882 (full 5512): garbage-first heap   total 64512K, used 43325K [0x0000000083000000, 0x0000000100000000)
[2020-12-28T19:51:45.237-0500][gc,heap        ] GC(23881)   region size 1024K, 0 young (0K), 0 survivors (0K)
[2020-12-28T19:51:45.237-0500][gc,heap        ] GC(23881)  Metaspace       used 50313K, capacity 52468K, committed 53888K, reserved 1093632K
[2020-12-28T19:51:45.237-0500][gc,heap        ] GC(23881)   class space    used 7457K, capacity 8250K, committed 8832K, reserved 1048576K
[2020-12-28T19:51:45.237-0500][gc             ] GC(23881) Pause Full (System.gc()) 45M->42M(63M) 46.004ms
[2020-12-28T19:51:45.237-0500][gc,cpu         ] GC(23881) User=0.19s Sys=0.00s Real=0.04s
[2020-12-28T19:54:09.650-0500][gc,heap        ] GC(23882) Heap before GC invocations=23882 (full 5512): garbage-first heap   total 64512K, used 52541K [0x0000000083000000, 0x0000000100000000)
[2020-12-28T19:54:09.650-0500][gc,heap        ] GC(23882)   region size 1024K, 10 young (10240K), 0 survivors (0K)
[2020-12-28T19:54:09.650-0500][gc,heap        ] GC(23882)  Metaspace       used 50313K, capacity 52468K, committed 53888K, reserved 1093632K
[2020-12-28T19:54:09.650-0500][gc,heap        ] GC(23882)   class space    used 7457K, capacity 8250K, committed 8832K, reserved 1048576K
[2020-12-28T19:54:09.650-0500][gc,start       ] GC(23882) Pause Young (Normal) (G1 Evacuation Pause)
[2020-12-28T19:54:09.650-0500][gc,task        ] GC(23882) Using 8 workers of 8 for evacuation
[2020-12-28T19:54:09.669-0500][gc,phases      ] GC(23882)   Pre Evacuate Collection Set: 0.0ms
[2020-12-28T19:54:09.670-0500][gc,phases      ] GC(23882)   Evacuate Collection Set: 15.2ms
[2020-12-28T19:54:09.670-0500][gc,phases      ] GC(23882)   Post Evacuate Collection Set: 3.7ms
[2020-12-28T19:54:09.670-0500][gc,phases      ] GC(23882)   Other: 0.3ms
[2020-12-28T19:54:09.670-0500][gc,heap        ] GC(23882) Eden regions: 10->0(9)
[2020-12-28T19:54:09.670-0500][gc,heap        ] GC(23882) Survivor regions: 0->1(2)
[2020-12-28T19:54:09.670-0500][gc,heap        ] GC(23882) Old regions: 41->41
[2020-12-28T19:54:09.670-0500][gc,heap        ] GC(23882) Humongous regions: 4->4
[2020-12-28T19:54:09.670-0500][gc,metaspace   ] GC(23882) Metaspace: 50313K->50313K(1093632K)
[2020-12-28T19:54:09.670-0500][gc,heap        ] GC(23882) Heap after GC invocations=23883 (full 5512): garbage-first heap   total 64512K, used 43413K [0x0000000083000000, 0x0000000100000000)
[2020-12-28T19:54:09.670-0500][gc,heap        ] GC(23882)   region size 1024K, 1 young (1024K), 1 survivors (1024K)
[2020-12-28T19:54:09.670-0500][gc,heap        ] GC(23882)  Metaspace       used 50313K, capacity 52468K, committed 53888K, reserved 1093632K
[2020-12-28T19:54:09.670-0500][gc,heap        ] GC(23882)   class space    used 7457K, capacity 8250K, committed 8832K, reserved 1048576K
[2020-12-28T19:54:09.670-0500][gc             ] GC(23882) Pause Young (Normal) (G1 Evacuation Pause) 52M->42M(63M) 19.204ms
[2020-12-28T19:54:09.670-0500][gc,cpu         ] GC(23882) User=0.12s Sys=0.00s Real=0.02s
[2020-12-28T19:56:29.059-0500][gc,heap        ] GC(23883) Heap before GC invocations=23883 (full 5512): garbage-first heap   total 64512K, used 51605K [0x0000000083000000, 0x0000000100000000)
[2020-12-28T19:56:29.060-0500][gc,heap        ] GC(23883)   region size 1024K, 10 young (10240K), 1 survivors (1024K)
[2020-12-28T19:56:29.060-0500][gc,heap        ] GC(23883)  Metaspace       used 50313K, capacity 52468K, committed 53888K, reserved 1093632K
[2020-12-28T19:56:29.060-0500][gc,heap        ] GC(23883)   class space    used 7457K, capacity 8250K, committed 8832K, reserved 1048576K
[2020-12-28T19:56:29.060-0500][gc,start       ] GC(23883) Pause Young (Normal) (G1 Evacuation Pause)
[2020-12-28T19:56:29.060-0500][gc,task        ] GC(23883) Using 8 workers of 8 for evacuation
[2020-12-28T19:56:29.062-0500][gc,phases      ] GC(23883)   Pre Evacuate Collection Set: 0.0ms
[2020-12-28T19:56:29.062-0500][gc,phases      ] GC(23883)   Evacuate Collection Set: 0.9ms
[2020-12-28T19:56:29.062-0500][gc,phases      ] GC(23883)   Post Evacuate Collection Set: 0.9ms
[2020-12-28T19:56:29.062-0500][gc,phases      ] GC(23883)   Other: 0.2ms
[2020-12-28T19:56:29.062-0500][gc,heap        ] GC(23883) Eden regions: 9->0(9)
[2020-12-28T19:56:29.062-0500][gc,heap        ] GC(23883) Survivor regions: 1->1(2)
[2020-12-28T19:56:29.062-0500][gc,heap        ] GC(23883) Old regions: 41->41
[2020-12-28T19:56:29.062-0500][gc,heap        ] GC(23883) Humongous regions: 4->4
[2020-12-28T19:56:29.062-0500][gc,metaspace   ] GC(23883) Metaspace: 50313K->50313K(1093632K)
[2020-12-28T19:56:29.062-0500][gc,heap        ] GC(23883) Heap after GC invocations=23884 (full 5512): garbage-first heap   total 64512K, used 43391K [0x0000000083000000, 0x0000000100000000)
[2020-12-28T19:56:29.062-0500][gc,heap        ] GC(23883)   region size 1024K, 1 young (1024K), 1 survivors (1024K)
[2020-12-28T19:56:29.062-0500][gc,heap        ] GC(23883)  Metaspace       used 50313K, capacity 52468K, committed 53888K, reserved 1093632K
[2020-12-28T19:56:29.062-0500][gc,heap        ] GC(23883)   class space    used 7457K, capacity 8250K, committed 8832K, reserved 1048576K
[2020-12-28T19:56:29.062-0500][gc             ] GC(23883) Pause Young (Normal) (G1 Evacuation Pause) 51M->42M(63M) 2.063ms
[2020-12-28T19:56:29.062-0500][gc,cpu         ] GC(23883) User=0.00s Sys=0.01s Real=0.00s
[2020-12-28T19:56:45.190-0500][gc,task        ] GC(23884) Using 5 workers of 8 for full compaction
[2020-12-28T19:56:45.190-0500][gc,start       ] GC(23884) Pause Full (System.gc())
[2020-12-28T19:56:45.190-0500][gc,heap        ] GC(23884) Heap before GC invocations=23884 (full 5512): garbage-first heap   total 64512K, used 44415K [0x0000000083000000, 0x0000000100000000)
[2020-12-28T19:56:45.190-0500][gc,heap        ] GC(23884)   region size 1024K, 3 young (3072K), 1 survivors (1024K)
[2020-12-28T19:56:45.190-0500][gc,heap        ] GC(23884)  Metaspace       used 50313K, capacity 52468K, committed 53888K, reserved 1093632K
[2020-12-28T19:56:45.190-0500][gc,heap        ] GC(23884)   class space    used 7457K, capacity 8250K, committed 8832K, reserved 1048576K
[2020-12-28T19:56:45.190-0500][gc,phases,start] GC(23884) Phase 1: Mark live objects
[2020-12-28T19:56:45.212-0500][gc,stringtable ] GC(23884) Cleaned string and symbol table, strings: 33320 processed, 4 removed, symbols: 120973 processed, 0 removed
[2020-12-28T19:56:45.212-0500][gc,phases      ] GC(23884) Phase 1: Mark live objects 21.721ms
[2020-12-28T19:56:45.212-0500][gc,phases,start] GC(23884) Phase 2: Prepare for compaction
[2020-12-28T19:56:45.216-0500][gc,phases      ] GC(23884) Phase 2: Prepare for compaction 3.758ms
[2020-12-28T19:56:45.216-0500][gc,phases,start] GC(23884) Phase 3: Adjust pointers
[2020-12-28T19:56:45.229-0500][gc,phases      ] GC(23884) Phase 3: Adjust pointers 12.795ms
[2020-12-28T19:56:45.229-0500][gc,phases,start] GC(23884) Phase 4: Compact heap
[2020-12-28T19:56:45.232-0500][gc,phases      ] GC(23884) Phase 4: Compact heap 3.089ms
[2020-12-28T19:56:45.237-0500][gc,heap        ] GC(23884) Eden regions: 2->0(9)
[2020-12-28T19:56:45.237-0500][gc,heap        ] GC(23884) Survivor regions: 1->0(2)
[2020-12-28T19:56:45.237-0500][gc,heap        ] GC(23884) Old regions: 41->42
[2020-12-28T19:56:45.237-0500][gc,heap        ] GC(23884) Humongous regions: 4->4
[2020-12-28T19:56:45.237-0500][gc,metaspace   ] GC(23884) Metaspace: 50313K->50313K(1093632K)
[2020-12-28T19:56:45.237-0500][gc,heap        ] GC(23884) Heap after GC invocations=23885 (full 5513): garbage-first heap   total 64512K, used 43317K [0x0000000083000000, 0x0000000100000000)
[2020-12-28T19:56:45.237-0500][gc,heap        ] GC(23884)   region size 1024K, 0 young (0K), 0 survivors (0K)
[2020-12-28T19:56:45.237-0500][gc,heap        ] GC(23884)  Metaspace       used 50313K, capacity 52468K, committed 53888K, reserved 1093632K
[2020-12-28T19:56:45.237-0500][gc,heap        ] GC(23884)   class space    used 7457K, capacity 8250K, committed 8832K, reserved 1048576K
[2020-12-28T19:56:45.237-0500][gc             ] GC(23884) Pause Full (System.gc()) 43M->42M(63M) 47.052ms
[2020-12-28T19:56:45.237-0500][gc,cpu         ] GC(23884) User=0.20s Sys=0.00s Real=0.04s
[2020-12-28T19:58:59.059-0500][gc,heap        ] GC(23885) Heap before GC invocations=23885 (full 5513): garbage-first heap   total 64512K, used 51509K [0x0000000083000000, 0x0000000100000000)
[2020-12-28T19:58:59.059-0500][gc,heap        ] GC(23885)   region size 1024K, 9 young (9216K), 0 survivors (0K)
[2020-12-28T19:58:59.059-0500][gc,heap        ] GC(23885)  Metaspace       used 50313K, capacity 52468K, committed 53888K, reserved 1093632K
[2020-12-28T19:58:59.059-0500][gc,heap        ] GC(23885)   class space    used 7457K, capacity 8250K, committed 8832K, reserved 1048576K
[2020-12-28T19:58:59.059-0500][gc,start       ] GC(23885) Pause Young (Normal) (G1 Evacuation Pause)
[2020-12-28T19:58:59.059-0500][gc,task        ] GC(23885) Using 8 workers of 8 for evacuation
[2020-12-28T19:58:59.062-0500][gc,phases      ] GC(23885)   Pre Evacuate Collection Set: 0.0ms
[2020-12-28T19:58:59.062-0500][gc,phases      ] GC(23885)   Evacuate Collection Set: 0.8ms
[2020-12-28T19:58:59.062-0500][gc,phases      ] GC(23885)   Post Evacuate Collection Set: 1.6ms
[2020-12-28T19:58:59.062-0500][gc,phases      ] GC(23885)   Other: 0.2ms
[2020-12-28T19:58:59.062-0500][gc,heap        ] GC(23885) Eden regions: 9->0(8)
[2020-12-28T19:58:59.062-0500][gc,heap        ] GC(23885) Survivor regions: 0->1(2)
[2020-12-28T19:58:59.062-0500][gc,heap        ] GC(23885) Old regions: 42->42
[2020-12-28T19:58:59.062-0500][gc,heap        ] GC(23885) Humongous regions: 4->4
[2020-12-28T19:58:59.062-0500][gc,metaspace   ] GC(23885) Metaspace: 50313K->50313K(1093632K)
[2020-12-28T19:58:59.062-0500][gc,heap        ] GC(23885) Heap after GC invocations=23886 (full 5513): garbage-first heap   total 64512K, used 43401K [0x0000000083000000, 0x0000000100000000)
[2020-12-28T19:58:59.062-0500][gc,heap        ] GC(23885)   region size 1024K, 1 young (1024K), 1 survivors (1024K)
[2020-12-28T19:58:59.062-0500][gc,heap        ] GC(23885)  Metaspace       used 50313K, capacity 52468K, committed 53888K, reserved 1093632K
[2020-12-28T19:58:59.062-0500][gc,heap        ] GC(23885)   class space    used 7457K, capacity 8250K, committed 8832K, reserved 1048576K
[2020-12-28T19:58:59.062-0500][gc             ] GC(23885) Pause Young (Normal) (G1 Evacuation Pause) 51M->42M(63M) 2.646ms
[2020-12-28T19:58:59.062-0500][gc,cpu         ] GC(23885) User=0.00s Sys=0.00s Real=0.00s
[2020-12-28T20:00:59.060-0500][gc,heap        ] GC(23886) Heap before GC invocations=23886 (full 5513): garbage-first heap   total 64512K, used 50569K [0x0000000083000000, 0x0000000100000000)
[2020-12-28T20:00:59.061-0500][gc,heap        ] GC(23886)   region size 1024K, 9 young (9216K), 1 survivors (1024K)
[2020-12-28T20:00:59.061-0500][gc,heap        ] GC(23886)  Metaspace       used 50313K, capacity 52468K, committed 53888K, reserved 1093632K
[2020-12-28T20:00:59.061-0500][gc,heap        ] GC(23886)   class space    used 7457K, capacity 8250K, committed 8832K, reserved 1048576K
[2020-12-28T20:00:59.061-0500][gc,start       ] GC(23886) Pause Young (Normal) (G1 Evacuation Pause)
[2020-12-28T20:00:59.061-0500][gc,task        ] GC(23886) Using 8 workers of 8 for evacuation
[2020-12-28T20:00:59.063-0500][gc,phases      ] GC(23886)   Pre Evacuate Collection Set: 0.0ms
[2020-12-28T20:00:59.063-0500][gc,phases      ] GC(23886)   Evacuate Collection Set: 0.8ms
[2020-12-28T20:00:59.063-0500][gc,phases      ] GC(23886)   Post Evacuate Collection Set: 0.9ms
[2020-12-28T20:00:59.063-0500][gc,phases      ] GC(23886)   Other: 0.4ms
[2020-12-28T20:00:59.063-0500][gc,heap        ] GC(23886) Eden regions: 8->0(8)
[2020-12-28T20:00:59.063-0500][gc,heap        ] GC(23886) Survivor regions: 1->1(2)
[2020-12-28T20:00:59.063-0500][gc,heap        ] GC(23886) Old regions: 42->42
[2020-12-28T20:00:59.063-0500][gc,heap        ] GC(23886) Humongous regions: 4->4
[2020-12-28T20:00:59.063-0500][gc,metaspace   ] GC(23886) Metaspace: 50313K->50313K(1093632K)
[2020-12-28T20:00:59.063-0500][gc,heap        ] GC(23886) Heap after GC invocations=23887 (full 5513): garbage-first heap   total 64512K, used 43393K [0x0000000083000000, 0x0000000100000000)
[2020-12-28T20:00:59.063-0500][gc,heap        ] GC(23886)   region size 1024K, 1 young (1024K), 1 survivors (1024K)
[2020-12-28T20:00:59.063-0500][gc,heap        ] GC(23886)  Metaspace       used 50313K, capacity 52468K, committed 53888K, reserved 1093632K
[2020-12-28T20:00:59.063-0500][gc,heap        ] GC(23886)   class space    used 7457K, capacity 8250K, committed 8832K, reserved 1048576K
[2020-12-28T20:00:59.063-0500][gc             ] GC(23886) Pause Young (Normal) (G1 Evacuation Pause) 50M->42M(63M) 2.121ms
[2020-12-28T20:00:59.063-0500][gc,cpu         ] GC(23886) User=0.00s Sys=0.00s Real=0.00s
[2020-12-28T20:01:45.189-0500][gc,task        ] GC(23887) Using 5 workers of 8 for full compaction
[2020-12-28T20:01:45.189-0500][gc,start       ] GC(23887) Pause Full (System.gc())
[2020-12-28T20:01:45.189-0500][gc,heap        ] GC(23887) Heap before GC invocations=23887 (full 5513): garbage-first heap   total 64512K, used 46465K [0x0000000083000000, 0x0000000100000000)
[2020-12-28T20:01:45.189-0500][gc,heap        ] GC(23887)   region size 1024K, 5 young (5120K), 1 survivors (1024K)
[2020-12-28T20:01:45.189-0500][gc,heap        ] GC(23887)  Metaspace       used 50313K, capacity 52468K, committed 53888K, reserved 1093632K
[2020-12-28T20:01:45.189-0500][gc,heap        ] GC(23887)   class space    used 7457K, capacity 8250K, committed 8832K, reserved 1048576K
[2020-12-28T20:01:45.189-0500][gc,phases,start] GC(23887) Phase 1: Mark live objects
[2020-12-28T20:01:45.211-0500][gc,stringtable ] GC(23887) Cleaned string and symbol table, strings: 33320 processed, 4 removed, symbols: 120973 processed, 0 removed
[2020-12-28T20:01:45.211-0500][gc,phases      ] GC(23887) Phase 1: Mark live objects 21.845ms
[2020-12-28T20:01:45.211-0500][gc,phases,start] GC(23887) Phase 2: Prepare for compaction
[2020-12-28T20:01:45.215-0500][gc,phases      ] GC(23887) Phase 2: Prepare for compaction 3.919ms
[2020-12-28T20:01:45.215-0500][gc,phases,start] GC(23887) Phase 3: Adjust pointers
[2020-12-28T20:01:45.226-0500][gc,phases      ] GC(23887) Phase 3: Adjust pointers 10.821ms
[2020-12-28T20:01:45.226-0500][gc,phases,start] GC(23887) Phase 4: Compact heap
[2020-12-28T20:01:45.229-0500][gc,phases      ] GC(23887) Phase 4: Compact heap 2.812ms
[2020-12-28T20:01:45.233-0500][gc,heap        ] GC(23887) Eden regions: 4->0(10)
[2020-12-28T20:01:45.233-0500][gc,heap        ] GC(23887) Survivor regions: 1->0(2)
[2020-12-28T20:01:45.233-0500][gc,heap        ] GC(23887) Old regions: 42->41
[2020-12-28T20:01:45.233-0500][gc,heap        ] GC(23887) Humongous regions: 4->4
[2020-12-28T20:01:45.233-0500][gc,metaspace   ] GC(23887) Metaspace: 50313K->50313K(1093632K)
[2020-12-28T20:01:45.233-0500][gc,heap        ] GC(23887) Heap after GC invocations=23888 (full 5514): garbage-first heap   total 64512K, used 43331K [0x0000000083000000, 0x0000000100000000)
[2020-12-28T20:01:45.233-0500][gc,heap        ] GC(23887)   region size 1024K, 0 young (0K), 0 survivors (0K)
[2020-12-28T20:01:45.234-0500][gc,heap        ] GC(23887)  Metaspace       used 50313K, capacity 52468K, committed 53888K, reserved 1093632K
[2020-12-28T20:01:45.234-0500][gc,heap        ] GC(23887)   class space    used 7457K, capacity 8250K, committed 8832K, reserved 1048576K
[2020-12-28T20:01:45.234-0500][gc             ] GC(23887) Pause Full (System.gc()) 45M->42M(63M) 44.635ms
[2020-12-28T20:01:45.234-0500][gc,cpu         ] GC(23887) User=0.18s Sys=0.00s Real=0.04s
[2020-12-28T20:04:19.058-0500][gc,heap        ] GC(23888) Heap before GC invocations=23888 (full 5514): garbage-first heap   total 64512K, used 52547K [0x0000000083000000, 0x0000000100000000)
[2020-12-28T20:04:19.058-0500][gc,heap        ] GC(23888)   region size 1024K, 10 young (10240K), 0 survivors (0K)
[2020-12-28T20:04:19.058-0500][gc,heap        ] GC(23888)  Metaspace       used 50313K, capacity 52468K, committed 53888K, reserved 1093632K
[2020-12-28T20:04:19.058-0500][gc,heap        ] GC(23888)   class space    used 7457K, capacity 8250K, committed 8832K, reserved 1048576K
[2020-12-28T20:04:19.058-0500][gc,start       ] GC(23888) Pause Young (Normal) (G1 Evacuation Pause)
[2020-12-28T20:04:19.058-0500][gc,task        ] GC(23888) Using 8 workers of 8 for evacuation
[2020-12-28T20:04:19.069-0500][gc,phases      ] GC(23888)   Pre Evacuate Collection Set: 0.0ms
[2020-12-28T20:04:19.070-0500][gc,phases      ] GC(23888)   Evacuate Collection Set: 8.3ms
[2020-12-28T20:04:19.070-0500][gc,phases      ] GC(23888)   Post Evacuate Collection Set: 2.5ms
[2020-12-28T20:04:19.070-0500][gc,phases      ] GC(23888)   Other: 0.3ms
[2020-12-28T20:04:19.070-0500][gc,heap        ] GC(23888) Eden regions: 10->0(9)
[2020-12-28T20:04:19.070-0500][gc,heap        ] GC(23888) Survivor regions: 0->1(2)
[2020-12-28T20:04:19.070-0500][gc,heap        ] GC(23888) Old regions: 41->41
[2020-12-28T20:04:19.070-0500][gc,heap        ] GC(23888) Humongous regions: 4->4
[2020-12-28T20:04:19.070-0500][gc,metaspace   ] GC(23888) Metaspace: 50313K->50313K(1093632K)
[2020-12-28T20:04:19.070-0500][gc,heap        ] GC(23888) Heap after GC invocations=23889 (full 5514): garbage-first heap   total 64512K, used 43420K [0x0000000083000000, 0x0000000100000000)
[2020-12-28T20:04:19.070-0500][gc,heap        ] GC(23888)   region size 1024K, 1 young (1024K), 1 survivors (1024K)
[2020-12-28T20:04:19.070-0500][gc,heap        ] GC(23888)  Metaspace       used 50313K, capacity 52468K, committed 53888K, reserved 1093632K
[2020-12-28T20:04:19.070-0500][gc,heap        ] GC(23888)   class space    used 7457K, capacity 8250K, committed 8832K, reserved 1048576K
[2020-12-28T20:04:19.070-0500][gc             ] GC(23888) Pause Young (Normal) (G1 Evacuation Pause) 52M->42M(63M) 11.332ms
[2020-12-28T20:04:19.070-0500][gc,cpu         ] GC(23888) User=0.06s Sys=0.00s Real=0.01s
[2020-12-28T20:06:39.060-0500][gc,heap        ] GC(23889) Heap before GC invocations=23889 (full 5514): garbage-first heap   total 64512K, used 51612K [0x0000000083000000, 0x0000000100000000)
[2020-12-28T20:06:39.060-0500][gc,heap        ] GC(23889)   region size 1024K, 10 young (10240K), 1 survivors (1024K)
[2020-12-28T20:06:39.060-0500][gc,heap        ] GC(23889)  Metaspace       used 50313K, capacity 52468K, committed 53888K, reserved 1093632K
[2020-12-28T20:06:39.060-0500][gc,heap        ] GC(23889)   class space    used 7457K, capacity 8250K, committed 8832K, reserved 1048576K
[2020-12-28T20:06:39.060-0500][gc,start       ] GC(23889) Pause Young (Normal) (G1 Evacuation Pause)
[2020-12-28T20:06:39.060-0500][gc,task        ] GC(23889) Using 8 workers of 8 for evacuation
[2020-12-28T20:06:39.062-0500][gc,phases      ] GC(23889)   Pre Evacuate Collection Set: 0.0ms
[2020-12-28T20:06:39.062-0500][gc,phases      ] GC(23889)   Evacuate Collection Set: 0.6ms
[2020-12-28T20:06:39.062-0500][gc,phases      ] GC(23889)   Post Evacuate Collection Set: 1.4ms
[2020-12-28T20:06:39.062-0500][gc,phases      ] GC(23889)   Other: 0.2ms
[2020-12-28T20:06:39.062-0500][gc,heap        ] GC(23889) Eden regions: 9->0(9)
[2020-12-28T20:06:39.062-0500][gc,heap        ] GC(23889) Survivor regions: 1->1(2)
[2020-12-28T20:06:39.062-0500][gc,heap        ] GC(23889) Old regions: 41->41
[2020-12-28T20:06:39.062-0500][gc,heap        ] GC(23889) Humongous regions: 4->4
[2020-12-28T20:06:39.062-0500][gc,metaspace   ] GC(23889) Metaspace: 50313K->50313K(1093632K)
[2020-12-28T20:06:39.062-0500][gc,heap        ] GC(23889) Heap after GC invocations=23890 (full 5514): garbage-first heap   total 64512K, used 43393K [0x0000000083000000, 0x0000000100000000)
[2020-12-28T20:06:39.062-0500][gc,heap        ] GC(23889)   region size 1024K, 1 young (1024K), 1 survivors (1024K)
[2020-12-28T20:06:39.062-0500][gc,heap        ] GC(23889)  Metaspace       used 50313K, capacity 52468K, committed 53888K, reserved 1093632K
[2020-12-28T20:06:39.062-0500][gc,heap        ] GC(23889)   class space    used 7457K, capacity 8250K, committed 8832K, reserved 1048576K
[2020-12-28T20:06:39.062-0500][gc             ] GC(23889) Pause Young (Normal) (G1 Evacuation Pause) 51M->42M(63M) 2.496ms
[2020-12-28T20:06:39.062-0500][gc,cpu         ] GC(23889) User=0.00s Sys=0.01s Real=0.00s
[2020-12-28T20:06:45.189-0500][gc,task        ] GC(23890) Using 5 workers of 8 for full compaction
[2020-12-28T20:06:45.189-0500][gc,start       ] GC(23890) Pause Full (System.gc())
[2020-12-28T20:06:45.189-0500][gc,heap        ] GC(23890) Heap before GC invocations=23890 (full 5514): garbage-first heap   total 64512K, used 43393K [0x0000000083000000, 0x0000000100000000)
[2020-12-28T20:06:45.189-0500][gc,heap        ] GC(23890)   region size 1024K, 2 young (2048K), 1 survivors (1024K)
[2020-12-28T20:06:45.189-0500][gc,heap        ] GC(23890)  Metaspace       used 50313K, capacity 52468K, committed 53888K, reserved 1093632K
[2020-12-28T20:06:45.189-0500][gc,heap        ] GC(23890)   class space    used 7457K, capacity 8250K, committed 8832K, reserved 1048576K
[2020-12-28T20:06:45.189-0500][gc,phases,start] GC(23890) Phase 1: Mark live objects
[2020-12-28T20:06:45.209-0500][gc,stringtable ] GC(23890) Cleaned string and symbol table, strings: 33320 processed, 4 removed, symbols: 120973 processed, 0 removed
[2020-12-28T20:06:45.209-0500][gc,phases      ] GC(23890) Phase 1: Mark live objects 20.355ms
[2020-12-28T20:06:45.209-0500][gc,phases,start] GC(23890) Phase 2: Prepare for compaction
[2020-12-28T20:06:45.214-0500][gc,phases      ] GC(23890) Phase 2: Prepare for compaction 4.550ms
[2020-12-28T20:06:45.214-0500][gc,phases,start] GC(23890) Phase 3: Adjust pointers
[2020-12-28T20:06:45.225-0500][gc,phases      ] GC(23890) Phase 3: Adjust pointers 10.859ms
[2020-12-28T20:06:45.225-0500][gc,phases,start] GC(23890) Phase 4: Compact heap
[2020-12-28T20:06:45.228-0500][gc,phases      ] GC(23890) Phase 4: Compact heap 2.728ms
[2020-12-28T20:06:45.234-0500][gc,heap        ] GC(23890) Eden regions: 1->0(10)
[2020-12-28T20:06:45.234-0500][gc,heap        ] GC(23890) Survivor regions: 1->0(2)
[2020-12-28T20:06:45.234-0500][gc,heap        ] GC(23890) Old regions: 41->41
[2020-12-28T20:06:45.234-0500][gc,heap        ] GC(23890) Humongous regions: 4->4
[2020-12-28T20:06:45.234-0500][gc,metaspace   ] GC(23890) Metaspace: 50313K->50313K(1093632K)
[2020-12-28T20:06:45.234-0500][gc,heap        ] GC(23890) Heap after GC invocations=23891 (full 5515): garbage-first heap   total 64512K, used 43311K [0x0000000083000000, 0x0000000100000000)
[2020-12-28T20:06:45.234-0500][gc,heap        ] GC(23890)   region size 1024K, 0 young (0K), 0 survivors (0K)
[2020-12-28T20:06:45.234-0500][gc,heap        ] GC(23890)  Metaspace       used 50313K, capacity 52468K, committed 53888K, reserved 1093632K
[2020-12-28T20:06:45.234-0500][gc,heap        ] GC(23890)   class space    used 7457K, capacity 8250K, committed 8832K, reserved 1048576K
[2020-12-28T20:06:45.234-0500][gc             ] GC(23890) Pause Full (System.gc()) 43M->42M(63M) 45.215ms
[2020-12-28T20:06:45.234-0500][gc,cpu         ] GC(23890) User=0.18s Sys=0.00s Real=0.04s
[2020-12-28T20:09:09.059-0500][gc,heap        ] GC(23891) Heap before GC invocations=23891 (full 5515): garbage-first heap   total 64512K, used 52527K [0x0000000083000000, 0x0000000100000000)
[2020-12-28T20:09:09.059-0500][gc,heap        ] GC(23891)   region size 1024K, 10 young (10240K), 0 survivors (0K)
[2020-12-28T20:09:09.059-0500][gc,heap        ] GC(23891)  Metaspace       used 50313K, capacity 52468K, committed 53888K, reserved 1093632K
[2020-12-28T20:09:09.059-0500][gc,heap        ] GC(23891)   class space    used 7457K, capacity 8250K, committed 8832K, reserved 1048576K
[2020-12-28T20:09:09.059-0500][gc,start       ] GC(23891) Pause Young (Normal) (G1 Evacuation Pause)
[2020-12-28T20:09:09.059-0500][gc,task        ] GC(23891) Using 8 workers of 8 for evacuation
[2020-12-28T20:09:09.061-0500][gc,phases      ] GC(23891)   Pre Evacuate Collection Set: 0.0ms
[2020-12-28T20:09:09.061-0500][gc,phases      ] GC(23891)   Evacuate Collection Set: 0.6ms
[2020-12-28T20:09:09.061-0500][gc,phases      ] GC(23891)   Post Evacuate Collection Set: 1.2ms
[2020-12-28T20:09:09.061-0500][gc,phases      ] GC(23891)   Other: 0.3ms
[2020-12-28T20:09:09.061-0500][gc,heap        ] GC(23891) Eden regions: 10->0(9)
[2020-12-28T20:09:09.061-0500][gc,heap        ] GC(23891) Survivor regions: 0->1(2)
[2020-12-28T20:09:09.061-0500][gc,heap        ] GC(23891) Old regions: 41->41
[2020-12-28T20:09:09.062-0500][gc,heap        ] GC(23891) Humongous regions: 4->4
[2020-12-28T20:09:09.062-0500][gc,metaspace   ] GC(23891) Metaspace: 50313K->50313K(1093632K)
[2020-12-28T20:09:09.062-0500][gc,heap        ] GC(23891) Heap after GC invocations=23892 (full 5515): garbage-first heap   total 64512K, used 43387K [0x0000000083000000, 0x0000000100000000)
[2020-12-28T20:09:09.062-0500][gc,heap        ] GC(23891)   region size 1024K, 1 young (1024K), 1 survivors (1024K)
[2020-12-28T20:09:09.062-0500][gc,heap        ] GC(23891)  Metaspace       used 50313K, capacity 52468K, committed 53888K, reserved 1093632K
[2020-12-28T20:09:09.062-0500][gc,heap        ] GC(23891)   class space    used 7457K, capacity 8250K, committed 8832K, reserved 1048576K
[2020-12-28T20:09:09.062-0500][gc             ] GC(23891) Pause Young (Normal) (G1 Evacuation Pause) 52M->42M(63M) 2.174ms
[2020-12-28T20:09:09.062-0500][gc,cpu         ] GC(23891) User=0.00s Sys=0.00s Real=0.00s
[2020-12-28T20:11:22.548-0500][gc,heap        ] GC(23892) Heap before GC invocations=23892 (full 5515): garbage-first heap   total 64512K, used 52603K [0x0000000083000000, 0x0000000100000000)
[2020-12-28T20:11:22.548-0500][gc,heap        ] GC(23892)   region size 1024K, 10 young (10240K), 1 survivors (1024K)
[2020-12-28T20:11:22.548-0500][gc,heap        ] GC(23892)  Metaspace       used 50313K, capacity 52468K, committed 53888K, reserved 1093632K
[2020-12-28T20:11:22.548-0500][gc,heap        ] GC(23892)   class space    used 7457K, capacity 8250K, committed 8832K, reserved 1048576K
[2020-12-28T20:11:22.548-0500][gc,start       ] GC(23892) Pause Young (Normal) (G1 Evacuation Pause)
[2020-12-28T20:11:22.548-0500][gc,task        ] GC(23892) Using 8 workers of 8 for evacuation
[2020-12-28T20:11:22.551-0500][gc,phases      ] GC(23892)   Pre Evacuate Collection Set: 0.0ms
[2020-12-28T20:11:22.551-0500][gc,phases      ] GC(23892)   Evacuate Collection Set: 0.9ms
[2020-12-28T20:11:22.551-0500][gc,phases      ] GC(23892)   Post Evacuate Collection Set: 2.2ms
[2020-12-28T20:11:22.551-0500][gc,phases      ] GC(23892)   Other: 0.2ms
[2020-12-28T20:11:22.551-0500][gc,heap        ] GC(23892) Eden regions: 9->0(9)
[2020-12-28T20:11:22.551-0500][gc,heap        ] GC(23892) Survivor regions: 1->1(2)
[2020-12-28T20:11:22.551-0500][gc,heap        ] GC(23892) Old regions: 41->41
[2020-12-28T20:11:22.552-0500][gc,heap        ] GC(23892) Humongous regions: 4->4
[2020-12-28T20:11:22.552-0500][gc,metaspace   ] GC(23892) Metaspace: 50313K->50313K(1093632K)
[2020-12-28T20:11:22.552-0500][gc,heap        ] GC(23892) Heap after GC invocations=23893 (full 5515): garbage-first heap   total 64512K, used 43370K [0x0000000083000000, 0x0000000100000000)
[2020-12-28T20:11:22.552-0500][gc,heap        ] GC(23892)   region size 1024K, 1 young (1024K), 1 survivors (1024K)
[2020-12-28T20:11:22.552-0500][gc,heap        ] GC(23892)  Metaspace       used 50313K, capacity 52468K, committed 53888K, reserved 1093632K
[2020-12-28T20:11:22.552-0500][gc,heap        ] GC(23892)   class space    used 7457K, capacity 8250K, committed 8832K, reserved 1048576K
[2020-12-28T20:11:22.552-0500][gc             ] GC(23892) Pause Young (Normal) (G1 Evacuation Pause) 51M->42M(63M) 3.315ms
[2020-12-28T20:11:22.552-0500][gc,cpu         ] GC(23892) User=0.01s Sys=0.00s Real=0.00s
[2020-12-28T20:11:45.191-0500][gc,task        ] GC(23893) Using 5 workers of 8 for full compaction
[2020-12-28T20:11:45.191-0500][gc,start       ] GC(23893) Pause Full (System.gc())
[2020-12-28T20:11:45.191-0500][gc,heap        ] GC(23893) Heap before GC invocations=23893 (full 5515): garbage-first heap   total 64512K, used 44394K [0x0000000083000000, 0x0000000100000000)
[2020-12-28T20:11:45.191-0500][gc,heap        ] GC(23893)   region size 1024K, 3 young (3072K), 1 survivors (1024K)
[2020-12-28T20:11:45.191-0500][gc,heap        ] GC(23893)  Metaspace       used 50313K, capacity 52468K, committed 53888K, reserved 1093632K
[2020-12-28T20:11:45.191-0500][gc,heap        ] GC(23893)   class space    used 7457K, capacity 8250K, committed 8832K, reserved 1048576K
[2020-12-28T20:11:45.191-0500][gc,phases,start] GC(23893) Phase 1: Mark live objects
[2020-12-28T20:11:45.211-0500][gc,stringtable ] GC(23893) Cleaned string and symbol table, strings: 33320 processed, 4 removed, symbols: 120973 processed, 0 removed
[2020-12-28T20:11:45.211-0500][gc,phases      ] GC(23893) Phase 1: Mark live objects 19.987ms
[2020-12-28T20:11:45.211-0500][gc,phases,start] GC(23893) Phase 2: Prepare for compaction
[2020-12-28T20:11:45.216-0500][gc,phases      ] GC(23893) Phase 2: Prepare for compaction 4.080ms
[2020-12-28T20:11:45.216-0500][gc,phases,start] GC(23893) Phase 3: Adjust pointers
[2020-12-28T20:11:45.227-0500][gc,phases      ] GC(23893) Phase 3: Adjust pointers 11.009ms
[2020-12-28T20:11:45.227-0500][gc,phases,start] GC(23893) Phase 4: Compact heap
[2020-12-28T20:11:45.230-0500][gc,phases      ] GC(23893) Phase 4: Compact heap 3.135ms
[2020-12-28T20:11:45.234-0500][gc,heap        ] GC(23893) Eden regions: 2->0(10)
[2020-12-28T20:11:45.234-0500][gc,heap        ] GC(23893) Survivor regions: 1->0(2)
[2020-12-28T20:11:45.234-0500][gc,heap        ] GC(23893) Old regions: 41->41
[2020-12-28T20:11:45.234-0500][gc,heap        ] GC(23893) Humongous regions: 4->4
[2020-12-28T20:11:45.234-0500][gc,metaspace   ] GC(23893) Metaspace: 50313K->50313K(1093632K)
[2020-12-28T20:11:45.234-0500][gc,heap        ] GC(23893) Heap after GC invocations=23894 (full 5516): garbage-first heap   total 64512K, used 43314K [0x0000000083000000, 0x0000000100000000)
[2020-12-28T20:11:45.234-0500][gc,heap        ] GC(23893)   region size 1024K, 0 young (0K), 0 survivors (0K)
[2020-12-28T20:11:45.234-0500][gc,heap        ] GC(23893)  Metaspace       used 50313K, capacity 52468K, committed 53888K, reserved 1093632K
[2020-12-28T20:11:45.234-0500][gc,heap        ] GC(23893)   class space    used 7457K, capacity 8250K, committed 8832K, reserved 1048576K
[2020-12-28T20:11:45.234-0500][gc             ] GC(23893) Pause Full (System.gc()) 43M->42M(63M) 43.247ms
[2020-12-28T20:11:45.235-0500][gc,cpu         ] GC(23893) User=0.17s Sys=0.00s Real=0.04s
[2020-12-28T20:14:09.062-0500][gc,heap        ] GC(23894) Heap before GC invocations=23894 (full 5516): garbage-first heap   total 64512K, used 52530K [0x0000000083000000, 0x0000000100000000)
[2020-12-28T20:14:09.062-0500][gc,heap        ] GC(23894)   region size 1024K, 10 young (10240K), 0 survivors (0K)
[2020-12-28T20:14:09.062-0500][gc,heap        ] GC(23894)  Metaspace       used 50313K, capacity 52468K, committed 53888K, reserved 1093632K
[2020-12-28T20:14:09.062-0500][gc,heap        ] GC(23894)   class space    used 7457K, capacity 8250K, committed 8832K, reserved 1048576K
[2020-12-28T20:14:09.062-0500][gc,start       ] GC(23894) Pause Young (Normal) (G1 Evacuation Pause)
[2020-12-28T20:14:09.062-0500][gc,task        ] GC(23894) Using 8 workers of 8 for evacuation
[2020-12-28T20:14:09.063-0500][gc,phases      ] GC(23894)   Pre Evacuate Collection Set: 0.0ms
[2020-12-28T20:14:09.063-0500][gc,phases      ] GC(23894)   Evacuate Collection Set: 0.6ms
[2020-12-28T20:14:09.063-0500][gc,phases      ] GC(23894)   Post Evacuate Collection Set: 0.7ms
[2020-12-28T20:14:09.063-0500][gc,phases      ] GC(23894)   Other: 0.2ms
[2020-12-28T20:14:09.063-0500][gc,heap        ] GC(23894) Eden regions: 10->0(9)
[2020-12-28T20:14:09.063-0500][gc,heap        ] GC(23894) Survivor regions: 0->1(2)
[2020-12-28T20:14:09.063-0500][gc,heap        ] GC(23894) Old regions: 41->41
[2020-12-28T20:14:09.063-0500][gc,heap        ] GC(23894) Humongous regions: 4->4
[2020-12-28T20:14:09.063-0500][gc,metaspace   ] GC(23894) Metaspace: 50313K->50313K(1093632K)
[2020-12-28T20:14:09.063-0500][gc,heap        ] GC(23894) Heap after GC invocations=23895 (full 5516): garbage-first heap   total 64512K, used 43396K [0x0000000083000000, 0x0000000100000000)
[2020-12-28T20:14:09.063-0500][gc,heap        ] GC(23894)   region size 1024K, 1 young (1024K), 1 survivors (1024K)
[2020-12-28T20:14:09.063-0500][gc,heap        ] GC(23894)  Metaspace       used 50313K, capacity 52468K, committed 53888K, reserved 1093632K
[2020-12-28T20:14:09.063-0500][gc,heap        ] GC(23894)   class space    used 7457K, capacity 8250K, committed 8832K, reserved 1048576K
[2020-12-28T20:14:09.063-0500][gc             ] GC(23894) Pause Young (Normal) (G1 Evacuation Pause) 52M->42M(63M) 1.672ms
[2020-12-28T20:14:09.064-0500][gc,cpu         ] GC(23894) User=0.00s Sys=0.01s Real=0.00s
[2020-12-28T20:16:29.058-0500][gc,heap        ] GC(23895) Heap before GC invocations=23895 (full 5516): garbage-first heap   total 64512K, used 51588K [0x0000000083000000, 0x0000000100000000)
[2020-12-28T20:16:29.058-0500][gc,heap        ] GC(23895)   region size 1024K, 10 young (10240K), 1 survivors (1024K)
[2020-12-28T20:16:29.058-0500][gc,heap        ] GC(23895)  Metaspace       used 50313K, capacity 52468K, committed 53888K, reserved 1093632K
[2020-12-28T20:16:29.058-0500][gc,heap        ] GC(23895)   class space    used 7457K, capacity 8250K, committed 8832K, reserved 1048576K
[2020-12-28T20:16:29.058-0500][gc,start       ] GC(23895) Pause Young (Normal) (G1 Evacuation Pause)
[2020-12-28T20:16:29.058-0500][gc,task        ] GC(23895) Using 8 workers of 8 for evacuation
[2020-12-28T20:16:29.060-0500][gc,phases      ] GC(23895)   Pre Evacuate Collection Set: 0.0ms
[2020-12-28T20:16:29.060-0500][gc,phases      ] GC(23895)   Evacuate Collection Set: 0.6ms
[2020-12-28T20:16:29.060-0500][gc,phases      ] GC(23895)   Post Evacuate Collection Set: 1.1ms
[2020-12-28T20:16:29.060-0500][gc,phases      ] GC(23895)   Other: 0.2ms
[2020-12-28T20:16:29.060-0500][gc,heap        ] GC(23895) Eden regions: 9->0(9)
[2020-12-28T20:16:29.060-0500][gc,heap        ] GC(23895) Survivor regions: 1->1(2)
[2020-12-28T20:16:29.060-0500][gc,heap        ] GC(23895) Old regions: 41->41
[2020-12-28T20:16:29.060-0500][gc,heap        ] GC(23895) Humongous regions: 4->4
[2020-12-28T20:16:29.060-0500][gc,metaspace   ] GC(23895) Metaspace: 50313K->50313K(1093632K)
[2020-12-28T20:16:29.060-0500][gc,heap        ] GC(23895) Heap after GC invocations=23896 (full 5516): garbage-first heap   total 64512K, used 43382K [0x0000000083000000, 0x0000000100000000)
[2020-12-28T20:16:29.060-0500][gc,heap        ] GC(23895)   region size 1024K, 1 young (1024K), 1 survivors (1024K)
[2020-12-28T20:16:29.060-0500][gc,heap        ] GC(23895)  Metaspace       used 50313K, capacity 52468K, committed 53888K, reserved 1093632K
[2020-12-28T20:16:29.060-0500][gc,heap        ] GC(23895)   class space    used 7457K, capacity 8250K, committed 8832K, reserved 1048576K
[2020-12-28T20:16:29.060-0500][gc             ] GC(23895) Pause Young (Normal) (G1 Evacuation Pause) 51M->42M(63M) 2.021ms
[2020-12-28T20:16:29.060-0500][gc,cpu         ] GC(23895) User=0.00s Sys=0.00s Real=0.00s
[2020-12-28T20:16:45.191-0500][gc,task        ] GC(23896) Using 5 workers of 8 for full compaction
[2020-12-28T20:16:45.191-0500][gc,start       ] GC(23896) Pause Full (System.gc())
[2020-12-28T20:16:45.191-0500][gc,heap        ] GC(23896) Heap before GC invocations=23896 (full 5516): garbage-first heap   total 64512K, used 44406K [0x0000000083000000, 0x0000000100000000)
[2020-12-28T20:16:45.191-0500][gc,heap        ] GC(23896)   region size 1024K, 3 young (3072K), 1 survivors (1024K)
[2020-12-28T20:16:45.191-0500][gc,heap        ] GC(23896)  Metaspace       used 50313K, capacity 52468K, committed 53888K, reserved 1093632K
[2020-12-28T20:16:45.191-0500][gc,heap        ] GC(23896)   class space    used 7457K, capacity 8250K, committed 8832K, reserved 1048576K
[2020-12-28T20:16:45.191-0500][gc,phases,start] GC(23896) Phase 1: Mark live objects
[2020-12-28T20:16:45.212-0500][gc,stringtable ] GC(23896) Cleaned string and symbol table, strings: 33320 processed, 4 removed, symbols: 120973 processed, 0 removed
[2020-12-28T20:16:45.212-0500][gc,phases      ] GC(23896) Phase 1: Mark live objects 20.224ms
[2020-12-28T20:16:45.212-0500][gc,phases,start] GC(23896) Phase 2: Prepare for compaction
[2020-12-28T20:16:45.215-0500][gc,phases      ] GC(23896) Phase 2: Prepare for compaction 3.349ms
[2020-12-28T20:16:45.215-0500][gc,phases,start] GC(23896) Phase 3: Adjust pointers
[2020-12-28T20:16:45.225-0500][gc,phases      ] GC(23896) Phase 3: Adjust pointers 9.937ms
[2020-12-28T20:16:45.225-0500][gc,phases,start] GC(23896) Phase 4: Compact heap
[2020-12-28T20:16:45.228-0500][gc,phases      ] GC(23896) Phase 4: Compact heap 2.929ms
[2020-12-28T20:16:45.233-0500][gc,heap        ] GC(23896) Eden regions: 2->0(9)
[2020-12-28T20:16:45.233-0500][gc,heap        ] GC(23896) Survivor regions: 1->0(2)
[2020-12-28T20:16:45.233-0500][gc,heap        ] GC(23896) Old regions: 41->42
[2020-12-28T20:16:45.233-0500][gc,heap        ] GC(23896) Humongous regions: 4->4
[2020-12-28T20:16:45.233-0500][gc,metaspace   ] GC(23896) Metaspace: 50313K->50313K(1093632K)
[2020-12-28T20:16:45.233-0500][gc,heap        ] GC(23896) Heap after GC invocations=23897 (full 5517): garbage-first heap   total 64512K, used 43312K [0x0000000083000000, 0x0000000100000000)
[2020-12-28T20:16:45.233-0500][gc,heap        ] GC(23896)   region size 1024K, 0 young (0K), 0 survivors (0K)
[2020-12-28T20:16:45.233-0500][gc,heap        ] GC(23896)  Metaspace       used 50313K, capacity 52468K, committed 53888K, reserved 1093632K
[2020-12-28T20:16:45.233-0500][gc,heap        ] GC(23896)   class space    used 7457K, capacity 8250K, committed 8832K, reserved 1048576K
[2020-12-28T20:16:45.233-0500][gc             ] GC(23896) Pause Full (System.gc()) 43M->42M(63M) 41.597ms
[2020-12-28T20:16:45.233-0500][gc,cpu         ] GC(23896) User=0.18s Sys=0.00s Real=0.04s
[2020-12-28T20:18:59.060-0500][gc,heap        ] GC(23897) Heap before GC invocations=23897 (full 5517): garbage-first heap   total 64512K, used 52528K [0x0000000083000000, 0x0000000100000000)
[2020-12-28T20:18:59.060-0500][gc,heap        ] GC(23897)   region size 1024K, 9 young (9216K), 0 survivors (0K)
[2020-12-28T20:18:59.060-0500][gc,heap        ] GC(23897)  Metaspace       used 50313K, capacity 52468K, committed 53888K, reserved 1093632K
[2020-12-28T20:18:59.060-0500][gc,heap        ] GC(23897)   class space    used 7457K, capacity 8250K, committed 8832K, reserved 1048576K
[2020-12-28T20:18:59.060-0500][gc,start       ] GC(23897) Pause Young (Normal) (G1 Evacuation Pause)
[2020-12-28T20:18:59.060-0500][gc,task        ] GC(23897) Using 8 workers of 8 for evacuation
[2020-12-28T20:18:59.062-0500][gc,phases      ] GC(23897)   Pre Evacuate Collection Set: 0.0ms
[2020-12-28T20:18:59.062-0500][gc,phases      ] GC(23897)   Evacuate Collection Set: 0.8ms
[2020-12-28T20:18:59.062-0500][gc,phases      ] GC(23897)   Post Evacuate Collection Set: 1.4ms
[2020-12-28T20:18:59.063-0500][gc,phases      ] GC(23897)   Other: 0.2ms
[2020-12-28T20:18:59.063-0500][gc,heap        ] GC(23897) Eden regions: 9->0(8)
[2020-12-28T20:18:59.063-0500][gc,heap        ] GC(23897) Survivor regions: 0->1(2)
[2020-12-28T20:18:59.063-0500][gc,heap        ] GC(23897) Old regions: 42->42
[2020-12-28T20:18:59.063-0500][gc,heap        ] GC(23897) Humongous regions: 4->4
[2020-12-28T20:18:59.063-0500][gc,metaspace   ] GC(23897) Metaspace: 50313K->50313K(1093632K)
[2020-12-28T20:18:59.063-0500][gc,heap        ] GC(23897) Heap after GC invocations=23898 (full 5517): garbage-first heap   total 64512K, used 43378K [0x0000000083000000, 0x0000000100000000)
[2020-12-28T20:18:59.063-0500][gc,heap        ] GC(23897)   region size 1024K, 1 young (1024K), 1 survivors (1024K)
[2020-12-28T20:18:59.063-0500][gc,heap        ] GC(23897)  Metaspace       used 50313K, capacity 52468K, committed 53888K, reserved 1093632K
[2020-12-28T20:18:59.063-0500][gc,heap        ] GC(23897)   class space    used 7457K, capacity 8250K, committed 8832K, reserved 1048576K
[2020-12-28T20:18:59.063-0500][gc             ] GC(23897) Pause Young (Normal) (G1 Evacuation Pause) 51M->42M(63M) 2.466ms
[2020-12-28T20:18:59.063-0500][gc,cpu         ] GC(23897) User=0.01s Sys=0.00s Real=0.00s
[2020-12-28T20:20:59.063-0500][gc,heap        ] GC(23898) Heap before GC invocations=23898 (full 5517): garbage-first heap   total 64512K, used 51570K [0x0000000083000000, 0x0000000100000000)
[2020-12-28T20:20:59.063-0500][gc,heap        ] GC(23898)   region size 1024K, 9 young (9216K), 1 survivors (1024K)
[2020-12-28T20:20:59.063-0500][gc,heap        ] GC(23898)  Metaspace       used 50313K, capacity 52468K, committed 53888K, reserved 1093632K
[2020-12-28T20:20:59.063-0500][gc,heap        ] GC(23898)   class space    used 7457K, capacity 8250K, committed 8832K, reserved 1048576K
[2020-12-28T20:20:59.063-0500][gc,start       ] GC(23898) Pause Young (Normal) (G1 Evacuation Pause)
[2020-12-28T20:20:59.064-0500][gc,task        ] GC(23898) Using 8 workers of 8 for evacuation
[2020-12-28T20:20:59.067-0500][gc,phases      ] GC(23898)   Pre Evacuate Collection Set: 0.0ms
[2020-12-28T20:20:59.067-0500][gc,phases      ] GC(23898)   Evacuate Collection Set: 0.9ms
[2020-12-28T20:20:59.067-0500][gc,phases      ] GC(23898)   Post Evacuate Collection Set: 2.8ms
[2020-12-28T20:20:59.067-0500][gc,phases      ] GC(23898)   Other: 0.3ms
[2020-12-28T20:20:59.067-0500][gc,heap        ] GC(23898) Eden regions: 8->0(8)
[2020-12-28T20:20:59.067-0500][gc,heap        ] GC(23898) Survivor regions: 1->1(2)
[2020-12-28T20:20:59.067-0500][gc,heap        ] GC(23898) Old regions: 42->42
[2020-12-28T20:20:59.067-0500][gc,heap        ] GC(23898) Humongous regions: 4->4
[2020-12-28T20:20:59.068-0500][gc,metaspace   ] GC(23898) Metaspace: 50313K->50313K(1093632K)
[2020-12-28T20:20:59.068-0500][gc,heap        ] GC(23898) Heap after GC invocations=23899 (full 5517): garbage-first heap   total 64512K, used 43390K [0x0000000083000000, 0x0000000100000000)
[2020-12-28T20:20:59.068-0500][gc,heap        ] GC(23898)   region size 1024K, 1 young (1024K), 1 survivors (1024K)
[2020-12-28T20:20:59.068-0500][gc,heap        ] GC(23898)  Metaspace       used 50313K, capacity 52468K, committed 53888K, reserved 1093632K
[2020-12-28T20:20:59.068-0500][gc,heap        ] GC(23898)   class space    used 7457K, capacity 8250K, committed 8832K, reserved 1048576K
[2020-12-28T20:20:59.068-0500][gc             ] GC(23898) Pause Young (Normal) (G1 Evacuation Pause) 50M->42M(63M) 4.116ms
[2020-12-28T20:20:59.068-0500][gc,cpu         ] GC(23898) User=0.01s Sys=0.01s Real=0.00s
[2020-12-28T20:21:45.190-0500][gc,task        ] GC(23899) Using 5 workers of 8 for full compaction
[2020-12-28T20:21:45.190-0500][gc,start       ] GC(23899) Pause Full (System.gc())
[2020-12-28T20:21:45.190-0500][gc,heap        ] GC(23899) Heap before GC invocations=23899 (full 5517): garbage-first heap   total 64512K, used 45438K [0x0000000083000000, 0x0000000100000000)
[2020-12-28T20:21:45.190-0500][gc,heap        ] GC(23899)   region size 1024K, 5 young (5120K), 1 survivors (1024K)
[2020-12-28T20:21:45.190-0500][gc,heap        ] GC(23899)  Metaspace       used 50313K, capacity 52468K, committed 53888K, reserved 1093632K
[2020-12-28T20:21:45.190-0500][gc,heap        ] GC(23899)   class space    used 7457K, capacity 8250K, committed 8832K, reserved 1048576K
[2020-12-28T20:21:45.190-0500][gc,phases,start] GC(23899) Phase 1: Mark live objects
[2020-12-28T20:21:45.212-0500][gc,stringtable ] GC(23899) Cleaned string and symbol table, strings: 33320 processed, 4 removed, symbols: 120973 processed, 0 removed
[2020-12-28T20:21:45.213-0500][gc,phases      ] GC(23899) Phase 1: Mark live objects 22.255ms
[2020-12-28T20:21:45.213-0500][gc,phases,start] GC(23899) Phase 2: Prepare for compaction
[2020-12-28T20:21:45.217-0500][gc,phases      ] GC(23899) Phase 2: Prepare for compaction 4.040ms
[2020-12-28T20:21:45.217-0500][gc,phases,start] GC(23899) Phase 3: Adjust pointers
[2020-12-28T20:21:45.229-0500][gc,phases      ] GC(23899) Phase 3: Adjust pointers 12.526ms
[2020-12-28T20:21:45.229-0500][gc,phases,start] GC(23899) Phase 4: Compact heap
[2020-12-28T20:21:45.232-0500][gc,phases      ] GC(23899) Phase 4: Compact heap 2.786ms
[2020-12-28T20:21:45.237-0500][gc,heap        ] GC(23899) Eden regions: 4->0(10)
[2020-12-28T20:21:45.237-0500][gc,heap        ] GC(23899) Survivor regions: 1->0(2)
[2020-12-28T20:21:45.237-0500][gc,heap        ] GC(23899) Old regions: 42->41
[2020-12-28T20:21:45.237-0500][gc,heap        ] GC(23899) Humongous regions: 4->4
[2020-12-28T20:21:45.237-0500][gc,metaspace   ] GC(23899) Metaspace: 50313K->50313K(1093632K)
[2020-12-28T20:21:45.237-0500][gc,heap        ] GC(23899) Heap after GC invocations=23900 (full 5518): garbage-first heap   total 64512K, used 43326K [0x0000000083000000, 0x0000000100000000)
[2020-12-28T20:21:45.237-0500][gc,heap        ] GC(23899)   region size 1024K, 0 young (0K), 0 survivors (0K)
[2020-12-28T20:21:45.237-0500][gc,heap        ] GC(23899)  Metaspace       used 50313K, capacity 52468K, committed 53888K, reserved 1093632K
[2020-12-28T20:21:45.237-0500][gc,heap        ] GC(23899)   class space    used 7457K, capacity 8250K, committed 8832K, reserved 1048576K
[2020-12-28T20:21:45.237-0500][gc             ] GC(23899) Pause Full (System.gc()) 45M->42M(63M) 47.018ms
[2020-12-28T20:21:45.237-0500][gc,cpu         ] GC(23899) User=0.20s Sys=0.00s Real=0.04s
[2020-12-28T20:24:19.060-0500][gc,heap        ] GC(23900) Heap before GC invocations=23900 (full 5518): garbage-first heap   total 64512K, used 52542K [0x0000000083000000, 0x0000000100000000)
[2020-12-28T20:24:19.060-0500][gc,heap        ] GC(23900)   region size 1024K, 10 young (10240K), 0 survivors (0K)
[2020-12-28T20:24:19.060-0500][gc,heap        ] GC(23900)  Metaspace       used 50313K, capacity 52468K, committed 53888K, reserved 1093632K
[2020-12-28T20:24:19.060-0500][gc,heap        ] GC(23900)   class space    used 7457K, capacity 8250K, committed 8832K, reserved 1048576K
[2020-12-28T20:24:19.060-0500][gc,start       ] GC(23900) Pause Young (Normal) (G1 Evacuation Pause)
[2020-12-28T20:24:19.060-0500][gc,task        ] GC(23900) Using 8 workers of 8 for evacuation
[2020-12-28T20:24:19.061-0500][gc,phases      ] GC(23900)   Pre Evacuate Collection Set: 0.0ms
[2020-12-28T20:24:19.061-0500][gc,phases      ] GC(23900)   Evacuate Collection Set: 0.6ms
[2020-12-28T20:24:19.061-0500][gc,phases      ] GC(23900)   Post Evacuate Collection Set: 0.9ms
[2020-12-28T20:24:19.061-0500][gc,phases      ] GC(23900)   Other: 0.2ms
[2020-12-28T20:24:19.061-0500][gc,heap        ] GC(23900) Eden regions: 10->0(9)
[2020-12-28T20:24:19.061-0500][gc,heap        ] GC(23900) Survivor regions: 0->1(2)
[2020-12-28T20:24:19.061-0500][gc,heap        ] GC(23900) Old regions: 41->41
[2020-12-28T20:24:19.061-0500][gc,heap        ] GC(23900) Humongous regions: 4->4
[2020-12-28T20:24:19.061-0500][gc,metaspace   ] GC(23900) Metaspace: 50313K->50313K(1093632K)
[2020-12-28T20:24:19.061-0500][gc,heap        ] GC(23900) Heap after GC invocations=23901 (full 5518): garbage-first heap   total 64512K, used 43411K [0x0000000083000000, 0x0000000100000000)
[2020-12-28T20:24:19.061-0500][gc,heap        ] GC(23900)   region size 1024K, 1 young (1024K), 1 survivors (1024K)
[2020-12-28T20:24:19.062-0500][gc,heap        ] GC(23900)  Metaspace       used 50313K, capacity 52468K, committed 53888K, reserved 1093632K
[2020-12-28T20:24:19.062-0500][gc,heap        ] GC(23900)   class space    used 7457K, capacity 8250K, committed 8832K, reserved 1048576K
[2020-12-28T20:24:19.062-0500][gc             ] GC(23900) Pause Young (Normal) (G1 Evacuation Pause) 52M->42M(63M) 1.758ms
[2020-12-28T20:24:19.062-0500][gc,cpu         ] GC(23900) User=0.00s Sys=0.01s Real=0.00s
[2020-12-28T20:26:37.857-0500][gc,heap        ] GC(23901) Heap before GC invocations=23901 (full 5518): garbage-first heap   total 64512K, used 51603K [0x0000000083000000, 0x0000000100000000)
[2020-12-28T20:26:37.857-0500][gc,heap        ] GC(23901)   region size 1024K, 10 young (10240K), 1 survivors (1024K)
[2020-12-28T20:26:37.857-0500][gc,heap        ] GC(23901)  Metaspace       used 50313K, capacity 52468K, committed 53888K, reserved 1093632K
[2020-12-28T20:26:37.857-0500][gc,heap        ] GC(23901)   class space    used 7457K, capacity 8250K, committed 8832K, reserved 1048576K
[2020-12-28T20:26:37.857-0500][gc,start       ] GC(23901) Pause Young (Normal) (G1 Evacuation Pause)
[2020-12-28T20:26:37.857-0500][gc,task        ] GC(23901) Using 8 workers of 8 for evacuation
[2020-12-28T20:26:37.859-0500][gc,phases      ] GC(23901)   Pre Evacuate Collection Set: 0.0ms
[2020-12-28T20:26:37.859-0500][gc,phases      ] GC(23901)   Evacuate Collection Set: 0.7ms
[2020-12-28T20:26:37.859-0500][gc,phases      ] GC(23901)   Post Evacuate Collection Set: 1.0ms
[2020-12-28T20:26:37.859-0500][gc,phases      ] GC(23901)   Other: 0.2ms
[2020-12-28T20:26:37.859-0500][gc,heap        ] GC(23901) Eden regions: 9->0(9)
[2020-12-28T20:26:37.859-0500][gc,heap        ] GC(23901) Survivor regions: 1->1(2)
[2020-12-28T20:26:37.859-0500][gc,heap        ] GC(23901) Old regions: 41->41
[2020-12-28T20:26:37.859-0500][gc,heap        ] GC(23901) Humongous regions: 4->4
[2020-12-28T20:26:37.859-0500][gc,metaspace   ] GC(23901) Metaspace: 50313K->50313K(1093632K)
[2020-12-28T20:26:37.859-0500][gc,heap        ] GC(23901) Heap after GC invocations=23902 (full 5518): garbage-first heap   total 64512K, used 43380K [0x0000000083000000, 0x0000000100000000)
[2020-12-28T20:26:37.859-0500][gc,heap        ] GC(23901)   region size 1024K, 1 young (1024K), 1 survivors (1024K)
[2020-12-28T20:26:37.859-0500][gc,heap        ] GC(23901)  Metaspace       used 50313K, capacity 52468K, committed 53888K, reserved 1093632K
[2020-12-28T20:26:37.859-0500][gc,heap        ] GC(23901)   class space    used 7457K, capacity 8250K, committed 8832K, reserved 1048576K
[2020-12-28T20:26:37.859-0500][gc             ] GC(23901) Pause Young (Normal) (G1 Evacuation Pause) 51M->42M(63M) 2.029ms
[2020-12-28T20:26:37.859-0500][gc,cpu         ] GC(23901) User=0.00s Sys=0.00s Real=0.01s
[2020-12-28T20:26:45.191-0500][gc,task        ] GC(23902) Using 5 workers of 8 for full compaction
[2020-12-28T20:26:45.191-0500][gc,start       ] GC(23902) Pause Full (System.gc())
[2020-12-28T20:26:45.191-0500][gc,heap        ] GC(23902) Heap before GC invocations=23902 (full 5518): garbage-first heap   total 64512K, used 43380K [0x0000000083000000, 0x0000000100000000)
[2020-12-28T20:26:45.191-0500][gc,heap        ] GC(23902)   region size 1024K, 2 young (2048K), 1 survivors (1024K)
[2020-12-28T20:26:45.191-0500][gc,heap        ] GC(23902)  Metaspace       used 50313K, capacity 52468K, committed 53888K, reserved 1093632K
[2020-12-28T20:26:45.191-0500][gc,heap        ] GC(23902)   class space    used 7457K, capacity 8250K, committed 8832K, reserved 1048576K
[2020-12-28T20:26:45.191-0500][gc,phases,start] GC(23902) Phase 1: Mark live objects
[2020-12-28T20:26:45.211-0500][gc,stringtable ] GC(23902) Cleaned string and symbol table, strings: 33320 processed, 4 removed, symbols: 120973 processed, 0 removed
[2020-12-28T20:26:45.211-0500][gc,phases      ] GC(23902) Phase 1: Mark live objects 19.659ms
[2020-12-28T20:26:45.211-0500][gc,phases,start] GC(23902) Phase 2: Prepare for compaction
[2020-12-28T20:26:45.215-0500][gc,phases      ] GC(23902) Phase 2: Prepare for compaction 3.460ms
[2020-12-28T20:26:45.215-0500][gc,phases,start] GC(23902) Phase 3: Adjust pointers
[2020-12-28T20:26:45.224-0500][gc,phases      ] GC(23902) Phase 3: Adjust pointers 9.331ms
[2020-12-28T20:26:45.224-0500][gc,phases,start] GC(23902) Phase 4: Compact heap
[2020-12-28T20:26:45.227-0500][gc,phases      ] GC(23902) Phase 4: Compact heap 2.711ms
[2020-12-28T20:26:45.231-0500][gc,heap        ] GC(23902) Eden regions: 1->0(9)
[2020-12-28T20:26:45.231-0500][gc,heap        ] GC(23902) Survivor regions: 1->0(2)
[2020-12-28T20:26:45.231-0500][gc,heap        ] GC(23902) Old regions: 41->42
[2020-12-28T20:26:45.231-0500][gc,heap        ] GC(23902) Humongous regions: 4->4
[2020-12-28T20:26:45.231-0500][gc,metaspace   ] GC(23902) Metaspace: 50313K->50313K(1093632K)
[2020-12-28T20:26:45.231-0500][gc,heap        ] GC(23902) Heap after GC invocations=23903 (full 5519): garbage-first heap   total 64512K, used 43311K [0x0000000083000000, 0x0000000100000000)
[2020-12-28T20:26:45.231-0500][gc,heap        ] GC(23902)   region size 1024K, 0 young (0K), 0 survivors (0K)
[2020-12-28T20:26:45.231-0500][gc,heap        ] GC(23902)  Metaspace       used 50313K, capacity 52468K, committed 53888K, reserved 1093632K
[2020-12-28T20:26:45.231-0500][gc,heap        ] GC(23902)   class space    used 7457K, capacity 8250K, committed 8832K, reserved 1048576K
[2020-12-28T20:26:45.231-0500][gc             ] GC(23902) Pause Full (System.gc()) 43M->42M(63M) 40.020ms
[2020-12-28T20:26:45.231-0500][gc,cpu         ] GC(23902) User=0.15s Sys=0.00s Real=0.04s
[2020-12-28T20:28:59.066-0500][gc,heap        ] GC(23903) Heap before GC invocations=23903 (full 5519): garbage-first heap   total 64512K, used 51503K [0x0000000083000000, 0x0000000100000000)
[2020-12-28T20:28:59.066-0500][gc,heap        ] GC(23903)   region size 1024K, 9 young (9216K), 0 survivors (0K)
[2020-12-28T20:28:59.066-0500][gc,heap        ] GC(23903)  Metaspace       used 50313K, capacity 52468K, committed 53888K, reserved 1093632K
[2020-12-28T20:28:59.066-0500][gc,heap        ] GC(23903)   class space    used 7457K, capacity 8250K, committed 8832K, reserved 1048576K
[2020-12-28T20:28:59.067-0500][gc,start       ] GC(23903) Pause Young (Normal) (G1 Evacuation Pause)
[2020-12-28T20:28:59.067-0500][gc,task        ] GC(23903) Using 8 workers of 8 for evacuation
[2020-12-28T20:28:59.071-0500][gc,phases      ] GC(23903)   Pre Evacuate Collection Set: 0.0ms
[2020-12-28T20:28:59.071-0500][gc,phases      ] GC(23903)   Evacuate Collection Set: 2.0ms
[2020-12-28T20:28:59.071-0500][gc,phases      ] GC(23903)   Post Evacuate Collection Set: 2.3ms
[2020-12-28T20:28:59.071-0500][gc,phases      ] GC(23903)   Other: 0.7ms
[2020-12-28T20:28:59.071-0500][gc,heap        ] GC(23903) Eden regions: 9->0(8)
[2020-12-28T20:28:59.071-0500][gc,heap        ] GC(23903) Survivor regions: 0->1(2)
[2020-12-28T20:28:59.071-0500][gc,heap        ] GC(23903) Old regions: 42->42
[2020-12-28T20:28:59.071-0500][gc,heap        ] GC(23903) Humongous regions: 4->4
[2020-12-28T20:28:59.071-0500][gc,metaspace   ] GC(23903) Metaspace: 50313K->50313K(1093632K)
[2020-12-28T20:28:59.071-0500][gc,heap        ] GC(23903) Heap after GC invocations=23904 (full 5519): garbage-first heap   total 64512K, used 43379K [0x0000000083000000, 0x0000000100000000)
[2020-12-28T20:28:59.071-0500][gc,heap        ] GC(23903)   region size 1024K, 1 young (1024K), 1 survivors (1024K)
[2020-12-28T20:28:59.071-0500][gc,heap        ] GC(23903)  Metaspace       used 50313K, capacity 52468K, committed 53888K, reserved 1093632K
[2020-12-28T20:28:59.072-0500][gc,heap        ] GC(23903)   class space    used 7457K, capacity 8250K, committed 8832K, reserved 1048576K
[2020-12-28T20:28:59.072-0500][gc             ] GC(23903) Pause Young (Normal) (G1 Evacuation Pause) 51M->42M(63M) 4.985ms
[2020-12-28T20:28:59.072-0500][gc,cpu         ] GC(23903) User=0.01s Sys=0.01s Real=0.01s
[2020-12-28T20:30:59.070-0500][gc,heap        ] GC(23904) Heap before GC invocations=23904 (full 5519): garbage-first heap   total 64512K, used 50547K [0x0000000083000000, 0x0000000100000000)
[2020-12-28T20:30:59.070-0500][gc,heap        ] GC(23904)   region size 1024K, 9 young (9216K), 1 survivors (1024K)
[2020-12-28T20:30:59.070-0500][gc,heap        ] GC(23904)  Metaspace       used 50313K, capacity 52468K, committed 53888K, reserved 1093632K
[2020-12-28T20:30:59.070-0500][gc,heap        ] GC(23904)   class space    used 7457K, capacity 8250K, committed 8832K, reserved 1048576K
[2020-12-28T20:30:59.070-0500][gc,start       ] GC(23904) Pause Young (Normal) (G1 Evacuation Pause)
[2020-12-28T20:30:59.070-0500][gc,task        ] GC(23904) Using 8 workers of 8 for evacuation
[2020-12-28T20:30:59.075-0500][gc,phases      ] GC(23904)   Pre Evacuate Collection Set: 0.0ms
[2020-12-28T20:30:59.075-0500][gc,phases      ] GC(23904)   Evacuate Collection Set: 1.6ms
[2020-12-28T20:30:59.075-0500][gc,phases      ] GC(23904)   Post Evacuate Collection Set: 2.6ms
[2020-12-28T20:30:59.075-0500][gc,phases      ] GC(23904)   Other: 0.7ms
[2020-12-28T20:30:59.075-0500][gc,heap        ] GC(23904) Eden regions: 8->0(8)
[2020-12-28T20:30:59.075-0500][gc,heap        ] GC(23904) Survivor regions: 1->1(2)
[2020-12-28T20:30:59.075-0500][gc,heap        ] GC(23904) Old regions: 42->42
[2020-12-28T20:30:59.075-0500][gc,heap        ] GC(23904) Humongous regions: 4->4
[2020-12-28T20:30:59.075-0500][gc,metaspace   ] GC(23904) Metaspace: 50313K->50313K(1093632K)
[2020-12-28T20:30:59.075-0500][gc,heap        ] GC(23904) Heap after GC invocations=23905 (full 5519): garbage-first heap   total 64512K, used 43365K [0x0000000083000000, 0x0000000100000000)
[2020-12-28T20:30:59.075-0500][gc,heap        ] GC(23904)   region size 1024K, 1 young (1024K), 1 survivors (1024K)
[2020-12-28T20:30:59.075-0500][gc,heap        ] GC(23904)  Metaspace       used 50313K, capacity 52468K, committed 53888K, reserved 1093632K
[2020-12-28T20:30:59.075-0500][gc,heap        ] GC(23904)   class space    used 7457K, capacity 8250K, committed 8832K, reserved 1048576K
[2020-12-28T20:30:59.075-0500][gc             ] GC(23904) Pause Young (Normal) (G1 Evacuation Pause) 50M->42M(63M) 5.030ms
[2020-12-28T20:30:59.075-0500][gc,cpu         ] GC(23904) User=0.01s Sys=0.01s Real=0.00s
[2020-12-28T20:31:45.191-0500][gc,task        ] GC(23905) Using 5 workers of 8 for full compaction
[2020-12-28T20:31:45.191-0500][gc,start       ] GC(23905) Pause Full (System.gc())
[2020-12-28T20:31:45.191-0500][gc,heap        ] GC(23905) Heap before GC invocations=23905 (full 5519): garbage-first heap   total 64512K, used 46437K [0x0000000083000000, 0x0000000100000000)
[2020-12-28T20:31:45.191-0500][gc,heap        ] GC(23905)   region size 1024K, 5 young (5120K), 1 survivors (1024K)
[2020-12-28T20:31:45.191-0500][gc,heap        ] GC(23905)  Metaspace       used 50313K, capacity 52468K, committed 53888K, reserved 1093632K
[2020-12-28T20:31:45.191-0500][gc,heap        ] GC(23905)   class space    used 7457K, capacity 8250K, committed 8832K, reserved 1048576K
[2020-12-28T20:31:45.191-0500][gc,phases,start] GC(23905) Phase 1: Mark live objects
[2020-12-28T20:31:45.218-0500][gc,stringtable ] GC(23905) Cleaned string and symbol table, strings: 33320 processed, 4 removed, symbols: 120973 processed, 0 removed
[2020-12-28T20:31:45.218-0500][gc,phases      ] GC(23905) Phase 1: Mark live objects 26.158ms
[2020-12-28T20:31:45.218-0500][gc,phases,start] GC(23905) Phase 2: Prepare for compaction
[2020-12-28T20:31:45.222-0500][gc,phases      ] GC(23905) Phase 2: Prepare for compaction 4.422ms
[2020-12-28T20:31:45.222-0500][gc,phases,start] GC(23905) Phase 3: Adjust pointers
[2020-12-28T20:31:45.234-0500][gc,phases      ] GC(23905) Phase 3: Adjust pointers 11.561ms
[2020-12-28T20:31:45.234-0500][gc,phases,start] GC(23905) Phase 4: Compact heap
[2020-12-28T20:31:45.236-0500][gc,phases      ] GC(23905) Phase 4: Compact heap 2.640ms
[2020-12-28T20:31:45.241-0500][gc,heap        ] GC(23905) Eden regions: 4->0(10)
[2020-12-28T20:31:45.241-0500][gc,heap        ] GC(23905) Survivor regions: 1->0(2)
[2020-12-28T20:31:45.241-0500][gc,heap        ] GC(23905) Old regions: 42->41
[2020-12-28T20:31:45.241-0500][gc,heap        ] GC(23905) Humongous regions: 4->4
[2020-12-28T20:31:45.241-0500][gc,metaspace   ] GC(23905) Metaspace: 50313K->50313K(1093632K)
[2020-12-28T20:31:45.241-0500][gc,heap        ] GC(23905) Heap after GC invocations=23906 (full 5520): garbage-first heap   total 64512K, used 43333K [0x0000000083000000, 0x0000000100000000)
[2020-12-28T20:31:45.241-0500][gc,heap        ] GC(23905)   region size 1024K, 0 young (0K), 0 survivors (0K)
[2020-12-28T20:31:45.241-0500][gc,heap        ] GC(23905)  Metaspace       used 50313K, capacity 52468K, committed 53888K, reserved 1093632K
[2020-12-28T20:31:45.241-0500][gc,heap        ] GC(23905)   class space    used 7457K, capacity 8250K, committed 8832K, reserved 1048576K
[2020-12-28T20:31:45.241-0500][gc             ] GC(23905) Pause Full (System.gc()) 45M->42M(63M) 49.748ms
[2020-12-28T20:31:45.241-0500][gc,cpu         ] GC(23905) User=0.21s Sys=0.00s Real=0.05s
[2020-12-28T20:34:09.062-0500][gc,heap        ] GC(23906) Heap before GC invocations=23906 (full 5520): garbage-first heap   total 64512K, used 52549K [0x0000000083000000, 0x0000000100000000)
[2020-12-28T20:34:09.062-0500][gc,heap        ] GC(23906)   region size 1024K, 10 young (10240K), 0 survivors (0K)
[2020-12-28T20:34:09.062-0500][gc,heap        ] GC(23906)  Metaspace       used 50313K, capacity 52468K, committed 53888K, reserved 1093632K
[2020-12-28T20:34:09.062-0500][gc,heap        ] GC(23906)   class space    used 7457K, capacity 8250K, committed 8832K, reserved 1048576K
[2020-12-28T20:34:09.062-0500][gc,start       ] GC(23906) Pause Young (Normal) (G1 Evacuation Pause)
[2020-12-28T20:34:09.062-0500][gc,task        ] GC(23906) Using 8 workers of 8 for evacuation
[2020-12-28T20:34:09.065-0500][gc,phases      ] GC(23906)   Pre Evacuate Collection Set: 0.0ms
[2020-12-28T20:34:09.065-0500][gc,phases      ] GC(23906)   Evacuate Collection Set: 0.7ms
[2020-12-28T20:34:09.065-0500][gc,phases      ] GC(23906)   Post Evacuate Collection Set: 1.3ms
[2020-12-28T20:34:09.065-0500][gc,phases      ] GC(23906)   Other: 0.2ms
[2020-12-28T20:34:09.065-0500][gc,heap        ] GC(23906) Eden regions: 10->0(9)
[2020-12-28T20:34:09.065-0500][gc,heap        ] GC(23906) Survivor regions: 0->1(2)
[2020-12-28T20:34:09.065-0500][gc,heap        ] GC(23906) Old regions: 41->41
[2020-12-28T20:34:09.065-0500][gc,heap        ] GC(23906) Humongous regions: 4->4
[2020-12-28T20:34:09.065-0500][gc,metaspace   ] GC(23906) Metaspace: 50313K->50313K(1093632K)
[2020-12-28T20:34:09.065-0500][gc,heap        ] GC(23906) Heap after GC invocations=23907 (full 5520): garbage-first heap   total 64512K, used 43400K [0x0000000083000000, 0x0000000100000000)
[2020-12-28T20:34:09.065-0500][gc,heap        ] GC(23906)   region size 1024K, 1 young (1024K), 1 survivors (1024K)
[2020-12-28T20:34:09.065-0500][gc,heap        ] GC(23906)  Metaspace       used 50313K, capacity 52468K, committed 53888K, reserved 1093632K
[2020-12-28T20:34:09.065-0500][gc,heap        ] GC(23906)   class space    used 7457K, capacity 8250K, committed 8832K, reserved 1048576K
[2020-12-28T20:34:09.065-0500][gc             ] GC(23906) Pause Young (Normal) (G1 Evacuation Pause) 52M->42M(63M) 2.390ms
[2020-12-28T20:34:09.065-0500][gc,cpu         ] GC(23906) User=0.00s Sys=0.00s Real=0.00s
[2020-12-28T20:36:29.059-0500][gc,heap        ] GC(23907) Heap before GC invocations=23907 (full 5520): garbage-first heap   total 64512K, used 52616K [0x0000000083000000, 0x0000000100000000)
[2020-12-28T20:36:29.059-0500][gc,heap        ] GC(23907)   region size 1024K, 10 young (10240K), 1 survivors (1024K)
[2020-12-28T20:36:29.059-0500][gc,heap        ] GC(23907)  Metaspace       used 50313K, capacity 52468K, committed 53888K, reserved 1093632K
[2020-12-28T20:36:29.059-0500][gc,heap        ] GC(23907)   class space    used 7457K, capacity 8250K, committed 8832K, reserved 1048576K
[2020-12-28T20:36:29.059-0500][gc,start       ] GC(23907) Pause Young (Normal) (G1 Evacuation Pause)
[2020-12-28T20:36:29.059-0500][gc,task        ] GC(23907) Using 8 workers of 8 for evacuation
[2020-12-28T20:36:29.061-0500][gc,phases      ] GC(23907)   Pre Evacuate Collection Set: 0.0ms
[2020-12-28T20:36:29.061-0500][gc,phases      ] GC(23907)   Evacuate Collection Set: 0.6ms
[2020-12-28T20:36:29.061-0500][gc,phases      ] GC(23907)   Post Evacuate Collection Set: 0.8ms
[2020-12-28T20:36:29.061-0500][gc,phases      ] GC(23907)   Other: 0.2ms
[2020-12-28T20:36:29.061-0500][gc,heap        ] GC(23907) Eden regions: 9->0(9)
[2020-12-28T20:36:29.061-0500][gc,heap        ] GC(23907) Survivor regions: 1->1(2)
[2020-12-28T20:36:29.061-0500][gc,heap        ] GC(23907) Old regions: 41->41
[2020-12-28T20:36:29.061-0500][gc,heap        ] GC(23907) Humongous regions: 4->4
[2020-12-28T20:36:29.061-0500][gc,metaspace   ] GC(23907) Metaspace: 50313K->50313K(1093632K)
[2020-12-28T20:36:29.061-0500][gc,heap        ] GC(23907) Heap after GC invocations=23908 (full 5520): garbage-first heap   total 64512K, used 43401K [0x0000000083000000, 0x0000000100000000)
[2020-12-28T20:36:29.061-0500][gc,heap        ] GC(23907)   region size 1024K, 1 young (1024K), 1 survivors (1024K)
[2020-12-28T20:36:29.061-0500][gc,heap        ] GC(23907)  Metaspace       used 50313K, capacity 52468K, committed 53888K, reserved 1093632K
[2020-12-28T20:36:29.061-0500][gc,heap        ] GC(23907)   class space    used 7457K, capacity 8250K, committed 8832K, reserved 1048576K
[2020-12-28T20:36:29.061-0500][gc             ] GC(23907) Pause Young (Normal) (G1 Evacuation Pause) 51M->42M(63M) 1.615ms
[2020-12-28T20:36:29.061-0500][gc,cpu         ] GC(23907) User=0.00s Sys=0.01s Real=0.00s
[2020-12-28T20:36:45.190-0500][gc,task        ] GC(23908) Using 5 workers of 8 for full compaction
[2020-12-28T20:36:45.191-0500][gc,start       ] GC(23908) Pause Full (System.gc())
[2020-12-28T20:36:45.191-0500][gc,heap        ] GC(23908) Heap before GC invocations=23908 (full 5520): garbage-first heap   total 64512K, used 44425K [0x0000000083000000, 0x0000000100000000)
[2020-12-28T20:36:45.191-0500][gc,heap        ] GC(23908)   region size 1024K, 3 young (3072K), 1 survivors (1024K)
[2020-12-28T20:36:45.191-0500][gc,heap        ] GC(23908)  Metaspace       used 50313K, capacity 52468K, committed 53888K, reserved 1093632K
[2020-12-28T20:36:45.191-0500][gc,heap        ] GC(23908)   class space    used 7457K, capacity 8250K, committed 8832K, reserved 1048576K
[2020-12-28T20:36:45.191-0500][gc,phases,start] GC(23908) Phase 1: Mark live objects
[2020-12-28T20:36:45.230-0500][gc,stringtable ] GC(23908) Cleaned string and symbol table, strings: 33320 processed, 4 removed, symbols: 120973 processed, 0 removed
[2020-12-28T20:36:45.230-0500][gc,phases      ] GC(23908) Phase 1: Mark live objects 39.059ms
[2020-12-28T20:36:45.230-0500][gc,phases,start] GC(23908) Phase 2: Prepare for compaction
[2020-12-28T20:36:45.235-0500][gc,phases      ] GC(23908) Phase 2: Prepare for compaction 5.000ms
[2020-12-28T20:36:45.235-0500][gc,phases,start] GC(23908) Phase 3: Adjust pointers
[2020-12-28T20:36:45.246-0500][gc,phases      ] GC(23908) Phase 3: Adjust pointers 10.531ms
[2020-12-28T20:36:45.246-0500][gc,phases,start] GC(23908) Phase 4: Compact heap
[2020-12-28T20:36:45.249-0500][gc,phases      ] GC(23908) Phase 4: Compact heap 3.340ms
[2020-12-28T20:36:45.254-0500][gc,heap        ] GC(23908) Eden regions: 2->0(9)
[2020-12-28T20:36:45.254-0500][gc,heap        ] GC(23908) Survivor regions: 1->0(2)
[2020-12-28T20:36:45.254-0500][gc,heap        ] GC(23908) Old regions: 41->42
[2020-12-28T20:36:45.254-0500][gc,heap        ] GC(23908) Humongous regions: 4->4
[2020-12-28T20:36:45.254-0500][gc,metaspace   ] GC(23908) Metaspace: 50313K->50313K(1093632K)
[2020-12-28T20:36:45.254-0500][gc,heap        ] GC(23908) Heap after GC invocations=23909 (full 5521): garbage-first heap   total 64512K, used 43312K [0x0000000083000000, 0x0000000100000000)
[2020-12-28T20:36:45.254-0500][gc,heap        ] GC(23908)   region size 1024K, 0 young (0K), 0 survivors (0K)
[2020-12-28T20:36:45.254-0500][gc,heap        ] GC(23908)  Metaspace       used 50313K, capacity 52468K, committed 53888K, reserved 1093632K
[2020-12-28T20:36:45.254-0500][gc,heap        ] GC(23908)   class space    used 7457K, capacity 8250K, committed 8832K, reserved 1048576K
[2020-12-28T20:36:45.254-0500][gc             ] GC(23908) Pause Full (System.gc()) 43M->42M(63M) 63.131ms
[2020-12-28T20:36:45.254-0500][gc,cpu         ] GC(23908) User=0.27s Sys=0.00s Real=0.06s
[2020-12-28T20:38:51.366-0500][gc,heap        ] GC(23909) Heap before GC invocations=23909 (full 5521): garbage-first heap   total 64512K, used 51504K [0x0000000083000000, 0x0000000100000000)
[2020-12-28T20:38:51.366-0500][gc,heap        ] GC(23909)   region size 1024K, 9 young (9216K), 0 survivors (0K)
[2020-12-28T20:38:51.366-0500][gc,heap        ] GC(23909)  Metaspace       used 50313K, capacity 52468K, committed 53888K, reserved 1093632K
[2020-12-28T20:38:51.366-0500][gc,heap        ] GC(23909)   class space    used 7457K, capacity 8250K, committed 8832K, reserved 1048576K
[2020-12-28T20:38:51.366-0500][gc,start       ] GC(23909) Pause Young (Normal) (G1 Evacuation Pause)
[2020-12-28T20:38:51.366-0500][gc,task        ] GC(23909) Using 8 workers of 8 for evacuation
[2020-12-28T20:38:51.371-0500][gc,phases      ] GC(23909)   Pre Evacuate Collection Set: 0.0ms
[2020-12-28T20:38:51.371-0500][gc,phases      ] GC(23909)   Evacuate Collection Set: 1.9ms
[2020-12-28T20:38:51.371-0500][gc,phases      ] GC(23909)   Post Evacuate Collection Set: 2.5ms
[2020-12-28T20:38:51.371-0500][gc,phases      ] GC(23909)   Other: 0.5ms
[2020-12-28T20:38:51.371-0500][gc,heap        ] GC(23909) Eden regions: 9->0(8)
[2020-12-28T20:38:51.371-0500][gc,heap        ] GC(23909) Survivor regions: 0->1(2)
[2020-12-28T20:38:51.371-0500][gc,heap        ] GC(23909) Old regions: 42->42
[2020-12-28T20:38:51.371-0500][gc,heap        ] GC(23909) Humongous regions: 4->4
[2020-12-28T20:38:51.371-0500][gc,metaspace   ] GC(23909) Metaspace: 50313K->50313K(1093632K)
[2020-12-28T20:38:51.371-0500][gc,heap        ] GC(23909) Heap after GC invocations=23910 (full 5521): garbage-first heap   total 64512K, used 43376K [0x0000000083000000, 0x0000000100000000)
[2020-12-28T20:38:51.371-0500][gc,heap        ] GC(23909)   region size 1024K, 1 young (1024K), 1 survivors (1024K)
[2020-12-28T20:38:51.371-0500][gc,heap        ] GC(23909)  Metaspace       used 50313K, capacity 52468K, committed 53888K, reserved 1093632K
[2020-12-28T20:38:51.371-0500][gc,heap        ] GC(23909)   class space    used 7457K, capacity 8250K, committed 8832K, reserved 1048576K
[2020-12-28T20:38:51.371-0500][gc             ] GC(23909) Pause Young (Normal) (G1 Evacuation Pause) 51M->42M(63M) 5.130ms
[2020-12-28T20:38:51.372-0500][gc,cpu         ] GC(23909) User=0.01s Sys=0.01s Real=0.01s
[2020-12-28T20:40:49.066-0500][gc,heap        ] GC(23910) Heap before GC invocations=23910 (full 5521): garbage-first heap   total 64512K, used 50544K [0x0000000083000000, 0x0000000100000000)
[2020-12-28T20:40:49.067-0500][gc,heap        ] GC(23910)   region size 1024K, 9 young (9216K), 1 survivors (1024K)
[2020-12-28T20:40:49.067-0500][gc,heap        ] GC(23910)  Metaspace       used 50313K, capacity 52468K, committed 53888K, reserved 1093632K
[2020-12-28T20:40:49.067-0500][gc,heap        ] GC(23910)   class space    used 7457K, capacity 8250K, committed 8832K, reserved 1048576K
[2020-12-28T20:40:49.067-0500][gc,start       ] GC(23910) Pause Young (Normal) (G1 Evacuation Pause)
[2020-12-28T20:40:49.067-0500][gc,task        ] GC(23910) Using 8 workers of 8 for evacuation
[2020-12-28T20:40:49.071-0500][gc,phases      ] GC(23910)   Pre Evacuate Collection Set: 0.0ms
[2020-12-28T20:40:49.071-0500][gc,phases      ] GC(23910)   Evacuate Collection Set: 1.3ms
[2020-12-28T20:40:49.071-0500][gc,phases      ] GC(23910)   Post Evacuate Collection Set: 2.2ms
[2020-12-28T20:40:49.071-0500][gc,phases      ] GC(23910)   Other: 0.7ms
[2020-12-28T20:40:49.071-0500][gc,heap        ] GC(23910) Eden regions: 8->0(8)
[2020-12-28T20:40:49.071-0500][gc,heap        ] GC(23910) Survivor regions: 1->1(2)
[2020-12-28T20:40:49.071-0500][gc,heap        ] GC(23910) Old regions: 42->42
[2020-12-28T20:40:49.071-0500][gc,heap        ] GC(23910) Humongous regions: 4->4
[2020-12-28T20:40:49.071-0500][gc,metaspace   ] GC(23910) Metaspace: 50313K->50313K(1093632K)
[2020-12-28T20:40:49.071-0500][gc,heap        ] GC(23910) Heap after GC invocations=23911 (full 5521): garbage-first heap   total 64512K, used 43368K [0x0000000083000000, 0x0000000100000000)
[2020-12-28T20:40:49.071-0500][gc,heap        ] GC(23910)   region size 1024K, 1 young (1024K), 1 survivors (1024K)
[2020-12-28T20:40:49.071-0500][gc,heap        ] GC(23910)  Metaspace       used 50313K, capacity 52468K, committed 53888K, reserved 1093632K
[2020-12-28T20:40:49.071-0500][gc,heap        ] GC(23910)   class space    used 7457K, capacity 8250K, committed 8832K, reserved 1048576K
[2020-12-28T20:40:49.071-0500][gc             ] GC(23910) Pause Young (Normal) (G1 Evacuation Pause) 50M->42M(63M) 4.308ms
[2020-12-28T20:40:49.077-0500][gc,cpu         ] GC(23910) User=0.01s Sys=0.00s Real=0.01s
[2020-12-28T20:41:45.191-0500][gc,task        ] GC(23911) Using 5 workers of 8 for full compaction
[2020-12-28T20:41:45.191-0500][gc,start       ] GC(23911) Pause Full (System.gc())
[2020-12-28T20:41:45.191-0500][gc,heap        ] GC(23911) Heap before GC invocations=23911 (full 5521): garbage-first heap   total 64512K, used 45416K [0x0000000083000000, 0x0000000100000000)
[2020-12-28T20:41:45.191-0500][gc,heap        ] GC(23911)   region size 1024K, 5 young (5120K), 1 survivors (1024K)
[2020-12-28T20:41:45.191-0500][gc,heap        ] GC(23911)  Metaspace       used 50313K, capacity 52468K, committed 53888K, reserved 1093632K
[2020-12-28T20:41:45.191-0500][gc,heap        ] GC(23911)   class space    used 7457K, capacity 8250K, committed 8832K, reserved 1048576K
[2020-12-28T20:41:45.192-0500][gc,phases,start] GC(23911) Phase 1: Mark live objects
[2020-12-28T20:41:45.230-0500][gc,stringtable ] GC(23911) Cleaned string and symbol table, strings: 33320 processed, 4 removed, symbols: 120973 processed, 0 removed
[2020-12-28T20:41:45.230-0500][gc,phases      ] GC(23911) Phase 1: Mark live objects 38.457ms
[2020-12-28T20:41:45.230-0500][gc,phases,start] GC(23911) Phase 2: Prepare for compaction
[2020-12-28T20:41:45.236-0500][gc,phases      ] GC(23911) Phase 2: Prepare for compaction 5.885ms
[2020-12-28T20:41:45.236-0500][gc,phases,start] GC(23911) Phase 3: Adjust pointers
[2020-12-28T20:41:45.247-0500][gc,phases      ] GC(23911) Phase 3: Adjust pointers 11.026ms
[2020-12-28T20:41:45.247-0500][gc,phases,start] GC(23911) Phase 4: Compact heap
[2020-12-28T20:41:45.250-0500][gc,phases      ] GC(23911) Phase 4: Compact heap 2.881ms
[2020-12-28T20:41:45.254-0500][gc,heap        ] GC(23911) Eden regions: 4->0(9)
[2020-12-28T20:41:45.254-0500][gc,heap        ] GC(23911) Survivor regions: 1->0(2)
[2020-12-28T20:41:45.254-0500][gc,heap        ] GC(23911) Old regions: 42->42
[2020-12-28T20:41:45.254-0500][gc,heap        ] GC(23911) Humongous regions: 4->4
[2020-12-28T20:41:45.254-0500][gc,metaspace   ] GC(23911) Metaspace: 50313K->50313K(1093632K)
[2020-12-28T20:41:45.254-0500][gc,heap        ] GC(23911) Heap after GC invocations=23912 (full 5522): garbage-first heap   total 64512K, used 43328K [0x0000000083000000, 0x0000000100000000)
[2020-12-28T20:41:45.254-0500][gc,heap        ] GC(23911)   region size 1024K, 0 young (0K), 0 survivors (0K)
[2020-12-28T20:41:45.254-0500][gc,heap        ] GC(23911)  Metaspace       used 50313K, capacity 52468K, committed 53888K, reserved 1093632K
[2020-12-28T20:41:45.254-0500][gc,heap        ] GC(23911)   class space    used 7457K, capacity 8250K, committed 8832K, reserved 1048576K
[2020-12-28T20:41:45.255-0500][gc             ] GC(23911) Pause Full (System.gc()) 45M->42M(63M) 63.363ms
[2020-12-28T20:41:45.255-0500][gc,cpu         ] GC(23911) User=0.28s Sys=0.00s Real=0.06s
[2020-12-28T20:43:59.062-0500][gc,heap        ] GC(23912) Heap before GC invocations=23912 (full 5522): garbage-first heap   total 64512K, used 51520K [0x0000000083000000, 0x0000000100000000)
[2020-12-28T20:43:59.062-0500][gc,heap        ] GC(23912)   region size 1024K, 9 young (9216K), 0 survivors (0K)
[2020-12-28T20:43:59.062-0500][gc,heap        ] GC(23912)  Metaspace       used 50313K, capacity 52468K, committed 53888K, reserved 1093632K
[2020-12-28T20:43:59.062-0500][gc,heap        ] GC(23912)   class space    used 7457K, capacity 8250K, committed 8832K, reserved 1048576K
[2020-12-28T20:43:59.062-0500][gc,start       ] GC(23912) Pause Young (Normal) (G1 Evacuation Pause)
[2020-12-28T20:43:59.062-0500][gc,task        ] GC(23912) Using 8 workers of 8 for evacuation
[2020-12-28T20:43:59.064-0500][gc,phases      ] GC(23912)   Pre Evacuate Collection Set: 0.0ms
[2020-12-28T20:43:59.064-0500][gc,phases      ] GC(23912)   Evacuate Collection Set: 0.5ms
[2020-12-28T20:43:59.064-0500][gc,phases      ] GC(23912)   Post Evacuate Collection Set: 1.1ms
[2020-12-28T20:43:59.064-0500][gc,phases      ] GC(23912)   Other: 0.2ms
[2020-12-28T20:43:59.064-0500][gc,heap        ] GC(23912) Eden regions: 9->0(8)
[2020-12-28T20:43:59.064-0500][gc,heap        ] GC(23912) Survivor regions: 0->1(2)
[2020-12-28T20:43:59.064-0500][gc,heap        ] GC(23912) Old regions: 42->42
[2020-12-28T20:43:59.064-0500][gc,heap        ] GC(23912) Humongous regions: 4->4
[2020-12-28T20:43:59.064-0500][gc,metaspace   ] GC(23912) Metaspace: 50313K->50313K(1093632K)
[2020-12-28T20:43:59.064-0500][gc,heap        ] GC(23912) Heap after GC invocations=23913 (full 5522): garbage-first heap   total 64512K, used 43376K [0x0000000083000000, 0x0000000100000000)
[2020-12-28T20:43:59.064-0500][gc,heap        ] GC(23912)   region size 1024K, 1 young (1024K), 1 survivors (1024K)
[2020-12-28T20:43:59.064-0500][gc,heap        ] GC(23912)  Metaspace       used 50313K, capacity 52468K, committed 53888K, reserved 1093632K
[2020-12-28T20:43:59.064-0500][gc,heap        ] GC(23912)   class space    used 7457K, capacity 8250K, committed 8832K, reserved 1048576K
[2020-12-28T20:43:59.064-0500][gc             ] GC(23912) Pause Young (Normal) (G1 Evacuation Pause) 51M->42M(63M) 2.079ms
[2020-12-28T20:43:59.064-0500][gc,cpu         ] GC(23912) User=0.01s Sys=0.00s Real=0.00s
[2020-12-28T20:45:59.069-0500][gc,heap        ] GC(23913) Heap before GC invocations=23913 (full 5522): garbage-first heap   total 64512K, used 51568K [0x0000000083000000, 0x0000000100000000)
[2020-12-28T20:45:59.069-0500][gc,heap        ] GC(23913)   region size 1024K, 9 young (9216K), 1 survivors (1024K)
[2020-12-28T20:45:59.069-0500][gc,heap        ] GC(23913)  Metaspace       used 50313K, capacity 52468K, committed 53888K, reserved 1093632K
[2020-12-28T20:45:59.069-0500][gc,heap        ] GC(23913)   class space    used 7457K, capacity 8250K, committed 8832K, reserved 1048576K
[2020-12-28T20:45:59.069-0500][gc,start       ] GC(23913) Pause Young (Normal) (G1 Evacuation Pause)
[2020-12-28T20:45:59.069-0500][gc,task        ] GC(23913) Using 8 workers of 8 for evacuation
[2020-12-28T20:45:59.074-0500][gc,phases      ] GC(23913)   Pre Evacuate Collection Set: 0.0ms
[2020-12-28T20:45:59.074-0500][gc,phases      ] GC(23913)   Evacuate Collection Set: 2.0ms
[2020-12-28T20:45:59.074-0500][gc,phases      ] GC(23913)   Post Evacuate Collection Set: 2.9ms
[2020-12-28T20:45:59.074-0500][gc,phases      ] GC(23913)   Other: 0.5ms
[2020-12-28T20:45:59.074-0500][gc,heap        ] GC(23913) Eden regions: 8->0(8)
[2020-12-28T20:45:59.074-0500][gc,heap        ] GC(23913) Survivor regions: 1->1(2)
[2020-12-28T20:45:59.074-0500][gc,heap        ] GC(23913) Old regions: 42->42
[2020-12-28T20:45:59.074-0500][gc,heap        ] GC(23913) Humongous regions: 4->4
[2020-12-28T20:45:59.075-0500][gc,metaspace   ] GC(23913) Metaspace: 50313K->50313K(1093632K)
[2020-12-28T20:45:59.075-0500][gc,heap        ] GC(23913) Heap after GC invocations=23914 (full 5522): garbage-first heap   total 64512K, used 43385K [0x0000000083000000, 0x0000000100000000)
[2020-12-28T20:45:59.075-0500][gc,heap        ] GC(23913)   region size 1024K, 1 young (1024K), 1 survivors (1024K)
[2020-12-28T20:45:59.075-0500][gc,heap        ] GC(23913)  Metaspace       used 50313K, capacity 52468K, committed 53888K, reserved 1093632K
[2020-12-28T20:45:59.075-0500][gc,heap        ] GC(23913)   class space    used 7457K, capacity 8250K, committed 8832K, reserved 1048576K
[2020-12-28T20:45:59.075-0500][gc             ] GC(23913) Pause Young (Normal) (G1 Evacuation Pause) 50M->42M(63M) 5.881ms
[2020-12-28T20:45:59.075-0500][gc,cpu         ] GC(23913) User=0.02s Sys=0.00s Real=0.00s
[2020-12-28T20:46:45.190-0500][gc,task        ] GC(23914) Using 5 workers of 8 for full compaction
[2020-12-28T20:46:45.190-0500][gc,start       ] GC(23914) Pause Full (System.gc())
[2020-12-28T20:46:45.190-0500][gc,heap        ] GC(23914) Heap before GC invocations=23914 (full 5522): garbage-first heap   total 64512K, used 45433K [0x0000000083000000, 0x0000000100000000)
[2020-12-28T20:46:45.190-0500][gc,heap        ] GC(23914)   region size 1024K, 4 young (4096K), 1 survivors (1024K)
[2020-12-28T20:46:45.190-0500][gc,heap        ] GC(23914)  Metaspace       used 50313K, capacity 52468K, committed 53888K, reserved 1093632K
[2020-12-28T20:46:45.190-0500][gc,heap        ] GC(23914)   class space    used 7457K, capacity 8250K, committed 8832K, reserved 1048576K
[2020-12-28T20:46:45.191-0500][gc,phases,start] GC(23914) Phase 1: Mark live objects
[2020-12-28T20:46:45.218-0500][gc,stringtable ] GC(23914) Cleaned string and symbol table, strings: 33320 processed, 4 removed, symbols: 120973 processed, 0 removed
[2020-12-28T20:46:45.219-0500][gc,phases      ] GC(23914) Phase 1: Mark live objects 27.696ms
[2020-12-28T20:46:45.219-0500][gc,phases,start] GC(23914) Phase 2: Prepare for compaction
[2020-12-28T20:46:45.222-0500][gc,phases      ] GC(23914) Phase 2: Prepare for compaction 3.709ms
[2020-12-28T20:46:45.222-0500][gc,phases,start] GC(23914) Phase 3: Adjust pointers
[2020-12-28T20:46:45.234-0500][gc,phases      ] GC(23914) Phase 3: Adjust pointers 11.603ms
[2020-12-28T20:46:45.234-0500][gc,phases,start] GC(23914) Phase 4: Compact heap
[2020-12-28T20:46:45.237-0500][gc,phases      ] GC(23914) Phase 4: Compact heap 3.399ms
[2020-12-28T20:46:45.242-0500][gc,heap        ] GC(23914) Eden regions: 3->0(10)
[2020-12-28T20:46:45.242-0500][gc,heap        ] GC(23914) Survivor regions: 1->0(2)
[2020-12-28T20:46:45.242-0500][gc,heap        ] GC(23914) Old regions: 42->41
[2020-12-28T20:46:45.242-0500][gc,heap        ] GC(23914) Humongous regions: 4->4
[2020-12-28T20:46:45.242-0500][gc,metaspace   ] GC(23914) Metaspace: 50313K->50313K(1093632K)
[2020-12-28T20:46:45.242-0500][gc,heap        ] GC(23914) Heap after GC invocations=23915 (full 5523): garbage-first heap   total 64512K, used 43327K [0x0000000083000000, 0x0000000100000000)
[2020-12-28T20:46:45.242-0500][gc,heap        ] GC(23914)   region size 1024K, 0 young (0K), 0 survivors (0K)
[2020-12-28T20:46:45.242-0500][gc,heap        ] GC(23914)  Metaspace       used 50313K, capacity 52468K, committed 53888K, reserved 1093632K
[2020-12-28T20:46:45.242-0500][gc,heap        ] GC(23914)   class space    used 7457K, capacity 8250K, committed 8832K, reserved 1048576K
[2020-12-28T20:46:45.242-0500][gc             ] GC(23914) Pause Full (System.gc()) 45M->42M(63M) 51.785ms
[2020-12-28T20:46:45.242-0500][gc,cpu         ] GC(23914) User=0.21s Sys=0.00s Real=0.05s
[2020-12-28T20:49:09.064-0500][gc,heap        ] GC(23915) Heap before GC invocations=23915 (full 5523): garbage-first heap   total 64512K, used 52543K [0x0000000083000000, 0x0000000100000000)
[2020-12-28T20:49:09.064-0500][gc,heap        ] GC(23915)   region size 1024K, 10 young (10240K), 0 survivors (0K)
[2020-12-28T20:49:09.064-0500][gc,heap        ] GC(23915)  Metaspace       used 50313K, capacity 52468K, committed 53888K, reserved 1093632K
[2020-12-28T20:49:09.064-0500][gc,heap        ] GC(23915)   class space    used 7457K, capacity 8250K, committed 8832K, reserved 1048576K
[2020-12-28T20:49:09.064-0500][gc,start       ] GC(23915) Pause Young (Normal) (G1 Evacuation Pause)
[2020-12-28T20:49:09.064-0500][gc,task        ] GC(23915) Using 8 workers of 8 for evacuation
[2020-12-28T20:49:09.070-0500][gc,phases      ] GC(23915)   Pre Evacuate Collection Set: 0.0ms
[2020-12-28T20:49:09.070-0500][gc,phases      ] GC(23915)   Evacuate Collection Set: 4.6ms
[2020-12-28T20:49:09.070-0500][gc,phases      ] GC(23915)   Post Evacuate Collection Set: 1.2ms
[2020-12-28T20:49:09.070-0500][gc,phases      ] GC(23915)   Other: 0.3ms
[2020-12-28T20:49:09.070-0500][gc,heap        ] GC(23915) Eden regions: 10->0(9)
[2020-12-28T20:49:09.070-0500][gc,heap        ] GC(23915) Survivor regions: 0->1(2)
[2020-12-28T20:49:09.070-0500][gc,heap        ] GC(23915) Old regions: 41->41
[2020-12-28T20:49:09.070-0500][gc,heap        ] GC(23915) Humongous regions: 4->4
[2020-12-28T20:49:09.070-0500][gc,metaspace   ] GC(23915) Metaspace: 50313K->50313K(1093632K)
[2020-12-28T20:49:09.070-0500][gc,heap        ] GC(23915) Heap after GC invocations=23916 (full 5523): garbage-first heap   total 64512K, used 43423K [0x0000000083000000, 0x0000000100000000)
[2020-12-28T20:49:09.070-0500][gc,heap        ] GC(23915)   region size 1024K, 1 young (1024K), 1 survivors (1024K)
[2020-12-28T20:49:09.070-0500][gc,heap        ] GC(23915)  Metaspace       used 50313K, capacity 52468K, committed 53888K, reserved 1093632K
[2020-12-28T20:49:09.070-0500][gc,heap        ] GC(23915)   class space    used 7457K, capacity 8250K, committed 8832K, reserved 1048576K
[2020-12-28T20:49:09.070-0500][gc             ] GC(23915) Pause Young (Normal) (G1 Evacuation Pause) 52M->42M(63M) 6.077ms
[2020-12-28T20:49:09.071-0500][gc,cpu         ] GC(23915) User=0.04s Sys=0.00s Real=0.01s
[2020-12-28T20:51:29.062-0500][gc,heap        ] GC(23916) Heap before GC invocations=23916 (full 5523): garbage-first heap   total 64512K, used 52639K [0x0000000083000000, 0x0000000100000000)
[2020-12-28T20:51:29.062-0500][gc,heap        ] GC(23916)   region size 1024K, 10 young (10240K), 1 survivors (1024K)
[2020-12-28T20:51:29.062-0500][gc,heap        ] GC(23916)  Metaspace       used 50313K, capacity 52468K, committed 53888K, reserved 1093632K
[2020-12-28T20:51:29.062-0500][gc,heap        ] GC(23916)   class space    used 7457K, capacity 8250K, committed 8832K, reserved 1048576K
[2020-12-28T20:51:29.062-0500][gc,start       ] GC(23916) Pause Young (Normal) (G1 Evacuation Pause)
[2020-12-28T20:51:29.062-0500][gc,task        ] GC(23916) Using 8 workers of 8 for evacuation
[2020-12-28T20:51:29.090-0500][gc,phases      ] GC(23916)   Pre Evacuate Collection Set: 0.0ms
[2020-12-28T20:51:29.090-0500][gc,phases      ] GC(23916)   Evacuate Collection Set: 20.7ms
[2020-12-28T20:51:29.090-0500][gc,phases      ] GC(23916)   Post Evacuate Collection Set: 7.5ms
[2020-12-28T20:51:29.090-0500][gc,phases      ] GC(23916)   Other: 0.5ms
[2020-12-28T20:51:29.090-0500][gc,heap        ] GC(23916) Eden regions: 9->0(9)
[2020-12-28T20:51:29.090-0500][gc,heap        ] GC(23916) Survivor regions: 1->1(2)
[2020-12-28T20:51:29.090-0500][gc,heap        ] GC(23916) Old regions: 41->41
[2020-12-28T20:51:29.090-0500][gc,heap        ] GC(23916) Humongous regions: 4->4
[2020-12-28T20:51:29.090-0500][gc,metaspace   ] GC(23916) Metaspace: 50313K->50313K(1093632K)
[2020-12-28T20:51:29.090-0500][gc,heap        ] GC(23916) Heap after GC invocations=23917 (full 5523): garbage-first heap   total 64512K, used 43408K [0x0000000083000000, 0x0000000100000000)
[2020-12-28T20:51:29.090-0500][gc,heap        ] GC(23916)   region size 1024K, 1 young (1024K), 1 survivors (1024K)
[2020-12-28T20:51:29.090-0500][gc,heap        ] GC(23916)  Metaspace       used 50313K, capacity 52468K, committed 53888K, reserved 1093632K
[2020-12-28T20:51:29.090-0500][gc,heap        ] GC(23916)   class space    used 7457K, capacity 8250K, committed 8832K, reserved 1048576K
[2020-12-28T20:51:29.091-0500][gc             ] GC(23916) Pause Young (Normal) (G1 Evacuation Pause) 51M->42M(63M) 28.904ms
[2020-12-28T20:51:29.091-0500][gc,cpu         ] GC(23916) User=0.19s Sys=0.00s Real=0.03s
[2020-12-28T20:51:45.191-0500][gc,task        ] GC(23917) Using 5 workers of 8 for full compaction
[2020-12-28T20:51:45.191-0500][gc,start       ] GC(23917) Pause Full (System.gc())
[2020-12-28T20:51:45.191-0500][gc,heap        ] GC(23917) Heap before GC invocations=23917 (full 5523): garbage-first heap   total 64512K, used 44432K [0x0000000083000000, 0x0000000100000000)
[2020-12-28T20:51:45.191-0500][gc,heap        ] GC(23917)   region size 1024K, 3 young (3072K), 1 survivors (1024K)
[2020-12-28T20:51:45.191-0500][gc,heap        ] GC(23917)  Metaspace       used 50313K, capacity 52468K, committed 53888K, reserved 1093632K
[2020-12-28T20:51:45.191-0500][gc,heap        ] GC(23917)   class space    used 7457K, capacity 8250K, committed 8832K, reserved 1048576K
[2020-12-28T20:51:45.192-0500][gc,phases,start] GC(23917) Phase 1: Mark live objects
[2020-12-28T20:51:45.230-0500][gc,stringtable ] GC(23917) Cleaned string and symbol table, strings: 33320 processed, 4 removed, symbols: 120973 processed, 0 removed
[2020-12-28T20:51:45.230-0500][gc,phases      ] GC(23917) Phase 1: Mark live objects 37.880ms
[2020-12-28T20:51:45.230-0500][gc,phases,start] GC(23917) Phase 2: Prepare for compaction
[2020-12-28T20:51:45.234-0500][gc,phases      ] GC(23917) Phase 2: Prepare for compaction 4.133ms
[2020-12-28T20:51:45.234-0500][gc,phases,start] GC(23917) Phase 3: Adjust pointers
[2020-12-28T20:51:45.246-0500][gc,phases      ] GC(23917) Phase 3: Adjust pointers 12.010ms
[2020-12-28T20:51:45.246-0500][gc,phases,start] GC(23917) Phase 4: Compact heap
[2020-12-28T20:51:45.249-0500][gc,phases      ] GC(23917) Phase 4: Compact heap 2.826ms
[2020-12-28T20:51:45.253-0500][gc,heap        ] GC(23917) Eden regions: 2->0(9)
[2020-12-28T20:51:45.253-0500][gc,heap        ] GC(23917) Survivor regions: 1->0(2)
[2020-12-28T20:51:45.253-0500][gc,heap        ] GC(23917) Old regions: 41->42
[2020-12-28T20:51:45.253-0500][gc,heap        ] GC(23917) Humongous regions: 4->4
[2020-12-28T20:51:45.253-0500][gc,metaspace   ] GC(23917) Metaspace: 50313K->50313K(1093632K)
[2020-12-28T20:51:45.253-0500][gc,heap        ] GC(23917) Heap after GC invocations=23918 (full 5524): garbage-first heap   total 64512K, used 43313K [0x0000000083000000, 0x0000000100000000)
[2020-12-28T20:51:45.253-0500][gc,heap        ] GC(23917)   region size 1024K, 0 young (0K), 0 survivors (0K)
[2020-12-28T20:51:45.253-0500][gc,heap        ] GC(23917)  Metaspace       used 50313K, capacity 52468K, committed 53888K, reserved 1093632K
[2020-12-28T20:51:45.253-0500][gc,heap        ] GC(23917)   class space    used 7457K, capacity 8250K, committed 8832K, reserved 1048576K
[2020-12-28T20:51:45.253-0500][gc             ] GC(23917) Pause Full (System.gc()) 43M->42M(63M) 61.681ms
[2020-12-28T20:51:45.253-0500][gc,cpu         ] GC(23917) User=0.27s Sys=0.00s Real=0.06s
[2020-12-28T20:53:59.066-0500][gc,heap        ] GC(23918) Heap before GC invocations=23918 (full 5524): garbage-first heap   total 64512K, used 52529K [0x0000000083000000, 0x0000000100000000)
[2020-12-28T20:53:59.066-0500][gc,heap        ] GC(23918)   region size 1024K, 9 young (9216K), 0 survivors (0K)
[2020-12-28T20:53:59.066-0500][gc,heap        ] GC(23918)  Metaspace       used 50313K, capacity 52468K, committed 53888K, reserved 1093632K
[2020-12-28T20:53:59.066-0500][gc,heap        ] GC(23918)   class space    used 7457K, capacity 8250K, committed 8832K, reserved 1048576K
[2020-12-28T20:53:59.066-0500][gc,start       ] GC(23918) Pause Young (Normal) (G1 Evacuation Pause)
[2020-12-28T20:53:59.066-0500][gc,task        ] GC(23918) Using 8 workers of 8 for evacuation
[2020-12-28T20:53:59.073-0500][gc,phases      ] GC(23918)   Pre Evacuate Collection Set: 0.0ms
[2020-12-28T20:53:59.073-0500][gc,phases      ] GC(23918)   Evacuate Collection Set: 3.9ms
[2020-12-28T20:53:59.073-0500][gc,phases      ] GC(23918)   Post Evacuate Collection Set: 2.5ms
[2020-12-28T20:53:59.073-0500][gc,phases      ] GC(23918)   Other: 0.5ms
[2020-12-28T20:53:59.073-0500][gc,heap        ] GC(23918) Eden regions: 9->0(8)
[2020-12-28T20:53:59.073-0500][gc,heap        ] GC(23918) Survivor regions: 0->1(2)
[2020-12-28T20:53:59.073-0500][gc,heap        ] GC(23918) Old regions: 42->42
[2020-12-28T20:53:59.073-0500][gc,heap        ] GC(23918) Humongous regions: 4->4
[2020-12-28T20:53:59.073-0500][gc,metaspace   ] GC(23918) Metaspace: 50313K->50313K(1093632K)
[2020-12-28T20:53:59.073-0500][gc,heap        ] GC(23918) Heap after GC invocations=23919 (full 5524): garbage-first heap   total 64512K, used 43394K [0x0000000083000000, 0x0000000100000000)
[2020-12-28T20:53:59.073-0500][gc,heap        ] GC(23918)   region size 1024K, 1 young (1024K), 1 survivors (1024K)
[2020-12-28T20:53:59.073-0500][gc,heap        ] GC(23918)  Metaspace       used 50313K, capacity 52468K, committed 53888K, reserved 1093632K
[2020-12-28T20:53:59.073-0500][gc,heap        ] GC(23918)   class space    used 7457K, capacity 8250K, committed 8832K, reserved 1048576K
[2020-12-28T20:53:59.073-0500][gc             ] GC(23918) Pause Young (Normal) (G1 Evacuation Pause) 51M->42M(63M) 7.074ms
[2020-12-28T20:53:59.073-0500][gc,cpu         ] GC(23918) User=0.03s Sys=0.00s Real=0.01s
[2020-12-28T20:55:59.070-0500][gc,heap        ] GC(23919) Heap before GC invocations=23919 (full 5524): garbage-first heap   total 64512K, used 51586K [0x0000000083000000, 0x0000000100000000)
[2020-12-28T20:55:59.071-0500][gc,heap        ] GC(23919)   region size 1024K, 9 young (9216K), 1 survivors (1024K)
[2020-12-28T20:55:59.071-0500][gc,heap        ] GC(23919)  Metaspace       used 50313K, capacity 52468K, committed 53888K, reserved 1093632K
[2020-12-28T20:55:59.071-0500][gc,heap        ] GC(23919)   class space    used 7457K, capacity 8250K, committed 8832K, reserved 1048576K
[2020-12-28T20:55:59.071-0500][gc,start       ] GC(23919) Pause Young (Normal) (G1 Evacuation Pause)
[2020-12-28T20:55:59.071-0500][gc,task        ] GC(23919) Using 8 workers of 8 for evacuation
[2020-12-28T20:55:59.077-0500][gc,phases      ] GC(23919)   Pre Evacuate Collection Set: 0.0ms
[2020-12-28T20:55:59.077-0500][gc,phases      ] GC(23919)   Evacuate Collection Set: 2.0ms
[2020-12-28T20:55:59.077-0500][gc,phases      ] GC(23919)   Post Evacuate Collection Set: 3.6ms
[2020-12-28T20:55:59.077-0500][gc,phases      ] GC(23919)   Other: 0.7ms
[2020-12-28T20:55:59.077-0500][gc,heap        ] GC(23919) Eden regions: 8->0(8)
[2020-12-28T20:55:59.077-0500][gc,heap        ] GC(23919) Survivor regions: 1->1(2)
[2020-12-28T20:55:59.077-0500][gc,heap        ] GC(23919) Old regions: 42->42
[2020-12-28T20:55:59.077-0500][gc,heap        ] GC(23919) Humongous regions: 4->4
[2020-12-28T20:55:59.077-0500][gc,metaspace   ] GC(23919) Metaspace: 50313K->50313K(1093632K)
[2020-12-28T20:55:59.077-0500][gc,heap        ] GC(23919) Heap after GC invocations=23920 (full 5524): garbage-first heap   total 64512K, used 43367K [0x0000000083000000, 0x0000000100000000)
[2020-12-28T20:55:59.077-0500][gc,heap        ] GC(23919)   region size 1024K, 1 young (1024K), 1 survivors (1024K)
[2020-12-28T20:55:59.077-0500][gc,heap        ] GC(23919)  Metaspace       used 50313K, capacity 52468K, committed 53888K, reserved 1093632K
[2020-12-28T20:55:59.077-0500][gc,heap        ] GC(23919)   class space    used 7457K, capacity 8250K, committed 8832K, reserved 1048576K
[2020-12-28T20:55:59.077-0500][gc             ] GC(23919) Pause Young (Normal) (G1 Evacuation Pause) 50M->42M(63M) 6.412ms
[2020-12-28T20:55:59.077-0500][gc,cpu         ] GC(23919) User=0.01s Sys=0.01s Real=0.00s
[2020-12-28T20:56:45.192-0500][gc,task        ] GC(23920) Using 5 workers of 8 for full compaction
[2020-12-28T20:56:45.193-0500][gc,start       ] GC(23920) Pause Full (System.gc())
[2020-12-28T20:56:45.193-0500][gc,heap        ] GC(23920) Heap before GC invocations=23920 (full 5524): garbage-first heap   total 64512K, used 45415K [0x0000000083000000, 0x0000000100000000)
[2020-12-28T20:56:45.193-0500][gc,heap        ] GC(23920)   region size 1024K, 4 young (4096K), 1 survivors (1024K)
[2020-12-28T20:56:45.193-0500][gc,heap        ] GC(23920)  Metaspace       used 50313K, capacity 52468K, committed 53888K, reserved 1093632K
[2020-12-28T20:56:45.193-0500][gc,heap        ] GC(23920)   class space    used 7457K, capacity 8250K, committed 8832K, reserved 1048576K
[2020-12-28T20:56:45.193-0500][gc,phases,start] GC(23920) Phase 1: Mark live objects
[2020-12-28T20:56:45.233-0500][gc,stringtable ] GC(23920) Cleaned string and symbol table, strings: 33320 processed, 4 removed, symbols: 120973 processed, 0 removed
[2020-12-28T20:56:45.234-0500][gc,phases      ] GC(23920) Phase 1: Mark live objects 40.076ms
[2020-12-28T20:56:45.234-0500][gc,phases,start] GC(23920) Phase 2: Prepare for compaction
[2020-12-28T20:56:45.238-0500][gc,phases      ] GC(23920) Phase 2: Prepare for compaction 4.199ms
[2020-12-28T20:56:45.238-0500][gc,phases,start] GC(23920) Phase 3: Adjust pointers
[2020-12-28T20:56:45.250-0500][gc,phases      ] GC(23920) Phase 3: Adjust pointers 11.736ms
[2020-12-28T20:56:45.250-0500][gc,phases,start] GC(23920) Phase 4: Compact heap
[2020-12-28T20:56:45.252-0500][gc,phases      ] GC(23920) Phase 4: Compact heap 2.606ms
[2020-12-28T20:56:45.256-0500][gc,heap        ] GC(23920) Eden regions: 3->0(10)
[2020-12-28T20:56:45.256-0500][gc,heap        ] GC(23920) Survivor regions: 1->0(2)
[2020-12-28T20:56:45.256-0500][gc,heap        ] GC(23920) Old regions: 42->41
[2020-12-28T20:56:45.256-0500][gc,heap        ] GC(23920) Humongous regions: 4->4
[2020-12-28T20:56:45.256-0500][gc,metaspace   ] GC(23920) Metaspace: 50313K->50313K(1093632K)
[2020-12-28T20:56:45.256-0500][gc,heap        ] GC(23920) Heap after GC invocations=23921 (full 5525): garbage-first heap   total 64512K, used 43325K [0x0000000083000000, 0x0000000100000000)
[2020-12-28T20:56:45.256-0500][gc,heap        ] GC(23920)   region size 1024K, 0 young (0K), 0 survivors (0K)
[2020-12-28T20:56:45.256-0500][gc,heap        ] GC(23920)  Metaspace       used 50313K, capacity 52468K, committed 53888K, reserved 1093632K
[2020-12-28T20:56:45.256-0500][gc,heap        ] GC(23920)   class space    used 7457K, capacity 8250K, committed 8832K, reserved 1048576K
[2020-12-28T20:56:45.256-0500][gc             ] GC(23920) Pause Full (System.gc()) 45M->42M(63M) 63.824ms
[2020-12-28T20:56:45.257-0500][gc,cpu         ] GC(23920) User=0.28s Sys=0.00s Real=0.06s
[2020-12-28T20:59:11.883-0500][gc,heap        ] GC(23921) Heap before GC invocations=23921 (full 5525): garbage-first heap   total 64512K, used 52541K [0x0000000083000000, 0x0000000100000000)
[2020-12-28T20:59:11.883-0500][gc,heap        ] GC(23921)   region size 1024K, 10 young (10240K), 0 survivors (0K)
[2020-12-28T20:59:11.883-0500][gc,heap        ] GC(23921)  Metaspace       used 50313K, capacity 52468K, committed 53888K, reserved 1093632K
[2020-12-28T20:59:11.883-0500][gc,heap        ] GC(23921)   class space    used 7457K, capacity 8250K, committed 8832K, reserved 1048576K
[2020-12-28T20:59:11.883-0500][gc,start       ] GC(23921) Pause Young (Normal) (G1 Evacuation Pause)
[2020-12-28T20:59:11.883-0500][gc,task        ] GC(23921) Using 8 workers of 8 for evacuation
[2020-12-28T20:59:11.886-0500][gc,phases      ] GC(23921)   Pre Evacuate Collection Set: 0.0ms
[2020-12-28T20:59:11.886-0500][gc,phases      ] GC(23921)   Evacuate Collection Set: 0.7ms
[2020-12-28T20:59:11.886-0500][gc,phases      ] GC(23921)   Post Evacuate Collection Set: 1.5ms
[2020-12-28T20:59:11.886-0500][gc,phases      ] GC(23921)   Other: 0.2ms
[2020-12-28T20:59:11.886-0500][gc,heap        ] GC(23921) Eden regions: 10->0(9)
[2020-12-28T20:59:11.886-0500][gc,heap        ] GC(23921) Survivor regions: 0->1(2)
[2020-12-28T20:59:11.886-0500][gc,heap        ] GC(23921) Old regions: 41->41
[2020-12-28T20:59:11.886-0500][gc,heap        ] GC(23921) Humongous regions: 4->4
[2020-12-28T20:59:11.886-0500][gc,metaspace   ] GC(23921) Metaspace: 50313K->50313K(1093632K)
[2020-12-28T20:59:11.886-0500][gc,heap        ] GC(23921) Heap after GC invocations=23922 (full 5525): garbage-first heap   total 64512K, used 43390K [0x0000000083000000, 0x0000000100000000)
[2020-12-28T20:59:11.886-0500][gc,heap        ] GC(23921)   region size 1024K, 1 young (1024K), 1 survivors (1024K)
[2020-12-28T20:59:11.886-0500][gc,heap        ] GC(23921)  Metaspace       used 50313K, capacity 52468K, committed 53888K, reserved 1093632K
[2020-12-28T20:59:11.886-0500][gc,heap        ] GC(23921)   class space    used 7457K, capacity 8250K, committed 8832K, reserved 1048576K
[2020-12-28T20:59:11.886-0500][gc             ] GC(23921) Pause Young (Normal) (G1 Evacuation Pause) 52M->42M(63M) 2.563ms
[2020-12-28T20:59:11.886-0500][gc,cpu         ] GC(23921) User=0.01s Sys=0.01s Real=0.00s
[2020-12-28T21:01:29.065-0500][gc,heap        ] GC(23922) Heap before GC invocations=23922 (full 5525): garbage-first heap   total 64512K, used 52606K [0x0000000083000000, 0x0000000100000000)
[2020-12-28T21:01:29.066-0500][gc,heap        ] GC(23922)   region size 1024K, 10 young (10240K), 1 survivors (1024K)
[2020-12-28T21:01:29.066-0500][gc,heap        ] GC(23922)  Metaspace       used 50313K, capacity 52468K, committed 53888K, reserved 1093632K
[2020-12-28T21:01:29.066-0500][gc,heap        ] GC(23922)   class space    used 7457K, capacity 8250K, committed 8832K, reserved 1048576K
[2020-12-28T21:01:29.066-0500][gc,start       ] GC(23922) Pause Young (Normal) (G1 Evacuation Pause)
[2020-12-28T21:01:29.066-0500][gc,task        ] GC(23922) Using 8 workers of 8 for evacuation
[2020-12-28T21:01:29.071-0500][gc,phases      ] GC(23922)   Pre Evacuate Collection Set: 0.0ms
[2020-12-28T21:01:29.071-0500][gc,phases      ] GC(23922)   Evacuate Collection Set: 1.3ms
[2020-12-28T21:01:29.071-0500][gc,phases      ] GC(23922)   Post Evacuate Collection Set: 3.4ms
[2020-12-28T21:01:29.071-0500][gc,phases      ] GC(23922)   Other: 0.5ms
[2020-12-28T21:01:29.071-0500][gc,heap        ] GC(23922) Eden regions: 9->0(9)
[2020-12-28T21:01:29.071-0500][gc,heap        ] GC(23922) Survivor regions: 1->1(2)
[2020-12-28T21:01:29.071-0500][gc,heap        ] GC(23922) Old regions: 41->41
[2020-12-28T21:01:29.071-0500][gc,heap        ] GC(23922) Humongous regions: 4->4
[2020-12-28T21:01:29.071-0500][gc,metaspace   ] GC(23922) Metaspace: 50313K->50313K(1093632K)
[2020-12-28T21:01:29.071-0500][gc,heap        ] GC(23922) Heap after GC invocations=23923 (full 5525): garbage-first heap   total 64512K, used 43387K [0x0000000083000000, 0x0000000100000000)
[2020-12-28T21:01:29.071-0500][gc,heap        ] GC(23922)   region size 1024K, 1 young (1024K), 1 survivors (1024K)
[2020-12-28T21:01:29.071-0500][gc,heap        ] GC(23922)  Metaspace       used 50313K, capacity 52468K, committed 53888K, reserved 1093632K
[2020-12-28T21:01:29.071-0500][gc,heap        ] GC(23922)   class space    used 7457K, capacity 8250K, committed 8832K, reserved 1048576K
[2020-12-28T21:01:29.071-0500][gc             ] GC(23922) Pause Young (Normal) (G1 Evacuation Pause) 51M->42M(63M) 5.379ms
[2020-12-28T21:01:29.071-0500][gc,cpu         ] GC(23922) User=0.00s Sys=0.01s Real=0.01s
[2020-12-28T21:01:45.190-0500][gc,task        ] GC(23923) Using 5 workers of 8 for full compaction
[2020-12-28T21:01:45.190-0500][gc,start       ] GC(23923) Pause Full (System.gc())
[2020-12-28T21:01:45.190-0500][gc,heap        ] GC(23923) Heap before GC invocations=23923 (full 5525): garbage-first heap   total 64512K, used 43387K [0x0000000083000000, 0x0000000100000000)
[2020-12-28T21:01:45.190-0500][gc,heap        ] GC(23923)   region size 1024K, 2 young (2048K), 1 survivors (1024K)
[2020-12-28T21:01:45.190-0500][gc,heap        ] GC(23923)  Metaspace       used 50313K, capacity 52468K, committed 53888K, reserved 1093632K
[2020-12-28T21:01:45.190-0500][gc,heap        ] GC(23923)   class space    used 7457K, capacity 8250K, committed 8832K, reserved 1048576K
[2020-12-28T21:01:45.190-0500][gc,phases,start] GC(23923) Phase 1: Mark live objects
[2020-12-28T21:01:45.233-0500][gc,stringtable ] GC(23923) Cleaned string and symbol table, strings: 33320 processed, 4 removed, symbols: 120973 processed, 0 removed
[2020-12-28T21:01:45.234-0500][gc,phases      ] GC(23923) Phase 1: Mark live objects 43.290ms
[2020-12-28T21:01:45.234-0500][gc,phases,start] GC(23923) Phase 2: Prepare for compaction
[2020-12-28T21:01:45.237-0500][gc,phases      ] GC(23923) Phase 2: Prepare for compaction 3.057ms
[2020-12-28T21:01:45.237-0500][gc,phases,start] GC(23923) Phase 3: Adjust pointers
[2020-12-28T21:01:45.247-0500][gc,phases      ] GC(23923) Phase 3: Adjust pointers 10.116ms
[2020-12-28T21:01:45.247-0500][gc,phases,start] GC(23923) Phase 4: Compact heap
[2020-12-28T21:01:45.250-0500][gc,phases      ] GC(23923) Phase 4: Compact heap 2.754ms
[2020-12-28T21:01:45.254-0500][gc,heap        ] GC(23923) Eden regions: 1->0(10)
[2020-12-28T21:01:45.254-0500][gc,heap        ] GC(23923) Survivor regions: 1->0(2)
[2020-12-28T21:01:45.254-0500][gc,heap        ] GC(23923) Old regions: 41->41
[2020-12-28T21:01:45.254-0500][gc,heap        ] GC(23923) Humongous regions: 4->4
[2020-12-28T21:01:45.254-0500][gc,metaspace   ] GC(23923) Metaspace: 50313K->50313K(1093632K)
[2020-12-28T21:01:45.254-0500][gc,heap        ] GC(23923) Heap after GC invocations=23924 (full 5526): garbage-first heap   total 64512K, used 43314K [0x0000000083000000, 0x0000000100000000)
[2020-12-28T21:01:45.254-0500][gc,heap        ] GC(23923)   region size 1024K, 0 young (0K), 0 survivors (0K)
[2020-12-28T21:01:45.254-0500][gc,heap        ] GC(23923)  Metaspace       used 50313K, capacity 52468K, committed 53888K, reserved 1093632K
[2020-12-28T21:01:45.254-0500][gc,heap        ] GC(23923)   class space    used 7457K, capacity 8250K, committed 8832K, reserved 1048576K
[2020-12-28T21:01:45.254-0500][gc             ] GC(23923) Pause Full (System.gc()) 43M->42M(63M) 64.107ms
[2020-12-28T21:01:45.254-0500][gc,cpu         ] GC(23923) User=0.29s Sys=0.00s Real=0.06s
[2020-12-28T21:04:12.427-0500][gc,heap        ] GC(23924) Heap before GC invocations=23924 (full 5526): garbage-first heap   total 64512K, used 52530K [0x0000000083000000, 0x0000000100000000)
[2020-12-28T21:04:12.427-0500][gc,heap        ] GC(23924)   region size 1024K, 10 young (10240K), 0 survivors (0K)
[2020-12-28T21:04:12.427-0500][gc,heap        ] GC(23924)  Metaspace       used 50313K, capacity 52468K, committed 53888K, reserved 1093632K
[2020-12-28T21:04:12.427-0500][gc,heap        ] GC(23924)   class space    used 7457K, capacity 8250K, committed 8832K, reserved 1048576K
[2020-12-28T21:04:12.427-0500][gc,start       ] GC(23924) Pause Young (Normal) (G1 Evacuation Pause)
[2020-12-28T21:04:12.427-0500][gc,task        ] GC(23924) Using 8 workers of 8 for evacuation
[2020-12-28T21:04:12.430-0500][gc,phases      ] GC(23924)   Pre Evacuate Collection Set: 0.0ms
[2020-12-28T21:04:12.430-0500][gc,phases      ] GC(23924)   Evacuate Collection Set: 0.9ms
[2020-12-28T21:04:12.430-0500][gc,phases      ] GC(23924)   Post Evacuate Collection Set: 2.2ms
[2020-12-28T21:04:12.430-0500][gc,phases      ] GC(23924)   Other: 0.2ms
[2020-12-28T21:04:12.430-0500][gc,heap        ] GC(23924) Eden regions: 10->0(9)
[2020-12-28T21:04:12.430-0500][gc,heap        ] GC(23924) Survivor regions: 0->1(2)
[2020-12-28T21:04:12.430-0500][gc,heap        ] GC(23924) Old regions: 41->41
[2020-12-28T21:04:12.430-0500][gc,heap        ] GC(23924) Humongous regions: 4->4
[2020-12-28T21:04:12.430-0500][gc,metaspace   ] GC(23924) Metaspace: 50313K->50313K(1093632K)
[2020-12-28T21:04:12.430-0500][gc,heap        ] GC(23924) Heap after GC invocations=23925 (full 5526): garbage-first heap   total 64512K, used 43378K [0x0000000083000000, 0x0000000100000000)
[2020-12-28T21:04:12.430-0500][gc,heap        ] GC(23924)   region size 1024K, 1 young (1024K), 1 survivors (1024K)
[2020-12-28T21:04:12.430-0500][gc,heap        ] GC(23924)  Metaspace       used 50313K, capacity 52468K, committed 53888K, reserved 1093632K
[2020-12-28T21:04:12.430-0500][gc,heap        ] GC(23924)   class space    used 7457K, capacity 8250K, committed 8832K, reserved 1048576K
[2020-12-28T21:04:12.430-0500][gc             ] GC(23924) Pause Young (Normal) (G1 Evacuation Pause) 52M->42M(63M) 3.443ms
[2020-12-28T21:04:12.430-0500][gc,cpu         ] GC(23924) User=0.00s Sys=0.01s Real=0.01s
[2020-12-28T21:06:29.065-0500][gc,heap        ] GC(23925) Heap before GC invocations=23925 (full 5526): garbage-first heap   total 64512K, used 52594K [0x0000000083000000, 0x0000000100000000)
[2020-12-28T21:06:29.065-0500][gc,heap        ] GC(23925)   region size 1024K, 10 young (10240K), 1 survivors (1024K)
[2020-12-28T21:06:29.065-0500][gc,heap        ] GC(23925)  Metaspace       used 50313K, capacity 52468K, committed 53888K, reserved 1093632K
[2020-12-28T21:06:29.065-0500][gc,heap        ] GC(23925)   class space    used 7457K, capacity 8250K, committed 8832K, reserved 1048576K
[2020-12-28T21:06:29.065-0500][gc,start       ] GC(23925) Pause Young (Normal) (G1 Evacuation Pause)
[2020-12-28T21:06:29.065-0500][gc,task        ] GC(23925) Using 8 workers of 8 for evacuation
[2020-12-28T21:06:29.072-0500][gc,phases      ] GC(23925)   Pre Evacuate Collection Set: 0.0ms
[2020-12-28T21:06:29.072-0500][gc,phases      ] GC(23925)   Evacuate Collection Set: 2.1ms
[2020-12-28T21:06:29.072-0500][gc,phases      ] GC(23925)   Post Evacuate Collection Set: 4.3ms
[2020-12-28T21:06:29.072-0500][gc,phases      ] GC(23925)   Other: 0.8ms
[2020-12-28T21:06:29.072-0500][gc,heap        ] GC(23925) Eden regions: 9->0(9)
[2020-12-28T21:06:29.072-0500][gc,heap        ] GC(23925) Survivor regions: 1->1(2)
[2020-12-28T21:06:29.072-0500][gc,heap        ] GC(23925) Old regions: 41->41
[2020-12-28T21:06:29.072-0500][gc,heap        ] GC(23925) Humongous regions: 4->4
[2020-12-28T21:06:29.072-0500][gc,metaspace   ] GC(23925) Metaspace: 50313K->50313K(1093632K)
[2020-12-28T21:06:29.072-0500][gc,heap        ] GC(23925) Heap after GC invocations=23926 (full 5526): garbage-first heap   total 64512K, used 43379K [0x0000000083000000, 0x0000000100000000)
[2020-12-28T21:06:29.072-0500][gc,heap        ] GC(23925)   region size 1024K, 1 young (1024K), 1 survivors (1024K)
[2020-12-28T21:06:29.072-0500][gc,heap        ] GC(23925)  Metaspace       used 50313K, capacity 52468K, committed 53888K, reserved 1093632K
[2020-12-28T21:06:29.072-0500][gc,heap        ] GC(23925)   class space    used 7457K, capacity 8250K, committed 8832K, reserved 1048576K
[2020-12-28T21:06:29.072-0500][gc             ] GC(23925) Pause Young (Normal) (G1 Evacuation Pause) 51M->42M(63M) 7.217ms
[2020-12-28T21:06:29.073-0500][gc,cpu         ] GC(23925) User=0.03s Sys=0.01s Real=0.01s
[2020-12-28T21:06:45.189-0500][gc,task        ] GC(23926) Using 5 workers of 8 for full compaction
[2020-12-28T21:06:45.190-0500][gc,start       ] GC(23926) Pause Full (System.gc())
[2020-12-28T21:06:45.190-0500][gc,heap        ] GC(23926) Heap before GC invocations=23926 (full 5526): garbage-first heap   total 64512K, used 43379K [0x0000000083000000, 0x0000000100000000)
[2020-12-28T21:06:45.190-0500][gc,heap        ] GC(23926)   region size 1024K, 3 young (3072K), 1 survivors (1024K)
[2020-12-28T21:06:45.190-0500][gc,heap        ] GC(23926)  Metaspace       used 50313K, capacity 52468K, committed 53888K, reserved 1093632K
[2020-12-28T21:06:45.190-0500][gc,heap        ] GC(23926)   class space    used 7457K, capacity 8250K, committed 8832K, reserved 1048576K
[2020-12-28T21:06:45.190-0500][gc,phases,start] GC(23926) Phase 1: Mark live objects
[2020-12-28T21:06:45.234-0500][gc,stringtable ] GC(23926) Cleaned string and symbol table, strings: 33320 processed, 4 removed, symbols: 120973 processed, 0 removed
[2020-12-28T21:06:45.234-0500][gc,phases      ] GC(23926) Phase 1: Mark live objects 43.650ms
[2020-12-28T21:06:45.234-0500][gc,phases,start] GC(23926) Phase 2: Prepare for compaction
[2020-12-28T21:06:45.237-0500][gc,phases      ] GC(23926) Phase 2: Prepare for compaction 3.118ms
[2020-12-28T21:06:45.237-0500][gc,phases,start] GC(23926) Phase 3: Adjust pointers
[2020-12-28T21:06:45.247-0500][gc,phases      ] GC(23926) Phase 3: Adjust pointers 9.916ms
[2020-12-28T21:06:45.247-0500][gc,phases,start] GC(23926) Phase 4: Compact heap
[2020-12-28T21:06:45.249-0500][gc,phases      ] GC(23926) Phase 4: Compact heap 2.229ms
[2020-12-28T21:06:45.253-0500][gc,heap        ] GC(23926) Eden regions: 2->0(9)
[2020-12-28T21:06:45.254-0500][gc,heap        ] GC(23926) Survivor regions: 1->0(2)
[2020-12-28T21:06:45.254-0500][gc,heap        ] GC(23926) Old regions: 41->42
[2020-12-28T21:06:45.254-0500][gc,heap        ] GC(23926) Humongous regions: 4->4
[2020-12-28T21:06:45.254-0500][gc,metaspace   ] GC(23926) Metaspace: 50313K->50313K(1093632K)
[2020-12-28T21:06:45.254-0500][gc,heap        ] GC(23926) Heap after GC invocations=23927 (full 5527): garbage-first heap   total 64512K, used 43313K [0x0000000083000000, 0x0000000100000000)
[2020-12-28T21:06:45.254-0500][gc,heap        ] GC(23926)   region size 1024K, 0 young (0K), 0 survivors (0K)
[2020-12-28T21:06:45.254-0500][gc,heap        ] GC(23926)  Metaspace       used 50313K, capacity 52468K, committed 53888K, reserved 1093632K
[2020-12-28T21:06:45.254-0500][gc,heap        ] GC(23926)   class space    used 7457K, capacity 8250K, committed 8832K, reserved 1048576K
[2020-12-28T21:06:45.254-0500][gc             ] GC(23926) Pause Full (System.gc()) 43M->42M(63M) 63.961ms
[2020-12-28T21:06:45.254-0500][gc,cpu         ] GC(23926) User=0.28s Sys=0.00s Real=0.06s
[2020-12-28T21:08:52.591-0500][gc,heap        ] GC(23927) Heap before GC invocations=23927 (full 5527): garbage-first heap   total 64512K, used 52529K [0x0000000083000000, 0x0000000100000000)
[2020-12-28T21:08:52.591-0500][gc,heap        ] GC(23927)   region size 1024K, 9 young (9216K), 0 survivors (0K)
[2020-12-28T21:08:52.591-0500][gc,heap        ] GC(23927)  Metaspace       used 50313K, capacity 52468K, committed 53888K, reserved 1093632K
[2020-12-28T21:08:52.591-0500][gc,heap        ] GC(23927)   class space    used 7457K, capacity 8250K, committed 8832K, reserved 1048576K
[2020-12-28T21:08:52.591-0500][gc,start       ] GC(23927) Pause Young (Normal) (G1 Evacuation Pause)
[2020-12-28T21:08:52.591-0500][gc,task        ] GC(23927) Using 8 workers of 8 for evacuation
[2020-12-28T21:08:52.614-0500][gc,phases      ] GC(23927)   Pre Evacuate Collection Set: 0.0ms
[2020-12-28T21:08:52.614-0500][gc,phases      ] GC(23927)   Evacuate Collection Set: 22.3ms
[2020-12-28T21:08:52.614-0500][gc,phases      ] GC(23927)   Post Evacuate Collection Set: 1.3ms
[2020-12-28T21:08:52.614-0500][gc,phases      ] GC(23927)   Other: 0.2ms
[2020-12-28T21:08:52.614-0500][gc,heap        ] GC(23927) Eden regions: 9->0(8)
[2020-12-28T21:08:52.614-0500][gc,heap        ] GC(23927) Survivor regions: 0->1(2)
[2020-12-28T21:08:52.614-0500][gc,heap        ] GC(23927) Old regions: 42->42
[2020-12-28T21:08:52.614-0500][gc,heap        ] GC(23927) Humongous regions: 4->4
[2020-12-28T21:08:52.614-0500][gc,metaspace   ] GC(23927) Metaspace: 50313K->50313K(1093632K)
[2020-12-28T21:08:52.614-0500][gc,heap        ] GC(23927) Heap after GC invocations=23928 (full 5527): garbage-first heap   total 64512K, used 43376K [0x0000000083000000, 0x0000000100000000)
[2020-12-28T21:08:52.614-0500][gc,heap        ] GC(23927)   region size 1024K, 1 young (1024K), 1 survivors (1024K)
[2020-12-28T21:08:52.614-0500][gc,heap        ] GC(23927)  Metaspace       used 50313K, capacity 52468K, committed 53888K, reserved 1093632K
[2020-12-28T21:08:52.614-0500][gc,heap        ] GC(23927)   class space    used 7457K, capacity 8250K, committed 8832K, reserved 1048576K
[2020-12-28T21:08:52.614-0500][gc             ] GC(23927) Pause Young (Normal) (G1 Evacuation Pause) 51M->42M(63M) 23.821ms
[2020-12-28T21:08:52.615-0500][gc,cpu         ] GC(23927) User=0.16s Sys=0.00s Real=0.02s
[2020-12-28T21:10:49.061-0500][gc,heap        ] GC(23928) Heap before GC invocations=23928 (full 5527): garbage-first heap   total 64512K, used 50544K [0x0000000083000000, 0x0000000100000000)
[2020-12-28T21:10:49.061-0500][gc,heap        ] GC(23928)   region size 1024K, 9 young (9216K), 1 survivors (1024K)
[2020-12-28T21:10:49.061-0500][gc,heap        ] GC(23928)  Metaspace       used 50313K, capacity 52468K, committed 53888K, reserved 1093632K
[2020-12-28T21:10:49.061-0500][gc,heap        ] GC(23928)   class space    used 7457K, capacity 8250K, committed 8832K, reserved 1048576K
[2020-12-28T21:10:49.061-0500][gc,start       ] GC(23928) Pause Young (Normal) (G1 Evacuation Pause)
[2020-12-28T21:10:49.061-0500][gc,task        ] GC(23928) Using 8 workers of 8 for evacuation
[2020-12-28T21:10:49.065-0500][gc,phases      ] GC(23928)   Pre Evacuate Collection Set: 0.0ms
[2020-12-28T21:10:49.065-0500][gc,phases      ] GC(23928)   Evacuate Collection Set: 1.3ms
[2020-12-28T21:10:49.065-0500][gc,phases      ] GC(23928)   Post Evacuate Collection Set: 2.6ms
[2020-12-28T21:10:49.065-0500][gc,phases      ] GC(23928)   Other: 0.4ms
[2020-12-28T21:10:49.066-0500][gc,heap        ] GC(23928) Eden regions: 8->0(8)
[2020-12-28T21:10:49.066-0500][gc,heap        ] GC(23928) Survivor regions: 1->1(2)
[2020-12-28T21:10:49.066-0500][gc,heap        ] GC(23928) Old regions: 42->42
[2020-12-28T21:10:49.066-0500][gc,heap        ] GC(23928) Humongous regions: 4->4
[2020-12-28T21:10:49.066-0500][gc,metaspace   ] GC(23928) Metaspace: 50313K->50313K(1093632K)
[2020-12-28T21:10:49.066-0500][gc,heap        ] GC(23928) Heap after GC invocations=23929 (full 5527): garbage-first heap   total 64512K, used 43385K [0x0000000083000000, 0x0000000100000000)
[2020-12-28T21:10:49.066-0500][gc,heap        ] GC(23928)   region size 1024K, 1 young (1024K), 1 survivors (1024K)
[2020-12-28T21:10:49.066-0500][gc,heap        ] GC(23928)  Metaspace       used 50313K, capacity 52468K, committed 53888K, reserved 1093632K
[2020-12-28T21:10:49.066-0500][gc,heap        ] GC(23928)   class space    used 7457K, capacity 8250K, committed 8832K, reserved 1048576K
[2020-12-28T21:10:49.066-0500][gc             ] GC(23928) Pause Young (Normal) (G1 Evacuation Pause) 50M->42M(63M) 4.693ms
[2020-12-28T21:10:49.066-0500][gc,cpu         ] GC(23928) User=0.01s Sys=0.01s Real=0.00s
[2020-12-28T21:11:45.191-0500][gc,task        ] GC(23929) Using 5 workers of 8 for full compaction
[2020-12-28T21:11:45.192-0500][gc,start       ] GC(23929) Pause Full (System.gc())
[2020-12-28T21:11:45.192-0500][gc,heap        ] GC(23929) Heap before GC invocations=23929 (full 5527): garbage-first heap   total 64512K, used 45433K [0x0000000083000000, 0x0000000100000000)
[2020-12-28T21:11:45.192-0500][gc,heap        ] GC(23929)   region size 1024K, 5 young (5120K), 1 survivors (1024K)
[2020-12-28T21:11:45.192-0500][gc,heap        ] GC(23929)  Metaspace       used 50313K, capacity 52468K, committed 53888K, reserved 1093632K
[2020-12-28T21:11:45.192-0500][gc,heap        ] GC(23929)   class space    used 7457K, capacity 8250K, committed 8832K, reserved 1048576K
[2020-12-28T21:11:45.193-0500][gc,phases,start] GC(23929) Phase 1: Mark live objects
[2020-12-28T21:11:45.228-0500][gc,stringtable ] GC(23929) Cleaned string and symbol table, strings: 33320 processed, 4 removed, symbols: 120973 processed, 0 removed
[2020-12-28T21:11:45.228-0500][gc,phases      ] GC(23929) Phase 1: Mark live objects 35.590ms
[2020-12-28T21:11:45.228-0500][gc,phases,start] GC(23929) Phase 2: Prepare for compaction
[2020-12-28T21:11:45.232-0500][gc,phases      ] GC(23929) Phase 2: Prepare for compaction 4.021ms
[2020-12-28T21:11:45.232-0500][gc,phases,start] GC(23929) Phase 3: Adjust pointers
[2020-12-28T21:11:45.243-0500][gc,phases      ] GC(23929) Phase 3: Adjust pointers 10.839ms
[2020-12-28T21:11:45.243-0500][gc,phases,start] GC(23929) Phase 4: Compact heap
[2020-12-28T21:11:45.246-0500][gc,phases      ] GC(23929) Phase 4: Compact heap 2.479ms
[2020-12-28T21:11:45.250-0500][gc,heap        ] GC(23929) Eden regions: 4->0(10)
[2020-12-28T21:11:45.250-0500][gc,heap        ] GC(23929) Survivor regions: 1->0(2)
[2020-12-28T21:11:45.250-0500][gc,heap        ] GC(23929) Old regions: 42->41
[2020-12-28T21:11:45.250-0500][gc,heap        ] GC(23929) Humongous regions: 4->4
[2020-12-28T21:11:45.250-0500][gc,metaspace   ] GC(23929) Metaspace: 50313K->50313K(1093632K)
[2020-12-28T21:11:45.250-0500][gc,heap        ] GC(23929) Heap after GC invocations=23930 (full 5528): garbage-first heap   total 64512K, used 43326K [0x0000000083000000, 0x0000000100000000)
[2020-12-28T21:11:45.250-0500][gc,heap        ] GC(23929)   region size 1024K, 0 young (0K), 0 survivors (0K)
[2020-12-28T21:11:45.250-0500][gc,heap        ] GC(23929)  Metaspace       used 50313K, capacity 52468K, committed 53888K, reserved 1093632K
[2020-12-28T21:11:45.250-0500][gc,heap        ] GC(23929)   class space    used 7457K, capacity 8250K, committed 8832K, reserved 1048576K
[2020-12-28T21:11:45.250-0500][gc             ] GC(23929) Pause Full (System.gc()) 46M->42M(63M) 58.240ms
[2020-12-28T21:11:45.250-0500][gc,cpu         ] GC(23929) User=0.24s Sys=0.00s Real=0.06s
[2020-12-28T21:14:19.059-0500][gc,heap        ] GC(23930) Heap before GC invocations=23930 (full 5528): garbage-first heap   total 64512K, used 53566K [0x0000000083000000, 0x0000000100000000)
[2020-12-28T21:14:19.059-0500][gc,heap        ] GC(23930)   region size 1024K, 10 young (10240K), 0 survivors (0K)
[2020-12-28T21:14:19.059-0500][gc,heap        ] GC(23930)  Metaspace       used 50313K, capacity 52468K, committed 53888K, reserved 1093632K
[2020-12-28T21:14:19.059-0500][gc,heap        ] GC(23930)   class space    used 7457K, capacity 8250K, committed 8832K, reserved 1048576K
[2020-12-28T21:14:19.059-0500][gc,start       ] GC(23930) Pause Young (Normal) (G1 Evacuation Pause)
[2020-12-28T21:14:19.059-0500][gc,task        ] GC(23930) Using 8 workers of 8 for evacuation
[2020-12-28T21:14:19.062-0500][gc,phases      ] GC(23930)   Pre Evacuate Collection Set: 0.0ms
[2020-12-28T21:14:19.062-0500][gc,phases      ] GC(23930)   Evacuate Collection Set: 0.5ms
[2020-12-28T21:14:19.062-0500][gc,phases      ] GC(23930)   Post Evacuate Collection Set: 2.7ms
[2020-12-28T21:14:19.062-0500][gc,phases      ] GC(23930)   Other: 0.2ms
[2020-12-28T21:14:19.062-0500][gc,heap        ] GC(23930) Eden regions: 10->0(9)
[2020-12-28T21:14:19.062-0500][gc,heap        ] GC(23930) Survivor regions: 0->1(2)
[2020-12-28T21:14:19.062-0500][gc,heap        ] GC(23930) Old regions: 41->41
[2020-12-28T21:14:19.062-0500][gc,heap        ] GC(23930) Humongous regions: 4->4
[2020-12-28T21:14:19.062-0500][gc,metaspace   ] GC(23930) Metaspace: 50313K->50313K(1093632K)
[2020-12-28T21:14:19.062-0500][gc,heap        ] GC(23930) Heap after GC invocations=23931 (full 5528): garbage-first heap   total 64512K, used 43412K [0x0000000083000000, 0x0000000100000000)
[2020-12-28T21:14:19.062-0500][gc,heap        ] GC(23930)   region size 1024K, 1 young (1024K), 1 survivors (1024K)
[2020-12-28T21:14:19.062-0500][gc,heap        ] GC(23930)  Metaspace       used 50313K, capacity 52468K, committed 53888K, reserved 1093632K
[2020-12-28T21:14:19.062-0500][gc,heap        ] GC(23930)   class space    used 7457K, capacity 8250K, committed 8832K, reserved 1048576K
[2020-12-28T21:14:19.062-0500][gc             ] GC(23930) Pause Young (Normal) (G1 Evacuation Pause) 52M->42M(63M) 3.443ms
[2020-12-28T21:14:19.062-0500][gc,cpu         ] GC(23930) User=0.01s Sys=0.01s Real=0.00s
[2020-12-28T21:16:39.060-0500][gc,heap        ] GC(23931) Heap before GC invocations=23931 (full 5528): garbage-first heap   total 64512K, used 52628K [0x0000000083000000, 0x0000000100000000)
[2020-12-28T21:16:39.060-0500][gc,heap        ] GC(23931)   region size 1024K, 10 young (10240K), 1 survivors (1024K)
[2020-12-28T21:16:39.060-0500][gc,heap        ] GC(23931)  Metaspace       used 50313K, capacity 52468K, committed 53888K, reserved 1093632K
[2020-12-28T21:16:39.060-0500][gc,heap        ] GC(23931)   class space    used 7457K, capacity 8250K, committed 8832K, reserved 1048576K
[2020-12-28T21:16:39.060-0500][gc,start       ] GC(23931) Pause Young (Normal) (G1 Evacuation Pause)
[2020-12-28T21:16:39.060-0500][gc,task        ] GC(23931) Using 8 workers of 8 for evacuation
[2020-12-28T21:16:39.064-0500][gc,phases      ] GC(23931)   Pre Evacuate Collection Set: 0.0ms
[2020-12-28T21:16:39.064-0500][gc,phases      ] GC(23931)   Evacuate Collection Set: 1.8ms
[2020-12-28T21:16:39.064-0500][gc,phases      ] GC(23931)   Post Evacuate Collection Set: 2.2ms
[2020-12-28T21:16:39.065-0500][gc,phases      ] GC(23931)   Other: 0.4ms
[2020-12-28T21:16:39.065-0500][gc,heap        ] GC(23931) Eden regions: 9->0(9)
[2020-12-28T21:16:39.065-0500][gc,heap        ] GC(23931) Survivor regions: 1->1(2)
[2020-12-28T21:16:39.065-0500][gc,heap        ] GC(23931) Old regions: 41->41
[2020-12-28T21:16:39.065-0500][gc,heap        ] GC(23931) Humongous regions: 4->4
[2020-12-28T21:16:39.065-0500][gc,metaspace   ] GC(23931) Metaspace: 50313K->50313K(1093632K)
[2020-12-28T21:16:39.065-0500][gc,heap        ] GC(23931) Heap after GC invocations=23932 (full 5528): garbage-first heap   total 64512K, used 43387K [0x0000000083000000, 0x0000000100000000)
[2020-12-28T21:16:39.065-0500][gc,heap        ] GC(23931)   region size 1024K, 1 young (1024K), 1 survivors (1024K)
[2020-12-28T21:16:39.065-0500][gc,heap        ] GC(23931)  Metaspace       used 50313K, capacity 52468K, committed 53888K, reserved 1093632K
[2020-12-28T21:16:39.065-0500][gc,heap        ] GC(23931)   class space    used 7457K, capacity 8250K, committed 8832K, reserved 1048576K
[2020-12-28T21:16:39.065-0500][gc             ] GC(23931) Pause Young (Normal) (G1 Evacuation Pause) 51M->42M(63M) 4.657ms
[2020-12-28T21:16:39.065-0500][gc,cpu         ] GC(23931) User=0.01s Sys=0.01s Real=0.00s
[2020-12-28T21:16:45.189-0500][gc,task        ] GC(23932) Using 5 workers of 8 for full compaction
[2020-12-28T21:16:45.190-0500][gc,start       ] GC(23932) Pause Full (System.gc())
[2020-12-28T21:16:45.190-0500][gc,heap        ] GC(23932) Heap before GC invocations=23932 (full 5528): garbage-first heap   total 64512K, used 43387K [0x0000000083000000, 0x0000000100000000)
[2020-12-28T21:16:45.190-0500][gc,heap        ] GC(23932)   region size 1024K, 2 young (2048K), 1 survivors (1024K)
[2020-12-28T21:16:45.190-0500][gc,heap        ] GC(23932)  Metaspace       used 50313K, capacity 52468K, committed 53888K, reserved 1093632K
[2020-12-28T21:16:45.190-0500][gc,heap        ] GC(23932)   class space    used 7457K, capacity 8250K, committed 8832K, reserved 1048576K
[2020-12-28T21:16:45.190-0500][gc,phases,start] GC(23932) Phase 1: Mark live objects
[2020-12-28T21:16:45.214-0500][gc,stringtable ] GC(23932) Cleaned string and symbol table, strings: 33320 processed, 4 removed, symbols: 120973 processed, 0 removed
[2020-12-28T21:16:45.214-0500][gc,phases      ] GC(23932) Phase 1: Mark live objects 23.748ms
[2020-12-28T21:16:45.214-0500][gc,phases,start] GC(23932) Phase 2: Prepare for compaction
[2020-12-28T21:16:45.218-0500][gc,phases      ] GC(23932) Phase 2: Prepare for compaction 4.037ms
[2020-12-28T21:16:45.218-0500][gc,phases,start] GC(23932) Phase 3: Adjust pointers
[2020-12-28T21:16:45.229-0500][gc,phases      ] GC(23932) Phase 3: Adjust pointers 11.170ms
[2020-12-28T21:16:45.229-0500][gc,phases,start] GC(23932) Phase 4: Compact heap
[2020-12-28T21:16:45.232-0500][gc,phases      ] GC(23932) Phase 4: Compact heap 2.604ms
[2020-12-28T21:16:45.236-0500][gc,heap        ] GC(23932) Eden regions: 1->0(10)
[2020-12-28T21:16:45.236-0500][gc,heap        ] GC(23932) Survivor regions: 1->0(2)
[2020-12-28T21:16:45.236-0500][gc,heap        ] GC(23932) Old regions: 41->41
[2020-12-28T21:16:45.236-0500][gc,heap        ] GC(23932) Humongous regions: 4->4
[2020-12-28T21:16:45.236-0500][gc,metaspace   ] GC(23932) Metaspace: 50313K->50313K(1093632K)
[2020-12-28T21:16:45.236-0500][gc,heap        ] GC(23932) Heap after GC invocations=23933 (full 5529): garbage-first heap   total 64512K, used 43311K [0x0000000083000000, 0x0000000100000000)
[2020-12-28T21:16:45.236-0500][gc,heap        ] GC(23932)   region size 1024K, 0 young (0K), 0 survivors (0K)
[2020-12-28T21:16:45.236-0500][gc,heap        ] GC(23932)  Metaspace       used 50313K, capacity 52468K, committed 53888K, reserved 1093632K
[2020-12-28T21:16:45.236-0500][gc,heap        ] GC(23932)   class space    used 7457K, capacity 8250K, committed 8832K, reserved 1048576K
[2020-12-28T21:16:45.236-0500][gc             ] GC(23932) Pause Full (System.gc()) 43M->42M(63M) 46.470ms
[2020-12-28T21:16:45.236-0500][gc,cpu         ] GC(23932) User=0.19s Sys=0.00s Real=0.04s
[2020-12-28T21:19:13.457-0500][gc,heap        ] GC(23933) Heap before GC invocations=23933 (full 5529): garbage-first heap   total 64512K, used 52527K [0x0000000083000000, 0x0000000100000000)
[2020-12-28T21:19:13.457-0500][gc,heap        ] GC(23933)   region size 1024K, 10 young (10240K), 0 survivors (0K)
[2020-12-28T21:19:13.457-0500][gc,heap        ] GC(23933)  Metaspace       used 50313K, capacity 52468K, committed 53888K, reserved 1093632K
[2020-12-28T21:19:13.457-0500][gc,heap        ] GC(23933)   class space    used 7457K, capacity 8250K, committed 8832K, reserved 1048576K
[2020-12-28T21:19:13.457-0500][gc,start       ] GC(23933) Pause Young (Normal) (G1 Evacuation Pause)
[2020-12-28T21:19:13.457-0500][gc,task        ] GC(23933) Using 8 workers of 8 for evacuation
[2020-12-28T21:19:13.461-0500][gc,phases      ] GC(23933)   Pre Evacuate Collection Set: 0.0ms
[2020-12-28T21:19:13.461-0500][gc,phases      ] GC(23933)   Evacuate Collection Set: 1.5ms
[2020-12-28T21:19:13.461-0500][gc,phases      ] GC(23933)   Post Evacuate Collection Set: 2.4ms
[2020-12-28T21:19:13.461-0500][gc,phases      ] GC(23933)   Other: 0.5ms
[2020-12-28T21:19:13.461-0500][gc,heap        ] GC(23933) Eden regions: 10->0(9)
[2020-12-28T21:19:13.461-0500][gc,heap        ] GC(23933) Survivor regions: 0->1(2)
[2020-12-28T21:19:13.461-0500][gc,heap        ] GC(23933) Old regions: 41->41
[2020-12-28T21:19:13.461-0500][gc,heap        ] GC(23933) Humongous regions: 4->4
[2020-12-28T21:19:13.461-0500][gc,metaspace   ] GC(23933) Metaspace: 50313K->50313K(1093632K)
[2020-12-28T21:19:13.461-0500][gc,heap        ] GC(23933) Heap after GC invocations=23934 (full 5529): garbage-first heap   total 64512K, used 43370K [0x0000000083000000, 0x0000000100000000)
[2020-12-28T21:19:13.462-0500][gc,heap        ] GC(23933)   region size 1024K, 1 young (1024K), 1 survivors (1024K)
[2020-12-28T21:19:13.462-0500][gc,heap        ] GC(23933)  Metaspace       used 50313K, capacity 52468K, committed 53888K, reserved 1093632K
[2020-12-28T21:19:13.462-0500][gc,heap        ] GC(23933)   class space    used 7457K, capacity 8250K, committed 8832K, reserved 1048576K
[2020-12-28T21:19:13.462-0500][gc             ] GC(23933) Pause Young (Normal) (G1 Evacuation Pause) 52M->42M(63M) 4.560ms
[2020-12-28T21:19:13.462-0500][gc,cpu         ] GC(23933) User=0.01s Sys=0.00s Real=0.01s
[2020-12-28T21:21:29.063-0500][gc,heap        ] GC(23934) Heap before GC invocations=23934 (full 5529): garbage-first heap   total 64512K, used 52586K [0x0000000083000000, 0x0000000100000000)
[2020-12-28T21:21:29.063-0500][gc,heap        ] GC(23934)   region size 1024K, 10 young (10240K), 1 survivors (1024K)
[2020-12-28T21:21:29.063-0500][gc,heap        ] GC(23934)  Metaspace       used 50313K, capacity 52468K, committed 53888K, reserved 1093632K
[2020-12-28T21:21:29.063-0500][gc,heap        ] GC(23934)   class space    used 7457K, capacity 8250K, committed 8832K, reserved 1048576K
[2020-12-28T21:21:29.064-0500][gc,start       ] GC(23934) Pause Young (Normal) (G1 Evacuation Pause)
[2020-12-28T21:21:29.064-0500][gc,task        ] GC(23934) Using 8 workers of 8 for evacuation
[2020-12-28T21:21:29.068-0500][gc,phases      ] GC(23934)   Pre Evacuate Collection Set: 0.0ms
[2020-12-28T21:21:29.068-0500][gc,phases      ] GC(23934)   Evacuate Collection Set: 1.7ms
[2020-12-28T21:21:29.068-0500][gc,phases      ] GC(23934)   Post Evacuate Collection Set: 2.2ms
[2020-12-28T21:21:29.068-0500][gc,phases      ] GC(23934)   Other: 0.5ms
[2020-12-28T21:21:29.068-0500][gc,heap        ] GC(23934) Eden regions: 9->0(9)
[2020-12-28T21:21:29.068-0500][gc,heap        ] GC(23934) Survivor regions: 1->1(2)
[2020-12-28T21:21:29.068-0500][gc,heap        ] GC(23934) Old regions: 41->41
[2020-12-28T21:21:29.068-0500][gc,heap        ] GC(23934) Humongous regions: 4->4
[2020-12-28T21:21:29.068-0500][gc,metaspace   ] GC(23934) Metaspace: 50313K->50313K(1093632K)
[2020-12-28T21:21:29.068-0500][gc,heap        ] GC(23934) Heap after GC invocations=23935 (full 5529): garbage-first heap   total 64512K, used 43379K [0x0000000083000000, 0x0000000100000000)
[2020-12-28T21:21:29.068-0500][gc,heap        ] GC(23934)   region size 1024K, 1 young (1024K), 1 survivors (1024K)
[2020-12-28T21:21:29.068-0500][gc,heap        ] GC(23934)  Metaspace       used 50313K, capacity 52468K, committed 53888K, reserved 1093632K
[2020-12-28T21:21:29.068-0500][gc,heap        ] GC(23934)   class space    used 7457K, capacity 8250K, committed 8832K, reserved 1048576K
[2020-12-28T21:21:29.068-0500][gc             ] GC(23934) Pause Young (Normal) (G1 Evacuation Pause) 51M->42M(63M) 4.669ms
[2020-12-28T21:21:29.068-0500][gc,cpu         ] GC(23934) User=0.01s Sys=0.00s Real=0.01s
[2020-12-28T21:21:45.191-0500][gc,task        ] GC(23935) Using 5 workers of 8 for full compaction
[2020-12-28T21:21:45.192-0500][gc,start       ] GC(23935) Pause Full (System.gc())
[2020-12-28T21:21:45.192-0500][gc,heap        ] GC(23935) Heap before GC invocations=23935 (full 5529): garbage-first heap   total 64512K, used 43379K [0x0000000083000000, 0x0000000100000000)
[2020-12-28T21:21:45.192-0500][gc,heap        ] GC(23935)   region size 1024K, 2 young (2048K), 1 survivors (1024K)
[2020-12-28T21:21:45.192-0500][gc,heap        ] GC(23935)  Metaspace       used 50313K, capacity 52468K, committed 53888K, reserved 1093632K
[2020-12-28T21:21:45.192-0500][gc,heap        ] GC(23935)   class space    used 7457K, capacity 8250K, committed 8832K, reserved 1048576K
[2020-12-28T21:21:45.193-0500][gc,phases,start] GC(23935) Phase 1: Mark live objects
[2020-12-28T21:21:45.238-0500][gc,stringtable ] GC(23935) Cleaned string and symbol table, strings: 33320 processed, 4 removed, symbols: 120973 processed, 0 removed
[2020-12-28T21:21:45.238-0500][gc,phases      ] GC(23935) Phase 1: Mark live objects 45.577ms
[2020-12-28T21:21:45.238-0500][gc,phases,start] GC(23935) Phase 2: Prepare for compaction
[2020-12-28T21:21:45.242-0500][gc,phases      ] GC(23935) Phase 2: Prepare for compaction 3.468ms
[2020-12-28T21:21:45.242-0500][gc,phases,start] GC(23935) Phase 3: Adjust pointers
[2020-12-28T21:21:45.251-0500][gc,phases      ] GC(23935) Phase 3: Adjust pointers 9.344ms
[2020-12-28T21:21:45.251-0500][gc,phases,start] GC(23935) Phase 4: Compact heap
[2020-12-28T21:21:45.254-0500][gc,phases      ] GC(23935) Phase 4: Compact heap 2.479ms
[2020-12-28T21:21:45.258-0500][gc,heap        ] GC(23935) Eden regions: 1->0(10)
[2020-12-28T21:21:45.258-0500][gc,heap        ] GC(23935) Survivor regions: 1->0(2)
[2020-12-28T21:21:45.258-0500][gc,heap        ] GC(23935) Old regions: 41->41
[2020-12-28T21:21:45.258-0500][gc,heap        ] GC(23935) Humongous regions: 4->4
[2020-12-28T21:21:45.258-0500][gc,metaspace   ] GC(23935) Metaspace: 50313K->50313K(1093632K)
[2020-12-28T21:21:45.258-0500][gc,heap        ] GC(23935) Heap after GC invocations=23936 (full 5530): garbage-first heap   total 64512K, used 43312K [0x0000000083000000, 0x0000000100000000)
[2020-12-28T21:21:45.258-0500][gc,heap        ] GC(23935)   region size 1024K, 0 young (0K), 0 survivors (0K)
[2020-12-28T21:21:45.258-0500][gc,heap        ] GC(23935)  Metaspace       used 50313K, capacity 52468K, committed 53888K, reserved 1093632K
[2020-12-28T21:21:45.258-0500][gc,heap        ] GC(23935)   class space    used 7457K, capacity 8250K, committed 8832K, reserved 1048576K
[2020-12-28T21:21:45.258-0500][gc             ] GC(23935) Pause Full (System.gc()) 43M->42M(63M) 66.517ms
[2020-12-28T21:21:45.258-0500][gc,cpu         ] GC(23935) User=0.29s Sys=0.00s Real=0.07s
[2020-12-28T21:24:11.908-0500][gc,heap        ] GC(23936) Heap before GC invocations=23936 (full 5530): garbage-first heap   total 64512K, used 52528K [0x0000000083000000, 0x0000000100000000)
[2020-12-28T21:24:11.908-0500][gc,heap        ] GC(23936)   region size 1024K, 10 young (10240K), 0 survivors (0K)
[2020-12-28T21:24:11.908-0500][gc,heap        ] GC(23936)  Metaspace       used 50313K, capacity 52468K, committed 53888K, reserved 1093632K
[2020-12-28T21:24:11.908-0500][gc,heap        ] GC(23936)   class space    used 7457K, capacity 8250K, committed 8832K, reserved 1048576K
[2020-12-28T21:24:11.908-0500][gc,start       ] GC(23936) Pause Young (Normal) (G1 Evacuation Pause)
[2020-12-28T21:24:11.908-0500][gc,task        ] GC(23936) Using 8 workers of 8 for evacuation
[2020-12-28T21:24:11.912-0500][gc,phases      ] GC(23936)   Pre Evacuate Collection Set: 0.0ms
[2020-12-28T21:24:11.912-0500][gc,phases      ] GC(23936)   Evacuate Collection Set: 1.1ms
[2020-12-28T21:24:11.912-0500][gc,phases      ] GC(23936)   Post Evacuate Collection Set: 2.5ms
[2020-12-28T21:24:11.912-0500][gc,phases      ] GC(23936)   Other: 0.4ms
[2020-12-28T21:24:11.912-0500][gc,heap        ] GC(23936) Eden regions: 10->0(9)
[2020-12-28T21:24:11.912-0500][gc,heap        ] GC(23936) Survivor regions: 0->1(2)
[2020-12-28T21:24:11.912-0500][gc,heap        ] GC(23936) Old regions: 41->41
[2020-12-28T21:24:11.912-0500][gc,heap        ] GC(23936) Humongous regions: 4->4
[2020-12-28T21:24:11.912-0500][gc,metaspace   ] GC(23936) Metaspace: 50313K->50313K(1093632K)
[2020-12-28T21:24:11.912-0500][gc,heap        ] GC(23936) Heap after GC invocations=23937 (full 5530): garbage-first heap   total 64512K, used 43374K [0x0000000083000000, 0x0000000100000000)
[2020-12-28T21:24:11.912-0500][gc,heap        ] GC(23936)   region size 1024K, 1 young (1024K), 1 survivors (1024K)
[2020-12-28T21:24:11.912-0500][gc,heap        ] GC(23936)  Metaspace       used 50313K, capacity 52468K, committed 53888K, reserved 1093632K
[2020-12-28T21:24:11.912-0500][gc,heap        ] GC(23936)   class space    used 7457K, capacity 8250K, committed 8832K, reserved 1048576K
[2020-12-28T21:24:11.912-0500][gc             ] GC(23936) Pause Young (Normal) (G1 Evacuation Pause) 52M->42M(63M) 4.155ms
[2020-12-28T21:24:11.912-0500][gc,cpu         ] GC(23936) User=0.00s Sys=0.00s Real=0.01s
[2020-12-28T21:26:29.062-0500][gc,heap        ] GC(23937) Heap before GC invocations=23937 (full 5530): garbage-first heap   total 64512K, used 51566K [0x0000000083000000, 0x0000000100000000)
[2020-12-28T21:26:29.062-0500][gc,heap        ] GC(23937)   region size 1024K, 10 young (10240K), 1 survivors (1024K)
[2020-12-28T21:26:29.062-0500][gc,heap        ] GC(23937)  Metaspace       used 50313K, capacity 52468K, committed 53888K, reserved 1093632K
[2020-12-28T21:26:29.063-0500][gc,heap        ] GC(23937)   class space    used 7457K, capacity 8250K, committed 8832K, reserved 1048576K
[2020-12-28T21:26:29.063-0500][gc,start       ] GC(23937) Pause Young (Normal) (G1 Evacuation Pause)
[2020-12-28T21:26:29.063-0500][gc,task        ] GC(23937) Using 8 workers of 8 for evacuation
[2020-12-28T21:26:29.066-0500][gc,phases      ] GC(23937)   Pre Evacuate Collection Set: 0.0ms
[2020-12-28T21:26:29.067-0500][gc,phases      ] GC(23937)   Evacuate Collection Set: 1.2ms
[2020-12-28T21:26:29.067-0500][gc,phases      ] GC(23937)   Post Evacuate Collection Set: 2.5ms
[2020-12-28T21:26:29.067-0500][gc,phases      ] GC(23937)   Other: 0.5ms
[2020-12-28T21:26:29.067-0500][gc,heap        ] GC(23937) Eden regions: 9->0(9)
[2020-12-28T21:26:29.067-0500][gc,heap        ] GC(23937) Survivor regions: 1->1(2)
[2020-12-28T21:26:29.067-0500][gc,heap        ] GC(23937) Old regions: 41->41
[2020-12-28T21:26:29.067-0500][gc,heap        ] GC(23937) Humongous regions: 4->4
[2020-12-28T21:26:29.067-0500][gc,metaspace   ] GC(23937) Metaspace: 50313K->50313K(1093632K)
[2020-12-28T21:26:29.067-0500][gc,heap        ] GC(23937) Heap after GC invocations=23938 (full 5530): garbage-first heap   total 64512K, used 43396K [0x0000000083000000, 0x0000000100000000)
[2020-12-28T21:26:29.067-0500][gc,heap        ] GC(23937)   region size 1024K, 1 young (1024K), 1 survivors (1024K)
[2020-12-28T21:26:29.067-0500][gc,heap        ] GC(23937)  Metaspace       used 50313K, capacity 52468K, committed 53888K, reserved 1093632K
[2020-12-28T21:26:29.067-0500][gc,heap        ] GC(23937)   class space    used 7457K, capacity 8250K, committed 8832K, reserved 1048576K
[2020-12-28T21:26:29.067-0500][gc             ] GC(23937) Pause Young (Normal) (G1 Evacuation Pause) 51M->42M(63M) 4.290ms
[2020-12-28T21:26:29.067-0500][gc,cpu         ] GC(23937) User=0.01s Sys=0.01s Real=0.00s
[2020-12-28T21:26:45.190-0500][gc,task        ] GC(23938) Using 5 workers of 8 for full compaction
[2020-12-28T21:26:45.190-0500][gc,start       ] GC(23938) Pause Full (System.gc())
[2020-12-28T21:26:45.190-0500][gc,heap        ] GC(23938) Heap before GC invocations=23938 (full 5530): garbage-first heap   total 64512K, used 44420K [0x0000000083000000, 0x0000000100000000)
[2020-12-28T21:26:45.190-0500][gc,heap        ] GC(23938)   region size 1024K, 3 young (3072K), 1 survivors (1024K)
[2020-12-28T21:26:45.190-0500][gc,heap        ] GC(23938)  Metaspace       used 50313K, capacity 52468K, committed 53888K, reserved 1093632K
[2020-12-28T21:26:45.190-0500][gc,heap        ] GC(23938)   class space    used 7457K, capacity 8250K, committed 8832K, reserved 1048576K
[2020-12-28T21:26:45.191-0500][gc,phases,start] GC(23938) Phase 1: Mark live objects
[2020-12-28T21:26:45.223-0500][gc,stringtable ] GC(23938) Cleaned string and symbol table, strings: 33320 processed, 4 removed, symbols: 120973 processed, 0 removed
[2020-12-28T21:26:45.223-0500][gc,phases      ] GC(23938) Phase 1: Mark live objects 32.681ms
[2020-12-28T21:26:45.224-0500][gc,phases,start] GC(23938) Phase 2: Prepare for compaction
[2020-12-28T21:26:45.230-0500][gc,phases      ] GC(23938) Phase 2: Prepare for compaction 6.493ms
[2020-12-28T21:26:45.230-0500][gc,phases,start] GC(23938) Phase 3: Adjust pointers
[2020-12-28T21:26:45.241-0500][gc,phases      ] GC(23938) Phase 3: Adjust pointers 11.249ms
[2020-12-28T21:26:45.241-0500][gc,phases,start] GC(23938) Phase 4: Compact heap
[2020-12-28T21:26:45.244-0500][gc,phases      ] GC(23938) Phase 4: Compact heap 2.573ms
[2020-12-28T21:26:45.248-0500][gc,heap        ] GC(23938) Eden regions: 2->0(10)
[2020-12-28T21:26:45.249-0500][gc,heap        ] GC(23938) Survivor regions: 1->0(2)
[2020-12-28T21:26:45.249-0500][gc,heap        ] GC(23938) Old regions: 41->41
[2020-12-28T21:26:45.249-0500][gc,heap        ] GC(23938) Humongous regions: 4->4
[2020-12-28T21:26:45.249-0500][gc,metaspace   ] GC(23938) Metaspace: 50313K->50313K(1093632K)
[2020-12-28T21:26:45.249-0500][gc,heap        ] GC(23938) Heap after GC invocations=23939 (full 5531): garbage-first heap   total 64512K, used 43316K [0x0000000083000000, 0x0000000100000000)
[2020-12-28T21:26:45.249-0500][gc,heap        ] GC(23938)   region size 1024K, 0 young (0K), 0 survivors (0K)
[2020-12-28T21:26:45.249-0500][gc,heap        ] GC(23938)  Metaspace       used 50313K, capacity 52468K, committed 53888K, reserved 1093632K
[2020-12-28T21:26:45.249-0500][gc,heap        ] GC(23938)   class space    used 7457K, capacity 8250K, committed 8832K, reserved 1048576K
[2020-12-28T21:26:45.249-0500][gc             ] GC(23938) Pause Full (System.gc()) 43M->42M(63M) 58.274ms
[2020-12-28T21:26:45.249-0500][gc,cpu         ] GC(23938) User=0.25s Sys=0.00s Real=0.06s
[2020-12-28T21:29:09.945-0500][gc,heap        ] GC(23939) Heap before GC invocations=23939 (full 5531): garbage-first heap   total 64512K, used 52532K [0x0000000083000000, 0x0000000100000000)
[2020-12-28T21:29:09.945-0500][gc,heap        ] GC(23939)   region size 1024K, 10 young (10240K), 0 survivors (0K)
[2020-12-28T21:29:09.945-0500][gc,heap        ] GC(23939)  Metaspace       used 50313K, capacity 52468K, committed 53888K, reserved 1093632K
[2020-12-28T21:29:09.945-0500][gc,heap        ] GC(23939)   class space    used 7457K, capacity 8250K, committed 8832K, reserved 1048576K
[2020-12-28T21:29:09.945-0500][gc,start       ] GC(23939) Pause Young (Normal) (G1 Evacuation Pause)
[2020-12-28T21:29:09.945-0500][gc,task        ] GC(23939) Using 8 workers of 8 for evacuation
[2020-12-28T21:29:09.948-0500][gc,phases      ] GC(23939)   Pre Evacuate Collection Set: 0.0ms
[2020-12-28T21:29:09.948-0500][gc,phases      ] GC(23939)   Evacuate Collection Set: 0.4ms
[2020-12-28T21:29:09.948-0500][gc,phases      ] GC(23939)   Post Evacuate Collection Set: 3.0ms
[2020-12-28T21:29:09.948-0500][gc,phases      ] GC(23939)   Other: 0.2ms
[2020-12-28T21:29:09.948-0500][gc,heap        ] GC(23939) Eden regions: 10->0(9)
[2020-12-28T21:29:09.948-0500][gc,heap        ] GC(23939) Survivor regions: 0->1(2)
[2020-12-28T21:29:09.948-0500][gc,heap        ] GC(23939) Old regions: 41->41
[2020-12-28T21:29:09.948-0500][gc,heap        ] GC(23939) Humongous regions: 4->4
[2020-12-28T21:29:09.948-0500][gc,metaspace   ] GC(23939) Metaspace: 50313K->50313K(1093632K)
[2020-12-28T21:29:09.948-0500][gc,heap        ] GC(23939) Heap after GC invocations=23940 (full 5531): garbage-first heap   total 64512K, used 43388K [0x0000000083000000, 0x0000000100000000)
[2020-12-28T21:29:09.948-0500][gc,heap        ] GC(23939)   region size 1024K, 1 young (1024K), 1 survivors (1024K)
[2020-12-28T21:29:09.948-0500][gc,heap        ] GC(23939)  Metaspace       used 50313K, capacity 52468K, committed 53888K, reserved 1093632K
[2020-12-28T21:29:09.948-0500][gc,heap        ] GC(23939)   class space    used 7457K, capacity 8250K, committed 8832K, reserved 1048576K
[2020-12-28T21:29:09.948-0500][gc             ] GC(23939) Pause Young (Normal) (G1 Evacuation Pause) 52M->42M(63M) 3.676ms
[2020-12-28T21:29:09.948-0500][gc,cpu         ] GC(23939) User=0.02s Sys=0.00s Real=0.01s
[2020-12-28T21:31:29.069-0500][gc,heap        ] GC(23940) Heap before GC invocations=23940 (full 5531): garbage-first heap   total 64512K, used 52604K [0x0000000083000000, 0x0000000100000000)
[2020-12-28T21:31:29.069-0500][gc,heap        ] GC(23940)   region size 1024K, 10 young (10240K), 1 survivors (1024K)
[2020-12-28T21:31:29.069-0500][gc,heap        ] GC(23940)  Metaspace       used 50313K, capacity 52468K, committed 53888K, reserved 1093632K
[2020-12-28T21:31:29.069-0500][gc,heap        ] GC(23940)   class space    used 7457K, capacity 8250K, committed 8832K, reserved 1048576K
[2020-12-28T21:31:29.069-0500][gc,start       ] GC(23940) Pause Young (Normal) (G1 Evacuation Pause)
[2020-12-28T21:31:29.070-0500][gc,task        ] GC(23940) Using 8 workers of 8 for evacuation
[2020-12-28T21:31:29.076-0500][gc,phases      ] GC(23940)   Pre Evacuate Collection Set: 0.0ms
[2020-12-28T21:31:29.076-0500][gc,phases      ] GC(23940)   Evacuate Collection Set: 3.9ms
[2020-12-28T21:31:29.076-0500][gc,phases      ] GC(23940)   Post Evacuate Collection Set: 2.5ms
[2020-12-28T21:31:29.076-0500][gc,phases      ] GC(23940)   Other: 0.5ms
[2020-12-28T21:31:29.076-0500][gc,heap        ] GC(23940) Eden regions: 9->0(9)
[2020-12-28T21:31:29.076-0500][gc,heap        ] GC(23940) Survivor regions: 1->1(2)
[2020-12-28T21:31:29.076-0500][gc,heap        ] GC(23940) Old regions: 41->41
[2020-12-28T21:31:29.076-0500][gc,heap        ] GC(23940) Humongous regions: 4->4
[2020-12-28T21:31:29.076-0500][gc,metaspace   ] GC(23940) Metaspace: 50313K->50313K(1093632K)
[2020-12-28T21:31:29.076-0500][gc,heap        ] GC(23940) Heap after GC invocations=23941 (full 5531): garbage-first heap   total 64512K, used 43395K [0x0000000083000000, 0x0000000100000000)
[2020-12-28T21:31:29.076-0500][gc,heap        ] GC(23940)   region size 1024K, 1 young (1024K), 1 survivors (1024K)
[2020-12-28T21:31:29.076-0500][gc,heap        ] GC(23940)  Metaspace       used 50313K, capacity 52468K, committed 53888K, reserved 1093632K
[2020-12-28T21:31:29.076-0500][gc,heap        ] GC(23940)   class space    used 7457K, capacity 8250K, committed 8832K, reserved 1048576K
[2020-12-28T21:31:29.076-0500][gc             ] GC(23940) Pause Young (Normal) (G1 Evacuation Pause) 51M->42M(63M) 6.973ms
[2020-12-28T21:31:29.077-0500][gc,cpu         ] GC(23940) User=0.02s Sys=0.00s Real=0.00s
[2020-12-28T21:31:45.192-0500][gc,task        ] GC(23941) Using 5 workers of 8 for full compaction
[2020-12-28T21:31:45.192-0500][gc,start       ] GC(23941) Pause Full (System.gc())
[2020-12-28T21:31:45.192-0500][gc,heap        ] GC(23941) Heap before GC invocations=23941 (full 5531): garbage-first heap   total 64512K, used 43395K [0x0000000083000000, 0x0000000100000000)
[2020-12-28T21:31:45.192-0500][gc,heap        ] GC(23941)   region size 1024K, 2 young (2048K), 1 survivors (1024K)
[2020-12-28T21:31:45.192-0500][gc,heap        ] GC(23941)  Metaspace       used 50313K, capacity 52468K, committed 53888K, reserved 1093632K
[2020-12-28T21:31:45.192-0500][gc,heap        ] GC(23941)   class space    used 7457K, capacity 8250K, committed 8832K, reserved 1048576K
[2020-12-28T21:31:45.193-0500][gc,phases,start] GC(23941) Phase 1: Mark live objects
[2020-12-28T21:31:45.241-0500][gc,stringtable ] GC(23941) Cleaned string and symbol table, strings: 33320 processed, 4 removed, symbols: 120973 processed, 0 removed
[2020-12-28T21:31:45.241-0500][gc,phases      ] GC(23941) Phase 1: Mark live objects 48.646ms
[2020-12-28T21:31:45.241-0500][gc,phases,start] GC(23941) Phase 2: Prepare for compaction
[2020-12-28T21:31:45.244-0500][gc,phases      ] GC(23941) Phase 2: Prepare for compaction 2.972ms
[2020-12-28T21:31:45.244-0500][gc,phases,start] GC(23941) Phase 3: Adjust pointers
[2020-12-28T21:31:45.254-0500][gc,phases      ] GC(23941) Phase 3: Adjust pointers 9.604ms
[2020-12-28T21:31:45.254-0500][gc,phases,start] GC(23941) Phase 4: Compact heap
[2020-12-28T21:31:45.257-0500][gc,phases      ] GC(23941) Phase 4: Compact heap 2.544ms
[2020-12-28T21:31:45.261-0500][gc,heap        ] GC(23941) Eden regions: 1->0(10)
[2020-12-28T21:31:45.261-0500][gc,heap        ] GC(23941) Survivor regions: 1->0(2)
[2020-12-28T21:31:45.261-0500][gc,heap        ] GC(23941) Old regions: 41->41
[2020-12-28T21:31:45.261-0500][gc,heap        ] GC(23941) Humongous regions: 4->4
[2020-12-28T21:31:45.261-0500][gc,metaspace   ] GC(23941) Metaspace: 50313K->50313K(1093632K)
[2020-12-28T21:31:45.261-0500][gc,heap        ] GC(23941) Heap after GC invocations=23942 (full 5532): garbage-first heap   total 64512K, used 43312K [0x0000000083000000, 0x0000000100000000)
[2020-12-28T21:31:45.261-0500][gc,heap        ] GC(23941)   region size 1024K, 0 young (0K), 0 survivors (0K)
[2020-12-28T21:31:45.261-0500][gc,heap        ] GC(23941)  Metaspace       used 50313K, capacity 52468K, committed 53888K, reserved 1093632K
[2020-12-28T21:31:45.261-0500][gc,heap        ] GC(23941)   class space    used 7457K, capacity 8250K, committed 8832K, reserved 1048576K
[2020-12-28T21:31:45.261-0500][gc             ] GC(23941) Pause Full (System.gc()) 43M->42M(63M) 68.788ms
[2020-12-28T21:31:45.261-0500][gc,cpu         ] GC(23941) User=0.30s Sys=0.00s Real=0.07s
[2020-12-28T21:34:19.060-0500][gc,heap        ] GC(23942) Heap before GC invocations=23942 (full 5532): garbage-first heap   total 64512K, used 52528K [0x0000000083000000, 0x0000000100000000)
[2020-12-28T21:34:19.060-0500][gc,heap        ] GC(23942)   region size 1024K, 10 young (10240K), 0 survivors (0K)
[2020-12-28T21:34:19.060-0500][gc,heap        ] GC(23942)  Metaspace       used 50313K, capacity 52468K, committed 53888K, reserved 1093632K
[2020-12-28T21:34:19.060-0500][gc,heap        ] GC(23942)   class space    used 7457K, capacity 8250K, committed 8832K, reserved 1048576K
[2020-12-28T21:34:19.060-0500][gc,start       ] GC(23942) Pause Young (Normal) (G1 Evacuation Pause)
[2020-12-28T21:34:19.060-0500][gc,task        ] GC(23942) Using 8 workers of 8 for evacuation
[2020-12-28T21:34:19.094-0500][gc,phases      ] GC(23942)   Pre Evacuate Collection Set: 0.0ms
[2020-12-28T21:34:19.094-0500][gc,phases      ] GC(23942)   Evacuate Collection Set: 3.4ms
[2020-12-28T21:34:19.094-0500][gc,phases      ] GC(23942)   Post Evacuate Collection Set: 30.7ms
[2020-12-28T21:34:19.094-0500][gc,phases      ] GC(23942)   Other: 0.6ms
[2020-12-28T21:34:19.094-0500][gc,heap        ] GC(23942) Eden regions: 10->0(9)
[2020-12-28T21:34:19.094-0500][gc,heap        ] GC(23942) Survivor regions: 0->1(2)
[2020-12-28T21:34:19.094-0500][gc,heap        ] GC(23942) Old regions: 41->41
[2020-12-28T21:34:19.094-0500][gc,heap        ] GC(23942) Humongous regions: 4->4
[2020-12-28T21:34:19.095-0500][gc,metaspace   ] GC(23942) Metaspace: 50313K->50313K(1093632K)
[2020-12-28T21:34:19.095-0500][gc,heap        ] GC(23942) Heap after GC invocations=23943 (full 5532): garbage-first heap   total 64512K, used 43398K [0x0000000083000000, 0x0000000100000000)
[2020-12-28T21:34:19.095-0500][gc,heap        ] GC(23942)   region size 1024K, 1 young (1024K), 1 survivors (1024K)
[2020-12-28T21:34:19.095-0500][gc,heap        ] GC(23942)  Metaspace       used 50313K, capacity 52468K, committed 53888K, reserved 1093632K
[2020-12-28T21:34:19.095-0500][gc,heap        ] GC(23942)   class space    used 7457K, capacity 8250K, committed 8832K, reserved 1048576K
[2020-12-28T21:34:19.095-0500][gc             ] GC(23942) Pause Young (Normal) (G1 Evacuation Pause) 52M->42M(63M) 34.626ms
[2020-12-28T21:34:19.095-0500][gc,cpu         ] GC(23942) User=0.23s Sys=0.00s Real=0.03s
[2020-12-28T21:36:39.060-0500][gc,heap        ] GC(23943) Heap before GC invocations=23943 (full 5532): garbage-first heap   total 64512K, used 52614K [0x0000000083000000, 0x0000000100000000)
[2020-12-28T21:36:39.061-0500][gc,heap        ] GC(23943)   region size 1024K, 10 young (10240K), 1 survivors (1024K)
[2020-12-28T21:36:39.061-0500][gc,heap        ] GC(23943)  Metaspace       used 50313K, capacity 52468K, committed 53888K, reserved 1093632K
[2020-12-28T21:36:39.061-0500][gc,heap        ] GC(23943)   class space    used 7457K, capacity 8250K, committed 8832K, reserved 1048576K
[2020-12-28T21:36:39.061-0500][gc,start       ] GC(23943) Pause Young (Normal) (G1 Evacuation Pause)
[2020-12-28T21:36:39.061-0500][gc,task        ] GC(23943) Using 8 workers of 8 for evacuation
[2020-12-28T21:36:39.068-0500][gc,phases      ] GC(23943)   Pre Evacuate Collection Set: 0.0ms
[2020-12-28T21:36:39.068-0500][gc,phases      ] GC(23943)   Evacuate Collection Set: 3.8ms
[2020-12-28T21:36:39.068-0500][gc,phases      ] GC(23943)   Post Evacuate Collection Set: 2.9ms
[2020-12-28T21:36:39.068-0500][gc,phases      ] GC(23943)   Other: 0.7ms
[2020-12-28T21:36:39.068-0500][gc,heap        ] GC(23943) Eden regions: 9->0(9)
[2020-12-28T21:36:39.068-0500][gc,heap        ] GC(23943) Survivor regions: 1->1(2)
[2020-12-28T21:36:39.068-0500][gc,heap        ] GC(23943) Old regions: 41->41
[2020-12-28T21:36:39.068-0500][gc,heap        ] GC(23943) Humongous regions: 4->4
[2020-12-28T21:36:39.068-0500][gc,metaspace   ] GC(23943) Metaspace: 50313K->50313K(1093632K)
[2020-12-28T21:36:39.068-0500][gc,heap        ] GC(23943) Heap after GC invocations=23944 (full 5532): garbage-first heap   total 64512K, used 43392K [0x0000000083000000, 0x0000000100000000)
[2020-12-28T21:36:39.068-0500][gc,heap        ] GC(23943)   region size 1024K, 1 young (1024K), 1 survivors (1024K)
[2020-12-28T21:36:39.068-0500][gc,heap        ] GC(23943)  Metaspace       used 50313K, capacity 52468K, committed 53888K, reserved 1093632K
[2020-12-28T21:36:39.068-0500][gc,heap        ] GC(23943)   class space    used 7457K, capacity 8250K, committed 8832K, reserved 1048576K
[2020-12-28T21:36:39.068-0500][gc             ] GC(23943) Pause Young (Normal) (G1 Evacuation Pause) 51M->42M(63M) 7.564ms
[2020-12-28T21:36:39.069-0500][gc,cpu         ] GC(23943) User=0.02s Sys=0.00s Real=0.01s
[2020-12-28T21:36:45.191-0500][gc,task        ] GC(23944) Using 5 workers of 8 for full compaction
[2020-12-28T21:36:45.191-0500][gc,start       ] GC(23944) Pause Full (System.gc())
[2020-12-28T21:36:45.191-0500][gc,heap        ] GC(23944) Heap before GC invocations=23944 (full 5532): garbage-first heap   total 64512K, used 43392K [0x0000000083000000, 0x0000000100000000)
[2020-12-28T21:36:45.191-0500][gc,heap        ] GC(23944)   region size 1024K, 2 young (2048K), 1 survivors (1024K)
[2020-12-28T21:36:45.191-0500][gc,heap        ] GC(23944)  Metaspace       used 50313K, capacity 52468K, committed 53888K, reserved 1093632K
[2020-12-28T21:36:45.191-0500][gc,heap        ] GC(23944)   class space    used 7457K, capacity 8250K, committed 8832K, reserved 1048576K
[2020-12-28T21:36:45.192-0500][gc,phases,start] GC(23944) Phase 1: Mark live objects
[2020-12-28T21:36:45.215-0500][gc,stringtable ] GC(23944) Cleaned string and symbol table, strings: 33320 processed, 4 removed, symbols: 120973 processed, 0 removed
[2020-12-28T21:36:45.215-0500][gc,phases      ] GC(23944) Phase 1: Mark live objects 23.727ms
[2020-12-28T21:36:45.215-0500][gc,phases,start] GC(23944) Phase 2: Prepare for compaction
[2020-12-28T21:36:45.219-0500][gc,phases      ] GC(23944) Phase 2: Prepare for compaction 3.188ms
[2020-12-28T21:36:45.219-0500][gc,phases,start] GC(23944) Phase 3: Adjust pointers
[2020-12-28T21:36:45.230-0500][gc,phases      ] GC(23944) Phase 3: Adjust pointers 10.951ms
[2020-12-28T21:36:45.230-0500][gc,phases,start] GC(23944) Phase 4: Compact heap
[2020-12-28T21:36:45.233-0500][gc,phases      ] GC(23944) Phase 4: Compact heap 2.976ms
[2020-12-28T21:36:45.237-0500][gc,heap        ] GC(23944) Eden regions: 1->0(10)
[2020-12-28T21:36:45.237-0500][gc,heap        ] GC(23944) Survivor regions: 1->0(2)
[2020-12-28T21:36:45.237-0500][gc,heap        ] GC(23944) Old regions: 41->41
[2020-12-28T21:36:45.237-0500][gc,heap        ] GC(23944) Humongous regions: 4->4
[2020-12-28T21:36:45.237-0500][gc,metaspace   ] GC(23944) Metaspace: 50313K->50313K(1093632K)
[2020-12-28T21:36:45.237-0500][gc,heap        ] GC(23944) Heap after GC invocations=23945 (full 5533): garbage-first heap   total 64512K, used 43311K [0x0000000083000000, 0x0000000100000000)
[2020-12-28T21:36:45.237-0500][gc,heap        ] GC(23944)   region size 1024K, 0 young (0K), 0 survivors (0K)
[2020-12-28T21:36:45.237-0500][gc,heap        ] GC(23944)  Metaspace       used 50313K, capacity 52468K, committed 53888K, reserved 1093632K
[2020-12-28T21:36:45.237-0500][gc,heap        ] GC(23944)   class space    used 7457K, capacity 8250K, committed 8832K, reserved 1048576K
[2020-12-28T21:36:45.237-0500][gc             ] GC(23944) Pause Full (System.gc()) 42M->42M(63M) 45.539ms
[2020-12-28T21:36:45.237-0500][gc,cpu         ] GC(23944) User=0.19s Sys=0.00s Real=0.04s
[2020-12-28T21:39:05.137-0500][gc,heap        ] GC(23945) Heap before GC invocations=23945 (full 5533): garbage-first heap   total 64512K, used 53551K [0x0000000083000000, 0x0000000100000000)
[2020-12-28T21:39:05.137-0500][gc,heap        ] GC(23945)   region size 1024K, 10 young (10240K), 0 survivors (0K)
[2020-12-28T21:39:05.137-0500][gc,heap        ] GC(23945)  Metaspace       used 50313K, capacity 52468K, committed 53888K, reserved 1093632K
[2020-12-28T21:39:05.137-0500][gc,heap        ] GC(23945)   class space    used 7457K, capacity 8250K, committed 8832K, reserved 1048576K
[2020-12-28T21:39:05.137-0500][gc,start       ] GC(23945) Pause Young (Normal) (G1 Evacuation Pause)
[2020-12-28T21:39:05.137-0500][gc,task        ] GC(23945) Using 8 workers of 8 for evacuation
[2020-12-28T21:39:05.140-0500][gc,phases      ] GC(23945)   Pre Evacuate Collection Set: 0.0ms
[2020-12-28T21:39:05.140-0500][gc,phases      ] GC(23945)   Evacuate Collection Set: 0.8ms
[2020-12-28T21:39:05.140-0500][gc,phases      ] GC(23945)   Post Evacuate Collection Set: 2.1ms
[2020-12-28T21:39:05.140-0500][gc,phases      ] GC(23945)   Other: 0.4ms
[2020-12-28T21:39:05.140-0500][gc,heap        ] GC(23945) Eden regions: 10->0(9)
[2020-12-28T21:39:05.140-0500][gc,heap        ] GC(23945) Survivor regions: 0->1(2)
[2020-12-28T21:39:05.140-0500][gc,heap        ] GC(23945) Old regions: 41->41
[2020-12-28T21:39:05.140-0500][gc,heap        ] GC(23945) Humongous regions: 4->4
[2020-12-28T21:39:05.140-0500][gc,metaspace   ] GC(23945) Metaspace: 50313K->50313K(1093632K)
[2020-12-28T21:39:05.140-0500][gc,heap        ] GC(23945) Heap after GC invocations=23946 (full 5533): garbage-first heap   total 64512K, used 43394K [0x0000000083000000, 0x0000000100000000)
[2020-12-28T21:39:05.140-0500][gc,heap        ] GC(23945)   region size 1024K, 1 young (1024K), 1 survivors (1024K)
[2020-12-28T21:39:05.140-0500][gc,heap        ] GC(23945)  Metaspace       used 50313K, capacity 52468K, committed 53888K, reserved 1093632K
[2020-12-28T21:39:05.140-0500][gc,heap        ] GC(23945)   class space    used 7457K, capacity 8250K, committed 8832K, reserved 1048576K
[2020-12-28T21:39:05.140-0500][gc             ] GC(23945) Pause Young (Normal) (G1 Evacuation Pause) 52M->42M(63M) 3.424ms
[2020-12-28T21:39:05.140-0500][gc,cpu         ] GC(23945) User=0.01s Sys=0.00s Real=0.01s
[2020-12-28T21:41:19.060-0500][gc,heap        ] GC(23946) Heap before GC invocations=23946 (full 5533): garbage-first heap   total 64512K, used 52610K [0x0000000083000000, 0x0000000100000000)
[2020-12-28T21:41:19.060-0500][gc,heap        ] GC(23946)   region size 1024K, 10 young (10240K), 1 survivors (1024K)
[2020-12-28T21:41:19.060-0500][gc,heap        ] GC(23946)  Metaspace       used 50313K, capacity 52468K, committed 53888K, reserved 1093632K
[2020-12-28T21:41:19.060-0500][gc,heap        ] GC(23946)   class space    used 7457K, capacity 8250K, committed 8832K, reserved 1048576K
[2020-12-28T21:41:19.061-0500][gc,start       ] GC(23946) Pause Young (Normal) (G1 Evacuation Pause)
[2020-12-28T21:41:19.061-0500][gc,task        ] GC(23946) Using 8 workers of 8 for evacuation
[2020-12-28T21:41:19.065-0500][gc,phases      ] GC(23946)   Pre Evacuate Collection Set: 0.0ms
[2020-12-28T21:41:19.065-0500][gc,phases      ] GC(23946)   Evacuate Collection Set: 1.4ms
[2020-12-28T21:41:19.065-0500][gc,phases      ] GC(23946)   Post Evacuate Collection Set: 2.6ms
[2020-12-28T21:41:19.065-0500][gc,phases      ] GC(23946)   Other: 0.7ms
[2020-12-28T21:41:19.065-0500][gc,heap        ] GC(23946) Eden regions: 9->0(9)
[2020-12-28T21:41:19.065-0500][gc,heap        ] GC(23946) Survivor regions: 1->1(2)
[2020-12-28T21:41:19.065-0500][gc,heap        ] GC(23946) Old regions: 41->41
[2020-12-28T21:41:19.065-0500][gc,heap        ] GC(23946) Humongous regions: 4->4
[2020-12-28T21:41:19.065-0500][gc,metaspace   ] GC(23946) Metaspace: 50313K->50313K(1093632K)
[2020-12-28T21:41:19.065-0500][gc,heap        ] GC(23946) Heap after GC invocations=23947 (full 5533): garbage-first heap   total 64512K, used 43406K [0x0000000083000000, 0x0000000100000000)
[2020-12-28T21:41:19.065-0500][gc,heap        ] GC(23946)   region size 1024K, 1 young (1024K), 1 survivors (1024K)
[2020-12-28T21:41:19.065-0500][gc,heap        ] GC(23946)  Metaspace       used 50313K, capacity 52468K, committed 53888K, reserved 1093632K
[2020-12-28T21:41:19.065-0500][gc,heap        ] GC(23946)   class space    used 7457K, capacity 8250K, committed 8832K, reserved 1048576K
[2020-12-28T21:41:19.066-0500][gc             ] GC(23946) Pause Young (Normal) (G1 Evacuation Pause) 51M->42M(63M) 5.007ms
[2020-12-28T21:41:19.066-0500][gc,cpu         ] GC(23946) User=0.00s Sys=0.01s Real=0.00s
[2020-12-28T21:41:45.190-0500][gc,task        ] GC(23947) Using 5 workers of 8 for full compaction
[2020-12-28T21:41:45.190-0500][gc,start       ] GC(23947) Pause Full (System.gc())
[2020-12-28T21:41:45.190-0500][gc,heap        ] GC(23947) Heap before GC invocations=23947 (full 5533): garbage-first heap   total 64512K, used 43406K [0x0000000083000000, 0x0000000100000000)
[2020-12-28T21:41:45.190-0500][gc,heap        ] GC(23947)   region size 1024K, 3 young (3072K), 1 survivors (1024K)
[2020-12-28T21:41:45.190-0500][gc,heap        ] GC(23947)  Metaspace       used 50313K, capacity 52468K, committed 53888K, reserved 1093632K
[2020-12-28T21:41:45.190-0500][gc,heap        ] GC(23947)   class space    used 7457K, capacity 8250K, committed 8832K, reserved 1048576K
[2020-12-28T21:41:45.191-0500][gc,phases,start] GC(23947) Phase 1: Mark live objects
[2020-12-28T21:41:45.227-0500][gc,stringtable ] GC(23947) Cleaned string and symbol table, strings: 33320 processed, 4 removed, symbols: 120973 processed, 0 removed
[2020-12-28T21:41:45.227-0500][gc,phases      ] GC(23947) Phase 1: Mark live objects 36.154ms
[2020-12-28T21:41:45.227-0500][gc,phases,start] GC(23947) Phase 2: Prepare for compaction
[2020-12-28T21:41:45.231-0500][gc,phases      ] GC(23947) Phase 2: Prepare for compaction 3.895ms
[2020-12-28T21:41:45.231-0500][gc,phases,start] GC(23947) Phase 3: Adjust pointers
[2020-12-28T21:41:45.241-0500][gc,phases      ] GC(23947) Phase 3: Adjust pointers 10.073ms
[2020-12-28T21:41:45.241-0500][gc,phases,start] GC(23947) Phase 4: Compact heap
[2020-12-28T21:41:45.244-0500][gc,phases      ] GC(23947) Phase 4: Compact heap 2.440ms
[2020-12-28T21:41:45.248-0500][gc,heap        ] GC(23947) Eden regions: 2->0(10)
[2020-12-28T21:41:45.248-0500][gc,heap        ] GC(23947) Survivor regions: 1->0(2)
[2020-12-28T21:41:45.248-0500][gc,heap        ] GC(23947) Old regions: 41->41
[2020-12-28T21:41:45.248-0500][gc,heap        ] GC(23947) Humongous regions: 4->4
[2020-12-28T21:41:45.248-0500][gc,metaspace   ] GC(23947) Metaspace: 50313K->50313K(1093632K)
[2020-12-28T21:41:45.248-0500][gc,heap        ] GC(23947) Heap after GC invocations=23948 (full 5534): garbage-first heap   total 64512K, used 43313K [0x0000000083000000, 0x0000000100000000)
[2020-12-28T21:41:45.248-0500][gc,heap        ] GC(23947)   region size 1024K, 0 young (0K), 0 survivors (0K)
[2020-12-28T21:41:45.248-0500][gc,heap        ] GC(23947)  Metaspace       used 50313K, capacity 52468K, committed 53888K, reserved 1093632K
[2020-12-28T21:41:45.248-0500][gc,heap        ] GC(23947)   class space    used 7457K, capacity 8250K, committed 8832K, reserved 1048576K
[2020-12-28T21:41:45.248-0500][gc             ] GC(23947) Pause Full (System.gc()) 44M->42M(63M) 57.597ms
[2020-12-28T21:41:45.248-0500][gc,cpu         ] GC(23947) User=0.25s Sys=0.00s Real=0.06s
[2020-12-28T21:44:09.068-0500][gc,heap        ] GC(23948) Heap before GC invocations=23948 (full 5534): garbage-first heap   total 64512K, used 52529K [0x0000000083000000, 0x0000000100000000)
[2020-12-28T21:44:09.068-0500][gc,heap        ] GC(23948)   region size 1024K, 10 young (10240K), 0 survivors (0K)
[2020-12-28T21:44:09.068-0500][gc,heap        ] GC(23948)  Metaspace       used 50313K, capacity 52468K, committed 53888K, reserved 1093632K
[2020-12-28T21:44:09.068-0500][gc,heap        ] GC(23948)   class space    used 7457K, capacity 8250K, committed 8832K, reserved 1048576K
[2020-12-28T21:44:09.068-0500][gc,start       ] GC(23948) Pause Young (Normal) (G1 Evacuation Pause)
[2020-12-28T21:44:09.068-0500][gc,task        ] GC(23948) Using 8 workers of 8 for evacuation
[2020-12-28T21:44:09.076-0500][gc,phases      ] GC(23948)   Pre Evacuate Collection Set: 0.0ms
[2020-12-28T21:44:09.076-0500][gc,phases      ] GC(23948)   Evacuate Collection Set: 1.5ms
[2020-12-28T21:44:09.076-0500][gc,phases      ] GC(23948)   Post Evacuate Collection Set: 6.3ms
[2020-12-28T21:44:09.076-0500][gc,phases      ] GC(23948)   Other: 0.5ms
[2020-12-28T21:44:09.076-0500][gc,heap        ] GC(23948) Eden regions: 10->0(9)
[2020-12-28T21:44:09.076-0500][gc,heap        ] GC(23948) Survivor regions: 0->1(2)
[2020-12-28T21:44:09.076-0500][gc,heap        ] GC(23948) Old regions: 41->41
[2020-12-28T21:44:09.076-0500][gc,heap        ] GC(23948) Humongous regions: 4->4
[2020-12-28T21:44:09.076-0500][gc,metaspace   ] GC(23948) Metaspace: 50313K->50313K(1093632K)
[2020-12-28T21:44:09.076-0500][gc,heap        ] GC(23948) Heap after GC invocations=23949 (full 5534): garbage-first heap   total 64512K, used 43388K [0x0000000083000000, 0x0000000100000000)
[2020-12-28T21:44:09.076-0500][gc,heap        ] GC(23948)   region size 1024K, 1 young (1024K), 1 survivors (1024K)
[2020-12-28T21:44:09.076-0500][gc,heap        ] GC(23948)  Metaspace       used 50313K, capacity 52468K, committed 53888K, reserved 1093632K
[2020-12-28T21:44:09.076-0500][gc,heap        ] GC(23948)   class space    used 7457K, capacity 8250K, committed 8832K, reserved 1048576K
[2020-12-28T21:44:09.077-0500][gc             ] GC(23948) Pause Young (Normal) (G1 Evacuation Pause) 52M->42M(63M) 8.825ms
[2020-12-28T21:44:09.077-0500][gc,cpu         ] GC(23948) User=0.02s Sys=0.01s Real=0.01s
[2020-12-28T21:46:29.059-0500][gc,heap        ] GC(23949) Heap before GC invocations=23949 (full 5534): garbage-first heap   total 64512K, used 51580K [0x0000000083000000, 0x0000000100000000)
[2020-12-28T21:46:29.059-0500][gc,heap        ] GC(23949)   region size 1024K, 10 young (10240K), 1 survivors (1024K)
[2020-12-28T21:46:29.059-0500][gc,heap        ] GC(23949)  Metaspace       used 50313K, capacity 52468K, committed 53888K, reserved 1093632K
[2020-12-28T21:46:29.059-0500][gc,heap        ] GC(23949)   class space    used 7457K, capacity 8250K, committed 8832K, reserved 1048576K
[2020-12-28T21:46:29.059-0500][gc,start       ] GC(23949) Pause Young (Normal) (G1 Evacuation Pause)
[2020-12-28T21:46:29.059-0500][gc,task        ] GC(23949) Using 8 workers of 8 for evacuation
[2020-12-28T21:46:29.061-0500][gc,phases      ] GC(23949)   Pre Evacuate Collection Set: 0.0ms
[2020-12-28T21:46:29.061-0500][gc,phases      ] GC(23949)   Evacuate Collection Set: 0.9ms
[2020-12-28T21:46:29.061-0500][gc,phases      ] GC(23949)   Post Evacuate Collection Set: 0.9ms
[2020-12-28T21:46:29.061-0500][gc,phases      ] GC(23949)   Other: 0.2ms
[2020-12-28T21:46:29.061-0500][gc,heap        ] GC(23949) Eden regions: 9->0(9)
[2020-12-28T21:46:29.061-0500][gc,heap        ] GC(23949) Survivor regions: 1->1(2)
[2020-12-28T21:46:29.061-0500][gc,heap        ] GC(23949) Old regions: 41->41
[2020-12-28T21:46:29.061-0500][gc,heap        ] GC(23949) Humongous regions: 4->4
[2020-12-28T21:46:29.061-0500][gc,metaspace   ] GC(23949) Metaspace: 50313K->50313K(1093632K)
[2020-12-28T21:46:29.061-0500][gc,heap        ] GC(23949) Heap after GC invocations=23950 (full 5534): garbage-first heap   total 64512K, used 43379K [0x0000000083000000, 0x0000000100000000)
[2020-12-28T21:46:29.061-0500][gc,heap        ] GC(23949)   region size 1024K, 1 young (1024K), 1 survivors (1024K)
[2020-12-28T21:46:29.062-0500][gc,heap        ] GC(23949)  Metaspace       used 50313K, capacity 52468K, committed 53888K, reserved 1093632K
[2020-12-28T21:46:29.062-0500][gc,heap        ] GC(23949)   class space    used 7457K, capacity 8250K, committed 8832K, reserved 1048576K
[2020-12-28T21:46:29.062-0500][gc             ] GC(23949) Pause Young (Normal) (G1 Evacuation Pause) 51M->42M(63M) 2.101ms
[2020-12-28T21:46:29.062-0500][gc,cpu         ] GC(23949) User=0.01s Sys=0.00s Real=0.00s
[2020-12-28T21:46:45.189-0500][gc,task        ] GC(23950) Using 5 workers of 8 for full compaction
[2020-12-28T21:46:45.189-0500][gc,start       ] GC(23950) Pause Full (System.gc())
[2020-12-28T21:46:45.189-0500][gc,heap        ] GC(23950) Heap before GC invocations=23950 (full 5534): garbage-first heap   total 64512K, used 44403K [0x0000000083000000, 0x0000000100000000)
[2020-12-28T21:46:45.189-0500][gc,heap        ] GC(23950)   region size 1024K, 3 young (3072K), 1 survivors (1024K)
[2020-12-28T21:46:45.189-0500][gc,heap        ] GC(23950)  Metaspace       used 50313K, capacity 52468K, committed 53888K, reserved 1093632K
[2020-12-28T21:46:45.189-0500][gc,heap        ] GC(23950)   class space    used 7457K, capacity 8250K, committed 8832K, reserved 1048576K
[2020-12-28T21:46:45.189-0500][gc,phases,start] GC(23950) Phase 1: Mark live objects
[2020-12-28T21:46:45.227-0500][gc,stringtable ] GC(23950) Cleaned string and symbol table, strings: 33320 processed, 4 removed, symbols: 120973 processed, 0 removed
[2020-12-28T21:46:45.227-0500][gc,phases      ] GC(23950) Phase 1: Mark live objects 37.787ms
[2020-12-28T21:46:45.227-0500][gc,phases,start] GC(23950) Phase 2: Prepare for compaction
[2020-12-28T21:46:45.232-0500][gc,phases      ] GC(23950) Phase 2: Prepare for compaction 4.286ms
[2020-12-28T21:46:45.232-0500][gc,phases,start] GC(23950) Phase 3: Adjust pointers
[2020-12-28T21:46:45.244-0500][gc,phases      ] GC(23950) Phase 3: Adjust pointers 12.202ms
[2020-12-28T21:46:45.244-0500][gc,phases,start] GC(23950) Phase 4: Compact heap
[2020-12-28T21:46:45.247-0500][gc,phases      ] GC(23950) Phase 4: Compact heap 2.750ms
[2020-12-28T21:46:45.251-0500][gc,heap        ] GC(23950) Eden regions: 2->0(10)
[2020-12-28T21:46:45.251-0500][gc,heap        ] GC(23950) Survivor regions: 1->0(2)
[2020-12-28T21:46:45.251-0500][gc,heap        ] GC(23950) Old regions: 41->41
[2020-12-28T21:46:45.251-0500][gc,heap        ] GC(23950) Humongous regions: 4->4
[2020-12-28T21:46:45.251-0500][gc,metaspace   ] GC(23950) Metaspace: 50313K->50313K(1093632K)
[2020-12-28T21:46:45.251-0500][gc,heap        ] GC(23950) Heap after GC invocations=23951 (full 5535): garbage-first heap   total 64512K, used 43311K [0x0000000083000000, 0x0000000100000000)
[2020-12-28T21:46:45.251-0500][gc,heap        ] GC(23950)   region size 1024K, 0 young (0K), 0 survivors (0K)
[2020-12-28T21:46:45.251-0500][gc,heap        ] GC(23950)  Metaspace       used 50313K, capacity 52468K, committed 53888K, reserved 1093632K
[2020-12-28T21:46:45.251-0500][gc,heap        ] GC(23950)   class space    used 7457K, capacity 8250K, committed 8832K, reserved 1048576K
[2020-12-28T21:46:45.251-0500][gc             ] GC(23950) Pause Full (System.gc()) 43M->42M(63M) 62.085ms
[2020-12-28T21:46:45.251-0500][gc,cpu         ] GC(23950) User=0.26s Sys=0.00s Real=0.06s
[2020-12-28T21:49:10.173-0500][gc,heap        ] GC(23951) Heap before GC invocations=23951 (full 5535): garbage-first heap   total 64512K, used 52527K [0x0000000083000000, 0x0000000100000000)
[2020-12-28T21:49:10.173-0500][gc,heap        ] GC(23951)   region size 1024K, 10 young (10240K), 0 survivors (0K)
[2020-12-28T21:49:10.173-0500][gc,heap        ] GC(23951)  Metaspace       used 50313K, capacity 52468K, committed 53888K, reserved 1093632K
[2020-12-28T21:49:10.173-0500][gc,heap        ] GC(23951)   class space    used 7457K, capacity 8250K, committed 8832K, reserved 1048576K
[2020-12-28T21:49:10.173-0500][gc,start       ] GC(23951) Pause Young (Normal) (G1 Evacuation Pause)
[2020-12-28T21:49:10.173-0500][gc,task        ] GC(23951) Using 8 workers of 8 for evacuation
[2020-12-28T21:49:10.179-0500][gc,phases      ] GC(23951)   Pre Evacuate Collection Set: 0.0ms
[2020-12-28T21:49:10.179-0500][gc,phases      ] GC(23951)   Evacuate Collection Set: 1.8ms
[2020-12-28T21:49:10.179-0500][gc,phases      ] GC(23951)   Post Evacuate Collection Set: 4.1ms
[2020-12-28T21:49:10.180-0500][gc,phases      ] GC(23951)   Other: 0.5ms
[2020-12-28T21:49:10.180-0500][gc,heap        ] GC(23951) Eden regions: 10->0(9)
[2020-12-28T21:49:10.180-0500][gc,heap        ] GC(23951) Survivor regions: 0->1(2)
[2020-12-28T21:49:10.180-0500][gc,heap        ] GC(23951) Old regions: 41->41
[2020-12-28T21:49:10.180-0500][gc,heap        ] GC(23951) Humongous regions: 4->4
[2020-12-28T21:49:10.180-0500][gc,metaspace   ] GC(23951) Metaspace: 50313K->50313K(1093632K)
[2020-12-28T21:49:10.180-0500][gc,heap        ] GC(23951) Heap after GC invocations=23952 (full 5535): garbage-first heap   total 64512K, used 43378K [0x0000000083000000, 0x0000000100000000)
[2020-12-28T21:49:10.180-0500][gc,heap        ] GC(23951)   region size 1024K, 1 young (1024K), 1 survivors (1024K)
[2020-12-28T21:49:10.180-0500][gc,heap        ] GC(23951)  Metaspace       used 50313K, capacity 52468K, committed 53888K, reserved 1093632K
[2020-12-28T21:49:10.180-0500][gc,heap        ] GC(23951)   class space    used 7457K, capacity 8250K, committed 8832K, reserved 1048576K
[2020-12-28T21:49:10.180-0500][gc             ] GC(23951) Pause Young (Normal) (G1 Evacuation Pause) 52M->42M(63M) 6.650ms
[2020-12-28T21:49:10.180-0500][gc,cpu         ] GC(23951) User=0.01s Sys=0.02s Real=0.01s
[2020-12-28T21:51:29.067-0500][gc,heap        ] GC(23952) Heap before GC invocations=23952 (full 5535): garbage-first heap   total 64512K, used 51570K [0x0000000083000000, 0x0000000100000000)
[2020-12-28T21:51:29.067-0500][gc,heap        ] GC(23952)   region size 1024K, 10 young (10240K), 1 survivors (1024K)
[2020-12-28T21:51:29.067-0500][gc,heap        ] GC(23952)  Metaspace       used 50313K, capacity 52468K, committed 53888K, reserved 1093632K
[2020-12-28T21:51:29.067-0500][gc,heap        ] GC(23952)   class space    used 7457K, capacity 8250K, committed 8832K, reserved 1048576K
[2020-12-28T21:51:29.067-0500][gc,start       ] GC(23952) Pause Young (Normal) (G1 Evacuation Pause)
[2020-12-28T21:51:29.067-0500][gc,task        ] GC(23952) Using 8 workers of 8 for evacuation
[2020-12-28T21:51:29.076-0500][gc,phases      ] GC(23952)   Pre Evacuate Collection Set: 0.0ms
[2020-12-28T21:51:29.076-0500][gc,phases      ] GC(23952)   Evacuate Collection Set: 2.2ms
[2020-12-28T21:51:29.076-0500][gc,phases      ] GC(23952)   Post Evacuate Collection Set: 6.3ms
[2020-12-28T21:51:29.076-0500][gc,phases      ] GC(23952)   Other: 0.5ms
[2020-12-28T21:51:29.076-0500][gc,heap        ] GC(23952) Eden regions: 9->0(9)
[2020-12-28T21:51:29.076-0500][gc,heap        ] GC(23952) Survivor regions: 1->1(2)
[2020-12-28T21:51:29.076-0500][gc,heap        ] GC(23952) Old regions: 41->41
[2020-12-28T21:51:29.076-0500][gc,heap        ] GC(23952) Humongous regions: 4->4
[2020-12-28T21:51:29.076-0500][gc,metaspace   ] GC(23952) Metaspace: 50313K->50313K(1093632K)
[2020-12-28T21:51:29.076-0500][gc,heap        ] GC(23952) Heap after GC invocations=23953 (full 5535): garbage-first heap   total 64512K, used 43373K [0x0000000083000000, 0x0000000100000000)
[2020-12-28T21:51:29.076-0500][gc,heap        ] GC(23952)   region size 1024K, 1 young (1024K), 1 survivors (1024K)
[2020-12-28T21:51:29.076-0500][gc,heap        ] GC(23952)  Metaspace       used 50313K, capacity 52468K, committed 53888K, reserved 1093632K
[2020-12-28T21:51:29.076-0500][gc,heap        ] GC(23952)   class space    used 7457K, capacity 8250K, committed 8832K, reserved 1048576K
[2020-12-28T21:51:29.076-0500][gc             ] GC(23952) Pause Young (Normal) (G1 Evacuation Pause) 51M->42M(63M) 9.263ms
[2020-12-28T21:51:29.077-0500][gc,cpu         ] GC(23952) User=0.03s Sys=0.00s Real=0.01s
[2020-12-28T21:51:45.191-0500][gc,task        ] GC(23953) Using 5 workers of 8 for full compaction
[2020-12-28T21:51:45.192-0500][gc,start       ] GC(23953) Pause Full (System.gc())
[2020-12-28T21:51:45.192-0500][gc,heap        ] GC(23953) Heap before GC invocations=23953 (full 5535): garbage-first heap   total 64512K, used 43373K [0x0000000083000000, 0x0000000100000000)
[2020-12-28T21:51:45.192-0500][gc,heap        ] GC(23953)   region size 1024K, 2 young (2048K), 1 survivors (1024K)
[2020-12-28T21:51:45.192-0500][gc,heap        ] GC(23953)  Metaspace       used 50313K, capacity 52468K, committed 53888K, reserved 1093632K
[2020-12-28T21:51:45.192-0500][gc,heap        ] GC(23953)   class space    used 7457K, capacity 8250K, committed 8832K, reserved 1048576K
[2020-12-28T21:51:45.192-0500][gc,phases,start] GC(23953) Phase 1: Mark live objects
[2020-12-28T21:51:45.235-0500][gc,stringtable ] GC(23953) Cleaned string and symbol table, strings: 33320 processed, 4 removed, symbols: 120973 processed, 0 removed
[2020-12-28T21:51:45.235-0500][gc,phases      ] GC(23953) Phase 1: Mark live objects 42.464ms
[2020-12-28T21:51:45.235-0500][gc,phases,start] GC(23953) Phase 2: Prepare for compaction
[2020-12-28T21:51:45.239-0500][gc,phases      ] GC(23953) Phase 2: Prepare for compaction 4.133ms
[2020-12-28T21:51:45.239-0500][gc,phases,start] GC(23953) Phase 3: Adjust pointers
[2020-12-28T21:51:45.250-0500][gc,phases      ] GC(23953) Phase 3: Adjust pointers 11.474ms
[2020-12-28T21:51:45.250-0500][gc,phases,start] GC(23953) Phase 4: Compact heap
[2020-12-28T21:51:45.253-0500][gc,phases      ] GC(23953) Phase 4: Compact heap 2.975ms
[2020-12-28T21:51:45.258-0500][gc,heap        ] GC(23953) Eden regions: 1->0(10)
[2020-12-28T21:51:45.258-0500][gc,heap        ] GC(23953) Survivor regions: 1->0(2)
[2020-12-28T21:51:45.258-0500][gc,heap        ] GC(23953) Old regions: 41->41
[2020-12-28T21:51:45.258-0500][gc,heap        ] GC(23953) Humongous regions: 4->4
[2020-12-28T21:51:45.258-0500][gc,metaspace   ] GC(23953) Metaspace: 50313K->50313K(1093632K)
[2020-12-28T21:51:45.258-0500][gc,heap        ] GC(23953) Heap after GC invocations=23954 (full 5536): garbage-first heap   total 64512K, used 43311K [0x0000000083000000, 0x0000000100000000)
[2020-12-28T21:51:45.258-0500][gc,heap        ] GC(23953)   region size 1024K, 0 young (0K), 0 survivors (0K)
[2020-12-28T21:51:45.258-0500][gc,heap        ] GC(23953)  Metaspace       used 50313K, capacity 52468K, committed 53888K, reserved 1093632K
[2020-12-28T21:51:45.258-0500][gc,heap        ] GC(23953)   class space    used 7457K, capacity 8250K, committed 8832K, reserved 1048576K
[2020-12-28T21:51:45.258-0500][gc             ] GC(23953) Pause Full (System.gc()) 43M->42M(63M) 66.842ms
[2020-12-28T21:51:45.259-0500][gc,cpu         ] GC(23953) User=0.28s Sys=0.00s Real=0.07s
[2020-12-28T21:54:18.908-0500][gc,heap        ] GC(23954) Heap before GC invocations=23954 (full 5536): garbage-first heap   total 64512K, used 52527K [0x0000000083000000, 0x0000000100000000)
[2020-12-28T21:54:18.908-0500][gc,heap        ] GC(23954)   region size 1024K, 10 young (10240K), 0 survivors (0K)
[2020-12-28T21:54:18.908-0500][gc,heap        ] GC(23954)  Metaspace       used 50313K, capacity 52468K, committed 53888K, reserved 1093632K
[2020-12-28T21:54:18.908-0500][gc,heap        ] GC(23954)   class space    used 7457K, capacity 8250K, committed 8832K, reserved 1048576K
[2020-12-28T21:54:18.908-0500][gc,start       ] GC(23954) Pause Young (Normal) (G1 Evacuation Pause)
[2020-12-28T21:54:18.908-0500][gc,task        ] GC(23954) Using 8 workers of 8 for evacuation
[2020-12-28T21:54:18.913-0500][gc,phases      ] GC(23954)   Pre Evacuate Collection Set: 0.0ms
[2020-12-28T21:54:18.913-0500][gc,phases      ] GC(23954)   Evacuate Collection Set: 1.6ms
[2020-12-28T21:54:18.913-0500][gc,phases      ] GC(23954)   Post Evacuate Collection Set: 2.8ms
[2020-12-28T21:54:18.913-0500][gc,phases      ] GC(23954)   Other: 0.5ms
[2020-12-28T21:54:18.913-0500][gc,heap        ] GC(23954) Eden regions: 10->0(9)
[2020-12-28T21:54:18.913-0500][gc,heap        ] GC(23954) Survivor regions: 0->1(2)
[2020-12-28T21:54:18.913-0500][gc,heap        ] GC(23954) Old regions: 41->41
[2020-12-28T21:54:18.913-0500][gc,heap        ] GC(23954) Humongous regions: 4->4
[2020-12-28T21:54:18.913-0500][gc,metaspace   ] GC(23954) Metaspace: 50313K->50313K(1093632K)
[2020-12-28T21:54:18.913-0500][gc,heap        ] GC(23954) Heap after GC invocations=23955 (full 5536): garbage-first heap   total 64512K, used 43373K [0x0000000083000000, 0x0000000100000000)
[2020-12-28T21:54:18.913-0500][gc,heap        ] GC(23954)   region size 1024K, 1 young (1024K), 1 survivors (1024K)
[2020-12-28T21:54:18.913-0500][gc,heap        ] GC(23954)  Metaspace       used 50313K, capacity 52468K, committed 53888K, reserved 1093632K
[2020-12-28T21:54:18.914-0500][gc,heap        ] GC(23954)   class space    used 7457K, capacity 8250K, committed 8832K, reserved 1048576K
[2020-12-28T21:54:18.914-0500][gc             ] GC(23954) Pause Young (Normal) (G1 Evacuation Pause) 52M->42M(63M) 6.221ms
[2020-12-28T21:54:18.915-0500][gc,cpu         ] GC(23954) User=0.01s Sys=0.01s Real=0.00s
[2020-12-28T21:56:29.066-0500][gc,heap        ] GC(23955) Heap before GC invocations=23955 (full 5536): garbage-first heap   total 64512K, used 51565K [0x0000000083000000, 0x0000000100000000)
[2020-12-28T21:56:29.066-0500][gc,heap        ] GC(23955)   region size 1024K, 10 young (10240K), 1 survivors (1024K)
[2020-12-28T21:56:29.066-0500][gc,heap        ] GC(23955)  Metaspace       used 50313K, capacity 52468K, committed 53888K, reserved 1093632K
[2020-12-28T21:56:29.066-0500][gc,heap        ] GC(23955)   class space    used 7457K, capacity 8250K, committed 8832K, reserved 1048576K
[2020-12-28T21:56:29.066-0500][gc,start       ] GC(23955) Pause Young (Normal) (G1 Evacuation Pause)
[2020-12-28T21:56:29.066-0500][gc,task        ] GC(23955) Using 8 workers of 8 for evacuation
[2020-12-28T21:56:29.071-0500][gc,phases      ] GC(23955)   Pre Evacuate Collection Set: 0.1ms
[2020-12-28T21:56:29.071-0500][gc,phases      ] GC(23955)   Evacuate Collection Set: 3.0ms
[2020-12-28T21:56:29.071-0500][gc,phases      ] GC(23955)   Post Evacuate Collection Set: 2.2ms
[2020-12-28T21:56:29.071-0500][gc,phases      ] GC(23955)   Other: 0.4ms
[2020-12-28T21:56:29.071-0500][gc,heap        ] GC(23955) Eden regions: 9->0(9)
[2020-12-28T21:56:29.071-0500][gc,heap        ] GC(23955) Survivor regions: 1->1(2)
[2020-12-28T21:56:29.071-0500][gc,heap        ] GC(23955) Old regions: 41->41
[2020-12-28T21:56:29.072-0500][gc,heap        ] GC(23955) Humongous regions: 4->4
[2020-12-28T21:56:29.072-0500][gc,metaspace   ] GC(23955) Metaspace: 50313K->50313K(1093632K)
[2020-12-28T21:56:29.072-0500][gc,heap        ] GC(23955) Heap after GC invocations=23956 (full 5536): garbage-first heap   total 64512K, used 43376K [0x0000000083000000, 0x0000000100000000)
[2020-12-28T21:56:29.072-0500][gc,heap        ] GC(23955)   region size 1024K, 1 young (1024K), 1 survivors (1024K)
[2020-12-28T21:56:29.072-0500][gc,heap        ] GC(23955)  Metaspace       used 50313K, capacity 52468K, committed 53888K, reserved 1093632K
[2020-12-28T21:56:29.072-0500][gc,heap        ] GC(23955)   class space    used 7457K, capacity 8250K, committed 8832K, reserved 1048576K
[2020-12-28T21:56:29.072-0500][gc             ] GC(23955) Pause Young (Normal) (G1 Evacuation Pause) 51M->42M(63M) 5.910ms
[2020-12-28T21:56:29.072-0500][gc,cpu         ] GC(23955) User=0.02s Sys=0.00s Real=0.01s
[2020-12-28T21:56:45.190-0500][gc,task        ] GC(23956) Using 5 workers of 8 for full compaction
[2020-12-28T21:56:45.191-0500][gc,start       ] GC(23956) Pause Full (System.gc())
[2020-12-28T21:56:45.191-0500][gc,heap        ] GC(23956) Heap before GC invocations=23956 (full 5536): garbage-first heap   total 64512K, used 44400K [0x0000000083000000, 0x0000000100000000)
[2020-12-28T21:56:45.191-0500][gc,heap        ] GC(23956)   region size 1024K, 3 young (3072K), 1 survivors (1024K)
[2020-12-28T21:56:45.191-0500][gc,heap        ] GC(23956)  Metaspace       used 50313K, capacity 52468K, committed 53888K, reserved 1093632K
[2020-12-28T21:56:45.191-0500][gc,heap        ] GC(23956)   class space    used 7457K, capacity 8250K, committed 8832K, reserved 1048576K
[2020-12-28T21:56:45.191-0500][gc,phases,start] GC(23956) Phase 1: Mark live objects
[2020-12-28T21:56:45.231-0500][gc,stringtable ] GC(23956) Cleaned string and symbol table, strings: 33320 processed, 4 removed, symbols: 120973 processed, 0 removed
[2020-12-28T21:56:45.231-0500][gc,phases      ] GC(23956) Phase 1: Mark live objects 39.502ms
[2020-12-28T21:56:45.231-0500][gc,phases,start] GC(23956) Phase 2: Prepare for compaction
[2020-12-28T21:56:45.234-0500][gc,phases      ] GC(23956) Phase 2: Prepare for compaction 3.066ms
[2020-12-28T21:56:45.234-0500][gc,phases,start] GC(23956) Phase 3: Adjust pointers
[2020-12-28T21:56:45.244-0500][gc,phases      ] GC(23956) Phase 3: Adjust pointers 10.047ms
[2020-12-28T21:56:45.244-0500][gc,phases,start] GC(23956) Phase 4: Compact heap
[2020-12-28T21:56:45.247-0500][gc,phases      ] GC(23956) Phase 4: Compact heap 2.597ms
[2020-12-28T21:56:45.251-0500][gc,heap        ] GC(23956) Eden regions: 2->0(10)
[2020-12-28T21:56:45.251-0500][gc,heap        ] GC(23956) Survivor regions: 1->0(2)
[2020-12-28T21:56:45.251-0500][gc,heap        ] GC(23956) Old regions: 41->41
[2020-12-28T21:56:45.251-0500][gc,heap        ] GC(23956) Humongous regions: 4->4
[2020-12-28T21:56:45.251-0500][gc,metaspace   ] GC(23956) Metaspace: 50313K->50313K(1093632K)
[2020-12-28T21:56:45.251-0500][gc,heap        ] GC(23956) Heap after GC invocations=23957 (full 5537): garbage-first heap   total 64512K, used 43316K [0x0000000083000000, 0x0000000100000000)
[2020-12-28T21:56:45.251-0500][gc,heap        ] GC(23956)   region size 1024K, 0 young (0K), 0 survivors (0K)
[2020-12-28T21:56:45.251-0500][gc,heap        ] GC(23956)  Metaspace       used 50313K, capacity 52468K, committed 53888K, reserved 1093632K
[2020-12-28T21:56:45.251-0500][gc,heap        ] GC(23956)   class space    used 7457K, capacity 8250K, committed 8832K, reserved 1048576K
[2020-12-28T21:56:45.251-0500][gc             ] GC(23956) Pause Full (System.gc()) 43M->42M(63M) 60.075ms
[2020-12-28T21:56:45.251-0500][gc,cpu         ] GC(23956) User=0.26s Sys=0.00s Real=0.06s
[2020-12-28T21:59:09.063-0500][gc,heap        ] GC(23957) Heap before GC invocations=23957 (full 5537): garbage-first heap   total 64512K, used 53556K [0x0000000083000000, 0x0000000100000000)
[2020-12-28T21:59:09.063-0500][gc,heap        ] GC(23957)   region size 1024K, 10 young (10240K), 0 survivors (0K)
[2020-12-28T21:59:09.063-0500][gc,heap        ] GC(23957)  Metaspace       used 50313K, capacity 52468K, committed 53888K, reserved 1093632K
[2020-12-28T21:59:09.064-0500][gc,heap        ] GC(23957)   class space    used 7457K, capacity 8250K, committed 8832K, reserved 1048576K
[2020-12-28T21:59:09.064-0500][gc,start       ] GC(23957) Pause Young (Normal) (G1 Evacuation Pause)
[2020-12-28T21:59:09.064-0500][gc,task        ] GC(23957) Using 8 workers of 8 for evacuation
[2020-12-28T21:59:09.070-0500][gc,phases      ] GC(23957)   Pre Evacuate Collection Set: 0.0ms
[2020-12-28T21:59:09.070-0500][gc,phases      ] GC(23957)   Evacuate Collection Set: 2.4ms
[2020-12-28T21:59:09.070-0500][gc,phases      ] GC(23957)   Post Evacuate Collection Set: 3.3ms
[2020-12-28T21:59:09.070-0500][gc,phases      ] GC(23957)   Other: 0.5ms
[2020-12-28T21:59:09.070-0500][gc,heap        ] GC(23957) Eden regions: 10->0(9)
[2020-12-28T21:59:09.070-0500][gc,heap        ] GC(23957) Survivor regions: 0->1(2)
[2020-12-28T21:59:09.070-0500][gc,heap        ] GC(23957) Old regions: 41->41
[2020-12-28T21:59:09.070-0500][gc,heap        ] GC(23957) Humongous regions: 4->4
[2020-12-28T21:59:09.070-0500][gc,metaspace   ] GC(23957) Metaspace: 50313K->50313K(1093632K)
[2020-12-28T21:59:09.070-0500][gc,heap        ] GC(23957) Heap after GC invocations=23958 (full 5537): garbage-first heap   total 64512K, used 43388K [0x0000000083000000, 0x0000000100000000)
[2020-12-28T21:59:09.070-0500][gc,heap        ] GC(23957)   region size 1024K, 1 young (1024K), 1 survivors (1024K)
[2020-12-28T21:59:09.070-0500][gc,heap        ] GC(23957)  Metaspace       used 50313K, capacity 52468K, committed 53888K, reserved 1093632K
[2020-12-28T21:59:09.070-0500][gc,heap        ] GC(23957)   class space    used 7457K, capacity 8250K, committed 8832K, reserved 1048576K
[2020-12-28T21:59:09.070-0500][gc             ] GC(23957) Pause Young (Normal) (G1 Evacuation Pause) 52M->42M(63M) 6.386ms
[2020-12-28T21:59:09.070-0500][gc,cpu         ] GC(23957) User=0.02s Sys=0.01s Real=0.01s
[2020-12-28T22:01:29.059-0500][gc,heap        ] GC(23958) Heap before GC invocations=23958 (full 5537): garbage-first heap   total 64512K, used 52604K [0x0000000083000000, 0x0000000100000000)
[2020-12-28T22:01:29.059-0500][gc,heap        ] GC(23958)   region size 1024K, 10 young (10240K), 1 survivors (1024K)
[2020-12-28T22:01:29.059-0500][gc,heap        ] GC(23958)  Metaspace       used 50313K, capacity 52468K, committed 53888K, reserved 1093632K
[2020-12-28T22:01:29.059-0500][gc,heap        ] GC(23958)   class space    used 7457K, capacity 8250K, committed 8832K, reserved 1048576K
[2020-12-28T22:01:29.059-0500][gc,start       ] GC(23958) Pause Young (Normal) (G1 Evacuation Pause)
[2020-12-28T22:01:29.059-0500][gc,task        ] GC(23958) Using 8 workers of 8 for evacuation
[2020-12-28T22:01:29.061-0500][gc,phases      ] GC(23958)   Pre Evacuate Collection Set: 0.0ms
[2020-12-28T22:01:29.061-0500][gc,phases      ] GC(23958)   Evacuate Collection Set: 0.5ms
[2020-12-28T22:01:29.061-0500][gc,phases      ] GC(23958)   Post Evacuate Collection Set: 1.1ms
[2020-12-28T22:01:29.061-0500][gc,phases      ] GC(23958)   Other: 0.3ms
[2020-12-28T22:01:29.061-0500][gc,heap        ] GC(23958) Eden regions: 9->0(9)
[2020-12-28T22:01:29.061-0500][gc,heap        ] GC(23958) Survivor regions: 1->1(2)
[2020-12-28T22:01:29.061-0500][gc,heap        ] GC(23958) Old regions: 41->41
[2020-12-28T22:01:29.061-0500][gc,heap        ] GC(23958) Humongous regions: 4->4
[2020-12-28T22:01:29.061-0500][gc,metaspace   ] GC(23958) Metaspace: 50313K->50313K(1093632K)
[2020-12-28T22:01:29.061-0500][gc,heap        ] GC(23958) Heap after GC invocations=23959 (full 5537): garbage-first heap   total 64512K, used 43375K [0x0000000083000000, 0x0000000100000000)
[2020-12-28T22:01:29.061-0500][gc,heap        ] GC(23958)   region size 1024K, 1 young (1024K), 1 survivors (1024K)
[2020-12-28T22:01:29.061-0500][gc,heap        ] GC(23958)  Metaspace       used 50313K, capacity 52468K, committed 53888K, reserved 1093632K
[2020-12-28T22:01:29.061-0500][gc,heap        ] GC(23958)   class space    used 7457K, capacity 8250K, committed 8832K, reserved 1048576K
[2020-12-28T22:01:29.061-0500][gc             ] GC(23958) Pause Young (Normal) (G1 Evacuation Pause) 51M->42M(63M) 1.800ms
[2020-12-28T22:01:29.061-0500][gc,cpu         ] GC(23958) User=0.00s Sys=0.00s Real=0.00s
[2020-12-28T22:01:45.191-0500][gc,task        ] GC(23959) Using 5 workers of 8 for full compaction
[2020-12-28T22:01:45.191-0500][gc,start       ] GC(23959) Pause Full (System.gc())
[2020-12-28T22:01:45.192-0500][gc,heap        ] GC(23959) Heap before GC invocations=23959 (full 5537): garbage-first heap   total 64512K, used 44399K [0x0000000083000000, 0x0000000100000000)
[2020-12-28T22:01:45.192-0500][gc,heap        ] GC(23959)   region size 1024K, 3 young (3072K), 1 survivors (1024K)
[2020-12-28T22:01:45.192-0500][gc,heap        ] GC(23959)  Metaspace       used 50313K, capacity 52468K, committed 53888K, reserved 1093632K
[2020-12-28T22:01:45.192-0500][gc,heap        ] GC(23959)   class space    used 7457K, capacity 8250K, committed 8832K, reserved 1048576K
[2020-12-28T22:01:45.192-0500][gc,phases,start] GC(23959) Phase 1: Mark live objects
[2020-12-28T22:01:45.235-0500][gc,stringtable ] GC(23959) Cleaned string and symbol table, strings: 33320 processed, 4 removed, symbols: 120973 processed, 0 removed
[2020-12-28T22:01:45.235-0500][gc,phases      ] GC(23959) Phase 1: Mark live objects 42.990ms
[2020-12-28T22:01:45.235-0500][gc,phases,start] GC(23959) Phase 2: Prepare for compaction
[2020-12-28T22:01:45.240-0500][gc,phases      ] GC(23959) Phase 2: Prepare for compaction 5.343ms
[2020-12-28T22:01:45.241-0500][gc,phases,start] GC(23959) Phase 3: Adjust pointers
[2020-12-28T22:01:45.253-0500][gc,phases      ] GC(23959) Phase 3: Adjust pointers 12.340ms
[2020-12-28T22:01:45.253-0500][gc,phases,start] GC(23959) Phase 4: Compact heap
[2020-12-28T22:01:45.255-0500][gc,phases      ] GC(23959) Phase 4: Compact heap 2.547ms
[2020-12-28T22:01:45.260-0500][gc,heap        ] GC(23959) Eden regions: 2->0(9)
[2020-12-28T22:01:45.260-0500][gc,heap        ] GC(23959) Survivor regions: 1->0(2)
[2020-12-28T22:01:45.260-0500][gc,heap        ] GC(23959) Old regions: 41->42
[2020-12-28T22:01:45.260-0500][gc,heap        ] GC(23959) Humongous regions: 4->4
[2020-12-28T22:01:45.260-0500][gc,metaspace   ] GC(23959) Metaspace: 50313K->50313K(1093632K)
[2020-12-28T22:01:45.260-0500][gc,heap        ] GC(23959) Heap after GC invocations=23960 (full 5538): garbage-first heap   total 64512K, used 43312K [0x0000000083000000, 0x0000000100000000)
[2020-12-28T22:01:45.260-0500][gc,heap        ] GC(23959)   region size 1024K, 0 young (0K), 0 survivors (0K)
[2020-12-28T22:01:45.260-0500][gc,heap        ] GC(23959)  Metaspace       used 50313K, capacity 52468K, committed 53888K, reserved 1093632K
[2020-12-28T22:01:45.260-0500][gc,heap        ] GC(23959)   class space    used 7457K, capacity 8250K, committed 8832K, reserved 1048576K
[2020-12-28T22:01:45.260-0500][gc             ] GC(23959) Pause Full (System.gc()) 43M->42M(63M) 68.348ms
[2020-12-28T22:01:45.260-0500][gc,cpu         ] GC(23959) User=0.27s Sys=0.00s Real=0.07s
[2020-12-28T22:03:59.064-0500][gc,heap        ] GC(23960) Heap before GC invocations=23960 (full 5538): garbage-first heap   total 64512K, used 51504K [0x0000000083000000, 0x0000000100000000)
[2020-12-28T22:03:59.064-0500][gc,heap        ] GC(23960)   region size 1024K, 9 young (9216K), 0 survivors (0K)
[2020-12-28T22:03:59.064-0500][gc,heap        ] GC(23960)  Metaspace       used 50313K, capacity 52468K, committed 53888K, reserved 1093632K
[2020-12-28T22:03:59.064-0500][gc,heap        ] GC(23960)   class space    used 7457K, capacity 8250K, committed 8832K, reserved 1048576K
[2020-12-28T22:03:59.064-0500][gc,start       ] GC(23960) Pause Young (Normal) (G1 Evacuation Pause)
[2020-12-28T22:03:59.064-0500][gc,task        ] GC(23960) Using 8 workers of 8 for evacuation
[2020-12-28T22:03:59.066-0500][gc,phases      ] GC(23960)   Pre Evacuate Collection Set: 0.0ms
[2020-12-28T22:03:59.066-0500][gc,phases      ] GC(23960)   Evacuate Collection Set: 0.8ms
[2020-12-28T22:03:59.066-0500][gc,phases      ] GC(23960)   Post Evacuate Collection Set: 1.4ms
[2020-12-28T22:03:59.066-0500][gc,phases      ] GC(23960)   Other: 0.3ms
[2020-12-28T22:03:59.066-0500][gc,heap        ] GC(23960) Eden regions: 9->0(8)
[2020-12-28T22:03:59.066-0500][gc,heap        ] GC(23960) Survivor regions: 0->1(2)
[2020-12-28T22:03:59.066-0500][gc,heap        ] GC(23960) Old regions: 42->42
[2020-12-28T22:03:59.066-0500][gc,heap        ] GC(23960) Humongous regions: 4->4
[2020-12-28T22:03:59.066-0500][gc,metaspace   ] GC(23960) Metaspace: 50313K->50313K(1093632K)
[2020-12-28T22:03:59.066-0500][gc,heap        ] GC(23960) Heap after GC invocations=23961 (full 5538): garbage-first heap   total 64512K, used 43398K [0x0000000083000000, 0x0000000100000000)
[2020-12-28T22:03:59.066-0500][gc,heap        ] GC(23960)   region size 1024K, 1 young (1024K), 1 survivors (1024K)
[2020-12-28T22:03:59.066-0500][gc,heap        ] GC(23960)  Metaspace       used 50313K, capacity 52468K, committed 53888K, reserved 1093632K
[2020-12-28T22:03:59.066-0500][gc,heap        ] GC(23960)   class space    used 7457K, capacity 8250K, committed 8832K, reserved 1048576K
[2020-12-28T22:03:59.066-0500][gc             ] GC(23960) Pause Young (Normal) (G1 Evacuation Pause) 51M->42M(63M) 2.625ms
[2020-12-28T22:03:59.066-0500][gc,cpu         ] GC(23960) User=0.01s Sys=0.00s Real=0.00s
[2020-12-28T22:05:59.068-0500][gc,heap        ] GC(23961) Heap before GC invocations=23961 (full 5538): garbage-first heap   total 64512K, used 51590K [0x0000000083000000, 0x0000000100000000)
[2020-12-28T22:05:59.068-0500][gc,heap        ] GC(23961)   region size 1024K, 9 young (9216K), 1 survivors (1024K)
[2020-12-28T22:05:59.068-0500][gc,heap        ] GC(23961)  Metaspace       used 50313K, capacity 52468K, committed 53888K, reserved 1093632K
[2020-12-28T22:05:59.068-0500][gc,heap        ] GC(23961)   class space    used 7457K, capacity 8250K, committed 8832K, reserved 1048576K
[2020-12-28T22:05:59.069-0500][gc,start       ] GC(23961) Pause Young (Normal) (G1 Evacuation Pause)
[2020-12-28T22:05:59.069-0500][gc,task        ] GC(23961) Using 8 workers of 8 for evacuation
[2020-12-28T22:05:59.073-0500][gc,phases      ] GC(23961)   Pre Evacuate Collection Set: 0.2ms
[2020-12-28T22:05:59.074-0500][gc,phases      ] GC(23961)   Evacuate Collection Set: 2.1ms
[2020-12-28T22:05:59.074-0500][gc,phases      ] GC(23961)   Post Evacuate Collection Set: 2.3ms
[2020-12-28T22:05:59.074-0500][gc,phases      ] GC(23961)   Other: 0.5ms
[2020-12-28T22:05:59.074-0500][gc,heap        ] GC(23961) Eden regions: 8->0(8)
[2020-12-28T22:05:59.074-0500][gc,heap        ] GC(23961) Survivor regions: 1->1(2)
[2020-12-28T22:05:59.074-0500][gc,heap        ] GC(23961) Old regions: 42->42
[2020-12-28T22:05:59.074-0500][gc,heap        ] GC(23961) Humongous regions: 4->4
[2020-12-28T22:05:59.074-0500][gc,metaspace   ] GC(23961) Metaspace: 50313K->50313K(1093632K)
[2020-12-28T22:05:59.074-0500][gc,heap        ] GC(23961) Heap after GC invocations=23962 (full 5538): garbage-first heap   total 64512K, used 43361K [0x0000000083000000, 0x0000000100000000)
[2020-12-28T22:05:59.074-0500][gc,heap        ] GC(23961)   region size 1024K, 1 young (1024K), 1 survivors (1024K)
[2020-12-28T22:05:59.074-0500][gc,heap        ] GC(23961)  Metaspace       used 50313K, capacity 52468K, committed 53888K, reserved 1093632K
[2020-12-28T22:05:59.074-0500][gc,heap        ] GC(23961)   class space    used 7457K, capacity 8250K, committed 8832K, reserved 1048576K
[2020-12-28T22:05:59.074-0500][gc             ] GC(23961) Pause Young (Normal) (G1 Evacuation Pause) 50M->42M(63M) 5.420ms
[2020-12-28T22:05:59.074-0500][gc,cpu         ] GC(23961) User=0.01s Sys=0.00s Real=0.00s
[2020-12-28T22:06:45.191-0500][gc,task        ] GC(23962) Using 5 workers of 8 for full compaction
[2020-12-28T22:06:45.191-0500][gc,start       ] GC(23962) Pause Full (System.gc())
[2020-12-28T22:06:45.191-0500][gc,heap        ] GC(23962) Heap before GC invocations=23962 (full 5538): garbage-first heap   total 64512K, used 45409K [0x0000000083000000, 0x0000000100000000)
[2020-12-28T22:06:45.191-0500][gc,heap        ] GC(23962)   region size 1024K, 4 young (4096K), 1 survivors (1024K)
[2020-12-28T22:06:45.191-0500][gc,heap        ] GC(23962)  Metaspace       used 50313K, capacity 52468K, committed 53888K, reserved 1093632K
[2020-12-28T22:06:45.191-0500][gc,heap        ] GC(23962)   class space    used 7457K, capacity 8250K, committed 8832K, reserved 1048576K
[2020-12-28T22:06:45.191-0500][gc,phases,start] GC(23962) Phase 1: Mark live objects
[2020-12-28T22:06:45.233-0500][gc,stringtable ] GC(23962) Cleaned string and symbol table, strings: 33320 processed, 4 removed, symbols: 120973 processed, 0 removed
[2020-12-28T22:06:45.233-0500][gc,phases      ] GC(23962) Phase 1: Mark live objects 41.769ms
[2020-12-28T22:06:45.233-0500][gc,phases,start] GC(23962) Phase 2: Prepare for compaction
[2020-12-28T22:06:45.236-0500][gc,phases      ] GC(23962) Phase 2: Prepare for compaction 3.174ms
[2020-12-28T22:06:45.236-0500][gc,phases,start] GC(23962) Phase 3: Adjust pointers
[2020-12-28T22:06:45.246-0500][gc,phases      ] GC(23962) Phase 3: Adjust pointers 9.543ms
[2020-12-28T22:06:45.246-0500][gc,phases,start] GC(23962) Phase 4: Compact heap
[2020-12-28T22:06:45.248-0500][gc,phases      ] GC(23962) Phase 4: Compact heap 2.601ms
[2020-12-28T22:06:45.253-0500][gc,heap        ] GC(23962) Eden regions: 3->0(9)
[2020-12-28T22:06:45.253-0500][gc,heap        ] GC(23962) Survivor regions: 1->0(2)
[2020-12-28T22:06:45.253-0500][gc,heap        ] GC(23962) Old regions: 42->42
[2020-12-28T22:06:45.253-0500][gc,heap        ] GC(23962) Humongous regions: 4->4
[2020-12-28T22:06:45.253-0500][gc,metaspace   ] GC(23962) Metaspace: 50313K->50313K(1093632K)
[2020-12-28T22:06:45.253-0500][gc,heap        ] GC(23962) Heap after GC invocations=23963 (full 5539): garbage-first heap   total 64512K, used 43324K [0x0000000083000000, 0x0000000100000000)
[2020-12-28T22:06:45.253-0500][gc,heap        ] GC(23962)   region size 1024K, 0 young (0K), 0 survivors (0K)
[2020-12-28T22:06:45.253-0500][gc,heap        ] GC(23962)  Metaspace       used 50313K, capacity 52468K, committed 53888K, reserved 1093632K
[2020-12-28T22:06:45.253-0500][gc,heap        ] GC(23962)   class space    used 7457K, capacity 8250K, committed 8832K, reserved 1048576K
[2020-12-28T22:06:45.253-0500][gc             ] GC(23962) Pause Full (System.gc()) 45M->42M(63M) 62.038ms
[2020-12-28T22:06:45.253-0500][gc,cpu         ] GC(23962) User=0.27s Sys=0.00s Real=0.06s
[2020-12-28T22:08:59.060-0500][gc,heap        ] GC(23963) Heap before GC invocations=23963 (full 5539): garbage-first heap   total 64512K, used 52540K [0x0000000083000000, 0x0000000100000000)
[2020-12-28T22:08:59.060-0500][gc,heap        ] GC(23963)   region size 1024K, 9 young (9216K), 0 survivors (0K)
[2020-12-28T22:08:59.060-0500][gc,heap        ] GC(23963)  Metaspace       used 50313K, capacity 52468K, committed 53888K, reserved 1093632K
[2020-12-28T22:08:59.060-0500][gc,heap        ] GC(23963)   class space    used 7457K, capacity 8250K, committed 8832K, reserved 1048576K
[2020-12-28T22:08:59.060-0500][gc,start       ] GC(23963) Pause Young (Normal) (G1 Evacuation Pause)
[2020-12-28T22:08:59.060-0500][gc,task        ] GC(23963) Using 8 workers of 8 for evacuation
[2020-12-28T22:08:59.065-0500][gc,phases      ] GC(23963)   Pre Evacuate Collection Set: 0.0ms
[2020-12-28T22:08:59.065-0500][gc,phases      ] GC(23963)   Evacuate Collection Set: 1.9ms
[2020-12-28T22:08:59.065-0500][gc,phases      ] GC(23963)   Post Evacuate Collection Set: 2.6ms
[2020-12-28T22:08:59.065-0500][gc,phases      ] GC(23963)   Other: 0.5ms
[2020-12-28T22:08:59.065-0500][gc,heap        ] GC(23963) Eden regions: 9->0(8)
[2020-12-28T22:08:59.065-0500][gc,heap        ] GC(23963) Survivor regions: 0->1(2)
[2020-12-28T22:08:59.065-0500][gc,heap        ] GC(23963) Old regions: 42->42
[2020-12-28T22:08:59.065-0500][gc,heap        ] GC(23963) Humongous regions: 4->4
[2020-12-28T22:08:59.065-0500][gc,metaspace   ] GC(23963) Metaspace: 50313K->50313K(1093632K)
[2020-12-28T22:08:59.065-0500][gc,heap        ] GC(23963) Heap after GC invocations=23964 (full 5539): garbage-first heap   total 64512K, used 43402K [0x0000000083000000, 0x0000000100000000)
[2020-12-28T22:08:59.065-0500][gc,heap        ] GC(23963)   region size 1024K, 1 young (1024K), 1 survivors (1024K)
[2020-12-28T22:08:59.065-0500][gc,heap        ] GC(23963)  Metaspace       used 50313K, capacity 52468K, committed 53888K, reserved 1093632K
[2020-12-28T22:08:59.065-0500][gc,heap        ] GC(23963)   class space    used 7457K, capacity 8250K, committed 8832K, reserved 1048576K
[2020-12-28T22:08:59.065-0500][gc             ] GC(23963) Pause Young (Normal) (G1 Evacuation Pause) 51M->42M(63M) 5.140ms
[2020-12-28T22:08:59.066-0500][gc,cpu         ] GC(23963) User=0.01s Sys=0.00s Real=0.00s
[2020-12-28T22:10:59.059-0500][gc,heap        ] GC(23964) Heap before GC invocations=23964 (full 5539): garbage-first heap   total 64512K, used 50570K [0x0000000083000000, 0x0000000100000000)
[2020-12-28T22:10:59.059-0500][gc,heap        ] GC(23964)   region size 1024K, 9 young (9216K), 1 survivors (1024K)
[2020-12-28T22:10:59.059-0500][gc,heap        ] GC(23964)  Metaspace       used 50313K, capacity 52468K, committed 53888K, reserved 1093632K
[2020-12-28T22:10:59.059-0500][gc,heap        ] GC(23964)   class space    used 7457K, capacity 8250K, committed 8832K, reserved 1048576K
[2020-12-28T22:10:59.059-0500][gc,start       ] GC(23964) Pause Young (Normal) (G1 Evacuation Pause)
[2020-12-28T22:10:59.059-0500][gc,task        ] GC(23964) Using 8 workers of 8 for evacuation
[2020-12-28T22:10:59.061-0500][gc,phases      ] GC(23964)   Pre Evacuate Collection Set: 0.0ms
[2020-12-28T22:10:59.061-0500][gc,phases      ] GC(23964)   Evacuate Collection Set: 1.1ms
[2020-12-28T22:10:59.061-0500][gc,phases      ] GC(23964)   Post Evacuate Collection Set: 1.3ms
[2020-12-28T22:10:59.061-0500][gc,phases      ] GC(23964)   Other: 0.3ms
[2020-12-28T22:10:59.061-0500][gc,heap        ] GC(23964) Eden regions: 8->0(8)
[2020-12-28T22:10:59.061-0500][gc,heap        ] GC(23964) Survivor regions: 1->1(2)
[2020-12-28T22:10:59.061-0500][gc,heap        ] GC(23964) Old regions: 42->42
[2020-12-28T22:10:59.062-0500][gc,heap        ] GC(23964) Humongous regions: 4->4
[2020-12-28T22:10:59.062-0500][gc,metaspace   ] GC(23964) Metaspace: 50313K->50313K(1093632K)
[2020-12-28T22:10:59.062-0500][gc,heap        ] GC(23964) Heap after GC invocations=23965 (full 5539): garbage-first heap   total 64512K, used 43401K [0x0000000083000000, 0x0000000100000000)
[2020-12-28T22:10:59.062-0500][gc,heap        ] GC(23964)   region size 1024K, 1 young (1024K), 1 survivors (1024K)
[2020-12-28T22:10:59.062-0500][gc,heap        ] GC(23964)  Metaspace       used 50313K, capacity 52468K, committed 53888K, reserved 1093632K
[2020-12-28T22:10:59.062-0500][gc,heap        ] GC(23964)   class space    used 7457K, capacity 8250K, committed 8832K, reserved 1048576K
[2020-12-28T22:10:59.062-0500][gc             ] GC(23964) Pause Young (Normal) (G1 Evacuation Pause) 50M->42M(63M) 2.894ms
[2020-12-28T22:10:59.062-0500][gc,cpu         ] GC(23964) User=0.00s Sys=0.00s Real=0.00s
[2020-12-28T22:11:45.189-0500][gc,task        ] GC(23965) Using 5 workers of 8 for full compaction
[2020-12-28T22:11:45.189-0500][gc,start       ] GC(23965) Pause Full (System.gc())
[2020-12-28T22:11:45.189-0500][gc,heap        ] GC(23965) Heap before GC invocations=23965 (full 5539): garbage-first heap   total 64512K, used 46473K [0x0000000083000000, 0x0000000100000000)
[2020-12-28T22:11:45.189-0500][gc,heap        ] GC(23965)   region size 1024K, 5 young (5120K), 1 survivors (1024K)
[2020-12-28T22:11:45.189-0500][gc,heap        ] GC(23965)  Metaspace       used 50313K, capacity 52468K, committed 53888K, reserved 1093632K
[2020-12-28T22:11:45.189-0500][gc,heap        ] GC(23965)   class space    used 7457K, capacity 8250K, committed 8832K, reserved 1048576K
[2020-12-28T22:11:45.189-0500][gc,phases,start] GC(23965) Phase 1: Mark live objects
[2020-12-28T22:11:45.213-0500][gc,stringtable ] GC(23965) Cleaned string and symbol table, strings: 33320 processed, 4 removed, symbols: 120973 processed, 0 removed
[2020-12-28T22:11:45.213-0500][gc,phases      ] GC(23965) Phase 1: Mark live objects 23.700ms
[2020-12-28T22:11:45.213-0500][gc,phases,start] GC(23965) Phase 2: Prepare for compaction
[2020-12-28T22:11:45.216-0500][gc,phases      ] GC(23965) Phase 2: Prepare for compaction 3.304ms
[2020-12-28T22:11:45.217-0500][gc,phases,start] GC(23965) Phase 3: Adjust pointers
[2020-12-28T22:11:45.226-0500][gc,phases      ] GC(23965) Phase 3: Adjust pointers 9.414ms
[2020-12-28T22:11:45.226-0500][gc,phases,start] GC(23965) Phase 4: Compact heap
[2020-12-28T22:11:45.229-0500][gc,phases      ] GC(23965) Phase 4: Compact heap 2.548ms
[2020-12-28T22:11:45.233-0500][gc,heap        ] GC(23965) Eden regions: 4->0(10)
[2020-12-28T22:11:45.233-0500][gc,heap        ] GC(23965) Survivor regions: 1->0(2)
[2020-12-28T22:11:45.233-0500][gc,heap        ] GC(23965) Old regions: 42->41
[2020-12-28T22:11:45.233-0500][gc,heap        ] GC(23965) Humongous regions: 4->4
[2020-12-28T22:11:45.233-0500][gc,metaspace   ] GC(23965) Metaspace: 50313K->50313K(1093632K)
[2020-12-28T22:11:45.233-0500][gc,heap        ] GC(23965) Heap after GC invocations=23966 (full 5540): garbage-first heap   total 64512K, used 43324K [0x0000000083000000, 0x0000000100000000)
[2020-12-28T22:11:45.233-0500][gc,heap        ] GC(23965)   region size 1024K, 0 young (0K), 0 survivors (0K)
[2020-12-28T22:11:45.233-0500][gc,heap        ] GC(23965)  Metaspace       used 50313K, capacity 52468K, committed 53888K, reserved 1093632K
[2020-12-28T22:11:45.233-0500][gc,heap        ] GC(23965)   class space    used 7457K, capacity 8250K, committed 8832K, reserved 1048576K
[2020-12-28T22:11:45.233-0500][gc             ] GC(23965) Pause Full (System.gc()) 45M->42M(63M) 43.740ms
[2020-12-28T22:11:45.233-0500][gc,cpu         ] GC(23965) User=0.18s Sys=0.00s Real=0.04s
[2020-12-28T22:14:16.206-0500][gc,heap        ] GC(23966) Heap before GC invocations=23966 (full 5540): garbage-first heap   total 64512K, used 52540K [0x0000000083000000, 0x0000000100000000)
[2020-12-28T22:14:16.206-0500][gc,heap        ] GC(23966)   region size 1024K, 10 young (10240K), 0 survivors (0K)
[2020-12-28T22:14:16.206-0500][gc,heap        ] GC(23966)  Metaspace       used 50313K, capacity 52468K, committed 53888K, reserved 1093632K
[2020-12-28T22:14:16.206-0500][gc,heap        ] GC(23966)   class space    used 7457K, capacity 8250K, committed 8832K, reserved 1048576K
[2020-12-28T22:14:16.206-0500][gc,start       ] GC(23966) Pause Young (Normal) (G1 Evacuation Pause)
[2020-12-28T22:14:16.206-0500][gc,task        ] GC(23966) Using 8 workers of 8 for evacuation
[2020-12-28T22:14:16.239-0500][gc,phases      ] GC(23966)   Pre Evacuate Collection Set: 0.0ms
[2020-12-28T22:14:16.239-0500][gc,phases      ] GC(23966)   Evacuate Collection Set: 31.5ms
[2020-12-28T22:14:16.239-0500][gc,phases      ] GC(23966)   Post Evacuate Collection Set: 1.1ms
[2020-12-28T22:14:16.239-0500][gc,phases      ] GC(23966)   Other: 0.5ms
[2020-12-28T22:14:16.239-0500][gc,heap        ] GC(23966) Eden regions: 10->0(9)
[2020-12-28T22:14:16.239-0500][gc,heap        ] GC(23966) Survivor regions: 0->1(2)
[2020-12-28T22:14:16.239-0500][gc,heap        ] GC(23966) Old regions: 41->41
[2020-12-28T22:14:16.239-0500][gc,heap        ] GC(23966) Humongous regions: 4->4
[2020-12-28T22:14:16.239-0500][gc,metaspace   ] GC(23966) Metaspace: 50313K->50313K(1093632K)
